2025-02-10 16:34:37.913 21 INFO cinder.api.openstack.wsgi [None req-e0597f0c-15ff-40c8-a11d-620a0b4255c0 24dd6234408f4a5185689d629851b7bb 477f07ce3f6f48718c6f2eb8553fbc91 - - default default] http://[LB_IP_ADDRESS]:8776/v3/477f07ce3f6f48718c6f2eb8553fbc91/groups/63a7c9ad-ed30-4df3-a3b0-8cd2e77afffe/action returned with HTTP 202
2025-02-10 16:34:37.924 22 INFO cinder.api.openstack.wsgi [None req-5ea4ef88-b2a2-4de4-8edd-de58a43bbac7 24dd6234408f4a5185689d629851b7bb 477f07ce3f6f48718c6f2eb8553fbc91 - - default default] GET http://[LB_IP_ADDRESS]:8776/v3/477f07ce3f6f48718c6f2eb8553fbc91/volumes/e9e5de8b-c88f-4ad6-b5fb-aff2fe0186a1
2025-02-10 16:34:37.947 22 INFO cinder.volume.api [None req-5ea4ef88-b2a2-4de4-8edd-de58a43bbac7 24dd6234408f4a5185689d629851b7bb 477f07ce3f6f48718c6f2eb8553fbc91 - - default default] Volume info retrieved successfully.
2025-02-10 16:34:37.974 22 INFO cinder.api.openstack.wsgi [None req-5ea4ef88-b2a2-4de4-8edd-de58a43bbac7 24dd6234408f4a5185689d629851b7bb 477f07ce3f6f48718c6f2eb8553fbc91 - - default default] http://[LB_IP_ADDRESS]:8776/v3/477f07ce3f6f48718c6f2eb8553fbc91/volumes/e9e5de8b-c88f-4ad6-b5fb-aff2fe0186a1 returned with HTTP 200
2025-02-10 16:34:39.001 25 INFO cinder.api.openstack.wsgi [None req-5cab78a4-ad5b-4266-a5a1-0ba248f30254 24dd6234408f4a5185689d629851b7bb 477f07ce3f6f48718c6f2eb8553fbc91 - - default default] GET http://[LB_IP_ADDRESS]:8776/v3/477f07ce3f6f48718c6f2eb8553fbc91/volumes/e9e5de8b-c88f-4ad6-b5fb-aff2fe0186a1
2025-02-10 16:34:39.012 25 INFO cinder.api.openstack.wsgi [None req-5cab78a4-ad5b-4266-a5a1-0ba248f30254 24dd6234408f4a5185689d629851b7bb 477f07ce3f6f48718c6f2eb8553fbc91 - - default default] http://[LB_IP_ADDRESS]:8776/v3/477f07ce3f6f48718c6f2eb8553fbc91/volumes/e9e5de8b-c88f-4ad6-b5fb-aff2fe0186a1 returned with HTTP 404
2025-02-10 16:34:39.023 24 INFO cinder.api.openstack.wsgi [None req-51c2bfd4-8d96-4109-ad04-95c678abf06a 24dd6234408f4a5185689d629851b7bb 477f07ce3f6f48718c6f2eb8553fbc91 - - default default] GET http://[LB_IP_ADDRESS]:8776/v3/477f07ce3f6f48718c6f2eb8553fbc91/volumes/2ef54670-7c2b-4275-a5ed-4270102afc32
2025-02-10 16:34:39.037 24 INFO cinder.api.openstack.wsgi [None req-51c2bfd4-8d96-4109-ad04-95c678abf06a 24dd6234408f4a5185689d629851b7bb 477f07ce3f6f48718c6f2eb8553fbc91 - - default default] http://[LB_IP_ADDRESS]:8776/v3/477f07ce3f6f48718c6f2eb8553fbc91/volumes/2ef54670-7c2b-4275-a5ed-4270102afc32 returned with HTTP 404
2025-02-10 16:34:39.047 23 INFO cinder.api.openstack.wsgi [None req-40c87d3e-cd45-421c-a94e-b92e37c37974 24dd6234408f4a5185689d629851b7bb 477f07ce3f6f48718c6f2eb8553fbc91 - - default default] GET http://[LB_IP_ADDRESS]:8776/v3/477f07ce3f6f48718c6f2eb8553fbc91/groups/63a7c9ad-ed30-4df3-a3b0-8cd2e77afffe
2025-02-10 16:34:39.053 23 INFO cinder.api.openstack.wsgi [None req-40c87d3e-cd45-421c-a94e-b92e37c37974 24dd6234408f4a5185689d629851b7bb 477f07ce3f6f48718c6f2eb8553fbc91 - - default default] http://[LB_IP_ADDRESS]:8776/v3/477f07ce3f6f48718c6f2eb8553fbc91/groups/63a7c9ad-ed30-4df3-a3b0-8cd2e77afffe returned with HTTP 404
2025-02-10 16:34:39.065 21 INFO cinder.api.openstack.wsgi [None req-cf91f5f1-369b-46e1-9573-4c8520d8e250 6a8433b3e3834ac5b31e54ce26b4366c d3edc7c0d378458bb7cfb10fe9047c89 - - default default] DELETE http://[LB_IP_ADDRESS]:8776/v3/d3edc7c0d378458bb7cfb10fe9047c89/group_types/2ad15a3a-1935-40f5-aa16-a7cb118aad72
2025-02-10 16:34:39.086 21 INFO cinder.api.openstack.wsgi [None req-cf91f5f1-369b-46e1-9573-4c8520d8e250 6a8433b3e3834ac5b31e54ce26b4366c d3edc7c0d378458bb7cfb10fe9047c89 - - default default] http://[LB_IP_ADDRESS]:8776/v3/d3edc7c0d378458bb7cfb10fe9047c89/group_types/2ad15a3a-1935-40f5-aa16-a7cb118aad72 returned with HTTP 202
2025-02-10 16:34:39.098 22 INFO cinder.api.openstack.wsgi [None req-f96d271f-3150-4a98-bf01-764881ca2340 6a8433b3e3834ac5b31e54ce26b4366c d3edc7c0d378458bb7cfb10fe9047c89 - - default default] DELETE http://[LB_IP_ADDRESS]:8776/v3/d3edc7c0d378458bb7cfb10fe9047c89/types/469fa913-355c-4ef3-af20-adc8e5852c24
2025-02-10 16:34:39.144 22 INFO cinder.api.openstack.wsgi [None req-f96d271f-3150-4a98-bf01-764881ca2340 6a8433b3e3834ac5b31e54ce26b4366c d3edc7c0d378458bb7cfb10fe9047c89 - - default default] http://[LB_IP_ADDRESS]:8776/v3/d3edc7c0d378458bb7cfb10fe9047c89/types/469fa913-355c-4ef3-af20-adc8e5852c24 returned with HTTP 202
2025-02-10 16:34:39.156 25 INFO cinder.api.openstack.wsgi [None req-27abc7c3-5961-4b07-98f2-93dc3edd793b 6a8433b3e3834ac5b31e54ce26b4366c d3edc7c0d378458bb7cfb10fe9047c89 - - default default] GET http://[LB_IP_ADDRESS]:8776/v3/d3edc7c0d378458bb7cfb10fe9047c89/types/469fa913-355c-4ef3-af20-adc8e5852c24
2025-02-10 16:34:39.162 25 INFO cinder.api.openstack.wsgi [None req-27abc7c3-5961-4b07-98f2-93dc3edd793b 6a8433b3e3834ac5b31e54ce26b4366c d3edc7c0d378458bb7cfb10fe9047c89 - - default default] http://[LB_IP_ADDRESS]:8776/v3/d3edc7c0d378458bb7cfb10fe9047c89/types/469fa913-355c-4ef3-af20-adc8e5852c24 returned with HTTP 404
2025-02-10 16:34:39.185 24 INFO cinder.api.openstack.wsgi [None req-8ec2de57-c751-4472-902c-afdef6af40c4 6a8433b3e3834ac5b31e54ce26b4366c d3edc7c0d378458bb7cfb10fe9047c89 - - default default] POST http://[LB_IP_ADDRESS]:8776/v3/d3edc7c0d378458bb7cfb10fe9047c89/types
2025-02-10 16:34:39.210 24 INFO cinder.api.openstack.wsgi [None req-8ec2de57-c751-4472-902c-afdef6af40c4 6a8433b3e3834ac5b31e54ce26b4366c d3edc7c0d378458bb7cfb10fe9047c89 - - default default] http://[LB_IP_ADDRESS]:8776/v3/d3edc7c0d378458bb7cfb10fe9047c89/types returned with HTTP 200
2025-02-10 16:34:39.224 21 INFO cinder.api.openstack.wsgi [None req-732d1241-5c65-4ab0-b598-167b1a629b8a 6a8433b3e3834ac5b31e54ce26b4366c d3edc7c0d378458bb7cfb10fe9047c89 - - default default] POST http://[LB_IP_ADDRESS]:8776/v3/d3edc7c0d378458bb7cfb10fe9047c89/group_types
2025-02-10 16:34:39.250 21 INFO cinder.api.openstack.wsgi [None req-732d1241-5c65-4ab0-b598-167b1a629b8a 6a8433b3e3834ac5b31e54ce26b4366c d3edc7c0d378458bb7cfb10fe9047c89 - - default default] http://[LB_IP_ADDRESS]:8776/v3/d3edc7c0d378458bb7cfb10fe9047c89/group_types returned with HTTP 202
2025-02-10 16:34:39.264 22 INFO cinder.api.openstack.wsgi [None req-d5f171cf-e808-45bc-b6b9-a03d7a92a29e 24dd6234408f4a5185689d629851b7bb 477f07ce3f6f48718c6f2eb8553fbc91 - - default default] POST http://[LB_IP_ADDRESS]:8776/v3/477f07ce3f6f48718c6f2eb8553fbc91/groups
2025-02-10 16:34:39.277 22 INFO cinder.api.v3.groups [None req-d5f171cf-e808-45bc-b6b9-a03d7a92a29e 24dd6234408f4a5185689d629851b7bb 477f07ce3f6f48718c6f2eb8553fbc91 - - default default] Creating group tempest-GroupSnapshotsTest-Group-948376498.
2025-02-10 16:34:39.288 22 INFO cinder.volume.api [None req-d5f171cf-e808-45bc-b6b9-a03d7a92a29e 24dd6234408f4a5185689d629851b7bb 477f07ce3f6f48718c6f2eb8553fbc91 - - default default] Availability Zones retrieved successfully.
2025-02-10 16:34:39.360 22 INFO cinder.api.openstack.wsgi [None req-d5f171cf-e808-45bc-b6b9-a03d7a92a29e 24dd6234408f4a5185689d629851b7bb 477f07ce3f6f48718c6f2eb8553fbc91 - - default default] http://[LB_IP_ADDRESS]:8776/v3/477f07ce3f6f48718c6f2eb8553fbc91/groups returned with HTTP 202
2025-02-10 16:34:39.371 25 INFO cinder.api.openstack.wsgi [None req-a3097f98-4294-491f-b45e-3afbdb84c39f 24dd6234408f4a5185689d629851b7bb 477f07ce3f6f48718c6f2eb8553fbc91 - - default default] GET http://[LB_IP_ADDRESS]:8776/v3/477f07ce3f6f48718c6f2eb8553fbc91/groups/3e14fa8f-3d91-42f6-99ea-c8d5a2a473d0
2025-02-10 16:34:39.386 23 INFO cinder.api.openstack.wsgi [None req-377be284-e3a2-4e6d-9b04-22c4e94982ae 90d9b15db0964cd4913687a634fc77d0 08558fdf71904f1993e75d436f4f636d - - default default] POST http://[LB_IP_ADDRESS]:8776/v3/08558fdf71904f1993e75d436f4f636d/types
2025-02-10 16:34:39.389 25 INFO cinder.api.openstack.wsgi [None req-a3097f98-4294-491f-b45e-3afbdb84c39f 24dd6234408f4a5185689d629851b7bb 477f07ce3f6f48718c6f2eb8553fbc91 - - default default] http://[LB_IP_ADDRESS]:8776/v3/477f07ce3f6f48718c6f2eb8553fbc91/groups/3e14fa8f-3d91-42f6-99ea-c8d5a2a473d0 returned with HTTP 200
2025-02-10 16:34:39.408 23 INFO cinder.api.openstack.wsgi [None req-377be284-e3a2-4e6d-9b04-22c4e94982ae 90d9b15db0964cd4913687a634fc77d0 08558fdf71904f1993e75d436f4f636d - - default default] http://[LB_IP_ADDRESS]:8776/v3/08558fdf71904f1993e75d436f4f636d/types returned with HTTP 200
2025-02-10 16:34:39.420 24 INFO cinder.api.openstack.wsgi [None req-52041c0d-42a9-4d92-abd9-ab3cff013202 90d9b15db0964cd4913687a634fc77d0 08558fdf71904f1993e75d436f4f636d - - default default] POST http://[LB_IP_ADDRESS]:8776/v3/08558fdf71904f1993e75d436f4f636d/group_types
2025-02-10 16:34:39.438 24 INFO cinder.api.openstack.wsgi [None req-52041c0d-42a9-4d92-abd9-ab3cff013202 90d9b15db0964cd4913687a634fc77d0 08558fdf71904f1993e75d436f4f636d - - default default] http://[LB_IP_ADDRESS]:8776/v3/08558fdf71904f1993e75d436f4f636d/group_types returned with HTTP 202
2025-02-10 16:34:39.628 21 INFO cinder.api.openstack.wsgi [None req-31e0b9ef-c52f-4b21-9329-dee9e382f765 d4ec693c875e458485a124d2f0fac89c 82c7436553fe4c9289515915f4a58fd2 - - default default] POST http://[LB_IP_ADDRESS]:8776/v3/82c7436553fe4c9289515915f4a58fd2/groups
2025-02-10 16:34:39.660 21 INFO cinder.api.v3.groups [None req-31e0b9ef-c52f-4b21-9329-dee9e382f765 d4ec693c875e458485a124d2f0fac89c 82c7436553fe4c9289515915f4a58fd2 - - default default] Creating group tempest-GroupsV314Test-Group-1647943682.
2025-02-10 16:34:39.682 21 INFO cinder.volume.api [None req-31e0b9ef-c52f-4b21-9329-dee9e382f765 d4ec693c875e458485a124d2f0fac89c 82c7436553fe4c9289515915f4a58fd2 - - default default] Availability Zones retrieved successfully.
2025-02-10 16:34:39.755 21 INFO cinder.api.openstack.wsgi [None req-31e0b9ef-c52f-4b21-9329-dee9e382f765 d4ec693c875e458485a124d2f0fac89c 82c7436553fe4c9289515915f4a58fd2 - - default default] http://[LB_IP_ADDRESS]:8776/v3/82c7436553fe4c9289515915f4a58fd2/groups returned with HTTP 202
2025-02-10 16:34:39.768 22 INFO cinder.api.openstack.wsgi [None req-8ef64a7f-1d51-4048-847c-47c31cc9120c d4ec693c875e458485a124d2f0fac89c 82c7436553fe4c9289515915f4a58fd2 - - default default] GET http://[LB_IP_ADDRESS]:8776/v3/82c7436553fe4c9289515915f4a58fd2/groups/b5b9e153-6dd5-4e0d-9eed-ac25fa4ba777
2025-02-10 16:34:39.790 22 INFO cinder.api.openstack.wsgi [None req-8ef64a7f-1d51-4048-847c-47c31cc9120c d4ec693c875e458485a124d2f0fac89c 82c7436553fe4c9289515915f4a58fd2 - - default default] http://[LB_IP_ADDRESS]:8776/v3/82c7436553fe4c9289515915f4a58fd2/groups/b5b9e153-6dd5-4e0d-9eed-ac25fa4ba777 returned with HTTP 200
2025-02-10 16:34:40.406 25 INFO cinder.api.openstack.wsgi [None req-677dc12e-bfc4-43f1-9370-567445963bfc 24dd6234408f4a5185689d629851b7bb 477f07ce3f6f48718c6f2eb8553fbc91 - - default default] GET http://[LB_IP_ADDRESS]:8776/v3/477f07ce3f6f48718c6f2eb8553fbc91/groups/3e14fa8f-3d91-42f6-99ea-c8d5a2a473d0
2025-02-10 16:34:40.428 25 INFO cinder.api.openstack.wsgi [None req-677dc12e-bfc4-43f1-9370-567445963bfc 24dd6234408f4a5185689d629851b7bb 477f07ce3f6f48718c6f2eb8553fbc91 - - default default] http://[LB_IP_ADDRESS]:8776/v3/477f07ce3f6f48718c6f2eb8553fbc91/groups/3e14fa8f-3d91-42f6-99ea-c8d5a2a473d0 returned with HTTP 200
2025-02-10 16:34:40.444 23 INFO cinder.api.openstack.wsgi [None req-e18c46f5-1b94-496d-bba7-8cf7c2572013 24dd6234408f4a5185689d629851b7bb 477f07ce3f6f48718c6f2eb8553fbc91 - - default default] POST http://[LB_IP_ADDRESS]:8776/v3/477f07ce3f6f48718c6f2eb8553fbc91/volumes
2025-02-10 16:34:40.461 23 INFO cinder.api.v3.volumes [None req-e18c46f5-1b94-496d-bba7-8cf7c2572013 24dd6234408f4a5185689d629851b7bb 477f07ce3f6f48718c6f2eb8553fbc91 - - default default] Create volume of 1 GB
2025-02-10 16:34:40.472 23 INFO cinder.volume.api [None req-e18c46f5-1b94-496d-bba7-8cf7c2572013 24dd6234408f4a5185689d629851b7bb 477f07ce3f6f48718c6f2eb8553fbc91 - - default default] Availability Zones retrieved successfully.
2025-02-10 16:34:40.568 23 WARNING cinder.quota [None req-e18c46f5-1b94-496d-bba7-8cf7c2572013 24dd6234408f4a5185689d629851b7bb 477f07ce3f6f48718c6f2eb8553fbc91 - - default default] Deprecated: Default quota for resource: volumes_tempest-GroupSnapshotsTest-volume-type-1990008538 is set by the default quota flag: quota_volumes_tempest-GroupSnapshotsTest-volume-type-1990008538, it is now deprecated. Please use the default quota class for default quota.
2025-02-10 16:34:40.568 23 WARNING cinder.quota [None req-e18c46f5-1b94-496d-bba7-8cf7c2572013 24dd6234408f4a5185689d629851b7bb 477f07ce3f6f48718c6f2eb8553fbc91 - - default default] Deprecated: Default quota for resource: gigabytes_tempest-GroupSnapshotsTest-volume-type-1990008538 is set by the default quota flag: quota_gigabytes_tempest-GroupSnapshotsTest-volume-type-1990008538, it is now deprecated. Please use the default quota class for default quota.
2025-02-10 16:34:40.700 23 INFO cinder.volume.api [None req-e18c46f5-1b94-496d-bba7-8cf7c2572013 24dd6234408f4a5185689d629851b7bb 477f07ce3f6f48718c6f2eb8553fbc91 - - default default] Create volume request issued successfully.
2025-02-10 16:34:40.724 23 INFO cinder.api.openstack.wsgi [None req-e18c46f5-1b94-496d-bba7-8cf7c2572013 24dd6234408f4a5185689d629851b7bb 477f07ce3f6f48718c6f2eb8553fbc91 - - default default] http://[LB_IP_ADDRESS]:8776/v3/477f07ce3f6f48718c6f2eb8553fbc91/volumes returned with HTTP 202
2025-02-10 16:34:40.749 24 INFO cinder.api.openstack.wsgi [None req-7f905314-af0a-4c7c-926f-5a382deb8dff 24dd6234408f4a5185689d629851b7bb 477f07ce3f6f48718c6f2eb8553fbc91 - - default default] GET http://[LB_IP_ADDRESS]:8776/v3/477f07ce3f6f48718c6f2eb8553fbc91/volumes/ba524fa8-caa6-434d-ba72-1286f24922d0
2025-02-10 16:34:40.774 24 INFO cinder.volume.api [None req-7f905314-af0a-4c7c-926f-5a382deb8dff 24dd6234408f4a5185689d629851b7bb 477f07ce3f6f48718c6f2eb8553fbc91 - - default default] Volume info retrieved successfully.
2025-02-10 16:34:40.799 24 INFO cinder.api.openstack.wsgi [None req-7f905314-af0a-4c7c-926f-5a382deb8dff 24dd6234408f4a5185689d629851b7bb 477f07ce3f6f48718c6f2eb8553fbc91 - - default default] http://[LB_IP_ADDRESS]:8776/v3/477f07ce3f6f48718c6f2eb8553fbc91/volumes/ba524fa8-caa6-434d-ba72-1286f24922d0 returned with HTTP 200
2025-02-10 16:34:40.811 21 INFO cinder.api.openstack.wsgi [None req-941cde04-eece-402d-b920-b3a4bbcb2668 d4ec693c875e458485a124d2f0fac89c 82c7436553fe4c9289515915f4a58fd2 - - default default] GET http://[LB_IP_ADDRESS]:8776/v3/82c7436553fe4c9289515915f4a58fd2/groups/b5b9e153-6dd5-4e0d-9eed-ac25fa4ba777
2025-02-10 16:34:40.832 21 INFO cinder.api.openstack.wsgi [None req-941cde04-eece-402d-b920-b3a4bbcb2668 d4ec693c875e458485a124d2f0fac89c 82c7436553fe4c9289515915f4a58fd2 - - default default] http://[LB_IP_ADDRESS]:8776/v3/82c7436553fe4c9289515915f4a58fd2/groups/b5b9e153-6dd5-4e0d-9eed-ac25fa4ba777 returned with HTTP 200
2025-02-10 16:34:40.848 22 INFO cinder.api.openstack.wsgi [None req-34ee76d6-039c-4b57-bfd9-c41aebb55d83 d4ec693c875e458485a124d2f0fac89c 82c7436553fe4c9289515915f4a58fd2 - - default default] POST http://[LB_IP_ADDRESS]:8776/v3/82c7436553fe4c9289515915f4a58fd2/volumes
2025-02-10 16:34:40.865 22 INFO cinder.api.v3.volumes [None req-34ee76d6-039c-4b57-bfd9-c41aebb55d83 d4ec693c875e458485a124d2f0fac89c 82c7436553fe4c9289515915f4a58fd2 - - default default] Create volume of 1 GB
2025-02-10 16:34:40.874 22 INFO cinder.volume.api [None req-34ee76d6-039c-4b57-bfd9-c41aebb55d83 d4ec693c875e458485a124d2f0fac89c 82c7436553fe4c9289515915f4a58fd2 - - default default] Availability Zones retrieved successfully.
2025-02-10 16:34:40.975 22 WARNING cinder.quota [None req-34ee76d6-039c-4b57-bfd9-c41aebb55d83 d4ec693c875e458485a124d2f0fac89c 82c7436553fe4c9289515915f4a58fd2 - - default default] Deprecated: Default quota for resource: volumes_tempest-GroupsV314Test-volume-type-1964222498 is set by the default quota flag: quota_volumes_tempest-GroupsV314Test-volume-type-1964222498, it is now deprecated. Please use the default quota class for default quota.
2025-02-10 16:34:40.976 22 WARNING cinder.quota [None req-34ee76d6-039c-4b57-bfd9-c41aebb55d83 d4ec693c875e458485a124d2f0fac89c 82c7436553fe4c9289515915f4a58fd2 - - default default] Deprecated: Default quota for resource: gigabytes_tempest-GroupsV314Test-volume-type-1964222498 is set by the default quota flag: quota_gigabytes_tempest-GroupsV314Test-volume-type-1964222498, it is now deprecated. Please use the default quota class for default quota.
2025-02-10 16:34:41.087 22 INFO cinder.volume.api [None req-34ee76d6-039c-4b57-bfd9-c41aebb55d83 d4ec693c875e458485a124d2f0fac89c 82c7436553fe4c9289515915f4a58fd2 - - default default] Create volume request issued successfully.
2025-02-10 16:34:41.106 22 INFO cinder.api.openstack.wsgi [None req-34ee76d6-039c-4b57-bfd9-c41aebb55d83 d4ec693c875e458485a124d2f0fac89c 82c7436553fe4c9289515915f4a58fd2 - - default default] http://[LB_IP_ADDRESS]:8776/v3/82c7436553fe4c9289515915f4a58fd2/volumes returned with HTTP 202
2025-02-10 16:34:41.132 25 INFO cinder.api.openstack.wsgi [None req-1321c6c2-668d-406c-b973-0b549e469dc7 d4ec693c875e458485a124d2f0fac89c 82c7436553fe4c9289515915f4a58fd2 - - default default] GET http://[LB_IP_ADDRESS]:8776/v3/82c7436553fe4c9289515915f4a58fd2/volumes/303d9601-863b-4f27-88a3-328cb184eb6c
2025-02-10 16:34:41.156 25 INFO cinder.volume.api [None req-1321c6c2-668d-406c-b973-0b549e469dc7 d4ec693c875e458485a124d2f0fac89c 82c7436553fe4c9289515915f4a58fd2 - - default default] Volume info retrieved successfully.
2025-02-10 16:34:41.182 25 INFO cinder.api.openstack.wsgi [None req-1321c6c2-668d-406c-b973-0b549e469dc7 d4ec693c875e458485a124d2f0fac89c 82c7436553fe4c9289515915f4a58fd2 - - default default] http://[LB_IP_ADDRESS]:8776/v3/82c7436553fe4c9289515915f4a58fd2/volumes/303d9601-863b-4f27-88a3-328cb184eb6c returned with HTTP 200
2025-02-10 16:34:41.831 23 INFO cinder.api.openstack.wsgi [None req-c15af317-9e8a-4d24-a0d0-8e85d591fb4a 24dd6234408f4a5185689d629851b7bb 477f07ce3f6f48718c6f2eb8553fbc91 - - default default] GET http://[LB_IP_ADDRESS]:8776/v3/477f07ce3f6f48718c6f2eb8553fbc91/volumes/ba524fa8-caa6-434d-ba72-1286f24922d0
2025-02-10 16:34:41.857 23 INFO cinder.volume.api [None req-c15af317-9e8a-4d24-a0d0-8e85d591fb4a 24dd6234408f4a5185689d629851b7bb 477f07ce3f6f48718c6f2eb8553fbc91 - - default default] Volume info retrieved successfully.
2025-02-10 16:34:41.888 23 INFO cinder.api.openstack.wsgi [None req-c15af317-9e8a-4d24-a0d0-8e85d591fb4a 24dd6234408f4a5185689d629851b7bb 477f07ce3f6f48718c6f2eb8553fbc91 - - default default] http://[LB_IP_ADDRESS]:8776/v3/477f07ce3f6f48718c6f2eb8553fbc91/volumes/ba524fa8-caa6-434d-ba72-1286f24922d0 returned with HTTP 200
2025-02-10 16:34:42.212 24 INFO cinder.api.openstack.wsgi [None req-381c2a5c-fd45-46de-abcd-157a73aea240 d4ec693c875e458485a124d2f0fac89c 82c7436553fe4c9289515915f4a58fd2 - - default default] GET http://[LB_IP_ADDRESS]:8776/v3/82c7436553fe4c9289515915f4a58fd2/volumes/303d9601-863b-4f27-88a3-328cb184eb6c
2025-02-10 16:34:42.236 24 INFO cinder.volume.api [None req-381c2a5c-fd45-46de-abcd-157a73aea240 d4ec693c875e458485a124d2f0fac89c 82c7436553fe4c9289515915f4a58fd2 - - default default] Volume info retrieved successfully.
2025-02-10 16:34:42.261 24 INFO cinder.api.openstack.wsgi [None req-381c2a5c-fd45-46de-abcd-157a73aea240 d4ec693c875e458485a124d2f0fac89c 82c7436553fe4c9289515915f4a58fd2 - - default default] http://[LB_IP_ADDRESS]:8776/v3/82c7436553fe4c9289515915f4a58fd2/volumes/303d9601-863b-4f27-88a3-328cb184eb6c returned with HTTP 200
2025-02-10 16:34:42.779 21 INFO cinder.api.openstack.wsgi [None req-bdf59b65-8f04-410b-a136-17c565952e8f a294a8fed4414f75b2c325d27a9c96d1 11787f054a0942739f38e5fa29820dac - - default default] POST http://[LB_IP_ADDRESS]:8776/v3/11787f054a0942739f38e5fa29820dac/qos-specs
2025-02-10 16:34:42.804 21 INFO cinder.api.openstack.wsgi [None req-bdf59b65-8f04-410b-a136-17c565952e8f a294a8fed4414f75b2c325d27a9c96d1 11787f054a0942739f38e5fa29820dac - - default default] http://[LB_IP_ADDRESS]:8776/v3/11787f054a0942739f38e5fa29820dac/qos-specs returned with HTTP 200
2025-02-10 16:34:42.822 22 INFO cinder.api.openstack.wsgi [None req-e5805eb1-3ddf-435c-867d-2bb10aa3d76b a294a8fed4414f75b2c325d27a9c96d1 11787f054a0942739f38e5fa29820dac - - default default] POST http://[LB_IP_ADDRESS]:8776/v3/11787f054a0942739f38e5fa29820dac/types
2025-02-10 16:34:42.849 22 INFO cinder.api.openstack.wsgi [None req-e5805eb1-3ddf-435c-867d-2bb10aa3d76b a294a8fed4414f75b2c325d27a9c96d1 11787f054a0942739f38e5fa29820dac - - default default] http://[LB_IP_ADDRESS]:8776/v3/11787f054a0942739f38e5fa29820dac/types returned with HTTP 200
2025-02-10 16:34:42.864 25 INFO cinder.api.openstack.wsgi [None req-83663b99-83c0-49af-bbd0-b2cae349409d a294a8fed4414f75b2c325d27a9c96d1 11787f054a0942739f38e5fa29820dac - - default default] POST http://[LB_IP_ADDRESS]:8776/v3/11787f054a0942739f38e5fa29820dac/types
2025-02-10 16:34:42.892 25 INFO cinder.api.openstack.wsgi [None req-83663b99-83c0-49af-bbd0-b2cae349409d a294a8fed4414f75b2c325d27a9c96d1 11787f054a0942739f38e5fa29820dac - - default default] http://[LB_IP_ADDRESS]:8776/v3/11787f054a0942739f38e5fa29820dac/types returned with HTTP 200
2025-02-10 16:34:42.908 23 INFO cinder.api.openstack.wsgi [None req-27c66705-f1c5-4efa-af65-cc7602973f8a a294a8fed4414f75b2c325d27a9c96d1 11787f054a0942739f38e5fa29820dac - - default default] POST http://[LB_IP_ADDRESS]:8776/v3/11787f054a0942739f38e5fa29820dac/types
2025-02-10 16:34:42.917 24 INFO cinder.api.openstack.wsgi [None req-134fc5d1-60c4-4695-8afe-70b73b214b1f 24dd6234408f4a5185689d629851b7bb 477f07ce3f6f48718c6f2eb8553fbc91 - - default default] GET http://[LB_IP_ADDRESS]:8776/v3/477f07ce3f6f48718c6f2eb8553fbc91/volumes/ba524fa8-caa6-434d-ba72-1286f24922d0
2025-02-10 16:34:42.938 23 INFO cinder.api.openstack.wsgi [None req-27c66705-f1c5-4efa-af65-cc7602973f8a a294a8fed4414f75b2c325d27a9c96d1 11787f054a0942739f38e5fa29820dac - - default default] http://[LB_IP_ADDRESS]:8776/v3/11787f054a0942739f38e5fa29820dac/types returned with HTTP 200
2025-02-10 16:34:42.941 24 INFO cinder.volume.api [None req-134fc5d1-60c4-4695-8afe-70b73b214b1f 24dd6234408f4a5185689d629851b7bb 477f07ce3f6f48718c6f2eb8553fbc91 - - default default] Volume info retrieved successfully.
2025-02-10 16:34:42.955 21 INFO cinder.api.openstack.wsgi [None req-12f773e2-17a4-4246-aad7-3f32c572e617 a294a8fed4414f75b2c325d27a9c96d1 11787f054a0942739f38e5fa29820dac - - default default] GET http://[LB_IP_ADDRESS]:8776/v3/11787f054a0942739f38e5fa29820dac/qos-specs/d802afc3-4f43-40ef-ad2c-06cabfef0f86/associate?vol_type_id=9d82c8da-2288-4c0d-9500-a8c1e87950fd
2025-02-10 16:34:42.971 24 INFO cinder.api.openstack.wsgi [None req-134fc5d1-60c4-4695-8afe-70b73b214b1f 24dd6234408f4a5185689d629851b7bb 477f07ce3f6f48718c6f2eb8553fbc91 - - default default] http://[LB_IP_ADDRESS]:8776/v3/477f07ce3f6f48718c6f2eb8553fbc91/volumes/ba524fa8-caa6-434d-ba72-1286f24922d0 returned with HTTP 200
2025-02-10 16:34:42.986 21 INFO cinder.api.openstack.wsgi [None req-12f773e2-17a4-4246-aad7-3f32c572e617 a294a8fed4414f75b2c325d27a9c96d1 11787f054a0942739f38e5fa29820dac - - default default] http://[LB_IP_ADDRESS]:8776/v3/11787f054a0942739f38e5fa29820dac/qos-specs/d802afc3-4f43-40ef-ad2c-06cabfef0f86/associate?vol_type_id=9d82c8da-2288-4c0d-9500-a8c1e87950fd returned with HTTP 202
2025-02-10 16:34:42.999 25 INFO cinder.api.openstack.wsgi [None req-3c55a189-64a2-49b3-8aa8-3cb975e3b20c 24dd6234408f4a5185689d629851b7bb 477f07ce3f6f48718c6f2eb8553fbc91 - - default default] POST http://[LB_IP_ADDRESS]:8776/v3/477f07ce3f6f48718c6f2eb8553fbc91/group_snapshots
2025-02-10 16:34:43.000 22 INFO cinder.api.openstack.wsgi [None req-a88e6b5c-2ecd-44ca-9017-6190e732d707 a294a8fed4414f75b2c325d27a9c96d1 11787f054a0942739f38e5fa29820dac - - default default] GET http://[LB_IP_ADDRESS]:8776/v3/11787f054a0942739f38e5fa29820dac/qos-specs/d802afc3-4f43-40ef-ad2c-06cabfef0f86/associate?vol_type_id=5a9ded68-a296-4606-8cba-69dabdd54453
2025-02-10 16:34:43.017 25 INFO cinder.api.v3.group_snapshots [None req-3c55a189-64a2-49b3-8aa8-3cb975e3b20c 24dd6234408f4a5185689d629851b7bb 477f07ce3f6f48718c6f2eb8553fbc91 - - default default] Creating group_snapshot tempest-group_snapshot-2023416319.
2025-02-10 16:34:43.031 22 INFO cinder.api.openstack.wsgi [None req-a88e6b5c-2ecd-44ca-9017-6190e732d707 a294a8fed4414f75b2c325d27a9c96d1 11787f054a0942739f38e5fa29820dac - - default default] http://[LB_IP_ADDRESS]:8776/v3/11787f054a0942739f38e5fa29820dac/qos-specs/d802afc3-4f43-40ef-ad2c-06cabfef0f86/associate?vol_type_id=5a9ded68-a296-4606-8cba-69dabdd54453 returned with HTTP 202
2025-02-10 16:34:43.046 23 INFO cinder.api.openstack.wsgi [None req-5bb2b27e-1379-4436-a793-295a27ca7aab a294a8fed4414f75b2c325d27a9c96d1 11787f054a0942739f38e5fa29820dac - - default default] GET http://[LB_IP_ADDRESS]:8776/v3/11787f054a0942739f38e5fa29820dac/qos-specs/d802afc3-4f43-40ef-ad2c-06cabfef0f86/associate?vol_type_id=a7e46b27-a0c4-4b24-b34a-b24495dc74e4
2025-02-10 16:34:43.080 23 INFO cinder.api.openstack.wsgi [None req-5bb2b27e-1379-4436-a793-295a27ca7aab a294a8fed4414f75b2c325d27a9c96d1 11787f054a0942739f38e5fa29820dac - - default default] http://[LB_IP_ADDRESS]:8776/v3/11787f054a0942739f38e5fa29820dac/qos-specs/d802afc3-4f43-40ef-ad2c-06cabfef0f86/associate?vol_type_id=a7e46b27-a0c4-4b24-b34a-b24495dc74e4 returned with HTTP 202
2025-02-10 16:34:43.085 25 WARNING cinder.quota [None req-3c55a189-64a2-49b3-8aa8-3cb975e3b20c 24dd6234408f4a5185689d629851b7bb 477f07ce3f6f48718c6f2eb8553fbc91 - - default default] Deprecated: Default quota for resource: gigabytes_tempest-GroupSnapshotsTest-volume-type-1990008538 is set by the default quota flag: quota_gigabytes_tempest-GroupSnapshotsTest-volume-type-1990008538, it is now deprecated. Please use the default quota class for default quota.
2025-02-10 16:34:43.086 25 WARNING cinder.quota [None req-3c55a189-64a2-49b3-8aa8-3cb975e3b20c 24dd6234408f4a5185689d629851b7bb 477f07ce3f6f48718c6f2eb8553fbc91 - - default default] Deprecated: Default quota for resource: snapshots_tempest-GroupSnapshotsTest-volume-type-1990008538 is set by the default quota flag: quota_snapshots_tempest-GroupSnapshotsTest-volume-type-1990008538, it is now deprecated. Please use the default quota class for default quota.
2025-02-10 16:34:43.094 24 INFO cinder.api.openstack.wsgi [None req-b33b7524-8e59-4a68-afee-7c72b2627b2e a294a8fed4414f75b2c325d27a9c96d1 11787f054a0942739f38e5fa29820dac - - default default] GET http://[LB_IP_ADDRESS]:8776/v3/11787f054a0942739f38e5fa29820dac/qos-specs/d802afc3-4f43-40ef-ad2c-06cabfef0f86/associations
2025-02-10 16:34:43.112 24 INFO cinder.api.openstack.wsgi [None req-b33b7524-8e59-4a68-afee-7c72b2627b2e a294a8fed4414f75b2c325d27a9c96d1 11787f054a0942739f38e5fa29820dac - - default default] http://[LB_IP_ADDRESS]:8776/v3/11787f054a0942739f38e5fa29820dac/qos-specs/d802afc3-4f43-40ef-ad2c-06cabfef0f86/associations returned with HTTP 200
2025-02-10 16:34:43.128 21 INFO cinder.api.openstack.wsgi [None req-b250fdcc-b043-4abc-9014-d285c2d0237b a294a8fed4414f75b2c325d27a9c96d1 11787f054a0942739f38e5fa29820dac - - default default] GET http://[LB_IP_ADDRESS]:8776/v3/11787f054a0942739f38e5fa29820dac/qos-specs/d802afc3-4f43-40ef-ad2c-06cabfef0f86/disassociate?vol_type_id=9d82c8da-2288-4c0d-9500-a8c1e87950fd
2025-02-10 16:34:43.152 21 INFO cinder.api.openstack.wsgi [None req-b250fdcc-b043-4abc-9014-d285c2d0237b a294a8fed4414f75b2c325d27a9c96d1 11787f054a0942739f38e5fa29820dac - - default default] http://[LB_IP_ADDRESS]:8776/v3/11787f054a0942739f38e5fa29820dac/qos-specs/d802afc3-4f43-40ef-ad2c-06cabfef0f86/disassociate?vol_type_id=9d82c8da-2288-4c0d-9500-a8c1e87950fd returned with HTTP 202
2025-02-10 16:34:43.166 22 INFO cinder.api.openstack.wsgi [None req-29068d75-6904-4214-b6f2-25cd9651a96d a294a8fed4414f75b2c325d27a9c96d1 11787f054a0942739f38e5fa29820dac - - default default] GET http://[LB_IP_ADDRESS]:8776/v3/11787f054a0942739f38e5fa29820dac/qos-specs/d802afc3-4f43-40ef-ad2c-06cabfef0f86/associations
2025-02-10 16:34:43.170 25 INFO cinder.api.openstack.wsgi [None req-3c55a189-64a2-49b3-8aa8-3cb975e3b20c 24dd6234408f4a5185689d629851b7bb 477f07ce3f6f48718c6f2eb8553fbc91 - - default default] http://[LB_IP_ADDRESS]:8776/v3/477f07ce3f6f48718c6f2eb8553fbc91/group_snapshots returned with HTTP 202
2025-02-10 16:34:43.183 22 INFO cinder.api.openstack.wsgi [None req-29068d75-6904-4214-b6f2-25cd9651a96d a294a8fed4414f75b2c325d27a9c96d1 11787f054a0942739f38e5fa29820dac - - default default] http://[LB_IP_ADDRESS]:8776/v3/11787f054a0942739f38e5fa29820dac/qos-specs/d802afc3-4f43-40ef-ad2c-06cabfef0f86/associations returned with HTTP 200
2025-02-10 16:34:43.184 23 INFO cinder.api.openstack.wsgi [None req-3d3aaeaa-4ed2-459c-963e-6ecd9113d1df 24dd6234408f4a5185689d629851b7bb 477f07ce3f6f48718c6f2eb8553fbc91 - - default default] GET http://[LB_IP_ADDRESS]:8776/v3/477f07ce3f6f48718c6f2eb8553fbc91/group_snapshots/2c2a0c62-4e1d-43f3-b697-278c88a92400
2025-02-10 16:34:43.198 24 INFO cinder.api.openstack.wsgi [None req-4df00f7f-2d00-46fe-aedc-348c931f3e16 a294a8fed4414f75b2c325d27a9c96d1 11787f054a0942739f38e5fa29820dac - - default default] GET http://[LB_IP_ADDRESS]:8776/v3/11787f054a0942739f38e5fa29820dac/qos-specs/d802afc3-4f43-40ef-ad2c-06cabfef0f86/disassociate_all
2025-02-10 16:34:43.199 23 INFO cinder.api.openstack.wsgi [None req-3d3aaeaa-4ed2-459c-963e-6ecd9113d1df 24dd6234408f4a5185689d629851b7bb 477f07ce3f6f48718c6f2eb8553fbc91 - - default default] http://[LB_IP_ADDRESS]:8776/v3/477f07ce3f6f48718c6f2eb8553fbc91/group_snapshots/2c2a0c62-4e1d-43f3-b697-278c88a92400 returned with HTTP 200
2025-02-10 16:34:43.217 24 INFO cinder.api.openstack.wsgi [None req-4df00f7f-2d00-46fe-aedc-348c931f3e16 a294a8fed4414f75b2c325d27a9c96d1 11787f054a0942739f38e5fa29820dac - - default default] http://[LB_IP_ADDRESS]:8776/v3/11787f054a0942739f38e5fa29820dac/qos-specs/d802afc3-4f43-40ef-ad2c-06cabfef0f86/disassociate_all returned with HTTP 202
2025-02-10 16:34:43.231 21 INFO cinder.api.openstack.wsgi [None req-34c451ec-9086-4512-a5fe-f80f026bb7c6 a294a8fed4414f75b2c325d27a9c96d1 11787f054a0942739f38e5fa29820dac - - default default] GET http://[LB_IP_ADDRESS]:8776/v3/11787f054a0942739f38e5fa29820dac/qos-specs/d802afc3-4f43-40ef-ad2c-06cabfef0f86/associations
2025-02-10 16:34:43.248 21 INFO cinder.api.openstack.wsgi [None req-34c451ec-9086-4512-a5fe-f80f026bb7c6 a294a8fed4414f75b2c325d27a9c96d1 11787f054a0942739f38e5fa29820dac - - default default] http://[LB_IP_ADDRESS]:8776/v3/11787f054a0942739f38e5fa29820dac/qos-specs/d802afc3-4f43-40ef-ad2c-06cabfef0f86/associations returned with HTTP 200
2025-02-10 16:34:43.262 25 INFO cinder.api.openstack.wsgi [None req-d4ef2d30-6d94-430b-aa55-970fd7c2f5e2 a294a8fed4414f75b2c325d27a9c96d1 11787f054a0942739f38e5fa29820dac - - default default] DELETE http://[LB_IP_ADDRESS]:8776/v3/11787f054a0942739f38e5fa29820dac/types/a7e46b27-a0c4-4b24-b34a-b24495dc74e4
2025-02-10 16:34:43.290 22 INFO cinder.api.openstack.wsgi [None req-ae0928a1-5ba6-43df-8ac8-db4f06e620e7 d4ec693c875e458485a124d2f0fac89c 82c7436553fe4c9289515915f4a58fd2 - - default default] GET http://[LB_IP_ADDRESS]:8776/v3/82c7436553fe4c9289515915f4a58fd2/volumes/303d9601-863b-4f27-88a3-328cb184eb6c
2025-02-10 16:34:43.311 25 INFO cinder.api.openstack.wsgi [None req-d4ef2d30-6d94-430b-aa55-970fd7c2f5e2 a294a8fed4414f75b2c325d27a9c96d1 11787f054a0942739f38e5fa29820dac - - default default] http://[LB_IP_ADDRESS]:8776/v3/11787f054a0942739f38e5fa29820dac/types/a7e46b27-a0c4-4b24-b34a-b24495dc74e4 returned with HTTP 202
2025-02-10 16:34:43.314 22 INFO cinder.volume.api [None req-ae0928a1-5ba6-43df-8ac8-db4f06e620e7 d4ec693c875e458485a124d2f0fac89c 82c7436553fe4c9289515915f4a58fd2 - - default default] Volume info retrieved successfully.
2025-02-10 16:34:43.323 23 INFO cinder.api.openstack.wsgi [None req-b265590a-7f39-4458-8cd1-b062f98f46ec a294a8fed4414f75b2c325d27a9c96d1 11787f054a0942739f38e5fa29820dac - - default default] GET http://[LB_IP_ADDRESS]:8776/v3/11787f054a0942739f38e5fa29820dac/types/a7e46b27-a0c4-4b24-b34a-b24495dc74e4
2025-02-10 16:34:43.331 23 INFO cinder.api.openstack.wsgi [None req-b265590a-7f39-4458-8cd1-b062f98f46ec a294a8fed4414f75b2c325d27a9c96d1 11787f054a0942739f38e5fa29820dac - - default default] http://[LB_IP_ADDRESS]:8776/v3/11787f054a0942739f38e5fa29820dac/types/a7e46b27-a0c4-4b24-b34a-b24495dc74e4 returned with HTTP 404
2025-02-10 16:34:43.343 24 INFO cinder.api.openstack.wsgi [None req-72ca324b-7908-4f1c-8e4b-ce34f8bbe57f a294a8fed4414f75b2c325d27a9c96d1 11787f054a0942739f38e5fa29820dac - - default default] DELETE http://[LB_IP_ADDRESS]:8776/v3/11787f054a0942739f38e5fa29820dac/types/5a9ded68-a296-4606-8cba-69dabdd54453
2025-02-10 16:34:43.344 22 INFO cinder.api.openstack.wsgi [None req-ae0928a1-5ba6-43df-8ac8-db4f06e620e7 d4ec693c875e458485a124d2f0fac89c 82c7436553fe4c9289515915f4a58fd2 - - default default] http://[LB_IP_ADDRESS]:8776/v3/82c7436553fe4c9289515915f4a58fd2/volumes/303d9601-863b-4f27-88a3-328cb184eb6c returned with HTTP 200
2025-02-10 16:34:43.372 21 INFO cinder.api.openstack.wsgi [None req-976beb38-bc13-48c9-8bde-7b5f53778adb d4ec693c875e458485a124d2f0fac89c 82c7436553fe4c9289515915f4a58fd2 - - default default] POST http://[LB_IP_ADDRESS]:8776/v3/82c7436553fe4c9289515915f4a58fd2/groups/action
2025-02-10 16:34:43.376 21 INFO cinder.api.v3.groups [None req-976beb38-bc13-48c9-8bde-7b5f53778adb d4ec693c875e458485a124d2f0fac89c 82c7436553fe4c9289515915f4a58fd2 - - default default] Creating group tempest-Group_from_grp-726084273 from source group b5b9e153-6dd5-4e0d-9eed-ac25fa4ba777.
2025-02-10 16:34:43.391 24 INFO cinder.api.openstack.wsgi [None req-72ca324b-7908-4f1c-8e4b-ce34f8bbe57f a294a8fed4414f75b2c325d27a9c96d1 11787f054a0942739f38e5fa29820dac - - default default] http://[LB_IP_ADDRESS]:8776/v3/11787f054a0942739f38e5fa29820dac/types/5a9ded68-a296-4606-8cba-69dabdd54453 returned with HTTP 202
2025-02-10 16:34:43.403 25 INFO cinder.api.openstack.wsgi [None req-516a4d61-1a77-469e-bbe3-b3a28c204579 a294a8fed4414f75b2c325d27a9c96d1 11787f054a0942739f38e5fa29820dac - - default default] GET http://[LB_IP_ADDRESS]:8776/v3/11787f054a0942739f38e5fa29820dac/types/5a9ded68-a296-4606-8cba-69dabdd54453
2025-02-10 16:34:43.410 25 INFO cinder.api.openstack.wsgi [None req-516a4d61-1a77-469e-bbe3-b3a28c204579 a294a8fed4414f75b2c325d27a9c96d1 11787f054a0942739f38e5fa29820dac - - default default] http://[LB_IP_ADDRESS]:8776/v3/11787f054a0942739f38e5fa29820dac/types/5a9ded68-a296-4606-8cba-69dabdd54453 returned with HTTP 404
2025-02-10 16:34:43.422 23 INFO cinder.api.openstack.wsgi [None req-afcf8112-cc59-4cad-acc4-73b9c856d1e9 a294a8fed4414f75b2c325d27a9c96d1 11787f054a0942739f38e5fa29820dac - - default default] DELETE http://[LB_IP_ADDRESS]:8776/v3/11787f054a0942739f38e5fa29820dac/types/9d82c8da-2288-4c0d-9500-a8c1e87950fd
2025-02-10 16:34:43.474 23 INFO cinder.api.openstack.wsgi [None req-afcf8112-cc59-4cad-acc4-73b9c856d1e9 a294a8fed4414f75b2c325d27a9c96d1 11787f054a0942739f38e5fa29820dac - - default default] http://[LB_IP_ADDRESS]:8776/v3/11787f054a0942739f38e5fa29820dac/types/9d82c8da-2288-4c0d-9500-a8c1e87950fd returned with HTTP 202
2025-02-10 16:34:43.487 22 INFO cinder.api.openstack.wsgi [None req-3db0ca0a-f19e-4953-9b92-b96fa694a798 a294a8fed4414f75b2c325d27a9c96d1 11787f054a0942739f38e5fa29820dac - - default default] GET http://[LB_IP_ADDRESS]:8776/v3/11787f054a0942739f38e5fa29820dac/types/9d82c8da-2288-4c0d-9500-a8c1e87950fd
2025-02-10 16:34:43.494 22 INFO cinder.api.openstack.wsgi [None req-3db0ca0a-f19e-4953-9b92-b96fa694a798 a294a8fed4414f75b2c325d27a9c96d1 11787f054a0942739f38e5fa29820dac - - default default] http://[LB_IP_ADDRESS]:8776/v3/11787f054a0942739f38e5fa29820dac/types/9d82c8da-2288-4c0d-9500-a8c1e87950fd returned with HTTP 404
2025-02-10 16:34:43.509 24 INFO cinder.api.openstack.wsgi [None req-95aed4d5-2b66-4167-94cb-57acbb751451 a294a8fed4414f75b2c325d27a9c96d1 11787f054a0942739f38e5fa29820dac - - default default] POST http://[LB_IP_ADDRESS]:8776/v3/11787f054a0942739f38e5fa29820dac/qos-specs
2025-02-10 16:34:43.527 24 INFO cinder.api.openstack.wsgi [None req-95aed4d5-2b66-4167-94cb-57acbb751451 a294a8fed4414f75b2c325d27a9c96d1 11787f054a0942739f38e5fa29820dac - - default default] http://[LB_IP_ADDRESS]:8776/v3/11787f054a0942739f38e5fa29820dac/qos-specs returned with HTTP 200
2025-02-10 16:34:43.544 25 INFO cinder.api.openstack.wsgi [None req-b4933ac7-82d9-463f-a66e-4a56065b7f56 a294a8fed4414f75b2c325d27a9c96d1 11787f054a0942739f38e5fa29820dac - - default default] DELETE http://[LB_IP_ADDRESS]:8776/v3/11787f054a0942739f38e5fa29820dac/qos-specs/ec315754-464f-40fb-bff2-0d506c902342?force=False
2025-02-10 16:34:43.574 25 INFO cinder.api.openstack.wsgi [None req-b4933ac7-82d9-463f-a66e-4a56065b7f56 a294a8fed4414f75b2c325d27a9c96d1 11787f054a0942739f38e5fa29820dac - - default default] http://[LB_IP_ADDRESS]:8776/v3/11787f054a0942739f38e5fa29820dac/qos-specs/ec315754-464f-40fb-bff2-0d506c902342?force=False returned with HTTP 202
2025-02-10 16:34:43.588 23 INFO cinder.api.openstack.wsgi [None req-fd35a823-e403-43de-9ea4-14e1aa93bad7 a294a8fed4414f75b2c325d27a9c96d1 11787f054a0942739f38e5fa29820dac - - default default] GET http://[LB_IP_ADDRESS]:8776/v3/11787f054a0942739f38e5fa29820dac/qos-specs/ec315754-464f-40fb-bff2-0d506c902342
2025-02-10 16:34:43.596 23 INFO cinder.api.openstack.wsgi [None req-fd35a823-e403-43de-9ea4-14e1aa93bad7 a294a8fed4414f75b2c325d27a9c96d1 11787f054a0942739f38e5fa29820dac - - default default] http://[LB_IP_ADDRESS]:8776/v3/11787f054a0942739f38e5fa29820dac/qos-specs/ec315754-464f-40fb-bff2-0d506c902342 returned with HTTP 404
2025-02-10 16:34:43.609 22 INFO cinder.api.openstack.wsgi [None req-e2f97e04-32ef-403a-829a-65a242883a73 a294a8fed4414f75b2c325d27a9c96d1 11787f054a0942739f38e5fa29820dac - - default default] GET http://[LB_IP_ADDRESS]:8776/v3/11787f054a0942739f38e5fa29820dac/qos-specs
2025-02-10 16:34:43.621 22 INFO cinder.api.openstack.wsgi [None req-e2f97e04-32ef-403a-829a-65a242883a73 a294a8fed4414f75b2c325d27a9c96d1 11787f054a0942739f38e5fa29820dac - - default default] http://[LB_IP_ADDRESS]:8776/v3/11787f054a0942739f38e5fa29820dac/qos-specs returned with HTTP 200
2025-02-10 16:34:43.636 24 INFO cinder.api.openstack.wsgi [None req-d4b088ea-d410-4b0d-a653-414aafd6518d a294a8fed4414f75b2c325d27a9c96d1 11787f054a0942739f38e5fa29820dac - - default default] DELETE http://[LB_IP_ADDRESS]:8776/v3/11787f054a0942739f38e5fa29820dac/qos-specs/ec315754-464f-40fb-bff2-0d506c902342?force=False
2025-02-10 16:34:43.644 24 INFO cinder.api.openstack.wsgi [None req-d4b088ea-d410-4b0d-a653-414aafd6518d a294a8fed4414f75b2c325d27a9c96d1 11787f054a0942739f38e5fa29820dac - - default default] http://[LB_IP_ADDRESS]:8776/v3/11787f054a0942739f38e5fa29820dac/qos-specs/ec315754-464f-40fb-bff2-0d506c902342?force=False returned with HTTP 404
2025-02-10 16:34:43.658 25 INFO cinder.api.openstack.wsgi [None req-4fa17205-22f8-4591-95be-6ead0027e15a a294a8fed4414f75b2c325d27a9c96d1 11787f054a0942739f38e5fa29820dac - - default default] GET http://[LB_IP_ADDRESS]:8776/v3/11787f054a0942739f38e5fa29820dac/qos-specs/ec315754-464f-40fb-bff2-0d506c902342
2025-02-10 16:34:43.665 25 INFO cinder.api.openstack.wsgi [None req-4fa17205-22f8-4591-95be-6ead0027e15a a294a8fed4414f75b2c325d27a9c96d1 11787f054a0942739f38e5fa29820dac - - default default] http://[LB_IP_ADDRESS]:8776/v3/11787f054a0942739f38e5fa29820dac/qos-specs/ec315754-464f-40fb-bff2-0d506c902342 returned with HTTP 404
2025-02-10 16:34:43.680 23 INFO cinder.api.openstack.wsgi [None req-3f7f3c2d-3b76-4c5a-a8a3-f89eb8facff7 a294a8fed4414f75b2c325d27a9c96d1 11787f054a0942739f38e5fa29820dac - - default default] POST http://[LB_IP_ADDRESS]:8776/v3/11787f054a0942739f38e5fa29820dac/qos-specs
2025-02-10 16:34:43.700 23 INFO cinder.api.openstack.wsgi [None req-3f7f3c2d-3b76-4c5a-a8a3-f89eb8facff7 a294a8fed4414f75b2c325d27a9c96d1 11787f054a0942739f38e5fa29820dac - - default default] http://[LB_IP_ADDRESS]:8776/v3/11787f054a0942739f38e5fa29820dac/qos-specs returned with HTTP 200
2025-02-10 16:34:43.717 22 INFO cinder.api.openstack.wsgi [None req-93309ce7-1966-438c-ae19-7c1cbe06b1e0 a294a8fed4414f75b2c325d27a9c96d1 11787f054a0942739f38e5fa29820dac - - default default] DELETE http://[LB_IP_ADDRESS]:8776/v3/11787f054a0942739f38e5fa29820dac/qos-specs/7bf2db19-5f52-4f77-a18d-0a456b911b35?force=False
2025-02-10 16:34:43.746 22 INFO cinder.api.openstack.wsgi [None req-93309ce7-1966-438c-ae19-7c1cbe06b1e0 a294a8fed4414f75b2c325d27a9c96d1 11787f054a0942739f38e5fa29820dac - - default default] http://[LB_IP_ADDRESS]:8776/v3/11787f054a0942739f38e5fa29820dac/qos-specs/7bf2db19-5f52-4f77-a18d-0a456b911b35?force=False returned with HTTP 202
2025-02-10 16:34:43.759 24 INFO cinder.api.openstack.wsgi [None req-7a86598b-f3cd-4e7c-b947-3a8ee1480893 a294a8fed4414f75b2c325d27a9c96d1 11787f054a0942739f38e5fa29820dac - - default default] GET http://[LB_IP_ADDRESS]:8776/v3/11787f054a0942739f38e5fa29820dac/qos-specs/7bf2db19-5f52-4f77-a18d-0a456b911b35
2025-02-10 16:34:43.768 24 INFO cinder.api.openstack.wsgi [None req-7a86598b-f3cd-4e7c-b947-3a8ee1480893 a294a8fed4414f75b2c325d27a9c96d1 11787f054a0942739f38e5fa29820dac - - default default] http://[LB_IP_ADDRESS]:8776/v3/11787f054a0942739f38e5fa29820dac/qos-specs/7bf2db19-5f52-4f77-a18d-0a456b911b35 returned with HTTP 404
2025-02-10 16:34:43.781 25 INFO cinder.api.openstack.wsgi [None req-9ace4ccd-9ae3-4ef2-818f-81790a22396f a294a8fed4414f75b2c325d27a9c96d1 11787f054a0942739f38e5fa29820dac - - default default] GET http://[LB_IP_ADDRESS]:8776/v3/11787f054a0942739f38e5fa29820dac/qos-specs
2025-02-10 16:34:43.792 25 INFO cinder.api.openstack.wsgi [None req-9ace4ccd-9ae3-4ef2-818f-81790a22396f a294a8fed4414f75b2c325d27a9c96d1 11787f054a0942739f38e5fa29820dac - - default default] http://[LB_IP_ADDRESS]:8776/v3/11787f054a0942739f38e5fa29820dac/qos-specs returned with HTTP 200
2025-02-10 16:34:43.808 23 INFO cinder.api.openstack.wsgi [None req-6bb9a6a4-a2a9-436c-8db3-2b3a9264e5ab a294a8fed4414f75b2c325d27a9c96d1 11787f054a0942739f38e5fa29820dac - - default default] DELETE http://[LB_IP_ADDRESS]:8776/v3/11787f054a0942739f38e5fa29820dac/qos-specs/7bf2db19-5f52-4f77-a18d-0a456b911b35?force=False
2025-02-10 16:34:43.817 23 INFO cinder.api.openstack.wsgi [None req-6bb9a6a4-a2a9-436c-8db3-2b3a9264e5ab a294a8fed4414f75b2c325d27a9c96d1 11787f054a0942739f38e5fa29820dac - - default default] http://[LB_IP_ADDRESS]:8776/v3/11787f054a0942739f38e5fa29820dac/qos-specs/7bf2db19-5f52-4f77-a18d-0a456b911b35?force=False returned with HTTP 404
2025-02-10 16:34:43.830 22 INFO cinder.api.openstack.wsgi [None req-9079c80f-dd09-4396-8359-256be0adc764 a294a8fed4414f75b2c325d27a9c96d1 11787f054a0942739f38e5fa29820dac - - default default] GET http://[LB_IP_ADDRESS]:8776/v3/11787f054a0942739f38e5fa29820dac/qos-specs/7bf2db19-5f52-4f77-a18d-0a456b911b35
2025-02-10 16:34:43.838 22 INFO cinder.api.openstack.wsgi [None req-9079c80f-dd09-4396-8359-256be0adc764 a294a8fed4414f75b2c325d27a9c96d1 11787f054a0942739f38e5fa29820dac - - default default] http://[LB_IP_ADDRESS]:8776/v3/11787f054a0942739f38e5fa29820dac/qos-specs/7bf2db19-5f52-4f77-a18d-0a456b911b35 returned with HTTP 404
2025-02-10 16:34:43.852 24 INFO cinder.api.openstack.wsgi [None req-e6cfcfaa-1460-4d30-b41b-fc52f6a531c1 a294a8fed4414f75b2c325d27a9c96d1 11787f054a0942739f38e5fa29820dac - - default default] POST http://[LB_IP_ADDRESS]:8776/v3/11787f054a0942739f38e5fa29820dac/qos-specs
2025-02-10 16:34:43.869 24 INFO cinder.api.openstack.wsgi [None req-e6cfcfaa-1460-4d30-b41b-fc52f6a531c1 a294a8fed4414f75b2c325d27a9c96d1 11787f054a0942739f38e5fa29820dac - - default default] http://[LB_IP_ADDRESS]:8776/v3/11787f054a0942739f38e5fa29820dac/qos-specs returned with HTTP 200
2025-02-10 16:34:43.886 25 INFO cinder.api.openstack.wsgi [None req-51e1c484-bc23-4f11-b839-8dbeae239f62 a294a8fed4414f75b2c325d27a9c96d1 11787f054a0942739f38e5fa29820dac - - default default] DELETE http://[LB_IP_ADDRESS]:8776/v3/11787f054a0942739f38e5fa29820dac/qos-specs/e83b656a-60d6-436e-9707-46388ece7260?force=False
2025-02-10 16:34:43.914 25 INFO cinder.api.openstack.wsgi [None req-51e1c484-bc23-4f11-b839-8dbeae239f62 a294a8fed4414f75b2c325d27a9c96d1 11787f054a0942739f38e5fa29820dac - - default default] http://[LB_IP_ADDRESS]:8776/v3/11787f054a0942739f38e5fa29820dac/qos-specs/e83b656a-60d6-436e-9707-46388ece7260?force=False returned with HTTP 202
2025-02-10 16:34:43.928 23 INFO cinder.api.openstack.wsgi [None req-416e193b-a516-47f1-bf0b-8a1207e5a6b3 a294a8fed4414f75b2c325d27a9c96d1 11787f054a0942739f38e5fa29820dac - - default default] GET http://[LB_IP_ADDRESS]:8776/v3/11787f054a0942739f38e5fa29820dac/qos-specs/e83b656a-60d6-436e-9707-46388ece7260
2025-02-10 16:34:43.937 23 INFO cinder.api.openstack.wsgi [None req-416e193b-a516-47f1-bf0b-8a1207e5a6b3 a294a8fed4414f75b2c325d27a9c96d1 11787f054a0942739f38e5fa29820dac - - default default] http://[LB_IP_ADDRESS]:8776/v3/11787f054a0942739f38e5fa29820dac/qos-specs/e83b656a-60d6-436e-9707-46388ece7260 returned with HTTP 404
2025-02-10 16:34:43.950 22 INFO cinder.api.openstack.wsgi [None req-57a97248-0659-448e-9008-969a5dbf4996 a294a8fed4414f75b2c325d27a9c96d1 11787f054a0942739f38e5fa29820dac - - default default] GET http://[LB_IP_ADDRESS]:8776/v3/11787f054a0942739f38e5fa29820dac/qos-specs
2025-02-10 16:34:43.960 22 INFO cinder.api.openstack.wsgi [None req-57a97248-0659-448e-9008-969a5dbf4996 a294a8fed4414f75b2c325d27a9c96d1 11787f054a0942739f38e5fa29820dac - - default default] http://[LB_IP_ADDRESS]:8776/v3/11787f054a0942739f38e5fa29820dac/qos-specs returned with HTTP 200
2025-02-10 16:34:43.976 24 INFO cinder.api.openstack.wsgi [None req-c969226f-c8f8-410e-8b58-84002e425849 a294a8fed4414f75b2c325d27a9c96d1 11787f054a0942739f38e5fa29820dac - - default default] DELETE http://[LB_IP_ADDRESS]:8776/v3/11787f054a0942739f38e5fa29820dac/qos-specs/e83b656a-60d6-436e-9707-46388ece7260?force=False
2025-02-10 16:34:43.985 24 INFO cinder.api.openstack.wsgi [None req-c969226f-c8f8-410e-8b58-84002e425849 a294a8fed4414f75b2c325d27a9c96d1 11787f054a0942739f38e5fa29820dac - - default default] http://[LB_IP_ADDRESS]:8776/v3/11787f054a0942739f38e5fa29820dac/qos-specs/e83b656a-60d6-436e-9707-46388ece7260?force=False returned with HTTP 404
2025-02-10 16:34:43.998 25 INFO cinder.api.openstack.wsgi [None req-150b1ef4-7649-4af0-83d0-27509cc0e2b8 a294a8fed4414f75b2c325d27a9c96d1 11787f054a0942739f38e5fa29820dac - - default default] GET http://[LB_IP_ADDRESS]:8776/v3/11787f054a0942739f38e5fa29820dac/qos-specs/e83b656a-60d6-436e-9707-46388ece7260
2025-02-10 16:34:44.006 25 INFO cinder.api.openstack.wsgi [None req-150b1ef4-7649-4af0-83d0-27509cc0e2b8 a294a8fed4414f75b2c325d27a9c96d1 11787f054a0942739f38e5fa29820dac - - default default] http://[LB_IP_ADDRESS]:8776/v3/11787f054a0942739f38e5fa29820dac/qos-specs/e83b656a-60d6-436e-9707-46388ece7260 returned with HTTP 404
2025-02-10 16:34:44.020 23 INFO cinder.api.openstack.wsgi [None req-d31ab548-0f86-495b-b866-ab9aefb618f9 a294a8fed4414f75b2c325d27a9c96d1 11787f054a0942739f38e5fa29820dac - - default default] GET http://[LB_IP_ADDRESS]:8776/v3/11787f054a0942739f38e5fa29820dac/qos-specs/d802afc3-4f43-40ef-ad2c-06cabfef0f86
2025-02-10 16:34:44.021 21 INFO cinder.group.api [None req-976beb38-bc13-48c9-8bde-7b5f53778adb d4ec693c875e458485a124d2f0fac89c 82c7436553fe4c9289515915f4a58fd2 - - default default] A mapping entry already exists for group fa15fb36-84f0-43cb-935b-f66d88abdc3a and volume type e2826fd8-1d0a-4c64-a5ab-0e6ea383f0da. Do not need to create again.
2025-02-10 16:34:44.024 21 INFO cinder.volume.api [None req-976beb38-bc13-48c9-8bde-7b5f53778adb d4ec693c875e458485a124d2f0fac89c 82c7436553fe4c9289515915f4a58fd2 - - default default] Availability Zones retrieved successfully.
2025-02-10 16:34:44.030 23 INFO cinder.api.openstack.wsgi [None req-d31ab548-0f86-495b-b866-ab9aefb618f9 a294a8fed4414f75b2c325d27a9c96d1 11787f054a0942739f38e5fa29820dac - - default default] http://[LB_IP_ADDRESS]:8776/v3/11787f054a0942739f38e5fa29820dac/qos-specs/d802afc3-4f43-40ef-ad2c-06cabfef0f86 returned with HTTP 200
2025-02-10 16:34:44.047 22 INFO cinder.api.openstack.wsgi [None req-aab2f280-0191-4e22-81ae-96b319667ea5 a294a8fed4414f75b2c325d27a9c96d1 11787f054a0942739f38e5fa29820dac - - default default] GET http://[LB_IP_ADDRESS]:8776/v3/11787f054a0942739f38e5fa29820dac/qos-specs
2025-02-10 16:34:44.057 22 INFO cinder.api.openstack.wsgi [None req-aab2f280-0191-4e22-81ae-96b319667ea5 a294a8fed4414f75b2c325d27a9c96d1 11787f054a0942739f38e5fa29820dac - - default default] http://[LB_IP_ADDRESS]:8776/v3/11787f054a0942739f38e5fa29820dac/qos-specs returned with HTTP 200
2025-02-10 16:34:44.074 24 INFO cinder.api.openstack.wsgi [None req-e231c837-1a4b-4d40-8224-dc53cc67b047 a294a8fed4414f75b2c325d27a9c96d1 11787f054a0942739f38e5fa29820dac - - default default] PUT http://[LB_IP_ADDRESS]:8776/v3/11787f054a0942739f38e5fa29820dac/qos-specs/d802afc3-4f43-40ef-ad2c-06cabfef0f86
2025-02-10 16:34:44.101 24 INFO cinder.api.openstack.wsgi [None req-e231c837-1a4b-4d40-8224-dc53cc67b047 a294a8fed4414f75b2c325d27a9c96d1 11787f054a0942739f38e5fa29820dac - - default default] http://[LB_IP_ADDRESS]:8776/v3/11787f054a0942739f38e5fa29820dac/qos-specs/d802afc3-4f43-40ef-ad2c-06cabfef0f86 returned with HTTP 200
2025-02-10 16:34:44.115 25 INFO cinder.api.openstack.wsgi [None req-a76c9bee-d593-4e3d-bb97-c2e24791f853 a294a8fed4414f75b2c325d27a9c96d1 11787f054a0942739f38e5fa29820dac - - default default] GET http://[LB_IP_ADDRESS]:8776/v3/11787f054a0942739f38e5fa29820dac/qos-specs/d802afc3-4f43-40ef-ad2c-06cabfef0f86
2025-02-10 16:34:44.125 25 INFO cinder.api.openstack.wsgi [None req-a76c9bee-d593-4e3d-bb97-c2e24791f853 a294a8fed4414f75b2c325d27a9c96d1 11787f054a0942739f38e5fa29820dac - - default default] http://[LB_IP_ADDRESS]:8776/v3/11787f054a0942739f38e5fa29820dac/qos-specs/d802afc3-4f43-40ef-ad2c-06cabfef0f86 returned with HTTP 200
