2026-02-18 22:10:31.452 72 INFO cinder.api.openstack.wsgi [None req-0212c047-dead-4769-baad-de9b1e1e8112 99b4cf62d1064e2bacead37f09af4c06 036143fb46dc444f9e5441fdd8a587ff - - default default] GET http://[LB_IP_ADDRESS]:8776/v3/036143fb46dc444f9e5441fdd8a587ff/groups/b0683ac7-85b8-4c6a-9bc3-b497b56df64d
2026-02-18 22:10:31.479 72 INFO cinder.api.openstack.wsgi [None req-0212c047-dead-4769-baad-de9b1e1e8112 99b4cf62d1064e2bacead37f09af4c06 036143fb46dc444f9e5441fdd8a587ff - - default default] http://[LB_IP_ADDRESS]:8776/v3/036143fb46dc444f9e5441fdd8a587ff/groups/b0683ac7-85b8-4c6a-9bc3-b497b56df64d returned with HTTP 200
2026-02-18 22:10:31.495 74 INFO cinder.api.openstack.wsgi [None req-96ebdaeb-f261-451c-ba0e-bc4407585f37 80d51e5ddbd3461da4e302a1edf64c17 085b0ed486774ba2986de2d97e6b152f - - default default] POST http://[LB_IP_ADDRESS]:8776/v3/085b0ed486774ba2986de2d97e6b152f/groups/b0683ac7-85b8-4c6a-9bc3-b497b56df64d/action
2026-02-18 22:10:31.508 74 INFO cinder.api.openstack.wsgi [None req-96ebdaeb-f261-451c-ba0e-bc4407585f37 80d51e5ddbd3461da4e302a1edf64c17 085b0ed486774ba2986de2d97e6b152f - - default default] http://[LB_IP_ADDRESS]:8776/v3/085b0ed486774ba2986de2d97e6b152f/groups/b0683ac7-85b8-4c6a-9bc3-b497b56df64d/action returned with HTTP 202
2026-02-18 22:10:31.518 76 INFO cinder.api.openstack.wsgi [None req-52f4095d-d308-46ec-a620-209f29188e54 99b4cf62d1064e2bacead37f09af4c06 036143fb46dc444f9e5441fdd8a587ff - - default default] GET http://[LB_IP_ADDRESS]:8776/v3/036143fb46dc444f9e5441fdd8a587ff/groups/b0683ac7-85b8-4c6a-9bc3-b497b56df64d
2026-02-18 22:10:31.545 76 INFO cinder.api.openstack.wsgi [None req-52f4095d-d308-46ec-a620-209f29188e54 99b4cf62d1064e2bacead37f09af4c06 036143fb46dc444f9e5441fdd8a587ff - - default default] http://[LB_IP_ADDRESS]:8776/v3/036143fb46dc444f9e5441fdd8a587ff/groups/b0683ac7-85b8-4c6a-9bc3-b497b56df64d returned with HTTP 200
2026-02-18 22:10:31.562 75 INFO cinder.api.openstack.wsgi [None req-472008c9-e980-46e4-a293-0880ddd1e5a9 80d51e5ddbd3461da4e302a1edf64c17 085b0ed486774ba2986de2d97e6b152f - - default default] POST http://[LB_IP_ADDRESS]:8776/v3/085b0ed486774ba2986de2d97e6b152f/groups/b0683ac7-85b8-4c6a-9bc3-b497b56df64d/action
2026-02-18 22:10:31.575 75 INFO cinder.api.openstack.wsgi [None req-472008c9-e980-46e4-a293-0880ddd1e5a9 80d51e5ddbd3461da4e302a1edf64c17 085b0ed486774ba2986de2d97e6b152f - - default default] http://[LB_IP_ADDRESS]:8776/v3/085b0ed486774ba2986de2d97e6b152f/groups/b0683ac7-85b8-4c6a-9bc3-b497b56df64d/action returned with HTTP 202
2026-02-18 22:10:31.588 72 INFO cinder.api.openstack.wsgi [None req-72e0f52d-9630-45b9-9ce1-46cebd191e70 99b4cf62d1064e2bacead37f09af4c06 036143fb46dc444f9e5441fdd8a587ff - - default default] GET http://[LB_IP_ADDRESS]:8776/v3/036143fb46dc444f9e5441fdd8a587ff/groups/b0683ac7-85b8-4c6a-9bc3-b497b56df64d
2026-02-18 22:10:31.614 72 INFO cinder.api.openstack.wsgi [None req-72e0f52d-9630-45b9-9ce1-46cebd191e70 99b4cf62d1064e2bacead37f09af4c06 036143fb46dc444f9e5441fdd8a587ff - - default default] http://[LB_IP_ADDRESS]:8776/v3/036143fb46dc444f9e5441fdd8a587ff/groups/b0683ac7-85b8-4c6a-9bc3-b497b56df64d returned with HTTP 200
2026-02-18 22:10:31.629 74 INFO cinder.api.openstack.wsgi [None req-bab7a970-b758-4850-add1-07c2133c8e40 99b4cf62d1064e2bacead37f09af4c06 036143fb46dc444f9e5441fdd8a587ff - - default default] GET http://[LB_IP_ADDRESS]:8776/v3/036143fb46dc444f9e5441fdd8a587ff/volumes/detail
2026-02-18 22:10:31.641 74 INFO cinder.volume.api [None req-bab7a970-b758-4850-add1-07c2133c8e40 99b4cf62d1064e2bacead37f09af4c06 036143fb46dc444f9e5441fdd8a587ff - - default default] Get all volumes completed successfully.
2026-02-18 22:10:31.644 74 INFO cinder.api.openstack.wsgi [None req-bab7a970-b758-4850-add1-07c2133c8e40 99b4cf62d1064e2bacead37f09af4c06 036143fb46dc444f9e5441fdd8a587ff - - default default] http://[LB_IP_ADDRESS]:8776/v3/036143fb46dc444f9e5441fdd8a587ff/volumes/detail returned with HTTP 200
2026-02-18 22:10:31.664 76 INFO cinder.api.openstack.wsgi [None req-d429c197-b5d0-4d1e-8076-bea13d9cb728 99b4cf62d1064e2bacead37f09af4c06 036143fb46dc444f9e5441fdd8a587ff - - default default] POST http://[LB_IP_ADDRESS]:8776/v3/036143fb46dc444f9e5441fdd8a587ff/groups/b0683ac7-85b8-4c6a-9bc3-b497b56df64d/action
2026-02-18 22:10:31.667 76 INFO cinder.api.v3.groups [None req-d429c197-b5d0-4d1e-8076-bea13d9cb728 99b4cf62d1064e2bacead37f09af4c06 036143fb46dc444f9e5441fdd8a587ff - - default default] Delete group with id: b0683ac7-85b8-4c6a-9bc3-b497b56df64d
2026-02-18 22:10:31.706 76 INFO cinder.api.openstack.wsgi [None req-d429c197-b5d0-4d1e-8076-bea13d9cb728 99b4cf62d1064e2bacead37f09af4c06 036143fb46dc444f9e5441fdd8a587ff - - default default] http://[LB_IP_ADDRESS]:8776/v3/036143fb46dc444f9e5441fdd8a587ff/groups/b0683ac7-85b8-4c6a-9bc3-b497b56df64d/action returned with HTTP 202
2026-02-18 22:10:31.719 75 INFO cinder.api.openstack.wsgi [None req-295a0a83-6173-4e4c-b21b-19a595c8e15b 99b4cf62d1064e2bacead37f09af4c06 036143fb46dc444f9e5441fdd8a587ff - - default default] GET http://[LB_IP_ADDRESS]:8776/v3/036143fb46dc444f9e5441fdd8a587ff/groups/b0683ac7-85b8-4c6a-9bc3-b497b56df64d
2026-02-18 22:10:31.736 75 INFO cinder.api.openstack.wsgi [None req-295a0a83-6173-4e4c-b21b-19a595c8e15b 99b4cf62d1064e2bacead37f09af4c06 036143fb46dc444f9e5441fdd8a587ff - - default default] http://[LB_IP_ADDRESS]:8776/v3/036143fb46dc444f9e5441fdd8a587ff/groups/b0683ac7-85b8-4c6a-9bc3-b497b56df64d returned with HTTP 200
2026-02-18 22:10:31.946 73 WARNING cinder.quota [None req-483a168a-680a-423e-8ac4-5cbbe476a844 ee78d6d42e2d411996d44707ed18d2d4 46569893b85c4a9aaa2ee70dfd2345aa - - default default] Deprecated: Default quota for resource: volumes_tempest-GroupSnapshotsTest-volume-type-103435583 is set by the default quota flag: quota_volumes_tempest-GroupSnapshotsTest-volume-type-103435583, it is now deprecated. Please use the default quota class for default quota.
2026-02-18 22:10:31.947 73 WARNING cinder.quota [None req-483a168a-680a-423e-8ac4-5cbbe476a844 ee78d6d42e2d411996d44707ed18d2d4 46569893b85c4a9aaa2ee70dfd2345aa - - default default] Deprecated: Default quota for resource: gigabytes_tempest-GroupSnapshotsTest-volume-type-103435583 is set by the default quota flag: quota_gigabytes_tempest-GroupSnapshotsTest-volume-type-103435583, it is now deprecated. Please use the default quota class for default quota.
2026-02-18 22:10:32.045 73 INFO cinder.volume.api [None req-483a168a-680a-423e-8ac4-5cbbe476a844 ee78d6d42e2d411996d44707ed18d2d4 46569893b85c4a9aaa2ee70dfd2345aa - - default default] Create volume request issued successfully.
2026-02-18 22:10:32.073 73 INFO cinder.api.openstack.wsgi [None req-483a168a-680a-423e-8ac4-5cbbe476a844 ee78d6d42e2d411996d44707ed18d2d4 46569893b85c4a9aaa2ee70dfd2345aa - - default default] http://[LB_IP_ADDRESS]:8776/v3/46569893b85c4a9aaa2ee70dfd2345aa/volumes returned with HTTP 202
2026-02-18 22:10:32.092 72 INFO cinder.api.openstack.wsgi [None req-d778da6e-71f4-4367-b4f7-d38000268ef2 ee78d6d42e2d411996d44707ed18d2d4 46569893b85c4a9aaa2ee70dfd2345aa - - default default] GET http://[LB_IP_ADDRESS]:8776/v3/46569893b85c4a9aaa2ee70dfd2345aa/volumes/fee7f756-c41a-40ae-846b-cacce674c915
2026-02-18 22:10:32.108 72 INFO cinder.volume.api [None req-d778da6e-71f4-4367-b4f7-d38000268ef2 ee78d6d42e2d411996d44707ed18d2d4 46569893b85c4a9aaa2ee70dfd2345aa - - default default] Volume info retrieved successfully.
2026-02-18 22:10:32.130 72 INFO cinder.api.openstack.wsgi [None req-d778da6e-71f4-4367-b4f7-d38000268ef2 ee78d6d42e2d411996d44707ed18d2d4 46569893b85c4a9aaa2ee70dfd2345aa - - default default] http://[LB_IP_ADDRESS]:8776/v3/46569893b85c4a9aaa2ee70dfd2345aa/volumes/fee7f756-c41a-40ae-846b-cacce674c915 returned with HTTP 200
2026-02-18 22:10:32.179 74 INFO cinder.api.openstack.wsgi [None req-8df9cf68-4f65-4f12-8481-622b4419ef92 a2015429b8424bf8bb2092cb03815833 7779d90a95c344ab88315c7550e34dbc - - default default] GET http://[LB_IP_ADDRESS]:8776/v3/7779d90a95c344ab88315c7550e34dbc/groups/4ccebae5-7c74-455d-961e-a6bf442c2d7a
2026-02-18 22:10:32.207 74 INFO cinder.api.openstack.wsgi [None req-8df9cf68-4f65-4f12-8481-622b4419ef92 a2015429b8424bf8bb2092cb03815833 7779d90a95c344ab88315c7550e34dbc - - default default] http://[LB_IP_ADDRESS]:8776/v3/7779d90a95c344ab88315c7550e34dbc/groups/4ccebae5-7c74-455d-961e-a6bf442c2d7a returned with HTTP 200
2026-02-18 22:10:32.223 76 INFO cinder.api.openstack.wsgi [None req-353ebd06-176f-4c97-8b33-a7a9552d5c18 a2015429b8424bf8bb2092cb03815833 7779d90a95c344ab88315c7550e34dbc - - default default] POST http://[LB_IP_ADDRESS]:8776/v3/7779d90a95c344ab88315c7550e34dbc/volumes
2026-02-18 22:10:32.235 76 INFO cinder.api.v3.volumes [None req-353ebd06-176f-4c97-8b33-a7a9552d5c18 a2015429b8424bf8bb2092cb03815833 7779d90a95c344ab88315c7550e34dbc - - default default] Create volume of 1 GB
2026-02-18 22:10:32.243 76 INFO cinder.volume.api [None req-353ebd06-176f-4c97-8b33-a7a9552d5c18 a2015429b8424bf8bb2092cb03815833 7779d90a95c344ab88315c7550e34dbc - - default default] Availability Zones retrieved successfully.
2026-02-18 22:10:32.724 76 WARNING cinder.quota [None req-353ebd06-176f-4c97-8b33-a7a9552d5c18 a2015429b8424bf8bb2092cb03815833 7779d90a95c344ab88315c7550e34dbc - - default default] Deprecated: Default quota for resource: volumes_tempest-GroupSnapshotsV319Test-volume-type-263892359 is set by the default quota flag: quota_volumes_tempest-GroupSnapshotsV319Test-volume-type-263892359, it is now deprecated. Please use the default quota class for default quota.
2026-02-18 22:10:32.724 76 WARNING cinder.quota [None req-353ebd06-176f-4c97-8b33-a7a9552d5c18 a2015429b8424bf8bb2092cb03815833 7779d90a95c344ab88315c7550e34dbc - - default default] Deprecated: Default quota for resource: gigabytes_tempest-GroupSnapshotsV319Test-volume-type-263892359 is set by the default quota flag: quota_gigabytes_tempest-GroupSnapshotsV319Test-volume-type-263892359, it is now deprecated. Please use the default quota class for default quota.
2026-02-18 22:10:32.751 75 INFO cinder.api.openstack.wsgi [None req-3832ca2b-c502-4cc4-8ac2-aa97285fe9f8 99b4cf62d1064e2bacead37f09af4c06 036143fb46dc444f9e5441fdd8a587ff - - default default] GET http://[LB_IP_ADDRESS]:8776/v3/036143fb46dc444f9e5441fdd8a587ff/groups/b0683ac7-85b8-4c6a-9bc3-b497b56df64d
2026-02-18 22:10:32.756 75 INFO cinder.api.openstack.wsgi [None req-3832ca2b-c502-4cc4-8ac2-aa97285fe9f8 99b4cf62d1064e2bacead37f09af4c06 036143fb46dc444f9e5441fdd8a587ff - - default default] http://[LB_IP_ADDRESS]:8776/v3/036143fb46dc444f9e5441fdd8a587ff/groups/b0683ac7-85b8-4c6a-9bc3-b497b56df64d returned with HTTP 404
2026-02-18 22:10:32.770 73 INFO cinder.api.openstack.wsgi [None req-56fc4143-267d-4f53-940d-c2e84581b501 80d51e5ddbd3461da4e302a1edf64c17 085b0ed486774ba2986de2d97e6b152f - - default default] DELETE http://[LB_IP_ADDRESS]:8776/v3/085b0ed486774ba2986de2d97e6b152f/group_types/eef2a2a2-9d99-4b49-858b-7dc4dbb8933e
2026-02-18 22:10:32.784 73 INFO cinder.api.openstack.wsgi [None req-56fc4143-267d-4f53-940d-c2e84581b501 80d51e5ddbd3461da4e302a1edf64c17 085b0ed486774ba2986de2d97e6b152f - - default default] http://[LB_IP_ADDRESS]:8776/v3/085b0ed486774ba2986de2d97e6b152f/group_types/eef2a2a2-9d99-4b49-858b-7dc4dbb8933e returned with HTTP 202
2026-02-18 22:10:32.796 72 INFO cinder.api.openstack.wsgi [None req-0e4a2793-3733-4f39-83ff-a8492e19c57b 80d51e5ddbd3461da4e302a1edf64c17 085b0ed486774ba2986de2d97e6b152f - - default default] DELETE http://[LB_IP_ADDRESS]:8776/v3/085b0ed486774ba2986de2d97e6b152f/types/2e2a3e35-842d-4516-87d8-ddaa62d2e21f
2026-02-18 22:10:32.803 76 INFO cinder.volume.api [None req-353ebd06-176f-4c97-8b33-a7a9552d5c18 a2015429b8424bf8bb2092cb03815833 7779d90a95c344ab88315c7550e34dbc - - default default] Create volume request issued successfully.
2026-02-18 22:10:32.835 76 INFO cinder.api.openstack.wsgi [None req-353ebd06-176f-4c97-8b33-a7a9552d5c18 a2015429b8424bf8bb2092cb03815833 7779d90a95c344ab88315c7550e34dbc - - default default] http://[LB_IP_ADDRESS]:8776/v3/7779d90a95c344ab88315c7550e34dbc/volumes returned with HTTP 202
2026-02-18 22:10:32.848 72 INFO cinder.api.openstack.wsgi [None req-0e4a2793-3733-4f39-83ff-a8492e19c57b 80d51e5ddbd3461da4e302a1edf64c17 085b0ed486774ba2986de2d97e6b152f - - default default] http://[LB_IP_ADDRESS]:8776/v3/085b0ed486774ba2986de2d97e6b152f/types/2e2a3e35-842d-4516-87d8-ddaa62d2e21f returned with HTTP 202
2026-02-18 22:10:32.856 75 INFO cinder.api.openstack.wsgi [None req-b3d40596-5292-4419-a72a-ced9f01405d2 80d51e5ddbd3461da4e302a1edf64c17 085b0ed486774ba2986de2d97e6b152f - - default default] GET http://[LB_IP_ADDRESS]:8776/v3/085b0ed486774ba2986de2d97e6b152f/types/2e2a3e35-842d-4516-87d8-ddaa62d2e21f
2026-02-18 22:10:32.856 74 INFO cinder.api.openstack.wsgi [None req-bb08bb4a-238b-4904-b9fa-9a561fad5409 a2015429b8424bf8bb2092cb03815833 7779d90a95c344ab88315c7550e34dbc - - default default] GET http://[LB_IP_ADDRESS]:8776/v3/7779d90a95c344ab88315c7550e34dbc/volumes/9fe24dfa-feb3-41ba-8603-c3ff2cac8c09
2026-02-18 22:10:32.859 75 INFO cinder.api.openstack.wsgi [None req-b3d40596-5292-4419-a72a-ced9f01405d2 80d51e5ddbd3461da4e302a1edf64c17 085b0ed486774ba2986de2d97e6b152f - - default default] http://[LB_IP_ADDRESS]:8776/v3/085b0ed486774ba2986de2d97e6b152f/types/2e2a3e35-842d-4516-87d8-ddaa62d2e21f returned with HTTP 404
2026-02-18 22:10:32.873 74 INFO cinder.volume.api [None req-bb08bb4a-238b-4904-b9fa-9a561fad5409 a2015429b8424bf8bb2092cb03815833 7779d90a95c344ab88315c7550e34dbc - - default default] Volume info retrieved successfully.
2026-02-18 22:10:32.909 74 INFO cinder.api.openstack.wsgi [None req-bb08bb4a-238b-4904-b9fa-9a561fad5409 a2015429b8424bf8bb2092cb03815833 7779d90a95c344ab88315c7550e34dbc - - default default] http://[LB_IP_ADDRESS]:8776/v3/7779d90a95c344ab88315c7550e34dbc/volumes/9fe24dfa-feb3-41ba-8603-c3ff2cac8c09 returned with HTTP 200
2026-02-18 22:10:33.151 73 INFO cinder.api.openstack.wsgi [None req-ddea7486-d46e-43a6-ad35-1c65fe33dfff ee78d6d42e2d411996d44707ed18d2d4 46569893b85c4a9aaa2ee70dfd2345aa - - default default] GET http://[LB_IP_ADDRESS]:8776/v3/46569893b85c4a9aaa2ee70dfd2345aa/volumes/fee7f756-c41a-40ae-846b-cacce674c915
2026-02-18 22:10:33.167 73 INFO cinder.volume.api [None req-ddea7486-d46e-43a6-ad35-1c65fe33dfff ee78d6d42e2d411996d44707ed18d2d4 46569893b85c4a9aaa2ee70dfd2345aa - - default default] Volume info retrieved successfully.
2026-02-18 22:10:33.191 73 INFO cinder.api.openstack.wsgi [None req-ddea7486-d46e-43a6-ad35-1c65fe33dfff ee78d6d42e2d411996d44707ed18d2d4 46569893b85c4a9aaa2ee70dfd2345aa - - default default] http://[LB_IP_ADDRESS]:8776/v3/46569893b85c4a9aaa2ee70dfd2345aa/volumes/fee7f756-c41a-40ae-846b-cacce674c915 returned with HTTP 200
2026-02-18 22:10:33.212 76 INFO cinder.api.openstack.wsgi [None req-53997892-ea8e-484b-aea1-97d1b77851f6 ee78d6d42e2d411996d44707ed18d2d4 46569893b85c4a9aaa2ee70dfd2345aa - - default default] POST http://[LB_IP_ADDRESS]:8776/v3/46569893b85c4a9aaa2ee70dfd2345aa/group_snapshots
2026-02-18 22:10:33.235 76 INFO cinder.api.v3.group_snapshots [None req-53997892-ea8e-484b-aea1-97d1b77851f6 ee78d6d42e2d411996d44707ed18d2d4 46569893b85c4a9aaa2ee70dfd2345aa - - default default] Creating group_snapshot tempest-group_snapshot-1593500654.
2026-02-18 22:10:33.367 76 WARNING cinder.quota [None req-53997892-ea8e-484b-aea1-97d1b77851f6 ee78d6d42e2d411996d44707ed18d2d4 46569893b85c4a9aaa2ee70dfd2345aa - - default default] Deprecated: Default quota for resource: gigabytes_tempest-GroupSnapshotsTest-volume-type-103435583 is set by the default quota flag: quota_gigabytes_tempest-GroupSnapshotsTest-volume-type-103435583, it is now deprecated. Please use the default quota class for default quota.
2026-02-18 22:10:33.367 76 WARNING cinder.quota [None req-53997892-ea8e-484b-aea1-97d1b77851f6 ee78d6d42e2d411996d44707ed18d2d4 46569893b85c4a9aaa2ee70dfd2345aa - - default default] Deprecated: Default quota for resource: snapshots_tempest-GroupSnapshotsTest-volume-type-103435583 is set by the default quota flag: quota_snapshots_tempest-GroupSnapshotsTest-volume-type-103435583, it is now deprecated. Please use the default quota class for default quota.
2026-02-18 22:10:33.418 76 INFO cinder.api.openstack.wsgi [None req-53997892-ea8e-484b-aea1-97d1b77851f6 ee78d6d42e2d411996d44707ed18d2d4 46569893b85c4a9aaa2ee70dfd2345aa - - default default] http://[LB_IP_ADDRESS]:8776/v3/46569893b85c4a9aaa2ee70dfd2345aa/group_snapshots returned with HTTP 202
2026-02-18 22:10:33.432 72 INFO cinder.api.openstack.wsgi [None req-c0792a7a-6387-4d20-b41b-4abc6719d123 ee78d6d42e2d411996d44707ed18d2d4 46569893b85c4a9aaa2ee70dfd2345aa - - default default] GET http://[LB_IP_ADDRESS]:8776/v3/46569893b85c4a9aaa2ee70dfd2345aa/group_snapshots/6d3202b8-2ade-454b-a4f3-97b9b8533e45
2026-02-18 22:10:33.452 72 INFO cinder.api.openstack.wsgi [None req-c0792a7a-6387-4d20-b41b-4abc6719d123 ee78d6d42e2d411996d44707ed18d2d4 46569893b85c4a9aaa2ee70dfd2345aa - - default default] http://[LB_IP_ADDRESS]:8776/v3/46569893b85c4a9aaa2ee70dfd2345aa/group_snapshots/6d3202b8-2ade-454b-a4f3-97b9b8533e45 returned with HTTP 200
2026-02-18 22:10:33.931 75 INFO cinder.api.openstack.wsgi [None req-9e143c99-a8de-43b4-9b82-40aa5151e677 a2015429b8424bf8bb2092cb03815833 7779d90a95c344ab88315c7550e34dbc - - default default] GET http://[LB_IP_ADDRESS]:8776/v3/7779d90a95c344ab88315c7550e34dbc/volumes/9fe24dfa-feb3-41ba-8603-c3ff2cac8c09
2026-02-18 22:10:33.949 75 INFO cinder.volume.api [None req-9e143c99-a8de-43b4-9b82-40aa5151e677 a2015429b8424bf8bb2092cb03815833 7779d90a95c344ab88315c7550e34dbc - - default default] Volume info retrieved successfully.
2026-02-18 22:10:33.963 75 INFO cinder.api.openstack.wsgi [None req-9e143c99-a8de-43b4-9b82-40aa5151e677 a2015429b8424bf8bb2092cb03815833 7779d90a95c344ab88315c7550e34dbc - - default default] http://[LB_IP_ADDRESS]:8776/v3/7779d90a95c344ab88315c7550e34dbc/volumes/9fe24dfa-feb3-41ba-8603-c3ff2cac8c09 returned with HTTP 200
2026-02-18 22:10:33.983 74 INFO cinder.api.openstack.wsgi [None req-b1ba0cc2-933c-416f-a9f1-989745138bfa a2015429b8424bf8bb2092cb03815833 7779d90a95c344ab88315c7550e34dbc - - default default] POST http://[LB_IP_ADDRESS]:8776/v3/7779d90a95c344ab88315c7550e34dbc/group_snapshots
2026-02-18 22:10:34.004 74 INFO cinder.api.v3.group_snapshots [None req-b1ba0cc2-933c-416f-a9f1-989745138bfa a2015429b8424bf8bb2092cb03815833 7779d90a95c344ab88315c7550e34dbc - - default default] Creating group_snapshot tempest-GroupSnapshotsV319Test-Group_Snapshot-1471886750.
2026-02-18 22:10:34.150 74 WARNING cinder.quota [None req-b1ba0cc2-933c-416f-a9f1-989745138bfa a2015429b8424bf8bb2092cb03815833 7779d90a95c344ab88315c7550e34dbc - - default default] Deprecated: Default quota for resource: gigabytes_tempest-GroupSnapshotsV319Test-volume-type-263892359 is set by the default quota flag: quota_gigabytes_tempest-GroupSnapshotsV319Test-volume-type-263892359, it is now deprecated. Please use the default quota class for default quota.
2026-02-18 22:10:34.151 74 WARNING cinder.quota [None req-b1ba0cc2-933c-416f-a9f1-989745138bfa a2015429b8424bf8bb2092cb03815833 7779d90a95c344ab88315c7550e34dbc - - default default] Deprecated: Default quota for resource: snapshots_tempest-GroupSnapshotsV319Test-volume-type-263892359 is set by the default quota flag: quota_snapshots_tempest-GroupSnapshotsV319Test-volume-type-263892359, it is now deprecated. Please use the default quota class for default quota.
2026-02-18 22:10:34.199 74 INFO cinder.api.openstack.wsgi [None req-b1ba0cc2-933c-416f-a9f1-989745138bfa a2015429b8424bf8bb2092cb03815833 7779d90a95c344ab88315c7550e34dbc - - default default] http://[LB_IP_ADDRESS]:8776/v3/7779d90a95c344ab88315c7550e34dbc/group_snapshots returned with HTTP 202
2026-02-18 22:10:34.213 73 INFO cinder.api.openstack.wsgi [None req-474dcf1f-9e46-49c3-8cf1-17893fbaf1a5 a2015429b8424bf8bb2092cb03815833 7779d90a95c344ab88315c7550e34dbc - - default default] GET http://[LB_IP_ADDRESS]:8776/v3/7779d90a95c344ab88315c7550e34dbc/group_snapshots/84b91b09-04f8-4022-8199-bab64fec6cd4
2026-02-18 22:10:34.236 73 INFO cinder.api.openstack.wsgi [None req-474dcf1f-9e46-49c3-8cf1-17893fbaf1a5 a2015429b8424bf8bb2092cb03815833 7779d90a95c344ab88315c7550e34dbc - - default default] http://[LB_IP_ADDRESS]:8776/v3/7779d90a95c344ab88315c7550e34dbc/group_snapshots/84b91b09-04f8-4022-8199-bab64fec6cd4 returned with HTTP 200
2026-02-18 22:10:34.469 76 INFO cinder.api.openstack.wsgi [None req-cade5064-c93c-41f4-8496-479300763261 ee78d6d42e2d411996d44707ed18d2d4 46569893b85c4a9aaa2ee70dfd2345aa - - default default] GET http://[LB_IP_ADDRESS]:8776/v3/46569893b85c4a9aaa2ee70dfd2345aa/group_snapshots/6d3202b8-2ade-454b-a4f3-97b9b8533e45
2026-02-18 22:10:34.491 76 INFO cinder.api.openstack.wsgi [None req-cade5064-c93c-41f4-8496-479300763261 ee78d6d42e2d411996d44707ed18d2d4 46569893b85c4a9aaa2ee70dfd2345aa - - default default] http://[LB_IP_ADDRESS]:8776/v3/46569893b85c4a9aaa2ee70dfd2345aa/group_snapshots/6d3202b8-2ade-454b-a4f3-97b9b8533e45 returned with HTTP 200
2026-02-18 22:10:35.251 72 INFO cinder.api.openstack.wsgi [None req-b57788b3-95b8-4276-98a8-47f79d5fedce a2015429b8424bf8bb2092cb03815833 7779d90a95c344ab88315c7550e34dbc - - default default] GET http://[LB_IP_ADDRESS]:8776/v3/7779d90a95c344ab88315c7550e34dbc/group_snapshots/84b91b09-04f8-4022-8199-bab64fec6cd4
2026-02-18 22:10:35.272 72 INFO cinder.api.openstack.wsgi [None req-b57788b3-95b8-4276-98a8-47f79d5fedce a2015429b8424bf8bb2092cb03815833 7779d90a95c344ab88315c7550e34dbc - - default default] http://[LB_IP_ADDRESS]:8776/v3/7779d90a95c344ab88315c7550e34dbc/group_snapshots/84b91b09-04f8-4022-8199-bab64fec6cd4 returned with HTTP 200
2026-02-18 22:10:35.507 75 INFO cinder.api.openstack.wsgi [None req-5fb66e46-1a42-4347-876f-abe0ea8c8728 ee78d6d42e2d411996d44707ed18d2d4 46569893b85c4a9aaa2ee70dfd2345aa - - default default] GET http://[LB_IP_ADDRESS]:8776/v3/46569893b85c4a9aaa2ee70dfd2345aa/group_snapshots/6d3202b8-2ade-454b-a4f3-97b9b8533e45
2026-02-18 22:10:35.520 75 INFO cinder.api.openstack.wsgi [None req-5fb66e46-1a42-4347-876f-abe0ea8c8728 ee78d6d42e2d411996d44707ed18d2d4 46569893b85c4a9aaa2ee70dfd2345aa - - default default] http://[LB_IP_ADDRESS]:8776/v3/46569893b85c4a9aaa2ee70dfd2345aa/group_snapshots/6d3202b8-2ade-454b-a4f3-97b9b8533e45 returned with HTTP 200
2026-02-18 22:10:35.535 74 INFO cinder.api.openstack.wsgi [None req-f91b1423-b766-4973-a1db-823a37ce0d52 ee78d6d42e2d411996d44707ed18d2d4 46569893b85c4a9aaa2ee70dfd2345aa - - default default] GET http://[LB_IP_ADDRESS]:8776/v3/46569893b85c4a9aaa2ee70dfd2345aa/snapshots/detail
2026-02-18 22:10:35.542 74 INFO cinder.volume.api [None req-f91b1423-b766-4973-a1db-823a37ce0d52 ee78d6d42e2d411996d44707ed18d2d4 46569893b85c4a9aaa2ee70dfd2345aa - - default default] Get all snapshots completed successfully.
2026-02-18 22:10:35.544 74 INFO cinder.api.openstack.wsgi [None req-f91b1423-b766-4973-a1db-823a37ce0d52 ee78d6d42e2d411996d44707ed18d2d4 46569893b85c4a9aaa2ee70dfd2345aa - - default default] http://[LB_IP_ADDRESS]:8776/v3/46569893b85c4a9aaa2ee70dfd2345aa/snapshots/detail returned with HTTP 200
2026-02-18 22:10:35.560 73 INFO cinder.api.openstack.wsgi [None req-2842d3ca-4613-40fb-adee-276c70f3104a ee78d6d42e2d411996d44707ed18d2d4 46569893b85c4a9aaa2ee70dfd2345aa - - default default] GET http://[LB_IP_ADDRESS]:8776/v3/46569893b85c4a9aaa2ee70dfd2345aa/snapshots/72c1fd03-a984-4f57-bd16-1493068197ce
2026-02-18 22:10:35.570 73 INFO cinder.volume.api [None req-2842d3ca-4613-40fb-adee-276c70f3104a ee78d6d42e2d411996d44707ed18d2d4 46569893b85c4a9aaa2ee70dfd2345aa - - default default] Snapshot retrieved successfully.
2026-02-18 22:10:35.572 73 INFO cinder.api.openstack.wsgi [None req-2842d3ca-4613-40fb-adee-276c70f3104a ee78d6d42e2d411996d44707ed18d2d4 46569893b85c4a9aaa2ee70dfd2345aa - - default default] http://[LB_IP_ADDRESS]:8776/v3/46569893b85c4a9aaa2ee70dfd2345aa/snapshots/72c1fd03-a984-4f57-bd16-1493068197ce returned with HTTP 200
2026-02-18 22:10:35.587 76 INFO cinder.api.openstack.wsgi [None req-a199f255-3e07-4b47-a4ef-2caaa883717a ee78d6d42e2d411996d44707ed18d2d4 46569893b85c4a9aaa2ee70dfd2345aa - - default default] POST http://[LB_IP_ADDRESS]:8776/v3/46569893b85c4a9aaa2ee70dfd2345aa/groups/action
2026-02-18 22:10:35.591 76 INFO cinder.api.v3.groups [None req-a199f255-3e07-4b47-a4ef-2caaa883717a ee78d6d42e2d411996d44707ed18d2d4 46569893b85c4a9aaa2ee70dfd2345aa - - default default] Creating group tempest-Group_from_snap-13414005 from group_snapshot 6d3202b8-2ade-454b-a4f3-97b9b8533e45.
2026-02-18 22:10:36.284 72 INFO cinder.api.openstack.wsgi [None req-64a81af2-d749-44d1-b6ae-749a5d2a67fc 04d7947a18eb406fa97e12426d88bcd4 575b960b00d74cb8a51cf29f43c57ad2 - - default default] POST http://[LB_IP_ADDRESS]:8776/v3/575b960b00d74cb8a51cf29f43c57ad2/qos-specs
2026-02-18 22:10:36.287 75 INFO cinder.api.openstack.wsgi [None req-2f17ed0b-84d0-486c-bef8-e2a976b6c3bf a2015429b8424bf8bb2092cb03815833 7779d90a95c344ab88315c7550e34dbc - - default default] GET http://[LB_IP_ADDRESS]:8776/v3/7779d90a95c344ab88315c7550e34dbc/group_snapshots/84b91b09-04f8-4022-8199-bab64fec6cd4
2026-02-18 22:10:36.302 75 INFO cinder.api.openstack.wsgi [None req-2f17ed0b-84d0-486c-bef8-e2a976b6c3bf a2015429b8424bf8bb2092cb03815833 7779d90a95c344ab88315c7550e34dbc - - default default] http://[LB_IP_ADDRESS]:8776/v3/7779d90a95c344ab88315c7550e34dbc/group_snapshots/84b91b09-04f8-4022-8199-bab64fec6cd4 returned with HTTP 200
2026-02-18 22:10:36.311 74 INFO cinder.api.openstack.wsgi [None req-bf2a76af-f2e9-4543-9f89-f4db38add383 a2015429b8424bf8bb2092cb03815833 7779d90a95c344ab88315c7550e34dbc - - default default] GET http://[LB_IP_ADDRESS]:8776/v3/7779d90a95c344ab88315c7550e34dbc/snapshots/detail
2026-02-18 22:10:36.316 72 INFO cinder.api.openstack.wsgi [None req-64a81af2-d749-44d1-b6ae-749a5d2a67fc 04d7947a18eb406fa97e12426d88bcd4 575b960b00d74cb8a51cf29f43c57ad2 - - default default] http://[LB_IP_ADDRESS]:8776/v3/575b960b00d74cb8a51cf29f43c57ad2/qos-specs returned with HTTP 200
2026-02-18 22:10:36.317 74 INFO cinder.volume.api [None req-bf2a76af-f2e9-4543-9f89-f4db38add383 a2015429b8424bf8bb2092cb03815833 7779d90a95c344ab88315c7550e34dbc - - default default] Get all snapshots completed successfully.
2026-02-18 22:10:36.318 74 INFO cinder.api.openstack.wsgi [None req-bf2a76af-f2e9-4543-9f89-f4db38add383 a2015429b8424bf8bb2092cb03815833 7779d90a95c344ab88315c7550e34dbc - - default default] http://[LB_IP_ADDRESS]:8776/v3/7779d90a95c344ab88315c7550e34dbc/snapshots/detail returned with HTTP 200
2026-02-18 22:10:36.331 75 INFO cinder.api.openstack.wsgi [None req-a57f32be-503e-4d84-b49d-52b738d23c87 a2015429b8424bf8bb2092cb03815833 7779d90a95c344ab88315c7550e34dbc - - default default] GET http://[LB_IP_ADDRESS]:8776/v3/7779d90a95c344ab88315c7550e34dbc/snapshots/3d87afb8-edeb-46de-976b-e19e27b00a0c
2026-02-18 22:10:36.331 73 INFO cinder.api.openstack.wsgi [None req-7d5a7772-751d-408b-8d20-fd579530402d 04d7947a18eb406fa97e12426d88bcd4 575b960b00d74cb8a51cf29f43c57ad2 - - default default] POST http://[LB_IP_ADDRESS]:8776/v3/575b960b00d74cb8a51cf29f43c57ad2/types
2026-02-18 22:10:36.339 75 INFO cinder.volume.api [None req-a57f32be-503e-4d84-b49d-52b738d23c87 a2015429b8424bf8bb2092cb03815833 7779d90a95c344ab88315c7550e34dbc - - default default] Snapshot retrieved successfully.
2026-02-18 22:10:36.341 75 INFO cinder.api.openstack.wsgi [None req-a57f32be-503e-4d84-b49d-52b738d23c87 a2015429b8424bf8bb2092cb03815833 7779d90a95c344ab88315c7550e34dbc - - default default] http://[LB_IP_ADDRESS]:8776/v3/7779d90a95c344ab88315c7550e34dbc/snapshots/3d87afb8-edeb-46de-976b-e19e27b00a0c returned with HTTP 200
2026-02-18 22:10:36.357 72 INFO cinder.api.openstack.wsgi [None req-85e12bd6-0740-4470-87a9-fd5d204a3f5d 12b08b89bc3140a7a03aa55012eec71d 5dea05523c6f4b04b36356a9bbf47cf5 - - default default] POST http://[LB_IP_ADDRESS]:8776/v3/5dea05523c6f4b04b36356a9bbf47cf5/group_snapshots/84b91b09-04f8-4022-8199-bab64fec6cd4/action
2026-02-18 22:10:36.372 72 INFO cinder.api.openstack.wsgi [None req-85e12bd6-0740-4470-87a9-fd5d204a3f5d 12b08b89bc3140a7a03aa55012eec71d 5dea05523c6f4b04b36356a9bbf47cf5 - - default default] http://[LB_IP_ADDRESS]:8776/v3/5dea05523c6f4b04b36356a9bbf47cf5/group_snapshots/84b91b09-04f8-4022-8199-bab64fec6cd4/action returned with HTTP 202
2026-02-18 22:10:36.375 73 INFO cinder.api.openstack.wsgi [None req-7d5a7772-751d-408b-8d20-fd579530402d 04d7947a18eb406fa97e12426d88bcd4 575b960b00d74cb8a51cf29f43c57ad2 - - default default] http://[LB_IP_ADDRESS]:8776/v3/575b960b00d74cb8a51cf29f43c57ad2/types returned with HTTP 200
2026-02-18 22:10:36.382 74 INFO cinder.api.openstack.wsgi [None req-54905aca-6f0c-400e-9e02-0fceb26d1e2b a2015429b8424bf8bb2092cb03815833 7779d90a95c344ab88315c7550e34dbc - - default default] GET http://[LB_IP_ADDRESS]:8776/v3/7779d90a95c344ab88315c7550e34dbc/group_snapshots/84b91b09-04f8-4022-8199-bab64fec6cd4
2026-02-18 22:10:36.389 75 INFO cinder.api.openstack.wsgi [None req-6777ecb6-b8d0-41f0-9fec-fddb38c2f1e3 04d7947a18eb406fa97e12426d88bcd4 575b960b00d74cb8a51cf29f43c57ad2 - - default default] POST http://[LB_IP_ADDRESS]:8776/v3/575b960b00d74cb8a51cf29f43c57ad2/types
2026-02-18 22:10:36.405 74 INFO cinder.api.openstack.wsgi [None req-54905aca-6f0c-400e-9e02-0fceb26d1e2b a2015429b8424bf8bb2092cb03815833 7779d90a95c344ab88315c7550e34dbc - - default default] http://[LB_IP_ADDRESS]:8776/v3/7779d90a95c344ab88315c7550e34dbc/group_snapshots/84b91b09-04f8-4022-8199-bab64fec6cd4 returned with HTTP 200
2026-02-18 22:10:36.414 75 INFO cinder.api.openstack.wsgi [None req-6777ecb6-b8d0-41f0-9fec-fddb38c2f1e3 04d7947a18eb406fa97e12426d88bcd4 575b960b00d74cb8a51cf29f43c57ad2 - - default default] http://[LB_IP_ADDRESS]:8776/v3/575b960b00d74cb8a51cf29f43c57ad2/types returned with HTTP 200
2026-02-18 22:10:36.419 72 INFO cinder.api.openstack.wsgi [None req-22812b3f-ac68-4fdd-ac6d-d48b9263e2c6 12b08b89bc3140a7a03aa55012eec71d 5dea05523c6f4b04b36356a9bbf47cf5 - - default default] POST http://[LB_IP_ADDRESS]:8776/v3/5dea05523c6f4b04b36356a9bbf47cf5/group_snapshots/84b91b09-04f8-4022-8199-bab64fec6cd4/action
2026-02-18 22:10:36.425 73 INFO cinder.api.openstack.wsgi [None req-46f2161d-a0e2-4e66-9b1c-182923b80314 04d7947a18eb406fa97e12426d88bcd4 575b960b00d74cb8a51cf29f43c57ad2 - - default default] POST http://[LB_IP_ADDRESS]:8776/v3/575b960b00d74cb8a51cf29f43c57ad2/types
2026-02-18 22:10:36.431 72 INFO cinder.api.openstack.wsgi [None req-22812b3f-ac68-4fdd-ac6d-d48b9263e2c6 12b08b89bc3140a7a03aa55012eec71d 5dea05523c6f4b04b36356a9bbf47cf5 - - default default] http://[LB_IP_ADDRESS]:8776/v3/5dea05523c6f4b04b36356a9bbf47cf5/group_snapshots/84b91b09-04f8-4022-8199-bab64fec6cd4/action returned with HTTP 202
2026-02-18 22:10:36.441 74 INFO cinder.api.openstack.wsgi [None req-f5cc152f-4953-4d4c-9587-849afd404506 a2015429b8424bf8bb2092cb03815833 7779d90a95c344ab88315c7550e34dbc - - default default] GET http://[LB_IP_ADDRESS]:8776/v3/7779d90a95c344ab88315c7550e34dbc/group_snapshots/84b91b09-04f8-4022-8199-bab64fec6cd4
2026-02-18 22:10:36.454 74 INFO cinder.api.openstack.wsgi [None req-f5cc152f-4953-4d4c-9587-849afd404506 a2015429b8424bf8bb2092cb03815833 7779d90a95c344ab88315c7550e34dbc - - default default] http://[LB_IP_ADDRESS]:8776/v3/7779d90a95c344ab88315c7550e34dbc/group_snapshots/84b91b09-04f8-4022-8199-bab64fec6cd4 returned with HTTP 200
2026-02-18 22:10:36.464 75 INFO cinder.api.openstack.wsgi [None req-b74eaef1-3239-4e0d-80b4-856108148eb9 12b08b89bc3140a7a03aa55012eec71d 5dea05523c6f4b04b36356a9bbf47cf5 - - default default] POST http://[LB_IP_ADDRESS]:8776/v3/5dea05523c6f4b04b36356a9bbf47cf5/group_snapshots/84b91b09-04f8-4022-8199-bab64fec6cd4/action
2026-02-18 22:10:36.470 73 INFO cinder.api.openstack.wsgi [None req-46f2161d-a0e2-4e66-9b1c-182923b80314 04d7947a18eb406fa97e12426d88bcd4 575b960b00d74cb8a51cf29f43c57ad2 - - default default] http://[LB_IP_ADDRESS]:8776/v3/575b960b00d74cb8a51cf29f43c57ad2/types returned with HTTP 200
2026-02-18 22:10:36.473 75 INFO cinder.api.openstack.wsgi [None req-b74eaef1-3239-4e0d-80b4-856108148eb9 12b08b89bc3140a7a03aa55012eec71d 5dea05523c6f4b04b36356a9bbf47cf5 - - default default] http://[LB_IP_ADDRESS]:8776/v3/5dea05523c6f4b04b36356a9bbf47cf5/group_snapshots/84b91b09-04f8-4022-8199-bab64fec6cd4/action returned with HTTP 202
2026-02-18 22:10:36.483 74 INFO cinder.api.openstack.wsgi [None req-adc8a133-06c9-4d0f-b6c8-84cc9db71060 04d7947a18eb406fa97e12426d88bcd4 575b960b00d74cb8a51cf29f43c57ad2 - - default default] GET http://[LB_IP_ADDRESS]:8776/v3/575b960b00d74cb8a51cf29f43c57ad2/qos-specs/03445cda-8e47-4cd8-a987-acfb2f95a942/associate?vol_type_id=7f1e55e4-a715-4e4d-95d4-e63168974ccc
2026-02-18 22:10:36.485 72 INFO cinder.api.openstack.wsgi [None req-9183cfcc-e2b6-4fa2-bbfd-d7e28f331d1b a2015429b8424bf8bb2092cb03815833 7779d90a95c344ab88315c7550e34dbc - - default default] GET http://[LB_IP_ADDRESS]:8776/v3/7779d90a95c344ab88315c7550e34dbc/group_snapshots/84b91b09-04f8-4022-8199-bab64fec6cd4
2026-02-18 22:10:36.502 74 INFO cinder.api.openstack.wsgi [None req-adc8a133-06c9-4d0f-b6c8-84cc9db71060 04d7947a18eb406fa97e12426d88bcd4 575b960b00d74cb8a51cf29f43c57ad2 - - default default] http://[LB_IP_ADDRESS]:8776/v3/575b960b00d74cb8a51cf29f43c57ad2/qos-specs/03445cda-8e47-4cd8-a987-acfb2f95a942/associate?vol_type_id=7f1e55e4-a715-4e4d-95d4-e63168974ccc returned with HTTP 202
2026-02-18 22:10:36.508 72 INFO cinder.api.openstack.wsgi [None req-9183cfcc-e2b6-4fa2-bbfd-d7e28f331d1b a2015429b8424bf8bb2092cb03815833 7779d90a95c344ab88315c7550e34dbc - - default default] http://[LB_IP_ADDRESS]:8776/v3/7779d90a95c344ab88315c7550e34dbc/group_snapshots/84b91b09-04f8-4022-8199-bab64fec6cd4 returned with HTTP 200
2026-02-18 22:10:36.512 73 INFO cinder.api.openstack.wsgi [None req-a2f02a57-d6f4-46bf-953e-a2a58745f43a 04d7947a18eb406fa97e12426d88bcd4 575b960b00d74cb8a51cf29f43c57ad2 - - default default] GET http://[LB_IP_ADDRESS]:8776/v3/575b960b00d74cb8a51cf29f43c57ad2/qos-specs/03445cda-8e47-4cd8-a987-acfb2f95a942/associate?vol_type_id=2b2f8ea1-1f50-4150-8e98-da4732165701
2026-02-18 22:10:36.515 76 INFO cinder.group.api [None req-a199f255-3e07-4b47-a4ef-2caaa883717a ee78d6d42e2d411996d44707ed18d2d4 46569893b85c4a9aaa2ee70dfd2345aa - - default default] A mapping entry already exists for group 336b3c55-e31a-4425-ad0c-fe6524654ee5 and volume type 56ba6a41-69a1-4fe6-9565-23e1e9ea16e1. Do not need to create again.
2026-02-18 22:10:36.516 76 INFO cinder.volume.api [None req-a199f255-3e07-4b47-a4ef-2caaa883717a ee78d6d42e2d411996d44707ed18d2d4 46569893b85c4a9aaa2ee70dfd2345aa - - default default] Availability Zones retrieved successfully.
2026-02-18 22:10:36.519 75 INFO cinder.api.openstack.wsgi [None req-7340c2fb-136d-4e92-8ab2-799622164c56 12b08b89bc3140a7a03aa55012eec71d 5dea05523c6f4b04b36356a9bbf47cf5 - - default default] POST http://[LB_IP_ADDRESS]:8776/v3/5dea05523c6f4b04b36356a9bbf47cf5/group_snapshots/84b91b09-04f8-4022-8199-bab64fec6cd4/action
2026-02-18 22:10:36.528 73 INFO cinder.api.openstack.wsgi [None req-a2f02a57-d6f4-46bf-953e-a2a58745f43a 04d7947a18eb406fa97e12426d88bcd4 575b960b00d74cb8a51cf29f43c57ad2 - - default default] http://[LB_IP_ADDRESS]:8776/v3/575b960b00d74cb8a51cf29f43c57ad2/qos-specs/03445cda-8e47-4cd8-a987-acfb2f95a942/associate?vol_type_id=2b2f8ea1-1f50-4150-8e98-da4732165701 returned with HTTP 202
2026-02-18 22:10:36.529 75 INFO cinder.api.openstack.wsgi [None req-7340c2fb-136d-4e92-8ab2-799622164c56 12b08b89bc3140a7a03aa55012eec71d 5dea05523c6f4b04b36356a9bbf47cf5 - - default default] http://[LB_IP_ADDRESS]:8776/v3/5dea05523c6f4b04b36356a9bbf47cf5/group_snapshots/84b91b09-04f8-4022-8199-bab64fec6cd4/action returned with HTTP 202
2026-02-18 22:10:36.537 72 INFO cinder.api.openstack.wsgi [None req-e0a4990a-8c33-424f-b1c3-5d8d69f776a5 a2015429b8424bf8bb2092cb03815833 7779d90a95c344ab88315c7550e34dbc - - default default] GET http://[LB_IP_ADDRESS]:8776/v3/7779d90a95c344ab88315c7550e34dbc/group_snapshots/84b91b09-04f8-4022-8199-bab64fec6cd4
2026-02-18 22:10:36.540 74 INFO cinder.api.openstack.wsgi [None req-aa1beb8c-1e88-4573-94dc-d835b906e3ab 04d7947a18eb406fa97e12426d88bcd4 575b960b00d74cb8a51cf29f43c57ad2 - - default default] GET http://[LB_IP_ADDRESS]:8776/v3/575b960b00d74cb8a51cf29f43c57ad2/qos-specs/03445cda-8e47-4cd8-a987-acfb2f95a942/associate?vol_type_id=903d2b33-ead6-4aba-aa35-6cb769df8fe5
2026-02-18 22:10:36.556 72 INFO cinder.api.openstack.wsgi [None req-e0a4990a-8c33-424f-b1c3-5d8d69f776a5 a2015429b8424bf8bb2092cb03815833 7779d90a95c344ab88315c7550e34dbc - - default default] http://[LB_IP_ADDRESS]:8776/v3/7779d90a95c344ab88315c7550e34dbc/group_snapshots/84b91b09-04f8-4022-8199-bab64fec6cd4 returned with HTTP 200
2026-02-18 22:10:36.561 74 INFO cinder.api.openstack.wsgi [None req-aa1beb8c-1e88-4573-94dc-d835b906e3ab 04d7947a18eb406fa97e12426d88bcd4 575b960b00d74cb8a51cf29f43c57ad2 - - default default] http://[LB_IP_ADDRESS]:8776/v3/575b960b00d74cb8a51cf29f43c57ad2/qos-specs/03445cda-8e47-4cd8-a987-acfb2f95a942/associate?vol_type_id=903d2b33-ead6-4aba-aa35-6cb769df8fe5 returned with HTTP 202
2026-02-18 22:10:36.568 73 INFO cinder.api.openstack.wsgi [None req-95516df7-7151-4ed2-9e90-0c2daa28adff a2015429b8424bf8bb2092cb03815833 7779d90a95c344ab88315c7550e34dbc - - default default] DELETE http://[LB_IP_ADDRESS]:8776/v3/7779d90a95c344ab88315c7550e34dbc/group_snapshots/84b91b09-04f8-4022-8199-bab64fec6cd4
2026-02-18 22:10:36.569 73 INFO cinder.api.v3.group_snapshots [None req-95516df7-7151-4ed2-9e90-0c2daa28adff a2015429b8424bf8bb2092cb03815833 7779d90a95c344ab88315c7550e34dbc - - default default] Delete group_snapshot with id: 84b91b09-04f8-4022-8199-bab64fec6cd4
2026-02-18 22:10:36.574 75 INFO cinder.api.openstack.wsgi [None req-7110e47d-7696-404a-a3a6-e7aa4ba14763 04d7947a18eb406fa97e12426d88bcd4 575b960b00d74cb8a51cf29f43c57ad2 - - default default] GET http://[LB_IP_ADDRESS]:8776/v3/575b960b00d74cb8a51cf29f43c57ad2/qos-specs/03445cda-8e47-4cd8-a987-acfb2f95a942/associations
2026-02-18 22:10:36.585 75 INFO cinder.api.openstack.wsgi [None req-7110e47d-7696-404a-a3a6-e7aa4ba14763 04d7947a18eb406fa97e12426d88bcd4 575b960b00d74cb8a51cf29f43c57ad2 - - default default] http://[LB_IP_ADDRESS]:8776/v3/575b960b00d74cb8a51cf29f43c57ad2/qos-specs/03445cda-8e47-4cd8-a987-acfb2f95a942/associations returned with HTTP 200
2026-02-18 22:10:36.597 72 INFO cinder.api.openstack.wsgi [None req-b68c5ec4-cfd1-4f8f-a2b8-dc58384475d3 04d7947a18eb406fa97e12426d88bcd4 575b960b00d74cb8a51cf29f43c57ad2 - - default default] GET http://[LB_IP_ADDRESS]:8776/v3/575b960b00d74cb8a51cf29f43c57ad2/qos-specs/03445cda-8e47-4cd8-a987-acfb2f95a942/disassociate?vol_type_id=7f1e55e4-a715-4e4d-95d4-e63168974ccc
2026-02-18 22:10:36.611 72 INFO cinder.api.openstack.wsgi [None req-b68c5ec4-cfd1-4f8f-a2b8-dc58384475d3 04d7947a18eb406fa97e12426d88bcd4 575b960b00d74cb8a51cf29f43c57ad2 - - default default] http://[LB_IP_ADDRESS]:8776/v3/575b960b00d74cb8a51cf29f43c57ad2/qos-specs/03445cda-8e47-4cd8-a987-acfb2f95a942/disassociate?vol_type_id=7f1e55e4-a715-4e4d-95d4-e63168974ccc returned with HTTP 202
2026-02-18 22:10:36.613 73 INFO cinder.api.openstack.wsgi [None req-95516df7-7151-4ed2-9e90-0c2daa28adff a2015429b8424bf8bb2092cb03815833 7779d90a95c344ab88315c7550e34dbc - - default default] http://[LB_IP_ADDRESS]:8776/v3/7779d90a95c344ab88315c7550e34dbc/group_snapshots/84b91b09-04f8-4022-8199-bab64fec6cd4 returned with HTTP 202
2026-02-18 22:10:36.624 74 INFO cinder.api.openstack.wsgi [None req-4d29e817-ec7c-4d13-9df7-8f1ba4c022bc 04d7947a18eb406fa97e12426d88bcd4 575b960b00d74cb8a51cf29f43c57ad2 - - default default] GET http://[LB_IP_ADDRESS]:8776/v3/575b960b00d74cb8a51cf29f43c57ad2/qos-specs/03445cda-8e47-4cd8-a987-acfb2f95a942/associations
2026-02-18 22:10:36.624 75 INFO cinder.api.openstack.wsgi [None req-9a086407-4003-488e-86a5-0eac5fcda99e a2015429b8424bf8bb2092cb03815833 7779d90a95c344ab88315c7550e34dbc - - default default] GET http://[LB_IP_ADDRESS]:8776/v3/7779d90a95c344ab88315c7550e34dbc/volumes/detail
2026-02-18 22:10:36.635 74 INFO cinder.api.openstack.wsgi [None req-4d29e817-ec7c-4d13-9df7-8f1ba4c022bc 04d7947a18eb406fa97e12426d88bcd4 575b960b00d74cb8a51cf29f43c57ad2 - - default default] http://[LB_IP_ADDRESS]:8776/v3/575b960b00d74cb8a51cf29f43c57ad2/qos-specs/03445cda-8e47-4cd8-a987-acfb2f95a942/associations returned with HTTP 200
2026-02-18 22:10:36.638 75 INFO cinder.volume.api [None req-9a086407-4003-488e-86a5-0eac5fcda99e a2015429b8424bf8bb2092cb03815833 7779d90a95c344ab88315c7550e34dbc - - default default] Get all volumes completed successfully.
2026-02-18 22:10:36.646 72 INFO cinder.api.openstack.wsgi [None req-a28b29cf-3644-4770-8c6e-046baa43849d 04d7947a18eb406fa97e12426d88bcd4 575b960b00d74cb8a51cf29f43c57ad2 - - default default] GET http://[LB_IP_ADDRESS]:8776/v3/575b960b00d74cb8a51cf29f43c57ad2/qos-specs/03445cda-8e47-4cd8-a987-acfb2f95a942/disassociate_all
2026-02-18 22:10:36.658 75 INFO cinder.api.openstack.wsgi [None req-9a086407-4003-488e-86a5-0eac5fcda99e a2015429b8424bf8bb2092cb03815833 7779d90a95c344ab88315c7550e34dbc - - default default] http://[LB_IP_ADDRESS]:8776/v3/7779d90a95c344ab88315c7550e34dbc/volumes/detail returned with HTTP 200
2026-02-18 22:10:36.658 72 INFO cinder.api.openstack.wsgi [None req-a28b29cf-3644-4770-8c6e-046baa43849d 04d7947a18eb406fa97e12426d88bcd4 575b960b00d74cb8a51cf29f43c57ad2 - - default default] http://[LB_IP_ADDRESS]:8776/v3/575b960b00d74cb8a51cf29f43c57ad2/qos-specs/03445cda-8e47-4cd8-a987-acfb2f95a942/disassociate_all returned with HTTP 202
2026-02-18 22:10:36.672 73 INFO cinder.api.openstack.wsgi [None req-ac6bbc2d-eadd-4cff-ba9b-adb83945ec70 04d7947a18eb406fa97e12426d88bcd4 575b960b00d74cb8a51cf29f43c57ad2 - - default default] GET http://[LB_IP_ADDRESS]:8776/v3/575b960b00d74cb8a51cf29f43c57ad2/qos-specs/03445cda-8e47-4cd8-a987-acfb2f95a942/associations
2026-02-18 22:10:36.676 74 INFO cinder.api.openstack.wsgi [None req-e0e3d8a6-ebbf-43da-a620-77d0c89acec7 a2015429b8424bf8bb2092cb03815833 7779d90a95c344ab88315c7550e34dbc - - default default] GET http://[LB_IP_ADDRESS]:8776/v3/7779d90a95c344ab88315c7550e34dbc/snapshots/detail
2026-02-18 22:10:36.682 74 INFO cinder.volume.api [None req-e0e3d8a6-ebbf-43da-a620-77d0c89acec7 a2015429b8424bf8bb2092cb03815833 7779d90a95c344ab88315c7550e34dbc - - default default] Get all snapshots completed successfully.
2026-02-18 22:10:36.683 73 INFO cinder.api.openstack.wsgi [None req-ac6bbc2d-eadd-4cff-ba9b-adb83945ec70 04d7947a18eb406fa97e12426d88bcd4 575b960b00d74cb8a51cf29f43c57ad2 - - default default] http://[LB_IP_ADDRESS]:8776/v3/575b960b00d74cb8a51cf29f43c57ad2/qos-specs/03445cda-8e47-4cd8-a987-acfb2f95a942/associations returned with HTTP 200
2026-02-18 22:10:36.684 74 INFO cinder.api.openstack.wsgi [None req-e0e3d8a6-ebbf-43da-a620-77d0c89acec7 a2015429b8424bf8bb2092cb03815833 7779d90a95c344ab88315c7550e34dbc - - default default] http://[LB_IP_ADDRESS]:8776/v3/7779d90a95c344ab88315c7550e34dbc/snapshots/detail returned with HTTP 200
2026-02-18 22:10:36.696 72 INFO cinder.api.openstack.wsgi [None req-7340bb96-a051-4674-afe0-2f4dbd179c27 04d7947a18eb406fa97e12426d88bcd4 575b960b00d74cb8a51cf29f43c57ad2 - - default default] DELETE http://[LB_IP_ADDRESS]:8776/v3/575b960b00d74cb8a51cf29f43c57ad2/types/903d2b33-ead6-4aba-aa35-6cb769df8fe5
2026-02-18 22:10:36.699 75 INFO cinder.api.openstack.wsgi [None req-569a82cb-1bff-4be2-9285-6c8332f45a0e a2015429b8424bf8bb2092cb03815833 7779d90a95c344ab88315c7550e34dbc - - default default] GET http://[LB_IP_ADDRESS]:8776/v3/7779d90a95c344ab88315c7550e34dbc/snapshots/3d87afb8-edeb-46de-976b-e19e27b00a0c
2026-02-18 22:10:36.708 75 INFO cinder.volume.api [None req-569a82cb-1bff-4be2-9285-6c8332f45a0e a2015429b8424bf8bb2092cb03815833 7779d90a95c344ab88315c7550e34dbc - - default default] Snapshot retrieved successfully.
2026-02-18 22:10:36.709 75 INFO cinder.api.openstack.wsgi [None req-569a82cb-1bff-4be2-9285-6c8332f45a0e a2015429b8424bf8bb2092cb03815833 7779d90a95c344ab88315c7550e34dbc - - default default] http://[LB_IP_ADDRESS]:8776/v3/7779d90a95c344ab88315c7550e34dbc/snapshots/3d87afb8-edeb-46de-976b-e19e27b00a0c returned with HTTP 200
2026-02-18 22:10:36.754 72 INFO cinder.api.openstack.wsgi [None req-7340bb96-a051-4674-afe0-2f4dbd179c27 04d7947a18eb406fa97e12426d88bcd4 575b960b00d74cb8a51cf29f43c57ad2 - - default default] http://[LB_IP_ADDRESS]:8776/v3/575b960b00d74cb8a51cf29f43c57ad2/types/903d2b33-ead6-4aba-aa35-6cb769df8fe5 returned with HTTP 202
2026-02-18 22:10:36.766 73 INFO cinder.api.openstack.wsgi [None req-d7c25ee6-cee5-4dda-8c3f-ef670fa3e55c 04d7947a18eb406fa97e12426d88bcd4 575b960b00d74cb8a51cf29f43c57ad2 - - default default] GET http://[LB_IP_ADDRESS]:8776/v3/575b960b00d74cb8a51cf29f43c57ad2/types/903d2b33-ead6-4aba-aa35-6cb769df8fe5
2026-02-18 22:10:36.772 73 INFO cinder.api.openstack.wsgi [None req-d7c25ee6-cee5-4dda-8c3f-ef670fa3e55c 04d7947a18eb406fa97e12426d88bcd4 575b960b00d74cb8a51cf29f43c57ad2 - - default default] http://[LB_IP_ADDRESS]:8776/v3/575b960b00d74cb8a51cf29f43c57ad2/types/903d2b33-ead6-4aba-aa35-6cb769df8fe5 returned with HTTP 404
2026-02-18 22:10:36.782 74 INFO cinder.api.openstack.wsgi [None req-dafbe1f1-4c98-4444-a0bc-23a91c976599 04d7947a18eb406fa97e12426d88bcd4 575b960b00d74cb8a51cf29f43c57ad2 - - default default] DELETE http://[LB_IP_ADDRESS]:8776/v3/575b960b00d74cb8a51cf29f43c57ad2/types/2b2f8ea1-1f50-4150-8e98-da4732165701
2026-02-18 22:10:36.831 76 WARNING cinder.quota [None req-a199f255-3e07-4b47-a4ef-2caaa883717a ee78d6d42e2d411996d44707ed18d2d4 46569893b85c4a9aaa2ee70dfd2345aa - - default default] Deprecated: Default quota for resource: volumes_tempest-GroupSnapshotsTest-volume-type-103435583 is set by the default quota flag: quota_volumes_tempest-GroupSnapshotsTest-volume-type-103435583, it is now deprecated. Please use the default quota class for default quota.
2026-02-18 22:10:36.833 74 INFO cinder.api.openstack.wsgi [None req-dafbe1f1-4c98-4444-a0bc-23a91c976599 04d7947a18eb406fa97e12426d88bcd4 575b960b00d74cb8a51cf29f43c57ad2 - - default default] http://[LB_IP_ADDRESS]:8776/v3/575b960b00d74cb8a51cf29f43c57ad2/types/2b2f8ea1-1f50-4150-8e98-da4732165701 returned with HTTP 202
2026-02-18 22:10:36.845 75 INFO cinder.api.openstack.wsgi [None req-03eef94e-1ce6-43d0-9912-d3bb38e0cd43 04d7947a18eb406fa97e12426d88bcd4 575b960b00d74cb8a51cf29f43c57ad2 - - default default] GET http://[LB_IP_ADDRESS]:8776/v3/575b960b00d74cb8a51cf29f43c57ad2/types/2b2f8ea1-1f50-4150-8e98-da4732165701
2026-02-18 22:10:36.850 75 INFO cinder.api.openstack.wsgi [None req-03eef94e-1ce6-43d0-9912-d3bb38e0cd43 04d7947a18eb406fa97e12426d88bcd4 575b960b00d74cb8a51cf29f43c57ad2 - - default default] http://[LB_IP_ADDRESS]:8776/v3/575b960b00d74cb8a51cf29f43c57ad2/types/2b2f8ea1-1f50-4150-8e98-da4732165701 returned with HTTP 404
2026-02-18 22:10:36.860 72 INFO cinder.api.openstack.wsgi [None req-2af3c41b-727b-4c01-8ad8-4b87ebac9abc 04d7947a18eb406fa97e12426d88bcd4 575b960b00d74cb8a51cf29f43c57ad2 - - default default] DELETE http://[LB_IP_ADDRESS]:8776/v3/575b960b00d74cb8a51cf29f43c57ad2/types/7f1e55e4-a715-4e4d-95d4-e63168974ccc
2026-02-18 22:10:36.885 76 INFO cinder.volume.api [None req-a199f255-3e07-4b47-a4ef-2caaa883717a ee78d6d42e2d411996d44707ed18d2d4 46569893b85c4a9aaa2ee70dfd2345aa - - default default] Create volume request issued successfully.
2026-02-18 22:10:36.899 76 INFO cinder.api.openstack.wsgi [None req-a199f255-3e07-4b47-a4ef-2caaa883717a ee78d6d42e2d411996d44707ed18d2d4 46569893b85c4a9aaa2ee70dfd2345aa - - default default] http://[LB_IP_ADDRESS]:8776/v3/46569893b85c4a9aaa2ee70dfd2345aa/groups/action returned with HTTP 202
2026-02-18 22:10:36.912 73 INFO cinder.api.openstack.wsgi [None req-5ae6961b-cc1a-493a-ae94-f71d02eaea79 ee78d6d42e2d411996d44707ed18d2d4 46569893b85c4a9aaa2ee70dfd2345aa - - default default] GET http://[LB_IP_ADDRESS]:8776/v3/46569893b85c4a9aaa2ee70dfd2345aa/volumes/detail
2026-02-18 22:10:36.913 72 INFO cinder.api.openstack.wsgi [None req-2af3c41b-727b-4c01-8ad8-4b87ebac9abc 04d7947a18eb406fa97e12426d88bcd4 575b960b00d74cb8a51cf29f43c57ad2 - - default default] http://[LB_IP_ADDRESS]:8776/v3/575b960b00d74cb8a51cf29f43c57ad2/types/7f1e55e4-a715-4e4d-95d4-e63168974ccc returned with HTTP 202
2026-02-18 22:10:36.922 74 INFO cinder.api.openstack.wsgi [None req-cfacd819-756e-443d-bb96-264cdce2506a 04d7947a18eb406fa97e12426d88bcd4 575b960b00d74cb8a51cf29f43c57ad2 - - default default] GET http://[LB_IP_ADDRESS]:8776/v3/575b960b00d74cb8a51cf29f43c57ad2/types/7f1e55e4-a715-4e4d-95d4-e63168974ccc
2026-02-18 22:10:36.924 73 INFO cinder.volume.api [None req-5ae6961b-cc1a-493a-ae94-f71d02eaea79 ee78d6d42e2d411996d44707ed18d2d4 46569893b85c4a9aaa2ee70dfd2345aa - - default default] Get all volumes completed successfully.
2026-02-18 22:10:36.926 74 INFO cinder.api.openstack.wsgi [None req-cfacd819-756e-443d-bb96-264cdce2506a 04d7947a18eb406fa97e12426d88bcd4 575b960b00d74cb8a51cf29f43c57ad2 - - default default] http://[LB_IP_ADDRESS]:8776/v3/575b960b00d74cb8a51cf29f43c57ad2/types/7f1e55e4-a715-4e4d-95d4-e63168974ccc returned with HTTP 404
2026-02-18 22:10:36.941 75 INFO cinder.api.openstack.wsgi [None req-eed5e1bc-2cb9-4ecf-bfe9-22091b10ab98 04d7947a18eb406fa97e12426d88bcd4 575b960b00d74cb8a51cf29f43c57ad2 - - default default] POST http://[LB_IP_ADDRESS]:8776/v3/575b960b00d74cb8a51cf29f43c57ad2/qos-specs
2026-02-18 22:10:36.967 75 INFO cinder.api.openstack.wsgi [None req-eed5e1bc-2cb9-4ecf-bfe9-22091b10ab98 04d7947a18eb406fa97e12426d88bcd4 575b960b00d74cb8a51cf29f43c57ad2 - - default default] http://[LB_IP_ADDRESS]:8776/v3/575b960b00d74cb8a51cf29f43c57ad2/qos-specs returned with HTTP 200
2026-02-18 22:10:36.968 73 INFO cinder.api.openstack.wsgi [None req-5ae6961b-cc1a-493a-ae94-f71d02eaea79 ee78d6d42e2d411996d44707ed18d2d4 46569893b85c4a9aaa2ee70dfd2345aa - - default default] http://[LB_IP_ADDRESS]:8776/v3/46569893b85c4a9aaa2ee70dfd2345aa/volumes/detail returned with HTTP 200
