2024-06-20 18:10:01.656 20 INFO cinder.volume.api [None req-857c9add-1b69-4ebe-8042-17e5fd768ce8 a6b9b2c846d64057b9a2796b8b7049ce 24d79b22db1f4aba963bfabf2a1484f8 - - default default] Get all volumes completed successfully.
2024-06-20 18:10:01.659 21 INFO cinder.volume.api [None req-56464d11-564b-4dfb-aece-5ce781ee49b7 6cb561b98c2a416a9da80c023e88ab6f 0fb69e6c9ddb4740a6b4be92f861e877 - - default default] Get all snapshots completed successfully.
2024-06-20 18:10:01.661 21 INFO cinder.api.openstack.wsgi [None req-56464d11-564b-4dfb-aece-5ce781ee49b7 6cb561b98c2a416a9da80c023e88ab6f 0fb69e6c9ddb4740a6b4be92f861e877 - - default default] http://[LB_IP_ADDRESS]:8776/v3/0fb69e6c9ddb4740a6b4be92f861e877/snapshots/detail returned with HTTP 200
2024-06-20 18:10:01.677 22 INFO cinder.api.openstack.wsgi [None req-78f4108a-3564-42c2-9459-020496969116 6cb561b98c2a416a9da80c023e88ab6f 0fb69e6c9ddb4740a6b4be92f861e877 - - default default] GET http://[LB_IP_ADDRESS]:8776/v3/0fb69e6c9ddb4740a6b4be92f861e877/snapshots/8dbb87f8-819e-4c8b-be59-ab73dc7a83c8
2024-06-20 18:10:01.688 22 INFO cinder.volume.api [None req-78f4108a-3564-42c2-9459-020496969116 6cb561b98c2a416a9da80c023e88ab6f 0fb69e6c9ddb4740a6b4be92f861e877 - - default default] Snapshot retrieved successfully.
2024-06-20 18:10:01.690 22 INFO cinder.api.openstack.wsgi [None req-78f4108a-3564-42c2-9459-020496969116 6cb561b98c2a416a9da80c023e88ab6f 0fb69e6c9ddb4740a6b4be92f861e877 - - default default] http://[LB_IP_ADDRESS]:8776/v3/0fb69e6c9ddb4740a6b4be92f861e877/snapshots/8dbb87f8-819e-4c8b-be59-ab73dc7a83c8 returned with HTTP 200
2024-06-20 18:10:01.695 20 INFO cinder.api.openstack.wsgi [None req-857c9add-1b69-4ebe-8042-17e5fd768ce8 a6b9b2c846d64057b9a2796b8b7049ce 24d79b22db1f4aba963bfabf2a1484f8 - - default default] http://[LB_IP_ADDRESS]:8776/v3/24d79b22db1f4aba963bfabf2a1484f8/volumes/detail returned with HTTP 200
2024-06-20 18:10:01.705 19 INFO cinder.api.openstack.wsgi [None req-ca9191b1-193c-4f06-ac35-96c830d7cc47 6cb561b98c2a416a9da80c023e88ab6f 0fb69e6c9ddb4740a6b4be92f861e877 - - default default] GET http://[LB_IP_ADDRESS]:8776/v3/0fb69e6c9ddb4740a6b4be92f861e877/snapshots/0c804804-630a-402c-8ac7-89c9610431f6
2024-06-20 18:10:01.716 19 INFO cinder.volume.api [None req-ca9191b1-193c-4f06-ac35-96c830d7cc47 6cb561b98c2a416a9da80c023e88ab6f 0fb69e6c9ddb4740a6b4be92f861e877 - - default default] Snapshot retrieved successfully.
2024-06-20 18:10:01.718 19 INFO cinder.api.openstack.wsgi [None req-ca9191b1-193c-4f06-ac35-96c830d7cc47 6cb561b98c2a416a9da80c023e88ab6f 0fb69e6c9ddb4740a6b4be92f861e877 - - default default] http://[LB_IP_ADDRESS]:8776/v3/0fb69e6c9ddb4740a6b4be92f861e877/snapshots/0c804804-630a-402c-8ac7-89c9610431f6 returned with HTTP 200
2024-06-20 18:10:01.724 18 INFO cinder.api.openstack.wsgi [None req-e43ff20d-933b-4944-99af-dd848c1d7d1a a6b9b2c846d64057b9a2796b8b7049ce 24d79b22db1f4aba963bfabf2a1484f8 - - default default] POST http://[LB_IP_ADDRESS]:8776/v3/24d79b22db1f4aba963bfabf2a1484f8/groups/36f4b956-0737-4c73-9ef1-100851b33656/action
2024-06-20 18:10:01.727 18 INFO cinder.api.v3.groups [None req-e43ff20d-933b-4944-99af-dd848c1d7d1a a6b9b2c846d64057b9a2796b8b7049ce 24d79b22db1f4aba963bfabf2a1484f8 - - default default] Delete group with id: 36f4b956-0737-4c73-9ef1-100851b33656
2024-06-20 18:10:01.732 21 INFO cinder.api.openstack.wsgi [None req-f93ad369-a0e7-429a-9b09-a21f9fc6ecee 6cb561b98c2a416a9da80c023e88ab6f 0fb69e6c9ddb4740a6b4be92f861e877 - - default default] DELETE http://[LB_IP_ADDRESS]:8776/v3/0fb69e6c9ddb4740a6b4be92f861e877/group_snapshots/a924e029-a428-41ae-8cc5-01094d6b2581
2024-06-20 18:10:01.733 21 INFO cinder.api.v3.group_snapshots [None req-f93ad369-a0e7-429a-9b09-a21f9fc6ecee 6cb561b98c2a416a9da80c023e88ab6f 0fb69e6c9ddb4740a6b4be92f861e877 - - default default] Delete group_snapshot with id: a924e029-a428-41ae-8cc5-01094d6b2581
2024-06-20 18:10:01.778 21 INFO cinder.api.openstack.wsgi [None req-f93ad369-a0e7-429a-9b09-a21f9fc6ecee 6cb561b98c2a416a9da80c023e88ab6f 0fb69e6c9ddb4740a6b4be92f861e877 - - default default] http://[LB_IP_ADDRESS]:8776/v3/0fb69e6c9ddb4740a6b4be92f861e877/group_snapshots/a924e029-a428-41ae-8cc5-01094d6b2581 returned with HTTP 202
2024-06-20 18:10:01.790 22 INFO cinder.api.openstack.wsgi [None req-2947e411-d771-4d36-bf89-67dcdd080b67 6cb561b98c2a416a9da80c023e88ab6f 0fb69e6c9ddb4740a6b4be92f861e877 - - default default] GET http://[LB_IP_ADDRESS]:8776/v3/0fb69e6c9ddb4740a6b4be92f861e877/volumes/detail
2024-06-20 18:10:01.801 18 INFO cinder.api.openstack.wsgi [None req-e43ff20d-933b-4944-99af-dd848c1d7d1a a6b9b2c846d64057b9a2796b8b7049ce 24d79b22db1f4aba963bfabf2a1484f8 - - default default] http://[LB_IP_ADDRESS]:8776/v3/24d79b22db1f4aba963bfabf2a1484f8/groups/36f4b956-0737-4c73-9ef1-100851b33656/action returned with HTTP 202
2024-06-20 18:10:01.813 20 INFO cinder.api.openstack.wsgi [None req-39fb47a6-5634-4c7d-852c-184848fd6dca a6b9b2c846d64057b9a2796b8b7049ce 24d79b22db1f4aba963bfabf2a1484f8 - - default default] GET http://[LB_IP_ADDRESS]:8776/v3/24d79b22db1f4aba963bfabf2a1484f8/volumes/016e5fbe-40c6-4e6a-a34d-6a8ff64bf566
2024-06-20 18:10:01.813 22 INFO cinder.volume.api [None req-2947e411-d771-4d36-bf89-67dcdd080b67 6cb561b98c2a416a9da80c023e88ab6f 0fb69e6c9ddb4740a6b4be92f861e877 - - default default] Get all volumes completed successfully.
2024-06-20 18:10:01.840 20 INFO cinder.volume.api [None req-39fb47a6-5634-4c7d-852c-184848fd6dca a6b9b2c846d64057b9a2796b8b7049ce 24d79b22db1f4aba963bfabf2a1484f8 - - default default] Volume info retrieved successfully.
2024-06-20 18:10:01.863 22 INFO cinder.api.openstack.wsgi [None req-2947e411-d771-4d36-bf89-67dcdd080b67 6cb561b98c2a416a9da80c023e88ab6f 0fb69e6c9ddb4740a6b4be92f861e877 - - default default] http://[LB_IP_ADDRESS]:8776/v3/0fb69e6c9ddb4740a6b4be92f861e877/volumes/detail returned with HTTP 200
2024-06-20 18:10:01.871 20 INFO cinder.api.openstack.wsgi [None req-39fb47a6-5634-4c7d-852c-184848fd6dca a6b9b2c846d64057b9a2796b8b7049ce 24d79b22db1f4aba963bfabf2a1484f8 - - default default] http://[LB_IP_ADDRESS]:8776/v3/24d79b22db1f4aba963bfabf2a1484f8/volumes/016e5fbe-40c6-4e6a-a34d-6a8ff64bf566 returned with HTTP 200
2024-06-20 18:10:01.894 19 INFO cinder.api.openstack.wsgi [None req-1bc736c1-107c-4a99-b9a4-a62c6db67baa 6cb561b98c2a416a9da80c023e88ab6f 0fb69e6c9ddb4740a6b4be92f861e877 - - default default] GET http://[LB_IP_ADDRESS]:8776/v3/0fb69e6c9ddb4740a6b4be92f861e877/snapshots/detail
2024-06-20 18:10:01.906 19 INFO cinder.volume.api [None req-1bc736c1-107c-4a99-b9a4-a62c6db67baa 6cb561b98c2a416a9da80c023e88ab6f 0fb69e6c9ddb4740a6b4be92f861e877 - - default default] Get all snapshots completed successfully.
2024-06-20 18:10:01.909 19 INFO cinder.api.openstack.wsgi [None req-1bc736c1-107c-4a99-b9a4-a62c6db67baa 6cb561b98c2a416a9da80c023e88ab6f 0fb69e6c9ddb4740a6b4be92f861e877 - - default default] http://[LB_IP_ADDRESS]:8776/v3/0fb69e6c9ddb4740a6b4be92f861e877/snapshots/detail returned with HTTP 200
2024-06-20 18:10:01.927 21 INFO cinder.api.openstack.wsgi [None req-b2d63adc-aed0-4079-b1c6-030042cd61ec 6cb561b98c2a416a9da80c023e88ab6f 0fb69e6c9ddb4740a6b4be92f861e877 - - default default] GET http://[LB_IP_ADDRESS]:8776/v3/0fb69e6c9ddb4740a6b4be92f861e877/snapshots/8dbb87f8-819e-4c8b-be59-ab73dc7a83c8
2024-06-20 18:10:01.941 21 INFO cinder.volume.api [None req-b2d63adc-aed0-4079-b1c6-030042cd61ec 6cb561b98c2a416a9da80c023e88ab6f 0fb69e6c9ddb4740a6b4be92f861e877 - - default default] Snapshot retrieved successfully.
2024-06-20 18:10:01.943 21 INFO cinder.api.openstack.wsgi [None req-b2d63adc-aed0-4079-b1c6-030042cd61ec 6cb561b98c2a416a9da80c023e88ab6f 0fb69e6c9ddb4740a6b4be92f861e877 - - default default] http://[LB_IP_ADDRESS]:8776/v3/0fb69e6c9ddb4740a6b4be92f861e877/snapshots/8dbb87f8-819e-4c8b-be59-ab73dc7a83c8 returned with HTTP 200
2024-06-20 18:10:02.597 18 INFO cinder.api.openstack.wsgi [None req-47acce3c-e10e-429a-b694-29da13e0e307 b12d8eac30f344a484f79c9defbf1d59 4f1e9fd1fc6444b8b1451fd8239a2d97 - - default default] POST http://[LB_IP_ADDRESS]:8776/v3/4f1e9fd1fc6444b8b1451fd8239a2d97/types
2024-06-20 18:10:02.627 18 INFO cinder.api.openstack.wsgi [None req-47acce3c-e10e-429a-b694-29da13e0e307 b12d8eac30f344a484f79c9defbf1d59 4f1e9fd1fc6444b8b1451fd8239a2d97 - - default default] http://[LB_IP_ADDRESS]:8776/v3/4f1e9fd1fc6444b8b1451fd8239a2d97/types returned with HTTP 200
2024-06-20 18:10:02.650 22 INFO cinder.api.openstack.wsgi [None req-b39f5d6a-c590-4fbc-aa9d-1e64fd11aee9 b12d8eac30f344a484f79c9defbf1d59 4f1e9fd1fc6444b8b1451fd8239a2d97 - - default default] POST http://[LB_IP_ADDRESS]:8776/v3/4f1e9fd1fc6444b8b1451fd8239a2d97/group_types
2024-06-20 18:10:02.679 22 INFO cinder.api.openstack.wsgi [None req-b39f5d6a-c590-4fbc-aa9d-1e64fd11aee9 b12d8eac30f344a484f79c9defbf1d59 4f1e9fd1fc6444b8b1451fd8239a2d97 - - default default] http://[LB_IP_ADDRESS]:8776/v3/4f1e9fd1fc6444b8b1451fd8239a2d97/group_types returned with HTTP 202
2024-06-20 18:10:02.858 20 INFO cinder.api.openstack.wsgi [None req-6657ec71-f2e6-431c-9eae-1b33abf8c129 50a97cec054f4aef9e43598a723dedd3 e8fb11c18376410cae7d38762d8bbf23 - - default default] POST http://[LB_IP_ADDRESS]:8776/v3/e8fb11c18376410cae7d38762d8bbf23/groups
2024-06-20 18:10:02.870 20 INFO cinder.api.v3.groups [None req-6657ec71-f2e6-431c-9eae-1b33abf8c129 50a97cec054f4aef9e43598a723dedd3 e8fb11c18376410cae7d38762d8bbf23 - - default default] Creating group tempest-Group1-1707802260.
2024-06-20 18:10:02.890 20 INFO cinder.volume.api [None req-6657ec71-f2e6-431c-9eae-1b33abf8c129 50a97cec054f4aef9e43598a723dedd3 e8fb11c18376410cae7d38762d8bbf23 - - default default] Availability Zones retrieved successfully.
2024-06-20 18:10:02.901 19 INFO cinder.api.openstack.wsgi [None req-45014ad2-fcb6-40f6-a21f-ac1243ee68f7 a6b9b2c846d64057b9a2796b8b7049ce 24d79b22db1f4aba963bfabf2a1484f8 - - default default] GET http://[LB_IP_ADDRESS]:8776/v3/24d79b22db1f4aba963bfabf2a1484f8/volumes/016e5fbe-40c6-4e6a-a34d-6a8ff64bf566
2024-06-20 18:10:02.919 19 INFO cinder.api.openstack.wsgi [None req-45014ad2-fcb6-40f6-a21f-ac1243ee68f7 a6b9b2c846d64057b9a2796b8b7049ce 24d79b22db1f4aba963bfabf2a1484f8 - - default default] http://[LB_IP_ADDRESS]:8776/v3/24d79b22db1f4aba963bfabf2a1484f8/volumes/016e5fbe-40c6-4e6a-a34d-6a8ff64bf566 returned with HTTP 404
2024-06-20 18:10:02.933 21 INFO cinder.api.openstack.wsgi [None req-78aeff58-2228-4df6-bb1d-54495bf82d71 a6b9b2c846d64057b9a2796b8b7049ce 24d79b22db1f4aba963bfabf2a1484f8 - - default default] GET http://[LB_IP_ADDRESS]:8776/v3/24d79b22db1f4aba963bfabf2a1484f8/groups/36f4b956-0737-4c73-9ef1-100851b33656
2024-06-20 18:10:02.941 21 INFO cinder.api.openstack.wsgi [None req-78aeff58-2228-4df6-bb1d-54495bf82d71 a6b9b2c846d64057b9a2796b8b7049ce 24d79b22db1f4aba963bfabf2a1484f8 - - default default] http://[LB_IP_ADDRESS]:8776/v3/24d79b22db1f4aba963bfabf2a1484f8/groups/36f4b956-0737-4c73-9ef1-100851b33656 returned with HTTP 404
2024-06-20 18:10:02.952 18 INFO cinder.api.openstack.wsgi [None req-2d1c6682-63e4-49af-a4ce-34b24d52fae1 a6b9b2c846d64057b9a2796b8b7049ce 24d79b22db1f4aba963bfabf2a1484f8 - - default default] GET http://[LB_IP_ADDRESS]:8776/v3/24d79b22db1f4aba963bfabf2a1484f8/volumes/detail
2024-06-20 18:10:02.961 22 INFO cinder.api.openstack.wsgi [None req-b87e83b5-42f1-439a-b5f3-1874a6fc450b 6cb561b98c2a416a9da80c023e88ab6f 0fb69e6c9ddb4740a6b4be92f861e877 - - default default] GET http://[LB_IP_ADDRESS]:8776/v3/0fb69e6c9ddb4740a6b4be92f861e877/snapshots/8dbb87f8-819e-4c8b-be59-ab73dc7a83c8
2024-06-20 18:10:02.974 18 INFO cinder.volume.api [None req-2d1c6682-63e4-49af-a4ce-34b24d52fae1 a6b9b2c846d64057b9a2796b8b7049ce 24d79b22db1f4aba963bfabf2a1484f8 - - default default] Get all volumes completed successfully.
2024-06-20 18:10:02.974 22 INFO cinder.api.openstack.wsgi [None req-b87e83b5-42f1-439a-b5f3-1874a6fc450b 6cb561b98c2a416a9da80c023e88ab6f 0fb69e6c9ddb4740a6b4be92f861e877 - - default default] http://[LB_IP_ADDRESS]:8776/v3/0fb69e6c9ddb4740a6b4be92f861e877/snapshots/8dbb87f8-819e-4c8b-be59-ab73dc7a83c8 returned with HTTP 404
2024-06-20 18:10:02.987 19 INFO cinder.api.openstack.wsgi [None req-b0e4ebd7-86e5-42a0-b9d8-e7932d7d99ff 6cb561b98c2a416a9da80c023e88ab6f 0fb69e6c9ddb4740a6b4be92f861e877 - - default default] GET http://[LB_IP_ADDRESS]:8776/v3/0fb69e6c9ddb4740a6b4be92f861e877/snapshots/0c804804-630a-402c-8ac7-89c9610431f6
2024-06-20 18:10:02.997 19 INFO cinder.api.openstack.wsgi [None req-b0e4ebd7-86e5-42a0-b9d8-e7932d7d99ff 6cb561b98c2a416a9da80c023e88ab6f 0fb69e6c9ddb4740a6b4be92f861e877 - - default default] http://[LB_IP_ADDRESS]:8776/v3/0fb69e6c9ddb4740a6b4be92f861e877/snapshots/0c804804-630a-402c-8ac7-89c9610431f6 returned with HTTP 404
2024-06-20 18:10:02.999 20 INFO cinder.api.openstack.wsgi [None req-6657ec71-f2e6-431c-9eae-1b33abf8c129 50a97cec054f4aef9e43598a723dedd3 e8fb11c18376410cae7d38762d8bbf23 - - default default] http://[LB_IP_ADDRESS]:8776/v3/e8fb11c18376410cae7d38762d8bbf23/groups returned with HTTP 202
2024-06-20 18:10:03.009 18 INFO cinder.api.openstack.wsgi [None req-2d1c6682-63e4-49af-a4ce-34b24d52fae1 a6b9b2c846d64057b9a2796b8b7049ce 24d79b22db1f4aba963bfabf2a1484f8 - - default default] http://[LB_IP_ADDRESS]:8776/v3/24d79b22db1f4aba963bfabf2a1484f8/volumes/detail returned with HTTP 200
2024-06-20 18:10:03.010 21 INFO cinder.api.openstack.wsgi [None req-2d4a6def-5168-4347-80c2-9e2cb9754620 6cb561b98c2a416a9da80c023e88ab6f 0fb69e6c9ddb4740a6b4be92f861e877 - - default default] GET http://[LB_IP_ADDRESS]:8776/v3/0fb69e6c9ddb4740a6b4be92f861e877/group_snapshots/a924e029-a428-41ae-8cc5-01094d6b2581
2024-06-20 18:10:03.013 22 INFO cinder.api.openstack.wsgi [None req-be7bf10a-526c-49e7-bb53-1b30e9b23788 50a97cec054f4aef9e43598a723dedd3 e8fb11c18376410cae7d38762d8bbf23 - - default default] GET http://[LB_IP_ADDRESS]:8776/v3/e8fb11c18376410cae7d38762d8bbf23/groups/33c6a9b4-bebf-4886-8d6d-9f1ba3f577ef
2024-06-20 18:10:03.019 21 INFO cinder.api.openstack.wsgi [None req-2d4a6def-5168-4347-80c2-9e2cb9754620 6cb561b98c2a416a9da80c023e88ab6f 0fb69e6c9ddb4740a6b4be92f861e877 - - default default] http://[LB_IP_ADDRESS]:8776/v3/0fb69e6c9ddb4740a6b4be92f861e877/group_snapshots/a924e029-a428-41ae-8cc5-01094d6b2581 returned with HTTP 404
2024-06-20 18:10:03.032 19 INFO cinder.api.openstack.wsgi [None req-71c0fdf9-4514-432b-9338-5b5acd53c36b 6cb561b98c2a416a9da80c023e88ab6f 0fb69e6c9ddb4740a6b4be92f861e877 - - default default] DELETE http://[LB_IP_ADDRESS]:8776/v3/0fb69e6c9ddb4740a6b4be92f861e877/group_snapshots/a924e029-a428-41ae-8cc5-01094d6b2581
2024-06-20 18:10:03.033 19 INFO cinder.api.v3.group_snapshots [None req-71c0fdf9-4514-432b-9338-5b5acd53c36b 6cb561b98c2a416a9da80c023e88ab6f 0fb69e6c9ddb4740a6b4be92f861e877 - - default default] Delete group_snapshot with id: a924e029-a428-41ae-8cc5-01094d6b2581
2024-06-20 18:10:03.038 22 INFO cinder.api.openstack.wsgi [None req-be7bf10a-526c-49e7-bb53-1b30e9b23788 50a97cec054f4aef9e43598a723dedd3 e8fb11c18376410cae7d38762d8bbf23 - - default default] http://[LB_IP_ADDRESS]:8776/v3/e8fb11c18376410cae7d38762d8bbf23/groups/33c6a9b4-bebf-4886-8d6d-9f1ba3f577ef returned with HTTP 200
2024-06-20 18:10:03.039 20 INFO cinder.api.openstack.wsgi [None req-86967129-ae64-411d-8395-b5c9c9f1e9f4 a6b9b2c846d64057b9a2796b8b7049ce 24d79b22db1f4aba963bfabf2a1484f8 - - default default] POST http://[LB_IP_ADDRESS]:8776/v3/24d79b22db1f4aba963bfabf2a1484f8/groups/1b9c2fb2-774b-4f5a-9ffe-c2f3752e6d4a/action
2024-06-20 18:10:03.040 19 INFO cinder.api.openstack.wsgi [None req-71c0fdf9-4514-432b-9338-5b5acd53c36b 6cb561b98c2a416a9da80c023e88ab6f 0fb69e6c9ddb4740a6b4be92f861e877 - - default default] http://[LB_IP_ADDRESS]:8776/v3/0fb69e6c9ddb4740a6b4be92f861e877/group_snapshots/a924e029-a428-41ae-8cc5-01094d6b2581 returned with HTTP 404
2024-06-20 18:10:03.044 20 INFO cinder.api.v3.groups [None req-86967129-ae64-411d-8395-b5c9c9f1e9f4 a6b9b2c846d64057b9a2796b8b7049ce 24d79b22db1f4aba963bfabf2a1484f8 - - default default] Delete group with id: 1b9c2fb2-774b-4f5a-9ffe-c2f3752e6d4a
2024-06-20 18:10:03.052 18 INFO cinder.api.openstack.wsgi [None req-a98943fd-1a92-4fc1-be60-d70918eccbbc 6cb561b98c2a416a9da80c023e88ab6f 0fb69e6c9ddb4740a6b4be92f861e877 - - default default] GET http://[LB_IP_ADDRESS]:8776/v3/0fb69e6c9ddb4740a6b4be92f861e877/volumes/detail
2024-06-20 18:10:03.074 18 INFO cinder.volume.api [None req-a98943fd-1a92-4fc1-be60-d70918eccbbc 6cb561b98c2a416a9da80c023e88ab6f 0fb69e6c9ddb4740a6b4be92f861e877 - - default default] Get all volumes completed successfully.
2024-06-20 18:10:03.123 20 INFO cinder.api.openstack.wsgi [None req-86967129-ae64-411d-8395-b5c9c9f1e9f4 a6b9b2c846d64057b9a2796b8b7049ce 24d79b22db1f4aba963bfabf2a1484f8 - - default default] http://[LB_IP_ADDRESS]:8776/v3/24d79b22db1f4aba963bfabf2a1484f8/groups/1b9c2fb2-774b-4f5a-9ffe-c2f3752e6d4a/action returned with HTTP 202
2024-06-20 18:10:03.126 18 INFO cinder.api.openstack.wsgi [None req-a98943fd-1a92-4fc1-be60-d70918eccbbc 6cb561b98c2a416a9da80c023e88ab6f 0fb69e6c9ddb4740a6b4be92f861e877 - - default default] http://[LB_IP_ADDRESS]:8776/v3/0fb69e6c9ddb4740a6b4be92f861e877/volumes/detail returned with HTTP 200
2024-06-20 18:10:03.135 21 INFO cinder.api.openstack.wsgi [None req-a08b4bd2-a749-4f78-bce4-103f39d90c93 a6b9b2c846d64057b9a2796b8b7049ce 24d79b22db1f4aba963bfabf2a1484f8 - - default default] GET http://[LB_IP_ADDRESS]:8776/v3/24d79b22db1f4aba963bfabf2a1484f8/volumes/d8dd617e-4f61-4b8d-8541-5e60500affb8
2024-06-20 18:10:03.158 22 INFO cinder.api.openstack.wsgi [None req-249233ad-efdc-4af0-8c02-58afaa71d542 6cb561b98c2a416a9da80c023e88ab6f 0fb69e6c9ddb4740a6b4be92f861e877 - - default default] POST http://[LB_IP_ADDRESS]:8776/v3/0fb69e6c9ddb4740a6b4be92f861e877/groups/4048652f-0a41-453a-a8b4-365d8d9cea37/action
2024-06-20 18:10:03.163 22 INFO cinder.api.v3.groups [None req-249233ad-efdc-4af0-8c02-58afaa71d542 6cb561b98c2a416a9da80c023e88ab6f 0fb69e6c9ddb4740a6b4be92f861e877 - - default default] Delete group with id: 4048652f-0a41-453a-a8b4-365d8d9cea37
2024-06-20 18:10:03.163 21 INFO cinder.volume.api [None req-a08b4bd2-a749-4f78-bce4-103f39d90c93 a6b9b2c846d64057b9a2796b8b7049ce 24d79b22db1f4aba963bfabf2a1484f8 - - default default] Volume info retrieved successfully.
2024-06-20 18:10:03.195 21 INFO cinder.api.openstack.wsgi [None req-a08b4bd2-a749-4f78-bce4-103f39d90c93 a6b9b2c846d64057b9a2796b8b7049ce 24d79b22db1f4aba963bfabf2a1484f8 - - default default] http://[LB_IP_ADDRESS]:8776/v3/24d79b22db1f4aba963bfabf2a1484f8/volumes/d8dd617e-4f61-4b8d-8541-5e60500affb8 returned with HTTP 200
2024-06-20 18:10:03.261 22 INFO cinder.api.openstack.wsgi [None req-249233ad-efdc-4af0-8c02-58afaa71d542 6cb561b98c2a416a9da80c023e88ab6f 0fb69e6c9ddb4740a6b4be92f861e877 - - default default] http://[LB_IP_ADDRESS]:8776/v3/0fb69e6c9ddb4740a6b4be92f861e877/groups/4048652f-0a41-453a-a8b4-365d8d9cea37/action returned with HTTP 202
2024-06-20 18:10:03.274 19 INFO cinder.api.openstack.wsgi [None req-597b4616-1a90-43b2-a348-ce5659dd9ace 6cb561b98c2a416a9da80c023e88ab6f 0fb69e6c9ddb4740a6b4be92f861e877 - - default default] GET http://[LB_IP_ADDRESS]:8776/v3/0fb69e6c9ddb4740a6b4be92f861e877/volumes/dd169ade-7825-4e6d-8286-f0e541f5310a
2024-06-20 18:10:03.302 19 INFO cinder.volume.api [None req-597b4616-1a90-43b2-a348-ce5659dd9ace 6cb561b98c2a416a9da80c023e88ab6f 0fb69e6c9ddb4740a6b4be92f861e877 - - default default] Volume info retrieved successfully.
2024-06-20 18:10:03.333 19 INFO cinder.api.openstack.wsgi [None req-597b4616-1a90-43b2-a348-ce5659dd9ace 6cb561b98c2a416a9da80c023e88ab6f 0fb69e6c9ddb4740a6b4be92f861e877 - - default default] http://[LB_IP_ADDRESS]:8776/v3/0fb69e6c9ddb4740a6b4be92f861e877/volumes/dd169ade-7825-4e6d-8286-f0e541f5310a returned with HTTP 200
2024-06-20 18:10:04.059 20 INFO cinder.api.openstack.wsgi [None req-76fba545-3c13-4361-b3b1-5b6ae59dd3e6 50a97cec054f4aef9e43598a723dedd3 e8fb11c18376410cae7d38762d8bbf23 - - default default] GET http://[LB_IP_ADDRESS]:8776/v3/e8fb11c18376410cae7d38762d8bbf23/groups/33c6a9b4-bebf-4886-8d6d-9f1ba3f577ef
2024-06-20 18:10:04.085 20 INFO cinder.api.openstack.wsgi [None req-76fba545-3c13-4361-b3b1-5b6ae59dd3e6 50a97cec054f4aef9e43598a723dedd3 e8fb11c18376410cae7d38762d8bbf23 - - default default] http://[LB_IP_ADDRESS]:8776/v3/e8fb11c18376410cae7d38762d8bbf23/groups/33c6a9b4-bebf-4886-8d6d-9f1ba3f577ef returned with HTTP 200
2024-06-20 18:10:04.104 18 INFO cinder.api.openstack.wsgi [None req-56feab02-72aa-406e-9e8c-a9a55806a217 50a97cec054f4aef9e43598a723dedd3 e8fb11c18376410cae7d38762d8bbf23 - - default default] POST http://[LB_IP_ADDRESS]:8776/v3/e8fb11c18376410cae7d38762d8bbf23/groups
2024-06-20 18:10:04.116 18 INFO cinder.api.v3.groups [None req-56feab02-72aa-406e-9e8c-a9a55806a217 50a97cec054f4aef9e43598a723dedd3 e8fb11c18376410cae7d38762d8bbf23 - - default default] Creating group tempest-Group2-14508274.
2024-06-20 18:10:04.130 18 INFO cinder.volume.api [None req-56feab02-72aa-406e-9e8c-a9a55806a217 50a97cec054f4aef9e43598a723dedd3 e8fb11c18376410cae7d38762d8bbf23 - - default default] Availability Zones retrieved successfully.
2024-06-20 18:10:04.225 18 INFO cinder.api.openstack.wsgi [None req-56feab02-72aa-406e-9e8c-a9a55806a217 50a97cec054f4aef9e43598a723dedd3 e8fb11c18376410cae7d38762d8bbf23 - - default default] http://[LB_IP_ADDRESS]:8776/v3/e8fb11c18376410cae7d38762d8bbf23/groups returned with HTTP 202
2024-06-20 18:10:04.226 21 INFO cinder.api.openstack.wsgi [None req-7694b400-9838-46b9-adc5-6e1c653bd432 a6b9b2c846d64057b9a2796b8b7049ce 24d79b22db1f4aba963bfabf2a1484f8 - - default default] GET http://[LB_IP_ADDRESS]:8776/v3/24d79b22db1f4aba963bfabf2a1484f8/volumes/d8dd617e-4f61-4b8d-8541-5e60500affb8
2024-06-20 18:10:04.239 22 INFO cinder.api.openstack.wsgi [None req-351e4b9e-01dd-4c43-a68a-5bb06744b3ea 50a97cec054f4aef9e43598a723dedd3 e8fb11c18376410cae7d38762d8bbf23 - - default default] GET http://[LB_IP_ADDRESS]:8776/v3/e8fb11c18376410cae7d38762d8bbf23/groups/6cc440d5-503e-4f31-adcf-5497777b19a3
2024-06-20 18:10:04.242 21 INFO cinder.api.openstack.wsgi [None req-7694b400-9838-46b9-adc5-6e1c653bd432 a6b9b2c846d64057b9a2796b8b7049ce 24d79b22db1f4aba963bfabf2a1484f8 - - default default] http://[LB_IP_ADDRESS]:8776/v3/24d79b22db1f4aba963bfabf2a1484f8/volumes/d8dd617e-4f61-4b8d-8541-5e60500affb8 returned with HTTP 404
2024-06-20 18:10:04.255 19 INFO cinder.api.openstack.wsgi [None req-bb89f167-4c98-440a-a979-bdcdb5f0486f a6b9b2c846d64057b9a2796b8b7049ce 24d79b22db1f4aba963bfabf2a1484f8 - - default default] GET http://[LB_IP_ADDRESS]:8776/v3/24d79b22db1f4aba963bfabf2a1484f8/groups/1b9c2fb2-774b-4f5a-9ffe-c2f3752e6d4a
2024-06-20 18:10:04.262 19 INFO cinder.api.openstack.wsgi [None req-bb89f167-4c98-440a-a979-bdcdb5f0486f a6b9b2c846d64057b9a2796b8b7049ce 24d79b22db1f4aba963bfabf2a1484f8 - - default default] http://[LB_IP_ADDRESS]:8776/v3/24d79b22db1f4aba963bfabf2a1484f8/groups/1b9c2fb2-774b-4f5a-9ffe-c2f3752e6d4a returned with HTTP 404
2024-06-20 18:10:04.275 20 INFO cinder.api.openstack.wsgi [None req-a83a0120-bc62-4bdf-a06c-8a092a69338b bdaa0707480c45febb7302821b0f73a6 3f325d93e0834e80ab5fa46a44bd61e6 - - default default] DELETE http://[LB_IP_ADDRESS]:8776/v3/3f325d93e0834e80ab5fa46a44bd61e6/group_types/b1d7956a-73d0-42ab-8c7a-efe99ace14b9
2024-06-20 18:10:04.292 22 INFO cinder.api.openstack.wsgi [None req-351e4b9e-01dd-4c43-a68a-5bb06744b3ea 50a97cec054f4aef9e43598a723dedd3 e8fb11c18376410cae7d38762d8bbf23 - - default default] http://[LB_IP_ADDRESS]:8776/v3/e8fb11c18376410cae7d38762d8bbf23/groups/6cc440d5-503e-4f31-adcf-5497777b19a3 returned with HTTP 200
2024-06-20 18:10:04.302 20 INFO cinder.api.openstack.wsgi [None req-a83a0120-bc62-4bdf-a06c-8a092a69338b bdaa0707480c45febb7302821b0f73a6 3f325d93e0834e80ab5fa46a44bd61e6 - - default default] http://[LB_IP_ADDRESS]:8776/v3/3f325d93e0834e80ab5fa46a44bd61e6/group_types/b1d7956a-73d0-42ab-8c7a-efe99ace14b9 returned with HTTP 202
2024-06-20 18:10:04.314 18 INFO cinder.api.openstack.wsgi [None req-d9c09911-7421-4daf-b991-6a8b2cbc01f0 bdaa0707480c45febb7302821b0f73a6 3f325d93e0834e80ab5fa46a44bd61e6 - - default default] DELETE http://[LB_IP_ADDRESS]:8776/v3/3f325d93e0834e80ab5fa46a44bd61e6/types/589f5679-9056-4a96-a8d2-7e926ac2dbac
2024-06-20 18:10:04.363 21 INFO cinder.api.openstack.wsgi [None req-371d49b9-3b71-4489-a586-89865831bfa3 6cb561b98c2a416a9da80c023e88ab6f 0fb69e6c9ddb4740a6b4be92f861e877 - - default default] GET http://[LB_IP_ADDRESS]:8776/v3/0fb69e6c9ddb4740a6b4be92f861e877/volumes/dd169ade-7825-4e6d-8286-f0e541f5310a
2024-06-20 18:10:04.371 18 INFO cinder.api.openstack.wsgi [None req-d9c09911-7421-4daf-b991-6a8b2cbc01f0 bdaa0707480c45febb7302821b0f73a6 3f325d93e0834e80ab5fa46a44bd61e6 - - default default] http://[LB_IP_ADDRESS]:8776/v3/3f325d93e0834e80ab5fa46a44bd61e6/types/589f5679-9056-4a96-a8d2-7e926ac2dbac returned with HTTP 202
2024-06-20 18:10:04.379 21 INFO cinder.api.openstack.wsgi [None req-371d49b9-3b71-4489-a586-89865831bfa3 6cb561b98c2a416a9da80c023e88ab6f 0fb69e6c9ddb4740a6b4be92f861e877 - - default default] http://[LB_IP_ADDRESS]:8776/v3/0fb69e6c9ddb4740a6b4be92f861e877/volumes/dd169ade-7825-4e6d-8286-f0e541f5310a returned with HTTP 404
2024-06-20 18:10:04.382 19 INFO cinder.api.openstack.wsgi [None req-97519b9e-3553-4702-853e-af67ea502ddd bdaa0707480c45febb7302821b0f73a6 3f325d93e0834e80ab5fa46a44bd61e6 - - default default] GET http://[LB_IP_ADDRESS]:8776/v3/3f325d93e0834e80ab5fa46a44bd61e6/types/589f5679-9056-4a96-a8d2-7e926ac2dbac
2024-06-20 18:10:04.391 19 INFO cinder.api.openstack.wsgi [None req-97519b9e-3553-4702-853e-af67ea502ddd bdaa0707480c45febb7302821b0f73a6 3f325d93e0834e80ab5fa46a44bd61e6 - - default default] http://[LB_IP_ADDRESS]:8776/v3/3f325d93e0834e80ab5fa46a44bd61e6/types/589f5679-9056-4a96-a8d2-7e926ac2dbac returned with HTTP 404
2024-06-20 18:10:04.397 22 INFO cinder.api.openstack.wsgi [None req-66972af9-0258-4ddf-be28-99e7edf8a3e2 6cb561b98c2a416a9da80c023e88ab6f 0fb69e6c9ddb4740a6b4be92f861e877 - - default default] GET http://[LB_IP_ADDRESS]:8776/v3/0fb69e6c9ddb4740a6b4be92f861e877/volumes/f2a0e29f-8566-4150-9c16-57413d70807a
2024-06-20 18:10:04.429 22 INFO cinder.api.openstack.wsgi [None req-66972af9-0258-4ddf-be28-99e7edf8a3e2 6cb561b98c2a416a9da80c023e88ab6f 0fb69e6c9ddb4740a6b4be92f861e877 - - default default] http://[LB_IP_ADDRESS]:8776/v3/0fb69e6c9ddb4740a6b4be92f861e877/volumes/f2a0e29f-8566-4150-9c16-57413d70807a returned with HTTP 404
2024-06-20 18:10:04.442 20 INFO cinder.api.openstack.wsgi [None req-655ffb66-c20a-447c-a9df-c6166f22f48c 6cb561b98c2a416a9da80c023e88ab6f 0fb69e6c9ddb4740a6b4be92f861e877 - - default default] GET http://[LB_IP_ADDRESS]:8776/v3/0fb69e6c9ddb4740a6b4be92f861e877/groups/4048652f-0a41-453a-a8b4-365d8d9cea37
2024-06-20 18:10:04.450 20 INFO cinder.api.openstack.wsgi [None req-655ffb66-c20a-447c-a9df-c6166f22f48c 6cb561b98c2a416a9da80c023e88ab6f 0fb69e6c9ddb4740a6b4be92f861e877 - - default default] http://[LB_IP_ADDRESS]:8776/v3/0fb69e6c9ddb4740a6b4be92f861e877/groups/4048652f-0a41-453a-a8b4-365d8d9cea37 returned with HTTP 404
2024-06-20 18:10:04.463 18 INFO cinder.api.openstack.wsgi [None req-5f616476-e725-4f1c-bb86-67fa3ccb63ac d108412ad5064dbe8abda97b4cef3f17 799ed395cc17453c9ff8468a5b6dfe8b - - default default] DELETE http://[LB_IP_ADDRESS]:8776/v3/799ed395cc17453c9ff8468a5b6dfe8b/group_types/b6bc2f04-7665-4813-80c8-615ceae3b968
2024-06-20 18:10:04.485 18 INFO cinder.api.openstack.wsgi [None req-5f616476-e725-4f1c-bb86-67fa3ccb63ac d108412ad5064dbe8abda97b4cef3f17 799ed395cc17453c9ff8468a5b6dfe8b - - default default] http://[LB_IP_ADDRESS]:8776/v3/799ed395cc17453c9ff8468a5b6dfe8b/group_types/b6bc2f04-7665-4813-80c8-615ceae3b968 returned with HTTP 202
2024-06-20 18:10:04.497 21 INFO cinder.api.openstack.wsgi [None req-f9e31d8a-9001-4ca2-aa0f-98652dcf85a4 d108412ad5064dbe8abda97b4cef3f17 799ed395cc17453c9ff8468a5b6dfe8b - - default default] DELETE http://[LB_IP_ADDRESS]:8776/v3/799ed395cc17453c9ff8468a5b6dfe8b/types/05d24dd6-228b-4147-867c-06d14555ba32
2024-06-20 18:10:04.553 21 INFO cinder.api.openstack.wsgi [None req-f9e31d8a-9001-4ca2-aa0f-98652dcf85a4 d108412ad5064dbe8abda97b4cef3f17 799ed395cc17453c9ff8468a5b6dfe8b - - default default] http://[LB_IP_ADDRESS]:8776/v3/799ed395cc17453c9ff8468a5b6dfe8b/types/05d24dd6-228b-4147-867c-06d14555ba32 returned with HTTP 202
2024-06-20 18:10:04.566 19 INFO cinder.api.openstack.wsgi [None req-a17a181b-d686-4bdb-a0f1-79347a649be3 d108412ad5064dbe8abda97b4cef3f17 799ed395cc17453c9ff8468a5b6dfe8b - - default default] GET http://[LB_IP_ADDRESS]:8776/v3/799ed395cc17453c9ff8468a5b6dfe8b/types/05d24dd6-228b-4147-867c-06d14555ba32
2024-06-20 18:10:04.574 19 INFO cinder.api.openstack.wsgi [None req-a17a181b-d686-4bdb-a0f1-79347a649be3 d108412ad5064dbe8abda97b4cef3f17 799ed395cc17453c9ff8468a5b6dfe8b - - default default] http://[LB_IP_ADDRESS]:8776/v3/799ed395cc17453c9ff8468a5b6dfe8b/types/05d24dd6-228b-4147-867c-06d14555ba32 returned with HTTP 404
2024-06-20 18:10:04.597 22 INFO cinder.api.openstack.wsgi [None req-83aed4be-3f9d-4515-b533-df449bf916f9 d108412ad5064dbe8abda97b4cef3f17 799ed395cc17453c9ff8468a5b6dfe8b - - default default] POST http://[LB_IP_ADDRESS]:8776/v3/799ed395cc17453c9ff8468a5b6dfe8b/types
2024-06-20 18:10:04.638 22 INFO cinder.api.openstack.wsgi [None req-83aed4be-3f9d-4515-b533-df449bf916f9 d108412ad5064dbe8abda97b4cef3f17 799ed395cc17453c9ff8468a5b6dfe8b - - default default] http://[LB_IP_ADDRESS]:8776/v3/799ed395cc17453c9ff8468a5b6dfe8b/types returned with HTTP 200
2024-06-20 18:10:04.653 20 INFO cinder.api.openstack.wsgi [None req-5e33fcae-985f-414d-840b-1fe3609af5a9 d108412ad5064dbe8abda97b4cef3f17 799ed395cc17453c9ff8468a5b6dfe8b - - default default] POST http://[LB_IP_ADDRESS]:8776/v3/799ed395cc17453c9ff8468a5b6dfe8b/group_types
2024-06-20 18:10:04.683 20 INFO cinder.api.openstack.wsgi [None req-5e33fcae-985f-414d-840b-1fe3609af5a9 d108412ad5064dbe8abda97b4cef3f17 799ed395cc17453c9ff8468a5b6dfe8b - - default default] http://[LB_IP_ADDRESS]:8776/v3/799ed395cc17453c9ff8468a5b6dfe8b/group_types returned with HTTP 202
2024-06-20 18:10:04.698 18 INFO cinder.api.openstack.wsgi [None req-9eea7a52-4cfb-47fa-af01-84aab995d9e6 6cb561b98c2a416a9da80c023e88ab6f 0fb69e6c9ddb4740a6b4be92f861e877 - - default default] POST http://[LB_IP_ADDRESS]:8776/v3/0fb69e6c9ddb4740a6b4be92f861e877/groups
2024-06-20 18:10:04.709 18 INFO cinder.api.v3.groups [None req-9eea7a52-4cfb-47fa-af01-84aab995d9e6 6cb561b98c2a416a9da80c023e88ab6f 0fb69e6c9ddb4740a6b4be92f861e877 - - default default] Creating group tempest-GroupSnapshotsTest-Group-1175265865.
2024-06-20 18:10:04.722 18 INFO cinder.volume.api [None req-9eea7a52-4cfb-47fa-af01-84aab995d9e6 6cb561b98c2a416a9da80c023e88ab6f 0fb69e6c9ddb4740a6b4be92f861e877 - - default default] Availability Zones retrieved successfully.
2024-06-20 18:10:04.838 18 INFO cinder.api.openstack.wsgi [None req-9eea7a52-4cfb-47fa-af01-84aab995d9e6 6cb561b98c2a416a9da80c023e88ab6f 0fb69e6c9ddb4740a6b4be92f861e877 - - default default] http://[LB_IP_ADDRESS]:8776/v3/0fb69e6c9ddb4740a6b4be92f861e877/groups returned with HTTP 202
2024-06-20 18:10:04.852 21 INFO cinder.api.openstack.wsgi [None req-b0d63f96-9840-4d2a-aa34-7e0a3b7db12c 6cb561b98c2a416a9da80c023e88ab6f 0fb69e6c9ddb4740a6b4be92f861e877 - - default default] GET http://[LB_IP_ADDRESS]:8776/v3/0fb69e6c9ddb4740a6b4be92f861e877/groups/f39a013f-ce42-471d-b0dd-ef499f645583
2024-06-20 18:10:04.879 21 INFO cinder.api.openstack.wsgi [None req-b0d63f96-9840-4d2a-aa34-7e0a3b7db12c 6cb561b98c2a416a9da80c023e88ab6f 0fb69e6c9ddb4740a6b4be92f861e877 - - default default] http://[LB_IP_ADDRESS]:8776/v3/0fb69e6c9ddb4740a6b4be92f861e877/groups/f39a013f-ce42-471d-b0dd-ef499f645583 returned with HTTP 200
2024-06-20 18:10:05.314 19 INFO cinder.api.openstack.wsgi [None req-51faf826-c9c4-4bd5-9ae0-c9b05cddeeaa 50a97cec054f4aef9e43598a723dedd3 e8fb11c18376410cae7d38762d8bbf23 - - default default] GET http://[LB_IP_ADDRESS]:8776/v3/e8fb11c18376410cae7d38762d8bbf23/groups/6cc440d5-503e-4f31-adcf-5497777b19a3
2024-06-20 18:10:05.340 19 INFO cinder.api.openstack.wsgi [None req-51faf826-c9c4-4bd5-9ae0-c9b05cddeeaa 50a97cec054f4aef9e43598a723dedd3 e8fb11c18376410cae7d38762d8bbf23 - - default default] http://[LB_IP_ADDRESS]:8776/v3/e8fb11c18376410cae7d38762d8bbf23/groups/6cc440d5-503e-4f31-adcf-5497777b19a3 returned with HTTP 200
2024-06-20 18:10:05.356 22 INFO cinder.api.openstack.wsgi [None req-fcb52216-384b-4e0f-a45f-59c56f4c4c9a 50a97cec054f4aef9e43598a723dedd3 e8fb11c18376410cae7d38762d8bbf23 - - default default] POST http://[LB_IP_ADDRESS]:8776/v3/e8fb11c18376410cae7d38762d8bbf23/volumes
2024-06-20 18:10:05.374 22 INFO cinder.api.v3.volumes [None req-fcb52216-384b-4e0f-a45f-59c56f4c4c9a 50a97cec054f4aef9e43598a723dedd3 e8fb11c18376410cae7d38762d8bbf23 - - default default] Create volume of 1 GB
2024-06-20 18:10:05.387 22 INFO cinder.volume.api [None req-fcb52216-384b-4e0f-a45f-59c56f4c4c9a 50a97cec054f4aef9e43598a723dedd3 e8fb11c18376410cae7d38762d8bbf23 - - default default] Availability Zones retrieved successfully.
2024-06-20 18:10:05.550 22 WARNING cinder.quota [None req-fcb52216-384b-4e0f-a45f-59c56f4c4c9a 50a97cec054f4aef9e43598a723dedd3 e8fb11c18376410cae7d38762d8bbf23 - - default default] Deprecated: Default quota for resource: volumes_tempest-GroupsTest-volume-type-1304963946 is set by the default quota flag: quota_volumes_tempest-GroupsTest-volume-type-1304963946, it is now deprecated. Please use the default quota class for default quota.
2024-06-20 18:10:05.551 22 WARNING cinder.quota [None req-fcb52216-384b-4e0f-a45f-59c56f4c4c9a 50a97cec054f4aef9e43598a723dedd3 e8fb11c18376410cae7d38762d8bbf23 - - default default] Deprecated: Default quota for resource: gigabytes_tempest-GroupsTest-volume-type-1304963946 is set by the default quota flag: quota_gigabytes_tempest-GroupsTest-volume-type-1304963946, it is now deprecated. Please use the default quota class for default quota.
2024-06-20 18:10:05.657 22 INFO cinder.volume.api [None req-fcb52216-384b-4e0f-a45f-59c56f4c4c9a 50a97cec054f4aef9e43598a723dedd3 e8fb11c18376410cae7d38762d8bbf23 - - default default] Create volume request issued successfully.
2024-06-20 18:10:05.677 22 INFO cinder.api.openstack.wsgi [None req-fcb52216-384b-4e0f-a45f-59c56f4c4c9a 50a97cec054f4aef9e43598a723dedd3 e8fb11c18376410cae7d38762d8bbf23 - - default default] http://[LB_IP_ADDRESS]:8776/v3/e8fb11c18376410cae7d38762d8bbf23/volumes returned with HTTP 202
2024-06-20 18:10:05.703 20 INFO cinder.api.openstack.wsgi [None req-4a559c0a-b89d-4a34-9fcf-cfde3561faed 50a97cec054f4aef9e43598a723dedd3 e8fb11c18376410cae7d38762d8bbf23 - - default default] GET http://[LB_IP_ADDRESS]:8776/v3/e8fb11c18376410cae7d38762d8bbf23/volumes/794d71ab-3e25-4a96-810b-c5706cd71894
2024-06-20 18:10:05.730 20 INFO cinder.volume.api [None req-4a559c0a-b89d-4a34-9fcf-cfde3561faed 50a97cec054f4aef9e43598a723dedd3 e8fb11c18376410cae7d38762d8bbf23 - - default default] Volume info retrieved successfully.
2024-06-20 18:10:05.760 20 INFO cinder.api.openstack.wsgi [None req-4a559c0a-b89d-4a34-9fcf-cfde3561faed 50a97cec054f4aef9e43598a723dedd3 e8fb11c18376410cae7d38762d8bbf23 - - default default] http://[LB_IP_ADDRESS]:8776/v3/e8fb11c18376410cae7d38762d8bbf23/volumes/794d71ab-3e25-4a96-810b-c5706cd71894 returned with HTTP 200
2024-06-20 18:10:05.901 18 INFO cinder.api.openstack.wsgi [None req-449ef45b-3252-4ed4-96bd-5ee9ffbb109b 6cb561b98c2a416a9da80c023e88ab6f 0fb69e6c9ddb4740a6b4be92f861e877 - - default default] GET http://[LB_IP_ADDRESS]:8776/v3/0fb69e6c9ddb4740a6b4be92f861e877/groups/f39a013f-ce42-471d-b0dd-ef499f645583
2024-06-20 18:10:05.927 18 INFO cinder.api.openstack.wsgi [None req-449ef45b-3252-4ed4-96bd-5ee9ffbb109b 6cb561b98c2a416a9da80c023e88ab6f 0fb69e6c9ddb4740a6b4be92f861e877 - - default default] http://[LB_IP_ADDRESS]:8776/v3/0fb69e6c9ddb4740a6b4be92f861e877/groups/f39a013f-ce42-471d-b0dd-ef499f645583 returned with HTTP 200
2024-06-20 18:10:05.944 21 INFO cinder.api.openstack.wsgi [None req-11a07a4b-6d53-4bca-b6bd-d006536a9b1e 6cb561b98c2a416a9da80c023e88ab6f 0fb69e6c9ddb4740a6b4be92f861e877 - - default default] POST http://[LB_IP_ADDRESS]:8776/v3/0fb69e6c9ddb4740a6b4be92f861e877/volumes
2024-06-20 18:10:05.964 21 INFO cinder.api.v3.volumes [None req-11a07a4b-6d53-4bca-b6bd-d006536a9b1e 6cb561b98c2a416a9da80c023e88ab6f 0fb69e6c9ddb4740a6b4be92f861e877 - - default default] Create volume of 1 GB
2024-06-20 18:10:05.976 21 INFO cinder.volume.api [None req-11a07a4b-6d53-4bca-b6bd-d006536a9b1e 6cb561b98c2a416a9da80c023e88ab6f 0fb69e6c9ddb4740a6b4be92f861e877 - - default default] Availability Zones retrieved successfully.
2024-06-20 18:10:06.127 21 WARNING cinder.quota [None req-11a07a4b-6d53-4bca-b6bd-d006536a9b1e 6cb561b98c2a416a9da80c023e88ab6f 0fb69e6c9ddb4740a6b4be92f861e877 - - default default] Deprecated: Default quota for resource: volumes_tempest-GroupSnapshotsTest-volume-type-1297692053 is set by the default quota flag: quota_volumes_tempest-GroupSnapshotsTest-volume-type-1297692053, it is now deprecated. Please use the default quota class for default quota.
2024-06-20 18:10:06.128 21 WARNING cinder.quota [None req-11a07a4b-6d53-4bca-b6bd-d006536a9b1e 6cb561b98c2a416a9da80c023e88ab6f 0fb69e6c9ddb4740a6b4be92f861e877 - - default default] Deprecated: Default quota for resource: gigabytes_tempest-GroupSnapshotsTest-volume-type-1297692053 is set by the default quota flag: quota_gigabytes_tempest-GroupSnapshotsTest-volume-type-1297692053, it is now deprecated. Please use the default quota class for default quota.
2024-06-20 18:10:06.223 21 INFO cinder.volume.api [None req-11a07a4b-6d53-4bca-b6bd-d006536a9b1e 6cb561b98c2a416a9da80c023e88ab6f 0fb69e6c9ddb4740a6b4be92f861e877 - - default default] Create volume request issued successfully.
2024-06-20 18:10:06.241 21 INFO cinder.api.openstack.wsgi [None req-11a07a4b-6d53-4bca-b6bd-d006536a9b1e 6cb561b98c2a416a9da80c023e88ab6f 0fb69e6c9ddb4740a6b4be92f861e877 - - default default] http://[LB_IP_ADDRESS]:8776/v3/0fb69e6c9ddb4740a6b4be92f861e877/volumes returned with HTTP 202
2024-06-20 18:10:06.266 19 INFO cinder.api.openstack.wsgi [None req-f8a8579d-2bf6-4dd0-95a1-108b45104ea7 6cb561b98c2a416a9da80c023e88ab6f 0fb69e6c9ddb4740a6b4be92f861e877 - - default default] GET http://[LB_IP_ADDRESS]:8776/v3/0fb69e6c9ddb4740a6b4be92f861e877/volumes/e41d5b6e-8ccd-4e09-bad9-e0dd586d1a99
2024-06-20 18:10:06.293 19 INFO cinder.volume.api [None req-f8a8579d-2bf6-4dd0-95a1-108b45104ea7 6cb561b98c2a416a9da80c023e88ab6f 0fb69e6c9ddb4740a6b4be92f861e877 - - default default] Volume info retrieved successfully.
2024-06-20 18:10:06.322 19 INFO cinder.api.openstack.wsgi [None req-f8a8579d-2bf6-4dd0-95a1-108b45104ea7 6cb561b98c2a416a9da80c023e88ab6f 0fb69e6c9ddb4740a6b4be92f861e877 - - default default] http://[LB_IP_ADDRESS]:8776/v3/0fb69e6c9ddb4740a6b4be92f861e877/volumes/e41d5b6e-8ccd-4e09-bad9-e0dd586d1a99 returned with HTTP 200
2024-06-20 18:10:06.789 22 INFO cinder.api.openstack.wsgi [None req-2ea8be39-326b-4810-b96d-19b1696a9047 50a97cec054f4aef9e43598a723dedd3 e8fb11c18376410cae7d38762d8bbf23 - - default default] GET http://[LB_IP_ADDRESS]:8776/v3/e8fb11c18376410cae7d38762d8bbf23/volumes/794d71ab-3e25-4a96-810b-c5706cd71894
2024-06-20 18:10:06.816 22 INFO cinder.volume.api [None req-2ea8be39-326b-4810-b96d-19b1696a9047 50a97cec054f4aef9e43598a723dedd3 e8fb11c18376410cae7d38762d8bbf23 - - default default] Volume info retrieved successfully.
2024-06-20 18:10:06.845 22 INFO cinder.api.openstack.wsgi [None req-2ea8be39-326b-4810-b96d-19b1696a9047 50a97cec054f4aef9e43598a723dedd3 e8fb11c18376410cae7d38762d8bbf23 - - default default] http://[LB_IP_ADDRESS]:8776/v3/e8fb11c18376410cae7d38762d8bbf23/volumes/794d71ab-3e25-4a96-810b-c5706cd71894 returned with HTTP 200
2024-06-20 18:10:06.874 20 INFO cinder.api.openstack.wsgi [None req-f924a4f0-b632-407a-a4f1-438cb6c43bfd 50a97cec054f4aef9e43598a723dedd3 e8fb11c18376410cae7d38762d8bbf23 - - default default] GET http://[LB_IP_ADDRESS]:8776/v3/e8fb11c18376410cae7d38762d8bbf23/groups/33c6a9b4-bebf-4886-8d6d-9f1ba3f577ef
2024-06-20 18:10:06.898 20 INFO cinder.api.openstack.wsgi [None req-f924a4f0-b632-407a-a4f1-438cb6c43bfd 50a97cec054f4aef9e43598a723dedd3 e8fb11c18376410cae7d38762d8bbf23 - - default default] http://[LB_IP_ADDRESS]:8776/v3/e8fb11c18376410cae7d38762d8bbf23/groups/33c6a9b4-bebf-4886-8d6d-9f1ba3f577ef returned with HTTP 200
2024-06-20 18:10:06.914 18 INFO cinder.api.openstack.wsgi [None req-a973b678-bc09-4cd2-8769-79a2b1ac5668 50a97cec054f4aef9e43598a723dedd3 e8fb11c18376410cae7d38762d8bbf23 - - default default] GET http://[LB_IP_ADDRESS]:8776/v3/e8fb11c18376410cae7d38762d8bbf23/groups/6cc440d5-503e-4f31-adcf-5497777b19a3
2024-06-20 18:10:06.937 18 INFO cinder.api.openstack.wsgi [None req-a973b678-bc09-4cd2-8769-79a2b1ac5668 50a97cec054f4aef9e43598a723dedd3 e8fb11c18376410cae7d38762d8bbf23 - - default default] http://[LB_IP_ADDRESS]:8776/v3/e8fb11c18376410cae7d38762d8bbf23/groups/6cc440d5-503e-4f31-adcf-5497777b19a3 returned with HTTP 200
2024-06-20 18:10:06.953 21 INFO cinder.api.openstack.wsgi [None req-36f2fa78-bca7-4f72-80d7-1c342dd129da 50a97cec054f4aef9e43598a723dedd3 e8fb11c18376410cae7d38762d8bbf23 - - default default] GET http://[LB_IP_ADDRESS]:8776/v3/e8fb11c18376410cae7d38762d8bbf23/groups/detail
2024-06-20 18:10:06.991 21 INFO cinder.api.openstack.wsgi [None req-36f2fa78-bca7-4f72-80d7-1c342dd129da 50a97cec054f4aef9e43598a723dedd3 e8fb11c18376410cae7d38762d8bbf23 - - default default] http://[LB_IP_ADDRESS]:8776/v3/e8fb11c18376410cae7d38762d8bbf23/groups/detail returned with HTTP 200
2024-06-20 18:10:07.007 19 INFO cinder.api.openstack.wsgi [None req-c4bd99de-bf90-4733-8607-12e0353d18f4 50a97cec054f4aef9e43598a723dedd3 e8fb11c18376410cae7d38762d8bbf23 - - default default] GET http://[LB_IP_ADDRESS]:8776/v3/e8fb11c18376410cae7d38762d8bbf23/volumes/detail
2024-06-20 18:10:07.027 19 INFO cinder.volume.api [None req-c4bd99de-bf90-4733-8607-12e0353d18f4 50a97cec054f4aef9e43598a723dedd3 e8fb11c18376410cae7d38762d8bbf23 - - default default] Get all volumes completed successfully.
2024-06-20 18:10:07.057 19 INFO cinder.api.openstack.wsgi [None req-c4bd99de-bf90-4733-8607-12e0353d18f4 50a97cec054f4aef9e43598a723dedd3 e8fb11c18376410cae7d38762d8bbf23 - - default default] http://[LB_IP_ADDRESS]:8776/v3/e8fb11c18376410cae7d38762d8bbf23/volumes/detail returned with HTTP 200
2024-06-20 18:10:07.086 22 INFO cinder.api.openstack.wsgi [None req-d7f3a9b1-4e38-458d-8029-1bf6cfc9afb6 50a97cec054f4aef9e43598a723dedd3 e8fb11c18376410cae7d38762d8bbf23 - - default default] GET http://[LB_IP_ADDRESS]:8776/v3/e8fb11c18376410cae7d38762d8bbf23/volumes/detail
2024-06-20 18:10:07.108 22 INFO cinder.volume.api [None req-d7f3a9b1-4e38-458d-8029-1bf6cfc9afb6 50a97cec054f4aef9e43598a723dedd3 e8fb11c18376410cae7d38762d8bbf23 - - default default] Get all volumes completed successfully.
2024-06-20 18:10:07.140 22 INFO cinder.api.openstack.wsgi [None req-d7f3a9b1-4e38-458d-8029-1bf6cfc9afb6 50a97cec054f4aef9e43598a723dedd3 e8fb11c18376410cae7d38762d8bbf23 - - default default] http://[LB_IP_ADDRESS]:8776/v3/e8fb11c18376410cae7d38762d8bbf23/volumes/detail returned with HTTP 200
2024-06-20 18:10:07.170 20 INFO cinder.api.openstack.wsgi [None req-7bfec949-dd03-4543-98ce-e1e7f44e972a 50a97cec054f4aef9e43598a723dedd3 e8fb11c18376410cae7d38762d8bbf23 - - default default] POST http://[LB_IP_ADDRESS]:8776/v3/e8fb11c18376410cae7d38762d8bbf23/groups/33c6a9b4-bebf-4886-8d6d-9f1ba3f577ef/action
2024-06-20 18:10:07.175 20 INFO cinder.api.v3.groups [None req-7bfec949-dd03-4543-98ce-e1e7f44e972a 50a97cec054f4aef9e43598a723dedd3 e8fb11c18376410cae7d38762d8bbf23 - - default default] Delete group with id: 33c6a9b4-bebf-4886-8d6d-9f1ba3f577ef
2024-06-20 18:10:07.281 20 INFO cinder.api.openstack.wsgi [None req-7bfec949-dd03-4543-98ce-e1e7f44e972a 50a97cec054f4aef9e43598a723dedd3 e8fb11c18376410cae7d38762d8bbf23 - - default default] http://[LB_IP_ADDRESS]:8776/v3/e8fb11c18376410cae7d38762d8bbf23/groups/33c6a9b4-bebf-4886-8d6d-9f1ba3f577ef/action returned with HTTP 202
2024-06-20 18:10:07.295 18 INFO cinder.api.openstack.wsgi [None req-bb6d5cf1-65d9-40b9-9f5f-43f4dd6d964d 50a97cec054f4aef9e43598a723dedd3 e8fb11c18376410cae7d38762d8bbf23 - - default default] GET http://[LB_IP_ADDRESS]:8776/v3/e8fb11c18376410cae7d38762d8bbf23/volumes/794d71ab-3e25-4a96-810b-c5706cd71894
2024-06-20 18:10:07.325 18 INFO cinder.volume.api [None req-bb6d5cf1-65d9-40b9-9f5f-43f4dd6d964d 50a97cec054f4aef9e43598a723dedd3 e8fb11c18376410cae7d38762d8bbf23 - - default default] Volume info retrieved successfully.
2024-06-20 18:10:07.352 21 INFO cinder.api.openstack.wsgi [None req-dd1a8ef3-b49b-4fad-84a3-e06ff0435008 6cb561b98c2a416a9da80c023e88ab6f 0fb69e6c9ddb4740a6b4be92f861e877 - - default default] GET http://[LB_IP_ADDRESS]:8776/v3/0fb69e6c9ddb4740a6b4be92f861e877/volumes/e41d5b6e-8ccd-4e09-bad9-e0dd586d1a99
2024-06-20 18:10:07.360 18 INFO cinder.api.openstack.wsgi [None req-bb6d5cf1-65d9-40b9-9f5f-43f4dd6d964d 50a97cec054f4aef9e43598a723dedd3 e8fb11c18376410cae7d38762d8bbf23 - - default default] http://[LB_IP_ADDRESS]:8776/v3/e8fb11c18376410cae7d38762d8bbf23/volumes/794d71ab-3e25-4a96-810b-c5706cd71894 returned with HTTP 200
2024-06-20 18:10:07.400 21 INFO cinder.volume.api [None req-dd1a8ef3-b49b-4fad-84a3-e06ff0435008 6cb561b98c2a416a9da80c023e88ab6f 0fb69e6c9ddb4740a6b4be92f861e877 - - default default] Volume info retrieved successfully.
2024-06-20 18:10:07.429 21 INFO cinder.api.openstack.wsgi [None req-dd1a8ef3-b49b-4fad-84a3-e06ff0435008 6cb561b98c2a416a9da80c023e88ab6f 0fb69e6c9ddb4740a6b4be92f861e877 - - default default] http://[LB_IP_ADDRESS]:8776/v3/0fb69e6c9ddb4740a6b4be92f861e877/volumes/e41d5b6e-8ccd-4e09-bad9-e0dd586d1a99 returned with HTTP 200
2024-06-20 18:10:07.459 19 INFO cinder.api.openstack.wsgi [None req-362b82ff-da99-4e5a-959a-10c60c8968ca 6cb561b98c2a416a9da80c023e88ab6f 0fb69e6c9ddb4740a6b4be92f861e877 - - default default] POST http://[LB_IP_ADDRESS]:8776/v3/0fb69e6c9ddb4740a6b4be92f861e877/group_snapshots
2024-06-20 18:10:07.477 19 INFO cinder.api.v3.group_snapshots [None req-362b82ff-da99-4e5a-959a-10c60c8968ca 6cb561b98c2a416a9da80c023e88ab6f 0fb69e6c9ddb4740a6b4be92f861e877 - - default default] Creating group_snapshot tempest-group_snapshot-727125151.
2024-06-20 18:10:07.609 19 WARNING cinder.quota [None req-362b82ff-da99-4e5a-959a-10c60c8968ca 6cb561b98c2a416a9da80c023e88ab6f 0fb69e6c9ddb4740a6b4be92f861e877 - - default default] Deprecated: Default quota for resource: gigabytes_tempest-GroupSnapshotsTest-volume-type-1297692053 is set by the default quota flag: quota_gigabytes_tempest-GroupSnapshotsTest-volume-type-1297692053, it is now deprecated. Please use the default quota class for default quota.
2024-06-20 18:10:07.612 19 WARNING cinder.quota [None req-362b82ff-da99-4e5a-959a-10c60c8968ca 6cb561b98c2a416a9da80c023e88ab6f 0fb69e6c9ddb4740a6b4be92f861e877 - - default default] Deprecated: Default quota for resource: snapshots_tempest-GroupSnapshotsTest-volume-type-1297692053 is set by the default quota flag: quota_snapshots_tempest-GroupSnapshotsTest-volume-type-1297692053, it is now deprecated. Please use the default quota class for default quota.
2024-06-20 18:10:07.683 19 INFO cinder.api.openstack.wsgi [None req-362b82ff-da99-4e5a-959a-10c60c8968ca 6cb561b98c2a416a9da80c023e88ab6f 0fb69e6c9ddb4740a6b4be92f861e877 - - default default] http://[LB_IP_ADDRESS]:8776/v3/0fb69e6c9ddb4740a6b4be92f861e877/group_snapshots returned with HTTP 202
2024-06-20 18:10:07.699 22 INFO cinder.api.openstack.wsgi [None req-1a147a89-aa86-416f-8d6e-d57c5fb6b5aa 6cb561b98c2a416a9da80c023e88ab6f 0fb69e6c9ddb4740a6b4be92f861e877 - - default default] GET http://[LB_IP_ADDRESS]:8776/v3/0fb69e6c9ddb4740a6b4be92f861e877/group_snapshots/96f38bbb-e4cc-4674-bff5-85e3c4ebf2aa
2024-06-20 18:10:07.714 22 INFO cinder.api.openstack.wsgi [None req-1a147a89-aa86-416f-8d6e-d57c5fb6b5aa 6cb561b98c2a416a9da80c023e88ab6f 0fb69e6c9ddb4740a6b4be92f861e877 - - default default] http://[LB_IP_ADDRESS]:8776/v3/0fb69e6c9ddb4740a6b4be92f861e877/group_snapshots/96f38bbb-e4cc-4674-bff5-85e3c4ebf2aa returned with HTTP 200
2024-06-20 18:10:08.393 20 INFO cinder.api.openstack.wsgi [None req-823654f8-c4b9-4a30-ab20-9d548addf8c5 50a97cec054f4aef9e43598a723dedd3 e8fb11c18376410cae7d38762d8bbf23 - - default default] GET http://[LB_IP_ADDRESS]:8776/v3/e8fb11c18376410cae7d38762d8bbf23/volumes/794d71ab-3e25-4a96-810b-c5706cd71894
2024-06-20 18:10:08.410 20 INFO cinder.api.openstack.wsgi [None req-823654f8-c4b9-4a30-ab20-9d548addf8c5 50a97cec054f4aef9e43598a723dedd3 e8fb11c18376410cae7d38762d8bbf23 - - default default] http://[LB_IP_ADDRESS]:8776/v3/e8fb11c18376410cae7d38762d8bbf23/volumes/794d71ab-3e25-4a96-810b-c5706cd71894 returned with HTTP 404
2024-06-20 18:10:08.424 18 INFO cinder.api.openstack.wsgi [None req-9092f0a6-19c1-470a-bb14-a990969ef2d5 50a97cec054f4aef9e43598a723dedd3 e8fb11c18376410cae7d38762d8bbf23 - - default default] GET http://[LB_IP_ADDRESS]:8776/v3/e8fb11c18376410cae7d38762d8bbf23/groups/33c6a9b4-bebf-4886-8d6d-9f1ba3f577ef
2024-06-20 18:10:08.431 18 INFO cinder.api.openstack.wsgi [None req-9092f0a6-19c1-470a-bb14-a990969ef2d5 50a97cec054f4aef9e43598a723dedd3 e8fb11c18376410cae7d38762d8bbf23 - - default default] http://[LB_IP_ADDRESS]:8776/v3/e8fb11c18376410cae7d38762d8bbf23/groups/33c6a9b4-bebf-4886-8d6d-9f1ba3f577ef returned with HTTP 404
2024-06-20 18:10:08.448 21 INFO cinder.api.openstack.wsgi [None req-dd56bad5-3f78-4ed4-825c-039caede9860 50a97cec054f4aef9e43598a723dedd3 e8fb11c18376410cae7d38762d8bbf23 - - default default] POST http://[LB_IP_ADDRESS]:8776/v3/e8fb11c18376410cae7d38762d8bbf23/groups/6cc440d5-503e-4f31-adcf-5497777b19a3/action
2024-06-20 18:10:08.457 21 INFO cinder.api.v3.groups [None req-dd56bad5-3f78-4ed4-825c-039caede9860 50a97cec054f4aef9e43598a723dedd3 e8fb11c18376410cae7d38762d8bbf23 - - default default] Delete group with id: 6cc440d5-503e-4f31-adcf-5497777b19a3
