2026-06-28 06:08:34.927 76 WARNING cinder.volume.api [None req-8b45e8e2-e85a-49a3-aa2c-6d74e7c27eea 22391e24b8fd46d4a9abdc0f33f225be ed09e344e4c64b36b911165f90040667 - - default default] Task 'cinder.volume.flows.api.create_volume.QuotaReserveTask;volume:create' (ebc65dff-397a-4430-9377-6f9f5589a34d) transitioned into state 'REVERTED' from state 'REVERTING'
2026-06-28 06:08:34.930 76 WARNING cinder.volume.api [None req-8b45e8e2-e85a-49a3-aa2c-6d74e7c27eea 22391e24b8fd46d4a9abdc0f33f225be ed09e344e4c64b36b911165f90040667 - - default default] Task 'cinder.volume.flows.api.create_volume.ExtractVolumeRequestTask;volume:create' (44952284-e078-4b0a-9e85-2fdd39342938) transitioned into state 'REVERTED' from state 'REVERTING'
2026-06-28 06:08:34.932 76 WARNING cinder.volume.api [None req-8b45e8e2-e85a-49a3-aa2c-6d74e7c27eea 22391e24b8fd46d4a9abdc0f33f225be ed09e344e4c64b36b911165f90040667 - - default default] Flow 'volume_create_api' (7057ef11-7be5-4952-b4f2-2fd14994361f) transitioned into state 'REVERTED' from state 'RUNNING'
2026-06-28 06:08:34.933 76 INFO cinder.api.middleware.fault [None req-8b45e8e2-e85a-49a3-aa2c-6d74e7c27eea 22391e24b8fd46d4a9abdc0f33f225be ed09e344e4c64b36b911165f90040667 - - default default] http://[LB_IP_ADDRESS]:8776/v3/ed09e344e4c64b36b911165f90040667/volumes returned with HTTP 413
2026-06-28 06:08:34.950 73 INFO cinder.api.openstack.wsgi [None req-867c2ec2-6d79-42e3-bdc7-5b29ea3b93c0 4bcfd746c02c4e1d9d8ca0810074ea38 e90d247b964b4153928cad0096831477 - - default default] PUT http://[LB_IP_ADDRESS]:8776/v3/e90d247b964b4153928cad0096831477/os-quota-sets/ed09e344e4c64b36b911165f90040667
2026-06-28 06:08:34.985 72 INFO cinder.api.openstack.wsgi [None req-7ac141d6-8c60-499e-a409-878cf06046af abcc50dbadf24a41ab485557530d5ecb dbadcdfb87d34cf79934246691b1f1dd - - default default] http://[LB_IP_ADDRESS]:8776/v3/dbadcdfb87d34cf79934246691b1f1dd/os-quota-class-sets/default returned with HTTP 200
2026-06-28 06:08:35.246 73 INFO cinder.api.openstack.wsgi [None req-867c2ec2-6d79-42e3-bdc7-5b29ea3b93c0 4bcfd746c02c4e1d9d8ca0810074ea38 e90d247b964b4153928cad0096831477 - - default default] http://[LB_IP_ADDRESS]:8776/v3/e90d247b964b4153928cad0096831477/os-quota-sets/ed09e344e4c64b36b911165f90040667 returned with HTTP 200
2026-06-28 06:08:35.262 75 INFO cinder.api.openstack.wsgi [None req-2464d20f-ba51-4e4b-baf4-c02efbe2b51c 22391e24b8fd46d4a9abdc0f33f225be ed09e344e4c64b36b911165f90040667 - - default default] POST http://[LB_IP_ADDRESS]:8776/v3/ed09e344e4c64b36b911165f90040667/volumes
2026-06-28 06:08:35.266 75 INFO cinder.api.v3.volumes [None req-2464d20f-ba51-4e4b-baf4-c02efbe2b51c 22391e24b8fd46d4a9abdc0f33f225be ed09e344e4c64b36b911165f90040667 - - default default] Create volume of 1 GB
2026-06-28 06:08:35.277 75 INFO cinder.volume.api [None req-2464d20f-ba51-4e4b-baf4-c02efbe2b51c 22391e24b8fd46d4a9abdc0f33f225be ed09e344e4c64b36b911165f90040667 - - default default] Availability Zones retrieved successfully.
2026-06-28 06:08:35.757 75 WARNING cinder.quota_utils [None req-2464d20f-ba51-4e4b-baf4-c02efbe2b51c 22391e24b8fd46d4a9abdc0f33f225be ed09e344e4c64b36b911165f90040667 - - default default] Quota exceeded for ed09e344e4c64b36b911165f90040667, tried to create volume (1 volumes already consumed).: cinder.exception.OverQuota: Quota exceeded for resources: ['volumes']
2026-06-28 06:08:35.761 75 WARNING cinder.volume.api [None req-2464d20f-ba51-4e4b-baf4-c02efbe2b51c 22391e24b8fd46d4a9abdc0f33f225be ed09e344e4c64b36b911165f90040667 - - default default] Task 'cinder.volume.flows.api.create_volume.QuotaReserveTask;volume:create' (eea5a47b-b6f6-479d-a395-5a49ee384dd9) transitioned into state 'FAILURE' from state 'RUNNING'

Failure: cinder.exception.VolumeLimitExceeded: Maximum number of volumes allowed (1) exceeded for quota 'volumes'.
2026-06-28 06:08:35.767 75 WARNING cinder.volume.api [None req-2464d20f-ba51-4e4b-baf4-c02efbe2b51c 22391e24b8fd46d4a9abdc0f33f225be ed09e344e4c64b36b911165f90040667 - - default default] Task 'cinder.volume.flows.api.create_volume.QuotaReserveTask;volume:create' (eea5a47b-b6f6-479d-a395-5a49ee384dd9) transitioned into state 'REVERTED' from state 'REVERTING'
2026-06-28 06:08:35.770 75 WARNING cinder.volume.api [None req-2464d20f-ba51-4e4b-baf4-c02efbe2b51c 22391e24b8fd46d4a9abdc0f33f225be ed09e344e4c64b36b911165f90040667 - - default default] Task 'cinder.volume.flows.api.create_volume.ExtractVolumeRequestTask;volume:create' (079f561e-f795-47a0-bcb7-420792b8f8af) transitioned into state 'REVERTED' from state 'REVERTING'
2026-06-28 06:08:35.772 75 WARNING cinder.volume.api [None req-2464d20f-ba51-4e4b-baf4-c02efbe2b51c 22391e24b8fd46d4a9abdc0f33f225be ed09e344e4c64b36b911165f90040667 - - default default] Flow 'volume_create_api' (b2a563a1-aa40-4427-88ba-91387b78f519) transitioned into state 'REVERTED' from state 'RUNNING'
2026-06-28 06:08:35.773 75 INFO cinder.api.middleware.fault [None req-2464d20f-ba51-4e4b-baf4-c02efbe2b51c 22391e24b8fd46d4a9abdc0f33f225be ed09e344e4c64b36b911165f90040667 - - default default] http://[LB_IP_ADDRESS]:8776/v3/ed09e344e4c64b36b911165f90040667/volumes returned with HTTP 413
2026-06-28 06:08:35.789 74 INFO cinder.api.openstack.wsgi [None req-25cb01f2-7c71-4a2b-8080-aa955715cad3 4bcfd746c02c4e1d9d8ca0810074ea38 e90d247b964b4153928cad0096831477 - - default default] PUT http://[LB_IP_ADDRESS]:8776/v3/e90d247b964b4153928cad0096831477/os-quota-sets/ed09e344e4c64b36b911165f90040667
2026-06-28 06:08:36.056 74 INFO cinder.api.openstack.wsgi [None req-25cb01f2-7c71-4a2b-8080-aa955715cad3 4bcfd746c02c4e1d9d8ca0810074ea38 e90d247b964b4153928cad0096831477 - - default default] http://[LB_IP_ADDRESS]:8776/v3/e90d247b964b4153928cad0096831477/os-quota-sets/ed09e344e4c64b36b911165f90040667 returned with HTTP 200
2026-06-28 06:08:36.072 76 INFO cinder.api.openstack.wsgi [None req-6299db0d-a0aa-4d04-816b-e3594a4ec7c0 22391e24b8fd46d4a9abdc0f33f225be ed09e344e4c64b36b911165f90040667 - - default default] POST http://[LB_IP_ADDRESS]:8776/v3/ed09e344e4c64b36b911165f90040667/volumes/c957bbeb-8be3-4d65-b192-0a82ea47addb/action
2026-06-28 06:08:36.091 76 INFO cinder.volume.api [None req-6299db0d-a0aa-4d04-816b-e3594a4ec7c0 22391e24b8fd46d4a9abdc0f33f225be ed09e344e4c64b36b911165f90040667 - - default default] Volume info retrieved successfully.
2026-06-28 06:08:36.319 76 ERROR cinder.volume.api [None req-6299db0d-a0aa-4d04-816b-e3594a4ec7c0 22391e24b8fd46d4a9abdc0f33f225be ed09e344e4c64b36b911165f90040667 - - default default] Quota exceeded for ed09e344e4c64b36b911165f90040667, tried to extend volume by 1G, (1G of 1G already consumed).: cinder.exception.OverQuota: Quota exceeded for resources: ['gigabytes']
2026-06-28 06:08:36.326 76 INFO cinder.api.middleware.fault [None req-6299db0d-a0aa-4d04-816b-e3594a4ec7c0 22391e24b8fd46d4a9abdc0f33f225be ed09e344e4c64b36b911165f90040667 - - default default] http://[LB_IP_ADDRESS]:8776/v3/ed09e344e4c64b36b911165f90040667/volumes/c957bbeb-8be3-4d65-b192-0a82ea47addb/action returned with HTTP 413
2026-06-28 06:08:36.341 72 INFO cinder.api.openstack.wsgi [None req-10ca08a9-368b-4f81-8484-c0d72bf0230b 22391e24b8fd46d4a9abdc0f33f225be ed09e344e4c64b36b911165f90040667 - - default default] GET http://[LB_IP_ADDRESS]:8776/v3/ed09e344e4c64b36b911165f90040667/volumes/c957bbeb-8be3-4d65-b192-0a82ea47addb
2026-06-28 06:08:36.362 72 INFO cinder.volume.api [None req-10ca08a9-368b-4f81-8484-c0d72bf0230b 22391e24b8fd46d4a9abdc0f33f225be ed09e344e4c64b36b911165f90040667 - - default default] Volume info retrieved successfully.
2026-06-28 06:08:36.371 72 INFO cinder.api.openstack.wsgi [None req-10ca08a9-368b-4f81-8484-c0d72bf0230b 22391e24b8fd46d4a9abdc0f33f225be ed09e344e4c64b36b911165f90040667 - - default default] http://[LB_IP_ADDRESS]:8776/v3/ed09e344e4c64b36b911165f90040667/volumes/c957bbeb-8be3-4d65-b192-0a82ea47addb returned with HTTP 200
2026-06-28 06:08:36.392 73 INFO cinder.api.openstack.wsgi [None req-eb6d103d-985b-42cf-bc84-faa90dcca3a8 22391e24b8fd46d4a9abdc0f33f225be ed09e344e4c64b36b911165f90040667 - - default default] DELETE http://[LB_IP_ADDRESS]:8776/v3/ed09e344e4c64b36b911165f90040667/volumes/c957bbeb-8be3-4d65-b192-0a82ea47addb
2026-06-28 06:08:36.393 73 INFO cinder.api.v3.volumes [None req-eb6d103d-985b-42cf-bc84-faa90dcca3a8 22391e24b8fd46d4a9abdc0f33f225be ed09e344e4c64b36b911165f90040667 - - default default] Delete volume with id: c957bbeb-8be3-4d65-b192-0a82ea47addb 
2026-06-28 06:08:36.409 73 INFO cinder.volume.api [None req-eb6d103d-985b-42cf-bc84-faa90dcca3a8 22391e24b8fd46d4a9abdc0f33f225be ed09e344e4c64b36b911165f90040667 - - default default] Volume info retrieved successfully.
2026-06-28 06:08:36.443 73 INFO cinder.volume.api [None req-eb6d103d-985b-42cf-bc84-faa90dcca3a8 22391e24b8fd46d4a9abdc0f33f225be ed09e344e4c64b36b911165f90040667 - - default default] Delete volume request issued successfully.
2026-06-28 06:08:36.444 73 INFO cinder.api.openstack.wsgi [None req-eb6d103d-985b-42cf-bc84-faa90dcca3a8 22391e24b8fd46d4a9abdc0f33f225be ed09e344e4c64b36b911165f90040667 - - default default] http://[LB_IP_ADDRESS]:8776/v3/ed09e344e4c64b36b911165f90040667/volumes/c957bbeb-8be3-4d65-b192-0a82ea47addb returned with HTTP 202
2026-06-28 06:08:36.456 75 INFO cinder.api.openstack.wsgi [None req-7fefdca9-fb9e-4a14-ab5c-ca29cbed1041 22391e24b8fd46d4a9abdc0f33f225be ed09e344e4c64b36b911165f90040667 - - default default] GET http://[LB_IP_ADDRESS]:8776/v3/ed09e344e4c64b36b911165f90040667/volumes/c957bbeb-8be3-4d65-b192-0a82ea47addb
2026-06-28 06:08:36.477 75 INFO cinder.volume.api [None req-7fefdca9-fb9e-4a14-ab5c-ca29cbed1041 22391e24b8fd46d4a9abdc0f33f225be ed09e344e4c64b36b911165f90040667 - - default default] Volume info retrieved successfully.
2026-06-28 06:08:36.487 75 INFO cinder.api.openstack.wsgi [None req-7fefdca9-fb9e-4a14-ab5c-ca29cbed1041 22391e24b8fd46d4a9abdc0f33f225be ed09e344e4c64b36b911165f90040667 - - default default] http://[LB_IP_ADDRESS]:8776/v3/ed09e344e4c64b36b911165f90040667/volumes/c957bbeb-8be3-4d65-b192-0a82ea47addb returned with HTTP 200
2026-06-28 06:08:37.510 74 INFO cinder.api.openstack.wsgi [None req-1e52ba91-5450-4352-b7d1-5e043d3d29a8 22391e24b8fd46d4a9abdc0f33f225be ed09e344e4c64b36b911165f90040667 - - default default] GET http://[LB_IP_ADDRESS]:8776/v3/ed09e344e4c64b36b911165f90040667/volumes/c957bbeb-8be3-4d65-b192-0a82ea47addb
2026-06-28 06:08:37.523 74 INFO cinder.api.openstack.wsgi [None req-1e52ba91-5450-4352-b7d1-5e043d3d29a8 22391e24b8fd46d4a9abdc0f33f225be ed09e344e4c64b36b911165f90040667 - - default default] http://[LB_IP_ADDRESS]:8776/v3/ed09e344e4c64b36b911165f90040667/volumes/c957bbeb-8be3-4d65-b192-0a82ea47addb returned with HTTP 404
2026-06-28 06:08:37.537 76 INFO cinder.api.openstack.wsgi [None req-dc3f09c2-7a42-4b85-9d77-25f48fca0781 4bcfd746c02c4e1d9d8ca0810074ea38 e90d247b964b4153928cad0096831477 - - default default] PUT http://[LB_IP_ADDRESS]:8776/v3/e90d247b964b4153928cad0096831477/os-quota-sets/ed09e344e4c64b36b911165f90040667
2026-06-28 06:08:37.945 76 INFO cinder.api.openstack.wsgi [None req-dc3f09c2-7a42-4b85-9d77-25f48fca0781 4bcfd746c02c4e1d9d8ca0810074ea38 e90d247b964b4153928cad0096831477 - - default default] http://[LB_IP_ADDRESS]:8776/v3/e90d247b964b4153928cad0096831477/os-quota-sets/ed09e344e4c64b36b911165f90040667 returned with HTTP 200
2026-06-28 06:08:39.255 72 INFO cinder.api.openstack.wsgi [None req-2c9b130c-889a-40e0-ba16-86ecdae618c7 a4a35c38922b405d8c2326a6c5380a8d a758ac45561e4d4493d0bc4ee1c649fa - - default default] GET http://[LB_IP_ADDRESS]:8776/v3/a758ac45561e4d4493d0bc4ee1c649fa/os-services
2026-06-28 06:08:39.264 72 INFO cinder.api.openstack.wsgi [None req-2c9b130c-889a-40e0-ba16-86ecdae618c7 a4a35c38922b405d8c2326a6c5380a8d a758ac45561e4d4493d0bc4ee1c649fa - - default default] http://[LB_IP_ADDRESS]:8776/v3/a758ac45561e4d4493d0bc4ee1c649fa/os-services returned with HTTP 200
2026-06-28 06:08:39.283 73 INFO cinder.api.openstack.wsgi [None req-850fb934-32da-4d4c-be42-2de963162917 a4a35c38922b405d8c2326a6c5380a8d a758ac45561e4d4493d0bc4ee1c649fa - - default default] PUT http://[LB_IP_ADDRESS]:8776/v3/a758ac45561e4d4493d0bc4ee1c649fa/os-services/disable-log-reason
2026-06-28 06:08:39.288 73 INFO cinder.api.openstack.wsgi [None req-850fb934-32da-4d4c-be42-2de963162917 a4a35c38922b405d8c2326a6c5380a8d a758ac45561e4d4493d0bc4ee1c649fa - - default default] http://[LB_IP_ADDRESS]:8776/v3/a758ac45561e4d4493d0bc4ee1c649fa/os-services/disable-log-reason returned with HTTP 400
2026-06-28 06:08:39.304 75 INFO cinder.api.openstack.wsgi [None req-39e290ad-a1b2-4073-97f0-35888703f87b a4a35c38922b405d8c2326a6c5380a8d a758ac45561e4d4493d0bc4ee1c649fa - - default default] PUT http://[LB_IP_ADDRESS]:8776/v3/a758ac45561e4d4493d0bc4ee1c649fa/os-services/disable
2026-06-28 06:08:39.315 75 INFO cinder.api.openstack.wsgi [None req-39e290ad-a1b2-4073-97f0-35888703f87b a4a35c38922b405d8c2326a6c5380a8d a758ac45561e4d4493d0bc4ee1c649fa - - default default] http://[LB_IP_ADDRESS]:8776/v3/a758ac45561e4d4493d0bc4ee1c649fa/os-services/disable returned with HTTP 404
2026-06-28 06:08:39.330 74 INFO cinder.api.openstack.wsgi [None req-12083825-6af3-41c0-b02a-04ed51697679 a4a35c38922b405d8c2326a6c5380a8d a758ac45561e4d4493d0bc4ee1c649fa - - default default] PUT http://[LB_IP_ADDRESS]:8776/v3/a758ac45561e4d4493d0bc4ee1c649fa/os-services/enable
2026-06-28 06:08:39.341 74 INFO cinder.api.openstack.wsgi [None req-12083825-6af3-41c0-b02a-04ed51697679 a4a35c38922b405d8c2326a6c5380a8d a758ac45561e4d4493d0bc4ee1c649fa - - default default] http://[LB_IP_ADDRESS]:8776/v3/a758ac45561e4d4493d0bc4ee1c649fa/os-services/enable returned with HTTP 404
2026-06-28 06:08:39.356 76 INFO cinder.api.openstack.wsgi [None req-a57465cf-9139-4a31-98d3-2a2195d1a1ec a4a35c38922b405d8c2326a6c5380a8d a758ac45561e4d4493d0bc4ee1c649fa - - default default] PUT http://[LB_IP_ADDRESS]:8776/v3/a758ac45561e4d4493d0bc4ee1c649fa/os-services/freeze
2026-06-28 06:08:39.368 76 INFO cinder.api.openstack.wsgi [None req-a57465cf-9139-4a31-98d3-2a2195d1a1ec a4a35c38922b405d8c2326a6c5380a8d a758ac45561e4d4493d0bc4ee1c649fa - - default default] http://[LB_IP_ADDRESS]:8776/v3/a758ac45561e4d4493d0bc4ee1c649fa/os-services/freeze returned with HTTP 400
2026-06-28 06:08:39.383 72 INFO cinder.api.openstack.wsgi [None req-7c9dda2e-00ee-4989-86f6-c69475b334b2 a4a35c38922b405d8c2326a6c5380a8d a758ac45561e4d4493d0bc4ee1c649fa - - default default] PUT http://[LB_IP_ADDRESS]:8776/v3/a758ac45561e4d4493d0bc4ee1c649fa/os-services/thaw
2026-06-28 06:08:39.395 72 INFO cinder.api.openstack.wsgi [None req-7c9dda2e-00ee-4989-86f6-c69475b334b2 a4a35c38922b405d8c2326a6c5380a8d a758ac45561e4d4493d0bc4ee1c649fa - - default default] http://[LB_IP_ADDRESS]:8776/v3/a758ac45561e4d4493d0bc4ee1c649fa/os-services/thaw returned with HTTP 400
2026-06-28 06:08:42.182 73 INFO cinder.api.openstack.wsgi [None req-6e99afd8-0947-47b3-a0c3-40d3fdaeae56 - - - - - -] GET http://[LB_IP_ADDRESS]:8776/
2026-06-28 06:08:42.183 73 INFO cinder.api.openstack.wsgi [None req-6e99afd8-0947-47b3-a0c3-40d3fdaeae56 - - - - - -] http://[LB_IP_ADDRESS]:8776/ returned with HTTP 300
2026-06-28 06:08:43.184 75 INFO cinder.api.openstack.wsgi [None req-e2f41744-0190-4add-8817-9b63729c6f1d 4ffb540653b640d3b9d43bc826bdaee3 12d6b62feec944eeb8d6266a6ea95254 - - default default] GET http://[LB_IP_ADDRESS]:8776/v3/12d6b62feec944eeb8d6266a6ea95254/os-quota-sets/d55cc04ebad14a8b8cc7db4ebe252ba6
2026-06-28 06:08:43.382 75 INFO cinder.api.openstack.wsgi [None req-e2f41744-0190-4add-8817-9b63729c6f1d 4ffb540653b640d3b9d43bc826bdaee3 12d6b62feec944eeb8d6266a6ea95254 - - default default] http://[LB_IP_ADDRESS]:8776/v3/12d6b62feec944eeb8d6266a6ea95254/os-quota-sets/d55cc04ebad14a8b8cc7db4ebe252ba6 returned with HTTP 200
2026-06-28 06:08:43.401 74 INFO cinder.api.openstack.wsgi [None req-740d3086-99fa-4cec-9922-a02c5e76bdfb 4ffb540653b640d3b9d43bc826bdaee3 12d6b62feec944eeb8d6266a6ea95254 - - default default] GET http://[LB_IP_ADDRESS]:8776/v3/12d6b62feec944eeb8d6266a6ea95254/os-quota-sets/d55cc04ebad14a8b8cc7db4ebe252ba6/defaults
2026-06-28 06:08:43.897 74 INFO cinder.api.openstack.wsgi [None req-740d3086-99fa-4cec-9922-a02c5e76bdfb 4ffb540653b640d3b9d43bc826bdaee3 12d6b62feec944eeb8d6266a6ea95254 - - default default] http://[LB_IP_ADDRESS]:8776/v3/12d6b62feec944eeb8d6266a6ea95254/os-quota-sets/d55cc04ebad14a8b8cc7db4ebe252ba6/defaults returned with HTTP 200
2026-06-28 06:08:43.914 76 INFO cinder.api.openstack.wsgi [None req-ee09c875-c27b-478d-850f-622a12077c6e 4ffb540653b640d3b9d43bc826bdaee3 12d6b62feec944eeb8d6266a6ea95254 - - default default] PUT http://[LB_IP_ADDRESS]:8776/v3/12d6b62feec944eeb8d6266a6ea95254/os-quota-sets/d55cc04ebad14a8b8cc7db4ebe252ba6
2026-06-28 06:08:44.178 76 INFO cinder.api.openstack.wsgi [None req-ee09c875-c27b-478d-850f-622a12077c6e 4ffb540653b640d3b9d43bc826bdaee3 12d6b62feec944eeb8d6266a6ea95254 - - default default] http://[LB_IP_ADDRESS]:8776/v3/12d6b62feec944eeb8d6266a6ea95254/os-quota-sets/d55cc04ebad14a8b8cc7db4ebe252ba6 returned with HTTP 200
2026-06-28 06:08:44.200 72 INFO cinder.api.openstack.wsgi [None req-444c7426-83c2-4020-8751-1439e8bb9bee 4ffb540653b640d3b9d43bc826bdaee3 12d6b62feec944eeb8d6266a6ea95254 - - default default] DELETE http://[LB_IP_ADDRESS]:8776/v3/12d6b62feec944eeb8d6266a6ea95254/os-quota-sets/d55cc04ebad14a8b8cc7db4ebe252ba6
2026-06-28 06:08:44.220 72 INFO cinder.api.openstack.wsgi [None req-444c7426-83c2-4020-8751-1439e8bb9bee 4ffb540653b640d3b9d43bc826bdaee3 12d6b62feec944eeb8d6266a6ea95254 - - default default] http://[LB_IP_ADDRESS]:8776/v3/12d6b62feec944eeb8d6266a6ea95254/os-quota-sets/d55cc04ebad14a8b8cc7db4ebe252ba6 returned with HTTP 200
2026-06-28 06:08:44.233 73 INFO cinder.api.openstack.wsgi [None req-f1484ec3-8a12-476c-9afd-e9ed4bcbc21c 4ffb540653b640d3b9d43bc826bdaee3 12d6b62feec944eeb8d6266a6ea95254 - - default default] GET http://[LB_IP_ADDRESS]:8776/v3/12d6b62feec944eeb8d6266a6ea95254/os-quota-sets/d55cc04ebad14a8b8cc7db4ebe252ba6
2026-06-28 06:08:44.432 73 INFO cinder.api.openstack.wsgi [None req-f1484ec3-8a12-476c-9afd-e9ed4bcbc21c 4ffb540653b640d3b9d43bc826bdaee3 12d6b62feec944eeb8d6266a6ea95254 - - default default] http://[LB_IP_ADDRESS]:8776/v3/12d6b62feec944eeb8d6266a6ea95254/os-quota-sets/d55cc04ebad14a8b8cc7db4ebe252ba6 returned with HTTP 200
2026-06-28 06:08:44.450 75 INFO cinder.api.openstack.wsgi [None req-e0cdda83-211e-4865-9942-e2fc360e2237 4ffb540653b640d3b9d43bc826bdaee3 12d6b62feec944eeb8d6266a6ea95254 - - default default] PUT http://[LB_IP_ADDRESS]:8776/v3/12d6b62feec944eeb8d6266a6ea95254/os-quota-sets/d55cc04ebad14a8b8cc7db4ebe252ba6
2026-06-28 06:08:44.669 74 INFO cinder.api.openstack.wsgi [None req-b6b57b71-3652-4e5b-be8f-b62ea268a4ab 11d9fa3c9d3848baa3dc31c0e523bafe 090ccffd15f745c5b21a185c00b9da49 - - default default] POST http://[LB_IP_ADDRESS]:8776/v3/090ccffd15f745c5b21a185c00b9da49/types/8ed90645-d4fa-4b57-8b4a-1abe4c8a39c2/encryption
2026-06-28 06:08:44.689 74 INFO cinder.api.openstack.wsgi [None req-b6b57b71-3652-4e5b-be8f-b62ea268a4ab 11d9fa3c9d3848baa3dc31c0e523bafe 090ccffd15f745c5b21a185c00b9da49 - - default default] http://[LB_IP_ADDRESS]:8776/v3/090ccffd15f745c5b21a185c00b9da49/types/8ed90645-d4fa-4b57-8b4a-1abe4c8a39c2/encryption returned with HTTP 404
2026-06-28 06:08:44.703 76 INFO cinder.api.openstack.wsgi [None req-320fb031-29d0-4e28-8de6-c4a0e2e57f93 11d9fa3c9d3848baa3dc31c0e523bafe 090ccffd15f745c5b21a185c00b9da49 - - default default] POST http://[LB_IP_ADDRESS]:8776/v3/090ccffd15f745c5b21a185c00b9da49/types
2026-06-28 06:08:44.707 76 INFO cinder.api.openstack.wsgi [None req-320fb031-29d0-4e28-8de6-c4a0e2e57f93 11d9fa3c9d3848baa3dc31c0e523bafe 090ccffd15f745c5b21a185c00b9da49 - - default default] http://[LB_IP_ADDRESS]:8776/v3/090ccffd15f745c5b21a185c00b9da49/types returned with HTTP 400
2026-06-28 06:08:44.720 72 INFO cinder.api.openstack.wsgi [None req-dfc6a00a-ee34-4d99-9f32-ae2b18340f04 11d9fa3c9d3848baa3dc31c0e523bafe 090ccffd15f745c5b21a185c00b9da49 - - default default] POST http://[LB_IP_ADDRESS]:8776/v3/090ccffd15f745c5b21a185c00b9da49/types
2026-06-28 06:08:44.754 72 INFO cinder.api.openstack.wsgi [None req-dfc6a00a-ee34-4d99-9f32-ae2b18340f04 11d9fa3c9d3848baa3dc31c0e523bafe 090ccffd15f745c5b21a185c00b9da49 - - default default] http://[LB_IP_ADDRESS]:8776/v3/090ccffd15f745c5b21a185c00b9da49/types returned with HTTP 200
2026-06-28 06:08:44.770 73 INFO cinder.api.openstack.wsgi [None req-e23e5c2d-1ded-4537-b079-3362e52f0f5b 11d9fa3c9d3848baa3dc31c0e523bafe 090ccffd15f745c5b21a185c00b9da49 - - default default] POST http://[LB_IP_ADDRESS]:8776/v3/090ccffd15f745c5b21a185c00b9da49/types
2026-06-28 06:08:44.785 73 INFO cinder.api.openstack.wsgi [None req-e23e5c2d-1ded-4537-b079-3362e52f0f5b 11d9fa3c9d3848baa3dc31c0e523bafe 090ccffd15f745c5b21a185c00b9da49 - - default default] HTTP exception thrown: Volume Type tempest-VolumeTypesNegativeTest-volume-type-1670714887 already exists.
2026-06-28 06:08:44.785 73 INFO cinder.api.openstack.wsgi [None req-e23e5c2d-1ded-4537-b079-3362e52f0f5b 11d9fa3c9d3848baa3dc31c0e523bafe 090ccffd15f745c5b21a185c00b9da49 - - default default] http://[LB_IP_ADDRESS]:8776/v3/090ccffd15f745c5b21a185c00b9da49/types returned with HTTP 409
2026-06-28 06:08:44.797 74 INFO cinder.api.openstack.wsgi [None req-e0ec07a5-b400-4235-bcbc-41f97fd88d2e 11d9fa3c9d3848baa3dc31c0e523bafe 090ccffd15f745c5b21a185c00b9da49 - - default default] DELETE http://[LB_IP_ADDRESS]:8776/v3/090ccffd15f745c5b21a185c00b9da49/types/73ff5c89-e981-4545-82c4-118eb19c5998
2026-06-28 06:08:44.852 74 INFO cinder.api.openstack.wsgi [None req-e0ec07a5-b400-4235-bcbc-41f97fd88d2e 11d9fa3c9d3848baa3dc31c0e523bafe 090ccffd15f745c5b21a185c00b9da49 - - default default] http://[LB_IP_ADDRESS]:8776/v3/090ccffd15f745c5b21a185c00b9da49/types/73ff5c89-e981-4545-82c4-118eb19c5998 returned with HTTP 202
2026-06-28 06:08:44.859 75 INFO cinder.api.openstack.wsgi [None req-e0cdda83-211e-4865-9942-e2fc360e2237 4ffb540653b640d3b9d43bc826bdaee3 12d6b62feec944eeb8d6266a6ea95254 - - default default] http://[LB_IP_ADDRESS]:8776/v3/12d6b62feec944eeb8d6266a6ea95254/os-quota-sets/d55cc04ebad14a8b8cc7db4ebe252ba6 returned with HTTP 200
2026-06-28 06:08:44.864 76 INFO cinder.api.openstack.wsgi [None req-3cf60b27-c5b8-4826-a2f8-d227707a836d 11d9fa3c9d3848baa3dc31c0e523bafe 090ccffd15f745c5b21a185c00b9da49 - - default default] GET http://[LB_IP_ADDRESS]:8776/v3/090ccffd15f745c5b21a185c00b9da49/types/73ff5c89-e981-4545-82c4-118eb19c5998
2026-06-28 06:08:44.870 76 INFO cinder.api.openstack.wsgi [None req-3cf60b27-c5b8-4826-a2f8-d227707a836d 11d9fa3c9d3848baa3dc31c0e523bafe 090ccffd15f745c5b21a185c00b9da49 - - default default] http://[LB_IP_ADDRESS]:8776/v3/090ccffd15f745c5b21a185c00b9da49/types/73ff5c89-e981-4545-82c4-118eb19c5998 returned with HTTP 404
2026-06-28 06:08:44.879 72 INFO cinder.api.openstack.wsgi [None req-aaa493da-ce79-401a-8f31-9c119316453f 4ffb540653b640d3b9d43bc826bdaee3 12d6b62feec944eeb8d6266a6ea95254 - - default default] GET http://[LB_IP_ADDRESS]:8776/v3/12d6b62feec944eeb8d6266a6ea95254/os-quota-sets/d55cc04ebad14a8b8cc7db4ebe252ba6/defaults
2026-06-28 06:08:44.884 73 INFO cinder.api.openstack.wsgi [None req-8741168d-07d3-40c9-ba07-b2613b5c1b6d 11d9fa3c9d3848baa3dc31c0e523bafe 090ccffd15f745c5b21a185c00b9da49 - - default default] DELETE http://[LB_IP_ADDRESS]:8776/v3/090ccffd15f745c5b21a185c00b9da49/types/9e3a70f6-5ac3-476f-b771-2fec7a3caddc
2026-06-28 06:08:44.892 73 INFO cinder.api.openstack.wsgi [None req-8741168d-07d3-40c9-ba07-b2613b5c1b6d 11d9fa3c9d3848baa3dc31c0e523bafe 090ccffd15f745c5b21a185c00b9da49 - - default default] http://[LB_IP_ADDRESS]:8776/v3/090ccffd15f745c5b21a185c00b9da49/types/9e3a70f6-5ac3-476f-b771-2fec7a3caddc returned with HTTP 404
2026-06-28 06:08:44.906 74 INFO cinder.api.openstack.wsgi [None req-cdf3fbac-8d99-4968-8b44-54fd4a79c537 11d9fa3c9d3848baa3dc31c0e523bafe 090ccffd15f745c5b21a185c00b9da49 - - default default] GET http://[LB_IP_ADDRESS]:8776/v3/090ccffd15f745c5b21a185c00b9da49/types/51aa6b39-da9e-466d-9a26-7a2463b53904
2026-06-28 06:08:44.912 74 INFO cinder.api.openstack.wsgi [None req-cdf3fbac-8d99-4968-8b44-54fd4a79c537 11d9fa3c9d3848baa3dc31c0e523bafe 090ccffd15f745c5b21a185c00b9da49 - - default default] http://[LB_IP_ADDRESS]:8776/v3/090ccffd15f745c5b21a185c00b9da49/types/51aa6b39-da9e-466d-9a26-7a2463b53904 returned with HTTP 404
2026-06-28 06:08:45.051 72 INFO cinder.api.openstack.wsgi [None req-aaa493da-ce79-401a-8f31-9c119316453f 4ffb540653b640d3b9d43bc826bdaee3 12d6b62feec944eeb8d6266a6ea95254 - - default default] http://[LB_IP_ADDRESS]:8776/v3/12d6b62feec944eeb8d6266a6ea95254/os-quota-sets/d55cc04ebad14a8b8cc7db4ebe252ba6/defaults returned with HTTP 200
2026-06-28 06:08:45.072 75 INFO cinder.api.openstack.wsgi [None req-9c2ed03e-3640-47c0-99a9-09372e6e914a 4ffb540653b640d3b9d43bc826bdaee3 12d6b62feec944eeb8d6266a6ea95254 - - default default] GET http://[LB_IP_ADDRESS]:8776/v3/12d6b62feec944eeb8d6266a6ea95254/os-quota-sets/d55cc04ebad14a8b8cc7db4ebe252ba6
2026-06-28 06:08:45.276 75 INFO cinder.api.openstack.wsgi [None req-9c2ed03e-3640-47c0-99a9-09372e6e914a 4ffb540653b640d3b9d43bc826bdaee3 12d6b62feec944eeb8d6266a6ea95254 - - default default] http://[LB_IP_ADDRESS]:8776/v3/12d6b62feec944eeb8d6266a6ea95254/os-quota-sets/d55cc04ebad14a8b8cc7db4ebe252ba6 returned with HTTP 200
2026-06-28 06:08:45.296 76 INFO cinder.api.openstack.wsgi [None req-9b59ebc9-a8bb-40f6-ac65-27cf1c68a8f6 4ffb540653b640d3b9d43bc826bdaee3 12d6b62feec944eeb8d6266a6ea95254 - - default default] GET http://[LB_IP_ADDRESS]:8776/v3/12d6b62feec944eeb8d6266a6ea95254/os-quota-sets/d55cc04ebad14a8b8cc7db4ebe252ba6?usage=True
2026-06-28 06:08:45.497 76 INFO cinder.api.openstack.wsgi [None req-9b59ebc9-a8bb-40f6-ac65-27cf1c68a8f6 4ffb540653b640d3b9d43bc826bdaee3 12d6b62feec944eeb8d6266a6ea95254 - - default default] http://[LB_IP_ADDRESS]:8776/v3/12d6b62feec944eeb8d6266a6ea95254/os-quota-sets/d55cc04ebad14a8b8cc7db4ebe252ba6?usage=True returned with HTTP 200
2026-06-28 06:08:45.770 73 INFO cinder.api.openstack.wsgi [None req-f7f5715c-1987-446c-a5a8-420931c51ac8 8622cf467cfc494eb8e8668d193297de d55cc04ebad14a8b8cc7db4ebe252ba6 - - default default] POST http://[LB_IP_ADDRESS]:8776/v3/d55cc04ebad14a8b8cc7db4ebe252ba6/volumes
2026-06-28 06:08:45.774 73 INFO cinder.api.v3.volumes [None req-f7f5715c-1987-446c-a5a8-420931c51ac8 8622cf467cfc494eb8e8668d193297de d55cc04ebad14a8b8cc7db4ebe252ba6 - - default default] Create volume of 1 GB
2026-06-28 06:08:45.785 73 INFO cinder.volume.api [None req-f7f5715c-1987-446c-a5a8-420931c51ac8 8622cf467cfc494eb8e8668d193297de d55cc04ebad14a8b8cc7db4ebe252ba6 - - default default] Availability Zones retrieved successfully.
2026-06-28 06:08:46.217 73 INFO cinder.volume.api [None req-f7f5715c-1987-446c-a5a8-420931c51ac8 8622cf467cfc494eb8e8668d193297de d55cc04ebad14a8b8cc7db4ebe252ba6 - - default default] Create volume request issued successfully.
2026-06-28 06:08:46.218 73 INFO cinder.api.openstack.wsgi [None req-f7f5715c-1987-446c-a5a8-420931c51ac8 8622cf467cfc494eb8e8668d193297de d55cc04ebad14a8b8cc7db4ebe252ba6 - - default default] http://[LB_IP_ADDRESS]:8776/v3/d55cc04ebad14a8b8cc7db4ebe252ba6/volumes returned with HTTP 202
2026-06-28 06:08:46.240 74 INFO cinder.api.openstack.wsgi [None req-c58e56c2-a553-42df-85c5-6e3383478132 8622cf467cfc494eb8e8668d193297de d55cc04ebad14a8b8cc7db4ebe252ba6 - - default default] GET http://[LB_IP_ADDRESS]:8776/v3/d55cc04ebad14a8b8cc7db4ebe252ba6/volumes/5557e43b-0969-4f88-a69a-5ff49bdfb555
2026-06-28 06:08:46.262 74 INFO cinder.volume.api [None req-c58e56c2-a553-42df-85c5-6e3383478132 8622cf467cfc494eb8e8668d193297de d55cc04ebad14a8b8cc7db4ebe252ba6 - - default default] Volume info retrieved successfully.
2026-06-28 06:08:46.271 74 INFO cinder.api.openstack.wsgi [None req-c58e56c2-a553-42df-85c5-6e3383478132 8622cf467cfc494eb8e8668d193297de d55cc04ebad14a8b8cc7db4ebe252ba6 - - default default] http://[LB_IP_ADDRESS]:8776/v3/d55cc04ebad14a8b8cc7db4ebe252ba6/volumes/5557e43b-0969-4f88-a69a-5ff49bdfb555 returned with HTTP 200
2026-06-28 06:08:47.296 72 INFO cinder.api.openstack.wsgi [None req-19fa1013-1226-443c-a4e4-98842fd42a37 8622cf467cfc494eb8e8668d193297de d55cc04ebad14a8b8cc7db4ebe252ba6 - - default default] GET http://[LB_IP_ADDRESS]:8776/v3/d55cc04ebad14a8b8cc7db4ebe252ba6/volumes/5557e43b-0969-4f88-a69a-5ff49bdfb555
2026-06-28 06:08:47.318 72 INFO cinder.volume.api [None req-19fa1013-1226-443c-a4e4-98842fd42a37 8622cf467cfc494eb8e8668d193297de d55cc04ebad14a8b8cc7db4ebe252ba6 - - default default] Volume info retrieved successfully.
2026-06-28 06:08:47.327 72 INFO cinder.api.openstack.wsgi [None req-19fa1013-1226-443c-a4e4-98842fd42a37 8622cf467cfc494eb8e8668d193297de d55cc04ebad14a8b8cc7db4ebe252ba6 - - default default] http://[LB_IP_ADDRESS]:8776/v3/d55cc04ebad14a8b8cc7db4ebe252ba6/volumes/5557e43b-0969-4f88-a69a-5ff49bdfb555 returned with HTTP 200
2026-06-28 06:08:47.353 75 INFO cinder.api.openstack.wsgi [None req-622ca3a0-26a2-41c3-afa1-ada439970bce 4ffb540653b640d3b9d43bc826bdaee3 12d6b62feec944eeb8d6266a6ea95254 - - default default] GET http://[LB_IP_ADDRESS]:8776/v3/12d6b62feec944eeb8d6266a6ea95254/os-quota-sets/d55cc04ebad14a8b8cc7db4ebe252ba6?usage=True
2026-06-28 06:08:47.554 75 INFO cinder.api.openstack.wsgi [None req-622ca3a0-26a2-41c3-afa1-ada439970bce 4ffb540653b640d3b9d43bc826bdaee3 12d6b62feec944eeb8d6266a6ea95254 - - default default] http://[LB_IP_ADDRESS]:8776/v3/12d6b62feec944eeb8d6266a6ea95254/os-quota-sets/d55cc04ebad14a8b8cc7db4ebe252ba6?usage=True returned with HTTP 200
2026-06-28 06:08:47.573 73 INFO cinder.api.openstack.wsgi [None req-42b47a73-06fa-4418-a4ae-3898baf4733b 8622cf467cfc494eb8e8668d193297de d55cc04ebad14a8b8cc7db4ebe252ba6 - - default default] DELETE http://[LB_IP_ADDRESS]:8776/v3/d55cc04ebad14a8b8cc7db4ebe252ba6/volumes/5557e43b-0969-4f88-a69a-5ff49bdfb555
2026-06-28 06:08:47.574 73 INFO cinder.api.v3.volumes [None req-42b47a73-06fa-4418-a4ae-3898baf4733b 8622cf467cfc494eb8e8668d193297de d55cc04ebad14a8b8cc7db4ebe252ba6 - - default default] Delete volume with id: 5557e43b-0969-4f88-a69a-5ff49bdfb555 
2026-06-28 06:08:47.590 73 INFO cinder.volume.api [None req-42b47a73-06fa-4418-a4ae-3898baf4733b 8622cf467cfc494eb8e8668d193297de d55cc04ebad14a8b8cc7db4ebe252ba6 - - default default] Volume info retrieved successfully.
2026-06-28 06:08:47.620 73 INFO cinder.volume.api [None req-42b47a73-06fa-4418-a4ae-3898baf4733b 8622cf467cfc494eb8e8668d193297de d55cc04ebad14a8b8cc7db4ebe252ba6 - - default default] Delete volume request issued successfully.
2026-06-28 06:08:47.621 73 INFO cinder.api.openstack.wsgi [None req-42b47a73-06fa-4418-a4ae-3898baf4733b 8622cf467cfc494eb8e8668d193297de d55cc04ebad14a8b8cc7db4ebe252ba6 - - default default] http://[LB_IP_ADDRESS]:8776/v3/d55cc04ebad14a8b8cc7db4ebe252ba6/volumes/5557e43b-0969-4f88-a69a-5ff49bdfb555 returned with HTTP 202
2026-06-28 06:08:47.633 74 INFO cinder.api.openstack.wsgi [None req-a95ea60f-9813-4cee-a6c5-278c470d6319 8622cf467cfc494eb8e8668d193297de d55cc04ebad14a8b8cc7db4ebe252ba6 - - default default] GET http://[LB_IP_ADDRESS]:8776/v3/d55cc04ebad14a8b8cc7db4ebe252ba6/volumes/5557e43b-0969-4f88-a69a-5ff49bdfb555
2026-06-28 06:08:47.654 74 INFO cinder.volume.api [None req-a95ea60f-9813-4cee-a6c5-278c470d6319 8622cf467cfc494eb8e8668d193297de d55cc04ebad14a8b8cc7db4ebe252ba6 - - default default] Volume info retrieved successfully.
2026-06-28 06:08:47.663 74 INFO cinder.api.openstack.wsgi [None req-a95ea60f-9813-4cee-a6c5-278c470d6319 8622cf467cfc494eb8e8668d193297de d55cc04ebad14a8b8cc7db4ebe252ba6 - - default default] http://[LB_IP_ADDRESS]:8776/v3/d55cc04ebad14a8b8cc7db4ebe252ba6/volumes/5557e43b-0969-4f88-a69a-5ff49bdfb555 returned with HTTP 200
2026-06-28 06:08:47.723 76 INFO cinder.api.openstack.wsgi [None req-b16b102d-39e9-455e-bd9a-5a00a8e3fe3c 1a51568f01fc4c1cac0c8b6f97bc90d2 d4c604eb1f1442219896bdb683f91efe - - default default] POST http://[LB_IP_ADDRESS]:8776/v3/d4c604eb1f1442219896bdb683f91efe/types
2026-06-28 06:08:47.757 76 INFO cinder.api.openstack.wsgi [None req-b16b102d-39e9-455e-bd9a-5a00a8e3fe3c 1a51568f01fc4c1cac0c8b6f97bc90d2 d4c604eb1f1442219896bdb683f91efe - - default default] http://[LB_IP_ADDRESS]:8776/v3/d4c604eb1f1442219896bdb683f91efe/types returned with HTTP 200
2026-06-28 06:08:47.773 72 INFO cinder.api.openstack.wsgi [None req-b87de254-4468-44cb-8528-783eda58897b 1a51568f01fc4c1cac0c8b6f97bc90d2 d4c604eb1f1442219896bdb683f91efe - - default default] POST http://[LB_IP_ADDRESS]:8776/v3/d4c604eb1f1442219896bdb683f91efe/types/47b80e0d-edad-4323-b7d3-c230631fb8fa/action
2026-06-28 06:08:47.789 72 INFO cinder.api.openstack.wsgi [None req-b87de254-4468-44cb-8528-783eda58897b 1a51568f01fc4c1cac0c8b6f97bc90d2 d4c604eb1f1442219896bdb683f91efe - - default default] http://[LB_IP_ADDRESS]:8776/v3/d4c604eb1f1442219896bdb683f91efe/types/47b80e0d-edad-4323-b7d3-c230631fb8fa/action returned with HTTP 202
2026-06-28 06:08:47.802 75 INFO cinder.api.openstack.wsgi [None req-dcecfbd4-ad3e-4d54-9c41-c9448c57b9ef 1a51568f01fc4c1cac0c8b6f97bc90d2 d4c604eb1f1442219896bdb683f91efe - - default default] POST http://[LB_IP_ADDRESS]:8776/v3/d4c604eb1f1442219896bdb683f91efe/types/47b80e0d-edad-4323-b7d3-c230631fb8fa/action
2026-06-28 06:08:47.819 75 INFO cinder.api.openstack.wsgi [None req-dcecfbd4-ad3e-4d54-9c41-c9448c57b9ef 1a51568f01fc4c1cac0c8b6f97bc90d2 d4c604eb1f1442219896bdb683f91efe - - default default] http://[LB_IP_ADDRESS]:8776/v3/d4c604eb1f1442219896bdb683f91efe/types/47b80e0d-edad-4323-b7d3-c230631fb8fa/action returned with HTTP 202
2026-06-28 06:08:47.833 73 INFO cinder.api.openstack.wsgi [None req-c407f4dd-64dd-4383-ab98-8fb578481c4f 1a51568f01fc4c1cac0c8b6f97bc90d2 d4c604eb1f1442219896bdb683f91efe - - default default] GET http://[LB_IP_ADDRESS]:8776/v3/d4c604eb1f1442219896bdb683f91efe/types/47b80e0d-edad-4323-b7d3-c230631fb8fa/os-volume-type-access
2026-06-28 06:08:47.841 73 INFO cinder.api.openstack.wsgi [None req-c407f4dd-64dd-4383-ab98-8fb578481c4f 1a51568f01fc4c1cac0c8b6f97bc90d2 d4c604eb1f1442219896bdb683f91efe - - default default] http://[LB_IP_ADDRESS]:8776/v3/d4c604eb1f1442219896bdb683f91efe/types/47b80e0d-edad-4323-b7d3-c230631fb8fa/os-volume-type-access returned with HTTP 200
2026-06-28 06:08:47.856 74 INFO cinder.api.openstack.wsgi [None req-7a97e969-dc52-412c-8350-b27e35227cb5 1a51568f01fc4c1cac0c8b6f97bc90d2 d4c604eb1f1442219896bdb683f91efe - - default default] POST http://[LB_IP_ADDRESS]:8776/v3/d4c604eb1f1442219896bdb683f91efe/types/47b80e0d-edad-4323-b7d3-c230631fb8fa/action
2026-06-28 06:08:47.873 74 INFO cinder.api.openstack.wsgi [None req-7a97e969-dc52-412c-8350-b27e35227cb5 1a51568f01fc4c1cac0c8b6f97bc90d2 d4c604eb1f1442219896bdb683f91efe - - default default] http://[LB_IP_ADDRESS]:8776/v3/d4c604eb1f1442219896bdb683f91efe/types/47b80e0d-edad-4323-b7d3-c230631fb8fa/action returned with HTTP 202
2026-06-28 06:08:47.885 76 INFO cinder.api.openstack.wsgi [None req-dfb43d23-bacf-4da3-b5d5-99842fd0a4b0 1a51568f01fc4c1cac0c8b6f97bc90d2 d4c604eb1f1442219896bdb683f91efe - - default default] POST http://[LB_IP_ADDRESS]:8776/v3/d4c604eb1f1442219896bdb683f91efe/types/47b80e0d-edad-4323-b7d3-c230631fb8fa/action
2026-06-28 06:08:47.903 76 INFO cinder.api.openstack.wsgi [None req-dfb43d23-bacf-4da3-b5d5-99842fd0a4b0 1a51568f01fc4c1cac0c8b6f97bc90d2 d4c604eb1f1442219896bdb683f91efe - - default default] http://[LB_IP_ADDRESS]:8776/v3/d4c604eb1f1442219896bdb683f91efe/types/47b80e0d-edad-4323-b7d3-c230631fb8fa/action returned with HTTP 202
2026-06-28 06:08:47.915 72 INFO cinder.api.openstack.wsgi [None req-50a1c050-e2c6-4d10-970f-515b5e17ed55 1a51568f01fc4c1cac0c8b6f97bc90d2 d4c604eb1f1442219896bdb683f91efe - - default default] DELETE http://[LB_IP_ADDRESS]:8776/v3/d4c604eb1f1442219896bdb683f91efe/types/47b80e0d-edad-4323-b7d3-c230631fb8fa
2026-06-28 06:08:47.970 72 INFO cinder.api.openstack.wsgi [None req-50a1c050-e2c6-4d10-970f-515b5e17ed55 1a51568f01fc4c1cac0c8b6f97bc90d2 d4c604eb1f1442219896bdb683f91efe - - default default] http://[LB_IP_ADDRESS]:8776/v3/d4c604eb1f1442219896bdb683f91efe/types/47b80e0d-edad-4323-b7d3-c230631fb8fa returned with HTTP 202
2026-06-28 06:08:47.982 75 INFO cinder.api.openstack.wsgi [None req-be1f3022-0731-4faa-8897-f6d60830adf0 1a51568f01fc4c1cac0c8b6f97bc90d2 d4c604eb1f1442219896bdb683f91efe - - default default] GET http://[LB_IP_ADDRESS]:8776/v3/d4c604eb1f1442219896bdb683f91efe/types/47b80e0d-edad-4323-b7d3-c230631fb8fa
2026-06-28 06:08:47.989 75 INFO cinder.api.openstack.wsgi [None req-be1f3022-0731-4faa-8897-f6d60830adf0 1a51568f01fc4c1cac0c8b6f97bc90d2 d4c604eb1f1442219896bdb683f91efe - - default default] http://[LB_IP_ADDRESS]:8776/v3/d4c604eb1f1442219896bdb683f91efe/types/47b80e0d-edad-4323-b7d3-c230631fb8fa returned with HTTP 404
2026-06-28 06:08:48.686 73 INFO cinder.api.openstack.wsgi [None req-77c14585-cfa2-4bb1-9273-6eea4761fec3 8622cf467cfc494eb8e8668d193297de d55cc04ebad14a8b8cc7db4ebe252ba6 - - default default] GET http://[LB_IP_ADDRESS]:8776/v3/d55cc04ebad14a8b8cc7db4ebe252ba6/volumes/5557e43b-0969-4f88-a69a-5ff49bdfb555
2026-06-28 06:08:48.698 73 INFO cinder.api.openstack.wsgi [None req-77c14585-cfa2-4bb1-9273-6eea4761fec3 8622cf467cfc494eb8e8668d193297de d55cc04ebad14a8b8cc7db4ebe252ba6 - - default default] http://[LB_IP_ADDRESS]:8776/v3/d55cc04ebad14a8b8cc7db4ebe252ba6/volumes/5557e43b-0969-4f88-a69a-5ff49bdfb555 returned with HTTP 404
2026-06-28 06:08:48.710 74 INFO cinder.api.openstack.wsgi [None req-7ea71af4-0ff8-4abd-8c21-5bc29076108c 8622cf467cfc494eb8e8668d193297de d55cc04ebad14a8b8cc7db4ebe252ba6 - - default default] GET http://[LB_IP_ADDRESS]:8776/v3/d55cc04ebad14a8b8cc7db4ebe252ba6/volumes/5557e43b-0969-4f88-a69a-5ff49bdfb555
2026-06-28 06:08:48.722 74 INFO cinder.api.openstack.wsgi [None req-7ea71af4-0ff8-4abd-8c21-5bc29076108c 8622cf467cfc494eb8e8668d193297de d55cc04ebad14a8b8cc7db4ebe252ba6 - - default default] http://[LB_IP_ADDRESS]:8776/v3/d55cc04ebad14a8b8cc7db4ebe252ba6/volumes/5557e43b-0969-4f88-a69a-5ff49bdfb555 returned with HTTP 404
2026-06-28 06:08:48.734 76 INFO cinder.api.openstack.wsgi [None req-418bf21b-81a5-42b7-8bf0-ac1c39c5a634 8622cf467cfc494eb8e8668d193297de d55cc04ebad14a8b8cc7db4ebe252ba6 - - default default] DELETE http://[LB_IP_ADDRESS]:8776/v3/d55cc04ebad14a8b8cc7db4ebe252ba6/volumes/5557e43b-0969-4f88-a69a-5ff49bdfb555
2026-06-28 06:08:48.734 76 INFO cinder.api.v3.volumes [None req-418bf21b-81a5-42b7-8bf0-ac1c39c5a634 8622cf467cfc494eb8e8668d193297de d55cc04ebad14a8b8cc7db4ebe252ba6 - - default default] Delete volume with id: 5557e43b-0969-4f88-a69a-5ff49bdfb555 
2026-06-28 06:08:48.746 76 INFO cinder.api.openstack.wsgi [None req-418bf21b-81a5-42b7-8bf0-ac1c39c5a634 8622cf467cfc494eb8e8668d193297de d55cc04ebad14a8b8cc7db4ebe252ba6 - - default default] http://[LB_IP_ADDRESS]:8776/v3/d55cc04ebad14a8b8cc7db4ebe252ba6/volumes/5557e43b-0969-4f88-a69a-5ff49bdfb555 returned with HTTP 404
2026-06-28 06:08:48.761 72 INFO cinder.api.openstack.wsgi [None req-ee1d2a6f-e178-492a-a47a-8f300b9773a6 8622cf467cfc494eb8e8668d193297de d55cc04ebad14a8b8cc7db4ebe252ba6 - - default default] POST http://[LB_IP_ADDRESS]:8776/v3/d55cc04ebad14a8b8cc7db4ebe252ba6/volumes
2026-06-28 06:08:48.765 72 INFO cinder.api.v3.volumes [None req-ee1d2a6f-e178-492a-a47a-8f300b9773a6 8622cf467cfc494eb8e8668d193297de d55cc04ebad14a8b8cc7db4ebe252ba6 - - default default] Create volume of 1 GB
2026-06-28 06:08:48.775 72 INFO cinder.volume.api [None req-ee1d2a6f-e178-492a-a47a-8f300b9773a6 8622cf467cfc494eb8e8668d193297de d55cc04ebad14a8b8cc7db4ebe252ba6 - - default default] Availability Zones retrieved successfully.
2026-06-28 06:08:49.186 72 INFO cinder.volume.api [None req-ee1d2a6f-e178-492a-a47a-8f300b9773a6 8622cf467cfc494eb8e8668d193297de d55cc04ebad14a8b8cc7db4ebe252ba6 - - default default] Create volume request issued successfully.
2026-06-28 06:08:49.188 72 INFO cinder.api.openstack.wsgi [None req-ee1d2a6f-e178-492a-a47a-8f300b9773a6 8622cf467cfc494eb8e8668d193297de d55cc04ebad14a8b8cc7db4ebe252ba6 - - default default] http://[LB_IP_ADDRESS]:8776/v3/d55cc04ebad14a8b8cc7db4ebe252ba6/volumes returned with HTTP 202
2026-06-28 06:08:49.214 75 INFO cinder.api.openstack.wsgi [None req-214f949b-11ad-499e-90d6-bccc86a4de5e 8622cf467cfc494eb8e8668d193297de d55cc04ebad14a8b8cc7db4ebe252ba6 - - default default] GET http://[LB_IP_ADDRESS]:8776/v3/d55cc04ebad14a8b8cc7db4ebe252ba6/volumes/dd9e5d18-46a8-47ed-844f-49aad5fec3e9
2026-06-28 06:08:49.236 75 INFO cinder.volume.api [None req-214f949b-11ad-499e-90d6-bccc86a4de5e 8622cf467cfc494eb8e8668d193297de d55cc04ebad14a8b8cc7db4ebe252ba6 - - default default] Volume info retrieved successfully.
2026-06-28 06:08:49.245 75 INFO cinder.api.openstack.wsgi [None req-214f949b-11ad-499e-90d6-bccc86a4de5e 8622cf467cfc494eb8e8668d193297de d55cc04ebad14a8b8cc7db4ebe252ba6 - - default default] http://[LB_IP_ADDRESS]:8776/v3/d55cc04ebad14a8b8cc7db4ebe252ba6/volumes/dd9e5d18-46a8-47ed-844f-49aad5fec3e9 returned with HTTP 200
2026-06-28 06:08:50.267 73 INFO cinder.api.openstack.wsgi [None req-b86aebb0-10d2-4b15-8ef5-9a2a9719849f 8622cf467cfc494eb8e8668d193297de d55cc04ebad14a8b8cc7db4ebe252ba6 - - default default] GET http://[LB_IP_ADDRESS]:8776/v3/d55cc04ebad14a8b8cc7db4ebe252ba6/volumes/dd9e5d18-46a8-47ed-844f-49aad5fec3e9
2026-06-28 06:08:50.289 73 INFO cinder.volume.api [None req-b86aebb0-10d2-4b15-8ef5-9a2a9719849f 8622cf467cfc494eb8e8668d193297de d55cc04ebad14a8b8cc7db4ebe252ba6 - - default default] Volume info retrieved successfully.
2026-06-28 06:08:50.298 73 INFO cinder.api.openstack.wsgi [None req-b86aebb0-10d2-4b15-8ef5-9a2a9719849f 8622cf467cfc494eb8e8668d193297de d55cc04ebad14a8b8cc7db4ebe252ba6 - - default default] http://[LB_IP_ADDRESS]:8776/v3/d55cc04ebad14a8b8cc7db4ebe252ba6/volumes/dd9e5d18-46a8-47ed-844f-49aad5fec3e9 returned with HTTP 200
2026-06-28 06:08:50.322 74 INFO cinder.api.openstack.wsgi [None req-904f4d08-d26b-4499-b94a-ad7f6b3bdaca 4ffb540653b640d3b9d43bc826bdaee3 12d6b62feec944eeb8d6266a6ea95254 - - default default] GET http://[LB_IP_ADDRESS]:8776/v3/12d6b62feec944eeb8d6266a6ea95254/os-quota-sets/d55cc04ebad14a8b8cc7db4ebe252ba6?usage=True
2026-06-28 06:08:50.527 74 INFO cinder.api.openstack.wsgi [None req-904f4d08-d26b-4499-b94a-ad7f6b3bdaca 4ffb540653b640d3b9d43bc826bdaee3 12d6b62feec944eeb8d6266a6ea95254 - - default default] http://[LB_IP_ADDRESS]:8776/v3/12d6b62feec944eeb8d6266a6ea95254/os-quota-sets/d55cc04ebad14a8b8cc7db4ebe252ba6?usage=True returned with HTTP 200
2026-06-28 06:08:50.550 76 INFO cinder.api.openstack.wsgi [None req-28f7d303-a223-48a6-b494-586d21ebf55a 4ffb540653b640d3b9d43bc826bdaee3 12d6b62feec944eeb8d6266a6ea95254 - - default default] GET http://[LB_IP_ADDRESS]:8776/v3/12d6b62feec944eeb8d6266a6ea95254/os-quota-sets/95f71f928c1e4261a9d3fbec9ba995f2?usage=True
2026-06-28 06:08:51.013 76 INFO cinder.api.openstack.wsgi [None req-28f7d303-a223-48a6-b494-586d21ebf55a 4ffb540653b640d3b9d43bc826bdaee3 12d6b62feec944eeb8d6266a6ea95254 - - default default] http://[LB_IP_ADDRESS]:8776/v3/12d6b62feec944eeb8d6266a6ea95254/os-quota-sets/95f71f928c1e4261a9d3fbec9ba995f2?usage=True returned with HTTP 200
2026-06-28 06:08:51.037 72 INFO cinder.api.openstack.wsgi [None req-7f16da1e-cf9c-4285-b6be-895ccdbbd09e 8622cf467cfc494eb8e8668d193297de d55cc04ebad14a8b8cc7db4ebe252ba6 - - default default] POST http://[LB_IP_ADDRESS]:8776/v3/d55cc04ebad14a8b8cc7db4ebe252ba6/os-volume-transfer
2026-06-28 06:08:51.040 72 INFO cinder.api.contrib.volume_transfer [None req-7f16da1e-cf9c-4285-b6be-895ccdbbd09e 8622cf467cfc494eb8e8668d193297de d55cc04ebad14a8b8cc7db4ebe252ba6 - - default default] Creating transfer of volume dd9e5d18-46a8-47ed-844f-49aad5fec3e9
2026-06-28 06:08:51.041 72 INFO cinder.transfer.api [None req-7f16da1e-cf9c-4285-b6be-895ccdbbd09e 8622cf467cfc494eb8e8668d193297de d55cc04ebad14a8b8cc7db4ebe252ba6 - - default default] Generating transfer record for volume dd9e5d18-46a8-47ed-844f-49aad5fec3e9
2026-06-28 06:08:51.069 72 INFO cinder.api.openstack.wsgi [None req-7f16da1e-cf9c-4285-b6be-895ccdbbd09e 8622cf467cfc494eb8e8668d193297de d55cc04ebad14a8b8cc7db4ebe252ba6 - - default default] http://[LB_IP_ADDRESS]:8776/v3/d55cc04ebad14a8b8cc7db4ebe252ba6/os-volume-transfer returned with HTTP 202
2026-06-28 06:08:51.325 75 INFO cinder.api.openstack.wsgi [None req-cc4b66b4-634b-4075-810e-95cb23c52bea 20fc0a8a35d84103ad4c808b45da46f2 95f71f928c1e4261a9d3fbec9ba995f2 - - default default] POST http://[LB_IP_ADDRESS]:8776/v3/95f71f928c1e4261a9d3fbec9ba995f2/os-volume-transfer/9ec80c08-c591-438f-9a15-797d92d61c8f/accept
2026-06-28 06:08:51.329 75 INFO cinder.api.contrib.volume_transfer [None req-cc4b66b4-634b-4075-810e-95cb23c52bea 20fc0a8a35d84103ad4c808b45da46f2 95f71f928c1e4261a9d3fbec9ba995f2 - - default default] Accepting transfer 9ec80c08-c591-438f-9a15-797d92d61c8f
2026-06-28 06:08:51.867 73 INFO cinder.api.openstack.wsgi [None req-bdb1a6c7-b4f8-4e7c-a18a-780d1f185580 47de0ed2a0974401a2b4f59e562c8ba5 d70548eb35464505848b2ebefabc98db - - default default] GET http://[LB_IP_ADDRESS]:8776/v3/d70548eb35464505848b2ebefabc98db/volumes
2026-06-28 06:08:51.881 73 INFO cinder.volume.api [None req-bdb1a6c7-b4f8-4e7c-a18a-780d1f185580 47de0ed2a0974401a2b4f59e562c8ba5 d70548eb35464505848b2ebefabc98db - - default default] Get all volumes completed successfully.
2026-06-28 06:08:51.882 73 INFO cinder.api.openstack.wsgi [None req-bdb1a6c7-b4f8-4e7c-a18a-780d1f185580 47de0ed2a0974401a2b4f59e562c8ba5 d70548eb35464505848b2ebefabc98db - - default default] http://[LB_IP_ADDRESS]:8776/v3/d70548eb35464505848b2ebefabc98db/volumes returned with HTTP 200
2026-06-28 06:08:51.897 74 INFO cinder.api.openstack.wsgi [None req-6c14f4bf-68cf-411d-a29c-37dd21915e2d 47de0ed2a0974401a2b4f59e562c8ba5 d70548eb35464505848b2ebefabc98db - - default default] POST http://[LB_IP_ADDRESS]:8776/v3/d70548eb35464505848b2ebefabc98db/volumes
2026-06-28 06:08:51.901 74 INFO cinder.api.v3.volumes [None req-6c14f4bf-68cf-411d-a29c-37dd21915e2d 47de0ed2a0974401a2b4f59e562c8ba5 d70548eb35464505848b2ebefabc98db - - default default] Create volume of 1 GB
2026-06-28 06:08:51.912 74 INFO cinder.volume.api [None req-6c14f4bf-68cf-411d-a29c-37dd21915e2d 47de0ed2a0974401a2b4f59e562c8ba5 d70548eb35464505848b2ebefabc98db - - default default] Availability Zones retrieved successfully.
2026-06-28 06:08:52.264 76 INFO cinder.api.openstack.wsgi [None req-7bb20081-7310-4c01-979d-3ee708612f60 211ba7ddcdde42a6bd27b442ca6a20bf b2a7dcb5323a4306a8444af5a8c4a33c - - default default] GET http://[LB_IP_ADDRESS]:8776/v3/b2a7dcb5323a4306a8444af5a8c4a33c/extensions
2026-06-28 06:08:52.266 76 INFO cinder.api.openstack.wsgi [None req-7bb20081-7310-4c01-979d-3ee708612f60 211ba7ddcdde42a6bd27b442ca6a20bf b2a7dcb5323a4306a8444af5a8c4a33c - - default default] http://[LB_IP_ADDRESS]:8776/v3/b2a7dcb5323a4306a8444af5a8c4a33c/extensions returned with HTTP 200
2026-06-28 06:08:52.497 75 INFO cinder.volume.api [None req-cc4b66b4-634b-4075-810e-95cb23c52bea 20fc0a8a35d84103ad4c808b45da46f2 95f71f928c1e4261a9d3fbec9ba995f2 - - default default] Transfer volume completed successfully.
2026-06-28 06:08:52.501 74 INFO cinder.volume.api [None req-6c14f4bf-68cf-411d-a29c-37dd21915e2d 47de0ed2a0974401a2b4f59e562c8ba5 d70548eb35464505848b2ebefabc98db - - default default] Create volume request issued successfully.
2026-06-28 06:08:52.503 74 INFO cinder.api.openstack.wsgi [None req-6c14f4bf-68cf-411d-a29c-37dd21915e2d 47de0ed2a0974401a2b4f59e562c8ba5 d70548eb35464505848b2ebefabc98db - - default default] http://[LB_IP_ADDRESS]:8776/v3/d70548eb35464505848b2ebefabc98db/volumes returned with HTTP 202
2026-06-28 06:08:52.523 72 INFO cinder.api.openstack.wsgi [None req-a7f4a2d8-9832-44c7-b42e-2756c928029b 47de0ed2a0974401a2b4f59e562c8ba5 d70548eb35464505848b2ebefabc98db - - default default] GET http://[LB_IP_ADDRESS]:8776/v3/d70548eb35464505848b2ebefabc98db/volumes/04d1ecc3-3c2f-431a-88e8-f326defc5117
2026-06-28 06:08:52.545 72 INFO cinder.volume.api [None req-a7f4a2d8-9832-44c7-b42e-2756c928029b 47de0ed2a0974401a2b4f59e562c8ba5 d70548eb35464505848b2ebefabc98db - - default default] Volume info retrieved successfully.
2026-06-28 06:08:52.555 72 INFO cinder.api.openstack.wsgi [None req-a7f4a2d8-9832-44c7-b42e-2756c928029b 47de0ed2a0974401a2b4f59e562c8ba5 d70548eb35464505848b2ebefabc98db - - default default] http://[LB_IP_ADDRESS]:8776/v3/d70548eb35464505848b2ebefabc98db/volumes/04d1ecc3-3c2f-431a-88e8-f326defc5117 returned with HTTP 200
2026-06-28 06:08:52.595 75 INFO cinder.transfer.api [None req-cc4b66b4-634b-4075-810e-95cb23c52bea 20fc0a8a35d84103ad4c808b45da46f2 95f71f928c1e4261a9d3fbec9ba995f2 - - default default] Volume dd9e5d18-46a8-47ed-844f-49aad5fec3e9 has been transferred.
2026-06-28 06:08:52.607 75 INFO cinder.api.openstack.wsgi [None req-cc4b66b4-634b-4075-810e-95cb23c52bea 20fc0a8a35d84103ad4c808b45da46f2 95f71f928c1e4261a9d3fbec9ba995f2 - - default default] http://[LB_IP_ADDRESS]:8776/v3/95f71f928c1e4261a9d3fbec9ba995f2/os-volume-transfer/9ec80c08-c591-438f-9a15-797d92d61c8f/accept returned with HTTP 202
2026-06-28 06:08:52.623 73 INFO cinder.api.openstack.wsgi [None req-cdd39ff4-b538-42f0-b092-83f36a6ca38f 20fc0a8a35d84103ad4c808b45da46f2 95f71f928c1e4261a9d3fbec9ba995f2 - - default default] GET http://[LB_IP_ADDRESS]:8776/v3/95f71f928c1e4261a9d3fbec9ba995f2/volumes/dd9e5d18-46a8-47ed-844f-49aad5fec3e9
2026-06-28 06:08:52.644 73 INFO cinder.volume.api [None req-cdd39ff4-b538-42f0-b092-83f36a6ca38f 20fc0a8a35d84103ad4c808b45da46f2 95f71f928c1e4261a9d3fbec9ba995f2 - - default default] Volume info retrieved successfully.
2026-06-28 06:08:52.653 73 INFO cinder.api.openstack.wsgi [None req-cdd39ff4-b538-42f0-b092-83f36a6ca38f 20fc0a8a35d84103ad4c808b45da46f2 95f71f928c1e4261a9d3fbec9ba995f2 - - default default] http://[LB_IP_ADDRESS]:8776/v3/95f71f928c1e4261a9d3fbec9ba995f2/volumes/dd9e5d18-46a8-47ed-844f-49aad5fec3e9 returned with HTTP 200
