2025-02-15 14:35:03.904 25 INFO cinder.api.openstack.wsgi [None req-cd35077f-9e4f-40d4-8a48-f258783951f7 2b034f2342f74e9a9c2ecf25797359b0 ae063e5bb68146b3b626e748f2d730e5 - - default default] GET http://[LB_IP_ADDRESS]:8776/v3/ae063e5bb68146b3b626e748f2d730e5/volumes/ec37591c-fc0e-4903-928b-6ecbcd87b6ef
2025-02-15 14:35:03.929 25 INFO cinder.volume.api [None req-cd35077f-9e4f-40d4-8a48-f258783951f7 2b034f2342f74e9a9c2ecf25797359b0 ae063e5bb68146b3b626e748f2d730e5 - - default default] Volume info retrieved successfully.
2025-02-15 14:35:03.957 25 INFO cinder.api.openstack.wsgi [None req-cd35077f-9e4f-40d4-8a48-f258783951f7 2b034f2342f74e9a9c2ecf25797359b0 ae063e5bb68146b3b626e748f2d730e5 - - default default] http://[LB_IP_ADDRESS]:8776/v3/ae063e5bb68146b3b626e748f2d730e5/volumes/ec37591c-fc0e-4903-928b-6ecbcd87b6ef returned with HTTP 200
2025-02-15 14:35:04.017 21 INFO cinder.api.openstack.wsgi [None req-945b7078-6d27-477c-b988-82c3fb186550 27ebb37416cc40078842c4fe0979b52b 3264393155384ae0a091ddac561a0ac1 - - default default] http://[LB_IP_ADDRESS]:8776/v3/3264393155384ae0a091ddac561a0ac1/capabilities/rack11-server76@LIGHTOShwlzto returned with HTTP 200
2025-02-15 14:35:04.046 23 INFO cinder.api.openstack.wsgi [None req-2aa6635d-4c75-4910-a225-f928c6a97d5d 27ebb37416cc40078842c4fe0979b52b 3264393155384ae0a091ddac561a0ac1 - - default default] GET http://[LB_IP_ADDRESS]:8776/v3/3264393155384ae0a091ddac561a0ac1/capabilities/rack11-server76@LIGHTOShwlzto
2025-02-15 14:35:04.426 24 INFO cinder.api.openstack.wsgi [None req-a402addb-bc60-4b89-81a7-a46b9b5582c2 26ccedf2aebb44cebfae1ad2d86beed1 e326a4d42edb4e71b5ff562ce41039f6 - - default default] GET http://[LB_IP_ADDRESS]:8776/v3/e326a4d42edb4e71b5ff562ce41039f6/volumes/e978074f-3522-4d94-bbaa-5413dbfd05d0
2025-02-15 14:35:04.442 24 INFO cinder.api.openstack.wsgi [None req-a402addb-bc60-4b89-81a7-a46b9b5582c2 26ccedf2aebb44cebfae1ad2d86beed1 e326a4d42edb4e71b5ff562ce41039f6 - - default default] http://[LB_IP_ADDRESS]:8776/v3/e326a4d42edb4e71b5ff562ce41039f6/volumes/e978074f-3522-4d94-bbaa-5413dbfd05d0 returned with HTTP 404
2025-02-15 14:35:04.455 22 INFO cinder.api.openstack.wsgi [None req-0b8e1a6c-0439-4b8c-9e23-1fadb1bd5e3e 26ccedf2aebb44cebfae1ad2d86beed1 e326a4d42edb4e71b5ff562ce41039f6 - - default default] GET http://[LB_IP_ADDRESS]:8776/v3/e326a4d42edb4e71b5ff562ce41039f6/groups/53aede0f-6ff9-4570-b74f-651d9d73d2b0
2025-02-15 14:35:04.461 22 INFO cinder.api.openstack.wsgi [None req-0b8e1a6c-0439-4b8c-9e23-1fadb1bd5e3e 26ccedf2aebb44cebfae1ad2d86beed1 e326a4d42edb4e71b5ff562ce41039f6 - - default default] http://[LB_IP_ADDRESS]:8776/v3/e326a4d42edb4e71b5ff562ce41039f6/groups/53aede0f-6ff9-4570-b74f-651d9d73d2b0 returned with HTTP 404
2025-02-15 14:35:04.474 25 INFO cinder.api.openstack.wsgi [None req-bf9aa22e-42d3-41a1-a3ef-1052a33a9979 1480e5d056d343dfb67149b802bea623 84bef5477e4544f38506f0de82385f7f - - default default] DELETE http://[LB_IP_ADDRESS]:8776/v3/84bef5477e4544f38506f0de82385f7f/group_types/20004a19-5fb9-437d-8e22-007f29791cfe
2025-02-15 14:35:04.499 25 INFO cinder.api.openstack.wsgi [None req-bf9aa22e-42d3-41a1-a3ef-1052a33a9979 1480e5d056d343dfb67149b802bea623 84bef5477e4544f38506f0de82385f7f - - default default] http://[LB_IP_ADDRESS]:8776/v3/84bef5477e4544f38506f0de82385f7f/group_types/20004a19-5fb9-437d-8e22-007f29791cfe returned with HTTP 202
2025-02-15 14:35:04.518 21 INFO cinder.api.openstack.wsgi [None req-851d15f5-ad53-49e0-b20b-f200c52d7f31 1480e5d056d343dfb67149b802bea623 84bef5477e4544f38506f0de82385f7f - - default default] DELETE http://[LB_IP_ADDRESS]:8776/v3/84bef5477e4544f38506f0de82385f7f/types/b154ec87-1a4d-41b2-be76-dcd319d032f2
2025-02-15 14:35:04.564 23 INFO cinder.api.openstack.wsgi [None req-2aa6635d-4c75-4910-a225-f928c6a97d5d 27ebb37416cc40078842c4fe0979b52b 3264393155384ae0a091ddac561a0ac1 - - default default] http://[LB_IP_ADDRESS]:8776/v3/3264393155384ae0a091ddac561a0ac1/capabilities/rack11-server76@LIGHTOShwlzto returned with HTTP 200
2025-02-15 14:35:04.584 21 INFO cinder.api.openstack.wsgi [None req-851d15f5-ad53-49e0-b20b-f200c52d7f31 1480e5d056d343dfb67149b802bea623 84bef5477e4544f38506f0de82385f7f - - default default] http://[LB_IP_ADDRESS]:8776/v3/84bef5477e4544f38506f0de82385f7f/types/b154ec87-1a4d-41b2-be76-dcd319d032f2 returned with HTTP 202
2025-02-15 14:35:04.597 24 INFO cinder.api.openstack.wsgi [None req-bae3dbfe-e73f-42ea-a822-5e28a418c718 1480e5d056d343dfb67149b802bea623 84bef5477e4544f38506f0de82385f7f - - default default] GET http://[LB_IP_ADDRESS]:8776/v3/84bef5477e4544f38506f0de82385f7f/types/b154ec87-1a4d-41b2-be76-dcd319d032f2
2025-02-15 14:35:04.604 24 INFO cinder.api.openstack.wsgi [None req-bae3dbfe-e73f-42ea-a822-5e28a418c718 1480e5d056d343dfb67149b802bea623 84bef5477e4544f38506f0de82385f7f - - default default] http://[LB_IP_ADDRESS]:8776/v3/84bef5477e4544f38506f0de82385f7f/types/b154ec87-1a4d-41b2-be76-dcd319d032f2 returned with HTTP 404
2025-02-15 14:35:04.986 22 INFO cinder.api.openstack.wsgi [None req-4c7fd42d-5a30-49d4-8958-40b250f04435 2b034f2342f74e9a9c2ecf25797359b0 ae063e5bb68146b3b626e748f2d730e5 - - default default] GET http://[LB_IP_ADDRESS]:8776/v3/ae063e5bb68146b3b626e748f2d730e5/volumes/ec37591c-fc0e-4903-928b-6ecbcd87b6ef
2025-02-15 14:35:05.002 22 INFO cinder.api.openstack.wsgi [None req-4c7fd42d-5a30-49d4-8958-40b250f04435 2b034f2342f74e9a9c2ecf25797359b0 ae063e5bb68146b3b626e748f2d730e5 - - default default] http://[LB_IP_ADDRESS]:8776/v3/ae063e5bb68146b3b626e748f2d730e5/volumes/ec37591c-fc0e-4903-928b-6ecbcd87b6ef returned with HTTP 404
2025-02-15 14:35:05.014 25 INFO cinder.api.openstack.wsgi [None req-2758e132-9995-4cb6-b758-986d318fa2a8 2b034f2342f74e9a9c2ecf25797359b0 ae063e5bb68146b3b626e748f2d730e5 - - default default] GET http://[LB_IP_ADDRESS]:8776/v3/ae063e5bb68146b3b626e748f2d730e5/groups/e3443be1-50bc-46bb-aff7-3bcc172fa2d9
2025-02-15 14:35:05.021 25 INFO cinder.api.openstack.wsgi [None req-2758e132-9995-4cb6-b758-986d318fa2a8 2b034f2342f74e9a9c2ecf25797359b0 ae063e5bb68146b3b626e748f2d730e5 - - default default] http://[LB_IP_ADDRESS]:8776/v3/ae063e5bb68146b3b626e748f2d730e5/groups/e3443be1-50bc-46bb-aff7-3bcc172fa2d9 returned with HTTP 404
2025-02-15 14:35:05.034 23 INFO cinder.api.openstack.wsgi [None req-755ec22a-ce65-4b72-9e85-3f96e18c98de 2b034f2342f74e9a9c2ecf25797359b0 ae063e5bb68146b3b626e748f2d730e5 - - default default] POST http://[LB_IP_ADDRESS]:8776/v3/ae063e5bb68146b3b626e748f2d730e5/groups/d7a748fe-57d4-4e26-8a1f-c64ee4e4ab2a/action
2025-02-15 14:35:05.040 23 INFO cinder.api.v3.groups [None req-755ec22a-ce65-4b72-9e85-3f96e18c98de 2b034f2342f74e9a9c2ecf25797359b0 ae063e5bb68146b3b626e748f2d730e5 - - default default] Delete group with id: d7a748fe-57d4-4e26-8a1f-c64ee4e4ab2a
2025-02-15 14:35:05.096 23 INFO cinder.api.openstack.wsgi [None req-755ec22a-ce65-4b72-9e85-3f96e18c98de 2b034f2342f74e9a9c2ecf25797359b0 ae063e5bb68146b3b626e748f2d730e5 - - default default] http://[LB_IP_ADDRESS]:8776/v3/ae063e5bb68146b3b626e748f2d730e5/groups/d7a748fe-57d4-4e26-8a1f-c64ee4e4ab2a/action returned with HTTP 202
2025-02-15 14:35:05.109 21 INFO cinder.api.openstack.wsgi [None req-728e1bbd-2689-4b74-aa7f-ceae0c4da496 2b034f2342f74e9a9c2ecf25797359b0 ae063e5bb68146b3b626e748f2d730e5 - - default default] GET http://[LB_IP_ADDRESS]:8776/v3/ae063e5bb68146b3b626e748f2d730e5/groups/d7a748fe-57d4-4e26-8a1f-c64ee4e4ab2a
2025-02-15 14:35:05.135 21 INFO cinder.api.openstack.wsgi [None req-728e1bbd-2689-4b74-aa7f-ceae0c4da496 2b034f2342f74e9a9c2ecf25797359b0 ae063e5bb68146b3b626e748f2d730e5 - - default default] http://[LB_IP_ADDRESS]:8776/v3/ae063e5bb68146b3b626e748f2d730e5/groups/d7a748fe-57d4-4e26-8a1f-c64ee4e4ab2a returned with HTTP 200
2025-02-15 14:35:06.153 24 INFO cinder.api.openstack.wsgi [None req-361dba2f-8fb6-4c98-a140-22d78e9e5cea 2b034f2342f74e9a9c2ecf25797359b0 ae063e5bb68146b3b626e748f2d730e5 - - default default] GET http://[LB_IP_ADDRESS]:8776/v3/ae063e5bb68146b3b626e748f2d730e5/groups/d7a748fe-57d4-4e26-8a1f-c64ee4e4ab2a
2025-02-15 14:35:06.160 24 INFO cinder.api.openstack.wsgi [None req-361dba2f-8fb6-4c98-a140-22d78e9e5cea 2b034f2342f74e9a9c2ecf25797359b0 ae063e5bb68146b3b626e748f2d730e5 - - default default] http://[LB_IP_ADDRESS]:8776/v3/ae063e5bb68146b3b626e748f2d730e5/groups/d7a748fe-57d4-4e26-8a1f-c64ee4e4ab2a returned with HTTP 404
2025-02-15 14:35:06.171 22 INFO cinder.api.openstack.wsgi [None req-5c17b89d-da88-4359-a5d6-b89e3efe64f5 2b034f2342f74e9a9c2ecf25797359b0 ae063e5bb68146b3b626e748f2d730e5 - - default default] GET http://[LB_IP_ADDRESS]:8776/v3/ae063e5bb68146b3b626e748f2d730e5/groups/detail
2025-02-15 14:35:06.179 22 INFO cinder.api.openstack.wsgi [None req-5c17b89d-da88-4359-a5d6-b89e3efe64f5 2b034f2342f74e9a9c2ecf25797359b0 ae063e5bb68146b3b626e748f2d730e5 - - default default] http://[LB_IP_ADDRESS]:8776/v3/ae063e5bb68146b3b626e748f2d730e5/groups/detail returned with HTTP 200
2025-02-15 14:35:06.197 25 INFO cinder.api.openstack.wsgi [None req-724a6788-2d87-40aa-a47f-a6b8dd2ef0c6 2b034f2342f74e9a9c2ecf25797359b0 ae063e5bb68146b3b626e748f2d730e5 - - default default] GET http://[LB_IP_ADDRESS]:8776/v3/ae063e5bb68146b3b626e748f2d730e5/volumes/detail
2025-02-15 14:35:06.214 25 INFO cinder.volume.api [None req-724a6788-2d87-40aa-a47f-a6b8dd2ef0c6 2b034f2342f74e9a9c2ecf25797359b0 ae063e5bb68146b3b626e748f2d730e5 - - default default] Get all volumes completed successfully.
2025-02-15 14:35:06.219 25 INFO cinder.api.openstack.wsgi [None req-724a6788-2d87-40aa-a47f-a6b8dd2ef0c6 2b034f2342f74e9a9c2ecf25797359b0 ae063e5bb68146b3b626e748f2d730e5 - - default default] http://[LB_IP_ADDRESS]:8776/v3/ae063e5bb68146b3b626e748f2d730e5/volumes/detail returned with HTTP 200
2025-02-15 14:35:06.247 23 INFO cinder.api.openstack.wsgi [None req-1fe43ab3-5957-4cf1-849f-ad06c7658948 2b034f2342f74e9a9c2ecf25797359b0 ae063e5bb68146b3b626e748f2d730e5 - - default default] POST http://[LB_IP_ADDRESS]:8776/v3/ae063e5bb68146b3b626e748f2d730e5/groups/d7a748fe-57d4-4e26-8a1f-c64ee4e4ab2a/action
2025-02-15 14:35:06.252 23 INFO cinder.api.v3.groups [None req-1fe43ab3-5957-4cf1-849f-ad06c7658948 2b034f2342f74e9a9c2ecf25797359b0 ae063e5bb68146b3b626e748f2d730e5 - - default default] Delete group with id: d7a748fe-57d4-4e26-8a1f-c64ee4e4ab2a
2025-02-15 14:35:06.259 23 INFO cinder.api.openstack.wsgi [None req-1fe43ab3-5957-4cf1-849f-ad06c7658948 2b034f2342f74e9a9c2ecf25797359b0 ae063e5bb68146b3b626e748f2d730e5 - - default default] http://[LB_IP_ADDRESS]:8776/v3/ae063e5bb68146b3b626e748f2d730e5/groups/d7a748fe-57d4-4e26-8a1f-c64ee4e4ab2a/action returned with HTTP 404
2025-02-15 14:35:06.270 21 INFO cinder.api.openstack.wsgi [None req-273f78b8-a5d0-4729-bd70-2f793dc6d6b5 2b034f2342f74e9a9c2ecf25797359b0 ae063e5bb68146b3b626e748f2d730e5 - - default default] GET http://[LB_IP_ADDRESS]:8776/v3/ae063e5bb68146b3b626e748f2d730e5/volumes/detail
2025-02-15 14:35:06.288 21 INFO cinder.volume.api [None req-273f78b8-a5d0-4729-bd70-2f793dc6d6b5 2b034f2342f74e9a9c2ecf25797359b0 ae063e5bb68146b3b626e748f2d730e5 - - default default] Get all volumes completed successfully.
2025-02-15 14:35:06.293 21 INFO cinder.api.openstack.wsgi [None req-273f78b8-a5d0-4729-bd70-2f793dc6d6b5 2b034f2342f74e9a9c2ecf25797359b0 ae063e5bb68146b3b626e748f2d730e5 - - default default] http://[LB_IP_ADDRESS]:8776/v3/ae063e5bb68146b3b626e748f2d730e5/volumes/detail returned with HTTP 200
2025-02-15 14:35:06.320 24 INFO cinder.api.openstack.wsgi [None req-a5c6249d-8bab-4cd5-9d6a-db6a4c9920b2 2b034f2342f74e9a9c2ecf25797359b0 ae063e5bb68146b3b626e748f2d730e5 - - default default] POST http://[LB_IP_ADDRESS]:8776/v3/ae063e5bb68146b3b626e748f2d730e5/groups/e3443be1-50bc-46bb-aff7-3bcc172fa2d9/action
2025-02-15 14:35:06.324 24 INFO cinder.api.v3.groups [None req-a5c6249d-8bab-4cd5-9d6a-db6a4c9920b2 2b034f2342f74e9a9c2ecf25797359b0 ae063e5bb68146b3b626e748f2d730e5 - - default default] Delete group with id: e3443be1-50bc-46bb-aff7-3bcc172fa2d9
2025-02-15 14:35:06.329 24 INFO cinder.api.openstack.wsgi [None req-a5c6249d-8bab-4cd5-9d6a-db6a4c9920b2 2b034f2342f74e9a9c2ecf25797359b0 ae063e5bb68146b3b626e748f2d730e5 - - default default] http://[LB_IP_ADDRESS]:8776/v3/ae063e5bb68146b3b626e748f2d730e5/groups/e3443be1-50bc-46bb-aff7-3bcc172fa2d9/action returned with HTTP 404
2025-02-15 14:35:06.341 22 INFO cinder.api.openstack.wsgi [None req-7f06f4a0-355b-4b6b-bfde-c45650cc40c7 adb5b9eda779425eb4afb95145b2c9e4 e007cb79ba134db78c5b066fee1091c6 - - default default] DELETE http://[LB_IP_ADDRESS]:8776/v3/e007cb79ba134db78c5b066fee1091c6/group_types/6973fa4d-2056-4edf-a8ce-edc12cf44988
2025-02-15 14:35:06.363 22 INFO cinder.api.openstack.wsgi [None req-7f06f4a0-355b-4b6b-bfde-c45650cc40c7 adb5b9eda779425eb4afb95145b2c9e4 e007cb79ba134db78c5b066fee1091c6 - - default default] http://[LB_IP_ADDRESS]:8776/v3/e007cb79ba134db78c5b066fee1091c6/group_types/6973fa4d-2056-4edf-a8ce-edc12cf44988 returned with HTTP 202
2025-02-15 14:35:06.374 25 INFO cinder.api.openstack.wsgi [None req-90b17e01-0834-4a39-98a8-ec129ba762cd adb5b9eda779425eb4afb95145b2c9e4 e007cb79ba134db78c5b066fee1091c6 - - default default] DELETE http://[LB_IP_ADDRESS]:8776/v3/e007cb79ba134db78c5b066fee1091c6/types/a583a4f4-cab5-47a9-b762-20436929f8c7
2025-02-15 14:35:06.424 25 INFO cinder.api.openstack.wsgi [None req-90b17e01-0834-4a39-98a8-ec129ba762cd adb5b9eda779425eb4afb95145b2c9e4 e007cb79ba134db78c5b066fee1091c6 - - default default] http://[LB_IP_ADDRESS]:8776/v3/e007cb79ba134db78c5b066fee1091c6/types/a583a4f4-cab5-47a9-b762-20436929f8c7 returned with HTTP 202
2025-02-15 14:35:06.435 23 INFO cinder.api.openstack.wsgi [None req-15d1bc1c-99de-4189-af80-d08b060bfbe1 adb5b9eda779425eb4afb95145b2c9e4 e007cb79ba134db78c5b066fee1091c6 - - default default] GET http://[LB_IP_ADDRESS]:8776/v3/e007cb79ba134db78c5b066fee1091c6/types/a583a4f4-cab5-47a9-b762-20436929f8c7
2025-02-15 14:35:06.442 23 INFO cinder.api.openstack.wsgi [None req-15d1bc1c-99de-4189-af80-d08b060bfbe1 adb5b9eda779425eb4afb95145b2c9e4 e007cb79ba134db78c5b066fee1091c6 - - default default] http://[LB_IP_ADDRESS]:8776/v3/e007cb79ba134db78c5b066fee1091c6/types/a583a4f4-cab5-47a9-b762-20436929f8c7 returned with HTTP 404
2025-02-15 14:35:06.455 21 INFO cinder.api.openstack.wsgi [None req-edcb9d16-fec4-42bb-a0b3-10e676d58238 adb5b9eda779425eb4afb95145b2c9e4 e007cb79ba134db78c5b066fee1091c6 - - default default] POST http://[LB_IP_ADDRESS]:8776/v3/e007cb79ba134db78c5b066fee1091c6/types
2025-02-15 14:35:06.486 21 INFO cinder.api.openstack.wsgi [None req-edcb9d16-fec4-42bb-a0b3-10e676d58238 adb5b9eda779425eb4afb95145b2c9e4 e007cb79ba134db78c5b066fee1091c6 - - default default] http://[LB_IP_ADDRESS]:8776/v3/e007cb79ba134db78c5b066fee1091c6/types returned with HTTP 200
2025-02-15 14:35:06.499 24 INFO cinder.api.openstack.wsgi [None req-6fbfb2c2-1778-4961-a839-6bc3b6da09d7 adb5b9eda779425eb4afb95145b2c9e4 e007cb79ba134db78c5b066fee1091c6 - - default default] POST http://[LB_IP_ADDRESS]:8776/v3/e007cb79ba134db78c5b066fee1091c6/group_types
2025-02-15 14:35:06.525 24 INFO cinder.api.openstack.wsgi [None req-6fbfb2c2-1778-4961-a839-6bc3b6da09d7 adb5b9eda779425eb4afb95145b2c9e4 e007cb79ba134db78c5b066fee1091c6 - - default default] http://[LB_IP_ADDRESS]:8776/v3/e007cb79ba134db78c5b066fee1091c6/group_types returned with HTTP 202
2025-02-15 14:35:06.540 22 INFO cinder.api.openstack.wsgi [None req-9b29b4ba-311f-4c09-a90f-b47b264e6184 2b034f2342f74e9a9c2ecf25797359b0 ae063e5bb68146b3b626e748f2d730e5 - - default default] POST http://[LB_IP_ADDRESS]:8776/v3/ae063e5bb68146b3b626e748f2d730e5/groups
2025-02-15 14:35:06.553 22 INFO cinder.api.v3.groups [None req-9b29b4ba-311f-4c09-a90f-b47b264e6184 2b034f2342f74e9a9c2ecf25797359b0 ae063e5bb68146b3b626e748f2d730e5 - - default default] Creating group tempest-GroupsTest-Group-1646115216.
2025-02-15 14:35:06.570 22 INFO cinder.volume.api [None req-9b29b4ba-311f-4c09-a90f-b47b264e6184 2b034f2342f74e9a9c2ecf25797359b0 ae063e5bb68146b3b626e748f2d730e5 - - default default] Availability Zones retrieved successfully.
2025-02-15 14:35:06.675 22 INFO cinder.api.openstack.wsgi [None req-9b29b4ba-311f-4c09-a90f-b47b264e6184 2b034f2342f74e9a9c2ecf25797359b0 ae063e5bb68146b3b626e748f2d730e5 - - default default] http://[LB_IP_ADDRESS]:8776/v3/ae063e5bb68146b3b626e748f2d730e5/groups returned with HTTP 202
2025-02-15 14:35:06.689 25 INFO cinder.api.openstack.wsgi [None req-fc5cef19-4fcc-48d0-ba76-9cfdbed65fff 2b034f2342f74e9a9c2ecf25797359b0 ae063e5bb68146b3b626e748f2d730e5 - - default default] GET http://[LB_IP_ADDRESS]:8776/v3/ae063e5bb68146b3b626e748f2d730e5/groups/520ce97c-996a-4745-8160-2bd71873f5a4
2025-02-15 14:35:06.713 25 INFO cinder.api.openstack.wsgi [None req-fc5cef19-4fcc-48d0-ba76-9cfdbed65fff 2b034f2342f74e9a9c2ecf25797359b0 ae063e5bb68146b3b626e748f2d730e5 - - default default] http://[LB_IP_ADDRESS]:8776/v3/ae063e5bb68146b3b626e748f2d730e5/groups/520ce97c-996a-4745-8160-2bd71873f5a4 returned with HTTP 200
2025-02-15 14:35:07.731 23 INFO cinder.api.openstack.wsgi [None req-2dcffb29-ef54-4ee8-b2cc-ed2db8f4c445 2b034f2342f74e9a9c2ecf25797359b0 ae063e5bb68146b3b626e748f2d730e5 - - default default] GET http://[LB_IP_ADDRESS]:8776/v3/ae063e5bb68146b3b626e748f2d730e5/groups/520ce97c-996a-4745-8160-2bd71873f5a4
2025-02-15 14:35:07.755 23 INFO cinder.api.openstack.wsgi [None req-2dcffb29-ef54-4ee8-b2cc-ed2db8f4c445 2b034f2342f74e9a9c2ecf25797359b0 ae063e5bb68146b3b626e748f2d730e5 - - default default] http://[LB_IP_ADDRESS]:8776/v3/ae063e5bb68146b3b626e748f2d730e5/groups/520ce97c-996a-4745-8160-2bd71873f5a4 returned with HTTP 200
2025-02-15 14:35:07.771 21 INFO cinder.api.openstack.wsgi [None req-90c7435b-3d0e-464c-9330-faf4d5474a3c 2b034f2342f74e9a9c2ecf25797359b0 ae063e5bb68146b3b626e748f2d730e5 - - default default] POST http://[LB_IP_ADDRESS]:8776/v3/ae063e5bb68146b3b626e748f2d730e5/volumes
2025-02-15 14:35:07.788 21 INFO cinder.api.v3.volumes [None req-90c7435b-3d0e-464c-9330-faf4d5474a3c 2b034f2342f74e9a9c2ecf25797359b0 ae063e5bb68146b3b626e748f2d730e5 - - default default] Create volume of 1 GB
2025-02-15 14:35:07.802 21 INFO cinder.volume.api [None req-90c7435b-3d0e-464c-9330-faf4d5474a3c 2b034f2342f74e9a9c2ecf25797359b0 ae063e5bb68146b3b626e748f2d730e5 - - default default] Availability Zones retrieved successfully.
2025-02-15 14:35:07.926 21 WARNING cinder.quota [None req-90c7435b-3d0e-464c-9330-faf4d5474a3c 2b034f2342f74e9a9c2ecf25797359b0 ae063e5bb68146b3b626e748f2d730e5 - - default default] Deprecated: Default quota for resource: volumes_tempest-GroupsTest-volume-type-2001564746 is set by the default quota flag: quota_volumes_tempest-GroupsTest-volume-type-2001564746, it is now deprecated. Please use the default quota class for default quota.
2025-02-15 14:35:07.927 21 WARNING cinder.quota [None req-90c7435b-3d0e-464c-9330-faf4d5474a3c 2b034f2342f74e9a9c2ecf25797359b0 ae063e5bb68146b3b626e748f2d730e5 - - default default] Deprecated: Default quota for resource: gigabytes_tempest-GroupsTest-volume-type-2001564746 is set by the default quota flag: quota_gigabytes_tempest-GroupsTest-volume-type-2001564746, it is now deprecated. Please use the default quota class for default quota.
2025-02-15 14:35:08.035 21 INFO cinder.volume.api [None req-90c7435b-3d0e-464c-9330-faf4d5474a3c 2b034f2342f74e9a9c2ecf25797359b0 ae063e5bb68146b3b626e748f2d730e5 - - default default] Create volume request issued successfully.
2025-02-15 14:35:08.056 21 INFO cinder.api.openstack.wsgi [None req-90c7435b-3d0e-464c-9330-faf4d5474a3c 2b034f2342f74e9a9c2ecf25797359b0 ae063e5bb68146b3b626e748f2d730e5 - - default default] http://[LB_IP_ADDRESS]:8776/v3/ae063e5bb68146b3b626e748f2d730e5/volumes returned with HTTP 202
2025-02-15 14:35:08.082 24 INFO cinder.api.openstack.wsgi [None req-5a9f26c8-0dac-4e7a-8a4b-1778c24f214f 2b034f2342f74e9a9c2ecf25797359b0 ae063e5bb68146b3b626e748f2d730e5 - - default default] GET http://[LB_IP_ADDRESS]:8776/v3/ae063e5bb68146b3b626e748f2d730e5/volumes/e8004317-84d6-493f-9817-fa52023e0857
2025-02-15 14:35:08.107 24 INFO cinder.volume.api [None req-5a9f26c8-0dac-4e7a-8a4b-1778c24f214f 2b034f2342f74e9a9c2ecf25797359b0 ae063e5bb68146b3b626e748f2d730e5 - - default default] Volume info retrieved successfully.
2025-02-15 14:35:08.136 24 INFO cinder.api.openstack.wsgi [None req-5a9f26c8-0dac-4e7a-8a4b-1778c24f214f 2b034f2342f74e9a9c2ecf25797359b0 ae063e5bb68146b3b626e748f2d730e5 - - default default] http://[LB_IP_ADDRESS]:8776/v3/ae063e5bb68146b3b626e748f2d730e5/volumes/e8004317-84d6-493f-9817-fa52023e0857 returned with HTTP 200
2025-02-15 14:35:09.170 22 INFO cinder.api.openstack.wsgi [None req-924737e5-9714-414f-8068-d69fe3a4867e 2b034f2342f74e9a9c2ecf25797359b0 ae063e5bb68146b3b626e748f2d730e5 - - default default] GET http://[LB_IP_ADDRESS]:8776/v3/ae063e5bb68146b3b626e748f2d730e5/volumes/e8004317-84d6-493f-9817-fa52023e0857
2025-02-15 14:35:09.200 22 INFO cinder.volume.api [None req-924737e5-9714-414f-8068-d69fe3a4867e 2b034f2342f74e9a9c2ecf25797359b0 ae063e5bb68146b3b626e748f2d730e5 - - default default] Volume info retrieved successfully.
2025-02-15 14:35:09.229 22 INFO cinder.api.openstack.wsgi [None req-924737e5-9714-414f-8068-d69fe3a4867e 2b034f2342f74e9a9c2ecf25797359b0 ae063e5bb68146b3b626e748f2d730e5 - - default default] http://[LB_IP_ADDRESS]:8776/v3/ae063e5bb68146b3b626e748f2d730e5/volumes/e8004317-84d6-493f-9817-fa52023e0857 returned with HTTP 200
2025-02-15 14:35:10.023 25 INFO cinder.api.openstack.wsgi [None req-65163d88-dbed-4ed5-b15d-4d34983ad6a9 9148c8b1559444679e25ef26966eba6a 3efd722db97144f086d53ff67a3f6f77 - - default default] POST http://[LB_IP_ADDRESS]:8776/v3/3efd722db97144f086d53ff67a3f6f77/types
2025-02-15 14:35:10.053 25 INFO cinder.api.openstack.wsgi [None req-65163d88-dbed-4ed5-b15d-4d34983ad6a9 9148c8b1559444679e25ef26966eba6a 3efd722db97144f086d53ff67a3f6f77 - - default default] http://[LB_IP_ADDRESS]:8776/v3/3efd722db97144f086d53ff67a3f6f77/types returned with HTTP 200
2025-02-15 14:35:10.071 23 INFO cinder.api.openstack.wsgi [None req-657366f9-9340-44b0-9f8c-9abf9ee0cb53 9148c8b1559444679e25ef26966eba6a 3efd722db97144f086d53ff67a3f6f77 - - default default] POST http://[LB_IP_ADDRESS]:8776/v3/3efd722db97144f086d53ff67a3f6f77/group_types
2025-02-15 14:35:10.097 23 INFO cinder.api.openstack.wsgi [None req-657366f9-9340-44b0-9f8c-9abf9ee0cb53 9148c8b1559444679e25ef26966eba6a 3efd722db97144f086d53ff67a3f6f77 - - default default] http://[LB_IP_ADDRESS]:8776/v3/3efd722db97144f086d53ff67a3f6f77/group_types returned with HTTP 202
2025-02-15 14:35:10.178 24 INFO cinder.api.openstack.wsgi [None req-6dad29b0-c425-498e-9813-b308d75a7db1 f545f34deef849508df1f6cfe5c589c9 7966d9588f8a448399f3393cd3456a57 - - default default] POST http://[LB_IP_ADDRESS]:8776/v3/7966d9588f8a448399f3393cd3456a57/qos-specs
2025-02-15 14:35:10.201 24 INFO cinder.api.openstack.wsgi [None req-6dad29b0-c425-498e-9813-b308d75a7db1 f545f34deef849508df1f6cfe5c589c9 7966d9588f8a448399f3393cd3456a57 - - default default] http://[LB_IP_ADDRESS]:8776/v3/7966d9588f8a448399f3393cd3456a57/qos-specs returned with HTTP 200
2025-02-15 14:35:10.220 22 INFO cinder.api.openstack.wsgi [None req-e5deec88-8e5c-41ca-8677-9533a38bba84 f545f34deef849508df1f6cfe5c589c9 7966d9588f8a448399f3393cd3456a57 - - default default] POST http://[LB_IP_ADDRESS]:8776/v3/7966d9588f8a448399f3393cd3456a57/types
2025-02-15 14:35:10.235 21 INFO cinder.api.openstack.wsgi [None req-6578071a-33aa-4f97-9c02-66b30375c824 b405fa5b589e458fab3472d8cb232393 7cd1de43b9fb4c15a13e8ea4ea42f9a0 - - default default] POST http://[LB_IP_ADDRESS]:8776/v3/7cd1de43b9fb4c15a13e8ea4ea42f9a0/groups
2025-02-15 14:35:10.246 21 INFO cinder.api.v3.groups [None req-6578071a-33aa-4f97-9c02-66b30375c824 b405fa5b589e458fab3472d8cb232393 7cd1de43b9fb4c15a13e8ea4ea42f9a0 - - default default] Creating group tempest-GroupSnapshotsTest-Group-1714621068.
2025-02-15 14:35:10.253 22 INFO cinder.api.openstack.wsgi [None req-e5deec88-8e5c-41ca-8677-9533a38bba84 f545f34deef849508df1f6cfe5c589c9 7966d9588f8a448399f3393cd3456a57 - - default default] http://[LB_IP_ADDRESS]:8776/v3/7966d9588f8a448399f3393cd3456a57/types returned with HTTP 200
2025-02-15 14:35:10.257 21 INFO cinder.volume.api [None req-6578071a-33aa-4f97-9c02-66b30375c824 b405fa5b589e458fab3472d8cb232393 7cd1de43b9fb4c15a13e8ea4ea42f9a0 - - default default] Availability Zones retrieved successfully.
2025-02-15 14:35:10.258 25 INFO cinder.api.openstack.wsgi [None req-172a1c0c-5de4-4ba2-8235-559f7bf021b0 2b034f2342f74e9a9c2ecf25797359b0 ae063e5bb68146b3b626e748f2d730e5 - - default default] GET http://[LB_IP_ADDRESS]:8776/v3/ae063e5bb68146b3b626e748f2d730e5/volumes/e8004317-84d6-493f-9817-fa52023e0857
2025-02-15 14:35:10.268 23 INFO cinder.api.openstack.wsgi [None req-deacdfdb-99c0-4fd6-b41a-c84b995f1aea f545f34deef849508df1f6cfe5c589c9 7966d9588f8a448399f3393cd3456a57 - - default default] POST http://[LB_IP_ADDRESS]:8776/v3/7966d9588f8a448399f3393cd3456a57/types
2025-02-15 14:35:10.285 25 INFO cinder.volume.api [None req-172a1c0c-5de4-4ba2-8235-559f7bf021b0 2b034f2342f74e9a9c2ecf25797359b0 ae063e5bb68146b3b626e748f2d730e5 - - default default] Volume info retrieved successfully.
2025-02-15 14:35:10.297 23 INFO cinder.api.openstack.wsgi [None req-deacdfdb-99c0-4fd6-b41a-c84b995f1aea f545f34deef849508df1f6cfe5c589c9 7966d9588f8a448399f3393cd3456a57 - - default default] http://[LB_IP_ADDRESS]:8776/v3/7966d9588f8a448399f3393cd3456a57/types returned with HTTP 200
2025-02-15 14:35:10.312 24 INFO cinder.api.openstack.wsgi [None req-d23ed9fc-62f4-4b3f-bfeb-014109190855 f545f34deef849508df1f6cfe5c589c9 7966d9588f8a448399f3393cd3456a57 - - default default] POST http://[LB_IP_ADDRESS]:8776/v3/7966d9588f8a448399f3393cd3456a57/types
2025-02-15 14:35:10.315 25 INFO cinder.api.openstack.wsgi [None req-172a1c0c-5de4-4ba2-8235-559f7bf021b0 2b034f2342f74e9a9c2ecf25797359b0 ae063e5bb68146b3b626e748f2d730e5 - - default default] http://[LB_IP_ADDRESS]:8776/v3/ae063e5bb68146b3b626e748f2d730e5/volumes/e8004317-84d6-493f-9817-fa52023e0857 returned with HTTP 200
2025-02-15 14:35:10.333 21 INFO cinder.api.openstack.wsgi [None req-6578071a-33aa-4f97-9c02-66b30375c824 b405fa5b589e458fab3472d8cb232393 7cd1de43b9fb4c15a13e8ea4ea42f9a0 - - default default] http://[LB_IP_ADDRESS]:8776/v3/7cd1de43b9fb4c15a13e8ea4ea42f9a0/groups returned with HTTP 202
2025-02-15 14:35:10.340 24 INFO cinder.api.openstack.wsgi [None req-d23ed9fc-62f4-4b3f-bfeb-014109190855 f545f34deef849508df1f6cfe5c589c9 7966d9588f8a448399f3393cd3456a57 - - default default] http://[LB_IP_ADDRESS]:8776/v3/7966d9588f8a448399f3393cd3456a57/types returned with HTTP 200
2025-02-15 14:35:10.343 22 INFO cinder.api.openstack.wsgi [None req-540cb3a3-e994-4fc6-adf6-9b93e02a53bb 2b034f2342f74e9a9c2ecf25797359b0 ae063e5bb68146b3b626e748f2d730e5 - - default default] POST http://[LB_IP_ADDRESS]:8776/v3/ae063e5bb68146b3b626e748f2d730e5/volumes
2025-02-15 14:35:10.347 23 INFO cinder.api.openstack.wsgi [None req-a94d68b4-ac9a-4c71-8673-fa0a6658a5d2 b405fa5b589e458fab3472d8cb232393 7cd1de43b9fb4c15a13e8ea4ea42f9a0 - - default default] GET http://[LB_IP_ADDRESS]:8776/v3/7cd1de43b9fb4c15a13e8ea4ea42f9a0/groups/76e5238b-64ba-48ba-a445-6f52d07b7f02
2025-02-15 14:35:10.356 25 INFO cinder.api.openstack.wsgi [None req-5b540471-c72f-4d4a-a9bb-8224511191fd f545f34deef849508df1f6cfe5c589c9 7966d9588f8a448399f3393cd3456a57 - - default default] GET http://[LB_IP_ADDRESS]:8776/v3/7966d9588f8a448399f3393cd3456a57/qos-specs/173a1116-2678-4b70-9011-8d10a7d247b1/associate?vol_type_id=44898642-687a-4ce3-bd90-b19a6c4a20f8
2025-02-15 14:35:10.361 22 INFO cinder.api.v3.volumes [None req-540cb3a3-e994-4fc6-adf6-9b93e02a53bb 2b034f2342f74e9a9c2ecf25797359b0 ae063e5bb68146b3b626e748f2d730e5 - - default default] Create volume of 1 GB
2025-02-15 14:35:10.370 23 INFO cinder.api.openstack.wsgi [None req-a94d68b4-ac9a-4c71-8673-fa0a6658a5d2 b405fa5b589e458fab3472d8cb232393 7cd1de43b9fb4c15a13e8ea4ea42f9a0 - - default default] http://[LB_IP_ADDRESS]:8776/v3/7cd1de43b9fb4c15a13e8ea4ea42f9a0/groups/76e5238b-64ba-48ba-a445-6f52d07b7f02 returned with HTTP 200
2025-02-15 14:35:10.373 22 INFO cinder.volume.api [None req-540cb3a3-e994-4fc6-adf6-9b93e02a53bb 2b034f2342f74e9a9c2ecf25797359b0 ae063e5bb68146b3b626e748f2d730e5 - - default default] Availability Zones retrieved successfully.
2025-02-15 14:35:10.385 25 INFO cinder.api.openstack.wsgi [None req-5b540471-c72f-4d4a-a9bb-8224511191fd f545f34deef849508df1f6cfe5c589c9 7966d9588f8a448399f3393cd3456a57 - - default default] http://[LB_IP_ADDRESS]:8776/v3/7966d9588f8a448399f3393cd3456a57/qos-specs/173a1116-2678-4b70-9011-8d10a7d247b1/associate?vol_type_id=44898642-687a-4ce3-bd90-b19a6c4a20f8 returned with HTTP 202
2025-02-15 14:35:10.399 21 INFO cinder.api.openstack.wsgi [None req-bdf44e14-2825-4527-ab5a-7f152a408b4a f545f34deef849508df1f6cfe5c589c9 7966d9588f8a448399f3393cd3456a57 - - default default] GET http://[LB_IP_ADDRESS]:8776/v3/7966d9588f8a448399f3393cd3456a57/qos-specs/173a1116-2678-4b70-9011-8d10a7d247b1/associate?vol_type_id=88b9f3df-a2e2-4f65-993f-d726ed642798
2025-02-15 14:35:10.432 21 INFO cinder.api.openstack.wsgi [None req-bdf44e14-2825-4527-ab5a-7f152a408b4a f545f34deef849508df1f6cfe5c589c9 7966d9588f8a448399f3393cd3456a57 - - default default] http://[LB_IP_ADDRESS]:8776/v3/7966d9588f8a448399f3393cd3456a57/qos-specs/173a1116-2678-4b70-9011-8d10a7d247b1/associate?vol_type_id=88b9f3df-a2e2-4f65-993f-d726ed642798 returned with HTTP 202
2025-02-15 14:35:10.447 24 INFO cinder.api.openstack.wsgi [None req-e1bf1d4d-444f-48dc-be89-107fd65828dd f545f34deef849508df1f6cfe5c589c9 7966d9588f8a448399f3393cd3456a57 - - default default] GET http://[LB_IP_ADDRESS]:8776/v3/7966d9588f8a448399f3393cd3456a57/qos-specs/173a1116-2678-4b70-9011-8d10a7d247b1/associate?vol_type_id=09ac5bef-bf7c-45ad-9825-ee4f024f852f
2025-02-15 14:35:10.477 24 INFO cinder.api.openstack.wsgi [None req-e1bf1d4d-444f-48dc-be89-107fd65828dd f545f34deef849508df1f6cfe5c589c9 7966d9588f8a448399f3393cd3456a57 - - default default] http://[LB_IP_ADDRESS]:8776/v3/7966d9588f8a448399f3393cd3456a57/qos-specs/173a1116-2678-4b70-9011-8d10a7d247b1/associate?vol_type_id=09ac5bef-bf7c-45ad-9825-ee4f024f852f returned with HTTP 202
2025-02-15 14:35:10.492 23 INFO cinder.api.openstack.wsgi [None req-58a88cc8-3012-4078-9c2c-6b26c7242b9a f545f34deef849508df1f6cfe5c589c9 7966d9588f8a448399f3393cd3456a57 - - default default] GET http://[LB_IP_ADDRESS]:8776/v3/7966d9588f8a448399f3393cd3456a57/qos-specs/173a1116-2678-4b70-9011-8d10a7d247b1/associations
2025-02-15 14:35:10.497 22 WARNING cinder.quota [None req-540cb3a3-e994-4fc6-adf6-9b93e02a53bb 2b034f2342f74e9a9c2ecf25797359b0 ae063e5bb68146b3b626e748f2d730e5 - - default default] Deprecated: Default quota for resource: volumes_tempest-GroupsTest-volume-type-2001564746 is set by the default quota flag: quota_volumes_tempest-GroupsTest-volume-type-2001564746, it is now deprecated. Please use the default quota class for default quota.
2025-02-15 14:35:10.498 22 WARNING cinder.quota [None req-540cb3a3-e994-4fc6-adf6-9b93e02a53bb 2b034f2342f74e9a9c2ecf25797359b0 ae063e5bb68146b3b626e748f2d730e5 - - default default] Deprecated: Default quota for resource: gigabytes_tempest-GroupsTest-volume-type-2001564746 is set by the default quota flag: quota_gigabytes_tempest-GroupsTest-volume-type-2001564746, it is now deprecated. Please use the default quota class for default quota.
2025-02-15 14:35:10.510 23 INFO cinder.api.openstack.wsgi [None req-58a88cc8-3012-4078-9c2c-6b26c7242b9a f545f34deef849508df1f6cfe5c589c9 7966d9588f8a448399f3393cd3456a57 - - default default] http://[LB_IP_ADDRESS]:8776/v3/7966d9588f8a448399f3393cd3456a57/qos-specs/173a1116-2678-4b70-9011-8d10a7d247b1/associations returned with HTTP 200
2025-02-15 14:35:10.527 25 INFO cinder.api.openstack.wsgi [None req-3f458d88-7467-45bf-a9e5-2b972b164a15 f545f34deef849508df1f6cfe5c589c9 7966d9588f8a448399f3393cd3456a57 - - default default] GET http://[LB_IP_ADDRESS]:8776/v3/7966d9588f8a448399f3393cd3456a57/qos-specs/173a1116-2678-4b70-9011-8d10a7d247b1/disassociate?vol_type_id=44898642-687a-4ce3-bd90-b19a6c4a20f8
2025-02-15 14:35:10.551 25 INFO cinder.api.openstack.wsgi [None req-3f458d88-7467-45bf-a9e5-2b972b164a15 f545f34deef849508df1f6cfe5c589c9 7966d9588f8a448399f3393cd3456a57 - - default default] http://[LB_IP_ADDRESS]:8776/v3/7966d9588f8a448399f3393cd3456a57/qos-specs/173a1116-2678-4b70-9011-8d10a7d247b1/disassociate?vol_type_id=44898642-687a-4ce3-bd90-b19a6c4a20f8 returned with HTTP 202
2025-02-15 14:35:10.564 21 INFO cinder.api.openstack.wsgi [None req-c73e2992-6009-4298-803b-d1cee6c7ea80 f545f34deef849508df1f6cfe5c589c9 7966d9588f8a448399f3393cd3456a57 - - default default] GET http://[LB_IP_ADDRESS]:8776/v3/7966d9588f8a448399f3393cd3456a57/qos-specs/173a1116-2678-4b70-9011-8d10a7d247b1/associations
2025-02-15 14:35:10.583 21 INFO cinder.api.openstack.wsgi [None req-c73e2992-6009-4298-803b-d1cee6c7ea80 f545f34deef849508df1f6cfe5c589c9 7966d9588f8a448399f3393cd3456a57 - - default default] http://[LB_IP_ADDRESS]:8776/v3/7966d9588f8a448399f3393cd3456a57/qos-specs/173a1116-2678-4b70-9011-8d10a7d247b1/associations returned with HTTP 200
2025-02-15 14:35:10.586 22 INFO cinder.volume.api [None req-540cb3a3-e994-4fc6-adf6-9b93e02a53bb 2b034f2342f74e9a9c2ecf25797359b0 ae063e5bb68146b3b626e748f2d730e5 - - default default] Create volume request issued successfully.
2025-02-15 14:35:10.599 24 INFO cinder.api.openstack.wsgi [None req-054ac394-f675-4bef-97b3-3321923ae9ee f545f34deef849508df1f6cfe5c589c9 7966d9588f8a448399f3393cd3456a57 - - default default] GET http://[LB_IP_ADDRESS]:8776/v3/7966d9588f8a448399f3393cd3456a57/qos-specs/173a1116-2678-4b70-9011-8d10a7d247b1/disassociate_all
2025-02-15 14:35:10.606 22 INFO cinder.api.openstack.wsgi [None req-540cb3a3-e994-4fc6-adf6-9b93e02a53bb 2b034f2342f74e9a9c2ecf25797359b0 ae063e5bb68146b3b626e748f2d730e5 - - default default] http://[LB_IP_ADDRESS]:8776/v3/ae063e5bb68146b3b626e748f2d730e5/volumes returned with HTTP 202
2025-02-15 14:35:10.618 24 INFO cinder.api.openstack.wsgi [None req-054ac394-f675-4bef-97b3-3321923ae9ee f545f34deef849508df1f6cfe5c589c9 7966d9588f8a448399f3393cd3456a57 - - default default] http://[LB_IP_ADDRESS]:8776/v3/7966d9588f8a448399f3393cd3456a57/qos-specs/173a1116-2678-4b70-9011-8d10a7d247b1/disassociate_all returned with HTTP 202
2025-02-15 14:35:10.631 25 INFO cinder.api.openstack.wsgi [None req-59a63965-4637-49e3-956c-3b79032afb11 2b034f2342f74e9a9c2ecf25797359b0 ae063e5bb68146b3b626e748f2d730e5 - - default default] GET http://[LB_IP_ADDRESS]:8776/v3/ae063e5bb68146b3b626e748f2d730e5/volumes/016639f4-067d-48ff-b754-b440faec48d3
2025-02-15 14:35:10.632 23 INFO cinder.api.openstack.wsgi [None req-f3426c25-ef58-476f-b4d7-c108080a55fb f545f34deef849508df1f6cfe5c589c9 7966d9588f8a448399f3393cd3456a57 - - default default] GET http://[LB_IP_ADDRESS]:8776/v3/7966d9588f8a448399f3393cd3456a57/qos-specs/173a1116-2678-4b70-9011-8d10a7d247b1/associations
2025-02-15 14:35:10.649 23 INFO cinder.api.openstack.wsgi [None req-f3426c25-ef58-476f-b4d7-c108080a55fb f545f34deef849508df1f6cfe5c589c9 7966d9588f8a448399f3393cd3456a57 - - default default] http://[LB_IP_ADDRESS]:8776/v3/7966d9588f8a448399f3393cd3456a57/qos-specs/173a1116-2678-4b70-9011-8d10a7d247b1/associations returned with HTTP 200
2025-02-15 14:35:10.657 25 INFO cinder.volume.api [None req-59a63965-4637-49e3-956c-3b79032afb11 2b034f2342f74e9a9c2ecf25797359b0 ae063e5bb68146b3b626e748f2d730e5 - - default default] Volume info retrieved successfully.
2025-02-15 14:35:10.663 21 INFO cinder.api.openstack.wsgi [None req-66c2e3e0-4970-48a6-b219-cea82bb5bf6b f545f34deef849508df1f6cfe5c589c9 7966d9588f8a448399f3393cd3456a57 - - default default] DELETE http://[LB_IP_ADDRESS]:8776/v3/7966d9588f8a448399f3393cd3456a57/types/09ac5bef-bf7c-45ad-9825-ee4f024f852f
2025-02-15 14:35:10.687 25 INFO cinder.api.openstack.wsgi [None req-59a63965-4637-49e3-956c-3b79032afb11 2b034f2342f74e9a9c2ecf25797359b0 ae063e5bb68146b3b626e748f2d730e5 - - default default] http://[LB_IP_ADDRESS]:8776/v3/ae063e5bb68146b3b626e748f2d730e5/volumes/016639f4-067d-48ff-b754-b440faec48d3 returned with HTTP 200
2025-02-15 14:35:10.711 21 INFO cinder.api.openstack.wsgi [None req-66c2e3e0-4970-48a6-b219-cea82bb5bf6b f545f34deef849508df1f6cfe5c589c9 7966d9588f8a448399f3393cd3456a57 - - default default] http://[LB_IP_ADDRESS]:8776/v3/7966d9588f8a448399f3393cd3456a57/types/09ac5bef-bf7c-45ad-9825-ee4f024f852f returned with HTTP 202
2025-02-15 14:35:10.724 22 INFO cinder.api.openstack.wsgi [None req-c83eef5a-08ca-41ea-b81a-97c0b12cf88b f545f34deef849508df1f6cfe5c589c9 7966d9588f8a448399f3393cd3456a57 - - default default] GET http://[LB_IP_ADDRESS]:8776/v3/7966d9588f8a448399f3393cd3456a57/types/09ac5bef-bf7c-45ad-9825-ee4f024f852f
2025-02-15 14:35:10.732 22 INFO cinder.api.openstack.wsgi [None req-c83eef5a-08ca-41ea-b81a-97c0b12cf88b f545f34deef849508df1f6cfe5c589c9 7966d9588f8a448399f3393cd3456a57 - - default default] http://[LB_IP_ADDRESS]:8776/v3/7966d9588f8a448399f3393cd3456a57/types/09ac5bef-bf7c-45ad-9825-ee4f024f852f returned with HTTP 404
2025-02-15 14:35:10.744 24 INFO cinder.api.openstack.wsgi [None req-aef9cfab-b4fa-4e83-a7f3-9af5bc803120 f545f34deef849508df1f6cfe5c589c9 7966d9588f8a448399f3393cd3456a57 - - default default] DELETE http://[LB_IP_ADDRESS]:8776/v3/7966d9588f8a448399f3393cd3456a57/types/88b9f3df-a2e2-4f65-993f-d726ed642798
2025-02-15 14:35:10.793 24 INFO cinder.api.openstack.wsgi [None req-aef9cfab-b4fa-4e83-a7f3-9af5bc803120 f545f34deef849508df1f6cfe5c589c9 7966d9588f8a448399f3393cd3456a57 - - default default] http://[LB_IP_ADDRESS]:8776/v3/7966d9588f8a448399f3393cd3456a57/types/88b9f3df-a2e2-4f65-993f-d726ed642798 returned with HTTP 202
2025-02-15 14:35:10.805 23 INFO cinder.api.openstack.wsgi [None req-75fc6be3-cb50-4281-baaa-8f83f69d2ee5 f545f34deef849508df1f6cfe5c589c9 7966d9588f8a448399f3393cd3456a57 - - default default] GET http://[LB_IP_ADDRESS]:8776/v3/7966d9588f8a448399f3393cd3456a57/types/88b9f3df-a2e2-4f65-993f-d726ed642798
2025-02-15 14:35:10.812 23 INFO cinder.api.openstack.wsgi [None req-75fc6be3-cb50-4281-baaa-8f83f69d2ee5 f545f34deef849508df1f6cfe5c589c9 7966d9588f8a448399f3393cd3456a57 - - default default] http://[LB_IP_ADDRESS]:8776/v3/7966d9588f8a448399f3393cd3456a57/types/88b9f3df-a2e2-4f65-993f-d726ed642798 returned with HTTP 404
2025-02-15 14:35:10.825 25 INFO cinder.api.openstack.wsgi [None req-3bf9d9a9-7004-4705-bd35-dfbbaf41cbd7 f545f34deef849508df1f6cfe5c589c9 7966d9588f8a448399f3393cd3456a57 - - default default] DELETE http://[LB_IP_ADDRESS]:8776/v3/7966d9588f8a448399f3393cd3456a57/types/44898642-687a-4ce3-bd90-b19a6c4a20f8
2025-02-15 14:35:10.875 25 INFO cinder.api.openstack.wsgi [None req-3bf9d9a9-7004-4705-bd35-dfbbaf41cbd7 f545f34deef849508df1f6cfe5c589c9 7966d9588f8a448399f3393cd3456a57 - - default default] http://[LB_IP_ADDRESS]:8776/v3/7966d9588f8a448399f3393cd3456a57/types/44898642-687a-4ce3-bd90-b19a6c4a20f8 returned with HTTP 202
2025-02-15 14:35:10.888 21 INFO cinder.api.openstack.wsgi [None req-0ee16d54-fb56-45cf-9f0e-26560dfdd981 f545f34deef849508df1f6cfe5c589c9 7966d9588f8a448399f3393cd3456a57 - - default default] GET http://[LB_IP_ADDRESS]:8776/v3/7966d9588f8a448399f3393cd3456a57/types/44898642-687a-4ce3-bd90-b19a6c4a20f8
2025-02-15 14:35:10.896 21 INFO cinder.api.openstack.wsgi [None req-0ee16d54-fb56-45cf-9f0e-26560dfdd981 f545f34deef849508df1f6cfe5c589c9 7966d9588f8a448399f3393cd3456a57 - - default default] http://[LB_IP_ADDRESS]:8776/v3/7966d9588f8a448399f3393cd3456a57/types/44898642-687a-4ce3-bd90-b19a6c4a20f8 returned with HTTP 404
2025-02-15 14:35:10.913 22 INFO cinder.api.openstack.wsgi [None req-3a7cf42c-ab46-4345-b38e-e78fdc449743 f545f34deef849508df1f6cfe5c589c9 7966d9588f8a448399f3393cd3456a57 - - default default] POST http://[LB_IP_ADDRESS]:8776/v3/7966d9588f8a448399f3393cd3456a57/qos-specs
2025-02-15 14:35:10.934 22 INFO cinder.api.openstack.wsgi [None req-3a7cf42c-ab46-4345-b38e-e78fdc449743 f545f34deef849508df1f6cfe5c589c9 7966d9588f8a448399f3393cd3456a57 - - default default] http://[LB_IP_ADDRESS]:8776/v3/7966d9588f8a448399f3393cd3456a57/qos-specs returned with HTTP 200
2025-02-15 14:35:10.950 24 INFO cinder.api.openstack.wsgi [None req-397143d1-8164-47fc-b329-b963e16b4bd5 f545f34deef849508df1f6cfe5c589c9 7966d9588f8a448399f3393cd3456a57 - - default default] DELETE http://[LB_IP_ADDRESS]:8776/v3/7966d9588f8a448399f3393cd3456a57/qos-specs/b0ae8d79-ad01-4eee-9c66-1fe8ad2ae649?force=False
2025-02-15 14:35:10.982 24 INFO cinder.api.openstack.wsgi [None req-397143d1-8164-47fc-b329-b963e16b4bd5 f545f34deef849508df1f6cfe5c589c9 7966d9588f8a448399f3393cd3456a57 - - default default] http://[LB_IP_ADDRESS]:8776/v3/7966d9588f8a448399f3393cd3456a57/qos-specs/b0ae8d79-ad01-4eee-9c66-1fe8ad2ae649?force=False returned with HTTP 202
2025-02-15 14:35:10.995 23 INFO cinder.api.openstack.wsgi [None req-57f81624-0cc3-44f2-850a-1c7bf371ceed f545f34deef849508df1f6cfe5c589c9 7966d9588f8a448399f3393cd3456a57 - - default default] GET http://[LB_IP_ADDRESS]:8776/v3/7966d9588f8a448399f3393cd3456a57/qos-specs/b0ae8d79-ad01-4eee-9c66-1fe8ad2ae649
2025-02-15 14:35:11.004 23 INFO cinder.api.openstack.wsgi [None req-57f81624-0cc3-44f2-850a-1c7bf371ceed f545f34deef849508df1f6cfe5c589c9 7966d9588f8a448399f3393cd3456a57 - - default default] http://[LB_IP_ADDRESS]:8776/v3/7966d9588f8a448399f3393cd3456a57/qos-specs/b0ae8d79-ad01-4eee-9c66-1fe8ad2ae649 returned with HTTP 404
2025-02-15 14:35:11.018 25 INFO cinder.api.openstack.wsgi [None req-515c62d9-a7f3-4634-ba21-439e91c3c40b f545f34deef849508df1f6cfe5c589c9 7966d9588f8a448399f3393cd3456a57 - - default default] GET http://[LB_IP_ADDRESS]:8776/v3/7966d9588f8a448399f3393cd3456a57/qos-specs
2025-02-15 14:35:11.030 25 INFO cinder.api.openstack.wsgi [None req-515c62d9-a7f3-4634-ba21-439e91c3c40b f545f34deef849508df1f6cfe5c589c9 7966d9588f8a448399f3393cd3456a57 - - default default] http://[LB_IP_ADDRESS]:8776/v3/7966d9588f8a448399f3393cd3456a57/qos-specs returned with HTTP 200
2025-02-15 14:35:11.046 21 INFO cinder.api.openstack.wsgi [None req-da793ad5-46f2-486d-b892-c833330589cc f545f34deef849508df1f6cfe5c589c9 7966d9588f8a448399f3393cd3456a57 - - default default] DELETE http://[LB_IP_ADDRESS]:8776/v3/7966d9588f8a448399f3393cd3456a57/qos-specs/b0ae8d79-ad01-4eee-9c66-1fe8ad2ae649?force=False
2025-02-15 14:35:11.054 21 INFO cinder.api.openstack.wsgi [None req-da793ad5-46f2-486d-b892-c833330589cc f545f34deef849508df1f6cfe5c589c9 7966d9588f8a448399f3393cd3456a57 - - default default] http://[LB_IP_ADDRESS]:8776/v3/7966d9588f8a448399f3393cd3456a57/qos-specs/b0ae8d79-ad01-4eee-9c66-1fe8ad2ae649?force=False returned with HTTP 404
2025-02-15 14:35:11.068 22 INFO cinder.api.openstack.wsgi [None req-38212fa5-471d-4b8e-91f9-8738b714d5a1 f545f34deef849508df1f6cfe5c589c9 7966d9588f8a448399f3393cd3456a57 - - default default] GET http://[LB_IP_ADDRESS]:8776/v3/7966d9588f8a448399f3393cd3456a57/qos-specs/b0ae8d79-ad01-4eee-9c66-1fe8ad2ae649
2025-02-15 14:35:11.076 22 INFO cinder.api.openstack.wsgi [None req-38212fa5-471d-4b8e-91f9-8738b714d5a1 f545f34deef849508df1f6cfe5c589c9 7966d9588f8a448399f3393cd3456a57 - - default default] http://[LB_IP_ADDRESS]:8776/v3/7966d9588f8a448399f3393cd3456a57/qos-specs/b0ae8d79-ad01-4eee-9c66-1fe8ad2ae649 returned with HTTP 404
2025-02-15 14:35:11.090 24 INFO cinder.api.openstack.wsgi [None req-254128d4-3b17-40d9-81a2-4dc13f2add13 f545f34deef849508df1f6cfe5c589c9 7966d9588f8a448399f3393cd3456a57 - - default default] POST http://[LB_IP_ADDRESS]:8776/v3/7966d9588f8a448399f3393cd3456a57/qos-specs
2025-02-15 14:35:11.110 24 INFO cinder.api.openstack.wsgi [None req-254128d4-3b17-40d9-81a2-4dc13f2add13 f545f34deef849508df1f6cfe5c589c9 7966d9588f8a448399f3393cd3456a57 - - default default] http://[LB_IP_ADDRESS]:8776/v3/7966d9588f8a448399f3393cd3456a57/qos-specs returned with HTTP 200
2025-02-15 14:35:11.126 23 INFO cinder.api.openstack.wsgi [None req-9dd14312-c090-4056-a99a-f4d7cacd30a8 f545f34deef849508df1f6cfe5c589c9 7966d9588f8a448399f3393cd3456a57 - - default default] DELETE http://[LB_IP_ADDRESS]:8776/v3/7966d9588f8a448399f3393cd3456a57/qos-specs/12c3b89f-df31-4904-b3c1-7c563ab1a2d2?force=False
2025-02-15 14:35:11.158 23 INFO cinder.api.openstack.wsgi [None req-9dd14312-c090-4056-a99a-f4d7cacd30a8 f545f34deef849508df1f6cfe5c589c9 7966d9588f8a448399f3393cd3456a57 - - default default] http://[LB_IP_ADDRESS]:8776/v3/7966d9588f8a448399f3393cd3456a57/qos-specs/12c3b89f-df31-4904-b3c1-7c563ab1a2d2?force=False returned with HTTP 202
2025-02-15 14:35:11.172 25 INFO cinder.api.openstack.wsgi [None req-c768ecc6-a22f-4a0a-8906-c522f0ec4862 f545f34deef849508df1f6cfe5c589c9 7966d9588f8a448399f3393cd3456a57 - - default default] GET http://[LB_IP_ADDRESS]:8776/v3/7966d9588f8a448399f3393cd3456a57/qos-specs/12c3b89f-df31-4904-b3c1-7c563ab1a2d2
2025-02-15 14:35:11.180 25 INFO cinder.api.openstack.wsgi [None req-c768ecc6-a22f-4a0a-8906-c522f0ec4862 f545f34deef849508df1f6cfe5c589c9 7966d9588f8a448399f3393cd3456a57 - - default default] http://[LB_IP_ADDRESS]:8776/v3/7966d9588f8a448399f3393cd3456a57/qos-specs/12c3b89f-df31-4904-b3c1-7c563ab1a2d2 returned with HTTP 404
2025-02-15 14:35:11.194 21 INFO cinder.api.openstack.wsgi [None req-84da0650-b2f2-4fa5-bb37-c9a614b1e44c f545f34deef849508df1f6cfe5c589c9 7966d9588f8a448399f3393cd3456a57 - - default default] GET http://[LB_IP_ADDRESS]:8776/v3/7966d9588f8a448399f3393cd3456a57/qos-specs
2025-02-15 14:35:11.206 21 INFO cinder.api.openstack.wsgi [None req-84da0650-b2f2-4fa5-bb37-c9a614b1e44c f545f34deef849508df1f6cfe5c589c9 7966d9588f8a448399f3393cd3456a57 - - default default] http://[LB_IP_ADDRESS]:8776/v3/7966d9588f8a448399f3393cd3456a57/qos-specs returned with HTTP 200
2025-02-15 14:35:11.221 22 INFO cinder.api.openstack.wsgi [None req-89f0c9bf-9846-46b5-bb37-e6deb6f14757 f545f34deef849508df1f6cfe5c589c9 7966d9588f8a448399f3393cd3456a57 - - default default] DELETE http://[LB_IP_ADDRESS]:8776/v3/7966d9588f8a448399f3393cd3456a57/qos-specs/12c3b89f-df31-4904-b3c1-7c563ab1a2d2?force=False
2025-02-15 14:35:11.231 22 INFO cinder.api.openstack.wsgi [None req-89f0c9bf-9846-46b5-bb37-e6deb6f14757 f545f34deef849508df1f6cfe5c589c9 7966d9588f8a448399f3393cd3456a57 - - default default] http://[LB_IP_ADDRESS]:8776/v3/7966d9588f8a448399f3393cd3456a57/qos-specs/12c3b89f-df31-4904-b3c1-7c563ab1a2d2?force=False returned with HTTP 404
2025-02-15 14:35:11.244 24 INFO cinder.api.openstack.wsgi [None req-7153e90e-ea08-4fff-952e-5fa1953bcc20 f545f34deef849508df1f6cfe5c589c9 7966d9588f8a448399f3393cd3456a57 - - default default] GET http://[LB_IP_ADDRESS]:8776/v3/7966d9588f8a448399f3393cd3456a57/qos-specs/12c3b89f-df31-4904-b3c1-7c563ab1a2d2
2025-02-15 14:35:11.251 24 INFO cinder.api.openstack.wsgi [None req-7153e90e-ea08-4fff-952e-5fa1953bcc20 f545f34deef849508df1f6cfe5c589c9 7966d9588f8a448399f3393cd3456a57 - - default default] http://[LB_IP_ADDRESS]:8776/v3/7966d9588f8a448399f3393cd3456a57/qos-specs/12c3b89f-df31-4904-b3c1-7c563ab1a2d2 returned with HTTP 404
2025-02-15 14:35:11.266 23 INFO cinder.api.openstack.wsgi [None req-535af367-2d65-48e8-a16c-ac88af46054f f545f34deef849508df1f6cfe5c589c9 7966d9588f8a448399f3393cd3456a57 - - default default] POST http://[LB_IP_ADDRESS]:8776/v3/7966d9588f8a448399f3393cd3456a57/qos-specs
2025-02-15 14:35:11.286 23 INFO cinder.api.openstack.wsgi [None req-535af367-2d65-48e8-a16c-ac88af46054f f545f34deef849508df1f6cfe5c589c9 7966d9588f8a448399f3393cd3456a57 - - default default] http://[LB_IP_ADDRESS]:8776/v3/7966d9588f8a448399f3393cd3456a57/qos-specs returned with HTTP 200
2025-02-15 14:35:11.303 25 INFO cinder.api.openstack.wsgi [None req-a53c9c74-32fb-49ff-a411-93b78964fd44 f545f34deef849508df1f6cfe5c589c9 7966d9588f8a448399f3393cd3456a57 - - default default] DELETE http://[LB_IP_ADDRESS]:8776/v3/7966d9588f8a448399f3393cd3456a57/qos-specs/14545db8-ed3d-4ba7-8fda-ddb2f3cf4221?force=False
2025-02-15 14:35:11.334 25 INFO cinder.api.openstack.wsgi [None req-a53c9c74-32fb-49ff-a411-93b78964fd44 f545f34deef849508df1f6cfe5c589c9 7966d9588f8a448399f3393cd3456a57 - - default default] http://[LB_IP_ADDRESS]:8776/v3/7966d9588f8a448399f3393cd3456a57/qos-specs/14545db8-ed3d-4ba7-8fda-ddb2f3cf4221?force=False returned with HTTP 202
2025-02-15 14:35:11.348 21 INFO cinder.api.openstack.wsgi [None req-d208bd30-3a8d-4cf2-95e4-36dc68d14393 f545f34deef849508df1f6cfe5c589c9 7966d9588f8a448399f3393cd3456a57 - - default default] GET http://[LB_IP_ADDRESS]:8776/v3/7966d9588f8a448399f3393cd3456a57/qos-specs/14545db8-ed3d-4ba7-8fda-ddb2f3cf4221
2025-02-15 14:35:11.356 21 INFO cinder.api.openstack.wsgi [None req-d208bd30-3a8d-4cf2-95e4-36dc68d14393 f545f34deef849508df1f6cfe5c589c9 7966d9588f8a448399f3393cd3456a57 - - default default] http://[LB_IP_ADDRESS]:8776/v3/7966d9588f8a448399f3393cd3456a57/qos-specs/14545db8-ed3d-4ba7-8fda-ddb2f3cf4221 returned with HTTP 404
2025-02-15 14:35:11.369 22 INFO cinder.api.openstack.wsgi [None req-6625eef8-9a71-4279-8da1-ac76fd060d61 f545f34deef849508df1f6cfe5c589c9 7966d9588f8a448399f3393cd3456a57 - - default default] GET http://[LB_IP_ADDRESS]:8776/v3/7966d9588f8a448399f3393cd3456a57/qos-specs
2025-02-15 14:35:11.380 22 INFO cinder.api.openstack.wsgi [None req-6625eef8-9a71-4279-8da1-ac76fd060d61 f545f34deef849508df1f6cfe5c589c9 7966d9588f8a448399f3393cd3456a57 - - default default] http://[LB_IP_ADDRESS]:8776/v3/7966d9588f8a448399f3393cd3456a57/qos-specs returned with HTTP 200
2025-02-15 14:35:11.387 24 INFO cinder.api.openstack.wsgi [None req-21492145-df42-4a59-a01d-fead7f79be5b b405fa5b589e458fab3472d8cb232393 7cd1de43b9fb4c15a13e8ea4ea42f9a0 - - default default] GET http://[LB_IP_ADDRESS]:8776/v3/7cd1de43b9fb4c15a13e8ea4ea42f9a0/groups/76e5238b-64ba-48ba-a445-6f52d07b7f02
