2025-01-29 20:10:17.777 21 WARNING cinder.quota [None req-c9a5c7d3-4656-4b4a-af48-b6cd57634059 73601df397d2425091120967ba6b9576 f159cc51845049dc86280b0508b9ea1e - - default default] Deprecated: Default quota for resource: gigabytes_tempest-UserMessagesTest-volume-type-1051071633 is set by the default quota flag: quota_gigabytes_tempest-UserMessagesTest-volume-type-1051071633, it is now deprecated. Please use the default quota class for default quota.
2025-01-29 20:10:17.838 21 INFO cinder.volume.api [None req-c9a5c7d3-4656-4b4a-af48-b6cd57634059 73601df397d2425091120967ba6b9576 f159cc51845049dc86280b0508b9ea1e - - default default] Delete volume request issued successfully.
2025-01-29 20:10:17.840 21 INFO cinder.api.openstack.wsgi [None req-c9a5c7d3-4656-4b4a-af48-b6cd57634059 73601df397d2425091120967ba6b9576 f159cc51845049dc86280b0508b9ea1e - - default default] http://[LB_IP_ADDRESS]:8776/v3/f159cc51845049dc86280b0508b9ea1e/volumes/c956d928-7715-48b1-be1f-33804c9713d2 returned with HTTP 202
2025-01-29 20:10:17.855 25 INFO cinder.api.openstack.wsgi [None req-d33efe1d-d347-4eec-8e53-b20cedd8bc4b 73601df397d2425091120967ba6b9576 f159cc51845049dc86280b0508b9ea1e - - default default] GET http://[LB_IP_ADDRESS]:8776/v3/f159cc51845049dc86280b0508b9ea1e/volumes/c956d928-7715-48b1-be1f-33804c9713d2
2025-01-29 20:10:17.867 25 INFO cinder.api.openstack.wsgi [None req-d33efe1d-d347-4eec-8e53-b20cedd8bc4b 73601df397d2425091120967ba6b9576 f159cc51845049dc86280b0508b9ea1e - - default default] http://[LB_IP_ADDRESS]:8776/v3/f159cc51845049dc86280b0508b9ea1e/volumes/c956d928-7715-48b1-be1f-33804c9713d2 returned with HTTP 404
2025-01-29 20:10:17.880 23 INFO cinder.api.openstack.wsgi [None req-89b2caf3-e839-40a4-ae81-5d5053ac2022 b7974c2fb86c446cb2f9e0a14ca15544 ac1d1e06610e487c9ce3cc066074a900 - - default default] DELETE http://[LB_IP_ADDRESS]:8776/v3/ac1d1e06610e487c9ce3cc066074a900/types/0e5ded3e-a5da-4143-809a-ffc887e60af5
2025-01-29 20:10:17.906 23 INFO cinder.api.openstack.wsgi [None req-89b2caf3-e839-40a4-ae81-5d5053ac2022 b7974c2fb86c446cb2f9e0a14ca15544 ac1d1e06610e487c9ce3cc066074a900 - - default default] http://[LB_IP_ADDRESS]:8776/v3/ac1d1e06610e487c9ce3cc066074a900/types/0e5ded3e-a5da-4143-809a-ffc887e60af5 returned with HTTP 202
2025-01-29 20:10:17.920 22 INFO cinder.api.openstack.wsgi [None req-c9f7c857-34e6-428b-a170-ef4987589dd8 b7974c2fb86c446cb2f9e0a14ca15544 ac1d1e06610e487c9ce3cc066074a900 - - default default] GET http://[LB_IP_ADDRESS]:8776/v3/ac1d1e06610e487c9ce3cc066074a900/types/0e5ded3e-a5da-4143-809a-ffc887e60af5
2025-01-29 20:10:17.928 22 INFO cinder.api.openstack.wsgi [None req-c9f7c857-34e6-428b-a170-ef4987589dd8 b7974c2fb86c446cb2f9e0a14ca15544 ac1d1e06610e487c9ce3cc066074a900 - - default default] http://[LB_IP_ADDRESS]:8776/v3/ac1d1e06610e487c9ce3cc066074a900/types/0e5ded3e-a5da-4143-809a-ffc887e60af5 returned with HTTP 404
2025-01-29 20:10:17.938 24 INFO cinder.api.openstack.wsgi [None req-1ac23cc3-926d-462a-8a92-e1c3ef60a273 b7974c2fb86c446cb2f9e0a14ca15544 ac1d1e06610e487c9ce3cc066074a900 - - default default] POST http://[LB_IP_ADDRESS]:8776/v3/ac1d1e06610e487c9ce3cc066074a900/types
2025-01-29 20:10:17.965 24 INFO cinder.api.openstack.wsgi [None req-1ac23cc3-926d-462a-8a92-e1c3ef60a273 b7974c2fb86c446cb2f9e0a14ca15544 ac1d1e06610e487c9ce3cc066074a900 - - default default] http://[LB_IP_ADDRESS]:8776/v3/ac1d1e06610e487c9ce3cc066074a900/types returned with HTTP 200
2025-01-29 20:10:17.982 21 INFO cinder.api.openstack.wsgi [None req-5ea1a34c-e960-46f1-90f5-5a38b30451c9 73601df397d2425091120967ba6b9576 f159cc51845049dc86280b0508b9ea1e - - default default] POST http://[LB_IP_ADDRESS]:8776/v3/f159cc51845049dc86280b0508b9ea1e/volumes
2025-01-29 20:10:17.993 21 INFO cinder.api.v3.volumes [None req-5ea1a34c-e960-46f1-90f5-5a38b30451c9 73601df397d2425091120967ba6b9576 f159cc51845049dc86280b0508b9ea1e - - default default] Create volume of 1 GB
2025-01-29 20:10:17.995 21 INFO cinder.volume.api [None req-5ea1a34c-e960-46f1-90f5-5a38b30451c9 73601df397d2425091120967ba6b9576 f159cc51845049dc86280b0508b9ea1e - - default default] Availability Zones retrieved successfully.
2025-01-29 20:10:18.062 21 WARNING cinder.quota [None req-5ea1a34c-e960-46f1-90f5-5a38b30451c9 73601df397d2425091120967ba6b9576 f159cc51845049dc86280b0508b9ea1e - - default default] Deprecated: Default quota for resource: volumes_tempest-UserMessagesTest-volume-type-249816184 is set by the default quota flag: quota_volumes_tempest-UserMessagesTest-volume-type-249816184, it is now deprecated. Please use the default quota class for default quota.
2025-01-29 20:10:18.063 21 WARNING cinder.quota [None req-5ea1a34c-e960-46f1-90f5-5a38b30451c9 73601df397d2425091120967ba6b9576 f159cc51845049dc86280b0508b9ea1e - - default default] Deprecated: Default quota for resource: gigabytes_tempest-UserMessagesTest-volume-type-249816184 is set by the default quota flag: quota_gigabytes_tempest-UserMessagesTest-volume-type-249816184, it is now deprecated. Please use the default quota class for default quota.
2025-01-29 20:10:18.153 21 INFO cinder.volume.api [None req-5ea1a34c-e960-46f1-90f5-5a38b30451c9 73601df397d2425091120967ba6b9576 f159cc51845049dc86280b0508b9ea1e - - default default] Create volume request issued successfully.
2025-01-29 20:10:18.155 21 INFO cinder.api.openstack.wsgi [None req-5ea1a34c-e960-46f1-90f5-5a38b30451c9 73601df397d2425091120967ba6b9576 f159cc51845049dc86280b0508b9ea1e - - default default] http://[LB_IP_ADDRESS]:8776/v3/f159cc51845049dc86280b0508b9ea1e/volumes returned with HTTP 202
2025-01-29 20:10:18.182 25 INFO cinder.api.openstack.wsgi [None req-5b0e3405-908a-4dda-83e3-ece9808b358c 73601df397d2425091120967ba6b9576 f159cc51845049dc86280b0508b9ea1e - - default default] GET http://[LB_IP_ADDRESS]:8776/v3/f159cc51845049dc86280b0508b9ea1e/volumes/205d350a-d1ba-4e32-bd2b-8f04610e6628
2025-01-29 20:10:18.202 25 INFO cinder.volume.api [None req-5b0e3405-908a-4dda-83e3-ece9808b358c 73601df397d2425091120967ba6b9576 f159cc51845049dc86280b0508b9ea1e - - default default] Volume info retrieved successfully.
2025-01-29 20:10:18.207 25 INFO cinder.api.openstack.wsgi [None req-5b0e3405-908a-4dda-83e3-ece9808b358c 73601df397d2425091120967ba6b9576 f159cc51845049dc86280b0508b9ea1e - - default default] http://[LB_IP_ADDRESS]:8776/v3/f159cc51845049dc86280b0508b9ea1e/volumes/205d350a-d1ba-4e32-bd2b-8f04610e6628 returned with HTTP 200
2025-01-29 20:10:18.255 23 INFO cinder.api.openstack.wsgi [None req-9fe7cbf7-9898-4fd7-9900-c7eef5db1042 e4a5272a80454ea188d14ed5baa61d87 1434ff3a028c4968a99a21da852cfaae - - default default] GET http://[LB_IP_ADDRESS]:8776/v3/1434ff3a028c4968a99a21da852cfaae/snapshots/58c04e5a-3b60-49ee-986d-2056d75ffd87
2025-01-29 20:10:18.264 23 INFO cinder.volume.api [None req-9fe7cbf7-9898-4fd7-9900-c7eef5db1042 e4a5272a80454ea188d14ed5baa61d87 1434ff3a028c4968a99a21da852cfaae - - default default] Snapshot retrieved successfully.
2025-01-29 20:10:18.266 23 INFO cinder.api.openstack.wsgi [None req-9fe7cbf7-9898-4fd7-9900-c7eef5db1042 e4a5272a80454ea188d14ed5baa61d87 1434ff3a028c4968a99a21da852cfaae - - default default] http://[LB_IP_ADDRESS]:8776/v3/1434ff3a028c4968a99a21da852cfaae/snapshots/58c04e5a-3b60-49ee-986d-2056d75ffd87 returned with HTTP 200
2025-01-29 20:10:18.283 22 INFO cinder.api.openstack.wsgi [None req-f069337d-f2a2-4c17-a456-f2ba4b45995f e4a5272a80454ea188d14ed5baa61d87 1434ff3a028c4968a99a21da852cfaae - - default default] DELETE http://[LB_IP_ADDRESS]:8776/v3/1434ff3a028c4968a99a21da852cfaae/volumes/85868989-2044-4d1f-a4b2-f30bfb01cff3?cascade=True
2025-01-29 20:10:18.284 22 INFO cinder.api.v3.volumes [None req-f069337d-f2a2-4c17-a456-f2ba4b45995f e4a5272a80454ea188d14ed5baa61d87 1434ff3a028c4968a99a21da852cfaae - - default default] Delete volume with id: 85868989-2044-4d1f-a4b2-f30bfb01cff3 
2025-01-29 20:10:18.298 22 INFO cinder.volume.api [None req-f069337d-f2a2-4c17-a456-f2ba4b45995f e4a5272a80454ea188d14ed5baa61d87 1434ff3a028c4968a99a21da852cfaae - - default default] Volume info retrieved successfully.
2025-01-29 20:10:18.329 22 INFO cinder.volume.api [None req-f069337d-f2a2-4c17-a456-f2ba4b45995f e4a5272a80454ea188d14ed5baa61d87 1434ff3a028c4968a99a21da852cfaae - - default default] Delete volume request issued successfully.
2025-01-29 20:10:18.330 22 INFO cinder.api.openstack.wsgi [None req-f069337d-f2a2-4c17-a456-f2ba4b45995f e4a5272a80454ea188d14ed5baa61d87 1434ff3a028c4968a99a21da852cfaae - - default default] http://[LB_IP_ADDRESS]:8776/v3/1434ff3a028c4968a99a21da852cfaae/volumes/85868989-2044-4d1f-a4b2-f30bfb01cff3?cascade=True returned with HTTP 202
2025-01-29 20:10:18.343 24 INFO cinder.api.openstack.wsgi [None req-0f3be128-71d3-4dbb-baed-04e666d87d13 e4a5272a80454ea188d14ed5baa61d87 1434ff3a028c4968a99a21da852cfaae - - default default] GET http://[LB_IP_ADDRESS]:8776/v3/1434ff3a028c4968a99a21da852cfaae/volumes/85868989-2044-4d1f-a4b2-f30bfb01cff3
2025-01-29 20:10:18.361 24 INFO cinder.volume.api [None req-0f3be128-71d3-4dbb-baed-04e666d87d13 e4a5272a80454ea188d14ed5baa61d87 1434ff3a028c4968a99a21da852cfaae - - default default] Volume info retrieved successfully.
2025-01-29 20:10:18.366 24 INFO cinder.api.openstack.wsgi [None req-0f3be128-71d3-4dbb-baed-04e666d87d13 e4a5272a80454ea188d14ed5baa61d87 1434ff3a028c4968a99a21da852cfaae - - default default] http://[LB_IP_ADDRESS]:8776/v3/1434ff3a028c4968a99a21da852cfaae/volumes/85868989-2044-4d1f-a4b2-f30bfb01cff3 returned with HTTP 200
2025-01-29 20:10:19.238 21 INFO cinder.api.openstack.wsgi [None req-4a46d86b-32d7-458f-a89e-1fa86a4bf7fd 73601df397d2425091120967ba6b9576 f159cc51845049dc86280b0508b9ea1e - - default default] GET http://[LB_IP_ADDRESS]:8776/v3/f159cc51845049dc86280b0508b9ea1e/volumes/205d350a-d1ba-4e32-bd2b-8f04610e6628
2025-01-29 20:10:19.258 21 INFO cinder.volume.api [None req-4a46d86b-32d7-458f-a89e-1fa86a4bf7fd 73601df397d2425091120967ba6b9576 f159cc51845049dc86280b0508b9ea1e - - default default] Volume info retrieved successfully.
2025-01-29 20:10:19.262 21 INFO cinder.api.openstack.wsgi [None req-4a46d86b-32d7-458f-a89e-1fa86a4bf7fd 73601df397d2425091120967ba6b9576 f159cc51845049dc86280b0508b9ea1e - - default default] http://[LB_IP_ADDRESS]:8776/v3/f159cc51845049dc86280b0508b9ea1e/volumes/205d350a-d1ba-4e32-bd2b-8f04610e6628 returned with HTTP 200
2025-01-29 20:10:19.290 25 INFO cinder.api.openstack.wsgi [None req-8ab33e70-c355-4d86-b277-5ddbb4987627 73601df397d2425091120967ba6b9576 f159cc51845049dc86280b0508b9ea1e - - default default] GET http://[LB_IP_ADDRESS]:8776/v3/f159cc51845049dc86280b0508b9ea1e/messages
2025-01-29 20:10:19.296 25 INFO cinder.api.openstack.wsgi [None req-8ab33e70-c355-4d86-b277-5ddbb4987627 73601df397d2425091120967ba6b9576 f159cc51845049dc86280b0508b9ea1e - - default default] http://[LB_IP_ADDRESS]:8776/v3/f159cc51845049dc86280b0508b9ea1e/messages returned with HTTP 200
2025-01-29 20:10:19.313 23 INFO cinder.api.openstack.wsgi [None req-e9ec2223-152c-4ba1-843a-9e66d59dd807 73601df397d2425091120967ba6b9576 f159cc51845049dc86280b0508b9ea1e - - default default] GET http://[LB_IP_ADDRESS]:8776/v3/f159cc51845049dc86280b0508b9ea1e/messages/dc8c8ce9-6ba8-4fc8-8c00-b0bc48e94280
2025-01-29 20:10:19.319 23 INFO cinder.api.openstack.wsgi [None req-e9ec2223-152c-4ba1-843a-9e66d59dd807 73601df397d2425091120967ba6b9576 f159cc51845049dc86280b0508b9ea1e - - default default] http://[LB_IP_ADDRESS]:8776/v3/f159cc51845049dc86280b0508b9ea1e/messages/dc8c8ce9-6ba8-4fc8-8c00-b0bc48e94280 returned with HTTP 200
2025-01-29 20:10:19.335 22 INFO cinder.api.openstack.wsgi [None req-87b67a05-36a6-40d8-bd80-eafb2ab5cf86 73601df397d2425091120967ba6b9576 f159cc51845049dc86280b0508b9ea1e - - default default] GET http://[LB_IP_ADDRESS]:8776/v3/f159cc51845049dc86280b0508b9ea1e/messages
2025-01-29 20:10:19.346 22 INFO cinder.api.openstack.wsgi [None req-87b67a05-36a6-40d8-bd80-eafb2ab5cf86 73601df397d2425091120967ba6b9576 f159cc51845049dc86280b0508b9ea1e - - default default] http://[LB_IP_ADDRESS]:8776/v3/f159cc51845049dc86280b0508b9ea1e/messages returned with HTTP 200
2025-01-29 20:10:19.364 24 INFO cinder.api.openstack.wsgi [None req-1580345e-32ea-4d76-9f77-27978b64978f 73601df397d2425091120967ba6b9576 f159cc51845049dc86280b0508b9ea1e - - default default] DELETE http://[LB_IP_ADDRESS]:8776/v3/f159cc51845049dc86280b0508b9ea1e/messages/dc8c8ce9-6ba8-4fc8-8c00-b0bc48e94280
2025-01-29 20:10:19.374 24 INFO cinder.api.openstack.wsgi [None req-1580345e-32ea-4d76-9f77-27978b64978f 73601df397d2425091120967ba6b9576 f159cc51845049dc86280b0508b9ea1e - - default default] http://[LB_IP_ADDRESS]:8776/v3/f159cc51845049dc86280b0508b9ea1e/messages/dc8c8ce9-6ba8-4fc8-8c00-b0bc48e94280 returned with HTTP 204
2025-01-29 20:10:19.386 21 INFO cinder.api.openstack.wsgi [None req-27078ce6-d75e-412f-b950-e1f77cd88c29 73601df397d2425091120967ba6b9576 f159cc51845049dc86280b0508b9ea1e - - default default] GET http://[LB_IP_ADDRESS]:8776/v3/f159cc51845049dc86280b0508b9ea1e/volumes/205d350a-d1ba-4e32-bd2b-8f04610e6628
2025-01-29 20:10:19.396 25 INFO cinder.api.openstack.wsgi [None req-bb52be80-9519-47ed-8e29-6fcea5eda217 e4a5272a80454ea188d14ed5baa61d87 1434ff3a028c4968a99a21da852cfaae - - default default] GET http://[LB_IP_ADDRESS]:8776/v3/1434ff3a028c4968a99a21da852cfaae/volumes/85868989-2044-4d1f-a4b2-f30bfb01cff3
2025-01-29 20:10:19.406 21 INFO cinder.volume.api [None req-27078ce6-d75e-412f-b950-e1f77cd88c29 73601df397d2425091120967ba6b9576 f159cc51845049dc86280b0508b9ea1e - - default default] Volume info retrieved successfully.
2025-01-29 20:10:19.409 25 INFO cinder.api.openstack.wsgi [None req-bb52be80-9519-47ed-8e29-6fcea5eda217 e4a5272a80454ea188d14ed5baa61d87 1434ff3a028c4968a99a21da852cfaae - - default default] http://[LB_IP_ADDRESS]:8776/v3/1434ff3a028c4968a99a21da852cfaae/volumes/85868989-2044-4d1f-a4b2-f30bfb01cff3 returned with HTTP 404
2025-01-29 20:10:19.410 21 INFO cinder.api.openstack.wsgi [None req-27078ce6-d75e-412f-b950-e1f77cd88c29 73601df397d2425091120967ba6b9576 f159cc51845049dc86280b0508b9ea1e - - default default] http://[LB_IP_ADDRESS]:8776/v3/f159cc51845049dc86280b0508b9ea1e/volumes/205d350a-d1ba-4e32-bd2b-8f04610e6628 returned with HTTP 200
2025-01-29 20:10:19.421 23 INFO cinder.api.openstack.wsgi [None req-2f32dd4b-e57d-4075-be56-a80e13f75ea1 e4a5272a80454ea188d14ed5baa61d87 1434ff3a028c4968a99a21da852cfaae - - default default] GET http://[LB_IP_ADDRESS]:8776/v3/1434ff3a028c4968a99a21da852cfaae/volumes
2025-01-29 20:10:19.434 23 INFO cinder.volume.api [None req-2f32dd4b-e57d-4075-be56-a80e13f75ea1 e4a5272a80454ea188d14ed5baa61d87 1434ff3a028c4968a99a21da852cfaae - - default default] Get all volumes completed successfully.
2025-01-29 20:10:19.435 23 INFO cinder.api.openstack.wsgi [None req-2f32dd4b-e57d-4075-be56-a80e13f75ea1 e4a5272a80454ea188d14ed5baa61d87 1434ff3a028c4968a99a21da852cfaae - - default default] http://[LB_IP_ADDRESS]:8776/v3/1434ff3a028c4968a99a21da852cfaae/volumes returned with HTTP 200
2025-01-29 20:10:19.437 22 INFO cinder.api.openstack.wsgi [None req-94d963a3-7a78-4ab3-ad7a-0ab46a3228ea 73601df397d2425091120967ba6b9576 f159cc51845049dc86280b0508b9ea1e - - default default] DELETE http://[LB_IP_ADDRESS]:8776/v3/f159cc51845049dc86280b0508b9ea1e/volumes/205d350a-d1ba-4e32-bd2b-8f04610e6628
2025-01-29 20:10:19.438 22 INFO cinder.api.v3.volumes [None req-94d963a3-7a78-4ab3-ad7a-0ab46a3228ea 73601df397d2425091120967ba6b9576 f159cc51845049dc86280b0508b9ea1e - - default default] Delete volume with id: 205d350a-d1ba-4e32-bd2b-8f04610e6628 
2025-01-29 20:10:19.451 22 INFO cinder.volume.api [None req-94d963a3-7a78-4ab3-ad7a-0ab46a3228ea 73601df397d2425091120967ba6b9576 f159cc51845049dc86280b0508b9ea1e - - default default] Volume info retrieved successfully.
2025-01-29 20:10:19.451 24 INFO cinder.api.openstack.wsgi [None req-c0e40cfe-1d59-4125-98d9-397c3a10d205 e4a5272a80454ea188d14ed5baa61d87 1434ff3a028c4968a99a21da852cfaae - - default default] GET http://[LB_IP_ADDRESS]:8776/v3/1434ff3a028c4968a99a21da852cfaae/snapshots
2025-01-29 20:10:19.462 24 INFO cinder.volume.api [None req-c0e40cfe-1d59-4125-98d9-397c3a10d205 e4a5272a80454ea188d14ed5baa61d87 1434ff3a028c4968a99a21da852cfaae - - default default] Get all snapshots completed successfully.
2025-01-29 20:10:19.463 24 INFO cinder.api.openstack.wsgi [None req-c0e40cfe-1d59-4125-98d9-397c3a10d205 e4a5272a80454ea188d14ed5baa61d87 1434ff3a028c4968a99a21da852cfaae - - default default] http://[LB_IP_ADDRESS]:8776/v3/1434ff3a028c4968a99a21da852cfaae/snapshots returned with HTTP 200
2025-01-29 20:10:19.467 22 WARNING cinder.quota [None req-94d963a3-7a78-4ab3-ad7a-0ab46a3228ea 73601df397d2425091120967ba6b9576 f159cc51845049dc86280b0508b9ea1e - - default default] Deprecated: Default quota for resource: volumes_tempest-UserMessagesTest-volume-type-249816184 is set by the default quota flag: quota_volumes_tempest-UserMessagesTest-volume-type-249816184, it is now deprecated. Please use the default quota class for default quota.
2025-01-29 20:10:19.468 22 WARNING cinder.quota [None req-94d963a3-7a78-4ab3-ad7a-0ab46a3228ea 73601df397d2425091120967ba6b9576 f159cc51845049dc86280b0508b9ea1e - - default default] Deprecated: Default quota for resource: gigabytes_tempest-UserMessagesTest-volume-type-249816184 is set by the default quota flag: quota_gigabytes_tempest-UserMessagesTest-volume-type-249816184, it is now deprecated. Please use the default quota class for default quota.
2025-01-29 20:10:19.482 25 INFO cinder.api.openstack.wsgi [None req-575aad00-8a39-4e7e-ad5b-aa563655e996 e4a5272a80454ea188d14ed5baa61d87 1434ff3a028c4968a99a21da852cfaae - - default default] DELETE http://[LB_IP_ADDRESS]:8776/v3/1434ff3a028c4968a99a21da852cfaae/snapshots/58c04e5a-3b60-49ee-986d-2056d75ffd87
2025-01-29 20:10:19.483 25 INFO cinder.api.v2.snapshots [None req-575aad00-8a39-4e7e-ad5b-aa563655e996 e4a5272a80454ea188d14ed5baa61d87 1434ff3a028c4968a99a21da852cfaae - - default default] Delete snapshot with id: 58c04e5a-3b60-49ee-986d-2056d75ffd87
2025-01-29 20:10:19.490 25 INFO cinder.api.openstack.wsgi [None req-575aad00-8a39-4e7e-ad5b-aa563655e996 e4a5272a80454ea188d14ed5baa61d87 1434ff3a028c4968a99a21da852cfaae - - default default] http://[LB_IP_ADDRESS]:8776/v3/1434ff3a028c4968a99a21da852cfaae/snapshots/58c04e5a-3b60-49ee-986d-2056d75ffd87 returned with HTTP 404
2025-01-29 20:10:19.506 21 INFO cinder.api.openstack.wsgi [None req-828abc48-7c38-425d-8f06-19ab1b108ecb e4a5272a80454ea188d14ed5baa61d87 1434ff3a028c4968a99a21da852cfaae - - default default] DELETE http://[LB_IP_ADDRESS]:8776/v3/1434ff3a028c4968a99a21da852cfaae/snapshots/14f33962-70fb-412d-b3eb-df85955c8218
2025-01-29 20:10:19.507 21 INFO cinder.api.v2.snapshots [None req-828abc48-7c38-425d-8f06-19ab1b108ecb e4a5272a80454ea188d14ed5baa61d87 1434ff3a028c4968a99a21da852cfaae - - default default] Delete snapshot with id: 14f33962-70fb-412d-b3eb-df85955c8218
2025-01-29 20:10:19.515 22 INFO cinder.volume.api [None req-94d963a3-7a78-4ab3-ad7a-0ab46a3228ea 73601df397d2425091120967ba6b9576 f159cc51845049dc86280b0508b9ea1e - - default default] Delete volume request issued successfully.
2025-01-29 20:10:19.516 21 INFO cinder.api.openstack.wsgi [None req-828abc48-7c38-425d-8f06-19ab1b108ecb e4a5272a80454ea188d14ed5baa61d87 1434ff3a028c4968a99a21da852cfaae - - default default] http://[LB_IP_ADDRESS]:8776/v3/1434ff3a028c4968a99a21da852cfaae/snapshots/14f33962-70fb-412d-b3eb-df85955c8218 returned with HTTP 404
2025-01-29 20:10:19.516 22 INFO cinder.api.openstack.wsgi [None req-94d963a3-7a78-4ab3-ad7a-0ab46a3228ea 73601df397d2425091120967ba6b9576 f159cc51845049dc86280b0508b9ea1e - - default default] http://[LB_IP_ADDRESS]:8776/v3/f159cc51845049dc86280b0508b9ea1e/volumes/205d350a-d1ba-4e32-bd2b-8f04610e6628 returned with HTTP 202
2025-01-29 20:10:19.528 23 INFO cinder.api.openstack.wsgi [None req-54b79fca-1969-4d46-9a49-0afce820eff3 e4a5272a80454ea188d14ed5baa61d87 1434ff3a028c4968a99a21da852cfaae - - default default] GET http://[LB_IP_ADDRESS]:8776/v3/1434ff3a028c4968a99a21da852cfaae/volumes/85868989-2044-4d1f-a4b2-f30bfb01cff3
2025-01-29 20:10:19.529 24 INFO cinder.api.openstack.wsgi [None req-330f23f9-b503-4d85-a96f-66fd0926749a 73601df397d2425091120967ba6b9576 f159cc51845049dc86280b0508b9ea1e - - default default] GET http://[LB_IP_ADDRESS]:8776/v3/f159cc51845049dc86280b0508b9ea1e/volumes/205d350a-d1ba-4e32-bd2b-8f04610e6628
2025-01-29 20:10:19.542 23 INFO cinder.api.openstack.wsgi [None req-54b79fca-1969-4d46-9a49-0afce820eff3 e4a5272a80454ea188d14ed5baa61d87 1434ff3a028c4968a99a21da852cfaae - - default default] http://[LB_IP_ADDRESS]:8776/v3/1434ff3a028c4968a99a21da852cfaae/volumes/85868989-2044-4d1f-a4b2-f30bfb01cff3 returned with HTTP 404
2025-01-29 20:10:19.542 24 INFO cinder.api.openstack.wsgi [None req-330f23f9-b503-4d85-a96f-66fd0926749a 73601df397d2425091120967ba6b9576 f159cc51845049dc86280b0508b9ea1e - - default default] http://[LB_IP_ADDRESS]:8776/v3/f159cc51845049dc86280b0508b9ea1e/volumes/205d350a-d1ba-4e32-bd2b-8f04610e6628 returned with HTTP 404
2025-01-29 20:10:19.554 25 INFO cinder.api.openstack.wsgi [None req-90164863-aec0-4423-b039-104718c14f50 e4a5272a80454ea188d14ed5baa61d87 1434ff3a028c4968a99a21da852cfaae - - default default] DELETE http://[LB_IP_ADDRESS]:8776/v3/1434ff3a028c4968a99a21da852cfaae/volumes/85868989-2044-4d1f-a4b2-f30bfb01cff3
2025-01-29 20:10:19.555 25 INFO cinder.api.v3.volumes [None req-90164863-aec0-4423-b039-104718c14f50 e4a5272a80454ea188d14ed5baa61d87 1434ff3a028c4968a99a21da852cfaae - - default default] Delete volume with id: 85868989-2044-4d1f-a4b2-f30bfb01cff3 
2025-01-29 20:10:19.556 21 INFO cinder.api.openstack.wsgi [None req-7fabb293-cd77-4eee-a689-1d4f5f608aa7 b7974c2fb86c446cb2f9e0a14ca15544 ac1d1e06610e487c9ce3cc066074a900 - - default default] DELETE http://[LB_IP_ADDRESS]:8776/v3/ac1d1e06610e487c9ce3cc066074a900/types/9e9aab07-2155-49ad-b813-b075da1d7e78
2025-01-29 20:10:19.567 25 INFO cinder.api.openstack.wsgi [None req-90164863-aec0-4423-b039-104718c14f50 e4a5272a80454ea188d14ed5baa61d87 1434ff3a028c4968a99a21da852cfaae - - default default] http://[LB_IP_ADDRESS]:8776/v3/1434ff3a028c4968a99a21da852cfaae/volumes/85868989-2044-4d1f-a4b2-f30bfb01cff3 returned with HTTP 404
2025-01-29 20:10:19.581 22 INFO cinder.api.openstack.wsgi [None req-ac4c53ed-8b97-4206-aabc-fcd21e0d0dbc e4a5272a80454ea188d14ed5baa61d87 1434ff3a028c4968a99a21da852cfaae - - default default] POST http://[LB_IP_ADDRESS]:8776/v3/1434ff3a028c4968a99a21da852cfaae/volumes
2025-01-29 20:10:19.586 22 INFO cinder.api.v3.volumes [None req-ac4c53ed-8b97-4206-aabc-fcd21e0d0dbc e4a5272a80454ea188d14ed5baa61d87 1434ff3a028c4968a99a21da852cfaae - - default default] Create volume of 1 GB
2025-01-29 20:10:19.596 22 INFO cinder.volume.api [None req-ac4c53ed-8b97-4206-aabc-fcd21e0d0dbc e4a5272a80454ea188d14ed5baa61d87 1434ff3a028c4968a99a21da852cfaae - - default default] Availability Zones retrieved successfully.
2025-01-29 20:10:19.598 21 INFO cinder.api.openstack.wsgi [None req-7fabb293-cd77-4eee-a689-1d4f5f608aa7 b7974c2fb86c446cb2f9e0a14ca15544 ac1d1e06610e487c9ce3cc066074a900 - - default default] http://[LB_IP_ADDRESS]:8776/v3/ac1d1e06610e487c9ce3cc066074a900/types/9e9aab07-2155-49ad-b813-b075da1d7e78 returned with HTTP 202
2025-01-29 20:10:19.610 23 INFO cinder.api.openstack.wsgi [None req-e7a6a1c1-1221-4258-8a9f-e37dc3fd380d b7974c2fb86c446cb2f9e0a14ca15544 ac1d1e06610e487c9ce3cc066074a900 - - default default] GET http://[LB_IP_ADDRESS]:8776/v3/ac1d1e06610e487c9ce3cc066074a900/types/9e9aab07-2155-49ad-b813-b075da1d7e78
2025-01-29 20:10:19.617 23 INFO cinder.api.openstack.wsgi [None req-e7a6a1c1-1221-4258-8a9f-e37dc3fd380d b7974c2fb86c446cb2f9e0a14ca15544 ac1d1e06610e487c9ce3cc066074a900 - - default default] http://[LB_IP_ADDRESS]:8776/v3/ac1d1e06610e487c9ce3cc066074a900/types/9e9aab07-2155-49ad-b813-b075da1d7e78 returned with HTTP 404
2025-01-29 20:10:19.681 22 INFO cinder.volume.api [None req-ac4c53ed-8b97-4206-aabc-fcd21e0d0dbc e4a5272a80454ea188d14ed5baa61d87 1434ff3a028c4968a99a21da852cfaae - - default default] Create volume request issued successfully.
2025-01-29 20:10:19.682 22 INFO cinder.api.openstack.wsgi [None req-ac4c53ed-8b97-4206-aabc-fcd21e0d0dbc e4a5272a80454ea188d14ed5baa61d87 1434ff3a028c4968a99a21da852cfaae - - default default] http://[LB_IP_ADDRESS]:8776/v3/1434ff3a028c4968a99a21da852cfaae/volumes returned with HTTP 202
2025-01-29 20:10:19.708 24 INFO cinder.api.openstack.wsgi [None req-7fece579-2153-425e-bdd3-87fbcfd4ac87 e4a5272a80454ea188d14ed5baa61d87 1434ff3a028c4968a99a21da852cfaae - - default default] GET http://[LB_IP_ADDRESS]:8776/v3/1434ff3a028c4968a99a21da852cfaae/volumes/ccdfc3ea-1330-43a9-b345-8404f97c6b18
2025-01-29 20:10:19.727 24 INFO cinder.volume.api [None req-7fece579-2153-425e-bdd3-87fbcfd4ac87 e4a5272a80454ea188d14ed5baa61d87 1434ff3a028c4968a99a21da852cfaae - - default default] Volume info retrieved successfully.
2025-01-29 20:10:19.733 24 INFO cinder.api.openstack.wsgi [None req-7fece579-2153-425e-bdd3-87fbcfd4ac87 e4a5272a80454ea188d14ed5baa61d87 1434ff3a028c4968a99a21da852cfaae - - default default] http://[LB_IP_ADDRESS]:8776/v3/1434ff3a028c4968a99a21da852cfaae/volumes/ccdfc3ea-1330-43a9-b345-8404f97c6b18 returned with HTTP 200
2025-01-29 20:10:20.761 21 INFO cinder.api.openstack.wsgi [None req-9fefded9-6e3c-4806-a3a4-eaadbe1335cc e4a5272a80454ea188d14ed5baa61d87 1434ff3a028c4968a99a21da852cfaae - - default default] GET http://[LB_IP_ADDRESS]:8776/v3/1434ff3a028c4968a99a21da852cfaae/volumes/ccdfc3ea-1330-43a9-b345-8404f97c6b18
2025-01-29 20:10:20.773 25 INFO cinder.api.openstack.wsgi [None req-29370df5-788e-4672-8190-fc4d11df4452 a52555f4f6234f97a7aefc3441c0f0a0 2cd45425526845339d16d072405d3256 - - default default] POST http://[LB_IP_ADDRESS]:8776/v3/2cd45425526845339d16d072405d3256/types
2025-01-29 20:10:20.788 21 INFO cinder.volume.api [None req-9fefded9-6e3c-4806-a3a4-eaadbe1335cc e4a5272a80454ea188d14ed5baa61d87 1434ff3a028c4968a99a21da852cfaae - - default default] Volume info retrieved successfully.
2025-01-29 20:10:20.790 25 INFO cinder.api.openstack.wsgi [None req-29370df5-788e-4672-8190-fc4d11df4452 a52555f4f6234f97a7aefc3441c0f0a0 2cd45425526845339d16d072405d3256 - - default default] http://[LB_IP_ADDRESS]:8776/v3/2cd45425526845339d16d072405d3256/types returned with HTTP 200
2025-01-29 20:10:20.794 21 INFO cinder.api.openstack.wsgi [None req-9fefded9-6e3c-4806-a3a4-eaadbe1335cc e4a5272a80454ea188d14ed5baa61d87 1434ff3a028c4968a99a21da852cfaae - - default default] http://[LB_IP_ADDRESS]:8776/v3/1434ff3a028c4968a99a21da852cfaae/volumes/ccdfc3ea-1330-43a9-b345-8404f97c6b18 returned with HTTP 200
2025-01-29 20:10:20.806 23 INFO cinder.api.openstack.wsgi [None req-561109eb-a7b6-4b15-869b-50fb048a38b6 a52555f4f6234f97a7aefc3441c0f0a0 2cd45425526845339d16d072405d3256 - - default default] POST http://[LB_IP_ADDRESS]:8776/v3/2cd45425526845339d16d072405d3256/group_types
2025-01-29 20:10:20.824 23 INFO cinder.api.openstack.wsgi [None req-561109eb-a7b6-4b15-869b-50fb048a38b6 a52555f4f6234f97a7aefc3441c0f0a0 2cd45425526845339d16d072405d3256 - - default default] http://[LB_IP_ADDRESS]:8776/v3/2cd45425526845339d16d072405d3256/group_types returned with HTTP 202
2025-01-29 20:10:20.958 22 INFO cinder.api.openstack.wsgi [None req-2240a6be-ea63-4084-b0bc-1f22185245f8 296d410e40c74660b8a16512a1f5d110 26fccdc41ca74f6ebe9eefeeb64658f1 - - default default] POST http://[LB_IP_ADDRESS]:8776/v3/26fccdc41ca74f6ebe9eefeeb64658f1/groups
2025-01-29 20:10:20.970 22 INFO cinder.api.v3.groups [None req-2240a6be-ea63-4084-b0bc-1f22185245f8 296d410e40c74660b8a16512a1f5d110 26fccdc41ca74f6ebe9eefeeb64658f1 - - default default] Creating group tempest-Group1-309734953.
2025-01-29 20:10:20.979 22 INFO cinder.volume.api [None req-2240a6be-ea63-4084-b0bc-1f22185245f8 296d410e40c74660b8a16512a1f5d110 26fccdc41ca74f6ebe9eefeeb64658f1 - - default default] Availability Zones retrieved successfully.
2025-01-29 20:10:21.027 22 INFO cinder.api.openstack.wsgi [None req-2240a6be-ea63-4084-b0bc-1f22185245f8 296d410e40c74660b8a16512a1f5d110 26fccdc41ca74f6ebe9eefeeb64658f1 - - default default] http://[LB_IP_ADDRESS]:8776/v3/26fccdc41ca74f6ebe9eefeeb64658f1/groups returned with HTTP 202
2025-01-29 20:10:21.043 24 INFO cinder.api.openstack.wsgi [None req-6a53594e-c310-4708-92a1-398cc9f36d64 296d410e40c74660b8a16512a1f5d110 26fccdc41ca74f6ebe9eefeeb64658f1 - - default default] GET http://[LB_IP_ADDRESS]:8776/v3/26fccdc41ca74f6ebe9eefeeb64658f1/groups/50f1ea42-beba-4b91-bbc6-86e1212cc0a6
2025-01-29 20:10:21.059 24 INFO cinder.api.openstack.wsgi [None req-6a53594e-c310-4708-92a1-398cc9f36d64 296d410e40c74660b8a16512a1f5d110 26fccdc41ca74f6ebe9eefeeb64658f1 - - default default] http://[LB_IP_ADDRESS]:8776/v3/26fccdc41ca74f6ebe9eefeeb64658f1/groups/50f1ea42-beba-4b91-bbc6-86e1212cc0a6 returned with HTTP 200
2025-01-29 20:10:21.823 25 INFO cinder.api.openstack.wsgi [None req-fefce38b-0b58-4496-aeca-b0f014c15bb4 e4a5272a80454ea188d14ed5baa61d87 1434ff3a028c4968a99a21da852cfaae - - default default] GET http://[LB_IP_ADDRESS]:8776/v3/1434ff3a028c4968a99a21da852cfaae/volumes/ccdfc3ea-1330-43a9-b345-8404f97c6b18
2025-01-29 20:10:21.842 25 INFO cinder.volume.api [None req-fefce38b-0b58-4496-aeca-b0f014c15bb4 e4a5272a80454ea188d14ed5baa61d87 1434ff3a028c4968a99a21da852cfaae - - default default] Volume info retrieved successfully.
2025-01-29 20:10:21.847 25 INFO cinder.api.openstack.wsgi [None req-fefce38b-0b58-4496-aeca-b0f014c15bb4 e4a5272a80454ea188d14ed5baa61d87 1434ff3a028c4968a99a21da852cfaae - - default default] http://[LB_IP_ADDRESS]:8776/v3/1434ff3a028c4968a99a21da852cfaae/volumes/ccdfc3ea-1330-43a9-b345-8404f97c6b18 returned with HTTP 200
2025-01-29 20:10:21.877 21 INFO cinder.api.openstack.wsgi [None req-2d6a3b0d-3f58-461d-b0b6-aa7ba0ac4963 e4a5272a80454ea188d14ed5baa61d87 1434ff3a028c4968a99a21da852cfaae - - default default] POST http://[LB_IP_ADDRESS]:8776/v3/1434ff3a028c4968a99a21da852cfaae/snapshots
2025-01-29 20:10:21.895 21 INFO cinder.volume.api [None req-2d6a3b0d-3f58-461d-b0b6-aa7ba0ac4963 e4a5272a80454ea188d14ed5baa61d87 1434ff3a028c4968a99a21da852cfaae - - default default] Volume info retrieved successfully.
2025-01-29 20:10:21.895 21 INFO cinder.api.v3.snapshots [None req-2d6a3b0d-3f58-461d-b0b6-aa7ba0ac4963 e4a5272a80454ea188d14ed5baa61d87 1434ff3a028c4968a99a21da852cfaae - - default default] Create snapshot from volume ccdfc3ea-1330-43a9-b345-8404f97c6b18
2025-01-29 20:10:21.993 21 INFO cinder.volume.api [None req-2d6a3b0d-3f58-461d-b0b6-aa7ba0ac4963 e4a5272a80454ea188d14ed5baa61d87 1434ff3a028c4968a99a21da852cfaae - - default default] Snapshot create request issued successfully.
2025-01-29 20:10:21.994 21 INFO cinder.api.openstack.wsgi [None req-2d6a3b0d-3f58-461d-b0b6-aa7ba0ac4963 e4a5272a80454ea188d14ed5baa61d87 1434ff3a028c4968a99a21da852cfaae - - default default] http://[LB_IP_ADDRESS]:8776/v3/1434ff3a028c4968a99a21da852cfaae/snapshots returned with HTTP 202
2025-01-29 20:10:22.012 23 INFO cinder.api.openstack.wsgi [None req-f4723369-08e7-4737-910e-8c6f5d7ca065 e4a5272a80454ea188d14ed5baa61d87 1434ff3a028c4968a99a21da852cfaae - - default default] GET http://[LB_IP_ADDRESS]:8776/v3/1434ff3a028c4968a99a21da852cfaae/snapshots/773f27a8-9c29-46a1-bb69-baa91ed723db
2025-01-29 20:10:22.022 23 INFO cinder.volume.api [None req-f4723369-08e7-4737-910e-8c6f5d7ca065 e4a5272a80454ea188d14ed5baa61d87 1434ff3a028c4968a99a21da852cfaae - - default default] Snapshot retrieved successfully.
2025-01-29 20:10:22.023 23 INFO cinder.api.openstack.wsgi [None req-f4723369-08e7-4737-910e-8c6f5d7ca065 e4a5272a80454ea188d14ed5baa61d87 1434ff3a028c4968a99a21da852cfaae - - default default] http://[LB_IP_ADDRESS]:8776/v3/1434ff3a028c4968a99a21da852cfaae/snapshots/773f27a8-9c29-46a1-bb69-baa91ed723db returned with HTTP 200
2025-01-29 20:10:22.078 22 INFO cinder.api.openstack.wsgi [None req-0f411fd5-1664-4eb4-95c3-25e1fd358fd1 296d410e40c74660b8a16512a1f5d110 26fccdc41ca74f6ebe9eefeeb64658f1 - - default default] GET http://[LB_IP_ADDRESS]:8776/v3/26fccdc41ca74f6ebe9eefeeb64658f1/groups/50f1ea42-beba-4b91-bbc6-86e1212cc0a6
2025-01-29 20:10:22.100 22 INFO cinder.api.openstack.wsgi [None req-0f411fd5-1664-4eb4-95c3-25e1fd358fd1 296d410e40c74660b8a16512a1f5d110 26fccdc41ca74f6ebe9eefeeb64658f1 - - default default] http://[LB_IP_ADDRESS]:8776/v3/26fccdc41ca74f6ebe9eefeeb64658f1/groups/50f1ea42-beba-4b91-bbc6-86e1212cc0a6 returned with HTTP 200
2025-01-29 20:10:22.118 24 INFO cinder.api.openstack.wsgi [None req-ced7927d-ac88-42ee-b9b5-f4761b5289f4 296d410e40c74660b8a16512a1f5d110 26fccdc41ca74f6ebe9eefeeb64658f1 - - default default] POST http://[LB_IP_ADDRESS]:8776/v3/26fccdc41ca74f6ebe9eefeeb64658f1/groups
2025-01-29 20:10:22.127 24 INFO cinder.api.v3.groups [None req-ced7927d-ac88-42ee-b9b5-f4761b5289f4 296d410e40c74660b8a16512a1f5d110 26fccdc41ca74f6ebe9eefeeb64658f1 - - default default] Creating group tempest-Group2-833824101.
2025-01-29 20:10:22.134 24 INFO cinder.volume.api [None req-ced7927d-ac88-42ee-b9b5-f4761b5289f4 296d410e40c74660b8a16512a1f5d110 26fccdc41ca74f6ebe9eefeeb64658f1 - - default default] Availability Zones retrieved successfully.
2025-01-29 20:10:22.190 24 INFO cinder.api.openstack.wsgi [None req-ced7927d-ac88-42ee-b9b5-f4761b5289f4 296d410e40c74660b8a16512a1f5d110 26fccdc41ca74f6ebe9eefeeb64658f1 - - default default] http://[LB_IP_ADDRESS]:8776/v3/26fccdc41ca74f6ebe9eefeeb64658f1/groups returned with HTTP 202
2025-01-29 20:10:22.205 25 INFO cinder.api.openstack.wsgi [None req-794fbeb5-7359-459f-ac52-16ed8dd2318a 296d410e40c74660b8a16512a1f5d110 26fccdc41ca74f6ebe9eefeeb64658f1 - - default default] GET http://[LB_IP_ADDRESS]:8776/v3/26fccdc41ca74f6ebe9eefeeb64658f1/groups/a5332726-bc92-4d2e-8712-2d647383a3c6
2025-01-29 20:10:22.221 25 INFO cinder.api.openstack.wsgi [None req-794fbeb5-7359-459f-ac52-16ed8dd2318a 296d410e40c74660b8a16512a1f5d110 26fccdc41ca74f6ebe9eefeeb64658f1 - - default default] http://[LB_IP_ADDRESS]:8776/v3/26fccdc41ca74f6ebe9eefeeb64658f1/groups/a5332726-bc92-4d2e-8712-2d647383a3c6 returned with HTTP 200
2025-01-29 20:10:22.968 21 INFO cinder.api.openstack.wsgi [None req-bdebd0d2-e570-49a7-a26c-2b3eb83a059e cc448401d0604a75980c3c60c65db318 b20002b89fc349f3b546dfa74d7db06e - - default default] GET http://[LB_IP_ADDRESS]:8776/v3/b20002b89fc349f3b546dfa74d7db06e/os-quota-class-sets/default
2025-01-29 20:10:23.000 21 INFO cinder.api.openstack.wsgi [None req-bdebd0d2-e570-49a7-a26c-2b3eb83a059e cc448401d0604a75980c3c60c65db318 b20002b89fc349f3b546dfa74d7db06e - - default default] http://[LB_IP_ADDRESS]:8776/v3/b20002b89fc349f3b546dfa74d7db06e/os-quota-class-sets/default returned with HTTP 200
2025-01-29 20:10:23.020 23 INFO cinder.api.openstack.wsgi [None req-6203d46b-dc13-442c-8b12-95bdf3f20163 cc448401d0604a75980c3c60c65db318 b20002b89fc349f3b546dfa74d7db06e - - default default] GET http://[LB_IP_ADDRESS]:8776/v3/b20002b89fc349f3b546dfa74d7db06e/os-quota-class-sets/default
2025-01-29 20:10:23.043 22 INFO cinder.api.openstack.wsgi [None req-0aba07c3-74bc-4349-be7a-1a406751907d e4a5272a80454ea188d14ed5baa61d87 1434ff3a028c4968a99a21da852cfaae - - default default] GET http://[LB_IP_ADDRESS]:8776/v3/1434ff3a028c4968a99a21da852cfaae/snapshots/773f27a8-9c29-46a1-bb69-baa91ed723db
2025-01-29 20:10:23.049 23 INFO cinder.api.openstack.wsgi [None req-6203d46b-dc13-442c-8b12-95bdf3f20163 cc448401d0604a75980c3c60c65db318 b20002b89fc349f3b546dfa74d7db06e - - default default] http://[LB_IP_ADDRESS]:8776/v3/b20002b89fc349f3b546dfa74d7db06e/os-quota-class-sets/default returned with HTTP 200
2025-01-29 20:10:23.054 22 INFO cinder.volume.api [None req-0aba07c3-74bc-4349-be7a-1a406751907d e4a5272a80454ea188d14ed5baa61d87 1434ff3a028c4968a99a21da852cfaae - - default default] Snapshot retrieved successfully.
2025-01-29 20:10:23.055 22 INFO cinder.api.openstack.wsgi [None req-0aba07c3-74bc-4349-be7a-1a406751907d e4a5272a80454ea188d14ed5baa61d87 1434ff3a028c4968a99a21da852cfaae - - default default] http://[LB_IP_ADDRESS]:8776/v3/1434ff3a028c4968a99a21da852cfaae/snapshots/773f27a8-9c29-46a1-bb69-baa91ed723db returned with HTTP 200
2025-01-29 20:10:23.064 24 INFO cinder.api.openstack.wsgi [None req-70814d39-7048-48bc-aa27-93acd9e3c278 cc448401d0604a75980c3c60c65db318 b20002b89fc349f3b546dfa74d7db06e - - default default] POST http://[LB_IP_ADDRESS]:8776/v3/b20002b89fc349f3b546dfa74d7db06e/types
2025-01-29 20:10:23.093 24 INFO cinder.api.openstack.wsgi [None req-70814d39-7048-48bc-aa27-93acd9e3c278 cc448401d0604a75980c3c60c65db318 b20002b89fc349f3b546dfa74d7db06e - - default default] http://[LB_IP_ADDRESS]:8776/v3/b20002b89fc349f3b546dfa74d7db06e/types returned with HTTP 200
2025-01-29 20:10:23.110 25 INFO cinder.api.openstack.wsgi [None req-a005ddc2-2cf9-466a-8f78-6aa70d28dfde cc448401d0604a75980c3c60c65db318 b20002b89fc349f3b546dfa74d7db06e - - default default] PUT http://[LB_IP_ADDRESS]:8776/v3/b20002b89fc349f3b546dfa74d7db06e/os-quota-class-sets/default
2025-01-29 20:10:23.206 25 INFO cinder.api.openstack.wsgi [None req-a005ddc2-2cf9-466a-8f78-6aa70d28dfde cc448401d0604a75980c3c60c65db318 b20002b89fc349f3b546dfa74d7db06e - - default default] http://[LB_IP_ADDRESS]:8776/v3/b20002b89fc349f3b546dfa74d7db06e/os-quota-class-sets/default returned with HTTP 200
2025-01-29 20:10:23.228 21 INFO cinder.api.openstack.wsgi [None req-53d79df1-4191-4d47-880f-005765c49bae cc448401d0604a75980c3c60c65db318 b20002b89fc349f3b546dfa74d7db06e - - default default] GET http://[LB_IP_ADDRESS]:8776/v3/b20002b89fc349f3b546dfa74d7db06e/os-quota-sets/b20002b89fc349f3b546dfa74d7db06e/defaults
2025-01-29 20:10:23.239 23 INFO cinder.api.openstack.wsgi [None req-3ab6cf13-d568-4782-8494-d63fa605f1bc 296d410e40c74660b8a16512a1f5d110 26fccdc41ca74f6ebe9eefeeb64658f1 - - default default] GET http://[LB_IP_ADDRESS]:8776/v3/26fccdc41ca74f6ebe9eefeeb64658f1/groups/a5332726-bc92-4d2e-8712-2d647383a3c6
2025-01-29 20:10:23.251 21 WARNING cinder.quota [None req-53d79df1-4191-4d47-880f-005765c49bae cc448401d0604a75980c3c60c65db318 b20002b89fc349f3b546dfa74d7db06e - - default default] Deprecated: Default quota for resource: volumes_tempest-GroupsTest-volume-type-1306781482 is set by the default quota flag: quota_volumes_tempest-GroupsTest-volume-type-1306781482, it is now deprecated. Please use the default quota class for default quota.
2025-01-29 20:10:23.252 21 WARNING cinder.quota [None req-53d79df1-4191-4d47-880f-005765c49bae cc448401d0604a75980c3c60c65db318 b20002b89fc349f3b546dfa74d7db06e - - default default] Deprecated: Default quota for resource: gigabytes_tempest-GroupsTest-volume-type-1306781482 is set by the default quota flag: quota_gigabytes_tempest-GroupsTest-volume-type-1306781482, it is now deprecated. Please use the default quota class for default quota.
2025-01-29 20:10:23.252 21 WARNING cinder.quota [None req-53d79df1-4191-4d47-880f-005765c49bae cc448401d0604a75980c3c60c65db318 b20002b89fc349f3b546dfa74d7db06e - - default default] Deprecated: Default quota for resource: snapshots_tempest-GroupsTest-volume-type-1306781482 is set by the default quota flag: quota_snapshots_tempest-GroupsTest-volume-type-1306781482, it is now deprecated. Please use the default quota class for default quota.
2025-01-29 20:10:23.255 23 INFO cinder.api.openstack.wsgi [None req-3ab6cf13-d568-4782-8494-d63fa605f1bc 296d410e40c74660b8a16512a1f5d110 26fccdc41ca74f6ebe9eefeeb64658f1 - - default default] http://[LB_IP_ADDRESS]:8776/v3/26fccdc41ca74f6ebe9eefeeb64658f1/groups/a5332726-bc92-4d2e-8712-2d647383a3c6 returned with HTTP 200
2025-01-29 20:10:23.260 21 INFO cinder.api.openstack.wsgi [None req-53d79df1-4191-4d47-880f-005765c49bae cc448401d0604a75980c3c60c65db318 b20002b89fc349f3b546dfa74d7db06e - - default default] http://[LB_IP_ADDRESS]:8776/v3/b20002b89fc349f3b546dfa74d7db06e/os-quota-sets/b20002b89fc349f3b546dfa74d7db06e/defaults returned with HTTP 200
2025-01-29 20:10:23.274 22 INFO cinder.api.openstack.wsgi [None req-bbebf193-0567-48b4-8e9b-707ac45d76f2 296d410e40c74660b8a16512a1f5d110 26fccdc41ca74f6ebe9eefeeb64658f1 - - default default] POST http://[LB_IP_ADDRESS]:8776/v3/26fccdc41ca74f6ebe9eefeeb64658f1/volumes
2025-01-29 20:10:23.288 22 INFO cinder.api.v3.volumes [None req-bbebf193-0567-48b4-8e9b-707ac45d76f2 296d410e40c74660b8a16512a1f5d110 26fccdc41ca74f6ebe9eefeeb64658f1 - - default default] Create volume of 1 GB
2025-01-29 20:10:23.294 22 INFO cinder.volume.api [None req-bbebf193-0567-48b4-8e9b-707ac45d76f2 296d410e40c74660b8a16512a1f5d110 26fccdc41ca74f6ebe9eefeeb64658f1 - - default default] Availability Zones retrieved successfully.
2025-01-29 20:10:23.338 22 WARNING cinder.quota [None req-bbebf193-0567-48b4-8e9b-707ac45d76f2 296d410e40c74660b8a16512a1f5d110 26fccdc41ca74f6ebe9eefeeb64658f1 - - default default] Deprecated: Default quota for resource: volumes_tempest-GroupsTest-volume-type-1306781482 is set by the default quota flag: quota_volumes_tempest-GroupsTest-volume-type-1306781482, it is now deprecated. Please use the default quota class for default quota.
2025-01-29 20:10:23.338 22 WARNING cinder.quota [None req-bbebf193-0567-48b4-8e9b-707ac45d76f2 296d410e40c74660b8a16512a1f5d110 26fccdc41ca74f6ebe9eefeeb64658f1 - - default default] Deprecated: Default quota for resource: gigabytes_tempest-GroupsTest-volume-type-1306781482 is set by the default quota flag: quota_gigabytes_tempest-GroupsTest-volume-type-1306781482, it is now deprecated. Please use the default quota class for default quota.
2025-01-29 20:10:23.418 22 INFO cinder.volume.api [None req-bbebf193-0567-48b4-8e9b-707ac45d76f2 296d410e40c74660b8a16512a1f5d110 26fccdc41ca74f6ebe9eefeeb64658f1 - - default default] Create volume request issued successfully.
2025-01-29 20:10:23.442 24 INFO cinder.api.openstack.wsgi [None req-0a08a350-1bbe-415c-b04f-77e913da37de cc448401d0604a75980c3c60c65db318 b20002b89fc349f3b546dfa74d7db06e - - default default] GET http://[LB_IP_ADDRESS]:8776/v3/b20002b89fc349f3b546dfa74d7db06e/os-quota-sets/1b84169228644971a64ee34878ce1414/defaults
2025-01-29 20:10:23.442 22 INFO cinder.api.openstack.wsgi [None req-bbebf193-0567-48b4-8e9b-707ac45d76f2 296d410e40c74660b8a16512a1f5d110 26fccdc41ca74f6ebe9eefeeb64658f1 - - default default] http://[LB_IP_ADDRESS]:8776/v3/26fccdc41ca74f6ebe9eefeeb64658f1/volumes returned with HTTP 202
2025-01-29 20:10:23.463 24 WARNING cinder.quota [None req-0a08a350-1bbe-415c-b04f-77e913da37de cc448401d0604a75980c3c60c65db318 b20002b89fc349f3b546dfa74d7db06e - - default default] Deprecated: Default quota for resource: volumes_tempest-GroupsTest-volume-type-1306781482 is set by the default quota flag: quota_volumes_tempest-GroupsTest-volume-type-1306781482, it is now deprecated. Please use the default quota class for default quota.
2025-01-29 20:10:23.463 24 WARNING cinder.quota [None req-0a08a350-1bbe-415c-b04f-77e913da37de cc448401d0604a75980c3c60c65db318 b20002b89fc349f3b546dfa74d7db06e - - default default] Deprecated: Default quota for resource: gigabytes_tempest-GroupsTest-volume-type-1306781482 is set by the default quota flag: quota_gigabytes_tempest-GroupsTest-volume-type-1306781482, it is now deprecated. Please use the default quota class for default quota.
2025-01-29 20:10:23.464 24 WARNING cinder.quota [None req-0a08a350-1bbe-415c-b04f-77e913da37de cc448401d0604a75980c3c60c65db318 b20002b89fc349f3b546dfa74d7db06e - - default default] Deprecated: Default quota for resource: snapshots_tempest-GroupsTest-volume-type-1306781482 is set by the default quota flag: quota_snapshots_tempest-GroupsTest-volume-type-1306781482, it is now deprecated. Please use the default quota class for default quota.
2025-01-29 20:10:23.466 25 INFO cinder.api.openstack.wsgi [None req-ac634bf1-c417-4967-ada5-e52ec03f4b84 296d410e40c74660b8a16512a1f5d110 26fccdc41ca74f6ebe9eefeeb64658f1 - - default default] GET http://[LB_IP_ADDRESS]:8776/v3/26fccdc41ca74f6ebe9eefeeb64658f1/volumes/c6b5ff28-83d8-4a8b-8ccc-c279baf63746
2025-01-29 20:10:23.473 24 INFO cinder.api.openstack.wsgi [None req-0a08a350-1bbe-415c-b04f-77e913da37de cc448401d0604a75980c3c60c65db318 b20002b89fc349f3b546dfa74d7db06e - - default default] http://[LB_IP_ADDRESS]:8776/v3/b20002b89fc349f3b546dfa74d7db06e/os-quota-sets/1b84169228644971a64ee34878ce1414/defaults returned with HTTP 200
2025-01-29 20:10:23.483 25 INFO cinder.volume.api [None req-ac634bf1-c417-4967-ada5-e52ec03f4b84 296d410e40c74660b8a16512a1f5d110 26fccdc41ca74f6ebe9eefeeb64658f1 - - default default] Volume info retrieved successfully.
2025-01-29 20:10:23.506 25 INFO cinder.api.openstack.wsgi [None req-ac634bf1-c417-4967-ada5-e52ec03f4b84 296d410e40c74660b8a16512a1f5d110 26fccdc41ca74f6ebe9eefeeb64658f1 - - default default] http://[LB_IP_ADDRESS]:8776/v3/26fccdc41ca74f6ebe9eefeeb64658f1/volumes/c6b5ff28-83d8-4a8b-8ccc-c279baf63746 returned with HTTP 200
2025-01-29 20:10:23.556 23 INFO cinder.api.openstack.wsgi [None req-f538fdd4-99b6-437c-8899-1aacc1145a60 cc448401d0604a75980c3c60c65db318 b20002b89fc349f3b546dfa74d7db06e - - default default] DELETE http://[LB_IP_ADDRESS]:8776/v3/b20002b89fc349f3b546dfa74d7db06e/types/11dd41c8-a5ba-4d70-bbae-05cada8c4645
2025-01-29 20:10:23.562 21 INFO cinder.api.openstack.wsgi [None req-a8a0aece-d4b9-47c7-adbc-c3ac7ff281f0 - - - - - -] GET http://[LB_IP_ADDRESS]:8776/
2025-01-29 20:10:23.563 21 INFO cinder.api.openstack.wsgi [None req-a8a0aece-d4b9-47c7-adbc-c3ac7ff281f0 - - - - - -] http://[LB_IP_ADDRESS]:8776/ returned with HTTP 300
2025-01-29 20:10:23.587 23 INFO cinder.api.openstack.wsgi [None req-f538fdd4-99b6-437c-8899-1aacc1145a60 cc448401d0604a75980c3c60c65db318 b20002b89fc349f3b546dfa74d7db06e - - default default] http://[LB_IP_ADDRESS]:8776/v3/b20002b89fc349f3b546dfa74d7db06e/types/11dd41c8-a5ba-4d70-bbae-05cada8c4645 returned with HTTP 202
2025-01-29 20:10:23.602 22 INFO cinder.api.openstack.wsgi [None req-c073e99e-dfbb-400e-bc4a-b2c98f13b2ea cc448401d0604a75980c3c60c65db318 b20002b89fc349f3b546dfa74d7db06e - - default default] GET http://[LB_IP_ADDRESS]:8776/v3/b20002b89fc349f3b546dfa74d7db06e/types/11dd41c8-a5ba-4d70-bbae-05cada8c4645
2025-01-29 20:10:23.612 22 INFO cinder.api.openstack.wsgi [None req-c073e99e-dfbb-400e-bc4a-b2c98f13b2ea cc448401d0604a75980c3c60c65db318 b20002b89fc349f3b546dfa74d7db06e - - default default] http://[LB_IP_ADDRESS]:8776/v3/b20002b89fc349f3b546dfa74d7db06e/types/11dd41c8-a5ba-4d70-bbae-05cada8c4645 returned with HTTP 404
2025-01-29 20:10:23.630 24 INFO cinder.api.openstack.wsgi [None req-51b78bf3-c262-4d0d-8b87-19f435c5e139 cc448401d0604a75980c3c60c65db318 b20002b89fc349f3b546dfa74d7db06e - - default default] PUT http://[LB_IP_ADDRESS]:8776/v3/b20002b89fc349f3b546dfa74d7db06e/os-quota-class-sets/default
2025-01-29 20:10:23.742 24 INFO cinder.api.openstack.wsgi [None req-51b78bf3-c262-4d0d-8b87-19f435c5e139 cc448401d0604a75980c3c60c65db318 b20002b89fc349f3b546dfa74d7db06e - - default default] http://[LB_IP_ADDRESS]:8776/v3/b20002b89fc349f3b546dfa74d7db06e/os-quota-class-sets/default returned with HTTP 200
2025-01-29 20:10:24.072 25 INFO cinder.api.openstack.wsgi [None req-c0057025-e9a0-4dee-9e5f-f691399f6668 e4a5272a80454ea188d14ed5baa61d87 1434ff3a028c4968a99a21da852cfaae - - default default] GET http://[LB_IP_ADDRESS]:8776/v3/1434ff3a028c4968a99a21da852cfaae/snapshots/773f27a8-9c29-46a1-bb69-baa91ed723db
2025-01-29 20:10:24.087 25 INFO cinder.volume.api [None req-c0057025-e9a0-4dee-9e5f-f691399f6668 e4a5272a80454ea188d14ed5baa61d87 1434ff3a028c4968a99a21da852cfaae - - default default] Snapshot retrieved successfully.
2025-01-29 20:10:24.089 25 INFO cinder.api.openstack.wsgi [None req-c0057025-e9a0-4dee-9e5f-f691399f6668 e4a5272a80454ea188d14ed5baa61d87 1434ff3a028c4968a99a21da852cfaae - - default default] http://[LB_IP_ADDRESS]:8776/v3/1434ff3a028c4968a99a21da852cfaae/snapshots/773f27a8-9c29-46a1-bb69-baa91ed723db returned with HTTP 200
2025-01-29 20:10:24.104 21 INFO cinder.api.openstack.wsgi [None req-957b8070-1f6a-4914-9b3b-8ceef9d2bbb6 e4a5272a80454ea188d14ed5baa61d87 1434ff3a028c4968a99a21da852cfaae - - default default] POST http://[LB_IP_ADDRESS]:8776/v3/1434ff3a028c4968a99a21da852cfaae/volumes
2025-01-29 20:10:24.121 21 INFO cinder.volume.api [None req-957b8070-1f6a-4914-9b3b-8ceef9d2bbb6 e4a5272a80454ea188d14ed5baa61d87 1434ff3a028c4968a99a21da852cfaae - - default default] Snapshot retrieved successfully.
2025-01-29 20:10:24.121 21 INFO cinder.api.v3.volumes [None req-957b8070-1f6a-4914-9b3b-8ceef9d2bbb6 e4a5272a80454ea188d14ed5baa61d87 1434ff3a028c4968a99a21da852cfaae - - default default] Create volume of 1 GB
2025-01-29 20:10:24.127 21 INFO cinder.volume.api [None req-957b8070-1f6a-4914-9b3b-8ceef9d2bbb6 e4a5272a80454ea188d14ed5baa61d87 1434ff3a028c4968a99a21da852cfaae - - default default] Availability Zones retrieved successfully.
2025-01-29 20:10:24.270 21 INFO cinder.volume.api [None req-957b8070-1f6a-4914-9b3b-8ceef9d2bbb6 e4a5272a80454ea188d14ed5baa61d87 1434ff3a028c4968a99a21da852cfaae - - default default] Create volume request issued successfully.
2025-01-29 20:10:24.272 21 INFO cinder.api.openstack.wsgi [None req-957b8070-1f6a-4914-9b3b-8ceef9d2bbb6 e4a5272a80454ea188d14ed5baa61d87 1434ff3a028c4968a99a21da852cfaae - - default default] http://[LB_IP_ADDRESS]:8776/v3/1434ff3a028c4968a99a21da852cfaae/volumes returned with HTTP 202
2025-01-29 20:10:24.300 23 INFO cinder.api.openstack.wsgi [None req-762898b9-079c-4977-bfd6-f132e24c005b e4a5272a80454ea188d14ed5baa61d87 1434ff3a028c4968a99a21da852cfaae - - default default] GET http://[LB_IP_ADDRESS]:8776/v3/1434ff3a028c4968a99a21da852cfaae/volumes/ce2084a5-dc66-4d4f-8b2b-15afdeb9efa6
2025-01-29 20:10:24.319 23 INFO cinder.volume.api [None req-762898b9-079c-4977-bfd6-f132e24c005b e4a5272a80454ea188d14ed5baa61d87 1434ff3a028c4968a99a21da852cfaae - - default default] Volume info retrieved successfully.
