2026-05-27 15:58:30.170 73 WARNING cinder.quota [None req-c40a2614-218a-452c-aaf1-cdf25df1359a 166e767ab7054ba2923b27ed76ee027d cc159b7c9c434ac5bae2f08968fca658 - - default default] Deprecated: Default quota for resource: gigabytes_tempest-GroupSnapshotsTest-volume-type-1748498112 is set by the default quota flag: quota_gigabytes_tempest-GroupSnapshotsTest-volume-type-1748498112, it is now deprecated. Please use the default quota class for default quota.
2026-05-27 15:58:30.171 73 WARNING cinder.quota [None req-c40a2614-218a-452c-aaf1-cdf25df1359a 166e767ab7054ba2923b27ed76ee027d cc159b7c9c434ac5bae2f08968fca658 - - default default] Deprecated: Default quota for resource: snapshots_tempest-GroupSnapshotsTest-volume-type-1748498112 is set by the default quota flag: quota_snapshots_tempest-GroupSnapshotsTest-volume-type-1748498112, it is now deprecated. Please use the default quota class for default quota.
2026-05-27 15:58:30.177 75 INFO cinder.api.openstack.wsgi [None req-7c7b7a65-dc6e-4481-be52-35b32b3c37de 3b01ea400d92419f8e4fc7bd631bd2e6 4f84d65434964fa79bc11131ee534741 - - default default] http://[LB_IP_ADDRESS]:8776/v3/4f84d65434964fa79bc11131ee534741/groups/ec441408-f19e-4744-8dd9-180ba3b3e7a2 returned with HTTP 200
2026-05-27 15:58:30.178 73 INFO cinder.api.openstack.wsgi [None req-c40a2614-218a-452c-aaf1-cdf25df1359a 166e767ab7054ba2923b27ed76ee027d cc159b7c9c434ac5bae2f08968fca658 - - default default] http://[LB_IP_ADDRESS]:8776/v3/cc159b7c9c434ac5bae2f08968fca658/os-quota-sets/fcfd5bfd22844bb68c9f9544da29439b/defaults returned with HTTP 200
2026-05-27 15:58:30.194 72 INFO cinder.api.openstack.wsgi [None req-a09b5387-260e-4933-badf-b4c2da239d95 3b01ea400d92419f8e4fc7bd631bd2e6 4f84d65434964fa79bc11131ee534741 - - default default] PUT http://[LB_IP_ADDRESS]:8776/v3/4f84d65434964fa79bc11131ee534741/groups/ec441408-f19e-4744-8dd9-180ba3b3e7a2
2026-05-27 15:58:30.198 72 INFO cinder.api.v3.groups [None req-a09b5387-260e-4933-badf-b4c2da239d95 3b01ea400d92419f8e4fc7bd631bd2e6 4f84d65434964fa79bc11131ee534741 - - default default] Updating group ec441408-f19e-4744-8dd9-180ba3b3e7a2 with name None description: None add_volumes: 137232e6-ec5e-46a4-a839-67c7c288f83b remove_volumes: None.
2026-05-27 15:58:30.214 74 INFO cinder.api.openstack.wsgi [None req-58b3549a-bb8c-45f4-93ec-e0316b7d850b 74b39d2421634ef78662408fda1c01b2 e35e06e1bc57482b9c2c9bc0548514cd - - default default] GET http://[LB_IP_ADDRESS]:8776/v3/e35e06e1bc57482b9c2c9bc0548514cd/scheduler-stats/get_pools
2026-05-27 15:58:30.251 72 INFO cinder.api.openstack.wsgi [None req-a09b5387-260e-4933-badf-b4c2da239d95 3b01ea400d92419f8e4fc7bd631bd2e6 4f84d65434964fa79bc11131ee534741 - - default default] http://[LB_IP_ADDRESS]:8776/v3/4f84d65434964fa79bc11131ee534741/groups/ec441408-f19e-4744-8dd9-180ba3b3e7a2 returned with HTTP 202
2026-05-27 15:58:30.264 76 INFO cinder.api.openstack.wsgi [None req-c36d733f-e57d-4c26-baa1-42af2004671c 3b01ea400d92419f8e4fc7bd631bd2e6 4f84d65434964fa79bc11131ee534741 - - default default] GET http://[LB_IP_ADDRESS]:8776/v3/4f84d65434964fa79bc11131ee534741/groups/ec441408-f19e-4744-8dd9-180ba3b3e7a2
2026-05-27 15:58:30.284 76 INFO cinder.api.openstack.wsgi [None req-c36d733f-e57d-4c26-baa1-42af2004671c 3b01ea400d92419f8e4fc7bd631bd2e6 4f84d65434964fa79bc11131ee534741 - - default default] http://[LB_IP_ADDRESS]:8776/v3/4f84d65434964fa79bc11131ee534741/groups/ec441408-f19e-4744-8dd9-180ba3b3e7a2 returned with HTTP 200
2026-05-27 15:58:30.288 75 INFO cinder.api.openstack.wsgi [None req-8a75101d-54fb-4251-9d3f-a84c03aaa2b7 166e767ab7054ba2923b27ed76ee027d cc159b7c9c434ac5bae2f08968fca658 - - default default] DELETE http://[LB_IP_ADDRESS]:8776/v3/cc159b7c9c434ac5bae2f08968fca658/types/cf05cb03-4c0d-4972-8aee-c17463745177
2026-05-27 15:58:30.330 75 INFO cinder.api.openstack.wsgi [None req-8a75101d-54fb-4251-9d3f-a84c03aaa2b7 166e767ab7054ba2923b27ed76ee027d cc159b7c9c434ac5bae2f08968fca658 - - default default] http://[LB_IP_ADDRESS]:8776/v3/cc159b7c9c434ac5bae2f08968fca658/types/cf05cb03-4c0d-4972-8aee-c17463745177 returned with HTTP 202
2026-05-27 15:58:30.343 73 INFO cinder.api.openstack.wsgi [None req-578b486e-d485-411d-9eb1-aa72ac2ddcc6 166e767ab7054ba2923b27ed76ee027d cc159b7c9c434ac5bae2f08968fca658 - - default default] GET http://[LB_IP_ADDRESS]:8776/v3/cc159b7c9c434ac5bae2f08968fca658/types/cf05cb03-4c0d-4972-8aee-c17463745177
2026-05-27 15:58:30.349 73 INFO cinder.api.openstack.wsgi [None req-578b486e-d485-411d-9eb1-aa72ac2ddcc6 166e767ab7054ba2923b27ed76ee027d cc159b7c9c434ac5bae2f08968fca658 - - default default] http://[LB_IP_ADDRESS]:8776/v3/cc159b7c9c434ac5bae2f08968fca658/types/cf05cb03-4c0d-4972-8aee-c17463745177 returned with HTTP 404
2026-05-27 15:58:30.363 72 INFO cinder.api.openstack.wsgi [None req-16c6749a-40c4-4f5e-b2b0-31b8d01fb1d5 166e767ab7054ba2923b27ed76ee027d cc159b7c9c434ac5bae2f08968fca658 - - default default] PUT http://[LB_IP_ADDRESS]:8776/v3/cc159b7c9c434ac5bae2f08968fca658/os-quota-class-sets/default
2026-05-27 15:58:30.455 72 INFO cinder.api.openstack.wsgi [None req-16c6749a-40c4-4f5e-b2b0-31b8d01fb1d5 166e767ab7054ba2923b27ed76ee027d cc159b7c9c434ac5bae2f08968fca658 - - default default] http://[LB_IP_ADDRESS]:8776/v3/cc159b7c9c434ac5bae2f08968fca658/os-quota-class-sets/default returned with HTTP 200
2026-05-27 15:58:30.721 74 INFO cinder.api.openstack.wsgi [None req-58b3549a-bb8c-45f4-93ec-e0316b7d850b 74b39d2421634ef78662408fda1c01b2 e35e06e1bc57482b9c2c9bc0548514cd - - default default] http://[LB_IP_ADDRESS]:8776/v3/e35e06e1bc57482b9c2c9bc0548514cd/scheduler-stats/get_pools returned with HTTP 200
2026-05-27 15:58:31.301 76 INFO cinder.api.openstack.wsgi [None req-2227c1a3-c571-4c22-a520-15281d20f08c 3b01ea400d92419f8e4fc7bd631bd2e6 4f84d65434964fa79bc11131ee534741 - - default default] GET http://[LB_IP_ADDRESS]:8776/v3/4f84d65434964fa79bc11131ee534741/groups/ec441408-f19e-4744-8dd9-180ba3b3e7a2
2026-05-27 15:58:31.322 76 INFO cinder.api.openstack.wsgi [None req-2227c1a3-c571-4c22-a520-15281d20f08c 3b01ea400d92419f8e4fc7bd631bd2e6 4f84d65434964fa79bc11131ee534741 - - default default] http://[LB_IP_ADDRESS]:8776/v3/4f84d65434964fa79bc11131ee534741/groups/ec441408-f19e-4744-8dd9-180ba3b3e7a2 returned with HTTP 200
2026-05-27 15:58:31.338 75 INFO cinder.api.openstack.wsgi [None req-e7d3bb01-760a-4153-b2df-4c6d4a01367f 3b01ea400d92419f8e4fc7bd631bd2e6 4f84d65434964fa79bc11131ee534741 - - default default] GET http://[LB_IP_ADDRESS]:8776/v3/4f84d65434964fa79bc11131ee534741/volumes/detail
2026-05-27 15:58:31.355 75 INFO cinder.volume.api [None req-e7d3bb01-760a-4153-b2df-4c6d4a01367f 3b01ea400d92419f8e4fc7bd631bd2e6 4f84d65434964fa79bc11131ee534741 - - default default] Get all volumes completed successfully.
2026-05-27 15:58:31.397 75 INFO cinder.api.openstack.wsgi [None req-e7d3bb01-760a-4153-b2df-4c6d4a01367f 3b01ea400d92419f8e4fc7bd631bd2e6 4f84d65434964fa79bc11131ee534741 - - default default] http://[LB_IP_ADDRESS]:8776/v3/4f84d65434964fa79bc11131ee534741/volumes/detail returned with HTTP 200
2026-05-27 15:58:31.421 73 INFO cinder.api.openstack.wsgi [None req-1dbbfe4d-aa69-443f-b65b-88b8fcb09ee1 3b01ea400d92419f8e4fc7bd631bd2e6 4f84d65434964fa79bc11131ee534741 - - default default] POST http://[LB_IP_ADDRESS]:8776/v3/4f84d65434964fa79bc11131ee534741/group_snapshots
2026-05-27 15:58:31.437 73 INFO cinder.api.v3.group_snapshots [None req-1dbbfe4d-aa69-443f-b65b-88b8fcb09ee1 3b01ea400d92419f8e4fc7bd631bd2e6 4f84d65434964fa79bc11131ee534741 - - default default] Creating group_snapshot tempest-GroupSnapshotsTest-Group_Snapshot-1200124076.
2026-05-27 15:58:31.576 73 INFO cinder.api.openstack.wsgi [None req-1dbbfe4d-aa69-443f-b65b-88b8fcb09ee1 3b01ea400d92419f8e4fc7bd631bd2e6 4f84d65434964fa79bc11131ee534741 - - default default] http://[LB_IP_ADDRESS]:8776/v3/4f84d65434964fa79bc11131ee534741/group_snapshots returned with HTTP 202
2026-05-27 15:58:31.592 72 INFO cinder.api.openstack.wsgi [None req-798c487e-3997-4479-bdb2-1efcffe8a832 3b01ea400d92419f8e4fc7bd631bd2e6 4f84d65434964fa79bc11131ee534741 - - default default] GET http://[LB_IP_ADDRESS]:8776/v3/4f84d65434964fa79bc11131ee534741/group_snapshots/1b25555a-5234-487f-bcf6-85837841b09f
2026-05-27 15:58:31.604 72 INFO cinder.api.openstack.wsgi [None req-798c487e-3997-4479-bdb2-1efcffe8a832 3b01ea400d92419f8e4fc7bd631bd2e6 4f84d65434964fa79bc11131ee534741 - - default default] http://[LB_IP_ADDRESS]:8776/v3/4f84d65434964fa79bc11131ee534741/group_snapshots/1b25555a-5234-487f-bcf6-85837841b09f returned with HTTP 200
2026-05-27 15:58:32.620 74 INFO cinder.api.openstack.wsgi [None req-79c0f7af-e092-4018-b80e-40eb355f5453 3b01ea400d92419f8e4fc7bd631bd2e6 4f84d65434964fa79bc11131ee534741 - - default default] GET http://[LB_IP_ADDRESS]:8776/v3/4f84d65434964fa79bc11131ee534741/group_snapshots/1b25555a-5234-487f-bcf6-85837841b09f
2026-05-27 15:58:32.631 74 INFO cinder.api.openstack.wsgi [None req-79c0f7af-e092-4018-b80e-40eb355f5453 3b01ea400d92419f8e4fc7bd631bd2e6 4f84d65434964fa79bc11131ee534741 - - default default] http://[LB_IP_ADDRESS]:8776/v3/4f84d65434964fa79bc11131ee534741/group_snapshots/1b25555a-5234-487f-bcf6-85837841b09f returned with HTTP 200
2026-05-27 15:58:33.648 76 INFO cinder.api.openstack.wsgi [None req-86c41429-d4ab-4aa1-8a2f-fb0cd574c3fa 3b01ea400d92419f8e4fc7bd631bd2e6 4f84d65434964fa79bc11131ee534741 - - default default] GET http://[LB_IP_ADDRESS]:8776/v3/4f84d65434964fa79bc11131ee534741/group_snapshots/1b25555a-5234-487f-bcf6-85837841b09f
2026-05-27 15:58:33.661 76 INFO cinder.api.openstack.wsgi [None req-86c41429-d4ab-4aa1-8a2f-fb0cd574c3fa 3b01ea400d92419f8e4fc7bd631bd2e6 4f84d65434964fa79bc11131ee534741 - - default default] http://[LB_IP_ADDRESS]:8776/v3/4f84d65434964fa79bc11131ee534741/group_snapshots/1b25555a-5234-487f-bcf6-85837841b09f returned with HTTP 200
2026-05-27 15:58:34.678 75 INFO cinder.api.openstack.wsgi [None req-609b25f3-ea67-4451-a311-2862cf4c7d0f 3b01ea400d92419f8e4fc7bd631bd2e6 4f84d65434964fa79bc11131ee534741 - - default default] GET http://[LB_IP_ADDRESS]:8776/v3/4f84d65434964fa79bc11131ee534741/group_snapshots/1b25555a-5234-487f-bcf6-85837841b09f
2026-05-27 15:58:34.690 75 INFO cinder.api.openstack.wsgi [None req-609b25f3-ea67-4451-a311-2862cf4c7d0f 3b01ea400d92419f8e4fc7bd631bd2e6 4f84d65434964fa79bc11131ee534741 - - default default] http://[LB_IP_ADDRESS]:8776/v3/4f84d65434964fa79bc11131ee534741/group_snapshots/1b25555a-5234-487f-bcf6-85837841b09f returned with HTTP 200
2026-05-27 15:58:34.707 73 INFO cinder.api.openstack.wsgi [None req-f8d8d5f9-6e78-472f-a750-3cfeca374729 3b01ea400d92419f8e4fc7bd631bd2e6 4f84d65434964fa79bc11131ee534741 - - default default] GET http://[LB_IP_ADDRESS]:8776/v3/4f84d65434964fa79bc11131ee534741/snapshots/detail
2026-05-27 15:58:34.720 73 INFO cinder.volume.api [None req-f8d8d5f9-6e78-472f-a750-3cfeca374729 3b01ea400d92419f8e4fc7bd631bd2e6 4f84d65434964fa79bc11131ee534741 - - default default] Get all snapshots completed successfully.
2026-05-27 15:58:34.723 73 INFO cinder.api.openstack.wsgi [None req-f8d8d5f9-6e78-472f-a750-3cfeca374729 3b01ea400d92419f8e4fc7bd631bd2e6 4f84d65434964fa79bc11131ee534741 - - default default] http://[LB_IP_ADDRESS]:8776/v3/4f84d65434964fa79bc11131ee534741/snapshots/detail returned with HTTP 200
2026-05-27 15:58:34.740 72 INFO cinder.api.openstack.wsgi [None req-6f154c77-2ad2-4b98-ab48-1adbfe85b2f4 3b01ea400d92419f8e4fc7bd631bd2e6 4f84d65434964fa79bc11131ee534741 - - default default] GET http://[LB_IP_ADDRESS]:8776/v3/4f84d65434964fa79bc11131ee534741/snapshots/cd323f06-9b54-4208-8fd6-6018f85edecf
2026-05-27 15:58:34.751 72 INFO cinder.volume.api [None req-6f154c77-2ad2-4b98-ab48-1adbfe85b2f4 3b01ea400d92419f8e4fc7bd631bd2e6 4f84d65434964fa79bc11131ee534741 - - default default] Snapshot retrieved successfully.
2026-05-27 15:58:34.753 72 INFO cinder.api.openstack.wsgi [None req-6f154c77-2ad2-4b98-ab48-1adbfe85b2f4 3b01ea400d92419f8e4fc7bd631bd2e6 4f84d65434964fa79bc11131ee534741 - - default default] http://[LB_IP_ADDRESS]:8776/v3/4f84d65434964fa79bc11131ee534741/snapshots/cd323f06-9b54-4208-8fd6-6018f85edecf returned with HTTP 200
2026-05-27 15:58:34.770 74 INFO cinder.api.openstack.wsgi [None req-956c43d7-c9cc-405e-bab6-f043fd353540 3b01ea400d92419f8e4fc7bd631bd2e6 4f84d65434964fa79bc11131ee534741 - - default default] GET http://[LB_IP_ADDRESS]:8776/v3/4f84d65434964fa79bc11131ee534741/snapshots/87a26555-d61d-42d4-9945-6101469ccbf7
2026-05-27 15:58:34.781 74 INFO cinder.volume.api [None req-956c43d7-c9cc-405e-bab6-f043fd353540 3b01ea400d92419f8e4fc7bd631bd2e6 4f84d65434964fa79bc11131ee534741 - - default default] Snapshot retrieved successfully.
2026-05-27 15:58:34.784 74 INFO cinder.api.openstack.wsgi [None req-956c43d7-c9cc-405e-bab6-f043fd353540 3b01ea400d92419f8e4fc7bd631bd2e6 4f84d65434964fa79bc11131ee534741 - - default default] http://[LB_IP_ADDRESS]:8776/v3/4f84d65434964fa79bc11131ee534741/snapshots/87a26555-d61d-42d4-9945-6101469ccbf7 returned with HTTP 200
2026-05-27 15:58:34.800 76 INFO cinder.api.openstack.wsgi [None req-66e824f3-5e5a-4fa9-b132-92acf1985bf1 3b01ea400d92419f8e4fc7bd631bd2e6 4f84d65434964fa79bc11131ee534741 - - default default] DELETE http://[LB_IP_ADDRESS]:8776/v3/4f84d65434964fa79bc11131ee534741/group_snapshots/1b25555a-5234-487f-bcf6-85837841b09f
2026-05-27 15:58:34.801 76 INFO cinder.api.v3.group_snapshots [None req-66e824f3-5e5a-4fa9-b132-92acf1985bf1 3b01ea400d92419f8e4fc7bd631bd2e6 4f84d65434964fa79bc11131ee534741 - - default default] Delete group_snapshot with id: 1b25555a-5234-487f-bcf6-85837841b09f
2026-05-27 15:58:34.877 76 INFO cinder.api.openstack.wsgi [None req-66e824f3-5e5a-4fa9-b132-92acf1985bf1 3b01ea400d92419f8e4fc7bd631bd2e6 4f84d65434964fa79bc11131ee534741 - - default default] http://[LB_IP_ADDRESS]:8776/v3/4f84d65434964fa79bc11131ee534741/group_snapshots/1b25555a-5234-487f-bcf6-85837841b09f returned with HTTP 202
2026-05-27 15:58:34.888 75 INFO cinder.api.openstack.wsgi [None req-7f74f7b9-a720-42e0-b4be-fa4ebc5c535d 3b01ea400d92419f8e4fc7bd631bd2e6 4f84d65434964fa79bc11131ee534741 - - default default] GET http://[LB_IP_ADDRESS]:8776/v3/4f84d65434964fa79bc11131ee534741/volumes/detail
2026-05-27 15:58:34.904 75 INFO cinder.volume.api [None req-7f74f7b9-a720-42e0-b4be-fa4ebc5c535d 3b01ea400d92419f8e4fc7bd631bd2e6 4f84d65434964fa79bc11131ee534741 - - default default] Get all volumes completed successfully.
2026-05-27 15:58:34.946 75 INFO cinder.api.openstack.wsgi [None req-7f74f7b9-a720-42e0-b4be-fa4ebc5c535d 3b01ea400d92419f8e4fc7bd631bd2e6 4f84d65434964fa79bc11131ee534741 - - default default] http://[LB_IP_ADDRESS]:8776/v3/4f84d65434964fa79bc11131ee534741/volumes/detail returned with HTTP 200
2026-05-27 15:58:34.969 73 INFO cinder.api.openstack.wsgi [None req-ef83946a-8626-4d61-8179-6de499758503 3b01ea400d92419f8e4fc7bd631bd2e6 4f84d65434964fa79bc11131ee534741 - - default default] GET http://[LB_IP_ADDRESS]:8776/v3/4f84d65434964fa79bc11131ee534741/snapshots/detail
2026-05-27 15:58:34.978 73 INFO cinder.volume.api [None req-ef83946a-8626-4d61-8179-6de499758503 3b01ea400d92419f8e4fc7bd631bd2e6 4f84d65434964fa79bc11131ee534741 - - default default] Get all snapshots completed successfully.
2026-05-27 15:58:34.981 73 INFO cinder.api.openstack.wsgi [None req-ef83946a-8626-4d61-8179-6de499758503 3b01ea400d92419f8e4fc7bd631bd2e6 4f84d65434964fa79bc11131ee534741 - - default default] http://[LB_IP_ADDRESS]:8776/v3/4f84d65434964fa79bc11131ee534741/snapshots/detail returned with HTTP 200
2026-05-27 15:58:34.998 72 INFO cinder.api.openstack.wsgi [None req-22276587-1b3f-4884-8e2d-58fba5ef24b6 3b01ea400d92419f8e4fc7bd631bd2e6 4f84d65434964fa79bc11131ee534741 - - default default] GET http://[LB_IP_ADDRESS]:8776/v3/4f84d65434964fa79bc11131ee534741/snapshots/cd323f06-9b54-4208-8fd6-6018f85edecf
2026-05-27 15:58:35.008 72 INFO cinder.volume.api [None req-22276587-1b3f-4884-8e2d-58fba5ef24b6 3b01ea400d92419f8e4fc7bd631bd2e6 4f84d65434964fa79bc11131ee534741 - - default default] Snapshot retrieved successfully.
2026-05-27 15:58:35.011 72 INFO cinder.api.openstack.wsgi [None req-22276587-1b3f-4884-8e2d-58fba5ef24b6 3b01ea400d92419f8e4fc7bd631bd2e6 4f84d65434964fa79bc11131ee534741 - - default default] http://[LB_IP_ADDRESS]:8776/v3/4f84d65434964fa79bc11131ee534741/snapshots/cd323f06-9b54-4208-8fd6-6018f85edecf returned with HTTP 200
2026-05-27 15:58:36.028 74 INFO cinder.api.openstack.wsgi [None req-bf09b14d-0a29-45dd-a5d5-457df101b7b6 3b01ea400d92419f8e4fc7bd631bd2e6 4f84d65434964fa79bc11131ee534741 - - default default] GET http://[LB_IP_ADDRESS]:8776/v3/4f84d65434964fa79bc11131ee534741/snapshots/cd323f06-9b54-4208-8fd6-6018f85edecf
2026-05-27 15:58:36.037 74 INFO cinder.api.openstack.wsgi [None req-bf09b14d-0a29-45dd-a5d5-457df101b7b6 3b01ea400d92419f8e4fc7bd631bd2e6 4f84d65434964fa79bc11131ee534741 - - default default] http://[LB_IP_ADDRESS]:8776/v3/4f84d65434964fa79bc11131ee534741/snapshots/cd323f06-9b54-4208-8fd6-6018f85edecf returned with HTTP 404
2026-05-27 15:58:36.049 76 INFO cinder.api.openstack.wsgi [None req-51a407a6-f644-4fde-b2b1-590991c65066 3b01ea400d92419f8e4fc7bd631bd2e6 4f84d65434964fa79bc11131ee534741 - - default default] GET http://[LB_IP_ADDRESS]:8776/v3/4f84d65434964fa79bc11131ee534741/snapshots/87a26555-d61d-42d4-9945-6101469ccbf7
2026-05-27 15:58:36.059 76 INFO cinder.api.openstack.wsgi [None req-51a407a6-f644-4fde-b2b1-590991c65066 3b01ea400d92419f8e4fc7bd631bd2e6 4f84d65434964fa79bc11131ee534741 - - default default] http://[LB_IP_ADDRESS]:8776/v3/4f84d65434964fa79bc11131ee534741/snapshots/87a26555-d61d-42d4-9945-6101469ccbf7 returned with HTTP 404
2026-05-27 15:58:36.072 75 INFO cinder.api.openstack.wsgi [None req-7ea0284b-83ef-4eb6-92f4-08be54f95723 3b01ea400d92419f8e4fc7bd631bd2e6 4f84d65434964fa79bc11131ee534741 - - default default] GET http://[LB_IP_ADDRESS]:8776/v3/4f84d65434964fa79bc11131ee534741/group_snapshots/1b25555a-5234-487f-bcf6-85837841b09f
2026-05-27 15:58:36.077 75 INFO cinder.api.openstack.wsgi [None req-7ea0284b-83ef-4eb6-92f4-08be54f95723 3b01ea400d92419f8e4fc7bd631bd2e6 4f84d65434964fa79bc11131ee534741 - - default default] http://[LB_IP_ADDRESS]:8776/v3/4f84d65434964fa79bc11131ee534741/group_snapshots/1b25555a-5234-487f-bcf6-85837841b09f returned with HTTP 404
2026-05-27 15:58:36.090 73 INFO cinder.api.openstack.wsgi [None req-411b678c-8de6-4195-84ea-082fefa4983d 3b01ea400d92419f8e4fc7bd631bd2e6 4f84d65434964fa79bc11131ee534741 - - default default] DELETE http://[LB_IP_ADDRESS]:8776/v3/4f84d65434964fa79bc11131ee534741/group_snapshots/1b25555a-5234-487f-bcf6-85837841b09f
2026-05-27 15:58:36.091 73 INFO cinder.api.v3.group_snapshots [None req-411b678c-8de6-4195-84ea-082fefa4983d 3b01ea400d92419f8e4fc7bd631bd2e6 4f84d65434964fa79bc11131ee534741 - - default default] Delete group_snapshot with id: 1b25555a-5234-487f-bcf6-85837841b09f
2026-05-27 15:58:36.096 73 INFO cinder.api.openstack.wsgi [None req-411b678c-8de6-4195-84ea-082fefa4983d 3b01ea400d92419f8e4fc7bd631bd2e6 4f84d65434964fa79bc11131ee534741 - - default default] http://[LB_IP_ADDRESS]:8776/v3/4f84d65434964fa79bc11131ee534741/group_snapshots/1b25555a-5234-487f-bcf6-85837841b09f returned with HTTP 404
2026-05-27 15:58:36.108 72 INFO cinder.api.openstack.wsgi [None req-8fe1d007-0f70-4c4b-8934-71c82e5686a0 3b01ea400d92419f8e4fc7bd631bd2e6 4f84d65434964fa79bc11131ee534741 - - default default] GET http://[LB_IP_ADDRESS]:8776/v3/4f84d65434964fa79bc11131ee534741/volumes/detail
2026-05-27 15:58:36.125 72 INFO cinder.volume.api [None req-8fe1d007-0f70-4c4b-8934-71c82e5686a0 3b01ea400d92419f8e4fc7bd631bd2e6 4f84d65434964fa79bc11131ee534741 - - default default] Get all volumes completed successfully.
2026-05-27 15:58:36.168 72 INFO cinder.api.openstack.wsgi [None req-8fe1d007-0f70-4c4b-8934-71c82e5686a0 3b01ea400d92419f8e4fc7bd631bd2e6 4f84d65434964fa79bc11131ee534741 - - default default] http://[LB_IP_ADDRESS]:8776/v3/4f84d65434964fa79bc11131ee534741/volumes/detail returned with HTTP 200
2026-05-27 15:58:36.192 74 INFO cinder.api.openstack.wsgi [None req-4431c35a-a964-4285-b3cc-134763e42627 3b01ea400d92419f8e4fc7bd631bd2e6 4f84d65434964fa79bc11131ee534741 - - default default] POST http://[LB_IP_ADDRESS]:8776/v3/4f84d65434964fa79bc11131ee534741/groups/ec441408-f19e-4744-8dd9-180ba3b3e7a2/action
2026-05-27 15:58:36.197 74 INFO cinder.api.v3.groups [None req-4431c35a-a964-4285-b3cc-134763e42627 3b01ea400d92419f8e4fc7bd631bd2e6 4f84d65434964fa79bc11131ee534741 - - default default] Delete group with id: ec441408-f19e-4744-8dd9-180ba3b3e7a2
2026-05-27 15:58:36.276 74 INFO cinder.api.openstack.wsgi [None req-4431c35a-a964-4285-b3cc-134763e42627 3b01ea400d92419f8e4fc7bd631bd2e6 4f84d65434964fa79bc11131ee534741 - - default default] http://[LB_IP_ADDRESS]:8776/v3/4f84d65434964fa79bc11131ee534741/groups/ec441408-f19e-4744-8dd9-180ba3b3e7a2/action returned with HTTP 202
2026-05-27 15:58:36.288 76 INFO cinder.api.openstack.wsgi [None req-1c9a97e8-cde6-40ff-9b38-00191fdb967d 3b01ea400d92419f8e4fc7bd631bd2e6 4f84d65434964fa79bc11131ee534741 - - default default] GET http://[LB_IP_ADDRESS]:8776/v3/4f84d65434964fa79bc11131ee534741/volumes/137232e6-ec5e-46a4-a839-67c7c288f83b
2026-05-27 15:58:36.310 76 INFO cinder.volume.api [None req-1c9a97e8-cde6-40ff-9b38-00191fdb967d 3b01ea400d92419f8e4fc7bd631bd2e6 4f84d65434964fa79bc11131ee534741 - - default default] Volume info retrieved successfully.
2026-05-27 15:58:36.336 76 INFO cinder.api.openstack.wsgi [None req-1c9a97e8-cde6-40ff-9b38-00191fdb967d 3b01ea400d92419f8e4fc7bd631bd2e6 4f84d65434964fa79bc11131ee534741 - - default default] http://[LB_IP_ADDRESS]:8776/v3/4f84d65434964fa79bc11131ee534741/volumes/137232e6-ec5e-46a4-a839-67c7c288f83b returned with HTTP 200
2026-05-27 15:58:36.769 75 INFO cinder.api.openstack.wsgi [None req-702017e8-bf94-4003-8803-a7776b95245f 2f98a0d4cbe34c9e947a7f5bf1b3f86d df6ccd03f69f490b8ee5e0f259a5c8a6 - - default default] GET http://[LB_IP_ADDRESS]:8776/v3/df6ccd03f69f490b8ee5e0f259a5c8a6/os-quota-sets/2793e25420534d149282cf58ce1ed4bf
2026-05-27 15:58:36.786 75 WARNING cinder.quota [None req-702017e8-bf94-4003-8803-a7776b95245f 2f98a0d4cbe34c9e947a7f5bf1b3f86d df6ccd03f69f490b8ee5e0f259a5c8a6 - - default default] Deprecated: Default quota for resource: snapshots_tempest-GroupSnapshotsTest-volume-type-1748498112 is set by the default quota flag: quota_snapshots_tempest-GroupSnapshotsTest-volume-type-1748498112, it is now deprecated. Please use the default quota class for default quota.
2026-05-27 15:58:36.796 75 INFO cinder.api.openstack.wsgi [None req-702017e8-bf94-4003-8803-a7776b95245f 2f98a0d4cbe34c9e947a7f5bf1b3f86d df6ccd03f69f490b8ee5e0f259a5c8a6 - - default default] http://[LB_IP_ADDRESS]:8776/v3/df6ccd03f69f490b8ee5e0f259a5c8a6/os-quota-sets/2793e25420534d149282cf58ce1ed4bf returned with HTTP 200
2026-05-27 15:58:36.926 73 INFO cinder.api.openstack.wsgi [None req-e079b9e5-3fac-44a1-8df5-2f7c56da43d1 724e5eeb9f6b4927836d49d04ff3440a 2793e25420534d149282cf58ce1ed4bf - - default default] POST http://[LB_IP_ADDRESS]:8776/v3/2793e25420534d149282cf58ce1ed4bf/volumes
2026-05-27 15:58:36.930 73 INFO cinder.api.v3.volumes [None req-e079b9e5-3fac-44a1-8df5-2f7c56da43d1 724e5eeb9f6b4927836d49d04ff3440a 2793e25420534d149282cf58ce1ed4bf - - default default] Create volume of 1 GB
2026-05-27 15:58:36.938 73 INFO cinder.volume.api [None req-e079b9e5-3fac-44a1-8df5-2f7c56da43d1 724e5eeb9f6b4927836d49d04ff3440a 2793e25420534d149282cf58ce1ed4bf - - default default] Availability Zones retrieved successfully.
2026-05-27 15:58:37.181 73 INFO cinder.volume.api [None req-e079b9e5-3fac-44a1-8df5-2f7c56da43d1 724e5eeb9f6b4927836d49d04ff3440a 2793e25420534d149282cf58ce1ed4bf - - default default] Create volume request issued successfully.
2026-05-27 15:58:37.183 73 INFO cinder.api.openstack.wsgi [None req-e079b9e5-3fac-44a1-8df5-2f7c56da43d1 724e5eeb9f6b4927836d49d04ff3440a 2793e25420534d149282cf58ce1ed4bf - - default default] http://[LB_IP_ADDRESS]:8776/v3/2793e25420534d149282cf58ce1ed4bf/volumes returned with HTTP 202
2026-05-27 15:58:37.204 72 INFO cinder.api.openstack.wsgi [None req-ccc28452-7da4-4646-91f4-af0475bcda32 724e5eeb9f6b4927836d49d04ff3440a 2793e25420534d149282cf58ce1ed4bf - - default default] GET http://[LB_IP_ADDRESS]:8776/v3/2793e25420534d149282cf58ce1ed4bf/volumes/81902ed3-ca4a-4590-bc8d-c212f0bd02ef
2026-05-27 15:58:37.226 72 INFO cinder.volume.api [None req-ccc28452-7da4-4646-91f4-af0475bcda32 724e5eeb9f6b4927836d49d04ff3440a 2793e25420534d149282cf58ce1ed4bf - - default default] Volume info retrieved successfully.
2026-05-27 15:58:37.236 72 INFO cinder.api.openstack.wsgi [None req-ccc28452-7da4-4646-91f4-af0475bcda32 724e5eeb9f6b4927836d49d04ff3440a 2793e25420534d149282cf58ce1ed4bf - - default default] http://[LB_IP_ADDRESS]:8776/v3/2793e25420534d149282cf58ce1ed4bf/volumes/81902ed3-ca4a-4590-bc8d-c212f0bd02ef returned with HTTP 200
2026-05-27 15:58:37.359 74 INFO cinder.api.openstack.wsgi [None req-ed4be9f0-bc54-4db2-9270-265c4ce6d885 3b01ea400d92419f8e4fc7bd631bd2e6 4f84d65434964fa79bc11131ee534741 - - default default] GET http://[LB_IP_ADDRESS]:8776/v3/4f84d65434964fa79bc11131ee534741/volumes/137232e6-ec5e-46a4-a839-67c7c288f83b
2026-05-27 15:58:37.373 74 INFO cinder.api.openstack.wsgi [None req-ed4be9f0-bc54-4db2-9270-265c4ce6d885 3b01ea400d92419f8e4fc7bd631bd2e6 4f84d65434964fa79bc11131ee534741 - - default default] http://[LB_IP_ADDRESS]:8776/v3/4f84d65434964fa79bc11131ee534741/volumes/137232e6-ec5e-46a4-a839-67c7c288f83b returned with HTTP 404
2026-05-27 15:58:37.385 76 INFO cinder.api.openstack.wsgi [None req-040428e5-a660-43d5-a3d8-cbb444a4931e 3b01ea400d92419f8e4fc7bd631bd2e6 4f84d65434964fa79bc11131ee534741 - - default default] GET http://[LB_IP_ADDRESS]:8776/v3/4f84d65434964fa79bc11131ee534741/volumes/e7ab6325-bab4-4307-960e-37456c28e585
2026-05-27 15:58:37.398 76 INFO cinder.api.openstack.wsgi [None req-040428e5-a660-43d5-a3d8-cbb444a4931e 3b01ea400d92419f8e4fc7bd631bd2e6 4f84d65434964fa79bc11131ee534741 - - default default] http://[LB_IP_ADDRESS]:8776/v3/4f84d65434964fa79bc11131ee534741/volumes/e7ab6325-bab4-4307-960e-37456c28e585 returned with HTTP 404
2026-05-27 15:58:37.411 75 INFO cinder.api.openstack.wsgi [None req-91f0d9bb-ca7a-47e8-9c32-d1e5d1683907 3b01ea400d92419f8e4fc7bd631bd2e6 4f84d65434964fa79bc11131ee534741 - - default default] GET http://[LB_IP_ADDRESS]:8776/v3/4f84d65434964fa79bc11131ee534741/groups/ec441408-f19e-4744-8dd9-180ba3b3e7a2
2026-05-27 15:58:37.417 75 INFO cinder.api.openstack.wsgi [None req-91f0d9bb-ca7a-47e8-9c32-d1e5d1683907 3b01ea400d92419f8e4fc7bd631bd2e6 4f84d65434964fa79bc11131ee534741 - - default default] http://[LB_IP_ADDRESS]:8776/v3/4f84d65434964fa79bc11131ee534741/groups/ec441408-f19e-4744-8dd9-180ba3b3e7a2 returned with HTTP 404
2026-05-27 15:58:37.430 73 INFO cinder.api.openstack.wsgi [None req-c9f07dbd-b7a4-4ae1-9da2-5ecf78cab0a9 f7ec4e691dd548dd8453c262685171fa 8ddb0c7b7b71457dbd361119bb13ed9b - - default default] DELETE http://[LB_IP_ADDRESS]:8776/v3/8ddb0c7b7b71457dbd361119bb13ed9b/group_types/52a53b97-b8fd-423d-bc97-912eae59c464
2026-05-27 15:58:37.452 73 INFO cinder.api.openstack.wsgi [None req-c9f07dbd-b7a4-4ae1-9da2-5ecf78cab0a9 f7ec4e691dd548dd8453c262685171fa 8ddb0c7b7b71457dbd361119bb13ed9b - - default default] http://[LB_IP_ADDRESS]:8776/v3/8ddb0c7b7b71457dbd361119bb13ed9b/group_types/52a53b97-b8fd-423d-bc97-912eae59c464 returned with HTTP 202
2026-05-27 15:58:37.464 72 INFO cinder.api.openstack.wsgi [None req-f40e7670-f486-4e2d-b58a-f193a5497918 f7ec4e691dd548dd8453c262685171fa 8ddb0c7b7b71457dbd361119bb13ed9b - - default default] DELETE http://[LB_IP_ADDRESS]:8776/v3/8ddb0c7b7b71457dbd361119bb13ed9b/types/69282b1f-8a13-4acb-a45e-4d280a7be080
2026-05-27 15:58:37.505 72 INFO cinder.api.openstack.wsgi [None req-f40e7670-f486-4e2d-b58a-f193a5497918 f7ec4e691dd548dd8453c262685171fa 8ddb0c7b7b71457dbd361119bb13ed9b - - default default] http://[LB_IP_ADDRESS]:8776/v3/8ddb0c7b7b71457dbd361119bb13ed9b/types/69282b1f-8a13-4acb-a45e-4d280a7be080 returned with HTTP 202
2026-05-27 15:58:37.517 74 INFO cinder.api.openstack.wsgi [None req-35ac0a9b-7d50-450d-9bc2-0991e9cbe767 f7ec4e691dd548dd8453c262685171fa 8ddb0c7b7b71457dbd361119bb13ed9b - - default default] GET http://[LB_IP_ADDRESS]:8776/v3/8ddb0c7b7b71457dbd361119bb13ed9b/types/69282b1f-8a13-4acb-a45e-4d280a7be080
2026-05-27 15:58:37.523 74 INFO cinder.api.openstack.wsgi [None req-35ac0a9b-7d50-450d-9bc2-0991e9cbe767 f7ec4e691dd548dd8453c262685171fa 8ddb0c7b7b71457dbd361119bb13ed9b - - default default] http://[LB_IP_ADDRESS]:8776/v3/8ddb0c7b7b71457dbd361119bb13ed9b/types/69282b1f-8a13-4acb-a45e-4d280a7be080 returned with HTTP 404
2026-05-27 15:58:37.544 76 INFO cinder.api.openstack.wsgi [None req-b4d86d1f-2039-4b24-826a-42c9dcd94a3a f7ec4e691dd548dd8453c262685171fa 8ddb0c7b7b71457dbd361119bb13ed9b - - default default] POST http://[LB_IP_ADDRESS]:8776/v3/8ddb0c7b7b71457dbd361119bb13ed9b/types
2026-05-27 15:58:37.567 76 INFO cinder.api.openstack.wsgi [None req-b4d86d1f-2039-4b24-826a-42c9dcd94a3a f7ec4e691dd548dd8453c262685171fa 8ddb0c7b7b71457dbd361119bb13ed9b - - default default] http://[LB_IP_ADDRESS]:8776/v3/8ddb0c7b7b71457dbd361119bb13ed9b/types returned with HTTP 200
2026-05-27 15:58:37.582 75 INFO cinder.api.openstack.wsgi [None req-9617df6d-1801-47f2-9660-4ba4038bb4e6 f7ec4e691dd548dd8453c262685171fa 8ddb0c7b7b71457dbd361119bb13ed9b - - default default] POST http://[LB_IP_ADDRESS]:8776/v3/8ddb0c7b7b71457dbd361119bb13ed9b/group_types
2026-05-27 15:58:37.606 75 INFO cinder.api.openstack.wsgi [None req-9617df6d-1801-47f2-9660-4ba4038bb4e6 f7ec4e691dd548dd8453c262685171fa 8ddb0c7b7b71457dbd361119bb13ed9b - - default default] http://[LB_IP_ADDRESS]:8776/v3/8ddb0c7b7b71457dbd361119bb13ed9b/group_types returned with HTTP 202
2026-05-27 15:58:37.621 73 INFO cinder.api.openstack.wsgi [None req-9d228cce-ec20-46fe-b499-2f6ba7e5b028 3b01ea400d92419f8e4fc7bd631bd2e6 4f84d65434964fa79bc11131ee534741 - - default default] POST http://[LB_IP_ADDRESS]:8776/v3/4f84d65434964fa79bc11131ee534741/groups
2026-05-27 15:58:37.631 73 INFO cinder.api.v3.groups [None req-9d228cce-ec20-46fe-b499-2f6ba7e5b028 3b01ea400d92419f8e4fc7bd631bd2e6 4f84d65434964fa79bc11131ee534741 - - default default] Creating group tempest-GroupSnapshotsTest-Group-1093049941.
2026-05-27 15:58:37.642 73 INFO cinder.volume.api [None req-9d228cce-ec20-46fe-b499-2f6ba7e5b028 3b01ea400d92419f8e4fc7bd631bd2e6 4f84d65434964fa79bc11131ee534741 - - default default] Availability Zones retrieved successfully.
2026-05-27 15:58:37.696 73 INFO cinder.api.openstack.wsgi [None req-9d228cce-ec20-46fe-b499-2f6ba7e5b028 3b01ea400d92419f8e4fc7bd631bd2e6 4f84d65434964fa79bc11131ee534741 - - default default] http://[LB_IP_ADDRESS]:8776/v3/4f84d65434964fa79bc11131ee534741/groups returned with HTTP 202
2026-05-27 15:58:37.710 72 INFO cinder.api.openstack.wsgi [None req-c6090148-80d8-48c7-9a53-54e7737eed6d 3b01ea400d92419f8e4fc7bd631bd2e6 4f84d65434964fa79bc11131ee534741 - - default default] GET http://[LB_IP_ADDRESS]:8776/v3/4f84d65434964fa79bc11131ee534741/groups/149941b7-e6eb-4084-b05d-bdc3383a52d0
2026-05-27 15:58:37.731 72 INFO cinder.api.openstack.wsgi [None req-c6090148-80d8-48c7-9a53-54e7737eed6d 3b01ea400d92419f8e4fc7bd631bd2e6 4f84d65434964fa79bc11131ee534741 - - default default] http://[LB_IP_ADDRESS]:8776/v3/4f84d65434964fa79bc11131ee534741/groups/149941b7-e6eb-4084-b05d-bdc3383a52d0 returned with HTTP 200
2026-05-27 15:58:38.258 74 INFO cinder.api.openstack.wsgi [None req-320130fd-53b6-4c3f-a832-efcb74b8aa25 724e5eeb9f6b4927836d49d04ff3440a 2793e25420534d149282cf58ce1ed4bf - - default default] GET http://[LB_IP_ADDRESS]:8776/v3/2793e25420534d149282cf58ce1ed4bf/volumes/81902ed3-ca4a-4590-bc8d-c212f0bd02ef
2026-05-27 15:58:38.280 74 INFO cinder.volume.api [None req-320130fd-53b6-4c3f-a832-efcb74b8aa25 724e5eeb9f6b4927836d49d04ff3440a 2793e25420534d149282cf58ce1ed4bf - - default default] Volume info retrieved successfully.
2026-05-27 15:58:38.290 74 INFO cinder.api.openstack.wsgi [None req-320130fd-53b6-4c3f-a832-efcb74b8aa25 724e5eeb9f6b4927836d49d04ff3440a 2793e25420534d149282cf58ce1ed4bf - - default default] http://[LB_IP_ADDRESS]:8776/v3/2793e25420534d149282cf58ce1ed4bf/volumes/81902ed3-ca4a-4590-bc8d-c212f0bd02ef returned with HTTP 200
2026-05-27 15:58:38.315 76 INFO cinder.api.openstack.wsgi [None req-a5bbb23b-bfb6-40e8-81fe-f38c31461f2e 2f98a0d4cbe34c9e947a7f5bf1b3f86d df6ccd03f69f490b8ee5e0f259a5c8a6 - - default default] PUT http://[LB_IP_ADDRESS]:8776/v3/df6ccd03f69f490b8ee5e0f259a5c8a6/os-quota-sets/2793e25420534d149282cf58ce1ed4bf
2026-05-27 15:58:38.378 76 WARNING cinder.quota [None req-a5bbb23b-bfb6-40e8-81fe-f38c31461f2e 2f98a0d4cbe34c9e947a7f5bf1b3f86d df6ccd03f69f490b8ee5e0f259a5c8a6 - - default default] Deprecated: Default quota for resource: volumes_tempest-GroupSnapshotsTest-volume-type-1167033788 is set by the default quota flag: quota_volumes_tempest-GroupSnapshotsTest-volume-type-1167033788, it is now deprecated. Please use the default quota class for default quota.
2026-05-27 15:58:38.379 76 WARNING cinder.quota [None req-a5bbb23b-bfb6-40e8-81fe-f38c31461f2e 2f98a0d4cbe34c9e947a7f5bf1b3f86d df6ccd03f69f490b8ee5e0f259a5c8a6 - - default default] Deprecated: Default quota for resource: gigabytes_tempest-GroupSnapshotsTest-volume-type-1167033788 is set by the default quota flag: quota_gigabytes_tempest-GroupSnapshotsTest-volume-type-1167033788, it is now deprecated. Please use the default quota class for default quota.
2026-05-27 15:58:38.379 76 WARNING cinder.quota [None req-a5bbb23b-bfb6-40e8-81fe-f38c31461f2e 2f98a0d4cbe34c9e947a7f5bf1b3f86d df6ccd03f69f490b8ee5e0f259a5c8a6 - - default default] Deprecated: Default quota for resource: snapshots_tempest-GroupSnapshotsTest-volume-type-1167033788 is set by the default quota flag: quota_snapshots_tempest-GroupSnapshotsTest-volume-type-1167033788, it is now deprecated. Please use the default quota class for default quota.
2026-05-27 15:58:38.389 76 INFO cinder.api.openstack.wsgi [None req-a5bbb23b-bfb6-40e8-81fe-f38c31461f2e 2f98a0d4cbe34c9e947a7f5bf1b3f86d df6ccd03f69f490b8ee5e0f259a5c8a6 - - default default] http://[LB_IP_ADDRESS]:8776/v3/df6ccd03f69f490b8ee5e0f259a5c8a6/os-quota-sets/2793e25420534d149282cf58ce1ed4bf returned with HTTP 200
2026-05-27 15:58:38.405 75 INFO cinder.api.openstack.wsgi [None req-e1840506-72b7-4b5a-9fac-e10fc54b92e5 724e5eeb9f6b4927836d49d04ff3440a 2793e25420534d149282cf58ce1ed4bf - - default default] POST http://[LB_IP_ADDRESS]:8776/v3/2793e25420534d149282cf58ce1ed4bf/volumes
2026-05-27 15:58:38.409 75 INFO cinder.api.v3.volumes [None req-e1840506-72b7-4b5a-9fac-e10fc54b92e5 724e5eeb9f6b4927836d49d04ff3440a 2793e25420534d149282cf58ce1ed4bf - - default default] Create volume of 2 GB
2026-05-27 15:58:38.417 75 INFO cinder.volume.api [None req-e1840506-72b7-4b5a-9fac-e10fc54b92e5 724e5eeb9f6b4927836d49d04ff3440a 2793e25420534d149282cf58ce1ed4bf - - default default] Availability Zones retrieved successfully.
2026-05-27 15:58:38.524 75 WARNING cinder.quota_utils [None req-e1840506-72b7-4b5a-9fac-e10fc54b92e5 724e5eeb9f6b4927836d49d04ff3440a 2793e25420534d149282cf58ce1ed4bf - - default default] Quota exceeded for 2793e25420534d149282cf58ce1ed4bf, tried to create 2G volume (1G of 1G already consumed).: cinder.exception.OverQuota: Quota exceeded for resources: ['gigabytes']
2026-05-27 15:58:38.535 75 WARNING cinder.volume.api [None req-e1840506-72b7-4b5a-9fac-e10fc54b92e5 724e5eeb9f6b4927836d49d04ff3440a 2793e25420534d149282cf58ce1ed4bf - - default default] Task 'cinder.volume.flows.api.create_volume.QuotaReserveTask;volume:create' (e9595ea4-45fc-4b50-a273-040871405e58) transitioned into state 'FAILURE' from state 'RUNNING'

Failure: cinder.exception.VolumeSizeExceedsAvailableQuota: Requested volume or snapshot exceeds allowed gigabytes quota. Requested 2G, quota is 1G and 1G has been consumed.
2026-05-27 15:58:38.541 75 WARNING cinder.volume.api [None req-e1840506-72b7-4b5a-9fac-e10fc54b92e5 724e5eeb9f6b4927836d49d04ff3440a 2793e25420534d149282cf58ce1ed4bf - - default default] Task 'cinder.volume.flows.api.create_volume.QuotaReserveTask;volume:create' (e9595ea4-45fc-4b50-a273-040871405e58) transitioned into state 'REVERTED' from state 'REVERTING'
2026-05-27 15:58:38.544 75 WARNING cinder.volume.api [None req-e1840506-72b7-4b5a-9fac-e10fc54b92e5 724e5eeb9f6b4927836d49d04ff3440a 2793e25420534d149282cf58ce1ed4bf - - default default] Task 'cinder.volume.flows.api.create_volume.ExtractVolumeRequestTask;volume:create' (b26ad30c-a7f3-41cf-8150-7e66c91b125a) transitioned into state 'REVERTED' from state 'REVERTING'
2026-05-27 15:58:38.546 75 WARNING cinder.volume.api [None req-e1840506-72b7-4b5a-9fac-e10fc54b92e5 724e5eeb9f6b4927836d49d04ff3440a 2793e25420534d149282cf58ce1ed4bf - - default default] Flow 'volume_create_api' (4837d124-001a-4018-9e8e-d2f42cf0f4a9) transitioned into state 'REVERTED' from state 'RUNNING'
2026-05-27 15:58:38.546 75 INFO cinder.api.middleware.fault [None req-e1840506-72b7-4b5a-9fac-e10fc54b92e5 724e5eeb9f6b4927836d49d04ff3440a 2793e25420534d149282cf58ce1ed4bf - - default default] http://[LB_IP_ADDRESS]:8776/v3/2793e25420534d149282cf58ce1ed4bf/volumes returned with HTTP 413
2026-05-27 15:58:38.565 73 INFO cinder.api.openstack.wsgi [None req-ca132133-86b9-4db4-af8f-7486d2d7d5c4 2f98a0d4cbe34c9e947a7f5bf1b3f86d df6ccd03f69f490b8ee5e0f259a5c8a6 - - default default] PUT http://[LB_IP_ADDRESS]:8776/v3/df6ccd03f69f490b8ee5e0f259a5c8a6/os-quota-sets/2793e25420534d149282cf58ce1ed4bf
2026-05-27 15:58:38.627 73 WARNING cinder.quota [None req-ca132133-86b9-4db4-af8f-7486d2d7d5c4 2f98a0d4cbe34c9e947a7f5bf1b3f86d df6ccd03f69f490b8ee5e0f259a5c8a6 - - default default] Deprecated: Default quota for resource: volumes_tempest-GroupSnapshotsTest-volume-type-1167033788 is set by the default quota flag: quota_volumes_tempest-GroupSnapshotsTest-volume-type-1167033788, it is now deprecated. Please use the default quota class for default quota.
2026-05-27 15:58:38.627 73 WARNING cinder.quota [None req-ca132133-86b9-4db4-af8f-7486d2d7d5c4 2f98a0d4cbe34c9e947a7f5bf1b3f86d df6ccd03f69f490b8ee5e0f259a5c8a6 - - default default] Deprecated: Default quota for resource: gigabytes_tempest-GroupSnapshotsTest-volume-type-1167033788 is set by the default quota flag: quota_gigabytes_tempest-GroupSnapshotsTest-volume-type-1167033788, it is now deprecated. Please use the default quota class for default quota.
2026-05-27 15:58:38.628 73 WARNING cinder.quota [None req-ca132133-86b9-4db4-af8f-7486d2d7d5c4 2f98a0d4cbe34c9e947a7f5bf1b3f86d df6ccd03f69f490b8ee5e0f259a5c8a6 - - default default] Deprecated: Default quota for resource: snapshots_tempest-GroupSnapshotsTest-volume-type-1167033788 is set by the default quota flag: quota_snapshots_tempest-GroupSnapshotsTest-volume-type-1167033788, it is now deprecated. Please use the default quota class for default quota.
2026-05-27 15:58:38.638 73 INFO cinder.api.openstack.wsgi [None req-ca132133-86b9-4db4-af8f-7486d2d7d5c4 2f98a0d4cbe34c9e947a7f5bf1b3f86d df6ccd03f69f490b8ee5e0f259a5c8a6 - - default default] http://[LB_IP_ADDRESS]:8776/v3/df6ccd03f69f490b8ee5e0f259a5c8a6/os-quota-sets/2793e25420534d149282cf58ce1ed4bf returned with HTTP 200
2026-05-27 15:58:38.654 72 INFO cinder.api.openstack.wsgi [None req-b4755303-586d-4e7e-bf56-374b59b3f4f5 724e5eeb9f6b4927836d49d04ff3440a 2793e25420534d149282cf58ce1ed4bf - - default default] POST http://[LB_IP_ADDRESS]:8776/v3/2793e25420534d149282cf58ce1ed4bf/volumes
2026-05-27 15:58:38.658 72 INFO cinder.api.v3.volumes [None req-b4755303-586d-4e7e-bf56-374b59b3f4f5 724e5eeb9f6b4927836d49d04ff3440a 2793e25420534d149282cf58ce1ed4bf - - default default] Create volume of 1 GB
2026-05-27 15:58:38.666 72 INFO cinder.volume.api [None req-b4755303-586d-4e7e-bf56-374b59b3f4f5 724e5eeb9f6b4927836d49d04ff3440a 2793e25420534d149282cf58ce1ed4bf - - default default] Availability Zones retrieved successfully.
2026-05-27 15:58:38.749 76 INFO cinder.api.openstack.wsgi [None req-896c1de5-02c4-4d7f-820f-3606f5378907 3b01ea400d92419f8e4fc7bd631bd2e6 4f84d65434964fa79bc11131ee534741 - - default default] GET http://[LB_IP_ADDRESS]:8776/v3/4f84d65434964fa79bc11131ee534741/groups/149941b7-e6eb-4084-b05d-bdc3383a52d0
2026-05-27 15:58:38.768 76 INFO cinder.api.openstack.wsgi [None req-896c1de5-02c4-4d7f-820f-3606f5378907 3b01ea400d92419f8e4fc7bd631bd2e6 4f84d65434964fa79bc11131ee534741 - - default default] http://[LB_IP_ADDRESS]:8776/v3/4f84d65434964fa79bc11131ee534741/groups/149941b7-e6eb-4084-b05d-bdc3383a52d0 returned with HTTP 200
2026-05-27 15:58:38.774 72 WARNING cinder.quota_utils [None req-b4755303-586d-4e7e-bf56-374b59b3f4f5 724e5eeb9f6b4927836d49d04ff3440a 2793e25420534d149282cf58ce1ed4bf - - default default] Quota exceeded for 2793e25420534d149282cf58ce1ed4bf, tried to create volume (1 volumes already consumed).: cinder.exception.OverQuota: Quota exceeded for resources: ['volumes']
2026-05-27 15:58:38.779 72 WARNING cinder.volume.api [None req-b4755303-586d-4e7e-bf56-374b59b3f4f5 724e5eeb9f6b4927836d49d04ff3440a 2793e25420534d149282cf58ce1ed4bf - - default default] Task 'cinder.volume.flows.api.create_volume.QuotaReserveTask;volume:create' (25725e53-c213-4c1b-b5d6-0d509decc583) transitioned into state 'FAILURE' from state 'RUNNING'

Failure: cinder.exception.VolumeLimitExceeded: Maximum number of volumes allowed (1) exceeded for quota 'volumes'.
2026-05-27 15:58:38.785 72 WARNING cinder.volume.api [None req-b4755303-586d-4e7e-bf56-374b59b3f4f5 724e5eeb9f6b4927836d49d04ff3440a 2793e25420534d149282cf58ce1ed4bf - - default default] Task 'cinder.volume.flows.api.create_volume.QuotaReserveTask;volume:create' (25725e53-c213-4c1b-b5d6-0d509decc583) transitioned into state 'REVERTED' from state 'REVERTING'
2026-05-27 15:58:38.786 75 INFO cinder.api.openstack.wsgi [None req-a6bbfa9a-c205-48b5-b839-b329e81c522e 3b01ea400d92419f8e4fc7bd631bd2e6 4f84d65434964fa79bc11131ee534741 - - default default] POST http://[LB_IP_ADDRESS]:8776/v3/4f84d65434964fa79bc11131ee534741/volumes
2026-05-27 15:58:38.788 72 WARNING cinder.volume.api [None req-b4755303-586d-4e7e-bf56-374b59b3f4f5 724e5eeb9f6b4927836d49d04ff3440a 2793e25420534d149282cf58ce1ed4bf - - default default] Task 'cinder.volume.flows.api.create_volume.ExtractVolumeRequestTask;volume:create' (fb8f4dce-f151-4d93-9d6f-da5c2773f9d8) transitioned into state 'REVERTED' from state 'REVERTING'
2026-05-27 15:58:38.790 72 WARNING cinder.volume.api [None req-b4755303-586d-4e7e-bf56-374b59b3f4f5 724e5eeb9f6b4927836d49d04ff3440a 2793e25420534d149282cf58ce1ed4bf - - default default] Flow 'volume_create_api' (e7bf517f-d2cf-41c9-a2ec-19f13d2e4a92) transitioned into state 'REVERTED' from state 'RUNNING'
2026-05-27 15:58:38.791 72 INFO cinder.api.middleware.fault [None req-b4755303-586d-4e7e-bf56-374b59b3f4f5 724e5eeb9f6b4927836d49d04ff3440a 2793e25420534d149282cf58ce1ed4bf - - default default] http://[LB_IP_ADDRESS]:8776/v3/2793e25420534d149282cf58ce1ed4bf/volumes returned with HTTP 413
2026-05-27 15:58:38.802 75 INFO cinder.api.v3.volumes [None req-a6bbfa9a-c205-48b5-b839-b329e81c522e 3b01ea400d92419f8e4fc7bd631bd2e6 4f84d65434964fa79bc11131ee534741 - - default default] Create volume of 1 GB
2026-05-27 15:58:38.808 73 INFO cinder.api.openstack.wsgi [None req-0c9b6dbf-9c39-47ad-93ff-551eda3722a3 2f98a0d4cbe34c9e947a7f5bf1b3f86d df6ccd03f69f490b8ee5e0f259a5c8a6 - - default default] PUT http://[LB_IP_ADDRESS]:8776/v3/df6ccd03f69f490b8ee5e0f259a5c8a6/os-quota-sets/2793e25420534d149282cf58ce1ed4bf
2026-05-27 15:58:38.812 75 INFO cinder.volume.api [None req-a6bbfa9a-c205-48b5-b839-b329e81c522e 3b01ea400d92419f8e4fc7bd631bd2e6 4f84d65434964fa79bc11131ee534741 - - default default] Availability Zones retrieved successfully.
2026-05-27 15:58:38.860 74 INFO cinder.api.openstack.wsgi [None req-f5f02f17-4326-43df-b943-de70b90e4b05 769396a2e7434391a45067653f6c83b1 d7629a80f02e4e7eb22165db047cbcbc - - default default] POST http://[LB_IP_ADDRESS]:8776/v3/d7629a80f02e4e7eb22165db047cbcbc/types
2026-05-27 15:58:38.868 73 INFO cinder.api.openstack.wsgi [None req-0c9b6dbf-9c39-47ad-93ff-551eda3722a3 2f98a0d4cbe34c9e947a7f5bf1b3f86d df6ccd03f69f490b8ee5e0f259a5c8a6 - - default default] http://[LB_IP_ADDRESS]:8776/v3/df6ccd03f69f490b8ee5e0f259a5c8a6/os-quota-sets/2793e25420534d149282cf58ce1ed4bf returned with HTTP 200
2026-05-27 15:58:38.884 76 INFO cinder.api.openstack.wsgi [None req-a9bac9a4-28f7-4229-90fb-7a41f1c6595d 724e5eeb9f6b4927836d49d04ff3440a 2793e25420534d149282cf58ce1ed4bf - - default default] POST http://[LB_IP_ADDRESS]:8776/v3/2793e25420534d149282cf58ce1ed4bf/volumes/81902ed3-ca4a-4590-bc8d-c212f0bd02ef/action
2026-05-27 15:58:38.885 74 INFO cinder.api.openstack.wsgi [None req-f5f02f17-4326-43df-b943-de70b90e4b05 769396a2e7434391a45067653f6c83b1 d7629a80f02e4e7eb22165db047cbcbc - - default default] http://[LB_IP_ADDRESS]:8776/v3/d7629a80f02e4e7eb22165db047cbcbc/types returned with HTTP 200
2026-05-27 15:58:38.902 72 INFO cinder.api.openstack.wsgi [None req-16de4177-464c-4b92-9a04-f77af906df5d 769396a2e7434391a45067653f6c83b1 d7629a80f02e4e7eb22165db047cbcbc - - default default] POST http://[LB_IP_ADDRESS]:8776/v3/d7629a80f02e4e7eb22165db047cbcbc/types/ad8cd750-56aa-4603-90b3-1ccf69d5ef6b/action
2026-05-27 15:58:38.903 75 WARNING cinder.quota [None req-a6bbfa9a-c205-48b5-b839-b329e81c522e 3b01ea400d92419f8e4fc7bd631bd2e6 4f84d65434964fa79bc11131ee534741 - - default default] Deprecated: Default quota for resource: volumes_tempest-GroupSnapshotsTest-volume-type-1167033788 is set by the default quota flag: quota_volumes_tempest-GroupSnapshotsTest-volume-type-1167033788, it is now deprecated. Please use the default quota class for default quota.
2026-05-27 15:58:38.904 75 WARNING cinder.quota [None req-a6bbfa9a-c205-48b5-b839-b329e81c522e 3b01ea400d92419f8e4fc7bd631bd2e6 4f84d65434964fa79bc11131ee534741 - - default default] Deprecated: Default quota for resource: gigabytes_tempest-GroupSnapshotsTest-volume-type-1167033788 is set by the default quota flag: quota_gigabytes_tempest-GroupSnapshotsTest-volume-type-1167033788, it is now deprecated. Please use the default quota class for default quota.
2026-05-27 15:58:38.904 76 INFO cinder.volume.api [None req-a9bac9a4-28f7-4229-90fb-7a41f1c6595d 724e5eeb9f6b4927836d49d04ff3440a 2793e25420534d149282cf58ce1ed4bf - - default default] Volume info retrieved successfully.
2026-05-27 15:58:38.920 72 INFO cinder.api.openstack.wsgi [None req-16de4177-464c-4b92-9a04-f77af906df5d 769396a2e7434391a45067653f6c83b1 d7629a80f02e4e7eb22165db047cbcbc - - default default] http://[LB_IP_ADDRESS]:8776/v3/d7629a80f02e4e7eb22165db047cbcbc/types/ad8cd750-56aa-4603-90b3-1ccf69d5ef6b/action returned with HTTP 202
2026-05-27 15:58:38.933 73 INFO cinder.api.openstack.wsgi [None req-ac6a6a73-674f-4576-8eff-908d0df0bec2 769396a2e7434391a45067653f6c83b1 d7629a80f02e4e7eb22165db047cbcbc - - default default] POST http://[LB_IP_ADDRESS]:8776/v3/d7629a80f02e4e7eb22165db047cbcbc/types/ad8cd750-56aa-4603-90b3-1ccf69d5ef6b/action
2026-05-27 15:58:38.951 73 INFO cinder.api.openstack.wsgi [None req-ac6a6a73-674f-4576-8eff-908d0df0bec2 769396a2e7434391a45067653f6c83b1 d7629a80f02e4e7eb22165db047cbcbc - - default default] http://[LB_IP_ADDRESS]:8776/v3/d7629a80f02e4e7eb22165db047cbcbc/types/ad8cd750-56aa-4603-90b3-1ccf69d5ef6b/action returned with HTTP 202
2026-05-27 15:58:38.954 76 ERROR cinder.volume.api [None req-a9bac9a4-28f7-4229-90fb-7a41f1c6595d 724e5eeb9f6b4927836d49d04ff3440a 2793e25420534d149282cf58ce1ed4bf - - default default] Quota exceeded for 2793e25420534d149282cf58ce1ed4bf, tried to extend volume by 1G, (1G of 1G already consumed).: cinder.exception.OverQuota: Quota exceeded for resources: ['gigabytes']
2026-05-27 15:58:38.960 76 INFO cinder.api.middleware.fault [None req-a9bac9a4-28f7-4229-90fb-7a41f1c6595d 724e5eeb9f6b4927836d49d04ff3440a 2793e25420534d149282cf58ce1ed4bf - - default default] http://[LB_IP_ADDRESS]:8776/v3/2793e25420534d149282cf58ce1ed4bf/volumes/81902ed3-ca4a-4590-bc8d-c212f0bd02ef/action returned with HTTP 413
2026-05-27 15:58:38.966 74 INFO cinder.api.openstack.wsgi [None req-a21fcda5-db68-4c36-8843-2f868eaba851 769396a2e7434391a45067653f6c83b1 d7629a80f02e4e7eb22165db047cbcbc - - default default] GET http://[LB_IP_ADDRESS]:8776/v3/d7629a80f02e4e7eb22165db047cbcbc/types/ad8cd750-56aa-4603-90b3-1ccf69d5ef6b/os-volume-type-access
2026-05-27 15:58:38.974 72 INFO cinder.api.openstack.wsgi [None req-8e7fce61-532e-4f84-a0f4-b77b1a2557db 724e5eeb9f6b4927836d49d04ff3440a 2793e25420534d149282cf58ce1ed4bf - - default default] GET http://[LB_IP_ADDRESS]:8776/v3/2793e25420534d149282cf58ce1ed4bf/volumes/81902ed3-ca4a-4590-bc8d-c212f0bd02ef
2026-05-27 15:58:38.975 74 INFO cinder.api.openstack.wsgi [None req-a21fcda5-db68-4c36-8843-2f868eaba851 769396a2e7434391a45067653f6c83b1 d7629a80f02e4e7eb22165db047cbcbc - - default default] http://[LB_IP_ADDRESS]:8776/v3/d7629a80f02e4e7eb22165db047cbcbc/types/ad8cd750-56aa-4603-90b3-1ccf69d5ef6b/os-volume-type-access returned with HTTP 200
2026-05-27 15:58:38.990 73 INFO cinder.api.openstack.wsgi [None req-c7fb4d36-8324-4327-b95d-716d65103118 769396a2e7434391a45067653f6c83b1 d7629a80f02e4e7eb22165db047cbcbc - - default default] POST http://[LB_IP_ADDRESS]:8776/v3/d7629a80f02e4e7eb22165db047cbcbc/types/ad8cd750-56aa-4603-90b3-1ccf69d5ef6b/action
2026-05-27 15:58:38.996 72 INFO cinder.volume.api [None req-8e7fce61-532e-4f84-a0f4-b77b1a2557db 724e5eeb9f6b4927836d49d04ff3440a 2793e25420534d149282cf58ce1ed4bf - - default default] Volume info retrieved successfully.
2026-05-27 15:58:39.006 72 INFO cinder.api.openstack.wsgi [None req-8e7fce61-532e-4f84-a0f4-b77b1a2557db 724e5eeb9f6b4927836d49d04ff3440a 2793e25420534d149282cf58ce1ed4bf - - default default] http://[LB_IP_ADDRESS]:8776/v3/2793e25420534d149282cf58ce1ed4bf/volumes/81902ed3-ca4a-4590-bc8d-c212f0bd02ef returned with HTTP 200
