2022-04-07 15:34:06.309 19 INFO cinder.api.openstack.wsgi [req-4ec75f75-35c5-421c-9150-88724481c476 195117fd6d9e4987aa5558d8547ade11 - - default default] http://[LB_IP_ADDRESS]:8776/v3/32d337ea694e44248fd9e0efbbd1ddcb/types/94d6d9f3-7a04-4bed-814a-b495f29e0d4d/extra_specs/49f62c87-49b0-4374-b17e-35e4b9918ce5 returned with HTTP 400
2022-04-07 15:34:06.325 20 INFO cinder.api.openstack.wsgi [req-48ccc853-8eb2-485b-8875-4669739d4aa3 195117fd6d9e4987aa5558d8547ade11 - - default default] PUT http://[LB_IP_ADDRESS]:8776/v3/32d337ea694e44248fd9e0efbbd1ddcb/types/e002cf20-5339-4090-8994-5310e381a0c5/extra_specs/spec1
2022-04-07 15:34:06.358 20 INFO cinder.api.openstack.wsgi [req-48ccc853-8eb2-485b-8875-4669739d4aa3 195117fd6d9e4987aa5558d8547ade11 - - default default] http://[LB_IP_ADDRESS]:8776/v3/32d337ea694e44248fd9e0efbbd1ddcb/types/e002cf20-5339-4090-8994-5310e381a0c5/extra_specs/spec1 returned with HTTP 404
2022-04-07 15:34:06.370 21 INFO cinder.api.openstack.wsgi [req-69f67179-2cc8-4042-b37b-391cdd84f0c0 195117fd6d9e4987aa5558d8547ade11 - - default default] DELETE http://[LB_IP_ADDRESS]:8776/v3/32d337ea694e44248fd9e0efbbd1ddcb/types/94d6d9f3-7a04-4bed-814a-b495f29e0d4d
2022-04-07 15:34:06.452 21 INFO cinder.api.openstack.wsgi [req-69f67179-2cc8-4042-b37b-391cdd84f0c0 195117fd6d9e4987aa5558d8547ade11 - - default default] http://[LB_IP_ADDRESS]:8776/v3/32d337ea694e44248fd9e0efbbd1ddcb/types/94d6d9f3-7a04-4bed-814a-b495f29e0d4d returned with HTTP 202
2022-04-07 15:34:06.464 23 INFO cinder.api.openstack.wsgi [req-bd177beb-c4e8-4e21-a25c-c3e90cceda71 195117fd6d9e4987aa5558d8547ade11 - - default default] GET http://[LB_IP_ADDRESS]:8776/v3/32d337ea694e44248fd9e0efbbd1ddcb/types/94d6d9f3-7a04-4bed-814a-b495f29e0d4d
2022-04-07 15:34:06.470 23 INFO cinder.api.openstack.wsgi [req-bd177beb-c4e8-4e21-a25c-c3e90cceda71 195117fd6d9e4987aa5558d8547ade11 - - default default] http://[LB_IP_ADDRESS]:8776/v3/32d337ea694e44248fd9e0efbbd1ddcb/types/94d6d9f3-7a04-4bed-814a-b495f29e0d4d returned with HTTP 404
2022-04-07 15:34:11.495 22 INFO cinder.api.openstack.wsgi [req-4a4b04e2-2a91-457e-9d84-8f547d8a2163 9772a4abfde042108e45cacd9f197790 - - default default] POST http://[LB_IP_ADDRESS]:8776/v3/ac23d29bb3794529b0d4b6be0fab05f0/types/11555a4c-4e1b-4457-b5b1-77d0c42a29a7/encryption
2022-04-07 15:34:11.546 22 INFO cinder.api.openstack.wsgi [req-4a4b04e2-2a91-457e-9d84-8f547d8a2163 9772a4abfde042108e45cacd9f197790 - - default default] http://[LB_IP_ADDRESS]:8776/v3/ac23d29bb3794529b0d4b6be0fab05f0/types/11555a4c-4e1b-4457-b5b1-77d0c42a29a7/encryption returned with HTTP 404
2022-04-07 15:34:11.559 19 INFO cinder.api.openstack.wsgi [req-1cb3064a-9e57-4dcd-a6a0-25abcec419e6 9772a4abfde042108e45cacd9f197790 - - default default] POST http://[LB_IP_ADDRESS]:8776/v3/ac23d29bb3794529b0d4b6be0fab05f0/types
2022-04-07 15:34:11.562 19 INFO cinder.api.openstack.wsgi [req-1cb3064a-9e57-4dcd-a6a0-25abcec419e6 9772a4abfde042108e45cacd9f197790 - - default default] http://[LB_IP_ADDRESS]:8776/v3/ac23d29bb3794529b0d4b6be0fab05f0/types returned with HTTP 400
2022-04-07 15:34:11.574 20 INFO cinder.api.openstack.wsgi [req-36f2e1a4-b903-48b4-a84d-3ac5f2a6b12b 9772a4abfde042108e45cacd9f197790 - - default default] POST http://[LB_IP_ADDRESS]:8776/v3/ac23d29bb3794529b0d4b6be0fab05f0/types
2022-04-07 15:34:11.607 20 INFO cinder.api.openstack.wsgi [req-36f2e1a4-b903-48b4-a84d-3ac5f2a6b12b 9772a4abfde042108e45cacd9f197790 - - default default] http://[LB_IP_ADDRESS]:8776/v3/ac23d29bb3794529b0d4b6be0fab05f0/types returned with HTTP 200
2022-04-07 15:34:11.621 21 INFO cinder.api.openstack.wsgi [req-990eb6cc-a91a-4f46-a888-d9b42c9c83ab 9772a4abfde042108e45cacd9f197790 - - default default] POST http://[LB_IP_ADDRESS]:8776/v3/ac23d29bb3794529b0d4b6be0fab05f0/types
2022-04-07 15:34:11.631 21 INFO cinder.api.openstack.wsgi [req-990eb6cc-a91a-4f46-a888-d9b42c9c83ab 9772a4abfde042108e45cacd9f197790 - - default default] HTTP exception thrown: Volume Type tempest-VolumeTypesNegativeTest-volume-type-553352803 already exists.
2022-04-07 15:34:11.631 21 INFO cinder.api.openstack.wsgi [req-990eb6cc-a91a-4f46-a888-d9b42c9c83ab 9772a4abfde042108e45cacd9f197790 - - default default] http://[LB_IP_ADDRESS]:8776/v3/ac23d29bb3794529b0d4b6be0fab05f0/types returned with HTTP 409
2022-04-07 15:34:11.644 23 INFO cinder.api.openstack.wsgi [req-112d0a93-ae1b-4107-b7d6-4839fb1d6fc9 9772a4abfde042108e45cacd9f197790 - - default default] DELETE http://[LB_IP_ADDRESS]:8776/v3/ac23d29bb3794529b0d4b6be0fab05f0/types/7627745d-9a3a-4576-87b8-cfb558edfca4
2022-04-07 15:34:11.652 23 INFO cinder.api.openstack.wsgi [req-112d0a93-ae1b-4107-b7d6-4839fb1d6fc9 9772a4abfde042108e45cacd9f197790 - - default default] http://[LB_IP_ADDRESS]:8776/v3/ac23d29bb3794529b0d4b6be0fab05f0/types/7627745d-9a3a-4576-87b8-cfb558edfca4 returned with HTTP 404
2022-04-07 15:34:11.664 22 INFO cinder.api.openstack.wsgi [req-0905e06e-9c4f-421a-ab91-2475a80a0708 9772a4abfde042108e45cacd9f197790 - - default default] GET http://[LB_IP_ADDRESS]:8776/v3/ac23d29bb3794529b0d4b6be0fab05f0/types/279bf3d1-cea9-4738-a537-4c75b2173bc5
2022-04-07 15:34:11.671 22 INFO cinder.api.openstack.wsgi [req-0905e06e-9c4f-421a-ab91-2475a80a0708 9772a4abfde042108e45cacd9f197790 - - default default] http://[LB_IP_ADDRESS]:8776/v3/ac23d29bb3794529b0d4b6be0fab05f0/types/279bf3d1-cea9-4738-a537-4c75b2173bc5 returned with HTTP 404
2022-04-07 15:34:11.684 19 INFO cinder.api.openstack.wsgi [req-1721c093-3186-4e82-bee4-65b8c5834959 9772a4abfde042108e45cacd9f197790 - - default default] DELETE http://[LB_IP_ADDRESS]:8776/v3/ac23d29bb3794529b0d4b6be0fab05f0/types/29ef3cf0-9ef0-4853-bb0e-6ca399fbb52d
2022-04-07 15:34:11.770 19 INFO cinder.api.openstack.wsgi [req-1721c093-3186-4e82-bee4-65b8c5834959 9772a4abfde042108e45cacd9f197790 - - default default] http://[LB_IP_ADDRESS]:8776/v3/ac23d29bb3794529b0d4b6be0fab05f0/types/29ef3cf0-9ef0-4853-bb0e-6ca399fbb52d returned with HTTP 202
2022-04-07 15:34:11.782 20 INFO cinder.api.openstack.wsgi [req-19452c8e-1d39-40b8-bacf-a1fe08da2cd2 9772a4abfde042108e45cacd9f197790 - - default default] GET http://[LB_IP_ADDRESS]:8776/v3/ac23d29bb3794529b0d4b6be0fab05f0/types/29ef3cf0-9ef0-4853-bb0e-6ca399fbb52d
2022-04-07 15:34:11.788 20 INFO cinder.api.openstack.wsgi [req-19452c8e-1d39-40b8-bacf-a1fe08da2cd2 9772a4abfde042108e45cacd9f197790 - - default default] http://[LB_IP_ADDRESS]:8776/v3/ac23d29bb3794529b0d4b6be0fab05f0/types/29ef3cf0-9ef0-4853-bb0e-6ca399fbb52d returned with HTTP 404
2022-04-07 15:34:11.951 21 INFO cinder.api.openstack.wsgi [req-09bbe575-83ae-47b0-a6ac-30a081898f2b e263c163c5054d3f8f56ea5e6e45bef7 - - default default] POST http://[LB_IP_ADDRESS]:8776/v3/77637cbe1a984efc97c891e44e0848d4/types
2022-04-07 15:34:11.979 21 INFO cinder.api.openstack.wsgi [req-09bbe575-83ae-47b0-a6ac-30a081898f2b e263c163c5054d3f8f56ea5e6e45bef7 - - default default] http://[LB_IP_ADDRESS]:8776/v3/77637cbe1a984efc97c891e44e0848d4/types returned with HTTP 200
2022-04-07 15:34:11.995 23 INFO cinder.api.openstack.wsgi [req-acd16438-c24c-47f8-bc3d-23208bf5b9a9 e263c163c5054d3f8f56ea5e6e45bef7 - - default default] POST http://[LB_IP_ADDRESS]:8776/v3/77637cbe1a984efc97c891e44e0848d4/types/68973aed-e12c-4be4-b48b-9035dd3eae5c/action
2022-04-07 15:34:12.013 23 INFO cinder.api.openstack.wsgi [req-acd16438-c24c-47f8-bc3d-23208bf5b9a9 e263c163c5054d3f8f56ea5e6e45bef7 - - default default] http://[LB_IP_ADDRESS]:8776/v3/77637cbe1a984efc97c891e44e0848d4/types/68973aed-e12c-4be4-b48b-9035dd3eae5c/action returned with HTTP 202
2022-04-07 15:34:12.025 22 INFO cinder.api.openstack.wsgi [req-bda1e38e-43ee-4df0-a451-571d4ad94e3b e263c163c5054d3f8f56ea5e6e45bef7 - - default default] POST http://[LB_IP_ADDRESS]:8776/v3/77637cbe1a984efc97c891e44e0848d4/types/68973aed-e12c-4be4-b48b-9035dd3eae5c/action
2022-04-07 15:34:12.042 22 INFO cinder.api.openstack.wsgi [req-bda1e38e-43ee-4df0-a451-571d4ad94e3b e263c163c5054d3f8f56ea5e6e45bef7 - - default default] http://[LB_IP_ADDRESS]:8776/v3/77637cbe1a984efc97c891e44e0848d4/types/68973aed-e12c-4be4-b48b-9035dd3eae5c/action returned with HTTP 202
2022-04-07 15:34:12.056 19 INFO cinder.api.openstack.wsgi [req-09c8fac3-0a1b-4052-89fa-94cb760ae553 e263c163c5054d3f8f56ea5e6e45bef7 - - default default] GET http://[LB_IP_ADDRESS]:8776/v3/77637cbe1a984efc97c891e44e0848d4/types/68973aed-e12c-4be4-b48b-9035dd3eae5c/os-volume-type-access
2022-04-07 15:34:12.074 19 INFO cinder.api.openstack.wsgi [req-09c8fac3-0a1b-4052-89fa-94cb760ae553 e263c163c5054d3f8f56ea5e6e45bef7 - - default default] http://[LB_IP_ADDRESS]:8776/v3/77637cbe1a984efc97c891e44e0848d4/types/68973aed-e12c-4be4-b48b-9035dd3eae5c/os-volume-type-access returned with HTTP 200
2022-04-07 15:34:12.090 20 INFO cinder.api.openstack.wsgi [req-cdee697f-66b8-4dfa-aa17-875a649e9786 e263c163c5054d3f8f56ea5e6e45bef7 - - default default] POST http://[LB_IP_ADDRESS]:8776/v3/77637cbe1a984efc97c891e44e0848d4/types/68973aed-e12c-4be4-b48b-9035dd3eae5c/action
2022-04-07 15:34:12.105 20 INFO cinder.api.openstack.wsgi [req-cdee697f-66b8-4dfa-aa17-875a649e9786 e263c163c5054d3f8f56ea5e6e45bef7 - - default default] http://[LB_IP_ADDRESS]:8776/v3/77637cbe1a984efc97c891e44e0848d4/types/68973aed-e12c-4be4-b48b-9035dd3eae5c/action returned with HTTP 202
2022-04-07 15:34:12.118 21 INFO cinder.api.openstack.wsgi [req-96d7401b-5929-4e81-b3e0-82d556a20ed8 e263c163c5054d3f8f56ea5e6e45bef7 - - default default] POST http://[LB_IP_ADDRESS]:8776/v3/77637cbe1a984efc97c891e44e0848d4/types/68973aed-e12c-4be4-b48b-9035dd3eae5c/action
2022-04-07 15:34:12.135 21 INFO cinder.api.openstack.wsgi [req-96d7401b-5929-4e81-b3e0-82d556a20ed8 e263c163c5054d3f8f56ea5e6e45bef7 - - default default] http://[LB_IP_ADDRESS]:8776/v3/77637cbe1a984efc97c891e44e0848d4/types/68973aed-e12c-4be4-b48b-9035dd3eae5c/action returned with HTTP 202
2022-04-07 15:34:12.146 23 INFO cinder.api.openstack.wsgi [req-efd1a2e2-98f3-49fa-95a1-31c0c9b7f8b2 e263c163c5054d3f8f56ea5e6e45bef7 - - default default] DELETE http://[LB_IP_ADDRESS]:8776/v3/77637cbe1a984efc97c891e44e0848d4/types/68973aed-e12c-4be4-b48b-9035dd3eae5c
2022-04-07 15:34:12.227 23 INFO cinder.api.openstack.wsgi [req-efd1a2e2-98f3-49fa-95a1-31c0c9b7f8b2 e263c163c5054d3f8f56ea5e6e45bef7 - - default default] http://[LB_IP_ADDRESS]:8776/v3/77637cbe1a984efc97c891e44e0848d4/types/68973aed-e12c-4be4-b48b-9035dd3eae5c returned with HTTP 202
2022-04-07 15:34:12.243 22 INFO cinder.api.openstack.wsgi [req-5b21784e-ce12-4ac2-9837-ad2ab950fb44 e263c163c5054d3f8f56ea5e6e45bef7 - - default default] GET http://[LB_IP_ADDRESS]:8776/v3/77637cbe1a984efc97c891e44e0848d4/types/68973aed-e12c-4be4-b48b-9035dd3eae5c
2022-04-07 15:34:12.249 22 INFO cinder.api.openstack.wsgi [req-5b21784e-ce12-4ac2-9837-ad2ab950fb44 e263c163c5054d3f8f56ea5e6e45bef7 - - default default] http://[LB_IP_ADDRESS]:8776/v3/77637cbe1a984efc97c891e44e0848d4/types/68973aed-e12c-4be4-b48b-9035dd3eae5c returned with HTTP 404
2022-04-07 15:34:17.745 19 INFO cinder.api.openstack.wsgi [req-74903b96-0cde-4fa9-a29f-e1b1742f9463 71560d04863a41edb0427c484a9d770e - - default default] POST http://[LB_IP_ADDRESS]:8776/v3/82ccb5a53b164269bb74994e0e2bc6a1/types
2022-04-07 15:34:17.781 19 INFO cinder.api.openstack.wsgi [req-74903b96-0cde-4fa9-a29f-e1b1742f9463 71560d04863a41edb0427c484a9d770e - - default default] http://[LB_IP_ADDRESS]:8776/v3/82ccb5a53b164269bb74994e0e2bc6a1/types returned with HTTP 200
2022-04-07 15:34:17.795 20 INFO cinder.api.openstack.wsgi [req-e7adb6be-5ba1-4a47-8b02-aa4839468d8d 71560d04863a41edb0427c484a9d770e - - default default] GET http://[LB_IP_ADDRESS]:8776/v3/82ccb5a53b164269bb74994e0e2bc6a1/types/8cf720bf-d62e-47ff-8400-880d853b1f9b
2022-04-07 15:34:17.807 20 INFO cinder.api.openstack.wsgi [req-e7adb6be-5ba1-4a47-8b02-aa4839468d8d 71560d04863a41edb0427c484a9d770e - - default default] http://[LB_IP_ADDRESS]:8776/v3/82ccb5a53b164269bb74994e0e2bc6a1/types/8cf720bf-d62e-47ff-8400-880d853b1f9b returned with HTTP 200
2022-04-07 15:34:17.823 21 INFO cinder.api.openstack.wsgi [req-72905823-dec7-448c-8c2f-afbd5c5f85c2 71560d04863a41edb0427c484a9d770e - - default default] POST http://[LB_IP_ADDRESS]:8776/v3/82ccb5a53b164269bb74994e0e2bc6a1/types
2022-04-07 15:34:17.857 21 INFO cinder.api.openstack.wsgi [req-72905823-dec7-448c-8c2f-afbd5c5f85c2 71560d04863a41edb0427c484a9d770e - - default default] http://[LB_IP_ADDRESS]:8776/v3/82ccb5a53b164269bb74994e0e2bc6a1/types returned with HTTP 200
2022-04-07 15:34:17.874 23 INFO cinder.api.openstack.wsgi [req-347b9bb3-1102-41e0-a1a7-8efd799f62b0 71560d04863a41edb0427c484a9d770e - - default default] POST http://[LB_IP_ADDRESS]:8776/v3/82ccb5a53b164269bb74994e0e2bc6a1/types/2fdf10e3-6e1c-4bb6-8511-cf6a98deab64/encryption
2022-04-07 15:34:17.935 23 INFO cinder.api.openstack.wsgi [req-347b9bb3-1102-41e0-a1a7-8efd799f62b0 71560d04863a41edb0427c484a9d770e - - default default] http://[LB_IP_ADDRESS]:8776/v3/82ccb5a53b164269bb74994e0e2bc6a1/types/2fdf10e3-6e1c-4bb6-8511-cf6a98deab64/encryption returned with HTTP 200
2022-04-07 15:34:17.951 22 INFO cinder.api.openstack.wsgi [req-868595bd-9e4e-4152-a985-994b8862173f 71560d04863a41edb0427c484a9d770e - - default default] GET http://[LB_IP_ADDRESS]:8776/v3/82ccb5a53b164269bb74994e0e2bc6a1/types/2fdf10e3-6e1c-4bb6-8511-cf6a98deab64/encryption
2022-04-07 15:34:17.964 22 INFO cinder.api.openstack.wsgi [req-868595bd-9e4e-4152-a985-994b8862173f 71560d04863a41edb0427c484a9d770e - - default default] http://[LB_IP_ADDRESS]:8776/v3/82ccb5a53b164269bb74994e0e2bc6a1/types/2fdf10e3-6e1c-4bb6-8511-cf6a98deab64/encryption returned with HTTP 200
2022-04-07 15:34:17.982 19 INFO cinder.api.openstack.wsgi [req-1d24d3b7-5e25-4e87-a018-268a941edb8b 71560d04863a41edb0427c484a9d770e - - default default] PUT http://[LB_IP_ADDRESS]:8776/v3/82ccb5a53b164269bb74994e0e2bc6a1/types/2fdf10e3-6e1c-4bb6-8511-cf6a98deab64/encryption/provider
2022-04-07 15:34:18.041 19 INFO cinder.api.openstack.wsgi [req-1d24d3b7-5e25-4e87-a018-268a941edb8b 71560d04863a41edb0427c484a9d770e - - default default] http://[LB_IP_ADDRESS]:8776/v3/82ccb5a53b164269bb74994e0e2bc6a1/types/2fdf10e3-6e1c-4bb6-8511-cf6a98deab64/encryption/provider returned with HTTP 200
2022-04-07 15:34:18.057 20 INFO cinder.api.openstack.wsgi [req-55941a1a-d571-41bd-bab9-7e456a9db4bf 71560d04863a41edb0427c484a9d770e - - default default] GET http://[LB_IP_ADDRESS]:8776/v3/82ccb5a53b164269bb74994e0e2bc6a1/types/2fdf10e3-6e1c-4bb6-8511-cf6a98deab64/encryption
2022-04-07 15:34:18.069 20 INFO cinder.api.openstack.wsgi [req-55941a1a-d571-41bd-bab9-7e456a9db4bf 71560d04863a41edb0427c484a9d770e - - default default] http://[LB_IP_ADDRESS]:8776/v3/82ccb5a53b164269bb74994e0e2bc6a1/types/2fdf10e3-6e1c-4bb6-8511-cf6a98deab64/encryption returned with HTTP 200
2022-04-07 15:34:18.086 21 INFO cinder.api.openstack.wsgi [req-5bedf602-a1d1-4131-8f1c-3fb915393cc2 71560d04863a41edb0427c484a9d770e - - default default] GET http://[LB_IP_ADDRESS]:8776/v3/82ccb5a53b164269bb74994e0e2bc6a1/types/2fdf10e3-6e1c-4bb6-8511-cf6a98deab64/encryption/cipher
2022-04-07 15:34:18.098 21 INFO cinder.api.openstack.wsgi [req-5bedf602-a1d1-4131-8f1c-3fb915393cc2 71560d04863a41edb0427c484a9d770e - - default default] http://[LB_IP_ADDRESS]:8776/v3/82ccb5a53b164269bb74994e0e2bc6a1/types/2fdf10e3-6e1c-4bb6-8511-cf6a98deab64/encryption/cipher returned with HTTP 200
2022-04-07 15:34:18.113 23 INFO cinder.api.openstack.wsgi [req-df0c4338-e84e-4f74-8982-5ed944e4f56f 71560d04863a41edb0427c484a9d770e - - default default] DELETE http://[LB_IP_ADDRESS]:8776/v3/82ccb5a53b164269bb74994e0e2bc6a1/types/2fdf10e3-6e1c-4bb6-8511-cf6a98deab64/encryption/provider
2022-04-07 15:34:18.165 23 INFO cinder.api.openstack.wsgi [req-df0c4338-e84e-4f74-8982-5ed944e4f56f 71560d04863a41edb0427c484a9d770e - - default default] http://[LB_IP_ADDRESS]:8776/v3/82ccb5a53b164269bb74994e0e2bc6a1/types/2fdf10e3-6e1c-4bb6-8511-cf6a98deab64/encryption/provider returned with HTTP 202
2022-04-07 15:34:18.180 22 INFO cinder.api.openstack.wsgi [req-88ca60a6-4f42-4c80-b3c3-bda1819bf031 71560d04863a41edb0427c484a9d770e - - default default] GET http://[LB_IP_ADDRESS]:8776/v3/82ccb5a53b164269bb74994e0e2bc6a1/types/2fdf10e3-6e1c-4bb6-8511-cf6a98deab64/encryption
2022-04-07 15:34:18.191 22 INFO cinder.api.openstack.wsgi [req-88ca60a6-4f42-4c80-b3c3-bda1819bf031 71560d04863a41edb0427c484a9d770e - - default default] http://[LB_IP_ADDRESS]:8776/v3/82ccb5a53b164269bb74994e0e2bc6a1/types/2fdf10e3-6e1c-4bb6-8511-cf6a98deab64/encryption returned with HTTP 200
2022-04-07 15:34:18.212 19 INFO cinder.api.openstack.wsgi [req-a59e0d00-5635-45de-a3d1-d3a99fb3a6e6 71560d04863a41edb0427c484a9d770e - - default default] GET http://[LB_IP_ADDRESS]:8776/v3/82ccb5a53b164269bb74994e0e2bc6a1/types/2fdf10e3-6e1c-4bb6-8511-cf6a98deab64/encryption
2022-04-07 15:34:18.225 19 INFO cinder.api.openstack.wsgi [req-a59e0d00-5635-45de-a3d1-d3a99fb3a6e6 71560d04863a41edb0427c484a9d770e - - default default] http://[LB_IP_ADDRESS]:8776/v3/82ccb5a53b164269bb74994e0e2bc6a1/types/2fdf10e3-6e1c-4bb6-8511-cf6a98deab64/encryption returned with HTTP 200
2022-04-07 15:34:18.240 20 INFO cinder.api.openstack.wsgi [req-b28ce701-1aae-4ff5-b278-6cfc78de0f12 71560d04863a41edb0427c484a9d770e - - default default] GET http://[LB_IP_ADDRESS]:8776/v3/82ccb5a53b164269bb74994e0e2bc6a1/types
2022-04-07 15:34:18.266 20 INFO cinder.api.openstack.wsgi [req-b28ce701-1aae-4ff5-b278-6cfc78de0f12 71560d04863a41edb0427c484a9d770e - - default default] http://[LB_IP_ADDRESS]:8776/v3/82ccb5a53b164269bb74994e0e2bc6a1/types returned with HTTP 200
2022-04-07 15:34:18.282 21 INFO cinder.api.openstack.wsgi [req-e38fd68b-dbd1-4391-87d6-f89adf5de83f 71560d04863a41edb0427c484a9d770e - - default default] POST http://[LB_IP_ADDRESS]:8776/v3/82ccb5a53b164269bb74994e0e2bc6a1/types
2022-04-07 15:34:18.310 21 INFO cinder.api.openstack.wsgi [req-e38fd68b-dbd1-4391-87d6-f89adf5de83f 71560d04863a41edb0427c484a9d770e - - default default] http://[LB_IP_ADDRESS]:8776/v3/82ccb5a53b164269bb74994e0e2bc6a1/types returned with HTTP 200
2022-04-07 15:34:18.324 23 INFO cinder.api.openstack.wsgi [req-d2b3d504-1975-482a-bc4d-071de6fa99b7 71560d04863a41edb0427c484a9d770e - - default default] PUT http://[LB_IP_ADDRESS]:8776/v3/82ccb5a53b164269bb74994e0e2bc6a1/types/e8694a13-8f1c-474a-872e-b84209f1651e
2022-04-07 15:34:18.499 23 INFO cinder.api.openstack.wsgi [req-d2b3d504-1975-482a-bc4d-071de6fa99b7 71560d04863a41edb0427c484a9d770e - - default default] http://[LB_IP_ADDRESS]:8776/v3/82ccb5a53b164269bb74994e0e2bc6a1/types/e8694a13-8f1c-474a-872e-b84209f1651e returned with HTTP 200
2022-04-07 15:34:18.514 22 INFO cinder.api.openstack.wsgi [req-37154732-f5d5-465c-b85d-0cb57f197a69 71560d04863a41edb0427c484a9d770e - - default default] GET http://[LB_IP_ADDRESS]:8776/v3/82ccb5a53b164269bb74994e0e2bc6a1/types/e8694a13-8f1c-474a-872e-b84209f1651e
2022-04-07 15:34:18.525 22 INFO cinder.api.openstack.wsgi [req-37154732-f5d5-465c-b85d-0cb57f197a69 71560d04863a41edb0427c484a9d770e - - default default] http://[LB_IP_ADDRESS]:8776/v3/82ccb5a53b164269bb74994e0e2bc6a1/types/e8694a13-8f1c-474a-872e-b84209f1651e returned with HTTP 200
2022-04-07 15:34:18.540 19 INFO cinder.api.openstack.wsgi [req-92f62543-662d-430b-ab34-0cacc0b4dccc 71560d04863a41edb0427c484a9d770e - - default default] DELETE http://[LB_IP_ADDRESS]:8776/v3/82ccb5a53b164269bb74994e0e2bc6a1/types/e8694a13-8f1c-474a-872e-b84209f1651e
2022-04-07 15:34:18.627 19 INFO cinder.api.openstack.wsgi [req-92f62543-662d-430b-ab34-0cacc0b4dccc 71560d04863a41edb0427c484a9d770e - - default default] http://[LB_IP_ADDRESS]:8776/v3/82ccb5a53b164269bb74994e0e2bc6a1/types/e8694a13-8f1c-474a-872e-b84209f1651e returned with HTTP 202
2022-04-07 15:34:18.638 20 INFO cinder.api.openstack.wsgi [req-e11ebb3c-67a4-473b-9461-a04d83100c24 71560d04863a41edb0427c484a9d770e - - default default] GET http://[LB_IP_ADDRESS]:8776/v3/82ccb5a53b164269bb74994e0e2bc6a1/types/e8694a13-8f1c-474a-872e-b84209f1651e
2022-04-07 15:34:18.644 20 INFO cinder.api.openstack.wsgi [req-e11ebb3c-67a4-473b-9461-a04d83100c24 71560d04863a41edb0427c484a9d770e - - default default] http://[LB_IP_ADDRESS]:8776/v3/82ccb5a53b164269bb74994e0e2bc6a1/types/e8694a13-8f1c-474a-872e-b84209f1651e returned with HTTP 404
2022-04-07 15:34:18.656 21 INFO cinder.api.openstack.wsgi [req-9eb723c3-24bc-4cc8-8707-8f81ee9267f5 71560d04863a41edb0427c484a9d770e - - default default] DELETE http://[LB_IP_ADDRESS]:8776/v3/82ccb5a53b164269bb74994e0e2bc6a1/types/2fdf10e3-6e1c-4bb6-8511-cf6a98deab64
2022-04-07 15:34:18.738 21 INFO cinder.api.openstack.wsgi [req-9eb723c3-24bc-4cc8-8707-8f81ee9267f5 71560d04863a41edb0427c484a9d770e - - default default] http://[LB_IP_ADDRESS]:8776/v3/82ccb5a53b164269bb74994e0e2bc6a1/types/2fdf10e3-6e1c-4bb6-8511-cf6a98deab64 returned with HTTP 202
2022-04-07 15:34:18.749 23 INFO cinder.api.openstack.wsgi [req-b300e511-de21-465a-a337-9dcb16279b9a 71560d04863a41edb0427c484a9d770e - - default default] GET http://[LB_IP_ADDRESS]:8776/v3/82ccb5a53b164269bb74994e0e2bc6a1/types/2fdf10e3-6e1c-4bb6-8511-cf6a98deab64
2022-04-07 15:34:18.757 23 INFO cinder.api.openstack.wsgi [req-b300e511-de21-465a-a337-9dcb16279b9a 71560d04863a41edb0427c484a9d770e - - default default] http://[LB_IP_ADDRESS]:8776/v3/82ccb5a53b164269bb74994e0e2bc6a1/types/2fdf10e3-6e1c-4bb6-8511-cf6a98deab64 returned with HTTP 404
2022-04-07 15:34:18.768 22 INFO cinder.api.openstack.wsgi [req-4cbfe932-4e93-4079-a4fe-f0b50a47d49b 71560d04863a41edb0427c484a9d770e - - default default] DELETE http://[LB_IP_ADDRESS]:8776/v3/82ccb5a53b164269bb74994e0e2bc6a1/types/8cf720bf-d62e-47ff-8400-880d853b1f9b
2022-04-07 15:34:18.851 22 INFO cinder.api.openstack.wsgi [req-4cbfe932-4e93-4079-a4fe-f0b50a47d49b 71560d04863a41edb0427c484a9d770e - - default default] http://[LB_IP_ADDRESS]:8776/v3/82ccb5a53b164269bb74994e0e2bc6a1/types/8cf720bf-d62e-47ff-8400-880d853b1f9b returned with HTTP 202
2022-04-07 15:34:18.863 19 INFO cinder.api.openstack.wsgi [req-168716bb-914b-41a0-97ed-1cc21c560ac8 71560d04863a41edb0427c484a9d770e - - default default] GET http://[LB_IP_ADDRESS]:8776/v3/82ccb5a53b164269bb74994e0e2bc6a1/types/8cf720bf-d62e-47ff-8400-880d853b1f9b
2022-04-07 15:34:18.870 19 INFO cinder.api.openstack.wsgi [req-168716bb-914b-41a0-97ed-1cc21c560ac8 71560d04863a41edb0427c484a9d770e - - default default] http://[LB_IP_ADDRESS]:8776/v3/82ccb5a53b164269bb74994e0e2bc6a1/types/8cf720bf-d62e-47ff-8400-880d853b1f9b returned with HTTP 404
2022-04-07 15:34:20.129 20 INFO cinder.api.openstack.wsgi [req-26eb1ed1-b4f2-47e4-bbbf-237e7056943a - - - - -] GET http://[LB_IP_ADDRESS]:8776/
2022-04-07 15:34:20.130 20 INFO cinder.api.openstack.wsgi [req-26eb1ed1-b4f2-47e4-bbbf-237e7056943a - - - - -] http://[LB_IP_ADDRESS]:8776/ returned with HTTP 300
2022-04-07 15:34:22.205 21 INFO cinder.api.openstack.wsgi [req-e0c060ed-dccc-46ce-8658-07d94875e109 57f5d43245d049269d3cb7262c50f17b - - default default] GET http://[LB_IP_ADDRESS]:8776/v3/dad09583ffa343cea4008a3f406a0e90/extensions
2022-04-07 15:34:22.207 21 INFO cinder.api.openstack.wsgi [req-e0c060ed-dccc-46ce-8658-07d94875e109 57f5d43245d049269d3cb7262c50f17b - - default default] http://[LB_IP_ADDRESS]:8776/v3/dad09583ffa343cea4008a3f406a0e90/extensions returned with HTTP 200
2022-04-07 15:34:28.363 23 INFO cinder.api.openstack.wsgi [req-38859ab2-df82-48ef-ac98-a39b25be9c83 b17b0287de874a8595adcde2d515291b - - default default] POST http://[LB_IP_ADDRESS]:8776/v3/091d043b1e6c46229faf365a43902409/volumes
2022-04-07 15:34:28.365 23 INFO cinder.api.v3.volumes [req-38859ab2-df82-48ef-ac98-a39b25be9c83 b17b0287de874a8595adcde2d515291b - - default default] Create volume of 1 GB
2022-04-07 15:34:28.380 23 INFO cinder.volume.api [req-38859ab2-df82-48ef-ac98-a39b25be9c83 b17b0287de874a8595adcde2d515291b - - default default] Availability Zones retrieved successfully.
2022-04-07 15:34:28.688 23 INFO cinder.volume.api [req-38859ab2-df82-48ef-ac98-a39b25be9c83 b17b0287de874a8595adcde2d515291b - - default default] Create volume request issued successfully.
2022-04-07 15:34:28.689 23 INFO cinder.api.openstack.wsgi [req-38859ab2-df82-48ef-ac98-a39b25be9c83 b17b0287de874a8595adcde2d515291b - - default default] http://[LB_IP_ADDRESS]:8776/v3/091d043b1e6c46229faf365a43902409/volumes returned with HTTP 202
2022-04-07 15:34:28.709 22 INFO cinder.api.openstack.wsgi [req-1146df46-9e32-4429-b0b4-743bec3550b7 b17b0287de874a8595adcde2d515291b - - default default] GET http://[LB_IP_ADDRESS]:8776/v3/091d043b1e6c46229faf365a43902409/volumes/13d3682f-3a1d-4394-a4f6-2377d84d9679
2022-04-07 15:34:28.738 22 INFO cinder.volume.api [req-1146df46-9e32-4429-b0b4-743bec3550b7 b17b0287de874a8595adcde2d515291b - - default default] Volume info retrieved successfully.
2022-04-07 15:34:28.746 22 INFO cinder.api.openstack.wsgi [req-1146df46-9e32-4429-b0b4-743bec3550b7 b17b0287de874a8595adcde2d515291b - - default default] http://[LB_IP_ADDRESS]:8776/v3/091d043b1e6c46229faf365a43902409/volumes/13d3682f-3a1d-4394-a4f6-2377d84d9679 returned with HTTP 200
2022-04-07 15:34:29.768 19 INFO cinder.api.openstack.wsgi [req-a5a06eca-6a8c-42b1-a12d-cf0c681aadec b17b0287de874a8595adcde2d515291b - - default default] GET http://[LB_IP_ADDRESS]:8776/v3/091d043b1e6c46229faf365a43902409/volumes/13d3682f-3a1d-4394-a4f6-2377d84d9679
2022-04-07 15:34:29.802 19 INFO cinder.volume.api [req-a5a06eca-6a8c-42b1-a12d-cf0c681aadec b17b0287de874a8595adcde2d515291b - - default default] Volume info retrieved successfully.
2022-04-07 15:34:29.810 19 INFO cinder.api.openstack.wsgi [req-a5a06eca-6a8c-42b1-a12d-cf0c681aadec b17b0287de874a8595adcde2d515291b - - default default] http://[LB_IP_ADDRESS]:8776/v3/091d043b1e6c46229faf365a43902409/volumes/13d3682f-3a1d-4394-a4f6-2377d84d9679 returned with HTTP 200
2022-04-07 15:34:30.832 20 INFO cinder.api.openstack.wsgi [req-0d8aa38e-9d22-477f-94b4-67a6364bc47e b17b0287de874a8595adcde2d515291b - - default default] GET http://[LB_IP_ADDRESS]:8776/v3/091d043b1e6c46229faf365a43902409/volumes/13d3682f-3a1d-4394-a4f6-2377d84d9679
2022-04-07 15:34:30.857 20 INFO cinder.volume.api [req-0d8aa38e-9d22-477f-94b4-67a6364bc47e b17b0287de874a8595adcde2d515291b - - default default] Volume info retrieved successfully.
2022-04-07 15:34:30.864 20 INFO cinder.api.openstack.wsgi [req-0d8aa38e-9d22-477f-94b4-67a6364bc47e b17b0287de874a8595adcde2d515291b - - default default] http://[LB_IP_ADDRESS]:8776/v3/091d043b1e6c46229faf365a43902409/volumes/13d3682f-3a1d-4394-a4f6-2377d84d9679 returned with HTTP 200
2022-04-07 15:34:30.888 21 INFO cinder.api.openstack.wsgi [req-912c9fbb-8765-421d-a164-5564294cbd52 b17b0287de874a8595adcde2d515291b - - default default] POST http://[LB_IP_ADDRESS]:8776/v3/091d043b1e6c46229faf365a43902409/os-volume-transfer
2022-04-07 15:34:30.890 21 INFO cinder.api.contrib.volume_transfer [req-912c9fbb-8765-421d-a164-5564294cbd52 b17b0287de874a8595adcde2d515291b - - default default] Creating transfer of volume 13d3682f-3a1d-4394-a4f6-2377d84d9679
2022-04-07 15:34:30.890 21 INFO cinder.transfer.api [req-912c9fbb-8765-421d-a164-5564294cbd52 b17b0287de874a8595adcde2d515291b - - default default] Generating transfer record for volume 13d3682f-3a1d-4394-a4f6-2377d84d9679
2022-04-07 15:34:30.925 21 INFO cinder.api.openstack.wsgi [req-912c9fbb-8765-421d-a164-5564294cbd52 b17b0287de874a8595adcde2d515291b - - default default] http://[LB_IP_ADDRESS]:8776/v3/091d043b1e6c46229faf365a43902409/os-volume-transfer returned with HTTP 202
2022-04-07 15:34:30.939 23 INFO cinder.api.openstack.wsgi [req-30dcac75-ea67-4161-ade4-e17a204e7636 b17b0287de874a8595adcde2d515291b - - default default] GET http://[LB_IP_ADDRESS]:8776/v3/091d043b1e6c46229faf365a43902409/volumes/13d3682f-3a1d-4394-a4f6-2377d84d9679
2022-04-07 15:34:30.962 23 INFO cinder.volume.api [req-30dcac75-ea67-4161-ade4-e17a204e7636 b17b0287de874a8595adcde2d515291b - - default default] Volume info retrieved successfully.
2022-04-07 15:34:30.969 23 INFO cinder.api.openstack.wsgi [req-30dcac75-ea67-4161-ade4-e17a204e7636 b17b0287de874a8595adcde2d515291b - - default default] http://[LB_IP_ADDRESS]:8776/v3/091d043b1e6c46229faf365a43902409/volumes/13d3682f-3a1d-4394-a4f6-2377d84d9679 returned with HTTP 200
2022-04-07 15:34:30.992 22 INFO cinder.api.openstack.wsgi [req-9d879387-26b7-46bb-a3fb-07afae5b0e9e b17b0287de874a8595adcde2d515291b - - default default] GET http://[LB_IP_ADDRESS]:8776/v3/091d043b1e6c46229faf365a43902409/os-volume-transfer/0520e631-e0fc-4bc5-ba3e-5e293f2a3572
2022-04-07 15:34:31.000 22 INFO cinder.api.openstack.wsgi [req-9d879387-26b7-46bb-a3fb-07afae5b0e9e b17b0287de874a8595adcde2d515291b - - default default] http://[LB_IP_ADDRESS]:8776/v3/091d043b1e6c46229faf365a43902409/os-volume-transfer/0520e631-e0fc-4bc5-ba3e-5e293f2a3572 returned with HTTP 200
2022-04-07 15:34:31.017 19 INFO cinder.api.openstack.wsgi [req-cf1c4448-b162-4f24-9de4-76cb5f2e3352 b17b0287de874a8595adcde2d515291b - - default default] GET http://[LB_IP_ADDRESS]:8776/v3/091d043b1e6c46229faf365a43902409/os-volume-transfer
2022-04-07 15:34:31.026 19 INFO cinder.api.openstack.wsgi [req-cf1c4448-b162-4f24-9de4-76cb5f2e3352 b17b0287de874a8595adcde2d515291b - - default default] http://[LB_IP_ADDRESS]:8776/v3/091d043b1e6c46229faf365a43902409/os-volume-transfer returned with HTTP 200
2022-04-07 15:34:31.168 20 INFO cinder.api.openstack.wsgi [req-42d5ab3e-c952-4df7-8835-11cf4a3dab23 0d83c6cd46ee4ac1b12181fb89d4bf64 - - default default] POST http://[LB_IP_ADDRESS]:8776/v3/75be727f16ef49b59612b011986fa360/os-volume-transfer/0520e631-e0fc-4bc5-ba3e-5e293f2a3572/accept
2022-04-07 15:34:31.170 20 INFO cinder.api.contrib.volume_transfer [req-42d5ab3e-c952-4df7-8835-11cf4a3dab23 0d83c6cd46ee4ac1b12181fb89d4bf64 - - default default] Accepting transfer 0520e631-e0fc-4bc5-ba3e-5e293f2a3572
2022-04-07 15:34:31.616 20 INFO cinder.volume.api [req-42d5ab3e-c952-4df7-8835-11cf4a3dab23 0d83c6cd46ee4ac1b12181fb89d4bf64 - - default default] Transfer volume completed successfully.
2022-04-07 15:34:31.719 20 INFO cinder.transfer.api [req-42d5ab3e-c952-4df7-8835-11cf4a3dab23 0d83c6cd46ee4ac1b12181fb89d4bf64 - - default default] Volume 13d3682f-3a1d-4394-a4f6-2377d84d9679 has been transferred.
2022-04-07 15:34:31.735 20 INFO cinder.api.openstack.wsgi [req-42d5ab3e-c952-4df7-8835-11cf4a3dab23 0d83c6cd46ee4ac1b12181fb89d4bf64 - - default default] http://[LB_IP_ADDRESS]:8776/v3/75be727f16ef49b59612b011986fa360/os-volume-transfer/0520e631-e0fc-4bc5-ba3e-5e293f2a3572/accept returned with HTTP 202
2022-04-07 15:34:31.751 21 INFO cinder.api.openstack.wsgi [req-508835cc-c466-4b04-b073-1d4076ab0dc0 0d83c6cd46ee4ac1b12181fb89d4bf64 - - default default] GET http://[LB_IP_ADDRESS]:8776/v3/75be727f16ef49b59612b011986fa360/volumes/13d3682f-3a1d-4394-a4f6-2377d84d9679
2022-04-07 15:34:31.775 21 INFO cinder.volume.api [req-508835cc-c466-4b04-b073-1d4076ab0dc0 0d83c6cd46ee4ac1b12181fb89d4bf64 - - default default] Volume info retrieved successfully.
2022-04-07 15:34:31.783 21 INFO cinder.api.openstack.wsgi [req-508835cc-c466-4b04-b073-1d4076ab0dc0 0d83c6cd46ee4ac1b12181fb89d4bf64 - - default default] http://[LB_IP_ADDRESS]:8776/v3/75be727f16ef49b59612b011986fa360/volumes/13d3682f-3a1d-4394-a4f6-2377d84d9679 returned with HTTP 200
2022-04-07 15:34:31.804 23 INFO cinder.api.openstack.wsgi [req-ef6dbdeb-1cca-4865-8c5c-2b311af30637 0d83c6cd46ee4ac1b12181fb89d4bf64 - - default default] GET http://[LB_IP_ADDRESS]:8776/v3/75be727f16ef49b59612b011986fa360/volumes/13d3682f-3a1d-4394-a4f6-2377d84d9679
2022-04-07 15:34:31.841 23 INFO cinder.volume.api [req-ef6dbdeb-1cca-4865-8c5c-2b311af30637 0d83c6cd46ee4ac1b12181fb89d4bf64 - - default default] Volume info retrieved successfully.
2022-04-07 15:34:31.850 23 INFO cinder.api.openstack.wsgi [req-ef6dbdeb-1cca-4865-8c5c-2b311af30637 0d83c6cd46ee4ac1b12181fb89d4bf64 - - default default] http://[LB_IP_ADDRESS]:8776/v3/75be727f16ef49b59612b011986fa360/volumes/13d3682f-3a1d-4394-a4f6-2377d84d9679 returned with HTTP 200
2022-04-07 15:34:31.872 22 INFO cinder.api.openstack.wsgi [req-eedc9955-7e44-4e0d-bfcb-95878edb0276 b17b0287de874a8595adcde2d515291b - - default default] DELETE http://[LB_IP_ADDRESS]:8776/v3/091d043b1e6c46229faf365a43902409/os-volume-transfer/0520e631-e0fc-4bc5-ba3e-5e293f2a3572
2022-04-07 15:34:31.873 22 INFO cinder.api.contrib.volume_transfer [req-eedc9955-7e44-4e0d-bfcb-95878edb0276 b17b0287de874a8595adcde2d515291b - - default default] Delete transfer with id: 0520e631-e0fc-4bc5-ba3e-5e293f2a3572
2022-04-07 15:34:31.878 22 INFO cinder.api.openstack.wsgi [req-eedc9955-7e44-4e0d-bfcb-95878edb0276 b17b0287de874a8595adcde2d515291b - - default default] http://[LB_IP_ADDRESS]:8776/v3/091d043b1e6c46229faf365a43902409/os-volume-transfer/0520e631-e0fc-4bc5-ba3e-5e293f2a3572 returned with HTTP 404
2022-04-07 15:34:31.998 19 INFO cinder.api.openstack.wsgi [req-882eda9f-c1e5-4c2a-a712-eedd63b6dd95 1f11ca76d2e649568a3c9be2ee9cbe06 - - default default] DELETE http://[LB_IP_ADDRESS]:8776/v3/14d5f9f38db44fee8410ed987e0c7c3a/volumes/13d3682f-3a1d-4394-a4f6-2377d84d9679
2022-04-07 15:34:31.999 19 INFO cinder.api.v3.volumes [req-882eda9f-c1e5-4c2a-a712-eedd63b6dd95 1f11ca76d2e649568a3c9be2ee9cbe06 - - default default] Delete volume with id: 13d3682f-3a1d-4394-a4f6-2377d84d9679 
2022-04-07 15:34:32.016 19 INFO cinder.volume.api [req-882eda9f-c1e5-4c2a-a712-eedd63b6dd95 1f11ca76d2e649568a3c9be2ee9cbe06 - - default default] Volume info retrieved successfully.
2022-04-07 15:34:32.041 19 INFO cinder.volume.api [req-882eda9f-c1e5-4c2a-a712-eedd63b6dd95 1f11ca76d2e649568a3c9be2ee9cbe06 - - default default] Delete volume request issued successfully.
2022-04-07 15:34:32.042 19 INFO cinder.api.openstack.wsgi [req-882eda9f-c1e5-4c2a-a712-eedd63b6dd95 1f11ca76d2e649568a3c9be2ee9cbe06 - - default default] http://[LB_IP_ADDRESS]:8776/v3/14d5f9f38db44fee8410ed987e0c7c3a/volumes/13d3682f-3a1d-4394-a4f6-2377d84d9679 returned with HTTP 202
2022-04-07 15:34:32.057 20 INFO cinder.api.openstack.wsgi [req-c637baa2-76fe-43d7-a576-412e0c885c39 1f11ca76d2e649568a3c9be2ee9cbe06 - - default default] GET http://[LB_IP_ADDRESS]:8776/v3/14d5f9f38db44fee8410ed987e0c7c3a/volumes/13d3682f-3a1d-4394-a4f6-2377d84d9679
2022-04-07 15:34:32.080 20 INFO cinder.volume.api [req-c637baa2-76fe-43d7-a576-412e0c885c39 1f11ca76d2e649568a3c9be2ee9cbe06 - - default default] Volume info retrieved successfully.
2022-04-07 15:34:32.088 20 INFO cinder.api.openstack.wsgi [req-c637baa2-76fe-43d7-a576-412e0c885c39 1f11ca76d2e649568a3c9be2ee9cbe06 - - default default] http://[LB_IP_ADDRESS]:8776/v3/14d5f9f38db44fee8410ed987e0c7c3a/volumes/13d3682f-3a1d-4394-a4f6-2377d84d9679 returned with HTTP 200
2022-04-07 15:34:33.110 21 INFO cinder.api.openstack.wsgi [req-71fc410e-5e3e-430e-b63a-ff87d652cf9d 1f11ca76d2e649568a3c9be2ee9cbe06 - - default default] GET http://[LB_IP_ADDRESS]:8776/v3/14d5f9f38db44fee8410ed987e0c7c3a/volumes/13d3682f-3a1d-4394-a4f6-2377d84d9679
2022-04-07 15:34:33.125 21 INFO cinder.api.openstack.wsgi [req-71fc410e-5e3e-430e-b63a-ff87d652cf9d 1f11ca76d2e649568a3c9be2ee9cbe06 - - default default] http://[LB_IP_ADDRESS]:8776/v3/14d5f9f38db44fee8410ed987e0c7c3a/volumes/13d3682f-3a1d-4394-a4f6-2377d84d9679 returned with HTTP 404
2022-04-07 15:34:33.139 23 INFO cinder.api.openstack.wsgi [req-244bb018-452a-4d9f-bb8c-dad7f5a160ad b17b0287de874a8595adcde2d515291b - - default default] POST http://[LB_IP_ADDRESS]:8776/v3/091d043b1e6c46229faf365a43902409/volumes
2022-04-07 15:34:33.142 23 INFO cinder.api.v3.volumes [req-244bb018-452a-4d9f-bb8c-dad7f5a160ad b17b0287de874a8595adcde2d515291b - - default default] Create volume of 1 GB
2022-04-07 15:34:33.151 23 INFO cinder.volume.api [req-244bb018-452a-4d9f-bb8c-dad7f5a160ad b17b0287de874a8595adcde2d515291b - - default default] Availability Zones retrieved successfully.
2022-04-07 15:34:33.375 23 INFO cinder.volume.api [req-244bb018-452a-4d9f-bb8c-dad7f5a160ad b17b0287de874a8595adcde2d515291b - - default default] Create volume request issued successfully.
2022-04-07 15:34:33.376 23 INFO cinder.api.openstack.wsgi [req-244bb018-452a-4d9f-bb8c-dad7f5a160ad b17b0287de874a8595adcde2d515291b - - default default] http://[LB_IP_ADDRESS]:8776/v3/091d043b1e6c46229faf365a43902409/volumes returned with HTTP 202
2022-04-07 15:34:33.396 22 INFO cinder.api.openstack.wsgi [req-bb9f714d-6ffc-4522-888c-877085f13680 b17b0287de874a8595adcde2d515291b - - default default] GET http://[LB_IP_ADDRESS]:8776/v3/091d043b1e6c46229faf365a43902409/volumes/d59e7f1d-0535-4b12-8d9b-542bb49409c7
2022-04-07 15:34:33.418 22 INFO cinder.volume.api [req-bb9f714d-6ffc-4522-888c-877085f13680 b17b0287de874a8595adcde2d515291b - - default default] Volume info retrieved successfully.
2022-04-07 15:34:33.426 22 INFO cinder.api.openstack.wsgi [req-bb9f714d-6ffc-4522-888c-877085f13680 b17b0287de874a8595adcde2d515291b - - default default] http://[LB_IP_ADDRESS]:8776/v3/091d043b1e6c46229faf365a43902409/volumes/d59e7f1d-0535-4b12-8d9b-542bb49409c7 returned with HTTP 200
2022-04-07 15:34:34.446 19 INFO cinder.api.openstack.wsgi [req-022965b7-c715-4090-b6a1-33678b10aec8 b17b0287de874a8595adcde2d515291b - - default default] GET http://[LB_IP_ADDRESS]:8776/v3/091d043b1e6c46229faf365a43902409/volumes/d59e7f1d-0535-4b12-8d9b-542bb49409c7
2022-04-07 15:34:34.470 19 INFO cinder.volume.api [req-022965b7-c715-4090-b6a1-33678b10aec8 b17b0287de874a8595adcde2d515291b - - default default] Volume info retrieved successfully.
2022-04-07 15:34:34.478 19 INFO cinder.api.openstack.wsgi [req-022965b7-c715-4090-b6a1-33678b10aec8 b17b0287de874a8595adcde2d515291b - - default default] http://[LB_IP_ADDRESS]:8776/v3/091d043b1e6c46229faf365a43902409/volumes/d59e7f1d-0535-4b12-8d9b-542bb49409c7 returned with HTTP 200
2022-04-07 15:34:35.499 20 INFO cinder.api.openstack.wsgi [req-f4687b27-d380-4ca5-a93c-905f386151af b17b0287de874a8595adcde2d515291b - - default default] GET http://[LB_IP_ADDRESS]:8776/v3/091d043b1e6c46229faf365a43902409/volumes/d59e7f1d-0535-4b12-8d9b-542bb49409c7
2022-04-07 15:34:35.524 20 INFO cinder.volume.api [req-f4687b27-d380-4ca5-a93c-905f386151af b17b0287de874a8595adcde2d515291b - - default default] Volume info retrieved successfully.
2022-04-07 15:34:35.531 20 INFO cinder.api.openstack.wsgi [req-f4687b27-d380-4ca5-a93c-905f386151af b17b0287de874a8595adcde2d515291b - - default default] http://[LB_IP_ADDRESS]:8776/v3/091d043b1e6c46229faf365a43902409/volumes/d59e7f1d-0535-4b12-8d9b-542bb49409c7 returned with HTTP 200
2022-04-07 15:34:35.554 21 INFO cinder.api.openstack.wsgi [req-9adc09da-14eb-4a52-9d6c-36a5c3bab8c1 b17b0287de874a8595adcde2d515291b - - default default] POST http://[LB_IP_ADDRESS]:8776/v3/091d043b1e6c46229faf365a43902409/os-volume-transfer
2022-04-07 15:34:35.556 21 INFO cinder.api.contrib.volume_transfer [req-9adc09da-14eb-4a52-9d6c-36a5c3bab8c1 b17b0287de874a8595adcde2d515291b - - default default] Creating transfer of volume d59e7f1d-0535-4b12-8d9b-542bb49409c7
2022-04-07 15:34:35.556 21 INFO cinder.transfer.api [req-9adc09da-14eb-4a52-9d6c-36a5c3bab8c1 b17b0287de874a8595adcde2d515291b - - default default] Generating transfer record for volume d59e7f1d-0535-4b12-8d9b-542bb49409c7
2022-04-07 15:34:35.586 21 INFO cinder.api.openstack.wsgi [req-9adc09da-14eb-4a52-9d6c-36a5c3bab8c1 b17b0287de874a8595adcde2d515291b - - default default] http://[LB_IP_ADDRESS]:8776/v3/091d043b1e6c46229faf365a43902409/os-volume-transfer returned with HTTP 202
2022-04-07 15:34:35.600 23 INFO cinder.api.openstack.wsgi [req-286377d4-5f0b-4ad2-a031-b2231c51950c b17b0287de874a8595adcde2d515291b - - default default] GET http://[LB_IP_ADDRESS]:8776/v3/091d043b1e6c46229faf365a43902409/volumes/d59e7f1d-0535-4b12-8d9b-542bb49409c7
2022-04-07 15:34:35.624 23 INFO cinder.volume.api [req-286377d4-5f0b-4ad2-a031-b2231c51950c b17b0287de874a8595adcde2d515291b - - default default] Volume info retrieved successfully.
2022-04-07 15:34:35.631 23 INFO cinder.api.openstack.wsgi [req-286377d4-5f0b-4ad2-a031-b2231c51950c b17b0287de874a8595adcde2d515291b - - default default] http://[LB_IP_ADDRESS]:8776/v3/091d043b1e6c46229faf365a43902409/volumes/d59e7f1d-0535-4b12-8d9b-542bb49409c7 returned with HTTP 200
2022-04-07 15:34:35.653 22 INFO cinder.api.openstack.wsgi [req-225f2c03-9df0-49f7-a0ae-241153a38713 b17b0287de874a8595adcde2d515291b - - default default] GET http://[LB_IP_ADDRESS]:8776/v3/091d043b1e6c46229faf365a43902409/os-volume-transfer/detail
2022-04-07 15:34:35.663 22 INFO cinder.api.openstack.wsgi [req-225f2c03-9df0-49f7-a0ae-241153a38713 b17b0287de874a8595adcde2d515291b - - default default] http://[LB_IP_ADDRESS]:8776/v3/091d043b1e6c46229faf365a43902409/os-volume-transfer/detail returned with HTTP 200
2022-04-07 15:34:35.677 19 INFO cinder.api.openstack.wsgi [req-4681fed9-2647-4b6f-a025-34cb64c5295f b17b0287de874a8595adcde2d515291b - - default default] DELETE http://[LB_IP_ADDRESS]:8776/v3/091d043b1e6c46229faf365a43902409/os-volume-transfer/97c51bfd-fdfe-41d3-8cf8-93fb2d3c56a9
2022-04-07 15:34:35.678 19 INFO cinder.api.contrib.volume_transfer [req-4681fed9-2647-4b6f-a025-34cb64c5295f b17b0287de874a8595adcde2d515291b - - default default] Delete transfer with id: 97c51bfd-fdfe-41d3-8cf8-93fb2d3c56a9
2022-04-07 15:34:35.710 19 INFO cinder.api.openstack.wsgi [req-4681fed9-2647-4b6f-a025-34cb64c5295f b17b0287de874a8595adcde2d515291b - - default default] http://[LB_IP_ADDRESS]:8776/v3/091d043b1e6c46229faf365a43902409/os-volume-transfer/97c51bfd-fdfe-41d3-8cf8-93fb2d3c56a9 returned with HTTP 202
2022-04-07 15:34:35.722 20 INFO cinder.api.openstack.wsgi [req-db22c5b6-84fb-467d-ab85-5bcae89e5593 b17b0287de874a8595adcde2d515291b - - default default] GET http://[LB_IP_ADDRESS]:8776/v3/091d043b1e6c46229faf365a43902409/volumes/d59e7f1d-0535-4b12-8d9b-542bb49409c7
2022-04-07 15:34:35.744 20 INFO cinder.volume.api [req-db22c5b6-84fb-467d-ab85-5bcae89e5593 b17b0287de874a8595adcde2d515291b - - default default] Volume info retrieved successfully.
2022-04-07 15:34:35.751 20 INFO cinder.api.openstack.wsgi [req-db22c5b6-84fb-467d-ab85-5bcae89e5593 b17b0287de874a8595adcde2d515291b - - default default] http://[LB_IP_ADDRESS]:8776/v3/091d043b1e6c46229faf365a43902409/volumes/d59e7f1d-0535-4b12-8d9b-542bb49409c7 returned with HTTP 200
2022-04-07 15:34:35.774 21 INFO cinder.api.openstack.wsgi [req-7f5baa96-7d76-43b1-9418-9a7fa11e5ea0 b17b0287de874a8595adcde2d515291b - - default default] DELETE http://[LB_IP_ADDRESS]:8776/v3/091d043b1e6c46229faf365a43902409/os-volume-transfer/97c51bfd-fdfe-41d3-8cf8-93fb2d3c56a9
2022-04-07 15:34:35.775 21 INFO cinder.api.contrib.volume_transfer [req-7f5baa96-7d76-43b1-9418-9a7fa11e5ea0 b17b0287de874a8595adcde2d515291b - - default default] Delete transfer with id: 97c51bfd-fdfe-41d3-8cf8-93fb2d3c56a9
2022-04-07 15:34:35.780 21 INFO cinder.api.openstack.wsgi [req-7f5baa96-7d76-43b1-9418-9a7fa11e5ea0 b17b0287de874a8595adcde2d515291b - - default default] http://[LB_IP_ADDRESS]:8776/v3/091d043b1e6c46229faf365a43902409/os-volume-transfer/97c51bfd-fdfe-41d3-8cf8-93fb2d3c56a9 returned with HTTP 404
2022-04-07 15:34:35.791 23 INFO cinder.api.openstack.wsgi [req-2e46ab0d-51c5-4b8a-aa2d-a6641276d63e 1f11ca76d2e649568a3c9be2ee9cbe06 - - default default] DELETE http://[LB_IP_ADDRESS]:8776/v3/14d5f9f38db44fee8410ed987e0c7c3a/volumes/d59e7f1d-0535-4b12-8d9b-542bb49409c7
2022-04-07 15:34:35.793 23 INFO cinder.api.v3.volumes [req-2e46ab0d-51c5-4b8a-aa2d-a6641276d63e 1f11ca76d2e649568a3c9be2ee9cbe06 - - default default] Delete volume with id: d59e7f1d-0535-4b12-8d9b-542bb49409c7 
2022-04-07 15:34:35.811 23 INFO cinder.volume.api [req-2e46ab0d-51c5-4b8a-aa2d-a6641276d63e 1f11ca76d2e649568a3c9be2ee9cbe06 - - default default] Volume info retrieved successfully.
2022-04-07 15:34:35.836 23 INFO cinder.volume.api [req-2e46ab0d-51c5-4b8a-aa2d-a6641276d63e 1f11ca76d2e649568a3c9be2ee9cbe06 - - default default] Delete volume request issued successfully.
2022-04-07 15:34:35.837 23 INFO cinder.api.openstack.wsgi [req-2e46ab0d-51c5-4b8a-aa2d-a6641276d63e 1f11ca76d2e649568a3c9be2ee9cbe06 - - default default] http://[LB_IP_ADDRESS]:8776/v3/14d5f9f38db44fee8410ed987e0c7c3a/volumes/d59e7f1d-0535-4b12-8d9b-542bb49409c7 returned with HTTP 202
2022-04-07 15:34:35.848 22 INFO cinder.api.openstack.wsgi [req-af1fa581-4cf9-4368-aa09-1b6b0caad840 1f11ca76d2e649568a3c9be2ee9cbe06 - - default default] GET http://[LB_IP_ADDRESS]:8776/v3/14d5f9f38db44fee8410ed987e0c7c3a/volumes/d59e7f1d-0535-4b12-8d9b-542bb49409c7
2022-04-07 15:34:35.872 22 INFO cinder.volume.api [req-af1fa581-4cf9-4368-aa09-1b6b0caad840 1f11ca76d2e649568a3c9be2ee9cbe06 - - default default] Volume info retrieved successfully.
2022-04-07 15:34:35.879 22 INFO cinder.api.openstack.wsgi [req-af1fa581-4cf9-4368-aa09-1b6b0caad840 1f11ca76d2e649568a3c9be2ee9cbe06 - - default default] http://[LB_IP_ADDRESS]:8776/v3/14d5f9f38db44fee8410ed987e0c7c3a/volumes/d59e7f1d-0535-4b12-8d9b-542bb49409c7 returned with HTTP 200
2022-04-07 15:34:36.901 19 INFO cinder.api.openstack.wsgi [req-11a948cc-b6d2-4ec0-b79c-4168a06f0ab9 1f11ca76d2e649568a3c9be2ee9cbe06 - - default default] GET http://[LB_IP_ADDRESS]:8776/v3/14d5f9f38db44fee8410ed987e0c7c3a/volumes/d59e7f1d-0535-4b12-8d9b-542bb49409c7
2022-04-07 15:34:36.915 19 INFO cinder.api.openstack.wsgi [req-11a948cc-b6d2-4ec0-b79c-4168a06f0ab9 1f11ca76d2e649568a3c9be2ee9cbe06 - - default default] http://[LB_IP_ADDRESS]:8776/v3/14d5f9f38db44fee8410ed987e0c7c3a/volumes/d59e7f1d-0535-4b12-8d9b-542bb49409c7 returned with HTTP 404
2022-04-07 15:34:36.928 20 INFO cinder.api.openstack.wsgi [req-dc2fc104-b131-42b3-9319-4142a396a597 b17b0287de874a8595adcde2d515291b - - default default] DELETE http://[LB_IP_ADDRESS]:8776/v3/091d043b1e6c46229faf365a43902409/volumes/d59e7f1d-0535-4b12-8d9b-542bb49409c7
2022-04-07 15:34:36.929 20 INFO cinder.api.v3.volumes [req-dc2fc104-b131-42b3-9319-4142a396a597 b17b0287de874a8595adcde2d515291b - - default default] Delete volume with id: d59e7f1d-0535-4b12-8d9b-542bb49409c7 
2022-04-07 15:34:36.942 20 INFO cinder.api.openstack.wsgi [req-dc2fc104-b131-42b3-9319-4142a396a597 b17b0287de874a8595adcde2d515291b - - default default] http://[LB_IP_ADDRESS]:8776/v3/091d043b1e6c46229faf365a43902409/volumes/d59e7f1d-0535-4b12-8d9b-542bb49409c7 returned with HTTP 404
2022-04-07 15:34:36.954 21 INFO cinder.api.openstack.wsgi [req-1f8b20cc-651d-4bd5-bb04-4903e4e803f5 b17b0287de874a8595adcde2d515291b - - default default] DELETE http://[LB_IP_ADDRESS]:8776/v3/091d043b1e6c46229faf365a43902409/volumes/13d3682f-3a1d-4394-a4f6-2377d84d9679
2022-04-07 15:34:36.955 21 INFO cinder.api.v3.volumes [req-1f8b20cc-651d-4bd5-bb04-4903e4e803f5 b17b0287de874a8595adcde2d515291b - - default default] Delete volume with id: 13d3682f-3a1d-4394-a4f6-2377d84d9679 
2022-04-07 15:34:36.969 21 INFO cinder.api.openstack.wsgi [req-1f8b20cc-651d-4bd5-bb04-4903e4e803f5 b17b0287de874a8595adcde2d515291b - - default default] http://[LB_IP_ADDRESS]:8776/v3/091d043b1e6c46229faf365a43902409/volumes/13d3682f-3a1d-4394-a4f6-2377d84d9679 returned with HTTP 404
2022-04-07 15:34:40.545 23 INFO cinder.api.openstack.wsgi [req-60161d13-27cc-4d3e-b173-6bad64cc4a7f 898d98ffea44419d8ebb27f736f427cf - - default default] POST http://[LB_IP_ADDRESS]:8776/v3/98b3dc2439834d1780861806c737d3af/volumes
2022-04-07 15:34:40.632 23 INFO cinder.api.v3.volumes [req-60161d13-27cc-4d3e-b173-6bad64cc4a7f 898d98ffea44419d8ebb27f736f427cf - - default default] Create volume of 1 GB
2022-04-07 15:34:40.645 23 INFO cinder.volume.api [req-60161d13-27cc-4d3e-b173-6bad64cc4a7f 898d98ffea44419d8ebb27f736f427cf - - default default] Availability Zones retrieved successfully.
2022-04-07 15:34:40.973 23 INFO cinder.volume.api [req-60161d13-27cc-4d3e-b173-6bad64cc4a7f 898d98ffea44419d8ebb27f736f427cf - - default default] Create volume request issued successfully.
2022-04-07 15:34:40.974 23 INFO cinder.api.openstack.wsgi [req-60161d13-27cc-4d3e-b173-6bad64cc4a7f 898d98ffea44419d8ebb27f736f427cf - - default default] http://[LB_IP_ADDRESS]:8776/v3/98b3dc2439834d1780861806c737d3af/volumes returned with HTTP 202
2022-04-07 15:34:40.995 22 INFO cinder.api.openstack.wsgi [req-dad04902-ac9e-4e5c-b9f6-9980feba1a49 898d98ffea44419d8ebb27f736f427cf - - default default] GET http://[LB_IP_ADDRESS]:8776/v3/98b3dc2439834d1780861806c737d3af/volumes/794c392f-3cf4-496d-87e2-8483aee9d36b
2022-04-07 15:34:41.019 22 INFO cinder.volume.api [req-dad04902-ac9e-4e5c-b9f6-9980feba1a49 898d98ffea44419d8ebb27f736f427cf - - default default] Volume info retrieved successfully.
2022-04-07 15:34:41.026 22 INFO cinder.api.openstack.wsgi [req-dad04902-ac9e-4e5c-b9f6-9980feba1a49 898d98ffea44419d8ebb27f736f427cf - - default default] http://[LB_IP_ADDRESS]:8776/v3/98b3dc2439834d1780861806c737d3af/volumes/794c392f-3cf4-496d-87e2-8483aee9d36b returned with HTTP 200
2022-04-07 15:34:42.046 19 INFO cinder.api.openstack.wsgi [req-8a9906c9-7974-4968-8d86-02063cf4121d 898d98ffea44419d8ebb27f736f427cf - - default default] GET http://[LB_IP_ADDRESS]:8776/v3/98b3dc2439834d1780861806c737d3af/volumes/794c392f-3cf4-496d-87e2-8483aee9d36b
2022-04-07 15:34:42.070 19 INFO cinder.volume.api [req-8a9906c9-7974-4968-8d86-02063cf4121d 898d98ffea44419d8ebb27f736f427cf - - default default] Volume info retrieved successfully.
2022-04-07 15:34:42.078 19 INFO cinder.api.openstack.wsgi [req-8a9906c9-7974-4968-8d86-02063cf4121d 898d98ffea44419d8ebb27f736f427cf - - default default] http://[LB_IP_ADDRESS]:8776/v3/98b3dc2439834d1780861806c737d3af/volumes/794c392f-3cf4-496d-87e2-8483aee9d36b returned with HTTP 200
2022-04-07 15:34:43.100 20 INFO cinder.api.openstack.wsgi [req-18f4a3fc-226a-4a16-89d8-41a649629c5e 898d98ffea44419d8ebb27f736f427cf - - default default] GET http://[LB_IP_ADDRESS]:8776/v3/98b3dc2439834d1780861806c737d3af/volumes/794c392f-3cf4-496d-87e2-8483aee9d36b
2022-04-07 15:34:43.126 20 INFO cinder.volume.api [req-18f4a3fc-226a-4a16-89d8-41a649629c5e 898d98ffea44419d8ebb27f736f427cf - - default default] Volume info retrieved successfully.
