2024-07-27 15:12:11.707 19 INFO cinder.api.openstack.wsgi [None req-2e2d47a7-6931-49c0-829e-9750029c5590 8c1818109e8f49d7ac55f1f035f7f0e4 c0a5213bff064ed28f25fd5facc66c08 - - default default] GET http://[LB_IP_ADDRESS]:8776/v3/c0a5213bff064ed28f25fd5facc66c08/volumes/33313158-8344-4f9b-a114-e4c985fde649
2024-07-27 15:12:11.728 19 INFO cinder.volume.api [None req-2e2d47a7-6931-49c0-829e-9750029c5590 8c1818109e8f49d7ac55f1f035f7f0e4 c0a5213bff064ed28f25fd5facc66c08 - - default default] Volume info retrieved successfully.
2024-07-27 15:12:11.733 19 INFO cinder.api.openstack.wsgi [None req-2e2d47a7-6931-49c0-829e-9750029c5590 8c1818109e8f49d7ac55f1f035f7f0e4 c0a5213bff064ed28f25fd5facc66c08 - - default default] http://[LB_IP_ADDRESS]:8776/v3/c0a5213bff064ed28f25fd5facc66c08/volumes/33313158-8344-4f9b-a114-e4c985fde649 returned with HTTP 200
2024-07-27 15:12:11.761 23 INFO cinder.api.openstack.wsgi [None req-02f21f4a-0232-454b-a3a6-7f33ae52903e 85da656382dc49579922a40b0a59cacb 29761108369840fbb95cc15468068c81 - - default default] GET http://[LB_IP_ADDRESS]:8776/v3/29761108369840fbb95cc15468068c81/volumes/33313158-8344-4f9b-a114-e4c985fde649
2024-07-27 15:12:11.789 23 INFO cinder.volume.api [None req-02f21f4a-0232-454b-a3a6-7f33ae52903e 85da656382dc49579922a40b0a59cacb 29761108369840fbb95cc15468068c81 - - default default] Volume info retrieved successfully.
2024-07-27 15:12:11.794 23 INFO cinder.api.openstack.wsgi [None req-02f21f4a-0232-454b-a3a6-7f33ae52903e 85da656382dc49579922a40b0a59cacb 29761108369840fbb95cc15468068c81 - - default default] http://[LB_IP_ADDRESS]:8776/v3/29761108369840fbb95cc15468068c81/volumes/33313158-8344-4f9b-a114-e4c985fde649 returned with HTTP 200
2024-07-27 15:12:11.826 20 INFO cinder.api.openstack.wsgi [None req-b5c7b107-4285-4a29-a3f7-aaa4fd8b6738 85da656382dc49579922a40b0a59cacb 29761108369840fbb95cc15468068c81 - - default default] GET http://[LB_IP_ADDRESS]:8776/v3/29761108369840fbb95cc15468068c81/os-services?host=rack04-server68&binary=cinder-volume
2024-07-27 15:12:11.835 20 INFO cinder.api.openstack.wsgi [None req-b5c7b107-4285-4a29-a3f7-aaa4fd8b6738 85da656382dc49579922a40b0a59cacb 29761108369840fbb95cc15468068c81 - - default default] http://[LB_IP_ADDRESS]:8776/v3/29761108369840fbb95cc15468068c81/os-services?host=rack04-server68&binary=cinder-volume returned with HTTP 200
2024-07-27 15:12:11.853 22 INFO cinder.api.openstack.wsgi [None req-8c240d8e-8b57-4898-9eef-198582f29dbb 8c1818109e8f49d7ac55f1f035f7f0e4 c0a5213bff064ed28f25fd5facc66c08 - - default default] GET http://[LB_IP_ADDRESS]:8776/v3/c0a5213bff064ed28f25fd5facc66c08/volumes/33313158-8344-4f9b-a114-e4c985fde649
2024-07-27 15:12:11.888 22 INFO cinder.volume.api [None req-8c240d8e-8b57-4898-9eef-198582f29dbb 8c1818109e8f49d7ac55f1f035f7f0e4 c0a5213bff064ed28f25fd5facc66c08 - - default default] Volume info retrieved successfully.
2024-07-27 15:12:11.893 22 INFO cinder.api.openstack.wsgi [None req-8c240d8e-8b57-4898-9eef-198582f29dbb 8c1818109e8f49d7ac55f1f035f7f0e4 c0a5213bff064ed28f25fd5facc66c08 - - default default] http://[LB_IP_ADDRESS]:8776/v3/c0a5213bff064ed28f25fd5facc66c08/volumes/33313158-8344-4f9b-a114-e4c985fde649 returned with HTTP 200
2024-07-27 15:12:11.923 21 INFO cinder.api.openstack.wsgi [None req-98328659-dc13-4a87-8d0d-5bb1b165e644 8c1818109e8f49d7ac55f1f035f7f0e4 c0a5213bff064ed28f25fd5facc66c08 - - default default] DELETE http://[LB_IP_ADDRESS]:8776/v3/c0a5213bff064ed28f25fd5facc66c08/volumes/33313158-8344-4f9b-a114-e4c985fde649
2024-07-27 15:12:11.924 21 INFO cinder.api.v3.volumes [None req-98328659-dc13-4a87-8d0d-5bb1b165e644 8c1818109e8f49d7ac55f1f035f7f0e4 c0a5213bff064ed28f25fd5facc66c08 - - default default] Delete volume with id: 33313158-8344-4f9b-a114-e4c985fde649 
2024-07-27 15:12:11.939 21 INFO cinder.volume.api [None req-98328659-dc13-4a87-8d0d-5bb1b165e644 8c1818109e8f49d7ac55f1f035f7f0e4 c0a5213bff064ed28f25fd5facc66c08 - - default default] Volume info retrieved successfully.
2024-07-27 15:12:11.960 21 INFO cinder.volume.api [None req-98328659-dc13-4a87-8d0d-5bb1b165e644 8c1818109e8f49d7ac55f1f035f7f0e4 c0a5213bff064ed28f25fd5facc66c08 - - default default] Delete volume request issued successfully.
2024-07-27 15:12:11.960 21 INFO cinder.api.openstack.wsgi [None req-98328659-dc13-4a87-8d0d-5bb1b165e644 8c1818109e8f49d7ac55f1f035f7f0e4 c0a5213bff064ed28f25fd5facc66c08 - - default default] http://[LB_IP_ADDRESS]:8776/v3/c0a5213bff064ed28f25fd5facc66c08/volumes/33313158-8344-4f9b-a114-e4c985fde649 returned with HTTP 202
2024-07-27 15:12:11.975 23 INFO cinder.api.openstack.wsgi [None req-d7fd2807-a813-4091-b8d9-e581a1cab471 8c1818109e8f49d7ac55f1f035f7f0e4 c0a5213bff064ed28f25fd5facc66c08 - - default default] GET http://[LB_IP_ADDRESS]:8776/v3/c0a5213bff064ed28f25fd5facc66c08/volumes/33313158-8344-4f9b-a114-e4c985fde649
2024-07-27 15:12:11.995 23 INFO cinder.volume.api [None req-d7fd2807-a813-4091-b8d9-e581a1cab471 8c1818109e8f49d7ac55f1f035f7f0e4 c0a5213bff064ed28f25fd5facc66c08 - - default default] Volume info retrieved successfully.
2024-07-27 15:12:12.000 23 INFO cinder.api.openstack.wsgi [None req-d7fd2807-a813-4091-b8d9-e581a1cab471 8c1818109e8f49d7ac55f1f035f7f0e4 c0a5213bff064ed28f25fd5facc66c08 - - default default] http://[LB_IP_ADDRESS]:8776/v3/c0a5213bff064ed28f25fd5facc66c08/volumes/33313158-8344-4f9b-a114-e4c985fde649 returned with HTTP 200
2024-07-27 15:12:12.008 19 INFO cinder.api.openstack.wsgi [None req-77f86eac-1f71-4415-9e4f-81554425ed2a 9c16119b7f1a4995885414b637d53351 8127e4aac1e646b5bb28b029f532abf6 - - default default] GET http://[LB_IP_ADDRESS]:8776/v3/8127e4aac1e646b5bb28b029f532abf6/extensions
2024-07-27 15:12:12.009 19 INFO cinder.api.openstack.wsgi [None req-77f86eac-1f71-4415-9e4f-81554425ed2a 9c16119b7f1a4995885414b637d53351 8127e4aac1e646b5bb28b029f532abf6 - - default default] http://[LB_IP_ADDRESS]:8776/v3/8127e4aac1e646b5bb28b029f532abf6/extensions returned with HTTP 200
2024-07-27 15:12:12.407 20 INFO cinder.api.openstack.wsgi [None req-9e9974f2-fe32-4751-880e-1cceef950113 c6a22cb267594b118fd81949bd0078cc c4d75a297d1645a2a9b4552711edfc93 - - default default] GET http://[LB_IP_ADDRESS]:8776/v3/c4d75a297d1645a2a9b4552711edfc93/groups/bfd923ee-30e2-4e68-b313-c3738ba350c6
2024-07-27 15:12:12.432 20 INFO cinder.api.openstack.wsgi [None req-9e9974f2-fe32-4751-880e-1cceef950113 c6a22cb267594b118fd81949bd0078cc c4d75a297d1645a2a9b4552711edfc93 - - default default] http://[LB_IP_ADDRESS]:8776/v3/c4d75a297d1645a2a9b4552711edfc93/groups/bfd923ee-30e2-4e68-b313-c3738ba350c6 returned with HTTP 200
2024-07-27 15:12:12.455 22 INFO cinder.api.openstack.wsgi [None req-f8c27cfb-e9fb-44a5-95bd-1cb346b4c7f9 c6a22cb267594b118fd81949bd0078cc c4d75a297d1645a2a9b4552711edfc93 - - default default] POST http://[LB_IP_ADDRESS]:8776/v3/c4d75a297d1645a2a9b4552711edfc93/volumes
2024-07-27 15:12:12.479 22 INFO cinder.api.v3.volumes [None req-f8c27cfb-e9fb-44a5-95bd-1cb346b4c7f9 c6a22cb267594b118fd81949bd0078cc c4d75a297d1645a2a9b4552711edfc93 - - default default] Create volume of 1 GB
2024-07-27 15:12:12.488 22 INFO cinder.volume.api [None req-f8c27cfb-e9fb-44a5-95bd-1cb346b4c7f9 c6a22cb267594b118fd81949bd0078cc c4d75a297d1645a2a9b4552711edfc93 - - default default] Availability Zones retrieved successfully.
2024-07-27 15:12:12.542 22 WARNING cinder.quota [None req-f8c27cfb-e9fb-44a5-95bd-1cb346b4c7f9 c6a22cb267594b118fd81949bd0078cc c4d75a297d1645a2a9b4552711edfc93 - - default default] Deprecated: Default quota for resource: volumes_tempest-GroupSnapshotsV319Test-volume-type-2136602738 is set by the default quota flag: quota_volumes_tempest-GroupSnapshotsV319Test-volume-type-2136602738, it is now deprecated. Please use the default quota class for default quota.
2024-07-27 15:12:12.542 22 WARNING cinder.quota [None req-f8c27cfb-e9fb-44a5-95bd-1cb346b4c7f9 c6a22cb267594b118fd81949bd0078cc c4d75a297d1645a2a9b4552711edfc93 - - default default] Deprecated: Default quota for resource: gigabytes_tempest-GroupSnapshotsV319Test-volume-type-2136602738 is set by the default quota flag: quota_gigabytes_tempest-GroupSnapshotsV319Test-volume-type-2136602738, it is now deprecated. Please use the default quota class for default quota.
2024-07-27 15:12:12.613 22 INFO cinder.volume.api [None req-f8c27cfb-e9fb-44a5-95bd-1cb346b4c7f9 c6a22cb267594b118fd81949bd0078cc c4d75a297d1645a2a9b4552711edfc93 - - default default] Create volume request issued successfully.
2024-07-27 15:12:12.636 22 INFO cinder.api.openstack.wsgi [None req-f8c27cfb-e9fb-44a5-95bd-1cb346b4c7f9 c6a22cb267594b118fd81949bd0078cc c4d75a297d1645a2a9b4552711edfc93 - - default default] http://[LB_IP_ADDRESS]:8776/v3/c4d75a297d1645a2a9b4552711edfc93/volumes returned with HTTP 202
2024-07-27 15:12:12.661 21 INFO cinder.api.openstack.wsgi [None req-96e80897-631a-4d89-aafa-30175aa9b3ee c6a22cb267594b118fd81949bd0078cc c4d75a297d1645a2a9b4552711edfc93 - - default default] GET http://[LB_IP_ADDRESS]:8776/v3/c4d75a297d1645a2a9b4552711edfc93/volumes/97544f22-d288-4480-bc88-1f5e2fa4afa7
2024-07-27 15:12:12.677 21 INFO cinder.volume.api [None req-96e80897-631a-4d89-aafa-30175aa9b3ee c6a22cb267594b118fd81949bd0078cc c4d75a297d1645a2a9b4552711edfc93 - - default default] Volume info retrieved successfully.
2024-07-27 15:12:12.694 21 INFO cinder.api.openstack.wsgi [None req-96e80897-631a-4d89-aafa-30175aa9b3ee c6a22cb267594b118fd81949bd0078cc c4d75a297d1645a2a9b4552711edfc93 - - default default] http://[LB_IP_ADDRESS]:8776/v3/c4d75a297d1645a2a9b4552711edfc93/volumes/97544f22-d288-4480-bc88-1f5e2fa4afa7 returned with HTTP 200
2024-07-27 15:12:13.031 23 INFO cinder.api.openstack.wsgi [None req-ed5cb735-5391-4526-9bf1-ab287719ad59 8c1818109e8f49d7ac55f1f035f7f0e4 c0a5213bff064ed28f25fd5facc66c08 - - default default] GET http://[LB_IP_ADDRESS]:8776/v3/c0a5213bff064ed28f25fd5facc66c08/volumes/33313158-8344-4f9b-a114-e4c985fde649
2024-07-27 15:12:13.050 23 INFO cinder.volume.api [None req-ed5cb735-5391-4526-9bf1-ab287719ad59 8c1818109e8f49d7ac55f1f035f7f0e4 c0a5213bff064ed28f25fd5facc66c08 - - default default] Volume info retrieved successfully.
2024-07-27 15:12:13.055 23 INFO cinder.api.openstack.wsgi [None req-ed5cb735-5391-4526-9bf1-ab287719ad59 8c1818109e8f49d7ac55f1f035f7f0e4 c0a5213bff064ed28f25fd5facc66c08 - - default default] http://[LB_IP_ADDRESS]:8776/v3/c0a5213bff064ed28f25fd5facc66c08/volumes/33313158-8344-4f9b-a114-e4c985fde649 returned with HTTP 200
2024-07-27 15:12:13.724 19 INFO cinder.api.openstack.wsgi [None req-f53c56cd-60d0-4b45-9354-c4fd8a6d0717 c6a22cb267594b118fd81949bd0078cc c4d75a297d1645a2a9b4552711edfc93 - - default default] GET http://[LB_IP_ADDRESS]:8776/v3/c4d75a297d1645a2a9b4552711edfc93/volumes/97544f22-d288-4480-bc88-1f5e2fa4afa7
2024-07-27 15:12:13.744 19 INFO cinder.volume.api [None req-f53c56cd-60d0-4b45-9354-c4fd8a6d0717 c6a22cb267594b118fd81949bd0078cc c4d75a297d1645a2a9b4552711edfc93 - - default default] Volume info retrieved successfully.
2024-07-27 15:12:13.777 19 INFO cinder.api.openstack.wsgi [None req-f53c56cd-60d0-4b45-9354-c4fd8a6d0717 c6a22cb267594b118fd81949bd0078cc c4d75a297d1645a2a9b4552711edfc93 - - default default] http://[LB_IP_ADDRESS]:8776/v3/c4d75a297d1645a2a9b4552711edfc93/volumes/97544f22-d288-4480-bc88-1f5e2fa4afa7 returned with HTTP 200
2024-07-27 15:12:13.808 20 INFO cinder.api.openstack.wsgi [None req-e3a01e1e-8183-4cd0-9f5d-8c698659046d c6a22cb267594b118fd81949bd0078cc c4d75a297d1645a2a9b4552711edfc93 - - default default] POST http://[LB_IP_ADDRESS]:8776/v3/c4d75a297d1645a2a9b4552711edfc93/group_snapshots
2024-07-27 15:12:13.826 20 INFO cinder.api.v3.group_snapshots [None req-e3a01e1e-8183-4cd0-9f5d-8c698659046d c6a22cb267594b118fd81949bd0078cc c4d75a297d1645a2a9b4552711edfc93 - - default default] Creating group_snapshot tempest-GroupSnapshotsV319Test-Group_Snapshot-663074044.
2024-07-27 15:12:13.884 20 WARNING cinder.quota [None req-e3a01e1e-8183-4cd0-9f5d-8c698659046d c6a22cb267594b118fd81949bd0078cc c4d75a297d1645a2a9b4552711edfc93 - - default default] Deprecated: Default quota for resource: gigabytes_tempest-GroupSnapshotsV319Test-volume-type-2136602738 is set by the default quota flag: quota_gigabytes_tempest-GroupSnapshotsV319Test-volume-type-2136602738, it is now deprecated. Please use the default quota class for default quota.
2024-07-27 15:12:13.884 20 WARNING cinder.quota [None req-e3a01e1e-8183-4cd0-9f5d-8c698659046d c6a22cb267594b118fd81949bd0078cc c4d75a297d1645a2a9b4552711edfc93 - - default default] Deprecated: Default quota for resource: snapshots_tempest-GroupSnapshotsV319Test-volume-type-2136602738 is set by the default quota flag: quota_snapshots_tempest-GroupSnapshotsV319Test-volume-type-2136602738, it is now deprecated. Please use the default quota class for default quota.
2024-07-27 15:12:13.949 20 INFO cinder.api.openstack.wsgi [None req-e3a01e1e-8183-4cd0-9f5d-8c698659046d c6a22cb267594b118fd81949bd0078cc c4d75a297d1645a2a9b4552711edfc93 - - default default] http://[LB_IP_ADDRESS]:8776/v3/c4d75a297d1645a2a9b4552711edfc93/group_snapshots returned with HTTP 202
2024-07-27 15:12:13.965 22 INFO cinder.api.openstack.wsgi [None req-a4c7a963-e843-4971-b3bf-c39c39ae5c45 c6a22cb267594b118fd81949bd0078cc c4d75a297d1645a2a9b4552711edfc93 - - default default] GET http://[LB_IP_ADDRESS]:8776/v3/c4d75a297d1645a2a9b4552711edfc93/group_snapshots/54ecdd62-dc23-4ebb-b5ae-68be46790d60
2024-07-27 15:12:13.975 22 INFO cinder.api.openstack.wsgi [None req-a4c7a963-e843-4971-b3bf-c39c39ae5c45 c6a22cb267594b118fd81949bd0078cc c4d75a297d1645a2a9b4552711edfc93 - - default default] http://[LB_IP_ADDRESS]:8776/v3/c4d75a297d1645a2a9b4552711edfc93/group_snapshots/54ecdd62-dc23-4ebb-b5ae-68be46790d60 returned with HTTP 200
2024-07-27 15:12:14.087 21 INFO cinder.api.openstack.wsgi [None req-2e43ac93-8ec9-4e8b-82a7-cb65239fdd0d 8c1818109e8f49d7ac55f1f035f7f0e4 c0a5213bff064ed28f25fd5facc66c08 - - default default] GET http://[LB_IP_ADDRESS]:8776/v3/c0a5213bff064ed28f25fd5facc66c08/volumes/33313158-8344-4f9b-a114-e4c985fde649
2024-07-27 15:12:14.106 21 INFO cinder.api.openstack.wsgi [None req-2e43ac93-8ec9-4e8b-82a7-cb65239fdd0d 8c1818109e8f49d7ac55f1f035f7f0e4 c0a5213bff064ed28f25fd5facc66c08 - - default default] http://[LB_IP_ADDRESS]:8776/v3/c0a5213bff064ed28f25fd5facc66c08/volumes/33313158-8344-4f9b-a114-e4c985fde649 returned with HTTP 404
2024-07-27 15:12:14.123 23 INFO cinder.api.openstack.wsgi [None req-dc980c95-9757-40ad-9e7c-43d378685b16 85da656382dc49579922a40b0a59cacb 29761108369840fbb95cc15468068c81 - - default default] GET http://[LB_IP_ADDRESS]:8776/v3/29761108369840fbb95cc15468068c81/os-services
2024-07-27 15:12:14.131 23 INFO cinder.api.openstack.wsgi [None req-dc980c95-9757-40ad-9e7c-43d378685b16 85da656382dc49579922a40b0a59cacb 29761108369840fbb95cc15468068c81 - - default default] http://[LB_IP_ADDRESS]:8776/v3/29761108369840fbb95cc15468068c81/os-services returned with HTTP 200
2024-07-27 15:12:14.277 19 INFO cinder.api.openstack.wsgi [None req-b061362a-6a59-4ea3-8a56-3a047d39649d - - - - - -] GET http://[LB_IP_ADDRESS]:8776/
2024-07-27 15:12:14.279 19 INFO cinder.api.openstack.wsgi [None req-b061362a-6a59-4ea3-8a56-3a047d39649d - - - - - -] http://[LB_IP_ADDRESS]:8776/ returned with HTTP 300
2024-07-27 15:12:14.994 20 INFO cinder.api.openstack.wsgi [None req-3ec510eb-5a16-4643-a52f-44b08622e9e3 c6a22cb267594b118fd81949bd0078cc c4d75a297d1645a2a9b4552711edfc93 - - default default] GET http://[LB_IP_ADDRESS]:8776/v3/c4d75a297d1645a2a9b4552711edfc93/group_snapshots/54ecdd62-dc23-4ebb-b5ae-68be46790d60
2024-07-27 15:12:15.013 20 INFO cinder.api.openstack.wsgi [None req-3ec510eb-5a16-4643-a52f-44b08622e9e3 c6a22cb267594b118fd81949bd0078cc c4d75a297d1645a2a9b4552711edfc93 - - default default] http://[LB_IP_ADDRESS]:8776/v3/c4d75a297d1645a2a9b4552711edfc93/group_snapshots/54ecdd62-dc23-4ebb-b5ae-68be46790d60 returned with HTTP 200
2024-07-27 15:12:15.458 22 INFO cinder.api.openstack.wsgi [None req-592c8977-ddce-4fab-9a87-f033f1abc148 2804ee5609d24c9fb1ddafd38b73efe8 f117d5a44bb34d60bf873b1f84da7471 - - default default] POST http://[LB_IP_ADDRESS]:8776/v3/f117d5a44bb34d60bf873b1f84da7471/volumes
2024-07-27 15:12:15.464 22 INFO cinder.api.v3.volumes [None req-592c8977-ddce-4fab-9a87-f033f1abc148 2804ee5609d24c9fb1ddafd38b73efe8 f117d5a44bb34d60bf873b1f84da7471 - - default default] Create volume of 1 GB
2024-07-27 15:12:15.472 22 INFO cinder.volume.api [None req-592c8977-ddce-4fab-9a87-f033f1abc148 2804ee5609d24c9fb1ddafd38b73efe8 f117d5a44bb34d60bf873b1f84da7471 - - default default] Availability Zones retrieved successfully.
2024-07-27 15:12:15.606 22 INFO cinder.volume.api [None req-592c8977-ddce-4fab-9a87-f033f1abc148 2804ee5609d24c9fb1ddafd38b73efe8 f117d5a44bb34d60bf873b1f84da7471 - - default default] Create volume request issued successfully.
2024-07-27 15:12:15.609 22 INFO cinder.api.openstack.wsgi [None req-592c8977-ddce-4fab-9a87-f033f1abc148 2804ee5609d24c9fb1ddafd38b73efe8 f117d5a44bb34d60bf873b1f84da7471 - - default default] http://[LB_IP_ADDRESS]:8776/v3/f117d5a44bb34d60bf873b1f84da7471/volumes returned with HTTP 202
2024-07-27 15:12:15.636 21 INFO cinder.api.openstack.wsgi [None req-b587443c-b629-4114-afed-939e982809fb 2804ee5609d24c9fb1ddafd38b73efe8 f117d5a44bb34d60bf873b1f84da7471 - - default default] GET http://[LB_IP_ADDRESS]:8776/v3/f117d5a44bb34d60bf873b1f84da7471/volumes/4d3bec4f-3837-4321-a49c-5c18601a2498
2024-07-27 15:12:15.658 21 INFO cinder.volume.api [None req-b587443c-b629-4114-afed-939e982809fb 2804ee5609d24c9fb1ddafd38b73efe8 f117d5a44bb34d60bf873b1f84da7471 - - default default] Volume info retrieved successfully.
2024-07-27 15:12:15.663 21 INFO cinder.api.openstack.wsgi [None req-b587443c-b629-4114-afed-939e982809fb 2804ee5609d24c9fb1ddafd38b73efe8 f117d5a44bb34d60bf873b1f84da7471 - - default default] http://[LB_IP_ADDRESS]:8776/v3/f117d5a44bb34d60bf873b1f84da7471/volumes/4d3bec4f-3837-4321-a49c-5c18601a2498 returned with HTTP 200
2024-07-27 15:12:16.032 23 INFO cinder.api.openstack.wsgi [None req-494d060f-7d37-43e1-8a38-7dbe83bca6c9 c6a22cb267594b118fd81949bd0078cc c4d75a297d1645a2a9b4552711edfc93 - - default default] GET http://[LB_IP_ADDRESS]:8776/v3/c4d75a297d1645a2a9b4552711edfc93/group_snapshots/54ecdd62-dc23-4ebb-b5ae-68be46790d60
2024-07-27 15:12:16.045 23 INFO cinder.api.openstack.wsgi [None req-494d060f-7d37-43e1-8a38-7dbe83bca6c9 c6a22cb267594b118fd81949bd0078cc c4d75a297d1645a2a9b4552711edfc93 - - default default] http://[LB_IP_ADDRESS]:8776/v3/c4d75a297d1645a2a9b4552711edfc93/group_snapshots/54ecdd62-dc23-4ebb-b5ae-68be46790d60 returned with HTTP 200
2024-07-27 15:12:16.064 19 INFO cinder.api.openstack.wsgi [None req-812cd37b-4023-4aae-997a-029c1effc42c c6a22cb267594b118fd81949bd0078cc c4d75a297d1645a2a9b4552711edfc93 - - default default] GET http://[LB_IP_ADDRESS]:8776/v3/c4d75a297d1645a2a9b4552711edfc93/snapshots/detail
2024-07-27 15:12:16.076 19 INFO cinder.volume.api [None req-812cd37b-4023-4aae-997a-029c1effc42c c6a22cb267594b118fd81949bd0078cc c4d75a297d1645a2a9b4552711edfc93 - - default default] Get all snapshots completed successfully.
2024-07-27 15:12:16.079 19 INFO cinder.api.openstack.wsgi [None req-812cd37b-4023-4aae-997a-029c1effc42c c6a22cb267594b118fd81949bd0078cc c4d75a297d1645a2a9b4552711edfc93 - - default default] http://[LB_IP_ADDRESS]:8776/v3/c4d75a297d1645a2a9b4552711edfc93/snapshots/detail returned with HTTP 200
2024-07-27 15:12:16.099 20 INFO cinder.api.openstack.wsgi [None req-1a8a8513-e747-4289-be5f-250bd38d2893 c6a22cb267594b118fd81949bd0078cc c4d75a297d1645a2a9b4552711edfc93 - - default default] GET http://[LB_IP_ADDRESS]:8776/v3/c4d75a297d1645a2a9b4552711edfc93/snapshots/b356a03c-a9da-49d1-ad24-f14e2212e99a
2024-07-27 15:12:16.113 20 INFO cinder.volume.api [None req-1a8a8513-e747-4289-be5f-250bd38d2893 c6a22cb267594b118fd81949bd0078cc c4d75a297d1645a2a9b4552711edfc93 - - default default] Snapshot retrieved successfully.
2024-07-27 15:12:16.114 20 INFO cinder.api.openstack.wsgi [None req-1a8a8513-e747-4289-be5f-250bd38d2893 c6a22cb267594b118fd81949bd0078cc c4d75a297d1645a2a9b4552711edfc93 - - default default] http://[LB_IP_ADDRESS]:8776/v3/c4d75a297d1645a2a9b4552711edfc93/snapshots/b356a03c-a9da-49d1-ad24-f14e2212e99a returned with HTTP 200
2024-07-27 15:12:16.134 22 INFO cinder.api.openstack.wsgi [None req-a9151b00-4517-48a3-b946-fb7484bd8e55 8f5a85d158d740508d7c46429427265b e36d8f8c3f044c179014c674c4c18683 - - default default] POST http://[LB_IP_ADDRESS]:8776/v3/e36d8f8c3f044c179014c674c4c18683/group_snapshots/54ecdd62-dc23-4ebb-b5ae-68be46790d60/action
2024-07-27 15:12:16.152 22 INFO cinder.api.openstack.wsgi [None req-a9151b00-4517-48a3-b946-fb7484bd8e55 8f5a85d158d740508d7c46429427265b e36d8f8c3f044c179014c674c4c18683 - - default default] http://[LB_IP_ADDRESS]:8776/v3/e36d8f8c3f044c179014c674c4c18683/group_snapshots/54ecdd62-dc23-4ebb-b5ae-68be46790d60/action returned with HTTP 202
2024-07-27 15:12:16.167 21 INFO cinder.api.openstack.wsgi [None req-296d3f1a-984b-42f6-9d8b-679917114112 c6a22cb267594b118fd81949bd0078cc c4d75a297d1645a2a9b4552711edfc93 - - default default] GET http://[LB_IP_ADDRESS]:8776/v3/c4d75a297d1645a2a9b4552711edfc93/group_snapshots/54ecdd62-dc23-4ebb-b5ae-68be46790d60
2024-07-27 15:12:16.178 21 INFO cinder.api.openstack.wsgi [None req-296d3f1a-984b-42f6-9d8b-679917114112 c6a22cb267594b118fd81949bd0078cc c4d75a297d1645a2a9b4552711edfc93 - - default default] http://[LB_IP_ADDRESS]:8776/v3/c4d75a297d1645a2a9b4552711edfc93/group_snapshots/54ecdd62-dc23-4ebb-b5ae-68be46790d60 returned with HTTP 200
2024-07-27 15:12:16.196 23 INFO cinder.api.openstack.wsgi [None req-6782eda6-4cf5-47cf-9cff-b475edf5846a 8f5a85d158d740508d7c46429427265b e36d8f8c3f044c179014c674c4c18683 - - default default] POST http://[LB_IP_ADDRESS]:8776/v3/e36d8f8c3f044c179014c674c4c18683/group_snapshots/54ecdd62-dc23-4ebb-b5ae-68be46790d60/action
2024-07-27 15:12:16.217 23 INFO cinder.api.openstack.wsgi [None req-6782eda6-4cf5-47cf-9cff-b475edf5846a 8f5a85d158d740508d7c46429427265b e36d8f8c3f044c179014c674c4c18683 - - default default] http://[LB_IP_ADDRESS]:8776/v3/e36d8f8c3f044c179014c674c4c18683/group_snapshots/54ecdd62-dc23-4ebb-b5ae-68be46790d60/action returned with HTTP 202
2024-07-27 15:12:16.229 19 INFO cinder.api.openstack.wsgi [None req-fb0c2777-60f7-42a2-bb9b-565a538462fa c6a22cb267594b118fd81949bd0078cc c4d75a297d1645a2a9b4552711edfc93 - - default default] GET http://[LB_IP_ADDRESS]:8776/v3/c4d75a297d1645a2a9b4552711edfc93/group_snapshots/54ecdd62-dc23-4ebb-b5ae-68be46790d60
2024-07-27 15:12:16.238 19 INFO cinder.api.openstack.wsgi [None req-fb0c2777-60f7-42a2-bb9b-565a538462fa c6a22cb267594b118fd81949bd0078cc c4d75a297d1645a2a9b4552711edfc93 - - default default] http://[LB_IP_ADDRESS]:8776/v3/c4d75a297d1645a2a9b4552711edfc93/group_snapshots/54ecdd62-dc23-4ebb-b5ae-68be46790d60 returned with HTTP 200
2024-07-27 15:12:16.253 20 INFO cinder.api.openstack.wsgi [None req-94b51b9e-846b-48a2-ad40-7454c1216613 8f5a85d158d740508d7c46429427265b e36d8f8c3f044c179014c674c4c18683 - - default default] POST http://[LB_IP_ADDRESS]:8776/v3/e36d8f8c3f044c179014c674c4c18683/group_snapshots/54ecdd62-dc23-4ebb-b5ae-68be46790d60/action
2024-07-27 15:12:16.268 20 INFO cinder.api.openstack.wsgi [None req-94b51b9e-846b-48a2-ad40-7454c1216613 8f5a85d158d740508d7c46429427265b e36d8f8c3f044c179014c674c4c18683 - - default default] http://[LB_IP_ADDRESS]:8776/v3/e36d8f8c3f044c179014c674c4c18683/group_snapshots/54ecdd62-dc23-4ebb-b5ae-68be46790d60/action returned with HTTP 202
2024-07-27 15:12:16.281 22 INFO cinder.api.openstack.wsgi [None req-001d1f58-37bc-4aa7-ac47-14ffb72ee691 c6a22cb267594b118fd81949bd0078cc c4d75a297d1645a2a9b4552711edfc93 - - default default] GET http://[LB_IP_ADDRESS]:8776/v3/c4d75a297d1645a2a9b4552711edfc93/group_snapshots/54ecdd62-dc23-4ebb-b5ae-68be46790d60
2024-07-27 15:12:16.295 22 INFO cinder.api.openstack.wsgi [None req-001d1f58-37bc-4aa7-ac47-14ffb72ee691 c6a22cb267594b118fd81949bd0078cc c4d75a297d1645a2a9b4552711edfc93 - - default default] http://[LB_IP_ADDRESS]:8776/v3/c4d75a297d1645a2a9b4552711edfc93/group_snapshots/54ecdd62-dc23-4ebb-b5ae-68be46790d60 returned with HTTP 200
2024-07-27 15:12:16.312 21 INFO cinder.api.openstack.wsgi [None req-1c70eacc-ef4a-41f5-aa3e-ac264b25c72d 8f5a85d158d740508d7c46429427265b e36d8f8c3f044c179014c674c4c18683 - - default default] POST http://[LB_IP_ADDRESS]:8776/v3/e36d8f8c3f044c179014c674c4c18683/group_snapshots/54ecdd62-dc23-4ebb-b5ae-68be46790d60/action
2024-07-27 15:12:16.331 21 INFO cinder.api.openstack.wsgi [None req-1c70eacc-ef4a-41f5-aa3e-ac264b25c72d 8f5a85d158d740508d7c46429427265b e36d8f8c3f044c179014c674c4c18683 - - default default] http://[LB_IP_ADDRESS]:8776/v3/e36d8f8c3f044c179014c674c4c18683/group_snapshots/54ecdd62-dc23-4ebb-b5ae-68be46790d60/action returned with HTTP 202
2024-07-27 15:12:16.345 23 INFO cinder.api.openstack.wsgi [None req-63263aa7-fd74-4395-85e7-adf4b8ff004a c6a22cb267594b118fd81949bd0078cc c4d75a297d1645a2a9b4552711edfc93 - - default default] GET http://[LB_IP_ADDRESS]:8776/v3/c4d75a297d1645a2a9b4552711edfc93/group_snapshots/54ecdd62-dc23-4ebb-b5ae-68be46790d60
2024-07-27 15:12:16.356 23 INFO cinder.api.openstack.wsgi [None req-63263aa7-fd74-4395-85e7-adf4b8ff004a c6a22cb267594b118fd81949bd0078cc c4d75a297d1645a2a9b4552711edfc93 - - default default] http://[LB_IP_ADDRESS]:8776/v3/c4d75a297d1645a2a9b4552711edfc93/group_snapshots/54ecdd62-dc23-4ebb-b5ae-68be46790d60 returned with HTTP 200
2024-07-27 15:12:16.373 19 INFO cinder.api.openstack.wsgi [None req-3dfd8965-700a-4571-a316-c93a50149f9b c6a22cb267594b118fd81949bd0078cc c4d75a297d1645a2a9b4552711edfc93 - - default default] DELETE http://[LB_IP_ADDRESS]:8776/v3/c4d75a297d1645a2a9b4552711edfc93/group_snapshots/54ecdd62-dc23-4ebb-b5ae-68be46790d60
2024-07-27 15:12:16.374 19 INFO cinder.api.v3.group_snapshots [None req-3dfd8965-700a-4571-a316-c93a50149f9b c6a22cb267594b118fd81949bd0078cc c4d75a297d1645a2a9b4552711edfc93 - - default default] Delete group_snapshot with id: 54ecdd62-dc23-4ebb-b5ae-68be46790d60
2024-07-27 15:12:16.419 19 INFO cinder.api.openstack.wsgi [None req-3dfd8965-700a-4571-a316-c93a50149f9b c6a22cb267594b118fd81949bd0078cc c4d75a297d1645a2a9b4552711edfc93 - - default default] http://[LB_IP_ADDRESS]:8776/v3/c4d75a297d1645a2a9b4552711edfc93/group_snapshots/54ecdd62-dc23-4ebb-b5ae-68be46790d60 returned with HTTP 202
2024-07-27 15:12:16.433 20 INFO cinder.api.openstack.wsgi [None req-57e7a022-8459-4a43-99d8-008712f2fab8 c6a22cb267594b118fd81949bd0078cc c4d75a297d1645a2a9b4552711edfc93 - - default default] GET http://[LB_IP_ADDRESS]:8776/v3/c4d75a297d1645a2a9b4552711edfc93/volumes/detail
2024-07-27 15:12:16.459 20 INFO cinder.volume.api [None req-57e7a022-8459-4a43-99d8-008712f2fab8 c6a22cb267594b118fd81949bd0078cc c4d75a297d1645a2a9b4552711edfc93 - - default default] Get all volumes completed successfully.
2024-07-27 15:12:16.475 20 INFO cinder.api.openstack.wsgi [None req-57e7a022-8459-4a43-99d8-008712f2fab8 c6a22cb267594b118fd81949bd0078cc c4d75a297d1645a2a9b4552711edfc93 - - default default] http://[LB_IP_ADDRESS]:8776/v3/c4d75a297d1645a2a9b4552711edfc93/volumes/detail returned with HTTP 200
2024-07-27 15:12:16.507 22 INFO cinder.api.openstack.wsgi [None req-1d95fb1c-d4de-4d7e-b393-21d2162f7377 c6a22cb267594b118fd81949bd0078cc c4d75a297d1645a2a9b4552711edfc93 - - default default] GET http://[LB_IP_ADDRESS]:8776/v3/c4d75a297d1645a2a9b4552711edfc93/snapshots/detail
2024-07-27 15:12:16.518 22 INFO cinder.volume.api [None req-1d95fb1c-d4de-4d7e-b393-21d2162f7377 c6a22cb267594b118fd81949bd0078cc c4d75a297d1645a2a9b4552711edfc93 - - default default] Get all snapshots completed successfully.
2024-07-27 15:12:16.520 22 INFO cinder.api.openstack.wsgi [None req-1d95fb1c-d4de-4d7e-b393-21d2162f7377 c6a22cb267594b118fd81949bd0078cc c4d75a297d1645a2a9b4552711edfc93 - - default default] http://[LB_IP_ADDRESS]:8776/v3/c4d75a297d1645a2a9b4552711edfc93/snapshots/detail returned with HTTP 200
2024-07-27 15:12:16.539 21 INFO cinder.api.openstack.wsgi [None req-33936ac6-0e0b-4382-ae0b-19cb0d03fee6 c6a22cb267594b118fd81949bd0078cc c4d75a297d1645a2a9b4552711edfc93 - - default default] GET http://[LB_IP_ADDRESS]:8776/v3/c4d75a297d1645a2a9b4552711edfc93/snapshots/b356a03c-a9da-49d1-ad24-f14e2212e99a
2024-07-27 15:12:16.550 21 INFO cinder.volume.api [None req-33936ac6-0e0b-4382-ae0b-19cb0d03fee6 c6a22cb267594b118fd81949bd0078cc c4d75a297d1645a2a9b4552711edfc93 - - default default] Snapshot retrieved successfully.
2024-07-27 15:12:16.551 21 INFO cinder.api.openstack.wsgi [None req-33936ac6-0e0b-4382-ae0b-19cb0d03fee6 c6a22cb267594b118fd81949bd0078cc c4d75a297d1645a2a9b4552711edfc93 - - default default] http://[LB_IP_ADDRESS]:8776/v3/c4d75a297d1645a2a9b4552711edfc93/snapshots/b356a03c-a9da-49d1-ad24-f14e2212e99a returned with HTTP 200
2024-07-27 15:12:16.694 23 INFO cinder.api.openstack.wsgi [None req-22850ede-c9aa-4a5d-9b7d-0048752beb74 2804ee5609d24c9fb1ddafd38b73efe8 f117d5a44bb34d60bf873b1f84da7471 - - default default] GET http://[LB_IP_ADDRESS]:8776/v3/f117d5a44bb34d60bf873b1f84da7471/volumes/4d3bec4f-3837-4321-a49c-5c18601a2498
2024-07-27 15:12:16.721 23 INFO cinder.volume.api [None req-22850ede-c9aa-4a5d-9b7d-0048752beb74 2804ee5609d24c9fb1ddafd38b73efe8 f117d5a44bb34d60bf873b1f84da7471 - - default default] Volume info retrieved successfully.
2024-07-27 15:12:16.726 23 INFO cinder.api.openstack.wsgi [None req-22850ede-c9aa-4a5d-9b7d-0048752beb74 2804ee5609d24c9fb1ddafd38b73efe8 f117d5a44bb34d60bf873b1f84da7471 - - default default] http://[LB_IP_ADDRESS]:8776/v3/f117d5a44bb34d60bf873b1f84da7471/volumes/4d3bec4f-3837-4321-a49c-5c18601a2498 returned with HTTP 200
2024-07-27 15:12:16.757 19 INFO cinder.api.openstack.wsgi [None req-4aa3c8d0-fb10-45fb-9b79-248508d7684e 2804ee5609d24c9fb1ddafd38b73efe8 f117d5a44bb34d60bf873b1f84da7471 - - default default] GET http://[LB_IP_ADDRESS]:8776/v3/f117d5a44bb34d60bf873b1f84da7471/limits
2024-07-27 15:12:16.792 19 WARNING cinder.quota [None req-4aa3c8d0-fb10-45fb-9b79-248508d7684e 2804ee5609d24c9fb1ddafd38b73efe8 f117d5a44bb34d60bf873b1f84da7471 - - default default] Deprecated: Default quota for resource: volumes_tempest-GroupSnapshotsV319Test-volume-type-2136602738 is set by the default quota flag: quota_volumes_tempest-GroupSnapshotsV319Test-volume-type-2136602738, it is now deprecated. Please use the default quota class for default quota.
2024-07-27 15:12:16.793 19 WARNING cinder.quota [None req-4aa3c8d0-fb10-45fb-9b79-248508d7684e 2804ee5609d24c9fb1ddafd38b73efe8 f117d5a44bb34d60bf873b1f84da7471 - - default default] Deprecated: Default quota for resource: gigabytes_tempest-GroupSnapshotsV319Test-volume-type-2136602738 is set by the default quota flag: quota_gigabytes_tempest-GroupSnapshotsV319Test-volume-type-2136602738, it is now deprecated. Please use the default quota class for default quota.
2024-07-27 15:12:16.793 19 WARNING cinder.quota [None req-4aa3c8d0-fb10-45fb-9b79-248508d7684e 2804ee5609d24c9fb1ddafd38b73efe8 f117d5a44bb34d60bf873b1f84da7471 - - default default] Deprecated: Default quota for resource: snapshots_tempest-GroupSnapshotsV319Test-volume-type-2136602738 is set by the default quota flag: quota_snapshots_tempest-GroupSnapshotsV319Test-volume-type-2136602738, it is now deprecated. Please use the default quota class for default quota.
2024-07-27 15:12:16.813 19 INFO cinder.api.openstack.wsgi [None req-4aa3c8d0-fb10-45fb-9b79-248508d7684e 2804ee5609d24c9fb1ddafd38b73efe8 f117d5a44bb34d60bf873b1f84da7471 - - default default] http://[LB_IP_ADDRESS]:8776/v3/f117d5a44bb34d60bf873b1f84da7471/limits returned with HTTP 200
2024-07-27 15:12:16.832 20 INFO cinder.api.openstack.wsgi [None req-3779bcbc-84b2-4f08-b233-8b52acf81653 2804ee5609d24c9fb1ddafd38b73efe8 f117d5a44bb34d60bf873b1f84da7471 - - default default] GET http://[LB_IP_ADDRESS]:8776/v3/f117d5a44bb34d60bf873b1f84da7471/volumes/4d3bec4f-3837-4321-a49c-5c18601a2498
2024-07-27 15:12:16.862 20 INFO cinder.volume.api [None req-3779bcbc-84b2-4f08-b233-8b52acf81653 2804ee5609d24c9fb1ddafd38b73efe8 f117d5a44bb34d60bf873b1f84da7471 - - default default] Volume info retrieved successfully.
2024-07-27 15:12:16.866 20 INFO cinder.api.openstack.wsgi [None req-3779bcbc-84b2-4f08-b233-8b52acf81653 2804ee5609d24c9fb1ddafd38b73efe8 f117d5a44bb34d60bf873b1f84da7471 - - default default] http://[LB_IP_ADDRESS]:8776/v3/f117d5a44bb34d60bf873b1f84da7471/volumes/4d3bec4f-3837-4321-a49c-5c18601a2498 returned with HTTP 200
2024-07-27 15:12:16.896 22 INFO cinder.api.openstack.wsgi [None req-b74413f6-2a6b-48c4-925b-664723fa5aa0 2804ee5609d24c9fb1ddafd38b73efe8 f117d5a44bb34d60bf873b1f84da7471 - - default default] DELETE http://[LB_IP_ADDRESS]:8776/v3/f117d5a44bb34d60bf873b1f84da7471/volumes/4d3bec4f-3837-4321-a49c-5c18601a2498
2024-07-27 15:12:16.898 22 INFO cinder.api.v3.volumes [None req-b74413f6-2a6b-48c4-925b-664723fa5aa0 2804ee5609d24c9fb1ddafd38b73efe8 f117d5a44bb34d60bf873b1f84da7471 - - default default] Delete volume with id: 4d3bec4f-3837-4321-a49c-5c18601a2498 
2024-07-27 15:12:16.925 22 INFO cinder.volume.api [None req-b74413f6-2a6b-48c4-925b-664723fa5aa0 2804ee5609d24c9fb1ddafd38b73efe8 f117d5a44bb34d60bf873b1f84da7471 - - default default] Volume info retrieved successfully.
2024-07-27 15:12:16.949 22 INFO cinder.volume.api [None req-b74413f6-2a6b-48c4-925b-664723fa5aa0 2804ee5609d24c9fb1ddafd38b73efe8 f117d5a44bb34d60bf873b1f84da7471 - - default default] Delete volume request issued successfully.
2024-07-27 15:12:16.950 22 INFO cinder.api.openstack.wsgi [None req-b74413f6-2a6b-48c4-925b-664723fa5aa0 2804ee5609d24c9fb1ddafd38b73efe8 f117d5a44bb34d60bf873b1f84da7471 - - default default] http://[LB_IP_ADDRESS]:8776/v3/f117d5a44bb34d60bf873b1f84da7471/volumes/4d3bec4f-3837-4321-a49c-5c18601a2498 returned with HTTP 202
2024-07-27 15:12:16.964 21 INFO cinder.api.openstack.wsgi [None req-a817926f-5b86-4046-bb1b-425b52079415 2804ee5609d24c9fb1ddafd38b73efe8 f117d5a44bb34d60bf873b1f84da7471 - - default default] GET http://[LB_IP_ADDRESS]:8776/v3/f117d5a44bb34d60bf873b1f84da7471/volumes/4d3bec4f-3837-4321-a49c-5c18601a2498
2024-07-27 15:12:16.985 21 INFO cinder.volume.api [None req-a817926f-5b86-4046-bb1b-425b52079415 2804ee5609d24c9fb1ddafd38b73efe8 f117d5a44bb34d60bf873b1f84da7471 - - default default] Volume info retrieved successfully.
2024-07-27 15:12:16.990 21 INFO cinder.api.openstack.wsgi [None req-a817926f-5b86-4046-bb1b-425b52079415 2804ee5609d24c9fb1ddafd38b73efe8 f117d5a44bb34d60bf873b1f84da7471 - - default default] http://[LB_IP_ADDRESS]:8776/v3/f117d5a44bb34d60bf873b1f84da7471/volumes/4d3bec4f-3837-4321-a49c-5c18601a2498 returned with HTTP 200
2024-07-27 15:12:17.503 23 INFO cinder.api.openstack.wsgi [None req-c1228110-5720-4760-9ff8-1b5694460308 873b5effaae2494eafac800c7e2117b2 3a20ca3f739c497d938cc8c8f2c55380 - - default default] POST http://[LB_IP_ADDRESS]:8776/v3/3a20ca3f739c497d938cc8c8f2c55380/types
2024-07-27 15:12:17.554 23 INFO cinder.api.openstack.wsgi [None req-c1228110-5720-4760-9ff8-1b5694460308 873b5effaae2494eafac800c7e2117b2 3a20ca3f739c497d938cc8c8f2c55380 - - default default] http://[LB_IP_ADDRESS]:8776/v3/3a20ca3f739c497d938cc8c8f2c55380/types returned with HTTP 200
2024-07-27 15:12:17.571 19 INFO cinder.api.openstack.wsgi [None req-836c9c48-5430-4533-93ec-f80bea38c4c4 c6a22cb267594b118fd81949bd0078cc c4d75a297d1645a2a9b4552711edfc93 - - default default] GET http://[LB_IP_ADDRESS]:8776/v3/c4d75a297d1645a2a9b4552711edfc93/snapshots/b356a03c-a9da-49d1-ad24-f14e2212e99a
2024-07-27 15:12:17.578 20 INFO cinder.api.openstack.wsgi [None req-03f7086e-5d1e-43f1-8ded-876c86293fe8 873b5effaae2494eafac800c7e2117b2 3a20ca3f739c497d938cc8c8f2c55380 - - default default] POST http://[LB_IP_ADDRESS]:8776/v3/3a20ca3f739c497d938cc8c8f2c55380/types/c984d270-4a9c-4ce1-8205-7da745606dda/extra_specs
2024-07-27 15:12:17.584 20 INFO cinder.api.openstack.wsgi [None req-03f7086e-5d1e-43f1-8ded-876c86293fe8 873b5effaae2494eafac800c7e2117b2 3a20ca3f739c497d938cc8c8f2c55380 - - default default] http://[LB_IP_ADDRESS]:8776/v3/3a20ca3f739c497d938cc8c8f2c55380/types/c984d270-4a9c-4ce1-8205-7da745606dda/extra_specs returned with HTTP 400
2024-07-27 15:12:17.588 19 INFO cinder.volume.api [None req-836c9c48-5430-4533-93ec-f80bea38c4c4 c6a22cb267594b118fd81949bd0078cc c4d75a297d1645a2a9b4552711edfc93 - - default default] Snapshot retrieved successfully.
2024-07-27 15:12:17.590 19 INFO cinder.api.openstack.wsgi [None req-836c9c48-5430-4533-93ec-f80bea38c4c4 c6a22cb267594b118fd81949bd0078cc c4d75a297d1645a2a9b4552711edfc93 - - default default] http://[LB_IP_ADDRESS]:8776/v3/c4d75a297d1645a2a9b4552711edfc93/snapshots/b356a03c-a9da-49d1-ad24-f14e2212e99a returned with HTTP 200
2024-07-27 15:12:17.605 22 INFO cinder.api.openstack.wsgi [None req-1ebc2ff2-92c2-4e7b-bba4-0ddc20ea9873 873b5effaae2494eafac800c7e2117b2 3a20ca3f739c497d938cc8c8f2c55380 - - default default] POST http://[LB_IP_ADDRESS]:8776/v3/3a20ca3f739c497d938cc8c8f2c55380/types/c984d270-4a9c-4ce1-8205-7da745606dda/extra_specs
2024-07-27 15:12:17.609 22 INFO cinder.api.openstack.wsgi [None req-1ebc2ff2-92c2-4e7b-bba4-0ddc20ea9873 873b5effaae2494eafac800c7e2117b2 3a20ca3f739c497d938cc8c8f2c55380 - - default default] http://[LB_IP_ADDRESS]:8776/v3/3a20ca3f739c497d938cc8c8f2c55380/types/c984d270-4a9c-4ce1-8205-7da745606dda/extra_specs returned with HTTP 400
2024-07-27 15:12:17.625 21 INFO cinder.api.openstack.wsgi [None req-2cfd2297-51eb-4ce4-a1bc-d16e1ad73ce3 873b5effaae2494eafac800c7e2117b2 3a20ca3f739c497d938cc8c8f2c55380 - - default default] POST http://[LB_IP_ADDRESS]:8776/v3/3a20ca3f739c497d938cc8c8f2c55380/types/bb425edc-7450-436f-b4e0-b81a1bda94c5/extra_specs
2024-07-27 15:12:17.643 21 INFO cinder.api.openstack.wsgi [None req-2cfd2297-51eb-4ce4-a1bc-d16e1ad73ce3 873b5effaae2494eafac800c7e2117b2 3a20ca3f739c497d938cc8c8f2c55380 - - default default] http://[LB_IP_ADDRESS]:8776/v3/3a20ca3f739c497d938cc8c8f2c55380/types/bb425edc-7450-436f-b4e0-b81a1bda94c5/extra_specs returned with HTTP 404
2024-07-27 15:12:17.665 23 INFO cinder.api.openstack.wsgi [None req-b3344985-f2cc-4d81-95e8-f677f4e33fb0 873b5effaae2494eafac800c7e2117b2 3a20ca3f739c497d938cc8c8f2c55380 - - default default] DELETE http://[LB_IP_ADDRESS]:8776/v3/3a20ca3f739c497d938cc8c8f2c55380/types/42b59ddd-3057-4b79-8f3b-7e2f2a2ed67f/extra_specs/spec1
2024-07-27 15:12:17.671 23 INFO cinder.api.openstack.wsgi [None req-b3344985-f2cc-4d81-95e8-f677f4e33fb0 873b5effaae2494eafac800c7e2117b2 3a20ca3f739c497d938cc8c8f2c55380 - - default default] http://[LB_IP_ADDRESS]:8776/v3/3a20ca3f739c497d938cc8c8f2c55380/types/42b59ddd-3057-4b79-8f3b-7e2f2a2ed67f/extra_specs/spec1 returned with HTTP 404
2024-07-27 15:12:17.684 20 INFO cinder.api.openstack.wsgi [None req-4c04daf5-ddb6-4abe-89ca-9bd1eb32d5e5 873b5effaae2494eafac800c7e2117b2 3a20ca3f739c497d938cc8c8f2c55380 - - default default] GET http://[LB_IP_ADDRESS]:8776/v3/3a20ca3f739c497d938cc8c8f2c55380/types/c984d270-4a9c-4ce1-8205-7da745606dda/extra_specs/nonexistent_extra_spec_name
2024-07-27 15:12:17.701 20 INFO cinder.api.openstack.wsgi [None req-4c04daf5-ddb6-4abe-89ca-9bd1eb32d5e5 873b5effaae2494eafac800c7e2117b2 3a20ca3f739c497d938cc8c8f2c55380 - - default default] http://[LB_IP_ADDRESS]:8776/v3/3a20ca3f739c497d938cc8c8f2c55380/types/c984d270-4a9c-4ce1-8205-7da745606dda/extra_specs/nonexistent_extra_spec_name returned with HTTP 404
2024-07-27 15:12:17.721 19 INFO cinder.api.openstack.wsgi [None req-a06bb030-f090-4e7a-b787-bcfd742286c6 873b5effaae2494eafac800c7e2117b2 3a20ca3f739c497d938cc8c8f2c55380 - - default default] GET http://[LB_IP_ADDRESS]:8776/v3/3a20ca3f739c497d938cc8c8f2c55380/types/ed028619-acbc-479a-9ceb-94172cf8b994/extra_specs/spec1
2024-07-27 15:12:17.729 19 INFO cinder.api.openstack.wsgi [None req-a06bb030-f090-4e7a-b787-bcfd742286c6 873b5effaae2494eafac800c7e2117b2 3a20ca3f739c497d938cc8c8f2c55380 - - default default] http://[LB_IP_ADDRESS]:8776/v3/3a20ca3f739c497d938cc8c8f2c55380/types/ed028619-acbc-479a-9ceb-94172cf8b994/extra_specs/spec1 returned with HTTP 404
2024-07-27 15:12:17.749 22 INFO cinder.api.openstack.wsgi [None req-26c064a6-2d2f-466d-acaf-fdc1dc7990af 873b5effaae2494eafac800c7e2117b2 3a20ca3f739c497d938cc8c8f2c55380 - - default default] GET http://[LB_IP_ADDRESS]:8776/v3/3a20ca3f739c497d938cc8c8f2c55380/types/dc95317c-f2ec-47cc-aca9-45443579b12f/extra_specs
2024-07-27 15:12:17.756 22 INFO cinder.api.openstack.wsgi [None req-26c064a6-2d2f-466d-acaf-fdc1dc7990af 873b5effaae2494eafac800c7e2117b2 3a20ca3f739c497d938cc8c8f2c55380 - - default default] http://[LB_IP_ADDRESS]:8776/v3/3a20ca3f739c497d938cc8c8f2c55380/types/dc95317c-f2ec-47cc-aca9-45443579b12f/extra_specs returned with HTTP 404
2024-07-27 15:12:17.775 21 INFO cinder.api.openstack.wsgi [None req-6a19e387-f737-48aa-9389-9c6f3d60c8dc 873b5effaae2494eafac800c7e2117b2 3a20ca3f739c497d938cc8c8f2c55380 - - default default] PUT http://[LB_IP_ADDRESS]:8776/v3/3a20ca3f739c497d938cc8c8f2c55380/types/c984d270-4a9c-4ce1-8205-7da745606dda/extra_specs/spec1
2024-07-27 15:12:17.779 21 INFO cinder.api.openstack.wsgi [None req-6a19e387-f737-48aa-9389-9c6f3d60c8dc 873b5effaae2494eafac800c7e2117b2 3a20ca3f739c497d938cc8c8f2c55380 - - default default] http://[LB_IP_ADDRESS]:8776/v3/3a20ca3f739c497d938cc8c8f2c55380/types/c984d270-4a9c-4ce1-8205-7da745606dda/extra_specs/spec1 returned with HTTP 400
2024-07-27 15:12:17.796 23 INFO cinder.api.openstack.wsgi [None req-8f618f54-81ff-434b-b09d-f52834f1b3fe 873b5effaae2494eafac800c7e2117b2 3a20ca3f739c497d938cc8c8f2c55380 - - default default] PUT http://[LB_IP_ADDRESS]:8776/v3/3a20ca3f739c497d938cc8c8f2c55380/types/c984d270-4a9c-4ce1-8205-7da745606dda/extra_specs/spec1
2024-07-27 15:12:17.801 23 INFO cinder.api.openstack.wsgi [None req-8f618f54-81ff-434b-b09d-f52834f1b3fe 873b5effaae2494eafac800c7e2117b2 3a20ca3f739c497d938cc8c8f2c55380 - - default default] http://[LB_IP_ADDRESS]:8776/v3/3a20ca3f739c497d938cc8c8f2c55380/types/c984d270-4a9c-4ce1-8205-7da745606dda/extra_specs/spec1 returned with HTTP 400
2024-07-27 15:12:17.822 20 INFO cinder.api.openstack.wsgi [None req-5638eb9e-0130-4222-85fa-9d58e538a7d8 873b5effaae2494eafac800c7e2117b2 3a20ca3f739c497d938cc8c8f2c55380 - - default default] PUT http://[LB_IP_ADDRESS]:8776/v3/3a20ca3f739c497d938cc8c8f2c55380/types/c984d270-4a9c-4ce1-8205-7da745606dda/extra_specs/None
2024-07-27 15:12:17.864 20 INFO cinder.api.openstack.wsgi [None req-5638eb9e-0130-4222-85fa-9d58e538a7d8 873b5effaae2494eafac800c7e2117b2 3a20ca3f739c497d938cc8c8f2c55380 - - default default] HTTP exception thrown: Request body and URI mismatch
2024-07-27 15:12:17.865 20 INFO cinder.api.openstack.wsgi [None req-5638eb9e-0130-4222-85fa-9d58e538a7d8 873b5effaae2494eafac800c7e2117b2 3a20ca3f739c497d938cc8c8f2c55380 - - default default] http://[LB_IP_ADDRESS]:8776/v3/3a20ca3f739c497d938cc8c8f2c55380/types/c984d270-4a9c-4ce1-8205-7da745606dda/extra_specs/None returned with HTTP 400
2024-07-27 15:12:17.895 19 INFO cinder.api.openstack.wsgi [None req-d90a5d9f-e936-47f6-9a5f-5b54bdd98739 873b5effaae2494eafac800c7e2117b2 3a20ca3f739c497d938cc8c8f2c55380 - - default default] PUT http://[LB_IP_ADDRESS]:8776/v3/3a20ca3f739c497d938cc8c8f2c55380/types/c984d270-4a9c-4ce1-8205-7da745606dda/extra_specs/765f268c-f36a-4b7d-882a-5e4f63bed0e1
2024-07-27 15:12:17.934 19 INFO cinder.api.openstack.wsgi [None req-d90a5d9f-e936-47f6-9a5f-5b54bdd98739 873b5effaae2494eafac800c7e2117b2 3a20ca3f739c497d938cc8c8f2c55380 - - default default] HTTP exception thrown: Request body and URI mismatch
2024-07-27 15:12:17.935 19 INFO cinder.api.openstack.wsgi [None req-d90a5d9f-e936-47f6-9a5f-5b54bdd98739 873b5effaae2494eafac800c7e2117b2 3a20ca3f739c497d938cc8c8f2c55380 - - default default] http://[LB_IP_ADDRESS]:8776/v3/3a20ca3f739c497d938cc8c8f2c55380/types/c984d270-4a9c-4ce1-8205-7da745606dda/extra_specs/765f268c-f36a-4b7d-882a-5e4f63bed0e1 returned with HTTP 400
2024-07-27 15:12:17.955 22 INFO cinder.api.openstack.wsgi [None req-2cfe7334-ab41-4b1a-b5d5-44e41cc23013 873b5effaae2494eafac800c7e2117b2 3a20ca3f739c497d938cc8c8f2c55380 - - default default] PUT http://[LB_IP_ADDRESS]:8776/v3/3a20ca3f739c497d938cc8c8f2c55380/types/6542d1c2-1b23-4f25-85ef-7f6e34d20945/extra_specs/spec1
2024-07-27 15:12:17.981 22 INFO cinder.api.openstack.wsgi [None req-2cfe7334-ab41-4b1a-b5d5-44e41cc23013 873b5effaae2494eafac800c7e2117b2 3a20ca3f739c497d938cc8c8f2c55380 - - default default] http://[LB_IP_ADDRESS]:8776/v3/3a20ca3f739c497d938cc8c8f2c55380/types/6542d1c2-1b23-4f25-85ef-7f6e34d20945/extra_specs/spec1 returned with HTTP 404
2024-07-27 15:12:17.996 21 INFO cinder.api.openstack.wsgi [None req-00178827-3466-4c1e-8b13-971335f4d17b 873b5effaae2494eafac800c7e2117b2 3a20ca3f739c497d938cc8c8f2c55380 - - default default] DELETE http://[LB_IP_ADDRESS]:8776/v3/3a20ca3f739c497d938cc8c8f2c55380/types/c984d270-4a9c-4ce1-8205-7da745606dda
2024-07-27 15:12:18.022 23 INFO cinder.api.openstack.wsgi [None req-1f1b6b34-4c64-429f-ba27-9013a1967976 2804ee5609d24c9fb1ddafd38b73efe8 f117d5a44bb34d60bf873b1f84da7471 - - default default] GET http://[LB_IP_ADDRESS]:8776/v3/f117d5a44bb34d60bf873b1f84da7471/volumes/4d3bec4f-3837-4321-a49c-5c18601a2498
2024-07-27 15:12:18.039 21 INFO cinder.api.openstack.wsgi [None req-00178827-3466-4c1e-8b13-971335f4d17b 873b5effaae2494eafac800c7e2117b2 3a20ca3f739c497d938cc8c8f2c55380 - - default default] http://[LB_IP_ADDRESS]:8776/v3/3a20ca3f739c497d938cc8c8f2c55380/types/c984d270-4a9c-4ce1-8205-7da745606dda returned with HTTP 202
2024-07-27 15:12:18.044 23 INFO cinder.volume.api [None req-1f1b6b34-4c64-429f-ba27-9013a1967976 2804ee5609d24c9fb1ddafd38b73efe8 f117d5a44bb34d60bf873b1f84da7471 - - default default] Volume info retrieved successfully.
2024-07-27 15:12:18.050 23 INFO cinder.api.openstack.wsgi [None req-1f1b6b34-4c64-429f-ba27-9013a1967976 2804ee5609d24c9fb1ddafd38b73efe8 f117d5a44bb34d60bf873b1f84da7471 - - default default] http://[LB_IP_ADDRESS]:8776/v3/f117d5a44bb34d60bf873b1f84da7471/volumes/4d3bec4f-3837-4321-a49c-5c18601a2498 returned with HTTP 200
2024-07-27 15:12:18.058 20 INFO cinder.api.openstack.wsgi [None req-102be95d-065b-4250-aabf-4952dd01274e 873b5effaae2494eafac800c7e2117b2 3a20ca3f739c497d938cc8c8f2c55380 - - default default] GET http://[LB_IP_ADDRESS]:8776/v3/3a20ca3f739c497d938cc8c8f2c55380/types/c984d270-4a9c-4ce1-8205-7da745606dda
2024-07-27 15:12:18.066 20 INFO cinder.api.openstack.wsgi [None req-102be95d-065b-4250-aabf-4952dd01274e 873b5effaae2494eafac800c7e2117b2 3a20ca3f739c497d938cc8c8f2c55380 - - default default] http://[LB_IP_ADDRESS]:8776/v3/3a20ca3f739c497d938cc8c8f2c55380/types/c984d270-4a9c-4ce1-8205-7da745606dda returned with HTTP 404
2024-07-27 15:12:18.610 19 INFO cinder.api.openstack.wsgi [None req-fded4bb0-9fef-4a85-b5b3-838bffb80fdc c6a22cb267594b118fd81949bd0078cc c4d75a297d1645a2a9b4552711edfc93 - - default default] GET http://[LB_IP_ADDRESS]:8776/v3/c4d75a297d1645a2a9b4552711edfc93/snapshots/b356a03c-a9da-49d1-ad24-f14e2212e99a
2024-07-27 15:12:18.623 19 INFO cinder.api.openstack.wsgi [None req-fded4bb0-9fef-4a85-b5b3-838bffb80fdc c6a22cb267594b118fd81949bd0078cc c4d75a297d1645a2a9b4552711edfc93 - - default default] http://[LB_IP_ADDRESS]:8776/v3/c4d75a297d1645a2a9b4552711edfc93/snapshots/b356a03c-a9da-49d1-ad24-f14e2212e99a returned with HTTP 404
2024-07-27 15:12:18.637 22 INFO cinder.api.openstack.wsgi [None req-6e5de43e-cf9c-4795-9e46-188c04ebdc8f c6a22cb267594b118fd81949bd0078cc c4d75a297d1645a2a9b4552711edfc93 - - default default] GET http://[LB_IP_ADDRESS]:8776/v3/c4d75a297d1645a2a9b4552711edfc93/group_snapshots/54ecdd62-dc23-4ebb-b5ae-68be46790d60
2024-07-27 15:12:18.643 22 INFO cinder.api.openstack.wsgi [None req-6e5de43e-cf9c-4795-9e46-188c04ebdc8f c6a22cb267594b118fd81949bd0078cc c4d75a297d1645a2a9b4552711edfc93 - - default default] http://[LB_IP_ADDRESS]:8776/v3/c4d75a297d1645a2a9b4552711edfc93/group_snapshots/54ecdd62-dc23-4ebb-b5ae-68be46790d60 returned with HTTP 404
2024-07-27 15:12:18.657 21 INFO cinder.api.openstack.wsgi [None req-34b218a5-f0da-48c9-837d-93f7d5438dd2 c6a22cb267594b118fd81949bd0078cc c4d75a297d1645a2a9b4552711edfc93 - - default default] GET http://[LB_IP_ADDRESS]:8776/v3/c4d75a297d1645a2a9b4552711edfc93/volumes/detail
2024-07-27 15:12:18.689 21 INFO cinder.volume.api [None req-34b218a5-f0da-48c9-837d-93f7d5438dd2 c6a22cb267594b118fd81949bd0078cc c4d75a297d1645a2a9b4552711edfc93 - - default default] Get all volumes completed successfully.
2024-07-27 15:12:18.726 21 INFO cinder.api.openstack.wsgi [None req-34b218a5-f0da-48c9-837d-93f7d5438dd2 c6a22cb267594b118fd81949bd0078cc c4d75a297d1645a2a9b4552711edfc93 - - default default] http://[LB_IP_ADDRESS]:8776/v3/c4d75a297d1645a2a9b4552711edfc93/volumes/detail returned with HTTP 200
2024-07-27 15:12:18.757 23 INFO cinder.api.openstack.wsgi [None req-ab518e94-f526-4488-a89e-fc1f106c0fad c6a22cb267594b118fd81949bd0078cc c4d75a297d1645a2a9b4552711edfc93 - - default default] POST http://[LB_IP_ADDRESS]:8776/v3/c4d75a297d1645a2a9b4552711edfc93/groups/bfd923ee-30e2-4e68-b313-c3738ba350c6/action
2024-07-27 15:12:18.762 23 INFO cinder.api.v3.groups [None req-ab518e94-f526-4488-a89e-fc1f106c0fad c6a22cb267594b118fd81949bd0078cc c4d75a297d1645a2a9b4552711edfc93 - - default default] Delete group with id: bfd923ee-30e2-4e68-b313-c3738ba350c6
2024-07-27 15:12:18.821 23 INFO cinder.api.openstack.wsgi [None req-ab518e94-f526-4488-a89e-fc1f106c0fad c6a22cb267594b118fd81949bd0078cc c4d75a297d1645a2a9b4552711edfc93 - - default default] http://[LB_IP_ADDRESS]:8776/v3/c4d75a297d1645a2a9b4552711edfc93/groups/bfd923ee-30e2-4e68-b313-c3738ba350c6/action returned with HTTP 202
2024-07-27 15:12:18.836 20 INFO cinder.api.openstack.wsgi [None req-1ccbc0cf-5905-43a8-9940-422fa611c49e c6a22cb267594b118fd81949bd0078cc c4d75a297d1645a2a9b4552711edfc93 - - default default] GET http://[LB_IP_ADDRESS]:8776/v3/c4d75a297d1645a2a9b4552711edfc93/volumes/97544f22-d288-4480-bc88-1f5e2fa4afa7
