2025-10-18 03:44:04.135 72 INFO cinder.api.openstack.wsgi [None req-3e71cb2c-68cc-4f82-b7bb-e3a0616ed854 07c72bc811d243a8a976257c1d6345a7 3d63446be25e453e855fbacca18a0650 - - default default] DELETE http://[LB_IP_ADDRESS]:8776/v3/3d63446be25e453e855fbacca18a0650/volumes/dd72bc98-6eff-4b58-93d9-452c4bfec1e8
2025-10-18 03:44:04.136 72 INFO cinder.api.v3.volumes [None req-3e71cb2c-68cc-4f82-b7bb-e3a0616ed854 07c72bc811d243a8a976257c1d6345a7 3d63446be25e453e855fbacca18a0650 - - default default] Delete volume with id: dd72bc98-6eff-4b58-93d9-452c4bfec1e8 
2025-10-18 03:44:04.149 72 INFO cinder.volume.api [None req-3e71cb2c-68cc-4f82-b7bb-e3a0616ed854 07c72bc811d243a8a976257c1d6345a7 3d63446be25e453e855fbacca18a0650 - - default default] Volume info retrieved successfully.
2025-10-18 03:44:04.166 72 INFO cinder.volume.api [None req-3e71cb2c-68cc-4f82-b7bb-e3a0616ed854 07c72bc811d243a8a976257c1d6345a7 3d63446be25e453e855fbacca18a0650 - - default default] Delete volume request issued successfully.
2025-10-18 03:44:04.166 72 INFO cinder.api.openstack.wsgi [None req-3e71cb2c-68cc-4f82-b7bb-e3a0616ed854 07c72bc811d243a8a976257c1d6345a7 3d63446be25e453e855fbacca18a0650 - - default default] http://[LB_IP_ADDRESS]:8776/v3/3d63446be25e453e855fbacca18a0650/volumes/dd72bc98-6eff-4b58-93d9-452c4bfec1e8 returned with HTTP 202
2025-10-18 03:44:04.177 74 INFO cinder.api.openstack.wsgi [None req-c94987c7-1601-4cbe-8482-2097414ceda5 07c72bc811d243a8a976257c1d6345a7 3d63446be25e453e855fbacca18a0650 - - default default] GET http://[LB_IP_ADDRESS]:8776/v3/3d63446be25e453e855fbacca18a0650/volumes/dd72bc98-6eff-4b58-93d9-452c4bfec1e8
2025-10-18 03:44:04.201 74 INFO cinder.volume.api [None req-c94987c7-1601-4cbe-8482-2097414ceda5 07c72bc811d243a8a976257c1d6345a7 3d63446be25e453e855fbacca18a0650 - - default default] Volume info retrieved successfully.
2025-10-18 03:44:04.207 74 INFO cinder.api.openstack.wsgi [None req-c94987c7-1601-4cbe-8482-2097414ceda5 07c72bc811d243a8a976257c1d6345a7 3d63446be25e453e855fbacca18a0650 - - default default] http://[LB_IP_ADDRESS]:8776/v3/3d63446be25e453e855fbacca18a0650/volumes/dd72bc98-6eff-4b58-93d9-452c4bfec1e8 returned with HTTP 200
2025-10-18 03:44:04.546 76 INFO cinder.api.openstack.wsgi [req-066829da-49a9-424e-b465-7f0c4eeea237 req-0fc36bd1-10fc-4133-8d41-97cbf8f4b7b7 1b7d6d65e8a04179b8015a19b787a514 f2417731ac8a4403bcb82f8ac9df11c2 - - default default] DELETE http://[LB_IP_ADDRESS]:8776/v3/volumes/tempest-invalid-1388193711
2025-10-18 03:44:04.547 76 INFO cinder.api.v3.volumes [req-066829da-49a9-424e-b465-7f0c4eeea237 req-0fc36bd1-10fc-4133-8d41-97cbf8f4b7b7 1b7d6d65e8a04179b8015a19b787a514 f2417731ac8a4403bcb82f8ac9df11c2 - - default default] Delete volume with id: tempest-invalid-1388193711 
2025-10-18 03:44:04.557 76 INFO cinder.api.openstack.wsgi [req-066829da-49a9-424e-b465-7f0c4eeea237 req-0fc36bd1-10fc-4133-8d41-97cbf8f4b7b7 1b7d6d65e8a04179b8015a19b787a514 f2417731ac8a4403bcb82f8ac9df11c2 - - default default] http://[LB_IP_ADDRESS]:8776/v3/volumes/tempest-invalid-1388193711 returned with HTTP 404
2025-10-18 03:44:04.559 73 INFO cinder.api.openstack.wsgi [req-134d1d96-0ddc-4dfb-a8b7-eb50c405731b req-8dc740d1-8087-4ee0-8563-8c888f2525c1 2edaf43c8ef0494db10da3dba00fb186 ec1d044554994c1c98641279b535021b - - default default] GET http://[LB_IP_ADDRESS]:8776/v3/volumes/ea9a7f1e-87ff-4f03-b7fb-603315621989
2025-10-18 03:44:04.569 73 INFO cinder.api.openstack.wsgi [req-134d1d96-0ddc-4dfb-a8b7-eb50c405731b req-8dc740d1-8087-4ee0-8563-8c888f2525c1 2edaf43c8ef0494db10da3dba00fb186 ec1d044554994c1c98641279b535021b - - default default] http://[LB_IP_ADDRESS]:8776/v3/volumes/ea9a7f1e-87ff-4f03-b7fb-603315621989 returned with HTTP 404
2025-10-18 03:44:04.604 75 INFO cinder.api.openstack.wsgi [req-7272f441-69f9-4589-8fab-b6c3c4c9de97 req-d516b989-e74f-46a2-be87-8e646f012dc3 2edaf43c8ef0494db10da3dba00fb186 ec1d044554994c1c98641279b535021b - - default default] DELETE http://[LB_IP_ADDRESS]:8776/v3/volumes/ea9a7f1e-87ff-4f03-b7fb-603315621989
2025-10-18 03:44:04.604 75 INFO cinder.api.v3.volumes [req-7272f441-69f9-4589-8fab-b6c3c4c9de97 req-d516b989-e74f-46a2-be87-8e646f012dc3 2edaf43c8ef0494db10da3dba00fb186 ec1d044554994c1c98641279b535021b - - default default] Delete volume with id: ea9a7f1e-87ff-4f03-b7fb-603315621989 
2025-10-18 03:44:04.611 75 INFO cinder.api.openstack.wsgi [req-7272f441-69f9-4589-8fab-b6c3c4c9de97 req-d516b989-e74f-46a2-be87-8e646f012dc3 2edaf43c8ef0494db10da3dba00fb186 ec1d044554994c1c98641279b535021b - - default default] http://[LB_IP_ADDRESS]:8776/v3/volumes/ea9a7f1e-87ff-4f03-b7fb-603315621989 returned with HTTP 404
2025-10-18 03:44:04.613 72 INFO cinder.api.openstack.wsgi [req-9ffe8f51-0be7-49c3-b2c8-974b1b9b43da req-1636d1a2-311e-404b-bad9-de6f5b3e9d3d 1b7d6d65e8a04179b8015a19b787a514 f2417731ac8a4403bcb82f8ac9df11c2 - - default default] DELETE http://[LB_IP_ADDRESS]:8776/v3/volumes/6f0b7b61-9b16-4601-8b0e-6f672daeb0c3
2025-10-18 03:44:04.614 72 INFO cinder.api.v3.volumes [req-9ffe8f51-0be7-49c3-b2c8-974b1b9b43da req-1636d1a2-311e-404b-bad9-de6f5b3e9d3d 1b7d6d65e8a04179b8015a19b787a514 f2417731ac8a4403bcb82f8ac9df11c2 - - default default] Delete volume with id: 6f0b7b61-9b16-4601-8b0e-6f672daeb0c3 
2025-10-18 03:44:04.623 72 INFO cinder.api.openstack.wsgi [req-9ffe8f51-0be7-49c3-b2c8-974b1b9b43da req-1636d1a2-311e-404b-bad9-de6f5b3e9d3d 1b7d6d65e8a04179b8015a19b787a514 f2417731ac8a4403bcb82f8ac9df11c2 - - default default] http://[LB_IP_ADDRESS]:8776/v3/volumes/6f0b7b61-9b16-4601-8b0e-6f672daeb0c3 returned with HTTP 404
2025-10-18 03:44:04.640 74 INFO cinder.api.openstack.wsgi [req-1e786bb7-703f-4b1e-9607-7618c6ea1b1e req-6371132d-be1e-4abe-afbf-c0c0c193d0a2 2edaf43c8ef0494db10da3dba00fb186 ec1d044554994c1c98641279b535021b - - default default] GET http://[LB_IP_ADDRESS]:8776/v3/volumes/ea9a7f1e-87ff-4f03-b7fb-603315621989
2025-10-18 03:44:04.649 74 INFO cinder.api.openstack.wsgi [req-1e786bb7-703f-4b1e-9607-7618c6ea1b1e req-6371132d-be1e-4abe-afbf-c0c0c193d0a2 2edaf43c8ef0494db10da3dba00fb186 ec1d044554994c1c98641279b535021b - - default default] http://[LB_IP_ADDRESS]:8776/v3/volumes/ea9a7f1e-87ff-4f03-b7fb-603315621989 returned with HTTP 404
2025-10-18 03:44:04.653 76 INFO cinder.api.openstack.wsgi [req-f453553c-8bbc-4b14-a8de-4bc4879a1aad req-a486602c-5389-4922-9992-0e4a9694f40e 1b7d6d65e8a04179b8015a19b787a514 f2417731ac8a4403bcb82f8ac9df11c2 - - default default] GET http://[LB_IP_ADDRESS]:8776/v3/volumes/a62567fe-2b24-4a36-8d1a-5a204ca284d4
2025-10-18 03:44:04.660 76 INFO cinder.api.openstack.wsgi [req-f453553c-8bbc-4b14-a8de-4bc4879a1aad req-a486602c-5389-4922-9992-0e4a9694f40e 1b7d6d65e8a04179b8015a19b787a514 f2417731ac8a4403bcb82f8ac9df11c2 - - default default] http://[LB_IP_ADDRESS]:8776/v3/volumes/a62567fe-2b24-4a36-8d1a-5a204ca284d4 returned with HTTP 404
2025-10-18 03:44:05.228 73 INFO cinder.api.openstack.wsgi [None req-1f4c28c4-808b-4fa5-a39a-4d635992fb6f 07c72bc811d243a8a976257c1d6345a7 3d63446be25e453e855fbacca18a0650 - - default default] GET http://[LB_IP_ADDRESS]:8776/v3/3d63446be25e453e855fbacca18a0650/volumes/dd72bc98-6eff-4b58-93d9-452c4bfec1e8
2025-10-18 03:44:05.239 73 INFO cinder.api.openstack.wsgi [None req-1f4c28c4-808b-4fa5-a39a-4d635992fb6f 07c72bc811d243a8a976257c1d6345a7 3d63446be25e453e855fbacca18a0650 - - default default] http://[LB_IP_ADDRESS]:8776/v3/3d63446be25e453e855fbacca18a0650/volumes/dd72bc98-6eff-4b58-93d9-452c4bfec1e8 returned with HTTP 404
2025-10-18 03:44:05.248 75 INFO cinder.api.openstack.wsgi [None req-35d4a3a3-35c9-4eea-8eb3-349c2d4996bf 07c72bc811d243a8a976257c1d6345a7 3d63446be25e453e855fbacca18a0650 - - default default] DELETE http://[LB_IP_ADDRESS]:8776/v3/3d63446be25e453e855fbacca18a0650/volumes/bae328d0-ef2b-49b2-be9f-1932380d401e
2025-10-18 03:44:05.248 75 INFO cinder.api.v3.volumes [None req-35d4a3a3-35c9-4eea-8eb3-349c2d4996bf 07c72bc811d243a8a976257c1d6345a7 3d63446be25e453e855fbacca18a0650 - - default default] Delete volume with id: bae328d0-ef2b-49b2-be9f-1932380d401e 
2025-10-18 03:44:05.260 75 INFO cinder.volume.api [None req-35d4a3a3-35c9-4eea-8eb3-349c2d4996bf 07c72bc811d243a8a976257c1d6345a7 3d63446be25e453e855fbacca18a0650 - - default default] Volume info retrieved successfully.
2025-10-18 03:44:05.283 75 INFO cinder.volume.api [None req-35d4a3a3-35c9-4eea-8eb3-349c2d4996bf 07c72bc811d243a8a976257c1d6345a7 3d63446be25e453e855fbacca18a0650 - - default default] Delete volume request issued successfully.
2025-10-18 03:44:05.284 75 INFO cinder.api.openstack.wsgi [None req-35d4a3a3-35c9-4eea-8eb3-349c2d4996bf 07c72bc811d243a8a976257c1d6345a7 3d63446be25e453e855fbacca18a0650 - - default default] http://[LB_IP_ADDRESS]:8776/v3/3d63446be25e453e855fbacca18a0650/volumes/bae328d0-ef2b-49b2-be9f-1932380d401e returned with HTTP 202
2025-10-18 03:44:05.292 72 INFO cinder.api.openstack.wsgi [None req-b4e382a1-2d6a-4772-b821-18f6bf83591d 07c72bc811d243a8a976257c1d6345a7 3d63446be25e453e855fbacca18a0650 - - default default] GET http://[LB_IP_ADDRESS]:8776/v3/3d63446be25e453e855fbacca18a0650/volumes/bae328d0-ef2b-49b2-be9f-1932380d401e
2025-10-18 03:44:05.305 72 INFO cinder.volume.api [None req-b4e382a1-2d6a-4772-b821-18f6bf83591d 07c72bc811d243a8a976257c1d6345a7 3d63446be25e453e855fbacca18a0650 - - default default] Volume info retrieved successfully.
2025-10-18 03:44:05.311 72 INFO cinder.api.openstack.wsgi [None req-b4e382a1-2d6a-4772-b821-18f6bf83591d 07c72bc811d243a8a976257c1d6345a7 3d63446be25e453e855fbacca18a0650 - - default default] http://[LB_IP_ADDRESS]:8776/v3/3d63446be25e453e855fbacca18a0650/volumes/bae328d0-ef2b-49b2-be9f-1932380d401e returned with HTTP 200
2025-10-18 03:44:06.331 74 INFO cinder.api.openstack.wsgi [None req-687adf93-cf3d-4dc1-9ce9-199dcf62e631 07c72bc811d243a8a976257c1d6345a7 3d63446be25e453e855fbacca18a0650 - - default default] GET http://[LB_IP_ADDRESS]:8776/v3/3d63446be25e453e855fbacca18a0650/volumes/bae328d0-ef2b-49b2-be9f-1932380d401e
2025-10-18 03:44:06.340 74 INFO cinder.api.openstack.wsgi [None req-687adf93-cf3d-4dc1-9ce9-199dcf62e631 07c72bc811d243a8a976257c1d6345a7 3d63446be25e453e855fbacca18a0650 - - default default] http://[LB_IP_ADDRESS]:8776/v3/3d63446be25e453e855fbacca18a0650/volumes/bae328d0-ef2b-49b2-be9f-1932380d401e returned with HTTP 404
2025-10-18 03:44:07.862 76 INFO cinder.api.openstack.wsgi [None req-3c07fe6d-0749-4edb-9f80-968676ad5d37 c9b203b44bcb4171bf955de7fc173f08 53c6283901744224a680c619bfc204de - - default default] POST http://[LB_IP_ADDRESS]:8776/v3/53c6283901744224a680c619bfc204de/group_types
2025-10-18 03:44:07.882 76 INFO cinder.api.openstack.wsgi [None req-3c07fe6d-0749-4edb-9f80-968676ad5d37 c9b203b44bcb4171bf955de7fc173f08 53c6283901744224a680c619bfc204de - - default default] http://[LB_IP_ADDRESS]:8776/v3/53c6283901744224a680c619bfc204de/group_types returned with HTTP 202
2025-10-18 03:44:07.896 73 INFO cinder.api.openstack.wsgi [None req-9e6141b7-773d-4445-a095-e676f2698f93 c9b203b44bcb4171bf955de7fc173f08 53c6283901744224a680c619bfc204de - - default default] GET http://[LB_IP_ADDRESS]:8776/v3/53c6283901744224a680c619bfc204de/group_types
2025-10-18 03:44:07.909 73 INFO cinder.api.openstack.wsgi [None req-9e6141b7-773d-4445-a095-e676f2698f93 c9b203b44bcb4171bf955de7fc173f08 53c6283901744224a680c619bfc204de - - default default] http://[LB_IP_ADDRESS]:8776/v3/53c6283901744224a680c619bfc204de/group_types returned with HTTP 200
2025-10-18 03:44:07.919 75 INFO cinder.api.openstack.wsgi [None req-e1c56353-e1fb-473d-a833-457fd1ee1660 c9b203b44bcb4171bf955de7fc173f08 53c6283901744224a680c619bfc204de - - default default] PUT http://[LB_IP_ADDRESS]:8776/v3/53c6283901744224a680c619bfc204de/group_types/de352ced-99a0-4b8a-abb5-d574bc59ea5b
2025-10-18 03:44:07.934 75 INFO cinder.api.openstack.wsgi [None req-e1c56353-e1fb-473d-a833-457fd1ee1660 c9b203b44bcb4171bf955de7fc173f08 53c6283901744224a680c619bfc204de - - default default] http://[LB_IP_ADDRESS]:8776/v3/53c6283901744224a680c619bfc204de/group_types/de352ced-99a0-4b8a-abb5-d574bc59ea5b returned with HTTP 200
2025-10-18 03:44:07.948 72 INFO cinder.api.openstack.wsgi [None req-b1fd29fa-3f0c-499a-a117-ce0b0d880d34 c9b203b44bcb4171bf955de7fc173f08 53c6283901744224a680c619bfc204de - - default default] GET http://[LB_IP_ADDRESS]:8776/v3/53c6283901744224a680c619bfc204de/group_types/de352ced-99a0-4b8a-abb5-d574bc59ea5b
2025-10-18 03:44:07.956 72 INFO cinder.api.openstack.wsgi [None req-b1fd29fa-3f0c-499a-a117-ce0b0d880d34 c9b203b44bcb4171bf955de7fc173f08 53c6283901744224a680c619bfc204de - - default default] http://[LB_IP_ADDRESS]:8776/v3/53c6283901744224a680c619bfc204de/group_types/de352ced-99a0-4b8a-abb5-d574bc59ea5b returned with HTTP 200
2025-10-18 03:44:07.970 74 INFO cinder.api.openstack.wsgi [None req-ca72e2c1-7762-4421-93c7-5d794248116d c9b203b44bcb4171bf955de7fc173f08 53c6283901744224a680c619bfc204de - - default default] DELETE http://[LB_IP_ADDRESS]:8776/v3/53c6283901744224a680c619bfc204de/group_types/de352ced-99a0-4b8a-abb5-d574bc59ea5b
2025-10-18 03:44:07.988 74 INFO cinder.api.openstack.wsgi [None req-ca72e2c1-7762-4421-93c7-5d794248116d c9b203b44bcb4171bf955de7fc173f08 53c6283901744224a680c619bfc204de - - default default] http://[LB_IP_ADDRESS]:8776/v3/53c6283901744224a680c619bfc204de/group_types/de352ced-99a0-4b8a-abb5-d574bc59ea5b returned with HTTP 202
2025-10-18 03:44:07.999 76 INFO cinder.api.openstack.wsgi [None req-04f73e9d-1bd1-4b91-81d8-af972be636f6 c9b203b44bcb4171bf955de7fc173f08 53c6283901744224a680c619bfc204de - - default default] GET http://[LB_IP_ADDRESS]:8776/v3/53c6283901744224a680c619bfc204de/group_types
2025-10-18 03:44:08.013 76 INFO cinder.api.openstack.wsgi [None req-04f73e9d-1bd1-4b91-81d8-af972be636f6 c9b203b44bcb4171bf955de7fc173f08 53c6283901744224a680c619bfc204de - - default default] http://[LB_IP_ADDRESS]:8776/v3/53c6283901744224a680c619bfc204de/group_types returned with HTTP 200
2025-10-18 03:44:08.029 73 INFO cinder.api.openstack.wsgi [None req-a16a8d19-e496-425a-8180-98a885ab9144 c9b203b44bcb4171bf955de7fc173f08 53c6283901744224a680c619bfc204de - - default default] POST http://[LB_IP_ADDRESS]:8776/v3/53c6283901744224a680c619bfc204de/group_types
2025-10-18 03:44:08.050 73 INFO cinder.api.openstack.wsgi [None req-a16a8d19-e496-425a-8180-98a885ab9144 c9b203b44bcb4171bf955de7fc173f08 53c6283901744224a680c619bfc204de - - default default] http://[LB_IP_ADDRESS]:8776/v3/53c6283901744224a680c619bfc204de/group_types returned with HTTP 202
2025-10-18 03:44:08.060 75 INFO cinder.api.openstack.wsgi [None req-c92e154a-6ea9-482f-8469-0bf4eb080323 c9b203b44bcb4171bf955de7fc173f08 53c6283901744224a680c619bfc204de - - default default] POST http://[LB_IP_ADDRESS]:8776/v3/53c6283901744224a680c619bfc204de/group_types
2025-10-18 03:44:08.076 75 INFO cinder.api.openstack.wsgi [None req-c92e154a-6ea9-482f-8469-0bf4eb080323 c9b203b44bcb4171bf955de7fc173f08 53c6283901744224a680c619bfc204de - - default default] http://[LB_IP_ADDRESS]:8776/v3/53c6283901744224a680c619bfc204de/group_types returned with HTTP 202
2025-10-18 03:44:08.090 74 INFO cinder.api.openstack.wsgi [None req-4e61b269-b2ff-4d94-9edc-0b6a2c3d923b c9b203b44bcb4171bf955de7fc173f08 53c6283901744224a680c619bfc204de - - default default] GET http://[LB_IP_ADDRESS]:8776/v3/53c6283901744224a680c619bfc204de/group_types?sort=name%3Aasc&is_public=None
2025-10-18 03:44:08.102 74 INFO cinder.api.openstack.wsgi [None req-4e61b269-b2ff-4d94-9edc-0b6a2c3d923b c9b203b44bcb4171bf955de7fc173f08 53c6283901744224a680c619bfc204de - - default default] http://[LB_IP_ADDRESS]:8776/v3/53c6283901744224a680c619bfc204de/group_types?sort=name%3Aasc&is_public=None returned with HTTP 200
2025-10-18 03:44:08.117 76 INFO cinder.api.openstack.wsgi [None req-868364c1-41fe-41cc-9fd2-821a91197699 c9b203b44bcb4171bf955de7fc173f08 53c6283901744224a680c619bfc204de - - default default] GET http://[LB_IP_ADDRESS]:8776/v3/53c6283901744224a680c619bfc204de/group_types?sort=name%3Adesc&is_public=None
2025-10-18 03:44:08.128 76 INFO cinder.api.openstack.wsgi [None req-868364c1-41fe-41cc-9fd2-821a91197699 c9b203b44bcb4171bf955de7fc173f08 53c6283901744224a680c619bfc204de - - default default] http://[LB_IP_ADDRESS]:8776/v3/53c6283901744224a680c619bfc204de/group_types?sort=name%3Adesc&is_public=None returned with HTTP 200
2025-10-18 03:44:08.142 73 INFO cinder.api.openstack.wsgi [None req-8413716b-bb98-43bc-9c06-55e65e4ff576 c9b203b44bcb4171bf955de7fc173f08 53c6283901744224a680c619bfc204de - - default default] GET http://[LB_IP_ADDRESS]:8776/v3/53c6283901744224a680c619bfc204de/group_types?is_public=False
2025-10-18 03:44:08.152 73 INFO cinder.api.openstack.wsgi [None req-8413716b-bb98-43bc-9c06-55e65e4ff576 c9b203b44bcb4171bf955de7fc173f08 53c6283901744224a680c619bfc204de - - default default] http://[LB_IP_ADDRESS]:8776/v3/53c6283901744224a680c619bfc204de/group_types?is_public=False returned with HTTP 200
2025-10-18 03:44:08.166 75 INFO cinder.api.openstack.wsgi [None req-ea9df1ad-d45e-4f02-9186-e8f20f134ee5 c9b203b44bcb4171bf955de7fc173f08 53c6283901744224a680c619bfc204de - - default default] GET http://[LB_IP_ADDRESS]:8776/v3/53c6283901744224a680c619bfc204de/group_types?is_public=True
2025-10-18 03:44:08.176 72 INFO cinder.api.openstack.wsgi [None req-3a60f3d6-9a85-49fa-aecd-582fcb86f3c2 c7e341929c19420c8443f21bd2789a09 29d797e46d914cee9e77017e983f2c92 - - default default] GET http://[LB_IP_ADDRESS]:8776/v3/29d797e46d914cee9e77017e983f2c92/scheduler-stats/get_pools
2025-10-18 03:44:08.178 75 INFO cinder.api.openstack.wsgi [None req-ea9df1ad-d45e-4f02-9186-e8f20f134ee5 c9b203b44bcb4171bf955de7fc173f08 53c6283901744224a680c619bfc204de - - default default] http://[LB_IP_ADDRESS]:8776/v3/53c6283901744224a680c619bfc204de/group_types?is_public=True returned with HTTP 200
2025-10-18 03:44:08.191 74 INFO cinder.api.openstack.wsgi [None req-380b1c72-273c-4dbc-a01a-ca16bf4d9a06 c9b203b44bcb4171bf955de7fc173f08 53c6283901744224a680c619bfc204de - - default default] DELETE http://[LB_IP_ADDRESS]:8776/v3/53c6283901744224a680c619bfc204de/group_types/42a2c2e3-95ca-4188-821f-330405e954d4
2025-10-18 03:44:08.207 74 INFO cinder.api.openstack.wsgi [None req-380b1c72-273c-4dbc-a01a-ca16bf4d9a06 c9b203b44bcb4171bf955de7fc173f08 53c6283901744224a680c619bfc204de - - default default] http://[LB_IP_ADDRESS]:8776/v3/53c6283901744224a680c619bfc204de/group_types/42a2c2e3-95ca-4188-821f-330405e954d4 returned with HTTP 202
2025-10-18 03:44:08.219 76 INFO cinder.api.openstack.wsgi [None req-b1e1027c-3b6e-4d42-8cf2-a775ed7614c9 c9b203b44bcb4171bf955de7fc173f08 53c6283901744224a680c619bfc204de - - default default] DELETE http://[LB_IP_ADDRESS]:8776/v3/53c6283901744224a680c619bfc204de/group_types/5d3c2268-aeb5-46d6-a0a4-5ab01c7fd606
2025-10-18 03:44:08.236 76 INFO cinder.api.openstack.wsgi [None req-b1e1027c-3b6e-4d42-8cf2-a775ed7614c9 c9b203b44bcb4171bf955de7fc173f08 53c6283901744224a680c619bfc204de - - default default] http://[LB_IP_ADDRESS]:8776/v3/53c6283901744224a680c619bfc204de/group_types/5d3c2268-aeb5-46d6-a0a4-5ab01c7fd606 returned with HTTP 202
2025-10-18 03:44:08.684 72 INFO cinder.api.openstack.wsgi [None req-3a60f3d6-9a85-49fa-aecd-582fcb86f3c2 c7e341929c19420c8443f21bd2789a09 29d797e46d914cee9e77017e983f2c92 - - default default] http://[LB_IP_ADDRESS]:8776/v3/29d797e46d914cee9e77017e983f2c92/scheduler-stats/get_pools returned with HTTP 200
2025-10-18 03:44:08.701 73 INFO cinder.api.openstack.wsgi [None req-730a08b8-9bac-4878-aef6-1be6d0095d98 c7e341929c19420c8443f21bd2789a09 29d797e46d914cee9e77017e983f2c92 - - default default] GET http://[LB_IP_ADDRESS]:8776/v3/29d797e46d914cee9e77017e983f2c92/scheduler-stats/get_pools?detail=True
2025-10-18 03:44:09.209 73 INFO cinder.api.openstack.wsgi [None req-730a08b8-9bac-4878-aef6-1be6d0095d98 c7e341929c19420c8443f21bd2789a09 29d797e46d914cee9e77017e983f2c92 - - default default] http://[LB_IP_ADDRESS]:8776/v3/29d797e46d914cee9e77017e983f2c92/scheduler-stats/get_pools?detail=True returned with HTTP 200
2025-10-18 03:44:09.227 75 INFO cinder.api.openstack.wsgi [None req-abdebc14-e7ab-4dde-a4b1-7b8971ad4002 c7e341929c19420c8443f21bd2789a09 29d797e46d914cee9e77017e983f2c92 - - default default] GET http://[LB_IP_ADDRESS]:8776/v3/29d797e46d914cee9e77017e983f2c92/capabilities/rack05-server66@LIGHTOSphszul
2025-10-18 03:44:09.740 75 INFO cinder.api.openstack.wsgi [None req-abdebc14-e7ab-4dde-a4b1-7b8971ad4002 c7e341929c19420c8443f21bd2789a09 29d797e46d914cee9e77017e983f2c92 - - default default] http://[LB_IP_ADDRESS]:8776/v3/29d797e46d914cee9e77017e983f2c92/capabilities/rack05-server66@LIGHTOSphszul returned with HTTP 200
2025-10-18 03:44:09.759 76 INFO cinder.api.openstack.wsgi [None req-2d0d1bee-7593-4615-8dc8-c901899369c1 c7e341929c19420c8443f21bd2789a09 29d797e46d914cee9e77017e983f2c92 - - default default] GET http://[LB_IP_ADDRESS]:8776/v3/29d797e46d914cee9e77017e983f2c92/capabilities/rack05-server66@LIGHTOSphszul
2025-10-18 03:44:09.764 74 INFO cinder.api.openstack.wsgi [None req-261485b3-a74d-4fbf-afdb-ba40b19ca9f0 bc43b52655cb43b5b9e1e2aa4127d790 c11927bf3e3345fcbe23a49953d7612b - - default default] POST http://[LB_IP_ADDRESS]:8776/v3/c11927bf3e3345fcbe23a49953d7612b/volumes
2025-10-18 03:44:09.766 74 INFO cinder.api.v3.volumes [None req-261485b3-a74d-4fbf-afdb-ba40b19ca9f0 bc43b52655cb43b5b9e1e2aa4127d790 c11927bf3e3345fcbe23a49953d7612b - - default default] Create volume of 1 GB
2025-10-18 03:44:09.773 74 INFO cinder.volume.api [None req-261485b3-a74d-4fbf-afdb-ba40b19ca9f0 bc43b52655cb43b5b9e1e2aa4127d790 c11927bf3e3345fcbe23a49953d7612b - - default default] Availability Zones retrieved successfully.
2025-10-18 03:44:10.022 74 INFO cinder.volume.api [None req-261485b3-a74d-4fbf-afdb-ba40b19ca9f0 bc43b52655cb43b5b9e1e2aa4127d790 c11927bf3e3345fcbe23a49953d7612b - - default default] Create volume request issued successfully.
2025-10-18 03:44:10.023 74 INFO cinder.api.openstack.wsgi [None req-261485b3-a74d-4fbf-afdb-ba40b19ca9f0 bc43b52655cb43b5b9e1e2aa4127d790 c11927bf3e3345fcbe23a49953d7612b - - default default] http://[LB_IP_ADDRESS]:8776/v3/c11927bf3e3345fcbe23a49953d7612b/volumes returned with HTTP 202
2025-10-18 03:44:10.043 72 INFO cinder.api.openstack.wsgi [None req-746a25a5-c223-40de-bb1b-249197312e9c bc43b52655cb43b5b9e1e2aa4127d790 c11927bf3e3345fcbe23a49953d7612b - - default default] GET http://[LB_IP_ADDRESS]:8776/v3/c11927bf3e3345fcbe23a49953d7612b/volumes/bdbe990b-843e-4369-ac2d-1a6cfbe40a5f
2025-10-18 03:44:10.071 72 INFO cinder.volume.api [None req-746a25a5-c223-40de-bb1b-249197312e9c bc43b52655cb43b5b9e1e2aa4127d790 c11927bf3e3345fcbe23a49953d7612b - - default default] Volume info retrieved successfully.
2025-10-18 03:44:10.079 72 INFO cinder.api.openstack.wsgi [None req-746a25a5-c223-40de-bb1b-249197312e9c bc43b52655cb43b5b9e1e2aa4127d790 c11927bf3e3345fcbe23a49953d7612b - - default default] http://[LB_IP_ADDRESS]:8776/v3/c11927bf3e3345fcbe23a49953d7612b/volumes/bdbe990b-843e-4369-ac2d-1a6cfbe40a5f returned with HTTP 200
2025-10-18 03:44:10.272 76 INFO cinder.api.openstack.wsgi [None req-2d0d1bee-7593-4615-8dc8-c901899369c1 c7e341929c19420c8443f21bd2789a09 29d797e46d914cee9e77017e983f2c92 - - default default] http://[LB_IP_ADDRESS]:8776/v3/29d797e46d914cee9e77017e983f2c92/capabilities/rack05-server66@LIGHTOSphszul returned with HTTP 200
2025-10-18 03:44:11.100 73 INFO cinder.api.openstack.wsgi [None req-ab92d4c5-8a79-444a-bdb7-395ec9f7b4ef bc43b52655cb43b5b9e1e2aa4127d790 c11927bf3e3345fcbe23a49953d7612b - - default default] GET http://[LB_IP_ADDRESS]:8776/v3/c11927bf3e3345fcbe23a49953d7612b/volumes/bdbe990b-843e-4369-ac2d-1a6cfbe40a5f
2025-10-18 03:44:11.119 73 INFO cinder.volume.api [None req-ab92d4c5-8a79-444a-bdb7-395ec9f7b4ef bc43b52655cb43b5b9e1e2aa4127d790 c11927bf3e3345fcbe23a49953d7612b - - default default] Volume info retrieved successfully.
2025-10-18 03:44:11.124 73 INFO cinder.api.openstack.wsgi [None req-ab92d4c5-8a79-444a-bdb7-395ec9f7b4ef bc43b52655cb43b5b9e1e2aa4127d790 c11927bf3e3345fcbe23a49953d7612b - - default default] http://[LB_IP_ADDRESS]:8776/v3/c11927bf3e3345fcbe23a49953d7612b/volumes/bdbe990b-843e-4369-ac2d-1a6cfbe40a5f returned with HTTP 200
2025-10-18 03:44:11.141 75 INFO cinder.api.openstack.wsgi [None req-bfc92b7f-6a7a-4ea5-aab9-cabd1cc42672 bc43b52655cb43b5b9e1e2aa4127d790 c11927bf3e3345fcbe23a49953d7612b - - default default] POST http://[LB_IP_ADDRESS]:8776/v3/c11927bf3e3345fcbe23a49953d7612b/snapshots
2025-10-18 03:44:11.154 75 INFO cinder.volume.api [None req-bfc92b7f-6a7a-4ea5-aab9-cabd1cc42672 bc43b52655cb43b5b9e1e2aa4127d790 c11927bf3e3345fcbe23a49953d7612b - - default default] Volume info retrieved successfully.
2025-10-18 03:44:11.155 75 INFO cinder.api.v3.snapshots [None req-bfc92b7f-6a7a-4ea5-aab9-cabd1cc42672 bc43b52655cb43b5b9e1e2aa4127d790 c11927bf3e3345fcbe23a49953d7612b - - default default] Create snapshot from volume bdbe990b-843e-4369-ac2d-1a6cfbe40a5f
2025-10-18 03:44:11.251 75 INFO cinder.volume.api [None req-bfc92b7f-6a7a-4ea5-aab9-cabd1cc42672 bc43b52655cb43b5b9e1e2aa4127d790 c11927bf3e3345fcbe23a49953d7612b - - default default] Snapshot create request issued successfully.
2025-10-18 03:44:11.251 75 INFO cinder.api.openstack.wsgi [None req-bfc92b7f-6a7a-4ea5-aab9-cabd1cc42672 bc43b52655cb43b5b9e1e2aa4127d790 c11927bf3e3345fcbe23a49953d7612b - - default default] http://[LB_IP_ADDRESS]:8776/v3/c11927bf3e3345fcbe23a49953d7612b/snapshots returned with HTTP 202
2025-10-18 03:44:11.267 74 INFO cinder.api.openstack.wsgi [None req-e7dc21bf-4235-451d-8272-c469ea732db6 bc43b52655cb43b5b9e1e2aa4127d790 c11927bf3e3345fcbe23a49953d7612b - - default default] GET http://[LB_IP_ADDRESS]:8776/v3/c11927bf3e3345fcbe23a49953d7612b/snapshots/9c851f72-9564-401a-bf4e-146f8ed07258
2025-10-18 03:44:11.276 74 INFO cinder.volume.api [None req-e7dc21bf-4235-451d-8272-c469ea732db6 bc43b52655cb43b5b9e1e2aa4127d790 c11927bf3e3345fcbe23a49953d7612b - - default default] Snapshot retrieved successfully.
2025-10-18 03:44:11.277 74 INFO cinder.api.openstack.wsgi [None req-e7dc21bf-4235-451d-8272-c469ea732db6 bc43b52655cb43b5b9e1e2aa4127d790 c11927bf3e3345fcbe23a49953d7612b - - default default] http://[LB_IP_ADDRESS]:8776/v3/c11927bf3e3345fcbe23a49953d7612b/snapshots/9c851f72-9564-401a-bf4e-146f8ed07258 returned with HTTP 200
2025-10-18 03:44:11.761 72 INFO cinder.api.openstack.wsgi [None req-bac8f55d-4464-423f-840a-3f943fb76caf 8723bccabd734b59b56789983762f43f a62ac5ade21a447b8b49a0955113af67 - - default default] POST http://[LB_IP_ADDRESS]:8776/v3/a62ac5ade21a447b8b49a0955113af67/types
2025-10-18 03:44:11.792 72 INFO cinder.api.openstack.wsgi [None req-bac8f55d-4464-423f-840a-3f943fb76caf 8723bccabd734b59b56789983762f43f a62ac5ade21a447b8b49a0955113af67 - - default default] http://[LB_IP_ADDRESS]:8776/v3/a62ac5ade21a447b8b49a0955113af67/types returned with HTTP 200
2025-10-18 03:44:11.808 76 INFO cinder.api.openstack.wsgi [None req-c76e7b38-5072-47f9-87f6-98bb85f0cad7 8723bccabd734b59b56789983762f43f a62ac5ade21a447b8b49a0955113af67 - - default default] POST http://[LB_IP_ADDRESS]:8776/v3/a62ac5ade21a447b8b49a0955113af67/group_types
2025-10-18 03:44:11.828 76 INFO cinder.api.openstack.wsgi [None req-c76e7b38-5072-47f9-87f6-98bb85f0cad7 8723bccabd734b59b56789983762f43f a62ac5ade21a447b8b49a0955113af67 - - default default] http://[LB_IP_ADDRESS]:8776/v3/a62ac5ade21a447b8b49a0955113af67/group_types returned with HTTP 202
2025-10-18 03:44:11.928 73 INFO cinder.api.openstack.wsgi [None req-178b7737-efa6-4137-a03a-9e08ec1a878e f19ae293cbfc4ae6a3dca9e213691b30 cc0ce027f7b946f89b49586744d67f89 - - default default] POST http://[LB_IP_ADDRESS]:8776/v3/cc0ce027f7b946f89b49586744d67f89/groups
2025-10-18 03:44:11.938 73 INFO cinder.api.v3.groups [None req-178b7737-efa6-4137-a03a-9e08ec1a878e f19ae293cbfc4ae6a3dca9e213691b30 cc0ce027f7b946f89b49586744d67f89 - - default default] Creating group tempest-GroupsV314Test-Group-1694820203.
2025-10-18 03:44:11.946 73 INFO cinder.volume.api [None req-178b7737-efa6-4137-a03a-9e08ec1a878e f19ae293cbfc4ae6a3dca9e213691b30 cc0ce027f7b946f89b49586744d67f89 - - default default] Availability Zones retrieved successfully.
2025-10-18 03:44:12.002 73 INFO cinder.api.openstack.wsgi [None req-178b7737-efa6-4137-a03a-9e08ec1a878e f19ae293cbfc4ae6a3dca9e213691b30 cc0ce027f7b946f89b49586744d67f89 - - default default] http://[LB_IP_ADDRESS]:8776/v3/cc0ce027f7b946f89b49586744d67f89/groups returned with HTTP 202
2025-10-18 03:44:12.017 75 INFO cinder.api.openstack.wsgi [None req-55cc2732-9386-4d0e-8210-4c3f0571204a f19ae293cbfc4ae6a3dca9e213691b30 cc0ce027f7b946f89b49586744d67f89 - - default default] GET http://[LB_IP_ADDRESS]:8776/v3/cc0ce027f7b946f89b49586744d67f89/groups/a7082386-4ae7-418a-881f-cdfff4c303d2
2025-10-18 03:44:12.032 75 INFO cinder.api.openstack.wsgi [None req-55cc2732-9386-4d0e-8210-4c3f0571204a f19ae293cbfc4ae6a3dca9e213691b30 cc0ce027f7b946f89b49586744d67f89 - - default default] http://[LB_IP_ADDRESS]:8776/v3/cc0ce027f7b946f89b49586744d67f89/groups/a7082386-4ae7-418a-881f-cdfff4c303d2 returned with HTTP 200
2025-10-18 03:44:12.293 74 INFO cinder.api.openstack.wsgi [None req-9604c9ac-31bb-44d1-85f7-73eb964860a5 bc43b52655cb43b5b9e1e2aa4127d790 c11927bf3e3345fcbe23a49953d7612b - - default default] GET http://[LB_IP_ADDRESS]:8776/v3/c11927bf3e3345fcbe23a49953d7612b/snapshots/9c851f72-9564-401a-bf4e-146f8ed07258
2025-10-18 03:44:12.302 74 INFO cinder.volume.api [None req-9604c9ac-31bb-44d1-85f7-73eb964860a5 bc43b52655cb43b5b9e1e2aa4127d790 c11927bf3e3345fcbe23a49953d7612b - - default default] Snapshot retrieved successfully.
2025-10-18 03:44:12.303 74 INFO cinder.api.openstack.wsgi [None req-9604c9ac-31bb-44d1-85f7-73eb964860a5 bc43b52655cb43b5b9e1e2aa4127d790 c11927bf3e3345fcbe23a49953d7612b - - default default] http://[LB_IP_ADDRESS]:8776/v3/c11927bf3e3345fcbe23a49953d7612b/snapshots/9c851f72-9564-401a-bf4e-146f8ed07258 returned with HTTP 200
2025-10-18 03:44:13.047 72 INFO cinder.api.openstack.wsgi [None req-53c7937f-242d-404c-8f93-010a30d66a50 f19ae293cbfc4ae6a3dca9e213691b30 cc0ce027f7b946f89b49586744d67f89 - - default default] GET http://[LB_IP_ADDRESS]:8776/v3/cc0ce027f7b946f89b49586744d67f89/groups/a7082386-4ae7-418a-881f-cdfff4c303d2
2025-10-18 03:44:13.064 72 INFO cinder.api.openstack.wsgi [None req-53c7937f-242d-404c-8f93-010a30d66a50 f19ae293cbfc4ae6a3dca9e213691b30 cc0ce027f7b946f89b49586744d67f89 - - default default] http://[LB_IP_ADDRESS]:8776/v3/cc0ce027f7b946f89b49586744d67f89/groups/a7082386-4ae7-418a-881f-cdfff4c303d2 returned with HTTP 200
2025-10-18 03:44:13.079 76 INFO cinder.api.openstack.wsgi [None req-50b96c48-cecd-4a9a-ad65-cb00f397c422 f19ae293cbfc4ae6a3dca9e213691b30 cc0ce027f7b946f89b49586744d67f89 - - default default] POST http://[LB_IP_ADDRESS]:8776/v3/cc0ce027f7b946f89b49586744d67f89/volumes
2025-10-18 03:44:13.092 76 INFO cinder.api.v3.volumes [None req-50b96c48-cecd-4a9a-ad65-cb00f397c422 f19ae293cbfc4ae6a3dca9e213691b30 cc0ce027f7b946f89b49586744d67f89 - - default default] Create volume of 1 GB
2025-10-18 03:44:13.098 76 INFO cinder.volume.api [None req-50b96c48-cecd-4a9a-ad65-cb00f397c422 f19ae293cbfc4ae6a3dca9e213691b30 cc0ce027f7b946f89b49586744d67f89 - - default default] Availability Zones retrieved successfully.
2025-10-18 03:44:13.207 76 WARNING cinder.quota [None req-50b96c48-cecd-4a9a-ad65-cb00f397c422 f19ae293cbfc4ae6a3dca9e213691b30 cc0ce027f7b946f89b49586744d67f89 - - default default] Deprecated: Default quota for resource: volumes_tempest-GroupsV314Test-volume-type-392970827 is set by the default quota flag: quota_volumes_tempest-GroupsV314Test-volume-type-392970827, it is now deprecated. Please use the default quota class for default quota.
2025-10-18 03:44:13.208 76 WARNING cinder.quota [None req-50b96c48-cecd-4a9a-ad65-cb00f397c422 f19ae293cbfc4ae6a3dca9e213691b30 cc0ce027f7b946f89b49586744d67f89 - - default default] Deprecated: Default quota for resource: gigabytes_tempest-GroupsV314Test-volume-type-392970827 is set by the default quota flag: quota_gigabytes_tempest-GroupsV314Test-volume-type-392970827, it is now deprecated. Please use the default quota class for default quota.
2025-10-18 03:44:13.300 76 INFO cinder.volume.api [None req-50b96c48-cecd-4a9a-ad65-cb00f397c422 f19ae293cbfc4ae6a3dca9e213691b30 cc0ce027f7b946f89b49586744d67f89 - - default default] Create volume request issued successfully.
2025-10-18 03:44:13.319 73 INFO cinder.api.openstack.wsgi [None req-719036a5-a984-4951-9035-6b6a486204da bc43b52655cb43b5b9e1e2aa4127d790 c11927bf3e3345fcbe23a49953d7612b - - default default] GET http://[LB_IP_ADDRESS]:8776/v3/c11927bf3e3345fcbe23a49953d7612b/snapshots/9c851f72-9564-401a-bf4e-146f8ed07258
2025-10-18 03:44:13.319 76 INFO cinder.api.openstack.wsgi [None req-50b96c48-cecd-4a9a-ad65-cb00f397c422 f19ae293cbfc4ae6a3dca9e213691b30 cc0ce027f7b946f89b49586744d67f89 - - default default] http://[LB_IP_ADDRESS]:8776/v3/cc0ce027f7b946f89b49586744d67f89/volumes returned with HTTP 202
2025-10-18 03:44:13.327 73 INFO cinder.volume.api [None req-719036a5-a984-4951-9035-6b6a486204da bc43b52655cb43b5b9e1e2aa4127d790 c11927bf3e3345fcbe23a49953d7612b - - default default] Snapshot retrieved successfully.
2025-10-18 03:44:13.329 73 INFO cinder.api.openstack.wsgi [None req-719036a5-a984-4951-9035-6b6a486204da bc43b52655cb43b5b9e1e2aa4127d790 c11927bf3e3345fcbe23a49953d7612b - - default default] http://[LB_IP_ADDRESS]:8776/v3/c11927bf3e3345fcbe23a49953d7612b/snapshots/9c851f72-9564-401a-bf4e-146f8ed07258 returned with HTTP 200
2025-10-18 03:44:13.336 75 INFO cinder.api.openstack.wsgi [None req-f89e24c9-9378-49bc-a6fa-6e496cc5336b f19ae293cbfc4ae6a3dca9e213691b30 cc0ce027f7b946f89b49586744d67f89 - - default default] GET http://[LB_IP_ADDRESS]:8776/v3/cc0ce027f7b946f89b49586744d67f89/volumes/06ad0a4d-9641-4a5a-9833-7fe362c86ff1
2025-10-18 03:44:13.347 75 INFO cinder.volume.api [None req-f89e24c9-9378-49bc-a6fa-6e496cc5336b f19ae293cbfc4ae6a3dca9e213691b30 cc0ce027f7b946f89b49586744d67f89 - - default default] Volume info retrieved successfully.
2025-10-18 03:44:13.370 75 INFO cinder.api.openstack.wsgi [None req-f89e24c9-9378-49bc-a6fa-6e496cc5336b f19ae293cbfc4ae6a3dca9e213691b30 cc0ce027f7b946f89b49586744d67f89 - - default default] http://[LB_IP_ADDRESS]:8776/v3/cc0ce027f7b946f89b49586744d67f89/volumes/06ad0a4d-9641-4a5a-9833-7fe362c86ff1 returned with HTTP 200
2025-10-18 03:44:13.505 74 INFO cinder.api.openstack.wsgi [None req-2c9bb58b-5380-493d-99bd-753f39a05b9d a526f10cbf6c4c3bb0d67c053cd5d76e 84ccbc2270e44442bd9728dbb2f9a06d - - default default] POST http://[LB_IP_ADDRESS]:8776/v3/84ccbc2270e44442bd9728dbb2f9a06d/snapshots/9c851f72-9564-401a-bf4e-146f8ed07258/action
2025-10-18 03:44:13.529 74 INFO cinder.api.openstack.wsgi [None req-2c9bb58b-5380-493d-99bd-753f39a05b9d a526f10cbf6c4c3bb0d67c053cd5d76e 84ccbc2270e44442bd9728dbb2f9a06d - - default default] http://[LB_IP_ADDRESS]:8776/v3/84ccbc2270e44442bd9728dbb2f9a06d/snapshots/9c851f72-9564-401a-bf4e-146f8ed07258/action returned with HTTP 202
2025-10-18 03:44:13.541 72 INFO cinder.api.openstack.wsgi [None req-489fbc7b-e735-4ea8-b043-6ab7b7a846b8 bc43b52655cb43b5b9e1e2aa4127d790 c11927bf3e3345fcbe23a49953d7612b - - default default] GET http://[LB_IP_ADDRESS]:8776/v3/c11927bf3e3345fcbe23a49953d7612b/snapshots/9c851f72-9564-401a-bf4e-146f8ed07258
2025-10-18 03:44:13.550 72 INFO cinder.volume.api [None req-489fbc7b-e735-4ea8-b043-6ab7b7a846b8 bc43b52655cb43b5b9e1e2aa4127d790 c11927bf3e3345fcbe23a49953d7612b - - default default] Snapshot retrieved successfully.
2025-10-18 03:44:13.551 72 INFO cinder.api.openstack.wsgi [None req-489fbc7b-e735-4ea8-b043-6ab7b7a846b8 bc43b52655cb43b5b9e1e2aa4127d790 c11927bf3e3345fcbe23a49953d7612b - - default default] http://[LB_IP_ADDRESS]:8776/v3/c11927bf3e3345fcbe23a49953d7612b/snapshots/9c851f72-9564-401a-bf4e-146f8ed07258 returned with HTTP 200
2025-10-18 03:44:13.562 76 INFO cinder.api.openstack.wsgi [None req-1b5352b6-e20f-430c-8c11-2e607fab5838 a526f10cbf6c4c3bb0d67c053cd5d76e 84ccbc2270e44442bd9728dbb2f9a06d - - default default] POST http://[LB_IP_ADDRESS]:8776/v3/84ccbc2270e44442bd9728dbb2f9a06d/snapshots/9c851f72-9564-401a-bf4e-146f8ed07258/action
2025-10-18 03:44:13.582 76 INFO cinder.api.openstack.wsgi [None req-1b5352b6-e20f-430c-8c11-2e607fab5838 a526f10cbf6c4c3bb0d67c053cd5d76e 84ccbc2270e44442bd9728dbb2f9a06d - - default default] http://[LB_IP_ADDRESS]:8776/v3/84ccbc2270e44442bd9728dbb2f9a06d/snapshots/9c851f72-9564-401a-bf4e-146f8ed07258/action returned with HTTP 202
2025-10-18 03:44:13.595 73 INFO cinder.api.openstack.wsgi [None req-b4c0fc42-379b-4469-9c30-6b9a9469d757 bc43b52655cb43b5b9e1e2aa4127d790 c11927bf3e3345fcbe23a49953d7612b - - default default] GET http://[LB_IP_ADDRESS]:8776/v3/c11927bf3e3345fcbe23a49953d7612b/snapshots/9c851f72-9564-401a-bf4e-146f8ed07258
2025-10-18 03:44:13.604 73 INFO cinder.volume.api [None req-b4c0fc42-379b-4469-9c30-6b9a9469d757 bc43b52655cb43b5b9e1e2aa4127d790 c11927bf3e3345fcbe23a49953d7612b - - default default] Snapshot retrieved successfully.
2025-10-18 03:44:13.606 73 INFO cinder.api.openstack.wsgi [None req-b4c0fc42-379b-4469-9c30-6b9a9469d757 bc43b52655cb43b5b9e1e2aa4127d790 c11927bf3e3345fcbe23a49953d7612b - - default default] http://[LB_IP_ADDRESS]:8776/v3/c11927bf3e3345fcbe23a49953d7612b/snapshots/9c851f72-9564-401a-bf4e-146f8ed07258 returned with HTTP 200
2025-10-18 03:44:13.622 75 INFO cinder.api.openstack.wsgi [None req-d919637c-9658-4975-8ea7-e011d7b9b256 bc43b52655cb43b5b9e1e2aa4127d790 c11927bf3e3345fcbe23a49953d7612b - - default default] POST http://[LB_IP_ADDRESS]:8776/v3/c11927bf3e3345fcbe23a49953d7612b/snapshots
2025-10-18 03:44:13.637 75 INFO cinder.volume.api [None req-d919637c-9658-4975-8ea7-e011d7b9b256 bc43b52655cb43b5b9e1e2aa4127d790 c11927bf3e3345fcbe23a49953d7612b - - default default] Volume info retrieved successfully.
2025-10-18 03:44:13.637 75 INFO cinder.api.v3.snapshots [None req-d919637c-9658-4975-8ea7-e011d7b9b256 bc43b52655cb43b5b9e1e2aa4127d790 c11927bf3e3345fcbe23a49953d7612b - - default default] Create snapshot from volume bdbe990b-843e-4369-ac2d-1a6cfbe40a5f
2025-10-18 03:44:13.709 75 INFO cinder.volume.api [None req-d919637c-9658-4975-8ea7-e011d7b9b256 bc43b52655cb43b5b9e1e2aa4127d790 c11927bf3e3345fcbe23a49953d7612b - - default default] Snapshot create request issued successfully.
2025-10-18 03:44:13.710 75 INFO cinder.api.openstack.wsgi [None req-d919637c-9658-4975-8ea7-e011d7b9b256 bc43b52655cb43b5b9e1e2aa4127d790 c11927bf3e3345fcbe23a49953d7612b - - default default] http://[LB_IP_ADDRESS]:8776/v3/c11927bf3e3345fcbe23a49953d7612b/snapshots returned with HTTP 202
2025-10-18 03:44:13.725 72 INFO cinder.api.openstack.wsgi [None req-27545f22-c2e0-411b-a38d-0e273d162915 bc43b52655cb43b5b9e1e2aa4127d790 c11927bf3e3345fcbe23a49953d7612b - - default default] GET http://[LB_IP_ADDRESS]:8776/v3/c11927bf3e3345fcbe23a49953d7612b/snapshots/a8ea98ad-0a54-4f84-a97b-8e623e81642d
2025-10-18 03:44:13.736 72 INFO cinder.volume.api [None req-27545f22-c2e0-411b-a38d-0e273d162915 bc43b52655cb43b5b9e1e2aa4127d790 c11927bf3e3345fcbe23a49953d7612b - - default default] Snapshot retrieved successfully.
2025-10-18 03:44:13.737 72 INFO cinder.api.openstack.wsgi [None req-27545f22-c2e0-411b-a38d-0e273d162915 bc43b52655cb43b5b9e1e2aa4127d790 c11927bf3e3345fcbe23a49953d7612b - - default default] http://[LB_IP_ADDRESS]:8776/v3/c11927bf3e3345fcbe23a49953d7612b/snapshots/a8ea98ad-0a54-4f84-a97b-8e623e81642d returned with HTTP 200
2025-10-18 03:44:13.779 74 INFO cinder.api.openstack.wsgi [None req-53b17bd8-bac9-41ff-812d-ba6d54549cdf 2b0a4e09eb264e9b9a9f8d2f8e629848 dd7ff7395d794f2994cdad4f9cb8d70f - - default default] POST http://[LB_IP_ADDRESS]:8776/v3/dd7ff7395d794f2994cdad4f9cb8d70f/types
2025-10-18 03:44:13.796 74 INFO cinder.api.openstack.wsgi [None req-53b17bd8-bac9-41ff-812d-ba6d54549cdf 2b0a4e09eb264e9b9a9f8d2f8e629848 dd7ff7395d794f2994cdad4f9cb8d70f - - default default] http://[LB_IP_ADDRESS]:8776/v3/dd7ff7395d794f2994cdad4f9cb8d70f/types returned with HTTP 200
2025-10-18 03:44:13.811 76 INFO cinder.api.openstack.wsgi [None req-edd6d1db-245f-4c22-834e-037a05b3987f 2b0a4e09eb264e9b9a9f8d2f8e629848 dd7ff7395d794f2994cdad4f9cb8d70f - - default default] POST http://[LB_IP_ADDRESS]:8776/v3/dd7ff7395d794f2994cdad4f9cb8d70f/group_types
2025-10-18 03:44:13.828 76 INFO cinder.api.openstack.wsgi [None req-edd6d1db-245f-4c22-834e-037a05b3987f 2b0a4e09eb264e9b9a9f8d2f8e629848 dd7ff7395d794f2994cdad4f9cb8d70f - - default default] http://[LB_IP_ADDRESS]:8776/v3/dd7ff7395d794f2994cdad4f9cb8d70f/group_types returned with HTTP 202
2025-10-18 03:44:13.906 73 INFO cinder.api.openstack.wsgi [None req-6e6ed955-d1ea-43fc-87bb-7856b82dd11c 624c4fea0c6d458fbb2df97b710429a3 31d94df651b448c78db4547cce496b68 - - default default] POST http://[LB_IP_ADDRESS]:8776/v3/31d94df651b448c78db4547cce496b68/groups
2025-10-18 03:44:13.918 73 INFO cinder.api.v3.groups [None req-6e6ed955-d1ea-43fc-87bb-7856b82dd11c 624c4fea0c6d458fbb2df97b710429a3 31d94df651b448c78db4547cce496b68 - - default default] Creating group tempest-GroupSnapshotsTest-Group-999643720.
2025-10-18 03:44:13.925 73 INFO cinder.volume.api [None req-6e6ed955-d1ea-43fc-87bb-7856b82dd11c 624c4fea0c6d458fbb2df97b710429a3 31d94df651b448c78db4547cce496b68 - - default default] Availability Zones retrieved successfully.
2025-10-18 03:44:13.989 73 INFO cinder.api.openstack.wsgi [None req-6e6ed955-d1ea-43fc-87bb-7856b82dd11c 624c4fea0c6d458fbb2df97b710429a3 31d94df651b448c78db4547cce496b68 - - default default] http://[LB_IP_ADDRESS]:8776/v3/31d94df651b448c78db4547cce496b68/groups returned with HTTP 202
2025-10-18 03:44:14.004 75 INFO cinder.api.openstack.wsgi [None req-c128e3dd-d4d2-41cd-891d-64a677089f94 624c4fea0c6d458fbb2df97b710429a3 31d94df651b448c78db4547cce496b68 - - default default] GET http://[LB_IP_ADDRESS]:8776/v3/31d94df651b448c78db4547cce496b68/groups/9c9e592c-25d6-4712-af50-95b2420e047f
2025-10-18 03:44:14.018 75 INFO cinder.api.openstack.wsgi [None req-c128e3dd-d4d2-41cd-891d-64a677089f94 624c4fea0c6d458fbb2df97b710429a3 31d94df651b448c78db4547cce496b68 - - default default] http://[LB_IP_ADDRESS]:8776/v3/31d94df651b448c78db4547cce496b68/groups/9c9e592c-25d6-4712-af50-95b2420e047f returned with HTTP 200
2025-10-18 03:44:14.391 72 INFO cinder.api.openstack.wsgi [None req-7f461718-921c-43a9-9424-a0adf64b3c7c f19ae293cbfc4ae6a3dca9e213691b30 cc0ce027f7b946f89b49586744d67f89 - - default default] GET http://[LB_IP_ADDRESS]:8776/v3/cc0ce027f7b946f89b49586744d67f89/volumes/06ad0a4d-9641-4a5a-9833-7fe362c86ff1
2025-10-18 03:44:14.408 72 INFO cinder.volume.api [None req-7f461718-921c-43a9-9424-a0adf64b3c7c f19ae293cbfc4ae6a3dca9e213691b30 cc0ce027f7b946f89b49586744d67f89 - - default default] Volume info retrieved successfully.
2025-10-18 03:44:14.424 72 INFO cinder.api.openstack.wsgi [None req-7f461718-921c-43a9-9424-a0adf64b3c7c f19ae293cbfc4ae6a3dca9e213691b30 cc0ce027f7b946f89b49586744d67f89 - - default default] http://[LB_IP_ADDRESS]:8776/v3/cc0ce027f7b946f89b49586744d67f89/volumes/06ad0a4d-9641-4a5a-9833-7fe362c86ff1 returned with HTTP 200
2025-10-18 03:44:14.446 74 INFO cinder.api.openstack.wsgi [None req-8f355d4e-c870-4087-aba0-5074b4306ff7 f19ae293cbfc4ae6a3dca9e213691b30 cc0ce027f7b946f89b49586744d67f89 - - default default] POST http://[LB_IP_ADDRESS]:8776/v3/cc0ce027f7b946f89b49586744d67f89/groups/action
2025-10-18 03:44:14.450 74 INFO cinder.api.v3.groups [None req-8f355d4e-c870-4087-aba0-5074b4306ff7 f19ae293cbfc4ae6a3dca9e213691b30 cc0ce027f7b946f89b49586744d67f89 - - default default] Creating group tempest-Group_from_grp-143848018 from source group a7082386-4ae7-418a-881f-cdfff4c303d2.
2025-10-18 03:44:14.753 76 INFO cinder.api.openstack.wsgi [None req-206cf0dc-93a3-43bd-97f0-fb3bdb4fd96e bc43b52655cb43b5b9e1e2aa4127d790 c11927bf3e3345fcbe23a49953d7612b - - default default] GET http://[LB_IP_ADDRESS]:8776/v3/c11927bf3e3345fcbe23a49953d7612b/snapshots/a8ea98ad-0a54-4f84-a97b-8e623e81642d
2025-10-18 03:44:14.763 76 INFO cinder.volume.api [None req-206cf0dc-93a3-43bd-97f0-fb3bdb4fd96e bc43b52655cb43b5b9e1e2aa4127d790 c11927bf3e3345fcbe23a49953d7612b - - default default] Snapshot retrieved successfully.
2025-10-18 03:44:14.764 76 INFO cinder.api.openstack.wsgi [None req-206cf0dc-93a3-43bd-97f0-fb3bdb4fd96e bc43b52655cb43b5b9e1e2aa4127d790 c11927bf3e3345fcbe23a49953d7612b - - default default] http://[LB_IP_ADDRESS]:8776/v3/c11927bf3e3345fcbe23a49953d7612b/snapshots/a8ea98ad-0a54-4f84-a97b-8e623e81642d returned with HTTP 200
2025-10-18 03:44:15.034 73 INFO cinder.api.openstack.wsgi [None req-45cc3380-803e-40bb-a3a2-cabc754b3a72 624c4fea0c6d458fbb2df97b710429a3 31d94df651b448c78db4547cce496b68 - - default default] GET http://[LB_IP_ADDRESS]:8776/v3/31d94df651b448c78db4547cce496b68/groups/9c9e592c-25d6-4712-af50-95b2420e047f
2025-10-18 03:44:15.041 74 INFO cinder.group.api [None req-8f355d4e-c870-4087-aba0-5074b4306ff7 f19ae293cbfc4ae6a3dca9e213691b30 cc0ce027f7b946f89b49586744d67f89 - - default default] A mapping entry already exists for group 3507af85-3597-4f98-aedc-19f8a917c38a and volume type b5d902de-56c3-40ac-9f72-e62396826a0b. Do not need to create again.
2025-10-18 03:44:15.042 74 INFO cinder.volume.api [None req-8f355d4e-c870-4087-aba0-5074b4306ff7 f19ae293cbfc4ae6a3dca9e213691b30 cc0ce027f7b946f89b49586744d67f89 - - default default] Availability Zones retrieved successfully.
2025-10-18 03:44:15.052 73 INFO cinder.api.openstack.wsgi [None req-45cc3380-803e-40bb-a3a2-cabc754b3a72 624c4fea0c6d458fbb2df97b710429a3 31d94df651b448c78db4547cce496b68 - - default default] http://[LB_IP_ADDRESS]:8776/v3/31d94df651b448c78db4547cce496b68/groups/9c9e592c-25d6-4712-af50-95b2420e047f returned with HTTP 200
2025-10-18 03:44:15.066 75 INFO cinder.api.openstack.wsgi [None req-b538c9f4-dd1a-4c23-9ab1-046135b63c50 624c4fea0c6d458fbb2df97b710429a3 31d94df651b448c78db4547cce496b68 - - default default] POST http://[LB_IP_ADDRESS]:8776/v3/31d94df651b448c78db4547cce496b68/volumes
2025-10-18 03:44:15.074 75 INFO cinder.api.v3.volumes [None req-b538c9f4-dd1a-4c23-9ab1-046135b63c50 624c4fea0c6d458fbb2df97b710429a3 31d94df651b448c78db4547cce496b68 - - default default] Create volume of 1 GB
2025-10-18 03:44:15.080 75 INFO cinder.volume.api [None req-b538c9f4-dd1a-4c23-9ab1-046135b63c50 624c4fea0c6d458fbb2df97b710429a3 31d94df651b448c78db4547cce496b68 - - default default] Availability Zones retrieved successfully.
2025-10-18 03:44:15.125 74 WARNING cinder.quota [None req-8f355d4e-c870-4087-aba0-5074b4306ff7 f19ae293cbfc4ae6a3dca9e213691b30 cc0ce027f7b946f89b49586744d67f89 - - default default] Deprecated: Default quota for resource: volumes_tempest-GroupsV314Test-volume-type-392970827 is set by the default quota flag: quota_volumes_tempest-GroupsV314Test-volume-type-392970827, it is now deprecated. Please use the default quota class for default quota.
2025-10-18 03:44:15.125 74 WARNING cinder.quota [None req-8f355d4e-c870-4087-aba0-5074b4306ff7 f19ae293cbfc4ae6a3dca9e213691b30 cc0ce027f7b946f89b49586744d67f89 - - default default] Deprecated: Default quota for resource: gigabytes_tempest-GroupsV314Test-volume-type-392970827 is set by the default quota flag: quota_gigabytes_tempest-GroupsV314Test-volume-type-392970827, it is now deprecated. Please use the default quota class for default quota.
2025-10-18 03:44:15.189 75 WARNING cinder.quota [None req-b538c9f4-dd1a-4c23-9ab1-046135b63c50 624c4fea0c6d458fbb2df97b710429a3 31d94df651b448c78db4547cce496b68 - - default default] Deprecated: Default quota for resource: volumes_tempest-GroupSnapshotsTest-volume-type-691012951 is set by the default quota flag: quota_volumes_tempest-GroupSnapshotsTest-volume-type-691012951, it is now deprecated. Please use the default quota class for default quota.
2025-10-18 03:44:15.190 75 WARNING cinder.quota [None req-b538c9f4-dd1a-4c23-9ab1-046135b63c50 624c4fea0c6d458fbb2df97b710429a3 31d94df651b448c78db4547cce496b68 - - default default] Deprecated: Default quota for resource: gigabytes_tempest-GroupSnapshotsTest-volume-type-691012951 is set by the default quota flag: quota_gigabytes_tempest-GroupSnapshotsTest-volume-type-691012951, it is now deprecated. Please use the default quota class for default quota.
2025-10-18 03:44:15.193 74 INFO cinder.volume.api [None req-8f355d4e-c870-4087-aba0-5074b4306ff7 f19ae293cbfc4ae6a3dca9e213691b30 cc0ce027f7b946f89b49586744d67f89 - - default default] Create volume request issued successfully.
2025-10-18 03:44:15.211 74 INFO cinder.api.openstack.wsgi [None req-8f355d4e-c870-4087-aba0-5074b4306ff7 f19ae293cbfc4ae6a3dca9e213691b30 cc0ce027f7b946f89b49586744d67f89 - - default default] http://[LB_IP_ADDRESS]:8776/v3/cc0ce027f7b946f89b49586744d67f89/groups/action returned with HTTP 202
2025-10-18 03:44:15.226 72 INFO cinder.api.openstack.wsgi [None req-370b9f67-e4a9-4b2a-9f85-4d749d65f6bc f19ae293cbfc4ae6a3dca9e213691b30 cc0ce027f7b946f89b49586744d67f89 - - default default] GET http://[LB_IP_ADDRESS]:8776/v3/cc0ce027f7b946f89b49586744d67f89/volumes/detail
2025-10-18 03:44:15.242 72 INFO cinder.volume.api [None req-370b9f67-e4a9-4b2a-9f85-4d749d65f6bc f19ae293cbfc4ae6a3dca9e213691b30 cc0ce027f7b946f89b49586744d67f89 - - default default] Get all volumes completed successfully.
2025-10-18 03:44:15.266 72 INFO cinder.api.openstack.wsgi [None req-370b9f67-e4a9-4b2a-9f85-4d749d65f6bc f19ae293cbfc4ae6a3dca9e213691b30 cc0ce027f7b946f89b49586744d67f89 - - default default] http://[LB_IP_ADDRESS]:8776/v3/cc0ce027f7b946f89b49586744d67f89/volumes/detail returned with HTTP 200
2025-10-18 03:44:15.278 75 INFO cinder.volume.api [None req-b538c9f4-dd1a-4c23-9ab1-046135b63c50 624c4fea0c6d458fbb2df97b710429a3 31d94df651b448c78db4547cce496b68 - - default default] Create volume request issued successfully.
2025-10-18 03:44:15.283 76 INFO cinder.api.openstack.wsgi [None req-abcdf9a5-31a7-44c1-9d9d-a6249bae801a f19ae293cbfc4ae6a3dca9e213691b30 cc0ce027f7b946f89b49586744d67f89 - - default default] GET http://[LB_IP_ADDRESS]:8776/v3/cc0ce027f7b946f89b49586744d67f89/volumes/d7a76bf8-8c76-46ac-a743-6bf1bdc7c660
