Build Started 14_01_2025_19_26_12
2025-01-14 19:27:06.746 24 INFO cinder.api.openstack.wsgi [None req-e1633c19-f3a5-4325-9425-dfdc4b035c48 6fe6c2fe6e3441f5990cbdcf6413e924 0eac1ff84c4b4af5a7e389a9fdfa4f07 - - default default] GET http://[LB_IP_ADDRESS]:8776/v3/0eac1ff84c4b4af5a7e389a9fdfa4f07/volumes/detail
2025-01-14 19:27:06.769 24 INFO cinder.volume.api [None req-e1633c19-f3a5-4325-9425-dfdc4b035c48 6fe6c2fe6e3441f5990cbdcf6413e924 0eac1ff84c4b4af5a7e389a9fdfa4f07 - - default default] Get all volumes completed successfully.
2025-01-14 19:27:06.774 24 INFO cinder.api.openstack.wsgi [None req-e1633c19-f3a5-4325-9425-dfdc4b035c48 6fe6c2fe6e3441f5990cbdcf6413e924 0eac1ff84c4b4af5a7e389a9fdfa4f07 - - default default] http://[LB_IP_ADDRESS]:8776/v3/0eac1ff84c4b4af5a7e389a9fdfa4f07/volumes/detail returned with HTTP 200
2025-01-14 19:27:06.788 23 INFO cinder.api.openstack.wsgi [req-e1633c19-f3a5-4325-9425-dfdc4b035c48 req-4824b383-5615-4f2c-bc0f-966c46418c5c 6fe6c2fe6e3441f5990cbdcf6413e924 0eac1ff84c4b4af5a7e389a9fdfa4f07 - - default default] GET http://[LB_IP_ADDRESS]:8776/v3/0eac1ff84c4b4af5a7e389a9fdfa4f07/snapshots/detail?all_tenants=True
2025-01-14 19:27:06.800 23 INFO cinder.volume.api [req-e1633c19-f3a5-4325-9425-dfdc4b035c48 req-4824b383-5615-4f2c-bc0f-966c46418c5c 6fe6c2fe6e3441f5990cbdcf6413e924 0eac1ff84c4b4af5a7e389a9fdfa4f07 - - default default] Get all snapshots completed successfully.
2025-01-14 19:27:06.802 23 INFO cinder.api.openstack.wsgi [req-e1633c19-f3a5-4325-9425-dfdc4b035c48 req-4824b383-5615-4f2c-bc0f-966c46418c5c 6fe6c2fe6e3441f5990cbdcf6413e924 0eac1ff84c4b4af5a7e389a9fdfa4f07 - - default default] http://[LB_IP_ADDRESS]:8776/v3/0eac1ff84c4b4af5a7e389a9fdfa4f07/snapshots/detail?all_tenants=True returned with HTTP 200
2025-01-14 19:27:08.798 21 INFO cinder.api.openstack.wsgi [None req-90060207-449f-4809-9550-f6be25599796 6fe6c2fe6e3441f5990cbdcf6413e924 0eac1ff84c4b4af5a7e389a9fdfa4f07 - - default default] GET http://[LB_IP_ADDRESS]:8776/v3/0eac1ff84c4b4af5a7e389a9fdfa4f07/volumes/detail?all_tenants=True
2025-01-14 19:27:08.820 21 INFO cinder.volume.api [None req-90060207-449f-4809-9550-f6be25599796 6fe6c2fe6e3441f5990cbdcf6413e924 0eac1ff84c4b4af5a7e389a9fdfa4f07 - - default default] Get all volumes completed successfully.
2025-01-14 19:27:08.826 21 INFO cinder.api.openstack.wsgi [None req-90060207-449f-4809-9550-f6be25599796 6fe6c2fe6e3441f5990cbdcf6413e924 0eac1ff84c4b4af5a7e389a9fdfa4f07 - - default default] http://[LB_IP_ADDRESS]:8776/v3/0eac1ff84c4b4af5a7e389a9fdfa4f07/volumes/detail?all_tenants=True returned with HTTP 200
2025-01-14 19:27:10.792 25 INFO cinder.api.openstack.wsgi [None req-ecabbd9f-b6ce-461a-b9d7-b6381c1575df 6fe6c2fe6e3441f5990cbdcf6413e924 0eac1ff84c4b4af5a7e389a9fdfa4f07 - - default default] GET http://[LB_IP_ADDRESS]:8776/v3/0eac1ff84c4b4af5a7e389a9fdfa4f07/types?is_public=None
2025-01-14 19:27:10.819 25 INFO cinder.api.openstack.wsgi [None req-ecabbd9f-b6ce-461a-b9d7-b6381c1575df 6fe6c2fe6e3441f5990cbdcf6413e924 0eac1ff84c4b4af5a7e389a9fdfa4f07 - - default default] http://[LB_IP_ADDRESS]:8776/v3/0eac1ff84c4b4af5a7e389a9fdfa4f07/types?is_public=None returned with HTTP 200
2025-01-14 19:27:17.529 22 INFO cinder.api.openstack.wsgi [None req-b307ac1a-1942-4ad4-bbfa-59105313bd88 - - - - - -] GET http://[LB_IP_ADDRESS]:8776/
2025-01-14 19:27:17.562 22 INFO cinder.api.openstack.wsgi [None req-b307ac1a-1942-4ad4-bbfa-59105313bd88 - - - - - -] http://[LB_IP_ADDRESS]:8776/ returned with HTTP 300
2025-01-14 19:27:18.267 24 INFO cinder.api.openstack.wsgi [None req-3bf8fd53-6b23-4d25-9b34-43f3adda7e09 6fe6c2fe6e3441f5990cbdcf6413e924 0eac1ff84c4b4af5a7e389a9fdfa4f07 - - default default] GET http://[LB_IP_ADDRESS]:8776/v3/0eac1ff84c4b4af5a7e389a9fdfa4f07/snapshots
2025-01-14 19:27:18.279 24 INFO cinder.volume.api [None req-3bf8fd53-6b23-4d25-9b34-43f3adda7e09 6fe6c2fe6e3441f5990cbdcf6413e924 0eac1ff84c4b4af5a7e389a9fdfa4f07 - - default default] Get all snapshots completed successfully.
2025-01-14 19:27:18.280 24 INFO cinder.api.openstack.wsgi [None req-3bf8fd53-6b23-4d25-9b34-43f3adda7e09 6fe6c2fe6e3441f5990cbdcf6413e924 0eac1ff84c4b4af5a7e389a9fdfa4f07 - - default default] http://[LB_IP_ADDRESS]:8776/v3/0eac1ff84c4b4af5a7e389a9fdfa4f07/snapshots returned with HTTP 200
2025-01-14 19:27:18.297 23 INFO cinder.api.openstack.wsgi [None req-ee941fda-82fb-4f63-b489-e41bb1308181 6fe6c2fe6e3441f5990cbdcf6413e924 0eac1ff84c4b4af5a7e389a9fdfa4f07 - - default default] GET http://[LB_IP_ADDRESS]:8776/v3/0eac1ff84c4b4af5a7e389a9fdfa4f07/volumes
2025-01-14 19:27:18.317 23 INFO cinder.volume.api [None req-ee941fda-82fb-4f63-b489-e41bb1308181 6fe6c2fe6e3441f5990cbdcf6413e924 0eac1ff84c4b4af5a7e389a9fdfa4f07 - - default default] Get all volumes completed successfully.
2025-01-14 19:27:18.318 23 INFO cinder.api.openstack.wsgi [None req-ee941fda-82fb-4f63-b489-e41bb1308181 6fe6c2fe6e3441f5990cbdcf6413e924 0eac1ff84c4b4af5a7e389a9fdfa4f07 - - default default] http://[LB_IP_ADDRESS]:8776/v3/0eac1ff84c4b4af5a7e389a9fdfa4f07/volumes returned with HTTP 200
2025-01-14 19:27:25.203 21 INFO cinder.api.openstack.wsgi [None req-65706432-10e0-4c11-b38b-0b4ac1e5dd58 52764a7d9e3f48209f0ac0f350d60bdd 12a406582c59402dab98f736182607ba - - default default] POST http://[LB_IP_ADDRESS]:8776/v3/12a406582c59402dab98f736182607ba/volumes
2025-01-14 19:27:25.209 21 INFO cinder.api.v3.volumes [None req-65706432-10e0-4c11-b38b-0b4ac1e5dd58 52764a7d9e3f48209f0ac0f350d60bdd 12a406582c59402dab98f736182607ba - - default default] Create volume of 1 GB
2025-01-14 19:27:25.221 21 INFO cinder.volume.api [None req-65706432-10e0-4c11-b38b-0b4ac1e5dd58 52764a7d9e3f48209f0ac0f350d60bdd 12a406582c59402dab98f736182607ba - - default default] Availability Zones retrieved successfully.
2025-01-14 19:27:25.227 25 INFO cinder.api.openstack.wsgi [req-13686cac-82f1-4010-967a-9561a44bb13c req-b1a8e7b2-7686-42df-95cd-f29f17b7bf72 3b05ad3357734c8d95a2b2b74e5ab8d5 a9d9b42c8e8e4dbfa2542bc22932afb5 - - default default] DELETE http://[LB_IP_ADDRESS]:8776/v3/a9d9b42c8e8e4dbfa2542bc22932afb5/volumes/tempest-invalid-783333237
2025-01-14 19:27:25.228 25 INFO cinder.api.v3.volumes [req-13686cac-82f1-4010-967a-9561a44bb13c req-b1a8e7b2-7686-42df-95cd-f29f17b7bf72 3b05ad3357734c8d95a2b2b74e5ab8d5 a9d9b42c8e8e4dbfa2542bc22932afb5 - - default default] Delete volume with id: tempest-invalid-783333237 
2025-01-14 19:27:25.230 22 INFO cinder.api.openstack.wsgi [req-dbcb3fd8-32d9-4309-b191-ba5d57b10298 req-5b96b47e-e5a1-4181-a392-564ba1d87e1f aa3285ada21140b695f6e97cd1c9750a 8f9cd80d4379463a937ed1d5cca4bbc5 - - default default] POST http://[LB_IP_ADDRESS]:8776/v3/8f9cd80d4379463a937ed1d5cca4bbc5/volumes
2025-01-14 19:27:25.235 22 INFO cinder.api.v3.volumes [req-dbcb3fd8-32d9-4309-b191-ba5d57b10298 req-5b96b47e-e5a1-4181-a392-564ba1d87e1f aa3285ada21140b695f6e97cd1c9750a 8f9cd80d4379463a937ed1d5cca4bbc5 - - default default] Create volume of 1 GB
2025-01-14 19:27:25.243 22 INFO cinder.volume.api [req-dbcb3fd8-32d9-4309-b191-ba5d57b10298 req-5b96b47e-e5a1-4181-a392-564ba1d87e1f aa3285ada21140b695f6e97cd1c9750a 8f9cd80d4379463a937ed1d5cca4bbc5 - - default default] Availability Zones retrieved successfully.
2025-01-14 19:27:25.245 25 INFO cinder.api.openstack.wsgi [req-13686cac-82f1-4010-967a-9561a44bb13c req-b1a8e7b2-7686-42df-95cd-f29f17b7bf72 3b05ad3357734c8d95a2b2b74e5ab8d5 a9d9b42c8e8e4dbfa2542bc22932afb5 - - default default] http://[LB_IP_ADDRESS]:8776/v3/a9d9b42c8e8e4dbfa2542bc22932afb5/volumes/tempest-invalid-783333237 returned with HTTP 404
2025-01-14 19:27:25.416 24 INFO cinder.api.openstack.wsgi [req-3825f1aa-e601-4e0c-afe5-36d7749f586a req-573351cd-a2de-4a0d-aff3-d12d03313d57 3b05ad3357734c8d95a2b2b74e5ab8d5 a9d9b42c8e8e4dbfa2542bc22932afb5 - - default default] DELETE http://[LB_IP_ADDRESS]:8776/v3/a9d9b42c8e8e4dbfa2542bc22932afb5/volumes/ff7623a8-6315-4951-b9a5-6f198d5452f5
2025-01-14 19:27:25.417 24 INFO cinder.api.v3.volumes [req-3825f1aa-e601-4e0c-afe5-36d7749f586a req-573351cd-a2de-4a0d-aff3-d12d03313d57 3b05ad3357734c8d95a2b2b74e5ab8d5 a9d9b42c8e8e4dbfa2542bc22932afb5 - - default default] Delete volume with id: ff7623a8-6315-4951-b9a5-6f198d5452f5 
2025-01-14 19:27:25.431 24 INFO cinder.api.openstack.wsgi [req-3825f1aa-e601-4e0c-afe5-36d7749f586a req-573351cd-a2de-4a0d-aff3-d12d03313d57 3b05ad3357734c8d95a2b2b74e5ab8d5 a9d9b42c8e8e4dbfa2542bc22932afb5 - - default default] http://[LB_IP_ADDRESS]:8776/v3/a9d9b42c8e8e4dbfa2542bc22932afb5/volumes/ff7623a8-6315-4951-b9a5-6f198d5452f5 returned with HTTP 404
2025-01-14 19:27:25.464 23 INFO cinder.api.openstack.wsgi [req-310e80af-c152-4b0d-8413-18f1ad3971b1 req-c9f844a1-a79e-41c5-a11d-ba818304f499 3b05ad3357734c8d95a2b2b74e5ab8d5 a9d9b42c8e8e4dbfa2542bc22932afb5 - - default default] GET http://[LB_IP_ADDRESS]:8776/v3/a9d9b42c8e8e4dbfa2542bc22932afb5/volumes/7bed2f5a-4d95-4e9d-afa0-9a5bab91f18b
2025-01-14 19:27:25.478 23 INFO cinder.api.openstack.wsgi [req-310e80af-c152-4b0d-8413-18f1ad3971b1 req-c9f844a1-a79e-41c5-a11d-ba818304f499 3b05ad3357734c8d95a2b2b74e5ab8d5 a9d9b42c8e8e4dbfa2542bc22932afb5 - - default default] http://[LB_IP_ADDRESS]:8776/v3/a9d9b42c8e8e4dbfa2542bc22932afb5/volumes/7bed2f5a-4d95-4e9d-afa0-9a5bab91f18b returned with HTTP 404
2025-01-14 19:27:25.534 22 INFO cinder.volume.api [req-dbcb3fd8-32d9-4309-b191-ba5d57b10298 req-5b96b47e-e5a1-4181-a392-564ba1d87e1f aa3285ada21140b695f6e97cd1c9750a 8f9cd80d4379463a937ed1d5cca4bbc5 - - default default] Create volume request issued successfully.
2025-01-14 19:27:25.536 22 INFO cinder.api.openstack.wsgi [req-dbcb3fd8-32d9-4309-b191-ba5d57b10298 req-5b96b47e-e5a1-4181-a392-564ba1d87e1f aa3285ada21140b695f6e97cd1c9750a 8f9cd80d4379463a937ed1d5cca4bbc5 - - default default] http://[LB_IP_ADDRESS]:8776/v3/8f9cd80d4379463a937ed1d5cca4bbc5/volumes returned with HTTP 202
2025-01-14 19:27:25.549 25 INFO cinder.api.openstack.wsgi [req-dbcb3fd8-32d9-4309-b191-ba5d57b10298 req-67f8cb0e-ba2c-4e10-b07b-453a5894f075 aa3285ada21140b695f6e97cd1c9750a 8f9cd80d4379463a937ed1d5cca4bbc5 - - default default] GET http://[LB_IP_ADDRESS]:8776/v3/8f9cd80d4379463a937ed1d5cca4bbc5/volumes/dbbf7b5e-97a8-4967-a0aa-5feaffc10d35
2025-01-14 19:27:25.552 21 INFO cinder.volume.api [None req-65706432-10e0-4c11-b38b-0b4ac1e5dd58 52764a7d9e3f48209f0ac0f350d60bdd 12a406582c59402dab98f736182607ba - - default default] Create volume request issued successfully.
2025-01-14 19:27:25.554 21 INFO cinder.api.openstack.wsgi [None req-65706432-10e0-4c11-b38b-0b4ac1e5dd58 52764a7d9e3f48209f0ac0f350d60bdd 12a406582c59402dab98f736182607ba - - default default] http://[LB_IP_ADDRESS]:8776/v3/12a406582c59402dab98f736182607ba/volumes returned with HTTP 202
2025-01-14 19:27:25.574 25 INFO cinder.volume.api [req-dbcb3fd8-32d9-4309-b191-ba5d57b10298 req-67f8cb0e-ba2c-4e10-b07b-453a5894f075 aa3285ada21140b695f6e97cd1c9750a 8f9cd80d4379463a937ed1d5cca4bbc5 - - default default] Volume info retrieved successfully.
2025-01-14 19:27:25.579 24 INFO cinder.api.openstack.wsgi [None req-3defaf19-1e9f-437d-8e36-6dd3dd54bb27 52764a7d9e3f48209f0ac0f350d60bdd 12a406582c59402dab98f736182607ba - - default default] GET http://[LB_IP_ADDRESS]:8776/v3/12a406582c59402dab98f736182607ba/volumes/7756f448-c8d8-42b1-acc5-beb9fa6e37f2
2025-01-14 19:27:25.583 25 INFO cinder.api.openstack.wsgi [req-dbcb3fd8-32d9-4309-b191-ba5d57b10298 req-67f8cb0e-ba2c-4e10-b07b-453a5894f075 aa3285ada21140b695f6e97cd1c9750a 8f9cd80d4379463a937ed1d5cca4bbc5 - - default default] http://[LB_IP_ADDRESS]:8776/v3/8f9cd80d4379463a937ed1d5cca4bbc5/volumes/dbbf7b5e-97a8-4967-a0aa-5feaffc10d35 returned with HTTP 200
2025-01-14 19:27:25.599 24 INFO cinder.volume.api [None req-3defaf19-1e9f-437d-8e36-6dd3dd54bb27 52764a7d9e3f48209f0ac0f350d60bdd 12a406582c59402dab98f736182607ba - - default default] Volume info retrieved successfully.
2025-01-14 19:27:25.607 24 INFO cinder.api.openstack.wsgi [None req-3defaf19-1e9f-437d-8e36-6dd3dd54bb27 52764a7d9e3f48209f0ac0f350d60bdd 12a406582c59402dab98f736182607ba - - default default] http://[LB_IP_ADDRESS]:8776/v3/12a406582c59402dab98f736182607ba/volumes/7756f448-c8d8-42b1-acc5-beb9fa6e37f2 returned with HTTP 200
2025-01-14 19:27:25.620 23 INFO cinder.api.openstack.wsgi [req-7f6595bd-2e0a-40f3-908c-c963ccbcac80 req-1f86753d-f6b3-4e88-aad6-cd57b6833b38 aa3285ada21140b695f6e97cd1c9750a 8f9cd80d4379463a937ed1d5cca4bbc5 - - default default] GET http://[LB_IP_ADDRESS]:8776/v3/8f9cd80d4379463a937ed1d5cca4bbc5/volumes/dbbf7b5e-97a8-4967-a0aa-5feaffc10d35
2025-01-14 19:27:25.644 23 INFO cinder.volume.api [req-7f6595bd-2e0a-40f3-908c-c963ccbcac80 req-1f86753d-f6b3-4e88-aad6-cd57b6833b38 aa3285ada21140b695f6e97cd1c9750a 8f9cd80d4379463a937ed1d5cca4bbc5 - - default default] Volume info retrieved successfully.
2025-01-14 19:27:25.652 23 INFO cinder.api.openstack.wsgi [req-7f6595bd-2e0a-40f3-908c-c963ccbcac80 req-1f86753d-f6b3-4e88-aad6-cd57b6833b38 aa3285ada21140b695f6e97cd1c9750a 8f9cd80d4379463a937ed1d5cca4bbc5 - - default default] http://[LB_IP_ADDRESS]:8776/v3/8f9cd80d4379463a937ed1d5cca4bbc5/volumes/dbbf7b5e-97a8-4967-a0aa-5feaffc10d35 returned with HTTP 200
2025-01-14 19:27:26.641 22 INFO cinder.api.openstack.wsgi [None req-a76373f4-8e7b-4365-8e08-5cfe51734cdf 52764a7d9e3f48209f0ac0f350d60bdd 12a406582c59402dab98f736182607ba - - default default] GET http://[LB_IP_ADDRESS]:8776/v3/12a406582c59402dab98f736182607ba/volumes/7756f448-c8d8-42b1-acc5-beb9fa6e37f2
2025-01-14 19:27:26.669 22 INFO cinder.volume.api [None req-a76373f4-8e7b-4365-8e08-5cfe51734cdf 52764a7d9e3f48209f0ac0f350d60bdd 12a406582c59402dab98f736182607ba - - default default] Volume info retrieved successfully.
2025-01-14 19:27:26.679 22 INFO cinder.api.openstack.wsgi [None req-a76373f4-8e7b-4365-8e08-5cfe51734cdf 52764a7d9e3f48209f0ac0f350d60bdd 12a406582c59402dab98f736182607ba - - default default] http://[LB_IP_ADDRESS]:8776/v3/12a406582c59402dab98f736182607ba/volumes/7756f448-c8d8-42b1-acc5-beb9fa6e37f2 returned with HTTP 200
2025-01-14 19:27:26.692 21 INFO cinder.api.openstack.wsgi [req-8c3a34b2-d5ff-45ad-a5cf-1d00247c6fe7 req-2aef15c2-9343-4704-aa1e-64a5d55e2756 aa3285ada21140b695f6e97cd1c9750a 8f9cd80d4379463a937ed1d5cca4bbc5 - - default default] GET http://[LB_IP_ADDRESS]:8776/v3/8f9cd80d4379463a937ed1d5cca4bbc5/volumes/dbbf7b5e-97a8-4967-a0aa-5feaffc10d35
2025-01-14 19:27:26.717 21 INFO cinder.volume.api [req-8c3a34b2-d5ff-45ad-a5cf-1d00247c6fe7 req-2aef15c2-9343-4704-aa1e-64a5d55e2756 aa3285ada21140b695f6e97cd1c9750a 8f9cd80d4379463a937ed1d5cca4bbc5 - - default default] Volume info retrieved successfully.
2025-01-14 19:27:26.727 21 INFO cinder.api.openstack.wsgi [req-8c3a34b2-d5ff-45ad-a5cf-1d00247c6fe7 req-2aef15c2-9343-4704-aa1e-64a5d55e2756 aa3285ada21140b695f6e97cd1c9750a 8f9cd80d4379463a937ed1d5cca4bbc5 - - default default] http://[LB_IP_ADDRESS]:8776/v3/8f9cd80d4379463a937ed1d5cca4bbc5/volumes/dbbf7b5e-97a8-4967-a0aa-5feaffc10d35 returned with HTTP 200
2025-01-14 19:27:27.709 25 INFO cinder.api.openstack.wsgi [None req-40da5ba5-5401-4e14-9dbc-927ae6c2076f 52764a7d9e3f48209f0ac0f350d60bdd 12a406582c59402dab98f736182607ba - - default default] GET http://[LB_IP_ADDRESS]:8776/v3/12a406582c59402dab98f736182607ba/volumes/7756f448-c8d8-42b1-acc5-beb9fa6e37f2
2025-01-14 19:27:27.733 25 INFO cinder.volume.api [None req-40da5ba5-5401-4e14-9dbc-927ae6c2076f 52764a7d9e3f48209f0ac0f350d60bdd 12a406582c59402dab98f736182607ba - - default default] Volume info retrieved successfully.
2025-01-14 19:27:27.742 25 INFO cinder.api.openstack.wsgi [None req-40da5ba5-5401-4e14-9dbc-927ae6c2076f 52764a7d9e3f48209f0ac0f350d60bdd 12a406582c59402dab98f736182607ba - - default default] http://[LB_IP_ADDRESS]:8776/v3/12a406582c59402dab98f736182607ba/volumes/7756f448-c8d8-42b1-acc5-beb9fa6e37f2 returned with HTTP 200
2025-01-14 19:27:27.765 24 INFO cinder.api.openstack.wsgi [req-7742d8b8-9bc3-4ac6-b9ba-2e864c14d929 req-2a88da1a-8028-4954-b693-c82ded3af575 aa3285ada21140b695f6e97cd1c9750a 8f9cd80d4379463a937ed1d5cca4bbc5 - - default default] GET http://[LB_IP_ADDRESS]:8776/v3/8f9cd80d4379463a937ed1d5cca4bbc5/volumes/dbbf7b5e-97a8-4967-a0aa-5feaffc10d35
2025-01-14 19:27:27.788 23 INFO cinder.api.openstack.wsgi [req-18e6cce3-092a-42c0-99c6-67c8f950451c req-0a1b2b36-2db3-48f4-ae15-47b35176763d 52764a7d9e3f48209f0ac0f350d60bdd 12a406582c59402dab98f736182607ba - - default default] GET http://[LB_IP_ADDRESS]:8776/v3/12a406582c59402dab98f736182607ba/volumes/7756f448-c8d8-42b1-acc5-beb9fa6e37f2
2025-01-14 19:27:27.790 24 INFO cinder.volume.api [req-7742d8b8-9bc3-4ac6-b9ba-2e864c14d929 req-2a88da1a-8028-4954-b693-c82ded3af575 aa3285ada21140b695f6e97cd1c9750a 8f9cd80d4379463a937ed1d5cca4bbc5 - - default default] Volume info retrieved successfully.
2025-01-14 19:27:27.800 24 INFO cinder.api.openstack.wsgi [req-7742d8b8-9bc3-4ac6-b9ba-2e864c14d929 req-2a88da1a-8028-4954-b693-c82ded3af575 aa3285ada21140b695f6e97cd1c9750a 8f9cd80d4379463a937ed1d5cca4bbc5 - - default default] http://[LB_IP_ADDRESS]:8776/v3/8f9cd80d4379463a937ed1d5cca4bbc5/volumes/dbbf7b5e-97a8-4967-a0aa-5feaffc10d35 returned with HTTP 200
2025-01-14 19:27:27.812 23 INFO cinder.volume.api [req-18e6cce3-092a-42c0-99c6-67c8f950451c req-0a1b2b36-2db3-48f4-ae15-47b35176763d 52764a7d9e3f48209f0ac0f350d60bdd 12a406582c59402dab98f736182607ba - - default default] Volume info retrieved successfully.
2025-01-14 19:27:27.821 23 INFO cinder.api.openstack.wsgi [req-18e6cce3-092a-42c0-99c6-67c8f950451c req-0a1b2b36-2db3-48f4-ae15-47b35176763d 52764a7d9e3f48209f0ac0f350d60bdd 12a406582c59402dab98f736182607ba - - default default] http://[LB_IP_ADDRESS]:8776/v3/12a406582c59402dab98f736182607ba/volumes/7756f448-c8d8-42b1-acc5-beb9fa6e37f2 returned with HTTP 200
2025-01-14 19:27:27.841 22 INFO cinder.api.openstack.wsgi [req-328d0775-247d-4c7e-afef-ee54035aec27 req-08b228be-6dbf-442c-991e-fb6e60a073f3 aa3285ada21140b695f6e97cd1c9750a 8f9cd80d4379463a937ed1d5cca4bbc5 - - default default] POST http://[LB_IP_ADDRESS]:8776/v3/8f9cd80d4379463a937ed1d5cca4bbc5/snapshots
2025-01-14 19:27:27.843 21 INFO cinder.api.openstack.wsgi [None req-645048e6-2121-4aab-99a6-b92cff355498 52764a7d9e3f48209f0ac0f350d60bdd 12a406582c59402dab98f736182607ba - - default default] POST http://[LB_IP_ADDRESS]:8776/v3/12a406582c59402dab98f736182607ba/volumes
2025-01-14 19:27:27.847 21 INFO cinder.api.v3.volumes [None req-645048e6-2121-4aab-99a6-b92cff355498 52764a7d9e3f48209f0ac0f350d60bdd 12a406582c59402dab98f736182607ba - - default default] Create volume of 1 GB
2025-01-14 19:27:27.856 21 INFO cinder.volume.api [None req-645048e6-2121-4aab-99a6-b92cff355498 52764a7d9e3f48209f0ac0f350d60bdd 12a406582c59402dab98f736182607ba - - default default] Availability Zones retrieved successfully.
2025-01-14 19:27:27.866 22 INFO cinder.volume.api [req-328d0775-247d-4c7e-afef-ee54035aec27 req-08b228be-6dbf-442c-991e-fb6e60a073f3 aa3285ada21140b695f6e97cd1c9750a 8f9cd80d4379463a937ed1d5cca4bbc5 - - default default] Volume info retrieved successfully.
2025-01-14 19:27:27.867 22 INFO cinder.api.v3.snapshots [req-328d0775-247d-4c7e-afef-ee54035aec27 req-08b228be-6dbf-442c-991e-fb6e60a073f3 aa3285ada21140b695f6e97cd1c9750a 8f9cd80d4379463a937ed1d5cca4bbc5 - - default default] Create snapshot from volume dbbf7b5e-97a8-4967-a0aa-5feaffc10d35
2025-01-14 19:27:28.048 22 INFO cinder.volume.api [req-328d0775-247d-4c7e-afef-ee54035aec27 req-08b228be-6dbf-442c-991e-fb6e60a073f3 aa3285ada21140b695f6e97cd1c9750a 8f9cd80d4379463a937ed1d5cca4bbc5 - - default default] Snapshot create request issued successfully.
2025-01-14 19:27:28.049 22 INFO cinder.api.openstack.wsgi [req-328d0775-247d-4c7e-afef-ee54035aec27 req-08b228be-6dbf-442c-991e-fb6e60a073f3 aa3285ada21140b695f6e97cd1c9750a 8f9cd80d4379463a937ed1d5cca4bbc5 - - default default] http://[LB_IP_ADDRESS]:8776/v3/8f9cd80d4379463a937ed1d5cca4bbc5/snapshots returned with HTTP 202
2025-01-14 19:27:28.085 25 INFO cinder.api.openstack.wsgi [req-60e037ea-355a-4496-9512-7ea05e2fea16 req-15e905a2-ac61-4e9a-adbb-81faa8b9921b aa3285ada21140b695f6e97cd1c9750a 8f9cd80d4379463a937ed1d5cca4bbc5 - - default default] GET http://[LB_IP_ADDRESS]:8776/v3/8f9cd80d4379463a937ed1d5cca4bbc5/snapshots/739ccc06-a4d1-49b6-ae56-016d8c19f8d0
2025-01-14 19:27:28.097 25 INFO cinder.volume.api [req-60e037ea-355a-4496-9512-7ea05e2fea16 req-15e905a2-ac61-4e9a-adbb-81faa8b9921b aa3285ada21140b695f6e97cd1c9750a 8f9cd80d4379463a937ed1d5cca4bbc5 - - default default] Snapshot retrieved successfully.
2025-01-14 19:27:28.099 25 INFO cinder.api.openstack.wsgi [req-60e037ea-355a-4496-9512-7ea05e2fea16 req-15e905a2-ac61-4e9a-adbb-81faa8b9921b aa3285ada21140b695f6e97cd1c9750a 8f9cd80d4379463a937ed1d5cca4bbc5 - - default default] http://[LB_IP_ADDRESS]:8776/v3/8f9cd80d4379463a937ed1d5cca4bbc5/snapshots/739ccc06-a4d1-49b6-ae56-016d8c19f8d0 returned with HTTP 200
2025-01-14 19:27:28.132 24 INFO cinder.api.openstack.wsgi [req-89e1dc42-9b38-43a8-ac72-18b8f3703601 req-1d6defd8-b6fa-49fc-bea0-b2c432aba656 aa3285ada21140b695f6e97cd1c9750a 8f9cd80d4379463a937ed1d5cca4bbc5 - - default default] GET http://[LB_IP_ADDRESS]:8776/v3/8f9cd80d4379463a937ed1d5cca4bbc5/snapshots/detail
2025-01-14 19:27:28.142 24 INFO cinder.volume.api [req-89e1dc42-9b38-43a8-ac72-18b8f3703601 req-1d6defd8-b6fa-49fc-bea0-b2c432aba656 aa3285ada21140b695f6e97cd1c9750a 8f9cd80d4379463a937ed1d5cca4bbc5 - - default default] Get all snapshots completed successfully.
2025-01-14 19:27:28.144 24 INFO cinder.api.openstack.wsgi [req-89e1dc42-9b38-43a8-ac72-18b8f3703601 req-1d6defd8-b6fa-49fc-bea0-b2c432aba656 aa3285ada21140b695f6e97cd1c9750a 8f9cd80d4379463a937ed1d5cca4bbc5 - - default default] http://[LB_IP_ADDRESS]:8776/v3/8f9cd80d4379463a937ed1d5cca4bbc5/snapshots/detail returned with HTTP 200
2025-01-14 19:27:28.175 21 INFO cinder.volume.api [None req-645048e6-2121-4aab-99a6-b92cff355498 52764a7d9e3f48209f0ac0f350d60bdd 12a406582c59402dab98f736182607ba - - default default] Create volume request issued successfully.
2025-01-14 19:27:28.177 21 INFO cinder.api.openstack.wsgi [None req-645048e6-2121-4aab-99a6-b92cff355498 52764a7d9e3f48209f0ac0f350d60bdd 12a406582c59402dab98f736182607ba - - default default] http://[LB_IP_ADDRESS]:8776/v3/12a406582c59402dab98f736182607ba/volumes returned with HTTP 202
2025-01-14 19:27:28.181 23 INFO cinder.api.openstack.wsgi [req-2801d6a3-e785-47ff-82d7-2efa2dbbeebd req-af53a8a1-21dd-4ea3-9292-d99d1637ba25 aa3285ada21140b695f6e97cd1c9750a 8f9cd80d4379463a937ed1d5cca4bbc5 - - default default] GET http://[LB_IP_ADDRESS]:8776/v3/8f9cd80d4379463a937ed1d5cca4bbc5/snapshots/739ccc06-a4d1-49b6-ae56-016d8c19f8d0
2025-01-14 19:27:28.194 23 INFO cinder.volume.api [req-2801d6a3-e785-47ff-82d7-2efa2dbbeebd req-af53a8a1-21dd-4ea3-9292-d99d1637ba25 aa3285ada21140b695f6e97cd1c9750a 8f9cd80d4379463a937ed1d5cca4bbc5 - - default default] Snapshot retrieved successfully.
2025-01-14 19:27:28.196 23 INFO cinder.api.openstack.wsgi [req-2801d6a3-e785-47ff-82d7-2efa2dbbeebd req-af53a8a1-21dd-4ea3-9292-d99d1637ba25 aa3285ada21140b695f6e97cd1c9750a 8f9cd80d4379463a937ed1d5cca4bbc5 - - default default] http://[LB_IP_ADDRESS]:8776/v3/8f9cd80d4379463a937ed1d5cca4bbc5/snapshots/739ccc06-a4d1-49b6-ae56-016d8c19f8d0 returned with HTTP 200
2025-01-14 19:27:28.203 22 INFO cinder.api.openstack.wsgi [None req-cfdcf076-7f99-4ac4-8b36-5be3d528eaeb 52764a7d9e3f48209f0ac0f350d60bdd 12a406582c59402dab98f736182607ba - - default default] GET http://[LB_IP_ADDRESS]:8776/v3/12a406582c59402dab98f736182607ba/volumes/691e6a1c-bb9a-4ee4-a92f-a8bfcf600613
2025-01-14 19:27:28.224 22 INFO cinder.volume.api [None req-cfdcf076-7f99-4ac4-8b36-5be3d528eaeb 52764a7d9e3f48209f0ac0f350d60bdd 12a406582c59402dab98f736182607ba - - default default] Volume info retrieved successfully.
2025-01-14 19:27:28.231 22 INFO cinder.api.openstack.wsgi [None req-cfdcf076-7f99-4ac4-8b36-5be3d528eaeb 52764a7d9e3f48209f0ac0f350d60bdd 12a406582c59402dab98f736182607ba - - default default] http://[LB_IP_ADDRESS]:8776/v3/12a406582c59402dab98f736182607ba/volumes/691e6a1c-bb9a-4ee4-a92f-a8bfcf600613 returned with HTTP 200
2025-01-14 19:27:29.233 25 INFO cinder.api.openstack.wsgi [req-3bf585d6-cbac-4399-866b-eb6c1c185344 req-276ba07a-d256-46f9-b855-bd5bc6ab60bd aa3285ada21140b695f6e97cd1c9750a 8f9cd80d4379463a937ed1d5cca4bbc5 - - default default] GET http://[LB_IP_ADDRESS]:8776/v3/8f9cd80d4379463a937ed1d5cca4bbc5/snapshots/739ccc06-a4d1-49b6-ae56-016d8c19f8d0
2025-01-14 19:27:29.247 25 INFO cinder.volume.api [req-3bf585d6-cbac-4399-866b-eb6c1c185344 req-276ba07a-d256-46f9-b855-bd5bc6ab60bd aa3285ada21140b695f6e97cd1c9750a 8f9cd80d4379463a937ed1d5cca4bbc5 - - default default] Snapshot retrieved successfully.
2025-01-14 19:27:29.249 25 INFO cinder.api.openstack.wsgi [req-3bf585d6-cbac-4399-866b-eb6c1c185344 req-276ba07a-d256-46f9-b855-bd5bc6ab60bd aa3285ada21140b695f6e97cd1c9750a 8f9cd80d4379463a937ed1d5cca4bbc5 - - default default] http://[LB_IP_ADDRESS]:8776/v3/8f9cd80d4379463a937ed1d5cca4bbc5/snapshots/739ccc06-a4d1-49b6-ae56-016d8c19f8d0 returned with HTTP 200
2025-01-14 19:27:29.259 24 INFO cinder.api.openstack.wsgi [None req-896c4465-b002-45df-84e8-a6abbab77bc4 52764a7d9e3f48209f0ac0f350d60bdd 12a406582c59402dab98f736182607ba - - default default] GET http://[LB_IP_ADDRESS]:8776/v3/12a406582c59402dab98f736182607ba/volumes/691e6a1c-bb9a-4ee4-a92f-a8bfcf600613
2025-01-14 19:27:29.286 24 INFO cinder.volume.api [None req-896c4465-b002-45df-84e8-a6abbab77bc4 52764a7d9e3f48209f0ac0f350d60bdd 12a406582c59402dab98f736182607ba - - default default] Volume info retrieved successfully.
2025-01-14 19:27:29.295 24 INFO cinder.api.openstack.wsgi [None req-896c4465-b002-45df-84e8-a6abbab77bc4 52764a7d9e3f48209f0ac0f350d60bdd 12a406582c59402dab98f736182607ba - - default default] http://[LB_IP_ADDRESS]:8776/v3/12a406582c59402dab98f736182607ba/volumes/691e6a1c-bb9a-4ee4-a92f-a8bfcf600613 returned with HTTP 200
2025-01-14 19:27:30.285 21 INFO cinder.api.openstack.wsgi [req-0c39c267-c944-48fc-ab5d-7b817af9da60 req-4ba4bf5a-9668-4a41-8caa-198f1c3a7600 aa3285ada21140b695f6e97cd1c9750a 8f9cd80d4379463a937ed1d5cca4bbc5 - - default default] GET http://[LB_IP_ADDRESS]:8776/v3/8f9cd80d4379463a937ed1d5cca4bbc5/snapshots/739ccc06-a4d1-49b6-ae56-016d8c19f8d0
2025-01-14 19:27:30.298 21 INFO cinder.volume.api [req-0c39c267-c944-48fc-ab5d-7b817af9da60 req-4ba4bf5a-9668-4a41-8caa-198f1c3a7600 aa3285ada21140b695f6e97cd1c9750a 8f9cd80d4379463a937ed1d5cca4bbc5 - - default default] Snapshot retrieved successfully.
2025-01-14 19:27:30.300 21 INFO cinder.api.openstack.wsgi [req-0c39c267-c944-48fc-ab5d-7b817af9da60 req-4ba4bf5a-9668-4a41-8caa-198f1c3a7600 aa3285ada21140b695f6e97cd1c9750a 8f9cd80d4379463a937ed1d5cca4bbc5 - - default default] http://[LB_IP_ADDRESS]:8776/v3/8f9cd80d4379463a937ed1d5cca4bbc5/snapshots/739ccc06-a4d1-49b6-ae56-016d8c19f8d0 returned with HTTP 200
2025-01-14 19:27:30.324 23 INFO cinder.api.openstack.wsgi [None req-a9c31bf5-27e5-4bc5-a9aa-f53251619505 52764a7d9e3f48209f0ac0f350d60bdd 12a406582c59402dab98f736182607ba - - default default] GET http://[LB_IP_ADDRESS]:8776/v3/12a406582c59402dab98f736182607ba/volumes/691e6a1c-bb9a-4ee4-a92f-a8bfcf600613
2025-01-14 19:27:30.332 22 INFO cinder.api.openstack.wsgi [req-402b33b3-faab-48af-8845-c992d6caa878 req-46f5a844-bd7b-4a1c-8c23-424573d42d2a aa3285ada21140b695f6e97cd1c9750a 8f9cd80d4379463a937ed1d5cca4bbc5 - - default default] DELETE http://[LB_IP_ADDRESS]:8776/v3/8f9cd80d4379463a937ed1d5cca4bbc5/snapshots/739ccc06-a4d1-49b6-ae56-016d8c19f8d0
2025-01-14 19:27:30.333 22 INFO cinder.api.v2.snapshots [req-402b33b3-faab-48af-8845-c992d6caa878 req-46f5a844-bd7b-4a1c-8c23-424573d42d2a aa3285ada21140b695f6e97cd1c9750a 8f9cd80d4379463a937ed1d5cca4bbc5 - - default default] Delete snapshot with id: 739ccc06-a4d1-49b6-ae56-016d8c19f8d0
2025-01-14 19:27:30.345 22 INFO cinder.volume.api [req-402b33b3-faab-48af-8845-c992d6caa878 req-46f5a844-bd7b-4a1c-8c23-424573d42d2a aa3285ada21140b695f6e97cd1c9750a 8f9cd80d4379463a937ed1d5cca4bbc5 - - default default] Snapshot retrieved successfully.
2025-01-14 19:27:30.351 23 INFO cinder.volume.api [None req-a9c31bf5-27e5-4bc5-a9aa-f53251619505 52764a7d9e3f48209f0ac0f350d60bdd 12a406582c59402dab98f736182607ba - - default default] Volume info retrieved successfully.
2025-01-14 19:27:30.360 23 INFO cinder.api.openstack.wsgi [None req-a9c31bf5-27e5-4bc5-a9aa-f53251619505 52764a7d9e3f48209f0ac0f350d60bdd 12a406582c59402dab98f736182607ba - - default default] http://[LB_IP_ADDRESS]:8776/v3/12a406582c59402dab98f736182607ba/volumes/691e6a1c-bb9a-4ee4-a92f-a8bfcf600613 returned with HTTP 200
2025-01-14 19:27:30.379 22 INFO cinder.volume.api [req-402b33b3-faab-48af-8845-c992d6caa878 req-46f5a844-bd7b-4a1c-8c23-424573d42d2a aa3285ada21140b695f6e97cd1c9750a 8f9cd80d4379463a937ed1d5cca4bbc5 - - default default] Snapshot delete request issued successfully.
2025-01-14 19:27:30.380 22 INFO cinder.api.openstack.wsgi [req-402b33b3-faab-48af-8845-c992d6caa878 req-46f5a844-bd7b-4a1c-8c23-424573d42d2a aa3285ada21140b695f6e97cd1c9750a 8f9cd80d4379463a937ed1d5cca4bbc5 - - default default] http://[LB_IP_ADDRESS]:8776/v3/8f9cd80d4379463a937ed1d5cca4bbc5/snapshots/739ccc06-a4d1-49b6-ae56-016d8c19f8d0 returned with HTTP 202
2025-01-14 19:27:30.404 25 INFO cinder.api.openstack.wsgi [req-2bfa1427-2707-41af-b80b-e7c863b45ae7 req-74386381-520d-4721-980f-2eafb9839ba3 52764a7d9e3f48209f0ac0f350d60bdd 12a406582c59402dab98f736182607ba - - default default] GET http://[LB_IP_ADDRESS]:8776/v3/12a406582c59402dab98f736182607ba/volumes/691e6a1c-bb9a-4ee4-a92f-a8bfcf600613
2025-01-14 19:27:30.411 24 INFO cinder.api.openstack.wsgi [req-b09cc9a6-dea2-4a87-bc39-86c98c3aff28 req-d52c0107-4d20-487b-9a8d-33cffba88c26 aa3285ada21140b695f6e97cd1c9750a 8f9cd80d4379463a937ed1d5cca4bbc5 - - default default] GET http://[LB_IP_ADDRESS]:8776/v3/8f9cd80d4379463a937ed1d5cca4bbc5/snapshots/739ccc06-a4d1-49b6-ae56-016d8c19f8d0
2025-01-14 19:27:30.424 24 INFO cinder.volume.api [req-b09cc9a6-dea2-4a87-bc39-86c98c3aff28 req-d52c0107-4d20-487b-9a8d-33cffba88c26 aa3285ada21140b695f6e97cd1c9750a 8f9cd80d4379463a937ed1d5cca4bbc5 - - default default] Snapshot retrieved successfully.
2025-01-14 19:27:30.426 24 INFO cinder.api.openstack.wsgi [req-b09cc9a6-dea2-4a87-bc39-86c98c3aff28 req-d52c0107-4d20-487b-9a8d-33cffba88c26 aa3285ada21140b695f6e97cd1c9750a 8f9cd80d4379463a937ed1d5cca4bbc5 - - default default] http://[LB_IP_ADDRESS]:8776/v3/8f9cd80d4379463a937ed1d5cca4bbc5/snapshots/739ccc06-a4d1-49b6-ae56-016d8c19f8d0 returned with HTTP 200
2025-01-14 19:27:30.429 25 INFO cinder.volume.api [req-2bfa1427-2707-41af-b80b-e7c863b45ae7 req-74386381-520d-4721-980f-2eafb9839ba3 52764a7d9e3f48209f0ac0f350d60bdd 12a406582c59402dab98f736182607ba - - default default] Volume info retrieved successfully.
2025-01-14 19:27:30.438 25 INFO cinder.api.openstack.wsgi [req-2bfa1427-2707-41af-b80b-e7c863b45ae7 req-74386381-520d-4721-980f-2eafb9839ba3 52764a7d9e3f48209f0ac0f350d60bdd 12a406582c59402dab98f736182607ba - - default default] http://[LB_IP_ADDRESS]:8776/v3/12a406582c59402dab98f736182607ba/volumes/691e6a1c-bb9a-4ee4-a92f-a8bfcf600613 returned with HTTP 200
2025-01-14 19:27:30.458 21 INFO cinder.api.openstack.wsgi [None req-9e9064ca-48a8-4153-82dc-36d4870311ab 52764a7d9e3f48209f0ac0f350d60bdd 12a406582c59402dab98f736182607ba - - default default] POST http://[LB_IP_ADDRESS]:8776/v3/12a406582c59402dab98f736182607ba/volumes
2025-01-14 19:27:30.463 21 INFO cinder.api.v3.volumes [None req-9e9064ca-48a8-4153-82dc-36d4870311ab 52764a7d9e3f48209f0ac0f350d60bdd 12a406582c59402dab98f736182607ba - - default default] Create volume of 1 GB
2025-01-14 19:27:30.472 21 INFO cinder.volume.api [None req-9e9064ca-48a8-4153-82dc-36d4870311ab 52764a7d9e3f48209f0ac0f350d60bdd 12a406582c59402dab98f736182607ba - - default default] Availability Zones retrieved successfully.
2025-01-14 19:27:30.734 23 INFO cinder.api.openstack.wsgi [None req-bee8d239-0a75-4a2f-a835-295027753cbc c71e5023aec94ef8abc66489291a86fe 7a31d2679886426a9146f9718861dfd8 - - default default] POST http://[LB_IP_ADDRESS]:8776/v3/7a31d2679886426a9146f9718861dfd8/group_types
2025-01-14 19:27:30.756 21 INFO cinder.volume.api [None req-9e9064ca-48a8-4153-82dc-36d4870311ab 52764a7d9e3f48209f0ac0f350d60bdd 12a406582c59402dab98f736182607ba - - default default] Create volume request issued successfully.
2025-01-14 19:27:30.758 21 INFO cinder.api.openstack.wsgi [None req-9e9064ca-48a8-4153-82dc-36d4870311ab 52764a7d9e3f48209f0ac0f350d60bdd 12a406582c59402dab98f736182607ba - - default default] http://[LB_IP_ADDRESS]:8776/v3/12a406582c59402dab98f736182607ba/volumes returned with HTTP 202
2025-01-14 19:27:30.765 23 INFO cinder.api.openstack.wsgi [None req-bee8d239-0a75-4a2f-a835-295027753cbc c71e5023aec94ef8abc66489291a86fe 7a31d2679886426a9146f9718861dfd8 - - default default] http://[LB_IP_ADDRESS]:8776/v3/7a31d2679886426a9146f9718861dfd8/group_types returned with HTTP 202
2025-01-14 19:27:30.780 22 INFO cinder.api.openstack.wsgi [None req-74e06f96-70b1-4e48-a17b-0a0df5ecc796 c71e5023aec94ef8abc66489291a86fe 7a31d2679886426a9146f9718861dfd8 - - default default] GET http://[LB_IP_ADDRESS]:8776/v3/7a31d2679886426a9146f9718861dfd8/group_types
2025-01-14 19:27:30.782 24 INFO cinder.api.openstack.wsgi [None req-759de8f8-79cd-423a-b19a-3fce25b8f625 52764a7d9e3f48209f0ac0f350d60bdd 12a406582c59402dab98f736182607ba - - default default] GET http://[LB_IP_ADDRESS]:8776/v3/12a406582c59402dab98f736182607ba/volumes/6c2bb427-d43b-43c6-8834-a21420d6d1c1
2025-01-14 19:27:30.798 22 INFO cinder.api.openstack.wsgi [None req-74e06f96-70b1-4e48-a17b-0a0df5ecc796 c71e5023aec94ef8abc66489291a86fe 7a31d2679886426a9146f9718861dfd8 - - default default] http://[LB_IP_ADDRESS]:8776/v3/7a31d2679886426a9146f9718861dfd8/group_types returned with HTTP 200
2025-01-14 19:27:30.806 24 INFO cinder.volume.api [None req-759de8f8-79cd-423a-b19a-3fce25b8f625 52764a7d9e3f48209f0ac0f350d60bdd 12a406582c59402dab98f736182607ba - - default default] Volume info retrieved successfully.
2025-01-14 19:27:30.813 25 INFO cinder.api.openstack.wsgi [None req-4164f4e0-47c9-4d3a-a790-639ab81f5372 c71e5023aec94ef8abc66489291a86fe 7a31d2679886426a9146f9718861dfd8 - - default default] PUT http://[LB_IP_ADDRESS]:8776/v3/7a31d2679886426a9146f9718861dfd8/group_types/ada94592-bced-488a-ae10-42d83091ac24
2025-01-14 19:27:30.815 24 INFO cinder.api.openstack.wsgi [None req-759de8f8-79cd-423a-b19a-3fce25b8f625 52764a7d9e3f48209f0ac0f350d60bdd 12a406582c59402dab98f736182607ba - - default default] http://[LB_IP_ADDRESS]:8776/v3/12a406582c59402dab98f736182607ba/volumes/6c2bb427-d43b-43c6-8834-a21420d6d1c1 returned with HTTP 200
2025-01-14 19:27:30.838 25 INFO cinder.api.openstack.wsgi [None req-4164f4e0-47c9-4d3a-a790-639ab81f5372 c71e5023aec94ef8abc66489291a86fe 7a31d2679886426a9146f9718861dfd8 - - default default] http://[LB_IP_ADDRESS]:8776/v3/7a31d2679886426a9146f9718861dfd8/group_types/ada94592-bced-488a-ae10-42d83091ac24 returned with HTTP 200
2025-01-14 19:27:30.854 21 INFO cinder.api.openstack.wsgi [None req-803a661b-81dc-4731-94d1-4d221837336e c71e5023aec94ef8abc66489291a86fe 7a31d2679886426a9146f9718861dfd8 - - default default] GET http://[LB_IP_ADDRESS]:8776/v3/7a31d2679886426a9146f9718861dfd8/group_types/ada94592-bced-488a-ae10-42d83091ac24
2025-01-14 19:27:30.864 21 INFO cinder.api.openstack.wsgi [None req-803a661b-81dc-4731-94d1-4d221837336e c71e5023aec94ef8abc66489291a86fe 7a31d2679886426a9146f9718861dfd8 - - default default] http://[LB_IP_ADDRESS]:8776/v3/7a31d2679886426a9146f9718861dfd8/group_types/ada94592-bced-488a-ae10-42d83091ac24 returned with HTTP 200
2025-01-14 19:27:30.879 23 INFO cinder.api.openstack.wsgi [None req-c2c83e07-a298-4e44-9144-a1120b10f9cf c71e5023aec94ef8abc66489291a86fe 7a31d2679886426a9146f9718861dfd8 - - default default] DELETE http://[LB_IP_ADDRESS]:8776/v3/7a31d2679886426a9146f9718861dfd8/group_types/ada94592-bced-488a-ae10-42d83091ac24
2025-01-14 19:27:30.901 23 INFO cinder.api.openstack.wsgi [None req-c2c83e07-a298-4e44-9144-a1120b10f9cf c71e5023aec94ef8abc66489291a86fe 7a31d2679886426a9146f9718861dfd8 - - default default] http://[LB_IP_ADDRESS]:8776/v3/7a31d2679886426a9146f9718861dfd8/group_types/ada94592-bced-488a-ae10-42d83091ac24 returned with HTTP 202
2025-01-14 19:27:30.914 22 INFO cinder.api.openstack.wsgi [None req-bfd3465c-87cf-43af-8697-d29c16575bc4 c71e5023aec94ef8abc66489291a86fe 7a31d2679886426a9146f9718861dfd8 - - default default] GET http://[LB_IP_ADDRESS]:8776/v3/7a31d2679886426a9146f9718861dfd8/group_types
2025-01-14 19:27:30.930 22 INFO cinder.api.openstack.wsgi [None req-bfd3465c-87cf-43af-8697-d29c16575bc4 c71e5023aec94ef8abc66489291a86fe 7a31d2679886426a9146f9718861dfd8 - - default default] http://[LB_IP_ADDRESS]:8776/v3/7a31d2679886426a9146f9718861dfd8/group_types returned with HTTP 200
2025-01-14 19:27:30.946 24 INFO cinder.api.openstack.wsgi [None req-2c457fe5-43bb-4291-b3f2-73a27b9b7ae2 c71e5023aec94ef8abc66489291a86fe 7a31d2679886426a9146f9718861dfd8 - - default default] POST http://[LB_IP_ADDRESS]:8776/v3/7a31d2679886426a9146f9718861dfd8/group_types
2025-01-14 19:27:30.982 24 INFO cinder.api.openstack.wsgi [None req-2c457fe5-43bb-4291-b3f2-73a27b9b7ae2 c71e5023aec94ef8abc66489291a86fe 7a31d2679886426a9146f9718861dfd8 - - default default] http://[LB_IP_ADDRESS]:8776/v3/7a31d2679886426a9146f9718861dfd8/group_types returned with HTTP 202
2025-01-14 19:27:30.997 25 INFO cinder.api.openstack.wsgi [None req-35c69cb9-509b-4456-9163-35a983eb683d c71e5023aec94ef8abc66489291a86fe 7a31d2679886426a9146f9718861dfd8 - - default default] POST http://[LB_IP_ADDRESS]:8776/v3/7a31d2679886426a9146f9718861dfd8/group_types
2025-01-14 19:27:31.028 25 INFO cinder.api.openstack.wsgi [None req-35c69cb9-509b-4456-9163-35a983eb683d c71e5023aec94ef8abc66489291a86fe 7a31d2679886426a9146f9718861dfd8 - - default default] http://[LB_IP_ADDRESS]:8776/v3/7a31d2679886426a9146f9718861dfd8/group_types returned with HTTP 202
2025-01-14 19:27:31.043 21 INFO cinder.api.openstack.wsgi [None req-47c6b2b8-5830-4515-b68e-8b772ab3aa89 c71e5023aec94ef8abc66489291a86fe 7a31d2679886426a9146f9718861dfd8 - - default default] GET http://[LB_IP_ADDRESS]:8776/v3/7a31d2679886426a9146f9718861dfd8/group_types?sort=name%3Aasc&is_public=None
2025-01-14 19:27:31.059 21 INFO cinder.api.openstack.wsgi [None req-47c6b2b8-5830-4515-b68e-8b772ab3aa89 c71e5023aec94ef8abc66489291a86fe 7a31d2679886426a9146f9718861dfd8 - - default default] http://[LB_IP_ADDRESS]:8776/v3/7a31d2679886426a9146f9718861dfd8/group_types?sort=name%3Aasc&is_public=None returned with HTTP 200
2025-01-14 19:27:31.074 23 INFO cinder.api.openstack.wsgi [None req-98f325d7-0895-4e8c-b0bb-67623ee3a6eb c71e5023aec94ef8abc66489291a86fe 7a31d2679886426a9146f9718861dfd8 - - default default] GET http://[LB_IP_ADDRESS]:8776/v3/7a31d2679886426a9146f9718861dfd8/group_types?sort=name%3Adesc&is_public=None
2025-01-14 19:27:31.088 23 INFO cinder.api.openstack.wsgi [None req-98f325d7-0895-4e8c-b0bb-67623ee3a6eb c71e5023aec94ef8abc66489291a86fe 7a31d2679886426a9146f9718861dfd8 - - default default] http://[LB_IP_ADDRESS]:8776/v3/7a31d2679886426a9146f9718861dfd8/group_types?sort=name%3Adesc&is_public=None returned with HTTP 200
2025-01-14 19:27:31.104 22 INFO cinder.api.openstack.wsgi [None req-b97a40d2-f07a-402e-aa86-edff8e0e56af c71e5023aec94ef8abc66489291a86fe 7a31d2679886426a9146f9718861dfd8 - - default default] GET http://[LB_IP_ADDRESS]:8776/v3/7a31d2679886426a9146f9718861dfd8/group_types?is_public=False
2025-01-14 19:27:31.117 22 INFO cinder.api.openstack.wsgi [None req-b97a40d2-f07a-402e-aa86-edff8e0e56af c71e5023aec94ef8abc66489291a86fe 7a31d2679886426a9146f9718861dfd8 - - default default] http://[LB_IP_ADDRESS]:8776/v3/7a31d2679886426a9146f9718861dfd8/group_types?is_public=False returned with HTTP 200
2025-01-14 19:27:31.131 24 INFO cinder.api.openstack.wsgi [None req-7678ee58-8b93-4697-93ed-18a923b7ef36 c71e5023aec94ef8abc66489291a86fe 7a31d2679886426a9146f9718861dfd8 - - default default] GET http://[LB_IP_ADDRESS]:8776/v3/7a31d2679886426a9146f9718861dfd8/group_types?is_public=True
2025-01-14 19:27:31.149 24 INFO cinder.api.openstack.wsgi [None req-7678ee58-8b93-4697-93ed-18a923b7ef36 c71e5023aec94ef8abc66489291a86fe 7a31d2679886426a9146f9718861dfd8 - - default default] http://[LB_IP_ADDRESS]:8776/v3/7a31d2679886426a9146f9718861dfd8/group_types?is_public=True returned with HTTP 200
2025-01-14 19:27:31.165 25 INFO cinder.api.openstack.wsgi [None req-0c3cea42-45f5-42fc-ba2f-f155bd7002ea c71e5023aec94ef8abc66489291a86fe 7a31d2679886426a9146f9718861dfd8 - - default default] DELETE http://[LB_IP_ADDRESS]:8776/v3/7a31d2679886426a9146f9718861dfd8/group_types/afb55ffc-0644-4c50-9a81-7c9a04b19188
2025-01-14 19:27:31.189 25 INFO cinder.api.openstack.wsgi [None req-0c3cea42-45f5-42fc-ba2f-f155bd7002ea c71e5023aec94ef8abc66489291a86fe 7a31d2679886426a9146f9718861dfd8 - - default default] http://[LB_IP_ADDRESS]:8776/v3/7a31d2679886426a9146f9718861dfd8/group_types/afb55ffc-0644-4c50-9a81-7c9a04b19188 returned with HTTP 202
2025-01-14 19:27:31.201 21 INFO cinder.api.openstack.wsgi [None req-a60cc625-c63a-4a2d-b1cb-5e09f70a5ce4 c71e5023aec94ef8abc66489291a86fe 7a31d2679886426a9146f9718861dfd8 - - default default] DELETE http://[LB_IP_ADDRESS]:8776/v3/7a31d2679886426a9146f9718861dfd8/group_types/d852cceb-a4de-48b0-a9da-5132aa2d1de9
2025-01-14 19:27:31.227 21 INFO cinder.api.openstack.wsgi [None req-a60cc625-c63a-4a2d-b1cb-5e09f70a5ce4 c71e5023aec94ef8abc66489291a86fe 7a31d2679886426a9146f9718861dfd8 - - default default] http://[LB_IP_ADDRESS]:8776/v3/7a31d2679886426a9146f9718861dfd8/group_types/d852cceb-a4de-48b0-a9da-5132aa2d1de9 returned with HTTP 202
2025-01-14 19:27:31.463 23 INFO cinder.api.openstack.wsgi [req-5559ccca-7940-45b4-ae9b-6c9987202e39 req-a5442db1-ff0f-4d96-b490-fb94ca109f4d aa3285ada21140b695f6e97cd1c9750a 8f9cd80d4379463a937ed1d5cca4bbc5 - - default default] GET http://[LB_IP_ADDRESS]:8776/v3/8f9cd80d4379463a937ed1d5cca4bbc5/snapshots/739ccc06-a4d1-49b6-ae56-016d8c19f8d0
2025-01-14 19:27:31.475 23 INFO cinder.api.openstack.wsgi [req-5559ccca-7940-45b4-ae9b-6c9987202e39 req-a5442db1-ff0f-4d96-b490-fb94ca109f4d aa3285ada21140b695f6e97cd1c9750a 8f9cd80d4379463a937ed1d5cca4bbc5 - - default default] http://[LB_IP_ADDRESS]:8776/v3/8f9cd80d4379463a937ed1d5cca4bbc5/snapshots/739ccc06-a4d1-49b6-ae56-016d8c19f8d0 returned with HTTP 404
2025-01-14 19:27:31.506 22 INFO cinder.api.openstack.wsgi [req-10ff7478-466e-48fb-92a8-906ae1adea06 req-d5a651cc-6fc2-44ce-a14c-134bf87dc28a aa3285ada21140b695f6e97cd1c9750a 8f9cd80d4379463a937ed1d5cca4bbc5 - - default default] DELETE http://[LB_IP_ADDRESS]:8776/v3/8f9cd80d4379463a937ed1d5cca4bbc5/volumes/dbbf7b5e-97a8-4967-a0aa-5feaffc10d35
2025-01-14 19:27:31.507 22 INFO cinder.api.v3.volumes [req-10ff7478-466e-48fb-92a8-906ae1adea06 req-d5a651cc-6fc2-44ce-a14c-134bf87dc28a aa3285ada21140b695f6e97cd1c9750a 8f9cd80d4379463a937ed1d5cca4bbc5 - - default default] Delete volume with id: dbbf7b5e-97a8-4967-a0aa-5feaffc10d35 
2025-01-14 19:27:31.525 22 INFO cinder.volume.api [req-10ff7478-466e-48fb-92a8-906ae1adea06 req-d5a651cc-6fc2-44ce-a14c-134bf87dc28a aa3285ada21140b695f6e97cd1c9750a 8f9cd80d4379463a937ed1d5cca4bbc5 - - default default] Volume info retrieved successfully.
2025-01-14 19:27:31.558 22 INFO cinder.volume.api [req-10ff7478-466e-48fb-92a8-906ae1adea06 req-d5a651cc-6fc2-44ce-a14c-134bf87dc28a aa3285ada21140b695f6e97cd1c9750a 8f9cd80d4379463a937ed1d5cca4bbc5 - - default default] Delete volume request issued successfully.
2025-01-14 19:27:31.559 22 INFO cinder.api.openstack.wsgi [req-10ff7478-466e-48fb-92a8-906ae1adea06 req-d5a651cc-6fc2-44ce-a14c-134bf87dc28a aa3285ada21140b695f6e97cd1c9750a 8f9cd80d4379463a937ed1d5cca4bbc5 - - default default] http://[LB_IP_ADDRESS]:8776/v3/8f9cd80d4379463a937ed1d5cca4bbc5/volumes/dbbf7b5e-97a8-4967-a0aa-5feaffc10d35 returned with HTTP 202
2025-01-14 19:27:31.592 24 INFO cinder.api.openstack.wsgi [req-d9c31683-f38f-49bf-8d82-9382c725d595 req-5395d9a5-b6f5-4fe0-a57d-5d50da2aeab9 aa3285ada21140b695f6e97cd1c9750a 8f9cd80d4379463a937ed1d5cca4bbc5 - - default default] GET http://[LB_IP_ADDRESS]:8776/v3/8f9cd80d4379463a937ed1d5cca4bbc5/volumes/dbbf7b5e-97a8-4967-a0aa-5feaffc10d35
2025-01-14 19:27:31.617 24 INFO cinder.volume.api [req-d9c31683-f38f-49bf-8d82-9382c725d595 req-5395d9a5-b6f5-4fe0-a57d-5d50da2aeab9 aa3285ada21140b695f6e97cd1c9750a 8f9cd80d4379463a937ed1d5cca4bbc5 - - default default] Volume info retrieved successfully.
2025-01-14 19:27:31.626 24 INFO cinder.api.openstack.wsgi [req-d9c31683-f38f-49bf-8d82-9382c725d595 req-5395d9a5-b6f5-4fe0-a57d-5d50da2aeab9 aa3285ada21140b695f6e97cd1c9750a 8f9cd80d4379463a937ed1d5cca4bbc5 - - default default] http://[LB_IP_ADDRESS]:8776/v3/8f9cd80d4379463a937ed1d5cca4bbc5/volumes/dbbf7b5e-97a8-4967-a0aa-5feaffc10d35 returned with HTTP 200
2025-01-14 19:27:31.844 25 INFO cinder.api.openstack.wsgi [None req-a29df97f-2c50-4b35-a8d2-7b7bac6ea6b5 52764a7d9e3f48209f0ac0f350d60bdd 12a406582c59402dab98f736182607ba - - default default] GET http://[LB_IP_ADDRESS]:8776/v3/12a406582c59402dab98f736182607ba/volumes/6c2bb427-d43b-43c6-8834-a21420d6d1c1
2025-01-14 19:27:31.869 25 INFO cinder.volume.api [None req-a29df97f-2c50-4b35-a8d2-7b7bac6ea6b5 52764a7d9e3f48209f0ac0f350d60bdd 12a406582c59402dab98f736182607ba - - default default] Volume info retrieved successfully.
2025-01-14 19:27:31.878 25 INFO cinder.api.openstack.wsgi [None req-a29df97f-2c50-4b35-a8d2-7b7bac6ea6b5 52764a7d9e3f48209f0ac0f350d60bdd 12a406582c59402dab98f736182607ba - - default default] http://[LB_IP_ADDRESS]:8776/v3/12a406582c59402dab98f736182607ba/volumes/6c2bb427-d43b-43c6-8834-a21420d6d1c1 returned with HTTP 200
2025-01-14 19:27:31.927 21 INFO cinder.api.openstack.wsgi [req-d0c9b1d7-5b2c-4b62-acf7-77d7defa3624 req-fa91cce7-b063-43af-ba0f-d8fa17ecc67d 52764a7d9e3f48209f0ac0f350d60bdd 12a406582c59402dab98f736182607ba - - default default] GET http://[LB_IP_ADDRESS]:8776/v3/12a406582c59402dab98f736182607ba/volumes/6c2bb427-d43b-43c6-8834-a21420d6d1c1
2025-01-14 19:27:31.952 21 INFO cinder.volume.api [req-d0c9b1d7-5b2c-4b62-acf7-77d7defa3624 req-fa91cce7-b063-43af-ba0f-d8fa17ecc67d 52764a7d9e3f48209f0ac0f350d60bdd 12a406582c59402dab98f736182607ba - - default default] Volume info retrieved successfully.
2025-01-14 19:27:31.961 21 INFO cinder.api.openstack.wsgi [req-d0c9b1d7-5b2c-4b62-acf7-77d7defa3624 req-fa91cce7-b063-43af-ba0f-d8fa17ecc67d 52764a7d9e3f48209f0ac0f350d60bdd 12a406582c59402dab98f736182607ba - - default default] http://[LB_IP_ADDRESS]:8776/v3/12a406582c59402dab98f736182607ba/volumes/6c2bb427-d43b-43c6-8834-a21420d6d1c1 returned with HTTP 200
2025-01-14 19:27:31.997 23 INFO cinder.api.openstack.wsgi [req-5ab7c0d8-85c1-4f4b-b7a2-9b13f2996b0d req-ea33ce0b-cde1-4af7-ad0e-fe1bc9d4db40 52764a7d9e3f48209f0ac0f350d60bdd 12a406582c59402dab98f736182607ba - - default default] GET http://[LB_IP_ADDRESS]:8776/v3/12a406582c59402dab98f736182607ba/volumes/detail
2025-01-14 19:27:32.065 23 INFO cinder.volume.api [req-5ab7c0d8-85c1-4f4b-b7a2-9b13f2996b0d req-ea33ce0b-cde1-4af7-ad0e-fe1bc9d4db40 52764a7d9e3f48209f0ac0f350d60bdd 12a406582c59402dab98f736182607ba - - default default] Get all volumes completed successfully.
2025-01-14 19:27:32.086 23 INFO cinder.api.openstack.wsgi [req-5ab7c0d8-85c1-4f4b-b7a2-9b13f2996b0d req-ea33ce0b-cde1-4af7-ad0e-fe1bc9d4db40 52764a7d9e3f48209f0ac0f350d60bdd 12a406582c59402dab98f736182607ba - - default default] http://[LB_IP_ADDRESS]:8776/v3/12a406582c59402dab98f736182607ba/volumes/detail returned with HTTP 200
2025-01-14 19:27:32.126 22 INFO cinder.api.openstack.wsgi [req-13ac21ac-7319-4838-899f-8e42705a7493 req-f21f1a0e-3ba7-4ba7-bb3e-b034a88ca185 52764a7d9e3f48209f0ac0f350d60bdd 12a406582c59402dab98f736182607ba - - default default] GET http://[LB_IP_ADDRESS]:8776/v3/12a406582c59402dab98f736182607ba/volumes/detail
2025-01-14 19:27:32.150 22 INFO cinder.volume.api [req-13ac21ac-7319-4838-899f-8e42705a7493 req-f21f1a0e-3ba7-4ba7-bb3e-b034a88ca185 52764a7d9e3f48209f0ac0f350d60bdd 12a406582c59402dab98f736182607ba - - default default] Get all volumes completed successfully.
2025-01-14 19:27:32.161 22 INFO cinder.api.openstack.wsgi [req-13ac21ac-7319-4838-899f-8e42705a7493 req-f21f1a0e-3ba7-4ba7-bb3e-b034a88ca185 52764a7d9e3f48209f0ac0f350d60bdd 12a406582c59402dab98f736182607ba - - default default] http://[LB_IP_ADDRESS]:8776/v3/12a406582c59402dab98f736182607ba/volumes/detail returned with HTTP 200
2025-01-14 19:27:32.198 24 INFO cinder.api.openstack.wsgi [req-5673ea67-547c-4b63-8f6f-cf01d6cb7774 req-50afa42f-8825-4abb-823a-b56e4cb6e620 52764a7d9e3f48209f0ac0f350d60bdd 12a406582c59402dab98f736182607ba - - default default] GET http://[LB_IP_ADDRESS]:8776/v3/12a406582c59402dab98f736182607ba/volumes/detail
2025-01-14 19:27:32.221 24 INFO cinder.volume.api [req-5673ea67-547c-4b63-8f6f-cf01d6cb7774 req-50afa42f-8825-4abb-823a-b56e4cb6e620 52764a7d9e3f48209f0ac0f350d60bdd 12a406582c59402dab98f736182607ba - - default default] Get all volumes completed successfully.
2025-01-14 19:27:32.231 24 INFO cinder.api.openstack.wsgi [req-5673ea67-547c-4b63-8f6f-cf01d6cb7774 req-50afa42f-8825-4abb-823a-b56e4cb6e620 52764a7d9e3f48209f0ac0f350d60bdd 12a406582c59402dab98f736182607ba - - default default] http://[LB_IP_ADDRESS]:8776/v3/12a406582c59402dab98f736182607ba/volumes/detail returned with HTTP 200
2025-01-14 19:27:32.269 25 INFO cinder.api.openstack.wsgi [req-dee5c0e6-b366-4c3a-9e5a-f76a71b07533 req-ac67fd7a-372b-49df-9709-5b81d6ecf82d 52764a7d9e3f48209f0ac0f350d60bdd 12a406582c59402dab98f736182607ba - - default default] GET http://[LB_IP_ADDRESS]:8776/v3/12a406582c59402dab98f736182607ba/volumes/detail
2025-01-14 19:27:32.293 25 INFO cinder.volume.api [req-dee5c0e6-b366-4c3a-9e5a-f76a71b07533 req-ac67fd7a-372b-49df-9709-5b81d6ecf82d 52764a7d9e3f48209f0ac0f350d60bdd 12a406582c59402dab98f736182607ba - - default default] Get all volumes completed successfully.
