Build Started 31_05_2023_12_48_31
2023-05-31 12:50:37.417 22 INFO cinder.api.openstack.wsgi [None req-ecba7a93-12f5-49c6-b160-d5b886303213 dd7e3a998e194fdb8b94d210e61013ea fea83c7e2ad94fd099c60a3243bde0a5 - - default default] GET http://[LB_IP_ADDRESS]:8776/v3/fea83c7e2ad94fd099c60a3243bde0a5/volumes/detail
2023-05-31 12:50:37.431 22 INFO cinder.volume.api [None req-ecba7a93-12f5-49c6-b160-d5b886303213 dd7e3a998e194fdb8b94d210e61013ea fea83c7e2ad94fd099c60a3243bde0a5 - - default default] Get all volumes completed successfully.
2023-05-31 12:50:37.435 22 INFO cinder.api.openstack.wsgi [None req-ecba7a93-12f5-49c6-b160-d5b886303213 dd7e3a998e194fdb8b94d210e61013ea fea83c7e2ad94fd099c60a3243bde0a5 - - default default] http://[LB_IP_ADDRESS]:8776/v3/fea83c7e2ad94fd099c60a3243bde0a5/volumes/detail returned with HTTP 200
2023-05-31 12:50:37.448 18 INFO cinder.api.openstack.wsgi [req-ecba7a93-12f5-49c6-b160-d5b886303213 req-28bc490c-b530-4fb3-a15a-a78b9f137b26 dd7e3a998e194fdb8b94d210e61013ea fea83c7e2ad94fd099c60a3243bde0a5 - - default default] GET http://[LB_IP_ADDRESS]:8776/v3/fea83c7e2ad94fd099c60a3243bde0a5/snapshots/detail?all_tenants=True
2023-05-31 12:50:37.463 18 INFO cinder.volume.api [req-ecba7a93-12f5-49c6-b160-d5b886303213 req-28bc490c-b530-4fb3-a15a-a78b9f137b26 dd7e3a998e194fdb8b94d210e61013ea fea83c7e2ad94fd099c60a3243bde0a5 - - default default] Get all snapshots completed successfully.
2023-05-31 12:50:37.465 18 INFO cinder.api.openstack.wsgi [req-ecba7a93-12f5-49c6-b160-d5b886303213 req-28bc490c-b530-4fb3-a15a-a78b9f137b26 dd7e3a998e194fdb8b94d210e61013ea fea83c7e2ad94fd099c60a3243bde0a5 - - default default] http://[LB_IP_ADDRESS]:8776/v3/fea83c7e2ad94fd099c60a3243bde0a5/snapshots/detail?all_tenants=True returned with HTTP 200
2023-05-31 12:50:39.615 19 INFO cinder.api.openstack.wsgi [None req-599eaab9-ad87-4301-a388-e5f6e89a6362 dd7e3a998e194fdb8b94d210e61013ea fea83c7e2ad94fd099c60a3243bde0a5 - - default default] GET http://[LB_IP_ADDRESS]:8776/v3/fea83c7e2ad94fd099c60a3243bde0a5/volumes/detail?all_tenants=True
2023-05-31 12:50:39.634 19 INFO cinder.volume.api [None req-599eaab9-ad87-4301-a388-e5f6e89a6362 dd7e3a998e194fdb8b94d210e61013ea fea83c7e2ad94fd099c60a3243bde0a5 - - default default] Get all volumes completed successfully.
2023-05-31 12:50:39.638 19 INFO cinder.api.openstack.wsgi [None req-599eaab9-ad87-4301-a388-e5f6e89a6362 dd7e3a998e194fdb8b94d210e61013ea fea83c7e2ad94fd099c60a3243bde0a5 - - default default] http://[LB_IP_ADDRESS]:8776/v3/fea83c7e2ad94fd099c60a3243bde0a5/volumes/detail?all_tenants=True returned with HTTP 200
2023-05-31 12:50:41.392 20 INFO cinder.api.openstack.wsgi [None req-3fe70d55-fbb6-47ea-b52c-edfed191c64c dd7e3a998e194fdb8b94d210e61013ea fea83c7e2ad94fd099c60a3243bde0a5 - - default default] GET http://[LB_IP_ADDRESS]:8776/v3/fea83c7e2ad94fd099c60a3243bde0a5/types?is_public=None
2023-05-31 12:50:41.410 20 INFO cinder.api.openstack.wsgi [None req-3fe70d55-fbb6-47ea-b52c-edfed191c64c dd7e3a998e194fdb8b94d210e61013ea fea83c7e2ad94fd099c60a3243bde0a5 - - default default] http://[LB_IP_ADDRESS]:8776/v3/fea83c7e2ad94fd099c60a3243bde0a5/types?is_public=None returned with HTTP 200
2023-05-31 12:50:55.249 22 INFO cinder.api.openstack.wsgi [req-a971cb6e-b571-4875-976c-410f77f3f9f9 req-d380d238-33e0-4022-86dd-bfe21eff2dc4 a802a62c019b41f6bd57f4d6239cbd6f 44b1018b5f8f4ce2a2527e1902e9f193 - - default default] POST http://[LB_IP_ADDRESS]:8776/v3/44b1018b5f8f4ce2a2527e1902e9f193/volumes
2023-05-31 12:50:55.253 22 INFO cinder.api.v3.volumes [req-a971cb6e-b571-4875-976c-410f77f3f9f9 req-d380d238-33e0-4022-86dd-bfe21eff2dc4 a802a62c019b41f6bd57f4d6239cbd6f 44b1018b5f8f4ce2a2527e1902e9f193 - - default default] Create volume of 1 GB
2023-05-31 12:50:55.264 22 INFO cinder.volume.api [req-a971cb6e-b571-4875-976c-410f77f3f9f9 req-d380d238-33e0-4022-86dd-bfe21eff2dc4 a802a62c019b41f6bd57f4d6239cbd6f 44b1018b5f8f4ce2a2527e1902e9f193 - - default default] Availability Zones retrieved successfully.
2023-05-31 12:50:55.274 21 INFO cinder.api.openstack.wsgi [req-3730f089-6933-48fb-bfab-cab9b94c4b54 req-def47907-d54c-4fe5-9448-eeb24e3f8fa8 5a359099578941fb984f162232e01f5b 26fa843662a44e9fa25ecda19e65a9bf - - default default] POST http://[LB_IP_ADDRESS]:8776/v3/26fa843662a44e9fa25ecda19e65a9bf/volumes
2023-05-31 12:50:55.287 21 INFO cinder.api.v3.volumes [req-3730f089-6933-48fb-bfab-cab9b94c4b54 req-def47907-d54c-4fe5-9448-eeb24e3f8fa8 5a359099578941fb984f162232e01f5b 26fa843662a44e9fa25ecda19e65a9bf - - default default] Create volume of 1 GB
2023-05-31 12:50:55.306 21 INFO cinder.volume.api [req-3730f089-6933-48fb-bfab-cab9b94c4b54 req-def47907-d54c-4fe5-9448-eeb24e3f8fa8 5a359099578941fb984f162232e01f5b 26fa843662a44e9fa25ecda19e65a9bf - - default default] Availability Zones retrieved successfully.
2023-05-31 12:50:55.459 22 INFO cinder.volume.api [req-a971cb6e-b571-4875-976c-410f77f3f9f9 req-d380d238-33e0-4022-86dd-bfe21eff2dc4 a802a62c019b41f6bd57f4d6239cbd6f 44b1018b5f8f4ce2a2527e1902e9f193 - - default default] Create volume request issued successfully.
2023-05-31 12:50:55.460 22 INFO cinder.api.openstack.wsgi [req-a971cb6e-b571-4875-976c-410f77f3f9f9 req-d380d238-33e0-4022-86dd-bfe21eff2dc4 a802a62c019b41f6bd57f4d6239cbd6f 44b1018b5f8f4ce2a2527e1902e9f193 - - default default] http://[LB_IP_ADDRESS]:8776/v3/44b1018b5f8f4ce2a2527e1902e9f193/volumes returned with HTTP 202
2023-05-31 12:50:55.471 18 INFO cinder.api.openstack.wsgi [req-a971cb6e-b571-4875-976c-410f77f3f9f9 req-dccee3e9-49c7-457c-a43f-8d1ec509b0d3 a802a62c019b41f6bd57f4d6239cbd6f 44b1018b5f8f4ce2a2527e1902e9f193 - - default default] GET http://[LB_IP_ADDRESS]:8776/v3/44b1018b5f8f4ce2a2527e1902e9f193/volumes/5d834c53-4fcc-4d9f-984e-765bdd8bb3ce
2023-05-31 12:50:55.497 18 INFO cinder.volume.api [req-a971cb6e-b571-4875-976c-410f77f3f9f9 req-dccee3e9-49c7-457c-a43f-8d1ec509b0d3 a802a62c019b41f6bd57f4d6239cbd6f 44b1018b5f8f4ce2a2527e1902e9f193 - - default default] Volume info retrieved successfully.
2023-05-31 12:50:55.506 18 INFO cinder.api.openstack.wsgi [req-a971cb6e-b571-4875-976c-410f77f3f9f9 req-dccee3e9-49c7-457c-a43f-8d1ec509b0d3 a802a62c019b41f6bd57f4d6239cbd6f 44b1018b5f8f4ce2a2527e1902e9f193 - - default default] http://[LB_IP_ADDRESS]:8776/v3/44b1018b5f8f4ce2a2527e1902e9f193/volumes/5d834c53-4fcc-4d9f-984e-765bdd8bb3ce returned with HTTP 200
2023-05-31 12:50:55.553 21 INFO cinder.volume.api [req-3730f089-6933-48fb-bfab-cab9b94c4b54 req-def47907-d54c-4fe5-9448-eeb24e3f8fa8 5a359099578941fb984f162232e01f5b 26fa843662a44e9fa25ecda19e65a9bf - - default default] Create volume request issued successfully.
2023-05-31 12:50:55.556 21 INFO cinder.api.openstack.wsgi [req-3730f089-6933-48fb-bfab-cab9b94c4b54 req-def47907-d54c-4fe5-9448-eeb24e3f8fa8 5a359099578941fb984f162232e01f5b 26fa843662a44e9fa25ecda19e65a9bf - - default default] http://[LB_IP_ADDRESS]:8776/v3/26fa843662a44e9fa25ecda19e65a9bf/volumes returned with HTTP 202
2023-05-31 12:50:55.567 20 INFO cinder.api.openstack.wsgi [req-3730f089-6933-48fb-bfab-cab9b94c4b54 req-72c638a8-3e2e-4e8e-8971-ec69aa91318e 5a359099578941fb984f162232e01f5b 26fa843662a44e9fa25ecda19e65a9bf - - default default] GET http://[LB_IP_ADDRESS]:8776/v3/26fa843662a44e9fa25ecda19e65a9bf/volumes/29df7117-0381-4ddd-b189-be4f0b8ff3c2
2023-05-31 12:50:55.588 20 INFO cinder.volume.api [req-3730f089-6933-48fb-bfab-cab9b94c4b54 req-72c638a8-3e2e-4e8e-8971-ec69aa91318e 5a359099578941fb984f162232e01f5b 26fa843662a44e9fa25ecda19e65a9bf - - default default] Volume info retrieved successfully.
2023-05-31 12:50:55.596 20 INFO cinder.api.openstack.wsgi [req-3730f089-6933-48fb-bfab-cab9b94c4b54 req-72c638a8-3e2e-4e8e-8971-ec69aa91318e 5a359099578941fb984f162232e01f5b 26fa843662a44e9fa25ecda19e65a9bf - - default default] http://[LB_IP_ADDRESS]:8776/v3/26fa843662a44e9fa25ecda19e65a9bf/volumes/29df7117-0381-4ddd-b189-be4f0b8ff3c2 returned with HTTP 200
2023-05-31 12:50:55.626 22 INFO cinder.api.openstack.wsgi [req-ebe677c1-2ae8-4a99-a1bc-63b3ae76ed5b req-748cc043-bf33-4c8b-b3ac-f854764a4dc1 5a359099578941fb984f162232e01f5b 26fa843662a44e9fa25ecda19e65a9bf - - default default] GET http://[LB_IP_ADDRESS]:8776/v3/26fa843662a44e9fa25ecda19e65a9bf/volumes/29df7117-0381-4ddd-b189-be4f0b8ff3c2
2023-05-31 12:50:55.646 22 INFO cinder.volume.api [req-ebe677c1-2ae8-4a99-a1bc-63b3ae76ed5b req-748cc043-bf33-4c8b-b3ac-f854764a4dc1 5a359099578941fb984f162232e01f5b 26fa843662a44e9fa25ecda19e65a9bf - - default default] Volume info retrieved successfully.
2023-05-31 12:50:55.653 22 INFO cinder.api.openstack.wsgi [req-ebe677c1-2ae8-4a99-a1bc-63b3ae76ed5b req-748cc043-bf33-4c8b-b3ac-f854764a4dc1 5a359099578941fb984f162232e01f5b 26fa843662a44e9fa25ecda19e65a9bf - - default default] http://[LB_IP_ADDRESS]:8776/v3/26fa843662a44e9fa25ecda19e65a9bf/volumes/29df7117-0381-4ddd-b189-be4f0b8ff3c2 returned with HTTP 200
2023-05-31 12:50:55.680 19 INFO cinder.api.openstack.wsgi [req-cc5c96b9-f045-49a5-a462-1a5d7d737faa req-da78272e-c6a6-49bb-b683-a623c64a22d4 a802a62c019b41f6bd57f4d6239cbd6f 44b1018b5f8f4ce2a2527e1902e9f193 - - default default] GET http://[LB_IP_ADDRESS]:8776/v3/44b1018b5f8f4ce2a2527e1902e9f193/volumes/5d834c53-4fcc-4d9f-984e-765bdd8bb3ce
2023-05-31 12:50:55.702 19 INFO cinder.volume.api [req-cc5c96b9-f045-49a5-a462-1a5d7d737faa req-da78272e-c6a6-49bb-b683-a623c64a22d4 a802a62c019b41f6bd57f4d6239cbd6f 44b1018b5f8f4ce2a2527e1902e9f193 - - default default] Volume info retrieved successfully.
2023-05-31 12:50:55.710 19 INFO cinder.api.openstack.wsgi [req-cc5c96b9-f045-49a5-a462-1a5d7d737faa req-da78272e-c6a6-49bb-b683-a623c64a22d4 a802a62c019b41f6bd57f4d6239cbd6f 44b1018b5f8f4ce2a2527e1902e9f193 - - default default] http://[LB_IP_ADDRESS]:8776/v3/44b1018b5f8f4ce2a2527e1902e9f193/volumes/5d834c53-4fcc-4d9f-984e-765bdd8bb3ce returned with HTTP 200
2023-05-31 12:50:56.742 21 INFO cinder.api.openstack.wsgi [req-d97c96b3-7931-42ee-ae56-11095d990bc0 req-80a4c408-725b-4f98-9941-ed88ae2dda18 a802a62c019b41f6bd57f4d6239cbd6f 44b1018b5f8f4ce2a2527e1902e9f193 - - default default] GET http://[LB_IP_ADDRESS]:8776/v3/44b1018b5f8f4ce2a2527e1902e9f193/volumes/5d834c53-4fcc-4d9f-984e-765bdd8bb3ce
2023-05-31 12:50:56.762 21 INFO cinder.volume.api [req-d97c96b3-7931-42ee-ae56-11095d990bc0 req-80a4c408-725b-4f98-9941-ed88ae2dda18 a802a62c019b41f6bd57f4d6239cbd6f 44b1018b5f8f4ce2a2527e1902e9f193 - - default default] Volume info retrieved successfully.
2023-05-31 12:50:56.769 21 INFO cinder.api.openstack.wsgi [req-d97c96b3-7931-42ee-ae56-11095d990bc0 req-80a4c408-725b-4f98-9941-ed88ae2dda18 a802a62c019b41f6bd57f4d6239cbd6f 44b1018b5f8f4ce2a2527e1902e9f193 - - default default] http://[LB_IP_ADDRESS]:8776/v3/44b1018b5f8f4ce2a2527e1902e9f193/volumes/5d834c53-4fcc-4d9f-984e-765bdd8bb3ce returned with HTTP 200
2023-05-31 12:50:56.822 18 INFO cinder.api.openstack.wsgi [req-d90666d9-2ac0-49cd-853d-d1f03d85c42a req-14805048-681d-444e-8d89-567bb715f3ca 5a359099578941fb984f162232e01f5b 26fa843662a44e9fa25ecda19e65a9bf - - default default] GET http://[LB_IP_ADDRESS]:8776/v3/26fa843662a44e9fa25ecda19e65a9bf/volumes/29df7117-0381-4ddd-b189-be4f0b8ff3c2
2023-05-31 12:50:56.842 18 INFO cinder.volume.api [req-d90666d9-2ac0-49cd-853d-d1f03d85c42a req-14805048-681d-444e-8d89-567bb715f3ca 5a359099578941fb984f162232e01f5b 26fa843662a44e9fa25ecda19e65a9bf - - default default] Volume info retrieved successfully.
2023-05-31 12:50:56.851 18 INFO cinder.api.openstack.wsgi [req-d90666d9-2ac0-49cd-853d-d1f03d85c42a req-14805048-681d-444e-8d89-567bb715f3ca 5a359099578941fb984f162232e01f5b 26fa843662a44e9fa25ecda19e65a9bf - - default default] http://[LB_IP_ADDRESS]:8776/v3/26fa843662a44e9fa25ecda19e65a9bf/volumes/29df7117-0381-4ddd-b189-be4f0b8ff3c2 returned with HTTP 200
2023-05-31 12:50:57.797 20 INFO cinder.api.openstack.wsgi [req-8dd885a8-07c6-48e4-bfcc-931a8105c5c0 req-0ddacf8a-277c-4d20-b38c-82e2e42bdc87 a802a62c019b41f6bd57f4d6239cbd6f 44b1018b5f8f4ce2a2527e1902e9f193 - - default default] GET http://[LB_IP_ADDRESS]:8776/v3/44b1018b5f8f4ce2a2527e1902e9f193/volumes/5d834c53-4fcc-4d9f-984e-765bdd8bb3ce
2023-05-31 12:50:57.816 20 INFO cinder.volume.api [req-8dd885a8-07c6-48e4-bfcc-931a8105c5c0 req-0ddacf8a-277c-4d20-b38c-82e2e42bdc87 a802a62c019b41f6bd57f4d6239cbd6f 44b1018b5f8f4ce2a2527e1902e9f193 - - default default] Volume info retrieved successfully.
2023-05-31 12:50:57.823 20 INFO cinder.api.openstack.wsgi [req-8dd885a8-07c6-48e4-bfcc-931a8105c5c0 req-0ddacf8a-277c-4d20-b38c-82e2e42bdc87 a802a62c019b41f6bd57f4d6239cbd6f 44b1018b5f8f4ce2a2527e1902e9f193 - - default default] http://[LB_IP_ADDRESS]:8776/v3/44b1018b5f8f4ce2a2527e1902e9f193/volumes/5d834c53-4fcc-4d9f-984e-765bdd8bb3ce returned with HTTP 200
2023-05-31 12:50:57.852 22 INFO cinder.api.openstack.wsgi [req-88b9a772-f258-4c5f-af7c-c948855eaef7 req-992dc1f4-eb4b-4ed4-9a77-2cd9807819ff a802a62c019b41f6bd57f4d6239cbd6f 44b1018b5f8f4ce2a2527e1902e9f193 - - default default] POST http://[LB_IP_ADDRESS]:8776/v3/44b1018b5f8f4ce2a2527e1902e9f193/snapshots
2023-05-31 12:50:57.868 22 INFO cinder.volume.api [req-88b9a772-f258-4c5f-af7c-c948855eaef7 req-992dc1f4-eb4b-4ed4-9a77-2cd9807819ff a802a62c019b41f6bd57f4d6239cbd6f 44b1018b5f8f4ce2a2527e1902e9f193 - - default default] Volume info retrieved successfully.
2023-05-31 12:50:57.869 22 INFO cinder.api.v3.snapshots [req-88b9a772-f258-4c5f-af7c-c948855eaef7 req-992dc1f4-eb4b-4ed4-9a77-2cd9807819ff a802a62c019b41f6bd57f4d6239cbd6f 44b1018b5f8f4ce2a2527e1902e9f193 - - default default] Create snapshot from volume 5d834c53-4fcc-4d9f-984e-765bdd8bb3ce
2023-05-31 12:50:57.878 19 INFO cinder.api.openstack.wsgi [req-ca2ec53c-f145-4fe8-8e8f-5b232bfe559b req-af81c971-c78d-4dbb-922e-efe890bd80c5 5a359099578941fb984f162232e01f5b 26fa843662a44e9fa25ecda19e65a9bf - - default default] GET http://[LB_IP_ADDRESS]:8776/v3/26fa843662a44e9fa25ecda19e65a9bf/volumes/29df7117-0381-4ddd-b189-be4f0b8ff3c2
2023-05-31 12:50:57.897 19 INFO cinder.volume.api [req-ca2ec53c-f145-4fe8-8e8f-5b232bfe559b req-af81c971-c78d-4dbb-922e-efe890bd80c5 5a359099578941fb984f162232e01f5b 26fa843662a44e9fa25ecda19e65a9bf - - default default] Volume info retrieved successfully.
2023-05-31 12:50:57.905 19 INFO cinder.api.openstack.wsgi [req-ca2ec53c-f145-4fe8-8e8f-5b232bfe559b req-af81c971-c78d-4dbb-922e-efe890bd80c5 5a359099578941fb984f162232e01f5b 26fa843662a44e9fa25ecda19e65a9bf - - default default] http://[LB_IP_ADDRESS]:8776/v3/26fa843662a44e9fa25ecda19e65a9bf/volumes/29df7117-0381-4ddd-b189-be4f0b8ff3c2 returned with HTTP 200
2023-05-31 12:50:57.931 21 INFO cinder.api.openstack.wsgi [req-738bf5f0-ae31-4a9a-b4ed-774587778a82 req-4d1683f0-4165-47d9-95a6-5e94f7802b6c 5a359099578941fb984f162232e01f5b 26fa843662a44e9fa25ecda19e65a9bf - - default default] GET http://[LB_IP_ADDRESS]:8776/v3/26fa843662a44e9fa25ecda19e65a9bf/volumes/29df7117-0381-4ddd-b189-be4f0b8ff3c2
2023-05-31 12:50:57.950 21 INFO cinder.volume.api [req-738bf5f0-ae31-4a9a-b4ed-774587778a82 req-4d1683f0-4165-47d9-95a6-5e94f7802b6c 5a359099578941fb984f162232e01f5b 26fa843662a44e9fa25ecda19e65a9bf - - default default] Volume info retrieved successfully.
2023-05-31 12:50:57.958 21 INFO cinder.api.openstack.wsgi [req-738bf5f0-ae31-4a9a-b4ed-774587778a82 req-4d1683f0-4165-47d9-95a6-5e94f7802b6c 5a359099578941fb984f162232e01f5b 26fa843662a44e9fa25ecda19e65a9bf - - default default] http://[LB_IP_ADDRESS]:8776/v3/26fa843662a44e9fa25ecda19e65a9bf/volumes/29df7117-0381-4ddd-b189-be4f0b8ff3c2 returned with HTTP 200
2023-05-31 12:50:57.975 22 INFO cinder.volume.api [req-88b9a772-f258-4c5f-af7c-c948855eaef7 req-992dc1f4-eb4b-4ed4-9a77-2cd9807819ff a802a62c019b41f6bd57f4d6239cbd6f 44b1018b5f8f4ce2a2527e1902e9f193 - - default default] Snapshot create request issued successfully.
2023-05-31 12:50:57.976 22 INFO cinder.api.openstack.wsgi [req-88b9a772-f258-4c5f-af7c-c948855eaef7 req-992dc1f4-eb4b-4ed4-9a77-2cd9807819ff a802a62c019b41f6bd57f4d6239cbd6f 44b1018b5f8f4ce2a2527e1902e9f193 - - default default] http://[LB_IP_ADDRESS]:8776/v3/44b1018b5f8f4ce2a2527e1902e9f193/snapshots returned with HTTP 202
2023-05-31 12:50:57.994 18 INFO cinder.api.openstack.wsgi [req-fdfe22fa-499e-416f-bc07-cf6465183530 req-d7f5368a-83a6-4778-9c93-454bf8d84f30 5a359099578941fb984f162232e01f5b 26fa843662a44e9fa25ecda19e65a9bf - - default default] DELETE http://[LB_IP_ADDRESS]:8776/v3/26fa843662a44e9fa25ecda19e65a9bf/volumes/29df7117-0381-4ddd-b189-be4f0b8ff3c2
2023-05-31 12:50:57.995 18 INFO cinder.api.v3.volumes [req-fdfe22fa-499e-416f-bc07-cf6465183530 req-d7f5368a-83a6-4778-9c93-454bf8d84f30 5a359099578941fb984f162232e01f5b 26fa843662a44e9fa25ecda19e65a9bf - - default default] Delete volume with id: 29df7117-0381-4ddd-b189-be4f0b8ff3c2 
2023-05-31 12:50:58.001 20 INFO cinder.api.openstack.wsgi [req-ff07530e-5934-40f5-b888-dbe41d1bfbd1 req-24489915-8810-449f-a2b2-22e0b0acb46a a802a62c019b41f6bd57f4d6239cbd6f 44b1018b5f8f4ce2a2527e1902e9f193 - - default default] GET http://[LB_IP_ADDRESS]:8776/v3/44b1018b5f8f4ce2a2527e1902e9f193/snapshots/a3eac258-707f-4087-8d18-2423ec02c7aa
2023-05-31 12:50:58.009 18 INFO cinder.volume.api [req-fdfe22fa-499e-416f-bc07-cf6465183530 req-d7f5368a-83a6-4778-9c93-454bf8d84f30 5a359099578941fb984f162232e01f5b 26fa843662a44e9fa25ecda19e65a9bf - - default default] Volume info retrieved successfully.
2023-05-31 12:50:58.011 20 INFO cinder.volume.api [req-ff07530e-5934-40f5-b888-dbe41d1bfbd1 req-24489915-8810-449f-a2b2-22e0b0acb46a a802a62c019b41f6bd57f4d6239cbd6f 44b1018b5f8f4ce2a2527e1902e9f193 - - default default] Snapshot retrieved successfully.
2023-05-31 12:50:58.012 20 INFO cinder.api.openstack.wsgi [req-ff07530e-5934-40f5-b888-dbe41d1bfbd1 req-24489915-8810-449f-a2b2-22e0b0acb46a a802a62c019b41f6bd57f4d6239cbd6f 44b1018b5f8f4ce2a2527e1902e9f193 - - default default] http://[LB_IP_ADDRESS]:8776/v3/44b1018b5f8f4ce2a2527e1902e9f193/snapshots/a3eac258-707f-4087-8d18-2423ec02c7aa returned with HTTP 200
2023-05-31 12:50:58.033 18 INFO cinder.volume.api [req-fdfe22fa-499e-416f-bc07-cf6465183530 req-d7f5368a-83a6-4778-9c93-454bf8d84f30 5a359099578941fb984f162232e01f5b 26fa843662a44e9fa25ecda19e65a9bf - - default default] Delete volume request issued successfully.
2023-05-31 12:50:58.033 18 INFO cinder.api.openstack.wsgi [req-fdfe22fa-499e-416f-bc07-cf6465183530 req-d7f5368a-83a6-4778-9c93-454bf8d84f30 5a359099578941fb984f162232e01f5b 26fa843662a44e9fa25ecda19e65a9bf - - default default] http://[LB_IP_ADDRESS]:8776/v3/26fa843662a44e9fa25ecda19e65a9bf/volumes/29df7117-0381-4ddd-b189-be4f0b8ff3c2 returned with HTTP 202
2023-05-31 12:50:58.039 19 INFO cinder.api.openstack.wsgi [req-f700136e-b7b6-4165-b20d-beef1fbc7c04 req-38354c4e-980d-45bc-95e5-3d04bc04d095 a802a62c019b41f6bd57f4d6239cbd6f 44b1018b5f8f4ce2a2527e1902e9f193 - - default default] GET http://[LB_IP_ADDRESS]:8776/v3/44b1018b5f8f4ce2a2527e1902e9f193/snapshots/detail
2023-05-31 12:50:58.047 19 INFO cinder.volume.api [req-f700136e-b7b6-4165-b20d-beef1fbc7c04 req-38354c4e-980d-45bc-95e5-3d04bc04d095 a802a62c019b41f6bd57f4d6239cbd6f 44b1018b5f8f4ce2a2527e1902e9f193 - - default default] Get all snapshots completed successfully.
2023-05-31 12:50:58.049 19 INFO cinder.api.openstack.wsgi [req-f700136e-b7b6-4165-b20d-beef1fbc7c04 req-38354c4e-980d-45bc-95e5-3d04bc04d095 a802a62c019b41f6bd57f4d6239cbd6f 44b1018b5f8f4ce2a2527e1902e9f193 - - default default] http://[LB_IP_ADDRESS]:8776/v3/44b1018b5f8f4ce2a2527e1902e9f193/snapshots/detail returned with HTTP 200
2023-05-31 12:50:58.055 21 INFO cinder.api.openstack.wsgi [req-ca1d3157-02ed-4278-8148-54950a5038fe req-6c34a92d-cfcd-4a19-bf08-2817725a7c4c 5a359099578941fb984f162232e01f5b 26fa843662a44e9fa25ecda19e65a9bf - - default default] GET http://[LB_IP_ADDRESS]:8776/v3/26fa843662a44e9fa25ecda19e65a9bf/volumes/29df7117-0381-4ddd-b189-be4f0b8ff3c2
2023-05-31 12:50:58.074 21 INFO cinder.volume.api [req-ca1d3157-02ed-4278-8148-54950a5038fe req-6c34a92d-cfcd-4a19-bf08-2817725a7c4c 5a359099578941fb984f162232e01f5b 26fa843662a44e9fa25ecda19e65a9bf - - default default] Volume info retrieved successfully.
2023-05-31 12:50:58.074 22 INFO cinder.api.openstack.wsgi [req-d4ed45c8-8e59-4569-b5e0-f9b0630dbb57 req-aefb035f-0399-4248-a6eb-82abae9070ad a802a62c019b41f6bd57f4d6239cbd6f 44b1018b5f8f4ce2a2527e1902e9f193 - - default default] GET http://[LB_IP_ADDRESS]:8776/v3/44b1018b5f8f4ce2a2527e1902e9f193/snapshots/a3eac258-707f-4087-8d18-2423ec02c7aa
2023-05-31 12:50:58.082 21 INFO cinder.api.openstack.wsgi [req-ca1d3157-02ed-4278-8148-54950a5038fe req-6c34a92d-cfcd-4a19-bf08-2817725a7c4c 5a359099578941fb984f162232e01f5b 26fa843662a44e9fa25ecda19e65a9bf - - default default] http://[LB_IP_ADDRESS]:8776/v3/26fa843662a44e9fa25ecda19e65a9bf/volumes/29df7117-0381-4ddd-b189-be4f0b8ff3c2 returned with HTTP 200
2023-05-31 12:50:58.084 22 INFO cinder.volume.api [req-d4ed45c8-8e59-4569-b5e0-f9b0630dbb57 req-aefb035f-0399-4248-a6eb-82abae9070ad a802a62c019b41f6bd57f4d6239cbd6f 44b1018b5f8f4ce2a2527e1902e9f193 - - default default] Snapshot retrieved successfully.
2023-05-31 12:50:58.085 22 INFO cinder.api.openstack.wsgi [req-d4ed45c8-8e59-4569-b5e0-f9b0630dbb57 req-aefb035f-0399-4248-a6eb-82abae9070ad a802a62c019b41f6bd57f4d6239cbd6f 44b1018b5f8f4ce2a2527e1902e9f193 - - default default] http://[LB_IP_ADDRESS]:8776/v3/44b1018b5f8f4ce2a2527e1902e9f193/snapshots/a3eac258-707f-4087-8d18-2423ec02c7aa returned with HTTP 200
2023-05-31 12:50:59.109 20 INFO cinder.api.openstack.wsgi [req-528a208b-d4ac-43a6-ac58-d7fc2fe75b43 req-67f6d3eb-69b0-4ab7-be01-a0c17783b701 5a359099578941fb984f162232e01f5b 26fa843662a44e9fa25ecda19e65a9bf - - default default] GET http://[LB_IP_ADDRESS]:8776/v3/26fa843662a44e9fa25ecda19e65a9bf/volumes/29df7117-0381-4ddd-b189-be4f0b8ff3c2
2023-05-31 12:50:59.111 18 INFO cinder.api.openstack.wsgi [req-89a71cf8-dabb-4ee0-b221-dfdb22e1a8c0 req-5bb67d2d-b09e-4106-a01a-2567fd599b12 a802a62c019b41f6bd57f4d6239cbd6f 44b1018b5f8f4ce2a2527e1902e9f193 - - default default] GET http://[LB_IP_ADDRESS]:8776/v3/44b1018b5f8f4ce2a2527e1902e9f193/snapshots/a3eac258-707f-4087-8d18-2423ec02c7aa
2023-05-31 12:50:59.120 20 INFO cinder.api.openstack.wsgi [req-528a208b-d4ac-43a6-ac58-d7fc2fe75b43 req-67f6d3eb-69b0-4ab7-be01-a0c17783b701 5a359099578941fb984f162232e01f5b 26fa843662a44e9fa25ecda19e65a9bf - - default default] http://[LB_IP_ADDRESS]:8776/v3/26fa843662a44e9fa25ecda19e65a9bf/volumes/29df7117-0381-4ddd-b189-be4f0b8ff3c2 returned with HTTP 404
2023-05-31 12:50:59.122 18 INFO cinder.volume.api [req-89a71cf8-dabb-4ee0-b221-dfdb22e1a8c0 req-5bb67d2d-b09e-4106-a01a-2567fd599b12 a802a62c019b41f6bd57f4d6239cbd6f 44b1018b5f8f4ce2a2527e1902e9f193 - - default default] Snapshot retrieved successfully.
2023-05-31 12:50:59.123 18 INFO cinder.api.openstack.wsgi [req-89a71cf8-dabb-4ee0-b221-dfdb22e1a8c0 req-5bb67d2d-b09e-4106-a01a-2567fd599b12 a802a62c019b41f6bd57f4d6239cbd6f 44b1018b5f8f4ce2a2527e1902e9f193 - - default default] http://[LB_IP_ADDRESS]:8776/v3/44b1018b5f8f4ce2a2527e1902e9f193/snapshots/a3eac258-707f-4087-8d18-2423ec02c7aa returned with HTTP 200
2023-05-31 12:51:00.150 19 INFO cinder.api.openstack.wsgi [req-22df730b-db9e-4a03-8a69-010711b33f1d req-1fcad9f1-8b86-4b5a-8fa6-0a4a47503e4a a802a62c019b41f6bd57f4d6239cbd6f 44b1018b5f8f4ce2a2527e1902e9f193 - - default default] GET http://[LB_IP_ADDRESS]:8776/v3/44b1018b5f8f4ce2a2527e1902e9f193/snapshots/a3eac258-707f-4087-8d18-2423ec02c7aa
2023-05-31 12:51:00.160 19 INFO cinder.volume.api [req-22df730b-db9e-4a03-8a69-010711b33f1d req-1fcad9f1-8b86-4b5a-8fa6-0a4a47503e4a a802a62c019b41f6bd57f4d6239cbd6f 44b1018b5f8f4ce2a2527e1902e9f193 - - default default] Snapshot retrieved successfully.
2023-05-31 12:51:00.162 19 INFO cinder.api.openstack.wsgi [req-22df730b-db9e-4a03-8a69-010711b33f1d req-1fcad9f1-8b86-4b5a-8fa6-0a4a47503e4a a802a62c019b41f6bd57f4d6239cbd6f 44b1018b5f8f4ce2a2527e1902e9f193 - - default default] http://[LB_IP_ADDRESS]:8776/v3/44b1018b5f8f4ce2a2527e1902e9f193/snapshots/a3eac258-707f-4087-8d18-2423ec02c7aa returned with HTTP 200
2023-05-31 12:51:00.188 21 INFO cinder.api.openstack.wsgi [req-2c380da1-555c-4001-8449-cad11f00b930 req-a2a5e299-0719-4ae8-ae87-81fe82200ea5 a802a62c019b41f6bd57f4d6239cbd6f 44b1018b5f8f4ce2a2527e1902e9f193 - - default default] DELETE http://[LB_IP_ADDRESS]:8776/v3/44b1018b5f8f4ce2a2527e1902e9f193/snapshots/a3eac258-707f-4087-8d18-2423ec02c7aa
2023-05-31 12:51:00.189 21 INFO cinder.api.v2.snapshots [req-2c380da1-555c-4001-8449-cad11f00b930 req-a2a5e299-0719-4ae8-ae87-81fe82200ea5 a802a62c019b41f6bd57f4d6239cbd6f 44b1018b5f8f4ce2a2527e1902e9f193 - - default default] Delete snapshot with id: a3eac258-707f-4087-8d18-2423ec02c7aa
2023-05-31 12:51:00.199 21 INFO cinder.volume.api [req-2c380da1-555c-4001-8449-cad11f00b930 req-a2a5e299-0719-4ae8-ae87-81fe82200ea5 a802a62c019b41f6bd57f4d6239cbd6f 44b1018b5f8f4ce2a2527e1902e9f193 - - default default] Snapshot retrieved successfully.
2023-05-31 12:51:00.222 21 INFO cinder.volume.api [req-2c380da1-555c-4001-8449-cad11f00b930 req-a2a5e299-0719-4ae8-ae87-81fe82200ea5 a802a62c019b41f6bd57f4d6239cbd6f 44b1018b5f8f4ce2a2527e1902e9f193 - - default default] Snapshot delete request issued successfully.
2023-05-31 12:51:00.223 21 INFO cinder.api.openstack.wsgi [req-2c380da1-555c-4001-8449-cad11f00b930 req-a2a5e299-0719-4ae8-ae87-81fe82200ea5 a802a62c019b41f6bd57f4d6239cbd6f 44b1018b5f8f4ce2a2527e1902e9f193 - - default default] http://[LB_IP_ADDRESS]:8776/v3/44b1018b5f8f4ce2a2527e1902e9f193/snapshots/a3eac258-707f-4087-8d18-2423ec02c7aa returned with HTTP 202
2023-05-31 12:51:00.245 22 INFO cinder.api.openstack.wsgi [req-12f98a1e-a26f-46d9-8b15-bace325a6166 req-34168811-2bbb-468a-ab30-01a5512f748a a802a62c019b41f6bd57f4d6239cbd6f 44b1018b5f8f4ce2a2527e1902e9f193 - - default default] GET http://[LB_IP_ADDRESS]:8776/v3/44b1018b5f8f4ce2a2527e1902e9f193/snapshots/a3eac258-707f-4087-8d18-2423ec02c7aa
2023-05-31 12:51:00.255 22 INFO cinder.volume.api [req-12f98a1e-a26f-46d9-8b15-bace325a6166 req-34168811-2bbb-468a-ab30-01a5512f748a a802a62c019b41f6bd57f4d6239cbd6f 44b1018b5f8f4ce2a2527e1902e9f193 - - default default] Snapshot retrieved successfully.
2023-05-31 12:51:00.256 22 INFO cinder.api.openstack.wsgi [req-12f98a1e-a26f-46d9-8b15-bace325a6166 req-34168811-2bbb-468a-ab30-01a5512f748a a802a62c019b41f6bd57f4d6239cbd6f 44b1018b5f8f4ce2a2527e1902e9f193 - - default default] http://[LB_IP_ADDRESS]:8776/v3/44b1018b5f8f4ce2a2527e1902e9f193/snapshots/a3eac258-707f-4087-8d18-2423ec02c7aa returned with HTTP 200
2023-05-31 12:51:00.628 20 INFO cinder.api.openstack.wsgi [None req-f9f0f74c-b3d6-4ac2-a2a8-4bea9f7e2575 - - - - - -] GET http://[LB_IP_ADDRESS]:8776/
2023-05-31 12:51:00.629 20 INFO cinder.api.openstack.wsgi [None req-f9f0f74c-b3d6-4ac2-a2a8-4bea9f7e2575 - - - - - -] http://[LB_IP_ADDRESS]:8776/ returned with HTTP 300
2023-05-31 12:51:01.282 18 INFO cinder.api.openstack.wsgi [req-f95e65da-82aa-4c4d-b9fc-422b17530edc req-316f8408-4f9a-4786-a080-9a2f71af5138 a802a62c019b41f6bd57f4d6239cbd6f 44b1018b5f8f4ce2a2527e1902e9f193 - - default default] GET http://[LB_IP_ADDRESS]:8776/v3/44b1018b5f8f4ce2a2527e1902e9f193/snapshots/a3eac258-707f-4087-8d18-2423ec02c7aa
2023-05-31 12:51:01.290 18 INFO cinder.api.openstack.wsgi [req-f95e65da-82aa-4c4d-b9fc-422b17530edc req-316f8408-4f9a-4786-a080-9a2f71af5138 a802a62c019b41f6bd57f4d6239cbd6f 44b1018b5f8f4ce2a2527e1902e9f193 - - default default] http://[LB_IP_ADDRESS]:8776/v3/44b1018b5f8f4ce2a2527e1902e9f193/snapshots/a3eac258-707f-4087-8d18-2423ec02c7aa returned with HTTP 404
2023-05-31 12:51:01.314 19 INFO cinder.api.openstack.wsgi [req-870be69f-2e7a-4a7b-a345-b43bd32ede9f req-a86cb5b7-4579-463a-8681-2d764c22cdc1 a802a62c019b41f6bd57f4d6239cbd6f 44b1018b5f8f4ce2a2527e1902e9f193 - - default default] DELETE http://[LB_IP_ADDRESS]:8776/v3/44b1018b5f8f4ce2a2527e1902e9f193/volumes/5d834c53-4fcc-4d9f-984e-765bdd8bb3ce
2023-05-31 12:51:01.315 19 INFO cinder.api.v3.volumes [req-870be69f-2e7a-4a7b-a345-b43bd32ede9f req-a86cb5b7-4579-463a-8681-2d764c22cdc1 a802a62c019b41f6bd57f4d6239cbd6f 44b1018b5f8f4ce2a2527e1902e9f193 - - default default] Delete volume with id: 5d834c53-4fcc-4d9f-984e-765bdd8bb3ce 
2023-05-31 12:51:01.329 19 INFO cinder.volume.api [req-870be69f-2e7a-4a7b-a345-b43bd32ede9f req-a86cb5b7-4579-463a-8681-2d764c22cdc1 a802a62c019b41f6bd57f4d6239cbd6f 44b1018b5f8f4ce2a2527e1902e9f193 - - default default] Volume info retrieved successfully.
2023-05-31 12:51:01.353 19 INFO cinder.volume.api [req-870be69f-2e7a-4a7b-a345-b43bd32ede9f req-a86cb5b7-4579-463a-8681-2d764c22cdc1 a802a62c019b41f6bd57f4d6239cbd6f 44b1018b5f8f4ce2a2527e1902e9f193 - - default default] Delete volume request issued successfully.
2023-05-31 12:51:01.353 19 INFO cinder.api.openstack.wsgi [req-870be69f-2e7a-4a7b-a345-b43bd32ede9f req-a86cb5b7-4579-463a-8681-2d764c22cdc1 a802a62c019b41f6bd57f4d6239cbd6f 44b1018b5f8f4ce2a2527e1902e9f193 - - default default] http://[LB_IP_ADDRESS]:8776/v3/44b1018b5f8f4ce2a2527e1902e9f193/volumes/5d834c53-4fcc-4d9f-984e-765bdd8bb3ce returned with HTTP 202
2023-05-31 12:51:01.377 21 INFO cinder.api.openstack.wsgi [req-0d68a1be-a357-4ac9-a134-2922c66d9960 req-7b006c9e-994e-4f3a-a6a9-5dd1d66242c0 a802a62c019b41f6bd57f4d6239cbd6f 44b1018b5f8f4ce2a2527e1902e9f193 - - default default] GET http://[LB_IP_ADDRESS]:8776/v3/44b1018b5f8f4ce2a2527e1902e9f193/volumes/5d834c53-4fcc-4d9f-984e-765bdd8bb3ce
2023-05-31 12:51:01.396 21 INFO cinder.volume.api [req-0d68a1be-a357-4ac9-a134-2922c66d9960 req-7b006c9e-994e-4f3a-a6a9-5dd1d66242c0 a802a62c019b41f6bd57f4d6239cbd6f 44b1018b5f8f4ce2a2527e1902e9f193 - - default default] Volume info retrieved successfully.
2023-05-31 12:51:01.403 21 INFO cinder.api.openstack.wsgi [req-0d68a1be-a357-4ac9-a134-2922c66d9960 req-7b006c9e-994e-4f3a-a6a9-5dd1d66242c0 a802a62c019b41f6bd57f4d6239cbd6f 44b1018b5f8f4ce2a2527e1902e9f193 - - default default] http://[LB_IP_ADDRESS]:8776/v3/44b1018b5f8f4ce2a2527e1902e9f193/volumes/5d834c53-4fcc-4d9f-984e-765bdd8bb3ce returned with HTTP 200
2023-05-31 12:51:02.429 22 INFO cinder.api.openstack.wsgi [req-d9ea6c7a-5608-4f26-b500-d8a88940678f req-35881f11-8d1c-4fdb-8696-a082d3c502c7 a802a62c019b41f6bd57f4d6239cbd6f 44b1018b5f8f4ce2a2527e1902e9f193 - - default default] GET http://[LB_IP_ADDRESS]:8776/v3/44b1018b5f8f4ce2a2527e1902e9f193/volumes/5d834c53-4fcc-4d9f-984e-765bdd8bb3ce
2023-05-31 12:51:02.440 22 INFO cinder.api.openstack.wsgi [req-d9ea6c7a-5608-4f26-b500-d8a88940678f req-35881f11-8d1c-4fdb-8696-a082d3c502c7 a802a62c019b41f6bd57f4d6239cbd6f 44b1018b5f8f4ce2a2527e1902e9f193 - - default default] http://[LB_IP_ADDRESS]:8776/v3/44b1018b5f8f4ce2a2527e1902e9f193/volumes/5d834c53-4fcc-4d9f-984e-765bdd8bb3ce returned with HTTP 404
2023-05-31 12:51:02.465 20 INFO cinder.api.openstack.wsgi [req-d4e417e4-410f-40c3-8d7d-a24a3a2582ff req-0e91958f-f950-4760-af54-c57251245da3 a802a62c019b41f6bd57f4d6239cbd6f 44b1018b5f8f4ce2a2527e1902e9f193 - - default default] DELETE http://[LB_IP_ADDRESS]:8776/v3/44b1018b5f8f4ce2a2527e1902e9f193/volumes/5d834c53-4fcc-4d9f-984e-765bdd8bb3ce
2023-05-31 12:51:02.465 20 INFO cinder.api.v3.volumes [req-d4e417e4-410f-40c3-8d7d-a24a3a2582ff req-0e91958f-f950-4760-af54-c57251245da3 a802a62c019b41f6bd57f4d6239cbd6f 44b1018b5f8f4ce2a2527e1902e9f193 - - default default] Delete volume with id: 5d834c53-4fcc-4d9f-984e-765bdd8bb3ce 
2023-05-31 12:51:02.476 20 INFO cinder.api.openstack.wsgi [req-d4e417e4-410f-40c3-8d7d-a24a3a2582ff req-0e91958f-f950-4760-af54-c57251245da3 a802a62c019b41f6bd57f4d6239cbd6f 44b1018b5f8f4ce2a2527e1902e9f193 - - default default] http://[LB_IP_ADDRESS]:8776/v3/44b1018b5f8f4ce2a2527e1902e9f193/volumes/5d834c53-4fcc-4d9f-984e-765bdd8bb3ce returned with HTTP 404
2023-05-31 12:51:02.499 18 INFO cinder.api.openstack.wsgi [req-84b2854b-3c42-4e5e-b085-17b8597566db req-dc46ea1b-c80a-4c44-bc00-c83371fad92c a802a62c019b41f6bd57f4d6239cbd6f 44b1018b5f8f4ce2a2527e1902e9f193 - - default default] GET http://[LB_IP_ADDRESS]:8776/v3/44b1018b5f8f4ce2a2527e1902e9f193/volumes/5d834c53-4fcc-4d9f-984e-765bdd8bb3ce
2023-05-31 12:51:02.510 18 INFO cinder.api.openstack.wsgi [req-84b2854b-3c42-4e5e-b085-17b8597566db req-dc46ea1b-c80a-4c44-bc00-c83371fad92c a802a62c019b41f6bd57f4d6239cbd6f 44b1018b5f8f4ce2a2527e1902e9f193 - - default default] http://[LB_IP_ADDRESS]:8776/v3/44b1018b5f8f4ce2a2527e1902e9f193/volumes/5d834c53-4fcc-4d9f-984e-765bdd8bb3ce returned with HTTP 404
2023-05-31 12:51:03.796 19 INFO cinder.api.openstack.wsgi [None req-a3efd9a1-9d89-48b0-838a-95763d28bc0c 7f5b44c79e3f4b0aae625ec2f6d2c069 a5016207ee8a49edb9d0e0a695b55608 - - default default] GET http://[LB_IP_ADDRESS]:8776/v3/a5016207ee8a49edb9d0e0a695b55608/scheduler-stats/get_pools
2023-05-31 12:51:03.817 19 INFO cinder.api.openstack.wsgi [None req-a3efd9a1-9d89-48b0-838a-95763d28bc0c 7f5b44c79e3f4b0aae625ec2f6d2c069 a5016207ee8a49edb9d0e0a695b55608 - - default default] http://[LB_IP_ADDRESS]:8776/v3/a5016207ee8a49edb9d0e0a695b55608/scheduler-stats/get_pools returned with HTTP 200
2023-05-31 12:51:03.831 21 INFO cinder.api.openstack.wsgi [None req-8f5eca1d-89aa-4656-8191-f37e3cb1cd35 7f5b44c79e3f4b0aae625ec2f6d2c069 a5016207ee8a49edb9d0e0a695b55608 - - default default] GET http://[LB_IP_ADDRESS]:8776/v3/a5016207ee8a49edb9d0e0a695b55608/scheduler-stats/get_pools?detail=True
2023-05-31 12:51:03.845 21 INFO cinder.api.openstack.wsgi [None req-8f5eca1d-89aa-4656-8191-f37e3cb1cd35 7f5b44c79e3f4b0aae625ec2f6d2c069 a5016207ee8a49edb9d0e0a695b55608 - - default default] http://[LB_IP_ADDRESS]:8776/v3/a5016207ee8a49edb9d0e0a695b55608/scheduler-stats/get_pools?detail=True returned with HTTP 200
2023-05-31 12:51:03.859 22 INFO cinder.api.openstack.wsgi [None req-b6e20c4b-d5fb-4930-9c29-3968f23e5174 7f5b44c79e3f4b0aae625ec2f6d2c069 a5016207ee8a49edb9d0e0a695b55608 - - default default] GET http://[LB_IP_ADDRESS]:8776/v3/a5016207ee8a49edb9d0e0a695b55608/capabilities/rack02-server70@LIGHTOSiptkjp
2023-05-31 12:51:03.875 22 INFO cinder.api.openstack.wsgi [None req-b6e20c4b-d5fb-4930-9c29-3968f23e5174 7f5b44c79e3f4b0aae625ec2f6d2c069 a5016207ee8a49edb9d0e0a695b55608 - - default default] http://[LB_IP_ADDRESS]:8776/v3/a5016207ee8a49edb9d0e0a695b55608/capabilities/rack02-server70@LIGHTOSiptkjp returned with HTTP 200
2023-05-31 12:51:03.891 20 INFO cinder.api.openstack.wsgi [None req-edd5bc90-c0c0-459b-9c95-090cee07c28a 7f5b44c79e3f4b0aae625ec2f6d2c069 a5016207ee8a49edb9d0e0a695b55608 - - default default] GET http://[LB_IP_ADDRESS]:8776/v3/a5016207ee8a49edb9d0e0a695b55608/capabilities/rack02-server70@LIGHTOSiptkjp
2023-05-31 12:51:03.908 20 INFO cinder.api.openstack.wsgi [None req-edd5bc90-c0c0-459b-9c95-090cee07c28a 7f5b44c79e3f4b0aae625ec2f6d2c069 a5016207ee8a49edb9d0e0a695b55608 - - default default] http://[LB_IP_ADDRESS]:8776/v3/a5016207ee8a49edb9d0e0a695b55608/capabilities/rack02-server70@LIGHTOSiptkjp returned with HTTP 200
2023-05-31 12:51:04.318 18 INFO cinder.api.openstack.wsgi [None req-3c8325e9-4c4e-4690-ba75-db9fa89afd25 62620c0a12554a97b57cf6263e14e3e1 e7373af474b841b98c7dc058816402d6 - - default default] POST http://[LB_IP_ADDRESS]:8776/v3/e7373af474b841b98c7dc058816402d6/types
2023-05-31 12:51:04.339 18 INFO cinder.api.openstack.wsgi [None req-3c8325e9-4c4e-4690-ba75-db9fa89afd25 62620c0a12554a97b57cf6263e14e3e1 e7373af474b841b98c7dc058816402d6 - - default default] http://[LB_IP_ADDRESS]:8776/v3/e7373af474b841b98c7dc058816402d6/types returned with HTTP 200
2023-05-31 12:51:04.353 19 INFO cinder.api.openstack.wsgi [None req-f9f48b3f-682f-44da-8bdd-eeaa2e7f5052 62620c0a12554a97b57cf6263e14e3e1 e7373af474b841b98c7dc058816402d6 - - default default] POST http://[LB_IP_ADDRESS]:8776/v3/e7373af474b841b98c7dc058816402d6/group_types
2023-05-31 12:51:04.375 19 INFO cinder.api.openstack.wsgi [None req-f9f48b3f-682f-44da-8bdd-eeaa2e7f5052 62620c0a12554a97b57cf6263e14e3e1 e7373af474b841b98c7dc058816402d6 - - default default] http://[LB_IP_ADDRESS]:8776/v3/e7373af474b841b98c7dc058816402d6/group_types returned with HTTP 202
2023-05-31 12:51:04.563 21 INFO cinder.api.openstack.wsgi [None req-fb76777d-23eb-44f4-9da0-eeda607518f3 1d5ea445606a45189ae8cd44cadfd332 9e7e5ee70b044423bad1420e544760f8 - - default default] POST http://[LB_IP_ADDRESS]:8776/v3/9e7e5ee70b044423bad1420e544760f8/groups
2023-05-31 12:51:04.573 21 INFO cinder.api.v3.groups [None req-fb76777d-23eb-44f4-9da0-eeda607518f3 1d5ea445606a45189ae8cd44cadfd332 9e7e5ee70b044423bad1420e544760f8 - - default default] Creating group tempest-GroupSnapshotsV319Test-Group-1596775797.
2023-05-31 12:51:04.586 21 INFO cinder.volume.api [None req-fb76777d-23eb-44f4-9da0-eeda607518f3 1d5ea445606a45189ae8cd44cadfd332 9e7e5ee70b044423bad1420e544760f8 - - default default] Availability Zones retrieved successfully.
2023-05-31 12:51:04.652 21 INFO cinder.api.openstack.wsgi [None req-fb76777d-23eb-44f4-9da0-eeda607518f3 1d5ea445606a45189ae8cd44cadfd332 9e7e5ee70b044423bad1420e544760f8 - - default default] http://[LB_IP_ADDRESS]:8776/v3/9e7e5ee70b044423bad1420e544760f8/groups returned with HTTP 202
2023-05-31 12:51:04.664 22 INFO cinder.api.openstack.wsgi [None req-95dea7a3-9f6b-4977-92af-52370dadc54d 1d5ea445606a45189ae8cd44cadfd332 9e7e5ee70b044423bad1420e544760f8 - - default default] GET http://[LB_IP_ADDRESS]:8776/v3/9e7e5ee70b044423bad1420e544760f8/groups/ce018e73-6fe6-4ea0-956b-afac46d7822c
2023-05-31 12:51:04.682 22 INFO cinder.api.openstack.wsgi [None req-95dea7a3-9f6b-4977-92af-52370dadc54d 1d5ea445606a45189ae8cd44cadfd332 9e7e5ee70b044423bad1420e544760f8 - - default default] http://[LB_IP_ADDRESS]:8776/v3/9e7e5ee70b044423bad1420e544760f8/groups/ce018e73-6fe6-4ea0-956b-afac46d7822c returned with HTTP 200
2023-05-31 12:51:05.373 20 INFO cinder.api.openstack.wsgi [None req-45cf7213-a3eb-4628-95d5-ab2456e6b255 5b93416a44ac4e399b6762853497aced cd7b59920af84a50a60953863eb1462f - - default default] POST http://[LB_IP_ADDRESS]:8776/v3/cd7b59920af84a50a60953863eb1462f/volumes
2023-05-31 12:51:05.377 20 INFO cinder.api.v3.volumes [None req-45cf7213-a3eb-4628-95d5-ab2456e6b255 5b93416a44ac4e399b6762853497aced cd7b59920af84a50a60953863eb1462f - - default default] Create volume of 1 GB
2023-05-31 12:51:05.388 20 INFO cinder.volume.api [None req-45cf7213-a3eb-4628-95d5-ab2456e6b255 5b93416a44ac4e399b6762853497aced cd7b59920af84a50a60953863eb1462f - - default default] Availability Zones retrieved successfully.
2023-05-31 12:51:05.594 20 INFO cinder.volume.api [None req-45cf7213-a3eb-4628-95d5-ab2456e6b255 5b93416a44ac4e399b6762853497aced cd7b59920af84a50a60953863eb1462f - - default default] Create volume request issued successfully.
2023-05-31 12:51:05.596 20 INFO cinder.api.openstack.wsgi [None req-45cf7213-a3eb-4628-95d5-ab2456e6b255 5b93416a44ac4e399b6762853497aced cd7b59920af84a50a60953863eb1462f - - default default] http://[LB_IP_ADDRESS]:8776/v3/cd7b59920af84a50a60953863eb1462f/volumes returned with HTTP 202
2023-05-31 12:51:05.614 18 INFO cinder.api.openstack.wsgi [None req-3902bfb1-decb-461e-b616-4e50c3a5bada 5b93416a44ac4e399b6762853497aced cd7b59920af84a50a60953863eb1462f - - default default] GET http://[LB_IP_ADDRESS]:8776/v3/cd7b59920af84a50a60953863eb1462f/volumes/48b022b1-f3dd-4a80-925c-72dbf70bcf64
2023-05-31 12:51:05.634 18 INFO cinder.volume.api [None req-3902bfb1-decb-461e-b616-4e50c3a5bada 5b93416a44ac4e399b6762853497aced cd7b59920af84a50a60953863eb1462f - - default default] Volume info retrieved successfully.
2023-05-31 12:51:05.642 18 INFO cinder.api.openstack.wsgi [None req-3902bfb1-decb-461e-b616-4e50c3a5bada 5b93416a44ac4e399b6762853497aced cd7b59920af84a50a60953863eb1462f - - default default] http://[LB_IP_ADDRESS]:8776/v3/cd7b59920af84a50a60953863eb1462f/volumes/48b022b1-f3dd-4a80-925c-72dbf70bcf64 returned with HTTP 200
2023-05-31 12:51:05.696 19 INFO cinder.api.openstack.wsgi [None req-0a7fd97a-98f8-473a-86d5-602291224985 1d5ea445606a45189ae8cd44cadfd332 9e7e5ee70b044423bad1420e544760f8 - - default default] GET http://[LB_IP_ADDRESS]:8776/v3/9e7e5ee70b044423bad1420e544760f8/groups/ce018e73-6fe6-4ea0-956b-afac46d7822c
2023-05-31 12:51:05.715 19 INFO cinder.api.openstack.wsgi [None req-0a7fd97a-98f8-473a-86d5-602291224985 1d5ea445606a45189ae8cd44cadfd332 9e7e5ee70b044423bad1420e544760f8 - - default default] http://[LB_IP_ADDRESS]:8776/v3/9e7e5ee70b044423bad1420e544760f8/groups/ce018e73-6fe6-4ea0-956b-afac46d7822c returned with HTTP 200
2023-05-31 12:51:05.728 21 INFO cinder.api.openstack.wsgi [None req-06b617eb-baf8-498d-a08b-de03964bce88 1d5ea445606a45189ae8cd44cadfd332 9e7e5ee70b044423bad1420e544760f8 - - default default] POST http://[LB_IP_ADDRESS]:8776/v3/9e7e5ee70b044423bad1420e544760f8/volumes
2023-05-31 12:51:05.742 21 INFO cinder.api.v3.volumes [None req-06b617eb-baf8-498d-a08b-de03964bce88 1d5ea445606a45189ae8cd44cadfd332 9e7e5ee70b044423bad1420e544760f8 - - default default] Create volume of 1 GB
2023-05-31 12:51:05.751 21 INFO cinder.volume.api [None req-06b617eb-baf8-498d-a08b-de03964bce88 1d5ea445606a45189ae8cd44cadfd332 9e7e5ee70b044423bad1420e544760f8 - - default default] Availability Zones retrieved successfully.
2023-05-31 12:51:05.854 21 WARNING cinder.quota [None req-06b617eb-baf8-498d-a08b-de03964bce88 1d5ea445606a45189ae8cd44cadfd332 9e7e5ee70b044423bad1420e544760f8 - - default default] Deprecated: Default quota for resource: volumes_tempest-GroupSnapshotsV319Test-volume-type-1563534654 is set by the default quota flag: quota_volumes_tempest-GroupSnapshotsV319Test-volume-type-1563534654, it is now deprecated. Please use the default quota class for default quota.
2023-05-31 12:51:05.855 21 WARNING cinder.quota [None req-06b617eb-baf8-498d-a08b-de03964bce88 1d5ea445606a45189ae8cd44cadfd332 9e7e5ee70b044423bad1420e544760f8 - - default default] Deprecated: Default quota for resource: gigabytes_tempest-GroupSnapshotsV319Test-volume-type-1563534654 is set by the default quota flag: quota_gigabytes_tempest-GroupSnapshotsV319Test-volume-type-1563534654, it is now deprecated. Please use the default quota class for default quota.
2023-05-31 12:51:05.950 21 INFO cinder.volume.api [None req-06b617eb-baf8-498d-a08b-de03964bce88 1d5ea445606a45189ae8cd44cadfd332 9e7e5ee70b044423bad1420e544760f8 - - default default] Create volume request issued successfully.
2023-05-31 12:51:05.967 21 INFO cinder.api.openstack.wsgi [None req-06b617eb-baf8-498d-a08b-de03964bce88 1d5ea445606a45189ae8cd44cadfd332 9e7e5ee70b044423bad1420e544760f8 - - default default] http://[LB_IP_ADDRESS]:8776/v3/9e7e5ee70b044423bad1420e544760f8/volumes returned with HTTP 202
2023-05-31 12:51:05.985 22 INFO cinder.api.openstack.wsgi [None req-b5b1b98a-8992-4b6e-a0a3-87f0a8683022 1d5ea445606a45189ae8cd44cadfd332 9e7e5ee70b044423bad1420e544760f8 - - default default] GET http://[LB_IP_ADDRESS]:8776/v3/9e7e5ee70b044423bad1420e544760f8/volumes/a7798967-b4df-42ab-b34e-fba450e17834
2023-05-31 12:51:06.006 22 INFO cinder.volume.api [None req-b5b1b98a-8992-4b6e-a0a3-87f0a8683022 1d5ea445606a45189ae8cd44cadfd332 9e7e5ee70b044423bad1420e544760f8 - - default default] Volume info retrieved successfully.
2023-05-31 12:51:06.028 22 INFO cinder.api.openstack.wsgi [None req-b5b1b98a-8992-4b6e-a0a3-87f0a8683022 1d5ea445606a45189ae8cd44cadfd332 9e7e5ee70b044423bad1420e544760f8 - - default default] http://[LB_IP_ADDRESS]:8776/v3/9e7e5ee70b044423bad1420e544760f8/volumes/a7798967-b4df-42ab-b34e-fba450e17834 returned with HTTP 200
2023-05-31 12:51:06.661 20 INFO cinder.api.openstack.wsgi [None req-125766a8-9dd5-4b7c-adb5-d63beaa6925e 5b93416a44ac4e399b6762853497aced cd7b59920af84a50a60953863eb1462f - - default default] GET http://[LB_IP_ADDRESS]:8776/v3/cd7b59920af84a50a60953863eb1462f/volumes/48b022b1-f3dd-4a80-925c-72dbf70bcf64
2023-05-31 12:51:06.680 20 INFO cinder.volume.api [None req-125766a8-9dd5-4b7c-adb5-d63beaa6925e 5b93416a44ac4e399b6762853497aced cd7b59920af84a50a60953863eb1462f - - default default] Volume info retrieved successfully.
2023-05-31 12:51:06.688 20 INFO cinder.api.openstack.wsgi [None req-125766a8-9dd5-4b7c-adb5-d63beaa6925e 5b93416a44ac4e399b6762853497aced cd7b59920af84a50a60953863eb1462f - - default default] http://[LB_IP_ADDRESS]:8776/v3/cd7b59920af84a50a60953863eb1462f/volumes/48b022b1-f3dd-4a80-925c-72dbf70bcf64 returned with HTTP 200
2023-05-31 12:51:06.719 18 INFO cinder.api.openstack.wsgi [req-a9944715-ccf9-4fb5-bb25-80f4e7aeb15b req-84602900-8aed-4902-81a7-cce182d8e03e 5b93416a44ac4e399b6762853497aced cd7b59920af84a50a60953863eb1462f - - default default] GET http://[LB_IP_ADDRESS]:8776/v3/cd7b59920af84a50a60953863eb1462f/volumes/48b022b1-f3dd-4a80-925c-72dbf70bcf64
2023-05-31 12:51:06.738 18 INFO cinder.volume.api [req-a9944715-ccf9-4fb5-bb25-80f4e7aeb15b req-84602900-8aed-4902-81a7-cce182d8e03e 5b93416a44ac4e399b6762853497aced cd7b59920af84a50a60953863eb1462f - - default default] Volume info retrieved successfully.
2023-05-31 12:51:06.745 18 INFO cinder.api.openstack.wsgi [req-a9944715-ccf9-4fb5-bb25-80f4e7aeb15b req-84602900-8aed-4902-81a7-cce182d8e03e 5b93416a44ac4e399b6762853497aced cd7b59920af84a50a60953863eb1462f - - default default] http://[LB_IP_ADDRESS]:8776/v3/cd7b59920af84a50a60953863eb1462f/volumes/48b022b1-f3dd-4a80-925c-72dbf70bcf64 returned with HTTP 200
2023-05-31 12:51:06.760 19 INFO cinder.api.openstack.wsgi [None req-f777a17f-1929-407d-83bd-3e3415f47858 5b93416a44ac4e399b6762853497aced cd7b59920af84a50a60953863eb1462f - - default default] POST http://[LB_IP_ADDRESS]:8776/v3/cd7b59920af84a50a60953863eb1462f/volumes
2023-05-31 12:51:06.762 19 INFO cinder.api.v3.volumes [None req-f777a17f-1929-407d-83bd-3e3415f47858 5b93416a44ac4e399b6762853497aced cd7b59920af84a50a60953863eb1462f - - default default] Create volume of 1 GB
2023-05-31 12:51:06.774 19 INFO cinder.volume.api [None req-f777a17f-1929-407d-83bd-3e3415f47858 5b93416a44ac4e399b6762853497aced cd7b59920af84a50a60953863eb1462f - - default default] Availability Zones retrieved successfully.
2023-05-31 12:51:06.954 19 INFO cinder.volume.api [None req-f777a17f-1929-407d-83bd-3e3415f47858 5b93416a44ac4e399b6762853497aced cd7b59920af84a50a60953863eb1462f - - default default] Create volume request issued successfully.
2023-05-31 12:51:06.956 19 INFO cinder.api.openstack.wsgi [None req-f777a17f-1929-407d-83bd-3e3415f47858 5b93416a44ac4e399b6762853497aced cd7b59920af84a50a60953863eb1462f - - default default] http://[LB_IP_ADDRESS]:8776/v3/cd7b59920af84a50a60953863eb1462f/volumes returned with HTTP 202
2023-05-31 12:51:06.973 21 INFO cinder.api.openstack.wsgi [None req-7a100162-e64a-489c-aed0-b261c38e05d7 5b93416a44ac4e399b6762853497aced cd7b59920af84a50a60953863eb1462f - - default default] GET http://[LB_IP_ADDRESS]:8776/v3/cd7b59920af84a50a60953863eb1462f/volumes/6a35d420-92ef-496e-8a29-3e01d511812e
2023-05-31 12:51:06.992 21 INFO cinder.volume.api [None req-7a100162-e64a-489c-aed0-b261c38e05d7 5b93416a44ac4e399b6762853497aced cd7b59920af84a50a60953863eb1462f - - default default] Volume info retrieved successfully.
2023-05-31 12:51:07.000 21 INFO cinder.api.openstack.wsgi [None req-7a100162-e64a-489c-aed0-b261c38e05d7 5b93416a44ac4e399b6762853497aced cd7b59920af84a50a60953863eb1462f - - default default] http://[LB_IP_ADDRESS]:8776/v3/cd7b59920af84a50a60953863eb1462f/volumes/6a35d420-92ef-496e-8a29-3e01d511812e returned with HTTP 200
2023-05-31 12:51:07.047 22 INFO cinder.api.openstack.wsgi [None req-00870441-e4d1-459d-9ae6-7ee6d9124989 1d5ea445606a45189ae8cd44cadfd332 9e7e5ee70b044423bad1420e544760f8 - - default default] GET http://[LB_IP_ADDRESS]:8776/v3/9e7e5ee70b044423bad1420e544760f8/volumes/a7798967-b4df-42ab-b34e-fba450e17834
2023-05-31 12:51:07.067 22 INFO cinder.volume.api [None req-00870441-e4d1-459d-9ae6-7ee6d9124989 1d5ea445606a45189ae8cd44cadfd332 9e7e5ee70b044423bad1420e544760f8 - - default default] Volume info retrieved successfully.
2023-05-31 12:51:07.088 22 INFO cinder.api.openstack.wsgi [None req-00870441-e4d1-459d-9ae6-7ee6d9124989 1d5ea445606a45189ae8cd44cadfd332 9e7e5ee70b044423bad1420e544760f8 - - default default] http://[LB_IP_ADDRESS]:8776/v3/9e7e5ee70b044423bad1420e544760f8/volumes/a7798967-b4df-42ab-b34e-fba450e17834 returned with HTTP 200
2023-05-31 12:51:08.018 20 INFO cinder.api.openstack.wsgi [None req-12c72f81-860a-4f9e-b74e-4922c74028dc 5b93416a44ac4e399b6762853497aced cd7b59920af84a50a60953863eb1462f - - default default] GET http://[LB_IP_ADDRESS]:8776/v3/cd7b59920af84a50a60953863eb1462f/volumes/6a35d420-92ef-496e-8a29-3e01d511812e
2023-05-31 12:51:08.037 20 INFO cinder.volume.api [None req-12c72f81-860a-4f9e-b74e-4922c74028dc 5b93416a44ac4e399b6762853497aced cd7b59920af84a50a60953863eb1462f - - default default] Volume info retrieved successfully.
2023-05-31 12:51:08.044 20 INFO cinder.api.openstack.wsgi [None req-12c72f81-860a-4f9e-b74e-4922c74028dc 5b93416a44ac4e399b6762853497aced cd7b59920af84a50a60953863eb1462f - - default default] http://[LB_IP_ADDRESS]:8776/v3/cd7b59920af84a50a60953863eb1462f/volumes/6a35d420-92ef-496e-8a29-3e01d511812e returned with HTTP 200
2023-05-31 12:51:08.072 18 INFO cinder.api.openstack.wsgi [req-d026a941-9fb7-4f41-a40f-b131df43e0e0 req-11e0a2b1-2234-41b9-b90a-bf5b0b5fbcf2 5b93416a44ac4e399b6762853497aced cd7b59920af84a50a60953863eb1462f - - default default] GET http://[LB_IP_ADDRESS]:8776/v3/cd7b59920af84a50a60953863eb1462f/volumes/6a35d420-92ef-496e-8a29-3e01d511812e
2023-05-31 12:51:08.092 18 INFO cinder.volume.api [req-d026a941-9fb7-4f41-a40f-b131df43e0e0 req-11e0a2b1-2234-41b9-b90a-bf5b0b5fbcf2 5b93416a44ac4e399b6762853497aced cd7b59920af84a50a60953863eb1462f - - default default] Volume info retrieved successfully.
2023-05-31 12:51:08.099 18 INFO cinder.api.openstack.wsgi [req-d026a941-9fb7-4f41-a40f-b131df43e0e0 req-11e0a2b1-2234-41b9-b90a-bf5b0b5fbcf2 5b93416a44ac4e399b6762853497aced cd7b59920af84a50a60953863eb1462f - - default default] http://[LB_IP_ADDRESS]:8776/v3/cd7b59920af84a50a60953863eb1462f/volumes/6a35d420-92ef-496e-8a29-3e01d511812e returned with HTTP 200
