2026-06-05 17:52:57.546 76 INFO cinder.api.openstack.wsgi [req-7577b647-6d03-4224-8d37-1656e2d66a9d req-d0d26d04-e7da-4ec1-99a6-ddb298f96630 63c48e08b1c5411f816ff586ff3e8814 90b0863d1e0d4053b0012ab6212cb7ac - - default default] http://[LB_IP_ADDRESS]:8776/v3/volumes/tempest-invalid-133112513 returned with HTTP 404
2026-06-05 17:52:57.601 74 INFO cinder.api.openstack.wsgi [req-87644ac5-dea7-408e-8628-d72381f4c7e9 req-cb54f6e8-f428-456d-a392-2d503190cf80 63c48e08b1c5411f816ff586ff3e8814 90b0863d1e0d4053b0012ab6212cb7ac - - default default] DELETE http://[LB_IP_ADDRESS]:8776/v3/volumes/f148930a-05ed-48a8-bd8d-9910c488bbf8
2026-06-05 17:52:57.601 74 INFO cinder.api.v3.volumes [req-87644ac5-dea7-408e-8628-d72381f4c7e9 req-cb54f6e8-f428-456d-a392-2d503190cf80 63c48e08b1c5411f816ff586ff3e8814 90b0863d1e0d4053b0012ab6212cb7ac - - default default] Delete volume with id: f148930a-05ed-48a8-bd8d-9910c488bbf8 
2026-06-05 17:52:57.613 74 INFO cinder.api.openstack.wsgi [req-87644ac5-dea7-408e-8628-d72381f4c7e9 req-cb54f6e8-f428-456d-a392-2d503190cf80 63c48e08b1c5411f816ff586ff3e8814 90b0863d1e0d4053b0012ab6212cb7ac - - default default] http://[LB_IP_ADDRESS]:8776/v3/volumes/f148930a-05ed-48a8-bd8d-9910c488bbf8 returned with HTTP 404
2026-06-05 17:52:57.646 75 INFO cinder.api.openstack.wsgi [req-f09ae7af-a8b4-4af3-8aa7-df40d3e719ba req-6cfad4ae-2274-4a31-b7ac-af614dd75dfa 63c48e08b1c5411f816ff586ff3e8814 90b0863d1e0d4053b0012ab6212cb7ac - - default default] GET http://[LB_IP_ADDRESS]:8776/v3/volumes/73c91b9a-4bfb-4aae-b6bc-2eb08cd0f6cb
2026-06-05 17:52:57.659 75 INFO cinder.api.openstack.wsgi [req-f09ae7af-a8b4-4af3-8aa7-df40d3e719ba req-6cfad4ae-2274-4a31-b7ac-af614dd75dfa 63c48e08b1c5411f816ff586ff3e8814 90b0863d1e0d4053b0012ab6212cb7ac - - default default] http://[LB_IP_ADDRESS]:8776/v3/volumes/73c91b9a-4bfb-4aae-b6bc-2eb08cd0f6cb returned with HTTP 404
2026-06-05 17:52:59.930 73 INFO cinder.api.openstack.wsgi [None req-24fa4010-a7ce-4d2b-ac97-7bf5fb1131cc 2484029b16f44631813368d0b252de72 e323ab2084a147da8b8d1454e01b9ac0 - - default default] POST http://[LB_IP_ADDRESS]:8776/v3/e323ab2084a147da8b8d1454e01b9ac0/types
2026-06-05 17:52:59.959 73 INFO cinder.api.openstack.wsgi [None req-24fa4010-a7ce-4d2b-ac97-7bf5fb1131cc 2484029b16f44631813368d0b252de72 e323ab2084a147da8b8d1454e01b9ac0 - - default default] http://[LB_IP_ADDRESS]:8776/v3/e323ab2084a147da8b8d1454e01b9ac0/types returned with HTTP 200
2026-06-05 17:52:59.974 72 INFO cinder.api.openstack.wsgi [None req-be05f9ed-7e9c-4081-8896-47028e05a18a 2484029b16f44631813368d0b252de72 e323ab2084a147da8b8d1454e01b9ac0 - - default default] POST http://[LB_IP_ADDRESS]:8776/v3/e323ab2084a147da8b8d1454e01b9ac0/group_types
2026-06-05 17:52:59.998 72 INFO cinder.api.openstack.wsgi [None req-be05f9ed-7e9c-4081-8896-47028e05a18a 2484029b16f44631813368d0b252de72 e323ab2084a147da8b8d1454e01b9ac0 - - default default] http://[LB_IP_ADDRESS]:8776/v3/e323ab2084a147da8b8d1454e01b9ac0/group_types returned with HTTP 202
2026-06-05 17:53:00.193 76 INFO cinder.api.openstack.wsgi [None req-67abd58f-6f85-491f-bd44-4406bf456fd5 2618c9b41b19416b83b0b985ab20a44d 5681753d5c094a82afe9f5f0d06dfd17 - - default default] POST http://[LB_IP_ADDRESS]:8776/v3/5681753d5c094a82afe9f5f0d06dfd17/groups
2026-06-05 17:53:00.203 76 INFO cinder.api.v3.groups [None req-67abd58f-6f85-491f-bd44-4406bf456fd5 2618c9b41b19416b83b0b985ab20a44d 5681753d5c094a82afe9f5f0d06dfd17 - - default default] Creating group tempest-GroupSnapshotsTest-Group-1681157772.
2026-06-05 17:53:00.213 76 INFO cinder.volume.api [None req-67abd58f-6f85-491f-bd44-4406bf456fd5 2618c9b41b19416b83b0b985ab20a44d 5681753d5c094a82afe9f5f0d06dfd17 - - default default] Availability Zones retrieved successfully.
2026-06-05 17:53:00.303 76 INFO cinder.api.openstack.wsgi [None req-67abd58f-6f85-491f-bd44-4406bf456fd5 2618c9b41b19416b83b0b985ab20a44d 5681753d5c094a82afe9f5f0d06dfd17 - - default default] http://[LB_IP_ADDRESS]:8776/v3/5681753d5c094a82afe9f5f0d06dfd17/groups returned with HTTP 202
2026-06-05 17:53:00.317 74 INFO cinder.api.openstack.wsgi [None req-cacffd96-4d49-46e1-98d6-d21502949cb3 2618c9b41b19416b83b0b985ab20a44d 5681753d5c094a82afe9f5f0d06dfd17 - - default default] GET http://[LB_IP_ADDRESS]:8776/v3/5681753d5c094a82afe9f5f0d06dfd17/groups/4e4bccf2-b026-4317-98b3-cb786e8c8db3
2026-06-05 17:53:00.339 74 INFO cinder.api.openstack.wsgi [None req-cacffd96-4d49-46e1-98d6-d21502949cb3 2618c9b41b19416b83b0b985ab20a44d 5681753d5c094a82afe9f5f0d06dfd17 - - default default] http://[LB_IP_ADDRESS]:8776/v3/5681753d5c094a82afe9f5f0d06dfd17/groups/4e4bccf2-b026-4317-98b3-cb786e8c8db3 returned with HTTP 200
2026-06-05 17:53:01.138 75 INFO cinder.api.openstack.wsgi [None req-9450978b-042c-4b14-88d8-6a0788014f25 1f609f8b848a4d70927581e34008487d 551d719b104c4363966e75e6570bd601 - - default default] POST http://[LB_IP_ADDRESS]:8776/v3/551d719b104c4363966e75e6570bd601/types
2026-06-05 17:53:01.165 75 INFO cinder.api.openstack.wsgi [None req-9450978b-042c-4b14-88d8-6a0788014f25 1f609f8b848a4d70927581e34008487d 551d719b104c4363966e75e6570bd601 - - default default] http://[LB_IP_ADDRESS]:8776/v3/551d719b104c4363966e75e6570bd601/types returned with HTTP 200
2026-06-05 17:53:01.179 73 INFO cinder.api.openstack.wsgi [None req-956e4913-e9ad-4b73-80bb-c938f4090727 1f609f8b848a4d70927581e34008487d 551d719b104c4363966e75e6570bd601 - - default default] POST http://[LB_IP_ADDRESS]:8776/v3/551d719b104c4363966e75e6570bd601/group_types
2026-06-05 17:53:01.203 73 INFO cinder.api.openstack.wsgi [None req-956e4913-e9ad-4b73-80bb-c938f4090727 1f609f8b848a4d70927581e34008487d 551d719b104c4363966e75e6570bd601 - - default default] http://[LB_IP_ADDRESS]:8776/v3/551d719b104c4363966e75e6570bd601/group_types returned with HTTP 202
2026-06-05 17:53:01.334 72 INFO cinder.api.openstack.wsgi [None req-d0396817-3ea9-460e-9bca-d54862908c5b 4aa350d20c984ef79aa5a6e8cd3c107b 2c911fb59782449b80345d51c3b8643d - - default default] POST http://[LB_IP_ADDRESS]:8776/v3/2c911fb59782449b80345d51c3b8643d/groups
2026-06-05 17:53:01.345 72 INFO cinder.api.v3.groups [None req-d0396817-3ea9-460e-9bca-d54862908c5b 4aa350d20c984ef79aa5a6e8cd3c107b 2c911fb59782449b80345d51c3b8643d - - default default] Creating group tempest-Group1-1847726470.
2026-06-05 17:53:01.355 76 INFO cinder.api.openstack.wsgi [None req-048165ff-c324-4419-8405-623781e0fdd3 2618c9b41b19416b83b0b985ab20a44d 5681753d5c094a82afe9f5f0d06dfd17 - - default default] GET http://[LB_IP_ADDRESS]:8776/v3/5681753d5c094a82afe9f5f0d06dfd17/groups/4e4bccf2-b026-4317-98b3-cb786e8c8db3
2026-06-05 17:53:01.360 72 INFO cinder.volume.api [None req-d0396817-3ea9-460e-9bca-d54862908c5b 4aa350d20c984ef79aa5a6e8cd3c107b 2c911fb59782449b80345d51c3b8643d - - default default] Availability Zones retrieved successfully.
2026-06-05 17:53:01.376 76 INFO cinder.api.openstack.wsgi [None req-048165ff-c324-4419-8405-623781e0fdd3 2618c9b41b19416b83b0b985ab20a44d 5681753d5c094a82afe9f5f0d06dfd17 - - default default] http://[LB_IP_ADDRESS]:8776/v3/5681753d5c094a82afe9f5f0d06dfd17/groups/4e4bccf2-b026-4317-98b3-cb786e8c8db3 returned with HTTP 200
2026-06-05 17:53:01.392 74 INFO cinder.api.openstack.wsgi [None req-3c471e3a-5459-451a-8152-cc18b9a39796 2618c9b41b19416b83b0b985ab20a44d 5681753d5c094a82afe9f5f0d06dfd17 - - default default] POST http://[LB_IP_ADDRESS]:8776/v3/5681753d5c094a82afe9f5f0d06dfd17/volumes
2026-06-05 17:53:01.407 74 INFO cinder.api.v3.volumes [None req-3c471e3a-5459-451a-8152-cc18b9a39796 2618c9b41b19416b83b0b985ab20a44d 5681753d5c094a82afe9f5f0d06dfd17 - - default default] Create volume of 1 GB
2026-06-05 17:53:01.422 74 INFO cinder.volume.api [None req-3c471e3a-5459-451a-8152-cc18b9a39796 2618c9b41b19416b83b0b985ab20a44d 5681753d5c094a82afe9f5f0d06dfd17 - - default default] Availability Zones retrieved successfully.
2026-06-05 17:53:01.446 72 INFO cinder.api.openstack.wsgi [None req-d0396817-3ea9-460e-9bca-d54862908c5b 4aa350d20c984ef79aa5a6e8cd3c107b 2c911fb59782449b80345d51c3b8643d - - default default] http://[LB_IP_ADDRESS]:8776/v3/2c911fb59782449b80345d51c3b8643d/groups returned with HTTP 202
2026-06-05 17:53:01.460 75 INFO cinder.api.openstack.wsgi [None req-fbcf3c53-bcd5-4f68-89ab-babd6d5ceb7f 4aa350d20c984ef79aa5a6e8cd3c107b 2c911fb59782449b80345d51c3b8643d - - default default] GET http://[LB_IP_ADDRESS]:8776/v3/2c911fb59782449b80345d51c3b8643d/groups/7c3f042b-ddf8-4cee-b4e6-108ece189d95
2026-06-05 17:53:01.482 75 INFO cinder.api.openstack.wsgi [None req-fbcf3c53-bcd5-4f68-89ab-babd6d5ceb7f 4aa350d20c984ef79aa5a6e8cd3c107b 2c911fb59782449b80345d51c3b8643d - - default default] http://[LB_IP_ADDRESS]:8776/v3/2c911fb59782449b80345d51c3b8643d/groups/7c3f042b-ddf8-4cee-b4e6-108ece189d95 returned with HTTP 200
2026-06-05 17:53:01.636 74 WARNING cinder.quota [None req-3c471e3a-5459-451a-8152-cc18b9a39796 2618c9b41b19416b83b0b985ab20a44d 5681753d5c094a82afe9f5f0d06dfd17 - - default default] Deprecated: Default quota for resource: volumes_tempest-GroupSnapshotsTest-volume-type-160554235 is set by the default quota flag: quota_volumes_tempest-GroupSnapshotsTest-volume-type-160554235, it is now deprecated. Please use the default quota class for default quota.
2026-06-05 17:53:01.637 74 WARNING cinder.quota [None req-3c471e3a-5459-451a-8152-cc18b9a39796 2618c9b41b19416b83b0b985ab20a44d 5681753d5c094a82afe9f5f0d06dfd17 - - default default] Deprecated: Default quota for resource: gigabytes_tempest-GroupSnapshotsTest-volume-type-160554235 is set by the default quota flag: quota_gigabytes_tempest-GroupSnapshotsTest-volume-type-160554235, it is now deprecated. Please use the default quota class for default quota.
2026-06-05 17:53:01.782 74 INFO cinder.volume.api [None req-3c471e3a-5459-451a-8152-cc18b9a39796 2618c9b41b19416b83b0b985ab20a44d 5681753d5c094a82afe9f5f0d06dfd17 - - default default] Create volume request issued successfully.
2026-06-05 17:53:01.802 74 INFO cinder.api.openstack.wsgi [None req-3c471e3a-5459-451a-8152-cc18b9a39796 2618c9b41b19416b83b0b985ab20a44d 5681753d5c094a82afe9f5f0d06dfd17 - - default default] http://[LB_IP_ADDRESS]:8776/v3/5681753d5c094a82afe9f5f0d06dfd17/volumes returned with HTTP 202
2026-06-05 17:53:01.824 73 INFO cinder.api.openstack.wsgi [None req-bf9f4976-4707-4c1b-b595-585087dfc13b 2618c9b41b19416b83b0b985ab20a44d 5681753d5c094a82afe9f5f0d06dfd17 - - default default] GET http://[LB_IP_ADDRESS]:8776/v3/5681753d5c094a82afe9f5f0d06dfd17/volumes/8b7b288e-12b4-477b-857b-adb3f093f96f
2026-06-05 17:53:01.846 73 INFO cinder.volume.api [None req-bf9f4976-4707-4c1b-b595-585087dfc13b 2618c9b41b19416b83b0b985ab20a44d 5681753d5c094a82afe9f5f0d06dfd17 - - default default] Volume info retrieved successfully.
2026-06-05 17:53:01.872 73 INFO cinder.api.openstack.wsgi [None req-bf9f4976-4707-4c1b-b595-585087dfc13b 2618c9b41b19416b83b0b985ab20a44d 5681753d5c094a82afe9f5f0d06dfd17 - - default default] http://[LB_IP_ADDRESS]:8776/v3/5681753d5c094a82afe9f5f0d06dfd17/volumes/8b7b288e-12b4-477b-857b-adb3f093f96f returned with HTTP 200
2026-06-05 17:53:02.499 76 INFO cinder.api.openstack.wsgi [None req-56dffca6-cba4-4c6c-a562-41f6db966c6d 4aa350d20c984ef79aa5a6e8cd3c107b 2c911fb59782449b80345d51c3b8643d - - default default] GET http://[LB_IP_ADDRESS]:8776/v3/2c911fb59782449b80345d51c3b8643d/groups/7c3f042b-ddf8-4cee-b4e6-108ece189d95
2026-06-05 17:53:02.520 76 INFO cinder.api.openstack.wsgi [None req-56dffca6-cba4-4c6c-a562-41f6db966c6d 4aa350d20c984ef79aa5a6e8cd3c107b 2c911fb59782449b80345d51c3b8643d - - default default] http://[LB_IP_ADDRESS]:8776/v3/2c911fb59782449b80345d51c3b8643d/groups/7c3f042b-ddf8-4cee-b4e6-108ece189d95 returned with HTTP 200
2026-06-05 17:53:02.536 72 INFO cinder.api.openstack.wsgi [None req-496752b0-69c1-4fc6-bf8e-15694689d50e 4aa350d20c984ef79aa5a6e8cd3c107b 2c911fb59782449b80345d51c3b8643d - - default default] POST http://[LB_IP_ADDRESS]:8776/v3/2c911fb59782449b80345d51c3b8643d/groups
2026-06-05 17:53:02.546 72 INFO cinder.api.v3.groups [None req-496752b0-69c1-4fc6-bf8e-15694689d50e 4aa350d20c984ef79aa5a6e8cd3c107b 2c911fb59782449b80345d51c3b8643d - - default default] Creating group tempest-Group2-1401469590.
2026-06-05 17:53:02.557 72 INFO cinder.volume.api [None req-496752b0-69c1-4fc6-bf8e-15694689d50e 4aa350d20c984ef79aa5a6e8cd3c107b 2c911fb59782449b80345d51c3b8643d - - default default] Availability Zones retrieved successfully.
2026-06-05 17:53:02.635 72 INFO cinder.api.openstack.wsgi [None req-496752b0-69c1-4fc6-bf8e-15694689d50e 4aa350d20c984ef79aa5a6e8cd3c107b 2c911fb59782449b80345d51c3b8643d - - default default] http://[LB_IP_ADDRESS]:8776/v3/2c911fb59782449b80345d51c3b8643d/groups returned with HTTP 202
2026-06-05 17:53:02.650 75 INFO cinder.api.openstack.wsgi [None req-2be32c79-d997-479b-9ac1-e0325ae0811b 4aa350d20c984ef79aa5a6e8cd3c107b 2c911fb59782449b80345d51c3b8643d - - default default] GET http://[LB_IP_ADDRESS]:8776/v3/2c911fb59782449b80345d51c3b8643d/groups/8f1b4a0d-d49d-48ba-be18-2497c0557b50
2026-06-05 17:53:02.670 75 INFO cinder.api.openstack.wsgi [None req-2be32c79-d997-479b-9ac1-e0325ae0811b 4aa350d20c984ef79aa5a6e8cd3c107b 2c911fb59782449b80345d51c3b8643d - - default default] http://[LB_IP_ADDRESS]:8776/v3/2c911fb59782449b80345d51c3b8643d/groups/8f1b4a0d-d49d-48ba-be18-2497c0557b50 returned with HTTP 200
2026-06-05 17:53:02.897 74 INFO cinder.api.openstack.wsgi [None req-502f3765-722d-4a49-8ee5-48b8c680ba2d 2618c9b41b19416b83b0b985ab20a44d 5681753d5c094a82afe9f5f0d06dfd17 - - default default] GET http://[LB_IP_ADDRESS]:8776/v3/5681753d5c094a82afe9f5f0d06dfd17/volumes/8b7b288e-12b4-477b-857b-adb3f093f96f
2026-06-05 17:53:02.920 74 INFO cinder.volume.api [None req-502f3765-722d-4a49-8ee5-48b8c680ba2d 2618c9b41b19416b83b0b985ab20a44d 5681753d5c094a82afe9f5f0d06dfd17 - - default default] Volume info retrieved successfully.
2026-06-05 17:53:02.947 74 INFO cinder.api.openstack.wsgi [None req-502f3765-722d-4a49-8ee5-48b8c680ba2d 2618c9b41b19416b83b0b985ab20a44d 5681753d5c094a82afe9f5f0d06dfd17 - - default default] http://[LB_IP_ADDRESS]:8776/v3/5681753d5c094a82afe9f5f0d06dfd17/volumes/8b7b288e-12b4-477b-857b-adb3f093f96f returned with HTTP 200
2026-06-05 17:53:02.969 73 INFO cinder.api.openstack.wsgi [None req-dfc316b6-d772-4475-a07f-86c00c4a4904 2618c9b41b19416b83b0b985ab20a44d 5681753d5c094a82afe9f5f0d06dfd17 - - default default] POST http://[LB_IP_ADDRESS]:8776/v3/5681753d5c094a82afe9f5f0d06dfd17/group_snapshots
2026-06-05 17:53:02.985 73 INFO cinder.api.v3.group_snapshots [None req-dfc316b6-d772-4475-a07f-86c00c4a4904 2618c9b41b19416b83b0b985ab20a44d 5681753d5c094a82afe9f5f0d06dfd17 - - default default] Creating group_snapshot tempest-group_snapshot-994552656.
2026-06-05 17:53:03.059 73 WARNING cinder.quota [None req-dfc316b6-d772-4475-a07f-86c00c4a4904 2618c9b41b19416b83b0b985ab20a44d 5681753d5c094a82afe9f5f0d06dfd17 - - default default] Deprecated: Default quota for resource: gigabytes_tempest-GroupSnapshotsTest-volume-type-160554235 is set by the default quota flag: quota_gigabytes_tempest-GroupSnapshotsTest-volume-type-160554235, it is now deprecated. Please use the default quota class for default quota.
2026-06-05 17:53:03.060 73 WARNING cinder.quota [None req-dfc316b6-d772-4475-a07f-86c00c4a4904 2618c9b41b19416b83b0b985ab20a44d 5681753d5c094a82afe9f5f0d06dfd17 - - default default] Deprecated: Default quota for resource: snapshots_tempest-GroupSnapshotsTest-volume-type-160554235 is set by the default quota flag: quota_snapshots_tempest-GroupSnapshotsTest-volume-type-160554235, it is now deprecated. Please use the default quota class for default quota.
2026-06-05 17:53:03.135 73 INFO cinder.api.openstack.wsgi [None req-dfc316b6-d772-4475-a07f-86c00c4a4904 2618c9b41b19416b83b0b985ab20a44d 5681753d5c094a82afe9f5f0d06dfd17 - - default default] http://[LB_IP_ADDRESS]:8776/v3/5681753d5c094a82afe9f5f0d06dfd17/group_snapshots returned with HTTP 202
2026-06-05 17:53:03.150 76 INFO cinder.api.openstack.wsgi [None req-613e6e25-5055-4a32-bcff-f8fd8dba6da3 2618c9b41b19416b83b0b985ab20a44d 5681753d5c094a82afe9f5f0d06dfd17 - - default default] GET http://[LB_IP_ADDRESS]:8776/v3/5681753d5c094a82afe9f5f0d06dfd17/group_snapshots/f45419e3-091b-4ce3-a7c8-36d45972f78e
2026-06-05 17:53:03.162 76 INFO cinder.api.openstack.wsgi [None req-613e6e25-5055-4a32-bcff-f8fd8dba6da3 2618c9b41b19416b83b0b985ab20a44d 5681753d5c094a82afe9f5f0d06dfd17 - - default default] http://[LB_IP_ADDRESS]:8776/v3/5681753d5c094a82afe9f5f0d06dfd17/group_snapshots/f45419e3-091b-4ce3-a7c8-36d45972f78e returned with HTTP 200
2026-06-05 17:53:03.687 72 INFO cinder.api.openstack.wsgi [None req-a492646b-7306-42e2-acef-96ba835a51aa 4aa350d20c984ef79aa5a6e8cd3c107b 2c911fb59782449b80345d51c3b8643d - - default default] GET http://[LB_IP_ADDRESS]:8776/v3/2c911fb59782449b80345d51c3b8643d/groups/8f1b4a0d-d49d-48ba-be18-2497c0557b50
2026-06-05 17:53:03.708 72 INFO cinder.api.openstack.wsgi [None req-a492646b-7306-42e2-acef-96ba835a51aa 4aa350d20c984ef79aa5a6e8cd3c107b 2c911fb59782449b80345d51c3b8643d - - default default] http://[LB_IP_ADDRESS]:8776/v3/2c911fb59782449b80345d51c3b8643d/groups/8f1b4a0d-d49d-48ba-be18-2497c0557b50 returned with HTTP 200
2026-06-05 17:53:03.725 75 INFO cinder.api.openstack.wsgi [None req-eebfa21c-bfcc-462d-960c-3205daa44fd8 4aa350d20c984ef79aa5a6e8cd3c107b 2c911fb59782449b80345d51c3b8643d - - default default] POST http://[LB_IP_ADDRESS]:8776/v3/2c911fb59782449b80345d51c3b8643d/volumes
2026-06-05 17:53:03.740 75 INFO cinder.api.v3.volumes [None req-eebfa21c-bfcc-462d-960c-3205daa44fd8 4aa350d20c984ef79aa5a6e8cd3c107b 2c911fb59782449b80345d51c3b8643d - - default default] Create volume of 1 GB
2026-06-05 17:53:03.749 75 INFO cinder.volume.api [None req-eebfa21c-bfcc-462d-960c-3205daa44fd8 4aa350d20c984ef79aa5a6e8cd3c107b 2c911fb59782449b80345d51c3b8643d - - default default] Availability Zones retrieved successfully.
2026-06-05 17:53:03.957 75 WARNING cinder.quota [None req-eebfa21c-bfcc-462d-960c-3205daa44fd8 4aa350d20c984ef79aa5a6e8cd3c107b 2c911fb59782449b80345d51c3b8643d - - default default] Deprecated: Default quota for resource: volumes_tempest-GroupsTest-volume-type-1300366620 is set by the default quota flag: quota_volumes_tempest-GroupsTest-volume-type-1300366620, it is now deprecated. Please use the default quota class for default quota.
2026-06-05 17:53:03.959 75 WARNING cinder.quota [None req-eebfa21c-bfcc-462d-960c-3205daa44fd8 4aa350d20c984ef79aa5a6e8cd3c107b 2c911fb59782449b80345d51c3b8643d - - default default] Deprecated: Default quota for resource: gigabytes_tempest-GroupsTest-volume-type-1300366620 is set by the default quota flag: quota_gigabytes_tempest-GroupsTest-volume-type-1300366620, it is now deprecated. Please use the default quota class for default quota.
2026-06-05 17:53:04.045 74 INFO cinder.api.openstack.wsgi [None req-cfca13c0-e68c-4d84-814e-49087eefa2b6 b265183530b349ad8e86aa74b5e189e7 0792e7f31ffa4eb9a7490e48514b85e4 - - default default] POST http://[LB_IP_ADDRESS]:8776/v3/0792e7f31ffa4eb9a7490e48514b85e4/types
2026-06-05 17:53:04.073 74 INFO cinder.api.openstack.wsgi [None req-cfca13c0-e68c-4d84-814e-49087eefa2b6 b265183530b349ad8e86aa74b5e189e7 0792e7f31ffa4eb9a7490e48514b85e4 - - default default] http://[LB_IP_ADDRESS]:8776/v3/0792e7f31ffa4eb9a7490e48514b85e4/types returned with HTTP 200
2026-06-05 17:53:04.089 73 INFO cinder.api.openstack.wsgi [None req-adca0cba-6dcf-4edd-834e-5ec524f39cc1 b265183530b349ad8e86aa74b5e189e7 0792e7f31ffa4eb9a7490e48514b85e4 - - default default] POST http://[LB_IP_ADDRESS]:8776/v3/0792e7f31ffa4eb9a7490e48514b85e4/group_types
2026-06-05 17:53:04.104 75 INFO cinder.volume.api [None req-eebfa21c-bfcc-462d-960c-3205daa44fd8 4aa350d20c984ef79aa5a6e8cd3c107b 2c911fb59782449b80345d51c3b8643d - - default default] Create volume request issued successfully.
2026-06-05 17:53:04.113 73 INFO cinder.api.openstack.wsgi [None req-adca0cba-6dcf-4edd-834e-5ec524f39cc1 b265183530b349ad8e86aa74b5e189e7 0792e7f31ffa4eb9a7490e48514b85e4 - - default default] http://[LB_IP_ADDRESS]:8776/v3/0792e7f31ffa4eb9a7490e48514b85e4/group_types returned with HTTP 202
2026-06-05 17:53:04.124 75 INFO cinder.api.openstack.wsgi [None req-eebfa21c-bfcc-462d-960c-3205daa44fd8 4aa350d20c984ef79aa5a6e8cd3c107b 2c911fb59782449b80345d51c3b8643d - - default default] http://[LB_IP_ADDRESS]:8776/v3/2c911fb59782449b80345d51c3b8643d/volumes returned with HTTP 202
2026-06-05 17:53:04.144 72 INFO cinder.api.openstack.wsgi [None req-3ef794a0-3d30-4a85-8c9b-7de4fca4366d 4aa350d20c984ef79aa5a6e8cd3c107b 2c911fb59782449b80345d51c3b8643d - - default default] GET http://[LB_IP_ADDRESS]:8776/v3/2c911fb59782449b80345d51c3b8643d/volumes/f1efb71a-282f-4c25-b2c9-36767668297e
2026-06-05 17:53:04.165 72 INFO cinder.volume.api [None req-3ef794a0-3d30-4a85-8c9b-7de4fca4366d 4aa350d20c984ef79aa5a6e8cd3c107b 2c911fb59782449b80345d51c3b8643d - - default default] Volume info retrieved successfully.
2026-06-05 17:53:04.178 74 INFO cinder.api.openstack.wsgi [None req-4b3f4421-480c-459f-b643-1a0753ae6fbe 2618c9b41b19416b83b0b985ab20a44d 5681753d5c094a82afe9f5f0d06dfd17 - - default default] GET http://[LB_IP_ADDRESS]:8776/v3/5681753d5c094a82afe9f5f0d06dfd17/group_snapshots/f45419e3-091b-4ce3-a7c8-36d45972f78e
2026-06-05 17:53:04.191 74 INFO cinder.api.openstack.wsgi [None req-4b3f4421-480c-459f-b643-1a0753ae6fbe 2618c9b41b19416b83b0b985ab20a44d 5681753d5c094a82afe9f5f0d06dfd17 - - default default] http://[LB_IP_ADDRESS]:8776/v3/5681753d5c094a82afe9f5f0d06dfd17/group_snapshots/f45419e3-091b-4ce3-a7c8-36d45972f78e returned with HTTP 200
2026-06-05 17:53:04.194 72 INFO cinder.api.openstack.wsgi [None req-3ef794a0-3d30-4a85-8c9b-7de4fca4366d 4aa350d20c984ef79aa5a6e8cd3c107b 2c911fb59782449b80345d51c3b8643d - - default default] http://[LB_IP_ADDRESS]:8776/v3/2c911fb59782449b80345d51c3b8643d/volumes/f1efb71a-282f-4c25-b2c9-36767668297e returned with HTTP 200
2026-06-05 17:53:04.295 76 INFO cinder.api.openstack.wsgi [None req-4902b7b8-f4bb-479e-94b2-36e8fed5d80b d217d7e4cf4647a3843909c002c461e0 d60b63af08b8473b8aea7530295eef81 - - default default] POST http://[LB_IP_ADDRESS]:8776/v3/d60b63af08b8473b8aea7530295eef81/groups
2026-06-05 17:53:04.305 76 INFO cinder.api.v3.groups [None req-4902b7b8-f4bb-479e-94b2-36e8fed5d80b d217d7e4cf4647a3843909c002c461e0 d60b63af08b8473b8aea7530295eef81 - - default default] Creating group tempest-GroupsV320Test-Group-1440648294.
2026-06-05 17:53:04.316 76 INFO cinder.volume.api [None req-4902b7b8-f4bb-479e-94b2-36e8fed5d80b d217d7e4cf4647a3843909c002c461e0 d60b63af08b8473b8aea7530295eef81 - - default default] Availability Zones retrieved successfully.
2026-06-05 17:53:04.403 76 INFO cinder.api.openstack.wsgi [None req-4902b7b8-f4bb-479e-94b2-36e8fed5d80b d217d7e4cf4647a3843909c002c461e0 d60b63af08b8473b8aea7530295eef81 - - default default] http://[LB_IP_ADDRESS]:8776/v3/d60b63af08b8473b8aea7530295eef81/groups returned with HTTP 202
2026-06-05 17:53:04.417 73 INFO cinder.api.openstack.wsgi [None req-db37edf7-d04a-4749-8995-239ea888dcc3 d217d7e4cf4647a3843909c002c461e0 d60b63af08b8473b8aea7530295eef81 - - default default] GET http://[LB_IP_ADDRESS]:8776/v3/d60b63af08b8473b8aea7530295eef81/groups/c1059f15-25a1-4ecf-9f83-582213bfb8d9
2026-06-05 17:53:04.439 73 INFO cinder.api.openstack.wsgi [None req-db37edf7-d04a-4749-8995-239ea888dcc3 d217d7e4cf4647a3843909c002c461e0 d60b63af08b8473b8aea7530295eef81 - - default default] http://[LB_IP_ADDRESS]:8776/v3/d60b63af08b8473b8aea7530295eef81/groups/c1059f15-25a1-4ecf-9f83-582213bfb8d9 returned with HTTP 200
2026-06-05 17:53:04.773 75 INFO cinder.api.openstack.wsgi [None req-7b030c89-ff78-4b74-a29b-1236e39bdc62 - - - - - -] GET http://[LB_IP_ADDRESS]:8776/
2026-06-05 17:53:04.775 75 INFO cinder.api.openstack.wsgi [None req-7b030c89-ff78-4b74-a29b-1236e39bdc62 - - - - - -] http://[LB_IP_ADDRESS]:8776/ returned with HTTP 300
2026-06-05 17:53:05.207 74 INFO cinder.api.openstack.wsgi [None req-c1f555e2-981d-4d7f-ade9-3fab9eac8c96 2618c9b41b19416b83b0b985ab20a44d 5681753d5c094a82afe9f5f0d06dfd17 - - default default] GET http://[LB_IP_ADDRESS]:8776/v3/5681753d5c094a82afe9f5f0d06dfd17/group_snapshots/f45419e3-091b-4ce3-a7c8-36d45972f78e
2026-06-05 17:53:05.216 72 INFO cinder.api.openstack.wsgi [None req-3a6a8770-53a1-4d01-90b8-1fa2fc461d37 4aa350d20c984ef79aa5a6e8cd3c107b 2c911fb59782449b80345d51c3b8643d - - default default] GET http://[LB_IP_ADDRESS]:8776/v3/2c911fb59782449b80345d51c3b8643d/volumes/f1efb71a-282f-4c25-b2c9-36767668297e
2026-06-05 17:53:05.220 74 INFO cinder.api.openstack.wsgi [None req-c1f555e2-981d-4d7f-ade9-3fab9eac8c96 2618c9b41b19416b83b0b985ab20a44d 5681753d5c094a82afe9f5f0d06dfd17 - - default default] http://[LB_IP_ADDRESS]:8776/v3/5681753d5c094a82afe9f5f0d06dfd17/group_snapshots/f45419e3-091b-4ce3-a7c8-36d45972f78e returned with HTTP 200
2026-06-05 17:53:05.236 76 INFO cinder.api.openstack.wsgi [None req-3fd8fede-b5de-417d-bd29-64367e8c27b4 2618c9b41b19416b83b0b985ab20a44d 5681753d5c094a82afe9f5f0d06dfd17 - - default default] GET http://[LB_IP_ADDRESS]:8776/v3/5681753d5c094a82afe9f5f0d06dfd17/snapshots/detail
2026-06-05 17:53:05.238 72 INFO cinder.volume.api [None req-3a6a8770-53a1-4d01-90b8-1fa2fc461d37 4aa350d20c984ef79aa5a6e8cd3c107b 2c911fb59782449b80345d51c3b8643d - - default default] Volume info retrieved successfully.
2026-06-05 17:53:05.245 76 INFO cinder.volume.api [None req-3fd8fede-b5de-417d-bd29-64367e8c27b4 2618c9b41b19416b83b0b985ab20a44d 5681753d5c094a82afe9f5f0d06dfd17 - - default default] Get all snapshots completed successfully.
2026-06-05 17:53:05.247 76 INFO cinder.api.openstack.wsgi [None req-3fd8fede-b5de-417d-bd29-64367e8c27b4 2618c9b41b19416b83b0b985ab20a44d 5681753d5c094a82afe9f5f0d06dfd17 - - default default] http://[LB_IP_ADDRESS]:8776/v3/5681753d5c094a82afe9f5f0d06dfd17/snapshots/detail returned with HTTP 200
2026-06-05 17:53:05.264 73 INFO cinder.api.openstack.wsgi [None req-533761ea-37ab-4781-ae58-04090d9b54f8 2618c9b41b19416b83b0b985ab20a44d 5681753d5c094a82afe9f5f0d06dfd17 - - default default] GET http://[LB_IP_ADDRESS]:8776/v3/5681753d5c094a82afe9f5f0d06dfd17/snapshots/f5b3afb4-69f7-4de3-a0d7-c10b4bcd0813
2026-06-05 17:53:05.266 72 INFO cinder.api.openstack.wsgi [None req-3a6a8770-53a1-4d01-90b8-1fa2fc461d37 4aa350d20c984ef79aa5a6e8cd3c107b 2c911fb59782449b80345d51c3b8643d - - default default] http://[LB_IP_ADDRESS]:8776/v3/2c911fb59782449b80345d51c3b8643d/volumes/f1efb71a-282f-4c25-b2c9-36767668297e returned with HTTP 200
2026-06-05 17:53:05.275 73 INFO cinder.volume.api [None req-533761ea-37ab-4781-ae58-04090d9b54f8 2618c9b41b19416b83b0b985ab20a44d 5681753d5c094a82afe9f5f0d06dfd17 - - default default] Snapshot retrieved successfully.
2026-06-05 17:53:05.277 73 INFO cinder.api.openstack.wsgi [None req-533761ea-37ab-4781-ae58-04090d9b54f8 2618c9b41b19416b83b0b985ab20a44d 5681753d5c094a82afe9f5f0d06dfd17 - - default default] http://[LB_IP_ADDRESS]:8776/v3/5681753d5c094a82afe9f5f0d06dfd17/snapshots/f5b3afb4-69f7-4de3-a0d7-c10b4bcd0813 returned with HTTP 200
2026-06-05 17:53:05.291 75 INFO cinder.api.openstack.wsgi [None req-08a4ab5b-355d-4b7c-815d-239ba4d7227c 4aa350d20c984ef79aa5a6e8cd3c107b 2c911fb59782449b80345d51c3b8643d - - default default] GET http://[LB_IP_ADDRESS]:8776/v3/2c911fb59782449b80345d51c3b8643d/groups/7c3f042b-ddf8-4cee-b4e6-108ece189d95
2026-06-05 17:53:05.293 74 INFO cinder.api.openstack.wsgi [None req-83491eb9-8a58-4c16-9f6a-3f8f67250e87 2618c9b41b19416b83b0b985ab20a44d 5681753d5c094a82afe9f5f0d06dfd17 - - default default] POST http://[LB_IP_ADDRESS]:8776/v3/5681753d5c094a82afe9f5f0d06dfd17/groups/action
2026-06-05 17:53:05.297 74 INFO cinder.api.v3.groups [None req-83491eb9-8a58-4c16-9f6a-3f8f67250e87 2618c9b41b19416b83b0b985ab20a44d 5681753d5c094a82afe9f5f0d06dfd17 - - default default] Creating group tempest-Group_from_snap-1528214753 from group_snapshot f45419e3-091b-4ce3-a7c8-36d45972f78e.
2026-06-05 17:53:05.311 75 INFO cinder.api.openstack.wsgi [None req-08a4ab5b-355d-4b7c-815d-239ba4d7227c 4aa350d20c984ef79aa5a6e8cd3c107b 2c911fb59782449b80345d51c3b8643d - - default default] http://[LB_IP_ADDRESS]:8776/v3/2c911fb59782449b80345d51c3b8643d/groups/7c3f042b-ddf8-4cee-b4e6-108ece189d95 returned with HTTP 200
2026-06-05 17:53:05.325 76 INFO cinder.api.openstack.wsgi [None req-a96d4a77-a309-4715-accd-c22a1bcad2e9 4aa350d20c984ef79aa5a6e8cd3c107b 2c911fb59782449b80345d51c3b8643d - - default default] GET http://[LB_IP_ADDRESS]:8776/v3/2c911fb59782449b80345d51c3b8643d/groups/8f1b4a0d-d49d-48ba-be18-2497c0557b50
2026-06-05 17:53:05.345 76 INFO cinder.api.openstack.wsgi [None req-a96d4a77-a309-4715-accd-c22a1bcad2e9 4aa350d20c984ef79aa5a6e8cd3c107b 2c911fb59782449b80345d51c3b8643d - - default default] http://[LB_IP_ADDRESS]:8776/v3/2c911fb59782449b80345d51c3b8643d/groups/8f1b4a0d-d49d-48ba-be18-2497c0557b50 returned with HTTP 200
2026-06-05 17:53:05.361 72 INFO cinder.api.openstack.wsgi [None req-45000ef1-5411-4ee8-ad45-e7a1a45df6b1 4aa350d20c984ef79aa5a6e8cd3c107b 2c911fb59782449b80345d51c3b8643d - - default default] GET http://[LB_IP_ADDRESS]:8776/v3/2c911fb59782449b80345d51c3b8643d/groups/detail
2026-06-05 17:53:05.394 72 INFO cinder.api.openstack.wsgi [None req-45000ef1-5411-4ee8-ad45-e7a1a45df6b1 4aa350d20c984ef79aa5a6e8cd3c107b 2c911fb59782449b80345d51c3b8643d - - default default] http://[LB_IP_ADDRESS]:8776/v3/2c911fb59782449b80345d51c3b8643d/groups/detail returned with HTTP 200
2026-06-05 17:53:05.411 73 INFO cinder.api.openstack.wsgi [None req-dbb05373-0aaf-448d-987d-ca91cf08abd4 4aa350d20c984ef79aa5a6e8cd3c107b 2c911fb59782449b80345d51c3b8643d - - default default] GET http://[LB_IP_ADDRESS]:8776/v3/2c911fb59782449b80345d51c3b8643d/volumes/detail
2026-06-05 17:53:05.426 73 INFO cinder.volume.api [None req-dbb05373-0aaf-448d-987d-ca91cf08abd4 4aa350d20c984ef79aa5a6e8cd3c107b 2c911fb59782449b80345d51c3b8643d - - default default] Get all volumes completed successfully.
2026-06-05 17:53:05.454 73 INFO cinder.api.openstack.wsgi [None req-dbb05373-0aaf-448d-987d-ca91cf08abd4 4aa350d20c984ef79aa5a6e8cd3c107b 2c911fb59782449b80345d51c3b8643d - - default default] http://[LB_IP_ADDRESS]:8776/v3/2c911fb59782449b80345d51c3b8643d/volumes/detail returned with HTTP 200
2026-06-05 17:53:05.456 75 INFO cinder.api.openstack.wsgi [None req-b9a2222e-f9a8-41f7-a75a-534301d55808 d217d7e4cf4647a3843909c002c461e0 d60b63af08b8473b8aea7530295eef81 - - default default] GET http://[LB_IP_ADDRESS]:8776/v3/d60b63af08b8473b8aea7530295eef81/groups/c1059f15-25a1-4ecf-9f83-582213bfb8d9
2026-06-05 17:53:05.474 76 INFO cinder.api.openstack.wsgi [None req-e5358b08-5e78-47f6-b255-f8e467d6209c 4aa350d20c984ef79aa5a6e8cd3c107b 2c911fb59782449b80345d51c3b8643d - - default default] GET http://[LB_IP_ADDRESS]:8776/v3/2c911fb59782449b80345d51c3b8643d/volumes/detail
2026-06-05 17:53:05.476 75 INFO cinder.api.openstack.wsgi [None req-b9a2222e-f9a8-41f7-a75a-534301d55808 d217d7e4cf4647a3843909c002c461e0 d60b63af08b8473b8aea7530295eef81 - - default default] http://[LB_IP_ADDRESS]:8776/v3/d60b63af08b8473b8aea7530295eef81/groups/c1059f15-25a1-4ecf-9f83-582213bfb8d9 returned with HTTP 200
2026-06-05 17:53:05.489 76 INFO cinder.volume.api [None req-e5358b08-5e78-47f6-b255-f8e467d6209c 4aa350d20c984ef79aa5a6e8cd3c107b 2c911fb59782449b80345d51c3b8643d - - default default] Get all volumes completed successfully.
2026-06-05 17:53:05.493 72 INFO cinder.api.openstack.wsgi [None req-325e66b7-7b3a-4bdf-8ef9-57d4e0b71fe3 b265183530b349ad8e86aa74b5e189e7 0792e7f31ffa4eb9a7490e48514b85e4 - - default default] POST http://[LB_IP_ADDRESS]:8776/v3/0792e7f31ffa4eb9a7490e48514b85e4/groups/c1059f15-25a1-4ecf-9f83-582213bfb8d9/action
2026-06-05 17:53:05.510 72 INFO cinder.api.openstack.wsgi [None req-325e66b7-7b3a-4bdf-8ef9-57d4e0b71fe3 b265183530b349ad8e86aa74b5e189e7 0792e7f31ffa4eb9a7490e48514b85e4 - - default default] http://[LB_IP_ADDRESS]:8776/v3/0792e7f31ffa4eb9a7490e48514b85e4/groups/c1059f15-25a1-4ecf-9f83-582213bfb8d9/action returned with HTTP 202
2026-06-05 17:53:05.516 76 INFO cinder.api.openstack.wsgi [None req-e5358b08-5e78-47f6-b255-f8e467d6209c 4aa350d20c984ef79aa5a6e8cd3c107b 2c911fb59782449b80345d51c3b8643d - - default default] http://[LB_IP_ADDRESS]:8776/v3/2c911fb59782449b80345d51c3b8643d/volumes/detail returned with HTTP 200
2026-06-05 17:53:05.523 73 INFO cinder.api.openstack.wsgi [None req-89bb5643-5c69-4b93-846d-5d8d9402e4cc d217d7e4cf4647a3843909c002c461e0 d60b63af08b8473b8aea7530295eef81 - - default default] GET http://[LB_IP_ADDRESS]:8776/v3/d60b63af08b8473b8aea7530295eef81/groups/c1059f15-25a1-4ecf-9f83-582213bfb8d9
2026-06-05 17:53:05.539 75 INFO cinder.api.openstack.wsgi [None req-838ffb6e-4c76-44ce-bf10-5f11518fa5c1 4aa350d20c984ef79aa5a6e8cd3c107b 2c911fb59782449b80345d51c3b8643d - - default default] POST http://[LB_IP_ADDRESS]:8776/v3/2c911fb59782449b80345d51c3b8643d/groups/7c3f042b-ddf8-4cee-b4e6-108ece189d95/action
2026-06-05 17:53:05.542 75 INFO cinder.api.v3.groups [None req-838ffb6e-4c76-44ce-bf10-5f11518fa5c1 4aa350d20c984ef79aa5a6e8cd3c107b 2c911fb59782449b80345d51c3b8643d - - default default] Delete group with id: 7c3f042b-ddf8-4cee-b4e6-108ece189d95
2026-06-05 17:53:05.543 73 INFO cinder.api.openstack.wsgi [None req-89bb5643-5c69-4b93-846d-5d8d9402e4cc d217d7e4cf4647a3843909c002c461e0 d60b63af08b8473b8aea7530295eef81 - - default default] http://[LB_IP_ADDRESS]:8776/v3/d60b63af08b8473b8aea7530295eef81/groups/c1059f15-25a1-4ecf-9f83-582213bfb8d9 returned with HTTP 200
2026-06-05 17:53:05.559 72 INFO cinder.api.openstack.wsgi [None req-210eaabc-18a5-4bb7-94fe-e022829b474a b265183530b349ad8e86aa74b5e189e7 0792e7f31ffa4eb9a7490e48514b85e4 - - default default] POST http://[LB_IP_ADDRESS]:8776/v3/0792e7f31ffa4eb9a7490e48514b85e4/groups/c1059f15-25a1-4ecf-9f83-582213bfb8d9/action
2026-06-05 17:53:05.577 72 INFO cinder.api.openstack.wsgi [None req-210eaabc-18a5-4bb7-94fe-e022829b474a b265183530b349ad8e86aa74b5e189e7 0792e7f31ffa4eb9a7490e48514b85e4 - - default default] http://[LB_IP_ADDRESS]:8776/v3/0792e7f31ffa4eb9a7490e48514b85e4/groups/c1059f15-25a1-4ecf-9f83-582213bfb8d9/action returned with HTTP 202
2026-06-05 17:53:05.589 76 INFO cinder.api.openstack.wsgi [None req-3664366e-61e1-49da-80a7-7a6d080ef1a1 d217d7e4cf4647a3843909c002c461e0 d60b63af08b8473b8aea7530295eef81 - - default default] GET http://[LB_IP_ADDRESS]:8776/v3/d60b63af08b8473b8aea7530295eef81/groups/c1059f15-25a1-4ecf-9f83-582213bfb8d9
2026-06-05 17:53:05.608 75 INFO cinder.api.openstack.wsgi [None req-838ffb6e-4c76-44ce-bf10-5f11518fa5c1 4aa350d20c984ef79aa5a6e8cd3c107b 2c911fb59782449b80345d51c3b8643d - - default default] http://[LB_IP_ADDRESS]:8776/v3/2c911fb59782449b80345d51c3b8643d/groups/7c3f042b-ddf8-4cee-b4e6-108ece189d95/action returned with HTTP 202
2026-06-05 17:53:05.610 76 INFO cinder.api.openstack.wsgi [None req-3664366e-61e1-49da-80a7-7a6d080ef1a1 d217d7e4cf4647a3843909c002c461e0 d60b63af08b8473b8aea7530295eef81 - - default default] http://[LB_IP_ADDRESS]:8776/v3/d60b63af08b8473b8aea7530295eef81/groups/c1059f15-25a1-4ecf-9f83-582213bfb8d9 returned with HTTP 200
2026-06-05 17:53:05.620 73 INFO cinder.api.openstack.wsgi [None req-fc7a147c-a563-465f-8b31-a55d34f21708 4aa350d20c984ef79aa5a6e8cd3c107b 2c911fb59782449b80345d51c3b8643d - - default default] GET http://[LB_IP_ADDRESS]:8776/v3/2c911fb59782449b80345d51c3b8643d/volumes/f1efb71a-282f-4c25-b2c9-36767668297e
2026-06-05 17:53:05.627 72 INFO cinder.api.openstack.wsgi [None req-f208de4c-ee1b-42f0-be4b-8ca7165b3a93 b265183530b349ad8e86aa74b5e189e7 0792e7f31ffa4eb9a7490e48514b85e4 - - default default] POST http://[LB_IP_ADDRESS]:8776/v3/0792e7f31ffa4eb9a7490e48514b85e4/groups/c1059f15-25a1-4ecf-9f83-582213bfb8d9/action
2026-06-05 17:53:05.642 73 INFO cinder.volume.api [None req-fc7a147c-a563-465f-8b31-a55d34f21708 4aa350d20c984ef79aa5a6e8cd3c107b 2c911fb59782449b80345d51c3b8643d - - default default] Volume info retrieved successfully.
2026-06-05 17:53:05.644 72 INFO cinder.api.openstack.wsgi [None req-f208de4c-ee1b-42f0-be4b-8ca7165b3a93 b265183530b349ad8e86aa74b5e189e7 0792e7f31ffa4eb9a7490e48514b85e4 - - default default] http://[LB_IP_ADDRESS]:8776/v3/0792e7f31ffa4eb9a7490e48514b85e4/groups/c1059f15-25a1-4ecf-9f83-582213bfb8d9/action returned with HTTP 202
2026-06-05 17:53:05.656 75 INFO cinder.api.openstack.wsgi [None req-acff3337-1686-4341-8fd1-6b24019c2694 d217d7e4cf4647a3843909c002c461e0 d60b63af08b8473b8aea7530295eef81 - - default default] GET http://[LB_IP_ADDRESS]:8776/v3/d60b63af08b8473b8aea7530295eef81/groups/c1059f15-25a1-4ecf-9f83-582213bfb8d9
2026-06-05 17:53:05.667 73 INFO cinder.api.openstack.wsgi [None req-fc7a147c-a563-465f-8b31-a55d34f21708 4aa350d20c984ef79aa5a6e8cd3c107b 2c911fb59782449b80345d51c3b8643d - - default default] http://[LB_IP_ADDRESS]:8776/v3/2c911fb59782449b80345d51c3b8643d/volumes/f1efb71a-282f-4c25-b2c9-36767668297e returned with HTTP 200
2026-06-05 17:53:05.676 75 INFO cinder.api.openstack.wsgi [None req-acff3337-1686-4341-8fd1-6b24019c2694 d217d7e4cf4647a3843909c002c461e0 d60b63af08b8473b8aea7530295eef81 - - default default] http://[LB_IP_ADDRESS]:8776/v3/d60b63af08b8473b8aea7530295eef81/groups/c1059f15-25a1-4ecf-9f83-582213bfb8d9 returned with HTTP 200
2026-06-05 17:53:05.694 76 INFO cinder.api.openstack.wsgi [None req-05987711-7f31-41d9-b791-12b9ff4b25e7 b265183530b349ad8e86aa74b5e189e7 0792e7f31ffa4eb9a7490e48514b85e4 - - default default] POST http://[LB_IP_ADDRESS]:8776/v3/0792e7f31ffa4eb9a7490e48514b85e4/groups/c1059f15-25a1-4ecf-9f83-582213bfb8d9/action
2026-06-05 17:53:05.712 76 INFO cinder.api.openstack.wsgi [None req-05987711-7f31-41d9-b791-12b9ff4b25e7 b265183530b349ad8e86aa74b5e189e7 0792e7f31ffa4eb9a7490e48514b85e4 - - default default] http://[LB_IP_ADDRESS]:8776/v3/0792e7f31ffa4eb9a7490e48514b85e4/groups/c1059f15-25a1-4ecf-9f83-582213bfb8d9/action returned with HTTP 202
2026-06-05 17:53:05.724 72 INFO cinder.api.openstack.wsgi [None req-68b5261e-bf90-4af3-9352-6036017951e6 d217d7e4cf4647a3843909c002c461e0 d60b63af08b8473b8aea7530295eef81 - - default default] GET http://[LB_IP_ADDRESS]:8776/v3/d60b63af08b8473b8aea7530295eef81/groups/c1059f15-25a1-4ecf-9f83-582213bfb8d9
2026-06-05 17:53:05.745 72 INFO cinder.api.openstack.wsgi [None req-68b5261e-bf90-4af3-9352-6036017951e6 d217d7e4cf4647a3843909c002c461e0 d60b63af08b8473b8aea7530295eef81 - - default default] http://[LB_IP_ADDRESS]:8776/v3/d60b63af08b8473b8aea7530295eef81/groups/c1059f15-25a1-4ecf-9f83-582213bfb8d9 returned with HTTP 200
2026-06-05 17:53:05.762 73 INFO cinder.api.openstack.wsgi [None req-297129f7-b938-453e-8c8e-87d84e7c208e d217d7e4cf4647a3843909c002c461e0 d60b63af08b8473b8aea7530295eef81 - - default default] GET http://[LB_IP_ADDRESS]:8776/v3/d60b63af08b8473b8aea7530295eef81/volumes/detail
2026-06-05 17:53:05.775 73 INFO cinder.volume.api [None req-297129f7-b938-453e-8c8e-87d84e7c208e d217d7e4cf4647a3843909c002c461e0 d60b63af08b8473b8aea7530295eef81 - - default default] Get all volumes completed successfully.
2026-06-05 17:53:05.780 73 INFO cinder.api.openstack.wsgi [None req-297129f7-b938-453e-8c8e-87d84e7c208e d217d7e4cf4647a3843909c002c461e0 d60b63af08b8473b8aea7530295eef81 - - default default] http://[LB_IP_ADDRESS]:8776/v3/d60b63af08b8473b8aea7530295eef81/volumes/detail returned with HTTP 200
2026-06-05 17:53:05.801 75 INFO cinder.api.openstack.wsgi [None req-a12a3f83-5c03-4571-8570-fe35c0087866 d217d7e4cf4647a3843909c002c461e0 d60b63af08b8473b8aea7530295eef81 - - default default] POST http://[LB_IP_ADDRESS]:8776/v3/d60b63af08b8473b8aea7530295eef81/groups/c1059f15-25a1-4ecf-9f83-582213bfb8d9/action
2026-06-05 17:53:05.805 75 INFO cinder.api.v3.groups [None req-a12a3f83-5c03-4571-8570-fe35c0087866 d217d7e4cf4647a3843909c002c461e0 d60b63af08b8473b8aea7530295eef81 - - default default] Delete group with id: c1059f15-25a1-4ecf-9f83-582213bfb8d9
2026-06-05 17:53:05.851 75 INFO cinder.api.openstack.wsgi [None req-a12a3f83-5c03-4571-8570-fe35c0087866 d217d7e4cf4647a3843909c002c461e0 d60b63af08b8473b8aea7530295eef81 - - default default] http://[LB_IP_ADDRESS]:8776/v3/d60b63af08b8473b8aea7530295eef81/groups/c1059f15-25a1-4ecf-9f83-582213bfb8d9/action returned with HTTP 202
2026-06-05 17:53:05.863 76 INFO cinder.api.openstack.wsgi [None req-5d74739b-97e3-46fe-8e00-9638ff77b806 d217d7e4cf4647a3843909c002c461e0 d60b63af08b8473b8aea7530295eef81 - - default default] GET http://[LB_IP_ADDRESS]:8776/v3/d60b63af08b8473b8aea7530295eef81/groups/c1059f15-25a1-4ecf-9f83-582213bfb8d9
2026-06-05 17:53:05.885 76 INFO cinder.api.openstack.wsgi [None req-5d74739b-97e3-46fe-8e00-9638ff77b806 d217d7e4cf4647a3843909c002c461e0 d60b63af08b8473b8aea7530295eef81 - - default default] http://[LB_IP_ADDRESS]:8776/v3/d60b63af08b8473b8aea7530295eef81/groups/c1059f15-25a1-4ecf-9f83-582213bfb8d9 returned with HTTP 200
2026-06-05 17:53:05.948 74 INFO cinder.group.api [None req-83491eb9-8a58-4c16-9f6a-3f8f67250e87 2618c9b41b19416b83b0b985ab20a44d 5681753d5c094a82afe9f5f0d06dfd17 - - default default] A mapping entry already exists for group d3372b86-248c-4386-a861-845533f6acc4 and volume type ed424d08-ca80-463e-81a5-be273ee0fe90. Do not need to create again.
2026-06-05 17:53:05.956 74 INFO cinder.volume.api [None req-83491eb9-8a58-4c16-9f6a-3f8f67250e87 2618c9b41b19416b83b0b985ab20a44d 5681753d5c094a82afe9f5f0d06dfd17 - - default default] Availability Zones retrieved successfully.
2026-06-05 17:53:06.201 74 INFO cinder.volume.api [None req-83491eb9-8a58-4c16-9f6a-3f8f67250e87 2618c9b41b19416b83b0b985ab20a44d 5681753d5c094a82afe9f5f0d06dfd17 - - default default] Create volume request issued successfully.
2026-06-05 17:53:06.224 74 INFO cinder.api.openstack.wsgi [None req-83491eb9-8a58-4c16-9f6a-3f8f67250e87 2618c9b41b19416b83b0b985ab20a44d 5681753d5c094a82afe9f5f0d06dfd17 - - default default] http://[LB_IP_ADDRESS]:8776/v3/5681753d5c094a82afe9f5f0d06dfd17/groups/action returned with HTTP 202
2026-06-05 17:53:06.238 72 INFO cinder.api.openstack.wsgi [None req-35527870-77f1-4718-b8f1-f498c14d9197 2618c9b41b19416b83b0b985ab20a44d 5681753d5c094a82afe9f5f0d06dfd17 - - default default] GET http://[LB_IP_ADDRESS]:8776/v3/5681753d5c094a82afe9f5f0d06dfd17/volumes/detail
2026-06-05 17:53:06.254 72 INFO cinder.volume.api [None req-35527870-77f1-4718-b8f1-f498c14d9197 2618c9b41b19416b83b0b985ab20a44d 5681753d5c094a82afe9f5f0d06dfd17 - - default default] Get all volumes completed successfully.
2026-06-05 17:53:06.300 72 INFO cinder.api.openstack.wsgi [None req-35527870-77f1-4718-b8f1-f498c14d9197 2618c9b41b19416b83b0b985ab20a44d 5681753d5c094a82afe9f5f0d06dfd17 - - default default] http://[LB_IP_ADDRESS]:8776/v3/5681753d5c094a82afe9f5f0d06dfd17/volumes/detail returned with HTTP 200
2026-06-05 17:53:06.322 73 INFO cinder.api.openstack.wsgi [None req-350839ba-2488-4f17-abf4-224b66b29088 2618c9b41b19416b83b0b985ab20a44d 5681753d5c094a82afe9f5f0d06dfd17 - - default default] GET http://[LB_IP_ADDRESS]:8776/v3/5681753d5c094a82afe9f5f0d06dfd17/volumes/2b58740d-8ec9-4f08-9b95-1a5459ca21ed
2026-06-05 17:53:06.343 73 INFO cinder.volume.api [None req-350839ba-2488-4f17-abf4-224b66b29088 2618c9b41b19416b83b0b985ab20a44d 5681753d5c094a82afe9f5f0d06dfd17 - - default default] Volume info retrieved successfully.
2026-06-05 17:53:06.370 73 INFO cinder.api.openstack.wsgi [None req-350839ba-2488-4f17-abf4-224b66b29088 2618c9b41b19416b83b0b985ab20a44d 5681753d5c094a82afe9f5f0d06dfd17 - - default default] http://[LB_IP_ADDRESS]:8776/v3/5681753d5c094a82afe9f5f0d06dfd17/volumes/2b58740d-8ec9-4f08-9b95-1a5459ca21ed returned with HTTP 200
2026-06-05 17:53:06.690 75 INFO cinder.api.openstack.wsgi [None req-933ffb89-8d98-41a9-a802-24412ed847a6 4aa350d20c984ef79aa5a6e8cd3c107b 2c911fb59782449b80345d51c3b8643d - - default default] GET http://[LB_IP_ADDRESS]:8776/v3/2c911fb59782449b80345d51c3b8643d/volumes/f1efb71a-282f-4c25-b2c9-36767668297e
2026-06-05 17:53:06.702 75 INFO cinder.api.openstack.wsgi [None req-933ffb89-8d98-41a9-a802-24412ed847a6 4aa350d20c984ef79aa5a6e8cd3c107b 2c911fb59782449b80345d51c3b8643d - - default default] http://[LB_IP_ADDRESS]:8776/v3/2c911fb59782449b80345d51c3b8643d/volumes/f1efb71a-282f-4c25-b2c9-36767668297e returned with HTTP 404
2026-06-05 17:53:06.715 76 INFO cinder.api.openstack.wsgi [None req-01fb38fc-9fc1-420d-af64-bb55e6ecca38 4aa350d20c984ef79aa5a6e8cd3c107b 2c911fb59782449b80345d51c3b8643d - - default default] GET http://[LB_IP_ADDRESS]:8776/v3/2c911fb59782449b80345d51c3b8643d/groups/7c3f042b-ddf8-4cee-b4e6-108ece189d95
2026-06-05 17:53:06.720 76 INFO cinder.api.openstack.wsgi [None req-01fb38fc-9fc1-420d-af64-bb55e6ecca38 4aa350d20c984ef79aa5a6e8cd3c107b 2c911fb59782449b80345d51c3b8643d - - default default] http://[LB_IP_ADDRESS]:8776/v3/2c911fb59782449b80345d51c3b8643d/groups/7c3f042b-ddf8-4cee-b4e6-108ece189d95 returned with HTTP 404
2026-06-05 17:53:06.733 74 INFO cinder.api.openstack.wsgi [None req-ca80592c-b024-41b4-9311-9fe16730bc9f 4aa350d20c984ef79aa5a6e8cd3c107b 2c911fb59782449b80345d51c3b8643d - - default default] POST http://[LB_IP_ADDRESS]:8776/v3/2c911fb59782449b80345d51c3b8643d/groups/8f1b4a0d-d49d-48ba-be18-2497c0557b50/action
2026-06-05 17:53:06.737 74 INFO cinder.api.v3.groups [None req-ca80592c-b024-41b4-9311-9fe16730bc9f 4aa350d20c984ef79aa5a6e8cd3c107b 2c911fb59782449b80345d51c3b8643d - - default default] Delete group with id: 8f1b4a0d-d49d-48ba-be18-2497c0557b50
2026-06-05 17:53:06.783 74 INFO cinder.api.openstack.wsgi [None req-ca80592c-b024-41b4-9311-9fe16730bc9f 4aa350d20c984ef79aa5a6e8cd3c107b 2c911fb59782449b80345d51c3b8643d - - default default] http://[LB_IP_ADDRESS]:8776/v3/2c911fb59782449b80345d51c3b8643d/groups/8f1b4a0d-d49d-48ba-be18-2497c0557b50/action returned with HTTP 202
2026-06-05 17:53:06.796 72 INFO cinder.api.openstack.wsgi [None req-5ae8bd64-cb04-4377-b92a-d6b12c84faaf 4aa350d20c984ef79aa5a6e8cd3c107b 2c911fb59782449b80345d51c3b8643d - - default default] GET http://[LB_IP_ADDRESS]:8776/v3/2c911fb59782449b80345d51c3b8643d/groups/8f1b4a0d-d49d-48ba-be18-2497c0557b50
2026-06-05 17:53:06.817 72 INFO cinder.api.openstack.wsgi [None req-5ae8bd64-cb04-4377-b92a-d6b12c84faaf 4aa350d20c984ef79aa5a6e8cd3c107b 2c911fb59782449b80345d51c3b8643d - - default default] http://[LB_IP_ADDRESS]:8776/v3/2c911fb59782449b80345d51c3b8643d/groups/8f1b4a0d-d49d-48ba-be18-2497c0557b50 returned with HTTP 200
2026-06-05 17:53:06.902 73 INFO cinder.api.openstack.wsgi [None req-18f9c74e-5aa2-4e41-b997-e2a77a7222df d217d7e4cf4647a3843909c002c461e0 d60b63af08b8473b8aea7530295eef81 - - default default] GET http://[LB_IP_ADDRESS]:8776/v3/d60b63af08b8473b8aea7530295eef81/groups/c1059f15-25a1-4ecf-9f83-582213bfb8d9
2026-06-05 17:53:06.909 73 INFO cinder.api.openstack.wsgi [None req-18f9c74e-5aa2-4e41-b997-e2a77a7222df d217d7e4cf4647a3843909c002c461e0 d60b63af08b8473b8aea7530295eef81 - - default default] http://[LB_IP_ADDRESS]:8776/v3/d60b63af08b8473b8aea7530295eef81/groups/c1059f15-25a1-4ecf-9f83-582213bfb8d9 returned with HTTP 404
2026-06-05 17:53:06.922 75 INFO cinder.api.openstack.wsgi [None req-d6d25b18-262b-44c8-9e48-adf3a46bbd10 b265183530b349ad8e86aa74b5e189e7 0792e7f31ffa4eb9a7490e48514b85e4 - - default default] DELETE http://[LB_IP_ADDRESS]:8776/v3/0792e7f31ffa4eb9a7490e48514b85e4/group_types/f5abff14-dccf-466b-a053-dc8c7ad7cc80
2026-06-05 17:53:06.943 75 INFO cinder.api.openstack.wsgi [None req-d6d25b18-262b-44c8-9e48-adf3a46bbd10 b265183530b349ad8e86aa74b5e189e7 0792e7f31ffa4eb9a7490e48514b85e4 - - default default] http://[LB_IP_ADDRESS]:8776/v3/0792e7f31ffa4eb9a7490e48514b85e4/group_types/f5abff14-dccf-466b-a053-dc8c7ad7cc80 returned with HTTP 202
2026-06-05 17:53:06.955 76 INFO cinder.api.openstack.wsgi [None req-b14a02fe-f613-412f-83de-fe7c6eaeca36 b265183530b349ad8e86aa74b5e189e7 0792e7f31ffa4eb9a7490e48514b85e4 - - default default] DELETE http://[LB_IP_ADDRESS]:8776/v3/0792e7f31ffa4eb9a7490e48514b85e4/types/f71a0143-22ef-4761-a9ea-f6348c9c704b
2026-06-05 17:53:07.003 76 INFO cinder.api.openstack.wsgi [None req-b14a02fe-f613-412f-83de-fe7c6eaeca36 b265183530b349ad8e86aa74b5e189e7 0792e7f31ffa4eb9a7490e48514b85e4 - - default default] http://[LB_IP_ADDRESS]:8776/v3/0792e7f31ffa4eb9a7490e48514b85e4/types/f71a0143-22ef-4761-a9ea-f6348c9c704b returned with HTTP 202
2026-06-05 17:53:07.015 74 INFO cinder.api.openstack.wsgi [None req-a30d2fd5-3841-405b-9da0-64c7019266e5 b265183530b349ad8e86aa74b5e189e7 0792e7f31ffa4eb9a7490e48514b85e4 - - default default] GET http://[LB_IP_ADDRESS]:8776/v3/0792e7f31ffa4eb9a7490e48514b85e4/types/f71a0143-22ef-4761-a9ea-f6348c9c704b
2026-06-05 17:53:07.022 74 INFO cinder.api.openstack.wsgi [None req-a30d2fd5-3841-405b-9da0-64c7019266e5 b265183530b349ad8e86aa74b5e189e7 0792e7f31ffa4eb9a7490e48514b85e4 - - default default] http://[LB_IP_ADDRESS]:8776/v3/0792e7f31ffa4eb9a7490e48514b85e4/types/f71a0143-22ef-4761-a9ea-f6348c9c704b returned with HTTP 404
2026-06-05 17:53:07.392 72 INFO cinder.api.openstack.wsgi [None req-646de689-023e-4573-bbaa-0e0841ec59eb 2618c9b41b19416b83b0b985ab20a44d 5681753d5c094a82afe9f5f0d06dfd17 - - default default] GET http://[LB_IP_ADDRESS]:8776/v3/5681753d5c094a82afe9f5f0d06dfd17/volumes/2b58740d-8ec9-4f08-9b95-1a5459ca21ed
2026-06-05 17:53:07.414 72 INFO cinder.volume.api [None req-646de689-023e-4573-bbaa-0e0841ec59eb 2618c9b41b19416b83b0b985ab20a44d 5681753d5c094a82afe9f5f0d06dfd17 - - default default] Volume info retrieved successfully.
2026-06-05 17:53:07.441 72 INFO cinder.api.openstack.wsgi [None req-646de689-023e-4573-bbaa-0e0841ec59eb 2618c9b41b19416b83b0b985ab20a44d 5681753d5c094a82afe9f5f0d06dfd17 - - default default] http://[LB_IP_ADDRESS]:8776/v3/5681753d5c094a82afe9f5f0d06dfd17/volumes/2b58740d-8ec9-4f08-9b95-1a5459ca21ed returned with HTTP 200
2026-06-05 17:53:07.463 73 INFO cinder.api.openstack.wsgi [None req-e908573c-7f2b-4764-8376-6f9e2d84ce0c 2618c9b41b19416b83b0b985ab20a44d 5681753d5c094a82afe9f5f0d06dfd17 - - default default] GET http://[LB_IP_ADDRESS]:8776/v3/5681753d5c094a82afe9f5f0d06dfd17/groups/d3372b86-248c-4386-a861-845533f6acc4
