2025-10-21 11:01:52.457 76 INFO cinder.api.openstack.wsgi [None req-128cf2b7-0d21-400e-8eb4-a0cc2b951b5b 672efad06e2f4c15b96fc8cf30c6a660 3adcb7182ed44ccbbbc1899a2ceaa2c0 - - default default] GET http://[LB_IP_ADDRESS]:8776/v3/3adcb7182ed44ccbbbc1899a2ceaa2c0/types/f1691cff-068e-4da6-bac8-d39a62c870dc
2025-10-21 11:01:52.461 76 INFO cinder.api.openstack.wsgi [None req-128cf2b7-0d21-400e-8eb4-a0cc2b951b5b 672efad06e2f4c15b96fc8cf30c6a660 3adcb7182ed44ccbbbc1899a2ceaa2c0 - - default default] http://[LB_IP_ADDRESS]:8776/v3/3adcb7182ed44ccbbbc1899a2ceaa2c0/types/f1691cff-068e-4da6-bac8-d39a62c870dc returned with HTTP 404
2025-10-21 11:01:52.544 72 INFO cinder.volume.api [None req-a49df328-9dd8-4f58-8951-890f69586bd7 5b7705889c444aeb91325a919355c2a9 290ae54aed374806b4318bde380b4da8 - - default default] Snapshot create request issued successfully.
2025-10-21 11:01:52.545 72 INFO cinder.api.openstack.wsgi [None req-a49df328-9dd8-4f58-8951-890f69586bd7 5b7705889c444aeb91325a919355c2a9 290ae54aed374806b4318bde380b4da8 - - default default] http://[LB_IP_ADDRESS]:8776/v3/290ae54aed374806b4318bde380b4da8/snapshots returned with HTTP 202
2025-10-21 11:01:52.558 73 INFO cinder.api.openstack.wsgi [None req-6236e5c0-a5d2-4f27-a5dc-071e4c4216bb 5b7705889c444aeb91325a919355c2a9 290ae54aed374806b4318bde380b4da8 - - default default] GET http://[LB_IP_ADDRESS]:8776/v3/290ae54aed374806b4318bde380b4da8/snapshots/49ac96dd-c1df-4c26-97d0-5bafa9eab319
2025-10-21 11:01:52.566 73 INFO cinder.volume.api [None req-6236e5c0-a5d2-4f27-a5dc-071e4c4216bb 5b7705889c444aeb91325a919355c2a9 290ae54aed374806b4318bde380b4da8 - - default default] Snapshot retrieved successfully.
2025-10-21 11:01:52.567 73 INFO cinder.api.openstack.wsgi [None req-6236e5c0-a5d2-4f27-a5dc-071e4c4216bb 5b7705889c444aeb91325a919355c2a9 290ae54aed374806b4318bde380b4da8 - - default default] http://[LB_IP_ADDRESS]:8776/v3/290ae54aed374806b4318bde380b4da8/snapshots/49ac96dd-c1df-4c26-97d0-5bafa9eab319 returned with HTTP 200
2025-10-21 11:01:52.586 75 INFO cinder.api.openstack.wsgi [None req-8381e8cd-3a0f-4585-8bc2-ec93c227b0d5 30c6a69f4dfa40f5bc953d9935b45d12 dff2337db5ff4bbf89ed114fb004a078 - - default default] GET http://[LB_IP_ADDRESS]:8776/v3/dff2337db5ff4bbf89ed114fb004a078/snapshots/a04fe728-fd20-4149-b02b-0cb9465c3636
2025-10-21 11:01:52.592 75 INFO cinder.api.openstack.wsgi [None req-8381e8cd-3a0f-4585-8bc2-ec93c227b0d5 30c6a69f4dfa40f5bc953d9935b45d12 dff2337db5ff4bbf89ed114fb004a078 - - default default] http://[LB_IP_ADDRESS]:8776/v3/dff2337db5ff4bbf89ed114fb004a078/snapshots/a04fe728-fd20-4149-b02b-0cb9465c3636 returned with HTTP 404
2025-10-21 11:01:52.602 74 INFO cinder.api.openstack.wsgi [None req-d8c9c9a1-bf45-47bb-bd48-ab6b3b23baa3 30c6a69f4dfa40f5bc953d9935b45d12 dff2337db5ff4bbf89ed114fb004a078 - - default default] GET http://[LB_IP_ADDRESS]:8776/v3/dff2337db5ff4bbf89ed114fb004a078/group_snapshots/518b40a2-46fe-4acb-a566-0193dd55ff07
2025-10-21 11:01:52.607 74 INFO cinder.api.openstack.wsgi [None req-d8c9c9a1-bf45-47bb-bd48-ab6b3b23baa3 30c6a69f4dfa40f5bc953d9935b45d12 dff2337db5ff4bbf89ed114fb004a078 - - default default] http://[LB_IP_ADDRESS]:8776/v3/dff2337db5ff4bbf89ed114fb004a078/group_snapshots/518b40a2-46fe-4acb-a566-0193dd55ff07 returned with HTTP 404
2025-10-21 11:01:52.616 76 INFO cinder.api.openstack.wsgi [None req-9dff2649-aca7-458c-b3f0-6deaaff4ebbc 30c6a69f4dfa40f5bc953d9935b45d12 dff2337db5ff4bbf89ed114fb004a078 - - default default] GET http://[LB_IP_ADDRESS]:8776/v3/dff2337db5ff4bbf89ed114fb004a078/group_snapshots
2025-10-21 11:01:52.622 76 INFO cinder.api.openstack.wsgi [None req-9dff2649-aca7-458c-b3f0-6deaaff4ebbc 30c6a69f4dfa40f5bc953d9935b45d12 dff2337db5ff4bbf89ed114fb004a078 - - default default] http://[LB_IP_ADDRESS]:8776/v3/dff2337db5ff4bbf89ed114fb004a078/group_snapshots returned with HTTP 200
2025-10-21 11:01:52.634 72 INFO cinder.api.openstack.wsgi [None req-61082fb6-4e39-4c2b-8957-01a71ac86511 30c6a69f4dfa40f5bc953d9935b45d12 dff2337db5ff4bbf89ed114fb004a078 - - default default] DELETE http://[LB_IP_ADDRESS]:8776/v3/dff2337db5ff4bbf89ed114fb004a078/group_snapshots/518b40a2-46fe-4acb-a566-0193dd55ff07
2025-10-21 11:01:52.635 72 INFO cinder.api.v3.group_snapshots [None req-61082fb6-4e39-4c2b-8957-01a71ac86511 30c6a69f4dfa40f5bc953d9935b45d12 dff2337db5ff4bbf89ed114fb004a078 - - default default] Delete group_snapshot with id: 518b40a2-46fe-4acb-a566-0193dd55ff07
2025-10-21 11:01:52.638 72 INFO cinder.api.openstack.wsgi [None req-61082fb6-4e39-4c2b-8957-01a71ac86511 30c6a69f4dfa40f5bc953d9935b45d12 dff2337db5ff4bbf89ed114fb004a078 - - default default] http://[LB_IP_ADDRESS]:8776/v3/dff2337db5ff4bbf89ed114fb004a078/group_snapshots/518b40a2-46fe-4acb-a566-0193dd55ff07 returned with HTTP 404
2025-10-21 11:01:52.649 73 INFO cinder.api.openstack.wsgi [None req-71436339-0ee5-4c13-a042-ec2a98189cc3 30c6a69f4dfa40f5bc953d9935b45d12 dff2337db5ff4bbf89ed114fb004a078 - - default default] GET http://[LB_IP_ADDRESS]:8776/v3/dff2337db5ff4bbf89ed114fb004a078/volumes/detail
2025-10-21 11:01:52.663 73 INFO cinder.volume.api [None req-71436339-0ee5-4c13-a042-ec2a98189cc3 30c6a69f4dfa40f5bc953d9935b45d12 dff2337db5ff4bbf89ed114fb004a078 - - default default] Get all volumes completed successfully.
2025-10-21 11:01:52.695 73 INFO cinder.api.openstack.wsgi [None req-71436339-0ee5-4c13-a042-ec2a98189cc3 30c6a69f4dfa40f5bc953d9935b45d12 dff2337db5ff4bbf89ed114fb004a078 - - default default] http://[LB_IP_ADDRESS]:8776/v3/dff2337db5ff4bbf89ed114fb004a078/volumes/detail returned with HTTP 200
2025-10-21 11:01:52.716 75 INFO cinder.api.openstack.wsgi [None req-ff0e82fc-2f8c-467b-b1a2-a7956a3e1c02 30c6a69f4dfa40f5bc953d9935b45d12 dff2337db5ff4bbf89ed114fb004a078 - - default default] POST http://[LB_IP_ADDRESS]:8776/v3/dff2337db5ff4bbf89ed114fb004a078/groups/70da2a57-98f9-4671-8407-a290d3b337b3/action
2025-10-21 11:01:52.720 75 INFO cinder.api.v3.groups [None req-ff0e82fc-2f8c-467b-b1a2-a7956a3e1c02 30c6a69f4dfa40f5bc953d9935b45d12 dff2337db5ff4bbf89ed114fb004a078 - - default default] Delete group with id: 70da2a57-98f9-4671-8407-a290d3b337b3
2025-10-21 11:01:52.766 75 INFO cinder.api.openstack.wsgi [None req-ff0e82fc-2f8c-467b-b1a2-a7956a3e1c02 30c6a69f4dfa40f5bc953d9935b45d12 dff2337db5ff4bbf89ed114fb004a078 - - default default] http://[LB_IP_ADDRESS]:8776/v3/dff2337db5ff4bbf89ed114fb004a078/groups/70da2a57-98f9-4671-8407-a290d3b337b3/action returned with HTTP 202
2025-10-21 11:01:52.775 74 INFO cinder.api.openstack.wsgi [None req-0d1403ee-d9a8-4dcb-b4a0-e5b33e801584 30c6a69f4dfa40f5bc953d9935b45d12 dff2337db5ff4bbf89ed114fb004a078 - - default default] GET http://[LB_IP_ADDRESS]:8776/v3/dff2337db5ff4bbf89ed114fb004a078/volumes/2766cc9e-e2bb-41f4-b23d-6ee9b9ea64d3
2025-10-21 11:01:52.796 74 INFO cinder.volume.api [None req-0d1403ee-d9a8-4dcb-b4a0-e5b33e801584 30c6a69f4dfa40f5bc953d9935b45d12 dff2337db5ff4bbf89ed114fb004a078 - - default default] Volume info retrieved successfully.
2025-10-21 11:01:52.829 74 INFO cinder.api.openstack.wsgi [None req-0d1403ee-d9a8-4dcb-b4a0-e5b33e801584 30c6a69f4dfa40f5bc953d9935b45d12 dff2337db5ff4bbf89ed114fb004a078 - - default default] http://[LB_IP_ADDRESS]:8776/v3/dff2337db5ff4bbf89ed114fb004a078/volumes/2766cc9e-e2bb-41f4-b23d-6ee9b9ea64d3 returned with HTTP 200
2025-10-21 11:01:53.580 76 INFO cinder.api.openstack.wsgi [None req-a9c167b3-e5c3-468f-b1c6-58208e2c4386 5b7705889c444aeb91325a919355c2a9 290ae54aed374806b4318bde380b4da8 - - default default] GET http://[LB_IP_ADDRESS]:8776/v3/290ae54aed374806b4318bde380b4da8/snapshots/49ac96dd-c1df-4c26-97d0-5bafa9eab319
2025-10-21 11:01:53.587 76 INFO cinder.volume.api [None req-a9c167b3-e5c3-468f-b1c6-58208e2c4386 5b7705889c444aeb91325a919355c2a9 290ae54aed374806b4318bde380b4da8 - - default default] Snapshot retrieved successfully.
2025-10-21 11:01:53.588 76 INFO cinder.api.openstack.wsgi [None req-a9c167b3-e5c3-468f-b1c6-58208e2c4386 5b7705889c444aeb91325a919355c2a9 290ae54aed374806b4318bde380b4da8 - - default default] http://[LB_IP_ADDRESS]:8776/v3/290ae54aed374806b4318bde380b4da8/snapshots/49ac96dd-c1df-4c26-97d0-5bafa9eab319 returned with HTTP 200
2025-10-21 11:01:53.847 72 INFO cinder.api.openstack.wsgi [None req-2b008a04-7dac-45b0-972d-20a0a596b3c3 30c6a69f4dfa40f5bc953d9935b45d12 dff2337db5ff4bbf89ed114fb004a078 - - default default] GET http://[LB_IP_ADDRESS]:8776/v3/dff2337db5ff4bbf89ed114fb004a078/volumes/2766cc9e-e2bb-41f4-b23d-6ee9b9ea64d3
2025-10-21 11:01:53.857 72 INFO cinder.api.openstack.wsgi [None req-2b008a04-7dac-45b0-972d-20a0a596b3c3 30c6a69f4dfa40f5bc953d9935b45d12 dff2337db5ff4bbf89ed114fb004a078 - - default default] http://[LB_IP_ADDRESS]:8776/v3/dff2337db5ff4bbf89ed114fb004a078/volumes/2766cc9e-e2bb-41f4-b23d-6ee9b9ea64d3 returned with HTTP 404
2025-10-21 11:01:53.867 73 INFO cinder.api.openstack.wsgi [None req-4646a1b8-73b7-4513-a547-80d41706d694 30c6a69f4dfa40f5bc953d9935b45d12 dff2337db5ff4bbf89ed114fb004a078 - - default default] GET http://[LB_IP_ADDRESS]:8776/v3/dff2337db5ff4bbf89ed114fb004a078/groups/70da2a57-98f9-4671-8407-a290d3b337b3
2025-10-21 11:01:53.872 73 INFO cinder.api.openstack.wsgi [None req-4646a1b8-73b7-4513-a547-80d41706d694 30c6a69f4dfa40f5bc953d9935b45d12 dff2337db5ff4bbf89ed114fb004a078 - - default default] http://[LB_IP_ADDRESS]:8776/v3/dff2337db5ff4bbf89ed114fb004a078/groups/70da2a57-98f9-4671-8407-a290d3b337b3 returned with HTTP 404
2025-10-21 11:01:53.879 75 INFO cinder.api.openstack.wsgi [None req-a38a6844-ea0a-49b0-ab84-53e7c6f0ae14 2b538e4438ad4a39aaf43d74f4879849 3ea1bc3ed2414f43ac3b9b401cf0142a - - default default] DELETE http://[LB_IP_ADDRESS]:8776/v3/3ea1bc3ed2414f43ac3b9b401cf0142a/group_types/e4c1cae2-7445-44ba-95d5-20887e720eb0
2025-10-21 11:01:53.894 75 INFO cinder.api.openstack.wsgi [None req-a38a6844-ea0a-49b0-ab84-53e7c6f0ae14 2b538e4438ad4a39aaf43d74f4879849 3ea1bc3ed2414f43ac3b9b401cf0142a - - default default] http://[LB_IP_ADDRESS]:8776/v3/3ea1bc3ed2414f43ac3b9b401cf0142a/group_types/e4c1cae2-7445-44ba-95d5-20887e720eb0 returned with HTTP 202
2025-10-21 11:01:53.902 74 INFO cinder.api.openstack.wsgi [None req-f9798e7f-5dc8-4026-a5fc-1150d071a1ac 2b538e4438ad4a39aaf43d74f4879849 3ea1bc3ed2414f43ac3b9b401cf0142a - - default default] DELETE http://[LB_IP_ADDRESS]:8776/v3/3ea1bc3ed2414f43ac3b9b401cf0142a/types/e0875e7d-fdab-437c-86ae-fda0491510e3
2025-10-21 11:01:53.935 74 INFO cinder.api.openstack.wsgi [None req-f9798e7f-5dc8-4026-a5fc-1150d071a1ac 2b538e4438ad4a39aaf43d74f4879849 3ea1bc3ed2414f43ac3b9b401cf0142a - - default default] http://[LB_IP_ADDRESS]:8776/v3/3ea1bc3ed2414f43ac3b9b401cf0142a/types/e0875e7d-fdab-437c-86ae-fda0491510e3 returned with HTTP 202
2025-10-21 11:01:53.944 76 INFO cinder.api.openstack.wsgi [None req-185089e8-0501-4a7c-a2a8-468f5297acb9 2b538e4438ad4a39aaf43d74f4879849 3ea1bc3ed2414f43ac3b9b401cf0142a - - default default] GET http://[LB_IP_ADDRESS]:8776/v3/3ea1bc3ed2414f43ac3b9b401cf0142a/types/e0875e7d-fdab-437c-86ae-fda0491510e3
2025-10-21 11:01:53.950 76 INFO cinder.api.openstack.wsgi [None req-185089e8-0501-4a7c-a2a8-468f5297acb9 2b538e4438ad4a39aaf43d74f4879849 3ea1bc3ed2414f43ac3b9b401cf0142a - - default default] http://[LB_IP_ADDRESS]:8776/v3/3ea1bc3ed2414f43ac3b9b401cf0142a/types/e0875e7d-fdab-437c-86ae-fda0491510e3 returned with HTTP 404
2025-10-21 11:01:54.607 72 INFO cinder.api.openstack.wsgi [None req-11ef53a4-e39b-418b-8b34-3f7dad9b8b3b 5b7705889c444aeb91325a919355c2a9 290ae54aed374806b4318bde380b4da8 - - default default] GET http://[LB_IP_ADDRESS]:8776/v3/290ae54aed374806b4318bde380b4da8/snapshots/49ac96dd-c1df-4c26-97d0-5bafa9eab319
2025-10-21 11:01:54.616 72 INFO cinder.volume.api [None req-11ef53a4-e39b-418b-8b34-3f7dad9b8b3b 5b7705889c444aeb91325a919355c2a9 290ae54aed374806b4318bde380b4da8 - - default default] Snapshot retrieved successfully.
2025-10-21 11:01:54.617 72 INFO cinder.api.openstack.wsgi [None req-11ef53a4-e39b-418b-8b34-3f7dad9b8b3b 5b7705889c444aeb91325a919355c2a9 290ae54aed374806b4318bde380b4da8 - - default default] http://[LB_IP_ADDRESS]:8776/v3/290ae54aed374806b4318bde380b4da8/snapshots/49ac96dd-c1df-4c26-97d0-5bafa9eab319 returned with HTTP 200
2025-10-21 11:01:54.636 73 INFO cinder.api.openstack.wsgi [None req-587c9681-d0f5-4ec9-adef-bf8f3b4e9821 f78b11809c38409e987539f9fe0a42b0 b0fe20bb731241d7911d953b1364d907 - - default default] POST http://[LB_IP_ADDRESS]:8776/v3/b0fe20bb731241d7911d953b1364d907/snapshots/49ac96dd-c1df-4c26-97d0-5bafa9eab319/action
2025-10-21 11:01:54.667 73 INFO cinder.api.openstack.wsgi [None req-587c9681-d0f5-4ec9-adef-bf8f3b4e9821 f78b11809c38409e987539f9fe0a42b0 b0fe20bb731241d7911d953b1364d907 - - default default] http://[LB_IP_ADDRESS]:8776/v3/b0fe20bb731241d7911d953b1364d907/snapshots/49ac96dd-c1df-4c26-97d0-5bafa9eab319/action returned with HTTP 202
2025-10-21 11:01:54.678 75 INFO cinder.api.openstack.wsgi [None req-f03cd9da-cd1f-4719-af62-db3b6fd63d90 5b7705889c444aeb91325a919355c2a9 290ae54aed374806b4318bde380b4da8 - - default default] GET http://[LB_IP_ADDRESS]:8776/v3/290ae54aed374806b4318bde380b4da8/snapshots/49ac96dd-c1df-4c26-97d0-5bafa9eab319
2025-10-21 11:01:54.686 75 INFO cinder.volume.api [None req-f03cd9da-cd1f-4719-af62-db3b6fd63d90 5b7705889c444aeb91325a919355c2a9 290ae54aed374806b4318bde380b4da8 - - default default] Snapshot retrieved successfully.
2025-10-21 11:01:54.688 75 INFO cinder.api.openstack.wsgi [None req-f03cd9da-cd1f-4719-af62-db3b6fd63d90 5b7705889c444aeb91325a919355c2a9 290ae54aed374806b4318bde380b4da8 - - default default] http://[LB_IP_ADDRESS]:8776/v3/290ae54aed374806b4318bde380b4da8/snapshots/49ac96dd-c1df-4c26-97d0-5bafa9eab319 returned with HTTP 200
2025-10-21 11:01:54.704 74 INFO cinder.api.openstack.wsgi [None req-a586e7e6-7477-4b61-9b95-76c5689c8f1a f78b11809c38409e987539f9fe0a42b0 b0fe20bb731241d7911d953b1364d907 - - default default] POST http://[LB_IP_ADDRESS]:8776/v3/b0fe20bb731241d7911d953b1364d907/snapshots/49ac96dd-c1df-4c26-97d0-5bafa9eab319/action
2025-10-21 11:01:54.713 74 INFO cinder.volume.api [None req-a586e7e6-7477-4b61-9b95-76c5689c8f1a f78b11809c38409e987539f9fe0a42b0 b0fe20bb731241d7911d953b1364d907 - - default default] Snapshot retrieved successfully.
2025-10-21 11:01:54.737 74 INFO cinder.volume.api [None req-a586e7e6-7477-4b61-9b95-76c5689c8f1a f78b11809c38409e987539f9fe0a42b0 b0fe20bb731241d7911d953b1364d907 - - default default] Snapshot delete request issued successfully.
2025-10-21 11:01:54.738 74 INFO cinder.api.openstack.wsgi [None req-a586e7e6-7477-4b61-9b95-76c5689c8f1a f78b11809c38409e987539f9fe0a42b0 b0fe20bb731241d7911d953b1364d907 - - default default] http://[LB_IP_ADDRESS]:8776/v3/b0fe20bb731241d7911d953b1364d907/snapshots/49ac96dd-c1df-4c26-97d0-5bafa9eab319/action returned with HTTP 202
2025-10-21 11:01:54.750 76 INFO cinder.api.openstack.wsgi [None req-f2cbfaf0-1241-4b4c-a1c8-f9286bc5faff 5b7705889c444aeb91325a919355c2a9 290ae54aed374806b4318bde380b4da8 - - default default] GET http://[LB_IP_ADDRESS]:8776/v3/290ae54aed374806b4318bde380b4da8/snapshots/49ac96dd-c1df-4c26-97d0-5bafa9eab319
2025-10-21 11:01:54.760 76 INFO cinder.volume.api [None req-f2cbfaf0-1241-4b4c-a1c8-f9286bc5faff 5b7705889c444aeb91325a919355c2a9 290ae54aed374806b4318bde380b4da8 - - default default] Snapshot retrieved successfully.
2025-10-21 11:01:54.761 76 INFO cinder.api.openstack.wsgi [None req-f2cbfaf0-1241-4b4c-a1c8-f9286bc5faff 5b7705889c444aeb91325a919355c2a9 290ae54aed374806b4318bde380b4da8 - - default default] http://[LB_IP_ADDRESS]:8776/v3/290ae54aed374806b4318bde380b4da8/snapshots/49ac96dd-c1df-4c26-97d0-5bafa9eab319 returned with HTTP 200
2025-10-21 11:01:55.774 72 INFO cinder.api.openstack.wsgi [None req-d69f2405-9082-4876-9be1-8b790851704d 5b7705889c444aeb91325a919355c2a9 290ae54aed374806b4318bde380b4da8 - - default default] GET http://[LB_IP_ADDRESS]:8776/v3/290ae54aed374806b4318bde380b4da8/snapshots/49ac96dd-c1df-4c26-97d0-5bafa9eab319
2025-10-21 11:01:55.780 72 INFO cinder.api.openstack.wsgi [None req-d69f2405-9082-4876-9be1-8b790851704d 5b7705889c444aeb91325a919355c2a9 290ae54aed374806b4318bde380b4da8 - - default default] http://[LB_IP_ADDRESS]:8776/v3/290ae54aed374806b4318bde380b4da8/snapshots/49ac96dd-c1df-4c26-97d0-5bafa9eab319 returned with HTTP 404
2025-10-21 11:01:55.791 73 INFO cinder.api.openstack.wsgi [None req-9f9b2995-1054-491f-843d-5ed844d5d637 f78b11809c38409e987539f9fe0a42b0 b0fe20bb731241d7911d953b1364d907 - - default default] POST http://[LB_IP_ADDRESS]:8776/v3/b0fe20bb731241d7911d953b1364d907/snapshots/2af6e069-97ba-4dd9-8769-974d984eb181/action
2025-10-21 11:01:55.819 73 INFO cinder.api.openstack.wsgi [None req-9f9b2995-1054-491f-843d-5ed844d5d637 f78b11809c38409e987539f9fe0a42b0 b0fe20bb731241d7911d953b1364d907 - - default default] http://[LB_IP_ADDRESS]:8776/v3/b0fe20bb731241d7911d953b1364d907/snapshots/2af6e069-97ba-4dd9-8769-974d984eb181/action returned with HTTP 202
2025-10-21 11:01:55.828 75 INFO cinder.api.openstack.wsgi [None req-12b85e89-cfab-418c-9610-bcbc09bf5c95 5b7705889c444aeb91325a919355c2a9 290ae54aed374806b4318bde380b4da8 - - default default] GET http://[LB_IP_ADDRESS]:8776/v3/290ae54aed374806b4318bde380b4da8/snapshots/2af6e069-97ba-4dd9-8769-974d984eb181
2025-10-21 11:01:55.836 75 INFO cinder.volume.api [None req-12b85e89-cfab-418c-9610-bcbc09bf5c95 5b7705889c444aeb91325a919355c2a9 290ae54aed374806b4318bde380b4da8 - - default default] Snapshot retrieved successfully.
2025-10-21 11:01:55.837 75 INFO cinder.api.openstack.wsgi [None req-12b85e89-cfab-418c-9610-bcbc09bf5c95 5b7705889c444aeb91325a919355c2a9 290ae54aed374806b4318bde380b4da8 - - default default] http://[LB_IP_ADDRESS]:8776/v3/290ae54aed374806b4318bde380b4da8/snapshots/2af6e069-97ba-4dd9-8769-974d984eb181 returned with HTTP 200
2025-10-21 11:01:55.851 74 INFO cinder.api.openstack.wsgi [None req-ad57ed8e-8f1b-4e55-b8fc-4ff59e9aee1b 5b7705889c444aeb91325a919355c2a9 290ae54aed374806b4318bde380b4da8 - - default default] DELETE http://[LB_IP_ADDRESS]:8776/v3/290ae54aed374806b4318bde380b4da8/snapshots/49ac96dd-c1df-4c26-97d0-5bafa9eab319
2025-10-21 11:01:55.852 74 INFO cinder.api.v2.snapshots [None req-ad57ed8e-8f1b-4e55-b8fc-4ff59e9aee1b 5b7705889c444aeb91325a919355c2a9 290ae54aed374806b4318bde380b4da8 - - default default] Delete snapshot with id: 49ac96dd-c1df-4c26-97d0-5bafa9eab319
2025-10-21 11:01:55.858 74 INFO cinder.api.openstack.wsgi [None req-ad57ed8e-8f1b-4e55-b8fc-4ff59e9aee1b 5b7705889c444aeb91325a919355c2a9 290ae54aed374806b4318bde380b4da8 - - default default] http://[LB_IP_ADDRESS]:8776/v3/290ae54aed374806b4318bde380b4da8/snapshots/49ac96dd-c1df-4c26-97d0-5bafa9eab319 returned with HTTP 404
2025-10-21 11:01:55.871 76 INFO cinder.api.openstack.wsgi [None req-2caf3bd8-22c9-4b50-9135-dbc05531e19c 5b7705889c444aeb91325a919355c2a9 290ae54aed374806b4318bde380b4da8 - - default default] POST http://[LB_IP_ADDRESS]:8776/v3/290ae54aed374806b4318bde380b4da8/snapshots
2025-10-21 11:01:55.886 76 INFO cinder.volume.api [None req-2caf3bd8-22c9-4b50-9135-dbc05531e19c 5b7705889c444aeb91325a919355c2a9 290ae54aed374806b4318bde380b4da8 - - default default] Volume info retrieved successfully.
2025-10-21 11:01:55.886 76 INFO cinder.api.v3.snapshots [None req-2caf3bd8-22c9-4b50-9135-dbc05531e19c 5b7705889c444aeb91325a919355c2a9 290ae54aed374806b4318bde380b4da8 - - default default] Create snapshot from volume 1622dbc3-7cd3-4be8-9540-f734649628f1
2025-10-21 11:01:55.994 76 INFO cinder.volume.api [None req-2caf3bd8-22c9-4b50-9135-dbc05531e19c 5b7705889c444aeb91325a919355c2a9 290ae54aed374806b4318bde380b4da8 - - default default] Snapshot create request issued successfully.
2025-10-21 11:01:55.995 76 INFO cinder.api.openstack.wsgi [None req-2caf3bd8-22c9-4b50-9135-dbc05531e19c 5b7705889c444aeb91325a919355c2a9 290ae54aed374806b4318bde380b4da8 - - default default] http://[LB_IP_ADDRESS]:8776/v3/290ae54aed374806b4318bde380b4da8/snapshots returned with HTTP 202
2025-10-21 11:01:56.012 72 INFO cinder.api.openstack.wsgi [None req-b6866a09-7c2f-496b-be8f-9ddb954db691 5b7705889c444aeb91325a919355c2a9 290ae54aed374806b4318bde380b4da8 - - default default] GET http://[LB_IP_ADDRESS]:8776/v3/290ae54aed374806b4318bde380b4da8/snapshots/6c3c8c8b-5d53-4d55-b410-b29b75f3b08c
2025-10-21 11:01:56.022 72 INFO cinder.volume.api [None req-b6866a09-7c2f-496b-be8f-9ddb954db691 5b7705889c444aeb91325a919355c2a9 290ae54aed374806b4318bde380b4da8 - - default default] Snapshot retrieved successfully.
2025-10-21 11:01:56.023 72 INFO cinder.api.openstack.wsgi [None req-b6866a09-7c2f-496b-be8f-9ddb954db691 5b7705889c444aeb91325a919355c2a9 290ae54aed374806b4318bde380b4da8 - - default default] http://[LB_IP_ADDRESS]:8776/v3/290ae54aed374806b4318bde380b4da8/snapshots/6c3c8c8b-5d53-4d55-b410-b29b75f3b08c returned with HTTP 200
2025-10-21 11:01:56.611 73 INFO cinder.api.openstack.wsgi [None req-2967e7c8-0f58-4ea2-87cf-c84044c97efd 90121d7e546c497bb69d73a76f245f99 1cd356b4b72b4c488933ae4454289081 - - default default] POST http://[LB_IP_ADDRESS]:8776/v3/1cd356b4b72b4c488933ae4454289081/types
2025-10-21 11:01:56.631 73 INFO cinder.api.openstack.wsgi [None req-2967e7c8-0f58-4ea2-87cf-c84044c97efd 90121d7e546c497bb69d73a76f245f99 1cd356b4b72b4c488933ae4454289081 - - default default] http://[LB_IP_ADDRESS]:8776/v3/1cd356b4b72b4c488933ae4454289081/types returned with HTTP 200
2025-10-21 11:01:56.645 75 INFO cinder.api.openstack.wsgi [None req-ccd71b57-5be2-4092-ab34-553c03ac9487 90121d7e546c497bb69d73a76f245f99 1cd356b4b72b4c488933ae4454289081 - - default default] POST http://[LB_IP_ADDRESS]:8776/v3/1cd356b4b72b4c488933ae4454289081/group_types
2025-10-21 11:01:56.664 75 INFO cinder.api.openstack.wsgi [None req-ccd71b57-5be2-4092-ab34-553c03ac9487 90121d7e546c497bb69d73a76f245f99 1cd356b4b72b4c488933ae4454289081 - - default default] http://[LB_IP_ADDRESS]:8776/v3/1cd356b4b72b4c488933ae4454289081/group_types returned with HTTP 202
2025-10-21 11:01:56.755 74 INFO cinder.api.openstack.wsgi [None req-ceed62e5-24d5-447d-847d-243da94e708e 1018cf79c9164c54bdb4de0f6a19e562 131b18301f844af785c24bbbc3c547f2 - - default default] POST http://[LB_IP_ADDRESS]:8776/v3/131b18301f844af785c24bbbc3c547f2/groups
2025-10-21 11:01:56.763 74 INFO cinder.api.v3.groups [None req-ceed62e5-24d5-447d-847d-243da94e708e 1018cf79c9164c54bdb4de0f6a19e562 131b18301f844af785c24bbbc3c547f2 - - default default] Creating group tempest-GroupsV314Test-Group-1155854028.
2025-10-21 11:01:56.774 74 INFO cinder.volume.api [None req-ceed62e5-24d5-447d-847d-243da94e708e 1018cf79c9164c54bdb4de0f6a19e562 131b18301f844af785c24bbbc3c547f2 - - default default] Availability Zones retrieved successfully.
2025-10-21 11:01:56.845 74 INFO cinder.api.openstack.wsgi [None req-ceed62e5-24d5-447d-847d-243da94e708e 1018cf79c9164c54bdb4de0f6a19e562 131b18301f844af785c24bbbc3c547f2 - - default default] http://[LB_IP_ADDRESS]:8776/v3/131b18301f844af785c24bbbc3c547f2/groups returned with HTTP 202
2025-10-21 11:01:56.861 76 INFO cinder.api.openstack.wsgi [None req-f3f92a1a-03a2-4d43-828b-b594b12da646 1018cf79c9164c54bdb4de0f6a19e562 131b18301f844af785c24bbbc3c547f2 - - default default] GET http://[LB_IP_ADDRESS]:8776/v3/131b18301f844af785c24bbbc3c547f2/groups/ee80c1e7-dcaa-4629-bb72-8013934387e7
2025-10-21 11:01:56.880 76 INFO cinder.api.openstack.wsgi [None req-f3f92a1a-03a2-4d43-828b-b594b12da646 1018cf79c9164c54bdb4de0f6a19e562 131b18301f844af785c24bbbc3c547f2 - - default default] http://[LB_IP_ADDRESS]:8776/v3/131b18301f844af785c24bbbc3c547f2/groups/ee80c1e7-dcaa-4629-bb72-8013934387e7 returned with HTTP 200
2025-10-21 11:01:57.038 72 INFO cinder.api.openstack.wsgi [None req-d59460fb-a942-4e03-bb10-68f7bd2e7f95 5b7705889c444aeb91325a919355c2a9 290ae54aed374806b4318bde380b4da8 - - default default] GET http://[LB_IP_ADDRESS]:8776/v3/290ae54aed374806b4318bde380b4da8/snapshots/6c3c8c8b-5d53-4d55-b410-b29b75f3b08c
2025-10-21 11:01:57.049 72 INFO cinder.volume.api [None req-d59460fb-a942-4e03-bb10-68f7bd2e7f95 5b7705889c444aeb91325a919355c2a9 290ae54aed374806b4318bde380b4da8 - - default default] Snapshot retrieved successfully.
2025-10-21 11:01:57.051 72 INFO cinder.api.openstack.wsgi [None req-d59460fb-a942-4e03-bb10-68f7bd2e7f95 5b7705889c444aeb91325a919355c2a9 290ae54aed374806b4318bde380b4da8 - - default default] http://[LB_IP_ADDRESS]:8776/v3/290ae54aed374806b4318bde380b4da8/snapshots/6c3c8c8b-5d53-4d55-b410-b29b75f3b08c returned with HTTP 200
2025-10-21 11:01:57.895 73 INFO cinder.api.openstack.wsgi [None req-b9106fa0-3b27-4a4b-a5f8-effc226d6c2f 1018cf79c9164c54bdb4de0f6a19e562 131b18301f844af785c24bbbc3c547f2 - - default default] GET http://[LB_IP_ADDRESS]:8776/v3/131b18301f844af785c24bbbc3c547f2/groups/ee80c1e7-dcaa-4629-bb72-8013934387e7
2025-10-21 11:01:57.910 73 INFO cinder.api.openstack.wsgi [None req-b9106fa0-3b27-4a4b-a5f8-effc226d6c2f 1018cf79c9164c54bdb4de0f6a19e562 131b18301f844af785c24bbbc3c547f2 - - default default] http://[LB_IP_ADDRESS]:8776/v3/131b18301f844af785c24bbbc3c547f2/groups/ee80c1e7-dcaa-4629-bb72-8013934387e7 returned with HTTP 200
2025-10-21 11:01:57.923 75 INFO cinder.api.openstack.wsgi [None req-06f2b2e1-4144-4d87-84a8-40bc4b4a59ff 1018cf79c9164c54bdb4de0f6a19e562 131b18301f844af785c24bbbc3c547f2 - - default default] POST http://[LB_IP_ADDRESS]:8776/v3/131b18301f844af785c24bbbc3c547f2/volumes
2025-10-21 11:01:57.934 75 INFO cinder.api.v3.volumes [None req-06f2b2e1-4144-4d87-84a8-40bc4b4a59ff 1018cf79c9164c54bdb4de0f6a19e562 131b18301f844af785c24bbbc3c547f2 - - default default] Create volume of 1 GB
2025-10-21 11:01:57.942 75 INFO cinder.volume.api [None req-06f2b2e1-4144-4d87-84a8-40bc4b4a59ff 1018cf79c9164c54bdb4de0f6a19e562 131b18301f844af785c24bbbc3c547f2 - - default default] Availability Zones retrieved successfully.
2025-10-21 11:01:58.064 76 INFO cinder.api.openstack.wsgi [None req-9e3eebc7-2776-481b-810e-a38a55819e34 5b7705889c444aeb91325a919355c2a9 290ae54aed374806b4318bde380b4da8 - - default default] GET http://[LB_IP_ADDRESS]:8776/v3/290ae54aed374806b4318bde380b4da8/snapshots/6c3c8c8b-5d53-4d55-b410-b29b75f3b08c
2025-10-21 11:01:58.077 76 INFO cinder.volume.api [None req-9e3eebc7-2776-481b-810e-a38a55819e34 5b7705889c444aeb91325a919355c2a9 290ae54aed374806b4318bde380b4da8 - - default default] Snapshot retrieved successfully.
2025-10-21 11:01:58.079 76 INFO cinder.api.openstack.wsgi [None req-9e3eebc7-2776-481b-810e-a38a55819e34 5b7705889c444aeb91325a919355c2a9 290ae54aed374806b4318bde380b4da8 - - default default] http://[LB_IP_ADDRESS]:8776/v3/290ae54aed374806b4318bde380b4da8/snapshots/6c3c8c8b-5d53-4d55-b410-b29b75f3b08c returned with HTTP 200
2025-10-21 11:01:58.093 72 INFO cinder.api.openstack.wsgi [None req-a739b7af-572d-4ef9-b7a1-c0b9c1da2d66 f78b11809c38409e987539f9fe0a42b0 b0fe20bb731241d7911d953b1364d907 - - default default] POST http://[LB_IP_ADDRESS]:8776/v3/b0fe20bb731241d7911d953b1364d907/snapshots/6c3c8c8b-5d53-4d55-b410-b29b75f3b08c/action
2025-10-21 11:01:58.095 75 WARNING cinder.quota [None req-06f2b2e1-4144-4d87-84a8-40bc4b4a59ff 1018cf79c9164c54bdb4de0f6a19e562 131b18301f844af785c24bbbc3c547f2 - - default default] Deprecated: Default quota for resource: volumes_tempest-GroupsV314Test-volume-type-1151112580 is set by the default quota flag: quota_volumes_tempest-GroupsV314Test-volume-type-1151112580, it is now deprecated. Please use the default quota class for default quota.
2025-10-21 11:01:58.096 75 WARNING cinder.quota [None req-06f2b2e1-4144-4d87-84a8-40bc4b4a59ff 1018cf79c9164c54bdb4de0f6a19e562 131b18301f844af785c24bbbc3c547f2 - - default default] Deprecated: Default quota for resource: gigabytes_tempest-GroupsV314Test-volume-type-1151112580 is set by the default quota flag: quota_gigabytes_tempest-GroupsV314Test-volume-type-1151112580, it is now deprecated. Please use the default quota class for default quota.
2025-10-21 11:01:58.120 72 INFO cinder.api.openstack.wsgi [None req-a739b7af-572d-4ef9-b7a1-c0b9c1da2d66 f78b11809c38409e987539f9fe0a42b0 b0fe20bb731241d7911d953b1364d907 - - default default] http://[LB_IP_ADDRESS]:8776/v3/b0fe20bb731241d7911d953b1364d907/snapshots/6c3c8c8b-5d53-4d55-b410-b29b75f3b08c/action returned with HTTP 202
2025-10-21 11:01:58.129 73 INFO cinder.api.openstack.wsgi [None req-f57eeaaf-407b-4790-83b0-4f619d77a757 5b7705889c444aeb91325a919355c2a9 290ae54aed374806b4318bde380b4da8 - - default default] GET http://[LB_IP_ADDRESS]:8776/v3/290ae54aed374806b4318bde380b4da8/snapshots/6c3c8c8b-5d53-4d55-b410-b29b75f3b08c
2025-10-21 11:01:58.136 73 INFO cinder.volume.api [None req-f57eeaaf-407b-4790-83b0-4f619d77a757 5b7705889c444aeb91325a919355c2a9 290ae54aed374806b4318bde380b4da8 - - default default] Snapshot retrieved successfully.
2025-10-21 11:01:58.136 74 INFO cinder.api.openstack.wsgi [None req-0ebb902d-0ac3-4e7c-b5f4-1cf0496e8856 3bee297596c0406989aeaf363230da77 40fd4bb0434a438993a1a39700c3228c - - default default] POST http://[LB_IP_ADDRESS]:8776/v3/40fd4bb0434a438993a1a39700c3228c/group_types
2025-10-21 11:01:58.138 73 INFO cinder.api.openstack.wsgi [None req-f57eeaaf-407b-4790-83b0-4f619d77a757 5b7705889c444aeb91325a919355c2a9 290ae54aed374806b4318bde380b4da8 - - default default] http://[LB_IP_ADDRESS]:8776/v3/290ae54aed374806b4318bde380b4da8/snapshots/6c3c8c8b-5d53-4d55-b410-b29b75f3b08c returned with HTTP 200
2025-10-21 11:01:58.154 76 INFO cinder.api.openstack.wsgi [None req-6e8ee884-7779-44fb-bf0b-9953188e5643 f78b11809c38409e987539f9fe0a42b0 b0fe20bb731241d7911d953b1364d907 - - default default] POST http://[LB_IP_ADDRESS]:8776/v3/b0fe20bb731241d7911d953b1364d907/snapshots/6c3c8c8b-5d53-4d55-b410-b29b75f3b08c/action
2025-10-21 11:01:58.156 74 INFO cinder.api.openstack.wsgi [None req-0ebb902d-0ac3-4e7c-b5f4-1cf0496e8856 3bee297596c0406989aeaf363230da77 40fd4bb0434a438993a1a39700c3228c - - default default] http://[LB_IP_ADDRESS]:8776/v3/40fd4bb0434a438993a1a39700c3228c/group_types returned with HTTP 202
2025-10-21 11:01:58.164 76 INFO cinder.volume.api [None req-6e8ee884-7779-44fb-bf0b-9953188e5643 f78b11809c38409e987539f9fe0a42b0 b0fe20bb731241d7911d953b1364d907 - - default default] Snapshot retrieved successfully.
2025-10-21 11:01:58.169 72 INFO cinder.api.openstack.wsgi [None req-d26c6cf9-6d11-4bec-aaeb-ebea69955232 3bee297596c0406989aeaf363230da77 40fd4bb0434a438993a1a39700c3228c - - default default] POST http://[LB_IP_ADDRESS]:8776/v3/40fd4bb0434a438993a1a39700c3228c/group_types/ea89b6fc-6f3e-4f4e-a1ce-5afb2a34b25b/group_specs
2025-10-21 11:01:58.184 72 INFO cinder.api.openstack.wsgi [None req-d26c6cf9-6d11-4bec-aaeb-ebea69955232 3bee297596c0406989aeaf363230da77 40fd4bb0434a438993a1a39700c3228c - - default default] http://[LB_IP_ADDRESS]:8776/v3/40fd4bb0434a438993a1a39700c3228c/group_types/ea89b6fc-6f3e-4f4e-a1ce-5afb2a34b25b/group_specs returned with HTTP 202
2025-10-21 11:01:58.188 76 INFO cinder.volume.api [None req-6e8ee884-7779-44fb-bf0b-9953188e5643 f78b11809c38409e987539f9fe0a42b0 b0fe20bb731241d7911d953b1364d907 - - default default] Snapshot delete request issued successfully.
2025-10-21 11:01:58.188 76 INFO cinder.api.openstack.wsgi [None req-6e8ee884-7779-44fb-bf0b-9953188e5643 f78b11809c38409e987539f9fe0a42b0 b0fe20bb731241d7911d953b1364d907 - - default default] http://[LB_IP_ADDRESS]:8776/v3/b0fe20bb731241d7911d953b1364d907/snapshots/6c3c8c8b-5d53-4d55-b410-b29b75f3b08c/action returned with HTTP 202
2025-10-21 11:01:58.195 75 INFO cinder.volume.api [None req-06f2b2e1-4144-4d87-84a8-40bc4b4a59ff 1018cf79c9164c54bdb4de0f6a19e562 131b18301f844af785c24bbbc3c547f2 - - default default] Create volume request issued successfully.
2025-10-21 11:01:58.198 73 INFO cinder.api.openstack.wsgi [None req-68a64e42-a305-411b-97fc-3fcb40baedb9 3bee297596c0406989aeaf363230da77 40fd4bb0434a438993a1a39700c3228c - - default default] POST http://[LB_IP_ADDRESS]:8776/v3/40fd4bb0434a438993a1a39700c3228c/group_types/ea89b6fc-6f3e-4f4e-a1ce-5afb2a34b25b/group_specs
2025-10-21 11:01:58.202 74 INFO cinder.api.openstack.wsgi [None req-a81e5ebe-f360-43a5-9e51-308ca02416aa 5b7705889c444aeb91325a919355c2a9 290ae54aed374806b4318bde380b4da8 - - default default] GET http://[LB_IP_ADDRESS]:8776/v3/290ae54aed374806b4318bde380b4da8/snapshots/6c3c8c8b-5d53-4d55-b410-b29b75f3b08c
2025-10-21 11:01:58.207 75 INFO cinder.api.openstack.wsgi [None req-06f2b2e1-4144-4d87-84a8-40bc4b4a59ff 1018cf79c9164c54bdb4de0f6a19e562 131b18301f844af785c24bbbc3c547f2 - - default default] http://[LB_IP_ADDRESS]:8776/v3/131b18301f844af785c24bbbc3c547f2/volumes returned with HTTP 202
2025-10-21 11:01:58.212 74 INFO cinder.volume.api [None req-a81e5ebe-f360-43a5-9e51-308ca02416aa 5b7705889c444aeb91325a919355c2a9 290ae54aed374806b4318bde380b4da8 - - default default] Snapshot retrieved successfully.
2025-10-21 11:01:58.214 73 INFO cinder.api.openstack.wsgi [None req-68a64e42-a305-411b-97fc-3fcb40baedb9 3bee297596c0406989aeaf363230da77 40fd4bb0434a438993a1a39700c3228c - - default default] http://[LB_IP_ADDRESS]:8776/v3/40fd4bb0434a438993a1a39700c3228c/group_types/ea89b6fc-6f3e-4f4e-a1ce-5afb2a34b25b/group_specs returned with HTTP 202
2025-10-21 11:01:58.214 74 INFO cinder.api.openstack.wsgi [None req-a81e5ebe-f360-43a5-9e51-308ca02416aa 5b7705889c444aeb91325a919355c2a9 290ae54aed374806b4318bde380b4da8 - - default default] http://[LB_IP_ADDRESS]:8776/v3/290ae54aed374806b4318bde380b4da8/snapshots/6c3c8c8b-5d53-4d55-b410-b29b75f3b08c returned with HTTP 200
2025-10-21 11:01:58.223 72 INFO cinder.api.openstack.wsgi [None req-245e7aef-ff34-483d-88b5-5c818af4d68c 3bee297596c0406989aeaf363230da77 40fd4bb0434a438993a1a39700c3228c - - default default] GET http://[LB_IP_ADDRESS]:8776/v3/40fd4bb0434a438993a1a39700c3228c/group_types/ea89b6fc-6f3e-4f4e-a1ce-5afb2a34b25b/group_specs/key2
2025-10-21 11:01:58.225 76 INFO cinder.api.openstack.wsgi [None req-32a9c2eb-ce40-4eac-96c8-12e9630c84dd 1018cf79c9164c54bdb4de0f6a19e562 131b18301f844af785c24bbbc3c547f2 - - default default] GET http://[LB_IP_ADDRESS]:8776/v3/131b18301f844af785c24bbbc3c547f2/volumes/1875442c-9c2d-41b2-a29c-f89193c852ee
2025-10-21 11:01:58.235 72 INFO cinder.api.openstack.wsgi [None req-245e7aef-ff34-483d-88b5-5c818af4d68c 3bee297596c0406989aeaf363230da77 40fd4bb0434a438993a1a39700c3228c - - default default] http://[LB_IP_ADDRESS]:8776/v3/40fd4bb0434a438993a1a39700c3228c/group_types/ea89b6fc-6f3e-4f4e-a1ce-5afb2a34b25b/group_specs/key2 returned with HTTP 200
2025-10-21 11:01:58.248 76 INFO cinder.volume.api [None req-32a9c2eb-ce40-4eac-96c8-12e9630c84dd 1018cf79c9164c54bdb4de0f6a19e562 131b18301f844af785c24bbbc3c547f2 - - default default] Volume info retrieved successfully.
2025-10-21 11:01:58.250 75 INFO cinder.api.openstack.wsgi [None req-6d6a8d10-7c99-4539-b28e-7b0de852979e 3bee297596c0406989aeaf363230da77 40fd4bb0434a438993a1a39700c3228c - - default default] GET http://[LB_IP_ADDRESS]:8776/v3/40fd4bb0434a438993a1a39700c3228c/group_types/ea89b6fc-6f3e-4f4e-a1ce-5afb2a34b25b/group_specs/key3
2025-10-21 11:01:58.259 75 INFO cinder.api.openstack.wsgi [None req-6d6a8d10-7c99-4539-b28e-7b0de852979e 3bee297596c0406989aeaf363230da77 40fd4bb0434a438993a1a39700c3228c - - default default] http://[LB_IP_ADDRESS]:8776/v3/40fd4bb0434a438993a1a39700c3228c/group_types/ea89b6fc-6f3e-4f4e-a1ce-5afb2a34b25b/group_specs/key3 returned with HTTP 200
2025-10-21 11:01:58.272 73 INFO cinder.api.openstack.wsgi [None req-992bd818-e49e-4dbb-980f-037d82995d72 3bee297596c0406989aeaf363230da77 40fd4bb0434a438993a1a39700c3228c - - default default] PUT http://[LB_IP_ADDRESS]:8776/v3/40fd4bb0434a438993a1a39700c3228c/group_types/ea89b6fc-6f3e-4f4e-a1ce-5afb2a34b25b/group_specs/key3
2025-10-21 11:01:58.277 76 INFO cinder.api.openstack.wsgi [None req-32a9c2eb-ce40-4eac-96c8-12e9630c84dd 1018cf79c9164c54bdb4de0f6a19e562 131b18301f844af785c24bbbc3c547f2 - - default default] http://[LB_IP_ADDRESS]:8776/v3/131b18301f844af785c24bbbc3c547f2/volumes/1875442c-9c2d-41b2-a29c-f89193c852ee returned with HTTP 200
2025-10-21 11:01:58.286 73 INFO cinder.api.openstack.wsgi [None req-992bd818-e49e-4dbb-980f-037d82995d72 3bee297596c0406989aeaf363230da77 40fd4bb0434a438993a1a39700c3228c - - default default] http://[LB_IP_ADDRESS]:8776/v3/40fd4bb0434a438993a1a39700c3228c/group_types/ea89b6fc-6f3e-4f4e-a1ce-5afb2a34b25b/group_specs/key3 returned with HTTP 200
2025-10-21 11:01:58.296 74 INFO cinder.api.openstack.wsgi [None req-62cc4958-e1e3-49b7-a39f-fed1b9cfa39b 3bee297596c0406989aeaf363230da77 40fd4bb0434a438993a1a39700c3228c - - default default] GET http://[LB_IP_ADDRESS]:8776/v3/40fd4bb0434a438993a1a39700c3228c/group_types/ea89b6fc-6f3e-4f4e-a1ce-5afb2a34b25b/group_specs
2025-10-21 11:01:58.305 74 INFO cinder.api.openstack.wsgi [None req-62cc4958-e1e3-49b7-a39f-fed1b9cfa39b 3bee297596c0406989aeaf363230da77 40fd4bb0434a438993a1a39700c3228c - - default default] http://[LB_IP_ADDRESS]:8776/v3/40fd4bb0434a438993a1a39700c3228c/group_types/ea89b6fc-6f3e-4f4e-a1ce-5afb2a34b25b/group_specs returned with HTTP 200
2025-10-21 11:01:58.321 72 INFO cinder.api.openstack.wsgi [None req-c52f2d07-d75f-4f88-a76e-1560a547b06a 3bee297596c0406989aeaf363230da77 40fd4bb0434a438993a1a39700c3228c - - default default] DELETE http://[LB_IP_ADDRESS]:8776/v3/40fd4bb0434a438993a1a39700c3228c/group_types/ea89b6fc-6f3e-4f4e-a1ce-5afb2a34b25b/group_specs/key1
2025-10-21 11:01:58.332 72 INFO cinder.api.openstack.wsgi [None req-c52f2d07-d75f-4f88-a76e-1560a547b06a 3bee297596c0406989aeaf363230da77 40fd4bb0434a438993a1a39700c3228c - - default default] http://[LB_IP_ADDRESS]:8776/v3/40fd4bb0434a438993a1a39700c3228c/group_types/ea89b6fc-6f3e-4f4e-a1ce-5afb2a34b25b/group_specs/key1 returned with HTTP 202
2025-10-21 11:01:58.340 75 INFO cinder.api.openstack.wsgi [None req-a0328d4b-e9c1-4300-8a9d-d5f40ebe56c0 3bee297596c0406989aeaf363230da77 40fd4bb0434a438993a1a39700c3228c - - default default] GET http://[LB_IP_ADDRESS]:8776/v3/40fd4bb0434a438993a1a39700c3228c/group_types/ea89b6fc-6f3e-4f4e-a1ce-5afb2a34b25b/group_specs/key1
2025-10-21 11:01:58.347 75 INFO cinder.api.openstack.wsgi [None req-a0328d4b-e9c1-4300-8a9d-d5f40ebe56c0 3bee297596c0406989aeaf363230da77 40fd4bb0434a438993a1a39700c3228c - - default default] HTTP exception thrown: Group Type ea89b6fc-6f3e-4f4e-a1ce-5afb2a34b25b has no extra spec with key key1.
2025-10-21 11:01:58.347 75 INFO cinder.api.openstack.wsgi [None req-a0328d4b-e9c1-4300-8a9d-d5f40ebe56c0 3bee297596c0406989aeaf363230da77 40fd4bb0434a438993a1a39700c3228c - - default default] http://[LB_IP_ADDRESS]:8776/v3/40fd4bb0434a438993a1a39700c3228c/group_types/ea89b6fc-6f3e-4f4e-a1ce-5afb2a34b25b/group_specs/key1 returned with HTTP 404
2025-10-21 11:01:58.357 76 INFO cinder.api.openstack.wsgi [None req-4ec4ecb2-1e36-410e-9bc6-5025418b8b15 3bee297596c0406989aeaf363230da77 40fd4bb0434a438993a1a39700c3228c - - default default] DELETE http://[LB_IP_ADDRESS]:8776/v3/40fd4bb0434a438993a1a39700c3228c/group_types/ea89b6fc-6f3e-4f4e-a1ce-5afb2a34b25b/group_specs/key2
2025-10-21 11:01:58.369 76 INFO cinder.api.openstack.wsgi [None req-4ec4ecb2-1e36-410e-9bc6-5025418b8b15 3bee297596c0406989aeaf363230da77 40fd4bb0434a438993a1a39700c3228c - - default default] http://[LB_IP_ADDRESS]:8776/v3/40fd4bb0434a438993a1a39700c3228c/group_types/ea89b6fc-6f3e-4f4e-a1ce-5afb2a34b25b/group_specs/key2 returned with HTTP 202
2025-10-21 11:01:58.377 73 INFO cinder.api.openstack.wsgi [None req-73061f0f-bbfb-4efb-8f5c-a1522ae2d496 3bee297596c0406989aeaf363230da77 40fd4bb0434a438993a1a39700c3228c - - default default] GET http://[LB_IP_ADDRESS]:8776/v3/40fd4bb0434a438993a1a39700c3228c/group_types/ea89b6fc-6f3e-4f4e-a1ce-5afb2a34b25b/group_specs/key2
2025-10-21 11:01:58.384 73 INFO cinder.api.openstack.wsgi [None req-73061f0f-bbfb-4efb-8f5c-a1522ae2d496 3bee297596c0406989aeaf363230da77 40fd4bb0434a438993a1a39700c3228c - - default default] HTTP exception thrown: Group Type ea89b6fc-6f3e-4f4e-a1ce-5afb2a34b25b has no extra spec with key key2.
2025-10-21 11:01:58.384 73 INFO cinder.api.openstack.wsgi [None req-73061f0f-bbfb-4efb-8f5c-a1522ae2d496 3bee297596c0406989aeaf363230da77 40fd4bb0434a438993a1a39700c3228c - - default default] http://[LB_IP_ADDRESS]:8776/v3/40fd4bb0434a438993a1a39700c3228c/group_types/ea89b6fc-6f3e-4f4e-a1ce-5afb2a34b25b/group_specs/key2 returned with HTTP 404
2025-10-21 11:01:58.394 74 INFO cinder.api.openstack.wsgi [None req-4e113454-59be-4de7-a527-4a474b0b3269 3bee297596c0406989aeaf363230da77 40fd4bb0434a438993a1a39700c3228c - - default default] DELETE http://[LB_IP_ADDRESS]:8776/v3/40fd4bb0434a438993a1a39700c3228c/group_types/ea89b6fc-6f3e-4f4e-a1ce-5afb2a34b25b/group_specs/key3
2025-10-21 11:01:58.407 74 INFO cinder.api.openstack.wsgi [None req-4e113454-59be-4de7-a527-4a474b0b3269 3bee297596c0406989aeaf363230da77 40fd4bb0434a438993a1a39700c3228c - - default default] http://[LB_IP_ADDRESS]:8776/v3/40fd4bb0434a438993a1a39700c3228c/group_types/ea89b6fc-6f3e-4f4e-a1ce-5afb2a34b25b/group_specs/key3 returned with HTTP 202
2025-10-21 11:01:58.421 72 INFO cinder.api.openstack.wsgi [None req-da3251a9-3165-4379-bb82-8e8df097036e 3bee297596c0406989aeaf363230da77 40fd4bb0434a438993a1a39700c3228c - - default default] GET http://[LB_IP_ADDRESS]:8776/v3/40fd4bb0434a438993a1a39700c3228c/group_types/ea89b6fc-6f3e-4f4e-a1ce-5afb2a34b25b/group_specs/key3
2025-10-21 11:01:58.429 72 INFO cinder.api.openstack.wsgi [None req-da3251a9-3165-4379-bb82-8e8df097036e 3bee297596c0406989aeaf363230da77 40fd4bb0434a438993a1a39700c3228c - - default default] HTTP exception thrown: Group Type ea89b6fc-6f3e-4f4e-a1ce-5afb2a34b25b has no extra spec with key key3.
2025-10-21 11:01:58.430 72 INFO cinder.api.openstack.wsgi [None req-da3251a9-3165-4379-bb82-8e8df097036e 3bee297596c0406989aeaf363230da77 40fd4bb0434a438993a1a39700c3228c - - default default] http://[LB_IP_ADDRESS]:8776/v3/40fd4bb0434a438993a1a39700c3228c/group_types/ea89b6fc-6f3e-4f4e-a1ce-5afb2a34b25b/group_specs/key3 returned with HTTP 404
2025-10-21 11:01:58.438 75 INFO cinder.api.openstack.wsgi [None req-f4feec8f-4201-40df-a30a-1ca7f6988c08 3bee297596c0406989aeaf363230da77 40fd4bb0434a438993a1a39700c3228c - - default default] DELETE http://[LB_IP_ADDRESS]:8776/v3/40fd4bb0434a438993a1a39700c3228c/group_types/ea89b6fc-6f3e-4f4e-a1ce-5afb2a34b25b
2025-10-21 11:01:58.450 75 INFO cinder.api.openstack.wsgi [None req-f4feec8f-4201-40df-a30a-1ca7f6988c08 3bee297596c0406989aeaf363230da77 40fd4bb0434a438993a1a39700c3228c - - default default] http://[LB_IP_ADDRESS]:8776/v3/40fd4bb0434a438993a1a39700c3228c/group_types/ea89b6fc-6f3e-4f4e-a1ce-5afb2a34b25b returned with HTTP 202
2025-10-21 11:01:59.228 76 INFO cinder.api.openstack.wsgi [None req-7f6da38b-56ea-461c-9725-a296a9ec14c7 5b7705889c444aeb91325a919355c2a9 290ae54aed374806b4318bde380b4da8 - - default default] GET http://[LB_IP_ADDRESS]:8776/v3/290ae54aed374806b4318bde380b4da8/snapshots/6c3c8c8b-5d53-4d55-b410-b29b75f3b08c
2025-10-21 11:01:59.235 76 INFO cinder.api.openstack.wsgi [None req-7f6da38b-56ea-461c-9725-a296a9ec14c7 5b7705889c444aeb91325a919355c2a9 290ae54aed374806b4318bde380b4da8 - - default default] http://[LB_IP_ADDRESS]:8776/v3/290ae54aed374806b4318bde380b4da8/snapshots/6c3c8c8b-5d53-4d55-b410-b29b75f3b08c returned with HTTP 404
2025-10-21 11:01:59.246 73 INFO cinder.api.openstack.wsgi [None req-0b0cc4cf-1598-4aed-b7bf-a00f56432f65 f78b11809c38409e987539f9fe0a42b0 b0fe20bb731241d7911d953b1364d907 - - default default] POST http://[LB_IP_ADDRESS]:8776/v3/b0fe20bb731241d7911d953b1364d907/snapshots/2af6e069-97ba-4dd9-8769-974d984eb181/action
2025-10-21 11:01:59.276 73 INFO cinder.api.openstack.wsgi [None req-0b0cc4cf-1598-4aed-b7bf-a00f56432f65 f78b11809c38409e987539f9fe0a42b0 b0fe20bb731241d7911d953b1364d907 - - default default] http://[LB_IP_ADDRESS]:8776/v3/b0fe20bb731241d7911d953b1364d907/snapshots/2af6e069-97ba-4dd9-8769-974d984eb181/action returned with HTTP 202
2025-10-21 11:01:59.288 74 INFO cinder.api.openstack.wsgi [None req-ea52f7af-fb9d-47d4-b50f-984b5cb04bc6 5b7705889c444aeb91325a919355c2a9 290ae54aed374806b4318bde380b4da8 - - default default] GET http://[LB_IP_ADDRESS]:8776/v3/290ae54aed374806b4318bde380b4da8/snapshots/2af6e069-97ba-4dd9-8769-974d984eb181
2025-10-21 11:01:59.297 74 INFO cinder.volume.api [None req-ea52f7af-fb9d-47d4-b50f-984b5cb04bc6 5b7705889c444aeb91325a919355c2a9 290ae54aed374806b4318bde380b4da8 - - default default] Snapshot retrieved successfully.
2025-10-21 11:01:59.296 72 INFO cinder.api.openstack.wsgi [None req-4f959d14-67c8-4838-a0de-d5f69d16a2a2 1018cf79c9164c54bdb4de0f6a19e562 131b18301f844af785c24bbbc3c547f2 - - default default] GET http://[LB_IP_ADDRESS]:8776/v3/131b18301f844af785c24bbbc3c547f2/volumes/1875442c-9c2d-41b2-a29c-f89193c852ee
2025-10-21 11:01:59.298 74 INFO cinder.api.openstack.wsgi [None req-ea52f7af-fb9d-47d4-b50f-984b5cb04bc6 5b7705889c444aeb91325a919355c2a9 290ae54aed374806b4318bde380b4da8 - - default default] http://[LB_IP_ADDRESS]:8776/v3/290ae54aed374806b4318bde380b4da8/snapshots/2af6e069-97ba-4dd9-8769-974d984eb181 returned with HTTP 200
2025-10-21 11:01:59.312 75 INFO cinder.api.openstack.wsgi [None req-65e193fb-af46-4722-ac8b-738566304f5f 5b7705889c444aeb91325a919355c2a9 290ae54aed374806b4318bde380b4da8 - - default default] DELETE http://[LB_IP_ADDRESS]:8776/v3/290ae54aed374806b4318bde380b4da8/snapshots/6c3c8c8b-5d53-4d55-b410-b29b75f3b08c
2025-10-21 11:01:59.313 75 INFO cinder.api.v2.snapshots [None req-65e193fb-af46-4722-ac8b-738566304f5f 5b7705889c444aeb91325a919355c2a9 290ae54aed374806b4318bde380b4da8 - - default default] Delete snapshot with id: 6c3c8c8b-5d53-4d55-b410-b29b75f3b08c
2025-10-21 11:01:59.320 72 INFO cinder.volume.api [None req-4f959d14-67c8-4838-a0de-d5f69d16a2a2 1018cf79c9164c54bdb4de0f6a19e562 131b18301f844af785c24bbbc3c547f2 - - default default] Volume info retrieved successfully.
2025-10-21 11:01:59.321 75 INFO cinder.api.openstack.wsgi [None req-65e193fb-af46-4722-ac8b-738566304f5f 5b7705889c444aeb91325a919355c2a9 290ae54aed374806b4318bde380b4da8 - - default default] http://[LB_IP_ADDRESS]:8776/v3/290ae54aed374806b4318bde380b4da8/snapshots/6c3c8c8b-5d53-4d55-b410-b29b75f3b08c returned with HTTP 404
2025-10-21 11:01:59.332 76 INFO cinder.api.openstack.wsgi [None req-b247e90b-f6ab-4e52-9cad-a48d2fa6ca8f 5b7705889c444aeb91325a919355c2a9 290ae54aed374806b4318bde380b4da8 - - default default] POST http://[LB_IP_ADDRESS]:8776/v3/290ae54aed374806b4318bde380b4da8/snapshots
2025-10-21 11:01:59.340 72 INFO cinder.api.openstack.wsgi [None req-4f959d14-67c8-4838-a0de-d5f69d16a2a2 1018cf79c9164c54bdb4de0f6a19e562 131b18301f844af785c24bbbc3c547f2 - - default default] http://[LB_IP_ADDRESS]:8776/v3/131b18301f844af785c24bbbc3c547f2/volumes/1875442c-9c2d-41b2-a29c-f89193c852ee returned with HTTP 200
2025-10-21 11:01:59.347 76 INFO cinder.volume.api [None req-b247e90b-f6ab-4e52-9cad-a48d2fa6ca8f 5b7705889c444aeb91325a919355c2a9 290ae54aed374806b4318bde380b4da8 - - default default] Volume info retrieved successfully.
2025-10-21 11:01:59.347 76 INFO cinder.api.v3.snapshots [None req-b247e90b-f6ab-4e52-9cad-a48d2fa6ca8f 5b7705889c444aeb91325a919355c2a9 290ae54aed374806b4318bde380b4da8 - - default default] Create snapshot from volume 1622dbc3-7cd3-4be8-9540-f734649628f1
2025-10-21 11:01:59.361 73 INFO cinder.api.openstack.wsgi [None req-bad1c697-a5c1-4e77-b437-7fec4adc1c53 1018cf79c9164c54bdb4de0f6a19e562 131b18301f844af785c24bbbc3c547f2 - - default default] POST http://[LB_IP_ADDRESS]:8776/v3/131b18301f844af785c24bbbc3c547f2/groups/action
2025-10-21 11:01:59.364 73 INFO cinder.api.v3.groups [None req-bad1c697-a5c1-4e77-b437-7fec4adc1c53 1018cf79c9164c54bdb4de0f6a19e562 131b18301f844af785c24bbbc3c547f2 - - default default] Creating group tempest-Group_from_grp-1600041848 from source group ee80c1e7-dcaa-4629-bb72-8013934387e7.
2025-10-21 11:01:59.441 76 INFO cinder.volume.api [None req-b247e90b-f6ab-4e52-9cad-a48d2fa6ca8f 5b7705889c444aeb91325a919355c2a9 290ae54aed374806b4318bde380b4da8 - - default default] Snapshot create request issued successfully.
2025-10-21 11:01:59.442 76 INFO cinder.api.openstack.wsgi [None req-b247e90b-f6ab-4e52-9cad-a48d2fa6ca8f 5b7705889c444aeb91325a919355c2a9 290ae54aed374806b4318bde380b4da8 - - default default] http://[LB_IP_ADDRESS]:8776/v3/290ae54aed374806b4318bde380b4da8/snapshots returned with HTTP 202
2025-10-21 11:01:59.453 74 INFO cinder.api.openstack.wsgi [None req-9cd1d34e-6974-4a3e-88b3-78014db7560e 5b7705889c444aeb91325a919355c2a9 290ae54aed374806b4318bde380b4da8 - - default default] GET http://[LB_IP_ADDRESS]:8776/v3/290ae54aed374806b4318bde380b4da8/snapshots/ed23a434-1978-46ab-a607-e228050b808f
2025-10-21 11:01:59.461 74 INFO cinder.volume.api [None req-9cd1d34e-6974-4a3e-88b3-78014db7560e 5b7705889c444aeb91325a919355c2a9 290ae54aed374806b4318bde380b4da8 - - default default] Snapshot retrieved successfully.
2025-10-21 11:01:59.462 74 INFO cinder.api.openstack.wsgi [None req-9cd1d34e-6974-4a3e-88b3-78014db7560e 5b7705889c444aeb91325a919355c2a9 290ae54aed374806b4318bde380b4da8 - - default default] http://[LB_IP_ADDRESS]:8776/v3/290ae54aed374806b4318bde380b4da8/snapshots/ed23a434-1978-46ab-a607-e228050b808f returned with HTTP 200
2025-10-21 11:01:59.992 73 INFO cinder.group.api [None req-bad1c697-a5c1-4e77-b437-7fec4adc1c53 1018cf79c9164c54bdb4de0f6a19e562 131b18301f844af785c24bbbc3c547f2 - - default default] A mapping entry already exists for group ce6e48ce-fb35-4e3d-b11b-31244be61de0 and volume type 11e801ce-5b4f-4082-9d83-f7237843e305. Do not need to create again.
2025-10-21 11:01:59.993 73 INFO cinder.volume.api [None req-bad1c697-a5c1-4e77-b437-7fec4adc1c53 1018cf79c9164c54bdb4de0f6a19e562 131b18301f844af785c24bbbc3c547f2 - - default default] Availability Zones retrieved successfully.
2025-10-21 11:02:00.102 73 WARNING cinder.quota [None req-bad1c697-a5c1-4e77-b437-7fec4adc1c53 1018cf79c9164c54bdb4de0f6a19e562 131b18301f844af785c24bbbc3c547f2 - - default default] Deprecated: Default quota for resource: volumes_tempest-GroupsV314Test-volume-type-1151112580 is set by the default quota flag: quota_volumes_tempest-GroupsV314Test-volume-type-1151112580, it is now deprecated. Please use the default quota class for default quota.
