2022-03-24 06:35:08.588 20 INFO cinder.api.openstack.wsgi [req-3c747a2c-f24a-46d5-ba54-82094fc2c4ff a2087d38ee0d4ee8826a7aee45120601 - - default default] http://[LB_IP_ADDRESS]:8776/v3/9fbda83612f74c55a02ca4344cbcbdd3/snapshots/485c27ca-d201-4864-9cb5-1207665b59d0 returned with HTTP 200
2022-03-24 06:35:08.599 19 INFO cinder.volume.api [req-1336f979-7eef-46fe-9187-5dcf452237b2 755b1708fd3949fbabba686df82f863e - - default default] Retype volume request issued successfully.
2022-03-24 06:35:08.600 19 INFO cinder.api.openstack.wsgi [req-1336f979-7eef-46fe-9187-5dcf452237b2 755b1708fd3949fbabba686df82f863e - - default default] http://[LB_IP_ADDRESS]:8776/v3/0973fbce61bc4d2785b51cda629b7eee/volumes/f0bc17b8-4f35-40d7-a5a1-27f9955e65cb/action returned with HTTP 202
2022-03-24 06:35:08.611 23 INFO cinder.api.openstack.wsgi [req-9b4a72b9-1f74-4aa3-809e-a440e5d2413c 755b1708fd3949fbabba686df82f863e - - default default] GET http://[LB_IP_ADDRESS]:8776/v3/0973fbce61bc4d2785b51cda629b7eee/volumes/f0bc17b8-4f35-40d7-a5a1-27f9955e65cb
2022-03-24 06:35:08.633 23 INFO cinder.volume.api [req-9b4a72b9-1f74-4aa3-809e-a440e5d2413c 755b1708fd3949fbabba686df82f863e - - default default] Volume info retrieved successfully.
2022-03-24 06:35:08.640 23 INFO cinder.api.openstack.wsgi [req-9b4a72b9-1f74-4aa3-809e-a440e5d2413c 755b1708fd3949fbabba686df82f863e - - default default] http://[LB_IP_ADDRESS]:8776/v3/0973fbce61bc4d2785b51cda629b7eee/volumes/f0bc17b8-4f35-40d7-a5a1-27f9955e65cb returned with HTTP 200
2022-03-24 06:35:09.213 22 INFO cinder.api.openstack.wsgi [req-952fc69f-1e4d-49dd-b80d-b043723899fd ea15c20e251e42f8ad864524446c90bc - - default default] GET http://[LB_IP_ADDRESS]:8776/v3/03bc48fdcfcd4d90b5b9d726a495d78f/limits
2022-03-24 06:35:09.243 22 WARNING cinder.quota [req-952fc69f-1e4d-49dd-b80d-b043723899fd ea15c20e251e42f8ad864524446c90bc - - default default] Deprecated: Default quota for resource: snapshots_volume-type-1 is set by the default quota flag: quota_snapshots_volume-type-1, it is now deprecated. Please use the default quota class for default quota.
2022-03-24 06:35:09.245 22 WARNING cinder.quota [req-952fc69f-1e4d-49dd-b80d-b043723899fd ea15c20e251e42f8ad864524446c90bc - - default default] Deprecated: Default quota for resource: snapshots_volume-type-2 is set by the default quota flag: quota_snapshots_volume-type-2, it is now deprecated. Please use the default quota class for default quota.
2022-03-24 06:35:09.282 22 INFO cinder.api.openstack.wsgi [req-952fc69f-1e4d-49dd-b80d-b043723899fd ea15c20e251e42f8ad864524446c90bc - - default default] http://[LB_IP_ADDRESS]:8776/v3/03bc48fdcfcd4d90b5b9d726a495d78f/limits returned with HTTP 200
2022-03-24 06:35:09.340 21 INFO cinder.api.openstack.wsgi [req-9aed3601-bfaa-47b6-b8e1-7fb7d0e23701 ea15c20e251e42f8ad864524446c90bc - - default default] GET http://[LB_IP_ADDRESS]:8776/v3/03bc48fdcfcd4d90b5b9d726a495d78f/volumes/c62656c7-ca80-4506-bed8-51a7d5c32e4e
2022-03-24 06:35:09.367 21 INFO cinder.volume.api [req-9aed3601-bfaa-47b6-b8e1-7fb7d0e23701 ea15c20e251e42f8ad864524446c90bc - - default default] Volume info retrieved successfully.
2022-03-24 06:35:09.375 21 INFO cinder.api.openstack.wsgi [req-9aed3601-bfaa-47b6-b8e1-7fb7d0e23701 ea15c20e251e42f8ad864524446c90bc - - default default] http://[LB_IP_ADDRESS]:8776/v3/03bc48fdcfcd4d90b5b9d726a495d78f/volumes/c62656c7-ca80-4506-bed8-51a7d5c32e4e returned with HTTP 200
2022-03-24 06:35:09.393 20 INFO cinder.api.openstack.wsgi [req-c31a5255-11f1-4e09-8454-6ccac8b432b4 ea15c20e251e42f8ad864524446c90bc - - default default] POST http://[LB_IP_ADDRESS]:8776/v3/03bc48fdcfcd4d90b5b9d726a495d78f/snapshots
2022-03-24 06:35:09.415 20 INFO cinder.volume.api [req-c31a5255-11f1-4e09-8454-6ccac8b432b4 ea15c20e251e42f8ad864524446c90bc - - default default] Volume info retrieved successfully.
2022-03-24 06:35:09.415 20 INFO cinder.api.v3.snapshots [req-c31a5255-11f1-4e09-8454-6ccac8b432b4 ea15c20e251e42f8ad864524446c90bc - - default default] Create snapshot from volume c62656c7-ca80-4506-bed8-51a7d5c32e4e
2022-03-24 06:35:09.536 20 INFO cinder.volume.api [req-c31a5255-11f1-4e09-8454-6ccac8b432b4 ea15c20e251e42f8ad864524446c90bc - - default default] Snapshot force create request issued successfully.
2022-03-24 06:35:09.538 20 INFO cinder.api.openstack.wsgi [req-c31a5255-11f1-4e09-8454-6ccac8b432b4 ea15c20e251e42f8ad864524446c90bc - - default default] http://[LB_IP_ADDRESS]:8776/v3/03bc48fdcfcd4d90b5b9d726a495d78f/snapshots returned with HTTP 202
2022-03-24 06:35:09.622 19 INFO cinder.api.openstack.wsgi [req-a3239342-715c-4496-ac4a-20b69ca06d88 a2087d38ee0d4ee8826a7aee45120601 - - default default] GET http://[LB_IP_ADDRESS]:8776/v3/9fbda83612f74c55a02ca4344cbcbdd3/snapshots/485c27ca-d201-4864-9cb5-1207665b59d0
2022-03-24 06:35:09.634 19 INFO cinder.volume.api [req-a3239342-715c-4496-ac4a-20b69ca06d88 a2087d38ee0d4ee8826a7aee45120601 - - default default] Snapshot retrieved successfully.
2022-03-24 06:35:09.636 19 INFO cinder.api.openstack.wsgi [req-a3239342-715c-4496-ac4a-20b69ca06d88 a2087d38ee0d4ee8826a7aee45120601 - - default default] http://[LB_IP_ADDRESS]:8776/v3/9fbda83612f74c55a02ca4344cbcbdd3/snapshots/485c27ca-d201-4864-9cb5-1207665b59d0 returned with HTTP 200
2022-03-24 06:35:09.662 23 INFO cinder.api.openstack.wsgi [req-f0cdf6e3-ebcd-48a1-8029-1cdb2839346f 755b1708fd3949fbabba686df82f863e - - default default] GET http://[LB_IP_ADDRESS]:8776/v3/0973fbce61bc4d2785b51cda629b7eee/volumes/f0bc17b8-4f35-40d7-a5a1-27f9955e65cb
2022-03-24 06:35:09.669 22 INFO cinder.api.openstack.wsgi [req-bd966d91-14d3-4086-a49e-19db9c67416e a2087d38ee0d4ee8826a7aee45120601 - - default default] DELETE http://[LB_IP_ADDRESS]:8776/v3/9fbda83612f74c55a02ca4344cbcbdd3/snapshots/485c27ca-d201-4864-9cb5-1207665b59d0
2022-03-24 06:35:09.670 22 INFO cinder.api.v2.snapshots [req-bd966d91-14d3-4086-a49e-19db9c67416e a2087d38ee0d4ee8826a7aee45120601 - - default default] Delete snapshot with id: 485c27ca-d201-4864-9cb5-1207665b59d0
2022-03-24 06:35:09.682 22 INFO cinder.volume.api [req-bd966d91-14d3-4086-a49e-19db9c67416e a2087d38ee0d4ee8826a7aee45120601 - - default default] Snapshot retrieved successfully.
2022-03-24 06:35:09.684 23 INFO cinder.volume.api [req-f0cdf6e3-ebcd-48a1-8029-1cdb2839346f 755b1708fd3949fbabba686df82f863e - - default default] Volume info retrieved successfully.
2022-03-24 06:35:09.692 23 INFO cinder.api.openstack.wsgi [req-f0cdf6e3-ebcd-48a1-8029-1cdb2839346f 755b1708fd3949fbabba686df82f863e - - default default] http://[LB_IP_ADDRESS]:8776/v3/0973fbce61bc4d2785b51cda629b7eee/volumes/f0bc17b8-4f35-40d7-a5a1-27f9955e65cb returned with HTTP 200
2022-03-24 06:35:09.710 22 INFO cinder.volume.api [req-bd966d91-14d3-4086-a49e-19db9c67416e a2087d38ee0d4ee8826a7aee45120601 - - default default] Snapshot delete request issued successfully.
2022-03-24 06:35:09.711 22 INFO cinder.api.openstack.wsgi [req-bd966d91-14d3-4086-a49e-19db9c67416e a2087d38ee0d4ee8826a7aee45120601 - - default default] http://[LB_IP_ADDRESS]:8776/v3/9fbda83612f74c55a02ca4344cbcbdd3/snapshots/485c27ca-d201-4864-9cb5-1207665b59d0 returned with HTTP 202
2022-03-24 06:35:09.712 21 INFO cinder.api.openstack.wsgi [req-d95f13e5-826f-4a87-8f0d-23e9b72fb457 6911328abf5544ba989126036af5795e - - default default] GET http://[LB_IP_ADDRESS]:8776/v3/f4cdd80eb3574894bb570cd83dbd7124/volumes/f0bc17b8-4f35-40d7-a5a1-27f9955e65cb
2022-03-24 06:35:09.735 21 INFO cinder.volume.api [req-d95f13e5-826f-4a87-8f0d-23e9b72fb457 6911328abf5544ba989126036af5795e - - default default] Volume info retrieved successfully.
2022-03-24 06:35:09.742 20 INFO cinder.api.openstack.wsgi [req-d5f36ac8-1626-4364-9a4a-f8e2d2f13af6 a2087d38ee0d4ee8826a7aee45120601 - - default default] GET http://[LB_IP_ADDRESS]:8776/v3/9fbda83612f74c55a02ca4344cbcbdd3/snapshots/485c27ca-d201-4864-9cb5-1207665b59d0
2022-03-24 06:35:09.743 21 INFO cinder.api.openstack.wsgi [req-d95f13e5-826f-4a87-8f0d-23e9b72fb457 6911328abf5544ba989126036af5795e - - default default] http://[LB_IP_ADDRESS]:8776/v3/f4cdd80eb3574894bb570cd83dbd7124/volumes/f0bc17b8-4f35-40d7-a5a1-27f9955e65cb returned with HTTP 200
2022-03-24 06:35:09.753 20 INFO cinder.volume.api [req-d5f36ac8-1626-4364-9a4a-f8e2d2f13af6 a2087d38ee0d4ee8826a7aee45120601 - - default default] Snapshot retrieved successfully.
2022-03-24 06:35:09.755 20 INFO cinder.api.openstack.wsgi [req-d5f36ac8-1626-4364-9a4a-f8e2d2f13af6 a2087d38ee0d4ee8826a7aee45120601 - - default default] http://[LB_IP_ADDRESS]:8776/v3/9fbda83612f74c55a02ca4344cbcbdd3/snapshots/485c27ca-d201-4864-9cb5-1207665b59d0 returned with HTTP 200
2022-03-24 06:35:09.763 19 INFO cinder.api.openstack.wsgi [req-0fc87e0e-168a-4880-bc30-e5d1862b18ea 6911328abf5544ba989126036af5795e - - default default] GET http://[LB_IP_ADDRESS]:8776/v3/f4cdd80eb3574894bb570cd83dbd7124/volumes?all_tenants=True&name=tempest-VolumeRetypeWithoutMigrationTest-Volume-1039704815
2022-03-24 06:35:09.787 19 INFO cinder.volume.api [req-0fc87e0e-168a-4880-bc30-e5d1862b18ea 6911328abf5544ba989126036af5795e - - default default] Get all volumes completed successfully.
2022-03-24 06:35:09.789 19 INFO cinder.api.openstack.wsgi [req-0fc87e0e-168a-4880-bc30-e5d1862b18ea 6911328abf5544ba989126036af5795e - - default default] http://[LB_IP_ADDRESS]:8776/v3/f4cdd80eb3574894bb570cd83dbd7124/volumes?all_tenants=True&name=tempest-VolumeRetypeWithoutMigrationTest-Volume-1039704815 returned with HTTP 200
2022-03-24 06:35:09.805 23 INFO cinder.api.openstack.wsgi [req-60d8475e-7e92-4a78-b4a3-c1cda01a918f 755b1708fd3949fbabba686df82f863e - - default default] DELETE http://[LB_IP_ADDRESS]:8776/v3/0973fbce61bc4d2785b51cda629b7eee/volumes/f0bc17b8-4f35-40d7-a5a1-27f9955e65cb
2022-03-24 06:35:09.806 23 INFO cinder.api.v3.volumes [req-60d8475e-7e92-4a78-b4a3-c1cda01a918f 755b1708fd3949fbabba686df82f863e - - default default] Delete volume with id: f0bc17b8-4f35-40d7-a5a1-27f9955e65cb 
2022-03-24 06:35:09.823 23 INFO cinder.volume.api [req-60d8475e-7e92-4a78-b4a3-c1cda01a918f 755b1708fd3949fbabba686df82f863e - - default default] Volume info retrieved successfully.
2022-03-24 06:35:09.850 23 INFO cinder.volume.api [req-60d8475e-7e92-4a78-b4a3-c1cda01a918f 755b1708fd3949fbabba686df82f863e - - default default] Delete volume request issued successfully.
2022-03-24 06:35:09.850 23 INFO cinder.api.openstack.wsgi [req-60d8475e-7e92-4a78-b4a3-c1cda01a918f 755b1708fd3949fbabba686df82f863e - - default default] http://[LB_IP_ADDRESS]:8776/v3/0973fbce61bc4d2785b51cda629b7eee/volumes/f0bc17b8-4f35-40d7-a5a1-27f9955e65cb returned with HTTP 202
2022-03-24 06:35:09.862 22 INFO cinder.api.openstack.wsgi [req-f699ab3e-8b63-4e72-8928-e715a64fc470 755b1708fd3949fbabba686df82f863e - - default default] GET http://[LB_IP_ADDRESS]:8776/v3/0973fbce61bc4d2785b51cda629b7eee/volumes/f0bc17b8-4f35-40d7-a5a1-27f9955e65cb
2022-03-24 06:35:09.887 22 INFO cinder.volume.api [req-f699ab3e-8b63-4e72-8928-e715a64fc470 755b1708fd3949fbabba686df82f863e - - default default] Volume info retrieved successfully.
2022-03-24 06:35:09.895 22 INFO cinder.api.openstack.wsgi [req-f699ab3e-8b63-4e72-8928-e715a64fc470 755b1708fd3949fbabba686df82f863e - - default default] http://[LB_IP_ADDRESS]:8776/v3/0973fbce61bc4d2785b51cda629b7eee/volumes/f0bc17b8-4f35-40d7-a5a1-27f9955e65cb returned with HTTP 200
2022-03-24 06:35:10.558 21 INFO cinder.api.openstack.wsgi [req-2450bb8c-cc7e-4393-b2d5-6b9b152eecf1 ea15c20e251e42f8ad864524446c90bc - - default default] GET http://[LB_IP_ADDRESS]:8776/v3/03bc48fdcfcd4d90b5b9d726a495d78f/volumes/c62656c7-ca80-4506-bed8-51a7d5c32e4e
2022-03-24 06:35:10.588 21 INFO cinder.volume.api [req-2450bb8c-cc7e-4393-b2d5-6b9b152eecf1 ea15c20e251e42f8ad864524446c90bc - - default default] Volume info retrieved successfully.
2022-03-24 06:35:10.596 21 INFO cinder.api.openstack.wsgi [req-2450bb8c-cc7e-4393-b2d5-6b9b152eecf1 ea15c20e251e42f8ad864524446c90bc - - default default] http://[LB_IP_ADDRESS]:8776/v3/03bc48fdcfcd4d90b5b9d726a495d78f/volumes/c62656c7-ca80-4506-bed8-51a7d5c32e4e returned with HTTP 200
2022-03-24 06:35:10.759 20 INFO cinder.api.openstack.wsgi [req-072ba0ac-91e7-45a3-9e6c-dcea40dd5c07 ea15c20e251e42f8ad864524446c90bc - - default default] DELETE http://[LB_IP_ADDRESS]:8776/v3/03bc48fdcfcd4d90b5b9d726a495d78f/attachments/8bd7c0c2-cc85-433f-a32a-216071a6bb25
2022-03-24 06:35:10.789 19 INFO cinder.api.openstack.wsgi [req-07ea1123-f4f2-48db-a9d6-d87793ce06e8 a2087d38ee0d4ee8826a7aee45120601 - - default default] GET http://[LB_IP_ADDRESS]:8776/v3/9fbda83612f74c55a02ca4344cbcbdd3/snapshots/485c27ca-d201-4864-9cb5-1207665b59d0
2022-03-24 06:35:10.799 19 INFO cinder.api.openstack.wsgi [req-07ea1123-f4f2-48db-a9d6-d87793ce06e8 a2087d38ee0d4ee8826a7aee45120601 - - default default] http://[LB_IP_ADDRESS]:8776/v3/9fbda83612f74c55a02ca4344cbcbdd3/snapshots/485c27ca-d201-4864-9cb5-1207665b59d0 returned with HTTP 404
2022-03-24 06:35:10.832 23 INFO cinder.api.openstack.wsgi [req-8529e157-a3ff-46d1-b589-f3579ae0de8c a2087d38ee0d4ee8826a7aee45120601 - - default default] DELETE http://[LB_IP_ADDRESS]:8776/v3/9fbda83612f74c55a02ca4344cbcbdd3/volumes/2fabcd64-76c4-4229-9e5c-166897460fce
2022-03-24 06:35:10.833 23 INFO cinder.api.v3.volumes [req-8529e157-a3ff-46d1-b589-f3579ae0de8c a2087d38ee0d4ee8826a7aee45120601 - - default default] Delete volume with id: 2fabcd64-76c4-4229-9e5c-166897460fce 
2022-03-24 06:35:10.850 23 INFO cinder.volume.api [req-8529e157-a3ff-46d1-b589-f3579ae0de8c a2087d38ee0d4ee8826a7aee45120601 - - default default] Volume info retrieved successfully.
2022-03-24 06:35:10.873 23 INFO cinder.volume.api [req-8529e157-a3ff-46d1-b589-f3579ae0de8c a2087d38ee0d4ee8826a7aee45120601 - - default default] Delete volume request issued successfully.
2022-03-24 06:35:10.874 23 INFO cinder.api.openstack.wsgi [req-8529e157-a3ff-46d1-b589-f3579ae0de8c a2087d38ee0d4ee8826a7aee45120601 - - default default] http://[LB_IP_ADDRESS]:8776/v3/9fbda83612f74c55a02ca4344cbcbdd3/volumes/2fabcd64-76c4-4229-9e5c-166897460fce returned with HTTP 202
2022-03-24 06:35:10.904 22 INFO cinder.api.openstack.wsgi [req-d8b11664-8067-4359-b97e-500227e976d9 a2087d38ee0d4ee8826a7aee45120601 - - default default] GET http://[LB_IP_ADDRESS]:8776/v3/9fbda83612f74c55a02ca4344cbcbdd3/volumes/2fabcd64-76c4-4229-9e5c-166897460fce
2022-03-24 06:35:10.916 21 INFO cinder.api.openstack.wsgi [req-34710979-013a-4a42-8619-2c89be13b7f0 755b1708fd3949fbabba686df82f863e - - default default] GET http://[LB_IP_ADDRESS]:8776/v3/0973fbce61bc4d2785b51cda629b7eee/volumes/f0bc17b8-4f35-40d7-a5a1-27f9955e65cb
2022-03-24 06:35:10.927 22 INFO cinder.volume.api [req-d8b11664-8067-4359-b97e-500227e976d9 a2087d38ee0d4ee8826a7aee45120601 - - default default] Volume info retrieved successfully.
2022-03-24 06:35:10.931 21 INFO cinder.api.openstack.wsgi [req-34710979-013a-4a42-8619-2c89be13b7f0 755b1708fd3949fbabba686df82f863e - - default default] http://[LB_IP_ADDRESS]:8776/v3/0973fbce61bc4d2785b51cda629b7eee/volumes/f0bc17b8-4f35-40d7-a5a1-27f9955e65cb returned with HTTP 404
2022-03-24 06:35:10.934 22 INFO cinder.api.openstack.wsgi [req-d8b11664-8067-4359-b97e-500227e976d9 a2087d38ee0d4ee8826a7aee45120601 - - default default] http://[LB_IP_ADDRESS]:8776/v3/9fbda83612f74c55a02ca4344cbcbdd3/volumes/2fabcd64-76c4-4229-9e5c-166897460fce returned with HTTP 200
2022-03-24 06:35:10.943 19 INFO cinder.api.openstack.wsgi [req-d4c83091-242d-4655-a783-a9d536256e37 6911328abf5544ba989126036af5795e - - default default] DELETE http://[LB_IP_ADDRESS]:8776/v3/f4cdd80eb3574894bb570cd83dbd7124/types/bfd110d7-3471-45aa-88e6-0d0a76d980c0
2022-03-24 06:35:11.006 19 INFO cinder.api.openstack.wsgi [req-d4c83091-242d-4655-a783-a9d536256e37 6911328abf5544ba989126036af5795e - - default default] http://[LB_IP_ADDRESS]:8776/v3/f4cdd80eb3574894bb570cd83dbd7124/types/bfd110d7-3471-45aa-88e6-0d0a76d980c0 returned with HTTP 202
2022-03-24 06:35:11.019 23 INFO cinder.api.openstack.wsgi [req-e67eb153-901e-4592-9170-cc622fcb4f75 6911328abf5544ba989126036af5795e - - default default] GET http://[LB_IP_ADDRESS]:8776/v3/f4cdd80eb3574894bb570cd83dbd7124/types/bfd110d7-3471-45aa-88e6-0d0a76d980c0
2022-03-24 06:35:11.026 23 INFO cinder.api.openstack.wsgi [req-e67eb153-901e-4592-9170-cc622fcb4f75 6911328abf5544ba989126036af5795e - - default default] http://[LB_IP_ADDRESS]:8776/v3/f4cdd80eb3574894bb570cd83dbd7124/types/bfd110d7-3471-45aa-88e6-0d0a76d980c0 returned with HTTP 404
2022-03-24 06:35:11.038 21 INFO cinder.api.openstack.wsgi [req-b0a3da34-ea89-4b57-81db-1ed96d9a7315 6911328abf5544ba989126036af5795e - - default default] DELETE http://[LB_IP_ADDRESS]:8776/v3/f4cdd80eb3574894bb570cd83dbd7124/types/d968f1c1-c53c-4684-8800-4e1f2fb9fc93
2022-03-24 06:35:11.102 21 INFO cinder.api.openstack.wsgi [req-b0a3da34-ea89-4b57-81db-1ed96d9a7315 6911328abf5544ba989126036af5795e - - default default] http://[LB_IP_ADDRESS]:8776/v3/f4cdd80eb3574894bb570cd83dbd7124/types/d968f1c1-c53c-4684-8800-4e1f2fb9fc93 returned with HTTP 202
2022-03-24 06:35:11.114 22 INFO cinder.api.openstack.wsgi [req-cb565320-099c-4a77-99d4-85d47fdf07b5 6911328abf5544ba989126036af5795e - - default default] GET http://[LB_IP_ADDRESS]:8776/v3/f4cdd80eb3574894bb570cd83dbd7124/types/d968f1c1-c53c-4684-8800-4e1f2fb9fc93
2022-03-24 06:35:11.121 22 INFO cinder.api.openstack.wsgi [req-cb565320-099c-4a77-99d4-85d47fdf07b5 6911328abf5544ba989126036af5795e - - default default] http://[LB_IP_ADDRESS]:8776/v3/f4cdd80eb3574894bb570cd83dbd7124/types/d968f1c1-c53c-4684-8800-4e1f2fb9fc93 returned with HTTP 404
2022-03-24 06:35:11.914 20 INFO cinder.api.openstack.wsgi [req-072ba0ac-91e7-45a3-9e6c-dcea40dd5c07 ea15c20e251e42f8ad864524446c90bc - - default default] http://[LB_IP_ADDRESS]:8776/v3/03bc48fdcfcd4d90b5b9d726a495d78f/attachments/8bd7c0c2-cc85-433f-a32a-216071a6bb25 returned with HTTP 200
2022-03-24 06:35:11.968 19 INFO cinder.api.openstack.wsgi [req-936b0c09-ce5a-4e84-bc1c-ef65aba75f80 a2087d38ee0d4ee8826a7aee45120601 - - default default] GET http://[LB_IP_ADDRESS]:8776/v3/9fbda83612f74c55a02ca4344cbcbdd3/volumes/2fabcd64-76c4-4229-9e5c-166897460fce
2022-03-24 06:35:11.980 19 INFO cinder.api.openstack.wsgi [req-936b0c09-ce5a-4e84-bc1c-ef65aba75f80 a2087d38ee0d4ee8826a7aee45120601 - - default default] http://[LB_IP_ADDRESS]:8776/v3/9fbda83612f74c55a02ca4344cbcbdd3/volumes/2fabcd64-76c4-4229-9e5c-166897460fce returned with HTTP 404
2022-03-24 06:35:12.021 23 INFO cinder.api.openstack.wsgi [req-9cca01e6-abc0-48fa-9730-c6a28bcff72c a2087d38ee0d4ee8826a7aee45120601 - - default default] DELETE http://[LB_IP_ADDRESS]:8776/v3/9fbda83612f74c55a02ca4344cbcbdd3/volumes/2fabcd64-76c4-4229-9e5c-166897460fce
2022-03-24 06:35:12.023 23 INFO cinder.api.v3.volumes [req-9cca01e6-abc0-48fa-9730-c6a28bcff72c a2087d38ee0d4ee8826a7aee45120601 - - default default] Delete volume with id: 2fabcd64-76c4-4229-9e5c-166897460fce 
2022-03-24 06:35:12.035 23 INFO cinder.api.openstack.wsgi [req-9cca01e6-abc0-48fa-9730-c6a28bcff72c a2087d38ee0d4ee8826a7aee45120601 - - default default] http://[LB_IP_ADDRESS]:8776/v3/9fbda83612f74c55a02ca4344cbcbdd3/volumes/2fabcd64-76c4-4229-9e5c-166897460fce returned with HTTP 404
2022-03-24 06:35:12.067 21 INFO cinder.api.openstack.wsgi [req-334ee113-e7df-4058-b23f-d52488590592 a2087d38ee0d4ee8826a7aee45120601 - - default default] GET http://[LB_IP_ADDRESS]:8776/v3/9fbda83612f74c55a02ca4344cbcbdd3/volumes/2fabcd64-76c4-4229-9e5c-166897460fce
2022-03-24 06:35:12.078 21 INFO cinder.api.openstack.wsgi [req-334ee113-e7df-4058-b23f-d52488590592 a2087d38ee0d4ee8826a7aee45120601 - - default default] http://[LB_IP_ADDRESS]:8776/v3/9fbda83612f74c55a02ca4344cbcbdd3/volumes/2fabcd64-76c4-4229-9e5c-166897460fce returned with HTTP 404
2022-03-24 06:35:12.469 22 INFO cinder.api.openstack.wsgi [req-986bceec-c4aa-4591-813b-cd2069cbcdf0 ea15c20e251e42f8ad864524446c90bc - - default default] DELETE http://[LB_IP_ADDRESS]:8776/v3/03bc48fdcfcd4d90b5b9d726a495d78f/volumes/c62656c7-ca80-4506-bed8-51a7d5c32e4e?cascade=True
2022-03-24 06:35:12.472 22 INFO cinder.api.v3.volumes [req-986bceec-c4aa-4591-813b-cd2069cbcdf0 ea15c20e251e42f8ad864524446c90bc - - default default] Delete volume with id: c62656c7-ca80-4506-bed8-51a7d5c32e4e 
2022-03-24 06:35:12.494 22 INFO cinder.volume.api [req-986bceec-c4aa-4591-813b-cd2069cbcdf0 ea15c20e251e42f8ad864524446c90bc - - default default] Volume info retrieved successfully.
2022-03-24 06:35:12.534 22 INFO cinder.volume.api [req-986bceec-c4aa-4591-813b-cd2069cbcdf0 ea15c20e251e42f8ad864524446c90bc - - default default] Delete volume request issued successfully.
2022-03-24 06:35:12.535 22 INFO cinder.api.openstack.wsgi [req-986bceec-c4aa-4591-813b-cd2069cbcdf0 ea15c20e251e42f8ad864524446c90bc - - default default] http://[LB_IP_ADDRESS]:8776/v3/03bc48fdcfcd4d90b5b9d726a495d78f/volumes/c62656c7-ca80-4506-bed8-51a7d5c32e4e?cascade=True returned with HTTP 202
2022-03-24 06:35:12.547 20 INFO cinder.api.openstack.wsgi [req-ebbf94ec-9e18-4cce-872c-b9c0fb77d083 ea15c20e251e42f8ad864524446c90bc - - default default] GET http://[LB_IP_ADDRESS]:8776/v3/03bc48fdcfcd4d90b5b9d726a495d78f/volumes/c62656c7-ca80-4506-bed8-51a7d5c32e4e
2022-03-24 06:35:12.570 20 INFO cinder.volume.api [req-ebbf94ec-9e18-4cce-872c-b9c0fb77d083 ea15c20e251e42f8ad864524446c90bc - - default default] Volume info retrieved successfully.
2022-03-24 06:35:12.578 20 INFO cinder.api.openstack.wsgi [req-ebbf94ec-9e18-4cce-872c-b9c0fb77d083 ea15c20e251e42f8ad864524446c90bc - - default default] http://[LB_IP_ADDRESS]:8776/v3/03bc48fdcfcd4d90b5b9d726a495d78f/volumes/c62656c7-ca80-4506-bed8-51a7d5c32e4e returned with HTTP 200
2022-03-24 06:35:13.599 19 INFO cinder.api.openstack.wsgi [req-cab5d0a1-bced-4fcd-9d90-cadb2db65128 ea15c20e251e42f8ad864524446c90bc - - default default] GET http://[LB_IP_ADDRESS]:8776/v3/03bc48fdcfcd4d90b5b9d726a495d78f/volumes/c62656c7-ca80-4506-bed8-51a7d5c32e4e
2022-03-24 06:35:13.613 19 INFO cinder.api.openstack.wsgi [req-cab5d0a1-bced-4fcd-9d90-cadb2db65128 ea15c20e251e42f8ad864524446c90bc - - default default] http://[LB_IP_ADDRESS]:8776/v3/03bc48fdcfcd4d90b5b9d726a495d78f/volumes/c62656c7-ca80-4506-bed8-51a7d5c32e4e returned with HTTP 404
2022-03-24 06:35:13.810 23 INFO cinder.api.openstack.wsgi [req-9230c82d-596d-4e0a-bfcf-c145143b3476 ea15c20e251e42f8ad864524446c90bc - - default default] DELETE http://[LB_IP_ADDRESS]:8776/v3/03bc48fdcfcd4d90b5b9d726a495d78f/volumes/c62656c7-ca80-4506-bed8-51a7d5c32e4e
2022-03-24 06:35:13.811 23 INFO cinder.api.v3.volumes [req-9230c82d-596d-4e0a-bfcf-c145143b3476 ea15c20e251e42f8ad864524446c90bc - - default default] Delete volume with id: c62656c7-ca80-4506-bed8-51a7d5c32e4e 
2022-03-24 06:35:13.825 23 INFO cinder.api.openstack.wsgi [req-9230c82d-596d-4e0a-bfcf-c145143b3476 ea15c20e251e42f8ad864524446c90bc - - default default] http://[LB_IP_ADDRESS]:8776/v3/03bc48fdcfcd4d90b5b9d726a495d78f/volumes/c62656c7-ca80-4506-bed8-51a7d5c32e4e returned with HTTP 404
2022-03-24 06:35:13.837 21 INFO cinder.api.openstack.wsgi [req-eb2695d8-7083-496c-9db4-2dff0106d3a4 ea15c20e251e42f8ad864524446c90bc - - default default] GET http://[LB_IP_ADDRESS]:8776/v3/03bc48fdcfcd4d90b5b9d726a495d78f/volumes/c62656c7-ca80-4506-bed8-51a7d5c32e4e
2022-03-24 06:35:13.849 21 INFO cinder.api.openstack.wsgi [req-eb2695d8-7083-496c-9db4-2dff0106d3a4 ea15c20e251e42f8ad864524446c90bc - - default default] http://[LB_IP_ADDRESS]:8776/v3/03bc48fdcfcd4d90b5b9d726a495d78f/volumes/c62656c7-ca80-4506-bed8-51a7d5c32e4e returned with HTTP 404
2022-03-24 06:35:13.861 22 INFO cinder.api.openstack.wsgi [req-1fd1db99-e6f9-47e5-a6ad-ec0163114c45 ea15c20e251e42f8ad864524446c90bc - - default default] DELETE http://[LB_IP_ADDRESS]:8776/v3/03bc48fdcfcd4d90b5b9d726a495d78f/volumes/70687955-1a1c-4b5e-8216-c7fd4dc0b16e
2022-03-24 06:35:13.862 22 INFO cinder.api.v3.volumes [req-1fd1db99-e6f9-47e5-a6ad-ec0163114c45 ea15c20e251e42f8ad864524446c90bc - - default default] Delete volume with id: 70687955-1a1c-4b5e-8216-c7fd4dc0b16e 
2022-03-24 06:35:13.877 22 INFO cinder.volume.api [req-1fd1db99-e6f9-47e5-a6ad-ec0163114c45 ea15c20e251e42f8ad864524446c90bc - - default default] Volume info retrieved successfully.
2022-03-24 06:35:13.899 22 INFO cinder.volume.api [req-1fd1db99-e6f9-47e5-a6ad-ec0163114c45 ea15c20e251e42f8ad864524446c90bc - - default default] Delete volume request issued successfully.
2022-03-24 06:35:13.899 22 INFO cinder.api.openstack.wsgi [req-1fd1db99-e6f9-47e5-a6ad-ec0163114c45 ea15c20e251e42f8ad864524446c90bc - - default default] http://[LB_IP_ADDRESS]:8776/v3/03bc48fdcfcd4d90b5b9d726a495d78f/volumes/70687955-1a1c-4b5e-8216-c7fd4dc0b16e returned with HTTP 202
2022-03-24 06:35:13.910 20 INFO cinder.api.openstack.wsgi [req-bb1fa6e3-7f32-4295-baf8-cbb6dbb7c188 ea15c20e251e42f8ad864524446c90bc - - default default] GET http://[LB_IP_ADDRESS]:8776/v3/03bc48fdcfcd4d90b5b9d726a495d78f/volumes/70687955-1a1c-4b5e-8216-c7fd4dc0b16e
2022-03-24 06:35:13.932 20 INFO cinder.volume.api [req-bb1fa6e3-7f32-4295-baf8-cbb6dbb7c188 ea15c20e251e42f8ad864524446c90bc - - default default] Volume info retrieved successfully.
2022-03-24 06:35:13.939 20 INFO cinder.api.openstack.wsgi [req-bb1fa6e3-7f32-4295-baf8-cbb6dbb7c188 ea15c20e251e42f8ad864524446c90bc - - default default] http://[LB_IP_ADDRESS]:8776/v3/03bc48fdcfcd4d90b5b9d726a495d78f/volumes/70687955-1a1c-4b5e-8216-c7fd4dc0b16e returned with HTTP 200
2022-03-24 06:35:14.960 19 INFO cinder.api.openstack.wsgi [req-61c988cc-437b-4ad4-9f12-2d0f839104ce ea15c20e251e42f8ad864524446c90bc - - default default] GET http://[LB_IP_ADDRESS]:8776/v3/03bc48fdcfcd4d90b5b9d726a495d78f/volumes/70687955-1a1c-4b5e-8216-c7fd4dc0b16e
2022-03-24 06:35:14.973 19 INFO cinder.api.openstack.wsgi [req-61c988cc-437b-4ad4-9f12-2d0f839104ce ea15c20e251e42f8ad864524446c90bc - - default default] http://[LB_IP_ADDRESS]:8776/v3/03bc48fdcfcd4d90b5b9d726a495d78f/volumes/70687955-1a1c-4b5e-8216-c7fd4dc0b16e returned with HTTP 404
2022-03-24 06:35:16.294 23 INFO cinder.api.openstack.wsgi [req-76a45d00-9ae0-4ef6-a420-d61375df02cf 1057a9b661c84c7e9b62a37c26e6b167 - - default default] GET http://[LB_IP_ADDRESS]:8776/v3/a7b76e2e729d4edaa6a8b74f35d0157a/os-quota-sets/3415c9104d4c429397d30345a9ba385c
2022-03-24 06:35:16.340 23 INFO cinder.api.openstack.wsgi [req-76a45d00-9ae0-4ef6-a420-d61375df02cf 1057a9b661c84c7e9b62a37c26e6b167 - - default default] http://[LB_IP_ADDRESS]:8776/v3/a7b76e2e729d4edaa6a8b74f35d0157a/os-quota-sets/3415c9104d4c429397d30345a9ba385c returned with HTTP 200
2022-03-24 06:35:16.356 21 INFO cinder.api.openstack.wsgi [req-edc1a7a9-87a6-4733-b3f4-e63fc2782f4b 1057a9b661c84c7e9b62a37c26e6b167 - - default default] PUT http://[LB_IP_ADDRESS]:8776/v3/a7b76e2e729d4edaa6a8b74f35d0157a/os-quota-sets/3415c9104d4c429397d30345a9ba385c
2022-03-24 06:35:16.477 21 INFO cinder.api.openstack.wsgi [req-edc1a7a9-87a6-4733-b3f4-e63fc2782f4b 1057a9b661c84c7e9b62a37c26e6b167 - - default default] http://[LB_IP_ADDRESS]:8776/v3/a7b76e2e729d4edaa6a8b74f35d0157a/os-quota-sets/3415c9104d4c429397d30345a9ba385c returned with HTTP 200
2022-03-24 06:35:16.664 22 INFO cinder.api.openstack.wsgi [req-98d71fb8-d1b3-4334-8fef-ba8a24920ab8 1373cd7cd1dc4fcba089894e025a6a95 - - default default] POST http://[LB_IP_ADDRESS]:8776/v3/3415c9104d4c429397d30345a9ba385c/volumes
2022-03-24 06:35:16.667 22 INFO cinder.api.v3.volumes [req-98d71fb8-d1b3-4334-8fef-ba8a24920ab8 1373cd7cd1dc4fcba089894e025a6a95 - - default default] Create volume of 1 GB
2022-03-24 06:35:16.680 22 INFO cinder.volume.api [req-98d71fb8-d1b3-4334-8fef-ba8a24920ab8 1373cd7cd1dc4fcba089894e025a6a95 - - default default] Availability Zones retrieved successfully.
2022-03-24 06:35:16.942 22 INFO cinder.volume.api [req-98d71fb8-d1b3-4334-8fef-ba8a24920ab8 1373cd7cd1dc4fcba089894e025a6a95 - - default default] Create volume request issued successfully.
2022-03-24 06:35:16.944 22 INFO cinder.api.openstack.wsgi [req-98d71fb8-d1b3-4334-8fef-ba8a24920ab8 1373cd7cd1dc4fcba089894e025a6a95 - - default default] http://[LB_IP_ADDRESS]:8776/v3/3415c9104d4c429397d30345a9ba385c/volumes returned with HTTP 202
2022-03-24 06:35:16.964 20 INFO cinder.api.openstack.wsgi [req-96093d22-a5df-47bf-9103-753560745fab 1373cd7cd1dc4fcba089894e025a6a95 - - default default] GET http://[LB_IP_ADDRESS]:8776/v3/3415c9104d4c429397d30345a9ba385c/volumes/e81064cf-b382-4b49-8f4b-5660bbb684dc
2022-03-24 06:35:16.986 20 INFO cinder.volume.api [req-96093d22-a5df-47bf-9103-753560745fab 1373cd7cd1dc4fcba089894e025a6a95 - - default default] Volume info retrieved successfully.
2022-03-24 06:35:16.994 20 INFO cinder.api.openstack.wsgi [req-96093d22-a5df-47bf-9103-753560745fab 1373cd7cd1dc4fcba089894e025a6a95 - - default default] http://[LB_IP_ADDRESS]:8776/v3/3415c9104d4c429397d30345a9ba385c/volumes/e81064cf-b382-4b49-8f4b-5660bbb684dc returned with HTTP 200
2022-03-24 06:35:17.938 19 INFO cinder.api.openstack.wsgi [req-9c28227c-ce07-411c-8a60-f987e1b182ea ea15c20e251e42f8ad864524446c90bc - - default default] GET http://[LB_IP_ADDRESS]:8776/v3/03bc48fdcfcd4d90b5b9d726a495d78f/volumes/e57c53da-40a8-44d7-81b5-317442d5bedf
2022-03-24 06:35:17.963 19 INFO cinder.volume.api [req-9c28227c-ce07-411c-8a60-f987e1b182ea ea15c20e251e42f8ad864524446c90bc - - default default] Volume info retrieved successfully.
2022-03-24 06:35:17.971 19 INFO cinder.api.openstack.wsgi [req-9c28227c-ce07-411c-8a60-f987e1b182ea ea15c20e251e42f8ad864524446c90bc - - default default] http://[LB_IP_ADDRESS]:8776/v3/03bc48fdcfcd4d90b5b9d726a495d78f/volumes/e57c53da-40a8-44d7-81b5-317442d5bedf returned with HTTP 200
2022-03-24 06:35:18.015 23 INFO cinder.api.openstack.wsgi [req-9b6795c8-99be-4c9c-abc3-e3ed4a906f2c 1373cd7cd1dc4fcba089894e025a6a95 - - default default] GET http://[LB_IP_ADDRESS]:8776/v3/3415c9104d4c429397d30345a9ba385c/volumes/e81064cf-b382-4b49-8f4b-5660bbb684dc
2022-03-24 06:35:18.036 23 INFO cinder.volume.api [req-9b6795c8-99be-4c9c-abc3-e3ed4a906f2c 1373cd7cd1dc4fcba089894e025a6a95 - - default default] Volume info retrieved successfully.
2022-03-24 06:35:18.044 23 INFO cinder.api.openstack.wsgi [req-9b6795c8-99be-4c9c-abc3-e3ed4a906f2c 1373cd7cd1dc4fcba089894e025a6a95 - - default default] http://[LB_IP_ADDRESS]:8776/v3/3415c9104d4c429397d30345a9ba385c/volumes/e81064cf-b382-4b49-8f4b-5660bbb684dc returned with HTTP 200
2022-03-24 06:35:18.131 21 INFO cinder.api.openstack.wsgi [req-7266f4cd-cc6c-4a33-bfac-1c951831626a ea15c20e251e42f8ad864524446c90bc - - default default] DELETE http://[LB_IP_ADDRESS]:8776/v3/03bc48fdcfcd4d90b5b9d726a495d78f/attachments/e874e659-87c6-48ee-8bd5-26e7de983fae
2022-03-24 06:35:19.065 22 INFO cinder.api.openstack.wsgi [req-d5cd2a8f-65c0-4f3f-9a7d-8352e2a480ef 1373cd7cd1dc4fcba089894e025a6a95 - - default default] GET http://[LB_IP_ADDRESS]:8776/v3/3415c9104d4c429397d30345a9ba385c/volumes/e81064cf-b382-4b49-8f4b-5660bbb684dc
2022-03-24 06:35:19.090 22 INFO cinder.volume.api [req-d5cd2a8f-65c0-4f3f-9a7d-8352e2a480ef 1373cd7cd1dc4fcba089894e025a6a95 - - default default] Volume info retrieved successfully.
2022-03-24 06:35:19.098 22 INFO cinder.api.openstack.wsgi [req-d5cd2a8f-65c0-4f3f-9a7d-8352e2a480ef 1373cd7cd1dc4fcba089894e025a6a95 - - default default] http://[LB_IP_ADDRESS]:8776/v3/3415c9104d4c429397d30345a9ba385c/volumes/e81064cf-b382-4b49-8f4b-5660bbb684dc returned with HTTP 200
2022-03-24 06:35:19.118 20 INFO cinder.api.openstack.wsgi [req-bd6cdb05-f80d-45e7-8215-4aa7323c98a5 1373cd7cd1dc4fcba089894e025a6a95 - - default default] POST http://[LB_IP_ADDRESS]:8776/v3/3415c9104d4c429397d30345a9ba385c/snapshots
2022-03-24 06:35:19.134 20 INFO cinder.volume.api [req-bd6cdb05-f80d-45e7-8215-4aa7323c98a5 1373cd7cd1dc4fcba089894e025a6a95 - - default default] Volume info retrieved successfully.
2022-03-24 06:35:19.134 20 INFO cinder.api.v3.snapshots [req-bd6cdb05-f80d-45e7-8215-4aa7323c98a5 1373cd7cd1dc4fcba089894e025a6a95 - - default default] Create snapshot from volume e81064cf-b382-4b49-8f4b-5660bbb684dc
2022-03-24 06:35:19.258 20 INFO cinder.volume.api [req-bd6cdb05-f80d-45e7-8215-4aa7323c98a5 1373cd7cd1dc4fcba089894e025a6a95 - - default default] Snapshot create request issued successfully.
2022-03-24 06:35:19.261 20 INFO cinder.api.openstack.wsgi [req-bd6cdb05-f80d-45e7-8215-4aa7323c98a5 1373cd7cd1dc4fcba089894e025a6a95 - - default default] http://[LB_IP_ADDRESS]:8776/v3/3415c9104d4c429397d30345a9ba385c/snapshots returned with HTTP 202
2022-03-24 06:35:19.276 19 INFO cinder.api.openstack.wsgi [req-44cd1dda-4295-4063-84a1-81ec9b37aa4d 1373cd7cd1dc4fcba089894e025a6a95 - - default default] GET http://[LB_IP_ADDRESS]:8776/v3/3415c9104d4c429397d30345a9ba385c/snapshots/177d1e30-4be8-487f-a7b2-ac1e48e8af97
2022-03-24 06:35:19.289 19 INFO cinder.volume.api [req-44cd1dda-4295-4063-84a1-81ec9b37aa4d 1373cd7cd1dc4fcba089894e025a6a95 - - default default] Snapshot retrieved successfully.
2022-03-24 06:35:19.291 19 INFO cinder.api.openstack.wsgi [req-44cd1dda-4295-4063-84a1-81ec9b37aa4d 1373cd7cd1dc4fcba089894e025a6a95 - - default default] http://[LB_IP_ADDRESS]:8776/v3/3415c9104d4c429397d30345a9ba385c/snapshots/177d1e30-4be8-487f-a7b2-ac1e48e8af97 returned with HTTP 200
2022-03-24 06:35:19.304 21 INFO cinder.api.openstack.wsgi [req-7266f4cd-cc6c-4a33-bfac-1c951831626a ea15c20e251e42f8ad864524446c90bc - - default default] http://[LB_IP_ADDRESS]:8776/v3/03bc48fdcfcd4d90b5b9d726a495d78f/attachments/e874e659-87c6-48ee-8bd5-26e7de983fae returned with HTTP 200
2022-03-24 06:35:19.802 23 INFO cinder.api.openstack.wsgi [req-62afb86d-1b1b-4692-93fc-9f0d95df1ac1 ea15c20e251e42f8ad864524446c90bc - - default default] DELETE http://[LB_IP_ADDRESS]:8776/v3/03bc48fdcfcd4d90b5b9d726a495d78f/volumes/e57c53da-40a8-44d7-81b5-317442d5bedf
2022-03-24 06:35:19.804 23 INFO cinder.api.v3.volumes [req-62afb86d-1b1b-4692-93fc-9f0d95df1ac1 ea15c20e251e42f8ad864524446c90bc - - default default] Delete volume with id: e57c53da-40a8-44d7-81b5-317442d5bedf 
2022-03-24 06:35:19.826 23 INFO cinder.volume.api [req-62afb86d-1b1b-4692-93fc-9f0d95df1ac1 ea15c20e251e42f8ad864524446c90bc - - default default] Volume info retrieved successfully.
2022-03-24 06:35:19.851 23 INFO cinder.volume.api [req-62afb86d-1b1b-4692-93fc-9f0d95df1ac1 ea15c20e251e42f8ad864524446c90bc - - default default] Delete volume request issued successfully.
2022-03-24 06:35:19.852 23 INFO cinder.api.openstack.wsgi [req-62afb86d-1b1b-4692-93fc-9f0d95df1ac1 ea15c20e251e42f8ad864524446c90bc - - default default] http://[LB_IP_ADDRESS]:8776/v3/03bc48fdcfcd4d90b5b9d726a495d78f/volumes/e57c53da-40a8-44d7-81b5-317442d5bedf returned with HTTP 202
2022-03-24 06:35:19.864 22 INFO cinder.api.openstack.wsgi [req-b257d57d-d205-4512-9983-292462e96a3a ea15c20e251e42f8ad864524446c90bc - - default default] GET http://[LB_IP_ADDRESS]:8776/v3/03bc48fdcfcd4d90b5b9d726a495d78f/volumes/e57c53da-40a8-44d7-81b5-317442d5bedf
2022-03-24 06:35:19.887 22 INFO cinder.volume.api [req-b257d57d-d205-4512-9983-292462e96a3a ea15c20e251e42f8ad864524446c90bc - - default default] Volume info retrieved successfully.
2022-03-24 06:35:19.896 22 INFO cinder.api.openstack.wsgi [req-b257d57d-d205-4512-9983-292462e96a3a ea15c20e251e42f8ad864524446c90bc - - default default] http://[LB_IP_ADDRESS]:8776/v3/03bc48fdcfcd4d90b5b9d726a495d78f/volumes/e57c53da-40a8-44d7-81b5-317442d5bedf returned with HTTP 200
2022-03-24 06:35:20.311 20 INFO cinder.api.openstack.wsgi [req-7ff55f28-3a7f-4b8e-9285-f8f809245c89 1373cd7cd1dc4fcba089894e025a6a95 - - default default] GET http://[LB_IP_ADDRESS]:8776/v3/3415c9104d4c429397d30345a9ba385c/snapshots/177d1e30-4be8-487f-a7b2-ac1e48e8af97
2022-03-24 06:35:20.325 20 INFO cinder.volume.api [req-7ff55f28-3a7f-4b8e-9285-f8f809245c89 1373cd7cd1dc4fcba089894e025a6a95 - - default default] Snapshot retrieved successfully.
2022-03-24 06:35:20.327 20 INFO cinder.api.openstack.wsgi [req-7ff55f28-3a7f-4b8e-9285-f8f809245c89 1373cd7cd1dc4fcba089894e025a6a95 - - default default] http://[LB_IP_ADDRESS]:8776/v3/3415c9104d4c429397d30345a9ba385c/snapshots/177d1e30-4be8-487f-a7b2-ac1e48e8af97 returned with HTTP 200
2022-03-24 06:35:20.916 19 INFO cinder.api.openstack.wsgi [req-8cdfba33-01c5-4d8a-a065-d689a3325e14 ea15c20e251e42f8ad864524446c90bc - - default default] GET http://[LB_IP_ADDRESS]:8776/v3/03bc48fdcfcd4d90b5b9d726a495d78f/volumes/e57c53da-40a8-44d7-81b5-317442d5bedf
2022-03-24 06:35:20.931 19 INFO cinder.api.openstack.wsgi [req-8cdfba33-01c5-4d8a-a065-d689a3325e14 ea15c20e251e42f8ad864524446c90bc - - default default] http://[LB_IP_ADDRESS]:8776/v3/03bc48fdcfcd4d90b5b9d726a495d78f/volumes/e57c53da-40a8-44d7-81b5-317442d5bedf returned with HTTP 404
2022-03-24 06:35:21.343 21 INFO cinder.api.openstack.wsgi [req-206e91b9-73d0-4203-a1a4-eb11708036b8 1373cd7cd1dc4fcba089894e025a6a95 - - default default] GET http://[LB_IP_ADDRESS]:8776/v3/3415c9104d4c429397d30345a9ba385c/snapshots/177d1e30-4be8-487f-a7b2-ac1e48e8af97
2022-03-24 06:35:21.355 21 INFO cinder.volume.api [req-206e91b9-73d0-4203-a1a4-eb11708036b8 1373cd7cd1dc4fcba089894e025a6a95 - - default default] Snapshot retrieved successfully.
2022-03-24 06:35:21.356 21 INFO cinder.api.openstack.wsgi [req-206e91b9-73d0-4203-a1a4-eb11708036b8 1373cd7cd1dc4fcba089894e025a6a95 - - default default] http://[LB_IP_ADDRESS]:8776/v3/3415c9104d4c429397d30345a9ba385c/snapshots/177d1e30-4be8-487f-a7b2-ac1e48e8af97 returned with HTTP 200
2022-03-24 06:35:21.373 23 INFO cinder.api.openstack.wsgi [req-b2ab4fe3-eed1-4f98-aa5c-895166a72cb5 1057a9b661c84c7e9b62a37c26e6b167 - - default default] PUT http://[LB_IP_ADDRESS]:8776/v3/a7b76e2e729d4edaa6a8b74f35d0157a/os-quota-sets/3415c9104d4c429397d30345a9ba385c
2022-03-24 06:35:21.481 23 INFO cinder.api.openstack.wsgi [req-b2ab4fe3-eed1-4f98-aa5c-895166a72cb5 1057a9b661c84c7e9b62a37c26e6b167 - - default default] http://[LB_IP_ADDRESS]:8776/v3/a7b76e2e729d4edaa6a8b74f35d0157a/os-quota-sets/3415c9104d4c429397d30345a9ba385c returned with HTTP 200
2022-03-24 06:35:21.496 22 INFO cinder.api.openstack.wsgi [req-51cb908f-c013-48cc-8554-d5530e909ddf 1373cd7cd1dc4fcba089894e025a6a95 - - default default] POST http://[LB_IP_ADDRESS]:8776/v3/3415c9104d4c429397d30345a9ba385c/snapshots
2022-03-24 06:35:21.513 22 INFO cinder.volume.api [req-51cb908f-c013-48cc-8554-d5530e909ddf 1373cd7cd1dc4fcba089894e025a6a95 - - default default] Volume info retrieved successfully.
2022-03-24 06:35:21.514 22 INFO cinder.api.v3.snapshots [req-51cb908f-c013-48cc-8554-d5530e909ddf 1373cd7cd1dc4fcba089894e025a6a95 - - default default] Create snapshot from volume e81064cf-b382-4b49-8f4b-5660bbb684dc
2022-03-24 06:35:21.565 22 WARNING cinder.quota_utils [req-51cb908f-c013-48cc-8554-d5530e909ddf 1373cd7cd1dc4fcba089894e025a6a95 - - default default] Quota exceeded for 3415c9104d4c429397d30345a9ba385c, tried to create 1G snapshot (2G of 2G already consumed).: cinder.exception.OverQuota: Quota exceeded for resources: ['gigabytes']
2022-03-24 06:35:21.567 22 INFO cinder.api.middleware.fault [req-51cb908f-c013-48cc-8554-d5530e909ddf 1373cd7cd1dc4fcba089894e025a6a95 - - default default] http://[LB_IP_ADDRESS]:8776/v3/3415c9104d4c429397d30345a9ba385c/snapshots returned with HTTP 413
2022-03-24 06:35:21.583 20 INFO cinder.api.openstack.wsgi [req-2ccb7516-6ba6-4078-ac9c-f38bdba7c777 1057a9b661c84c7e9b62a37c26e6b167 - - default default] PUT http://[LB_IP_ADDRESS]:8776/v3/a7b76e2e729d4edaa6a8b74f35d0157a/os-quota-sets/3415c9104d4c429397d30345a9ba385c
2022-03-24 06:35:21.711 20 INFO cinder.api.openstack.wsgi [req-2ccb7516-6ba6-4078-ac9c-f38bdba7c777 1057a9b661c84c7e9b62a37c26e6b167 - - default default] http://[LB_IP_ADDRESS]:8776/v3/a7b76e2e729d4edaa6a8b74f35d0157a/os-quota-sets/3415c9104d4c429397d30345a9ba385c returned with HTTP 200
2022-03-24 06:35:21.727 19 INFO cinder.api.openstack.wsgi [req-e3078d37-1b96-4d17-b88d-f3a7be411583 1373cd7cd1dc4fcba089894e025a6a95 - - default default] POST http://[LB_IP_ADDRESS]:8776/v3/3415c9104d4c429397d30345a9ba385c/snapshots
2022-03-24 06:35:21.744 19 INFO cinder.volume.api [req-e3078d37-1b96-4d17-b88d-f3a7be411583 1373cd7cd1dc4fcba089894e025a6a95 - - default default] Volume info retrieved successfully.
2022-03-24 06:35:21.745 19 INFO cinder.api.v3.snapshots [req-e3078d37-1b96-4d17-b88d-f3a7be411583 1373cd7cd1dc4fcba089894e025a6a95 - - default default] Create snapshot from volume e81064cf-b382-4b49-8f4b-5660bbb684dc
2022-03-24 06:35:21.784 19 WARNING cinder.quota_utils [req-e3078d37-1b96-4d17-b88d-f3a7be411583 1373cd7cd1dc4fcba089894e025a6a95 - - default default] Quota exceeded for 3415c9104d4c429397d30345a9ba385c, tried to create snapshot (1 snapshots already consumed).: cinder.exception.OverQuota: Quota exceeded for resources: ['snapshots']
2022-03-24 06:35:21.785 19 INFO cinder.api.middleware.fault [req-e3078d37-1b96-4d17-b88d-f3a7be411583 1373cd7cd1dc4fcba089894e025a6a95 - - default default] http://[LB_IP_ADDRESS]:8776/v3/3415c9104d4c429397d30345a9ba385c/snapshots returned with HTTP 413
2022-03-24 06:35:21.799 21 INFO cinder.api.openstack.wsgi [req-6d978f00-fc69-4e26-a1cf-336a946ad17d 1373cd7cd1dc4fcba089894e025a6a95 - - default default] DELETE http://[LB_IP_ADDRESS]:8776/v3/3415c9104d4c429397d30345a9ba385c/snapshots/177d1e30-4be8-487f-a7b2-ac1e48e8af97
2022-03-24 06:35:21.800 21 INFO cinder.api.v2.snapshots [req-6d978f00-fc69-4e26-a1cf-336a946ad17d 1373cd7cd1dc4fcba089894e025a6a95 - - default default] Delete snapshot with id: 177d1e30-4be8-487f-a7b2-ac1e48e8af97
2022-03-24 06:35:21.813 21 INFO cinder.volume.api [req-6d978f00-fc69-4e26-a1cf-336a946ad17d 1373cd7cd1dc4fcba089894e025a6a95 - - default default] Snapshot retrieved successfully.
2022-03-24 06:35:21.840 21 INFO cinder.volume.api [req-6d978f00-fc69-4e26-a1cf-336a946ad17d 1373cd7cd1dc4fcba089894e025a6a95 - - default default] Snapshot delete request issued successfully.
2022-03-24 06:35:21.840 21 INFO cinder.api.openstack.wsgi [req-6d978f00-fc69-4e26-a1cf-336a946ad17d 1373cd7cd1dc4fcba089894e025a6a95 - - default default] http://[LB_IP_ADDRESS]:8776/v3/3415c9104d4c429397d30345a9ba385c/snapshots/177d1e30-4be8-487f-a7b2-ac1e48e8af97 returned with HTTP 202
2022-03-24 06:35:21.853 23 INFO cinder.api.openstack.wsgi [req-e06064f1-c002-4404-b43d-92887bcf5148 1373cd7cd1dc4fcba089894e025a6a95 - - default default] GET http://[LB_IP_ADDRESS]:8776/v3/3415c9104d4c429397d30345a9ba385c/snapshots/177d1e30-4be8-487f-a7b2-ac1e48e8af97
2022-03-24 06:35:21.864 23 INFO cinder.volume.api [req-e06064f1-c002-4404-b43d-92887bcf5148 1373cd7cd1dc4fcba089894e025a6a95 - - default default] Snapshot retrieved successfully.
2022-03-24 06:35:21.865 23 INFO cinder.api.openstack.wsgi [req-e06064f1-c002-4404-b43d-92887bcf5148 1373cd7cd1dc4fcba089894e025a6a95 - - default default] http://[LB_IP_ADDRESS]:8776/v3/3415c9104d4c429397d30345a9ba385c/snapshots/177d1e30-4be8-487f-a7b2-ac1e48e8af97 returned with HTTP 200
2022-03-24 06:35:22.886 22 INFO cinder.api.openstack.wsgi [req-ab6f5cc0-1209-4f69-a5fe-350e97085bfc 1373cd7cd1dc4fcba089894e025a6a95 - - default default] GET http://[LB_IP_ADDRESS]:8776/v3/3415c9104d4c429397d30345a9ba385c/snapshots/177d1e30-4be8-487f-a7b2-ac1e48e8af97
2022-03-24 06:35:22.896 22 INFO cinder.api.openstack.wsgi [req-ab6f5cc0-1209-4f69-a5fe-350e97085bfc 1373cd7cd1dc4fcba089894e025a6a95 - - default default] http://[LB_IP_ADDRESS]:8776/v3/3415c9104d4c429397d30345a9ba385c/snapshots/177d1e30-4be8-487f-a7b2-ac1e48e8af97 returned with HTTP 404
2022-03-24 06:35:22.908 20 INFO cinder.api.openstack.wsgi [req-c3305de0-f255-4950-8bf4-2ac1ee9d2e67 1373cd7cd1dc4fcba089894e025a6a95 - - default default] DELETE http://[LB_IP_ADDRESS]:8776/v3/3415c9104d4c429397d30345a9ba385c/volumes/e81064cf-b382-4b49-8f4b-5660bbb684dc
2022-03-24 06:35:22.910 20 INFO cinder.api.v3.volumes [req-c3305de0-f255-4950-8bf4-2ac1ee9d2e67 1373cd7cd1dc4fcba089894e025a6a95 - - default default] Delete volume with id: e81064cf-b382-4b49-8f4b-5660bbb684dc 
2022-03-24 06:35:22.932 20 INFO cinder.volume.api [req-c3305de0-f255-4950-8bf4-2ac1ee9d2e67 1373cd7cd1dc4fcba089894e025a6a95 - - default default] Volume info retrieved successfully.
2022-03-24 06:35:22.959 20 INFO cinder.volume.api [req-c3305de0-f255-4950-8bf4-2ac1ee9d2e67 1373cd7cd1dc4fcba089894e025a6a95 - - default default] Delete volume request issued successfully.
2022-03-24 06:35:22.960 20 INFO cinder.api.openstack.wsgi [req-c3305de0-f255-4950-8bf4-2ac1ee9d2e67 1373cd7cd1dc4fcba089894e025a6a95 - - default default] http://[LB_IP_ADDRESS]:8776/v3/3415c9104d4c429397d30345a9ba385c/volumes/e81064cf-b382-4b49-8f4b-5660bbb684dc returned with HTTP 202
2022-03-24 06:35:22.972 19 INFO cinder.api.openstack.wsgi [req-06fc6210-7bf5-4ce6-9e9d-af235379ed3f 1373cd7cd1dc4fcba089894e025a6a95 - - default default] GET http://[LB_IP_ADDRESS]:8776/v3/3415c9104d4c429397d30345a9ba385c/volumes/e81064cf-b382-4b49-8f4b-5660bbb684dc
2022-03-24 06:35:22.996 19 INFO cinder.volume.api [req-06fc6210-7bf5-4ce6-9e9d-af235379ed3f 1373cd7cd1dc4fcba089894e025a6a95 - - default default] Volume info retrieved successfully.
2022-03-24 06:35:23.003 19 INFO cinder.api.openstack.wsgi [req-06fc6210-7bf5-4ce6-9e9d-af235379ed3f 1373cd7cd1dc4fcba089894e025a6a95 - - default default] http://[LB_IP_ADDRESS]:8776/v3/3415c9104d4c429397d30345a9ba385c/volumes/e81064cf-b382-4b49-8f4b-5660bbb684dc returned with HTTP 200
2022-03-24 06:35:24.025 21 INFO cinder.api.openstack.wsgi [req-7735b46a-5599-42b7-985b-7c7bef46cb66 1373cd7cd1dc4fcba089894e025a6a95 - - default default] GET http://[LB_IP_ADDRESS]:8776/v3/3415c9104d4c429397d30345a9ba385c/volumes/e81064cf-b382-4b49-8f4b-5660bbb684dc
2022-03-24 06:35:24.038 21 INFO cinder.api.openstack.wsgi [req-7735b46a-5599-42b7-985b-7c7bef46cb66 1373cd7cd1dc4fcba089894e025a6a95 - - default default] http://[LB_IP_ADDRESS]:8776/v3/3415c9104d4c429397d30345a9ba385c/volumes/e81064cf-b382-4b49-8f4b-5660bbb684dc returned with HTTP 404
2022-03-24 06:35:24.050 23 INFO cinder.api.openstack.wsgi [req-282a58f1-4892-4e5e-b441-4b4ba7ba878f 1057a9b661c84c7e9b62a37c26e6b167 - - default default] PUT http://[LB_IP_ADDRESS]:8776/v3/a7b76e2e729d4edaa6a8b74f35d0157a/os-quota-sets/3415c9104d4c429397d30345a9ba385c
2022-03-24 06:35:24.212 23 INFO cinder.api.openstack.wsgi [req-282a58f1-4892-4e5e-b441-4b4ba7ba878f 1057a9b661c84c7e9b62a37c26e6b167 - - default default] http://[LB_IP_ADDRESS]:8776/v3/a7b76e2e729d4edaa6a8b74f35d0157a/os-quota-sets/3415c9104d4c429397d30345a9ba385c returned with HTTP 200
2022-03-24 06:35:24.299 22 INFO cinder.api.openstack.wsgi [req-9138ae38-105f-43d4-8aae-f4e8990306b2 03461e3da95c4ec7b16cdc639bc32eb3 - - default default] POST http://[LB_IP_ADDRESS]:8776/v3/694c3b0608d74b6cae1aca656f2c1358/volumes
2022-03-24 06:35:24.301 22 INFO cinder.api.v3.volumes [req-9138ae38-105f-43d4-8aae-f4e8990306b2 03461e3da95c4ec7b16cdc639bc32eb3 - - default default] Create volume of 1 GB
2022-03-24 06:35:24.310 22 INFO cinder.volume.api [req-9138ae38-105f-43d4-8aae-f4e8990306b2 03461e3da95c4ec7b16cdc639bc32eb3 - - default default] Availability Zones retrieved successfully.
2022-03-24 06:35:24.552 22 INFO cinder.volume.api [req-9138ae38-105f-43d4-8aae-f4e8990306b2 03461e3da95c4ec7b16cdc639bc32eb3 - - default default] Create volume request issued successfully.
2022-03-24 06:35:24.554 22 INFO cinder.api.openstack.wsgi [req-9138ae38-105f-43d4-8aae-f4e8990306b2 03461e3da95c4ec7b16cdc639bc32eb3 - - default default] http://[LB_IP_ADDRESS]:8776/v3/694c3b0608d74b6cae1aca656f2c1358/volumes returned with HTTP 202
2022-03-24 06:35:24.573 20 INFO cinder.api.openstack.wsgi [req-e2fd6759-bb55-45f9-a3ef-daa7edbf7c67 03461e3da95c4ec7b16cdc639bc32eb3 - - default default] GET http://[LB_IP_ADDRESS]:8776/v3/694c3b0608d74b6cae1aca656f2c1358/volumes/da649b83-f83b-4e89-a051-ce4fe02e89fe
2022-03-24 06:35:24.595 20 INFO cinder.volume.api [req-e2fd6759-bb55-45f9-a3ef-daa7edbf7c67 03461e3da95c4ec7b16cdc639bc32eb3 - - default default] Volume info retrieved successfully.
2022-03-24 06:35:24.603 20 INFO cinder.api.openstack.wsgi [req-e2fd6759-bb55-45f9-a3ef-daa7edbf7c67 03461e3da95c4ec7b16cdc639bc32eb3 - - default default] http://[LB_IP_ADDRESS]:8776/v3/694c3b0608d74b6cae1aca656f2c1358/volumes/da649b83-f83b-4e89-a051-ce4fe02e89fe returned with HTTP 200
2022-03-24 06:35:25.623 19 INFO cinder.api.openstack.wsgi [req-c9155f0c-2544-4ce7-9535-c610b7576617 03461e3da95c4ec7b16cdc639bc32eb3 - - default default] GET http://[LB_IP_ADDRESS]:8776/v3/694c3b0608d74b6cae1aca656f2c1358/volumes/da649b83-f83b-4e89-a051-ce4fe02e89fe
2022-03-24 06:35:25.645 19 INFO cinder.volume.api [req-c9155f0c-2544-4ce7-9535-c610b7576617 03461e3da95c4ec7b16cdc639bc32eb3 - - default default] Volume info retrieved successfully.
2022-03-24 06:35:25.653 19 INFO cinder.api.openstack.wsgi [req-c9155f0c-2544-4ce7-9535-c610b7576617 03461e3da95c4ec7b16cdc639bc32eb3 - - default default] http://[LB_IP_ADDRESS]:8776/v3/694c3b0608d74b6cae1aca656f2c1358/volumes/da649b83-f83b-4e89-a051-ce4fe02e89fe returned with HTTP 200
2022-03-24 06:35:26.455 21 INFO cinder.api.openstack.wsgi [req-67f67d24-064e-42f4-bec5-028c0c03a57d 586b706630f64ce0932fa4427c0a6acf - - default default] POST http://[LB_IP_ADDRESS]:8776/v3/1c48dce550fb489faba82328b947a992/group_types
2022-03-24 06:35:26.480 21 INFO cinder.api.openstack.wsgi [req-67f67d24-064e-42f4-bec5-028c0c03a57d 586b706630f64ce0932fa4427c0a6acf - - default default] http://[LB_IP_ADDRESS]:8776/v3/1c48dce550fb489faba82328b947a992/group_types returned with HTTP 202
2022-03-24 06:35:26.496 23 INFO cinder.api.openstack.wsgi [req-4672316a-3088-4798-b5c1-b1185ca0491b 586b706630f64ce0932fa4427c0a6acf - - default default] POST http://[LB_IP_ADDRESS]:8776/v3/1c48dce550fb489faba82328b947a992/group_types/87cff5b4-c33c-43a0-8001-64d2867f46d9/group_specs
2022-03-24 06:35:26.513 23 INFO cinder.api.openstack.wsgi [req-4672316a-3088-4798-b5c1-b1185ca0491b 586b706630f64ce0932fa4427c0a6acf - - default default] http://[LB_IP_ADDRESS]:8776/v3/1c48dce550fb489faba82328b947a992/group_types/87cff5b4-c33c-43a0-8001-64d2867f46d9/group_specs returned with HTTP 202
