2023-03-27 03:02:54.107 19 INFO cinder.volume.api [None req-a3d49325-dfe2-477a-95b9-3eae99c74e49 53fda2ddc3ac4524a59d7dd97f655627 0bd708a2cd2649f88881f5b0d4116484 - - default default] Volume info retrieved successfully.
2023-03-27 03:02:54.115 19 INFO cinder.api.openstack.wsgi [None req-a3d49325-dfe2-477a-95b9-3eae99c74e49 53fda2ddc3ac4524a59d7dd97f655627 0bd708a2cd2649f88881f5b0d4116484 - - default default] http://[LB_IP_ADDRESS]:8776/v3/0bd708a2cd2649f88881f5b0d4116484/volumes/7031be38-e95c-4881-8c69-45a51323fb5e returned with HTTP 200
2023-03-27 03:02:54.141 22 INFO cinder.api.openstack.wsgi [None req-b13111ca-dfa2-48bd-801c-033514189279 53fda2ddc3ac4524a59d7dd97f655627 0bd708a2cd2649f88881f5b0d4116484 - - default default] DELETE http://[LB_IP_ADDRESS]:8776/v3/0bd708a2cd2649f88881f5b0d4116484/volumes/7031be38-e95c-4881-8c69-45a51323fb5e
2023-03-27 03:02:54.142 22 INFO cinder.api.v3.volumes [None req-b13111ca-dfa2-48bd-801c-033514189279 53fda2ddc3ac4524a59d7dd97f655627 0bd708a2cd2649f88881f5b0d4116484 - - default default] Delete volume with id: 7031be38-e95c-4881-8c69-45a51323fb5e 
2023-03-27 03:02:54.168 22 INFO cinder.volume.api [None req-b13111ca-dfa2-48bd-801c-033514189279 53fda2ddc3ac4524a59d7dd97f655627 0bd708a2cd2649f88881f5b0d4116484 - - default default] Volume info retrieved successfully.
2023-03-27 03:02:54.381 22 INFO cinder.volume.api [None req-b13111ca-dfa2-48bd-801c-033514189279 53fda2ddc3ac4524a59d7dd97f655627 0bd708a2cd2649f88881f5b0d4116484 - - default default] Delete volume request issued successfully.
2023-03-27 03:02:54.383 22 INFO cinder.api.openstack.wsgi [None req-b13111ca-dfa2-48bd-801c-033514189279 53fda2ddc3ac4524a59d7dd97f655627 0bd708a2cd2649f88881f5b0d4116484 - - default default] http://[LB_IP_ADDRESS]:8776/v3/0bd708a2cd2649f88881f5b0d4116484/volumes/7031be38-e95c-4881-8c69-45a51323fb5e returned with HTTP 202
2023-03-27 03:02:54.395 23 INFO cinder.api.openstack.wsgi [None req-e7c0d186-85c2-4e57-8aea-5831383b7a6e 53fda2ddc3ac4524a59d7dd97f655627 0bd708a2cd2649f88881f5b0d4116484 - - default default] GET http://[LB_IP_ADDRESS]:8776/v3/0bd708a2cd2649f88881f5b0d4116484/volumes/7031be38-e95c-4881-8c69-45a51323fb5e
2023-03-27 03:02:54.413 23 INFO cinder.api.openstack.wsgi [None req-e7c0d186-85c2-4e57-8aea-5831383b7a6e 53fda2ddc3ac4524a59d7dd97f655627 0bd708a2cd2649f88881f5b0d4116484 - - default default] http://[LB_IP_ADDRESS]:8776/v3/0bd708a2cd2649f88881f5b0d4116484/volumes/7031be38-e95c-4881-8c69-45a51323fb5e returned with HTTP 404
2023-03-27 03:02:54.425 20 INFO cinder.api.openstack.wsgi [None req-37e3f794-7b16-433d-8cd1-b52ac4e12d9f 53fda2ddc3ac4524a59d7dd97f655627 0bd708a2cd2649f88881f5b0d4116484 - - default default] DELETE http://[LB_IP_ADDRESS]:8776/v3/0bd708a2cd2649f88881f5b0d4116484/volumes/ac7dc88d-b65e-4929-80d9-82712adbaf4b
2023-03-27 03:02:54.426 20 INFO cinder.api.v3.volumes [None req-37e3f794-7b16-433d-8cd1-b52ac4e12d9f 53fda2ddc3ac4524a59d7dd97f655627 0bd708a2cd2649f88881f5b0d4116484 - - default default] Delete volume with id: ac7dc88d-b65e-4929-80d9-82712adbaf4b 
2023-03-27 03:02:54.441 20 INFO cinder.volume.api [None req-37e3f794-7b16-433d-8cd1-b52ac4e12d9f 53fda2ddc3ac4524a59d7dd97f655627 0bd708a2cd2649f88881f5b0d4116484 - - default default] Volume info retrieved successfully.
2023-03-27 03:02:54.657 20 INFO cinder.volume.api [None req-37e3f794-7b16-433d-8cd1-b52ac4e12d9f 53fda2ddc3ac4524a59d7dd97f655627 0bd708a2cd2649f88881f5b0d4116484 - - default default] Delete volume request issued successfully.
2023-03-27 03:02:54.660 20 INFO cinder.api.openstack.wsgi [None req-37e3f794-7b16-433d-8cd1-b52ac4e12d9f 53fda2ddc3ac4524a59d7dd97f655627 0bd708a2cd2649f88881f5b0d4116484 - - default default] http://[LB_IP_ADDRESS]:8776/v3/0bd708a2cd2649f88881f5b0d4116484/volumes/ac7dc88d-b65e-4929-80d9-82712adbaf4b returned with HTTP 202
2023-03-27 03:02:54.674 21 INFO cinder.api.openstack.wsgi [None req-5f8e6824-f5a1-4922-a3a8-928fc3c8ea89 53fda2ddc3ac4524a59d7dd97f655627 0bd708a2cd2649f88881f5b0d4116484 - - default default] GET http://[LB_IP_ADDRESS]:8776/v3/0bd708a2cd2649f88881f5b0d4116484/volumes/ac7dc88d-b65e-4929-80d9-82712adbaf4b
2023-03-27 03:02:54.691 21 INFO cinder.api.openstack.wsgi [None req-5f8e6824-f5a1-4922-a3a8-928fc3c8ea89 53fda2ddc3ac4524a59d7dd97f655627 0bd708a2cd2649f88881f5b0d4116484 - - default default] http://[LB_IP_ADDRESS]:8776/v3/0bd708a2cd2649f88881f5b0d4116484/volumes/ac7dc88d-b65e-4929-80d9-82712adbaf4b returned with HTTP 404
2023-03-27 03:02:56.580 19 INFO cinder.api.openstack.wsgi [None req-1c9daec4-88ff-4d37-9b05-d529fd34c7f3 518518519eb4437caa98340d0403aa44 fe5843a7fc624dbd93071ea670ac809b - - default default] POST http://[LB_IP_ADDRESS]:8776/v3/fe5843a7fc624dbd93071ea670ac809b/volumes
2023-03-27 03:02:56.672 19 INFO cinder.api.v3.volumes [None req-1c9daec4-88ff-4d37-9b05-d529fd34c7f3 518518519eb4437caa98340d0403aa44 fe5843a7fc624dbd93071ea670ac809b - - default default] Create volume of 1 GB
2023-03-27 03:02:56.686 19 INFO cinder.volume.api [None req-1c9daec4-88ff-4d37-9b05-d529fd34c7f3 518518519eb4437caa98340d0403aa44 fe5843a7fc624dbd93071ea670ac809b - - default default] Availability Zones retrieved successfully.
2023-03-27 03:02:57.258 22 INFO cinder.api.openstack.wsgi [None req-33d9dafc-096b-4247-bebf-c5c7f82cc04d 4477bda936d64b1fbda1a59a0ef2f8ba 29310898c2614db6bb38f7d4e9ba79b4 - - default default] POST http://[LB_IP_ADDRESS]:8776/v3/29310898c2614db6bb38f7d4e9ba79b4/volumes
2023-03-27 03:02:57.264 22 INFO cinder.api.v3.volumes [None req-33d9dafc-096b-4247-bebf-c5c7f82cc04d 4477bda936d64b1fbda1a59a0ef2f8ba 29310898c2614db6bb38f7d4e9ba79b4 - - default default] Create volume of 1 GB
2023-03-27 03:02:57.275 22 INFO cinder.volume.api [None req-33d9dafc-096b-4247-bebf-c5c7f82cc04d 4477bda936d64b1fbda1a59a0ef2f8ba 29310898c2614db6bb38f7d4e9ba79b4 - - default default] Availability Zones retrieved successfully.
2023-03-27 03:02:57.410 19 INFO cinder.volume.api [None req-1c9daec4-88ff-4d37-9b05-d529fd34c7f3 518518519eb4437caa98340d0403aa44 fe5843a7fc624dbd93071ea670ac809b - - default default] Create volume request issued successfully.
2023-03-27 03:02:57.413 19 INFO cinder.api.openstack.wsgi [None req-1c9daec4-88ff-4d37-9b05-d529fd34c7f3 518518519eb4437caa98340d0403aa44 fe5843a7fc624dbd93071ea670ac809b - - default default] http://[LB_IP_ADDRESS]:8776/v3/fe5843a7fc624dbd93071ea670ac809b/volumes returned with HTTP 202
2023-03-27 03:02:57.435 23 INFO cinder.api.openstack.wsgi [None req-643dc73a-d803-4a27-8046-d59dfb29e657 518518519eb4437caa98340d0403aa44 fe5843a7fc624dbd93071ea670ac809b - - default default] GET http://[LB_IP_ADDRESS]:8776/v3/fe5843a7fc624dbd93071ea670ac809b/volumes/41ad8a8f-20e3-4459-9f38-4c15c828f2df
2023-03-27 03:02:57.459 23 INFO cinder.volume.api [None req-643dc73a-d803-4a27-8046-d59dfb29e657 518518519eb4437caa98340d0403aa44 fe5843a7fc624dbd93071ea670ac809b - - default default] Volume info retrieved successfully.
2023-03-27 03:02:57.466 23 INFO cinder.api.openstack.wsgi [None req-643dc73a-d803-4a27-8046-d59dfb29e657 518518519eb4437caa98340d0403aa44 fe5843a7fc624dbd93071ea670ac809b - - default default] http://[LB_IP_ADDRESS]:8776/v3/fe5843a7fc624dbd93071ea670ac809b/volumes/41ad8a8f-20e3-4459-9f38-4c15c828f2df returned with HTTP 200
2023-03-27 03:02:57.927 22 INFO cinder.volume.api [None req-33d9dafc-096b-4247-bebf-c5c7f82cc04d 4477bda936d64b1fbda1a59a0ef2f8ba 29310898c2614db6bb38f7d4e9ba79b4 - - default default] Create volume request issued successfully.
2023-03-27 03:02:57.930 22 INFO cinder.api.openstack.wsgi [None req-33d9dafc-096b-4247-bebf-c5c7f82cc04d 4477bda936d64b1fbda1a59a0ef2f8ba 29310898c2614db6bb38f7d4e9ba79b4 - - default default] http://[LB_IP_ADDRESS]:8776/v3/29310898c2614db6bb38f7d4e9ba79b4/volumes returned with HTTP 202
2023-03-27 03:02:57.957 20 INFO cinder.api.openstack.wsgi [None req-784a9a4e-831d-44b1-a2b9-7a76d454a72a 4477bda936d64b1fbda1a59a0ef2f8ba 29310898c2614db6bb38f7d4e9ba79b4 - - default default] GET http://[LB_IP_ADDRESS]:8776/v3/29310898c2614db6bb38f7d4e9ba79b4/volumes/7484aea4-0c4d-448f-b4f6-9d05bca79525
2023-03-27 03:02:57.992 20 INFO cinder.volume.api [None req-784a9a4e-831d-44b1-a2b9-7a76d454a72a 4477bda936d64b1fbda1a59a0ef2f8ba 29310898c2614db6bb38f7d4e9ba79b4 - - default default] Volume info retrieved successfully.
2023-03-27 03:02:58.000 20 INFO cinder.api.openstack.wsgi [None req-784a9a4e-831d-44b1-a2b9-7a76d454a72a 4477bda936d64b1fbda1a59a0ef2f8ba 29310898c2614db6bb38f7d4e9ba79b4 - - default default] http://[LB_IP_ADDRESS]:8776/v3/29310898c2614db6bb38f7d4e9ba79b4/volumes/7484aea4-0c4d-448f-b4f6-9d05bca79525 returned with HTTP 200
2023-03-27 03:02:58.489 21 INFO cinder.api.openstack.wsgi [None req-a57ed5f9-2d3b-41f2-8f40-525b06a36788 518518519eb4437caa98340d0403aa44 fe5843a7fc624dbd93071ea670ac809b - - default default] GET http://[LB_IP_ADDRESS]:8776/v3/fe5843a7fc624dbd93071ea670ac809b/volumes/41ad8a8f-20e3-4459-9f38-4c15c828f2df
2023-03-27 03:02:58.520 21 INFO cinder.volume.api [None req-a57ed5f9-2d3b-41f2-8f40-525b06a36788 518518519eb4437caa98340d0403aa44 fe5843a7fc624dbd93071ea670ac809b - - default default] Volume info retrieved successfully.
2023-03-27 03:02:58.528 21 INFO cinder.api.openstack.wsgi [None req-a57ed5f9-2d3b-41f2-8f40-525b06a36788 518518519eb4437caa98340d0403aa44 fe5843a7fc624dbd93071ea670ac809b - - default default] http://[LB_IP_ADDRESS]:8776/v3/fe5843a7fc624dbd93071ea670ac809b/volumes/41ad8a8f-20e3-4459-9f38-4c15c828f2df returned with HTTP 200
2023-03-27 03:02:58.552 19 INFO cinder.api.openstack.wsgi [None req-e5b4cb2f-4f86-4dc2-9834-646ec5c9388e 518518519eb4437caa98340d0403aa44 fe5843a7fc624dbd93071ea670ac809b - - default default] POST http://[LB_IP_ADDRESS]:8776/v3/fe5843a7fc624dbd93071ea670ac809b/volumes
2023-03-27 03:02:58.557 19 INFO cinder.api.v3.volumes [None req-e5b4cb2f-4f86-4dc2-9834-646ec5c9388e 518518519eb4437caa98340d0403aa44 fe5843a7fc624dbd93071ea670ac809b - - default default] Create volume of 1 GB
2023-03-27 03:02:58.569 19 INFO cinder.volume.api [None req-e5b4cb2f-4f86-4dc2-9834-646ec5c9388e 518518519eb4437caa98340d0403aa44 fe5843a7fc624dbd93071ea670ac809b - - default default] Availability Zones retrieved successfully.
2023-03-27 03:02:58.997 19 INFO cinder.volume.api [None req-e5b4cb2f-4f86-4dc2-9834-646ec5c9388e 518518519eb4437caa98340d0403aa44 fe5843a7fc624dbd93071ea670ac809b - - default default] Create volume request issued successfully.
2023-03-27 03:02:59.000 19 INFO cinder.api.openstack.wsgi [None req-e5b4cb2f-4f86-4dc2-9834-646ec5c9388e 518518519eb4437caa98340d0403aa44 fe5843a7fc624dbd93071ea670ac809b - - default default] http://[LB_IP_ADDRESS]:8776/v3/fe5843a7fc624dbd93071ea670ac809b/volumes returned with HTTP 202
2023-03-27 03:02:59.021 23 INFO cinder.api.openstack.wsgi [None req-6b210afc-dd4c-4e64-b402-27bc9d277975 4477bda936d64b1fbda1a59a0ef2f8ba 29310898c2614db6bb38f7d4e9ba79b4 - - default default] GET http://[LB_IP_ADDRESS]:8776/v3/29310898c2614db6bb38f7d4e9ba79b4/volumes/7484aea4-0c4d-448f-b4f6-9d05bca79525
2023-03-27 03:02:59.022 22 INFO cinder.api.openstack.wsgi [None req-cdfda6c5-1373-48d4-9ba0-afae0524c5ed 518518519eb4437caa98340d0403aa44 fe5843a7fc624dbd93071ea670ac809b - - default default] GET http://[LB_IP_ADDRESS]:8776/v3/fe5843a7fc624dbd93071ea670ac809b/volumes/2089b9f2-0e44-4c8c-836e-1ec8da625986
2023-03-27 03:02:59.045 22 INFO cinder.volume.api [None req-cdfda6c5-1373-48d4-9ba0-afae0524c5ed 518518519eb4437caa98340d0403aa44 fe5843a7fc624dbd93071ea670ac809b - - default default] Volume info retrieved successfully.
2023-03-27 03:02:59.051 23 INFO cinder.volume.api [None req-6b210afc-dd4c-4e64-b402-27bc9d277975 4477bda936d64b1fbda1a59a0ef2f8ba 29310898c2614db6bb38f7d4e9ba79b4 - - default default] Volume info retrieved successfully.
2023-03-27 03:02:59.053 22 INFO cinder.api.openstack.wsgi [None req-cdfda6c5-1373-48d4-9ba0-afae0524c5ed 518518519eb4437caa98340d0403aa44 fe5843a7fc624dbd93071ea670ac809b - - default default] http://[LB_IP_ADDRESS]:8776/v3/fe5843a7fc624dbd93071ea670ac809b/volumes/2089b9f2-0e44-4c8c-836e-1ec8da625986 returned with HTTP 200
2023-03-27 03:02:59.059 23 INFO cinder.api.openstack.wsgi [None req-6b210afc-dd4c-4e64-b402-27bc9d277975 4477bda936d64b1fbda1a59a0ef2f8ba 29310898c2614db6bb38f7d4e9ba79b4 - - default default] http://[LB_IP_ADDRESS]:8776/v3/29310898c2614db6bb38f7d4e9ba79b4/volumes/7484aea4-0c4d-448f-b4f6-9d05bca79525 returned with HTTP 200
2023-03-27 03:02:59.081 20 INFO cinder.api.openstack.wsgi [None req-008a31a7-6459-4eba-9e77-a708258b452e 4477bda936d64b1fbda1a59a0ef2f8ba 29310898c2614db6bb38f7d4e9ba79b4 - - default default] DELETE http://[LB_IP_ADDRESS]:8776/v3/29310898c2614db6bb38f7d4e9ba79b4/volumes/7484aea4-0c4d-448f-b4f6-9d05bca79525
2023-03-27 03:02:59.082 20 INFO cinder.api.v3.volumes [None req-008a31a7-6459-4eba-9e77-a708258b452e 4477bda936d64b1fbda1a59a0ef2f8ba 29310898c2614db6bb38f7d4e9ba79b4 - - default default] Delete volume with id: 7484aea4-0c4d-448f-b4f6-9d05bca79525 
2023-03-27 03:02:59.102 20 INFO cinder.volume.api [None req-008a31a7-6459-4eba-9e77-a708258b452e 4477bda936d64b1fbda1a59a0ef2f8ba 29310898c2614db6bb38f7d4e9ba79b4 - - default default] Volume info retrieved successfully.
2023-03-27 03:02:59.305 20 INFO cinder.volume.api [None req-008a31a7-6459-4eba-9e77-a708258b452e 4477bda936d64b1fbda1a59a0ef2f8ba 29310898c2614db6bb38f7d4e9ba79b4 - - default default] Delete volume request issued successfully.
2023-03-27 03:02:59.307 20 INFO cinder.api.openstack.wsgi [None req-008a31a7-6459-4eba-9e77-a708258b452e 4477bda936d64b1fbda1a59a0ef2f8ba 29310898c2614db6bb38f7d4e9ba79b4 - - default default] http://[LB_IP_ADDRESS]:8776/v3/29310898c2614db6bb38f7d4e9ba79b4/volumes/7484aea4-0c4d-448f-b4f6-9d05bca79525 returned with HTTP 202
2023-03-27 03:02:59.319 21 INFO cinder.api.openstack.wsgi [None req-da711f8e-ea66-4150-b2c7-fea81e3bdcf4 4477bda936d64b1fbda1a59a0ef2f8ba 29310898c2614db6bb38f7d4e9ba79b4 - - default default] GET http://[LB_IP_ADDRESS]:8776/v3/29310898c2614db6bb38f7d4e9ba79b4/volumes/7484aea4-0c4d-448f-b4f6-9d05bca79525
2023-03-27 03:02:59.337 21 INFO cinder.api.openstack.wsgi [None req-da711f8e-ea66-4150-b2c7-fea81e3bdcf4 4477bda936d64b1fbda1a59a0ef2f8ba 29310898c2614db6bb38f7d4e9ba79b4 - - default default] http://[LB_IP_ADDRESS]:8776/v3/29310898c2614db6bb38f7d4e9ba79b4/volumes/7484aea4-0c4d-448f-b4f6-9d05bca79525 returned with HTTP 404
2023-03-27 03:02:59.352 19 INFO cinder.api.openstack.wsgi [None req-70a1444c-ab81-4f8b-9f02-19ce4cd73143 4477bda936d64b1fbda1a59a0ef2f8ba 29310898c2614db6bb38f7d4e9ba79b4 - - default default] POST http://[LB_IP_ADDRESS]:8776/v3/29310898c2614db6bb38f7d4e9ba79b4/volumes
2023-03-27 03:02:59.356 19 INFO cinder.api.v3.volumes [None req-70a1444c-ab81-4f8b-9f02-19ce4cd73143 4477bda936d64b1fbda1a59a0ef2f8ba 29310898c2614db6bb38f7d4e9ba79b4 - - default default] Create volume of 1 GB
2023-03-27 03:02:59.368 19 INFO cinder.volume.api [None req-70a1444c-ab81-4f8b-9f02-19ce4cd73143 4477bda936d64b1fbda1a59a0ef2f8ba 29310898c2614db6bb38f7d4e9ba79b4 - - default default] Availability Zones retrieved successfully.
2023-03-27 03:02:59.808 19 INFO cinder.volume.api [None req-70a1444c-ab81-4f8b-9f02-19ce4cd73143 4477bda936d64b1fbda1a59a0ef2f8ba 29310898c2614db6bb38f7d4e9ba79b4 - - default default] Create volume request issued successfully.
2023-03-27 03:02:59.815 19 INFO cinder.api.openstack.wsgi [None req-70a1444c-ab81-4f8b-9f02-19ce4cd73143 4477bda936d64b1fbda1a59a0ef2f8ba 29310898c2614db6bb38f7d4e9ba79b4 - - default default] http://[LB_IP_ADDRESS]:8776/v3/29310898c2614db6bb38f7d4e9ba79b4/volumes returned with HTTP 202
2023-03-27 03:02:59.838 22 INFO cinder.api.openstack.wsgi [None req-e72a2393-d094-42e3-bb08-58b091199a90 4477bda936d64b1fbda1a59a0ef2f8ba 29310898c2614db6bb38f7d4e9ba79b4 - - default default] GET http://[LB_IP_ADDRESS]:8776/v3/29310898c2614db6bb38f7d4e9ba79b4/volumes/49f9c9c6-bba0-4cce-a348-087468ce7364
2023-03-27 03:02:59.860 22 INFO cinder.volume.api [None req-e72a2393-d094-42e3-bb08-58b091199a90 4477bda936d64b1fbda1a59a0ef2f8ba 29310898c2614db6bb38f7d4e9ba79b4 - - default default] Volume info retrieved successfully.
2023-03-27 03:02:59.868 22 INFO cinder.api.openstack.wsgi [None req-e72a2393-d094-42e3-bb08-58b091199a90 4477bda936d64b1fbda1a59a0ef2f8ba 29310898c2614db6bb38f7d4e9ba79b4 - - default default] http://[LB_IP_ADDRESS]:8776/v3/29310898c2614db6bb38f7d4e9ba79b4/volumes/49f9c9c6-bba0-4cce-a348-087468ce7364 returned with HTTP 200
2023-03-27 03:03:00.076 23 INFO cinder.api.openstack.wsgi [None req-80f3df10-94ce-4f01-bb2f-de80fe662c6f 518518519eb4437caa98340d0403aa44 fe5843a7fc624dbd93071ea670ac809b - - default default] GET http://[LB_IP_ADDRESS]:8776/v3/fe5843a7fc624dbd93071ea670ac809b/volumes/2089b9f2-0e44-4c8c-836e-1ec8da625986
2023-03-27 03:03:00.100 23 INFO cinder.volume.api [None req-80f3df10-94ce-4f01-bb2f-de80fe662c6f 518518519eb4437caa98340d0403aa44 fe5843a7fc624dbd93071ea670ac809b - - default default] Volume info retrieved successfully.
2023-03-27 03:03:00.108 23 INFO cinder.api.openstack.wsgi [None req-80f3df10-94ce-4f01-bb2f-de80fe662c6f 518518519eb4437caa98340d0403aa44 fe5843a7fc624dbd93071ea670ac809b - - default default] http://[LB_IP_ADDRESS]:8776/v3/fe5843a7fc624dbd93071ea670ac809b/volumes/2089b9f2-0e44-4c8c-836e-1ec8da625986 returned with HTTP 200
2023-03-27 03:03:00.132 20 INFO cinder.api.openstack.wsgi [None req-12bd3a56-0c92-43d4-9fa9-1306acc8b206 518518519eb4437caa98340d0403aa44 fe5843a7fc624dbd93071ea670ac809b - - default default] DELETE http://[LB_IP_ADDRESS]:8776/v3/fe5843a7fc624dbd93071ea670ac809b/volumes/2089b9f2-0e44-4c8c-836e-1ec8da625986
2023-03-27 03:03:00.133 20 INFO cinder.api.v3.volumes [None req-12bd3a56-0c92-43d4-9fa9-1306acc8b206 518518519eb4437caa98340d0403aa44 fe5843a7fc624dbd93071ea670ac809b - - default default] Delete volume with id: 2089b9f2-0e44-4c8c-836e-1ec8da625986 
2023-03-27 03:03:00.153 20 INFO cinder.volume.api [None req-12bd3a56-0c92-43d4-9fa9-1306acc8b206 518518519eb4437caa98340d0403aa44 fe5843a7fc624dbd93071ea670ac809b - - default default] Volume info retrieved successfully.
2023-03-27 03:03:00.364 20 INFO cinder.volume.api [None req-12bd3a56-0c92-43d4-9fa9-1306acc8b206 518518519eb4437caa98340d0403aa44 fe5843a7fc624dbd93071ea670ac809b - - default default] Delete volume request issued successfully.
2023-03-27 03:03:00.366 20 INFO cinder.api.openstack.wsgi [None req-12bd3a56-0c92-43d4-9fa9-1306acc8b206 518518519eb4437caa98340d0403aa44 fe5843a7fc624dbd93071ea670ac809b - - default default] http://[LB_IP_ADDRESS]:8776/v3/fe5843a7fc624dbd93071ea670ac809b/volumes/2089b9f2-0e44-4c8c-836e-1ec8da625986 returned with HTTP 202
2023-03-27 03:03:00.379 21 INFO cinder.api.openstack.wsgi [None req-1207f99c-0a4c-4f69-ba3d-8957865ee559 518518519eb4437caa98340d0403aa44 fe5843a7fc624dbd93071ea670ac809b - - default default] GET http://[LB_IP_ADDRESS]:8776/v3/fe5843a7fc624dbd93071ea670ac809b/volumes/2089b9f2-0e44-4c8c-836e-1ec8da625986
2023-03-27 03:03:00.396 21 INFO cinder.api.openstack.wsgi [None req-1207f99c-0a4c-4f69-ba3d-8957865ee559 518518519eb4437caa98340d0403aa44 fe5843a7fc624dbd93071ea670ac809b - - default default] http://[LB_IP_ADDRESS]:8776/v3/fe5843a7fc624dbd93071ea670ac809b/volumes/2089b9f2-0e44-4c8c-836e-1ec8da625986 returned with HTTP 404
2023-03-27 03:03:00.412 19 INFO cinder.api.openstack.wsgi [None req-fd58c73b-d273-4823-bd7e-f9e6ec6155fa 518518519eb4437caa98340d0403aa44 fe5843a7fc624dbd93071ea670ac809b - - default default] DELETE http://[LB_IP_ADDRESS]:8776/v3/fe5843a7fc624dbd93071ea670ac809b/volumes/41ad8a8f-20e3-4459-9f38-4c15c828f2df
2023-03-27 03:03:00.414 19 INFO cinder.api.v3.volumes [None req-fd58c73b-d273-4823-bd7e-f9e6ec6155fa 518518519eb4437caa98340d0403aa44 fe5843a7fc624dbd93071ea670ac809b - - default default] Delete volume with id: 41ad8a8f-20e3-4459-9f38-4c15c828f2df 
2023-03-27 03:03:00.431 19 INFO cinder.volume.api [None req-fd58c73b-d273-4823-bd7e-f9e6ec6155fa 518518519eb4437caa98340d0403aa44 fe5843a7fc624dbd93071ea670ac809b - - default default] Volume info retrieved successfully.
2023-03-27 03:03:00.639 19 INFO cinder.volume.api [None req-fd58c73b-d273-4823-bd7e-f9e6ec6155fa 518518519eb4437caa98340d0403aa44 fe5843a7fc624dbd93071ea670ac809b - - default default] Delete volume request issued successfully.
2023-03-27 03:03:00.642 19 INFO cinder.api.openstack.wsgi [None req-fd58c73b-d273-4823-bd7e-f9e6ec6155fa 518518519eb4437caa98340d0403aa44 fe5843a7fc624dbd93071ea670ac809b - - default default] http://[LB_IP_ADDRESS]:8776/v3/fe5843a7fc624dbd93071ea670ac809b/volumes/41ad8a8f-20e3-4459-9f38-4c15c828f2df returned with HTTP 202
2023-03-27 03:03:00.655 22 INFO cinder.api.openstack.wsgi [None req-032d1b33-dfeb-48e6-ac6a-0ff42f3fe833 518518519eb4437caa98340d0403aa44 fe5843a7fc624dbd93071ea670ac809b - - default default] GET http://[LB_IP_ADDRESS]:8776/v3/fe5843a7fc624dbd93071ea670ac809b/volumes/41ad8a8f-20e3-4459-9f38-4c15c828f2df
2023-03-27 03:03:00.675 22 INFO cinder.api.openstack.wsgi [None req-032d1b33-dfeb-48e6-ac6a-0ff42f3fe833 518518519eb4437caa98340d0403aa44 fe5843a7fc624dbd93071ea670ac809b - - default default] http://[LB_IP_ADDRESS]:8776/v3/fe5843a7fc624dbd93071ea670ac809b/volumes/41ad8a8f-20e3-4459-9f38-4c15c828f2df returned with HTTP 404
2023-03-27 03:03:00.890 23 INFO cinder.api.openstack.wsgi [None req-6b107594-b049-4400-9d5f-21a1e2c8a46a 4477bda936d64b1fbda1a59a0ef2f8ba 29310898c2614db6bb38f7d4e9ba79b4 - - default default] GET http://[LB_IP_ADDRESS]:8776/v3/29310898c2614db6bb38f7d4e9ba79b4/volumes/49f9c9c6-bba0-4cce-a348-087468ce7364
2023-03-27 03:03:00.915 23 INFO cinder.volume.api [None req-6b107594-b049-4400-9d5f-21a1e2c8a46a 4477bda936d64b1fbda1a59a0ef2f8ba 29310898c2614db6bb38f7d4e9ba79b4 - - default default] Volume info retrieved successfully.
2023-03-27 03:03:00.927 23 INFO cinder.api.openstack.wsgi [None req-6b107594-b049-4400-9d5f-21a1e2c8a46a 4477bda936d64b1fbda1a59a0ef2f8ba 29310898c2614db6bb38f7d4e9ba79b4 - - default default] http://[LB_IP_ADDRESS]:8776/v3/29310898c2614db6bb38f7d4e9ba79b4/volumes/49f9c9c6-bba0-4cce-a348-087468ce7364 returned with HTTP 200
2023-03-27 03:03:00.973 20 INFO cinder.api.openstack.wsgi [None req-fdf38068-b707-441a-baca-50294469ea40 4477bda936d64b1fbda1a59a0ef2f8ba 29310898c2614db6bb38f7d4e9ba79b4 - - default default] POST http://[LB_IP_ADDRESS]:8776/v3/29310898c2614db6bb38f7d4e9ba79b4/volumes
2023-03-27 03:03:01.064 20 INFO cinder.api.v3.volumes [None req-fdf38068-b707-441a-baca-50294469ea40 4477bda936d64b1fbda1a59a0ef2f8ba 29310898c2614db6bb38f7d4e9ba79b4 - - default default] Create volume of 1 GB
2023-03-27 03:03:01.079 20 INFO cinder.volume.api [None req-fdf38068-b707-441a-baca-50294469ea40 4477bda936d64b1fbda1a59a0ef2f8ba 29310898c2614db6bb38f7d4e9ba79b4 - - default default] Availability Zones retrieved successfully.
2023-03-27 03:03:01.552 20 INFO cinder.volume.api [None req-fdf38068-b707-441a-baca-50294469ea40 4477bda936d64b1fbda1a59a0ef2f8ba 29310898c2614db6bb38f7d4e9ba79b4 - - default default] Create volume request issued successfully.
2023-03-27 03:03:01.554 20 INFO cinder.api.openstack.wsgi [None req-fdf38068-b707-441a-baca-50294469ea40 4477bda936d64b1fbda1a59a0ef2f8ba 29310898c2614db6bb38f7d4e9ba79b4 - - default default] http://[LB_IP_ADDRESS]:8776/v3/29310898c2614db6bb38f7d4e9ba79b4/volumes returned with HTTP 202
2023-03-27 03:03:01.575 21 INFO cinder.api.openstack.wsgi [None req-3b00c9ef-e1ce-4e1a-a0fc-fc9e6cab3fa1 4477bda936d64b1fbda1a59a0ef2f8ba 29310898c2614db6bb38f7d4e9ba79b4 - - default default] GET http://[LB_IP_ADDRESS]:8776/v3/29310898c2614db6bb38f7d4e9ba79b4/volumes/22ea6f82-afc9-4edf-90ea-df31ed323ee0
2023-03-27 03:03:01.607 21 INFO cinder.volume.api [None req-3b00c9ef-e1ce-4e1a-a0fc-fc9e6cab3fa1 4477bda936d64b1fbda1a59a0ef2f8ba 29310898c2614db6bb38f7d4e9ba79b4 - - default default] Volume info retrieved successfully.
2023-03-27 03:03:01.616 21 INFO cinder.api.openstack.wsgi [None req-3b00c9ef-e1ce-4e1a-a0fc-fc9e6cab3fa1 4477bda936d64b1fbda1a59a0ef2f8ba 29310898c2614db6bb38f7d4e9ba79b4 - - default default] http://[LB_IP_ADDRESS]:8776/v3/29310898c2614db6bb38f7d4e9ba79b4/volumes/22ea6f82-afc9-4edf-90ea-df31ed323ee0 returned with HTTP 200
2023-03-27 03:03:02.637 19 INFO cinder.api.openstack.wsgi [None req-197a0667-8bd4-4017-ac9e-76c5c832f408 4477bda936d64b1fbda1a59a0ef2f8ba 29310898c2614db6bb38f7d4e9ba79b4 - - default default] GET http://[LB_IP_ADDRESS]:8776/v3/29310898c2614db6bb38f7d4e9ba79b4/volumes/22ea6f82-afc9-4edf-90ea-df31ed323ee0
2023-03-27 03:03:02.661 19 INFO cinder.volume.api [None req-197a0667-8bd4-4017-ac9e-76c5c832f408 4477bda936d64b1fbda1a59a0ef2f8ba 29310898c2614db6bb38f7d4e9ba79b4 - - default default] Volume info retrieved successfully.
2023-03-27 03:03:02.668 19 INFO cinder.api.openstack.wsgi [None req-197a0667-8bd4-4017-ac9e-76c5c832f408 4477bda936d64b1fbda1a59a0ef2f8ba 29310898c2614db6bb38f7d4e9ba79b4 - - default default] http://[LB_IP_ADDRESS]:8776/v3/29310898c2614db6bb38f7d4e9ba79b4/volumes/22ea6f82-afc9-4edf-90ea-df31ed323ee0 returned with HTTP 200
2023-03-27 03:03:02.690 22 INFO cinder.api.openstack.wsgi [None req-fd9b3a67-65a0-4a09-8707-db858f69b1d1 4477bda936d64b1fbda1a59a0ef2f8ba 29310898c2614db6bb38f7d4e9ba79b4 - - default default] DELETE http://[LB_IP_ADDRESS]:8776/v3/29310898c2614db6bb38f7d4e9ba79b4/volumes/22ea6f82-afc9-4edf-90ea-df31ed323ee0
2023-03-27 03:03:02.691 22 INFO cinder.api.v3.volumes [None req-fd9b3a67-65a0-4a09-8707-db858f69b1d1 4477bda936d64b1fbda1a59a0ef2f8ba 29310898c2614db6bb38f7d4e9ba79b4 - - default default] Delete volume with id: 22ea6f82-afc9-4edf-90ea-df31ed323ee0 
2023-03-27 03:03:02.715 22 INFO cinder.volume.api [None req-fd9b3a67-65a0-4a09-8707-db858f69b1d1 4477bda936d64b1fbda1a59a0ef2f8ba 29310898c2614db6bb38f7d4e9ba79b4 - - default default] Volume info retrieved successfully.
2023-03-27 03:03:02.914 22 INFO cinder.volume.api [None req-fd9b3a67-65a0-4a09-8707-db858f69b1d1 4477bda936d64b1fbda1a59a0ef2f8ba 29310898c2614db6bb38f7d4e9ba79b4 - - default default] Delete volume request issued successfully.
2023-03-27 03:03:02.916 22 INFO cinder.api.openstack.wsgi [None req-fd9b3a67-65a0-4a09-8707-db858f69b1d1 4477bda936d64b1fbda1a59a0ef2f8ba 29310898c2614db6bb38f7d4e9ba79b4 - - default default] http://[LB_IP_ADDRESS]:8776/v3/29310898c2614db6bb38f7d4e9ba79b4/volumes/22ea6f82-afc9-4edf-90ea-df31ed323ee0 returned with HTTP 202
2023-03-27 03:03:02.928 23 INFO cinder.api.openstack.wsgi [None req-b76b673f-b30f-42c9-b688-6aeb8b8a40fd 4477bda936d64b1fbda1a59a0ef2f8ba 29310898c2614db6bb38f7d4e9ba79b4 - - default default] GET http://[LB_IP_ADDRESS]:8776/v3/29310898c2614db6bb38f7d4e9ba79b4/volumes/22ea6f82-afc9-4edf-90ea-df31ed323ee0
2023-03-27 03:03:02.948 23 INFO cinder.api.openstack.wsgi [None req-b76b673f-b30f-42c9-b688-6aeb8b8a40fd 4477bda936d64b1fbda1a59a0ef2f8ba 29310898c2614db6bb38f7d4e9ba79b4 - - default default] http://[LB_IP_ADDRESS]:8776/v3/29310898c2614db6bb38f7d4e9ba79b4/volumes/22ea6f82-afc9-4edf-90ea-df31ed323ee0 returned with HTTP 404
2023-03-27 03:03:02.966 20 INFO cinder.api.openstack.wsgi [None req-9f15b81b-8af3-486a-b7ca-f3868d9d3f9b 4477bda936d64b1fbda1a59a0ef2f8ba 29310898c2614db6bb38f7d4e9ba79b4 - - default default] DELETE http://[LB_IP_ADDRESS]:8776/v3/29310898c2614db6bb38f7d4e9ba79b4/volumes/49f9c9c6-bba0-4cce-a348-087468ce7364
2023-03-27 03:03:02.968 20 INFO cinder.api.v3.volumes [None req-9f15b81b-8af3-486a-b7ca-f3868d9d3f9b 4477bda936d64b1fbda1a59a0ef2f8ba 29310898c2614db6bb38f7d4e9ba79b4 - - default default] Delete volume with id: 49f9c9c6-bba0-4cce-a348-087468ce7364 
2023-03-27 03:03:02.991 20 INFO cinder.volume.api [None req-9f15b81b-8af3-486a-b7ca-f3868d9d3f9b 4477bda936d64b1fbda1a59a0ef2f8ba 29310898c2614db6bb38f7d4e9ba79b4 - - default default] Volume info retrieved successfully.
2023-03-27 03:03:03.240 21 INFO cinder.api.openstack.wsgi [None req-13e39351-efdc-453c-8c83-6d23f5761e56 c3a743bb244e425b9825ae985e15d32c 417a196c221f40bdb5775f33d84aaa58 - - default default] GET http://[LB_IP_ADDRESS]:8776/v3/417a196c221f40bdb5775f33d84aaa58/volumes/summary
2023-03-27 03:03:03.292 21 INFO cinder.volume.api [None req-13e39351-efdc-453c-8c83-6d23f5761e56 c3a743bb244e425b9825ae985e15d32c 417a196c221f40bdb5775f33d84aaa58 - - default default] Get summary completed successfully.
2023-03-27 03:03:03.293 21 INFO cinder.api.openstack.wsgi [None req-13e39351-efdc-453c-8c83-6d23f5761e56 c3a743bb244e425b9825ae985e15d32c 417a196c221f40bdb5775f33d84aaa58 - - default default] http://[LB_IP_ADDRESS]:8776/v3/417a196c221f40bdb5775f33d84aaa58/volumes/summary returned with HTTP 200
2023-03-27 03:03:03.528 20 INFO cinder.volume.api [None req-9f15b81b-8af3-486a-b7ca-f3868d9d3f9b 4477bda936d64b1fbda1a59a0ef2f8ba 29310898c2614db6bb38f7d4e9ba79b4 - - default default] Delete volume request issued successfully.
2023-03-27 03:03:03.530 20 INFO cinder.api.openstack.wsgi [None req-9f15b81b-8af3-486a-b7ca-f3868d9d3f9b 4477bda936d64b1fbda1a59a0ef2f8ba 29310898c2614db6bb38f7d4e9ba79b4 - - default default] http://[LB_IP_ADDRESS]:8776/v3/29310898c2614db6bb38f7d4e9ba79b4/volumes/49f9c9c6-bba0-4cce-a348-087468ce7364 returned with HTTP 202
2023-03-27 03:03:03.542 19 INFO cinder.api.openstack.wsgi [None req-1927cc07-1cbd-4864-baa9-c7caf9811227 4477bda936d64b1fbda1a59a0ef2f8ba 29310898c2614db6bb38f7d4e9ba79b4 - - default default] GET http://[LB_IP_ADDRESS]:8776/v3/29310898c2614db6bb38f7d4e9ba79b4/volumes/49f9c9c6-bba0-4cce-a348-087468ce7364
2023-03-27 03:03:03.563 19 INFO cinder.api.openstack.wsgi [None req-1927cc07-1cbd-4864-baa9-c7caf9811227 4477bda936d64b1fbda1a59a0ef2f8ba 29310898c2614db6bb38f7d4e9ba79b4 - - default default] http://[LB_IP_ADDRESS]:8776/v3/29310898c2614db6bb38f7d4e9ba79b4/volumes/49f9c9c6-bba0-4cce-a348-087468ce7364 returned with HTTP 404
2023-03-27 03:03:05.360 22 INFO cinder.api.openstack.wsgi [None req-fdfb9647-cb2e-40d7-8adb-1efa538dcde7 - - - - - -] GET http://[LB_IP_ADDRESS]:8776/
2023-03-27 03:03:05.361 22 INFO cinder.api.openstack.wsgi [None req-fdfb9647-cb2e-40d7-8adb-1efa538dcde7 - - - - - -] http://[LB_IP_ADDRESS]:8776/ returned with HTTP 300
2023-03-27 03:03:05.920 23 INFO cinder.api.openstack.wsgi [None req-1f1c309c-7ad6-43db-b37f-413bed1fbe70 8585459449e44d11bb7b1865979157bb 8df94d1b21f04c01a98f6477ac82dde3 - - default default] GET http://[LB_IP_ADDRESS]:8776/v3/8df94d1b21f04c01a98f6477ac82dde3/volumes
2023-03-27 03:03:05.993 23 INFO cinder.volume.api [None req-1f1c309c-7ad6-43db-b37f-413bed1fbe70 8585459449e44d11bb7b1865979157bb 8df94d1b21f04c01a98f6477ac82dde3 - - default default] Get all volumes completed successfully.
2023-03-27 03:03:05.994 23 INFO cinder.api.openstack.wsgi [None req-1f1c309c-7ad6-43db-b37f-413bed1fbe70 8585459449e44d11bb7b1865979157bb 8df94d1b21f04c01a98f6477ac82dde3 - - default default] http://[LB_IP_ADDRESS]:8776/v3/8df94d1b21f04c01a98f6477ac82dde3/volumes returned with HTTP 200
2023-03-27 03:03:06.010 21 INFO cinder.api.openstack.wsgi [None req-15041d27-83b4-4fb1-bcee-ea02585bb440 8585459449e44d11bb7b1865979157bb 8df94d1b21f04c01a98f6477ac82dde3 - - default default] POST http://[LB_IP_ADDRESS]:8776/v3/8df94d1b21f04c01a98f6477ac82dde3/volumes
2023-03-27 03:03:06.015 21 INFO cinder.api.v3.volumes [None req-15041d27-83b4-4fb1-bcee-ea02585bb440 8585459449e44d11bb7b1865979157bb 8df94d1b21f04c01a98f6477ac82dde3 - - default default] Create volume of 1 GB
2023-03-27 03:03:06.028 21 INFO cinder.volume.api [None req-15041d27-83b4-4fb1-bcee-ea02585bb440 8585459449e44d11bb7b1865979157bb 8df94d1b21f04c01a98f6477ac82dde3 - - default default] Availability Zones retrieved successfully.
2023-03-27 03:03:06.674 21 INFO cinder.volume.api [None req-15041d27-83b4-4fb1-bcee-ea02585bb440 8585459449e44d11bb7b1865979157bb 8df94d1b21f04c01a98f6477ac82dde3 - - default default] Create volume request issued successfully.
2023-03-27 03:03:06.675 21 INFO cinder.api.openstack.wsgi [None req-15041d27-83b4-4fb1-bcee-ea02585bb440 8585459449e44d11bb7b1865979157bb 8df94d1b21f04c01a98f6477ac82dde3 - - default default] http://[LB_IP_ADDRESS]:8776/v3/8df94d1b21f04c01a98f6477ac82dde3/volumes returned with HTTP 202
2023-03-27 03:03:06.698 20 INFO cinder.api.openstack.wsgi [None req-7e4be8b3-be44-464b-8223-a59f54e805bf 8585459449e44d11bb7b1865979157bb 8df94d1b21f04c01a98f6477ac82dde3 - - default default] GET http://[LB_IP_ADDRESS]:8776/v3/8df94d1b21f04c01a98f6477ac82dde3/volumes/ae44fc92-92d7-466a-be41-c0c632c47006
2023-03-27 03:03:06.725 20 INFO cinder.volume.api [None req-7e4be8b3-be44-464b-8223-a59f54e805bf 8585459449e44d11bb7b1865979157bb 8df94d1b21f04c01a98f6477ac82dde3 - - default default] Volume info retrieved successfully.
2023-03-27 03:03:06.732 20 INFO cinder.api.openstack.wsgi [None req-7e4be8b3-be44-464b-8223-a59f54e805bf 8585459449e44d11bb7b1865979157bb 8df94d1b21f04c01a98f6477ac82dde3 - - default default] http://[LB_IP_ADDRESS]:8776/v3/8df94d1b21f04c01a98f6477ac82dde3/volumes/ae44fc92-92d7-466a-be41-c0c632c47006 returned with HTTP 200
2023-03-27 03:03:07.753 19 INFO cinder.api.openstack.wsgi [None req-dce81169-f2cf-4cce-ab54-23d5a6202d6e 8585459449e44d11bb7b1865979157bb 8df94d1b21f04c01a98f6477ac82dde3 - - default default] GET http://[LB_IP_ADDRESS]:8776/v3/8df94d1b21f04c01a98f6477ac82dde3/volumes/ae44fc92-92d7-466a-be41-c0c632c47006
2023-03-27 03:03:07.786 19 INFO cinder.volume.api [None req-dce81169-f2cf-4cce-ab54-23d5a6202d6e 8585459449e44d11bb7b1865979157bb 8df94d1b21f04c01a98f6477ac82dde3 - - default default] Volume info retrieved successfully.
2023-03-27 03:03:07.794 19 INFO cinder.api.openstack.wsgi [None req-dce81169-f2cf-4cce-ab54-23d5a6202d6e 8585459449e44d11bb7b1865979157bb 8df94d1b21f04c01a98f6477ac82dde3 - - default default] http://[LB_IP_ADDRESS]:8776/v3/8df94d1b21f04c01a98f6477ac82dde3/volumes/ae44fc92-92d7-466a-be41-c0c632c47006 returned with HTTP 200
2023-03-27 03:03:07.816 22 INFO cinder.api.openstack.wsgi [None req-7a5bdaff-ce5b-42f0-a7f7-da7322b0c143 8585459449e44d11bb7b1865979157bb 8df94d1b21f04c01a98f6477ac82dde3 - - default default] DELETE http://[LB_IP_ADDRESS]:8776/v3/8df94d1b21f04c01a98f6477ac82dde3/volumes/ae44fc92-92d7-466a-be41-c0c632c47006
2023-03-27 03:03:07.817 22 INFO cinder.api.v3.volumes [None req-7a5bdaff-ce5b-42f0-a7f7-da7322b0c143 8585459449e44d11bb7b1865979157bb 8df94d1b21f04c01a98f6477ac82dde3 - - default default] Delete volume with id: ae44fc92-92d7-466a-be41-c0c632c47006 
2023-03-27 03:03:07.842 22 INFO cinder.volume.api [None req-7a5bdaff-ce5b-42f0-a7f7-da7322b0c143 8585459449e44d11bb7b1865979157bb 8df94d1b21f04c01a98f6477ac82dde3 - - default default] Volume info retrieved successfully.
2023-03-27 03:03:08.074 22 INFO cinder.volume.api [None req-7a5bdaff-ce5b-42f0-a7f7-da7322b0c143 8585459449e44d11bb7b1865979157bb 8df94d1b21f04c01a98f6477ac82dde3 - - default default] Delete volume request issued successfully.
2023-03-27 03:03:08.077 22 INFO cinder.api.openstack.wsgi [None req-7a5bdaff-ce5b-42f0-a7f7-da7322b0c143 8585459449e44d11bb7b1865979157bb 8df94d1b21f04c01a98f6477ac82dde3 - - default default] http://[LB_IP_ADDRESS]:8776/v3/8df94d1b21f04c01a98f6477ac82dde3/volumes/ae44fc92-92d7-466a-be41-c0c632c47006 returned with HTTP 202
2023-03-27 03:03:08.091 23 INFO cinder.api.openstack.wsgi [None req-61edbaaf-cc15-4154-966d-4b3c58b0b555 8585459449e44d11bb7b1865979157bb 8df94d1b21f04c01a98f6477ac82dde3 - - default default] GET http://[LB_IP_ADDRESS]:8776/v3/8df94d1b21f04c01a98f6477ac82dde3/volumes/ae44fc92-92d7-466a-be41-c0c632c47006
2023-03-27 03:03:08.107 23 INFO cinder.api.openstack.wsgi [None req-61edbaaf-cc15-4154-966d-4b3c58b0b555 8585459449e44d11bb7b1865979157bb 8df94d1b21f04c01a98f6477ac82dde3 - - default default] http://[LB_IP_ADDRESS]:8776/v3/8df94d1b21f04c01a98f6477ac82dde3/volumes/ae44fc92-92d7-466a-be41-c0c632c47006 returned with HTTP 404
2023-03-27 03:03:10.729 21 INFO cinder.api.openstack.wsgi [None req-aaef8493-a164-409e-8717-7a98fbb4d6ad e9d45abf7f8d45aaa7c80caf89cf8bed b460e829052b46f1a52ec35673715478 - - default default] POST http://[LB_IP_ADDRESS]:8776/v3/b460e829052b46f1a52ec35673715478/volumes
2023-03-27 03:03:10.733 21 INFO cinder.api.v3.volumes [None req-aaef8493-a164-409e-8717-7a98fbb4d6ad e9d45abf7f8d45aaa7c80caf89cf8bed b460e829052b46f1a52ec35673715478 - - default default] Create volume of 1 GB
2023-03-27 03:03:10.750 21 INFO cinder.volume.api [None req-aaef8493-a164-409e-8717-7a98fbb4d6ad e9d45abf7f8d45aaa7c80caf89cf8bed b460e829052b46f1a52ec35673715478 - - default default] Availability Zones retrieved successfully.
2023-03-27 03:03:11.444 21 INFO cinder.volume.api [None req-aaef8493-a164-409e-8717-7a98fbb4d6ad e9d45abf7f8d45aaa7c80caf89cf8bed b460e829052b46f1a52ec35673715478 - - default default] Create volume request issued successfully.
2023-03-27 03:03:11.448 21 INFO cinder.api.openstack.wsgi [None req-aaef8493-a164-409e-8717-7a98fbb4d6ad e9d45abf7f8d45aaa7c80caf89cf8bed b460e829052b46f1a52ec35673715478 - - default default] http://[LB_IP_ADDRESS]:8776/v3/b460e829052b46f1a52ec35673715478/volumes returned with HTTP 202
2023-03-27 03:03:11.471 20 INFO cinder.api.openstack.wsgi [None req-b445ac96-4189-4b01-8c18-a67de0902cbf e9d45abf7f8d45aaa7c80caf89cf8bed b460e829052b46f1a52ec35673715478 - - default default] GET http://[LB_IP_ADDRESS]:8776/v3/b460e829052b46f1a52ec35673715478/volumes/ad6920b8-50a5-42d9-8e1e-a8c0a7ebaada
2023-03-27 03:03:11.499 20 INFO cinder.volume.api [None req-b445ac96-4189-4b01-8c18-a67de0902cbf e9d45abf7f8d45aaa7c80caf89cf8bed b460e829052b46f1a52ec35673715478 - - default default] Volume info retrieved successfully.
2023-03-27 03:03:11.507 20 INFO cinder.api.openstack.wsgi [None req-b445ac96-4189-4b01-8c18-a67de0902cbf e9d45abf7f8d45aaa7c80caf89cf8bed b460e829052b46f1a52ec35673715478 - - default default] http://[LB_IP_ADDRESS]:8776/v3/b460e829052b46f1a52ec35673715478/volumes/ad6920b8-50a5-42d9-8e1e-a8c0a7ebaada returned with HTTP 200
2023-03-27 03:03:12.529 19 INFO cinder.api.openstack.wsgi [None req-aee44f1a-abe4-466f-966a-c96813770440 e9d45abf7f8d45aaa7c80caf89cf8bed b460e829052b46f1a52ec35673715478 - - default default] GET http://[LB_IP_ADDRESS]:8776/v3/b460e829052b46f1a52ec35673715478/volumes/ad6920b8-50a5-42d9-8e1e-a8c0a7ebaada
2023-03-27 03:03:12.553 19 INFO cinder.volume.api [None req-aee44f1a-abe4-466f-966a-c96813770440 e9d45abf7f8d45aaa7c80caf89cf8bed b460e829052b46f1a52ec35673715478 - - default default] Volume info retrieved successfully.
2023-03-27 03:03:12.561 19 INFO cinder.api.openstack.wsgi [None req-aee44f1a-abe4-466f-966a-c96813770440 e9d45abf7f8d45aaa7c80caf89cf8bed b460e829052b46f1a52ec35673715478 - - default default] http://[LB_IP_ADDRESS]:8776/v3/b460e829052b46f1a52ec35673715478/volumes/ad6920b8-50a5-42d9-8e1e-a8c0a7ebaada returned with HTTP 200
2023-03-27 03:03:12.585 22 INFO cinder.api.openstack.wsgi [None req-9fad3366-c58b-4bb7-805c-c347e1e0fbde e9d45abf7f8d45aaa7c80caf89cf8bed b460e829052b46f1a52ec35673715478 - - default default] DELETE http://[LB_IP_ADDRESS]:8776/v3/b460e829052b46f1a52ec35673715478/volumes/ad6920b8-50a5-42d9-8e1e-a8c0a7ebaada
2023-03-27 03:03:12.586 22 INFO cinder.api.v3.volumes [None req-9fad3366-c58b-4bb7-805c-c347e1e0fbde e9d45abf7f8d45aaa7c80caf89cf8bed b460e829052b46f1a52ec35673715478 - - default default] Delete volume with id: ad6920b8-50a5-42d9-8e1e-a8c0a7ebaada 
2023-03-27 03:03:12.605 22 INFO cinder.volume.api [None req-9fad3366-c58b-4bb7-805c-c347e1e0fbde e9d45abf7f8d45aaa7c80caf89cf8bed b460e829052b46f1a52ec35673715478 - - default default] Volume info retrieved successfully.
2023-03-27 03:03:12.817 22 INFO cinder.volume.api [None req-9fad3366-c58b-4bb7-805c-c347e1e0fbde e9d45abf7f8d45aaa7c80caf89cf8bed b460e829052b46f1a52ec35673715478 - - default default] Delete volume request issued successfully.
2023-03-27 03:03:12.819 22 INFO cinder.api.openstack.wsgi [None req-9fad3366-c58b-4bb7-805c-c347e1e0fbde e9d45abf7f8d45aaa7c80caf89cf8bed b460e829052b46f1a52ec35673715478 - - default default] http://[LB_IP_ADDRESS]:8776/v3/b460e829052b46f1a52ec35673715478/volumes/ad6920b8-50a5-42d9-8e1e-a8c0a7ebaada returned with HTTP 202
2023-03-27 03:03:12.832 23 INFO cinder.api.openstack.wsgi [None req-edf75eab-7ea4-45ec-8dea-abfdcb796e37 e9d45abf7f8d45aaa7c80caf89cf8bed b460e829052b46f1a52ec35673715478 - - default default] GET http://[LB_IP_ADDRESS]:8776/v3/b460e829052b46f1a52ec35673715478/volumes/ad6920b8-50a5-42d9-8e1e-a8c0a7ebaada
2023-03-27 03:03:12.847 23 INFO cinder.api.openstack.wsgi [None req-edf75eab-7ea4-45ec-8dea-abfdcb796e37 e9d45abf7f8d45aaa7c80caf89cf8bed b460e829052b46f1a52ec35673715478 - - default default] http://[LB_IP_ADDRESS]:8776/v3/b460e829052b46f1a52ec35673715478/volumes/ad6920b8-50a5-42d9-8e1e-a8c0a7ebaada returned with HTTP 404
2023-03-27 03:03:20.741 20 INFO cinder.api.openstack.wsgi [None req-4eca224e-4383-4f0a-b2b0-cde7d51e83c7 f858197f47d24cd381fd7ff386cd213a decf532a49ce4b33a1fe4468097a2532 - - default default] POST http://[LB_IP_ADDRESS]:8776/v3/decf532a49ce4b33a1fe4468097a2532/volumes
2023-03-27 03:03:20.746 20 INFO cinder.api.v3.volumes [None req-4eca224e-4383-4f0a-b2b0-cde7d51e83c7 f858197f47d24cd381fd7ff386cd213a decf532a49ce4b33a1fe4468097a2532 - - default default] Create volume of 1 GB
2023-03-27 03:03:20.748 21 INFO cinder.api.openstack.wsgi [None req-f4a9ad84-96f4-41fd-b33e-b1cef790467b b51db47dd2714e87a8a75648662e3eb2 261bc4dae8884cc782e13588266d743a - - default default] POST http://[LB_IP_ADDRESS]:8776/v3/261bc4dae8884cc782e13588266d743a/volumes
2023-03-27 03:03:20.753 21 INFO cinder.api.v3.volumes [None req-f4a9ad84-96f4-41fd-b33e-b1cef790467b b51db47dd2714e87a8a75648662e3eb2 261bc4dae8884cc782e13588266d743a - - default default] Create volume of 1 GB
2023-03-27 03:03:20.757 20 INFO cinder.volume.api [None req-4eca224e-4383-4f0a-b2b0-cde7d51e83c7 f858197f47d24cd381fd7ff386cd213a decf532a49ce4b33a1fe4468097a2532 - - default default] Availability Zones retrieved successfully.
2023-03-27 03:03:20.767 21 INFO cinder.volume.api [None req-f4a9ad84-96f4-41fd-b33e-b1cef790467b b51db47dd2714e87a8a75648662e3eb2 261bc4dae8884cc782e13588266d743a - - default default] Availability Zones retrieved successfully.
2023-03-27 03:03:20.773 19 INFO cinder.api.openstack.wsgi [None req-babcb25f-c371-4d06-935c-5def36711039 62d9b267149a42b982f5a53716238a49 5ebcd3cf17d74276a2000a1421da11d6 - - default default] POST http://[LB_IP_ADDRESS]:8776/v3/5ebcd3cf17d74276a2000a1421da11d6/volumes
2023-03-27 03:03:20.778 19 INFO cinder.api.v3.volumes [None req-babcb25f-c371-4d06-935c-5def36711039 62d9b267149a42b982f5a53716238a49 5ebcd3cf17d74276a2000a1421da11d6 - - default default] Create volume of 1 GB
2023-03-27 03:03:20.793 19 INFO cinder.volume.api [None req-babcb25f-c371-4d06-935c-5def36711039 62d9b267149a42b982f5a53716238a49 5ebcd3cf17d74276a2000a1421da11d6 - - default default] Availability Zones retrieved successfully.
2023-03-27 03:03:21.386 20 INFO cinder.volume.api [None req-4eca224e-4383-4f0a-b2b0-cde7d51e83c7 f858197f47d24cd381fd7ff386cd213a decf532a49ce4b33a1fe4468097a2532 - - default default] Create volume request issued successfully.
2023-03-27 03:03:21.388 20 INFO cinder.api.openstack.wsgi [None req-4eca224e-4383-4f0a-b2b0-cde7d51e83c7 f858197f47d24cd381fd7ff386cd213a decf532a49ce4b33a1fe4468097a2532 - - default default] http://[LB_IP_ADDRESS]:8776/v3/decf532a49ce4b33a1fe4468097a2532/volumes returned with HTTP 202
2023-03-27 03:03:21.410 22 INFO cinder.api.openstack.wsgi [None req-3a42ad5d-0ead-40a1-94cb-a568f8257a91 f858197f47d24cd381fd7ff386cd213a decf532a49ce4b33a1fe4468097a2532 - - default default] GET http://[LB_IP_ADDRESS]:8776/v3/decf532a49ce4b33a1fe4468097a2532/volumes/8d80ea55-c4fa-474d-989d-7100a13dad57
2023-03-27 03:03:21.433 19 INFO cinder.volume.api [None req-babcb25f-c371-4d06-935c-5def36711039 62d9b267149a42b982f5a53716238a49 5ebcd3cf17d74276a2000a1421da11d6 - - default default] Create volume request issued successfully.
2023-03-27 03:03:21.435 22 INFO cinder.volume.api [None req-3a42ad5d-0ead-40a1-94cb-a568f8257a91 f858197f47d24cd381fd7ff386cd213a decf532a49ce4b33a1fe4468097a2532 - - default default] Volume info retrieved successfully.
2023-03-27 03:03:21.435 19 INFO cinder.api.openstack.wsgi [None req-babcb25f-c371-4d06-935c-5def36711039 62d9b267149a42b982f5a53716238a49 5ebcd3cf17d74276a2000a1421da11d6 - - default default] http://[LB_IP_ADDRESS]:8776/v3/5ebcd3cf17d74276a2000a1421da11d6/volumes returned with HTTP 202
2023-03-27 03:03:21.443 22 INFO cinder.api.openstack.wsgi [None req-3a42ad5d-0ead-40a1-94cb-a568f8257a91 f858197f47d24cd381fd7ff386cd213a decf532a49ce4b33a1fe4468097a2532 - - default default] http://[LB_IP_ADDRESS]:8776/v3/decf532a49ce4b33a1fe4468097a2532/volumes/8d80ea55-c4fa-474d-989d-7100a13dad57 returned with HTTP 200
2023-03-27 03:03:21.457 23 INFO cinder.api.openstack.wsgi [None req-a6bc6726-3230-4587-8d51-40023f5a43a5 62d9b267149a42b982f5a53716238a49 5ebcd3cf17d74276a2000a1421da11d6 - - default default] POST http://[LB_IP_ADDRESS]:8776/v3/5ebcd3cf17d74276a2000a1421da11d6/volumes
2023-03-27 03:03:21.460 23 INFO cinder.api.v3.volumes [None req-a6bc6726-3230-4587-8d51-40023f5a43a5 62d9b267149a42b982f5a53716238a49 5ebcd3cf17d74276a2000a1421da11d6 - - default default] Create volume of 1 GB
2023-03-27 03:03:21.472 23 INFO cinder.volume.api [None req-a6bc6726-3230-4587-8d51-40023f5a43a5 62d9b267149a42b982f5a53716238a49 5ebcd3cf17d74276a2000a1421da11d6 - - default default] Availability Zones retrieved successfully.
2023-03-27 03:03:21.915 21 INFO cinder.volume.api [None req-f4a9ad84-96f4-41fd-b33e-b1cef790467b b51db47dd2714e87a8a75648662e3eb2 261bc4dae8884cc782e13588266d743a - - default default] Create volume request issued successfully.
2023-03-27 03:03:21.917 21 INFO cinder.api.openstack.wsgi [None req-f4a9ad84-96f4-41fd-b33e-b1cef790467b b51db47dd2714e87a8a75648662e3eb2 261bc4dae8884cc782e13588266d743a - - default default] http://[LB_IP_ADDRESS]:8776/v3/261bc4dae8884cc782e13588266d743a/volumes returned with HTTP 202
2023-03-27 03:03:21.941 20 INFO cinder.api.openstack.wsgi [None req-0cdbdd16-0437-488e-bde4-9e169feae12c b51db47dd2714e87a8a75648662e3eb2 261bc4dae8884cc782e13588266d743a - - default default] GET http://[LB_IP_ADDRESS]:8776/v3/261bc4dae8884cc782e13588266d743a/volumes/e8b7e36d-9a4f-4578-a2d5-3e0e05897c58
2023-03-27 03:03:21.973 20 INFO cinder.volume.api [None req-0cdbdd16-0437-488e-bde4-9e169feae12c b51db47dd2714e87a8a75648662e3eb2 261bc4dae8884cc782e13588266d743a - - default default] Volume info retrieved successfully.
2023-03-27 03:03:21.980 20 INFO cinder.api.openstack.wsgi [None req-0cdbdd16-0437-488e-bde4-9e169feae12c b51db47dd2714e87a8a75648662e3eb2 261bc4dae8884cc782e13588266d743a - - default default] http://[LB_IP_ADDRESS]:8776/v3/261bc4dae8884cc782e13588266d743a/volumes/e8b7e36d-9a4f-4578-a2d5-3e0e05897c58 returned with HTTP 200
2023-03-27 03:03:22.214 23 INFO cinder.volume.api [None req-a6bc6726-3230-4587-8d51-40023f5a43a5 62d9b267149a42b982f5a53716238a49 5ebcd3cf17d74276a2000a1421da11d6 - - default default] Create volume request issued successfully.
2023-03-27 03:03:22.215 23 INFO cinder.api.openstack.wsgi [None req-a6bc6726-3230-4587-8d51-40023f5a43a5 62d9b267149a42b982f5a53716238a49 5ebcd3cf17d74276a2000a1421da11d6 - - default default] http://[LB_IP_ADDRESS]:8776/v3/5ebcd3cf17d74276a2000a1421da11d6/volumes returned with HTTP 202
2023-03-27 03:03:22.236 19 INFO cinder.api.openstack.wsgi [None req-54ea14c0-a7f4-45cd-98c6-d4083291af15 62d9b267149a42b982f5a53716238a49 5ebcd3cf17d74276a2000a1421da11d6 - - default default] POST http://[LB_IP_ADDRESS]:8776/v3/5ebcd3cf17d74276a2000a1421da11d6/volumes
2023-03-27 03:03:22.240 19 INFO cinder.api.v3.volumes [None req-54ea14c0-a7f4-45cd-98c6-d4083291af15 62d9b267149a42b982f5a53716238a49 5ebcd3cf17d74276a2000a1421da11d6 - - default default] Create volume of 1 GB
2023-03-27 03:03:22.252 19 INFO cinder.volume.api [None req-54ea14c0-a7f4-45cd-98c6-d4083291af15 62d9b267149a42b982f5a53716238a49 5ebcd3cf17d74276a2000a1421da11d6 - - default default] Availability Zones retrieved successfully.
2023-03-27 03:03:22.463 22 INFO cinder.api.openstack.wsgi [None req-a7ac00f2-63c4-4e2f-9019-7e369335fbba f858197f47d24cd381fd7ff386cd213a decf532a49ce4b33a1fe4468097a2532 - - default default] GET http://[LB_IP_ADDRESS]:8776/v3/decf532a49ce4b33a1fe4468097a2532/volumes/8d80ea55-c4fa-474d-989d-7100a13dad57
2023-03-27 03:03:22.484 22 INFO cinder.volume.api [None req-a7ac00f2-63c4-4e2f-9019-7e369335fbba f858197f47d24cd381fd7ff386cd213a decf532a49ce4b33a1fe4468097a2532 - - default default] Volume info retrieved successfully.
2023-03-27 03:03:22.491 22 INFO cinder.api.openstack.wsgi [None req-a7ac00f2-63c4-4e2f-9019-7e369335fbba f858197f47d24cd381fd7ff386cd213a decf532a49ce4b33a1fe4468097a2532 - - default default] http://[LB_IP_ADDRESS]:8776/v3/decf532a49ce4b33a1fe4468097a2532/volumes/8d80ea55-c4fa-474d-989d-7100a13dad57 returned with HTTP 200
2023-03-27 03:03:22.519 21 INFO cinder.api.openstack.wsgi [None req-237847c3-55b3-4413-8adf-4954fcad5915 f858197f47d24cd381fd7ff386cd213a decf532a49ce4b33a1fe4468097a2532 - - default default] DELETE http://[LB_IP_ADDRESS]:8776/v3/decf532a49ce4b33a1fe4468097a2532/volumes/8d80ea55-c4fa-474d-989d-7100a13dad57
2023-03-27 03:03:22.520 21 INFO cinder.api.v3.volumes [None req-237847c3-55b3-4413-8adf-4954fcad5915 f858197f47d24cd381fd7ff386cd213a decf532a49ce4b33a1fe4468097a2532 - - default default] Delete volume with id: 8d80ea55-c4fa-474d-989d-7100a13dad57 
2023-03-27 03:03:22.539 21 INFO cinder.volume.api [None req-237847c3-55b3-4413-8adf-4954fcad5915 f858197f47d24cd381fd7ff386cd213a decf532a49ce4b33a1fe4468097a2532 - - default default] Volume info retrieved successfully.
2023-03-27 03:03:22.705 19 INFO cinder.volume.api [None req-54ea14c0-a7f4-45cd-98c6-d4083291af15 62d9b267149a42b982f5a53716238a49 5ebcd3cf17d74276a2000a1421da11d6 - - default default] Create volume request issued successfully.
2023-03-27 03:03:22.709 19 INFO cinder.api.openstack.wsgi [None req-54ea14c0-a7f4-45cd-98c6-d4083291af15 62d9b267149a42b982f5a53716238a49 5ebcd3cf17d74276a2000a1421da11d6 - - default default] http://[LB_IP_ADDRESS]:8776/v3/5ebcd3cf17d74276a2000a1421da11d6/volumes returned with HTTP 202
