2025-02-22 05:15:57.847 24 INFO cinder.api.v3.volumes [None req-05fde318-442c-4310-a71e-1be19ebfa61f 48a3e7a48be841c2a1071a40505d788b aa14ffad141f41fab984c854182f456b - - default default] Delete volume with id: 0c6d6214-7085-430c-a656-748324121650 
2025-02-22 05:15:57.858 24 INFO cinder.api.openstack.wsgi [None req-05fde318-442c-4310-a71e-1be19ebfa61f 48a3e7a48be841c2a1071a40505d788b aa14ffad141f41fab984c854182f456b - - default default] http://[LB_IP_ADDRESS]:8776/v3/aa14ffad141f41fab984c854182f456b/volumes/0c6d6214-7085-430c-a656-748324121650 returned with HTTP 404
2025-02-22 05:15:57.870 22 INFO cinder.api.openstack.wsgi [None req-1d427f25-20f8-46f8-8c2c-f59a49b47ba3 48a3e7a48be841c2a1071a40505d788b aa14ffad141f41fab984c854182f456b - - default default] POST http://[LB_IP_ADDRESS]:8776/v3/aa14ffad141f41fab984c854182f456b/volumes
2025-02-22 05:15:57.873 22 INFO cinder.api.v3.volumes [None req-1d427f25-20f8-46f8-8c2c-f59a49b47ba3 48a3e7a48be841c2a1071a40505d788b aa14ffad141f41fab984c854182f456b - - default default] Create volume of 1 GB
2025-02-22 05:15:57.879 22 INFO cinder.volume.api [None req-1d427f25-20f8-46f8-8c2c-f59a49b47ba3 48a3e7a48be841c2a1071a40505d788b aa14ffad141f41fab984c854182f456b - - default default] Availability Zones retrieved successfully.
2025-02-22 05:15:58.054 22 INFO cinder.volume.api [None req-1d427f25-20f8-46f8-8c2c-f59a49b47ba3 48a3e7a48be841c2a1071a40505d788b aa14ffad141f41fab984c854182f456b - - default default] Create volume request issued successfully.
2025-02-22 05:15:58.056 22 INFO cinder.api.openstack.wsgi [None req-1d427f25-20f8-46f8-8c2c-f59a49b47ba3 48a3e7a48be841c2a1071a40505d788b aa14ffad141f41fab984c854182f456b - - default default] http://[LB_IP_ADDRESS]:8776/v3/aa14ffad141f41fab984c854182f456b/volumes returned with HTTP 202
2025-02-22 05:15:58.080 25 INFO cinder.api.openstack.wsgi [None req-9004271a-7c5d-4a01-9ef3-2c2496305b5d 48a3e7a48be841c2a1071a40505d788b aa14ffad141f41fab984c854182f456b - - default default] GET http://[LB_IP_ADDRESS]:8776/v3/aa14ffad141f41fab984c854182f456b/volumes/2ff83cd7-18f7-4703-9964-3bae3e9abefa
2025-02-22 05:15:58.102 25 INFO cinder.volume.api [None req-9004271a-7c5d-4a01-9ef3-2c2496305b5d 48a3e7a48be841c2a1071a40505d788b aa14ffad141f41fab984c854182f456b - - default default] Volume info retrieved successfully.
2025-02-22 05:15:58.109 25 INFO cinder.api.openstack.wsgi [None req-9004271a-7c5d-4a01-9ef3-2c2496305b5d 48a3e7a48be841c2a1071a40505d788b aa14ffad141f41fab984c854182f456b - - default default] http://[LB_IP_ADDRESS]:8776/v3/aa14ffad141f41fab984c854182f456b/volumes/2ff83cd7-18f7-4703-9964-3bae3e9abefa returned with HTTP 200
2025-02-22 05:15:58.990 21 INFO cinder.api.openstack.wsgi [None req-956db7ae-c9cd-4e21-af32-8fed81794d8d f7755e2042e44dce9f22b4b228d06376 e96b80ddb95841558e6c7f51dff885f8 - - default default] POST http://[LB_IP_ADDRESS]:8776/v3/e96b80ddb95841558e6c7f51dff885f8/types
2025-02-22 05:15:59.019 21 INFO cinder.api.openstack.wsgi [None req-956db7ae-c9cd-4e21-af32-8fed81794d8d f7755e2042e44dce9f22b4b228d06376 e96b80ddb95841558e6c7f51dff885f8 - - default default] http://[LB_IP_ADDRESS]:8776/v3/e96b80ddb95841558e6c7f51dff885f8/types returned with HTTP 200
2025-02-22 05:15:59.033 23 INFO cinder.api.openstack.wsgi [None req-b4076870-21d0-45a1-8d9c-b6ac9d6f4cfd f7755e2042e44dce9f22b4b228d06376 e96b80ddb95841558e6c7f51dff885f8 - - default default] POST http://[LB_IP_ADDRESS]:8776/v3/e96b80ddb95841558e6c7f51dff885f8/group_types
2025-02-22 05:15:59.056 23 INFO cinder.api.openstack.wsgi [None req-b4076870-21d0-45a1-8d9c-b6ac9d6f4cfd f7755e2042e44dce9f22b4b228d06376 e96b80ddb95841558e6c7f51dff885f8 - - default default] http://[LB_IP_ADDRESS]:8776/v3/e96b80ddb95841558e6c7f51dff885f8/group_types returned with HTTP 202
2025-02-22 05:15:59.135 22 INFO cinder.api.openstack.wsgi [None req-b8a8cde6-ee63-4dd8-8c5e-7537fc472037 48a3e7a48be841c2a1071a40505d788b aa14ffad141f41fab984c854182f456b - - default default] GET http://[LB_IP_ADDRESS]:8776/v3/aa14ffad141f41fab984c854182f456b/volumes/2ff83cd7-18f7-4703-9964-3bae3e9abefa
2025-02-22 05:15:59.154 22 INFO cinder.volume.api [None req-b8a8cde6-ee63-4dd8-8c5e-7537fc472037 48a3e7a48be841c2a1071a40505d788b aa14ffad141f41fab984c854182f456b - - default default] Volume info retrieved successfully.
2025-02-22 05:15:59.160 22 INFO cinder.api.openstack.wsgi [None req-b8a8cde6-ee63-4dd8-8c5e-7537fc472037 48a3e7a48be841c2a1071a40505d788b aa14ffad141f41fab984c854182f456b - - default default] http://[LB_IP_ADDRESS]:8776/v3/aa14ffad141f41fab984c854182f456b/volumes/2ff83cd7-18f7-4703-9964-3bae3e9abefa returned with HTTP 200
2025-02-22 05:15:59.175 24 INFO cinder.api.openstack.wsgi [None req-daecd37f-2b88-4183-afa8-7285ba3dfb17 b8780c42f48b43e5b0295d4ea9f20ca3 f4e8c4fbe8e24060ae46b9d634527089 - - default default] POST http://[LB_IP_ADDRESS]:8776/v3/f4e8c4fbe8e24060ae46b9d634527089/groups
2025-02-22 05:15:59.185 24 INFO cinder.api.v3.groups [None req-daecd37f-2b88-4183-afa8-7285ba3dfb17 b8780c42f48b43e5b0295d4ea9f20ca3 f4e8c4fbe8e24060ae46b9d634527089 - - default default] Creating group tempest-GroupsV314Test-Group-813995989.
2025-02-22 05:15:59.194 24 INFO cinder.volume.api [None req-daecd37f-2b88-4183-afa8-7285ba3dfb17 b8780c42f48b43e5b0295d4ea9f20ca3 f4e8c4fbe8e24060ae46b9d634527089 - - default default] Availability Zones retrieved successfully.
2025-02-22 05:15:59.275 24 INFO cinder.api.openstack.wsgi [None req-daecd37f-2b88-4183-afa8-7285ba3dfb17 b8780c42f48b43e5b0295d4ea9f20ca3 f4e8c4fbe8e24060ae46b9d634527089 - - default default] http://[LB_IP_ADDRESS]:8776/v3/f4e8c4fbe8e24060ae46b9d634527089/groups returned with HTTP 202
2025-02-22 05:15:59.289 25 INFO cinder.api.openstack.wsgi [None req-cc1a6df9-2619-4253-9a29-7f3f4206f272 b8780c42f48b43e5b0295d4ea9f20ca3 f4e8c4fbe8e24060ae46b9d634527089 - - default default] GET http://[LB_IP_ADDRESS]:8776/v3/f4e8c4fbe8e24060ae46b9d634527089/groups/4f456ed5-0386-442a-ba56-68628d6ed8ae
2025-02-22 05:15:59.313 25 INFO cinder.api.openstack.wsgi [None req-cc1a6df9-2619-4253-9a29-7f3f4206f272 b8780c42f48b43e5b0295d4ea9f20ca3 f4e8c4fbe8e24060ae46b9d634527089 - - default default] http://[LB_IP_ADDRESS]:8776/v3/f4e8c4fbe8e24060ae46b9d634527089/groups/4f456ed5-0386-442a-ba56-68628d6ed8ae returned with HTTP 200
2025-02-22 05:16:00.186 23 INFO cinder.api.openstack.wsgi [None req-3bc830c5-2687-4c9d-b9ec-5e7c36ac8fa7 48a3e7a48be841c2a1071a40505d788b aa14ffad141f41fab984c854182f456b - - default default] GET http://[LB_IP_ADDRESS]:8776/v3/aa14ffad141f41fab984c854182f456b/volumes/2ff83cd7-18f7-4703-9964-3bae3e9abefa
2025-02-22 05:16:00.204 23 INFO cinder.volume.api [None req-3bc830c5-2687-4c9d-b9ec-5e7c36ac8fa7 48a3e7a48be841c2a1071a40505d788b aa14ffad141f41fab984c854182f456b - - default default] Volume info retrieved successfully.
2025-02-22 05:16:00.210 23 INFO cinder.api.openstack.wsgi [None req-3bc830c5-2687-4c9d-b9ec-5e7c36ac8fa7 48a3e7a48be841c2a1071a40505d788b aa14ffad141f41fab984c854182f456b - - default default] http://[LB_IP_ADDRESS]:8776/v3/aa14ffad141f41fab984c854182f456b/volumes/2ff83cd7-18f7-4703-9964-3bae3e9abefa returned with HTTP 200
2025-02-22 05:16:00.239 22 INFO cinder.api.openstack.wsgi [None req-d36420f6-812f-48e9-9e55-8faa59fcc03d aff8d38f9b4845c5ac8b32ed6627d42f ecd6ce8f446644f89c0139af9f228621 - - default default] GET http://[LB_IP_ADDRESS]:8776/v3/ecd6ce8f446644f89c0139af9f228621/os-quota-sets/aa14ffad141f41fab984c854182f456b?usage=True
2025-02-22 05:16:00.282 21 INFO cinder.api.openstack.wsgi [None req-995527f3-d22d-4d6b-b870-2916a01f0d64 a95d7cd20ab54332a489b9b7e79b9b57 3ece0371b9574316abd4fe5b254fe361 - - default default] POST http://[LB_IP_ADDRESS]:8776/v3/3ece0371b9574316abd4fe5b254fe361/types
2025-02-22 05:16:00.294 22 WARNING cinder.quota [None req-d36420f6-812f-48e9-9e55-8faa59fcc03d aff8d38f9b4845c5ac8b32ed6627d42f ecd6ce8f446644f89c0139af9f228621 - - default default] Deprecated: Default quota for resource: volumes_tempest-GroupsV314Test-volume-type-1020794192 is set by the default quota flag: quota_volumes_tempest-GroupsV314Test-volume-type-1020794192, it is now deprecated. Please use the default quota class for default quota.
2025-02-22 05:16:00.295 22 WARNING cinder.quota [None req-d36420f6-812f-48e9-9e55-8faa59fcc03d aff8d38f9b4845c5ac8b32ed6627d42f ecd6ce8f446644f89c0139af9f228621 - - default default] Deprecated: Default quota for resource: gigabytes_tempest-GroupsV314Test-volume-type-1020794192 is set by the default quota flag: quota_gigabytes_tempest-GroupsV314Test-volume-type-1020794192, it is now deprecated. Please use the default quota class for default quota.
2025-02-22 05:16:00.295 22 WARNING cinder.quota [None req-d36420f6-812f-48e9-9e55-8faa59fcc03d aff8d38f9b4845c5ac8b32ed6627d42f ecd6ce8f446644f89c0139af9f228621 - - default default] Deprecated: Default quota for resource: snapshots_tempest-GroupsV314Test-volume-type-1020794192 is set by the default quota flag: quota_snapshots_tempest-GroupsV314Test-volume-type-1020794192, it is now deprecated. Please use the default quota class for default quota.
2025-02-22 05:16:00.304 21 INFO cinder.api.openstack.wsgi [None req-995527f3-d22d-4d6b-b870-2916a01f0d64 a95d7cd20ab54332a489b9b7e79b9b57 3ece0371b9574316abd4fe5b254fe361 - - default default] http://[LB_IP_ADDRESS]:8776/v3/3ece0371b9574316abd4fe5b254fe361/types returned with HTTP 200
2025-02-22 05:16:00.316 24 INFO cinder.api.openstack.wsgi [None req-19fd46c9-d2a6-4999-80c2-4b2a414ffc2b a95d7cd20ab54332a489b9b7e79b9b57 3ece0371b9574316abd4fe5b254fe361 - - default default] POST http://[LB_IP_ADDRESS]:8776/v3/3ece0371b9574316abd4fe5b254fe361/types
2025-02-22 05:16:00.329 25 INFO cinder.api.openstack.wsgi [None req-03a125e6-e05e-4ef2-a761-11576c744658 b8780c42f48b43e5b0295d4ea9f20ca3 f4e8c4fbe8e24060ae46b9d634527089 - - default default] GET http://[LB_IP_ADDRESS]:8776/v3/f4e8c4fbe8e24060ae46b9d634527089/groups/4f456ed5-0386-442a-ba56-68628d6ed8ae
2025-02-22 05:16:00.337 22 INFO cinder.api.openstack.wsgi [None req-d36420f6-812f-48e9-9e55-8faa59fcc03d aff8d38f9b4845c5ac8b32ed6627d42f ecd6ce8f446644f89c0139af9f228621 - - default default] http://[LB_IP_ADDRESS]:8776/v3/ecd6ce8f446644f89c0139af9f228621/os-quota-sets/aa14ffad141f41fab984c854182f456b?usage=True returned with HTTP 200
2025-02-22 05:16:00.339 24 INFO cinder.api.openstack.wsgi [None req-19fd46c9-d2a6-4999-80c2-4b2a414ffc2b a95d7cd20ab54332a489b9b7e79b9b57 3ece0371b9574316abd4fe5b254fe361 - - default default] http://[LB_IP_ADDRESS]:8776/v3/3ece0371b9574316abd4fe5b254fe361/types returned with HTTP 200
2025-02-22 05:16:00.347 25 INFO cinder.api.openstack.wsgi [None req-03a125e6-e05e-4ef2-a761-11576c744658 b8780c42f48b43e5b0295d4ea9f20ca3 f4e8c4fbe8e24060ae46b9d634527089 - - default default] http://[LB_IP_ADDRESS]:8776/v3/f4e8c4fbe8e24060ae46b9d634527089/groups/4f456ed5-0386-442a-ba56-68628d6ed8ae returned with HTTP 200
2025-02-22 05:16:00.360 21 INFO cinder.api.openstack.wsgi [None req-6a58dce8-9673-4fec-9918-b3470585da96 aff8d38f9b4845c5ac8b32ed6627d42f ecd6ce8f446644f89c0139af9f228621 - - default default] GET http://[LB_IP_ADDRESS]:8776/v3/ecd6ce8f446644f89c0139af9f228621/os-quota-sets/a2b2381c74e94562914955eb78c8e7e7?usage=True
2025-02-22 05:16:00.361 22 INFO cinder.api.openstack.wsgi [None req-28025e22-c710-4ecc-ae48-6ee32db695bf b8780c42f48b43e5b0295d4ea9f20ca3 f4e8c4fbe8e24060ae46b9d634527089 - - default default] POST http://[LB_IP_ADDRESS]:8776/v3/f4e8c4fbe8e24060ae46b9d634527089/volumes
2025-02-22 05:16:00.373 22 INFO cinder.api.v3.volumes [None req-28025e22-c710-4ecc-ae48-6ee32db695bf b8780c42f48b43e5b0295d4ea9f20ca3 f4e8c4fbe8e24060ae46b9d634527089 - - default default] Create volume of 1 GB
2025-02-22 05:16:00.380 22 INFO cinder.volume.api [None req-28025e22-c710-4ecc-ae48-6ee32db695bf b8780c42f48b43e5b0295d4ea9f20ca3 f4e8c4fbe8e24060ae46b9d634527089 - - default default] Availability Zones retrieved successfully.
2025-02-22 05:16:00.408 21 WARNING cinder.quota [None req-6a58dce8-9673-4fec-9918-b3470585da96 aff8d38f9b4845c5ac8b32ed6627d42f ecd6ce8f446644f89c0139af9f228621 - - default default] Deprecated: Default quota for resource: volumes_tempest-GroupsV314Test-volume-type-1020794192 is set by the default quota flag: quota_volumes_tempest-GroupsV314Test-volume-type-1020794192, it is now deprecated. Please use the default quota class for default quota.
2025-02-22 05:16:00.409 21 WARNING cinder.quota [None req-6a58dce8-9673-4fec-9918-b3470585da96 aff8d38f9b4845c5ac8b32ed6627d42f ecd6ce8f446644f89c0139af9f228621 - - default default] Deprecated: Default quota for resource: gigabytes_tempest-GroupsV314Test-volume-type-1020794192 is set by the default quota flag: quota_gigabytes_tempest-GroupsV314Test-volume-type-1020794192, it is now deprecated. Please use the default quota class for default quota.
2025-02-22 05:16:00.409 21 WARNING cinder.quota [None req-6a58dce8-9673-4fec-9918-b3470585da96 aff8d38f9b4845c5ac8b32ed6627d42f ecd6ce8f446644f89c0139af9f228621 - - default default] Deprecated: Default quota for resource: snapshots_tempest-GroupsV314Test-volume-type-1020794192 is set by the default quota flag: quota_snapshots_tempest-GroupsV314Test-volume-type-1020794192, it is now deprecated. Please use the default quota class for default quota.
2025-02-22 05:16:00.448 21 INFO cinder.api.openstack.wsgi [None req-6a58dce8-9673-4fec-9918-b3470585da96 aff8d38f9b4845c5ac8b32ed6627d42f ecd6ce8f446644f89c0139af9f228621 - - default default] http://[LB_IP_ADDRESS]:8776/v3/ecd6ce8f446644f89c0139af9f228621/os-quota-sets/a2b2381c74e94562914955eb78c8e7e7?usage=True returned with HTTP 200
2025-02-22 05:16:00.472 24 INFO cinder.api.openstack.wsgi [None req-ff77f1fc-1c7a-48fa-8624-be3dfc2e1ce5 48a3e7a48be841c2a1071a40505d788b aa14ffad141f41fab984c854182f456b - - default default] POST http://[LB_IP_ADDRESS]:8776/v3/aa14ffad141f41fab984c854182f456b/os-volume-transfer
2025-02-22 05:16:00.476 24 INFO cinder.api.contrib.volume_transfer [None req-ff77f1fc-1c7a-48fa-8624-be3dfc2e1ce5 48a3e7a48be841c2a1071a40505d788b aa14ffad141f41fab984c854182f456b - - default default] Creating transfer of volume 2ff83cd7-18f7-4703-9964-3bae3e9abefa
2025-02-22 05:16:00.476 24 INFO cinder.transfer.api [None req-ff77f1fc-1c7a-48fa-8624-be3dfc2e1ce5 48a3e7a48be841c2a1071a40505d788b aa14ffad141f41fab984c854182f456b - - default default] Generating transfer record for volume 2ff83cd7-18f7-4703-9964-3bae3e9abefa
2025-02-22 05:16:00.499 24 INFO cinder.api.openstack.wsgi [None req-ff77f1fc-1c7a-48fa-8624-be3dfc2e1ce5 48a3e7a48be841c2a1071a40505d788b aa14ffad141f41fab984c854182f456b - - default default] http://[LB_IP_ADDRESS]:8776/v3/aa14ffad141f41fab984c854182f456b/os-volume-transfer returned with HTTP 202
2025-02-22 05:16:00.511 23 INFO cinder.api.openstack.wsgi [None req-82e8e500-6889-4523-a941-62f5ed737476 34bcd774a61c4b9b9662dd28be88dcfa b27befff82884c538666ce989255f13d - - default default] POST http://[LB_IP_ADDRESS]:8776/v3/b27befff82884c538666ce989255f13d/volumes
2025-02-22 05:16:00.522 23 INFO cinder.api.v3.volumes [None req-82e8e500-6889-4523-a941-62f5ed737476 34bcd774a61c4b9b9662dd28be88dcfa b27befff82884c538666ce989255f13d - - default default] Create volume of 1 GB
2025-02-22 05:16:00.523 23 INFO cinder.volume.api [None req-82e8e500-6889-4523-a941-62f5ed737476 34bcd774a61c4b9b9662dd28be88dcfa b27befff82884c538666ce989255f13d - - default default] Availability Zones retrieved successfully.
2025-02-22 05:16:00.594 22 INFO cinder.volume.api [None req-28025e22-c710-4ecc-ae48-6ee32db695bf b8780c42f48b43e5b0295d4ea9f20ca3 f4e8c4fbe8e24060ae46b9d634527089 - - default default] Create volume request issued successfully.
2025-02-22 05:16:00.611 22 INFO cinder.api.openstack.wsgi [None req-28025e22-c710-4ecc-ae48-6ee32db695bf b8780c42f48b43e5b0295d4ea9f20ca3 f4e8c4fbe8e24060ae46b9d634527089 - - default default] http://[LB_IP_ADDRESS]:8776/v3/f4e8c4fbe8e24060ae46b9d634527089/volumes returned with HTTP 202
2025-02-22 05:16:00.626 25 INFO cinder.api.openstack.wsgi [None req-5a15902c-8f2a-4a67-871b-3de68c02847e fe4aaac101b545afa26627afbe152d73 a2b2381c74e94562914955eb78c8e7e7 - - default default] POST http://[LB_IP_ADDRESS]:8776/v3/a2b2381c74e94562914955eb78c8e7e7/os-volume-transfer/048a19e4-e316-4aa8-b6dc-c2942fc53f8c/accept
2025-02-22 05:16:00.632 25 INFO cinder.api.contrib.volume_transfer [None req-5a15902c-8f2a-4a67-871b-3de68c02847e fe4aaac101b545afa26627afbe152d73 a2b2381c74e94562914955eb78c8e7e7 - - default default] Accepting transfer 048a19e4-e316-4aa8-b6dc-c2942fc53f8c
2025-02-22 05:16:00.634 21 INFO cinder.api.openstack.wsgi [None req-1a188033-2f06-47cf-851d-05ef56d65915 b8780c42f48b43e5b0295d4ea9f20ca3 f4e8c4fbe8e24060ae46b9d634527089 - - default default] GET http://[LB_IP_ADDRESS]:8776/v3/f4e8c4fbe8e24060ae46b9d634527089/volumes/cedd8f00-daee-49a6-b769-a87540f8f363
2025-02-22 05:16:00.657 21 INFO cinder.volume.api [None req-1a188033-2f06-47cf-851d-05ef56d65915 b8780c42f48b43e5b0295d4ea9f20ca3 f4e8c4fbe8e24060ae46b9d634527089 - - default default] Volume info retrieved successfully.
2025-02-22 05:16:00.681 21 INFO cinder.api.openstack.wsgi [None req-1a188033-2f06-47cf-851d-05ef56d65915 b8780c42f48b43e5b0295d4ea9f20ca3 f4e8c4fbe8e24060ae46b9d634527089 - - default default] http://[LB_IP_ADDRESS]:8776/v3/f4e8c4fbe8e24060ae46b9d634527089/volumes/cedd8f00-daee-49a6-b769-a87540f8f363 returned with HTTP 200
2025-02-22 05:16:00.739 23 INFO cinder.volume.api [None req-82e8e500-6889-4523-a941-62f5ed737476 34bcd774a61c4b9b9662dd28be88dcfa b27befff82884c538666ce989255f13d - - default default] Create volume request issued successfully.
2025-02-22 05:16:00.746 23 INFO cinder.api.openstack.wsgi [None req-82e8e500-6889-4523-a941-62f5ed737476 34bcd774a61c4b9b9662dd28be88dcfa b27befff82884c538666ce989255f13d - - default default] http://[LB_IP_ADDRESS]:8776/v3/b27befff82884c538666ce989255f13d/volumes returned with HTTP 202
2025-02-22 05:16:00.770 24 INFO cinder.api.openstack.wsgi [None req-5e65ec68-240b-4e12-998b-809c4b13cf5f 34bcd774a61c4b9b9662dd28be88dcfa b27befff82884c538666ce989255f13d - - default default] GET http://[LB_IP_ADDRESS]:8776/v3/b27befff82884c538666ce989255f13d/volumes/9fea5cd5-17f4-4ff0-be6c-4fa110b8cf9a
2025-02-22 05:16:00.789 24 INFO cinder.volume.api [None req-5e65ec68-240b-4e12-998b-809c4b13cf5f 34bcd774a61c4b9b9662dd28be88dcfa b27befff82884c538666ce989255f13d - - default default] Volume info retrieved successfully.
2025-02-22 05:16:00.795 24 INFO cinder.api.openstack.wsgi [None req-5e65ec68-240b-4e12-998b-809c4b13cf5f 34bcd774a61c4b9b9662dd28be88dcfa b27befff82884c538666ce989255f13d - - default default] http://[LB_IP_ADDRESS]:8776/v3/b27befff82884c538666ce989255f13d/volumes/9fea5cd5-17f4-4ff0-be6c-4fa110b8cf9a returned with HTTP 200
2025-02-22 05:16:01.487 25 INFO cinder.volume.api [None req-5a15902c-8f2a-4a67-871b-3de68c02847e fe4aaac101b545afa26627afbe152d73 a2b2381c74e94562914955eb78c8e7e7 - - default default] Transfer volume completed successfully.
2025-02-22 05:16:01.579 25 INFO cinder.transfer.api [None req-5a15902c-8f2a-4a67-871b-3de68c02847e fe4aaac101b545afa26627afbe152d73 a2b2381c74e94562914955eb78c8e7e7 - - default default] Volume 2ff83cd7-18f7-4703-9964-3bae3e9abefa has been transferred.
2025-02-22 05:16:01.592 25 INFO cinder.api.openstack.wsgi [None req-5a15902c-8f2a-4a67-871b-3de68c02847e fe4aaac101b545afa26627afbe152d73 a2b2381c74e94562914955eb78c8e7e7 - - default default] http://[LB_IP_ADDRESS]:8776/v3/a2b2381c74e94562914955eb78c8e7e7/os-volume-transfer/048a19e4-e316-4aa8-b6dc-c2942fc53f8c/accept returned with HTTP 202
2025-02-22 05:16:01.605 22 INFO cinder.api.openstack.wsgi [None req-eccb2ccd-89c1-4eda-9194-c267c09eeebc fe4aaac101b545afa26627afbe152d73 a2b2381c74e94562914955eb78c8e7e7 - - default default] GET http://[LB_IP_ADDRESS]:8776/v3/a2b2381c74e94562914955eb78c8e7e7/volumes/2ff83cd7-18f7-4703-9964-3bae3e9abefa
2025-02-22 05:16:01.628 22 INFO cinder.volume.api [None req-eccb2ccd-89c1-4eda-9194-c267c09eeebc fe4aaac101b545afa26627afbe152d73 a2b2381c74e94562914955eb78c8e7e7 - - default default] Volume info retrieved successfully.
2025-02-22 05:16:01.637 22 INFO cinder.api.openstack.wsgi [None req-eccb2ccd-89c1-4eda-9194-c267c09eeebc fe4aaac101b545afa26627afbe152d73 a2b2381c74e94562914955eb78c8e7e7 - - default default] http://[LB_IP_ADDRESS]:8776/v3/a2b2381c74e94562914955eb78c8e7e7/volumes/2ff83cd7-18f7-4703-9964-3bae3e9abefa returned with HTTP 200
2025-02-22 05:16:01.666 21 INFO cinder.api.openstack.wsgi [None req-85992f1a-2330-4c30-bab5-254da2f14a75 aff8d38f9b4845c5ac8b32ed6627d42f ecd6ce8f446644f89c0139af9f228621 - - default default] GET http://[LB_IP_ADDRESS]:8776/v3/ecd6ce8f446644f89c0139af9f228621/os-quota-sets/aa14ffad141f41fab984c854182f456b?usage=True
2025-02-22 05:16:01.713 23 INFO cinder.api.openstack.wsgi [None req-0356403c-895f-4f8a-b247-e1215f6a2cd6 b8780c42f48b43e5b0295d4ea9f20ca3 f4e8c4fbe8e24060ae46b9d634527089 - - default default] GET http://[LB_IP_ADDRESS]:8776/v3/f4e8c4fbe8e24060ae46b9d634527089/volumes/cedd8f00-daee-49a6-b769-a87540f8f363
2025-02-22 05:16:01.746 23 INFO cinder.volume.api [None req-0356403c-895f-4f8a-b247-e1215f6a2cd6 b8780c42f48b43e5b0295d4ea9f20ca3 f4e8c4fbe8e24060ae46b9d634527089 - - default default] Volume info retrieved successfully.
2025-02-22 05:16:01.772 23 INFO cinder.api.openstack.wsgi [None req-0356403c-895f-4f8a-b247-e1215f6a2cd6 b8780c42f48b43e5b0295d4ea9f20ca3 f4e8c4fbe8e24060ae46b9d634527089 - - default default] http://[LB_IP_ADDRESS]:8776/v3/f4e8c4fbe8e24060ae46b9d634527089/volumes/cedd8f00-daee-49a6-b769-a87540f8f363 returned with HTTP 200
2025-02-22 05:16:01.781 21 INFO cinder.api.openstack.wsgi [None req-85992f1a-2330-4c30-bab5-254da2f14a75 aff8d38f9b4845c5ac8b32ed6627d42f ecd6ce8f446644f89c0139af9f228621 - - default default] http://[LB_IP_ADDRESS]:8776/v3/ecd6ce8f446644f89c0139af9f228621/os-quota-sets/aa14ffad141f41fab984c854182f456b?usage=True returned with HTTP 200
2025-02-22 05:16:01.806 24 INFO cinder.api.openstack.wsgi [None req-16038fd6-ccab-444d-b203-d3c1c907cbe9 aff8d38f9b4845c5ac8b32ed6627d42f ecd6ce8f446644f89c0139af9f228621 - - default default] GET http://[LB_IP_ADDRESS]:8776/v3/ecd6ce8f446644f89c0139af9f228621/os-quota-sets/a2b2381c74e94562914955eb78c8e7e7?usage=True
2025-02-22 05:16:01.822 25 INFO cinder.api.openstack.wsgi [None req-082898be-51be-4ffe-8e0f-99eaefcf86ad 34bcd774a61c4b9b9662dd28be88dcfa b27befff82884c538666ce989255f13d - - default default] GET http://[LB_IP_ADDRESS]:8776/v3/b27befff82884c538666ce989255f13d/volumes/9fea5cd5-17f4-4ff0-be6c-4fa110b8cf9a
2025-02-22 05:16:01.840 25 INFO cinder.volume.api [None req-082898be-51be-4ffe-8e0f-99eaefcf86ad 34bcd774a61c4b9b9662dd28be88dcfa b27befff82884c538666ce989255f13d - - default default] Volume info retrieved successfully.
2025-02-22 05:16:01.847 25 INFO cinder.api.openstack.wsgi [None req-082898be-51be-4ffe-8e0f-99eaefcf86ad 34bcd774a61c4b9b9662dd28be88dcfa b27befff82884c538666ce989255f13d - - default default] http://[LB_IP_ADDRESS]:8776/v3/b27befff82884c538666ce989255f13d/volumes/9fea5cd5-17f4-4ff0-be6c-4fa110b8cf9a returned with HTTP 200
2025-02-22 05:16:01.876 24 WARNING cinder.quota [None req-16038fd6-ccab-444d-b203-d3c1c907cbe9 aff8d38f9b4845c5ac8b32ed6627d42f ecd6ce8f446644f89c0139af9f228621 - - default default] Deprecated: Default quota for resource: volumes_tempest-GroupsV314Test-volume-type-1020794192 is set by the default quota flag: quota_volumes_tempest-GroupsV314Test-volume-type-1020794192, it is now deprecated. Please use the default quota class for default quota.
2025-02-22 05:16:01.878 24 WARNING cinder.quota [None req-16038fd6-ccab-444d-b203-d3c1c907cbe9 aff8d38f9b4845c5ac8b32ed6627d42f ecd6ce8f446644f89c0139af9f228621 - - default default] Deprecated: Default quota for resource: gigabytes_tempest-GroupsV314Test-volume-type-1020794192 is set by the default quota flag: quota_gigabytes_tempest-GroupsV314Test-volume-type-1020794192, it is now deprecated. Please use the default quota class for default quota.
2025-02-22 05:16:01.878 24 WARNING cinder.quota [None req-16038fd6-ccab-444d-b203-d3c1c907cbe9 aff8d38f9b4845c5ac8b32ed6627d42f ecd6ce8f446644f89c0139af9f228621 - - default default] Deprecated: Default quota for resource: snapshots_tempest-GroupsV314Test-volume-type-1020794192 is set by the default quota flag: quota_snapshots_tempest-GroupsV314Test-volume-type-1020794192, it is now deprecated. Please use the default quota class for default quota.
2025-02-22 05:16:01.922 24 INFO cinder.api.openstack.wsgi [None req-16038fd6-ccab-444d-b203-d3c1c907cbe9 aff8d38f9b4845c5ac8b32ed6627d42f ecd6ce8f446644f89c0139af9f228621 - - default default] http://[LB_IP_ADDRESS]:8776/v3/ecd6ce8f446644f89c0139af9f228621/os-quota-sets/a2b2381c74e94562914955eb78c8e7e7?usage=True returned with HTTP 200
2025-02-22 05:16:01.944 22 INFO cinder.api.openstack.wsgi [None req-b4573175-db6f-4c60-b0a9-851df515c3bf aff8d38f9b4845c5ac8b32ed6627d42f ecd6ce8f446644f89c0139af9f228621 - - default default] DELETE http://[LB_IP_ADDRESS]:8776/v3/ecd6ce8f446644f89c0139af9f228621/volumes/2ff83cd7-18f7-4703-9964-3bae3e9abefa
2025-02-22 05:16:01.945 22 INFO cinder.api.v3.volumes [None req-b4573175-db6f-4c60-b0a9-851df515c3bf aff8d38f9b4845c5ac8b32ed6627d42f ecd6ce8f446644f89c0139af9f228621 - - default default] Delete volume with id: 2ff83cd7-18f7-4703-9964-3bae3e9abefa 
2025-02-22 05:16:01.960 22 INFO cinder.volume.api [None req-b4573175-db6f-4c60-b0a9-851df515c3bf aff8d38f9b4845c5ac8b32ed6627d42f ecd6ce8f446644f89c0139af9f228621 - - default default] Volume info retrieved successfully.
2025-02-22 05:16:01.987 22 INFO cinder.volume.api [None req-b4573175-db6f-4c60-b0a9-851df515c3bf aff8d38f9b4845c5ac8b32ed6627d42f ecd6ce8f446644f89c0139af9f228621 - - default default] Delete volume request issued successfully.
2025-02-22 05:16:01.987 22 INFO cinder.api.openstack.wsgi [None req-b4573175-db6f-4c60-b0a9-851df515c3bf aff8d38f9b4845c5ac8b32ed6627d42f ecd6ce8f446644f89c0139af9f228621 - - default default] http://[LB_IP_ADDRESS]:8776/v3/ecd6ce8f446644f89c0139af9f228621/volumes/2ff83cd7-18f7-4703-9964-3bae3e9abefa returned with HTTP 202
2025-02-22 05:16:01.999 23 INFO cinder.api.openstack.wsgi [None req-86171684-821d-48c3-8854-2d0c5414a6d7 aff8d38f9b4845c5ac8b32ed6627d42f ecd6ce8f446644f89c0139af9f228621 - - default default] GET http://[LB_IP_ADDRESS]:8776/v3/ecd6ce8f446644f89c0139af9f228621/volumes/2ff83cd7-18f7-4703-9964-3bae3e9abefa
2025-02-22 05:16:02.022 23 INFO cinder.volume.api [None req-86171684-821d-48c3-8854-2d0c5414a6d7 aff8d38f9b4845c5ac8b32ed6627d42f ecd6ce8f446644f89c0139af9f228621 - - default default] Volume info retrieved successfully.
2025-02-22 05:16:02.031 23 INFO cinder.api.openstack.wsgi [None req-86171684-821d-48c3-8854-2d0c5414a6d7 aff8d38f9b4845c5ac8b32ed6627d42f ecd6ce8f446644f89c0139af9f228621 - - default default] http://[LB_IP_ADDRESS]:8776/v3/ecd6ce8f446644f89c0139af9f228621/volumes/2ff83cd7-18f7-4703-9964-3bae3e9abefa returned with HTTP 200
2025-02-22 05:16:02.810 21 INFO cinder.api.openstack.wsgi [None req-7a394cfa-8c0a-491e-8900-4ce9803304f9 b8780c42f48b43e5b0295d4ea9f20ca3 f4e8c4fbe8e24060ae46b9d634527089 - - default default] GET http://[LB_IP_ADDRESS]:8776/v3/f4e8c4fbe8e24060ae46b9d634527089/volumes/cedd8f00-daee-49a6-b769-a87540f8f363
2025-02-22 05:16:02.848 21 INFO cinder.volume.api [None req-7a394cfa-8c0a-491e-8900-4ce9803304f9 b8780c42f48b43e5b0295d4ea9f20ca3 f4e8c4fbe8e24060ae46b9d634527089 - - default default] Volume info retrieved successfully.
2025-02-22 05:16:02.874 25 INFO cinder.api.openstack.wsgi [None req-6d621d20-66b8-4132-908b-d36cca5f044c 34bcd774a61c4b9b9662dd28be88dcfa b27befff82884c538666ce989255f13d - - default default] GET http://[LB_IP_ADDRESS]:8776/v3/b27befff82884c538666ce989255f13d/volumes/9fea5cd5-17f4-4ff0-be6c-4fa110b8cf9a
2025-02-22 05:16:02.882 21 INFO cinder.api.openstack.wsgi [None req-7a394cfa-8c0a-491e-8900-4ce9803304f9 b8780c42f48b43e5b0295d4ea9f20ca3 f4e8c4fbe8e24060ae46b9d634527089 - - default default] http://[LB_IP_ADDRESS]:8776/v3/f4e8c4fbe8e24060ae46b9d634527089/volumes/cedd8f00-daee-49a6-b769-a87540f8f363 returned with HTTP 200
2025-02-22 05:16:02.898 25 INFO cinder.volume.api [None req-6d621d20-66b8-4132-908b-d36cca5f044c 34bcd774a61c4b9b9662dd28be88dcfa b27befff82884c538666ce989255f13d - - default default] Volume info retrieved successfully.
2025-02-22 05:16:02.907 25 INFO cinder.api.openstack.wsgi [None req-6d621d20-66b8-4132-908b-d36cca5f044c 34bcd774a61c4b9b9662dd28be88dcfa b27befff82884c538666ce989255f13d - - default default] http://[LB_IP_ADDRESS]:8776/v3/b27befff82884c538666ce989255f13d/volumes/9fea5cd5-17f4-4ff0-be6c-4fa110b8cf9a returned with HTTP 200
2025-02-22 05:16:02.914 24 INFO cinder.api.openstack.wsgi [None req-72fd18b2-2f1b-49b1-a0e6-03569305306d b8780c42f48b43e5b0295d4ea9f20ca3 f4e8c4fbe8e24060ae46b9d634527089 - - default default] POST http://[LB_IP_ADDRESS]:8776/v3/f4e8c4fbe8e24060ae46b9d634527089/groups/action
2025-02-22 05:16:02.922 24 INFO cinder.api.v3.groups [None req-72fd18b2-2f1b-49b1-a0e6-03569305306d b8780c42f48b43e5b0295d4ea9f20ca3 f4e8c4fbe8e24060ae46b9d634527089 - - default default] Creating group tempest-Group_from_grp-856915733 from source group 4f456ed5-0386-442a-ba56-68628d6ed8ae.
2025-02-22 05:16:02.934 22 INFO cinder.api.openstack.wsgi [None req-19cf8049-93b0-4f17-9ff1-117d9b2484f3 a95d7cd20ab54332a489b9b7e79b9b57 3ece0371b9574316abd4fe5b254fe361 - - default default] GET http://[LB_IP_ADDRESS]:8776/v3/3ece0371b9574316abd4fe5b254fe361/volumes/9fea5cd5-17f4-4ff0-be6c-4fa110b8cf9a
2025-02-22 05:16:02.952 22 INFO cinder.volume.api [None req-19cf8049-93b0-4f17-9ff1-117d9b2484f3 a95d7cd20ab54332a489b9b7e79b9b57 3ece0371b9574316abd4fe5b254fe361 - - default default] Volume info retrieved successfully.
2025-02-22 05:16:02.959 22 INFO cinder.api.openstack.wsgi [None req-19cf8049-93b0-4f17-9ff1-117d9b2484f3 a95d7cd20ab54332a489b9b7e79b9b57 3ece0371b9574316abd4fe5b254fe361 - - default default] http://[LB_IP_ADDRESS]:8776/v3/3ece0371b9574316abd4fe5b254fe361/volumes/9fea5cd5-17f4-4ff0-be6c-4fa110b8cf9a returned with HTTP 200
2025-02-22 05:16:02.984 23 INFO cinder.api.openstack.wsgi [None req-d3e4222b-daf8-45e6-88d8-ee7228a9d63d 34bcd774a61c4b9b9662dd28be88dcfa b27befff82884c538666ce989255f13d - - default default] POST http://[LB_IP_ADDRESS]:8776/v3/b27befff82884c538666ce989255f13d/volumes/9fea5cd5-17f4-4ff0-be6c-4fa110b8cf9a/action
2025-02-22 05:16:03.003 23 INFO cinder.volume.api [None req-d3e4222b-daf8-45e6-88d8-ee7228a9d63d 34bcd774a61c4b9b9662dd28be88dcfa b27befff82884c538666ce989255f13d - - default default] Volume info retrieved successfully.
2025-02-22 05:16:03.061 21 INFO cinder.api.openstack.wsgi [None req-0942ddcc-4c34-4801-8331-cdd57ec2fa3d aff8d38f9b4845c5ac8b32ed6627d42f ecd6ce8f446644f89c0139af9f228621 - - default default] GET http://[LB_IP_ADDRESS]:8776/v3/ecd6ce8f446644f89c0139af9f228621/volumes/2ff83cd7-18f7-4703-9964-3bae3e9abefa
2025-02-22 05:16:03.075 21 INFO cinder.api.openstack.wsgi [None req-0942ddcc-4c34-4801-8331-cdd57ec2fa3d aff8d38f9b4845c5ac8b32ed6627d42f ecd6ce8f446644f89c0139af9f228621 - - default default] http://[LB_IP_ADDRESS]:8776/v3/ecd6ce8f446644f89c0139af9f228621/volumes/2ff83cd7-18f7-4703-9964-3bae3e9abefa returned with HTTP 404
2025-02-22 05:16:03.087 25 INFO cinder.api.openstack.wsgi [None req-08a3a5ba-fc77-4a03-98ff-ce85605a5dc1 48a3e7a48be841c2a1071a40505d788b aa14ffad141f41fab984c854182f456b - - default default] GET http://[LB_IP_ADDRESS]:8776/v3/aa14ffad141f41fab984c854182f456b/volumes/2ff83cd7-18f7-4703-9964-3bae3e9abefa
2025-02-22 05:16:03.101 25 INFO cinder.api.openstack.wsgi [None req-08a3a5ba-fc77-4a03-98ff-ce85605a5dc1 48a3e7a48be841c2a1071a40505d788b aa14ffad141f41fab984c854182f456b - - default default] http://[LB_IP_ADDRESS]:8776/v3/aa14ffad141f41fab984c854182f456b/volumes/2ff83cd7-18f7-4703-9964-3bae3e9abefa returned with HTTP 404
2025-02-22 05:16:03.112 22 INFO cinder.api.openstack.wsgi [None req-8aed4edd-1fdb-44a6-a27b-d25f8944c9ef 48a3e7a48be841c2a1071a40505d788b aa14ffad141f41fab984c854182f456b - - default default] DELETE http://[LB_IP_ADDRESS]:8776/v3/aa14ffad141f41fab984c854182f456b/volumes/2ff83cd7-18f7-4703-9964-3bae3e9abefa
2025-02-22 05:16:03.113 22 INFO cinder.api.v3.volumes [None req-8aed4edd-1fdb-44a6-a27b-d25f8944c9ef 48a3e7a48be841c2a1071a40505d788b aa14ffad141f41fab984c854182f456b - - default default] Delete volume with id: 2ff83cd7-18f7-4703-9964-3bae3e9abefa 
2025-02-22 05:16:03.127 22 INFO cinder.api.openstack.wsgi [None req-8aed4edd-1fdb-44a6-a27b-d25f8944c9ef 48a3e7a48be841c2a1071a40505d788b aa14ffad141f41fab984c854182f456b - - default default] http://[LB_IP_ADDRESS]:8776/v3/aa14ffad141f41fab984c854182f456b/volumes/2ff83cd7-18f7-4703-9964-3bae3e9abefa returned with HTTP 404
2025-02-22 05:16:03.146 21 INFO cinder.api.openstack.wsgi [None req-bb3d3337-dd3b-4b15-84be-9df7bb18cbee aff8d38f9b4845c5ac8b32ed6627d42f ecd6ce8f446644f89c0139af9f228621 - - default default] GET http://[LB_IP_ADDRESS]:8776/v3/ecd6ce8f446644f89c0139af9f228621/os-quota-sets/ecd6ce8f446644f89c0139af9f228621?usage=True
2025-02-22 05:16:03.199 23 INFO cinder.volume.api [None req-d3e4222b-daf8-45e6-88d8-ee7228a9d63d 34bcd774a61c4b9b9662dd28be88dcfa b27befff82884c538666ce989255f13d - - default default] Retype volume request issued successfully.
2025-02-22 05:16:03.200 23 INFO cinder.api.openstack.wsgi [None req-d3e4222b-daf8-45e6-88d8-ee7228a9d63d 34bcd774a61c4b9b9662dd28be88dcfa b27befff82884c538666ce989255f13d - - default default] http://[LB_IP_ADDRESS]:8776/v3/b27befff82884c538666ce989255f13d/volumes/9fea5cd5-17f4-4ff0-be6c-4fa110b8cf9a/action returned with HTTP 202
2025-02-22 05:16:03.211 25 INFO cinder.api.openstack.wsgi [None req-d622cd26-445c-4ba6-adb9-06cb94125eb4 34bcd774a61c4b9b9662dd28be88dcfa b27befff82884c538666ce989255f13d - - default default] GET http://[LB_IP_ADDRESS]:8776/v3/b27befff82884c538666ce989255f13d/volumes/9fea5cd5-17f4-4ff0-be6c-4fa110b8cf9a
2025-02-22 05:16:03.236 25 INFO cinder.volume.api [None req-d622cd26-445c-4ba6-adb9-06cb94125eb4 34bcd774a61c4b9b9662dd28be88dcfa b27befff82884c538666ce989255f13d - - default default] Volume info retrieved successfully.
2025-02-22 05:16:03.245 25 INFO cinder.api.openstack.wsgi [None req-d622cd26-445c-4ba6-adb9-06cb94125eb4 34bcd774a61c4b9b9662dd28be88dcfa b27befff82884c538666ce989255f13d - - default default] http://[LB_IP_ADDRESS]:8776/v3/b27befff82884c538666ce989255f13d/volumes/9fea5cd5-17f4-4ff0-be6c-4fa110b8cf9a returned with HTTP 200
2025-02-22 05:16:03.270 21 INFO cinder.api.openstack.wsgi [None req-bb3d3337-dd3b-4b15-84be-9df7bb18cbee aff8d38f9b4845c5ac8b32ed6627d42f ecd6ce8f446644f89c0139af9f228621 - - default default] http://[LB_IP_ADDRESS]:8776/v3/ecd6ce8f446644f89c0139af9f228621/os-quota-sets/ecd6ce8f446644f89c0139af9f228621?usage=True returned with HTTP 200
2025-02-22 05:16:03.299 22 INFO cinder.api.openstack.wsgi [None req-1a2c9006-ea93-4c79-ad71-76a9e992173f aff8d38f9b4845c5ac8b32ed6627d42f ecd6ce8f446644f89c0139af9f228621 - - default default] PUT http://[LB_IP_ADDRESS]:8776/v3/ecd6ce8f446644f89c0139af9f228621/os-quota-sets/aa14ffad141f41fab984c854182f456b
2025-02-22 05:16:03.557 22 INFO cinder.api.openstack.wsgi [None req-1a2c9006-ea93-4c79-ad71-76a9e992173f aff8d38f9b4845c5ac8b32ed6627d42f ecd6ce8f446644f89c0139af9f228621 - - default default] http://[LB_IP_ADDRESS]:8776/v3/ecd6ce8f446644f89c0139af9f228621/os-quota-sets/aa14ffad141f41fab984c854182f456b returned with HTTP 200
2025-02-22 05:16:03.575 23 INFO cinder.api.openstack.wsgi [None req-8bc82baa-770a-41d9-9538-13d03b6940f7 aff8d38f9b4845c5ac8b32ed6627d42f ecd6ce8f446644f89c0139af9f228621 - - default default] PUT http://[LB_IP_ADDRESS]:8776/v3/ecd6ce8f446644f89c0139af9f228621/os-quota-sets/aa14ffad141f41fab984c854182f456b
2025-02-22 05:16:03.595 24 INFO cinder.group.api [None req-72fd18b2-2f1b-49b1-a0e6-03569305306d b8780c42f48b43e5b0295d4ea9f20ca3 f4e8c4fbe8e24060ae46b9d634527089 - - default default] A mapping entry already exists for group 99d24287-3986-4874-b8d6-bc1502cbc9f2 and volume type eeeee642-a8ca-4309-9b09-5d9f51282c40. Do not need to create again.
2025-02-22 05:16:03.598 24 INFO cinder.volume.api [None req-72fd18b2-2f1b-49b1-a0e6-03569305306d b8780c42f48b43e5b0295d4ea9f20ca3 f4e8c4fbe8e24060ae46b9d634527089 - - default default] Availability Zones retrieved successfully.
2025-02-22 05:16:03.784 23 WARNING cinder.quota [None req-8bc82baa-770a-41d9-9538-13d03b6940f7 aff8d38f9b4845c5ac8b32ed6627d42f ecd6ce8f446644f89c0139af9f228621 - - default default] Deprecated: Default quota for resource: volumes_tempest-GroupsV314Test-volume-type-1020794192 is set by the default quota flag: quota_volumes_tempest-GroupsV314Test-volume-type-1020794192, it is now deprecated. Please use the default quota class for default quota.
2025-02-22 05:16:03.785 23 WARNING cinder.quota [None req-8bc82baa-770a-41d9-9538-13d03b6940f7 aff8d38f9b4845c5ac8b32ed6627d42f ecd6ce8f446644f89c0139af9f228621 - - default default] Deprecated: Default quota for resource: gigabytes_tempest-GroupsV314Test-volume-type-1020794192 is set by the default quota flag: quota_gigabytes_tempest-GroupsV314Test-volume-type-1020794192, it is now deprecated. Please use the default quota class for default quota.
2025-02-22 05:16:03.786 23 WARNING cinder.quota [None req-8bc82baa-770a-41d9-9538-13d03b6940f7 aff8d38f9b4845c5ac8b32ed6627d42f ecd6ce8f446644f89c0139af9f228621 - - default default] Deprecated: Default quota for resource: snapshots_tempest-GroupsV314Test-volume-type-1020794192 is set by the default quota flag: quota_snapshots_tempest-GroupsV314Test-volume-type-1020794192, it is now deprecated. Please use the default quota class for default quota.
2025-02-22 05:16:03.829 23 INFO cinder.api.openstack.wsgi [None req-8bc82baa-770a-41d9-9538-13d03b6940f7 aff8d38f9b4845c5ac8b32ed6627d42f ecd6ce8f446644f89c0139af9f228621 - - default default] http://[LB_IP_ADDRESS]:8776/v3/ecd6ce8f446644f89c0139af9f228621/os-quota-sets/aa14ffad141f41fab984c854182f456b returned with HTTP 200
2025-02-22 05:16:03.834 24 INFO cinder.volume.api [None req-72fd18b2-2f1b-49b1-a0e6-03569305306d b8780c42f48b43e5b0295d4ea9f20ca3 f4e8c4fbe8e24060ae46b9d634527089 - - default default] Create volume request issued successfully.
2025-02-22 05:16:03.857 24 INFO cinder.api.openstack.wsgi [None req-72fd18b2-2f1b-49b1-a0e6-03569305306d b8780c42f48b43e5b0295d4ea9f20ca3 f4e8c4fbe8e24060ae46b9d634527089 - - default default] http://[LB_IP_ADDRESS]:8776/v3/f4e8c4fbe8e24060ae46b9d634527089/groups/action returned with HTTP 202
2025-02-22 05:16:03.870 25 INFO cinder.api.openstack.wsgi [None req-eabc42d2-62c1-493f-90df-59449378ec0a b8780c42f48b43e5b0295d4ea9f20ca3 f4e8c4fbe8e24060ae46b9d634527089 - - default default] GET http://[LB_IP_ADDRESS]:8776/v3/f4e8c4fbe8e24060ae46b9d634527089/volumes/detail
2025-02-22 05:16:03.892 25 INFO cinder.volume.api [None req-eabc42d2-62c1-493f-90df-59449378ec0a b8780c42f48b43e5b0295d4ea9f20ca3 f4e8c4fbe8e24060ae46b9d634527089 - - default default] Get all volumes completed successfully.
2025-02-22 05:16:03.935 25 INFO cinder.api.openstack.wsgi [None req-eabc42d2-62c1-493f-90df-59449378ec0a b8780c42f48b43e5b0295d4ea9f20ca3 f4e8c4fbe8e24060ae46b9d634527089 - - default default] http://[LB_IP_ADDRESS]:8776/v3/f4e8c4fbe8e24060ae46b9d634527089/volumes/detail returned with HTTP 200
2025-02-22 05:16:03.965 21 INFO cinder.api.openstack.wsgi [None req-02531b3e-0d17-4db2-92ef-c24cccedd036 b8780c42f48b43e5b0295d4ea9f20ca3 f4e8c4fbe8e24060ae46b9d634527089 - - default default] GET http://[LB_IP_ADDRESS]:8776/v3/f4e8c4fbe8e24060ae46b9d634527089/volumes/29e50ea0-c9cd-4401-900f-17d92696cac5
2025-02-22 05:16:03.984 21 INFO cinder.volume.api [None req-02531b3e-0d17-4db2-92ef-c24cccedd036 b8780c42f48b43e5b0295d4ea9f20ca3 f4e8c4fbe8e24060ae46b9d634527089 - - default default] Volume info retrieved successfully.
2025-02-22 05:16:04.013 21 INFO cinder.api.openstack.wsgi [None req-02531b3e-0d17-4db2-92ef-c24cccedd036 b8780c42f48b43e5b0295d4ea9f20ca3 f4e8c4fbe8e24060ae46b9d634527089 - - default default] http://[LB_IP_ADDRESS]:8776/v3/f4e8c4fbe8e24060ae46b9d634527089/volumes/29e50ea0-c9cd-4401-900f-17d92696cac5 returned with HTTP 200
2025-02-22 05:16:04.275 22 INFO cinder.api.openstack.wsgi [None req-5bdb2602-6d55-4df6-acfd-ab42445d347f 34bcd774a61c4b9b9662dd28be88dcfa b27befff82884c538666ce989255f13d - - default default] GET http://[LB_IP_ADDRESS]:8776/v3/b27befff82884c538666ce989255f13d/volumes/9fea5cd5-17f4-4ff0-be6c-4fa110b8cf9a
2025-02-22 05:16:04.299 22 INFO cinder.volume.api [None req-5bdb2602-6d55-4df6-acfd-ab42445d347f 34bcd774a61c4b9b9662dd28be88dcfa b27befff82884c538666ce989255f13d - - default default] Volume info retrieved successfully.
2025-02-22 05:16:04.308 22 INFO cinder.api.openstack.wsgi [None req-5bdb2602-6d55-4df6-acfd-ab42445d347f 34bcd774a61c4b9b9662dd28be88dcfa b27befff82884c538666ce989255f13d - - default default] http://[LB_IP_ADDRESS]:8776/v3/b27befff82884c538666ce989255f13d/volumes/9fea5cd5-17f4-4ff0-be6c-4fa110b8cf9a returned with HTTP 200
2025-02-22 05:16:04.336 23 INFO cinder.api.openstack.wsgi [None req-f7aa1898-0c80-429d-b374-a4635f2a95f7 a95d7cd20ab54332a489b9b7e79b9b57 3ece0371b9574316abd4fe5b254fe361 - - default default] GET http://[LB_IP_ADDRESS]:8776/v3/3ece0371b9574316abd4fe5b254fe361/volumes/9fea5cd5-17f4-4ff0-be6c-4fa110b8cf9a
2025-02-22 05:16:04.360 23 INFO cinder.volume.api [None req-f7aa1898-0c80-429d-b374-a4635f2a95f7 a95d7cd20ab54332a489b9b7e79b9b57 3ece0371b9574316abd4fe5b254fe361 - - default default] Volume info retrieved successfully.
2025-02-22 05:16:04.370 23 INFO cinder.api.openstack.wsgi [None req-f7aa1898-0c80-429d-b374-a4635f2a95f7 a95d7cd20ab54332a489b9b7e79b9b57 3ece0371b9574316abd4fe5b254fe361 - - default default] http://[LB_IP_ADDRESS]:8776/v3/3ece0371b9574316abd4fe5b254fe361/volumes/9fea5cd5-17f4-4ff0-be6c-4fa110b8cf9a returned with HTTP 200
2025-02-22 05:16:04.398 24 INFO cinder.api.openstack.wsgi [None req-cac7f70c-ab32-44ae-bd95-58473e202e39 a95d7cd20ab54332a489b9b7e79b9b57 3ece0371b9574316abd4fe5b254fe361 - - default default] GET http://[LB_IP_ADDRESS]:8776/v3/3ece0371b9574316abd4fe5b254fe361/volumes?all_tenants=True&name=tempest-VolumeRetypeWithoutMigrationTest-Volume-44519236
2025-02-22 05:16:04.419 24 INFO cinder.volume.api [None req-cac7f70c-ab32-44ae-bd95-58473e202e39 a95d7cd20ab54332a489b9b7e79b9b57 3ece0371b9574316abd4fe5b254fe361 - - default default] Get all volumes completed successfully.
2025-02-22 05:16:04.421 24 INFO cinder.api.openstack.wsgi [None req-cac7f70c-ab32-44ae-bd95-58473e202e39 a95d7cd20ab54332a489b9b7e79b9b57 3ece0371b9574316abd4fe5b254fe361 - - default default] http://[LB_IP_ADDRESS]:8776/v3/3ece0371b9574316abd4fe5b254fe361/volumes?all_tenants=True&name=tempest-VolumeRetypeWithoutMigrationTest-Volume-44519236 returned with HTTP 200
2025-02-22 05:16:04.436 25 INFO cinder.api.openstack.wsgi [None req-1b0998c7-d83a-4cc2-89ce-d31caae8353e 34bcd774a61c4b9b9662dd28be88dcfa b27befff82884c538666ce989255f13d - - default default] GET http://[LB_IP_ADDRESS]:8776/v3/b27befff82884c538666ce989255f13d/volumes/9fea5cd5-17f4-4ff0-be6c-4fa110b8cf9a
2025-02-22 05:16:04.462 25 INFO cinder.volume.api [None req-1b0998c7-d83a-4cc2-89ce-d31caae8353e 34bcd774a61c4b9b9662dd28be88dcfa b27befff82884c538666ce989255f13d - - default default] Volume info retrieved successfully.
2025-02-22 05:16:04.472 25 INFO cinder.api.openstack.wsgi [None req-1b0998c7-d83a-4cc2-89ce-d31caae8353e 34bcd774a61c4b9b9662dd28be88dcfa b27befff82884c538666ce989255f13d - - default default] http://[LB_IP_ADDRESS]:8776/v3/b27befff82884c538666ce989255f13d/volumes/9fea5cd5-17f4-4ff0-be6c-4fa110b8cf9a returned with HTTP 200
2025-02-22 05:16:04.499 21 INFO cinder.api.openstack.wsgi [None req-9e6989eb-0046-45dc-aeb5-d5798118ce56 34bcd774a61c4b9b9662dd28be88dcfa b27befff82884c538666ce989255f13d - - default default] DELETE http://[LB_IP_ADDRESS]:8776/v3/b27befff82884c538666ce989255f13d/volumes/9fea5cd5-17f4-4ff0-be6c-4fa110b8cf9a
2025-02-22 05:16:04.500 21 INFO cinder.api.v3.volumes [None req-9e6989eb-0046-45dc-aeb5-d5798118ce56 34bcd774a61c4b9b9662dd28be88dcfa b27befff82884c538666ce989255f13d - - default default] Delete volume with id: 9fea5cd5-17f4-4ff0-be6c-4fa110b8cf9a 
2025-02-22 05:16:04.519 21 INFO cinder.volume.api [None req-9e6989eb-0046-45dc-aeb5-d5798118ce56 34bcd774a61c4b9b9662dd28be88dcfa b27befff82884c538666ce989255f13d - - default default] Volume info retrieved successfully.
2025-02-22 05:16:04.558 21 INFO cinder.volume.api [None req-9e6989eb-0046-45dc-aeb5-d5798118ce56 34bcd774a61c4b9b9662dd28be88dcfa b27befff82884c538666ce989255f13d - - default default] Delete volume request issued successfully.
2025-02-22 05:16:04.559 21 INFO cinder.api.openstack.wsgi [None req-9e6989eb-0046-45dc-aeb5-d5798118ce56 34bcd774a61c4b9b9662dd28be88dcfa b27befff82884c538666ce989255f13d - - default default] http://[LB_IP_ADDRESS]:8776/v3/b27befff82884c538666ce989255f13d/volumes/9fea5cd5-17f4-4ff0-be6c-4fa110b8cf9a returned with HTTP 202
2025-02-22 05:16:04.571 22 INFO cinder.api.openstack.wsgi [None req-209a26cc-4211-4adf-8d1c-ea563d6c6feb 34bcd774a61c4b9b9662dd28be88dcfa b27befff82884c538666ce989255f13d - - default default] GET http://[LB_IP_ADDRESS]:8776/v3/b27befff82884c538666ce989255f13d/volumes/9fea5cd5-17f4-4ff0-be6c-4fa110b8cf9a
2025-02-22 05:16:04.596 22 INFO cinder.volume.api [None req-209a26cc-4211-4adf-8d1c-ea563d6c6feb 34bcd774a61c4b9b9662dd28be88dcfa b27befff82884c538666ce989255f13d - - default default] Volume info retrieved successfully.
2025-02-22 05:16:04.608 22 INFO cinder.api.openstack.wsgi [None req-209a26cc-4211-4adf-8d1c-ea563d6c6feb 34bcd774a61c4b9b9662dd28be88dcfa b27befff82884c538666ce989255f13d - - default default] http://[LB_IP_ADDRESS]:8776/v3/b27befff82884c538666ce989255f13d/volumes/9fea5cd5-17f4-4ff0-be6c-4fa110b8cf9a returned with HTTP 200
2025-02-22 05:16:05.041 23 INFO cinder.api.openstack.wsgi [None req-f0c2527a-ae93-4775-bad6-8b014e050c71 b8780c42f48b43e5b0295d4ea9f20ca3 f4e8c4fbe8e24060ae46b9d634527089 - - default default] GET http://[LB_IP_ADDRESS]:8776/v3/f4e8c4fbe8e24060ae46b9d634527089/volumes/29e50ea0-c9cd-4401-900f-17d92696cac5
2025-02-22 05:16:05.065 23 INFO cinder.volume.api [None req-f0c2527a-ae93-4775-bad6-8b014e050c71 b8780c42f48b43e5b0295d4ea9f20ca3 f4e8c4fbe8e24060ae46b9d634527089 - - default default] Volume info retrieved successfully.
2025-02-22 05:16:05.093 23 INFO cinder.api.openstack.wsgi [None req-f0c2527a-ae93-4775-bad6-8b014e050c71 b8780c42f48b43e5b0295d4ea9f20ca3 f4e8c4fbe8e24060ae46b9d634527089 - - default default] http://[LB_IP_ADDRESS]:8776/v3/f4e8c4fbe8e24060ae46b9d634527089/volumes/29e50ea0-c9cd-4401-900f-17d92696cac5 returned with HTTP 200
2025-02-22 05:16:05.637 24 INFO cinder.api.openstack.wsgi [None req-24f74803-079b-4a9e-bc28-31aa2f914af7 34bcd774a61c4b9b9662dd28be88dcfa b27befff82884c538666ce989255f13d - - default default] GET http://[LB_IP_ADDRESS]:8776/v3/b27befff82884c538666ce989255f13d/volumes/9fea5cd5-17f4-4ff0-be6c-4fa110b8cf9a
2025-02-22 05:16:05.651 24 INFO cinder.api.openstack.wsgi [None req-24f74803-079b-4a9e-bc28-31aa2f914af7 34bcd774a61c4b9b9662dd28be88dcfa b27befff82884c538666ce989255f13d - - default default] http://[LB_IP_ADDRESS]:8776/v3/b27befff82884c538666ce989255f13d/volumes/9fea5cd5-17f4-4ff0-be6c-4fa110b8cf9a returned with HTTP 404
2025-02-22 05:16:05.665 25 INFO cinder.api.openstack.wsgi [None req-9762fca2-00c7-42d7-aedc-46b2b79c62a9 a95d7cd20ab54332a489b9b7e79b9b57 3ece0371b9574316abd4fe5b254fe361 - - default default] DELETE http://[LB_IP_ADDRESS]:8776/v3/3ece0371b9574316abd4fe5b254fe361/types/7966a1ae-7b58-4279-b375-eec266073c3d
2025-02-22 05:16:05.718 25 INFO cinder.api.openstack.wsgi [None req-9762fca2-00c7-42d7-aedc-46b2b79c62a9 a95d7cd20ab54332a489b9b7e79b9b57 3ece0371b9574316abd4fe5b254fe361 - - default default] http://[LB_IP_ADDRESS]:8776/v3/3ece0371b9574316abd4fe5b254fe361/types/7966a1ae-7b58-4279-b375-eec266073c3d returned with HTTP 202
2025-02-22 05:16:05.730 21 INFO cinder.api.openstack.wsgi [None req-5d081ac9-2163-4492-95c3-bf41cb29dc0e a95d7cd20ab54332a489b9b7e79b9b57 3ece0371b9574316abd4fe5b254fe361 - - default default] GET http://[LB_IP_ADDRESS]:8776/v3/3ece0371b9574316abd4fe5b254fe361/types/7966a1ae-7b58-4279-b375-eec266073c3d
2025-02-22 05:16:05.738 21 INFO cinder.api.openstack.wsgi [None req-5d081ac9-2163-4492-95c3-bf41cb29dc0e a95d7cd20ab54332a489b9b7e79b9b57 3ece0371b9574316abd4fe5b254fe361 - - default default] http://[LB_IP_ADDRESS]:8776/v3/3ece0371b9574316abd4fe5b254fe361/types/7966a1ae-7b58-4279-b375-eec266073c3d returned with HTTP 404
2025-02-22 05:16:05.749 22 INFO cinder.api.openstack.wsgi [None req-c044a55a-aa6d-47bf-87c1-3ee9b266a4d5 a95d7cd20ab54332a489b9b7e79b9b57 3ece0371b9574316abd4fe5b254fe361 - - default default] DELETE http://[LB_IP_ADDRESS]:8776/v3/3ece0371b9574316abd4fe5b254fe361/types/fe7799e3-4520-4869-b1b0-68652af9e062
2025-02-22 05:16:05.799 22 INFO cinder.api.openstack.wsgi [None req-c044a55a-aa6d-47bf-87c1-3ee9b266a4d5 a95d7cd20ab54332a489b9b7e79b9b57 3ece0371b9574316abd4fe5b254fe361 - - default default] http://[LB_IP_ADDRESS]:8776/v3/3ece0371b9574316abd4fe5b254fe361/types/fe7799e3-4520-4869-b1b0-68652af9e062 returned with HTTP 202
2025-02-22 05:16:05.811 23 INFO cinder.api.openstack.wsgi [None req-117dc689-a9da-438e-91da-1b0e4390670f a95d7cd20ab54332a489b9b7e79b9b57 3ece0371b9574316abd4fe5b254fe361 - - default default] GET http://[LB_IP_ADDRESS]:8776/v3/3ece0371b9574316abd4fe5b254fe361/types/fe7799e3-4520-4869-b1b0-68652af9e062
2025-02-22 05:16:05.818 23 INFO cinder.api.openstack.wsgi [None req-117dc689-a9da-438e-91da-1b0e4390670f a95d7cd20ab54332a489b9b7e79b9b57 3ece0371b9574316abd4fe5b254fe361 - - default default] http://[LB_IP_ADDRESS]:8776/v3/3ece0371b9574316abd4fe5b254fe361/types/fe7799e3-4520-4869-b1b0-68652af9e062 returned with HTTP 404
