2025-01-22 14:39:53.514 21 INFO cinder.api.openstack.wsgi [None req-d77c14ec-a8d9-4c3f-afae-70592b494735 4e1838a5c7e7403e9de05660d83637f1 c72c6a38bcaa48fe9a8c72e99f7a6d88 - - default default] GET http://[LB_IP_ADDRESS]:8776/v3/c72c6a38bcaa48fe9a8c72e99f7a6d88/groups/0ec3c6d8-a124-4160-b960-c15e7044c198
2025-01-22 14:39:53.519 21 INFO cinder.api.openstack.wsgi [None req-d77c14ec-a8d9-4c3f-afae-70592b494735 4e1838a5c7e7403e9de05660d83637f1 c72c6a38bcaa48fe9a8c72e99f7a6d88 - - default default] http://[LB_IP_ADDRESS]:8776/v3/c72c6a38bcaa48fe9a8c72e99f7a6d88/groups/0ec3c6d8-a124-4160-b960-c15e7044c198 returned with HTTP 404
2025-01-22 14:39:53.530 23 INFO cinder.api.openstack.wsgi [None req-e7df0393-6a8b-46f2-8dfa-4bdf5d0bbefc 217b0c961f4c4f29a4f59974e5163bac 6e6f9341a0cf40688a214dfd3eed1912 - - default default] DELETE http://[LB_IP_ADDRESS]:8776/v3/6e6f9341a0cf40688a214dfd3eed1912/group_types/9f4c2cb7-6a89-4dec-802c-3415d921a586
2025-01-22 14:39:53.547 23 INFO cinder.api.openstack.wsgi [None req-e7df0393-6a8b-46f2-8dfa-4bdf5d0bbefc 217b0c961f4c4f29a4f59974e5163bac 6e6f9341a0cf40688a214dfd3eed1912 - - default default] http://[LB_IP_ADDRESS]:8776/v3/6e6f9341a0cf40688a214dfd3eed1912/group_types/9f4c2cb7-6a89-4dec-802c-3415d921a586 returned with HTTP 202
2025-01-22 14:39:53.556 25 INFO cinder.api.openstack.wsgi [None req-33cf4b0e-9db1-489b-87f3-2ebc35060740 217b0c961f4c4f29a4f59974e5163bac 6e6f9341a0cf40688a214dfd3eed1912 - - default default] DELETE http://[LB_IP_ADDRESS]:8776/v3/6e6f9341a0cf40688a214dfd3eed1912/types/a24e4194-c6fc-40b0-a404-1d9781b03eb5
2025-01-22 14:39:53.595 24 INFO cinder.api.openstack.wsgi [None req-da56f81a-c215-4402-a404-f6fdba49db58 5a04183e96724298b358f461c60e205f 6bd4a11bd5184cb9a0490f4748b63fa1 - - default default] http://[LB_IP_ADDRESS]:8776/v3/6bd4a11bd5184cb9a0490f4748b63fa1/scheduler-stats/get_pools returned with HTTP 200
2025-01-22 14:39:53.599 25 INFO cinder.api.openstack.wsgi [None req-33cf4b0e-9db1-489b-87f3-2ebc35060740 217b0c961f4c4f29a4f59974e5163bac 6e6f9341a0cf40688a214dfd3eed1912 - - default default] http://[LB_IP_ADDRESS]:8776/v3/6e6f9341a0cf40688a214dfd3eed1912/types/a24e4194-c6fc-40b0-a404-1d9781b03eb5 returned with HTTP 202
2025-01-22 14:39:53.609 22 INFO cinder.api.openstack.wsgi [None req-1d92703c-9e2b-4fda-b8f7-143096f8a93e 217b0c961f4c4f29a4f59974e5163bac 6e6f9341a0cf40688a214dfd3eed1912 - - default default] GET http://[LB_IP_ADDRESS]:8776/v3/6e6f9341a0cf40688a214dfd3eed1912/types/a24e4194-c6fc-40b0-a404-1d9781b03eb5
2025-01-22 14:39:53.615 22 INFO cinder.api.openstack.wsgi [None req-1d92703c-9e2b-4fda-b8f7-143096f8a93e 217b0c961f4c4f29a4f59974e5163bac 6e6f9341a0cf40688a214dfd3eed1912 - - default default] http://[LB_IP_ADDRESS]:8776/v3/6e6f9341a0cf40688a214dfd3eed1912/types/a24e4194-c6fc-40b0-a404-1d9781b03eb5 returned with HTTP 404
2025-01-22 14:39:53.875 21 INFO cinder.api.openstack.wsgi [None req-2c4b0e75-f985-486b-872b-e4c9248102a8 25787623616341e2b31092de7c7fcd51 034140d61d1a4fb194897a6f895fbcf5 - - default default] POST http://[LB_IP_ADDRESS]:8776/v3/034140d61d1a4fb194897a6f895fbcf5/types
2025-01-22 14:39:53.903 21 INFO cinder.api.openstack.wsgi [None req-2c4b0e75-f985-486b-872b-e4c9248102a8 25787623616341e2b31092de7c7fcd51 034140d61d1a4fb194897a6f895fbcf5 - - default default] http://[LB_IP_ADDRESS]:8776/v3/034140d61d1a4fb194897a6f895fbcf5/types returned with HTTP 200
2025-01-22 14:39:53.916 23 INFO cinder.api.openstack.wsgi [None req-2ae6a056-6f3b-4113-be70-9d54f818f1e9 25787623616341e2b31092de7c7fcd51 034140d61d1a4fb194897a6f895fbcf5 - - default default] POST http://[LB_IP_ADDRESS]:8776/v3/034140d61d1a4fb194897a6f895fbcf5/group_types
2025-01-22 14:39:53.939 23 INFO cinder.api.openstack.wsgi [None req-2ae6a056-6f3b-4113-be70-9d54f818f1e9 25787623616341e2b31092de7c7fcd51 034140d61d1a4fb194897a6f895fbcf5 - - default default] http://[LB_IP_ADDRESS]:8776/v3/034140d61d1a4fb194897a6f895fbcf5/group_types returned with HTTP 202
2025-01-22 14:39:54.119 24 INFO cinder.api.openstack.wsgi [None req-70ee709e-bf55-4b65-937d-245e0abf3eda fdd504d82de04c2799e9a1e4d578b92f 0d4a39439cbd43b6aaff63e16a1cbdd0 - - default default] POST http://[LB_IP_ADDRESS]:8776/v3/0d4a39439cbd43b6aaff63e16a1cbdd0/groups
2025-01-22 14:39:54.128 24 INFO cinder.api.v3.groups [None req-70ee709e-bf55-4b65-937d-245e0abf3eda fdd504d82de04c2799e9a1e4d578b92f 0d4a39439cbd43b6aaff63e16a1cbdd0 - - default default] Creating group tempest-GroupSnapshotsTest-Group-1670769125.
2025-01-22 14:39:54.140 24 INFO cinder.volume.api [None req-70ee709e-bf55-4b65-937d-245e0abf3eda fdd504d82de04c2799e9a1e4d578b92f 0d4a39439cbd43b6aaff63e16a1cbdd0 - - default default] Availability Zones retrieved successfully.
2025-01-22 14:39:54.270 24 INFO cinder.api.openstack.wsgi [None req-70ee709e-bf55-4b65-937d-245e0abf3eda fdd504d82de04c2799e9a1e4d578b92f 0d4a39439cbd43b6aaff63e16a1cbdd0 - - default default] http://[LB_IP_ADDRESS]:8776/v3/0d4a39439cbd43b6aaff63e16a1cbdd0/groups returned with HTTP 202
2025-01-22 14:39:54.282 25 INFO cinder.api.openstack.wsgi [None req-19f8cf37-48e4-4502-a69c-cc945b10411b fdd504d82de04c2799e9a1e4d578b92f 0d4a39439cbd43b6aaff63e16a1cbdd0 - - default default] GET http://[LB_IP_ADDRESS]:8776/v3/0d4a39439cbd43b6aaff63e16a1cbdd0/groups/8ac3c952-78b6-4c49-a477-b35f72eb8b02
2025-01-22 14:39:54.305 25 INFO cinder.api.openstack.wsgi [None req-19f8cf37-48e4-4502-a69c-cc945b10411b fdd504d82de04c2799e9a1e4d578b92f 0d4a39439cbd43b6aaff63e16a1cbdd0 - - default default] http://[LB_IP_ADDRESS]:8776/v3/0d4a39439cbd43b6aaff63e16a1cbdd0/groups/8ac3c952-78b6-4c49-a477-b35f72eb8b02 returned with HTTP 200
2025-01-22 14:39:55.323 22 INFO cinder.api.openstack.wsgi [None req-365281a4-ec31-4631-94ee-3badc37ea056 fdd504d82de04c2799e9a1e4d578b92f 0d4a39439cbd43b6aaff63e16a1cbdd0 - - default default] GET http://[LB_IP_ADDRESS]:8776/v3/0d4a39439cbd43b6aaff63e16a1cbdd0/groups/8ac3c952-78b6-4c49-a477-b35f72eb8b02
2025-01-22 14:39:55.348 22 INFO cinder.api.openstack.wsgi [None req-365281a4-ec31-4631-94ee-3badc37ea056 fdd504d82de04c2799e9a1e4d578b92f 0d4a39439cbd43b6aaff63e16a1cbdd0 - - default default] http://[LB_IP_ADDRESS]:8776/v3/0d4a39439cbd43b6aaff63e16a1cbdd0/groups/8ac3c952-78b6-4c49-a477-b35f72eb8b02 returned with HTTP 200
2025-01-22 14:39:55.365 21 INFO cinder.api.openstack.wsgi [None req-cecc9cab-a90a-4d62-a32c-954fd69e33b4 fdd504d82de04c2799e9a1e4d578b92f 0d4a39439cbd43b6aaff63e16a1cbdd0 - - default default] GET http://[LB_IP_ADDRESS]:8776/v3/0d4a39439cbd43b6aaff63e16a1cbdd0/volumes/detail
2025-01-22 14:39:55.382 21 INFO cinder.volume.api [None req-cecc9cab-a90a-4d62-a32c-954fd69e33b4 fdd504d82de04c2799e9a1e4d578b92f 0d4a39439cbd43b6aaff63e16a1cbdd0 - - default default] Get all volumes completed successfully.
2025-01-22 14:39:55.387 21 INFO cinder.api.openstack.wsgi [None req-cecc9cab-a90a-4d62-a32c-954fd69e33b4 fdd504d82de04c2799e9a1e4d578b92f 0d4a39439cbd43b6aaff63e16a1cbdd0 - - default default] http://[LB_IP_ADDRESS]:8776/v3/0d4a39439cbd43b6aaff63e16a1cbdd0/volumes/detail returned with HTTP 200
2025-01-22 14:39:55.415 23 INFO cinder.api.openstack.wsgi [None req-d5128fe9-7495-4268-965e-ad14cc86a528 fdd504d82de04c2799e9a1e4d578b92f 0d4a39439cbd43b6aaff63e16a1cbdd0 - - default default] POST http://[LB_IP_ADDRESS]:8776/v3/0d4a39439cbd43b6aaff63e16a1cbdd0/groups/8ac3c952-78b6-4c49-a477-b35f72eb8b02/action
2025-01-22 14:39:55.419 23 INFO cinder.api.v3.groups [None req-d5128fe9-7495-4268-965e-ad14cc86a528 fdd504d82de04c2799e9a1e4d578b92f 0d4a39439cbd43b6aaff63e16a1cbdd0 - - default default] Delete group with id: 8ac3c952-78b6-4c49-a477-b35f72eb8b02
2025-01-22 14:39:55.566 23 INFO cinder.api.openstack.wsgi [None req-d5128fe9-7495-4268-965e-ad14cc86a528 fdd504d82de04c2799e9a1e4d578b92f 0d4a39439cbd43b6aaff63e16a1cbdd0 - - default default] http://[LB_IP_ADDRESS]:8776/v3/0d4a39439cbd43b6aaff63e16a1cbdd0/groups/8ac3c952-78b6-4c49-a477-b35f72eb8b02/action returned with HTTP 202
2025-01-22 14:39:55.576 24 INFO cinder.api.openstack.wsgi [None req-1235d06c-bbae-42b3-b27f-f931ee11515c fdd504d82de04c2799e9a1e4d578b92f 0d4a39439cbd43b6aaff63e16a1cbdd0 - - default default] GET http://[LB_IP_ADDRESS]:8776/v3/0d4a39439cbd43b6aaff63e16a1cbdd0/groups/8ac3c952-78b6-4c49-a477-b35f72eb8b02
2025-01-22 14:39:55.581 24 INFO cinder.api.openstack.wsgi [None req-1235d06c-bbae-42b3-b27f-f931ee11515c fdd504d82de04c2799e9a1e4d578b92f 0d4a39439cbd43b6aaff63e16a1cbdd0 - - default default] http://[LB_IP_ADDRESS]:8776/v3/0d4a39439cbd43b6aaff63e16a1cbdd0/groups/8ac3c952-78b6-4c49-a477-b35f72eb8b02 returned with HTTP 404
2025-01-22 14:39:55.593 25 INFO cinder.api.openstack.wsgi [None req-4dfe2aa8-8c0f-42f3-9ba0-9431b4262c5b 25787623616341e2b31092de7c7fcd51 034140d61d1a4fb194897a6f895fbcf5 - - default default] DELETE http://[LB_IP_ADDRESS]:8776/v3/034140d61d1a4fb194897a6f895fbcf5/group_types/0edf3f37-4fb4-4175-b92a-58849fe34907
2025-01-22 14:39:55.615 25 INFO cinder.api.openstack.wsgi [None req-4dfe2aa8-8c0f-42f3-9ba0-9431b4262c5b 25787623616341e2b31092de7c7fcd51 034140d61d1a4fb194897a6f895fbcf5 - - default default] http://[LB_IP_ADDRESS]:8776/v3/034140d61d1a4fb194897a6f895fbcf5/group_types/0edf3f37-4fb4-4175-b92a-58849fe34907 returned with HTTP 202
2025-01-22 14:39:55.627 22 INFO cinder.api.openstack.wsgi [None req-f4e33dea-5809-4f00-b1e3-71b235103f61 25787623616341e2b31092de7c7fcd51 034140d61d1a4fb194897a6f895fbcf5 - - default default] DELETE http://[LB_IP_ADDRESS]:8776/v3/034140d61d1a4fb194897a6f895fbcf5/types/b37d8b2e-5fd0-406f-b2a0-78796eab2889
2025-01-22 14:39:55.684 22 INFO cinder.api.openstack.wsgi [None req-f4e33dea-5809-4f00-b1e3-71b235103f61 25787623616341e2b31092de7c7fcd51 034140d61d1a4fb194897a6f895fbcf5 - - default default] http://[LB_IP_ADDRESS]:8776/v3/034140d61d1a4fb194897a6f895fbcf5/types/b37d8b2e-5fd0-406f-b2a0-78796eab2889 returned with HTTP 202
2025-01-22 14:39:55.695 21 INFO cinder.api.openstack.wsgi [None req-492e639d-03d5-41d7-8ef9-25105f164640 25787623616341e2b31092de7c7fcd51 034140d61d1a4fb194897a6f895fbcf5 - - default default] GET http://[LB_IP_ADDRESS]:8776/v3/034140d61d1a4fb194897a6f895fbcf5/types/b37d8b2e-5fd0-406f-b2a0-78796eab2889
2025-01-22 14:39:55.701 21 INFO cinder.api.openstack.wsgi [None req-492e639d-03d5-41d7-8ef9-25105f164640 25787623616341e2b31092de7c7fcd51 034140d61d1a4fb194897a6f895fbcf5 - - default default] http://[LB_IP_ADDRESS]:8776/v3/034140d61d1a4fb194897a6f895fbcf5/types/b37d8b2e-5fd0-406f-b2a0-78796eab2889 returned with HTTP 404
2025-01-22 14:39:55.716 23 INFO cinder.api.openstack.wsgi [None req-920d03c9-ab2d-429d-8c61-e547f76356cd 25787623616341e2b31092de7c7fcd51 034140d61d1a4fb194897a6f895fbcf5 - - default default] POST http://[LB_IP_ADDRESS]:8776/v3/034140d61d1a4fb194897a6f895fbcf5/types
2025-01-22 14:39:55.750 23 INFO cinder.api.openstack.wsgi [None req-920d03c9-ab2d-429d-8c61-e547f76356cd 25787623616341e2b31092de7c7fcd51 034140d61d1a4fb194897a6f895fbcf5 - - default default] http://[LB_IP_ADDRESS]:8776/v3/034140d61d1a4fb194897a6f895fbcf5/types returned with HTTP 200
2025-01-22 14:39:55.764 24 INFO cinder.api.openstack.wsgi [None req-34f976b9-f2fe-4ab9-9e57-27a638bc8611 25787623616341e2b31092de7c7fcd51 034140d61d1a4fb194897a6f895fbcf5 - - default default] POST http://[LB_IP_ADDRESS]:8776/v3/034140d61d1a4fb194897a6f895fbcf5/group_types
2025-01-22 14:39:56.112 24 INFO cinder.api.openstack.wsgi [None req-34f976b9-f2fe-4ab9-9e57-27a638bc8611 25787623616341e2b31092de7c7fcd51 034140d61d1a4fb194897a6f895fbcf5 - - default default] http://[LB_IP_ADDRESS]:8776/v3/034140d61d1a4fb194897a6f895fbcf5/group_types returned with HTTP 202
2025-01-22 14:39:56.125 25 INFO cinder.api.openstack.wsgi [None req-f3672697-b96c-463b-a0d2-d0f0dc5dffbe fdd504d82de04c2799e9a1e4d578b92f 0d4a39439cbd43b6aaff63e16a1cbdd0 - - default default] POST http://[LB_IP_ADDRESS]:8776/v3/0d4a39439cbd43b6aaff63e16a1cbdd0/groups
2025-01-22 14:39:56.133 25 INFO cinder.api.v3.groups [None req-f3672697-b96c-463b-a0d2-d0f0dc5dffbe fdd504d82de04c2799e9a1e4d578b92f 0d4a39439cbd43b6aaff63e16a1cbdd0 - - default default] Creating group tempest-GroupSnapshotsTest-Group-839144754.
2025-01-22 14:39:56.146 25 INFO cinder.volume.api [None req-f3672697-b96c-463b-a0d2-d0f0dc5dffbe fdd504d82de04c2799e9a1e4d578b92f 0d4a39439cbd43b6aaff63e16a1cbdd0 - - default default] Availability Zones retrieved successfully.
2025-01-22 14:39:56.269 25 INFO cinder.api.openstack.wsgi [None req-f3672697-b96c-463b-a0d2-d0f0dc5dffbe fdd504d82de04c2799e9a1e4d578b92f 0d4a39439cbd43b6aaff63e16a1cbdd0 - - default default] http://[LB_IP_ADDRESS]:8776/v3/0d4a39439cbd43b6aaff63e16a1cbdd0/groups returned with HTTP 202
2025-01-22 14:39:56.282 22 INFO cinder.api.openstack.wsgi [None req-33f0c246-dd46-4112-8f11-04fb70fb79f8 fdd504d82de04c2799e9a1e4d578b92f 0d4a39439cbd43b6aaff63e16a1cbdd0 - - default default] GET http://[LB_IP_ADDRESS]:8776/v3/0d4a39439cbd43b6aaff63e16a1cbdd0/groups/e9bd81fb-577e-4391-b5bd-ab269b8f0c6a
2025-01-22 14:39:56.305 22 INFO cinder.api.openstack.wsgi [None req-33f0c246-dd46-4112-8f11-04fb70fb79f8 fdd504d82de04c2799e9a1e4d578b92f 0d4a39439cbd43b6aaff63e16a1cbdd0 - - default default] http://[LB_IP_ADDRESS]:8776/v3/0d4a39439cbd43b6aaff63e16a1cbdd0/groups/e9bd81fb-577e-4391-b5bd-ab269b8f0c6a returned with HTTP 200
2025-01-22 14:39:57.323 21 INFO cinder.api.openstack.wsgi [None req-6bfcd2c8-8bde-4fb7-bd98-9383d59f3fca fdd504d82de04c2799e9a1e4d578b92f 0d4a39439cbd43b6aaff63e16a1cbdd0 - - default default] GET http://[LB_IP_ADDRESS]:8776/v3/0d4a39439cbd43b6aaff63e16a1cbdd0/groups/e9bd81fb-577e-4391-b5bd-ab269b8f0c6a
2025-01-22 14:39:57.345 21 INFO cinder.api.openstack.wsgi [None req-6bfcd2c8-8bde-4fb7-bd98-9383d59f3fca fdd504d82de04c2799e9a1e4d578b92f 0d4a39439cbd43b6aaff63e16a1cbdd0 - - default default] http://[LB_IP_ADDRESS]:8776/v3/0d4a39439cbd43b6aaff63e16a1cbdd0/groups/e9bd81fb-577e-4391-b5bd-ab269b8f0c6a returned with HTTP 200
2025-01-22 14:39:57.362 23 INFO cinder.api.openstack.wsgi [None req-d49142c9-0049-43a7-93eb-072892251a52 fdd504d82de04c2799e9a1e4d578b92f 0d4a39439cbd43b6aaff63e16a1cbdd0 - - default default] GET http://[LB_IP_ADDRESS]:8776/v3/0d4a39439cbd43b6aaff63e16a1cbdd0/volumes/detail
2025-01-22 14:39:57.379 23 INFO cinder.volume.api [None req-d49142c9-0049-43a7-93eb-072892251a52 fdd504d82de04c2799e9a1e4d578b92f 0d4a39439cbd43b6aaff63e16a1cbdd0 - - default default] Get all volumes completed successfully.
2025-01-22 14:39:57.384 23 INFO cinder.api.openstack.wsgi [None req-d49142c9-0049-43a7-93eb-072892251a52 fdd504d82de04c2799e9a1e4d578b92f 0d4a39439cbd43b6aaff63e16a1cbdd0 - - default default] http://[LB_IP_ADDRESS]:8776/v3/0d4a39439cbd43b6aaff63e16a1cbdd0/volumes/detail returned with HTTP 200
2025-01-22 14:39:57.411 24 INFO cinder.api.openstack.wsgi [None req-0fe0b528-1731-493e-a614-78d747dab365 fdd504d82de04c2799e9a1e4d578b92f 0d4a39439cbd43b6aaff63e16a1cbdd0 - - default default] POST http://[LB_IP_ADDRESS]:8776/v3/0d4a39439cbd43b6aaff63e16a1cbdd0/groups/e9bd81fb-577e-4391-b5bd-ab269b8f0c6a/action
2025-01-22 14:39:57.415 24 INFO cinder.api.v3.groups [None req-0fe0b528-1731-493e-a614-78d747dab365 fdd504d82de04c2799e9a1e4d578b92f 0d4a39439cbd43b6aaff63e16a1cbdd0 - - default default] Delete group with id: e9bd81fb-577e-4391-b5bd-ab269b8f0c6a
2025-01-22 14:39:57.557 24 INFO cinder.api.openstack.wsgi [None req-0fe0b528-1731-493e-a614-78d747dab365 fdd504d82de04c2799e9a1e4d578b92f 0d4a39439cbd43b6aaff63e16a1cbdd0 - - default default] http://[LB_IP_ADDRESS]:8776/v3/0d4a39439cbd43b6aaff63e16a1cbdd0/groups/e9bd81fb-577e-4391-b5bd-ab269b8f0c6a/action returned with HTTP 202
2025-01-22 14:39:57.567 25 INFO cinder.api.openstack.wsgi [None req-293d7eb4-21a6-41bc-971b-9c96d6afe47e fdd504d82de04c2799e9a1e4d578b92f 0d4a39439cbd43b6aaff63e16a1cbdd0 - - default default] GET http://[LB_IP_ADDRESS]:8776/v3/0d4a39439cbd43b6aaff63e16a1cbdd0/groups/e9bd81fb-577e-4391-b5bd-ab269b8f0c6a
2025-01-22 14:39:57.571 25 INFO cinder.api.openstack.wsgi [None req-293d7eb4-21a6-41bc-971b-9c96d6afe47e fdd504d82de04c2799e9a1e4d578b92f 0d4a39439cbd43b6aaff63e16a1cbdd0 - - default default] http://[LB_IP_ADDRESS]:8776/v3/0d4a39439cbd43b6aaff63e16a1cbdd0/groups/e9bd81fb-577e-4391-b5bd-ab269b8f0c6a returned with HTTP 404
2025-01-22 14:39:57.582 22 INFO cinder.api.openstack.wsgi [None req-cba97756-40ea-45ca-bc31-1f596337a4ff 25787623616341e2b31092de7c7fcd51 034140d61d1a4fb194897a6f895fbcf5 - - default default] DELETE http://[LB_IP_ADDRESS]:8776/v3/034140d61d1a4fb194897a6f895fbcf5/group_types/61b9b189-06a4-48f7-b7e1-5d05f896d92e
2025-01-22 14:39:57.601 22 INFO cinder.api.openstack.wsgi [None req-cba97756-40ea-45ca-bc31-1f596337a4ff 25787623616341e2b31092de7c7fcd51 034140d61d1a4fb194897a6f895fbcf5 - - default default] http://[LB_IP_ADDRESS]:8776/v3/034140d61d1a4fb194897a6f895fbcf5/group_types/61b9b189-06a4-48f7-b7e1-5d05f896d92e returned with HTTP 202
2025-01-22 14:39:57.612 21 INFO cinder.api.openstack.wsgi [None req-dfd4bd9d-5cae-4e57-9dac-6849f10764be 25787623616341e2b31092de7c7fcd51 034140d61d1a4fb194897a6f895fbcf5 - - default default] DELETE http://[LB_IP_ADDRESS]:8776/v3/034140d61d1a4fb194897a6f895fbcf5/types/55ee9eb5-48c8-4534-8954-d9a50ba01708
2025-01-22 14:39:57.656 21 INFO cinder.api.openstack.wsgi [None req-dfd4bd9d-5cae-4e57-9dac-6849f10764be 25787623616341e2b31092de7c7fcd51 034140d61d1a4fb194897a6f895fbcf5 - - default default] http://[LB_IP_ADDRESS]:8776/v3/034140d61d1a4fb194897a6f895fbcf5/types/55ee9eb5-48c8-4534-8954-d9a50ba01708 returned with HTTP 202
2025-01-22 14:39:57.667 23 INFO cinder.api.openstack.wsgi [None req-7dec7745-9302-40c7-8c12-bec3e3b53b34 25787623616341e2b31092de7c7fcd51 034140d61d1a4fb194897a6f895fbcf5 - - default default] GET http://[LB_IP_ADDRESS]:8776/v3/034140d61d1a4fb194897a6f895fbcf5/types/55ee9eb5-48c8-4534-8954-d9a50ba01708
2025-01-22 14:39:57.674 23 INFO cinder.api.openstack.wsgi [None req-7dec7745-9302-40c7-8c12-bec3e3b53b34 25787623616341e2b31092de7c7fcd51 034140d61d1a4fb194897a6f895fbcf5 - - default default] http://[LB_IP_ADDRESS]:8776/v3/034140d61d1a4fb194897a6f895fbcf5/types/55ee9eb5-48c8-4534-8954-d9a50ba01708 returned with HTTP 404
2025-01-22 14:39:57.688 24 INFO cinder.api.openstack.wsgi [None req-73d232a4-e556-41ef-ad8a-6f2c70e99a9d 25787623616341e2b31092de7c7fcd51 034140d61d1a4fb194897a6f895fbcf5 - - default default] POST http://[LB_IP_ADDRESS]:8776/v3/034140d61d1a4fb194897a6f895fbcf5/types
2025-01-22 14:39:57.720 24 INFO cinder.api.openstack.wsgi [None req-73d232a4-e556-41ef-ad8a-6f2c70e99a9d 25787623616341e2b31092de7c7fcd51 034140d61d1a4fb194897a6f895fbcf5 - - default default] http://[LB_IP_ADDRESS]:8776/v3/034140d61d1a4fb194897a6f895fbcf5/types returned with HTTP 200
2025-01-22 14:39:57.732 25 INFO cinder.api.openstack.wsgi [None req-5d1d2ee4-8751-4374-90f3-dddcc2f6a37e 25787623616341e2b31092de7c7fcd51 034140d61d1a4fb194897a6f895fbcf5 - - default default] POST http://[LB_IP_ADDRESS]:8776/v3/034140d61d1a4fb194897a6f895fbcf5/group_types
2025-01-22 14:39:57.755 25 INFO cinder.api.openstack.wsgi [None req-5d1d2ee4-8751-4374-90f3-dddcc2f6a37e 25787623616341e2b31092de7c7fcd51 034140d61d1a4fb194897a6f895fbcf5 - - default default] http://[LB_IP_ADDRESS]:8776/v3/034140d61d1a4fb194897a6f895fbcf5/group_types returned with HTTP 202
2025-01-22 14:39:57.767 22 INFO cinder.api.openstack.wsgi [None req-0a7ba147-a1b1-4766-9557-703c75a6491d fdd504d82de04c2799e9a1e4d578b92f 0d4a39439cbd43b6aaff63e16a1cbdd0 - - default default] POST http://[LB_IP_ADDRESS]:8776/v3/0d4a39439cbd43b6aaff63e16a1cbdd0/groups
2025-01-22 14:39:57.777 22 INFO cinder.api.v3.groups [None req-0a7ba147-a1b1-4766-9557-703c75a6491d fdd504d82de04c2799e9a1e4d578b92f 0d4a39439cbd43b6aaff63e16a1cbdd0 - - default default] Creating group tempest-GroupSnapshotsTest-Group-238915637.
2025-01-22 14:39:57.785 22 INFO cinder.volume.api [None req-0a7ba147-a1b1-4766-9557-703c75a6491d fdd504d82de04c2799e9a1e4d578b92f 0d4a39439cbd43b6aaff63e16a1cbdd0 - - default default] Availability Zones retrieved successfully.
2025-01-22 14:39:57.926 22 INFO cinder.api.openstack.wsgi [None req-0a7ba147-a1b1-4766-9557-703c75a6491d fdd504d82de04c2799e9a1e4d578b92f 0d4a39439cbd43b6aaff63e16a1cbdd0 - - default default] http://[LB_IP_ADDRESS]:8776/v3/0d4a39439cbd43b6aaff63e16a1cbdd0/groups returned with HTTP 202
2025-01-22 14:39:57.940 21 INFO cinder.api.openstack.wsgi [None req-c0c52565-7487-4965-800c-9f82e7955251 fdd504d82de04c2799e9a1e4d578b92f 0d4a39439cbd43b6aaff63e16a1cbdd0 - - default default] GET http://[LB_IP_ADDRESS]:8776/v3/0d4a39439cbd43b6aaff63e16a1cbdd0/groups/69648a38-757a-447c-a597-1f636166c88d
2025-01-22 14:39:57.958 21 INFO cinder.api.openstack.wsgi [None req-c0c52565-7487-4965-800c-9f82e7955251 fdd504d82de04c2799e9a1e4d578b92f 0d4a39439cbd43b6aaff63e16a1cbdd0 - - default default] http://[LB_IP_ADDRESS]:8776/v3/0d4a39439cbd43b6aaff63e16a1cbdd0/groups/69648a38-757a-447c-a597-1f636166c88d returned with HTTP 200
2025-01-22 14:39:58.789 23 INFO cinder.api.openstack.wsgi [None req-be1e9c98-d584-4aba-bf58-f3ef8210759e 1694c01fdb374e1083ae17d76f5ab8d4 b7e5759aab434eada5dcb4f85994e6de - - default default] GET http://[LB_IP_ADDRESS]:8776/v3/b7e5759aab434eada5dcb4f85994e6de/os-quota-class-sets/default
2025-01-22 14:39:58.906 24 INFO cinder.api.openstack.wsgi [None req-55e2e8cc-1249-4cc5-a17b-2b8e03fe4f54 e1fbcc50f5bf44aca912e2e07b8e490a 77f00966cfb64748bf8e89ecc098ade7 - - default default] POST http://[LB_IP_ADDRESS]:8776/v3/77f00966cfb64748bf8e89ecc098ade7/group_types
2025-01-22 14:39:58.950 24 INFO cinder.api.openstack.wsgi [None req-55e2e8cc-1249-4cc5-a17b-2b8e03fe4f54 e1fbcc50f5bf44aca912e2e07b8e490a 77f00966cfb64748bf8e89ecc098ade7 - - default default] http://[LB_IP_ADDRESS]:8776/v3/77f00966cfb64748bf8e89ecc098ade7/group_types returned with HTTP 202
2025-01-22 14:39:58.965 25 INFO cinder.api.openstack.wsgi [None req-770e4004-7fac-4bc4-b9f9-d65cf9d29a16 e1fbcc50f5bf44aca912e2e07b8e490a 77f00966cfb64748bf8e89ecc098ade7 - - default default] GET http://[LB_IP_ADDRESS]:8776/v3/77f00966cfb64748bf8e89ecc098ade7/group_types
2025-01-22 14:39:58.975 22 INFO cinder.api.openstack.wsgi [None req-bd3e2468-f9a6-4820-a6a6-b99de4366172 fdd504d82de04c2799e9a1e4d578b92f 0d4a39439cbd43b6aaff63e16a1cbdd0 - - default default] GET http://[LB_IP_ADDRESS]:8776/v3/0d4a39439cbd43b6aaff63e16a1cbdd0/groups/69648a38-757a-447c-a597-1f636166c88d
2025-01-22 14:39:58.984 25 INFO cinder.api.openstack.wsgi [None req-770e4004-7fac-4bc4-b9f9-d65cf9d29a16 e1fbcc50f5bf44aca912e2e07b8e490a 77f00966cfb64748bf8e89ecc098ade7 - - default default] http://[LB_IP_ADDRESS]:8776/v3/77f00966cfb64748bf8e89ecc098ade7/group_types returned with HTTP 200
2025-01-22 14:39:58.997 22 INFO cinder.api.openstack.wsgi [None req-bd3e2468-f9a6-4820-a6a6-b99de4366172 fdd504d82de04c2799e9a1e4d578b92f 0d4a39439cbd43b6aaff63e16a1cbdd0 - - default default] http://[LB_IP_ADDRESS]:8776/v3/0d4a39439cbd43b6aaff63e16a1cbdd0/groups/69648a38-757a-447c-a597-1f636166c88d returned with HTTP 200
2025-01-22 14:39:58.999 21 INFO cinder.api.openstack.wsgi [None req-3e922330-e00e-4149-8973-3d33a4924034 e1fbcc50f5bf44aca912e2e07b8e490a 77f00966cfb64748bf8e89ecc098ade7 - - default default] PUT http://[LB_IP_ADDRESS]:8776/v3/77f00966cfb64748bf8e89ecc098ade7/group_types/441bf164-64d4-4563-a95d-f7020285a52b
2025-01-22 14:39:59.013 24 INFO cinder.api.openstack.wsgi [None req-74a98c8d-0856-4e3a-9db2-91cdc8b5d655 fdd504d82de04c2799e9a1e4d578b92f 0d4a39439cbd43b6aaff63e16a1cbdd0 - - default default] GET http://[LB_IP_ADDRESS]:8776/v3/0d4a39439cbd43b6aaff63e16a1cbdd0/volumes/detail
2025-01-22 14:39:59.024 21 INFO cinder.api.openstack.wsgi [None req-3e922330-e00e-4149-8973-3d33a4924034 e1fbcc50f5bf44aca912e2e07b8e490a 77f00966cfb64748bf8e89ecc098ade7 - - default default] http://[LB_IP_ADDRESS]:8776/v3/77f00966cfb64748bf8e89ecc098ade7/group_types/441bf164-64d4-4563-a95d-f7020285a52b returned with HTTP 200
2025-01-22 14:39:59.031 24 INFO cinder.volume.api [None req-74a98c8d-0856-4e3a-9db2-91cdc8b5d655 fdd504d82de04c2799e9a1e4d578b92f 0d4a39439cbd43b6aaff63e16a1cbdd0 - - default default] Get all volumes completed successfully.
2025-01-22 14:39:59.036 24 INFO cinder.api.openstack.wsgi [None req-74a98c8d-0856-4e3a-9db2-91cdc8b5d655 fdd504d82de04c2799e9a1e4d578b92f 0d4a39439cbd43b6aaff63e16a1cbdd0 - - default default] http://[LB_IP_ADDRESS]:8776/v3/0d4a39439cbd43b6aaff63e16a1cbdd0/volumes/detail returned with HTTP 200
2025-01-22 14:39:59.038 25 INFO cinder.api.openstack.wsgi [None req-e97e7b1b-9e2a-4399-8ddf-c5221306bee0 e1fbcc50f5bf44aca912e2e07b8e490a 77f00966cfb64748bf8e89ecc098ade7 - - default default] GET http://[LB_IP_ADDRESS]:8776/v3/77f00966cfb64748bf8e89ecc098ade7/group_types/441bf164-64d4-4563-a95d-f7020285a52b
2025-01-22 14:39:59.046 25 INFO cinder.api.openstack.wsgi [None req-e97e7b1b-9e2a-4399-8ddf-c5221306bee0 e1fbcc50f5bf44aca912e2e07b8e490a 77f00966cfb64748bf8e89ecc098ade7 - - default default] http://[LB_IP_ADDRESS]:8776/v3/77f00966cfb64748bf8e89ecc098ade7/group_types/441bf164-64d4-4563-a95d-f7020285a52b returned with HTTP 200
2025-01-22 14:39:59.059 22 INFO cinder.api.openstack.wsgi [None req-3e0cbebf-71c4-42da-9a7c-5e6863223eb9 e1fbcc50f5bf44aca912e2e07b8e490a 77f00966cfb64748bf8e89ecc098ade7 - - default default] DELETE http://[LB_IP_ADDRESS]:8776/v3/77f00966cfb64748bf8e89ecc098ade7/group_types/441bf164-64d4-4563-a95d-f7020285a52b
2025-01-22 14:39:59.065 21 INFO cinder.api.openstack.wsgi [None req-f759972d-6ee8-419f-b0e0-ac8cc6384fd3 fdd504d82de04c2799e9a1e4d578b92f 0d4a39439cbd43b6aaff63e16a1cbdd0 - - default default] POST http://[LB_IP_ADDRESS]:8776/v3/0d4a39439cbd43b6aaff63e16a1cbdd0/groups/69648a38-757a-447c-a597-1f636166c88d/action
2025-01-22 14:39:59.069 21 INFO cinder.api.v3.groups [None req-f759972d-6ee8-419f-b0e0-ac8cc6384fd3 fdd504d82de04c2799e9a1e4d578b92f 0d4a39439cbd43b6aaff63e16a1cbdd0 - - default default] Delete group with id: 69648a38-757a-447c-a597-1f636166c88d
2025-01-22 14:39:59.080 22 INFO cinder.api.openstack.wsgi [None req-3e0cbebf-71c4-42da-9a7c-5e6863223eb9 e1fbcc50f5bf44aca912e2e07b8e490a 77f00966cfb64748bf8e89ecc098ade7 - - default default] http://[LB_IP_ADDRESS]:8776/v3/77f00966cfb64748bf8e89ecc098ade7/group_types/441bf164-64d4-4563-a95d-f7020285a52b returned with HTTP 202
2025-01-22 14:39:59.091 24 INFO cinder.api.openstack.wsgi [None req-b69f7f40-ba14-4e2a-a570-92ac2a249b66 e1fbcc50f5bf44aca912e2e07b8e490a 77f00966cfb64748bf8e89ecc098ade7 - - default default] GET http://[LB_IP_ADDRESS]:8776/v3/77f00966cfb64748bf8e89ecc098ade7/group_types
2025-01-22 14:39:59.110 24 INFO cinder.api.openstack.wsgi [None req-b69f7f40-ba14-4e2a-a570-92ac2a249b66 e1fbcc50f5bf44aca912e2e07b8e490a 77f00966cfb64748bf8e89ecc098ade7 - - default default] http://[LB_IP_ADDRESS]:8776/v3/77f00966cfb64748bf8e89ecc098ade7/group_types returned with HTTP 200
2025-01-22 14:39:59.126 25 INFO cinder.api.openstack.wsgi [None req-35a07ba1-3fa7-448f-ad74-6f5f64d2db73 e1fbcc50f5bf44aca912e2e07b8e490a 77f00966cfb64748bf8e89ecc098ade7 - - default default] POST http://[LB_IP_ADDRESS]:8776/v3/77f00966cfb64748bf8e89ecc098ade7/group_types
2025-01-22 14:39:59.154 25 INFO cinder.api.openstack.wsgi [None req-35a07ba1-3fa7-448f-ad74-6f5f64d2db73 e1fbcc50f5bf44aca912e2e07b8e490a 77f00966cfb64748bf8e89ecc098ade7 - - default default] http://[LB_IP_ADDRESS]:8776/v3/77f00966cfb64748bf8e89ecc098ade7/group_types returned with HTTP 202
2025-01-22 14:39:59.168 22 INFO cinder.api.openstack.wsgi [None req-2978ff0c-0f4d-45a9-abf7-33ab3536c3f2 e1fbcc50f5bf44aca912e2e07b8e490a 77f00966cfb64748bf8e89ecc098ade7 - - default default] POST http://[LB_IP_ADDRESS]:8776/v3/77f00966cfb64748bf8e89ecc098ade7/group_types
2025-01-22 14:39:59.203 21 INFO cinder.api.openstack.wsgi [None req-f759972d-6ee8-419f-b0e0-ac8cc6384fd3 fdd504d82de04c2799e9a1e4d578b92f 0d4a39439cbd43b6aaff63e16a1cbdd0 - - default default] http://[LB_IP_ADDRESS]:8776/v3/0d4a39439cbd43b6aaff63e16a1cbdd0/groups/69648a38-757a-447c-a597-1f636166c88d/action returned with HTTP 202
2025-01-22 14:39:59.215 24 INFO cinder.api.openstack.wsgi [None req-d23847f7-1137-4a38-ac2d-cdfb38f44577 fdd504d82de04c2799e9a1e4d578b92f 0d4a39439cbd43b6aaff63e16a1cbdd0 - - default default] GET http://[LB_IP_ADDRESS]:8776/v3/0d4a39439cbd43b6aaff63e16a1cbdd0/groups/69648a38-757a-447c-a597-1f636166c88d
2025-01-22 14:39:59.221 24 INFO cinder.api.openstack.wsgi [None req-d23847f7-1137-4a38-ac2d-cdfb38f44577 fdd504d82de04c2799e9a1e4d578b92f 0d4a39439cbd43b6aaff63e16a1cbdd0 - - default default] http://[LB_IP_ADDRESS]:8776/v3/0d4a39439cbd43b6aaff63e16a1cbdd0/groups/69648a38-757a-447c-a597-1f636166c88d returned with HTTP 404
2025-01-22 14:39:59.228 22 INFO cinder.api.openstack.wsgi [None req-2978ff0c-0f4d-45a9-abf7-33ab3536c3f2 e1fbcc50f5bf44aca912e2e07b8e490a 77f00966cfb64748bf8e89ecc098ade7 - - default default] http://[LB_IP_ADDRESS]:8776/v3/77f00966cfb64748bf8e89ecc098ade7/group_types returned with HTTP 202
2025-01-22 14:39:59.233 25 INFO cinder.api.openstack.wsgi [None req-40ee3911-43f6-4f09-8b0c-38a750f03e8b 25787623616341e2b31092de7c7fcd51 034140d61d1a4fb194897a6f895fbcf5 - - default default] DELETE http://[LB_IP_ADDRESS]:8776/v3/034140d61d1a4fb194897a6f895fbcf5/group_types/ac93e81f-d7eb-4d10-9047-70cd9ebcfe93
2025-01-22 14:39:59.242 21 INFO cinder.api.openstack.wsgi [None req-2086fe11-3ed9-4ae0-9676-a2879c7c4fc1 e1fbcc50f5bf44aca912e2e07b8e490a 77f00966cfb64748bf8e89ecc098ade7 - - default default] GET http://[LB_IP_ADDRESS]:8776/v3/77f00966cfb64748bf8e89ecc098ade7/group_types?sort=name%3Aasc&is_public=None
2025-01-22 14:39:59.254 25 INFO cinder.api.openstack.wsgi [None req-40ee3911-43f6-4f09-8b0c-38a750f03e8b 25787623616341e2b31092de7c7fcd51 034140d61d1a4fb194897a6f895fbcf5 - - default default] http://[LB_IP_ADDRESS]:8776/v3/034140d61d1a4fb194897a6f895fbcf5/group_types/ac93e81f-d7eb-4d10-9047-70cd9ebcfe93 returned with HTTP 202
2025-01-22 14:39:59.258 21 INFO cinder.api.openstack.wsgi [None req-2086fe11-3ed9-4ae0-9676-a2879c7c4fc1 e1fbcc50f5bf44aca912e2e07b8e490a 77f00966cfb64748bf8e89ecc098ade7 - - default default] http://[LB_IP_ADDRESS]:8776/v3/77f00966cfb64748bf8e89ecc098ade7/group_types?sort=name%3Aasc&is_public=None returned with HTTP 200
2025-01-22 14:39:59.265 24 INFO cinder.api.openstack.wsgi [None req-ddf315c0-6c15-459e-9da0-15fa213a92ef 25787623616341e2b31092de7c7fcd51 034140d61d1a4fb194897a6f895fbcf5 - - default default] DELETE http://[LB_IP_ADDRESS]:8776/v3/034140d61d1a4fb194897a6f895fbcf5/types/2337869a-1a77-4dfc-abb3-63903e3bb343
2025-01-22 14:39:59.278 22 INFO cinder.api.openstack.wsgi [None req-76416a8e-a219-41ed-a29f-cacb6835a2bd e1fbcc50f5bf44aca912e2e07b8e490a 77f00966cfb64748bf8e89ecc098ade7 - - default default] GET http://[LB_IP_ADDRESS]:8776/v3/77f00966cfb64748bf8e89ecc098ade7/group_types?sort=name%3Adesc&is_public=None
2025-01-22 14:39:59.297 22 INFO cinder.api.openstack.wsgi [None req-76416a8e-a219-41ed-a29f-cacb6835a2bd e1fbcc50f5bf44aca912e2e07b8e490a 77f00966cfb64748bf8e89ecc098ade7 - - default default] http://[LB_IP_ADDRESS]:8776/v3/77f00966cfb64748bf8e89ecc098ade7/group_types?sort=name%3Adesc&is_public=None returned with HTTP 200
2025-01-22 14:39:59.312 25 INFO cinder.api.openstack.wsgi [None req-311e380b-6ff2-47cf-a2db-a950ddfd4519 e1fbcc50f5bf44aca912e2e07b8e490a 77f00966cfb64748bf8e89ecc098ade7 - - default default] GET http://[LB_IP_ADDRESS]:8776/v3/77f00966cfb64748bf8e89ecc098ade7/group_types?is_public=False
2025-01-22 14:39:59.322 24 INFO cinder.api.openstack.wsgi [None req-ddf315c0-6c15-459e-9da0-15fa213a92ef 25787623616341e2b31092de7c7fcd51 034140d61d1a4fb194897a6f895fbcf5 - - default default] http://[LB_IP_ADDRESS]:8776/v3/034140d61d1a4fb194897a6f895fbcf5/types/2337869a-1a77-4dfc-abb3-63903e3bb343 returned with HTTP 202
2025-01-22 14:39:59.327 25 INFO cinder.api.openstack.wsgi [None req-311e380b-6ff2-47cf-a2db-a950ddfd4519 e1fbcc50f5bf44aca912e2e07b8e490a 77f00966cfb64748bf8e89ecc098ade7 - - default default] http://[LB_IP_ADDRESS]:8776/v3/77f00966cfb64748bf8e89ecc098ade7/group_types?is_public=False returned with HTTP 200
2025-01-22 14:39:59.333 21 INFO cinder.api.openstack.wsgi [None req-91480168-c5b1-48f5-8b43-d6128117b2bd 25787623616341e2b31092de7c7fcd51 034140d61d1a4fb194897a6f895fbcf5 - - default default] GET http://[LB_IP_ADDRESS]:8776/v3/034140d61d1a4fb194897a6f895fbcf5/types/2337869a-1a77-4dfc-abb3-63903e3bb343
2025-01-22 14:39:59.340 21 INFO cinder.api.openstack.wsgi [None req-91480168-c5b1-48f5-8b43-d6128117b2bd 25787623616341e2b31092de7c7fcd51 034140d61d1a4fb194897a6f895fbcf5 - - default default] http://[LB_IP_ADDRESS]:8776/v3/034140d61d1a4fb194897a6f895fbcf5/types/2337869a-1a77-4dfc-abb3-63903e3bb343 returned with HTTP 404
2025-01-22 14:39:59.341 22 INFO cinder.api.openstack.wsgi [None req-7d82a811-915b-4c44-af34-1bb9949ec068 e1fbcc50f5bf44aca912e2e07b8e490a 77f00966cfb64748bf8e89ecc098ade7 - - default default] GET http://[LB_IP_ADDRESS]:8776/v3/77f00966cfb64748bf8e89ecc098ade7/group_types?is_public=True
2025-01-22 14:39:59.363 22 INFO cinder.api.openstack.wsgi [None req-7d82a811-915b-4c44-af34-1bb9949ec068 e1fbcc50f5bf44aca912e2e07b8e490a 77f00966cfb64748bf8e89ecc098ade7 - - default default] http://[LB_IP_ADDRESS]:8776/v3/77f00966cfb64748bf8e89ecc098ade7/group_types?is_public=True returned with HTTP 200
2025-01-22 14:39:59.378 24 INFO cinder.api.openstack.wsgi [None req-dc1014e8-9725-4786-98d2-52df0721ea73 e1fbcc50f5bf44aca912e2e07b8e490a 77f00966cfb64748bf8e89ecc098ade7 - - default default] DELETE http://[LB_IP_ADDRESS]:8776/v3/77f00966cfb64748bf8e89ecc098ade7/group_types/a8deceed-6dbe-4903-b5d6-a4e6fea134c1
2025-01-22 14:39:59.400 24 INFO cinder.api.openstack.wsgi [None req-dc1014e8-9725-4786-98d2-52df0721ea73 e1fbcc50f5bf44aca912e2e07b8e490a 77f00966cfb64748bf8e89ecc098ade7 - - default default] http://[LB_IP_ADDRESS]:8776/v3/77f00966cfb64748bf8e89ecc098ade7/group_types/a8deceed-6dbe-4903-b5d6-a4e6fea134c1 returned with HTTP 202
2025-01-22 14:39:59.412 25 INFO cinder.api.openstack.wsgi [None req-f24780f6-dbcd-4656-b255-ea50c85fd25c e1fbcc50f5bf44aca912e2e07b8e490a 77f00966cfb64748bf8e89ecc098ade7 - - default default] DELETE http://[LB_IP_ADDRESS]:8776/v3/77f00966cfb64748bf8e89ecc098ade7/group_types/386f8a10-e158-4761-bc25-76cc69417144
2025-01-22 14:39:59.433 25 INFO cinder.api.openstack.wsgi [None req-f24780f6-dbcd-4656-b255-ea50c85fd25c e1fbcc50f5bf44aca912e2e07b8e490a 77f00966cfb64748bf8e89ecc098ade7 - - default default] http://[LB_IP_ADDRESS]:8776/v3/77f00966cfb64748bf8e89ecc098ade7/group_types/386f8a10-e158-4761-bc25-76cc69417144 returned with HTTP 202
2025-01-22 14:39:59.435 23 INFO cinder.api.openstack.wsgi [None req-be1e9c98-d584-4aba-bf58-f3ef8210759e 1694c01fdb374e1083ae17d76f5ab8d4 b7e5759aab434eada5dcb4f85994e6de - - default default] http://[LB_IP_ADDRESS]:8776/v3/b7e5759aab434eada5dcb4f85994e6de/os-quota-class-sets/default returned with HTTP 200
2025-01-22 14:39:59.454 21 INFO cinder.api.openstack.wsgi [None req-fa08d90f-c0d1-42cd-a66c-d5d1de0670e2 1694c01fdb374e1083ae17d76f5ab8d4 b7e5759aab434eada5dcb4f85994e6de - - default default] GET http://[LB_IP_ADDRESS]:8776/v3/b7e5759aab434eada5dcb4f85994e6de/os-quota-class-sets/default
2025-01-22 14:39:59.816 21 INFO cinder.api.openstack.wsgi [None req-fa08d90f-c0d1-42cd-a66c-d5d1de0670e2 1694c01fdb374e1083ae17d76f5ab8d4 b7e5759aab434eada5dcb4f85994e6de - - default default] http://[LB_IP_ADDRESS]:8776/v3/b7e5759aab434eada5dcb4f85994e6de/os-quota-class-sets/default returned with HTTP 200
2025-01-22 14:39:59.834 22 INFO cinder.api.openstack.wsgi [None req-db680a2e-18a6-4e58-8232-840e02dd79e8 1694c01fdb374e1083ae17d76f5ab8d4 b7e5759aab434eada5dcb4f85994e6de - - default default] POST http://[LB_IP_ADDRESS]:8776/v3/b7e5759aab434eada5dcb4f85994e6de/types
2025-01-22 14:39:59.878 22 INFO cinder.api.openstack.wsgi [None req-db680a2e-18a6-4e58-8232-840e02dd79e8 1694c01fdb374e1083ae17d76f5ab8d4 b7e5759aab434eada5dcb4f85994e6de - - default default] http://[LB_IP_ADDRESS]:8776/v3/b7e5759aab434eada5dcb4f85994e6de/types returned with HTTP 200
2025-01-22 14:39:59.893 24 INFO cinder.api.openstack.wsgi [None req-a134d857-210a-4712-9aef-93734bcaca39 1694c01fdb374e1083ae17d76f5ab8d4 b7e5759aab434eada5dcb4f85994e6de - - default default] PUT http://[LB_IP_ADDRESS]:8776/v3/b7e5759aab434eada5dcb4f85994e6de/os-quota-class-sets/default
2025-01-22 14:40:00.401 24 INFO cinder.api.openstack.wsgi [None req-a134d857-210a-4712-9aef-93734bcaca39 1694c01fdb374e1083ae17d76f5ab8d4 b7e5759aab434eada5dcb4f85994e6de - - default default] http://[LB_IP_ADDRESS]:8776/v3/b7e5759aab434eada5dcb4f85994e6de/os-quota-class-sets/default returned with HTTP 200
2025-01-22 14:40:00.417 25 INFO cinder.api.openstack.wsgi [None req-b311a2a8-15de-489b-85b8-0ebb05ca759f 1694c01fdb374e1083ae17d76f5ab8d4 b7e5759aab434eada5dcb4f85994e6de - - default default] GET http://[LB_IP_ADDRESS]:8776/v3/b7e5759aab434eada5dcb4f85994e6de/os-quota-sets/b7e5759aab434eada5dcb4f85994e6de/defaults
2025-01-22 14:40:00.924 25 INFO cinder.api.openstack.wsgi [None req-b311a2a8-15de-489b-85b8-0ebb05ca759f 1694c01fdb374e1083ae17d76f5ab8d4 b7e5759aab434eada5dcb4f85994e6de - - default default] http://[LB_IP_ADDRESS]:8776/v3/b7e5759aab434eada5dcb4f85994e6de/os-quota-sets/b7e5759aab434eada5dcb4f85994e6de/defaults returned with HTTP 200
2025-01-22 14:40:01.150 23 INFO cinder.api.openstack.wsgi [None req-60b36cae-5252-4b09-90e1-b4fbaddc5c73 1694c01fdb374e1083ae17d76f5ab8d4 b7e5759aab434eada5dcb4f85994e6de - - default default] GET http://[LB_IP_ADDRESS]:8776/v3/b7e5759aab434eada5dcb4f85994e6de/os-quota-sets/f6489209a7154c63a0c182f1a33f67c9/defaults
2025-01-22 14:40:01.326 23 INFO cinder.api.openstack.wsgi [None req-60b36cae-5252-4b09-90e1-b4fbaddc5c73 1694c01fdb374e1083ae17d76f5ab8d4 b7e5759aab434eada5dcb4f85994e6de - - default default] http://[LB_IP_ADDRESS]:8776/v3/b7e5759aab434eada5dcb4f85994e6de/os-quota-sets/f6489209a7154c63a0c182f1a33f67c9/defaults returned with HTTP 200
2025-01-22 14:40:01.522 21 INFO cinder.api.openstack.wsgi [None req-a39bef2a-a69d-4732-8342-968e629ea6a5 1694c01fdb374e1083ae17d76f5ab8d4 b7e5759aab434eada5dcb4f85994e6de - - default default] DELETE http://[LB_IP_ADDRESS]:8776/v3/b7e5759aab434eada5dcb4f85994e6de/types/b4cf0435-2ff7-443d-b63f-d19100612bbd
2025-01-22 14:40:01.570 21 INFO cinder.api.openstack.wsgi [None req-a39bef2a-a69d-4732-8342-968e629ea6a5 1694c01fdb374e1083ae17d76f5ab8d4 b7e5759aab434eada5dcb4f85994e6de - - default default] http://[LB_IP_ADDRESS]:8776/v3/b7e5759aab434eada5dcb4f85994e6de/types/b4cf0435-2ff7-443d-b63f-d19100612bbd returned with HTTP 202
2025-01-22 14:40:01.581 22 INFO cinder.api.openstack.wsgi [None req-75192ddb-0cb9-479a-8c97-28656f70abea 1694c01fdb374e1083ae17d76f5ab8d4 b7e5759aab434eada5dcb4f85994e6de - - default default] GET http://[LB_IP_ADDRESS]:8776/v3/b7e5759aab434eada5dcb4f85994e6de/types/b4cf0435-2ff7-443d-b63f-d19100612bbd
2025-01-22 14:40:01.589 22 INFO cinder.api.openstack.wsgi [None req-75192ddb-0cb9-479a-8c97-28656f70abea 1694c01fdb374e1083ae17d76f5ab8d4 b7e5759aab434eada5dcb4f85994e6de - - default default] http://[LB_IP_ADDRESS]:8776/v3/b7e5759aab434eada5dcb4f85994e6de/types/b4cf0435-2ff7-443d-b63f-d19100612bbd returned with HTTP 404
2025-01-22 14:40:01.600 24 INFO cinder.api.openstack.wsgi [None req-fdc7fb57-7b9e-4063-82c3-2d1238e5e827 1694c01fdb374e1083ae17d76f5ab8d4 b7e5759aab434eada5dcb4f85994e6de - - default default] PUT http://[LB_IP_ADDRESS]:8776/v3/b7e5759aab434eada5dcb4f85994e6de/os-quota-class-sets/default
2025-01-22 14:40:02.086 24 INFO cinder.api.openstack.wsgi [None req-fdc7fb57-7b9e-4063-82c3-2d1238e5e827 1694c01fdb374e1083ae17d76f5ab8d4 b7e5759aab434eada5dcb4f85994e6de - - default default] http://[LB_IP_ADDRESS]:8776/v3/b7e5759aab434eada5dcb4f85994e6de/os-quota-class-sets/default returned with HTTP 200
2025-01-22 14:40:03.396 25 INFO cinder.api.openstack.wsgi [None req-a9e2a179-6cad-4ac6-b63d-31c493e0eeb0 - - - - - -] GET http://[LB_IP_ADDRESS]:8776/
2025-01-22 14:40:03.397 25 INFO cinder.api.openstack.wsgi [None req-a9e2a179-6cad-4ac6-b63d-31c493e0eeb0 - - - - - -] http://[LB_IP_ADDRESS]:8776/ returned with HTTP 300
2025-01-22 14:40:04.552 23 INFO cinder.api.openstack.wsgi [None req-2fd52474-923e-449d-a328-8b7f601418e4 c27b44165e3d47828c11dcc39c553220 749ab7f408ee48ec810827ee0d7a2c4b - - default default] POST http://[LB_IP_ADDRESS]:8776/v3/749ab7f408ee48ec810827ee0d7a2c4b/types
2025-01-22 14:40:04.586 23 INFO cinder.api.openstack.wsgi [None req-2fd52474-923e-449d-a328-8b7f601418e4 c27b44165e3d47828c11dcc39c553220 749ab7f408ee48ec810827ee0d7a2c4b - - default default] http://[LB_IP_ADDRESS]:8776/v3/749ab7f408ee48ec810827ee0d7a2c4b/types returned with HTTP 200
2025-01-22 14:40:04.601 21 INFO cinder.api.openstack.wsgi [None req-b1feaaf4-62bb-49e1-a33d-c9189468af36 c27b44165e3d47828c11dcc39c553220 749ab7f408ee48ec810827ee0d7a2c4b - - default default] POST http://[LB_IP_ADDRESS]:8776/v3/749ab7f408ee48ec810827ee0d7a2c4b/group_types
2025-01-22 14:40:04.633 21 INFO cinder.api.openstack.wsgi [None req-b1feaaf4-62bb-49e1-a33d-c9189468af36 c27b44165e3d47828c11dcc39c553220 749ab7f408ee48ec810827ee0d7a2c4b - - default default] http://[LB_IP_ADDRESS]:8776/v3/749ab7f408ee48ec810827ee0d7a2c4b/group_types returned with HTTP 202
2025-01-22 14:40:04.807 22 INFO cinder.api.openstack.wsgi [None req-91cd752f-de7c-439f-b840-9504929b525b d792450dcb1242dc93708ecc386e020f a3b5f4299f684159a0061eb94036f0c9 - - default default] POST http://[LB_IP_ADDRESS]:8776/v3/a3b5f4299f684159a0061eb94036f0c9/groups
2025-01-22 14:40:04.817 22 INFO cinder.api.v3.groups [None req-91cd752f-de7c-439f-b840-9504929b525b d792450dcb1242dc93708ecc386e020f a3b5f4299f684159a0061eb94036f0c9 - - default default] Creating group tempest-Group1-288126267.
2025-01-22 14:40:04.826 22 INFO cinder.volume.api [None req-91cd752f-de7c-439f-b840-9504929b525b d792450dcb1242dc93708ecc386e020f a3b5f4299f684159a0061eb94036f0c9 - - default default] Availability Zones retrieved successfully.
2025-01-22 14:40:04.963 24 INFO cinder.api.openstack.wsgi [None req-e42d6b33-e8b9-40f8-80ff-492c2a6aefd9 e85b5fff090f4c2e9a3b0fdb4d83df86 303a38eab1c946188acdd4dc2b9f5917 - - default default] POST http://[LB_IP_ADDRESS]:8776/v3/303a38eab1c946188acdd4dc2b9f5917/volumes
2025-01-22 14:40:04.969 24 INFO cinder.api.v3.volumes [None req-e42d6b33-e8b9-40f8-80ff-492c2a6aefd9 e85b5fff090f4c2e9a3b0fdb4d83df86 303a38eab1c946188acdd4dc2b9f5917 - - default default] Create volume of 1 GB
2025-01-22 14:40:04.974 22 INFO cinder.api.openstack.wsgi [None req-91cd752f-de7c-439f-b840-9504929b525b d792450dcb1242dc93708ecc386e020f a3b5f4299f684159a0061eb94036f0c9 - - default default] http://[LB_IP_ADDRESS]:8776/v3/a3b5f4299f684159a0061eb94036f0c9/groups returned with HTTP 202
2025-01-22 14:40:04.981 24 INFO cinder.volume.api [None req-e42d6b33-e8b9-40f8-80ff-492c2a6aefd9 e85b5fff090f4c2e9a3b0fdb4d83df86 303a38eab1c946188acdd4dc2b9f5917 - - default default] Availability Zones retrieved successfully.
2025-01-22 14:40:04.986 25 INFO cinder.api.openstack.wsgi [None req-7b6905b2-5914-41d9-bb1b-e408fc7179a2 d792450dcb1242dc93708ecc386e020f a3b5f4299f684159a0061eb94036f0c9 - - default default] GET http://[LB_IP_ADDRESS]:8776/v3/a3b5f4299f684159a0061eb94036f0c9/groups/ce851dc4-a6ab-4cc9-8331-8f006a7d3c80
2025-01-22 14:40:05.008 25 INFO cinder.api.openstack.wsgi [None req-7b6905b2-5914-41d9-bb1b-e408fc7179a2 d792450dcb1242dc93708ecc386e020f a3b5f4299f684159a0061eb94036f0c9 - - default default] http://[LB_IP_ADDRESS]:8776/v3/a3b5f4299f684159a0061eb94036f0c9/groups/ce851dc4-a6ab-4cc9-8331-8f006a7d3c80 returned with HTTP 200
2025-01-22 14:40:05.807 24 INFO cinder.volume.api [None req-e42d6b33-e8b9-40f8-80ff-492c2a6aefd9 e85b5fff090f4c2e9a3b0fdb4d83df86 303a38eab1c946188acdd4dc2b9f5917 - - default default] Create volume request issued successfully.
2025-01-22 14:40:05.809 24 INFO cinder.api.openstack.wsgi [None req-e42d6b33-e8b9-40f8-80ff-492c2a6aefd9 e85b5fff090f4c2e9a3b0fdb4d83df86 303a38eab1c946188acdd4dc2b9f5917 - - default default] http://[LB_IP_ADDRESS]:8776/v3/303a38eab1c946188acdd4dc2b9f5917/volumes returned with HTTP 202
2025-01-22 14:40:05.835 23 INFO cinder.api.openstack.wsgi [None req-44ef76f9-3fe1-45f6-bdcd-694c09da32d9 e85b5fff090f4c2e9a3b0fdb4d83df86 303a38eab1c946188acdd4dc2b9f5917 - - default default] GET http://[LB_IP_ADDRESS]:8776/v3/303a38eab1c946188acdd4dc2b9f5917/volumes/692c0d15-cb3c-4e45-a3f4-8583ba774019
2025-01-22 14:40:05.860 23 INFO cinder.volume.api [None req-44ef76f9-3fe1-45f6-bdcd-694c09da32d9 e85b5fff090f4c2e9a3b0fdb4d83df86 303a38eab1c946188acdd4dc2b9f5917 - - default default] Volume info retrieved successfully.
2025-01-22 14:40:05.869 23 INFO cinder.api.openstack.wsgi [None req-44ef76f9-3fe1-45f6-bdcd-694c09da32d9 e85b5fff090f4c2e9a3b0fdb4d83df86 303a38eab1c946188acdd4dc2b9f5917 - - default default] http://[LB_IP_ADDRESS]:8776/v3/303a38eab1c946188acdd4dc2b9f5917/volumes/692c0d15-cb3c-4e45-a3f4-8583ba774019 returned with HTTP 200
2025-01-22 14:40:06.026 21 INFO cinder.api.openstack.wsgi [None req-b141fdca-3f63-47c9-a7ac-0d676e445d25 d792450dcb1242dc93708ecc386e020f a3b5f4299f684159a0061eb94036f0c9 - - default default] GET http://[LB_IP_ADDRESS]:8776/v3/a3b5f4299f684159a0061eb94036f0c9/groups/ce851dc4-a6ab-4cc9-8331-8f006a7d3c80
2025-01-22 14:40:06.050 21 INFO cinder.api.openstack.wsgi [None req-b141fdca-3f63-47c9-a7ac-0d676e445d25 d792450dcb1242dc93708ecc386e020f a3b5f4299f684159a0061eb94036f0c9 - - default default] http://[LB_IP_ADDRESS]:8776/v3/a3b5f4299f684159a0061eb94036f0c9/groups/ce851dc4-a6ab-4cc9-8331-8f006a7d3c80 returned with HTTP 200
2025-01-22 14:40:06.068 22 INFO cinder.api.openstack.wsgi [None req-9f5a12c9-31a9-4f13-b0d4-757047bfbcd8 d792450dcb1242dc93708ecc386e020f a3b5f4299f684159a0061eb94036f0c9 - - default default] GET http://[LB_IP_ADDRESS]:8776/v3/a3b5f4299f684159a0061eb94036f0c9/volumes/detail
2025-01-22 14:40:06.091 22 INFO cinder.volume.api [None req-9f5a12c9-31a9-4f13-b0d4-757047bfbcd8 d792450dcb1242dc93708ecc386e020f a3b5f4299f684159a0061eb94036f0c9 - - default default] Get all volumes completed successfully.
2025-01-22 14:40:06.096 22 INFO cinder.api.openstack.wsgi [None req-9f5a12c9-31a9-4f13-b0d4-757047bfbcd8 d792450dcb1242dc93708ecc386e020f a3b5f4299f684159a0061eb94036f0c9 - - default default] http://[LB_IP_ADDRESS]:8776/v3/a3b5f4299f684159a0061eb94036f0c9/volumes/detail returned with HTTP 200
2025-01-22 14:40:06.123 25 INFO cinder.api.openstack.wsgi [None req-5e9e0e7b-f831-4bc6-a19b-3f33e0f43726 d792450dcb1242dc93708ecc386e020f a3b5f4299f684159a0061eb94036f0c9 - - default default] POST http://[LB_IP_ADDRESS]:8776/v3/a3b5f4299f684159a0061eb94036f0c9/groups/ce851dc4-a6ab-4cc9-8331-8f006a7d3c80/action
2025-01-22 14:40:06.127 25 INFO cinder.api.v3.groups [None req-5e9e0e7b-f831-4bc6-a19b-3f33e0f43726 d792450dcb1242dc93708ecc386e020f a3b5f4299f684159a0061eb94036f0c9 - - default default] Delete group with id: ce851dc4-a6ab-4cc9-8331-8f006a7d3c80
2025-01-22 14:40:06.274 25 INFO cinder.api.openstack.wsgi [None req-5e9e0e7b-f831-4bc6-a19b-3f33e0f43726 d792450dcb1242dc93708ecc386e020f a3b5f4299f684159a0061eb94036f0c9 - - default default] http://[LB_IP_ADDRESS]:8776/v3/a3b5f4299f684159a0061eb94036f0c9/groups/ce851dc4-a6ab-4cc9-8331-8f006a7d3c80/action returned with HTTP 202
2025-01-22 14:40:06.294 24 INFO cinder.api.openstack.wsgi [None req-8332f3d7-c590-4d0b-a6e9-623dccda8f0e d792450dcb1242dc93708ecc386e020f a3b5f4299f684159a0061eb94036f0c9 - - default default] GET http://[LB_IP_ADDRESS]:8776/v3/a3b5f4299f684159a0061eb94036f0c9/groups/ce851dc4-a6ab-4cc9-8331-8f006a7d3c80
2025-01-22 14:40:06.302 24 INFO cinder.api.openstack.wsgi [None req-8332f3d7-c590-4d0b-a6e9-623dccda8f0e d792450dcb1242dc93708ecc386e020f a3b5f4299f684159a0061eb94036f0c9 - - default default] http://[LB_IP_ADDRESS]:8776/v3/a3b5f4299f684159a0061eb94036f0c9/groups/ce851dc4-a6ab-4cc9-8331-8f006a7d3c80 returned with HTTP 404
2025-01-22 14:40:06.314 23 INFO cinder.api.openstack.wsgi [None req-6d1d8f51-4fa0-4a85-9ec0-e5d267b1f9fd c27b44165e3d47828c11dcc39c553220 749ab7f408ee48ec810827ee0d7a2c4b - - default default] DELETE http://[LB_IP_ADDRESS]:8776/v3/749ab7f408ee48ec810827ee0d7a2c4b/group_types/666409d7-d9a5-43a0-9172-1883f0eea527
2025-01-22 14:40:06.337 23 INFO cinder.api.openstack.wsgi [None req-6d1d8f51-4fa0-4a85-9ec0-e5d267b1f9fd c27b44165e3d47828c11dcc39c553220 749ab7f408ee48ec810827ee0d7a2c4b - - default default] http://[LB_IP_ADDRESS]:8776/v3/749ab7f408ee48ec810827ee0d7a2c4b/group_types/666409d7-d9a5-43a0-9172-1883f0eea527 returned with HTTP 202
2025-01-22 14:40:06.349 21 INFO cinder.api.openstack.wsgi [None req-3911cef0-5270-4099-9bcf-2a494c83c5b3 c27b44165e3d47828c11dcc39c553220 749ab7f408ee48ec810827ee0d7a2c4b - - default default] DELETE http://[LB_IP_ADDRESS]:8776/v3/749ab7f408ee48ec810827ee0d7a2c4b/types/0bee2b07-8315-4025-88c2-b251302574f1
2025-01-22 14:40:06.408 21 INFO cinder.api.openstack.wsgi [None req-3911cef0-5270-4099-9bcf-2a494c83c5b3 c27b44165e3d47828c11dcc39c553220 749ab7f408ee48ec810827ee0d7a2c4b - - default default] http://[LB_IP_ADDRESS]:8776/v3/749ab7f408ee48ec810827ee0d7a2c4b/types/0bee2b07-8315-4025-88c2-b251302574f1 returned with HTTP 202
2025-01-22 14:40:06.421 22 INFO cinder.api.openstack.wsgi [None req-f3d77690-9b7c-49cc-ac04-ee8f1d7aa360 c27b44165e3d47828c11dcc39c553220 749ab7f408ee48ec810827ee0d7a2c4b - - default default] GET http://[LB_IP_ADDRESS]:8776/v3/749ab7f408ee48ec810827ee0d7a2c4b/types/0bee2b07-8315-4025-88c2-b251302574f1
2025-01-22 14:40:06.428 22 INFO cinder.api.openstack.wsgi [None req-f3d77690-9b7c-49cc-ac04-ee8f1d7aa360 c27b44165e3d47828c11dcc39c553220 749ab7f408ee48ec810827ee0d7a2c4b - - default default] http://[LB_IP_ADDRESS]:8776/v3/749ab7f408ee48ec810827ee0d7a2c4b/types/0bee2b07-8315-4025-88c2-b251302574f1 returned with HTTP 404
2025-01-22 14:40:06.441 25 INFO cinder.api.openstack.wsgi [None req-164de301-2d8b-4642-9243-a3d7e223460f c27b44165e3d47828c11dcc39c553220 749ab7f408ee48ec810827ee0d7a2c4b - - default default] POST http://[LB_IP_ADDRESS]:8776/v3/749ab7f408ee48ec810827ee0d7a2c4b/types
