2024-09-04 06:22:02.873 20 INFO cinder.api.openstack.wsgi [None req-6c552851-6c4b-4aa7-9be5-95d87476a41f b1d8ee5a6dc244f6b59fb60f3249de34 9fa28ca458f641359316e39dc0d56eb3 - - default default] GET http://[LB_IP_ADDRESS]:8776/v3/9fa28ca458f641359316e39dc0d56eb3/group_types/d5eaf4d1-ca69-4257-a48d-87a7534a81d3/group_specs/key2
2024-09-04 06:22:02.879 19 INFO cinder.volume.api [None req-639551ed-1e1d-46d8-ba13-11be6fe89443 2766f5379d6e46929e86eeaee80ef253 23938c97f8094beaa8b03f9c0be06efb - - default default] Availability Zones retrieved successfully.
2024-09-04 06:22:02.896 20 INFO cinder.api.openstack.wsgi [None req-6c552851-6c4b-4aa7-9be5-95d87476a41f b1d8ee5a6dc244f6b59fb60f3249de34 9fa28ca458f641359316e39dc0d56eb3 - - default default] HTTP exception thrown: Group Type d5eaf4d1-ca69-4257-a48d-87a7534a81d3 has no extra spec with key key2.
2024-09-04 06:22:02.897 20 INFO cinder.api.openstack.wsgi [None req-6c552851-6c4b-4aa7-9be5-95d87476a41f b1d8ee5a6dc244f6b59fb60f3249de34 9fa28ca458f641359316e39dc0d56eb3 - - default default] http://[LB_IP_ADDRESS]:8776/v3/9fa28ca458f641359316e39dc0d56eb3/group_types/d5eaf4d1-ca69-4257-a48d-87a7534a81d3/group_specs/key2 returned with HTTP 404
2024-09-04 06:22:02.910 23 INFO cinder.api.openstack.wsgi [None req-b38a08c1-dcee-45dd-a43a-edd38cba8496 b1d8ee5a6dc244f6b59fb60f3249de34 9fa28ca458f641359316e39dc0d56eb3 - - default default] DELETE http://[LB_IP_ADDRESS]:8776/v3/9fa28ca458f641359316e39dc0d56eb3/group_types/d5eaf4d1-ca69-4257-a48d-87a7534a81d3/group_specs/key3
2024-09-04 06:22:02.927 23 INFO cinder.api.openstack.wsgi [None req-b38a08c1-dcee-45dd-a43a-edd38cba8496 b1d8ee5a6dc244f6b59fb60f3249de34 9fa28ca458f641359316e39dc0d56eb3 - - default default] http://[LB_IP_ADDRESS]:8776/v3/9fa28ca458f641359316e39dc0d56eb3/group_types/d5eaf4d1-ca69-4257-a48d-87a7534a81d3/group_specs/key3 returned with HTTP 202
2024-09-04 06:22:02.937 22 INFO cinder.api.openstack.wsgi [None req-620459bb-e68e-4ceb-bbe7-37c880d05b24 b1d8ee5a6dc244f6b59fb60f3249de34 9fa28ca458f641359316e39dc0d56eb3 - - default default] GET http://[LB_IP_ADDRESS]:8776/v3/9fa28ca458f641359316e39dc0d56eb3/group_types/d5eaf4d1-ca69-4257-a48d-87a7534a81d3/group_specs/key3
2024-09-04 06:22:02.943 19 WARNING cinder.quota [None req-639551ed-1e1d-46d8-ba13-11be6fe89443 2766f5379d6e46929e86eeaee80ef253 23938c97f8094beaa8b03f9c0be06efb - - default default] Deprecated: Default quota for resource: volumes_tempest-GroupsTest-volume-type-884999196 is set by the default quota flag: quota_volumes_tempest-GroupsTest-volume-type-884999196, it is now deprecated. Please use the default quota class for default quota.
2024-09-04 06:22:02.944 19 WARNING cinder.quota [None req-639551ed-1e1d-46d8-ba13-11be6fe89443 2766f5379d6e46929e86eeaee80ef253 23938c97f8094beaa8b03f9c0be06efb - - default default] Deprecated: Default quota for resource: gigabytes_tempest-GroupsTest-volume-type-884999196 is set by the default quota flag: quota_gigabytes_tempest-GroupsTest-volume-type-884999196, it is now deprecated. Please use the default quota class for default quota.
2024-09-04 06:22:02.946 22 INFO cinder.api.openstack.wsgi [None req-620459bb-e68e-4ceb-bbe7-37c880d05b24 b1d8ee5a6dc244f6b59fb60f3249de34 9fa28ca458f641359316e39dc0d56eb3 - - default default] HTTP exception thrown: Group Type d5eaf4d1-ca69-4257-a48d-87a7534a81d3 has no extra spec with key key3.
2024-09-04 06:22:02.946 22 INFO cinder.api.openstack.wsgi [None req-620459bb-e68e-4ceb-bbe7-37c880d05b24 b1d8ee5a6dc244f6b59fb60f3249de34 9fa28ca458f641359316e39dc0d56eb3 - - default default] http://[LB_IP_ADDRESS]:8776/v3/9fa28ca458f641359316e39dc0d56eb3/group_types/d5eaf4d1-ca69-4257-a48d-87a7534a81d3/group_specs/key3 returned with HTTP 404
2024-09-04 06:22:02.956 21 INFO cinder.api.openstack.wsgi [None req-fc5851d9-d7b9-4921-bbec-47411f047fcb b1d8ee5a6dc244f6b59fb60f3249de34 9fa28ca458f641359316e39dc0d56eb3 - - default default] DELETE http://[LB_IP_ADDRESS]:8776/v3/9fa28ca458f641359316e39dc0d56eb3/group_types/d5eaf4d1-ca69-4257-a48d-87a7534a81d3
2024-09-04 06:22:02.976 21 INFO cinder.api.openstack.wsgi [None req-fc5851d9-d7b9-4921-bbec-47411f047fcb b1d8ee5a6dc244f6b59fb60f3249de34 9fa28ca458f641359316e39dc0d56eb3 - - default default] http://[LB_IP_ADDRESS]:8776/v3/9fa28ca458f641359316e39dc0d56eb3/group_types/d5eaf4d1-ca69-4257-a48d-87a7534a81d3 returned with HTTP 202
2024-09-04 06:22:03.040 19 INFO cinder.volume.api [None req-639551ed-1e1d-46d8-ba13-11be6fe89443 2766f5379d6e46929e86eeaee80ef253 23938c97f8094beaa8b03f9c0be06efb - - default default] Create volume request issued successfully.
2024-09-04 06:22:03.055 19 INFO cinder.api.openstack.wsgi [None req-639551ed-1e1d-46d8-ba13-11be6fe89443 2766f5379d6e46929e86eeaee80ef253 23938c97f8094beaa8b03f9c0be06efb - - default default] http://[LB_IP_ADDRESS]:8776/v3/23938c97f8094beaa8b03f9c0be06efb/volumes returned with HTTP 202
2024-09-04 06:22:03.085 20 INFO cinder.api.openstack.wsgi [None req-fd9ad448-0832-46be-bf9f-6b6b0bd63129 2766f5379d6e46929e86eeaee80ef253 23938c97f8094beaa8b03f9c0be06efb - - default default] GET http://[LB_IP_ADDRESS]:8776/v3/23938c97f8094beaa8b03f9c0be06efb/volumes/b1dfa468-9552-44fb-9134-36fe73811eb7
2024-09-04 06:22:03.110 20 INFO cinder.volume.api [None req-fd9ad448-0832-46be-bf9f-6b6b0bd63129 2766f5379d6e46929e86eeaee80ef253 23938c97f8094beaa8b03f9c0be06efb - - default default] Volume info retrieved successfully.
2024-09-04 06:22:03.135 20 INFO cinder.api.openstack.wsgi [None req-fd9ad448-0832-46be-bf9f-6b6b0bd63129 2766f5379d6e46929e86eeaee80ef253 23938c97f8094beaa8b03f9c0be06efb - - default default] http://[LB_IP_ADDRESS]:8776/v3/23938c97f8094beaa8b03f9c0be06efb/volumes/b1dfa468-9552-44fb-9134-36fe73811eb7 returned with HTTP 200
2024-09-04 06:22:03.807 23 INFO cinder.api.openstack.wsgi [None req-c72a3e63-5a65-4998-b34d-2d1ad589dda3 bd6bbe22c544463e8f26655301734517 62d7ff0679844fd78c509e96fd91542b - - default default] GET http://[LB_IP_ADDRESS]:8776/v3/62d7ff0679844fd78c509e96fd91542b/volumes/251069cf-759a-4120-b302-de66f66ef404
2024-09-04 06:22:03.837 23 INFO cinder.volume.api [None req-c72a3e63-5a65-4998-b34d-2d1ad589dda3 bd6bbe22c544463e8f26655301734517 62d7ff0679844fd78c509e96fd91542b - - default default] Volume info retrieved successfully.
2024-09-04 06:22:03.865 23 INFO cinder.api.openstack.wsgi [None req-c72a3e63-5a65-4998-b34d-2d1ad589dda3 bd6bbe22c544463e8f26655301734517 62d7ff0679844fd78c509e96fd91542b - - default default] http://[LB_IP_ADDRESS]:8776/v3/62d7ff0679844fd78c509e96fd91542b/volumes/251069cf-759a-4120-b302-de66f66ef404 returned with HTTP 200
2024-09-04 06:22:04.166 22 INFO cinder.api.openstack.wsgi [None req-f60bc981-df28-4bf2-91e9-1b7a27ad3485 2766f5379d6e46929e86eeaee80ef253 23938c97f8094beaa8b03f9c0be06efb - - default default] GET http://[LB_IP_ADDRESS]:8776/v3/23938c97f8094beaa8b03f9c0be06efb/volumes/b1dfa468-9552-44fb-9134-36fe73811eb7
2024-09-04 06:22:04.190 22 INFO cinder.volume.api [None req-f60bc981-df28-4bf2-91e9-1b7a27ad3485 2766f5379d6e46929e86eeaee80ef253 23938c97f8094beaa8b03f9c0be06efb - - default default] Volume info retrieved successfully.
2024-09-04 06:22:04.214 22 INFO cinder.api.openstack.wsgi [None req-f60bc981-df28-4bf2-91e9-1b7a27ad3485 2766f5379d6e46929e86eeaee80ef253 23938c97f8094beaa8b03f9c0be06efb - - default default] http://[LB_IP_ADDRESS]:8776/v3/23938c97f8094beaa8b03f9c0be06efb/volumes/b1dfa468-9552-44fb-9134-36fe73811eb7 returned with HTTP 200
2024-09-04 06:22:04.899 21 INFO cinder.api.openstack.wsgi [None req-5022adb5-439c-4054-8f72-a7c84561a1fc bd6bbe22c544463e8f26655301734517 62d7ff0679844fd78c509e96fd91542b - - default default] GET http://[LB_IP_ADDRESS]:8776/v3/62d7ff0679844fd78c509e96fd91542b/volumes/251069cf-759a-4120-b302-de66f66ef404
2024-09-04 06:22:04.926 21 INFO cinder.volume.api [None req-5022adb5-439c-4054-8f72-a7c84561a1fc bd6bbe22c544463e8f26655301734517 62d7ff0679844fd78c509e96fd91542b - - default default] Volume info retrieved successfully.
2024-09-04 06:22:04.954 21 INFO cinder.api.openstack.wsgi [None req-5022adb5-439c-4054-8f72-a7c84561a1fc bd6bbe22c544463e8f26655301734517 62d7ff0679844fd78c509e96fd91542b - - default default] http://[LB_IP_ADDRESS]:8776/v3/62d7ff0679844fd78c509e96fd91542b/volumes/251069cf-759a-4120-b302-de66f66ef404 returned with HTTP 200
2024-09-04 06:22:04.987 19 INFO cinder.api.openstack.wsgi [None req-1ed67515-2ab3-44d9-bc4d-acd6c1cfd629 bd6bbe22c544463e8f26655301734517 62d7ff0679844fd78c509e96fd91542b - - default default] POST http://[LB_IP_ADDRESS]:8776/v3/62d7ff0679844fd78c509e96fd91542b/volumes
2024-09-04 06:22:05.003 19 INFO cinder.api.v3.volumes [None req-1ed67515-2ab3-44d9-bc4d-acd6c1cfd629 bd6bbe22c544463e8f26655301734517 62d7ff0679844fd78c509e96fd91542b - - default default] Create volume of 1 GB
2024-09-04 06:22:05.014 19 INFO cinder.volume.api [None req-1ed67515-2ab3-44d9-bc4d-acd6c1cfd629 bd6bbe22c544463e8f26655301734517 62d7ff0679844fd78c509e96fd91542b - - default default] Availability Zones retrieved successfully.
2024-09-04 06:22:05.102 19 WARNING cinder.quota [None req-1ed67515-2ab3-44d9-bc4d-acd6c1cfd629 bd6bbe22c544463e8f26655301734517 62d7ff0679844fd78c509e96fd91542b - - default default] Deprecated: Default quota for resource: volumes_tempest-GroupSnapshotsTest-volume-type-1694692555 is set by the default quota flag: quota_volumes_tempest-GroupSnapshotsTest-volume-type-1694692555, it is now deprecated. Please use the default quota class for default quota.
2024-09-04 06:22:05.103 19 WARNING cinder.quota [None req-1ed67515-2ab3-44d9-bc4d-acd6c1cfd629 bd6bbe22c544463e8f26655301734517 62d7ff0679844fd78c509e96fd91542b - - default default] Deprecated: Default quota for resource: gigabytes_tempest-GroupSnapshotsTest-volume-type-1694692555 is set by the default quota flag: quota_gigabytes_tempest-GroupSnapshotsTest-volume-type-1694692555, it is now deprecated. Please use the default quota class for default quota.
2024-09-04 06:22:05.190 19 INFO cinder.volume.api [None req-1ed67515-2ab3-44d9-bc4d-acd6c1cfd629 bd6bbe22c544463e8f26655301734517 62d7ff0679844fd78c509e96fd91542b - - default default] Create volume request issued successfully.
2024-09-04 06:22:05.209 19 INFO cinder.api.openstack.wsgi [None req-1ed67515-2ab3-44d9-bc4d-acd6c1cfd629 bd6bbe22c544463e8f26655301734517 62d7ff0679844fd78c509e96fd91542b - - default default] http://[LB_IP_ADDRESS]:8776/v3/62d7ff0679844fd78c509e96fd91542b/volumes returned with HTTP 202
2024-09-04 06:22:05.239 20 INFO cinder.api.openstack.wsgi [None req-0b35c7a1-53b6-402c-a840-d36f485a1ed0 bd6bbe22c544463e8f26655301734517 62d7ff0679844fd78c509e96fd91542b - - default default] GET http://[LB_IP_ADDRESS]:8776/v3/62d7ff0679844fd78c509e96fd91542b/volumes/b8b2733d-53d9-4726-b2ff-046814f9bcde
2024-09-04 06:22:05.247 23 INFO cinder.api.openstack.wsgi [None req-1f35110d-8293-4022-a1ef-37a4838e28df 2766f5379d6e46929e86eeaee80ef253 23938c97f8094beaa8b03f9c0be06efb - - default default] GET http://[LB_IP_ADDRESS]:8776/v3/23938c97f8094beaa8b03f9c0be06efb/volumes/b1dfa468-9552-44fb-9134-36fe73811eb7
2024-09-04 06:22:05.265 20 INFO cinder.volume.api [None req-0b35c7a1-53b6-402c-a840-d36f485a1ed0 bd6bbe22c544463e8f26655301734517 62d7ff0679844fd78c509e96fd91542b - - default default] Volume info retrieved successfully.
2024-09-04 06:22:05.288 23 INFO cinder.volume.api [None req-1f35110d-8293-4022-a1ef-37a4838e28df 2766f5379d6e46929e86eeaee80ef253 23938c97f8094beaa8b03f9c0be06efb - - default default] Volume info retrieved successfully.
2024-09-04 06:22:05.295 20 INFO cinder.api.openstack.wsgi [None req-0b35c7a1-53b6-402c-a840-d36f485a1ed0 bd6bbe22c544463e8f26655301734517 62d7ff0679844fd78c509e96fd91542b - - default default] http://[LB_IP_ADDRESS]:8776/v3/62d7ff0679844fd78c509e96fd91542b/volumes/b8b2733d-53d9-4726-b2ff-046814f9bcde returned with HTTP 200
2024-09-04 06:22:05.324 23 INFO cinder.api.openstack.wsgi [None req-1f35110d-8293-4022-a1ef-37a4838e28df 2766f5379d6e46929e86eeaee80ef253 23938c97f8094beaa8b03f9c0be06efb - - default default] http://[LB_IP_ADDRESS]:8776/v3/23938c97f8094beaa8b03f9c0be06efb/volumes/b1dfa468-9552-44fb-9134-36fe73811eb7 returned with HTTP 200
2024-09-04 06:22:05.357 22 INFO cinder.api.openstack.wsgi [None req-6cefece3-adce-4b66-8c4e-96f9c71b3cab 2766f5379d6e46929e86eeaee80ef253 23938c97f8094beaa8b03f9c0be06efb - - default default] GET http://[LB_IP_ADDRESS]:8776/v3/23938c97f8094beaa8b03f9c0be06efb/groups/cda43a62-f037-4c02-aac1-08ddd0d0e92d
2024-09-04 06:22:05.379 22 INFO cinder.api.openstack.wsgi [None req-6cefece3-adce-4b66-8c4e-96f9c71b3cab 2766f5379d6e46929e86eeaee80ef253 23938c97f8094beaa8b03f9c0be06efb - - default default] http://[LB_IP_ADDRESS]:8776/v3/23938c97f8094beaa8b03f9c0be06efb/groups/cda43a62-f037-4c02-aac1-08ddd0d0e92d returned with HTTP 200
2024-09-04 06:22:05.398 21 INFO cinder.api.openstack.wsgi [None req-a6688091-b047-41cb-8e3e-1a5349fd8087 2766f5379d6e46929e86eeaee80ef253 23938c97f8094beaa8b03f9c0be06efb - - default default] GET http://[LB_IP_ADDRESS]:8776/v3/23938c97f8094beaa8b03f9c0be06efb/groups/7ea44cc7-0007-4feb-8b36-c6beefd51e35
2024-09-04 06:22:05.421 21 INFO cinder.api.openstack.wsgi [None req-a6688091-b047-41cb-8e3e-1a5349fd8087 2766f5379d6e46929e86eeaee80ef253 23938c97f8094beaa8b03f9c0be06efb - - default default] http://[LB_IP_ADDRESS]:8776/v3/23938c97f8094beaa8b03f9c0be06efb/groups/7ea44cc7-0007-4feb-8b36-c6beefd51e35 returned with HTTP 200
2024-09-04 06:22:05.441 19 INFO cinder.api.openstack.wsgi [None req-84bf1d74-9d71-4084-bf5f-4055b8359fd5 2766f5379d6e46929e86eeaee80ef253 23938c97f8094beaa8b03f9c0be06efb - - default default] GET http://[LB_IP_ADDRESS]:8776/v3/23938c97f8094beaa8b03f9c0be06efb/groups/detail
2024-09-04 06:22:05.477 19 INFO cinder.api.openstack.wsgi [None req-84bf1d74-9d71-4084-bf5f-4055b8359fd5 2766f5379d6e46929e86eeaee80ef253 23938c97f8094beaa8b03f9c0be06efb - - default default] http://[LB_IP_ADDRESS]:8776/v3/23938c97f8094beaa8b03f9c0be06efb/groups/detail returned with HTTP 200
2024-09-04 06:22:05.493 20 INFO cinder.api.openstack.wsgi [None req-40b3e3d5-659f-4bc2-b50a-312a47d879e5 2766f5379d6e46929e86eeaee80ef253 23938c97f8094beaa8b03f9c0be06efb - - default default] GET http://[LB_IP_ADDRESS]:8776/v3/23938c97f8094beaa8b03f9c0be06efb/volumes/detail
2024-09-04 06:22:05.515 20 INFO cinder.volume.api [None req-40b3e3d5-659f-4bc2-b50a-312a47d879e5 2766f5379d6e46929e86eeaee80ef253 23938c97f8094beaa8b03f9c0be06efb - - default default] Get all volumes completed successfully.
2024-09-04 06:22:05.540 20 INFO cinder.api.openstack.wsgi [None req-40b3e3d5-659f-4bc2-b50a-312a47d879e5 2766f5379d6e46929e86eeaee80ef253 23938c97f8094beaa8b03f9c0be06efb - - default default] http://[LB_IP_ADDRESS]:8776/v3/23938c97f8094beaa8b03f9c0be06efb/volumes/detail returned with HTTP 200
2024-09-04 06:22:05.578 23 INFO cinder.api.openstack.wsgi [None req-101cb508-a2ca-408c-a7bf-e5db3e7180fa 2766f5379d6e46929e86eeaee80ef253 23938c97f8094beaa8b03f9c0be06efb - - default default] GET http://[LB_IP_ADDRESS]:8776/v3/23938c97f8094beaa8b03f9c0be06efb/volumes/detail
2024-09-04 06:22:05.601 23 INFO cinder.volume.api [None req-101cb508-a2ca-408c-a7bf-e5db3e7180fa 2766f5379d6e46929e86eeaee80ef253 23938c97f8094beaa8b03f9c0be06efb - - default default] Get all volumes completed successfully.
2024-09-04 06:22:05.633 23 INFO cinder.api.openstack.wsgi [None req-101cb508-a2ca-408c-a7bf-e5db3e7180fa 2766f5379d6e46929e86eeaee80ef253 23938c97f8094beaa8b03f9c0be06efb - - default default] http://[LB_IP_ADDRESS]:8776/v3/23938c97f8094beaa8b03f9c0be06efb/volumes/detail returned with HTTP 200
2024-09-04 06:22:05.667 22 INFO cinder.api.openstack.wsgi [None req-bee64253-deb5-429b-a0e1-2085e934db86 2766f5379d6e46929e86eeaee80ef253 23938c97f8094beaa8b03f9c0be06efb - - default default] POST http://[LB_IP_ADDRESS]:8776/v3/23938c97f8094beaa8b03f9c0be06efb/groups/cda43a62-f037-4c02-aac1-08ddd0d0e92d/action
2024-09-04 06:22:05.672 22 INFO cinder.api.v3.groups [None req-bee64253-deb5-429b-a0e1-2085e934db86 2766f5379d6e46929e86eeaee80ef253 23938c97f8094beaa8b03f9c0be06efb - - default default] Delete group with id: cda43a62-f037-4c02-aac1-08ddd0d0e92d
2024-09-04 06:22:05.751 22 INFO cinder.api.openstack.wsgi [None req-bee64253-deb5-429b-a0e1-2085e934db86 2766f5379d6e46929e86eeaee80ef253 23938c97f8094beaa8b03f9c0be06efb - - default default] http://[LB_IP_ADDRESS]:8776/v3/23938c97f8094beaa8b03f9c0be06efb/groups/cda43a62-f037-4c02-aac1-08ddd0d0e92d/action returned with HTTP 202
2024-09-04 06:22:05.764 21 INFO cinder.api.openstack.wsgi [None req-0b8a034a-89fb-4603-94b4-811c6cb18b2a 2766f5379d6e46929e86eeaee80ef253 23938c97f8094beaa8b03f9c0be06efb - - default default] GET http://[LB_IP_ADDRESS]:8776/v3/23938c97f8094beaa8b03f9c0be06efb/volumes/b1dfa468-9552-44fb-9134-36fe73811eb7
2024-09-04 06:22:05.790 21 INFO cinder.volume.api [None req-0b8a034a-89fb-4603-94b4-811c6cb18b2a 2766f5379d6e46929e86eeaee80ef253 23938c97f8094beaa8b03f9c0be06efb - - default default] Volume info retrieved successfully.
2024-09-04 06:22:05.819 21 INFO cinder.api.openstack.wsgi [None req-0b8a034a-89fb-4603-94b4-811c6cb18b2a 2766f5379d6e46929e86eeaee80ef253 23938c97f8094beaa8b03f9c0be06efb - - default default] http://[LB_IP_ADDRESS]:8776/v3/23938c97f8094beaa8b03f9c0be06efb/volumes/b1dfa468-9552-44fb-9134-36fe73811eb7 returned with HTTP 200
2024-09-04 06:22:06.328 19 INFO cinder.api.openstack.wsgi [None req-b5eea7cc-da7c-4e74-af4b-a577f5aa53cd bd6bbe22c544463e8f26655301734517 62d7ff0679844fd78c509e96fd91542b - - default default] GET http://[LB_IP_ADDRESS]:8776/v3/62d7ff0679844fd78c509e96fd91542b/volumes/b8b2733d-53d9-4726-b2ff-046814f9bcde
2024-09-04 06:22:06.349 19 INFO cinder.volume.api [None req-b5eea7cc-da7c-4e74-af4b-a577f5aa53cd bd6bbe22c544463e8f26655301734517 62d7ff0679844fd78c509e96fd91542b - - default default] Volume info retrieved successfully.
2024-09-04 06:22:06.371 19 INFO cinder.api.openstack.wsgi [None req-b5eea7cc-da7c-4e74-af4b-a577f5aa53cd bd6bbe22c544463e8f26655301734517 62d7ff0679844fd78c509e96fd91542b - - default default] http://[LB_IP_ADDRESS]:8776/v3/62d7ff0679844fd78c509e96fd91542b/volumes/b8b2733d-53d9-4726-b2ff-046814f9bcde returned with HTTP 200
2024-09-04 06:22:06.853 20 INFO cinder.api.openstack.wsgi [None req-db768699-486a-4920-969e-a01755037374 2766f5379d6e46929e86eeaee80ef253 23938c97f8094beaa8b03f9c0be06efb - - default default] GET http://[LB_IP_ADDRESS]:8776/v3/23938c97f8094beaa8b03f9c0be06efb/volumes/b1dfa468-9552-44fb-9134-36fe73811eb7
2024-09-04 06:22:06.868 20 INFO cinder.api.openstack.wsgi [None req-db768699-486a-4920-969e-a01755037374 2766f5379d6e46929e86eeaee80ef253 23938c97f8094beaa8b03f9c0be06efb - - default default] http://[LB_IP_ADDRESS]:8776/v3/23938c97f8094beaa8b03f9c0be06efb/volumes/b1dfa468-9552-44fb-9134-36fe73811eb7 returned with HTTP 404
2024-09-04 06:22:06.882 23 INFO cinder.api.openstack.wsgi [None req-b2e09319-78e2-4d95-a218-0a160a42104b 2766f5379d6e46929e86eeaee80ef253 23938c97f8094beaa8b03f9c0be06efb - - default default] GET http://[LB_IP_ADDRESS]:8776/v3/23938c97f8094beaa8b03f9c0be06efb/groups/cda43a62-f037-4c02-aac1-08ddd0d0e92d
2024-09-04 06:22:06.889 23 INFO cinder.api.openstack.wsgi [None req-b2e09319-78e2-4d95-a218-0a160a42104b 2766f5379d6e46929e86eeaee80ef253 23938c97f8094beaa8b03f9c0be06efb - - default default] http://[LB_IP_ADDRESS]:8776/v3/23938c97f8094beaa8b03f9c0be06efb/groups/cda43a62-f037-4c02-aac1-08ddd0d0e92d returned with HTTP 404
2024-09-04 06:22:06.901 22 INFO cinder.api.openstack.wsgi [None req-9661edb1-7c2f-4271-bf63-ec1e3cb882c9 2766f5379d6e46929e86eeaee80ef253 23938c97f8094beaa8b03f9c0be06efb - - default default] POST http://[LB_IP_ADDRESS]:8776/v3/23938c97f8094beaa8b03f9c0be06efb/groups/7ea44cc7-0007-4feb-8b36-c6beefd51e35/action
2024-09-04 06:22:06.905 22 INFO cinder.api.v3.groups [None req-9661edb1-7c2f-4271-bf63-ec1e3cb882c9 2766f5379d6e46929e86eeaee80ef253 23938c97f8094beaa8b03f9c0be06efb - - default default] Delete group with id: 7ea44cc7-0007-4feb-8b36-c6beefd51e35
2024-09-04 06:22:06.952 22 INFO cinder.api.openstack.wsgi [None req-9661edb1-7c2f-4271-bf63-ec1e3cb882c9 2766f5379d6e46929e86eeaee80ef253 23938c97f8094beaa8b03f9c0be06efb - - default default] http://[LB_IP_ADDRESS]:8776/v3/23938c97f8094beaa8b03f9c0be06efb/groups/7ea44cc7-0007-4feb-8b36-c6beefd51e35/action returned with HTTP 202
2024-09-04 06:22:06.964 21 INFO cinder.api.openstack.wsgi [None req-08ed9ed4-0e24-42e5-a7c6-6f006050867c 2766f5379d6e46929e86eeaee80ef253 23938c97f8094beaa8b03f9c0be06efb - - default default] GET http://[LB_IP_ADDRESS]:8776/v3/23938c97f8094beaa8b03f9c0be06efb/groups/7ea44cc7-0007-4feb-8b36-c6beefd51e35
2024-09-04 06:22:06.985 21 INFO cinder.api.openstack.wsgi [None req-08ed9ed4-0e24-42e5-a7c6-6f006050867c 2766f5379d6e46929e86eeaee80ef253 23938c97f8094beaa8b03f9c0be06efb - - default default] http://[LB_IP_ADDRESS]:8776/v3/23938c97f8094beaa8b03f9c0be06efb/groups/7ea44cc7-0007-4feb-8b36-c6beefd51e35 returned with HTTP 200
2024-09-04 06:22:07.404 19 INFO cinder.api.openstack.wsgi [None req-a507377c-e2ad-4049-a239-bf08f9a63e4c bd6bbe22c544463e8f26655301734517 62d7ff0679844fd78c509e96fd91542b - - default default] GET http://[LB_IP_ADDRESS]:8776/v3/62d7ff0679844fd78c509e96fd91542b/volumes/b8b2733d-53d9-4726-b2ff-046814f9bcde
2024-09-04 06:22:07.431 19 INFO cinder.volume.api [None req-a507377c-e2ad-4049-a239-bf08f9a63e4c bd6bbe22c544463e8f26655301734517 62d7ff0679844fd78c509e96fd91542b - - default default] Volume info retrieved successfully.
2024-09-04 06:22:07.460 19 INFO cinder.api.openstack.wsgi [None req-a507377c-e2ad-4049-a239-bf08f9a63e4c bd6bbe22c544463e8f26655301734517 62d7ff0679844fd78c509e96fd91542b - - default default] http://[LB_IP_ADDRESS]:8776/v3/62d7ff0679844fd78c509e96fd91542b/volumes/b8b2733d-53d9-4726-b2ff-046814f9bcde returned with HTTP 200
2024-09-04 06:22:07.494 20 INFO cinder.api.openstack.wsgi [None req-e8fb341a-f89d-4133-893d-86c3dc274fd7 bd6bbe22c544463e8f26655301734517 62d7ff0679844fd78c509e96fd91542b - - default default] PUT http://[LB_IP_ADDRESS]:8776/v3/62d7ff0679844fd78c509e96fd91542b/groups/7b54809a-bb41-49d4-98e4-af8156929bf3
2024-09-04 06:22:07.500 20 INFO cinder.api.v3.groups [None req-e8fb341a-f89d-4133-893d-86c3dc274fd7 bd6bbe22c544463e8f26655301734517 62d7ff0679844fd78c509e96fd91542b - - default default] Updating group 7b54809a-bb41-49d4-98e4-af8156929bf3 with name None description: None add_volumes: None remove_volumes: 251069cf-759a-4120-b302-de66f66ef404.
2024-09-04 06:22:07.539 20 INFO cinder.api.openstack.wsgi [None req-e8fb341a-f89d-4133-893d-86c3dc274fd7 bd6bbe22c544463e8f26655301734517 62d7ff0679844fd78c509e96fd91542b - - default default] http://[LB_IP_ADDRESS]:8776/v3/62d7ff0679844fd78c509e96fd91542b/groups/7b54809a-bb41-49d4-98e4-af8156929bf3 returned with HTTP 202
2024-09-04 06:22:07.552 23 INFO cinder.api.openstack.wsgi [None req-ceb45fe0-c330-43f6-878b-a09539e6dedb bd6bbe22c544463e8f26655301734517 62d7ff0679844fd78c509e96fd91542b - - default default] GET http://[LB_IP_ADDRESS]:8776/v3/62d7ff0679844fd78c509e96fd91542b/groups/7b54809a-bb41-49d4-98e4-af8156929bf3
2024-09-04 06:22:07.578 23 INFO cinder.api.openstack.wsgi [None req-ceb45fe0-c330-43f6-878b-a09539e6dedb bd6bbe22c544463e8f26655301734517 62d7ff0679844fd78c509e96fd91542b - - default default] http://[LB_IP_ADDRESS]:8776/v3/62d7ff0679844fd78c509e96fd91542b/groups/7b54809a-bb41-49d4-98e4-af8156929bf3 returned with HTTP 200
2024-09-04 06:22:08.004 22 INFO cinder.api.openstack.wsgi [None req-cbec33e8-fcf7-49ef-9455-c715eaa3c025 2766f5379d6e46929e86eeaee80ef253 23938c97f8094beaa8b03f9c0be06efb - - default default] GET http://[LB_IP_ADDRESS]:8776/v3/23938c97f8094beaa8b03f9c0be06efb/groups/7ea44cc7-0007-4feb-8b36-c6beefd51e35
2024-09-04 06:22:08.010 22 INFO cinder.api.openstack.wsgi [None req-cbec33e8-fcf7-49ef-9455-c715eaa3c025 2766f5379d6e46929e86eeaee80ef253 23938c97f8094beaa8b03f9c0be06efb - - default default] http://[LB_IP_ADDRESS]:8776/v3/23938c97f8094beaa8b03f9c0be06efb/groups/7ea44cc7-0007-4feb-8b36-c6beefd51e35 returned with HTTP 404
2024-09-04 06:22:08.022 21 INFO cinder.api.openstack.wsgi [None req-9af11456-17a1-4ebb-8b58-2c499e595134 2766f5379d6e46929e86eeaee80ef253 23938c97f8094beaa8b03f9c0be06efb - - default default] GET http://[LB_IP_ADDRESS]:8776/v3/23938c97f8094beaa8b03f9c0be06efb/groups/detail
2024-09-04 06:22:08.030 21 INFO cinder.api.openstack.wsgi [None req-9af11456-17a1-4ebb-8b58-2c499e595134 2766f5379d6e46929e86eeaee80ef253 23938c97f8094beaa8b03f9c0be06efb - - default default] http://[LB_IP_ADDRESS]:8776/v3/23938c97f8094beaa8b03f9c0be06efb/groups/detail returned with HTTP 200
2024-09-04 06:22:08.048 19 INFO cinder.api.openstack.wsgi [None req-557fd3bc-20ab-4759-9a96-05423ec6dc9f 2766f5379d6e46929e86eeaee80ef253 23938c97f8094beaa8b03f9c0be06efb - - default default] GET http://[LB_IP_ADDRESS]:8776/v3/23938c97f8094beaa8b03f9c0be06efb/volumes/detail
2024-09-04 06:22:08.067 19 INFO cinder.volume.api [None req-557fd3bc-20ab-4759-9a96-05423ec6dc9f 2766f5379d6e46929e86eeaee80ef253 23938c97f8094beaa8b03f9c0be06efb - - default default] Get all volumes completed successfully.
2024-09-04 06:22:08.072 19 INFO cinder.api.openstack.wsgi [None req-557fd3bc-20ab-4759-9a96-05423ec6dc9f 2766f5379d6e46929e86eeaee80ef253 23938c97f8094beaa8b03f9c0be06efb - - default default] http://[LB_IP_ADDRESS]:8776/v3/23938c97f8094beaa8b03f9c0be06efb/volumes/detail returned with HTTP 200
2024-09-04 06:22:08.104 20 INFO cinder.api.openstack.wsgi [None req-9172c868-fbdf-4aa7-ab07-e9aea76340f8 2766f5379d6e46929e86eeaee80ef253 23938c97f8094beaa8b03f9c0be06efb - - default default] POST http://[LB_IP_ADDRESS]:8776/v3/23938c97f8094beaa8b03f9c0be06efb/groups/7ea44cc7-0007-4feb-8b36-c6beefd51e35/action
2024-09-04 06:22:08.108 20 INFO cinder.api.v3.groups [None req-9172c868-fbdf-4aa7-ab07-e9aea76340f8 2766f5379d6e46929e86eeaee80ef253 23938c97f8094beaa8b03f9c0be06efb - - default default] Delete group with id: 7ea44cc7-0007-4feb-8b36-c6beefd51e35
2024-09-04 06:22:08.114 20 INFO cinder.api.openstack.wsgi [None req-9172c868-fbdf-4aa7-ab07-e9aea76340f8 2766f5379d6e46929e86eeaee80ef253 23938c97f8094beaa8b03f9c0be06efb - - default default] http://[LB_IP_ADDRESS]:8776/v3/23938c97f8094beaa8b03f9c0be06efb/groups/7ea44cc7-0007-4feb-8b36-c6beefd51e35/action returned with HTTP 404
2024-09-04 06:22:08.126 23 INFO cinder.api.openstack.wsgi [None req-c2e76e34-275b-453c-ae8b-1a263f479844 2766f5379d6e46929e86eeaee80ef253 23938c97f8094beaa8b03f9c0be06efb - - default default] GET http://[LB_IP_ADDRESS]:8776/v3/23938c97f8094beaa8b03f9c0be06efb/volumes/detail
2024-09-04 06:22:08.146 23 INFO cinder.volume.api [None req-c2e76e34-275b-453c-ae8b-1a263f479844 2766f5379d6e46929e86eeaee80ef253 23938c97f8094beaa8b03f9c0be06efb - - default default] Get all volumes completed successfully.
2024-09-04 06:22:08.151 23 INFO cinder.api.openstack.wsgi [None req-c2e76e34-275b-453c-ae8b-1a263f479844 2766f5379d6e46929e86eeaee80ef253 23938c97f8094beaa8b03f9c0be06efb - - default default] http://[LB_IP_ADDRESS]:8776/v3/23938c97f8094beaa8b03f9c0be06efb/volumes/detail returned with HTTP 200
2024-09-04 06:22:08.183 22 INFO cinder.api.openstack.wsgi [None req-1672cac1-e204-4bac-8cdd-ca7c2f6f23c3 2766f5379d6e46929e86eeaee80ef253 23938c97f8094beaa8b03f9c0be06efb - - default default] POST http://[LB_IP_ADDRESS]:8776/v3/23938c97f8094beaa8b03f9c0be06efb/groups/cda43a62-f037-4c02-aac1-08ddd0d0e92d/action
2024-09-04 06:22:08.189 22 INFO cinder.api.v3.groups [None req-1672cac1-e204-4bac-8cdd-ca7c2f6f23c3 2766f5379d6e46929e86eeaee80ef253 23938c97f8094beaa8b03f9c0be06efb - - default default] Delete group with id: cda43a62-f037-4c02-aac1-08ddd0d0e92d
2024-09-04 06:22:08.195 22 INFO cinder.api.openstack.wsgi [None req-1672cac1-e204-4bac-8cdd-ca7c2f6f23c3 2766f5379d6e46929e86eeaee80ef253 23938c97f8094beaa8b03f9c0be06efb - - default default] http://[LB_IP_ADDRESS]:8776/v3/23938c97f8094beaa8b03f9c0be06efb/groups/cda43a62-f037-4c02-aac1-08ddd0d0e92d/action returned with HTTP 404
2024-09-04 06:22:08.207 21 INFO cinder.api.openstack.wsgi [None req-d0538fc2-57ae-4740-918c-d174f2a7b32b d967668608a14b948efaeeea31bd0f61 5502c0f066264fac960703992f53d366 - - default default] DELETE http://[LB_IP_ADDRESS]:8776/v3/5502c0f066264fac960703992f53d366/group_types/c6f51957-a361-4ec0-ac34-12dec0cf9120
2024-09-04 06:22:08.231 21 INFO cinder.api.openstack.wsgi [None req-d0538fc2-57ae-4740-918c-d174f2a7b32b d967668608a14b948efaeeea31bd0f61 5502c0f066264fac960703992f53d366 - - default default] http://[LB_IP_ADDRESS]:8776/v3/5502c0f066264fac960703992f53d366/group_types/c6f51957-a361-4ec0-ac34-12dec0cf9120 returned with HTTP 202
2024-09-04 06:22:08.244 20 INFO cinder.api.openstack.wsgi [None req-b4fdc14c-03bd-4ca9-9475-346be7db2eeb d967668608a14b948efaeeea31bd0f61 5502c0f066264fac960703992f53d366 - - default default] DELETE http://[LB_IP_ADDRESS]:8776/v3/5502c0f066264fac960703992f53d366/types/06755b4f-e1bb-4a2a-8705-0a0578b49f26
2024-09-04 06:22:08.293 20 INFO cinder.api.openstack.wsgi [None req-b4fdc14c-03bd-4ca9-9475-346be7db2eeb d967668608a14b948efaeeea31bd0f61 5502c0f066264fac960703992f53d366 - - default default] http://[LB_IP_ADDRESS]:8776/v3/5502c0f066264fac960703992f53d366/types/06755b4f-e1bb-4a2a-8705-0a0578b49f26 returned with HTTP 202
2024-09-04 06:22:08.306 23 INFO cinder.api.openstack.wsgi [None req-ee148ae5-0839-43ab-98f4-8d2eb6c4ce2c d967668608a14b948efaeeea31bd0f61 5502c0f066264fac960703992f53d366 - - default default] GET http://[LB_IP_ADDRESS]:8776/v3/5502c0f066264fac960703992f53d366/types/06755b4f-e1bb-4a2a-8705-0a0578b49f26
2024-09-04 06:22:08.314 23 INFO cinder.api.openstack.wsgi [None req-ee148ae5-0839-43ab-98f4-8d2eb6c4ce2c d967668608a14b948efaeeea31bd0f61 5502c0f066264fac960703992f53d366 - - default default] http://[LB_IP_ADDRESS]:8776/v3/5502c0f066264fac960703992f53d366/types/06755b4f-e1bb-4a2a-8705-0a0578b49f26 returned with HTTP 404
2024-09-04 06:22:08.328 22 INFO cinder.api.openstack.wsgi [None req-aadc63dd-24fa-4cc8-a9d0-0221cbfa2ddd d967668608a14b948efaeeea31bd0f61 5502c0f066264fac960703992f53d366 - - default default] POST http://[LB_IP_ADDRESS]:8776/v3/5502c0f066264fac960703992f53d366/types
2024-09-04 06:22:08.355 22 INFO cinder.api.openstack.wsgi [None req-aadc63dd-24fa-4cc8-a9d0-0221cbfa2ddd d967668608a14b948efaeeea31bd0f61 5502c0f066264fac960703992f53d366 - - default default] http://[LB_IP_ADDRESS]:8776/v3/5502c0f066264fac960703992f53d366/types returned with HTTP 200
2024-09-04 06:22:08.360 19 INFO cinder.api.openstack.wsgi [None req-77765a85-bc7f-4967-a871-8f72be406923 685fa9d8136f4a45903f3c8f80f6cdd4 2e63d85a5a79419a828afb944b503147 - - default default] POST http://[LB_IP_ADDRESS]:8776/v3/2e63d85a5a79419a828afb944b503147/types
2024-09-04 06:22:08.370 21 INFO cinder.api.openstack.wsgi [None req-ac918bac-2114-4240-8821-30e8d8ad9b1e d967668608a14b948efaeeea31bd0f61 5502c0f066264fac960703992f53d366 - - default default] POST http://[LB_IP_ADDRESS]:8776/v3/5502c0f066264fac960703992f53d366/group_types
2024-09-04 06:22:08.387 19 INFO cinder.api.openstack.wsgi [None req-77765a85-bc7f-4967-a871-8f72be406923 685fa9d8136f4a45903f3c8f80f6cdd4 2e63d85a5a79419a828afb944b503147 - - default default] http://[LB_IP_ADDRESS]:8776/v3/2e63d85a5a79419a828afb944b503147/types returned with HTTP 200
2024-09-04 06:22:08.395 21 INFO cinder.api.openstack.wsgi [None req-ac918bac-2114-4240-8821-30e8d8ad9b1e d967668608a14b948efaeeea31bd0f61 5502c0f066264fac960703992f53d366 - - default default] http://[LB_IP_ADDRESS]:8776/v3/5502c0f066264fac960703992f53d366/group_types returned with HTTP 202
2024-09-04 06:22:08.403 20 INFO cinder.api.openstack.wsgi [None req-c55c1fed-d276-40b8-8bd5-312c4d3a16a8 685fa9d8136f4a45903f3c8f80f6cdd4 2e63d85a5a79419a828afb944b503147 - - default default] POST http://[LB_IP_ADDRESS]:8776/v3/2e63d85a5a79419a828afb944b503147/group_types
2024-09-04 06:22:08.410 23 INFO cinder.api.openstack.wsgi [None req-7396d3dd-1dd9-4131-af1f-d08519c1e003 2766f5379d6e46929e86eeaee80ef253 23938c97f8094beaa8b03f9c0be06efb - - default default] POST http://[LB_IP_ADDRESS]:8776/v3/23938c97f8094beaa8b03f9c0be06efb/groups
2024-09-04 06:22:08.426 23 INFO cinder.api.v3.groups [None req-7396d3dd-1dd9-4131-af1f-d08519c1e003 2766f5379d6e46929e86eeaee80ef253 23938c97f8094beaa8b03f9c0be06efb - - default default] Creating group tempest-GroupsTest-Group-1726354542.
2024-09-04 06:22:08.431 20 INFO cinder.api.openstack.wsgi [None req-c55c1fed-d276-40b8-8bd5-312c4d3a16a8 685fa9d8136f4a45903f3c8f80f6cdd4 2e63d85a5a79419a828afb944b503147 - - default default] http://[LB_IP_ADDRESS]:8776/v3/2e63d85a5a79419a828afb944b503147/group_types returned with HTTP 202
2024-09-04 06:22:08.440 23 INFO cinder.volume.api [None req-7396d3dd-1dd9-4131-af1f-d08519c1e003 2766f5379d6e46929e86eeaee80ef253 23938c97f8094beaa8b03f9c0be06efb - - default default] Availability Zones retrieved successfully.
2024-09-04 06:22:08.504 23 INFO cinder.api.openstack.wsgi [None req-7396d3dd-1dd9-4131-af1f-d08519c1e003 2766f5379d6e46929e86eeaee80ef253 23938c97f8094beaa8b03f9c0be06efb - - default default] http://[LB_IP_ADDRESS]:8776/v3/23938c97f8094beaa8b03f9c0be06efb/groups returned with HTTP 202
2024-09-04 06:22:08.518 19 INFO cinder.api.openstack.wsgi [None req-28dd9a98-99a7-4605-898b-decb9793ae56 2766f5379d6e46929e86eeaee80ef253 23938c97f8094beaa8b03f9c0be06efb - - default default] GET http://[LB_IP_ADDRESS]:8776/v3/23938c97f8094beaa8b03f9c0be06efb/groups/e1098b5b-6d18-4185-b4f0-81f409200cc1
2024-09-04 06:22:08.541 19 INFO cinder.api.openstack.wsgi [None req-28dd9a98-99a7-4605-898b-decb9793ae56 2766f5379d6e46929e86eeaee80ef253 23938c97f8094beaa8b03f9c0be06efb - - default default] http://[LB_IP_ADDRESS]:8776/v3/23938c97f8094beaa8b03f9c0be06efb/groups/e1098b5b-6d18-4185-b4f0-81f409200cc1 returned with HTTP 200
2024-09-04 06:22:08.598 21 INFO cinder.api.openstack.wsgi [None req-a881ed15-1262-4d1b-bbe1-bb93b257d053 bd6bbe22c544463e8f26655301734517 62d7ff0679844fd78c509e96fd91542b - - default default] GET http://[LB_IP_ADDRESS]:8776/v3/62d7ff0679844fd78c509e96fd91542b/groups/7b54809a-bb41-49d4-98e4-af8156929bf3
2024-09-04 06:22:08.621 21 INFO cinder.api.openstack.wsgi [None req-a881ed15-1262-4d1b-bbe1-bb93b257d053 bd6bbe22c544463e8f26655301734517 62d7ff0679844fd78c509e96fd91542b - - default default] http://[LB_IP_ADDRESS]:8776/v3/62d7ff0679844fd78c509e96fd91542b/groups/7b54809a-bb41-49d4-98e4-af8156929bf3 returned with HTTP 200
2024-09-04 06:22:08.631 22 INFO cinder.api.openstack.wsgi [None req-dd0e2dd7-96e9-4be1-b51d-f0fe49f71ced 4962583404af400ca65be6a5212dbb9e b596a4d3af054022aae515bc93e1977c - - default default] POST http://[LB_IP_ADDRESS]:8776/v3/b596a4d3af054022aae515bc93e1977c/groups
2024-09-04 06:22:08.641 20 INFO cinder.api.openstack.wsgi [None req-5f58f38e-4b1c-48fd-b1db-16ebecfac703 bd6bbe22c544463e8f26655301734517 62d7ff0679844fd78c509e96fd91542b - - default default] PUT http://[LB_IP_ADDRESS]:8776/v3/62d7ff0679844fd78c509e96fd91542b/groups/7b54809a-bb41-49d4-98e4-af8156929bf3
2024-09-04 06:22:08.643 22 INFO cinder.api.v3.groups [None req-dd0e2dd7-96e9-4be1-b51d-f0fe49f71ced 4962583404af400ca65be6a5212dbb9e b596a4d3af054022aae515bc93e1977c - - default default] Creating group tempest-GroupsV320Test-Group-141130091.
2024-09-04 06:22:08.645 20 INFO cinder.api.v3.groups [None req-5f58f38e-4b1c-48fd-b1db-16ebecfac703 bd6bbe22c544463e8f26655301734517 62d7ff0679844fd78c509e96fd91542b - - default default] Updating group 7b54809a-bb41-49d4-98e4-af8156929bf3 with name None description: None add_volumes: 251069cf-759a-4120-b302-de66f66ef404 remove_volumes: None.
2024-09-04 06:22:08.656 22 INFO cinder.volume.api [None req-dd0e2dd7-96e9-4be1-b51d-f0fe49f71ced 4962583404af400ca65be6a5212dbb9e b596a4d3af054022aae515bc93e1977c - - default default] Availability Zones retrieved successfully.
2024-09-04 06:22:08.712 20 INFO cinder.api.openstack.wsgi [None req-5f58f38e-4b1c-48fd-b1db-16ebecfac703 bd6bbe22c544463e8f26655301734517 62d7ff0679844fd78c509e96fd91542b - - default default] http://[LB_IP_ADDRESS]:8776/v3/62d7ff0679844fd78c509e96fd91542b/groups/7b54809a-bb41-49d4-98e4-af8156929bf3 returned with HTTP 202
2024-09-04 06:22:08.726 23 INFO cinder.api.openstack.wsgi [None req-37d2d6cc-9ac9-4d94-86f4-36bfa0d19285 bd6bbe22c544463e8f26655301734517 62d7ff0679844fd78c509e96fd91542b - - default default] GET http://[LB_IP_ADDRESS]:8776/v3/62d7ff0679844fd78c509e96fd91542b/groups/7b54809a-bb41-49d4-98e4-af8156929bf3
2024-09-04 06:22:08.729 22 INFO cinder.api.openstack.wsgi [None req-dd0e2dd7-96e9-4be1-b51d-f0fe49f71ced 4962583404af400ca65be6a5212dbb9e b596a4d3af054022aae515bc93e1977c - - default default] http://[LB_IP_ADDRESS]:8776/v3/b596a4d3af054022aae515bc93e1977c/groups returned with HTTP 202
2024-09-04 06:22:08.743 19 INFO cinder.api.openstack.wsgi [None req-0ef13e89-2900-46d2-ab0f-58db95e33e29 4962583404af400ca65be6a5212dbb9e b596a4d3af054022aae515bc93e1977c - - default default] GET http://[LB_IP_ADDRESS]:8776/v3/b596a4d3af054022aae515bc93e1977c/groups/1ce97fd7-be8f-4b81-b22f-17c969f14900
2024-09-04 06:22:08.750 23 INFO cinder.api.openstack.wsgi [None req-37d2d6cc-9ac9-4d94-86f4-36bfa0d19285 bd6bbe22c544463e8f26655301734517 62d7ff0679844fd78c509e96fd91542b - - default default] http://[LB_IP_ADDRESS]:8776/v3/62d7ff0679844fd78c509e96fd91542b/groups/7b54809a-bb41-49d4-98e4-af8156929bf3 returned with HTTP 200
2024-09-04 06:22:08.765 19 INFO cinder.api.openstack.wsgi [None req-0ef13e89-2900-46d2-ab0f-58db95e33e29 4962583404af400ca65be6a5212dbb9e b596a4d3af054022aae515bc93e1977c - - default default] http://[LB_IP_ADDRESS]:8776/v3/b596a4d3af054022aae515bc93e1977c/groups/1ce97fd7-be8f-4b81-b22f-17c969f14900 returned with HTTP 200
2024-09-04 06:22:09.561 21 INFO cinder.api.openstack.wsgi [None req-f3603950-58fb-4482-a678-b26570695483 2766f5379d6e46929e86eeaee80ef253 23938c97f8094beaa8b03f9c0be06efb - - default default] GET http://[LB_IP_ADDRESS]:8776/v3/23938c97f8094beaa8b03f9c0be06efb/groups/e1098b5b-6d18-4185-b4f0-81f409200cc1
2024-09-04 06:22:09.584 21 INFO cinder.api.openstack.wsgi [None req-f3603950-58fb-4482-a678-b26570695483 2766f5379d6e46929e86eeaee80ef253 23938c97f8094beaa8b03f9c0be06efb - - default default] http://[LB_IP_ADDRESS]:8776/v3/23938c97f8094beaa8b03f9c0be06efb/groups/e1098b5b-6d18-4185-b4f0-81f409200cc1 returned with HTTP 200
2024-09-04 06:22:09.603 20 INFO cinder.api.openstack.wsgi [None req-220b9a8f-8234-4753-abbe-8c751c4cf5b0 2766f5379d6e46929e86eeaee80ef253 23938c97f8094beaa8b03f9c0be06efb - - default default] POST http://[LB_IP_ADDRESS]:8776/v3/23938c97f8094beaa8b03f9c0be06efb/volumes
2024-09-04 06:22:09.621 20 INFO cinder.api.v3.volumes [None req-220b9a8f-8234-4753-abbe-8c751c4cf5b0 2766f5379d6e46929e86eeaee80ef253 23938c97f8094beaa8b03f9c0be06efb - - default default] Create volume of 1 GB
2024-09-04 06:22:09.632 20 INFO cinder.volume.api [None req-220b9a8f-8234-4753-abbe-8c751c4cf5b0 2766f5379d6e46929e86eeaee80ef253 23938c97f8094beaa8b03f9c0be06efb - - default default] Availability Zones retrieved successfully.
2024-09-04 06:22:09.724 20 WARNING cinder.quota [None req-220b9a8f-8234-4753-abbe-8c751c4cf5b0 2766f5379d6e46929e86eeaee80ef253 23938c97f8094beaa8b03f9c0be06efb - - default default] Deprecated: Default quota for resource: volumes_tempest-GroupsTest-volume-type-1971763063 is set by the default quota flag: quota_volumes_tempest-GroupsTest-volume-type-1971763063, it is now deprecated. Please use the default quota class for default quota.
2024-09-04 06:22:09.725 20 WARNING cinder.quota [None req-220b9a8f-8234-4753-abbe-8c751c4cf5b0 2766f5379d6e46929e86eeaee80ef253 23938c97f8094beaa8b03f9c0be06efb - - default default] Deprecated: Default quota for resource: gigabytes_tempest-GroupsTest-volume-type-1971763063 is set by the default quota flag: quota_gigabytes_tempest-GroupsTest-volume-type-1971763063, it is now deprecated. Please use the default quota class for default quota.
2024-09-04 06:22:09.770 22 INFO cinder.api.openstack.wsgi [None req-381d50e8-9c9c-4233-a5b6-56bd226755e3 bd6bbe22c544463e8f26655301734517 62d7ff0679844fd78c509e96fd91542b - - default default] GET http://[LB_IP_ADDRESS]:8776/v3/62d7ff0679844fd78c509e96fd91542b/groups/7b54809a-bb41-49d4-98e4-af8156929bf3
2024-09-04 06:22:09.786 23 INFO cinder.api.openstack.wsgi [None req-dee25dea-c8e5-4ac3-b85d-ffeebffee6b2 4962583404af400ca65be6a5212dbb9e b596a4d3af054022aae515bc93e1977c - - default default] GET http://[LB_IP_ADDRESS]:8776/v3/b596a4d3af054022aae515bc93e1977c/groups/1ce97fd7-be8f-4b81-b22f-17c969f14900
2024-09-04 06:22:09.793 22 INFO cinder.api.openstack.wsgi [None req-381d50e8-9c9c-4233-a5b6-56bd226755e3 bd6bbe22c544463e8f26655301734517 62d7ff0679844fd78c509e96fd91542b - - default default] http://[LB_IP_ADDRESS]:8776/v3/62d7ff0679844fd78c509e96fd91542b/groups/7b54809a-bb41-49d4-98e4-af8156929bf3 returned with HTTP 200
2024-09-04 06:22:09.811 23 INFO cinder.api.openstack.wsgi [None req-dee25dea-c8e5-4ac3-b85d-ffeebffee6b2 4962583404af400ca65be6a5212dbb9e b596a4d3af054022aae515bc93e1977c - - default default] http://[LB_IP_ADDRESS]:8776/v3/b596a4d3af054022aae515bc93e1977c/groups/1ce97fd7-be8f-4b81-b22f-17c969f14900 returned with HTTP 200
2024-09-04 06:22:09.812 19 INFO cinder.api.openstack.wsgi [None req-d6d44550-a8e8-4316-9a5e-74e1763b492a bd6bbe22c544463e8f26655301734517 62d7ff0679844fd78c509e96fd91542b - - default default] PUT http://[LB_IP_ADDRESS]:8776/v3/62d7ff0679844fd78c509e96fd91542b/groups/7b54809a-bb41-49d4-98e4-af8156929bf3
2024-09-04 06:22:09.817 19 INFO cinder.api.v3.groups [None req-d6d44550-a8e8-4316-9a5e-74e1763b492a bd6bbe22c544463e8f26655301734517 62d7ff0679844fd78c509e96fd91542b - - default default] Updating group 7b54809a-bb41-49d4-98e4-af8156929bf3 with name None description: None add_volumes: None remove_volumes: b8b2733d-53d9-4726-b2ff-046814f9bcde.
2024-09-04 06:22:09.830 21 INFO cinder.api.openstack.wsgi [None req-009fcd3f-ffb9-463e-b3c5-4cb3860d6008 685fa9d8136f4a45903f3c8f80f6cdd4 2e63d85a5a79419a828afb944b503147 - - default default] POST http://[LB_IP_ADDRESS]:8776/v3/2e63d85a5a79419a828afb944b503147/groups/1ce97fd7-be8f-4b81-b22f-17c969f14900/action
2024-09-04 06:22:09.844 20 INFO cinder.volume.api [None req-220b9a8f-8234-4753-abbe-8c751c4cf5b0 2766f5379d6e46929e86eeaee80ef253 23938c97f8094beaa8b03f9c0be06efb - - default default] Create volume request issued successfully.
2024-09-04 06:22:09.850 21 INFO cinder.api.openstack.wsgi [None req-009fcd3f-ffb9-463e-b3c5-4cb3860d6008 685fa9d8136f4a45903f3c8f80f6cdd4 2e63d85a5a79419a828afb944b503147 - - default default] http://[LB_IP_ADDRESS]:8776/v3/2e63d85a5a79419a828afb944b503147/groups/1ce97fd7-be8f-4b81-b22f-17c969f14900/action returned with HTTP 202
2024-09-04 06:22:09.857 19 INFO cinder.api.openstack.wsgi [None req-d6d44550-a8e8-4316-9a5e-74e1763b492a bd6bbe22c544463e8f26655301734517 62d7ff0679844fd78c509e96fd91542b - - default default] http://[LB_IP_ADDRESS]:8776/v3/62d7ff0679844fd78c509e96fd91542b/groups/7b54809a-bb41-49d4-98e4-af8156929bf3 returned with HTTP 202
2024-09-04 06:22:09.863 22 INFO cinder.api.openstack.wsgi [None req-4e8d38e3-b972-4c2b-bd6f-7f3c71aac724 4962583404af400ca65be6a5212dbb9e b596a4d3af054022aae515bc93e1977c - - default default] GET http://[LB_IP_ADDRESS]:8776/v3/b596a4d3af054022aae515bc93e1977c/groups/1ce97fd7-be8f-4b81-b22f-17c969f14900
2024-09-04 06:22:09.863 20 INFO cinder.api.openstack.wsgi [None req-220b9a8f-8234-4753-abbe-8c751c4cf5b0 2766f5379d6e46929e86eeaee80ef253 23938c97f8094beaa8b03f9c0be06efb - - default default] http://[LB_IP_ADDRESS]:8776/v3/23938c97f8094beaa8b03f9c0be06efb/volumes returned with HTTP 202
2024-09-04 06:22:09.870 23 INFO cinder.api.openstack.wsgi [None req-f83ff867-1ffb-43c9-9ad1-234e03cb0a77 bd6bbe22c544463e8f26655301734517 62d7ff0679844fd78c509e96fd91542b - - default default] GET http://[LB_IP_ADDRESS]:8776/v3/62d7ff0679844fd78c509e96fd91542b/groups/7b54809a-bb41-49d4-98e4-af8156929bf3
2024-09-04 06:22:09.886 22 INFO cinder.api.openstack.wsgi [None req-4e8d38e3-b972-4c2b-bd6f-7f3c71aac724 4962583404af400ca65be6a5212dbb9e b596a4d3af054022aae515bc93e1977c - - default default] http://[LB_IP_ADDRESS]:8776/v3/b596a4d3af054022aae515bc93e1977c/groups/1ce97fd7-be8f-4b81-b22f-17c969f14900 returned with HTTP 200
2024-09-04 06:22:09.893 21 INFO cinder.api.openstack.wsgi [None req-03842c28-aa75-4cb8-bb6b-72ae9ecb04d5 2766f5379d6e46929e86eeaee80ef253 23938c97f8094beaa8b03f9c0be06efb - - default default] GET http://[LB_IP_ADDRESS]:8776/v3/23938c97f8094beaa8b03f9c0be06efb/volumes/c4f0f815-5481-4244-91f8-fdb1eefbb895
2024-09-04 06:22:09.893 23 INFO cinder.api.openstack.wsgi [None req-f83ff867-1ffb-43c9-9ad1-234e03cb0a77 bd6bbe22c544463e8f26655301734517 62d7ff0679844fd78c509e96fd91542b - - default default] http://[LB_IP_ADDRESS]:8776/v3/62d7ff0679844fd78c509e96fd91542b/groups/7b54809a-bb41-49d4-98e4-af8156929bf3 returned with HTTP 200
2024-09-04 06:22:09.904 19 INFO cinder.api.openstack.wsgi [None req-dbfc8c4e-d209-4a20-8fd8-22775841ac57 685fa9d8136f4a45903f3c8f80f6cdd4 2e63d85a5a79419a828afb944b503147 - - default default] POST http://[LB_IP_ADDRESS]:8776/v3/2e63d85a5a79419a828afb944b503147/groups/1ce97fd7-be8f-4b81-b22f-17c969f14900/action
2024-09-04 06:22:09.920 21 INFO cinder.volume.api [None req-03842c28-aa75-4cb8-bb6b-72ae9ecb04d5 2766f5379d6e46929e86eeaee80ef253 23938c97f8094beaa8b03f9c0be06efb - - default default] Volume info retrieved successfully.
2024-09-04 06:22:09.923 19 INFO cinder.api.openstack.wsgi [None req-dbfc8c4e-d209-4a20-8fd8-22775841ac57 685fa9d8136f4a45903f3c8f80f6cdd4 2e63d85a5a79419a828afb944b503147 - - default default] http://[LB_IP_ADDRESS]:8776/v3/2e63d85a5a79419a828afb944b503147/groups/1ce97fd7-be8f-4b81-b22f-17c969f14900/action returned with HTTP 202
2024-09-04 06:22:09.936 20 INFO cinder.api.openstack.wsgi [None req-e4007d13-87d3-4ca3-9c16-6b5edd7ff6aa 4962583404af400ca65be6a5212dbb9e b596a4d3af054022aae515bc93e1977c - - default default] GET http://[LB_IP_ADDRESS]:8776/v3/b596a4d3af054022aae515bc93e1977c/groups/1ce97fd7-be8f-4b81-b22f-17c969f14900
2024-09-04 06:22:09.950 21 INFO cinder.api.openstack.wsgi [None req-03842c28-aa75-4cb8-bb6b-72ae9ecb04d5 2766f5379d6e46929e86eeaee80ef253 23938c97f8094beaa8b03f9c0be06efb - - default default] http://[LB_IP_ADDRESS]:8776/v3/23938c97f8094beaa8b03f9c0be06efb/volumes/c4f0f815-5481-4244-91f8-fdb1eefbb895 returned with HTTP 200
2024-09-04 06:22:09.957 20 INFO cinder.api.openstack.wsgi [None req-e4007d13-87d3-4ca3-9c16-6b5edd7ff6aa 4962583404af400ca65be6a5212dbb9e b596a4d3af054022aae515bc93e1977c - - default default] http://[LB_IP_ADDRESS]:8776/v3/b596a4d3af054022aae515bc93e1977c/groups/1ce97fd7-be8f-4b81-b22f-17c969f14900 returned with HTTP 200
2024-09-04 06:22:09.976 22 INFO cinder.api.openstack.wsgi [None req-13017ef4-3e96-47c9-a506-abcba64b7dd0 685fa9d8136f4a45903f3c8f80f6cdd4 2e63d85a5a79419a828afb944b503147 - - default default] POST http://[LB_IP_ADDRESS]:8776/v3/2e63d85a5a79419a828afb944b503147/groups/1ce97fd7-be8f-4b81-b22f-17c969f14900/action
2024-09-04 06:22:09.996 22 INFO cinder.api.openstack.wsgi [None req-13017ef4-3e96-47c9-a506-abcba64b7dd0 685fa9d8136f4a45903f3c8f80f6cdd4 2e63d85a5a79419a828afb944b503147 - - default default] http://[LB_IP_ADDRESS]:8776/v3/2e63d85a5a79419a828afb944b503147/groups/1ce97fd7-be8f-4b81-b22f-17c969f14900/action returned with HTTP 202
2024-09-04 06:22:10.009 23 INFO cinder.api.openstack.wsgi [None req-0242dea2-af52-47a9-8ec0-9b14991049e6 4962583404af400ca65be6a5212dbb9e b596a4d3af054022aae515bc93e1977c - - default default] GET http://[LB_IP_ADDRESS]:8776/v3/b596a4d3af054022aae515bc93e1977c/groups/1ce97fd7-be8f-4b81-b22f-17c969f14900
2024-09-04 06:22:10.033 23 INFO cinder.api.openstack.wsgi [None req-0242dea2-af52-47a9-8ec0-9b14991049e6 4962583404af400ca65be6a5212dbb9e b596a4d3af054022aae515bc93e1977c - - default default] http://[LB_IP_ADDRESS]:8776/v3/b596a4d3af054022aae515bc93e1977c/groups/1ce97fd7-be8f-4b81-b22f-17c969f14900 returned with HTTP 200
2024-09-04 06:22:10.052 19 INFO cinder.api.openstack.wsgi [None req-5785f830-a604-4e54-85d3-5483d2e7e4cf 685fa9d8136f4a45903f3c8f80f6cdd4 2e63d85a5a79419a828afb944b503147 - - default default] POST http://[LB_IP_ADDRESS]:8776/v3/2e63d85a5a79419a828afb944b503147/groups/1ce97fd7-be8f-4b81-b22f-17c969f14900/action
2024-09-04 06:22:10.071 19 INFO cinder.api.openstack.wsgi [None req-5785f830-a604-4e54-85d3-5483d2e7e4cf 685fa9d8136f4a45903f3c8f80f6cdd4 2e63d85a5a79419a828afb944b503147 - - default default] http://[LB_IP_ADDRESS]:8776/v3/2e63d85a5a79419a828afb944b503147/groups/1ce97fd7-be8f-4b81-b22f-17c969f14900/action returned with HTTP 202
2024-09-04 06:22:10.084 21 INFO cinder.api.openstack.wsgi [None req-ba572129-9294-4aae-a26c-8a361eb53c57 4962583404af400ca65be6a5212dbb9e b596a4d3af054022aae515bc93e1977c - - default default] GET http://[LB_IP_ADDRESS]:8776/v3/b596a4d3af054022aae515bc93e1977c/groups/1ce97fd7-be8f-4b81-b22f-17c969f14900
2024-09-04 06:22:10.107 21 INFO cinder.api.openstack.wsgi [None req-ba572129-9294-4aae-a26c-8a361eb53c57 4962583404af400ca65be6a5212dbb9e b596a4d3af054022aae515bc93e1977c - - default default] http://[LB_IP_ADDRESS]:8776/v3/b596a4d3af054022aae515bc93e1977c/groups/1ce97fd7-be8f-4b81-b22f-17c969f14900 returned with HTTP 200
2024-09-04 06:22:10.126 20 INFO cinder.api.openstack.wsgi [None req-a4c1b1f3-4248-46dd-a9de-8af38db07265 4962583404af400ca65be6a5212dbb9e b596a4d3af054022aae515bc93e1977c - - default default] GET http://[LB_IP_ADDRESS]:8776/v3/b596a4d3af054022aae515bc93e1977c/volumes/detail
2024-09-04 06:22:10.145 20 INFO cinder.volume.api [None req-a4c1b1f3-4248-46dd-a9de-8af38db07265 4962583404af400ca65be6a5212dbb9e b596a4d3af054022aae515bc93e1977c - - default default] Get all volumes completed successfully.
2024-09-04 06:22:10.150 20 INFO cinder.api.openstack.wsgi [None req-a4c1b1f3-4248-46dd-a9de-8af38db07265 4962583404af400ca65be6a5212dbb9e b596a4d3af054022aae515bc93e1977c - - default default] http://[LB_IP_ADDRESS]:8776/v3/b596a4d3af054022aae515bc93e1977c/volumes/detail returned with HTTP 200
