2025-07-31 19:00:01.568 23 INFO cinder.api.openstack.wsgi [None req-e6a8632c-852b-49bd-a5c6-366fb400e273 7d7aa35f5da44286bd2c2748e36262b8 d1e6c06e24fa45c0a9fd84ed0f37ee0b - - default default] http://[LB_IP_ADDRESS]:8776/v3/d1e6c06e24fa45c0a9fd84ed0f37ee0b/volumes/29212a18-9c50-4355-b11b-7c22200acec0 returned with HTTP 200
2025-07-31 19:00:01.598 21 INFO cinder.api.openstack.wsgi [req-902624f9-1622-410b-b8b7-fa598b2728ce req-45c4f0f4-4826-4ffc-862c-e646fde3bd91 e7882504355c44aa8d77ad69f60c01b9 7d062e0addd943e985467a8109c1dd02 - - default default] GET http://[LB_IP_ADDRESS]:8776/v3/7d062e0addd943e985467a8109c1dd02/volumes/detail
2025-07-31 19:00:01.627 21 INFO cinder.volume.api [req-902624f9-1622-410b-b8b7-fa598b2728ce req-45c4f0f4-4826-4ffc-862c-e646fde3bd91 e7882504355c44aa8d77ad69f60c01b9 7d062e0addd943e985467a8109c1dd02 - - default default] Get all volumes completed successfully.
2025-07-31 19:00:01.641 21 INFO cinder.api.openstack.wsgi [req-902624f9-1622-410b-b8b7-fa598b2728ce req-45c4f0f4-4826-4ffc-862c-e646fde3bd91 e7882504355c44aa8d77ad69f60c01b9 7d062e0addd943e985467a8109c1dd02 - - default default] http://[LB_IP_ADDRESS]:8776/v3/7d062e0addd943e985467a8109c1dd02/volumes/detail returned with HTTP 200
2025-07-31 19:00:01.684 24 INFO cinder.api.openstack.wsgi [req-b0669d84-59d6-4b95-b51b-4a46fb01633b req-070083b7-9836-46ec-a68f-7ffd230ef5a5 e7882504355c44aa8d77ad69f60c01b9 7d062e0addd943e985467a8109c1dd02 - - default default] GET http://[LB_IP_ADDRESS]:8776/v3/7d062e0addd943e985467a8109c1dd02/volumes/detail
2025-07-31 19:00:01.708 24 INFO cinder.volume.api [req-b0669d84-59d6-4b95-b51b-4a46fb01633b req-070083b7-9836-46ec-a68f-7ffd230ef5a5 e7882504355c44aa8d77ad69f60c01b9 7d062e0addd943e985467a8109c1dd02 - - default default] Get all volumes completed successfully.
2025-07-31 19:00:01.721 24 INFO cinder.api.openstack.wsgi [req-b0669d84-59d6-4b95-b51b-4a46fb01633b req-070083b7-9836-46ec-a68f-7ffd230ef5a5 e7882504355c44aa8d77ad69f60c01b9 7d062e0addd943e985467a8109c1dd02 - - default default] http://[LB_IP_ADDRESS]:8776/v3/7d062e0addd943e985467a8109c1dd02/volumes/detail returned with HTTP 200
2025-07-31 19:00:01.768 22 INFO cinder.api.openstack.wsgi [req-cdf31bc6-7d78-4281-846a-9374b92930a1 req-8cd53762-4580-481d-9fe4-4d7904b5927f e7882504355c44aa8d77ad69f60c01b9 7d062e0addd943e985467a8109c1dd02 - - default default] GET http://[LB_IP_ADDRESS]:8776/v3/7d062e0addd943e985467a8109c1dd02/volumes/detail
2025-07-31 19:00:01.793 22 INFO cinder.volume.api [req-cdf31bc6-7d78-4281-846a-9374b92930a1 req-8cd53762-4580-481d-9fe4-4d7904b5927f e7882504355c44aa8d77ad69f60c01b9 7d062e0addd943e985467a8109c1dd02 - - default default] Get all volumes completed successfully.
2025-07-31 19:00:01.804 22 INFO cinder.api.openstack.wsgi [req-cdf31bc6-7d78-4281-846a-9374b92930a1 req-8cd53762-4580-481d-9fe4-4d7904b5927f e7882504355c44aa8d77ad69f60c01b9 7d062e0addd943e985467a8109c1dd02 - - default default] http://[LB_IP_ADDRESS]:8776/v3/7d062e0addd943e985467a8109c1dd02/volumes/detail returned with HTTP 200
2025-07-31 19:00:01.856 25 INFO cinder.api.openstack.wsgi [req-c667d81b-6ab8-4915-9d8f-01a1ad6dfe76 req-570bfbd5-4e93-42ed-9b38-5b372ef318ff e7882504355c44aa8d77ad69f60c01b9 7d062e0addd943e985467a8109c1dd02 - - default default] GET http://[LB_IP_ADDRESS]:8776/v3/7d062e0addd943e985467a8109c1dd02/volumes/detail
2025-07-31 19:00:01.881 25 INFO cinder.volume.api [req-c667d81b-6ab8-4915-9d8f-01a1ad6dfe76 req-570bfbd5-4e93-42ed-9b38-5b372ef318ff e7882504355c44aa8d77ad69f60c01b9 7d062e0addd943e985467a8109c1dd02 - - default default] Get all volumes completed successfully.
2025-07-31 19:00:01.893 25 INFO cinder.api.openstack.wsgi [req-c667d81b-6ab8-4915-9d8f-01a1ad6dfe76 req-570bfbd5-4e93-42ed-9b38-5b372ef318ff e7882504355c44aa8d77ad69f60c01b9 7d062e0addd943e985467a8109c1dd02 - - default default] http://[LB_IP_ADDRESS]:8776/v3/7d062e0addd943e985467a8109c1dd02/volumes/detail returned with HTTP 200
2025-07-31 19:00:01.936 23 INFO cinder.api.openstack.wsgi [req-433ca1c3-5bb8-413d-ba60-19ed5f61c54e req-90774eb9-9777-43eb-b067-2222bd1b537d e7882504355c44aa8d77ad69f60c01b9 7d062e0addd943e985467a8109c1dd02 - - default default] GET http://[LB_IP_ADDRESS]:8776/v3/7d062e0addd943e985467a8109c1dd02/volumes/detail
2025-07-31 19:00:01.962 23 INFO cinder.volume.api [req-433ca1c3-5bb8-413d-ba60-19ed5f61c54e req-90774eb9-9777-43eb-b067-2222bd1b537d e7882504355c44aa8d77ad69f60c01b9 7d062e0addd943e985467a8109c1dd02 - - default default] Get all volumes completed successfully.
2025-07-31 19:00:01.975 23 INFO cinder.api.openstack.wsgi [req-433ca1c3-5bb8-413d-ba60-19ed5f61c54e req-90774eb9-9777-43eb-b067-2222bd1b537d e7882504355c44aa8d77ad69f60c01b9 7d062e0addd943e985467a8109c1dd02 - - default default] http://[LB_IP_ADDRESS]:8776/v3/7d062e0addd943e985467a8109c1dd02/volumes/detail returned with HTTP 200
2025-07-31 19:00:02.011 21 INFO cinder.api.openstack.wsgi [None req-ff7706da-25cd-432c-a0ca-e2cf9f9ea778 61fb907e7ff04e1198d4c0951956210f 7c8610540dd84352b49b62e499ed4e18 - - default default] GET http://[LB_IP_ADDRESS]:8776/v3/7c8610540dd84352b49b62e499ed4e18/volumes/775b8b81-3b20-4539-8487-28c4170ae98a
2025-07-31 19:00:02.017 24 INFO cinder.api.openstack.wsgi [req-858a46a9-e6a6-4584-be24-66a385518e3d req-4cd7ae6f-b149-445b-8d74-90d6ae30b3f6 e7882504355c44aa8d77ad69f60c01b9 7d062e0addd943e985467a8109c1dd02 - - default default] GET http://[LB_IP_ADDRESS]:8776/v3/7d062e0addd943e985467a8109c1dd02/volumes/detail
2025-07-31 19:00:02.027 21 INFO cinder.api.openstack.wsgi [None req-ff7706da-25cd-432c-a0ca-e2cf9f9ea778 61fb907e7ff04e1198d4c0951956210f 7c8610540dd84352b49b62e499ed4e18 - - default default] http://[LB_IP_ADDRESS]:8776/v3/7c8610540dd84352b49b62e499ed4e18/volumes/775b8b81-3b20-4539-8487-28c4170ae98a returned with HTTP 404
2025-07-31 19:00:02.040 24 INFO cinder.volume.api [req-858a46a9-e6a6-4584-be24-66a385518e3d req-4cd7ae6f-b149-445b-8d74-90d6ae30b3f6 e7882504355c44aa8d77ad69f60c01b9 7d062e0addd943e985467a8109c1dd02 - - default default] Get all volumes completed successfully.
2025-07-31 19:00:02.040 22 INFO cinder.api.openstack.wsgi [None req-6ad8e799-6506-4c31-ba01-64a852462589 61fb907e7ff04e1198d4c0951956210f 7c8610540dd84352b49b62e499ed4e18 - - default default] GET http://[LB_IP_ADDRESS]:8776/v3/7c8610540dd84352b49b62e499ed4e18/groups/08d0d196-eaa3-446c-8c64-d62e0d51be1e
2025-07-31 19:00:02.046 22 INFO cinder.api.openstack.wsgi [None req-6ad8e799-6506-4c31-ba01-64a852462589 61fb907e7ff04e1198d4c0951956210f 7c8610540dd84352b49b62e499ed4e18 - - default default] http://[LB_IP_ADDRESS]:8776/v3/7c8610540dd84352b49b62e499ed4e18/groups/08d0d196-eaa3-446c-8c64-d62e0d51be1e returned with HTTP 404
2025-07-31 19:00:02.050 24 INFO cinder.api.openstack.wsgi [req-858a46a9-e6a6-4584-be24-66a385518e3d req-4cd7ae6f-b149-445b-8d74-90d6ae30b3f6 e7882504355c44aa8d77ad69f60c01b9 7d062e0addd943e985467a8109c1dd02 - - default default] http://[LB_IP_ADDRESS]:8776/v3/7d062e0addd943e985467a8109c1dd02/volumes/detail returned with HTTP 200
2025-07-31 19:00:02.060 25 INFO cinder.api.openstack.wsgi [None req-e5d761a6-a86f-4371-bb18-ded5dfe9a937 61fb907e7ff04e1198d4c0951956210f 7c8610540dd84352b49b62e499ed4e18 - - default default] DELETE http://[LB_IP_ADDRESS]:8776/v3/7c8610540dd84352b49b62e499ed4e18/group_snapshots/7f0f65ba-4c8c-4d0a-9f00-3a3680bb055c
2025-07-31 19:00:02.062 25 INFO cinder.api.v3.group_snapshots [None req-e5d761a6-a86f-4371-bb18-ded5dfe9a937 61fb907e7ff04e1198d4c0951956210f 7c8610540dd84352b49b62e499ed4e18 - - default default] Delete group_snapshot with id: 7f0f65ba-4c8c-4d0a-9f00-3a3680bb055c
2025-07-31 19:00:02.073 23 INFO cinder.api.openstack.wsgi [None req-7b8bd493-dda5-40f6-946e-0edc8c576ed4 e7882504355c44aa8d77ad69f60c01b9 7d062e0addd943e985467a8109c1dd02 - - default default] DELETE http://[LB_IP_ADDRESS]:8776/v3/7d062e0addd943e985467a8109c1dd02/volumes/4922f213-9240-413a-82a1-ee20f693566b
2025-07-31 19:00:02.075 23 INFO cinder.api.v3.volumes [None req-7b8bd493-dda5-40f6-946e-0edc8c576ed4 e7882504355c44aa8d77ad69f60c01b9 7d062e0addd943e985467a8109c1dd02 - - default default] Delete volume with id: 4922f213-9240-413a-82a1-ee20f693566b 
2025-07-31 19:00:02.094 23 INFO cinder.volume.api [None req-7b8bd493-dda5-40f6-946e-0edc8c576ed4 e7882504355c44aa8d77ad69f60c01b9 7d062e0addd943e985467a8109c1dd02 - - default default] Volume info retrieved successfully.
2025-07-31 19:00:02.122 25 INFO cinder.api.openstack.wsgi [None req-e5d761a6-a86f-4371-bb18-ded5dfe9a937 61fb907e7ff04e1198d4c0951956210f 7c8610540dd84352b49b62e499ed4e18 - - default default] http://[LB_IP_ADDRESS]:8776/v3/7c8610540dd84352b49b62e499ed4e18/group_snapshots/7f0f65ba-4c8c-4d0a-9f00-3a3680bb055c returned with HTTP 202
2025-07-31 19:00:02.130 23 INFO cinder.volume.api [None req-7b8bd493-dda5-40f6-946e-0edc8c576ed4 e7882504355c44aa8d77ad69f60c01b9 7d062e0addd943e985467a8109c1dd02 - - default default] Delete volume request issued successfully.
2025-07-31 19:00:02.131 23 INFO cinder.api.openstack.wsgi [None req-7b8bd493-dda5-40f6-946e-0edc8c576ed4 e7882504355c44aa8d77ad69f60c01b9 7d062e0addd943e985467a8109c1dd02 - - default default] http://[LB_IP_ADDRESS]:8776/v3/7d062e0addd943e985467a8109c1dd02/volumes/4922f213-9240-413a-82a1-ee20f693566b returned with HTTP 202
2025-07-31 19:00:02.134 21 INFO cinder.api.openstack.wsgi [None req-2d8b6083-e9cd-46ea-aceb-330fb45486f4 61fb907e7ff04e1198d4c0951956210f 7c8610540dd84352b49b62e499ed4e18 - - default default] GET http://[LB_IP_ADDRESS]:8776/v3/7c8610540dd84352b49b62e499ed4e18/volumes/detail
2025-07-31 19:00:02.144 22 INFO cinder.api.openstack.wsgi [None req-8ff65de6-0e8f-4639-a2b9-6bebf468f4b7 e7882504355c44aa8d77ad69f60c01b9 7d062e0addd943e985467a8109c1dd02 - - default default] GET http://[LB_IP_ADDRESS]:8776/v3/7d062e0addd943e985467a8109c1dd02/volumes/4922f213-9240-413a-82a1-ee20f693566b
2025-07-31 19:00:02.152 21 INFO cinder.volume.api [None req-2d8b6083-e9cd-46ea-aceb-330fb45486f4 61fb907e7ff04e1198d4c0951956210f 7c8610540dd84352b49b62e499ed4e18 - - default default] Get all volumes completed successfully.
2025-07-31 19:00:02.169 22 INFO cinder.volume.api [None req-8ff65de6-0e8f-4639-a2b9-6bebf468f4b7 e7882504355c44aa8d77ad69f60c01b9 7d062e0addd943e985467a8109c1dd02 - - default default] Volume info retrieved successfully.
2025-07-31 19:00:02.179 21 INFO cinder.api.openstack.wsgi [None req-2d8b6083-e9cd-46ea-aceb-330fb45486f4 61fb907e7ff04e1198d4c0951956210f 7c8610540dd84352b49b62e499ed4e18 - - default default] http://[LB_IP_ADDRESS]:8776/v3/7c8610540dd84352b49b62e499ed4e18/volumes/detail returned with HTTP 200
2025-07-31 19:00:02.179 22 INFO cinder.api.openstack.wsgi [None req-8ff65de6-0e8f-4639-a2b9-6bebf468f4b7 e7882504355c44aa8d77ad69f60c01b9 7d062e0addd943e985467a8109c1dd02 - - default default] http://[LB_IP_ADDRESS]:8776/v3/7d062e0addd943e985467a8109c1dd02/volumes/4922f213-9240-413a-82a1-ee20f693566b returned with HTTP 200
2025-07-31 19:00:02.208 24 INFO cinder.api.openstack.wsgi [None req-5c8e1854-b506-43f5-96fe-eaaa07c71c1c 61fb907e7ff04e1198d4c0951956210f 7c8610540dd84352b49b62e499ed4e18 - - default default] GET http://[LB_IP_ADDRESS]:8776/v3/7c8610540dd84352b49b62e499ed4e18/snapshots/detail
2025-07-31 19:00:02.220 24 INFO cinder.volume.api [None req-5c8e1854-b506-43f5-96fe-eaaa07c71c1c 61fb907e7ff04e1198d4c0951956210f 7c8610540dd84352b49b62e499ed4e18 - - default default] Get all snapshots completed successfully.
2025-07-31 19:00:02.223 24 INFO cinder.api.openstack.wsgi [None req-5c8e1854-b506-43f5-96fe-eaaa07c71c1c 61fb907e7ff04e1198d4c0951956210f 7c8610540dd84352b49b62e499ed4e18 - - default default] http://[LB_IP_ADDRESS]:8776/v3/7c8610540dd84352b49b62e499ed4e18/snapshots/detail returned with HTTP 200
2025-07-31 19:00:02.240 25 INFO cinder.api.openstack.wsgi [None req-7e0ab894-ba65-4cea-8258-40d6de961a2c 61fb907e7ff04e1198d4c0951956210f 7c8610540dd84352b49b62e499ed4e18 - - default default] GET http://[LB_IP_ADDRESS]:8776/v3/7c8610540dd84352b49b62e499ed4e18/snapshots/48d92798-82be-42b0-a8b6-0bff7034f349
2025-07-31 19:00:02.254 25 INFO cinder.volume.api [None req-7e0ab894-ba65-4cea-8258-40d6de961a2c 61fb907e7ff04e1198d4c0951956210f 7c8610540dd84352b49b62e499ed4e18 - - default default] Snapshot retrieved successfully.
2025-07-31 19:00:02.256 25 INFO cinder.api.openstack.wsgi [None req-7e0ab894-ba65-4cea-8258-40d6de961a2c 61fb907e7ff04e1198d4c0951956210f 7c8610540dd84352b49b62e499ed4e18 - - default default] http://[LB_IP_ADDRESS]:8776/v3/7c8610540dd84352b49b62e499ed4e18/snapshots/48d92798-82be-42b0-a8b6-0bff7034f349 returned with HTTP 200
2025-07-31 19:00:02.597 23 INFO cinder.api.openstack.wsgi [None req-6606c61f-cdc4-429f-bcb8-f341dbfb68e7 7d7aa35f5da44286bd2c2748e36262b8 d1e6c06e24fa45c0a9fd84ed0f37ee0b - - default default] GET http://[LB_IP_ADDRESS]:8776/v3/d1e6c06e24fa45c0a9fd84ed0f37ee0b/volumes/29212a18-9c50-4355-b11b-7c22200acec0
2025-07-31 19:00:02.610 23 INFO cinder.api.openstack.wsgi [None req-6606c61f-cdc4-429f-bcb8-f341dbfb68e7 7d7aa35f5da44286bd2c2748e36262b8 d1e6c06e24fa45c0a9fd84ed0f37ee0b - - default default] http://[LB_IP_ADDRESS]:8776/v3/d1e6c06e24fa45c0a9fd84ed0f37ee0b/volumes/29212a18-9c50-4355-b11b-7c22200acec0 returned with HTTP 404
2025-07-31 19:00:02.621 21 INFO cinder.api.openstack.wsgi [None req-cfa11216-9641-467d-a1a0-6088317fea85 7d7aa35f5da44286bd2c2748e36262b8 d1e6c06e24fa45c0a9fd84ed0f37ee0b - - default default] GET http://[LB_IP_ADDRESS]:8776/v3/d1e6c06e24fa45c0a9fd84ed0f37ee0b/groups/6e3dfed9-9752-4652-9462-937fd1e1b816
2025-07-31 19:00:02.626 21 INFO cinder.api.openstack.wsgi [None req-cfa11216-9641-467d-a1a0-6088317fea85 7d7aa35f5da44286bd2c2748e36262b8 d1e6c06e24fa45c0a9fd84ed0f37ee0b - - default default] http://[LB_IP_ADDRESS]:8776/v3/d1e6c06e24fa45c0a9fd84ed0f37ee0b/groups/6e3dfed9-9752-4652-9462-937fd1e1b816 returned with HTTP 404
2025-07-31 19:00:02.636 22 INFO cinder.api.openstack.wsgi [None req-7cd8f92c-684a-417d-beac-51e0ca1a9a81 8ba25e51ab18402ca64bbfe3af1dd9db 561a314fd48b44869cc2b1239e9c0ec0 - - default default] DELETE http://[LB_IP_ADDRESS]:8776/v3/561a314fd48b44869cc2b1239e9c0ec0/group_types/46e2412a-6994-44c8-bac8-b946d2ed2bde
2025-07-31 19:00:02.654 22 INFO cinder.api.openstack.wsgi [None req-7cd8f92c-684a-417d-beac-51e0ca1a9a81 8ba25e51ab18402ca64bbfe3af1dd9db 561a314fd48b44869cc2b1239e9c0ec0 - - default default] http://[LB_IP_ADDRESS]:8776/v3/561a314fd48b44869cc2b1239e9c0ec0/group_types/46e2412a-6994-44c8-bac8-b946d2ed2bde returned with HTTP 202
2025-07-31 19:00:02.665 24 INFO cinder.api.openstack.wsgi [None req-f527d0a6-de6e-4c38-b09b-b02a335338e8 8ba25e51ab18402ca64bbfe3af1dd9db 561a314fd48b44869cc2b1239e9c0ec0 - - default default] DELETE http://[LB_IP_ADDRESS]:8776/v3/561a314fd48b44869cc2b1239e9c0ec0/types/27f77f06-17d8-408e-afc0-f531bbd9a34a
2025-07-31 19:00:02.710 24 INFO cinder.api.openstack.wsgi [None req-f527d0a6-de6e-4c38-b09b-b02a335338e8 8ba25e51ab18402ca64bbfe3af1dd9db 561a314fd48b44869cc2b1239e9c0ec0 - - default default] http://[LB_IP_ADDRESS]:8776/v3/561a314fd48b44869cc2b1239e9c0ec0/types/27f77f06-17d8-408e-afc0-f531bbd9a34a returned with HTTP 202
2025-07-31 19:00:02.721 25 INFO cinder.api.openstack.wsgi [None req-f7ac67f6-c850-4621-a3ea-ad1b94f685b9 8ba25e51ab18402ca64bbfe3af1dd9db 561a314fd48b44869cc2b1239e9c0ec0 - - default default] GET http://[LB_IP_ADDRESS]:8776/v3/561a314fd48b44869cc2b1239e9c0ec0/types/27f77f06-17d8-408e-afc0-f531bbd9a34a
2025-07-31 19:00:02.726 25 INFO cinder.api.openstack.wsgi [None req-f7ac67f6-c850-4621-a3ea-ad1b94f685b9 8ba25e51ab18402ca64bbfe3af1dd9db 561a314fd48b44869cc2b1239e9c0ec0 - - default default] http://[LB_IP_ADDRESS]:8776/v3/561a314fd48b44869cc2b1239e9c0ec0/types/27f77f06-17d8-408e-afc0-f531bbd9a34a returned with HTTP 404
2025-07-31 19:00:03.209 23 INFO cinder.api.openstack.wsgi [None req-5224e451-97b4-4378-a837-143542e90ba8 e7882504355c44aa8d77ad69f60c01b9 7d062e0addd943e985467a8109c1dd02 - - default default] GET http://[LB_IP_ADDRESS]:8776/v3/7d062e0addd943e985467a8109c1dd02/volumes/4922f213-9240-413a-82a1-ee20f693566b
2025-07-31 19:00:03.227 23 INFO cinder.api.openstack.wsgi [None req-5224e451-97b4-4378-a837-143542e90ba8 e7882504355c44aa8d77ad69f60c01b9 7d062e0addd943e985467a8109c1dd02 - - default default] http://[LB_IP_ADDRESS]:8776/v3/7d062e0addd943e985467a8109c1dd02/volumes/4922f213-9240-413a-82a1-ee20f693566b returned with HTTP 404
2025-07-31 19:00:03.239 21 INFO cinder.api.openstack.wsgi [None req-01571ce7-7065-44ca-b7ed-7744dbd78ab5 e7882504355c44aa8d77ad69f60c01b9 7d062e0addd943e985467a8109c1dd02 - - default default] DELETE http://[LB_IP_ADDRESS]:8776/v3/7d062e0addd943e985467a8109c1dd02/volumes/9989eb9f-9e19-47fb-bebd-f39c01e22836
2025-07-31 19:00:03.241 21 INFO cinder.api.v3.volumes [None req-01571ce7-7065-44ca-b7ed-7744dbd78ab5 e7882504355c44aa8d77ad69f60c01b9 7d062e0addd943e985467a8109c1dd02 - - default default] Delete volume with id: 9989eb9f-9e19-47fb-bebd-f39c01e22836 
2025-07-31 19:00:03.262 21 INFO cinder.volume.api [None req-01571ce7-7065-44ca-b7ed-7744dbd78ab5 e7882504355c44aa8d77ad69f60c01b9 7d062e0addd943e985467a8109c1dd02 - - default default] Volume info retrieved successfully.
2025-07-31 19:00:03.273 22 INFO cinder.api.openstack.wsgi [None req-55dff61f-ca82-4aaf-82f1-64d7ec6477d9 61fb907e7ff04e1198d4c0951956210f 7c8610540dd84352b49b62e499ed4e18 - - default default] GET http://[LB_IP_ADDRESS]:8776/v3/7c8610540dd84352b49b62e499ed4e18/snapshots/48d92798-82be-42b0-a8b6-0bff7034f349
2025-07-31 19:00:03.284 22 INFO cinder.api.openstack.wsgi [None req-55dff61f-ca82-4aaf-82f1-64d7ec6477d9 61fb907e7ff04e1198d4c0951956210f 7c8610540dd84352b49b62e499ed4e18 - - default default] http://[LB_IP_ADDRESS]:8776/v3/7c8610540dd84352b49b62e499ed4e18/snapshots/48d92798-82be-42b0-a8b6-0bff7034f349 returned with HTTP 404
2025-07-31 19:00:03.299 24 INFO cinder.api.openstack.wsgi [None req-9b53758a-e82f-4a98-8929-b24fcb892122 61fb907e7ff04e1198d4c0951956210f 7c8610540dd84352b49b62e499ed4e18 - - default default] GET http://[LB_IP_ADDRESS]:8776/v3/7c8610540dd84352b49b62e499ed4e18/group_snapshots/7f0f65ba-4c8c-4d0a-9f00-3a3680bb055c
2025-07-31 19:00:03.300 21 INFO cinder.volume.api [None req-01571ce7-7065-44ca-b7ed-7744dbd78ab5 e7882504355c44aa8d77ad69f60c01b9 7d062e0addd943e985467a8109c1dd02 - - default default] Delete volume request issued successfully.
2025-07-31 19:00:03.301 21 INFO cinder.api.openstack.wsgi [None req-01571ce7-7065-44ca-b7ed-7744dbd78ab5 e7882504355c44aa8d77ad69f60c01b9 7d062e0addd943e985467a8109c1dd02 - - default default] http://[LB_IP_ADDRESS]:8776/v3/7d062e0addd943e985467a8109c1dd02/volumes/9989eb9f-9e19-47fb-bebd-f39c01e22836 returned with HTTP 202
2025-07-31 19:00:03.307 24 INFO cinder.api.openstack.wsgi [None req-9b53758a-e82f-4a98-8929-b24fcb892122 61fb907e7ff04e1198d4c0951956210f 7c8610540dd84352b49b62e499ed4e18 - - default default] http://[LB_IP_ADDRESS]:8776/v3/7c8610540dd84352b49b62e499ed4e18/group_snapshots/7f0f65ba-4c8c-4d0a-9f00-3a3680bb055c returned with HTTP 404
2025-07-31 19:00:03.313 25 INFO cinder.api.openstack.wsgi [None req-5268c2f8-a5f8-406a-b178-9dfce0b07ded e7882504355c44aa8d77ad69f60c01b9 7d062e0addd943e985467a8109c1dd02 - - default default] GET http://[LB_IP_ADDRESS]:8776/v3/7d062e0addd943e985467a8109c1dd02/volumes/9989eb9f-9e19-47fb-bebd-f39c01e22836
2025-07-31 19:00:03.320 23 INFO cinder.api.openstack.wsgi [None req-0e634a29-5808-4864-affc-fb0c040fe651 61fb907e7ff04e1198d4c0951956210f 7c8610540dd84352b49b62e499ed4e18 - - default default] GET http://[LB_IP_ADDRESS]:8776/v3/7c8610540dd84352b49b62e499ed4e18/volumes/detail
2025-07-31 19:00:03.336 25 INFO cinder.volume.api [None req-5268c2f8-a5f8-406a-b178-9dfce0b07ded e7882504355c44aa8d77ad69f60c01b9 7d062e0addd943e985467a8109c1dd02 - - default default] Volume info retrieved successfully.
2025-07-31 19:00:03.342 23 INFO cinder.volume.api [None req-0e634a29-5808-4864-affc-fb0c040fe651 61fb907e7ff04e1198d4c0951956210f 7c8610540dd84352b49b62e499ed4e18 - - default default] Get all volumes completed successfully.
2025-07-31 19:00:03.345 25 INFO cinder.api.openstack.wsgi [None req-5268c2f8-a5f8-406a-b178-9dfce0b07ded e7882504355c44aa8d77ad69f60c01b9 7d062e0addd943e985467a8109c1dd02 - - default default] http://[LB_IP_ADDRESS]:8776/v3/7d062e0addd943e985467a8109c1dd02/volumes/9989eb9f-9e19-47fb-bebd-f39c01e22836 returned with HTTP 200
2025-07-31 19:00:03.376 23 INFO cinder.api.openstack.wsgi [None req-0e634a29-5808-4864-affc-fb0c040fe651 61fb907e7ff04e1198d4c0951956210f 7c8610540dd84352b49b62e499ed4e18 - - default default] http://[LB_IP_ADDRESS]:8776/v3/7c8610540dd84352b49b62e499ed4e18/volumes/detail returned with HTTP 200
2025-07-31 19:00:03.404 22 INFO cinder.api.openstack.wsgi [None req-1dd927cf-5c9d-4002-afbd-baa4d317619d 61fb907e7ff04e1198d4c0951956210f 7c8610540dd84352b49b62e499ed4e18 - - default default] POST http://[LB_IP_ADDRESS]:8776/v3/7c8610540dd84352b49b62e499ed4e18/groups/7a05817d-1931-412f-9b47-db74eeb0f2cf/action
2025-07-31 19:00:03.408 22 INFO cinder.api.v3.groups [None req-1dd927cf-5c9d-4002-afbd-baa4d317619d 61fb907e7ff04e1198d4c0951956210f 7c8610540dd84352b49b62e499ed4e18 - - default default] Delete group with id: 7a05817d-1931-412f-9b47-db74eeb0f2cf
2025-07-31 19:00:03.458 21 INFO cinder.api.openstack.wsgi [None req-2c049569-b691-4aa8-b021-96db624e3ed9 - - - - - -] GET http://[LB_IP_ADDRESS]:8776/
2025-07-31 19:00:03.459 21 INFO cinder.api.openstack.wsgi [None req-2c049569-b691-4aa8-b021-96db624e3ed9 - - - - - -] http://[LB_IP_ADDRESS]:8776/ returned with HTTP 300
2025-07-31 19:00:03.483 22 INFO cinder.api.openstack.wsgi [None req-1dd927cf-5c9d-4002-afbd-baa4d317619d 61fb907e7ff04e1198d4c0951956210f 7c8610540dd84352b49b62e499ed4e18 - - default default] http://[LB_IP_ADDRESS]:8776/v3/7c8610540dd84352b49b62e499ed4e18/groups/7a05817d-1931-412f-9b47-db74eeb0f2cf/action returned with HTTP 202
2025-07-31 19:00:03.494 24 INFO cinder.api.openstack.wsgi [None req-9c0ef143-fa81-42b9-b3ca-69d1bcdc2c54 61fb907e7ff04e1198d4c0951956210f 7c8610540dd84352b49b62e499ed4e18 - - default default] GET http://[LB_IP_ADDRESS]:8776/v3/7c8610540dd84352b49b62e499ed4e18/volumes/dce30e99-7caf-4a8d-95d6-3840815514a7
2025-07-31 19:00:03.521 24 INFO cinder.volume.api [None req-9c0ef143-fa81-42b9-b3ca-69d1bcdc2c54 61fb907e7ff04e1198d4c0951956210f 7c8610540dd84352b49b62e499ed4e18 - - default default] Volume info retrieved successfully.
2025-07-31 19:00:03.543 24 INFO cinder.api.openstack.wsgi [None req-9c0ef143-fa81-42b9-b3ca-69d1bcdc2c54 61fb907e7ff04e1198d4c0951956210f 7c8610540dd84352b49b62e499ed4e18 - - default default] http://[LB_IP_ADDRESS]:8776/v3/7c8610540dd84352b49b62e499ed4e18/volumes/dce30e99-7caf-4a8d-95d6-3840815514a7 returned with HTTP 200
2025-07-31 19:00:04.374 25 INFO cinder.api.openstack.wsgi [None req-c8d78baa-9368-4626-a49f-c54a92fb8d46 e7882504355c44aa8d77ad69f60c01b9 7d062e0addd943e985467a8109c1dd02 - - default default] GET http://[LB_IP_ADDRESS]:8776/v3/7d062e0addd943e985467a8109c1dd02/volumes/9989eb9f-9e19-47fb-bebd-f39c01e22836
2025-07-31 19:00:04.392 25 INFO cinder.api.openstack.wsgi [None req-c8d78baa-9368-4626-a49f-c54a92fb8d46 e7882504355c44aa8d77ad69f60c01b9 7d062e0addd943e985467a8109c1dd02 - - default default] http://[LB_IP_ADDRESS]:8776/v3/7d062e0addd943e985467a8109c1dd02/volumes/9989eb9f-9e19-47fb-bebd-f39c01e22836 returned with HTTP 404
2025-07-31 19:00:04.406 23 INFO cinder.api.openstack.wsgi [None req-0ce0904d-ee25-4939-8fc7-973589e9561e e7882504355c44aa8d77ad69f60c01b9 7d062e0addd943e985467a8109c1dd02 - - default default] DELETE http://[LB_IP_ADDRESS]:8776/v3/7d062e0addd943e985467a8109c1dd02/volumes/a343a3e0-726e-4d35-9b46-b2a7505408ae
2025-07-31 19:00:04.407 23 INFO cinder.api.v3.volumes [None req-0ce0904d-ee25-4939-8fc7-973589e9561e e7882504355c44aa8d77ad69f60c01b9 7d062e0addd943e985467a8109c1dd02 - - default default] Delete volume with id: a343a3e0-726e-4d35-9b46-b2a7505408ae 
2025-07-31 19:00:04.442 23 INFO cinder.volume.api [None req-0ce0904d-ee25-4939-8fc7-973589e9561e e7882504355c44aa8d77ad69f60c01b9 7d062e0addd943e985467a8109c1dd02 - - default default] Volume info retrieved successfully.
2025-07-31 19:00:04.509 23 INFO cinder.volume.api [None req-0ce0904d-ee25-4939-8fc7-973589e9561e e7882504355c44aa8d77ad69f60c01b9 7d062e0addd943e985467a8109c1dd02 - - default default] Delete volume request issued successfully.
2025-07-31 19:00:04.511 23 INFO cinder.api.openstack.wsgi [None req-0ce0904d-ee25-4939-8fc7-973589e9561e e7882504355c44aa8d77ad69f60c01b9 7d062e0addd943e985467a8109c1dd02 - - default default] http://[LB_IP_ADDRESS]:8776/v3/7d062e0addd943e985467a8109c1dd02/volumes/a343a3e0-726e-4d35-9b46-b2a7505408ae returned with HTTP 202
2025-07-31 19:00:04.524 21 INFO cinder.api.openstack.wsgi [None req-ae394a0b-67c0-4368-9b80-9d29be6de6da e7882504355c44aa8d77ad69f60c01b9 7d062e0addd943e985467a8109c1dd02 - - default default] GET http://[LB_IP_ADDRESS]:8776/v3/7d062e0addd943e985467a8109c1dd02/volumes/a343a3e0-726e-4d35-9b46-b2a7505408ae
2025-07-31 19:00:04.552 21 INFO cinder.volume.api [None req-ae394a0b-67c0-4368-9b80-9d29be6de6da e7882504355c44aa8d77ad69f60c01b9 7d062e0addd943e985467a8109c1dd02 - - default default] Volume info retrieved successfully.
2025-07-31 19:00:04.563 21 INFO cinder.api.openstack.wsgi [None req-ae394a0b-67c0-4368-9b80-9d29be6de6da e7882504355c44aa8d77ad69f60c01b9 7d062e0addd943e985467a8109c1dd02 - - default default] http://[LB_IP_ADDRESS]:8776/v3/7d062e0addd943e985467a8109c1dd02/volumes/a343a3e0-726e-4d35-9b46-b2a7505408ae returned with HTTP 200
2025-07-31 19:00:04.577 22 INFO cinder.api.openstack.wsgi [None req-603c031b-1df1-4257-b7c8-223b3751d59b 61fb907e7ff04e1198d4c0951956210f 7c8610540dd84352b49b62e499ed4e18 - - default default] GET http://[LB_IP_ADDRESS]:8776/v3/7c8610540dd84352b49b62e499ed4e18/volumes/dce30e99-7caf-4a8d-95d6-3840815514a7
2025-07-31 19:00:04.605 22 INFO cinder.api.openstack.wsgi [None req-603c031b-1df1-4257-b7c8-223b3751d59b 61fb907e7ff04e1198d4c0951956210f 7c8610540dd84352b49b62e499ed4e18 - - default default] http://[LB_IP_ADDRESS]:8776/v3/7c8610540dd84352b49b62e499ed4e18/volumes/dce30e99-7caf-4a8d-95d6-3840815514a7 returned with HTTP 404
2025-07-31 19:00:04.619 24 INFO cinder.api.openstack.wsgi [None req-5a3aad8b-b118-4a57-9eb5-ea2aa31c0cac 61fb907e7ff04e1198d4c0951956210f 7c8610540dd84352b49b62e499ed4e18 - - default default] GET http://[LB_IP_ADDRESS]:8776/v3/7c8610540dd84352b49b62e499ed4e18/groups/7a05817d-1931-412f-9b47-db74eeb0f2cf
2025-07-31 19:00:04.626 24 INFO cinder.api.openstack.wsgi [None req-5a3aad8b-b118-4a57-9eb5-ea2aa31c0cac 61fb907e7ff04e1198d4c0951956210f 7c8610540dd84352b49b62e499ed4e18 - - default default] http://[LB_IP_ADDRESS]:8776/v3/7c8610540dd84352b49b62e499ed4e18/groups/7a05817d-1931-412f-9b47-db74eeb0f2cf returned with HTTP 404
2025-07-31 19:00:04.638 25 INFO cinder.api.openstack.wsgi [None req-fae7c05c-d4ef-403b-82ae-d3a5ef858eed 33fb2045c32549f5acb9c653d5f8eefb 419d3954aa04421798de0c24b6920225 - - default default] DELETE http://[LB_IP_ADDRESS]:8776/v3/419d3954aa04421798de0c24b6920225/group_types/57639145-f2b4-4d08-98a5-fe4f372c7c6d
2025-07-31 19:00:04.683 25 INFO cinder.api.openstack.wsgi [None req-fae7c05c-d4ef-403b-82ae-d3a5ef858eed 33fb2045c32549f5acb9c653d5f8eefb 419d3954aa04421798de0c24b6920225 - - default default] http://[LB_IP_ADDRESS]:8776/v3/419d3954aa04421798de0c24b6920225/group_types/57639145-f2b4-4d08-98a5-fe4f372c7c6d returned with HTTP 202
2025-07-31 19:00:04.698 23 INFO cinder.api.openstack.wsgi [None req-ff26dbcb-b368-457a-a286-dea5593895db 33fb2045c32549f5acb9c653d5f8eefb 419d3954aa04421798de0c24b6920225 - - default default] DELETE http://[LB_IP_ADDRESS]:8776/v3/419d3954aa04421798de0c24b6920225/types/4fa4b23b-4078-4f21-8c72-3aeccf71d7a8
2025-07-31 19:00:04.760 23 INFO cinder.api.openstack.wsgi [None req-ff26dbcb-b368-457a-a286-dea5593895db 33fb2045c32549f5acb9c653d5f8eefb 419d3954aa04421798de0c24b6920225 - - default default] http://[LB_IP_ADDRESS]:8776/v3/419d3954aa04421798de0c24b6920225/types/4fa4b23b-4078-4f21-8c72-3aeccf71d7a8 returned with HTTP 202
2025-07-31 19:00:04.774 21 INFO cinder.api.openstack.wsgi [None req-a4de3b9c-ccd9-4449-af64-fb11fbd0c703 33fb2045c32549f5acb9c653d5f8eefb 419d3954aa04421798de0c24b6920225 - - default default] GET http://[LB_IP_ADDRESS]:8776/v3/419d3954aa04421798de0c24b6920225/types/4fa4b23b-4078-4f21-8c72-3aeccf71d7a8
2025-07-31 19:00:04.781 21 INFO cinder.api.openstack.wsgi [None req-a4de3b9c-ccd9-4449-af64-fb11fbd0c703 33fb2045c32549f5acb9c653d5f8eefb 419d3954aa04421798de0c24b6920225 - - default default] http://[LB_IP_ADDRESS]:8776/v3/419d3954aa04421798de0c24b6920225/types/4fa4b23b-4078-4f21-8c72-3aeccf71d7a8 returned with HTTP 404
2025-07-31 19:00:04.803 22 INFO cinder.api.openstack.wsgi [None req-6b7b8e72-a0a7-4924-94ab-89f74dde4e0e 33fb2045c32549f5acb9c653d5f8eefb 419d3954aa04421798de0c24b6920225 - - default default] POST http://[LB_IP_ADDRESS]:8776/v3/419d3954aa04421798de0c24b6920225/types
2025-07-31 19:00:04.842 22 INFO cinder.api.openstack.wsgi [None req-6b7b8e72-a0a7-4924-94ab-89f74dde4e0e 33fb2045c32549f5acb9c653d5f8eefb 419d3954aa04421798de0c24b6920225 - - default default] http://[LB_IP_ADDRESS]:8776/v3/419d3954aa04421798de0c24b6920225/types returned with HTTP 200
2025-07-31 19:00:04.857 24 INFO cinder.api.openstack.wsgi [None req-b3311e02-bae6-41a6-8d8f-ac6ae41afeb9 33fb2045c32549f5acb9c653d5f8eefb 419d3954aa04421798de0c24b6920225 - - default default] POST http://[LB_IP_ADDRESS]:8776/v3/419d3954aa04421798de0c24b6920225/group_types
2025-07-31 19:00:04.889 24 INFO cinder.api.openstack.wsgi [None req-b3311e02-bae6-41a6-8d8f-ac6ae41afeb9 33fb2045c32549f5acb9c653d5f8eefb 419d3954aa04421798de0c24b6920225 - - default default] http://[LB_IP_ADDRESS]:8776/v3/419d3954aa04421798de0c24b6920225/group_types returned with HTTP 202
2025-07-31 19:00:04.914 25 INFO cinder.api.openstack.wsgi [None req-15a2e105-18bb-48e8-a6d8-a73214cf7fd3 61fb907e7ff04e1198d4c0951956210f 7c8610540dd84352b49b62e499ed4e18 - - default default] POST http://[LB_IP_ADDRESS]:8776/v3/7c8610540dd84352b49b62e499ed4e18/groups
2025-07-31 19:00:04.933 25 INFO cinder.api.v3.groups [None req-15a2e105-18bb-48e8-a6d8-a73214cf7fd3 61fb907e7ff04e1198d4c0951956210f 7c8610540dd84352b49b62e499ed4e18 - - default default] Creating group tempest-GroupSnapshotsTest-Group-1332978417.
2025-07-31 19:00:04.946 25 INFO cinder.volume.api [None req-15a2e105-18bb-48e8-a6d8-a73214cf7fd3 61fb907e7ff04e1198d4c0951956210f 7c8610540dd84352b49b62e499ed4e18 - - default default] Availability Zones retrieved successfully.
2025-07-31 19:00:05.056 25 INFO cinder.api.openstack.wsgi [None req-15a2e105-18bb-48e8-a6d8-a73214cf7fd3 61fb907e7ff04e1198d4c0951956210f 7c8610540dd84352b49b62e499ed4e18 - - default default] http://[LB_IP_ADDRESS]:8776/v3/7c8610540dd84352b49b62e499ed4e18/groups returned with HTTP 202
2025-07-31 19:00:05.072 23 INFO cinder.api.openstack.wsgi [None req-e6706a9d-204b-472e-b73f-ad81e9c94cf5 61fb907e7ff04e1198d4c0951956210f 7c8610540dd84352b49b62e499ed4e18 - - default default] GET http://[LB_IP_ADDRESS]:8776/v3/7c8610540dd84352b49b62e499ed4e18/groups/f9b36823-845e-4113-b5a1-b5486c5d3d7f
2025-07-31 19:00:05.102 23 INFO cinder.api.openstack.wsgi [None req-e6706a9d-204b-472e-b73f-ad81e9c94cf5 61fb907e7ff04e1198d4c0951956210f 7c8610540dd84352b49b62e499ed4e18 - - default default] http://[LB_IP_ADDRESS]:8776/v3/7c8610540dd84352b49b62e499ed4e18/groups/f9b36823-845e-4113-b5a1-b5486c5d3d7f returned with HTTP 200
2025-07-31 19:00:05.592 21 INFO cinder.api.openstack.wsgi [None req-59ba0d38-1e8b-4681-a81e-f64902101581 e7882504355c44aa8d77ad69f60c01b9 7d062e0addd943e985467a8109c1dd02 - - default default] GET http://[LB_IP_ADDRESS]:8776/v3/7d062e0addd943e985467a8109c1dd02/volumes/a343a3e0-726e-4d35-9b46-b2a7505408ae
2025-07-31 19:00:05.610 21 INFO cinder.api.openstack.wsgi [None req-59ba0d38-1e8b-4681-a81e-f64902101581 e7882504355c44aa8d77ad69f60c01b9 7d062e0addd943e985467a8109c1dd02 - - default default] http://[LB_IP_ADDRESS]:8776/v3/7d062e0addd943e985467a8109c1dd02/volumes/a343a3e0-726e-4d35-9b46-b2a7505408ae returned with HTTP 404
2025-07-31 19:00:06.121 22 INFO cinder.api.openstack.wsgi [None req-17c8a0c9-3ba3-4076-8da4-14b5fa13ed95 61fb907e7ff04e1198d4c0951956210f 7c8610540dd84352b49b62e499ed4e18 - - default default] GET http://[LB_IP_ADDRESS]:8776/v3/7c8610540dd84352b49b62e499ed4e18/groups/f9b36823-845e-4113-b5a1-b5486c5d3d7f
2025-07-31 19:00:06.149 22 INFO cinder.api.openstack.wsgi [None req-17c8a0c9-3ba3-4076-8da4-14b5fa13ed95 61fb907e7ff04e1198d4c0951956210f 7c8610540dd84352b49b62e499ed4e18 - - default default] http://[LB_IP_ADDRESS]:8776/v3/7c8610540dd84352b49b62e499ed4e18/groups/f9b36823-845e-4113-b5a1-b5486c5d3d7f returned with HTTP 200
2025-07-31 19:00:06.167 24 INFO cinder.api.openstack.wsgi [None req-e7bf8ad6-a044-497c-8198-ece44132a953 61fb907e7ff04e1198d4c0951956210f 7c8610540dd84352b49b62e499ed4e18 - - default default] POST http://[LB_IP_ADDRESS]:8776/v3/7c8610540dd84352b49b62e499ed4e18/volumes
2025-07-31 19:00:06.186 24 INFO cinder.api.v3.volumes [None req-e7bf8ad6-a044-497c-8198-ece44132a953 61fb907e7ff04e1198d4c0951956210f 7c8610540dd84352b49b62e499ed4e18 - - default default] Create volume of 1 GB
2025-07-31 19:00:06.198 24 INFO cinder.volume.api [None req-e7bf8ad6-a044-497c-8198-ece44132a953 61fb907e7ff04e1198d4c0951956210f 7c8610540dd84352b49b62e499ed4e18 - - default default] Availability Zones retrieved successfully.
2025-07-31 19:00:06.362 24 WARNING cinder.quota [None req-e7bf8ad6-a044-497c-8198-ece44132a953 61fb907e7ff04e1198d4c0951956210f 7c8610540dd84352b49b62e499ed4e18 - - default default] Deprecated: Default quota for resource: volumes_tempest-GroupSnapshotsTest-volume-type-961557682 is set by the default quota flag: quota_volumes_tempest-GroupSnapshotsTest-volume-type-961557682, it is now deprecated. Please use the default quota class for default quota.
2025-07-31 19:00:06.362 24 WARNING cinder.quota [None req-e7bf8ad6-a044-497c-8198-ece44132a953 61fb907e7ff04e1198d4c0951956210f 7c8610540dd84352b49b62e499ed4e18 - - default default] Deprecated: Default quota for resource: gigabytes_tempest-GroupSnapshotsTest-volume-type-961557682 is set by the default quota flag: quota_gigabytes_tempest-GroupSnapshotsTest-volume-type-961557682, it is now deprecated. Please use the default quota class for default quota.
2025-07-31 19:00:06.932 24 INFO cinder.volume.api [None req-e7bf8ad6-a044-497c-8198-ece44132a953 61fb907e7ff04e1198d4c0951956210f 7c8610540dd84352b49b62e499ed4e18 - - default default] Create volume request issued successfully.
2025-07-31 19:00:06.953 24 INFO cinder.api.openstack.wsgi [None req-e7bf8ad6-a044-497c-8198-ece44132a953 61fb907e7ff04e1198d4c0951956210f 7c8610540dd84352b49b62e499ed4e18 - - default default] http://[LB_IP_ADDRESS]:8776/v3/7c8610540dd84352b49b62e499ed4e18/volumes returned with HTTP 202
2025-07-31 19:00:06.979 25 INFO cinder.api.openstack.wsgi [None req-b8e610b0-e729-4b75-8dff-cc0593a68afd 61fb907e7ff04e1198d4c0951956210f 7c8610540dd84352b49b62e499ed4e18 - - default default] GET http://[LB_IP_ADDRESS]:8776/v3/7c8610540dd84352b49b62e499ed4e18/volumes/ddf7be83-3a60-4d49-afa6-8a22dc3aadfa
2025-07-31 19:00:07.006 25 INFO cinder.volume.api [None req-b8e610b0-e729-4b75-8dff-cc0593a68afd 61fb907e7ff04e1198d4c0951956210f 7c8610540dd84352b49b62e499ed4e18 - - default default] Volume info retrieved successfully.
2025-07-31 19:00:07.038 25 INFO cinder.api.openstack.wsgi [None req-b8e610b0-e729-4b75-8dff-cc0593a68afd 61fb907e7ff04e1198d4c0951956210f 7c8610540dd84352b49b62e499ed4e18 - - default default] http://[LB_IP_ADDRESS]:8776/v3/7c8610540dd84352b49b62e499ed4e18/volumes/ddf7be83-3a60-4d49-afa6-8a22dc3aadfa returned with HTTP 200
2025-07-31 19:00:08.066 23 INFO cinder.api.openstack.wsgi [None req-eeb3dfde-dcb8-4f3b-b612-fbdc0a4f273a 61fb907e7ff04e1198d4c0951956210f 7c8610540dd84352b49b62e499ed4e18 - - default default] GET http://[LB_IP_ADDRESS]:8776/v3/7c8610540dd84352b49b62e499ed4e18/volumes/ddf7be83-3a60-4d49-afa6-8a22dc3aadfa
2025-07-31 19:00:08.093 23 INFO cinder.volume.api [None req-eeb3dfde-dcb8-4f3b-b612-fbdc0a4f273a 61fb907e7ff04e1198d4c0951956210f 7c8610540dd84352b49b62e499ed4e18 - - default default] Volume info retrieved successfully.
2025-07-31 19:00:08.126 23 INFO cinder.api.openstack.wsgi [None req-eeb3dfde-dcb8-4f3b-b612-fbdc0a4f273a 61fb907e7ff04e1198d4c0951956210f 7c8610540dd84352b49b62e499ed4e18 - - default default] http://[LB_IP_ADDRESS]:8776/v3/7c8610540dd84352b49b62e499ed4e18/volumes/ddf7be83-3a60-4d49-afa6-8a22dc3aadfa returned with HTTP 200
2025-07-31 19:00:08.354 21 INFO cinder.api.openstack.wsgi [None req-0b0fb542-261e-4fca-b56c-a6fe8737d484 1a04ea9f3e004a50b7c3d23ff8d46340 100853e629b94db5a73f0f394d290daa - - default default] POST http://[LB_IP_ADDRESS]:8776/v3/100853e629b94db5a73f0f394d290daa/types
2025-07-31 19:00:08.381 21 INFO cinder.api.openstack.wsgi [None req-0b0fb542-261e-4fca-b56c-a6fe8737d484 1a04ea9f3e004a50b7c3d23ff8d46340 100853e629b94db5a73f0f394d290daa - - default default] http://[LB_IP_ADDRESS]:8776/v3/100853e629b94db5a73f0f394d290daa/types returned with HTTP 200
2025-07-31 19:00:08.395 22 INFO cinder.api.openstack.wsgi [None req-4519fbbb-0237-4816-9658-e438521eec1c 1a04ea9f3e004a50b7c3d23ff8d46340 100853e629b94db5a73f0f394d290daa - - default default] POST http://[LB_IP_ADDRESS]:8776/v3/100853e629b94db5a73f0f394d290daa/group_types
2025-07-31 19:00:08.417 22 INFO cinder.api.openstack.wsgi [None req-4519fbbb-0237-4816-9658-e438521eec1c 1a04ea9f3e004a50b7c3d23ff8d46340 100853e629b94db5a73f0f394d290daa - - default default] http://[LB_IP_ADDRESS]:8776/v3/100853e629b94db5a73f0f394d290daa/group_types returned with HTTP 202
2025-07-31 19:00:08.581 24 INFO cinder.api.openstack.wsgi [None req-3be73d1a-8295-45df-a677-b414bd165e11 7fb7fed65fe54d91b91fa4173c2e8db7 56079d267059453091b3e7ca4f79064f - - default default] POST http://[LB_IP_ADDRESS]:8776/v3/56079d267059453091b3e7ca4f79064f/groups
2025-07-31 19:00:08.594 24 INFO cinder.api.v3.groups [None req-3be73d1a-8295-45df-a677-b414bd165e11 7fb7fed65fe54d91b91fa4173c2e8db7 56079d267059453091b3e7ca4f79064f - - default default] Creating group tempest-GroupsV320Test-Group-1172357959.
2025-07-31 19:00:08.609 24 INFO cinder.volume.api [None req-3be73d1a-8295-45df-a677-b414bd165e11 7fb7fed65fe54d91b91fa4173c2e8db7 56079d267059453091b3e7ca4f79064f - - default default] Availability Zones retrieved successfully.
2025-07-31 19:00:08.705 24 INFO cinder.api.openstack.wsgi [None req-3be73d1a-8295-45df-a677-b414bd165e11 7fb7fed65fe54d91b91fa4173c2e8db7 56079d267059453091b3e7ca4f79064f - - default default] http://[LB_IP_ADDRESS]:8776/v3/56079d267059453091b3e7ca4f79064f/groups returned with HTTP 202
2025-07-31 19:00:08.720 25 INFO cinder.api.openstack.wsgi [None req-0640111d-edf6-4f1d-8e8a-9f8e202e04c5 7fb7fed65fe54d91b91fa4173c2e8db7 56079d267059453091b3e7ca4f79064f - - default default] GET http://[LB_IP_ADDRESS]:8776/v3/56079d267059453091b3e7ca4f79064f/groups/5cdddb19-557c-4b87-851d-785c1744b49f
2025-07-31 19:00:08.745 25 INFO cinder.api.openstack.wsgi [None req-0640111d-edf6-4f1d-8e8a-9f8e202e04c5 7fb7fed65fe54d91b91fa4173c2e8db7 56079d267059453091b3e7ca4f79064f - - default default] http://[LB_IP_ADDRESS]:8776/v3/56079d267059453091b3e7ca4f79064f/groups/5cdddb19-557c-4b87-851d-785c1744b49f returned with HTTP 200
2025-07-31 19:00:09.130 23 INFO cinder.api.openstack.wsgi [req-b4c0dec0-df18-4752-baef-fb9ba7653bf5 req-e958ab66-930f-4cbd-9d5c-edff1e21d629 47493e9501714d49ae31730d297e2064 c486c376ee47498b941de70fa61c988a - - default default] DELETE http://[LB_IP_ADDRESS]:8776/v3/c486c376ee47498b941de70fa61c988a/volumes/tempest-invalid-113826325
2025-07-31 19:00:09.131 23 INFO cinder.api.v3.volumes [req-b4c0dec0-df18-4752-baef-fb9ba7653bf5 req-e958ab66-930f-4cbd-9d5c-edff1e21d629 47493e9501714d49ae31730d297e2064 c486c376ee47498b941de70fa61c988a - - default default] Delete volume with id: tempest-invalid-113826325 
2025-07-31 19:00:09.142 23 INFO cinder.api.openstack.wsgi [req-b4c0dec0-df18-4752-baef-fb9ba7653bf5 req-e958ab66-930f-4cbd-9d5c-edff1e21d629 47493e9501714d49ae31730d297e2064 c486c376ee47498b941de70fa61c988a - - default default] http://[LB_IP_ADDRESS]:8776/v3/c486c376ee47498b941de70fa61c988a/volumes/tempest-invalid-113826325 returned with HTTP 404
2025-07-31 19:00:09.153 21 INFO cinder.api.openstack.wsgi [None req-fe70b4a8-de6c-4d77-8358-ed520c069210 61fb907e7ff04e1198d4c0951956210f 7c8610540dd84352b49b62e499ed4e18 - - default default] GET http://[LB_IP_ADDRESS]:8776/v3/7c8610540dd84352b49b62e499ed4e18/volumes/ddf7be83-3a60-4d49-afa6-8a22dc3aadfa
2025-07-31 19:00:09.173 21 INFO cinder.volume.api [None req-fe70b4a8-de6c-4d77-8358-ed520c069210 61fb907e7ff04e1198d4c0951956210f 7c8610540dd84352b49b62e499ed4e18 - - default default] Volume info retrieved successfully.
2025-07-31 19:00:09.188 22 INFO cinder.api.openstack.wsgi [req-569847db-073b-4c4e-9f01-cae7763c7645 req-51821839-84b7-42fc-ab9c-3b896547fb3d 47493e9501714d49ae31730d297e2064 c486c376ee47498b941de70fa61c988a - - default default] DELETE http://[LB_IP_ADDRESS]:8776/v3/c486c376ee47498b941de70fa61c988a/volumes/c2ed6f1c-9342-4d2a-9389-d2eb38b6a90f
2025-07-31 19:00:09.189 22 INFO cinder.api.v3.volumes [req-569847db-073b-4c4e-9f01-cae7763c7645 req-51821839-84b7-42fc-ab9c-3b896547fb3d 47493e9501714d49ae31730d297e2064 c486c376ee47498b941de70fa61c988a - - default default] Delete volume with id: c2ed6f1c-9342-4d2a-9389-d2eb38b6a90f 
2025-07-31 19:00:09.196 21 INFO cinder.api.openstack.wsgi [None req-fe70b4a8-de6c-4d77-8358-ed520c069210 61fb907e7ff04e1198d4c0951956210f 7c8610540dd84352b49b62e499ed4e18 - - default default] http://[LB_IP_ADDRESS]:8776/v3/7c8610540dd84352b49b62e499ed4e18/volumes/ddf7be83-3a60-4d49-afa6-8a22dc3aadfa returned with HTTP 200
2025-07-31 19:00:09.203 22 INFO cinder.api.openstack.wsgi [req-569847db-073b-4c4e-9f01-cae7763c7645 req-51821839-84b7-42fc-ab9c-3b896547fb3d 47493e9501714d49ae31730d297e2064 c486c376ee47498b941de70fa61c988a - - default default] http://[LB_IP_ADDRESS]:8776/v3/c486c376ee47498b941de70fa61c988a/volumes/c2ed6f1c-9342-4d2a-9389-d2eb38b6a90f returned with HTTP 404
2025-07-31 19:00:09.222 24 INFO cinder.api.openstack.wsgi [None req-fbe8922e-6fdb-44de-af0d-e82cade0a249 61fb907e7ff04e1198d4c0951956210f 7c8610540dd84352b49b62e499ed4e18 - - default default] POST http://[LB_IP_ADDRESS]:8776/v3/7c8610540dd84352b49b62e499ed4e18/volumes
2025-07-31 19:00:09.232 25 INFO cinder.api.openstack.wsgi [req-1a7821f1-286b-4ce3-9b0e-337255365a13 req-ed402f0a-d39f-499e-8824-a1f81d5d3365 47493e9501714d49ae31730d297e2064 c486c376ee47498b941de70fa61c988a - - default default] GET http://[LB_IP_ADDRESS]:8776/v3/c486c376ee47498b941de70fa61c988a/volumes/176817be-bc3e-43e0-aeb4-8989f0adf188
2025-07-31 19:00:09.236 24 INFO cinder.api.v3.volumes [None req-fbe8922e-6fdb-44de-af0d-e82cade0a249 61fb907e7ff04e1198d4c0951956210f 7c8610540dd84352b49b62e499ed4e18 - - default default] Create volume of 1 GB
2025-07-31 19:00:09.243 25 INFO cinder.api.openstack.wsgi [req-1a7821f1-286b-4ce3-9b0e-337255365a13 req-ed402f0a-d39f-499e-8824-a1f81d5d3365 47493e9501714d49ae31730d297e2064 c486c376ee47498b941de70fa61c988a - - default default] http://[LB_IP_ADDRESS]:8776/v3/c486c376ee47498b941de70fa61c988a/volumes/176817be-bc3e-43e0-aeb4-8989f0adf188 returned with HTTP 404
2025-07-31 19:00:09.244 24 INFO cinder.volume.api [None req-fbe8922e-6fdb-44de-af0d-e82cade0a249 61fb907e7ff04e1198d4c0951956210f 7c8610540dd84352b49b62e499ed4e18 - - default default] Availability Zones retrieved successfully.
2025-07-31 19:00:09.448 24 INFO cinder.volume.api [None req-fbe8922e-6fdb-44de-af0d-e82cade0a249 61fb907e7ff04e1198d4c0951956210f 7c8610540dd84352b49b62e499ed4e18 - - default default] Create volume request issued successfully.
2025-07-31 19:00:09.467 24 INFO cinder.api.openstack.wsgi [None req-fbe8922e-6fdb-44de-af0d-e82cade0a249 61fb907e7ff04e1198d4c0951956210f 7c8610540dd84352b49b62e499ed4e18 - - default default] http://[LB_IP_ADDRESS]:8776/v3/7c8610540dd84352b49b62e499ed4e18/volumes returned with HTTP 202
2025-07-31 19:00:09.492 23 INFO cinder.api.openstack.wsgi [None req-f09f9d9b-75cd-417d-870e-be901c739821 61fb907e7ff04e1198d4c0951956210f 7c8610540dd84352b49b62e499ed4e18 - - default default] GET http://[LB_IP_ADDRESS]:8776/v3/7c8610540dd84352b49b62e499ed4e18/volumes/fdd1ee36-0b71-415b-9a0a-5be2e89fe89c
2025-07-31 19:00:09.524 23 INFO cinder.volume.api [None req-f09f9d9b-75cd-417d-870e-be901c739821 61fb907e7ff04e1198d4c0951956210f 7c8610540dd84352b49b62e499ed4e18 - - default default] Volume info retrieved successfully.
2025-07-31 19:00:09.554 23 INFO cinder.api.openstack.wsgi [None req-f09f9d9b-75cd-417d-870e-be901c739821 61fb907e7ff04e1198d4c0951956210f 7c8610540dd84352b49b62e499ed4e18 - - default default] http://[LB_IP_ADDRESS]:8776/v3/7c8610540dd84352b49b62e499ed4e18/volumes/fdd1ee36-0b71-415b-9a0a-5be2e89fe89c returned with HTTP 200
2025-07-31 19:00:09.788 21 INFO cinder.api.openstack.wsgi [None req-1bab093e-f9b2-4a71-bc07-12b48ff90c2b 7fb7fed65fe54d91b91fa4173c2e8db7 56079d267059453091b3e7ca4f79064f - - default default] GET http://[LB_IP_ADDRESS]:8776/v3/56079d267059453091b3e7ca4f79064f/groups/5cdddb19-557c-4b87-851d-785c1744b49f
2025-07-31 19:00:09.845 21 INFO cinder.api.openstack.wsgi [None req-1bab093e-f9b2-4a71-bc07-12b48ff90c2b 7fb7fed65fe54d91b91fa4173c2e8db7 56079d267059453091b3e7ca4f79064f - - default default] http://[LB_IP_ADDRESS]:8776/v3/56079d267059453091b3e7ca4f79064f/groups/5cdddb19-557c-4b87-851d-785c1744b49f returned with HTTP 200
2025-07-31 19:00:09.863 22 INFO cinder.api.openstack.wsgi [None req-73c6e157-cdc5-4e67-a6fd-650def8f5623 1a04ea9f3e004a50b7c3d23ff8d46340 100853e629b94db5a73f0f394d290daa - - default default] POST http://[LB_IP_ADDRESS]:8776/v3/100853e629b94db5a73f0f394d290daa/groups/5cdddb19-557c-4b87-851d-785c1744b49f/action
2025-07-31 19:00:09.882 22 INFO cinder.api.openstack.wsgi [None req-73c6e157-cdc5-4e67-a6fd-650def8f5623 1a04ea9f3e004a50b7c3d23ff8d46340 100853e629b94db5a73f0f394d290daa - - default default] http://[LB_IP_ADDRESS]:8776/v3/100853e629b94db5a73f0f394d290daa/groups/5cdddb19-557c-4b87-851d-785c1744b49f/action returned with HTTP 202
2025-07-31 19:00:09.892 25 INFO cinder.api.openstack.wsgi [None req-60dcd1ea-93d6-4c77-9b46-d99621fccd5a 7fb7fed65fe54d91b91fa4173c2e8db7 56079d267059453091b3e7ca4f79064f - - default default] GET http://[LB_IP_ADDRESS]:8776/v3/56079d267059453091b3e7ca4f79064f/groups/5cdddb19-557c-4b87-851d-785c1744b49f
2025-07-31 19:00:09.915 25 INFO cinder.api.openstack.wsgi [None req-60dcd1ea-93d6-4c77-9b46-d99621fccd5a 7fb7fed65fe54d91b91fa4173c2e8db7 56079d267059453091b3e7ca4f79064f - - default default] http://[LB_IP_ADDRESS]:8776/v3/56079d267059453091b3e7ca4f79064f/groups/5cdddb19-557c-4b87-851d-785c1744b49f returned with HTTP 200
2025-07-31 19:00:09.932 24 INFO cinder.api.openstack.wsgi [None req-1da1bd92-4008-4e45-a31f-c5b9891a3d38 1a04ea9f3e004a50b7c3d23ff8d46340 100853e629b94db5a73f0f394d290daa - - default default] POST http://[LB_IP_ADDRESS]:8776/v3/100853e629b94db5a73f0f394d290daa/groups/5cdddb19-557c-4b87-851d-785c1744b49f/action
2025-07-31 19:00:09.948 24 INFO cinder.api.openstack.wsgi [None req-1da1bd92-4008-4e45-a31f-c5b9891a3d38 1a04ea9f3e004a50b7c3d23ff8d46340 100853e629b94db5a73f0f394d290daa - - default default] http://[LB_IP_ADDRESS]:8776/v3/100853e629b94db5a73f0f394d290daa/groups/5cdddb19-557c-4b87-851d-785c1744b49f/action returned with HTTP 202
2025-07-31 19:00:09.960 23 INFO cinder.api.openstack.wsgi [None req-2723e6ba-9172-46b8-9e1b-ebdae75740d4 7fb7fed65fe54d91b91fa4173c2e8db7 56079d267059453091b3e7ca4f79064f - - default default] GET http://[LB_IP_ADDRESS]:8776/v3/56079d267059453091b3e7ca4f79064f/groups/5cdddb19-557c-4b87-851d-785c1744b49f
2025-07-31 19:00:09.986 23 INFO cinder.api.openstack.wsgi [None req-2723e6ba-9172-46b8-9e1b-ebdae75740d4 7fb7fed65fe54d91b91fa4173c2e8db7 56079d267059453091b3e7ca4f79064f - - default default] http://[LB_IP_ADDRESS]:8776/v3/56079d267059453091b3e7ca4f79064f/groups/5cdddb19-557c-4b87-851d-785c1744b49f returned with HTTP 200
2025-07-31 19:00:10.003 21 INFO cinder.api.openstack.wsgi [None req-70be06e9-5fe4-4ef5-b637-4c943d6007e4 1a04ea9f3e004a50b7c3d23ff8d46340 100853e629b94db5a73f0f394d290daa - - default default] POST http://[LB_IP_ADDRESS]:8776/v3/100853e629b94db5a73f0f394d290daa/groups/5cdddb19-557c-4b87-851d-785c1744b49f/action
2025-07-31 19:00:10.021 21 INFO cinder.api.openstack.wsgi [None req-70be06e9-5fe4-4ef5-b637-4c943d6007e4 1a04ea9f3e004a50b7c3d23ff8d46340 100853e629b94db5a73f0f394d290daa - - default default] http://[LB_IP_ADDRESS]:8776/v3/100853e629b94db5a73f0f394d290daa/groups/5cdddb19-557c-4b87-851d-785c1744b49f/action returned with HTTP 202
2025-07-31 19:00:10.032 22 INFO cinder.api.openstack.wsgi [None req-fc48b1e0-8515-4a03-b681-1adcc6cd5f32 7fb7fed65fe54d91b91fa4173c2e8db7 56079d267059453091b3e7ca4f79064f - - default default] GET http://[LB_IP_ADDRESS]:8776/v3/56079d267059453091b3e7ca4f79064f/groups/5cdddb19-557c-4b87-851d-785c1744b49f
2025-07-31 19:00:10.058 22 INFO cinder.api.openstack.wsgi [None req-fc48b1e0-8515-4a03-b681-1adcc6cd5f32 7fb7fed65fe54d91b91fa4173c2e8db7 56079d267059453091b3e7ca4f79064f - - default default] http://[LB_IP_ADDRESS]:8776/v3/56079d267059453091b3e7ca4f79064f/groups/5cdddb19-557c-4b87-851d-785c1744b49f returned with HTTP 200
2025-07-31 19:00:10.075 25 INFO cinder.api.openstack.wsgi [None req-1d9f22f9-b67a-44e5-9db0-6f9742f4aada 1a04ea9f3e004a50b7c3d23ff8d46340 100853e629b94db5a73f0f394d290daa - - default default] POST http://[LB_IP_ADDRESS]:8776/v3/100853e629b94db5a73f0f394d290daa/groups/5cdddb19-557c-4b87-851d-785c1744b49f/action
2025-07-31 19:00:10.096 25 INFO cinder.api.openstack.wsgi [None req-1d9f22f9-b67a-44e5-9db0-6f9742f4aada 1a04ea9f3e004a50b7c3d23ff8d46340 100853e629b94db5a73f0f394d290daa - - default default] http://[LB_IP_ADDRESS]:8776/v3/100853e629b94db5a73f0f394d290daa/groups/5cdddb19-557c-4b87-851d-785c1744b49f/action returned with HTTP 202
