2022-08-19 03:45:11.666 20 INFO cinder.api.openstack.wsgi [None req-abcbb8c6-32f4-412b-91df-f3e51ad68989 7b925a3baedd431cbde8b33ba75197bf 3d9b6a63d33047ad837c5c767268bacb - - default default] POST http://[LB_IP_ADDRESS]:8776/v3/3d9b6a63d33047ad837c5c767268bacb/types
2022-08-19 03:45:11.697 20 INFO cinder.api.openstack.wsgi [None req-abcbb8c6-32f4-412b-91df-f3e51ad68989 7b925a3baedd431cbde8b33ba75197bf 3d9b6a63d33047ad837c5c767268bacb - - default default] http://[LB_IP_ADDRESS]:8776/v3/3d9b6a63d33047ad837c5c767268bacb/types returned with HTTP 200
2022-08-19 03:45:11.720 21 INFO cinder.api.openstack.wsgi [None req-451ff942-bd50-40aa-b67a-d18c45ca68d0 7b925a3baedd431cbde8b33ba75197bf 3d9b6a63d33047ad837c5c767268bacb - - default default] POST http://[LB_IP_ADDRESS]:8776/v3/3d9b6a63d33047ad837c5c767268bacb/types/3a6561dd-507f-49b7-a98f-b7176add4b50/extra_specs
2022-08-19 03:45:11.725 21 INFO cinder.api.openstack.wsgi [None req-451ff942-bd50-40aa-b67a-d18c45ca68d0 7b925a3baedd431cbde8b33ba75197bf 3d9b6a63d33047ad837c5c767268bacb - - default default] http://[LB_IP_ADDRESS]:8776/v3/3d9b6a63d33047ad837c5c767268bacb/types/3a6561dd-507f-49b7-a98f-b7176add4b50/extra_specs returned with HTTP 400
2022-08-19 03:45:11.742 23 INFO cinder.api.openstack.wsgi [None req-75a9396f-8f09-41e6-8525-cfb0872888a9 7b925a3baedd431cbde8b33ba75197bf 3d9b6a63d33047ad837c5c767268bacb - - default default] POST http://[LB_IP_ADDRESS]:8776/v3/3d9b6a63d33047ad837c5c767268bacb/types/3a6561dd-507f-49b7-a98f-b7176add4b50/extra_specs
2022-08-19 03:45:11.746 23 INFO cinder.api.openstack.wsgi [None req-75a9396f-8f09-41e6-8525-cfb0872888a9 7b925a3baedd431cbde8b33ba75197bf 3d9b6a63d33047ad837c5c767268bacb - - default default] http://[LB_IP_ADDRESS]:8776/v3/3d9b6a63d33047ad837c5c767268bacb/types/3a6561dd-507f-49b7-a98f-b7176add4b50/extra_specs returned with HTTP 400
2022-08-19 03:45:11.763 22 INFO cinder.api.openstack.wsgi [None req-38015989-2c5f-4e89-a919-6c6391ef74a8 7b925a3baedd431cbde8b33ba75197bf 3d9b6a63d33047ad837c5c767268bacb - - default default] POST http://[LB_IP_ADDRESS]:8776/v3/3d9b6a63d33047ad837c5c767268bacb/types/5c725dce-171c-40e9-aa4b-d01499c59984/extra_specs
2022-08-19 03:45:11.797 22 INFO cinder.api.openstack.wsgi [None req-38015989-2c5f-4e89-a919-6c6391ef74a8 7b925a3baedd431cbde8b33ba75197bf 3d9b6a63d33047ad837c5c767268bacb - - default default] http://[LB_IP_ADDRESS]:8776/v3/3d9b6a63d33047ad837c5c767268bacb/types/5c725dce-171c-40e9-aa4b-d01499c59984/extra_specs returned with HTTP 404
2022-08-19 03:45:11.814 19 INFO cinder.api.openstack.wsgi [None req-d42fdd2b-abbc-4254-b38f-d0c78d9ece5e 7b925a3baedd431cbde8b33ba75197bf 3d9b6a63d33047ad837c5c767268bacb - - default default] DELETE http://[LB_IP_ADDRESS]:8776/v3/3d9b6a63d33047ad837c5c767268bacb/types/9dc6f664-d273-4efb-b9f9-46d1f6519d6b/extra_specs/spec1
2022-08-19 03:45:11.821 19 INFO cinder.api.openstack.wsgi [None req-d42fdd2b-abbc-4254-b38f-d0c78d9ece5e 7b925a3baedd431cbde8b33ba75197bf 3d9b6a63d33047ad837c5c767268bacb - - default default] http://[LB_IP_ADDRESS]:8776/v3/3d9b6a63d33047ad837c5c767268bacb/types/9dc6f664-d273-4efb-b9f9-46d1f6519d6b/extra_specs/spec1 returned with HTTP 404
2022-08-19 03:45:11.839 20 INFO cinder.api.openstack.wsgi [None req-9b3e32ff-ee61-4221-b346-9d3de47bb041 7b925a3baedd431cbde8b33ba75197bf 3d9b6a63d33047ad837c5c767268bacb - - default default] GET http://[LB_IP_ADDRESS]:8776/v3/3d9b6a63d33047ad837c5c767268bacb/types/3a6561dd-507f-49b7-a98f-b7176add4b50/extra_specs/nonexistent_extra_spec_name
2022-08-19 03:45:11.856 20 INFO cinder.api.openstack.wsgi [None req-9b3e32ff-ee61-4221-b346-9d3de47bb041 7b925a3baedd431cbde8b33ba75197bf 3d9b6a63d33047ad837c5c767268bacb - - default default] http://[LB_IP_ADDRESS]:8776/v3/3d9b6a63d33047ad837c5c767268bacb/types/3a6561dd-507f-49b7-a98f-b7176add4b50/extra_specs/nonexistent_extra_spec_name returned with HTTP 404
2022-08-19 03:45:11.875 21 INFO cinder.api.openstack.wsgi [None req-2f57631a-77a0-4d23-a80d-286cee95b9d2 7b925a3baedd431cbde8b33ba75197bf 3d9b6a63d33047ad837c5c767268bacb - - default default] GET http://[LB_IP_ADDRESS]:8776/v3/3d9b6a63d33047ad837c5c767268bacb/types/9555e637-2a17-4717-b255-991b9153d861/extra_specs/spec1
2022-08-19 03:45:11.883 21 INFO cinder.api.openstack.wsgi [None req-2f57631a-77a0-4d23-a80d-286cee95b9d2 7b925a3baedd431cbde8b33ba75197bf 3d9b6a63d33047ad837c5c767268bacb - - default default] http://[LB_IP_ADDRESS]:8776/v3/3d9b6a63d33047ad837c5c767268bacb/types/9555e637-2a17-4717-b255-991b9153d861/extra_specs/spec1 returned with HTTP 404
2022-08-19 03:45:11.901 23 INFO cinder.api.openstack.wsgi [None req-3cae7e9d-e450-4896-8bb8-215e6d033bbc 7b925a3baedd431cbde8b33ba75197bf 3d9b6a63d33047ad837c5c767268bacb - - default default] GET http://[LB_IP_ADDRESS]:8776/v3/3d9b6a63d33047ad837c5c767268bacb/types/ed9eb60a-0ab3-402f-9eb9-c51bb24eb61f/extra_specs
2022-08-19 03:45:11.913 23 INFO cinder.api.openstack.wsgi [None req-3cae7e9d-e450-4896-8bb8-215e6d033bbc 7b925a3baedd431cbde8b33ba75197bf 3d9b6a63d33047ad837c5c767268bacb - - default default] http://[LB_IP_ADDRESS]:8776/v3/3d9b6a63d33047ad837c5c767268bacb/types/ed9eb60a-0ab3-402f-9eb9-c51bb24eb61f/extra_specs returned with HTTP 404
2022-08-19 03:45:11.930 22 INFO cinder.api.openstack.wsgi [None req-3154c64b-f72f-4d0f-93ab-83c0c36197a5 7b925a3baedd431cbde8b33ba75197bf 3d9b6a63d33047ad837c5c767268bacb - - default default] PUT http://[LB_IP_ADDRESS]:8776/v3/3d9b6a63d33047ad837c5c767268bacb/types/3a6561dd-507f-49b7-a98f-b7176add4b50/extra_specs/spec1
2022-08-19 03:45:11.933 22 INFO cinder.api.openstack.wsgi [None req-3154c64b-f72f-4d0f-93ab-83c0c36197a5 7b925a3baedd431cbde8b33ba75197bf 3d9b6a63d33047ad837c5c767268bacb - - default default] http://[LB_IP_ADDRESS]:8776/v3/3d9b6a63d33047ad837c5c767268bacb/types/3a6561dd-507f-49b7-a98f-b7176add4b50/extra_specs/spec1 returned with HTTP 400
2022-08-19 03:45:11.948 19 INFO cinder.api.openstack.wsgi [None req-5dffa7e4-7618-44c1-8061-4fcd95c5dd63 7b925a3baedd431cbde8b33ba75197bf 3d9b6a63d33047ad837c5c767268bacb - - default default] PUT http://[LB_IP_ADDRESS]:8776/v3/3d9b6a63d33047ad837c5c767268bacb/types/3a6561dd-507f-49b7-a98f-b7176add4b50/extra_specs/spec1
2022-08-19 03:45:11.952 19 INFO cinder.api.openstack.wsgi [None req-5dffa7e4-7618-44c1-8061-4fcd95c5dd63 7b925a3baedd431cbde8b33ba75197bf 3d9b6a63d33047ad837c5c767268bacb - - default default] http://[LB_IP_ADDRESS]:8776/v3/3d9b6a63d33047ad837c5c767268bacb/types/3a6561dd-507f-49b7-a98f-b7176add4b50/extra_specs/spec1 returned with HTTP 400
2022-08-19 03:45:11.969 20 INFO cinder.api.openstack.wsgi [None req-803bda97-cc5b-4c16-aa79-0438c114a3f4 7b925a3baedd431cbde8b33ba75197bf 3d9b6a63d33047ad837c5c767268bacb - - default default] PUT http://[LB_IP_ADDRESS]:8776/v3/3d9b6a63d33047ad837c5c767268bacb/types/3a6561dd-507f-49b7-a98f-b7176add4b50/extra_specs/None
2022-08-19 03:45:12.008 20 INFO cinder.api.openstack.wsgi [None req-803bda97-cc5b-4c16-aa79-0438c114a3f4 7b925a3baedd431cbde8b33ba75197bf 3d9b6a63d33047ad837c5c767268bacb - - default default] HTTP exception thrown: Request body and URI mismatch
2022-08-19 03:45:12.009 20 INFO cinder.api.openstack.wsgi [None req-803bda97-cc5b-4c16-aa79-0438c114a3f4 7b925a3baedd431cbde8b33ba75197bf 3d9b6a63d33047ad837c5c767268bacb - - default default] http://[LB_IP_ADDRESS]:8776/v3/3d9b6a63d33047ad837c5c767268bacb/types/3a6561dd-507f-49b7-a98f-b7176add4b50/extra_specs/None returned with HTTP 400
2022-08-19 03:45:12.026 21 INFO cinder.api.openstack.wsgi [None req-ab03c07f-d3a5-4822-8454-1fc2297a82d6 7b925a3baedd431cbde8b33ba75197bf 3d9b6a63d33047ad837c5c767268bacb - - default default] PUT http://[LB_IP_ADDRESS]:8776/v3/3d9b6a63d33047ad837c5c767268bacb/types/3a6561dd-507f-49b7-a98f-b7176add4b50/extra_specs/28f1cb7a-59c8-4706-b1da-1547dae5bc12
2022-08-19 03:45:12.064 21 INFO cinder.api.openstack.wsgi [None req-ab03c07f-d3a5-4822-8454-1fc2297a82d6 7b925a3baedd431cbde8b33ba75197bf 3d9b6a63d33047ad837c5c767268bacb - - default default] HTTP exception thrown: Request body and URI mismatch
2022-08-19 03:45:12.064 21 INFO cinder.api.openstack.wsgi [None req-ab03c07f-d3a5-4822-8454-1fc2297a82d6 7b925a3baedd431cbde8b33ba75197bf 3d9b6a63d33047ad837c5c767268bacb - - default default] http://[LB_IP_ADDRESS]:8776/v3/3d9b6a63d33047ad837c5c767268bacb/types/3a6561dd-507f-49b7-a98f-b7176add4b50/extra_specs/28f1cb7a-59c8-4706-b1da-1547dae5bc12 returned with HTTP 400
2022-08-19 03:45:12.083 23 INFO cinder.api.openstack.wsgi [None req-4563e3ae-a514-4be5-a5f6-8b82bebe6034 7b925a3baedd431cbde8b33ba75197bf 3d9b6a63d33047ad837c5c767268bacb - - default default] PUT http://[LB_IP_ADDRESS]:8776/v3/3d9b6a63d33047ad837c5c767268bacb/types/c3b53f8d-4471-442b-b0f8-f522f2162ec0/extra_specs/spec1
2022-08-19 03:45:12.125 23 INFO cinder.api.openstack.wsgi [None req-4563e3ae-a514-4be5-a5f6-8b82bebe6034 7b925a3baedd431cbde8b33ba75197bf 3d9b6a63d33047ad837c5c767268bacb - - default default] http://[LB_IP_ADDRESS]:8776/v3/3d9b6a63d33047ad837c5c767268bacb/types/c3b53f8d-4471-442b-b0f8-f522f2162ec0/extra_specs/spec1 returned with HTTP 404
2022-08-19 03:45:12.139 22 INFO cinder.api.openstack.wsgi [None req-1877b31c-a0c7-4a1a-9484-6b6fd840047a 7b925a3baedd431cbde8b33ba75197bf 3d9b6a63d33047ad837c5c767268bacb - - default default] DELETE http://[LB_IP_ADDRESS]:8776/v3/3d9b6a63d33047ad837c5c767268bacb/types/3a6561dd-507f-49b7-a98f-b7176add4b50
2022-08-19 03:45:12.213 22 INFO cinder.api.openstack.wsgi [None req-1877b31c-a0c7-4a1a-9484-6b6fd840047a 7b925a3baedd431cbde8b33ba75197bf 3d9b6a63d33047ad837c5c767268bacb - - default default] http://[LB_IP_ADDRESS]:8776/v3/3d9b6a63d33047ad837c5c767268bacb/types/3a6561dd-507f-49b7-a98f-b7176add4b50 returned with HTTP 202
2022-08-19 03:45:12.224 19 INFO cinder.api.openstack.wsgi [None req-4be38539-f1cb-4fed-8511-e370a2c27210 7b925a3baedd431cbde8b33ba75197bf 3d9b6a63d33047ad837c5c767268bacb - - default default] GET http://[LB_IP_ADDRESS]:8776/v3/3d9b6a63d33047ad837c5c767268bacb/types/3a6561dd-507f-49b7-a98f-b7176add4b50
2022-08-19 03:45:12.231 19 INFO cinder.api.openstack.wsgi [None req-4be38539-f1cb-4fed-8511-e370a2c27210 7b925a3baedd431cbde8b33ba75197bf 3d9b6a63d33047ad837c5c767268bacb - - default default] http://[LB_IP_ADDRESS]:8776/v3/3d9b6a63d33047ad837c5c767268bacb/types/3a6561dd-507f-49b7-a98f-b7176add4b50 returned with HTTP 404
2022-08-19 03:45:14.302 20 INFO cinder.api.openstack.wsgi [None req-a16b40f3-96f1-4e61-8bef-791574f3dcbe - - - - - -] GET http://[LB_IP_ADDRESS]:8776/
2022-08-19 03:45:14.304 20 INFO cinder.api.openstack.wsgi [None req-a16b40f3-96f1-4e61-8bef-791574f3dcbe - - - - - -] http://[LB_IP_ADDRESS]:8776/ returned with HTTP 300
2022-08-19 03:45:17.074 21 INFO cinder.api.openstack.wsgi [None req-2b6aed03-50fd-4c81-9bc3-c18ca43213e1 5c22db46db3040bc902b2d7dd07e4971 0039e95d7b764215929ec2ba9044477b - - default default] POST http://[LB_IP_ADDRESS]:8776/v3/0039e95d7b764215929ec2ba9044477b/types/b0d67720-9a80-4424-977f-3e7d1b5c2ed2/encryption
2022-08-19 03:45:17.129 21 INFO cinder.api.openstack.wsgi [None req-2b6aed03-50fd-4c81-9bc3-c18ca43213e1 5c22db46db3040bc902b2d7dd07e4971 0039e95d7b764215929ec2ba9044477b - - default default] http://[LB_IP_ADDRESS]:8776/v3/0039e95d7b764215929ec2ba9044477b/types/b0d67720-9a80-4424-977f-3e7d1b5c2ed2/encryption returned with HTTP 404
2022-08-19 03:45:17.143 23 INFO cinder.api.openstack.wsgi [None req-2143afa7-ed3c-4681-946f-01eddb3afff0 5c22db46db3040bc902b2d7dd07e4971 0039e95d7b764215929ec2ba9044477b - - default default] POST http://[LB_IP_ADDRESS]:8776/v3/0039e95d7b764215929ec2ba9044477b/types
2022-08-19 03:45:17.147 23 INFO cinder.api.openstack.wsgi [None req-2143afa7-ed3c-4681-946f-01eddb3afff0 5c22db46db3040bc902b2d7dd07e4971 0039e95d7b764215929ec2ba9044477b - - default default] http://[LB_IP_ADDRESS]:8776/v3/0039e95d7b764215929ec2ba9044477b/types returned with HTTP 400
2022-08-19 03:45:17.161 22 INFO cinder.api.openstack.wsgi [None req-81b23e94-10d3-4d48-b371-440b544bb38c 5c22db46db3040bc902b2d7dd07e4971 0039e95d7b764215929ec2ba9044477b - - default default] POST http://[LB_IP_ADDRESS]:8776/v3/0039e95d7b764215929ec2ba9044477b/types
2022-08-19 03:45:17.188 22 INFO cinder.api.openstack.wsgi [None req-81b23e94-10d3-4d48-b371-440b544bb38c 5c22db46db3040bc902b2d7dd07e4971 0039e95d7b764215929ec2ba9044477b - - default default] http://[LB_IP_ADDRESS]:8776/v3/0039e95d7b764215929ec2ba9044477b/types returned with HTTP 200
2022-08-19 03:45:17.202 19 INFO cinder.api.openstack.wsgi [None req-ae266d96-ddbb-46c8-a24c-c8c05fdd3010 5c22db46db3040bc902b2d7dd07e4971 0039e95d7b764215929ec2ba9044477b - - default default] POST http://[LB_IP_ADDRESS]:8776/v3/0039e95d7b764215929ec2ba9044477b/types
2022-08-19 03:45:17.215 19 INFO cinder.api.openstack.wsgi [None req-ae266d96-ddbb-46c8-a24c-c8c05fdd3010 5c22db46db3040bc902b2d7dd07e4971 0039e95d7b764215929ec2ba9044477b - - default default] HTTP exception thrown: Volume Type tempest-VolumeTypesNegativeTest-volume-type-2054421695 already exists.
2022-08-19 03:45:17.215 19 INFO cinder.api.openstack.wsgi [None req-ae266d96-ddbb-46c8-a24c-c8c05fdd3010 5c22db46db3040bc902b2d7dd07e4971 0039e95d7b764215929ec2ba9044477b - - default default] http://[LB_IP_ADDRESS]:8776/v3/0039e95d7b764215929ec2ba9044477b/types returned with HTTP 409
2022-08-19 03:45:17.230 20 INFO cinder.api.openstack.wsgi [None req-c74c441f-9d21-4df9-950f-30ab6e341f4a 5c22db46db3040bc902b2d7dd07e4971 0039e95d7b764215929ec2ba9044477b - - default default] DELETE http://[LB_IP_ADDRESS]:8776/v3/0039e95d7b764215929ec2ba9044477b/types/35b03b00-fe34-4c2b-8452-1fc425316675
2022-08-19 03:45:17.241 20 INFO cinder.api.openstack.wsgi [None req-c74c441f-9d21-4df9-950f-30ab6e341f4a 5c22db46db3040bc902b2d7dd07e4971 0039e95d7b764215929ec2ba9044477b - - default default] http://[LB_IP_ADDRESS]:8776/v3/0039e95d7b764215929ec2ba9044477b/types/35b03b00-fe34-4c2b-8452-1fc425316675 returned with HTTP 404
2022-08-19 03:45:17.255 21 INFO cinder.api.openstack.wsgi [None req-b62e0b12-cbe1-4388-94be-26b0be01a014 5c22db46db3040bc902b2d7dd07e4971 0039e95d7b764215929ec2ba9044477b - - default default] GET http://[LB_IP_ADDRESS]:8776/v3/0039e95d7b764215929ec2ba9044477b/types/ef43c86c-5c60-43d2-abe3-8a207ed26a15
2022-08-19 03:45:17.262 21 INFO cinder.api.openstack.wsgi [None req-b62e0b12-cbe1-4388-94be-26b0be01a014 5c22db46db3040bc902b2d7dd07e4971 0039e95d7b764215929ec2ba9044477b - - default default] http://[LB_IP_ADDRESS]:8776/v3/0039e95d7b764215929ec2ba9044477b/types/ef43c86c-5c60-43d2-abe3-8a207ed26a15 returned with HTTP 404
2022-08-19 03:45:17.276 23 INFO cinder.api.openstack.wsgi [None req-05fb90d7-6272-47d7-8e40-23bc366eba1d 5c22db46db3040bc902b2d7dd07e4971 0039e95d7b764215929ec2ba9044477b - - default default] DELETE http://[LB_IP_ADDRESS]:8776/v3/0039e95d7b764215929ec2ba9044477b/types/03508b7d-4734-4577-9781-863ab5d6e41d
2022-08-19 03:45:17.361 23 INFO cinder.api.openstack.wsgi [None req-05fb90d7-6272-47d7-8e40-23bc366eba1d 5c22db46db3040bc902b2d7dd07e4971 0039e95d7b764215929ec2ba9044477b - - default default] http://[LB_IP_ADDRESS]:8776/v3/0039e95d7b764215929ec2ba9044477b/types/03508b7d-4734-4577-9781-863ab5d6e41d returned with HTTP 202
2022-08-19 03:45:17.373 22 INFO cinder.api.openstack.wsgi [None req-f0684d01-c88c-4190-8c6a-3cea39bc0791 5c22db46db3040bc902b2d7dd07e4971 0039e95d7b764215929ec2ba9044477b - - default default] GET http://[LB_IP_ADDRESS]:8776/v3/0039e95d7b764215929ec2ba9044477b/types/03508b7d-4734-4577-9781-863ab5d6e41d
2022-08-19 03:45:17.381 22 INFO cinder.api.openstack.wsgi [None req-f0684d01-c88c-4190-8c6a-3cea39bc0791 5c22db46db3040bc902b2d7dd07e4971 0039e95d7b764215929ec2ba9044477b - - default default] http://[LB_IP_ADDRESS]:8776/v3/0039e95d7b764215929ec2ba9044477b/types/03508b7d-4734-4577-9781-863ab5d6e41d returned with HTTP 404
2022-08-19 03:45:20.456 19 INFO cinder.api.openstack.wsgi [None req-f39feabd-ff82-42b5-b2ee-72bb8e506f1f 5a33ffca5a2a4af1987b72a675eea5a0 c826c76392914406852a3a8142f57983 - - default default] GET http://[LB_IP_ADDRESS]:8776/v3/c826c76392914406852a3a8142f57983/os-availability-zone
2022-08-19 03:45:20.464 19 INFO cinder.volume.api [None req-f39feabd-ff82-42b5-b2ee-72bb8e506f1f 5a33ffca5a2a4af1987b72a675eea5a0 c826c76392914406852a3a8142f57983 - - default default] Availability Zones retrieved successfully.
2022-08-19 03:45:20.465 19 INFO cinder.api.openstack.wsgi [None req-f39feabd-ff82-42b5-b2ee-72bb8e506f1f 5a33ffca5a2a4af1987b72a675eea5a0 c826c76392914406852a3a8142f57983 - - default default] http://[LB_IP_ADDRESS]:8776/v3/c826c76392914406852a3a8142f57983/os-availability-zone returned with HTTP 200
2022-08-19 03:45:23.223 20 INFO cinder.api.openstack.wsgi [None req-c2235065-854b-4972-b2cf-818aacf5dc8b 13ba96f1a3274af98956e685fbfc2718 f768610ab4284f2c8b518fe79de523d9 - - default default] POST http://[LB_IP_ADDRESS]:8776/v3/f768610ab4284f2c8b518fe79de523d9/volumes
2022-08-19 03:45:23.315 20 INFO cinder.api.v3.volumes [None req-c2235065-854b-4972-b2cf-818aacf5dc8b 13ba96f1a3274af98956e685fbfc2718 f768610ab4284f2c8b518fe79de523d9 - - default default] Create volume of 1 GB
2022-08-19 03:45:23.324 20 INFO cinder.volume.api [None req-c2235065-854b-4972-b2cf-818aacf5dc8b 13ba96f1a3274af98956e685fbfc2718 f768610ab4284f2c8b518fe79de523d9 - - default default] Availability Zones retrieved successfully.
2022-08-19 03:45:23.670 20 INFO cinder.volume.api [None req-c2235065-854b-4972-b2cf-818aacf5dc8b 13ba96f1a3274af98956e685fbfc2718 f768610ab4284f2c8b518fe79de523d9 - - default default] Create volume request issued successfully.
2022-08-19 03:45:23.674 20 INFO cinder.api.openstack.wsgi [None req-c2235065-854b-4972-b2cf-818aacf5dc8b 13ba96f1a3274af98956e685fbfc2718 f768610ab4284f2c8b518fe79de523d9 - - default default] http://[LB_IP_ADDRESS]:8776/v3/f768610ab4284f2c8b518fe79de523d9/volumes returned with HTTP 202
2022-08-19 03:45:23.694 21 INFO cinder.api.openstack.wsgi [None req-6783892a-f403-40db-9a56-f92325fa9020 13ba96f1a3274af98956e685fbfc2718 f768610ab4284f2c8b518fe79de523d9 - - default default] GET http://[LB_IP_ADDRESS]:8776/v3/f768610ab4284f2c8b518fe79de523d9/volumes/45fcc991-f7a6-448c-ab0d-297be67351c8
2022-08-19 03:45:23.719 21 INFO cinder.volume.api [None req-6783892a-f403-40db-9a56-f92325fa9020 13ba96f1a3274af98956e685fbfc2718 f768610ab4284f2c8b518fe79de523d9 - - default default] Volume info retrieved successfully.
2022-08-19 03:45:23.727 21 INFO cinder.api.openstack.wsgi [None req-6783892a-f403-40db-9a56-f92325fa9020 13ba96f1a3274af98956e685fbfc2718 f768610ab4284f2c8b518fe79de523d9 - - default default] http://[LB_IP_ADDRESS]:8776/v3/f768610ab4284f2c8b518fe79de523d9/volumes/45fcc991-f7a6-448c-ab0d-297be67351c8 returned with HTTP 200
2022-08-19 03:45:24.750 23 INFO cinder.api.openstack.wsgi [None req-9721daf0-4d19-4146-a21c-4cd7d914addd 13ba96f1a3274af98956e685fbfc2718 f768610ab4284f2c8b518fe79de523d9 - - default default] GET http://[LB_IP_ADDRESS]:8776/v3/f768610ab4284f2c8b518fe79de523d9/volumes/45fcc991-f7a6-448c-ab0d-297be67351c8
2022-08-19 03:45:24.776 23 INFO cinder.volume.api [None req-9721daf0-4d19-4146-a21c-4cd7d914addd 13ba96f1a3274af98956e685fbfc2718 f768610ab4284f2c8b518fe79de523d9 - - default default] Volume info retrieved successfully.
2022-08-19 03:45:24.784 23 INFO cinder.api.openstack.wsgi [None req-9721daf0-4d19-4146-a21c-4cd7d914addd 13ba96f1a3274af98956e685fbfc2718 f768610ab4284f2c8b518fe79de523d9 - - default default] http://[LB_IP_ADDRESS]:8776/v3/f768610ab4284f2c8b518fe79de523d9/volumes/45fcc991-f7a6-448c-ab0d-297be67351c8 returned with HTTP 200
2022-08-19 03:45:25.806 22 INFO cinder.api.openstack.wsgi [None req-cf5a57fb-1892-4d0c-883e-a054013ab886 13ba96f1a3274af98956e685fbfc2718 f768610ab4284f2c8b518fe79de523d9 - - default default] GET http://[LB_IP_ADDRESS]:8776/v3/f768610ab4284f2c8b518fe79de523d9/volumes/45fcc991-f7a6-448c-ab0d-297be67351c8
2022-08-19 03:45:25.831 22 INFO cinder.volume.api [None req-cf5a57fb-1892-4d0c-883e-a054013ab886 13ba96f1a3274af98956e685fbfc2718 f768610ab4284f2c8b518fe79de523d9 - - default default] Volume info retrieved successfully.
2022-08-19 03:45:25.839 22 INFO cinder.api.openstack.wsgi [None req-cf5a57fb-1892-4d0c-883e-a054013ab886 13ba96f1a3274af98956e685fbfc2718 f768610ab4284f2c8b518fe79de523d9 - - default default] http://[LB_IP_ADDRESS]:8776/v3/f768610ab4284f2c8b518fe79de523d9/volumes/45fcc991-f7a6-448c-ab0d-297be67351c8 returned with HTTP 200
2022-08-19 03:45:26.862 19 INFO cinder.api.openstack.wsgi [None req-a2fdf617-e934-4701-ad08-fa4ee028bfb5 13ba96f1a3274af98956e685fbfc2718 f768610ab4284f2c8b518fe79de523d9 - - default default] GET http://[LB_IP_ADDRESS]:8776/v3/f768610ab4284f2c8b518fe79de523d9/volumes/45fcc991-f7a6-448c-ab0d-297be67351c8
2022-08-19 03:45:27.191 19 INFO cinder.volume.api [None req-a2fdf617-e934-4701-ad08-fa4ee028bfb5 13ba96f1a3274af98956e685fbfc2718 f768610ab4284f2c8b518fe79de523d9 - - default default] Volume info retrieved successfully.
2022-08-19 03:45:27.199 19 INFO cinder.api.openstack.wsgi [None req-a2fdf617-e934-4701-ad08-fa4ee028bfb5 13ba96f1a3274af98956e685fbfc2718 f768610ab4284f2c8b518fe79de523d9 - - default default] http://[LB_IP_ADDRESS]:8776/v3/f768610ab4284f2c8b518fe79de523d9/volumes/45fcc991-f7a6-448c-ab0d-297be67351c8 returned with HTTP 200
2022-08-19 03:45:28.230 20 INFO cinder.api.openstack.wsgi [None req-2120a4f8-749c-4837-8b0f-b35b2df057e0 13ba96f1a3274af98956e685fbfc2718 f768610ab4284f2c8b518fe79de523d9 - - default default] GET http://[LB_IP_ADDRESS]:8776/v3/f768610ab4284f2c8b518fe79de523d9/volumes/45fcc991-f7a6-448c-ab0d-297be67351c8
2022-08-19 03:45:28.261 20 INFO cinder.volume.api [None req-2120a4f8-749c-4837-8b0f-b35b2df057e0 13ba96f1a3274af98956e685fbfc2718 f768610ab4284f2c8b518fe79de523d9 - - default default] Volume info retrieved successfully.
2022-08-19 03:45:28.270 20 INFO cinder.api.openstack.wsgi [None req-2120a4f8-749c-4837-8b0f-b35b2df057e0 13ba96f1a3274af98956e685fbfc2718 f768610ab4284f2c8b518fe79de523d9 - - default default] http://[LB_IP_ADDRESS]:8776/v3/f768610ab4284f2c8b518fe79de523d9/volumes/45fcc991-f7a6-448c-ab0d-297be67351c8 returned with HTTP 200
2022-08-19 03:45:29.292 21 INFO cinder.api.openstack.wsgi [None req-f901603c-a2f8-49d4-9040-ce3985dad2ac 13ba96f1a3274af98956e685fbfc2718 f768610ab4284f2c8b518fe79de523d9 - - default default] GET http://[LB_IP_ADDRESS]:8776/v3/f768610ab4284f2c8b518fe79de523d9/volumes/45fcc991-f7a6-448c-ab0d-297be67351c8
2022-08-19 03:45:29.316 21 INFO cinder.volume.api [None req-f901603c-a2f8-49d4-9040-ce3985dad2ac 13ba96f1a3274af98956e685fbfc2718 f768610ab4284f2c8b518fe79de523d9 - - default default] Volume info retrieved successfully.
2022-08-19 03:45:29.323 21 INFO cinder.api.openstack.wsgi [None req-f901603c-a2f8-49d4-9040-ce3985dad2ac 13ba96f1a3274af98956e685fbfc2718 f768610ab4284f2c8b518fe79de523d9 - - default default] http://[LB_IP_ADDRESS]:8776/v3/f768610ab4284f2c8b518fe79de523d9/volumes/45fcc991-f7a6-448c-ab0d-297be67351c8 returned with HTTP 200
2022-08-19 03:45:30.346 23 INFO cinder.api.openstack.wsgi [None req-73ed1e4b-9df6-4897-8f3b-5fc87ee34720 13ba96f1a3274af98956e685fbfc2718 f768610ab4284f2c8b518fe79de523d9 - - default default] GET http://[LB_IP_ADDRESS]:8776/v3/f768610ab4284f2c8b518fe79de523d9/volumes/45fcc991-f7a6-448c-ab0d-297be67351c8
2022-08-19 03:45:30.379 23 INFO cinder.volume.api [None req-73ed1e4b-9df6-4897-8f3b-5fc87ee34720 13ba96f1a3274af98956e685fbfc2718 f768610ab4284f2c8b518fe79de523d9 - - default default] Volume info retrieved successfully.
2022-08-19 03:45:30.386 23 INFO cinder.api.openstack.wsgi [None req-73ed1e4b-9df6-4897-8f3b-5fc87ee34720 13ba96f1a3274af98956e685fbfc2718 f768610ab4284f2c8b518fe79de523d9 - - default default] http://[LB_IP_ADDRESS]:8776/v3/f768610ab4284f2c8b518fe79de523d9/volumes/45fcc991-f7a6-448c-ab0d-297be67351c8 returned with HTTP 200
2022-08-19 03:45:31.409 22 INFO cinder.api.openstack.wsgi [None req-9e5333ef-ce73-4671-bfc4-da50b4fe806b 13ba96f1a3274af98956e685fbfc2718 f768610ab4284f2c8b518fe79de523d9 - - default default] GET http://[LB_IP_ADDRESS]:8776/v3/f768610ab4284f2c8b518fe79de523d9/volumes/45fcc991-f7a6-448c-ab0d-297be67351c8
2022-08-19 03:45:31.441 22 INFO cinder.volume.api [None req-9e5333ef-ce73-4671-bfc4-da50b4fe806b 13ba96f1a3274af98956e685fbfc2718 f768610ab4284f2c8b518fe79de523d9 - - default default] Volume info retrieved successfully.
2022-08-19 03:45:31.449 22 INFO cinder.api.openstack.wsgi [None req-9e5333ef-ce73-4671-bfc4-da50b4fe806b 13ba96f1a3274af98956e685fbfc2718 f768610ab4284f2c8b518fe79de523d9 - - default default] http://[LB_IP_ADDRESS]:8776/v3/f768610ab4284f2c8b518fe79de523d9/volumes/45fcc991-f7a6-448c-ab0d-297be67351c8 returned with HTTP 200
2022-08-19 03:45:32.472 19 INFO cinder.api.openstack.wsgi [None req-8a9e70f6-f764-4669-ad65-feb728268ebe 13ba96f1a3274af98956e685fbfc2718 f768610ab4284f2c8b518fe79de523d9 - - default default] GET http://[LB_IP_ADDRESS]:8776/v3/f768610ab4284f2c8b518fe79de523d9/volumes/45fcc991-f7a6-448c-ab0d-297be67351c8
2022-08-19 03:45:32.506 19 INFO cinder.volume.api [None req-8a9e70f6-f764-4669-ad65-feb728268ebe 13ba96f1a3274af98956e685fbfc2718 f768610ab4284f2c8b518fe79de523d9 - - default default] Volume info retrieved successfully.
2022-08-19 03:45:32.514 19 INFO cinder.api.openstack.wsgi [None req-8a9e70f6-f764-4669-ad65-feb728268ebe 13ba96f1a3274af98956e685fbfc2718 f768610ab4284f2c8b518fe79de523d9 - - default default] http://[LB_IP_ADDRESS]:8776/v3/f768610ab4284f2c8b518fe79de523d9/volumes/45fcc991-f7a6-448c-ab0d-297be67351c8 returned with HTTP 200
2022-08-19 03:45:33.542 20 INFO cinder.api.openstack.wsgi [None req-46f07233-9117-4874-b2b8-ab4e9c437fb2 13ba96f1a3274af98956e685fbfc2718 f768610ab4284f2c8b518fe79de523d9 - - default default] GET http://[LB_IP_ADDRESS]:8776/v3/f768610ab4284f2c8b518fe79de523d9/volumes/45fcc991-f7a6-448c-ab0d-297be67351c8
2022-08-19 03:45:33.568 20 INFO cinder.volume.api [None req-46f07233-9117-4874-b2b8-ab4e9c437fb2 13ba96f1a3274af98956e685fbfc2718 f768610ab4284f2c8b518fe79de523d9 - - default default] Volume info retrieved successfully.
2022-08-19 03:45:33.576 20 INFO cinder.api.openstack.wsgi [None req-46f07233-9117-4874-b2b8-ab4e9c437fb2 13ba96f1a3274af98956e685fbfc2718 f768610ab4284f2c8b518fe79de523d9 - - default default] http://[LB_IP_ADDRESS]:8776/v3/f768610ab4284f2c8b518fe79de523d9/volumes/45fcc991-f7a6-448c-ab0d-297be67351c8 returned with HTTP 200
2022-08-19 03:45:34.599 21 INFO cinder.api.openstack.wsgi [None req-bf9cb060-4546-4ee5-8d01-28973c8a386b 13ba96f1a3274af98956e685fbfc2718 f768610ab4284f2c8b518fe79de523d9 - - default default] GET http://[LB_IP_ADDRESS]:8776/v3/f768610ab4284f2c8b518fe79de523d9/volumes/45fcc991-f7a6-448c-ab0d-297be67351c8
2022-08-19 03:45:34.624 21 INFO cinder.volume.api [None req-bf9cb060-4546-4ee5-8d01-28973c8a386b 13ba96f1a3274af98956e685fbfc2718 f768610ab4284f2c8b518fe79de523d9 - - default default] Volume info retrieved successfully.
2022-08-19 03:45:34.632 21 INFO cinder.api.openstack.wsgi [None req-bf9cb060-4546-4ee5-8d01-28973c8a386b 13ba96f1a3274af98956e685fbfc2718 f768610ab4284f2c8b518fe79de523d9 - - default default] http://[LB_IP_ADDRESS]:8776/v3/f768610ab4284f2c8b518fe79de523d9/volumes/45fcc991-f7a6-448c-ab0d-297be67351c8 returned with HTTP 200
2022-08-19 03:45:35.656 23 INFO cinder.api.openstack.wsgi [None req-4c49240e-09ea-47d9-b908-9e65fe5c74a9 13ba96f1a3274af98956e685fbfc2718 f768610ab4284f2c8b518fe79de523d9 - - default default] GET http://[LB_IP_ADDRESS]:8776/v3/f768610ab4284f2c8b518fe79de523d9/volumes/45fcc991-f7a6-448c-ab0d-297be67351c8
2022-08-19 03:45:35.693 23 INFO cinder.volume.api [None req-4c49240e-09ea-47d9-b908-9e65fe5c74a9 13ba96f1a3274af98956e685fbfc2718 f768610ab4284f2c8b518fe79de523d9 - - default default] Volume info retrieved successfully.
2022-08-19 03:45:35.704 23 INFO cinder.api.openstack.wsgi [None req-4c49240e-09ea-47d9-b908-9e65fe5c74a9 13ba96f1a3274af98956e685fbfc2718 f768610ab4284f2c8b518fe79de523d9 - - default default] http://[LB_IP_ADDRESS]:8776/v3/f768610ab4284f2c8b518fe79de523d9/volumes/45fcc991-f7a6-448c-ab0d-297be67351c8 returned with HTTP 200
2022-08-19 03:45:35.727 22 INFO cinder.api.openstack.wsgi [None req-f46d0cde-49c3-4fd8-bbda-50539733cbcf 13ba96f1a3274af98956e685fbfc2718 f768610ab4284f2c8b518fe79de523d9 - - default default] POST http://[LB_IP_ADDRESS]:8776/v3/f768610ab4284f2c8b518fe79de523d9/volumes/45fcc991-f7a6-448c-ab0d-297be67351c8/action
2022-08-19 03:45:35.762 22 INFO cinder.volume.api [None req-f46d0cde-49c3-4fd8-bbda-50539733cbcf 13ba96f1a3274af98956e685fbfc2718 f768610ab4284f2c8b518fe79de523d9 - - default default] Volume info retrieved successfully.
2022-08-19 03:45:35.776 22 INFO cinder.volume.api [None req-f46d0cde-49c3-4fd8-bbda-50539733cbcf 13ba96f1a3274af98956e685fbfc2718 f768610ab4284f2c8b518fe79de523d9 - - default default] Update volume metadata completed successfully.
2022-08-19 03:45:35.777 22 INFO cinder.api.openstack.wsgi [None req-f46d0cde-49c3-4fd8-bbda-50539733cbcf 13ba96f1a3274af98956e685fbfc2718 f768610ab4284f2c8b518fe79de523d9 - - default default] http://[LB_IP_ADDRESS]:8776/v3/f768610ab4284f2c8b518fe79de523d9/volumes/45fcc991-f7a6-448c-ab0d-297be67351c8/action returned with HTTP 200
2022-08-19 03:45:35.790 19 INFO cinder.api.openstack.wsgi [None req-896e2421-a198-4275-9296-a24b58c3607e 13ba96f1a3274af98956e685fbfc2718 f768610ab4284f2c8b518fe79de523d9 - - default default] GET http://[LB_IP_ADDRESS]:8776/v3/f768610ab4284f2c8b518fe79de523d9/volumes/45fcc991-f7a6-448c-ab0d-297be67351c8
2022-08-19 03:45:35.812 19 INFO cinder.volume.api [None req-896e2421-a198-4275-9296-a24b58c3607e 13ba96f1a3274af98956e685fbfc2718 f768610ab4284f2c8b518fe79de523d9 - - default default] Volume info retrieved successfully.
2022-08-19 03:45:35.820 19 INFO cinder.api.openstack.wsgi [None req-896e2421-a198-4275-9296-a24b58c3607e 13ba96f1a3274af98956e685fbfc2718 f768610ab4284f2c8b518fe79de523d9 - - default default] http://[LB_IP_ADDRESS]:8776/v3/f768610ab4284f2c8b518fe79de523d9/volumes/45fcc991-f7a6-448c-ab0d-297be67351c8 returned with HTTP 200
2022-08-19 03:45:35.843 20 INFO cinder.api.openstack.wsgi [None req-8baba950-5ced-444d-be98-cf516aa1bd53 13ba96f1a3274af98956e685fbfc2718 f768610ab4284f2c8b518fe79de523d9 - - default default] POST http://[LB_IP_ADDRESS]:8776/v3/f768610ab4284f2c8b518fe79de523d9/volumes/45fcc991-f7a6-448c-ab0d-297be67351c8/action
2022-08-19 03:45:35.882 20 INFO cinder.volume.api [None req-8baba950-5ced-444d-be98-cf516aa1bd53 13ba96f1a3274af98956e685fbfc2718 f768610ab4284f2c8b518fe79de523d9 - - default default] Volume info retrieved successfully.
2022-08-19 03:45:35.891 20 INFO cinder.volume.api [None req-8baba950-5ced-444d-be98-cf516aa1bd53 13ba96f1a3274af98956e685fbfc2718 f768610ab4284f2c8b518fe79de523d9 - - default default] Get volume image-metadata completed successfully.
2022-08-19 03:45:35.908 20 INFO cinder.volume.api [None req-8baba950-5ced-444d-be98-cf516aa1bd53 13ba96f1a3274af98956e685fbfc2718 f768610ab4284f2c8b518fe79de523d9 - - default default] Delete volume metadata completed successfully.
2022-08-19 03:45:35.909 20 INFO cinder.api.openstack.wsgi [None req-8baba950-5ced-444d-be98-cf516aa1bd53 13ba96f1a3274af98956e685fbfc2718 f768610ab4284f2c8b518fe79de523d9 - - default default] http://[LB_IP_ADDRESS]:8776/v3/f768610ab4284f2c8b518fe79de523d9/volumes/45fcc991-f7a6-448c-ab0d-297be67351c8/action returned with HTTP 200
2022-08-19 03:45:35.923 21 INFO cinder.api.openstack.wsgi [None req-5673bbd0-21d4-4027-8ff1-f276eb697fed 13ba96f1a3274af98956e685fbfc2718 f768610ab4284f2c8b518fe79de523d9 - - default default] POST http://[LB_IP_ADDRESS]:8776/v3/f768610ab4284f2c8b518fe79de523d9/volumes/45fcc991-f7a6-448c-ab0d-297be67351c8/action
2022-08-19 03:45:35.941 21 INFO cinder.volume.api [None req-5673bbd0-21d4-4027-8ff1-f276eb697fed 13ba96f1a3274af98956e685fbfc2718 f768610ab4284f2c8b518fe79de523d9 - - default default] Volume info retrieved successfully.
2022-08-19 03:45:35.950 21 INFO cinder.volume.api [None req-5673bbd0-21d4-4027-8ff1-f276eb697fed 13ba96f1a3274af98956e685fbfc2718 f768610ab4284f2c8b518fe79de523d9 - - default default] Get volume image-metadata completed successfully.
2022-08-19 03:45:35.950 21 INFO cinder.api.openstack.wsgi [None req-5673bbd0-21d4-4027-8ff1-f276eb697fed 13ba96f1a3274af98956e685fbfc2718 f768610ab4284f2c8b518fe79de523d9 - - default default] http://[LB_IP_ADDRESS]:8776/v3/f768610ab4284f2c8b518fe79de523d9/volumes/45fcc991-f7a6-448c-ab0d-297be67351c8/action returned with HTTP 200
2022-08-19 03:45:35.969 23 INFO cinder.api.openstack.wsgi [None req-e1768e7a-3454-4d2b-8b61-d399139a0933 13ba96f1a3274af98956e685fbfc2718 f768610ab4284f2c8b518fe79de523d9 - - default default] DELETE http://[LB_IP_ADDRESS]:8776/v3/f768610ab4284f2c8b518fe79de523d9/volumes/45fcc991-f7a6-448c-ab0d-297be67351c8
2022-08-19 03:45:35.970 23 INFO cinder.api.v3.volumes [None req-e1768e7a-3454-4d2b-8b61-d399139a0933 13ba96f1a3274af98956e685fbfc2718 f768610ab4284f2c8b518fe79de523d9 - - default default] Delete volume with id: 45fcc991-f7a6-448c-ab0d-297be67351c8 
2022-08-19 03:45:35.989 23 INFO cinder.volume.api [None req-e1768e7a-3454-4d2b-8b61-d399139a0933 13ba96f1a3274af98956e685fbfc2718 f768610ab4284f2c8b518fe79de523d9 - - default default] Volume info retrieved successfully.
2022-08-19 03:45:36.021 23 INFO cinder.volume.api [None req-e1768e7a-3454-4d2b-8b61-d399139a0933 13ba96f1a3274af98956e685fbfc2718 f768610ab4284f2c8b518fe79de523d9 - - default default] Delete volume request issued successfully.
2022-08-19 03:45:36.022 23 INFO cinder.api.openstack.wsgi [None req-e1768e7a-3454-4d2b-8b61-d399139a0933 13ba96f1a3274af98956e685fbfc2718 f768610ab4284f2c8b518fe79de523d9 - - default default] http://[LB_IP_ADDRESS]:8776/v3/f768610ab4284f2c8b518fe79de523d9/volumes/45fcc991-f7a6-448c-ab0d-297be67351c8 returned with HTTP 202
2022-08-19 03:45:36.034 22 INFO cinder.api.openstack.wsgi [None req-e1c04861-197a-440d-8bdc-668219f86a33 13ba96f1a3274af98956e685fbfc2718 f768610ab4284f2c8b518fe79de523d9 - - default default] GET http://[LB_IP_ADDRESS]:8776/v3/f768610ab4284f2c8b518fe79de523d9/volumes/45fcc991-f7a6-448c-ab0d-297be67351c8
2022-08-19 03:45:36.057 22 INFO cinder.volume.api [None req-e1c04861-197a-440d-8bdc-668219f86a33 13ba96f1a3274af98956e685fbfc2718 f768610ab4284f2c8b518fe79de523d9 - - default default] Volume info retrieved successfully.
2022-08-19 03:45:36.066 22 INFO cinder.api.openstack.wsgi [None req-e1c04861-197a-440d-8bdc-668219f86a33 13ba96f1a3274af98956e685fbfc2718 f768610ab4284f2c8b518fe79de523d9 - - default default] http://[LB_IP_ADDRESS]:8776/v3/f768610ab4284f2c8b518fe79de523d9/volumes/45fcc991-f7a6-448c-ab0d-297be67351c8 returned with HTTP 200
2022-08-19 03:45:37.089 19 INFO cinder.api.openstack.wsgi [None req-5a378d9d-a59d-4f45-9c2f-46c349dccd82 13ba96f1a3274af98956e685fbfc2718 f768610ab4284f2c8b518fe79de523d9 - - default default] GET http://[LB_IP_ADDRESS]:8776/v3/f768610ab4284f2c8b518fe79de523d9/volumes/45fcc991-f7a6-448c-ab0d-297be67351c8
2022-08-19 03:45:37.103 19 INFO cinder.api.openstack.wsgi [None req-5a378d9d-a59d-4f45-9c2f-46c349dccd82 13ba96f1a3274af98956e685fbfc2718 f768610ab4284f2c8b518fe79de523d9 - - default default] http://[LB_IP_ADDRESS]:8776/v3/f768610ab4284f2c8b518fe79de523d9/volumes/45fcc991-f7a6-448c-ab0d-297be67351c8 returned with HTTP 404
2022-08-19 03:45:39.803 20 INFO cinder.api.openstack.wsgi [None req-d9ca9024-442e-4215-9660-fcb8d6e4a1c0 8dea93f584164cd9ad1b62a234dcb5be b882bff32fe34de2809579ece4a80fd3 - - default default] POST http://[LB_IP_ADDRESS]:8776/v3/b882bff32fe34de2809579ece4a80fd3/volumes
2022-08-19 03:45:39.807 20 INFO cinder.api.v3.volumes [None req-d9ca9024-442e-4215-9660-fcb8d6e4a1c0 8dea93f584164cd9ad1b62a234dcb5be b882bff32fe34de2809579ece4a80fd3 - - default default] Create volume of 1 GB
2022-08-19 03:45:39.819 20 INFO cinder.volume.api [None req-d9ca9024-442e-4215-9660-fcb8d6e4a1c0 8dea93f584164cd9ad1b62a234dcb5be b882bff32fe34de2809579ece4a80fd3 - - default default] Availability Zones retrieved successfully.
2022-08-19 03:45:40.103 20 INFO cinder.volume.api [None req-d9ca9024-442e-4215-9660-fcb8d6e4a1c0 8dea93f584164cd9ad1b62a234dcb5be b882bff32fe34de2809579ece4a80fd3 - - default default] Create volume request issued successfully.
2022-08-19 03:45:40.104 20 INFO cinder.api.openstack.wsgi [None req-d9ca9024-442e-4215-9660-fcb8d6e4a1c0 8dea93f584164cd9ad1b62a234dcb5be b882bff32fe34de2809579ece4a80fd3 - - default default] http://[LB_IP_ADDRESS]:8776/v3/b882bff32fe34de2809579ece4a80fd3/volumes returned with HTTP 202
2022-08-19 03:45:40.124 21 INFO cinder.api.openstack.wsgi [None req-4cf007e4-7032-4a2f-a256-9894e23f9fcc 8dea93f584164cd9ad1b62a234dcb5be b882bff32fe34de2809579ece4a80fd3 - - default default] GET http://[LB_IP_ADDRESS]:8776/v3/b882bff32fe34de2809579ece4a80fd3/volumes/cf120168-6135-4e98-8e7e-2cf795c68acc
2022-08-19 03:45:40.150 21 INFO cinder.volume.api [None req-4cf007e4-7032-4a2f-a256-9894e23f9fcc 8dea93f584164cd9ad1b62a234dcb5be b882bff32fe34de2809579ece4a80fd3 - - default default] Volume info retrieved successfully.
2022-08-19 03:45:40.157 21 INFO cinder.api.openstack.wsgi [None req-4cf007e4-7032-4a2f-a256-9894e23f9fcc 8dea93f584164cd9ad1b62a234dcb5be b882bff32fe34de2809579ece4a80fd3 - - default default] http://[LB_IP_ADDRESS]:8776/v3/b882bff32fe34de2809579ece4a80fd3/volumes/cf120168-6135-4e98-8e7e-2cf795c68acc returned with HTTP 200
2022-08-19 03:45:41.180 23 INFO cinder.api.openstack.wsgi [None req-ebd81672-344a-4fcf-961a-6b4d70f110ec 8dea93f584164cd9ad1b62a234dcb5be b882bff32fe34de2809579ece4a80fd3 - - default default] GET http://[LB_IP_ADDRESS]:8776/v3/b882bff32fe34de2809579ece4a80fd3/volumes/cf120168-6135-4e98-8e7e-2cf795c68acc
2022-08-19 03:45:41.207 23 INFO cinder.volume.api [None req-ebd81672-344a-4fcf-961a-6b4d70f110ec 8dea93f584164cd9ad1b62a234dcb5be b882bff32fe34de2809579ece4a80fd3 - - default default] Volume info retrieved successfully.
2022-08-19 03:45:41.215 23 INFO cinder.api.openstack.wsgi [None req-ebd81672-344a-4fcf-961a-6b4d70f110ec 8dea93f584164cd9ad1b62a234dcb5be b882bff32fe34de2809579ece4a80fd3 - - default default] http://[LB_IP_ADDRESS]:8776/v3/b882bff32fe34de2809579ece4a80fd3/volumes/cf120168-6135-4e98-8e7e-2cf795c68acc returned with HTTP 200
2022-08-19 03:45:42.237 22 INFO cinder.api.openstack.wsgi [None req-e18731bc-82ef-4b67-bfe9-da8dd92b29a0 8dea93f584164cd9ad1b62a234dcb5be b882bff32fe34de2809579ece4a80fd3 - - default default] GET http://[LB_IP_ADDRESS]:8776/v3/b882bff32fe34de2809579ece4a80fd3/volumes/cf120168-6135-4e98-8e7e-2cf795c68acc
2022-08-19 03:45:42.280 22 INFO cinder.volume.api [None req-e18731bc-82ef-4b67-bfe9-da8dd92b29a0 8dea93f584164cd9ad1b62a234dcb5be b882bff32fe34de2809579ece4a80fd3 - - default default] Volume info retrieved successfully.
2022-08-19 03:45:42.294 22 INFO cinder.api.openstack.wsgi [None req-e18731bc-82ef-4b67-bfe9-da8dd92b29a0 8dea93f584164cd9ad1b62a234dcb5be b882bff32fe34de2809579ece4a80fd3 - - default default] http://[LB_IP_ADDRESS]:8776/v3/b882bff32fe34de2809579ece4a80fd3/volumes/cf120168-6135-4e98-8e7e-2cf795c68acc returned with HTTP 200
2022-08-19 03:45:42.316 19 INFO cinder.api.openstack.wsgi [None req-9995d72b-16b6-43e6-8213-27e7de2093e5 8dea93f584164cd9ad1b62a234dcb5be b882bff32fe34de2809579ece4a80fd3 - - default default] POST http://[LB_IP_ADDRESS]:8776/v3/b882bff32fe34de2809579ece4a80fd3/snapshots
2022-08-19 03:45:42.336 19 INFO cinder.volume.api [None req-9995d72b-16b6-43e6-8213-27e7de2093e5 8dea93f584164cd9ad1b62a234dcb5be b882bff32fe34de2809579ece4a80fd3 - - default default] Volume info retrieved successfully.
2022-08-19 03:45:42.336 19 INFO cinder.api.v3.snapshots [None req-9995d72b-16b6-43e6-8213-27e7de2093e5 8dea93f584164cd9ad1b62a234dcb5be b882bff32fe34de2809579ece4a80fd3 - - default default] Create snapshot from volume cf120168-6135-4e98-8e7e-2cf795c68acc
2022-08-19 03:45:42.473 19 INFO cinder.volume.api [None req-9995d72b-16b6-43e6-8213-27e7de2093e5 8dea93f584164cd9ad1b62a234dcb5be b882bff32fe34de2809579ece4a80fd3 - - default default] Snapshot create request issued successfully.
2022-08-19 03:45:42.475 19 INFO cinder.api.openstack.wsgi [None req-9995d72b-16b6-43e6-8213-27e7de2093e5 8dea93f584164cd9ad1b62a234dcb5be b882bff32fe34de2809579ece4a80fd3 - - default default] http://[LB_IP_ADDRESS]:8776/v3/b882bff32fe34de2809579ece4a80fd3/snapshots returned with HTTP 202
2022-08-19 03:45:42.492 20 INFO cinder.api.openstack.wsgi [None req-8e098a78-58c1-4157-a354-903f47acbac6 8dea93f584164cd9ad1b62a234dcb5be b882bff32fe34de2809579ece4a80fd3 - - default default] GET http://[LB_IP_ADDRESS]:8776/v3/b882bff32fe34de2809579ece4a80fd3/snapshots/8e40a0db-14c1-4193-8461-39deaaec7d31
2022-08-19 03:45:42.504 20 INFO cinder.volume.api [None req-8e098a78-58c1-4157-a354-903f47acbac6 8dea93f584164cd9ad1b62a234dcb5be b882bff32fe34de2809579ece4a80fd3 - - default default] Snapshot retrieved successfully.
2022-08-19 03:45:42.506 20 INFO cinder.api.openstack.wsgi [None req-8e098a78-58c1-4157-a354-903f47acbac6 8dea93f584164cd9ad1b62a234dcb5be b882bff32fe34de2809579ece4a80fd3 - - default default] http://[LB_IP_ADDRESS]:8776/v3/b882bff32fe34de2809579ece4a80fd3/snapshots/8e40a0db-14c1-4193-8461-39deaaec7d31 returned with HTTP 200
2022-08-19 03:45:42.841 21 INFO cinder.api.openstack.wsgi [None req-c8ef6fac-539a-4fc8-8896-3729dd52f150 7c6137e5e1e6492e8b118242863f17a5 fbb0321bbee3475b9bf28f0a0defeba9 - - default default] POST http://[LB_IP_ADDRESS]:8776/v3/fbb0321bbee3475b9bf28f0a0defeba9/volumes
2022-08-19 03:45:42.928 21 INFO cinder.api.v3.volumes [None req-c8ef6fac-539a-4fc8-8896-3729dd52f150 7c6137e5e1e6492e8b118242863f17a5 fbb0321bbee3475b9bf28f0a0defeba9 - - default default] Create volume of 1 GB
2022-08-19 03:45:42.938 21 INFO cinder.volume.api [None req-c8ef6fac-539a-4fc8-8896-3729dd52f150 7c6137e5e1e6492e8b118242863f17a5 fbb0321bbee3475b9bf28f0a0defeba9 - - default default] Availability Zones retrieved successfully.
2022-08-19 03:45:43.179 21 INFO cinder.volume.api [None req-c8ef6fac-539a-4fc8-8896-3729dd52f150 7c6137e5e1e6492e8b118242863f17a5 fbb0321bbee3475b9bf28f0a0defeba9 - - default default] Create volume request issued successfully.
2022-08-19 03:45:43.181 21 INFO cinder.api.openstack.wsgi [None req-c8ef6fac-539a-4fc8-8896-3729dd52f150 7c6137e5e1e6492e8b118242863f17a5 fbb0321bbee3475b9bf28f0a0defeba9 - - default default] http://[LB_IP_ADDRESS]:8776/v3/fbb0321bbee3475b9bf28f0a0defeba9/volumes returned with HTTP 202
2022-08-19 03:45:43.205 23 INFO cinder.api.openstack.wsgi [None req-07b698fb-8967-496c-8b8c-7bab2c1d1180 7c6137e5e1e6492e8b118242863f17a5 fbb0321bbee3475b9bf28f0a0defeba9 - - default default] GET http://[LB_IP_ADDRESS]:8776/v3/fbb0321bbee3475b9bf28f0a0defeba9/volumes/6fde5c93-df45-4641-81aa-1c7752ec7339
2022-08-19 03:45:43.227 23 INFO cinder.volume.api [None req-07b698fb-8967-496c-8b8c-7bab2c1d1180 7c6137e5e1e6492e8b118242863f17a5 fbb0321bbee3475b9bf28f0a0defeba9 - - default default] Volume info retrieved successfully.
2022-08-19 03:45:43.235 23 INFO cinder.api.openstack.wsgi [None req-07b698fb-8967-496c-8b8c-7bab2c1d1180 7c6137e5e1e6492e8b118242863f17a5 fbb0321bbee3475b9bf28f0a0defeba9 - - default default] http://[LB_IP_ADDRESS]:8776/v3/fbb0321bbee3475b9bf28f0a0defeba9/volumes/6fde5c93-df45-4641-81aa-1c7752ec7339 returned with HTTP 200
2022-08-19 03:45:43.527 22 INFO cinder.api.openstack.wsgi [None req-a41262a4-ae5c-409a-bfaa-88e48ef3076e 8dea93f584164cd9ad1b62a234dcb5be b882bff32fe34de2809579ece4a80fd3 - - default default] GET http://[LB_IP_ADDRESS]:8776/v3/b882bff32fe34de2809579ece4a80fd3/snapshots/8e40a0db-14c1-4193-8461-39deaaec7d31
2022-08-19 03:45:43.540 22 INFO cinder.volume.api [None req-a41262a4-ae5c-409a-bfaa-88e48ef3076e 8dea93f584164cd9ad1b62a234dcb5be b882bff32fe34de2809579ece4a80fd3 - - default default] Snapshot retrieved successfully.
2022-08-19 03:45:43.542 22 INFO cinder.api.openstack.wsgi [None req-a41262a4-ae5c-409a-bfaa-88e48ef3076e 8dea93f584164cd9ad1b62a234dcb5be b882bff32fe34de2809579ece4a80fd3 - - default default] http://[LB_IP_ADDRESS]:8776/v3/b882bff32fe34de2809579ece4a80fd3/snapshots/8e40a0db-14c1-4193-8461-39deaaec7d31 returned with HTTP 200
2022-08-19 03:45:44.258 19 INFO cinder.api.openstack.wsgi [None req-a814164c-4dc5-4319-9094-64461a90bd73 7c6137e5e1e6492e8b118242863f17a5 fbb0321bbee3475b9bf28f0a0defeba9 - - default default] GET http://[LB_IP_ADDRESS]:8776/v3/fbb0321bbee3475b9bf28f0a0defeba9/volumes/6fde5c93-df45-4641-81aa-1c7752ec7339
2022-08-19 03:45:44.287 19 INFO cinder.volume.api [None req-a814164c-4dc5-4319-9094-64461a90bd73 7c6137e5e1e6492e8b118242863f17a5 fbb0321bbee3475b9bf28f0a0defeba9 - - default default] Volume info retrieved successfully.
2022-08-19 03:45:44.299 19 INFO cinder.api.openstack.wsgi [None req-a814164c-4dc5-4319-9094-64461a90bd73 7c6137e5e1e6492e8b118242863f17a5 fbb0321bbee3475b9bf28f0a0defeba9 - - default default] http://[LB_IP_ADDRESS]:8776/v3/fbb0321bbee3475b9bf28f0a0defeba9/volumes/6fde5c93-df45-4641-81aa-1c7752ec7339 returned with HTTP 200
2022-08-19 03:45:44.408 20 INFO cinder.api.openstack.wsgi [None req-bdaf96ad-3b7b-4787-a544-c5383df29258 - - - - - -] GET http://[LB_IP_ADDRESS]:8776/
2022-08-19 03:45:44.410 20 INFO cinder.api.openstack.wsgi [None req-bdaf96ad-3b7b-4787-a544-c5383df29258 - - - - - -] http://[LB_IP_ADDRESS]:8776/ returned with HTTP 300
2022-08-19 03:45:44.560 21 INFO cinder.api.openstack.wsgi [None req-5f2afa70-3fb9-4564-836f-5ce516340712 8dea93f584164cd9ad1b62a234dcb5be b882bff32fe34de2809579ece4a80fd3 - - default default] GET http://[LB_IP_ADDRESS]:8776/v3/b882bff32fe34de2809579ece4a80fd3/snapshots/8e40a0db-14c1-4193-8461-39deaaec7d31
2022-08-19 03:45:44.574 21 INFO cinder.volume.api [None req-5f2afa70-3fb9-4564-836f-5ce516340712 8dea93f584164cd9ad1b62a234dcb5be b882bff32fe34de2809579ece4a80fd3 - - default default] Snapshot retrieved successfully.
2022-08-19 03:45:44.575 21 INFO cinder.api.openstack.wsgi [None req-5f2afa70-3fb9-4564-836f-5ce516340712 8dea93f584164cd9ad1b62a234dcb5be b882bff32fe34de2809579ece4a80fd3 - - default default] http://[LB_IP_ADDRESS]:8776/v3/b882bff32fe34de2809579ece4a80fd3/snapshots/8e40a0db-14c1-4193-8461-39deaaec7d31 returned with HTTP 200
2022-08-19 03:45:44.591 23 INFO cinder.api.openstack.wsgi [None req-4b6f5ca3-2727-4e0a-be5b-9f1fa4231caa 8dea93f584164cd9ad1b62a234dcb5be b882bff32fe34de2809579ece4a80fd3 - - default default] POST http://[LB_IP_ADDRESS]:8776/v3/b882bff32fe34de2809579ece4a80fd3/snapshots/8e40a0db-14c1-4193-8461-39deaaec7d31/metadata
2022-08-19 03:45:44.604 23 INFO cinder.volume.api [None req-4b6f5ca3-2727-4e0a-be5b-9f1fa4231caa 8dea93f584164cd9ad1b62a234dcb5be b882bff32fe34de2809579ece4a80fd3 - - default default] Snapshot retrieved successfully.
2022-08-19 03:45:44.630 23 INFO cinder.volume.api [None req-4b6f5ca3-2727-4e0a-be5b-9f1fa4231caa 8dea93f584164cd9ad1b62a234dcb5be b882bff32fe34de2809579ece4a80fd3 - - default default] Update snapshot metadata completed successfully.
2022-08-19 03:45:44.631 23 INFO cinder.api.openstack.wsgi [None req-4b6f5ca3-2727-4e0a-be5b-9f1fa4231caa 8dea93f584164cd9ad1b62a234dcb5be b882bff32fe34de2809579ece4a80fd3 - - default default] http://[LB_IP_ADDRESS]:8776/v3/b882bff32fe34de2809579ece4a80fd3/snapshots/8e40a0db-14c1-4193-8461-39deaaec7d31/metadata returned with HTTP 200
2022-08-19 03:45:44.646 22 INFO cinder.api.openstack.wsgi [None req-8816e650-e904-4848-8caa-1cf85951de22 8dea93f584164cd9ad1b62a234dcb5be b882bff32fe34de2809579ece4a80fd3 - - default default] GET http://[LB_IP_ADDRESS]:8776/v3/b882bff32fe34de2809579ece4a80fd3/snapshots/8e40a0db-14c1-4193-8461-39deaaec7d31/metadata
2022-08-19 03:45:44.661 22 INFO cinder.volume.api [None req-8816e650-e904-4848-8caa-1cf85951de22 8dea93f584164cd9ad1b62a234dcb5be b882bff32fe34de2809579ece4a80fd3 - - default default] Snapshot retrieved successfully.
2022-08-19 03:45:44.664 22 INFO cinder.volume.api [None req-8816e650-e904-4848-8caa-1cf85951de22 8dea93f584164cd9ad1b62a234dcb5be b882bff32fe34de2809579ece4a80fd3 - - default default] Get snapshot metadata completed successfully.
2022-08-19 03:45:44.664 22 INFO cinder.api.openstack.wsgi [None req-8816e650-e904-4848-8caa-1cf85951de22 8dea93f584164cd9ad1b62a234dcb5be b882bff32fe34de2809579ece4a80fd3 - - default default] http://[LB_IP_ADDRESS]:8776/v3/b882bff32fe34de2809579ece4a80fd3/snapshots/8e40a0db-14c1-4193-8461-39deaaec7d31/metadata returned with HTTP 200
2022-08-19 03:45:44.679 19 INFO cinder.api.openstack.wsgi [None req-d4405fd1-8230-48f3-bf82-d61428c931f0 8dea93f584164cd9ad1b62a234dcb5be b882bff32fe34de2809579ece4a80fd3 - - default default] PUT http://[LB_IP_ADDRESS]:8776/v3/b882bff32fe34de2809579ece4a80fd3/snapshots/8e40a0db-14c1-4193-8461-39deaaec7d31/metadata
2022-08-19 03:45:44.694 19 INFO cinder.volume.api [None req-d4405fd1-8230-48f3-bf82-d61428c931f0 8dea93f584164cd9ad1b62a234dcb5be b882bff32fe34de2809579ece4a80fd3 - - default default] Snapshot retrieved successfully.
2022-08-19 03:45:44.718 19 INFO cinder.volume.api [None req-d4405fd1-8230-48f3-bf82-d61428c931f0 8dea93f584164cd9ad1b62a234dcb5be b882bff32fe34de2809579ece4a80fd3 - - default default] Update snapshot metadata completed successfully.
2022-08-19 03:45:44.719 19 INFO cinder.api.openstack.wsgi [None req-d4405fd1-8230-48f3-bf82-d61428c931f0 8dea93f584164cd9ad1b62a234dcb5be b882bff32fe34de2809579ece4a80fd3 - - default default] http://[LB_IP_ADDRESS]:8776/v3/b882bff32fe34de2809579ece4a80fd3/snapshots/8e40a0db-14c1-4193-8461-39deaaec7d31/metadata returned with HTTP 200
2022-08-19 03:45:44.732 20 INFO cinder.api.openstack.wsgi [None req-9d17505c-1b71-47e9-86d3-c5948eccf6bd 8dea93f584164cd9ad1b62a234dcb5be b882bff32fe34de2809579ece4a80fd3 - - default default] GET http://[LB_IP_ADDRESS]:8776/v3/b882bff32fe34de2809579ece4a80fd3/snapshots/8e40a0db-14c1-4193-8461-39deaaec7d31/metadata
2022-08-19 03:45:44.746 20 INFO cinder.volume.api [None req-9d17505c-1b71-47e9-86d3-c5948eccf6bd 8dea93f584164cd9ad1b62a234dcb5be b882bff32fe34de2809579ece4a80fd3 - - default default] Snapshot retrieved successfully.
2022-08-19 03:45:44.748 20 INFO cinder.volume.api [None req-9d17505c-1b71-47e9-86d3-c5948eccf6bd 8dea93f584164cd9ad1b62a234dcb5be b882bff32fe34de2809579ece4a80fd3 - - default default] Get snapshot metadata completed successfully.
