2026-02-02 11:11:16.688 74 INFO cinder.api.openstack.wsgi [None req-33e934ac-3b6d-46a3-8221-648f8d47c9e1 d1fc11b198fd4b9ea7a08ec3969eb5bc dcf49780566f49bca985523635dc9f67 - - default default] GET http://[LB_IP_ADDRESS]:8776/v3/dcf49780566f49bca985523635dc9f67/group_snapshots/f6a296f1-e57f-4155-b76f-dc9e795831a1
2026-02-02 11:11:16.694 74 INFO cinder.api.openstack.wsgi [None req-33e934ac-3b6d-46a3-8221-648f8d47c9e1 d1fc11b198fd4b9ea7a08ec3969eb5bc dcf49780566f49bca985523635dc9f67 - - default default] http://[LB_IP_ADDRESS]:8776/v3/dcf49780566f49bca985523635dc9f67/group_snapshots/f6a296f1-e57f-4155-b76f-dc9e795831a1 returned with HTTP 404
2026-02-02 11:11:16.706 76 INFO cinder.api.openstack.wsgi [None req-013b8489-5d85-43fb-b43e-061a2bdf552b d1fc11b198fd4b9ea7a08ec3969eb5bc dcf49780566f49bca985523635dc9f67 - - default default] GET http://[LB_IP_ADDRESS]:8776/v3/dcf49780566f49bca985523635dc9f67/group_snapshots
2026-02-02 11:11:16.712 76 INFO cinder.api.openstack.wsgi [None req-013b8489-5d85-43fb-b43e-061a2bdf552b d1fc11b198fd4b9ea7a08ec3969eb5bc dcf49780566f49bca985523635dc9f67 - - default default] http://[LB_IP_ADDRESS]:8776/v3/dcf49780566f49bca985523635dc9f67/group_snapshots returned with HTTP 200
2026-02-02 11:11:16.724 73 INFO cinder.api.openstack.wsgi [None req-c536f67a-a0d7-42be-9e93-49d40a4ecc07 d1fc11b198fd4b9ea7a08ec3969eb5bc dcf49780566f49bca985523635dc9f67 - - default default] DELETE http://[LB_IP_ADDRESS]:8776/v3/dcf49780566f49bca985523635dc9f67/group_snapshots/f6a296f1-e57f-4155-b76f-dc9e795831a1
2026-02-02 11:11:16.725 73 INFO cinder.api.v3.group_snapshots [None req-c536f67a-a0d7-42be-9e93-49d40a4ecc07 d1fc11b198fd4b9ea7a08ec3969eb5bc dcf49780566f49bca985523635dc9f67 - - default default] Delete group_snapshot with id: f6a296f1-e57f-4155-b76f-dc9e795831a1
2026-02-02 11:11:16.728 73 INFO cinder.api.openstack.wsgi [None req-c536f67a-a0d7-42be-9e93-49d40a4ecc07 d1fc11b198fd4b9ea7a08ec3969eb5bc dcf49780566f49bca985523635dc9f67 - - default default] http://[LB_IP_ADDRESS]:8776/v3/dcf49780566f49bca985523635dc9f67/group_snapshots/f6a296f1-e57f-4155-b76f-dc9e795831a1 returned with HTTP 404
2026-02-02 11:11:16.740 72 INFO cinder.api.openstack.wsgi [None req-bf69b245-4df8-4df9-8495-92560a3dae31 d1fc11b198fd4b9ea7a08ec3969eb5bc dcf49780566f49bca985523635dc9f67 - - default default] GET http://[LB_IP_ADDRESS]:8776/v3/dcf49780566f49bca985523635dc9f67/volumes/detail
2026-02-02 11:11:16.757 72 INFO cinder.volume.api [None req-bf69b245-4df8-4df9-8495-92560a3dae31 d1fc11b198fd4b9ea7a08ec3969eb5bc dcf49780566f49bca985523635dc9f67 - - default default] Get all volumes completed successfully.
2026-02-02 11:11:16.780 72 INFO cinder.api.openstack.wsgi [None req-bf69b245-4df8-4df9-8495-92560a3dae31 d1fc11b198fd4b9ea7a08ec3969eb5bc dcf49780566f49bca985523635dc9f67 - - default default] http://[LB_IP_ADDRESS]:8776/v3/dcf49780566f49bca985523635dc9f67/volumes/detail returned with HTTP 200
2026-02-02 11:11:16.800 75 INFO cinder.api.openstack.wsgi [None req-657e83f9-e4bb-403d-bdf4-2c0b0f40129b d1fc11b198fd4b9ea7a08ec3969eb5bc dcf49780566f49bca985523635dc9f67 - - default default] POST http://[LB_IP_ADDRESS]:8776/v3/dcf49780566f49bca985523635dc9f67/groups/80c761ed-00d7-415b-a9ff-8865321dba6d/action
2026-02-02 11:11:16.804 75 INFO cinder.api.v3.groups [None req-657e83f9-e4bb-403d-bdf4-2c0b0f40129b d1fc11b198fd4b9ea7a08ec3969eb5bc dcf49780566f49bca985523635dc9f67 - - default default] Delete group with id: 80c761ed-00d7-415b-a9ff-8865321dba6d
2026-02-02 11:11:16.851 75 INFO cinder.api.openstack.wsgi [None req-657e83f9-e4bb-403d-bdf4-2c0b0f40129b d1fc11b198fd4b9ea7a08ec3969eb5bc dcf49780566f49bca985523635dc9f67 - - default default] http://[LB_IP_ADDRESS]:8776/v3/dcf49780566f49bca985523635dc9f67/groups/80c761ed-00d7-415b-a9ff-8865321dba6d/action returned with HTTP 202
2026-02-02 11:11:16.860 74 INFO cinder.api.openstack.wsgi [None req-0ed5ad09-ed19-4cc3-9b4f-16a1fe594eb0 d1fc11b198fd4b9ea7a08ec3969eb5bc dcf49780566f49bca985523635dc9f67 - - default default] GET http://[LB_IP_ADDRESS]:8776/v3/dcf49780566f49bca985523635dc9f67/volumes/57ecde5e-1230-47f5-9b99-9df365f40513
2026-02-02 11:11:16.876 74 INFO cinder.volume.api [None req-0ed5ad09-ed19-4cc3-9b4f-16a1fe594eb0 d1fc11b198fd4b9ea7a08ec3969eb5bc dcf49780566f49bca985523635dc9f67 - - default default] Volume info retrieved successfully.
2026-02-02 11:11:16.897 74 INFO cinder.api.openstack.wsgi [None req-0ed5ad09-ed19-4cc3-9b4f-16a1fe594eb0 d1fc11b198fd4b9ea7a08ec3969eb5bc dcf49780566f49bca985523635dc9f67 - - default default] http://[LB_IP_ADDRESS]:8776/v3/dcf49780566f49bca985523635dc9f67/volumes/57ecde5e-1230-47f5-9b99-9df365f40513 returned with HTTP 200
2026-02-02 11:11:17.153 76 INFO cinder.api.openstack.wsgi [None req-f0091575-cd70-4478-bc9d-922605195d06 1509ea3bef864c56965a2a2a7c324620 cc834ce39f94465f93825b08f25f270a - - default default] GET http://[LB_IP_ADDRESS]:8776/v3/cc834ce39f94465f93825b08f25f270a/volumes/f31c756a-0785-4d51-a779-c9694dfe61d3
2026-02-02 11:11:17.170 76 INFO cinder.volume.api [None req-f0091575-cd70-4478-bc9d-922605195d06 1509ea3bef864c56965a2a2a7c324620 cc834ce39f94465f93825b08f25f270a - - default default] Volume info retrieved successfully.
2026-02-02 11:11:17.175 76 INFO cinder.api.openstack.wsgi [None req-f0091575-cd70-4478-bc9d-922605195d06 1509ea3bef864c56965a2a2a7c324620 cc834ce39f94465f93825b08f25f270a - - default default] http://[LB_IP_ADDRESS]:8776/v3/cc834ce39f94465f93825b08f25f270a/volumes/f31c756a-0785-4d51-a779-c9694dfe61d3 returned with HTTP 200
2026-02-02 11:11:17.198 73 INFO cinder.api.openstack.wsgi [None req-b118e115-c82e-4afe-8ddd-493ed97be07a 282006289974444a92c7e394be3d4251 13d41ba7d055460f95642b1e03a3faf2 - - default default] GET http://[LB_IP_ADDRESS]:8776/v3/13d41ba7d055460f95642b1e03a3faf2/os-quota-sets/cc834ce39f94465f93825b08f25f270a?usage=True
2026-02-02 11:11:17.460 73 INFO cinder.api.openstack.wsgi [None req-b118e115-c82e-4afe-8ddd-493ed97be07a 282006289974444a92c7e394be3d4251 13d41ba7d055460f95642b1e03a3faf2 - - default default] http://[LB_IP_ADDRESS]:8776/v3/13d41ba7d055460f95642b1e03a3faf2/os-quota-sets/cc834ce39f94465f93825b08f25f270a?usage=True returned with HTTP 200
2026-02-02 11:11:17.480 72 INFO cinder.api.openstack.wsgi [None req-60581b71-2269-4cd8-b876-828b6d3c25cd 282006289974444a92c7e394be3d4251 13d41ba7d055460f95642b1e03a3faf2 - - default default] GET http://[LB_IP_ADDRESS]:8776/v3/13d41ba7d055460f95642b1e03a3faf2/os-quota-sets/2507cc090b1f4377919cb6ed3ec149b3?usage=True
2026-02-02 11:11:17.920 75 INFO cinder.api.openstack.wsgi [None req-d03047c2-6f5c-46e6-9f9c-55c1081d661d d1fc11b198fd4b9ea7a08ec3969eb5bc dcf49780566f49bca985523635dc9f67 - - default default] GET http://[LB_IP_ADDRESS]:8776/v3/dcf49780566f49bca985523635dc9f67/volumes/57ecde5e-1230-47f5-9b99-9df365f40513
2026-02-02 11:11:17.936 75 INFO cinder.api.openstack.wsgi [None req-d03047c2-6f5c-46e6-9f9c-55c1081d661d d1fc11b198fd4b9ea7a08ec3969eb5bc dcf49780566f49bca985523635dc9f67 - - default default] http://[LB_IP_ADDRESS]:8776/v3/dcf49780566f49bca985523635dc9f67/volumes/57ecde5e-1230-47f5-9b99-9df365f40513 returned with HTTP 404
2026-02-02 11:11:17.950 74 INFO cinder.api.openstack.wsgi [None req-66cf73b4-2b39-4b6c-bdd3-33987821f001 d1fc11b198fd4b9ea7a08ec3969eb5bc dcf49780566f49bca985523635dc9f67 - - default default] GET http://[LB_IP_ADDRESS]:8776/v3/dcf49780566f49bca985523635dc9f67/groups/80c761ed-00d7-415b-a9ff-8865321dba6d
2026-02-02 11:11:17.955 74 INFO cinder.api.openstack.wsgi [None req-66cf73b4-2b39-4b6c-bdd3-33987821f001 d1fc11b198fd4b9ea7a08ec3969eb5bc dcf49780566f49bca985523635dc9f67 - - default default] http://[LB_IP_ADDRESS]:8776/v3/dcf49780566f49bca985523635dc9f67/groups/80c761ed-00d7-415b-a9ff-8865321dba6d returned with HTTP 404
2026-02-02 11:11:17.967 76 INFO cinder.api.openstack.wsgi [None req-61edd64d-34c2-4bdb-8171-bbf0cb9813ed 07cfae43c3744e9ca000c7eecb531e66 c2bf4a1172b14a669a7cf1faac718a7a - - default default] DELETE http://[LB_IP_ADDRESS]:8776/v3/c2bf4a1172b14a669a7cf1faac718a7a/group_types/f91ab0fe-80fc-4630-a477-c87f0bf1db11
2026-02-02 11:11:17.975 72 INFO cinder.api.openstack.wsgi [None req-60581b71-2269-4cd8-b876-828b6d3c25cd 282006289974444a92c7e394be3d4251 13d41ba7d055460f95642b1e03a3faf2 - - default default] http://[LB_IP_ADDRESS]:8776/v3/13d41ba7d055460f95642b1e03a3faf2/os-quota-sets/2507cc090b1f4377919cb6ed3ec149b3?usage=True returned with HTTP 200
2026-02-02 11:11:17.984 76 INFO cinder.api.openstack.wsgi [None req-61edd64d-34c2-4bdb-8171-bbf0cb9813ed 07cfae43c3744e9ca000c7eecb531e66 c2bf4a1172b14a669a7cf1faac718a7a - - default default] http://[LB_IP_ADDRESS]:8776/v3/c2bf4a1172b14a669a7cf1faac718a7a/group_types/f91ab0fe-80fc-4630-a477-c87f0bf1db11 returned with HTTP 202
2026-02-02 11:11:17.992 75 INFO cinder.api.openstack.wsgi [None req-d359a2df-a6fd-48da-a449-7a2776e9fc90 07cfae43c3744e9ca000c7eecb531e66 c2bf4a1172b14a669a7cf1faac718a7a - - default default] DELETE http://[LB_IP_ADDRESS]:8776/v3/c2bf4a1172b14a669a7cf1faac718a7a/types/8c2658c0-0973-4ce1-96c0-8630f894cd1d
2026-02-02 11:11:17.997 73 INFO cinder.api.openstack.wsgi [None req-58185882-6d47-4e5e-823e-441c500d85a5 1509ea3bef864c56965a2a2a7c324620 cc834ce39f94465f93825b08f25f270a - - default default] POST http://[LB_IP_ADDRESS]:8776/v3/cc834ce39f94465f93825b08f25f270a/os-volume-transfer
2026-02-02 11:11:18.001 73 INFO cinder.api.contrib.volume_transfer [None req-58185882-6d47-4e5e-823e-441c500d85a5 1509ea3bef864c56965a2a2a7c324620 cc834ce39f94465f93825b08f25f270a - - default default] Creating transfer of volume f31c756a-0785-4d51-a779-c9694dfe61d3
2026-02-02 11:11:18.002 73 INFO cinder.transfer.api [None req-58185882-6d47-4e5e-823e-441c500d85a5 1509ea3bef864c56965a2a2a7c324620 cc834ce39f94465f93825b08f25f270a - - default default] Generating transfer record for volume f31c756a-0785-4d51-a779-c9694dfe61d3
2026-02-02 11:11:18.016 73 INFO cinder.api.openstack.wsgi [None req-58185882-6d47-4e5e-823e-441c500d85a5 1509ea3bef864c56965a2a2a7c324620 cc834ce39f94465f93825b08f25f270a - - default default] http://[LB_IP_ADDRESS]:8776/v3/cc834ce39f94465f93825b08f25f270a/os-volume-transfer returned with HTTP 202
2026-02-02 11:11:18.047 75 INFO cinder.api.openstack.wsgi [None req-d359a2df-a6fd-48da-a449-7a2776e9fc90 07cfae43c3744e9ca000c7eecb531e66 c2bf4a1172b14a669a7cf1faac718a7a - - default default] http://[LB_IP_ADDRESS]:8776/v3/c2bf4a1172b14a669a7cf1faac718a7a/types/8c2658c0-0973-4ce1-96c0-8630f894cd1d returned with HTTP 202
2026-02-02 11:11:18.060 72 INFO cinder.api.openstack.wsgi [None req-93671d41-07bf-4da7-9bc7-61a3ccd3984f 07cfae43c3744e9ca000c7eecb531e66 c2bf4a1172b14a669a7cf1faac718a7a - - default default] GET http://[LB_IP_ADDRESS]:8776/v3/c2bf4a1172b14a669a7cf1faac718a7a/types/8c2658c0-0973-4ce1-96c0-8630f894cd1d
2026-02-02 11:11:18.065 72 INFO cinder.api.openstack.wsgi [None req-93671d41-07bf-4da7-9bc7-61a3ccd3984f 07cfae43c3744e9ca000c7eecb531e66 c2bf4a1172b14a669a7cf1faac718a7a - - default default] http://[LB_IP_ADDRESS]:8776/v3/c2bf4a1172b14a669a7cf1faac718a7a/types/8c2658c0-0973-4ce1-96c0-8630f894cd1d returned with HTTP 404
2026-02-02 11:11:18.200 74 INFO cinder.api.openstack.wsgi [None req-4354c39b-9693-4a9e-8007-76fadb31761a 6ab516a0ea084bd5b3c6e0aca1c7d9bb 2507cc090b1f4377919cb6ed3ec149b3 - - default default] POST http://[LB_IP_ADDRESS]:8776/v3/2507cc090b1f4377919cb6ed3ec149b3/os-volume-transfer/a827a88c-90cb-4339-8576-08742a5c4917/accept
2026-02-02 11:11:18.204 74 INFO cinder.api.contrib.volume_transfer [None req-4354c39b-9693-4a9e-8007-76fadb31761a 6ab516a0ea084bd5b3c6e0aca1c7d9bb 2507cc090b1f4377919cb6ed3ec149b3 - - default default] Accepting transfer a827a88c-90cb-4339-8576-08742a5c4917
2026-02-02 11:11:18.804 76 INFO cinder.api.openstack.wsgi [None req-0e9b5933-5a5e-43f9-b9fa-21f68b150cb9 a9d86af243824b30a351de2a9bba5c72 d57aa4339f6c47d0baea2537731ce927 - - default default] GET http://[LB_IP_ADDRESS]:8776/v3/d57aa4339f6c47d0baea2537731ce927/os-hosts
2026-02-02 11:11:18.812 76 INFO cinder.api.openstack.wsgi [None req-0e9b5933-5a5e-43f9-b9fa-21f68b150cb9 a9d86af243824b30a351de2a9bba5c72 d57aa4339f6c47d0baea2537731ce927 - - default default] http://[LB_IP_ADDRESS]:8776/v3/d57aa4339f6c47d0baea2537731ce927/os-hosts returned with HTTP 200
2026-02-02 11:11:18.830 73 INFO cinder.api.openstack.wsgi [None req-a28ccb63-d079-4522-8c94-4e44d8c16d9e a9d86af243824b30a351de2a9bba5c72 d57aa4339f6c47d0baea2537731ce927 - - default default] GET http://[LB_IP_ADDRESS]:8776/v3/d57aa4339f6c47d0baea2537731ce927/os-hosts
2026-02-02 11:11:18.841 73 INFO cinder.api.openstack.wsgi [None req-a28ccb63-d079-4522-8c94-4e44d8c16d9e a9d86af243824b30a351de2a9bba5c72 d57aa4339f6c47d0baea2537731ce927 - - default default] http://[LB_IP_ADDRESS]:8776/v3/d57aa4339f6c47d0baea2537731ce927/os-hosts returned with HTTP 200
2026-02-02 11:11:18.859 75 INFO cinder.api.openstack.wsgi [None req-990c2586-31fb-41c6-a791-af9af2067fe0 a9d86af243824b30a351de2a9bba5c72 d57aa4339f6c47d0baea2537731ce927 - - default default] GET http://[LB_IP_ADDRESS]:8776/v3/d57aa4339f6c47d0baea2537731ce927/os-hosts/rack05-server66@LIGHTOSphszul
2026-02-02 11:11:18.881 75 INFO cinder.api.openstack.wsgi [None req-990c2586-31fb-41c6-a791-af9af2067fe0 a9d86af243824b30a351de2a9bba5c72 d57aa4339f6c47d0baea2537731ce927 - - default default] http://[LB_IP_ADDRESS]:8776/v3/d57aa4339f6c47d0baea2537731ce927/os-hosts/rack05-server66@LIGHTOSphszul returned with HTTP 200
2026-02-02 11:11:19.691 74 INFO cinder.volume.api [None req-4354c39b-9693-4a9e-8007-76fadb31761a 6ab516a0ea084bd5b3c6e0aca1c7d9bb 2507cc090b1f4377919cb6ed3ec149b3 - - default default] Transfer volume completed successfully.
2026-02-02 11:11:19.759 74 INFO cinder.transfer.api [None req-4354c39b-9693-4a9e-8007-76fadb31761a 6ab516a0ea084bd5b3c6e0aca1c7d9bb 2507cc090b1f4377919cb6ed3ec149b3 - - default default] Volume f31c756a-0785-4d51-a779-c9694dfe61d3 has been transferred.
2026-02-02 11:11:19.768 74 INFO cinder.api.openstack.wsgi [None req-4354c39b-9693-4a9e-8007-76fadb31761a 6ab516a0ea084bd5b3c6e0aca1c7d9bb 2507cc090b1f4377919cb6ed3ec149b3 - - default default] http://[LB_IP_ADDRESS]:8776/v3/2507cc090b1f4377919cb6ed3ec149b3/os-volume-transfer/a827a88c-90cb-4339-8576-08742a5c4917/accept returned with HTTP 202
2026-02-02 11:11:19.782 72 INFO cinder.api.openstack.wsgi [None req-0088cfb7-a4ac-48bb-8e11-edfabf23ad53 6ab516a0ea084bd5b3c6e0aca1c7d9bb 2507cc090b1f4377919cb6ed3ec149b3 - - default default] GET http://[LB_IP_ADDRESS]:8776/v3/2507cc090b1f4377919cb6ed3ec149b3/volumes/f31c756a-0785-4d51-a779-c9694dfe61d3
2026-02-02 11:11:19.797 72 INFO cinder.volume.api [None req-0088cfb7-a4ac-48bb-8e11-edfabf23ad53 6ab516a0ea084bd5b3c6e0aca1c7d9bb 2507cc090b1f4377919cb6ed3ec149b3 - - default default] Volume info retrieved successfully.
2026-02-02 11:11:19.802 72 INFO cinder.api.openstack.wsgi [None req-0088cfb7-a4ac-48bb-8e11-edfabf23ad53 6ab516a0ea084bd5b3c6e0aca1c7d9bb 2507cc090b1f4377919cb6ed3ec149b3 - - default default] http://[LB_IP_ADDRESS]:8776/v3/2507cc090b1f4377919cb6ed3ec149b3/volumes/f31c756a-0785-4d51-a779-c9694dfe61d3 returned with HTTP 200
2026-02-02 11:11:19.829 76 INFO cinder.api.openstack.wsgi [None req-e6600c1c-0bca-42c6-adbe-8744011fe67f 282006289974444a92c7e394be3d4251 13d41ba7d055460f95642b1e03a3faf2 - - default default] GET http://[LB_IP_ADDRESS]:8776/v3/13d41ba7d055460f95642b1e03a3faf2/os-quota-sets/cc834ce39f94465f93825b08f25f270a?usage=True
2026-02-02 11:11:20.317 76 INFO cinder.api.openstack.wsgi [None req-e6600c1c-0bca-42c6-adbe-8744011fe67f 282006289974444a92c7e394be3d4251 13d41ba7d055460f95642b1e03a3faf2 - - default default] http://[LB_IP_ADDRESS]:8776/v3/13d41ba7d055460f95642b1e03a3faf2/os-quota-sets/cc834ce39f94465f93825b08f25f270a?usage=True returned with HTTP 200
2026-02-02 11:11:20.337 73 INFO cinder.api.openstack.wsgi [None req-5dc70576-75e8-442c-875b-61010b09a0c4 282006289974444a92c7e394be3d4251 13d41ba7d055460f95642b1e03a3faf2 - - default default] GET http://[LB_IP_ADDRESS]:8776/v3/13d41ba7d055460f95642b1e03a3faf2/os-quota-sets/2507cc090b1f4377919cb6ed3ec149b3?usage=True
2026-02-02 11:11:20.825 73 INFO cinder.api.openstack.wsgi [None req-5dc70576-75e8-442c-875b-61010b09a0c4 282006289974444a92c7e394be3d4251 13d41ba7d055460f95642b1e03a3faf2 - - default default] http://[LB_IP_ADDRESS]:8776/v3/13d41ba7d055460f95642b1e03a3faf2/os-quota-sets/2507cc090b1f4377919cb6ed3ec149b3?usage=True returned with HTTP 200
2026-02-02 11:11:20.844 75 INFO cinder.api.openstack.wsgi [None req-051d39cc-2a0b-4828-adb6-9f28e2f347a7 282006289974444a92c7e394be3d4251 13d41ba7d055460f95642b1e03a3faf2 - - default default] DELETE http://[LB_IP_ADDRESS]:8776/v3/13d41ba7d055460f95642b1e03a3faf2/volumes/f31c756a-0785-4d51-a779-c9694dfe61d3
2026-02-02 11:11:20.846 75 INFO cinder.api.v3.volumes [None req-051d39cc-2a0b-4828-adb6-9f28e2f347a7 282006289974444a92c7e394be3d4251 13d41ba7d055460f95642b1e03a3faf2 - - default default] Delete volume with id: f31c756a-0785-4d51-a779-c9694dfe61d3 
2026-02-02 11:11:20.859 75 INFO cinder.volume.api [None req-051d39cc-2a0b-4828-adb6-9f28e2f347a7 282006289974444a92c7e394be3d4251 13d41ba7d055460f95642b1e03a3faf2 - - default default] Volume info retrieved successfully.
2026-02-02 11:11:20.878 75 INFO cinder.volume.api [None req-051d39cc-2a0b-4828-adb6-9f28e2f347a7 282006289974444a92c7e394be3d4251 13d41ba7d055460f95642b1e03a3faf2 - - default default] Delete volume request issued successfully.
2026-02-02 11:11:20.878 75 INFO cinder.api.openstack.wsgi [None req-051d39cc-2a0b-4828-adb6-9f28e2f347a7 282006289974444a92c7e394be3d4251 13d41ba7d055460f95642b1e03a3faf2 - - default default] http://[LB_IP_ADDRESS]:8776/v3/13d41ba7d055460f95642b1e03a3faf2/volumes/f31c756a-0785-4d51-a779-c9694dfe61d3 returned with HTTP 202
2026-02-02 11:11:20.890 74 INFO cinder.api.openstack.wsgi [None req-6430574e-1326-40ae-a124-aef9c4d617ee 282006289974444a92c7e394be3d4251 13d41ba7d055460f95642b1e03a3faf2 - - default default] GET http://[LB_IP_ADDRESS]:8776/v3/13d41ba7d055460f95642b1e03a3faf2/volumes/f31c756a-0785-4d51-a779-c9694dfe61d3
2026-02-02 11:11:20.905 74 INFO cinder.volume.api [None req-6430574e-1326-40ae-a124-aef9c4d617ee 282006289974444a92c7e394be3d4251 13d41ba7d055460f95642b1e03a3faf2 - - default default] Volume info retrieved successfully.
2026-02-02 11:11:20.911 74 INFO cinder.api.openstack.wsgi [None req-6430574e-1326-40ae-a124-aef9c4d617ee 282006289974444a92c7e394be3d4251 13d41ba7d055460f95642b1e03a3faf2 - - default default] http://[LB_IP_ADDRESS]:8776/v3/13d41ba7d055460f95642b1e03a3faf2/volumes/f31c756a-0785-4d51-a779-c9694dfe61d3 returned with HTTP 200
2026-02-02 11:11:21.880 72 INFO cinder.api.openstack.wsgi [None req-0d809349-f95e-4810-8d9a-5e29e25dc687 60c16ffb8165401582135a3a62078884 91d6ee00fc794af5b022aeeff9b2c239 - - default default] POST http://[LB_IP_ADDRESS]:8776/v3/91d6ee00fc794af5b022aeeff9b2c239/types
2026-02-02 11:11:21.920 72 INFO cinder.api.openstack.wsgi [None req-0d809349-f95e-4810-8d9a-5e29e25dc687 60c16ffb8165401582135a3a62078884 91d6ee00fc794af5b022aeeff9b2c239 - - default default] http://[LB_IP_ADDRESS]:8776/v3/91d6ee00fc794af5b022aeeff9b2c239/types returned with HTTP 200
2026-02-02 11:11:21.933 76 INFO cinder.api.openstack.wsgi [None req-d92e3430-2126-46f7-8920-1cb8497c7818 282006289974444a92c7e394be3d4251 13d41ba7d055460f95642b1e03a3faf2 - - default default] GET http://[LB_IP_ADDRESS]:8776/v3/13d41ba7d055460f95642b1e03a3faf2/volumes/f31c756a-0785-4d51-a779-c9694dfe61d3
2026-02-02 11:11:21.939 73 INFO cinder.api.openstack.wsgi [None req-c8c1ca4a-bac8-4469-9fa7-1f94bfe911eb 60c16ffb8165401582135a3a62078884 91d6ee00fc794af5b022aeeff9b2c239 - - default default] POST http://[LB_IP_ADDRESS]:8776/v3/91d6ee00fc794af5b022aeeff9b2c239/group_types
2026-02-02 11:11:21.943 76 INFO cinder.api.openstack.wsgi [None req-d92e3430-2126-46f7-8920-1cb8497c7818 282006289974444a92c7e394be3d4251 13d41ba7d055460f95642b1e03a3faf2 - - default default] http://[LB_IP_ADDRESS]:8776/v3/13d41ba7d055460f95642b1e03a3faf2/volumes/f31c756a-0785-4d51-a779-c9694dfe61d3 returned with HTTP 404
2026-02-02 11:11:21.955 75 INFO cinder.api.openstack.wsgi [None req-3a0663b5-6df4-476e-8c0d-0020706d62c9 1509ea3bef864c56965a2a2a7c324620 cc834ce39f94465f93825b08f25f270a - - default default] GET http://[LB_IP_ADDRESS]:8776/v3/cc834ce39f94465f93825b08f25f270a/volumes/f31c756a-0785-4d51-a779-c9694dfe61d3
2026-02-02 11:11:21.963 73 INFO cinder.api.openstack.wsgi [None req-c8c1ca4a-bac8-4469-9fa7-1f94bfe911eb 60c16ffb8165401582135a3a62078884 91d6ee00fc794af5b022aeeff9b2c239 - - default default] http://[LB_IP_ADDRESS]:8776/v3/91d6ee00fc794af5b022aeeff9b2c239/group_types returned with HTTP 202
2026-02-02 11:11:21.967 75 INFO cinder.api.openstack.wsgi [None req-3a0663b5-6df4-476e-8c0d-0020706d62c9 1509ea3bef864c56965a2a2a7c324620 cc834ce39f94465f93825b08f25f270a - - default default] http://[LB_IP_ADDRESS]:8776/v3/cc834ce39f94465f93825b08f25f270a/volumes/f31c756a-0785-4d51-a779-c9694dfe61d3 returned with HTTP 404
2026-02-02 11:11:21.978 72 INFO cinder.api.openstack.wsgi [None req-10538d26-88b3-4262-b2e2-80cd07acdd3d 1509ea3bef864c56965a2a2a7c324620 cc834ce39f94465f93825b08f25f270a - - default default] DELETE http://[LB_IP_ADDRESS]:8776/v3/cc834ce39f94465f93825b08f25f270a/volumes/f31c756a-0785-4d51-a779-c9694dfe61d3
2026-02-02 11:11:21.980 72 INFO cinder.api.v3.volumes [None req-10538d26-88b3-4262-b2e2-80cd07acdd3d 1509ea3bef864c56965a2a2a7c324620 cc834ce39f94465f93825b08f25f270a - - default default] Delete volume with id: f31c756a-0785-4d51-a779-c9694dfe61d3 
2026-02-02 11:11:21.991 72 INFO cinder.api.openstack.wsgi [None req-10538d26-88b3-4262-b2e2-80cd07acdd3d 1509ea3bef864c56965a2a2a7c324620 cc834ce39f94465f93825b08f25f270a - - default default] http://[LB_IP_ADDRESS]:8776/v3/cc834ce39f94465f93825b08f25f270a/volumes/f31c756a-0785-4d51-a779-c9694dfe61d3 returned with HTTP 404
2026-02-02 11:11:22.008 76 INFO cinder.api.openstack.wsgi [None req-c90abdaf-fc58-4492-9b05-63904f6e58e4 282006289974444a92c7e394be3d4251 13d41ba7d055460f95642b1e03a3faf2 - - default default] GET http://[LB_IP_ADDRESS]:8776/v3/13d41ba7d055460f95642b1e03a3faf2/os-quota-sets/13d41ba7d055460f95642b1e03a3faf2?usage=True
2026-02-02 11:11:22.133 74 INFO cinder.api.openstack.wsgi [None req-64d91e07-a566-44ae-8624-41c3f74ac8c9 253d701cae0d4911bc92cd181b5c3b48 bb8e024dc0234cc3acff3e48d511e6bb - - default default] POST http://[LB_IP_ADDRESS]:8776/v3/bb8e024dc0234cc3acff3e48d511e6bb/groups
2026-02-02 11:11:22.134 76 WARNING cinder.quota [None req-c90abdaf-fc58-4492-9b05-63904f6e58e4 282006289974444a92c7e394be3d4251 13d41ba7d055460f95642b1e03a3faf2 - - default default] Deprecated: Default quota for resource: volumes_tempest-GroupsTest-volume-type-400991872 is set by the default quota flag: quota_volumes_tempest-GroupsTest-volume-type-400991872, it is now deprecated. Please use the default quota class for default quota.
2026-02-02 11:11:22.135 76 WARNING cinder.quota [None req-c90abdaf-fc58-4492-9b05-63904f6e58e4 282006289974444a92c7e394be3d4251 13d41ba7d055460f95642b1e03a3faf2 - - default default] Deprecated: Default quota for resource: gigabytes_tempest-GroupsTest-volume-type-400991872 is set by the default quota flag: quota_gigabytes_tempest-GroupsTest-volume-type-400991872, it is now deprecated. Please use the default quota class for default quota.
2026-02-02 11:11:22.135 76 WARNING cinder.quota [None req-c90abdaf-fc58-4492-9b05-63904f6e58e4 282006289974444a92c7e394be3d4251 13d41ba7d055460f95642b1e03a3faf2 - - default default] Deprecated: Default quota for resource: snapshots_tempest-GroupsTest-volume-type-400991872 is set by the default quota flag: quota_snapshots_tempest-GroupsTest-volume-type-400991872, it is now deprecated. Please use the default quota class for default quota.
2026-02-02 11:11:22.153 74 INFO cinder.api.v3.groups [None req-64d91e07-a566-44ae-8624-41c3f74ac8c9 253d701cae0d4911bc92cd181b5c3b48 bb8e024dc0234cc3acff3e48d511e6bb - - default default] Creating group tempest-Group1-1880026278.
2026-02-02 11:11:22.160 74 INFO cinder.volume.api [None req-64d91e07-a566-44ae-8624-41c3f74ac8c9 253d701cae0d4911bc92cd181b5c3b48 bb8e024dc0234cc3acff3e48d511e6bb - - default default] Availability Zones retrieved successfully.
2026-02-02 11:11:22.245 76 INFO cinder.api.openstack.wsgi [None req-c90abdaf-fc58-4492-9b05-63904f6e58e4 282006289974444a92c7e394be3d4251 13d41ba7d055460f95642b1e03a3faf2 - - default default] http://[LB_IP_ADDRESS]:8776/v3/13d41ba7d055460f95642b1e03a3faf2/os-quota-sets/13d41ba7d055460f95642b1e03a3faf2?usage=True returned with HTTP 200
2026-02-02 11:11:22.273 73 INFO cinder.api.openstack.wsgi [None req-9c9ec9b9-2a29-4db8-8417-aa1561cc6462 282006289974444a92c7e394be3d4251 13d41ba7d055460f95642b1e03a3faf2 - - default default] PUT http://[LB_IP_ADDRESS]:8776/v3/13d41ba7d055460f95642b1e03a3faf2/os-quota-sets/cc834ce39f94465f93825b08f25f270a
2026-02-02 11:11:22.300 74 INFO cinder.api.openstack.wsgi [None req-64d91e07-a566-44ae-8624-41c3f74ac8c9 253d701cae0d4911bc92cd181b5c3b48 bb8e024dc0234cc3acff3e48d511e6bb - - default default] http://[LB_IP_ADDRESS]:8776/v3/bb8e024dc0234cc3acff3e48d511e6bb/groups returned with HTTP 202
2026-02-02 11:11:22.313 75 INFO cinder.api.openstack.wsgi [None req-25daa59e-f82f-4d4a-a48d-25e891c2c083 253d701cae0d4911bc92cd181b5c3b48 bb8e024dc0234cc3acff3e48d511e6bb - - default default] GET http://[LB_IP_ADDRESS]:8776/v3/bb8e024dc0234cc3acff3e48d511e6bb/groups/fc88a391-e8d9-4e57-b2d1-63571caef872
2026-02-02 11:11:22.338 75 INFO cinder.api.openstack.wsgi [None req-25daa59e-f82f-4d4a-a48d-25e891c2c083 253d701cae0d4911bc92cd181b5c3b48 bb8e024dc0234cc3acff3e48d511e6bb - - default default] http://[LB_IP_ADDRESS]:8776/v3/bb8e024dc0234cc3acff3e48d511e6bb/groups/fc88a391-e8d9-4e57-b2d1-63571caef872 returned with HTTP 200
2026-02-02 11:11:22.605 72 INFO cinder.api.openstack.wsgi [None req-2be013e5-869e-4e5f-9402-04f0b126ff88 3636afb4e21e45a585251820d84ed8fa 3dab6c6ba7c14ce79a0e74d81033509f - - default default] GET http://[LB_IP_ADDRESS]:8776/v3/3dab6c6ba7c14ce79a0e74d81033509f/os-quota-sets/dd06454aad35482d85d863b7fbb98df8
2026-02-02 11:11:22.647 73 WARNING cinder.quota [None req-9c9ec9b9-2a29-4db8-8417-aa1561cc6462 282006289974444a92c7e394be3d4251 13d41ba7d055460f95642b1e03a3faf2 - - default default] Deprecated: Default quota for resource: volumes_tempest-GroupsTest-volume-type-400991872 is set by the default quota flag: quota_volumes_tempest-GroupsTest-volume-type-400991872, it is now deprecated. Please use the default quota class for default quota.
2026-02-02 11:11:22.648 73 WARNING cinder.quota [None req-9c9ec9b9-2a29-4db8-8417-aa1561cc6462 282006289974444a92c7e394be3d4251 13d41ba7d055460f95642b1e03a3faf2 - - default default] Deprecated: Default quota for resource: gigabytes_tempest-GroupsTest-volume-type-400991872 is set by the default quota flag: quota_gigabytes_tempest-GroupsTest-volume-type-400991872, it is now deprecated. Please use the default quota class for default quota.
2026-02-02 11:11:22.648 73 WARNING cinder.quota [None req-9c9ec9b9-2a29-4db8-8417-aa1561cc6462 282006289974444a92c7e394be3d4251 13d41ba7d055460f95642b1e03a3faf2 - - default default] Deprecated: Default quota for resource: snapshots_tempest-GroupsTest-volume-type-400991872 is set by the default quota flag: quota_snapshots_tempest-GroupsTest-volume-type-400991872, it is now deprecated. Please use the default quota class for default quota.
2026-02-02 11:11:22.727 72 WARNING cinder.quota [None req-2be013e5-869e-4e5f-9402-04f0b126ff88 3636afb4e21e45a585251820d84ed8fa 3dab6c6ba7c14ce79a0e74d81033509f - - default default] Deprecated: Default quota for resource: volumes_tempest-GroupsTest-volume-type-400991872 is set by the default quota flag: quota_volumes_tempest-GroupsTest-volume-type-400991872, it is now deprecated. Please use the default quota class for default quota.
2026-02-02 11:11:22.729 72 WARNING cinder.quota [None req-2be013e5-869e-4e5f-9402-04f0b126ff88 3636afb4e21e45a585251820d84ed8fa 3dab6c6ba7c14ce79a0e74d81033509f - - default default] Deprecated: Default quota for resource: gigabytes_tempest-GroupsTest-volume-type-400991872 is set by the default quota flag: quota_gigabytes_tempest-GroupsTest-volume-type-400991872, it is now deprecated. Please use the default quota class for default quota.
2026-02-02 11:11:22.730 72 WARNING cinder.quota [None req-2be013e5-869e-4e5f-9402-04f0b126ff88 3636afb4e21e45a585251820d84ed8fa 3dab6c6ba7c14ce79a0e74d81033509f - - default default] Deprecated: Default quota for resource: snapshots_tempest-GroupsTest-volume-type-400991872 is set by the default quota flag: quota_snapshots_tempest-GroupsTest-volume-type-400991872, it is now deprecated. Please use the default quota class for default quota.
2026-02-02 11:11:22.762 73 INFO cinder.api.openstack.wsgi [None req-9c9ec9b9-2a29-4db8-8417-aa1561cc6462 282006289974444a92c7e394be3d4251 13d41ba7d055460f95642b1e03a3faf2 - - default default] http://[LB_IP_ADDRESS]:8776/v3/13d41ba7d055460f95642b1e03a3faf2/os-quota-sets/cc834ce39f94465f93825b08f25f270a returned with HTTP 200
2026-02-02 11:11:22.776 76 INFO cinder.api.openstack.wsgi [None req-e3794078-a086-4838-b23f-200feaecc947 282006289974444a92c7e394be3d4251 13d41ba7d055460f95642b1e03a3faf2 - - default default] PUT http://[LB_IP_ADDRESS]:8776/v3/13d41ba7d055460f95642b1e03a3faf2/os-quota-sets/cc834ce39f94465f93825b08f25f270a
2026-02-02 11:11:22.848 72 INFO cinder.api.openstack.wsgi [None req-2be013e5-869e-4e5f-9402-04f0b126ff88 3636afb4e21e45a585251820d84ed8fa 3dab6c6ba7c14ce79a0e74d81033509f - - default default] http://[LB_IP_ADDRESS]:8776/v3/3dab6c6ba7c14ce79a0e74d81033509f/os-quota-sets/dd06454aad35482d85d863b7fbb98df8 returned with HTTP 200
2026-02-02 11:11:22.923 74 INFO cinder.api.openstack.wsgi [None req-da309307-1a24-42d2-9191-1020f58da67c 546e614dcbd5425bb18f95b47449b888 dd06454aad35482d85d863b7fbb98df8 - - default default] POST http://[LB_IP_ADDRESS]:8776/v3/dd06454aad35482d85d863b7fbb98df8/volumes
2026-02-02 11:11:22.928 74 INFO cinder.api.v3.volumes [None req-da309307-1a24-42d2-9191-1020f58da67c 546e614dcbd5425bb18f95b47449b888 dd06454aad35482d85d863b7fbb98df8 - - default default] Create volume of 1 GB
2026-02-02 11:11:22.943 74 INFO cinder.volume.api [None req-da309307-1a24-42d2-9191-1020f58da67c 546e614dcbd5425bb18f95b47449b888 dd06454aad35482d85d863b7fbb98df8 - - default default] Availability Zones retrieved successfully.
2026-02-02 11:11:23.355 75 INFO cinder.api.openstack.wsgi [None req-4a1b08d5-0c24-4494-8f6f-8427765bf025 253d701cae0d4911bc92cd181b5c3b48 bb8e024dc0234cc3acff3e48d511e6bb - - default default] GET http://[LB_IP_ADDRESS]:8776/v3/bb8e024dc0234cc3acff3e48d511e6bb/groups/fc88a391-e8d9-4e57-b2d1-63571caef872
2026-02-02 11:11:23.381 75 INFO cinder.api.openstack.wsgi [None req-4a1b08d5-0c24-4494-8f6f-8427765bf025 253d701cae0d4911bc92cd181b5c3b48 bb8e024dc0234cc3acff3e48d511e6bb - - default default] http://[LB_IP_ADDRESS]:8776/v3/bb8e024dc0234cc3acff3e48d511e6bb/groups/fc88a391-e8d9-4e57-b2d1-63571caef872 returned with HTTP 200
2026-02-02 11:11:23.398 73 INFO cinder.api.openstack.wsgi [None req-a64a7157-0274-48e9-b831-0f382834fbd5 253d701cae0d4911bc92cd181b5c3b48 bb8e024dc0234cc3acff3e48d511e6bb - - default default] POST http://[LB_IP_ADDRESS]:8776/v3/bb8e024dc0234cc3acff3e48d511e6bb/groups
2026-02-02 11:11:23.414 73 INFO cinder.api.v3.groups [None req-a64a7157-0274-48e9-b831-0f382834fbd5 253d701cae0d4911bc92cd181b5c3b48 bb8e024dc0234cc3acff3e48d511e6bb - - default default] Creating group tempest-Group2-1155776165.
2026-02-02 11:11:23.424 73 INFO cinder.volume.api [None req-a64a7157-0274-48e9-b831-0f382834fbd5 253d701cae0d4911bc92cd181b5c3b48 bb8e024dc0234cc3acff3e48d511e6bb - - default default] Availability Zones retrieved successfully.
2026-02-02 11:11:23.533 74 INFO cinder.volume.api [None req-da309307-1a24-42d2-9191-1020f58da67c 546e614dcbd5425bb18f95b47449b888 dd06454aad35482d85d863b7fbb98df8 - - default default] Create volume request issued successfully.
2026-02-02 11:11:23.534 74 INFO cinder.api.openstack.wsgi [None req-da309307-1a24-42d2-9191-1020f58da67c 546e614dcbd5425bb18f95b47449b888 dd06454aad35482d85d863b7fbb98df8 - - default default] http://[LB_IP_ADDRESS]:8776/v3/dd06454aad35482d85d863b7fbb98df8/volumes returned with HTTP 202
2026-02-02 11:11:23.553 72 INFO cinder.api.openstack.wsgi [None req-59abc2e8-3aaf-4006-add2-d5a766a81956 546e614dcbd5425bb18f95b47449b888 dd06454aad35482d85d863b7fbb98df8 - - default default] GET http://[LB_IP_ADDRESS]:8776/v3/dd06454aad35482d85d863b7fbb98df8/volumes/001cbd3f-4d7e-42c2-8410-424875f37361
2026-02-02 11:11:23.567 73 INFO cinder.api.openstack.wsgi [None req-a64a7157-0274-48e9-b831-0f382834fbd5 253d701cae0d4911bc92cd181b5c3b48 bb8e024dc0234cc3acff3e48d511e6bb - - default default] http://[LB_IP_ADDRESS]:8776/v3/bb8e024dc0234cc3acff3e48d511e6bb/groups returned with HTTP 202
2026-02-02 11:11:23.570 72 INFO cinder.volume.api [None req-59abc2e8-3aaf-4006-add2-d5a766a81956 546e614dcbd5425bb18f95b47449b888 dd06454aad35482d85d863b7fbb98df8 - - default default] Volume info retrieved successfully.
2026-02-02 11:11:23.580 72 INFO cinder.api.openstack.wsgi [None req-59abc2e8-3aaf-4006-add2-d5a766a81956 546e614dcbd5425bb18f95b47449b888 dd06454aad35482d85d863b7fbb98df8 - - default default] http://[LB_IP_ADDRESS]:8776/v3/dd06454aad35482d85d863b7fbb98df8/volumes/001cbd3f-4d7e-42c2-8410-424875f37361 returned with HTTP 200
2026-02-02 11:11:23.584 75 INFO cinder.api.openstack.wsgi [None req-b9d5c9f8-b4d5-4bd2-8177-7b9abbe7bf31 253d701cae0d4911bc92cd181b5c3b48 bb8e024dc0234cc3acff3e48d511e6bb - - default default] GET http://[LB_IP_ADDRESS]:8776/v3/bb8e024dc0234cc3acff3e48d511e6bb/groups/95b82a7d-d53d-4337-aed1-d1b1a42574d7
2026-02-02 11:11:23.596 76 INFO cinder.api.openstack.wsgi [None req-e3794078-a086-4838-b23f-200feaecc947 282006289974444a92c7e394be3d4251 13d41ba7d055460f95642b1e03a3faf2 - - default default] http://[LB_IP_ADDRESS]:8776/v3/13d41ba7d055460f95642b1e03a3faf2/os-quota-sets/cc834ce39f94465f93825b08f25f270a returned with HTTP 200
2026-02-02 11:11:23.601 75 INFO cinder.api.openstack.wsgi [None req-b9d5c9f8-b4d5-4bd2-8177-7b9abbe7bf31 253d701cae0d4911bc92cd181b5c3b48 bb8e024dc0234cc3acff3e48d511e6bb - - default default] http://[LB_IP_ADDRESS]:8776/v3/bb8e024dc0234cc3acff3e48d511e6bb/groups/95b82a7d-d53d-4337-aed1-d1b1a42574d7 returned with HTTP 200
2026-02-02 11:11:24.602 74 INFO cinder.api.openstack.wsgi [None req-2864d08c-1cbf-4168-92db-db423e00da27 546e614dcbd5425bb18f95b47449b888 dd06454aad35482d85d863b7fbb98df8 - - default default] GET http://[LB_IP_ADDRESS]:8776/v3/dd06454aad35482d85d863b7fbb98df8/volumes/001cbd3f-4d7e-42c2-8410-424875f37361
2026-02-02 11:11:24.615 73 INFO cinder.api.openstack.wsgi [None req-6bad355e-9804-44f9-a731-5a97d7ab5886 253d701cae0d4911bc92cd181b5c3b48 bb8e024dc0234cc3acff3e48d511e6bb - - default default] GET http://[LB_IP_ADDRESS]:8776/v3/bb8e024dc0234cc3acff3e48d511e6bb/groups/95b82a7d-d53d-4337-aed1-d1b1a42574d7
2026-02-02 11:11:24.623 74 INFO cinder.volume.api [None req-2864d08c-1cbf-4168-92db-db423e00da27 546e614dcbd5425bb18f95b47449b888 dd06454aad35482d85d863b7fbb98df8 - - default default] Volume info retrieved successfully.
2026-02-02 11:11:24.629 74 INFO cinder.api.openstack.wsgi [None req-2864d08c-1cbf-4168-92db-db423e00da27 546e614dcbd5425bb18f95b47449b888 dd06454aad35482d85d863b7fbb98df8 - - default default] http://[LB_IP_ADDRESS]:8776/v3/dd06454aad35482d85d863b7fbb98df8/volumes/001cbd3f-4d7e-42c2-8410-424875f37361 returned with HTTP 200
2026-02-02 11:11:24.636 73 INFO cinder.api.openstack.wsgi [None req-6bad355e-9804-44f9-a731-5a97d7ab5886 253d701cae0d4911bc92cd181b5c3b48 bb8e024dc0234cc3acff3e48d511e6bb - - default default] http://[LB_IP_ADDRESS]:8776/v3/bb8e024dc0234cc3acff3e48d511e6bb/groups/95b82a7d-d53d-4337-aed1-d1b1a42574d7 returned with HTTP 200
2026-02-02 11:11:24.653 76 INFO cinder.api.openstack.wsgi [None req-9d52630f-28a6-4015-987c-afda4f03037a 253d701cae0d4911bc92cd181b5c3b48 bb8e024dc0234cc3acff3e48d511e6bb - - default default] POST http://[LB_IP_ADDRESS]:8776/v3/bb8e024dc0234cc3acff3e48d511e6bb/volumes
2026-02-02 11:11:24.657 72 INFO cinder.api.openstack.wsgi [None req-6b4cfd48-5e26-49f3-aa59-34419d56cf23 3636afb4e21e45a585251820d84ed8fa 3dab6c6ba7c14ce79a0e74d81033509f - - default default] PUT http://[LB_IP_ADDRESS]:8776/v3/3dab6c6ba7c14ce79a0e74d81033509f/os-quota-sets/dd06454aad35482d85d863b7fbb98df8
2026-02-02 11:11:24.669 76 INFO cinder.api.v3.volumes [None req-9d52630f-28a6-4015-987c-afda4f03037a 253d701cae0d4911bc92cd181b5c3b48 bb8e024dc0234cc3acff3e48d511e6bb - - default default] Create volume of 1 GB
2026-02-02 11:11:24.676 76 INFO cinder.volume.api [None req-9d52630f-28a6-4015-987c-afda4f03037a 253d701cae0d4911bc92cd181b5c3b48 bb8e024dc0234cc3acff3e48d511e6bb - - default default] Availability Zones retrieved successfully.
2026-02-02 11:11:25.248 72 INFO cinder.api.openstack.wsgi [None req-6b4cfd48-5e26-49f3-aa59-34419d56cf23 3636afb4e21e45a585251820d84ed8fa 3dab6c6ba7c14ce79a0e74d81033509f - - default default] http://[LB_IP_ADDRESS]:8776/v3/3dab6c6ba7c14ce79a0e74d81033509f/os-quota-sets/dd06454aad35482d85d863b7fbb98df8 returned with HTTP 200
2026-02-02 11:11:25.264 75 INFO cinder.api.openstack.wsgi [None req-55c58e01-40ce-4465-bc0b-228166e7787d 546e614dcbd5425bb18f95b47449b888 dd06454aad35482d85d863b7fbb98df8 - - default default] POST http://[LB_IP_ADDRESS]:8776/v3/dd06454aad35482d85d863b7fbb98df8/volumes
2026-02-02 11:11:25.269 75 INFO cinder.api.v3.volumes [None req-55c58e01-40ce-4465-bc0b-228166e7787d 546e614dcbd5425bb18f95b47449b888 dd06454aad35482d85d863b7fbb98df8 - - default default] Create volume of 2 GB
2026-02-02 11:11:25.278 76 INFO cinder.volume.api [None req-9d52630f-28a6-4015-987c-afda4f03037a 253d701cae0d4911bc92cd181b5c3b48 bb8e024dc0234cc3acff3e48d511e6bb - - default default] Create volume request issued successfully.
2026-02-02 11:11:25.279 75 INFO cinder.volume.api [None req-55c58e01-40ce-4465-bc0b-228166e7787d 546e614dcbd5425bb18f95b47449b888 dd06454aad35482d85d863b7fbb98df8 - - default default] Availability Zones retrieved successfully.
2026-02-02 11:11:25.293 76 INFO cinder.api.openstack.wsgi [None req-9d52630f-28a6-4015-987c-afda4f03037a 253d701cae0d4911bc92cd181b5c3b48 bb8e024dc0234cc3acff3e48d511e6bb - - default default] http://[LB_IP_ADDRESS]:8776/v3/bb8e024dc0234cc3acff3e48d511e6bb/volumes returned with HTTP 202
2026-02-02 11:11:25.309 74 INFO cinder.api.openstack.wsgi [None req-b5ff30a0-a518-4b44-8151-75d65c376aa5 253d701cae0d4911bc92cd181b5c3b48 bb8e024dc0234cc3acff3e48d511e6bb - - default default] GET http://[LB_IP_ADDRESS]:8776/v3/bb8e024dc0234cc3acff3e48d511e6bb/volumes/ca168afa-efb3-4473-a5f5-573ba582eb7c
2026-02-02 11:11:25.324 74 INFO cinder.volume.api [None req-b5ff30a0-a518-4b44-8151-75d65c376aa5 253d701cae0d4911bc92cd181b5c3b48 bb8e024dc0234cc3acff3e48d511e6bb - - default default] Volume info retrieved successfully.
2026-02-02 11:11:25.348 74 INFO cinder.api.openstack.wsgi [None req-b5ff30a0-a518-4b44-8151-75d65c376aa5 253d701cae0d4911bc92cd181b5c3b48 bb8e024dc0234cc3acff3e48d511e6bb - - default default] http://[LB_IP_ADDRESS]:8776/v3/bb8e024dc0234cc3acff3e48d511e6bb/volumes/ca168afa-efb3-4473-a5f5-573ba582eb7c returned with HTTP 200
2026-02-02 11:11:25.777 75 WARNING cinder.quota_utils [None req-55c58e01-40ce-4465-bc0b-228166e7787d 546e614dcbd5425bb18f95b47449b888 dd06454aad35482d85d863b7fbb98df8 - - default default] Quota exceeded for dd06454aad35482d85d863b7fbb98df8, tried to create 2G volume (1G of 1G already consumed).: cinder.exception.OverQuota: Quota exceeded for resources: ['gigabytes']
2026-02-02 11:11:25.782 75 WARNING cinder.volume.api [None req-55c58e01-40ce-4465-bc0b-228166e7787d 546e614dcbd5425bb18f95b47449b888 dd06454aad35482d85d863b7fbb98df8 - - default default] Task 'cinder.volume.flows.api.create_volume.QuotaReserveTask;volume:create' (0092d3a3-a3c4-461d-9f49-fada71ff2586) transitioned into state 'FAILURE' from state 'RUNNING'

Failure: cinder.exception.VolumeSizeExceedsAvailableQuota: Requested volume or snapshot exceeds allowed gigabytes quota. Requested 2G, quota is 1G and 1G has been consumed.
2026-02-02 11:11:25.786 75 WARNING cinder.volume.api [None req-55c58e01-40ce-4465-bc0b-228166e7787d 546e614dcbd5425bb18f95b47449b888 dd06454aad35482d85d863b7fbb98df8 - - default default] Task 'cinder.volume.flows.api.create_volume.QuotaReserveTask;volume:create' (0092d3a3-a3c4-461d-9f49-fada71ff2586) transitioned into state 'REVERTED' from state 'REVERTING'
2026-02-02 11:11:25.788 75 WARNING cinder.volume.api [None req-55c58e01-40ce-4465-bc0b-228166e7787d 546e614dcbd5425bb18f95b47449b888 dd06454aad35482d85d863b7fbb98df8 - - default default] Task 'cinder.volume.flows.api.create_volume.ExtractVolumeRequestTask;volume:create' (856a4c37-fad5-4778-81d6-af381e573e53) transitioned into state 'REVERTED' from state 'REVERTING'
2026-02-02 11:11:25.789 75 WARNING cinder.volume.api [None req-55c58e01-40ce-4465-bc0b-228166e7787d 546e614dcbd5425bb18f95b47449b888 dd06454aad35482d85d863b7fbb98df8 - - default default] Flow 'volume_create_api' (694ed140-bcd3-4398-bb3f-a677d45d57d3) transitioned into state 'REVERTED' from state 'RUNNING'
2026-02-02 11:11:25.790 75 INFO cinder.api.middleware.fault [None req-55c58e01-40ce-4465-bc0b-228166e7787d 546e614dcbd5425bb18f95b47449b888 dd06454aad35482d85d863b7fbb98df8 - - default default] http://[LB_IP_ADDRESS]:8776/v3/dd06454aad35482d85d863b7fbb98df8/volumes returned with HTTP 413
2026-02-02 11:11:25.800 73 INFO cinder.api.openstack.wsgi [None req-e38d5a3a-9c82-4e5f-aa4a-acefc04dae44 3636afb4e21e45a585251820d84ed8fa 3dab6c6ba7c14ce79a0e74d81033509f - - default default] PUT http://[LB_IP_ADDRESS]:8776/v3/3dab6c6ba7c14ce79a0e74d81033509f/os-quota-sets/dd06454aad35482d85d863b7fbb98df8
2026-02-02 11:11:26.334 73 INFO cinder.api.openstack.wsgi [None req-e38d5a3a-9c82-4e5f-aa4a-acefc04dae44 3636afb4e21e45a585251820d84ed8fa 3dab6c6ba7c14ce79a0e74d81033509f - - default default] http://[LB_IP_ADDRESS]:8776/v3/3dab6c6ba7c14ce79a0e74d81033509f/os-quota-sets/dd06454aad35482d85d863b7fbb98df8 returned with HTTP 200
2026-02-02 11:11:26.351 72 INFO cinder.api.openstack.wsgi [None req-b8e5d8aa-945c-46b8-9539-b0d49afe1ff2 546e614dcbd5425bb18f95b47449b888 dd06454aad35482d85d863b7fbb98df8 - - default default] POST http://[LB_IP_ADDRESS]:8776/v3/dd06454aad35482d85d863b7fbb98df8/volumes
2026-02-02 11:11:26.356 72 INFO cinder.api.v3.volumes [None req-b8e5d8aa-945c-46b8-9539-b0d49afe1ff2 546e614dcbd5425bb18f95b47449b888 dd06454aad35482d85d863b7fbb98df8 - - default default] Create volume of 1 GB
2026-02-02 11:11:26.371 72 INFO cinder.volume.api [None req-b8e5d8aa-945c-46b8-9539-b0d49afe1ff2 546e614dcbd5425bb18f95b47449b888 dd06454aad35482d85d863b7fbb98df8 - - default default] Availability Zones retrieved successfully.
2026-02-02 11:11:26.376 76 INFO cinder.api.openstack.wsgi [None req-dc624527-4787-489f-8061-822063035fe3 253d701cae0d4911bc92cd181b5c3b48 bb8e024dc0234cc3acff3e48d511e6bb - - default default] GET http://[LB_IP_ADDRESS]:8776/v3/bb8e024dc0234cc3acff3e48d511e6bb/volumes/ca168afa-efb3-4473-a5f5-573ba582eb7c
2026-02-02 11:11:26.401 76 INFO cinder.volume.api [None req-dc624527-4787-489f-8061-822063035fe3 253d701cae0d4911bc92cd181b5c3b48 bb8e024dc0234cc3acff3e48d511e6bb - - default default] Volume info retrieved successfully.
2026-02-02 11:11:26.438 76 INFO cinder.api.openstack.wsgi [None req-dc624527-4787-489f-8061-822063035fe3 253d701cae0d4911bc92cd181b5c3b48 bb8e024dc0234cc3acff3e48d511e6bb - - default default] http://[LB_IP_ADDRESS]:8776/v3/bb8e024dc0234cc3acff3e48d511e6bb/volumes/ca168afa-efb3-4473-a5f5-573ba582eb7c returned with HTTP 200
2026-02-02 11:11:26.458 74 INFO cinder.api.openstack.wsgi [None req-a6f8b615-35dd-4b9d-b75b-5deb21b0159c 253d701cae0d4911bc92cd181b5c3b48 bb8e024dc0234cc3acff3e48d511e6bb - - default default] GET http://[LB_IP_ADDRESS]:8776/v3/bb8e024dc0234cc3acff3e48d511e6bb/groups/fc88a391-e8d9-4e57-b2d1-63571caef872
2026-02-02 11:11:26.483 74 INFO cinder.api.openstack.wsgi [None req-a6f8b615-35dd-4b9d-b75b-5deb21b0159c 253d701cae0d4911bc92cd181b5c3b48 bb8e024dc0234cc3acff3e48d511e6bb - - default default] http://[LB_IP_ADDRESS]:8776/v3/bb8e024dc0234cc3acff3e48d511e6bb/groups/fc88a391-e8d9-4e57-b2d1-63571caef872 returned with HTTP 200
2026-02-02 11:11:26.494 75 INFO cinder.api.openstack.wsgi [None req-6c30e71d-b7b1-4ed4-8b35-17806421511d 253d701cae0d4911bc92cd181b5c3b48 bb8e024dc0234cc3acff3e48d511e6bb - - default default] GET http://[LB_IP_ADDRESS]:8776/v3/bb8e024dc0234cc3acff3e48d511e6bb/groups/95b82a7d-d53d-4337-aed1-d1b1a42574d7
2026-02-02 11:11:26.519 75 INFO cinder.api.openstack.wsgi [None req-6c30e71d-b7b1-4ed4-8b35-17806421511d 253d701cae0d4911bc92cd181b5c3b48 bb8e024dc0234cc3acff3e48d511e6bb - - default default] http://[LB_IP_ADDRESS]:8776/v3/bb8e024dc0234cc3acff3e48d511e6bb/groups/95b82a7d-d53d-4337-aed1-d1b1a42574d7 returned with HTTP 200
2026-02-02 11:11:26.534 73 INFO cinder.api.openstack.wsgi [None req-7e46c32d-dd5b-4bd2-a5fe-50ad387fc4e1 253d701cae0d4911bc92cd181b5c3b48 bb8e024dc0234cc3acff3e48d511e6bb - - default default] GET http://[LB_IP_ADDRESS]:8776/v3/bb8e024dc0234cc3acff3e48d511e6bb/groups/detail
2026-02-02 11:11:26.568 73 INFO cinder.api.openstack.wsgi [None req-7e46c32d-dd5b-4bd2-a5fe-50ad387fc4e1 253d701cae0d4911bc92cd181b5c3b48 bb8e024dc0234cc3acff3e48d511e6bb - - default default] http://[LB_IP_ADDRESS]:8776/v3/bb8e024dc0234cc3acff3e48d511e6bb/groups/detail returned with HTTP 200
2026-02-02 11:11:26.584 76 INFO cinder.api.openstack.wsgi [None req-58233a27-256d-4c56-8d7e-6eba70e05ddd 253d701cae0d4911bc92cd181b5c3b48 bb8e024dc0234cc3acff3e48d511e6bb - - default default] GET http://[LB_IP_ADDRESS]:8776/v3/bb8e024dc0234cc3acff3e48d511e6bb/volumes/detail
2026-02-02 11:11:26.595 76 INFO cinder.volume.api [None req-58233a27-256d-4c56-8d7e-6eba70e05ddd 253d701cae0d4911bc92cd181b5c3b48 bb8e024dc0234cc3acff3e48d511e6bb - - default default] Get all volumes completed successfully.
2026-02-02 11:11:26.622 76 INFO cinder.api.openstack.wsgi [None req-58233a27-256d-4c56-8d7e-6eba70e05ddd 253d701cae0d4911bc92cd181b5c3b48 bb8e024dc0234cc3acff3e48d511e6bb - - default default] http://[LB_IP_ADDRESS]:8776/v3/bb8e024dc0234cc3acff3e48d511e6bb/volumes/detail returned with HTTP 200
2026-02-02 11:11:26.643 74 INFO cinder.api.openstack.wsgi [None req-7d177665-a8b9-4577-a2c3-1debd3fda679 253d701cae0d4911bc92cd181b5c3b48 bb8e024dc0234cc3acff3e48d511e6bb - - default default] GET http://[LB_IP_ADDRESS]:8776/v3/bb8e024dc0234cc3acff3e48d511e6bb/volumes/detail
2026-02-02 11:11:26.657 74 INFO cinder.volume.api [None req-7d177665-a8b9-4577-a2c3-1debd3fda679 253d701cae0d4911bc92cd181b5c3b48 bb8e024dc0234cc3acff3e48d511e6bb - - default default] Get all volumes completed successfully.
2026-02-02 11:11:26.684 74 INFO cinder.api.openstack.wsgi [None req-7d177665-a8b9-4577-a2c3-1debd3fda679 253d701cae0d4911bc92cd181b5c3b48 bb8e024dc0234cc3acff3e48d511e6bb - - default default] http://[LB_IP_ADDRESS]:8776/v3/bb8e024dc0234cc3acff3e48d511e6bb/volumes/detail returned with HTTP 200
2026-02-02 11:11:26.704 75 INFO cinder.api.openstack.wsgi [None req-aba63856-cb0c-492c-adff-0e78c49cc9b4 253d701cae0d4911bc92cd181b5c3b48 bb8e024dc0234cc3acff3e48d511e6bb - - default default] POST http://[LB_IP_ADDRESS]:8776/v3/bb8e024dc0234cc3acff3e48d511e6bb/groups/fc88a391-e8d9-4e57-b2d1-63571caef872/action
2026-02-02 11:11:26.707 75 INFO cinder.api.v3.groups [None req-aba63856-cb0c-492c-adff-0e78c49cc9b4 253d701cae0d4911bc92cd181b5c3b48 bb8e024dc0234cc3acff3e48d511e6bb - - default default] Delete group with id: fc88a391-e8d9-4e57-b2d1-63571caef872
2026-02-02 11:11:26.756 75 INFO cinder.api.openstack.wsgi [None req-aba63856-cb0c-492c-adff-0e78c49cc9b4 253d701cae0d4911bc92cd181b5c3b48 bb8e024dc0234cc3acff3e48d511e6bb - - default default] http://[LB_IP_ADDRESS]:8776/v3/bb8e024dc0234cc3acff3e48d511e6bb/groups/fc88a391-e8d9-4e57-b2d1-63571caef872/action returned with HTTP 202
2026-02-02 11:11:26.763 73 INFO cinder.api.openstack.wsgi [None req-bed3bb3a-34a6-4a5d-8855-c6dff0d0311c 253d701cae0d4911bc92cd181b5c3b48 bb8e024dc0234cc3acff3e48d511e6bb - - default default] GET http://[LB_IP_ADDRESS]:8776/v3/bb8e024dc0234cc3acff3e48d511e6bb/volumes/ca168afa-efb3-4473-a5f5-573ba582eb7c
2026-02-02 11:11:26.777 73 INFO cinder.volume.api [None req-bed3bb3a-34a6-4a5d-8855-c6dff0d0311c 253d701cae0d4911bc92cd181b5c3b48 bb8e024dc0234cc3acff3e48d511e6bb - - default default] Volume info retrieved successfully.
2026-02-02 11:11:26.797 73 INFO cinder.api.openstack.wsgi [None req-bed3bb3a-34a6-4a5d-8855-c6dff0d0311c 253d701cae0d4911bc92cd181b5c3b48 bb8e024dc0234cc3acff3e48d511e6bb - - default default] http://[LB_IP_ADDRESS]:8776/v3/bb8e024dc0234cc3acff3e48d511e6bb/volumes/ca168afa-efb3-4473-a5f5-573ba582eb7c returned with HTTP 200
2026-02-02 11:11:26.939 72 WARNING cinder.quota_utils [None req-b8e5d8aa-945c-46b8-9539-b0d49afe1ff2 546e614dcbd5425bb18f95b47449b888 dd06454aad35482d85d863b7fbb98df8 - - default default] Quota exceeded for dd06454aad35482d85d863b7fbb98df8, tried to create volume (1 volumes already consumed).: cinder.exception.OverQuota: Quota exceeded for resources: ['volumes']
2026-02-02 11:11:26.941 72 WARNING cinder.volume.api [None req-b8e5d8aa-945c-46b8-9539-b0d49afe1ff2 546e614dcbd5425bb18f95b47449b888 dd06454aad35482d85d863b7fbb98df8 - - default default] Task 'cinder.volume.flows.api.create_volume.QuotaReserveTask;volume:create' (863177c0-9852-4e18-836f-6bc2cd4d87d1) transitioned into state 'FAILURE' from state 'RUNNING'

Failure: cinder.exception.VolumeLimitExceeded: Maximum number of volumes allowed (1) exceeded for quota 'volumes'.
2026-02-02 11:11:26.944 72 WARNING cinder.volume.api [None req-b8e5d8aa-945c-46b8-9539-b0d49afe1ff2 546e614dcbd5425bb18f95b47449b888 dd06454aad35482d85d863b7fbb98df8 - - default default] Task 'cinder.volume.flows.api.create_volume.QuotaReserveTask;volume:create' (863177c0-9852-4e18-836f-6bc2cd4d87d1) transitioned into state 'REVERTED' from state 'REVERTING'
