Build Started 06_07_2026_17_43_23
2026-07-06 17:46:02.870 76 INFO cinder.api.openstack.wsgi [None req-8518843c-9727-4618-a689-b48ed7ea1aca e50e50beee3b446c8f1bc77baf6d16c9 f38db135fed94921b393753fbd7b9dc1 - - default default] GET http://[LB_IP_ADDRESS]:8776/v3/f38db135fed94921b393753fbd7b9dc1/volumes/detail
2026-07-06 17:46:02.886 76 INFO cinder.volume.api [None req-8518843c-9727-4618-a689-b48ed7ea1aca e50e50beee3b446c8f1bc77baf6d16c9 f38db135fed94921b393753fbd7b9dc1 - - default default] Get all volumes completed successfully.
2026-07-06 17:46:02.891 76 INFO cinder.api.openstack.wsgi [None req-8518843c-9727-4618-a689-b48ed7ea1aca e50e50beee3b446c8f1bc77baf6d16c9 f38db135fed94921b393753fbd7b9dc1 - - default default] http://[LB_IP_ADDRESS]:8776/v3/f38db135fed94921b393753fbd7b9dc1/volumes/detail returned with HTTP 200
2026-07-06 17:46:02.902 73 INFO cinder.api.openstack.wsgi [req-8518843c-9727-4618-a689-b48ed7ea1aca req-4bc47438-3f24-4b26-b189-3ed1c77d27aa e50e50beee3b446c8f1bc77baf6d16c9 f38db135fed94921b393753fbd7b9dc1 - - default default] GET http://[LB_IP_ADDRESS]:8776/v3/f38db135fed94921b393753fbd7b9dc1/snapshots/detail?all_tenants=True
2026-07-06 17:46:02.913 73 INFO cinder.volume.api [req-8518843c-9727-4618-a689-b48ed7ea1aca req-4bc47438-3f24-4b26-b189-3ed1c77d27aa e50e50beee3b446c8f1bc77baf6d16c9 f38db135fed94921b393753fbd7b9dc1 - - default default] Get all snapshots completed successfully.
2026-07-06 17:46:02.915 73 INFO cinder.api.openstack.wsgi [req-8518843c-9727-4618-a689-b48ed7ea1aca req-4bc47438-3f24-4b26-b189-3ed1c77d27aa e50e50beee3b446c8f1bc77baf6d16c9 f38db135fed94921b393753fbd7b9dc1 - - default default] http://[LB_IP_ADDRESS]:8776/v3/f38db135fed94921b393753fbd7b9dc1/snapshots/detail?all_tenants=True returned with HTTP 200
2026-07-06 17:46:05.831 74 INFO cinder.api.openstack.wsgi [None req-7dac1edd-8081-454b-8f55-9a723363158b e50e50beee3b446c8f1bc77baf6d16c9 f38db135fed94921b393753fbd7b9dc1 - - default default] GET http://[LB_IP_ADDRESS]:8776/v3/f38db135fed94921b393753fbd7b9dc1/volumes/detail?all_tenants=True
2026-07-06 17:46:05.847 74 INFO cinder.volume.api [None req-7dac1edd-8081-454b-8f55-9a723363158b e50e50beee3b446c8f1bc77baf6d16c9 f38db135fed94921b393753fbd7b9dc1 - - default default] Get all volumes completed successfully.
2026-07-06 17:46:05.853 74 INFO cinder.api.openstack.wsgi [None req-7dac1edd-8081-454b-8f55-9a723363158b e50e50beee3b446c8f1bc77baf6d16c9 f38db135fed94921b393753fbd7b9dc1 - - default default] http://[LB_IP_ADDRESS]:8776/v3/f38db135fed94921b393753fbd7b9dc1/volumes/detail?all_tenants=True returned with HTTP 200
2026-07-06 17:46:08.012 72 INFO cinder.api.openstack.wsgi [None req-c6b2344d-f4f6-4641-a74f-1d5168a471e8 - - - - - -] GET http://[LB_IP_ADDRESS]:8776/
2026-07-06 17:46:08.014 72 INFO cinder.api.openstack.wsgi [None req-c6b2344d-f4f6-4641-a74f-1d5168a471e8 - - - - - -] http://[LB_IP_ADDRESS]:8776/ returned with HTTP 300
2026-07-06 17:46:08.087 75 INFO cinder.api.openstack.wsgi [None req-e7877a1d-6f76-4fa3-9160-275aa0b74c92 e50e50beee3b446c8f1bc77baf6d16c9 f38db135fed94921b393753fbd7b9dc1 - - default default] GET http://[LB_IP_ADDRESS]:8776/v3/f38db135fed94921b393753fbd7b9dc1/groups/detail?all_tenants=1
2026-07-06 17:46:08.097 75 INFO cinder.api.openstack.wsgi [None req-e7877a1d-6f76-4fa3-9160-275aa0b74c92 e50e50beee3b446c8f1bc77baf6d16c9 f38db135fed94921b393753fbd7b9dc1 - - default default] http://[LB_IP_ADDRESS]:8776/v3/f38db135fed94921b393753fbd7b9dc1/groups/detail?all_tenants=1 returned with HTTP 200
2026-07-06 17:46:10.311 76 INFO cinder.api.openstack.wsgi [None req-89b7a788-112e-4d91-a564-b5bd41804ab5 - - - - - -] GET http://[LB_IP_ADDRESS]:8776/
2026-07-06 17:46:10.312 76 INFO cinder.api.openstack.wsgi [None req-89b7a788-112e-4d91-a564-b5bd41804ab5 - - - - - -] http://[LB_IP_ADDRESS]:8776/ returned with HTTP 300
2026-07-06 17:46:10.378 73 INFO cinder.api.openstack.wsgi [None req-639fa5fd-35bb-4121-b26f-0e04bea51de6 e50e50beee3b446c8f1bc77baf6d16c9 f38db135fed94921b393753fbd7b9dc1 - - default default] GET http://[LB_IP_ADDRESS]:8776/v3/f38db135fed94921b393753fbd7b9dc1/group_types?is_public=None
2026-07-06 17:46:10.395 73 INFO cinder.api.openstack.wsgi [None req-639fa5fd-35bb-4121-b26f-0e04bea51de6 e50e50beee3b446c8f1bc77baf6d16c9 f38db135fed94921b393753fbd7b9dc1 - - default default] http://[LB_IP_ADDRESS]:8776/v3/f38db135fed94921b393753fbd7b9dc1/group_types?is_public=None returned with HTTP 200
2026-07-06 17:46:13.353 74 INFO cinder.api.openstack.wsgi [None req-469d1772-59e4-4d72-9f67-5c39ff1cde0b e50e50beee3b446c8f1bc77baf6d16c9 f38db135fed94921b393753fbd7b9dc1 - - default default] GET http://[LB_IP_ADDRESS]:8776/v3/f38db135fed94921b393753fbd7b9dc1/types?is_public=None
2026-07-06 17:46:13.386 74 INFO cinder.api.openstack.wsgi [None req-469d1772-59e4-4d72-9f67-5c39ff1cde0b e50e50beee3b446c8f1bc77baf6d16c9 f38db135fed94921b393753fbd7b9dc1 - - default default] http://[LB_IP_ADDRESS]:8776/v3/f38db135fed94921b393753fbd7b9dc1/types?is_public=None returned with HTTP 200
2026-07-06 17:46:21.554 72 INFO cinder.api.openstack.wsgi [None req-17e6750e-78eb-4225-8a05-824dad1edfe9 e50e50beee3b446c8f1bc77baf6d16c9 f38db135fed94921b393753fbd7b9dc1 - - default default] GET http://[LB_IP_ADDRESS]:8776/v3/f38db135fed94921b393753fbd7b9dc1/snapshots
2026-07-06 17:46:21.566 72 INFO cinder.volume.api [None req-17e6750e-78eb-4225-8a05-824dad1edfe9 e50e50beee3b446c8f1bc77baf6d16c9 f38db135fed94921b393753fbd7b9dc1 - - default default] Get all snapshots completed successfully.
2026-07-06 17:46:21.567 72 INFO cinder.api.openstack.wsgi [None req-17e6750e-78eb-4225-8a05-824dad1edfe9 e50e50beee3b446c8f1bc77baf6d16c9 f38db135fed94921b393753fbd7b9dc1 - - default default] http://[LB_IP_ADDRESS]:8776/v3/f38db135fed94921b393753fbd7b9dc1/snapshots returned with HTTP 200
2026-07-06 17:46:21.583 75 INFO cinder.api.openstack.wsgi [None req-fdafd780-127a-441c-a9de-f921529ab3f9 e50e50beee3b446c8f1bc77baf6d16c9 f38db135fed94921b393753fbd7b9dc1 - - default default] GET http://[LB_IP_ADDRESS]:8776/v3/f38db135fed94921b393753fbd7b9dc1/volumes
2026-07-06 17:46:21.598 75 INFO cinder.volume.api [None req-fdafd780-127a-441c-a9de-f921529ab3f9 e50e50beee3b446c8f1bc77baf6d16c9 f38db135fed94921b393753fbd7b9dc1 - - default default] Get all volumes completed successfully.
2026-07-06 17:46:21.599 75 INFO cinder.api.openstack.wsgi [None req-fdafd780-127a-441c-a9de-f921529ab3f9 e50e50beee3b446c8f1bc77baf6d16c9 f38db135fed94921b393753fbd7b9dc1 - - default default] http://[LB_IP_ADDRESS]:8776/v3/f38db135fed94921b393753fbd7b9dc1/volumes returned with HTTP 200
2026-07-06 17:46:25.490 76 INFO cinder.api.openstack.wsgi [None req-91e8347b-3714-4c90-8535-614aad0a3035 - - - - - -] GET http://[LB_IP_ADDRESS]:8776/
2026-07-06 17:46:25.491 76 INFO cinder.api.openstack.wsgi [None req-91e8347b-3714-4c90-8535-614aad0a3035 - - - - - -] http://[LB_IP_ADDRESS]:8776/ returned with HTTP 300
2026-07-06 17:46:28.205 73 INFO cinder.api.openstack.wsgi [req-dcae536d-d068-49c5-8d27-759cc3dc4474 req-5c49bb78-c208-4bb6-a15d-c77f1a434e9f 027e339c828e4e3fb688b676effb2d13 095f04db686f44609bcb3e849a2ced9d - - default default] POST http://[LB_IP_ADDRESS]:8776/v3/volumes
2026-07-06 17:46:28.209 73 INFO cinder.api.v3.volumes [req-dcae536d-d068-49c5-8d27-759cc3dc4474 req-5c49bb78-c208-4bb6-a15d-c77f1a434e9f 027e339c828e4e3fb688b676effb2d13 095f04db686f44609bcb3e849a2ced9d - - default default] Create volume of 1 GB
2026-07-06 17:46:28.223 73 INFO cinder.volume.api [req-dcae536d-d068-49c5-8d27-759cc3dc4474 req-5c49bb78-c208-4bb6-a15d-c77f1a434e9f 027e339c828e4e3fb688b676effb2d13 095f04db686f44609bcb3e849a2ced9d - - default default] Availability Zones retrieved successfully.
2026-07-06 17:46:28.269 74 INFO cinder.api.openstack.wsgi [req-782e897a-4c96-43b6-a1c6-3b664760a694 req-ed7f7f40-4884-4f45-8140-a4b1c15ff71c bb0ae951b8a0423e95051fafa417078b f02f9b75dc674c5a8aec4fe69b1d1812 - - default default] POST http://[LB_IP_ADDRESS]:8776/v3/volumes
2026-07-06 17:46:28.273 74 INFO cinder.api.v3.volumes [req-782e897a-4c96-43b6-a1c6-3b664760a694 req-ed7f7f40-4884-4f45-8140-a4b1c15ff71c bb0ae951b8a0423e95051fafa417078b f02f9b75dc674c5a8aec4fe69b1d1812 - - default default] Create volume of 1 GB
2026-07-06 17:46:28.288 74 INFO cinder.volume.api [req-782e897a-4c96-43b6-a1c6-3b664760a694 req-ed7f7f40-4884-4f45-8140-a4b1c15ff71c bb0ae951b8a0423e95051fafa417078b f02f9b75dc674c5a8aec4fe69b1d1812 - - default default] Availability Zones retrieved successfully.
2026-07-06 17:46:28.617 72 INFO cinder.api.openstack.wsgi [req-82ca39f9-eb51-44dd-8aab-bf14671c95e7 req-108fff4e-7c36-4632-b9b6-ccf75e1139f1 ac77b385b010430896a5a512e8a36681 3b9f37f8bfe14476864e27005f48e9a6 - - default default] DELETE http://[LB_IP_ADDRESS]:8776/v3/volumes/tempest-invalid-1353482422
2026-07-06 17:46:28.618 72 INFO cinder.api.v3.volumes [req-82ca39f9-eb51-44dd-8aab-bf14671c95e7 req-108fff4e-7c36-4632-b9b6-ccf75e1139f1 ac77b385b010430896a5a512e8a36681 3b9f37f8bfe14476864e27005f48e9a6 - - default default] Delete volume with id: tempest-invalid-1353482422 
2026-07-06 17:46:28.630 72 INFO cinder.api.openstack.wsgi [req-82ca39f9-eb51-44dd-8aab-bf14671c95e7 req-108fff4e-7c36-4632-b9b6-ccf75e1139f1 ac77b385b010430896a5a512e8a36681 3b9f37f8bfe14476864e27005f48e9a6 - - default default] http://[LB_IP_ADDRESS]:8776/v3/volumes/tempest-invalid-1353482422 returned with HTTP 404
2026-07-06 17:46:28.686 75 INFO cinder.api.openstack.wsgi [req-1a6b3111-5f7c-4d09-8c2b-f0c15fa4f5a8 req-c6d69905-1e29-402f-8edc-0ff6906484c2 ac77b385b010430896a5a512e8a36681 3b9f37f8bfe14476864e27005f48e9a6 - - default default] DELETE http://[LB_IP_ADDRESS]:8776/v3/volumes/cc9f3c81-e3c7-4945-808a-fa3d178dbb70
2026-07-06 17:46:28.687 75 INFO cinder.api.v3.volumes [req-1a6b3111-5f7c-4d09-8c2b-f0c15fa4f5a8 req-c6d69905-1e29-402f-8edc-0ff6906484c2 ac77b385b010430896a5a512e8a36681 3b9f37f8bfe14476864e27005f48e9a6 - - default default] Delete volume with id: cc9f3c81-e3c7-4945-808a-fa3d178dbb70 
2026-07-06 17:46:28.699 75 INFO cinder.api.openstack.wsgi [req-1a6b3111-5f7c-4d09-8c2b-f0c15fa4f5a8 req-c6d69905-1e29-402f-8edc-0ff6906484c2 ac77b385b010430896a5a512e8a36681 3b9f37f8bfe14476864e27005f48e9a6 - - default default] http://[LB_IP_ADDRESS]:8776/v3/volumes/cc9f3c81-e3c7-4945-808a-fa3d178dbb70 returned with HTTP 404
2026-07-06 17:46:28.782 76 INFO cinder.api.openstack.wsgi [req-6596f1a6-4f3e-4c97-81a2-5d002624657a req-6d0bbb64-4455-40cb-8884-fd56417fb2c7 ac77b385b010430896a5a512e8a36681 3b9f37f8bfe14476864e27005f48e9a6 - - default default] GET http://[LB_IP_ADDRESS]:8776/v3/volumes/63f9af07-1cf5-4104-b94c-153b85fe3bcb
2026-07-06 17:46:28.796 76 INFO cinder.api.openstack.wsgi [req-6596f1a6-4f3e-4c97-81a2-5d002624657a req-6d0bbb64-4455-40cb-8884-fd56417fb2c7 ac77b385b010430896a5a512e8a36681 3b9f37f8bfe14476864e27005f48e9a6 - - default default] http://[LB_IP_ADDRESS]:8776/v3/volumes/63f9af07-1cf5-4104-b94c-153b85fe3bcb returned with HTTP 404
2026-07-06 17:46:28.943 73 INFO cinder.volume.api [req-dcae536d-d068-49c5-8d27-759cc3dc4474 req-5c49bb78-c208-4bb6-a15d-c77f1a434e9f 027e339c828e4e3fb688b676effb2d13 095f04db686f44609bcb3e849a2ced9d - - default default] Create volume request issued successfully.
2026-07-06 17:46:28.945 73 INFO cinder.api.openstack.wsgi [req-dcae536d-d068-49c5-8d27-759cc3dc4474 req-5c49bb78-c208-4bb6-a15d-c77f1a434e9f 027e339c828e4e3fb688b676effb2d13 095f04db686f44609bcb3e849a2ced9d - - default default] http://[LB_IP_ADDRESS]:8776/v3/volumes returned with HTTP 202
2026-07-06 17:46:28.959 72 INFO cinder.api.openstack.wsgi [req-dcae536d-d068-49c5-8d27-759cc3dc4474 req-ea6d6cb2-2c35-47f5-9187-5fcf2f9be2bb 027e339c828e4e3fb688b676effb2d13 095f04db686f44609bcb3e849a2ced9d - - default default] GET http://[LB_IP_ADDRESS]:8776/v3/volumes/c4429fd5-5472-41e8-869f-bccc5304c90f
2026-07-06 17:46:28.982 72 INFO cinder.volume.api [req-dcae536d-d068-49c5-8d27-759cc3dc4474 req-ea6d6cb2-2c35-47f5-9187-5fcf2f9be2bb 027e339c828e4e3fb688b676effb2d13 095f04db686f44609bcb3e849a2ced9d - - default default] Volume info retrieved successfully.
2026-07-06 17:46:28.991 72 INFO cinder.api.openstack.wsgi [req-dcae536d-d068-49c5-8d27-759cc3dc4474 req-ea6d6cb2-2c35-47f5-9187-5fcf2f9be2bb 027e339c828e4e3fb688b676effb2d13 095f04db686f44609bcb3e849a2ced9d - - default default] http://[LB_IP_ADDRESS]:8776/v3/volumes/c4429fd5-5472-41e8-869f-bccc5304c90f returned with HTTP 200
2026-07-06 17:46:29.021 74 INFO cinder.volume.api [req-782e897a-4c96-43b6-a1c6-3b664760a694 req-ed7f7f40-4884-4f45-8140-a4b1c15ff71c bb0ae951b8a0423e95051fafa417078b f02f9b75dc674c5a8aec4fe69b1d1812 - - default default] Create volume request issued successfully.
2026-07-06 17:46:29.023 74 INFO cinder.api.openstack.wsgi [req-782e897a-4c96-43b6-a1c6-3b664760a694 req-ed7f7f40-4884-4f45-8140-a4b1c15ff71c bb0ae951b8a0423e95051fafa417078b f02f9b75dc674c5a8aec4fe69b1d1812 - - default default] http://[LB_IP_ADDRESS]:8776/v3/volumes returned with HTTP 202
2026-07-06 17:46:29.036 76 INFO cinder.api.openstack.wsgi [req-782e897a-4c96-43b6-a1c6-3b664760a694 req-f93333e9-2198-400c-bbf1-9a99b564048b bb0ae951b8a0423e95051fafa417078b f02f9b75dc674c5a8aec4fe69b1d1812 - - default default] GET http://[LB_IP_ADDRESS]:8776/v3/volumes/c7e1032b-1505-4995-bb07-257df5003f25
2026-07-06 17:46:29.059 76 INFO cinder.volume.api [req-782e897a-4c96-43b6-a1c6-3b664760a694 req-f93333e9-2198-400c-bbf1-9a99b564048b bb0ae951b8a0423e95051fafa417078b f02f9b75dc674c5a8aec4fe69b1d1812 - - default default] Volume info retrieved successfully.
2026-07-06 17:46:29.069 76 INFO cinder.api.openstack.wsgi [req-782e897a-4c96-43b6-a1c6-3b664760a694 req-f93333e9-2198-400c-bbf1-9a99b564048b bb0ae951b8a0423e95051fafa417078b f02f9b75dc674c5a8aec4fe69b1d1812 - - default default] http://[LB_IP_ADDRESS]:8776/v3/volumes/c7e1032b-1505-4995-bb07-257df5003f25 returned with HTTP 200
2026-07-06 17:46:29.110 73 INFO cinder.api.openstack.wsgi [req-1145d4c2-c934-4c8b-80c1-22b90445cf02 req-8e23adee-3d88-4723-8282-823dfa5b547c bb0ae951b8a0423e95051fafa417078b f02f9b75dc674c5a8aec4fe69b1d1812 - - default default] GET http://[LB_IP_ADDRESS]:8776/v3/volumes/c7e1032b-1505-4995-bb07-257df5003f25
2026-07-06 17:46:29.132 73 INFO cinder.volume.api [req-1145d4c2-c934-4c8b-80c1-22b90445cf02 req-8e23adee-3d88-4723-8282-823dfa5b547c bb0ae951b8a0423e95051fafa417078b f02f9b75dc674c5a8aec4fe69b1d1812 - - default default] Volume info retrieved successfully.
2026-07-06 17:46:29.142 73 INFO cinder.api.openstack.wsgi [req-1145d4c2-c934-4c8b-80c1-22b90445cf02 req-8e23adee-3d88-4723-8282-823dfa5b547c bb0ae951b8a0423e95051fafa417078b f02f9b75dc674c5a8aec4fe69b1d1812 - - default default] http://[LB_IP_ADDRESS]:8776/v3/volumes/c7e1032b-1505-4995-bb07-257df5003f25 returned with HTTP 200
2026-07-06 17:46:29.222 75 INFO cinder.api.openstack.wsgi [req-e812c1b2-3c41-4c4f-ae1f-6e8b1de9a8b3 req-e2ee4f45-cd7f-43e8-92c5-39e883c56a9b 027e339c828e4e3fb688b676effb2d13 095f04db686f44609bcb3e849a2ced9d - - default default] GET http://[LB_IP_ADDRESS]:8776/v3/volumes/c4429fd5-5472-41e8-869f-bccc5304c90f
2026-07-06 17:46:29.246 75 INFO cinder.volume.api [req-e812c1b2-3c41-4c4f-ae1f-6e8b1de9a8b3 req-e2ee4f45-cd7f-43e8-92c5-39e883c56a9b 027e339c828e4e3fb688b676effb2d13 095f04db686f44609bcb3e849a2ced9d - - default default] Volume info retrieved successfully.
2026-07-06 17:46:29.256 75 INFO cinder.api.openstack.wsgi [req-e812c1b2-3c41-4c4f-ae1f-6e8b1de9a8b3 req-e2ee4f45-cd7f-43e8-92c5-39e883c56a9b 027e339c828e4e3fb688b676effb2d13 095f04db686f44609bcb3e849a2ced9d - - default default] http://[LB_IP_ADDRESS]:8776/v3/volumes/c4429fd5-5472-41e8-869f-bccc5304c90f returned with HTTP 200
2026-07-06 17:46:30.180 72 INFO cinder.api.openstack.wsgi [req-1d5e5b35-c1ea-4084-9cea-7c632cbe5a3c req-dd3e963f-7a9f-4de8-982c-bba99552acfe bb0ae951b8a0423e95051fafa417078b f02f9b75dc674c5a8aec4fe69b1d1812 - - default default] GET http://[LB_IP_ADDRESS]:8776/v3/volumes/c7e1032b-1505-4995-bb07-257df5003f25
2026-07-06 17:46:30.202 72 INFO cinder.volume.api [req-1d5e5b35-c1ea-4084-9cea-7c632cbe5a3c req-dd3e963f-7a9f-4de8-982c-bba99552acfe bb0ae951b8a0423e95051fafa417078b f02f9b75dc674c5a8aec4fe69b1d1812 - - default default] Volume info retrieved successfully.
2026-07-06 17:46:30.211 72 INFO cinder.api.openstack.wsgi [req-1d5e5b35-c1ea-4084-9cea-7c632cbe5a3c req-dd3e963f-7a9f-4de8-982c-bba99552acfe bb0ae951b8a0423e95051fafa417078b f02f9b75dc674c5a8aec4fe69b1d1812 - - default default] http://[LB_IP_ADDRESS]:8776/v3/volumes/c7e1032b-1505-4995-bb07-257df5003f25 returned with HTTP 200
2026-07-06 17:46:30.292 74 INFO cinder.api.openstack.wsgi [req-a0bcc465-50e7-4a5a-a223-a8b901b22a7e req-60d3c15f-0936-466b-bc4c-0a5ab5ca7005 027e339c828e4e3fb688b676effb2d13 095f04db686f44609bcb3e849a2ced9d - - default default] GET http://[LB_IP_ADDRESS]:8776/v3/volumes/c4429fd5-5472-41e8-869f-bccc5304c90f
2026-07-06 17:46:30.314 74 INFO cinder.volume.api [req-a0bcc465-50e7-4a5a-a223-a8b901b22a7e req-60d3c15f-0936-466b-bc4c-0a5ab5ca7005 027e339c828e4e3fb688b676effb2d13 095f04db686f44609bcb3e849a2ced9d - - default default] Volume info retrieved successfully.
2026-07-06 17:46:30.322 74 INFO cinder.api.openstack.wsgi [req-a0bcc465-50e7-4a5a-a223-a8b901b22a7e req-60d3c15f-0936-466b-bc4c-0a5ab5ca7005 027e339c828e4e3fb688b676effb2d13 095f04db686f44609bcb3e849a2ced9d - - default default] http://[LB_IP_ADDRESS]:8776/v3/volumes/c4429fd5-5472-41e8-869f-bccc5304c90f returned with HTTP 200
2026-07-06 17:46:30.358 76 INFO cinder.api.openstack.wsgi [req-a51b45c1-2467-4491-b0f7-9d442440a150 req-d92550aa-bbfd-4efb-b725-d4ac5d85cea9 027e339c828e4e3fb688b676effb2d13 095f04db686f44609bcb3e849a2ced9d - - default default] POST http://[LB_IP_ADDRESS]:8776/v3/snapshots
2026-07-06 17:46:30.377 76 INFO cinder.volume.api [req-a51b45c1-2467-4491-b0f7-9d442440a150 req-d92550aa-bbfd-4efb-b725-d4ac5d85cea9 027e339c828e4e3fb688b676effb2d13 095f04db686f44609bcb3e849a2ced9d - - default default] Volume info retrieved successfully.
2026-07-06 17:46:30.378 76 INFO cinder.api.v3.snapshots [req-a51b45c1-2467-4491-b0f7-9d442440a150 req-d92550aa-bbfd-4efb-b725-d4ac5d85cea9 027e339c828e4e3fb688b676effb2d13 095f04db686f44609bcb3e849a2ced9d - - default default] Create snapshot from volume c4429fd5-5472-41e8-869f-bccc5304c90f
2026-07-06 17:46:30.613 76 INFO cinder.volume.api [req-a51b45c1-2467-4491-b0f7-9d442440a150 req-d92550aa-bbfd-4efb-b725-d4ac5d85cea9 027e339c828e4e3fb688b676effb2d13 095f04db686f44609bcb3e849a2ced9d - - default default] Snapshot create request issued successfully.
2026-07-06 17:46:30.614 76 INFO cinder.api.openstack.wsgi [req-a51b45c1-2467-4491-b0f7-9d442440a150 req-d92550aa-bbfd-4efb-b725-d4ac5d85cea9 027e339c828e4e3fb688b676effb2d13 095f04db686f44609bcb3e849a2ced9d - - default default] http://[LB_IP_ADDRESS]:8776/v3/snapshots returned with HTTP 202
2026-07-06 17:46:30.645 73 INFO cinder.api.openstack.wsgi [req-506b53a8-4228-4f96-b8aa-569809f5bc52 req-025e09cb-c4a9-469c-8201-197e8117634d 027e339c828e4e3fb688b676effb2d13 095f04db686f44609bcb3e849a2ced9d - - default default] GET http://[LB_IP_ADDRESS]:8776/v3/snapshots/432ec8bb-170b-42bd-87a6-5abcc8e10ac0
2026-07-06 17:46:30.656 73 INFO cinder.volume.api [req-506b53a8-4228-4f96-b8aa-569809f5bc52 req-025e09cb-c4a9-469c-8201-197e8117634d 027e339c828e4e3fb688b676effb2d13 095f04db686f44609bcb3e849a2ced9d - - default default] Snapshot retrieved successfully.
2026-07-06 17:46:30.658 73 INFO cinder.api.openstack.wsgi [req-506b53a8-4228-4f96-b8aa-569809f5bc52 req-025e09cb-c4a9-469c-8201-197e8117634d 027e339c828e4e3fb688b676effb2d13 095f04db686f44609bcb3e849a2ced9d - - default default] http://[LB_IP_ADDRESS]:8776/v3/snapshots/432ec8bb-170b-42bd-87a6-5abcc8e10ac0 returned with HTTP 200
2026-07-06 17:46:30.689 75 INFO cinder.api.openstack.wsgi [req-c6be23d7-908d-4a70-9e47-5618b39c6ee9 req-70fbfd54-14dd-4325-873d-cd2fb234bcfa 027e339c828e4e3fb688b676effb2d13 095f04db686f44609bcb3e849a2ced9d - - default default] GET http://[LB_IP_ADDRESS]:8776/v3/snapshots/detail
2026-07-06 17:46:30.698 75 INFO cinder.volume.api [req-c6be23d7-908d-4a70-9e47-5618b39c6ee9 req-70fbfd54-14dd-4325-873d-cd2fb234bcfa 027e339c828e4e3fb688b676effb2d13 095f04db686f44609bcb3e849a2ced9d - - default default] Get all snapshots completed successfully.
2026-07-06 17:46:30.701 75 INFO cinder.api.openstack.wsgi [req-c6be23d7-908d-4a70-9e47-5618b39c6ee9 req-70fbfd54-14dd-4325-873d-cd2fb234bcfa 027e339c828e4e3fb688b676effb2d13 095f04db686f44609bcb3e849a2ced9d - - default default] http://[LB_IP_ADDRESS]:8776/v3/snapshots/detail returned with HTTP 200
2026-07-06 17:46:30.731 72 INFO cinder.api.openstack.wsgi [req-29b38472-f8b3-4a57-8b3e-506c6e278d55 req-526285f1-2ddf-4560-bff2-36a9c27d0f83 027e339c828e4e3fb688b676effb2d13 095f04db686f44609bcb3e849a2ced9d - - default default] GET http://[LB_IP_ADDRESS]:8776/v3/snapshots/432ec8bb-170b-42bd-87a6-5abcc8e10ac0
2026-07-06 17:46:30.741 72 INFO cinder.volume.api [req-29b38472-f8b3-4a57-8b3e-506c6e278d55 req-526285f1-2ddf-4560-bff2-36a9c27d0f83 027e339c828e4e3fb688b676effb2d13 095f04db686f44609bcb3e849a2ced9d - - default default] Snapshot retrieved successfully.
2026-07-06 17:46:30.742 72 INFO cinder.api.openstack.wsgi [req-29b38472-f8b3-4a57-8b3e-506c6e278d55 req-526285f1-2ddf-4560-bff2-36a9c27d0f83 027e339c828e4e3fb688b676effb2d13 095f04db686f44609bcb3e849a2ced9d - - default default] http://[LB_IP_ADDRESS]:8776/v3/snapshots/432ec8bb-170b-42bd-87a6-5abcc8e10ac0 returned with HTTP 200
2026-07-06 17:46:31.247 74 INFO cinder.api.openstack.wsgi [req-bb7590aa-8ae0-47f4-9248-884985f52480 req-4101c985-3de7-45b3-9d11-75736e766163 bb0ae951b8a0423e95051fafa417078b f02f9b75dc674c5a8aec4fe69b1d1812 - - default default] GET http://[LB_IP_ADDRESS]:8776/v3/volumes/c7e1032b-1505-4995-bb07-257df5003f25
2026-07-06 17:46:31.266 74 INFO cinder.volume.api [req-bb7590aa-8ae0-47f4-9248-884985f52480 req-4101c985-3de7-45b3-9d11-75736e766163 bb0ae951b8a0423e95051fafa417078b f02f9b75dc674c5a8aec4fe69b1d1812 - - default default] Volume info retrieved successfully.
2026-07-06 17:46:31.274 74 INFO cinder.api.openstack.wsgi [req-bb7590aa-8ae0-47f4-9248-884985f52480 req-4101c985-3de7-45b3-9d11-75736e766163 bb0ae951b8a0423e95051fafa417078b f02f9b75dc674c5a8aec4fe69b1d1812 - - default default] http://[LB_IP_ADDRESS]:8776/v3/volumes/c7e1032b-1505-4995-bb07-257df5003f25 returned with HTTP 200
2026-07-06 17:46:31.311 76 INFO cinder.api.openstack.wsgi [req-92657d24-52f7-4955-90b9-079e6bbfb3cc req-184770fa-04c2-4931-8bea-60e7394c84b0 bb0ae951b8a0423e95051fafa417078b f02f9b75dc674c5a8aec4fe69b1d1812 - - default default] GET http://[LB_IP_ADDRESS]:8776/v3/volumes/c7e1032b-1505-4995-bb07-257df5003f25
2026-07-06 17:46:31.333 76 INFO cinder.volume.api [req-92657d24-52f7-4955-90b9-079e6bbfb3cc req-184770fa-04c2-4931-8bea-60e7394c84b0 bb0ae951b8a0423e95051fafa417078b f02f9b75dc674c5a8aec4fe69b1d1812 - - default default] Volume info retrieved successfully.
2026-07-06 17:46:31.343 76 INFO cinder.api.openstack.wsgi [req-92657d24-52f7-4955-90b9-079e6bbfb3cc req-184770fa-04c2-4931-8bea-60e7394c84b0 bb0ae951b8a0423e95051fafa417078b f02f9b75dc674c5a8aec4fe69b1d1812 - - default default] http://[LB_IP_ADDRESS]:8776/v3/volumes/c7e1032b-1505-4995-bb07-257df5003f25 returned with HTTP 200
2026-07-06 17:46:31.383 73 INFO cinder.api.openstack.wsgi [req-bff06251-b11b-4946-be2b-cb90d916ac7a req-fa9cc7d1-c501-43bd-b601-1c6f5aae45f9 bb0ae951b8a0423e95051fafa417078b f02f9b75dc674c5a8aec4fe69b1d1812 - - default default] DELETE http://[LB_IP_ADDRESS]:8776/v3/volumes/c7e1032b-1505-4995-bb07-257df5003f25
2026-07-06 17:46:31.384 73 INFO cinder.api.v3.volumes [req-bff06251-b11b-4946-be2b-cb90d916ac7a req-fa9cc7d1-c501-43bd-b601-1c6f5aae45f9 bb0ae951b8a0423e95051fafa417078b f02f9b75dc674c5a8aec4fe69b1d1812 - - default default] Delete volume with id: c7e1032b-1505-4995-bb07-257df5003f25 
2026-07-06 17:46:31.400 73 INFO cinder.volume.api [req-bff06251-b11b-4946-be2b-cb90d916ac7a req-fa9cc7d1-c501-43bd-b601-1c6f5aae45f9 bb0ae951b8a0423e95051fafa417078b f02f9b75dc674c5a8aec4fe69b1d1812 - - default default] Volume info retrieved successfully.
2026-07-06 17:46:31.438 73 INFO cinder.volume.api [req-bff06251-b11b-4946-be2b-cb90d916ac7a req-fa9cc7d1-c501-43bd-b601-1c6f5aae45f9 bb0ae951b8a0423e95051fafa417078b f02f9b75dc674c5a8aec4fe69b1d1812 - - default default] Delete volume request issued successfully.
2026-07-06 17:46:31.438 73 INFO cinder.api.openstack.wsgi [req-bff06251-b11b-4946-be2b-cb90d916ac7a req-fa9cc7d1-c501-43bd-b601-1c6f5aae45f9 bb0ae951b8a0423e95051fafa417078b f02f9b75dc674c5a8aec4fe69b1d1812 - - default default] http://[LB_IP_ADDRESS]:8776/v3/volumes/c7e1032b-1505-4995-bb07-257df5003f25 returned with HTTP 202
2026-07-06 17:46:31.469 75 INFO cinder.api.openstack.wsgi [req-ea39cf6e-de4b-4abf-94d4-035b3df78909 req-7a87c4cf-88e8-47b1-b34f-07cd4c496da5 bb0ae951b8a0423e95051fafa417078b f02f9b75dc674c5a8aec4fe69b1d1812 - - default default] GET http://[LB_IP_ADDRESS]:8776/v3/volumes/c7e1032b-1505-4995-bb07-257df5003f25
2026-07-06 17:46:31.491 75 INFO cinder.volume.api [req-ea39cf6e-de4b-4abf-94d4-035b3df78909 req-7a87c4cf-88e8-47b1-b34f-07cd4c496da5 bb0ae951b8a0423e95051fafa417078b f02f9b75dc674c5a8aec4fe69b1d1812 - - default default] Volume info retrieved successfully.
2026-07-06 17:46:31.501 75 INFO cinder.api.openstack.wsgi [req-ea39cf6e-de4b-4abf-94d4-035b3df78909 req-7a87c4cf-88e8-47b1-b34f-07cd4c496da5 bb0ae951b8a0423e95051fafa417078b f02f9b75dc674c5a8aec4fe69b1d1812 - - default default] http://[LB_IP_ADDRESS]:8776/v3/volumes/c7e1032b-1505-4995-bb07-257df5003f25 returned with HTTP 200
2026-07-06 17:46:31.774 72 INFO cinder.api.openstack.wsgi [req-36cd6643-b638-491b-a949-83334e4d1fda req-492598dc-1c3e-464e-a215-e754cd108cb8 027e339c828e4e3fb688b676effb2d13 095f04db686f44609bcb3e849a2ced9d - - default default] GET http://[LB_IP_ADDRESS]:8776/v3/snapshots/432ec8bb-170b-42bd-87a6-5abcc8e10ac0
2026-07-06 17:46:31.788 72 INFO cinder.volume.api [req-36cd6643-b638-491b-a949-83334e4d1fda req-492598dc-1c3e-464e-a215-e754cd108cb8 027e339c828e4e3fb688b676effb2d13 095f04db686f44609bcb3e849a2ced9d - - default default] Snapshot retrieved successfully.
2026-07-06 17:46:31.790 72 INFO cinder.api.openstack.wsgi [req-36cd6643-b638-491b-a949-83334e4d1fda req-492598dc-1c3e-464e-a215-e754cd108cb8 027e339c828e4e3fb688b676effb2d13 095f04db686f44609bcb3e849a2ced9d - - default default] http://[LB_IP_ADDRESS]:8776/v3/snapshots/432ec8bb-170b-42bd-87a6-5abcc8e10ac0 returned with HTTP 200
2026-07-06 17:46:31.821 74 INFO cinder.api.openstack.wsgi [req-ca0f1c96-fb78-4d6c-8282-e761eabbae45 req-abf4f6a0-79b4-4d0a-9131-ddacb9533522 027e339c828e4e3fb688b676effb2d13 095f04db686f44609bcb3e849a2ced9d - - default default] DELETE http://[LB_IP_ADDRESS]:8776/v3/snapshots/432ec8bb-170b-42bd-87a6-5abcc8e10ac0
2026-07-06 17:46:31.822 74 INFO cinder.api.v2.snapshots [req-ca0f1c96-fb78-4d6c-8282-e761eabbae45 req-abf4f6a0-79b4-4d0a-9131-ddacb9533522 027e339c828e4e3fb688b676effb2d13 095f04db686f44609bcb3e849a2ced9d - - default default] Delete snapshot with id: 432ec8bb-170b-42bd-87a6-5abcc8e10ac0
2026-07-06 17:46:31.832 74 INFO cinder.volume.api [req-ca0f1c96-fb78-4d6c-8282-e761eabbae45 req-abf4f6a0-79b4-4d0a-9131-ddacb9533522 027e339c828e4e3fb688b676effb2d13 095f04db686f44609bcb3e849a2ced9d - - default default] Snapshot retrieved successfully.
2026-07-06 17:46:31.862 74 INFO cinder.volume.api [req-ca0f1c96-fb78-4d6c-8282-e761eabbae45 req-abf4f6a0-79b4-4d0a-9131-ddacb9533522 027e339c828e4e3fb688b676effb2d13 095f04db686f44609bcb3e849a2ced9d - - default default] Snapshot delete request issued successfully.
2026-07-06 17:46:31.863 74 INFO cinder.api.openstack.wsgi [req-ca0f1c96-fb78-4d6c-8282-e761eabbae45 req-abf4f6a0-79b4-4d0a-9131-ddacb9533522 027e339c828e4e3fb688b676effb2d13 095f04db686f44609bcb3e849a2ced9d - - default default] http://[LB_IP_ADDRESS]:8776/v3/snapshots/432ec8bb-170b-42bd-87a6-5abcc8e10ac0 returned with HTTP 202
2026-07-06 17:46:31.893 76 INFO cinder.api.openstack.wsgi [req-e5b88f87-a94f-429a-8b27-17f79bd41a9f req-2902e427-55cc-4bfe-8181-3e00aeeab6a3 027e339c828e4e3fb688b676effb2d13 095f04db686f44609bcb3e849a2ced9d - - default default] GET http://[LB_IP_ADDRESS]:8776/v3/snapshots/432ec8bb-170b-42bd-87a6-5abcc8e10ac0
2026-07-06 17:46:31.904 76 INFO cinder.volume.api [req-e5b88f87-a94f-429a-8b27-17f79bd41a9f req-2902e427-55cc-4bfe-8181-3e00aeeab6a3 027e339c828e4e3fb688b676effb2d13 095f04db686f44609bcb3e849a2ced9d - - default default] Snapshot retrieved successfully.
2026-07-06 17:46:31.906 76 INFO cinder.api.openstack.wsgi [req-e5b88f87-a94f-429a-8b27-17f79bd41a9f req-2902e427-55cc-4bfe-8181-3e00aeeab6a3 027e339c828e4e3fb688b676effb2d13 095f04db686f44609bcb3e849a2ced9d - - default default] http://[LB_IP_ADDRESS]:8776/v3/snapshots/432ec8bb-170b-42bd-87a6-5abcc8e10ac0 returned with HTTP 200
2026-07-06 17:46:32.537 73 INFO cinder.api.openstack.wsgi [req-5bb01153-c063-4b9d-826a-c856d7a469a4 req-473a1267-788f-4b79-b4d3-5f5a1f26b3fc bb0ae951b8a0423e95051fafa417078b f02f9b75dc674c5a8aec4fe69b1d1812 - - default default] GET http://[LB_IP_ADDRESS]:8776/v3/volumes/c7e1032b-1505-4995-bb07-257df5003f25
2026-07-06 17:46:32.550 73 INFO cinder.api.openstack.wsgi [req-5bb01153-c063-4b9d-826a-c856d7a469a4 req-473a1267-788f-4b79-b4d3-5f5a1f26b3fc bb0ae951b8a0423e95051fafa417078b f02f9b75dc674c5a8aec4fe69b1d1812 - - default default] http://[LB_IP_ADDRESS]:8776/v3/volumes/c7e1032b-1505-4995-bb07-257df5003f25 returned with HTTP 404
2026-07-06 17:46:32.939 75 INFO cinder.api.openstack.wsgi [req-9a3d18e3-6ee1-493c-9028-5b9425162619 req-ebc27eeb-651d-4e48-9e77-31a97573c13d 027e339c828e4e3fb688b676effb2d13 095f04db686f44609bcb3e849a2ced9d - - default default] GET http://[LB_IP_ADDRESS]:8776/v3/snapshots/432ec8bb-170b-42bd-87a6-5abcc8e10ac0
2026-07-06 17:46:32.949 75 INFO cinder.api.openstack.wsgi [req-9a3d18e3-6ee1-493c-9028-5b9425162619 req-ebc27eeb-651d-4e48-9e77-31a97573c13d 027e339c828e4e3fb688b676effb2d13 095f04db686f44609bcb3e849a2ced9d - - default default] http://[LB_IP_ADDRESS]:8776/v3/snapshots/432ec8bb-170b-42bd-87a6-5abcc8e10ac0 returned with HTTP 404
2026-07-06 17:46:32.974 72 INFO cinder.api.openstack.wsgi [req-03f5e3f9-1c15-4c2a-afd3-71659b7a6317 req-3fd11470-faba-4cdc-be91-be9dc78616ac 027e339c828e4e3fb688b676effb2d13 095f04db686f44609bcb3e849a2ced9d - - default default] DELETE http://[LB_IP_ADDRESS]:8776/v3/volumes/c4429fd5-5472-41e8-869f-bccc5304c90f
2026-07-06 17:46:32.975 72 INFO cinder.api.v3.volumes [req-03f5e3f9-1c15-4c2a-afd3-71659b7a6317 req-3fd11470-faba-4cdc-be91-be9dc78616ac 027e339c828e4e3fb688b676effb2d13 095f04db686f44609bcb3e849a2ced9d - - default default] Delete volume with id: c4429fd5-5472-41e8-869f-bccc5304c90f 
2026-07-06 17:46:32.991 72 INFO cinder.volume.api [req-03f5e3f9-1c15-4c2a-afd3-71659b7a6317 req-3fd11470-faba-4cdc-be91-be9dc78616ac 027e339c828e4e3fb688b676effb2d13 095f04db686f44609bcb3e849a2ced9d - - default default] Volume info retrieved successfully.
2026-07-06 17:46:33.024 72 INFO cinder.volume.api [req-03f5e3f9-1c15-4c2a-afd3-71659b7a6317 req-3fd11470-faba-4cdc-be91-be9dc78616ac 027e339c828e4e3fb688b676effb2d13 095f04db686f44609bcb3e849a2ced9d - - default default] Delete volume request issued successfully.
2026-07-06 17:46:33.024 72 INFO cinder.api.openstack.wsgi [req-03f5e3f9-1c15-4c2a-afd3-71659b7a6317 req-3fd11470-faba-4cdc-be91-be9dc78616ac 027e339c828e4e3fb688b676effb2d13 095f04db686f44609bcb3e849a2ced9d - - default default] http://[LB_IP_ADDRESS]:8776/v3/volumes/c4429fd5-5472-41e8-869f-bccc5304c90f returned with HTTP 202
2026-07-06 17:46:33.053 74 INFO cinder.api.openstack.wsgi [req-0949eaf4-46af-4b95-8a13-3be81b65d9cf req-189e8760-6cc5-49e5-b324-a575864b0669 027e339c828e4e3fb688b676effb2d13 095f04db686f44609bcb3e849a2ced9d - - default default] GET http://[LB_IP_ADDRESS]:8776/v3/volumes/c4429fd5-5472-41e8-869f-bccc5304c90f
2026-07-06 17:46:33.075 74 INFO cinder.volume.api [req-0949eaf4-46af-4b95-8a13-3be81b65d9cf req-189e8760-6cc5-49e5-b324-a575864b0669 027e339c828e4e3fb688b676effb2d13 095f04db686f44609bcb3e849a2ced9d - - default default] Volume info retrieved successfully.
2026-07-06 17:46:33.084 74 INFO cinder.api.openstack.wsgi [req-0949eaf4-46af-4b95-8a13-3be81b65d9cf req-189e8760-6cc5-49e5-b324-a575864b0669 027e339c828e4e3fb688b676effb2d13 095f04db686f44609bcb3e849a2ced9d - - default default] http://[LB_IP_ADDRESS]:8776/v3/volumes/c4429fd5-5472-41e8-869f-bccc5304c90f returned with HTTP 200
2026-07-06 17:46:34.119 76 INFO cinder.api.openstack.wsgi [req-7e210b3a-03f4-4ecc-85f8-c5c05ccd2f41 req-45a95679-32fa-4408-b66e-ff5e099c68ba 027e339c828e4e3fb688b676effb2d13 095f04db686f44609bcb3e849a2ced9d - - default default] GET http://[LB_IP_ADDRESS]:8776/v3/volumes/c4429fd5-5472-41e8-869f-bccc5304c90f
2026-07-06 17:46:34.129 76 INFO cinder.api.openstack.wsgi [req-7e210b3a-03f4-4ecc-85f8-c5c05ccd2f41 req-45a95679-32fa-4408-b66e-ff5e099c68ba 027e339c828e4e3fb688b676effb2d13 095f04db686f44609bcb3e849a2ced9d - - default default] http://[LB_IP_ADDRESS]:8776/v3/volumes/c4429fd5-5472-41e8-869f-bccc5304c90f returned with HTTP 404
2026-07-06 17:46:34.166 73 INFO cinder.api.openstack.wsgi [req-f2222bd8-db65-4dc3-9642-06832194dddf req-06c10dcd-e817-4157-9372-7560d8e778df 027e339c828e4e3fb688b676effb2d13 095f04db686f44609bcb3e849a2ced9d - - default default] DELETE http://[LB_IP_ADDRESS]:8776/v3/volumes/c4429fd5-5472-41e8-869f-bccc5304c90f
2026-07-06 17:46:34.166 73 INFO cinder.api.v3.volumes [req-f2222bd8-db65-4dc3-9642-06832194dddf req-06c10dcd-e817-4157-9372-7560d8e778df 027e339c828e4e3fb688b676effb2d13 095f04db686f44609bcb3e849a2ced9d - - default default] Delete volume with id: c4429fd5-5472-41e8-869f-bccc5304c90f 
2026-07-06 17:46:34.176 73 INFO cinder.api.openstack.wsgi [req-f2222bd8-db65-4dc3-9642-06832194dddf req-06c10dcd-e817-4157-9372-7560d8e778df 027e339c828e4e3fb688b676effb2d13 095f04db686f44609bcb3e849a2ced9d - - default default] http://[LB_IP_ADDRESS]:8776/v3/volumes/c4429fd5-5472-41e8-869f-bccc5304c90f returned with HTTP 404
2026-07-06 17:46:34.206 75 INFO cinder.api.openstack.wsgi [req-bd7a2d1c-1bea-466d-a0ea-606b6f5b6550 req-60708b3f-3a1f-42c7-82ea-3b11940621e1 027e339c828e4e3fb688b676effb2d13 095f04db686f44609bcb3e849a2ced9d - - default default] GET http://[LB_IP_ADDRESS]:8776/v3/volumes/c4429fd5-5472-41e8-869f-bccc5304c90f
2026-07-06 17:46:34.218 75 INFO cinder.api.openstack.wsgi [req-bd7a2d1c-1bea-466d-a0ea-606b6f5b6550 req-60708b3f-3a1f-42c7-82ea-3b11940621e1 027e339c828e4e3fb688b676effb2d13 095f04db686f44609bcb3e849a2ced9d - - default default] http://[LB_IP_ADDRESS]:8776/v3/volumes/c4429fd5-5472-41e8-869f-bccc5304c90f returned with HTTP 404
2026-07-06 17:46:34.913 72 INFO cinder.api.openstack.wsgi [None req-ff653003-134c-467f-9541-50328baf0850 240a0483f808483db10d14d4ecb36485 a5464ac9dede4131b61d8b728c8d45bd - - default default] POST http://[LB_IP_ADDRESS]:8776/v3/a5464ac9dede4131b61d8b728c8d45bd/types
2026-07-06 17:46:34.952 72 INFO cinder.api.openstack.wsgi [None req-ff653003-134c-467f-9541-50328baf0850 240a0483f808483db10d14d4ecb36485 a5464ac9dede4131b61d8b728c8d45bd - - default default] http://[LB_IP_ADDRESS]:8776/v3/a5464ac9dede4131b61d8b728c8d45bd/types returned with HTTP 200
2026-07-06 17:46:34.970 74 INFO cinder.api.openstack.wsgi [None req-cd80c78b-4c33-459d-bbf8-e839f27c2cb1 240a0483f808483db10d14d4ecb36485 a5464ac9dede4131b61d8b728c8d45bd - - default default] POST http://[LB_IP_ADDRESS]:8776/v3/a5464ac9dede4131b61d8b728c8d45bd/group_types
2026-07-06 17:46:35.004 74 INFO cinder.api.openstack.wsgi [None req-cd80c78b-4c33-459d-bbf8-e839f27c2cb1 240a0483f808483db10d14d4ecb36485 a5464ac9dede4131b61d8b728c8d45bd - - default default] http://[LB_IP_ADDRESS]:8776/v3/a5464ac9dede4131b61d8b728c8d45bd/group_types returned with HTTP 202
2026-07-06 17:46:35.207 76 INFO cinder.api.openstack.wsgi [None req-ce6a67d1-d89f-42a9-a233-040bb1bf66a3 c884ec8a1e9f4d00973bd508a6b79aec dde643ab560447389ab57b97f38c5451 - - default default] POST http://[LB_IP_ADDRESS]:8776/v3/dde643ab560447389ab57b97f38c5451/groups
2026-07-06 17:46:35.220 76 INFO cinder.api.v3.groups [None req-ce6a67d1-d89f-42a9-a233-040bb1bf66a3 c884ec8a1e9f4d00973bd508a6b79aec dde643ab560447389ab57b97f38c5451 - - default default] Creating group tempest-GroupSnapshotsTest-Group-1424440353.
2026-07-06 17:46:35.231 76 INFO cinder.volume.api [None req-ce6a67d1-d89f-42a9-a233-040bb1bf66a3 c884ec8a1e9f4d00973bd508a6b79aec dde643ab560447389ab57b97f38c5451 - - default default] Availability Zones retrieved successfully.
2026-07-06 17:46:35.429 76 INFO cinder.api.openstack.wsgi [None req-ce6a67d1-d89f-42a9-a233-040bb1bf66a3 c884ec8a1e9f4d00973bd508a6b79aec dde643ab560447389ab57b97f38c5451 - - default default] http://[LB_IP_ADDRESS]:8776/v3/dde643ab560447389ab57b97f38c5451/groups returned with HTTP 202
2026-07-06 17:46:35.444 73 INFO cinder.api.openstack.wsgi [None req-5478dad4-d386-46a6-96cd-0849ca41f792 c884ec8a1e9f4d00973bd508a6b79aec dde643ab560447389ab57b97f38c5451 - - default default] GET http://[LB_IP_ADDRESS]:8776/v3/dde643ab560447389ab57b97f38c5451/groups/006c90c1-6c2b-4fc7-b951-da0b72fdd1c2
2026-07-06 17:46:35.468 73 INFO cinder.api.openstack.wsgi [None req-5478dad4-d386-46a6-96cd-0849ca41f792 c884ec8a1e9f4d00973bd508a6b79aec dde643ab560447389ab57b97f38c5451 - - default default] http://[LB_IP_ADDRESS]:8776/v3/dde643ab560447389ab57b97f38c5451/groups/006c90c1-6c2b-4fc7-b951-da0b72fdd1c2 returned with HTTP 200
2026-07-06 17:46:36.485 75 INFO cinder.api.openstack.wsgi [None req-e26e188b-45f9-4888-bfe0-5b2c060deb17 c884ec8a1e9f4d00973bd508a6b79aec dde643ab560447389ab57b97f38c5451 - - default default] GET http://[LB_IP_ADDRESS]:8776/v3/dde643ab560447389ab57b97f38c5451/groups/006c90c1-6c2b-4fc7-b951-da0b72fdd1c2
2026-07-06 17:46:36.511 75 INFO cinder.api.openstack.wsgi [None req-e26e188b-45f9-4888-bfe0-5b2c060deb17 c884ec8a1e9f4d00973bd508a6b79aec dde643ab560447389ab57b97f38c5451 - - default default] http://[LB_IP_ADDRESS]:8776/v3/dde643ab560447389ab57b97f38c5451/groups/006c90c1-6c2b-4fc7-b951-da0b72fdd1c2 returned with HTTP 200
2026-07-06 17:46:36.527 72 INFO cinder.api.openstack.wsgi [None req-a5d61491-4b81-4dfe-8444-5c5319b00ed1 c884ec8a1e9f4d00973bd508a6b79aec dde643ab560447389ab57b97f38c5451 - - default default] POST http://[LB_IP_ADDRESS]:8776/v3/dde643ab560447389ab57b97f38c5451/volumes
2026-07-06 17:46:36.544 72 INFO cinder.api.v3.volumes [None req-a5d61491-4b81-4dfe-8444-5c5319b00ed1 c884ec8a1e9f4d00973bd508a6b79aec dde643ab560447389ab57b97f38c5451 - - default default] Create volume of 1 GB
2026-07-06 17:46:36.553 72 INFO cinder.volume.api [None req-a5d61491-4b81-4dfe-8444-5c5319b00ed1 c884ec8a1e9f4d00973bd508a6b79aec dde643ab560447389ab57b97f38c5451 - - default default] Availability Zones retrieved successfully.
2026-07-06 17:46:37.541 72 WARNING cinder.quota [None req-a5d61491-4b81-4dfe-8444-5c5319b00ed1 c884ec8a1e9f4d00973bd508a6b79aec dde643ab560447389ab57b97f38c5451 - - default default] Deprecated: Default quota for resource: volumes_tempest-GroupSnapshotsTest-volume-type-1523092771 is set by the default quota flag: quota_volumes_tempest-GroupSnapshotsTest-volume-type-1523092771, it is now deprecated. Please use the default quota class for default quota.
2026-07-06 17:46:37.542 72 WARNING cinder.quota [None req-a5d61491-4b81-4dfe-8444-5c5319b00ed1 c884ec8a1e9f4d00973bd508a6b79aec dde643ab560447389ab57b97f38c5451 - - default default] Deprecated: Default quota for resource: gigabytes_tempest-GroupSnapshotsTest-volume-type-1523092771 is set by the default quota flag: quota_gigabytes_tempest-GroupSnapshotsTest-volume-type-1523092771, it is now deprecated. Please use the default quota class for default quota.
2026-07-06 17:46:37.692 72 INFO cinder.volume.api [None req-a5d61491-4b81-4dfe-8444-5c5319b00ed1 c884ec8a1e9f4d00973bd508a6b79aec dde643ab560447389ab57b97f38c5451 - - default default] Create volume request issued successfully.
2026-07-06 17:46:37.715 72 INFO cinder.api.openstack.wsgi [None req-a5d61491-4b81-4dfe-8444-5c5319b00ed1 c884ec8a1e9f4d00973bd508a6b79aec dde643ab560447389ab57b97f38c5451 - - default default] http://[LB_IP_ADDRESS]:8776/v3/dde643ab560447389ab57b97f38c5451/volumes returned with HTTP 202
2026-07-06 17:46:37.735 74 INFO cinder.api.openstack.wsgi [None req-64582eec-6a06-4bed-bcd2-e46f92d6521f c884ec8a1e9f4d00973bd508a6b79aec dde643ab560447389ab57b97f38c5451 - - default default] GET http://[LB_IP_ADDRESS]:8776/v3/dde643ab560447389ab57b97f38c5451/volumes/08365a09-8227-4b8a-9174-0c71ccb7235f
2026-07-06 17:46:37.757 74 INFO cinder.volume.api [None req-64582eec-6a06-4bed-bcd2-e46f92d6521f c884ec8a1e9f4d00973bd508a6b79aec dde643ab560447389ab57b97f38c5451 - - default default] Volume info retrieved successfully.
2026-07-06 17:46:37.788 74 INFO cinder.api.openstack.wsgi [None req-64582eec-6a06-4bed-bcd2-e46f92d6521f c884ec8a1e9f4d00973bd508a6b79aec dde643ab560447389ab57b97f38c5451 - - default default] http://[LB_IP_ADDRESS]:8776/v3/dde643ab560447389ab57b97f38c5451/volumes/08365a09-8227-4b8a-9174-0c71ccb7235f returned with HTTP 200
2026-07-06 17:46:38.261 76 INFO cinder.api.openstack.wsgi [None req-166ec83a-17cd-4c1b-b920-48ce39ff27ab 6268b8944b014cd7826d3c504f631251 a9cf5732b9ee478099809b5718b4fc48 - - default default] POST http://[LB_IP_ADDRESS]:8776/v3/a9cf5732b9ee478099809b5718b4fc48/group_types
2026-07-06 17:46:38.286 76 INFO cinder.api.openstack.wsgi [None req-166ec83a-17cd-4c1b-b920-48ce39ff27ab 6268b8944b014cd7826d3c504f631251 a9cf5732b9ee478099809b5718b4fc48 - - default default] http://[LB_IP_ADDRESS]:8776/v3/a9cf5732b9ee478099809b5718b4fc48/group_types returned with HTTP 202
2026-07-06 17:46:38.300 75 INFO cinder.api.openstack.wsgi [None req-2280bd4a-f99f-4d85-aba0-6dade916c954 6268b8944b014cd7826d3c504f631251 a9cf5732b9ee478099809b5718b4fc48 - - default default] POST http://[LB_IP_ADDRESS]:8776/v3/a9cf5732b9ee478099809b5718b4fc48/group_types/3174e6c9-88eb-4960-9fdc-707cf932e7ba/group_specs
2026-07-06 17:46:38.309 73 INFO cinder.api.openstack.wsgi [None req-03156a0f-164f-41bd-a56e-d3148f2d8f01 771e983f981a4592991e251ddccc5d6d 4149bf0c0fe740fc9e6ba39d2abdb129 - - default default] POST http://[LB_IP_ADDRESS]:8776/v3/4149bf0c0fe740fc9e6ba39d2abdb129/volumes
2026-07-06 17:46:38.313 73 INFO cinder.api.v3.volumes [None req-03156a0f-164f-41bd-a56e-d3148f2d8f01 771e983f981a4592991e251ddccc5d6d 4149bf0c0fe740fc9e6ba39d2abdb129 - - default default] Create volume of 1 GB
2026-07-06 17:46:38.318 75 INFO cinder.api.openstack.wsgi [None req-2280bd4a-f99f-4d85-aba0-6dade916c954 6268b8944b014cd7826d3c504f631251 a9cf5732b9ee478099809b5718b4fc48 - - default default] http://[LB_IP_ADDRESS]:8776/v3/a9cf5732b9ee478099809b5718b4fc48/group_types/3174e6c9-88eb-4960-9fdc-707cf932e7ba/group_specs returned with HTTP 202
2026-07-06 17:46:38.325 73 INFO cinder.volume.api [None req-03156a0f-164f-41bd-a56e-d3148f2d8f01 771e983f981a4592991e251ddccc5d6d 4149bf0c0fe740fc9e6ba39d2abdb129 - - default default] Availability Zones retrieved successfully.
2026-07-06 17:46:38.333 72 INFO cinder.api.openstack.wsgi [None req-285060fa-782d-4b2d-89c9-a2ebc6c0f1ae 6268b8944b014cd7826d3c504f631251 a9cf5732b9ee478099809b5718b4fc48 - - default default] POST http://[LB_IP_ADDRESS]:8776/v3/a9cf5732b9ee478099809b5718b4fc48/group_types/3174e6c9-88eb-4960-9fdc-707cf932e7ba/group_specs
2026-07-06 17:46:38.354 72 INFO cinder.api.openstack.wsgi [None req-285060fa-782d-4b2d-89c9-a2ebc6c0f1ae 6268b8944b014cd7826d3c504f631251 a9cf5732b9ee478099809b5718b4fc48 - - default default] http://[LB_IP_ADDRESS]:8776/v3/a9cf5732b9ee478099809b5718b4fc48/group_types/3174e6c9-88eb-4960-9fdc-707cf932e7ba/group_specs returned with HTTP 202
2026-07-06 17:46:38.369 74 INFO cinder.api.openstack.wsgi [None req-7ecad49a-ba87-46d7-9217-17b20b6bf775 6268b8944b014cd7826d3c504f631251 a9cf5732b9ee478099809b5718b4fc48 - - default default] GET http://[LB_IP_ADDRESS]:8776/v3/a9cf5732b9ee478099809b5718b4fc48/group_types/3174e6c9-88eb-4960-9fdc-707cf932e7ba/group_specs/key2
2026-07-06 17:46:38.380 74 INFO cinder.api.openstack.wsgi [None req-7ecad49a-ba87-46d7-9217-17b20b6bf775 6268b8944b014cd7826d3c504f631251 a9cf5732b9ee478099809b5718b4fc48 - - default default] http://[LB_IP_ADDRESS]:8776/v3/a9cf5732b9ee478099809b5718b4fc48/group_types/3174e6c9-88eb-4960-9fdc-707cf932e7ba/group_specs/key2 returned with HTTP 200
2026-07-06 17:46:38.393 76 INFO cinder.api.openstack.wsgi [None req-bd8b1d37-e9f0-41d5-855d-f2f8951246a0 6268b8944b014cd7826d3c504f631251 a9cf5732b9ee478099809b5718b4fc48 - - default default] GET http://[LB_IP_ADDRESS]:8776/v3/a9cf5732b9ee478099809b5718b4fc48/group_types/3174e6c9-88eb-4960-9fdc-707cf932e7ba/group_specs/key3
2026-07-06 17:46:38.403 76 INFO cinder.api.openstack.wsgi [None req-bd8b1d37-e9f0-41d5-855d-f2f8951246a0 6268b8944b014cd7826d3c504f631251 a9cf5732b9ee478099809b5718b4fc48 - - default default] http://[LB_IP_ADDRESS]:8776/v3/a9cf5732b9ee478099809b5718b4fc48/group_types/3174e6c9-88eb-4960-9fdc-707cf932e7ba/group_specs/key3 returned with HTTP 200
2026-07-06 17:46:38.417 75 INFO cinder.api.openstack.wsgi [None req-77f31d89-f1d0-45db-88df-115fdc9a433e 6268b8944b014cd7826d3c504f631251 a9cf5732b9ee478099809b5718b4fc48 - - default default] PUT http://[LB_IP_ADDRESS]:8776/v3/a9cf5732b9ee478099809b5718b4fc48/group_types/3174e6c9-88eb-4960-9fdc-707cf932e7ba/group_specs/key3
2026-07-06 17:46:38.434 75 INFO cinder.api.openstack.wsgi [None req-77f31d89-f1d0-45db-88df-115fdc9a433e 6268b8944b014cd7826d3c504f631251 a9cf5732b9ee478099809b5718b4fc48 - - default default] http://[LB_IP_ADDRESS]:8776/v3/a9cf5732b9ee478099809b5718b4fc48/group_types/3174e6c9-88eb-4960-9fdc-707cf932e7ba/group_specs/key3 returned with HTTP 200
2026-07-06 17:46:38.447 72 INFO cinder.api.openstack.wsgi [None req-f9307332-cf27-4991-a23b-43e2f3d86303 6268b8944b014cd7826d3c504f631251 a9cf5732b9ee478099809b5718b4fc48 - - default default] GET http://[LB_IP_ADDRESS]:8776/v3/a9cf5732b9ee478099809b5718b4fc48/group_types/3174e6c9-88eb-4960-9fdc-707cf932e7ba/group_specs
2026-07-06 17:46:38.459 72 INFO cinder.api.openstack.wsgi [None req-f9307332-cf27-4991-a23b-43e2f3d86303 6268b8944b014cd7826d3c504f631251 a9cf5732b9ee478099809b5718b4fc48 - - default default] http://[LB_IP_ADDRESS]:8776/v3/a9cf5732b9ee478099809b5718b4fc48/group_types/3174e6c9-88eb-4960-9fdc-707cf932e7ba/group_specs returned with HTTP 200
2026-07-06 17:46:38.474 74 INFO cinder.api.openstack.wsgi [None req-4deb674f-ea16-43d1-a02c-c19ea35d766e 6268b8944b014cd7826d3c504f631251 a9cf5732b9ee478099809b5718b4fc48 - - default default] DELETE http://[LB_IP_ADDRESS]:8776/v3/a9cf5732b9ee478099809b5718b4fc48/group_types/3174e6c9-88eb-4960-9fdc-707cf932e7ba/group_specs/key1
2026-07-06 17:46:38.491 74 INFO cinder.api.openstack.wsgi [None req-4deb674f-ea16-43d1-a02c-c19ea35d766e 6268b8944b014cd7826d3c504f631251 a9cf5732b9ee478099809b5718b4fc48 - - default default] http://[LB_IP_ADDRESS]:8776/v3/a9cf5732b9ee478099809b5718b4fc48/group_types/3174e6c9-88eb-4960-9fdc-707cf932e7ba/group_specs/key1 returned with HTTP 202
2026-07-06 17:46:38.503 76 INFO cinder.api.openstack.wsgi [None req-f49315ca-1b03-47a6-86ac-ff1eb07a477b 6268b8944b014cd7826d3c504f631251 a9cf5732b9ee478099809b5718b4fc48 - - default default] GET http://[LB_IP_ADDRESS]:8776/v3/a9cf5732b9ee478099809b5718b4fc48/group_types/3174e6c9-88eb-4960-9fdc-707cf932e7ba/group_specs/key1
2026-07-06 17:46:38.515 76 INFO cinder.api.openstack.wsgi [None req-f49315ca-1b03-47a6-86ac-ff1eb07a477b 6268b8944b014cd7826d3c504f631251 a9cf5732b9ee478099809b5718b4fc48 - - default default] HTTP exception thrown: Group Type 3174e6c9-88eb-4960-9fdc-707cf932e7ba has no extra spec with key key1.
2026-07-06 17:46:38.515 76 INFO cinder.api.openstack.wsgi [None req-f49315ca-1b03-47a6-86ac-ff1eb07a477b 6268b8944b014cd7826d3c504f631251 a9cf5732b9ee478099809b5718b4fc48 - - default default] http://[LB_IP_ADDRESS]:8776/v3/a9cf5732b9ee478099809b5718b4fc48/group_types/3174e6c9-88eb-4960-9fdc-707cf932e7ba/group_specs/key1 returned with HTTP 404
2026-07-06 17:46:38.528 75 INFO cinder.api.openstack.wsgi [None req-a3daffdc-6625-42d3-b3a5-0816e08de8a2 6268b8944b014cd7826d3c504f631251 a9cf5732b9ee478099809b5718b4fc48 - - default default] DELETE http://[LB_IP_ADDRESS]:8776/v3/a9cf5732b9ee478099809b5718b4fc48/group_types/3174e6c9-88eb-4960-9fdc-707cf932e7ba/group_specs/key2
2026-07-06 17:46:38.543 75 INFO cinder.api.openstack.wsgi [None req-a3daffdc-6625-42d3-b3a5-0816e08de8a2 6268b8944b014cd7826d3c504f631251 a9cf5732b9ee478099809b5718b4fc48 - - default default] http://[LB_IP_ADDRESS]:8776/v3/a9cf5732b9ee478099809b5718b4fc48/group_types/3174e6c9-88eb-4960-9fdc-707cf932e7ba/group_specs/key2 returned with HTTP 202
2026-07-06 17:46:38.556 72 INFO cinder.api.openstack.wsgi [None req-120a00b3-4752-4667-a445-d238eb9ea75e 6268b8944b014cd7826d3c504f631251 a9cf5732b9ee478099809b5718b4fc48 - - default default] GET http://[LB_IP_ADDRESS]:8776/v3/a9cf5732b9ee478099809b5718b4fc48/group_types/3174e6c9-88eb-4960-9fdc-707cf932e7ba/group_specs/key2
2026-07-06 17:46:38.568 72 INFO cinder.api.openstack.wsgi [None req-120a00b3-4752-4667-a445-d238eb9ea75e 6268b8944b014cd7826d3c504f631251 a9cf5732b9ee478099809b5718b4fc48 - - default default] HTTP exception thrown: Group Type 3174e6c9-88eb-4960-9fdc-707cf932e7ba has no extra spec with key key2.
2026-07-06 17:46:38.568 72 INFO cinder.api.openstack.wsgi [None req-120a00b3-4752-4667-a445-d238eb9ea75e 6268b8944b014cd7826d3c504f631251 a9cf5732b9ee478099809b5718b4fc48 - - default default] http://[LB_IP_ADDRESS]:8776/v3/a9cf5732b9ee478099809b5718b4fc48/group_types/3174e6c9-88eb-4960-9fdc-707cf932e7ba/group_specs/key2 returned with HTTP 404
2026-07-06 17:46:38.581 74 INFO cinder.api.openstack.wsgi [None req-497c01eb-5fdf-45b3-84ac-547761fd2d7b 6268b8944b014cd7826d3c504f631251 a9cf5732b9ee478099809b5718b4fc48 - - default default] DELETE http://[LB_IP_ADDRESS]:8776/v3/a9cf5732b9ee478099809b5718b4fc48/group_types/3174e6c9-88eb-4960-9fdc-707cf932e7ba/group_specs/key3
