Build Started 06_05_2026_17_06_40
2026-05-06 17:08:50.642 72 INFO cinder.api.openstack.wsgi [None req-66e2251d-d6db-405f-8fc1-e03c8b616739 cb78fafa6cf1463c9ed291d2ac4af59d a5c2a3eb754f4525b1f2bd0b1358b6e6 - - default default] GET http://[LB_IP_ADDRESS]:8776/v3/a5c2a3eb754f4525b1f2bd0b1358b6e6/volumes/detail
2026-05-06 17:08:50.657 72 INFO cinder.volume.api [None req-66e2251d-d6db-405f-8fc1-e03c8b616739 cb78fafa6cf1463c9ed291d2ac4af59d a5c2a3eb754f4525b1f2bd0b1358b6e6 - - default default] Get all volumes completed successfully.
2026-05-06 17:08:50.662 72 INFO cinder.api.openstack.wsgi [None req-66e2251d-d6db-405f-8fc1-e03c8b616739 cb78fafa6cf1463c9ed291d2ac4af59d a5c2a3eb754f4525b1f2bd0b1358b6e6 - - default default] http://[LB_IP_ADDRESS]:8776/v3/a5c2a3eb754f4525b1f2bd0b1358b6e6/volumes/detail returned with HTTP 200
2026-05-06 17:08:50.673 73 INFO cinder.api.openstack.wsgi [req-66e2251d-d6db-405f-8fc1-e03c8b616739 req-59134a00-cc07-452e-98ec-5655ba392337 cb78fafa6cf1463c9ed291d2ac4af59d a5c2a3eb754f4525b1f2bd0b1358b6e6 - - default default] GET http://[LB_IP_ADDRESS]:8776/v3/a5c2a3eb754f4525b1f2bd0b1358b6e6/snapshots/detail?all_tenants=True
2026-05-06 17:08:50.683 73 INFO cinder.volume.api [req-66e2251d-d6db-405f-8fc1-e03c8b616739 req-59134a00-cc07-452e-98ec-5655ba392337 cb78fafa6cf1463c9ed291d2ac4af59d a5c2a3eb754f4525b1f2bd0b1358b6e6 - - default default] Get all snapshots completed successfully.
2026-05-06 17:08:50.684 73 INFO cinder.api.openstack.wsgi [req-66e2251d-d6db-405f-8fc1-e03c8b616739 req-59134a00-cc07-452e-98ec-5655ba392337 cb78fafa6cf1463c9ed291d2ac4af59d a5c2a3eb754f4525b1f2bd0b1358b6e6 - - default default] http://[LB_IP_ADDRESS]:8776/v3/a5c2a3eb754f4525b1f2bd0b1358b6e6/snapshots/detail?all_tenants=True returned with HTTP 200
2026-05-06 17:08:52.698 74 INFO cinder.api.openstack.wsgi [None req-de4a2c02-38c7-4787-ad34-a33846a787f4 cb78fafa6cf1463c9ed291d2ac4af59d a5c2a3eb754f4525b1f2bd0b1358b6e6 - - default default] GET http://[LB_IP_ADDRESS]:8776/v3/a5c2a3eb754f4525b1f2bd0b1358b6e6/volumes/detail?all_tenants=True
2026-05-06 17:08:52.709 74 INFO cinder.volume.api [None req-de4a2c02-38c7-4787-ad34-a33846a787f4 cb78fafa6cf1463c9ed291d2ac4af59d a5c2a3eb754f4525b1f2bd0b1358b6e6 - - default default] Get all volumes completed successfully.
2026-05-06 17:08:52.712 74 INFO cinder.api.openstack.wsgi [None req-de4a2c02-38c7-4787-ad34-a33846a787f4 cb78fafa6cf1463c9ed291d2ac4af59d a5c2a3eb754f4525b1f2bd0b1358b6e6 - - default default] http://[LB_IP_ADDRESS]:8776/v3/a5c2a3eb754f4525b1f2bd0b1358b6e6/volumes/detail?all_tenants=True returned with HTTP 200
2026-05-06 17:08:54.006 75 INFO cinder.api.openstack.wsgi [None req-58f0bd5e-5bb0-43a3-a257-fba6b332528b - - - - - -] GET http://[LB_IP_ADDRESS]:8776/
2026-05-06 17:08:54.007 75 INFO cinder.api.openstack.wsgi [None req-58f0bd5e-5bb0-43a3-a257-fba6b332528b - - - - - -] http://[LB_IP_ADDRESS]:8776/ returned with HTTP 300
2026-05-06 17:08:54.067 76 INFO cinder.api.openstack.wsgi [None req-ec5273a9-efb2-4a02-860e-d41606aac11c cb78fafa6cf1463c9ed291d2ac4af59d a5c2a3eb754f4525b1f2bd0b1358b6e6 - - default default] GET http://[LB_IP_ADDRESS]:8776/v3/a5c2a3eb754f4525b1f2bd0b1358b6e6/groups/detail?all_tenants=1
2026-05-06 17:08:54.075 76 INFO cinder.api.openstack.wsgi [None req-ec5273a9-efb2-4a02-860e-d41606aac11c cb78fafa6cf1463c9ed291d2ac4af59d a5c2a3eb754f4525b1f2bd0b1358b6e6 - - default default] http://[LB_IP_ADDRESS]:8776/v3/a5c2a3eb754f4525b1f2bd0b1358b6e6/groups/detail?all_tenants=1 returned with HTTP 200
2026-05-06 17:08:55.320 72 INFO cinder.api.openstack.wsgi [None req-775b9309-6013-4197-bb05-3c0e887e4241 - - - - - -] GET http://[LB_IP_ADDRESS]:8776/
2026-05-06 17:08:55.321 72 INFO cinder.api.openstack.wsgi [None req-775b9309-6013-4197-bb05-3c0e887e4241 - - - - - -] http://[LB_IP_ADDRESS]:8776/ returned with HTTP 300
2026-05-06 17:08:55.374 73 INFO cinder.api.openstack.wsgi [None req-0e905dd0-7083-4efe-9dc9-a07fbe19969b cb78fafa6cf1463c9ed291d2ac4af59d a5c2a3eb754f4525b1f2bd0b1358b6e6 - - default default] GET http://[LB_IP_ADDRESS]:8776/v3/a5c2a3eb754f4525b1f2bd0b1358b6e6/group_types?is_public=None
2026-05-06 17:08:55.388 73 INFO cinder.api.openstack.wsgi [None req-0e905dd0-7083-4efe-9dc9-a07fbe19969b cb78fafa6cf1463c9ed291d2ac4af59d a5c2a3eb754f4525b1f2bd0b1358b6e6 - - default default] http://[LB_IP_ADDRESS]:8776/v3/a5c2a3eb754f4525b1f2bd0b1358b6e6/group_types?is_public=None returned with HTTP 200
2026-05-06 17:08:57.154 74 INFO cinder.api.openstack.wsgi [None req-07d6db25-eb51-4b19-bd8e-0712d46d2333 cb78fafa6cf1463c9ed291d2ac4af59d a5c2a3eb754f4525b1f2bd0b1358b6e6 - - default default] GET http://[LB_IP_ADDRESS]:8776/v3/a5c2a3eb754f4525b1f2bd0b1358b6e6/types?is_public=None
2026-05-06 17:08:57.179 74 INFO cinder.api.openstack.wsgi [None req-07d6db25-eb51-4b19-bd8e-0712d46d2333 cb78fafa6cf1463c9ed291d2ac4af59d a5c2a3eb754f4525b1f2bd0b1358b6e6 - - default default] http://[LB_IP_ADDRESS]:8776/v3/a5c2a3eb754f4525b1f2bd0b1358b6e6/types?is_public=None returned with HTTP 200
2026-05-06 17:09:03.586 75 INFO cinder.api.openstack.wsgi [None req-0010eed9-6411-4bb3-99a6-f4352c77a6f2 cb78fafa6cf1463c9ed291d2ac4af59d a5c2a3eb754f4525b1f2bd0b1358b6e6 - - default default] GET http://[LB_IP_ADDRESS]:8776/v3/a5c2a3eb754f4525b1f2bd0b1358b6e6/snapshots
2026-05-06 17:09:03.596 75 INFO cinder.volume.api [None req-0010eed9-6411-4bb3-99a6-f4352c77a6f2 cb78fafa6cf1463c9ed291d2ac4af59d a5c2a3eb754f4525b1f2bd0b1358b6e6 - - default default] Get all snapshots completed successfully.
2026-05-06 17:09:03.597 75 INFO cinder.api.openstack.wsgi [None req-0010eed9-6411-4bb3-99a6-f4352c77a6f2 cb78fafa6cf1463c9ed291d2ac4af59d a5c2a3eb754f4525b1f2bd0b1358b6e6 - - default default] http://[LB_IP_ADDRESS]:8776/v3/a5c2a3eb754f4525b1f2bd0b1358b6e6/snapshots returned with HTTP 200
2026-05-06 17:09:03.613 76 INFO cinder.api.openstack.wsgi [None req-2c8a67c2-23dc-4dcf-a730-82d0d52d279f cb78fafa6cf1463c9ed291d2ac4af59d a5c2a3eb754f4525b1f2bd0b1358b6e6 - - default default] GET http://[LB_IP_ADDRESS]:8776/v3/a5c2a3eb754f4525b1f2bd0b1358b6e6/volumes
2026-05-06 17:09:03.626 76 INFO cinder.volume.api [None req-2c8a67c2-23dc-4dcf-a730-82d0d52d279f cb78fafa6cf1463c9ed291d2ac4af59d a5c2a3eb754f4525b1f2bd0b1358b6e6 - - default default] Get all volumes completed successfully.
2026-05-06 17:09:03.627 76 INFO cinder.api.openstack.wsgi [None req-2c8a67c2-23dc-4dcf-a730-82d0d52d279f cb78fafa6cf1463c9ed291d2ac4af59d a5c2a3eb754f4525b1f2bd0b1358b6e6 - - default default] http://[LB_IP_ADDRESS]:8776/v3/a5c2a3eb754f4525b1f2bd0b1358b6e6/volumes returned with HTTP 200
2026-05-06 17:09:08.083 72 INFO cinder.api.openstack.wsgi [None req-5e2f620e-8888-4245-aaa3-ba6386ab0930 - - - - - -] GET http://[LB_IP_ADDRESS]:8776/
2026-05-06 17:09:08.084 72 INFO cinder.api.openstack.wsgi [None req-5e2f620e-8888-4245-aaa3-ba6386ab0930 - - - - - -] http://[LB_IP_ADDRESS]:8776/ returned with HTTP 300
2026-05-06 17:09:09.162 73 INFO cinder.api.openstack.wsgi [req-8682aa63-3f5c-4231-b525-4d6589dd14a4 req-e6db6526-f4f8-4ad2-9939-6abc7f6b8c03 a9c419bc028e4f6da1c2781b9f1670fd 7fc95582c1354e308ef8fc504aeb3841 - - default default] POST http://[LB_IP_ADDRESS]:8776/v3/volumes
2026-05-06 17:09:09.166 73 INFO cinder.api.v3.volumes [req-8682aa63-3f5c-4231-b525-4d6589dd14a4 req-e6db6526-f4f8-4ad2-9939-6abc7f6b8c03 a9c419bc028e4f6da1c2781b9f1670fd 7fc95582c1354e308ef8fc504aeb3841 - - default default] Create volume of 1 GB
2026-05-06 17:09:09.184 73 INFO cinder.volume.api [req-8682aa63-3f5c-4231-b525-4d6589dd14a4 req-e6db6526-f4f8-4ad2-9939-6abc7f6b8c03 a9c419bc028e4f6da1c2781b9f1670fd 7fc95582c1354e308ef8fc504aeb3841 - - default default] Availability Zones retrieved successfully.
2026-05-06 17:09:09.598 73 INFO cinder.volume.api [req-8682aa63-3f5c-4231-b525-4d6589dd14a4 req-e6db6526-f4f8-4ad2-9939-6abc7f6b8c03 a9c419bc028e4f6da1c2781b9f1670fd 7fc95582c1354e308ef8fc504aeb3841 - - default default] Create volume request issued successfully.
2026-05-06 17:09:09.599 73 INFO cinder.api.openstack.wsgi [req-8682aa63-3f5c-4231-b525-4d6589dd14a4 req-e6db6526-f4f8-4ad2-9939-6abc7f6b8c03 a9c419bc028e4f6da1c2781b9f1670fd 7fc95582c1354e308ef8fc504aeb3841 - - default default] http://[LB_IP_ADDRESS]:8776/v3/volumes returned with HTTP 202
2026-05-06 17:09:09.610 74 INFO cinder.api.openstack.wsgi [req-8682aa63-3f5c-4231-b525-4d6589dd14a4 req-a7efb014-5f7c-439b-9bb9-6f3eb7cd5199 a9c419bc028e4f6da1c2781b9f1670fd 7fc95582c1354e308ef8fc504aeb3841 - - default default] GET http://[LB_IP_ADDRESS]:8776/v3/volumes/540b971c-b463-4c21-9e8f-a1e3ec81e66f
2026-05-06 17:09:09.626 74 INFO cinder.volume.api [req-8682aa63-3f5c-4231-b525-4d6589dd14a4 req-a7efb014-5f7c-439b-9bb9-6f3eb7cd5199 a9c419bc028e4f6da1c2781b9f1670fd 7fc95582c1354e308ef8fc504aeb3841 - - default default] Volume info retrieved successfully.
2026-05-06 17:09:09.632 74 INFO cinder.api.openstack.wsgi [req-8682aa63-3f5c-4231-b525-4d6589dd14a4 req-a7efb014-5f7c-439b-9bb9-6f3eb7cd5199 a9c419bc028e4f6da1c2781b9f1670fd 7fc95582c1354e308ef8fc504aeb3841 - - default default] http://[LB_IP_ADDRESS]:8776/v3/volumes/540b971c-b463-4c21-9e8f-a1e3ec81e66f returned with HTTP 200
2026-05-06 17:09:09.844 75 INFO cinder.api.openstack.wsgi [req-c4662eca-a4f3-4a8c-95b3-e6dadf97bbe9 req-127b5e26-2e77-4b14-a9c2-8d9204ad0094 a9c419bc028e4f6da1c2781b9f1670fd 7fc95582c1354e308ef8fc504aeb3841 - - default default] GET http://[LB_IP_ADDRESS]:8776/v3/volumes/540b971c-b463-4c21-9e8f-a1e3ec81e66f
2026-05-06 17:09:09.865 75 INFO cinder.volume.api [req-c4662eca-a4f3-4a8c-95b3-e6dadf97bbe9 req-127b5e26-2e77-4b14-a9c2-8d9204ad0094 a9c419bc028e4f6da1c2781b9f1670fd 7fc95582c1354e308ef8fc504aeb3841 - - default default] Volume info retrieved successfully.
2026-05-06 17:09:09.875 75 INFO cinder.api.openstack.wsgi [req-c4662eca-a4f3-4a8c-95b3-e6dadf97bbe9 req-127b5e26-2e77-4b14-a9c2-8d9204ad0094 a9c419bc028e4f6da1c2781b9f1670fd 7fc95582c1354e308ef8fc504aeb3841 - - default default] http://[LB_IP_ADDRESS]:8776/v3/volumes/540b971c-b463-4c21-9e8f-a1e3ec81e66f returned with HTTP 200
2026-05-06 17:09:10.496 76 INFO cinder.api.openstack.wsgi [None req-7a7d5c08-6231-4359-9712-134495e01e5b 8f41f752085d48dd8c209e351d85af75 842f77bc94e94e5abb9970ff566622bc - - default default] GET http://[LB_IP_ADDRESS]:8776/v3/842f77bc94e94e5abb9970ff566622bc/scheduler-stats/get_pools
2026-05-06 17:09:10.597 72 INFO cinder.api.openstack.wsgi [None req-28c333e5-98a8-45a3-933f-6926245a3aa8 a95fa118fc24450cac9340de10c1b3a9 6b0e40e4221d47b099e390d823e3c229 - - default default] POST http://[LB_IP_ADDRESS]:8776/v3/6b0e40e4221d47b099e390d823e3c229/group_types
2026-05-06 17:09:10.629 72 INFO cinder.api.openstack.wsgi [None req-28c333e5-98a8-45a3-933f-6926245a3aa8 a95fa118fc24450cac9340de10c1b3a9 6b0e40e4221d47b099e390d823e3c229 - - default default] http://[LB_IP_ADDRESS]:8776/v3/6b0e40e4221d47b099e390d823e3c229/group_types returned with HTTP 202
2026-05-06 17:09:10.646 73 INFO cinder.api.openstack.wsgi [None req-0e839bad-bc46-46a9-996c-59096de6e3a1 a95fa118fc24450cac9340de10c1b3a9 6b0e40e4221d47b099e390d823e3c229 - - default default] GET http://[LB_IP_ADDRESS]:8776/v3/6b0e40e4221d47b099e390d823e3c229/group_types
2026-05-06 17:09:10.662 73 INFO cinder.api.openstack.wsgi [None req-0e839bad-bc46-46a9-996c-59096de6e3a1 a95fa118fc24450cac9340de10c1b3a9 6b0e40e4221d47b099e390d823e3c229 - - default default] http://[LB_IP_ADDRESS]:8776/v3/6b0e40e4221d47b099e390d823e3c229/group_types returned with HTTP 200
2026-05-06 17:09:10.678 74 INFO cinder.api.openstack.wsgi [None req-1aef2f9b-e0ca-4ef5-906f-34a75d76408d a95fa118fc24450cac9340de10c1b3a9 6b0e40e4221d47b099e390d823e3c229 - - default default] PUT http://[LB_IP_ADDRESS]:8776/v3/6b0e40e4221d47b099e390d823e3c229/group_types/8d5de08a-a610-4f95-a5b9-aee916e72173
2026-05-06 17:09:10.699 74 INFO cinder.api.openstack.wsgi [None req-1aef2f9b-e0ca-4ef5-906f-34a75d76408d a95fa118fc24450cac9340de10c1b3a9 6b0e40e4221d47b099e390d823e3c229 - - default default] http://[LB_IP_ADDRESS]:8776/v3/6b0e40e4221d47b099e390d823e3c229/group_types/8d5de08a-a610-4f95-a5b9-aee916e72173 returned with HTTP 200
2026-05-06 17:09:10.714 75 INFO cinder.api.openstack.wsgi [None req-352c2735-5578-4ce0-b4cf-37e2c7215320 a95fa118fc24450cac9340de10c1b3a9 6b0e40e4221d47b099e390d823e3c229 - - default default] GET http://[LB_IP_ADDRESS]:8776/v3/6b0e40e4221d47b099e390d823e3c229/group_types/8d5de08a-a610-4f95-a5b9-aee916e72173
2026-05-06 17:09:10.722 75 INFO cinder.api.openstack.wsgi [None req-352c2735-5578-4ce0-b4cf-37e2c7215320 a95fa118fc24450cac9340de10c1b3a9 6b0e40e4221d47b099e390d823e3c229 - - default default] http://[LB_IP_ADDRESS]:8776/v3/6b0e40e4221d47b099e390d823e3c229/group_types/8d5de08a-a610-4f95-a5b9-aee916e72173 returned with HTTP 200
2026-05-06 17:09:10.738 72 INFO cinder.api.openstack.wsgi [None req-907b64bd-90b2-4651-9292-100b201ef208 a95fa118fc24450cac9340de10c1b3a9 6b0e40e4221d47b099e390d823e3c229 - - default default] DELETE http://[LB_IP_ADDRESS]:8776/v3/6b0e40e4221d47b099e390d823e3c229/group_types/8d5de08a-a610-4f95-a5b9-aee916e72173
2026-05-06 17:09:10.759 72 INFO cinder.api.openstack.wsgi [None req-907b64bd-90b2-4651-9292-100b201ef208 a95fa118fc24450cac9340de10c1b3a9 6b0e40e4221d47b099e390d823e3c229 - - default default] http://[LB_IP_ADDRESS]:8776/v3/6b0e40e4221d47b099e390d823e3c229/group_types/8d5de08a-a610-4f95-a5b9-aee916e72173 returned with HTTP 202
2026-05-06 17:09:10.771 73 INFO cinder.api.openstack.wsgi [None req-c6a72ae5-9f51-4288-833e-7462461a656d a95fa118fc24450cac9340de10c1b3a9 6b0e40e4221d47b099e390d823e3c229 - - default default] GET http://[LB_IP_ADDRESS]:8776/v3/6b0e40e4221d47b099e390d823e3c229/group_types
2026-05-06 17:09:10.786 73 INFO cinder.api.openstack.wsgi [None req-c6a72ae5-9f51-4288-833e-7462461a656d a95fa118fc24450cac9340de10c1b3a9 6b0e40e4221d47b099e390d823e3c229 - - default default] http://[LB_IP_ADDRESS]:8776/v3/6b0e40e4221d47b099e390d823e3c229/group_types returned with HTTP 200
2026-05-06 17:09:10.802 74 INFO cinder.api.openstack.wsgi [None req-fbebce1e-76e8-49cf-a483-ba2b58f18c05 a95fa118fc24450cac9340de10c1b3a9 6b0e40e4221d47b099e390d823e3c229 - - default default] POST http://[LB_IP_ADDRESS]:8776/v3/6b0e40e4221d47b099e390d823e3c229/group_types
2026-05-06 17:09:10.830 74 INFO cinder.api.openstack.wsgi [None req-fbebce1e-76e8-49cf-a483-ba2b58f18c05 a95fa118fc24450cac9340de10c1b3a9 6b0e40e4221d47b099e390d823e3c229 - - default default] http://[LB_IP_ADDRESS]:8776/v3/6b0e40e4221d47b099e390d823e3c229/group_types returned with HTTP 202
2026-05-06 17:09:10.845 75 INFO cinder.api.openstack.wsgi [None req-9d247380-53ac-4f36-9ac4-1878e818f553 a95fa118fc24450cac9340de10c1b3a9 6b0e40e4221d47b099e390d823e3c229 - - default default] POST http://[LB_IP_ADDRESS]:8776/v3/6b0e40e4221d47b099e390d823e3c229/group_types
2026-05-06 17:09:10.871 75 INFO cinder.api.openstack.wsgi [None req-9d247380-53ac-4f36-9ac4-1878e818f553 a95fa118fc24450cac9340de10c1b3a9 6b0e40e4221d47b099e390d823e3c229 - - default default] http://[LB_IP_ADDRESS]:8776/v3/6b0e40e4221d47b099e390d823e3c229/group_types returned with HTTP 202
2026-05-06 17:09:10.886 72 INFO cinder.api.openstack.wsgi [None req-e32029a2-fb96-4a0b-9e27-64721d9e21ed a95fa118fc24450cac9340de10c1b3a9 6b0e40e4221d47b099e390d823e3c229 - - default default] GET http://[LB_IP_ADDRESS]:8776/v3/6b0e40e4221d47b099e390d823e3c229/group_types?sort=name%3Aasc&is_public=None
2026-05-06 17:09:10.901 72 INFO cinder.api.openstack.wsgi [None req-e32029a2-fb96-4a0b-9e27-64721d9e21ed a95fa118fc24450cac9340de10c1b3a9 6b0e40e4221d47b099e390d823e3c229 - - default default] http://[LB_IP_ADDRESS]:8776/v3/6b0e40e4221d47b099e390d823e3c229/group_types?sort=name%3Aasc&is_public=None returned with HTTP 200
2026-05-06 17:09:10.917 74 INFO cinder.api.openstack.wsgi [None req-e3d20498-8cca-4ef5-a8dc-f9dc97e00da3 a95fa118fc24450cac9340de10c1b3a9 6b0e40e4221d47b099e390d823e3c229 - - default default] GET http://[LB_IP_ADDRESS]:8776/v3/6b0e40e4221d47b099e390d823e3c229/group_types?sort=name%3Adesc&is_public=None
2026-05-06 17:09:10.936 74 INFO cinder.api.openstack.wsgi [None req-e3d20498-8cca-4ef5-a8dc-f9dc97e00da3 a95fa118fc24450cac9340de10c1b3a9 6b0e40e4221d47b099e390d823e3c229 - - default default] http://[LB_IP_ADDRESS]:8776/v3/6b0e40e4221d47b099e390d823e3c229/group_types?sort=name%3Adesc&is_public=None returned with HTTP 200
2026-05-06 17:09:10.951 75 INFO cinder.api.openstack.wsgi [None req-e6ae2a9a-41fe-4a61-b36f-d52650edce92 a95fa118fc24450cac9340de10c1b3a9 6b0e40e4221d47b099e390d823e3c229 - - default default] GET http://[LB_IP_ADDRESS]:8776/v3/6b0e40e4221d47b099e390d823e3c229/group_types?is_public=False
2026-05-06 17:09:10.965 75 INFO cinder.api.openstack.wsgi [None req-e6ae2a9a-41fe-4a61-b36f-d52650edce92 a95fa118fc24450cac9340de10c1b3a9 6b0e40e4221d47b099e390d823e3c229 - - default default] http://[LB_IP_ADDRESS]:8776/v3/6b0e40e4221d47b099e390d823e3c229/group_types?is_public=False returned with HTTP 200
2026-05-06 17:09:10.980 72 INFO cinder.api.openstack.wsgi [None req-1980be34-d7f6-4b04-bcb2-368451e42996 a95fa118fc24450cac9340de10c1b3a9 6b0e40e4221d47b099e390d823e3c229 - - default default] GET http://[LB_IP_ADDRESS]:8776/v3/6b0e40e4221d47b099e390d823e3c229/group_types?is_public=True
2026-05-06 17:09:10.998 72 INFO cinder.api.openstack.wsgi [None req-1980be34-d7f6-4b04-bcb2-368451e42996 a95fa118fc24450cac9340de10c1b3a9 6b0e40e4221d47b099e390d823e3c229 - - default default] http://[LB_IP_ADDRESS]:8776/v3/6b0e40e4221d47b099e390d823e3c229/group_types?is_public=True returned with HTTP 200
2026-05-06 17:09:11.006 76 INFO cinder.api.openstack.wsgi [None req-7a7d5c08-6231-4359-9712-134495e01e5b 8f41f752085d48dd8c209e351d85af75 842f77bc94e94e5abb9970ff566622bc - - default default] http://[LB_IP_ADDRESS]:8776/v3/842f77bc94e94e5abb9970ff566622bc/scheduler-stats/get_pools returned with HTTP 200
2026-05-06 17:09:11.013 74 INFO cinder.api.openstack.wsgi [None req-520faf65-0980-4238-b411-c318810707a7 a95fa118fc24450cac9340de10c1b3a9 6b0e40e4221d47b099e390d823e3c229 - - default default] DELETE http://[LB_IP_ADDRESS]:8776/v3/6b0e40e4221d47b099e390d823e3c229/group_types/357dc5f6-f62c-4f81-aea1-73ffd7d035fa
2026-05-06 17:09:11.022 73 INFO cinder.api.openstack.wsgi [req-48537582-8756-471c-9383-adf6ec47ed4a req-d7a45d76-d2c5-4398-b3e2-eee11ab25c3c a9c419bc028e4f6da1c2781b9f1670fd 7fc95582c1354e308ef8fc504aeb3841 - - default default] GET http://[LB_IP_ADDRESS]:8776/v3/volumes/540b971c-b463-4c21-9e8f-a1e3ec81e66f
2026-05-06 17:09:11.025 75 INFO cinder.api.openstack.wsgi [None req-f38f2edb-2201-47e4-8e90-cf0fcc617f3c 8f41f752085d48dd8c209e351d85af75 842f77bc94e94e5abb9970ff566622bc - - default default] GET http://[LB_IP_ADDRESS]:8776/v3/842f77bc94e94e5abb9970ff566622bc/scheduler-stats/get_pools?detail=True
2026-05-06 17:09:11.036 74 INFO cinder.api.openstack.wsgi [None req-520faf65-0980-4238-b411-c318810707a7 a95fa118fc24450cac9340de10c1b3a9 6b0e40e4221d47b099e390d823e3c229 - - default default] http://[LB_IP_ADDRESS]:8776/v3/6b0e40e4221d47b099e390d823e3c229/group_types/357dc5f6-f62c-4f81-aea1-73ffd7d035fa returned with HTTP 202
2026-05-06 17:09:11.047 73 INFO cinder.volume.api [req-48537582-8756-471c-9383-adf6ec47ed4a req-d7a45d76-d2c5-4398-b3e2-eee11ab25c3c a9c419bc028e4f6da1c2781b9f1670fd 7fc95582c1354e308ef8fc504aeb3841 - - default default] Volume info retrieved successfully.
2026-05-06 17:09:11.047 72 INFO cinder.api.openstack.wsgi [None req-374462f7-fa5f-457c-9a22-1da822ccda37 a95fa118fc24450cac9340de10c1b3a9 6b0e40e4221d47b099e390d823e3c229 - - default default] DELETE http://[LB_IP_ADDRESS]:8776/v3/6b0e40e4221d47b099e390d823e3c229/group_types/6c3c544e-f4eb-4c94-a5ef-7cdce778d5be
2026-05-06 17:09:11.056 73 INFO cinder.api.openstack.wsgi [req-48537582-8756-471c-9383-adf6ec47ed4a req-d7a45d76-d2c5-4398-b3e2-eee11ab25c3c a9c419bc028e4f6da1c2781b9f1670fd 7fc95582c1354e308ef8fc504aeb3841 - - default default] http://[LB_IP_ADDRESS]:8776/v3/volumes/540b971c-b463-4c21-9e8f-a1e3ec81e66f returned with HTTP 200
2026-05-06 17:09:11.063 72 INFO cinder.api.openstack.wsgi [None req-374462f7-fa5f-457c-9a22-1da822ccda37 a95fa118fc24450cac9340de10c1b3a9 6b0e40e4221d47b099e390d823e3c229 - - default default] http://[LB_IP_ADDRESS]:8776/v3/6b0e40e4221d47b099e390d823e3c229/group_types/6c3c544e-f4eb-4c94-a5ef-7cdce778d5be returned with HTTP 202
2026-05-06 17:09:11.139 76 INFO cinder.api.openstack.wsgi [req-98c2aec1-702e-465f-a49f-2201b35ad3ba req-4d125191-ab6b-4e02-8b58-2252e549490a a9c419bc028e4f6da1c2781b9f1670fd 7fc95582c1354e308ef8fc504aeb3841 - - default default] POST http://[LB_IP_ADDRESS]:8776/v3/snapshots
2026-05-06 17:09:11.161 76 INFO cinder.volume.api [req-98c2aec1-702e-465f-a49f-2201b35ad3ba req-4d125191-ab6b-4e02-8b58-2252e549490a a9c419bc028e4f6da1c2781b9f1670fd 7fc95582c1354e308ef8fc504aeb3841 - - default default] Volume info retrieved successfully.
2026-05-06 17:09:11.161 76 INFO cinder.api.v3.snapshots [req-98c2aec1-702e-465f-a49f-2201b35ad3ba req-4d125191-ab6b-4e02-8b58-2252e549490a a9c419bc028e4f6da1c2781b9f1670fd 7fc95582c1354e308ef8fc504aeb3841 - - default default] Create snapshot from volume 540b971c-b463-4c21-9e8f-a1e3ec81e66f
2026-05-06 17:09:11.302 76 INFO cinder.volume.api [req-98c2aec1-702e-465f-a49f-2201b35ad3ba req-4d125191-ab6b-4e02-8b58-2252e549490a a9c419bc028e4f6da1c2781b9f1670fd 7fc95582c1354e308ef8fc504aeb3841 - - default default] Snapshot create request issued successfully.
2026-05-06 17:09:11.303 76 INFO cinder.api.openstack.wsgi [req-98c2aec1-702e-465f-a49f-2201b35ad3ba req-4d125191-ab6b-4e02-8b58-2252e549490a a9c419bc028e4f6da1c2781b9f1670fd 7fc95582c1354e308ef8fc504aeb3841 - - default default] http://[LB_IP_ADDRESS]:8776/v3/snapshots returned with HTTP 202
2026-05-06 17:09:11.337 74 INFO cinder.api.openstack.wsgi [req-2e41106f-bf66-4cd8-99c5-bcd5090295e1 req-3e412805-20b5-48ae-af36-ee45f458a37b a9c419bc028e4f6da1c2781b9f1670fd 7fc95582c1354e308ef8fc504aeb3841 - - default default] GET http://[LB_IP_ADDRESS]:8776/v3/snapshots/2a00d80f-2e2e-4b33-8819-41964057aef5
2026-05-06 17:09:11.347 74 INFO cinder.volume.api [req-2e41106f-bf66-4cd8-99c5-bcd5090295e1 req-3e412805-20b5-48ae-af36-ee45f458a37b a9c419bc028e4f6da1c2781b9f1670fd 7fc95582c1354e308ef8fc504aeb3841 - - default default] Snapshot retrieved successfully.
2026-05-06 17:09:11.350 74 INFO cinder.api.openstack.wsgi [req-2e41106f-bf66-4cd8-99c5-bcd5090295e1 req-3e412805-20b5-48ae-af36-ee45f458a37b a9c419bc028e4f6da1c2781b9f1670fd 7fc95582c1354e308ef8fc504aeb3841 - - default default] http://[LB_IP_ADDRESS]:8776/v3/snapshots/2a00d80f-2e2e-4b33-8819-41964057aef5 returned with HTTP 200
2026-05-06 17:09:11.384 73 INFO cinder.api.openstack.wsgi [req-c24672c5-30ae-4d76-b7d0-cca12356c30b req-8e997ff7-0e23-475f-a2e6-661845b0aefb a9c419bc028e4f6da1c2781b9f1670fd 7fc95582c1354e308ef8fc504aeb3841 - - default default] GET http://[LB_IP_ADDRESS]:8776/v3/snapshots/detail
2026-05-06 17:09:11.395 73 INFO cinder.volume.api [req-c24672c5-30ae-4d76-b7d0-cca12356c30b req-8e997ff7-0e23-475f-a2e6-661845b0aefb a9c419bc028e4f6da1c2781b9f1670fd 7fc95582c1354e308ef8fc504aeb3841 - - default default] Get all snapshots completed successfully.
2026-05-06 17:09:11.397 73 INFO cinder.api.openstack.wsgi [req-c24672c5-30ae-4d76-b7d0-cca12356c30b req-8e997ff7-0e23-475f-a2e6-661845b0aefb a9c419bc028e4f6da1c2781b9f1670fd 7fc95582c1354e308ef8fc504aeb3841 - - default default] http://[LB_IP_ADDRESS]:8776/v3/snapshots/detail returned with HTTP 200
2026-05-06 17:09:11.432 72 INFO cinder.api.openstack.wsgi [req-d42de7d1-93a8-451c-8153-ba67676f75da req-f251d23d-d51e-42c1-bbbd-be3d656dd9e1 a9c419bc028e4f6da1c2781b9f1670fd 7fc95582c1354e308ef8fc504aeb3841 - - default default] GET http://[LB_IP_ADDRESS]:8776/v3/snapshots/2a00d80f-2e2e-4b33-8819-41964057aef5
2026-05-06 17:09:11.444 72 INFO cinder.volume.api [req-d42de7d1-93a8-451c-8153-ba67676f75da req-f251d23d-d51e-42c1-bbbd-be3d656dd9e1 a9c419bc028e4f6da1c2781b9f1670fd 7fc95582c1354e308ef8fc504aeb3841 - - default default] Snapshot retrieved successfully.
2026-05-06 17:09:11.446 72 INFO cinder.api.openstack.wsgi [req-d42de7d1-93a8-451c-8153-ba67676f75da req-f251d23d-d51e-42c1-bbbd-be3d656dd9e1 a9c419bc028e4f6da1c2781b9f1670fd 7fc95582c1354e308ef8fc504aeb3841 - - default default] http://[LB_IP_ADDRESS]:8776/v3/snapshots/2a00d80f-2e2e-4b33-8819-41964057aef5 returned with HTTP 200
2026-05-06 17:09:11.536 75 INFO cinder.api.openstack.wsgi [None req-f38f2edb-2201-47e4-8e90-cf0fcc617f3c 8f41f752085d48dd8c209e351d85af75 842f77bc94e94e5abb9970ff566622bc - - default default] http://[LB_IP_ADDRESS]:8776/v3/842f77bc94e94e5abb9970ff566622bc/scheduler-stats/get_pools?detail=True returned with HTTP 200
2026-05-06 17:09:11.554 76 INFO cinder.api.openstack.wsgi [None req-4d959c24-7179-4459-a543-381362d167e0 8f41f752085d48dd8c209e351d85af75 842f77bc94e94e5abb9970ff566622bc - - default default] GET http://[LB_IP_ADDRESS]:8776/v3/842f77bc94e94e5abb9970ff566622bc/capabilities/rack11-server76@LIGHTOSefxxli
2026-05-06 17:09:12.070 76 INFO cinder.api.openstack.wsgi [None req-4d959c24-7179-4459-a543-381362d167e0 8f41f752085d48dd8c209e351d85af75 842f77bc94e94e5abb9970ff566622bc - - default default] http://[LB_IP_ADDRESS]:8776/v3/842f77bc94e94e5abb9970ff566622bc/capabilities/rack11-server76@LIGHTOSefxxli returned with HTTP 200
2026-05-06 17:09:12.096 74 INFO cinder.api.openstack.wsgi [None req-3935602c-d05f-4cb6-a6eb-886191f905f9 8f41f752085d48dd8c209e351d85af75 842f77bc94e94e5abb9970ff566622bc - - default default] GET http://[LB_IP_ADDRESS]:8776/v3/842f77bc94e94e5abb9970ff566622bc/capabilities/rack11-server76@LIGHTOSefxxli
2026-05-06 17:09:12.611 74 INFO cinder.api.openstack.wsgi [None req-3935602c-d05f-4cb6-a6eb-886191f905f9 8f41f752085d48dd8c209e351d85af75 842f77bc94e94e5abb9970ff566622bc - - default default] http://[LB_IP_ADDRESS]:8776/v3/842f77bc94e94e5abb9970ff566622bc/capabilities/rack11-server76@LIGHTOSefxxli returned with HTTP 200
2026-05-06 17:09:12.673 73 INFO cinder.api.openstack.wsgi [req-fb38a31b-fc1b-4222-9160-4de247928f60 req-9459d180-64f8-4d9c-9e33-6e86c94bdefd a9c419bc028e4f6da1c2781b9f1670fd 7fc95582c1354e308ef8fc504aeb3841 - - default default] GET http://[LB_IP_ADDRESS]:8776/v3/snapshots/2a00d80f-2e2e-4b33-8819-41964057aef5
2026-05-06 17:09:12.684 73 INFO cinder.volume.api [req-fb38a31b-fc1b-4222-9160-4de247928f60 req-9459d180-64f8-4d9c-9e33-6e86c94bdefd a9c419bc028e4f6da1c2781b9f1670fd 7fc95582c1354e308ef8fc504aeb3841 - - default default] Snapshot retrieved successfully.
2026-05-06 17:09:12.686 73 INFO cinder.api.openstack.wsgi [req-fb38a31b-fc1b-4222-9160-4de247928f60 req-9459d180-64f8-4d9c-9e33-6e86c94bdefd a9c419bc028e4f6da1c2781b9f1670fd 7fc95582c1354e308ef8fc504aeb3841 - - default default] http://[LB_IP_ADDRESS]:8776/v3/snapshots/2a00d80f-2e2e-4b33-8819-41964057aef5 returned with HTTP 200
2026-05-06 17:09:12.720 72 INFO cinder.api.openstack.wsgi [req-12bbf700-bf92-40c3-85c6-95710568fb15 req-55b033ab-132a-48fb-ac93-9c7fae40f97f a9c419bc028e4f6da1c2781b9f1670fd 7fc95582c1354e308ef8fc504aeb3841 - - default default] DELETE http://[LB_IP_ADDRESS]:8776/v3/snapshots/2a00d80f-2e2e-4b33-8819-41964057aef5
2026-05-06 17:09:12.721 72 INFO cinder.api.v2.snapshots [req-12bbf700-bf92-40c3-85c6-95710568fb15 req-55b033ab-132a-48fb-ac93-9c7fae40f97f a9c419bc028e4f6da1c2781b9f1670fd 7fc95582c1354e308ef8fc504aeb3841 - - default default] Delete snapshot with id: 2a00d80f-2e2e-4b33-8819-41964057aef5
2026-05-06 17:09:12.733 72 INFO cinder.volume.api [req-12bbf700-bf92-40c3-85c6-95710568fb15 req-55b033ab-132a-48fb-ac93-9c7fae40f97f a9c419bc028e4f6da1c2781b9f1670fd 7fc95582c1354e308ef8fc504aeb3841 - - default default] Snapshot retrieved successfully.
2026-05-06 17:09:12.765 72 INFO cinder.volume.api [req-12bbf700-bf92-40c3-85c6-95710568fb15 req-55b033ab-132a-48fb-ac93-9c7fae40f97f a9c419bc028e4f6da1c2781b9f1670fd 7fc95582c1354e308ef8fc504aeb3841 - - default default] Snapshot delete request issued successfully.
2026-05-06 17:09:12.766 72 INFO cinder.api.openstack.wsgi [req-12bbf700-bf92-40c3-85c6-95710568fb15 req-55b033ab-132a-48fb-ac93-9c7fae40f97f a9c419bc028e4f6da1c2781b9f1670fd 7fc95582c1354e308ef8fc504aeb3841 - - default default] http://[LB_IP_ADDRESS]:8776/v3/snapshots/2a00d80f-2e2e-4b33-8819-41964057aef5 returned with HTTP 202
2026-05-06 17:09:12.799 75 INFO cinder.api.openstack.wsgi [req-97dc76e7-f7a7-4e2d-94ad-bfecafdf8d07 req-381b89ad-87a4-46f7-b3c3-e731170ddb41 a9c419bc028e4f6da1c2781b9f1670fd 7fc95582c1354e308ef8fc504aeb3841 - - default default] GET http://[LB_IP_ADDRESS]:8776/v3/snapshots/2a00d80f-2e2e-4b33-8819-41964057aef5
2026-05-06 17:09:12.810 75 INFO cinder.volume.api [req-97dc76e7-f7a7-4e2d-94ad-bfecafdf8d07 req-381b89ad-87a4-46f7-b3c3-e731170ddb41 a9c419bc028e4f6da1c2781b9f1670fd 7fc95582c1354e308ef8fc504aeb3841 - - default default] Snapshot retrieved successfully.
2026-05-06 17:09:12.812 75 INFO cinder.api.openstack.wsgi [req-97dc76e7-f7a7-4e2d-94ad-bfecafdf8d07 req-381b89ad-87a4-46f7-b3c3-e731170ddb41 a9c419bc028e4f6da1c2781b9f1670fd 7fc95582c1354e308ef8fc504aeb3841 - - default default] http://[LB_IP_ADDRESS]:8776/v3/snapshots/2a00d80f-2e2e-4b33-8819-41964057aef5 returned with HTTP 200
2026-05-06 17:09:13.839 76 INFO cinder.api.openstack.wsgi [req-f907d7ba-3a5e-47fa-9861-785e9739b646 req-d36767ab-f5e5-4032-8aa6-3a6359ee3b0b a9c419bc028e4f6da1c2781b9f1670fd 7fc95582c1354e308ef8fc504aeb3841 - - default default] GET http://[LB_IP_ADDRESS]:8776/v3/snapshots/2a00d80f-2e2e-4b33-8819-41964057aef5
2026-05-06 17:09:13.846 76 INFO cinder.api.openstack.wsgi [req-f907d7ba-3a5e-47fa-9861-785e9739b646 req-d36767ab-f5e5-4032-8aa6-3a6359ee3b0b a9c419bc028e4f6da1c2781b9f1670fd 7fc95582c1354e308ef8fc504aeb3841 - - default default] http://[LB_IP_ADDRESS]:8776/v3/snapshots/2a00d80f-2e2e-4b33-8819-41964057aef5 returned with HTTP 404
2026-05-06 17:09:13.872 74 INFO cinder.api.openstack.wsgi [req-8c0d1f12-4510-43ed-912e-9578f39ca409 req-02e0446a-7163-482b-90d7-d82ca049a117 a9c419bc028e4f6da1c2781b9f1670fd 7fc95582c1354e308ef8fc504aeb3841 - - default default] DELETE http://[LB_IP_ADDRESS]:8776/v3/volumes/540b971c-b463-4c21-9e8f-a1e3ec81e66f
2026-05-06 17:09:13.873 74 INFO cinder.api.v3.volumes [req-8c0d1f12-4510-43ed-912e-9578f39ca409 req-02e0446a-7163-482b-90d7-d82ca049a117 a9c419bc028e4f6da1c2781b9f1670fd 7fc95582c1354e308ef8fc504aeb3841 - - default default] Delete volume with id: 540b971c-b463-4c21-9e8f-a1e3ec81e66f 
2026-05-06 17:09:13.888 74 INFO cinder.volume.api [req-8c0d1f12-4510-43ed-912e-9578f39ca409 req-02e0446a-7163-482b-90d7-d82ca049a117 a9c419bc028e4f6da1c2781b9f1670fd 7fc95582c1354e308ef8fc504aeb3841 - - default default] Volume info retrieved successfully.
2026-05-06 17:09:13.915 74 INFO cinder.volume.api [req-8c0d1f12-4510-43ed-912e-9578f39ca409 req-02e0446a-7163-482b-90d7-d82ca049a117 a9c419bc028e4f6da1c2781b9f1670fd 7fc95582c1354e308ef8fc504aeb3841 - - default default] Delete volume request issued successfully.
2026-05-06 17:09:13.916 74 INFO cinder.api.openstack.wsgi [req-8c0d1f12-4510-43ed-912e-9578f39ca409 req-02e0446a-7163-482b-90d7-d82ca049a117 a9c419bc028e4f6da1c2781b9f1670fd 7fc95582c1354e308ef8fc504aeb3841 - - default default] http://[LB_IP_ADDRESS]:8776/v3/volumes/540b971c-b463-4c21-9e8f-a1e3ec81e66f returned with HTTP 202
2026-05-06 17:09:13.945 73 INFO cinder.api.openstack.wsgi [req-3277d0b8-34cb-48b8-b686-07ec7789f50b req-8c3fb356-193d-4051-ac50-94bcbe9ba8c2 a9c419bc028e4f6da1c2781b9f1670fd 7fc95582c1354e308ef8fc504aeb3841 - - default default] GET http://[LB_IP_ADDRESS]:8776/v3/volumes/540b971c-b463-4c21-9e8f-a1e3ec81e66f
2026-05-06 17:09:13.965 73 INFO cinder.volume.api [req-3277d0b8-34cb-48b8-b686-07ec7789f50b req-8c3fb356-193d-4051-ac50-94bcbe9ba8c2 a9c419bc028e4f6da1c2781b9f1670fd 7fc95582c1354e308ef8fc504aeb3841 - - default default] Volume info retrieved successfully.
2026-05-06 17:09:13.974 73 INFO cinder.api.openstack.wsgi [req-3277d0b8-34cb-48b8-b686-07ec7789f50b req-8c3fb356-193d-4051-ac50-94bcbe9ba8c2 a9c419bc028e4f6da1c2781b9f1670fd 7fc95582c1354e308ef8fc504aeb3841 - - default default] http://[LB_IP_ADDRESS]:8776/v3/volumes/540b971c-b463-4c21-9e8f-a1e3ec81e66f returned with HTTP 200
2026-05-06 17:09:15.007 72 INFO cinder.api.openstack.wsgi [req-f46646e3-0606-4b40-a246-bfaff1c5332f req-b2d1f37a-511e-443b-a604-3d48af1b87a2 a9c419bc028e4f6da1c2781b9f1670fd 7fc95582c1354e308ef8fc504aeb3841 - - default default] GET http://[LB_IP_ADDRESS]:8776/v3/volumes/540b971c-b463-4c21-9e8f-a1e3ec81e66f
2026-05-06 17:09:15.017 72 INFO cinder.api.openstack.wsgi [req-f46646e3-0606-4b40-a246-bfaff1c5332f req-b2d1f37a-511e-443b-a604-3d48af1b87a2 a9c419bc028e4f6da1c2781b9f1670fd 7fc95582c1354e308ef8fc504aeb3841 - - default default] http://[LB_IP_ADDRESS]:8776/v3/volumes/540b971c-b463-4c21-9e8f-a1e3ec81e66f returned with HTTP 404
2026-05-06 17:09:15.055 75 INFO cinder.api.openstack.wsgi [req-6dd3fb11-fb45-4b0b-8c74-503136d06a62 req-a247c9bb-7064-4c17-a806-2f82e25e28d8 a9c419bc028e4f6da1c2781b9f1670fd 7fc95582c1354e308ef8fc504aeb3841 - - default default] DELETE http://[LB_IP_ADDRESS]:8776/v3/volumes/540b971c-b463-4c21-9e8f-a1e3ec81e66f
2026-05-06 17:09:15.056 75 INFO cinder.api.v3.volumes [req-6dd3fb11-fb45-4b0b-8c74-503136d06a62 req-a247c9bb-7064-4c17-a806-2f82e25e28d8 a9c419bc028e4f6da1c2781b9f1670fd 7fc95582c1354e308ef8fc504aeb3841 - - default default] Delete volume with id: 540b971c-b463-4c21-9e8f-a1e3ec81e66f 
2026-05-06 17:09:15.069 75 INFO cinder.api.openstack.wsgi [req-6dd3fb11-fb45-4b0b-8c74-503136d06a62 req-a247c9bb-7064-4c17-a806-2f82e25e28d8 a9c419bc028e4f6da1c2781b9f1670fd 7fc95582c1354e308ef8fc504aeb3841 - - default default] http://[LB_IP_ADDRESS]:8776/v3/volumes/540b971c-b463-4c21-9e8f-a1e3ec81e66f returned with HTTP 404
2026-05-06 17:09:15.100 76 INFO cinder.api.openstack.wsgi [req-2bdf93e9-0ca1-463a-b640-8b29ceaa4de4 req-e1d6efcd-1792-4dc9-8c1a-79fb4e5f6057 a9c419bc028e4f6da1c2781b9f1670fd 7fc95582c1354e308ef8fc504aeb3841 - - default default] GET http://[LB_IP_ADDRESS]:8776/v3/volumes/540b971c-b463-4c21-9e8f-a1e3ec81e66f
2026-05-06 17:09:15.112 76 INFO cinder.api.openstack.wsgi [req-2bdf93e9-0ca1-463a-b640-8b29ceaa4de4 req-e1d6efcd-1792-4dc9-8c1a-79fb4e5f6057 a9c419bc028e4f6da1c2781b9f1670fd 7fc95582c1354e308ef8fc504aeb3841 - - default default] http://[LB_IP_ADDRESS]:8776/v3/volumes/540b971c-b463-4c21-9e8f-a1e3ec81e66f returned with HTTP 404
2026-05-06 17:09:15.706 74 INFO cinder.api.openstack.wsgi [None req-d477f286-6933-40c6-8084-c92055a90bf8 ed57642fcbf94484ac251f995d72eeeb 0ea2c13e91494b3c8d7e3d7ddc71581a - - default default] POST http://[LB_IP_ADDRESS]:8776/v3/0ea2c13e91494b3c8d7e3d7ddc71581a/types
2026-05-06 17:09:15.738 74 INFO cinder.api.openstack.wsgi [None req-d477f286-6933-40c6-8084-c92055a90bf8 ed57642fcbf94484ac251f995d72eeeb 0ea2c13e91494b3c8d7e3d7ddc71581a - - default default] http://[LB_IP_ADDRESS]:8776/v3/0ea2c13e91494b3c8d7e3d7ddc71581a/types returned with HTTP 200
2026-05-06 17:09:15.753 73 INFO cinder.api.openstack.wsgi [None req-fa953e4b-7b95-458d-a718-810e41e5541c ed57642fcbf94484ac251f995d72eeeb 0ea2c13e91494b3c8d7e3d7ddc71581a - - default default] POST http://[LB_IP_ADDRESS]:8776/v3/0ea2c13e91494b3c8d7e3d7ddc71581a/group_types
2026-05-06 17:09:15.779 73 INFO cinder.api.openstack.wsgi [None req-fa953e4b-7b95-458d-a718-810e41e5541c ed57642fcbf94484ac251f995d72eeeb 0ea2c13e91494b3c8d7e3d7ddc71581a - - default default] http://[LB_IP_ADDRESS]:8776/v3/0ea2c13e91494b3c8d7e3d7ddc71581a/group_types returned with HTTP 202
2026-05-06 17:09:15.896 72 INFO cinder.api.openstack.wsgi [None req-f9ebbb3f-d109-44af-97fa-870483148e18 318e0ad9d16741a1b2ea6621208b20a7 9a199d0c02a54a58bddd8da9b0f714cc - - default default] POST http://[LB_IP_ADDRESS]:8776/v3/9a199d0c02a54a58bddd8da9b0f714cc/groups
2026-05-06 17:09:15.904 72 INFO cinder.api.v3.groups [None req-f9ebbb3f-d109-44af-97fa-870483148e18 318e0ad9d16741a1b2ea6621208b20a7 9a199d0c02a54a58bddd8da9b0f714cc - - default default] Creating group tempest-GroupsV314Test-Group-342798712.
2026-05-06 17:09:15.918 72 INFO cinder.volume.api [None req-f9ebbb3f-d109-44af-97fa-870483148e18 318e0ad9d16741a1b2ea6621208b20a7 9a199d0c02a54a58bddd8da9b0f714cc - - default default] Availability Zones retrieved successfully.
2026-05-06 17:09:16.235 72 INFO cinder.api.openstack.wsgi [None req-f9ebbb3f-d109-44af-97fa-870483148e18 318e0ad9d16741a1b2ea6621208b20a7 9a199d0c02a54a58bddd8da9b0f714cc - - default default] http://[LB_IP_ADDRESS]:8776/v3/9a199d0c02a54a58bddd8da9b0f714cc/groups returned with HTTP 202
2026-05-06 17:09:16.248 75 INFO cinder.api.openstack.wsgi [None req-7ec171c1-f4ea-4663-b18e-82d2c0b007c2 318e0ad9d16741a1b2ea6621208b20a7 9a199d0c02a54a58bddd8da9b0f714cc - - default default] GET http://[LB_IP_ADDRESS]:8776/v3/9a199d0c02a54a58bddd8da9b0f714cc/groups/f06724a3-4859-4695-b427-0b531df691a4
2026-05-06 17:09:16.269 75 INFO cinder.api.openstack.wsgi [None req-7ec171c1-f4ea-4663-b18e-82d2c0b007c2 318e0ad9d16741a1b2ea6621208b20a7 9a199d0c02a54a58bddd8da9b0f714cc - - default default] http://[LB_IP_ADDRESS]:8776/v3/9a199d0c02a54a58bddd8da9b0f714cc/groups/f06724a3-4859-4695-b427-0b531df691a4 returned with HTTP 200
2026-05-06 17:09:17.113 76 INFO cinder.api.openstack.wsgi [None req-82ae73ed-6046-44be-8160-54800df9ca4b 1e20d18d6ddc4bd4a23bd08c27123d38 53c59555d9644f8287f7d58ea497b020 - - default default] POST http://[LB_IP_ADDRESS]:8776/v3/53c59555d9644f8287f7d58ea497b020/types
2026-05-06 17:09:17.148 76 INFO cinder.api.openstack.wsgi [None req-82ae73ed-6046-44be-8160-54800df9ca4b 1e20d18d6ddc4bd4a23bd08c27123d38 53c59555d9644f8287f7d58ea497b020 - - default default] http://[LB_IP_ADDRESS]:8776/v3/53c59555d9644f8287f7d58ea497b020/types returned with HTTP 200
2026-05-06 17:09:17.164 74 INFO cinder.api.openstack.wsgi [None req-aaff3994-a0a6-49d1-8384-df0150ec292b 1e20d18d6ddc4bd4a23bd08c27123d38 53c59555d9644f8287f7d58ea497b020 - - default default] POST http://[LB_IP_ADDRESS]:8776/v3/53c59555d9644f8287f7d58ea497b020/group_types
2026-05-06 17:09:17.190 74 INFO cinder.api.openstack.wsgi [None req-aaff3994-a0a6-49d1-8384-df0150ec292b 1e20d18d6ddc4bd4a23bd08c27123d38 53c59555d9644f8287f7d58ea497b020 - - default default] http://[LB_IP_ADDRESS]:8776/v3/53c59555d9644f8287f7d58ea497b020/group_types returned with HTTP 202
2026-05-06 17:09:17.285 72 INFO cinder.api.openstack.wsgi [None req-cff66024-45b7-4d42-8ccc-7532e1ea432a 318e0ad9d16741a1b2ea6621208b20a7 9a199d0c02a54a58bddd8da9b0f714cc - - default default] GET http://[LB_IP_ADDRESS]:8776/v3/9a199d0c02a54a58bddd8da9b0f714cc/groups/f06724a3-4859-4695-b427-0b531df691a4
2026-05-06 17:09:17.305 72 INFO cinder.api.openstack.wsgi [None req-cff66024-45b7-4d42-8ccc-7532e1ea432a 318e0ad9d16741a1b2ea6621208b20a7 9a199d0c02a54a58bddd8da9b0f714cc - - default default] http://[LB_IP_ADDRESS]:8776/v3/9a199d0c02a54a58bddd8da9b0f714cc/groups/f06724a3-4859-4695-b427-0b531df691a4 returned with HTTP 200
2026-05-06 17:09:17.320 75 INFO cinder.api.openstack.wsgi [None req-8c404163-30d3-4797-be03-fdaad3067f17 318e0ad9d16741a1b2ea6621208b20a7 9a199d0c02a54a58bddd8da9b0f714cc - - default default] POST http://[LB_IP_ADDRESS]:8776/v3/9a199d0c02a54a58bddd8da9b0f714cc/volumes
2026-05-06 17:09:17.334 75 INFO cinder.api.v3.volumes [None req-8c404163-30d3-4797-be03-fdaad3067f17 318e0ad9d16741a1b2ea6621208b20a7 9a199d0c02a54a58bddd8da9b0f714cc - - default default] Create volume of 1 GB
2026-05-06 17:09:17.344 73 INFO cinder.api.openstack.wsgi [None req-00abe6ad-4ec2-4fa7-9b98-abdb95e90177 0f6f1f8f76eb49d2bfb6c6c2104019f1 c9dc7b1a4b2b4b6baf4fd2b502b47b64 - - default default] POST http://[LB_IP_ADDRESS]:8776/v3/c9dc7b1a4b2b4b6baf4fd2b502b47b64/groups
2026-05-06 17:09:17.348 75 INFO cinder.volume.api [None req-8c404163-30d3-4797-be03-fdaad3067f17 318e0ad9d16741a1b2ea6621208b20a7 9a199d0c02a54a58bddd8da9b0f714cc - - default default] Availability Zones retrieved successfully.
2026-05-06 17:09:17.355 73 INFO cinder.api.v3.groups [None req-00abe6ad-4ec2-4fa7-9b98-abdb95e90177 0f6f1f8f76eb49d2bfb6c6c2104019f1 c9dc7b1a4b2b4b6baf4fd2b502b47b64 - - default default] Creating group tempest-GroupSnapshotsV319Test-Group-382492082.
2026-05-06 17:09:17.371 73 INFO cinder.volume.api [None req-00abe6ad-4ec2-4fa7-9b98-abdb95e90177 0f6f1f8f76eb49d2bfb6c6c2104019f1 c9dc7b1a4b2b4b6baf4fd2b502b47b64 - - default default] Availability Zones retrieved successfully.
2026-05-06 17:09:17.472 73 INFO cinder.api.openstack.wsgi [None req-00abe6ad-4ec2-4fa7-9b98-abdb95e90177 0f6f1f8f76eb49d2bfb6c6c2104019f1 c9dc7b1a4b2b4b6baf4fd2b502b47b64 - - default default] http://[LB_IP_ADDRESS]:8776/v3/c9dc7b1a4b2b4b6baf4fd2b502b47b64/groups returned with HTTP 202
2026-05-06 17:09:17.485 76 INFO cinder.api.openstack.wsgi [None req-5c2e35c9-808a-455b-9332-3564b72b6a41 0f6f1f8f76eb49d2bfb6c6c2104019f1 c9dc7b1a4b2b4b6baf4fd2b502b47b64 - - default default] GET http://[LB_IP_ADDRESS]:8776/v3/c9dc7b1a4b2b4b6baf4fd2b502b47b64/groups/6b1df08b-6bb3-4a34-9cd9-561c51723ff3
2026-05-06 17:09:17.502 76 INFO cinder.api.openstack.wsgi [None req-5c2e35c9-808a-455b-9332-3564b72b6a41 0f6f1f8f76eb49d2bfb6c6c2104019f1 c9dc7b1a4b2b4b6baf4fd2b502b47b64 - - default default] http://[LB_IP_ADDRESS]:8776/v3/c9dc7b1a4b2b4b6baf4fd2b502b47b64/groups/6b1df08b-6bb3-4a34-9cd9-561c51723ff3 returned with HTTP 200
2026-05-06 17:09:17.632 75 WARNING cinder.quota [None req-8c404163-30d3-4797-be03-fdaad3067f17 318e0ad9d16741a1b2ea6621208b20a7 9a199d0c02a54a58bddd8da9b0f714cc - - default default] Deprecated: Default quota for resource: volumes_tempest-GroupsV314Test-volume-type-775566864 is set by the default quota flag: quota_volumes_tempest-GroupsV314Test-volume-type-775566864, it is now deprecated. Please use the default quota class for default quota.
2026-05-06 17:09:17.632 75 WARNING cinder.quota [None req-8c404163-30d3-4797-be03-fdaad3067f17 318e0ad9d16741a1b2ea6621208b20a7 9a199d0c02a54a58bddd8da9b0f714cc - - default default] Deprecated: Default quota for resource: gigabytes_tempest-GroupsV314Test-volume-type-775566864 is set by the default quota flag: quota_gigabytes_tempest-GroupsV314Test-volume-type-775566864, it is now deprecated. Please use the default quota class for default quota.
2026-05-06 17:09:17.732 75 INFO cinder.volume.api [None req-8c404163-30d3-4797-be03-fdaad3067f17 318e0ad9d16741a1b2ea6621208b20a7 9a199d0c02a54a58bddd8da9b0f714cc - - default default] Create volume request issued successfully.
2026-05-06 17:09:17.744 75 INFO cinder.api.openstack.wsgi [None req-8c404163-30d3-4797-be03-fdaad3067f17 318e0ad9d16741a1b2ea6621208b20a7 9a199d0c02a54a58bddd8da9b0f714cc - - default default] http://[LB_IP_ADDRESS]:8776/v3/9a199d0c02a54a58bddd8da9b0f714cc/volumes returned with HTTP 202
2026-05-06 17:09:17.764 74 INFO cinder.api.openstack.wsgi [None req-c62b6a08-66ed-48e4-8f72-3ae9e194c54a 318e0ad9d16741a1b2ea6621208b20a7 9a199d0c02a54a58bddd8da9b0f714cc - - default default] GET http://[LB_IP_ADDRESS]:8776/v3/9a199d0c02a54a58bddd8da9b0f714cc/volumes/a7267aa2-22ca-4731-aef2-179c7d41770a
2026-05-06 17:09:17.770 72 INFO cinder.api.openstack.wsgi [req-62fbc1fc-1097-4a4b-bdb3-12f94e0838c6 req-2fc7d107-110d-4956-bd11-0c185d12d596 a3428ef5ed4a4eed85b381fc7da55c71 cd3db726d50d4f63971b7b4fa65ed7fd - - default default] POST http://[LB_IP_ADDRESS]:8776/v3/volumes
2026-05-06 17:09:17.773 72 INFO cinder.api.v3.volumes [req-62fbc1fc-1097-4a4b-bdb3-12f94e0838c6 req-2fc7d107-110d-4956-bd11-0c185d12d596 a3428ef5ed4a4eed85b381fc7da55c71 cd3db726d50d4f63971b7b4fa65ed7fd - - default default] Create volume of 1 GB
2026-05-06 17:09:17.785 74 INFO cinder.volume.api [None req-c62b6a08-66ed-48e4-8f72-3ae9e194c54a 318e0ad9d16741a1b2ea6621208b20a7 9a199d0c02a54a58bddd8da9b0f714cc - - default default] Volume info retrieved successfully.
2026-05-06 17:09:17.787 72 INFO cinder.volume.api [req-62fbc1fc-1097-4a4b-bdb3-12f94e0838c6 req-2fc7d107-110d-4956-bd11-0c185d12d596 a3428ef5ed4a4eed85b381fc7da55c71 cd3db726d50d4f63971b7b4fa65ed7fd - - default default] Availability Zones retrieved successfully.
2026-05-06 17:09:17.812 74 INFO cinder.api.openstack.wsgi [None req-c62b6a08-66ed-48e4-8f72-3ae9e194c54a 318e0ad9d16741a1b2ea6621208b20a7 9a199d0c02a54a58bddd8da9b0f714cc - - default default] http://[LB_IP_ADDRESS]:8776/v3/9a199d0c02a54a58bddd8da9b0f714cc/volumes/a7267aa2-22ca-4731-aef2-179c7d41770a returned with HTTP 200
2026-05-06 17:09:18.155 72 INFO cinder.volume.api [req-62fbc1fc-1097-4a4b-bdb3-12f94e0838c6 req-2fc7d107-110d-4956-bd11-0c185d12d596 a3428ef5ed4a4eed85b381fc7da55c71 cd3db726d50d4f63971b7b4fa65ed7fd - - default default] Create volume request issued successfully.
2026-05-06 17:09:18.156 72 INFO cinder.api.openstack.wsgi [req-62fbc1fc-1097-4a4b-bdb3-12f94e0838c6 req-2fc7d107-110d-4956-bd11-0c185d12d596 a3428ef5ed4a4eed85b381fc7da55c71 cd3db726d50d4f63971b7b4fa65ed7fd - - default default] http://[LB_IP_ADDRESS]:8776/v3/volumes returned with HTTP 202
2026-05-06 17:09:18.170 73 INFO cinder.api.openstack.wsgi [req-62fbc1fc-1097-4a4b-bdb3-12f94e0838c6 req-ab2a9369-4529-4fa9-b925-dd570c0b59f2 a3428ef5ed4a4eed85b381fc7da55c71 cd3db726d50d4f63971b7b4fa65ed7fd - - default default] GET http://[LB_IP_ADDRESS]:8776/v3/volumes/42917613-aef1-49e9-a952-0e3978b64e35
2026-05-06 17:09:18.193 73 INFO cinder.volume.api [req-62fbc1fc-1097-4a4b-bdb3-12f94e0838c6 req-ab2a9369-4529-4fa9-b925-dd570c0b59f2 a3428ef5ed4a4eed85b381fc7da55c71 cd3db726d50d4f63971b7b4fa65ed7fd - - default default] Volume info retrieved successfully.
2026-05-06 17:09:18.202 73 INFO cinder.api.openstack.wsgi [req-62fbc1fc-1097-4a4b-bdb3-12f94e0838c6 req-ab2a9369-4529-4fa9-b925-dd570c0b59f2 a3428ef5ed4a4eed85b381fc7da55c71 cd3db726d50d4f63971b7b4fa65ed7fd - - default default] http://[LB_IP_ADDRESS]:8776/v3/volumes/42917613-aef1-49e9-a952-0e3978b64e35 returned with HTTP 200
2026-05-06 17:09:18.242 76 INFO cinder.api.openstack.wsgi [req-adeb9134-9732-4c25-9ca8-26ab0edcce92 req-9ef76deb-1da9-491c-89a8-d3e1554636d4 a3428ef5ed4a4eed85b381fc7da55c71 cd3db726d50d4f63971b7b4fa65ed7fd - - default default] GET http://[LB_IP_ADDRESS]:8776/v3/volumes/42917613-aef1-49e9-a952-0e3978b64e35
2026-05-06 17:09:18.265 76 INFO cinder.volume.api [req-adeb9134-9732-4c25-9ca8-26ab0edcce92 req-9ef76deb-1da9-491c-89a8-d3e1554636d4 a3428ef5ed4a4eed85b381fc7da55c71 cd3db726d50d4f63971b7b4fa65ed7fd - - default default] Volume info retrieved successfully.
2026-05-06 17:09:18.274 76 INFO cinder.api.openstack.wsgi [req-adeb9134-9732-4c25-9ca8-26ab0edcce92 req-9ef76deb-1da9-491c-89a8-d3e1554636d4 a3428ef5ed4a4eed85b381fc7da55c71 cd3db726d50d4f63971b7b4fa65ed7fd - - default default] http://[LB_IP_ADDRESS]:8776/v3/volumes/42917613-aef1-49e9-a952-0e3978b64e35 returned with HTTP 200
2026-05-06 17:09:18.518 75 INFO cinder.api.openstack.wsgi [None req-767cc4a9-894a-449a-980c-9ff54c22db78 0f6f1f8f76eb49d2bfb6c6c2104019f1 c9dc7b1a4b2b4b6baf4fd2b502b47b64 - - default default] GET http://[LB_IP_ADDRESS]:8776/v3/c9dc7b1a4b2b4b6baf4fd2b502b47b64/groups/6b1df08b-6bb3-4a34-9cd9-561c51723ff3
2026-05-06 17:09:18.540 75 INFO cinder.api.openstack.wsgi [None req-767cc4a9-894a-449a-980c-9ff54c22db78 0f6f1f8f76eb49d2bfb6c6c2104019f1 c9dc7b1a4b2b4b6baf4fd2b502b47b64 - - default default] http://[LB_IP_ADDRESS]:8776/v3/c9dc7b1a4b2b4b6baf4fd2b502b47b64/groups/6b1df08b-6bb3-4a34-9cd9-561c51723ff3 returned with HTTP 200
2026-05-06 17:09:18.557 74 INFO cinder.api.openstack.wsgi [None req-b13b99c0-4365-4d28-ab30-544e7bce576a 0f6f1f8f76eb49d2bfb6c6c2104019f1 c9dc7b1a4b2b4b6baf4fd2b502b47b64 - - default default] POST http://[LB_IP_ADDRESS]:8776/v3/c9dc7b1a4b2b4b6baf4fd2b502b47b64/volumes
2026-05-06 17:09:18.573 74 INFO cinder.api.v3.volumes [None req-b13b99c0-4365-4d28-ab30-544e7bce576a 0f6f1f8f76eb49d2bfb6c6c2104019f1 c9dc7b1a4b2b4b6baf4fd2b502b47b64 - - default default] Create volume of 1 GB
2026-05-06 17:09:18.586 74 INFO cinder.volume.api [None req-b13b99c0-4365-4d28-ab30-544e7bce576a 0f6f1f8f76eb49d2bfb6c6c2104019f1 c9dc7b1a4b2b4b6baf4fd2b502b47b64 - - default default] Availability Zones retrieved successfully.
2026-05-06 17:09:18.834 72 INFO cinder.api.openstack.wsgi [None req-3460ac6d-29b1-42f1-a37a-2510a7869378 318e0ad9d16741a1b2ea6621208b20a7 9a199d0c02a54a58bddd8da9b0f714cc - - default default] GET http://[LB_IP_ADDRESS]:8776/v3/9a199d0c02a54a58bddd8da9b0f714cc/volumes/a7267aa2-22ca-4731-aef2-179c7d41770a
2026-05-06 17:09:18.844 74 WARNING cinder.quota [None req-b13b99c0-4365-4d28-ab30-544e7bce576a 0f6f1f8f76eb49d2bfb6c6c2104019f1 c9dc7b1a4b2b4b6baf4fd2b502b47b64 - - default default] Deprecated: Default quota for resource: volumes_tempest-GroupSnapshotsV319Test-volume-type-1634045228 is set by the default quota flag: quota_volumes_tempest-GroupSnapshotsV319Test-volume-type-1634045228, it is now deprecated. Please use the default quota class for default quota.
2026-05-06 17:09:18.845 74 WARNING cinder.quota [None req-b13b99c0-4365-4d28-ab30-544e7bce576a 0f6f1f8f76eb49d2bfb6c6c2104019f1 c9dc7b1a4b2b4b6baf4fd2b502b47b64 - - default default] Deprecated: Default quota for resource: gigabytes_tempest-GroupSnapshotsV319Test-volume-type-1634045228 is set by the default quota flag: quota_gigabytes_tempest-GroupSnapshotsV319Test-volume-type-1634045228, it is now deprecated. Please use the default quota class for default quota.
2026-05-06 17:09:18.856 72 INFO cinder.volume.api [None req-3460ac6d-29b1-42f1-a37a-2510a7869378 318e0ad9d16741a1b2ea6621208b20a7 9a199d0c02a54a58bddd8da9b0f714cc - - default default] Volume info retrieved successfully.
2026-05-06 17:09:18.884 72 INFO cinder.api.openstack.wsgi [None req-3460ac6d-29b1-42f1-a37a-2510a7869378 318e0ad9d16741a1b2ea6621208b20a7 9a199d0c02a54a58bddd8da9b0f714cc - - default default] http://[LB_IP_ADDRESS]:8776/v3/9a199d0c02a54a58bddd8da9b0f714cc/volumes/a7267aa2-22ca-4731-aef2-179c7d41770a returned with HTTP 200
2026-05-06 17:09:18.908 73 INFO cinder.api.openstack.wsgi [None req-db70ff99-1cdd-45f4-962b-bfa119e8ed94 318e0ad9d16741a1b2ea6621208b20a7 9a199d0c02a54a58bddd8da9b0f714cc - - default default] POST http://[LB_IP_ADDRESS]:8776/v3/9a199d0c02a54a58bddd8da9b0f714cc/groups/action
