2022-04-12 19:16:39.812 22 INFO cinder.api.openstack.wsgi [req-69317c30-19a1-49a0-a428-eeb010d74133 18565e6b2466493d978418a13bc92a80 - - default default] GET http://[LB_IP_ADDRESS]:8776/v3/8f556043843943c195810bd9f40200ad/volumes/38b9dd52-61ab-4025-8a26-1ffefb7a5265
2022-04-12 19:16:39.836 22 INFO cinder.volume.api [req-69317c30-19a1-49a0-a428-eeb010d74133 18565e6b2466493d978418a13bc92a80 - - default default] Volume info retrieved successfully.
2022-04-12 19:16:39.844 22 INFO cinder.api.openstack.wsgi [req-69317c30-19a1-49a0-a428-eeb010d74133 18565e6b2466493d978418a13bc92a80 - - default default] http://[LB_IP_ADDRESS]:8776/v3/8f556043843943c195810bd9f40200ad/volumes/38b9dd52-61ab-4025-8a26-1ffefb7a5265 returned with HTTP 200
2022-04-12 19:16:40.866 21 INFO cinder.api.openstack.wsgi [req-6a7b7e44-6fef-4044-a0da-67d943c0df55 18565e6b2466493d978418a13bc92a80 - - default default] GET http://[LB_IP_ADDRESS]:8776/v3/8f556043843943c195810bd9f40200ad/volumes/38b9dd52-61ab-4025-8a26-1ffefb7a5265
2022-04-12 19:16:40.891 21 INFO cinder.volume.api [req-6a7b7e44-6fef-4044-a0da-67d943c0df55 18565e6b2466493d978418a13bc92a80 - - default default] Volume info retrieved successfully.
2022-04-12 19:16:40.899 21 INFO cinder.api.openstack.wsgi [req-6a7b7e44-6fef-4044-a0da-67d943c0df55 18565e6b2466493d978418a13bc92a80 - - default default] http://[LB_IP_ADDRESS]:8776/v3/8f556043843943c195810bd9f40200ad/volumes/38b9dd52-61ab-4025-8a26-1ffefb7a5265 returned with HTTP 200
2022-04-12 19:16:41.921 20 INFO cinder.api.openstack.wsgi [req-c93f212e-3a94-437c-9366-37534508616e 18565e6b2466493d978418a13bc92a80 - - default default] GET http://[LB_IP_ADDRESS]:8776/v3/8f556043843943c195810bd9f40200ad/volumes/38b9dd52-61ab-4025-8a26-1ffefb7a5265
2022-04-12 19:16:41.947 20 INFO cinder.volume.api [req-c93f212e-3a94-437c-9366-37534508616e 18565e6b2466493d978418a13bc92a80 - - default default] Volume info retrieved successfully.
2022-04-12 19:16:41.954 20 INFO cinder.api.openstack.wsgi [req-c93f212e-3a94-437c-9366-37534508616e 18565e6b2466493d978418a13bc92a80 - - default default] http://[LB_IP_ADDRESS]:8776/v3/8f556043843943c195810bd9f40200ad/volumes/38b9dd52-61ab-4025-8a26-1ffefb7a5265 returned with HTTP 200
2022-04-12 19:16:41.975 23 INFO cinder.api.openstack.wsgi [req-93d11b33-c678-4dd5-8dd5-a6d6492871fc 18565e6b2466493d978418a13bc92a80 - - default default] GET http://[LB_IP_ADDRESS]:8776/v3/8f556043843943c195810bd9f40200ad/volumes/38b9dd52-61ab-4025-8a26-1ffefb7a5265
2022-04-12 19:16:41.997 23 INFO cinder.volume.api [req-93d11b33-c678-4dd5-8dd5-a6d6492871fc 18565e6b2466493d978418a13bc92a80 - - default default] Volume info retrieved successfully.
2022-04-12 19:16:42.005 23 INFO cinder.api.openstack.wsgi [req-93d11b33-c678-4dd5-8dd5-a6d6492871fc 18565e6b2466493d978418a13bc92a80 - - default default] http://[LB_IP_ADDRESS]:8776/v3/8f556043843943c195810bd9f40200ad/volumes/38b9dd52-61ab-4025-8a26-1ffefb7a5265 returned with HTTP 200
2022-04-12 19:16:42.155 19 INFO cinder.api.openstack.wsgi [req-06243413-334c-4574-921b-06e2ee4e22bb c645c66b78f146158f4adc5128fdaf4a - - default default] POST http://[LB_IP_ADDRESS]:8776/v3/e8bd99c5476b4d6f9befd1614f3d809c/volumes
2022-04-12 19:16:42.157 19 INFO cinder.api.v3.volumes [req-06243413-334c-4574-921b-06e2ee4e22bb c645c66b78f146158f4adc5128fdaf4a - - default default] Create volume of 1 GB
2022-04-12 19:16:42.167 19 INFO cinder.volume.api [req-06243413-334c-4574-921b-06e2ee4e22bb c645c66b78f146158f4adc5128fdaf4a - - default default] Availability Zones retrieved successfully.
2022-04-12 19:16:42.500 19 INFO cinder.volume.api [req-06243413-334c-4574-921b-06e2ee4e22bb c645c66b78f146158f4adc5128fdaf4a - - default default] Create volume request issued successfully.
2022-04-12 19:16:42.501 19 INFO cinder.api.openstack.wsgi [req-06243413-334c-4574-921b-06e2ee4e22bb c645c66b78f146158f4adc5128fdaf4a - - default default] http://[LB_IP_ADDRESS]:8776/v3/e8bd99c5476b4d6f9befd1614f3d809c/volumes returned with HTTP 202
2022-04-12 19:16:42.522 22 INFO cinder.api.openstack.wsgi [req-381c7a63-0799-4005-81d2-01491f3c45a8 c645c66b78f146158f4adc5128fdaf4a - - default default] GET http://[LB_IP_ADDRESS]:8776/v3/e8bd99c5476b4d6f9befd1614f3d809c/volumes/2eb045a5-96b2-44c0-9105-c94d4c283516
2022-04-12 19:16:42.546 22 INFO cinder.volume.api [req-381c7a63-0799-4005-81d2-01491f3c45a8 c645c66b78f146158f4adc5128fdaf4a - - default default] Volume info retrieved successfully.
2022-04-12 19:16:42.554 22 INFO cinder.api.openstack.wsgi [req-381c7a63-0799-4005-81d2-01491f3c45a8 c645c66b78f146158f4adc5128fdaf4a - - default default] http://[LB_IP_ADDRESS]:8776/v3/e8bd99c5476b4d6f9befd1614f3d809c/volumes/2eb045a5-96b2-44c0-9105-c94d4c283516 returned with HTTP 200
2022-04-12 19:16:43.576 21 INFO cinder.api.openstack.wsgi [req-f67d89fd-ccb5-4fef-b57d-ca8db966439e c645c66b78f146158f4adc5128fdaf4a - - default default] GET http://[LB_IP_ADDRESS]:8776/v3/e8bd99c5476b4d6f9befd1614f3d809c/volumes/2eb045a5-96b2-44c0-9105-c94d4c283516
2022-04-12 19:16:43.600 21 INFO cinder.volume.api [req-f67d89fd-ccb5-4fef-b57d-ca8db966439e c645c66b78f146158f4adc5128fdaf4a - - default default] Volume info retrieved successfully.
2022-04-12 19:16:43.608 21 INFO cinder.api.openstack.wsgi [req-f67d89fd-ccb5-4fef-b57d-ca8db966439e c645c66b78f146158f4adc5128fdaf4a - - default default] http://[LB_IP_ADDRESS]:8776/v3/e8bd99c5476b4d6f9befd1614f3d809c/volumes/2eb045a5-96b2-44c0-9105-c94d4c283516 returned with HTTP 200
2022-04-12 19:16:44.631 20 INFO cinder.api.openstack.wsgi [req-b7414f7a-e20b-4763-9924-2626188cca0e c645c66b78f146158f4adc5128fdaf4a - - default default] GET http://[LB_IP_ADDRESS]:8776/v3/e8bd99c5476b4d6f9befd1614f3d809c/volumes/2eb045a5-96b2-44c0-9105-c94d4c283516
2022-04-12 19:16:44.656 20 INFO cinder.volume.api [req-b7414f7a-e20b-4763-9924-2626188cca0e c645c66b78f146158f4adc5128fdaf4a - - default default] Volume info retrieved successfully.
2022-04-12 19:16:44.663 20 INFO cinder.api.openstack.wsgi [req-b7414f7a-e20b-4763-9924-2626188cca0e c645c66b78f146158f4adc5128fdaf4a - - default default] http://[LB_IP_ADDRESS]:8776/v3/e8bd99c5476b4d6f9befd1614f3d809c/volumes/2eb045a5-96b2-44c0-9105-c94d4c283516 returned with HTTP 200
2022-04-12 19:16:44.685 23 INFO cinder.api.openstack.wsgi [req-35cf9b03-49ac-49f8-b2ad-161e0abfc0c3 c645c66b78f146158f4adc5128fdaf4a - - default default] GET http://[LB_IP_ADDRESS]:8776/v3/e8bd99c5476b4d6f9befd1614f3d809c/volumes/detail?all_tenants=1&project_id=8f556043843943c195810bd9f40200ad
2022-04-12 19:16:44.727 23 INFO cinder.volume.api [req-35cf9b03-49ac-49f8-b2ad-161e0abfc0c3 c645c66b78f146158f4adc5128fdaf4a - - default default] Get all volumes completed successfully.
2022-04-12 19:16:44.738 23 INFO cinder.api.openstack.wsgi [req-35cf9b03-49ac-49f8-b2ad-161e0abfc0c3 c645c66b78f146158f4adc5128fdaf4a - - default default] http://[LB_IP_ADDRESS]:8776/v3/e8bd99c5476b4d6f9befd1614f3d809c/volumes/detail?all_tenants=1&project_id=8f556043843943c195810bd9f40200ad returned with HTTP 200
2022-04-12 19:16:44.763 19 INFO cinder.api.openstack.wsgi [req-f50630e8-b64e-4f47-ae3d-8bb12389babb c645c66b78f146158f4adc5128fdaf4a - - default default] DELETE http://[LB_IP_ADDRESS]:8776/v3/e8bd99c5476b4d6f9befd1614f3d809c/volumes/2eb045a5-96b2-44c0-9105-c94d4c283516
2022-04-12 19:16:44.764 19 INFO cinder.api.v3.volumes [req-f50630e8-b64e-4f47-ae3d-8bb12389babb c645c66b78f146158f4adc5128fdaf4a - - default default] Delete volume with id: 2eb045a5-96b2-44c0-9105-c94d4c283516 
2022-04-12 19:16:44.781 19 INFO cinder.volume.api [req-f50630e8-b64e-4f47-ae3d-8bb12389babb c645c66b78f146158f4adc5128fdaf4a - - default default] Volume info retrieved successfully.
2022-04-12 19:16:44.806 19 INFO cinder.volume.api [req-f50630e8-b64e-4f47-ae3d-8bb12389babb c645c66b78f146158f4adc5128fdaf4a - - default default] Delete volume request issued successfully.
2022-04-12 19:16:44.807 19 INFO cinder.api.openstack.wsgi [req-f50630e8-b64e-4f47-ae3d-8bb12389babb c645c66b78f146158f4adc5128fdaf4a - - default default] http://[LB_IP_ADDRESS]:8776/v3/e8bd99c5476b4d6f9befd1614f3d809c/volumes/2eb045a5-96b2-44c0-9105-c94d4c283516 returned with HTTP 202
2022-04-12 19:16:44.821 22 INFO cinder.api.openstack.wsgi [req-87957345-652a-434d-92b7-c5dd68637929 18565e6b2466493d978418a13bc92a80 - - default default] DELETE http://[LB_IP_ADDRESS]:8776/v3/8f556043843943c195810bd9f40200ad/volumes/38b9dd52-61ab-4025-8a26-1ffefb7a5265
2022-04-12 19:16:44.822 22 INFO cinder.api.v3.volumes [req-87957345-652a-434d-92b7-c5dd68637929 18565e6b2466493d978418a13bc92a80 - - default default] Delete volume with id: 38b9dd52-61ab-4025-8a26-1ffefb7a5265 
2022-04-12 19:16:44.839 22 INFO cinder.volume.api [req-87957345-652a-434d-92b7-c5dd68637929 18565e6b2466493d978418a13bc92a80 - - default default] Volume info retrieved successfully.
2022-04-12 19:16:44.864 22 INFO cinder.volume.api [req-87957345-652a-434d-92b7-c5dd68637929 18565e6b2466493d978418a13bc92a80 - - default default] Delete volume request issued successfully.
2022-04-12 19:16:44.864 22 INFO cinder.api.openstack.wsgi [req-87957345-652a-434d-92b7-c5dd68637929 18565e6b2466493d978418a13bc92a80 - - default default] http://[LB_IP_ADDRESS]:8776/v3/8f556043843943c195810bd9f40200ad/volumes/38b9dd52-61ab-4025-8a26-1ffefb7a5265 returned with HTTP 202
2022-04-12 19:16:44.876 21 INFO cinder.api.openstack.wsgi [req-d624cd3a-6ec3-43f5-b0a9-e50d8dab8d31 18565e6b2466493d978418a13bc92a80 - - default default] GET http://[LB_IP_ADDRESS]:8776/v3/8f556043843943c195810bd9f40200ad/volumes/38b9dd52-61ab-4025-8a26-1ffefb7a5265
2022-04-12 19:16:44.898 21 INFO cinder.volume.api [req-d624cd3a-6ec3-43f5-b0a9-e50d8dab8d31 18565e6b2466493d978418a13bc92a80 - - default default] Volume info retrieved successfully.
2022-04-12 19:16:44.906 21 INFO cinder.api.openstack.wsgi [req-d624cd3a-6ec3-43f5-b0a9-e50d8dab8d31 18565e6b2466493d978418a13bc92a80 - - default default] http://[LB_IP_ADDRESS]:8776/v3/8f556043843943c195810bd9f40200ad/volumes/38b9dd52-61ab-4025-8a26-1ffefb7a5265 returned with HTTP 200
2022-04-12 19:16:45.929 20 INFO cinder.api.openstack.wsgi [req-00935d49-5985-4126-97cb-a8b47b702678 18565e6b2466493d978418a13bc92a80 - - default default] GET http://[LB_IP_ADDRESS]:8776/v3/8f556043843943c195810bd9f40200ad/volumes/38b9dd52-61ab-4025-8a26-1ffefb7a5265
2022-04-12 19:16:45.942 20 INFO cinder.api.openstack.wsgi [req-00935d49-5985-4126-97cb-a8b47b702678 18565e6b2466493d978418a13bc92a80 - - default default] http://[LB_IP_ADDRESS]:8776/v3/8f556043843943c195810bd9f40200ad/volumes/38b9dd52-61ab-4025-8a26-1ffefb7a5265 returned with HTTP 404
2022-04-12 19:16:45.954 23 INFO cinder.api.openstack.wsgi [req-3dfbd2b9-39ff-4b80-b1ab-81849fa10d4d 18565e6b2466493d978418a13bc92a80 - - default default] DELETE http://[LB_IP_ADDRESS]:8776/v3/8f556043843943c195810bd9f40200ad/volumes/5f4a5b57-e542-4902-a60d-53173d4eee25
2022-04-12 19:16:45.955 23 INFO cinder.api.v3.volumes [req-3dfbd2b9-39ff-4b80-b1ab-81849fa10d4d 18565e6b2466493d978418a13bc92a80 - - default default] Delete volume with id: 5f4a5b57-e542-4902-a60d-53173d4eee25 
2022-04-12 19:16:45.973 23 INFO cinder.volume.api [req-3dfbd2b9-39ff-4b80-b1ab-81849fa10d4d 18565e6b2466493d978418a13bc92a80 - - default default] Volume info retrieved successfully.
2022-04-12 19:16:45.998 23 INFO cinder.volume.api [req-3dfbd2b9-39ff-4b80-b1ab-81849fa10d4d 18565e6b2466493d978418a13bc92a80 - - default default] Delete volume request issued successfully.
2022-04-12 19:16:45.998 23 INFO cinder.api.openstack.wsgi [req-3dfbd2b9-39ff-4b80-b1ab-81849fa10d4d 18565e6b2466493d978418a13bc92a80 - - default default] http://[LB_IP_ADDRESS]:8776/v3/8f556043843943c195810bd9f40200ad/volumes/5f4a5b57-e542-4902-a60d-53173d4eee25 returned with HTTP 202
2022-04-12 19:16:46.010 19 INFO cinder.api.openstack.wsgi [req-cf43006a-c965-4faf-9345-1e22c017efad 18565e6b2466493d978418a13bc92a80 - - default default] GET http://[LB_IP_ADDRESS]:8776/v3/8f556043843943c195810bd9f40200ad/volumes/5f4a5b57-e542-4902-a60d-53173d4eee25
2022-04-12 19:16:46.034 19 INFO cinder.volume.api [req-cf43006a-c965-4faf-9345-1e22c017efad 18565e6b2466493d978418a13bc92a80 - - default default] Volume info retrieved successfully.
2022-04-12 19:16:46.042 19 INFO cinder.api.openstack.wsgi [req-cf43006a-c965-4faf-9345-1e22c017efad 18565e6b2466493d978418a13bc92a80 - - default default] http://[LB_IP_ADDRESS]:8776/v3/8f556043843943c195810bd9f40200ad/volumes/5f4a5b57-e542-4902-a60d-53173d4eee25 returned with HTTP 200
2022-04-12 19:16:47.065 22 INFO cinder.api.openstack.wsgi [req-d521a30d-eb56-4de8-b8c1-cdee2c765b0f 18565e6b2466493d978418a13bc92a80 - - default default] GET http://[LB_IP_ADDRESS]:8776/v3/8f556043843943c195810bd9f40200ad/volumes/5f4a5b57-e542-4902-a60d-53173d4eee25
2022-04-12 19:16:47.079 22 INFO cinder.api.openstack.wsgi [req-d521a30d-eb56-4de8-b8c1-cdee2c765b0f 18565e6b2466493d978418a13bc92a80 - - default default] http://[LB_IP_ADDRESS]:8776/v3/8f556043843943c195810bd9f40200ad/volumes/5f4a5b57-e542-4902-a60d-53173d4eee25 returned with HTTP 404
2022-04-12 19:16:47.091 21 INFO cinder.api.openstack.wsgi [req-fa37e3cc-3b19-4e64-8d26-d812efe7c545 18565e6b2466493d978418a13bc92a80 - - default default] DELETE http://[LB_IP_ADDRESS]:8776/v3/8f556043843943c195810bd9f40200ad/volumes/d471769d-4a0c-4276-a58a-15f82daa577e
2022-04-12 19:16:47.092 21 INFO cinder.api.v3.volumes [req-fa37e3cc-3b19-4e64-8d26-d812efe7c545 18565e6b2466493d978418a13bc92a80 - - default default] Delete volume with id: d471769d-4a0c-4276-a58a-15f82daa577e 
2022-04-12 19:16:47.109 21 INFO cinder.volume.api [req-fa37e3cc-3b19-4e64-8d26-d812efe7c545 18565e6b2466493d978418a13bc92a80 - - default default] Volume info retrieved successfully.
2022-04-12 19:16:47.132 21 INFO cinder.volume.api [req-fa37e3cc-3b19-4e64-8d26-d812efe7c545 18565e6b2466493d978418a13bc92a80 - - default default] Delete volume request issued successfully.
2022-04-12 19:16:47.133 21 INFO cinder.api.openstack.wsgi [req-fa37e3cc-3b19-4e64-8d26-d812efe7c545 18565e6b2466493d978418a13bc92a80 - - default default] http://[LB_IP_ADDRESS]:8776/v3/8f556043843943c195810bd9f40200ad/volumes/d471769d-4a0c-4276-a58a-15f82daa577e returned with HTTP 202
2022-04-12 19:16:47.145 20 INFO cinder.api.openstack.wsgi [req-61700938-ff1b-431b-b553-4c8382a3dd3d 18565e6b2466493d978418a13bc92a80 - - default default] GET http://[LB_IP_ADDRESS]:8776/v3/8f556043843943c195810bd9f40200ad/volumes/d471769d-4a0c-4276-a58a-15f82daa577e
2022-04-12 19:16:47.169 20 INFO cinder.volume.api [req-61700938-ff1b-431b-b553-4c8382a3dd3d 18565e6b2466493d978418a13bc92a80 - - default default] Volume info retrieved successfully.
2022-04-12 19:16:47.177 20 INFO cinder.api.openstack.wsgi [req-61700938-ff1b-431b-b553-4c8382a3dd3d 18565e6b2466493d978418a13bc92a80 - - default default] http://[LB_IP_ADDRESS]:8776/v3/8f556043843943c195810bd9f40200ad/volumes/d471769d-4a0c-4276-a58a-15f82daa577e returned with HTTP 200
2022-04-12 19:16:48.199 23 INFO cinder.api.openstack.wsgi [req-61796be6-a001-4381-a930-4b5a395a487c 18565e6b2466493d978418a13bc92a80 - - default default] GET http://[LB_IP_ADDRESS]:8776/v3/8f556043843943c195810bd9f40200ad/volumes/d471769d-4a0c-4276-a58a-15f82daa577e
2022-04-12 19:16:48.214 23 INFO cinder.api.openstack.wsgi [req-61796be6-a001-4381-a930-4b5a395a487c 18565e6b2466493d978418a13bc92a80 - - default default] http://[LB_IP_ADDRESS]:8776/v3/8f556043843943c195810bd9f40200ad/volumes/d471769d-4a0c-4276-a58a-15f82daa577e returned with HTTP 404
2022-04-12 19:16:51.637 19 INFO cinder.api.openstack.wsgi [req-49464812-1807-43cf-9cae-1c9df7511e1b 7cfbe750a8ec49d1b80e0620d170894e - - default default] GET http://[LB_IP_ADDRESS]:8776/v3/b83beee9b8f14a1a9fcf7b5ab34355d9/extensions
2022-04-12 19:16:51.639 19 INFO cinder.api.openstack.wsgi [req-49464812-1807-43cf-9cae-1c9df7511e1b 7cfbe750a8ec49d1b80e0620d170894e - - default default] http://[LB_IP_ADDRESS]:8776/v3/b83beee9b8f14a1a9fcf7b5ab34355d9/extensions returned with HTTP 200
2022-04-12 19:16:57.836 22 INFO cinder.api.openstack.wsgi [req-125265d1-1c33-4c31-958e-cf26a22426f9 0ec2b6a26f50495c8b2362d4e62e89b3 - - default default] POST http://[LB_IP_ADDRESS]:8776/v3/0fb52d27030345debbbf1cdcf304ca53/volumes
2022-04-12 19:16:57.838 22 INFO cinder.api.v3.volumes [req-125265d1-1c33-4c31-958e-cf26a22426f9 0ec2b6a26f50495c8b2362d4e62e89b3 - - default default] Create volume of 1 GB
2022-04-12 19:16:57.852 22 INFO cinder.volume.api [req-125265d1-1c33-4c31-958e-cf26a22426f9 0ec2b6a26f50495c8b2362d4e62e89b3 - - default default] Availability Zones retrieved successfully.
2022-04-12 19:16:58.189 22 INFO cinder.volume.api [req-125265d1-1c33-4c31-958e-cf26a22426f9 0ec2b6a26f50495c8b2362d4e62e89b3 - - default default] Create volume request issued successfully.
2022-04-12 19:16:58.191 22 INFO cinder.api.openstack.wsgi [req-125265d1-1c33-4c31-958e-cf26a22426f9 0ec2b6a26f50495c8b2362d4e62e89b3 - - default default] http://[LB_IP_ADDRESS]:8776/v3/0fb52d27030345debbbf1cdcf304ca53/volumes returned with HTTP 202
2022-04-12 19:16:58.213 21 INFO cinder.api.openstack.wsgi [req-3e66c9e0-a865-4dbe-bcbd-73601250813e 0ec2b6a26f50495c8b2362d4e62e89b3 - - default default] GET http://[LB_IP_ADDRESS]:8776/v3/0fb52d27030345debbbf1cdcf304ca53/volumes/0cf8abe9-b2a1-4e02-8868-b84c28995198
2022-04-12 19:16:58.240 21 INFO cinder.volume.api [req-3e66c9e0-a865-4dbe-bcbd-73601250813e 0ec2b6a26f50495c8b2362d4e62e89b3 - - default default] Volume info retrieved successfully.
2022-04-12 19:16:58.248 21 INFO cinder.api.openstack.wsgi [req-3e66c9e0-a865-4dbe-bcbd-73601250813e 0ec2b6a26f50495c8b2362d4e62e89b3 - - default default] http://[LB_IP_ADDRESS]:8776/v3/0fb52d27030345debbbf1cdcf304ca53/volumes/0cf8abe9-b2a1-4e02-8868-b84c28995198 returned with HTTP 200
2022-04-12 19:16:59.270 20 INFO cinder.api.openstack.wsgi [req-4e9fc59c-f724-47b2-a0f9-3aa7aae6713b 0ec2b6a26f50495c8b2362d4e62e89b3 - - default default] GET http://[LB_IP_ADDRESS]:8776/v3/0fb52d27030345debbbf1cdcf304ca53/volumes/0cf8abe9-b2a1-4e02-8868-b84c28995198
2022-04-12 19:16:59.299 20 INFO cinder.volume.api [req-4e9fc59c-f724-47b2-a0f9-3aa7aae6713b 0ec2b6a26f50495c8b2362d4e62e89b3 - - default default] Volume info retrieved successfully.
2022-04-12 19:16:59.307 20 INFO cinder.api.openstack.wsgi [req-4e9fc59c-f724-47b2-a0f9-3aa7aae6713b 0ec2b6a26f50495c8b2362d4e62e89b3 - - default default] http://[LB_IP_ADDRESS]:8776/v3/0fb52d27030345debbbf1cdcf304ca53/volumes/0cf8abe9-b2a1-4e02-8868-b84c28995198 returned with HTTP 200
2022-04-12 19:17:00.328 23 INFO cinder.api.openstack.wsgi [req-60ee617b-aa1d-4c8a-86c8-04fd4bb4c06f 0ec2b6a26f50495c8b2362d4e62e89b3 - - default default] GET http://[LB_IP_ADDRESS]:8776/v3/0fb52d27030345debbbf1cdcf304ca53/volumes/0cf8abe9-b2a1-4e02-8868-b84c28995198
2022-04-12 19:17:00.354 23 INFO cinder.volume.api [req-60ee617b-aa1d-4c8a-86c8-04fd4bb4c06f 0ec2b6a26f50495c8b2362d4e62e89b3 - - default default] Volume info retrieved successfully.
2022-04-12 19:17:00.362 23 INFO cinder.api.openstack.wsgi [req-60ee617b-aa1d-4c8a-86c8-04fd4bb4c06f 0ec2b6a26f50495c8b2362d4e62e89b3 - - default default] http://[LB_IP_ADDRESS]:8776/v3/0fb52d27030345debbbf1cdcf304ca53/volumes/0cf8abe9-b2a1-4e02-8868-b84c28995198 returned with HTTP 200
2022-04-12 19:17:00.383 19 INFO cinder.api.openstack.wsgi [req-eb266212-849b-4511-9557-48b73ff57f81 0ec2b6a26f50495c8b2362d4e62e89b3 - - default default] POST http://[LB_IP_ADDRESS]:8776/v3/0fb52d27030345debbbf1cdcf304ca53/volume-transfers
2022-04-12 19:17:00.385 19 INFO cinder.api.v3.volume_transfer [req-eb266212-849b-4511-9557-48b73ff57f81 0ec2b6a26f50495c8b2362d4e62e89b3 - - default default] Creating transfer of volume 0cf8abe9-b2a1-4e02-8868-b84c28995198
2022-04-12 19:17:00.386 19 INFO cinder.transfer.api [req-eb266212-849b-4511-9557-48b73ff57f81 0ec2b6a26f50495c8b2362d4e62e89b3 - - default default] Generating transfer record for volume 0cf8abe9-b2a1-4e02-8868-b84c28995198
2022-04-12 19:17:00.419 19 INFO cinder.api.openstack.wsgi [req-eb266212-849b-4511-9557-48b73ff57f81 0ec2b6a26f50495c8b2362d4e62e89b3 - - default default] http://[LB_IP_ADDRESS]:8776/v3/0fb52d27030345debbbf1cdcf304ca53/volume-transfers returned with HTTP 202
2022-04-12 19:17:00.434 22 INFO cinder.api.openstack.wsgi [req-c4b6252c-0d98-4aaa-9ec2-8fe0d28218e0 0ec2b6a26f50495c8b2362d4e62e89b3 - - default default] GET http://[LB_IP_ADDRESS]:8776/v3/0fb52d27030345debbbf1cdcf304ca53/volumes/0cf8abe9-b2a1-4e02-8868-b84c28995198
2022-04-12 19:17:00.458 22 INFO cinder.volume.api [req-c4b6252c-0d98-4aaa-9ec2-8fe0d28218e0 0ec2b6a26f50495c8b2362d4e62e89b3 - - default default] Volume info retrieved successfully.
2022-04-12 19:17:00.465 22 INFO cinder.api.openstack.wsgi [req-c4b6252c-0d98-4aaa-9ec2-8fe0d28218e0 0ec2b6a26f50495c8b2362d4e62e89b3 - - default default] http://[LB_IP_ADDRESS]:8776/v3/0fb52d27030345debbbf1cdcf304ca53/volumes/0cf8abe9-b2a1-4e02-8868-b84c28995198 returned with HTTP 200
2022-04-12 19:17:00.489 21 INFO cinder.api.openstack.wsgi [req-ce643413-b66e-4e69-9938-e657bd270764 0ec2b6a26f50495c8b2362d4e62e89b3 - - default default] GET http://[LB_IP_ADDRESS]:8776/v3/0fb52d27030345debbbf1cdcf304ca53/volume-transfers/be385797-3703-4bad-a1d0-f90d8a9951ef
2022-04-12 19:17:00.498 21 INFO cinder.api.openstack.wsgi [req-ce643413-b66e-4e69-9938-e657bd270764 0ec2b6a26f50495c8b2362d4e62e89b3 - - default default] http://[LB_IP_ADDRESS]:8776/v3/0fb52d27030345debbbf1cdcf304ca53/volume-transfers/be385797-3703-4bad-a1d0-f90d8a9951ef returned with HTTP 200
2022-04-12 19:17:00.514 20 INFO cinder.api.openstack.wsgi [req-450ba681-5424-4045-a6fe-3f5227caffe6 0ec2b6a26f50495c8b2362d4e62e89b3 - - default default] GET http://[LB_IP_ADDRESS]:8776/v3/0fb52d27030345debbbf1cdcf304ca53/volume-transfers
2022-04-12 19:17:00.524 20 INFO cinder.api.openstack.wsgi [req-450ba681-5424-4045-a6fe-3f5227caffe6 0ec2b6a26f50495c8b2362d4e62e89b3 - - default default] http://[LB_IP_ADDRESS]:8776/v3/0fb52d27030345debbbf1cdcf304ca53/volume-transfers returned with HTTP 200
2022-04-12 19:17:00.670 23 INFO cinder.api.openstack.wsgi [req-f177455a-3f37-4c2e-886b-364df92d7974 02c9e68bb5ec444e9c846b8c073baf45 - - default default] POST http://[LB_IP_ADDRESS]:8776/v3/33a25524c0654084898cd53adb440abb/volume-transfers/be385797-3703-4bad-a1d0-f90d8a9951ef/accept
2022-04-12 19:17:00.672 23 INFO cinder.api.contrib.volume_transfer [req-f177455a-3f37-4c2e-886b-364df92d7974 02c9e68bb5ec444e9c846b8c073baf45 - - default default] Accepting transfer be385797-3703-4bad-a1d0-f90d8a9951ef
2022-04-12 19:17:01.169 23 INFO cinder.volume.api [req-f177455a-3f37-4c2e-886b-364df92d7974 02c9e68bb5ec444e9c846b8c073baf45 - - default default] Transfer volume completed successfully.
2022-04-12 19:17:01.273 23 INFO cinder.transfer.api [req-f177455a-3f37-4c2e-886b-364df92d7974 02c9e68bb5ec444e9c846b8c073baf45 - - default default] Volume 0cf8abe9-b2a1-4e02-8868-b84c28995198 has been transferred.
2022-04-12 19:17:01.287 23 INFO cinder.api.openstack.wsgi [req-f177455a-3f37-4c2e-886b-364df92d7974 02c9e68bb5ec444e9c846b8c073baf45 - - default default] http://[LB_IP_ADDRESS]:8776/v3/33a25524c0654084898cd53adb440abb/volume-transfers/be385797-3703-4bad-a1d0-f90d8a9951ef/accept returned with HTTP 202
2022-04-12 19:17:01.302 19 INFO cinder.api.openstack.wsgi [req-41445ca6-93d9-47ab-9c35-6573e7de2f8b 02c9e68bb5ec444e9c846b8c073baf45 - - default default] GET http://[LB_IP_ADDRESS]:8776/v3/33a25524c0654084898cd53adb440abb/volumes/0cf8abe9-b2a1-4e02-8868-b84c28995198
2022-04-12 19:17:01.328 19 INFO cinder.volume.api [req-41445ca6-93d9-47ab-9c35-6573e7de2f8b 02c9e68bb5ec444e9c846b8c073baf45 - - default default] Volume info retrieved successfully.
2022-04-12 19:17:01.336 19 INFO cinder.api.openstack.wsgi [req-41445ca6-93d9-47ab-9c35-6573e7de2f8b 02c9e68bb5ec444e9c846b8c073baf45 - - default default] http://[LB_IP_ADDRESS]:8776/v3/33a25524c0654084898cd53adb440abb/volumes/0cf8abe9-b2a1-4e02-8868-b84c28995198 returned with HTTP 200
2022-04-12 19:17:01.358 22 INFO cinder.api.openstack.wsgi [req-9dd358a8-ea00-46c0-85a5-d65b3f4416a7 02c9e68bb5ec444e9c846b8c073baf45 - - default default] GET http://[LB_IP_ADDRESS]:8776/v3/33a25524c0654084898cd53adb440abb/volumes/0cf8abe9-b2a1-4e02-8868-b84c28995198
2022-04-12 19:17:01.381 22 INFO cinder.volume.api [req-9dd358a8-ea00-46c0-85a5-d65b3f4416a7 02c9e68bb5ec444e9c846b8c073baf45 - - default default] Volume info retrieved successfully.
2022-04-12 19:17:01.389 22 INFO cinder.api.openstack.wsgi [req-9dd358a8-ea00-46c0-85a5-d65b3f4416a7 02c9e68bb5ec444e9c846b8c073baf45 - - default default] http://[LB_IP_ADDRESS]:8776/v3/33a25524c0654084898cd53adb440abb/volumes/0cf8abe9-b2a1-4e02-8868-b84c28995198 returned with HTTP 200
2022-04-12 19:17:01.411 21 INFO cinder.api.openstack.wsgi [req-73ecd348-e250-47f6-99bc-cc885c6c93bc 0ec2b6a26f50495c8b2362d4e62e89b3 - - default default] DELETE http://[LB_IP_ADDRESS]:8776/v3/0fb52d27030345debbbf1cdcf304ca53/volume-transfers/be385797-3703-4bad-a1d0-f90d8a9951ef
2022-04-12 19:17:01.412 21 INFO cinder.api.contrib.volume_transfer [req-73ecd348-e250-47f6-99bc-cc885c6c93bc 0ec2b6a26f50495c8b2362d4e62e89b3 - - default default] Delete transfer with id: be385797-3703-4bad-a1d0-f90d8a9951ef
2022-04-12 19:17:01.418 21 INFO cinder.api.openstack.wsgi [req-73ecd348-e250-47f6-99bc-cc885c6c93bc 0ec2b6a26f50495c8b2362d4e62e89b3 - - default default] http://[LB_IP_ADDRESS]:8776/v3/0fb52d27030345debbbf1cdcf304ca53/volume-transfers/be385797-3703-4bad-a1d0-f90d8a9951ef returned with HTTP 404
2022-04-12 19:17:01.554 20 INFO cinder.api.openstack.wsgi [req-12ade4d0-d702-44b4-b7cd-bdbc9a2393c0 a072e789a7ff44259a25f7429461cee5 - - default default] DELETE http://[LB_IP_ADDRESS]:8776/v3/4f4c7d2cf4d147c6946b082871a873ee/volumes/0cf8abe9-b2a1-4e02-8868-b84c28995198
2022-04-12 19:17:01.555 20 INFO cinder.api.v3.volumes [req-12ade4d0-d702-44b4-b7cd-bdbc9a2393c0 a072e789a7ff44259a25f7429461cee5 - - default default] Delete volume with id: 0cf8abe9-b2a1-4e02-8868-b84c28995198 
2022-04-12 19:17:01.573 20 INFO cinder.volume.api [req-12ade4d0-d702-44b4-b7cd-bdbc9a2393c0 a072e789a7ff44259a25f7429461cee5 - - default default] Volume info retrieved successfully.
2022-04-12 19:17:01.604 20 INFO cinder.volume.api [req-12ade4d0-d702-44b4-b7cd-bdbc9a2393c0 a072e789a7ff44259a25f7429461cee5 - - default default] Delete volume request issued successfully.
2022-04-12 19:17:01.604 20 INFO cinder.api.openstack.wsgi [req-12ade4d0-d702-44b4-b7cd-bdbc9a2393c0 a072e789a7ff44259a25f7429461cee5 - - default default] http://[LB_IP_ADDRESS]:8776/v3/4f4c7d2cf4d147c6946b082871a873ee/volumes/0cf8abe9-b2a1-4e02-8868-b84c28995198 returned with HTTP 202
2022-04-12 19:17:01.617 23 INFO cinder.api.openstack.wsgi [req-8841530c-d66b-4b04-8a63-a9f4f6a252ee a072e789a7ff44259a25f7429461cee5 - - default default] GET http://[LB_IP_ADDRESS]:8776/v3/4f4c7d2cf4d147c6946b082871a873ee/volumes/0cf8abe9-b2a1-4e02-8868-b84c28995198
2022-04-12 19:17:01.641 23 INFO cinder.volume.api [req-8841530c-d66b-4b04-8a63-a9f4f6a252ee a072e789a7ff44259a25f7429461cee5 - - default default] Volume info retrieved successfully.
2022-04-12 19:17:01.649 23 INFO cinder.api.openstack.wsgi [req-8841530c-d66b-4b04-8a63-a9f4f6a252ee a072e789a7ff44259a25f7429461cee5 - - default default] http://[LB_IP_ADDRESS]:8776/v3/4f4c7d2cf4d147c6946b082871a873ee/volumes/0cf8abe9-b2a1-4e02-8868-b84c28995198 returned with HTTP 200
2022-04-12 19:17:02.672 19 INFO cinder.api.openstack.wsgi [req-30632a7a-6924-4ae9-81cc-d52594132aaa a072e789a7ff44259a25f7429461cee5 - - default default] GET http://[LB_IP_ADDRESS]:8776/v3/4f4c7d2cf4d147c6946b082871a873ee/volumes/0cf8abe9-b2a1-4e02-8868-b84c28995198
2022-04-12 19:17:02.687 19 INFO cinder.api.openstack.wsgi [req-30632a7a-6924-4ae9-81cc-d52594132aaa a072e789a7ff44259a25f7429461cee5 - - default default] http://[LB_IP_ADDRESS]:8776/v3/4f4c7d2cf4d147c6946b082871a873ee/volumes/0cf8abe9-b2a1-4e02-8868-b84c28995198 returned with HTTP 404
2022-04-12 19:17:02.700 22 INFO cinder.api.openstack.wsgi [req-4be3459f-135d-49a2-952f-3bca2cfcc414 0ec2b6a26f50495c8b2362d4e62e89b3 - - default default] POST http://[LB_IP_ADDRESS]:8776/v3/0fb52d27030345debbbf1cdcf304ca53/volumes
2022-04-12 19:17:02.702 22 INFO cinder.api.v3.volumes [req-4be3459f-135d-49a2-952f-3bca2cfcc414 0ec2b6a26f50495c8b2362d4e62e89b3 - - default default] Create volume of 1 GB
2022-04-12 19:17:02.713 22 INFO cinder.volume.api [req-4be3459f-135d-49a2-952f-3bca2cfcc414 0ec2b6a26f50495c8b2362d4e62e89b3 - - default default] Availability Zones retrieved successfully.
2022-04-12 19:17:02.946 22 INFO cinder.volume.api [req-4be3459f-135d-49a2-952f-3bca2cfcc414 0ec2b6a26f50495c8b2362d4e62e89b3 - - default default] Create volume request issued successfully.
2022-04-12 19:17:02.947 22 INFO cinder.api.openstack.wsgi [req-4be3459f-135d-49a2-952f-3bca2cfcc414 0ec2b6a26f50495c8b2362d4e62e89b3 - - default default] http://[LB_IP_ADDRESS]:8776/v3/0fb52d27030345debbbf1cdcf304ca53/volumes returned with HTTP 202
2022-04-12 19:17:02.969 21 INFO cinder.api.openstack.wsgi [req-405a3eca-eeb7-41b5-a396-885c97140456 0ec2b6a26f50495c8b2362d4e62e89b3 - - default default] GET http://[LB_IP_ADDRESS]:8776/v3/0fb52d27030345debbbf1cdcf304ca53/volumes/8dbdd66c-9d8c-46a9-8dc6-14e914e39316
2022-04-12 19:17:02.996 21 INFO cinder.volume.api [req-405a3eca-eeb7-41b5-a396-885c97140456 0ec2b6a26f50495c8b2362d4e62e89b3 - - default default] Volume info retrieved successfully.
2022-04-12 19:17:03.004 21 INFO cinder.api.openstack.wsgi [req-405a3eca-eeb7-41b5-a396-885c97140456 0ec2b6a26f50495c8b2362d4e62e89b3 - - default default] http://[LB_IP_ADDRESS]:8776/v3/0fb52d27030345debbbf1cdcf304ca53/volumes/8dbdd66c-9d8c-46a9-8dc6-14e914e39316 returned with HTTP 200
2022-04-12 19:17:04.026 20 INFO cinder.api.openstack.wsgi [req-dd6d9bb6-f42b-4bcf-9422-b8f2bf04ac02 0ec2b6a26f50495c8b2362d4e62e89b3 - - default default] GET http://[LB_IP_ADDRESS]:8776/v3/0fb52d27030345debbbf1cdcf304ca53/volumes/8dbdd66c-9d8c-46a9-8dc6-14e914e39316
2022-04-12 19:17:04.050 20 INFO cinder.volume.api [req-dd6d9bb6-f42b-4bcf-9422-b8f2bf04ac02 0ec2b6a26f50495c8b2362d4e62e89b3 - - default default] Volume info retrieved successfully.
2022-04-12 19:17:04.058 20 INFO cinder.api.openstack.wsgi [req-dd6d9bb6-f42b-4bcf-9422-b8f2bf04ac02 0ec2b6a26f50495c8b2362d4e62e89b3 - - default default] http://[LB_IP_ADDRESS]:8776/v3/0fb52d27030345debbbf1cdcf304ca53/volumes/8dbdd66c-9d8c-46a9-8dc6-14e914e39316 returned with HTTP 200
2022-04-12 19:17:05.080 23 INFO cinder.api.openstack.wsgi [req-7cc90ca3-3d8f-45d9-b518-5161f6892ca4 0ec2b6a26f50495c8b2362d4e62e89b3 - - default default] GET http://[LB_IP_ADDRESS]:8776/v3/0fb52d27030345debbbf1cdcf304ca53/volumes/8dbdd66c-9d8c-46a9-8dc6-14e914e39316
2022-04-12 19:17:05.103 23 INFO cinder.volume.api [req-7cc90ca3-3d8f-45d9-b518-5161f6892ca4 0ec2b6a26f50495c8b2362d4e62e89b3 - - default default] Volume info retrieved successfully.
2022-04-12 19:17:05.111 23 INFO cinder.api.openstack.wsgi [req-7cc90ca3-3d8f-45d9-b518-5161f6892ca4 0ec2b6a26f50495c8b2362d4e62e89b3 - - default default] http://[LB_IP_ADDRESS]:8776/v3/0fb52d27030345debbbf1cdcf304ca53/volumes/8dbdd66c-9d8c-46a9-8dc6-14e914e39316 returned with HTTP 200
2022-04-12 19:17:05.136 19 INFO cinder.api.openstack.wsgi [req-c01c5378-d9ce-4edc-b4fd-810f31ceea5b 0ec2b6a26f50495c8b2362d4e62e89b3 - - default default] POST http://[LB_IP_ADDRESS]:8776/v3/0fb52d27030345debbbf1cdcf304ca53/volume-transfers
2022-04-12 19:17:05.138 19 INFO cinder.api.v3.volume_transfer [req-c01c5378-d9ce-4edc-b4fd-810f31ceea5b 0ec2b6a26f50495c8b2362d4e62e89b3 - - default default] Creating transfer of volume 8dbdd66c-9d8c-46a9-8dc6-14e914e39316
2022-04-12 19:17:05.138 19 INFO cinder.transfer.api [req-c01c5378-d9ce-4edc-b4fd-810f31ceea5b 0ec2b6a26f50495c8b2362d4e62e89b3 - - default default] Generating transfer record for volume 8dbdd66c-9d8c-46a9-8dc6-14e914e39316
2022-04-12 19:17:05.171 19 INFO cinder.api.openstack.wsgi [req-c01c5378-d9ce-4edc-b4fd-810f31ceea5b 0ec2b6a26f50495c8b2362d4e62e89b3 - - default default] http://[LB_IP_ADDRESS]:8776/v3/0fb52d27030345debbbf1cdcf304ca53/volume-transfers returned with HTTP 202
2022-04-12 19:17:05.199 22 INFO cinder.api.openstack.wsgi [req-ea09e30b-5c1f-4e0c-bac2-a072adae6018 0ec2b6a26f50495c8b2362d4e62e89b3 - - default default] GET http://[LB_IP_ADDRESS]:8776/v3/0fb52d27030345debbbf1cdcf304ca53/volumes/8dbdd66c-9d8c-46a9-8dc6-14e914e39316
2022-04-12 19:17:05.229 22 INFO cinder.volume.api [req-ea09e30b-5c1f-4e0c-bac2-a072adae6018 0ec2b6a26f50495c8b2362d4e62e89b3 - - default default] Volume info retrieved successfully.
2022-04-12 19:17:05.237 22 INFO cinder.api.openstack.wsgi [req-ea09e30b-5c1f-4e0c-bac2-a072adae6018 0ec2b6a26f50495c8b2362d4e62e89b3 - - default default] http://[LB_IP_ADDRESS]:8776/v3/0fb52d27030345debbbf1cdcf304ca53/volumes/8dbdd66c-9d8c-46a9-8dc6-14e914e39316 returned with HTTP 200
2022-04-12 19:17:05.260 21 INFO cinder.api.openstack.wsgi [req-dca45f30-7f5a-4f6f-83de-8abae24b2f55 0ec2b6a26f50495c8b2362d4e62e89b3 - - default default] GET http://[LB_IP_ADDRESS]:8776/v3/0fb52d27030345debbbf1cdcf304ca53/volume-transfers/detail
2022-04-12 19:17:05.272 21 INFO cinder.api.openstack.wsgi [req-dca45f30-7f5a-4f6f-83de-8abae24b2f55 0ec2b6a26f50495c8b2362d4e62e89b3 - - default default] http://[LB_IP_ADDRESS]:8776/v3/0fb52d27030345debbbf1cdcf304ca53/volume-transfers/detail returned with HTTP 200
2022-04-12 19:17:05.287 20 INFO cinder.api.openstack.wsgi [req-680ab74d-683d-42d2-a55f-67f1bb40ddd9 0ec2b6a26f50495c8b2362d4e62e89b3 - - default default] DELETE http://[LB_IP_ADDRESS]:8776/v3/0fb52d27030345debbbf1cdcf304ca53/volume-transfers/20db83eb-b17f-4912-a40b-65a85c1c8a5d
2022-04-12 19:17:05.288 20 INFO cinder.api.contrib.volume_transfer [req-680ab74d-683d-42d2-a55f-67f1bb40ddd9 0ec2b6a26f50495c8b2362d4e62e89b3 - - default default] Delete transfer with id: 20db83eb-b17f-4912-a40b-65a85c1c8a5d
2022-04-12 19:17:05.321 20 INFO cinder.api.openstack.wsgi [req-680ab74d-683d-42d2-a55f-67f1bb40ddd9 0ec2b6a26f50495c8b2362d4e62e89b3 - - default default] http://[LB_IP_ADDRESS]:8776/v3/0fb52d27030345debbbf1cdcf304ca53/volume-transfers/20db83eb-b17f-4912-a40b-65a85c1c8a5d returned with HTTP 202
2022-04-12 19:17:05.332 23 INFO cinder.api.openstack.wsgi [req-e76c9b1f-c233-4a29-bfec-c7b8bb3bb3e6 0ec2b6a26f50495c8b2362d4e62e89b3 - - default default] GET http://[LB_IP_ADDRESS]:8776/v3/0fb52d27030345debbbf1cdcf304ca53/volumes/8dbdd66c-9d8c-46a9-8dc6-14e914e39316
2022-04-12 19:17:05.354 23 INFO cinder.volume.api [req-e76c9b1f-c233-4a29-bfec-c7b8bb3bb3e6 0ec2b6a26f50495c8b2362d4e62e89b3 - - default default] Volume info retrieved successfully.
2022-04-12 19:17:05.361 23 INFO cinder.api.openstack.wsgi [req-e76c9b1f-c233-4a29-bfec-c7b8bb3bb3e6 0ec2b6a26f50495c8b2362d4e62e89b3 - - default default] http://[LB_IP_ADDRESS]:8776/v3/0fb52d27030345debbbf1cdcf304ca53/volumes/8dbdd66c-9d8c-46a9-8dc6-14e914e39316 returned with HTTP 200
2022-04-12 19:17:05.385 19 INFO cinder.api.openstack.wsgi [req-ad1e85d2-305d-408a-8011-8e4826618fd6 0ec2b6a26f50495c8b2362d4e62e89b3 - - default default] DELETE http://[LB_IP_ADDRESS]:8776/v3/0fb52d27030345debbbf1cdcf304ca53/volume-transfers/20db83eb-b17f-4912-a40b-65a85c1c8a5d
2022-04-12 19:17:05.386 19 INFO cinder.api.contrib.volume_transfer [req-ad1e85d2-305d-408a-8011-8e4826618fd6 0ec2b6a26f50495c8b2362d4e62e89b3 - - default default] Delete transfer with id: 20db83eb-b17f-4912-a40b-65a85c1c8a5d
2022-04-12 19:17:05.391 19 INFO cinder.api.openstack.wsgi [req-ad1e85d2-305d-408a-8011-8e4826618fd6 0ec2b6a26f50495c8b2362d4e62e89b3 - - default default] http://[LB_IP_ADDRESS]:8776/v3/0fb52d27030345debbbf1cdcf304ca53/volume-transfers/20db83eb-b17f-4912-a40b-65a85c1c8a5d returned with HTTP 404
2022-04-12 19:17:05.404 22 INFO cinder.api.openstack.wsgi [req-85fb8f50-aa5d-46a8-a32f-47b7683ec4d1 a072e789a7ff44259a25f7429461cee5 - - default default] DELETE http://[LB_IP_ADDRESS]:8776/v3/4f4c7d2cf4d147c6946b082871a873ee/volumes/8dbdd66c-9d8c-46a9-8dc6-14e914e39316
2022-04-12 19:17:05.405 22 INFO cinder.api.v3.volumes [req-85fb8f50-aa5d-46a8-a32f-47b7683ec4d1 a072e789a7ff44259a25f7429461cee5 - - default default] Delete volume with id: 8dbdd66c-9d8c-46a9-8dc6-14e914e39316 
2022-04-12 19:17:05.422 22 INFO cinder.volume.api [req-85fb8f50-aa5d-46a8-a32f-47b7683ec4d1 a072e789a7ff44259a25f7429461cee5 - - default default] Volume info retrieved successfully.
2022-04-12 19:17:05.453 22 INFO cinder.volume.api [req-85fb8f50-aa5d-46a8-a32f-47b7683ec4d1 a072e789a7ff44259a25f7429461cee5 - - default default] Delete volume request issued successfully.
2022-04-12 19:17:05.454 22 INFO cinder.api.openstack.wsgi [req-85fb8f50-aa5d-46a8-a32f-47b7683ec4d1 a072e789a7ff44259a25f7429461cee5 - - default default] http://[LB_IP_ADDRESS]:8776/v3/4f4c7d2cf4d147c6946b082871a873ee/volumes/8dbdd66c-9d8c-46a9-8dc6-14e914e39316 returned with HTTP 202
2022-04-12 19:17:05.468 21 INFO cinder.api.openstack.wsgi [req-9f70da0e-09a5-4503-9ed7-9b92f170dbd9 a072e789a7ff44259a25f7429461cee5 - - default default] GET http://[LB_IP_ADDRESS]:8776/v3/4f4c7d2cf4d147c6946b082871a873ee/volumes/8dbdd66c-9d8c-46a9-8dc6-14e914e39316
2022-04-12 19:17:05.497 21 INFO cinder.volume.api [req-9f70da0e-09a5-4503-9ed7-9b92f170dbd9 a072e789a7ff44259a25f7429461cee5 - - default default] Volume info retrieved successfully.
2022-04-12 19:17:05.507 21 INFO cinder.api.openstack.wsgi [req-9f70da0e-09a5-4503-9ed7-9b92f170dbd9 a072e789a7ff44259a25f7429461cee5 - - default default] http://[LB_IP_ADDRESS]:8776/v3/4f4c7d2cf4d147c6946b082871a873ee/volumes/8dbdd66c-9d8c-46a9-8dc6-14e914e39316 returned with HTTP 200
2022-04-12 19:17:05.591 20 INFO cinder.api.openstack.wsgi [req-154e8ed3-1af6-40c6-8f96-93d4d8b79ba7 - - - - -] GET http://[LB_IP_ADDRESS]:8776/
2022-04-12 19:17:05.593 20 INFO cinder.api.openstack.wsgi [req-154e8ed3-1af6-40c6-8f96-93d4d8b79ba7 - - - - -] http://[LB_IP_ADDRESS]:8776/ returned with HTTP 300
2022-04-12 19:17:06.530 23 INFO cinder.api.openstack.wsgi [req-f3b0a932-a218-4558-b4b9-8b24b5db7bbd a072e789a7ff44259a25f7429461cee5 - - default default] GET http://[LB_IP_ADDRESS]:8776/v3/4f4c7d2cf4d147c6946b082871a873ee/volumes/8dbdd66c-9d8c-46a9-8dc6-14e914e39316
2022-04-12 19:17:06.544 23 INFO cinder.api.openstack.wsgi [req-f3b0a932-a218-4558-b4b9-8b24b5db7bbd a072e789a7ff44259a25f7429461cee5 - - default default] http://[LB_IP_ADDRESS]:8776/v3/4f4c7d2cf4d147c6946b082871a873ee/volumes/8dbdd66c-9d8c-46a9-8dc6-14e914e39316 returned with HTTP 404
2022-04-12 19:17:06.558 19 INFO cinder.api.openstack.wsgi [req-9428aa5b-ed92-4386-b836-7c4fbefd6c3f 0ec2b6a26f50495c8b2362d4e62e89b3 - - default default] DELETE http://[LB_IP_ADDRESS]:8776/v3/0fb52d27030345debbbf1cdcf304ca53/volumes/8dbdd66c-9d8c-46a9-8dc6-14e914e39316
2022-04-12 19:17:06.559 19 INFO cinder.api.v3.volumes [req-9428aa5b-ed92-4386-b836-7c4fbefd6c3f 0ec2b6a26f50495c8b2362d4e62e89b3 - - default default] Delete volume with id: 8dbdd66c-9d8c-46a9-8dc6-14e914e39316 
2022-04-12 19:17:06.572 19 INFO cinder.api.openstack.wsgi [req-9428aa5b-ed92-4386-b836-7c4fbefd6c3f 0ec2b6a26f50495c8b2362d4e62e89b3 - - default default] http://[LB_IP_ADDRESS]:8776/v3/0fb52d27030345debbbf1cdcf304ca53/volumes/8dbdd66c-9d8c-46a9-8dc6-14e914e39316 returned with HTTP 404
2022-04-12 19:17:06.585 22 INFO cinder.api.openstack.wsgi [req-e7d6d655-d16d-480c-b37d-15d415850841 0ec2b6a26f50495c8b2362d4e62e89b3 - - default default] DELETE http://[LB_IP_ADDRESS]:8776/v3/0fb52d27030345debbbf1cdcf304ca53/volumes/0cf8abe9-b2a1-4e02-8868-b84c28995198
2022-04-12 19:17:06.586 22 INFO cinder.api.v3.volumes [req-e7d6d655-d16d-480c-b37d-15d415850841 0ec2b6a26f50495c8b2362d4e62e89b3 - - default default] Delete volume with id: 0cf8abe9-b2a1-4e02-8868-b84c28995198 
2022-04-12 19:17:06.600 22 INFO cinder.api.openstack.wsgi [req-e7d6d655-d16d-480c-b37d-15d415850841 0ec2b6a26f50495c8b2362d4e62e89b3 - - default default] http://[LB_IP_ADDRESS]:8776/v3/0fb52d27030345debbbf1cdcf304ca53/volumes/0cf8abe9-b2a1-4e02-8868-b84c28995198 returned with HTTP 404
2022-04-12 19:17:10.185 21 INFO cinder.api.openstack.wsgi [req-389f330f-7734-4f4a-b8d7-9ca4e392c6c4 6c41b47a2ca142a19dbf6f5805ab62dd - - default default] GET http://[LB_IP_ADDRESS]:8776/v3/b73bf74a5a4f4ff7b9aecf2308111825/volumes
2022-04-12 19:17:10.224 21 INFO cinder.volume.api [req-389f330f-7734-4f4a-b8d7-9ca4e392c6c4 6c41b47a2ca142a19dbf6f5805ab62dd - - default default] Get all volumes completed successfully.
2022-04-12 19:17:10.226 21 INFO cinder.api.openstack.wsgi [req-389f330f-7734-4f4a-b8d7-9ca4e392c6c4 6c41b47a2ca142a19dbf6f5805ab62dd - - default default] http://[LB_IP_ADDRESS]:8776/v3/b73bf74a5a4f4ff7b9aecf2308111825/volumes returned with HTTP 200
2022-04-12 19:17:10.240 20 INFO cinder.api.openstack.wsgi [req-53e60683-85f5-44c0-b4f9-f8dada13e941 6c41b47a2ca142a19dbf6f5805ab62dd - - default default] POST http://[LB_IP_ADDRESS]:8776/v3/b73bf74a5a4f4ff7b9aecf2308111825/volumes
2022-04-12 19:17:10.243 20 INFO cinder.api.v3.volumes [req-53e60683-85f5-44c0-b4f9-f8dada13e941 6c41b47a2ca142a19dbf6f5805ab62dd - - default default] Create volume of 1 GB
2022-04-12 19:17:10.253 20 INFO cinder.volume.api [req-53e60683-85f5-44c0-b4f9-f8dada13e941 6c41b47a2ca142a19dbf6f5805ab62dd - - default default] Availability Zones retrieved successfully.
2022-04-12 19:17:10.581 20 INFO cinder.volume.api [req-53e60683-85f5-44c0-b4f9-f8dada13e941 6c41b47a2ca142a19dbf6f5805ab62dd - - default default] Create volume request issued successfully.
2022-04-12 19:17:10.583 20 INFO cinder.api.openstack.wsgi [req-53e60683-85f5-44c0-b4f9-f8dada13e941 6c41b47a2ca142a19dbf6f5805ab62dd - - default default] http://[LB_IP_ADDRESS]:8776/v3/b73bf74a5a4f4ff7b9aecf2308111825/volumes returned with HTTP 202
2022-04-12 19:17:10.604 23 INFO cinder.api.openstack.wsgi [req-bc0b29f2-a7f9-49c1-883a-8e5cc095e0b3 6c41b47a2ca142a19dbf6f5805ab62dd - - default default] GET http://[LB_IP_ADDRESS]:8776/v3/b73bf74a5a4f4ff7b9aecf2308111825/volumes/33da7ef5-3c07-4980-b7b8-45a7d63540e2
2022-04-12 19:17:10.626 23 INFO cinder.volume.api [req-bc0b29f2-a7f9-49c1-883a-8e5cc095e0b3 6c41b47a2ca142a19dbf6f5805ab62dd - - default default] Volume info retrieved successfully.
2022-04-12 19:17:10.633 23 INFO cinder.api.openstack.wsgi [req-bc0b29f2-a7f9-49c1-883a-8e5cc095e0b3 6c41b47a2ca142a19dbf6f5805ab62dd - - default default] http://[LB_IP_ADDRESS]:8776/v3/b73bf74a5a4f4ff7b9aecf2308111825/volumes/33da7ef5-3c07-4980-b7b8-45a7d63540e2 returned with HTTP 200
2022-04-12 19:17:11.656 19 INFO cinder.api.openstack.wsgi [req-42323b1e-9f27-467b-b3b4-3bc5967c1d21 6c41b47a2ca142a19dbf6f5805ab62dd - - default default] GET http://[LB_IP_ADDRESS]:8776/v3/b73bf74a5a4f4ff7b9aecf2308111825/volumes/33da7ef5-3c07-4980-b7b8-45a7d63540e2
2022-04-12 19:17:11.686 19 INFO cinder.volume.api [req-42323b1e-9f27-467b-b3b4-3bc5967c1d21 6c41b47a2ca142a19dbf6f5805ab62dd - - default default] Volume info retrieved successfully.
2022-04-12 19:17:11.694 19 INFO cinder.api.openstack.wsgi [req-42323b1e-9f27-467b-b3b4-3bc5967c1d21 6c41b47a2ca142a19dbf6f5805ab62dd - - default default] http://[LB_IP_ADDRESS]:8776/v3/b73bf74a5a4f4ff7b9aecf2308111825/volumes/33da7ef5-3c07-4980-b7b8-45a7d63540e2 returned with HTTP 200
2022-04-12 19:17:12.716 22 INFO cinder.api.openstack.wsgi [req-30b853dc-5842-4e0f-ab02-e69a8fe6c215 6c41b47a2ca142a19dbf6f5805ab62dd - - default default] GET http://[LB_IP_ADDRESS]:8776/v3/b73bf74a5a4f4ff7b9aecf2308111825/volumes/33da7ef5-3c07-4980-b7b8-45a7d63540e2
2022-04-12 19:17:12.749 22 INFO cinder.volume.api [req-30b853dc-5842-4e0f-ab02-e69a8fe6c215 6c41b47a2ca142a19dbf6f5805ab62dd - - default default] Volume info retrieved successfully.
2022-04-12 19:17:12.757 22 INFO cinder.api.openstack.wsgi [req-30b853dc-5842-4e0f-ab02-e69a8fe6c215 6c41b47a2ca142a19dbf6f5805ab62dd - - default default] http://[LB_IP_ADDRESS]:8776/v3/b73bf74a5a4f4ff7b9aecf2308111825/volumes/33da7ef5-3c07-4980-b7b8-45a7d63540e2 returned with HTTP 200
2022-04-12 19:17:12.777 21 INFO cinder.api.openstack.wsgi [req-f8852875-7a4c-46aa-91db-7cf7d7ad9452 6c41b47a2ca142a19dbf6f5805ab62dd - - default default] GET http://[LB_IP_ADDRESS]:8776/v3/b73bf74a5a4f4ff7b9aecf2308111825/volumes/33da7ef5-3c07-4980-b7b8-45a7d63540e2
2022-04-12 19:17:12.804 21 INFO cinder.volume.api [req-f8852875-7a4c-46aa-91db-7cf7d7ad9452 6c41b47a2ca142a19dbf6f5805ab62dd - - default default] Volume info retrieved successfully.
2022-04-12 19:17:12.812 21 INFO cinder.api.openstack.wsgi [req-f8852875-7a4c-46aa-91db-7cf7d7ad9452 6c41b47a2ca142a19dbf6f5805ab62dd - - default default] http://[LB_IP_ADDRESS]:8776/v3/b73bf74a5a4f4ff7b9aecf2308111825/volumes/33da7ef5-3c07-4980-b7b8-45a7d63540e2 returned with HTTP 200
2022-04-12 19:17:12.831 20 INFO cinder.api.openstack.wsgi [req-2c4a7be3-5275-447a-ad27-7299e8d6d145 6c41b47a2ca142a19dbf6f5805ab62dd - - default default] POST http://[LB_IP_ADDRESS]:8776/v3/b73bf74a5a4f4ff7b9aecf2308111825/volumes
2022-04-12 19:17:12.833 20 INFO cinder.api.v3.volumes [req-2c4a7be3-5275-447a-ad27-7299e8d6d145 6c41b47a2ca142a19dbf6f5805ab62dd - - default default] Create volume of 1 GB
2022-04-12 19:17:12.844 20 INFO cinder.volume.api [req-2c4a7be3-5275-447a-ad27-7299e8d6d145 6c41b47a2ca142a19dbf6f5805ab62dd - - default default] Availability Zones retrieved successfully.
2022-04-12 19:17:13.073 20 INFO cinder.volume.api [req-2c4a7be3-5275-447a-ad27-7299e8d6d145 6c41b47a2ca142a19dbf6f5805ab62dd - - default default] Create volume request issued successfully.
2022-04-12 19:17:13.075 20 INFO cinder.api.openstack.wsgi [req-2c4a7be3-5275-447a-ad27-7299e8d6d145 6c41b47a2ca142a19dbf6f5805ab62dd - - default default] http://[LB_IP_ADDRESS]:8776/v3/b73bf74a5a4f4ff7b9aecf2308111825/volumes returned with HTTP 202
2022-04-12 19:17:13.094 23 INFO cinder.api.openstack.wsgi [req-4f385065-d568-4f05-914c-36423a44257a 6c41b47a2ca142a19dbf6f5805ab62dd - - default default] GET http://[LB_IP_ADDRESS]:8776/v3/b73bf74a5a4f4ff7b9aecf2308111825/volumes/ddd7d04d-e356-44f8-a707-5abf8a96ee19
2022-04-12 19:17:13.119 23 INFO cinder.volume.api [req-4f385065-d568-4f05-914c-36423a44257a 6c41b47a2ca142a19dbf6f5805ab62dd - - default default] Volume info retrieved successfully.
2022-04-12 19:17:13.130 23 INFO cinder.api.openstack.wsgi [req-4f385065-d568-4f05-914c-36423a44257a 6c41b47a2ca142a19dbf6f5805ab62dd - - default default] http://[LB_IP_ADDRESS]:8776/v3/b73bf74a5a4f4ff7b9aecf2308111825/volumes/ddd7d04d-e356-44f8-a707-5abf8a96ee19 returned with HTTP 200
2022-04-12 19:17:14.154 19 INFO cinder.api.openstack.wsgi [req-5f66c306-cd13-4c3f-8bd1-8e7eb4ae6bc4 6c41b47a2ca142a19dbf6f5805ab62dd - - default default] GET http://[LB_IP_ADDRESS]:8776/v3/b73bf74a5a4f4ff7b9aecf2308111825/volumes/ddd7d04d-e356-44f8-a707-5abf8a96ee19
2022-04-12 19:17:14.196 19 INFO cinder.volume.api [req-5f66c306-cd13-4c3f-8bd1-8e7eb4ae6bc4 6c41b47a2ca142a19dbf6f5805ab62dd - - default default] Volume info retrieved successfully.
2022-04-12 19:17:14.206 19 INFO cinder.api.openstack.wsgi [req-5f66c306-cd13-4c3f-8bd1-8e7eb4ae6bc4 6c41b47a2ca142a19dbf6f5805ab62dd - - default default] http://[LB_IP_ADDRESS]:8776/v3/b73bf74a5a4f4ff7b9aecf2308111825/volumes/ddd7d04d-e356-44f8-a707-5abf8a96ee19 returned with HTTP 200
2022-04-12 19:17:15.229 22 INFO cinder.api.openstack.wsgi [req-f898459a-b2e7-4879-ac5b-947444c66d56 6c41b47a2ca142a19dbf6f5805ab62dd - - default default] GET http://[LB_IP_ADDRESS]:8776/v3/b73bf74a5a4f4ff7b9aecf2308111825/volumes/ddd7d04d-e356-44f8-a707-5abf8a96ee19
2022-04-12 19:17:15.254 22 INFO cinder.volume.api [req-f898459a-b2e7-4879-ac5b-947444c66d56 6c41b47a2ca142a19dbf6f5805ab62dd - - default default] Volume info retrieved successfully.
2022-04-12 19:17:15.262 22 INFO cinder.api.openstack.wsgi [req-f898459a-b2e7-4879-ac5b-947444c66d56 6c41b47a2ca142a19dbf6f5805ab62dd - - default default] http://[LB_IP_ADDRESS]:8776/v3/b73bf74a5a4f4ff7b9aecf2308111825/volumes/ddd7d04d-e356-44f8-a707-5abf8a96ee19 returned with HTTP 200
2022-04-12 19:17:15.282 21 INFO cinder.api.openstack.wsgi [req-6a8caece-3018-4d20-af3f-e34b247cda4d 6c41b47a2ca142a19dbf6f5805ab62dd - - default default] GET http://[LB_IP_ADDRESS]:8776/v3/b73bf74a5a4f4ff7b9aecf2308111825/volumes/ddd7d04d-e356-44f8-a707-5abf8a96ee19
2022-04-12 19:17:15.306 21 INFO cinder.volume.api [req-6a8caece-3018-4d20-af3f-e34b247cda4d 6c41b47a2ca142a19dbf6f5805ab62dd - - default default] Volume info retrieved successfully.
2022-04-12 19:17:15.314 21 INFO cinder.api.openstack.wsgi [req-6a8caece-3018-4d20-af3f-e34b247cda4d 6c41b47a2ca142a19dbf6f5805ab62dd - - default default] http://[LB_IP_ADDRESS]:8776/v3/b73bf74a5a4f4ff7b9aecf2308111825/volumes/ddd7d04d-e356-44f8-a707-5abf8a96ee19 returned with HTTP 200
2022-04-12 19:17:15.333 20 INFO cinder.api.openstack.wsgi [req-171cd262-53fb-49b1-a3d3-8116bc0606f9 6c41b47a2ca142a19dbf6f5805ab62dd - - default default] POST http://[LB_IP_ADDRESS]:8776/v3/b73bf74a5a4f4ff7b9aecf2308111825/volumes
2022-04-12 19:17:15.335 20 INFO cinder.api.v3.volumes [req-171cd262-53fb-49b1-a3d3-8116bc0606f9 6c41b47a2ca142a19dbf6f5805ab62dd - - default default] Create volume of 1 GB
2022-04-12 19:17:15.349 20 INFO cinder.volume.api [req-171cd262-53fb-49b1-a3d3-8116bc0606f9 6c41b47a2ca142a19dbf6f5805ab62dd - - default default] Availability Zones retrieved successfully.
2022-04-12 19:17:15.586 20 INFO cinder.volume.api [req-171cd262-53fb-49b1-a3d3-8116bc0606f9 6c41b47a2ca142a19dbf6f5805ab62dd - - default default] Create volume request issued successfully.
2022-04-12 19:17:15.588 20 INFO cinder.api.openstack.wsgi [req-171cd262-53fb-49b1-a3d3-8116bc0606f9 6c41b47a2ca142a19dbf6f5805ab62dd - - default default] http://[LB_IP_ADDRESS]:8776/v3/b73bf74a5a4f4ff7b9aecf2308111825/volumes returned with HTTP 202
2022-04-12 19:17:15.607 23 INFO cinder.api.openstack.wsgi [req-5fb218a3-1494-4c51-b21d-944d0296f7dc 6c41b47a2ca142a19dbf6f5805ab62dd - - default default] GET http://[LB_IP_ADDRESS]:8776/v3/b73bf74a5a4f4ff7b9aecf2308111825/volumes/a2f4b811-3779-488a-a1f1-58a6c058276b
2022-04-12 19:17:15.631 23 INFO cinder.volume.api [req-5fb218a3-1494-4c51-b21d-944d0296f7dc 6c41b47a2ca142a19dbf6f5805ab62dd - - default default] Volume info retrieved successfully.
