{1} setUpClass (cinder_tempest_plugin.api.volume.test_volume_revert.VolumeRevertTests) ... SKIPPED: Cinder volume revert feature disabled
{0} setUpClass (cinder_tempest_plugin.api.volume.admin.test_consistencygroups.ConsistencyGroupsV2Test) ... SKIPPED: Cinder consistency group feature disabled
{1} cinder_tempest_plugin.api.volume.test_volume_unicode.CinderUnicodeTest.test_create_delete_unicode_volume_name [0.040414s] ... ok
{2} cinder_tempest_plugin.api.volume.test_multiple_volume_from_resource.CreateVolumesFromImageTest.test_create_from_image_multiple [2.686381s] ... ok
{1} cinder_tempest_plugin.api.volume.test_volume_unicode.CinderUnicodeTest.test_snapshot_create_volume_description_non_ascii_code [4.745769s] ... ok
{0} cinder_tempest_plugin.api.volume.test_multiple_volume_from_resource.CreateVolumesFromSnapshotTest.test_create_multiple_volume_from_snapshot [7.511240s] ... ok
{1} setUpClass (cinder_tempest_plugin.rbac.v3.test_capabilities.ProjectReaderTests) ... SKIPPED: Tempest is not configured to enforce_scope for cinder, skipping RBAC tests. To enable these tests set `tempest.conf [enforce_scope] cinder=True`.
{0} setUpClass (cinder_tempest_plugin.scenario.test_encrypted_volume_transfer.TransferEncryptedVolumeTest) ... SKIPPED: Barbican is required
{2} cinder_tempest_plugin.api.volume.test_multiple_volume_from_resource.CreateVolumesFromSourceVolumeTest.test_create_multiple_volume_from_source_volume [5.300790s] ... ok
{2} setUpClass (cinder_tempest_plugin.rbac.v3.test_capabilities.ProjectAdminTests) ... SKIPPED: Tempest is not configured to enforce_scope for cinder, skipping RBAC tests. To enable these tests set `tempest.conf [enforce_scope] cinder=True`.
{2} setUpClass (cinder_tempest_plugin.rbac.v3.test_capabilities.ProjectMemberTests) ... SKIPPED: Tempest is not configured to enforce_scope for cinder, skipping RBAC tests. To enable these tests set `tempest.conf [enforce_scope] cinder=True`.

======
Totals
======
Ran: 11 tests in 25.8956 sec.
 - Passed: 5
 - Skipped: 6
 - Expected Fail: 0
 - Unexpected Success: 0
 - Failed: 0
Sum of execute time for each test: 20.2846 sec.

==============
Worker Balance
==============
 - Worker 0 (3 tests) => 0:00:18.039208
 - Worker 1 (4 tests) => 0:00:12.185920
 - Worker 2 (4 tests) => 0:00:23.557595
