2025-01-13 17:43:42.667 21 INFO cinder.api.openstack.wsgi [None req-6a43f360-9bdb-4cfe-8e78-de57d1360648 4e236d35b0f94a4cad6ee7ad611b6c8d c62dcb67c25f4b0293224f3f3545179c - - default default] http://[LB_IP_ADDRESS]:8776/v3/c62dcb67c25f4b0293224f3f3545179c/group_snapshots/31597ec9-7de6-4c78-8c65-364f374feb18 returned with HTTP 202
2025-01-13 17:43:42.679 23 INFO cinder.api.openstack.wsgi [None req-9f896b80-d259-473b-86e1-ff63020c29f1 4e236d35b0f94a4cad6ee7ad611b6c8d c62dcb67c25f4b0293224f3f3545179c - - default default] GET http://[LB_IP_ADDRESS]:8776/v3/c62dcb67c25f4b0293224f3f3545179c/volumes/detail
2025-01-13 17:43:42.724 23 INFO cinder.volume.api [None req-9f896b80-d259-473b-86e1-ff63020c29f1 4e236d35b0f94a4cad6ee7ad611b6c8d c62dcb67c25f4b0293224f3f3545179c - - default default] Get all volumes completed successfully.
2025-01-13 17:43:42.759 23 INFO cinder.api.openstack.wsgi [None req-9f896b80-d259-473b-86e1-ff63020c29f1 4e236d35b0f94a4cad6ee7ad611b6c8d c62dcb67c25f4b0293224f3f3545179c - - default default] http://[LB_IP_ADDRESS]:8776/v3/c62dcb67c25f4b0293224f3f3545179c/volumes/detail returned with HTTP 200
2025-01-13 17:43:42.784 22 INFO cinder.api.openstack.wsgi [None req-dad16128-5bf8-4342-96a2-90cbcb8796ef 902c0adeefca421d913d200456ea03a0 98c51a27135f4138864022c8a5fee00d - - default default] POST http://[LB_IP_ADDRESS]:8776/v3/98c51a27135f4138864022c8a5fee00d/groups
2025-01-13 17:43:42.788 25 INFO cinder.api.openstack.wsgi [None req-0bed05c2-a35d-4dd2-8081-4e5d08d45ea6 4e236d35b0f94a4cad6ee7ad611b6c8d c62dcb67c25f4b0293224f3f3545179c - - default default] GET http://[LB_IP_ADDRESS]:8776/v3/c62dcb67c25f4b0293224f3f3545179c/snapshots/detail
2025-01-13 17:43:42.793 22 INFO cinder.api.v3.groups [None req-dad16128-5bf8-4342-96a2-90cbcb8796ef 902c0adeefca421d913d200456ea03a0 98c51a27135f4138864022c8a5fee00d - - default default] Creating group tempest-GroupsV320Test-Group-1664422604.
2025-01-13 17:43:42.798 25 INFO cinder.volume.api [None req-0bed05c2-a35d-4dd2-8081-4e5d08d45ea6 4e236d35b0f94a4cad6ee7ad611b6c8d c62dcb67c25f4b0293224f3f3545179c - - default default] Get all snapshots completed successfully.
2025-01-13 17:43:42.800 25 INFO cinder.api.openstack.wsgi [None req-0bed05c2-a35d-4dd2-8081-4e5d08d45ea6 4e236d35b0f94a4cad6ee7ad611b6c8d c62dcb67c25f4b0293224f3f3545179c - - default default] http://[LB_IP_ADDRESS]:8776/v3/c62dcb67c25f4b0293224f3f3545179c/snapshots/detail returned with HTTP 200
2025-01-13 17:43:42.803 22 INFO cinder.volume.api [None req-dad16128-5bf8-4342-96a2-90cbcb8796ef 902c0adeefca421d913d200456ea03a0 98c51a27135f4138864022c8a5fee00d - - default default] Availability Zones retrieved successfully.
2025-01-13 17:43:42.816 21 INFO cinder.api.openstack.wsgi [None req-c8d1c657-852f-44eb-ad49-3eeb10da9a4f 4e236d35b0f94a4cad6ee7ad611b6c8d c62dcb67c25f4b0293224f3f3545179c - - default default] GET http://[LB_IP_ADDRESS]:8776/v3/c62dcb67c25f4b0293224f3f3545179c/snapshots/02a1113d-aca4-44c6-b533-82c8e7723de5
2025-01-13 17:43:42.825 21 INFO cinder.volume.api [None req-c8d1c657-852f-44eb-ad49-3eeb10da9a4f 4e236d35b0f94a4cad6ee7ad611b6c8d c62dcb67c25f4b0293224f3f3545179c - - default default] Snapshot retrieved successfully.
2025-01-13 17:43:42.827 21 INFO cinder.api.openstack.wsgi [None req-c8d1c657-852f-44eb-ad49-3eeb10da9a4f 4e236d35b0f94a4cad6ee7ad611b6c8d c62dcb67c25f4b0293224f3f3545179c - - default default] http://[LB_IP_ADDRESS]:8776/v3/c62dcb67c25f4b0293224f3f3545179c/snapshots/02a1113d-aca4-44c6-b533-82c8e7723de5 returned with HTTP 200
2025-01-13 17:43:42.836 23 INFO cinder.api.openstack.wsgi [None req-625c9978-3f46-4603-bd27-15fd118eaf81 - - - - - -] GET http://[LB_IP_ADDRESS]:8776/
2025-01-13 17:43:42.837 23 INFO cinder.api.openstack.wsgi [None req-625c9978-3f46-4603-bd27-15fd118eaf81 - - - - - -] http://[LB_IP_ADDRESS]:8776/ returned with HTTP 300
2025-01-13 17:43:42.863 24 INFO cinder.api.openstack.wsgi [None req-f94bed01-9c6f-483c-a6b0-1a3cb7dc4857 64223df5ba7a4f6f9f9beeba705bb9f1 51dd9710c0dd44e594e7d4d59bcbf46b - - default default] GET http://[LB_IP_ADDRESS]:8776/v3/51dd9710c0dd44e594e7d4d59bcbf46b/scheduler-stats/get_pools
2025-01-13 17:43:42.869 22 INFO cinder.api.openstack.wsgi [None req-dad16128-5bf8-4342-96a2-90cbcb8796ef 902c0adeefca421d913d200456ea03a0 98c51a27135f4138864022c8a5fee00d - - default default] http://[LB_IP_ADDRESS]:8776/v3/98c51a27135f4138864022c8a5fee00d/groups returned with HTTP 202
2025-01-13 17:43:42.881 25 INFO cinder.api.openstack.wsgi [None req-3c81e47e-536e-41ec-a582-42abb529fb29 902c0adeefca421d913d200456ea03a0 98c51a27135f4138864022c8a5fee00d - - default default] GET http://[LB_IP_ADDRESS]:8776/v3/98c51a27135f4138864022c8a5fee00d/groups/dfda50cf-e18b-4c25-98b0-e5579048da81
2025-01-13 17:43:42.897 25 INFO cinder.api.openstack.wsgi [None req-3c81e47e-536e-41ec-a582-42abb529fb29 902c0adeefca421d913d200456ea03a0 98c51a27135f4138864022c8a5fee00d - - default default] http://[LB_IP_ADDRESS]:8776/v3/98c51a27135f4138864022c8a5fee00d/groups/dfda50cf-e18b-4c25-98b0-e5579048da81 returned with HTTP 200
2025-01-13 17:43:43.373 24 INFO cinder.api.openstack.wsgi [None req-f94bed01-9c6f-483c-a6b0-1a3cb7dc4857 64223df5ba7a4f6f9f9beeba705bb9f1 51dd9710c0dd44e594e7d4d59bcbf46b - - default default] http://[LB_IP_ADDRESS]:8776/v3/51dd9710c0dd44e594e7d4d59bcbf46b/scheduler-stats/get_pools returned with HTTP 200
2025-01-13 17:43:43.844 21 INFO cinder.api.openstack.wsgi [None req-00f3a12c-f0c3-43ac-a18a-a0318ae9db2b 4e236d35b0f94a4cad6ee7ad611b6c8d c62dcb67c25f4b0293224f3f3545179c - - default default] GET http://[LB_IP_ADDRESS]:8776/v3/c62dcb67c25f4b0293224f3f3545179c/snapshots/02a1113d-aca4-44c6-b533-82c8e7723de5
2025-01-13 17:43:43.854 21 INFO cinder.api.openstack.wsgi [None req-00f3a12c-f0c3-43ac-a18a-a0318ae9db2b 4e236d35b0f94a4cad6ee7ad611b6c8d c62dcb67c25f4b0293224f3f3545179c - - default default] http://[LB_IP_ADDRESS]:8776/v3/c62dcb67c25f4b0293224f3f3545179c/snapshots/02a1113d-aca4-44c6-b533-82c8e7723de5 returned with HTTP 404
2025-01-13 17:43:43.870 23 INFO cinder.api.openstack.wsgi [None req-7df78ce1-7d0b-44b5-9655-69583231ef68 4e236d35b0f94a4cad6ee7ad611b6c8d c62dcb67c25f4b0293224f3f3545179c - - default default] GET http://[LB_IP_ADDRESS]:8776/v3/c62dcb67c25f4b0293224f3f3545179c/group_snapshots/31597ec9-7de6-4c78-8c65-364f374feb18
2025-01-13 17:43:43.877 23 INFO cinder.api.openstack.wsgi [None req-7df78ce1-7d0b-44b5-9655-69583231ef68 4e236d35b0f94a4cad6ee7ad611b6c8d c62dcb67c25f4b0293224f3f3545179c - - default default] http://[LB_IP_ADDRESS]:8776/v3/c62dcb67c25f4b0293224f3f3545179c/group_snapshots/31597ec9-7de6-4c78-8c65-364f374feb18 returned with HTTP 404
2025-01-13 17:43:43.889 22 INFO cinder.api.openstack.wsgi [None req-86c85356-068a-4bf2-a6ec-b5bce3c7528e 4e236d35b0f94a4cad6ee7ad611b6c8d c62dcb67c25f4b0293224f3f3545179c - - default default] GET http://[LB_IP_ADDRESS]:8776/v3/c62dcb67c25f4b0293224f3f3545179c/group_snapshots
2025-01-13 17:43:43.896 22 INFO cinder.api.openstack.wsgi [None req-86c85356-068a-4bf2-a6ec-b5bce3c7528e 4e236d35b0f94a4cad6ee7ad611b6c8d c62dcb67c25f4b0293224f3f3545179c - - default default] http://[LB_IP_ADDRESS]:8776/v3/c62dcb67c25f4b0293224f3f3545179c/group_snapshots returned with HTTP 200
2025-01-13 17:43:43.909 25 INFO cinder.api.openstack.wsgi [None req-70bac0bc-e551-402b-9395-244e88e9b0b0 4e236d35b0f94a4cad6ee7ad611b6c8d c62dcb67c25f4b0293224f3f3545179c - - default default] DELETE http://[LB_IP_ADDRESS]:8776/v3/c62dcb67c25f4b0293224f3f3545179c/group_snapshots/31597ec9-7de6-4c78-8c65-364f374feb18
2025-01-13 17:43:43.909 25 INFO cinder.api.v3.group_snapshots [None req-70bac0bc-e551-402b-9395-244e88e9b0b0 4e236d35b0f94a4cad6ee7ad611b6c8d c62dcb67c25f4b0293224f3f3545179c - - default default] Delete group_snapshot with id: 31597ec9-7de6-4c78-8c65-364f374feb18
2025-01-13 17:43:43.914 24 INFO cinder.api.openstack.wsgi [None req-0901cda3-97e4-4118-a861-0c2cefd0d327 902c0adeefca421d913d200456ea03a0 98c51a27135f4138864022c8a5fee00d - - default default] GET http://[LB_IP_ADDRESS]:8776/v3/98c51a27135f4138864022c8a5fee00d/groups/dfda50cf-e18b-4c25-98b0-e5579048da81
2025-01-13 17:43:43.915 25 INFO cinder.api.openstack.wsgi [None req-70bac0bc-e551-402b-9395-244e88e9b0b0 4e236d35b0f94a4cad6ee7ad611b6c8d c62dcb67c25f4b0293224f3f3545179c - - default default] http://[LB_IP_ADDRESS]:8776/v3/c62dcb67c25f4b0293224f3f3545179c/group_snapshots/31597ec9-7de6-4c78-8c65-364f374feb18 returned with HTTP 404
2025-01-13 17:43:43.925 21 INFO cinder.api.openstack.wsgi [None req-6e3c6a86-171f-4520-8e4c-20d53d30a733 4e236d35b0f94a4cad6ee7ad611b6c8d c62dcb67c25f4b0293224f3f3545179c - - default default] GET http://[LB_IP_ADDRESS]:8776/v3/c62dcb67c25f4b0293224f3f3545179c/volumes/detail
2025-01-13 17:43:43.934 24 INFO cinder.api.openstack.wsgi [None req-0901cda3-97e4-4118-a861-0c2cefd0d327 902c0adeefca421d913d200456ea03a0 98c51a27135f4138864022c8a5fee00d - - default default] http://[LB_IP_ADDRESS]:8776/v3/98c51a27135f4138864022c8a5fee00d/groups/dfda50cf-e18b-4c25-98b0-e5579048da81 returned with HTTP 200
2025-01-13 17:43:43.941 21 INFO cinder.volume.api [None req-6e3c6a86-171f-4520-8e4c-20d53d30a733 4e236d35b0f94a4cad6ee7ad611b6c8d c62dcb67c25f4b0293224f3f3545179c - - default default] Get all volumes completed successfully.
2025-01-13 17:43:43.950 23 INFO cinder.api.openstack.wsgi [None req-07fd64ab-cbee-4e0e-9fa3-1e2a4daa6773 764fa4752f594676ade2178f67f46eaa 3152a8b0695644339fee7455c7772bbc - - default default] POST http://[LB_IP_ADDRESS]:8776/v3/3152a8b0695644339fee7455c7772bbc/groups/dfda50cf-e18b-4c25-98b0-e5579048da81/action
2025-01-13 17:43:43.969 23 INFO cinder.api.openstack.wsgi [None req-07fd64ab-cbee-4e0e-9fa3-1e2a4daa6773 764fa4752f594676ade2178f67f46eaa 3152a8b0695644339fee7455c7772bbc - - default default] http://[LB_IP_ADDRESS]:8776/v3/3152a8b0695644339fee7455c7772bbc/groups/dfda50cf-e18b-4c25-98b0-e5579048da81/action returned with HTTP 202
2025-01-13 17:43:43.969 21 INFO cinder.api.openstack.wsgi [None req-6e3c6a86-171f-4520-8e4c-20d53d30a733 4e236d35b0f94a4cad6ee7ad611b6c8d c62dcb67c25f4b0293224f3f3545179c - - default default] http://[LB_IP_ADDRESS]:8776/v3/c62dcb67c25f4b0293224f3f3545179c/volumes/detail returned with HTTP 200
2025-01-13 17:43:43.978 22 INFO cinder.api.openstack.wsgi [None req-e4785d72-d8fe-4c14-bc88-ef7bdac3f656 902c0adeefca421d913d200456ea03a0 98c51a27135f4138864022c8a5fee00d - - default default] GET http://[LB_IP_ADDRESS]:8776/v3/98c51a27135f4138864022c8a5fee00d/groups/dfda50cf-e18b-4c25-98b0-e5579048da81
2025-01-13 17:43:43.996 22 INFO cinder.api.openstack.wsgi [None req-e4785d72-d8fe-4c14-bc88-ef7bdac3f656 902c0adeefca421d913d200456ea03a0 98c51a27135f4138864022c8a5fee00d - - default default] http://[LB_IP_ADDRESS]:8776/v3/98c51a27135f4138864022c8a5fee00d/groups/dfda50cf-e18b-4c25-98b0-e5579048da81 returned with HTTP 200
2025-01-13 17:43:43.998 25 INFO cinder.api.openstack.wsgi [None req-3edae6c4-7d10-47a2-b5c0-7e5ca2980a61 4e236d35b0f94a4cad6ee7ad611b6c8d c62dcb67c25f4b0293224f3f3545179c - - default default] POST http://[LB_IP_ADDRESS]:8776/v3/c62dcb67c25f4b0293224f3f3545179c/groups/4b8faa23-538b-4edc-ac9e-20867123910b/action
2025-01-13 17:43:44.003 25 INFO cinder.api.v3.groups [None req-3edae6c4-7d10-47a2-b5c0-7e5ca2980a61 4e236d35b0f94a4cad6ee7ad611b6c8d c62dcb67c25f4b0293224f3f3545179c - - default default] Delete group with id: 4b8faa23-538b-4edc-ac9e-20867123910b
2025-01-13 17:43:44.011 24 INFO cinder.api.openstack.wsgi [None req-774f2d4f-a707-4b37-b66d-5f2fe4a6b54f 764fa4752f594676ade2178f67f46eaa 3152a8b0695644339fee7455c7772bbc - - default default] POST http://[LB_IP_ADDRESS]:8776/v3/3152a8b0695644339fee7455c7772bbc/groups/dfda50cf-e18b-4c25-98b0-e5579048da81/action
2025-01-13 17:43:44.028 24 INFO cinder.api.openstack.wsgi [None req-774f2d4f-a707-4b37-b66d-5f2fe4a6b54f 764fa4752f594676ade2178f67f46eaa 3152a8b0695644339fee7455c7772bbc - - default default] http://[LB_IP_ADDRESS]:8776/v3/3152a8b0695644339fee7455c7772bbc/groups/dfda50cf-e18b-4c25-98b0-e5579048da81/action returned with HTTP 202
2025-01-13 17:43:44.039 23 INFO cinder.api.openstack.wsgi [None req-c7d0cda0-706a-4866-9875-74b72b9b90a5 902c0adeefca421d913d200456ea03a0 98c51a27135f4138864022c8a5fee00d - - default default] GET http://[LB_IP_ADDRESS]:8776/v3/98c51a27135f4138864022c8a5fee00d/groups/dfda50cf-e18b-4c25-98b0-e5579048da81
2025-01-13 17:43:44.061 23 INFO cinder.api.openstack.wsgi [None req-c7d0cda0-706a-4866-9875-74b72b9b90a5 902c0adeefca421d913d200456ea03a0 98c51a27135f4138864022c8a5fee00d - - default default] http://[LB_IP_ADDRESS]:8776/v3/98c51a27135f4138864022c8a5fee00d/groups/dfda50cf-e18b-4c25-98b0-e5579048da81 returned with HTTP 200
2025-01-13 17:43:44.077 25 INFO cinder.api.openstack.wsgi [None req-3edae6c4-7d10-47a2-b5c0-7e5ca2980a61 4e236d35b0f94a4cad6ee7ad611b6c8d c62dcb67c25f4b0293224f3f3545179c - - default default] http://[LB_IP_ADDRESS]:8776/v3/c62dcb67c25f4b0293224f3f3545179c/groups/4b8faa23-538b-4edc-ac9e-20867123910b/action returned with HTTP 202
2025-01-13 17:43:44.079 21 INFO cinder.api.openstack.wsgi [None req-662eb35a-3ff0-4eea-b123-b4e51c5a2c7f 764fa4752f594676ade2178f67f46eaa 3152a8b0695644339fee7455c7772bbc - - default default] POST http://[LB_IP_ADDRESS]:8776/v3/3152a8b0695644339fee7455c7772bbc/groups/dfda50cf-e18b-4c25-98b0-e5579048da81/action
2025-01-13 17:43:44.088 22 INFO cinder.api.openstack.wsgi [None req-b3cb9c06-e5f0-4c50-a8ec-7623018b054f 4e236d35b0f94a4cad6ee7ad611b6c8d c62dcb67c25f4b0293224f3f3545179c - - default default] GET http://[LB_IP_ADDRESS]:8776/v3/c62dcb67c25f4b0293224f3f3545179c/volumes/1ac50b9b-f09b-472f-8d2f-abbc1fdea1ef
2025-01-13 17:43:44.098 21 INFO cinder.api.openstack.wsgi [None req-662eb35a-3ff0-4eea-b123-b4e51c5a2c7f 764fa4752f594676ade2178f67f46eaa 3152a8b0695644339fee7455c7772bbc - - default default] http://[LB_IP_ADDRESS]:8776/v3/3152a8b0695644339fee7455c7772bbc/groups/dfda50cf-e18b-4c25-98b0-e5579048da81/action returned with HTTP 202
2025-01-13 17:43:44.109 24 INFO cinder.api.openstack.wsgi [None req-f54dcb01-581e-4b95-8122-b52ced8084ee 902c0adeefca421d913d200456ea03a0 98c51a27135f4138864022c8a5fee00d - - default default] GET http://[LB_IP_ADDRESS]:8776/v3/98c51a27135f4138864022c8a5fee00d/groups/dfda50cf-e18b-4c25-98b0-e5579048da81
2025-01-13 17:43:44.114 22 INFO cinder.volume.api [None req-b3cb9c06-e5f0-4c50-a8ec-7623018b054f 4e236d35b0f94a4cad6ee7ad611b6c8d c62dcb67c25f4b0293224f3f3545179c - - default default] Volume info retrieved successfully.
2025-01-13 17:43:44.126 24 INFO cinder.api.openstack.wsgi [None req-f54dcb01-581e-4b95-8122-b52ced8084ee 902c0adeefca421d913d200456ea03a0 98c51a27135f4138864022c8a5fee00d - - default default] http://[LB_IP_ADDRESS]:8776/v3/98c51a27135f4138864022c8a5fee00d/groups/dfda50cf-e18b-4c25-98b0-e5579048da81 returned with HTTP 200
2025-01-13 17:43:44.141 22 INFO cinder.api.openstack.wsgi [None req-b3cb9c06-e5f0-4c50-a8ec-7623018b054f 4e236d35b0f94a4cad6ee7ad611b6c8d c62dcb67c25f4b0293224f3f3545179c - - default default] http://[LB_IP_ADDRESS]:8776/v3/c62dcb67c25f4b0293224f3f3545179c/volumes/1ac50b9b-f09b-472f-8d2f-abbc1fdea1ef returned with HTTP 200
2025-01-13 17:43:44.143 23 INFO cinder.api.openstack.wsgi [None req-5b6903cb-b674-40cc-abab-0815e9fd4d8e 764fa4752f594676ade2178f67f46eaa 3152a8b0695644339fee7455c7772bbc - - default default] POST http://[LB_IP_ADDRESS]:8776/v3/3152a8b0695644339fee7455c7772bbc/groups/dfda50cf-e18b-4c25-98b0-e5579048da81/action
2025-01-13 17:43:44.162 23 INFO cinder.api.openstack.wsgi [None req-5b6903cb-b674-40cc-abab-0815e9fd4d8e 764fa4752f594676ade2178f67f46eaa 3152a8b0695644339fee7455c7772bbc - - default default] http://[LB_IP_ADDRESS]:8776/v3/3152a8b0695644339fee7455c7772bbc/groups/dfda50cf-e18b-4c25-98b0-e5579048da81/action returned with HTTP 202
2025-01-13 17:43:44.174 25 INFO cinder.api.openstack.wsgi [None req-4e36f12c-d352-4ea8-809b-155fbd836585 902c0adeefca421d913d200456ea03a0 98c51a27135f4138864022c8a5fee00d - - default default] GET http://[LB_IP_ADDRESS]:8776/v3/98c51a27135f4138864022c8a5fee00d/groups/dfda50cf-e18b-4c25-98b0-e5579048da81
2025-01-13 17:43:44.197 25 INFO cinder.api.openstack.wsgi [None req-4e36f12c-d352-4ea8-809b-155fbd836585 902c0adeefca421d913d200456ea03a0 98c51a27135f4138864022c8a5fee00d - - default default] http://[LB_IP_ADDRESS]:8776/v3/98c51a27135f4138864022c8a5fee00d/groups/dfda50cf-e18b-4c25-98b0-e5579048da81 returned with HTTP 200
2025-01-13 17:43:44.214 21 INFO cinder.api.openstack.wsgi [None req-dec9026b-b41b-4023-a2b5-6fa3f51e3fbc 902c0adeefca421d913d200456ea03a0 98c51a27135f4138864022c8a5fee00d - - default default] GET http://[LB_IP_ADDRESS]:8776/v3/98c51a27135f4138864022c8a5fee00d/volumes/detail
2025-01-13 17:43:44.232 21 INFO cinder.volume.api [None req-dec9026b-b41b-4023-a2b5-6fa3f51e3fbc 902c0adeefca421d913d200456ea03a0 98c51a27135f4138864022c8a5fee00d - - default default] Get all volumes completed successfully.
2025-01-13 17:43:44.237 21 INFO cinder.api.openstack.wsgi [None req-dec9026b-b41b-4023-a2b5-6fa3f51e3fbc 902c0adeefca421d913d200456ea03a0 98c51a27135f4138864022c8a5fee00d - - default default] http://[LB_IP_ADDRESS]:8776/v3/98c51a27135f4138864022c8a5fee00d/volumes/detail returned with HTTP 200
2025-01-13 17:43:44.265 24 INFO cinder.api.openstack.wsgi [None req-79499619-2ca1-4765-8533-fe519b714391 902c0adeefca421d913d200456ea03a0 98c51a27135f4138864022c8a5fee00d - - default default] POST http://[LB_IP_ADDRESS]:8776/v3/98c51a27135f4138864022c8a5fee00d/groups/dfda50cf-e18b-4c25-98b0-e5579048da81/action
2025-01-13 17:43:44.269 24 INFO cinder.api.v3.groups [None req-79499619-2ca1-4765-8533-fe519b714391 902c0adeefca421d913d200456ea03a0 98c51a27135f4138864022c8a5fee00d - - default default] Delete group with id: dfda50cf-e18b-4c25-98b0-e5579048da81
2025-01-13 17:43:44.323 24 INFO cinder.api.openstack.wsgi [None req-79499619-2ca1-4765-8533-fe519b714391 902c0adeefca421d913d200456ea03a0 98c51a27135f4138864022c8a5fee00d - - default default] http://[LB_IP_ADDRESS]:8776/v3/98c51a27135f4138864022c8a5fee00d/groups/dfda50cf-e18b-4c25-98b0-e5579048da81/action returned with HTTP 202
2025-01-13 17:43:44.335 22 INFO cinder.api.openstack.wsgi [None req-56319b34-005a-4219-bf5b-b5420cfc56d8 902c0adeefca421d913d200456ea03a0 98c51a27135f4138864022c8a5fee00d - - default default] GET http://[LB_IP_ADDRESS]:8776/v3/98c51a27135f4138864022c8a5fee00d/groups/dfda50cf-e18b-4c25-98b0-e5579048da81
2025-01-13 17:43:44.357 22 INFO cinder.api.openstack.wsgi [None req-56319b34-005a-4219-bf5b-b5420cfc56d8 902c0adeefca421d913d200456ea03a0 98c51a27135f4138864022c8a5fee00d - - default default] http://[LB_IP_ADDRESS]:8776/v3/98c51a27135f4138864022c8a5fee00d/groups/dfda50cf-e18b-4c25-98b0-e5579048da81 returned with HTTP 200
2025-01-13 17:43:45.171 23 INFO cinder.api.openstack.wsgi [None req-323cbe08-9c59-4501-954e-3705b78f0619 4e236d35b0f94a4cad6ee7ad611b6c8d c62dcb67c25f4b0293224f3f3545179c - - default default] GET http://[LB_IP_ADDRESS]:8776/v3/c62dcb67c25f4b0293224f3f3545179c/volumes/1ac50b9b-f09b-472f-8d2f-abbc1fdea1ef
2025-01-13 17:43:45.186 23 INFO cinder.api.openstack.wsgi [None req-323cbe08-9c59-4501-954e-3705b78f0619 4e236d35b0f94a4cad6ee7ad611b6c8d c62dcb67c25f4b0293224f3f3545179c - - default default] http://[LB_IP_ADDRESS]:8776/v3/c62dcb67c25f4b0293224f3f3545179c/volumes/1ac50b9b-f09b-472f-8d2f-abbc1fdea1ef returned with HTTP 404
2025-01-13 17:43:45.199 25 INFO cinder.api.openstack.wsgi [None req-97719db3-c23a-4331-bcea-cc7706cb4595 4e236d35b0f94a4cad6ee7ad611b6c8d c62dcb67c25f4b0293224f3f3545179c - - default default] GET http://[LB_IP_ADDRESS]:8776/v3/c62dcb67c25f4b0293224f3f3545179c/groups/4b8faa23-538b-4edc-ac9e-20867123910b
2025-01-13 17:43:45.204 25 INFO cinder.api.openstack.wsgi [None req-97719db3-c23a-4331-bcea-cc7706cb4595 4e236d35b0f94a4cad6ee7ad611b6c8d c62dcb67c25f4b0293224f3f3545179c - - default default] http://[LB_IP_ADDRESS]:8776/v3/c62dcb67c25f4b0293224f3f3545179c/groups/4b8faa23-538b-4edc-ac9e-20867123910b returned with HTTP 404
2025-01-13 17:43:45.217 21 INFO cinder.api.openstack.wsgi [None req-216fb607-b6d8-4d74-a80a-1ad5714bd923 b00b7a55a7474dd4906b999266106065 bfbf1492d69144438ca5e6cfc44a8645 - - default default] DELETE http://[LB_IP_ADDRESS]:8776/v3/bfbf1492d69144438ca5e6cfc44a8645/group_types/df860de6-cd5f-4480-a4f1-cefc389eca35
2025-01-13 17:43:45.243 21 INFO cinder.api.openstack.wsgi [None req-216fb607-b6d8-4d74-a80a-1ad5714bd923 b00b7a55a7474dd4906b999266106065 bfbf1492d69144438ca5e6cfc44a8645 - - default default] http://[LB_IP_ADDRESS]:8776/v3/bfbf1492d69144438ca5e6cfc44a8645/group_types/df860de6-cd5f-4480-a4f1-cefc389eca35 returned with HTTP 202
2025-01-13 17:43:45.255 24 INFO cinder.api.openstack.wsgi [None req-1ffc51a0-2413-41be-b2a8-9fe5274b956f b00b7a55a7474dd4906b999266106065 bfbf1492d69144438ca5e6cfc44a8645 - - default default] DELETE http://[LB_IP_ADDRESS]:8776/v3/bfbf1492d69144438ca5e6cfc44a8645/types/6770fa5f-85b5-4c77-a71f-5a8bf33867b6
2025-01-13 17:43:45.308 24 INFO cinder.api.openstack.wsgi [None req-1ffc51a0-2413-41be-b2a8-9fe5274b956f b00b7a55a7474dd4906b999266106065 bfbf1492d69144438ca5e6cfc44a8645 - - default default] http://[LB_IP_ADDRESS]:8776/v3/bfbf1492d69144438ca5e6cfc44a8645/types/6770fa5f-85b5-4c77-a71f-5a8bf33867b6 returned with HTTP 202
2025-01-13 17:43:45.320 22 INFO cinder.api.openstack.wsgi [None req-da7c64ff-7395-4fb4-a2d5-0f07db6d73ab b00b7a55a7474dd4906b999266106065 bfbf1492d69144438ca5e6cfc44a8645 - - default default] GET http://[LB_IP_ADDRESS]:8776/v3/bfbf1492d69144438ca5e6cfc44a8645/types/6770fa5f-85b5-4c77-a71f-5a8bf33867b6
2025-01-13 17:43:45.327 22 INFO cinder.api.openstack.wsgi [None req-da7c64ff-7395-4fb4-a2d5-0f07db6d73ab b00b7a55a7474dd4906b999266106065 bfbf1492d69144438ca5e6cfc44a8645 - - default default] http://[LB_IP_ADDRESS]:8776/v3/bfbf1492d69144438ca5e6cfc44a8645/types/6770fa5f-85b5-4c77-a71f-5a8bf33867b6 returned with HTTP 404
2025-01-13 17:43:45.376 23 INFO cinder.api.openstack.wsgi [None req-b56b783e-5eec-4dc5-8fff-94ea961297ae 902c0adeefca421d913d200456ea03a0 98c51a27135f4138864022c8a5fee00d - - default default] GET http://[LB_IP_ADDRESS]:8776/v3/98c51a27135f4138864022c8a5fee00d/groups/dfda50cf-e18b-4c25-98b0-e5579048da81
2025-01-13 17:43:45.383 23 INFO cinder.api.openstack.wsgi [None req-b56b783e-5eec-4dc5-8fff-94ea961297ae 902c0adeefca421d913d200456ea03a0 98c51a27135f4138864022c8a5fee00d - - default default] http://[LB_IP_ADDRESS]:8776/v3/98c51a27135f4138864022c8a5fee00d/groups/dfda50cf-e18b-4c25-98b0-e5579048da81 returned with HTTP 404
2025-01-13 17:43:45.395 25 INFO cinder.api.openstack.wsgi [None req-ab800a31-d9ea-4042-8b2b-ad2d28264cb3 764fa4752f594676ade2178f67f46eaa 3152a8b0695644339fee7455c7772bbc - - default default] DELETE http://[LB_IP_ADDRESS]:8776/v3/3152a8b0695644339fee7455c7772bbc/group_types/4a902f87-39ed-4256-adee-b27475ecfe52
2025-01-13 17:43:45.417 25 INFO cinder.api.openstack.wsgi [None req-ab800a31-d9ea-4042-8b2b-ad2d28264cb3 764fa4752f594676ade2178f67f46eaa 3152a8b0695644339fee7455c7772bbc - - default default] http://[LB_IP_ADDRESS]:8776/v3/3152a8b0695644339fee7455c7772bbc/group_types/4a902f87-39ed-4256-adee-b27475ecfe52 returned with HTTP 202
2025-01-13 17:43:45.429 21 INFO cinder.api.openstack.wsgi [None req-f92bfd39-3144-4441-a1bb-a35d34fe126c 764fa4752f594676ade2178f67f46eaa 3152a8b0695644339fee7455c7772bbc - - default default] DELETE http://[LB_IP_ADDRESS]:8776/v3/3152a8b0695644339fee7455c7772bbc/types/0c84265b-d317-4627-a0b7-1e7b7cbfa57c
2025-01-13 17:43:45.480 21 INFO cinder.api.openstack.wsgi [None req-f92bfd39-3144-4441-a1bb-a35d34fe126c 764fa4752f594676ade2178f67f46eaa 3152a8b0695644339fee7455c7772bbc - - default default] http://[LB_IP_ADDRESS]:8776/v3/3152a8b0695644339fee7455c7772bbc/types/0c84265b-d317-4627-a0b7-1e7b7cbfa57c returned with HTTP 202
2025-01-13 17:43:45.492 24 INFO cinder.api.openstack.wsgi [None req-20de2492-c5c9-4748-a42d-43304ecb205f 764fa4752f594676ade2178f67f46eaa 3152a8b0695644339fee7455c7772bbc - - default default] GET http://[LB_IP_ADDRESS]:8776/v3/3152a8b0695644339fee7455c7772bbc/types/0c84265b-d317-4627-a0b7-1e7b7cbfa57c
2025-01-13 17:43:45.499 24 INFO cinder.api.openstack.wsgi [None req-20de2492-c5c9-4748-a42d-43304ecb205f 764fa4752f594676ade2178f67f46eaa 3152a8b0695644339fee7455c7772bbc - - default default] http://[LB_IP_ADDRESS]:8776/v3/3152a8b0695644339fee7455c7772bbc/types/0c84265b-d317-4627-a0b7-1e7b7cbfa57c returned with HTTP 404
2025-01-13 17:43:50.375 22 INFO cinder.api.openstack.wsgi [None req-6f402045-0ea4-4434-91f4-77799b1f9733 fa5b37f7557547afa37c2657ffe0bc25 4d25fb89fbba4ecc97510af71dc74a6b - - default default] GET http://[LB_IP_ADDRESS]:8776/v3/4d25fb89fbba4ecc97510af71dc74a6b/os-quota-sets/ce91839de16e4a08b543ed01ef0f49c2
2025-01-13 17:43:50.423 22 INFO cinder.api.openstack.wsgi [None req-6f402045-0ea4-4434-91f4-77799b1f9733 fa5b37f7557547afa37c2657ffe0bc25 4d25fb89fbba4ecc97510af71dc74a6b - - default default] http://[LB_IP_ADDRESS]:8776/v3/4d25fb89fbba4ecc97510af71dc74a6b/os-quota-sets/ce91839de16e4a08b543ed01ef0f49c2 returned with HTTP 200
2025-01-13 17:43:50.442 23 INFO cinder.api.openstack.wsgi [None req-747e3401-bb5d-4e4b-9274-53a69447d764 1e741610ded249be96bb4f0ac90b5325 7de68786a8ab4419bfef509acae24546 - - default default] POST http://[LB_IP_ADDRESS]:8776/v3/7de68786a8ab4419bfef509acae24546/group_types
2025-01-13 17:43:50.443 25 INFO cinder.api.openstack.wsgi [None req-516bd0ef-8dfe-4d25-b8da-346e2b8d8359 fa5b37f7557547afa37c2657ffe0bc25 4d25fb89fbba4ecc97510af71dc74a6b - - default default] GET http://[LB_IP_ADDRESS]:8776/v3/4d25fb89fbba4ecc97510af71dc74a6b/os-quota-sets/ce91839de16e4a08b543ed01ef0f49c2/defaults
2025-01-13 17:43:50.468 23 INFO cinder.api.openstack.wsgi [None req-747e3401-bb5d-4e4b-9274-53a69447d764 1e741610ded249be96bb4f0ac90b5325 7de68786a8ab4419bfef509acae24546 - - default default] http://[LB_IP_ADDRESS]:8776/v3/7de68786a8ab4419bfef509acae24546/group_types returned with HTTP 202
2025-01-13 17:43:50.483 21 INFO cinder.api.openstack.wsgi [None req-4b28fdde-621a-4ac9-aa7d-4bb511d1b6b6 1e741610ded249be96bb4f0ac90b5325 7de68786a8ab4419bfef509acae24546 - - default default] GET http://[LB_IP_ADDRESS]:8776/v3/7de68786a8ab4419bfef509acae24546/group_types
2025-01-13 17:43:50.485 25 INFO cinder.api.openstack.wsgi [None req-516bd0ef-8dfe-4d25-b8da-346e2b8d8359 fa5b37f7557547afa37c2657ffe0bc25 4d25fb89fbba4ecc97510af71dc74a6b - - default default] http://[LB_IP_ADDRESS]:8776/v3/4d25fb89fbba4ecc97510af71dc74a6b/os-quota-sets/ce91839de16e4a08b543ed01ef0f49c2/defaults returned with HTTP 200
2025-01-13 17:43:50.497 21 INFO cinder.api.openstack.wsgi [None req-4b28fdde-621a-4ac9-aa7d-4bb511d1b6b6 1e741610ded249be96bb4f0ac90b5325 7de68786a8ab4419bfef509acae24546 - - default default] http://[LB_IP_ADDRESS]:8776/v3/7de68786a8ab4419bfef509acae24546/group_types returned with HTTP 200
2025-01-13 17:43:50.506 24 INFO cinder.api.openstack.wsgi [None req-ea5be135-fe6d-44a6-af69-ad7c564caddb fa5b37f7557547afa37c2657ffe0bc25 4d25fb89fbba4ecc97510af71dc74a6b - - default default] PUT http://[LB_IP_ADDRESS]:8776/v3/4d25fb89fbba4ecc97510af71dc74a6b/os-quota-sets/ce91839de16e4a08b543ed01ef0f49c2
2025-01-13 17:43:50.518 22 INFO cinder.api.openstack.wsgi [None req-e82fb32c-10a6-4297-b655-1a10d88c3f89 1e741610ded249be96bb4f0ac90b5325 7de68786a8ab4419bfef509acae24546 - - default default] PUT http://[LB_IP_ADDRESS]:8776/v3/7de68786a8ab4419bfef509acae24546/group_types/a67854da-9d7a-4638-b315-6e8c262e8ba9
2025-01-13 17:43:50.545 22 INFO cinder.api.openstack.wsgi [None req-e82fb32c-10a6-4297-b655-1a10d88c3f89 1e741610ded249be96bb4f0ac90b5325 7de68786a8ab4419bfef509acae24546 - - default default] http://[LB_IP_ADDRESS]:8776/v3/7de68786a8ab4419bfef509acae24546/group_types/a67854da-9d7a-4638-b315-6e8c262e8ba9 returned with HTTP 200
2025-01-13 17:43:50.559 23 INFO cinder.api.openstack.wsgi [None req-3b9c189b-013f-4dd0-a4b3-73ed7ee9ecd9 1e741610ded249be96bb4f0ac90b5325 7de68786a8ab4419bfef509acae24546 - - default default] GET http://[LB_IP_ADDRESS]:8776/v3/7de68786a8ab4419bfef509acae24546/group_types/a67854da-9d7a-4638-b315-6e8c262e8ba9
2025-01-13 17:43:50.567 23 INFO cinder.api.openstack.wsgi [None req-3b9c189b-013f-4dd0-a4b3-73ed7ee9ecd9 1e741610ded249be96bb4f0ac90b5325 7de68786a8ab4419bfef509acae24546 - - default default] http://[LB_IP_ADDRESS]:8776/v3/7de68786a8ab4419bfef509acae24546/group_types/a67854da-9d7a-4638-b315-6e8c262e8ba9 returned with HTTP 200
2025-01-13 17:43:50.593 25 INFO cinder.api.openstack.wsgi [None req-41023d19-12fc-434c-8f64-c39edb35a788 1e741610ded249be96bb4f0ac90b5325 7de68786a8ab4419bfef509acae24546 - - default default] DELETE http://[LB_IP_ADDRESS]:8776/v3/7de68786a8ab4419bfef509acae24546/group_types/a67854da-9d7a-4638-b315-6e8c262e8ba9
2025-01-13 17:43:50.597 24 INFO cinder.api.openstack.wsgi [None req-ea5be135-fe6d-44a6-af69-ad7c564caddb fa5b37f7557547afa37c2657ffe0bc25 4d25fb89fbba4ecc97510af71dc74a6b - - default default] http://[LB_IP_ADDRESS]:8776/v3/4d25fb89fbba4ecc97510af71dc74a6b/os-quota-sets/ce91839de16e4a08b543ed01ef0f49c2 returned with HTTP 200
2025-01-13 17:43:50.613 21 INFO cinder.api.openstack.wsgi [None req-5b69ef03-a17f-4765-b6ed-bc430cfb177d fa5b37f7557547afa37c2657ffe0bc25 4d25fb89fbba4ecc97510af71dc74a6b - - default default] DELETE http://[LB_IP_ADDRESS]:8776/v3/4d25fb89fbba4ecc97510af71dc74a6b/os-quota-sets/ce91839de16e4a08b543ed01ef0f49c2
2025-01-13 17:43:50.621 21 INFO cinder.api.openstack.wsgi [None req-5b69ef03-a17f-4765-b6ed-bc430cfb177d fa5b37f7557547afa37c2657ffe0bc25 4d25fb89fbba4ecc97510af71dc74a6b - - default default] http://[LB_IP_ADDRESS]:8776/v3/4d25fb89fbba4ecc97510af71dc74a6b/os-quota-sets/ce91839de16e4a08b543ed01ef0f49c2 returned with HTTP 200
2025-01-13 17:43:50.624 25 INFO cinder.api.openstack.wsgi [None req-41023d19-12fc-434c-8f64-c39edb35a788 1e741610ded249be96bb4f0ac90b5325 7de68786a8ab4419bfef509acae24546 - - default default] http://[LB_IP_ADDRESS]:8776/v3/7de68786a8ab4419bfef509acae24546/group_types/a67854da-9d7a-4638-b315-6e8c262e8ba9 returned with HTTP 202
2025-01-13 17:43:50.632 22 INFO cinder.api.openstack.wsgi [None req-e6d5e219-8ba5-4d89-974f-3ee22f906355 fa5b37f7557547afa37c2657ffe0bc25 4d25fb89fbba4ecc97510af71dc74a6b - - default default] GET http://[LB_IP_ADDRESS]:8776/v3/4d25fb89fbba4ecc97510af71dc74a6b/os-quota-sets/ce91839de16e4a08b543ed01ef0f49c2
2025-01-13 17:43:50.635 23 INFO cinder.api.openstack.wsgi [None req-8c480b96-400b-473f-a6a5-b0fa37c655b6 1e741610ded249be96bb4f0ac90b5325 7de68786a8ab4419bfef509acae24546 - - default default] GET http://[LB_IP_ADDRESS]:8776/v3/7de68786a8ab4419bfef509acae24546/group_types
2025-01-13 17:43:50.645 23 INFO cinder.api.openstack.wsgi [None req-8c480b96-400b-473f-a6a5-b0fa37c655b6 1e741610ded249be96bb4f0ac90b5325 7de68786a8ab4419bfef509acae24546 - - default default] http://[LB_IP_ADDRESS]:8776/v3/7de68786a8ab4419bfef509acae24546/group_types returned with HTTP 200
2025-01-13 17:43:50.658 21 INFO cinder.api.openstack.wsgi [None req-010562a8-2fab-41f8-90c4-8ac016e23a2e 1e741610ded249be96bb4f0ac90b5325 7de68786a8ab4419bfef509acae24546 - - default default] POST http://[LB_IP_ADDRESS]:8776/v3/7de68786a8ab4419bfef509acae24546/group_types
2025-01-13 17:43:50.671 22 INFO cinder.api.openstack.wsgi [None req-e6d5e219-8ba5-4d89-974f-3ee22f906355 fa5b37f7557547afa37c2657ffe0bc25 4d25fb89fbba4ecc97510af71dc74a6b - - default default] http://[LB_IP_ADDRESS]:8776/v3/4d25fb89fbba4ecc97510af71dc74a6b/os-quota-sets/ce91839de16e4a08b543ed01ef0f49c2 returned with HTTP 200
2025-01-13 17:43:50.677 21 INFO cinder.api.openstack.wsgi [None req-010562a8-2fab-41f8-90c4-8ac016e23a2e 1e741610ded249be96bb4f0ac90b5325 7de68786a8ab4419bfef509acae24546 - - default default] http://[LB_IP_ADDRESS]:8776/v3/7de68786a8ab4419bfef509acae24546/group_types returned with HTTP 202
2025-01-13 17:43:50.688 25 INFO cinder.api.openstack.wsgi [None req-6418edb7-44e2-4a28-80c1-c06749184f28 fa5b37f7557547afa37c2657ffe0bc25 4d25fb89fbba4ecc97510af71dc74a6b - - default default] PUT http://[LB_IP_ADDRESS]:8776/v3/4d25fb89fbba4ecc97510af71dc74a6b/os-quota-sets/ce91839de16e4a08b543ed01ef0f49c2
2025-01-13 17:43:50.688 23 INFO cinder.api.openstack.wsgi [None req-d5eb69b0-58c4-4003-9c33-fdf73b1b7697 1e741610ded249be96bb4f0ac90b5325 7de68786a8ab4419bfef509acae24546 - - default default] POST http://[LB_IP_ADDRESS]:8776/v3/7de68786a8ab4419bfef509acae24546/group_types
2025-01-13 17:43:50.707 23 INFO cinder.api.openstack.wsgi [None req-d5eb69b0-58c4-4003-9c33-fdf73b1b7697 1e741610ded249be96bb4f0ac90b5325 7de68786a8ab4419bfef509acae24546 - - default default] http://[LB_IP_ADDRESS]:8776/v3/7de68786a8ab4419bfef509acae24546/group_types returned with HTTP 202
2025-01-13 17:43:50.719 22 INFO cinder.api.openstack.wsgi [None req-211f4936-a4e5-4161-a834-5e2b29375698 1e741610ded249be96bb4f0ac90b5325 7de68786a8ab4419bfef509acae24546 - - default default] GET http://[LB_IP_ADDRESS]:8776/v3/7de68786a8ab4419bfef509acae24546/group_types?sort=name%3Aasc&is_public=None
2025-01-13 17:43:50.729 22 INFO cinder.api.openstack.wsgi [None req-211f4936-a4e5-4161-a834-5e2b29375698 1e741610ded249be96bb4f0ac90b5325 7de68786a8ab4419bfef509acae24546 - - default default] http://[LB_IP_ADDRESS]:8776/v3/7de68786a8ab4419bfef509acae24546/group_types?sort=name%3Aasc&is_public=None returned with HTTP 200
2025-01-13 17:43:50.741 21 INFO cinder.api.openstack.wsgi [None req-9e11b6e1-fd35-47eb-b66f-9fdcec3fabb3 1e741610ded249be96bb4f0ac90b5325 7de68786a8ab4419bfef509acae24546 - - default default] GET http://[LB_IP_ADDRESS]:8776/v3/7de68786a8ab4419bfef509acae24546/group_types?sort=name%3Adesc&is_public=None
2025-01-13 17:43:50.750 21 INFO cinder.api.openstack.wsgi [None req-9e11b6e1-fd35-47eb-b66f-9fdcec3fabb3 1e741610ded249be96bb4f0ac90b5325 7de68786a8ab4419bfef509acae24546 - - default default] http://[LB_IP_ADDRESS]:8776/v3/7de68786a8ab4419bfef509acae24546/group_types?sort=name%3Adesc&is_public=None returned with HTTP 200
2025-01-13 17:43:50.755 24 INFO cinder.api.openstack.wsgi [None req-93fb37a0-8249-42e9-90b0-c5a481dc999b 0917f6d05c494b48a163494c40da362c 7d5f443d084a44c1bd3d3f4e70e93e09 - - default default] POST http://[LB_IP_ADDRESS]:8776/v3/7d5f443d084a44c1bd3d3f4e70e93e09/volumes
2025-01-13 17:43:50.759 24 INFO cinder.api.v3.volumes [None req-93fb37a0-8249-42e9-90b0-c5a481dc999b 0917f6d05c494b48a163494c40da362c 7d5f443d084a44c1bd3d3f4e70e93e09 - - default default] Create volume of 1 GB
2025-01-13 17:43:50.762 23 INFO cinder.api.openstack.wsgi [None req-818306f7-b7f5-41a7-b06a-679115a078b1 1e741610ded249be96bb4f0ac90b5325 7de68786a8ab4419bfef509acae24546 - - default default] GET http://[LB_IP_ADDRESS]:8776/v3/7de68786a8ab4419bfef509acae24546/group_types?is_public=False
2025-01-13 17:43:50.765 24 INFO cinder.volume.api [None req-93fb37a0-8249-42e9-90b0-c5a481dc999b 0917f6d05c494b48a163494c40da362c 7d5f443d084a44c1bd3d3f4e70e93e09 - - default default] Availability Zones retrieved successfully.
2025-01-13 17:43:50.768 23 INFO cinder.api.openstack.wsgi [None req-818306f7-b7f5-41a7-b06a-679115a078b1 1e741610ded249be96bb4f0ac90b5325 7de68786a8ab4419bfef509acae24546 - - default default] http://[LB_IP_ADDRESS]:8776/v3/7de68786a8ab4419bfef509acae24546/group_types?is_public=False returned with HTTP 200
2025-01-13 17:43:50.780 22 INFO cinder.api.openstack.wsgi [None req-14c2f1c0-5477-4bf5-84c6-5367400243e8 1e741610ded249be96bb4f0ac90b5325 7de68786a8ab4419bfef509acae24546 - - default default] GET http://[LB_IP_ADDRESS]:8776/v3/7de68786a8ab4419bfef509acae24546/group_types?is_public=True
2025-01-13 17:43:50.791 22 INFO cinder.api.openstack.wsgi [None req-14c2f1c0-5477-4bf5-84c6-5367400243e8 1e741610ded249be96bb4f0ac90b5325 7de68786a8ab4419bfef509acae24546 - - default default] http://[LB_IP_ADDRESS]:8776/v3/7de68786a8ab4419bfef509acae24546/group_types?is_public=True returned with HTTP 200
2025-01-13 17:43:50.804 21 INFO cinder.api.openstack.wsgi [None req-406c68ef-597d-48fb-8337-d73905b611ce 1e741610ded249be96bb4f0ac90b5325 7de68786a8ab4419bfef509acae24546 - - default default] DELETE http://[LB_IP_ADDRESS]:8776/v3/7de68786a8ab4419bfef509acae24546/group_types/b32b3e64-741e-4c91-9696-6352b311cdb2
2025-01-13 17:43:50.821 25 INFO cinder.api.openstack.wsgi [None req-6418edb7-44e2-4a28-80c1-c06749184f28 fa5b37f7557547afa37c2657ffe0bc25 4d25fb89fbba4ecc97510af71dc74a6b - - default default] http://[LB_IP_ADDRESS]:8776/v3/4d25fb89fbba4ecc97510af71dc74a6b/os-quota-sets/ce91839de16e4a08b543ed01ef0f49c2 returned with HTTP 200
2025-01-13 17:43:50.821 21 INFO cinder.api.openstack.wsgi [None req-406c68ef-597d-48fb-8337-d73905b611ce 1e741610ded249be96bb4f0ac90b5325 7de68786a8ab4419bfef509acae24546 - - default default] http://[LB_IP_ADDRESS]:8776/v3/7de68786a8ab4419bfef509acae24546/group_types/b32b3e64-741e-4c91-9696-6352b311cdb2 returned with HTTP 202
2025-01-13 17:43:50.831 23 INFO cinder.api.openstack.wsgi [None req-0fc7f0b1-b866-476f-be6b-18db7067f426 1e741610ded249be96bb4f0ac90b5325 7de68786a8ab4419bfef509acae24546 - - default default] DELETE http://[LB_IP_ADDRESS]:8776/v3/7de68786a8ab4419bfef509acae24546/group_types/376de7ca-e3a5-4111-aa07-ed0aa59a7de9
2025-01-13 17:43:50.837 22 INFO cinder.api.openstack.wsgi [None req-92e1e106-7c78-449a-b5c4-0a10bcf64ea8 fa5b37f7557547afa37c2657ffe0bc25 4d25fb89fbba4ecc97510af71dc74a6b - - default default] GET http://[LB_IP_ADDRESS]:8776/v3/4d25fb89fbba4ecc97510af71dc74a6b/os-quota-sets/ce91839de16e4a08b543ed01ef0f49c2/defaults
2025-01-13 17:43:50.847 23 INFO cinder.api.openstack.wsgi [None req-0fc7f0b1-b866-476f-be6b-18db7067f426 1e741610ded249be96bb4f0ac90b5325 7de68786a8ab4419bfef509acae24546 - - default default] http://[LB_IP_ADDRESS]:8776/v3/7de68786a8ab4419bfef509acae24546/group_types/376de7ca-e3a5-4111-aa07-ed0aa59a7de9 returned with HTTP 202
2025-01-13 17:43:50.869 22 INFO cinder.api.openstack.wsgi [None req-92e1e106-7c78-449a-b5c4-0a10bcf64ea8 fa5b37f7557547afa37c2657ffe0bc25 4d25fb89fbba4ecc97510af71dc74a6b - - default default] http://[LB_IP_ADDRESS]:8776/v3/4d25fb89fbba4ecc97510af71dc74a6b/os-quota-sets/ce91839de16e4a08b543ed01ef0f49c2/defaults returned with HTTP 200
2025-01-13 17:43:50.886 25 INFO cinder.api.openstack.wsgi [None req-ed1d3c2e-045d-4325-a7ca-448a1edb50fb fa5b37f7557547afa37c2657ffe0bc25 4d25fb89fbba4ecc97510af71dc74a6b - - default default] GET http://[LB_IP_ADDRESS]:8776/v3/4d25fb89fbba4ecc97510af71dc74a6b/os-quota-sets/ce91839de16e4a08b543ed01ef0f49c2
2025-01-13 17:43:50.925 25 INFO cinder.api.openstack.wsgi [None req-ed1d3c2e-045d-4325-a7ca-448a1edb50fb fa5b37f7557547afa37c2657ffe0bc25 4d25fb89fbba4ecc97510af71dc74a6b - - default default] http://[LB_IP_ADDRESS]:8776/v3/4d25fb89fbba4ecc97510af71dc74a6b/os-quota-sets/ce91839de16e4a08b543ed01ef0f49c2 returned with HTTP 200
2025-01-13 17:43:50.941 21 INFO cinder.api.openstack.wsgi [None req-b0b1e277-3669-468e-930e-41cc4c5c1f45 fa5b37f7557547afa37c2657ffe0bc25 4d25fb89fbba4ecc97510af71dc74a6b - - default default] GET http://[LB_IP_ADDRESS]:8776/v3/4d25fb89fbba4ecc97510af71dc74a6b/os-quota-sets/ce91839de16e4a08b543ed01ef0f49c2?usage=True
2025-01-13 17:43:50.947 24 INFO cinder.volume.api [None req-93fb37a0-8249-42e9-90b0-c5a481dc999b 0917f6d05c494b48a163494c40da362c 7d5f443d084a44c1bd3d3f4e70e93e09 - - default default] Create volume request issued successfully.
2025-01-13 17:43:50.949 24 INFO cinder.api.openstack.wsgi [None req-93fb37a0-8249-42e9-90b0-c5a481dc999b 0917f6d05c494b48a163494c40da362c 7d5f443d084a44c1bd3d3f4e70e93e09 - - default default] http://[LB_IP_ADDRESS]:8776/v3/7d5f443d084a44c1bd3d3f4e70e93e09/volumes returned with HTTP 202
2025-01-13 17:43:50.972 23 INFO cinder.api.openstack.wsgi [None req-3c2817d3-a6de-47a8-a20c-d4733a9e1072 0917f6d05c494b48a163494c40da362c 7d5f443d084a44c1bd3d3f4e70e93e09 - - default default] GET http://[LB_IP_ADDRESS]:8776/v3/7d5f443d084a44c1bd3d3f4e70e93e09/volumes/9f2499b5-e5b8-4c6c-9329-d7cc27a5d732
2025-01-13 17:43:50.992 23 INFO cinder.volume.api [None req-3c2817d3-a6de-47a8-a20c-d4733a9e1072 0917f6d05c494b48a163494c40da362c 7d5f443d084a44c1bd3d3f4e70e93e09 - - default default] Volume info retrieved successfully.
2025-01-13 17:43:51.001 23 INFO cinder.api.openstack.wsgi [None req-3c2817d3-a6de-47a8-a20c-d4733a9e1072 0917f6d05c494b48a163494c40da362c 7d5f443d084a44c1bd3d3f4e70e93e09 - - default default] http://[LB_IP_ADDRESS]:8776/v3/7d5f443d084a44c1bd3d3f4e70e93e09/volumes/9f2499b5-e5b8-4c6c-9329-d7cc27a5d732 returned with HTTP 200
2025-01-13 17:43:51.001 21 INFO cinder.api.openstack.wsgi [None req-b0b1e277-3669-468e-930e-41cc4c5c1f45 fa5b37f7557547afa37c2657ffe0bc25 4d25fb89fbba4ecc97510af71dc74a6b - - default default] http://[LB_IP_ADDRESS]:8776/v3/4d25fb89fbba4ecc97510af71dc74a6b/os-quota-sets/ce91839de16e4a08b543ed01ef0f49c2?usage=True returned with HTTP 200
2025-01-13 17:43:51.152 22 INFO cinder.api.openstack.wsgi [None req-6501cfde-70de-4f7d-9c8d-7dce7222dda7 c93fcff4d70a4929938a747444eb6f01 ce91839de16e4a08b543ed01ef0f49c2 - - default default] POST http://[LB_IP_ADDRESS]:8776/v3/ce91839de16e4a08b543ed01ef0f49c2/volumes
2025-01-13 17:43:51.155 22 INFO cinder.api.v3.volumes [None req-6501cfde-70de-4f7d-9c8d-7dce7222dda7 c93fcff4d70a4929938a747444eb6f01 ce91839de16e4a08b543ed01ef0f49c2 - - default default] Create volume of 1 GB
2025-01-13 17:43:51.161 22 INFO cinder.volume.api [None req-6501cfde-70de-4f7d-9c8d-7dce7222dda7 c93fcff4d70a4929938a747444eb6f01 ce91839de16e4a08b543ed01ef0f49c2 - - default default] Availability Zones retrieved successfully.
2025-01-13 17:43:51.330 22 INFO cinder.volume.api [None req-6501cfde-70de-4f7d-9c8d-7dce7222dda7 c93fcff4d70a4929938a747444eb6f01 ce91839de16e4a08b543ed01ef0f49c2 - - default default] Create volume request issued successfully.
2025-01-13 17:43:51.332 22 INFO cinder.api.openstack.wsgi [None req-6501cfde-70de-4f7d-9c8d-7dce7222dda7 c93fcff4d70a4929938a747444eb6f01 ce91839de16e4a08b543ed01ef0f49c2 - - default default] http://[LB_IP_ADDRESS]:8776/v3/ce91839de16e4a08b543ed01ef0f49c2/volumes returned with HTTP 202
2025-01-13 17:43:51.356 25 INFO cinder.api.openstack.wsgi [None req-7ac2fcdf-614e-415d-9f68-de690ef0244f c93fcff4d70a4929938a747444eb6f01 ce91839de16e4a08b543ed01ef0f49c2 - - default default] GET http://[LB_IP_ADDRESS]:8776/v3/ce91839de16e4a08b543ed01ef0f49c2/volumes/c54f1c8f-ab14-4563-b5ff-e1b9d262791d
2025-01-13 17:43:51.379 25 INFO cinder.volume.api [None req-7ac2fcdf-614e-415d-9f68-de690ef0244f c93fcff4d70a4929938a747444eb6f01 ce91839de16e4a08b543ed01ef0f49c2 - - default default] Volume info retrieved successfully.
2025-01-13 17:43:51.387 25 INFO cinder.api.openstack.wsgi [None req-7ac2fcdf-614e-415d-9f68-de690ef0244f c93fcff4d70a4929938a747444eb6f01 ce91839de16e4a08b543ed01ef0f49c2 - - default default] http://[LB_IP_ADDRESS]:8776/v3/ce91839de16e4a08b543ed01ef0f49c2/volumes/c54f1c8f-ab14-4563-b5ff-e1b9d262791d returned with HTTP 200
2025-01-13 17:43:52.028 24 INFO cinder.api.openstack.wsgi [None req-907e885c-9176-44d4-b06f-cfe9ec72c7e7 0917f6d05c494b48a163494c40da362c 7d5f443d084a44c1bd3d3f4e70e93e09 - - default default] GET http://[LB_IP_ADDRESS]:8776/v3/7d5f443d084a44c1bd3d3f4e70e93e09/volumes/9f2499b5-e5b8-4c6c-9329-d7cc27a5d732
2025-01-13 17:43:52.046 24 INFO cinder.volume.api [None req-907e885c-9176-44d4-b06f-cfe9ec72c7e7 0917f6d05c494b48a163494c40da362c 7d5f443d084a44c1bd3d3f4e70e93e09 - - default default] Volume info retrieved successfully.
2025-01-13 17:43:52.054 24 INFO cinder.api.openstack.wsgi [None req-907e885c-9176-44d4-b06f-cfe9ec72c7e7 0917f6d05c494b48a163494c40da362c 7d5f443d084a44c1bd3d3f4e70e93e09 - - default default] http://[LB_IP_ADDRESS]:8776/v3/7d5f443d084a44c1bd3d3f4e70e93e09/volumes/9f2499b5-e5b8-4c6c-9329-d7cc27a5d732 returned with HTTP 200
2025-01-13 17:43:52.415 23 INFO cinder.api.openstack.wsgi [None req-4f697f9b-4219-42e5-8dab-499852356ce2 c93fcff4d70a4929938a747444eb6f01 ce91839de16e4a08b543ed01ef0f49c2 - - default default] GET http://[LB_IP_ADDRESS]:8776/v3/ce91839de16e4a08b543ed01ef0f49c2/volumes/c54f1c8f-ab14-4563-b5ff-e1b9d262791d
2025-01-13 17:43:52.440 23 INFO cinder.volume.api [None req-4f697f9b-4219-42e5-8dab-499852356ce2 c93fcff4d70a4929938a747444eb6f01 ce91839de16e4a08b543ed01ef0f49c2 - - default default] Volume info retrieved successfully.
2025-01-13 17:43:52.448 23 INFO cinder.api.openstack.wsgi [None req-4f697f9b-4219-42e5-8dab-499852356ce2 c93fcff4d70a4929938a747444eb6f01 ce91839de16e4a08b543ed01ef0f49c2 - - default default] http://[LB_IP_ADDRESS]:8776/v3/ce91839de16e4a08b543ed01ef0f49c2/volumes/c54f1c8f-ab14-4563-b5ff-e1b9d262791d returned with HTTP 200
2025-01-13 17:43:53.084 21 INFO cinder.api.openstack.wsgi [None req-2574da08-9329-4ff2-8454-1c49af377ee1 0917f6d05c494b48a163494c40da362c 7d5f443d084a44c1bd3d3f4e70e93e09 - - default default] GET http://[LB_IP_ADDRESS]:8776/v3/7d5f443d084a44c1bd3d3f4e70e93e09/volumes/9f2499b5-e5b8-4c6c-9329-d7cc27a5d732
2025-01-13 17:43:53.111 21 INFO cinder.volume.api [None req-2574da08-9329-4ff2-8454-1c49af377ee1 0917f6d05c494b48a163494c40da362c 7d5f443d084a44c1bd3d3f4e70e93e09 - - default default] Volume info retrieved successfully.
2025-01-13 17:43:53.122 21 INFO cinder.api.openstack.wsgi [None req-2574da08-9329-4ff2-8454-1c49af377ee1 0917f6d05c494b48a163494c40da362c 7d5f443d084a44c1bd3d3f4e70e93e09 - - default default] http://[LB_IP_ADDRESS]:8776/v3/7d5f443d084a44c1bd3d3f4e70e93e09/volumes/9f2499b5-e5b8-4c6c-9329-d7cc27a5d732 returned with HTTP 200
2025-01-13 17:43:53.150 22 INFO cinder.api.openstack.wsgi [None req-26575f63-a269-4561-a75c-01616a0cf063 0917f6d05c494b48a163494c40da362c 7d5f443d084a44c1bd3d3f4e70e93e09 - - default default] POST http://[LB_IP_ADDRESS]:8776/v3/7d5f443d084a44c1bd3d3f4e70e93e09/snapshots
2025-01-13 17:43:53.172 22 INFO cinder.volume.api [None req-26575f63-a269-4561-a75c-01616a0cf063 0917f6d05c494b48a163494c40da362c 7d5f443d084a44c1bd3d3f4e70e93e09 - - default default] Volume info retrieved successfully.
2025-01-13 17:43:53.173 22 INFO cinder.api.v3.snapshots [None req-26575f63-a269-4561-a75c-01616a0cf063 0917f6d05c494b48a163494c40da362c 7d5f443d084a44c1bd3d3f4e70e93e09 - - default default] Create snapshot from volume 9f2499b5-e5b8-4c6c-9329-d7cc27a5d732
2025-01-13 17:43:53.296 22 INFO cinder.volume.api [None req-26575f63-a269-4561-a75c-01616a0cf063 0917f6d05c494b48a163494c40da362c 7d5f443d084a44c1bd3d3f4e70e93e09 - - default default] Snapshot create request issued successfully.
2025-01-13 17:43:53.297 22 INFO cinder.api.openstack.wsgi [None req-26575f63-a269-4561-a75c-01616a0cf063 0917f6d05c494b48a163494c40da362c 7d5f443d084a44c1bd3d3f4e70e93e09 - - default default] http://[LB_IP_ADDRESS]:8776/v3/7d5f443d084a44c1bd3d3f4e70e93e09/snapshots returned with HTTP 202
2025-01-13 17:43:53.314 25 INFO cinder.api.openstack.wsgi [None req-0f6a929e-ea26-465a-a737-b2d7a6d99a1a 0917f6d05c494b48a163494c40da362c 7d5f443d084a44c1bd3d3f4e70e93e09 - - default default] GET http://[LB_IP_ADDRESS]:8776/v3/7d5f443d084a44c1bd3d3f4e70e93e09/snapshots/8c50f9ba-9af3-4834-aaa9-6a50d28e104c
2025-01-13 17:43:53.326 25 INFO cinder.volume.api [None req-0f6a929e-ea26-465a-a737-b2d7a6d99a1a 0917f6d05c494b48a163494c40da362c 7d5f443d084a44c1bd3d3f4e70e93e09 - - default default] Snapshot retrieved successfully.
2025-01-13 17:43:53.328 25 INFO cinder.api.openstack.wsgi [None req-0f6a929e-ea26-465a-a737-b2d7a6d99a1a 0917f6d05c494b48a163494c40da362c 7d5f443d084a44c1bd3d3f4e70e93e09 - - default default] http://[LB_IP_ADDRESS]:8776/v3/7d5f443d084a44c1bd3d3f4e70e93e09/snapshots/8c50f9ba-9af3-4834-aaa9-6a50d28e104c returned with HTTP 200
2025-01-13 17:43:53.476 24 INFO cinder.api.openstack.wsgi [None req-5c2115c4-940d-4c2a-af5e-70bf9a92e437 c93fcff4d70a4929938a747444eb6f01 ce91839de16e4a08b543ed01ef0f49c2 - - default default] GET http://[LB_IP_ADDRESS]:8776/v3/ce91839de16e4a08b543ed01ef0f49c2/volumes/c54f1c8f-ab14-4563-b5ff-e1b9d262791d
2025-01-13 17:43:53.500 24 INFO cinder.volume.api [None req-5c2115c4-940d-4c2a-af5e-70bf9a92e437 c93fcff4d70a4929938a747444eb6f01 ce91839de16e4a08b543ed01ef0f49c2 - - default default] Volume info retrieved successfully.
2025-01-13 17:43:53.508 24 INFO cinder.api.openstack.wsgi [None req-5c2115c4-940d-4c2a-af5e-70bf9a92e437 c93fcff4d70a4929938a747444eb6f01 ce91839de16e4a08b543ed01ef0f49c2 - - default default] http://[LB_IP_ADDRESS]:8776/v3/ce91839de16e4a08b543ed01ef0f49c2/volumes/c54f1c8f-ab14-4563-b5ff-e1b9d262791d returned with HTTP 200
2025-01-13 17:43:53.537 23 INFO cinder.api.openstack.wsgi [None req-f34d16d8-d36e-4dca-8b4d-c0e69b813992 fa5b37f7557547afa37c2657ffe0bc25 4d25fb89fbba4ecc97510af71dc74a6b - - default default] GET http://[LB_IP_ADDRESS]:8776/v3/4d25fb89fbba4ecc97510af71dc74a6b/os-quota-sets/ce91839de16e4a08b543ed01ef0f49c2?usage=True
2025-01-13 17:43:53.583 23 INFO cinder.api.openstack.wsgi [None req-f34d16d8-d36e-4dca-8b4d-c0e69b813992 fa5b37f7557547afa37c2657ffe0bc25 4d25fb89fbba4ecc97510af71dc74a6b - - default default] http://[LB_IP_ADDRESS]:8776/v3/4d25fb89fbba4ecc97510af71dc74a6b/os-quota-sets/ce91839de16e4a08b543ed01ef0f49c2?usage=True returned with HTTP 200
2025-01-13 17:43:53.605 21 INFO cinder.api.openstack.wsgi [None req-0d550cb3-9048-4897-bdcf-1cf08e41f850 c93fcff4d70a4929938a747444eb6f01 ce91839de16e4a08b543ed01ef0f49c2 - - default default] DELETE http://[LB_IP_ADDRESS]:8776/v3/ce91839de16e4a08b543ed01ef0f49c2/volumes/c54f1c8f-ab14-4563-b5ff-e1b9d262791d
2025-01-13 17:43:53.607 21 INFO cinder.api.v3.volumes [None req-0d550cb3-9048-4897-bdcf-1cf08e41f850 c93fcff4d70a4929938a747444eb6f01 ce91839de16e4a08b543ed01ef0f49c2 - - default default] Delete volume with id: c54f1c8f-ab14-4563-b5ff-e1b9d262791d 
2025-01-13 17:43:53.624 21 INFO cinder.volume.api [None req-0d550cb3-9048-4897-bdcf-1cf08e41f850 c93fcff4d70a4929938a747444eb6f01 ce91839de16e4a08b543ed01ef0f49c2 - - default default] Volume info retrieved successfully.
2025-01-13 17:43:53.658 21 INFO cinder.volume.api [None req-0d550cb3-9048-4897-bdcf-1cf08e41f850 c93fcff4d70a4929938a747444eb6f01 ce91839de16e4a08b543ed01ef0f49c2 - - default default] Delete volume request issued successfully.
