2025-10-31 09:37:50.961 73 INFO cinder.api.openstack.wsgi [None req-a4e04edc-d76d-48c5-90d4-add8754a2dc8 5a67ffadf48344bbb93e91154c3aa59d 2eb6a2357aab4a15847772dd07008841 - - default default] http://[LB_IP_ADDRESS]:8776/v3/2eb6a2357aab4a15847772dd07008841/groups/90aaacb2-ad4d-4eb4-ac50-327f57b15fdb returned with HTTP 404
2025-10-31 09:37:50.969 74 INFO cinder.api.openstack.wsgi [None req-83a03329-866b-428b-af84-adf7c2d480f2 b5e546d0b48f432094f6a34fd418bb34 16091639429644e684f2b70462d983e0 - - default default] DELETE http://[LB_IP_ADDRESS]:8776/v3/16091639429644e684f2b70462d983e0/group_types/62a658c2-e82c-4bbf-a5ba-24ada656b5ab
2025-10-31 09:37:50.983 74 INFO cinder.api.openstack.wsgi [None req-83a03329-866b-428b-af84-adf7c2d480f2 b5e546d0b48f432094f6a34fd418bb34 16091639429644e684f2b70462d983e0 - - default default] http://[LB_IP_ADDRESS]:8776/v3/16091639429644e684f2b70462d983e0/group_types/62a658c2-e82c-4bbf-a5ba-24ada656b5ab returned with HTTP 202
2025-10-31 09:37:50.995 72 INFO cinder.api.openstack.wsgi [None req-6700f8bb-b9ef-4a66-8b1b-cc7d30ca7288 b5e546d0b48f432094f6a34fd418bb34 16091639429644e684f2b70462d983e0 - - default default] DELETE http://[LB_IP_ADDRESS]:8776/v3/16091639429644e684f2b70462d983e0/types/d3cd56a3-42df-49c3-9428-22eb5f976457
2025-10-31 09:37:51.041 72 INFO cinder.api.openstack.wsgi [None req-6700f8bb-b9ef-4a66-8b1b-cc7d30ca7288 b5e546d0b48f432094f6a34fd418bb34 16091639429644e684f2b70462d983e0 - - default default] http://[LB_IP_ADDRESS]:8776/v3/16091639429644e684f2b70462d983e0/types/d3cd56a3-42df-49c3-9428-22eb5f976457 returned with HTTP 202
2025-10-31 09:37:51.051 76 INFO cinder.api.openstack.wsgi [None req-70003f5a-74c8-4a1d-b59d-f03d8ebab21c b5e546d0b48f432094f6a34fd418bb34 16091639429644e684f2b70462d983e0 - - default default] GET http://[LB_IP_ADDRESS]:8776/v3/16091639429644e684f2b70462d983e0/types/d3cd56a3-42df-49c3-9428-22eb5f976457
2025-10-31 09:37:51.057 76 INFO cinder.api.openstack.wsgi [None req-70003f5a-74c8-4a1d-b59d-f03d8ebab21c b5e546d0b48f432094f6a34fd418bb34 16091639429644e684f2b70462d983e0 - - default default] http://[LB_IP_ADDRESS]:8776/v3/16091639429644e684f2b70462d983e0/types/d3cd56a3-42df-49c3-9428-22eb5f976457 returned with HTTP 404
2025-10-31 09:37:51.479 75 INFO cinder.api.openstack.wsgi [None req-358d2138-c894-4473-b7b8-4d68b0ae426d bac51259d4124f01b919b709dc0f2315 25bdf6e968e14017a9eb6aa918790227 - - default default] GET http://[LB_IP_ADDRESS]:8776/v3/25bdf6e968e14017a9eb6aa918790227/groups/c0024a23-4c51-4787-ba1b-d65003f8ad66
2025-10-31 09:37:51.484 75 INFO cinder.api.openstack.wsgi [None req-358d2138-c894-4473-b7b8-4d68b0ae426d bac51259d4124f01b919b709dc0f2315 25bdf6e968e14017a9eb6aa918790227 - - default default] http://[LB_IP_ADDRESS]:8776/v3/25bdf6e968e14017a9eb6aa918790227/groups/c0024a23-4c51-4787-ba1b-d65003f8ad66 returned with HTTP 404
2025-10-31 09:37:51.495 73 INFO cinder.api.openstack.wsgi [None req-4d9326d8-3770-47fc-86e6-f0dd53d6d05d bac51259d4124f01b919b709dc0f2315 25bdf6e968e14017a9eb6aa918790227 - - default default] DELETE http://[LB_IP_ADDRESS]:8776/v3/25bdf6e968e14017a9eb6aa918790227/group_snapshots/048f6200-679b-4489-ad19-af6cd7885cab
2025-10-31 09:37:51.496 73 INFO cinder.api.v3.group_snapshots [None req-4d9326d8-3770-47fc-86e6-f0dd53d6d05d bac51259d4124f01b919b709dc0f2315 25bdf6e968e14017a9eb6aa918790227 - - default default] Delete group_snapshot with id: 048f6200-679b-4489-ad19-af6cd7885cab
2025-10-31 09:37:51.531 73 INFO cinder.api.openstack.wsgi [None req-4d9326d8-3770-47fc-86e6-f0dd53d6d05d bac51259d4124f01b919b709dc0f2315 25bdf6e968e14017a9eb6aa918790227 - - default default] http://[LB_IP_ADDRESS]:8776/v3/25bdf6e968e14017a9eb6aa918790227/group_snapshots/048f6200-679b-4489-ad19-af6cd7885cab returned with HTTP 202
2025-10-31 09:37:51.538 74 INFO cinder.api.openstack.wsgi [None req-04a78685-490f-4836-aa05-2911d9193f62 bac51259d4124f01b919b709dc0f2315 25bdf6e968e14017a9eb6aa918790227 - - default default] GET http://[LB_IP_ADDRESS]:8776/v3/25bdf6e968e14017a9eb6aa918790227/volumes/detail
2025-10-31 09:37:51.549 74 INFO cinder.volume.api [None req-04a78685-490f-4836-aa05-2911d9193f62 bac51259d4124f01b919b709dc0f2315 25bdf6e968e14017a9eb6aa918790227 - - default default] Get all volumes completed successfully.
2025-10-31 09:37:51.577 74 INFO cinder.api.openstack.wsgi [None req-04a78685-490f-4836-aa05-2911d9193f62 bac51259d4124f01b919b709dc0f2315 25bdf6e968e14017a9eb6aa918790227 - - default default] http://[LB_IP_ADDRESS]:8776/v3/25bdf6e968e14017a9eb6aa918790227/volumes/detail returned with HTTP 200
2025-10-31 09:37:51.596 72 INFO cinder.api.openstack.wsgi [None req-ceed4261-ab8a-447d-869b-3fb3505914b5 bac51259d4124f01b919b709dc0f2315 25bdf6e968e14017a9eb6aa918790227 - - default default] GET http://[LB_IP_ADDRESS]:8776/v3/25bdf6e968e14017a9eb6aa918790227/snapshots/detail
2025-10-31 09:37:51.606 72 INFO cinder.volume.api [None req-ceed4261-ab8a-447d-869b-3fb3505914b5 bac51259d4124f01b919b709dc0f2315 25bdf6e968e14017a9eb6aa918790227 - - default default] Get all snapshots completed successfully.
2025-10-31 09:37:51.607 72 INFO cinder.api.openstack.wsgi [None req-ceed4261-ab8a-447d-869b-3fb3505914b5 bac51259d4124f01b919b709dc0f2315 25bdf6e968e14017a9eb6aa918790227 - - default default] http://[LB_IP_ADDRESS]:8776/v3/25bdf6e968e14017a9eb6aa918790227/snapshots/detail returned with HTTP 200
2025-10-31 09:37:51.607 76 INFO cinder.api.openstack.wsgi [None req-68ab504d-6be9-4742-ad9b-ef2b7bb2407b 59ea2375be4b4d14b5955e5224d58b8e 02f7dd1e627b44bb968f561a259f96be - - default default] GET http://[LB_IP_ADDRESS]:8776/v3/02f7dd1e627b44bb968f561a259f96be/snapshots/102e8ea3-00c9-47ef-8459-b849a051715b
2025-10-31 09:37:51.618 76 INFO cinder.volume.api [None req-68ab504d-6be9-4742-ad9b-ef2b7bb2407b 59ea2375be4b4d14b5955e5224d58b8e 02f7dd1e627b44bb968f561a259f96be - - default default] Snapshot retrieved successfully.
2025-10-31 09:37:51.619 76 INFO cinder.api.openstack.wsgi [None req-68ab504d-6be9-4742-ad9b-ef2b7bb2407b 59ea2375be4b4d14b5955e5224d58b8e 02f7dd1e627b44bb968f561a259f96be - - default default] http://[LB_IP_ADDRESS]:8776/v3/02f7dd1e627b44bb968f561a259f96be/snapshots/102e8ea3-00c9-47ef-8459-b849a051715b returned with HTTP 200
2025-10-31 09:37:51.620 75 INFO cinder.api.openstack.wsgi [None req-c40e5b91-5715-4cb2-a4a4-6d3930c75c71 bac51259d4124f01b919b709dc0f2315 25bdf6e968e14017a9eb6aa918790227 - - default default] GET http://[LB_IP_ADDRESS]:8776/v3/25bdf6e968e14017a9eb6aa918790227/snapshots/66a8339d-a6bc-47e4-8579-e810e76eb0fd
2025-10-31 09:37:51.631 75 INFO cinder.volume.api [None req-c40e5b91-5715-4cb2-a4a4-6d3930c75c71 bac51259d4124f01b919b709dc0f2315 25bdf6e968e14017a9eb6aa918790227 - - default default] Snapshot retrieved successfully.
2025-10-31 09:37:51.632 75 INFO cinder.api.openstack.wsgi [None req-c40e5b91-5715-4cb2-a4a4-6d3930c75c71 bac51259d4124f01b919b709dc0f2315 25bdf6e968e14017a9eb6aa918790227 - - default default] http://[LB_IP_ADDRESS]:8776/v3/25bdf6e968e14017a9eb6aa918790227/snapshots/66a8339d-a6bc-47e4-8579-e810e76eb0fd returned with HTTP 200
2025-10-31 09:37:52.635 73 INFO cinder.api.openstack.wsgi [None req-38dda4fa-03dc-4c0a-aa38-ae4979c4d52b 59ea2375be4b4d14b5955e5224d58b8e 02f7dd1e627b44bb968f561a259f96be - - default default] GET http://[LB_IP_ADDRESS]:8776/v3/02f7dd1e627b44bb968f561a259f96be/snapshots/102e8ea3-00c9-47ef-8459-b849a051715b
2025-10-31 09:37:52.645 73 INFO cinder.volume.api [None req-38dda4fa-03dc-4c0a-aa38-ae4979c4d52b 59ea2375be4b4d14b5955e5224d58b8e 02f7dd1e627b44bb968f561a259f96be - - default default] Snapshot retrieved successfully.
2025-10-31 09:37:52.646 73 INFO cinder.api.openstack.wsgi [None req-38dda4fa-03dc-4c0a-aa38-ae4979c4d52b 59ea2375be4b4d14b5955e5224d58b8e 02f7dd1e627b44bb968f561a259f96be - - default default] http://[LB_IP_ADDRESS]:8776/v3/02f7dd1e627b44bb968f561a259f96be/snapshots/102e8ea3-00c9-47ef-8459-b849a051715b returned with HTTP 200
2025-10-31 09:37:52.648 74 INFO cinder.api.openstack.wsgi [None req-f63c3303-c23c-49ee-ae61-22c67263a4be bac51259d4124f01b919b709dc0f2315 25bdf6e968e14017a9eb6aa918790227 - - default default] GET http://[LB_IP_ADDRESS]:8776/v3/25bdf6e968e14017a9eb6aa918790227/snapshots/66a8339d-a6bc-47e4-8579-e810e76eb0fd
2025-10-31 09:37:52.655 74 INFO cinder.api.openstack.wsgi [None req-f63c3303-c23c-49ee-ae61-22c67263a4be bac51259d4124f01b919b709dc0f2315 25bdf6e968e14017a9eb6aa918790227 - - default default] http://[LB_IP_ADDRESS]:8776/v3/25bdf6e968e14017a9eb6aa918790227/snapshots/66a8339d-a6bc-47e4-8579-e810e76eb0fd returned with HTTP 404
2025-10-31 09:37:52.660 72 INFO cinder.api.openstack.wsgi [None req-8978712b-7dcd-43e6-bdcf-778df9cb457a 171fd3928e98491ea7c0c21b9eadf77e d74f507916fc44f6a6cf25e04da848d5 - - default default] POST http://[LB_IP_ADDRESS]:8776/v3/d74f507916fc44f6a6cf25e04da848d5/snapshots/102e8ea3-00c9-47ef-8459-b849a051715b/action
2025-10-31 09:37:52.663 76 INFO cinder.api.openstack.wsgi [None req-de17f1f9-b087-4c66-aef5-002ac141bf82 bac51259d4124f01b919b709dc0f2315 25bdf6e968e14017a9eb6aa918790227 - - default default] GET http://[LB_IP_ADDRESS]:8776/v3/25bdf6e968e14017a9eb6aa918790227/group_snapshots/048f6200-679b-4489-ad19-af6cd7885cab
2025-10-31 09:37:52.666 76 INFO cinder.api.openstack.wsgi [None req-de17f1f9-b087-4c66-aef5-002ac141bf82 bac51259d4124f01b919b709dc0f2315 25bdf6e968e14017a9eb6aa918790227 - - default default] http://[LB_IP_ADDRESS]:8776/v3/25bdf6e968e14017a9eb6aa918790227/group_snapshots/048f6200-679b-4489-ad19-af6cd7885cab returned with HTTP 404
2025-10-31 09:37:52.676 75 INFO cinder.api.openstack.wsgi [None req-3d7e0602-a999-46d8-a995-48269989c6d0 bac51259d4124f01b919b709dc0f2315 25bdf6e968e14017a9eb6aa918790227 - - default default] GET http://[LB_IP_ADDRESS]:8776/v3/25bdf6e968e14017a9eb6aa918790227/volumes/detail
2025-10-31 09:37:52.691 72 INFO cinder.api.openstack.wsgi [None req-8978712b-7dcd-43e6-bdcf-778df9cb457a 171fd3928e98491ea7c0c21b9eadf77e d74f507916fc44f6a6cf25e04da848d5 - - default default] http://[LB_IP_ADDRESS]:8776/v3/d74f507916fc44f6a6cf25e04da848d5/snapshots/102e8ea3-00c9-47ef-8459-b849a051715b/action returned with HTTP 202
2025-10-31 09:37:52.691 75 INFO cinder.volume.api [None req-3d7e0602-a999-46d8-a995-48269989c6d0 bac51259d4124f01b919b709dc0f2315 25bdf6e968e14017a9eb6aa918790227 - - default default] Get all volumes completed successfully.
2025-10-31 09:37:52.699 73 INFO cinder.api.openstack.wsgi [None req-91463a5a-f1a4-4745-86b8-2c609efb4c67 59ea2375be4b4d14b5955e5224d58b8e 02f7dd1e627b44bb968f561a259f96be - - default default] GET http://[LB_IP_ADDRESS]:8776/v3/02f7dd1e627b44bb968f561a259f96be/snapshots/102e8ea3-00c9-47ef-8459-b849a051715b
2025-10-31 09:37:52.706 73 INFO cinder.volume.api [None req-91463a5a-f1a4-4745-86b8-2c609efb4c67 59ea2375be4b4d14b5955e5224d58b8e 02f7dd1e627b44bb968f561a259f96be - - default default] Snapshot retrieved successfully.
2025-10-31 09:37:52.707 73 INFO cinder.api.openstack.wsgi [None req-91463a5a-f1a4-4745-86b8-2c609efb4c67 59ea2375be4b4d14b5955e5224d58b8e 02f7dd1e627b44bb968f561a259f96be - - default default] http://[LB_IP_ADDRESS]:8776/v3/02f7dd1e627b44bb968f561a259f96be/snapshots/102e8ea3-00c9-47ef-8459-b849a051715b returned with HTTP 200
2025-10-31 09:37:52.715 75 INFO cinder.api.openstack.wsgi [None req-3d7e0602-a999-46d8-a995-48269989c6d0 bac51259d4124f01b919b709dc0f2315 25bdf6e968e14017a9eb6aa918790227 - - default default] http://[LB_IP_ADDRESS]:8776/v3/25bdf6e968e14017a9eb6aa918790227/volumes/detail returned with HTTP 200
2025-10-31 09:37:52.723 74 INFO cinder.api.openstack.wsgi [None req-1d9a8d8c-1f0b-4f63-a210-7f05e867bc9a 171fd3928e98491ea7c0c21b9eadf77e d74f507916fc44f6a6cf25e04da848d5 - - default default] POST http://[LB_IP_ADDRESS]:8776/v3/d74f507916fc44f6a6cf25e04da848d5/snapshots/102e8ea3-00c9-47ef-8459-b849a051715b/action
2025-10-31 09:37:52.733 76 INFO cinder.api.openstack.wsgi [None req-90fa7a00-7340-497e-a66c-d62f3e1fc39d bac51259d4124f01b919b709dc0f2315 25bdf6e968e14017a9eb6aa918790227 - - default default] POST http://[LB_IP_ADDRESS]:8776/v3/25bdf6e968e14017a9eb6aa918790227/groups/98103747-8c35-4304-94d3-1f65c9fa54cb/action
2025-10-31 09:37:52.733 74 INFO cinder.volume.api [None req-1d9a8d8c-1f0b-4f63-a210-7f05e867bc9a 171fd3928e98491ea7c0c21b9eadf77e d74f507916fc44f6a6cf25e04da848d5 - - default default] Snapshot retrieved successfully.
2025-10-31 09:37:52.737 76 INFO cinder.api.v3.groups [None req-90fa7a00-7340-497e-a66c-d62f3e1fc39d bac51259d4124f01b919b709dc0f2315 25bdf6e968e14017a9eb6aa918790227 - - default default] Delete group with id: 98103747-8c35-4304-94d3-1f65c9fa54cb
2025-10-31 09:37:52.753 74 INFO cinder.volume.api [None req-1d9a8d8c-1f0b-4f63-a210-7f05e867bc9a 171fd3928e98491ea7c0c21b9eadf77e d74f507916fc44f6a6cf25e04da848d5 - - default default] Snapshot delete request issued successfully.
2025-10-31 09:37:52.753 74 INFO cinder.api.openstack.wsgi [None req-1d9a8d8c-1f0b-4f63-a210-7f05e867bc9a 171fd3928e98491ea7c0c21b9eadf77e d74f507916fc44f6a6cf25e04da848d5 - - default default] http://[LB_IP_ADDRESS]:8776/v3/d74f507916fc44f6a6cf25e04da848d5/snapshots/102e8ea3-00c9-47ef-8459-b849a051715b/action returned with HTTP 202
2025-10-31 09:37:52.764 72 INFO cinder.api.openstack.wsgi [None req-914ede9e-e3fc-489e-abd6-0c39e2e284cc 59ea2375be4b4d14b5955e5224d58b8e 02f7dd1e627b44bb968f561a259f96be - - default default] GET http://[LB_IP_ADDRESS]:8776/v3/02f7dd1e627b44bb968f561a259f96be/snapshots/102e8ea3-00c9-47ef-8459-b849a051715b
2025-10-31 09:37:52.772 72 INFO cinder.volume.api [None req-914ede9e-e3fc-489e-abd6-0c39e2e284cc 59ea2375be4b4d14b5955e5224d58b8e 02f7dd1e627b44bb968f561a259f96be - - default default] Snapshot retrieved successfully.
2025-10-31 09:37:52.774 72 INFO cinder.api.openstack.wsgi [None req-914ede9e-e3fc-489e-abd6-0c39e2e284cc 59ea2375be4b4d14b5955e5224d58b8e 02f7dd1e627b44bb968f561a259f96be - - default default] http://[LB_IP_ADDRESS]:8776/v3/02f7dd1e627b44bb968f561a259f96be/snapshots/102e8ea3-00c9-47ef-8459-b849a051715b returned with HTTP 200
2025-10-31 09:37:52.780 76 INFO cinder.api.openstack.wsgi [None req-90fa7a00-7340-497e-a66c-d62f3e1fc39d bac51259d4124f01b919b709dc0f2315 25bdf6e968e14017a9eb6aa918790227 - - default default] http://[LB_IP_ADDRESS]:8776/v3/25bdf6e968e14017a9eb6aa918790227/groups/98103747-8c35-4304-94d3-1f65c9fa54cb/action returned with HTTP 202
2025-10-31 09:37:52.791 73 INFO cinder.api.openstack.wsgi [None req-2079cca1-cf00-44e3-9027-46d38c17bc31 bac51259d4124f01b919b709dc0f2315 25bdf6e968e14017a9eb6aa918790227 - - default default] GET http://[LB_IP_ADDRESS]:8776/v3/25bdf6e968e14017a9eb6aa918790227/volumes/6ed62248-1db7-473c-9346-d7378acfae13
2025-10-31 09:37:52.807 73 INFO cinder.volume.api [None req-2079cca1-cf00-44e3-9027-46d38c17bc31 bac51259d4124f01b919b709dc0f2315 25bdf6e968e14017a9eb6aa918790227 - - default default] Volume info retrieved successfully.
2025-10-31 09:37:52.824 73 INFO cinder.api.openstack.wsgi [None req-2079cca1-cf00-44e3-9027-46d38c17bc31 bac51259d4124f01b919b709dc0f2315 25bdf6e968e14017a9eb6aa918790227 - - default default] http://[LB_IP_ADDRESS]:8776/v3/25bdf6e968e14017a9eb6aa918790227/volumes/6ed62248-1db7-473c-9346-d7378acfae13 returned with HTTP 200
2025-10-31 09:37:53.298 75 INFO cinder.api.openstack.wsgi [None req-5851634f-ae8d-49ce-97c2-4045d4501cfe - - - - - -] GET http://[LB_IP_ADDRESS]:8776/
2025-10-31 09:37:53.300 75 INFO cinder.api.openstack.wsgi [None req-5851634f-ae8d-49ce-97c2-4045d4501cfe - - - - - -] http://[LB_IP_ADDRESS]:8776/ returned with HTTP 300
2025-10-31 09:37:53.789 74 INFO cinder.api.openstack.wsgi [None req-c8b1255b-5205-4740-b77d-0ef8a6eb978e 59ea2375be4b4d14b5955e5224d58b8e 02f7dd1e627b44bb968f561a259f96be - - default default] GET http://[LB_IP_ADDRESS]:8776/v3/02f7dd1e627b44bb968f561a259f96be/snapshots/102e8ea3-00c9-47ef-8459-b849a051715b
2025-10-31 09:37:53.798 74 INFO cinder.api.openstack.wsgi [None req-c8b1255b-5205-4740-b77d-0ef8a6eb978e 59ea2375be4b4d14b5955e5224d58b8e 02f7dd1e627b44bb968f561a259f96be - - default default] http://[LB_IP_ADDRESS]:8776/v3/02f7dd1e627b44bb968f561a259f96be/snapshots/102e8ea3-00c9-47ef-8459-b849a051715b returned with HTTP 404
2025-10-31 09:37:53.811 72 INFO cinder.api.openstack.wsgi [None req-535f15df-df66-4c8e-aff7-d466ed0e3ae6 171fd3928e98491ea7c0c21b9eadf77e d74f507916fc44f6a6cf25e04da848d5 - - default default] POST http://[LB_IP_ADDRESS]:8776/v3/d74f507916fc44f6a6cf25e04da848d5/snapshots/3737704c-2899-404b-957d-5b841738d53e/action
2025-10-31 09:37:53.838 72 INFO cinder.api.openstack.wsgi [None req-535f15df-df66-4c8e-aff7-d466ed0e3ae6 171fd3928e98491ea7c0c21b9eadf77e d74f507916fc44f6a6cf25e04da848d5 - - default default] http://[LB_IP_ADDRESS]:8776/v3/d74f507916fc44f6a6cf25e04da848d5/snapshots/3737704c-2899-404b-957d-5b841738d53e/action returned with HTTP 202
2025-10-31 09:37:53.842 76 INFO cinder.api.openstack.wsgi [None req-04522fe6-d381-4e48-a89d-78b50bfcc877 bac51259d4124f01b919b709dc0f2315 25bdf6e968e14017a9eb6aa918790227 - - default default] GET http://[LB_IP_ADDRESS]:8776/v3/25bdf6e968e14017a9eb6aa918790227/volumes/6ed62248-1db7-473c-9346-d7378acfae13
2025-10-31 09:37:53.852 73 INFO cinder.api.openstack.wsgi [None req-71df07b8-f37b-4462-a803-ede38ed57e85 59ea2375be4b4d14b5955e5224d58b8e 02f7dd1e627b44bb968f561a259f96be - - default default] GET http://[LB_IP_ADDRESS]:8776/v3/02f7dd1e627b44bb968f561a259f96be/snapshots/3737704c-2899-404b-957d-5b841738d53e
2025-10-31 09:37:53.853 76 INFO cinder.api.openstack.wsgi [None req-04522fe6-d381-4e48-a89d-78b50bfcc877 bac51259d4124f01b919b709dc0f2315 25bdf6e968e14017a9eb6aa918790227 - - default default] http://[LB_IP_ADDRESS]:8776/v3/25bdf6e968e14017a9eb6aa918790227/volumes/6ed62248-1db7-473c-9346-d7378acfae13 returned with HTTP 404
2025-10-31 09:37:53.863 73 INFO cinder.volume.api [None req-71df07b8-f37b-4462-a803-ede38ed57e85 59ea2375be4b4d14b5955e5224d58b8e 02f7dd1e627b44bb968f561a259f96be - - default default] Snapshot retrieved successfully.
2025-10-31 09:37:53.865 73 INFO cinder.api.openstack.wsgi [None req-71df07b8-f37b-4462-a803-ede38ed57e85 59ea2375be4b4d14b5955e5224d58b8e 02f7dd1e627b44bb968f561a259f96be - - default default] http://[LB_IP_ADDRESS]:8776/v3/02f7dd1e627b44bb968f561a259f96be/snapshots/3737704c-2899-404b-957d-5b841738d53e returned with HTTP 200
2025-10-31 09:37:53.865 75 INFO cinder.api.openstack.wsgi [None req-9e5de0fa-1c64-4dc2-8bb5-643b397b0ed5 bac51259d4124f01b919b709dc0f2315 25bdf6e968e14017a9eb6aa918790227 - - default default] GET http://[LB_IP_ADDRESS]:8776/v3/25bdf6e968e14017a9eb6aa918790227/groups/98103747-8c35-4304-94d3-1f65c9fa54cb
2025-10-31 09:37:53.870 75 INFO cinder.api.openstack.wsgi [None req-9e5de0fa-1c64-4dc2-8bb5-643b397b0ed5 bac51259d4124f01b919b709dc0f2315 25bdf6e968e14017a9eb6aa918790227 - - default default] http://[LB_IP_ADDRESS]:8776/v3/25bdf6e968e14017a9eb6aa918790227/groups/98103747-8c35-4304-94d3-1f65c9fa54cb returned with HTTP 404
2025-10-31 09:37:53.877 74 INFO cinder.api.openstack.wsgi [None req-0ea44c7c-e224-43c6-b420-a30d80a9dd4f 59ea2375be4b4d14b5955e5224d58b8e 02f7dd1e627b44bb968f561a259f96be - - default default] DELETE http://[LB_IP_ADDRESS]:8776/v3/02f7dd1e627b44bb968f561a259f96be/snapshots/102e8ea3-00c9-47ef-8459-b849a051715b
2025-10-31 09:37:53.877 74 INFO cinder.api.v2.snapshots [None req-0ea44c7c-e224-43c6-b420-a30d80a9dd4f 59ea2375be4b4d14b5955e5224d58b8e 02f7dd1e627b44bb968f561a259f96be - - default default] Delete snapshot with id: 102e8ea3-00c9-47ef-8459-b849a051715b
2025-10-31 09:37:53.881 72 INFO cinder.api.openstack.wsgi [None req-5125fc82-8cfd-41c9-95ca-28809ca4a9b3 fca4919bce8e488792f77e7198073c49 9326f7b67bca40fe8fd34ba018a73e40 - - default default] DELETE http://[LB_IP_ADDRESS]:8776/v3/9326f7b67bca40fe8fd34ba018a73e40/group_types/84559db2-7004-4d97-9be7-cea928faae08
2025-10-31 09:37:53.882 74 INFO cinder.api.openstack.wsgi [None req-0ea44c7c-e224-43c6-b420-a30d80a9dd4f 59ea2375be4b4d14b5955e5224d58b8e 02f7dd1e627b44bb968f561a259f96be - - default default] http://[LB_IP_ADDRESS]:8776/v3/02f7dd1e627b44bb968f561a259f96be/snapshots/102e8ea3-00c9-47ef-8459-b849a051715b returned with HTTP 404
2025-10-31 09:37:53.897 76 INFO cinder.api.openstack.wsgi [None req-103a7cb2-b66b-4253-bae8-a262ccf6f2ff 59ea2375be4b4d14b5955e5224d58b8e 02f7dd1e627b44bb968f561a259f96be - - default default] POST http://[LB_IP_ADDRESS]:8776/v3/02f7dd1e627b44bb968f561a259f96be/snapshots
2025-10-31 09:37:53.898 72 INFO cinder.api.openstack.wsgi [None req-5125fc82-8cfd-41c9-95ca-28809ca4a9b3 fca4919bce8e488792f77e7198073c49 9326f7b67bca40fe8fd34ba018a73e40 - - default default] http://[LB_IP_ADDRESS]:8776/v3/9326f7b67bca40fe8fd34ba018a73e40/group_types/84559db2-7004-4d97-9be7-cea928faae08 returned with HTTP 202
2025-10-31 09:37:53.909 73 INFO cinder.api.openstack.wsgi [None req-cbbda7ed-ee71-4c09-b946-f20b36390934 fca4919bce8e488792f77e7198073c49 9326f7b67bca40fe8fd34ba018a73e40 - - default default] DELETE http://[LB_IP_ADDRESS]:8776/v3/9326f7b67bca40fe8fd34ba018a73e40/types/b9fce40e-969a-41ea-9be2-71c9cb325d08
2025-10-31 09:37:53.911 76 INFO cinder.volume.api [None req-103a7cb2-b66b-4253-bae8-a262ccf6f2ff 59ea2375be4b4d14b5955e5224d58b8e 02f7dd1e627b44bb968f561a259f96be - - default default] Volume info retrieved successfully.
2025-10-31 09:37:53.911 76 INFO cinder.api.v3.snapshots [None req-103a7cb2-b66b-4253-bae8-a262ccf6f2ff 59ea2375be4b4d14b5955e5224d58b8e 02f7dd1e627b44bb968f561a259f96be - - default default] Create snapshot from volume 091b6e23-86da-4bfa-89f0-f180d4555308
2025-10-31 09:37:53.945 73 INFO cinder.api.openstack.wsgi [None req-cbbda7ed-ee71-4c09-b946-f20b36390934 fca4919bce8e488792f77e7198073c49 9326f7b67bca40fe8fd34ba018a73e40 - - default default] http://[LB_IP_ADDRESS]:8776/v3/9326f7b67bca40fe8fd34ba018a73e40/types/b9fce40e-969a-41ea-9be2-71c9cb325d08 returned with HTTP 202
2025-10-31 09:37:53.958 75 INFO cinder.api.openstack.wsgi [None req-8fe36140-9042-40e6-adfe-c9393b0419c9 fca4919bce8e488792f77e7198073c49 9326f7b67bca40fe8fd34ba018a73e40 - - default default] GET http://[LB_IP_ADDRESS]:8776/v3/9326f7b67bca40fe8fd34ba018a73e40/types/b9fce40e-969a-41ea-9be2-71c9cb325d08
2025-10-31 09:37:53.963 75 INFO cinder.api.openstack.wsgi [None req-8fe36140-9042-40e6-adfe-c9393b0419c9 fca4919bce8e488792f77e7198073c49 9326f7b67bca40fe8fd34ba018a73e40 - - default default] http://[LB_IP_ADDRESS]:8776/v3/9326f7b67bca40fe8fd34ba018a73e40/types/b9fce40e-969a-41ea-9be2-71c9cb325d08 returned with HTTP 404
2025-10-31 09:37:53.979 74 INFO cinder.api.openstack.wsgi [None req-885317e0-7280-43bc-9ad9-7078a80fbd90 fca4919bce8e488792f77e7198073c49 9326f7b67bca40fe8fd34ba018a73e40 - - default default] POST http://[LB_IP_ADDRESS]:8776/v3/9326f7b67bca40fe8fd34ba018a73e40/types
2025-10-31 09:37:53.987 76 INFO cinder.volume.api [None req-103a7cb2-b66b-4253-bae8-a262ccf6f2ff 59ea2375be4b4d14b5955e5224d58b8e 02f7dd1e627b44bb968f561a259f96be - - default default] Snapshot create request issued successfully.
2025-10-31 09:37:53.988 76 INFO cinder.api.openstack.wsgi [None req-103a7cb2-b66b-4253-bae8-a262ccf6f2ff 59ea2375be4b4d14b5955e5224d58b8e 02f7dd1e627b44bb968f561a259f96be - - default default] http://[LB_IP_ADDRESS]:8776/v3/02f7dd1e627b44bb968f561a259f96be/snapshots returned with HTTP 202
2025-10-31 09:37:53.999 72 INFO cinder.api.openstack.wsgi [None req-938bce36-feb0-4d54-8e26-29c56918f882 59ea2375be4b4d14b5955e5224d58b8e 02f7dd1e627b44bb968f561a259f96be - - default default] GET http://[LB_IP_ADDRESS]:8776/v3/02f7dd1e627b44bb968f561a259f96be/snapshots/e86a55ff-10be-4706-8ebd-2b84bfb57f82
2025-10-31 09:37:54.005 72 INFO cinder.volume.api [None req-938bce36-feb0-4d54-8e26-29c56918f882 59ea2375be4b4d14b5955e5224d58b8e 02f7dd1e627b44bb968f561a259f96be - - default default] Snapshot retrieved successfully.
2025-10-31 09:37:54.006 72 INFO cinder.api.openstack.wsgi [None req-938bce36-feb0-4d54-8e26-29c56918f882 59ea2375be4b4d14b5955e5224d58b8e 02f7dd1e627b44bb968f561a259f96be - - default default] http://[LB_IP_ADDRESS]:8776/v3/02f7dd1e627b44bb968f561a259f96be/snapshots/e86a55ff-10be-4706-8ebd-2b84bfb57f82 returned with HTTP 200
2025-10-31 09:37:54.007 74 INFO cinder.api.openstack.wsgi [None req-885317e0-7280-43bc-9ad9-7078a80fbd90 fca4919bce8e488792f77e7198073c49 9326f7b67bca40fe8fd34ba018a73e40 - - default default] http://[LB_IP_ADDRESS]:8776/v3/9326f7b67bca40fe8fd34ba018a73e40/types returned with HTTP 200
2025-10-31 09:37:54.020 73 INFO cinder.api.openstack.wsgi [None req-74534d7f-0e54-45bf-a489-cd24df49adee fca4919bce8e488792f77e7198073c49 9326f7b67bca40fe8fd34ba018a73e40 - - default default] POST http://[LB_IP_ADDRESS]:8776/v3/9326f7b67bca40fe8fd34ba018a73e40/group_types
2025-10-31 09:37:54.042 73 INFO cinder.api.openstack.wsgi [None req-74534d7f-0e54-45bf-a489-cd24df49adee fca4919bce8e488792f77e7198073c49 9326f7b67bca40fe8fd34ba018a73e40 - - default default] http://[LB_IP_ADDRESS]:8776/v3/9326f7b67bca40fe8fd34ba018a73e40/group_types returned with HTTP 202
2025-10-31 09:37:54.054 75 INFO cinder.api.openstack.wsgi [None req-0b58a230-1b58-4f26-b524-8ac2f9cd7212 bac51259d4124f01b919b709dc0f2315 25bdf6e968e14017a9eb6aa918790227 - - default default] POST http://[LB_IP_ADDRESS]:8776/v3/25bdf6e968e14017a9eb6aa918790227/groups
2025-10-31 09:37:54.066 75 INFO cinder.api.v3.groups [None req-0b58a230-1b58-4f26-b524-8ac2f9cd7212 bac51259d4124f01b919b709dc0f2315 25bdf6e968e14017a9eb6aa918790227 - - default default] Creating group tempest-GroupSnapshotsTest-Group-1709737003.
2025-10-31 09:37:54.073 75 INFO cinder.volume.api [None req-0b58a230-1b58-4f26-b524-8ac2f9cd7212 bac51259d4124f01b919b709dc0f2315 25bdf6e968e14017a9eb6aa918790227 - - default default] Availability Zones retrieved successfully.
2025-10-31 09:37:54.130 75 INFO cinder.api.openstack.wsgi [None req-0b58a230-1b58-4f26-b524-8ac2f9cd7212 bac51259d4124f01b919b709dc0f2315 25bdf6e968e14017a9eb6aa918790227 - - default default] http://[LB_IP_ADDRESS]:8776/v3/25bdf6e968e14017a9eb6aa918790227/groups returned with HTTP 202
2025-10-31 09:37:54.143 76 INFO cinder.api.openstack.wsgi [None req-95229187-cce6-48ef-8c3b-da95decba6ba bac51259d4124f01b919b709dc0f2315 25bdf6e968e14017a9eb6aa918790227 - - default default] GET http://[LB_IP_ADDRESS]:8776/v3/25bdf6e968e14017a9eb6aa918790227/groups/c0486240-3114-4e3f-90de-086bd194eee6
2025-10-31 09:37:54.162 76 INFO cinder.api.openstack.wsgi [None req-95229187-cce6-48ef-8c3b-da95decba6ba bac51259d4124f01b919b709dc0f2315 25bdf6e968e14017a9eb6aa918790227 - - default default] http://[LB_IP_ADDRESS]:8776/v3/25bdf6e968e14017a9eb6aa918790227/groups/c0486240-3114-4e3f-90de-086bd194eee6 returned with HTTP 200
2025-10-31 09:37:54.401 72 INFO cinder.api.openstack.wsgi [None req-4e8eeeed-3e80-4a83-b4c1-327514f246dc 52af293b544343bf9888627dc7bc7d96 3f9ca8d9207642ed8d37792e05db7b6e - - default default] POST http://[LB_IP_ADDRESS]:8776/v3/3f9ca8d9207642ed8d37792e05db7b6e/types
2025-10-31 09:37:54.422 72 INFO cinder.api.openstack.wsgi [None req-4e8eeeed-3e80-4a83-b4c1-327514f246dc 52af293b544343bf9888627dc7bc7d96 3f9ca8d9207642ed8d37792e05db7b6e - - default default] http://[LB_IP_ADDRESS]:8776/v3/3f9ca8d9207642ed8d37792e05db7b6e/types returned with HTTP 200
2025-10-31 09:37:54.437 74 INFO cinder.api.openstack.wsgi [None req-82abc992-3f8d-4ed7-aaa9-3b73e4898f01 52af293b544343bf9888627dc7bc7d96 3f9ca8d9207642ed8d37792e05db7b6e - - default default] POST http://[LB_IP_ADDRESS]:8776/v3/3f9ca8d9207642ed8d37792e05db7b6e/group_types
2025-10-31 09:37:54.458 74 INFO cinder.api.openstack.wsgi [None req-82abc992-3f8d-4ed7-aaa9-3b73e4898f01 52af293b544343bf9888627dc7bc7d96 3f9ca8d9207642ed8d37792e05db7b6e - - default default] http://[LB_IP_ADDRESS]:8776/v3/3f9ca8d9207642ed8d37792e05db7b6e/group_types returned with HTTP 202
2025-10-31 09:37:54.590 73 INFO cinder.api.openstack.wsgi [None req-be68c187-0d88-4829-a888-d81808b4e434 35c14a1a9ebd4cada5fb6778f86b73dd 681329fbdb6e405da06285fc31bebf01 - - default default] POST http://[LB_IP_ADDRESS]:8776/v3/681329fbdb6e405da06285fc31bebf01/groups
2025-10-31 09:37:54.603 73 INFO cinder.api.v3.groups [None req-be68c187-0d88-4829-a888-d81808b4e434 35c14a1a9ebd4cada5fb6778f86b73dd 681329fbdb6e405da06285fc31bebf01 - - default default] Creating group tempest-GroupsV314Test-Group-262291519.
2025-10-31 09:37:54.611 73 INFO cinder.volume.api [None req-be68c187-0d88-4829-a888-d81808b4e434 35c14a1a9ebd4cada5fb6778f86b73dd 681329fbdb6e405da06285fc31bebf01 - - default default] Availability Zones retrieved successfully.
2025-10-31 09:37:54.703 73 INFO cinder.api.openstack.wsgi [None req-be68c187-0d88-4829-a888-d81808b4e434 35c14a1a9ebd4cada5fb6778f86b73dd 681329fbdb6e405da06285fc31bebf01 - - default default] http://[LB_IP_ADDRESS]:8776/v3/681329fbdb6e405da06285fc31bebf01/groups returned with HTTP 202
2025-10-31 09:37:54.718 75 INFO cinder.api.openstack.wsgi [None req-84c55068-4f9f-43fe-a7b6-b8ad4e518896 35c14a1a9ebd4cada5fb6778f86b73dd 681329fbdb6e405da06285fc31bebf01 - - default default] GET http://[LB_IP_ADDRESS]:8776/v3/681329fbdb6e405da06285fc31bebf01/groups/25df47f8-2453-4db4-a9aa-bddf4f5cfc89
2025-10-31 09:37:54.735 75 INFO cinder.api.openstack.wsgi [None req-84c55068-4f9f-43fe-a7b6-b8ad4e518896 35c14a1a9ebd4cada5fb6778f86b73dd 681329fbdb6e405da06285fc31bebf01 - - default default] http://[LB_IP_ADDRESS]:8776/v3/681329fbdb6e405da06285fc31bebf01/groups/25df47f8-2453-4db4-a9aa-bddf4f5cfc89 returned with HTTP 200
2025-10-31 09:37:55.022 76 INFO cinder.api.openstack.wsgi [None req-0b1aeafa-b974-492e-99b1-0fe0869eac0c 59ea2375be4b4d14b5955e5224d58b8e 02f7dd1e627b44bb968f561a259f96be - - default default] GET http://[LB_IP_ADDRESS]:8776/v3/02f7dd1e627b44bb968f561a259f96be/snapshots/e86a55ff-10be-4706-8ebd-2b84bfb57f82
2025-10-31 09:37:55.032 76 INFO cinder.volume.api [None req-0b1aeafa-b974-492e-99b1-0fe0869eac0c 59ea2375be4b4d14b5955e5224d58b8e 02f7dd1e627b44bb968f561a259f96be - - default default] Snapshot retrieved successfully.
2025-10-31 09:37:55.033 76 INFO cinder.api.openstack.wsgi [None req-0b1aeafa-b974-492e-99b1-0fe0869eac0c 59ea2375be4b4d14b5955e5224d58b8e 02f7dd1e627b44bb968f561a259f96be - - default default] http://[LB_IP_ADDRESS]:8776/v3/02f7dd1e627b44bb968f561a259f96be/snapshots/e86a55ff-10be-4706-8ebd-2b84bfb57f82 returned with HTTP 200
2025-10-31 09:37:55.176 72 INFO cinder.api.openstack.wsgi [None req-3f7a245b-decf-462c-bdda-e9419c2e5639 bac51259d4124f01b919b709dc0f2315 25bdf6e968e14017a9eb6aa918790227 - - default default] GET http://[LB_IP_ADDRESS]:8776/v3/25bdf6e968e14017a9eb6aa918790227/groups/c0486240-3114-4e3f-90de-086bd194eee6
2025-10-31 09:37:55.196 72 INFO cinder.api.openstack.wsgi [None req-3f7a245b-decf-462c-bdda-e9419c2e5639 bac51259d4124f01b919b709dc0f2315 25bdf6e968e14017a9eb6aa918790227 - - default default] http://[LB_IP_ADDRESS]:8776/v3/25bdf6e968e14017a9eb6aa918790227/groups/c0486240-3114-4e3f-90de-086bd194eee6 returned with HTTP 200
2025-10-31 09:37:55.210 74 INFO cinder.api.openstack.wsgi [None req-7d53272b-a605-4ec1-829a-90d1ec1e5d02 bac51259d4124f01b919b709dc0f2315 25bdf6e968e14017a9eb6aa918790227 - - default default] POST http://[LB_IP_ADDRESS]:8776/v3/25bdf6e968e14017a9eb6aa918790227/volumes
2025-10-31 09:37:55.224 74 INFO cinder.api.v3.volumes [None req-7d53272b-a605-4ec1-829a-90d1ec1e5d02 bac51259d4124f01b919b709dc0f2315 25bdf6e968e14017a9eb6aa918790227 - - default default] Create volume of 1 GB
2025-10-31 09:37:55.229 74 INFO cinder.volume.api [None req-7d53272b-a605-4ec1-829a-90d1ec1e5d02 bac51259d4124f01b919b709dc0f2315 25bdf6e968e14017a9eb6aa918790227 - - default default] Availability Zones retrieved successfully.
2025-10-31 09:37:55.424 74 WARNING cinder.quota [None req-7d53272b-a605-4ec1-829a-90d1ec1e5d02 bac51259d4124f01b919b709dc0f2315 25bdf6e968e14017a9eb6aa918790227 - - default default] Deprecated: Default quota for resource: volumes_tempest-GroupSnapshotsTest-volume-type-593225219 is set by the default quota flag: quota_volumes_tempest-GroupSnapshotsTest-volume-type-593225219, it is now deprecated. Please use the default quota class for default quota.
2025-10-31 09:37:55.425 74 WARNING cinder.quota [None req-7d53272b-a605-4ec1-829a-90d1ec1e5d02 bac51259d4124f01b919b709dc0f2315 25bdf6e968e14017a9eb6aa918790227 - - default default] Deprecated: Default quota for resource: gigabytes_tempest-GroupSnapshotsTest-volume-type-593225219 is set by the default quota flag: quota_gigabytes_tempest-GroupSnapshotsTest-volume-type-593225219, it is now deprecated. Please use the default quota class for default quota.
2025-10-31 09:37:55.514 74 INFO cinder.volume.api [None req-7d53272b-a605-4ec1-829a-90d1ec1e5d02 bac51259d4124f01b919b709dc0f2315 25bdf6e968e14017a9eb6aa918790227 - - default default] Create volume request issued successfully.
2025-10-31 09:37:55.531 74 INFO cinder.api.openstack.wsgi [None req-7d53272b-a605-4ec1-829a-90d1ec1e5d02 bac51259d4124f01b919b709dc0f2315 25bdf6e968e14017a9eb6aa918790227 - - default default] http://[LB_IP_ADDRESS]:8776/v3/25bdf6e968e14017a9eb6aa918790227/volumes returned with HTTP 202
2025-10-31 09:37:55.550 73 INFO cinder.api.openstack.wsgi [None req-ab0e454a-0432-4ff7-9b6e-e95f9f3ee5b6 bac51259d4124f01b919b709dc0f2315 25bdf6e968e14017a9eb6aa918790227 - - default default] GET http://[LB_IP_ADDRESS]:8776/v3/25bdf6e968e14017a9eb6aa918790227/volumes/67b3adee-675a-498e-8ecf-7282a285aea9
2025-10-31 09:37:55.566 73 INFO cinder.volume.api [None req-ab0e454a-0432-4ff7-9b6e-e95f9f3ee5b6 bac51259d4124f01b919b709dc0f2315 25bdf6e968e14017a9eb6aa918790227 - - default default] Volume info retrieved successfully.
2025-10-31 09:37:55.584 73 INFO cinder.api.openstack.wsgi [None req-ab0e454a-0432-4ff7-9b6e-e95f9f3ee5b6 bac51259d4124f01b919b709dc0f2315 25bdf6e968e14017a9eb6aa918790227 - - default default] http://[LB_IP_ADDRESS]:8776/v3/25bdf6e968e14017a9eb6aa918790227/volumes/67b3adee-675a-498e-8ecf-7282a285aea9 returned with HTTP 200
2025-10-31 09:37:55.750 75 INFO cinder.api.openstack.wsgi [None req-0d266aa5-5530-490e-8ca2-1929d2be1b6b 35c14a1a9ebd4cada5fb6778f86b73dd 681329fbdb6e405da06285fc31bebf01 - - default default] GET http://[LB_IP_ADDRESS]:8776/v3/681329fbdb6e405da06285fc31bebf01/groups/25df47f8-2453-4db4-a9aa-bddf4f5cfc89
2025-10-31 09:37:55.768 75 INFO cinder.api.openstack.wsgi [None req-0d266aa5-5530-490e-8ca2-1929d2be1b6b 35c14a1a9ebd4cada5fb6778f86b73dd 681329fbdb6e405da06285fc31bebf01 - - default default] http://[LB_IP_ADDRESS]:8776/v3/681329fbdb6e405da06285fc31bebf01/groups/25df47f8-2453-4db4-a9aa-bddf4f5cfc89 returned with HTTP 200
2025-10-31 09:37:55.785 76 INFO cinder.api.openstack.wsgi [None req-ad11743f-ef9b-4e7b-9c3a-63aac19e5f02 35c14a1a9ebd4cada5fb6778f86b73dd 681329fbdb6e405da06285fc31bebf01 - - default default] POST http://[LB_IP_ADDRESS]:8776/v3/681329fbdb6e405da06285fc31bebf01/volumes
2025-10-31 09:37:55.798 76 INFO cinder.api.v3.volumes [None req-ad11743f-ef9b-4e7b-9c3a-63aac19e5f02 35c14a1a9ebd4cada5fb6778f86b73dd 681329fbdb6e405da06285fc31bebf01 - - default default] Create volume of 1 GB
2025-10-31 09:37:55.803 76 INFO cinder.volume.api [None req-ad11743f-ef9b-4e7b-9c3a-63aac19e5f02 35c14a1a9ebd4cada5fb6778f86b73dd 681329fbdb6e405da06285fc31bebf01 - - default default] Availability Zones retrieved successfully.
2025-10-31 09:37:55.950 76 WARNING cinder.quota [None req-ad11743f-ef9b-4e7b-9c3a-63aac19e5f02 35c14a1a9ebd4cada5fb6778f86b73dd 681329fbdb6e405da06285fc31bebf01 - - default default] Deprecated: Default quota for resource: volumes_tempest-GroupsV314Test-volume-type-1235499100 is set by the default quota flag: quota_volumes_tempest-GroupsV314Test-volume-type-1235499100, it is now deprecated. Please use the default quota class for default quota.
2025-10-31 09:37:55.951 76 WARNING cinder.quota [None req-ad11743f-ef9b-4e7b-9c3a-63aac19e5f02 35c14a1a9ebd4cada5fb6778f86b73dd 681329fbdb6e405da06285fc31bebf01 - - default default] Deprecated: Default quota for resource: gigabytes_tempest-GroupsV314Test-volume-type-1235499100 is set by the default quota flag: quota_gigabytes_tempest-GroupsV314Test-volume-type-1235499100, it is now deprecated. Please use the default quota class for default quota.
2025-10-31 09:37:56.027 76 INFO cinder.volume.api [None req-ad11743f-ef9b-4e7b-9c3a-63aac19e5f02 35c14a1a9ebd4cada5fb6778f86b73dd 681329fbdb6e405da06285fc31bebf01 - - default default] Create volume request issued successfully.
2025-10-31 09:37:56.044 76 INFO cinder.api.openstack.wsgi [None req-ad11743f-ef9b-4e7b-9c3a-63aac19e5f02 35c14a1a9ebd4cada5fb6778f86b73dd 681329fbdb6e405da06285fc31bebf01 - - default default] http://[LB_IP_ADDRESS]:8776/v3/681329fbdb6e405da06285fc31bebf01/volumes returned with HTTP 202
2025-10-31 09:37:56.049 72 INFO cinder.api.openstack.wsgi [None req-b443ea0a-1852-4036-8cb1-7ccba0fcba7a 59ea2375be4b4d14b5955e5224d58b8e 02f7dd1e627b44bb968f561a259f96be - - default default] GET http://[LB_IP_ADDRESS]:8776/v3/02f7dd1e627b44bb968f561a259f96be/snapshots/e86a55ff-10be-4706-8ebd-2b84bfb57f82
2025-10-31 09:37:56.058 72 INFO cinder.volume.api [None req-b443ea0a-1852-4036-8cb1-7ccba0fcba7a 59ea2375be4b4d14b5955e5224d58b8e 02f7dd1e627b44bb968f561a259f96be - - default default] Snapshot retrieved successfully.
2025-10-31 09:37:56.059 72 INFO cinder.api.openstack.wsgi [None req-b443ea0a-1852-4036-8cb1-7ccba0fcba7a 59ea2375be4b4d14b5955e5224d58b8e 02f7dd1e627b44bb968f561a259f96be - - default default] http://[LB_IP_ADDRESS]:8776/v3/02f7dd1e627b44bb968f561a259f96be/snapshots/e86a55ff-10be-4706-8ebd-2b84bfb57f82 returned with HTTP 200
2025-10-31 09:37:56.061 74 INFO cinder.api.openstack.wsgi [None req-2be231c5-c313-4e71-8995-7293f0fd8dff 35c14a1a9ebd4cada5fb6778f86b73dd 681329fbdb6e405da06285fc31bebf01 - - default default] GET http://[LB_IP_ADDRESS]:8776/v3/681329fbdb6e405da06285fc31bebf01/volumes/dfdb32fd-8f97-4e23-89f5-1111bc9d6927
2025-10-31 09:37:56.074 74 INFO cinder.volume.api [None req-2be231c5-c313-4e71-8995-7293f0fd8dff 35c14a1a9ebd4cada5fb6778f86b73dd 681329fbdb6e405da06285fc31bebf01 - - default default] Volume info retrieved successfully.
2025-10-31 09:37:56.074 73 INFO cinder.api.openstack.wsgi [None req-9abfdc24-af60-40c0-80d2-c2e46b286045 171fd3928e98491ea7c0c21b9eadf77e d74f507916fc44f6a6cf25e04da848d5 - - default default] POST http://[LB_IP_ADDRESS]:8776/v3/d74f507916fc44f6a6cf25e04da848d5/snapshots/e86a55ff-10be-4706-8ebd-2b84bfb57f82/action
2025-10-31 09:37:56.088 74 INFO cinder.api.openstack.wsgi [None req-2be231c5-c313-4e71-8995-7293f0fd8dff 35c14a1a9ebd4cada5fb6778f86b73dd 681329fbdb6e405da06285fc31bebf01 - - default default] http://[LB_IP_ADDRESS]:8776/v3/681329fbdb6e405da06285fc31bebf01/volumes/dfdb32fd-8f97-4e23-89f5-1111bc9d6927 returned with HTTP 200
2025-10-31 09:37:56.108 73 INFO cinder.api.openstack.wsgi [None req-9abfdc24-af60-40c0-80d2-c2e46b286045 171fd3928e98491ea7c0c21b9eadf77e d74f507916fc44f6a6cf25e04da848d5 - - default default] http://[LB_IP_ADDRESS]:8776/v3/d74f507916fc44f6a6cf25e04da848d5/snapshots/e86a55ff-10be-4706-8ebd-2b84bfb57f82/action returned with HTTP 202
2025-10-31 09:37:56.121 75 INFO cinder.api.openstack.wsgi [None req-3528d588-4373-4b3b-b636-2676f5e113de 59ea2375be4b4d14b5955e5224d58b8e 02f7dd1e627b44bb968f561a259f96be - - default default] GET http://[LB_IP_ADDRESS]:8776/v3/02f7dd1e627b44bb968f561a259f96be/snapshots/e86a55ff-10be-4706-8ebd-2b84bfb57f82
2025-10-31 09:37:56.130 75 INFO cinder.volume.api [None req-3528d588-4373-4b3b-b636-2676f5e113de 59ea2375be4b4d14b5955e5224d58b8e 02f7dd1e627b44bb968f561a259f96be - - default default] Snapshot retrieved successfully.
2025-10-31 09:37:56.131 75 INFO cinder.api.openstack.wsgi [None req-3528d588-4373-4b3b-b636-2676f5e113de 59ea2375be4b4d14b5955e5224d58b8e 02f7dd1e627b44bb968f561a259f96be - - default default] http://[LB_IP_ADDRESS]:8776/v3/02f7dd1e627b44bb968f561a259f96be/snapshots/e86a55ff-10be-4706-8ebd-2b84bfb57f82 returned with HTTP 200
2025-10-31 09:37:56.147 76 INFO cinder.api.openstack.wsgi [None req-4241f826-c43d-4fc7-aae2-de4047b57e8b 171fd3928e98491ea7c0c21b9eadf77e d74f507916fc44f6a6cf25e04da848d5 - - default default] POST http://[LB_IP_ADDRESS]:8776/v3/d74f507916fc44f6a6cf25e04da848d5/snapshots/e86a55ff-10be-4706-8ebd-2b84bfb57f82/action
2025-10-31 09:37:56.156 76 INFO cinder.volume.api [None req-4241f826-c43d-4fc7-aae2-de4047b57e8b 171fd3928e98491ea7c0c21b9eadf77e d74f507916fc44f6a6cf25e04da848d5 - - default default] Snapshot retrieved successfully.
2025-10-31 09:37:56.176 76 INFO cinder.volume.api [None req-4241f826-c43d-4fc7-aae2-de4047b57e8b 171fd3928e98491ea7c0c21b9eadf77e d74f507916fc44f6a6cf25e04da848d5 - - default default] Snapshot delete request issued successfully.
2025-10-31 09:37:56.176 76 INFO cinder.api.openstack.wsgi [None req-4241f826-c43d-4fc7-aae2-de4047b57e8b 171fd3928e98491ea7c0c21b9eadf77e d74f507916fc44f6a6cf25e04da848d5 - - default default] http://[LB_IP_ADDRESS]:8776/v3/d74f507916fc44f6a6cf25e04da848d5/snapshots/e86a55ff-10be-4706-8ebd-2b84bfb57f82/action returned with HTTP 202
2025-10-31 09:37:56.189 72 INFO cinder.api.openstack.wsgi [None req-87b87d4e-57db-4e73-9ad7-0746a5c14178 59ea2375be4b4d14b5955e5224d58b8e 02f7dd1e627b44bb968f561a259f96be - - default default] GET http://[LB_IP_ADDRESS]:8776/v3/02f7dd1e627b44bb968f561a259f96be/snapshots/e86a55ff-10be-4706-8ebd-2b84bfb57f82
2025-10-31 09:37:56.199 72 INFO cinder.volume.api [None req-87b87d4e-57db-4e73-9ad7-0746a5c14178 59ea2375be4b4d14b5955e5224d58b8e 02f7dd1e627b44bb968f561a259f96be - - default default] Snapshot retrieved successfully.
2025-10-31 09:37:56.200 72 INFO cinder.api.openstack.wsgi [None req-87b87d4e-57db-4e73-9ad7-0746a5c14178 59ea2375be4b4d14b5955e5224d58b8e 02f7dd1e627b44bb968f561a259f96be - - default default] http://[LB_IP_ADDRESS]:8776/v3/02f7dd1e627b44bb968f561a259f96be/snapshots/e86a55ff-10be-4706-8ebd-2b84bfb57f82 returned with HTTP 200
2025-10-31 09:37:56.602 74 INFO cinder.api.openstack.wsgi [None req-3949cf3d-c07e-4486-862e-e7238bd0e379 bac51259d4124f01b919b709dc0f2315 25bdf6e968e14017a9eb6aa918790227 - - default default] GET http://[LB_IP_ADDRESS]:8776/v3/25bdf6e968e14017a9eb6aa918790227/volumes/67b3adee-675a-498e-8ecf-7282a285aea9
2025-10-31 09:37:56.619 74 INFO cinder.volume.api [None req-3949cf3d-c07e-4486-862e-e7238bd0e379 bac51259d4124f01b919b709dc0f2315 25bdf6e968e14017a9eb6aa918790227 - - default default] Volume info retrieved successfully.
2025-10-31 09:37:56.636 74 INFO cinder.api.openstack.wsgi [None req-3949cf3d-c07e-4486-862e-e7238bd0e379 bac51259d4124f01b919b709dc0f2315 25bdf6e968e14017a9eb6aa918790227 - - default default] http://[LB_IP_ADDRESS]:8776/v3/25bdf6e968e14017a9eb6aa918790227/volumes/67b3adee-675a-498e-8ecf-7282a285aea9 returned with HTTP 200
2025-10-31 09:37:56.654 73 INFO cinder.api.openstack.wsgi [None req-191c1123-0dac-4432-b5c6-79ddade44bae bac51259d4124f01b919b709dc0f2315 25bdf6e968e14017a9eb6aa918790227 - - default default] POST http://[LB_IP_ADDRESS]:8776/v3/25bdf6e968e14017a9eb6aa918790227/volumes
2025-10-31 09:37:56.666 73 INFO cinder.api.v3.volumes [None req-191c1123-0dac-4432-b5c6-79ddade44bae bac51259d4124f01b919b709dc0f2315 25bdf6e968e14017a9eb6aa918790227 - - default default] Create volume of 1 GB
2025-10-31 09:37:56.674 73 INFO cinder.volume.api [None req-191c1123-0dac-4432-b5c6-79ddade44bae bac51259d4124f01b919b709dc0f2315 25bdf6e968e14017a9eb6aa918790227 - - default default] Availability Zones retrieved successfully.
2025-10-31 09:37:56.828 73 WARNING cinder.quota [None req-191c1123-0dac-4432-b5c6-79ddade44bae bac51259d4124f01b919b709dc0f2315 25bdf6e968e14017a9eb6aa918790227 - - default default] Deprecated: Default quota for resource: volumes_tempest-GroupSnapshotsTest-volume-type-593225219 is set by the default quota flag: quota_volumes_tempest-GroupSnapshotsTest-volume-type-593225219, it is now deprecated. Please use the default quota class for default quota.
2025-10-31 09:37:56.828 73 WARNING cinder.quota [None req-191c1123-0dac-4432-b5c6-79ddade44bae bac51259d4124f01b919b709dc0f2315 25bdf6e968e14017a9eb6aa918790227 - - default default] Deprecated: Default quota for resource: gigabytes_tempest-GroupSnapshotsTest-volume-type-593225219 is set by the default quota flag: quota_gigabytes_tempest-GroupSnapshotsTest-volume-type-593225219, it is now deprecated. Please use the default quota class for default quota.
2025-10-31 09:37:56.889 73 INFO cinder.volume.api [None req-191c1123-0dac-4432-b5c6-79ddade44bae bac51259d4124f01b919b709dc0f2315 25bdf6e968e14017a9eb6aa918790227 - - default default] Create volume request issued successfully.
2025-10-31 09:37:56.904 73 INFO cinder.api.openstack.wsgi [None req-191c1123-0dac-4432-b5c6-79ddade44bae bac51259d4124f01b919b709dc0f2315 25bdf6e968e14017a9eb6aa918790227 - - default default] http://[LB_IP_ADDRESS]:8776/v3/25bdf6e968e14017a9eb6aa918790227/volumes returned with HTTP 202
2025-10-31 09:37:56.920 75 INFO cinder.api.openstack.wsgi [None req-f0583aec-1865-4c6e-a1bc-70ae9fab6774 bac51259d4124f01b919b709dc0f2315 25bdf6e968e14017a9eb6aa918790227 - - default default] GET http://[LB_IP_ADDRESS]:8776/v3/25bdf6e968e14017a9eb6aa918790227/volumes/3e22ae63-9cf0-4f94-b2c3-3d8391c22189
2025-10-31 09:37:56.941 75 INFO cinder.volume.api [None req-f0583aec-1865-4c6e-a1bc-70ae9fab6774 bac51259d4124f01b919b709dc0f2315 25bdf6e968e14017a9eb6aa918790227 - - default default] Volume info retrieved successfully.
2025-10-31 09:37:56.959 75 INFO cinder.api.openstack.wsgi [None req-f0583aec-1865-4c6e-a1bc-70ae9fab6774 bac51259d4124f01b919b709dc0f2315 25bdf6e968e14017a9eb6aa918790227 - - default default] http://[LB_IP_ADDRESS]:8776/v3/25bdf6e968e14017a9eb6aa918790227/volumes/3e22ae63-9cf0-4f94-b2c3-3d8391c22189 returned with HTTP 200
2025-10-31 09:37:57.109 76 INFO cinder.api.openstack.wsgi [None req-8a126e47-e3c1-49b9-96c7-096ff10c4ffa 35c14a1a9ebd4cada5fb6778f86b73dd 681329fbdb6e405da06285fc31bebf01 - - default default] GET http://[LB_IP_ADDRESS]:8776/v3/681329fbdb6e405da06285fc31bebf01/volumes/dfdb32fd-8f97-4e23-89f5-1111bc9d6927
2025-10-31 09:37:57.126 76 INFO cinder.volume.api [None req-8a126e47-e3c1-49b9-96c7-096ff10c4ffa 35c14a1a9ebd4cada5fb6778f86b73dd 681329fbdb6e405da06285fc31bebf01 - - default default] Volume info retrieved successfully.
2025-10-31 09:37:57.144 76 INFO cinder.api.openstack.wsgi [None req-8a126e47-e3c1-49b9-96c7-096ff10c4ffa 35c14a1a9ebd4cada5fb6778f86b73dd 681329fbdb6e405da06285fc31bebf01 - - default default] http://[LB_IP_ADDRESS]:8776/v3/681329fbdb6e405da06285fc31bebf01/volumes/dfdb32fd-8f97-4e23-89f5-1111bc9d6927 returned with HTTP 200
2025-10-31 09:37:57.166 72 INFO cinder.api.openstack.wsgi [None req-62bc9ba3-ee23-42a0-9c27-8e92061113b8 35c14a1a9ebd4cada5fb6778f86b73dd 681329fbdb6e405da06285fc31bebf01 - - default default] POST http://[LB_IP_ADDRESS]:8776/v3/681329fbdb6e405da06285fc31bebf01/groups/action
2025-10-31 09:37:57.170 72 INFO cinder.api.v3.groups [None req-62bc9ba3-ee23-42a0-9c27-8e92061113b8 35c14a1a9ebd4cada5fb6778f86b73dd 681329fbdb6e405da06285fc31bebf01 - - default default] Creating group tempest-Group_from_grp-898201726 from source group 25df47f8-2453-4db4-a9aa-bddf4f5cfc89.
2025-10-31 09:37:57.217 74 INFO cinder.api.openstack.wsgi [None req-45b3bc2e-d5c2-4345-b955-a50de121a838 59ea2375be4b4d14b5955e5224d58b8e 02f7dd1e627b44bb968f561a259f96be - - default default] GET http://[LB_IP_ADDRESS]:8776/v3/02f7dd1e627b44bb968f561a259f96be/snapshots/e86a55ff-10be-4706-8ebd-2b84bfb57f82
2025-10-31 09:37:57.224 74 INFO cinder.api.openstack.wsgi [None req-45b3bc2e-d5c2-4345-b955-a50de121a838 59ea2375be4b4d14b5955e5224d58b8e 02f7dd1e627b44bb968f561a259f96be - - default default] http://[LB_IP_ADDRESS]:8776/v3/02f7dd1e627b44bb968f561a259f96be/snapshots/e86a55ff-10be-4706-8ebd-2b84bfb57f82 returned with HTTP 404
2025-10-31 09:37:57.238 73 INFO cinder.api.openstack.wsgi [None req-f268acfc-02ce-4bde-b94c-d36e523cf58e 171fd3928e98491ea7c0c21b9eadf77e d74f507916fc44f6a6cf25e04da848d5 - - default default] POST http://[LB_IP_ADDRESS]:8776/v3/d74f507916fc44f6a6cf25e04da848d5/snapshots/3737704c-2899-404b-957d-5b841738d53e/action
2025-10-31 09:37:57.265 73 INFO cinder.api.openstack.wsgi [None req-f268acfc-02ce-4bde-b94c-d36e523cf58e 171fd3928e98491ea7c0c21b9eadf77e d74f507916fc44f6a6cf25e04da848d5 - - default default] http://[LB_IP_ADDRESS]:8776/v3/d74f507916fc44f6a6cf25e04da848d5/snapshots/3737704c-2899-404b-957d-5b841738d53e/action returned with HTTP 202
2025-10-31 09:37:57.278 75 INFO cinder.api.openstack.wsgi [None req-e3a9de0d-0889-4471-a3cb-06a811dd0f2e 59ea2375be4b4d14b5955e5224d58b8e 02f7dd1e627b44bb968f561a259f96be - - default default] GET http://[LB_IP_ADDRESS]:8776/v3/02f7dd1e627b44bb968f561a259f96be/snapshots/3737704c-2899-404b-957d-5b841738d53e
2025-10-31 09:37:57.287 75 INFO cinder.volume.api [None req-e3a9de0d-0889-4471-a3cb-06a811dd0f2e 59ea2375be4b4d14b5955e5224d58b8e 02f7dd1e627b44bb968f561a259f96be - - default default] Snapshot retrieved successfully.
2025-10-31 09:37:57.288 75 INFO cinder.api.openstack.wsgi [None req-e3a9de0d-0889-4471-a3cb-06a811dd0f2e 59ea2375be4b4d14b5955e5224d58b8e 02f7dd1e627b44bb968f561a259f96be - - default default] http://[LB_IP_ADDRESS]:8776/v3/02f7dd1e627b44bb968f561a259f96be/snapshots/3737704c-2899-404b-957d-5b841738d53e returned with HTTP 200
2025-10-31 09:37:57.304 76 INFO cinder.api.openstack.wsgi [None req-a1b5ac23-eb0e-4277-a316-edd9e51a5a1d 59ea2375be4b4d14b5955e5224d58b8e 02f7dd1e627b44bb968f561a259f96be - - default default] DELETE http://[LB_IP_ADDRESS]:8776/v3/02f7dd1e627b44bb968f561a259f96be/snapshots/e86a55ff-10be-4706-8ebd-2b84bfb57f82
2025-10-31 09:37:57.305 76 INFO cinder.api.v2.snapshots [None req-a1b5ac23-eb0e-4277-a316-edd9e51a5a1d 59ea2375be4b4d14b5955e5224d58b8e 02f7dd1e627b44bb968f561a259f96be - - default default] Delete snapshot with id: e86a55ff-10be-4706-8ebd-2b84bfb57f82
2025-10-31 09:37:57.313 76 INFO cinder.api.openstack.wsgi [None req-a1b5ac23-eb0e-4277-a316-edd9e51a5a1d 59ea2375be4b4d14b5955e5224d58b8e 02f7dd1e627b44bb968f561a259f96be - - default default] http://[LB_IP_ADDRESS]:8776/v3/02f7dd1e627b44bb968f561a259f96be/snapshots/e86a55ff-10be-4706-8ebd-2b84bfb57f82 returned with HTTP 404
