2025-12-24 03:52:18.347 73 INFO cinder.api.openstack.wsgi [None req-dba89244-6fc4-4459-8852-f30f09564b76 d4cef3911d5b4a308bf551ebb24fff03 2aabb0cc67dd4038ab181d70afab4904 - - default default] GET http://[LB_IP_ADDRESS]:8776/v3/2aabb0cc67dd4038ab181d70afab4904/volumes/9bc22542-a16c-4d47-9ecd-79f118f981bc
2025-12-24 03:52:18.366 73 INFO cinder.volume.api [None req-dba89244-6fc4-4459-8852-f30f09564b76 d4cef3911d5b4a308bf551ebb24fff03 2aabb0cc67dd4038ab181d70afab4904 - - default default] Volume info retrieved successfully.
2025-12-24 03:52:18.371 73 INFO cinder.api.openstack.wsgi [None req-dba89244-6fc4-4459-8852-f30f09564b76 d4cef3911d5b4a308bf551ebb24fff03 2aabb0cc67dd4038ab181d70afab4904 - - default default] http://[LB_IP_ADDRESS]:8776/v3/2aabb0cc67dd4038ab181d70afab4904/volumes/9bc22542-a16c-4d47-9ecd-79f118f981bc returned with HTTP 200
2025-12-24 03:52:18.392 74 INFO cinder.api.openstack.wsgi [None req-9795a6a4-fa61-4c88-99d1-1fdc2ef65f87 ad490a7a25b2423281d2a424e3dc31dc c16ac2d246134a619d8a00fdcdbec8a7 - - default default] GET http://[LB_IP_ADDRESS]:8776/v3/c16ac2d246134a619d8a00fdcdbec8a7/volumes/9bc22542-a16c-4d47-9ecd-79f118f981bc
2025-12-24 03:52:18.409 74 INFO cinder.volume.api [None req-9795a6a4-fa61-4c88-99d1-1fdc2ef65f87 ad490a7a25b2423281d2a424e3dc31dc c16ac2d246134a619d8a00fdcdbec8a7 - - default default] Volume info retrieved successfully.
2025-12-24 03:52:18.413 74 INFO cinder.api.openstack.wsgi [None req-9795a6a4-fa61-4c88-99d1-1fdc2ef65f87 ad490a7a25b2423281d2a424e3dc31dc c16ac2d246134a619d8a00fdcdbec8a7 - - default default] http://[LB_IP_ADDRESS]:8776/v3/c16ac2d246134a619d8a00fdcdbec8a7/volumes/9bc22542-a16c-4d47-9ecd-79f118f981bc returned with HTTP 200
2025-12-24 03:52:18.435 75 INFO cinder.api.openstack.wsgi [None req-991f9b28-4718-4627-b292-2d67f0ce8c53 ad490a7a25b2423281d2a424e3dc31dc c16ac2d246134a619d8a00fdcdbec8a7 - - default default] GET http://[LB_IP_ADDRESS]:8776/v3/c16ac2d246134a619d8a00fdcdbec8a7/volumes?all_tenants=True&name=tempest-VolumeRetypeWithoutMigrationTest-Volume-1692330598
2025-12-24 03:52:18.449 75 INFO cinder.volume.api [None req-991f9b28-4718-4627-b292-2d67f0ce8c53 ad490a7a25b2423281d2a424e3dc31dc c16ac2d246134a619d8a00fdcdbec8a7 - - default default] Get all volumes completed successfully.
2025-12-24 03:52:18.450 75 INFO cinder.api.openstack.wsgi [None req-991f9b28-4718-4627-b292-2d67f0ce8c53 ad490a7a25b2423281d2a424e3dc31dc c16ac2d246134a619d8a00fdcdbec8a7 - - default default] http://[LB_IP_ADDRESS]:8776/v3/c16ac2d246134a619d8a00fdcdbec8a7/volumes?all_tenants=True&name=tempest-VolumeRetypeWithoutMigrationTest-Volume-1692330598 returned with HTTP 200
2025-12-24 03:52:18.465 72 INFO cinder.api.openstack.wsgi [None req-694dcc54-07e6-4c42-b83f-f15c39dc5361 d4cef3911d5b4a308bf551ebb24fff03 2aabb0cc67dd4038ab181d70afab4904 - - default default] GET http://[LB_IP_ADDRESS]:8776/v3/2aabb0cc67dd4038ab181d70afab4904/volumes/9bc22542-a16c-4d47-9ecd-79f118f981bc
2025-12-24 03:52:18.481 72 INFO cinder.volume.api [None req-694dcc54-07e6-4c42-b83f-f15c39dc5361 d4cef3911d5b4a308bf551ebb24fff03 2aabb0cc67dd4038ab181d70afab4904 - - default default] Volume info retrieved successfully.
2025-12-24 03:52:18.485 72 INFO cinder.api.openstack.wsgi [None req-694dcc54-07e6-4c42-b83f-f15c39dc5361 d4cef3911d5b4a308bf551ebb24fff03 2aabb0cc67dd4038ab181d70afab4904 - - default default] http://[LB_IP_ADDRESS]:8776/v3/2aabb0cc67dd4038ab181d70afab4904/volumes/9bc22542-a16c-4d47-9ecd-79f118f981bc returned with HTTP 200
2025-12-24 03:52:18.506 73 INFO cinder.api.openstack.wsgi [None req-7de5017a-5a04-459b-ac58-8abc09531028 a06ff8247bcf46a19e91f713f7a32043 b642b48948e94a558c991b7730619951 - - default default] GET http://[LB_IP_ADDRESS]:8776/v3/b642b48948e94a558c991b7730619951/volumes/d9a329f4-86b0-4a33-8cfa-1da6a730fbb9
2025-12-24 03:52:18.506 76 INFO cinder.api.openstack.wsgi [None req-9a807aa4-4d04-47ae-bc6e-2abb74636f09 d4cef3911d5b4a308bf551ebb24fff03 2aabb0cc67dd4038ab181d70afab4904 - - default default] DELETE http://[LB_IP_ADDRESS]:8776/v3/2aabb0cc67dd4038ab181d70afab4904/volumes/9bc22542-a16c-4d47-9ecd-79f118f981bc
2025-12-24 03:52:18.507 76 INFO cinder.api.v3.volumes [None req-9a807aa4-4d04-47ae-bc6e-2abb74636f09 d4cef3911d5b4a308bf551ebb24fff03 2aabb0cc67dd4038ab181d70afab4904 - - default default] Delete volume with id: 9bc22542-a16c-4d47-9ecd-79f118f981bc 
2025-12-24 03:52:18.517 73 INFO cinder.api.openstack.wsgi [None req-7de5017a-5a04-459b-ac58-8abc09531028 a06ff8247bcf46a19e91f713f7a32043 b642b48948e94a558c991b7730619951 - - default default] http://[LB_IP_ADDRESS]:8776/v3/b642b48948e94a558c991b7730619951/volumes/d9a329f4-86b0-4a33-8cfa-1da6a730fbb9 returned with HTTP 404
2025-12-24 03:52:18.519 76 INFO cinder.volume.api [None req-9a807aa4-4d04-47ae-bc6e-2abb74636f09 d4cef3911d5b4a308bf551ebb24fff03 2aabb0cc67dd4038ab181d70afab4904 - - default default] Volume info retrieved successfully.
2025-12-24 03:52:18.540 76 INFO cinder.volume.api [None req-9a807aa4-4d04-47ae-bc6e-2abb74636f09 d4cef3911d5b4a308bf551ebb24fff03 2aabb0cc67dd4038ab181d70afab4904 - - default default] Delete volume request issued successfully.
2025-12-24 03:52:18.540 76 INFO cinder.api.openstack.wsgi [None req-9a807aa4-4d04-47ae-bc6e-2abb74636f09 d4cef3911d5b4a308bf551ebb24fff03 2aabb0cc67dd4038ab181d70afab4904 - - default default] http://[LB_IP_ADDRESS]:8776/v3/2aabb0cc67dd4038ab181d70afab4904/volumes/9bc22542-a16c-4d47-9ecd-79f118f981bc returned with HTTP 202
2025-12-24 03:52:18.552 74 INFO cinder.api.openstack.wsgi [None req-6513afe1-ac36-4979-b948-753c2e4504e6 d4cef3911d5b4a308bf551ebb24fff03 2aabb0cc67dd4038ab181d70afab4904 - - default default] GET http://[LB_IP_ADDRESS]:8776/v3/2aabb0cc67dd4038ab181d70afab4904/volumes/9bc22542-a16c-4d47-9ecd-79f118f981bc
2025-12-24 03:52:18.569 74 INFO cinder.volume.api [None req-6513afe1-ac36-4979-b948-753c2e4504e6 d4cef3911d5b4a308bf551ebb24fff03 2aabb0cc67dd4038ab181d70afab4904 - - default default] Volume info retrieved successfully.
2025-12-24 03:52:18.574 74 INFO cinder.api.openstack.wsgi [None req-6513afe1-ac36-4979-b948-753c2e4504e6 d4cef3911d5b4a308bf551ebb24fff03 2aabb0cc67dd4038ab181d70afab4904 - - default default] http://[LB_IP_ADDRESS]:8776/v3/2aabb0cc67dd4038ab181d70afab4904/volumes/9bc22542-a16c-4d47-9ecd-79f118f981bc returned with HTTP 200
2025-12-24 03:52:19.200 75 INFO cinder.api.openstack.wsgi [None req-5b5c1dd9-e401-4bde-9e5f-0d07f5d7f8d1 51557b2cd9dc4d829ed9d041f6563517 2e84eb0f87514d688452b6face4bfa1c - - default default] GET http://[LB_IP_ADDRESS]:8776/v3/2e84eb0f87514d688452b6face4bfa1c/snapshots/424b40ec-f354-4d3b-bca7-e065f3656f43
2025-12-24 03:52:19.208 75 INFO cinder.api.openstack.wsgi [None req-5b5c1dd9-e401-4bde-9e5f-0d07f5d7f8d1 51557b2cd9dc4d829ed9d041f6563517 2e84eb0f87514d688452b6face4bfa1c - - default default] http://[LB_IP_ADDRESS]:8776/v3/2e84eb0f87514d688452b6face4bfa1c/snapshots/424b40ec-f354-4d3b-bca7-e065f3656f43 returned with HTTP 404
2025-12-24 03:52:19.221 72 INFO cinder.api.openstack.wsgi [None req-c256bcc6-14fa-4c17-9f91-efcfb43d507a 51557b2cd9dc4d829ed9d041f6563517 2e84eb0f87514d688452b6face4bfa1c - - default default] GET http://[LB_IP_ADDRESS]:8776/v3/2e84eb0f87514d688452b6face4bfa1c/group_snapshots/0ccb3bf1-98da-4963-952f-af0b55c5320b
2025-12-24 03:52:19.226 72 INFO cinder.api.openstack.wsgi [None req-c256bcc6-14fa-4c17-9f91-efcfb43d507a 51557b2cd9dc4d829ed9d041f6563517 2e84eb0f87514d688452b6face4bfa1c - - default default] http://[LB_IP_ADDRESS]:8776/v3/2e84eb0f87514d688452b6face4bfa1c/group_snapshots/0ccb3bf1-98da-4963-952f-af0b55c5320b returned with HTTP 404
2025-12-24 03:52:19.239 73 INFO cinder.api.openstack.wsgi [None req-e472d923-210e-487f-a3fd-21aac4cb9105 51557b2cd9dc4d829ed9d041f6563517 2e84eb0f87514d688452b6face4bfa1c - - default default] GET http://[LB_IP_ADDRESS]:8776/v3/2e84eb0f87514d688452b6face4bfa1c/group_snapshots
2025-12-24 03:52:19.245 73 INFO cinder.api.openstack.wsgi [None req-e472d923-210e-487f-a3fd-21aac4cb9105 51557b2cd9dc4d829ed9d041f6563517 2e84eb0f87514d688452b6face4bfa1c - - default default] http://[LB_IP_ADDRESS]:8776/v3/2e84eb0f87514d688452b6face4bfa1c/group_snapshots returned with HTTP 200
2025-12-24 03:52:19.260 76 INFO cinder.api.openstack.wsgi [None req-7b97fce5-97d3-431e-9db4-31e7e56b9c81 51557b2cd9dc4d829ed9d041f6563517 2e84eb0f87514d688452b6face4bfa1c - - default default] DELETE http://[LB_IP_ADDRESS]:8776/v3/2e84eb0f87514d688452b6face4bfa1c/group_snapshots/0ccb3bf1-98da-4963-952f-af0b55c5320b
2025-12-24 03:52:19.261 76 INFO cinder.api.v3.group_snapshots [None req-7b97fce5-97d3-431e-9db4-31e7e56b9c81 51557b2cd9dc4d829ed9d041f6563517 2e84eb0f87514d688452b6face4bfa1c - - default default] Delete group_snapshot with id: 0ccb3bf1-98da-4963-952f-af0b55c5320b
2025-12-24 03:52:19.265 76 INFO cinder.api.openstack.wsgi [None req-7b97fce5-97d3-431e-9db4-31e7e56b9c81 51557b2cd9dc4d829ed9d041f6563517 2e84eb0f87514d688452b6face4bfa1c - - default default] http://[LB_IP_ADDRESS]:8776/v3/2e84eb0f87514d688452b6face4bfa1c/group_snapshots/0ccb3bf1-98da-4963-952f-af0b55c5320b returned with HTTP 404
2025-12-24 03:52:19.278 74 INFO cinder.api.openstack.wsgi [None req-41a4d2df-0609-41e6-a4f2-2652cdfcf05a 51557b2cd9dc4d829ed9d041f6563517 2e84eb0f87514d688452b6face4bfa1c - - default default] GET http://[LB_IP_ADDRESS]:8776/v3/2e84eb0f87514d688452b6face4bfa1c/volumes/detail
2025-12-24 03:52:19.292 74 INFO cinder.volume.api [None req-41a4d2df-0609-41e6-a4f2-2652cdfcf05a 51557b2cd9dc4d829ed9d041f6563517 2e84eb0f87514d688452b6face4bfa1c - - default default] Get all volumes completed successfully.
2025-12-24 03:52:19.313 74 INFO cinder.api.openstack.wsgi [None req-41a4d2df-0609-41e6-a4f2-2652cdfcf05a 51557b2cd9dc4d829ed9d041f6563517 2e84eb0f87514d688452b6face4bfa1c - - default default] http://[LB_IP_ADDRESS]:8776/v3/2e84eb0f87514d688452b6face4bfa1c/volumes/detail returned with HTTP 200
2025-12-24 03:52:19.336 75 INFO cinder.api.openstack.wsgi [None req-75dc25f5-2c32-4c0e-86a2-13b9c5ab5611 51557b2cd9dc4d829ed9d041f6563517 2e84eb0f87514d688452b6face4bfa1c - - default default] POST http://[LB_IP_ADDRESS]:8776/v3/2e84eb0f87514d688452b6face4bfa1c/groups/10dfc508-3f77-4bd7-a911-e2147848d84c/action
2025-12-24 03:52:19.341 75 INFO cinder.api.v3.groups [None req-75dc25f5-2c32-4c0e-86a2-13b9c5ab5611 51557b2cd9dc4d829ed9d041f6563517 2e84eb0f87514d688452b6face4bfa1c - - default default] Delete group with id: 10dfc508-3f77-4bd7-a911-e2147848d84c
2025-12-24 03:52:19.384 75 INFO cinder.api.openstack.wsgi [None req-75dc25f5-2c32-4c0e-86a2-13b9c5ab5611 51557b2cd9dc4d829ed9d041f6563517 2e84eb0f87514d688452b6face4bfa1c - - default default] http://[LB_IP_ADDRESS]:8776/v3/2e84eb0f87514d688452b6face4bfa1c/groups/10dfc508-3f77-4bd7-a911-e2147848d84c/action returned with HTTP 202
2025-12-24 03:52:19.396 72 INFO cinder.api.openstack.wsgi [None req-f13a4998-bc4d-4382-8577-e7806f1f3a69 51557b2cd9dc4d829ed9d041f6563517 2e84eb0f87514d688452b6face4bfa1c - - default default] GET http://[LB_IP_ADDRESS]:8776/v3/2e84eb0f87514d688452b6face4bfa1c/volumes/674de07e-1206-44c2-9d65-ef7e48e2aa50
2025-12-24 03:52:19.413 72 INFO cinder.volume.api [None req-f13a4998-bc4d-4382-8577-e7806f1f3a69 51557b2cd9dc4d829ed9d041f6563517 2e84eb0f87514d688452b6face4bfa1c - - default default] Volume info retrieved successfully.
2025-12-24 03:52:19.433 72 INFO cinder.api.openstack.wsgi [None req-f13a4998-bc4d-4382-8577-e7806f1f3a69 51557b2cd9dc4d829ed9d041f6563517 2e84eb0f87514d688452b6face4bfa1c - - default default] http://[LB_IP_ADDRESS]:8776/v3/2e84eb0f87514d688452b6face4bfa1c/volumes/674de07e-1206-44c2-9d65-ef7e48e2aa50 returned with HTTP 200
2025-12-24 03:52:19.594 73 INFO cinder.api.openstack.wsgi [None req-685951e5-c459-4162-b5aa-f27f32c17ca0 d4cef3911d5b4a308bf551ebb24fff03 2aabb0cc67dd4038ab181d70afab4904 - - default default] GET http://[LB_IP_ADDRESS]:8776/v3/2aabb0cc67dd4038ab181d70afab4904/volumes/9bc22542-a16c-4d47-9ecd-79f118f981bc
2025-12-24 03:52:19.606 73 INFO cinder.api.openstack.wsgi [None req-685951e5-c459-4162-b5aa-f27f32c17ca0 d4cef3911d5b4a308bf551ebb24fff03 2aabb0cc67dd4038ab181d70afab4904 - - default default] http://[LB_IP_ADDRESS]:8776/v3/2aabb0cc67dd4038ab181d70afab4904/volumes/9bc22542-a16c-4d47-9ecd-79f118f981bc returned with HTTP 404
2025-12-24 03:52:19.620 76 INFO cinder.api.openstack.wsgi [None req-b964a0c8-207e-4dd3-aa70-1d8a5e3e1f0e ad490a7a25b2423281d2a424e3dc31dc c16ac2d246134a619d8a00fdcdbec8a7 - - default default] DELETE http://[LB_IP_ADDRESS]:8776/v3/c16ac2d246134a619d8a00fdcdbec8a7/types/cbe30a8a-774a-4a85-8204-42b72cae8dca
2025-12-24 03:52:19.666 76 INFO cinder.api.openstack.wsgi [None req-b964a0c8-207e-4dd3-aa70-1d8a5e3e1f0e ad490a7a25b2423281d2a424e3dc31dc c16ac2d246134a619d8a00fdcdbec8a7 - - default default] http://[LB_IP_ADDRESS]:8776/v3/c16ac2d246134a619d8a00fdcdbec8a7/types/cbe30a8a-774a-4a85-8204-42b72cae8dca returned with HTTP 202
2025-12-24 03:52:19.678 74 INFO cinder.api.openstack.wsgi [None req-8d49e8f7-35f3-4a3a-a17a-5439d9a392e7 ad490a7a25b2423281d2a424e3dc31dc c16ac2d246134a619d8a00fdcdbec8a7 - - default default] GET http://[LB_IP_ADDRESS]:8776/v3/c16ac2d246134a619d8a00fdcdbec8a7/types/cbe30a8a-774a-4a85-8204-42b72cae8dca
2025-12-24 03:52:19.685 74 INFO cinder.api.openstack.wsgi [None req-8d49e8f7-35f3-4a3a-a17a-5439d9a392e7 ad490a7a25b2423281d2a424e3dc31dc c16ac2d246134a619d8a00fdcdbec8a7 - - default default] http://[LB_IP_ADDRESS]:8776/v3/c16ac2d246134a619d8a00fdcdbec8a7/types/cbe30a8a-774a-4a85-8204-42b72cae8dca returned with HTTP 404
2025-12-24 03:52:19.697 75 INFO cinder.api.openstack.wsgi [None req-ebe3a0ba-6639-414b-b4d1-dda8c9c5685f ad490a7a25b2423281d2a424e3dc31dc c16ac2d246134a619d8a00fdcdbec8a7 - - default default] DELETE http://[LB_IP_ADDRESS]:8776/v3/c16ac2d246134a619d8a00fdcdbec8a7/types/69d4aab8-1a63-4d4d-a12f-3e496f6d188e
2025-12-24 03:52:19.747 75 INFO cinder.api.openstack.wsgi [None req-ebe3a0ba-6639-414b-b4d1-dda8c9c5685f ad490a7a25b2423281d2a424e3dc31dc c16ac2d246134a619d8a00fdcdbec8a7 - - default default] http://[LB_IP_ADDRESS]:8776/v3/c16ac2d246134a619d8a00fdcdbec8a7/types/69d4aab8-1a63-4d4d-a12f-3e496f6d188e returned with HTTP 202
2025-12-24 03:52:19.759 72 INFO cinder.api.openstack.wsgi [None req-7e7fe3eb-c23b-41c8-aa7e-894c8b2b726c ad490a7a25b2423281d2a424e3dc31dc c16ac2d246134a619d8a00fdcdbec8a7 - - default default] GET http://[LB_IP_ADDRESS]:8776/v3/c16ac2d246134a619d8a00fdcdbec8a7/types/69d4aab8-1a63-4d4d-a12f-3e496f6d188e
2025-12-24 03:52:19.765 72 INFO cinder.api.openstack.wsgi [None req-7e7fe3eb-c23b-41c8-aa7e-894c8b2b726c ad490a7a25b2423281d2a424e3dc31dc c16ac2d246134a619d8a00fdcdbec8a7 - - default default] http://[LB_IP_ADDRESS]:8776/v3/c16ac2d246134a619d8a00fdcdbec8a7/types/69d4aab8-1a63-4d4d-a12f-3e496f6d188e returned with HTTP 404
2025-12-24 03:52:20.454 73 INFO cinder.api.openstack.wsgi [None req-f965780c-78c2-4e0a-a8d3-0064ae789d60 51557b2cd9dc4d829ed9d041f6563517 2e84eb0f87514d688452b6face4bfa1c - - default default] GET http://[LB_IP_ADDRESS]:8776/v3/2e84eb0f87514d688452b6face4bfa1c/volumes/674de07e-1206-44c2-9d65-ef7e48e2aa50
2025-12-24 03:52:20.465 73 INFO cinder.api.openstack.wsgi [None req-f965780c-78c2-4e0a-a8d3-0064ae789d60 51557b2cd9dc4d829ed9d041f6563517 2e84eb0f87514d688452b6face4bfa1c - - default default] http://[LB_IP_ADDRESS]:8776/v3/2e84eb0f87514d688452b6face4bfa1c/volumes/674de07e-1206-44c2-9d65-ef7e48e2aa50 returned with HTTP 404
2025-12-24 03:52:20.477 76 INFO cinder.api.openstack.wsgi [None req-a1597f75-eb3a-4e02-8642-5d12b957c4e9 51557b2cd9dc4d829ed9d041f6563517 2e84eb0f87514d688452b6face4bfa1c - - default default] GET http://[LB_IP_ADDRESS]:8776/v3/2e84eb0f87514d688452b6face4bfa1c/groups/10dfc508-3f77-4bd7-a911-e2147848d84c
2025-12-24 03:52:20.482 76 INFO cinder.api.openstack.wsgi [None req-a1597f75-eb3a-4e02-8642-5d12b957c4e9 51557b2cd9dc4d829ed9d041f6563517 2e84eb0f87514d688452b6face4bfa1c - - default default] http://[LB_IP_ADDRESS]:8776/v3/2e84eb0f87514d688452b6face4bfa1c/groups/10dfc508-3f77-4bd7-a911-e2147848d84c returned with HTTP 404
2025-12-24 03:52:20.495 74 INFO cinder.api.openstack.wsgi [None req-532b3e33-e538-4279-9937-9f0f7d6be8aa 706b97b5c3c549a08ebb11070de959c1 da068a51078140abb636d4a74bd30215 - - default default] DELETE http://[LB_IP_ADDRESS]:8776/v3/da068a51078140abb636d4a74bd30215/group_types/af2aae69-9eaf-4f8f-a3e0-7b6edcc445d2
2025-12-24 03:52:20.511 74 INFO cinder.api.openstack.wsgi [None req-532b3e33-e538-4279-9937-9f0f7d6be8aa 706b97b5c3c549a08ebb11070de959c1 da068a51078140abb636d4a74bd30215 - - default default] http://[LB_IP_ADDRESS]:8776/v3/da068a51078140abb636d4a74bd30215/group_types/af2aae69-9eaf-4f8f-a3e0-7b6edcc445d2 returned with HTTP 202
2025-12-24 03:52:20.523 75 INFO cinder.api.openstack.wsgi [None req-c0c78377-f56c-4432-adc0-0e73612dd522 706b97b5c3c549a08ebb11070de959c1 da068a51078140abb636d4a74bd30215 - - default default] DELETE http://[LB_IP_ADDRESS]:8776/v3/da068a51078140abb636d4a74bd30215/types/b00c689a-cdfa-4e26-ae43-6f8dd855e67e
2025-12-24 03:52:20.569 75 INFO cinder.api.openstack.wsgi [None req-c0c78377-f56c-4432-adc0-0e73612dd522 706b97b5c3c549a08ebb11070de959c1 da068a51078140abb636d4a74bd30215 - - default default] http://[LB_IP_ADDRESS]:8776/v3/da068a51078140abb636d4a74bd30215/types/b00c689a-cdfa-4e26-ae43-6f8dd855e67e returned with HTTP 202
2025-12-24 03:52:20.581 72 INFO cinder.api.openstack.wsgi [None req-5271a7a6-596c-4f06-ba13-df975f58c3f6 706b97b5c3c549a08ebb11070de959c1 da068a51078140abb636d4a74bd30215 - - default default] GET http://[LB_IP_ADDRESS]:8776/v3/da068a51078140abb636d4a74bd30215/types/b00c689a-cdfa-4e26-ae43-6f8dd855e67e
2025-12-24 03:52:20.588 72 INFO cinder.api.openstack.wsgi [None req-5271a7a6-596c-4f06-ba13-df975f58c3f6 706b97b5c3c549a08ebb11070de959c1 da068a51078140abb636d4a74bd30215 - - default default] http://[LB_IP_ADDRESS]:8776/v3/da068a51078140abb636d4a74bd30215/types/b00c689a-cdfa-4e26-ae43-6f8dd855e67e returned with HTTP 404
2025-12-24 03:52:22.004 73 INFO cinder.api.openstack.wsgi [None req-9a004736-5474-4525-9583-c8c98efc5656 9c017cccaa814124b68fe0c4e74eecab 8bd41bb67f5446fb9de282ba558ee5db - - default default] POST http://[LB_IP_ADDRESS]:8776/v3/8bd41bb67f5446fb9de282ba558ee5db/types
2025-12-24 03:52:22.039 73 INFO cinder.api.openstack.wsgi [None req-9a004736-5474-4525-9583-c8c98efc5656 9c017cccaa814124b68fe0c4e74eecab 8bd41bb67f5446fb9de282ba558ee5db - - default default] http://[LB_IP_ADDRESS]:8776/v3/8bd41bb67f5446fb9de282ba558ee5db/types returned with HTTP 200
2025-12-24 03:52:22.159 76 INFO cinder.api.openstack.wsgi [None req-1272176d-be60-4607-b5be-82377408185d 98a019d579624283ad4549f753f3f13e f7a3a3afcd864a50a16899e68da77581 - - default default] POST http://[LB_IP_ADDRESS]:8776/v3/f7a3a3afcd864a50a16899e68da77581/volumes
2025-12-24 03:52:22.171 76 INFO cinder.api.v3.volumes [None req-1272176d-be60-4607-b5be-82377408185d 98a019d579624283ad4549f753f3f13e f7a3a3afcd864a50a16899e68da77581 - - default default] Create volume of 1 GB
2025-12-24 03:52:22.174 76 INFO cinder.volume.api [None req-1272176d-be60-4607-b5be-82377408185d 98a019d579624283ad4549f753f3f13e f7a3a3afcd864a50a16899e68da77581 - - default default] Availability Zones retrieved successfully.
2025-12-24 03:52:22.430 76 WARNING cinder.quota [None req-1272176d-be60-4607-b5be-82377408185d 98a019d579624283ad4549f753f3f13e f7a3a3afcd864a50a16899e68da77581 - - default default] Deprecated: Default quota for resource: volumes_tempest-UserMessagesTest-volume-type-590032843 is set by the default quota flag: quota_volumes_tempest-UserMessagesTest-volume-type-590032843, it is now deprecated. Please use the default quota class for default quota.
2025-12-24 03:52:22.431 76 WARNING cinder.quota [None req-1272176d-be60-4607-b5be-82377408185d 98a019d579624283ad4549f753f3f13e f7a3a3afcd864a50a16899e68da77581 - - default default] Deprecated: Default quota for resource: gigabytes_tempest-UserMessagesTest-volume-type-590032843 is set by the default quota flag: quota_gigabytes_tempest-UserMessagesTest-volume-type-590032843, it is now deprecated. Please use the default quota class for default quota.
2025-12-24 03:52:22.522 76 INFO cinder.volume.api [None req-1272176d-be60-4607-b5be-82377408185d 98a019d579624283ad4549f753f3f13e f7a3a3afcd864a50a16899e68da77581 - - default default] Create volume request issued successfully.
2025-12-24 03:52:22.523 76 INFO cinder.api.openstack.wsgi [None req-1272176d-be60-4607-b5be-82377408185d 98a019d579624283ad4549f753f3f13e f7a3a3afcd864a50a16899e68da77581 - - default default] http://[LB_IP_ADDRESS]:8776/v3/f7a3a3afcd864a50a16899e68da77581/volumes returned with HTTP 202
2025-12-24 03:52:22.539 74 INFO cinder.api.openstack.wsgi [None req-3e1cf94e-bc3e-4e18-b791-377ff257a52f 98a019d579624283ad4549f753f3f13e f7a3a3afcd864a50a16899e68da77581 - - default default] GET http://[LB_IP_ADDRESS]:8776/v3/f7a3a3afcd864a50a16899e68da77581/volumes/598047ab-b7a6-4f5d-b566-dca01c59a612
2025-12-24 03:52:22.558 74 INFO cinder.volume.api [None req-3e1cf94e-bc3e-4e18-b791-377ff257a52f 98a019d579624283ad4549f753f3f13e f7a3a3afcd864a50a16899e68da77581 - - default default] Volume info retrieved successfully.
2025-12-24 03:52:22.566 74 INFO cinder.api.openstack.wsgi [None req-3e1cf94e-bc3e-4e18-b791-377ff257a52f 98a019d579624283ad4549f753f3f13e f7a3a3afcd864a50a16899e68da77581 - - default default] http://[LB_IP_ADDRESS]:8776/v3/f7a3a3afcd864a50a16899e68da77581/volumes/598047ab-b7a6-4f5d-b566-dca01c59a612 returned with HTTP 200
2025-12-24 03:52:23.245 75 INFO cinder.api.openstack.wsgi [None req-dd083691-573e-4dca-937b-29ca47604c2b fe4c3f45954a4073886f625a65a986de eefffdf4b5aa484885c8274e26670b85 - - default default] GET http://[LB_IP_ADDRESS]:8776/v3/eefffdf4b5aa484885c8274e26670b85/os-quota-sets/e6800ae2d33b421b88b70c0cd33f219a
2025-12-24 03:52:23.327 75 WARNING cinder.quota [None req-dd083691-573e-4dca-937b-29ca47604c2b fe4c3f45954a4073886f625a65a986de eefffdf4b5aa484885c8274e26670b85 - - default default] Deprecated: Default quota for resource: volumes_tempest-UserMessagesTest-volume-type-590032843 is set by the default quota flag: quota_volumes_tempest-UserMessagesTest-volume-type-590032843, it is now deprecated. Please use the default quota class for default quota.
2025-12-24 03:52:23.327 75 WARNING cinder.quota [None req-dd083691-573e-4dca-937b-29ca47604c2b fe4c3f45954a4073886f625a65a986de eefffdf4b5aa484885c8274e26670b85 - - default default] Deprecated: Default quota for resource: gigabytes_tempest-UserMessagesTest-volume-type-590032843 is set by the default quota flag: quota_gigabytes_tempest-UserMessagesTest-volume-type-590032843, it is now deprecated. Please use the default quota class for default quota.
2025-12-24 03:52:23.328 75 WARNING cinder.quota [None req-dd083691-573e-4dca-937b-29ca47604c2b fe4c3f45954a4073886f625a65a986de eefffdf4b5aa484885c8274e26670b85 - - default default] Deprecated: Default quota for resource: snapshots_tempest-UserMessagesTest-volume-type-590032843 is set by the default quota flag: quota_snapshots_tempest-UserMessagesTest-volume-type-590032843, it is now deprecated. Please use the default quota class for default quota.
2025-12-24 03:52:23.586 72 INFO cinder.api.openstack.wsgi [None req-8b9be9f4-a027-45b8-ae50-460c14d3b086 98a019d579624283ad4549f753f3f13e f7a3a3afcd864a50a16899e68da77581 - - default default] GET http://[LB_IP_ADDRESS]:8776/v3/f7a3a3afcd864a50a16899e68da77581/volumes/598047ab-b7a6-4f5d-b566-dca01c59a612
2025-12-24 03:52:23.603 72 INFO cinder.volume.api [None req-8b9be9f4-a027-45b8-ae50-460c14d3b086 98a019d579624283ad4549f753f3f13e f7a3a3afcd864a50a16899e68da77581 - - default default] Volume info retrieved successfully.
2025-12-24 03:52:23.607 72 INFO cinder.api.openstack.wsgi [None req-8b9be9f4-a027-45b8-ae50-460c14d3b086 98a019d579624283ad4549f753f3f13e f7a3a3afcd864a50a16899e68da77581 - - default default] http://[LB_IP_ADDRESS]:8776/v3/f7a3a3afcd864a50a16899e68da77581/volumes/598047ab-b7a6-4f5d-b566-dca01c59a612 returned with HTTP 200
2025-12-24 03:52:23.628 73 INFO cinder.api.openstack.wsgi [None req-b60cc5b5-c887-4db3-8abb-040b9b2e5cef 98a019d579624283ad4549f753f3f13e f7a3a3afcd864a50a16899e68da77581 - - default default] GET http://[LB_IP_ADDRESS]:8776/v3/f7a3a3afcd864a50a16899e68da77581/messages
2025-12-24 03:52:23.636 73 INFO cinder.api.openstack.wsgi [None req-b60cc5b5-c887-4db3-8abb-040b9b2e5cef 98a019d579624283ad4549f753f3f13e f7a3a3afcd864a50a16899e68da77581 - - default default] http://[LB_IP_ADDRESS]:8776/v3/f7a3a3afcd864a50a16899e68da77581/messages returned with HTTP 200
2025-12-24 03:52:23.649 76 INFO cinder.api.openstack.wsgi [None req-2b3a8df7-cae5-4c6c-a87d-60831edbc9d4 98a019d579624283ad4549f753f3f13e f7a3a3afcd864a50a16899e68da77581 - - default default] DELETE http://[LB_IP_ADDRESS]:8776/v3/f7a3a3afcd864a50a16899e68da77581/messages/e6219ec6-bbec-4b96-b16d-09081871b586
2025-12-24 03:52:23.658 76 INFO cinder.api.openstack.wsgi [None req-2b3a8df7-cae5-4c6c-a87d-60831edbc9d4 98a019d579624283ad4549f753f3f13e f7a3a3afcd864a50a16899e68da77581 - - default default] http://[LB_IP_ADDRESS]:8776/v3/f7a3a3afcd864a50a16899e68da77581/messages/e6219ec6-bbec-4b96-b16d-09081871b586 returned with HTTP 204
2025-12-24 03:52:23.668 74 INFO cinder.api.openstack.wsgi [None req-cc3c3c68-3c02-4d2b-bea6-e34f2fddcd5e 98a019d579624283ad4549f753f3f13e f7a3a3afcd864a50a16899e68da77581 - - default default] GET http://[LB_IP_ADDRESS]:8776/v3/f7a3a3afcd864a50a16899e68da77581/messages/e6219ec6-bbec-4b96-b16d-09081871b586
2025-12-24 03:52:23.672 74 INFO cinder.api.openstack.wsgi [None req-cc3c3c68-3c02-4d2b-bea6-e34f2fddcd5e 98a019d579624283ad4549f753f3f13e f7a3a3afcd864a50a16899e68da77581 - - default default] http://[LB_IP_ADDRESS]:8776/v3/f7a3a3afcd864a50a16899e68da77581/messages/e6219ec6-bbec-4b96-b16d-09081871b586 returned with HTTP 404
2025-12-24 03:52:23.683 75 INFO cinder.api.openstack.wsgi [None req-dd083691-573e-4dca-937b-29ca47604c2b fe4c3f45954a4073886f625a65a986de eefffdf4b5aa484885c8274e26670b85 - - default default] http://[LB_IP_ADDRESS]:8776/v3/eefffdf4b5aa484885c8274e26670b85/os-quota-sets/e6800ae2d33b421b88b70c0cd33f219a returned with HTTP 200
2025-12-24 03:52:23.684 72 INFO cinder.api.openstack.wsgi [None req-35865ff2-985d-4123-bf59-faa06a2a03ab 98a019d579624283ad4549f753f3f13e f7a3a3afcd864a50a16899e68da77581 - - default default] GET http://[LB_IP_ADDRESS]:8776/v3/f7a3a3afcd864a50a16899e68da77581/volumes/598047ab-b7a6-4f5d-b566-dca01c59a612
2025-12-24 03:52:23.694 73 INFO cinder.api.openstack.wsgi [None req-77bb69a8-78a0-46e0-9d4d-f9ebe66ff6e7 fe4c3f45954a4073886f625a65a986de eefffdf4b5aa484885c8274e26670b85 - - default default] PUT http://[LB_IP_ADDRESS]:8776/v3/eefffdf4b5aa484885c8274e26670b85/os-quota-sets/e6800ae2d33b421b88b70c0cd33f219a
2025-12-24 03:52:23.708 72 INFO cinder.volume.api [None req-35865ff2-985d-4123-bf59-faa06a2a03ab 98a019d579624283ad4549f753f3f13e f7a3a3afcd864a50a16899e68da77581 - - default default] Volume info retrieved successfully.
2025-12-24 03:52:23.713 72 INFO cinder.api.openstack.wsgi [None req-35865ff2-985d-4123-bf59-faa06a2a03ab 98a019d579624283ad4549f753f3f13e f7a3a3afcd864a50a16899e68da77581 - - default default] http://[LB_IP_ADDRESS]:8776/v3/f7a3a3afcd864a50a16899e68da77581/volumes/598047ab-b7a6-4f5d-b566-dca01c59a612 returned with HTTP 200
2025-12-24 03:52:23.731 76 INFO cinder.api.openstack.wsgi [None req-290168ba-d7af-4f08-8ece-72d8f899f4a7 98a019d579624283ad4549f753f3f13e f7a3a3afcd864a50a16899e68da77581 - - default default] DELETE http://[LB_IP_ADDRESS]:8776/v3/f7a3a3afcd864a50a16899e68da77581/volumes/598047ab-b7a6-4f5d-b566-dca01c59a612
2025-12-24 03:52:23.732 76 INFO cinder.api.v3.volumes [None req-290168ba-d7af-4f08-8ece-72d8f899f4a7 98a019d579624283ad4549f753f3f13e f7a3a3afcd864a50a16899e68da77581 - - default default] Delete volume with id: 598047ab-b7a6-4f5d-b566-dca01c59a612 
2025-12-24 03:52:23.746 76 INFO cinder.volume.api [None req-290168ba-d7af-4f08-8ece-72d8f899f4a7 98a019d579624283ad4549f753f3f13e f7a3a3afcd864a50a16899e68da77581 - - default default] Volume info retrieved successfully.
2025-12-24 03:52:23.857 73 WARNING cinder.quota [None req-77bb69a8-78a0-46e0-9d4d-f9ebe66ff6e7 fe4c3f45954a4073886f625a65a986de eefffdf4b5aa484885c8274e26670b85 - - default default] Deprecated: Default quota for resource: volumes_tempest-UserMessagesTest-volume-type-590032843 is set by the default quota flag: quota_volumes_tempest-UserMessagesTest-volume-type-590032843, it is now deprecated. Please use the default quota class for default quota.
2025-12-24 03:52:23.858 73 WARNING cinder.quota [None req-77bb69a8-78a0-46e0-9d4d-f9ebe66ff6e7 fe4c3f45954a4073886f625a65a986de eefffdf4b5aa484885c8274e26670b85 - - default default] Deprecated: Default quota for resource: gigabytes_tempest-UserMessagesTest-volume-type-590032843 is set by the default quota flag: quota_gigabytes_tempest-UserMessagesTest-volume-type-590032843, it is now deprecated. Please use the default quota class for default quota.
2025-12-24 03:52:23.858 73 WARNING cinder.quota [None req-77bb69a8-78a0-46e0-9d4d-f9ebe66ff6e7 fe4c3f45954a4073886f625a65a986de eefffdf4b5aa484885c8274e26670b85 - - default default] Deprecated: Default quota for resource: snapshots_tempest-UserMessagesTest-volume-type-590032843 is set by the default quota flag: quota_snapshots_tempest-UserMessagesTest-volume-type-590032843, it is now deprecated. Please use the default quota class for default quota.
2025-12-24 03:52:23.916 73 INFO cinder.api.openstack.wsgi [None req-77bb69a8-78a0-46e0-9d4d-f9ebe66ff6e7 fe4c3f45954a4073886f625a65a986de eefffdf4b5aa484885c8274e26670b85 - - default default] http://[LB_IP_ADDRESS]:8776/v3/eefffdf4b5aa484885c8274e26670b85/os-quota-sets/e6800ae2d33b421b88b70c0cd33f219a returned with HTTP 200
2025-12-24 03:52:24.063 75 INFO cinder.api.openstack.wsgi [None req-182f4a82-aaad-47bc-ae1b-f786ec702b34 9adfdaca5406420fa53c808f8c7cd33e 435319778e4140ac96de7a18357ab900 - - default default] POST http://[LB_IP_ADDRESS]:8776/v3/435319778e4140ac96de7a18357ab900/group_types
2025-12-24 03:52:24.085 74 INFO cinder.api.openstack.wsgi [None req-c7a48448-8f8f-4429-8c7b-b0fa6cd7a206 7d5f276ba4bc4f02ad0db51696944b86 e6800ae2d33b421b88b70c0cd33f219a - - default default] POST http://[LB_IP_ADDRESS]:8776/v3/e6800ae2d33b421b88b70c0cd33f219a/volumes
2025-12-24 03:52:24.089 76 INFO cinder.volume.api [None req-290168ba-d7af-4f08-8ece-72d8f899f4a7 98a019d579624283ad4549f753f3f13e f7a3a3afcd864a50a16899e68da77581 - - default default] Delete volume request issued successfully.
2025-12-24 03:52:24.090 76 INFO cinder.api.openstack.wsgi [None req-290168ba-d7af-4f08-8ece-72d8f899f4a7 98a019d579624283ad4549f753f3f13e f7a3a3afcd864a50a16899e68da77581 - - default default] http://[LB_IP_ADDRESS]:8776/v3/f7a3a3afcd864a50a16899e68da77581/volumes/598047ab-b7a6-4f5d-b566-dca01c59a612 returned with HTTP 202
2025-12-24 03:52:24.090 74 INFO cinder.api.v3.volumes [None req-c7a48448-8f8f-4429-8c7b-b0fa6cd7a206 7d5f276ba4bc4f02ad0db51696944b86 e6800ae2d33b421b88b70c0cd33f219a - - default default] Create volume of 1 GB
2025-12-24 03:52:24.092 75 INFO cinder.api.openstack.wsgi [None req-182f4a82-aaad-47bc-ae1b-f786ec702b34 9adfdaca5406420fa53c808f8c7cd33e 435319778e4140ac96de7a18357ab900 - - default default] http://[LB_IP_ADDRESS]:8776/v3/435319778e4140ac96de7a18357ab900/group_types returned with HTTP 202
2025-12-24 03:52:24.098 74 INFO cinder.volume.api [None req-c7a48448-8f8f-4429-8c7b-b0fa6cd7a206 7d5f276ba4bc4f02ad0db51696944b86 e6800ae2d33b421b88b70c0cd33f219a - - default default] Availability Zones retrieved successfully.
2025-12-24 03:52:24.102 72 INFO cinder.api.openstack.wsgi [None req-004ab673-0506-40c5-845b-09e22f71cc29 98a019d579624283ad4549f753f3f13e f7a3a3afcd864a50a16899e68da77581 - - default default] GET http://[LB_IP_ADDRESS]:8776/v3/f7a3a3afcd864a50a16899e68da77581/volumes/598047ab-b7a6-4f5d-b566-dca01c59a612
2025-12-24 03:52:24.103 73 INFO cinder.api.openstack.wsgi [None req-ba47dc48-5ac6-4e0e-8661-d1c2889b6169 9adfdaca5406420fa53c808f8c7cd33e 435319778e4140ac96de7a18357ab900 - - default default] POST http://[LB_IP_ADDRESS]:8776/v3/435319778e4140ac96de7a18357ab900/group_types/1e1ff542-50e9-4257-ae8c-f28969abd2a0/group_specs
2025-12-24 03:52:24.113 72 INFO cinder.api.openstack.wsgi [None req-004ab673-0506-40c5-845b-09e22f71cc29 98a019d579624283ad4549f753f3f13e f7a3a3afcd864a50a16899e68da77581 - - default default] http://[LB_IP_ADDRESS]:8776/v3/f7a3a3afcd864a50a16899e68da77581/volumes/598047ab-b7a6-4f5d-b566-dca01c59a612 returned with HTTP 404
2025-12-24 03:52:24.126 76 INFO cinder.api.openstack.wsgi [None req-39d7bd0e-5c1d-4c84-8a15-adfe42d4102a 9c017cccaa814124b68fe0c4e74eecab 8bd41bb67f5446fb9de282ba558ee5db - - default default] DELETE http://[LB_IP_ADDRESS]:8776/v3/8bd41bb67f5446fb9de282ba558ee5db/types/846e94b6-42da-4c5f-8eb8-e4dfa34e98c4
2025-12-24 03:52:24.127 73 INFO cinder.api.openstack.wsgi [None req-ba47dc48-5ac6-4e0e-8661-d1c2889b6169 9adfdaca5406420fa53c808f8c7cd33e 435319778e4140ac96de7a18357ab900 - - default default] http://[LB_IP_ADDRESS]:8776/v3/435319778e4140ac96de7a18357ab900/group_types/1e1ff542-50e9-4257-ae8c-f28969abd2a0/group_specs returned with HTTP 202
2025-12-24 03:52:24.142 75 INFO cinder.api.openstack.wsgi [None req-0de8b83c-f015-4b53-bc0f-5fdb402050fc 9adfdaca5406420fa53c808f8c7cd33e 435319778e4140ac96de7a18357ab900 - - default default] POST http://[LB_IP_ADDRESS]:8776/v3/435319778e4140ac96de7a18357ab900/group_types/1e1ff542-50e9-4257-ae8c-f28969abd2a0/group_specs
2025-12-24 03:52:24.162 75 INFO cinder.api.openstack.wsgi [None req-0de8b83c-f015-4b53-bc0f-5fdb402050fc 9adfdaca5406420fa53c808f8c7cd33e 435319778e4140ac96de7a18357ab900 - - default default] http://[LB_IP_ADDRESS]:8776/v3/435319778e4140ac96de7a18357ab900/group_types/1e1ff542-50e9-4257-ae8c-f28969abd2a0/group_specs returned with HTTP 202
2025-12-24 03:52:24.164 76 INFO cinder.api.openstack.wsgi [None req-39d7bd0e-5c1d-4c84-8a15-adfe42d4102a 9c017cccaa814124b68fe0c4e74eecab 8bd41bb67f5446fb9de282ba558ee5db - - default default] http://[LB_IP_ADDRESS]:8776/v3/8bd41bb67f5446fb9de282ba558ee5db/types/846e94b6-42da-4c5f-8eb8-e4dfa34e98c4 returned with HTTP 202
2025-12-24 03:52:24.172 72 INFO cinder.api.openstack.wsgi [None req-e597d3ba-f6ee-44b2-bdf5-a17930742394 9c017cccaa814124b68fe0c4e74eecab 8bd41bb67f5446fb9de282ba558ee5db - - default default] GET http://[LB_IP_ADDRESS]:8776/v3/8bd41bb67f5446fb9de282ba558ee5db/types/846e94b6-42da-4c5f-8eb8-e4dfa34e98c4
2025-12-24 03:52:24.176 73 INFO cinder.api.openstack.wsgi [None req-34e6434f-c87c-4267-a04c-ba6cf360c039 9adfdaca5406420fa53c808f8c7cd33e 435319778e4140ac96de7a18357ab900 - - default default] GET http://[LB_IP_ADDRESS]:8776/v3/435319778e4140ac96de7a18357ab900/group_types/1e1ff542-50e9-4257-ae8c-f28969abd2a0/group_specs/key2
2025-12-24 03:52:24.177 72 INFO cinder.api.openstack.wsgi [None req-e597d3ba-f6ee-44b2-bdf5-a17930742394 9c017cccaa814124b68fe0c4e74eecab 8bd41bb67f5446fb9de282ba558ee5db - - default default] http://[LB_IP_ADDRESS]:8776/v3/8bd41bb67f5446fb9de282ba558ee5db/types/846e94b6-42da-4c5f-8eb8-e4dfa34e98c4 returned with HTTP 404
2025-12-24 03:52:24.187 75 INFO cinder.api.openstack.wsgi [None req-03b684ed-c1f0-4f1e-b3c0-42417e74a0f5 9c017cccaa814124b68fe0c4e74eecab 8bd41bb67f5446fb9de282ba558ee5db - - default default] POST http://[LB_IP_ADDRESS]:8776/v3/8bd41bb67f5446fb9de282ba558ee5db/types
2025-12-24 03:52:24.187 73 INFO cinder.api.openstack.wsgi [None req-34e6434f-c87c-4267-a04c-ba6cf360c039 9adfdaca5406420fa53c808f8c7cd33e 435319778e4140ac96de7a18357ab900 - - default default] http://[LB_IP_ADDRESS]:8776/v3/435319778e4140ac96de7a18357ab900/group_types/1e1ff542-50e9-4257-ae8c-f28969abd2a0/group_specs/key2 returned with HTTP 200
2025-12-24 03:52:24.198 76 INFO cinder.api.openstack.wsgi [None req-4c052f36-5327-4648-a56e-f6a4ae394e44 9adfdaca5406420fa53c808f8c7cd33e 435319778e4140ac96de7a18357ab900 - - default default] GET http://[LB_IP_ADDRESS]:8776/v3/435319778e4140ac96de7a18357ab900/group_types/1e1ff542-50e9-4257-ae8c-f28969abd2a0/group_specs/key3
2025-12-24 03:52:24.207 76 INFO cinder.api.openstack.wsgi [None req-4c052f36-5327-4648-a56e-f6a4ae394e44 9adfdaca5406420fa53c808f8c7cd33e 435319778e4140ac96de7a18357ab900 - - default default] http://[LB_IP_ADDRESS]:8776/v3/435319778e4140ac96de7a18357ab900/group_types/1e1ff542-50e9-4257-ae8c-f28969abd2a0/group_specs/key3 returned with HTTP 200
2025-12-24 03:52:24.220 72 INFO cinder.api.openstack.wsgi [None req-81b617e5-f4f6-4a4a-a659-829562096ac0 9adfdaca5406420fa53c808f8c7cd33e 435319778e4140ac96de7a18357ab900 - - default default] PUT http://[LB_IP_ADDRESS]:8776/v3/435319778e4140ac96de7a18357ab900/group_types/1e1ff542-50e9-4257-ae8c-f28969abd2a0/group_specs/key3
2025-12-24 03:52:24.223 75 INFO cinder.api.openstack.wsgi [None req-03b684ed-c1f0-4f1e-b3c0-42417e74a0f5 9c017cccaa814124b68fe0c4e74eecab 8bd41bb67f5446fb9de282ba558ee5db - - default default] http://[LB_IP_ADDRESS]:8776/v3/8bd41bb67f5446fb9de282ba558ee5db/types returned with HTTP 200
2025-12-24 03:52:24.234 72 INFO cinder.api.openstack.wsgi [None req-81b617e5-f4f6-4a4a-a659-829562096ac0 9adfdaca5406420fa53c808f8c7cd33e 435319778e4140ac96de7a18357ab900 - - default default] http://[LB_IP_ADDRESS]:8776/v3/435319778e4140ac96de7a18357ab900/group_types/1e1ff542-50e9-4257-ae8c-f28969abd2a0/group_specs/key3 returned with HTTP 200
2025-12-24 03:52:24.237 73 INFO cinder.api.openstack.wsgi [None req-ec8dacdf-663c-47fe-a76a-c4067e950d32 98a019d579624283ad4549f753f3f13e f7a3a3afcd864a50a16899e68da77581 - - default default] POST http://[LB_IP_ADDRESS]:8776/v3/f7a3a3afcd864a50a16899e68da77581/volumes
2025-12-24 03:52:24.247 73 INFO cinder.api.v3.volumes [None req-ec8dacdf-663c-47fe-a76a-c4067e950d32 98a019d579624283ad4549f753f3f13e f7a3a3afcd864a50a16899e68da77581 - - default default] Create volume of 1 GB
2025-12-24 03:52:24.248 76 INFO cinder.api.openstack.wsgi [None req-dd519ece-b0e8-4e5d-9541-7ac807a38af0 9adfdaca5406420fa53c808f8c7cd33e 435319778e4140ac96de7a18357ab900 - - default default] GET http://[LB_IP_ADDRESS]:8776/v3/435319778e4140ac96de7a18357ab900/group_types/1e1ff542-50e9-4257-ae8c-f28969abd2a0/group_specs
2025-12-24 03:52:24.248 73 INFO cinder.volume.api [None req-ec8dacdf-663c-47fe-a76a-c4067e950d32 98a019d579624283ad4549f753f3f13e f7a3a3afcd864a50a16899e68da77581 - - default default] Availability Zones retrieved successfully.
2025-12-24 03:52:24.258 76 INFO cinder.api.openstack.wsgi [None req-dd519ece-b0e8-4e5d-9541-7ac807a38af0 9adfdaca5406420fa53c808f8c7cd33e 435319778e4140ac96de7a18357ab900 - - default default] http://[LB_IP_ADDRESS]:8776/v3/435319778e4140ac96de7a18357ab900/group_types/1e1ff542-50e9-4257-ae8c-f28969abd2a0/group_specs returned with HTTP 200
2025-12-24 03:52:24.272 75 INFO cinder.api.openstack.wsgi [None req-2a1d14ba-897d-495f-86b8-556771ea5a87 9adfdaca5406420fa53c808f8c7cd33e 435319778e4140ac96de7a18357ab900 - - default default] DELETE http://[LB_IP_ADDRESS]:8776/v3/435319778e4140ac96de7a18357ab900/group_types/1e1ff542-50e9-4257-ae8c-f28969abd2a0/group_specs/key1
2025-12-24 03:52:24.284 75 INFO cinder.api.openstack.wsgi [None req-2a1d14ba-897d-495f-86b8-556771ea5a87 9adfdaca5406420fa53c808f8c7cd33e 435319778e4140ac96de7a18357ab900 - - default default] http://[LB_IP_ADDRESS]:8776/v3/435319778e4140ac96de7a18357ab900/group_types/1e1ff542-50e9-4257-ae8c-f28969abd2a0/group_specs/key1 returned with HTTP 202
2025-12-24 03:52:24.293 72 INFO cinder.api.openstack.wsgi [None req-ba12f722-c3b7-43c8-8860-5be271c77773 9adfdaca5406420fa53c808f8c7cd33e 435319778e4140ac96de7a18357ab900 - - default default] GET http://[LB_IP_ADDRESS]:8776/v3/435319778e4140ac96de7a18357ab900/group_types/1e1ff542-50e9-4257-ae8c-f28969abd2a0/group_specs/key1
2025-12-24 03:52:24.299 72 INFO cinder.api.openstack.wsgi [None req-ba12f722-c3b7-43c8-8860-5be271c77773 9adfdaca5406420fa53c808f8c7cd33e 435319778e4140ac96de7a18357ab900 - - default default] HTTP exception thrown: Group Type 1e1ff542-50e9-4257-ae8c-f28969abd2a0 has no extra spec with key key1.
2025-12-24 03:52:24.299 72 INFO cinder.api.openstack.wsgi [None req-ba12f722-c3b7-43c8-8860-5be271c77773 9adfdaca5406420fa53c808f8c7cd33e 435319778e4140ac96de7a18357ab900 - - default default] http://[LB_IP_ADDRESS]:8776/v3/435319778e4140ac96de7a18357ab900/group_types/1e1ff542-50e9-4257-ae8c-f28969abd2a0/group_specs/key1 returned with HTTP 404
2025-12-24 03:52:24.309 76 INFO cinder.api.openstack.wsgi [None req-211d62ea-4b8a-4a25-ab59-94afbab2f02d 9adfdaca5406420fa53c808f8c7cd33e 435319778e4140ac96de7a18357ab900 - - default default] DELETE http://[LB_IP_ADDRESS]:8776/v3/435319778e4140ac96de7a18357ab900/group_types/1e1ff542-50e9-4257-ae8c-f28969abd2a0/group_specs/key2
2025-12-24 03:52:24.321 76 INFO cinder.api.openstack.wsgi [None req-211d62ea-4b8a-4a25-ab59-94afbab2f02d 9adfdaca5406420fa53c808f8c7cd33e 435319778e4140ac96de7a18357ab900 - - default default] http://[LB_IP_ADDRESS]:8776/v3/435319778e4140ac96de7a18357ab900/group_types/1e1ff542-50e9-4257-ae8c-f28969abd2a0/group_specs/key2 returned with HTTP 202
2025-12-24 03:52:24.328 75 INFO cinder.api.openstack.wsgi [None req-8722e299-71ed-4d23-9080-ff8c1a55fb7c 9adfdaca5406420fa53c808f8c7cd33e 435319778e4140ac96de7a18357ab900 - - default default] GET http://[LB_IP_ADDRESS]:8776/v3/435319778e4140ac96de7a18357ab900/group_types/1e1ff542-50e9-4257-ae8c-f28969abd2a0/group_specs/key2
2025-12-24 03:52:24.335 75 INFO cinder.api.openstack.wsgi [None req-8722e299-71ed-4d23-9080-ff8c1a55fb7c 9adfdaca5406420fa53c808f8c7cd33e 435319778e4140ac96de7a18357ab900 - - default default] HTTP exception thrown: Group Type 1e1ff542-50e9-4257-ae8c-f28969abd2a0 has no extra spec with key key2.
2025-12-24 03:52:24.335 75 INFO cinder.api.openstack.wsgi [None req-8722e299-71ed-4d23-9080-ff8c1a55fb7c 9adfdaca5406420fa53c808f8c7cd33e 435319778e4140ac96de7a18357ab900 - - default default] http://[LB_IP_ADDRESS]:8776/v3/435319778e4140ac96de7a18357ab900/group_types/1e1ff542-50e9-4257-ae8c-f28969abd2a0/group_specs/key2 returned with HTTP 404
2025-12-24 03:52:24.345 72 INFO cinder.api.openstack.wsgi [None req-dc104f74-4104-4110-9be5-bb710a85b343 9adfdaca5406420fa53c808f8c7cd33e 435319778e4140ac96de7a18357ab900 - - default default] DELETE http://[LB_IP_ADDRESS]:8776/v3/435319778e4140ac96de7a18357ab900/group_types/1e1ff542-50e9-4257-ae8c-f28969abd2a0/group_specs/key3
2025-12-24 03:52:24.357 72 INFO cinder.api.openstack.wsgi [None req-dc104f74-4104-4110-9be5-bb710a85b343 9adfdaca5406420fa53c808f8c7cd33e 435319778e4140ac96de7a18357ab900 - - default default] http://[LB_IP_ADDRESS]:8776/v3/435319778e4140ac96de7a18357ab900/group_types/1e1ff542-50e9-4257-ae8c-f28969abd2a0/group_specs/key3 returned with HTTP 202
2025-12-24 03:52:24.370 76 INFO cinder.api.openstack.wsgi [None req-845b5b82-5687-4f6c-bf31-7e1bdc88c2a5 9adfdaca5406420fa53c808f8c7cd33e 435319778e4140ac96de7a18357ab900 - - default default] GET http://[LB_IP_ADDRESS]:8776/v3/435319778e4140ac96de7a18357ab900/group_types/1e1ff542-50e9-4257-ae8c-f28969abd2a0/group_specs/key3
2025-12-24 03:52:24.380 76 INFO cinder.api.openstack.wsgi [None req-845b5b82-5687-4f6c-bf31-7e1bdc88c2a5 9adfdaca5406420fa53c808f8c7cd33e 435319778e4140ac96de7a18357ab900 - - default default] HTTP exception thrown: Group Type 1e1ff542-50e9-4257-ae8c-f28969abd2a0 has no extra spec with key key3.
2025-12-24 03:52:24.380 76 INFO cinder.api.openstack.wsgi [None req-845b5b82-5687-4f6c-bf31-7e1bdc88c2a5 9adfdaca5406420fa53c808f8c7cd33e 435319778e4140ac96de7a18357ab900 - - default default] http://[LB_IP_ADDRESS]:8776/v3/435319778e4140ac96de7a18357ab900/group_types/1e1ff542-50e9-4257-ae8c-f28969abd2a0/group_specs/key3 returned with HTTP 404
2025-12-24 03:52:24.393 75 INFO cinder.api.openstack.wsgi [None req-6e20baac-93d9-4c0a-baf6-e82590ef2df9 9adfdaca5406420fa53c808f8c7cd33e 435319778e4140ac96de7a18357ab900 - - default default] DELETE http://[LB_IP_ADDRESS]:8776/v3/435319778e4140ac96de7a18357ab900/group_types/1e1ff542-50e9-4257-ae8c-f28969abd2a0
2025-12-24 03:52:24.408 75 INFO cinder.api.openstack.wsgi [None req-6e20baac-93d9-4c0a-baf6-e82590ef2df9 9adfdaca5406420fa53c808f8c7cd33e 435319778e4140ac96de7a18357ab900 - - default default] http://[LB_IP_ADDRESS]:8776/v3/435319778e4140ac96de7a18357ab900/group_types/1e1ff542-50e9-4257-ae8c-f28969abd2a0 returned with HTTP 202
2025-12-24 03:52:24.464 74 INFO cinder.volume.api [None req-c7a48448-8f8f-4429-8c7b-b0fa6cd7a206 7d5f276ba4bc4f02ad0db51696944b86 e6800ae2d33b421b88b70c0cd33f219a - - default default] Create volume request issued successfully.
2025-12-24 03:52:24.465 74 INFO cinder.api.openstack.wsgi [None req-c7a48448-8f8f-4429-8c7b-b0fa6cd7a206 7d5f276ba4bc4f02ad0db51696944b86 e6800ae2d33b421b88b70c0cd33f219a - - default default] http://[LB_IP_ADDRESS]:8776/v3/e6800ae2d33b421b88b70c0cd33f219a/volumes returned with HTTP 202
2025-12-24 03:52:24.485 72 INFO cinder.api.openstack.wsgi [None req-54dc2f65-c109-41dd-a05e-98eccd2de960 7d5f276ba4bc4f02ad0db51696944b86 e6800ae2d33b421b88b70c0cd33f219a - - default default] GET http://[LB_IP_ADDRESS]:8776/v3/e6800ae2d33b421b88b70c0cd33f219a/volumes/58042c53-322e-49d7-a4e9-2e86f118a3f5
2025-12-24 03:52:24.499 72 INFO cinder.volume.api [None req-54dc2f65-c109-41dd-a05e-98eccd2de960 7d5f276ba4bc4f02ad0db51696944b86 e6800ae2d33b421b88b70c0cd33f219a - - default default] Volume info retrieved successfully.
2025-12-24 03:52:24.504 72 INFO cinder.api.openstack.wsgi [None req-54dc2f65-c109-41dd-a05e-98eccd2de960 7d5f276ba4bc4f02ad0db51696944b86 e6800ae2d33b421b88b70c0cd33f219a - - default default] http://[LB_IP_ADDRESS]:8776/v3/e6800ae2d33b421b88b70c0cd33f219a/volumes/58042c53-322e-49d7-a4e9-2e86f118a3f5 returned with HTTP 200
2025-12-24 03:52:24.532 73 WARNING cinder.quota [None req-ec8dacdf-663c-47fe-a76a-c4067e950d32 98a019d579624283ad4549f753f3f13e f7a3a3afcd864a50a16899e68da77581 - - default default] Deprecated: Default quota for resource: volumes_tempest-UserMessagesTest-volume-type-1077568497 is set by the default quota flag: quota_volumes_tempest-UserMessagesTest-volume-type-1077568497, it is now deprecated. Please use the default quota class for default quota.
2025-12-24 03:52:24.532 73 WARNING cinder.quota [None req-ec8dacdf-663c-47fe-a76a-c4067e950d32 98a019d579624283ad4549f753f3f13e f7a3a3afcd864a50a16899e68da77581 - - default default] Deprecated: Default quota for resource: gigabytes_tempest-UserMessagesTest-volume-type-1077568497 is set by the default quota flag: quota_gigabytes_tempest-UserMessagesTest-volume-type-1077568497, it is now deprecated. Please use the default quota class for default quota.
2025-12-24 03:52:24.645 73 INFO cinder.volume.api [None req-ec8dacdf-663c-47fe-a76a-c4067e950d32 98a019d579624283ad4549f753f3f13e f7a3a3afcd864a50a16899e68da77581 - - default default] Create volume request issued successfully.
2025-12-24 03:52:24.648 73 INFO cinder.api.openstack.wsgi [None req-ec8dacdf-663c-47fe-a76a-c4067e950d32 98a019d579624283ad4549f753f3f13e f7a3a3afcd864a50a16899e68da77581 - - default default] http://[LB_IP_ADDRESS]:8776/v3/f7a3a3afcd864a50a16899e68da77581/volumes returned with HTTP 202
2025-12-24 03:52:24.668 76 INFO cinder.api.openstack.wsgi [None req-c8cef5d6-4c62-4344-bafd-64931db50a18 98a019d579624283ad4549f753f3f13e f7a3a3afcd864a50a16899e68da77581 - - default default] GET http://[LB_IP_ADDRESS]:8776/v3/f7a3a3afcd864a50a16899e68da77581/volumes/19937b6c-32fe-465b-b362-ce7eb8c4ae89
2025-12-24 03:52:24.683 76 INFO cinder.volume.api [None req-c8cef5d6-4c62-4344-bafd-64931db50a18 98a019d579624283ad4549f753f3f13e f7a3a3afcd864a50a16899e68da77581 - - default default] Volume info retrieved successfully.
2025-12-24 03:52:24.688 76 INFO cinder.api.openstack.wsgi [None req-c8cef5d6-4c62-4344-bafd-64931db50a18 98a019d579624283ad4549f753f3f13e f7a3a3afcd864a50a16899e68da77581 - - default default] http://[LB_IP_ADDRESS]:8776/v3/f7a3a3afcd864a50a16899e68da77581/volumes/19937b6c-32fe-465b-b362-ce7eb8c4ae89 returned with HTTP 200
2025-12-24 03:52:25.524 75 INFO cinder.api.openstack.wsgi [None req-044db678-7388-423d-965b-2d806125044a 7d5f276ba4bc4f02ad0db51696944b86 e6800ae2d33b421b88b70c0cd33f219a - - default default] GET http://[LB_IP_ADDRESS]:8776/v3/e6800ae2d33b421b88b70c0cd33f219a/volumes/58042c53-322e-49d7-a4e9-2e86f118a3f5
2025-12-24 03:52:25.548 75 INFO cinder.volume.api [None req-044db678-7388-423d-965b-2d806125044a 7d5f276ba4bc4f02ad0db51696944b86 e6800ae2d33b421b88b70c0cd33f219a - - default default] Volume info retrieved successfully.
2025-12-24 03:52:25.554 75 INFO cinder.api.openstack.wsgi [None req-044db678-7388-423d-965b-2d806125044a 7d5f276ba4bc4f02ad0db51696944b86 e6800ae2d33b421b88b70c0cd33f219a - - default default] http://[LB_IP_ADDRESS]:8776/v3/e6800ae2d33b421b88b70c0cd33f219a/volumes/58042c53-322e-49d7-a4e9-2e86f118a3f5 returned with HTTP 200
2025-12-24 03:52:25.576 74 INFO cinder.api.openstack.wsgi [None req-f8f3fc02-e426-4ccf-8368-d50bfb353c38 7d5f276ba4bc4f02ad0db51696944b86 e6800ae2d33b421b88b70c0cd33f219a - - default default] POST http://[LB_IP_ADDRESS]:8776/v3/e6800ae2d33b421b88b70c0cd33f219a/snapshots
2025-12-24 03:52:25.592 74 INFO cinder.volume.api [None req-f8f3fc02-e426-4ccf-8368-d50bfb353c38 7d5f276ba4bc4f02ad0db51696944b86 e6800ae2d33b421b88b70c0cd33f219a - - default default] Volume info retrieved successfully.
2025-12-24 03:52:25.592 74 INFO cinder.api.v3.snapshots [None req-f8f3fc02-e426-4ccf-8368-d50bfb353c38 7d5f276ba4bc4f02ad0db51696944b86 e6800ae2d33b421b88b70c0cd33f219a - - default default] Create snapshot from volume 58042c53-322e-49d7-a4e9-2e86f118a3f5
2025-12-24 03:52:25.708 72 INFO cinder.api.openstack.wsgi [None req-fc8b89e3-bc64-47f6-8426-9ea87032c1df 98a019d579624283ad4549f753f3f13e f7a3a3afcd864a50a16899e68da77581 - - default default] GET http://[LB_IP_ADDRESS]:8776/v3/f7a3a3afcd864a50a16899e68da77581/volumes/19937b6c-32fe-465b-b362-ce7eb8c4ae89
2025-12-24 03:52:25.718 74 INFO cinder.volume.api [None req-f8f3fc02-e426-4ccf-8368-d50bfb353c38 7d5f276ba4bc4f02ad0db51696944b86 e6800ae2d33b421b88b70c0cd33f219a - - default default] Snapshot create request issued successfully.
