2025-07-30 17:31:05.378 23 INFO cinder.api.openstack.wsgi [None req-a5850463-9f2d-40da-81a3-2e5d78c9b83b 4fbe890a939f4df4b4383ad8e0864105 84bc2a786d1c402490fbcb24edfe22f9 - - default default] DELETE http://[LB_IP_ADDRESS]:8776/v3/84bc2a786d1c402490fbcb24edfe22f9/group_types/e7bb20ab-b690-487b-a54a-6d927d597302
2025-07-30 17:31:05.401 23 INFO cinder.api.openstack.wsgi [None req-a5850463-9f2d-40da-81a3-2e5d78c9b83b 4fbe890a939f4df4b4383ad8e0864105 84bc2a786d1c402490fbcb24edfe22f9 - - default default] http://[LB_IP_ADDRESS]:8776/v3/84bc2a786d1c402490fbcb24edfe22f9/group_types/e7bb20ab-b690-487b-a54a-6d927d597302 returned with HTTP 202
2025-07-30 17:31:05.412 24 INFO cinder.api.openstack.wsgi [None req-c9a5c980-80d4-4ccb-b52a-c8846f0027d4 4fbe890a939f4df4b4383ad8e0864105 84bc2a786d1c402490fbcb24edfe22f9 - - default default] DELETE http://[LB_IP_ADDRESS]:8776/v3/84bc2a786d1c402490fbcb24edfe22f9/group_types/b135731a-950a-4676-83f2-6891d64f0299
2025-07-30 17:31:05.433 24 INFO cinder.api.openstack.wsgi [None req-c9a5c980-80d4-4ccb-b52a-c8846f0027d4 4fbe890a939f4df4b4383ad8e0864105 84bc2a786d1c402490fbcb24edfe22f9 - - default default] http://[LB_IP_ADDRESS]:8776/v3/84bc2a786d1c402490fbcb24edfe22f9/group_types/b135731a-950a-4676-83f2-6891d64f0299 returned with HTTP 202
2025-07-30 17:31:05.754 25 INFO cinder.api.openstack.wsgi [None req-c60d5f5e-abcc-4d70-9235-09ca1e8105d5 34db5947c8ab4e92a0200a9d8eb1efa5 e5e9f52a99114c1295e6345d2f339592 - - default default] GET http://[LB_IP_ADDRESS]:8776/v3/e5e9f52a99114c1295e6345d2f339592/groups/9dd0bd6f-c689-41eb-9bf6-8b06f274b869
2025-07-30 17:31:05.776 25 INFO cinder.api.openstack.wsgi [None req-c60d5f5e-abcc-4d70-9235-09ca1e8105d5 34db5947c8ab4e92a0200a9d8eb1efa5 e5e9f52a99114c1295e6345d2f339592 - - default default] http://[LB_IP_ADDRESS]:8776/v3/e5e9f52a99114c1295e6345d2f339592/groups/9dd0bd6f-c689-41eb-9bf6-8b06f274b869 returned with HTTP 200
2025-07-30 17:31:05.793 21 INFO cinder.api.openstack.wsgi [None req-5ab40b2a-3d0c-4534-9691-fc15bbaa8712 34db5947c8ab4e92a0200a9d8eb1efa5 e5e9f52a99114c1295e6345d2f339592 - - default default] POST http://[LB_IP_ADDRESS]:8776/v3/e5e9f52a99114c1295e6345d2f339592/volumes
2025-07-30 17:31:05.813 21 INFO cinder.api.v3.volumes [None req-5ab40b2a-3d0c-4534-9691-fc15bbaa8712 34db5947c8ab4e92a0200a9d8eb1efa5 e5e9f52a99114c1295e6345d2f339592 - - default default] Create volume of 1 GB
2025-07-30 17:31:05.823 21 INFO cinder.volume.api [None req-5ab40b2a-3d0c-4534-9691-fc15bbaa8712 34db5947c8ab4e92a0200a9d8eb1efa5 e5e9f52a99114c1295e6345d2f339592 - - default default] Availability Zones retrieved successfully.
2025-07-30 17:31:05.981 21 WARNING cinder.quota [None req-5ab40b2a-3d0c-4534-9691-fc15bbaa8712 34db5947c8ab4e92a0200a9d8eb1efa5 e5e9f52a99114c1295e6345d2f339592 - - default default] Deprecated: Default quota for resource: volumes_tempest-GroupSnapshotsTest-volume-type-449312761 is set by the default quota flag: quota_volumes_tempest-GroupSnapshotsTest-volume-type-449312761, it is now deprecated. Please use the default quota class for default quota.
2025-07-30 17:31:05.982 21 WARNING cinder.quota [None req-5ab40b2a-3d0c-4534-9691-fc15bbaa8712 34db5947c8ab4e92a0200a9d8eb1efa5 e5e9f52a99114c1295e6345d2f339592 - - default default] Deprecated: Default quota for resource: gigabytes_tempest-GroupSnapshotsTest-volume-type-449312761 is set by the default quota flag: quota_gigabytes_tempest-GroupSnapshotsTest-volume-type-449312761, it is now deprecated. Please use the default quota class for default quota.
2025-07-30 17:31:06.095 21 INFO cinder.volume.api [None req-5ab40b2a-3d0c-4534-9691-fc15bbaa8712 34db5947c8ab4e92a0200a9d8eb1efa5 e5e9f52a99114c1295e6345d2f339592 - - default default] Create volume request issued successfully.
2025-07-30 17:31:06.112 21 INFO cinder.api.openstack.wsgi [None req-5ab40b2a-3d0c-4534-9691-fc15bbaa8712 34db5947c8ab4e92a0200a9d8eb1efa5 e5e9f52a99114c1295e6345d2f339592 - - default default] http://[LB_IP_ADDRESS]:8776/v3/e5e9f52a99114c1295e6345d2f339592/volumes returned with HTTP 202
2025-07-30 17:31:06.138 22 INFO cinder.api.openstack.wsgi [None req-72ece34f-6553-4186-bbf1-62d0dc51116c 34db5947c8ab4e92a0200a9d8eb1efa5 e5e9f52a99114c1295e6345d2f339592 - - default default] GET http://[LB_IP_ADDRESS]:8776/v3/e5e9f52a99114c1295e6345d2f339592/volumes/9b174979-25b5-4ce1-a1bd-bd6da25ea2fa
2025-07-30 17:31:06.167 22 INFO cinder.volume.api [None req-72ece34f-6553-4186-bbf1-62d0dc51116c 34db5947c8ab4e92a0200a9d8eb1efa5 e5e9f52a99114c1295e6345d2f339592 - - default default] Volume info retrieved successfully.
2025-07-30 17:31:06.196 22 INFO cinder.api.openstack.wsgi [None req-72ece34f-6553-4186-bbf1-62d0dc51116c 34db5947c8ab4e92a0200a9d8eb1efa5 e5e9f52a99114c1295e6345d2f339592 - - default default] http://[LB_IP_ADDRESS]:8776/v3/e5e9f52a99114c1295e6345d2f339592/volumes/9b174979-25b5-4ce1-a1bd-bd6da25ea2fa returned with HTTP 200
2025-07-30 17:31:07.224 23 INFO cinder.api.openstack.wsgi [None req-3074184b-fc8f-4522-8e11-298207f17fa6 34db5947c8ab4e92a0200a9d8eb1efa5 e5e9f52a99114c1295e6345d2f339592 - - default default] GET http://[LB_IP_ADDRESS]:8776/v3/e5e9f52a99114c1295e6345d2f339592/volumes/9b174979-25b5-4ce1-a1bd-bd6da25ea2fa
2025-07-30 17:31:07.245 23 INFO cinder.volume.api [None req-3074184b-fc8f-4522-8e11-298207f17fa6 34db5947c8ab4e92a0200a9d8eb1efa5 e5e9f52a99114c1295e6345d2f339592 - - default default] Volume info retrieved successfully.
2025-07-30 17:31:07.269 23 INFO cinder.api.openstack.wsgi [None req-3074184b-fc8f-4522-8e11-298207f17fa6 34db5947c8ab4e92a0200a9d8eb1efa5 e5e9f52a99114c1295e6345d2f339592 - - default default] http://[LB_IP_ADDRESS]:8776/v3/e5e9f52a99114c1295e6345d2f339592/volumes/9b174979-25b5-4ce1-a1bd-bd6da25ea2fa returned with HTTP 200
2025-07-30 17:31:08.297 24 INFO cinder.api.openstack.wsgi [None req-7872a6ad-6d2f-4f53-9c8f-5a89de392ef3 34db5947c8ab4e92a0200a9d8eb1efa5 e5e9f52a99114c1295e6345d2f339592 - - default default] GET http://[LB_IP_ADDRESS]:8776/v3/e5e9f52a99114c1295e6345d2f339592/volumes/9b174979-25b5-4ce1-a1bd-bd6da25ea2fa
2025-07-30 17:31:08.322 24 INFO cinder.volume.api [None req-7872a6ad-6d2f-4f53-9c8f-5a89de392ef3 34db5947c8ab4e92a0200a9d8eb1efa5 e5e9f52a99114c1295e6345d2f339592 - - default default] Volume info retrieved successfully.
2025-07-30 17:31:08.352 24 INFO cinder.api.openstack.wsgi [None req-7872a6ad-6d2f-4f53-9c8f-5a89de392ef3 34db5947c8ab4e92a0200a9d8eb1efa5 e5e9f52a99114c1295e6345d2f339592 - - default default] http://[LB_IP_ADDRESS]:8776/v3/e5e9f52a99114c1295e6345d2f339592/volumes/9b174979-25b5-4ce1-a1bd-bd6da25ea2fa returned with HTTP 200
2025-07-30 17:31:08.381 25 INFO cinder.api.openstack.wsgi [None req-3212c3f7-4841-4eb4-a234-24a3ab57fe7d 34db5947c8ab4e92a0200a9d8eb1efa5 e5e9f52a99114c1295e6345d2f339592 - - default default] POST http://[LB_IP_ADDRESS]:8776/v3/e5e9f52a99114c1295e6345d2f339592/group_snapshots
2025-07-30 17:31:08.399 25 INFO cinder.api.v3.group_snapshots [None req-3212c3f7-4841-4eb4-a234-24a3ab57fe7d 34db5947c8ab4e92a0200a9d8eb1efa5 e5e9f52a99114c1295e6345d2f339592 - - default default] Creating group_snapshot tempest-group_snapshot-1944808511.
2025-07-30 17:31:08.480 25 WARNING cinder.quota [None req-3212c3f7-4841-4eb4-a234-24a3ab57fe7d 34db5947c8ab4e92a0200a9d8eb1efa5 e5e9f52a99114c1295e6345d2f339592 - - default default] Deprecated: Default quota for resource: gigabytes_tempest-GroupSnapshotsTest-volume-type-449312761 is set by the default quota flag: quota_gigabytes_tempest-GroupSnapshotsTest-volume-type-449312761, it is now deprecated. Please use the default quota class for default quota.
2025-07-30 17:31:08.480 25 WARNING cinder.quota [None req-3212c3f7-4841-4eb4-a234-24a3ab57fe7d 34db5947c8ab4e92a0200a9d8eb1efa5 e5e9f52a99114c1295e6345d2f339592 - - default default] Deprecated: Default quota for resource: snapshots_tempest-GroupSnapshotsTest-volume-type-449312761 is set by the default quota flag: quota_snapshots_tempest-GroupSnapshotsTest-volume-type-449312761, it is now deprecated. Please use the default quota class for default quota.
2025-07-30 17:31:08.545 25 INFO cinder.api.openstack.wsgi [None req-3212c3f7-4841-4eb4-a234-24a3ab57fe7d 34db5947c8ab4e92a0200a9d8eb1efa5 e5e9f52a99114c1295e6345d2f339592 - - default default] http://[LB_IP_ADDRESS]:8776/v3/e5e9f52a99114c1295e6345d2f339592/group_snapshots returned with HTTP 202
2025-07-30 17:31:08.559 21 INFO cinder.api.openstack.wsgi [None req-1be101ff-99b9-42c6-becb-b71fa4129aed 34db5947c8ab4e92a0200a9d8eb1efa5 e5e9f52a99114c1295e6345d2f339592 - - default default] GET http://[LB_IP_ADDRESS]:8776/v3/e5e9f52a99114c1295e6345d2f339592/group_snapshots/7708cd24-4830-48ab-bfed-ccfbc84cfcba
2025-07-30 17:31:08.572 21 INFO cinder.api.openstack.wsgi [None req-1be101ff-99b9-42c6-becb-b71fa4129aed 34db5947c8ab4e92a0200a9d8eb1efa5 e5e9f52a99114c1295e6345d2f339592 - - default default] http://[LB_IP_ADDRESS]:8776/v3/e5e9f52a99114c1295e6345d2f339592/group_snapshots/7708cd24-4830-48ab-bfed-ccfbc84cfcba returned with HTTP 200
2025-07-30 17:31:09.448 22 INFO cinder.api.openstack.wsgi [None req-276dfe26-1dad-4220-834d-aeb1bcdf4001 9f25a1c362a2470591055af1589dc062 43a8e35bfe31414bbc5825ad2832de6f - - default default] POST http://[LB_IP_ADDRESS]:8776/v3/43a8e35bfe31414bbc5825ad2832de6f/types
2025-07-30 17:31:09.477 22 INFO cinder.api.openstack.wsgi [None req-276dfe26-1dad-4220-834d-aeb1bcdf4001 9f25a1c362a2470591055af1589dc062 43a8e35bfe31414bbc5825ad2832de6f - - default default] http://[LB_IP_ADDRESS]:8776/v3/43a8e35bfe31414bbc5825ad2832de6f/types returned with HTTP 200
2025-07-30 17:31:09.492 23 INFO cinder.api.openstack.wsgi [None req-3d1233bc-ff91-46e5-b109-34856915fda3 9f25a1c362a2470591055af1589dc062 43a8e35bfe31414bbc5825ad2832de6f - - default default] POST http://[LB_IP_ADDRESS]:8776/v3/43a8e35bfe31414bbc5825ad2832de6f/group_types
2025-07-30 17:31:09.518 23 INFO cinder.api.openstack.wsgi [None req-3d1233bc-ff91-46e5-b109-34856915fda3 9f25a1c362a2470591055af1589dc062 43a8e35bfe31414bbc5825ad2832de6f - - default default] http://[LB_IP_ADDRESS]:8776/v3/43a8e35bfe31414bbc5825ad2832de6f/group_types returned with HTTP 202
2025-07-30 17:31:09.589 25 INFO cinder.api.openstack.wsgi [None req-09fc1821-e796-4965-91aa-69af8abdc088 34db5947c8ab4e92a0200a9d8eb1efa5 e5e9f52a99114c1295e6345d2f339592 - - default default] GET http://[LB_IP_ADDRESS]:8776/v3/e5e9f52a99114c1295e6345d2f339592/group_snapshots/7708cd24-4830-48ab-bfed-ccfbc84cfcba
2025-07-30 17:31:09.601 25 INFO cinder.api.openstack.wsgi [None req-09fc1821-e796-4965-91aa-69af8abdc088 34db5947c8ab4e92a0200a9d8eb1efa5 e5e9f52a99114c1295e6345d2f339592 - - default default] http://[LB_IP_ADDRESS]:8776/v3/e5e9f52a99114c1295e6345d2f339592/group_snapshots/7708cd24-4830-48ab-bfed-ccfbc84cfcba returned with HTTP 200
2025-07-30 17:31:09.705 24 INFO cinder.api.openstack.wsgi [None req-c62766d2-c243-4db2-98c0-e448d7d89f62 3fa804fa58f840efaa0c3c7ec383a576 df765eccd23a495fac48259927309835 - - default default] POST http://[LB_IP_ADDRESS]:8776/v3/df765eccd23a495fac48259927309835/groups
2025-07-30 17:31:09.717 24 INFO cinder.api.v3.groups [None req-c62766d2-c243-4db2-98c0-e448d7d89f62 3fa804fa58f840efaa0c3c7ec383a576 df765eccd23a495fac48259927309835 - - default default] Creating group tempest-GroupsV320Test-Group-853491943.
2025-07-30 17:31:09.730 24 INFO cinder.volume.api [None req-c62766d2-c243-4db2-98c0-e448d7d89f62 3fa804fa58f840efaa0c3c7ec383a576 df765eccd23a495fac48259927309835 - - default default] Availability Zones retrieved successfully.
2025-07-30 17:31:09.832 24 INFO cinder.api.openstack.wsgi [None req-c62766d2-c243-4db2-98c0-e448d7d89f62 3fa804fa58f840efaa0c3c7ec383a576 df765eccd23a495fac48259927309835 - - default default] http://[LB_IP_ADDRESS]:8776/v3/df765eccd23a495fac48259927309835/groups returned with HTTP 202
2025-07-30 17:31:09.845 21 INFO cinder.api.openstack.wsgi [None req-42316ad7-d4c2-43b7-82ea-56391c3991ab 3fa804fa58f840efaa0c3c7ec383a576 df765eccd23a495fac48259927309835 - - default default] GET http://[LB_IP_ADDRESS]:8776/v3/df765eccd23a495fac48259927309835/groups/65221e3e-67f8-470d-b7b5-09bcec8d6b8a
2025-07-30 17:31:09.868 21 INFO cinder.api.openstack.wsgi [None req-42316ad7-d4c2-43b7-82ea-56391c3991ab 3fa804fa58f840efaa0c3c7ec383a576 df765eccd23a495fac48259927309835 - - default default] http://[LB_IP_ADDRESS]:8776/v3/df765eccd23a495fac48259927309835/groups/65221e3e-67f8-470d-b7b5-09bcec8d6b8a returned with HTTP 200
2025-07-30 17:31:10.617 22 INFO cinder.api.openstack.wsgi [None req-b3b58557-48d8-4d72-b94b-6cac544d08eb 34db5947c8ab4e92a0200a9d8eb1efa5 e5e9f52a99114c1295e6345d2f339592 - - default default] GET http://[LB_IP_ADDRESS]:8776/v3/e5e9f52a99114c1295e6345d2f339592/group_snapshots/7708cd24-4830-48ab-bfed-ccfbc84cfcba
2025-07-30 17:31:10.633 22 INFO cinder.api.openstack.wsgi [None req-b3b58557-48d8-4d72-b94b-6cac544d08eb 34db5947c8ab4e92a0200a9d8eb1efa5 e5e9f52a99114c1295e6345d2f339592 - - default default] http://[LB_IP_ADDRESS]:8776/v3/e5e9f52a99114c1295e6345d2f339592/group_snapshots/7708cd24-4830-48ab-bfed-ccfbc84cfcba returned with HTTP 200
2025-07-30 17:31:10.648 23 INFO cinder.api.openstack.wsgi [None req-04598fed-5005-4a96-96a5-31fb59bab49e 34db5947c8ab4e92a0200a9d8eb1efa5 e5e9f52a99114c1295e6345d2f339592 - - default default] GET http://[LB_IP_ADDRESS]:8776/v3/e5e9f52a99114c1295e6345d2f339592/snapshots/detail
2025-07-30 17:31:10.660 23 INFO cinder.volume.api [None req-04598fed-5005-4a96-96a5-31fb59bab49e 34db5947c8ab4e92a0200a9d8eb1efa5 e5e9f52a99114c1295e6345d2f339592 - - default default] Get all snapshots completed successfully.
2025-07-30 17:31:10.661 23 INFO cinder.api.openstack.wsgi [None req-04598fed-5005-4a96-96a5-31fb59bab49e 34db5947c8ab4e92a0200a9d8eb1efa5 e5e9f52a99114c1295e6345d2f339592 - - default default] http://[LB_IP_ADDRESS]:8776/v3/e5e9f52a99114c1295e6345d2f339592/snapshots/detail returned with HTTP 200
2025-07-30 17:31:10.677 25 INFO cinder.api.openstack.wsgi [None req-fa1b8d6b-07e4-44f9-b750-3e483c2c2214 34db5947c8ab4e92a0200a9d8eb1efa5 e5e9f52a99114c1295e6345d2f339592 - - default default] GET http://[LB_IP_ADDRESS]:8776/v3/e5e9f52a99114c1295e6345d2f339592/snapshots/7db4c4b1-d7d3-4c1f-bdce-a072942bf754
2025-07-30 17:31:10.687 25 INFO cinder.volume.api [None req-fa1b8d6b-07e4-44f9-b750-3e483c2c2214 34db5947c8ab4e92a0200a9d8eb1efa5 e5e9f52a99114c1295e6345d2f339592 - - default default] Snapshot retrieved successfully.
2025-07-30 17:31:10.688 25 INFO cinder.api.openstack.wsgi [None req-fa1b8d6b-07e4-44f9-b750-3e483c2c2214 34db5947c8ab4e92a0200a9d8eb1efa5 e5e9f52a99114c1295e6345d2f339592 - - default default] http://[LB_IP_ADDRESS]:8776/v3/e5e9f52a99114c1295e6345d2f339592/snapshots/7db4c4b1-d7d3-4c1f-bdce-a072942bf754 returned with HTTP 200
2025-07-30 17:31:10.702 21 INFO cinder.api.openstack.wsgi [None req-fb9dd8d8-504c-48e4-8c01-12c4aac7bf29 34db5947c8ab4e92a0200a9d8eb1efa5 e5e9f52a99114c1295e6345d2f339592 - - default default] POST http://[LB_IP_ADDRESS]:8776/v3/e5e9f52a99114c1295e6345d2f339592/groups/action
2025-07-30 17:31:10.706 21 INFO cinder.api.v3.groups [None req-fb9dd8d8-504c-48e4-8c01-12c4aac7bf29 34db5947c8ab4e92a0200a9d8eb1efa5 e5e9f52a99114c1295e6345d2f339592 - - default default] Creating group tempest-Group_from_snap-2061461176 from group_snapshot 7708cd24-4830-48ab-bfed-ccfbc84cfcba.
2025-07-30 17:31:10.884 24 INFO cinder.api.openstack.wsgi [None req-82480199-73df-4e83-9f78-6efddc7722e4 c9c8c965a95149ea8caf6de5be174264 7f3515cdb0244a7b8a253d6f8dcd75c6 - - default default] POST http://[LB_IP_ADDRESS]:8776/v3/7f3515cdb0244a7b8a253d6f8dcd75c6/qos-specs
2025-07-30 17:31:10.887 22 INFO cinder.api.openstack.wsgi [None req-f63284ab-7e22-41b8-887c-b6411e4eaccb 3fa804fa58f840efaa0c3c7ec383a576 df765eccd23a495fac48259927309835 - - default default] GET http://[LB_IP_ADDRESS]:8776/v3/df765eccd23a495fac48259927309835/groups/65221e3e-67f8-470d-b7b5-09bcec8d6b8a
2025-07-30 17:31:10.910 22 INFO cinder.api.openstack.wsgi [None req-f63284ab-7e22-41b8-887c-b6411e4eaccb 3fa804fa58f840efaa0c3c7ec383a576 df765eccd23a495fac48259927309835 - - default default] http://[LB_IP_ADDRESS]:8776/v3/df765eccd23a495fac48259927309835/groups/65221e3e-67f8-470d-b7b5-09bcec8d6b8a returned with HTTP 200
2025-07-30 17:31:10.928 23 INFO cinder.api.openstack.wsgi [None req-24738d0b-ec97-4a66-bbf7-77658c37acc5 9f25a1c362a2470591055af1589dc062 43a8e35bfe31414bbc5825ad2832de6f - - default default] POST http://[LB_IP_ADDRESS]:8776/v3/43a8e35bfe31414bbc5825ad2832de6f/groups/65221e3e-67f8-470d-b7b5-09bcec8d6b8a/action
2025-07-30 17:31:10.942 24 INFO cinder.api.openstack.wsgi [None req-82480199-73df-4e83-9f78-6efddc7722e4 c9c8c965a95149ea8caf6de5be174264 7f3515cdb0244a7b8a253d6f8dcd75c6 - - default default] http://[LB_IP_ADDRESS]:8776/v3/7f3515cdb0244a7b8a253d6f8dcd75c6/qos-specs returned with HTTP 200
2025-07-30 17:31:10.950 23 INFO cinder.api.openstack.wsgi [None req-24738d0b-ec97-4a66-bbf7-77658c37acc5 9f25a1c362a2470591055af1589dc062 43a8e35bfe31414bbc5825ad2832de6f - - default default] http://[LB_IP_ADDRESS]:8776/v3/43a8e35bfe31414bbc5825ad2832de6f/groups/65221e3e-67f8-470d-b7b5-09bcec8d6b8a/action returned with HTTP 202
2025-07-30 17:31:10.961 25 INFO cinder.api.openstack.wsgi [None req-7a3f0623-46fe-4743-bd0e-9d84e78075ab 3fa804fa58f840efaa0c3c7ec383a576 df765eccd23a495fac48259927309835 - - default default] GET http://[LB_IP_ADDRESS]:8776/v3/df765eccd23a495fac48259927309835/groups/65221e3e-67f8-470d-b7b5-09bcec8d6b8a
2025-07-30 17:31:10.964 22 INFO cinder.api.openstack.wsgi [None req-f3215203-f2e4-4d1f-9ab5-f453472ae606 c9c8c965a95149ea8caf6de5be174264 7f3515cdb0244a7b8a253d6f8dcd75c6 - - default default] POST http://[LB_IP_ADDRESS]:8776/v3/7f3515cdb0244a7b8a253d6f8dcd75c6/types
2025-07-30 17:31:10.984 25 INFO cinder.api.openstack.wsgi [None req-7a3f0623-46fe-4743-bd0e-9d84e78075ab 3fa804fa58f840efaa0c3c7ec383a576 df765eccd23a495fac48259927309835 - - default default] http://[LB_IP_ADDRESS]:8776/v3/df765eccd23a495fac48259927309835/groups/65221e3e-67f8-470d-b7b5-09bcec8d6b8a returned with HTTP 200
2025-07-30 17:31:10.994 22 INFO cinder.api.openstack.wsgi [None req-f3215203-f2e4-4d1f-9ab5-f453472ae606 c9c8c965a95149ea8caf6de5be174264 7f3515cdb0244a7b8a253d6f8dcd75c6 - - default default] http://[LB_IP_ADDRESS]:8776/v3/7f3515cdb0244a7b8a253d6f8dcd75c6/types returned with HTTP 200
2025-07-30 17:31:11.003 24 INFO cinder.api.openstack.wsgi [None req-e21c6a0e-6020-4226-be92-4eaca199e4c4 9f25a1c362a2470591055af1589dc062 43a8e35bfe31414bbc5825ad2832de6f - - default default] POST http://[LB_IP_ADDRESS]:8776/v3/43a8e35bfe31414bbc5825ad2832de6f/groups/65221e3e-67f8-470d-b7b5-09bcec8d6b8a/action
2025-07-30 17:31:11.009 23 INFO cinder.api.openstack.wsgi [None req-952dde4d-b200-45b0-af11-b8599c2c26c4 c9c8c965a95149ea8caf6de5be174264 7f3515cdb0244a7b8a253d6f8dcd75c6 - - default default] POST http://[LB_IP_ADDRESS]:8776/v3/7f3515cdb0244a7b8a253d6f8dcd75c6/types
2025-07-30 17:31:11.024 24 INFO cinder.api.openstack.wsgi [None req-e21c6a0e-6020-4226-be92-4eaca199e4c4 9f25a1c362a2470591055af1589dc062 43a8e35bfe31414bbc5825ad2832de6f - - default default] http://[LB_IP_ADDRESS]:8776/v3/43a8e35bfe31414bbc5825ad2832de6f/groups/65221e3e-67f8-470d-b7b5-09bcec8d6b8a/action returned with HTTP 202
2025-07-30 17:31:11.035 25 INFO cinder.api.openstack.wsgi [None req-3abdbd7b-c403-4495-9ad2-717b1858f879 3fa804fa58f840efaa0c3c7ec383a576 df765eccd23a495fac48259927309835 - - default default] GET http://[LB_IP_ADDRESS]:8776/v3/df765eccd23a495fac48259927309835/groups/65221e3e-67f8-470d-b7b5-09bcec8d6b8a
2025-07-30 17:31:11.040 23 INFO cinder.api.openstack.wsgi [None req-952dde4d-b200-45b0-af11-b8599c2c26c4 c9c8c965a95149ea8caf6de5be174264 7f3515cdb0244a7b8a253d6f8dcd75c6 - - default default] http://[LB_IP_ADDRESS]:8776/v3/7f3515cdb0244a7b8a253d6f8dcd75c6/types returned with HTTP 200
2025-07-30 17:31:11.054 22 INFO cinder.api.openstack.wsgi [None req-48d13dcf-7afc-4853-9d4d-9c34d9e3bd43 c9c8c965a95149ea8caf6de5be174264 7f3515cdb0244a7b8a253d6f8dcd75c6 - - default default] POST http://[LB_IP_ADDRESS]:8776/v3/7f3515cdb0244a7b8a253d6f8dcd75c6/types
2025-07-30 17:31:11.075 25 INFO cinder.api.openstack.wsgi [None req-3abdbd7b-c403-4495-9ad2-717b1858f879 3fa804fa58f840efaa0c3c7ec383a576 df765eccd23a495fac48259927309835 - - default default] http://[LB_IP_ADDRESS]:8776/v3/df765eccd23a495fac48259927309835/groups/65221e3e-67f8-470d-b7b5-09bcec8d6b8a returned with HTTP 200
2025-07-30 17:31:11.081 22 INFO cinder.api.openstack.wsgi [None req-48d13dcf-7afc-4853-9d4d-9c34d9e3bd43 c9c8c965a95149ea8caf6de5be174264 7f3515cdb0244a7b8a253d6f8dcd75c6 - - default default] http://[LB_IP_ADDRESS]:8776/v3/7f3515cdb0244a7b8a253d6f8dcd75c6/types returned with HTTP 200
2025-07-30 17:31:11.094 24 INFO cinder.api.openstack.wsgi [None req-8b7f6cd8-feac-4620-b788-4a787f77b0f6 9f25a1c362a2470591055af1589dc062 43a8e35bfe31414bbc5825ad2832de6f - - default default] POST http://[LB_IP_ADDRESS]:8776/v3/43a8e35bfe31414bbc5825ad2832de6f/groups/65221e3e-67f8-470d-b7b5-09bcec8d6b8a/action
2025-07-30 17:31:11.098 23 INFO cinder.api.openstack.wsgi [None req-92451fd3-3eec-4bb6-86ff-ae88ff627d8c c9c8c965a95149ea8caf6de5be174264 7f3515cdb0244a7b8a253d6f8dcd75c6 - - default default] GET http://[LB_IP_ADDRESS]:8776/v3/7f3515cdb0244a7b8a253d6f8dcd75c6/qos-specs/eda04546-463e-4b0c-b570-cf638d9c37b1/associate?vol_type_id=b9eccac3-b911-4c0c-b0da-2682b344e6e1
2025-07-30 17:31:11.114 24 INFO cinder.api.openstack.wsgi [None req-8b7f6cd8-feac-4620-b788-4a787f77b0f6 9f25a1c362a2470591055af1589dc062 43a8e35bfe31414bbc5825ad2832de6f - - default default] http://[LB_IP_ADDRESS]:8776/v3/43a8e35bfe31414bbc5825ad2832de6f/groups/65221e3e-67f8-470d-b7b5-09bcec8d6b8a/action returned with HTTP 202
2025-07-30 17:31:11.128 25 INFO cinder.api.openstack.wsgi [None req-87357e89-9436-42ca-99bd-420f50be819a 3fa804fa58f840efaa0c3c7ec383a576 df765eccd23a495fac48259927309835 - - default default] GET http://[LB_IP_ADDRESS]:8776/v3/df765eccd23a495fac48259927309835/groups/65221e3e-67f8-470d-b7b5-09bcec8d6b8a
2025-07-30 17:31:11.128 23 INFO cinder.api.openstack.wsgi [None req-92451fd3-3eec-4bb6-86ff-ae88ff627d8c c9c8c965a95149ea8caf6de5be174264 7f3515cdb0244a7b8a253d6f8dcd75c6 - - default default] http://[LB_IP_ADDRESS]:8776/v3/7f3515cdb0244a7b8a253d6f8dcd75c6/qos-specs/eda04546-463e-4b0c-b570-cf638d9c37b1/associate?vol_type_id=b9eccac3-b911-4c0c-b0da-2682b344e6e1 returned with HTTP 202
2025-07-30 17:31:11.142 22 INFO cinder.api.openstack.wsgi [None req-e788bfdc-a884-4429-b4bc-5e935a100399 c9c8c965a95149ea8caf6de5be174264 7f3515cdb0244a7b8a253d6f8dcd75c6 - - default default] GET http://[LB_IP_ADDRESS]:8776/v3/7f3515cdb0244a7b8a253d6f8dcd75c6/qos-specs/eda04546-463e-4b0c-b570-cf638d9c37b1/associate?vol_type_id=f1ec516a-8b72-4fb6-a210-529d11bd87eb
2025-07-30 17:31:11.150 25 INFO cinder.api.openstack.wsgi [None req-87357e89-9436-42ca-99bd-420f50be819a 3fa804fa58f840efaa0c3c7ec383a576 df765eccd23a495fac48259927309835 - - default default] http://[LB_IP_ADDRESS]:8776/v3/df765eccd23a495fac48259927309835/groups/65221e3e-67f8-470d-b7b5-09bcec8d6b8a returned with HTTP 200
2025-07-30 17:31:11.167 24 INFO cinder.api.openstack.wsgi [None req-8b3a28ee-1744-44b0-a0fb-cd84d021a979 9f25a1c362a2470591055af1589dc062 43a8e35bfe31414bbc5825ad2832de6f - - default default] POST http://[LB_IP_ADDRESS]:8776/v3/43a8e35bfe31414bbc5825ad2832de6f/groups/65221e3e-67f8-470d-b7b5-09bcec8d6b8a/action
2025-07-30 17:31:11.174 22 INFO cinder.api.openstack.wsgi [None req-e788bfdc-a884-4429-b4bc-5e935a100399 c9c8c965a95149ea8caf6de5be174264 7f3515cdb0244a7b8a253d6f8dcd75c6 - - default default] http://[LB_IP_ADDRESS]:8776/v3/7f3515cdb0244a7b8a253d6f8dcd75c6/qos-specs/eda04546-463e-4b0c-b570-cf638d9c37b1/associate?vol_type_id=f1ec516a-8b72-4fb6-a210-529d11bd87eb returned with HTTP 202
2025-07-30 17:31:11.186 24 INFO cinder.api.openstack.wsgi [None req-8b3a28ee-1744-44b0-a0fb-cd84d021a979 9f25a1c362a2470591055af1589dc062 43a8e35bfe31414bbc5825ad2832de6f - - default default] http://[LB_IP_ADDRESS]:8776/v3/43a8e35bfe31414bbc5825ad2832de6f/groups/65221e3e-67f8-470d-b7b5-09bcec8d6b8a/action returned with HTTP 202
2025-07-30 17:31:11.188 23 INFO cinder.api.openstack.wsgi [None req-935ff026-7c7f-4b6c-88f2-eaee1673f5e8 c9c8c965a95149ea8caf6de5be174264 7f3515cdb0244a7b8a253d6f8dcd75c6 - - default default] GET http://[LB_IP_ADDRESS]:8776/v3/7f3515cdb0244a7b8a253d6f8dcd75c6/qos-specs/eda04546-463e-4b0c-b570-cf638d9c37b1/associate?vol_type_id=02fba8d8-3319-4372-b9fd-cf21219939b4
2025-07-30 17:31:11.197 25 INFO cinder.api.openstack.wsgi [None req-05a3bc91-d882-4f3d-9472-b296df2e7fa3 3fa804fa58f840efaa0c3c7ec383a576 df765eccd23a495fac48259927309835 - - default default] GET http://[LB_IP_ADDRESS]:8776/v3/df765eccd23a495fac48259927309835/groups/65221e3e-67f8-470d-b7b5-09bcec8d6b8a
2025-07-30 17:31:11.220 25 INFO cinder.api.openstack.wsgi [None req-05a3bc91-d882-4f3d-9472-b296df2e7fa3 3fa804fa58f840efaa0c3c7ec383a576 df765eccd23a495fac48259927309835 - - default default] http://[LB_IP_ADDRESS]:8776/v3/df765eccd23a495fac48259927309835/groups/65221e3e-67f8-470d-b7b5-09bcec8d6b8a returned with HTTP 200
2025-07-30 17:31:11.220 23 INFO cinder.api.openstack.wsgi [None req-935ff026-7c7f-4b6c-88f2-eaee1673f5e8 c9c8c965a95149ea8caf6de5be174264 7f3515cdb0244a7b8a253d6f8dcd75c6 - - default default] http://[LB_IP_ADDRESS]:8776/v3/7f3515cdb0244a7b8a253d6f8dcd75c6/qos-specs/eda04546-463e-4b0c-b570-cf638d9c37b1/associate?vol_type_id=02fba8d8-3319-4372-b9fd-cf21219939b4 returned with HTTP 202
2025-07-30 17:31:11.233 22 INFO cinder.api.openstack.wsgi [None req-cb098550-360e-44db-8aad-44cbbe407ca2 c9c8c965a95149ea8caf6de5be174264 7f3515cdb0244a7b8a253d6f8dcd75c6 - - default default] GET http://[LB_IP_ADDRESS]:8776/v3/7f3515cdb0244a7b8a253d6f8dcd75c6/qos-specs/eda04546-463e-4b0c-b570-cf638d9c37b1/associations
2025-07-30 17:31:11.236 24 INFO cinder.api.openstack.wsgi [None req-782c6a87-3a3d-45e3-936a-7a6a4bbaac3f 3fa804fa58f840efaa0c3c7ec383a576 df765eccd23a495fac48259927309835 - - default default] GET http://[LB_IP_ADDRESS]:8776/v3/df765eccd23a495fac48259927309835/volumes/detail
2025-07-30 17:31:11.250 22 INFO cinder.api.openstack.wsgi [None req-cb098550-360e-44db-8aad-44cbbe407ca2 c9c8c965a95149ea8caf6de5be174264 7f3515cdb0244a7b8a253d6f8dcd75c6 - - default default] http://[LB_IP_ADDRESS]:8776/v3/7f3515cdb0244a7b8a253d6f8dcd75c6/qos-specs/eda04546-463e-4b0c-b570-cf638d9c37b1/associations returned with HTTP 200
2025-07-30 17:31:11.257 24 INFO cinder.volume.api [None req-782c6a87-3a3d-45e3-936a-7a6a4bbaac3f 3fa804fa58f840efaa0c3c7ec383a576 df765eccd23a495fac48259927309835 - - default default] Get all volumes completed successfully.
2025-07-30 17:31:11.262 24 INFO cinder.api.openstack.wsgi [None req-782c6a87-3a3d-45e3-936a-7a6a4bbaac3f 3fa804fa58f840efaa0c3c7ec383a576 df765eccd23a495fac48259927309835 - - default default] http://[LB_IP_ADDRESS]:8776/v3/df765eccd23a495fac48259927309835/volumes/detail returned with HTTP 200
2025-07-30 17:31:11.266 25 INFO cinder.api.openstack.wsgi [None req-f6678778-faf3-4a4c-9611-897bff53b0f1 c9c8c965a95149ea8caf6de5be174264 7f3515cdb0244a7b8a253d6f8dcd75c6 - - default default] GET http://[LB_IP_ADDRESS]:8776/v3/7f3515cdb0244a7b8a253d6f8dcd75c6/qos-specs/eda04546-463e-4b0c-b570-cf638d9c37b1/disassociate?vol_type_id=b9eccac3-b911-4c0c-b0da-2682b344e6e1
2025-07-30 17:31:11.289 23 INFO cinder.api.openstack.wsgi [None req-6d8deb6a-c91e-46f5-8199-4c0f3b6daf3b 3fa804fa58f840efaa0c3c7ec383a576 df765eccd23a495fac48259927309835 - - default default] POST http://[LB_IP_ADDRESS]:8776/v3/df765eccd23a495fac48259927309835/groups/65221e3e-67f8-470d-b7b5-09bcec8d6b8a/action
2025-07-30 17:31:11.291 25 INFO cinder.api.openstack.wsgi [None req-f6678778-faf3-4a4c-9611-897bff53b0f1 c9c8c965a95149ea8caf6de5be174264 7f3515cdb0244a7b8a253d6f8dcd75c6 - - default default] http://[LB_IP_ADDRESS]:8776/v3/7f3515cdb0244a7b8a253d6f8dcd75c6/qos-specs/eda04546-463e-4b0c-b570-cf638d9c37b1/disassociate?vol_type_id=b9eccac3-b911-4c0c-b0da-2682b344e6e1 returned with HTTP 202
2025-07-30 17:31:11.293 23 INFO cinder.api.v3.groups [None req-6d8deb6a-c91e-46f5-8199-4c0f3b6daf3b 3fa804fa58f840efaa0c3c7ec383a576 df765eccd23a495fac48259927309835 - - default default] Delete group with id: 65221e3e-67f8-470d-b7b5-09bcec8d6b8a
2025-07-30 17:31:11.304 22 INFO cinder.api.openstack.wsgi [None req-409dfb99-c868-445b-8268-64082278cd95 c9c8c965a95149ea8caf6de5be174264 7f3515cdb0244a7b8a253d6f8dcd75c6 - - default default] GET http://[LB_IP_ADDRESS]:8776/v3/7f3515cdb0244a7b8a253d6f8dcd75c6/qos-specs/eda04546-463e-4b0c-b570-cf638d9c37b1/associations
2025-07-30 17:31:11.321 22 INFO cinder.api.openstack.wsgi [None req-409dfb99-c868-445b-8268-64082278cd95 c9c8c965a95149ea8caf6de5be174264 7f3515cdb0244a7b8a253d6f8dcd75c6 - - default default] http://[LB_IP_ADDRESS]:8776/v3/7f3515cdb0244a7b8a253d6f8dcd75c6/qos-specs/eda04546-463e-4b0c-b570-cf638d9c37b1/associations returned with HTTP 200
2025-07-30 17:31:11.337 24 INFO cinder.api.openstack.wsgi [None req-5c10953d-3ac1-4d0d-a53a-eccbf6870bf5 c9c8c965a95149ea8caf6de5be174264 7f3515cdb0244a7b8a253d6f8dcd75c6 - - default default] GET http://[LB_IP_ADDRESS]:8776/v3/7f3515cdb0244a7b8a253d6f8dcd75c6/qos-specs/eda04546-463e-4b0c-b570-cf638d9c37b1/disassociate_all
2025-07-30 17:31:11.343 23 INFO cinder.api.openstack.wsgi [None req-6d8deb6a-c91e-46f5-8199-4c0f3b6daf3b 3fa804fa58f840efaa0c3c7ec383a576 df765eccd23a495fac48259927309835 - - default default] http://[LB_IP_ADDRESS]:8776/v3/df765eccd23a495fac48259927309835/groups/65221e3e-67f8-470d-b7b5-09bcec8d6b8a/action returned with HTTP 202
2025-07-30 17:31:11.349 21 INFO cinder.group.api [None req-fb9dd8d8-504c-48e4-8c01-12c4aac7bf29 34db5947c8ab4e92a0200a9d8eb1efa5 e5e9f52a99114c1295e6345d2f339592 - - default default] A mapping entry already exists for group 3c6de198-2cab-4b61-b9c4-6e20ab81f556 and volume type e2f02837-2f1a-4818-bfe6-1ffe6d06dbd9. Do not need to create again.
2025-07-30 17:31:11.351 21 INFO cinder.volume.api [None req-fb9dd8d8-504c-48e4-8c01-12c4aac7bf29 34db5947c8ab4e92a0200a9d8eb1efa5 e5e9f52a99114c1295e6345d2f339592 - - default default] Availability Zones retrieved successfully.
2025-07-30 17:31:11.354 25 INFO cinder.api.openstack.wsgi [None req-de08fc21-63cf-443b-9d6d-7e973504fd77 3fa804fa58f840efaa0c3c7ec383a576 df765eccd23a495fac48259927309835 - - default default] GET http://[LB_IP_ADDRESS]:8776/v3/df765eccd23a495fac48259927309835/groups/65221e3e-67f8-470d-b7b5-09bcec8d6b8a
2025-07-30 17:31:11.355 24 INFO cinder.api.openstack.wsgi [None req-5c10953d-3ac1-4d0d-a53a-eccbf6870bf5 c9c8c965a95149ea8caf6de5be174264 7f3515cdb0244a7b8a253d6f8dcd75c6 - - default default] http://[LB_IP_ADDRESS]:8776/v3/7f3515cdb0244a7b8a253d6f8dcd75c6/qos-specs/eda04546-463e-4b0c-b570-cf638d9c37b1/disassociate_all returned with HTTP 202
2025-07-30 17:31:11.368 22 INFO cinder.api.openstack.wsgi [None req-7225988c-3730-41d5-a65f-f64bf562bcec c9c8c965a95149ea8caf6de5be174264 7f3515cdb0244a7b8a253d6f8dcd75c6 - - default default] GET http://[LB_IP_ADDRESS]:8776/v3/7f3515cdb0244a7b8a253d6f8dcd75c6/qos-specs/eda04546-463e-4b0c-b570-cf638d9c37b1/associations
2025-07-30 17:31:11.373 25 INFO cinder.api.openstack.wsgi [None req-de08fc21-63cf-443b-9d6d-7e973504fd77 3fa804fa58f840efaa0c3c7ec383a576 df765eccd23a495fac48259927309835 - - default default] http://[LB_IP_ADDRESS]:8776/v3/df765eccd23a495fac48259927309835/groups/65221e3e-67f8-470d-b7b5-09bcec8d6b8a returned with HTTP 200
2025-07-30 17:31:11.385 22 INFO cinder.api.openstack.wsgi [None req-7225988c-3730-41d5-a65f-f64bf562bcec c9c8c965a95149ea8caf6de5be174264 7f3515cdb0244a7b8a253d6f8dcd75c6 - - default default] http://[LB_IP_ADDRESS]:8776/v3/7f3515cdb0244a7b8a253d6f8dcd75c6/qos-specs/eda04546-463e-4b0c-b570-cf638d9c37b1/associations returned with HTTP 200
2025-07-30 17:31:11.399 23 INFO cinder.api.openstack.wsgi [None req-adcb639d-9963-4cf2-80ae-c6f670ca1452 c9c8c965a95149ea8caf6de5be174264 7f3515cdb0244a7b8a253d6f8dcd75c6 - - default default] DELETE http://[LB_IP_ADDRESS]:8776/v3/7f3515cdb0244a7b8a253d6f8dcd75c6/types/02fba8d8-3319-4372-b9fd-cf21219939b4
2025-07-30 17:31:11.443 23 INFO cinder.api.openstack.wsgi [None req-adcb639d-9963-4cf2-80ae-c6f670ca1452 c9c8c965a95149ea8caf6de5be174264 7f3515cdb0244a7b8a253d6f8dcd75c6 - - default default] http://[LB_IP_ADDRESS]:8776/v3/7f3515cdb0244a7b8a253d6f8dcd75c6/types/02fba8d8-3319-4372-b9fd-cf21219939b4 returned with HTTP 202
2025-07-30 17:31:11.453 24 INFO cinder.api.openstack.wsgi [None req-7266a23d-a856-40b8-b01e-8b48aedd8b3f c9c8c965a95149ea8caf6de5be174264 7f3515cdb0244a7b8a253d6f8dcd75c6 - - default default] GET http://[LB_IP_ADDRESS]:8776/v3/7f3515cdb0244a7b8a253d6f8dcd75c6/types/02fba8d8-3319-4372-b9fd-cf21219939b4
2025-07-30 17:31:11.459 24 INFO cinder.api.openstack.wsgi [None req-7266a23d-a856-40b8-b01e-8b48aedd8b3f c9c8c965a95149ea8caf6de5be174264 7f3515cdb0244a7b8a253d6f8dcd75c6 - - default default] http://[LB_IP_ADDRESS]:8776/v3/7f3515cdb0244a7b8a253d6f8dcd75c6/types/02fba8d8-3319-4372-b9fd-cf21219939b4 returned with HTTP 404
2025-07-30 17:31:11.470 25 INFO cinder.api.openstack.wsgi [None req-0629213b-d6f3-4b5f-8008-544c1ca858b9 c9c8c965a95149ea8caf6de5be174264 7f3515cdb0244a7b8a253d6f8dcd75c6 - - default default] DELETE http://[LB_IP_ADDRESS]:8776/v3/7f3515cdb0244a7b8a253d6f8dcd75c6/types/f1ec516a-8b72-4fb6-a210-529d11bd87eb
2025-07-30 17:31:11.513 25 INFO cinder.api.openstack.wsgi [None req-0629213b-d6f3-4b5f-8008-544c1ca858b9 c9c8c965a95149ea8caf6de5be174264 7f3515cdb0244a7b8a253d6f8dcd75c6 - - default default] http://[LB_IP_ADDRESS]:8776/v3/7f3515cdb0244a7b8a253d6f8dcd75c6/types/f1ec516a-8b72-4fb6-a210-529d11bd87eb returned with HTTP 202
2025-07-30 17:31:11.522 22 INFO cinder.api.openstack.wsgi [None req-ed5fe139-4b03-4f3b-bb71-a7263420012a c9c8c965a95149ea8caf6de5be174264 7f3515cdb0244a7b8a253d6f8dcd75c6 - - default default] GET http://[LB_IP_ADDRESS]:8776/v3/7f3515cdb0244a7b8a253d6f8dcd75c6/types/f1ec516a-8b72-4fb6-a210-529d11bd87eb
2025-07-30 17:31:11.528 22 INFO cinder.api.openstack.wsgi [None req-ed5fe139-4b03-4f3b-bb71-a7263420012a c9c8c965a95149ea8caf6de5be174264 7f3515cdb0244a7b8a253d6f8dcd75c6 - - default default] http://[LB_IP_ADDRESS]:8776/v3/7f3515cdb0244a7b8a253d6f8dcd75c6/types/f1ec516a-8b72-4fb6-a210-529d11bd87eb returned with HTTP 404
2025-07-30 17:31:11.538 23 INFO cinder.api.openstack.wsgi [None req-6236df88-098f-4044-ab78-0a5c24407f11 c9c8c965a95149ea8caf6de5be174264 7f3515cdb0244a7b8a253d6f8dcd75c6 - - default default] DELETE http://[LB_IP_ADDRESS]:8776/v3/7f3515cdb0244a7b8a253d6f8dcd75c6/types/b9eccac3-b911-4c0c-b0da-2682b344e6e1
2025-07-30 17:31:11.546 24 INFO cinder.api.openstack.wsgi [None req-0e9ef255-a81c-4456-8887-9526e5288bf9 - - - - - -] GET http://[LB_IP_ADDRESS]:8776/
2025-07-30 17:31:11.547 24 INFO cinder.api.openstack.wsgi [None req-0e9ef255-a81c-4456-8887-9526e5288bf9 - - - - - -] http://[LB_IP_ADDRESS]:8776/ returned with HTTP 300
2025-07-30 17:31:11.568 21 INFO cinder.volume.api [None req-fb9dd8d8-504c-48e4-8c01-12c4aac7bf29 34db5947c8ab4e92a0200a9d8eb1efa5 e5e9f52a99114c1295e6345d2f339592 - - default default] Create volume request issued successfully.
2025-07-30 17:31:11.581 23 INFO cinder.api.openstack.wsgi [None req-6236df88-098f-4044-ab78-0a5c24407f11 c9c8c965a95149ea8caf6de5be174264 7f3515cdb0244a7b8a253d6f8dcd75c6 - - default default] http://[LB_IP_ADDRESS]:8776/v3/7f3515cdb0244a7b8a253d6f8dcd75c6/types/b9eccac3-b911-4c0c-b0da-2682b344e6e1 returned with HTTP 202
2025-07-30 17:31:11.591 21 INFO cinder.api.openstack.wsgi [None req-fb9dd8d8-504c-48e4-8c01-12c4aac7bf29 34db5947c8ab4e92a0200a9d8eb1efa5 e5e9f52a99114c1295e6345d2f339592 - - default default] http://[LB_IP_ADDRESS]:8776/v3/e5e9f52a99114c1295e6345d2f339592/groups/action returned with HTTP 202
2025-07-30 17:31:11.591 25 INFO cinder.api.openstack.wsgi [None req-8802c5bb-bba3-44fa-ba09-bfbd85e90edf c9c8c965a95149ea8caf6de5be174264 7f3515cdb0244a7b8a253d6f8dcd75c6 - - default default] GET http://[LB_IP_ADDRESS]:8776/v3/7f3515cdb0244a7b8a253d6f8dcd75c6/types/b9eccac3-b911-4c0c-b0da-2682b344e6e1
2025-07-30 17:31:11.597 25 INFO cinder.api.openstack.wsgi [None req-8802c5bb-bba3-44fa-ba09-bfbd85e90edf c9c8c965a95149ea8caf6de5be174264 7f3515cdb0244a7b8a253d6f8dcd75c6 - - default default] http://[LB_IP_ADDRESS]:8776/v3/7f3515cdb0244a7b8a253d6f8dcd75c6/types/b9eccac3-b911-4c0c-b0da-2682b344e6e1 returned with HTTP 404
2025-07-30 17:31:11.602 22 INFO cinder.api.openstack.wsgi [None req-678e141f-be39-4175-9d2a-383053d45dd2 34db5947c8ab4e92a0200a9d8eb1efa5 e5e9f52a99114c1295e6345d2f339592 - - default default] GET http://[LB_IP_ADDRESS]:8776/v3/e5e9f52a99114c1295e6345d2f339592/volumes/detail
2025-07-30 17:31:11.611 24 INFO cinder.api.openstack.wsgi [None req-a120171b-87e7-43ce-badf-2bfd8279352c c9c8c965a95149ea8caf6de5be174264 7f3515cdb0244a7b8a253d6f8dcd75c6 - - default default] POST http://[LB_IP_ADDRESS]:8776/v3/7f3515cdb0244a7b8a253d6f8dcd75c6/qos-specs
2025-07-30 17:31:11.621 22 INFO cinder.volume.api [None req-678e141f-be39-4175-9d2a-383053d45dd2 34db5947c8ab4e92a0200a9d8eb1efa5 e5e9f52a99114c1295e6345d2f339592 - - default default] Get all volumes completed successfully.
2025-07-30 17:31:11.626 24 INFO cinder.api.openstack.wsgi [None req-a120171b-87e7-43ce-badf-2bfd8279352c c9c8c965a95149ea8caf6de5be174264 7f3515cdb0244a7b8a253d6f8dcd75c6 - - default default] http://[LB_IP_ADDRESS]:8776/v3/7f3515cdb0244a7b8a253d6f8dcd75c6/qos-specs returned with HTTP 200
2025-07-30 17:31:11.640 23 INFO cinder.api.openstack.wsgi [None req-a8b138e9-802f-4cda-9431-6f796ea0ac60 c9c8c965a95149ea8caf6de5be174264 7f3515cdb0244a7b8a253d6f8dcd75c6 - - default default] DELETE http://[LB_IP_ADDRESS]:8776/v3/7f3515cdb0244a7b8a253d6f8dcd75c6/qos-specs/2e7d07e4-28ac-456b-877b-568a30759eb0?force=False
2025-07-30 17:31:11.658 22 INFO cinder.api.openstack.wsgi [None req-678e141f-be39-4175-9d2a-383053d45dd2 34db5947c8ab4e92a0200a9d8eb1efa5 e5e9f52a99114c1295e6345d2f339592 - - default default] http://[LB_IP_ADDRESS]:8776/v3/e5e9f52a99114c1295e6345d2f339592/volumes/detail returned with HTTP 200
2025-07-30 17:31:11.663 23 INFO cinder.api.openstack.wsgi [None req-a8b138e9-802f-4cda-9431-6f796ea0ac60 c9c8c965a95149ea8caf6de5be174264 7f3515cdb0244a7b8a253d6f8dcd75c6 - - default default] http://[LB_IP_ADDRESS]:8776/v3/7f3515cdb0244a7b8a253d6f8dcd75c6/qos-specs/2e7d07e4-28ac-456b-877b-568a30759eb0?force=False returned with HTTP 202
2025-07-30 17:31:11.674 21 INFO cinder.api.openstack.wsgi [None req-893b79b0-6ba0-4167-908f-4ce6ad930589 c9c8c965a95149ea8caf6de5be174264 7f3515cdb0244a7b8a253d6f8dcd75c6 - - default default] GET http://[LB_IP_ADDRESS]:8776/v3/7f3515cdb0244a7b8a253d6f8dcd75c6/qos-specs/2e7d07e4-28ac-456b-877b-568a30759eb0
2025-07-30 17:31:11.680 21 INFO cinder.api.openstack.wsgi [None req-893b79b0-6ba0-4167-908f-4ce6ad930589 c9c8c965a95149ea8caf6de5be174264 7f3515cdb0244a7b8a253d6f8dcd75c6 - - default default] http://[LB_IP_ADDRESS]:8776/v3/7f3515cdb0244a7b8a253d6f8dcd75c6/qos-specs/2e7d07e4-28ac-456b-877b-568a30759eb0 returned with HTTP 404
2025-07-30 17:31:11.686 25 INFO cinder.api.openstack.wsgi [None req-a2093141-00ab-47f7-b4ef-82b2cf5ab8de 34db5947c8ab4e92a0200a9d8eb1efa5 e5e9f52a99114c1295e6345d2f339592 - - default default] GET http://[LB_IP_ADDRESS]:8776/v3/e5e9f52a99114c1295e6345d2f339592/volumes/8e1a349a-7bd3-4393-82a9-12524d41bf19
2025-07-30 17:31:11.690 24 INFO cinder.api.openstack.wsgi [None req-a47f7866-7f33-4f0a-9654-19e01fc75d4d c9c8c965a95149ea8caf6de5be174264 7f3515cdb0244a7b8a253d6f8dcd75c6 - - default default] GET http://[LB_IP_ADDRESS]:8776/v3/7f3515cdb0244a7b8a253d6f8dcd75c6/qos-specs
2025-07-30 17:31:11.699 24 INFO cinder.api.openstack.wsgi [None req-a47f7866-7f33-4f0a-9654-19e01fc75d4d c9c8c965a95149ea8caf6de5be174264 7f3515cdb0244a7b8a253d6f8dcd75c6 - - default default] http://[LB_IP_ADDRESS]:8776/v3/7f3515cdb0244a7b8a253d6f8dcd75c6/qos-specs returned with HTTP 200
2025-07-30 17:31:11.706 25 INFO cinder.volume.api [None req-a2093141-00ab-47f7-b4ef-82b2cf5ab8de 34db5947c8ab4e92a0200a9d8eb1efa5 e5e9f52a99114c1295e6345d2f339592 - - default default] Volume info retrieved successfully.
2025-07-30 17:31:11.714 22 INFO cinder.api.openstack.wsgi [None req-beb83f93-7a65-438d-b4fe-4817068de24f c9c8c965a95149ea8caf6de5be174264 7f3515cdb0244a7b8a253d6f8dcd75c6 - - default default] DELETE http://[LB_IP_ADDRESS]:8776/v3/7f3515cdb0244a7b8a253d6f8dcd75c6/qos-specs/2e7d07e4-28ac-456b-877b-568a30759eb0?force=False
2025-07-30 17:31:11.723 22 INFO cinder.api.openstack.wsgi [None req-beb83f93-7a65-438d-b4fe-4817068de24f c9c8c965a95149ea8caf6de5be174264 7f3515cdb0244a7b8a253d6f8dcd75c6 - - default default] http://[LB_IP_ADDRESS]:8776/v3/7f3515cdb0244a7b8a253d6f8dcd75c6/qos-specs/2e7d07e4-28ac-456b-877b-568a30759eb0?force=False returned with HTTP 404
2025-07-30 17:31:11.728 25 INFO cinder.api.openstack.wsgi [None req-a2093141-00ab-47f7-b4ef-82b2cf5ab8de 34db5947c8ab4e92a0200a9d8eb1efa5 e5e9f52a99114c1295e6345d2f339592 - - default default] http://[LB_IP_ADDRESS]:8776/v3/e5e9f52a99114c1295e6345d2f339592/volumes/8e1a349a-7bd3-4393-82a9-12524d41bf19 returned with HTTP 200
2025-07-30 17:31:11.734 23 INFO cinder.api.openstack.wsgi [None req-5ffd00aa-21aa-4df4-b687-94179f2ac97a c9c8c965a95149ea8caf6de5be174264 7f3515cdb0244a7b8a253d6f8dcd75c6 - - default default] GET http://[LB_IP_ADDRESS]:8776/v3/7f3515cdb0244a7b8a253d6f8dcd75c6/qos-specs/2e7d07e4-28ac-456b-877b-568a30759eb0
2025-07-30 17:31:11.741 23 INFO cinder.api.openstack.wsgi [None req-5ffd00aa-21aa-4df4-b687-94179f2ac97a c9c8c965a95149ea8caf6de5be174264 7f3515cdb0244a7b8a253d6f8dcd75c6 - - default default] http://[LB_IP_ADDRESS]:8776/v3/7f3515cdb0244a7b8a253d6f8dcd75c6/qos-specs/2e7d07e4-28ac-456b-877b-568a30759eb0 returned with HTTP 404
2025-07-30 17:31:11.755 21 INFO cinder.api.openstack.wsgi [None req-cd40f483-b724-40b2-a853-53373f1f6c79 c9c8c965a95149ea8caf6de5be174264 7f3515cdb0244a7b8a253d6f8dcd75c6 - - default default] POST http://[LB_IP_ADDRESS]:8776/v3/7f3515cdb0244a7b8a253d6f8dcd75c6/qos-specs
2025-07-30 17:31:11.777 21 INFO cinder.api.openstack.wsgi [None req-cd40f483-b724-40b2-a853-53373f1f6c79 c9c8c965a95149ea8caf6de5be174264 7f3515cdb0244a7b8a253d6f8dcd75c6 - - default default] http://[LB_IP_ADDRESS]:8776/v3/7f3515cdb0244a7b8a253d6f8dcd75c6/qos-specs returned with HTTP 200
2025-07-30 17:31:11.791 24 INFO cinder.api.openstack.wsgi [None req-81721aa5-5303-4a12-95a0-6f6702c43bd8 c9c8c965a95149ea8caf6de5be174264 7f3515cdb0244a7b8a253d6f8dcd75c6 - - default default] DELETE http://[LB_IP_ADDRESS]:8776/v3/7f3515cdb0244a7b8a253d6f8dcd75c6/qos-specs/e95534a7-b50d-42ce-b61d-30ab35a38e3a?force=False
2025-07-30 17:31:11.814 24 INFO cinder.api.openstack.wsgi [None req-81721aa5-5303-4a12-95a0-6f6702c43bd8 c9c8c965a95149ea8caf6de5be174264 7f3515cdb0244a7b8a253d6f8dcd75c6 - - default default] http://[LB_IP_ADDRESS]:8776/v3/7f3515cdb0244a7b8a253d6f8dcd75c6/qos-specs/e95534a7-b50d-42ce-b61d-30ab35a38e3a?force=False returned with HTTP 202
2025-07-30 17:31:11.826 22 INFO cinder.api.openstack.wsgi [None req-618886ca-1222-45f8-8fa3-377b5e4dc60f c9c8c965a95149ea8caf6de5be174264 7f3515cdb0244a7b8a253d6f8dcd75c6 - - default default] GET http://[LB_IP_ADDRESS]:8776/v3/7f3515cdb0244a7b8a253d6f8dcd75c6/qos-specs/e95534a7-b50d-42ce-b61d-30ab35a38e3a
2025-07-30 17:31:11.835 22 INFO cinder.api.openstack.wsgi [None req-618886ca-1222-45f8-8fa3-377b5e4dc60f c9c8c965a95149ea8caf6de5be174264 7f3515cdb0244a7b8a253d6f8dcd75c6 - - default default] http://[LB_IP_ADDRESS]:8776/v3/7f3515cdb0244a7b8a253d6f8dcd75c6/qos-specs/e95534a7-b50d-42ce-b61d-30ab35a38e3a returned with HTTP 404
2025-07-30 17:31:11.846 25 INFO cinder.api.openstack.wsgi [None req-f8969670-eba9-416c-8340-29284f24516d c9c8c965a95149ea8caf6de5be174264 7f3515cdb0244a7b8a253d6f8dcd75c6 - - default default] GET http://[LB_IP_ADDRESS]:8776/v3/7f3515cdb0244a7b8a253d6f8dcd75c6/qos-specs
2025-07-30 17:31:11.856 25 INFO cinder.api.openstack.wsgi [None req-f8969670-eba9-416c-8340-29284f24516d c9c8c965a95149ea8caf6de5be174264 7f3515cdb0244a7b8a253d6f8dcd75c6 - - default default] http://[LB_IP_ADDRESS]:8776/v3/7f3515cdb0244a7b8a253d6f8dcd75c6/qos-specs returned with HTTP 200
2025-07-30 17:31:11.871 23 INFO cinder.api.openstack.wsgi [None req-5989921d-e851-4b65-b7e7-5db69fcfa4ec c9c8c965a95149ea8caf6de5be174264 7f3515cdb0244a7b8a253d6f8dcd75c6 - - default default] DELETE http://[LB_IP_ADDRESS]:8776/v3/7f3515cdb0244a7b8a253d6f8dcd75c6/qos-specs/e95534a7-b50d-42ce-b61d-30ab35a38e3a?force=False
2025-07-30 17:31:11.880 23 INFO cinder.api.openstack.wsgi [None req-5989921d-e851-4b65-b7e7-5db69fcfa4ec c9c8c965a95149ea8caf6de5be174264 7f3515cdb0244a7b8a253d6f8dcd75c6 - - default default] http://[LB_IP_ADDRESS]:8776/v3/7f3515cdb0244a7b8a253d6f8dcd75c6/qos-specs/e95534a7-b50d-42ce-b61d-30ab35a38e3a?force=False returned with HTTP 404
2025-07-30 17:31:11.892 21 INFO cinder.api.openstack.wsgi [None req-a19b0f97-a367-4212-922f-9106ec132eae c9c8c965a95149ea8caf6de5be174264 7f3515cdb0244a7b8a253d6f8dcd75c6 - - default default] GET http://[LB_IP_ADDRESS]:8776/v3/7f3515cdb0244a7b8a253d6f8dcd75c6/qos-specs/e95534a7-b50d-42ce-b61d-30ab35a38e3a
2025-07-30 17:31:11.899 21 INFO cinder.api.openstack.wsgi [None req-a19b0f97-a367-4212-922f-9106ec132eae c9c8c965a95149ea8caf6de5be174264 7f3515cdb0244a7b8a253d6f8dcd75c6 - - default default] http://[LB_IP_ADDRESS]:8776/v3/7f3515cdb0244a7b8a253d6f8dcd75c6/qos-specs/e95534a7-b50d-42ce-b61d-30ab35a38e3a returned with HTTP 404
2025-07-30 17:31:11.929 24 INFO cinder.api.openstack.wsgi [None req-b733e350-f7e4-4e56-b08e-0a8d8118e8b1 c9c8c965a95149ea8caf6de5be174264 7f3515cdb0244a7b8a253d6f8dcd75c6 - - default default] POST http://[LB_IP_ADDRESS]:8776/v3/7f3515cdb0244a7b8a253d6f8dcd75c6/qos-specs
2025-07-30 17:31:11.948 24 INFO cinder.api.openstack.wsgi [None req-b733e350-f7e4-4e56-b08e-0a8d8118e8b1 c9c8c965a95149ea8caf6de5be174264 7f3515cdb0244a7b8a253d6f8dcd75c6 - - default default] http://[LB_IP_ADDRESS]:8776/v3/7f3515cdb0244a7b8a253d6f8dcd75c6/qos-specs returned with HTTP 200
2025-07-30 17:31:11.965 22 INFO cinder.api.openstack.wsgi [None req-3da36b0d-1388-4606-9cb1-0ee268d10a3a c9c8c965a95149ea8caf6de5be174264 7f3515cdb0244a7b8a253d6f8dcd75c6 - - default default] DELETE http://[LB_IP_ADDRESS]:8776/v3/7f3515cdb0244a7b8a253d6f8dcd75c6/qos-specs/7ffe0ab4-30fa-46bb-a4c5-3cfd1725c96e?force=False
2025-07-30 17:31:11.995 22 INFO cinder.api.openstack.wsgi [None req-3da36b0d-1388-4606-9cb1-0ee268d10a3a c9c8c965a95149ea8caf6de5be174264 7f3515cdb0244a7b8a253d6f8dcd75c6 - - default default] http://[LB_IP_ADDRESS]:8776/v3/7f3515cdb0244a7b8a253d6f8dcd75c6/qos-specs/7ffe0ab4-30fa-46bb-a4c5-3cfd1725c96e?force=False returned with HTTP 202
2025-07-30 17:31:12.008 25 INFO cinder.api.openstack.wsgi [None req-1d00600d-1888-4a0b-adf6-c9c08f965c3a c9c8c965a95149ea8caf6de5be174264 7f3515cdb0244a7b8a253d6f8dcd75c6 - - default default] GET http://[LB_IP_ADDRESS]:8776/v3/7f3515cdb0244a7b8a253d6f8dcd75c6/qos-specs/7ffe0ab4-30fa-46bb-a4c5-3cfd1725c96e
2025-07-30 17:31:12.016 25 INFO cinder.api.openstack.wsgi [None req-1d00600d-1888-4a0b-adf6-c9c08f965c3a c9c8c965a95149ea8caf6de5be174264 7f3515cdb0244a7b8a253d6f8dcd75c6 - - default default] http://[LB_IP_ADDRESS]:8776/v3/7f3515cdb0244a7b8a253d6f8dcd75c6/qos-specs/7ffe0ab4-30fa-46bb-a4c5-3cfd1725c96e returned with HTTP 404
2025-07-30 17:31:12.027 23 INFO cinder.api.openstack.wsgi [None req-10906e40-f901-4541-b7bc-5c64bfb022d2 c9c8c965a95149ea8caf6de5be174264 7f3515cdb0244a7b8a253d6f8dcd75c6 - - default default] GET http://[LB_IP_ADDRESS]:8776/v3/7f3515cdb0244a7b8a253d6f8dcd75c6/qos-specs
2025-07-30 17:31:12.038 23 INFO cinder.api.openstack.wsgi [None req-10906e40-f901-4541-b7bc-5c64bfb022d2 c9c8c965a95149ea8caf6de5be174264 7f3515cdb0244a7b8a253d6f8dcd75c6 - - default default] http://[LB_IP_ADDRESS]:8776/v3/7f3515cdb0244a7b8a253d6f8dcd75c6/qos-specs returned with HTTP 200
2025-07-30 17:31:12.074 21 INFO cinder.api.openstack.wsgi [None req-107ca6d6-04c9-4a73-a013-526c585b1e3a c9c8c965a95149ea8caf6de5be174264 7f3515cdb0244a7b8a253d6f8dcd75c6 - - default default] DELETE http://[LB_IP_ADDRESS]:8776/v3/7f3515cdb0244a7b8a253d6f8dcd75c6/qos-specs/7ffe0ab4-30fa-46bb-a4c5-3cfd1725c96e?force=False
2025-07-30 17:31:12.109 21 INFO cinder.api.openstack.wsgi [None req-107ca6d6-04c9-4a73-a013-526c585b1e3a c9c8c965a95149ea8caf6de5be174264 7f3515cdb0244a7b8a253d6f8dcd75c6 - - default default] http://[LB_IP_ADDRESS]:8776/v3/7f3515cdb0244a7b8a253d6f8dcd75c6/qos-specs/7ffe0ab4-30fa-46bb-a4c5-3cfd1725c96e?force=False returned with HTTP 404
2025-07-30 17:31:12.123 24 INFO cinder.api.openstack.wsgi [None req-18b1b8c9-266c-4498-8334-d0dc6c5eea69 c9c8c965a95149ea8caf6de5be174264 7f3515cdb0244a7b8a253d6f8dcd75c6 - - default default] GET http://[LB_IP_ADDRESS]:8776/v3/7f3515cdb0244a7b8a253d6f8dcd75c6/qos-specs/7ffe0ab4-30fa-46bb-a4c5-3cfd1725c96e
2025-07-30 17:31:12.132 24 INFO cinder.api.openstack.wsgi [None req-18b1b8c9-266c-4498-8334-d0dc6c5eea69 c9c8c965a95149ea8caf6de5be174264 7f3515cdb0244a7b8a253d6f8dcd75c6 - - default default] http://[LB_IP_ADDRESS]:8776/v3/7f3515cdb0244a7b8a253d6f8dcd75c6/qos-specs/7ffe0ab4-30fa-46bb-a4c5-3cfd1725c96e returned with HTTP 404
2025-07-30 17:31:12.146 22 INFO cinder.api.openstack.wsgi [None req-499adeb1-f2fb-4598-b06d-60c6c1f887a1 c9c8c965a95149ea8caf6de5be174264 7f3515cdb0244a7b8a253d6f8dcd75c6 - - default default] GET http://[LB_IP_ADDRESS]:8776/v3/7f3515cdb0244a7b8a253d6f8dcd75c6/qos-specs/eda04546-463e-4b0c-b570-cf638d9c37b1
2025-07-30 17:31:12.156 22 INFO cinder.api.openstack.wsgi [None req-499adeb1-f2fb-4598-b06d-60c6c1f887a1 c9c8c965a95149ea8caf6de5be174264 7f3515cdb0244a7b8a253d6f8dcd75c6 - - default default] http://[LB_IP_ADDRESS]:8776/v3/7f3515cdb0244a7b8a253d6f8dcd75c6/qos-specs/eda04546-463e-4b0c-b570-cf638d9c37b1 returned with HTTP 200
2025-07-30 17:31:12.172 25 INFO cinder.api.openstack.wsgi [None req-3e17f87c-e2e7-452c-95af-13ad7d966cbf c9c8c965a95149ea8caf6de5be174264 7f3515cdb0244a7b8a253d6f8dcd75c6 - - default default] GET http://[LB_IP_ADDRESS]:8776/v3/7f3515cdb0244a7b8a253d6f8dcd75c6/qos-specs
