2024-07-02 19:47:09.152 20 INFO cinder.api.openstack.wsgi [None req-8910aa16-4298-406c-9e65-e8cbd9cb8aa7 9ec67282622941ab82c77f2a35ad2c13 16719de15ad946c28a0ca49dba38b6cf - - default default] PUT http://[LB_IP_ADDRESS]:8776/v3/16719de15ad946c28a0ca49dba38b6cf/groups/c02bdfdd-c572-4fe0-a785-089aeb625627
2024-07-02 19:47:09.156 20 INFO cinder.api.v3.groups [None req-8910aa16-4298-406c-9e65-e8cbd9cb8aa7 9ec67282622941ab82c77f2a35ad2c13 16719de15ad946c28a0ca49dba38b6cf - - default default] Updating group c02bdfdd-c572-4fe0-a785-089aeb625627 with name None description: None add_volumes: a3301772-7002-482e-addc-04aa94ee8993 remove_volumes: None.
2024-07-02 19:47:09.222 20 INFO cinder.api.openstack.wsgi [None req-8910aa16-4298-406c-9e65-e8cbd9cb8aa7 9ec67282622941ab82c77f2a35ad2c13 16719de15ad946c28a0ca49dba38b6cf - - default default] http://[LB_IP_ADDRESS]:8776/v3/16719de15ad946c28a0ca49dba38b6cf/groups/c02bdfdd-c572-4fe0-a785-089aeb625627 returned with HTTP 202
2024-07-02 19:47:09.235 18 INFO cinder.api.openstack.wsgi [None req-147c4fb9-0d82-4381-9462-4c20d79be17c 9ec67282622941ab82c77f2a35ad2c13 16719de15ad946c28a0ca49dba38b6cf - - default default] GET http://[LB_IP_ADDRESS]:8776/v3/16719de15ad946c28a0ca49dba38b6cf/groups/c02bdfdd-c572-4fe0-a785-089aeb625627
2024-07-02 19:47:09.261 18 INFO cinder.api.openstack.wsgi [None req-147c4fb9-0d82-4381-9462-4c20d79be17c 9ec67282622941ab82c77f2a35ad2c13 16719de15ad946c28a0ca49dba38b6cf - - default default] http://[LB_IP_ADDRESS]:8776/v3/16719de15ad946c28a0ca49dba38b6cf/groups/c02bdfdd-c572-4fe0-a785-089aeb625627 returned with HTTP 200
2024-07-02 19:47:09.906 22 INFO cinder.api.openstack.wsgi [None req-1e604da0-b4f3-4c4a-8e73-e87a22070185 5d074e7c4a5444df9e8d63343d411840 b6150abebba2459da716b6d203e1ace1 - - default default] GET http://[LB_IP_ADDRESS]:8776/v3/b6150abebba2459da716b6d203e1ace1/volumes/8dec4e58-e4cb-4693-9481-1130b136c558
2024-07-02 19:47:09.924 22 INFO cinder.api.openstack.wsgi [None req-1e604da0-b4f3-4c4a-8e73-e87a22070185 5d074e7c4a5444df9e8d63343d411840 b6150abebba2459da716b6d203e1ace1 - - default default] http://[LB_IP_ADDRESS]:8776/v3/b6150abebba2459da716b6d203e1ace1/volumes/8dec4e58-e4cb-4693-9481-1130b136c558 returned with HTTP 404
2024-07-02 19:47:09.940 19 INFO cinder.api.openstack.wsgi [None req-a1ddeb88-9262-4bf7-9ab8-dade2172b4c8 39878b8b77fe4413a326dd872c1fba2e ae2810e4d27b410cb7217f2d83c7670a - - default default] GET http://[LB_IP_ADDRESS]:8776/v3/ae2810e4d27b410cb7217f2d83c7670a/os-services
2024-07-02 19:47:09.951 19 INFO cinder.api.openstack.wsgi [None req-a1ddeb88-9262-4bf7-9ab8-dade2172b4c8 39878b8b77fe4413a326dd872c1fba2e ae2810e4d27b410cb7217f2d83c7670a - - default default] http://[LB_IP_ADDRESS]:8776/v3/ae2810e4d27b410cb7217f2d83c7670a/os-services returned with HTTP 200
2024-07-02 19:47:10.279 21 INFO cinder.api.openstack.wsgi [None req-7db9b1dc-7e7c-4767-8e2d-18e31a7e667a 9ec67282622941ab82c77f2a35ad2c13 16719de15ad946c28a0ca49dba38b6cf - - default default] GET http://[LB_IP_ADDRESS]:8776/v3/16719de15ad946c28a0ca49dba38b6cf/groups/c02bdfdd-c572-4fe0-a785-089aeb625627
2024-07-02 19:47:10.304 21 INFO cinder.api.openstack.wsgi [None req-7db9b1dc-7e7c-4767-8e2d-18e31a7e667a 9ec67282622941ab82c77f2a35ad2c13 16719de15ad946c28a0ca49dba38b6cf - - default default] http://[LB_IP_ADDRESS]:8776/v3/16719de15ad946c28a0ca49dba38b6cf/groups/c02bdfdd-c572-4fe0-a785-089aeb625627 returned with HTTP 200
2024-07-02 19:47:10.321 20 INFO cinder.api.openstack.wsgi [None req-ba59e1ff-0925-4adf-a3f1-349dca65e024 9ec67282622941ab82c77f2a35ad2c13 16719de15ad946c28a0ca49dba38b6cf - - default default] GET http://[LB_IP_ADDRESS]:8776/v3/16719de15ad946c28a0ca49dba38b6cf/volumes/detail
2024-07-02 19:47:10.343 20 INFO cinder.volume.api [None req-ba59e1ff-0925-4adf-a3f1-349dca65e024 9ec67282622941ab82c77f2a35ad2c13 16719de15ad946c28a0ca49dba38b6cf - - default default] Get all volumes completed successfully.
2024-07-02 19:47:10.394 20 INFO cinder.api.openstack.wsgi [None req-ba59e1ff-0925-4adf-a3f1-349dca65e024 9ec67282622941ab82c77f2a35ad2c13 16719de15ad946c28a0ca49dba38b6cf - - default default] http://[LB_IP_ADDRESS]:8776/v3/16719de15ad946c28a0ca49dba38b6cf/volumes/detail returned with HTTP 200
2024-07-02 19:47:10.424 18 INFO cinder.api.openstack.wsgi [None req-21b714b5-fca5-42d3-9d75-164f7a87d870 9ec67282622941ab82c77f2a35ad2c13 16719de15ad946c28a0ca49dba38b6cf - - default default] GET http://[LB_IP_ADDRESS]:8776/v3/16719de15ad946c28a0ca49dba38b6cf/volumes/detail
2024-07-02 19:47:10.442 18 INFO cinder.volume.api [None req-21b714b5-fca5-42d3-9d75-164f7a87d870 9ec67282622941ab82c77f2a35ad2c13 16719de15ad946c28a0ca49dba38b6cf - - default default] Get all volumes completed successfully.
2024-07-02 19:47:10.481 18 INFO cinder.api.openstack.wsgi [None req-21b714b5-fca5-42d3-9d75-164f7a87d870 9ec67282622941ab82c77f2a35ad2c13 16719de15ad946c28a0ca49dba38b6cf - - default default] http://[LB_IP_ADDRESS]:8776/v3/16719de15ad946c28a0ca49dba38b6cf/volumes/detail returned with HTTP 200
2024-07-02 19:47:10.511 22 INFO cinder.api.openstack.wsgi [None req-ae2d700b-3d12-485d-b9d3-c717fc2f6d79 9ec67282622941ab82c77f2a35ad2c13 16719de15ad946c28a0ca49dba38b6cf - - default default] POST http://[LB_IP_ADDRESS]:8776/v3/16719de15ad946c28a0ca49dba38b6cf/groups/c02bdfdd-c572-4fe0-a785-089aeb625627/action
2024-07-02 19:47:10.516 22 INFO cinder.api.v3.groups [None req-ae2d700b-3d12-485d-b9d3-c717fc2f6d79 9ec67282622941ab82c77f2a35ad2c13 16719de15ad946c28a0ca49dba38b6cf - - default default] Delete group with id: c02bdfdd-c572-4fe0-a785-089aeb625627
2024-07-02 19:47:10.611 22 INFO cinder.api.openstack.wsgi [None req-ae2d700b-3d12-485d-b9d3-c717fc2f6d79 9ec67282622941ab82c77f2a35ad2c13 16719de15ad946c28a0ca49dba38b6cf - - default default] http://[LB_IP_ADDRESS]:8776/v3/16719de15ad946c28a0ca49dba38b6cf/groups/c02bdfdd-c572-4fe0-a785-089aeb625627/action returned with HTTP 202
2024-07-02 19:47:10.624 19 INFO cinder.api.openstack.wsgi [None req-b35b9b2a-345e-40a7-ab63-a915a79b6e46 9ec67282622941ab82c77f2a35ad2c13 16719de15ad946c28a0ca49dba38b6cf - - default default] GET http://[LB_IP_ADDRESS]:8776/v3/16719de15ad946c28a0ca49dba38b6cf/volumes/a3301772-7002-482e-addc-04aa94ee8993
2024-07-02 19:47:10.656 19 INFO cinder.volume.api [None req-b35b9b2a-345e-40a7-ab63-a915a79b6e46 9ec67282622941ab82c77f2a35ad2c13 16719de15ad946c28a0ca49dba38b6cf - - default default] Volume info retrieved successfully.
2024-07-02 19:47:10.694 19 INFO cinder.api.openstack.wsgi [None req-b35b9b2a-345e-40a7-ab63-a915a79b6e46 9ec67282622941ab82c77f2a35ad2c13 16719de15ad946c28a0ca49dba38b6cf - - default default] http://[LB_IP_ADDRESS]:8776/v3/16719de15ad946c28a0ca49dba38b6cf/volumes/a3301772-7002-482e-addc-04aa94ee8993 returned with HTTP 200
2024-07-02 19:47:11.724 21 INFO cinder.api.openstack.wsgi [None req-f7743579-0660-444a-b4c6-95276897e2e9 9ec67282622941ab82c77f2a35ad2c13 16719de15ad946c28a0ca49dba38b6cf - - default default] GET http://[LB_IP_ADDRESS]:8776/v3/16719de15ad946c28a0ca49dba38b6cf/volumes/a3301772-7002-482e-addc-04aa94ee8993
2024-07-02 19:47:11.740 21 INFO cinder.api.openstack.wsgi [None req-f7743579-0660-444a-b4c6-95276897e2e9 9ec67282622941ab82c77f2a35ad2c13 16719de15ad946c28a0ca49dba38b6cf - - default default] http://[LB_IP_ADDRESS]:8776/v3/16719de15ad946c28a0ca49dba38b6cf/volumes/a3301772-7002-482e-addc-04aa94ee8993 returned with HTTP 404
2024-07-02 19:47:11.758 20 INFO cinder.api.openstack.wsgi [None req-ef0d0f79-b055-4064-9123-23f7f664e098 9ec67282622941ab82c77f2a35ad2c13 16719de15ad946c28a0ca49dba38b6cf - - default default] GET http://[LB_IP_ADDRESS]:8776/v3/16719de15ad946c28a0ca49dba38b6cf/volumes/5ba3cda1-26db-402a-9919-9febb57db881
2024-07-02 19:47:11.787 20 INFO cinder.api.openstack.wsgi [None req-ef0d0f79-b055-4064-9123-23f7f664e098 9ec67282622941ab82c77f2a35ad2c13 16719de15ad946c28a0ca49dba38b6cf - - default default] http://[LB_IP_ADDRESS]:8776/v3/16719de15ad946c28a0ca49dba38b6cf/volumes/5ba3cda1-26db-402a-9919-9febb57db881 returned with HTTP 404
2024-07-02 19:47:11.801 18 INFO cinder.api.openstack.wsgi [None req-80528926-5846-4051-8ce0-c1ae8f508a90 9ec67282622941ab82c77f2a35ad2c13 16719de15ad946c28a0ca49dba38b6cf - - default default] GET http://[LB_IP_ADDRESS]:8776/v3/16719de15ad946c28a0ca49dba38b6cf/groups/c02bdfdd-c572-4fe0-a785-089aeb625627
2024-07-02 19:47:11.809 18 INFO cinder.api.openstack.wsgi [None req-80528926-5846-4051-8ce0-c1ae8f508a90 9ec67282622941ab82c77f2a35ad2c13 16719de15ad946c28a0ca49dba38b6cf - - default default] http://[LB_IP_ADDRESS]:8776/v3/16719de15ad946c28a0ca49dba38b6cf/groups/c02bdfdd-c572-4fe0-a785-089aeb625627 returned with HTTP 404
2024-07-02 19:47:11.821 22 INFO cinder.api.openstack.wsgi [None req-117b4141-0d60-4e5c-a32a-3bceb336f7df e491eb6df04e45d18e7de1f8e52ba507 ef709293f7594a44ad1bcfb48360c067 - - default default] DELETE http://[LB_IP_ADDRESS]:8776/v3/ef709293f7594a44ad1bcfb48360c067/group_types/d1e14d9b-a94e-4446-a31c-4e1f12b85398
2024-07-02 19:47:11.844 22 INFO cinder.api.openstack.wsgi [None req-117b4141-0d60-4e5c-a32a-3bceb336f7df e491eb6df04e45d18e7de1f8e52ba507 ef709293f7594a44ad1bcfb48360c067 - - default default] http://[LB_IP_ADDRESS]:8776/v3/ef709293f7594a44ad1bcfb48360c067/group_types/d1e14d9b-a94e-4446-a31c-4e1f12b85398 returned with HTTP 202
2024-07-02 19:47:11.856 19 INFO cinder.api.openstack.wsgi [None req-dff200c7-3cd6-4152-952e-cbf90fe6e00a e491eb6df04e45d18e7de1f8e52ba507 ef709293f7594a44ad1bcfb48360c067 - - default default] DELETE http://[LB_IP_ADDRESS]:8776/v3/ef709293f7594a44ad1bcfb48360c067/types/fd2c78c4-1fff-4cb8-8eb9-7e8c155eb248
2024-07-02 19:47:11.913 19 INFO cinder.api.openstack.wsgi [None req-dff200c7-3cd6-4152-952e-cbf90fe6e00a e491eb6df04e45d18e7de1f8e52ba507 ef709293f7594a44ad1bcfb48360c067 - - default default] http://[LB_IP_ADDRESS]:8776/v3/ef709293f7594a44ad1bcfb48360c067/types/fd2c78c4-1fff-4cb8-8eb9-7e8c155eb248 returned with HTTP 202
2024-07-02 19:47:11.925 21 INFO cinder.api.openstack.wsgi [None req-7e4601ed-a5ce-4315-a7df-2fe1c1c7164e e491eb6df04e45d18e7de1f8e52ba507 ef709293f7594a44ad1bcfb48360c067 - - default default] GET http://[LB_IP_ADDRESS]:8776/v3/ef709293f7594a44ad1bcfb48360c067/types/fd2c78c4-1fff-4cb8-8eb9-7e8c155eb248
2024-07-02 19:47:11.932 21 INFO cinder.api.openstack.wsgi [None req-7e4601ed-a5ce-4315-a7df-2fe1c1c7164e e491eb6df04e45d18e7de1f8e52ba507 ef709293f7594a44ad1bcfb48360c067 - - default default] http://[LB_IP_ADDRESS]:8776/v3/ef709293f7594a44ad1bcfb48360c067/types/fd2c78c4-1fff-4cb8-8eb9-7e8c155eb248 returned with HTTP 404
2024-07-02 19:47:13.004 20 INFO cinder.api.openstack.wsgi [None req-74f339ce-6980-4de8-8206-8505fb24c2aa 78ee3eca27cd471baeb35199c125aa11 45383f801b0744cea04a4d985741bd34 - - default default] GET http://[LB_IP_ADDRESS]:8776/v3/45383f801b0744cea04a4d985741bd34/os-quota-class-sets/default
2024-07-02 19:47:13.196 20 INFO cinder.api.openstack.wsgi [None req-74f339ce-6980-4de8-8206-8505fb24c2aa 78ee3eca27cd471baeb35199c125aa11 45383f801b0744cea04a4d985741bd34 - - default default] http://[LB_IP_ADDRESS]:8776/v3/45383f801b0744cea04a4d985741bd34/os-quota-class-sets/default returned with HTTP 200
2024-07-02 19:47:13.217 18 INFO cinder.api.openstack.wsgi [None req-642dc46d-dc0c-4067-9b7b-1472abc4e566 78ee3eca27cd471baeb35199c125aa11 45383f801b0744cea04a4d985741bd34 - - default default] GET http://[LB_IP_ADDRESS]:8776/v3/45383f801b0744cea04a4d985741bd34/os-quota-class-sets/default
2024-07-02 19:47:13.414 18 INFO cinder.api.openstack.wsgi [None req-642dc46d-dc0c-4067-9b7b-1472abc4e566 78ee3eca27cd471baeb35199c125aa11 45383f801b0744cea04a4d985741bd34 - - default default] http://[LB_IP_ADDRESS]:8776/v3/45383f801b0744cea04a4d985741bd34/os-quota-class-sets/default returned with HTTP 200
2024-07-02 19:47:13.428 22 INFO cinder.api.openstack.wsgi [None req-3a19d1a7-7d17-4b9f-8b77-b1391de3bbe4 78ee3eca27cd471baeb35199c125aa11 45383f801b0744cea04a4d985741bd34 - - default default] POST http://[LB_IP_ADDRESS]:8776/v3/45383f801b0744cea04a4d985741bd34/types
2024-07-02 19:47:13.459 22 INFO cinder.api.openstack.wsgi [None req-3a19d1a7-7d17-4b9f-8b77-b1391de3bbe4 78ee3eca27cd471baeb35199c125aa11 45383f801b0744cea04a4d985741bd34 - - default default] http://[LB_IP_ADDRESS]:8776/v3/45383f801b0744cea04a4d985741bd34/types returned with HTTP 200
2024-07-02 19:47:13.477 19 INFO cinder.api.openstack.wsgi [None req-d3a7180d-dc51-449f-8b23-bbf1d241e9dc 78ee3eca27cd471baeb35199c125aa11 45383f801b0744cea04a4d985741bd34 - - default default] PUT http://[LB_IP_ADDRESS]:8776/v3/45383f801b0744cea04a4d985741bd34/os-quota-class-sets/default
2024-07-02 19:47:13.832 19 INFO cinder.api.openstack.wsgi [None req-d3a7180d-dc51-449f-8b23-bbf1d241e9dc 78ee3eca27cd471baeb35199c125aa11 45383f801b0744cea04a4d985741bd34 - - default default] http://[LB_IP_ADDRESS]:8776/v3/45383f801b0744cea04a4d985741bd34/os-quota-class-sets/default returned with HTTP 200
2024-07-02 19:47:13.849 21 INFO cinder.api.openstack.wsgi [None req-f3eefcb7-bf51-410b-a84d-8ccf02137b62 78ee3eca27cd471baeb35199c125aa11 45383f801b0744cea04a4d985741bd34 - - default default] GET http://[LB_IP_ADDRESS]:8776/v3/45383f801b0744cea04a4d985741bd34/os-quota-sets/45383f801b0744cea04a4d985741bd34/defaults
2024-07-02 19:47:13.964 21 INFO cinder.api.openstack.wsgi [None req-f3eefcb7-bf51-410b-a84d-8ccf02137b62 78ee3eca27cd471baeb35199c125aa11 45383f801b0744cea04a4d985741bd34 - - default default] http://[LB_IP_ADDRESS]:8776/v3/45383f801b0744cea04a4d985741bd34/os-quota-sets/45383f801b0744cea04a4d985741bd34/defaults returned with HTTP 200
2024-07-02 19:47:14.375 20 INFO cinder.api.openstack.wsgi [None req-8bf92c72-17f2-4623-aa7f-4fe32ebb9255 78ee3eca27cd471baeb35199c125aa11 45383f801b0744cea04a4d985741bd34 - - default default] GET http://[LB_IP_ADDRESS]:8776/v3/45383f801b0744cea04a4d985741bd34/os-quota-sets/1f3e1735d35b4e468d8a04ef070d5037/defaults
2024-07-02 19:47:14.492 20 INFO cinder.api.openstack.wsgi [None req-8bf92c72-17f2-4623-aa7f-4fe32ebb9255 78ee3eca27cd471baeb35199c125aa11 45383f801b0744cea04a4d985741bd34 - - default default] http://[LB_IP_ADDRESS]:8776/v3/45383f801b0744cea04a4d985741bd34/os-quota-sets/1f3e1735d35b4e468d8a04ef070d5037/defaults returned with HTTP 200
2024-07-02 19:47:14.610 18 INFO cinder.api.openstack.wsgi [None req-4c18edec-84d6-4903-88f4-2a0092461cec 78ee3eca27cd471baeb35199c125aa11 45383f801b0744cea04a4d985741bd34 - - default default] DELETE http://[LB_IP_ADDRESS]:8776/v3/45383f801b0744cea04a4d985741bd34/types/4e2a4dc2-9c9b-4257-aa7a-1a1e2abf4ae5
2024-07-02 19:47:14.664 18 INFO cinder.api.openstack.wsgi [None req-4c18edec-84d6-4903-88f4-2a0092461cec 78ee3eca27cd471baeb35199c125aa11 45383f801b0744cea04a4d985741bd34 - - default default] http://[LB_IP_ADDRESS]:8776/v3/45383f801b0744cea04a4d985741bd34/types/4e2a4dc2-9c9b-4257-aa7a-1a1e2abf4ae5 returned with HTTP 202
2024-07-02 19:47:14.684 22 INFO cinder.api.openstack.wsgi [None req-14724b38-d3fd-44f8-b98e-dbd6329bf098 78ee3eca27cd471baeb35199c125aa11 45383f801b0744cea04a4d985741bd34 - - default default] GET http://[LB_IP_ADDRESS]:8776/v3/45383f801b0744cea04a4d985741bd34/types/4e2a4dc2-9c9b-4257-aa7a-1a1e2abf4ae5
2024-07-02 19:47:14.702 22 INFO cinder.api.openstack.wsgi [None req-14724b38-d3fd-44f8-b98e-dbd6329bf098 78ee3eca27cd471baeb35199c125aa11 45383f801b0744cea04a4d985741bd34 - - default default] http://[LB_IP_ADDRESS]:8776/v3/45383f801b0744cea04a4d985741bd34/types/4e2a4dc2-9c9b-4257-aa7a-1a1e2abf4ae5 returned with HTTP 404
2024-07-02 19:47:14.715 19 INFO cinder.api.openstack.wsgi [None req-443bbf32-28d2-4ee9-a704-a9423b82549e 78ee3eca27cd471baeb35199c125aa11 45383f801b0744cea04a4d985741bd34 - - default default] PUT http://[LB_IP_ADDRESS]:8776/v3/45383f801b0744cea04a4d985741bd34/os-quota-class-sets/default
2024-07-02 19:47:14.995 19 INFO cinder.api.openstack.wsgi [None req-443bbf32-28d2-4ee9-a704-a9423b82549e 78ee3eca27cd471baeb35199c125aa11 45383f801b0744cea04a4d985741bd34 - - default default] http://[LB_IP_ADDRESS]:8776/v3/45383f801b0744cea04a4d985741bd34/os-quota-class-sets/default returned with HTTP 200
2024-07-02 19:47:16.174 21 INFO cinder.api.openstack.wsgi [None req-1a820b4e-a4aa-4cc5-a70f-e3f19f5255f0 ec82da0fe8ac4e62b22979fb72acdff2 bdb8778d262d4e2798cb68895b8e6119 - - default default] GET http://[LB_IP_ADDRESS]:8776/v3/bdb8778d262d4e2798cb68895b8e6119/os-services
2024-07-02 19:47:16.184 21 INFO cinder.api.openstack.wsgi [None req-1a820b4e-a4aa-4cc5-a70f-e3f19f5255f0 ec82da0fe8ac4e62b22979fb72acdff2 bdb8778d262d4e2798cb68895b8e6119 - - default default] http://[LB_IP_ADDRESS]:8776/v3/bdb8778d262d4e2798cb68895b8e6119/os-services returned with HTTP 200
2024-07-02 19:47:16.203 20 INFO cinder.api.openstack.wsgi [None req-e63789ba-5ba7-492e-bd36-c7c919876ff9 ec82da0fe8ac4e62b22979fb72acdff2 bdb8778d262d4e2798cb68895b8e6119 - - default default] PUT http://[LB_IP_ADDRESS]:8776/v3/bdb8778d262d4e2798cb68895b8e6119/os-services/disable-log-reason
2024-07-02 19:47:16.211 20 INFO cinder.api.openstack.wsgi [None req-e63789ba-5ba7-492e-bd36-c7c919876ff9 ec82da0fe8ac4e62b22979fb72acdff2 bdb8778d262d4e2798cb68895b8e6119 - - default default] http://[LB_IP_ADDRESS]:8776/v3/bdb8778d262d4e2798cb68895b8e6119/os-services/disable-log-reason returned with HTTP 400
2024-07-02 19:47:16.225 18 INFO cinder.api.openstack.wsgi [None req-355fc51a-c396-46b9-9495-c3a812306546 ec82da0fe8ac4e62b22979fb72acdff2 bdb8778d262d4e2798cb68895b8e6119 - - default default] PUT http://[LB_IP_ADDRESS]:8776/v3/bdb8778d262d4e2798cb68895b8e6119/os-services/disable
2024-07-02 19:47:16.239 18 INFO cinder.api.openstack.wsgi [None req-355fc51a-c396-46b9-9495-c3a812306546 ec82da0fe8ac4e62b22979fb72acdff2 bdb8778d262d4e2798cb68895b8e6119 - - default default] http://[LB_IP_ADDRESS]:8776/v3/bdb8778d262d4e2798cb68895b8e6119/os-services/disable returned with HTTP 404
2024-07-02 19:47:16.254 22 INFO cinder.api.openstack.wsgi [None req-faf22ad8-fb38-4288-9180-26f2e1f6c486 ec82da0fe8ac4e62b22979fb72acdff2 bdb8778d262d4e2798cb68895b8e6119 - - default default] PUT http://[LB_IP_ADDRESS]:8776/v3/bdb8778d262d4e2798cb68895b8e6119/os-services/enable
2024-07-02 19:47:16.267 22 INFO cinder.api.openstack.wsgi [None req-faf22ad8-fb38-4288-9180-26f2e1f6c486 ec82da0fe8ac4e62b22979fb72acdff2 bdb8778d262d4e2798cb68895b8e6119 - - default default] http://[LB_IP_ADDRESS]:8776/v3/bdb8778d262d4e2798cb68895b8e6119/os-services/enable returned with HTTP 404
2024-07-02 19:47:16.282 19 INFO cinder.api.openstack.wsgi [None req-c335eb0b-772a-49c8-a8dc-f3a20bcfb3a7 ec82da0fe8ac4e62b22979fb72acdff2 bdb8778d262d4e2798cb68895b8e6119 - - default default] PUT http://[LB_IP_ADDRESS]:8776/v3/bdb8778d262d4e2798cb68895b8e6119/os-services/freeze
2024-07-02 19:47:16.296 19 INFO cinder.api.openstack.wsgi [None req-c335eb0b-772a-49c8-a8dc-f3a20bcfb3a7 ec82da0fe8ac4e62b22979fb72acdff2 bdb8778d262d4e2798cb68895b8e6119 - - default default] http://[LB_IP_ADDRESS]:8776/v3/bdb8778d262d4e2798cb68895b8e6119/os-services/freeze returned with HTTP 400
2024-07-02 19:47:16.310 21 INFO cinder.api.openstack.wsgi [None req-ec4e8469-0550-47d5-98a0-ad2de4244509 ec82da0fe8ac4e62b22979fb72acdff2 bdb8778d262d4e2798cb68895b8e6119 - - default default] PUT http://[LB_IP_ADDRESS]:8776/v3/bdb8778d262d4e2798cb68895b8e6119/os-services/thaw
2024-07-02 19:47:16.324 21 INFO cinder.api.openstack.wsgi [None req-ec4e8469-0550-47d5-98a0-ad2de4244509 ec82da0fe8ac4e62b22979fb72acdff2 bdb8778d262d4e2798cb68895b8e6119 - - default default] http://[LB_IP_ADDRESS]:8776/v3/bdb8778d262d4e2798cb68895b8e6119/os-services/thaw returned with HTTP 400
2024-07-02 19:47:17.864 20 INFO cinder.api.openstack.wsgi [None req-a7094afd-82c1-4e43-9365-a980b5bf55d1 adffd9c4caae4f59b3dd65dbefdff59d db8c732a05e146259b6aaed05a3716b0 - - default default] POST http://[LB_IP_ADDRESS]:8776/v3/db8c732a05e146259b6aaed05a3716b0/types
2024-07-02 19:47:17.898 20 INFO cinder.api.openstack.wsgi [None req-a7094afd-82c1-4e43-9365-a980b5bf55d1 adffd9c4caae4f59b3dd65dbefdff59d db8c732a05e146259b6aaed05a3716b0 - - default default] http://[LB_IP_ADDRESS]:8776/v3/db8c732a05e146259b6aaed05a3716b0/types returned with HTTP 200
2024-07-02 19:47:17.912 18 INFO cinder.api.openstack.wsgi [None req-ccd68a1f-4ccb-4555-b9d2-145d848937fe adffd9c4caae4f59b3dd65dbefdff59d db8c732a05e146259b6aaed05a3716b0 - - default default] POST http://[LB_IP_ADDRESS]:8776/v3/db8c732a05e146259b6aaed05a3716b0/group_types
2024-07-02 19:47:17.938 18 INFO cinder.api.openstack.wsgi [None req-ccd68a1f-4ccb-4555-b9d2-145d848937fe adffd9c4caae4f59b3dd65dbefdff59d db8c732a05e146259b6aaed05a3716b0 - - default default] http://[LB_IP_ADDRESS]:8776/v3/db8c732a05e146259b6aaed05a3716b0/group_types returned with HTTP 202
2024-07-02 19:47:18.144 22 INFO cinder.api.openstack.wsgi [None req-63ddd2fb-2a95-47ba-a66e-3dea4013f2c7 79b5ba50b2084f908862f57a0f1ed3f0 a23d3e776f0a44bfb95b4e520864023f - - default default] POST http://[LB_IP_ADDRESS]:8776/v3/a23d3e776f0a44bfb95b4e520864023f/groups
2024-07-02 19:47:18.157 22 INFO cinder.api.v3.groups [None req-63ddd2fb-2a95-47ba-a66e-3dea4013f2c7 79b5ba50b2084f908862f57a0f1ed3f0 a23d3e776f0a44bfb95b4e520864023f - - default default] Creating group tempest-GroupsV314Test-Group-1354776584.
2024-07-02 19:47:18.178 22 INFO cinder.volume.api [None req-63ddd2fb-2a95-47ba-a66e-3dea4013f2c7 79b5ba50b2084f908862f57a0f1ed3f0 a23d3e776f0a44bfb95b4e520864023f - - default default] Availability Zones retrieved successfully.
2024-07-02 19:47:18.292 22 INFO cinder.api.openstack.wsgi [None req-63ddd2fb-2a95-47ba-a66e-3dea4013f2c7 79b5ba50b2084f908862f57a0f1ed3f0 a23d3e776f0a44bfb95b4e520864023f - - default default] http://[LB_IP_ADDRESS]:8776/v3/a23d3e776f0a44bfb95b4e520864023f/groups returned with HTTP 202
2024-07-02 19:47:18.306 19 INFO cinder.api.openstack.wsgi [None req-c5abedf3-a27e-435a-992f-d4f2c4eb79f3 79b5ba50b2084f908862f57a0f1ed3f0 a23d3e776f0a44bfb95b4e520864023f - - default default] GET http://[LB_IP_ADDRESS]:8776/v3/a23d3e776f0a44bfb95b4e520864023f/groups/1ae16e53-59bc-438f-acc6-80e9059ca954
2024-07-02 19:47:18.328 19 INFO cinder.api.openstack.wsgi [None req-c5abedf3-a27e-435a-992f-d4f2c4eb79f3 79b5ba50b2084f908862f57a0f1ed3f0 a23d3e776f0a44bfb95b4e520864023f - - default default] http://[LB_IP_ADDRESS]:8776/v3/a23d3e776f0a44bfb95b4e520864023f/groups/1ae16e53-59bc-438f-acc6-80e9059ca954 returned with HTTP 200
2024-07-02 19:47:19.345 21 INFO cinder.api.openstack.wsgi [None req-c6c9afa9-9145-4cd6-8fb5-007d1ee0d052 79b5ba50b2084f908862f57a0f1ed3f0 a23d3e776f0a44bfb95b4e520864023f - - default default] GET http://[LB_IP_ADDRESS]:8776/v3/a23d3e776f0a44bfb95b4e520864023f/groups/1ae16e53-59bc-438f-acc6-80e9059ca954
2024-07-02 19:47:19.373 21 INFO cinder.api.openstack.wsgi [None req-c6c9afa9-9145-4cd6-8fb5-007d1ee0d052 79b5ba50b2084f908862f57a0f1ed3f0 a23d3e776f0a44bfb95b4e520864023f - - default default] http://[LB_IP_ADDRESS]:8776/v3/a23d3e776f0a44bfb95b4e520864023f/groups/1ae16e53-59bc-438f-acc6-80e9059ca954 returned with HTTP 200
2024-07-02 19:47:19.390 20 INFO cinder.api.openstack.wsgi [None req-cfaa582f-6b23-414f-a9ff-995f17c40dc7 79b5ba50b2084f908862f57a0f1ed3f0 a23d3e776f0a44bfb95b4e520864023f - - default default] POST http://[LB_IP_ADDRESS]:8776/v3/a23d3e776f0a44bfb95b4e520864023f/volumes
2024-07-02 19:47:19.410 20 INFO cinder.api.v3.volumes [None req-cfaa582f-6b23-414f-a9ff-995f17c40dc7 79b5ba50b2084f908862f57a0f1ed3f0 a23d3e776f0a44bfb95b4e520864023f - - default default] Create volume of 1 GB
2024-07-02 19:47:19.422 20 INFO cinder.volume.api [None req-cfaa582f-6b23-414f-a9ff-995f17c40dc7 79b5ba50b2084f908862f57a0f1ed3f0 a23d3e776f0a44bfb95b4e520864023f - - default default] Availability Zones retrieved successfully.
2024-07-02 19:47:19.597 20 WARNING cinder.quota [None req-cfaa582f-6b23-414f-a9ff-995f17c40dc7 79b5ba50b2084f908862f57a0f1ed3f0 a23d3e776f0a44bfb95b4e520864023f - - default default] Deprecated: Default quota for resource: volumes_tempest-GroupsV314Test-volume-type-1391513264 is set by the default quota flag: quota_volumes_tempest-GroupsV314Test-volume-type-1391513264, it is now deprecated. Please use the default quota class for default quota.
2024-07-02 19:47:19.598 20 WARNING cinder.quota [None req-cfaa582f-6b23-414f-a9ff-995f17c40dc7 79b5ba50b2084f908862f57a0f1ed3f0 a23d3e776f0a44bfb95b4e520864023f - - default default] Deprecated: Default quota for resource: gigabytes_tempest-GroupsV314Test-volume-type-1391513264 is set by the default quota flag: quota_gigabytes_tempest-GroupsV314Test-volume-type-1391513264, it is now deprecated. Please use the default quota class for default quota.
2024-07-02 19:47:19.705 20 INFO cinder.volume.api [None req-cfaa582f-6b23-414f-a9ff-995f17c40dc7 79b5ba50b2084f908862f57a0f1ed3f0 a23d3e776f0a44bfb95b4e520864023f - - default default] Create volume request issued successfully.
2024-07-02 19:47:19.725 20 INFO cinder.api.openstack.wsgi [None req-cfaa582f-6b23-414f-a9ff-995f17c40dc7 79b5ba50b2084f908862f57a0f1ed3f0 a23d3e776f0a44bfb95b4e520864023f - - default default] http://[LB_IP_ADDRESS]:8776/v3/a23d3e776f0a44bfb95b4e520864023f/volumes returned with HTTP 202
2024-07-02 19:47:19.750 18 INFO cinder.api.openstack.wsgi [None req-9337c401-9f53-481f-ade9-70aa71421d54 79b5ba50b2084f908862f57a0f1ed3f0 a23d3e776f0a44bfb95b4e520864023f - - default default] GET http://[LB_IP_ADDRESS]:8776/v3/a23d3e776f0a44bfb95b4e520864023f/volumes/108cf89e-4194-4978-b724-41eb9c004db9
2024-07-02 19:47:19.771 18 INFO cinder.volume.api [None req-9337c401-9f53-481f-ade9-70aa71421d54 79b5ba50b2084f908862f57a0f1ed3f0 a23d3e776f0a44bfb95b4e520864023f - - default default] Volume info retrieved successfully.
2024-07-02 19:47:19.794 18 INFO cinder.api.openstack.wsgi [None req-9337c401-9f53-481f-ade9-70aa71421d54 79b5ba50b2084f908862f57a0f1ed3f0 a23d3e776f0a44bfb95b4e520864023f - - default default] http://[LB_IP_ADDRESS]:8776/v3/a23d3e776f0a44bfb95b4e520864023f/volumes/108cf89e-4194-4978-b724-41eb9c004db9 returned with HTTP 200
2024-07-02 19:47:20.101 22 INFO cinder.api.openstack.wsgi [None req-802ba9e2-7b20-4c95-9659-f56747aec271 - - - - - -] GET http://[LB_IP_ADDRESS]:8776/
2024-07-02 19:47:20.102 22 INFO cinder.api.openstack.wsgi [None req-802ba9e2-7b20-4c95-9659-f56747aec271 - - - - - -] http://[LB_IP_ADDRESS]:8776/ returned with HTTP 300
2024-07-02 19:47:20.750 19 INFO cinder.api.openstack.wsgi [None req-22e3f697-30cf-4ca4-afdd-731cb92bf8a1 607c008b880f40f8833884af1e4a6b2b 262899d2d8da48b9a022a169ea379817 - - default default] GET http://[LB_IP_ADDRESS]:8776/v3/262899d2d8da48b9a022a169ea379817/os-quota-sets/2bce3f1e29114ab9925f974d62009dba
2024-07-02 19:47:20.823 21 INFO cinder.api.openstack.wsgi [None req-952d775a-a01e-4df8-b8f2-31e9b3e2c10c 79b5ba50b2084f908862f57a0f1ed3f0 a23d3e776f0a44bfb95b4e520864023f - - default default] GET http://[LB_IP_ADDRESS]:8776/v3/a23d3e776f0a44bfb95b4e520864023f/volumes/108cf89e-4194-4978-b724-41eb9c004db9
2024-07-02 19:47:20.826 19 WARNING cinder.quota [None req-22e3f697-30cf-4ca4-afdd-731cb92bf8a1 607c008b880f40f8833884af1e4a6b2b 262899d2d8da48b9a022a169ea379817 - - default default] Deprecated: Default quota for resource: volumes_tempest-GroupsV314Test-volume-type-1391513264 is set by the default quota flag: quota_volumes_tempest-GroupsV314Test-volume-type-1391513264, it is now deprecated. Please use the default quota class for default quota.
2024-07-02 19:47:20.827 19 WARNING cinder.quota [None req-22e3f697-30cf-4ca4-afdd-731cb92bf8a1 607c008b880f40f8833884af1e4a6b2b 262899d2d8da48b9a022a169ea379817 - - default default] Deprecated: Default quota for resource: gigabytes_tempest-GroupsV314Test-volume-type-1391513264 is set by the default quota flag: quota_gigabytes_tempest-GroupsV314Test-volume-type-1391513264, it is now deprecated. Please use the default quota class for default quota.
2024-07-02 19:47:20.828 19 WARNING cinder.quota [None req-22e3f697-30cf-4ca4-afdd-731cb92bf8a1 607c008b880f40f8833884af1e4a6b2b 262899d2d8da48b9a022a169ea379817 - - default default] Deprecated: Default quota for resource: snapshots_tempest-GroupsV314Test-volume-type-1391513264 is set by the default quota flag: quota_snapshots_tempest-GroupsV314Test-volume-type-1391513264, it is now deprecated. Please use the default quota class for default quota.
2024-07-02 19:47:20.849 21 INFO cinder.volume.api [None req-952d775a-a01e-4df8-b8f2-31e9b3e2c10c 79b5ba50b2084f908862f57a0f1ed3f0 a23d3e776f0a44bfb95b4e520864023f - - default default] Volume info retrieved successfully.
2024-07-02 19:47:20.881 21 INFO cinder.api.openstack.wsgi [None req-952d775a-a01e-4df8-b8f2-31e9b3e2c10c 79b5ba50b2084f908862f57a0f1ed3f0 a23d3e776f0a44bfb95b4e520864023f - - default default] http://[LB_IP_ADDRESS]:8776/v3/a23d3e776f0a44bfb95b4e520864023f/volumes/108cf89e-4194-4978-b724-41eb9c004db9 returned with HTTP 200
2024-07-02 19:47:20.883 19 INFO cinder.api.openstack.wsgi [None req-22e3f697-30cf-4ca4-afdd-731cb92bf8a1 607c008b880f40f8833884af1e4a6b2b 262899d2d8da48b9a022a169ea379817 - - default default] http://[LB_IP_ADDRESS]:8776/v3/262899d2d8da48b9a022a169ea379817/os-quota-sets/2bce3f1e29114ab9925f974d62009dba returned with HTTP 200
2024-07-02 19:47:20.900 20 INFO cinder.api.openstack.wsgi [None req-968e8eec-2cf4-400b-8d0c-dd4490386bd7 607c008b880f40f8833884af1e4a6b2b 262899d2d8da48b9a022a169ea379817 - - default default] PUT http://[LB_IP_ADDRESS]:8776/v3/262899d2d8da48b9a022a169ea379817/os-quota-sets/2bce3f1e29114ab9925f974d62009dba
2024-07-02 19:47:21.073 20 WARNING cinder.quota [None req-968e8eec-2cf4-400b-8d0c-dd4490386bd7 607c008b880f40f8833884af1e4a6b2b 262899d2d8da48b9a022a169ea379817 - - default default] Deprecated: Default quota for resource: snapshots_tempest-GroupsV314Test-volume-type-1391513264 is set by the default quota flag: quota_snapshots_tempest-GroupsV314Test-volume-type-1391513264, it is now deprecated. Please use the default quota class for default quota.
2024-07-02 19:47:21.123 20 INFO cinder.api.openstack.wsgi [None req-968e8eec-2cf4-400b-8d0c-dd4490386bd7 607c008b880f40f8833884af1e4a6b2b 262899d2d8da48b9a022a169ea379817 - - default default] http://[LB_IP_ADDRESS]:8776/v3/262899d2d8da48b9a022a169ea379817/os-quota-sets/2bce3f1e29114ab9925f974d62009dba returned with HTTP 200
2024-07-02 19:47:21.324 18 INFO cinder.api.openstack.wsgi [None req-86aa696d-17d7-4a98-b4af-1a7e1ce7997a 13ec36827e344de99f4a265eb92f3b98 2bce3f1e29114ab9925f974d62009dba - - default default] POST http://[LB_IP_ADDRESS]:8776/v3/2bce3f1e29114ab9925f974d62009dba/volumes
2024-07-02 19:47:21.327 18 INFO cinder.api.v3.volumes [None req-86aa696d-17d7-4a98-b4af-1a7e1ce7997a 13ec36827e344de99f4a265eb92f3b98 2bce3f1e29114ab9925f974d62009dba - - default default] Create volume of 1 GB
2024-07-02 19:47:21.335 18 INFO cinder.volume.api [None req-86aa696d-17d7-4a98-b4af-1a7e1ce7997a 13ec36827e344de99f4a265eb92f3b98 2bce3f1e29114ab9925f974d62009dba - - default default] Availability Zones retrieved successfully.
2024-07-02 19:47:21.616 18 INFO cinder.volume.api [None req-86aa696d-17d7-4a98-b4af-1a7e1ce7997a 13ec36827e344de99f4a265eb92f3b98 2bce3f1e29114ab9925f974d62009dba - - default default] Create volume request issued successfully.
2024-07-02 19:47:21.619 18 INFO cinder.api.openstack.wsgi [None req-86aa696d-17d7-4a98-b4af-1a7e1ce7997a 13ec36827e344de99f4a265eb92f3b98 2bce3f1e29114ab9925f974d62009dba - - default default] http://[LB_IP_ADDRESS]:8776/v3/2bce3f1e29114ab9925f974d62009dba/volumes returned with HTTP 202
2024-07-02 19:47:21.644 22 INFO cinder.api.openstack.wsgi [None req-f514bb99-8c21-4d99-a0fc-5d492ad8af9b 13ec36827e344de99f4a265eb92f3b98 2bce3f1e29114ab9925f974d62009dba - - default default] GET http://[LB_IP_ADDRESS]:8776/v3/2bce3f1e29114ab9925f974d62009dba/volumes/907263fd-9219-4a0a-803e-3aa0e8121d06
2024-07-02 19:47:21.672 22 INFO cinder.volume.api [None req-f514bb99-8c21-4d99-a0fc-5d492ad8af9b 13ec36827e344de99f4a265eb92f3b98 2bce3f1e29114ab9925f974d62009dba - - default default] Volume info retrieved successfully.
2024-07-02 19:47:21.683 22 INFO cinder.api.openstack.wsgi [None req-f514bb99-8c21-4d99-a0fc-5d492ad8af9b 13ec36827e344de99f4a265eb92f3b98 2bce3f1e29114ab9925f974d62009dba - - default default] http://[LB_IP_ADDRESS]:8776/v3/2bce3f1e29114ab9925f974d62009dba/volumes/907263fd-9219-4a0a-803e-3aa0e8121d06 returned with HTTP 200
2024-07-02 19:47:21.911 21 INFO cinder.api.openstack.wsgi [None req-776315a4-af75-442f-8dda-9bf11b4f8559 79b5ba50b2084f908862f57a0f1ed3f0 a23d3e776f0a44bfb95b4e520864023f - - default default] GET http://[LB_IP_ADDRESS]:8776/v3/a23d3e776f0a44bfb95b4e520864023f/volumes/108cf89e-4194-4978-b724-41eb9c004db9
2024-07-02 19:47:21.937 21 INFO cinder.volume.api [None req-776315a4-af75-442f-8dda-9bf11b4f8559 79b5ba50b2084f908862f57a0f1ed3f0 a23d3e776f0a44bfb95b4e520864023f - - default default] Volume info retrieved successfully.
2024-07-02 19:47:21.966 21 INFO cinder.api.openstack.wsgi [None req-776315a4-af75-442f-8dda-9bf11b4f8559 79b5ba50b2084f908862f57a0f1ed3f0 a23d3e776f0a44bfb95b4e520864023f - - default default] http://[LB_IP_ADDRESS]:8776/v3/a23d3e776f0a44bfb95b4e520864023f/volumes/108cf89e-4194-4978-b724-41eb9c004db9 returned with HTTP 200
2024-07-02 19:47:21.995 19 INFO cinder.api.openstack.wsgi [None req-dc201b32-2861-4027-b337-3f5a76919c4d 79b5ba50b2084f908862f57a0f1ed3f0 a23d3e776f0a44bfb95b4e520864023f - - default default] POST http://[LB_IP_ADDRESS]:8776/v3/a23d3e776f0a44bfb95b4e520864023f/groups/action
2024-07-02 19:47:22.000 19 INFO cinder.api.v3.groups [None req-dc201b32-2861-4027-b337-3f5a76919c4d 79b5ba50b2084f908862f57a0f1ed3f0 a23d3e776f0a44bfb95b4e520864023f - - default default] Creating group tempest-Group_from_grp-1309482448 from source group 1ae16e53-59bc-438f-acc6-80e9059ca954.
2024-07-02 19:47:22.163 19 INFO oslo_messaging._drivers.amqpdriver [None req-dc201b32-2861-4027-b337-3f5a76919c4d 79b5ba50b2084f908862f57a0f1ed3f0 a23d3e776f0a44bfb95b4e520864023f - - default default] Expecting reply to msg abf2e34b752a47f3ab2b98689110a29d in queue reply_2b91ac2c41dd43a1aefcfbc4a5d66163
2024-07-02 19:47:22.186 19 INFO oslo_messaging._drivers.amqpdriver [-] Received RPC response for msg abf2e34b752a47f3ab2b98689110a29d
2024-07-02 19:47:22.230 19 INFO cinder.group.api [None req-dc201b32-2861-4027-b337-3f5a76919c4d 79b5ba50b2084f908862f57a0f1ed3f0 a23d3e776f0a44bfb95b4e520864023f - - default default] A mapping entry already exists for group 74237010-24cf-4635-aad5-d325d5d974c9 and volume type 49579ba2-d7bb-4a87-9a6d-8288237999d6. Do not need to create again.
2024-07-02 19:47:22.234 19 INFO cinder.volume.api [None req-dc201b32-2861-4027-b337-3f5a76919c4d 79b5ba50b2084f908862f57a0f1ed3f0 a23d3e776f0a44bfb95b4e520864023f - - default default] Availability Zones retrieved successfully.
2024-07-02 19:47:22.468 19 INFO cinder.volume.api [None req-dc201b32-2861-4027-b337-3f5a76919c4d 79b5ba50b2084f908862f57a0f1ed3f0 a23d3e776f0a44bfb95b4e520864023f - - default default] Create volume request issued successfully.
2024-07-02 19:47:22.489 19 INFO cinder.api.openstack.wsgi [None req-dc201b32-2861-4027-b337-3f5a76919c4d 79b5ba50b2084f908862f57a0f1ed3f0 a23d3e776f0a44bfb95b4e520864023f - - default default] http://[LB_IP_ADDRESS]:8776/v3/a23d3e776f0a44bfb95b4e520864023f/groups/action returned with HTTP 202
2024-07-02 19:47:22.502 20 INFO cinder.api.openstack.wsgi [None req-157f1ab1-7eb5-4ec1-9660-f0016ab2bbac 79b5ba50b2084f908862f57a0f1ed3f0 a23d3e776f0a44bfb95b4e520864023f - - default default] GET http://[LB_IP_ADDRESS]:8776/v3/a23d3e776f0a44bfb95b4e520864023f/volumes/detail
2024-07-02 19:47:22.520 20 INFO cinder.volume.api [None req-157f1ab1-7eb5-4ec1-9660-f0016ab2bbac 79b5ba50b2084f908862f57a0f1ed3f0 a23d3e776f0a44bfb95b4e520864023f - - default default] Get all volumes completed successfully.
2024-07-02 19:47:22.571 20 INFO cinder.api.openstack.wsgi [None req-157f1ab1-7eb5-4ec1-9660-f0016ab2bbac 79b5ba50b2084f908862f57a0f1ed3f0 a23d3e776f0a44bfb95b4e520864023f - - default default] http://[LB_IP_ADDRESS]:8776/v3/a23d3e776f0a44bfb95b4e520864023f/volumes/detail returned with HTTP 200
2024-07-02 19:47:22.608 18 INFO cinder.api.openstack.wsgi [None req-fff598d1-ce66-4970-985d-56ec8d67bfc5 79b5ba50b2084f908862f57a0f1ed3f0 a23d3e776f0a44bfb95b4e520864023f - - default default] GET http://[LB_IP_ADDRESS]:8776/v3/a23d3e776f0a44bfb95b4e520864023f/volumes/f0a2684d-0828-4a7d-8a56-c65202a0896d
2024-07-02 19:47:22.639 18 INFO cinder.volume.api [None req-fff598d1-ce66-4970-985d-56ec8d67bfc5 79b5ba50b2084f908862f57a0f1ed3f0 a23d3e776f0a44bfb95b4e520864023f - - default default] Volume info retrieved successfully.
2024-07-02 19:47:22.676 18 INFO cinder.api.openstack.wsgi [None req-fff598d1-ce66-4970-985d-56ec8d67bfc5 79b5ba50b2084f908862f57a0f1ed3f0 a23d3e776f0a44bfb95b4e520864023f - - default default] http://[LB_IP_ADDRESS]:8776/v3/a23d3e776f0a44bfb95b4e520864023f/volumes/f0a2684d-0828-4a7d-8a56-c65202a0896d returned with HTTP 200
2024-07-02 19:47:22.713 22 INFO cinder.api.openstack.wsgi [None req-a3598afd-bce3-427c-bd1b-9a813fdd08db 13ec36827e344de99f4a265eb92f3b98 2bce3f1e29114ab9925f974d62009dba - - default default] GET http://[LB_IP_ADDRESS]:8776/v3/2bce3f1e29114ab9925f974d62009dba/volumes/907263fd-9219-4a0a-803e-3aa0e8121d06
2024-07-02 19:47:22.741 22 INFO cinder.volume.api [None req-a3598afd-bce3-427c-bd1b-9a813fdd08db 13ec36827e344de99f4a265eb92f3b98 2bce3f1e29114ab9925f974d62009dba - - default default] Volume info retrieved successfully.
2024-07-02 19:47:22.751 22 INFO cinder.api.openstack.wsgi [None req-a3598afd-bce3-427c-bd1b-9a813fdd08db 13ec36827e344de99f4a265eb92f3b98 2bce3f1e29114ab9925f974d62009dba - - default default] http://[LB_IP_ADDRESS]:8776/v3/2bce3f1e29114ab9925f974d62009dba/volumes/907263fd-9219-4a0a-803e-3aa0e8121d06 returned with HTTP 200
2024-07-02 19:47:23.560 21 INFO cinder.api.openstack.wsgi [None req-0c077146-0dde-4869-b680-c6ff6682492e 8db3b714cf4240e5b4eee6a03d292bb3 46a81a6c8db444688e9ee939f6801979 - - default default] POST http://[LB_IP_ADDRESS]:8776/v3/46a81a6c8db444688e9ee939f6801979/types
2024-07-02 19:47:23.594 21 INFO cinder.api.openstack.wsgi [None req-0c077146-0dde-4869-b680-c6ff6682492e 8db3b714cf4240e5b4eee6a03d292bb3 46a81a6c8db444688e9ee939f6801979 - - default default] http://[LB_IP_ADDRESS]:8776/v3/46a81a6c8db444688e9ee939f6801979/types returned with HTTP 200
2024-07-02 19:47:23.614 19 INFO cinder.api.openstack.wsgi [None req-754bc8e4-c222-45a2-9606-52208dd39119 8db3b714cf4240e5b4eee6a03d292bb3 46a81a6c8db444688e9ee939f6801979 - - default default] POST http://[LB_IP_ADDRESS]:8776/v3/46a81a6c8db444688e9ee939f6801979/types/22facc20-cb23-4298-b510-86cea6b09d51/action
2024-07-02 19:47:23.636 19 INFO cinder.api.openstack.wsgi [None req-754bc8e4-c222-45a2-9606-52208dd39119 8db3b714cf4240e5b4eee6a03d292bb3 46a81a6c8db444688e9ee939f6801979 - - default default] http://[LB_IP_ADDRESS]:8776/v3/46a81a6c8db444688e9ee939f6801979/types/22facc20-cb23-4298-b510-86cea6b09d51/action returned with HTTP 202
2024-07-02 19:47:23.649 20 INFO cinder.api.openstack.wsgi [None req-4aeba24b-65ad-4ce2-899e-d8f36b670c52 8db3b714cf4240e5b4eee6a03d292bb3 46a81a6c8db444688e9ee939f6801979 - - default default] POST http://[LB_IP_ADDRESS]:8776/v3/46a81a6c8db444688e9ee939f6801979/types/22facc20-cb23-4298-b510-86cea6b09d51/action
2024-07-02 19:47:23.669 20 INFO cinder.api.openstack.wsgi [None req-4aeba24b-65ad-4ce2-899e-d8f36b670c52 8db3b714cf4240e5b4eee6a03d292bb3 46a81a6c8db444688e9ee939f6801979 - - default default] http://[LB_IP_ADDRESS]:8776/v3/46a81a6c8db444688e9ee939f6801979/types/22facc20-cb23-4298-b510-86cea6b09d51/action returned with HTTP 202
2024-07-02 19:47:23.686 18 INFO cinder.api.openstack.wsgi [None req-c8f3c9c4-d6aa-4705-8fb7-8556e3736783 8db3b714cf4240e5b4eee6a03d292bb3 46a81a6c8db444688e9ee939f6801979 - - default default] GET http://[LB_IP_ADDRESS]:8776/v3/46a81a6c8db444688e9ee939f6801979/types/22facc20-cb23-4298-b510-86cea6b09d51/os-volume-type-access
2024-07-02 19:47:23.698 18 INFO cinder.api.openstack.wsgi [None req-c8f3c9c4-d6aa-4705-8fb7-8556e3736783 8db3b714cf4240e5b4eee6a03d292bb3 46a81a6c8db444688e9ee939f6801979 - - default default] http://[LB_IP_ADDRESS]:8776/v3/46a81a6c8db444688e9ee939f6801979/types/22facc20-cb23-4298-b510-86cea6b09d51/os-volume-type-access returned with HTTP 200
2024-07-02 19:47:23.706 22 INFO cinder.api.openstack.wsgi [None req-66488c95-b9e9-4abc-a858-945f8521a20f 79b5ba50b2084f908862f57a0f1ed3f0 a23d3e776f0a44bfb95b4e520864023f - - default default] GET http://[LB_IP_ADDRESS]:8776/v3/a23d3e776f0a44bfb95b4e520864023f/volumes/f0a2684d-0828-4a7d-8a56-c65202a0896d
2024-07-02 19:47:23.712 21 INFO cinder.api.openstack.wsgi [None req-c3ec8bb4-fc6c-4387-aac2-598fbaa725bf 8db3b714cf4240e5b4eee6a03d292bb3 46a81a6c8db444688e9ee939f6801979 - - default default] POST http://[LB_IP_ADDRESS]:8776/v3/46a81a6c8db444688e9ee939f6801979/types/22facc20-cb23-4298-b510-86cea6b09d51/action
2024-07-02 19:47:23.734 21 INFO cinder.api.openstack.wsgi [None req-c3ec8bb4-fc6c-4387-aac2-598fbaa725bf 8db3b714cf4240e5b4eee6a03d292bb3 46a81a6c8db444688e9ee939f6801979 - - default default] http://[LB_IP_ADDRESS]:8776/v3/46a81a6c8db444688e9ee939f6801979/types/22facc20-cb23-4298-b510-86cea6b09d51/action returned with HTTP 202
2024-07-02 19:47:23.734 22 INFO cinder.volume.api [None req-66488c95-b9e9-4abc-a858-945f8521a20f 79b5ba50b2084f908862f57a0f1ed3f0 a23d3e776f0a44bfb95b4e520864023f - - default default] Volume info retrieved successfully.
2024-07-02 19:47:23.746 19 INFO cinder.api.openstack.wsgi [None req-e97e5ba8-a268-4aba-9056-43194b92bdc5 8db3b714cf4240e5b4eee6a03d292bb3 46a81a6c8db444688e9ee939f6801979 - - default default] POST http://[LB_IP_ADDRESS]:8776/v3/46a81a6c8db444688e9ee939f6801979/types/22facc20-cb23-4298-b510-86cea6b09d51/action
2024-07-02 19:47:23.767 19 INFO cinder.api.openstack.wsgi [None req-e97e5ba8-a268-4aba-9056-43194b92bdc5 8db3b714cf4240e5b4eee6a03d292bb3 46a81a6c8db444688e9ee939f6801979 - - default default] http://[LB_IP_ADDRESS]:8776/v3/46a81a6c8db444688e9ee939f6801979/types/22facc20-cb23-4298-b510-86cea6b09d51/action returned with HTTP 202
2024-07-02 19:47:23.769 22 INFO cinder.api.openstack.wsgi [None req-66488c95-b9e9-4abc-a858-945f8521a20f 79b5ba50b2084f908862f57a0f1ed3f0 a23d3e776f0a44bfb95b4e520864023f - - default default] http://[LB_IP_ADDRESS]:8776/v3/a23d3e776f0a44bfb95b4e520864023f/volumes/f0a2684d-0828-4a7d-8a56-c65202a0896d returned with HTTP 200
2024-07-02 19:47:23.779 20 INFO cinder.api.openstack.wsgi [None req-88d3d688-9175-4c6a-bb68-5200bf3e0b4a 8db3b714cf4240e5b4eee6a03d292bb3 46a81a6c8db444688e9ee939f6801979 - - default default] DELETE http://[LB_IP_ADDRESS]:8776/v3/46a81a6c8db444688e9ee939f6801979/types/22facc20-cb23-4298-b510-86cea6b09d51
2024-07-02 19:47:23.780 18 INFO cinder.api.openstack.wsgi [None req-64f5f568-339c-4927-afbd-b89741f63fd1 13ec36827e344de99f4a265eb92f3b98 2bce3f1e29114ab9925f974d62009dba - - default default] GET http://[LB_IP_ADDRESS]:8776/v3/2bce3f1e29114ab9925f974d62009dba/volumes/907263fd-9219-4a0a-803e-3aa0e8121d06
2024-07-02 19:47:23.808 18 INFO cinder.volume.api [None req-64f5f568-339c-4927-afbd-b89741f63fd1 13ec36827e344de99f4a265eb92f3b98 2bce3f1e29114ab9925f974d62009dba - - default default] Volume info retrieved successfully.
2024-07-02 19:47:23.819 18 INFO cinder.api.openstack.wsgi [None req-64f5f568-339c-4927-afbd-b89741f63fd1 13ec36827e344de99f4a265eb92f3b98 2bce3f1e29114ab9925f974d62009dba - - default default] http://[LB_IP_ADDRESS]:8776/v3/2bce3f1e29114ab9925f974d62009dba/volumes/907263fd-9219-4a0a-803e-3aa0e8121d06 returned with HTTP 200
2024-07-02 19:47:23.848 21 INFO cinder.api.openstack.wsgi [None req-db04f9ea-3ae7-4b73-b59d-274f7cbc3409 13ec36827e344de99f4a265eb92f3b98 2bce3f1e29114ab9925f974d62009dba - - default default] POST http://[LB_IP_ADDRESS]:8776/v3/2bce3f1e29114ab9925f974d62009dba/snapshots
2024-07-02 19:47:23.874 21 INFO cinder.volume.api [None req-db04f9ea-3ae7-4b73-b59d-274f7cbc3409 13ec36827e344de99f4a265eb92f3b98 2bce3f1e29114ab9925f974d62009dba - - default default] Volume info retrieved successfully.
2024-07-02 19:47:23.874 21 INFO cinder.api.v3.snapshots [None req-db04f9ea-3ae7-4b73-b59d-274f7cbc3409 13ec36827e344de99f4a265eb92f3b98 2bce3f1e29114ab9925f974d62009dba - - default default] Create snapshot from volume 907263fd-9219-4a0a-803e-3aa0e8121d06
2024-07-02 19:47:23.876 20 INFO cinder.api.openstack.wsgi [None req-88d3d688-9175-4c6a-bb68-5200bf3e0b4a 8db3b714cf4240e5b4eee6a03d292bb3 46a81a6c8db444688e9ee939f6801979 - - default default] http://[LB_IP_ADDRESS]:8776/v3/46a81a6c8db444688e9ee939f6801979/types/22facc20-cb23-4298-b510-86cea6b09d51 returned with HTTP 202
2024-07-02 19:47:23.890 19 INFO cinder.api.openstack.wsgi [None req-d0581e9a-895d-4cdf-9ca4-79ef7ff67430 8db3b714cf4240e5b4eee6a03d292bb3 46a81a6c8db444688e9ee939f6801979 - - default default] GET http://[LB_IP_ADDRESS]:8776/v3/46a81a6c8db444688e9ee939f6801979/types/22facc20-cb23-4298-b510-86cea6b09d51
2024-07-02 19:47:23.898 19 INFO cinder.api.openstack.wsgi [None req-d0581e9a-895d-4cdf-9ca4-79ef7ff67430 8db3b714cf4240e5b4eee6a03d292bb3 46a81a6c8db444688e9ee939f6801979 - - default default] http://[LB_IP_ADDRESS]:8776/v3/46a81a6c8db444688e9ee939f6801979/types/22facc20-cb23-4298-b510-86cea6b09d51 returned with HTTP 404
2024-07-02 19:47:24.053 21 INFO cinder.volume.api [None req-db04f9ea-3ae7-4b73-b59d-274f7cbc3409 13ec36827e344de99f4a265eb92f3b98 2bce3f1e29114ab9925f974d62009dba - - default default] Snapshot create request issued successfully.
2024-07-02 19:47:24.055 21 INFO cinder.api.openstack.wsgi [None req-db04f9ea-3ae7-4b73-b59d-274f7cbc3409 13ec36827e344de99f4a265eb92f3b98 2bce3f1e29114ab9925f974d62009dba - - default default] http://[LB_IP_ADDRESS]:8776/v3/2bce3f1e29114ab9925f974d62009dba/snapshots returned with HTTP 202
2024-07-02 19:47:24.073 22 INFO cinder.api.openstack.wsgi [None req-04f63e23-5beb-4eb6-befb-9c58965ac387 13ec36827e344de99f4a265eb92f3b98 2bce3f1e29114ab9925f974d62009dba - - default default] GET http://[LB_IP_ADDRESS]:8776/v3/2bce3f1e29114ab9925f974d62009dba/snapshots/4abaf56e-c223-47ef-88d8-6fdebeb41cfd
2024-07-02 19:47:24.088 22 INFO cinder.volume.api [None req-04f63e23-5beb-4eb6-befb-9c58965ac387 13ec36827e344de99f4a265eb92f3b98 2bce3f1e29114ab9925f974d62009dba - - default default] Snapshot retrieved successfully.
2024-07-02 19:47:24.090 22 INFO cinder.api.openstack.wsgi [None req-04f63e23-5beb-4eb6-befb-9c58965ac387 13ec36827e344de99f4a265eb92f3b98 2bce3f1e29114ab9925f974d62009dba - - default default] http://[LB_IP_ADDRESS]:8776/v3/2bce3f1e29114ab9925f974d62009dba/snapshots/4abaf56e-c223-47ef-88d8-6fdebeb41cfd returned with HTTP 200
2024-07-02 19:47:24.799 18 INFO cinder.api.openstack.wsgi [None req-574817fe-9f2d-48be-9463-a94a63bef2e1 79b5ba50b2084f908862f57a0f1ed3f0 a23d3e776f0a44bfb95b4e520864023f - - default default] GET http://[LB_IP_ADDRESS]:8776/v3/a23d3e776f0a44bfb95b4e520864023f/volumes/f0a2684d-0828-4a7d-8a56-c65202a0896d
2024-07-02 19:47:24.827 18 INFO cinder.volume.api [None req-574817fe-9f2d-48be-9463-a94a63bef2e1 79b5ba50b2084f908862f57a0f1ed3f0 a23d3e776f0a44bfb95b4e520864023f - - default default] Volume info retrieved successfully.
2024-07-02 19:47:24.855 18 INFO cinder.api.openstack.wsgi [None req-574817fe-9f2d-48be-9463-a94a63bef2e1 79b5ba50b2084f908862f57a0f1ed3f0 a23d3e776f0a44bfb95b4e520864023f - - default default] http://[LB_IP_ADDRESS]:8776/v3/a23d3e776f0a44bfb95b4e520864023f/volumes/f0a2684d-0828-4a7d-8a56-c65202a0896d returned with HTTP 200
2024-07-02 19:47:25.113 20 INFO cinder.api.openstack.wsgi [None req-6514a882-3eb0-4996-934f-0126ef3c2df8 13ec36827e344de99f4a265eb92f3b98 2bce3f1e29114ab9925f974d62009dba - - default default] GET http://[LB_IP_ADDRESS]:8776/v3/2bce3f1e29114ab9925f974d62009dba/snapshots/4abaf56e-c223-47ef-88d8-6fdebeb41cfd
2024-07-02 19:47:25.130 20 INFO cinder.volume.api [None req-6514a882-3eb0-4996-934f-0126ef3c2df8 13ec36827e344de99f4a265eb92f3b98 2bce3f1e29114ab9925f974d62009dba - - default default] Snapshot retrieved successfully.
2024-07-02 19:47:25.133 20 INFO cinder.api.openstack.wsgi [None req-6514a882-3eb0-4996-934f-0126ef3c2df8 13ec36827e344de99f4a265eb92f3b98 2bce3f1e29114ab9925f974d62009dba - - default default] http://[LB_IP_ADDRESS]:8776/v3/2bce3f1e29114ab9925f974d62009dba/snapshots/4abaf56e-c223-47ef-88d8-6fdebeb41cfd returned with HTTP 200
2024-07-02 19:47:25.883 19 INFO cinder.api.openstack.wsgi [None req-3b1038fb-800f-455f-a1cb-add030f37371 79b5ba50b2084f908862f57a0f1ed3f0 a23d3e776f0a44bfb95b4e520864023f - - default default] GET http://[LB_IP_ADDRESS]:8776/v3/a23d3e776f0a44bfb95b4e520864023f/volumes/f0a2684d-0828-4a7d-8a56-c65202a0896d
2024-07-02 19:47:25.909 19 INFO cinder.volume.api [None req-3b1038fb-800f-455f-a1cb-add030f37371 79b5ba50b2084f908862f57a0f1ed3f0 a23d3e776f0a44bfb95b4e520864023f - - default default] Volume info retrieved successfully.
2024-07-02 19:47:25.935 19 INFO cinder.api.openstack.wsgi [None req-3b1038fb-800f-455f-a1cb-add030f37371 79b5ba50b2084f908862f57a0f1ed3f0 a23d3e776f0a44bfb95b4e520864023f - - default default] http://[LB_IP_ADDRESS]:8776/v3/a23d3e776f0a44bfb95b4e520864023f/volumes/f0a2684d-0828-4a7d-8a56-c65202a0896d returned with HTTP 200
2024-07-02 19:47:25.970 21 INFO cinder.api.openstack.wsgi [None req-3c605035-48e1-4279-8701-9b78e2553be4 79b5ba50b2084f908862f57a0f1ed3f0 a23d3e776f0a44bfb95b4e520864023f - - default default] GET http://[LB_IP_ADDRESS]:8776/v3/a23d3e776f0a44bfb95b4e520864023f/groups/74237010-24cf-4635-aad5-d325d5d974c9
2024-07-02 19:47:26.000 21 INFO cinder.api.openstack.wsgi [None req-3c605035-48e1-4279-8701-9b78e2553be4 79b5ba50b2084f908862f57a0f1ed3f0 a23d3e776f0a44bfb95b4e520864023f - - default default] http://[LB_IP_ADDRESS]:8776/v3/a23d3e776f0a44bfb95b4e520864023f/groups/74237010-24cf-4635-aad5-d325d5d974c9 returned with HTTP 200
2024-07-02 19:47:26.017 22 INFO cinder.api.openstack.wsgi [None req-dbfc8574-ecd2-480a-bf5e-25d03806b604 79b5ba50b2084f908862f57a0f1ed3f0 a23d3e776f0a44bfb95b4e520864023f - - default default] GET http://[LB_IP_ADDRESS]:8776/v3/a23d3e776f0a44bfb95b4e520864023f/volumes/detail
