2023-11-02 14:07:51.855 21 INFO cinder.api.openstack.wsgi [None req-9bf7befb-214d-43fd-9a29-0fd5eb80380b 90dad553c293405a97825faf2c2ad45c aa299700692342cc9af174311802b228 - - default default] GET http://[LB_IP_ADDRESS]:8776/v3/aa299700692342cc9af174311802b228/qos-specs/f641d515-6b7d-4ceb-80ba-45588e03d802
2023-11-02 14:07:51.861 21 INFO cinder.api.openstack.wsgi [None req-9bf7befb-214d-43fd-9a29-0fd5eb80380b 90dad553c293405a97825faf2c2ad45c aa299700692342cc9af174311802b228 - - default default] http://[LB_IP_ADDRESS]:8776/v3/aa299700692342cc9af174311802b228/qos-specs/f641d515-6b7d-4ceb-80ba-45588e03d802 returned with HTTP 404
2023-11-02 14:07:51.871 22 INFO cinder.api.openstack.wsgi [None req-6306c2a4-934a-4a05-904b-4f4fb599747b 90dad553c293405a97825faf2c2ad45c aa299700692342cc9af174311802b228 - - default default] GET http://[LB_IP_ADDRESS]:8776/v3/aa299700692342cc9af174311802b228/qos-specs
2023-11-02 14:07:51.879 22 INFO cinder.api.openstack.wsgi [None req-6306c2a4-934a-4a05-904b-4f4fb599747b 90dad553c293405a97825faf2c2ad45c aa299700692342cc9af174311802b228 - - default default] http://[LB_IP_ADDRESS]:8776/v3/aa299700692342cc9af174311802b228/qos-specs returned with HTTP 200
2023-11-02 14:07:51.894 19 INFO cinder.api.openstack.wsgi [None req-3ba2e913-3581-42a9-bfa2-d4e35b8b447a 90dad553c293405a97825faf2c2ad45c aa299700692342cc9af174311802b228 - - default default] POST http://[LB_IP_ADDRESS]:8776/v3/aa299700692342cc9af174311802b228/qos-specs
2023-11-02 14:07:51.905 19 INFO cinder.api.openstack.wsgi [None req-3ba2e913-3581-42a9-bfa2-d4e35b8b447a 90dad553c293405a97825faf2c2ad45c aa299700692342cc9af174311802b228 - - default default] http://[LB_IP_ADDRESS]:8776/v3/aa299700692342cc9af174311802b228/qos-specs returned with HTTP 200
2023-11-02 14:07:51.920 23 INFO cinder.api.openstack.wsgi [None req-f1100cee-98da-40bd-aef0-14d29bbc70e1 90dad553c293405a97825faf2c2ad45c aa299700692342cc9af174311802b228 - - default default] DELETE http://[LB_IP_ADDRESS]:8776/v3/aa299700692342cc9af174311802b228/qos-specs/2008ac65-61ca-4e1d-a811-c12f27c97ab1?force=False
2023-11-02 14:07:51.939 23 INFO cinder.api.openstack.wsgi [None req-f1100cee-98da-40bd-aef0-14d29bbc70e1 90dad553c293405a97825faf2c2ad45c aa299700692342cc9af174311802b228 - - default default] http://[LB_IP_ADDRESS]:8776/v3/aa299700692342cc9af174311802b228/qos-specs/2008ac65-61ca-4e1d-a811-c12f27c97ab1?force=False returned with HTTP 202
2023-11-02 14:07:51.953 20 INFO cinder.api.openstack.wsgi [None req-ec59fcba-f1ed-4c9e-b7bf-15f4fc4d12b8 90dad553c293405a97825faf2c2ad45c aa299700692342cc9af174311802b228 - - default default] GET http://[LB_IP_ADDRESS]:8776/v3/aa299700692342cc9af174311802b228/qos-specs/2008ac65-61ca-4e1d-a811-c12f27c97ab1
2023-11-02 14:07:51.960 20 INFO cinder.api.openstack.wsgi [None req-ec59fcba-f1ed-4c9e-b7bf-15f4fc4d12b8 90dad553c293405a97825faf2c2ad45c aa299700692342cc9af174311802b228 - - default default] http://[LB_IP_ADDRESS]:8776/v3/aa299700692342cc9af174311802b228/qos-specs/2008ac65-61ca-4e1d-a811-c12f27c97ab1 returned with HTTP 404
2023-11-02 14:07:51.970 21 INFO cinder.api.openstack.wsgi [None req-25f5d486-76ff-4e9d-aad6-c1941ac5d593 90dad553c293405a97825faf2c2ad45c aa299700692342cc9af174311802b228 - - default default] GET http://[LB_IP_ADDRESS]:8776/v3/aa299700692342cc9af174311802b228/qos-specs
2023-11-02 14:07:51.979 21 INFO cinder.api.openstack.wsgi [None req-25f5d486-76ff-4e9d-aad6-c1941ac5d593 90dad553c293405a97825faf2c2ad45c aa299700692342cc9af174311802b228 - - default default] http://[LB_IP_ADDRESS]:8776/v3/aa299700692342cc9af174311802b228/qos-specs returned with HTTP 200
2023-11-02 14:07:51.993 22 INFO cinder.api.openstack.wsgi [None req-bb48ab17-97bb-4748-853e-7728a71bb052 90dad553c293405a97825faf2c2ad45c aa299700692342cc9af174311802b228 - - default default] POST http://[LB_IP_ADDRESS]:8776/v3/aa299700692342cc9af174311802b228/qos-specs
2023-11-02 14:07:52.006 22 INFO cinder.api.openstack.wsgi [None req-bb48ab17-97bb-4748-853e-7728a71bb052 90dad553c293405a97825faf2c2ad45c aa299700692342cc9af174311802b228 - - default default] http://[LB_IP_ADDRESS]:8776/v3/aa299700692342cc9af174311802b228/qos-specs returned with HTTP 200
2023-11-02 14:07:52.020 19 INFO cinder.api.openstack.wsgi [None req-03a5e6d3-8642-4434-a6e0-ce66baf14358 90dad553c293405a97825faf2c2ad45c aa299700692342cc9af174311802b228 - - default default] DELETE http://[LB_IP_ADDRESS]:8776/v3/aa299700692342cc9af174311802b228/qos-specs/36b41c0f-c45b-47ab-a12b-30e1b1f1f1c0?force=False
2023-11-02 14:07:52.039 19 INFO cinder.api.openstack.wsgi [None req-03a5e6d3-8642-4434-a6e0-ce66baf14358 90dad553c293405a97825faf2c2ad45c aa299700692342cc9af174311802b228 - - default default] http://[LB_IP_ADDRESS]:8776/v3/aa299700692342cc9af174311802b228/qos-specs/36b41c0f-c45b-47ab-a12b-30e1b1f1f1c0?force=False returned with HTTP 202
2023-11-02 14:07:52.054 23 INFO cinder.api.openstack.wsgi [None req-6103f050-5be3-472a-a4b2-971600bb2c60 90dad553c293405a97825faf2c2ad45c aa299700692342cc9af174311802b228 - - default default] GET http://[LB_IP_ADDRESS]:8776/v3/aa299700692342cc9af174311802b228/qos-specs/36b41c0f-c45b-47ab-a12b-30e1b1f1f1c0
2023-11-02 14:07:52.060 23 INFO cinder.api.openstack.wsgi [None req-6103f050-5be3-472a-a4b2-971600bb2c60 90dad553c293405a97825faf2c2ad45c aa299700692342cc9af174311802b228 - - default default] http://[LB_IP_ADDRESS]:8776/v3/aa299700692342cc9af174311802b228/qos-specs/36b41c0f-c45b-47ab-a12b-30e1b1f1f1c0 returned with HTTP 404
2023-11-02 14:07:52.077 20 INFO cinder.api.openstack.wsgi [None req-b4641df1-a396-41f6-82a7-4537ca77f53e 90dad553c293405a97825faf2c2ad45c aa299700692342cc9af174311802b228 - - default default] GET http://[LB_IP_ADDRESS]:8776/v3/aa299700692342cc9af174311802b228/qos-specs
2023-11-02 14:07:52.088 20 INFO cinder.api.openstack.wsgi [None req-b4641df1-a396-41f6-82a7-4537ca77f53e 90dad553c293405a97825faf2c2ad45c aa299700692342cc9af174311802b228 - - default default] http://[LB_IP_ADDRESS]:8776/v3/aa299700692342cc9af174311802b228/qos-specs returned with HTTP 200
2023-11-02 14:07:52.101 21 INFO cinder.api.openstack.wsgi [None req-6ceefdc9-afc8-4d79-847c-5bace96593e5 90dad553c293405a97825faf2c2ad45c aa299700692342cc9af174311802b228 - - default default] GET http://[LB_IP_ADDRESS]:8776/v3/aa299700692342cc9af174311802b228/qos-specs/4ae05de0-df77-4e32-8310-435e604b757b
2023-11-02 14:07:52.107 21 INFO cinder.api.openstack.wsgi [None req-6ceefdc9-afc8-4d79-847c-5bace96593e5 90dad553c293405a97825faf2c2ad45c aa299700692342cc9af174311802b228 - - default default] http://[LB_IP_ADDRESS]:8776/v3/aa299700692342cc9af174311802b228/qos-specs/4ae05de0-df77-4e32-8310-435e604b757b returned with HTTP 200
2023-11-02 14:07:52.125 22 INFO cinder.api.openstack.wsgi [None req-cc94fcf5-b7dd-4f5d-8063-50e7786cd3b2 90dad553c293405a97825faf2c2ad45c aa299700692342cc9af174311802b228 - - default default] GET http://[LB_IP_ADDRESS]:8776/v3/aa299700692342cc9af174311802b228/qos-specs
2023-11-02 14:07:52.132 22 INFO cinder.api.openstack.wsgi [None req-cc94fcf5-b7dd-4f5d-8063-50e7786cd3b2 90dad553c293405a97825faf2c2ad45c aa299700692342cc9af174311802b228 - - default default] http://[LB_IP_ADDRESS]:8776/v3/aa299700692342cc9af174311802b228/qos-specs returned with HTTP 200
2023-11-02 14:07:52.150 19 INFO cinder.api.openstack.wsgi [None req-eed714d6-3647-41c1-8486-33a4f696c8fa 90dad553c293405a97825faf2c2ad45c aa299700692342cc9af174311802b228 - - default default] PUT http://[LB_IP_ADDRESS]:8776/v3/aa299700692342cc9af174311802b228/qos-specs/4ae05de0-df77-4e32-8310-435e604b757b
2023-11-02 14:07:52.170 19 INFO cinder.api.openstack.wsgi [None req-eed714d6-3647-41c1-8486-33a4f696c8fa 90dad553c293405a97825faf2c2ad45c aa299700692342cc9af174311802b228 - - default default] http://[LB_IP_ADDRESS]:8776/v3/aa299700692342cc9af174311802b228/qos-specs/4ae05de0-df77-4e32-8310-435e604b757b returned with HTTP 200
2023-11-02 14:07:52.187 23 INFO cinder.api.openstack.wsgi [None req-8000cddd-c7dd-4b5e-8d4f-971b2d68cb88 90dad553c293405a97825faf2c2ad45c aa299700692342cc9af174311802b228 - - default default] GET http://[LB_IP_ADDRESS]:8776/v3/aa299700692342cc9af174311802b228/qos-specs/4ae05de0-df77-4e32-8310-435e604b757b
2023-11-02 14:07:52.194 23 INFO cinder.api.openstack.wsgi [None req-8000cddd-c7dd-4b5e-8d4f-971b2d68cb88 90dad553c293405a97825faf2c2ad45c aa299700692342cc9af174311802b228 - - default default] http://[LB_IP_ADDRESS]:8776/v3/aa299700692342cc9af174311802b228/qos-specs/4ae05de0-df77-4e32-8310-435e604b757b returned with HTTP 200
2023-11-02 14:07:52.214 20 INFO cinder.api.openstack.wsgi [None req-48af3753-b7e1-4aa5-baed-73b4b55f2861 90dad553c293405a97825faf2c2ad45c aa299700692342cc9af174311802b228 - - default default] PUT http://[LB_IP_ADDRESS]:8776/v3/aa299700692342cc9af174311802b228/qos-specs/4ae05de0-df77-4e32-8310-435e604b757b/delete_keys
2023-11-02 14:07:52.233 20 INFO cinder.api.openstack.wsgi [None req-48af3753-b7e1-4aa5-baed-73b4b55f2861 90dad553c293405a97825faf2c2ad45c aa299700692342cc9af174311802b228 - - default default] http://[LB_IP_ADDRESS]:8776/v3/aa299700692342cc9af174311802b228/qos-specs/4ae05de0-df77-4e32-8310-435e604b757b/delete_keys returned with HTTP 202
2023-11-02 14:07:52.248 21 INFO cinder.api.openstack.wsgi [None req-af263c3c-80a9-47f2-b451-3a17a9770b08 90dad553c293405a97825faf2c2ad45c aa299700692342cc9af174311802b228 - - default default] GET http://[LB_IP_ADDRESS]:8776/v3/aa299700692342cc9af174311802b228/qos-specs/4ae05de0-df77-4e32-8310-435e604b757b
2023-11-02 14:07:52.256 21 INFO cinder.api.openstack.wsgi [None req-af263c3c-80a9-47f2-b451-3a17a9770b08 90dad553c293405a97825faf2c2ad45c aa299700692342cc9af174311802b228 - - default default] http://[LB_IP_ADDRESS]:8776/v3/aa299700692342cc9af174311802b228/qos-specs/4ae05de0-df77-4e32-8310-435e604b757b returned with HTTP 200
2023-11-02 14:07:52.277 22 INFO cinder.api.openstack.wsgi [None req-25fdb019-2b9f-486d-b236-81b660053e7b 90dad553c293405a97825faf2c2ad45c aa299700692342cc9af174311802b228 - - default default] GET http://[LB_IP_ADDRESS]:8776/v3/aa299700692342cc9af174311802b228/qos-specs/4ae05de0-df77-4e32-8310-435e604b757b
2023-11-02 14:07:52.285 22 INFO cinder.api.openstack.wsgi [None req-25fdb019-2b9f-486d-b236-81b660053e7b 90dad553c293405a97825faf2c2ad45c aa299700692342cc9af174311802b228 - - default default] http://[LB_IP_ADDRESS]:8776/v3/aa299700692342cc9af174311802b228/qos-specs/4ae05de0-df77-4e32-8310-435e604b757b returned with HTTP 200
2023-11-02 14:07:52.301 19 INFO cinder.api.openstack.wsgi [None req-ed40beeb-a079-46e0-b56e-f1c6b542587b 90dad553c293405a97825faf2c2ad45c aa299700692342cc9af174311802b228 - - default default] DELETE http://[LB_IP_ADDRESS]:8776/v3/aa299700692342cc9af174311802b228/qos-specs/36b41c0f-c45b-47ab-a12b-30e1b1f1f1c0?force=False
2023-11-02 14:07:52.308 19 INFO cinder.api.openstack.wsgi [None req-ed40beeb-a079-46e0-b56e-f1c6b542587b 90dad553c293405a97825faf2c2ad45c aa299700692342cc9af174311802b228 - - default default] http://[LB_IP_ADDRESS]:8776/v3/aa299700692342cc9af174311802b228/qos-specs/36b41c0f-c45b-47ab-a12b-30e1b1f1f1c0?force=False returned with HTTP 404
2023-11-02 14:07:52.322 23 INFO cinder.api.openstack.wsgi [None req-43091685-2bc7-47f3-9503-678b4b48b267 90dad553c293405a97825faf2c2ad45c aa299700692342cc9af174311802b228 - - default default] GET http://[LB_IP_ADDRESS]:8776/v3/aa299700692342cc9af174311802b228/qos-specs/36b41c0f-c45b-47ab-a12b-30e1b1f1f1c0
2023-11-02 14:07:52.329 23 INFO cinder.api.openstack.wsgi [None req-43091685-2bc7-47f3-9503-678b4b48b267 90dad553c293405a97825faf2c2ad45c aa299700692342cc9af174311802b228 - - default default] http://[LB_IP_ADDRESS]:8776/v3/aa299700692342cc9af174311802b228/qos-specs/36b41c0f-c45b-47ab-a12b-30e1b1f1f1c0 returned with HTTP 404
2023-11-02 14:07:52.335 20 INFO cinder.api.openstack.wsgi [None req-1611dfae-dd52-4c1c-9169-b4f0961f7998 bba7c4322e084e8aa1c05148f1d04d12 f3bff755fac14a70b0e34d5199052a32 - - default default] GET http://[LB_IP_ADDRESS]:8776/v3/f3bff755fac14a70b0e34d5199052a32/volumes/a360cb95-59f9-4158-9a99-fa7a2b8897da
2023-11-02 14:07:52.340 21 INFO cinder.api.openstack.wsgi [None req-2f26bc5c-3d3c-4b27-ae6f-317d98e0e3d6 90dad553c293405a97825faf2c2ad45c aa299700692342cc9af174311802b228 - - default default] DELETE http://[LB_IP_ADDRESS]:8776/v3/aa299700692342cc9af174311802b228/qos-specs/2008ac65-61ca-4e1d-a811-c12f27c97ab1?force=False
2023-11-02 14:07:52.347 20 INFO cinder.api.openstack.wsgi [None req-1611dfae-dd52-4c1c-9169-b4f0961f7998 bba7c4322e084e8aa1c05148f1d04d12 f3bff755fac14a70b0e34d5199052a32 - - default default] http://[LB_IP_ADDRESS]:8776/v3/f3bff755fac14a70b0e34d5199052a32/volumes/a360cb95-59f9-4158-9a99-fa7a2b8897da returned with HTTP 404
2023-11-02 14:07:52.347 21 INFO cinder.api.openstack.wsgi [None req-2f26bc5c-3d3c-4b27-ae6f-317d98e0e3d6 90dad553c293405a97825faf2c2ad45c aa299700692342cc9af174311802b228 - - default default] http://[LB_IP_ADDRESS]:8776/v3/aa299700692342cc9af174311802b228/qos-specs/2008ac65-61ca-4e1d-a811-c12f27c97ab1?force=False returned with HTTP 404
2023-11-02 14:07:52.356 19 INFO cinder.api.openstack.wsgi [None req-da65f2de-0558-478a-a146-e7a24f32eeb5 bba7c4322e084e8aa1c05148f1d04d12 f3bff755fac14a70b0e34d5199052a32 - - default default] GET http://[LB_IP_ADDRESS]:8776/v3/f3bff755fac14a70b0e34d5199052a32/groups/e83aaa61-7f42-4bbc-bb43-638633cce3fd
2023-11-02 14:07:52.361 19 INFO cinder.api.openstack.wsgi [None req-da65f2de-0558-478a-a146-e7a24f32eeb5 bba7c4322e084e8aa1c05148f1d04d12 f3bff755fac14a70b0e34d5199052a32 - - default default] http://[LB_IP_ADDRESS]:8776/v3/f3bff755fac14a70b0e34d5199052a32/groups/e83aaa61-7f42-4bbc-bb43-638633cce3fd returned with HTTP 404
2023-11-02 14:07:52.363 22 INFO cinder.api.openstack.wsgi [None req-ec47c7ba-c825-4d35-9c6e-d2b8fc1096af 90dad553c293405a97825faf2c2ad45c aa299700692342cc9af174311802b228 - - default default] GET http://[LB_IP_ADDRESS]:8776/v3/aa299700692342cc9af174311802b228/qos-specs/2008ac65-61ca-4e1d-a811-c12f27c97ab1
2023-11-02 14:07:52.370 22 INFO cinder.api.openstack.wsgi [None req-ec47c7ba-c825-4d35-9c6e-d2b8fc1096af 90dad553c293405a97825faf2c2ad45c aa299700692342cc9af174311802b228 - - default default] http://[LB_IP_ADDRESS]:8776/v3/aa299700692342cc9af174311802b228/qos-specs/2008ac65-61ca-4e1d-a811-c12f27c97ab1 returned with HTTP 404
2023-11-02 14:07:52.375 23 INFO cinder.api.openstack.wsgi [None req-ab7eedc8-d204-4f2a-9d67-f77e99d4d369 bba7c4322e084e8aa1c05148f1d04d12 f3bff755fac14a70b0e34d5199052a32 - - default default] POST http://[LB_IP_ADDRESS]:8776/v3/f3bff755fac14a70b0e34d5199052a32/groups/986dc33e-ec82-47b4-ab12-00ca77a2f36d/action
2023-11-02 14:07:52.379 23 INFO cinder.api.v3.groups [None req-ab7eedc8-d204-4f2a-9d67-f77e99d4d369 bba7c4322e084e8aa1c05148f1d04d12 f3bff755fac14a70b0e34d5199052a32 - - default default] Delete group with id: 986dc33e-ec82-47b4-ab12-00ca77a2f36d
2023-11-02 14:07:52.382 20 INFO cinder.api.openstack.wsgi [None req-934d8ec0-4195-4d69-bf41-339c0fd5614e 90dad553c293405a97825faf2c2ad45c aa299700692342cc9af174311802b228 - - default default] DELETE http://[LB_IP_ADDRESS]:8776/v3/aa299700692342cc9af174311802b228/qos-specs/f641d515-6b7d-4ceb-80ba-45588e03d802?force=False
2023-11-02 14:07:52.389 20 INFO cinder.api.openstack.wsgi [None req-934d8ec0-4195-4d69-bf41-339c0fd5614e 90dad553c293405a97825faf2c2ad45c aa299700692342cc9af174311802b228 - - default default] http://[LB_IP_ADDRESS]:8776/v3/aa299700692342cc9af174311802b228/qos-specs/f641d515-6b7d-4ceb-80ba-45588e03d802?force=False returned with HTTP 404
2023-11-02 14:07:52.404 21 INFO cinder.api.openstack.wsgi [None req-38aaa7bd-3cd6-4d38-b1fe-e379ba3c9957 90dad553c293405a97825faf2c2ad45c aa299700692342cc9af174311802b228 - - default default] GET http://[LB_IP_ADDRESS]:8776/v3/aa299700692342cc9af174311802b228/qos-specs/f641d515-6b7d-4ceb-80ba-45588e03d802
2023-11-02 14:07:52.411 23 INFO cinder.api.openstack.wsgi [None req-ab7eedc8-d204-4f2a-9d67-f77e99d4d369 bba7c4322e084e8aa1c05148f1d04d12 f3bff755fac14a70b0e34d5199052a32 - - default default] http://[LB_IP_ADDRESS]:8776/v3/f3bff755fac14a70b0e34d5199052a32/groups/986dc33e-ec82-47b4-ab12-00ca77a2f36d/action returned with HTTP 202
2023-11-02 14:07:52.411 21 INFO cinder.api.openstack.wsgi [None req-38aaa7bd-3cd6-4d38-b1fe-e379ba3c9957 90dad553c293405a97825faf2c2ad45c aa299700692342cc9af174311802b228 - - default default] http://[LB_IP_ADDRESS]:8776/v3/aa299700692342cc9af174311802b228/qos-specs/f641d515-6b7d-4ceb-80ba-45588e03d802 returned with HTTP 404
2023-11-02 14:07:52.419 22 INFO cinder.api.openstack.wsgi [None req-2cc46169-71cc-404a-ad32-20f02af318f5 90dad553c293405a97825faf2c2ad45c aa299700692342cc9af174311802b228 - - default default] DELETE http://[LB_IP_ADDRESS]:8776/v3/aa299700692342cc9af174311802b228/types/ddb2c629-9dcf-4ab8-b24f-e912fe97b766
2023-11-02 14:07:52.420 19 INFO cinder.api.openstack.wsgi [None req-6047edc8-86b3-4312-a5a6-63a635f1e0a5 bba7c4322e084e8aa1c05148f1d04d12 f3bff755fac14a70b0e34d5199052a32 - - default default] GET http://[LB_IP_ADDRESS]:8776/v3/f3bff755fac14a70b0e34d5199052a32/groups/986dc33e-ec82-47b4-ab12-00ca77a2f36d
2023-11-02 14:07:52.434 19 INFO cinder.api.openstack.wsgi [None req-6047edc8-86b3-4312-a5a6-63a635f1e0a5 bba7c4322e084e8aa1c05148f1d04d12 f3bff755fac14a70b0e34d5199052a32 - - default default] http://[LB_IP_ADDRESS]:8776/v3/f3bff755fac14a70b0e34d5199052a32/groups/986dc33e-ec82-47b4-ab12-00ca77a2f36d returned with HTTP 200
2023-11-02 14:07:52.445 22 INFO cinder.api.openstack.wsgi [None req-2cc46169-71cc-404a-ad32-20f02af318f5 90dad553c293405a97825faf2c2ad45c aa299700692342cc9af174311802b228 - - default default] http://[LB_IP_ADDRESS]:8776/v3/aa299700692342cc9af174311802b228/types/ddb2c629-9dcf-4ab8-b24f-e912fe97b766 returned with HTTP 202
2023-11-02 14:07:52.459 20 INFO cinder.api.openstack.wsgi [None req-3b65a590-116f-4057-a632-19540af48134 90dad553c293405a97825faf2c2ad45c aa299700692342cc9af174311802b228 - - default default] GET http://[LB_IP_ADDRESS]:8776/v3/aa299700692342cc9af174311802b228/types/ddb2c629-9dcf-4ab8-b24f-e912fe97b766
2023-11-02 14:07:52.467 20 INFO cinder.api.openstack.wsgi [None req-3b65a590-116f-4057-a632-19540af48134 90dad553c293405a97825faf2c2ad45c aa299700692342cc9af174311802b228 - - default default] http://[LB_IP_ADDRESS]:8776/v3/aa299700692342cc9af174311802b228/types/ddb2c629-9dcf-4ab8-b24f-e912fe97b766 returned with HTTP 404
2023-11-02 14:07:52.481 23 INFO cinder.api.openstack.wsgi [None req-c009aed5-c409-49d8-90b1-9a8d043f021e 90dad553c293405a97825faf2c2ad45c aa299700692342cc9af174311802b228 - - default default] DELETE http://[LB_IP_ADDRESS]:8776/v3/aa299700692342cc9af174311802b228/types/e957b20e-ce0f-4750-88d2-4a284284dda6
2023-11-02 14:07:52.513 23 INFO cinder.api.openstack.wsgi [None req-c009aed5-c409-49d8-90b1-9a8d043f021e 90dad553c293405a97825faf2c2ad45c aa299700692342cc9af174311802b228 - - default default] http://[LB_IP_ADDRESS]:8776/v3/aa299700692342cc9af174311802b228/types/e957b20e-ce0f-4750-88d2-4a284284dda6 returned with HTTP 202
2023-11-02 14:07:52.525 21 INFO cinder.api.openstack.wsgi [None req-2ef0c6cf-2620-4b65-9913-7868b7b6b37c 90dad553c293405a97825faf2c2ad45c aa299700692342cc9af174311802b228 - - default default] GET http://[LB_IP_ADDRESS]:8776/v3/aa299700692342cc9af174311802b228/types/e957b20e-ce0f-4750-88d2-4a284284dda6
2023-11-02 14:07:52.532 21 INFO cinder.api.openstack.wsgi [None req-2ef0c6cf-2620-4b65-9913-7868b7b6b37c 90dad553c293405a97825faf2c2ad45c aa299700692342cc9af174311802b228 - - default default] http://[LB_IP_ADDRESS]:8776/v3/aa299700692342cc9af174311802b228/types/e957b20e-ce0f-4750-88d2-4a284284dda6 returned with HTTP 404
2023-11-02 14:07:52.542 19 INFO cinder.api.openstack.wsgi [None req-e8634b6d-9216-4100-840d-4f115b25ac42 90dad553c293405a97825faf2c2ad45c aa299700692342cc9af174311802b228 - - default default] DELETE http://[LB_IP_ADDRESS]:8776/v3/aa299700692342cc9af174311802b228/types/b7ec3712-4aa5-4fec-a4a7-1aa8f74f6d22
2023-11-02 14:07:52.579 19 INFO cinder.api.openstack.wsgi [None req-e8634b6d-9216-4100-840d-4f115b25ac42 90dad553c293405a97825faf2c2ad45c aa299700692342cc9af174311802b228 - - default default] http://[LB_IP_ADDRESS]:8776/v3/aa299700692342cc9af174311802b228/types/b7ec3712-4aa5-4fec-a4a7-1aa8f74f6d22 returned with HTTP 202
2023-11-02 14:07:52.588 22 INFO cinder.api.openstack.wsgi [None req-8a1ce15b-e9a2-4c3b-8a19-774cd760e751 90dad553c293405a97825faf2c2ad45c aa299700692342cc9af174311802b228 - - default default] GET http://[LB_IP_ADDRESS]:8776/v3/aa299700692342cc9af174311802b228/types/b7ec3712-4aa5-4fec-a4a7-1aa8f74f6d22
2023-11-02 14:07:52.592 22 INFO cinder.api.openstack.wsgi [None req-8a1ce15b-e9a2-4c3b-8a19-774cd760e751 90dad553c293405a97825faf2c2ad45c aa299700692342cc9af174311802b228 - - default default] http://[LB_IP_ADDRESS]:8776/v3/aa299700692342cc9af174311802b228/types/b7ec3712-4aa5-4fec-a4a7-1aa8f74f6d22 returned with HTTP 404
2023-11-02 14:07:52.606 20 INFO cinder.api.openstack.wsgi [None req-928bc1fe-510b-452d-be18-dcd64eb95704 90dad553c293405a97825faf2c2ad45c aa299700692342cc9af174311802b228 - - default default] DELETE http://[LB_IP_ADDRESS]:8776/v3/aa299700692342cc9af174311802b228/qos-specs/4ae05de0-df77-4e32-8310-435e604b757b?force=False
2023-11-02 14:07:52.626 20 INFO cinder.api.openstack.wsgi [None req-928bc1fe-510b-452d-be18-dcd64eb95704 90dad553c293405a97825faf2c2ad45c aa299700692342cc9af174311802b228 - - default default] http://[LB_IP_ADDRESS]:8776/v3/aa299700692342cc9af174311802b228/qos-specs/4ae05de0-df77-4e32-8310-435e604b757b?force=False returned with HTTP 202
2023-11-02 14:07:52.638 23 INFO cinder.api.openstack.wsgi [None req-d4d9fd9e-595b-4ed0-b2f0-5355a375c324 90dad553c293405a97825faf2c2ad45c aa299700692342cc9af174311802b228 - - default default] GET http://[LB_IP_ADDRESS]:8776/v3/aa299700692342cc9af174311802b228/qos-specs/4ae05de0-df77-4e32-8310-435e604b757b
2023-11-02 14:07:52.644 23 INFO cinder.api.openstack.wsgi [None req-d4d9fd9e-595b-4ed0-b2f0-5355a375c324 90dad553c293405a97825faf2c2ad45c aa299700692342cc9af174311802b228 - - default default] http://[LB_IP_ADDRESS]:8776/v3/aa299700692342cc9af174311802b228/qos-specs/4ae05de0-df77-4e32-8310-435e604b757b returned with HTTP 404
2023-11-02 14:07:52.789 21 INFO cinder.api.openstack.wsgi [None req-e8e49f8e-a7fc-4524-887d-55786fd93635 ce1419cd5d784e4dab1b877f4f3ef6e6 cfc8da139c0647039d246a661677a9cd - - default default] GET http://[LB_IP_ADDRESS]:8776/v3/cfc8da139c0647039d246a661677a9cd/group_snapshots/76cd9857-aa7b-4732-902b-e06d3066e3b6
2023-11-02 14:07:52.799 21 INFO cinder.api.openstack.wsgi [None req-e8e49f8e-a7fc-4524-887d-55786fd93635 ce1419cd5d784e4dab1b877f4f3ef6e6 cfc8da139c0647039d246a661677a9cd - - default default] http://[LB_IP_ADDRESS]:8776/v3/cfc8da139c0647039d246a661677a9cd/group_snapshots/76cd9857-aa7b-4732-902b-e06d3066e3b6 returned with HTTP 200
2023-11-02 14:07:52.812 19 INFO cinder.api.openstack.wsgi [None req-577c843a-463b-4c48-a94b-ee624e9a41d0 ce1419cd5d784e4dab1b877f4f3ef6e6 cfc8da139c0647039d246a661677a9cd - - default default] GET http://[LB_IP_ADDRESS]:8776/v3/cfc8da139c0647039d246a661677a9cd/snapshots/detail
2023-11-02 14:07:52.820 19 INFO cinder.volume.api [None req-577c843a-463b-4c48-a94b-ee624e9a41d0 ce1419cd5d784e4dab1b877f4f3ef6e6 cfc8da139c0647039d246a661677a9cd - - default default] Get all snapshots completed successfully.
2023-11-02 14:07:52.822 19 INFO cinder.api.openstack.wsgi [None req-577c843a-463b-4c48-a94b-ee624e9a41d0 ce1419cd5d784e4dab1b877f4f3ef6e6 cfc8da139c0647039d246a661677a9cd - - default default] http://[LB_IP_ADDRESS]:8776/v3/cfc8da139c0647039d246a661677a9cd/snapshots/detail returned with HTTP 200
2023-11-02 14:07:52.837 22 INFO cinder.api.openstack.wsgi [None req-10c0e9d6-6bae-4772-9f61-afe8d5bfc0de ce1419cd5d784e4dab1b877f4f3ef6e6 cfc8da139c0647039d246a661677a9cd - - default default] GET http://[LB_IP_ADDRESS]:8776/v3/cfc8da139c0647039d246a661677a9cd/snapshots/1dee9fb9-d076-46e6-83ff-04bd895af9b1
2023-11-02 14:07:52.849 22 INFO cinder.volume.api [None req-10c0e9d6-6bae-4772-9f61-afe8d5bfc0de ce1419cd5d784e4dab1b877f4f3ef6e6 cfc8da139c0647039d246a661677a9cd - - default default] Snapshot retrieved successfully.
2023-11-02 14:07:52.852 22 INFO cinder.api.openstack.wsgi [None req-10c0e9d6-6bae-4772-9f61-afe8d5bfc0de ce1419cd5d784e4dab1b877f4f3ef6e6 cfc8da139c0647039d246a661677a9cd - - default default] http://[LB_IP_ADDRESS]:8776/v3/cfc8da139c0647039d246a661677a9cd/snapshots/1dee9fb9-d076-46e6-83ff-04bd895af9b1 returned with HTTP 200
2023-11-02 14:07:52.872 20 INFO cinder.api.openstack.wsgi [None req-949469b5-ce3b-4fa8-a052-91113c98ab52 ce1419cd5d784e4dab1b877f4f3ef6e6 cfc8da139c0647039d246a661677a9cd - - default default] POST http://[LB_IP_ADDRESS]:8776/v3/cfc8da139c0647039d246a661677a9cd/groups/action
2023-11-02 14:07:52.876 20 INFO cinder.api.v3.groups [None req-949469b5-ce3b-4fa8-a052-91113c98ab52 ce1419cd5d784e4dab1b877f4f3ef6e6 cfc8da139c0647039d246a661677a9cd - - default default] Creating group tempest-Group_from_snap-1444750987 from group_snapshot 76cd9857-aa7b-4732-902b-e06d3066e3b6.
2023-11-02 14:07:53.016 20 INFO cinder.group.api [None req-949469b5-ce3b-4fa8-a052-91113c98ab52 ce1419cd5d784e4dab1b877f4f3ef6e6 cfc8da139c0647039d246a661677a9cd - - default default] A mapping entry already exists for group 939dbcc2-b089-4141-a529-ac70112c1abc and volume type e10f429c-00bd-4072-bec8-4467babae62a. Do not need to create again.
2023-11-02 14:07:53.020 20 INFO cinder.volume.api [None req-949469b5-ce3b-4fa8-a052-91113c98ab52 ce1419cd5d784e4dab1b877f4f3ef6e6 cfc8da139c0647039d246a661677a9cd - - default default] Availability Zones retrieved successfully.
2023-11-02 14:07:53.077 20 WARNING cinder.quota [None req-949469b5-ce3b-4fa8-a052-91113c98ab52 ce1419cd5d784e4dab1b877f4f3ef6e6 cfc8da139c0647039d246a661677a9cd - - default default] Deprecated: Default quota for resource: volumes_tempest-GroupSnapshotsTest-volume-type-2024758857 is set by the default quota flag: quota_volumes_tempest-GroupSnapshotsTest-volume-type-2024758857, it is now deprecated. Please use the default quota class for default quota.
2023-11-02 14:07:53.130 20 INFO cinder.volume.api [None req-949469b5-ce3b-4fa8-a052-91113c98ab52 ce1419cd5d784e4dab1b877f4f3ef6e6 cfc8da139c0647039d246a661677a9cd - - default default] Create volume request issued successfully.
2023-11-02 14:07:53.144 20 INFO cinder.api.openstack.wsgi [None req-949469b5-ce3b-4fa8-a052-91113c98ab52 ce1419cd5d784e4dab1b877f4f3ef6e6 cfc8da139c0647039d246a661677a9cd - - default default] http://[LB_IP_ADDRESS]:8776/v3/cfc8da139c0647039d246a661677a9cd/groups/action returned with HTTP 202
2023-11-02 14:07:53.160 23 INFO cinder.api.openstack.wsgi [None req-61310bcd-4199-4754-9cf7-875ef3e7549c ce1419cd5d784e4dab1b877f4f3ef6e6 cfc8da139c0647039d246a661677a9cd - - default default] GET http://[LB_IP_ADDRESS]:8776/v3/cfc8da139c0647039d246a661677a9cd/volumes/detail
2023-11-02 14:07:53.184 23 INFO cinder.volume.api [None req-61310bcd-4199-4754-9cf7-875ef3e7549c ce1419cd5d784e4dab1b877f4f3ef6e6 cfc8da139c0647039d246a661677a9cd - - default default] Get all volumes completed successfully.
2023-11-02 14:07:53.213 23 INFO cinder.api.openstack.wsgi [None req-61310bcd-4199-4754-9cf7-875ef3e7549c ce1419cd5d784e4dab1b877f4f3ef6e6 cfc8da139c0647039d246a661677a9cd - - default default] http://[LB_IP_ADDRESS]:8776/v3/cfc8da139c0647039d246a661677a9cd/volumes/detail returned with HTTP 200
2023-11-02 14:07:53.238 21 INFO cinder.api.openstack.wsgi [None req-834be9b1-7ec9-431f-bbdc-c2354eba2f2c ce1419cd5d784e4dab1b877f4f3ef6e6 cfc8da139c0647039d246a661677a9cd - - default default] GET http://[LB_IP_ADDRESS]:8776/v3/cfc8da139c0647039d246a661677a9cd/volumes/60843526-77fc-4adf-af95-30d333757c3d
2023-11-02 14:07:53.259 21 INFO cinder.volume.api [None req-834be9b1-7ec9-431f-bbdc-c2354eba2f2c ce1419cd5d784e4dab1b877f4f3ef6e6 cfc8da139c0647039d246a661677a9cd - - default default] Volume info retrieved successfully.
2023-11-02 14:07:53.276 21 INFO cinder.api.openstack.wsgi [None req-834be9b1-7ec9-431f-bbdc-c2354eba2f2c ce1419cd5d784e4dab1b877f4f3ef6e6 cfc8da139c0647039d246a661677a9cd - - default default] http://[LB_IP_ADDRESS]:8776/v3/cfc8da139c0647039d246a661677a9cd/volumes/60843526-77fc-4adf-af95-30d333757c3d returned with HTTP 200
2023-11-02 14:07:53.454 19 INFO cinder.api.openstack.wsgi [None req-098d280a-110a-46c0-a687-8449a7103a00 bba7c4322e084e8aa1c05148f1d04d12 f3bff755fac14a70b0e34d5199052a32 - - default default] GET http://[LB_IP_ADDRESS]:8776/v3/f3bff755fac14a70b0e34d5199052a32/groups/986dc33e-ec82-47b4-ab12-00ca77a2f36d
2023-11-02 14:07:53.461 19 INFO cinder.api.openstack.wsgi [None req-098d280a-110a-46c0-a687-8449a7103a00 bba7c4322e084e8aa1c05148f1d04d12 f3bff755fac14a70b0e34d5199052a32 - - default default] http://[LB_IP_ADDRESS]:8776/v3/f3bff755fac14a70b0e34d5199052a32/groups/986dc33e-ec82-47b4-ab12-00ca77a2f36d returned with HTTP 404
2023-11-02 14:07:53.476 22 INFO cinder.api.openstack.wsgi [None req-776607e3-a17a-4d51-9f83-69c7096ce678 bba7c4322e084e8aa1c05148f1d04d12 f3bff755fac14a70b0e34d5199052a32 - - default default] GET http://[LB_IP_ADDRESS]:8776/v3/f3bff755fac14a70b0e34d5199052a32/groups/detail
2023-11-02 14:07:53.485 22 INFO cinder.api.openstack.wsgi [None req-776607e3-a17a-4d51-9f83-69c7096ce678 bba7c4322e084e8aa1c05148f1d04d12 f3bff755fac14a70b0e34d5199052a32 - - default default] http://[LB_IP_ADDRESS]:8776/v3/f3bff755fac14a70b0e34d5199052a32/groups/detail returned with HTTP 200
2023-11-02 14:07:53.504 20 INFO cinder.api.openstack.wsgi [None req-77184a1c-c834-470b-9400-32b9faec1284 bba7c4322e084e8aa1c05148f1d04d12 f3bff755fac14a70b0e34d5199052a32 - - default default] GET http://[LB_IP_ADDRESS]:8776/v3/f3bff755fac14a70b0e34d5199052a32/volumes/detail
2023-11-02 14:07:53.526 20 INFO cinder.volume.api [None req-77184a1c-c834-470b-9400-32b9faec1284 bba7c4322e084e8aa1c05148f1d04d12 f3bff755fac14a70b0e34d5199052a32 - - default default] Get all volumes completed successfully.
2023-11-02 14:07:53.529 20 INFO cinder.api.openstack.wsgi [None req-77184a1c-c834-470b-9400-32b9faec1284 bba7c4322e084e8aa1c05148f1d04d12 f3bff755fac14a70b0e34d5199052a32 - - default default] http://[LB_IP_ADDRESS]:8776/v3/f3bff755fac14a70b0e34d5199052a32/volumes/detail returned with HTTP 200
2023-11-02 14:07:53.559 23 INFO cinder.api.openstack.wsgi [None req-411084bd-7bef-44ab-9e96-737140979790 bba7c4322e084e8aa1c05148f1d04d12 f3bff755fac14a70b0e34d5199052a32 - - default default] POST http://[LB_IP_ADDRESS]:8776/v3/f3bff755fac14a70b0e34d5199052a32/groups/986dc33e-ec82-47b4-ab12-00ca77a2f36d/action
2023-11-02 14:07:53.564 23 INFO cinder.api.v3.groups [None req-411084bd-7bef-44ab-9e96-737140979790 bba7c4322e084e8aa1c05148f1d04d12 f3bff755fac14a70b0e34d5199052a32 - - default default] Delete group with id: 986dc33e-ec82-47b4-ab12-00ca77a2f36d
2023-11-02 14:07:53.569 23 INFO cinder.api.openstack.wsgi [None req-411084bd-7bef-44ab-9e96-737140979790 bba7c4322e084e8aa1c05148f1d04d12 f3bff755fac14a70b0e34d5199052a32 - - default default] http://[LB_IP_ADDRESS]:8776/v3/f3bff755fac14a70b0e34d5199052a32/groups/986dc33e-ec82-47b4-ab12-00ca77a2f36d/action returned with HTTP 404
2023-11-02 14:07:53.583 21 INFO cinder.api.openstack.wsgi [None req-39ab414d-1bcf-4939-8344-f2f08825fc3b bba7c4322e084e8aa1c05148f1d04d12 f3bff755fac14a70b0e34d5199052a32 - - default default] GET http://[LB_IP_ADDRESS]:8776/v3/f3bff755fac14a70b0e34d5199052a32/volumes/detail
2023-11-02 14:07:53.598 21 INFO cinder.volume.api [None req-39ab414d-1bcf-4939-8344-f2f08825fc3b bba7c4322e084e8aa1c05148f1d04d12 f3bff755fac14a70b0e34d5199052a32 - - default default] Get all volumes completed successfully.
2023-11-02 14:07:53.600 21 INFO cinder.api.openstack.wsgi [None req-39ab414d-1bcf-4939-8344-f2f08825fc3b bba7c4322e084e8aa1c05148f1d04d12 f3bff755fac14a70b0e34d5199052a32 - - default default] http://[LB_IP_ADDRESS]:8776/v3/f3bff755fac14a70b0e34d5199052a32/volumes/detail returned with HTTP 200
2023-11-02 14:07:53.623 19 INFO cinder.api.openstack.wsgi [None req-9c437365-9911-4e65-80c8-491397e22585 bba7c4322e084e8aa1c05148f1d04d12 f3bff755fac14a70b0e34d5199052a32 - - default default] POST http://[LB_IP_ADDRESS]:8776/v3/f3bff755fac14a70b0e34d5199052a32/groups/e83aaa61-7f42-4bbc-bb43-638633cce3fd/action
2023-11-02 14:07:53.629 19 INFO cinder.api.v3.groups [None req-9c437365-9911-4e65-80c8-491397e22585 bba7c4322e084e8aa1c05148f1d04d12 f3bff755fac14a70b0e34d5199052a32 - - default default] Delete group with id: e83aaa61-7f42-4bbc-bb43-638633cce3fd
2023-11-02 14:07:53.633 19 INFO cinder.api.openstack.wsgi [None req-9c437365-9911-4e65-80c8-491397e22585 bba7c4322e084e8aa1c05148f1d04d12 f3bff755fac14a70b0e34d5199052a32 - - default default] http://[LB_IP_ADDRESS]:8776/v3/f3bff755fac14a70b0e34d5199052a32/groups/e83aaa61-7f42-4bbc-bb43-638633cce3fd/action returned with HTTP 404
2023-11-02 14:07:53.647 22 INFO cinder.api.openstack.wsgi [None req-b6d39035-9cb8-4c88-a15d-0b1771bdf370 846a46ae8f2f443fb76dbcc834b0a4e8 7241f2a6bcf5454bb79c609fc892adb6 - - default default] DELETE http://[LB_IP_ADDRESS]:8776/v3/7241f2a6bcf5454bb79c609fc892adb6/group_types/25408427-afb5-401b-a39f-ced6edc96a8f
2023-11-02 14:07:53.664 22 INFO cinder.api.openstack.wsgi [None req-b6d39035-9cb8-4c88-a15d-0b1771bdf370 846a46ae8f2f443fb76dbcc834b0a4e8 7241f2a6bcf5454bb79c609fc892adb6 - - default default] http://[LB_IP_ADDRESS]:8776/v3/7241f2a6bcf5454bb79c609fc892adb6/group_types/25408427-afb5-401b-a39f-ced6edc96a8f returned with HTTP 202
2023-11-02 14:07:53.676 20 INFO cinder.api.openstack.wsgi [None req-80b612b3-9f36-4d2e-b6d7-c64b5e9dda7b 846a46ae8f2f443fb76dbcc834b0a4e8 7241f2a6bcf5454bb79c609fc892adb6 - - default default] POST http://[LB_IP_ADDRESS]:8776/v3/7241f2a6bcf5454bb79c609fc892adb6/types
2023-11-02 14:07:53.692 20 INFO cinder.api.openstack.wsgi [None req-80b612b3-9f36-4d2e-b6d7-c64b5e9dda7b 846a46ae8f2f443fb76dbcc834b0a4e8 7241f2a6bcf5454bb79c609fc892adb6 - - default default] http://[LB_IP_ADDRESS]:8776/v3/7241f2a6bcf5454bb79c609fc892adb6/types returned with HTTP 200
2023-11-02 14:07:53.709 23 INFO cinder.api.openstack.wsgi [None req-cbf3e11e-c4d2-4416-bd38-75fcd76206be 846a46ae8f2f443fb76dbcc834b0a4e8 7241f2a6bcf5454bb79c609fc892adb6 - - default default] POST http://[LB_IP_ADDRESS]:8776/v3/7241f2a6bcf5454bb79c609fc892adb6/group_types
2023-11-02 14:07:53.739 23 INFO cinder.api.openstack.wsgi [None req-cbf3e11e-c4d2-4416-bd38-75fcd76206be 846a46ae8f2f443fb76dbcc834b0a4e8 7241f2a6bcf5454bb79c609fc892adb6 - - default default] http://[LB_IP_ADDRESS]:8776/v3/7241f2a6bcf5454bb79c609fc892adb6/group_types returned with HTTP 202
2023-11-02 14:07:53.756 21 INFO cinder.api.openstack.wsgi [None req-ae8bce1f-c0b6-47d5-aa14-bdf115726d64 bba7c4322e084e8aa1c05148f1d04d12 f3bff755fac14a70b0e34d5199052a32 - - default default] POST http://[LB_IP_ADDRESS]:8776/v3/f3bff755fac14a70b0e34d5199052a32/groups
2023-11-02 14:07:53.766 21 INFO cinder.api.v3.groups [None req-ae8bce1f-c0b6-47d5-aa14-bdf115726d64 bba7c4322e084e8aa1c05148f1d04d12 f3bff755fac14a70b0e34d5199052a32 - - default default] Creating group tempest-GroupsTest-Group-107995809.
2023-11-02 14:07:53.774 21 INFO cinder.volume.api [None req-ae8bce1f-c0b6-47d5-aa14-bdf115726d64 bba7c4322e084e8aa1c05148f1d04d12 f3bff755fac14a70b0e34d5199052a32 - - default default] Availability Zones retrieved successfully.
2023-11-02 14:07:53.818 21 INFO cinder.api.openstack.wsgi [None req-ae8bce1f-c0b6-47d5-aa14-bdf115726d64 bba7c4322e084e8aa1c05148f1d04d12 f3bff755fac14a70b0e34d5199052a32 - - default default] http://[LB_IP_ADDRESS]:8776/v3/f3bff755fac14a70b0e34d5199052a32/groups returned with HTTP 202
2023-11-02 14:07:53.833 19 INFO cinder.api.openstack.wsgi [None req-901fa3e2-8eb6-4e50-a232-98381bf87398 bba7c4322e084e8aa1c05148f1d04d12 f3bff755fac14a70b0e34d5199052a32 - - default default] GET http://[LB_IP_ADDRESS]:8776/v3/f3bff755fac14a70b0e34d5199052a32/groups/ed67d461-3054-4455-a339-943191f7be59
2023-11-02 14:07:53.852 19 INFO cinder.api.openstack.wsgi [None req-901fa3e2-8eb6-4e50-a232-98381bf87398 bba7c4322e084e8aa1c05148f1d04d12 f3bff755fac14a70b0e34d5199052a32 - - default default] http://[LB_IP_ADDRESS]:8776/v3/f3bff755fac14a70b0e34d5199052a32/groups/ed67d461-3054-4455-a339-943191f7be59 returned with HTTP 200
2023-11-02 14:07:54.299 22 INFO cinder.api.openstack.wsgi [None req-7d2168c3-992a-4a85-968e-822dd43ba713 ce1419cd5d784e4dab1b877f4f3ef6e6 cfc8da139c0647039d246a661677a9cd - - default default] GET http://[LB_IP_ADDRESS]:8776/v3/cfc8da139c0647039d246a661677a9cd/volumes/60843526-77fc-4adf-af95-30d333757c3d
2023-11-02 14:07:54.321 22 INFO cinder.volume.api [None req-7d2168c3-992a-4a85-968e-822dd43ba713 ce1419cd5d784e4dab1b877f4f3ef6e6 cfc8da139c0647039d246a661677a9cd - - default default] Volume info retrieved successfully.
2023-11-02 14:07:54.338 22 INFO cinder.api.openstack.wsgi [None req-7d2168c3-992a-4a85-968e-822dd43ba713 ce1419cd5d784e4dab1b877f4f3ef6e6 cfc8da139c0647039d246a661677a9cd - - default default] http://[LB_IP_ADDRESS]:8776/v3/cfc8da139c0647039d246a661677a9cd/volumes/60843526-77fc-4adf-af95-30d333757c3d returned with HTTP 200
2023-11-02 14:07:54.871 20 INFO cinder.api.openstack.wsgi [None req-6e841212-70cd-4863-a353-a71b4f8ebfdc bba7c4322e084e8aa1c05148f1d04d12 f3bff755fac14a70b0e34d5199052a32 - - default default] GET http://[LB_IP_ADDRESS]:8776/v3/f3bff755fac14a70b0e34d5199052a32/groups/ed67d461-3054-4455-a339-943191f7be59
2023-11-02 14:07:54.889 20 INFO cinder.api.openstack.wsgi [None req-6e841212-70cd-4863-a353-a71b4f8ebfdc bba7c4322e084e8aa1c05148f1d04d12 f3bff755fac14a70b0e34d5199052a32 - - default default] http://[LB_IP_ADDRESS]:8776/v3/f3bff755fac14a70b0e34d5199052a32/groups/ed67d461-3054-4455-a339-943191f7be59 returned with HTTP 200
2023-11-02 14:07:54.907 23 INFO cinder.api.openstack.wsgi [None req-a08f9ba4-e48f-467b-98cf-6bde04bd22a0 bba7c4322e084e8aa1c05148f1d04d12 f3bff755fac14a70b0e34d5199052a32 - - default default] POST http://[LB_IP_ADDRESS]:8776/v3/f3bff755fac14a70b0e34d5199052a32/volumes
2023-11-02 14:07:54.925 23 INFO cinder.api.v3.volumes [None req-a08f9ba4-e48f-467b-98cf-6bde04bd22a0 bba7c4322e084e8aa1c05148f1d04d12 f3bff755fac14a70b0e34d5199052a32 - - default default] Create volume of 1 GB
2023-11-02 14:07:54.932 23 INFO cinder.volume.api [None req-a08f9ba4-e48f-467b-98cf-6bde04bd22a0 bba7c4322e084e8aa1c05148f1d04d12 f3bff755fac14a70b0e34d5199052a32 - - default default] Availability Zones retrieved successfully.
2023-11-02 14:07:54.999 23 WARNING cinder.quota [None req-a08f9ba4-e48f-467b-98cf-6bde04bd22a0 bba7c4322e084e8aa1c05148f1d04d12 f3bff755fac14a70b0e34d5199052a32 - - default default] Deprecated: Default quota for resource: volumes_tempest-GroupsTest-volume-type-1448402721 is set by the default quota flag: quota_volumes_tempest-GroupsTest-volume-type-1448402721, it is now deprecated. Please use the default quota class for default quota.
2023-11-02 14:07:54.999 23 WARNING cinder.quota [None req-a08f9ba4-e48f-467b-98cf-6bde04bd22a0 bba7c4322e084e8aa1c05148f1d04d12 f3bff755fac14a70b0e34d5199052a32 - - default default] Deprecated: Default quota for resource: gigabytes_tempest-GroupsTest-volume-type-1448402721 is set by the default quota flag: quota_gigabytes_tempest-GroupsTest-volume-type-1448402721, it is now deprecated. Please use the default quota class for default quota.
2023-11-02 14:07:55.081 23 INFO cinder.volume.api [None req-a08f9ba4-e48f-467b-98cf-6bde04bd22a0 bba7c4322e084e8aa1c05148f1d04d12 f3bff755fac14a70b0e34d5199052a32 - - default default] Create volume request issued successfully.
2023-11-02 14:07:55.094 23 INFO cinder.api.openstack.wsgi [None req-a08f9ba4-e48f-467b-98cf-6bde04bd22a0 bba7c4322e084e8aa1c05148f1d04d12 f3bff755fac14a70b0e34d5199052a32 - - default default] http://[LB_IP_ADDRESS]:8776/v3/f3bff755fac14a70b0e34d5199052a32/volumes returned with HTTP 202
2023-11-02 14:07:55.115 21 INFO cinder.api.openstack.wsgi [None req-2fb6a980-d91a-427d-8e5a-734d46d1dd4a bba7c4322e084e8aa1c05148f1d04d12 f3bff755fac14a70b0e34d5199052a32 - - default default] GET http://[LB_IP_ADDRESS]:8776/v3/f3bff755fac14a70b0e34d5199052a32/volumes/f944787c-7cc6-4337-b9cb-24dbd24a4792
2023-11-02 14:07:55.134 21 INFO cinder.volume.api [None req-2fb6a980-d91a-427d-8e5a-734d46d1dd4a bba7c4322e084e8aa1c05148f1d04d12 f3bff755fac14a70b0e34d5199052a32 - - default default] Volume info retrieved successfully.
2023-11-02 14:07:55.148 21 INFO cinder.api.openstack.wsgi [None req-2fb6a980-d91a-427d-8e5a-734d46d1dd4a bba7c4322e084e8aa1c05148f1d04d12 f3bff755fac14a70b0e34d5199052a32 - - default default] http://[LB_IP_ADDRESS]:8776/v3/f3bff755fac14a70b0e34d5199052a32/volumes/f944787c-7cc6-4337-b9cb-24dbd24a4792 returned with HTTP 200
2023-11-02 14:07:55.359 19 INFO cinder.api.openstack.wsgi [None req-aea81935-c301-488d-a6ba-4c98b1d56b1b ce1419cd5d784e4dab1b877f4f3ef6e6 cfc8da139c0647039d246a661677a9cd - - default default] GET http://[LB_IP_ADDRESS]:8776/v3/cfc8da139c0647039d246a661677a9cd/volumes/60843526-77fc-4adf-af95-30d333757c3d
2023-11-02 14:07:55.388 19 INFO cinder.volume.api [None req-aea81935-c301-488d-a6ba-4c98b1d56b1b ce1419cd5d784e4dab1b877f4f3ef6e6 cfc8da139c0647039d246a661677a9cd - - default default] Volume info retrieved successfully.
2023-11-02 14:07:55.405 19 INFO cinder.api.openstack.wsgi [None req-aea81935-c301-488d-a6ba-4c98b1d56b1b ce1419cd5d784e4dab1b877f4f3ef6e6 cfc8da139c0647039d246a661677a9cd - - default default] http://[LB_IP_ADDRESS]:8776/v3/cfc8da139c0647039d246a661677a9cd/volumes/60843526-77fc-4adf-af95-30d333757c3d returned with HTTP 200
2023-11-02 14:07:55.428 22 INFO cinder.api.openstack.wsgi [None req-e0b21554-2cff-461a-a8d2-bb5b2984f2b2 ce1419cd5d784e4dab1b877f4f3ef6e6 cfc8da139c0647039d246a661677a9cd - - default default] GET http://[LB_IP_ADDRESS]:8776/v3/cfc8da139c0647039d246a661677a9cd/groups/939dbcc2-b089-4141-a529-ac70112c1abc
2023-11-02 14:07:55.445 22 INFO cinder.api.openstack.wsgi [None req-e0b21554-2cff-461a-a8d2-bb5b2984f2b2 ce1419cd5d784e4dab1b877f4f3ef6e6 cfc8da139c0647039d246a661677a9cd - - default default] http://[LB_IP_ADDRESS]:8776/v3/cfc8da139c0647039d246a661677a9cd/groups/939dbcc2-b089-4141-a529-ac70112c1abc returned with HTTP 200
2023-11-02 14:07:55.459 20 INFO cinder.api.openstack.wsgi [None req-f160f13c-7bb9-408a-af15-08bd26b59b5d ce1419cd5d784e4dab1b877f4f3ef6e6 cfc8da139c0647039d246a661677a9cd - - default default] GET http://[LB_IP_ADDRESS]:8776/v3/cfc8da139c0647039d246a661677a9cd/volumes/detail
2023-11-02 14:07:55.482 20 INFO cinder.volume.api [None req-f160f13c-7bb9-408a-af15-08bd26b59b5d ce1419cd5d784e4dab1b877f4f3ef6e6 cfc8da139c0647039d246a661677a9cd - - default default] Get all volumes completed successfully.
2023-11-02 14:07:55.521 20 INFO cinder.api.openstack.wsgi [None req-f160f13c-7bb9-408a-af15-08bd26b59b5d ce1419cd5d784e4dab1b877f4f3ef6e6 cfc8da139c0647039d246a661677a9cd - - default default] http://[LB_IP_ADDRESS]:8776/v3/cfc8da139c0647039d246a661677a9cd/volumes/detail returned with HTTP 200
2023-11-02 14:07:55.547 23 INFO cinder.api.openstack.wsgi [None req-8744911e-ca4a-4243-98a3-1d8fafb48d93 ce1419cd5d784e4dab1b877f4f3ef6e6 cfc8da139c0647039d246a661677a9cd - - default default] POST http://[LB_IP_ADDRESS]:8776/v3/cfc8da139c0647039d246a661677a9cd/groups/939dbcc2-b089-4141-a529-ac70112c1abc/action
2023-11-02 14:07:55.551 23 INFO cinder.api.v3.groups [None req-8744911e-ca4a-4243-98a3-1d8fafb48d93 ce1419cd5d784e4dab1b877f4f3ef6e6 cfc8da139c0647039d246a661677a9cd - - default default] Delete group with id: 939dbcc2-b089-4141-a529-ac70112c1abc
2023-11-02 14:07:55.611 23 INFO cinder.api.openstack.wsgi [None req-8744911e-ca4a-4243-98a3-1d8fafb48d93 ce1419cd5d784e4dab1b877f4f3ef6e6 cfc8da139c0647039d246a661677a9cd - - default default] http://[LB_IP_ADDRESS]:8776/v3/cfc8da139c0647039d246a661677a9cd/groups/939dbcc2-b089-4141-a529-ac70112c1abc/action returned with HTTP 202
2023-11-02 14:07:55.628 21 INFO cinder.api.openstack.wsgi [None req-5e054e2a-7d47-400d-af66-5a2b2c036263 ce1419cd5d784e4dab1b877f4f3ef6e6 cfc8da139c0647039d246a661677a9cd - - default default] GET http://[LB_IP_ADDRESS]:8776/v3/cfc8da139c0647039d246a661677a9cd/volumes/60843526-77fc-4adf-af95-30d333757c3d
2023-11-02 14:07:55.650 21 INFO cinder.volume.api [None req-5e054e2a-7d47-400d-af66-5a2b2c036263 ce1419cd5d784e4dab1b877f4f3ef6e6 cfc8da139c0647039d246a661677a9cd - - default default] Volume info retrieved successfully.
2023-11-02 14:07:55.667 21 INFO cinder.api.openstack.wsgi [None req-5e054e2a-7d47-400d-af66-5a2b2c036263 ce1419cd5d784e4dab1b877f4f3ef6e6 cfc8da139c0647039d246a661677a9cd - - default default] http://[LB_IP_ADDRESS]:8776/v3/cfc8da139c0647039d246a661677a9cd/volumes/60843526-77fc-4adf-af95-30d333757c3d returned with HTTP 200
2023-11-02 14:07:56.041 19 INFO cinder.api.openstack.wsgi [None req-cf1c7154-0de0-4290-acb4-7ff780f29ab5 4c8fea6ee9d6409685263c85dbaa6d5b b1c89d2d31a3407db52b40e6f08b9c4e - - default default] POST http://[LB_IP_ADDRESS]:8776/v3/b1c89d2d31a3407db52b40e6f08b9c4e/volumes
2023-11-02 14:07:56.045 19 INFO cinder.api.v3.volumes [None req-cf1c7154-0de0-4290-acb4-7ff780f29ab5 4c8fea6ee9d6409685263c85dbaa6d5b b1c89d2d31a3407db52b40e6f08b9c4e - - default default] Create volume of 1 GB
2023-11-02 14:07:56.053 19 INFO cinder.volume.api [None req-cf1c7154-0de0-4290-acb4-7ff780f29ab5 4c8fea6ee9d6409685263c85dbaa6d5b b1c89d2d31a3407db52b40e6f08b9c4e - - default default] Availability Zones retrieved successfully.
2023-11-02 14:07:56.171 22 INFO cinder.api.openstack.wsgi [None req-4ee02ae3-4308-432e-8526-441ce5a68922 bba7c4322e084e8aa1c05148f1d04d12 f3bff755fac14a70b0e34d5199052a32 - - default default] GET http://[LB_IP_ADDRESS]:8776/v3/f3bff755fac14a70b0e34d5199052a32/volumes/f944787c-7cc6-4337-b9cb-24dbd24a4792
2023-11-02 14:07:56.189 22 INFO cinder.volume.api [None req-4ee02ae3-4308-432e-8526-441ce5a68922 bba7c4322e084e8aa1c05148f1d04d12 f3bff755fac14a70b0e34d5199052a32 - - default default] Volume info retrieved successfully.
2023-11-02 14:07:56.217 22 INFO cinder.api.openstack.wsgi [None req-4ee02ae3-4308-432e-8526-441ce5a68922 bba7c4322e084e8aa1c05148f1d04d12 f3bff755fac14a70b0e34d5199052a32 - - default default] http://[LB_IP_ADDRESS]:8776/v3/f3bff755fac14a70b0e34d5199052a32/volumes/f944787c-7cc6-4337-b9cb-24dbd24a4792 returned with HTTP 200
2023-11-02 14:07:56.221 19 INFO cinder.volume.api [None req-cf1c7154-0de0-4290-acb4-7ff780f29ab5 4c8fea6ee9d6409685263c85dbaa6d5b b1c89d2d31a3407db52b40e6f08b9c4e - - default default] Create volume request issued successfully.
2023-11-02 14:07:56.223 19 INFO cinder.api.openstack.wsgi [None req-cf1c7154-0de0-4290-acb4-7ff780f29ab5 4c8fea6ee9d6409685263c85dbaa6d5b b1c89d2d31a3407db52b40e6f08b9c4e - - default default] http://[LB_IP_ADDRESS]:8776/v3/b1c89d2d31a3407db52b40e6f08b9c4e/volumes returned with HTTP 202
2023-11-02 14:07:56.247 20 INFO cinder.api.openstack.wsgi [None req-acdff8ae-57aa-449b-8ba2-688abdb6a691 4c8fea6ee9d6409685263c85dbaa6d5b b1c89d2d31a3407db52b40e6f08b9c4e - - default default] GET http://[LB_IP_ADDRESS]:8776/v3/b1c89d2d31a3407db52b40e6f08b9c4e/volumes/619bfddb-26ce-4acd-9886-29fa1faf1aa3
2023-11-02 14:07:56.276 20 INFO cinder.volume.api [None req-acdff8ae-57aa-449b-8ba2-688abdb6a691 4c8fea6ee9d6409685263c85dbaa6d5b b1c89d2d31a3407db52b40e6f08b9c4e - - default default] Volume info retrieved successfully.
2023-11-02 14:07:56.283 20 INFO cinder.api.openstack.wsgi [None req-acdff8ae-57aa-449b-8ba2-688abdb6a691 4c8fea6ee9d6409685263c85dbaa6d5b b1c89d2d31a3407db52b40e6f08b9c4e - - default default] http://[LB_IP_ADDRESS]:8776/v3/b1c89d2d31a3407db52b40e6f08b9c4e/volumes/619bfddb-26ce-4acd-9886-29fa1faf1aa3 returned with HTTP 200
2023-11-02 14:07:56.692 23 INFO cinder.api.openstack.wsgi [None req-7d763019-f28e-4c0b-9595-527ca662fc1e ce1419cd5d784e4dab1b877f4f3ef6e6 cfc8da139c0647039d246a661677a9cd - - default default] GET http://[LB_IP_ADDRESS]:8776/v3/cfc8da139c0647039d246a661677a9cd/volumes/60843526-77fc-4adf-af95-30d333757c3d
2023-11-02 14:07:56.716 23 INFO cinder.api.openstack.wsgi [None req-7d763019-f28e-4c0b-9595-527ca662fc1e ce1419cd5d784e4dab1b877f4f3ef6e6 cfc8da139c0647039d246a661677a9cd - - default default] http://[LB_IP_ADDRESS]:8776/v3/cfc8da139c0647039d246a661677a9cd/volumes/60843526-77fc-4adf-af95-30d333757c3d returned with HTTP 404
2023-11-02 14:07:56.733 21 INFO cinder.api.openstack.wsgi [None req-4d7dba7d-d7c5-4a7f-984e-5723afb70668 ce1419cd5d784e4dab1b877f4f3ef6e6 cfc8da139c0647039d246a661677a9cd - - default default] GET http://[LB_IP_ADDRESS]:8776/v3/cfc8da139c0647039d246a661677a9cd/groups/939dbcc2-b089-4141-a529-ac70112c1abc
2023-11-02 14:07:56.740 21 INFO cinder.api.openstack.wsgi [None req-4d7dba7d-d7c5-4a7f-984e-5723afb70668 ce1419cd5d784e4dab1b877f4f3ef6e6 cfc8da139c0647039d246a661677a9cd - - default default] http://[LB_IP_ADDRESS]:8776/v3/cfc8da139c0647039d246a661677a9cd/groups/939dbcc2-b089-4141-a529-ac70112c1abc returned with HTTP 404
2023-11-02 14:07:56.757 22 INFO cinder.api.openstack.wsgi [None req-739d00f8-32b4-4fc3-b1e0-ee9ada1ac612 ce1419cd5d784e4dab1b877f4f3ef6e6 cfc8da139c0647039d246a661677a9cd - - default default] DELETE http://[LB_IP_ADDRESS]:8776/v3/cfc8da139c0647039d246a661677a9cd/group_snapshots/76cd9857-aa7b-4732-902b-e06d3066e3b6
2023-11-02 14:07:56.758 22 INFO cinder.api.v3.group_snapshots [None req-739d00f8-32b4-4fc3-b1e0-ee9ada1ac612 ce1419cd5d784e4dab1b877f4f3ef6e6 cfc8da139c0647039d246a661677a9cd - - default default] Delete group_snapshot with id: 76cd9857-aa7b-4732-902b-e06d3066e3b6
2023-11-02 14:07:56.809 22 INFO cinder.api.openstack.wsgi [None req-739d00f8-32b4-4fc3-b1e0-ee9ada1ac612 ce1419cd5d784e4dab1b877f4f3ef6e6 cfc8da139c0647039d246a661677a9cd - - default default] http://[LB_IP_ADDRESS]:8776/v3/cfc8da139c0647039d246a661677a9cd/group_snapshots/76cd9857-aa7b-4732-902b-e06d3066e3b6 returned with HTTP 202
2023-11-02 14:07:56.828 19 INFO cinder.api.openstack.wsgi [None req-40c873d8-0f0b-4a91-969b-15c175739891 ce1419cd5d784e4dab1b877f4f3ef6e6 cfc8da139c0647039d246a661677a9cd - - default default] GET http://[LB_IP_ADDRESS]:8776/v3/cfc8da139c0647039d246a661677a9cd/volumes/detail
