2025-07-31 11:31:39.293 24 INFO cinder.api.openstack.wsgi [None req-58f6927c-8329-4add-8874-a40953079e48 d58bd36ec61842ebb1d0c9c8fd2d644b bd92385d48f04c64a61c4dd1777316af - - default default] http://[LB_IP_ADDRESS]:8776/v3/bd92385d48f04c64a61c4dd1777316af/group_snapshots/f459bd63-2c4b-4fee-a6d2-132c59ab76f4 returned with HTTP 200
2025-07-31 11:31:39.349 23 INFO cinder.api.openstack.wsgi [None req-73e518f3-b9d2-4efe-8c90-800398464334 6b0f83560c454a8a98bd9492cbd5fc1c aa8c017809904663bed09e7609ec1ece - - default default] http://[LB_IP_ADDRESS]:8776/v3/aa8c017809904663bed09e7609ec1ece/groups/2172886a-b84b-474e-ba06-11542f93e760 returned with HTTP 202
2025-07-31 11:31:39.360 22 INFO cinder.api.openstack.wsgi [None req-ecac1deb-c2e3-46f9-a190-46bafb113ebe 6b0f83560c454a8a98bd9492cbd5fc1c aa8c017809904663bed09e7609ec1ece - - default default] GET http://[LB_IP_ADDRESS]:8776/v3/aa8c017809904663bed09e7609ec1ece/groups/2172886a-b84b-474e-ba06-11542f93e760
2025-07-31 11:31:39.383 22 INFO cinder.api.openstack.wsgi [None req-ecac1deb-c2e3-46f9-a190-46bafb113ebe 6b0f83560c454a8a98bd9492cbd5fc1c aa8c017809904663bed09e7609ec1ece - - default default] http://[LB_IP_ADDRESS]:8776/v3/aa8c017809904663bed09e7609ec1ece/groups/2172886a-b84b-474e-ba06-11542f93e760 returned with HTTP 200
2025-07-31 11:31:40.309 21 INFO cinder.api.openstack.wsgi [None req-f2ace3c6-a264-4fa6-9abf-9e7fed5f1363 d58bd36ec61842ebb1d0c9c8fd2d644b bd92385d48f04c64a61c4dd1777316af - - default default] GET http://[LB_IP_ADDRESS]:8776/v3/bd92385d48f04c64a61c4dd1777316af/group_snapshots/f459bd63-2c4b-4fee-a6d2-132c59ab76f4
2025-07-31 11:31:40.324 21 INFO cinder.api.openstack.wsgi [None req-f2ace3c6-a264-4fa6-9abf-9e7fed5f1363 d58bd36ec61842ebb1d0c9c8fd2d644b bd92385d48f04c64a61c4dd1777316af - - default default] http://[LB_IP_ADDRESS]:8776/v3/bd92385d48f04c64a61c4dd1777316af/group_snapshots/f459bd63-2c4b-4fee-a6d2-132c59ab76f4 returned with HTTP 200
2025-07-31 11:31:40.405 25 INFO cinder.api.openstack.wsgi [None req-f42a6456-72b0-4574-91f7-041e43efe4f3 6b0f83560c454a8a98bd9492cbd5fc1c aa8c017809904663bed09e7609ec1ece - - default default] GET http://[LB_IP_ADDRESS]:8776/v3/aa8c017809904663bed09e7609ec1ece/groups/2172886a-b84b-474e-ba06-11542f93e760
2025-07-31 11:31:40.429 25 INFO cinder.api.openstack.wsgi [None req-f42a6456-72b0-4574-91f7-041e43efe4f3 6b0f83560c454a8a98bd9492cbd5fc1c aa8c017809904663bed09e7609ec1ece - - default default] http://[LB_IP_ADDRESS]:8776/v3/aa8c017809904663bed09e7609ec1ece/groups/2172886a-b84b-474e-ba06-11542f93e760 returned with HTTP 200
2025-07-31 11:31:40.445 24 INFO cinder.api.openstack.wsgi [None req-4f87ad70-c591-4630-924a-438187161ce9 6b0f83560c454a8a98bd9492cbd5fc1c aa8c017809904663bed09e7609ec1ece - - default default] GET http://[LB_IP_ADDRESS]:8776/v3/aa8c017809904663bed09e7609ec1ece/volumes/detail
2025-07-31 11:31:40.466 24 INFO cinder.volume.api [None req-4f87ad70-c591-4630-924a-438187161ce9 6b0f83560c454a8a98bd9492cbd5fc1c aa8c017809904663bed09e7609ec1ece - - default default] Get all volumes completed successfully.
2025-07-31 11:31:40.514 24 INFO cinder.api.openstack.wsgi [None req-4f87ad70-c591-4630-924a-438187161ce9 6b0f83560c454a8a98bd9492cbd5fc1c aa8c017809904663bed09e7609ec1ece - - default default] http://[LB_IP_ADDRESS]:8776/v3/aa8c017809904663bed09e7609ec1ece/volumes/detail returned with HTTP 200
2025-07-31 11:31:40.544 23 INFO cinder.api.openstack.wsgi [None req-a11b2978-7950-4bf1-a73e-3efb052aff3e 6b0f83560c454a8a98bd9492cbd5fc1c aa8c017809904663bed09e7609ec1ece - - default default] GET http://[LB_IP_ADDRESS]:8776/v3/aa8c017809904663bed09e7609ec1ece/volumes/detail
2025-07-31 11:31:40.565 23 INFO cinder.volume.api [None req-a11b2978-7950-4bf1-a73e-3efb052aff3e 6b0f83560c454a8a98bd9492cbd5fc1c aa8c017809904663bed09e7609ec1ece - - default default] Get all volumes completed successfully.
2025-07-31 11:31:40.615 23 INFO cinder.api.openstack.wsgi [None req-a11b2978-7950-4bf1-a73e-3efb052aff3e 6b0f83560c454a8a98bd9492cbd5fc1c aa8c017809904663bed09e7609ec1ece - - default default] http://[LB_IP_ADDRESS]:8776/v3/aa8c017809904663bed09e7609ec1ece/volumes/detail returned with HTTP 200
2025-07-31 11:31:40.651 22 INFO cinder.api.openstack.wsgi [None req-14e37728-620c-4c68-918b-bd1e2be4c29c 6b0f83560c454a8a98bd9492cbd5fc1c aa8c017809904663bed09e7609ec1ece - - default default] POST http://[LB_IP_ADDRESS]:8776/v3/aa8c017809904663bed09e7609ec1ece/groups/2172886a-b84b-474e-ba06-11542f93e760/action
2025-07-31 11:31:40.659 22 INFO cinder.api.v3.groups [None req-14e37728-620c-4c68-918b-bd1e2be4c29c 6b0f83560c454a8a98bd9492cbd5fc1c aa8c017809904663bed09e7609ec1ece - - default default] Delete group with id: 2172886a-b84b-474e-ba06-11542f93e760
2025-07-31 11:31:40.769 22 INFO cinder.api.openstack.wsgi [None req-14e37728-620c-4c68-918b-bd1e2be4c29c 6b0f83560c454a8a98bd9492cbd5fc1c aa8c017809904663bed09e7609ec1ece - - default default] http://[LB_IP_ADDRESS]:8776/v3/aa8c017809904663bed09e7609ec1ece/groups/2172886a-b84b-474e-ba06-11542f93e760/action returned with HTTP 202
2025-07-31 11:31:40.780 21 INFO cinder.api.openstack.wsgi [None req-e618b00e-b84e-40ba-b39d-32a1aed8fef1 6b0f83560c454a8a98bd9492cbd5fc1c aa8c017809904663bed09e7609ec1ece - - default default] GET http://[LB_IP_ADDRESS]:8776/v3/aa8c017809904663bed09e7609ec1ece/volumes/bf6bab77-41f0-422c-9763-379e3c0222ee
2025-07-31 11:31:40.803 21 INFO cinder.volume.api [None req-e618b00e-b84e-40ba-b39d-32a1aed8fef1 6b0f83560c454a8a98bd9492cbd5fc1c aa8c017809904663bed09e7609ec1ece - - default default] Volume info retrieved successfully.
2025-07-31 11:31:40.831 21 INFO cinder.api.openstack.wsgi [None req-e618b00e-b84e-40ba-b39d-32a1aed8fef1 6b0f83560c454a8a98bd9492cbd5fc1c aa8c017809904663bed09e7609ec1ece - - default default] http://[LB_IP_ADDRESS]:8776/v3/aa8c017809904663bed09e7609ec1ece/volumes/bf6bab77-41f0-422c-9763-379e3c0222ee returned with HTTP 200
2025-07-31 11:31:41.340 25 INFO cinder.api.openstack.wsgi [None req-6e85420f-9f77-4d7e-af44-dfa13ee8a716 d58bd36ec61842ebb1d0c9c8fd2d644b bd92385d48f04c64a61c4dd1777316af - - default default] GET http://[LB_IP_ADDRESS]:8776/v3/bd92385d48f04c64a61c4dd1777316af/group_snapshots/f459bd63-2c4b-4fee-a6d2-132c59ab76f4
2025-07-31 11:31:41.356 25 INFO cinder.api.openstack.wsgi [None req-6e85420f-9f77-4d7e-af44-dfa13ee8a716 d58bd36ec61842ebb1d0c9c8fd2d644b bd92385d48f04c64a61c4dd1777316af - - default default] http://[LB_IP_ADDRESS]:8776/v3/bd92385d48f04c64a61c4dd1777316af/group_snapshots/f459bd63-2c4b-4fee-a6d2-132c59ab76f4 returned with HTTP 200
2025-07-31 11:31:41.861 24 INFO cinder.api.openstack.wsgi [None req-6471bf23-c445-45b5-b2eb-81fc81f9422d 6b0f83560c454a8a98bd9492cbd5fc1c aa8c017809904663bed09e7609ec1ece - - default default] GET http://[LB_IP_ADDRESS]:8776/v3/aa8c017809904663bed09e7609ec1ece/volumes/bf6bab77-41f0-422c-9763-379e3c0222ee
2025-07-31 11:31:41.876 24 INFO cinder.api.openstack.wsgi [None req-6471bf23-c445-45b5-b2eb-81fc81f9422d 6b0f83560c454a8a98bd9492cbd5fc1c aa8c017809904663bed09e7609ec1ece - - default default] http://[LB_IP_ADDRESS]:8776/v3/aa8c017809904663bed09e7609ec1ece/volumes/bf6bab77-41f0-422c-9763-379e3c0222ee returned with HTTP 404
2025-07-31 11:31:41.888 23 INFO cinder.api.openstack.wsgi [None req-a8f43696-3d36-46b2-a4a9-5d61c01d147f 6b0f83560c454a8a98bd9492cbd5fc1c aa8c017809904663bed09e7609ec1ece - - default default] GET http://[LB_IP_ADDRESS]:8776/v3/aa8c017809904663bed09e7609ec1ece/volumes/338806c1-72fc-4f58-8f90-6acdeec487fb
2025-07-31 11:31:41.903 23 INFO cinder.api.openstack.wsgi [None req-a8f43696-3d36-46b2-a4a9-5d61c01d147f 6b0f83560c454a8a98bd9492cbd5fc1c aa8c017809904663bed09e7609ec1ece - - default default] http://[LB_IP_ADDRESS]:8776/v3/aa8c017809904663bed09e7609ec1ece/volumes/338806c1-72fc-4f58-8f90-6acdeec487fb returned with HTTP 404
2025-07-31 11:31:41.914 22 INFO cinder.api.openstack.wsgi [None req-0f9cfc86-ad35-4c62-bf51-89d36474b702 6b0f83560c454a8a98bd9492cbd5fc1c aa8c017809904663bed09e7609ec1ece - - default default] GET http://[LB_IP_ADDRESS]:8776/v3/aa8c017809904663bed09e7609ec1ece/groups/2172886a-b84b-474e-ba06-11542f93e760
2025-07-31 11:31:41.919 22 INFO cinder.api.openstack.wsgi [None req-0f9cfc86-ad35-4c62-bf51-89d36474b702 6b0f83560c454a8a98bd9492cbd5fc1c aa8c017809904663bed09e7609ec1ece - - default default] http://[LB_IP_ADDRESS]:8776/v3/aa8c017809904663bed09e7609ec1ece/groups/2172886a-b84b-474e-ba06-11542f93e760 returned with HTTP 404
2025-07-31 11:31:41.931 21 INFO cinder.api.openstack.wsgi [None req-22063807-e6a3-4a93-9ffc-8d7a8f087f31 46dcb48f37a64c2e89929a2c7ee93efd 21d92cd81e5541919b1b18789fabf25c - - default default] DELETE http://[LB_IP_ADDRESS]:8776/v3/21d92cd81e5541919b1b18789fabf25c/group_types/ea12ce6e-866d-403d-9d00-3ac9bd4f77f5
2025-07-31 11:31:41.954 21 INFO cinder.api.openstack.wsgi [None req-22063807-e6a3-4a93-9ffc-8d7a8f087f31 46dcb48f37a64c2e89929a2c7ee93efd 21d92cd81e5541919b1b18789fabf25c - - default default] http://[LB_IP_ADDRESS]:8776/v3/21d92cd81e5541919b1b18789fabf25c/group_types/ea12ce6e-866d-403d-9d00-3ac9bd4f77f5 returned with HTTP 202
2025-07-31 11:31:41.966 25 INFO cinder.api.openstack.wsgi [None req-03b6c240-d805-4497-97a6-484fafc2a359 46dcb48f37a64c2e89929a2c7ee93efd 21d92cd81e5541919b1b18789fabf25c - - default default] DELETE http://[LB_IP_ADDRESS]:8776/v3/21d92cd81e5541919b1b18789fabf25c/types/5d378bd8-ee09-4816-9e0f-0eca7414ebd5
2025-07-31 11:31:42.022 25 INFO cinder.api.openstack.wsgi [None req-03b6c240-d805-4497-97a6-484fafc2a359 46dcb48f37a64c2e89929a2c7ee93efd 21d92cd81e5541919b1b18789fabf25c - - default default] http://[LB_IP_ADDRESS]:8776/v3/21d92cd81e5541919b1b18789fabf25c/types/5d378bd8-ee09-4816-9e0f-0eca7414ebd5 returned with HTTP 202
2025-07-31 11:31:42.034 24 INFO cinder.api.openstack.wsgi [None req-4d1c4fad-3bb1-4d79-973f-ec2823fcec94 46dcb48f37a64c2e89929a2c7ee93efd 21d92cd81e5541919b1b18789fabf25c - - default default] GET http://[LB_IP_ADDRESS]:8776/v3/21d92cd81e5541919b1b18789fabf25c/types/5d378bd8-ee09-4816-9e0f-0eca7414ebd5
2025-07-31 11:31:42.041 24 INFO cinder.api.openstack.wsgi [None req-4d1c4fad-3bb1-4d79-973f-ec2823fcec94 46dcb48f37a64c2e89929a2c7ee93efd 21d92cd81e5541919b1b18789fabf25c - - default default] http://[LB_IP_ADDRESS]:8776/v3/21d92cd81e5541919b1b18789fabf25c/types/5d378bd8-ee09-4816-9e0f-0eca7414ebd5 returned with HTTP 404
2025-07-31 11:31:42.372 23 INFO cinder.api.openstack.wsgi [None req-c504adfc-d3c5-49f2-8659-e205d3ce51b8 d58bd36ec61842ebb1d0c9c8fd2d644b bd92385d48f04c64a61c4dd1777316af - - default default] GET http://[LB_IP_ADDRESS]:8776/v3/bd92385d48f04c64a61c4dd1777316af/group_snapshots/f459bd63-2c4b-4fee-a6d2-132c59ab76f4
2025-07-31 11:31:42.388 23 INFO cinder.api.openstack.wsgi [None req-c504adfc-d3c5-49f2-8659-e205d3ce51b8 d58bd36ec61842ebb1d0c9c8fd2d644b bd92385d48f04c64a61c4dd1777316af - - default default] http://[LB_IP_ADDRESS]:8776/v3/bd92385d48f04c64a61c4dd1777316af/group_snapshots/f459bd63-2c4b-4fee-a6d2-132c59ab76f4 returned with HTTP 200
2025-07-31 11:31:42.402 22 INFO cinder.api.openstack.wsgi [None req-0f0c5794-6dca-4df1-9d12-e5a56b632c3a d58bd36ec61842ebb1d0c9c8fd2d644b bd92385d48f04c64a61c4dd1777316af - - default default] GET http://[LB_IP_ADDRESS]:8776/v3/bd92385d48f04c64a61c4dd1777316af/snapshots/detail
2025-07-31 11:31:42.415 22 INFO cinder.volume.api [None req-0f0c5794-6dca-4df1-9d12-e5a56b632c3a d58bd36ec61842ebb1d0c9c8fd2d644b bd92385d48f04c64a61c4dd1777316af - - default default] Get all snapshots completed successfully.
2025-07-31 11:31:42.418 22 INFO cinder.api.openstack.wsgi [None req-0f0c5794-6dca-4df1-9d12-e5a56b632c3a d58bd36ec61842ebb1d0c9c8fd2d644b bd92385d48f04c64a61c4dd1777316af - - default default] http://[LB_IP_ADDRESS]:8776/v3/bd92385d48f04c64a61c4dd1777316af/snapshots/detail returned with HTTP 200
2025-07-31 11:31:42.435 21 INFO cinder.api.openstack.wsgi [None req-884fa36a-31dc-496b-a6c0-1c161c13f116 d58bd36ec61842ebb1d0c9c8fd2d644b bd92385d48f04c64a61c4dd1777316af - - default default] GET http://[LB_IP_ADDRESS]:8776/v3/bd92385d48f04c64a61c4dd1777316af/snapshots/cc5e635a-fe77-40b5-8d76-9a3da0dfa537
2025-07-31 11:31:42.448 21 INFO cinder.volume.api [None req-884fa36a-31dc-496b-a6c0-1c161c13f116 d58bd36ec61842ebb1d0c9c8fd2d644b bd92385d48f04c64a61c4dd1777316af - - default default] Snapshot retrieved successfully.
2025-07-31 11:31:42.450 21 INFO cinder.api.openstack.wsgi [None req-884fa36a-31dc-496b-a6c0-1c161c13f116 d58bd36ec61842ebb1d0c9c8fd2d644b bd92385d48f04c64a61c4dd1777316af - - default default] http://[LB_IP_ADDRESS]:8776/v3/bd92385d48f04c64a61c4dd1777316af/snapshots/cc5e635a-fe77-40b5-8d76-9a3da0dfa537 returned with HTTP 200
2025-07-31 11:31:42.466 25 INFO cinder.api.openstack.wsgi [None req-ea402483-270b-4291-b9ba-64e2b0ba4edb d58bd36ec61842ebb1d0c9c8fd2d644b bd92385d48f04c64a61c4dd1777316af - - default default] GET http://[LB_IP_ADDRESS]:8776/v3/bd92385d48f04c64a61c4dd1777316af/snapshots/880151e5-477c-4124-bc91-8c14e7844474
2025-07-31 11:31:42.479 25 INFO cinder.volume.api [None req-ea402483-270b-4291-b9ba-64e2b0ba4edb d58bd36ec61842ebb1d0c9c8fd2d644b bd92385d48f04c64a61c4dd1777316af - - default default] Snapshot retrieved successfully.
2025-07-31 11:31:42.481 25 INFO cinder.api.openstack.wsgi [None req-ea402483-270b-4291-b9ba-64e2b0ba4edb d58bd36ec61842ebb1d0c9c8fd2d644b bd92385d48f04c64a61c4dd1777316af - - default default] http://[LB_IP_ADDRESS]:8776/v3/bd92385d48f04c64a61c4dd1777316af/snapshots/880151e5-477c-4124-bc91-8c14e7844474 returned with HTTP 200
2025-07-31 11:31:42.497 24 INFO cinder.api.openstack.wsgi [None req-8c289030-2129-4492-8d14-391802d718d7 d58bd36ec61842ebb1d0c9c8fd2d644b bd92385d48f04c64a61c4dd1777316af - - default default] DELETE http://[LB_IP_ADDRESS]:8776/v3/bd92385d48f04c64a61c4dd1777316af/group_snapshots/f459bd63-2c4b-4fee-a6d2-132c59ab76f4
2025-07-31 11:31:42.498 24 INFO cinder.api.v3.group_snapshots [None req-8c289030-2129-4492-8d14-391802d718d7 d58bd36ec61842ebb1d0c9c8fd2d644b bd92385d48f04c64a61c4dd1777316af - - default default] Delete group_snapshot with id: f459bd63-2c4b-4fee-a6d2-132c59ab76f4
2025-07-31 11:31:42.556 24 INFO cinder.api.openstack.wsgi [None req-8c289030-2129-4492-8d14-391802d718d7 d58bd36ec61842ebb1d0c9c8fd2d644b bd92385d48f04c64a61c4dd1777316af - - default default] http://[LB_IP_ADDRESS]:8776/v3/bd92385d48f04c64a61c4dd1777316af/group_snapshots/f459bd63-2c4b-4fee-a6d2-132c59ab76f4 returned with HTTP 202
2025-07-31 11:31:42.567 23 INFO cinder.api.openstack.wsgi [None req-3241af3b-8dde-4453-b9eb-234e637210cb d58bd36ec61842ebb1d0c9c8fd2d644b bd92385d48f04c64a61c4dd1777316af - - default default] GET http://[LB_IP_ADDRESS]:8776/v3/bd92385d48f04c64a61c4dd1777316af/volumes/detail
2025-07-31 11:31:42.591 23 INFO cinder.volume.api [None req-3241af3b-8dde-4453-b9eb-234e637210cb d58bd36ec61842ebb1d0c9c8fd2d644b bd92385d48f04c64a61c4dd1777316af - - default default] Get all volumes completed successfully.
2025-07-31 11:31:42.640 23 INFO cinder.api.openstack.wsgi [None req-3241af3b-8dde-4453-b9eb-234e637210cb d58bd36ec61842ebb1d0c9c8fd2d644b bd92385d48f04c64a61c4dd1777316af - - default default] http://[LB_IP_ADDRESS]:8776/v3/bd92385d48f04c64a61c4dd1777316af/volumes/detail returned with HTTP 200
2025-07-31 11:31:42.671 21 INFO cinder.api.openstack.wsgi [None req-89faff79-6798-4c26-8273-1405f43ac38a d58bd36ec61842ebb1d0c9c8fd2d644b bd92385d48f04c64a61c4dd1777316af - - default default] GET http://[LB_IP_ADDRESS]:8776/v3/bd92385d48f04c64a61c4dd1777316af/snapshots/detail
2025-07-31 11:31:42.682 21 INFO cinder.volume.api [None req-89faff79-6798-4c26-8273-1405f43ac38a d58bd36ec61842ebb1d0c9c8fd2d644b bd92385d48f04c64a61c4dd1777316af - - default default] Get all snapshots completed successfully.
2025-07-31 11:31:42.684 21 INFO cinder.api.openstack.wsgi [None req-89faff79-6798-4c26-8273-1405f43ac38a d58bd36ec61842ebb1d0c9c8fd2d644b bd92385d48f04c64a61c4dd1777316af - - default default] http://[LB_IP_ADDRESS]:8776/v3/bd92385d48f04c64a61c4dd1777316af/snapshots/detail returned with HTTP 200
2025-07-31 11:31:42.701 25 INFO cinder.api.openstack.wsgi [None req-240ce0f5-392e-454a-95c4-41bd225a9fad d58bd36ec61842ebb1d0c9c8fd2d644b bd92385d48f04c64a61c4dd1777316af - - default default] GET http://[LB_IP_ADDRESS]:8776/v3/bd92385d48f04c64a61c4dd1777316af/snapshots/cc5e635a-fe77-40b5-8d76-9a3da0dfa537
2025-07-31 11:31:42.715 25 INFO cinder.volume.api [None req-240ce0f5-392e-454a-95c4-41bd225a9fad d58bd36ec61842ebb1d0c9c8fd2d644b bd92385d48f04c64a61c4dd1777316af - - default default] Snapshot retrieved successfully.
2025-07-31 11:31:42.717 25 INFO cinder.api.openstack.wsgi [None req-240ce0f5-392e-454a-95c4-41bd225a9fad d58bd36ec61842ebb1d0c9c8fd2d644b bd92385d48f04c64a61c4dd1777316af - - default default] http://[LB_IP_ADDRESS]:8776/v3/bd92385d48f04c64a61c4dd1777316af/snapshots/cc5e635a-fe77-40b5-8d76-9a3da0dfa537 returned with HTTP 200
2025-07-31 11:31:42.801 22 INFO cinder.api.openstack.wsgi [None req-dadfbd39-0328-4b0f-902b-3ea5eac3d580 6b8f4d9d53b745249b7ef31e3ab2b0e5 fd6a9c40f0e24edb86c0f699408853a2 - - default default] GET http://[LB_IP_ADDRESS]:8776/v3/fd6a9c40f0e24edb86c0f699408853a2/os-quota-sets/e183c205a12d4a3cb8f18085e6cd57d7
2025-07-31 11:31:42.864 22 WARNING cinder.quota [None req-dadfbd39-0328-4b0f-902b-3ea5eac3d580 6b8f4d9d53b745249b7ef31e3ab2b0e5 fd6a9c40f0e24edb86c0f699408853a2 - - default default] Deprecated: Default quota for resource: snapshots_tempest-GroupSnapshotsTest-volume-type-209279758 is set by the default quota flag: quota_snapshots_tempest-GroupSnapshotsTest-volume-type-209279758, it is now deprecated. Please use the default quota class for default quota.
2025-07-31 11:31:42.911 22 INFO cinder.api.openstack.wsgi [None req-dadfbd39-0328-4b0f-902b-3ea5eac3d580 6b8f4d9d53b745249b7ef31e3ab2b0e5 fd6a9c40f0e24edb86c0f699408853a2 - - default default] http://[LB_IP_ADDRESS]:8776/v3/fd6a9c40f0e24edb86c0f699408853a2/os-quota-sets/e183c205a12d4a3cb8f18085e6cd57d7 returned with HTTP 200
2025-07-31 11:31:43.082 24 INFO cinder.api.openstack.wsgi [None req-e3b11629-b932-4b2e-be44-9a1c6c148538 1e4cbd151efb4d0886174c57e667ab59 e183c205a12d4a3cb8f18085e6cd57d7 - - default default] POST http://[LB_IP_ADDRESS]:8776/v3/e183c205a12d4a3cb8f18085e6cd57d7/volumes
2025-07-31 11:31:43.085 24 INFO cinder.api.v3.volumes [None req-e3b11629-b932-4b2e-be44-9a1c6c148538 1e4cbd151efb4d0886174c57e667ab59 e183c205a12d4a3cb8f18085e6cd57d7 - - default default] Create volume of 1 GB
2025-07-31 11:31:43.094 24 INFO cinder.volume.api [None req-e3b11629-b932-4b2e-be44-9a1c6c148538 1e4cbd151efb4d0886174c57e667ab59 e183c205a12d4a3cb8f18085e6cd57d7 - - default default] Availability Zones retrieved successfully.
2025-07-31 11:31:43.338 24 INFO cinder.volume.api [None req-e3b11629-b932-4b2e-be44-9a1c6c148538 1e4cbd151efb4d0886174c57e667ab59 e183c205a12d4a3cb8f18085e6cd57d7 - - default default] Create volume request issued successfully.
2025-07-31 11:31:43.340 24 INFO cinder.api.openstack.wsgi [None req-e3b11629-b932-4b2e-be44-9a1c6c148538 1e4cbd151efb4d0886174c57e667ab59 e183c205a12d4a3cb8f18085e6cd57d7 - - default default] http://[LB_IP_ADDRESS]:8776/v3/e183c205a12d4a3cb8f18085e6cd57d7/volumes returned with HTTP 202
2025-07-31 11:31:43.366 23 INFO cinder.api.openstack.wsgi [None req-befda66e-9ad1-4f46-82a2-664d22540d1f 1e4cbd151efb4d0886174c57e667ab59 e183c205a12d4a3cb8f18085e6cd57d7 - - default default] GET http://[LB_IP_ADDRESS]:8776/v3/e183c205a12d4a3cb8f18085e6cd57d7/volumes/67fd4151-005c-4422-9ef5-61fffe34b035
2025-07-31 11:31:43.391 23 INFO cinder.volume.api [None req-befda66e-9ad1-4f46-82a2-664d22540d1f 1e4cbd151efb4d0886174c57e667ab59 e183c205a12d4a3cb8f18085e6cd57d7 - - default default] Volume info retrieved successfully.
2025-07-31 11:31:43.400 23 INFO cinder.api.openstack.wsgi [None req-befda66e-9ad1-4f46-82a2-664d22540d1f 1e4cbd151efb4d0886174c57e667ab59 e183c205a12d4a3cb8f18085e6cd57d7 - - default default] http://[LB_IP_ADDRESS]:8776/v3/e183c205a12d4a3cb8f18085e6cd57d7/volumes/67fd4151-005c-4422-9ef5-61fffe34b035 returned with HTTP 200
2025-07-31 11:31:43.734 21 INFO cinder.api.openstack.wsgi [None req-730310a3-7a71-4db5-8394-41757f69e166 d58bd36ec61842ebb1d0c9c8fd2d644b bd92385d48f04c64a61c4dd1777316af - - default default] GET http://[LB_IP_ADDRESS]:8776/v3/bd92385d48f04c64a61c4dd1777316af/snapshots/cc5e635a-fe77-40b5-8d76-9a3da0dfa537
2025-07-31 11:31:43.745 21 INFO cinder.api.openstack.wsgi [None req-730310a3-7a71-4db5-8394-41757f69e166 d58bd36ec61842ebb1d0c9c8fd2d644b bd92385d48f04c64a61c4dd1777316af - - default default] http://[LB_IP_ADDRESS]:8776/v3/bd92385d48f04c64a61c4dd1777316af/snapshots/cc5e635a-fe77-40b5-8d76-9a3da0dfa537 returned with HTTP 404
2025-07-31 11:31:43.757 25 INFO cinder.api.openstack.wsgi [None req-94ae71dd-8ed3-49b0-a454-e31315032b02 d58bd36ec61842ebb1d0c9c8fd2d644b bd92385d48f04c64a61c4dd1777316af - - default default] GET http://[LB_IP_ADDRESS]:8776/v3/bd92385d48f04c64a61c4dd1777316af/snapshots/880151e5-477c-4124-bc91-8c14e7844474
2025-07-31 11:31:43.767 25 INFO cinder.api.openstack.wsgi [None req-94ae71dd-8ed3-49b0-a454-e31315032b02 d58bd36ec61842ebb1d0c9c8fd2d644b bd92385d48f04c64a61c4dd1777316af - - default default] http://[LB_IP_ADDRESS]:8776/v3/bd92385d48f04c64a61c4dd1777316af/snapshots/880151e5-477c-4124-bc91-8c14e7844474 returned with HTTP 404
2025-07-31 11:31:43.779 22 INFO cinder.api.openstack.wsgi [None req-3112f85d-5b7f-41e2-aa98-7c62a6e1cfb6 d58bd36ec61842ebb1d0c9c8fd2d644b bd92385d48f04c64a61c4dd1777316af - - default default] GET http://[LB_IP_ADDRESS]:8776/v3/bd92385d48f04c64a61c4dd1777316af/group_snapshots/f459bd63-2c4b-4fee-a6d2-132c59ab76f4
2025-07-31 11:31:43.785 22 INFO cinder.api.openstack.wsgi [None req-3112f85d-5b7f-41e2-aa98-7c62a6e1cfb6 d58bd36ec61842ebb1d0c9c8fd2d644b bd92385d48f04c64a61c4dd1777316af - - default default] http://[LB_IP_ADDRESS]:8776/v3/bd92385d48f04c64a61c4dd1777316af/group_snapshots/f459bd63-2c4b-4fee-a6d2-132c59ab76f4 returned with HTTP 404
2025-07-31 11:31:43.797 24 INFO cinder.api.openstack.wsgi [None req-79376761-e504-4eac-a33a-65aa9d25f5dc d58bd36ec61842ebb1d0c9c8fd2d644b bd92385d48f04c64a61c4dd1777316af - - default default] DELETE http://[LB_IP_ADDRESS]:8776/v3/bd92385d48f04c64a61c4dd1777316af/group_snapshots/f459bd63-2c4b-4fee-a6d2-132c59ab76f4
2025-07-31 11:31:43.798 24 INFO cinder.api.v3.group_snapshots [None req-79376761-e504-4eac-a33a-65aa9d25f5dc d58bd36ec61842ebb1d0c9c8fd2d644b bd92385d48f04c64a61c4dd1777316af - - default default] Delete group_snapshot with id: f459bd63-2c4b-4fee-a6d2-132c59ab76f4
2025-07-31 11:31:43.803 24 INFO cinder.api.openstack.wsgi [None req-79376761-e504-4eac-a33a-65aa9d25f5dc d58bd36ec61842ebb1d0c9c8fd2d644b bd92385d48f04c64a61c4dd1777316af - - default default] http://[LB_IP_ADDRESS]:8776/v3/bd92385d48f04c64a61c4dd1777316af/group_snapshots/f459bd63-2c4b-4fee-a6d2-132c59ab76f4 returned with HTTP 404
2025-07-31 11:31:43.814 23 INFO cinder.api.openstack.wsgi [None req-8068fc62-fff8-47ce-bffc-acc18fdf9969 d58bd36ec61842ebb1d0c9c8fd2d644b bd92385d48f04c64a61c4dd1777316af - - default default] GET http://[LB_IP_ADDRESS]:8776/v3/bd92385d48f04c64a61c4dd1777316af/volumes/detail
2025-07-31 11:31:43.835 23 INFO cinder.volume.api [None req-8068fc62-fff8-47ce-bffc-acc18fdf9969 d58bd36ec61842ebb1d0c9c8fd2d644b bd92385d48f04c64a61c4dd1777316af - - default default] Get all volumes completed successfully.
2025-07-31 11:31:43.881 23 INFO cinder.api.openstack.wsgi [None req-8068fc62-fff8-47ce-bffc-acc18fdf9969 d58bd36ec61842ebb1d0c9c8fd2d644b bd92385d48f04c64a61c4dd1777316af - - default default] http://[LB_IP_ADDRESS]:8776/v3/bd92385d48f04c64a61c4dd1777316af/volumes/detail returned with HTTP 200
2025-07-31 11:31:43.911 21 INFO cinder.api.openstack.wsgi [None req-171a5dd6-2f5b-4d11-ad41-f7461b8d7c71 d58bd36ec61842ebb1d0c9c8fd2d644b bd92385d48f04c64a61c4dd1777316af - - default default] POST http://[LB_IP_ADDRESS]:8776/v3/bd92385d48f04c64a61c4dd1777316af/groups/f14bd058-4240-4b84-a658-07e36eaa79c1/action
2025-07-31 11:31:43.915 21 INFO cinder.api.v3.groups [None req-171a5dd6-2f5b-4d11-ad41-f7461b8d7c71 d58bd36ec61842ebb1d0c9c8fd2d644b bd92385d48f04c64a61c4dd1777316af - - default default] Delete group with id: f14bd058-4240-4b84-a658-07e36eaa79c1
2025-07-31 11:31:44.009 21 INFO cinder.api.openstack.wsgi [None req-171a5dd6-2f5b-4d11-ad41-f7461b8d7c71 d58bd36ec61842ebb1d0c9c8fd2d644b bd92385d48f04c64a61c4dd1777316af - - default default] http://[LB_IP_ADDRESS]:8776/v3/bd92385d48f04c64a61c4dd1777316af/groups/f14bd058-4240-4b84-a658-07e36eaa79c1/action returned with HTTP 202
2025-07-31 11:31:44.021 25 INFO cinder.api.openstack.wsgi [None req-c925c749-92a3-4c8c-a551-75a952106c1d d58bd36ec61842ebb1d0c9c8fd2d644b bd92385d48f04c64a61c4dd1777316af - - default default] GET http://[LB_IP_ADDRESS]:8776/v3/bd92385d48f04c64a61c4dd1777316af/volumes/61a9cd69-4af7-4224-87a1-2b0ad81c99e1
2025-07-31 11:31:44.047 25 INFO cinder.volume.api [None req-c925c749-92a3-4c8c-a551-75a952106c1d d58bd36ec61842ebb1d0c9c8fd2d644b bd92385d48f04c64a61c4dd1777316af - - default default] Volume info retrieved successfully.
2025-07-31 11:31:44.078 25 INFO cinder.api.openstack.wsgi [None req-c925c749-92a3-4c8c-a551-75a952106c1d d58bd36ec61842ebb1d0c9c8fd2d644b bd92385d48f04c64a61c4dd1777316af - - default default] http://[LB_IP_ADDRESS]:8776/v3/bd92385d48f04c64a61c4dd1777316af/volumes/61a9cd69-4af7-4224-87a1-2b0ad81c99e1 returned with HTTP 200
2025-07-31 11:31:44.292 22 INFO cinder.api.openstack.wsgi [None req-6e091236-109c-4675-9180-c32590cac055 - - - - - -] GET http://[LB_IP_ADDRESS]:8776/
2025-07-31 11:31:44.293 22 INFO cinder.api.openstack.wsgi [None req-6e091236-109c-4675-9180-c32590cac055 - - - - - -] http://[LB_IP_ADDRESS]:8776/ returned with HTTP 300
2025-07-31 11:31:44.426 22 INFO cinder.api.openstack.wsgi [None req-a0445cad-8f5d-4da1-9ae1-bb255058a21f 1e4cbd151efb4d0886174c57e667ab59 e183c205a12d4a3cb8f18085e6cd57d7 - - default default] GET http://[LB_IP_ADDRESS]:8776/v3/e183c205a12d4a3cb8f18085e6cd57d7/volumes/67fd4151-005c-4422-9ef5-61fffe34b035
2025-07-31 11:31:44.446 22 INFO cinder.volume.api [None req-a0445cad-8f5d-4da1-9ae1-bb255058a21f 1e4cbd151efb4d0886174c57e667ab59 e183c205a12d4a3cb8f18085e6cd57d7 - - default default] Volume info retrieved successfully.
2025-07-31 11:31:44.455 22 INFO cinder.api.openstack.wsgi [None req-a0445cad-8f5d-4da1-9ae1-bb255058a21f 1e4cbd151efb4d0886174c57e667ab59 e183c205a12d4a3cb8f18085e6cd57d7 - - default default] http://[LB_IP_ADDRESS]:8776/v3/e183c205a12d4a3cb8f18085e6cd57d7/volumes/67fd4151-005c-4422-9ef5-61fffe34b035 returned with HTTP 200
2025-07-31 11:31:45.107 24 INFO cinder.api.openstack.wsgi [None req-4039c5b4-6e09-4b73-bd25-7c9b85e81758 d58bd36ec61842ebb1d0c9c8fd2d644b bd92385d48f04c64a61c4dd1777316af - - default default] GET http://[LB_IP_ADDRESS]:8776/v3/bd92385d48f04c64a61c4dd1777316af/volumes/61a9cd69-4af7-4224-87a1-2b0ad81c99e1
2025-07-31 11:31:45.121 24 INFO cinder.api.openstack.wsgi [None req-4039c5b4-6e09-4b73-bd25-7c9b85e81758 d58bd36ec61842ebb1d0c9c8fd2d644b bd92385d48f04c64a61c4dd1777316af - - default default] http://[LB_IP_ADDRESS]:8776/v3/bd92385d48f04c64a61c4dd1777316af/volumes/61a9cd69-4af7-4224-87a1-2b0ad81c99e1 returned with HTTP 404
2025-07-31 11:31:45.133 23 INFO cinder.api.openstack.wsgi [None req-04f8ab32-2698-4bc6-b54b-44911ad86690 d58bd36ec61842ebb1d0c9c8fd2d644b bd92385d48f04c64a61c4dd1777316af - - default default] GET http://[LB_IP_ADDRESS]:8776/v3/bd92385d48f04c64a61c4dd1777316af/volumes/e6976ff0-8b54-4c87-831c-5a061b0676d7
2025-07-31 11:31:45.144 23 INFO cinder.api.openstack.wsgi [None req-04f8ab32-2698-4bc6-b54b-44911ad86690 d58bd36ec61842ebb1d0c9c8fd2d644b bd92385d48f04c64a61c4dd1777316af - - default default] http://[LB_IP_ADDRESS]:8776/v3/bd92385d48f04c64a61c4dd1777316af/volumes/e6976ff0-8b54-4c87-831c-5a061b0676d7 returned with HTTP 404
2025-07-31 11:31:45.156 21 INFO cinder.api.openstack.wsgi [None req-0902254f-df3f-45a7-96c9-2f183b46edff d58bd36ec61842ebb1d0c9c8fd2d644b bd92385d48f04c64a61c4dd1777316af - - default default] GET http://[LB_IP_ADDRESS]:8776/v3/bd92385d48f04c64a61c4dd1777316af/groups/f14bd058-4240-4b84-a658-07e36eaa79c1
2025-07-31 11:31:45.162 21 INFO cinder.api.openstack.wsgi [None req-0902254f-df3f-45a7-96c9-2f183b46edff d58bd36ec61842ebb1d0c9c8fd2d644b bd92385d48f04c64a61c4dd1777316af - - default default] http://[LB_IP_ADDRESS]:8776/v3/bd92385d48f04c64a61c4dd1777316af/groups/f14bd058-4240-4b84-a658-07e36eaa79c1 returned with HTTP 404
2025-07-31 11:31:45.174 25 INFO cinder.api.openstack.wsgi [None req-aef0d80f-58d0-40a0-af0d-9c9edaf45bc9 886190816eec4d19b341b5ba2cb11aab 2c33ed9c38a24bf48c2d2ddad70b89d2 - - default default] DELETE http://[LB_IP_ADDRESS]:8776/v3/2c33ed9c38a24bf48c2d2ddad70b89d2/group_types/2a5f7328-52dc-4bcf-b47e-83c8693d36aa
2025-07-31 11:31:45.196 25 INFO cinder.api.openstack.wsgi [None req-aef0d80f-58d0-40a0-af0d-9c9edaf45bc9 886190816eec4d19b341b5ba2cb11aab 2c33ed9c38a24bf48c2d2ddad70b89d2 - - default default] http://[LB_IP_ADDRESS]:8776/v3/2c33ed9c38a24bf48c2d2ddad70b89d2/group_types/2a5f7328-52dc-4bcf-b47e-83c8693d36aa returned with HTTP 202
2025-07-31 11:31:45.208 22 INFO cinder.api.openstack.wsgi [None req-09c6dd06-f325-45f6-bb70-f93053b71f85 886190816eec4d19b341b5ba2cb11aab 2c33ed9c38a24bf48c2d2ddad70b89d2 - - default default] DELETE http://[LB_IP_ADDRESS]:8776/v3/2c33ed9c38a24bf48c2d2ddad70b89d2/types/faa7423e-6d1d-4589-9145-dc13ffb30203
2025-07-31 11:31:45.260 22 INFO cinder.api.openstack.wsgi [None req-09c6dd06-f325-45f6-bb70-f93053b71f85 886190816eec4d19b341b5ba2cb11aab 2c33ed9c38a24bf48c2d2ddad70b89d2 - - default default] http://[LB_IP_ADDRESS]:8776/v3/2c33ed9c38a24bf48c2d2ddad70b89d2/types/faa7423e-6d1d-4589-9145-dc13ffb30203 returned with HTTP 202
2025-07-31 11:31:45.271 24 INFO cinder.api.openstack.wsgi [None req-1bec9370-0816-4a67-85c3-458dd66dd0fd 886190816eec4d19b341b5ba2cb11aab 2c33ed9c38a24bf48c2d2ddad70b89d2 - - default default] GET http://[LB_IP_ADDRESS]:8776/v3/2c33ed9c38a24bf48c2d2ddad70b89d2/types/faa7423e-6d1d-4589-9145-dc13ffb30203
2025-07-31 11:31:45.278 24 INFO cinder.api.openstack.wsgi [None req-1bec9370-0816-4a67-85c3-458dd66dd0fd 886190816eec4d19b341b5ba2cb11aab 2c33ed9c38a24bf48c2d2ddad70b89d2 - - default default] http://[LB_IP_ADDRESS]:8776/v3/2c33ed9c38a24bf48c2d2ddad70b89d2/types/faa7423e-6d1d-4589-9145-dc13ffb30203 returned with HTTP 404
2025-07-31 11:31:45.297 23 INFO cinder.api.openstack.wsgi [None req-6663d296-9bb2-4c4e-ba47-2aeb0fd204de 886190816eec4d19b341b5ba2cb11aab 2c33ed9c38a24bf48c2d2ddad70b89d2 - - default default] POST http://[LB_IP_ADDRESS]:8776/v3/2c33ed9c38a24bf48c2d2ddad70b89d2/types
2025-07-31 11:31:45.327 23 INFO cinder.api.openstack.wsgi [None req-6663d296-9bb2-4c4e-ba47-2aeb0fd204de 886190816eec4d19b341b5ba2cb11aab 2c33ed9c38a24bf48c2d2ddad70b89d2 - - default default] http://[LB_IP_ADDRESS]:8776/v3/2c33ed9c38a24bf48c2d2ddad70b89d2/types returned with HTTP 200
2025-07-31 11:31:45.341 21 INFO cinder.api.openstack.wsgi [None req-12e97501-564b-4946-beb5-8f165c114342 886190816eec4d19b341b5ba2cb11aab 2c33ed9c38a24bf48c2d2ddad70b89d2 - - default default] POST http://[LB_IP_ADDRESS]:8776/v3/2c33ed9c38a24bf48c2d2ddad70b89d2/group_types
2025-07-31 11:31:45.369 21 INFO cinder.api.openstack.wsgi [None req-12e97501-564b-4946-beb5-8f165c114342 886190816eec4d19b341b5ba2cb11aab 2c33ed9c38a24bf48c2d2ddad70b89d2 - - default default] http://[LB_IP_ADDRESS]:8776/v3/2c33ed9c38a24bf48c2d2ddad70b89d2/group_types returned with HTTP 202
2025-07-31 11:31:45.383 25 INFO cinder.api.openstack.wsgi [None req-417df4b7-d380-4bdc-8d13-95169b9b926a d58bd36ec61842ebb1d0c9c8fd2d644b bd92385d48f04c64a61c4dd1777316af - - default default] POST http://[LB_IP_ADDRESS]:8776/v3/bd92385d48f04c64a61c4dd1777316af/groups
2025-07-31 11:31:45.395 25 INFO cinder.api.v3.groups [None req-417df4b7-d380-4bdc-8d13-95169b9b926a d58bd36ec61842ebb1d0c9c8fd2d644b bd92385d48f04c64a61c4dd1777316af - - default default] Creating group tempest-GroupSnapshotsTest-Group-2052520577.
2025-07-31 11:31:45.407 25 INFO cinder.volume.api [None req-417df4b7-d380-4bdc-8d13-95169b9b926a d58bd36ec61842ebb1d0c9c8fd2d644b bd92385d48f04c64a61c4dd1777316af - - default default] Availability Zones retrieved successfully.
2025-07-31 11:31:45.483 22 INFO cinder.api.openstack.wsgi [None req-4135904f-01f9-42a4-a771-718afdf30c00 1e4cbd151efb4d0886174c57e667ab59 e183c205a12d4a3cb8f18085e6cd57d7 - - default default] GET http://[LB_IP_ADDRESS]:8776/v3/e183c205a12d4a3cb8f18085e6cd57d7/volumes/67fd4151-005c-4422-9ef5-61fffe34b035
2025-07-31 11:31:45.500 25 INFO cinder.api.openstack.wsgi [None req-417df4b7-d380-4bdc-8d13-95169b9b926a d58bd36ec61842ebb1d0c9c8fd2d644b bd92385d48f04c64a61c4dd1777316af - - default default] http://[LB_IP_ADDRESS]:8776/v3/bd92385d48f04c64a61c4dd1777316af/groups returned with HTTP 202
2025-07-31 11:31:45.507 22 INFO cinder.volume.api [None req-4135904f-01f9-42a4-a771-718afdf30c00 1e4cbd151efb4d0886174c57e667ab59 e183c205a12d4a3cb8f18085e6cd57d7 - - default default] Volume info retrieved successfully.
2025-07-31 11:31:45.513 24 INFO cinder.api.openstack.wsgi [None req-9703433e-e271-436c-af8f-cd75ead1f0f8 d58bd36ec61842ebb1d0c9c8fd2d644b bd92385d48f04c64a61c4dd1777316af - - default default] GET http://[LB_IP_ADDRESS]:8776/v3/bd92385d48f04c64a61c4dd1777316af/groups/89152363-f043-4a55-a174-cec2d2b2f87c
2025-07-31 11:31:45.514 22 INFO cinder.api.openstack.wsgi [None req-4135904f-01f9-42a4-a771-718afdf30c00 1e4cbd151efb4d0886174c57e667ab59 e183c205a12d4a3cb8f18085e6cd57d7 - - default default] http://[LB_IP_ADDRESS]:8776/v3/e183c205a12d4a3cb8f18085e6cd57d7/volumes/67fd4151-005c-4422-9ef5-61fffe34b035 returned with HTTP 200
2025-07-31 11:31:45.538 24 INFO cinder.api.openstack.wsgi [None req-9703433e-e271-436c-af8f-cd75ead1f0f8 d58bd36ec61842ebb1d0c9c8fd2d644b bd92385d48f04c64a61c4dd1777316af - - default default] http://[LB_IP_ADDRESS]:8776/v3/bd92385d48f04c64a61c4dd1777316af/groups/89152363-f043-4a55-a174-cec2d2b2f87c returned with HTTP 200
2025-07-31 11:31:45.544 23 INFO cinder.api.openstack.wsgi [None req-0ce5bae7-5c5b-411e-9f39-fbeb1a835762 6b8f4d9d53b745249b7ef31e3ab2b0e5 fd6a9c40f0e24edb86c0f699408853a2 - - default default] PUT http://[LB_IP_ADDRESS]:8776/v3/fd6a9c40f0e24edb86c0f699408853a2/os-quota-sets/e183c205a12d4a3cb8f18085e6cd57d7
2025-07-31 11:31:45.680 23 WARNING cinder.quota [None req-0ce5bae7-5c5b-411e-9f39-fbeb1a835762 6b8f4d9d53b745249b7ef31e3ab2b0e5 fd6a9c40f0e24edb86c0f699408853a2 - - default default] Deprecated: Default quota for resource: volumes_tempest-GroupSnapshotsTest-volume-type-1046644868 is set by the default quota flag: quota_volumes_tempest-GroupSnapshotsTest-volume-type-1046644868, it is now deprecated. Please use the default quota class for default quota.
2025-07-31 11:31:45.680 23 WARNING cinder.quota [None req-0ce5bae7-5c5b-411e-9f39-fbeb1a835762 6b8f4d9d53b745249b7ef31e3ab2b0e5 fd6a9c40f0e24edb86c0f699408853a2 - - default default] Deprecated: Default quota for resource: gigabytes_tempest-GroupSnapshotsTest-volume-type-1046644868 is set by the default quota flag: quota_gigabytes_tempest-GroupSnapshotsTest-volume-type-1046644868, it is now deprecated. Please use the default quota class for default quota.
2025-07-31 11:31:45.681 23 WARNING cinder.quota [None req-0ce5bae7-5c5b-411e-9f39-fbeb1a835762 6b8f4d9d53b745249b7ef31e3ab2b0e5 fd6a9c40f0e24edb86c0f699408853a2 - - default default] Deprecated: Default quota for resource: snapshots_tempest-GroupSnapshotsTest-volume-type-1046644868 is set by the default quota flag: quota_snapshots_tempest-GroupSnapshotsTest-volume-type-1046644868, it is now deprecated. Please use the default quota class for default quota.
2025-07-31 11:31:45.717 23 INFO cinder.api.openstack.wsgi [None req-0ce5bae7-5c5b-411e-9f39-fbeb1a835762 6b8f4d9d53b745249b7ef31e3ab2b0e5 fd6a9c40f0e24edb86c0f699408853a2 - - default default] http://[LB_IP_ADDRESS]:8776/v3/fd6a9c40f0e24edb86c0f699408853a2/os-quota-sets/e183c205a12d4a3cb8f18085e6cd57d7 returned with HTTP 200
2025-07-31 11:31:45.730 21 INFO cinder.api.openstack.wsgi [None req-1e0f3f3d-f1cd-4338-8cb0-a573adb28343 1e4cbd151efb4d0886174c57e667ab59 e183c205a12d4a3cb8f18085e6cd57d7 - - default default] POST http://[LB_IP_ADDRESS]:8776/v3/e183c205a12d4a3cb8f18085e6cd57d7/volumes
2025-07-31 11:31:45.733 21 INFO cinder.api.v3.volumes [None req-1e0f3f3d-f1cd-4338-8cb0-a573adb28343 1e4cbd151efb4d0886174c57e667ab59 e183c205a12d4a3cb8f18085e6cd57d7 - - default default] Create volume of 2 GB
2025-07-31 11:31:45.741 21 INFO cinder.volume.api [None req-1e0f3f3d-f1cd-4338-8cb0-a573adb28343 1e4cbd151efb4d0886174c57e667ab59 e183c205a12d4a3cb8f18085e6cd57d7 - - default default] Availability Zones retrieved successfully.
2025-07-31 11:31:45.872 21 WARNING cinder.quota_utils [None req-1e0f3f3d-f1cd-4338-8cb0-a573adb28343 1e4cbd151efb4d0886174c57e667ab59 e183c205a12d4a3cb8f18085e6cd57d7 - - default default] Quota exceeded for e183c205a12d4a3cb8f18085e6cd57d7, tried to create 2G volume (1G of 1G already consumed).: cinder.exception.OverQuota: Quota exceeded for resources: ['gigabytes']
2025-07-31 11:31:45.874 21 WARNING cinder.volume.api [None req-1e0f3f3d-f1cd-4338-8cb0-a573adb28343 1e4cbd151efb4d0886174c57e667ab59 e183c205a12d4a3cb8f18085e6cd57d7 - - default default] Task 'cinder.volume.flows.api.create_volume.QuotaReserveTask;volume:create' (09432108-6498-4683-b410-03dfcfb7025e) transitioned into state 'FAILURE' from state 'RUNNING'

Failure: cinder.exception.VolumeSizeExceedsAvailableQuota: Requested volume or snapshot exceeds allowed gigabytes quota. Requested 2G, quota is 1G and 1G has been consumed.
2025-07-31 11:31:45.879 21 WARNING cinder.volume.api [None req-1e0f3f3d-f1cd-4338-8cb0-a573adb28343 1e4cbd151efb4d0886174c57e667ab59 e183c205a12d4a3cb8f18085e6cd57d7 - - default default] Task 'cinder.volume.flows.api.create_volume.QuotaReserveTask;volume:create' (09432108-6498-4683-b410-03dfcfb7025e) transitioned into state 'REVERTED' from state 'REVERTING'
2025-07-31 11:31:45.881 21 WARNING cinder.volume.api [None req-1e0f3f3d-f1cd-4338-8cb0-a573adb28343 1e4cbd151efb4d0886174c57e667ab59 e183c205a12d4a3cb8f18085e6cd57d7 - - default default] Task 'cinder.volume.flows.api.create_volume.ExtractVolumeRequestTask;volume:create' (2f9a5a80-3ed6-44b5-88d2-791ae68335ad) transitioned into state 'REVERTED' from state 'REVERTING'
2025-07-31 11:31:45.883 21 WARNING cinder.volume.api [None req-1e0f3f3d-f1cd-4338-8cb0-a573adb28343 1e4cbd151efb4d0886174c57e667ab59 e183c205a12d4a3cb8f18085e6cd57d7 - - default default] Flow 'volume_create_api' (51bc7a57-fcc8-4964-9166-b1edd0123535) transitioned into state 'REVERTED' from state 'RUNNING'
2025-07-31 11:31:45.883 21 INFO cinder.api.middleware.fault [None req-1e0f3f3d-f1cd-4338-8cb0-a573adb28343 1e4cbd151efb4d0886174c57e667ab59 e183c205a12d4a3cb8f18085e6cd57d7 - - default default] http://[LB_IP_ADDRESS]:8776/v3/e183c205a12d4a3cb8f18085e6cd57d7/volumes returned with HTTP 413
2025-07-31 11:31:45.898 25 INFO cinder.api.openstack.wsgi [None req-c6f4b4ed-d426-4c2d-a7d6-2d472509571a 6b8f4d9d53b745249b7ef31e3ab2b0e5 fd6a9c40f0e24edb86c0f699408853a2 - - default default] PUT http://[LB_IP_ADDRESS]:8776/v3/fd6a9c40f0e24edb86c0f699408853a2/os-quota-sets/e183c205a12d4a3cb8f18085e6cd57d7
2025-07-31 11:31:46.005 25 WARNING cinder.quota [None req-c6f4b4ed-d426-4c2d-a7d6-2d472509571a 6b8f4d9d53b745249b7ef31e3ab2b0e5 fd6a9c40f0e24edb86c0f699408853a2 - - default default] Deprecated: Default quota for resource: volumes_tempest-GroupSnapshotsTest-volume-type-1046644868 is set by the default quota flag: quota_volumes_tempest-GroupSnapshotsTest-volume-type-1046644868, it is now deprecated. Please use the default quota class for default quota.
2025-07-31 11:31:46.006 25 WARNING cinder.quota [None req-c6f4b4ed-d426-4c2d-a7d6-2d472509571a 6b8f4d9d53b745249b7ef31e3ab2b0e5 fd6a9c40f0e24edb86c0f699408853a2 - - default default] Deprecated: Default quota for resource: gigabytes_tempest-GroupSnapshotsTest-volume-type-1046644868 is set by the default quota flag: quota_gigabytes_tempest-GroupSnapshotsTest-volume-type-1046644868, it is now deprecated. Please use the default quota class for default quota.
2025-07-31 11:31:46.006 25 WARNING cinder.quota [None req-c6f4b4ed-d426-4c2d-a7d6-2d472509571a 6b8f4d9d53b745249b7ef31e3ab2b0e5 fd6a9c40f0e24edb86c0f699408853a2 - - default default] Deprecated: Default quota for resource: snapshots_tempest-GroupSnapshotsTest-volume-type-1046644868 is set by the default quota flag: quota_snapshots_tempest-GroupSnapshotsTest-volume-type-1046644868, it is now deprecated. Please use the default quota class for default quota.
2025-07-31 11:31:46.055 25 INFO cinder.api.openstack.wsgi [None req-c6f4b4ed-d426-4c2d-a7d6-2d472509571a 6b8f4d9d53b745249b7ef31e3ab2b0e5 fd6a9c40f0e24edb86c0f699408853a2 - - default default] http://[LB_IP_ADDRESS]:8776/v3/fd6a9c40f0e24edb86c0f699408853a2/os-quota-sets/e183c205a12d4a3cb8f18085e6cd57d7 returned with HTTP 200
2025-07-31 11:31:46.070 22 INFO cinder.api.openstack.wsgi [None req-e93f40e2-4e70-4a73-9903-a3ed24346411 1e4cbd151efb4d0886174c57e667ab59 e183c205a12d4a3cb8f18085e6cd57d7 - - default default] POST http://[LB_IP_ADDRESS]:8776/v3/e183c205a12d4a3cb8f18085e6cd57d7/volumes
2025-07-31 11:31:46.073 22 INFO cinder.api.v3.volumes [None req-e93f40e2-4e70-4a73-9903-a3ed24346411 1e4cbd151efb4d0886174c57e667ab59 e183c205a12d4a3cb8f18085e6cd57d7 - - default default] Create volume of 1 GB
2025-07-31 11:31:46.082 22 INFO cinder.volume.api [None req-e93f40e2-4e70-4a73-9903-a3ed24346411 1e4cbd151efb4d0886174c57e667ab59 e183c205a12d4a3cb8f18085e6cd57d7 - - default default] Availability Zones retrieved successfully.
2025-07-31 11:31:46.227 22 WARNING cinder.quota_utils [None req-e93f40e2-4e70-4a73-9903-a3ed24346411 1e4cbd151efb4d0886174c57e667ab59 e183c205a12d4a3cb8f18085e6cd57d7 - - default default] Quota exceeded for e183c205a12d4a3cb8f18085e6cd57d7, tried to create volume (1 volumes already consumed).: cinder.exception.OverQuota: Quota exceeded for resources: ['volumes']
2025-07-31 11:31:46.230 22 WARNING cinder.volume.api [None req-e93f40e2-4e70-4a73-9903-a3ed24346411 1e4cbd151efb4d0886174c57e667ab59 e183c205a12d4a3cb8f18085e6cd57d7 - - default default] Task 'cinder.volume.flows.api.create_volume.QuotaReserveTask;volume:create' (a3397c59-6d90-4f44-a92f-73dfc8b3b6dd) transitioned into state 'FAILURE' from state 'RUNNING'

Failure: cinder.exception.VolumeLimitExceeded: Maximum number of volumes allowed (1) exceeded for quota 'volumes'.
2025-07-31 11:31:46.234 22 WARNING cinder.volume.api [None req-e93f40e2-4e70-4a73-9903-a3ed24346411 1e4cbd151efb4d0886174c57e667ab59 e183c205a12d4a3cb8f18085e6cd57d7 - - default default] Task 'cinder.volume.flows.api.create_volume.QuotaReserveTask;volume:create' (a3397c59-6d90-4f44-a92f-73dfc8b3b6dd) transitioned into state 'REVERTED' from state 'REVERTING'
2025-07-31 11:31:46.237 22 WARNING cinder.volume.api [None req-e93f40e2-4e70-4a73-9903-a3ed24346411 1e4cbd151efb4d0886174c57e667ab59 e183c205a12d4a3cb8f18085e6cd57d7 - - default default] Task 'cinder.volume.flows.api.create_volume.ExtractVolumeRequestTask;volume:create' (277318ca-a393-4667-bd18-14d4fac1f6ef) transitioned into state 'REVERTED' from state 'REVERTING'
2025-07-31 11:31:46.238 22 WARNING cinder.volume.api [None req-e93f40e2-4e70-4a73-9903-a3ed24346411 1e4cbd151efb4d0886174c57e667ab59 e183c205a12d4a3cb8f18085e6cd57d7 - - default default] Flow 'volume_create_api' (c475140e-cd66-412f-a9c9-6464e2a510d7) transitioned into state 'REVERTED' from state 'RUNNING'
2025-07-31 11:31:46.239 22 INFO cinder.api.middleware.fault [None req-e93f40e2-4e70-4a73-9903-a3ed24346411 1e4cbd151efb4d0886174c57e667ab59 e183c205a12d4a3cb8f18085e6cd57d7 - - default default] http://[LB_IP_ADDRESS]:8776/v3/e183c205a12d4a3cb8f18085e6cd57d7/volumes returned with HTTP 413
2025-07-31 11:31:46.252 24 INFO cinder.api.openstack.wsgi [None req-2cbfe38a-940d-44d3-820a-5b75f3ab69b3 6b8f4d9d53b745249b7ef31e3ab2b0e5 fd6a9c40f0e24edb86c0f699408853a2 - - default default] PUT http://[LB_IP_ADDRESS]:8776/v3/fd6a9c40f0e24edb86c0f699408853a2/os-quota-sets/e183c205a12d4a3cb8f18085e6cd57d7
2025-07-31 11:31:46.343 24 WARNING cinder.quota [None req-2cbfe38a-940d-44d3-820a-5b75f3ab69b3 6b8f4d9d53b745249b7ef31e3ab2b0e5 fd6a9c40f0e24edb86c0f699408853a2 - - default default] Deprecated: Default quota for resource: volumes_tempest-GroupSnapshotsTest-volume-type-1046644868 is set by the default quota flag: quota_volumes_tempest-GroupSnapshotsTest-volume-type-1046644868, it is now deprecated. Please use the default quota class for default quota.
2025-07-31 11:31:46.344 24 WARNING cinder.quota [None req-2cbfe38a-940d-44d3-820a-5b75f3ab69b3 6b8f4d9d53b745249b7ef31e3ab2b0e5 fd6a9c40f0e24edb86c0f699408853a2 - - default default] Deprecated: Default quota for resource: gigabytes_tempest-GroupSnapshotsTest-volume-type-1046644868 is set by the default quota flag: quota_gigabytes_tempest-GroupSnapshotsTest-volume-type-1046644868, it is now deprecated. Please use the default quota class for default quota.
2025-07-31 11:31:46.344 24 WARNING cinder.quota [None req-2cbfe38a-940d-44d3-820a-5b75f3ab69b3 6b8f4d9d53b745249b7ef31e3ab2b0e5 fd6a9c40f0e24edb86c0f699408853a2 - - default default] Deprecated: Default quota for resource: snapshots_tempest-GroupSnapshotsTest-volume-type-1046644868 is set by the default quota flag: quota_snapshots_tempest-GroupSnapshotsTest-volume-type-1046644868, it is now deprecated. Please use the default quota class for default quota.
2025-07-31 11:31:46.382 24 INFO cinder.api.openstack.wsgi [None req-2cbfe38a-940d-44d3-820a-5b75f3ab69b3 6b8f4d9d53b745249b7ef31e3ab2b0e5 fd6a9c40f0e24edb86c0f699408853a2 - - default default] http://[LB_IP_ADDRESS]:8776/v3/fd6a9c40f0e24edb86c0f699408853a2/os-quota-sets/e183c205a12d4a3cb8f18085e6cd57d7 returned with HTTP 200
2025-07-31 11:31:46.397 23 INFO cinder.api.openstack.wsgi [None req-c322b40a-dce3-4ec5-845a-0cff2b59bd58 1e4cbd151efb4d0886174c57e667ab59 e183c205a12d4a3cb8f18085e6cd57d7 - - default default] POST http://[LB_IP_ADDRESS]:8776/v3/e183c205a12d4a3cb8f18085e6cd57d7/volumes/67fd4151-005c-4422-9ef5-61fffe34b035/action
2025-07-31 11:31:46.417 23 INFO cinder.volume.api [None req-c322b40a-dce3-4ec5-845a-0cff2b59bd58 1e4cbd151efb4d0886174c57e667ab59 e183c205a12d4a3cb8f18085e6cd57d7 - - default default] Volume info retrieved successfully.
2025-07-31 11:31:46.526 23 ERROR cinder.volume.api [None req-c322b40a-dce3-4ec5-845a-0cff2b59bd58 1e4cbd151efb4d0886174c57e667ab59 e183c205a12d4a3cb8f18085e6cd57d7 - - default default] Quota exceeded for e183c205a12d4a3cb8f18085e6cd57d7, tried to extend volume by 1G, (1G of 1G already consumed).: cinder.exception.OverQuota: Quota exceeded for resources: ['gigabytes']
2025-07-31 11:31:46.531 23 INFO cinder.api.middleware.fault [None req-c322b40a-dce3-4ec5-845a-0cff2b59bd58 1e4cbd151efb4d0886174c57e667ab59 e183c205a12d4a3cb8f18085e6cd57d7 - - default default] http://[LB_IP_ADDRESS]:8776/v3/e183c205a12d4a3cb8f18085e6cd57d7/volumes/67fd4151-005c-4422-9ef5-61fffe34b035/action returned with HTTP 413
2025-07-31 11:31:46.543 21 INFO cinder.api.openstack.wsgi [None req-afca9599-4103-469c-b1c9-6e2fa289be92 1e4cbd151efb4d0886174c57e667ab59 e183c205a12d4a3cb8f18085e6cd57d7 - - default default] GET http://[LB_IP_ADDRESS]:8776/v3/e183c205a12d4a3cb8f18085e6cd57d7/volumes/67fd4151-005c-4422-9ef5-61fffe34b035
2025-07-31 11:31:46.557 25 INFO cinder.api.openstack.wsgi [None req-158b9797-904b-4516-a6f8-5268c2e782c4 d58bd36ec61842ebb1d0c9c8fd2d644b bd92385d48f04c64a61c4dd1777316af - - default default] GET http://[LB_IP_ADDRESS]:8776/v3/bd92385d48f04c64a61c4dd1777316af/groups/89152363-f043-4a55-a174-cec2d2b2f87c
2025-07-31 11:31:46.561 21 INFO cinder.volume.api [None req-afca9599-4103-469c-b1c9-6e2fa289be92 1e4cbd151efb4d0886174c57e667ab59 e183c205a12d4a3cb8f18085e6cd57d7 - - default default] Volume info retrieved successfully.
2025-07-31 11:31:46.568 21 INFO cinder.api.openstack.wsgi [None req-afca9599-4103-469c-b1c9-6e2fa289be92 1e4cbd151efb4d0886174c57e667ab59 e183c205a12d4a3cb8f18085e6cd57d7 - - default default] http://[LB_IP_ADDRESS]:8776/v3/e183c205a12d4a3cb8f18085e6cd57d7/volumes/67fd4151-005c-4422-9ef5-61fffe34b035 returned with HTTP 200
2025-07-31 11:31:46.578 25 INFO cinder.api.openstack.wsgi [None req-158b9797-904b-4516-a6f8-5268c2e782c4 d58bd36ec61842ebb1d0c9c8fd2d644b bd92385d48f04c64a61c4dd1777316af - - default default] http://[LB_IP_ADDRESS]:8776/v3/bd92385d48f04c64a61c4dd1777316af/groups/89152363-f043-4a55-a174-cec2d2b2f87c returned with HTTP 200
2025-07-31 11:31:46.593 24 INFO cinder.api.openstack.wsgi [None req-7e443dee-e85d-40a6-813a-0595dd9c4ab3 d58bd36ec61842ebb1d0c9c8fd2d644b bd92385d48f04c64a61c4dd1777316af - - default default] POST http://[LB_IP_ADDRESS]:8776/v3/bd92385d48f04c64a61c4dd1777316af/volumes
2025-07-31 11:31:46.593 22 INFO cinder.api.openstack.wsgi [None req-739f9287-9547-4a24-b121-b607753e14d6 1e4cbd151efb4d0886174c57e667ab59 e183c205a12d4a3cb8f18085e6cd57d7 - - default default] DELETE http://[LB_IP_ADDRESS]:8776/v3/e183c205a12d4a3cb8f18085e6cd57d7/volumes/67fd4151-005c-4422-9ef5-61fffe34b035
2025-07-31 11:31:46.594 22 INFO cinder.api.v3.volumes [None req-739f9287-9547-4a24-b121-b607753e14d6 1e4cbd151efb4d0886174c57e667ab59 e183c205a12d4a3cb8f18085e6cd57d7 - - default default] Delete volume with id: 67fd4151-005c-4422-9ef5-61fffe34b035 
2025-07-31 11:31:46.605 24 INFO cinder.api.v3.volumes [None req-7e443dee-e85d-40a6-813a-0595dd9c4ab3 d58bd36ec61842ebb1d0c9c8fd2d644b bd92385d48f04c64a61c4dd1777316af - - default default] Create volume of 1 GB
2025-07-31 11:31:46.607 22 INFO cinder.volume.api [None req-739f9287-9547-4a24-b121-b607753e14d6 1e4cbd151efb4d0886174c57e667ab59 e183c205a12d4a3cb8f18085e6cd57d7 - - default default] Volume info retrieved successfully.
2025-07-31 11:31:46.612 24 INFO cinder.volume.api [None req-7e443dee-e85d-40a6-813a-0595dd9c4ab3 d58bd36ec61842ebb1d0c9c8fd2d644b bd92385d48f04c64a61c4dd1777316af - - default default] Availability Zones retrieved successfully.
