2024-09-09 09:54:13.603 21 INFO cinder.api.openstack.wsgi [None req-2e1e4d5c-f2af-4d5f-a6eb-01de891a9406 f74dee287fe340c69639de10861d7ea2 bfa38f24179540d8a7ecee5daafb7ef7 - - default default] GET http://[LB_IP_ADDRESS]:8776/v3/bfa38f24179540d8a7ecee5daafb7ef7/volumes/64ae0e9d-f242-4df8-834e-41bb9ef449a8
2024-09-09 09:54:13.617 21 INFO cinder.api.openstack.wsgi [None req-2e1e4d5c-f2af-4d5f-a6eb-01de891a9406 f74dee287fe340c69639de10861d7ea2 bfa38f24179540d8a7ecee5daafb7ef7 - - default default] http://[LB_IP_ADDRESS]:8776/v3/bfa38f24179540d8a7ecee5daafb7ef7/volumes/64ae0e9d-f242-4df8-834e-41bb9ef449a8 returned with HTTP 404
2024-09-09 09:54:13.629 23 INFO cinder.api.openstack.wsgi [None req-a054eafd-a81e-4a93-a8bd-12732dca02eb f74dee287fe340c69639de10861d7ea2 bfa38f24179540d8a7ecee5daafb7ef7 - - default default] DELETE http://[LB_IP_ADDRESS]:8776/v3/bfa38f24179540d8a7ecee5daafb7ef7/volumes/dd433067-d631-42c7-b383-e1bbb350ebc3
2024-09-09 09:54:13.630 23 INFO cinder.api.v3.volumes [None req-a054eafd-a81e-4a93-a8bd-12732dca02eb f74dee287fe340c69639de10861d7ea2 bfa38f24179540d8a7ecee5daafb7ef7 - - default default] Delete volume with id: dd433067-d631-42c7-b383-e1bbb350ebc3 
2024-09-09 09:54:13.650 23 INFO cinder.volume.api [None req-a054eafd-a81e-4a93-a8bd-12732dca02eb f74dee287fe340c69639de10861d7ea2 bfa38f24179540d8a7ecee5daafb7ef7 - - default default] Volume info retrieved successfully.
2024-09-09 09:54:13.683 23 INFO cinder.volume.api [None req-a054eafd-a81e-4a93-a8bd-12732dca02eb f74dee287fe340c69639de10861d7ea2 bfa38f24179540d8a7ecee5daafb7ef7 - - default default] Delete volume request issued successfully.
2024-09-09 09:54:13.684 23 INFO cinder.api.openstack.wsgi [None req-a054eafd-a81e-4a93-a8bd-12732dca02eb f74dee287fe340c69639de10861d7ea2 bfa38f24179540d8a7ecee5daafb7ef7 - - default default] http://[LB_IP_ADDRESS]:8776/v3/bfa38f24179540d8a7ecee5daafb7ef7/volumes/dd433067-d631-42c7-b383-e1bbb350ebc3 returned with HTTP 202
2024-09-09 09:54:13.695 20 INFO cinder.api.openstack.wsgi [None req-259f06ee-a2f6-4019-87b6-6ceb8e57c4f0 f74dee287fe340c69639de10861d7ea2 bfa38f24179540d8a7ecee5daafb7ef7 - - default default] GET http://[LB_IP_ADDRESS]:8776/v3/bfa38f24179540d8a7ecee5daafb7ef7/volumes/dd433067-d631-42c7-b383-e1bbb350ebc3
2024-09-09 09:54:13.722 20 INFO cinder.volume.api [None req-259f06ee-a2f6-4019-87b6-6ceb8e57c4f0 f74dee287fe340c69639de10861d7ea2 bfa38f24179540d8a7ecee5daafb7ef7 - - default default] Volume info retrieved successfully.
2024-09-09 09:54:13.732 20 INFO cinder.api.openstack.wsgi [None req-259f06ee-a2f6-4019-87b6-6ceb8e57c4f0 f74dee287fe340c69639de10861d7ea2 bfa38f24179540d8a7ecee5daafb7ef7 - - default default] http://[LB_IP_ADDRESS]:8776/v3/bfa38f24179540d8a7ecee5daafb7ef7/volumes/dd433067-d631-42c7-b383-e1bbb350ebc3 returned with HTTP 200
2024-09-09 09:54:14.584 22 INFO cinder.api.openstack.wsgi [req-73f4ab0a-6981-4814-8210-f7dc8f21135b req-7f9d8e18-6835-4012-9f0e-695e6673c174 bf7e19b13b2641c4be6a7e692f85fdae 241f25698b1d42d5be18b00b2854359e - - default default] POST http://[LB_IP_ADDRESS]:8776/v3/241f25698b1d42d5be18b00b2854359e/volumes
2024-09-09 09:54:14.590 22 INFO cinder.api.v3.volumes [req-73f4ab0a-6981-4814-8210-f7dc8f21135b req-7f9d8e18-6835-4012-9f0e-695e6673c174 bf7e19b13b2641c4be6a7e692f85fdae 241f25698b1d42d5be18b00b2854359e - - default default] Create volume of 1 GB
2024-09-09 09:54:14.598 22 INFO cinder.volume.api [req-73f4ab0a-6981-4814-8210-f7dc8f21135b req-7f9d8e18-6835-4012-9f0e-695e6673c174 bf7e19b13b2641c4be6a7e692f85fdae 241f25698b1d42d5be18b00b2854359e - - default default] Availability Zones retrieved successfully.
2024-09-09 09:54:14.669 19 INFO cinder.api.openstack.wsgi [None req-7d2db43b-175f-447f-92ba-7c8ae385236d fc14ae0636674356a1e255568d759325 eaf95fab73c641b3b4f2255af3b9d2e3 - - default default] POST http://[LB_IP_ADDRESS]:8776/v3/eaf95fab73c641b3b4f2255af3b9d2e3/types
2024-09-09 09:54:14.696 19 INFO cinder.api.openstack.wsgi [None req-7d2db43b-175f-447f-92ba-7c8ae385236d fc14ae0636674356a1e255568d759325 eaf95fab73c641b3b4f2255af3b9d2e3 - - default default] http://[LB_IP_ADDRESS]:8776/v3/eaf95fab73c641b3b4f2255af3b9d2e3/types returned with HTTP 200
2024-09-09 09:54:14.712 21 INFO cinder.api.openstack.wsgi [None req-58577d58-faa1-4049-8706-8d4ba5298fbc fc14ae0636674356a1e255568d759325 eaf95fab73c641b3b4f2255af3b9d2e3 - - default default] POST http://[LB_IP_ADDRESS]:8776/v3/eaf95fab73c641b3b4f2255af3b9d2e3/group_types
2024-09-09 09:54:14.744 21 INFO cinder.api.openstack.wsgi [None req-58577d58-faa1-4049-8706-8d4ba5298fbc fc14ae0636674356a1e255568d759325 eaf95fab73c641b3b4f2255af3b9d2e3 - - default default] http://[LB_IP_ADDRESS]:8776/v3/eaf95fab73c641b3b4f2255af3b9d2e3/group_types returned with HTTP 202
2024-09-09 09:54:14.765 20 INFO cinder.api.openstack.wsgi [None req-f12829a4-3349-45c4-b3fe-db6a8c6e77ff f74dee287fe340c69639de10861d7ea2 bfa38f24179540d8a7ecee5daafb7ef7 - - default default] GET http://[LB_IP_ADDRESS]:8776/v3/bfa38f24179540d8a7ecee5daafb7ef7/volumes/dd433067-d631-42c7-b383-e1bbb350ebc3
2024-09-09 09:54:14.781 20 INFO cinder.api.openstack.wsgi [None req-f12829a4-3349-45c4-b3fe-db6a8c6e77ff f74dee287fe340c69639de10861d7ea2 bfa38f24179540d8a7ecee5daafb7ef7 - - default default] http://[LB_IP_ADDRESS]:8776/v3/bfa38f24179540d8a7ecee5daafb7ef7/volumes/dd433067-d631-42c7-b383-e1bbb350ebc3 returned with HTTP 404
2024-09-09 09:54:14.843 22 INFO cinder.volume.api [req-73f4ab0a-6981-4814-8210-f7dc8f21135b req-7f9d8e18-6835-4012-9f0e-695e6673c174 bf7e19b13b2641c4be6a7e692f85fdae 241f25698b1d42d5be18b00b2854359e - - default default] Create volume request issued successfully.
2024-09-09 09:54:14.848 22 INFO cinder.api.openstack.wsgi [req-73f4ab0a-6981-4814-8210-f7dc8f21135b req-7f9d8e18-6835-4012-9f0e-695e6673c174 bf7e19b13b2641c4be6a7e692f85fdae 241f25698b1d42d5be18b00b2854359e - - default default] http://[LB_IP_ADDRESS]:8776/v3/241f25698b1d42d5be18b00b2854359e/volumes returned with HTTP 202
2024-09-09 09:54:14.862 19 INFO cinder.api.openstack.wsgi [req-73f4ab0a-6981-4814-8210-f7dc8f21135b req-6d4515f5-2b8c-417e-9cbb-886d21a7bdd6 bf7e19b13b2641c4be6a7e692f85fdae 241f25698b1d42d5be18b00b2854359e - - default default] GET http://[LB_IP_ADDRESS]:8776/v3/241f25698b1d42d5be18b00b2854359e/volumes/7ecb561c-1bc1-4708-8cd3-7e76506676d5
2024-09-09 09:54:14.880 23 INFO cinder.api.openstack.wsgi [None req-a9d13991-e129-4be4-92eb-aa2839500783 95a72ec2dce7459f987705a0c3116b0a 3d9cae71f48d4bad9066c3e3b80c0d94 - - default default] POST http://[LB_IP_ADDRESS]:8776/v3/3d9cae71f48d4bad9066c3e3b80c0d94/groups
2024-09-09 09:54:14.883 19 INFO cinder.volume.api [req-73f4ab0a-6981-4814-8210-f7dc8f21135b req-6d4515f5-2b8c-417e-9cbb-886d21a7bdd6 bf7e19b13b2641c4be6a7e692f85fdae 241f25698b1d42d5be18b00b2854359e - - default default] Volume info retrieved successfully.
2024-09-09 09:54:14.890 23 INFO cinder.api.v3.groups [None req-a9d13991-e129-4be4-92eb-aa2839500783 95a72ec2dce7459f987705a0c3116b0a 3d9cae71f48d4bad9066c3e3b80c0d94 - - default default] Creating group tempest-GroupSnapshotsV319Test-Group-970824430.
2024-09-09 09:54:14.891 19 INFO cinder.api.openstack.wsgi [req-73f4ab0a-6981-4814-8210-f7dc8f21135b req-6d4515f5-2b8c-417e-9cbb-886d21a7bdd6 bf7e19b13b2641c4be6a7e692f85fdae 241f25698b1d42d5be18b00b2854359e - - default default] http://[LB_IP_ADDRESS]:8776/v3/241f25698b1d42d5be18b00b2854359e/volumes/7ecb561c-1bc1-4708-8cd3-7e76506676d5 returned with HTTP 200
2024-09-09 09:54:14.905 23 INFO cinder.volume.api [None req-a9d13991-e129-4be4-92eb-aa2839500783 95a72ec2dce7459f987705a0c3116b0a 3d9cae71f48d4bad9066c3e3b80c0d94 - - default default] Availability Zones retrieved successfully.
2024-09-09 09:54:14.927 21 INFO cinder.api.openstack.wsgi [req-9a36c28a-7042-4dc6-bb79-00a909c6eaea req-934e4180-dbbd-44b9-bb27-4db34ed58185 bf7e19b13b2641c4be6a7e692f85fdae 241f25698b1d42d5be18b00b2854359e - - default default] GET http://[LB_IP_ADDRESS]:8776/v3/241f25698b1d42d5be18b00b2854359e/volumes/7ecb561c-1bc1-4708-8cd3-7e76506676d5
2024-09-09 09:54:14.953 21 INFO cinder.volume.api [req-9a36c28a-7042-4dc6-bb79-00a909c6eaea req-934e4180-dbbd-44b9-bb27-4db34ed58185 bf7e19b13b2641c4be6a7e692f85fdae 241f25698b1d42d5be18b00b2854359e - - default default] Volume info retrieved successfully.
2024-09-09 09:54:14.958 23 INFO cinder.api.openstack.wsgi [None req-a9d13991-e129-4be4-92eb-aa2839500783 95a72ec2dce7459f987705a0c3116b0a 3d9cae71f48d4bad9066c3e3b80c0d94 - - default default] http://[LB_IP_ADDRESS]:8776/v3/3d9cae71f48d4bad9066c3e3b80c0d94/groups returned with HTTP 202
2024-09-09 09:54:14.963 21 INFO cinder.api.openstack.wsgi [req-9a36c28a-7042-4dc6-bb79-00a909c6eaea req-934e4180-dbbd-44b9-bb27-4db34ed58185 bf7e19b13b2641c4be6a7e692f85fdae 241f25698b1d42d5be18b00b2854359e - - default default] http://[LB_IP_ADDRESS]:8776/v3/241f25698b1d42d5be18b00b2854359e/volumes/7ecb561c-1bc1-4708-8cd3-7e76506676d5 returned with HTTP 200
2024-09-09 09:54:14.972 20 INFO cinder.api.openstack.wsgi [None req-aa578daa-725d-4939-810b-274a16a0f3d7 95a72ec2dce7459f987705a0c3116b0a 3d9cae71f48d4bad9066c3e3b80c0d94 - - default default] GET http://[LB_IP_ADDRESS]:8776/v3/3d9cae71f48d4bad9066c3e3b80c0d94/groups/980ff359-edcb-4e50-b39a-00262f21359d
2024-09-09 09:54:14.992 20 INFO cinder.api.openstack.wsgi [None req-aa578daa-725d-4939-810b-274a16a0f3d7 95a72ec2dce7459f987705a0c3116b0a 3d9cae71f48d4bad9066c3e3b80c0d94 - - default default] http://[LB_IP_ADDRESS]:8776/v3/3d9cae71f48d4bad9066c3e3b80c0d94/groups/980ff359-edcb-4e50-b39a-00262f21359d returned with HTTP 200
2024-09-09 09:54:16.005 22 INFO cinder.api.openstack.wsgi [req-79f8fff6-6c7d-4879-ae1d-b3a3218859c7 req-468037fb-8f37-4cb2-8e4f-f3becf022618 bf7e19b13b2641c4be6a7e692f85fdae 241f25698b1d42d5be18b00b2854359e - - default default] GET http://[LB_IP_ADDRESS]:8776/v3/241f25698b1d42d5be18b00b2854359e/volumes/7ecb561c-1bc1-4708-8cd3-7e76506676d5
2024-09-09 09:54:16.011 19 INFO cinder.api.openstack.wsgi [None req-b6b1eaf9-c4cd-4e6c-9a86-e2e1162cad39 95a72ec2dce7459f987705a0c3116b0a 3d9cae71f48d4bad9066c3e3b80c0d94 - - default default] GET http://[LB_IP_ADDRESS]:8776/v3/3d9cae71f48d4bad9066c3e3b80c0d94/groups/980ff359-edcb-4e50-b39a-00262f21359d
2024-09-09 09:54:16.034 19 INFO cinder.api.openstack.wsgi [None req-b6b1eaf9-c4cd-4e6c-9a86-e2e1162cad39 95a72ec2dce7459f987705a0c3116b0a 3d9cae71f48d4bad9066c3e3b80c0d94 - - default default] http://[LB_IP_ADDRESS]:8776/v3/3d9cae71f48d4bad9066c3e3b80c0d94/groups/980ff359-edcb-4e50-b39a-00262f21359d returned with HTTP 200
2024-09-09 09:54:16.034 22 INFO cinder.volume.api [req-79f8fff6-6c7d-4879-ae1d-b3a3218859c7 req-468037fb-8f37-4cb2-8e4f-f3becf022618 bf7e19b13b2641c4be6a7e692f85fdae 241f25698b1d42d5be18b00b2854359e - - default default] Volume info retrieved successfully.
2024-09-09 09:54:16.044 22 INFO cinder.api.openstack.wsgi [req-79f8fff6-6c7d-4879-ae1d-b3a3218859c7 req-468037fb-8f37-4cb2-8e4f-f3becf022618 bf7e19b13b2641c4be6a7e692f85fdae 241f25698b1d42d5be18b00b2854359e - - default default] http://[LB_IP_ADDRESS]:8776/v3/241f25698b1d42d5be18b00b2854359e/volumes/7ecb561c-1bc1-4708-8cd3-7e76506676d5 returned with HTTP 200
2024-09-09 09:54:16.051 23 INFO cinder.api.openstack.wsgi [None req-d2cf5e2e-acfe-46fb-b31c-2db303df65ed 95a72ec2dce7459f987705a0c3116b0a 3d9cae71f48d4bad9066c3e3b80c0d94 - - default default] POST http://[LB_IP_ADDRESS]:8776/v3/3d9cae71f48d4bad9066c3e3b80c0d94/volumes
2024-09-09 09:54:16.070 23 INFO cinder.api.v3.volumes [None req-d2cf5e2e-acfe-46fb-b31c-2db303df65ed 95a72ec2dce7459f987705a0c3116b0a 3d9cae71f48d4bad9066c3e3b80c0d94 - - default default] Create volume of 1 GB
2024-09-09 09:54:16.086 23 INFO cinder.volume.api [None req-d2cf5e2e-acfe-46fb-b31c-2db303df65ed 95a72ec2dce7459f987705a0c3116b0a 3d9cae71f48d4bad9066c3e3b80c0d94 - - default default] Availability Zones retrieved successfully.
2024-09-09 09:54:16.176 23 WARNING cinder.quota [None req-d2cf5e2e-acfe-46fb-b31c-2db303df65ed 95a72ec2dce7459f987705a0c3116b0a 3d9cae71f48d4bad9066c3e3b80c0d94 - - default default] Deprecated: Default quota for resource: volumes_tempest-GroupSnapshotsV319Test-volume-type-2094504146 is set by the default quota flag: quota_volumes_tempest-GroupSnapshotsV319Test-volume-type-2094504146, it is now deprecated. Please use the default quota class for default quota.
2024-09-09 09:54:16.177 23 WARNING cinder.quota [None req-d2cf5e2e-acfe-46fb-b31c-2db303df65ed 95a72ec2dce7459f987705a0c3116b0a 3d9cae71f48d4bad9066c3e3b80c0d94 - - default default] Deprecated: Default quota for resource: gigabytes_tempest-GroupSnapshotsV319Test-volume-type-2094504146 is set by the default quota flag: quota_gigabytes_tempest-GroupSnapshotsV319Test-volume-type-2094504146, it is now deprecated. Please use the default quota class for default quota.
2024-09-09 09:54:16.287 23 INFO cinder.volume.api [None req-d2cf5e2e-acfe-46fb-b31c-2db303df65ed 95a72ec2dce7459f987705a0c3116b0a 3d9cae71f48d4bad9066c3e3b80c0d94 - - default default] Create volume request issued successfully.
2024-09-09 09:54:16.305 23 INFO cinder.api.openstack.wsgi [None req-d2cf5e2e-acfe-46fb-b31c-2db303df65ed 95a72ec2dce7459f987705a0c3116b0a 3d9cae71f48d4bad9066c3e3b80c0d94 - - default default] http://[LB_IP_ADDRESS]:8776/v3/3d9cae71f48d4bad9066c3e3b80c0d94/volumes returned with HTTP 202
2024-09-09 09:54:16.335 21 INFO cinder.api.openstack.wsgi [None req-5c40d9f0-3850-441d-9a63-b27731395128 95a72ec2dce7459f987705a0c3116b0a 3d9cae71f48d4bad9066c3e3b80c0d94 - - default default] GET http://[LB_IP_ADDRESS]:8776/v3/3d9cae71f48d4bad9066c3e3b80c0d94/volumes/d14dc65d-c140-4ab6-b332-496cceacd527
2024-09-09 09:54:16.363 21 INFO cinder.volume.api [None req-5c40d9f0-3850-441d-9a63-b27731395128 95a72ec2dce7459f987705a0c3116b0a 3d9cae71f48d4bad9066c3e3b80c0d94 - - default default] Volume info retrieved successfully.
2024-09-09 09:54:16.397 21 INFO cinder.api.openstack.wsgi [None req-5c40d9f0-3850-441d-9a63-b27731395128 95a72ec2dce7459f987705a0c3116b0a 3d9cae71f48d4bad9066c3e3b80c0d94 - - default default] http://[LB_IP_ADDRESS]:8776/v3/3d9cae71f48d4bad9066c3e3b80c0d94/volumes/d14dc65d-c140-4ab6-b332-496cceacd527 returned with HTTP 200
2024-09-09 09:54:17.081 20 INFO cinder.api.openstack.wsgi [req-703d655c-5a81-4d48-95f5-c97840e7dfc7 req-641d0571-75d0-4c82-b618-ba87c25e187c bf7e19b13b2641c4be6a7e692f85fdae 241f25698b1d42d5be18b00b2854359e - - default default] GET http://[LB_IP_ADDRESS]:8776/v3/241f25698b1d42d5be18b00b2854359e/volumes/7ecb561c-1bc1-4708-8cd3-7e76506676d5
2024-09-09 09:54:17.111 20 INFO cinder.volume.api [req-703d655c-5a81-4d48-95f5-c97840e7dfc7 req-641d0571-75d0-4c82-b618-ba87c25e187c bf7e19b13b2641c4be6a7e692f85fdae 241f25698b1d42d5be18b00b2854359e - - default default] Volume info retrieved successfully.
2024-09-09 09:54:17.120 20 INFO cinder.api.openstack.wsgi [req-703d655c-5a81-4d48-95f5-c97840e7dfc7 req-641d0571-75d0-4c82-b618-ba87c25e187c bf7e19b13b2641c4be6a7e692f85fdae 241f25698b1d42d5be18b00b2854359e - - default default] http://[LB_IP_ADDRESS]:8776/v3/241f25698b1d42d5be18b00b2854359e/volumes/7ecb561c-1bc1-4708-8cd3-7e76506676d5 returned with HTTP 200
2024-09-09 09:54:17.156 19 INFO cinder.api.openstack.wsgi [req-8b1762b1-0f8e-4603-b46f-f0a8348311b9 req-d7446473-2e10-485e-a6a7-7f740de38972 bf7e19b13b2641c4be6a7e692f85fdae 241f25698b1d42d5be18b00b2854359e - - default default] GET http://[LB_IP_ADDRESS]:8776/v3/241f25698b1d42d5be18b00b2854359e/volumes/7ecb561c-1bc1-4708-8cd3-7e76506676d5
2024-09-09 09:54:17.182 19 INFO cinder.volume.api [req-8b1762b1-0f8e-4603-b46f-f0a8348311b9 req-d7446473-2e10-485e-a6a7-7f740de38972 bf7e19b13b2641c4be6a7e692f85fdae 241f25698b1d42d5be18b00b2854359e - - default default] Volume info retrieved successfully.
2024-09-09 09:54:17.191 19 INFO cinder.api.openstack.wsgi [req-8b1762b1-0f8e-4603-b46f-f0a8348311b9 req-d7446473-2e10-485e-a6a7-7f740de38972 bf7e19b13b2641c4be6a7e692f85fdae 241f25698b1d42d5be18b00b2854359e - - default default] http://[LB_IP_ADDRESS]:8776/v3/241f25698b1d42d5be18b00b2854359e/volumes/7ecb561c-1bc1-4708-8cd3-7e76506676d5 returned with HTTP 200
2024-09-09 09:54:17.228 22 INFO cinder.api.openstack.wsgi [req-dcc0640a-0f3b-42cf-b1a4-73bcb60fead6 req-a4ebca30-fb1a-4a2c-92d8-59f2ef3b1cbb bf7e19b13b2641c4be6a7e692f85fdae 241f25698b1d42d5be18b00b2854359e - - default default] DELETE http://[LB_IP_ADDRESS]:8776/v3/241f25698b1d42d5be18b00b2854359e/volumes/7ecb561c-1bc1-4708-8cd3-7e76506676d5
2024-09-09 09:54:17.230 22 INFO cinder.api.v3.volumes [req-dcc0640a-0f3b-42cf-b1a4-73bcb60fead6 req-a4ebca30-fb1a-4a2c-92d8-59f2ef3b1cbb bf7e19b13b2641c4be6a7e692f85fdae 241f25698b1d42d5be18b00b2854359e - - default default] Delete volume with id: 7ecb561c-1bc1-4708-8cd3-7e76506676d5 
2024-09-09 09:54:17.250 22 INFO cinder.volume.api [req-dcc0640a-0f3b-42cf-b1a4-73bcb60fead6 req-a4ebca30-fb1a-4a2c-92d8-59f2ef3b1cbb bf7e19b13b2641c4be6a7e692f85fdae 241f25698b1d42d5be18b00b2854359e - - default default] Volume info retrieved successfully.
2024-09-09 09:54:17.282 22 INFO cinder.volume.api [req-dcc0640a-0f3b-42cf-b1a4-73bcb60fead6 req-a4ebca30-fb1a-4a2c-92d8-59f2ef3b1cbb bf7e19b13b2641c4be6a7e692f85fdae 241f25698b1d42d5be18b00b2854359e - - default default] Delete volume request issued successfully.
2024-09-09 09:54:17.282 22 INFO cinder.api.openstack.wsgi [req-dcc0640a-0f3b-42cf-b1a4-73bcb60fead6 req-a4ebca30-fb1a-4a2c-92d8-59f2ef3b1cbb bf7e19b13b2641c4be6a7e692f85fdae 241f25698b1d42d5be18b00b2854359e - - default default] http://[LB_IP_ADDRESS]:8776/v3/241f25698b1d42d5be18b00b2854359e/volumes/7ecb561c-1bc1-4708-8cd3-7e76506676d5 returned with HTTP 202
2024-09-09 09:54:17.311 23 INFO cinder.api.openstack.wsgi [req-6e44fa12-6c3f-4abd-bbf0-e5d9fd23bcd0 req-9b3d2767-e115-418e-b380-c023bc0f6df5 bf7e19b13b2641c4be6a7e692f85fdae 241f25698b1d42d5be18b00b2854359e - - default default] GET http://[LB_IP_ADDRESS]:8776/v3/241f25698b1d42d5be18b00b2854359e/volumes/7ecb561c-1bc1-4708-8cd3-7e76506676d5
2024-09-09 09:54:17.335 23 INFO cinder.volume.api [req-6e44fa12-6c3f-4abd-bbf0-e5d9fd23bcd0 req-9b3d2767-e115-418e-b380-c023bc0f6df5 bf7e19b13b2641c4be6a7e692f85fdae 241f25698b1d42d5be18b00b2854359e - - default default] Volume info retrieved successfully.
2024-09-09 09:54:17.344 23 INFO cinder.api.openstack.wsgi [req-6e44fa12-6c3f-4abd-bbf0-e5d9fd23bcd0 req-9b3d2767-e115-418e-b380-c023bc0f6df5 bf7e19b13b2641c4be6a7e692f85fdae 241f25698b1d42d5be18b00b2854359e - - default default] http://[LB_IP_ADDRESS]:8776/v3/241f25698b1d42d5be18b00b2854359e/volumes/7ecb561c-1bc1-4708-8cd3-7e76506676d5 returned with HTTP 200
2024-09-09 09:54:17.432 21 INFO cinder.api.openstack.wsgi [None req-c49653e9-92e1-40be-a91d-4cfd2cd9e774 95a72ec2dce7459f987705a0c3116b0a 3d9cae71f48d4bad9066c3e3b80c0d94 - - default default] GET http://[LB_IP_ADDRESS]:8776/v3/3d9cae71f48d4bad9066c3e3b80c0d94/volumes/d14dc65d-c140-4ab6-b332-496cceacd527
2024-09-09 09:54:17.460 21 INFO cinder.volume.api [None req-c49653e9-92e1-40be-a91d-4cfd2cd9e774 95a72ec2dce7459f987705a0c3116b0a 3d9cae71f48d4bad9066c3e3b80c0d94 - - default default] Volume info retrieved successfully.
2024-09-09 09:54:17.488 21 INFO cinder.api.openstack.wsgi [None req-c49653e9-92e1-40be-a91d-4cfd2cd9e774 95a72ec2dce7459f987705a0c3116b0a 3d9cae71f48d4bad9066c3e3b80c0d94 - - default default] http://[LB_IP_ADDRESS]:8776/v3/3d9cae71f48d4bad9066c3e3b80c0d94/volumes/d14dc65d-c140-4ab6-b332-496cceacd527 returned with HTTP 200
2024-09-09 09:54:18.382 20 INFO cinder.api.openstack.wsgi [req-9ef03024-61d5-4b91-8e47-5639c83e74d5 req-bfbd217a-6fca-4077-a7be-dc57c918c9ea bf7e19b13b2641c4be6a7e692f85fdae 241f25698b1d42d5be18b00b2854359e - - default default] GET http://[LB_IP_ADDRESS]:8776/v3/241f25698b1d42d5be18b00b2854359e/volumes/7ecb561c-1bc1-4708-8cd3-7e76506676d5
2024-09-09 09:54:18.398 20 INFO cinder.api.openstack.wsgi [req-9ef03024-61d5-4b91-8e47-5639c83e74d5 req-bfbd217a-6fca-4077-a7be-dc57c918c9ea bf7e19b13b2641c4be6a7e692f85fdae 241f25698b1d42d5be18b00b2854359e - - default default] http://[LB_IP_ADDRESS]:8776/v3/241f25698b1d42d5be18b00b2854359e/volumes/7ecb561c-1bc1-4708-8cd3-7e76506676d5 returned with HTTP 404
2024-09-09 09:54:18.522 19 INFO cinder.api.openstack.wsgi [None req-5c4ab3de-3c1b-4c3c-afa3-191addf8e796 95a72ec2dce7459f987705a0c3116b0a 3d9cae71f48d4bad9066c3e3b80c0d94 - - default default] GET http://[LB_IP_ADDRESS]:8776/v3/3d9cae71f48d4bad9066c3e3b80c0d94/volumes/d14dc65d-c140-4ab6-b332-496cceacd527
2024-09-09 09:54:18.547 19 INFO cinder.volume.api [None req-5c4ab3de-3c1b-4c3c-afa3-191addf8e796 95a72ec2dce7459f987705a0c3116b0a 3d9cae71f48d4bad9066c3e3b80c0d94 - - default default] Volume info retrieved successfully.
2024-09-09 09:54:18.574 19 INFO cinder.api.openstack.wsgi [None req-5c4ab3de-3c1b-4c3c-afa3-191addf8e796 95a72ec2dce7459f987705a0c3116b0a 3d9cae71f48d4bad9066c3e3b80c0d94 - - default default] http://[LB_IP_ADDRESS]:8776/v3/3d9cae71f48d4bad9066c3e3b80c0d94/volumes/d14dc65d-c140-4ab6-b332-496cceacd527 returned with HTTP 200
2024-09-09 09:54:18.606 22 INFO cinder.api.openstack.wsgi [None req-4f845086-7a83-4524-9dac-030168b01aba 95a72ec2dce7459f987705a0c3116b0a 3d9cae71f48d4bad9066c3e3b80c0d94 - - default default] POST http://[LB_IP_ADDRESS]:8776/v3/3d9cae71f48d4bad9066c3e3b80c0d94/group_snapshots
2024-09-09 09:54:18.622 22 INFO cinder.api.v3.group_snapshots [None req-4f845086-7a83-4524-9dac-030168b01aba 95a72ec2dce7459f987705a0c3116b0a 3d9cae71f48d4bad9066c3e3b80c0d94 - - default default] Creating group_snapshot tempest-GroupSnapshotsV319Test-Group_Snapshot-2111792245.
2024-09-09 09:54:18.679 22 WARNING cinder.quota [None req-4f845086-7a83-4524-9dac-030168b01aba 95a72ec2dce7459f987705a0c3116b0a 3d9cae71f48d4bad9066c3e3b80c0d94 - - default default] Deprecated: Default quota for resource: gigabytes_tempest-GroupSnapshotsV319Test-volume-type-2094504146 is set by the default quota flag: quota_gigabytes_tempest-GroupSnapshotsV319Test-volume-type-2094504146, it is now deprecated. Please use the default quota class for default quota.
2024-09-09 09:54:18.680 22 WARNING cinder.quota [None req-4f845086-7a83-4524-9dac-030168b01aba 95a72ec2dce7459f987705a0c3116b0a 3d9cae71f48d4bad9066c3e3b80c0d94 - - default default] Deprecated: Default quota for resource: snapshots_tempest-GroupSnapshotsV319Test-volume-type-2094504146 is set by the default quota flag: quota_snapshots_tempest-GroupSnapshotsV319Test-volume-type-2094504146, it is now deprecated. Please use the default quota class for default quota.
2024-09-09 09:54:18.759 22 INFO cinder.api.openstack.wsgi [None req-4f845086-7a83-4524-9dac-030168b01aba 95a72ec2dce7459f987705a0c3116b0a 3d9cae71f48d4bad9066c3e3b80c0d94 - - default default] http://[LB_IP_ADDRESS]:8776/v3/3d9cae71f48d4bad9066c3e3b80c0d94/group_snapshots returned with HTTP 202
2024-09-09 09:54:18.775 23 INFO cinder.api.openstack.wsgi [None req-abb33ff4-0075-46aa-af55-9ff1a654f6d0 95a72ec2dce7459f987705a0c3116b0a 3d9cae71f48d4bad9066c3e3b80c0d94 - - default default] GET http://[LB_IP_ADDRESS]:8776/v3/3d9cae71f48d4bad9066c3e3b80c0d94/group_snapshots/3d4f0753-57c8-498e-8446-2c708ee5ee86
2024-09-09 09:54:18.789 23 INFO cinder.api.openstack.wsgi [None req-abb33ff4-0075-46aa-af55-9ff1a654f6d0 95a72ec2dce7459f987705a0c3116b0a 3d9cae71f48d4bad9066c3e3b80c0d94 - - default default] http://[LB_IP_ADDRESS]:8776/v3/3d9cae71f48d4bad9066c3e3b80c0d94/group_snapshots/3d4f0753-57c8-498e-8446-2c708ee5ee86 returned with HTTP 200
2024-09-09 09:54:19.805 20 INFO cinder.api.openstack.wsgi [None req-8f083fdb-73c6-4e8a-8f0e-6dddebe803f8 95a72ec2dce7459f987705a0c3116b0a 3d9cae71f48d4bad9066c3e3b80c0d94 - - default default] GET http://[LB_IP_ADDRESS]:8776/v3/3d9cae71f48d4bad9066c3e3b80c0d94/group_snapshots/3d4f0753-57c8-498e-8446-2c708ee5ee86
2024-09-09 09:54:19.816 20 INFO cinder.api.openstack.wsgi [None req-8f083fdb-73c6-4e8a-8f0e-6dddebe803f8 95a72ec2dce7459f987705a0c3116b0a 3d9cae71f48d4bad9066c3e3b80c0d94 - - default default] http://[LB_IP_ADDRESS]:8776/v3/3d9cae71f48d4bad9066c3e3b80c0d94/group_snapshots/3d4f0753-57c8-498e-8446-2c708ee5ee86 returned with HTTP 200
2024-09-09 09:54:19.977 21 INFO cinder.api.openstack.wsgi [None req-23661dcc-7d36-48a9-86b8-73119c408179 620b4799762740c9ad8a4fbb4a433b54 aa61bb7ae0a143b992afdfc914ebcb0e - - default default] POST http://[LB_IP_ADDRESS]:8776/v3/aa61bb7ae0a143b992afdfc914ebcb0e/types
2024-09-09 09:54:20.004 21 INFO cinder.api.openstack.wsgi [None req-23661dcc-7d36-48a9-86b8-73119c408179 620b4799762740c9ad8a4fbb4a433b54 aa61bb7ae0a143b992afdfc914ebcb0e - - default default] http://[LB_IP_ADDRESS]:8776/v3/aa61bb7ae0a143b992afdfc914ebcb0e/types returned with HTTP 200
2024-09-09 09:54:20.020 19 INFO cinder.api.openstack.wsgi [None req-97a82080-bd4c-47d4-8499-681d72402509 620b4799762740c9ad8a4fbb4a433b54 aa61bb7ae0a143b992afdfc914ebcb0e - - default default] POST http://[LB_IP_ADDRESS]:8776/v3/aa61bb7ae0a143b992afdfc914ebcb0e/group_types
2024-09-09 09:54:20.044 19 INFO cinder.api.openstack.wsgi [None req-97a82080-bd4c-47d4-8499-681d72402509 620b4799762740c9ad8a4fbb4a433b54 aa61bb7ae0a143b992afdfc914ebcb0e - - default default] http://[LB_IP_ADDRESS]:8776/v3/aa61bb7ae0a143b992afdfc914ebcb0e/group_types returned with HTTP 202
2024-09-09 09:54:20.253 22 INFO cinder.api.openstack.wsgi [None req-a81309ce-adc2-4d45-8da0-4f1423e882de 58f252c0da794e10a5e6ccc9a7f6f67f cdd1c522664d48559266d37991149933 - - default default] POST http://[LB_IP_ADDRESS]:8776/v3/cdd1c522664d48559266d37991149933/groups
2024-09-09 09:54:20.263 22 INFO cinder.api.v3.groups [None req-a81309ce-adc2-4d45-8da0-4f1423e882de 58f252c0da794e10a5e6ccc9a7f6f67f cdd1c522664d48559266d37991149933 - - default default] Creating group tempest-Group1-439404900.
2024-09-09 09:54:20.276 22 INFO cinder.volume.api [None req-a81309ce-adc2-4d45-8da0-4f1423e882de 58f252c0da794e10a5e6ccc9a7f6f67f cdd1c522664d48559266d37991149933 - - default default] Availability Zones retrieved successfully.
2024-09-09 09:54:20.333 22 INFO cinder.api.openstack.wsgi [None req-a81309ce-adc2-4d45-8da0-4f1423e882de 58f252c0da794e10a5e6ccc9a7f6f67f cdd1c522664d48559266d37991149933 - - default default] http://[LB_IP_ADDRESS]:8776/v3/cdd1c522664d48559266d37991149933/groups returned with HTTP 202
2024-09-09 09:54:20.348 23 INFO cinder.api.openstack.wsgi [None req-87ce4f75-a9ec-4391-8d6c-e51b59ca5460 58f252c0da794e10a5e6ccc9a7f6f67f cdd1c522664d48559266d37991149933 - - default default] GET http://[LB_IP_ADDRESS]:8776/v3/cdd1c522664d48559266d37991149933/groups/2421ed9e-377e-430d-8171-409ddcc13370
2024-09-09 09:54:20.374 23 INFO cinder.api.openstack.wsgi [None req-87ce4f75-a9ec-4391-8d6c-e51b59ca5460 58f252c0da794e10a5e6ccc9a7f6f67f cdd1c522664d48559266d37991149933 - - default default] http://[LB_IP_ADDRESS]:8776/v3/cdd1c522664d48559266d37991149933/groups/2421ed9e-377e-430d-8171-409ddcc13370 returned with HTTP 200
2024-09-09 09:54:20.833 20 INFO cinder.api.openstack.wsgi [None req-02a0046e-7f40-4093-924a-9b2c5c97e839 95a72ec2dce7459f987705a0c3116b0a 3d9cae71f48d4bad9066c3e3b80c0d94 - - default default] GET http://[LB_IP_ADDRESS]:8776/v3/3d9cae71f48d4bad9066c3e3b80c0d94/group_snapshots/3d4f0753-57c8-498e-8446-2c708ee5ee86
2024-09-09 09:54:20.847 20 INFO cinder.api.openstack.wsgi [None req-02a0046e-7f40-4093-924a-9b2c5c97e839 95a72ec2dce7459f987705a0c3116b0a 3d9cae71f48d4bad9066c3e3b80c0d94 - - default default] http://[LB_IP_ADDRESS]:8776/v3/3d9cae71f48d4bad9066c3e3b80c0d94/group_snapshots/3d4f0753-57c8-498e-8446-2c708ee5ee86 returned with HTTP 200
2024-09-09 09:54:20.864 21 INFO cinder.api.openstack.wsgi [None req-e3212121-13b1-4844-bc3c-ea1d98e83ecf 95a72ec2dce7459f987705a0c3116b0a 3d9cae71f48d4bad9066c3e3b80c0d94 - - default default] GET http://[LB_IP_ADDRESS]:8776/v3/3d9cae71f48d4bad9066c3e3b80c0d94/snapshots/detail
2024-09-09 09:54:20.878 21 INFO cinder.volume.api [None req-e3212121-13b1-4844-bc3c-ea1d98e83ecf 95a72ec2dce7459f987705a0c3116b0a 3d9cae71f48d4bad9066c3e3b80c0d94 - - default default] Get all snapshots completed successfully.
2024-09-09 09:54:20.881 21 INFO cinder.api.openstack.wsgi [None req-e3212121-13b1-4844-bc3c-ea1d98e83ecf 95a72ec2dce7459f987705a0c3116b0a 3d9cae71f48d4bad9066c3e3b80c0d94 - - default default] http://[LB_IP_ADDRESS]:8776/v3/3d9cae71f48d4bad9066c3e3b80c0d94/snapshots/detail returned with HTTP 200
2024-09-09 09:54:20.900 19 INFO cinder.api.openstack.wsgi [None req-5d75d425-ff59-4fe1-a6e7-fa5e1ee85e58 95a72ec2dce7459f987705a0c3116b0a 3d9cae71f48d4bad9066c3e3b80c0d94 - - default default] GET http://[LB_IP_ADDRESS]:8776/v3/3d9cae71f48d4bad9066c3e3b80c0d94/snapshots/b3f015fa-8735-4b64-87c0-6fa5ebc429c9
2024-09-09 09:54:20.913 19 INFO cinder.volume.api [None req-5d75d425-ff59-4fe1-a6e7-fa5e1ee85e58 95a72ec2dce7459f987705a0c3116b0a 3d9cae71f48d4bad9066c3e3b80c0d94 - - default default] Snapshot retrieved successfully.
2024-09-09 09:54:20.916 19 INFO cinder.api.openstack.wsgi [None req-5d75d425-ff59-4fe1-a6e7-fa5e1ee85e58 95a72ec2dce7459f987705a0c3116b0a 3d9cae71f48d4bad9066c3e3b80c0d94 - - default default] http://[LB_IP_ADDRESS]:8776/v3/3d9cae71f48d4bad9066c3e3b80c0d94/snapshots/b3f015fa-8735-4b64-87c0-6fa5ebc429c9 returned with HTTP 200
2024-09-09 09:54:20.934 22 INFO cinder.api.openstack.wsgi [None req-7ad2ff8f-3d89-42c7-bfb2-21746f296b7f fc14ae0636674356a1e255568d759325 eaf95fab73c641b3b4f2255af3b9d2e3 - - default default] POST http://[LB_IP_ADDRESS]:8776/v3/eaf95fab73c641b3b4f2255af3b9d2e3/group_snapshots/3d4f0753-57c8-498e-8446-2c708ee5ee86/action
2024-09-09 09:54:20.955 22 INFO cinder.api.openstack.wsgi [None req-7ad2ff8f-3d89-42c7-bfb2-21746f296b7f fc14ae0636674356a1e255568d759325 eaf95fab73c641b3b4f2255af3b9d2e3 - - default default] http://[LB_IP_ADDRESS]:8776/v3/eaf95fab73c641b3b4f2255af3b9d2e3/group_snapshots/3d4f0753-57c8-498e-8446-2c708ee5ee86/action returned with HTTP 202
2024-09-09 09:54:20.967 23 INFO cinder.api.openstack.wsgi [None req-d3f9407d-3702-4295-b420-accede934ca2 95a72ec2dce7459f987705a0c3116b0a 3d9cae71f48d4bad9066c3e3b80c0d94 - - default default] GET http://[LB_IP_ADDRESS]:8776/v3/3d9cae71f48d4bad9066c3e3b80c0d94/group_snapshots/3d4f0753-57c8-498e-8446-2c708ee5ee86
2024-09-09 09:54:20.980 23 INFO cinder.api.openstack.wsgi [None req-d3f9407d-3702-4295-b420-accede934ca2 95a72ec2dce7459f987705a0c3116b0a 3d9cae71f48d4bad9066c3e3b80c0d94 - - default default] http://[LB_IP_ADDRESS]:8776/v3/3d9cae71f48d4bad9066c3e3b80c0d94/group_snapshots/3d4f0753-57c8-498e-8446-2c708ee5ee86 returned with HTTP 200
2024-09-09 09:54:20.996 20 INFO cinder.api.openstack.wsgi [None req-fa9fe75d-8938-4d5a-8f94-b576b02c6a44 fc14ae0636674356a1e255568d759325 eaf95fab73c641b3b4f2255af3b9d2e3 - - default default] POST http://[LB_IP_ADDRESS]:8776/v3/eaf95fab73c641b3b4f2255af3b9d2e3/group_snapshots/3d4f0753-57c8-498e-8446-2c708ee5ee86/action
2024-09-09 09:54:21.017 20 INFO cinder.api.openstack.wsgi [None req-fa9fe75d-8938-4d5a-8f94-b576b02c6a44 fc14ae0636674356a1e255568d759325 eaf95fab73c641b3b4f2255af3b9d2e3 - - default default] http://[LB_IP_ADDRESS]:8776/v3/eaf95fab73c641b3b4f2255af3b9d2e3/group_snapshots/3d4f0753-57c8-498e-8446-2c708ee5ee86/action returned with HTTP 202
2024-09-09 09:54:21.029 21 INFO cinder.api.openstack.wsgi [None req-02c7aee8-06aa-42e2-8728-877fda1c08b8 95a72ec2dce7459f987705a0c3116b0a 3d9cae71f48d4bad9066c3e3b80c0d94 - - default default] GET http://[LB_IP_ADDRESS]:8776/v3/3d9cae71f48d4bad9066c3e3b80c0d94/group_snapshots/3d4f0753-57c8-498e-8446-2c708ee5ee86
2024-09-09 09:54:21.043 21 INFO cinder.api.openstack.wsgi [None req-02c7aee8-06aa-42e2-8728-877fda1c08b8 95a72ec2dce7459f987705a0c3116b0a 3d9cae71f48d4bad9066c3e3b80c0d94 - - default default] http://[LB_IP_ADDRESS]:8776/v3/3d9cae71f48d4bad9066c3e3b80c0d94/group_snapshots/3d4f0753-57c8-498e-8446-2c708ee5ee86 returned with HTTP 200
2024-09-09 09:54:21.059 19 INFO cinder.api.openstack.wsgi [None req-2a6f8928-040a-4fc9-b3eb-99a4ae25f689 fc14ae0636674356a1e255568d759325 eaf95fab73c641b3b4f2255af3b9d2e3 - - default default] POST http://[LB_IP_ADDRESS]:8776/v3/eaf95fab73c641b3b4f2255af3b9d2e3/group_snapshots/3d4f0753-57c8-498e-8446-2c708ee5ee86/action
2024-09-09 09:54:21.079 19 INFO cinder.api.openstack.wsgi [None req-2a6f8928-040a-4fc9-b3eb-99a4ae25f689 fc14ae0636674356a1e255568d759325 eaf95fab73c641b3b4f2255af3b9d2e3 - - default default] http://[LB_IP_ADDRESS]:8776/v3/eaf95fab73c641b3b4f2255af3b9d2e3/group_snapshots/3d4f0753-57c8-498e-8446-2c708ee5ee86/action returned with HTTP 202
2024-09-09 09:54:21.092 22 INFO cinder.api.openstack.wsgi [None req-9962d8a5-ac01-487c-b346-35b0f9d937ab 95a72ec2dce7459f987705a0c3116b0a 3d9cae71f48d4bad9066c3e3b80c0d94 - - default default] GET http://[LB_IP_ADDRESS]:8776/v3/3d9cae71f48d4bad9066c3e3b80c0d94/group_snapshots/3d4f0753-57c8-498e-8446-2c708ee5ee86
2024-09-09 09:54:21.106 22 INFO cinder.api.openstack.wsgi [None req-9962d8a5-ac01-487c-b346-35b0f9d937ab 95a72ec2dce7459f987705a0c3116b0a 3d9cae71f48d4bad9066c3e3b80c0d94 - - default default] http://[LB_IP_ADDRESS]:8776/v3/3d9cae71f48d4bad9066c3e3b80c0d94/group_snapshots/3d4f0753-57c8-498e-8446-2c708ee5ee86 returned with HTTP 200
2024-09-09 09:54:21.123 23 INFO cinder.api.openstack.wsgi [None req-05d56502-2b8b-49dc-9234-ac707ece31da fc14ae0636674356a1e255568d759325 eaf95fab73c641b3b4f2255af3b9d2e3 - - default default] POST http://[LB_IP_ADDRESS]:8776/v3/eaf95fab73c641b3b4f2255af3b9d2e3/group_snapshots/3d4f0753-57c8-498e-8446-2c708ee5ee86/action
2024-09-09 09:54:21.143 23 INFO cinder.api.openstack.wsgi [None req-05d56502-2b8b-49dc-9234-ac707ece31da fc14ae0636674356a1e255568d759325 eaf95fab73c641b3b4f2255af3b9d2e3 - - default default] http://[LB_IP_ADDRESS]:8776/v3/eaf95fab73c641b3b4f2255af3b9d2e3/group_snapshots/3d4f0753-57c8-498e-8446-2c708ee5ee86/action returned with HTTP 202
2024-09-09 09:54:21.155 20 INFO cinder.api.openstack.wsgi [None req-1a4cc595-b38e-43da-b3ce-b5c945e2fa99 95a72ec2dce7459f987705a0c3116b0a 3d9cae71f48d4bad9066c3e3b80c0d94 - - default default] GET http://[LB_IP_ADDRESS]:8776/v3/3d9cae71f48d4bad9066c3e3b80c0d94/group_snapshots/3d4f0753-57c8-498e-8446-2c708ee5ee86
2024-09-09 09:54:21.169 20 INFO cinder.api.openstack.wsgi [None req-1a4cc595-b38e-43da-b3ce-b5c945e2fa99 95a72ec2dce7459f987705a0c3116b0a 3d9cae71f48d4bad9066c3e3b80c0d94 - - default default] http://[LB_IP_ADDRESS]:8776/v3/3d9cae71f48d4bad9066c3e3b80c0d94/group_snapshots/3d4f0753-57c8-498e-8446-2c708ee5ee86 returned with HTTP 200
2024-09-09 09:54:21.185 21 INFO cinder.api.openstack.wsgi [None req-341dbdf1-df99-43fc-8e08-f8f079a40b16 95a72ec2dce7459f987705a0c3116b0a 3d9cae71f48d4bad9066c3e3b80c0d94 - - default default] DELETE http://[LB_IP_ADDRESS]:8776/v3/3d9cae71f48d4bad9066c3e3b80c0d94/group_snapshots/3d4f0753-57c8-498e-8446-2c708ee5ee86
2024-09-09 09:54:21.186 21 INFO cinder.api.v3.group_snapshots [None req-341dbdf1-df99-43fc-8e08-f8f079a40b16 95a72ec2dce7459f987705a0c3116b0a 3d9cae71f48d4bad9066c3e3b80c0d94 - - default default] Delete group_snapshot with id: 3d4f0753-57c8-498e-8446-2c708ee5ee86
2024-09-09 09:54:21.237 21 INFO cinder.api.openstack.wsgi [None req-341dbdf1-df99-43fc-8e08-f8f079a40b16 95a72ec2dce7459f987705a0c3116b0a 3d9cae71f48d4bad9066c3e3b80c0d94 - - default default] http://[LB_IP_ADDRESS]:8776/v3/3d9cae71f48d4bad9066c3e3b80c0d94/group_snapshots/3d4f0753-57c8-498e-8446-2c708ee5ee86 returned with HTTP 202
2024-09-09 09:54:21.249 19 INFO cinder.api.openstack.wsgi [None req-de7f9547-3561-40ea-ab2d-245784a567ef 95a72ec2dce7459f987705a0c3116b0a 3d9cae71f48d4bad9066c3e3b80c0d94 - - default default] GET http://[LB_IP_ADDRESS]:8776/v3/3d9cae71f48d4bad9066c3e3b80c0d94/volumes/detail
2024-09-09 09:54:21.269 19 INFO cinder.volume.api [None req-de7f9547-3561-40ea-ab2d-245784a567ef 95a72ec2dce7459f987705a0c3116b0a 3d9cae71f48d4bad9066c3e3b80c0d94 - - default default] Get all volumes completed successfully.
2024-09-09 09:54:21.297 19 INFO cinder.api.openstack.wsgi [None req-de7f9547-3561-40ea-ab2d-245784a567ef 95a72ec2dce7459f987705a0c3116b0a 3d9cae71f48d4bad9066c3e3b80c0d94 - - default default] http://[LB_IP_ADDRESS]:8776/v3/3d9cae71f48d4bad9066c3e3b80c0d94/volumes/detail returned with HTTP 200
2024-09-09 09:54:21.333 22 INFO cinder.api.openstack.wsgi [None req-7b964188-ca25-4b18-897c-2f419da7de01 95a72ec2dce7459f987705a0c3116b0a 3d9cae71f48d4bad9066c3e3b80c0d94 - - default default] GET http://[LB_IP_ADDRESS]:8776/v3/3d9cae71f48d4bad9066c3e3b80c0d94/snapshots/detail
2024-09-09 09:54:21.344 22 INFO cinder.volume.api [None req-7b964188-ca25-4b18-897c-2f419da7de01 95a72ec2dce7459f987705a0c3116b0a 3d9cae71f48d4bad9066c3e3b80c0d94 - - default default] Get all snapshots completed successfully.
2024-09-09 09:54:21.346 22 INFO cinder.api.openstack.wsgi [None req-7b964188-ca25-4b18-897c-2f419da7de01 95a72ec2dce7459f987705a0c3116b0a 3d9cae71f48d4bad9066c3e3b80c0d94 - - default default] http://[LB_IP_ADDRESS]:8776/v3/3d9cae71f48d4bad9066c3e3b80c0d94/snapshots/detail returned with HTTP 200
2024-09-09 09:54:21.366 23 INFO cinder.api.openstack.wsgi [None req-c7e3d8d5-8601-47df-8538-e284ba2723a3 95a72ec2dce7459f987705a0c3116b0a 3d9cae71f48d4bad9066c3e3b80c0d94 - - default default] GET http://[LB_IP_ADDRESS]:8776/v3/3d9cae71f48d4bad9066c3e3b80c0d94/snapshots/b3f015fa-8735-4b64-87c0-6fa5ebc429c9
2024-09-09 09:54:21.380 23 INFO cinder.volume.api [None req-c7e3d8d5-8601-47df-8538-e284ba2723a3 95a72ec2dce7459f987705a0c3116b0a 3d9cae71f48d4bad9066c3e3b80c0d94 - - default default] Snapshot retrieved successfully.
2024-09-09 09:54:21.382 23 INFO cinder.api.openstack.wsgi [None req-c7e3d8d5-8601-47df-8538-e284ba2723a3 95a72ec2dce7459f987705a0c3116b0a 3d9cae71f48d4bad9066c3e3b80c0d94 - - default default] http://[LB_IP_ADDRESS]:8776/v3/3d9cae71f48d4bad9066c3e3b80c0d94/snapshots/b3f015fa-8735-4b64-87c0-6fa5ebc429c9 returned with HTTP 200
2024-09-09 09:54:21.393 20 INFO cinder.api.openstack.wsgi [None req-428c596d-716f-44cd-81c4-19f97e19a214 58f252c0da794e10a5e6ccc9a7f6f67f cdd1c522664d48559266d37991149933 - - default default] GET http://[LB_IP_ADDRESS]:8776/v3/cdd1c522664d48559266d37991149933/groups/2421ed9e-377e-430d-8171-409ddcc13370
2024-09-09 09:54:21.416 20 INFO cinder.api.openstack.wsgi [None req-428c596d-716f-44cd-81c4-19f97e19a214 58f252c0da794e10a5e6ccc9a7f6f67f cdd1c522664d48559266d37991149933 - - default default] http://[LB_IP_ADDRESS]:8776/v3/cdd1c522664d48559266d37991149933/groups/2421ed9e-377e-430d-8171-409ddcc13370 returned with HTTP 200
2024-09-09 09:54:21.435 21 INFO cinder.api.openstack.wsgi [None req-cebaf3f5-ad3c-4c68-ba87-93edc4783bcb 58f252c0da794e10a5e6ccc9a7f6f67f cdd1c522664d48559266d37991149933 - - default default] POST http://[LB_IP_ADDRESS]:8776/v3/cdd1c522664d48559266d37991149933/groups
2024-09-09 09:54:21.446 21 INFO cinder.api.v3.groups [None req-cebaf3f5-ad3c-4c68-ba87-93edc4783bcb 58f252c0da794e10a5e6ccc9a7f6f67f cdd1c522664d48559266d37991149933 - - default default] Creating group tempest-Group2-1097407373.
2024-09-09 09:54:21.465 21 INFO cinder.volume.api [None req-cebaf3f5-ad3c-4c68-ba87-93edc4783bcb 58f252c0da794e10a5e6ccc9a7f6f67f cdd1c522664d48559266d37991149933 - - default default] Availability Zones retrieved successfully.
2024-09-09 09:54:21.534 21 INFO cinder.api.openstack.wsgi [None req-cebaf3f5-ad3c-4c68-ba87-93edc4783bcb 58f252c0da794e10a5e6ccc9a7f6f67f cdd1c522664d48559266d37991149933 - - default default] http://[LB_IP_ADDRESS]:8776/v3/cdd1c522664d48559266d37991149933/groups returned with HTTP 202
2024-09-09 09:54:21.548 19 INFO cinder.api.openstack.wsgi [None req-0338185c-b624-47b5-880a-e12fc4db6684 58f252c0da794e10a5e6ccc9a7f6f67f cdd1c522664d48559266d37991149933 - - default default] GET http://[LB_IP_ADDRESS]:8776/v3/cdd1c522664d48559266d37991149933/groups/93b02a27-44ee-4598-a32c-b52a490d0251
2024-09-09 09:54:21.571 19 INFO cinder.api.openstack.wsgi [None req-0338185c-b624-47b5-880a-e12fc4db6684 58f252c0da794e10a5e6ccc9a7f6f67f cdd1c522664d48559266d37991149933 - - default default] http://[LB_IP_ADDRESS]:8776/v3/cdd1c522664d48559266d37991149933/groups/93b02a27-44ee-4598-a32c-b52a490d0251 returned with HTTP 200
2024-09-09 09:54:21.681 22 INFO cinder.api.openstack.wsgi [req-99b7be9b-dbbb-49f4-a99c-f88204704462 req-cd494922-cbbf-4c23-a1f1-5e4b402400df 285bf76d850346c480fdfd984fd9abda f93d9eb52a3c46b6b1a2e1cefa11d395 - - default default] DELETE http://[LB_IP_ADDRESS]:8776/v3/f93d9eb52a3c46b6b1a2e1cefa11d395/volumes/tempest-invalid-1060811466
2024-09-09 09:54:21.682 22 INFO cinder.api.v3.volumes [req-99b7be9b-dbbb-49f4-a99c-f88204704462 req-cd494922-cbbf-4c23-a1f1-5e4b402400df 285bf76d850346c480fdfd984fd9abda f93d9eb52a3c46b6b1a2e1cefa11d395 - - default default] Delete volume with id: tempest-invalid-1060811466 
2024-09-09 09:54:21.698 22 INFO cinder.api.openstack.wsgi [req-99b7be9b-dbbb-49f4-a99c-f88204704462 req-cd494922-cbbf-4c23-a1f1-5e4b402400df 285bf76d850346c480fdfd984fd9abda f93d9eb52a3c46b6b1a2e1cefa11d395 - - default default] http://[LB_IP_ADDRESS]:8776/v3/f93d9eb52a3c46b6b1a2e1cefa11d395/volumes/tempest-invalid-1060811466 returned with HTTP 404
2024-09-09 09:54:21.756 23 INFO cinder.api.openstack.wsgi [req-24224a20-ef18-44ce-9b75-88bc2db8b6ca req-524a5c98-8a79-462e-894f-ebb882c8a6a0 285bf76d850346c480fdfd984fd9abda f93d9eb52a3c46b6b1a2e1cefa11d395 - - default default] DELETE http://[LB_IP_ADDRESS]:8776/v3/f93d9eb52a3c46b6b1a2e1cefa11d395/volumes/6a9ad55c-e491-4d9e-b285-eb416e1fa99b
2024-09-09 09:54:21.757 23 INFO cinder.api.v3.volumes [req-24224a20-ef18-44ce-9b75-88bc2db8b6ca req-524a5c98-8a79-462e-894f-ebb882c8a6a0 285bf76d850346c480fdfd984fd9abda f93d9eb52a3c46b6b1a2e1cefa11d395 - - default default] Delete volume with id: 6a9ad55c-e491-4d9e-b285-eb416e1fa99b 
2024-09-09 09:54:21.773 23 INFO cinder.api.openstack.wsgi [req-24224a20-ef18-44ce-9b75-88bc2db8b6ca req-524a5c98-8a79-462e-894f-ebb882c8a6a0 285bf76d850346c480fdfd984fd9abda f93d9eb52a3c46b6b1a2e1cefa11d395 - - default default] http://[LB_IP_ADDRESS]:8776/v3/f93d9eb52a3c46b6b1a2e1cefa11d395/volumes/6a9ad55c-e491-4d9e-b285-eb416e1fa99b returned with HTTP 404
2024-09-09 09:54:21.805 20 INFO cinder.api.openstack.wsgi [req-a7a86b7a-9b5f-4718-b9b3-b45e10784744 req-48d9085b-a583-4d27-a907-0714ef185a1a 285bf76d850346c480fdfd984fd9abda f93d9eb52a3c46b6b1a2e1cefa11d395 - - default default] GET http://[LB_IP_ADDRESS]:8776/v3/f93d9eb52a3c46b6b1a2e1cefa11d395/volumes/cbc7f82c-c207-48a1-9795-fab4d1d92095
2024-09-09 09:54:21.821 20 INFO cinder.api.openstack.wsgi [req-a7a86b7a-9b5f-4718-b9b3-b45e10784744 req-48d9085b-a583-4d27-a907-0714ef185a1a 285bf76d850346c480fdfd984fd9abda f93d9eb52a3c46b6b1a2e1cefa11d395 - - default default] http://[LB_IP_ADDRESS]:8776/v3/f93d9eb52a3c46b6b1a2e1cefa11d395/volumes/cbc7f82c-c207-48a1-9795-fab4d1d92095 returned with HTTP 404
2024-09-09 09:54:22.402 21 INFO cinder.api.openstack.wsgi [None req-18888938-521d-476d-8be4-f6027c412138 95a72ec2dce7459f987705a0c3116b0a 3d9cae71f48d4bad9066c3e3b80c0d94 - - default default] GET http://[LB_IP_ADDRESS]:8776/v3/3d9cae71f48d4bad9066c3e3b80c0d94/snapshots/b3f015fa-8735-4b64-87c0-6fa5ebc429c9
2024-09-09 09:54:22.412 21 INFO cinder.api.openstack.wsgi [None req-18888938-521d-476d-8be4-f6027c412138 95a72ec2dce7459f987705a0c3116b0a 3d9cae71f48d4bad9066c3e3b80c0d94 - - default default] http://[LB_IP_ADDRESS]:8776/v3/3d9cae71f48d4bad9066c3e3b80c0d94/snapshots/b3f015fa-8735-4b64-87c0-6fa5ebc429c9 returned with HTTP 404
2024-09-09 09:54:22.424 19 INFO cinder.api.openstack.wsgi [None req-1bef74a1-c6a6-4359-b53e-0c7d920ef5b0 95a72ec2dce7459f987705a0c3116b0a 3d9cae71f48d4bad9066c3e3b80c0d94 - - default default] GET http://[LB_IP_ADDRESS]:8776/v3/3d9cae71f48d4bad9066c3e3b80c0d94/group_snapshots/3d4f0753-57c8-498e-8446-2c708ee5ee86
2024-09-09 09:54:22.430 19 INFO cinder.api.openstack.wsgi [None req-1bef74a1-c6a6-4359-b53e-0c7d920ef5b0 95a72ec2dce7459f987705a0c3116b0a 3d9cae71f48d4bad9066c3e3b80c0d94 - - default default] http://[LB_IP_ADDRESS]:8776/v3/3d9cae71f48d4bad9066c3e3b80c0d94/group_snapshots/3d4f0753-57c8-498e-8446-2c708ee5ee86 returned with HTTP 404
2024-09-09 09:54:22.442 22 INFO cinder.api.openstack.wsgi [None req-c9668716-d1c6-423d-abb4-4e24c172a507 95a72ec2dce7459f987705a0c3116b0a 3d9cae71f48d4bad9066c3e3b80c0d94 - - default default] GET http://[LB_IP_ADDRESS]:8776/v3/3d9cae71f48d4bad9066c3e3b80c0d94/volumes/detail
2024-09-09 09:54:22.463 22 INFO cinder.volume.api [None req-c9668716-d1c6-423d-abb4-4e24c172a507 95a72ec2dce7459f987705a0c3116b0a 3d9cae71f48d4bad9066c3e3b80c0d94 - - default default] Get all volumes completed successfully.
2024-09-09 09:54:22.495 22 INFO cinder.api.openstack.wsgi [None req-c9668716-d1c6-423d-abb4-4e24c172a507 95a72ec2dce7459f987705a0c3116b0a 3d9cae71f48d4bad9066c3e3b80c0d94 - - default default] http://[LB_IP_ADDRESS]:8776/v3/3d9cae71f48d4bad9066c3e3b80c0d94/volumes/detail returned with HTTP 200
2024-09-09 09:54:22.529 23 INFO cinder.api.openstack.wsgi [None req-5734ec89-b7be-418c-a2fb-b1207386d5bd 95a72ec2dce7459f987705a0c3116b0a 3d9cae71f48d4bad9066c3e3b80c0d94 - - default default] POST http://[LB_IP_ADDRESS]:8776/v3/3d9cae71f48d4bad9066c3e3b80c0d94/groups/980ff359-edcb-4e50-b39a-00262f21359d/action
2024-09-09 09:54:22.533 23 INFO cinder.api.v3.groups [None req-5734ec89-b7be-418c-a2fb-b1207386d5bd 95a72ec2dce7459f987705a0c3116b0a 3d9cae71f48d4bad9066c3e3b80c0d94 - - default default] Delete group with id: 980ff359-edcb-4e50-b39a-00262f21359d
2024-09-09 09:54:22.590 20 INFO cinder.api.openstack.wsgi [None req-2c621a97-5428-414d-94c7-ecc4c1d0a41a 58f252c0da794e10a5e6ccc9a7f6f67f cdd1c522664d48559266d37991149933 - - default default] GET http://[LB_IP_ADDRESS]:8776/v3/cdd1c522664d48559266d37991149933/groups/93b02a27-44ee-4598-a32c-b52a490d0251
2024-09-09 09:54:22.605 23 INFO cinder.api.openstack.wsgi [None req-5734ec89-b7be-418c-a2fb-b1207386d5bd 95a72ec2dce7459f987705a0c3116b0a 3d9cae71f48d4bad9066c3e3b80c0d94 - - default default] http://[LB_IP_ADDRESS]:8776/v3/3d9cae71f48d4bad9066c3e3b80c0d94/groups/980ff359-edcb-4e50-b39a-00262f21359d/action returned with HTTP 202
2024-09-09 09:54:22.612 20 INFO cinder.api.openstack.wsgi [None req-2c621a97-5428-414d-94c7-ecc4c1d0a41a 58f252c0da794e10a5e6ccc9a7f6f67f cdd1c522664d48559266d37991149933 - - default default] http://[LB_IP_ADDRESS]:8776/v3/cdd1c522664d48559266d37991149933/groups/93b02a27-44ee-4598-a32c-b52a490d0251 returned with HTTP 200
2024-09-09 09:54:22.617 21 INFO cinder.api.openstack.wsgi [None req-86259f32-0e65-4bf8-973f-a0f181848fb1 95a72ec2dce7459f987705a0c3116b0a 3d9cae71f48d4bad9066c3e3b80c0d94 - - default default] GET http://[LB_IP_ADDRESS]:8776/v3/3d9cae71f48d4bad9066c3e3b80c0d94/volumes/d14dc65d-c140-4ab6-b332-496cceacd527
2024-09-09 09:54:22.630 19 INFO cinder.api.openstack.wsgi [None req-0ccee420-d577-4d8a-95e8-179cc63a9d81 58f252c0da794e10a5e6ccc9a7f6f67f cdd1c522664d48559266d37991149933 - - default default] POST http://[LB_IP_ADDRESS]:8776/v3/cdd1c522664d48559266d37991149933/volumes
2024-09-09 09:54:22.643 21 INFO cinder.volume.api [None req-86259f32-0e65-4bf8-973f-a0f181848fb1 95a72ec2dce7459f987705a0c3116b0a 3d9cae71f48d4bad9066c3e3b80c0d94 - - default default] Volume info retrieved successfully.
2024-09-09 09:54:22.665 19 INFO cinder.api.v3.volumes [None req-0ccee420-d577-4d8a-95e8-179cc63a9d81 58f252c0da794e10a5e6ccc9a7f6f67f cdd1c522664d48559266d37991149933 - - default default] Create volume of 1 GB
2024-09-09 09:54:22.671 21 INFO cinder.api.openstack.wsgi [None req-86259f32-0e65-4bf8-973f-a0f181848fb1 95a72ec2dce7459f987705a0c3116b0a 3d9cae71f48d4bad9066c3e3b80c0d94 - - default default] http://[LB_IP_ADDRESS]:8776/v3/3d9cae71f48d4bad9066c3e3b80c0d94/volumes/d14dc65d-c140-4ab6-b332-496cceacd527 returned with HTTP 200
2024-09-09 09:54:22.678 19 INFO cinder.volume.api [None req-0ccee420-d577-4d8a-95e8-179cc63a9d81 58f252c0da794e10a5e6ccc9a7f6f67f cdd1c522664d48559266d37991149933 - - default default] Availability Zones retrieved successfully.
2024-09-09 09:54:22.759 19 WARNING cinder.quota [None req-0ccee420-d577-4d8a-95e8-179cc63a9d81 58f252c0da794e10a5e6ccc9a7f6f67f cdd1c522664d48559266d37991149933 - - default default] Deprecated: Default quota for resource: volumes_tempest-GroupsTest-volume-type-140299567 is set by the default quota flag: quota_volumes_tempest-GroupsTest-volume-type-140299567, it is now deprecated. Please use the default quota class for default quota.
2024-09-09 09:54:22.759 19 WARNING cinder.quota [None req-0ccee420-d577-4d8a-95e8-179cc63a9d81 58f252c0da794e10a5e6ccc9a7f6f67f cdd1c522664d48559266d37991149933 - - default default] Deprecated: Default quota for resource: gigabytes_tempest-GroupsTest-volume-type-140299567 is set by the default quota flag: quota_gigabytes_tempest-GroupsTest-volume-type-140299567, it is now deprecated. Please use the default quota class for default quota.
2024-09-09 09:54:22.868 19 INFO cinder.volume.api [None req-0ccee420-d577-4d8a-95e8-179cc63a9d81 58f252c0da794e10a5e6ccc9a7f6f67f cdd1c522664d48559266d37991149933 - - default default] Create volume request issued successfully.
2024-09-09 09:54:22.886 19 INFO cinder.api.openstack.wsgi [None req-0ccee420-d577-4d8a-95e8-179cc63a9d81 58f252c0da794e10a5e6ccc9a7f6f67f cdd1c522664d48559266d37991149933 - - default default] http://[LB_IP_ADDRESS]:8776/v3/cdd1c522664d48559266d37991149933/volumes returned with HTTP 202
2024-09-09 09:54:22.916 22 INFO cinder.api.openstack.wsgi [None req-be9f5dee-10cd-42ac-89fb-80d5fba3b59e 58f252c0da794e10a5e6ccc9a7f6f67f cdd1c522664d48559266d37991149933 - - default default] GET http://[LB_IP_ADDRESS]:8776/v3/cdd1c522664d48559266d37991149933/volumes/4bc6184e-2164-4d36-9b34-7f64d51df8d8
2024-09-09 09:54:22.942 22 INFO cinder.volume.api [None req-be9f5dee-10cd-42ac-89fb-80d5fba3b59e 58f252c0da794e10a5e6ccc9a7f6f67f cdd1c522664d48559266d37991149933 - - default default] Volume info retrieved successfully.
2024-09-09 09:54:22.971 22 INFO cinder.api.openstack.wsgi [None req-be9f5dee-10cd-42ac-89fb-80d5fba3b59e 58f252c0da794e10a5e6ccc9a7f6f67f cdd1c522664d48559266d37991149933 - - default default] http://[LB_IP_ADDRESS]:8776/v3/cdd1c522664d48559266d37991149933/volumes/4bc6184e-2164-4d36-9b34-7f64d51df8d8 returned with HTTP 200
