2026-03-25 15:34:59.522 76 INFO cinder.api.openstack.wsgi [req-8b4a07ed-6d22-4ce8-87f8-a1174418d0cb req-d4b7d32f-930d-408b-a6b0-bd345e059f4f 320faf7ec055467daa675a2bd0695196 f83c574c05b746508cf544c46138f065 - - default default] DELETE http://[LB_IP_ADDRESS]:8776/v3/volumes/tempest-invalid-1361738818
2026-03-25 15:34:59.523 76 INFO cinder.api.v3.volumes [req-8b4a07ed-6d22-4ce8-87f8-a1174418d0cb req-d4b7d32f-930d-408b-a6b0-bd345e059f4f 320faf7ec055467daa675a2bd0695196 f83c574c05b746508cf544c46138f065 - - default default] Delete volume with id: tempest-invalid-1361738818 
2026-03-25 15:34:59.535 76 INFO cinder.api.openstack.wsgi [req-8b4a07ed-6d22-4ce8-87f8-a1174418d0cb req-d4b7d32f-930d-408b-a6b0-bd345e059f4f 320faf7ec055467daa675a2bd0695196 f83c574c05b746508cf544c46138f065 - - default default] http://[LB_IP_ADDRESS]:8776/v3/volumes/tempest-invalid-1361738818 returned with HTTP 404
2026-03-25 15:34:59.592 74 INFO cinder.api.openstack.wsgi [req-ba1a7afa-00aa-4824-bbb5-60fa8b07d5f9 req-e8b9809a-9170-4895-954e-e38231a237cb 320faf7ec055467daa675a2bd0695196 f83c574c05b746508cf544c46138f065 - - default default] DELETE http://[LB_IP_ADDRESS]:8776/v3/volumes/d9598034-66cb-4b16-a7b6-6964eb80d121
2026-03-25 15:34:59.593 74 INFO cinder.api.v3.volumes [req-ba1a7afa-00aa-4824-bbb5-60fa8b07d5f9 req-e8b9809a-9170-4895-954e-e38231a237cb 320faf7ec055467daa675a2bd0695196 f83c574c05b746508cf544c46138f065 - - default default] Delete volume with id: d9598034-66cb-4b16-a7b6-6964eb80d121 
2026-03-25 15:34:59.604 74 INFO cinder.api.openstack.wsgi [req-ba1a7afa-00aa-4824-bbb5-60fa8b07d5f9 req-e8b9809a-9170-4895-954e-e38231a237cb 320faf7ec055467daa675a2bd0695196 f83c574c05b746508cf544c46138f065 - - default default] http://[LB_IP_ADDRESS]:8776/v3/volumes/d9598034-66cb-4b16-a7b6-6964eb80d121 returned with HTTP 404
2026-03-25 15:34:59.638 75 INFO cinder.api.openstack.wsgi [req-9fef3e61-c375-4e23-bd9a-d1ab205534d7 req-f009d00a-306b-4813-9f3f-f08c170661b4 320faf7ec055467daa675a2bd0695196 f83c574c05b746508cf544c46138f065 - - default default] GET http://[LB_IP_ADDRESS]:8776/v3/volumes/12241e19-c5a8-44da-b3c8-052b1a492b99
2026-03-25 15:34:59.651 75 INFO cinder.api.openstack.wsgi [req-9fef3e61-c375-4e23-bd9a-d1ab205534d7 req-f009d00a-306b-4813-9f3f-f08c170661b4 320faf7ec055467daa675a2bd0695196 f83c574c05b746508cf544c46138f065 - - default default] http://[LB_IP_ADDRESS]:8776/v3/volumes/12241e19-c5a8-44da-b3c8-052b1a492b99 returned with HTTP 404
2026-03-25 15:34:59.872 73 INFO cinder.api.openstack.wsgi [None req-12db11c8-5163-4ed6-9eab-72b69c9da33b 880710a051d64bb48af155134a56667a 9aa6264597b84a36a7256037445454c4 - - default default] GET http://[LB_IP_ADDRESS]:8776/v3/9aa6264597b84a36a7256037445454c4/volumes/b83bb363-f100-499f-b3c4-8d4b375c4fe2
2026-03-25 15:34:59.885 73 INFO cinder.api.openstack.wsgi [None req-12db11c8-5163-4ed6-9eab-72b69c9da33b 880710a051d64bb48af155134a56667a 9aa6264597b84a36a7256037445454c4 - - default default] http://[LB_IP_ADDRESS]:8776/v3/9aa6264597b84a36a7256037445454c4/volumes/b83bb363-f100-499f-b3c4-8d4b375c4fe2 returned with HTTP 404
2026-03-25 15:34:59.896 72 INFO cinder.api.openstack.wsgi [None req-08dea5d2-f738-47f4-a9fc-49d824628b68 880710a051d64bb48af155134a56667a 9aa6264597b84a36a7256037445454c4 - - default default] DELETE http://[LB_IP_ADDRESS]:8776/v3/9aa6264597b84a36a7256037445454c4/volumes/f90546cc-5435-409b-8b94-4c47686387e6
2026-03-25 15:34:59.897 72 INFO cinder.api.v3.volumes [None req-08dea5d2-f738-47f4-a9fc-49d824628b68 880710a051d64bb48af155134a56667a 9aa6264597b84a36a7256037445454c4 - - default default] Delete volume with id: f90546cc-5435-409b-8b94-4c47686387e6 
2026-03-25 15:34:59.912 72 INFO cinder.volume.api [None req-08dea5d2-f738-47f4-a9fc-49d824628b68 880710a051d64bb48af155134a56667a 9aa6264597b84a36a7256037445454c4 - - default default] Volume info retrieved successfully.
2026-03-25 15:34:59.940 72 INFO cinder.volume.api [None req-08dea5d2-f738-47f4-a9fc-49d824628b68 880710a051d64bb48af155134a56667a 9aa6264597b84a36a7256037445454c4 - - default default] Delete volume request issued successfully.
2026-03-25 15:34:59.941 72 INFO cinder.api.openstack.wsgi [None req-08dea5d2-f738-47f4-a9fc-49d824628b68 880710a051d64bb48af155134a56667a 9aa6264597b84a36a7256037445454c4 - - default default] http://[LB_IP_ADDRESS]:8776/v3/9aa6264597b84a36a7256037445454c4/volumes/f90546cc-5435-409b-8b94-4c47686387e6 returned with HTTP 202
2026-03-25 15:34:59.952 76 INFO cinder.api.openstack.wsgi [None req-54752e45-0537-4603-8ecc-6af781bf6eff 880710a051d64bb48af155134a56667a 9aa6264597b84a36a7256037445454c4 - - default default] GET http://[LB_IP_ADDRESS]:8776/v3/9aa6264597b84a36a7256037445454c4/volumes/f90546cc-5435-409b-8b94-4c47686387e6
2026-03-25 15:34:59.974 76 INFO cinder.volume.api [None req-54752e45-0537-4603-8ecc-6af781bf6eff 880710a051d64bb48af155134a56667a 9aa6264597b84a36a7256037445454c4 - - default default] Volume info retrieved successfully.
2026-03-25 15:34:59.983 76 INFO cinder.api.openstack.wsgi [None req-54752e45-0537-4603-8ecc-6af781bf6eff 880710a051d64bb48af155134a56667a 9aa6264597b84a36a7256037445454c4 - - default default] http://[LB_IP_ADDRESS]:8776/v3/9aa6264597b84a36a7256037445454c4/volumes/f90546cc-5435-409b-8b94-4c47686387e6 returned with HTTP 200
2026-03-25 15:35:00.241 74 INFO cinder.api.openstack.wsgi [req-698e99b5-1979-4024-95b5-b74bd65916e1 req-359c24b1-9dba-4311-b896-1624efde549f 4102b38da363499782442029386b64d5 4a9f1280acb24d53a32e0cdc00865c79 - - default default] GET http://[LB_IP_ADDRESS]:8776/v3/volumes/18d52ca4-fa9c-4241-83ce-7c2800712c39
2026-03-25 15:35:00.252 74 INFO cinder.api.openstack.wsgi [req-698e99b5-1979-4024-95b5-b74bd65916e1 req-359c24b1-9dba-4311-b896-1624efde549f 4102b38da363499782442029386b64d5 4a9f1280acb24d53a32e0cdc00865c79 - - default default] http://[LB_IP_ADDRESS]:8776/v3/volumes/18d52ca4-fa9c-4241-83ce-7c2800712c39 returned with HTTP 404
2026-03-25 15:35:00.295 75 INFO cinder.api.openstack.wsgi [req-2879c918-763e-43e0-85f4-21ac25a4810d req-d44cad81-4d32-4d7c-98d7-cad84901a5a8 4102b38da363499782442029386b64d5 4a9f1280acb24d53a32e0cdc00865c79 - - default default] DELETE http://[LB_IP_ADDRESS]:8776/v3/volumes/18d52ca4-fa9c-4241-83ce-7c2800712c39
2026-03-25 15:35:00.296 75 INFO cinder.api.v3.volumes [req-2879c918-763e-43e0-85f4-21ac25a4810d req-d44cad81-4d32-4d7c-98d7-cad84901a5a8 4102b38da363499782442029386b64d5 4a9f1280acb24d53a32e0cdc00865c79 - - default default] Delete volume with id: 18d52ca4-fa9c-4241-83ce-7c2800712c39 
2026-03-25 15:35:00.308 75 INFO cinder.api.openstack.wsgi [req-2879c918-763e-43e0-85f4-21ac25a4810d req-d44cad81-4d32-4d7c-98d7-cad84901a5a8 4102b38da363499782442029386b64d5 4a9f1280acb24d53a32e0cdc00865c79 - - default default] http://[LB_IP_ADDRESS]:8776/v3/volumes/18d52ca4-fa9c-4241-83ce-7c2800712c39 returned with HTTP 404
2026-03-25 15:35:00.339 73 INFO cinder.api.openstack.wsgi [req-493812f1-ac11-473c-b6c5-46f100be21b6 req-2a9fe847-2bcd-40e3-97b9-dc0503be6987 4102b38da363499782442029386b64d5 4a9f1280acb24d53a32e0cdc00865c79 - - default default] GET http://[LB_IP_ADDRESS]:8776/v3/volumes/18d52ca4-fa9c-4241-83ce-7c2800712c39
2026-03-25 15:35:00.351 73 INFO cinder.api.openstack.wsgi [req-493812f1-ac11-473c-b6c5-46f100be21b6 req-2a9fe847-2bcd-40e3-97b9-dc0503be6987 4102b38da363499782442029386b64d5 4a9f1280acb24d53a32e0cdc00865c79 - - default default] http://[LB_IP_ADDRESS]:8776/v3/volumes/18d52ca4-fa9c-4241-83ce-7c2800712c39 returned with HTTP 404
2026-03-25 15:35:01.005 72 INFO cinder.api.openstack.wsgi [None req-1231b902-3077-4049-8148-5b86a01877bc 880710a051d64bb48af155134a56667a 9aa6264597b84a36a7256037445454c4 - - default default] GET http://[LB_IP_ADDRESS]:8776/v3/9aa6264597b84a36a7256037445454c4/volumes/f90546cc-5435-409b-8b94-4c47686387e6
2026-03-25 15:35:01.017 72 INFO cinder.api.openstack.wsgi [None req-1231b902-3077-4049-8148-5b86a01877bc 880710a051d64bb48af155134a56667a 9aa6264597b84a36a7256037445454c4 - - default default] http://[LB_IP_ADDRESS]:8776/v3/9aa6264597b84a36a7256037445454c4/volumes/f90546cc-5435-409b-8b94-4c47686387e6 returned with HTTP 404
2026-03-25 15:35:01.028 76 INFO cinder.api.openstack.wsgi [None req-bb8f3052-3b5d-4d7b-97c8-22e6ba13d690 880710a051d64bb48af155134a56667a 9aa6264597b84a36a7256037445454c4 - - default default] DELETE http://[LB_IP_ADDRESS]:8776/v3/9aa6264597b84a36a7256037445454c4/volumes/cfaa0369-b55f-43bf-9507-af6ed60bf087
2026-03-25 15:35:01.029 76 INFO cinder.api.v3.volumes [None req-bb8f3052-3b5d-4d7b-97c8-22e6ba13d690 880710a051d64bb48af155134a56667a 9aa6264597b84a36a7256037445454c4 - - default default] Delete volume with id: cfaa0369-b55f-43bf-9507-af6ed60bf087 
2026-03-25 15:35:01.044 76 INFO cinder.volume.api [None req-bb8f3052-3b5d-4d7b-97c8-22e6ba13d690 880710a051d64bb48af155134a56667a 9aa6264597b84a36a7256037445454c4 - - default default] Volume info retrieved successfully.
2026-03-25 15:35:01.074 76 INFO cinder.volume.api [None req-bb8f3052-3b5d-4d7b-97c8-22e6ba13d690 880710a051d64bb48af155134a56667a 9aa6264597b84a36a7256037445454c4 - - default default] Delete volume request issued successfully.
2026-03-25 15:35:01.074 76 INFO cinder.api.openstack.wsgi [None req-bb8f3052-3b5d-4d7b-97c8-22e6ba13d690 880710a051d64bb48af155134a56667a 9aa6264597b84a36a7256037445454c4 - - default default] http://[LB_IP_ADDRESS]:8776/v3/9aa6264597b84a36a7256037445454c4/volumes/cfaa0369-b55f-43bf-9507-af6ed60bf087 returned with HTTP 202
2026-03-25 15:35:01.086 74 INFO cinder.api.openstack.wsgi [None req-15620a58-9c2b-4c17-bbf1-478fa57a2b31 880710a051d64bb48af155134a56667a 9aa6264597b84a36a7256037445454c4 - - default default] GET http://[LB_IP_ADDRESS]:8776/v3/9aa6264597b84a36a7256037445454c4/volumes/cfaa0369-b55f-43bf-9507-af6ed60bf087
2026-03-25 15:35:01.106 74 INFO cinder.volume.api [None req-15620a58-9c2b-4c17-bbf1-478fa57a2b31 880710a051d64bb48af155134a56667a 9aa6264597b84a36a7256037445454c4 - - default default] Volume info retrieved successfully.
2026-03-25 15:35:01.115 74 INFO cinder.api.openstack.wsgi [None req-15620a58-9c2b-4c17-bbf1-478fa57a2b31 880710a051d64bb48af155134a56667a 9aa6264597b84a36a7256037445454c4 - - default default] http://[LB_IP_ADDRESS]:8776/v3/9aa6264597b84a36a7256037445454c4/volumes/cfaa0369-b55f-43bf-9507-af6ed60bf087 returned with HTTP 200
2026-03-25 15:35:01.346 75 INFO cinder.api.openstack.wsgi [None req-34fcb5b7-f05a-4a2a-a437-6e264cd84280 - - - - - -] GET http://[LB_IP_ADDRESS]:8776/
2026-03-25 15:35:01.347 75 INFO cinder.api.openstack.wsgi [None req-34fcb5b7-f05a-4a2a-a437-6e264cd84280 - - - - - -] http://[LB_IP_ADDRESS]:8776/ returned with HTTP 300
2026-03-25 15:35:02.137 73 INFO cinder.api.openstack.wsgi [None req-c2620b50-7a06-41dc-9cf4-dbb26d6cd5aa 880710a051d64bb48af155134a56667a 9aa6264597b84a36a7256037445454c4 - - default default] GET http://[LB_IP_ADDRESS]:8776/v3/9aa6264597b84a36a7256037445454c4/volumes/cfaa0369-b55f-43bf-9507-af6ed60bf087
2026-03-25 15:35:02.148 73 INFO cinder.api.openstack.wsgi [None req-c2620b50-7a06-41dc-9cf4-dbb26d6cd5aa 880710a051d64bb48af155134a56667a 9aa6264597b84a36a7256037445454c4 - - default default] http://[LB_IP_ADDRESS]:8776/v3/9aa6264597b84a36a7256037445454c4/volumes/cfaa0369-b55f-43bf-9507-af6ed60bf087 returned with HTTP 404
2026-03-25 15:35:04.085 72 INFO cinder.api.openstack.wsgi [None req-9759d581-9103-4156-b6b1-5743d33ebb72 8987a51965fe462d96653de169483470 83d2f90878204fe7a62a5239887d8fe9 - - default default] GET http://[LB_IP_ADDRESS]:8776/v3/83d2f90878204fe7a62a5239887d8fe9/scheduler-stats/get_pools
2026-03-25 15:35:04.594 72 INFO cinder.api.openstack.wsgi [None req-9759d581-9103-4156-b6b1-5743d33ebb72 8987a51965fe462d96653de169483470 83d2f90878204fe7a62a5239887d8fe9 - - default default] http://[LB_IP_ADDRESS]:8776/v3/83d2f90878204fe7a62a5239887d8fe9/scheduler-stats/get_pools returned with HTTP 200
2026-03-25 15:35:04.610 74 INFO cinder.api.openstack.wsgi [None req-634de8a5-cb82-4c48-94c2-d4682e0467a3 8987a51965fe462d96653de169483470 83d2f90878204fe7a62a5239887d8fe9 - - default default] GET http://[LB_IP_ADDRESS]:8776/v3/83d2f90878204fe7a62a5239887d8fe9/scheduler-stats/get_pools?detail=True
2026-03-25 15:35:04.644 76 INFO cinder.api.openstack.wsgi [None req-6a4c0f1f-dd8d-475d-85a4-31ffd1d05850 2eb8ee704a22439f8644c8d64cf56136 ad75fe3949074c5ba49d3f2b4b15dbc5 - - default default] POST http://[LB_IP_ADDRESS]:8776/v3/ad75fe3949074c5ba49d3f2b4b15dbc5/group_types
2026-03-25 15:35:04.668 76 INFO cinder.api.openstack.wsgi [None req-6a4c0f1f-dd8d-475d-85a4-31ffd1d05850 2eb8ee704a22439f8644c8d64cf56136 ad75fe3949074c5ba49d3f2b4b15dbc5 - - default default] http://[LB_IP_ADDRESS]:8776/v3/ad75fe3949074c5ba49d3f2b4b15dbc5/group_types returned with HTTP 202
2026-03-25 15:35:04.683 75 INFO cinder.api.openstack.wsgi [None req-3a702a22-3435-45b7-acae-bfa81ee55a7a 2eb8ee704a22439f8644c8d64cf56136 ad75fe3949074c5ba49d3f2b4b15dbc5 - - default default] GET http://[LB_IP_ADDRESS]:8776/v3/ad75fe3949074c5ba49d3f2b4b15dbc5/group_types
2026-03-25 15:35:04.695 75 INFO cinder.api.openstack.wsgi [None req-3a702a22-3435-45b7-acae-bfa81ee55a7a 2eb8ee704a22439f8644c8d64cf56136 ad75fe3949074c5ba49d3f2b4b15dbc5 - - default default] http://[LB_IP_ADDRESS]:8776/v3/ad75fe3949074c5ba49d3f2b4b15dbc5/group_types returned with HTTP 200
2026-03-25 15:35:04.710 73 INFO cinder.api.openstack.wsgi [None req-34ee3bcc-6222-4641-ba99-a4fd191291f0 2eb8ee704a22439f8644c8d64cf56136 ad75fe3949074c5ba49d3f2b4b15dbc5 - - default default] PUT http://[LB_IP_ADDRESS]:8776/v3/ad75fe3949074c5ba49d3f2b4b15dbc5/group_types/187c4d00-a080-4c32-aa67-0241324455d2
2026-03-25 15:35:04.730 73 INFO cinder.api.openstack.wsgi [None req-34ee3bcc-6222-4641-ba99-a4fd191291f0 2eb8ee704a22439f8644c8d64cf56136 ad75fe3949074c5ba49d3f2b4b15dbc5 - - default default] http://[LB_IP_ADDRESS]:8776/v3/ad75fe3949074c5ba49d3f2b4b15dbc5/group_types/187c4d00-a080-4c32-aa67-0241324455d2 returned with HTTP 200
2026-03-25 15:35:04.745 72 INFO cinder.api.openstack.wsgi [None req-fb912330-3808-43f2-935f-c6f14396a29e 2eb8ee704a22439f8644c8d64cf56136 ad75fe3949074c5ba49d3f2b4b15dbc5 - - default default] GET http://[LB_IP_ADDRESS]:8776/v3/ad75fe3949074c5ba49d3f2b4b15dbc5/group_types/187c4d00-a080-4c32-aa67-0241324455d2
2026-03-25 15:35:04.753 72 INFO cinder.api.openstack.wsgi [None req-fb912330-3808-43f2-935f-c6f14396a29e 2eb8ee704a22439f8644c8d64cf56136 ad75fe3949074c5ba49d3f2b4b15dbc5 - - default default] http://[LB_IP_ADDRESS]:8776/v3/ad75fe3949074c5ba49d3f2b4b15dbc5/group_types/187c4d00-a080-4c32-aa67-0241324455d2 returned with HTTP 200
2026-03-25 15:35:04.770 76 INFO cinder.api.openstack.wsgi [None req-53ca5653-37c6-4541-b739-7e2b670c4a51 2eb8ee704a22439f8644c8d64cf56136 ad75fe3949074c5ba49d3f2b4b15dbc5 - - default default] DELETE http://[LB_IP_ADDRESS]:8776/v3/ad75fe3949074c5ba49d3f2b4b15dbc5/group_types/187c4d00-a080-4c32-aa67-0241324455d2
2026-03-25 15:35:04.790 76 INFO cinder.api.openstack.wsgi [None req-53ca5653-37c6-4541-b739-7e2b670c4a51 2eb8ee704a22439f8644c8d64cf56136 ad75fe3949074c5ba49d3f2b4b15dbc5 - - default default] http://[LB_IP_ADDRESS]:8776/v3/ad75fe3949074c5ba49d3f2b4b15dbc5/group_types/187c4d00-a080-4c32-aa67-0241324455d2 returned with HTTP 202
2026-03-25 15:35:04.802 75 INFO cinder.api.openstack.wsgi [None req-4da868ed-fcaa-448c-8999-b62b0b970c83 2eb8ee704a22439f8644c8d64cf56136 ad75fe3949074c5ba49d3f2b4b15dbc5 - - default default] GET http://[LB_IP_ADDRESS]:8776/v3/ad75fe3949074c5ba49d3f2b4b15dbc5/group_types
2026-03-25 15:35:04.812 75 INFO cinder.api.openstack.wsgi [None req-4da868ed-fcaa-448c-8999-b62b0b970c83 2eb8ee704a22439f8644c8d64cf56136 ad75fe3949074c5ba49d3f2b4b15dbc5 - - default default] http://[LB_IP_ADDRESS]:8776/v3/ad75fe3949074c5ba49d3f2b4b15dbc5/group_types returned with HTTP 200
2026-03-25 15:35:04.829 73 INFO cinder.api.openstack.wsgi [None req-ba1ce11a-ff44-4121-ad57-55dfde5ba1a4 2eb8ee704a22439f8644c8d64cf56136 ad75fe3949074c5ba49d3f2b4b15dbc5 - - default default] POST http://[LB_IP_ADDRESS]:8776/v3/ad75fe3949074c5ba49d3f2b4b15dbc5/group_types
2026-03-25 15:35:04.849 73 INFO cinder.api.openstack.wsgi [None req-ba1ce11a-ff44-4121-ad57-55dfde5ba1a4 2eb8ee704a22439f8644c8d64cf56136 ad75fe3949074c5ba49d3f2b4b15dbc5 - - default default] http://[LB_IP_ADDRESS]:8776/v3/ad75fe3949074c5ba49d3f2b4b15dbc5/group_types returned with HTTP 202
2026-03-25 15:35:04.862 72 INFO cinder.api.openstack.wsgi [None req-1b349fcc-065f-483e-af8d-4dc40a810b38 2eb8ee704a22439f8644c8d64cf56136 ad75fe3949074c5ba49d3f2b4b15dbc5 - - default default] POST http://[LB_IP_ADDRESS]:8776/v3/ad75fe3949074c5ba49d3f2b4b15dbc5/group_types
2026-03-25 15:35:04.885 72 INFO cinder.api.openstack.wsgi [None req-1b349fcc-065f-483e-af8d-4dc40a810b38 2eb8ee704a22439f8644c8d64cf56136 ad75fe3949074c5ba49d3f2b4b15dbc5 - - default default] http://[LB_IP_ADDRESS]:8776/v3/ad75fe3949074c5ba49d3f2b4b15dbc5/group_types returned with HTTP 202
2026-03-25 15:35:04.900 76 INFO cinder.api.openstack.wsgi [None req-9dc6ac08-c7f5-43f6-a798-33daebd6ebc1 2eb8ee704a22439f8644c8d64cf56136 ad75fe3949074c5ba49d3f2b4b15dbc5 - - default default] GET http://[LB_IP_ADDRESS]:8776/v3/ad75fe3949074c5ba49d3f2b4b15dbc5/group_types?sort=name%3Aasc&is_public=None
2026-03-25 15:35:04.910 76 INFO cinder.api.openstack.wsgi [None req-9dc6ac08-c7f5-43f6-a798-33daebd6ebc1 2eb8ee704a22439f8644c8d64cf56136 ad75fe3949074c5ba49d3f2b4b15dbc5 - - default default] http://[LB_IP_ADDRESS]:8776/v3/ad75fe3949074c5ba49d3f2b4b15dbc5/group_types?sort=name%3Aasc&is_public=None returned with HTTP 200
2026-03-25 15:35:04.925 75 INFO cinder.api.openstack.wsgi [None req-85e9ca6d-3413-41eb-b756-aa563dbd1b7c 2eb8ee704a22439f8644c8d64cf56136 ad75fe3949074c5ba49d3f2b4b15dbc5 - - default default] GET http://[LB_IP_ADDRESS]:8776/v3/ad75fe3949074c5ba49d3f2b4b15dbc5/group_types?sort=name%3Adesc&is_public=None
2026-03-25 15:35:04.936 75 INFO cinder.api.openstack.wsgi [None req-85e9ca6d-3413-41eb-b756-aa563dbd1b7c 2eb8ee704a22439f8644c8d64cf56136 ad75fe3949074c5ba49d3f2b4b15dbc5 - - default default] http://[LB_IP_ADDRESS]:8776/v3/ad75fe3949074c5ba49d3f2b4b15dbc5/group_types?sort=name%3Adesc&is_public=None returned with HTTP 200
2026-03-25 15:35:04.950 73 INFO cinder.api.openstack.wsgi [None req-2ff4721b-3369-406c-b282-e18390cc5cd5 2eb8ee704a22439f8644c8d64cf56136 ad75fe3949074c5ba49d3f2b4b15dbc5 - - default default] GET http://[LB_IP_ADDRESS]:8776/v3/ad75fe3949074c5ba49d3f2b4b15dbc5/group_types?is_public=False
2026-03-25 15:35:04.969 73 INFO cinder.api.openstack.wsgi [None req-2ff4721b-3369-406c-b282-e18390cc5cd5 2eb8ee704a22439f8644c8d64cf56136 ad75fe3949074c5ba49d3f2b4b15dbc5 - - default default] http://[LB_IP_ADDRESS]:8776/v3/ad75fe3949074c5ba49d3f2b4b15dbc5/group_types?is_public=False returned with HTTP 200
2026-03-25 15:35:04.983 72 INFO cinder.api.openstack.wsgi [None req-1192ed9c-8736-4a0d-8efd-720bcd861339 2eb8ee704a22439f8644c8d64cf56136 ad75fe3949074c5ba49d3f2b4b15dbc5 - - default default] GET http://[LB_IP_ADDRESS]:8776/v3/ad75fe3949074c5ba49d3f2b4b15dbc5/group_types?is_public=True
2026-03-25 15:35:04.995 72 INFO cinder.api.openstack.wsgi [None req-1192ed9c-8736-4a0d-8efd-720bcd861339 2eb8ee704a22439f8644c8d64cf56136 ad75fe3949074c5ba49d3f2b4b15dbc5 - - default default] http://[LB_IP_ADDRESS]:8776/v3/ad75fe3949074c5ba49d3f2b4b15dbc5/group_types?is_public=True returned with HTTP 200
2026-03-25 15:35:05.009 76 INFO cinder.api.openstack.wsgi [None req-ccbb8801-4d44-4d1a-8c67-6bf833b86b86 2eb8ee704a22439f8644c8d64cf56136 ad75fe3949074c5ba49d3f2b4b15dbc5 - - default default] DELETE http://[LB_IP_ADDRESS]:8776/v3/ad75fe3949074c5ba49d3f2b4b15dbc5/group_types/c4eda4ce-f79b-4c29-8428-3c341c5a680f
2026-03-25 15:35:05.029 76 INFO cinder.api.openstack.wsgi [None req-ccbb8801-4d44-4d1a-8c67-6bf833b86b86 2eb8ee704a22439f8644c8d64cf56136 ad75fe3949074c5ba49d3f2b4b15dbc5 - - default default] http://[LB_IP_ADDRESS]:8776/v3/ad75fe3949074c5ba49d3f2b4b15dbc5/group_types/c4eda4ce-f79b-4c29-8428-3c341c5a680f returned with HTTP 202
2026-03-25 15:35:05.041 75 INFO cinder.api.openstack.wsgi [None req-211ee69d-4c45-46be-8c98-e1b20449fbc2 2eb8ee704a22439f8644c8d64cf56136 ad75fe3949074c5ba49d3f2b4b15dbc5 - - default default] DELETE http://[LB_IP_ADDRESS]:8776/v3/ad75fe3949074c5ba49d3f2b4b15dbc5/group_types/dbd89bb0-e1b2-43e6-b56a-8c10d35c3181
2026-03-25 15:35:05.061 75 INFO cinder.api.openstack.wsgi [None req-211ee69d-4c45-46be-8c98-e1b20449fbc2 2eb8ee704a22439f8644c8d64cf56136 ad75fe3949074c5ba49d3f2b4b15dbc5 - - default default] http://[LB_IP_ADDRESS]:8776/v3/ad75fe3949074c5ba49d3f2b4b15dbc5/group_types/dbd89bb0-e1b2-43e6-b56a-8c10d35c3181 returned with HTTP 202
2026-03-25 15:35:05.120 74 INFO cinder.api.openstack.wsgi [None req-634de8a5-cb82-4c48-94c2-d4682e0467a3 8987a51965fe462d96653de169483470 83d2f90878204fe7a62a5239887d8fe9 - - default default] http://[LB_IP_ADDRESS]:8776/v3/83d2f90878204fe7a62a5239887d8fe9/scheduler-stats/get_pools?detail=True returned with HTTP 200
2026-03-25 15:35:05.138 73 INFO cinder.api.openstack.wsgi [None req-5def09cb-ca60-43b3-8413-8ce7bb756dfa 8987a51965fe462d96653de169483470 83d2f90878204fe7a62a5239887d8fe9 - - default default] GET http://[LB_IP_ADDRESS]:8776/v3/83d2f90878204fe7a62a5239887d8fe9/capabilities/rack11-server76@LIGHTOSefxxli
2026-03-25 15:35:05.653 73 INFO cinder.api.openstack.wsgi [None req-5def09cb-ca60-43b3-8413-8ce7bb756dfa 8987a51965fe462d96653de169483470 83d2f90878204fe7a62a5239887d8fe9 - - default default] http://[LB_IP_ADDRESS]:8776/v3/83d2f90878204fe7a62a5239887d8fe9/capabilities/rack11-server76@LIGHTOSefxxli returned with HTTP 200
2026-03-25 15:35:05.673 72 INFO cinder.api.openstack.wsgi [None req-bf8716f1-75c7-496f-b7fd-a06b058292cf 8987a51965fe462d96653de169483470 83d2f90878204fe7a62a5239887d8fe9 - - default default] GET http://[LB_IP_ADDRESS]:8776/v3/83d2f90878204fe7a62a5239887d8fe9/capabilities/rack11-server76@LIGHTOSefxxli
2026-03-25 15:35:06.188 72 INFO cinder.api.openstack.wsgi [None req-bf8716f1-75c7-496f-b7fd-a06b058292cf 8987a51965fe462d96653de169483470 83d2f90878204fe7a62a5239887d8fe9 - - default default] http://[LB_IP_ADDRESS]:8776/v3/83d2f90878204fe7a62a5239887d8fe9/capabilities/rack11-server76@LIGHTOSefxxli returned with HTTP 200
2026-03-25 15:35:06.608 76 INFO cinder.api.openstack.wsgi [None req-aa791e81-34e1-4a3c-81f7-b947b2b6939b ad59d9dbd0a64c2980cd35d24fdbd1b0 3eea7894c800414db94a7e9c59596c41 - - default default] POST http://[LB_IP_ADDRESS]:8776/v3/3eea7894c800414db94a7e9c59596c41/types
2026-03-25 15:35:06.630 76 INFO cinder.api.openstack.wsgi [None req-aa791e81-34e1-4a3c-81f7-b947b2b6939b ad59d9dbd0a64c2980cd35d24fdbd1b0 3eea7894c800414db94a7e9c59596c41 - - default default] http://[LB_IP_ADDRESS]:8776/v3/3eea7894c800414db94a7e9c59596c41/types returned with HTTP 200
2026-03-25 15:35:06.645 75 INFO cinder.api.openstack.wsgi [None req-98d4aaa7-7691-44d4-b4a5-9952c97cc67e ad59d9dbd0a64c2980cd35d24fdbd1b0 3eea7894c800414db94a7e9c59596c41 - - default default] POST http://[LB_IP_ADDRESS]:8776/v3/3eea7894c800414db94a7e9c59596c41/group_types
2026-03-25 15:35:06.669 75 INFO cinder.api.openstack.wsgi [None req-98d4aaa7-7691-44d4-b4a5-9952c97cc67e ad59d9dbd0a64c2980cd35d24fdbd1b0 3eea7894c800414db94a7e9c59596c41 - - default default] http://[LB_IP_ADDRESS]:8776/v3/3eea7894c800414db94a7e9c59596c41/group_types returned with HTTP 202
2026-03-25 15:35:06.827 74 INFO cinder.api.openstack.wsgi [None req-b04a5512-07ba-4fa5-94f2-6e909cb48d76 dd47b21ae6b344ed9e5a295c96bca772 1380dbdbfb94495e8367d252745461a4 - - default default] POST http://[LB_IP_ADDRESS]:8776/v3/1380dbdbfb94495e8367d252745461a4/groups
2026-03-25 15:35:06.838 74 INFO cinder.api.v3.groups [None req-b04a5512-07ba-4fa5-94f2-6e909cb48d76 dd47b21ae6b344ed9e5a295c96bca772 1380dbdbfb94495e8367d252745461a4 - - default default] Creating group tempest-GroupSnapshotsTest-Group-100257822.
2026-03-25 15:35:06.849 74 INFO cinder.volume.api [None req-b04a5512-07ba-4fa5-94f2-6e909cb48d76 dd47b21ae6b344ed9e5a295c96bca772 1380dbdbfb94495e8367d252745461a4 - - default default] Availability Zones retrieved successfully.
2026-03-25 15:35:06.909 74 INFO cinder.api.openstack.wsgi [None req-b04a5512-07ba-4fa5-94f2-6e909cb48d76 dd47b21ae6b344ed9e5a295c96bca772 1380dbdbfb94495e8367d252745461a4 - - default default] http://[LB_IP_ADDRESS]:8776/v3/1380dbdbfb94495e8367d252745461a4/groups returned with HTTP 202
2026-03-25 15:35:06.922 73 INFO cinder.api.openstack.wsgi [None req-abcbf5d1-bba0-44d4-9749-c88ab15f2146 dd47b21ae6b344ed9e5a295c96bca772 1380dbdbfb94495e8367d252745461a4 - - default default] GET http://[LB_IP_ADDRESS]:8776/v3/1380dbdbfb94495e8367d252745461a4/groups/ce54ab68-d1b7-4502-8b6d-986673af17dc
2026-03-25 15:35:06.945 73 INFO cinder.api.openstack.wsgi [None req-abcbf5d1-bba0-44d4-9749-c88ab15f2146 dd47b21ae6b344ed9e5a295c96bca772 1380dbdbfb94495e8367d252745461a4 - - default default] http://[LB_IP_ADDRESS]:8776/v3/1380dbdbfb94495e8367d252745461a4/groups/ce54ab68-d1b7-4502-8b6d-986673af17dc returned with HTTP 200
2026-03-25 15:35:07.961 72 INFO cinder.api.openstack.wsgi [None req-dc34088c-b221-4e31-a0dd-55844109254c dd47b21ae6b344ed9e5a295c96bca772 1380dbdbfb94495e8367d252745461a4 - - default default] GET http://[LB_IP_ADDRESS]:8776/v3/1380dbdbfb94495e8367d252745461a4/groups/ce54ab68-d1b7-4502-8b6d-986673af17dc
2026-03-25 15:35:07.979 72 INFO cinder.api.openstack.wsgi [None req-dc34088c-b221-4e31-a0dd-55844109254c dd47b21ae6b344ed9e5a295c96bca772 1380dbdbfb94495e8367d252745461a4 - - default default] http://[LB_IP_ADDRESS]:8776/v3/1380dbdbfb94495e8367d252745461a4/groups/ce54ab68-d1b7-4502-8b6d-986673af17dc returned with HTTP 200
2026-03-25 15:35:07.996 76 INFO cinder.api.openstack.wsgi [None req-a8f85866-0383-4695-b75b-9b003bef883d dd47b21ae6b344ed9e5a295c96bca772 1380dbdbfb94495e8367d252745461a4 - - default default] POST http://[LB_IP_ADDRESS]:8776/v3/1380dbdbfb94495e8367d252745461a4/volumes
2026-03-25 15:35:08.011 76 INFO cinder.api.v3.volumes [None req-a8f85866-0383-4695-b75b-9b003bef883d dd47b21ae6b344ed9e5a295c96bca772 1380dbdbfb94495e8367d252745461a4 - - default default] Create volume of 1 GB
2026-03-25 15:35:08.020 76 INFO cinder.volume.api [None req-a8f85866-0383-4695-b75b-9b003bef883d dd47b21ae6b344ed9e5a295c96bca772 1380dbdbfb94495e8367d252745461a4 - - default default] Availability Zones retrieved successfully.
2026-03-25 15:35:08.091 76 WARNING cinder.quota [None req-a8f85866-0383-4695-b75b-9b003bef883d dd47b21ae6b344ed9e5a295c96bca772 1380dbdbfb94495e8367d252745461a4 - - default default] Deprecated: Default quota for resource: volumes_tempest-GroupSnapshotsTest-volume-type-520992753 is set by the default quota flag: quota_volumes_tempest-GroupSnapshotsTest-volume-type-520992753, it is now deprecated. Please use the default quota class for default quota.
2026-03-25 15:35:08.091 76 WARNING cinder.quota [None req-a8f85866-0383-4695-b75b-9b003bef883d dd47b21ae6b344ed9e5a295c96bca772 1380dbdbfb94495e8367d252745461a4 - - default default] Deprecated: Default quota for resource: gigabytes_tempest-GroupSnapshotsTest-volume-type-520992753 is set by the default quota flag: quota_gigabytes_tempest-GroupSnapshotsTest-volume-type-520992753, it is now deprecated. Please use the default quota class for default quota.
2026-03-25 15:35:08.187 76 INFO cinder.volume.api [None req-a8f85866-0383-4695-b75b-9b003bef883d dd47b21ae6b344ed9e5a295c96bca772 1380dbdbfb94495e8367d252745461a4 - - default default] Create volume request issued successfully.
2026-03-25 15:35:08.199 76 INFO cinder.api.openstack.wsgi [None req-a8f85866-0383-4695-b75b-9b003bef883d dd47b21ae6b344ed9e5a295c96bca772 1380dbdbfb94495e8367d252745461a4 - - default default] http://[LB_IP_ADDRESS]:8776/v3/1380dbdbfb94495e8367d252745461a4/volumes returned with HTTP 202
2026-03-25 15:35:08.216 75 INFO cinder.api.openstack.wsgi [None req-c7929d08-81a9-407a-92fe-f7f918e096f0 dd47b21ae6b344ed9e5a295c96bca772 1380dbdbfb94495e8367d252745461a4 - - default default] GET http://[LB_IP_ADDRESS]:8776/v3/1380dbdbfb94495e8367d252745461a4/volumes/aa6c2a4b-5d52-4dde-85cf-2ce1d219f75b
2026-03-25 15:35:08.230 75 INFO cinder.volume.api [None req-c7929d08-81a9-407a-92fe-f7f918e096f0 dd47b21ae6b344ed9e5a295c96bca772 1380dbdbfb94495e8367d252745461a4 - - default default] Volume info retrieved successfully.
2026-03-25 15:35:08.250 75 INFO cinder.api.openstack.wsgi [None req-c7929d08-81a9-407a-92fe-f7f918e096f0 dd47b21ae6b344ed9e5a295c96bca772 1380dbdbfb94495e8367d252745461a4 - - default default] http://[LB_IP_ADDRESS]:8776/v3/1380dbdbfb94495e8367d252745461a4/volumes/aa6c2a4b-5d52-4dde-85cf-2ce1d219f75b returned with HTTP 200
2026-03-25 15:35:09.272 74 INFO cinder.api.openstack.wsgi [None req-033140c9-8fa5-4a84-9edf-ec48d9ce3713 dd47b21ae6b344ed9e5a295c96bca772 1380dbdbfb94495e8367d252745461a4 - - default default] GET http://[LB_IP_ADDRESS]:8776/v3/1380dbdbfb94495e8367d252745461a4/volumes/aa6c2a4b-5d52-4dde-85cf-2ce1d219f75b
2026-03-25 15:35:09.295 74 INFO cinder.volume.api [None req-033140c9-8fa5-4a84-9edf-ec48d9ce3713 dd47b21ae6b344ed9e5a295c96bca772 1380dbdbfb94495e8367d252745461a4 - - default default] Volume info retrieved successfully.
2026-03-25 15:35:09.320 74 INFO cinder.api.openstack.wsgi [None req-033140c9-8fa5-4a84-9edf-ec48d9ce3713 dd47b21ae6b344ed9e5a295c96bca772 1380dbdbfb94495e8367d252745461a4 - - default default] http://[LB_IP_ADDRESS]:8776/v3/1380dbdbfb94495e8367d252745461a4/volumes/aa6c2a4b-5d52-4dde-85cf-2ce1d219f75b returned with HTTP 200
2026-03-25 15:35:09.343 73 INFO cinder.api.openstack.wsgi [None req-65ccf8b3-3135-4963-a9cd-a21e3bf98e2d dd47b21ae6b344ed9e5a295c96bca772 1380dbdbfb94495e8367d252745461a4 - - default default] POST http://[LB_IP_ADDRESS]:8776/v3/1380dbdbfb94495e8367d252745461a4/group_snapshots
2026-03-25 15:35:09.359 73 INFO cinder.api.v3.group_snapshots [None req-65ccf8b3-3135-4963-a9cd-a21e3bf98e2d dd47b21ae6b344ed9e5a295c96bca772 1380dbdbfb94495e8367d252745461a4 - - default default] Creating group_snapshot tempest-group_snapshot-27504716.
2026-03-25 15:35:09.399 73 WARNING cinder.quota [None req-65ccf8b3-3135-4963-a9cd-a21e3bf98e2d dd47b21ae6b344ed9e5a295c96bca772 1380dbdbfb94495e8367d252745461a4 - - default default] Deprecated: Default quota for resource: gigabytes_tempest-GroupSnapshotsTest-volume-type-520992753 is set by the default quota flag: quota_gigabytes_tempest-GroupSnapshotsTest-volume-type-520992753, it is now deprecated. Please use the default quota class for default quota.
2026-03-25 15:35:09.400 73 WARNING cinder.quota [None req-65ccf8b3-3135-4963-a9cd-a21e3bf98e2d dd47b21ae6b344ed9e5a295c96bca772 1380dbdbfb94495e8367d252745461a4 - - default default] Deprecated: Default quota for resource: snapshots_tempest-GroupSnapshotsTest-volume-type-520992753 is set by the default quota flag: quota_snapshots_tempest-GroupSnapshotsTest-volume-type-520992753, it is now deprecated. Please use the default quota class for default quota.
2026-03-25 15:35:09.456 73 INFO cinder.api.openstack.wsgi [None req-65ccf8b3-3135-4963-a9cd-a21e3bf98e2d dd47b21ae6b344ed9e5a295c96bca772 1380dbdbfb94495e8367d252745461a4 - - default default] http://[LB_IP_ADDRESS]:8776/v3/1380dbdbfb94495e8367d252745461a4/group_snapshots returned with HTTP 202
2026-03-25 15:35:09.468 76 INFO cinder.api.openstack.wsgi [None req-fe1d20f9-9a49-437e-99bb-95bddeb1267c dd47b21ae6b344ed9e5a295c96bca772 1380dbdbfb94495e8367d252745461a4 - - default default] GET http://[LB_IP_ADDRESS]:8776/v3/1380dbdbfb94495e8367d252745461a4/group_snapshots/2e166cb2-e8c1-43f1-bf17-26ec0c43b003
2026-03-25 15:35:09.477 76 INFO cinder.api.openstack.wsgi [None req-fe1d20f9-9a49-437e-99bb-95bddeb1267c dd47b21ae6b344ed9e5a295c96bca772 1380dbdbfb94495e8367d252745461a4 - - default default] http://[LB_IP_ADDRESS]:8776/v3/1380dbdbfb94495e8367d252745461a4/group_snapshots/2e166cb2-e8c1-43f1-bf17-26ec0c43b003 returned with HTTP 200
2026-03-25 15:35:09.579 72 INFO cinder.api.openstack.wsgi [None req-cd109598-752a-4c2f-af01-ab6d21a4c0ee 6be12a91e65343c6a0c18f43094fab7f 5619e5eff00a435ebe1acb00178b2bd9 - - default default] POST http://[LB_IP_ADDRESS]:8776/v3/5619e5eff00a435ebe1acb00178b2bd9/types
2026-03-25 15:35:09.602 72 INFO cinder.api.openstack.wsgi [None req-cd109598-752a-4c2f-af01-ab6d21a4c0ee 6be12a91e65343c6a0c18f43094fab7f 5619e5eff00a435ebe1acb00178b2bd9 - - default default] http://[LB_IP_ADDRESS]:8776/v3/5619e5eff00a435ebe1acb00178b2bd9/types returned with HTTP 200
2026-03-25 15:35:09.618 75 INFO cinder.api.openstack.wsgi [None req-a9ca6a9e-da36-4e2d-8827-bf55de930d85 6be12a91e65343c6a0c18f43094fab7f 5619e5eff00a435ebe1acb00178b2bd9 - - default default] POST http://[LB_IP_ADDRESS]:8776/v3/5619e5eff00a435ebe1acb00178b2bd9/group_types
2026-03-25 15:35:09.639 75 INFO cinder.api.openstack.wsgi [None req-a9ca6a9e-da36-4e2d-8827-bf55de930d85 6be12a91e65343c6a0c18f43094fab7f 5619e5eff00a435ebe1acb00178b2bd9 - - default default] http://[LB_IP_ADDRESS]:8776/v3/5619e5eff00a435ebe1acb00178b2bd9/group_types returned with HTTP 202
2026-03-25 15:35:09.781 74 INFO cinder.api.openstack.wsgi [None req-d253afdd-ba96-43d2-9817-674dd0b9cb80 324d708cd8a64706a18944deab62fba0 0364d2cc9dce41138c45722e30883164 - - default default] POST http://[LB_IP_ADDRESS]:8776/v3/0364d2cc9dce41138c45722e30883164/groups
2026-03-25 15:35:09.790 74 INFO cinder.api.v3.groups [None req-d253afdd-ba96-43d2-9817-674dd0b9cb80 324d708cd8a64706a18944deab62fba0 0364d2cc9dce41138c45722e30883164 - - default default] Creating group tempest-GroupsV320Test-Group-1078307195.
2026-03-25 15:35:09.801 74 INFO cinder.volume.api [None req-d253afdd-ba96-43d2-9817-674dd0b9cb80 324d708cd8a64706a18944deab62fba0 0364d2cc9dce41138c45722e30883164 - - default default] Availability Zones retrieved successfully.
2026-03-25 15:35:09.854 74 INFO cinder.api.openstack.wsgi [None req-d253afdd-ba96-43d2-9817-674dd0b9cb80 324d708cd8a64706a18944deab62fba0 0364d2cc9dce41138c45722e30883164 - - default default] http://[LB_IP_ADDRESS]:8776/v3/0364d2cc9dce41138c45722e30883164/groups returned with HTTP 202
2026-03-25 15:35:09.866 73 INFO cinder.api.openstack.wsgi [None req-2ea8aa6b-a3cb-4bfb-afb5-d0c436573d39 324d708cd8a64706a18944deab62fba0 0364d2cc9dce41138c45722e30883164 - - default default] GET http://[LB_IP_ADDRESS]:8776/v3/0364d2cc9dce41138c45722e30883164/groups/adbe49e6-f313-4f0e-aec9-3abb9cc44580
2026-03-25 15:35:09.880 73 INFO cinder.api.openstack.wsgi [None req-2ea8aa6b-a3cb-4bfb-afb5-d0c436573d39 324d708cd8a64706a18944deab62fba0 0364d2cc9dce41138c45722e30883164 - - default default] http://[LB_IP_ADDRESS]:8776/v3/0364d2cc9dce41138c45722e30883164/groups/adbe49e6-f313-4f0e-aec9-3abb9cc44580 returned with HTTP 200
2026-03-25 15:35:10.494 72 INFO cinder.api.openstack.wsgi [None req-26c4a4b3-1c43-44ff-a804-3bb0d901ae7d dd47b21ae6b344ed9e5a295c96bca772 1380dbdbfb94495e8367d252745461a4 - - default default] GET http://[LB_IP_ADDRESS]:8776/v3/1380dbdbfb94495e8367d252745461a4/group_snapshots/2e166cb2-e8c1-43f1-bf17-26ec0c43b003
2026-03-25 15:35:10.507 72 INFO cinder.api.openstack.wsgi [None req-26c4a4b3-1c43-44ff-a804-3bb0d901ae7d dd47b21ae6b344ed9e5a295c96bca772 1380dbdbfb94495e8367d252745461a4 - - default default] http://[LB_IP_ADDRESS]:8776/v3/1380dbdbfb94495e8367d252745461a4/group_snapshots/2e166cb2-e8c1-43f1-bf17-26ec0c43b003 returned with HTTP 200
2026-03-25 15:35:10.607 76 INFO cinder.api.openstack.wsgi [None req-12193174-d005-4c4e-919d-cc0de4c9aa8a b98afd1a877749b3af7633546a5c0346 4e5a68768ee94d3c89889d00403dff1c - - default default] POST http://[LB_IP_ADDRESS]:8776/v3/4e5a68768ee94d3c89889d00403dff1c/group_types
2026-03-25 15:35:10.628 76 INFO cinder.api.openstack.wsgi [None req-12193174-d005-4c4e-919d-cc0de4c9aa8a b98afd1a877749b3af7633546a5c0346 4e5a68768ee94d3c89889d00403dff1c - - default default] http://[LB_IP_ADDRESS]:8776/v3/4e5a68768ee94d3c89889d00403dff1c/group_types returned with HTTP 202
2026-03-25 15:35:10.643 75 INFO cinder.api.openstack.wsgi [None req-e0170299-b27d-4051-8162-576b0294c67a b98afd1a877749b3af7633546a5c0346 4e5a68768ee94d3c89889d00403dff1c - - default default] POST http://[LB_IP_ADDRESS]:8776/v3/4e5a68768ee94d3c89889d00403dff1c/group_types/94276a30-325b-4968-b35c-d2b36ebdfcd8/group_specs
2026-03-25 15:35:10.665 75 INFO cinder.api.openstack.wsgi [None req-e0170299-b27d-4051-8162-576b0294c67a b98afd1a877749b3af7633546a5c0346 4e5a68768ee94d3c89889d00403dff1c - - default default] http://[LB_IP_ADDRESS]:8776/v3/4e5a68768ee94d3c89889d00403dff1c/group_types/94276a30-325b-4968-b35c-d2b36ebdfcd8/group_specs returned with HTTP 202
2026-03-25 15:35:10.679 74 INFO cinder.api.openstack.wsgi [None req-28a0105e-a9ef-431e-a99e-7d9d10361df4 b98afd1a877749b3af7633546a5c0346 4e5a68768ee94d3c89889d00403dff1c - - default default] POST http://[LB_IP_ADDRESS]:8776/v3/4e5a68768ee94d3c89889d00403dff1c/group_types/94276a30-325b-4968-b35c-d2b36ebdfcd8/group_specs
2026-03-25 15:35:10.701 74 INFO cinder.api.openstack.wsgi [None req-28a0105e-a9ef-431e-a99e-7d9d10361df4 b98afd1a877749b3af7633546a5c0346 4e5a68768ee94d3c89889d00403dff1c - - default default] http://[LB_IP_ADDRESS]:8776/v3/4e5a68768ee94d3c89889d00403dff1c/group_types/94276a30-325b-4968-b35c-d2b36ebdfcd8/group_specs returned with HTTP 202
2026-03-25 15:35:10.715 73 INFO cinder.api.openstack.wsgi [None req-3fdc58f2-2f9d-46fe-9878-5f8e2035b13d b98afd1a877749b3af7633546a5c0346 4e5a68768ee94d3c89889d00403dff1c - - default default] GET http://[LB_IP_ADDRESS]:8776/v3/4e5a68768ee94d3c89889d00403dff1c/group_types/94276a30-325b-4968-b35c-d2b36ebdfcd8/group_specs/key2
2026-03-25 15:35:10.725 73 INFO cinder.api.openstack.wsgi [None req-3fdc58f2-2f9d-46fe-9878-5f8e2035b13d b98afd1a877749b3af7633546a5c0346 4e5a68768ee94d3c89889d00403dff1c - - default default] http://[LB_IP_ADDRESS]:8776/v3/4e5a68768ee94d3c89889d00403dff1c/group_types/94276a30-325b-4968-b35c-d2b36ebdfcd8/group_specs/key2 returned with HTTP 200
2026-03-25 15:35:10.737 72 INFO cinder.api.openstack.wsgi [None req-9e52249d-70f0-4717-b5ea-61bff4cae9ea b98afd1a877749b3af7633546a5c0346 4e5a68768ee94d3c89889d00403dff1c - - default default] GET http://[LB_IP_ADDRESS]:8776/v3/4e5a68768ee94d3c89889d00403dff1c/group_types/94276a30-325b-4968-b35c-d2b36ebdfcd8/group_specs/key3
2026-03-25 15:35:10.744 72 INFO cinder.api.openstack.wsgi [None req-9e52249d-70f0-4717-b5ea-61bff4cae9ea b98afd1a877749b3af7633546a5c0346 4e5a68768ee94d3c89889d00403dff1c - - default default] http://[LB_IP_ADDRESS]:8776/v3/4e5a68768ee94d3c89889d00403dff1c/group_types/94276a30-325b-4968-b35c-d2b36ebdfcd8/group_specs/key3 returned with HTTP 200
2026-03-25 15:35:10.755 76 INFO cinder.api.openstack.wsgi [None req-fee3b66a-9ef7-4228-a6ba-8a7860548d90 b98afd1a877749b3af7633546a5c0346 4e5a68768ee94d3c89889d00403dff1c - - default default] PUT http://[LB_IP_ADDRESS]:8776/v3/4e5a68768ee94d3c89889d00403dff1c/group_types/94276a30-325b-4968-b35c-d2b36ebdfcd8/group_specs/key3
2026-03-25 15:35:10.767 76 INFO cinder.api.openstack.wsgi [None req-fee3b66a-9ef7-4228-a6ba-8a7860548d90 b98afd1a877749b3af7633546a5c0346 4e5a68768ee94d3c89889d00403dff1c - - default default] http://[LB_IP_ADDRESS]:8776/v3/4e5a68768ee94d3c89889d00403dff1c/group_types/94276a30-325b-4968-b35c-d2b36ebdfcd8/group_specs/key3 returned with HTTP 200
2026-03-25 15:35:10.781 75 INFO cinder.api.openstack.wsgi [None req-926a3bbf-eacd-4a78-aab9-ceae8a4eaa26 b98afd1a877749b3af7633546a5c0346 4e5a68768ee94d3c89889d00403dff1c - - default default] GET http://[LB_IP_ADDRESS]:8776/v3/4e5a68768ee94d3c89889d00403dff1c/group_types/94276a30-325b-4968-b35c-d2b36ebdfcd8/group_specs
2026-03-25 15:35:10.795 75 INFO cinder.api.openstack.wsgi [None req-926a3bbf-eacd-4a78-aab9-ceae8a4eaa26 b98afd1a877749b3af7633546a5c0346 4e5a68768ee94d3c89889d00403dff1c - - default default] http://[LB_IP_ADDRESS]:8776/v3/4e5a68768ee94d3c89889d00403dff1c/group_types/94276a30-325b-4968-b35c-d2b36ebdfcd8/group_specs returned with HTTP 200
2026-03-25 15:35:10.806 74 INFO cinder.api.openstack.wsgi [None req-ed27baba-5f3c-4c10-bd8b-feaad04016dd b98afd1a877749b3af7633546a5c0346 4e5a68768ee94d3c89889d00403dff1c - - default default] DELETE http://[LB_IP_ADDRESS]:8776/v3/4e5a68768ee94d3c89889d00403dff1c/group_types/94276a30-325b-4968-b35c-d2b36ebdfcd8/group_specs/key1
2026-03-25 15:35:10.816 74 INFO cinder.api.openstack.wsgi [None req-ed27baba-5f3c-4c10-bd8b-feaad04016dd b98afd1a877749b3af7633546a5c0346 4e5a68768ee94d3c89889d00403dff1c - - default default] http://[LB_IP_ADDRESS]:8776/v3/4e5a68768ee94d3c89889d00403dff1c/group_types/94276a30-325b-4968-b35c-d2b36ebdfcd8/group_specs/key1 returned with HTTP 202
2026-03-25 15:35:10.828 73 INFO cinder.api.openstack.wsgi [None req-93b78b7b-15cb-43f6-82b8-d9addc4a8617 b98afd1a877749b3af7633546a5c0346 4e5a68768ee94d3c89889d00403dff1c - - default default] GET http://[LB_IP_ADDRESS]:8776/v3/4e5a68768ee94d3c89889d00403dff1c/group_types/94276a30-325b-4968-b35c-d2b36ebdfcd8/group_specs/key1
2026-03-25 15:35:10.840 73 INFO cinder.api.openstack.wsgi [None req-93b78b7b-15cb-43f6-82b8-d9addc4a8617 b98afd1a877749b3af7633546a5c0346 4e5a68768ee94d3c89889d00403dff1c - - default default] HTTP exception thrown: Group Type 94276a30-325b-4968-b35c-d2b36ebdfcd8 has no extra spec with key key1.
2026-03-25 15:35:10.841 73 INFO cinder.api.openstack.wsgi [None req-93b78b7b-15cb-43f6-82b8-d9addc4a8617 b98afd1a877749b3af7633546a5c0346 4e5a68768ee94d3c89889d00403dff1c - - default default] http://[LB_IP_ADDRESS]:8776/v3/4e5a68768ee94d3c89889d00403dff1c/group_types/94276a30-325b-4968-b35c-d2b36ebdfcd8/group_specs/key1 returned with HTTP 404
2026-03-25 15:35:10.853 72 INFO cinder.api.openstack.wsgi [None req-1bf1e81b-25f9-4d58-8bb6-fc1c544104a2 b98afd1a877749b3af7633546a5c0346 4e5a68768ee94d3c89889d00403dff1c - - default default] DELETE http://[LB_IP_ADDRESS]:8776/v3/4e5a68768ee94d3c89889d00403dff1c/group_types/94276a30-325b-4968-b35c-d2b36ebdfcd8/group_specs/key2
2026-03-25 15:35:10.867 72 INFO cinder.api.openstack.wsgi [None req-1bf1e81b-25f9-4d58-8bb6-fc1c544104a2 b98afd1a877749b3af7633546a5c0346 4e5a68768ee94d3c89889d00403dff1c - - default default] http://[LB_IP_ADDRESS]:8776/v3/4e5a68768ee94d3c89889d00403dff1c/group_types/94276a30-325b-4968-b35c-d2b36ebdfcd8/group_specs/key2 returned with HTTP 202
2026-03-25 15:35:10.879 76 INFO cinder.api.openstack.wsgi [None req-f18defbb-40a5-4242-925e-b38bd7b59af8 b98afd1a877749b3af7633546a5c0346 4e5a68768ee94d3c89889d00403dff1c - - default default] GET http://[LB_IP_ADDRESS]:8776/v3/4e5a68768ee94d3c89889d00403dff1c/group_types/94276a30-325b-4968-b35c-d2b36ebdfcd8/group_specs/key2
2026-03-25 15:35:10.890 76 INFO cinder.api.openstack.wsgi [None req-f18defbb-40a5-4242-925e-b38bd7b59af8 b98afd1a877749b3af7633546a5c0346 4e5a68768ee94d3c89889d00403dff1c - - default default] HTTP exception thrown: Group Type 94276a30-325b-4968-b35c-d2b36ebdfcd8 has no extra spec with key key2.
2026-03-25 15:35:10.891 76 INFO cinder.api.openstack.wsgi [None req-f18defbb-40a5-4242-925e-b38bd7b59af8 b98afd1a877749b3af7633546a5c0346 4e5a68768ee94d3c89889d00403dff1c - - default default] http://[LB_IP_ADDRESS]:8776/v3/4e5a68768ee94d3c89889d00403dff1c/group_types/94276a30-325b-4968-b35c-d2b36ebdfcd8/group_specs/key2 returned with HTTP 404
2026-03-25 15:35:10.896 75 INFO cinder.api.openstack.wsgi [None req-64063d18-8bfc-4bcd-86ec-fb39cc0580ca 324d708cd8a64706a18944deab62fba0 0364d2cc9dce41138c45722e30883164 - - default default] GET http://[LB_IP_ADDRESS]:8776/v3/0364d2cc9dce41138c45722e30883164/groups/adbe49e6-f313-4f0e-aec9-3abb9cc44580
2026-03-25 15:35:10.903 74 INFO cinder.api.openstack.wsgi [None req-08c6f4c6-48a4-411d-88a6-1c5e29d7e3c8 b98afd1a877749b3af7633546a5c0346 4e5a68768ee94d3c89889d00403dff1c - - default default] DELETE http://[LB_IP_ADDRESS]:8776/v3/4e5a68768ee94d3c89889d00403dff1c/group_types/94276a30-325b-4968-b35c-d2b36ebdfcd8/group_specs/key3
2026-03-25 15:35:10.916 75 INFO cinder.api.openstack.wsgi [None req-64063d18-8bfc-4bcd-86ec-fb39cc0580ca 324d708cd8a64706a18944deab62fba0 0364d2cc9dce41138c45722e30883164 - - default default] http://[LB_IP_ADDRESS]:8776/v3/0364d2cc9dce41138c45722e30883164/groups/adbe49e6-f313-4f0e-aec9-3abb9cc44580 returned with HTTP 200
2026-03-25 15:35:10.918 74 INFO cinder.api.openstack.wsgi [None req-08c6f4c6-48a4-411d-88a6-1c5e29d7e3c8 b98afd1a877749b3af7633546a5c0346 4e5a68768ee94d3c89889d00403dff1c - - default default] http://[LB_IP_ADDRESS]:8776/v3/4e5a68768ee94d3c89889d00403dff1c/group_types/94276a30-325b-4968-b35c-d2b36ebdfcd8/group_specs/key3 returned with HTTP 202
2026-03-25 15:35:10.930 73 INFO cinder.api.openstack.wsgi [None req-5daca790-12cc-4097-9cd6-5e69b071f5d2 b98afd1a877749b3af7633546a5c0346 4e5a68768ee94d3c89889d00403dff1c - - default default] GET http://[LB_IP_ADDRESS]:8776/v3/4e5a68768ee94d3c89889d00403dff1c/group_types/94276a30-325b-4968-b35c-d2b36ebdfcd8/group_specs/key3
2026-03-25 15:35:10.933 72 INFO cinder.api.openstack.wsgi [None req-fe7a82db-4dee-4e96-807b-249b3c46c120 6be12a91e65343c6a0c18f43094fab7f 5619e5eff00a435ebe1acb00178b2bd9 - - default default] POST http://[LB_IP_ADDRESS]:8776/v3/5619e5eff00a435ebe1acb00178b2bd9/groups/adbe49e6-f313-4f0e-aec9-3abb9cc44580/action
2026-03-25 15:35:10.942 73 INFO cinder.api.openstack.wsgi [None req-5daca790-12cc-4097-9cd6-5e69b071f5d2 b98afd1a877749b3af7633546a5c0346 4e5a68768ee94d3c89889d00403dff1c - - default default] HTTP exception thrown: Group Type 94276a30-325b-4968-b35c-d2b36ebdfcd8 has no extra spec with key key3.
2026-03-25 15:35:10.943 73 INFO cinder.api.openstack.wsgi [None req-5daca790-12cc-4097-9cd6-5e69b071f5d2 b98afd1a877749b3af7633546a5c0346 4e5a68768ee94d3c89889d00403dff1c - - default default] http://[LB_IP_ADDRESS]:8776/v3/4e5a68768ee94d3c89889d00403dff1c/group_types/94276a30-325b-4968-b35c-d2b36ebdfcd8/group_specs/key3 returned with HTTP 404
2026-03-25 15:35:10.948 72 INFO cinder.api.openstack.wsgi [None req-fe7a82db-4dee-4e96-807b-249b3c46c120 6be12a91e65343c6a0c18f43094fab7f 5619e5eff00a435ebe1acb00178b2bd9 - - default default] http://[LB_IP_ADDRESS]:8776/v3/5619e5eff00a435ebe1acb00178b2bd9/groups/adbe49e6-f313-4f0e-aec9-3abb9cc44580/action returned with HTTP 202
2026-03-25 15:35:10.954 76 INFO cinder.api.openstack.wsgi [None req-72307b46-97a5-4f34-956c-430ce673583c b98afd1a877749b3af7633546a5c0346 4e5a68768ee94d3c89889d00403dff1c - - default default] DELETE http://[LB_IP_ADDRESS]:8776/v3/4e5a68768ee94d3c89889d00403dff1c/group_types/94276a30-325b-4968-b35c-d2b36ebdfcd8
2026-03-25 15:35:10.958 75 INFO cinder.api.openstack.wsgi [None req-bf774df8-2eeb-4e7d-a9bd-a2143b8e497c 324d708cd8a64706a18944deab62fba0 0364d2cc9dce41138c45722e30883164 - - default default] GET http://[LB_IP_ADDRESS]:8776/v3/0364d2cc9dce41138c45722e30883164/groups/adbe49e6-f313-4f0e-aec9-3abb9cc44580
2026-03-25 15:35:10.968 76 INFO cinder.api.openstack.wsgi [None req-72307b46-97a5-4f34-956c-430ce673583c b98afd1a877749b3af7633546a5c0346 4e5a68768ee94d3c89889d00403dff1c - - default default] http://[LB_IP_ADDRESS]:8776/v3/4e5a68768ee94d3c89889d00403dff1c/group_types/94276a30-325b-4968-b35c-d2b36ebdfcd8 returned with HTTP 202
2026-03-25 15:35:10.971 75 INFO cinder.api.openstack.wsgi [None req-bf774df8-2eeb-4e7d-a9bd-a2143b8e497c 324d708cd8a64706a18944deab62fba0 0364d2cc9dce41138c45722e30883164 - - default default] http://[LB_IP_ADDRESS]:8776/v3/0364d2cc9dce41138c45722e30883164/groups/adbe49e6-f313-4f0e-aec9-3abb9cc44580 returned with HTTP 200
2026-03-25 15:35:10.988 74 INFO cinder.api.openstack.wsgi [None req-bad2a7b9-1ffd-4c0f-815e-abee0fefdf57 6be12a91e65343c6a0c18f43094fab7f 5619e5eff00a435ebe1acb00178b2bd9 - - default default] POST http://[LB_IP_ADDRESS]:8776/v3/5619e5eff00a435ebe1acb00178b2bd9/groups/adbe49e6-f313-4f0e-aec9-3abb9cc44580/action
2026-03-25 15:35:11.001 74 INFO cinder.api.openstack.wsgi [None req-bad2a7b9-1ffd-4c0f-815e-abee0fefdf57 6be12a91e65343c6a0c18f43094fab7f 5619e5eff00a435ebe1acb00178b2bd9 - - default default] http://[LB_IP_ADDRESS]:8776/v3/5619e5eff00a435ebe1acb00178b2bd9/groups/adbe49e6-f313-4f0e-aec9-3abb9cc44580/action returned with HTTP 202
2026-03-25 15:35:11.012 73 INFO cinder.api.openstack.wsgi [None req-cbcfb728-374a-4f4b-b4b1-05ad1b3573e4 324d708cd8a64706a18944deab62fba0 0364d2cc9dce41138c45722e30883164 - - default default] GET http://[LB_IP_ADDRESS]:8776/v3/0364d2cc9dce41138c45722e30883164/groups/adbe49e6-f313-4f0e-aec9-3abb9cc44580
2026-03-25 15:35:11.030 73 INFO cinder.api.openstack.wsgi [None req-cbcfb728-374a-4f4b-b4b1-05ad1b3573e4 324d708cd8a64706a18944deab62fba0 0364d2cc9dce41138c45722e30883164 - - default default] http://[LB_IP_ADDRESS]:8776/v3/0364d2cc9dce41138c45722e30883164/groups/adbe49e6-f313-4f0e-aec9-3abb9cc44580 returned with HTTP 200
2026-03-25 15:35:11.044 72 INFO cinder.api.openstack.wsgi [None req-bdc17ba9-ddf1-4acc-bb21-588faed3e72f 6be12a91e65343c6a0c18f43094fab7f 5619e5eff00a435ebe1acb00178b2bd9 - - default default] POST http://[LB_IP_ADDRESS]:8776/v3/5619e5eff00a435ebe1acb00178b2bd9/groups/adbe49e6-f313-4f0e-aec9-3abb9cc44580/action
2026-03-25 15:35:11.056 72 INFO cinder.api.openstack.wsgi [None req-bdc17ba9-ddf1-4acc-bb21-588faed3e72f 6be12a91e65343c6a0c18f43094fab7f 5619e5eff00a435ebe1acb00178b2bd9 - - default default] http://[LB_IP_ADDRESS]:8776/v3/5619e5eff00a435ebe1acb00178b2bd9/groups/adbe49e6-f313-4f0e-aec9-3abb9cc44580/action returned with HTTP 202
2026-03-25 15:35:11.066 76 INFO cinder.api.openstack.wsgi [None req-face0a3f-f321-4ab8-9612-ee873fcb0eb4 324d708cd8a64706a18944deab62fba0 0364d2cc9dce41138c45722e30883164 - - default default] GET http://[LB_IP_ADDRESS]:8776/v3/0364d2cc9dce41138c45722e30883164/groups/adbe49e6-f313-4f0e-aec9-3abb9cc44580
2026-03-25 15:35:11.079 76 INFO cinder.api.openstack.wsgi [None req-face0a3f-f321-4ab8-9612-ee873fcb0eb4 324d708cd8a64706a18944deab62fba0 0364d2cc9dce41138c45722e30883164 - - default default] http://[LB_IP_ADDRESS]:8776/v3/0364d2cc9dce41138c45722e30883164/groups/adbe49e6-f313-4f0e-aec9-3abb9cc44580 returned with HTTP 200
