2026-02-17 16:14:38.312 75 INFO cinder.api.openstack.wsgi [None req-5e2fdb4d-47ab-43c4-b948-1a624842ee74 56ea39e1861146ae90a5bcceae7ee42a 8733d15baf2840399729d521056ad3de - - default default] http://[LB_IP_ADDRESS]:8776/v3/8733d15baf2840399729d521056ad3de/volumes/9e507cff-d338-4f90-89f5-00acf8ff5ad0 returned with HTTP 200
2026-02-17 16:14:38.349 76 INFO cinder.api.openstack.wsgi [req-935e7d79-9ba4-4ee9-8a9d-d74233a82c10 req-1547fe07-80a5-485b-b6d3-af21acc7969a 56ea39e1861146ae90a5bcceae7ee42a 8733d15baf2840399729d521056ad3de - - default default] GET http://[LB_IP_ADDRESS]:8776/v3/volumes/9e507cff-d338-4f90-89f5-00acf8ff5ad0
2026-02-17 16:14:38.366 76 INFO cinder.volume.api [req-935e7d79-9ba4-4ee9-8a9d-d74233a82c10 req-1547fe07-80a5-485b-b6d3-af21acc7969a 56ea39e1861146ae90a5bcceae7ee42a 8733d15baf2840399729d521056ad3de - - default default] Volume info retrieved successfully.
2026-02-17 16:14:38.370 76 INFO cinder.api.openstack.wsgi [req-935e7d79-9ba4-4ee9-8a9d-d74233a82c10 req-1547fe07-80a5-485b-b6d3-af21acc7969a 56ea39e1861146ae90a5bcceae7ee42a 8733d15baf2840399729d521056ad3de - - default default] http://[LB_IP_ADDRESS]:8776/v3/volumes/9e507cff-d338-4f90-89f5-00acf8ff5ad0 returned with HTTP 200
2026-02-17 16:14:38.388 74 INFO cinder.api.openstack.wsgi [None req-3f7e816f-b481-49c9-b1ed-ecd71ef10bef 56ea39e1861146ae90a5bcceae7ee42a 8733d15baf2840399729d521056ad3de - - default default] POST http://[LB_IP_ADDRESS]:8776/v3/8733d15baf2840399729d521056ad3de/volumes
2026-02-17 16:14:38.391 74 INFO cinder.api.v3.volumes [None req-3f7e816f-b481-49c9-b1ed-ecd71ef10bef 56ea39e1861146ae90a5bcceae7ee42a 8733d15baf2840399729d521056ad3de - - default default] Create volume of 1 GB
2026-02-17 16:14:38.401 74 INFO cinder.volume.api [None req-3f7e816f-b481-49c9-b1ed-ecd71ef10bef 56ea39e1861146ae90a5bcceae7ee42a 8733d15baf2840399729d521056ad3de - - default default] Availability Zones retrieved successfully.
2026-02-17 16:14:39.138 74 INFO cinder.volume.api [None req-3f7e816f-b481-49c9-b1ed-ecd71ef10bef 56ea39e1861146ae90a5bcceae7ee42a 8733d15baf2840399729d521056ad3de - - default default] Create volume request issued successfully.
2026-02-17 16:14:39.139 74 INFO cinder.api.openstack.wsgi [None req-3f7e816f-b481-49c9-b1ed-ecd71ef10bef 56ea39e1861146ae90a5bcceae7ee42a 8733d15baf2840399729d521056ad3de - - default default] http://[LB_IP_ADDRESS]:8776/v3/8733d15baf2840399729d521056ad3de/volumes returned with HTTP 202
2026-02-17 16:14:39.159 73 INFO cinder.api.openstack.wsgi [None req-293cd737-b2c9-48f7-b661-7d4d270acc9e 56ea39e1861146ae90a5bcceae7ee42a 8733d15baf2840399729d521056ad3de - - default default] GET http://[LB_IP_ADDRESS]:8776/v3/8733d15baf2840399729d521056ad3de/volumes/69a241fd-3a10-47d9-be17-0686cb381d7b
2026-02-17 16:14:39.175 73 INFO cinder.volume.api [None req-293cd737-b2c9-48f7-b661-7d4d270acc9e 56ea39e1861146ae90a5bcceae7ee42a 8733d15baf2840399729d521056ad3de - - default default] Volume info retrieved successfully.
2026-02-17 16:14:39.182 73 INFO cinder.api.openstack.wsgi [None req-293cd737-b2c9-48f7-b661-7d4d270acc9e 56ea39e1861146ae90a5bcceae7ee42a 8733d15baf2840399729d521056ad3de - - default default] http://[LB_IP_ADDRESS]:8776/v3/8733d15baf2840399729d521056ad3de/volumes/69a241fd-3a10-47d9-be17-0686cb381d7b returned with HTTP 200
2026-02-17 16:14:39.574 72 INFO cinder.api.openstack.wsgi [None req-ea3b59a8-c75c-417b-bf07-3d8f0757023f 9df807022d564101b970ef9d54ccb7b9 a29623346c43421fa31d77281e6cca2a - - default default] POST http://[LB_IP_ADDRESS]:8776/v3/a29623346c43421fa31d77281e6cca2a/types
2026-02-17 16:14:39.622 72 INFO cinder.api.openstack.wsgi [None req-ea3b59a8-c75c-417b-bf07-3d8f0757023f 9df807022d564101b970ef9d54ccb7b9 a29623346c43421fa31d77281e6cca2a - - default default] http://[LB_IP_ADDRESS]:8776/v3/a29623346c43421fa31d77281e6cca2a/types returned with HTTP 200
2026-02-17 16:14:39.637 75 INFO cinder.api.openstack.wsgi [None req-e3a24a9b-4410-4ca2-8fc6-0f5dde096087 9df807022d564101b970ef9d54ccb7b9 a29623346c43421fa31d77281e6cca2a - - default default] POST http://[LB_IP_ADDRESS]:8776/v3/a29623346c43421fa31d77281e6cca2a/group_types
2026-02-17 16:14:39.677 75 INFO cinder.api.openstack.wsgi [None req-e3a24a9b-4410-4ca2-8fc6-0f5dde096087 9df807022d564101b970ef9d54ccb7b9 a29623346c43421fa31d77281e6cca2a - - default default] http://[LB_IP_ADDRESS]:8776/v3/a29623346c43421fa31d77281e6cca2a/group_types returned with HTTP 202
2026-02-17 16:14:39.783 76 INFO cinder.api.openstack.wsgi [None req-de132658-b48f-4c08-a34e-0f7f8ef97036 aa575265df4043289171bb9b0c2b1a99 6d4b90bd3f184af6a07cb70191cd8304 - - default default] POST http://[LB_IP_ADDRESS]:8776/v3/6d4b90bd3f184af6a07cb70191cd8304/groups
2026-02-17 16:14:39.803 76 INFO cinder.api.v3.groups [None req-de132658-b48f-4c08-a34e-0f7f8ef97036 aa575265df4043289171bb9b0c2b1a99 6d4b90bd3f184af6a07cb70191cd8304 - - default default] Creating group tempest-GroupsV314Test-Group-43169951.
2026-02-17 16:14:39.813 76 INFO cinder.volume.api [None req-de132658-b48f-4c08-a34e-0f7f8ef97036 aa575265df4043289171bb9b0c2b1a99 6d4b90bd3f184af6a07cb70191cd8304 - - default default] Availability Zones retrieved successfully.
2026-02-17 16:14:39.958 76 INFO cinder.api.openstack.wsgi [None req-de132658-b48f-4c08-a34e-0f7f8ef97036 aa575265df4043289171bb9b0c2b1a99 6d4b90bd3f184af6a07cb70191cd8304 - - default default] http://[LB_IP_ADDRESS]:8776/v3/6d4b90bd3f184af6a07cb70191cd8304/groups returned with HTTP 202
2026-02-17 16:14:39.976 74 INFO cinder.api.openstack.wsgi [None req-ae6ab763-8783-4b15-a0cb-698306e62687 aa575265df4043289171bb9b0c2b1a99 6d4b90bd3f184af6a07cb70191cd8304 - - default default] GET http://[LB_IP_ADDRESS]:8776/v3/6d4b90bd3f184af6a07cb70191cd8304/groups/85f81a7e-3056-46b5-831c-588e9d3e7099
2026-02-17 16:14:40.000 74 INFO cinder.api.openstack.wsgi [None req-ae6ab763-8783-4b15-a0cb-698306e62687 aa575265df4043289171bb9b0c2b1a99 6d4b90bd3f184af6a07cb70191cd8304 - - default default] http://[LB_IP_ADDRESS]:8776/v3/6d4b90bd3f184af6a07cb70191cd8304/groups/85f81a7e-3056-46b5-831c-588e9d3e7099 returned with HTTP 200
2026-02-17 16:14:40.203 73 INFO cinder.api.openstack.wsgi [None req-09696e09-c56b-4adb-9186-a48f12432011 56ea39e1861146ae90a5bcceae7ee42a 8733d15baf2840399729d521056ad3de - - default default] GET http://[LB_IP_ADDRESS]:8776/v3/8733d15baf2840399729d521056ad3de/volumes/69a241fd-3a10-47d9-be17-0686cb381d7b
2026-02-17 16:14:40.221 73 INFO cinder.volume.api [None req-09696e09-c56b-4adb-9186-a48f12432011 56ea39e1861146ae90a5bcceae7ee42a 8733d15baf2840399729d521056ad3de - - default default] Volume info retrieved successfully.
2026-02-17 16:14:40.226 73 INFO cinder.api.openstack.wsgi [None req-09696e09-c56b-4adb-9186-a48f12432011 56ea39e1861146ae90a5bcceae7ee42a 8733d15baf2840399729d521056ad3de - - default default] http://[LB_IP_ADDRESS]:8776/v3/8733d15baf2840399729d521056ad3de/volumes/69a241fd-3a10-47d9-be17-0686cb381d7b returned with HTTP 200
2026-02-17 16:14:40.263 72 INFO cinder.api.openstack.wsgi [req-e3a8feb5-cc11-4121-8628-06e2a92f066d req-12e38fb4-8c81-44b5-a28e-c7019b768802 56ea39e1861146ae90a5bcceae7ee42a 8733d15baf2840399729d521056ad3de - - default default] GET http://[LB_IP_ADDRESS]:8776/v3/volumes/69a241fd-3a10-47d9-be17-0686cb381d7b
2026-02-17 16:14:40.277 72 INFO cinder.volume.api [req-e3a8feb5-cc11-4121-8628-06e2a92f066d req-12e38fb4-8c81-44b5-a28e-c7019b768802 56ea39e1861146ae90a5bcceae7ee42a 8733d15baf2840399729d521056ad3de - - default default] Volume info retrieved successfully.
2026-02-17 16:14:40.282 72 INFO cinder.api.openstack.wsgi [req-e3a8feb5-cc11-4121-8628-06e2a92f066d req-12e38fb4-8c81-44b5-a28e-c7019b768802 56ea39e1861146ae90a5bcceae7ee42a 8733d15baf2840399729d521056ad3de - - default default] http://[LB_IP_ADDRESS]:8776/v3/volumes/69a241fd-3a10-47d9-be17-0686cb381d7b returned with HTTP 200
2026-02-17 16:14:40.316 75 INFO cinder.api.openstack.wsgi [req-9d98a3e8-18f6-4ce7-aac4-431a38ef6779 req-6506768f-044c-40a9-84b2-3106b6e74e68 56ea39e1861146ae90a5bcceae7ee42a 8733d15baf2840399729d521056ad3de - - default default] GET http://[LB_IP_ADDRESS]:8776/v3/volumes/detail
2026-02-17 16:14:40.331 75 INFO cinder.volume.api [req-9d98a3e8-18f6-4ce7-aac4-431a38ef6779 req-6506768f-044c-40a9-84b2-3106b6e74e68 56ea39e1861146ae90a5bcceae7ee42a 8733d15baf2840399729d521056ad3de - - default default] Get all volumes completed successfully.
2026-02-17 16:14:40.337 75 INFO cinder.api.openstack.wsgi [req-9d98a3e8-18f6-4ce7-aac4-431a38ef6779 req-6506768f-044c-40a9-84b2-3106b6e74e68 56ea39e1861146ae90a5bcceae7ee42a 8733d15baf2840399729d521056ad3de - - default default] http://[LB_IP_ADDRESS]:8776/v3/volumes/detail returned with HTTP 200
2026-02-17 16:14:40.369 76 INFO cinder.api.openstack.wsgi [req-18c0e912-928b-4596-9e12-579a1c5de495 req-bbf0df93-3cb0-487d-bf1e-8d5967eaf652 56ea39e1861146ae90a5bcceae7ee42a 8733d15baf2840399729d521056ad3de - - default default] GET http://[LB_IP_ADDRESS]:8776/v3/volumes/detail
2026-02-17 16:14:40.392 76 INFO cinder.volume.api [req-18c0e912-928b-4596-9e12-579a1c5de495 req-bbf0df93-3cb0-487d-bf1e-8d5967eaf652 56ea39e1861146ae90a5bcceae7ee42a 8733d15baf2840399729d521056ad3de - - default default] Get all volumes completed successfully.
2026-02-17 16:14:40.400 76 INFO cinder.api.openstack.wsgi [req-18c0e912-928b-4596-9e12-579a1c5de495 req-bbf0df93-3cb0-487d-bf1e-8d5967eaf652 56ea39e1861146ae90a5bcceae7ee42a 8733d15baf2840399729d521056ad3de - - default default] http://[LB_IP_ADDRESS]:8776/v3/volumes/detail returned with HTTP 200
2026-02-17 16:14:40.436 74 INFO cinder.api.openstack.wsgi [req-8123c4f8-e54e-40d5-87c3-c9af28547cb0 req-dd245faa-2617-4280-8d1d-ca2f73b04da8 56ea39e1861146ae90a5bcceae7ee42a 8733d15baf2840399729d521056ad3de - - default default] GET http://[LB_IP_ADDRESS]:8776/v3/volumes/detail
2026-02-17 16:14:40.451 74 INFO cinder.volume.api [req-8123c4f8-e54e-40d5-87c3-c9af28547cb0 req-dd245faa-2617-4280-8d1d-ca2f73b04da8 56ea39e1861146ae90a5bcceae7ee42a 8733d15baf2840399729d521056ad3de - - default default] Get all volumes completed successfully.
2026-02-17 16:14:40.458 74 INFO cinder.api.openstack.wsgi [req-8123c4f8-e54e-40d5-87c3-c9af28547cb0 req-dd245faa-2617-4280-8d1d-ca2f73b04da8 56ea39e1861146ae90a5bcceae7ee42a 8733d15baf2840399729d521056ad3de - - default default] http://[LB_IP_ADDRESS]:8776/v3/volumes/detail returned with HTTP 200
2026-02-17 16:14:40.490 73 INFO cinder.api.openstack.wsgi [req-84f9de5e-2d39-44b5-98b7-303c44f8cd59 req-891dca27-d9af-43ef-8815-e43dd844ce53 56ea39e1861146ae90a5bcceae7ee42a 8733d15baf2840399729d521056ad3de - - default default] GET http://[LB_IP_ADDRESS]:8776/v3/volumes/detail
2026-02-17 16:14:40.505 73 INFO cinder.volume.api [req-84f9de5e-2d39-44b5-98b7-303c44f8cd59 req-891dca27-d9af-43ef-8815-e43dd844ce53 56ea39e1861146ae90a5bcceae7ee42a 8733d15baf2840399729d521056ad3de - - default default] Get all volumes completed successfully.
2026-02-17 16:14:40.511 73 INFO cinder.api.openstack.wsgi [req-84f9de5e-2d39-44b5-98b7-303c44f8cd59 req-891dca27-d9af-43ef-8815-e43dd844ce53 56ea39e1861146ae90a5bcceae7ee42a 8733d15baf2840399729d521056ad3de - - default default] http://[LB_IP_ADDRESS]:8776/v3/volumes/detail returned with HTTP 200
2026-02-17 16:14:40.545 72 INFO cinder.api.openstack.wsgi [req-0facb339-cfd4-42d9-bf1a-d5d2361ab7dd req-338a4773-fb9e-41e5-828b-eb9302af9351 56ea39e1861146ae90a5bcceae7ee42a 8733d15baf2840399729d521056ad3de - - default default] GET http://[LB_IP_ADDRESS]:8776/v3/volumes/detail
2026-02-17 16:14:40.565 72 INFO cinder.volume.api [req-0facb339-cfd4-42d9-bf1a-d5d2361ab7dd req-338a4773-fb9e-41e5-828b-eb9302af9351 56ea39e1861146ae90a5bcceae7ee42a 8733d15baf2840399729d521056ad3de - - default default] Get all volumes completed successfully.
2026-02-17 16:14:40.574 72 INFO cinder.api.openstack.wsgi [req-0facb339-cfd4-42d9-bf1a-d5d2361ab7dd req-338a4773-fb9e-41e5-828b-eb9302af9351 56ea39e1861146ae90a5bcceae7ee42a 8733d15baf2840399729d521056ad3de - - default default] http://[LB_IP_ADDRESS]:8776/v3/volumes/detail returned with HTTP 200
2026-02-17 16:14:40.612 75 INFO cinder.api.openstack.wsgi [req-922e655b-7116-4bbf-bc16-8d147ea88a30 req-7225eeda-88c9-4dbd-83e1-d8bda3c678d8 56ea39e1861146ae90a5bcceae7ee42a 8733d15baf2840399729d521056ad3de - - default default] GET http://[LB_IP_ADDRESS]:8776/v3/volumes/detail
2026-02-17 16:14:40.627 75 INFO cinder.volume.api [req-922e655b-7116-4bbf-bc16-8d147ea88a30 req-7225eeda-88c9-4dbd-83e1-d8bda3c678d8 56ea39e1861146ae90a5bcceae7ee42a 8733d15baf2840399729d521056ad3de - - default default] Get all volumes completed successfully.
2026-02-17 16:14:40.633 75 INFO cinder.api.openstack.wsgi [req-922e655b-7116-4bbf-bc16-8d147ea88a30 req-7225eeda-88c9-4dbd-83e1-d8bda3c678d8 56ea39e1861146ae90a5bcceae7ee42a 8733d15baf2840399729d521056ad3de - - default default] http://[LB_IP_ADDRESS]:8776/v3/volumes/detail returned with HTTP 200
2026-02-17 16:14:40.670 76 INFO cinder.api.openstack.wsgi [req-c413d4f5-c06b-40a8-afce-7f58247229c8 req-10469fd1-10a5-40e0-b692-4c8dae7d8dd9 56ea39e1861146ae90a5bcceae7ee42a 8733d15baf2840399729d521056ad3de - - default default] GET http://[LB_IP_ADDRESS]:8776/v3/volumes/detail
2026-02-17 16:14:40.686 76 INFO cinder.volume.api [req-c413d4f5-c06b-40a8-afce-7f58247229c8 req-10469fd1-10a5-40e0-b692-4c8dae7d8dd9 56ea39e1861146ae90a5bcceae7ee42a 8733d15baf2840399729d521056ad3de - - default default] Get all volumes completed successfully.
2026-02-17 16:14:40.694 76 INFO cinder.api.openstack.wsgi [req-c413d4f5-c06b-40a8-afce-7f58247229c8 req-10469fd1-10a5-40e0-b692-4c8dae7d8dd9 56ea39e1861146ae90a5bcceae7ee42a 8733d15baf2840399729d521056ad3de - - default default] http://[LB_IP_ADDRESS]:8776/v3/volumes/detail returned with HTTP 200
2026-02-17 16:14:40.728 74 INFO cinder.api.openstack.wsgi [req-c8cd1a3e-ea4f-4101-999b-45b39d788174 req-bfec50ec-a4f2-465d-b269-919a875f22c7 56ea39e1861146ae90a5bcceae7ee42a 8733d15baf2840399729d521056ad3de - - default default] GET http://[LB_IP_ADDRESS]:8776/v3/volumes/detail
2026-02-17 16:14:40.744 74 INFO cinder.volume.api [req-c8cd1a3e-ea4f-4101-999b-45b39d788174 req-bfec50ec-a4f2-465d-b269-919a875f22c7 56ea39e1861146ae90a5bcceae7ee42a 8733d15baf2840399729d521056ad3de - - default default] Get all volumes completed successfully.
2026-02-17 16:14:40.749 74 INFO cinder.api.openstack.wsgi [req-c8cd1a3e-ea4f-4101-999b-45b39d788174 req-bfec50ec-a4f2-465d-b269-919a875f22c7 56ea39e1861146ae90a5bcceae7ee42a 8733d15baf2840399729d521056ad3de - - default default] http://[LB_IP_ADDRESS]:8776/v3/volumes/detail returned with HTTP 200
2026-02-17 16:14:40.773 73 INFO cinder.api.openstack.wsgi [None req-7ce6aad6-55da-44ee-9558-08e975d77ce3 56ea39e1861146ae90a5bcceae7ee42a 8733d15baf2840399729d521056ad3de - - default default] DELETE http://[LB_IP_ADDRESS]:8776/v3/8733d15baf2840399729d521056ad3de/volumes/69a241fd-3a10-47d9-be17-0686cb381d7b
2026-02-17 16:14:40.774 73 INFO cinder.api.v3.volumes [None req-7ce6aad6-55da-44ee-9558-08e975d77ce3 56ea39e1861146ae90a5bcceae7ee42a 8733d15baf2840399729d521056ad3de - - default default] Delete volume with id: 69a241fd-3a10-47d9-be17-0686cb381d7b 
2026-02-17 16:14:40.786 73 INFO cinder.volume.api [None req-7ce6aad6-55da-44ee-9558-08e975d77ce3 56ea39e1861146ae90a5bcceae7ee42a 8733d15baf2840399729d521056ad3de - - default default] Volume info retrieved successfully.
2026-02-17 16:14:40.813 73 INFO cinder.volume.api [None req-7ce6aad6-55da-44ee-9558-08e975d77ce3 56ea39e1861146ae90a5bcceae7ee42a 8733d15baf2840399729d521056ad3de - - default default] Delete volume request issued successfully.
2026-02-17 16:14:40.814 73 INFO cinder.api.openstack.wsgi [None req-7ce6aad6-55da-44ee-9558-08e975d77ce3 56ea39e1861146ae90a5bcceae7ee42a 8733d15baf2840399729d521056ad3de - - default default] http://[LB_IP_ADDRESS]:8776/v3/8733d15baf2840399729d521056ad3de/volumes/69a241fd-3a10-47d9-be17-0686cb381d7b returned with HTTP 202
2026-02-17 16:14:40.825 72 INFO cinder.api.openstack.wsgi [None req-891b274d-4bfa-4e75-9a37-67d380b8009e 56ea39e1861146ae90a5bcceae7ee42a 8733d15baf2840399729d521056ad3de - - default default] GET http://[LB_IP_ADDRESS]:8776/v3/8733d15baf2840399729d521056ad3de/volumes/69a241fd-3a10-47d9-be17-0686cb381d7b
2026-02-17 16:14:40.843 72 INFO cinder.volume.api [None req-891b274d-4bfa-4e75-9a37-67d380b8009e 56ea39e1861146ae90a5bcceae7ee42a 8733d15baf2840399729d521056ad3de - - default default] Volume info retrieved successfully.
2026-02-17 16:14:40.847 72 INFO cinder.api.openstack.wsgi [None req-891b274d-4bfa-4e75-9a37-67d380b8009e 56ea39e1861146ae90a5bcceae7ee42a 8733d15baf2840399729d521056ad3de - - default default] http://[LB_IP_ADDRESS]:8776/v3/8733d15baf2840399729d521056ad3de/volumes/69a241fd-3a10-47d9-be17-0686cb381d7b returned with HTTP 200
2026-02-17 16:14:40.994 75 INFO cinder.api.openstack.wsgi [None req-26f0cbe3-50f3-4db9-be2a-dce605d1fa53 996e32ea82f44e1b8f356e013ad6ed31 bf5e85a729cb4be88e11ec742d345ee1 - - default default] POST http://[LB_IP_ADDRESS]:8776/v3/bf5e85a729cb4be88e11ec742d345ee1/types
2026-02-17 16:14:41.014 76 INFO cinder.api.openstack.wsgi [None req-dbacc4be-74db-451c-881f-078f68f12f35 aa575265df4043289171bb9b0c2b1a99 6d4b90bd3f184af6a07cb70191cd8304 - - default default] GET http://[LB_IP_ADDRESS]:8776/v3/6d4b90bd3f184af6a07cb70191cd8304/groups/85f81a7e-3056-46b5-831c-588e9d3e7099
2026-02-17 16:14:41.042 76 INFO cinder.api.openstack.wsgi [None req-dbacc4be-74db-451c-881f-078f68f12f35 aa575265df4043289171bb9b0c2b1a99 6d4b90bd3f184af6a07cb70191cd8304 - - default default] http://[LB_IP_ADDRESS]:8776/v3/6d4b90bd3f184af6a07cb70191cd8304/groups/85f81a7e-3056-46b5-831c-588e9d3e7099 returned with HTTP 200
2026-02-17 16:14:41.054 75 INFO cinder.api.openstack.wsgi [None req-26f0cbe3-50f3-4db9-be2a-dce605d1fa53 996e32ea82f44e1b8f356e013ad6ed31 bf5e85a729cb4be88e11ec742d345ee1 - - default default] http://[LB_IP_ADDRESS]:8776/v3/bf5e85a729cb4be88e11ec742d345ee1/types returned with HTTP 200
2026-02-17 16:14:41.058 74 INFO cinder.api.openstack.wsgi [None req-3a561b5f-dd65-4bc0-8faf-dfd11ffc61c9 aa575265df4043289171bb9b0c2b1a99 6d4b90bd3f184af6a07cb70191cd8304 - - default default] POST http://[LB_IP_ADDRESS]:8776/v3/6d4b90bd3f184af6a07cb70191cd8304/volumes
2026-02-17 16:14:41.068 73 INFO cinder.api.openstack.wsgi [None req-acbe04ac-d243-496b-a150-814b2bd42749 996e32ea82f44e1b8f356e013ad6ed31 bf5e85a729cb4be88e11ec742d345ee1 - - default default] POST http://[LB_IP_ADDRESS]:8776/v3/bf5e85a729cb4be88e11ec742d345ee1/group_types
2026-02-17 16:14:41.071 74 INFO cinder.api.v3.volumes [None req-3a561b5f-dd65-4bc0-8faf-dfd11ffc61c9 aa575265df4043289171bb9b0c2b1a99 6d4b90bd3f184af6a07cb70191cd8304 - - default default] Create volume of 1 GB
2026-02-17 16:14:41.077 74 INFO cinder.volume.api [None req-3a561b5f-dd65-4bc0-8faf-dfd11ffc61c9 aa575265df4043289171bb9b0c2b1a99 6d4b90bd3f184af6a07cb70191cd8304 - - default default] Availability Zones retrieved successfully.
2026-02-17 16:14:41.091 73 INFO cinder.api.openstack.wsgi [None req-acbe04ac-d243-496b-a150-814b2bd42749 996e32ea82f44e1b8f356e013ad6ed31 bf5e85a729cb4be88e11ec742d345ee1 - - default default] http://[LB_IP_ADDRESS]:8776/v3/bf5e85a729cb4be88e11ec742d345ee1/group_types returned with HTTP 202
2026-02-17 16:14:41.217 72 INFO cinder.api.openstack.wsgi [None req-03062414-21c1-4b03-ba45-01099172ad87 e6bb0303ff4b40a2a4091ce33445a9ce b1456c4662d6437080183151c608fce2 - - default default] POST http://[LB_IP_ADDRESS]:8776/v3/b1456c4662d6437080183151c608fce2/groups
2026-02-17 16:14:41.238 72 INFO cinder.api.v3.groups [None req-03062414-21c1-4b03-ba45-01099172ad87 e6bb0303ff4b40a2a4091ce33445a9ce b1456c4662d6437080183151c608fce2 - - default default] Creating group tempest-GroupSnapshotsTest-Group-1395722718.
2026-02-17 16:14:41.246 72 INFO cinder.volume.api [None req-03062414-21c1-4b03-ba45-01099172ad87 e6bb0303ff4b40a2a4091ce33445a9ce b1456c4662d6437080183151c608fce2 - - default default] Availability Zones retrieved successfully.
2026-02-17 16:14:41.570 74 WARNING cinder.quota [None req-3a561b5f-dd65-4bc0-8faf-dfd11ffc61c9 aa575265df4043289171bb9b0c2b1a99 6d4b90bd3f184af6a07cb70191cd8304 - - default default] Deprecated: Default quota for resource: volumes_tempest-GroupsV314Test-volume-type-2087226470 is set by the default quota flag: quota_volumes_tempest-GroupsV314Test-volume-type-2087226470, it is now deprecated. Please use the default quota class for default quota.
2026-02-17 16:14:41.570 74 WARNING cinder.quota [None req-3a561b5f-dd65-4bc0-8faf-dfd11ffc61c9 aa575265df4043289171bb9b0c2b1a99 6d4b90bd3f184af6a07cb70191cd8304 - - default default] Deprecated: Default quota for resource: gigabytes_tempest-GroupsV314Test-volume-type-2087226470 is set by the default quota flag: quota_gigabytes_tempest-GroupsV314Test-volume-type-2087226470, it is now deprecated. Please use the default quota class for default quota.
2026-02-17 16:14:41.601 72 INFO cinder.api.openstack.wsgi [None req-03062414-21c1-4b03-ba45-01099172ad87 e6bb0303ff4b40a2a4091ce33445a9ce b1456c4662d6437080183151c608fce2 - - default default] http://[LB_IP_ADDRESS]:8776/v3/b1456c4662d6437080183151c608fce2/groups returned with HTTP 202
2026-02-17 16:14:41.614 76 INFO cinder.api.openstack.wsgi [None req-188b963e-bb9e-4d61-9c8e-b1062c967e86 e6bb0303ff4b40a2a4091ce33445a9ce b1456c4662d6437080183151c608fce2 - - default default] GET http://[LB_IP_ADDRESS]:8776/v3/b1456c4662d6437080183151c608fce2/groups/dd6be00a-e623-46d5-9d4f-eabdda170bbe
2026-02-17 16:14:41.636 76 INFO cinder.api.openstack.wsgi [None req-188b963e-bb9e-4d61-9c8e-b1062c967e86 e6bb0303ff4b40a2a4091ce33445a9ce b1456c4662d6437080183151c608fce2 - - default default] http://[LB_IP_ADDRESS]:8776/v3/b1456c4662d6437080183151c608fce2/groups/dd6be00a-e623-46d5-9d4f-eabdda170bbe returned with HTTP 200
2026-02-17 16:14:41.666 74 INFO cinder.volume.api [None req-3a561b5f-dd65-4bc0-8faf-dfd11ffc61c9 aa575265df4043289171bb9b0c2b1a99 6d4b90bd3f184af6a07cb70191cd8304 - - default default] Create volume request issued successfully.
2026-02-17 16:14:41.687 74 INFO cinder.api.openstack.wsgi [None req-3a561b5f-dd65-4bc0-8faf-dfd11ffc61c9 aa575265df4043289171bb9b0c2b1a99 6d4b90bd3f184af6a07cb70191cd8304 - - default default] http://[LB_IP_ADDRESS]:8776/v3/6d4b90bd3f184af6a07cb70191cd8304/volumes returned with HTTP 202
2026-02-17 16:14:41.706 75 INFO cinder.api.openstack.wsgi [None req-e7dfc9d8-97ce-4510-a87e-68c0257010a6 aa575265df4043289171bb9b0c2b1a99 6d4b90bd3f184af6a07cb70191cd8304 - - default default] GET http://[LB_IP_ADDRESS]:8776/v3/6d4b90bd3f184af6a07cb70191cd8304/volumes/a032b624-485d-4bea-835b-73b53099980a
2026-02-17 16:14:41.723 75 INFO cinder.volume.api [None req-e7dfc9d8-97ce-4510-a87e-68c0257010a6 aa575265df4043289171bb9b0c2b1a99 6d4b90bd3f184af6a07cb70191cd8304 - - default default] Volume info retrieved successfully.
2026-02-17 16:14:41.748 75 INFO cinder.api.openstack.wsgi [None req-e7dfc9d8-97ce-4510-a87e-68c0257010a6 aa575265df4043289171bb9b0c2b1a99 6d4b90bd3f184af6a07cb70191cd8304 - - default default] http://[LB_IP_ADDRESS]:8776/v3/6d4b90bd3f184af6a07cb70191cd8304/volumes/a032b624-485d-4bea-835b-73b53099980a returned with HTTP 200
2026-02-17 16:14:41.868 73 INFO cinder.api.openstack.wsgi [None req-a18b297a-7dc7-4ed8-af1a-4c043e473122 56ea39e1861146ae90a5bcceae7ee42a 8733d15baf2840399729d521056ad3de - - default default] GET http://[LB_IP_ADDRESS]:8776/v3/8733d15baf2840399729d521056ad3de/volumes/69a241fd-3a10-47d9-be17-0686cb381d7b
2026-02-17 16:14:41.881 73 INFO cinder.api.openstack.wsgi [None req-a18b297a-7dc7-4ed8-af1a-4c043e473122 56ea39e1861146ae90a5bcceae7ee42a 8733d15baf2840399729d521056ad3de - - default default] http://[LB_IP_ADDRESS]:8776/v3/8733d15baf2840399729d521056ad3de/volumes/69a241fd-3a10-47d9-be17-0686cb381d7b returned with HTTP 404
2026-02-17 16:14:41.893 72 INFO cinder.api.openstack.wsgi [None req-53c04024-813e-463b-9430-8d51d9a58903 56ea39e1861146ae90a5bcceae7ee42a 8733d15baf2840399729d521056ad3de - - default default] DELETE http://[LB_IP_ADDRESS]:8776/v3/8733d15baf2840399729d521056ad3de/volumes/9e507cff-d338-4f90-89f5-00acf8ff5ad0
2026-02-17 16:14:41.894 72 INFO cinder.api.v3.volumes [None req-53c04024-813e-463b-9430-8d51d9a58903 56ea39e1861146ae90a5bcceae7ee42a 8733d15baf2840399729d521056ad3de - - default default] Delete volume with id: 9e507cff-d338-4f90-89f5-00acf8ff5ad0 
2026-02-17 16:14:41.913 72 INFO cinder.volume.api [None req-53c04024-813e-463b-9430-8d51d9a58903 56ea39e1861146ae90a5bcceae7ee42a 8733d15baf2840399729d521056ad3de - - default default] Volume info retrieved successfully.
2026-02-17 16:14:41.933 72 INFO cinder.volume.api [None req-53c04024-813e-463b-9430-8d51d9a58903 56ea39e1861146ae90a5bcceae7ee42a 8733d15baf2840399729d521056ad3de - - default default] Delete volume request issued successfully.
2026-02-17 16:14:41.933 72 INFO cinder.api.openstack.wsgi [None req-53c04024-813e-463b-9430-8d51d9a58903 56ea39e1861146ae90a5bcceae7ee42a 8733d15baf2840399729d521056ad3de - - default default] http://[LB_IP_ADDRESS]:8776/v3/8733d15baf2840399729d521056ad3de/volumes/9e507cff-d338-4f90-89f5-00acf8ff5ad0 returned with HTTP 202
2026-02-17 16:14:41.946 76 INFO cinder.api.openstack.wsgi [None req-e0898685-678c-42f3-b96f-6dbb01f56ce2 56ea39e1861146ae90a5bcceae7ee42a 8733d15baf2840399729d521056ad3de - - default default] GET http://[LB_IP_ADDRESS]:8776/v3/8733d15baf2840399729d521056ad3de/volumes/9e507cff-d338-4f90-89f5-00acf8ff5ad0
2026-02-17 16:14:41.964 76 INFO cinder.volume.api [None req-e0898685-678c-42f3-b96f-6dbb01f56ce2 56ea39e1861146ae90a5bcceae7ee42a 8733d15baf2840399729d521056ad3de - - default default] Volume info retrieved successfully.
2026-02-17 16:14:41.968 76 INFO cinder.api.openstack.wsgi [None req-e0898685-678c-42f3-b96f-6dbb01f56ce2 56ea39e1861146ae90a5bcceae7ee42a 8733d15baf2840399729d521056ad3de - - default default] http://[LB_IP_ADDRESS]:8776/v3/8733d15baf2840399729d521056ad3de/volumes/9e507cff-d338-4f90-89f5-00acf8ff5ad0 returned with HTTP 200
2026-02-17 16:14:42.651 74 INFO cinder.api.openstack.wsgi [None req-572e7433-95fe-41d0-846f-9d9f21303fa3 e6bb0303ff4b40a2a4091ce33445a9ce b1456c4662d6437080183151c608fce2 - - default default] GET http://[LB_IP_ADDRESS]:8776/v3/b1456c4662d6437080183151c608fce2/groups/dd6be00a-e623-46d5-9d4f-eabdda170bbe
2026-02-17 16:14:42.677 74 INFO cinder.api.openstack.wsgi [None req-572e7433-95fe-41d0-846f-9d9f21303fa3 e6bb0303ff4b40a2a4091ce33445a9ce b1456c4662d6437080183151c608fce2 - - default default] http://[LB_IP_ADDRESS]:8776/v3/b1456c4662d6437080183151c608fce2/groups/dd6be00a-e623-46d5-9d4f-eabdda170bbe returned with HTTP 200
2026-02-17 16:14:42.692 75 INFO cinder.api.openstack.wsgi [None req-f60983e2-57d8-4e97-b3e0-0c6007f117a2 e6bb0303ff4b40a2a4091ce33445a9ce b1456c4662d6437080183151c608fce2 - - default default] POST http://[LB_IP_ADDRESS]:8776/v3/b1456c4662d6437080183151c608fce2/volumes
2026-02-17 16:14:42.705 75 INFO cinder.api.v3.volumes [None req-f60983e2-57d8-4e97-b3e0-0c6007f117a2 e6bb0303ff4b40a2a4091ce33445a9ce b1456c4662d6437080183151c608fce2 - - default default] Create volume of 1 GB
2026-02-17 16:14:42.712 75 INFO cinder.volume.api [None req-f60983e2-57d8-4e97-b3e0-0c6007f117a2 e6bb0303ff4b40a2a4091ce33445a9ce b1456c4662d6437080183151c608fce2 - - default default] Availability Zones retrieved successfully.
2026-02-17 16:14:42.769 73 INFO cinder.api.openstack.wsgi [None req-8ea487af-e07f-444a-93c6-99ae02c5dee7 aa575265df4043289171bb9b0c2b1a99 6d4b90bd3f184af6a07cb70191cd8304 - - default default] GET http://[LB_IP_ADDRESS]:8776/v3/6d4b90bd3f184af6a07cb70191cd8304/volumes/a032b624-485d-4bea-835b-73b53099980a
2026-02-17 16:14:42.789 73 INFO cinder.volume.api [None req-8ea487af-e07f-444a-93c6-99ae02c5dee7 aa575265df4043289171bb9b0c2b1a99 6d4b90bd3f184af6a07cb70191cd8304 - - default default] Volume info retrieved successfully.
2026-02-17 16:14:42.809 73 INFO cinder.api.openstack.wsgi [None req-8ea487af-e07f-444a-93c6-99ae02c5dee7 aa575265df4043289171bb9b0c2b1a99 6d4b90bd3f184af6a07cb70191cd8304 - - default default] http://[LB_IP_ADDRESS]:8776/v3/6d4b90bd3f184af6a07cb70191cd8304/volumes/a032b624-485d-4bea-835b-73b53099980a returned with HTTP 200
2026-02-17 16:14:42.831 72 INFO cinder.api.openstack.wsgi [None req-61143b47-a48b-459f-830f-068be678b46a aa575265df4043289171bb9b0c2b1a99 6d4b90bd3f184af6a07cb70191cd8304 - - default default] POST http://[LB_IP_ADDRESS]:8776/v3/6d4b90bd3f184af6a07cb70191cd8304/groups/action
2026-02-17 16:14:42.836 72 INFO cinder.api.v3.groups [None req-61143b47-a48b-459f-830f-068be678b46a aa575265df4043289171bb9b0c2b1a99 6d4b90bd3f184af6a07cb70191cd8304 - - default default] Creating group tempest-Group_from_grp-1788927936 from source group 85f81a7e-3056-46b5-831c-588e9d3e7099.
2026-02-17 16:14:42.988 76 INFO cinder.api.openstack.wsgi [None req-b58ddc8f-8d00-40d9-a1ac-3713ae2a84b7 56ea39e1861146ae90a5bcceae7ee42a 8733d15baf2840399729d521056ad3de - - default default] GET http://[LB_IP_ADDRESS]:8776/v3/8733d15baf2840399729d521056ad3de/volumes/9e507cff-d338-4f90-89f5-00acf8ff5ad0
2026-02-17 16:14:42.999 76 INFO cinder.api.openstack.wsgi [None req-b58ddc8f-8d00-40d9-a1ac-3713ae2a84b7 56ea39e1861146ae90a5bcceae7ee42a 8733d15baf2840399729d521056ad3de - - default default] http://[LB_IP_ADDRESS]:8776/v3/8733d15baf2840399729d521056ad3de/volumes/9e507cff-d338-4f90-89f5-00acf8ff5ad0 returned with HTTP 404
2026-02-17 16:14:43.010 74 INFO cinder.api.openstack.wsgi [None req-33e1040b-480a-4116-b430-2d0df9e7d746 56ea39e1861146ae90a5bcceae7ee42a 8733d15baf2840399729d521056ad3de - - default default] DELETE http://[LB_IP_ADDRESS]:8776/v3/8733d15baf2840399729d521056ad3de/volumes/918cf12f-7186-4a0e-ba83-3a5eb21c2103
2026-02-17 16:14:43.011 74 INFO cinder.api.v3.volumes [None req-33e1040b-480a-4116-b430-2d0df9e7d746 56ea39e1861146ae90a5bcceae7ee42a 8733d15baf2840399729d521056ad3de - - default default] Delete volume with id: 918cf12f-7186-4a0e-ba83-3a5eb21c2103 
2026-02-17 16:14:43.024 74 INFO cinder.volume.api [None req-33e1040b-480a-4116-b430-2d0df9e7d746 56ea39e1861146ae90a5bcceae7ee42a 8733d15baf2840399729d521056ad3de - - default default] Volume info retrieved successfully.
2026-02-17 16:14:43.042 74 INFO cinder.volume.api [None req-33e1040b-480a-4116-b430-2d0df9e7d746 56ea39e1861146ae90a5bcceae7ee42a 8733d15baf2840399729d521056ad3de - - default default] Delete volume request issued successfully.
2026-02-17 16:14:43.043 74 INFO cinder.api.openstack.wsgi [None req-33e1040b-480a-4116-b430-2d0df9e7d746 56ea39e1861146ae90a5bcceae7ee42a 8733d15baf2840399729d521056ad3de - - default default] http://[LB_IP_ADDRESS]:8776/v3/8733d15baf2840399729d521056ad3de/volumes/918cf12f-7186-4a0e-ba83-3a5eb21c2103 returned with HTTP 202
2026-02-17 16:14:43.055 73 INFO cinder.api.openstack.wsgi [None req-70bf3aff-2dd7-4672-a93b-bde56b117d70 56ea39e1861146ae90a5bcceae7ee42a 8733d15baf2840399729d521056ad3de - - default default] GET http://[LB_IP_ADDRESS]:8776/v3/8733d15baf2840399729d521056ad3de/volumes/918cf12f-7186-4a0e-ba83-3a5eb21c2103
2026-02-17 16:14:43.071 73 INFO cinder.volume.api [None req-70bf3aff-2dd7-4672-a93b-bde56b117d70 56ea39e1861146ae90a5bcceae7ee42a 8733d15baf2840399729d521056ad3de - - default default] Volume info retrieved successfully.
2026-02-17 16:14:43.076 73 INFO cinder.api.openstack.wsgi [None req-70bf3aff-2dd7-4672-a93b-bde56b117d70 56ea39e1861146ae90a5bcceae7ee42a 8733d15baf2840399729d521056ad3de - - default default] http://[LB_IP_ADDRESS]:8776/v3/8733d15baf2840399729d521056ad3de/volumes/918cf12f-7186-4a0e-ba83-3a5eb21c2103 returned with HTTP 200
2026-02-17 16:14:43.181 75 WARNING cinder.quota [None req-f60983e2-57d8-4e97-b3e0-0c6007f117a2 e6bb0303ff4b40a2a4091ce33445a9ce b1456c4662d6437080183151c608fce2 - - default default] Deprecated: Default quota for resource: volumes_tempest-GroupSnapshotsTest-volume-type-1265222181 is set by the default quota flag: quota_volumes_tempest-GroupSnapshotsTest-volume-type-1265222181, it is now deprecated. Please use the default quota class for default quota.
2026-02-17 16:14:43.182 75 WARNING cinder.quota [None req-f60983e2-57d8-4e97-b3e0-0c6007f117a2 e6bb0303ff4b40a2a4091ce33445a9ce b1456c4662d6437080183151c608fce2 - - default default] Deprecated: Default quota for resource: gigabytes_tempest-GroupSnapshotsTest-volume-type-1265222181 is set by the default quota flag: quota_gigabytes_tempest-GroupSnapshotsTest-volume-type-1265222181, it is now deprecated. Please use the default quota class for default quota.
2026-02-17 16:14:43.263 75 INFO cinder.volume.api [None req-f60983e2-57d8-4e97-b3e0-0c6007f117a2 e6bb0303ff4b40a2a4091ce33445a9ce b1456c4662d6437080183151c608fce2 - - default default] Create volume request issued successfully.
2026-02-17 16:14:43.288 75 INFO cinder.api.openstack.wsgi [None req-f60983e2-57d8-4e97-b3e0-0c6007f117a2 e6bb0303ff4b40a2a4091ce33445a9ce b1456c4662d6437080183151c608fce2 - - default default] http://[LB_IP_ADDRESS]:8776/v3/b1456c4662d6437080183151c608fce2/volumes returned with HTTP 202
2026-02-17 16:14:43.301 76 INFO cinder.api.openstack.wsgi [None req-bd0f2b3a-ff73-46ea-94be-eb613e22679f e6bb0303ff4b40a2a4091ce33445a9ce b1456c4662d6437080183151c608fce2 - - default default] GET http://[LB_IP_ADDRESS]:8776/v3/b1456c4662d6437080183151c608fce2/volumes/756088bf-2f9f-414a-87fd-e2f9fcff1a4c
2026-02-17 16:14:43.315 76 INFO cinder.volume.api [None req-bd0f2b3a-ff73-46ea-94be-eb613e22679f e6bb0303ff4b40a2a4091ce33445a9ce b1456c4662d6437080183151c608fce2 - - default default] Volume info retrieved successfully.
2026-02-17 16:14:43.339 76 INFO cinder.api.openstack.wsgi [None req-bd0f2b3a-ff73-46ea-94be-eb613e22679f e6bb0303ff4b40a2a4091ce33445a9ce b1456c4662d6437080183151c608fce2 - - default default] http://[LB_IP_ADDRESS]:8776/v3/b1456c4662d6437080183151c608fce2/volumes/756088bf-2f9f-414a-87fd-e2f9fcff1a4c returned with HTTP 200
2026-02-17 16:14:43.524 72 INFO cinder.group.api [None req-61143b47-a48b-459f-830f-068be678b46a aa575265df4043289171bb9b0c2b1a99 6d4b90bd3f184af6a07cb70191cd8304 - - default default] A mapping entry already exists for group 75231519-1d5b-455b-8590-14c41847b2ef and volume type 8352ab90-901c-47b6-9192-e0daa36e8da7. Do not need to create again.
2026-02-17 16:14:43.525 72 INFO cinder.volume.api [None req-61143b47-a48b-459f-830f-068be678b46a aa575265df4043289171bb9b0c2b1a99 6d4b90bd3f184af6a07cb70191cd8304 - - default default] Availability Zones retrieved successfully.
2026-02-17 16:14:43.747 72 WARNING cinder.quota [None req-61143b47-a48b-459f-830f-068be678b46a aa575265df4043289171bb9b0c2b1a99 6d4b90bd3f184af6a07cb70191cd8304 - - default default] Deprecated: Default quota for resource: volumes_tempest-GroupsV314Test-volume-type-2087226470 is set by the default quota flag: quota_volumes_tempest-GroupsV314Test-volume-type-2087226470, it is now deprecated. Please use the default quota class for default quota.
2026-02-17 16:14:43.748 72 WARNING cinder.quota [None req-61143b47-a48b-459f-830f-068be678b46a aa575265df4043289171bb9b0c2b1a99 6d4b90bd3f184af6a07cb70191cd8304 - - default default] Deprecated: Default quota for resource: gigabytes_tempest-GroupsV314Test-volume-type-2087226470 is set by the default quota flag: quota_gigabytes_tempest-GroupsV314Test-volume-type-2087226470, it is now deprecated. Please use the default quota class for default quota.
2026-02-17 16:14:43.813 72 INFO cinder.volume.api [None req-61143b47-a48b-459f-830f-068be678b46a aa575265df4043289171bb9b0c2b1a99 6d4b90bd3f184af6a07cb70191cd8304 - - default default] Create volume request issued successfully.
2026-02-17 16:14:43.828 72 INFO cinder.api.openstack.wsgi [None req-61143b47-a48b-459f-830f-068be678b46a aa575265df4043289171bb9b0c2b1a99 6d4b90bd3f184af6a07cb70191cd8304 - - default default] http://[LB_IP_ADDRESS]:8776/v3/6d4b90bd3f184af6a07cb70191cd8304/groups/action returned with HTTP 202
2026-02-17 16:14:43.841 74 INFO cinder.api.openstack.wsgi [None req-f3a9aa99-9a89-4025-a3fc-8ccea8b07d6b aa575265df4043289171bb9b0c2b1a99 6d4b90bd3f184af6a07cb70191cd8304 - - default default] GET http://[LB_IP_ADDRESS]:8776/v3/6d4b90bd3f184af6a07cb70191cd8304/volumes/detail
2026-02-17 16:14:43.855 74 INFO cinder.volume.api [None req-f3a9aa99-9a89-4025-a3fc-8ccea8b07d6b aa575265df4043289171bb9b0c2b1a99 6d4b90bd3f184af6a07cb70191cd8304 - - default default] Get all volumes completed successfully.
2026-02-17 16:14:43.904 74 INFO cinder.api.openstack.wsgi [None req-f3a9aa99-9a89-4025-a3fc-8ccea8b07d6b aa575265df4043289171bb9b0c2b1a99 6d4b90bd3f184af6a07cb70191cd8304 - - default default] http://[LB_IP_ADDRESS]:8776/v3/6d4b90bd3f184af6a07cb70191cd8304/volumes/detail returned with HTTP 200
2026-02-17 16:14:43.925 73 INFO cinder.api.openstack.wsgi [None req-816b542c-c410-4458-949d-5d8d22bd3080 aa575265df4043289171bb9b0c2b1a99 6d4b90bd3f184af6a07cb70191cd8304 - - default default] GET http://[LB_IP_ADDRESS]:8776/v3/6d4b90bd3f184af6a07cb70191cd8304/volumes/557831ab-c1ca-4f3f-9c13-1cd7362ee5dc
2026-02-17 16:14:43.943 73 INFO cinder.volume.api [None req-816b542c-c410-4458-949d-5d8d22bd3080 aa575265df4043289171bb9b0c2b1a99 6d4b90bd3f184af6a07cb70191cd8304 - - default default] Volume info retrieved successfully.
2026-02-17 16:14:43.968 73 INFO cinder.api.openstack.wsgi [None req-816b542c-c410-4458-949d-5d8d22bd3080 aa575265df4043289171bb9b0c2b1a99 6d4b90bd3f184af6a07cb70191cd8304 - - default default] http://[LB_IP_ADDRESS]:8776/v3/6d4b90bd3f184af6a07cb70191cd8304/volumes/557831ab-c1ca-4f3f-9c13-1cd7362ee5dc returned with HTTP 200
2026-02-17 16:14:44.096 75 INFO cinder.api.openstack.wsgi [None req-eb9fd157-c073-4258-90ad-62566e26dbfd 56ea39e1861146ae90a5bcceae7ee42a 8733d15baf2840399729d521056ad3de - - default default] GET http://[LB_IP_ADDRESS]:8776/v3/8733d15baf2840399729d521056ad3de/volumes/918cf12f-7186-4a0e-ba83-3a5eb21c2103
2026-02-17 16:14:44.111 75 INFO cinder.api.openstack.wsgi [None req-eb9fd157-c073-4258-90ad-62566e26dbfd 56ea39e1861146ae90a5bcceae7ee42a 8733d15baf2840399729d521056ad3de - - default default] http://[LB_IP_ADDRESS]:8776/v3/8733d15baf2840399729d521056ad3de/volumes/918cf12f-7186-4a0e-ba83-3a5eb21c2103 returned with HTTP 404
2026-02-17 16:14:44.357 76 INFO cinder.api.openstack.wsgi [None req-f518b3c9-ff0f-4be8-80fc-b6a3b4e7ca33 e6bb0303ff4b40a2a4091ce33445a9ce b1456c4662d6437080183151c608fce2 - - default default] GET http://[LB_IP_ADDRESS]:8776/v3/b1456c4662d6437080183151c608fce2/volumes/756088bf-2f9f-414a-87fd-e2f9fcff1a4c
2026-02-17 16:14:44.373 76 INFO cinder.volume.api [None req-f518b3c9-ff0f-4be8-80fc-b6a3b4e7ca33 e6bb0303ff4b40a2a4091ce33445a9ce b1456c4662d6437080183151c608fce2 - - default default] Volume info retrieved successfully.
2026-02-17 16:14:44.410 76 INFO cinder.api.openstack.wsgi [None req-f518b3c9-ff0f-4be8-80fc-b6a3b4e7ca33 e6bb0303ff4b40a2a4091ce33445a9ce b1456c4662d6437080183151c608fce2 - - default default] http://[LB_IP_ADDRESS]:8776/v3/b1456c4662d6437080183151c608fce2/volumes/756088bf-2f9f-414a-87fd-e2f9fcff1a4c returned with HTTP 200
2026-02-17 16:14:44.430 72 INFO cinder.api.openstack.wsgi [None req-49026444-acf1-4a1e-b6e3-d6fbdb1a16a5 e6bb0303ff4b40a2a4091ce33445a9ce b1456c4662d6437080183151c608fce2 - - default default] POST http://[LB_IP_ADDRESS]:8776/v3/b1456c4662d6437080183151c608fce2/group_snapshots
2026-02-17 16:14:44.453 72 INFO cinder.api.v3.group_snapshots [None req-49026444-acf1-4a1e-b6e3-d6fbdb1a16a5 e6bb0303ff4b40a2a4091ce33445a9ce b1456c4662d6437080183151c608fce2 - - default default] Creating group_snapshot tempest-group_snapshot-1172103461.
2026-02-17 16:14:44.601 72 WARNING cinder.quota [None req-49026444-acf1-4a1e-b6e3-d6fbdb1a16a5 e6bb0303ff4b40a2a4091ce33445a9ce b1456c4662d6437080183151c608fce2 - - default default] Deprecated: Default quota for resource: gigabytes_tempest-GroupSnapshotsTest-volume-type-1265222181 is set by the default quota flag: quota_gigabytes_tempest-GroupSnapshotsTest-volume-type-1265222181, it is now deprecated. Please use the default quota class for default quota.
2026-02-17 16:14:44.602 72 WARNING cinder.quota [None req-49026444-acf1-4a1e-b6e3-d6fbdb1a16a5 e6bb0303ff4b40a2a4091ce33445a9ce b1456c4662d6437080183151c608fce2 - - default default] Deprecated: Default quota for resource: snapshots_tempest-GroupSnapshotsTest-volume-type-1265222181 is set by the default quota flag: quota_snapshots_tempest-GroupSnapshotsTest-volume-type-1265222181, it is now deprecated. Please use the default quota class for default quota.
2026-02-17 16:14:44.644 72 INFO cinder.api.openstack.wsgi [None req-49026444-acf1-4a1e-b6e3-d6fbdb1a16a5 e6bb0303ff4b40a2a4091ce33445a9ce b1456c4662d6437080183151c608fce2 - - default default] http://[LB_IP_ADDRESS]:8776/v3/b1456c4662d6437080183151c608fce2/group_snapshots returned with HTTP 202
2026-02-17 16:14:44.657 74 INFO cinder.api.openstack.wsgi [None req-f8280565-1c0e-4b86-ab86-f4e15cb804f3 e6bb0303ff4b40a2a4091ce33445a9ce b1456c4662d6437080183151c608fce2 - - default default] GET http://[LB_IP_ADDRESS]:8776/v3/b1456c4662d6437080183151c608fce2/group_snapshots/554e62b2-b79e-4455-a89f-1ff66d12c200
2026-02-17 16:14:44.677 74 INFO cinder.api.openstack.wsgi [None req-f8280565-1c0e-4b86-ab86-f4e15cb804f3 e6bb0303ff4b40a2a4091ce33445a9ce b1456c4662d6437080183151c608fce2 - - default default] http://[LB_IP_ADDRESS]:8776/v3/b1456c4662d6437080183151c608fce2/group_snapshots/554e62b2-b79e-4455-a89f-1ff66d12c200 returned with HTTP 200
2026-02-17 16:14:44.989 73 INFO cinder.api.openstack.wsgi [None req-3b277d02-235b-442c-9fc5-bd9eb935a033 aa575265df4043289171bb9b0c2b1a99 6d4b90bd3f184af6a07cb70191cd8304 - - default default] GET http://[LB_IP_ADDRESS]:8776/v3/6d4b90bd3f184af6a07cb70191cd8304/volumes/557831ab-c1ca-4f3f-9c13-1cd7362ee5dc
2026-02-17 16:14:45.005 73 INFO cinder.volume.api [None req-3b277d02-235b-442c-9fc5-bd9eb935a033 aa575265df4043289171bb9b0c2b1a99 6d4b90bd3f184af6a07cb70191cd8304 - - default default] Volume info retrieved successfully.
2026-02-17 16:14:45.030 73 INFO cinder.api.openstack.wsgi [None req-3b277d02-235b-442c-9fc5-bd9eb935a033 aa575265df4043289171bb9b0c2b1a99 6d4b90bd3f184af6a07cb70191cd8304 - - default default] http://[LB_IP_ADDRESS]:8776/v3/6d4b90bd3f184af6a07cb70191cd8304/volumes/557831ab-c1ca-4f3f-9c13-1cd7362ee5dc returned with HTTP 200
2026-02-17 16:14:45.691 75 INFO cinder.api.openstack.wsgi [None req-4be07f9b-198b-490d-9ce4-481fa716be83 e6bb0303ff4b40a2a4091ce33445a9ce b1456c4662d6437080183151c608fce2 - - default default] GET http://[LB_IP_ADDRESS]:8776/v3/b1456c4662d6437080183151c608fce2/group_snapshots/554e62b2-b79e-4455-a89f-1ff66d12c200
2026-02-17 16:14:45.712 75 INFO cinder.api.openstack.wsgi [None req-4be07f9b-198b-490d-9ce4-481fa716be83 e6bb0303ff4b40a2a4091ce33445a9ce b1456c4662d6437080183151c608fce2 - - default default] http://[LB_IP_ADDRESS]:8776/v3/b1456c4662d6437080183151c608fce2/group_snapshots/554e62b2-b79e-4455-a89f-1ff66d12c200 returned with HTTP 200
2026-02-17 16:14:46.051 76 INFO cinder.api.openstack.wsgi [None req-f26c0ed5-fae8-46a6-aafa-759215810159 aa575265df4043289171bb9b0c2b1a99 6d4b90bd3f184af6a07cb70191cd8304 - - default default] GET http://[LB_IP_ADDRESS]:8776/v3/6d4b90bd3f184af6a07cb70191cd8304/volumes/557831ab-c1ca-4f3f-9c13-1cd7362ee5dc
2026-02-17 16:14:46.069 76 INFO cinder.volume.api [None req-f26c0ed5-fae8-46a6-aafa-759215810159 aa575265df4043289171bb9b0c2b1a99 6d4b90bd3f184af6a07cb70191cd8304 - - default default] Volume info retrieved successfully.
2026-02-17 16:14:46.084 76 INFO cinder.api.openstack.wsgi [None req-f26c0ed5-fae8-46a6-aafa-759215810159 aa575265df4043289171bb9b0c2b1a99 6d4b90bd3f184af6a07cb70191cd8304 - - default default] http://[LB_IP_ADDRESS]:8776/v3/6d4b90bd3f184af6a07cb70191cd8304/volumes/557831ab-c1ca-4f3f-9c13-1cd7362ee5dc returned with HTTP 200
2026-02-17 16:14:46.727 72 INFO cinder.api.openstack.wsgi [None req-24d5a0e5-0561-4526-87f2-710666faa82e e6bb0303ff4b40a2a4091ce33445a9ce b1456c4662d6437080183151c608fce2 - - default default] GET http://[LB_IP_ADDRESS]:8776/v3/b1456c4662d6437080183151c608fce2/group_snapshots/554e62b2-b79e-4455-a89f-1ff66d12c200
2026-02-17 16:14:46.746 72 INFO cinder.api.openstack.wsgi [None req-24d5a0e5-0561-4526-87f2-710666faa82e e6bb0303ff4b40a2a4091ce33445a9ce b1456c4662d6437080183151c608fce2 - - default default] http://[LB_IP_ADDRESS]:8776/v3/b1456c4662d6437080183151c608fce2/group_snapshots/554e62b2-b79e-4455-a89f-1ff66d12c200 returned with HTTP 200
2026-02-17 16:14:46.760 74 INFO cinder.api.openstack.wsgi [None req-fc8bff4f-5299-429d-92ec-65a7e7f7aa18 e6bb0303ff4b40a2a4091ce33445a9ce b1456c4662d6437080183151c608fce2 - - default default] GET http://[LB_IP_ADDRESS]:8776/v3/b1456c4662d6437080183151c608fce2/snapshots/detail
2026-02-17 16:14:46.767 74 INFO cinder.volume.api [None req-fc8bff4f-5299-429d-92ec-65a7e7f7aa18 e6bb0303ff4b40a2a4091ce33445a9ce b1456c4662d6437080183151c608fce2 - - default default] Get all snapshots completed successfully.
2026-02-17 16:14:46.768 74 INFO cinder.api.openstack.wsgi [None req-fc8bff4f-5299-429d-92ec-65a7e7f7aa18 e6bb0303ff4b40a2a4091ce33445a9ce b1456c4662d6437080183151c608fce2 - - default default] http://[LB_IP_ADDRESS]:8776/v3/b1456c4662d6437080183151c608fce2/snapshots/detail returned with HTTP 200
2026-02-17 16:14:46.782 73 INFO cinder.api.openstack.wsgi [None req-92cf9ba7-bd87-493c-b449-0757738c2afb e6bb0303ff4b40a2a4091ce33445a9ce b1456c4662d6437080183151c608fce2 - - default default] GET http://[LB_IP_ADDRESS]:8776/v3/b1456c4662d6437080183151c608fce2/snapshots/09861b83-8824-4cb2-9dc2-f47158f808f6
2026-02-17 16:14:46.791 73 INFO cinder.volume.api [None req-92cf9ba7-bd87-493c-b449-0757738c2afb e6bb0303ff4b40a2a4091ce33445a9ce b1456c4662d6437080183151c608fce2 - - default default] Snapshot retrieved successfully.
2026-02-17 16:14:46.792 73 INFO cinder.api.openstack.wsgi [None req-92cf9ba7-bd87-493c-b449-0757738c2afb e6bb0303ff4b40a2a4091ce33445a9ce b1456c4662d6437080183151c608fce2 - - default default] http://[LB_IP_ADDRESS]:8776/v3/b1456c4662d6437080183151c608fce2/snapshots/09861b83-8824-4cb2-9dc2-f47158f808f6 returned with HTTP 200
2026-02-17 16:14:46.806 75 INFO cinder.api.openstack.wsgi [None req-a5652f80-697d-4d93-aa5b-726aabc497e1 e6bb0303ff4b40a2a4091ce33445a9ce b1456c4662d6437080183151c608fce2 - - default default] POST http://[LB_IP_ADDRESS]:8776/v3/b1456c4662d6437080183151c608fce2/groups/action
2026-02-17 16:14:46.812 75 INFO cinder.api.v3.groups [None req-a5652f80-697d-4d93-aa5b-726aabc497e1 e6bb0303ff4b40a2a4091ce33445a9ce b1456c4662d6437080183151c608fce2 - - default default] Creating group tempest-Group_from_snap-394586650 from group_snapshot 554e62b2-b79e-4455-a89f-1ff66d12c200.
2026-02-17 16:14:47.105 76 INFO cinder.api.openstack.wsgi [None req-94c85b93-f8f2-46ec-b775-4b4b9fa08266 aa575265df4043289171bb9b0c2b1a99 6d4b90bd3f184af6a07cb70191cd8304 - - default default] GET http://[LB_IP_ADDRESS]:8776/v3/6d4b90bd3f184af6a07cb70191cd8304/volumes/557831ab-c1ca-4f3f-9c13-1cd7362ee5dc
2026-02-17 16:14:47.120 76 INFO cinder.volume.api [None req-94c85b93-f8f2-46ec-b775-4b4b9fa08266 aa575265df4043289171bb9b0c2b1a99 6d4b90bd3f184af6a07cb70191cd8304 - - default default] Volume info retrieved successfully.
2026-02-17 16:14:47.157 76 INFO cinder.api.openstack.wsgi [None req-94c85b93-f8f2-46ec-b775-4b4b9fa08266 aa575265df4043289171bb9b0c2b1a99 6d4b90bd3f184af6a07cb70191cd8304 - - default default] http://[LB_IP_ADDRESS]:8776/v3/6d4b90bd3f184af6a07cb70191cd8304/volumes/557831ab-c1ca-4f3f-9c13-1cd7362ee5dc returned with HTTP 200
2026-02-17 16:14:47.179 72 INFO cinder.api.openstack.wsgi [None req-fd26ec7b-323f-407f-8768-6d8f84b58fca aa575265df4043289171bb9b0c2b1a99 6d4b90bd3f184af6a07cb70191cd8304 - - default default] GET http://[LB_IP_ADDRESS]:8776/v3/6d4b90bd3f184af6a07cb70191cd8304/groups/75231519-1d5b-455b-8590-14c41847b2ef
2026-02-17 16:14:47.205 72 INFO cinder.api.openstack.wsgi [None req-fd26ec7b-323f-407f-8768-6d8f84b58fca aa575265df4043289171bb9b0c2b1a99 6d4b90bd3f184af6a07cb70191cd8304 - - default default] http://[LB_IP_ADDRESS]:8776/v3/6d4b90bd3f184af6a07cb70191cd8304/groups/75231519-1d5b-455b-8590-14c41847b2ef returned with HTTP 200
2026-02-17 16:14:47.217 74 INFO cinder.api.openstack.wsgi [None req-a62d0cae-69ba-4d22-91bd-561eb55c59a8 aa575265df4043289171bb9b0c2b1a99 6d4b90bd3f184af6a07cb70191cd8304 - - default default] GET http://[LB_IP_ADDRESS]:8776/v3/6d4b90bd3f184af6a07cb70191cd8304/volumes/detail
2026-02-17 16:14:47.228 74 INFO cinder.volume.api [None req-a62d0cae-69ba-4d22-91bd-561eb55c59a8 aa575265df4043289171bb9b0c2b1a99 6d4b90bd3f184af6a07cb70191cd8304 - - default default] Get all volumes completed successfully.
2026-02-17 16:14:47.291 74 INFO cinder.api.openstack.wsgi [None req-a62d0cae-69ba-4d22-91bd-561eb55c59a8 aa575265df4043289171bb9b0c2b1a99 6d4b90bd3f184af6a07cb70191cd8304 - - default default] http://[LB_IP_ADDRESS]:8776/v3/6d4b90bd3f184af6a07cb70191cd8304/volumes/detail returned with HTTP 200
2026-02-17 16:14:47.315 76 INFO cinder.api.openstack.wsgi [None req-5639ebc6-90df-476e-b54a-41b8499c21ab aa575265df4043289171bb9b0c2b1a99 6d4b90bd3f184af6a07cb70191cd8304 - - default default] POST http://[LB_IP_ADDRESS]:8776/v3/6d4b90bd3f184af6a07cb70191cd8304/groups/75231519-1d5b-455b-8590-14c41847b2ef/action
2026-02-17 16:14:47.318 76 INFO cinder.api.v3.groups [None req-5639ebc6-90df-476e-b54a-41b8499c21ab aa575265df4043289171bb9b0c2b1a99 6d4b90bd3f184af6a07cb70191cd8304 - - default default] Delete group with id: 75231519-1d5b-455b-8590-14c41847b2ef
2026-02-17 16:14:47.345 73 INFO cinder.api.openstack.wsgi [None req-6bdb6192-774c-486c-9776-819132f7c2ae 55e8a82bc7074ed5a859c3d44e400021 39df1a8c63b9473e9aa53d51f1bb6c7a - - default default] POST http://[LB_IP_ADDRESS]:8776/v3/39df1a8c63b9473e9aa53d51f1bb6c7a/types
2026-02-17 16:14:47.383 76 INFO cinder.api.openstack.wsgi [None req-5639ebc6-90df-476e-b54a-41b8499c21ab aa575265df4043289171bb9b0c2b1a99 6d4b90bd3f184af6a07cb70191cd8304 - - default default] http://[LB_IP_ADDRESS]:8776/v3/6d4b90bd3f184af6a07cb70191cd8304/groups/75231519-1d5b-455b-8590-14c41847b2ef/action returned with HTTP 202
