2026-02-17 16:14:47.396 72 INFO cinder.api.openstack.wsgi [None req-e0562a9e-a01f-4ca6-b703-a33cacba9981 aa575265df4043289171bb9b0c2b1a99 6d4b90bd3f184af6a07cb70191cd8304 - - default default] GET http://[LB_IP_ADDRESS]:8776/v3/6d4b90bd3f184af6a07cb70191cd8304/volumes/557831ab-c1ca-4f3f-9c13-1cd7362ee5dc
2026-02-17 16:14:47.411 73 INFO cinder.api.openstack.wsgi [None req-6bdb6192-774c-486c-9776-819132f7c2ae 55e8a82bc7074ed5a859c3d44e400021 39df1a8c63b9473e9aa53d51f1bb6c7a - - default default] http://[LB_IP_ADDRESS]:8776/v3/39df1a8c63b9473e9aa53d51f1bb6c7a/types returned with HTTP 200
2026-02-17 16:14:47.413 72 INFO cinder.volume.api [None req-e0562a9e-a01f-4ca6-b703-a33cacba9981 aa575265df4043289171bb9b0c2b1a99 6d4b90bd3f184af6a07cb70191cd8304 - - default default] Volume info retrieved successfully.
2026-02-17 16:14:47.426 74 INFO cinder.api.openstack.wsgi [None req-88a447bb-9862-43ba-8d7c-1aaf8c08fd83 55e8a82bc7074ed5a859c3d44e400021 39df1a8c63b9473e9aa53d51f1bb6c7a - - default default] POST http://[LB_IP_ADDRESS]:8776/v3/39df1a8c63b9473e9aa53d51f1bb6c7a/group_types
2026-02-17 16:14:47.437 72 INFO cinder.api.openstack.wsgi [None req-e0562a9e-a01f-4ca6-b703-a33cacba9981 aa575265df4043289171bb9b0c2b1a99 6d4b90bd3f184af6a07cb70191cd8304 - - default default] http://[LB_IP_ADDRESS]:8776/v3/6d4b90bd3f184af6a07cb70191cd8304/volumes/557831ab-c1ca-4f3f-9c13-1cd7362ee5dc returned with HTTP 200
2026-02-17 16:14:47.452 74 INFO cinder.api.openstack.wsgi [None req-88a447bb-9862-43ba-8d7c-1aaf8c08fd83 55e8a82bc7074ed5a859c3d44e400021 39df1a8c63b9473e9aa53d51f1bb6c7a - - default default] http://[LB_IP_ADDRESS]:8776/v3/39df1a8c63b9473e9aa53d51f1bb6c7a/group_types returned with HTTP 202
2026-02-17 16:14:47.484 75 INFO cinder.group.api [None req-a5652f80-697d-4d93-aa5b-726aabc497e1 e6bb0303ff4b40a2a4091ce33445a9ce b1456c4662d6437080183151c608fce2 - - default default] A mapping entry already exists for group 53902374-b1cb-4b00-b268-7f56bd44c242 and volume type d258eced-c2b0-4b0e-a9c6-0b47a6f743f0. Do not need to create again.
2026-02-17 16:14:47.485 75 INFO cinder.volume.api [None req-a5652f80-697d-4d93-aa5b-726aabc497e1 e6bb0303ff4b40a2a4091ce33445a9ce b1456c4662d6437080183151c608fce2 - - default default] Availability Zones retrieved successfully.
2026-02-17 16:14:47.591 76 INFO cinder.api.openstack.wsgi [None req-62e3ca35-f7e9-4135-91b3-23b63e25d1b1 46d1f35b7f894ce19fc8d0563a89f6d4 ccd42ff826c6435eb44bb460ea9f0b74 - - default default] POST http://[LB_IP_ADDRESS]:8776/v3/ccd42ff826c6435eb44bb460ea9f0b74/groups
2026-02-17 16:14:47.603 76 INFO cinder.api.v3.groups [None req-62e3ca35-f7e9-4135-91b3-23b63e25d1b1 46d1f35b7f894ce19fc8d0563a89f6d4 ccd42ff826c6435eb44bb460ea9f0b74 - - default default] Creating group tempest-GroupSnapshotsV319Test-Group-1194632293.
2026-02-17 16:14:47.607 76 INFO cinder.volume.api [None req-62e3ca35-f7e9-4135-91b3-23b63e25d1b1 46d1f35b7f894ce19fc8d0563a89f6d4 ccd42ff826c6435eb44bb460ea9f0b74 - - default default] Availability Zones retrieved successfully.
2026-02-17 16:14:47.971 76 INFO cinder.api.openstack.wsgi [None req-62e3ca35-f7e9-4135-91b3-23b63e25d1b1 46d1f35b7f894ce19fc8d0563a89f6d4 ccd42ff826c6435eb44bb460ea9f0b74 - - default default] http://[LB_IP_ADDRESS]:8776/v3/ccd42ff826c6435eb44bb460ea9f0b74/groups returned with HTTP 202
2026-02-17 16:14:47.986 73 INFO cinder.api.openstack.wsgi [None req-d3e5b297-b0d2-4950-a234-61a3d0580c24 46d1f35b7f894ce19fc8d0563a89f6d4 ccd42ff826c6435eb44bb460ea9f0b74 - - default default] GET http://[LB_IP_ADDRESS]:8776/v3/ccd42ff826c6435eb44bb460ea9f0b74/groups/29b9b4ef-aa08-414a-a8d6-716bf8220cb1
2026-02-17 16:14:48.006 73 INFO cinder.api.openstack.wsgi [None req-d3e5b297-b0d2-4950-a234-61a3d0580c24 46d1f35b7f894ce19fc8d0563a89f6d4 ccd42ff826c6435eb44bb460ea9f0b74 - - default default] http://[LB_IP_ADDRESS]:8776/v3/ccd42ff826c6435eb44bb460ea9f0b74/groups/29b9b4ef-aa08-414a-a8d6-716bf8220cb1 returned with HTTP 200
2026-02-17 16:14:48.058 75 INFO cinder.volume.api [None req-a5652f80-697d-4d93-aa5b-726aabc497e1 e6bb0303ff4b40a2a4091ce33445a9ce b1456c4662d6437080183151c608fce2 - - default default] Create volume request issued successfully.
2026-02-17 16:14:48.079 75 INFO cinder.api.openstack.wsgi [None req-a5652f80-697d-4d93-aa5b-726aabc497e1 e6bb0303ff4b40a2a4091ce33445a9ce b1456c4662d6437080183151c608fce2 - - default default] http://[LB_IP_ADDRESS]:8776/v3/b1456c4662d6437080183151c608fce2/groups/action returned with HTTP 202
2026-02-17 16:14:48.092 72 INFO cinder.api.openstack.wsgi [None req-be35bc2b-3d9e-440a-b329-e6e557069ed8 e6bb0303ff4b40a2a4091ce33445a9ce b1456c4662d6437080183151c608fce2 - - default default] GET http://[LB_IP_ADDRESS]:8776/v3/b1456c4662d6437080183151c608fce2/volumes/detail
2026-02-17 16:14:48.107 72 INFO cinder.volume.api [None req-be35bc2b-3d9e-440a-b329-e6e557069ed8 e6bb0303ff4b40a2a4091ce33445a9ce b1456c4662d6437080183151c608fce2 - - default default] Get all volumes completed successfully.
2026-02-17 16:14:48.152 72 INFO cinder.api.openstack.wsgi [None req-be35bc2b-3d9e-440a-b329-e6e557069ed8 e6bb0303ff4b40a2a4091ce33445a9ce b1456c4662d6437080183151c608fce2 - - default default] http://[LB_IP_ADDRESS]:8776/v3/b1456c4662d6437080183151c608fce2/volumes/detail returned with HTTP 200
2026-02-17 16:14:48.171 74 INFO cinder.api.openstack.wsgi [None req-e52b80c4-674e-4dbf-8760-b203210ba318 e6bb0303ff4b40a2a4091ce33445a9ce b1456c4662d6437080183151c608fce2 - - default default] GET http://[LB_IP_ADDRESS]:8776/v3/b1456c4662d6437080183151c608fce2/volumes/bcd1131f-dc89-4ad1-99bd-1b926989e487
2026-02-17 16:14:48.188 74 INFO cinder.volume.api [None req-e52b80c4-674e-4dbf-8760-b203210ba318 e6bb0303ff4b40a2a4091ce33445a9ce b1456c4662d6437080183151c608fce2 - - default default] Volume info retrieved successfully.
2026-02-17 16:14:48.213 74 INFO cinder.api.openstack.wsgi [None req-e52b80c4-674e-4dbf-8760-b203210ba318 e6bb0303ff4b40a2a4091ce33445a9ce b1456c4662d6437080183151c608fce2 - - default default] http://[LB_IP_ADDRESS]:8776/v3/b1456c4662d6437080183151c608fce2/volumes/bcd1131f-dc89-4ad1-99bd-1b926989e487 returned with HTTP 200
2026-02-17 16:14:48.459 76 INFO cinder.api.openstack.wsgi [None req-12ff7d08-03b8-4097-b6d3-67e86fc68bd1 aa575265df4043289171bb9b0c2b1a99 6d4b90bd3f184af6a07cb70191cd8304 - - default default] GET http://[LB_IP_ADDRESS]:8776/v3/6d4b90bd3f184af6a07cb70191cd8304/volumes/557831ab-c1ca-4f3f-9c13-1cd7362ee5dc
2026-02-17 16:14:48.470 76 INFO cinder.api.openstack.wsgi [None req-12ff7d08-03b8-4097-b6d3-67e86fc68bd1 aa575265df4043289171bb9b0c2b1a99 6d4b90bd3f184af6a07cb70191cd8304 - - default default] http://[LB_IP_ADDRESS]:8776/v3/6d4b90bd3f184af6a07cb70191cd8304/volumes/557831ab-c1ca-4f3f-9c13-1cd7362ee5dc returned with HTTP 404
2026-02-17 16:14:48.482 73 INFO cinder.api.openstack.wsgi [None req-7951a913-a936-4b31-a5da-5f20231da6c7 aa575265df4043289171bb9b0c2b1a99 6d4b90bd3f184af6a07cb70191cd8304 - - default default] GET http://[LB_IP_ADDRESS]:8776/v3/6d4b90bd3f184af6a07cb70191cd8304/groups/75231519-1d5b-455b-8590-14c41847b2ef
2026-02-17 16:14:48.487 73 INFO cinder.api.openstack.wsgi [None req-7951a913-a936-4b31-a5da-5f20231da6c7 aa575265df4043289171bb9b0c2b1a99 6d4b90bd3f184af6a07cb70191cd8304 - - default default] http://[LB_IP_ADDRESS]:8776/v3/6d4b90bd3f184af6a07cb70191cd8304/groups/75231519-1d5b-455b-8590-14c41847b2ef returned with HTTP 404
2026-02-17 16:14:48.500 75 INFO cinder.api.openstack.wsgi [None req-4ef2c7ee-bfbb-4f1a-80f2-a82a7f487677 aa575265df4043289171bb9b0c2b1a99 6d4b90bd3f184af6a07cb70191cd8304 - - default default] GET http://[LB_IP_ADDRESS]:8776/v3/6d4b90bd3f184af6a07cb70191cd8304/volumes/detail
2026-02-17 16:14:48.512 75 INFO cinder.volume.api [None req-4ef2c7ee-bfbb-4f1a-80f2-a82a7f487677 aa575265df4043289171bb9b0c2b1a99 6d4b90bd3f184af6a07cb70191cd8304 - - default default] Get all volumes completed successfully.
2026-02-17 16:14:48.537 75 INFO cinder.api.openstack.wsgi [None req-4ef2c7ee-bfbb-4f1a-80f2-a82a7f487677 aa575265df4043289171bb9b0c2b1a99 6d4b90bd3f184af6a07cb70191cd8304 - - default default] http://[LB_IP_ADDRESS]:8776/v3/6d4b90bd3f184af6a07cb70191cd8304/volumes/detail returned with HTTP 200
2026-02-17 16:14:48.559 72 INFO cinder.api.openstack.wsgi [None req-5e9b500b-5dd6-4813-9ba2-b29f04af1f58 aa575265df4043289171bb9b0c2b1a99 6d4b90bd3f184af6a07cb70191cd8304 - - default default] POST http://[LB_IP_ADDRESS]:8776/v3/6d4b90bd3f184af6a07cb70191cd8304/groups/85f81a7e-3056-46b5-831c-588e9d3e7099/action
2026-02-17 16:14:48.563 72 INFO cinder.api.v3.groups [None req-5e9b500b-5dd6-4813-9ba2-b29f04af1f58 aa575265df4043289171bb9b0c2b1a99 6d4b90bd3f184af6a07cb70191cd8304 - - default default] Delete group with id: 85f81a7e-3056-46b5-831c-588e9d3e7099
2026-02-17 16:14:48.624 72 INFO cinder.api.openstack.wsgi [None req-5e9b500b-5dd6-4813-9ba2-b29f04af1f58 aa575265df4043289171bb9b0c2b1a99 6d4b90bd3f184af6a07cb70191cd8304 - - default default] http://[LB_IP_ADDRESS]:8776/v3/6d4b90bd3f184af6a07cb70191cd8304/groups/85f81a7e-3056-46b5-831c-588e9d3e7099/action returned with HTTP 202
2026-02-17 16:14:48.637 74 INFO cinder.api.openstack.wsgi [None req-04acb3b9-6b1f-4907-bc22-d11558ea6195 aa575265df4043289171bb9b0c2b1a99 6d4b90bd3f184af6a07cb70191cd8304 - - default default] GET http://[LB_IP_ADDRESS]:8776/v3/6d4b90bd3f184af6a07cb70191cd8304/volumes/a032b624-485d-4bea-835b-73b53099980a
2026-02-17 16:14:48.653 74 INFO cinder.volume.api [None req-04acb3b9-6b1f-4907-bc22-d11558ea6195 aa575265df4043289171bb9b0c2b1a99 6d4b90bd3f184af6a07cb70191cd8304 - - default default] Volume info retrieved successfully.
2026-02-17 16:14:48.682 74 INFO cinder.api.openstack.wsgi [None req-04acb3b9-6b1f-4907-bc22-d11558ea6195 aa575265df4043289171bb9b0c2b1a99 6d4b90bd3f184af6a07cb70191cd8304 - - default default] http://[LB_IP_ADDRESS]:8776/v3/6d4b90bd3f184af6a07cb70191cd8304/volumes/a032b624-485d-4bea-835b-73b53099980a returned with HTTP 200
2026-02-17 16:14:49.022 76 INFO cinder.api.openstack.wsgi [None req-caedfc07-ecc2-4fe8-b1e1-5756d795a9a9 46d1f35b7f894ce19fc8d0563a89f6d4 ccd42ff826c6435eb44bb460ea9f0b74 - - default default] GET http://[LB_IP_ADDRESS]:8776/v3/ccd42ff826c6435eb44bb460ea9f0b74/groups/29b9b4ef-aa08-414a-a8d6-716bf8220cb1
2026-02-17 16:14:49.048 76 INFO cinder.api.openstack.wsgi [None req-caedfc07-ecc2-4fe8-b1e1-5756d795a9a9 46d1f35b7f894ce19fc8d0563a89f6d4 ccd42ff826c6435eb44bb460ea9f0b74 - - default default] http://[LB_IP_ADDRESS]:8776/v3/ccd42ff826c6435eb44bb460ea9f0b74/groups/29b9b4ef-aa08-414a-a8d6-716bf8220cb1 returned with HTTP 200
2026-02-17 16:14:49.062 73 INFO cinder.api.openstack.wsgi [None req-03fc106f-f740-4d14-b8c5-d4db45609920 46d1f35b7f894ce19fc8d0563a89f6d4 ccd42ff826c6435eb44bb460ea9f0b74 - - default default] POST http://[LB_IP_ADDRESS]:8776/v3/ccd42ff826c6435eb44bb460ea9f0b74/volumes
2026-02-17 16:14:49.073 73 INFO cinder.api.v3.volumes [None req-03fc106f-f740-4d14-b8c5-d4db45609920 46d1f35b7f894ce19fc8d0563a89f6d4 ccd42ff826c6435eb44bb460ea9f0b74 - - default default] Create volume of 1 GB
2026-02-17 16:14:49.079 73 INFO cinder.volume.api [None req-03fc106f-f740-4d14-b8c5-d4db45609920 46d1f35b7f894ce19fc8d0563a89f6d4 ccd42ff826c6435eb44bb460ea9f0b74 - - default default] Availability Zones retrieved successfully.
2026-02-17 16:14:49.231 75 INFO cinder.api.openstack.wsgi [None req-a73f6942-cbf2-4ce4-a350-210e103b6402 e6bb0303ff4b40a2a4091ce33445a9ce b1456c4662d6437080183151c608fce2 - - default default] GET http://[LB_IP_ADDRESS]:8776/v3/b1456c4662d6437080183151c608fce2/volumes/bcd1131f-dc89-4ad1-99bd-1b926989e487
2026-02-17 16:14:49.246 75 INFO cinder.volume.api [None req-a73f6942-cbf2-4ce4-a350-210e103b6402 e6bb0303ff4b40a2a4091ce33445a9ce b1456c4662d6437080183151c608fce2 - - default default] Volume info retrieved successfully.
2026-02-17 16:14:49.270 75 INFO cinder.api.openstack.wsgi [None req-a73f6942-cbf2-4ce4-a350-210e103b6402 e6bb0303ff4b40a2a4091ce33445a9ce b1456c4662d6437080183151c608fce2 - - default default] http://[LB_IP_ADDRESS]:8776/v3/b1456c4662d6437080183151c608fce2/volumes/bcd1131f-dc89-4ad1-99bd-1b926989e487 returned with HTTP 200
2026-02-17 16:14:49.284 72 INFO cinder.api.openstack.wsgi [None req-0526b222-334a-4dcd-9f98-92a7b1383c94 e6bb0303ff4b40a2a4091ce33445a9ce b1456c4662d6437080183151c608fce2 - - default default] GET http://[LB_IP_ADDRESS]:8776/v3/b1456c4662d6437080183151c608fce2/groups/53902374-b1cb-4b00-b268-7f56bd44c242
2026-02-17 16:14:49.306 72 INFO cinder.api.openstack.wsgi [None req-0526b222-334a-4dcd-9f98-92a7b1383c94 e6bb0303ff4b40a2a4091ce33445a9ce b1456c4662d6437080183151c608fce2 - - default default] http://[LB_IP_ADDRESS]:8776/v3/b1456c4662d6437080183151c608fce2/groups/53902374-b1cb-4b00-b268-7f56bd44c242 returned with HTTP 200
2026-02-17 16:14:49.317 74 INFO cinder.api.openstack.wsgi [None req-527e3fdd-82c5-4636-b997-5d18ea6ba1d5 e6bb0303ff4b40a2a4091ce33445a9ce b1456c4662d6437080183151c608fce2 - - default default] GET http://[LB_IP_ADDRESS]:8776/v3/b1456c4662d6437080183151c608fce2/volumes/detail
2026-02-17 16:14:49.330 74 INFO cinder.volume.api [None req-527e3fdd-82c5-4636-b997-5d18ea6ba1d5 e6bb0303ff4b40a2a4091ce33445a9ce b1456c4662d6437080183151c608fce2 - - default default] Get all volumes completed successfully.
2026-02-17 16:14:49.378 74 INFO cinder.api.openstack.wsgi [None req-527e3fdd-82c5-4636-b997-5d18ea6ba1d5 e6bb0303ff4b40a2a4091ce33445a9ce b1456c4662d6437080183151c608fce2 - - default default] http://[LB_IP_ADDRESS]:8776/v3/b1456c4662d6437080183151c608fce2/volumes/detail returned with HTTP 200
2026-02-17 16:14:49.397 76 INFO cinder.api.openstack.wsgi [None req-a1db0d12-306b-4f32-b116-0dce01835332 e6bb0303ff4b40a2a4091ce33445a9ce b1456c4662d6437080183151c608fce2 - - default default] POST http://[LB_IP_ADDRESS]:8776/v3/b1456c4662d6437080183151c608fce2/groups/53902374-b1cb-4b00-b268-7f56bd44c242/action
2026-02-17 16:14:49.400 76 INFO cinder.api.v3.groups [None req-a1db0d12-306b-4f32-b116-0dce01835332 e6bb0303ff4b40a2a4091ce33445a9ce b1456c4662d6437080183151c608fce2 - - default default] Delete group with id: 53902374-b1cb-4b00-b268-7f56bd44c242
2026-02-17 16:14:49.465 76 INFO cinder.api.openstack.wsgi [None req-a1db0d12-306b-4f32-b116-0dce01835332 e6bb0303ff4b40a2a4091ce33445a9ce b1456c4662d6437080183151c608fce2 - - default default] http://[LB_IP_ADDRESS]:8776/v3/b1456c4662d6437080183151c608fce2/groups/53902374-b1cb-4b00-b268-7f56bd44c242/action returned with HTTP 202
2026-02-17 16:14:49.478 75 INFO cinder.api.openstack.wsgi [None req-8833ba76-0af7-48f6-a70c-56bf3a5f5bcb e6bb0303ff4b40a2a4091ce33445a9ce b1456c4662d6437080183151c608fce2 - - default default] GET http://[LB_IP_ADDRESS]:8776/v3/b1456c4662d6437080183151c608fce2/volumes/bcd1131f-dc89-4ad1-99bd-1b926989e487
2026-02-17 16:14:49.493 75 INFO cinder.volume.api [None req-8833ba76-0af7-48f6-a70c-56bf3a5f5bcb e6bb0303ff4b40a2a4091ce33445a9ce b1456c4662d6437080183151c608fce2 - - default default] Volume info retrieved successfully.
2026-02-17 16:14:49.516 75 INFO cinder.api.openstack.wsgi [None req-8833ba76-0af7-48f6-a70c-56bf3a5f5bcb e6bb0303ff4b40a2a4091ce33445a9ce b1456c4662d6437080183151c608fce2 - - default default] http://[LB_IP_ADDRESS]:8776/v3/b1456c4662d6437080183151c608fce2/volumes/bcd1131f-dc89-4ad1-99bd-1b926989e487 returned with HTTP 200
2026-02-17 16:14:49.556 73 WARNING cinder.quota [None req-03fc106f-f740-4d14-b8c5-d4db45609920 46d1f35b7f894ce19fc8d0563a89f6d4 ccd42ff826c6435eb44bb460ea9f0b74 - - default default] Deprecated: Default quota for resource: volumes_tempest-GroupSnapshotsV319Test-volume-type-701620387 is set by the default quota flag: quota_volumes_tempest-GroupSnapshotsV319Test-volume-type-701620387, it is now deprecated. Please use the default quota class for default quota.
2026-02-17 16:14:49.557 73 WARNING cinder.quota [None req-03fc106f-f740-4d14-b8c5-d4db45609920 46d1f35b7f894ce19fc8d0563a89f6d4 ccd42ff826c6435eb44bb460ea9f0b74 - - default default] Deprecated: Default quota for resource: gigabytes_tempest-GroupSnapshotsV319Test-volume-type-701620387 is set by the default quota flag: quota_gigabytes_tempest-GroupSnapshotsV319Test-volume-type-701620387, it is now deprecated. Please use the default quota class for default quota.
2026-02-17 16:14:49.635 73 INFO cinder.volume.api [None req-03fc106f-f740-4d14-b8c5-d4db45609920 46d1f35b7f894ce19fc8d0563a89f6d4 ccd42ff826c6435eb44bb460ea9f0b74 - - default default] Create volume request issued successfully.
2026-02-17 16:14:49.656 73 INFO cinder.api.openstack.wsgi [None req-03fc106f-f740-4d14-b8c5-d4db45609920 46d1f35b7f894ce19fc8d0563a89f6d4 ccd42ff826c6435eb44bb460ea9f0b74 - - default default] http://[LB_IP_ADDRESS]:8776/v3/ccd42ff826c6435eb44bb460ea9f0b74/volumes returned with HTTP 202
2026-02-17 16:14:49.675 72 INFO cinder.api.openstack.wsgi [None req-7e29de77-aceb-4271-8b9d-c9dcf472b280 46d1f35b7f894ce19fc8d0563a89f6d4 ccd42ff826c6435eb44bb460ea9f0b74 - - default default] GET http://[LB_IP_ADDRESS]:8776/v3/ccd42ff826c6435eb44bb460ea9f0b74/volumes/6bbb8b07-c937-4128-808b-b5a670c2727e
2026-02-17 16:14:49.691 72 INFO cinder.volume.api [None req-7e29de77-aceb-4271-8b9d-c9dcf472b280 46d1f35b7f894ce19fc8d0563a89f6d4 ccd42ff826c6435eb44bb460ea9f0b74 - - default default] Volume info retrieved successfully.
2026-02-17 16:14:49.700 74 INFO cinder.api.openstack.wsgi [None req-2d85cd3c-52ba-491a-b55a-97c3c1c31377 aa575265df4043289171bb9b0c2b1a99 6d4b90bd3f184af6a07cb70191cd8304 - - default default] GET http://[LB_IP_ADDRESS]:8776/v3/6d4b90bd3f184af6a07cb70191cd8304/volumes/a032b624-485d-4bea-835b-73b53099980a
2026-02-17 16:14:49.707 74 INFO cinder.api.openstack.wsgi [None req-2d85cd3c-52ba-491a-b55a-97c3c1c31377 aa575265df4043289171bb9b0c2b1a99 6d4b90bd3f184af6a07cb70191cd8304 - - default default] http://[LB_IP_ADDRESS]:8776/v3/6d4b90bd3f184af6a07cb70191cd8304/volumes/a032b624-485d-4bea-835b-73b53099980a returned with HTTP 404
2026-02-17 16:14:49.715 72 INFO cinder.api.openstack.wsgi [None req-7e29de77-aceb-4271-8b9d-c9dcf472b280 46d1f35b7f894ce19fc8d0563a89f6d4 ccd42ff826c6435eb44bb460ea9f0b74 - - default default] http://[LB_IP_ADDRESS]:8776/v3/ccd42ff826c6435eb44bb460ea9f0b74/volumes/6bbb8b07-c937-4128-808b-b5a670c2727e returned with HTTP 200
2026-02-17 16:14:49.720 76 INFO cinder.api.openstack.wsgi [None req-cc9fe145-3b47-4a0c-a306-b17cbd4860d4 aa575265df4043289171bb9b0c2b1a99 6d4b90bd3f184af6a07cb70191cd8304 - - default default] GET http://[LB_IP_ADDRESS]:8776/v3/6d4b90bd3f184af6a07cb70191cd8304/groups/85f81a7e-3056-46b5-831c-588e9d3e7099
2026-02-17 16:14:49.724 76 INFO cinder.api.openstack.wsgi [None req-cc9fe145-3b47-4a0c-a306-b17cbd4860d4 aa575265df4043289171bb9b0c2b1a99 6d4b90bd3f184af6a07cb70191cd8304 - - default default] http://[LB_IP_ADDRESS]:8776/v3/6d4b90bd3f184af6a07cb70191cd8304/groups/85f81a7e-3056-46b5-831c-588e9d3e7099 returned with HTTP 404
2026-02-17 16:14:49.737 75 INFO cinder.api.openstack.wsgi [None req-5e85f6e0-f93d-46e9-9439-f63a06d1b193 9df807022d564101b970ef9d54ccb7b9 a29623346c43421fa31d77281e6cca2a - - default default] DELETE http://[LB_IP_ADDRESS]:8776/v3/a29623346c43421fa31d77281e6cca2a/group_types/eb575a89-b57d-43a8-beb8-bbf9b64d84a0
2026-02-17 16:14:49.751 75 INFO cinder.api.openstack.wsgi [None req-5e85f6e0-f93d-46e9-9439-f63a06d1b193 9df807022d564101b970ef9d54ccb7b9 a29623346c43421fa31d77281e6cca2a - - default default] http://[LB_IP_ADDRESS]:8776/v3/a29623346c43421fa31d77281e6cca2a/group_types/eb575a89-b57d-43a8-beb8-bbf9b64d84a0 returned with HTTP 202
2026-02-17 16:14:49.763 73 INFO cinder.api.openstack.wsgi [None req-b63d5733-95a1-431d-af61-75d4d24ad9c7 9df807022d564101b970ef9d54ccb7b9 a29623346c43421fa31d77281e6cca2a - - default default] DELETE http://[LB_IP_ADDRESS]:8776/v3/a29623346c43421fa31d77281e6cca2a/types/8352ab90-901c-47b6-9192-e0daa36e8da7
2026-02-17 16:14:49.819 73 INFO cinder.api.openstack.wsgi [None req-b63d5733-95a1-431d-af61-75d4d24ad9c7 9df807022d564101b970ef9d54ccb7b9 a29623346c43421fa31d77281e6cca2a - - default default] http://[LB_IP_ADDRESS]:8776/v3/a29623346c43421fa31d77281e6cca2a/types/8352ab90-901c-47b6-9192-e0daa36e8da7 returned with HTTP 202
2026-02-17 16:14:49.831 74 INFO cinder.api.openstack.wsgi [None req-c993af41-ec1b-4377-88bb-b093ae8bf771 9df807022d564101b970ef9d54ccb7b9 a29623346c43421fa31d77281e6cca2a - - default default] GET http://[LB_IP_ADDRESS]:8776/v3/a29623346c43421fa31d77281e6cca2a/types/8352ab90-901c-47b6-9192-e0daa36e8da7
2026-02-17 16:14:49.837 74 INFO cinder.api.openstack.wsgi [None req-c993af41-ec1b-4377-88bb-b093ae8bf771 9df807022d564101b970ef9d54ccb7b9 a29623346c43421fa31d77281e6cca2a - - default default] http://[LB_IP_ADDRESS]:8776/v3/a29623346c43421fa31d77281e6cca2a/types/8352ab90-901c-47b6-9192-e0daa36e8da7 returned with HTTP 404
2026-02-17 16:14:50.535 72 INFO cinder.api.openstack.wsgi [None req-0219bf6b-6e97-4873-9c8d-3daa88db5c59 e6bb0303ff4b40a2a4091ce33445a9ce b1456c4662d6437080183151c608fce2 - - default default] GET http://[LB_IP_ADDRESS]:8776/v3/b1456c4662d6437080183151c608fce2/volumes/bcd1131f-dc89-4ad1-99bd-1b926989e487
2026-02-17 16:14:50.551 72 INFO cinder.volume.api [None req-0219bf6b-6e97-4873-9c8d-3daa88db5c59 e6bb0303ff4b40a2a4091ce33445a9ce b1456c4662d6437080183151c608fce2 - - default default] Volume info retrieved successfully.
2026-02-17 16:14:50.575 72 INFO cinder.api.openstack.wsgi [None req-0219bf6b-6e97-4873-9c8d-3daa88db5c59 e6bb0303ff4b40a2a4091ce33445a9ce b1456c4662d6437080183151c608fce2 - - default default] http://[LB_IP_ADDRESS]:8776/v3/b1456c4662d6437080183151c608fce2/volumes/bcd1131f-dc89-4ad1-99bd-1b926989e487 returned with HTTP 200
2026-02-17 16:14:50.735 76 INFO cinder.api.openstack.wsgi [None req-d73ebe9f-8ccb-4936-b592-bf5426943322 46d1f35b7f894ce19fc8d0563a89f6d4 ccd42ff826c6435eb44bb460ea9f0b74 - - default default] GET http://[LB_IP_ADDRESS]:8776/v3/ccd42ff826c6435eb44bb460ea9f0b74/volumes/6bbb8b07-c937-4128-808b-b5a670c2727e
2026-02-17 16:14:50.751 76 INFO cinder.volume.api [None req-d73ebe9f-8ccb-4936-b592-bf5426943322 46d1f35b7f894ce19fc8d0563a89f6d4 ccd42ff826c6435eb44bb460ea9f0b74 - - default default] Volume info retrieved successfully.
2026-02-17 16:14:50.786 76 INFO cinder.api.openstack.wsgi [None req-d73ebe9f-8ccb-4936-b592-bf5426943322 46d1f35b7f894ce19fc8d0563a89f6d4 ccd42ff826c6435eb44bb460ea9f0b74 - - default default] http://[LB_IP_ADDRESS]:8776/v3/ccd42ff826c6435eb44bb460ea9f0b74/volumes/6bbb8b07-c937-4128-808b-b5a670c2727e returned with HTTP 200
2026-02-17 16:14:50.807 75 INFO cinder.api.openstack.wsgi [None req-8bb7a8a4-5a0e-40a4-a555-d6af80563a1b 46d1f35b7f894ce19fc8d0563a89f6d4 ccd42ff826c6435eb44bb460ea9f0b74 - - default default] POST http://[LB_IP_ADDRESS]:8776/v3/ccd42ff826c6435eb44bb460ea9f0b74/group_snapshots
2026-02-17 16:14:50.832 75 INFO cinder.api.v3.group_snapshots [None req-8bb7a8a4-5a0e-40a4-a555-d6af80563a1b 46d1f35b7f894ce19fc8d0563a89f6d4 ccd42ff826c6435eb44bb460ea9f0b74 - - default default] Creating group_snapshot tempest-GroupSnapshotsV319Test-Group_Snapshot-505226124.
2026-02-17 16:14:50.990 75 WARNING cinder.quota [None req-8bb7a8a4-5a0e-40a4-a555-d6af80563a1b 46d1f35b7f894ce19fc8d0563a89f6d4 ccd42ff826c6435eb44bb460ea9f0b74 - - default default] Deprecated: Default quota for resource: gigabytes_tempest-GroupSnapshotsV319Test-volume-type-701620387 is set by the default quota flag: quota_gigabytes_tempest-GroupSnapshotsV319Test-volume-type-701620387, it is now deprecated. Please use the default quota class for default quota.
2026-02-17 16:14:50.990 75 WARNING cinder.quota [None req-8bb7a8a4-5a0e-40a4-a555-d6af80563a1b 46d1f35b7f894ce19fc8d0563a89f6d4 ccd42ff826c6435eb44bb460ea9f0b74 - - default default] Deprecated: Default quota for resource: snapshots_tempest-GroupSnapshotsV319Test-volume-type-701620387 is set by the default quota flag: quota_snapshots_tempest-GroupSnapshotsV319Test-volume-type-701620387, it is now deprecated. Please use the default quota class for default quota.
2026-02-17 16:14:51.035 75 INFO cinder.api.openstack.wsgi [None req-8bb7a8a4-5a0e-40a4-a555-d6af80563a1b 46d1f35b7f894ce19fc8d0563a89f6d4 ccd42ff826c6435eb44bb460ea9f0b74 - - default default] http://[LB_IP_ADDRESS]:8776/v3/ccd42ff826c6435eb44bb460ea9f0b74/group_snapshots returned with HTTP 202
2026-02-17 16:14:51.049 73 INFO cinder.api.openstack.wsgi [None req-5a61d1c5-f98b-4dde-9702-5c810784f997 46d1f35b7f894ce19fc8d0563a89f6d4 ccd42ff826c6435eb44bb460ea9f0b74 - - default default] GET http://[LB_IP_ADDRESS]:8776/v3/ccd42ff826c6435eb44bb460ea9f0b74/group_snapshots/8f1cef4e-b3eb-4a36-a3f7-19fdd087fca6
2026-02-17 16:14:51.072 73 INFO cinder.api.openstack.wsgi [None req-5a61d1c5-f98b-4dde-9702-5c810784f997 46d1f35b7f894ce19fc8d0563a89f6d4 ccd42ff826c6435eb44bb460ea9f0b74 - - default default] http://[LB_IP_ADDRESS]:8776/v3/ccd42ff826c6435eb44bb460ea9f0b74/group_snapshots/8f1cef4e-b3eb-4a36-a3f7-19fdd087fca6 returned with HTTP 200
2026-02-17 16:14:51.592 74 INFO cinder.api.openstack.wsgi [None req-6a88cc4a-c491-42d1-b9db-1e129202a199 e6bb0303ff4b40a2a4091ce33445a9ce b1456c4662d6437080183151c608fce2 - - default default] GET http://[LB_IP_ADDRESS]:8776/v3/b1456c4662d6437080183151c608fce2/volumes/bcd1131f-dc89-4ad1-99bd-1b926989e487
2026-02-17 16:14:51.603 74 INFO cinder.api.openstack.wsgi [None req-6a88cc4a-c491-42d1-b9db-1e129202a199 e6bb0303ff4b40a2a4091ce33445a9ce b1456c4662d6437080183151c608fce2 - - default default] http://[LB_IP_ADDRESS]:8776/v3/b1456c4662d6437080183151c608fce2/volumes/bcd1131f-dc89-4ad1-99bd-1b926989e487 returned with HTTP 404
2026-02-17 16:14:51.616 72 INFO cinder.api.openstack.wsgi [None req-50eb4c8f-d339-4377-b6b7-bccb0005b0e2 e6bb0303ff4b40a2a4091ce33445a9ce b1456c4662d6437080183151c608fce2 - - default default] GET http://[LB_IP_ADDRESS]:8776/v3/b1456c4662d6437080183151c608fce2/groups/53902374-b1cb-4b00-b268-7f56bd44c242
2026-02-17 16:14:51.622 72 INFO cinder.api.openstack.wsgi [None req-50eb4c8f-d339-4377-b6b7-bccb0005b0e2 e6bb0303ff4b40a2a4091ce33445a9ce b1456c4662d6437080183151c608fce2 - - default default] http://[LB_IP_ADDRESS]:8776/v3/b1456c4662d6437080183151c608fce2/groups/53902374-b1cb-4b00-b268-7f56bd44c242 returned with HTTP 404
2026-02-17 16:14:51.634 76 INFO cinder.api.openstack.wsgi [None req-73a0a00f-bf05-407b-8fbd-60094f6e5e80 e6bb0303ff4b40a2a4091ce33445a9ce b1456c4662d6437080183151c608fce2 - - default default] DELETE http://[LB_IP_ADDRESS]:8776/v3/b1456c4662d6437080183151c608fce2/group_snapshots/554e62b2-b79e-4455-a89f-1ff66d12c200
2026-02-17 16:14:51.635 76 INFO cinder.api.v3.group_snapshots [None req-73a0a00f-bf05-407b-8fbd-60094f6e5e80 e6bb0303ff4b40a2a4091ce33445a9ce b1456c4662d6437080183151c608fce2 - - default default] Delete group_snapshot with id: 554e62b2-b79e-4455-a89f-1ff66d12c200
2026-02-17 16:14:51.679 76 INFO cinder.api.openstack.wsgi [None req-73a0a00f-bf05-407b-8fbd-60094f6e5e80 e6bb0303ff4b40a2a4091ce33445a9ce b1456c4662d6437080183151c608fce2 - - default default] http://[LB_IP_ADDRESS]:8776/v3/b1456c4662d6437080183151c608fce2/group_snapshots/554e62b2-b79e-4455-a89f-1ff66d12c200 returned with HTTP 202
2026-02-17 16:14:51.691 75 INFO cinder.api.openstack.wsgi [None req-4e6d6393-7553-4a42-bcde-54d83abfde87 e6bb0303ff4b40a2a4091ce33445a9ce b1456c4662d6437080183151c608fce2 - - default default] GET http://[LB_IP_ADDRESS]:8776/v3/b1456c4662d6437080183151c608fce2/volumes/detail
2026-02-17 16:14:51.703 75 INFO cinder.volume.api [None req-4e6d6393-7553-4a42-bcde-54d83abfde87 e6bb0303ff4b40a2a4091ce33445a9ce b1456c4662d6437080183151c608fce2 - - default default] Get all volumes completed successfully.
2026-02-17 16:14:51.738 75 INFO cinder.api.openstack.wsgi [None req-4e6d6393-7553-4a42-bcde-54d83abfde87 e6bb0303ff4b40a2a4091ce33445a9ce b1456c4662d6437080183151c608fce2 - - default default] http://[LB_IP_ADDRESS]:8776/v3/b1456c4662d6437080183151c608fce2/volumes/detail returned with HTTP 200
2026-02-17 16:14:51.753 73 INFO cinder.api.openstack.wsgi [None req-f71cab45-919e-4620-82fb-58668c215baf e6bb0303ff4b40a2a4091ce33445a9ce b1456c4662d6437080183151c608fce2 - - default default] GET http://[LB_IP_ADDRESS]:8776/v3/b1456c4662d6437080183151c608fce2/snapshots/detail
2026-02-17 16:14:51.760 73 INFO cinder.volume.api [None req-f71cab45-919e-4620-82fb-58668c215baf e6bb0303ff4b40a2a4091ce33445a9ce b1456c4662d6437080183151c608fce2 - - default default] Get all snapshots completed successfully.
2026-02-17 16:14:51.764 73 INFO cinder.api.openstack.wsgi [None req-f71cab45-919e-4620-82fb-58668c215baf e6bb0303ff4b40a2a4091ce33445a9ce b1456c4662d6437080183151c608fce2 - - default default] http://[LB_IP_ADDRESS]:8776/v3/b1456c4662d6437080183151c608fce2/snapshots/detail returned with HTTP 200
2026-02-17 16:14:51.779 74 INFO cinder.api.openstack.wsgi [None req-c349ee1e-7144-494f-92bf-58d1af06307a e6bb0303ff4b40a2a4091ce33445a9ce b1456c4662d6437080183151c608fce2 - - default default] GET http://[LB_IP_ADDRESS]:8776/v3/b1456c4662d6437080183151c608fce2/snapshots/09861b83-8824-4cb2-9dc2-f47158f808f6
2026-02-17 16:14:51.789 74 INFO cinder.volume.api [None req-c349ee1e-7144-494f-92bf-58d1af06307a e6bb0303ff4b40a2a4091ce33445a9ce b1456c4662d6437080183151c608fce2 - - default default] Snapshot retrieved successfully.
2026-02-17 16:14:51.791 74 INFO cinder.api.openstack.wsgi [None req-c349ee1e-7144-494f-92bf-58d1af06307a e6bb0303ff4b40a2a4091ce33445a9ce b1456c4662d6437080183151c608fce2 - - default default] http://[LB_IP_ADDRESS]:8776/v3/b1456c4662d6437080183151c608fce2/snapshots/09861b83-8824-4cb2-9dc2-f47158f808f6 returned with HTTP 200
2026-02-17 16:14:52.087 72 INFO cinder.api.openstack.wsgi [None req-7e2c08d8-61c6-4d04-9e53-434d8a691103 46d1f35b7f894ce19fc8d0563a89f6d4 ccd42ff826c6435eb44bb460ea9f0b74 - - default default] GET http://[LB_IP_ADDRESS]:8776/v3/ccd42ff826c6435eb44bb460ea9f0b74/group_snapshots/8f1cef4e-b3eb-4a36-a3f7-19fdd087fca6
2026-02-17 16:14:52.109 72 INFO cinder.api.openstack.wsgi [None req-7e2c08d8-61c6-4d04-9e53-434d8a691103 46d1f35b7f894ce19fc8d0563a89f6d4 ccd42ff826c6435eb44bb460ea9f0b74 - - default default] http://[LB_IP_ADDRESS]:8776/v3/ccd42ff826c6435eb44bb460ea9f0b74/group_snapshots/8f1cef4e-b3eb-4a36-a3f7-19fdd087fca6 returned with HTTP 200
2026-02-17 16:14:52.805 76 INFO cinder.api.openstack.wsgi [None req-aa789e12-528a-4066-8902-8e36106abd30 e6bb0303ff4b40a2a4091ce33445a9ce b1456c4662d6437080183151c608fce2 - - default default] GET http://[LB_IP_ADDRESS]:8776/v3/b1456c4662d6437080183151c608fce2/snapshots/09861b83-8824-4cb2-9dc2-f47158f808f6
2026-02-17 16:14:52.814 76 INFO cinder.api.openstack.wsgi [None req-aa789e12-528a-4066-8902-8e36106abd30 e6bb0303ff4b40a2a4091ce33445a9ce b1456c4662d6437080183151c608fce2 - - default default] http://[LB_IP_ADDRESS]:8776/v3/b1456c4662d6437080183151c608fce2/snapshots/09861b83-8824-4cb2-9dc2-f47158f808f6 returned with HTTP 404
2026-02-17 16:14:52.827 75 INFO cinder.api.openstack.wsgi [None req-f7ac563e-4567-4571-a8cc-36dbf76d15d4 e6bb0303ff4b40a2a4091ce33445a9ce b1456c4662d6437080183151c608fce2 - - default default] GET http://[LB_IP_ADDRESS]:8776/v3/b1456c4662d6437080183151c608fce2/group_snapshots/554e62b2-b79e-4455-a89f-1ff66d12c200
2026-02-17 16:14:52.833 75 INFO cinder.api.openstack.wsgi [None req-f7ac563e-4567-4571-a8cc-36dbf76d15d4 e6bb0303ff4b40a2a4091ce33445a9ce b1456c4662d6437080183151c608fce2 - - default default] http://[LB_IP_ADDRESS]:8776/v3/b1456c4662d6437080183151c608fce2/group_snapshots/554e62b2-b79e-4455-a89f-1ff66d12c200 returned with HTTP 404
2026-02-17 16:14:52.842 73 INFO cinder.api.openstack.wsgi [None req-c9c2b400-8db1-4e27-8113-3837832ea4fd e6bb0303ff4b40a2a4091ce33445a9ce b1456c4662d6437080183151c608fce2 - - default default] GET http://[LB_IP_ADDRESS]:8776/v3/b1456c4662d6437080183151c608fce2/volumes/detail
2026-02-17 16:14:52.856 73 INFO cinder.volume.api [None req-c9c2b400-8db1-4e27-8113-3837832ea4fd e6bb0303ff4b40a2a4091ce33445a9ce b1456c4662d6437080183151c608fce2 - - default default] Get all volumes completed successfully.
2026-02-17 16:14:52.891 73 INFO cinder.api.openstack.wsgi [None req-c9c2b400-8db1-4e27-8113-3837832ea4fd e6bb0303ff4b40a2a4091ce33445a9ce b1456c4662d6437080183151c608fce2 - - default default] http://[LB_IP_ADDRESS]:8776/v3/b1456c4662d6437080183151c608fce2/volumes/detail returned with HTTP 200
2026-02-17 16:14:52.908 74 INFO cinder.api.openstack.wsgi [None req-ddcbc981-a44a-45df-b642-d43c51e209f1 e6bb0303ff4b40a2a4091ce33445a9ce b1456c4662d6437080183151c608fce2 - - default default] POST http://[LB_IP_ADDRESS]:8776/v3/b1456c4662d6437080183151c608fce2/groups/dd6be00a-e623-46d5-9d4f-eabdda170bbe/action
2026-02-17 16:14:52.911 74 INFO cinder.api.v3.groups [None req-ddcbc981-a44a-45df-b642-d43c51e209f1 e6bb0303ff4b40a2a4091ce33445a9ce b1456c4662d6437080183151c608fce2 - - default default] Delete group with id: dd6be00a-e623-46d5-9d4f-eabdda170bbe
2026-02-17 16:14:52.961 74 INFO cinder.api.openstack.wsgi [None req-ddcbc981-a44a-45df-b642-d43c51e209f1 e6bb0303ff4b40a2a4091ce33445a9ce b1456c4662d6437080183151c608fce2 - - default default] http://[LB_IP_ADDRESS]:8776/v3/b1456c4662d6437080183151c608fce2/groups/dd6be00a-e623-46d5-9d4f-eabdda170bbe/action returned with HTTP 202
2026-02-17 16:14:52.974 72 INFO cinder.api.openstack.wsgi [None req-fc97dc14-7e0e-4330-92b8-48f78153fd12 e6bb0303ff4b40a2a4091ce33445a9ce b1456c4662d6437080183151c608fce2 - - default default] GET http://[LB_IP_ADDRESS]:8776/v3/b1456c4662d6437080183151c608fce2/volumes/756088bf-2f9f-414a-87fd-e2f9fcff1a4c
2026-02-17 16:14:52.990 72 INFO cinder.volume.api [None req-fc97dc14-7e0e-4330-92b8-48f78153fd12 e6bb0303ff4b40a2a4091ce33445a9ce b1456c4662d6437080183151c608fce2 - - default default] Volume info retrieved successfully.
2026-02-17 16:14:53.014 72 INFO cinder.api.openstack.wsgi [None req-fc97dc14-7e0e-4330-92b8-48f78153fd12 e6bb0303ff4b40a2a4091ce33445a9ce b1456c4662d6437080183151c608fce2 - - default default] http://[LB_IP_ADDRESS]:8776/v3/b1456c4662d6437080183151c608fce2/volumes/756088bf-2f9f-414a-87fd-e2f9fcff1a4c returned with HTTP 200
2026-02-17 16:14:53.120 76 INFO cinder.api.openstack.wsgi [None req-4e680be2-338d-46de-bbdd-2fecdaa10dd1 46d1f35b7f894ce19fc8d0563a89f6d4 ccd42ff826c6435eb44bb460ea9f0b74 - - default default] GET http://[LB_IP_ADDRESS]:8776/v3/ccd42ff826c6435eb44bb460ea9f0b74/group_snapshots/8f1cef4e-b3eb-4a36-a3f7-19fdd087fca6
2026-02-17 16:14:53.138 76 INFO cinder.api.openstack.wsgi [None req-4e680be2-338d-46de-bbdd-2fecdaa10dd1 46d1f35b7f894ce19fc8d0563a89f6d4 ccd42ff826c6435eb44bb460ea9f0b74 - - default default] http://[LB_IP_ADDRESS]:8776/v3/ccd42ff826c6435eb44bb460ea9f0b74/group_snapshots/8f1cef4e-b3eb-4a36-a3f7-19fdd087fca6 returned with HTTP 200
2026-02-17 16:14:53.154 75 INFO cinder.api.openstack.wsgi [None req-7a6c4759-62a4-48b8-8049-a4141f0d84fa 46d1f35b7f894ce19fc8d0563a89f6d4 ccd42ff826c6435eb44bb460ea9f0b74 - - default default] GET http://[LB_IP_ADDRESS]:8776/v3/ccd42ff826c6435eb44bb460ea9f0b74/snapshots/detail
2026-02-17 16:14:53.164 75 INFO cinder.volume.api [None req-7a6c4759-62a4-48b8-8049-a4141f0d84fa 46d1f35b7f894ce19fc8d0563a89f6d4 ccd42ff826c6435eb44bb460ea9f0b74 - - default default] Get all snapshots completed successfully.
2026-02-17 16:14:53.165 75 INFO cinder.api.openstack.wsgi [None req-7a6c4759-62a4-48b8-8049-a4141f0d84fa 46d1f35b7f894ce19fc8d0563a89f6d4 ccd42ff826c6435eb44bb460ea9f0b74 - - default default] http://[LB_IP_ADDRESS]:8776/v3/ccd42ff826c6435eb44bb460ea9f0b74/snapshots/detail returned with HTTP 200
2026-02-17 16:14:53.182 73 INFO cinder.api.openstack.wsgi [None req-99cba615-d748-4fc9-b7c9-b3a09ee8b1c4 46d1f35b7f894ce19fc8d0563a89f6d4 ccd42ff826c6435eb44bb460ea9f0b74 - - default default] GET http://[LB_IP_ADDRESS]:8776/v3/ccd42ff826c6435eb44bb460ea9f0b74/snapshots/bbcbf4f0-c826-42ce-a370-5a09cc282e7e
2026-02-17 16:14:53.192 73 INFO cinder.volume.api [None req-99cba615-d748-4fc9-b7c9-b3a09ee8b1c4 46d1f35b7f894ce19fc8d0563a89f6d4 ccd42ff826c6435eb44bb460ea9f0b74 - - default default] Snapshot retrieved successfully.
2026-02-17 16:14:53.193 73 INFO cinder.api.openstack.wsgi [None req-99cba615-d748-4fc9-b7c9-b3a09ee8b1c4 46d1f35b7f894ce19fc8d0563a89f6d4 ccd42ff826c6435eb44bb460ea9f0b74 - - default default] http://[LB_IP_ADDRESS]:8776/v3/ccd42ff826c6435eb44bb460ea9f0b74/snapshots/bbcbf4f0-c826-42ce-a370-5a09cc282e7e returned with HTTP 200
2026-02-17 16:14:53.209 72 INFO cinder.api.openstack.wsgi [None req-68277030-5f37-4090-851f-d94bcdaadd05 55e8a82bc7074ed5a859c3d44e400021 39df1a8c63b9473e9aa53d51f1bb6c7a - - default default] POST http://[LB_IP_ADDRESS]:8776/v3/39df1a8c63b9473e9aa53d51f1bb6c7a/group_snapshots/8f1cef4e-b3eb-4a36-a3f7-19fdd087fca6/action
2026-02-17 16:14:53.222 72 INFO cinder.api.openstack.wsgi [None req-68277030-5f37-4090-851f-d94bcdaadd05 55e8a82bc7074ed5a859c3d44e400021 39df1a8c63b9473e9aa53d51f1bb6c7a - - default default] http://[LB_IP_ADDRESS]:8776/v3/39df1a8c63b9473e9aa53d51f1bb6c7a/group_snapshots/8f1cef4e-b3eb-4a36-a3f7-19fdd087fca6/action returned with HTTP 202
2026-02-17 16:14:53.233 76 INFO cinder.api.openstack.wsgi [None req-2aa19525-8004-4507-b434-468e7793e84f 46d1f35b7f894ce19fc8d0563a89f6d4 ccd42ff826c6435eb44bb460ea9f0b74 - - default default] GET http://[LB_IP_ADDRESS]:8776/v3/ccd42ff826c6435eb44bb460ea9f0b74/group_snapshots/8f1cef4e-b3eb-4a36-a3f7-19fdd087fca6
2026-02-17 16:14:53.254 76 INFO cinder.api.openstack.wsgi [None req-2aa19525-8004-4507-b434-468e7793e84f 46d1f35b7f894ce19fc8d0563a89f6d4 ccd42ff826c6435eb44bb460ea9f0b74 - - default default] http://[LB_IP_ADDRESS]:8776/v3/ccd42ff826c6435eb44bb460ea9f0b74/group_snapshots/8f1cef4e-b3eb-4a36-a3f7-19fdd087fca6 returned with HTTP 200
2026-02-17 16:14:53.269 75 INFO cinder.api.openstack.wsgi [None req-549c1610-3bd1-4203-a172-dbe9132aaa35 55e8a82bc7074ed5a859c3d44e400021 39df1a8c63b9473e9aa53d51f1bb6c7a - - default default] POST http://[LB_IP_ADDRESS]:8776/v3/39df1a8c63b9473e9aa53d51f1bb6c7a/group_snapshots/8f1cef4e-b3eb-4a36-a3f7-19fdd087fca6/action
2026-02-17 16:14:53.283 75 INFO cinder.api.openstack.wsgi [None req-549c1610-3bd1-4203-a172-dbe9132aaa35 55e8a82bc7074ed5a859c3d44e400021 39df1a8c63b9473e9aa53d51f1bb6c7a - - default default] http://[LB_IP_ADDRESS]:8776/v3/39df1a8c63b9473e9aa53d51f1bb6c7a/group_snapshots/8f1cef4e-b3eb-4a36-a3f7-19fdd087fca6/action returned with HTTP 202
2026-02-17 16:14:53.295 73 INFO cinder.api.openstack.wsgi [None req-7ebba2cf-3b60-419a-8401-f7ab13f79039 46d1f35b7f894ce19fc8d0563a89f6d4 ccd42ff826c6435eb44bb460ea9f0b74 - - default default] GET http://[LB_IP_ADDRESS]:8776/v3/ccd42ff826c6435eb44bb460ea9f0b74/group_snapshots/8f1cef4e-b3eb-4a36-a3f7-19fdd087fca6
2026-02-17 16:14:53.313 74 INFO cinder.api.openstack.wsgi [None req-3ad13256-da71-4f08-9977-2aabc4f9ef65 f395e5b9a9684320a4c06c6aad16e3c5 0cb0c6c8c51949b2934b629955b0455c - - default default] POST http://[LB_IP_ADDRESS]:8776/v3/0cb0c6c8c51949b2934b629955b0455c/types
2026-02-17 16:14:53.317 73 INFO cinder.api.openstack.wsgi [None req-7ebba2cf-3b60-419a-8401-f7ab13f79039 46d1f35b7f894ce19fc8d0563a89f6d4 ccd42ff826c6435eb44bb460ea9f0b74 - - default default] http://[LB_IP_ADDRESS]:8776/v3/ccd42ff826c6435eb44bb460ea9f0b74/group_snapshots/8f1cef4e-b3eb-4a36-a3f7-19fdd087fca6 returned with HTTP 200
2026-02-17 16:14:53.332 72 INFO cinder.api.openstack.wsgi [None req-011e0605-8502-4768-be2b-82de63c07fe9 55e8a82bc7074ed5a859c3d44e400021 39df1a8c63b9473e9aa53d51f1bb6c7a - - default default] POST http://[LB_IP_ADDRESS]:8776/v3/39df1a8c63b9473e9aa53d51f1bb6c7a/group_snapshots/8f1cef4e-b3eb-4a36-a3f7-19fdd087fca6/action
2026-02-17 16:14:53.348 74 INFO cinder.api.openstack.wsgi [None req-3ad13256-da71-4f08-9977-2aabc4f9ef65 f395e5b9a9684320a4c06c6aad16e3c5 0cb0c6c8c51949b2934b629955b0455c - - default default] http://[LB_IP_ADDRESS]:8776/v3/0cb0c6c8c51949b2934b629955b0455c/types returned with HTTP 200
2026-02-17 16:14:53.349 72 INFO cinder.api.openstack.wsgi [None req-011e0605-8502-4768-be2b-82de63c07fe9 55e8a82bc7074ed5a859c3d44e400021 39df1a8c63b9473e9aa53d51f1bb6c7a - - default default] http://[LB_IP_ADDRESS]:8776/v3/39df1a8c63b9473e9aa53d51f1bb6c7a/group_snapshots/8f1cef4e-b3eb-4a36-a3f7-19fdd087fca6/action returned with HTTP 202
2026-02-17 16:14:53.358 75 INFO cinder.api.openstack.wsgi [None req-a3109a16-83ab-435a-b89d-a011141c6fea f395e5b9a9684320a4c06c6aad16e3c5 0cb0c6c8c51949b2934b629955b0455c - - default default] POST http://[LB_IP_ADDRESS]:8776/v3/0cb0c6c8c51949b2934b629955b0455c/group_types
2026-02-17 16:14:53.362 76 INFO cinder.api.openstack.wsgi [None req-f47078e8-a69b-4789-af0e-db83bcdbe612 46d1f35b7f894ce19fc8d0563a89f6d4 ccd42ff826c6435eb44bb460ea9f0b74 - - default default] GET http://[LB_IP_ADDRESS]:8776/v3/ccd42ff826c6435eb44bb460ea9f0b74/group_snapshots/8f1cef4e-b3eb-4a36-a3f7-19fdd087fca6
2026-02-17 16:14:53.378 76 INFO cinder.api.openstack.wsgi [None req-f47078e8-a69b-4789-af0e-db83bcdbe612 46d1f35b7f894ce19fc8d0563a89f6d4 ccd42ff826c6435eb44bb460ea9f0b74 - - default default] http://[LB_IP_ADDRESS]:8776/v3/ccd42ff826c6435eb44bb460ea9f0b74/group_snapshots/8f1cef4e-b3eb-4a36-a3f7-19fdd087fca6 returned with HTTP 200
2026-02-17 16:14:53.394 73 INFO cinder.api.openstack.wsgi [None req-59ab299d-a120-4e3c-9165-1e3e729a14c2 55e8a82bc7074ed5a859c3d44e400021 39df1a8c63b9473e9aa53d51f1bb6c7a - - default default] POST http://[LB_IP_ADDRESS]:8776/v3/39df1a8c63b9473e9aa53d51f1bb6c7a/group_snapshots/8f1cef4e-b3eb-4a36-a3f7-19fdd087fca6/action
2026-02-17 16:14:53.405 75 INFO cinder.api.openstack.wsgi [None req-a3109a16-83ab-435a-b89d-a011141c6fea f395e5b9a9684320a4c06c6aad16e3c5 0cb0c6c8c51949b2934b629955b0455c - - default default] http://[LB_IP_ADDRESS]:8776/v3/0cb0c6c8c51949b2934b629955b0455c/group_types returned with HTTP 202
2026-02-17 16:14:53.413 73 INFO cinder.api.openstack.wsgi [None req-59ab299d-a120-4e3c-9165-1e3e729a14c2 55e8a82bc7074ed5a859c3d44e400021 39df1a8c63b9473e9aa53d51f1bb6c7a - - default default] http://[LB_IP_ADDRESS]:8776/v3/39df1a8c63b9473e9aa53d51f1bb6c7a/group_snapshots/8f1cef4e-b3eb-4a36-a3f7-19fdd087fca6/action returned with HTTP 202
2026-02-17 16:14:53.425 72 INFO cinder.api.openstack.wsgi [None req-1271945a-109d-4151-8810-b63cb589c788 46d1f35b7f894ce19fc8d0563a89f6d4 ccd42ff826c6435eb44bb460ea9f0b74 - - default default] GET http://[LB_IP_ADDRESS]:8776/v3/ccd42ff826c6435eb44bb460ea9f0b74/group_snapshots/8f1cef4e-b3eb-4a36-a3f7-19fdd087fca6
2026-02-17 16:14:53.447 72 INFO cinder.api.openstack.wsgi [None req-1271945a-109d-4151-8810-b63cb589c788 46d1f35b7f894ce19fc8d0563a89f6d4 ccd42ff826c6435eb44bb460ea9f0b74 - - default default] http://[LB_IP_ADDRESS]:8776/v3/ccd42ff826c6435eb44bb460ea9f0b74/group_snapshots/8f1cef4e-b3eb-4a36-a3f7-19fdd087fca6 returned with HTTP 200
2026-02-17 16:14:53.462 76 INFO cinder.api.openstack.wsgi [None req-eaad98e0-e8ec-409a-bb4c-db811614fdd4 46d1f35b7f894ce19fc8d0563a89f6d4 ccd42ff826c6435eb44bb460ea9f0b74 - - default default] DELETE http://[LB_IP_ADDRESS]:8776/v3/ccd42ff826c6435eb44bb460ea9f0b74/group_snapshots/8f1cef4e-b3eb-4a36-a3f7-19fdd087fca6
2026-02-17 16:14:53.463 76 INFO cinder.api.v3.group_snapshots [None req-eaad98e0-e8ec-409a-bb4c-db811614fdd4 46d1f35b7f894ce19fc8d0563a89f6d4 ccd42ff826c6435eb44bb460ea9f0b74 - - default default] Delete group_snapshot with id: 8f1cef4e-b3eb-4a36-a3f7-19fdd087fca6
2026-02-17 16:14:53.509 76 INFO cinder.api.openstack.wsgi [None req-eaad98e0-e8ec-409a-bb4c-db811614fdd4 46d1f35b7f894ce19fc8d0563a89f6d4 ccd42ff826c6435eb44bb460ea9f0b74 - - default default] http://[LB_IP_ADDRESS]:8776/v3/ccd42ff826c6435eb44bb460ea9f0b74/group_snapshots/8f1cef4e-b3eb-4a36-a3f7-19fdd087fca6 returned with HTTP 202
2026-02-17 16:14:53.522 75 INFO cinder.api.openstack.wsgi [None req-79399973-bb82-426a-ac26-ed35a08f3cb6 46d1f35b7f894ce19fc8d0563a89f6d4 ccd42ff826c6435eb44bb460ea9f0b74 - - default default] GET http://[LB_IP_ADDRESS]:8776/v3/ccd42ff826c6435eb44bb460ea9f0b74/volumes/detail
2026-02-17 16:14:53.531 74 INFO cinder.api.openstack.wsgi [None req-d5c082b2-d5dc-4a33-995a-b886c198bad8 d10cb65f5492437a990d147942a546b5 2d8b0fe04f6f4f0790b6a49a8aba4336 - - default default] POST http://[LB_IP_ADDRESS]:8776/v3/2d8b0fe04f6f4f0790b6a49a8aba4336/groups
2026-02-17 16:14:53.535 75 INFO cinder.volume.api [None req-79399973-bb82-426a-ac26-ed35a08f3cb6 46d1f35b7f894ce19fc8d0563a89f6d4 ccd42ff826c6435eb44bb460ea9f0b74 - - default default] Get all volumes completed successfully.
2026-02-17 16:14:53.546 74 INFO cinder.api.v3.groups [None req-d5c082b2-d5dc-4a33-995a-b886c198bad8 d10cb65f5492437a990d147942a546b5 2d8b0fe04f6f4f0790b6a49a8aba4336 - - default default] Creating group tempest-GroupsV320Test-Group-296378172.
2026-02-17 16:14:53.555 74 INFO cinder.volume.api [None req-d5c082b2-d5dc-4a33-995a-b886c198bad8 d10cb65f5492437a990d147942a546b5 2d8b0fe04f6f4f0790b6a49a8aba4336 - - default default] Availability Zones retrieved successfully.
2026-02-17 16:14:53.562 75 INFO cinder.api.openstack.wsgi [None req-79399973-bb82-426a-ac26-ed35a08f3cb6 46d1f35b7f894ce19fc8d0563a89f6d4 ccd42ff826c6435eb44bb460ea9f0b74 - - default default] http://[LB_IP_ADDRESS]:8776/v3/ccd42ff826c6435eb44bb460ea9f0b74/volumes/detail returned with HTTP 200
2026-02-17 16:14:53.584 73 INFO cinder.api.openstack.wsgi [None req-e7f0763c-09e7-4c7a-ba79-510ee2462c45 46d1f35b7f894ce19fc8d0563a89f6d4 ccd42ff826c6435eb44bb460ea9f0b74 - - default default] GET http://[LB_IP_ADDRESS]:8776/v3/ccd42ff826c6435eb44bb460ea9f0b74/snapshots/detail
2026-02-17 16:14:53.594 73 INFO cinder.volume.api [None req-e7f0763c-09e7-4c7a-ba79-510ee2462c45 46d1f35b7f894ce19fc8d0563a89f6d4 ccd42ff826c6435eb44bb460ea9f0b74 - - default default] Get all snapshots completed successfully.
2026-02-17 16:14:53.595 73 INFO cinder.api.openstack.wsgi [None req-e7f0763c-09e7-4c7a-ba79-510ee2462c45 46d1f35b7f894ce19fc8d0563a89f6d4 ccd42ff826c6435eb44bb460ea9f0b74 - - default default] http://[LB_IP_ADDRESS]:8776/v3/ccd42ff826c6435eb44bb460ea9f0b74/snapshots/detail returned with HTTP 200
2026-02-17 16:14:53.612 72 INFO cinder.api.openstack.wsgi [None req-ca473981-7d73-4a0f-9ce5-d4c3e83e621e 46d1f35b7f894ce19fc8d0563a89f6d4 ccd42ff826c6435eb44bb460ea9f0b74 - - default default] GET http://[LB_IP_ADDRESS]:8776/v3/ccd42ff826c6435eb44bb460ea9f0b74/snapshots/bbcbf4f0-c826-42ce-a370-5a09cc282e7e
2026-02-17 16:14:53.622 72 INFO cinder.volume.api [None req-ca473981-7d73-4a0f-9ce5-d4c3e83e621e 46d1f35b7f894ce19fc8d0563a89f6d4 ccd42ff826c6435eb44bb460ea9f0b74 - - default default] Snapshot retrieved successfully.
2026-02-17 16:14:53.623 72 INFO cinder.api.openstack.wsgi [None req-ca473981-7d73-4a0f-9ce5-d4c3e83e621e 46d1f35b7f894ce19fc8d0563a89f6d4 ccd42ff826c6435eb44bb460ea9f0b74 - - default default] http://[LB_IP_ADDRESS]:8776/v3/ccd42ff826c6435eb44bb460ea9f0b74/snapshots/bbcbf4f0-c826-42ce-a370-5a09cc282e7e returned with HTTP 200
2026-02-17 16:14:54.032 76 INFO cinder.api.openstack.wsgi [None req-2bae037c-c6d3-4722-8149-52e33d1e004e e6bb0303ff4b40a2a4091ce33445a9ce b1456c4662d6437080183151c608fce2 - - default default] GET http://[LB_IP_ADDRESS]:8776/v3/b1456c4662d6437080183151c608fce2/volumes/756088bf-2f9f-414a-87fd-e2f9fcff1a4c
2026-02-17 16:14:54.052 76 INFO cinder.volume.api [None req-2bae037c-c6d3-4722-8149-52e33d1e004e e6bb0303ff4b40a2a4091ce33445a9ce b1456c4662d6437080183151c608fce2 - - default default] Volume info retrieved successfully.
2026-02-17 16:14:54.063 74 INFO cinder.api.openstack.wsgi [None req-d5c082b2-d5dc-4a33-995a-b886c198bad8 d10cb65f5492437a990d147942a546b5 2d8b0fe04f6f4f0790b6a49a8aba4336 - - default default] http://[LB_IP_ADDRESS]:8776/v3/2d8b0fe04f6f4f0790b6a49a8aba4336/groups returned with HTTP 202
2026-02-17 16:14:54.078 75 INFO cinder.api.openstack.wsgi [None req-11aa3246-ad13-4116-901d-0e2bc65e857a d10cb65f5492437a990d147942a546b5 2d8b0fe04f6f4f0790b6a49a8aba4336 - - default default] GET http://[LB_IP_ADDRESS]:8776/v3/2d8b0fe04f6f4f0790b6a49a8aba4336/groups/acefec27-6afd-42c7-a52b-33ccba594915
2026-02-17 16:14:54.089 76 INFO cinder.api.openstack.wsgi [None req-2bae037c-c6d3-4722-8149-52e33d1e004e e6bb0303ff4b40a2a4091ce33445a9ce b1456c4662d6437080183151c608fce2 - - default default] http://[LB_IP_ADDRESS]:8776/v3/b1456c4662d6437080183151c608fce2/volumes/756088bf-2f9f-414a-87fd-e2f9fcff1a4c returned with HTTP 200
2026-02-17 16:14:54.106 75 INFO cinder.api.openstack.wsgi [None req-11aa3246-ad13-4116-901d-0e2bc65e857a d10cb65f5492437a990d147942a546b5 2d8b0fe04f6f4f0790b6a49a8aba4336 - - default default] http://[LB_IP_ADDRESS]:8776/v3/2d8b0fe04f6f4f0790b6a49a8aba4336/groups/acefec27-6afd-42c7-a52b-33ccba594915 returned with HTTP 200
2026-02-17 16:14:54.640 73 INFO cinder.api.openstack.wsgi [None req-e3e92717-e396-453c-a63f-23c7e3b30490 46d1f35b7f894ce19fc8d0563a89f6d4 ccd42ff826c6435eb44bb460ea9f0b74 - - default default] GET http://[LB_IP_ADDRESS]:8776/v3/ccd42ff826c6435eb44bb460ea9f0b74/snapshots/bbcbf4f0-c826-42ce-a370-5a09cc282e7e
2026-02-17 16:14:54.648 73 INFO cinder.api.openstack.wsgi [None req-e3e92717-e396-453c-a63f-23c7e3b30490 46d1f35b7f894ce19fc8d0563a89f6d4 ccd42ff826c6435eb44bb460ea9f0b74 - - default default] http://[LB_IP_ADDRESS]:8776/v3/ccd42ff826c6435eb44bb460ea9f0b74/snapshots/bbcbf4f0-c826-42ce-a370-5a09cc282e7e returned with HTTP 404
2026-02-17 16:14:54.661 72 INFO cinder.api.openstack.wsgi [None req-7e5b93be-bac4-4e5f-9604-1b5dfb971052 46d1f35b7f894ce19fc8d0563a89f6d4 ccd42ff826c6435eb44bb460ea9f0b74 - - default default] GET http://[LB_IP_ADDRESS]:8776/v3/ccd42ff826c6435eb44bb460ea9f0b74/group_snapshots/8f1cef4e-b3eb-4a36-a3f7-19fdd087fca6
2026-02-17 16:14:54.666 72 INFO cinder.api.openstack.wsgi [None req-7e5b93be-bac4-4e5f-9604-1b5dfb971052 46d1f35b7f894ce19fc8d0563a89f6d4 ccd42ff826c6435eb44bb460ea9f0b74 - - default default] http://[LB_IP_ADDRESS]:8776/v3/ccd42ff826c6435eb44bb460ea9f0b74/group_snapshots/8f1cef4e-b3eb-4a36-a3f7-19fdd087fca6 returned with HTTP 404
2026-02-17 16:14:54.679 74 INFO cinder.api.openstack.wsgi [None req-7151ca01-4df1-4350-ba30-022091e49057 46d1f35b7f894ce19fc8d0563a89f6d4 ccd42ff826c6435eb44bb460ea9f0b74 - - default default] GET http://[LB_IP_ADDRESS]:8776/v3/ccd42ff826c6435eb44bb460ea9f0b74/volumes/detail
