2025-01-14 13:15:32.718 22 INFO cinder.api.openstack.wsgi [None req-48fcb810-81dc-4271-8198-29901a765899 7cb617f4a104456ea350d75121bae009 3848078635a34259a2639a205a75f132 - - default default] GET http://[LB_IP_ADDRESS]:8776/v3/3848078635a34259a2639a205a75f132/volumes/cf47e5cb-7746-4037-93b4-0396655ac40a
2025-01-14 13:15:32.742 22 INFO cinder.volume.api [None req-48fcb810-81dc-4271-8198-29901a765899 7cb617f4a104456ea350d75121bae009 3848078635a34259a2639a205a75f132 - - default default] Volume info retrieved successfully.
2025-01-14 13:15:32.751 22 INFO cinder.api.openstack.wsgi [None req-48fcb810-81dc-4271-8198-29901a765899 7cb617f4a104456ea350d75121bae009 3848078635a34259a2639a205a75f132 - - default default] http://[LB_IP_ADDRESS]:8776/v3/3848078635a34259a2639a205a75f132/volumes/cf47e5cb-7746-4037-93b4-0396655ac40a returned with HTTP 200
2025-01-14 13:15:32.779 23 INFO cinder.api.openstack.wsgi [None req-7610d07d-fe23-44dc-95c2-8c3c2d47e47a 7cb617f4a104456ea350d75121bae009 3848078635a34259a2639a205a75f132 - - default default] DELETE http://[LB_IP_ADDRESS]:8776/v3/3848078635a34259a2639a205a75f132/volumes/cf47e5cb-7746-4037-93b4-0396655ac40a
2025-01-14 13:15:32.780 23 INFO cinder.api.v3.volumes [None req-7610d07d-fe23-44dc-95c2-8c3c2d47e47a 7cb617f4a104456ea350d75121bae009 3848078635a34259a2639a205a75f132 - - default default] Delete volume with id: cf47e5cb-7746-4037-93b4-0396655ac40a 
2025-01-14 13:15:32.804 23 INFO cinder.volume.api [None req-7610d07d-fe23-44dc-95c2-8c3c2d47e47a 7cb617f4a104456ea350d75121bae009 3848078635a34259a2639a205a75f132 - - default default] Volume info retrieved successfully.
2025-01-14 13:15:32.854 23 INFO cinder.volume.api [None req-7610d07d-fe23-44dc-95c2-8c3c2d47e47a 7cb617f4a104456ea350d75121bae009 3848078635a34259a2639a205a75f132 - - default default] Delete volume request issued successfully.
2025-01-14 13:15:32.855 23 INFO cinder.api.openstack.wsgi [None req-7610d07d-fe23-44dc-95c2-8c3c2d47e47a 7cb617f4a104456ea350d75121bae009 3848078635a34259a2639a205a75f132 - - default default] http://[LB_IP_ADDRESS]:8776/v3/3848078635a34259a2639a205a75f132/volumes/cf47e5cb-7746-4037-93b4-0396655ac40a returned with HTTP 202
2025-01-14 13:15:32.867 21 INFO cinder.api.openstack.wsgi [None req-61244155-a3c9-4912-8c92-f05e69632c60 7cb617f4a104456ea350d75121bae009 3848078635a34259a2639a205a75f132 - - default default] GET http://[LB_IP_ADDRESS]:8776/v3/3848078635a34259a2639a205a75f132/volumes/cf47e5cb-7746-4037-93b4-0396655ac40a
2025-01-14 13:15:32.891 21 INFO cinder.volume.api [None req-61244155-a3c9-4912-8c92-f05e69632c60 7cb617f4a104456ea350d75121bae009 3848078635a34259a2639a205a75f132 - - default default] Volume info retrieved successfully.
2025-01-14 13:15:32.901 21 INFO cinder.api.openstack.wsgi [None req-61244155-a3c9-4912-8c92-f05e69632c60 7cb617f4a104456ea350d75121bae009 3848078635a34259a2639a205a75f132 - - default default] http://[LB_IP_ADDRESS]:8776/v3/3848078635a34259a2639a205a75f132/volumes/cf47e5cb-7746-4037-93b4-0396655ac40a returned with HTTP 200
2025-01-14 13:15:33.089 24 INFO cinder.api.openstack.wsgi [None req-1650e88c-a3e8-4767-a0e6-5e1b0ce8108e 76c21c7790144f8d9cdf2a559c2c2e8b 844166069e28402d9d360e0301ebcc72 - - default default] POST http://[LB_IP_ADDRESS]:8776/v3/844166069e28402d9d360e0301ebcc72/types
2025-01-14 13:15:33.124 24 INFO cinder.api.openstack.wsgi [None req-1650e88c-a3e8-4767-a0e6-5e1b0ce8108e 76c21c7790144f8d9cdf2a559c2c2e8b 844166069e28402d9d360e0301ebcc72 - - default default] http://[LB_IP_ADDRESS]:8776/v3/844166069e28402d9d360e0301ebcc72/types returned with HTTP 200
2025-01-14 13:15:33.138 25 INFO cinder.api.openstack.wsgi [None req-52749913-a040-4ea4-b320-c5582bdead6a 76c21c7790144f8d9cdf2a559c2c2e8b 844166069e28402d9d360e0301ebcc72 - - default default] POST http://[LB_IP_ADDRESS]:8776/v3/844166069e28402d9d360e0301ebcc72/types
2025-01-14 13:15:33.171 25 INFO cinder.api.openstack.wsgi [None req-52749913-a040-4ea4-b320-c5582bdead6a 76c21c7790144f8d9cdf2a559c2c2e8b 844166069e28402d9d360e0301ebcc72 - - default default] http://[LB_IP_ADDRESS]:8776/v3/844166069e28402d9d360e0301ebcc72/types returned with HTTP 200
2025-01-14 13:15:33.202 23 INFO cinder.api.openstack.wsgi [None req-d59232bc-d62d-4d18-9fec-259421796dea 2da6965b7136487eb2c4db34f3151a1a f6370da3eddf4a878412d8d4d33ed27e - - default default] GET http://[LB_IP_ADDRESS]:8776/v3/f6370da3eddf4a878412d8d4d33ed27e/groups/aaa1f213-3fd5-44d1-93b7-3ef87330ec61
2025-01-14 13:15:33.227 23 INFO cinder.api.openstack.wsgi [None req-d59232bc-d62d-4d18-9fec-259421796dea 2da6965b7136487eb2c4db34f3151a1a f6370da3eddf4a878412d8d4d33ed27e - - default default] http://[LB_IP_ADDRESS]:8776/v3/f6370da3eddf4a878412d8d4d33ed27e/groups/aaa1f213-3fd5-44d1-93b7-3ef87330ec61 returned with HTTP 200
2025-01-14 13:15:33.245 21 INFO cinder.api.openstack.wsgi [None req-6e88c1ac-b540-472d-b763-854f5863ee42 2da6965b7136487eb2c4db34f3151a1a f6370da3eddf4a878412d8d4d33ed27e - - default default] GET http://[LB_IP_ADDRESS]:8776/v3/f6370da3eddf4a878412d8d4d33ed27e/volumes/detail
2025-01-14 13:15:33.269 21 INFO cinder.volume.api [None req-6e88c1ac-b540-472d-b763-854f5863ee42 2da6965b7136487eb2c4db34f3151a1a f6370da3eddf4a878412d8d4d33ed27e - - default default] Get all volumes completed successfully.
2025-01-14 13:15:33.319 21 INFO cinder.api.openstack.wsgi [None req-6e88c1ac-b540-472d-b763-854f5863ee42 2da6965b7136487eb2c4db34f3151a1a f6370da3eddf4a878412d8d4d33ed27e - - default default] http://[LB_IP_ADDRESS]:8776/v3/f6370da3eddf4a878412d8d4d33ed27e/volumes/detail returned with HTTP 200
2025-01-14 13:15:33.348 24 INFO cinder.api.openstack.wsgi [None req-f3ca02b6-9e93-4d93-9f85-9b842c1d4395 2da6965b7136487eb2c4db34f3151a1a f6370da3eddf4a878412d8d4d33ed27e - - default default] GET http://[LB_IP_ADDRESS]:8776/v3/f6370da3eddf4a878412d8d4d33ed27e/volumes/detail
2025-01-14 13:15:33.371 24 INFO cinder.volume.api [None req-f3ca02b6-9e93-4d93-9f85-9b842c1d4395 2da6965b7136487eb2c4db34f3151a1a f6370da3eddf4a878412d8d4d33ed27e - - default default] Get all volumes completed successfully.
2025-01-14 13:15:33.392 22 INFO cinder.api.openstack.wsgi [None req-dd83454d-4b49-49be-9e9d-2cb3806f69c1 7cd1e5dad43e4bf2a95f410eede805c3 5966182a5b1e4731b0e1a7325d55eb37 - - default default] POST http://[LB_IP_ADDRESS]:8776/v3/5966182a5b1e4731b0e1a7325d55eb37/volumes
2025-01-14 13:15:33.406 22 INFO cinder.api.v3.volumes [None req-dd83454d-4b49-49be-9e9d-2cb3806f69c1 7cd1e5dad43e4bf2a95f410eede805c3 5966182a5b1e4731b0e1a7325d55eb37 - - default default] Create volume of 1 GB
2025-01-14 13:15:33.407 22 INFO cinder.volume.api [None req-dd83454d-4b49-49be-9e9d-2cb3806f69c1 7cd1e5dad43e4bf2a95f410eede805c3 5966182a5b1e4731b0e1a7325d55eb37 - - default default] Availability Zones retrieved successfully.
2025-01-14 13:15:33.422 24 INFO cinder.api.openstack.wsgi [None req-f3ca02b6-9e93-4d93-9f85-9b842c1d4395 2da6965b7136487eb2c4db34f3151a1a f6370da3eddf4a878412d8d4d33ed27e - - default default] http://[LB_IP_ADDRESS]:8776/v3/f6370da3eddf4a878412d8d4d33ed27e/volumes/detail returned with HTTP 200
2025-01-14 13:15:33.454 25 INFO cinder.api.openstack.wsgi [None req-c467aa6e-90c7-4d7a-b019-15896577873b 2da6965b7136487eb2c4db34f3151a1a f6370da3eddf4a878412d8d4d33ed27e - - default default] POST http://[LB_IP_ADDRESS]:8776/v3/f6370da3eddf4a878412d8d4d33ed27e/groups/aaa1f213-3fd5-44d1-93b7-3ef87330ec61/action
2025-01-14 13:15:33.459 25 INFO cinder.api.v3.groups [None req-c467aa6e-90c7-4d7a-b019-15896577873b 2da6965b7136487eb2c4db34f3151a1a f6370da3eddf4a878412d8d4d33ed27e - - default default] Delete group with id: aaa1f213-3fd5-44d1-93b7-3ef87330ec61
2025-01-14 13:15:33.556 25 INFO cinder.api.openstack.wsgi [None req-c467aa6e-90c7-4d7a-b019-15896577873b 2da6965b7136487eb2c4db34f3151a1a f6370da3eddf4a878412d8d4d33ed27e - - default default] http://[LB_IP_ADDRESS]:8776/v3/f6370da3eddf4a878412d8d4d33ed27e/groups/aaa1f213-3fd5-44d1-93b7-3ef87330ec61/action returned with HTTP 202
2025-01-14 13:15:33.567 23 INFO cinder.api.openstack.wsgi [None req-3a1e78fa-b8f8-448b-8998-f2daf9baa92f 2da6965b7136487eb2c4db34f3151a1a f6370da3eddf4a878412d8d4d33ed27e - - default default] GET http://[LB_IP_ADDRESS]:8776/v3/f6370da3eddf4a878412d8d4d33ed27e/volumes/e5eed25d-1f50-4279-ae62-954388f089d9
2025-01-14 13:15:33.593 23 INFO cinder.volume.api [None req-3a1e78fa-b8f8-448b-8998-f2daf9baa92f 2da6965b7136487eb2c4db34f3151a1a f6370da3eddf4a878412d8d4d33ed27e - - default default] Volume info retrieved successfully.
2025-01-14 13:15:33.627 23 INFO cinder.api.openstack.wsgi [None req-3a1e78fa-b8f8-448b-8998-f2daf9baa92f 2da6965b7136487eb2c4db34f3151a1a f6370da3eddf4a878412d8d4d33ed27e - - default default] http://[LB_IP_ADDRESS]:8776/v3/f6370da3eddf4a878412d8d4d33ed27e/volumes/e5eed25d-1f50-4279-ae62-954388f089d9 returned with HTTP 200
2025-01-14 13:15:33.690 22 INFO cinder.volume.api [None req-dd83454d-4b49-49be-9e9d-2cb3806f69c1 7cd1e5dad43e4bf2a95f410eede805c3 5966182a5b1e4731b0e1a7325d55eb37 - - default default] Create volume request issued successfully.
2025-01-14 13:15:33.692 22 INFO cinder.api.openstack.wsgi [None req-dd83454d-4b49-49be-9e9d-2cb3806f69c1 7cd1e5dad43e4bf2a95f410eede805c3 5966182a5b1e4731b0e1a7325d55eb37 - - default default] http://[LB_IP_ADDRESS]:8776/v3/5966182a5b1e4731b0e1a7325d55eb37/volumes returned with HTTP 202
2025-01-14 13:15:33.717 21 INFO cinder.api.openstack.wsgi [None req-d153ba60-85ea-4e45-9e76-f448ddea3900 7cd1e5dad43e4bf2a95f410eede805c3 5966182a5b1e4731b0e1a7325d55eb37 - - default default] GET http://[LB_IP_ADDRESS]:8776/v3/5966182a5b1e4731b0e1a7325d55eb37/volumes/8d112d86-a793-4834-810c-5a638ee9f1bd
2025-01-14 13:15:33.744 21 INFO cinder.volume.api [None req-d153ba60-85ea-4e45-9e76-f448ddea3900 7cd1e5dad43e4bf2a95f410eede805c3 5966182a5b1e4731b0e1a7325d55eb37 - - default default] Volume info retrieved successfully.
2025-01-14 13:15:33.753 21 INFO cinder.api.openstack.wsgi [None req-d153ba60-85ea-4e45-9e76-f448ddea3900 7cd1e5dad43e4bf2a95f410eede805c3 5966182a5b1e4731b0e1a7325d55eb37 - - default default] http://[LB_IP_ADDRESS]:8776/v3/5966182a5b1e4731b0e1a7325d55eb37/volumes/8d112d86-a793-4834-810c-5a638ee9f1bd returned with HTTP 200
2025-01-14 13:15:33.931 24 INFO cinder.api.openstack.wsgi [None req-11a546ad-e0bb-4b17-8af9-8e54af0be8f7 7cb617f4a104456ea350d75121bae009 3848078635a34259a2639a205a75f132 - - default default] GET http://[LB_IP_ADDRESS]:8776/v3/3848078635a34259a2639a205a75f132/volumes/cf47e5cb-7746-4037-93b4-0396655ac40a
2025-01-14 13:15:33.946 24 INFO cinder.api.openstack.wsgi [None req-11a546ad-e0bb-4b17-8af9-8e54af0be8f7 7cb617f4a104456ea350d75121bae009 3848078635a34259a2639a205a75f132 - - default default] http://[LB_IP_ADDRESS]:8776/v3/3848078635a34259a2639a205a75f132/volumes/cf47e5cb-7746-4037-93b4-0396655ac40a returned with HTTP 404
2025-01-14 13:15:34.656 25 INFO cinder.api.openstack.wsgi [None req-7bd24dcf-7ab4-4c3f-80f1-f18c2fb9192d 2da6965b7136487eb2c4db34f3151a1a f6370da3eddf4a878412d8d4d33ed27e - - default default] GET http://[LB_IP_ADDRESS]:8776/v3/f6370da3eddf4a878412d8d4d33ed27e/volumes/e5eed25d-1f50-4279-ae62-954388f089d9
2025-01-14 13:15:34.672 25 INFO cinder.api.openstack.wsgi [None req-7bd24dcf-7ab4-4c3f-80f1-f18c2fb9192d 2da6965b7136487eb2c4db34f3151a1a f6370da3eddf4a878412d8d4d33ed27e - - default default] http://[LB_IP_ADDRESS]:8776/v3/f6370da3eddf4a878412d8d4d33ed27e/volumes/e5eed25d-1f50-4279-ae62-954388f089d9 returned with HTTP 404
2025-01-14 13:15:34.684 23 INFO cinder.api.openstack.wsgi [None req-5af363b5-66f1-4d19-bb91-9095b5e67f19 2da6965b7136487eb2c4db34f3151a1a f6370da3eddf4a878412d8d4d33ed27e - - default default] GET http://[LB_IP_ADDRESS]:8776/v3/f6370da3eddf4a878412d8d4d33ed27e/volumes/2d39e16f-7145-4892-818d-312df758b406
2025-01-14 13:15:34.699 23 INFO cinder.api.openstack.wsgi [None req-5af363b5-66f1-4d19-bb91-9095b5e67f19 2da6965b7136487eb2c4db34f3151a1a f6370da3eddf4a878412d8d4d33ed27e - - default default] http://[LB_IP_ADDRESS]:8776/v3/f6370da3eddf4a878412d8d4d33ed27e/volumes/2d39e16f-7145-4892-818d-312df758b406 returned with HTTP 404
2025-01-14 13:15:34.712 22 INFO cinder.api.openstack.wsgi [None req-86687fd8-4da6-4ef3-a237-9948e99fe8dc 2da6965b7136487eb2c4db34f3151a1a f6370da3eddf4a878412d8d4d33ed27e - - default default] GET http://[LB_IP_ADDRESS]:8776/v3/f6370da3eddf4a878412d8d4d33ed27e/groups/aaa1f213-3fd5-44d1-93b7-3ef87330ec61
2025-01-14 13:15:34.718 22 INFO cinder.api.openstack.wsgi [None req-86687fd8-4da6-4ef3-a237-9948e99fe8dc 2da6965b7136487eb2c4db34f3151a1a f6370da3eddf4a878412d8d4d33ed27e - - default default] http://[LB_IP_ADDRESS]:8776/v3/f6370da3eddf4a878412d8d4d33ed27e/groups/aaa1f213-3fd5-44d1-93b7-3ef87330ec61 returned with HTTP 404
2025-01-14 13:15:34.730 21 INFO cinder.api.openstack.wsgi [None req-5b34fb9b-9097-40f9-88d9-3eeb8ea07b37 b9828727f10745368462dfffa4373817 ea7b9b42457a4ab29d7880f250613fe5 - - default default] DELETE http://[LB_IP_ADDRESS]:8776/v3/ea7b9b42457a4ab29d7880f250613fe5/group_types/dea0673a-e713-4386-abaa-d53fc2699896
2025-01-14 13:15:34.753 21 INFO cinder.api.openstack.wsgi [None req-5b34fb9b-9097-40f9-88d9-3eeb8ea07b37 b9828727f10745368462dfffa4373817 ea7b9b42457a4ab29d7880f250613fe5 - - default default] http://[LB_IP_ADDRESS]:8776/v3/ea7b9b42457a4ab29d7880f250613fe5/group_types/dea0673a-e713-4386-abaa-d53fc2699896 returned with HTTP 202
2025-01-14 13:15:34.765 24 INFO cinder.api.openstack.wsgi [None req-857ffcd0-35d0-47c5-a756-a7ebfe66ee01 b9828727f10745368462dfffa4373817 ea7b9b42457a4ab29d7880f250613fe5 - - default default] DELETE http://[LB_IP_ADDRESS]:8776/v3/ea7b9b42457a4ab29d7880f250613fe5/types/0019d13f-5aa5-497d-8041-b60686606236
2025-01-14 13:15:34.781 25 INFO cinder.api.openstack.wsgi [None req-1e10a4ab-e1e3-44d7-9a79-9cbc5ec9f077 7cd1e5dad43e4bf2a95f410eede805c3 5966182a5b1e4731b0e1a7325d55eb37 - - default default] GET http://[LB_IP_ADDRESS]:8776/v3/5966182a5b1e4731b0e1a7325d55eb37/volumes/8d112d86-a793-4834-810c-5a638ee9f1bd
2025-01-14 13:15:34.805 25 INFO cinder.volume.api [None req-1e10a4ab-e1e3-44d7-9a79-9cbc5ec9f077 7cd1e5dad43e4bf2a95f410eede805c3 5966182a5b1e4731b0e1a7325d55eb37 - - default default] Volume info retrieved successfully.
2025-01-14 13:15:34.814 25 INFO cinder.api.openstack.wsgi [None req-1e10a4ab-e1e3-44d7-9a79-9cbc5ec9f077 7cd1e5dad43e4bf2a95f410eede805c3 5966182a5b1e4731b0e1a7325d55eb37 - - default default] http://[LB_IP_ADDRESS]:8776/v3/5966182a5b1e4731b0e1a7325d55eb37/volumes/8d112d86-a793-4834-810c-5a638ee9f1bd returned with HTTP 200
2025-01-14 13:15:34.816 24 INFO cinder.api.openstack.wsgi [None req-857ffcd0-35d0-47c5-a756-a7ebfe66ee01 b9828727f10745368462dfffa4373817 ea7b9b42457a4ab29d7880f250613fe5 - - default default] http://[LB_IP_ADDRESS]:8776/v3/ea7b9b42457a4ab29d7880f250613fe5/types/0019d13f-5aa5-497d-8041-b60686606236 returned with HTTP 202
2025-01-14 13:15:34.828 23 INFO cinder.api.openstack.wsgi [None req-e95606cc-b2fe-467c-a99e-f1505b4c451e b9828727f10745368462dfffa4373817 ea7b9b42457a4ab29d7880f250613fe5 - - default default] GET http://[LB_IP_ADDRESS]:8776/v3/ea7b9b42457a4ab29d7880f250613fe5/types/0019d13f-5aa5-497d-8041-b60686606236
2025-01-14 13:15:34.835 23 INFO cinder.api.openstack.wsgi [None req-e95606cc-b2fe-467c-a99e-f1505b4c451e b9828727f10745368462dfffa4373817 ea7b9b42457a4ab29d7880f250613fe5 - - default default] http://[LB_IP_ADDRESS]:8776/v3/ea7b9b42457a4ab29d7880f250613fe5/types/0019d13f-5aa5-497d-8041-b60686606236 returned with HTTP 404
2025-01-14 13:15:35.842 22 INFO cinder.api.openstack.wsgi [None req-55306b94-ae66-4a3d-8cb0-f049e38cde9b 7cd1e5dad43e4bf2a95f410eede805c3 5966182a5b1e4731b0e1a7325d55eb37 - - default default] GET http://[LB_IP_ADDRESS]:8776/v3/5966182a5b1e4731b0e1a7325d55eb37/volumes/8d112d86-a793-4834-810c-5a638ee9f1bd
2025-01-14 13:15:35.865 22 INFO cinder.volume.api [None req-55306b94-ae66-4a3d-8cb0-f049e38cde9b 7cd1e5dad43e4bf2a95f410eede805c3 5966182a5b1e4731b0e1a7325d55eb37 - - default default] Volume info retrieved successfully.
2025-01-14 13:15:35.874 22 INFO cinder.api.openstack.wsgi [None req-55306b94-ae66-4a3d-8cb0-f049e38cde9b 7cd1e5dad43e4bf2a95f410eede805c3 5966182a5b1e4731b0e1a7325d55eb37 - - default default] http://[LB_IP_ADDRESS]:8776/v3/5966182a5b1e4731b0e1a7325d55eb37/volumes/8d112d86-a793-4834-810c-5a638ee9f1bd returned with HTTP 200
2025-01-14 13:15:35.901 21 INFO cinder.api.openstack.wsgi [None req-94e8320e-90ea-4c70-8537-b4f226942047 76c21c7790144f8d9cdf2a559c2c2e8b 844166069e28402d9d360e0301ebcc72 - - default default] GET http://[LB_IP_ADDRESS]:8776/v3/844166069e28402d9d360e0301ebcc72/volumes/8d112d86-a793-4834-810c-5a638ee9f1bd
2025-01-14 13:15:35.925 21 INFO cinder.volume.api [None req-94e8320e-90ea-4c70-8537-b4f226942047 76c21c7790144f8d9cdf2a559c2c2e8b 844166069e28402d9d360e0301ebcc72 - - default default] Volume info retrieved successfully.
2025-01-14 13:15:35.934 21 INFO cinder.api.openstack.wsgi [None req-94e8320e-90ea-4c70-8537-b4f226942047 76c21c7790144f8d9cdf2a559c2c2e8b 844166069e28402d9d360e0301ebcc72 - - default default] http://[LB_IP_ADDRESS]:8776/v3/844166069e28402d9d360e0301ebcc72/volumes/8d112d86-a793-4834-810c-5a638ee9f1bd returned with HTTP 200
2025-01-14 13:15:35.961 25 INFO cinder.api.openstack.wsgi [None req-089ef64c-dfa8-42a5-b728-a768f07a79ab 7cd1e5dad43e4bf2a95f410eede805c3 5966182a5b1e4731b0e1a7325d55eb37 - - default default] POST http://[LB_IP_ADDRESS]:8776/v3/5966182a5b1e4731b0e1a7325d55eb37/volumes/8d112d86-a793-4834-810c-5a638ee9f1bd/action
2025-01-14 13:15:35.982 25 INFO cinder.volume.api [None req-089ef64c-dfa8-42a5-b728-a768f07a79ab 7cd1e5dad43e4bf2a95f410eede805c3 5966182a5b1e4731b0e1a7325d55eb37 - - default default] Volume info retrieved successfully.
2025-01-14 13:15:36.210 25 INFO cinder.volume.api [None req-089ef64c-dfa8-42a5-b728-a768f07a79ab 7cd1e5dad43e4bf2a95f410eede805c3 5966182a5b1e4731b0e1a7325d55eb37 - - default default] Retype volume request issued successfully.
2025-01-14 13:15:36.211 25 INFO cinder.api.openstack.wsgi [None req-089ef64c-dfa8-42a5-b728-a768f07a79ab 7cd1e5dad43e4bf2a95f410eede805c3 5966182a5b1e4731b0e1a7325d55eb37 - - default default] http://[LB_IP_ADDRESS]:8776/v3/5966182a5b1e4731b0e1a7325d55eb37/volumes/8d112d86-a793-4834-810c-5a638ee9f1bd/action returned with HTTP 202
2025-01-14 13:15:36.223 24 INFO cinder.api.openstack.wsgi [None req-f0689ff8-0bcc-434a-accf-a1d8bfb9080c 7cd1e5dad43e4bf2a95f410eede805c3 5966182a5b1e4731b0e1a7325d55eb37 - - default default] GET http://[LB_IP_ADDRESS]:8776/v3/5966182a5b1e4731b0e1a7325d55eb37/volumes/8d112d86-a793-4834-810c-5a638ee9f1bd
2025-01-14 13:15:36.248 24 INFO cinder.volume.api [None req-f0689ff8-0bcc-434a-accf-a1d8bfb9080c 7cd1e5dad43e4bf2a95f410eede805c3 5966182a5b1e4731b0e1a7325d55eb37 - - default default] Volume info retrieved successfully.
2025-01-14 13:15:36.257 24 INFO cinder.api.openstack.wsgi [None req-f0689ff8-0bcc-434a-accf-a1d8bfb9080c 7cd1e5dad43e4bf2a95f410eede805c3 5966182a5b1e4731b0e1a7325d55eb37 - - default default] http://[LB_IP_ADDRESS]:8776/v3/5966182a5b1e4731b0e1a7325d55eb37/volumes/8d112d86-a793-4834-810c-5a638ee9f1bd returned with HTTP 200
2025-01-14 13:15:37.015 23 INFO cinder.api.openstack.wsgi [None req-a55f94db-56af-45db-94f2-a795e5d8bffd - - - - - -] GET http://[LB_IP_ADDRESS]:8776/
2025-01-14 13:15:37.017 23 INFO cinder.api.openstack.wsgi [None req-a55f94db-56af-45db-94f2-a795e5d8bffd - - - - - -] http://[LB_IP_ADDRESS]:8776/ returned with HTTP 300
2025-01-14 13:15:37.029 22 INFO cinder.api.openstack.wsgi [None req-9d7209ea-81c9-4419-aaef-fb8a9d03d69c - - - - - -] GET http://[LB_IP_ADDRESS]:8776/
2025-01-14 13:15:37.030 22 INFO cinder.api.openstack.wsgi [None req-9d7209ea-81c9-4419-aaef-fb8a9d03d69c - - - - - -] http://[LB_IP_ADDRESS]:8776/ returned with HTTP 300
2025-01-14 13:15:37.228 21 INFO cinder.api.openstack.wsgi [None req-0f7fef21-255c-4076-bd2a-1c38154062c1 28b94bc8d30f415da0d29ba7b027b6f3 07a078d265824b53885641c9cc9c387d - - default default] GET http://[LB_IP_ADDRESS]:8776/v3/
2025-01-14 13:15:37.230 21 INFO cinder.api.openstack.wsgi [None req-0f7fef21-255c-4076-bd2a-1c38154062c1 28b94bc8d30f415da0d29ba7b027b6f3 07a078d265824b53885641c9cc9c387d - - default default] http://[LB_IP_ADDRESS]:8776/v3/ returned with HTTP 200
2025-01-14 13:15:37.287 25 INFO cinder.api.openstack.wsgi [None req-53bbf907-9de6-4b12-be83-2cec072d59a9 7cd1e5dad43e4bf2a95f410eede805c3 5966182a5b1e4731b0e1a7325d55eb37 - - default default] GET http://[LB_IP_ADDRESS]:8776/v3/5966182a5b1e4731b0e1a7325d55eb37/volumes/8d112d86-a793-4834-810c-5a638ee9f1bd
2025-01-14 13:15:37.312 25 INFO cinder.volume.api [None req-53bbf907-9de6-4b12-be83-2cec072d59a9 7cd1e5dad43e4bf2a95f410eede805c3 5966182a5b1e4731b0e1a7325d55eb37 - - default default] Volume info retrieved successfully.
2025-01-14 13:15:37.322 25 INFO cinder.api.openstack.wsgi [None req-53bbf907-9de6-4b12-be83-2cec072d59a9 7cd1e5dad43e4bf2a95f410eede805c3 5966182a5b1e4731b0e1a7325d55eb37 - - default default] http://[LB_IP_ADDRESS]:8776/v3/5966182a5b1e4731b0e1a7325d55eb37/volumes/8d112d86-a793-4834-810c-5a638ee9f1bd returned with HTTP 200
2025-01-14 13:15:37.349 24 INFO cinder.api.openstack.wsgi [None req-ad4dfcc7-b7a0-47d3-9c2c-65da67bbda60 76c21c7790144f8d9cdf2a559c2c2e8b 844166069e28402d9d360e0301ebcc72 - - default default] GET http://[LB_IP_ADDRESS]:8776/v3/844166069e28402d9d360e0301ebcc72/volumes/8d112d86-a793-4834-810c-5a638ee9f1bd
2025-01-14 13:15:37.375 24 INFO cinder.volume.api [None req-ad4dfcc7-b7a0-47d3-9c2c-65da67bbda60 76c21c7790144f8d9cdf2a559c2c2e8b 844166069e28402d9d360e0301ebcc72 - - default default] Volume info retrieved successfully.
2025-01-14 13:15:37.384 24 INFO cinder.api.openstack.wsgi [None req-ad4dfcc7-b7a0-47d3-9c2c-65da67bbda60 76c21c7790144f8d9cdf2a559c2c2e8b 844166069e28402d9d360e0301ebcc72 - - default default] http://[LB_IP_ADDRESS]:8776/v3/844166069e28402d9d360e0301ebcc72/volumes/8d112d86-a793-4834-810c-5a638ee9f1bd returned with HTTP 200
2025-01-14 13:15:37.412 23 INFO cinder.api.openstack.wsgi [None req-14650cc2-fdce-4e81-bf20-9ad4fa50314c 76c21c7790144f8d9cdf2a559c2c2e8b 844166069e28402d9d360e0301ebcc72 - - default default] GET http://[LB_IP_ADDRESS]:8776/v3/844166069e28402d9d360e0301ebcc72/volumes?all_tenants=True&name=tempest-VolumeRetypeWithoutMigrationTest-Volume-817932186
2025-01-14 13:15:37.434 23 INFO cinder.volume.api [None req-14650cc2-fdce-4e81-bf20-9ad4fa50314c 76c21c7790144f8d9cdf2a559c2c2e8b 844166069e28402d9d360e0301ebcc72 - - default default] Get all volumes completed successfully.
2025-01-14 13:15:37.435 23 INFO cinder.api.openstack.wsgi [None req-14650cc2-fdce-4e81-bf20-9ad4fa50314c 76c21c7790144f8d9cdf2a559c2c2e8b 844166069e28402d9d360e0301ebcc72 - - default default] http://[LB_IP_ADDRESS]:8776/v3/844166069e28402d9d360e0301ebcc72/volumes?all_tenants=True&name=tempest-VolumeRetypeWithoutMigrationTest-Volume-817932186 returned with HTTP 200
2025-01-14 13:15:37.451 22 INFO cinder.api.openstack.wsgi [None req-f7566ae6-905a-4e5a-8a64-f56cfde09e6b 7cd1e5dad43e4bf2a95f410eede805c3 5966182a5b1e4731b0e1a7325d55eb37 - - default default] GET http://[LB_IP_ADDRESS]:8776/v3/5966182a5b1e4731b0e1a7325d55eb37/volumes/8d112d86-a793-4834-810c-5a638ee9f1bd
2025-01-14 13:15:37.475 22 INFO cinder.volume.api [None req-f7566ae6-905a-4e5a-8a64-f56cfde09e6b 7cd1e5dad43e4bf2a95f410eede805c3 5966182a5b1e4731b0e1a7325d55eb37 - - default default] Volume info retrieved successfully.
2025-01-14 13:15:37.484 22 INFO cinder.api.openstack.wsgi [None req-f7566ae6-905a-4e5a-8a64-f56cfde09e6b 7cd1e5dad43e4bf2a95f410eede805c3 5966182a5b1e4731b0e1a7325d55eb37 - - default default] http://[LB_IP_ADDRESS]:8776/v3/5966182a5b1e4731b0e1a7325d55eb37/volumes/8d112d86-a793-4834-810c-5a638ee9f1bd returned with HTTP 200
2025-01-14 13:15:37.512 21 INFO cinder.api.openstack.wsgi [None req-85ba3b4b-7422-4b51-a6a6-2ebaa0117474 7cd1e5dad43e4bf2a95f410eede805c3 5966182a5b1e4731b0e1a7325d55eb37 - - default default] DELETE http://[LB_IP_ADDRESS]:8776/v3/5966182a5b1e4731b0e1a7325d55eb37/volumes/8d112d86-a793-4834-810c-5a638ee9f1bd
2025-01-14 13:15:37.513 21 INFO cinder.api.v3.volumes [None req-85ba3b4b-7422-4b51-a6a6-2ebaa0117474 7cd1e5dad43e4bf2a95f410eede805c3 5966182a5b1e4731b0e1a7325d55eb37 - - default default] Delete volume with id: 8d112d86-a793-4834-810c-5a638ee9f1bd 
2025-01-14 13:15:37.530 21 INFO cinder.volume.api [None req-85ba3b4b-7422-4b51-a6a6-2ebaa0117474 7cd1e5dad43e4bf2a95f410eede805c3 5966182a5b1e4731b0e1a7325d55eb37 - - default default] Volume info retrieved successfully.
2025-01-14 13:15:37.563 21 INFO cinder.volume.api [None req-85ba3b4b-7422-4b51-a6a6-2ebaa0117474 7cd1e5dad43e4bf2a95f410eede805c3 5966182a5b1e4731b0e1a7325d55eb37 - - default default] Delete volume request issued successfully.
2025-01-14 13:15:37.564 21 INFO cinder.api.openstack.wsgi [None req-85ba3b4b-7422-4b51-a6a6-2ebaa0117474 7cd1e5dad43e4bf2a95f410eede805c3 5966182a5b1e4731b0e1a7325d55eb37 - - default default] http://[LB_IP_ADDRESS]:8776/v3/5966182a5b1e4731b0e1a7325d55eb37/volumes/8d112d86-a793-4834-810c-5a638ee9f1bd returned with HTTP 202
2025-01-14 13:15:37.591 25 INFO cinder.api.openstack.wsgi [None req-e85c9177-b517-4032-b49e-eab29b80d5e1 7cd1e5dad43e4bf2a95f410eede805c3 5966182a5b1e4731b0e1a7325d55eb37 - - default default] GET http://[LB_IP_ADDRESS]:8776/v3/5966182a5b1e4731b0e1a7325d55eb37/volumes/8d112d86-a793-4834-810c-5a638ee9f1bd
2025-01-14 13:15:37.627 25 INFO cinder.volume.api [None req-e85c9177-b517-4032-b49e-eab29b80d5e1 7cd1e5dad43e4bf2a95f410eede805c3 5966182a5b1e4731b0e1a7325d55eb37 - - default default] Volume info retrieved successfully.
2025-01-14 13:15:37.638 25 INFO cinder.api.openstack.wsgi [None req-e85c9177-b517-4032-b49e-eab29b80d5e1 7cd1e5dad43e4bf2a95f410eede805c3 5966182a5b1e4731b0e1a7325d55eb37 - - default default] http://[LB_IP_ADDRESS]:8776/v3/5966182a5b1e4731b0e1a7325d55eb37/volumes/8d112d86-a793-4834-810c-5a638ee9f1bd returned with HTTP 200
2025-01-14 13:15:38.666 24 INFO cinder.api.openstack.wsgi [None req-a9a604ed-8915-407d-9da9-0e5d977c3750 7cd1e5dad43e4bf2a95f410eede805c3 5966182a5b1e4731b0e1a7325d55eb37 - - default default] GET http://[LB_IP_ADDRESS]:8776/v3/5966182a5b1e4731b0e1a7325d55eb37/volumes/8d112d86-a793-4834-810c-5a638ee9f1bd
2025-01-14 13:15:38.677 24 INFO cinder.api.openstack.wsgi [None req-a9a604ed-8915-407d-9da9-0e5d977c3750 7cd1e5dad43e4bf2a95f410eede805c3 5966182a5b1e4731b0e1a7325d55eb37 - - default default] http://[LB_IP_ADDRESS]:8776/v3/5966182a5b1e4731b0e1a7325d55eb37/volumes/8d112d86-a793-4834-810c-5a638ee9f1bd returned with HTTP 404
2025-01-14 13:15:38.689 23 INFO cinder.api.openstack.wsgi [None req-d452a607-2889-43ae-8089-8345582ee3e9 76c21c7790144f8d9cdf2a559c2c2e8b 844166069e28402d9d360e0301ebcc72 - - default default] DELETE http://[LB_IP_ADDRESS]:8776/v3/844166069e28402d9d360e0301ebcc72/types/7b067b34-3059-425b-9efe-8268928e44b4
2025-01-14 13:15:38.730 23 INFO cinder.api.openstack.wsgi [None req-d452a607-2889-43ae-8089-8345582ee3e9 76c21c7790144f8d9cdf2a559c2c2e8b 844166069e28402d9d360e0301ebcc72 - - default default] http://[LB_IP_ADDRESS]:8776/v3/844166069e28402d9d360e0301ebcc72/types/7b067b34-3059-425b-9efe-8268928e44b4 returned with HTTP 202
2025-01-14 13:15:38.739 22 INFO cinder.api.openstack.wsgi [None req-18b1d4f5-2652-4a06-9496-adcfa0c662ac 76c21c7790144f8d9cdf2a559c2c2e8b 844166069e28402d9d360e0301ebcc72 - - default default] GET http://[LB_IP_ADDRESS]:8776/v3/844166069e28402d9d360e0301ebcc72/types/7b067b34-3059-425b-9efe-8268928e44b4
2025-01-14 13:15:38.746 22 INFO cinder.api.openstack.wsgi [None req-18b1d4f5-2652-4a06-9496-adcfa0c662ac 76c21c7790144f8d9cdf2a559c2c2e8b 844166069e28402d9d360e0301ebcc72 - - default default] http://[LB_IP_ADDRESS]:8776/v3/844166069e28402d9d360e0301ebcc72/types/7b067b34-3059-425b-9efe-8268928e44b4 returned with HTTP 404
2025-01-14 13:15:38.757 21 INFO cinder.api.openstack.wsgi [None req-4141d44e-fcc7-4a9d-b75e-764955c83b5e 76c21c7790144f8d9cdf2a559c2c2e8b 844166069e28402d9d360e0301ebcc72 - - default default] DELETE http://[LB_IP_ADDRESS]:8776/v3/844166069e28402d9d360e0301ebcc72/types/d36bff86-1fd3-453e-b03f-f417918e913c
2025-01-14 13:15:38.799 21 INFO cinder.api.openstack.wsgi [None req-4141d44e-fcc7-4a9d-b75e-764955c83b5e 76c21c7790144f8d9cdf2a559c2c2e8b 844166069e28402d9d360e0301ebcc72 - - default default] http://[LB_IP_ADDRESS]:8776/v3/844166069e28402d9d360e0301ebcc72/types/d36bff86-1fd3-453e-b03f-f417918e913c returned with HTTP 202
2025-01-14 13:15:38.811 25 INFO cinder.api.openstack.wsgi [None req-8ef03b5e-b90f-4874-af32-7dbc8b23f7a3 76c21c7790144f8d9cdf2a559c2c2e8b 844166069e28402d9d360e0301ebcc72 - - default default] GET http://[LB_IP_ADDRESS]:8776/v3/844166069e28402d9d360e0301ebcc72/types/d36bff86-1fd3-453e-b03f-f417918e913c
2025-01-14 13:15:38.819 25 INFO cinder.api.openstack.wsgi [None req-8ef03b5e-b90f-4874-af32-7dbc8b23f7a3 76c21c7790144f8d9cdf2a559c2c2e8b 844166069e28402d9d360e0301ebcc72 - - default default] http://[LB_IP_ADDRESS]:8776/v3/844166069e28402d9d360e0301ebcc72/types/d36bff86-1fd3-453e-b03f-f417918e913c returned with HTTP 404
2025-01-14 13:15:40.365 24 INFO cinder.api.openstack.wsgi [None req-6eede8c8-dc86-419c-b8bc-95cff042dcd3 4c4a4d8aaf2a465e9d4c10b077045a0e c3f15af41fc0411dbb2d06b7b9b1e545 - - default default] POST http://[LB_IP_ADDRESS]:8776/v3/c3f15af41fc0411dbb2d06b7b9b1e545/types
2025-01-14 13:15:40.393 24 INFO cinder.api.openstack.wsgi [None req-6eede8c8-dc86-419c-b8bc-95cff042dcd3 4c4a4d8aaf2a465e9d4c10b077045a0e c3f15af41fc0411dbb2d06b7b9b1e545 - - default default] http://[LB_IP_ADDRESS]:8776/v3/c3f15af41fc0411dbb2d06b7b9b1e545/types returned with HTTP 200
2025-01-14 13:15:40.408 23 INFO cinder.api.openstack.wsgi [None req-7f5061bd-377f-48ff-8e15-eecc3cc6016c 4c4a4d8aaf2a465e9d4c10b077045a0e c3f15af41fc0411dbb2d06b7b9b1e545 - - default default] POST http://[LB_IP_ADDRESS]:8776/v3/c3f15af41fc0411dbb2d06b7b9b1e545/group_types
2025-01-14 13:15:40.435 23 INFO cinder.api.openstack.wsgi [None req-7f5061bd-377f-48ff-8e15-eecc3cc6016c 4c4a4d8aaf2a465e9d4c10b077045a0e c3f15af41fc0411dbb2d06b7b9b1e545 - - default default] http://[LB_IP_ADDRESS]:8776/v3/c3f15af41fc0411dbb2d06b7b9b1e545/group_types returned with HTTP 202
2025-01-14 13:15:40.483 22 INFO cinder.api.openstack.wsgi [None req-efc48a2b-a7b0-4001-b86a-f2d4b337522e c4c3d59c295d4050873caa02baaca11f 6ed8720d982746e4b6ae96c7b5ebf1a1 - - default default] POST http://[LB_IP_ADDRESS]:8776/v3/6ed8720d982746e4b6ae96c7b5ebf1a1/volumes
2025-01-14 13:15:40.487 22 INFO cinder.api.v3.volumes [None req-efc48a2b-a7b0-4001-b86a-f2d4b337522e c4c3d59c295d4050873caa02baaca11f 6ed8720d982746e4b6ae96c7b5ebf1a1 - - default default] Create volume of 1 GB
2025-01-14 13:15:40.495 22 INFO cinder.volume.api [None req-efc48a2b-a7b0-4001-b86a-f2d4b337522e c4c3d59c295d4050873caa02baaca11f 6ed8720d982746e4b6ae96c7b5ebf1a1 - - default default] Availability Zones retrieved successfully.
2025-01-14 13:15:40.569 21 INFO cinder.api.openstack.wsgi [None req-8056f0f5-de49-4354-ac97-8e73e09fa767 0dee4ac008c44b048a40d33065b82983 d2ad853caf64484e841d83b8d46e946a - - default default] POST http://[LB_IP_ADDRESS]:8776/v3/d2ad853caf64484e841d83b8d46e946a/groups
2025-01-14 13:15:40.580 21 INFO cinder.api.v3.groups [None req-8056f0f5-de49-4354-ac97-8e73e09fa767 0dee4ac008c44b048a40d33065b82983 d2ad853caf64484e841d83b8d46e946a - - default default] Creating group tempest-GroupsV320Test-Group-61923872.
2025-01-14 13:15:40.591 21 INFO cinder.volume.api [None req-8056f0f5-de49-4354-ac97-8e73e09fa767 0dee4ac008c44b048a40d33065b82983 d2ad853caf64484e841d83b8d46e946a - - default default] Availability Zones retrieved successfully.
2025-01-14 13:15:40.698 21 INFO cinder.api.openstack.wsgi [None req-8056f0f5-de49-4354-ac97-8e73e09fa767 0dee4ac008c44b048a40d33065b82983 d2ad853caf64484e841d83b8d46e946a - - default default] http://[LB_IP_ADDRESS]:8776/v3/d2ad853caf64484e841d83b8d46e946a/groups returned with HTTP 202
2025-01-14 13:15:40.712 25 INFO cinder.api.openstack.wsgi [None req-822de4b4-0b21-427e-9bb1-3dd900d979e5 0dee4ac008c44b048a40d33065b82983 d2ad853caf64484e841d83b8d46e946a - - default default] GET http://[LB_IP_ADDRESS]:8776/v3/d2ad853caf64484e841d83b8d46e946a/groups/5e7e0d02-7a39-4f9d-b70c-ad08b16ef887
2025-01-14 13:15:40.738 25 INFO cinder.api.openstack.wsgi [None req-822de4b4-0b21-427e-9bb1-3dd900d979e5 0dee4ac008c44b048a40d33065b82983 d2ad853caf64484e841d83b8d46e946a - - default default] http://[LB_IP_ADDRESS]:8776/v3/d2ad853caf64484e841d83b8d46e946a/groups/5e7e0d02-7a39-4f9d-b70c-ad08b16ef887 returned with HTTP 200
2025-01-14 13:15:40.774 22 INFO cinder.volume.api [None req-efc48a2b-a7b0-4001-b86a-f2d4b337522e c4c3d59c295d4050873caa02baaca11f 6ed8720d982746e4b6ae96c7b5ebf1a1 - - default default] Create volume request issued successfully.
2025-01-14 13:15:40.775 22 INFO cinder.api.openstack.wsgi [None req-efc48a2b-a7b0-4001-b86a-f2d4b337522e c4c3d59c295d4050873caa02baaca11f 6ed8720d982746e4b6ae96c7b5ebf1a1 - - default default] http://[LB_IP_ADDRESS]:8776/v3/6ed8720d982746e4b6ae96c7b5ebf1a1/volumes returned with HTTP 202
2025-01-14 13:15:40.802 24 INFO cinder.api.openstack.wsgi [None req-282ee7f1-7f8b-4022-8abe-44265c49ad43 c4c3d59c295d4050873caa02baaca11f 6ed8720d982746e4b6ae96c7b5ebf1a1 - - default default] GET http://[LB_IP_ADDRESS]:8776/v3/6ed8720d982746e4b6ae96c7b5ebf1a1/volumes/e48c870a-3516-4daf-8dc4-d9508aa20fc8
2025-01-14 13:15:40.829 24 INFO cinder.volume.api [None req-282ee7f1-7f8b-4022-8abe-44265c49ad43 c4c3d59c295d4050873caa02baaca11f 6ed8720d982746e4b6ae96c7b5ebf1a1 - - default default] Volume info retrieved successfully.
2025-01-14 13:15:40.838 24 INFO cinder.api.openstack.wsgi [None req-282ee7f1-7f8b-4022-8abe-44265c49ad43 c4c3d59c295d4050873caa02baaca11f 6ed8720d982746e4b6ae96c7b5ebf1a1 - - default default] http://[LB_IP_ADDRESS]:8776/v3/6ed8720d982746e4b6ae96c7b5ebf1a1/volumes/e48c870a-3516-4daf-8dc4-d9508aa20fc8 returned with HTTP 200
2025-01-14 13:15:41.756 23 INFO cinder.api.openstack.wsgi [None req-c11b0690-9f07-4d6f-b853-d84cd02b746a 0dee4ac008c44b048a40d33065b82983 d2ad853caf64484e841d83b8d46e946a - - default default] GET http://[LB_IP_ADDRESS]:8776/v3/d2ad853caf64484e841d83b8d46e946a/groups/5e7e0d02-7a39-4f9d-b70c-ad08b16ef887
2025-01-14 13:15:41.780 23 INFO cinder.api.openstack.wsgi [None req-c11b0690-9f07-4d6f-b853-d84cd02b746a 0dee4ac008c44b048a40d33065b82983 d2ad853caf64484e841d83b8d46e946a - - default default] http://[LB_IP_ADDRESS]:8776/v3/d2ad853caf64484e841d83b8d46e946a/groups/5e7e0d02-7a39-4f9d-b70c-ad08b16ef887 returned with HTTP 200
2025-01-14 13:15:41.798 21 INFO cinder.api.openstack.wsgi [None req-18bfbc35-a2e3-482c-aaa9-f8425387d9a5 4c4a4d8aaf2a465e9d4c10b077045a0e c3f15af41fc0411dbb2d06b7b9b1e545 - - default default] POST http://[LB_IP_ADDRESS]:8776/v3/c3f15af41fc0411dbb2d06b7b9b1e545/groups/5e7e0d02-7a39-4f9d-b70c-ad08b16ef887/action
2025-01-14 13:15:41.817 21 INFO cinder.api.openstack.wsgi [None req-18bfbc35-a2e3-482c-aaa9-f8425387d9a5 4c4a4d8aaf2a465e9d4c10b077045a0e c3f15af41fc0411dbb2d06b7b9b1e545 - - default default] http://[LB_IP_ADDRESS]:8776/v3/c3f15af41fc0411dbb2d06b7b9b1e545/groups/5e7e0d02-7a39-4f9d-b70c-ad08b16ef887/action returned with HTTP 202
2025-01-14 13:15:41.829 25 INFO cinder.api.openstack.wsgi [None req-85d4c923-1ecc-468a-98e6-349cd31081ec 0dee4ac008c44b048a40d33065b82983 d2ad853caf64484e841d83b8d46e946a - - default default] GET http://[LB_IP_ADDRESS]:8776/v3/d2ad853caf64484e841d83b8d46e946a/groups/5e7e0d02-7a39-4f9d-b70c-ad08b16ef887
2025-01-14 13:15:41.851 25 INFO cinder.api.openstack.wsgi [None req-85d4c923-1ecc-468a-98e6-349cd31081ec 0dee4ac008c44b048a40d33065b82983 d2ad853caf64484e841d83b8d46e946a - - default default] http://[LB_IP_ADDRESS]:8776/v3/d2ad853caf64484e841d83b8d46e946a/groups/5e7e0d02-7a39-4f9d-b70c-ad08b16ef887 returned with HTTP 200
2025-01-14 13:15:41.867 22 INFO cinder.api.openstack.wsgi [None req-1dd36580-5e9b-4a58-be95-d58834669294 c4c3d59c295d4050873caa02baaca11f 6ed8720d982746e4b6ae96c7b5ebf1a1 - - default default] GET http://[LB_IP_ADDRESS]:8776/v3/6ed8720d982746e4b6ae96c7b5ebf1a1/volumes/e48c870a-3516-4daf-8dc4-d9508aa20fc8
2025-01-14 13:15:41.868 24 INFO cinder.api.openstack.wsgi [None req-bf1f1474-833f-4504-aeb9-a28cbef96aef 4c4a4d8aaf2a465e9d4c10b077045a0e c3f15af41fc0411dbb2d06b7b9b1e545 - - default default] POST http://[LB_IP_ADDRESS]:8776/v3/c3f15af41fc0411dbb2d06b7b9b1e545/groups/5e7e0d02-7a39-4f9d-b70c-ad08b16ef887/action
2025-01-14 13:15:41.887 24 INFO cinder.api.openstack.wsgi [None req-bf1f1474-833f-4504-aeb9-a28cbef96aef 4c4a4d8aaf2a465e9d4c10b077045a0e c3f15af41fc0411dbb2d06b7b9b1e545 - - default default] http://[LB_IP_ADDRESS]:8776/v3/c3f15af41fc0411dbb2d06b7b9b1e545/groups/5e7e0d02-7a39-4f9d-b70c-ad08b16ef887/action returned with HTTP 202
2025-01-14 13:15:41.894 22 INFO cinder.volume.api [None req-1dd36580-5e9b-4a58-be95-d58834669294 c4c3d59c295d4050873caa02baaca11f 6ed8720d982746e4b6ae96c7b5ebf1a1 - - default default] Volume info retrieved successfully.
2025-01-14 13:15:41.899 23 INFO cinder.api.openstack.wsgi [None req-cc94e639-26a7-44fd-86de-b7a277a8c3b9 0dee4ac008c44b048a40d33065b82983 d2ad853caf64484e841d83b8d46e946a - - default default] GET http://[LB_IP_ADDRESS]:8776/v3/d2ad853caf64484e841d83b8d46e946a/groups/5e7e0d02-7a39-4f9d-b70c-ad08b16ef887
2025-01-14 13:15:41.903 22 INFO cinder.api.openstack.wsgi [None req-1dd36580-5e9b-4a58-be95-d58834669294 c4c3d59c295d4050873caa02baaca11f 6ed8720d982746e4b6ae96c7b5ebf1a1 - - default default] http://[LB_IP_ADDRESS]:8776/v3/6ed8720d982746e4b6ae96c7b5ebf1a1/volumes/e48c870a-3516-4daf-8dc4-d9508aa20fc8 returned with HTTP 200
2025-01-14 13:15:41.922 23 INFO cinder.api.openstack.wsgi [None req-cc94e639-26a7-44fd-86de-b7a277a8c3b9 0dee4ac008c44b048a40d33065b82983 d2ad853caf64484e841d83b8d46e946a - - default default] http://[LB_IP_ADDRESS]:8776/v3/d2ad853caf64484e841d83b8d46e946a/groups/5e7e0d02-7a39-4f9d-b70c-ad08b16ef887 returned with HTTP 200
2025-01-14 13:15:41.940 21 INFO cinder.api.openstack.wsgi [None req-3cd3c0f2-5980-414e-a103-6c9efb7d7ce6 4c4a4d8aaf2a465e9d4c10b077045a0e c3f15af41fc0411dbb2d06b7b9b1e545 - - default default] POST http://[LB_IP_ADDRESS]:8776/v3/c3f15af41fc0411dbb2d06b7b9b1e545/groups/5e7e0d02-7a39-4f9d-b70c-ad08b16ef887/action
2025-01-14 13:15:41.959 21 INFO cinder.api.openstack.wsgi [None req-3cd3c0f2-5980-414e-a103-6c9efb7d7ce6 4c4a4d8aaf2a465e9d4c10b077045a0e c3f15af41fc0411dbb2d06b7b9b1e545 - - default default] http://[LB_IP_ADDRESS]:8776/v3/c3f15af41fc0411dbb2d06b7b9b1e545/groups/5e7e0d02-7a39-4f9d-b70c-ad08b16ef887/action returned with HTTP 202
2025-01-14 13:15:41.970 25 INFO cinder.api.openstack.wsgi [None req-c447aa82-9175-417b-8e3c-18927ac0475a 0dee4ac008c44b048a40d33065b82983 d2ad853caf64484e841d83b8d46e946a - - default default] GET http://[LB_IP_ADDRESS]:8776/v3/d2ad853caf64484e841d83b8d46e946a/groups/5e7e0d02-7a39-4f9d-b70c-ad08b16ef887
2025-01-14 13:15:41.993 25 INFO cinder.api.openstack.wsgi [None req-c447aa82-9175-417b-8e3c-18927ac0475a 0dee4ac008c44b048a40d33065b82983 d2ad853caf64484e841d83b8d46e946a - - default default] http://[LB_IP_ADDRESS]:8776/v3/d2ad853caf64484e841d83b8d46e946a/groups/5e7e0d02-7a39-4f9d-b70c-ad08b16ef887 returned with HTTP 200
2025-01-14 13:15:42.010 24 INFO cinder.api.openstack.wsgi [None req-4cca1c6d-1e7c-4cf9-a9c4-b8825a91ae1b 4c4a4d8aaf2a465e9d4c10b077045a0e c3f15af41fc0411dbb2d06b7b9b1e545 - - default default] POST http://[LB_IP_ADDRESS]:8776/v3/c3f15af41fc0411dbb2d06b7b9b1e545/groups/5e7e0d02-7a39-4f9d-b70c-ad08b16ef887/action
2025-01-14 13:15:42.029 24 INFO cinder.api.openstack.wsgi [None req-4cca1c6d-1e7c-4cf9-a9c4-b8825a91ae1b 4c4a4d8aaf2a465e9d4c10b077045a0e c3f15af41fc0411dbb2d06b7b9b1e545 - - default default] http://[LB_IP_ADDRESS]:8776/v3/c3f15af41fc0411dbb2d06b7b9b1e545/groups/5e7e0d02-7a39-4f9d-b70c-ad08b16ef887/action returned with HTTP 202
2025-01-14 13:15:42.040 22 INFO cinder.api.openstack.wsgi [None req-0c01bd59-af2c-42e0-b503-abde199cd89b 0dee4ac008c44b048a40d33065b82983 d2ad853caf64484e841d83b8d46e946a - - default default] GET http://[LB_IP_ADDRESS]:8776/v3/d2ad853caf64484e841d83b8d46e946a/groups/5e7e0d02-7a39-4f9d-b70c-ad08b16ef887
2025-01-14 13:15:42.061 22 INFO cinder.api.openstack.wsgi [None req-0c01bd59-af2c-42e0-b503-abde199cd89b 0dee4ac008c44b048a40d33065b82983 d2ad853caf64484e841d83b8d46e946a - - default default] http://[LB_IP_ADDRESS]:8776/v3/d2ad853caf64484e841d83b8d46e946a/groups/5e7e0d02-7a39-4f9d-b70c-ad08b16ef887 returned with HTTP 200
2025-01-14 13:15:42.077 23 INFO cinder.api.openstack.wsgi [None req-dc342bce-cd31-4432-8cd9-bf1677aec8ef 0dee4ac008c44b048a40d33065b82983 d2ad853caf64484e841d83b8d46e946a - - default default] GET http://[LB_IP_ADDRESS]:8776/v3/d2ad853caf64484e841d83b8d46e946a/volumes/detail
2025-01-14 13:15:42.096 23 INFO cinder.volume.api [None req-dc342bce-cd31-4432-8cd9-bf1677aec8ef 0dee4ac008c44b048a40d33065b82983 d2ad853caf64484e841d83b8d46e946a - - default default] Get all volumes completed successfully.
2025-01-14 13:15:42.101 23 INFO cinder.api.openstack.wsgi [None req-dc342bce-cd31-4432-8cd9-bf1677aec8ef 0dee4ac008c44b048a40d33065b82983 d2ad853caf64484e841d83b8d46e946a - - default default] http://[LB_IP_ADDRESS]:8776/v3/d2ad853caf64484e841d83b8d46e946a/volumes/detail returned with HTTP 200
2025-01-14 13:15:42.130 21 INFO cinder.api.openstack.wsgi [None req-9dcc43ef-dab2-4479-8303-d18ed5b4cfbb 0dee4ac008c44b048a40d33065b82983 d2ad853caf64484e841d83b8d46e946a - - default default] POST http://[LB_IP_ADDRESS]:8776/v3/d2ad853caf64484e841d83b8d46e946a/groups/5e7e0d02-7a39-4f9d-b70c-ad08b16ef887/action
2025-01-14 13:15:42.134 21 INFO cinder.api.v3.groups [None req-9dcc43ef-dab2-4479-8303-d18ed5b4cfbb 0dee4ac008c44b048a40d33065b82983 d2ad853caf64484e841d83b8d46e946a - - default default] Delete group with id: 5e7e0d02-7a39-4f9d-b70c-ad08b16ef887
2025-01-14 13:15:42.188 21 INFO cinder.api.openstack.wsgi [None req-9dcc43ef-dab2-4479-8303-d18ed5b4cfbb 0dee4ac008c44b048a40d33065b82983 d2ad853caf64484e841d83b8d46e946a - - default default] http://[LB_IP_ADDRESS]:8776/v3/d2ad853caf64484e841d83b8d46e946a/groups/5e7e0d02-7a39-4f9d-b70c-ad08b16ef887/action returned with HTTP 202
2025-01-14 13:15:42.201 25 INFO cinder.api.openstack.wsgi [None req-686abb79-bfdf-441e-a72f-6d0a29d341c9 0dee4ac008c44b048a40d33065b82983 d2ad853caf64484e841d83b8d46e946a - - default default] GET http://[LB_IP_ADDRESS]:8776/v3/d2ad853caf64484e841d83b8d46e946a/groups/5e7e0d02-7a39-4f9d-b70c-ad08b16ef887
2025-01-14 13:15:42.224 25 INFO cinder.api.openstack.wsgi [None req-686abb79-bfdf-441e-a72f-6d0a29d341c9 0dee4ac008c44b048a40d33065b82983 d2ad853caf64484e841d83b8d46e946a - - default default] http://[LB_IP_ADDRESS]:8776/v3/d2ad853caf64484e841d83b8d46e946a/groups/5e7e0d02-7a39-4f9d-b70c-ad08b16ef887 returned with HTTP 200
2025-01-14 13:15:42.931 24 INFO cinder.api.openstack.wsgi [None req-0d975b3a-ddf4-44ea-98a5-08853bd3d2d4 c4c3d59c295d4050873caa02baaca11f 6ed8720d982746e4b6ae96c7b5ebf1a1 - - default default] GET http://[LB_IP_ADDRESS]:8776/v3/6ed8720d982746e4b6ae96c7b5ebf1a1/volumes/e48c870a-3516-4daf-8dc4-d9508aa20fc8
2025-01-14 13:15:42.957 24 INFO cinder.volume.api [None req-0d975b3a-ddf4-44ea-98a5-08853bd3d2d4 c4c3d59c295d4050873caa02baaca11f 6ed8720d982746e4b6ae96c7b5ebf1a1 - - default default] Volume info retrieved successfully.
2025-01-14 13:15:42.966 24 INFO cinder.api.openstack.wsgi [None req-0d975b3a-ddf4-44ea-98a5-08853bd3d2d4 c4c3d59c295d4050873caa02baaca11f 6ed8720d982746e4b6ae96c7b5ebf1a1 - - default default] http://[LB_IP_ADDRESS]:8776/v3/6ed8720d982746e4b6ae96c7b5ebf1a1/volumes/e48c870a-3516-4daf-8dc4-d9508aa20fc8 returned with HTTP 200
2025-01-14 13:15:42.994 22 INFO cinder.api.openstack.wsgi [None req-8a3536d9-59cb-4dfc-bc4f-03d6b22aa6bc c4c3d59c295d4050873caa02baaca11f 6ed8720d982746e4b6ae96c7b5ebf1a1 - - default default] POST http://[LB_IP_ADDRESS]:8776/v3/6ed8720d982746e4b6ae96c7b5ebf1a1/snapshots
2025-01-14 13:15:43.016 22 INFO cinder.volume.api [None req-8a3536d9-59cb-4dfc-bc4f-03d6b22aa6bc c4c3d59c295d4050873caa02baaca11f 6ed8720d982746e4b6ae96c7b5ebf1a1 - - default default] Volume info retrieved successfully.
2025-01-14 13:15:43.016 22 INFO cinder.api.v3.snapshots [None req-8a3536d9-59cb-4dfc-bc4f-03d6b22aa6bc c4c3d59c295d4050873caa02baaca11f 6ed8720d982746e4b6ae96c7b5ebf1a1 - - default default] Create snapshot from volume e48c870a-3516-4daf-8dc4-d9508aa20fc8
2025-01-14 13:15:43.193 22 INFO cinder.volume.api [None req-8a3536d9-59cb-4dfc-bc4f-03d6b22aa6bc c4c3d59c295d4050873caa02baaca11f 6ed8720d982746e4b6ae96c7b5ebf1a1 - - default default] Snapshot create request issued successfully.
2025-01-14 13:15:43.194 22 INFO cinder.api.openstack.wsgi [None req-8a3536d9-59cb-4dfc-bc4f-03d6b22aa6bc c4c3d59c295d4050873caa02baaca11f 6ed8720d982746e4b6ae96c7b5ebf1a1 - - default default] http://[LB_IP_ADDRESS]:8776/v3/6ed8720d982746e4b6ae96c7b5ebf1a1/snapshots returned with HTTP 202
2025-01-14 13:15:43.208 23 INFO cinder.api.openstack.wsgi [None req-b0de3c8a-0e40-498d-b5f9-c5641571c687 c4c3d59c295d4050873caa02baaca11f 6ed8720d982746e4b6ae96c7b5ebf1a1 - - default default] GET http://[LB_IP_ADDRESS]:8776/v3/6ed8720d982746e4b6ae96c7b5ebf1a1/snapshots/40f90f9a-22dd-4726-b2a2-8419dec8d7d0
2025-01-14 13:15:43.214 21 INFO cinder.api.openstack.wsgi [None req-9cd04978-4839-41ab-a1e4-de979d959c48 - - - - - -] GET http://[LB_IP_ADDRESS]:8776/
2025-01-14 13:15:43.216 21 INFO cinder.api.openstack.wsgi [None req-9cd04978-4839-41ab-a1e4-de979d959c48 - - - - - -] http://[LB_IP_ADDRESS]:8776/ returned with HTTP 300
2025-01-14 13:15:43.220 23 INFO cinder.volume.api [None req-b0de3c8a-0e40-498d-b5f9-c5641571c687 c4c3d59c295d4050873caa02baaca11f 6ed8720d982746e4b6ae96c7b5ebf1a1 - - default default] Snapshot retrieved successfully.
2025-01-14 13:15:43.222 23 INFO cinder.api.openstack.wsgi [None req-b0de3c8a-0e40-498d-b5f9-c5641571c687 c4c3d59c295d4050873caa02baaca11f 6ed8720d982746e4b6ae96c7b5ebf1a1 - - default default] http://[LB_IP_ADDRESS]:8776/v3/6ed8720d982746e4b6ae96c7b5ebf1a1/snapshots/40f90f9a-22dd-4726-b2a2-8419dec8d7d0 returned with HTTP 200
2025-01-14 13:15:43.242 25 INFO cinder.api.openstack.wsgi [None req-3ab97d9a-23c3-4ce9-96eb-648a7f92f331 0dee4ac008c44b048a40d33065b82983 d2ad853caf64484e841d83b8d46e946a - - default default] GET http://[LB_IP_ADDRESS]:8776/v3/d2ad853caf64484e841d83b8d46e946a/groups/5e7e0d02-7a39-4f9d-b70c-ad08b16ef887
2025-01-14 13:15:43.248 25 INFO cinder.api.openstack.wsgi [None req-3ab97d9a-23c3-4ce9-96eb-648a7f92f331 0dee4ac008c44b048a40d33065b82983 d2ad853caf64484e841d83b8d46e946a - - default default] http://[LB_IP_ADDRESS]:8776/v3/d2ad853caf64484e841d83b8d46e946a/groups/5e7e0d02-7a39-4f9d-b70c-ad08b16ef887 returned with HTTP 404
2025-01-14 13:15:43.259 24 INFO cinder.api.openstack.wsgi [None req-8929349b-30a4-4886-a6a4-5668e54b9926 4c4a4d8aaf2a465e9d4c10b077045a0e c3f15af41fc0411dbb2d06b7b9b1e545 - - default default] DELETE http://[LB_IP_ADDRESS]:8776/v3/c3f15af41fc0411dbb2d06b7b9b1e545/group_types/71d4518a-937a-440f-a576-586b7be06c1b
2025-01-14 13:15:43.279 24 INFO cinder.api.openstack.wsgi [None req-8929349b-30a4-4886-a6a4-5668e54b9926 4c4a4d8aaf2a465e9d4c10b077045a0e c3f15af41fc0411dbb2d06b7b9b1e545 - - default default] http://[LB_IP_ADDRESS]:8776/v3/c3f15af41fc0411dbb2d06b7b9b1e545/group_types/71d4518a-937a-440f-a576-586b7be06c1b returned with HTTP 202
2025-01-14 13:15:43.291 22 INFO cinder.api.openstack.wsgi [None req-90aafe90-6180-45c1-a2ec-5272ffba96ea 4c4a4d8aaf2a465e9d4c10b077045a0e c3f15af41fc0411dbb2d06b7b9b1e545 - - default default] DELETE http://[LB_IP_ADDRESS]:8776/v3/c3f15af41fc0411dbb2d06b7b9b1e545/types/6d894a06-2083-4bd6-b209-52e11977008d
2025-01-14 13:15:43.342 22 INFO cinder.api.openstack.wsgi [None req-90aafe90-6180-45c1-a2ec-5272ffba96ea 4c4a4d8aaf2a465e9d4c10b077045a0e c3f15af41fc0411dbb2d06b7b9b1e545 - - default default] http://[LB_IP_ADDRESS]:8776/v3/c3f15af41fc0411dbb2d06b7b9b1e545/types/6d894a06-2083-4bd6-b209-52e11977008d returned with HTTP 202
2025-01-14 13:15:43.354 21 INFO cinder.api.openstack.wsgi [None req-b59d8e7b-5c38-4ba9-8b4a-8df5a33025e8 4c4a4d8aaf2a465e9d4c10b077045a0e c3f15af41fc0411dbb2d06b7b9b1e545 - - default default] GET http://[LB_IP_ADDRESS]:8776/v3/c3f15af41fc0411dbb2d06b7b9b1e545/types/6d894a06-2083-4bd6-b209-52e11977008d
2025-01-14 13:15:43.364 21 INFO cinder.api.openstack.wsgi [None req-b59d8e7b-5c38-4ba9-8b4a-8df5a33025e8 4c4a4d8aaf2a465e9d4c10b077045a0e c3f15af41fc0411dbb2d06b7b9b1e545 - - default default] http://[LB_IP_ADDRESS]:8776/v3/c3f15af41fc0411dbb2d06b7b9b1e545/types/6d894a06-2083-4bd6-b209-52e11977008d returned with HTTP 404
2025-01-14 13:15:44.143 23 INFO cinder.api.openstack.wsgi [None req-80a63942-1ba2-44f1-966e-d945fe3e3384 32973bf62fea4bd483f0392a5bdaa427 6d1db65f4b67460f9133c5c22ac677c8 - - default default] POST http://[LB_IP_ADDRESS]:8776/v3/6d1db65f4b67460f9133c5c22ac677c8/types
2025-01-14 13:15:44.179 23 INFO cinder.api.openstack.wsgi [None req-80a63942-1ba2-44f1-966e-d945fe3e3384 32973bf62fea4bd483f0392a5bdaa427 6d1db65f4b67460f9133c5c22ac677c8 - - default default] http://[LB_IP_ADDRESS]:8776/v3/6d1db65f4b67460f9133c5c22ac677c8/types returned with HTTP 200
2025-01-14 13:15:44.195 25 INFO cinder.api.openstack.wsgi [None req-ae954798-8eaf-4922-9a44-72a407aad216 32973bf62fea4bd483f0392a5bdaa427 6d1db65f4b67460f9133c5c22ac677c8 - - default default] GET http://[LB_IP_ADDRESS]:8776/v3/6d1db65f4b67460f9133c5c22ac677c8/types/3105abc0-a20a-4a44-8509-d329b000adff
2025-01-14 13:15:44.208 25 INFO cinder.api.openstack.wsgi [None req-ae954798-8eaf-4922-9a44-72a407aad216 32973bf62fea4bd483f0392a5bdaa427 6d1db65f4b67460f9133c5c22ac677c8 - - default default] http://[LB_IP_ADDRESS]:8776/v3/6d1db65f4b67460f9133c5c22ac677c8/types/3105abc0-a20a-4a44-8509-d329b000adff returned with HTTP 200
2025-01-14 13:15:44.223 24 INFO cinder.api.openstack.wsgi [None req-2daa0b1c-de48-4646-9416-0b5d645c175a 32973bf62fea4bd483f0392a5bdaa427 6d1db65f4b67460f9133c5c22ac677c8 - - default default] DELETE http://[LB_IP_ADDRESS]:8776/v3/6d1db65f4b67460f9133c5c22ac677c8/types/3105abc0-a20a-4a44-8509-d329b000adff
