2024-09-13 21:39:25.405 21 INFO cinder.api.openstack.wsgi [req-1097ebb3-e9fc-40ba-8fc8-4ecb724d4450 req-383805b4-bf59-44d1-825a-216162b37f05 1de697d4d33d4ff5b88e9e688b0927ae 2d427cfde47948b48b0d9fb3c63776cf - - default default] GET http://[LB_IP_ADDRESS]:8776/v3/2d427cfde47948b48b0d9fb3c63776cf/volumes/detail
2024-09-13 21:39:25.429 21 INFO cinder.volume.api [req-1097ebb3-e9fc-40ba-8fc8-4ecb724d4450 req-383805b4-bf59-44d1-825a-216162b37f05 1de697d4d33d4ff5b88e9e688b0927ae 2d427cfde47948b48b0d9fb3c63776cf - - default default] Get all volumes completed successfully.
2024-09-13 21:39:25.441 21 INFO cinder.api.openstack.wsgi [req-1097ebb3-e9fc-40ba-8fc8-4ecb724d4450 req-383805b4-bf59-44d1-825a-216162b37f05 1de697d4d33d4ff5b88e9e688b0927ae 2d427cfde47948b48b0d9fb3c63776cf - - default default] http://[LB_IP_ADDRESS]:8776/v3/2d427cfde47948b48b0d9fb3c63776cf/volumes/detail returned with HTTP 200
2024-09-13 21:39:25.481 23 INFO cinder.api.openstack.wsgi [req-7a8b5bcd-7779-4282-a948-28ffed631c6e req-3e24fc6d-16c4-4681-8bc0-3d7db88eccad 1de697d4d33d4ff5b88e9e688b0927ae 2d427cfde47948b48b0d9fb3c63776cf - - default default] GET http://[LB_IP_ADDRESS]:8776/v3/2d427cfde47948b48b0d9fb3c63776cf/volumes/detail
2024-09-13 21:39:25.504 23 INFO cinder.volume.api [req-7a8b5bcd-7779-4282-a948-28ffed631c6e req-3e24fc6d-16c4-4681-8bc0-3d7db88eccad 1de697d4d33d4ff5b88e9e688b0927ae 2d427cfde47948b48b0d9fb3c63776cf - - default default] Get all volumes completed successfully.
2024-09-13 21:39:25.516 23 INFO cinder.api.openstack.wsgi [req-7a8b5bcd-7779-4282-a948-28ffed631c6e req-3e24fc6d-16c4-4681-8bc0-3d7db88eccad 1de697d4d33d4ff5b88e9e688b0927ae 2d427cfde47948b48b0d9fb3c63776cf - - default default] http://[LB_IP_ADDRESS]:8776/v3/2d427cfde47948b48b0d9fb3c63776cf/volumes/detail returned with HTTP 200
2024-09-13 21:39:25.556 19 INFO cinder.api.openstack.wsgi [req-73aa37fd-bdfa-4e75-bdc5-df478a75d8e7 req-fd6ed759-1095-4301-a008-01bfa4f13953 1de697d4d33d4ff5b88e9e688b0927ae 2d427cfde47948b48b0d9fb3c63776cf - - default default] GET http://[LB_IP_ADDRESS]:8776/v3/2d427cfde47948b48b0d9fb3c63776cf/volumes/detail
2024-09-13 21:39:25.581 19 INFO cinder.volume.api [req-73aa37fd-bdfa-4e75-bdc5-df478a75d8e7 req-fd6ed759-1095-4301-a008-01bfa4f13953 1de697d4d33d4ff5b88e9e688b0927ae 2d427cfde47948b48b0d9fb3c63776cf - - default default] Get all volumes completed successfully.
2024-09-13 21:39:25.592 19 INFO cinder.api.openstack.wsgi [req-73aa37fd-bdfa-4e75-bdc5-df478a75d8e7 req-fd6ed759-1095-4301-a008-01bfa4f13953 1de697d4d33d4ff5b88e9e688b0927ae 2d427cfde47948b48b0d9fb3c63776cf - - default default] http://[LB_IP_ADDRESS]:8776/v3/2d427cfde47948b48b0d9fb3c63776cf/volumes/detail returned with HTTP 200
2024-09-13 21:39:25.630 20 INFO cinder.api.openstack.wsgi [req-21b752bf-c02c-43f8-af97-9955a6652bbb req-39218ef4-b84f-49be-9b25-fe97672fb234 1de697d4d33d4ff5b88e9e688b0927ae 2d427cfde47948b48b0d9fb3c63776cf - - default default] GET http://[LB_IP_ADDRESS]:8776/v3/2d427cfde47948b48b0d9fb3c63776cf/volumes/detail
2024-09-13 21:39:25.653 20 INFO cinder.volume.api [req-21b752bf-c02c-43f8-af97-9955a6652bbb req-39218ef4-b84f-49be-9b25-fe97672fb234 1de697d4d33d4ff5b88e9e688b0927ae 2d427cfde47948b48b0d9fb3c63776cf - - default default] Get all volumes completed successfully.
2024-09-13 21:39:25.665 20 INFO cinder.api.openstack.wsgi [req-21b752bf-c02c-43f8-af97-9955a6652bbb req-39218ef4-b84f-49be-9b25-fe97672fb234 1de697d4d33d4ff5b88e9e688b0927ae 2d427cfde47948b48b0d9fb3c63776cf - - default default] http://[LB_IP_ADDRESS]:8776/v3/2d427cfde47948b48b0d9fb3c63776cf/volumes/detail returned with HTTP 200
2024-09-13 21:39:25.703 22 INFO cinder.api.openstack.wsgi [req-604b1b41-d0a7-4287-8da8-833ebf36eb2e req-a4c34311-f681-4397-b963-946b3955d8cd 1de697d4d33d4ff5b88e9e688b0927ae 2d427cfde47948b48b0d9fb3c63776cf - - default default] GET http://[LB_IP_ADDRESS]:8776/v3/2d427cfde47948b48b0d9fb3c63776cf/volumes/detail
2024-09-13 21:39:25.726 22 INFO cinder.volume.api [req-604b1b41-d0a7-4287-8da8-833ebf36eb2e req-a4c34311-f681-4397-b963-946b3955d8cd 1de697d4d33d4ff5b88e9e688b0927ae 2d427cfde47948b48b0d9fb3c63776cf - - default default] Get all volumes completed successfully.
2024-09-13 21:39:25.737 22 INFO cinder.api.openstack.wsgi [req-604b1b41-d0a7-4287-8da8-833ebf36eb2e req-a4c34311-f681-4397-b963-946b3955d8cd 1de697d4d33d4ff5b88e9e688b0927ae 2d427cfde47948b48b0d9fb3c63776cf - - default default] http://[LB_IP_ADDRESS]:8776/v3/2d427cfde47948b48b0d9fb3c63776cf/volumes/detail returned with HTTP 200
2024-09-13 21:39:25.775 21 INFO cinder.api.openstack.wsgi [req-a72b6f97-0a6e-4042-9de6-5fc245b0d319 req-ff131b0b-71e4-44d5-8795-1cfbcd9fa947 1de697d4d33d4ff5b88e9e688b0927ae 2d427cfde47948b48b0d9fb3c63776cf - - default default] GET http://[LB_IP_ADDRESS]:8776/v3/2d427cfde47948b48b0d9fb3c63776cf/volumes/detail
2024-09-13 21:39:25.788 23 INFO cinder.api.openstack.wsgi [None req-2bc769e6-bc28-4c98-a3e7-3448974176da fe14c1bd8657411d973e6541670f9224 2f9489c7470f4eacaf585f04ea0236e3 - - default default] GET http://[LB_IP_ADDRESS]:8776/v3/2f9489c7470f4eacaf585f04ea0236e3/volumes/27a014da-b5f5-4a0c-aede-8aa37e5081d1
2024-09-13 21:39:25.796 21 INFO cinder.volume.api [req-a72b6f97-0a6e-4042-9de6-5fc245b0d319 req-ff131b0b-71e4-44d5-8795-1cfbcd9fa947 1de697d4d33d4ff5b88e9e688b0927ae 2d427cfde47948b48b0d9fb3c63776cf - - default default] Get all volumes completed successfully.
2024-09-13 21:39:25.807 21 INFO cinder.api.openstack.wsgi [req-a72b6f97-0a6e-4042-9de6-5fc245b0d319 req-ff131b0b-71e4-44d5-8795-1cfbcd9fa947 1de697d4d33d4ff5b88e9e688b0927ae 2d427cfde47948b48b0d9fb3c63776cf - - default default] http://[LB_IP_ADDRESS]:8776/v3/2d427cfde47948b48b0d9fb3c63776cf/volumes/detail returned with HTTP 200
2024-09-13 21:39:25.815 23 INFO cinder.volume.api [None req-2bc769e6-bc28-4c98-a3e7-3448974176da fe14c1bd8657411d973e6541670f9224 2f9489c7470f4eacaf585f04ea0236e3 - - default default] Volume info retrieved successfully.
2024-09-13 21:39:25.839 19 INFO cinder.api.openstack.wsgi [None req-972a8269-7cb2-4b29-88c0-4e76e3ecdab4 1de697d4d33d4ff5b88e9e688b0927ae 2d427cfde47948b48b0d9fb3c63776cf - - default default] DELETE http://[LB_IP_ADDRESS]:8776/v3/2d427cfde47948b48b0d9fb3c63776cf/volumes/1edf1a2e-e1b6-4510-a6ce-11d2c51bad4f
2024-09-13 21:39:25.840 19 INFO cinder.api.v3.volumes [None req-972a8269-7cb2-4b29-88c0-4e76e3ecdab4 1de697d4d33d4ff5b88e9e688b0927ae 2d427cfde47948b48b0d9fb3c63776cf - - default default] Delete volume with id: 1edf1a2e-e1b6-4510-a6ce-11d2c51bad4f 
2024-09-13 21:39:25.842 23 INFO cinder.api.openstack.wsgi [None req-2bc769e6-bc28-4c98-a3e7-3448974176da fe14c1bd8657411d973e6541670f9224 2f9489c7470f4eacaf585f04ea0236e3 - - default default] http://[LB_IP_ADDRESS]:8776/v3/2f9489c7470f4eacaf585f04ea0236e3/volumes/27a014da-b5f5-4a0c-aede-8aa37e5081d1 returned with HTTP 200
2024-09-13 21:39:25.859 19 INFO cinder.volume.api [None req-972a8269-7cb2-4b29-88c0-4e76e3ecdab4 1de697d4d33d4ff5b88e9e688b0927ae 2d427cfde47948b48b0d9fb3c63776cf - - default default] Volume info retrieved successfully.
2024-09-13 21:39:25.891 19 INFO cinder.volume.api [None req-972a8269-7cb2-4b29-88c0-4e76e3ecdab4 1de697d4d33d4ff5b88e9e688b0927ae 2d427cfde47948b48b0d9fb3c63776cf - - default default] Delete volume request issued successfully.
2024-09-13 21:39:25.892 19 INFO cinder.api.openstack.wsgi [None req-972a8269-7cb2-4b29-88c0-4e76e3ecdab4 1de697d4d33d4ff5b88e9e688b0927ae 2d427cfde47948b48b0d9fb3c63776cf - - default default] http://[LB_IP_ADDRESS]:8776/v3/2d427cfde47948b48b0d9fb3c63776cf/volumes/1edf1a2e-e1b6-4510-a6ce-11d2c51bad4f returned with HTTP 202
2024-09-13 21:39:25.903 20 INFO cinder.api.openstack.wsgi [None req-695914a7-2a21-49cd-ab59-c4f05bdfa8e9 1de697d4d33d4ff5b88e9e688b0927ae 2d427cfde47948b48b0d9fb3c63776cf - - default default] GET http://[LB_IP_ADDRESS]:8776/v3/2d427cfde47948b48b0d9fb3c63776cf/volumes/1edf1a2e-e1b6-4510-a6ce-11d2c51bad4f
2024-09-13 21:39:25.929 20 INFO cinder.volume.api [None req-695914a7-2a21-49cd-ab59-c4f05bdfa8e9 1de697d4d33d4ff5b88e9e688b0927ae 2d427cfde47948b48b0d9fb3c63776cf - - default default] Volume info retrieved successfully.
2024-09-13 21:39:25.938 20 INFO cinder.api.openstack.wsgi [None req-695914a7-2a21-49cd-ab59-c4f05bdfa8e9 1de697d4d33d4ff5b88e9e688b0927ae 2d427cfde47948b48b0d9fb3c63776cf - - default default] http://[LB_IP_ADDRESS]:8776/v3/2d427cfde47948b48b0d9fb3c63776cf/volumes/1edf1a2e-e1b6-4510-a6ce-11d2c51bad4f returned with HTTP 200
2024-09-13 21:39:26.875 22 INFO cinder.api.openstack.wsgi [None req-c623a231-fefa-478d-9cfa-7ec864827bc3 fe14c1bd8657411d973e6541670f9224 2f9489c7470f4eacaf585f04ea0236e3 - - default default] GET http://[LB_IP_ADDRESS]:8776/v3/2f9489c7470f4eacaf585f04ea0236e3/volumes/27a014da-b5f5-4a0c-aede-8aa37e5081d1
2024-09-13 21:39:26.901 22 INFO cinder.volume.api [None req-c623a231-fefa-478d-9cfa-7ec864827bc3 fe14c1bd8657411d973e6541670f9224 2f9489c7470f4eacaf585f04ea0236e3 - - default default] Volume info retrieved successfully.
2024-09-13 21:39:26.930 22 INFO cinder.api.openstack.wsgi [None req-c623a231-fefa-478d-9cfa-7ec864827bc3 fe14c1bd8657411d973e6541670f9224 2f9489c7470f4eacaf585f04ea0236e3 - - default default] http://[LB_IP_ADDRESS]:8776/v3/2f9489c7470f4eacaf585f04ea0236e3/volumes/27a014da-b5f5-4a0c-aede-8aa37e5081d1 returned with HTTP 200
2024-09-13 21:39:26.970 21 INFO cinder.api.openstack.wsgi [None req-45595b63-9794-4f51-8e20-da39d0034bbe 1de697d4d33d4ff5b88e9e688b0927ae 2d427cfde47948b48b0d9fb3c63776cf - - default default] GET http://[LB_IP_ADDRESS]:8776/v3/2d427cfde47948b48b0d9fb3c63776cf/volumes/1edf1a2e-e1b6-4510-a6ce-11d2c51bad4f
2024-09-13 21:39:26.985 21 INFO cinder.api.openstack.wsgi [None req-45595b63-9794-4f51-8e20-da39d0034bbe 1de697d4d33d4ff5b88e9e688b0927ae 2d427cfde47948b48b0d9fb3c63776cf - - default default] http://[LB_IP_ADDRESS]:8776/v3/2d427cfde47948b48b0d9fb3c63776cf/volumes/1edf1a2e-e1b6-4510-a6ce-11d2c51bad4f returned with HTTP 404
2024-09-13 21:39:26.997 23 INFO cinder.api.openstack.wsgi [None req-277e076a-3045-42bc-9179-20b2c88fdaa7 1de697d4d33d4ff5b88e9e688b0927ae 2d427cfde47948b48b0d9fb3c63776cf - - default default] DELETE http://[LB_IP_ADDRESS]:8776/v3/2d427cfde47948b48b0d9fb3c63776cf/volumes/c875b698-a2b7-4d6e-9617-102fef2bd05c
2024-09-13 21:39:26.998 23 INFO cinder.api.v3.volumes [None req-277e076a-3045-42bc-9179-20b2c88fdaa7 1de697d4d33d4ff5b88e9e688b0927ae 2d427cfde47948b48b0d9fb3c63776cf - - default default] Delete volume with id: c875b698-a2b7-4d6e-9617-102fef2bd05c 
2024-09-13 21:39:27.019 23 INFO cinder.volume.api [None req-277e076a-3045-42bc-9179-20b2c88fdaa7 1de697d4d33d4ff5b88e9e688b0927ae 2d427cfde47948b48b0d9fb3c63776cf - - default default] Volume info retrieved successfully.
2024-09-13 21:39:27.047 23 INFO cinder.volume.api [None req-277e076a-3045-42bc-9179-20b2c88fdaa7 1de697d4d33d4ff5b88e9e688b0927ae 2d427cfde47948b48b0d9fb3c63776cf - - default default] Delete volume request issued successfully.
2024-09-13 21:39:27.048 23 INFO cinder.api.openstack.wsgi [None req-277e076a-3045-42bc-9179-20b2c88fdaa7 1de697d4d33d4ff5b88e9e688b0927ae 2d427cfde47948b48b0d9fb3c63776cf - - default default] http://[LB_IP_ADDRESS]:8776/v3/2d427cfde47948b48b0d9fb3c63776cf/volumes/c875b698-a2b7-4d6e-9617-102fef2bd05c returned with HTTP 202
2024-09-13 21:39:27.059 19 INFO cinder.api.openstack.wsgi [None req-3f39126e-6b1b-4c7a-966a-01466349029b 1de697d4d33d4ff5b88e9e688b0927ae 2d427cfde47948b48b0d9fb3c63776cf - - default default] GET http://[LB_IP_ADDRESS]:8776/v3/2d427cfde47948b48b0d9fb3c63776cf/volumes/c875b698-a2b7-4d6e-9617-102fef2bd05c
2024-09-13 21:39:27.084 19 INFO cinder.volume.api [None req-3f39126e-6b1b-4c7a-966a-01466349029b 1de697d4d33d4ff5b88e9e688b0927ae 2d427cfde47948b48b0d9fb3c63776cf - - default default] Volume info retrieved successfully.
2024-09-13 21:39:27.094 19 INFO cinder.api.openstack.wsgi [None req-3f39126e-6b1b-4c7a-966a-01466349029b 1de697d4d33d4ff5b88e9e688b0927ae 2d427cfde47948b48b0d9fb3c63776cf - - default default] http://[LB_IP_ADDRESS]:8776/v3/2d427cfde47948b48b0d9fb3c63776cf/volumes/c875b698-a2b7-4d6e-9617-102fef2bd05c returned with HTTP 200
2024-09-13 21:39:27.964 20 INFO cinder.api.openstack.wsgi [None req-ede89458-c61f-427e-9866-ee54d558333f fe14c1bd8657411d973e6541670f9224 2f9489c7470f4eacaf585f04ea0236e3 - - default default] GET http://[LB_IP_ADDRESS]:8776/v3/2f9489c7470f4eacaf585f04ea0236e3/volumes/27a014da-b5f5-4a0c-aede-8aa37e5081d1
2024-09-13 21:39:27.989 20 INFO cinder.volume.api [None req-ede89458-c61f-427e-9866-ee54d558333f fe14c1bd8657411d973e6541670f9224 2f9489c7470f4eacaf585f04ea0236e3 - - default default] Volume info retrieved successfully.
2024-09-13 21:39:28.019 20 INFO cinder.api.openstack.wsgi [None req-ede89458-c61f-427e-9866-ee54d558333f fe14c1bd8657411d973e6541670f9224 2f9489c7470f4eacaf585f04ea0236e3 - - default default] http://[LB_IP_ADDRESS]:8776/v3/2f9489c7470f4eacaf585f04ea0236e3/volumes/27a014da-b5f5-4a0c-aede-8aa37e5081d1 returned with HTTP 200
2024-09-13 21:39:28.053 22 INFO cinder.api.openstack.wsgi [None req-13756bf5-358d-41c2-a779-b5edb841df28 fe14c1bd8657411d973e6541670f9224 2f9489c7470f4eacaf585f04ea0236e3 - - default default] GET http://[LB_IP_ADDRESS]:8776/v3/2f9489c7470f4eacaf585f04ea0236e3/groups/3526629c-78f1-4083-8818-10c0f4b45c31
2024-09-13 21:39:28.077 22 INFO cinder.api.openstack.wsgi [None req-13756bf5-358d-41c2-a779-b5edb841df28 fe14c1bd8657411d973e6541670f9224 2f9489c7470f4eacaf585f04ea0236e3 - - default default] http://[LB_IP_ADDRESS]:8776/v3/2f9489c7470f4eacaf585f04ea0236e3/groups/3526629c-78f1-4083-8818-10c0f4b45c31 returned with HTTP 200
2024-09-13 21:39:28.095 21 INFO cinder.api.openstack.wsgi [None req-ef031195-095c-4622-b8c2-a7381f866028 fe14c1bd8657411d973e6541670f9224 2f9489c7470f4eacaf585f04ea0236e3 - - default default] GET http://[LB_IP_ADDRESS]:8776/v3/2f9489c7470f4eacaf585f04ea0236e3/volumes/detail
2024-09-13 21:39:28.105 23 INFO cinder.api.openstack.wsgi [req-2192ddc6-2936-4e77-ad4f-bdbf72e6fc5e req-5af52299-2779-4b3c-95ce-03c6a34f204e 48024e2be0024d4f978254dfc0a0ea3e 3a3a6f878816430fa99712e6eba0c38c - - default default] POST http://[LB_IP_ADDRESS]:8776/v3/3a3a6f878816430fa99712e6eba0c38c/volumes
2024-09-13 21:39:28.110 23 INFO cinder.api.v3.volumes [req-2192ddc6-2936-4e77-ad4f-bdbf72e6fc5e req-5af52299-2779-4b3c-95ce-03c6a34f204e 48024e2be0024d4f978254dfc0a0ea3e 3a3a6f878816430fa99712e6eba0c38c - - default default] Create volume of 1 GB
2024-09-13 21:39:28.113 21 INFO cinder.volume.api [None req-ef031195-095c-4622-b8c2-a7381f866028 fe14c1bd8657411d973e6541670f9224 2f9489c7470f4eacaf585f04ea0236e3 - - default default] Get all volumes completed successfully.
2024-09-13 21:39:28.125 23 INFO cinder.volume.api [req-2192ddc6-2936-4e77-ad4f-bdbf72e6fc5e req-5af52299-2779-4b3c-95ce-03c6a34f204e 48024e2be0024d4f978254dfc0a0ea3e 3a3a6f878816430fa99712e6eba0c38c - - default default] Availability Zones retrieved successfully.
2024-09-13 21:39:28.126 19 INFO cinder.api.openstack.wsgi [None req-91e2f3e3-d111-4a61-b6ed-42d43a27a0dd 1de697d4d33d4ff5b88e9e688b0927ae 2d427cfde47948b48b0d9fb3c63776cf - - default default] GET http://[LB_IP_ADDRESS]:8776/v3/2d427cfde47948b48b0d9fb3c63776cf/volumes/c875b698-a2b7-4d6e-9617-102fef2bd05c
2024-09-13 21:39:28.141 19 INFO cinder.api.openstack.wsgi [None req-91e2f3e3-d111-4a61-b6ed-42d43a27a0dd 1de697d4d33d4ff5b88e9e688b0927ae 2d427cfde47948b48b0d9fb3c63776cf - - default default] http://[LB_IP_ADDRESS]:8776/v3/2d427cfde47948b48b0d9fb3c63776cf/volumes/c875b698-a2b7-4d6e-9617-102fef2bd05c returned with HTTP 404
2024-09-13 21:39:28.153 20 INFO cinder.api.openstack.wsgi [None req-435ab912-001f-488d-b629-4a1050cf426f 1de697d4d33d4ff5b88e9e688b0927ae 2d427cfde47948b48b0d9fb3c63776cf - - default default] DELETE http://[LB_IP_ADDRESS]:8776/v3/2d427cfde47948b48b0d9fb3c63776cf/volumes/968daf33-0765-4d3e-89a3-fa904f22f618
2024-09-13 21:39:28.155 20 INFO cinder.api.v3.volumes [None req-435ab912-001f-488d-b629-4a1050cf426f 1de697d4d33d4ff5b88e9e688b0927ae 2d427cfde47948b48b0d9fb3c63776cf - - default default] Delete volume with id: 968daf33-0765-4d3e-89a3-fa904f22f618 
2024-09-13 21:39:28.158 21 INFO cinder.api.openstack.wsgi [None req-ef031195-095c-4622-b8c2-a7381f866028 fe14c1bd8657411d973e6541670f9224 2f9489c7470f4eacaf585f04ea0236e3 - - default default] http://[LB_IP_ADDRESS]:8776/v3/2f9489c7470f4eacaf585f04ea0236e3/volumes/detail returned with HTTP 200
2024-09-13 21:39:28.175 20 INFO cinder.volume.api [None req-435ab912-001f-488d-b629-4a1050cf426f 1de697d4d33d4ff5b88e9e688b0927ae 2d427cfde47948b48b0d9fb3c63776cf - - default default] Volume info retrieved successfully.
2024-09-13 21:39:28.193 22 INFO cinder.api.openstack.wsgi [None req-89afaef3-40b8-40de-8322-939f6a8fd56c fe14c1bd8657411d973e6541670f9224 2f9489c7470f4eacaf585f04ea0236e3 - - default default] POST http://[LB_IP_ADDRESS]:8776/v3/2f9489c7470f4eacaf585f04ea0236e3/groups/3526629c-78f1-4083-8818-10c0f4b45c31/action
2024-09-13 21:39:28.199 22 INFO cinder.api.v3.groups [None req-89afaef3-40b8-40de-8322-939f6a8fd56c fe14c1bd8657411d973e6541670f9224 2f9489c7470f4eacaf585f04ea0236e3 - - default default] Delete group with id: 3526629c-78f1-4083-8818-10c0f4b45c31
2024-09-13 21:39:28.204 20 INFO cinder.volume.api [None req-435ab912-001f-488d-b629-4a1050cf426f 1de697d4d33d4ff5b88e9e688b0927ae 2d427cfde47948b48b0d9fb3c63776cf - - default default] Delete volume request issued successfully.
2024-09-13 21:39:28.205 20 INFO cinder.api.openstack.wsgi [None req-435ab912-001f-488d-b629-4a1050cf426f 1de697d4d33d4ff5b88e9e688b0927ae 2d427cfde47948b48b0d9fb3c63776cf - - default default] http://[LB_IP_ADDRESS]:8776/v3/2d427cfde47948b48b0d9fb3c63776cf/volumes/968daf33-0765-4d3e-89a3-fa904f22f618 returned with HTTP 202
2024-09-13 21:39:28.216 19 INFO cinder.api.openstack.wsgi [None req-9209b80b-d088-49d9-8d49-f1d0320659c7 1de697d4d33d4ff5b88e9e688b0927ae 2d427cfde47948b48b0d9fb3c63776cf - - default default] GET http://[LB_IP_ADDRESS]:8776/v3/2d427cfde47948b48b0d9fb3c63776cf/volumes/968daf33-0765-4d3e-89a3-fa904f22f618
2024-09-13 21:39:28.242 19 INFO cinder.volume.api [None req-9209b80b-d088-49d9-8d49-f1d0320659c7 1de697d4d33d4ff5b88e9e688b0927ae 2d427cfde47948b48b0d9fb3c63776cf - - default default] Volume info retrieved successfully.
2024-09-13 21:39:28.252 19 INFO cinder.api.openstack.wsgi [None req-9209b80b-d088-49d9-8d49-f1d0320659c7 1de697d4d33d4ff5b88e9e688b0927ae 2d427cfde47948b48b0d9fb3c63776cf - - default default] http://[LB_IP_ADDRESS]:8776/v3/2d427cfde47948b48b0d9fb3c63776cf/volumes/968daf33-0765-4d3e-89a3-fa904f22f618 returned with HTTP 200
2024-09-13 21:39:28.278 22 INFO cinder.api.openstack.wsgi [None req-89afaef3-40b8-40de-8322-939f6a8fd56c fe14c1bd8657411d973e6541670f9224 2f9489c7470f4eacaf585f04ea0236e3 - - default default] http://[LB_IP_ADDRESS]:8776/v3/2f9489c7470f4eacaf585f04ea0236e3/groups/3526629c-78f1-4083-8818-10c0f4b45c31/action returned with HTTP 202
2024-09-13 21:39:28.291 21 INFO cinder.api.openstack.wsgi [None req-ff9a2adc-1fa8-41ef-a9f7-ac0748299594 fe14c1bd8657411d973e6541670f9224 2f9489c7470f4eacaf585f04ea0236e3 - - default default] GET http://[LB_IP_ADDRESS]:8776/v3/2f9489c7470f4eacaf585f04ea0236e3/volumes/27a014da-b5f5-4a0c-aede-8aa37e5081d1
2024-09-13 21:39:28.317 21 INFO cinder.volume.api [None req-ff9a2adc-1fa8-41ef-a9f7-ac0748299594 fe14c1bd8657411d973e6541670f9224 2f9489c7470f4eacaf585f04ea0236e3 - - default default] Volume info retrieved successfully.
2024-09-13 21:39:28.346 21 INFO cinder.api.openstack.wsgi [None req-ff9a2adc-1fa8-41ef-a9f7-ac0748299594 fe14c1bd8657411d973e6541670f9224 2f9489c7470f4eacaf585f04ea0236e3 - - default default] http://[LB_IP_ADDRESS]:8776/v3/2f9489c7470f4eacaf585f04ea0236e3/volumes/27a014da-b5f5-4a0c-aede-8aa37e5081d1 returned with HTTP 200
2024-09-13 21:39:28.354 23 INFO cinder.volume.api [req-2192ddc6-2936-4e77-ad4f-bdbf72e6fc5e req-5af52299-2779-4b3c-95ce-03c6a34f204e 48024e2be0024d4f978254dfc0a0ea3e 3a3a6f878816430fa99712e6eba0c38c - - default default] Create volume request issued successfully.
2024-09-13 21:39:28.356 23 INFO cinder.api.openstack.wsgi [req-2192ddc6-2936-4e77-ad4f-bdbf72e6fc5e req-5af52299-2779-4b3c-95ce-03c6a34f204e 48024e2be0024d4f978254dfc0a0ea3e 3a3a6f878816430fa99712e6eba0c38c - - default default] http://[LB_IP_ADDRESS]:8776/v3/3a3a6f878816430fa99712e6eba0c38c/volumes returned with HTTP 202
2024-09-13 21:39:28.370 20 INFO cinder.api.openstack.wsgi [req-2192ddc6-2936-4e77-ad4f-bdbf72e6fc5e req-82dd9878-8e6e-4561-bea9-bb19d0fc459a 48024e2be0024d4f978254dfc0a0ea3e 3a3a6f878816430fa99712e6eba0c38c - - default default] GET http://[LB_IP_ADDRESS]:8776/v3/3a3a6f878816430fa99712e6eba0c38c/volumes/caa508ec-1987-4008-b714-f4daa7586868
2024-09-13 21:39:28.397 20 INFO cinder.volume.api [req-2192ddc6-2936-4e77-ad4f-bdbf72e6fc5e req-82dd9878-8e6e-4561-bea9-bb19d0fc459a 48024e2be0024d4f978254dfc0a0ea3e 3a3a6f878816430fa99712e6eba0c38c - - default default] Volume info retrieved successfully.
2024-09-13 21:39:28.407 20 INFO cinder.api.openstack.wsgi [req-2192ddc6-2936-4e77-ad4f-bdbf72e6fc5e req-82dd9878-8e6e-4561-bea9-bb19d0fc459a 48024e2be0024d4f978254dfc0a0ea3e 3a3a6f878816430fa99712e6eba0c38c - - default default] http://[LB_IP_ADDRESS]:8776/v3/3a3a6f878816430fa99712e6eba0c38c/volumes/caa508ec-1987-4008-b714-f4daa7586868 returned with HTTP 200
2024-09-13 21:39:28.444 19 INFO cinder.api.openstack.wsgi [req-9bd99055-ec36-4911-906d-549db885b616 req-a4ddf843-f9ea-429a-97fb-1134e3a076bc 48024e2be0024d4f978254dfc0a0ea3e 3a3a6f878816430fa99712e6eba0c38c - - default default] GET http://[LB_IP_ADDRESS]:8776/v3/3a3a6f878816430fa99712e6eba0c38c/volumes/caa508ec-1987-4008-b714-f4daa7586868
2024-09-13 21:39:28.469 19 INFO cinder.volume.api [req-9bd99055-ec36-4911-906d-549db885b616 req-a4ddf843-f9ea-429a-97fb-1134e3a076bc 48024e2be0024d4f978254dfc0a0ea3e 3a3a6f878816430fa99712e6eba0c38c - - default default] Volume info retrieved successfully.
2024-09-13 21:39:28.479 19 INFO cinder.api.openstack.wsgi [req-9bd99055-ec36-4911-906d-549db885b616 req-a4ddf843-f9ea-429a-97fb-1134e3a076bc 48024e2be0024d4f978254dfc0a0ea3e 3a3a6f878816430fa99712e6eba0c38c - - default default] http://[LB_IP_ADDRESS]:8776/v3/3a3a6f878816430fa99712e6eba0c38c/volumes/caa508ec-1987-4008-b714-f4daa7586868 returned with HTTP 200
2024-09-13 21:39:29.285 22 INFO cinder.api.openstack.wsgi [None req-04bf2ef1-4011-4892-bc76-b61df04bf1a4 1de697d4d33d4ff5b88e9e688b0927ae 2d427cfde47948b48b0d9fb3c63776cf - - default default] GET http://[LB_IP_ADDRESS]:8776/v3/2d427cfde47948b48b0d9fb3c63776cf/volumes/968daf33-0765-4d3e-89a3-fa904f22f618
2024-09-13 21:39:29.302 22 INFO cinder.api.openstack.wsgi [None req-04bf2ef1-4011-4892-bc76-b61df04bf1a4 1de697d4d33d4ff5b88e9e688b0927ae 2d427cfde47948b48b0d9fb3c63776cf - - default default] http://[LB_IP_ADDRESS]:8776/v3/2d427cfde47948b48b0d9fb3c63776cf/volumes/968daf33-0765-4d3e-89a3-fa904f22f618 returned with HTTP 404
2024-09-13 21:39:29.380 21 INFO cinder.api.openstack.wsgi [None req-1b41cfef-490b-4c29-9487-4b18345ba4d0 fe14c1bd8657411d973e6541670f9224 2f9489c7470f4eacaf585f04ea0236e3 - - default default] GET http://[LB_IP_ADDRESS]:8776/v3/2f9489c7470f4eacaf585f04ea0236e3/volumes/27a014da-b5f5-4a0c-aede-8aa37e5081d1
2024-09-13 21:39:29.396 21 INFO cinder.api.openstack.wsgi [None req-1b41cfef-490b-4c29-9487-4b18345ba4d0 fe14c1bd8657411d973e6541670f9224 2f9489c7470f4eacaf585f04ea0236e3 - - default default] http://[LB_IP_ADDRESS]:8776/v3/2f9489c7470f4eacaf585f04ea0236e3/volumes/27a014da-b5f5-4a0c-aede-8aa37e5081d1 returned with HTTP 404
2024-09-13 21:39:29.411 23 INFO cinder.api.openstack.wsgi [None req-6611a9e2-df21-4aa3-a45d-16ebcf4f0d9f fe14c1bd8657411d973e6541670f9224 2f9489c7470f4eacaf585f04ea0236e3 - - default default] GET http://[LB_IP_ADDRESS]:8776/v3/2f9489c7470f4eacaf585f04ea0236e3/groups/3526629c-78f1-4083-8818-10c0f4b45c31
2024-09-13 21:39:29.418 23 INFO cinder.api.openstack.wsgi [None req-6611a9e2-df21-4aa3-a45d-16ebcf4f0d9f fe14c1bd8657411d973e6541670f9224 2f9489c7470f4eacaf585f04ea0236e3 - - default default] http://[LB_IP_ADDRESS]:8776/v3/2f9489c7470f4eacaf585f04ea0236e3/groups/3526629c-78f1-4083-8818-10c0f4b45c31 returned with HTTP 404
2024-09-13 21:39:29.437 20 INFO cinder.api.openstack.wsgi [None req-891a699d-1e6d-4b24-85ca-40d39a050929 fe14c1bd8657411d973e6541670f9224 2f9489c7470f4eacaf585f04ea0236e3 - - default default] GET http://[LB_IP_ADDRESS]:8776/v3/2f9489c7470f4eacaf585f04ea0236e3/volumes/detail
2024-09-13 21:39:29.480 20 INFO cinder.volume.api [None req-891a699d-1e6d-4b24-85ca-40d39a050929 fe14c1bd8657411d973e6541670f9224 2f9489c7470f4eacaf585f04ea0236e3 - - default default] Get all volumes completed successfully.
2024-09-13 21:39:29.517 19 INFO cinder.api.openstack.wsgi [req-8aefc8e4-eff0-4f75-9203-fadb51fccaae req-9cb391fe-4873-42a0-8c5c-a1c3a4cb3f6e 48024e2be0024d4f978254dfc0a0ea3e 3a3a6f878816430fa99712e6eba0c38c - - default default] GET http://[LB_IP_ADDRESS]:8776/v3/3a3a6f878816430fa99712e6eba0c38c/volumes/caa508ec-1987-4008-b714-f4daa7586868
2024-09-13 21:39:29.522 20 INFO cinder.api.openstack.wsgi [None req-891a699d-1e6d-4b24-85ca-40d39a050929 fe14c1bd8657411d973e6541670f9224 2f9489c7470f4eacaf585f04ea0236e3 - - default default] http://[LB_IP_ADDRESS]:8776/v3/2f9489c7470f4eacaf585f04ea0236e3/volumes/detail returned with HTTP 200
2024-09-13 21:39:29.543 19 INFO cinder.volume.api [req-8aefc8e4-eff0-4f75-9203-fadb51fccaae req-9cb391fe-4873-42a0-8c5c-a1c3a4cb3f6e 48024e2be0024d4f978254dfc0a0ea3e 3a3a6f878816430fa99712e6eba0c38c - - default default] Volume info retrieved successfully.
2024-09-13 21:39:29.552 19 INFO cinder.api.openstack.wsgi [req-8aefc8e4-eff0-4f75-9203-fadb51fccaae req-9cb391fe-4873-42a0-8c5c-a1c3a4cb3f6e 48024e2be0024d4f978254dfc0a0ea3e 3a3a6f878816430fa99712e6eba0c38c - - default default] http://[LB_IP_ADDRESS]:8776/v3/3a3a6f878816430fa99712e6eba0c38c/volumes/caa508ec-1987-4008-b714-f4daa7586868 returned with HTTP 200
2024-09-13 21:39:29.558 22 INFO cinder.api.openstack.wsgi [None req-0b54d991-ecc2-4d15-92ad-82cc82c07503 fe14c1bd8657411d973e6541670f9224 2f9489c7470f4eacaf585f04ea0236e3 - - default default] POST http://[LB_IP_ADDRESS]:8776/v3/2f9489c7470f4eacaf585f04ea0236e3/groups/03686580-f6e3-4de4-b111-fe4ddc5d980b/action
2024-09-13 21:39:29.562 22 INFO cinder.api.v3.groups [None req-0b54d991-ecc2-4d15-92ad-82cc82c07503 fe14c1bd8657411d973e6541670f9224 2f9489c7470f4eacaf585f04ea0236e3 - - default default] Delete group with id: 03686580-f6e3-4de4-b111-fe4ddc5d980b
2024-09-13 21:39:29.635 22 INFO cinder.api.openstack.wsgi [None req-0b54d991-ecc2-4d15-92ad-82cc82c07503 fe14c1bd8657411d973e6541670f9224 2f9489c7470f4eacaf585f04ea0236e3 - - default default] http://[LB_IP_ADDRESS]:8776/v3/2f9489c7470f4eacaf585f04ea0236e3/groups/03686580-f6e3-4de4-b111-fe4ddc5d980b/action returned with HTTP 202
2024-09-13 21:39:29.648 21 INFO cinder.api.openstack.wsgi [None req-81b2fe12-34a7-4d7c-b7a2-b18adf01cc2f fe14c1bd8657411d973e6541670f9224 2f9489c7470f4eacaf585f04ea0236e3 - - default default] GET http://[LB_IP_ADDRESS]:8776/v3/2f9489c7470f4eacaf585f04ea0236e3/volumes/493c682f-5499-48de-bdaf-f4cfd135e3d3
2024-09-13 21:39:29.677 21 INFO cinder.volume.api [None req-81b2fe12-34a7-4d7c-b7a2-b18adf01cc2f fe14c1bd8657411d973e6541670f9224 2f9489c7470f4eacaf585f04ea0236e3 - - default default] Volume info retrieved successfully.
2024-09-13 21:39:29.707 21 INFO cinder.api.openstack.wsgi [None req-81b2fe12-34a7-4d7c-b7a2-b18adf01cc2f fe14c1bd8657411d973e6541670f9224 2f9489c7470f4eacaf585f04ea0236e3 - - default default] http://[LB_IP_ADDRESS]:8776/v3/2f9489c7470f4eacaf585f04ea0236e3/volumes/493c682f-5499-48de-bdaf-f4cfd135e3d3 returned with HTTP 200
2024-09-13 21:39:30.590 23 INFO cinder.api.openstack.wsgi [req-b5ae4004-3428-4d91-923c-15ae2b2e278c req-925253ae-b6ac-481e-9a7c-8434c33987f0 48024e2be0024d4f978254dfc0a0ea3e 3a3a6f878816430fa99712e6eba0c38c - - default default] GET http://[LB_IP_ADDRESS]:8776/v3/3a3a6f878816430fa99712e6eba0c38c/volumes/caa508ec-1987-4008-b714-f4daa7586868
2024-09-13 21:39:30.645 23 INFO cinder.volume.api [req-b5ae4004-3428-4d91-923c-15ae2b2e278c req-925253ae-b6ac-481e-9a7c-8434c33987f0 48024e2be0024d4f978254dfc0a0ea3e 3a3a6f878816430fa99712e6eba0c38c - - default default] Volume info retrieved successfully.
2024-09-13 21:39:30.661 23 INFO cinder.api.openstack.wsgi [req-b5ae4004-3428-4d91-923c-15ae2b2e278c req-925253ae-b6ac-481e-9a7c-8434c33987f0 48024e2be0024d4f978254dfc0a0ea3e 3a3a6f878816430fa99712e6eba0c38c - - default default] http://[LB_IP_ADDRESS]:8776/v3/3a3a6f878816430fa99712e6eba0c38c/volumes/caa508ec-1987-4008-b714-f4daa7586868 returned with HTTP 200
2024-09-13 21:39:30.703 20 INFO cinder.api.openstack.wsgi [req-b10d1435-b377-4417-9362-c2a05a6c7a3a req-fbe891b8-d9d2-4600-82a1-14414d882e59 48024e2be0024d4f978254dfc0a0ea3e 3a3a6f878816430fa99712e6eba0c38c - - default default] GET http://[LB_IP_ADDRESS]:8776/v3/3a3a6f878816430fa99712e6eba0c38c/volumes/caa508ec-1987-4008-b714-f4daa7586868
2024-09-13 21:39:30.730 20 INFO cinder.volume.api [req-b10d1435-b377-4417-9362-c2a05a6c7a3a req-fbe891b8-d9d2-4600-82a1-14414d882e59 48024e2be0024d4f978254dfc0a0ea3e 3a3a6f878816430fa99712e6eba0c38c - - default default] Volume info retrieved successfully.
2024-09-13 21:39:30.740 20 INFO cinder.api.openstack.wsgi [req-b10d1435-b377-4417-9362-c2a05a6c7a3a req-fbe891b8-d9d2-4600-82a1-14414d882e59 48024e2be0024d4f978254dfc0a0ea3e 3a3a6f878816430fa99712e6eba0c38c - - default default] http://[LB_IP_ADDRESS]:8776/v3/3a3a6f878816430fa99712e6eba0c38c/volumes/caa508ec-1987-4008-b714-f4daa7586868 returned with HTTP 200
2024-09-13 21:39:30.740 19 INFO cinder.api.openstack.wsgi [None req-244fb2bc-212e-48db-b5f7-2c2c63e3827d fe14c1bd8657411d973e6541670f9224 2f9489c7470f4eacaf585f04ea0236e3 - - default default] GET http://[LB_IP_ADDRESS]:8776/v3/2f9489c7470f4eacaf585f04ea0236e3/volumes/493c682f-5499-48de-bdaf-f4cfd135e3d3
2024-09-13 21:39:30.754 19 INFO cinder.api.openstack.wsgi [None req-244fb2bc-212e-48db-b5f7-2c2c63e3827d fe14c1bd8657411d973e6541670f9224 2f9489c7470f4eacaf585f04ea0236e3 - - default default] http://[LB_IP_ADDRESS]:8776/v3/2f9489c7470f4eacaf585f04ea0236e3/volumes/493c682f-5499-48de-bdaf-f4cfd135e3d3 returned with HTTP 404
2024-09-13 21:39:30.767 22 INFO cinder.api.openstack.wsgi [None req-4ecd85ee-ecac-4aad-bf4b-175336e0b619 fe14c1bd8657411d973e6541670f9224 2f9489c7470f4eacaf585f04ea0236e3 - - default default] GET http://[LB_IP_ADDRESS]:8776/v3/2f9489c7470f4eacaf585f04ea0236e3/groups/03686580-f6e3-4de4-b111-fe4ddc5d980b
2024-09-13 21:39:30.774 22 INFO cinder.api.openstack.wsgi [None req-4ecd85ee-ecac-4aad-bf4b-175336e0b619 fe14c1bd8657411d973e6541670f9224 2f9489c7470f4eacaf585f04ea0236e3 - - default default] http://[LB_IP_ADDRESS]:8776/v3/2f9489c7470f4eacaf585f04ea0236e3/groups/03686580-f6e3-4de4-b111-fe4ddc5d980b returned with HTTP 404
2024-09-13 21:39:30.775 21 INFO cinder.api.openstack.wsgi [req-bdcb56e0-8bf9-4cf1-a0f3-1794140025cb req-5992f570-2e98-4c49-a976-7780c96bc13e 48024e2be0024d4f978254dfc0a0ea3e 3a3a6f878816430fa99712e6eba0c38c - - default default] DELETE http://[LB_IP_ADDRESS]:8776/v3/3a3a6f878816430fa99712e6eba0c38c/volumes/caa508ec-1987-4008-b714-f4daa7586868
2024-09-13 21:39:30.777 21 INFO cinder.api.v3.volumes [req-bdcb56e0-8bf9-4cf1-a0f3-1794140025cb req-5992f570-2e98-4c49-a976-7780c96bc13e 48024e2be0024d4f978254dfc0a0ea3e 3a3a6f878816430fa99712e6eba0c38c - - default default] Delete volume with id: caa508ec-1987-4008-b714-f4daa7586868 
2024-09-13 21:39:30.791 23 INFO cinder.api.openstack.wsgi [None req-5ad875a1-90e3-4690-87a2-3795df264868 fcb5bbdf0c914e66a546503605d29567 a47b4d83b3234b74b332471a5afa9aa1 - - default default] DELETE http://[LB_IP_ADDRESS]:8776/v3/a47b4d83b3234b74b332471a5afa9aa1/group_types/c92da622-4976-4caf-81d5-2afc04b4b5e5
2024-09-13 21:39:30.796 21 INFO cinder.volume.api [req-bdcb56e0-8bf9-4cf1-a0f3-1794140025cb req-5992f570-2e98-4c49-a976-7780c96bc13e 48024e2be0024d4f978254dfc0a0ea3e 3a3a6f878816430fa99712e6eba0c38c - - default default] Volume info retrieved successfully.
2024-09-13 21:39:30.821 23 INFO cinder.api.openstack.wsgi [None req-5ad875a1-90e3-4690-87a2-3795df264868 fcb5bbdf0c914e66a546503605d29567 a47b4d83b3234b74b332471a5afa9aa1 - - default default] http://[LB_IP_ADDRESS]:8776/v3/a47b4d83b3234b74b332471a5afa9aa1/group_types/c92da622-4976-4caf-81d5-2afc04b4b5e5 returned with HTTP 202
2024-09-13 21:39:30.826 21 INFO cinder.volume.api [req-bdcb56e0-8bf9-4cf1-a0f3-1794140025cb req-5992f570-2e98-4c49-a976-7780c96bc13e 48024e2be0024d4f978254dfc0a0ea3e 3a3a6f878816430fa99712e6eba0c38c - - default default] Delete volume request issued successfully.
2024-09-13 21:39:30.829 21 INFO cinder.api.openstack.wsgi [req-bdcb56e0-8bf9-4cf1-a0f3-1794140025cb req-5992f570-2e98-4c49-a976-7780c96bc13e 48024e2be0024d4f978254dfc0a0ea3e 3a3a6f878816430fa99712e6eba0c38c - - default default] http://[LB_IP_ADDRESS]:8776/v3/3a3a6f878816430fa99712e6eba0c38c/volumes/caa508ec-1987-4008-b714-f4daa7586868 returned with HTTP 202
2024-09-13 21:39:30.833 20 INFO cinder.api.openstack.wsgi [None req-4b6882c3-532c-4737-a388-8eff2fb025ff fcb5bbdf0c914e66a546503605d29567 a47b4d83b3234b74b332471a5afa9aa1 - - default default] DELETE http://[LB_IP_ADDRESS]:8776/v3/a47b4d83b3234b74b332471a5afa9aa1/types/62c95637-9443-443b-bd02-c96e80534289
2024-09-13 21:39:30.860 19 INFO cinder.api.openstack.wsgi [req-d39a8fb1-9304-4716-b10f-829cf919151e req-bdfe3785-2e7d-4a0b-88c3-7ed92d58d85b 48024e2be0024d4f978254dfc0a0ea3e 3a3a6f878816430fa99712e6eba0c38c - - default default] GET http://[LB_IP_ADDRESS]:8776/v3/3a3a6f878816430fa99712e6eba0c38c/volumes/caa508ec-1987-4008-b714-f4daa7586868
2024-09-13 21:39:30.886 20 INFO cinder.api.openstack.wsgi [None req-4b6882c3-532c-4737-a388-8eff2fb025ff fcb5bbdf0c914e66a546503605d29567 a47b4d83b3234b74b332471a5afa9aa1 - - default default] http://[LB_IP_ADDRESS]:8776/v3/a47b4d83b3234b74b332471a5afa9aa1/types/62c95637-9443-443b-bd02-c96e80534289 returned with HTTP 202
2024-09-13 21:39:30.887 19 INFO cinder.volume.api [req-d39a8fb1-9304-4716-b10f-829cf919151e req-bdfe3785-2e7d-4a0b-88c3-7ed92d58d85b 48024e2be0024d4f978254dfc0a0ea3e 3a3a6f878816430fa99712e6eba0c38c - - default default] Volume info retrieved successfully.
2024-09-13 21:39:30.896 19 INFO cinder.api.openstack.wsgi [req-d39a8fb1-9304-4716-b10f-829cf919151e req-bdfe3785-2e7d-4a0b-88c3-7ed92d58d85b 48024e2be0024d4f978254dfc0a0ea3e 3a3a6f878816430fa99712e6eba0c38c - - default default] http://[LB_IP_ADDRESS]:8776/v3/3a3a6f878816430fa99712e6eba0c38c/volumes/caa508ec-1987-4008-b714-f4daa7586868 returned with HTTP 200
2024-09-13 21:39:30.898 22 INFO cinder.api.openstack.wsgi [None req-0a8519b8-6a3a-4d99-be2c-1ffc5b56aa3f fcb5bbdf0c914e66a546503605d29567 a47b4d83b3234b74b332471a5afa9aa1 - - default default] GET http://[LB_IP_ADDRESS]:8776/v3/a47b4d83b3234b74b332471a5afa9aa1/types/62c95637-9443-443b-bd02-c96e80534289
2024-09-13 21:39:30.907 22 INFO cinder.api.openstack.wsgi [None req-0a8519b8-6a3a-4d99-be2c-1ffc5b56aa3f fcb5bbdf0c914e66a546503605d29567 a47b4d83b3234b74b332471a5afa9aa1 - - default default] http://[LB_IP_ADDRESS]:8776/v3/a47b4d83b3234b74b332471a5afa9aa1/types/62c95637-9443-443b-bd02-c96e80534289 returned with HTTP 404
2024-09-13 21:39:31.933 23 INFO cinder.api.openstack.wsgi [req-6f35cddf-3614-46a5-a01e-37184e2a39d7 req-ed3d879b-b7b0-4446-bc9f-622c07e9bdad 48024e2be0024d4f978254dfc0a0ea3e 3a3a6f878816430fa99712e6eba0c38c - - default default] GET http://[LB_IP_ADDRESS]:8776/v3/3a3a6f878816430fa99712e6eba0c38c/volumes/caa508ec-1987-4008-b714-f4daa7586868
2024-09-13 21:39:31.950 23 INFO cinder.api.openstack.wsgi [req-6f35cddf-3614-46a5-a01e-37184e2a39d7 req-ed3d879b-b7b0-4446-bc9f-622c07e9bdad 48024e2be0024d4f978254dfc0a0ea3e 3a3a6f878816430fa99712e6eba0c38c - - default default] http://[LB_IP_ADDRESS]:8776/v3/3a3a6f878816430fa99712e6eba0c38c/volumes/caa508ec-1987-4008-b714-f4daa7586868 returned with HTTP 404
2024-09-13 21:39:34.600 21 INFO cinder.api.openstack.wsgi [None req-2845fed9-aff3-43ae-8a39-55a229faeb8f a6687944b0b24cb4af23ee9d67f5729c 4c9ea04ec9064b6aac1cfaf1b827ed5f - - default default] POST http://[LB_IP_ADDRESS]:8776/v3/4c9ea04ec9064b6aac1cfaf1b827ed5f/group_types
2024-09-13 21:39:34.635 21 INFO cinder.api.openstack.wsgi [None req-2845fed9-aff3-43ae-8a39-55a229faeb8f a6687944b0b24cb4af23ee9d67f5729c 4c9ea04ec9064b6aac1cfaf1b827ed5f - - default default] http://[LB_IP_ADDRESS]:8776/v3/4c9ea04ec9064b6aac1cfaf1b827ed5f/group_types returned with HTTP 202
2024-09-13 21:39:34.651 20 INFO cinder.api.openstack.wsgi [None req-5481f730-174b-4f36-b121-d6393114bef4 a6687944b0b24cb4af23ee9d67f5729c 4c9ea04ec9064b6aac1cfaf1b827ed5f - - default default] POST http://[LB_IP_ADDRESS]:8776/v3/4c9ea04ec9064b6aac1cfaf1b827ed5f/group_types/78ebac85-7bbb-4252-a5e0-afb6e70e2d0e/group_specs
2024-09-13 21:39:34.682 20 INFO cinder.api.openstack.wsgi [None req-5481f730-174b-4f36-b121-d6393114bef4 a6687944b0b24cb4af23ee9d67f5729c 4c9ea04ec9064b6aac1cfaf1b827ed5f - - default default] http://[LB_IP_ADDRESS]:8776/v3/4c9ea04ec9064b6aac1cfaf1b827ed5f/group_types/78ebac85-7bbb-4252-a5e0-afb6e70e2d0e/group_specs returned with HTTP 202
2024-09-13 21:39:34.695 19 INFO cinder.api.openstack.wsgi [None req-87e10556-b9c2-4670-a3f3-b761463bf2b2 a6687944b0b24cb4af23ee9d67f5729c 4c9ea04ec9064b6aac1cfaf1b827ed5f - - default default] POST http://[LB_IP_ADDRESS]:8776/v3/4c9ea04ec9064b6aac1cfaf1b827ed5f/group_types/78ebac85-7bbb-4252-a5e0-afb6e70e2d0e/group_specs
2024-09-13 21:39:34.719 19 INFO cinder.api.openstack.wsgi [None req-87e10556-b9c2-4670-a3f3-b761463bf2b2 a6687944b0b24cb4af23ee9d67f5729c 4c9ea04ec9064b6aac1cfaf1b827ed5f - - default default] http://[LB_IP_ADDRESS]:8776/v3/4c9ea04ec9064b6aac1cfaf1b827ed5f/group_types/78ebac85-7bbb-4252-a5e0-afb6e70e2d0e/group_specs returned with HTTP 202
2024-09-13 21:39:34.732 22 INFO cinder.api.openstack.wsgi [None req-dc096f44-9d7d-4293-abb2-326e47bd0977 a6687944b0b24cb4af23ee9d67f5729c 4c9ea04ec9064b6aac1cfaf1b827ed5f - - default default] GET http://[LB_IP_ADDRESS]:8776/v3/4c9ea04ec9064b6aac1cfaf1b827ed5f/group_types/78ebac85-7bbb-4252-a5e0-afb6e70e2d0e/group_specs/key2
2024-09-13 21:39:34.745 22 INFO cinder.api.openstack.wsgi [None req-dc096f44-9d7d-4293-abb2-326e47bd0977 a6687944b0b24cb4af23ee9d67f5729c 4c9ea04ec9064b6aac1cfaf1b827ed5f - - default default] http://[LB_IP_ADDRESS]:8776/v3/4c9ea04ec9064b6aac1cfaf1b827ed5f/group_types/78ebac85-7bbb-4252-a5e0-afb6e70e2d0e/group_specs/key2 returned with HTTP 200
2024-09-13 21:39:34.758 23 INFO cinder.api.openstack.wsgi [None req-fc1928fd-11a3-4a88-a049-cf43983e0204 a6687944b0b24cb4af23ee9d67f5729c 4c9ea04ec9064b6aac1cfaf1b827ed5f - - default default] GET http://[LB_IP_ADDRESS]:8776/v3/4c9ea04ec9064b6aac1cfaf1b827ed5f/group_types/78ebac85-7bbb-4252-a5e0-afb6e70e2d0e/group_specs/key3
2024-09-13 21:39:34.770 23 INFO cinder.api.openstack.wsgi [None req-fc1928fd-11a3-4a88-a049-cf43983e0204 a6687944b0b24cb4af23ee9d67f5729c 4c9ea04ec9064b6aac1cfaf1b827ed5f - - default default] http://[LB_IP_ADDRESS]:8776/v3/4c9ea04ec9064b6aac1cfaf1b827ed5f/group_types/78ebac85-7bbb-4252-a5e0-afb6e70e2d0e/group_specs/key3 returned with HTTP 200
2024-09-13 21:39:34.784 21 INFO cinder.api.openstack.wsgi [None req-ade62fae-4859-41c1-8bec-1daa6bddfe92 a6687944b0b24cb4af23ee9d67f5729c 4c9ea04ec9064b6aac1cfaf1b827ed5f - - default default] PUT http://[LB_IP_ADDRESS]:8776/v3/4c9ea04ec9064b6aac1cfaf1b827ed5f/group_types/78ebac85-7bbb-4252-a5e0-afb6e70e2d0e/group_specs/key3
2024-09-13 21:39:34.805 21 INFO cinder.api.openstack.wsgi [None req-ade62fae-4859-41c1-8bec-1daa6bddfe92 a6687944b0b24cb4af23ee9d67f5729c 4c9ea04ec9064b6aac1cfaf1b827ed5f - - default default] http://[LB_IP_ADDRESS]:8776/v3/4c9ea04ec9064b6aac1cfaf1b827ed5f/group_types/78ebac85-7bbb-4252-a5e0-afb6e70e2d0e/group_specs/key3 returned with HTTP 200
2024-09-13 21:39:34.818 20 INFO cinder.api.openstack.wsgi [None req-806666e0-9c47-443c-a2a6-f396e0c6d98f a6687944b0b24cb4af23ee9d67f5729c 4c9ea04ec9064b6aac1cfaf1b827ed5f - - default default] GET http://[LB_IP_ADDRESS]:8776/v3/4c9ea04ec9064b6aac1cfaf1b827ed5f/group_types/78ebac85-7bbb-4252-a5e0-afb6e70e2d0e/group_specs
2024-09-13 21:39:34.831 20 INFO cinder.api.openstack.wsgi [None req-806666e0-9c47-443c-a2a6-f396e0c6d98f a6687944b0b24cb4af23ee9d67f5729c 4c9ea04ec9064b6aac1cfaf1b827ed5f - - default default] http://[LB_IP_ADDRESS]:8776/v3/4c9ea04ec9064b6aac1cfaf1b827ed5f/group_types/78ebac85-7bbb-4252-a5e0-afb6e70e2d0e/group_specs returned with HTTP 200
2024-09-13 21:39:34.844 19 INFO cinder.api.openstack.wsgi [None req-a10f9ef1-f4bb-43df-866a-d11ac33ceace a6687944b0b24cb4af23ee9d67f5729c 4c9ea04ec9064b6aac1cfaf1b827ed5f - - default default] DELETE http://[LB_IP_ADDRESS]:8776/v3/4c9ea04ec9064b6aac1cfaf1b827ed5f/group_types/78ebac85-7bbb-4252-a5e0-afb6e70e2d0e/group_specs/key1
2024-09-13 21:39:34.861 19 INFO cinder.api.openstack.wsgi [None req-a10f9ef1-f4bb-43df-866a-d11ac33ceace a6687944b0b24cb4af23ee9d67f5729c 4c9ea04ec9064b6aac1cfaf1b827ed5f - - default default] http://[LB_IP_ADDRESS]:8776/v3/4c9ea04ec9064b6aac1cfaf1b827ed5f/group_types/78ebac85-7bbb-4252-a5e0-afb6e70e2d0e/group_specs/key1 returned with HTTP 202
2024-09-13 21:39:34.873 22 INFO cinder.api.openstack.wsgi [None req-fd1cb1c2-1e8f-4d33-8968-25ddc02de2cb a6687944b0b24cb4af23ee9d67f5729c 4c9ea04ec9064b6aac1cfaf1b827ed5f - - default default] GET http://[LB_IP_ADDRESS]:8776/v3/4c9ea04ec9064b6aac1cfaf1b827ed5f/group_types/78ebac85-7bbb-4252-a5e0-afb6e70e2d0e/group_specs/key1
2024-09-13 21:39:34.885 22 INFO cinder.api.openstack.wsgi [None req-fd1cb1c2-1e8f-4d33-8968-25ddc02de2cb a6687944b0b24cb4af23ee9d67f5729c 4c9ea04ec9064b6aac1cfaf1b827ed5f - - default default] HTTP exception thrown: Group Type 78ebac85-7bbb-4252-a5e0-afb6e70e2d0e has no extra spec with key key1.
2024-09-13 21:39:34.886 22 INFO cinder.api.openstack.wsgi [None req-fd1cb1c2-1e8f-4d33-8968-25ddc02de2cb a6687944b0b24cb4af23ee9d67f5729c 4c9ea04ec9064b6aac1cfaf1b827ed5f - - default default] http://[LB_IP_ADDRESS]:8776/v3/4c9ea04ec9064b6aac1cfaf1b827ed5f/group_types/78ebac85-7bbb-4252-a5e0-afb6e70e2d0e/group_specs/key1 returned with HTTP 404
2024-09-13 21:39:34.898 23 INFO cinder.api.openstack.wsgi [None req-bc46baae-c227-4521-8147-a840a4d1f879 a6687944b0b24cb4af23ee9d67f5729c 4c9ea04ec9064b6aac1cfaf1b827ed5f - - default default] DELETE http://[LB_IP_ADDRESS]:8776/v3/4c9ea04ec9064b6aac1cfaf1b827ed5f/group_types/78ebac85-7bbb-4252-a5e0-afb6e70e2d0e/group_specs/key2
2024-09-13 21:39:34.917 23 INFO cinder.api.openstack.wsgi [None req-bc46baae-c227-4521-8147-a840a4d1f879 a6687944b0b24cb4af23ee9d67f5729c 4c9ea04ec9064b6aac1cfaf1b827ed5f - - default default] http://[LB_IP_ADDRESS]:8776/v3/4c9ea04ec9064b6aac1cfaf1b827ed5f/group_types/78ebac85-7bbb-4252-a5e0-afb6e70e2d0e/group_specs/key2 returned with HTTP 202
2024-09-13 21:39:34.929 21 INFO cinder.api.openstack.wsgi [None req-be9422c9-33cf-4fd8-9df4-71208f3d8583 a6687944b0b24cb4af23ee9d67f5729c 4c9ea04ec9064b6aac1cfaf1b827ed5f - - default default] GET http://[LB_IP_ADDRESS]:8776/v3/4c9ea04ec9064b6aac1cfaf1b827ed5f/group_types/78ebac85-7bbb-4252-a5e0-afb6e70e2d0e/group_specs/key2
2024-09-13 21:39:34.942 21 INFO cinder.api.openstack.wsgi [None req-be9422c9-33cf-4fd8-9df4-71208f3d8583 a6687944b0b24cb4af23ee9d67f5729c 4c9ea04ec9064b6aac1cfaf1b827ed5f - - default default] HTTP exception thrown: Group Type 78ebac85-7bbb-4252-a5e0-afb6e70e2d0e has no extra spec with key key2.
2024-09-13 21:39:34.942 21 INFO cinder.api.openstack.wsgi [None req-be9422c9-33cf-4fd8-9df4-71208f3d8583 a6687944b0b24cb4af23ee9d67f5729c 4c9ea04ec9064b6aac1cfaf1b827ed5f - - default default] http://[LB_IP_ADDRESS]:8776/v3/4c9ea04ec9064b6aac1cfaf1b827ed5f/group_types/78ebac85-7bbb-4252-a5e0-afb6e70e2d0e/group_specs/key2 returned with HTTP 404
2024-09-13 21:39:34.955 20 INFO cinder.api.openstack.wsgi [None req-fb4af382-f696-4d34-a1be-ecab29d3a1e1 a6687944b0b24cb4af23ee9d67f5729c 4c9ea04ec9064b6aac1cfaf1b827ed5f - - default default] DELETE http://[LB_IP_ADDRESS]:8776/v3/4c9ea04ec9064b6aac1cfaf1b827ed5f/group_types/78ebac85-7bbb-4252-a5e0-afb6e70e2d0e/group_specs/key3
2024-09-13 21:39:34.972 20 INFO cinder.api.openstack.wsgi [None req-fb4af382-f696-4d34-a1be-ecab29d3a1e1 a6687944b0b24cb4af23ee9d67f5729c 4c9ea04ec9064b6aac1cfaf1b827ed5f - - default default] http://[LB_IP_ADDRESS]:8776/v3/4c9ea04ec9064b6aac1cfaf1b827ed5f/group_types/78ebac85-7bbb-4252-a5e0-afb6e70e2d0e/group_specs/key3 returned with HTTP 202
2024-09-13 21:39:34.983 19 INFO cinder.api.openstack.wsgi [None req-eb04a4ea-c0aa-4ca6-a7fa-e6b418077046 a6687944b0b24cb4af23ee9d67f5729c 4c9ea04ec9064b6aac1cfaf1b827ed5f - - default default] GET http://[LB_IP_ADDRESS]:8776/v3/4c9ea04ec9064b6aac1cfaf1b827ed5f/group_types/78ebac85-7bbb-4252-a5e0-afb6e70e2d0e/group_specs/key3
2024-09-13 21:39:34.995 19 INFO cinder.api.openstack.wsgi [None req-eb04a4ea-c0aa-4ca6-a7fa-e6b418077046 a6687944b0b24cb4af23ee9d67f5729c 4c9ea04ec9064b6aac1cfaf1b827ed5f - - default default] HTTP exception thrown: Group Type 78ebac85-7bbb-4252-a5e0-afb6e70e2d0e has no extra spec with key key3.
2024-09-13 21:39:34.996 19 INFO cinder.api.openstack.wsgi [None req-eb04a4ea-c0aa-4ca6-a7fa-e6b418077046 a6687944b0b24cb4af23ee9d67f5729c 4c9ea04ec9064b6aac1cfaf1b827ed5f - - default default] http://[LB_IP_ADDRESS]:8776/v3/4c9ea04ec9064b6aac1cfaf1b827ed5f/group_types/78ebac85-7bbb-4252-a5e0-afb6e70e2d0e/group_specs/key3 returned with HTTP 404
2024-09-13 21:39:35.008 22 INFO cinder.api.openstack.wsgi [None req-90ad7466-756e-41e3-bd2b-9e362d3e9ed5 a6687944b0b24cb4af23ee9d67f5729c 4c9ea04ec9064b6aac1cfaf1b827ed5f - - default default] DELETE http://[LB_IP_ADDRESS]:8776/v3/4c9ea04ec9064b6aac1cfaf1b827ed5f/group_types/78ebac85-7bbb-4252-a5e0-afb6e70e2d0e
2024-09-13 21:39:35.034 22 INFO cinder.api.openstack.wsgi [None req-90ad7466-756e-41e3-bd2b-9e362d3e9ed5 a6687944b0b24cb4af23ee9d67f5729c 4c9ea04ec9064b6aac1cfaf1b827ed5f - - default default] http://[LB_IP_ADDRESS]:8776/v3/4c9ea04ec9064b6aac1cfaf1b827ed5f/group_types/78ebac85-7bbb-4252-a5e0-afb6e70e2d0e returned with HTTP 202
2024-09-13 21:39:35.342 23 INFO cinder.api.openstack.wsgi [req-35ee7df5-ab89-4dfc-b78b-868817e85bd4 req-f4a244e0-e0c5-4cf4-b497-d6140ccd29b6 2be234d4e0cd4b2180511061b017ab59 e36cbe6719bf463693c892100e0a0216 - - default default] DELETE http://[LB_IP_ADDRESS]:8776/v3/e36cbe6719bf463693c892100e0a0216/volumes/tempest-invalid-1816101170
2024-09-13 21:39:35.343 23 INFO cinder.api.v3.volumes [req-35ee7df5-ab89-4dfc-b78b-868817e85bd4 req-f4a244e0-e0c5-4cf4-b497-d6140ccd29b6 2be234d4e0cd4b2180511061b017ab59 e36cbe6719bf463693c892100e0a0216 - - default default] Delete volume with id: tempest-invalid-1816101170 
2024-09-13 21:39:35.356 23 INFO cinder.api.openstack.wsgi [req-35ee7df5-ab89-4dfc-b78b-868817e85bd4 req-f4a244e0-e0c5-4cf4-b497-d6140ccd29b6 2be234d4e0cd4b2180511061b017ab59 e36cbe6719bf463693c892100e0a0216 - - default default] http://[LB_IP_ADDRESS]:8776/v3/e36cbe6719bf463693c892100e0a0216/volumes/tempest-invalid-1816101170 returned with HTTP 404
2024-09-13 21:39:35.408 21 INFO cinder.api.openstack.wsgi [req-c8aa0116-a1f1-4b60-9dc3-403b177f7424 req-eb1da57c-d08c-4178-90bd-ed37678f8941 2be234d4e0cd4b2180511061b017ab59 e36cbe6719bf463693c892100e0a0216 - - default default] DELETE http://[LB_IP_ADDRESS]:8776/v3/e36cbe6719bf463693c892100e0a0216/volumes/df27b9b2-efac-4928-8a3b-d5bd256d2637
2024-09-13 21:39:35.409 21 INFO cinder.api.v3.volumes [req-c8aa0116-a1f1-4b60-9dc3-403b177f7424 req-eb1da57c-d08c-4178-90bd-ed37678f8941 2be234d4e0cd4b2180511061b017ab59 e36cbe6719bf463693c892100e0a0216 - - default default] Delete volume with id: df27b9b2-efac-4928-8a3b-d5bd256d2637 
2024-09-13 21:39:35.425 21 INFO cinder.api.openstack.wsgi [req-c8aa0116-a1f1-4b60-9dc3-403b177f7424 req-eb1da57c-d08c-4178-90bd-ed37678f8941 2be234d4e0cd4b2180511061b017ab59 e36cbe6719bf463693c892100e0a0216 - - default default] http://[LB_IP_ADDRESS]:8776/v3/e36cbe6719bf463693c892100e0a0216/volumes/df27b9b2-efac-4928-8a3b-d5bd256d2637 returned with HTTP 404
2024-09-13 21:39:35.456 20 INFO cinder.api.openstack.wsgi [req-0961277b-93c2-4614-bdce-05f907dca631 req-3217f0d2-8d7c-4f48-aa9f-36f21be2b542 2be234d4e0cd4b2180511061b017ab59 e36cbe6719bf463693c892100e0a0216 - - default default] GET http://[LB_IP_ADDRESS]:8776/v3/e36cbe6719bf463693c892100e0a0216/volumes/73d9700d-fefd-4cae-bdde-2e24bf87b77c
2024-09-13 21:39:35.471 20 INFO cinder.api.openstack.wsgi [req-0961277b-93c2-4614-bdce-05f907dca631 req-3217f0d2-8d7c-4f48-aa9f-36f21be2b542 2be234d4e0cd4b2180511061b017ab59 e36cbe6719bf463693c892100e0a0216 - - default default] http://[LB_IP_ADDRESS]:8776/v3/e36cbe6719bf463693c892100e0a0216/volumes/73d9700d-fefd-4cae-bdde-2e24bf87b77c returned with HTTP 404
2024-09-13 21:39:36.719 19 INFO cinder.api.openstack.wsgi [None req-48776b57-8971-4dfa-9500-76618ae8ec2c 30043525a87c40b3b82fde0321133934 b275a7ff58a84c079d3e6c12efcba554 - - default default] POST http://[LB_IP_ADDRESS]:8776/v3/b275a7ff58a84c079d3e6c12efcba554/qos-specs
2024-09-13 21:39:36.740 19 INFO cinder.api.openstack.wsgi [None req-48776b57-8971-4dfa-9500-76618ae8ec2c 30043525a87c40b3b82fde0321133934 b275a7ff58a84c079d3e6c12efcba554 - - default default] http://[LB_IP_ADDRESS]:8776/v3/b275a7ff58a84c079d3e6c12efcba554/qos-specs returned with HTTP 200
2024-09-13 21:39:36.756 22 INFO cinder.api.openstack.wsgi [None req-be5a403e-fccf-4392-b712-e01b1cbd9043 30043525a87c40b3b82fde0321133934 b275a7ff58a84c079d3e6c12efcba554 - - default default] POST http://[LB_IP_ADDRESS]:8776/v3/b275a7ff58a84c079d3e6c12efcba554/types
2024-09-13 21:39:36.783 22 INFO cinder.api.openstack.wsgi [None req-be5a403e-fccf-4392-b712-e01b1cbd9043 30043525a87c40b3b82fde0321133934 b275a7ff58a84c079d3e6c12efcba554 - - default default] http://[LB_IP_ADDRESS]:8776/v3/b275a7ff58a84c079d3e6c12efcba554/types returned with HTTP 200
2024-09-13 21:39:36.801 23 INFO cinder.api.openstack.wsgi [None req-4257e86b-cc7e-4a75-9507-1d12c9ee716e 30043525a87c40b3b82fde0321133934 b275a7ff58a84c079d3e6c12efcba554 - - default default] POST http://[LB_IP_ADDRESS]:8776/v3/b275a7ff58a84c079d3e6c12efcba554/types
