2026-02-12 02:18:38.140 76 INFO cinder.api.openstack.wsgi [None req-e9d1a097-c2f0-41bd-b26a-2532b1dc1ad7 490263d9ad7949d0b1e5ac40fcd78813 acb2d456a5df4e61b11bf0118bb4e24b - - default default] GET http://[LB_IP_ADDRESS]:8776/v3/acb2d456a5df4e61b11bf0118bb4e24b/groups/fc1b9577-0e29-4062-ae29-6c1daa2616d3
2026-02-12 02:18:38.144 76 INFO cinder.api.openstack.wsgi [None req-e9d1a097-c2f0-41bd-b26a-2532b1dc1ad7 490263d9ad7949d0b1e5ac40fcd78813 acb2d456a5df4e61b11bf0118bb4e24b - - default default] http://[LB_IP_ADDRESS]:8776/v3/acb2d456a5df4e61b11bf0118bb4e24b/groups/fc1b9577-0e29-4062-ae29-6c1daa2616d3 returned with HTTP 404
2026-02-12 02:18:38.157 74 INFO cinder.api.openstack.wsgi [None req-855c62ce-0e0d-46b1-a0a7-0637d3df4138 490263d9ad7949d0b1e5ac40fcd78813 acb2d456a5df4e61b11bf0118bb4e24b - - default default] GET http://[LB_IP_ADDRESS]:8776/v3/acb2d456a5df4e61b11bf0118bb4e24b/volumes/detail
2026-02-12 02:18:38.172 74 INFO cinder.volume.api [None req-855c62ce-0e0d-46b1-a0a7-0637d3df4138 490263d9ad7949d0b1e5ac40fcd78813 acb2d456a5df4e61b11bf0118bb4e24b - - default default] Get all volumes completed successfully.
2026-02-12 02:18:38.198 74 INFO cinder.api.openstack.wsgi [None req-855c62ce-0e0d-46b1-a0a7-0637d3df4138 490263d9ad7949d0b1e5ac40fcd78813 acb2d456a5df4e61b11bf0118bb4e24b - - default default] http://[LB_IP_ADDRESS]:8776/v3/acb2d456a5df4e61b11bf0118bb4e24b/volumes/detail returned with HTTP 200
2026-02-12 02:18:38.221 75 INFO cinder.api.openstack.wsgi [None req-1ad587d2-5a37-4026-ac04-49e2554b3a92 490263d9ad7949d0b1e5ac40fcd78813 acb2d456a5df4e61b11bf0118bb4e24b - - default default] POST http://[LB_IP_ADDRESS]:8776/v3/acb2d456a5df4e61b11bf0118bb4e24b/groups/d3ed3606-a2d3-4679-991e-baba547bc321/action
2026-02-12 02:18:38.225 75 INFO cinder.api.v3.groups [None req-1ad587d2-5a37-4026-ac04-49e2554b3a92 490263d9ad7949d0b1e5ac40fcd78813 acb2d456a5df4e61b11bf0118bb4e24b - - default default] Delete group with id: d3ed3606-a2d3-4679-991e-baba547bc321
2026-02-12 02:18:38.262 75 INFO cinder.api.openstack.wsgi [None req-1ad587d2-5a37-4026-ac04-49e2554b3a92 490263d9ad7949d0b1e5ac40fcd78813 acb2d456a5df4e61b11bf0118bb4e24b - - default default] http://[LB_IP_ADDRESS]:8776/v3/acb2d456a5df4e61b11bf0118bb4e24b/groups/d3ed3606-a2d3-4679-991e-baba547bc321/action returned with HTTP 202
2026-02-12 02:18:38.276 73 INFO cinder.api.openstack.wsgi [None req-370e28fb-7206-468d-87e6-4bf00793f270 490263d9ad7949d0b1e5ac40fcd78813 acb2d456a5df4e61b11bf0118bb4e24b - - default default] GET http://[LB_IP_ADDRESS]:8776/v3/acb2d456a5df4e61b11bf0118bb4e24b/volumes/c37938a5-8b6d-4cbc-939e-6d28be86338d
2026-02-12 02:18:38.295 73 INFO cinder.volume.api [None req-370e28fb-7206-468d-87e6-4bf00793f270 490263d9ad7949d0b1e5ac40fcd78813 acb2d456a5df4e61b11bf0118bb4e24b - - default default] Volume info retrieved successfully.
2026-02-12 02:18:38.318 73 INFO cinder.api.openstack.wsgi [None req-370e28fb-7206-468d-87e6-4bf00793f270 490263d9ad7949d0b1e5ac40fcd78813 acb2d456a5df4e61b11bf0118bb4e24b - - default default] http://[LB_IP_ADDRESS]:8776/v3/acb2d456a5df4e61b11bf0118bb4e24b/volumes/c37938a5-8b6d-4cbc-939e-6d28be86338d returned with HTTP 200
2026-02-12 02:18:38.357 72 INFO cinder.api.openstack.wsgi [None req-709768f0-a3c0-4d6c-8803-560d70605d5d a6cfd310462349148b4cda15469d89cc 1dba282dc73d4ca290fe5c94f41bb515 - - default default] GET http://[LB_IP_ADDRESS]:8776/v3/1dba282dc73d4ca290fe5c94f41bb515/volumes/d11cc126-9514-45db-9b2b-ecaaf042a729
2026-02-12 02:18:38.370 72 INFO cinder.api.openstack.wsgi [None req-709768f0-a3c0-4d6c-8803-560d70605d5d a6cfd310462349148b4cda15469d89cc 1dba282dc73d4ca290fe5c94f41bb515 - - default default] http://[LB_IP_ADDRESS]:8776/v3/1dba282dc73d4ca290fe5c94f41bb515/volumes/d11cc126-9514-45db-9b2b-ecaaf042a729 returned with HTTP 404
2026-02-12 02:18:38.382 76 INFO cinder.api.openstack.wsgi [None req-e61b81dd-cff2-4543-b23e-9cfa93a3acc0 a6cfd310462349148b4cda15469d89cc 1dba282dc73d4ca290fe5c94f41bb515 - - default default] GET http://[LB_IP_ADDRESS]:8776/v3/1dba282dc73d4ca290fe5c94f41bb515/volumes/0e037e1e-bf63-445c-9b95-b4464720ba9f
2026-02-12 02:18:38.397 76 INFO cinder.api.openstack.wsgi [None req-e61b81dd-cff2-4543-b23e-9cfa93a3acc0 a6cfd310462349148b4cda15469d89cc 1dba282dc73d4ca290fe5c94f41bb515 - - default default] http://[LB_IP_ADDRESS]:8776/v3/1dba282dc73d4ca290fe5c94f41bb515/volumes/0e037e1e-bf63-445c-9b95-b4464720ba9f returned with HTTP 404
2026-02-12 02:18:38.411 74 INFO cinder.api.openstack.wsgi [None req-a3cc6f2f-133e-4e89-bbaf-b46d12426e9e a6cfd310462349148b4cda15469d89cc 1dba282dc73d4ca290fe5c94f41bb515 - - default default] GET http://[LB_IP_ADDRESS]:8776/v3/1dba282dc73d4ca290fe5c94f41bb515/groups/f8583acd-6977-48a2-aed8-506b10daba5a
2026-02-12 02:18:38.416 74 INFO cinder.api.openstack.wsgi [None req-a3cc6f2f-133e-4e89-bbaf-b46d12426e9e a6cfd310462349148b4cda15469d89cc 1dba282dc73d4ca290fe5c94f41bb515 - - default default] http://[LB_IP_ADDRESS]:8776/v3/1dba282dc73d4ca290fe5c94f41bb515/groups/f8583acd-6977-48a2-aed8-506b10daba5a returned with HTTP 404
2026-02-12 02:18:38.429 75 INFO cinder.api.openstack.wsgi [None req-164d3f44-fbfe-481c-aa06-a24fdbd567ac 388b451f152a47328c16bd2377854477 3e4daaefe3f24ff6a86cb69b0e8d9672 - - default default] DELETE http://[LB_IP_ADDRESS]:8776/v3/3e4daaefe3f24ff6a86cb69b0e8d9672/group_types/039e7477-5e0a-4c25-b131-f46775cbe9d4
2026-02-12 02:18:38.443 75 INFO cinder.api.openstack.wsgi [None req-164d3f44-fbfe-481c-aa06-a24fdbd567ac 388b451f152a47328c16bd2377854477 3e4daaefe3f24ff6a86cb69b0e8d9672 - - default default] http://[LB_IP_ADDRESS]:8776/v3/3e4daaefe3f24ff6a86cb69b0e8d9672/group_types/039e7477-5e0a-4c25-b131-f46775cbe9d4 returned with HTTP 202
2026-02-12 02:18:38.455 73 INFO cinder.api.openstack.wsgi [None req-b68d7556-9e51-4656-a8dc-a952ed295902 388b451f152a47328c16bd2377854477 3e4daaefe3f24ff6a86cb69b0e8d9672 - - default default] DELETE http://[LB_IP_ADDRESS]:8776/v3/3e4daaefe3f24ff6a86cb69b0e8d9672/types/e5685c2a-26c2-4a7d-b0bc-555b6896db84
2026-02-12 02:18:38.520 73 INFO cinder.api.openstack.wsgi [None req-b68d7556-9e51-4656-a8dc-a952ed295902 388b451f152a47328c16bd2377854477 3e4daaefe3f24ff6a86cb69b0e8d9672 - - default default] http://[LB_IP_ADDRESS]:8776/v3/3e4daaefe3f24ff6a86cb69b0e8d9672/types/e5685c2a-26c2-4a7d-b0bc-555b6896db84 returned with HTTP 202
2026-02-12 02:18:38.533 72 INFO cinder.api.openstack.wsgi [None req-46111036-39f9-49ee-9ecd-e1e372ffa03f 388b451f152a47328c16bd2377854477 3e4daaefe3f24ff6a86cb69b0e8d9672 - - default default] GET http://[LB_IP_ADDRESS]:8776/v3/3e4daaefe3f24ff6a86cb69b0e8d9672/types/e5685c2a-26c2-4a7d-b0bc-555b6896db84
2026-02-12 02:18:38.541 72 INFO cinder.api.openstack.wsgi [None req-46111036-39f9-49ee-9ecd-e1e372ffa03f 388b451f152a47328c16bd2377854477 3e4daaefe3f24ff6a86cb69b0e8d9672 - - default default] http://[LB_IP_ADDRESS]:8776/v3/3e4daaefe3f24ff6a86cb69b0e8d9672/types/e5685c2a-26c2-4a7d-b0bc-555b6896db84 returned with HTTP 404
2026-02-12 02:18:38.561 76 INFO cinder.api.openstack.wsgi [None req-ee25155a-cfef-415e-9619-77ec50672151 388b451f152a47328c16bd2377854477 3e4daaefe3f24ff6a86cb69b0e8d9672 - - default default] POST http://[LB_IP_ADDRESS]:8776/v3/3e4daaefe3f24ff6a86cb69b0e8d9672/types
2026-02-12 02:18:38.631 76 INFO cinder.api.openstack.wsgi [None req-ee25155a-cfef-415e-9619-77ec50672151 388b451f152a47328c16bd2377854477 3e4daaefe3f24ff6a86cb69b0e8d9672 - - default default] http://[LB_IP_ADDRESS]:8776/v3/3e4daaefe3f24ff6a86cb69b0e8d9672/types returned with HTTP 200
2026-02-12 02:18:38.646 74 INFO cinder.api.openstack.wsgi [None req-b449e343-6f49-48e5-a457-1414edd4df28 388b451f152a47328c16bd2377854477 3e4daaefe3f24ff6a86cb69b0e8d9672 - - default default] POST http://[LB_IP_ADDRESS]:8776/v3/3e4daaefe3f24ff6a86cb69b0e8d9672/group_types
2026-02-12 02:18:38.680 74 INFO cinder.api.openstack.wsgi [None req-b449e343-6f49-48e5-a457-1414edd4df28 388b451f152a47328c16bd2377854477 3e4daaefe3f24ff6a86cb69b0e8d9672 - - default default] http://[LB_IP_ADDRESS]:8776/v3/3e4daaefe3f24ff6a86cb69b0e8d9672/group_types returned with HTTP 202
2026-02-12 02:18:38.694 75 INFO cinder.api.openstack.wsgi [None req-a389b79e-d1d1-464b-a696-f6a2c5f64e45 a6cfd310462349148b4cda15469d89cc 1dba282dc73d4ca290fe5c94f41bb515 - - default default] POST http://[LB_IP_ADDRESS]:8776/v3/1dba282dc73d4ca290fe5c94f41bb515/groups
2026-02-12 02:18:38.707 75 INFO cinder.api.v3.groups [None req-a389b79e-d1d1-464b-a696-f6a2c5f64e45 a6cfd310462349148b4cda15469d89cc 1dba282dc73d4ca290fe5c94f41bb515 - - default default] Creating group tempest-GroupSnapshotsTest-Group-2130939489.
2026-02-12 02:18:38.713 75 INFO cinder.volume.api [None req-a389b79e-d1d1-464b-a696-f6a2c5f64e45 a6cfd310462349148b4cda15469d89cc 1dba282dc73d4ca290fe5c94f41bb515 - - default default] Availability Zones retrieved successfully.
2026-02-12 02:18:38.831 75 INFO cinder.api.openstack.wsgi [None req-a389b79e-d1d1-464b-a696-f6a2c5f64e45 a6cfd310462349148b4cda15469d89cc 1dba282dc73d4ca290fe5c94f41bb515 - - default default] http://[LB_IP_ADDRESS]:8776/v3/1dba282dc73d4ca290fe5c94f41bb515/groups returned with HTTP 202
2026-02-12 02:18:38.847 73 INFO cinder.api.openstack.wsgi [None req-5f72dbf5-5100-469f-8b99-4ec20b244cd0 a6cfd310462349148b4cda15469d89cc 1dba282dc73d4ca290fe5c94f41bb515 - - default default] GET http://[LB_IP_ADDRESS]:8776/v3/1dba282dc73d4ca290fe5c94f41bb515/groups/ce77330d-0f00-47b0-8570-e9b71765c9f3
2026-02-12 02:18:38.867 73 INFO cinder.api.openstack.wsgi [None req-5f72dbf5-5100-469f-8b99-4ec20b244cd0 a6cfd310462349148b4cda15469d89cc 1dba282dc73d4ca290fe5c94f41bb515 - - default default] http://[LB_IP_ADDRESS]:8776/v3/1dba282dc73d4ca290fe5c94f41bb515/groups/ce77330d-0f00-47b0-8570-e9b71765c9f3 returned with HTTP 200
2026-02-12 02:18:39.339 76 INFO cinder.api.openstack.wsgi [None req-5d57cf9a-cc78-43e3-b330-77c7807d3085 490263d9ad7949d0b1e5ac40fcd78813 acb2d456a5df4e61b11bf0118bb4e24b - - default default] GET http://[LB_IP_ADDRESS]:8776/v3/acb2d456a5df4e61b11bf0118bb4e24b/volumes/c37938a5-8b6d-4cbc-939e-6d28be86338d
2026-02-12 02:18:39.351 76 INFO cinder.api.openstack.wsgi [None req-5d57cf9a-cc78-43e3-b330-77c7807d3085 490263d9ad7949d0b1e5ac40fcd78813 acb2d456a5df4e61b11bf0118bb4e24b - - default default] http://[LB_IP_ADDRESS]:8776/v3/acb2d456a5df4e61b11bf0118bb4e24b/volumes/c37938a5-8b6d-4cbc-939e-6d28be86338d returned with HTTP 404
2026-02-12 02:18:39.364 74 INFO cinder.api.openstack.wsgi [None req-6f471278-bbce-403e-8add-0fea0f91d1de 490263d9ad7949d0b1e5ac40fcd78813 acb2d456a5df4e61b11bf0118bb4e24b - - default default] GET http://[LB_IP_ADDRESS]:8776/v3/acb2d456a5df4e61b11bf0118bb4e24b/groups/d3ed3606-a2d3-4679-991e-baba547bc321
2026-02-12 02:18:39.370 74 INFO cinder.api.openstack.wsgi [None req-6f471278-bbce-403e-8add-0fea0f91d1de 490263d9ad7949d0b1e5ac40fcd78813 acb2d456a5df4e61b11bf0118bb4e24b - - default default] http://[LB_IP_ADDRESS]:8776/v3/acb2d456a5df4e61b11bf0118bb4e24b/groups/d3ed3606-a2d3-4679-991e-baba547bc321 returned with HTTP 404
2026-02-12 02:18:39.378 72 INFO cinder.api.openstack.wsgi [None req-544f55ca-f7d0-4180-9255-576dcb1bda88 58f72a2e11e545fe9afc746a9cea9fdd 0709fa669bb6468ab8b84ea27d62b493 - - default default] POST http://[LB_IP_ADDRESS]:8776/v3/0709fa669bb6468ab8b84ea27d62b493/qos-specs
2026-02-12 02:18:39.383 75 INFO cinder.api.openstack.wsgi [None req-be352428-6205-4f38-815c-b9a02380939c fd86e4e26ad44bc5af16f4ac8e1cf8f9 6367bac867ff4efc914e48b26eac6e8c - - default default] DELETE http://[LB_IP_ADDRESS]:8776/v3/6367bac867ff4efc914e48b26eac6e8c/group_types/3450ed41-8496-42b4-be0c-a271afd11fad
2026-02-12 02:18:39.398 75 INFO cinder.api.openstack.wsgi [None req-be352428-6205-4f38-815c-b9a02380939c fd86e4e26ad44bc5af16f4ac8e1cf8f9 6367bac867ff4efc914e48b26eac6e8c - - default default] http://[LB_IP_ADDRESS]:8776/v3/6367bac867ff4efc914e48b26eac6e8c/group_types/3450ed41-8496-42b4-be0c-a271afd11fad returned with HTTP 202
2026-02-12 02:18:39.407 73 INFO cinder.api.openstack.wsgi [None req-585d9fd3-1a92-4de7-8f6d-851e9f9103ac fd86e4e26ad44bc5af16f4ac8e1cf8f9 6367bac867ff4efc914e48b26eac6e8c - - default default] DELETE http://[LB_IP_ADDRESS]:8776/v3/6367bac867ff4efc914e48b26eac6e8c/types/47704318-b3a4-4abb-b5ad-20a2b0c4f051
2026-02-12 02:18:39.414 72 INFO cinder.api.openstack.wsgi [None req-544f55ca-f7d0-4180-9255-576dcb1bda88 58f72a2e11e545fe9afc746a9cea9fdd 0709fa669bb6468ab8b84ea27d62b493 - - default default] http://[LB_IP_ADDRESS]:8776/v3/0709fa669bb6468ab8b84ea27d62b493/qos-specs returned with HTTP 200
2026-02-12 02:18:39.428 76 INFO cinder.api.openstack.wsgi [None req-29d4f2b2-7ab2-465e-bef9-ed0c69be1eae 58f72a2e11e545fe9afc746a9cea9fdd 0709fa669bb6468ab8b84ea27d62b493 - - default default] POST http://[LB_IP_ADDRESS]:8776/v3/0709fa669bb6468ab8b84ea27d62b493/types
2026-02-12 02:18:39.442 73 INFO cinder.api.openstack.wsgi [None req-585d9fd3-1a92-4de7-8f6d-851e9f9103ac fd86e4e26ad44bc5af16f4ac8e1cf8f9 6367bac867ff4efc914e48b26eac6e8c - - default default] http://[LB_IP_ADDRESS]:8776/v3/6367bac867ff4efc914e48b26eac6e8c/types/47704318-b3a4-4abb-b5ad-20a2b0c4f051 returned with HTTP 202
2026-02-12 02:18:39.451 74 INFO cinder.api.openstack.wsgi [None req-6026636e-e2c8-4605-a1e5-6177bec5f42e fd86e4e26ad44bc5af16f4ac8e1cf8f9 6367bac867ff4efc914e48b26eac6e8c - - default default] GET http://[LB_IP_ADDRESS]:8776/v3/6367bac867ff4efc914e48b26eac6e8c/types/47704318-b3a4-4abb-b5ad-20a2b0c4f051
2026-02-12 02:18:39.455 74 INFO cinder.api.openstack.wsgi [None req-6026636e-e2c8-4605-a1e5-6177bec5f42e fd86e4e26ad44bc5af16f4ac8e1cf8f9 6367bac867ff4efc914e48b26eac6e8c - - default default] http://[LB_IP_ADDRESS]:8776/v3/6367bac867ff4efc914e48b26eac6e8c/types/47704318-b3a4-4abb-b5ad-20a2b0c4f051 returned with HTTP 404
2026-02-12 02:18:39.481 76 INFO cinder.api.openstack.wsgi [None req-29d4f2b2-7ab2-465e-bef9-ed0c69be1eae 58f72a2e11e545fe9afc746a9cea9fdd 0709fa669bb6468ab8b84ea27d62b493 - - default default] http://[LB_IP_ADDRESS]:8776/v3/0709fa669bb6468ab8b84ea27d62b493/types returned with HTTP 200
2026-02-12 02:18:39.495 75 INFO cinder.api.openstack.wsgi [None req-1f3e34c4-0b8e-4da9-bf15-f7fb9f734e22 58f72a2e11e545fe9afc746a9cea9fdd 0709fa669bb6468ab8b84ea27d62b493 - - default default] POST http://[LB_IP_ADDRESS]:8776/v3/0709fa669bb6468ab8b84ea27d62b493/types
2026-02-12 02:18:39.524 75 INFO cinder.api.openstack.wsgi [None req-1f3e34c4-0b8e-4da9-bf15-f7fb9f734e22 58f72a2e11e545fe9afc746a9cea9fdd 0709fa669bb6468ab8b84ea27d62b493 - - default default] http://[LB_IP_ADDRESS]:8776/v3/0709fa669bb6468ab8b84ea27d62b493/types returned with HTTP 200
2026-02-12 02:18:39.538 72 INFO cinder.api.openstack.wsgi [None req-c66326ad-cf18-40b4-b575-cca31ae4eed5 58f72a2e11e545fe9afc746a9cea9fdd 0709fa669bb6468ab8b84ea27d62b493 - - default default] POST http://[LB_IP_ADDRESS]:8776/v3/0709fa669bb6468ab8b84ea27d62b493/types
2026-02-12 02:18:39.576 72 INFO cinder.api.openstack.wsgi [None req-c66326ad-cf18-40b4-b575-cca31ae4eed5 58f72a2e11e545fe9afc746a9cea9fdd 0709fa669bb6468ab8b84ea27d62b493 - - default default] http://[LB_IP_ADDRESS]:8776/v3/0709fa669bb6468ab8b84ea27d62b493/types returned with HTTP 200
2026-02-12 02:18:39.589 73 INFO cinder.api.openstack.wsgi [None req-9d4666c1-0ed0-4cb8-97c8-d62421a44e64 58f72a2e11e545fe9afc746a9cea9fdd 0709fa669bb6468ab8b84ea27d62b493 - - default default] GET http://[LB_IP_ADDRESS]:8776/v3/0709fa669bb6468ab8b84ea27d62b493/qos-specs/1c50a990-5cdd-48bd-a3da-f0d5b5736b68/associate?vol_type_id=408f4e4f-65e5-488c-818c-7517b17fdcf8
2026-02-12 02:18:39.608 73 INFO cinder.api.openstack.wsgi [None req-9d4666c1-0ed0-4cb8-97c8-d62421a44e64 58f72a2e11e545fe9afc746a9cea9fdd 0709fa669bb6468ab8b84ea27d62b493 - - default default] http://[LB_IP_ADDRESS]:8776/v3/0709fa669bb6468ab8b84ea27d62b493/qos-specs/1c50a990-5cdd-48bd-a3da-f0d5b5736b68/associate?vol_type_id=408f4e4f-65e5-488c-818c-7517b17fdcf8 returned with HTTP 202
2026-02-12 02:18:39.621 74 INFO cinder.api.openstack.wsgi [None req-fc7ad73b-79ef-4535-811d-0c10c796377e 58f72a2e11e545fe9afc746a9cea9fdd 0709fa669bb6468ab8b84ea27d62b493 - - default default] GET http://[LB_IP_ADDRESS]:8776/v3/0709fa669bb6468ab8b84ea27d62b493/qos-specs/1c50a990-5cdd-48bd-a3da-f0d5b5736b68/associate?vol_type_id=6b7fe1f3-755f-41ac-94ec-939954faa8df
2026-02-12 02:18:39.642 74 INFO cinder.api.openstack.wsgi [None req-fc7ad73b-79ef-4535-811d-0c10c796377e 58f72a2e11e545fe9afc746a9cea9fdd 0709fa669bb6468ab8b84ea27d62b493 - - default default] http://[LB_IP_ADDRESS]:8776/v3/0709fa669bb6468ab8b84ea27d62b493/qos-specs/1c50a990-5cdd-48bd-a3da-f0d5b5736b68/associate?vol_type_id=6b7fe1f3-755f-41ac-94ec-939954faa8df returned with HTTP 202
2026-02-12 02:18:39.655 76 INFO cinder.api.openstack.wsgi [None req-97fbbb29-b27f-4040-a57a-37fa5b93f40d 58f72a2e11e545fe9afc746a9cea9fdd 0709fa669bb6468ab8b84ea27d62b493 - - default default] GET http://[LB_IP_ADDRESS]:8776/v3/0709fa669bb6468ab8b84ea27d62b493/qos-specs/1c50a990-5cdd-48bd-a3da-f0d5b5736b68/associate?vol_type_id=767b7001-d527-4dd9-89bf-e4eff1f9c8b9
2026-02-12 02:18:39.675 76 INFO cinder.api.openstack.wsgi [None req-97fbbb29-b27f-4040-a57a-37fa5b93f40d 58f72a2e11e545fe9afc746a9cea9fdd 0709fa669bb6468ab8b84ea27d62b493 - - default default] http://[LB_IP_ADDRESS]:8776/v3/0709fa669bb6468ab8b84ea27d62b493/qos-specs/1c50a990-5cdd-48bd-a3da-f0d5b5736b68/associate?vol_type_id=767b7001-d527-4dd9-89bf-e4eff1f9c8b9 returned with HTTP 202
2026-02-12 02:18:39.688 75 INFO cinder.api.openstack.wsgi [None req-6c0ebe3d-96e7-417a-9d17-2bf91e400631 58f72a2e11e545fe9afc746a9cea9fdd 0709fa669bb6468ab8b84ea27d62b493 - - default default] GET http://[LB_IP_ADDRESS]:8776/v3/0709fa669bb6468ab8b84ea27d62b493/qos-specs/1c50a990-5cdd-48bd-a3da-f0d5b5736b68/associations
2026-02-12 02:18:39.699 75 INFO cinder.api.openstack.wsgi [None req-6c0ebe3d-96e7-417a-9d17-2bf91e400631 58f72a2e11e545fe9afc746a9cea9fdd 0709fa669bb6468ab8b84ea27d62b493 - - default default] http://[LB_IP_ADDRESS]:8776/v3/0709fa669bb6468ab8b84ea27d62b493/qos-specs/1c50a990-5cdd-48bd-a3da-f0d5b5736b68/associations returned with HTTP 200
2026-02-12 02:18:39.713 72 INFO cinder.api.openstack.wsgi [None req-5b9a586c-9fa7-4a6d-8256-973608b4c43b 58f72a2e11e545fe9afc746a9cea9fdd 0709fa669bb6468ab8b84ea27d62b493 - - default default] GET http://[LB_IP_ADDRESS]:8776/v3/0709fa669bb6468ab8b84ea27d62b493/qos-specs/1c50a990-5cdd-48bd-a3da-f0d5b5736b68/disassociate?vol_type_id=408f4e4f-65e5-488c-818c-7517b17fdcf8
2026-02-12 02:18:39.730 72 INFO cinder.api.openstack.wsgi [None req-5b9a586c-9fa7-4a6d-8256-973608b4c43b 58f72a2e11e545fe9afc746a9cea9fdd 0709fa669bb6468ab8b84ea27d62b493 - - default default] http://[LB_IP_ADDRESS]:8776/v3/0709fa669bb6468ab8b84ea27d62b493/qos-specs/1c50a990-5cdd-48bd-a3da-f0d5b5736b68/disassociate?vol_type_id=408f4e4f-65e5-488c-818c-7517b17fdcf8 returned with HTTP 202
2026-02-12 02:18:39.742 73 INFO cinder.api.openstack.wsgi [None req-22774e82-fa25-4119-b5e2-76b9880464d3 58f72a2e11e545fe9afc746a9cea9fdd 0709fa669bb6468ab8b84ea27d62b493 - - default default] GET http://[LB_IP_ADDRESS]:8776/v3/0709fa669bb6468ab8b84ea27d62b493/qos-specs/1c50a990-5cdd-48bd-a3da-f0d5b5736b68/associations
2026-02-12 02:18:39.754 73 INFO cinder.api.openstack.wsgi [None req-22774e82-fa25-4119-b5e2-76b9880464d3 58f72a2e11e545fe9afc746a9cea9fdd 0709fa669bb6468ab8b84ea27d62b493 - - default default] http://[LB_IP_ADDRESS]:8776/v3/0709fa669bb6468ab8b84ea27d62b493/qos-specs/1c50a990-5cdd-48bd-a3da-f0d5b5736b68/associations returned with HTTP 200
2026-02-12 02:18:39.768 74 INFO cinder.api.openstack.wsgi [None req-8f4f59e4-ec14-43eb-8f3c-18c32bcf41ff 58f72a2e11e545fe9afc746a9cea9fdd 0709fa669bb6468ab8b84ea27d62b493 - - default default] GET http://[LB_IP_ADDRESS]:8776/v3/0709fa669bb6468ab8b84ea27d62b493/qos-specs/1c50a990-5cdd-48bd-a3da-f0d5b5736b68/disassociate_all
2026-02-12 02:18:39.782 74 INFO cinder.api.openstack.wsgi [None req-8f4f59e4-ec14-43eb-8f3c-18c32bcf41ff 58f72a2e11e545fe9afc746a9cea9fdd 0709fa669bb6468ab8b84ea27d62b493 - - default default] http://[LB_IP_ADDRESS]:8776/v3/0709fa669bb6468ab8b84ea27d62b493/qos-specs/1c50a990-5cdd-48bd-a3da-f0d5b5736b68/disassociate_all returned with HTTP 202
2026-02-12 02:18:39.793 76 INFO cinder.api.openstack.wsgi [None req-94b9b0cc-7249-417f-931e-e82e3d544d69 58f72a2e11e545fe9afc746a9cea9fdd 0709fa669bb6468ab8b84ea27d62b493 - - default default] GET http://[LB_IP_ADDRESS]:8776/v3/0709fa669bb6468ab8b84ea27d62b493/qos-specs/1c50a990-5cdd-48bd-a3da-f0d5b5736b68/associations
2026-02-12 02:18:39.801 76 INFO cinder.api.openstack.wsgi [None req-94b9b0cc-7249-417f-931e-e82e3d544d69 58f72a2e11e545fe9afc746a9cea9fdd 0709fa669bb6468ab8b84ea27d62b493 - - default default] http://[LB_IP_ADDRESS]:8776/v3/0709fa669bb6468ab8b84ea27d62b493/qos-specs/1c50a990-5cdd-48bd-a3da-f0d5b5736b68/associations returned with HTTP 200
2026-02-12 02:18:39.813 75 INFO cinder.api.openstack.wsgi [None req-5abc3812-bb1c-4db9-9ca9-2d5a64ea116e 58f72a2e11e545fe9afc746a9cea9fdd 0709fa669bb6468ab8b84ea27d62b493 - - default default] DELETE http://[LB_IP_ADDRESS]:8776/v3/0709fa669bb6468ab8b84ea27d62b493/types/767b7001-d527-4dd9-89bf-e4eff1f9c8b9
2026-02-12 02:18:39.850 75 INFO cinder.api.openstack.wsgi [None req-5abc3812-bb1c-4db9-9ca9-2d5a64ea116e 58f72a2e11e545fe9afc746a9cea9fdd 0709fa669bb6468ab8b84ea27d62b493 - - default default] http://[LB_IP_ADDRESS]:8776/v3/0709fa669bb6468ab8b84ea27d62b493/types/767b7001-d527-4dd9-89bf-e4eff1f9c8b9 returned with HTTP 202
2026-02-12 02:18:39.862 72 INFO cinder.api.openstack.wsgi [None req-9d96e10b-fc38-4739-a026-9140fb8e7ce0 58f72a2e11e545fe9afc746a9cea9fdd 0709fa669bb6468ab8b84ea27d62b493 - - default default] GET http://[LB_IP_ADDRESS]:8776/v3/0709fa669bb6468ab8b84ea27d62b493/types/767b7001-d527-4dd9-89bf-e4eff1f9c8b9
2026-02-12 02:18:39.867 72 INFO cinder.api.openstack.wsgi [None req-9d96e10b-fc38-4739-a026-9140fb8e7ce0 58f72a2e11e545fe9afc746a9cea9fdd 0709fa669bb6468ab8b84ea27d62b493 - - default default] http://[LB_IP_ADDRESS]:8776/v3/0709fa669bb6468ab8b84ea27d62b493/types/767b7001-d527-4dd9-89bf-e4eff1f9c8b9 returned with HTTP 404
2026-02-12 02:18:39.880 73 INFO cinder.api.openstack.wsgi [None req-cc096067-778f-4d15-b5ae-9e430f792c89 58f72a2e11e545fe9afc746a9cea9fdd 0709fa669bb6468ab8b84ea27d62b493 - - default default] DELETE http://[LB_IP_ADDRESS]:8776/v3/0709fa669bb6468ab8b84ea27d62b493/types/6b7fe1f3-755f-41ac-94ec-939954faa8df
2026-02-12 02:18:39.883 74 INFO cinder.api.openstack.wsgi [None req-d32522b0-0ede-4ed7-86de-0fb9d499cbb7 a6cfd310462349148b4cda15469d89cc 1dba282dc73d4ca290fe5c94f41bb515 - - default default] GET http://[LB_IP_ADDRESS]:8776/v3/1dba282dc73d4ca290fe5c94f41bb515/groups/ce77330d-0f00-47b0-8570-e9b71765c9f3
2026-02-12 02:18:39.910 74 INFO cinder.api.openstack.wsgi [None req-d32522b0-0ede-4ed7-86de-0fb9d499cbb7 a6cfd310462349148b4cda15469d89cc 1dba282dc73d4ca290fe5c94f41bb515 - - default default] http://[LB_IP_ADDRESS]:8776/v3/1dba282dc73d4ca290fe5c94f41bb515/groups/ce77330d-0f00-47b0-8570-e9b71765c9f3 returned with HTTP 200
2026-02-12 02:18:39.925 76 INFO cinder.api.openstack.wsgi [None req-58fb7c8e-b1a4-4988-b4b2-fa9b95f6f35e a6cfd310462349148b4cda15469d89cc 1dba282dc73d4ca290fe5c94f41bb515 - - default default] POST http://[LB_IP_ADDRESS]:8776/v3/1dba282dc73d4ca290fe5c94f41bb515/volumes
2026-02-12 02:18:39.937 73 INFO cinder.api.openstack.wsgi [None req-cc096067-778f-4d15-b5ae-9e430f792c89 58f72a2e11e545fe9afc746a9cea9fdd 0709fa669bb6468ab8b84ea27d62b493 - - default default] http://[LB_IP_ADDRESS]:8776/v3/0709fa669bb6468ab8b84ea27d62b493/types/6b7fe1f3-755f-41ac-94ec-939954faa8df returned with HTTP 202
2026-02-12 02:18:39.939 76 INFO cinder.api.v3.volumes [None req-58fb7c8e-b1a4-4988-b4b2-fa9b95f6f35e a6cfd310462349148b4cda15469d89cc 1dba282dc73d4ca290fe5c94f41bb515 - - default default] Create volume of 1 GB
2026-02-12 02:18:39.945 76 INFO cinder.volume.api [None req-58fb7c8e-b1a4-4988-b4b2-fa9b95f6f35e a6cfd310462349148b4cda15469d89cc 1dba282dc73d4ca290fe5c94f41bb515 - - default default] Availability Zones retrieved successfully.
2026-02-12 02:18:39.948 75 INFO cinder.api.openstack.wsgi [None req-6403bf80-ff22-4fab-b8ef-7dd98bbf1d08 58f72a2e11e545fe9afc746a9cea9fdd 0709fa669bb6468ab8b84ea27d62b493 - - default default] GET http://[LB_IP_ADDRESS]:8776/v3/0709fa669bb6468ab8b84ea27d62b493/types/6b7fe1f3-755f-41ac-94ec-939954faa8df
2026-02-12 02:18:39.954 75 INFO cinder.api.openstack.wsgi [None req-6403bf80-ff22-4fab-b8ef-7dd98bbf1d08 58f72a2e11e545fe9afc746a9cea9fdd 0709fa669bb6468ab8b84ea27d62b493 - - default default] http://[LB_IP_ADDRESS]:8776/v3/0709fa669bb6468ab8b84ea27d62b493/types/6b7fe1f3-755f-41ac-94ec-939954faa8df returned with HTTP 404
2026-02-12 02:18:39.963 72 INFO cinder.api.openstack.wsgi [None req-2f9b33e4-a73e-417a-8fb0-396c0b574a99 58f72a2e11e545fe9afc746a9cea9fdd 0709fa669bb6468ab8b84ea27d62b493 - - default default] DELETE http://[LB_IP_ADDRESS]:8776/v3/0709fa669bb6468ab8b84ea27d62b493/types/408f4e4f-65e5-488c-818c-7517b17fdcf8
2026-02-12 02:18:40.023 72 INFO cinder.api.openstack.wsgi [None req-2f9b33e4-a73e-417a-8fb0-396c0b574a99 58f72a2e11e545fe9afc746a9cea9fdd 0709fa669bb6468ab8b84ea27d62b493 - - default default] http://[LB_IP_ADDRESS]:8776/v3/0709fa669bb6468ab8b84ea27d62b493/types/408f4e4f-65e5-488c-818c-7517b17fdcf8 returned with HTTP 202
2026-02-12 02:18:40.034 74 INFO cinder.api.openstack.wsgi [None req-4cc5ec6d-e5ce-473f-8009-396eb4a1ea45 58f72a2e11e545fe9afc746a9cea9fdd 0709fa669bb6468ab8b84ea27d62b493 - - default default] GET http://[LB_IP_ADDRESS]:8776/v3/0709fa669bb6468ab8b84ea27d62b493/types/408f4e4f-65e5-488c-818c-7517b17fdcf8
2026-02-12 02:18:40.040 74 INFO cinder.api.openstack.wsgi [None req-4cc5ec6d-e5ce-473f-8009-396eb4a1ea45 58f72a2e11e545fe9afc746a9cea9fdd 0709fa669bb6468ab8b84ea27d62b493 - - default default] http://[LB_IP_ADDRESS]:8776/v3/0709fa669bb6468ab8b84ea27d62b493/types/408f4e4f-65e5-488c-818c-7517b17fdcf8 returned with HTTP 404
2026-02-12 02:18:40.054 73 INFO cinder.api.openstack.wsgi [None req-4087fb53-dca8-43ef-8826-b391e9255536 58f72a2e11e545fe9afc746a9cea9fdd 0709fa669bb6468ab8b84ea27d62b493 - - default default] POST http://[LB_IP_ADDRESS]:8776/v3/0709fa669bb6468ab8b84ea27d62b493/qos-specs
2026-02-12 02:18:40.078 73 INFO cinder.api.openstack.wsgi [None req-4087fb53-dca8-43ef-8826-b391e9255536 58f72a2e11e545fe9afc746a9cea9fdd 0709fa669bb6468ab8b84ea27d62b493 - - default default] http://[LB_IP_ADDRESS]:8776/v3/0709fa669bb6468ab8b84ea27d62b493/qos-specs returned with HTTP 200
2026-02-12 02:18:40.093 75 INFO cinder.api.openstack.wsgi [None req-81194af1-548c-484f-9538-dfcf45744a81 58f72a2e11e545fe9afc746a9cea9fdd 0709fa669bb6468ab8b84ea27d62b493 - - default default] DELETE http://[LB_IP_ADDRESS]:8776/v3/0709fa669bb6468ab8b84ea27d62b493/qos-specs/7958f5b9-ac67-4ab0-9640-902653a6b9a1?force=False
2026-02-12 02:18:40.110 75 INFO cinder.api.openstack.wsgi [None req-81194af1-548c-484f-9538-dfcf45744a81 58f72a2e11e545fe9afc746a9cea9fdd 0709fa669bb6468ab8b84ea27d62b493 - - default default] http://[LB_IP_ADDRESS]:8776/v3/0709fa669bb6468ab8b84ea27d62b493/qos-specs/7958f5b9-ac67-4ab0-9640-902653a6b9a1?force=False returned with HTTP 202
2026-02-12 02:18:40.124 72 INFO cinder.api.openstack.wsgi [None req-5f4e172f-40a3-4094-97b1-af14d9997468 58f72a2e11e545fe9afc746a9cea9fdd 0709fa669bb6468ab8b84ea27d62b493 - - default default] GET http://[LB_IP_ADDRESS]:8776/v3/0709fa669bb6468ab8b84ea27d62b493/qos-specs/7958f5b9-ac67-4ab0-9640-902653a6b9a1
2026-02-12 02:18:40.131 72 INFO cinder.api.openstack.wsgi [None req-5f4e172f-40a3-4094-97b1-af14d9997468 58f72a2e11e545fe9afc746a9cea9fdd 0709fa669bb6468ab8b84ea27d62b493 - - default default] http://[LB_IP_ADDRESS]:8776/v3/0709fa669bb6468ab8b84ea27d62b493/qos-specs/7958f5b9-ac67-4ab0-9640-902653a6b9a1 returned with HTTP 404
2026-02-12 02:18:40.144 74 INFO cinder.api.openstack.wsgi [None req-6619ae2a-69c6-4123-8e83-34fb2ebe1595 58f72a2e11e545fe9afc746a9cea9fdd 0709fa669bb6468ab8b84ea27d62b493 - - default default] GET http://[LB_IP_ADDRESS]:8776/v3/0709fa669bb6468ab8b84ea27d62b493/qos-specs
2026-02-12 02:18:40.168 74 INFO cinder.api.openstack.wsgi [None req-6619ae2a-69c6-4123-8e83-34fb2ebe1595 58f72a2e11e545fe9afc746a9cea9fdd 0709fa669bb6468ab8b84ea27d62b493 - - default default] http://[LB_IP_ADDRESS]:8776/v3/0709fa669bb6468ab8b84ea27d62b493/qos-specs returned with HTTP 200
2026-02-12 02:18:40.183 73 INFO cinder.api.openstack.wsgi [None req-55e1c22f-a55f-4dff-af1a-3310892955aa 58f72a2e11e545fe9afc746a9cea9fdd 0709fa669bb6468ab8b84ea27d62b493 - - default default] DELETE http://[LB_IP_ADDRESS]:8776/v3/0709fa669bb6468ab8b84ea27d62b493/qos-specs/7958f5b9-ac67-4ab0-9640-902653a6b9a1?force=False
2026-02-12 02:18:40.189 73 INFO cinder.api.openstack.wsgi [None req-55e1c22f-a55f-4dff-af1a-3310892955aa 58f72a2e11e545fe9afc746a9cea9fdd 0709fa669bb6468ab8b84ea27d62b493 - - default default] http://[LB_IP_ADDRESS]:8776/v3/0709fa669bb6468ab8b84ea27d62b493/qos-specs/7958f5b9-ac67-4ab0-9640-902653a6b9a1?force=False returned with HTTP 404
2026-02-12 02:18:40.202 75 INFO cinder.api.openstack.wsgi [None req-eb997936-8b92-432e-95ff-c68f1e0df9ac 58f72a2e11e545fe9afc746a9cea9fdd 0709fa669bb6468ab8b84ea27d62b493 - - default default] GET http://[LB_IP_ADDRESS]:8776/v3/0709fa669bb6468ab8b84ea27d62b493/qos-specs/7958f5b9-ac67-4ab0-9640-902653a6b9a1
2026-02-12 02:18:40.207 75 INFO cinder.api.openstack.wsgi [None req-eb997936-8b92-432e-95ff-c68f1e0df9ac 58f72a2e11e545fe9afc746a9cea9fdd 0709fa669bb6468ab8b84ea27d62b493 - - default default] http://[LB_IP_ADDRESS]:8776/v3/0709fa669bb6468ab8b84ea27d62b493/qos-specs/7958f5b9-ac67-4ab0-9640-902653a6b9a1 returned with HTTP 404
2026-02-12 02:18:40.221 72 INFO cinder.api.openstack.wsgi [None req-786200b9-6cc3-48a4-afc3-49bea16fb4cd 58f72a2e11e545fe9afc746a9cea9fdd 0709fa669bb6468ab8b84ea27d62b493 - - default default] POST http://[LB_IP_ADDRESS]:8776/v3/0709fa669bb6468ab8b84ea27d62b493/qos-specs
2026-02-12 02:18:40.243 72 INFO cinder.api.openstack.wsgi [None req-786200b9-6cc3-48a4-afc3-49bea16fb4cd 58f72a2e11e545fe9afc746a9cea9fdd 0709fa669bb6468ab8b84ea27d62b493 - - default default] http://[LB_IP_ADDRESS]:8776/v3/0709fa669bb6468ab8b84ea27d62b493/qos-specs returned with HTTP 200
2026-02-12 02:18:40.258 74 INFO cinder.api.openstack.wsgi [None req-2b52645e-4016-432c-8968-2919e3dc54ca 58f72a2e11e545fe9afc746a9cea9fdd 0709fa669bb6468ab8b84ea27d62b493 - - default default] DELETE http://[LB_IP_ADDRESS]:8776/v3/0709fa669bb6468ab8b84ea27d62b493/qos-specs/88cd7c1a-cdb0-466d-8d42-54f3f7628ab0?force=False
2026-02-12 02:18:40.277 74 INFO cinder.api.openstack.wsgi [None req-2b52645e-4016-432c-8968-2919e3dc54ca 58f72a2e11e545fe9afc746a9cea9fdd 0709fa669bb6468ab8b84ea27d62b493 - - default default] http://[LB_IP_ADDRESS]:8776/v3/0709fa669bb6468ab8b84ea27d62b493/qos-specs/88cd7c1a-cdb0-466d-8d42-54f3f7628ab0?force=False returned with HTTP 202
2026-02-12 02:18:40.290 73 INFO cinder.api.openstack.wsgi [None req-fc08e039-5cdc-4bb3-9639-603bb028604a 58f72a2e11e545fe9afc746a9cea9fdd 0709fa669bb6468ab8b84ea27d62b493 - - default default] GET http://[LB_IP_ADDRESS]:8776/v3/0709fa669bb6468ab8b84ea27d62b493/qos-specs/88cd7c1a-cdb0-466d-8d42-54f3f7628ab0
2026-02-12 02:18:40.297 73 INFO cinder.api.openstack.wsgi [None req-fc08e039-5cdc-4bb3-9639-603bb028604a 58f72a2e11e545fe9afc746a9cea9fdd 0709fa669bb6468ab8b84ea27d62b493 - - default default] http://[LB_IP_ADDRESS]:8776/v3/0709fa669bb6468ab8b84ea27d62b493/qos-specs/88cd7c1a-cdb0-466d-8d42-54f3f7628ab0 returned with HTTP 404
2026-02-12 02:18:40.309 75 INFO cinder.api.openstack.wsgi [None req-1db4835f-77b5-4e2b-ba60-73c4a5fe156a 58f72a2e11e545fe9afc746a9cea9fdd 0709fa669bb6468ab8b84ea27d62b493 - - default default] GET http://[LB_IP_ADDRESS]:8776/v3/0709fa669bb6468ab8b84ea27d62b493/qos-specs
2026-02-12 02:18:40.328 75 INFO cinder.api.openstack.wsgi [None req-1db4835f-77b5-4e2b-ba60-73c4a5fe156a 58f72a2e11e545fe9afc746a9cea9fdd 0709fa669bb6468ab8b84ea27d62b493 - - default default] http://[LB_IP_ADDRESS]:8776/v3/0709fa669bb6468ab8b84ea27d62b493/qos-specs returned with HTTP 200
2026-02-12 02:18:40.342 72 INFO cinder.api.openstack.wsgi [None req-828e442d-5e94-47bb-8978-aad61291e6da 58f72a2e11e545fe9afc746a9cea9fdd 0709fa669bb6468ab8b84ea27d62b493 - - default default] DELETE http://[LB_IP_ADDRESS]:8776/v3/0709fa669bb6468ab8b84ea27d62b493/qos-specs/88cd7c1a-cdb0-466d-8d42-54f3f7628ab0?force=False
2026-02-12 02:18:40.349 72 INFO cinder.api.openstack.wsgi [None req-828e442d-5e94-47bb-8978-aad61291e6da 58f72a2e11e545fe9afc746a9cea9fdd 0709fa669bb6468ab8b84ea27d62b493 - - default default] http://[LB_IP_ADDRESS]:8776/v3/0709fa669bb6468ab8b84ea27d62b493/qos-specs/88cd7c1a-cdb0-466d-8d42-54f3f7628ab0?force=False returned with HTTP 404
2026-02-12 02:18:40.362 74 INFO cinder.api.openstack.wsgi [None req-b72bf091-334e-45e6-b732-957b03a1444b 58f72a2e11e545fe9afc746a9cea9fdd 0709fa669bb6468ab8b84ea27d62b493 - - default default] GET http://[LB_IP_ADDRESS]:8776/v3/0709fa669bb6468ab8b84ea27d62b493/qos-specs/88cd7c1a-cdb0-466d-8d42-54f3f7628ab0
2026-02-12 02:18:40.368 74 INFO cinder.api.openstack.wsgi [None req-b72bf091-334e-45e6-b732-957b03a1444b 58f72a2e11e545fe9afc746a9cea9fdd 0709fa669bb6468ab8b84ea27d62b493 - - default default] http://[LB_IP_ADDRESS]:8776/v3/0709fa669bb6468ab8b84ea27d62b493/qos-specs/88cd7c1a-cdb0-466d-8d42-54f3f7628ab0 returned with HTTP 404
2026-02-12 02:18:40.383 73 INFO cinder.api.openstack.wsgi [None req-84dd7f48-7d59-4b55-a8c8-ad88083b6e28 58f72a2e11e545fe9afc746a9cea9fdd 0709fa669bb6468ab8b84ea27d62b493 - - default default] POST http://[LB_IP_ADDRESS]:8776/v3/0709fa669bb6468ab8b84ea27d62b493/qos-specs
2026-02-12 02:18:40.404 73 INFO cinder.api.openstack.wsgi [None req-84dd7f48-7d59-4b55-a8c8-ad88083b6e28 58f72a2e11e545fe9afc746a9cea9fdd 0709fa669bb6468ab8b84ea27d62b493 - - default default] http://[LB_IP_ADDRESS]:8776/v3/0709fa669bb6468ab8b84ea27d62b493/qos-specs returned with HTTP 200
2026-02-12 02:18:40.418 75 INFO cinder.api.openstack.wsgi [None req-f5fe1663-bbad-44b9-ad7e-7f9502a471f7 58f72a2e11e545fe9afc746a9cea9fdd 0709fa669bb6468ab8b84ea27d62b493 - - default default] DELETE http://[LB_IP_ADDRESS]:8776/v3/0709fa669bb6468ab8b84ea27d62b493/qos-specs/c79fc446-5fd9-48e2-8aaa-3f1c226db9c3?force=False
2026-02-12 02:18:40.421 76 WARNING cinder.quota [None req-58fb7c8e-b1a4-4988-b4b2-fa9b95f6f35e a6cfd310462349148b4cda15469d89cc 1dba282dc73d4ca290fe5c94f41bb515 - - default default] Deprecated: Default quota for resource: volumes_tempest-GroupSnapshotsTest-volume-type-1349607603 is set by the default quota flag: quota_volumes_tempest-GroupSnapshotsTest-volume-type-1349607603, it is now deprecated. Please use the default quota class for default quota.
2026-02-12 02:18:40.421 76 WARNING cinder.quota [None req-58fb7c8e-b1a4-4988-b4b2-fa9b95f6f35e a6cfd310462349148b4cda15469d89cc 1dba282dc73d4ca290fe5c94f41bb515 - - default default] Deprecated: Default quota for resource: gigabytes_tempest-GroupSnapshotsTest-volume-type-1349607603 is set by the default quota flag: quota_gigabytes_tempest-GroupSnapshotsTest-volume-type-1349607603, it is now deprecated. Please use the default quota class for default quota.
2026-02-12 02:18:40.438 75 INFO cinder.api.openstack.wsgi [None req-f5fe1663-bbad-44b9-ad7e-7f9502a471f7 58f72a2e11e545fe9afc746a9cea9fdd 0709fa669bb6468ab8b84ea27d62b493 - - default default] http://[LB_IP_ADDRESS]:8776/v3/0709fa669bb6468ab8b84ea27d62b493/qos-specs/c79fc446-5fd9-48e2-8aaa-3f1c226db9c3?force=False returned with HTTP 202
2026-02-12 02:18:40.451 72 INFO cinder.api.openstack.wsgi [None req-d7a4fef7-a4ec-4da9-9b6a-0f2830dd0407 58f72a2e11e545fe9afc746a9cea9fdd 0709fa669bb6468ab8b84ea27d62b493 - - default default] GET http://[LB_IP_ADDRESS]:8776/v3/0709fa669bb6468ab8b84ea27d62b493/qos-specs/c79fc446-5fd9-48e2-8aaa-3f1c226db9c3
2026-02-12 02:18:40.458 72 INFO cinder.api.openstack.wsgi [None req-d7a4fef7-a4ec-4da9-9b6a-0f2830dd0407 58f72a2e11e545fe9afc746a9cea9fdd 0709fa669bb6468ab8b84ea27d62b493 - - default default] http://[LB_IP_ADDRESS]:8776/v3/0709fa669bb6468ab8b84ea27d62b493/qos-specs/c79fc446-5fd9-48e2-8aaa-3f1c226db9c3 returned with HTTP 404
2026-02-12 02:18:40.471 74 INFO cinder.api.openstack.wsgi [None req-e8b1ef46-6d4f-4715-a526-118569e15b74 58f72a2e11e545fe9afc746a9cea9fdd 0709fa669bb6468ab8b84ea27d62b493 - - default default] GET http://[LB_IP_ADDRESS]:8776/v3/0709fa669bb6468ab8b84ea27d62b493/qos-specs
2026-02-12 02:18:40.494 74 INFO cinder.api.openstack.wsgi [None req-e8b1ef46-6d4f-4715-a526-118569e15b74 58f72a2e11e545fe9afc746a9cea9fdd 0709fa669bb6468ab8b84ea27d62b493 - - default default] http://[LB_IP_ADDRESS]:8776/v3/0709fa669bb6468ab8b84ea27d62b493/qos-specs returned with HTTP 200
2026-02-12 02:18:40.505 76 INFO cinder.volume.api [None req-58fb7c8e-b1a4-4988-b4b2-fa9b95f6f35e a6cfd310462349148b4cda15469d89cc 1dba282dc73d4ca290fe5c94f41bb515 - - default default] Create volume request issued successfully.
2026-02-12 02:18:40.509 73 INFO cinder.api.openstack.wsgi [None req-cf8356d3-3992-4e1f-bd39-32a5d970f8b8 58f72a2e11e545fe9afc746a9cea9fdd 0709fa669bb6468ab8b84ea27d62b493 - - default default] DELETE http://[LB_IP_ADDRESS]:8776/v3/0709fa669bb6468ab8b84ea27d62b493/qos-specs/c79fc446-5fd9-48e2-8aaa-3f1c226db9c3?force=False
2026-02-12 02:18:40.516 73 INFO cinder.api.openstack.wsgi [None req-cf8356d3-3992-4e1f-bd39-32a5d970f8b8 58f72a2e11e545fe9afc746a9cea9fdd 0709fa669bb6468ab8b84ea27d62b493 - - default default] http://[LB_IP_ADDRESS]:8776/v3/0709fa669bb6468ab8b84ea27d62b493/qos-specs/c79fc446-5fd9-48e2-8aaa-3f1c226db9c3?force=False returned with HTTP 404
2026-02-12 02:18:40.525 76 INFO cinder.api.openstack.wsgi [None req-58fb7c8e-b1a4-4988-b4b2-fa9b95f6f35e a6cfd310462349148b4cda15469d89cc 1dba282dc73d4ca290fe5c94f41bb515 - - default default] http://[LB_IP_ADDRESS]:8776/v3/1dba282dc73d4ca290fe5c94f41bb515/volumes returned with HTTP 202
2026-02-12 02:18:40.529 75 INFO cinder.api.openstack.wsgi [None req-9ec449ef-ba46-415c-af16-80ecaa38ba8a 58f72a2e11e545fe9afc746a9cea9fdd 0709fa669bb6468ab8b84ea27d62b493 - - default default] GET http://[LB_IP_ADDRESS]:8776/v3/0709fa669bb6468ab8b84ea27d62b493/qos-specs/c79fc446-5fd9-48e2-8aaa-3f1c226db9c3
2026-02-12 02:18:40.536 75 INFO cinder.api.openstack.wsgi [None req-9ec449ef-ba46-415c-af16-80ecaa38ba8a 58f72a2e11e545fe9afc746a9cea9fdd 0709fa669bb6468ab8b84ea27d62b493 - - default default] http://[LB_IP_ADDRESS]:8776/v3/0709fa669bb6468ab8b84ea27d62b493/qos-specs/c79fc446-5fd9-48e2-8aaa-3f1c226db9c3 returned with HTTP 404
2026-02-12 02:18:40.546 72 INFO cinder.api.openstack.wsgi [None req-42de3240-7ec5-4a53-a6ee-70c7ec2e40e1 a6cfd310462349148b4cda15469d89cc 1dba282dc73d4ca290fe5c94f41bb515 - - default default] GET http://[LB_IP_ADDRESS]:8776/v3/1dba282dc73d4ca290fe5c94f41bb515/volumes/33fe0416-ec92-481c-ad89-102f8c4005ca
2026-02-12 02:18:40.551 74 INFO cinder.api.openstack.wsgi [None req-f9a2c00e-053a-4f8d-888c-6be5493d21bd 58f72a2e11e545fe9afc746a9cea9fdd 0709fa669bb6468ab8b84ea27d62b493 - - default default] GET http://[LB_IP_ADDRESS]:8776/v3/0709fa669bb6468ab8b84ea27d62b493/qos-specs/1c50a990-5cdd-48bd-a3da-f0d5b5736b68
2026-02-12 02:18:40.558 74 INFO cinder.api.openstack.wsgi [None req-f9a2c00e-053a-4f8d-888c-6be5493d21bd 58f72a2e11e545fe9afc746a9cea9fdd 0709fa669bb6468ab8b84ea27d62b493 - - default default] http://[LB_IP_ADDRESS]:8776/v3/0709fa669bb6468ab8b84ea27d62b493/qos-specs/1c50a990-5cdd-48bd-a3da-f0d5b5736b68 returned with HTTP 200
2026-02-12 02:18:40.562 72 INFO cinder.volume.api [None req-42de3240-7ec5-4a53-a6ee-70c7ec2e40e1 a6cfd310462349148b4cda15469d89cc 1dba282dc73d4ca290fe5c94f41bb515 - - default default] Volume info retrieved successfully.
2026-02-12 02:18:40.576 73 INFO cinder.api.openstack.wsgi [None req-fbabb950-7d2b-4fdf-832d-85d35d95362a 58f72a2e11e545fe9afc746a9cea9fdd 0709fa669bb6468ab8b84ea27d62b493 - - default default] GET http://[LB_IP_ADDRESS]:8776/v3/0709fa669bb6468ab8b84ea27d62b493/qos-specs
2026-02-12 02:18:40.586 72 INFO cinder.api.openstack.wsgi [None req-42de3240-7ec5-4a53-a6ee-70c7ec2e40e1 a6cfd310462349148b4cda15469d89cc 1dba282dc73d4ca290fe5c94f41bb515 - - default default] http://[LB_IP_ADDRESS]:8776/v3/1dba282dc73d4ca290fe5c94f41bb515/volumes/33fe0416-ec92-481c-ad89-102f8c4005ca returned with HTTP 200
2026-02-12 02:18:40.600 73 INFO cinder.api.openstack.wsgi [None req-fbabb950-7d2b-4fdf-832d-85d35d95362a 58f72a2e11e545fe9afc746a9cea9fdd 0709fa669bb6468ab8b84ea27d62b493 - - default default] http://[LB_IP_ADDRESS]:8776/v3/0709fa669bb6468ab8b84ea27d62b493/qos-specs returned with HTTP 200
2026-02-12 02:18:40.612 76 INFO cinder.api.openstack.wsgi [None req-93377319-0998-424d-aaf0-8a22aa4c7e00 58f72a2e11e545fe9afc746a9cea9fdd 0709fa669bb6468ab8b84ea27d62b493 - - default default] PUT http://[LB_IP_ADDRESS]:8776/v3/0709fa669bb6468ab8b84ea27d62b493/qos-specs/1c50a990-5cdd-48bd-a3da-f0d5b5736b68
2026-02-12 02:18:40.630 76 INFO cinder.api.openstack.wsgi [None req-93377319-0998-424d-aaf0-8a22aa4c7e00 58f72a2e11e545fe9afc746a9cea9fdd 0709fa669bb6468ab8b84ea27d62b493 - - default default] http://[LB_IP_ADDRESS]:8776/v3/0709fa669bb6468ab8b84ea27d62b493/qos-specs/1c50a990-5cdd-48bd-a3da-f0d5b5736b68 returned with HTTP 200
2026-02-12 02:18:40.645 75 INFO cinder.api.openstack.wsgi [None req-1568c9a4-524b-4ac4-b5fa-c2557ca4824a 58f72a2e11e545fe9afc746a9cea9fdd 0709fa669bb6468ab8b84ea27d62b493 - - default default] GET http://[LB_IP_ADDRESS]:8776/v3/0709fa669bb6468ab8b84ea27d62b493/qos-specs/1c50a990-5cdd-48bd-a3da-f0d5b5736b68
2026-02-12 02:18:40.651 75 INFO cinder.api.openstack.wsgi [None req-1568c9a4-524b-4ac4-b5fa-c2557ca4824a 58f72a2e11e545fe9afc746a9cea9fdd 0709fa669bb6468ab8b84ea27d62b493 - - default default] http://[LB_IP_ADDRESS]:8776/v3/0709fa669bb6468ab8b84ea27d62b493/qos-specs/1c50a990-5cdd-48bd-a3da-f0d5b5736b68 returned with HTTP 200
2026-02-12 02:18:40.666 74 INFO cinder.api.openstack.wsgi [None req-0a11c768-f218-43aa-9837-513a2d0ac094 58f72a2e11e545fe9afc746a9cea9fdd 0709fa669bb6468ab8b84ea27d62b493 - - default default] PUT http://[LB_IP_ADDRESS]:8776/v3/0709fa669bb6468ab8b84ea27d62b493/qos-specs/1c50a990-5cdd-48bd-a3da-f0d5b5736b68/delete_keys
2026-02-12 02:18:40.683 74 INFO cinder.api.openstack.wsgi [None req-0a11c768-f218-43aa-9837-513a2d0ac094 58f72a2e11e545fe9afc746a9cea9fdd 0709fa669bb6468ab8b84ea27d62b493 - - default default] http://[LB_IP_ADDRESS]:8776/v3/0709fa669bb6468ab8b84ea27d62b493/qos-specs/1c50a990-5cdd-48bd-a3da-f0d5b5736b68/delete_keys returned with HTTP 202
2026-02-12 02:18:40.697 72 INFO cinder.api.openstack.wsgi [None req-a7a0d520-9d97-448e-82b6-da86384075fd 58f72a2e11e545fe9afc746a9cea9fdd 0709fa669bb6468ab8b84ea27d62b493 - - default default] GET http://[LB_IP_ADDRESS]:8776/v3/0709fa669bb6468ab8b84ea27d62b493/qos-specs/1c50a990-5cdd-48bd-a3da-f0d5b5736b68
2026-02-12 02:18:40.702 72 INFO cinder.api.openstack.wsgi [None req-a7a0d520-9d97-448e-82b6-da86384075fd 58f72a2e11e545fe9afc746a9cea9fdd 0709fa669bb6468ab8b84ea27d62b493 - - default default] http://[LB_IP_ADDRESS]:8776/v3/0709fa669bb6468ab8b84ea27d62b493/qos-specs/1c50a990-5cdd-48bd-a3da-f0d5b5736b68 returned with HTTP 200
2026-02-12 02:18:40.717 73 INFO cinder.api.openstack.wsgi [None req-e8644992-a85a-417e-be2f-87b28eeb85ea 58f72a2e11e545fe9afc746a9cea9fdd 0709fa669bb6468ab8b84ea27d62b493 - - default default] GET http://[LB_IP_ADDRESS]:8776/v3/0709fa669bb6468ab8b84ea27d62b493/qos-specs/1c50a990-5cdd-48bd-a3da-f0d5b5736b68
2026-02-12 02:18:40.724 73 INFO cinder.api.openstack.wsgi [None req-e8644992-a85a-417e-be2f-87b28eeb85ea 58f72a2e11e545fe9afc746a9cea9fdd 0709fa669bb6468ab8b84ea27d62b493 - - default default] http://[LB_IP_ADDRESS]:8776/v3/0709fa669bb6468ab8b84ea27d62b493/qos-specs/1c50a990-5cdd-48bd-a3da-f0d5b5736b68 returned with HTTP 200
2026-02-12 02:18:40.739 76 INFO cinder.api.openstack.wsgi [None req-45564176-e2ee-4d33-b214-00c03c2c4c36 58f72a2e11e545fe9afc746a9cea9fdd 0709fa669bb6468ab8b84ea27d62b493 - - default default] DELETE http://[LB_IP_ADDRESS]:8776/v3/0709fa669bb6468ab8b84ea27d62b493/qos-specs/1c50a990-5cdd-48bd-a3da-f0d5b5736b68?force=False
2026-02-12 02:18:40.760 76 INFO cinder.api.openstack.wsgi [None req-45564176-e2ee-4d33-b214-00c03c2c4c36 58f72a2e11e545fe9afc746a9cea9fdd 0709fa669bb6468ab8b84ea27d62b493 - - default default] http://[LB_IP_ADDRESS]:8776/v3/0709fa669bb6468ab8b84ea27d62b493/qos-specs/1c50a990-5cdd-48bd-a3da-f0d5b5736b68?force=False returned with HTTP 202
2026-02-12 02:18:40.774 75 INFO cinder.api.openstack.wsgi [None req-10993fba-9562-44a2-9b07-88fd4cae33f3 58f72a2e11e545fe9afc746a9cea9fdd 0709fa669bb6468ab8b84ea27d62b493 - - default default] GET http://[LB_IP_ADDRESS]:8776/v3/0709fa669bb6468ab8b84ea27d62b493/qos-specs/1c50a990-5cdd-48bd-a3da-f0d5b5736b68
2026-02-12 02:18:40.780 75 INFO cinder.api.openstack.wsgi [None req-10993fba-9562-44a2-9b07-88fd4cae33f3 58f72a2e11e545fe9afc746a9cea9fdd 0709fa669bb6468ab8b84ea27d62b493 - - default default] http://[LB_IP_ADDRESS]:8776/v3/0709fa669bb6468ab8b84ea27d62b493/qos-specs/1c50a990-5cdd-48bd-a3da-f0d5b5736b68 returned with HTTP 404
2026-02-12 02:18:41.444 74 INFO cinder.api.openstack.wsgi [None req-0bbf1caa-3b14-40be-907a-191dafdfd7e9 - - - - - -] GET http://[LB_IP_ADDRESS]:8776/
2026-02-12 02:18:41.446 74 INFO cinder.api.openstack.wsgi [None req-0bbf1caa-3b14-40be-907a-191dafdfd7e9 - - - - - -] http://[LB_IP_ADDRESS]:8776/ returned with HTTP 300
2026-02-12 02:18:41.608 72 INFO cinder.api.openstack.wsgi [None req-b2e46f62-e918-4c82-8487-7f18b4cd3efc a6cfd310462349148b4cda15469d89cc 1dba282dc73d4ca290fe5c94f41bb515 - - default default] GET http://[LB_IP_ADDRESS]:8776/v3/1dba282dc73d4ca290fe5c94f41bb515/volumes/33fe0416-ec92-481c-ad89-102f8c4005ca
2026-02-12 02:18:41.627 72 INFO cinder.volume.api [None req-b2e46f62-e918-4c82-8487-7f18b4cd3efc a6cfd310462349148b4cda15469d89cc 1dba282dc73d4ca290fe5c94f41bb515 - - default default] Volume info retrieved successfully.
2026-02-12 02:18:41.651 72 INFO cinder.api.openstack.wsgi [None req-b2e46f62-e918-4c82-8487-7f18b4cd3efc a6cfd310462349148b4cda15469d89cc 1dba282dc73d4ca290fe5c94f41bb515 - - default default] http://[LB_IP_ADDRESS]:8776/v3/1dba282dc73d4ca290fe5c94f41bb515/volumes/33fe0416-ec92-481c-ad89-102f8c4005ca returned with HTTP 200
2026-02-12 02:18:41.672 73 INFO cinder.api.openstack.wsgi [None req-40c60f85-a34c-4857-8247-b269de667ff1 a6cfd310462349148b4cda15469d89cc 1dba282dc73d4ca290fe5c94f41bb515 - - default default] POST http://[LB_IP_ADDRESS]:8776/v3/1dba282dc73d4ca290fe5c94f41bb515/group_snapshots
2026-02-12 02:18:41.695 73 INFO cinder.api.v3.group_snapshots [None req-40c60f85-a34c-4857-8247-b269de667ff1 a6cfd310462349148b4cda15469d89cc 1dba282dc73d4ca290fe5c94f41bb515 - - default default] Creating group_snapshot tempest-group_snapshot-1451996221.
2026-02-12 02:18:42.062 73 WARNING cinder.quota [None req-40c60f85-a34c-4857-8247-b269de667ff1 a6cfd310462349148b4cda15469d89cc 1dba282dc73d4ca290fe5c94f41bb515 - - default default] Deprecated: Default quota for resource: gigabytes_tempest-GroupSnapshotsTest-volume-type-1349607603 is set by the default quota flag: quota_gigabytes_tempest-GroupSnapshotsTest-volume-type-1349607603, it is now deprecated. Please use the default quota class for default quota.
2026-02-12 02:18:42.063 73 WARNING cinder.quota [None req-40c60f85-a34c-4857-8247-b269de667ff1 a6cfd310462349148b4cda15469d89cc 1dba282dc73d4ca290fe5c94f41bb515 - - default default] Deprecated: Default quota for resource: snapshots_tempest-GroupSnapshotsTest-volume-type-1349607603 is set by the default quota flag: quota_snapshots_tempest-GroupSnapshotsTest-volume-type-1349607603, it is now deprecated. Please use the default quota class for default quota.
2026-02-12 02:18:42.106 73 INFO cinder.api.openstack.wsgi [None req-40c60f85-a34c-4857-8247-b269de667ff1 a6cfd310462349148b4cda15469d89cc 1dba282dc73d4ca290fe5c94f41bb515 - - default default] http://[LB_IP_ADDRESS]:8776/v3/1dba282dc73d4ca290fe5c94f41bb515/group_snapshots returned with HTTP 202
2026-02-12 02:18:42.119 76 INFO cinder.api.openstack.wsgi [None req-9e6450e9-be4a-45d3-ad14-a85d64de30c5 a6cfd310462349148b4cda15469d89cc 1dba282dc73d4ca290fe5c94f41bb515 - - default default] GET http://[LB_IP_ADDRESS]:8776/v3/1dba282dc73d4ca290fe5c94f41bb515/group_snapshots/0f1b0cb1-cdeb-457f-bb3e-ac53b42d3ee7
2026-02-12 02:18:42.139 76 INFO cinder.api.openstack.wsgi [None req-9e6450e9-be4a-45d3-ad14-a85d64de30c5 a6cfd310462349148b4cda15469d89cc 1dba282dc73d4ca290fe5c94f41bb515 - - default default] http://[LB_IP_ADDRESS]:8776/v3/1dba282dc73d4ca290fe5c94f41bb515/group_snapshots/0f1b0cb1-cdeb-457f-bb3e-ac53b42d3ee7 returned with HTTP 200
2026-02-12 02:18:42.846 75 INFO cinder.api.openstack.wsgi [None req-d2cf6205-ea4a-401e-b029-a351653a1270 11db0f94773a4b1fba242ea87a548abf 78bebb9b9f9c4ff2891f97bade0e3375 - - default default] POST http://[LB_IP_ADDRESS]:8776/v3/78bebb9b9f9c4ff2891f97bade0e3375/volumes
2026-02-12 02:18:42.850 75 INFO cinder.api.v3.volumes [None req-d2cf6205-ea4a-401e-b029-a351653a1270 11db0f94773a4b1fba242ea87a548abf 78bebb9b9f9c4ff2891f97bade0e3375 - - default default] Create volume of 1 GB
2026-02-12 02:18:42.866 75 INFO cinder.volume.api [None req-d2cf6205-ea4a-401e-b029-a351653a1270 11db0f94773a4b1fba242ea87a548abf 78bebb9b9f9c4ff2891f97bade0e3375 - - default default] Availability Zones retrieved successfully.
2026-02-12 02:18:43.154 74 INFO cinder.api.openstack.wsgi [None req-d18c0d04-ab7e-45a2-adc2-963c6659ad7e a6cfd310462349148b4cda15469d89cc 1dba282dc73d4ca290fe5c94f41bb515 - - default default] GET http://[LB_IP_ADDRESS]:8776/v3/1dba282dc73d4ca290fe5c94f41bb515/group_snapshots/0f1b0cb1-cdeb-457f-bb3e-ac53b42d3ee7
2026-02-12 02:18:43.176 74 INFO cinder.api.openstack.wsgi [None req-d18c0d04-ab7e-45a2-adc2-963c6659ad7e a6cfd310462349148b4cda15469d89cc 1dba282dc73d4ca290fe5c94f41bb515 - - default default] http://[LB_IP_ADDRESS]:8776/v3/1dba282dc73d4ca290fe5c94f41bb515/group_snapshots/0f1b0cb1-cdeb-457f-bb3e-ac53b42d3ee7 returned with HTTP 200
