2025-08-09 03:37:10.674 24 INFO cinder.api.openstack.wsgi [None req-810e628f-2c6d-4fc4-9b65-aff65471c1d4 a417394b8cc647a0bf5f7e1ad3b72258 d4730291b74642f3b57fdf7d21c708d8 - - default default] http://[LB_IP_ADDRESS]:8776/v3/d4730291b74642f3b57fdf7d21c708d8/volumes/61f84101-9989-4779-9243-8cd545555b92 returned with HTTP 200
2025-08-09 03:37:10.700 23 INFO cinder.api.openstack.wsgi [None req-02f3c637-f7cb-4a0d-acaa-760b3a38f234 a7db0217bfc240ac8e9ce555a16eec68 5a373fa8ffc847f5a6408b8e21b94977 - - default default] POST http://[LB_IP_ADDRESS]:8776/v3/5a373fa8ffc847f5a6408b8e21b94977/volumes/61f84101-9989-4779-9243-8cd545555b92/action
2025-08-09 03:37:10.721 23 INFO cinder.volume.api [None req-02f3c637-f7cb-4a0d-acaa-760b3a38f234 a7db0217bfc240ac8e9ce555a16eec68 5a373fa8ffc847f5a6408b8e21b94977 - - default default] Volume info retrieved successfully.
2025-08-09 03:37:10.954 23 INFO cinder.volume.api [None req-02f3c637-f7cb-4a0d-acaa-760b3a38f234 a7db0217bfc240ac8e9ce555a16eec68 5a373fa8ffc847f5a6408b8e21b94977 - - default default] Retype volume request issued successfully.
2025-08-09 03:37:10.955 23 INFO cinder.api.openstack.wsgi [None req-02f3c637-f7cb-4a0d-acaa-760b3a38f234 a7db0217bfc240ac8e9ce555a16eec68 5a373fa8ffc847f5a6408b8e21b94977 - - default default] http://[LB_IP_ADDRESS]:8776/v3/5a373fa8ffc847f5a6408b8e21b94977/volumes/61f84101-9989-4779-9243-8cd545555b92/action returned with HTTP 202
2025-08-09 03:37:10.965 21 INFO cinder.api.openstack.wsgi [None req-751753ad-e07c-4776-ac1b-222ef688ad2e a7db0217bfc240ac8e9ce555a16eec68 5a373fa8ffc847f5a6408b8e21b94977 - - default default] GET http://[LB_IP_ADDRESS]:8776/v3/5a373fa8ffc847f5a6408b8e21b94977/volumes/61f84101-9989-4779-9243-8cd545555b92
2025-08-09 03:37:10.988 21 INFO cinder.volume.api [None req-751753ad-e07c-4776-ac1b-222ef688ad2e a7db0217bfc240ac8e9ce555a16eec68 5a373fa8ffc847f5a6408b8e21b94977 - - default default] Volume info retrieved successfully.
2025-08-09 03:37:10.998 21 INFO cinder.api.openstack.wsgi [None req-751753ad-e07c-4776-ac1b-222ef688ad2e a7db0217bfc240ac8e9ce555a16eec68 5a373fa8ffc847f5a6408b8e21b94977 - - default default] http://[LB_IP_ADDRESS]:8776/v3/5a373fa8ffc847f5a6408b8e21b94977/volumes/61f84101-9989-4779-9243-8cd545555b92 returned with HTTP 200
2025-08-09 03:37:12.026 25 INFO cinder.api.openstack.wsgi [None req-4361e673-04ac-4db7-98ee-b8ee9f37a035 a7db0217bfc240ac8e9ce555a16eec68 5a373fa8ffc847f5a6408b8e21b94977 - - default default] GET http://[LB_IP_ADDRESS]:8776/v3/5a373fa8ffc847f5a6408b8e21b94977/volumes/61f84101-9989-4779-9243-8cd545555b92
2025-08-09 03:37:12.050 25 INFO cinder.volume.api [None req-4361e673-04ac-4db7-98ee-b8ee9f37a035 a7db0217bfc240ac8e9ce555a16eec68 5a373fa8ffc847f5a6408b8e21b94977 - - default default] Volume info retrieved successfully.
2025-08-09 03:37:12.059 25 INFO cinder.api.openstack.wsgi [None req-4361e673-04ac-4db7-98ee-b8ee9f37a035 a7db0217bfc240ac8e9ce555a16eec68 5a373fa8ffc847f5a6408b8e21b94977 - - default default] http://[LB_IP_ADDRESS]:8776/v3/5a373fa8ffc847f5a6408b8e21b94977/volumes/61f84101-9989-4779-9243-8cd545555b92 returned with HTTP 200
2025-08-09 03:37:12.086 22 INFO cinder.api.openstack.wsgi [None req-8b8e2c32-16f4-4b69-87a5-8eb3f3cd93b9 a417394b8cc647a0bf5f7e1ad3b72258 d4730291b74642f3b57fdf7d21c708d8 - - default default] GET http://[LB_IP_ADDRESS]:8776/v3/d4730291b74642f3b57fdf7d21c708d8/volumes/61f84101-9989-4779-9243-8cd545555b92
2025-08-09 03:37:12.112 22 INFO cinder.volume.api [None req-8b8e2c32-16f4-4b69-87a5-8eb3f3cd93b9 a417394b8cc647a0bf5f7e1ad3b72258 d4730291b74642f3b57fdf7d21c708d8 - - default default] Volume info retrieved successfully.
2025-08-09 03:37:12.121 22 INFO cinder.api.openstack.wsgi [None req-8b8e2c32-16f4-4b69-87a5-8eb3f3cd93b9 a417394b8cc647a0bf5f7e1ad3b72258 d4730291b74642f3b57fdf7d21c708d8 - - default default] http://[LB_IP_ADDRESS]:8776/v3/d4730291b74642f3b57fdf7d21c708d8/volumes/61f84101-9989-4779-9243-8cd545555b92 returned with HTTP 200
2025-08-09 03:37:12.148 24 INFO cinder.api.openstack.wsgi [None req-ce351b43-d469-4d70-8448-f9a8876915db a417394b8cc647a0bf5f7e1ad3b72258 d4730291b74642f3b57fdf7d21c708d8 - - default default] GET http://[LB_IP_ADDRESS]:8776/v3/d4730291b74642f3b57fdf7d21c708d8/volumes?all_tenants=True&name=tempest-VolumeRetypeWithoutMigrationTest-Volume-1021782186
2025-08-09 03:37:12.166 24 INFO cinder.volume.api [None req-ce351b43-d469-4d70-8448-f9a8876915db a417394b8cc647a0bf5f7e1ad3b72258 d4730291b74642f3b57fdf7d21c708d8 - - default default] Get all volumes completed successfully.
2025-08-09 03:37:12.168 24 INFO cinder.api.openstack.wsgi [None req-ce351b43-d469-4d70-8448-f9a8876915db a417394b8cc647a0bf5f7e1ad3b72258 d4730291b74642f3b57fdf7d21c708d8 - - default default] http://[LB_IP_ADDRESS]:8776/v3/d4730291b74642f3b57fdf7d21c708d8/volumes?all_tenants=True&name=tempest-VolumeRetypeWithoutMigrationTest-Volume-1021782186 returned with HTTP 200
2025-08-09 03:37:12.183 23 INFO cinder.api.openstack.wsgi [None req-bb9429cf-3ae8-4538-ae3d-46bc07e7a616 a7db0217bfc240ac8e9ce555a16eec68 5a373fa8ffc847f5a6408b8e21b94977 - - default default] GET http://[LB_IP_ADDRESS]:8776/v3/5a373fa8ffc847f5a6408b8e21b94977/volumes/61f84101-9989-4779-9243-8cd545555b92
2025-08-09 03:37:12.208 23 INFO cinder.volume.api [None req-bb9429cf-3ae8-4538-ae3d-46bc07e7a616 a7db0217bfc240ac8e9ce555a16eec68 5a373fa8ffc847f5a6408b8e21b94977 - - default default] Volume info retrieved successfully.
2025-08-09 03:37:12.218 23 INFO cinder.api.openstack.wsgi [None req-bb9429cf-3ae8-4538-ae3d-46bc07e7a616 a7db0217bfc240ac8e9ce555a16eec68 5a373fa8ffc847f5a6408b8e21b94977 - - default default] http://[LB_IP_ADDRESS]:8776/v3/5a373fa8ffc847f5a6408b8e21b94977/volumes/61f84101-9989-4779-9243-8cd545555b92 returned with HTTP 200
2025-08-09 03:37:12.245 21 INFO cinder.api.openstack.wsgi [None req-7ef61920-b7fc-45a9-80e8-3bfeaa73485a a7db0217bfc240ac8e9ce555a16eec68 5a373fa8ffc847f5a6408b8e21b94977 - - default default] DELETE http://[LB_IP_ADDRESS]:8776/v3/5a373fa8ffc847f5a6408b8e21b94977/volumes/61f84101-9989-4779-9243-8cd545555b92
2025-08-09 03:37:12.246 21 INFO cinder.api.v3.volumes [None req-7ef61920-b7fc-45a9-80e8-3bfeaa73485a a7db0217bfc240ac8e9ce555a16eec68 5a373fa8ffc847f5a6408b8e21b94977 - - default default] Delete volume with id: 61f84101-9989-4779-9243-8cd545555b92 
2025-08-09 03:37:12.265 21 INFO cinder.volume.api [None req-7ef61920-b7fc-45a9-80e8-3bfeaa73485a a7db0217bfc240ac8e9ce555a16eec68 5a373fa8ffc847f5a6408b8e21b94977 - - default default] Volume info retrieved successfully.
2025-08-09 03:37:12.298 21 INFO cinder.volume.api [None req-7ef61920-b7fc-45a9-80e8-3bfeaa73485a a7db0217bfc240ac8e9ce555a16eec68 5a373fa8ffc847f5a6408b8e21b94977 - - default default] Delete volume request issued successfully.
2025-08-09 03:37:12.298 21 INFO cinder.api.openstack.wsgi [None req-7ef61920-b7fc-45a9-80e8-3bfeaa73485a a7db0217bfc240ac8e9ce555a16eec68 5a373fa8ffc847f5a6408b8e21b94977 - - default default] http://[LB_IP_ADDRESS]:8776/v3/5a373fa8ffc847f5a6408b8e21b94977/volumes/61f84101-9989-4779-9243-8cd545555b92 returned with HTTP 202
2025-08-09 03:37:12.310 25 INFO cinder.api.openstack.wsgi [None req-8e4898ae-0652-4968-8282-afd74cc841ac a7db0217bfc240ac8e9ce555a16eec68 5a373fa8ffc847f5a6408b8e21b94977 - - default default] GET http://[LB_IP_ADDRESS]:8776/v3/5a373fa8ffc847f5a6408b8e21b94977/volumes/61f84101-9989-4779-9243-8cd545555b92
2025-08-09 03:37:12.336 25 INFO cinder.volume.api [None req-8e4898ae-0652-4968-8282-afd74cc841ac a7db0217bfc240ac8e9ce555a16eec68 5a373fa8ffc847f5a6408b8e21b94977 - - default default] Volume info retrieved successfully.
2025-08-09 03:37:12.345 25 INFO cinder.api.openstack.wsgi [None req-8e4898ae-0652-4968-8282-afd74cc841ac a7db0217bfc240ac8e9ce555a16eec68 5a373fa8ffc847f5a6408b8e21b94977 - - default default] http://[LB_IP_ADDRESS]:8776/v3/5a373fa8ffc847f5a6408b8e21b94977/volumes/61f84101-9989-4779-9243-8cd545555b92 returned with HTTP 200
2025-08-09 03:37:13.373 22 INFO cinder.api.openstack.wsgi [None req-a60fd3ee-f3bd-4f29-9691-461d9f5f701c a7db0217bfc240ac8e9ce555a16eec68 5a373fa8ffc847f5a6408b8e21b94977 - - default default] GET http://[LB_IP_ADDRESS]:8776/v3/5a373fa8ffc847f5a6408b8e21b94977/volumes/61f84101-9989-4779-9243-8cd545555b92
2025-08-09 03:37:13.387 22 INFO cinder.api.openstack.wsgi [None req-a60fd3ee-f3bd-4f29-9691-461d9f5f701c a7db0217bfc240ac8e9ce555a16eec68 5a373fa8ffc847f5a6408b8e21b94977 - - default default] http://[LB_IP_ADDRESS]:8776/v3/5a373fa8ffc847f5a6408b8e21b94977/volumes/61f84101-9989-4779-9243-8cd545555b92 returned with HTTP 404
2025-08-09 03:37:13.401 24 INFO cinder.api.openstack.wsgi [None req-554f31ec-4337-48b4-a97b-79b8ac2dec5b a417394b8cc647a0bf5f7e1ad3b72258 d4730291b74642f3b57fdf7d21c708d8 - - default default] DELETE http://[LB_IP_ADDRESS]:8776/v3/d4730291b74642f3b57fdf7d21c708d8/types/42508f9d-03ad-4448-990b-a6ab59b96a6e
2025-08-09 03:37:13.454 24 INFO cinder.api.openstack.wsgi [None req-554f31ec-4337-48b4-a97b-79b8ac2dec5b a417394b8cc647a0bf5f7e1ad3b72258 d4730291b74642f3b57fdf7d21c708d8 - - default default] http://[LB_IP_ADDRESS]:8776/v3/d4730291b74642f3b57fdf7d21c708d8/types/42508f9d-03ad-4448-990b-a6ab59b96a6e returned with HTTP 202
2025-08-09 03:37:13.466 23 INFO cinder.api.openstack.wsgi [None req-248f7035-1636-4007-9698-1468e005dd3d a417394b8cc647a0bf5f7e1ad3b72258 d4730291b74642f3b57fdf7d21c708d8 - - default default] GET http://[LB_IP_ADDRESS]:8776/v3/d4730291b74642f3b57fdf7d21c708d8/types/42508f9d-03ad-4448-990b-a6ab59b96a6e
2025-08-09 03:37:13.473 23 INFO cinder.api.openstack.wsgi [None req-248f7035-1636-4007-9698-1468e005dd3d a417394b8cc647a0bf5f7e1ad3b72258 d4730291b74642f3b57fdf7d21c708d8 - - default default] http://[LB_IP_ADDRESS]:8776/v3/d4730291b74642f3b57fdf7d21c708d8/types/42508f9d-03ad-4448-990b-a6ab59b96a6e returned with HTTP 404
2025-08-09 03:37:13.483 21 INFO cinder.api.openstack.wsgi [None req-ca356fdd-cb25-4394-93ad-faa90008df83 a417394b8cc647a0bf5f7e1ad3b72258 d4730291b74642f3b57fdf7d21c708d8 - - default default] DELETE http://[LB_IP_ADDRESS]:8776/v3/d4730291b74642f3b57fdf7d21c708d8/types/dc733633-acf6-4a94-aa39-f3a01af1e94d
2025-08-09 03:37:13.538 21 INFO cinder.api.openstack.wsgi [None req-ca356fdd-cb25-4394-93ad-faa90008df83 a417394b8cc647a0bf5f7e1ad3b72258 d4730291b74642f3b57fdf7d21c708d8 - - default default] http://[LB_IP_ADDRESS]:8776/v3/d4730291b74642f3b57fdf7d21c708d8/types/dc733633-acf6-4a94-aa39-f3a01af1e94d returned with HTTP 202
2025-08-09 03:37:13.550 25 INFO cinder.api.openstack.wsgi [None req-a73a82dd-373f-40a4-aed6-2946b65c000a a417394b8cc647a0bf5f7e1ad3b72258 d4730291b74642f3b57fdf7d21c708d8 - - default default] GET http://[LB_IP_ADDRESS]:8776/v3/d4730291b74642f3b57fdf7d21c708d8/types/dc733633-acf6-4a94-aa39-f3a01af1e94d
2025-08-09 03:37:13.557 25 INFO cinder.api.openstack.wsgi [None req-a73a82dd-373f-40a4-aed6-2946b65c000a a417394b8cc647a0bf5f7e1ad3b72258 d4730291b74642f3b57fdf7d21c708d8 - - default default] http://[LB_IP_ADDRESS]:8776/v3/d4730291b74642f3b57fdf7d21c708d8/types/dc733633-acf6-4a94-aa39-f3a01af1e94d returned with HTTP 404
2025-08-09 03:37:13.897 22 INFO cinder.api.openstack.wsgi [None req-07d4f6db-07ca-41be-8752-2ce973c7d63c ba2d623460ef4f68b9306e43eb194c00 b2cf264bd24f4f4c84c3b0aa96804ebb - - default default] POST http://[LB_IP_ADDRESS]:8776/v3/b2cf264bd24f4f4c84c3b0aa96804ebb/types
2025-08-09 03:37:13.933 22 INFO cinder.api.openstack.wsgi [None req-07d4f6db-07ca-41be-8752-2ce973c7d63c ba2d623460ef4f68b9306e43eb194c00 b2cf264bd24f4f4c84c3b0aa96804ebb - - default default] http://[LB_IP_ADDRESS]:8776/v3/b2cf264bd24f4f4c84c3b0aa96804ebb/types returned with HTTP 200
2025-08-09 03:37:14.115 24 INFO cinder.api.openstack.wsgi [None req-7db15eb2-cb9b-4841-b439-a43edd307edd acb68488df01480aa4dab3fdbf55bb80 93b1a646912c4c1dbf25203bb417a0b1 - - default default] POST http://[LB_IP_ADDRESS]:8776/v3/93b1a646912c4c1dbf25203bb417a0b1/volumes
2025-08-09 03:37:14.127 24 INFO cinder.api.v3.volumes [None req-7db15eb2-cb9b-4841-b439-a43edd307edd acb68488df01480aa4dab3fdbf55bb80 93b1a646912c4c1dbf25203bb417a0b1 - - default default] Create volume of 1 GB
2025-08-09 03:37:14.129 24 INFO cinder.volume.api [None req-7db15eb2-cb9b-4841-b439-a43edd307edd acb68488df01480aa4dab3fdbf55bb80 93b1a646912c4c1dbf25203bb417a0b1 - - default default] Availability Zones retrieved successfully.
2025-08-09 03:37:14.241 23 INFO cinder.api.openstack.wsgi [None req-da1f074c-0a60-408d-aadb-8b85e6f318ea 0fcacc4370b3482ab55b631b0de86d94 4cb08366f04f474ea2fcdc5cac2606c5 - - default default] POST http://[LB_IP_ADDRESS]:8776/v3/4cb08366f04f474ea2fcdc5cac2606c5/types
2025-08-09 03:37:14.271 23 INFO cinder.api.openstack.wsgi [None req-da1f074c-0a60-408d-aadb-8b85e6f318ea 0fcacc4370b3482ab55b631b0de86d94 4cb08366f04f474ea2fcdc5cac2606c5 - - default default] http://[LB_IP_ADDRESS]:8776/v3/4cb08366f04f474ea2fcdc5cac2606c5/types returned with HTTP 200
2025-08-09 03:37:14.285 21 INFO cinder.api.openstack.wsgi [None req-17ffa954-3987-45ea-a641-a04c709ef0a2 0fcacc4370b3482ab55b631b0de86d94 4cb08366f04f474ea2fcdc5cac2606c5 - - default default] POST http://[LB_IP_ADDRESS]:8776/v3/4cb08366f04f474ea2fcdc5cac2606c5/group_types
2025-08-09 03:37:14.312 21 INFO cinder.api.openstack.wsgi [None req-17ffa954-3987-45ea-a641-a04c709ef0a2 0fcacc4370b3482ab55b631b0de86d94 4cb08366f04f474ea2fcdc5cac2606c5 - - default default] http://[LB_IP_ADDRESS]:8776/v3/4cb08366f04f474ea2fcdc5cac2606c5/group_types returned with HTTP 202
2025-08-09 03:37:14.340 24 WARNING cinder.quota [None req-7db15eb2-cb9b-4841-b439-a43edd307edd acb68488df01480aa4dab3fdbf55bb80 93b1a646912c4c1dbf25203bb417a0b1 - - default default] Deprecated: Default quota for resource: volumes_tempest-UserMessagesTest-volume-type-641950826 is set by the default quota flag: quota_volumes_tempest-UserMessagesTest-volume-type-641950826, it is now deprecated. Please use the default quota class for default quota.
2025-08-09 03:37:14.341 24 WARNING cinder.quota [None req-7db15eb2-cb9b-4841-b439-a43edd307edd acb68488df01480aa4dab3fdbf55bb80 93b1a646912c4c1dbf25203bb417a0b1 - - default default] Deprecated: Default quota for resource: gigabytes_tempest-UserMessagesTest-volume-type-641950826 is set by the default quota flag: quota_gigabytes_tempest-UserMessagesTest-volume-type-641950826, it is now deprecated. Please use the default quota class for default quota.
2025-08-09 03:37:14.447 24 INFO cinder.volume.api [None req-7db15eb2-cb9b-4841-b439-a43edd307edd acb68488df01480aa4dab3fdbf55bb80 93b1a646912c4c1dbf25203bb417a0b1 - - default default] Create volume request issued successfully.
2025-08-09 03:37:14.450 24 INFO cinder.api.openstack.wsgi [None req-7db15eb2-cb9b-4841-b439-a43edd307edd acb68488df01480aa4dab3fdbf55bb80 93b1a646912c4c1dbf25203bb417a0b1 - - default default] http://[LB_IP_ADDRESS]:8776/v3/93b1a646912c4c1dbf25203bb417a0b1/volumes returned with HTTP 202
2025-08-09 03:37:14.474 22 INFO cinder.api.openstack.wsgi [None req-3d0ed488-0ebe-4d52-aa70-b1a2df425c02 acb68488df01480aa4dab3fdbf55bb80 93b1a646912c4c1dbf25203bb417a0b1 - - default default] GET http://[LB_IP_ADDRESS]:8776/v3/93b1a646912c4c1dbf25203bb417a0b1/volumes/9b07532e-2f16-4ed0-a0a7-799578730b94
2025-08-09 03:37:14.493 22 INFO cinder.volume.api [None req-3d0ed488-0ebe-4d52-aa70-b1a2df425c02 acb68488df01480aa4dab3fdbf55bb80 93b1a646912c4c1dbf25203bb417a0b1 - - default default] Volume info retrieved successfully.
2025-08-09 03:37:14.495 25 INFO cinder.api.openstack.wsgi [None req-ecce342e-8a7b-4709-8ad0-69dfe5735db1 7b6058b6bf3643b7b2d891fe18963c59 4134c549cf2049f0a139b78b9cfd51ef - - default default] POST http://[LB_IP_ADDRESS]:8776/v3/4134c549cf2049f0a139b78b9cfd51ef/groups
2025-08-09 03:37:14.500 22 INFO cinder.api.openstack.wsgi [None req-3d0ed488-0ebe-4d52-aa70-b1a2df425c02 acb68488df01480aa4dab3fdbf55bb80 93b1a646912c4c1dbf25203bb417a0b1 - - default default] http://[LB_IP_ADDRESS]:8776/v3/93b1a646912c4c1dbf25203bb417a0b1/volumes/9b07532e-2f16-4ed0-a0a7-799578730b94 returned with HTTP 200
2025-08-09 03:37:14.509 25 INFO cinder.api.v3.groups [None req-ecce342e-8a7b-4709-8ad0-69dfe5735db1 7b6058b6bf3643b7b2d891fe18963c59 4134c549cf2049f0a139b78b9cfd51ef - - default default] Creating group tempest-GroupsV314Test-Group-1099703374.
2025-08-09 03:37:14.521 25 INFO cinder.volume.api [None req-ecce342e-8a7b-4709-8ad0-69dfe5735db1 7b6058b6bf3643b7b2d891fe18963c59 4134c549cf2049f0a139b78b9cfd51ef - - default default] Availability Zones retrieved successfully.
2025-08-09 03:37:14.652 25 INFO cinder.api.openstack.wsgi [None req-ecce342e-8a7b-4709-8ad0-69dfe5735db1 7b6058b6bf3643b7b2d891fe18963c59 4134c549cf2049f0a139b78b9cfd51ef - - default default] http://[LB_IP_ADDRESS]:8776/v3/4134c549cf2049f0a139b78b9cfd51ef/groups returned with HTTP 202
2025-08-09 03:37:14.666 23 INFO cinder.api.openstack.wsgi [None req-c5528bc9-6bb8-4c93-9229-185a92d3f73e 7b6058b6bf3643b7b2d891fe18963c59 4134c549cf2049f0a139b78b9cfd51ef - - default default] GET http://[LB_IP_ADDRESS]:8776/v3/4134c549cf2049f0a139b78b9cfd51ef/groups/68702f8a-b959-49ae-8444-d545d64e52d7
2025-08-09 03:37:14.691 23 INFO cinder.api.openstack.wsgi [None req-c5528bc9-6bb8-4c93-9229-185a92d3f73e 7b6058b6bf3643b7b2d891fe18963c59 4134c549cf2049f0a139b78b9cfd51ef - - default default] http://[LB_IP_ADDRESS]:8776/v3/4134c549cf2049f0a139b78b9cfd51ef/groups/68702f8a-b959-49ae-8444-d545d64e52d7 returned with HTTP 200
2025-08-09 03:37:15.528 21 INFO cinder.api.openstack.wsgi [None req-67a53e84-d446-4986-a3fa-1da3bf0204c0 acb68488df01480aa4dab3fdbf55bb80 93b1a646912c4c1dbf25203bb417a0b1 - - default default] GET http://[LB_IP_ADDRESS]:8776/v3/93b1a646912c4c1dbf25203bb417a0b1/volumes/9b07532e-2f16-4ed0-a0a7-799578730b94
2025-08-09 03:37:15.554 21 INFO cinder.volume.api [None req-67a53e84-d446-4986-a3fa-1da3bf0204c0 acb68488df01480aa4dab3fdbf55bb80 93b1a646912c4c1dbf25203bb417a0b1 - - default default] Volume info retrieved successfully.
2025-08-09 03:37:15.563 21 INFO cinder.api.openstack.wsgi [None req-67a53e84-d446-4986-a3fa-1da3bf0204c0 acb68488df01480aa4dab3fdbf55bb80 93b1a646912c4c1dbf25203bb417a0b1 - - default default] http://[LB_IP_ADDRESS]:8776/v3/93b1a646912c4c1dbf25203bb417a0b1/volumes/9b07532e-2f16-4ed0-a0a7-799578730b94 returned with HTTP 200
2025-08-09 03:37:15.595 24 INFO cinder.api.openstack.wsgi [None req-25e062b0-1365-451a-b771-e1305b569121 acb68488df01480aa4dab3fdbf55bb80 93b1a646912c4c1dbf25203bb417a0b1 - - default default] GET http://[LB_IP_ADDRESS]:8776/v3/93b1a646912c4c1dbf25203bb417a0b1/messages
2025-08-09 03:37:15.606 24 INFO cinder.api.openstack.wsgi [None req-25e062b0-1365-451a-b771-e1305b569121 acb68488df01480aa4dab3fdbf55bb80 93b1a646912c4c1dbf25203bb417a0b1 - - default default] http://[LB_IP_ADDRESS]:8776/v3/93b1a646912c4c1dbf25203bb417a0b1/messages returned with HTTP 200
2025-08-09 03:37:15.622 22 INFO cinder.api.openstack.wsgi [None req-fce20190-b3d0-431e-8402-1b08079c1551 acb68488df01480aa4dab3fdbf55bb80 93b1a646912c4c1dbf25203bb417a0b1 - - default default] DELETE http://[LB_IP_ADDRESS]:8776/v3/93b1a646912c4c1dbf25203bb417a0b1/messages/c7ef66a0-b182-47b6-a721-18ee2009d9a2
2025-08-09 03:37:15.636 22 INFO cinder.api.openstack.wsgi [None req-fce20190-b3d0-431e-8402-1b08079c1551 acb68488df01480aa4dab3fdbf55bb80 93b1a646912c4c1dbf25203bb417a0b1 - - default default] http://[LB_IP_ADDRESS]:8776/v3/93b1a646912c4c1dbf25203bb417a0b1/messages/c7ef66a0-b182-47b6-a721-18ee2009d9a2 returned with HTTP 204
2025-08-09 03:37:15.647 25 INFO cinder.api.openstack.wsgi [None req-60e1879e-e610-4f13-a3fe-e07ad637583d acb68488df01480aa4dab3fdbf55bb80 93b1a646912c4c1dbf25203bb417a0b1 - - default default] GET http://[LB_IP_ADDRESS]:8776/v3/93b1a646912c4c1dbf25203bb417a0b1/messages/c7ef66a0-b182-47b6-a721-18ee2009d9a2
2025-08-09 03:37:15.654 25 INFO cinder.api.openstack.wsgi [None req-60e1879e-e610-4f13-a3fe-e07ad637583d acb68488df01480aa4dab3fdbf55bb80 93b1a646912c4c1dbf25203bb417a0b1 - - default default] http://[LB_IP_ADDRESS]:8776/v3/93b1a646912c4c1dbf25203bb417a0b1/messages/c7ef66a0-b182-47b6-a721-18ee2009d9a2 returned with HTTP 404
2025-08-09 03:37:15.665 23 INFO cinder.api.openstack.wsgi [None req-254e75ae-c4fc-4f8f-904f-3ca451d5f334 acb68488df01480aa4dab3fdbf55bb80 93b1a646912c4c1dbf25203bb417a0b1 - - default default] GET http://[LB_IP_ADDRESS]:8776/v3/93b1a646912c4c1dbf25203bb417a0b1/volumes/9b07532e-2f16-4ed0-a0a7-799578730b94
2025-08-09 03:37:15.690 23 INFO cinder.volume.api [None req-254e75ae-c4fc-4f8f-904f-3ca451d5f334 acb68488df01480aa4dab3fdbf55bb80 93b1a646912c4c1dbf25203bb417a0b1 - - default default] Volume info retrieved successfully.
2025-08-09 03:37:15.699 23 INFO cinder.api.openstack.wsgi [None req-254e75ae-c4fc-4f8f-904f-3ca451d5f334 acb68488df01480aa4dab3fdbf55bb80 93b1a646912c4c1dbf25203bb417a0b1 - - default default] http://[LB_IP_ADDRESS]:8776/v3/93b1a646912c4c1dbf25203bb417a0b1/volumes/9b07532e-2f16-4ed0-a0a7-799578730b94 returned with HTTP 200
2025-08-09 03:37:15.709 21 INFO cinder.api.openstack.wsgi [None req-cbc9ea7c-23ae-4067-a1a2-93eeade19d1c 7b6058b6bf3643b7b2d891fe18963c59 4134c549cf2049f0a139b78b9cfd51ef - - default default] GET http://[LB_IP_ADDRESS]:8776/v3/4134c549cf2049f0a139b78b9cfd51ef/groups/68702f8a-b959-49ae-8444-d545d64e52d7
2025-08-09 03:37:15.726 24 INFO cinder.api.openstack.wsgi [None req-b715195b-e86b-417c-be61-f8e003a207bf acb68488df01480aa4dab3fdbf55bb80 93b1a646912c4c1dbf25203bb417a0b1 - - default default] DELETE http://[LB_IP_ADDRESS]:8776/v3/93b1a646912c4c1dbf25203bb417a0b1/volumes/9b07532e-2f16-4ed0-a0a7-799578730b94
2025-08-09 03:37:15.727 24 INFO cinder.api.v3.volumes [None req-b715195b-e86b-417c-be61-f8e003a207bf acb68488df01480aa4dab3fdbf55bb80 93b1a646912c4c1dbf25203bb417a0b1 - - default default] Delete volume with id: 9b07532e-2f16-4ed0-a0a7-799578730b94 
2025-08-09 03:37:15.744 21 INFO cinder.api.openstack.wsgi [None req-cbc9ea7c-23ae-4067-a1a2-93eeade19d1c 7b6058b6bf3643b7b2d891fe18963c59 4134c549cf2049f0a139b78b9cfd51ef - - default default] http://[LB_IP_ADDRESS]:8776/v3/4134c549cf2049f0a139b78b9cfd51ef/groups/68702f8a-b959-49ae-8444-d545d64e52d7 returned with HTTP 200
2025-08-09 03:37:15.746 24 INFO cinder.volume.api [None req-b715195b-e86b-417c-be61-f8e003a207bf acb68488df01480aa4dab3fdbf55bb80 93b1a646912c4c1dbf25203bb417a0b1 - - default default] Volume info retrieved successfully.
2025-08-09 03:37:15.763 22 INFO cinder.api.openstack.wsgi [None req-690e2632-0294-4d73-8a7a-a1ae9f7b9ead 7b6058b6bf3643b7b2d891fe18963c59 4134c549cf2049f0a139b78b9cfd51ef - - default default] POST http://[LB_IP_ADDRESS]:8776/v3/4134c549cf2049f0a139b78b9cfd51ef/volumes
2025-08-09 03:37:15.779 22 INFO cinder.api.v3.volumes [None req-690e2632-0294-4d73-8a7a-a1ae9f7b9ead 7b6058b6bf3643b7b2d891fe18963c59 4134c549cf2049f0a139b78b9cfd51ef - - default default] Create volume of 1 GB
2025-08-09 03:37:15.789 22 INFO cinder.volume.api [None req-690e2632-0294-4d73-8a7a-a1ae9f7b9ead 7b6058b6bf3643b7b2d891fe18963c59 4134c549cf2049f0a139b78b9cfd51ef - - default default] Availability Zones retrieved successfully.
2025-08-09 03:37:15.885 24 INFO cinder.volume.api [None req-b715195b-e86b-417c-be61-f8e003a207bf acb68488df01480aa4dab3fdbf55bb80 93b1a646912c4c1dbf25203bb417a0b1 - - default default] Delete volume request issued successfully.
2025-08-09 03:37:15.887 24 INFO cinder.api.openstack.wsgi [None req-b715195b-e86b-417c-be61-f8e003a207bf acb68488df01480aa4dab3fdbf55bb80 93b1a646912c4c1dbf25203bb417a0b1 - - default default] http://[LB_IP_ADDRESS]:8776/v3/93b1a646912c4c1dbf25203bb417a0b1/volumes/9b07532e-2f16-4ed0-a0a7-799578730b94 returned with HTTP 202
2025-08-09 03:37:15.898 25 INFO cinder.api.openstack.wsgi [None req-66b5ef7d-a048-4fe5-adfd-762f5086f24b acb68488df01480aa4dab3fdbf55bb80 93b1a646912c4c1dbf25203bb417a0b1 - - default default] GET http://[LB_IP_ADDRESS]:8776/v3/93b1a646912c4c1dbf25203bb417a0b1/volumes/9b07532e-2f16-4ed0-a0a7-799578730b94
2025-08-09 03:37:15.914 25 INFO cinder.api.openstack.wsgi [None req-66b5ef7d-a048-4fe5-adfd-762f5086f24b acb68488df01480aa4dab3fdbf55bb80 93b1a646912c4c1dbf25203bb417a0b1 - - default default] http://[LB_IP_ADDRESS]:8776/v3/93b1a646912c4c1dbf25203bb417a0b1/volumes/9b07532e-2f16-4ed0-a0a7-799578730b94 returned with HTTP 404
2025-08-09 03:37:15.925 23 INFO cinder.api.openstack.wsgi [None req-c82a47ef-0d3e-4dda-8309-d38bf9499675 ba2d623460ef4f68b9306e43eb194c00 b2cf264bd24f4f4c84c3b0aa96804ebb - - default default] DELETE http://[LB_IP_ADDRESS]:8776/v3/b2cf264bd24f4f4c84c3b0aa96804ebb/types/9c146134-8f5f-4920-baec-d88a5cfc2b06
2025-08-09 03:37:15.979 22 WARNING cinder.quota [None req-690e2632-0294-4d73-8a7a-a1ae9f7b9ead 7b6058b6bf3643b7b2d891fe18963c59 4134c549cf2049f0a139b78b9cfd51ef - - default default] Deprecated: Default quota for resource: volumes_tempest-GroupsV314Test-volume-type-1509823268 is set by the default quota flag: quota_volumes_tempest-GroupsV314Test-volume-type-1509823268, it is now deprecated. Please use the default quota class for default quota.
2025-08-09 03:37:15.980 22 WARNING cinder.quota [None req-690e2632-0294-4d73-8a7a-a1ae9f7b9ead 7b6058b6bf3643b7b2d891fe18963c59 4134c549cf2049f0a139b78b9cfd51ef - - default default] Deprecated: Default quota for resource: gigabytes_tempest-GroupsV314Test-volume-type-1509823268 is set by the default quota flag: quota_gigabytes_tempest-GroupsV314Test-volume-type-1509823268, it is now deprecated. Please use the default quota class for default quota.
2025-08-09 03:37:15.981 23 INFO cinder.api.openstack.wsgi [None req-c82a47ef-0d3e-4dda-8309-d38bf9499675 ba2d623460ef4f68b9306e43eb194c00 b2cf264bd24f4f4c84c3b0aa96804ebb - - default default] http://[LB_IP_ADDRESS]:8776/v3/b2cf264bd24f4f4c84c3b0aa96804ebb/types/9c146134-8f5f-4920-baec-d88a5cfc2b06 returned with HTTP 202
2025-08-09 03:37:15.996 21 INFO cinder.api.openstack.wsgi [None req-95673ac3-bdbb-41a1-8ad1-11e471312081 ba2d623460ef4f68b9306e43eb194c00 b2cf264bd24f4f4c84c3b0aa96804ebb - - default default] GET http://[LB_IP_ADDRESS]:8776/v3/b2cf264bd24f4f4c84c3b0aa96804ebb/types/9c146134-8f5f-4920-baec-d88a5cfc2b06
2025-08-09 03:37:16.007 21 INFO cinder.api.openstack.wsgi [None req-95673ac3-bdbb-41a1-8ad1-11e471312081 ba2d623460ef4f68b9306e43eb194c00 b2cf264bd24f4f4c84c3b0aa96804ebb - - default default] http://[LB_IP_ADDRESS]:8776/v3/b2cf264bd24f4f4c84c3b0aa96804ebb/types/9c146134-8f5f-4920-baec-d88a5cfc2b06 returned with HTTP 404
2025-08-09 03:37:16.021 24 INFO cinder.api.openstack.wsgi [None req-5fc7102a-db05-49fb-b338-9c0eb8710f9e ba2d623460ef4f68b9306e43eb194c00 b2cf264bd24f4f4c84c3b0aa96804ebb - - default default] POST http://[LB_IP_ADDRESS]:8776/v3/b2cf264bd24f4f4c84c3b0aa96804ebb/types
2025-08-09 03:37:16.058 24 INFO cinder.api.openstack.wsgi [None req-5fc7102a-db05-49fb-b338-9c0eb8710f9e ba2d623460ef4f68b9306e43eb194c00 b2cf264bd24f4f4c84c3b0aa96804ebb - - default default] http://[LB_IP_ADDRESS]:8776/v3/b2cf264bd24f4f4c84c3b0aa96804ebb/types returned with HTTP 200
2025-08-09 03:37:16.073 25 INFO cinder.api.openstack.wsgi [None req-5407c8bb-2e50-4071-ac12-0ce979bc52b9 acb68488df01480aa4dab3fdbf55bb80 93b1a646912c4c1dbf25203bb417a0b1 - - default default] POST http://[LB_IP_ADDRESS]:8776/v3/93b1a646912c4c1dbf25203bb417a0b1/volumes
2025-08-09 03:37:16.081 22 INFO cinder.volume.api [None req-690e2632-0294-4d73-8a7a-a1ae9f7b9ead 7b6058b6bf3643b7b2d891fe18963c59 4134c549cf2049f0a139b78b9cfd51ef - - default default] Create volume request issued successfully.
2025-08-09 03:37:16.084 25 INFO cinder.api.v3.volumes [None req-5407c8bb-2e50-4071-ac12-0ce979bc52b9 acb68488df01480aa4dab3fdbf55bb80 93b1a646912c4c1dbf25203bb417a0b1 - - default default] Create volume of 1 GB
2025-08-09 03:37:16.086 25 INFO cinder.volume.api [None req-5407c8bb-2e50-4071-ac12-0ce979bc52b9 acb68488df01480aa4dab3fdbf55bb80 93b1a646912c4c1dbf25203bb417a0b1 - - default default] Availability Zones retrieved successfully.
2025-08-09 03:37:16.100 22 INFO cinder.api.openstack.wsgi [None req-690e2632-0294-4d73-8a7a-a1ae9f7b9ead 7b6058b6bf3643b7b2d891fe18963c59 4134c549cf2049f0a139b78b9cfd51ef - - default default] http://[LB_IP_ADDRESS]:8776/v3/4134c549cf2049f0a139b78b9cfd51ef/volumes returned with HTTP 202
2025-08-09 03:37:16.125 23 INFO cinder.api.openstack.wsgi [None req-709c682a-abc4-4781-9bdc-2a9513467078 7b6058b6bf3643b7b2d891fe18963c59 4134c549cf2049f0a139b78b9cfd51ef - - default default] GET http://[LB_IP_ADDRESS]:8776/v3/4134c549cf2049f0a139b78b9cfd51ef/volumes/21fba879-ccf9-4059-8193-9cdd1b6338e9
2025-08-09 03:37:16.151 23 INFO cinder.volume.api [None req-709c682a-abc4-4781-9bdc-2a9513467078 7b6058b6bf3643b7b2d891fe18963c59 4134c549cf2049f0a139b78b9cfd51ef - - default default] Volume info retrieved successfully.
2025-08-09 03:37:16.182 23 INFO cinder.api.openstack.wsgi [None req-709c682a-abc4-4781-9bdc-2a9513467078 7b6058b6bf3643b7b2d891fe18963c59 4134c549cf2049f0a139b78b9cfd51ef - - default default] http://[LB_IP_ADDRESS]:8776/v3/4134c549cf2049f0a139b78b9cfd51ef/volumes/21fba879-ccf9-4059-8193-9cdd1b6338e9 returned with HTTP 200
2025-08-09 03:37:16.272 25 WARNING cinder.quota [None req-5407c8bb-2e50-4071-ac12-0ce979bc52b9 acb68488df01480aa4dab3fdbf55bb80 93b1a646912c4c1dbf25203bb417a0b1 - - default default] Deprecated: Default quota for resource: volumes_tempest-UserMessagesTest-volume-type-1955654458 is set by the default quota flag: quota_volumes_tempest-UserMessagesTest-volume-type-1955654458, it is now deprecated. Please use the default quota class for default quota.
2025-08-09 03:37:16.273 25 WARNING cinder.quota [None req-5407c8bb-2e50-4071-ac12-0ce979bc52b9 acb68488df01480aa4dab3fdbf55bb80 93b1a646912c4c1dbf25203bb417a0b1 - - default default] Deprecated: Default quota for resource: gigabytes_tempest-UserMessagesTest-volume-type-1955654458 is set by the default quota flag: quota_gigabytes_tempest-UserMessagesTest-volume-type-1955654458, it is now deprecated. Please use the default quota class for default quota.
2025-08-09 03:37:16.363 25 INFO cinder.volume.api [None req-5407c8bb-2e50-4071-ac12-0ce979bc52b9 acb68488df01480aa4dab3fdbf55bb80 93b1a646912c4c1dbf25203bb417a0b1 - - default default] Create volume request issued successfully.
2025-08-09 03:37:16.365 25 INFO cinder.api.openstack.wsgi [None req-5407c8bb-2e50-4071-ac12-0ce979bc52b9 acb68488df01480aa4dab3fdbf55bb80 93b1a646912c4c1dbf25203bb417a0b1 - - default default] http://[LB_IP_ADDRESS]:8776/v3/93b1a646912c4c1dbf25203bb417a0b1/volumes returned with HTTP 202
2025-08-09 03:37:16.391 21 INFO cinder.api.openstack.wsgi [None req-65a07b82-c1ce-4a8a-8da1-804978d0844e acb68488df01480aa4dab3fdbf55bb80 93b1a646912c4c1dbf25203bb417a0b1 - - default default] GET http://[LB_IP_ADDRESS]:8776/v3/93b1a646912c4c1dbf25203bb417a0b1/volumes/0677172f-95cb-4f50-8f9d-906e4e610418
2025-08-09 03:37:16.426 21 INFO cinder.volume.api [None req-65a07b82-c1ce-4a8a-8da1-804978d0844e acb68488df01480aa4dab3fdbf55bb80 93b1a646912c4c1dbf25203bb417a0b1 - - default default] Volume info retrieved successfully.
2025-08-09 03:37:16.437 21 INFO cinder.api.openstack.wsgi [None req-65a07b82-c1ce-4a8a-8da1-804978d0844e acb68488df01480aa4dab3fdbf55bb80 93b1a646912c4c1dbf25203bb417a0b1 - - default default] http://[LB_IP_ADDRESS]:8776/v3/93b1a646912c4c1dbf25203bb417a0b1/volumes/0677172f-95cb-4f50-8f9d-906e4e610418 returned with HTTP 200
2025-08-09 03:37:17.210 24 INFO cinder.api.openstack.wsgi [None req-bc5e6aa1-7b9a-4135-90aa-db82d0d00019 7b6058b6bf3643b7b2d891fe18963c59 4134c549cf2049f0a139b78b9cfd51ef - - default default] GET http://[LB_IP_ADDRESS]:8776/v3/4134c549cf2049f0a139b78b9cfd51ef/volumes/21fba879-ccf9-4059-8193-9cdd1b6338e9
2025-08-09 03:37:17.237 24 INFO cinder.volume.api [None req-bc5e6aa1-7b9a-4135-90aa-db82d0d00019 7b6058b6bf3643b7b2d891fe18963c59 4134c549cf2049f0a139b78b9cfd51ef - - default default] Volume info retrieved successfully.
2025-08-09 03:37:17.264 24 INFO cinder.api.openstack.wsgi [None req-bc5e6aa1-7b9a-4135-90aa-db82d0d00019 7b6058b6bf3643b7b2d891fe18963c59 4134c549cf2049f0a139b78b9cfd51ef - - default default] http://[LB_IP_ADDRESS]:8776/v3/4134c549cf2049f0a139b78b9cfd51ef/volumes/21fba879-ccf9-4059-8193-9cdd1b6338e9 returned with HTTP 200
2025-08-09 03:37:17.464 22 INFO cinder.api.openstack.wsgi [None req-0e4cf2d0-1961-48eb-8646-9c68ad93370e acb68488df01480aa4dab3fdbf55bb80 93b1a646912c4c1dbf25203bb417a0b1 - - default default] GET http://[LB_IP_ADDRESS]:8776/v3/93b1a646912c4c1dbf25203bb417a0b1/volumes/0677172f-95cb-4f50-8f9d-906e4e610418
2025-08-09 03:37:17.484 22 INFO cinder.volume.api [None req-0e4cf2d0-1961-48eb-8646-9c68ad93370e acb68488df01480aa4dab3fdbf55bb80 93b1a646912c4c1dbf25203bb417a0b1 - - default default] Volume info retrieved successfully.
2025-08-09 03:37:17.492 22 INFO cinder.api.openstack.wsgi [None req-0e4cf2d0-1961-48eb-8646-9c68ad93370e acb68488df01480aa4dab3fdbf55bb80 93b1a646912c4c1dbf25203bb417a0b1 - - default default] http://[LB_IP_ADDRESS]:8776/v3/93b1a646912c4c1dbf25203bb417a0b1/volumes/0677172f-95cb-4f50-8f9d-906e4e610418 returned with HTTP 200
2025-08-09 03:37:17.519 23 INFO cinder.api.openstack.wsgi [None req-60d1a248-f5e7-4f23-9e33-30afcc4d7864 acb68488df01480aa4dab3fdbf55bb80 93b1a646912c4c1dbf25203bb417a0b1 - - default default] GET http://[LB_IP_ADDRESS]:8776/v3/93b1a646912c4c1dbf25203bb417a0b1/messages
2025-08-09 03:37:17.528 23 INFO cinder.api.openstack.wsgi [None req-60d1a248-f5e7-4f23-9e33-30afcc4d7864 acb68488df01480aa4dab3fdbf55bb80 93b1a646912c4c1dbf25203bb417a0b1 - - default default] http://[LB_IP_ADDRESS]:8776/v3/93b1a646912c4c1dbf25203bb417a0b1/messages returned with HTTP 200
2025-08-09 03:37:17.543 25 INFO cinder.api.openstack.wsgi [None req-cf7fdb52-5df1-4d6b-8b7c-ccdff92f8179 acb68488df01480aa4dab3fdbf55bb80 93b1a646912c4c1dbf25203bb417a0b1 - - default default] GET http://[LB_IP_ADDRESS]:8776/v3/93b1a646912c4c1dbf25203bb417a0b1/messages/4aa05b98-6b75-4b72-ada2-be028b447352
2025-08-09 03:37:17.550 25 INFO cinder.api.openstack.wsgi [None req-cf7fdb52-5df1-4d6b-8b7c-ccdff92f8179 acb68488df01480aa4dab3fdbf55bb80 93b1a646912c4c1dbf25203bb417a0b1 - - default default] http://[LB_IP_ADDRESS]:8776/v3/93b1a646912c4c1dbf25203bb417a0b1/messages/4aa05b98-6b75-4b72-ada2-be028b447352 returned with HTTP 200
2025-08-09 03:37:17.565 21 INFO cinder.api.openstack.wsgi [None req-6fac7a8b-ed19-4651-a81e-ced030b7f540 acb68488df01480aa4dab3fdbf55bb80 93b1a646912c4c1dbf25203bb417a0b1 - - default default] GET http://[LB_IP_ADDRESS]:8776/v3/93b1a646912c4c1dbf25203bb417a0b1/messages
2025-08-09 03:37:17.576 21 INFO cinder.api.openstack.wsgi [None req-6fac7a8b-ed19-4651-a81e-ced030b7f540 acb68488df01480aa4dab3fdbf55bb80 93b1a646912c4c1dbf25203bb417a0b1 - - default default] http://[LB_IP_ADDRESS]:8776/v3/93b1a646912c4c1dbf25203bb417a0b1/messages returned with HTTP 200
2025-08-09 03:37:17.592 24 INFO cinder.api.openstack.wsgi [None req-a2236c6a-185b-435a-9ada-487eb884990b acb68488df01480aa4dab3fdbf55bb80 93b1a646912c4c1dbf25203bb417a0b1 - - default default] DELETE http://[LB_IP_ADDRESS]:8776/v3/93b1a646912c4c1dbf25203bb417a0b1/messages/4aa05b98-6b75-4b72-ada2-be028b447352
2025-08-09 03:37:17.604 24 INFO cinder.api.openstack.wsgi [None req-a2236c6a-185b-435a-9ada-487eb884990b acb68488df01480aa4dab3fdbf55bb80 93b1a646912c4c1dbf25203bb417a0b1 - - default default] http://[LB_IP_ADDRESS]:8776/v3/93b1a646912c4c1dbf25203bb417a0b1/messages/4aa05b98-6b75-4b72-ada2-be028b447352 returned with HTTP 204
2025-08-09 03:37:17.615 22 INFO cinder.api.openstack.wsgi [None req-c9396064-f153-4006-8833-1d4d69a50efc acb68488df01480aa4dab3fdbf55bb80 93b1a646912c4c1dbf25203bb417a0b1 - - default default] GET http://[LB_IP_ADDRESS]:8776/v3/93b1a646912c4c1dbf25203bb417a0b1/volumes/0677172f-95cb-4f50-8f9d-906e4e610418
2025-08-09 03:37:17.639 22 INFO cinder.volume.api [None req-c9396064-f153-4006-8833-1d4d69a50efc acb68488df01480aa4dab3fdbf55bb80 93b1a646912c4c1dbf25203bb417a0b1 - - default default] Volume info retrieved successfully.
2025-08-09 03:37:17.647 22 INFO cinder.api.openstack.wsgi [None req-c9396064-f153-4006-8833-1d4d69a50efc acb68488df01480aa4dab3fdbf55bb80 93b1a646912c4c1dbf25203bb417a0b1 - - default default] http://[LB_IP_ADDRESS]:8776/v3/93b1a646912c4c1dbf25203bb417a0b1/volumes/0677172f-95cb-4f50-8f9d-906e4e610418 returned with HTTP 200
2025-08-09 03:37:17.674 23 INFO cinder.api.openstack.wsgi [None req-3247e702-016d-415e-8577-c1cf68c63336 acb68488df01480aa4dab3fdbf55bb80 93b1a646912c4c1dbf25203bb417a0b1 - - default default] DELETE http://[LB_IP_ADDRESS]:8776/v3/93b1a646912c4c1dbf25203bb417a0b1/volumes/0677172f-95cb-4f50-8f9d-906e4e610418
2025-08-09 03:37:17.675 23 INFO cinder.api.v3.volumes [None req-3247e702-016d-415e-8577-c1cf68c63336 acb68488df01480aa4dab3fdbf55bb80 93b1a646912c4c1dbf25203bb417a0b1 - - default default] Delete volume with id: 0677172f-95cb-4f50-8f9d-906e4e610418 
2025-08-09 03:37:17.693 23 INFO cinder.volume.api [None req-3247e702-016d-415e-8577-c1cf68c63336 acb68488df01480aa4dab3fdbf55bb80 93b1a646912c4c1dbf25203bb417a0b1 - - default default] Volume info retrieved successfully.
2025-08-09 03:37:17.765 23 WARNING cinder.quota [None req-3247e702-016d-415e-8577-c1cf68c63336 acb68488df01480aa4dab3fdbf55bb80 93b1a646912c4c1dbf25203bb417a0b1 - - default default] Deprecated: Default quota for resource: volumes_tempest-UserMessagesTest-volume-type-1955654458 is set by the default quota flag: quota_volumes_tempest-UserMessagesTest-volume-type-1955654458, it is now deprecated. Please use the default quota class for default quota.
2025-08-09 03:37:17.766 23 WARNING cinder.quota [None req-3247e702-016d-415e-8577-c1cf68c63336 acb68488df01480aa4dab3fdbf55bb80 93b1a646912c4c1dbf25203bb417a0b1 - - default default] Deprecated: Default quota for resource: gigabytes_tempest-UserMessagesTest-volume-type-1955654458 is set by the default quota flag: quota_gigabytes_tempest-UserMessagesTest-volume-type-1955654458, it is now deprecated. Please use the default quota class for default quota.
2025-08-09 03:37:17.814 23 INFO cinder.volume.api [None req-3247e702-016d-415e-8577-c1cf68c63336 acb68488df01480aa4dab3fdbf55bb80 93b1a646912c4c1dbf25203bb417a0b1 - - default default] Delete volume request issued successfully.
2025-08-09 03:37:17.816 23 INFO cinder.api.openstack.wsgi [None req-3247e702-016d-415e-8577-c1cf68c63336 acb68488df01480aa4dab3fdbf55bb80 93b1a646912c4c1dbf25203bb417a0b1 - - default default] http://[LB_IP_ADDRESS]:8776/v3/93b1a646912c4c1dbf25203bb417a0b1/volumes/0677172f-95cb-4f50-8f9d-906e4e610418 returned with HTTP 202
2025-08-09 03:37:17.825 25 INFO cinder.api.openstack.wsgi [None req-51ae7df9-d2d5-47f7-b4a5-d64bb967ca7f acb68488df01480aa4dab3fdbf55bb80 93b1a646912c4c1dbf25203bb417a0b1 - - default default] GET http://[LB_IP_ADDRESS]:8776/v3/93b1a646912c4c1dbf25203bb417a0b1/volumes/0677172f-95cb-4f50-8f9d-906e4e610418
2025-08-09 03:37:17.836 25 INFO cinder.api.openstack.wsgi [None req-51ae7df9-d2d5-47f7-b4a5-d64bb967ca7f acb68488df01480aa4dab3fdbf55bb80 93b1a646912c4c1dbf25203bb417a0b1 - - default default] http://[LB_IP_ADDRESS]:8776/v3/93b1a646912c4c1dbf25203bb417a0b1/volumes/0677172f-95cb-4f50-8f9d-906e4e610418 returned with HTTP 404
2025-08-09 03:37:17.845 21 INFO cinder.api.openstack.wsgi [None req-2b425b75-a986-4a0a-a171-c1051ab4bc30 ba2d623460ef4f68b9306e43eb194c00 b2cf264bd24f4f4c84c3b0aa96804ebb - - default default] DELETE http://[LB_IP_ADDRESS]:8776/v3/b2cf264bd24f4f4c84c3b0aa96804ebb/types/116d6b35-c9c4-465e-8b55-2a8b9f5a78da
2025-08-09 03:37:17.886 21 INFO cinder.api.openstack.wsgi [None req-2b425b75-a986-4a0a-a171-c1051ab4bc30 ba2d623460ef4f68b9306e43eb194c00 b2cf264bd24f4f4c84c3b0aa96804ebb - - default default] http://[LB_IP_ADDRESS]:8776/v3/b2cf264bd24f4f4c84c3b0aa96804ebb/types/116d6b35-c9c4-465e-8b55-2a8b9f5a78da returned with HTTP 202
2025-08-09 03:37:17.897 24 INFO cinder.api.openstack.wsgi [None req-3399dcee-5963-4a29-8e6f-2adf60f88899 ba2d623460ef4f68b9306e43eb194c00 b2cf264bd24f4f4c84c3b0aa96804ebb - - default default] GET http://[LB_IP_ADDRESS]:8776/v3/b2cf264bd24f4f4c84c3b0aa96804ebb/types/116d6b35-c9c4-465e-8b55-2a8b9f5a78da
2025-08-09 03:37:17.903 24 INFO cinder.api.openstack.wsgi [None req-3399dcee-5963-4a29-8e6f-2adf60f88899 ba2d623460ef4f68b9306e43eb194c00 b2cf264bd24f4f4c84c3b0aa96804ebb - - default default] http://[LB_IP_ADDRESS]:8776/v3/b2cf264bd24f4f4c84c3b0aa96804ebb/types/116d6b35-c9c4-465e-8b55-2a8b9f5a78da returned with HTTP 404
2025-08-09 03:37:18.292 22 INFO cinder.api.openstack.wsgi [None req-27a2b5c4-996d-4fad-b47c-638027fb6cd7 7b6058b6bf3643b7b2d891fe18963c59 4134c549cf2049f0a139b78b9cfd51ef - - default default] GET http://[LB_IP_ADDRESS]:8776/v3/4134c549cf2049f0a139b78b9cfd51ef/volumes/21fba879-ccf9-4059-8193-9cdd1b6338e9
2025-08-09 03:37:18.315 22 INFO cinder.volume.api [None req-27a2b5c4-996d-4fad-b47c-638027fb6cd7 7b6058b6bf3643b7b2d891fe18963c59 4134c549cf2049f0a139b78b9cfd51ef - - default default] Volume info retrieved successfully.
2025-08-09 03:37:18.343 22 INFO cinder.api.openstack.wsgi [None req-27a2b5c4-996d-4fad-b47c-638027fb6cd7 7b6058b6bf3643b7b2d891fe18963c59 4134c549cf2049f0a139b78b9cfd51ef - - default default] http://[LB_IP_ADDRESS]:8776/v3/4134c549cf2049f0a139b78b9cfd51ef/volumes/21fba879-ccf9-4059-8193-9cdd1b6338e9 returned with HTTP 200
2025-08-09 03:37:18.371 23 INFO cinder.api.openstack.wsgi [None req-62ae474b-68ee-433a-997c-59b353ab57a8 7b6058b6bf3643b7b2d891fe18963c59 4134c549cf2049f0a139b78b9cfd51ef - - default default] POST http://[LB_IP_ADDRESS]:8776/v3/4134c549cf2049f0a139b78b9cfd51ef/groups/action
2025-08-09 03:37:18.375 23 INFO cinder.api.v3.groups [None req-62ae474b-68ee-433a-997c-59b353ab57a8 7b6058b6bf3643b7b2d891fe18963c59 4134c549cf2049f0a139b78b9cfd51ef - - default default] Creating group tempest-Group_from_grp-1901767351 from source group 68702f8a-b959-49ae-8444-d545d64e52d7.
2025-08-09 03:37:18.936 25 INFO cinder.api.openstack.wsgi [None req-b847a638-f4bd-4c2e-9638-dbf18d58ff3f 64f4f10b52a142978e1bb00386879112 8b7aeca6b1144124b4c062d5c182aa1f - - default default] GET http://[LB_IP_ADDRESS]:8776/v3/8b7aeca6b1144124b4c062d5c182aa1f/os-services
2025-08-09 03:37:18.945 25 INFO cinder.api.openstack.wsgi [None req-b847a638-f4bd-4c2e-9638-dbf18d58ff3f 64f4f10b52a142978e1bb00386879112 8b7aeca6b1144124b4c062d5c182aa1f - - default default] http://[LB_IP_ADDRESS]:8776/v3/8b7aeca6b1144124b4c062d5c182aa1f/os-services returned with HTTP 200
2025-08-09 03:37:18.964 21 INFO cinder.api.openstack.wsgi [None req-33189c27-827d-4ac9-be49-8801e057c61b 64f4f10b52a142978e1bb00386879112 8b7aeca6b1144124b4c062d5c182aa1f - - default default] GET http://[LB_IP_ADDRESS]:8776/v3/8b7aeca6b1144124b4c062d5c182aa1f/os-services?host=rack04-server63
2025-08-09 03:37:18.972 21 INFO cinder.api.openstack.wsgi [None req-33189c27-827d-4ac9-be49-8801e057c61b 64f4f10b52a142978e1bb00386879112 8b7aeca6b1144124b4c062d5c182aa1f - - default default] http://[LB_IP_ADDRESS]:8776/v3/8b7aeca6b1144124b4c062d5c182aa1f/os-services?host=rack04-server63 returned with HTTP 200
2025-08-09 03:37:18.994 24 INFO cinder.api.openstack.wsgi [None req-668bb73b-3bf7-40f3-97b9-6d386e2e4481 64f4f10b52a142978e1bb00386879112 8b7aeca6b1144124b4c062d5c182aa1f - - default default] GET http://[LB_IP_ADDRESS]:8776/v3/8b7aeca6b1144124b4c062d5c182aa1f/os-services?host=rack04-server63&binary=cinder-scheduler
2025-08-09 03:37:19.005 24 INFO cinder.api.openstack.wsgi [None req-668bb73b-3bf7-40f3-97b9-6d386e2e4481 64f4f10b52a142978e1bb00386879112 8b7aeca6b1144124b4c062d5c182aa1f - - default default] http://[LB_IP_ADDRESS]:8776/v3/8b7aeca6b1144124b4c062d5c182aa1f/os-services?host=rack04-server63&binary=cinder-scheduler returned with HTTP 200
2025-08-09 03:37:19.022 22 INFO cinder.api.openstack.wsgi [None req-d383a314-6cb2-4c04-b3c7-f1eff83936b3 64f4f10b52a142978e1bb00386879112 8b7aeca6b1144124b4c062d5c182aa1f - - default default] GET http://[LB_IP_ADDRESS]:8776/v3/8b7aeca6b1144124b4c062d5c182aa1f/os-services?binary=cinder-scheduler
2025-08-09 03:37:19.028 22 INFO cinder.api.openstack.wsgi [None req-d383a314-6cb2-4c04-b3c7-f1eff83936b3 64f4f10b52a142978e1bb00386879112 8b7aeca6b1144124b4c062d5c182aa1f - - default default] http://[LB_IP_ADDRESS]:8776/v3/8b7aeca6b1144124b4c062d5c182aa1f/os-services?binary=cinder-scheduler returned with HTTP 200
2025-08-09 03:37:19.037 23 INFO cinder.group.api [None req-62ae474b-68ee-433a-997c-59b353ab57a8 7b6058b6bf3643b7b2d891fe18963c59 4134c549cf2049f0a139b78b9cfd51ef - - default default] A mapping entry already exists for group 84bb602c-ce0a-415e-b6de-9a91349a85dd and volume type aa758265-ac7e-470d-a3b5-186d685de847. Do not need to create again.
2025-08-09 03:37:19.039 23 INFO cinder.volume.api [None req-62ae474b-68ee-433a-997c-59b353ab57a8 7b6058b6bf3643b7b2d891fe18963c59 4134c549cf2049f0a139b78b9cfd51ef - - default default] Availability Zones retrieved successfully.
2025-08-09 03:37:19.175 25 INFO cinder.api.openstack.wsgi [None req-b72f9f62-fc60-4f3f-8f63-c9463250c9bb f046a3d03c444385812ab866d49fe4be 0c3ae4f43c034852895428eea9d9a7e2 - - default default] POST http://[LB_IP_ADDRESS]:8776/v3/0c3ae4f43c034852895428eea9d9a7e2/volumes
2025-08-09 03:37:19.178 25 INFO cinder.api.v3.volumes [None req-b72f9f62-fc60-4f3f-8f63-c9463250c9bb f046a3d03c444385812ab866d49fe4be 0c3ae4f43c034852895428eea9d9a7e2 - - default default] Create volume of 1 GB
2025-08-09 03:37:19.187 25 INFO cinder.volume.api [None req-b72f9f62-fc60-4f3f-8f63-c9463250c9bb f046a3d03c444385812ab866d49fe4be 0c3ae4f43c034852895428eea9d9a7e2 - - default default] Availability Zones retrieved successfully.
2025-08-09 03:37:19.202 23 WARNING cinder.quota [None req-62ae474b-68ee-433a-997c-59b353ab57a8 7b6058b6bf3643b7b2d891fe18963c59 4134c549cf2049f0a139b78b9cfd51ef - - default default] Deprecated: Default quota for resource: volumes_tempest-GroupsV314Test-volume-type-1509823268 is set by the default quota flag: quota_volumes_tempest-GroupsV314Test-volume-type-1509823268, it is now deprecated. Please use the default quota class for default quota.
2025-08-09 03:37:19.202 23 WARNING cinder.quota [None req-62ae474b-68ee-433a-997c-59b353ab57a8 7b6058b6bf3643b7b2d891fe18963c59 4134c549cf2049f0a139b78b9cfd51ef - - default default] Deprecated: Default quota for resource: gigabytes_tempest-GroupsV314Test-volume-type-1509823268 is set by the default quota flag: quota_gigabytes_tempest-GroupsV314Test-volume-type-1509823268, it is now deprecated. Please use the default quota class for default quota.
2025-08-09 03:37:19.269 23 INFO cinder.volume.api [None req-62ae474b-68ee-433a-997c-59b353ab57a8 7b6058b6bf3643b7b2d891fe18963c59 4134c549cf2049f0a139b78b9cfd51ef - - default default] Create volume request issued successfully.
2025-08-09 03:37:19.289 23 INFO cinder.api.openstack.wsgi [None req-62ae474b-68ee-433a-997c-59b353ab57a8 7b6058b6bf3643b7b2d891fe18963c59 4134c549cf2049f0a139b78b9cfd51ef - - default default] http://[LB_IP_ADDRESS]:8776/v3/4134c549cf2049f0a139b78b9cfd51ef/groups/action returned with HTTP 202
2025-08-09 03:37:19.300 21 INFO cinder.api.openstack.wsgi [None req-5fc5bbc1-57c4-49b9-a118-2e5904c1a7d4 7b6058b6bf3643b7b2d891fe18963c59 4134c549cf2049f0a139b78b9cfd51ef - - default default] GET http://[LB_IP_ADDRESS]:8776/v3/4134c549cf2049f0a139b78b9cfd51ef/volumes/detail
2025-08-09 03:37:19.320 21 INFO cinder.volume.api [None req-5fc5bbc1-57c4-49b9-a118-2e5904c1a7d4 7b6058b6bf3643b7b2d891fe18963c59 4134c549cf2049f0a139b78b9cfd51ef - - default default] Get all volumes completed successfully.
2025-08-09 03:37:19.367 21 INFO cinder.api.openstack.wsgi [None req-5fc5bbc1-57c4-49b9-a118-2e5904c1a7d4 7b6058b6bf3643b7b2d891fe18963c59 4134c549cf2049f0a139b78b9cfd51ef - - default default] http://[LB_IP_ADDRESS]:8776/v3/4134c549cf2049f0a139b78b9cfd51ef/volumes/detail returned with HTTP 200
2025-08-09 03:37:19.396 24 INFO cinder.api.openstack.wsgi [None req-00c3d3a0-c7d7-48c8-9e6e-deffc59dee0b 7b6058b6bf3643b7b2d891fe18963c59 4134c549cf2049f0a139b78b9cfd51ef - - default default] GET http://[LB_IP_ADDRESS]:8776/v3/4134c549cf2049f0a139b78b9cfd51ef/volumes/4b54b3b3-2b38-4bbd-b333-9bf5221d8608
2025-08-09 03:37:19.419 24 INFO cinder.volume.api [None req-00c3d3a0-c7d7-48c8-9e6e-deffc59dee0b 7b6058b6bf3643b7b2d891fe18963c59 4134c549cf2049f0a139b78b9cfd51ef - - default default] Volume info retrieved successfully.
2025-08-09 03:37:19.452 24 INFO cinder.api.openstack.wsgi [None req-00c3d3a0-c7d7-48c8-9e6e-deffc59dee0b 7b6058b6bf3643b7b2d891fe18963c59 4134c549cf2049f0a139b78b9cfd51ef - - default default] http://[LB_IP_ADDRESS]:8776/v3/4134c549cf2049f0a139b78b9cfd51ef/volumes/4b54b3b3-2b38-4bbd-b333-9bf5221d8608 returned with HTTP 200
2025-08-09 03:37:19.454 25 INFO cinder.volume.api [None req-b72f9f62-fc60-4f3f-8f63-c9463250c9bb f046a3d03c444385812ab866d49fe4be 0c3ae4f43c034852895428eea9d9a7e2 - - default default] Create volume request issued successfully.
2025-08-09 03:37:19.456 25 INFO cinder.api.openstack.wsgi [None req-b72f9f62-fc60-4f3f-8f63-c9463250c9bb f046a3d03c444385812ab866d49fe4be 0c3ae4f43c034852895428eea9d9a7e2 - - default default] http://[LB_IP_ADDRESS]:8776/v3/0c3ae4f43c034852895428eea9d9a7e2/volumes returned with HTTP 202
2025-08-09 03:37:19.478 22 INFO cinder.api.openstack.wsgi [None req-1118c4a3-0a26-4c3a-9804-f3587ea664e3 f046a3d03c444385812ab866d49fe4be 0c3ae4f43c034852895428eea9d9a7e2 - - default default] GET http://[LB_IP_ADDRESS]:8776/v3/0c3ae4f43c034852895428eea9d9a7e2/volumes/19d4dd78-3650-44e9-8959-c4f5b547ed44
2025-08-09 03:37:19.501 22 INFO cinder.volume.api [None req-1118c4a3-0a26-4c3a-9804-f3587ea664e3 f046a3d03c444385812ab866d49fe4be 0c3ae4f43c034852895428eea9d9a7e2 - - default default] Volume info retrieved successfully.
2025-08-09 03:37:19.508 22 INFO cinder.api.openstack.wsgi [None req-1118c4a3-0a26-4c3a-9804-f3587ea664e3 f046a3d03c444385812ab866d49fe4be 0c3ae4f43c034852895428eea9d9a7e2 - - default default] http://[LB_IP_ADDRESS]:8776/v3/0c3ae4f43c034852895428eea9d9a7e2/volumes/19d4dd78-3650-44e9-8959-c4f5b547ed44 returned with HTTP 200
