2022-09-02 16:03:13.800 22 INFO cinder.volume.api [None req-d09f40da-b9e5-4f9b-87e9-38693e93e1e2 d0a1627822b74ad4be60708d519e8e40 97367005cd12485ebf1e20c2e1a40f0c - - default default] Snapshot retrieved successfully.
2022-09-02 16:03:13.801 22 INFO cinder.api.openstack.wsgi [None req-d09f40da-b9e5-4f9b-87e9-38693e93e1e2 d0a1627822b74ad4be60708d519e8e40 97367005cd12485ebf1e20c2e1a40f0c - - default default] http://[LB_IP_ADDRESS]:8776/v3/97367005cd12485ebf1e20c2e1a40f0c/snapshots/54eba3ab-f775-4777-b622-336800408d9d returned with HTTP 200
2022-09-02 16:03:13.817 19 INFO cinder.api.openstack.wsgi [None req-315aa1a2-d522-47c7-812f-7169abb8c45a d0a1627822b74ad4be60708d519e8e40 97367005cd12485ebf1e20c2e1a40f0c - - default default] GET http://[LB_IP_ADDRESS]:8776/v3/97367005cd12485ebf1e20c2e1a40f0c/group_snapshots/26dd9180-a46b-42da-9b39-78085c01a53f
2022-09-02 16:03:13.831 19 INFO cinder.api.openstack.wsgi [None req-315aa1a2-d522-47c7-812f-7169abb8c45a d0a1627822b74ad4be60708d519e8e40 97367005cd12485ebf1e20c2e1a40f0c - - default default] http://[LB_IP_ADDRESS]:8776/v3/97367005cd12485ebf1e20c2e1a40f0c/group_snapshots/26dd9180-a46b-42da-9b39-78085c01a53f returned with HTTP 200
2022-09-02 16:03:13.845 21 INFO cinder.api.openstack.wsgi [None req-dfb42ba0-4fe1-4b37-bdd2-bca8a90868ef d0a1627822b74ad4be60708d519e8e40 97367005cd12485ebf1e20c2e1a40f0c - - default default] GET http://[LB_IP_ADDRESS]:8776/v3/97367005cd12485ebf1e20c2e1a40f0c/group_snapshots/detail
2022-09-02 16:03:13.865 21 INFO cinder.api.openstack.wsgi [None req-dfb42ba0-4fe1-4b37-bdd2-bca8a90868ef d0a1627822b74ad4be60708d519e8e40 97367005cd12485ebf1e20c2e1a40f0c - - default default] http://[LB_IP_ADDRESS]:8776/v3/97367005cd12485ebf1e20c2e1a40f0c/group_snapshots/detail returned with HTTP 200
2022-09-02 16:03:13.881 20 INFO cinder.api.openstack.wsgi [None req-173a37b8-1814-416c-a1d4-c4df7e2ede76 d0a1627822b74ad4be60708d519e8e40 97367005cd12485ebf1e20c2e1a40f0c - - default default] DELETE http://[LB_IP_ADDRESS]:8776/v3/97367005cd12485ebf1e20c2e1a40f0c/group_snapshots/26dd9180-a46b-42da-9b39-78085c01a53f
2022-09-02 16:03:13.881 20 INFO cinder.api.v3.group_snapshots [None req-173a37b8-1814-416c-a1d4-c4df7e2ede76 d0a1627822b74ad4be60708d519e8e40 97367005cd12485ebf1e20c2e1a40f0c - - default default] Delete group_snapshot with id: 26dd9180-a46b-42da-9b39-78085c01a53f
2022-09-02 16:03:13.927 20 INFO cinder.api.openstack.wsgi [None req-173a37b8-1814-416c-a1d4-c4df7e2ede76 d0a1627822b74ad4be60708d519e8e40 97367005cd12485ebf1e20c2e1a40f0c - - default default] http://[LB_IP_ADDRESS]:8776/v3/97367005cd12485ebf1e20c2e1a40f0c/group_snapshots/26dd9180-a46b-42da-9b39-78085c01a53f returned with HTTP 202
2022-09-02 16:03:13.939 23 INFO cinder.api.openstack.wsgi [None req-709433a7-ade0-4282-863f-ae042245f34f d0a1627822b74ad4be60708d519e8e40 97367005cd12485ebf1e20c2e1a40f0c - - default default] GET http://[LB_IP_ADDRESS]:8776/v3/97367005cd12485ebf1e20c2e1a40f0c/volumes/detail
2022-09-02 16:03:13.964 23 INFO cinder.volume.api [None req-709433a7-ade0-4282-863f-ae042245f34f d0a1627822b74ad4be60708d519e8e40 97367005cd12485ebf1e20c2e1a40f0c - - default default] Get all volumes completed successfully.
2022-09-02 16:03:13.988 23 INFO cinder.api.openstack.wsgi [None req-709433a7-ade0-4282-863f-ae042245f34f d0a1627822b74ad4be60708d519e8e40 97367005cd12485ebf1e20c2e1a40f0c - - default default] http://[LB_IP_ADDRESS]:8776/v3/97367005cd12485ebf1e20c2e1a40f0c/volumes/detail returned with HTTP 200
2022-09-02 16:03:14.010 22 INFO cinder.api.openstack.wsgi [None req-5614b98b-38c7-4a2b-90e1-0359d47012e8 d0a1627822b74ad4be60708d519e8e40 97367005cd12485ebf1e20c2e1a40f0c - - default default] GET http://[LB_IP_ADDRESS]:8776/v3/97367005cd12485ebf1e20c2e1a40f0c/snapshots/detail
2022-09-02 16:03:14.023 22 INFO cinder.volume.api [None req-5614b98b-38c7-4a2b-90e1-0359d47012e8 d0a1627822b74ad4be60708d519e8e40 97367005cd12485ebf1e20c2e1a40f0c - - default default] Get all snapshots completed successfully.
2022-09-02 16:03:14.025 22 INFO cinder.api.openstack.wsgi [None req-5614b98b-38c7-4a2b-90e1-0359d47012e8 d0a1627822b74ad4be60708d519e8e40 97367005cd12485ebf1e20c2e1a40f0c - - default default] http://[LB_IP_ADDRESS]:8776/v3/97367005cd12485ebf1e20c2e1a40f0c/snapshots/detail returned with HTTP 200
2022-09-02 16:03:14.040 19 INFO cinder.api.openstack.wsgi [None req-548a6c95-7fea-47ab-95ed-070fa4d98269 d0a1627822b74ad4be60708d519e8e40 97367005cd12485ebf1e20c2e1a40f0c - - default default] GET http://[LB_IP_ADDRESS]:8776/v3/97367005cd12485ebf1e20c2e1a40f0c/snapshots/54eba3ab-f775-4777-b622-336800408d9d
2022-09-02 16:03:14.052 19 INFO cinder.volume.api [None req-548a6c95-7fea-47ab-95ed-070fa4d98269 d0a1627822b74ad4be60708d519e8e40 97367005cd12485ebf1e20c2e1a40f0c - - default default] Snapshot retrieved successfully.
2022-09-02 16:03:14.053 19 INFO cinder.api.openstack.wsgi [None req-548a6c95-7fea-47ab-95ed-070fa4d98269 d0a1627822b74ad4be60708d519e8e40 97367005cd12485ebf1e20c2e1a40f0c - - default default] http://[LB_IP_ADDRESS]:8776/v3/97367005cd12485ebf1e20c2e1a40f0c/snapshots/54eba3ab-f775-4777-b622-336800408d9d returned with HTTP 200
2022-09-02 16:03:14.063 21 INFO cinder.api.openstack.wsgi [None req-d0008e77-f33e-45a4-9987-05632c2925b8 2481db7a84c0464d9879460a0c6326da 887362ca8fa0441cba2425b088f65b3a - - default default] GET http://[LB_IP_ADDRESS]:8776/v3/887362ca8fa0441cba2425b088f65b3a/volumes/8c855474-c1d3-4f74-99f4-4230e599eba9
2022-09-02 16:03:14.095 21 INFO cinder.volume.api [None req-d0008e77-f33e-45a4-9987-05632c2925b8 2481db7a84c0464d9879460a0c6326da 887362ca8fa0441cba2425b088f65b3a - - default default] Volume info retrieved successfully.
2022-09-02 16:03:14.104 21 INFO cinder.api.openstack.wsgi [None req-d0008e77-f33e-45a4-9987-05632c2925b8 2481db7a84c0464d9879460a0c6326da 887362ca8fa0441cba2425b088f65b3a - - default default] http://[LB_IP_ADDRESS]:8776/v3/887362ca8fa0441cba2425b088f65b3a/volumes/8c855474-c1d3-4f74-99f4-4230e599eba9 returned with HTTP 200
2022-09-02 16:03:15.068 20 INFO cinder.api.openstack.wsgi [None req-8c56e72b-4a47-44dd-9e73-9106cdbb975c d0a1627822b74ad4be60708d519e8e40 97367005cd12485ebf1e20c2e1a40f0c - - default default] GET http://[LB_IP_ADDRESS]:8776/v3/97367005cd12485ebf1e20c2e1a40f0c/snapshots/54eba3ab-f775-4777-b622-336800408d9d
2022-09-02 16:03:15.079 20 INFO cinder.api.openstack.wsgi [None req-8c56e72b-4a47-44dd-9e73-9106cdbb975c d0a1627822b74ad4be60708d519e8e40 97367005cd12485ebf1e20c2e1a40f0c - - default default] http://[LB_IP_ADDRESS]:8776/v3/97367005cd12485ebf1e20c2e1a40f0c/snapshots/54eba3ab-f775-4777-b622-336800408d9d returned with HTTP 404
2022-09-02 16:03:15.092 23 INFO cinder.api.openstack.wsgi [None req-85de9020-43d4-4b3d-aa41-99a69e7a3f1c d0a1627822b74ad4be60708d519e8e40 97367005cd12485ebf1e20c2e1a40f0c - - default default] GET http://[LB_IP_ADDRESS]:8776/v3/97367005cd12485ebf1e20c2e1a40f0c/group_snapshots/26dd9180-a46b-42da-9b39-78085c01a53f
2022-09-02 16:03:15.098 23 INFO cinder.api.openstack.wsgi [None req-85de9020-43d4-4b3d-aa41-99a69e7a3f1c d0a1627822b74ad4be60708d519e8e40 97367005cd12485ebf1e20c2e1a40f0c - - default default] http://[LB_IP_ADDRESS]:8776/v3/97367005cd12485ebf1e20c2e1a40f0c/group_snapshots/26dd9180-a46b-42da-9b39-78085c01a53f returned with HTTP 404
2022-09-02 16:03:15.110 22 INFO cinder.api.openstack.wsgi [None req-08338cad-b4d7-4cd4-9a60-1161f9280116 d0a1627822b74ad4be60708d519e8e40 97367005cd12485ebf1e20c2e1a40f0c - - default default] GET http://[LB_IP_ADDRESS]:8776/v3/97367005cd12485ebf1e20c2e1a40f0c/group_snapshots
2022-09-02 16:03:15.118 22 INFO cinder.api.openstack.wsgi [None req-08338cad-b4d7-4cd4-9a60-1161f9280116 d0a1627822b74ad4be60708d519e8e40 97367005cd12485ebf1e20c2e1a40f0c - - default default] http://[LB_IP_ADDRESS]:8776/v3/97367005cd12485ebf1e20c2e1a40f0c/group_snapshots returned with HTTP 200
2022-09-02 16:03:15.124 19 INFO cinder.api.openstack.wsgi [None req-e55b79cd-10b4-4ad1-9f2c-d12ac21ecfd7 2481db7a84c0464d9879460a0c6326da 887362ca8fa0441cba2425b088f65b3a - - default default] GET http://[LB_IP_ADDRESS]:8776/v3/887362ca8fa0441cba2425b088f65b3a/volumes/8c855474-c1d3-4f74-99f4-4230e599eba9
2022-09-02 16:03:15.133 21 INFO cinder.api.openstack.wsgi [None req-a70b8982-c240-4901-8f4e-aa0ac6cad024 d0a1627822b74ad4be60708d519e8e40 97367005cd12485ebf1e20c2e1a40f0c - - default default] DELETE http://[LB_IP_ADDRESS]:8776/v3/97367005cd12485ebf1e20c2e1a40f0c/group_snapshots/26dd9180-a46b-42da-9b39-78085c01a53f
2022-09-02 16:03:15.134 21 INFO cinder.api.v3.group_snapshots [None req-a70b8982-c240-4901-8f4e-aa0ac6cad024 d0a1627822b74ad4be60708d519e8e40 97367005cd12485ebf1e20c2e1a40f0c - - default default] Delete group_snapshot with id: 26dd9180-a46b-42da-9b39-78085c01a53f
2022-09-02 16:03:15.138 21 INFO cinder.api.openstack.wsgi [None req-a70b8982-c240-4901-8f4e-aa0ac6cad024 d0a1627822b74ad4be60708d519e8e40 97367005cd12485ebf1e20c2e1a40f0c - - default default] http://[LB_IP_ADDRESS]:8776/v3/97367005cd12485ebf1e20c2e1a40f0c/group_snapshots/26dd9180-a46b-42da-9b39-78085c01a53f returned with HTTP 404
2022-09-02 16:03:15.149 20 INFO cinder.api.openstack.wsgi [None req-3007fd8b-3960-4d45-9a63-ecca87b4bae2 d0a1627822b74ad4be60708d519e8e40 97367005cd12485ebf1e20c2e1a40f0c - - default default] GET http://[LB_IP_ADDRESS]:8776/v3/97367005cd12485ebf1e20c2e1a40f0c/volumes/detail
2022-09-02 16:03:15.156 19 INFO cinder.volume.api [None req-e55b79cd-10b4-4ad1-9f2c-d12ac21ecfd7 2481db7a84c0464d9879460a0c6326da 887362ca8fa0441cba2425b088f65b3a - - default default] Volume info retrieved successfully.
2022-09-02 16:03:15.164 19 INFO cinder.api.openstack.wsgi [None req-e55b79cd-10b4-4ad1-9f2c-d12ac21ecfd7 2481db7a84c0464d9879460a0c6326da 887362ca8fa0441cba2425b088f65b3a - - default default] http://[LB_IP_ADDRESS]:8776/v3/887362ca8fa0441cba2425b088f65b3a/volumes/8c855474-c1d3-4f74-99f4-4230e599eba9 returned with HTTP 200
2022-09-02 16:03:15.173 20 INFO cinder.volume.api [None req-3007fd8b-3960-4d45-9a63-ecca87b4bae2 d0a1627822b74ad4be60708d519e8e40 97367005cd12485ebf1e20c2e1a40f0c - - default default] Get all volumes completed successfully.
2022-09-02 16:03:15.201 20 INFO cinder.api.openstack.wsgi [None req-3007fd8b-3960-4d45-9a63-ecca87b4bae2 d0a1627822b74ad4be60708d519e8e40 97367005cd12485ebf1e20c2e1a40f0c - - default default] http://[LB_IP_ADDRESS]:8776/v3/97367005cd12485ebf1e20c2e1a40f0c/volumes/detail returned with HTTP 200
2022-09-02 16:03:15.224 23 INFO cinder.api.openstack.wsgi [None req-630a13a7-c0bc-49ee-9da1-fd6c00cec46a d0a1627822b74ad4be60708d519e8e40 97367005cd12485ebf1e20c2e1a40f0c - - default default] POST http://[LB_IP_ADDRESS]:8776/v3/97367005cd12485ebf1e20c2e1a40f0c/groups/8631e92b-4bbd-4f2f-b232-806d98f4cc97/action
2022-09-02 16:03:15.228 23 INFO cinder.api.v3.groups [None req-630a13a7-c0bc-49ee-9da1-fd6c00cec46a d0a1627822b74ad4be60708d519e8e40 97367005cd12485ebf1e20c2e1a40f0c - - default default] Delete group with id: 8631e92b-4bbd-4f2f-b232-806d98f4cc97
2022-09-02 16:03:15.293 23 INFO cinder.api.openstack.wsgi [None req-630a13a7-c0bc-49ee-9da1-fd6c00cec46a d0a1627822b74ad4be60708d519e8e40 97367005cd12485ebf1e20c2e1a40f0c - - default default] http://[LB_IP_ADDRESS]:8776/v3/97367005cd12485ebf1e20c2e1a40f0c/groups/8631e92b-4bbd-4f2f-b232-806d98f4cc97/action returned with HTTP 202
2022-09-02 16:03:15.305 22 INFO cinder.api.openstack.wsgi [None req-4d882411-24d6-4c9b-a64a-5008d9b7fce6 d0a1627822b74ad4be60708d519e8e40 97367005cd12485ebf1e20c2e1a40f0c - - default default] GET http://[LB_IP_ADDRESS]:8776/v3/97367005cd12485ebf1e20c2e1a40f0c/volumes/601af290-49ee-4117-a133-021dceb3f146
2022-09-02 16:03:15.326 22 INFO cinder.volume.api [None req-4d882411-24d6-4c9b-a64a-5008d9b7fce6 d0a1627822b74ad4be60708d519e8e40 97367005cd12485ebf1e20c2e1a40f0c - - default default] Volume info retrieved successfully.
2022-09-02 16:03:15.349 22 INFO cinder.api.openstack.wsgi [None req-4d882411-24d6-4c9b-a64a-5008d9b7fce6 d0a1627822b74ad4be60708d519e8e40 97367005cd12485ebf1e20c2e1a40f0c - - default default] http://[LB_IP_ADDRESS]:8776/v3/97367005cd12485ebf1e20c2e1a40f0c/volumes/601af290-49ee-4117-a133-021dceb3f146 returned with HTTP 200
2022-09-02 16:03:16.185 21 INFO cinder.api.openstack.wsgi [None req-75b382e5-a506-4a8e-b9f3-0f5413ab7440 2481db7a84c0464d9879460a0c6326da 887362ca8fa0441cba2425b088f65b3a - - default default] GET http://[LB_IP_ADDRESS]:8776/v3/887362ca8fa0441cba2425b088f65b3a/volumes/8c855474-c1d3-4f74-99f4-4230e599eba9
2022-09-02 16:03:16.211 21 INFO cinder.volume.api [None req-75b382e5-a506-4a8e-b9f3-0f5413ab7440 2481db7a84c0464d9879460a0c6326da 887362ca8fa0441cba2425b088f65b3a - - default default] Volume info retrieved successfully.
2022-09-02 16:03:16.221 21 INFO cinder.api.openstack.wsgi [None req-75b382e5-a506-4a8e-b9f3-0f5413ab7440 2481db7a84c0464d9879460a0c6326da 887362ca8fa0441cba2425b088f65b3a - - default default] http://[LB_IP_ADDRESS]:8776/v3/887362ca8fa0441cba2425b088f65b3a/volumes/8c855474-c1d3-4f74-99f4-4230e599eba9 returned with HTTP 200
2022-09-02 16:03:16.371 19 INFO cinder.api.openstack.wsgi [None req-11404159-5844-46c8-a64c-06703d8561fd d0a1627822b74ad4be60708d519e8e40 97367005cd12485ebf1e20c2e1a40f0c - - default default] GET http://[LB_IP_ADDRESS]:8776/v3/97367005cd12485ebf1e20c2e1a40f0c/volumes/601af290-49ee-4117-a133-021dceb3f146
2022-09-02 16:03:16.384 19 INFO cinder.api.openstack.wsgi [None req-11404159-5844-46c8-a64c-06703d8561fd d0a1627822b74ad4be60708d519e8e40 97367005cd12485ebf1e20c2e1a40f0c - - default default] http://[LB_IP_ADDRESS]:8776/v3/97367005cd12485ebf1e20c2e1a40f0c/volumes/601af290-49ee-4117-a133-021dceb3f146 returned with HTTP 404
2022-09-02 16:03:16.398 20 INFO cinder.api.openstack.wsgi [None req-22570a1e-7892-4446-8060-ce5424122a7c d0a1627822b74ad4be60708d519e8e40 97367005cd12485ebf1e20c2e1a40f0c - - default default] GET http://[LB_IP_ADDRESS]:8776/v3/97367005cd12485ebf1e20c2e1a40f0c/groups/8631e92b-4bbd-4f2f-b232-806d98f4cc97
2022-09-02 16:03:16.404 20 INFO cinder.api.openstack.wsgi [None req-22570a1e-7892-4446-8060-ce5424122a7c d0a1627822b74ad4be60708d519e8e40 97367005cd12485ebf1e20c2e1a40f0c - - default default] http://[LB_IP_ADDRESS]:8776/v3/97367005cd12485ebf1e20c2e1a40f0c/groups/8631e92b-4bbd-4f2f-b232-806d98f4cc97 returned with HTTP 404
2022-09-02 16:03:16.417 23 INFO cinder.api.openstack.wsgi [None req-70d7112f-d153-4997-9576-b3bee7e422c2 8532e08763d0447d9c9408826502c7df d5e556587b3b4e33a39692591ae74b6e - - default default] DELETE http://[LB_IP_ADDRESS]:8776/v3/d5e556587b3b4e33a39692591ae74b6e/group_types/8eacd948-1231-4224-ba68-f333ece10479
2022-09-02 16:03:16.438 23 INFO cinder.api.openstack.wsgi [None req-70d7112f-d153-4997-9576-b3bee7e422c2 8532e08763d0447d9c9408826502c7df d5e556587b3b4e33a39692591ae74b6e - - default default] http://[LB_IP_ADDRESS]:8776/v3/d5e556587b3b4e33a39692591ae74b6e/group_types/8eacd948-1231-4224-ba68-f333ece10479 returned with HTTP 202
2022-09-02 16:03:16.452 22 INFO cinder.api.openstack.wsgi [None req-2bfe77af-e533-4f1f-b006-1bfcd63408b2 d0a1627822b74ad4be60708d519e8e40 97367005cd12485ebf1e20c2e1a40f0c - - default default] DELETE http://[LB_IP_ADDRESS]:8776/v3/97367005cd12485ebf1e20c2e1a40f0c/volumes/601af290-49ee-4117-a133-021dceb3f146
2022-09-02 16:03:16.454 22 INFO cinder.api.v3.volumes [None req-2bfe77af-e533-4f1f-b006-1bfcd63408b2 d0a1627822b74ad4be60708d519e8e40 97367005cd12485ebf1e20c2e1a40f0c - - default default] Delete volume with id: 601af290-49ee-4117-a133-021dceb3f146 
2022-09-02 16:03:16.479 22 INFO cinder.api.openstack.wsgi [None req-2bfe77af-e533-4f1f-b006-1bfcd63408b2 d0a1627822b74ad4be60708d519e8e40 97367005cd12485ebf1e20c2e1a40f0c - - default default] http://[LB_IP_ADDRESS]:8776/v3/97367005cd12485ebf1e20c2e1a40f0c/volumes/601af290-49ee-4117-a133-021dceb3f146 returned with HTTP 404
2022-09-02 16:03:16.495 21 INFO cinder.api.openstack.wsgi [None req-60e17fcc-9d80-4a71-9701-651d795e230a 8532e08763d0447d9c9408826502c7df d5e556587b3b4e33a39692591ae74b6e - - default default] DELETE http://[LB_IP_ADDRESS]:8776/v3/d5e556587b3b4e33a39692591ae74b6e/types/3ae3d913-33d3-45b4-8431-cd5993149c24
2022-09-02 16:03:16.557 21 INFO cinder.api.openstack.wsgi [None req-60e17fcc-9d80-4a71-9701-651d795e230a 8532e08763d0447d9c9408826502c7df d5e556587b3b4e33a39692591ae74b6e - - default default] http://[LB_IP_ADDRESS]:8776/v3/d5e556587b3b4e33a39692591ae74b6e/types/3ae3d913-33d3-45b4-8431-cd5993149c24 returned with HTTP 202
2022-09-02 16:03:16.568 19 INFO cinder.api.openstack.wsgi [None req-509c5279-c33a-46d1-b52c-57216b0f293d 8532e08763d0447d9c9408826502c7df d5e556587b3b4e33a39692591ae74b6e - - default default] GET http://[LB_IP_ADDRESS]:8776/v3/d5e556587b3b4e33a39692591ae74b6e/types/3ae3d913-33d3-45b4-8431-cd5993149c24
2022-09-02 16:03:16.575 19 INFO cinder.api.openstack.wsgi [None req-509c5279-c33a-46d1-b52c-57216b0f293d 8532e08763d0447d9c9408826502c7df d5e556587b3b4e33a39692591ae74b6e - - default default] http://[LB_IP_ADDRESS]:8776/v3/d5e556587b3b4e33a39692591ae74b6e/types/3ae3d913-33d3-45b4-8431-cd5993149c24 returned with HTTP 404
2022-09-02 16:03:16.587 20 INFO cinder.api.openstack.wsgi [None req-44dd82c2-1e04-4b05-b609-cf2ab4500c17 d0a1627822b74ad4be60708d519e8e40 97367005cd12485ebf1e20c2e1a40f0c - - default default] DELETE http://[LB_IP_ADDRESS]:8776/v3/97367005cd12485ebf1e20c2e1a40f0c/volumes/5335165e-0339-4c8d-aebb-d346ee7f77ac
2022-09-02 16:03:16.588 20 INFO cinder.api.v3.volumes [None req-44dd82c2-1e04-4b05-b609-cf2ab4500c17 d0a1627822b74ad4be60708d519e8e40 97367005cd12485ebf1e20c2e1a40f0c - - default default] Delete volume with id: 5335165e-0339-4c8d-aebb-d346ee7f77ac 
2022-09-02 16:03:16.600 20 INFO cinder.api.openstack.wsgi [None req-44dd82c2-1e04-4b05-b609-cf2ab4500c17 d0a1627822b74ad4be60708d519e8e40 97367005cd12485ebf1e20c2e1a40f0c - - default default] http://[LB_IP_ADDRESS]:8776/v3/97367005cd12485ebf1e20c2e1a40f0c/volumes/5335165e-0339-4c8d-aebb-d346ee7f77ac returned with HTTP 404
2022-09-02 16:03:16.612 23 INFO cinder.api.openstack.wsgi [None req-c51813f1-d444-4bb6-940a-effdccfa8cc1 d0a1627822b74ad4be60708d519e8e40 97367005cd12485ebf1e20c2e1a40f0c - - default default] DELETE http://[LB_IP_ADDRESS]:8776/v3/97367005cd12485ebf1e20c2e1a40f0c/volumes/8360fb75-319d-4475-837e-5fd52a1424b1
2022-09-02 16:03:16.613 23 INFO cinder.api.v3.volumes [None req-c51813f1-d444-4bb6-940a-effdccfa8cc1 d0a1627822b74ad4be60708d519e8e40 97367005cd12485ebf1e20c2e1a40f0c - - default default] Delete volume with id: 8360fb75-319d-4475-837e-5fd52a1424b1 
2022-09-02 16:03:16.629 23 INFO cinder.api.openstack.wsgi [None req-c51813f1-d444-4bb6-940a-effdccfa8cc1 d0a1627822b74ad4be60708d519e8e40 97367005cd12485ebf1e20c2e1a40f0c - - default default] http://[LB_IP_ADDRESS]:8776/v3/97367005cd12485ebf1e20c2e1a40f0c/volumes/8360fb75-319d-4475-837e-5fd52a1424b1 returned with HTTP 404
2022-09-02 16:03:16.647 22 INFO cinder.api.openstack.wsgi [None req-8cd03462-79fb-40e6-aefd-022b252dc49e 8532e08763d0447d9c9408826502c7df d5e556587b3b4e33a39692591ae74b6e - - default default] DELETE http://[LB_IP_ADDRESS]:8776/v3/d5e556587b3b4e33a39692591ae74b6e/types/d6970864-81c7-4aaf-aaa4-6d6ce75df97a
2022-09-02 16:03:16.716 22 INFO cinder.api.openstack.wsgi [None req-8cd03462-79fb-40e6-aefd-022b252dc49e 8532e08763d0447d9c9408826502c7df d5e556587b3b4e33a39692591ae74b6e - - default default] http://[LB_IP_ADDRESS]:8776/v3/d5e556587b3b4e33a39692591ae74b6e/types/d6970864-81c7-4aaf-aaa4-6d6ce75df97a returned with HTTP 202
2022-09-02 16:03:16.727 21 INFO cinder.api.openstack.wsgi [None req-cd1928d9-a724-455b-92d3-da1b8f301abf 8532e08763d0447d9c9408826502c7df d5e556587b3b4e33a39692591ae74b6e - - default default] GET http://[LB_IP_ADDRESS]:8776/v3/d5e556587b3b4e33a39692591ae74b6e/types/d6970864-81c7-4aaf-aaa4-6d6ce75df97a
2022-09-02 16:03:16.735 21 INFO cinder.api.openstack.wsgi [None req-cd1928d9-a724-455b-92d3-da1b8f301abf 8532e08763d0447d9c9408826502c7df d5e556587b3b4e33a39692591ae74b6e - - default default] http://[LB_IP_ADDRESS]:8776/v3/d5e556587b3b4e33a39692591ae74b6e/types/d6970864-81c7-4aaf-aaa4-6d6ce75df97a returned with HTTP 404
2022-09-02 16:03:16.745 19 INFO cinder.api.openstack.wsgi [None req-62651d45-443b-41a4-9735-3001866632db d0a1627822b74ad4be60708d519e8e40 97367005cd12485ebf1e20c2e1a40f0c - - default default] DELETE http://[LB_IP_ADDRESS]:8776/v3/97367005cd12485ebf1e20c2e1a40f0c/volumes/7992be67-36d9-4136-af73-e7ff262bd201
2022-09-02 16:03:16.747 19 INFO cinder.api.v3.volumes [None req-62651d45-443b-41a4-9735-3001866632db d0a1627822b74ad4be60708d519e8e40 97367005cd12485ebf1e20c2e1a40f0c - - default default] Delete volume with id: 7992be67-36d9-4136-af73-e7ff262bd201 
2022-09-02 16:03:16.759 19 INFO cinder.api.openstack.wsgi [None req-62651d45-443b-41a4-9735-3001866632db d0a1627822b74ad4be60708d519e8e40 97367005cd12485ebf1e20c2e1a40f0c - - default default] http://[LB_IP_ADDRESS]:8776/v3/97367005cd12485ebf1e20c2e1a40f0c/volumes/7992be67-36d9-4136-af73-e7ff262bd201 returned with HTTP 404
2022-09-02 16:03:16.770 20 INFO cinder.api.openstack.wsgi [None req-40514e89-678b-40e9-8a26-cc8516f2eaab 8532e08763d0447d9c9408826502c7df d5e556587b3b4e33a39692591ae74b6e - - default default] DELETE http://[LB_IP_ADDRESS]:8776/v3/d5e556587b3b4e33a39692591ae74b6e/types/e1e6630d-1fe8-4c8d-8f85-8abfb7af562f
2022-09-02 16:03:16.827 20 INFO cinder.api.openstack.wsgi [None req-40514e89-678b-40e9-8a26-cc8516f2eaab 8532e08763d0447d9c9408826502c7df d5e556587b3b4e33a39692591ae74b6e - - default default] http://[LB_IP_ADDRESS]:8776/v3/d5e556587b3b4e33a39692591ae74b6e/types/e1e6630d-1fe8-4c8d-8f85-8abfb7af562f returned with HTTP 202
2022-09-02 16:03:16.838 23 INFO cinder.api.openstack.wsgi [None req-283bd4fa-a25e-4115-8eaf-4ba194791c8a 8532e08763d0447d9c9408826502c7df d5e556587b3b4e33a39692591ae74b6e - - default default] GET http://[LB_IP_ADDRESS]:8776/v3/d5e556587b3b4e33a39692591ae74b6e/types/e1e6630d-1fe8-4c8d-8f85-8abfb7af562f
2022-09-02 16:03:16.845 23 INFO cinder.api.openstack.wsgi [None req-283bd4fa-a25e-4115-8eaf-4ba194791c8a 8532e08763d0447d9c9408826502c7df d5e556587b3b4e33a39692591ae74b6e - - default default] http://[LB_IP_ADDRESS]:8776/v3/d5e556587b3b4e33a39692591ae74b6e/types/e1e6630d-1fe8-4c8d-8f85-8abfb7af562f returned with HTTP 404
2022-09-02 16:03:17.242 22 INFO cinder.api.openstack.wsgi [None req-9aba70ec-2524-413c-af59-cd3b43cfaa2f 2481db7a84c0464d9879460a0c6326da 887362ca8fa0441cba2425b088f65b3a - - default default] GET http://[LB_IP_ADDRESS]:8776/v3/887362ca8fa0441cba2425b088f65b3a/volumes/8c855474-c1d3-4f74-99f4-4230e599eba9
2022-09-02 16:03:17.272 22 INFO cinder.volume.api [None req-9aba70ec-2524-413c-af59-cd3b43cfaa2f 2481db7a84c0464d9879460a0c6326da 887362ca8fa0441cba2425b088f65b3a - - default default] Volume info retrieved successfully.
2022-09-02 16:03:17.280 22 INFO cinder.api.openstack.wsgi [None req-9aba70ec-2524-413c-af59-cd3b43cfaa2f 2481db7a84c0464d9879460a0c6326da 887362ca8fa0441cba2425b088f65b3a - - default default] http://[LB_IP_ADDRESS]:8776/v3/887362ca8fa0441cba2425b088f65b3a/volumes/8c855474-c1d3-4f74-99f4-4230e599eba9 returned with HTTP 200
2022-09-02 16:03:18.301 21 INFO cinder.api.openstack.wsgi [None req-b4d5991d-76df-483f-9312-c277aa748ca8 2481db7a84c0464d9879460a0c6326da 887362ca8fa0441cba2425b088f65b3a - - default default] GET http://[LB_IP_ADDRESS]:8776/v3/887362ca8fa0441cba2425b088f65b3a/volumes/8c855474-c1d3-4f74-99f4-4230e599eba9
2022-09-02 16:03:18.327 21 INFO cinder.volume.api [None req-b4d5991d-76df-483f-9312-c277aa748ca8 2481db7a84c0464d9879460a0c6326da 887362ca8fa0441cba2425b088f65b3a - - default default] Volume info retrieved successfully.
2022-09-02 16:03:18.335 21 INFO cinder.api.openstack.wsgi [None req-b4d5991d-76df-483f-9312-c277aa748ca8 2481db7a84c0464d9879460a0c6326da 887362ca8fa0441cba2425b088f65b3a - - default default] http://[LB_IP_ADDRESS]:8776/v3/887362ca8fa0441cba2425b088f65b3a/volumes/8c855474-c1d3-4f74-99f4-4230e599eba9 returned with HTTP 200
2022-09-02 16:03:18.952 19 INFO cinder.api.openstack.wsgi [None req-3f8b4ac6-c137-4ad3-b354-9730e889777d df367273b23045bfa0c1af1cd7a4b412 05b1ed10a3154fe2a6673bb10d5983ad - - default default] GET http://[LB_IP_ADDRESS]:8776/v3/05b1ed10a3154fe2a6673bb10d5983ad/os-services
2022-09-02 16:03:18.960 19 INFO cinder.api.openstack.wsgi [None req-3f8b4ac6-c137-4ad3-b354-9730e889777d df367273b23045bfa0c1af1cd7a4b412 05b1ed10a3154fe2a6673bb10d5983ad - - default default] http://[LB_IP_ADDRESS]:8776/v3/05b1ed10a3154fe2a6673bb10d5983ad/os-services returned with HTTP 200
2022-09-02 16:03:18.980 20 INFO cinder.api.openstack.wsgi [None req-fa6f0674-1cae-4a3b-b35f-3ede0663bca3 df367273b23045bfa0c1af1cd7a4b412 05b1ed10a3154fe2a6673bb10d5983ad - - default default] GET http://[LB_IP_ADDRESS]:8776/v3/05b1ed10a3154fe2a6673bb10d5983ad/os-services?host=rack05-server60
2022-09-02 16:03:18.992 20 INFO cinder.api.openstack.wsgi [None req-fa6f0674-1cae-4a3b-b35f-3ede0663bca3 df367273b23045bfa0c1af1cd7a4b412 05b1ed10a3154fe2a6673bb10d5983ad - - default default] http://[LB_IP_ADDRESS]:8776/v3/05b1ed10a3154fe2a6673bb10d5983ad/os-services?host=rack05-server60 returned with HTTP 200
2022-09-02 16:03:19.010 23 INFO cinder.api.openstack.wsgi [None req-4688bad1-d339-453f-a099-6bfa2d4a598a df367273b23045bfa0c1af1cd7a4b412 05b1ed10a3154fe2a6673bb10d5983ad - - default default] GET http://[LB_IP_ADDRESS]:8776/v3/05b1ed10a3154fe2a6673bb10d5983ad/os-services?host=rack05-server60&binary=cinder-scheduler
2022-09-02 16:03:19.023 23 INFO cinder.api.openstack.wsgi [None req-4688bad1-d339-453f-a099-6bfa2d4a598a df367273b23045bfa0c1af1cd7a4b412 05b1ed10a3154fe2a6673bb10d5983ad - - default default] http://[LB_IP_ADDRESS]:8776/v3/05b1ed10a3154fe2a6673bb10d5983ad/os-services?host=rack05-server60&binary=cinder-scheduler returned with HTTP 200
2022-09-02 16:03:19.042 22 INFO cinder.api.openstack.wsgi [None req-c6d6e89f-c4cf-48ae-98ff-d49b4d051d3a df367273b23045bfa0c1af1cd7a4b412 05b1ed10a3154fe2a6673bb10d5983ad - - default default] GET http://[LB_IP_ADDRESS]:8776/v3/05b1ed10a3154fe2a6673bb10d5983ad/os-services?binary=cinder-scheduler
2022-09-02 16:03:19.051 22 INFO cinder.api.openstack.wsgi [None req-c6d6e89f-c4cf-48ae-98ff-d49b4d051d3a df367273b23045bfa0c1af1cd7a4b412 05b1ed10a3154fe2a6673bb10d5983ad - - default default] http://[LB_IP_ADDRESS]:8776/v3/05b1ed10a3154fe2a6673bb10d5983ad/os-services?binary=cinder-scheduler returned with HTTP 200
2022-09-02 16:03:19.183 21 INFO cinder.api.openstack.wsgi [None req-a29a55db-e7d1-4911-9484-c8c341cddd91 7ff5014e0b494d70966eab8689f854f8 e74e1e876f584dfd9818dbcac15b0e6c - - default default] POST http://[LB_IP_ADDRESS]:8776/v3/e74e1e876f584dfd9818dbcac15b0e6c/volumes
2022-09-02 16:03:19.187 21 INFO cinder.api.v3.volumes [None req-a29a55db-e7d1-4911-9484-c8c341cddd91 7ff5014e0b494d70966eab8689f854f8 e74e1e876f584dfd9818dbcac15b0e6c - - default default] Create volume of 1 GB
2022-09-02 16:03:19.195 21 INFO cinder.volume.api [None req-a29a55db-e7d1-4911-9484-c8c341cddd91 7ff5014e0b494d70966eab8689f854f8 e74e1e876f584dfd9818dbcac15b0e6c - - default default] Availability Zones retrieved successfully.
2022-09-02 16:03:19.356 19 INFO cinder.api.openstack.wsgi [None req-27dbb184-aa6f-4922-bcaf-4ff4916b4ed2 2481db7a84c0464d9879460a0c6326da 887362ca8fa0441cba2425b088f65b3a - - default default] GET http://[LB_IP_ADDRESS]:8776/v3/887362ca8fa0441cba2425b088f65b3a/volumes/8c855474-c1d3-4f74-99f4-4230e599eba9
2022-09-02 16:03:19.384 19 INFO cinder.volume.api [None req-27dbb184-aa6f-4922-bcaf-4ff4916b4ed2 2481db7a84c0464d9879460a0c6326da 887362ca8fa0441cba2425b088f65b3a - - default default] Volume info retrieved successfully.
2022-09-02 16:03:19.392 19 INFO cinder.api.openstack.wsgi [None req-27dbb184-aa6f-4922-bcaf-4ff4916b4ed2 2481db7a84c0464d9879460a0c6326da 887362ca8fa0441cba2425b088f65b3a - - default default] http://[LB_IP_ADDRESS]:8776/v3/887362ca8fa0441cba2425b088f65b3a/volumes/8c855474-c1d3-4f74-99f4-4230e599eba9 returned with HTTP 200
2022-09-02 16:03:19.435 21 INFO cinder.volume.api [None req-a29a55db-e7d1-4911-9484-c8c341cddd91 7ff5014e0b494d70966eab8689f854f8 e74e1e876f584dfd9818dbcac15b0e6c - - default default] Create volume request issued successfully.
2022-09-02 16:03:19.437 21 INFO cinder.api.openstack.wsgi [None req-a29a55db-e7d1-4911-9484-c8c341cddd91 7ff5014e0b494d70966eab8689f854f8 e74e1e876f584dfd9818dbcac15b0e6c - - default default] http://[LB_IP_ADDRESS]:8776/v3/e74e1e876f584dfd9818dbcac15b0e6c/volumes returned with HTTP 202
2022-09-02 16:03:19.456 20 INFO cinder.api.openstack.wsgi [None req-fb3d8b09-f3d1-4af7-acaa-b2fe83630698 7ff5014e0b494d70966eab8689f854f8 e74e1e876f584dfd9818dbcac15b0e6c - - default default] GET http://[LB_IP_ADDRESS]:8776/v3/e74e1e876f584dfd9818dbcac15b0e6c/volumes/7c6505fd-e805-4c4d-ab6c-1512139f011f
2022-09-02 16:03:19.477 20 INFO cinder.volume.api [None req-fb3d8b09-f3d1-4af7-acaa-b2fe83630698 7ff5014e0b494d70966eab8689f854f8 e74e1e876f584dfd9818dbcac15b0e6c - - default default] Volume info retrieved successfully.
2022-09-02 16:03:19.485 20 INFO cinder.api.openstack.wsgi [None req-fb3d8b09-f3d1-4af7-acaa-b2fe83630698 7ff5014e0b494d70966eab8689f854f8 e74e1e876f584dfd9818dbcac15b0e6c - - default default] http://[LB_IP_ADDRESS]:8776/v3/e74e1e876f584dfd9818dbcac15b0e6c/volumes/7c6505fd-e805-4c4d-ab6c-1512139f011f returned with HTTP 200
2022-09-02 16:03:20.414 23 INFO cinder.api.openstack.wsgi [None req-66cd9c77-1a8a-4376-a921-d56475e2fc31 2481db7a84c0464d9879460a0c6326da 887362ca8fa0441cba2425b088f65b3a - - default default] GET http://[LB_IP_ADDRESS]:8776/v3/887362ca8fa0441cba2425b088f65b3a/volumes/8c855474-c1d3-4f74-99f4-4230e599eba9
2022-09-02 16:03:20.447 23 INFO cinder.volume.api [None req-66cd9c77-1a8a-4376-a921-d56475e2fc31 2481db7a84c0464d9879460a0c6326da 887362ca8fa0441cba2425b088f65b3a - - default default] Volume info retrieved successfully.
2022-09-02 16:03:20.456 23 INFO cinder.api.openstack.wsgi [None req-66cd9c77-1a8a-4376-a921-d56475e2fc31 2481db7a84c0464d9879460a0c6326da 887362ca8fa0441cba2425b088f65b3a - - default default] http://[LB_IP_ADDRESS]:8776/v3/887362ca8fa0441cba2425b088f65b3a/volumes/8c855474-c1d3-4f74-99f4-4230e599eba9 returned with HTTP 200
2022-09-02 16:03:20.505 22 INFO cinder.api.openstack.wsgi [None req-4b4beb96-89b1-4462-adad-3641dcc2125e 7ff5014e0b494d70966eab8689f854f8 e74e1e876f584dfd9818dbcac15b0e6c - - default default] GET http://[LB_IP_ADDRESS]:8776/v3/e74e1e876f584dfd9818dbcac15b0e6c/volumes/7c6505fd-e805-4c4d-ab6c-1512139f011f
2022-09-02 16:03:20.528 22 INFO cinder.volume.api [None req-4b4beb96-89b1-4462-adad-3641dcc2125e 7ff5014e0b494d70966eab8689f854f8 e74e1e876f584dfd9818dbcac15b0e6c - - default default] Volume info retrieved successfully.
2022-09-02 16:03:20.535 22 INFO cinder.api.openstack.wsgi [None req-4b4beb96-89b1-4462-adad-3641dcc2125e 7ff5014e0b494d70966eab8689f854f8 e74e1e876f584dfd9818dbcac15b0e6c - - default default] http://[LB_IP_ADDRESS]:8776/v3/e74e1e876f584dfd9818dbcac15b0e6c/volumes/7c6505fd-e805-4c4d-ab6c-1512139f011f returned with HTTP 200
2022-09-02 16:03:20.555 19 INFO cinder.api.openstack.wsgi [None req-14d5ff9a-2659-4839-bf23-27b66f954fab df367273b23045bfa0c1af1cd7a4b412 05b1ed10a3154fe2a6673bb10d5983ad - - default default] GET http://[LB_IP_ADDRESS]:8776/v3/05b1ed10a3154fe2a6673bb10d5983ad/volumes/7c6505fd-e805-4c4d-ab6c-1512139f011f
2022-09-02 16:03:20.582 19 INFO cinder.volume.api [None req-14d5ff9a-2659-4839-bf23-27b66f954fab df367273b23045bfa0c1af1cd7a4b412 05b1ed10a3154fe2a6673bb10d5983ad - - default default] Volume info retrieved successfully.
2022-09-02 16:03:20.590 19 INFO cinder.api.openstack.wsgi [None req-14d5ff9a-2659-4839-bf23-27b66f954fab df367273b23045bfa0c1af1cd7a4b412 05b1ed10a3154fe2a6673bb10d5983ad - - default default] http://[LB_IP_ADDRESS]:8776/v3/05b1ed10a3154fe2a6673bb10d5983ad/volumes/7c6505fd-e805-4c4d-ab6c-1512139f011f returned with HTTP 200
2022-09-02 16:03:20.613 21 INFO cinder.api.openstack.wsgi [None req-3312c089-133c-44e7-9f07-293a5c13bce0 df367273b23045bfa0c1af1cd7a4b412 05b1ed10a3154fe2a6673bb10d5983ad - - default default] GET http://[LB_IP_ADDRESS]:8776/v3/05b1ed10a3154fe2a6673bb10d5983ad/os-services?host=rack03-server59&binary=cinder-volume
2022-09-02 16:03:20.629 21 INFO cinder.api.openstack.wsgi [None req-3312c089-133c-44e7-9f07-293a5c13bce0 df367273b23045bfa0c1af1cd7a4b412 05b1ed10a3154fe2a6673bb10d5983ad - - default default] http://[LB_IP_ADDRESS]:8776/v3/05b1ed10a3154fe2a6673bb10d5983ad/os-services?host=rack03-server59&binary=cinder-volume returned with HTTP 200
2022-09-02 16:03:20.645 20 INFO cinder.api.openstack.wsgi [None req-0704d33f-ee15-44ea-aae4-0db109ef6136 df367273b23045bfa0c1af1cd7a4b412 05b1ed10a3154fe2a6673bb10d5983ad - - default default] GET http://[LB_IP_ADDRESS]:8776/v3/05b1ed10a3154fe2a6673bb10d5983ad/os-services
2022-09-02 16:03:20.654 20 INFO cinder.api.openstack.wsgi [None req-0704d33f-ee15-44ea-aae4-0db109ef6136 df367273b23045bfa0c1af1cd7a4b412 05b1ed10a3154fe2a6673bb10d5983ad - - default default] http://[LB_IP_ADDRESS]:8776/v3/05b1ed10a3154fe2a6673bb10d5983ad/os-services returned with HTTP 200
2022-09-02 16:03:20.669 23 INFO cinder.api.openstack.wsgi [None req-e80b7d6a-56a3-4bf3-a236-40ade38d4926 7ff5014e0b494d70966eab8689f854f8 e74e1e876f584dfd9818dbcac15b0e6c - - default default] DELETE http://[LB_IP_ADDRESS]:8776/v3/e74e1e876f584dfd9818dbcac15b0e6c/volumes/7c6505fd-e805-4c4d-ab6c-1512139f011f
2022-09-02 16:03:20.670 23 INFO cinder.api.v3.volumes [None req-e80b7d6a-56a3-4bf3-a236-40ade38d4926 7ff5014e0b494d70966eab8689f854f8 e74e1e876f584dfd9818dbcac15b0e6c - - default default] Delete volume with id: 7c6505fd-e805-4c4d-ab6c-1512139f011f 
2022-09-02 16:03:20.688 23 INFO cinder.volume.api [None req-e80b7d6a-56a3-4bf3-a236-40ade38d4926 7ff5014e0b494d70966eab8689f854f8 e74e1e876f584dfd9818dbcac15b0e6c - - default default] Volume info retrieved successfully.
2022-09-02 16:03:20.711 23 INFO cinder.volume.api [None req-e80b7d6a-56a3-4bf3-a236-40ade38d4926 7ff5014e0b494d70966eab8689f854f8 e74e1e876f584dfd9818dbcac15b0e6c - - default default] Delete volume request issued successfully.
2022-09-02 16:03:20.711 23 INFO cinder.api.openstack.wsgi [None req-e80b7d6a-56a3-4bf3-a236-40ade38d4926 7ff5014e0b494d70966eab8689f854f8 e74e1e876f584dfd9818dbcac15b0e6c - - default default] http://[LB_IP_ADDRESS]:8776/v3/e74e1e876f584dfd9818dbcac15b0e6c/volumes/7c6505fd-e805-4c4d-ab6c-1512139f011f returned with HTTP 202
2022-09-02 16:03:20.723 22 INFO cinder.api.openstack.wsgi [None req-c329033d-ef02-4b4f-ad9b-7170e432c247 7ff5014e0b494d70966eab8689f854f8 e74e1e876f584dfd9818dbcac15b0e6c - - default default] GET http://[LB_IP_ADDRESS]:8776/v3/e74e1e876f584dfd9818dbcac15b0e6c/volumes/7c6505fd-e805-4c4d-ab6c-1512139f011f
2022-09-02 16:03:20.744 22 INFO cinder.volume.api [None req-c329033d-ef02-4b4f-ad9b-7170e432c247 7ff5014e0b494d70966eab8689f854f8 e74e1e876f584dfd9818dbcac15b0e6c - - default default] Volume info retrieved successfully.
2022-09-02 16:03:20.752 22 INFO cinder.api.openstack.wsgi [None req-c329033d-ef02-4b4f-ad9b-7170e432c247 7ff5014e0b494d70966eab8689f854f8 e74e1e876f584dfd9818dbcac15b0e6c - - default default] http://[LB_IP_ADDRESS]:8776/v3/e74e1e876f584dfd9818dbcac15b0e6c/volumes/7c6505fd-e805-4c4d-ab6c-1512139f011f returned with HTTP 200
2022-09-02 16:03:21.477 19 INFO cinder.api.openstack.wsgi [None req-bd63c7fd-19cb-4f1c-b390-afa5f5725daa 2481db7a84c0464d9879460a0c6326da 887362ca8fa0441cba2425b088f65b3a - - default default] GET http://[LB_IP_ADDRESS]:8776/v3/887362ca8fa0441cba2425b088f65b3a/volumes/8c855474-c1d3-4f74-99f4-4230e599eba9
2022-09-02 16:03:21.504 19 INFO cinder.volume.api [None req-bd63c7fd-19cb-4f1c-b390-afa5f5725daa 2481db7a84c0464d9879460a0c6326da 887362ca8fa0441cba2425b088f65b3a - - default default] Volume info retrieved successfully.
2022-09-02 16:03:21.512 19 INFO cinder.api.openstack.wsgi [None req-bd63c7fd-19cb-4f1c-b390-afa5f5725daa 2481db7a84c0464d9879460a0c6326da 887362ca8fa0441cba2425b088f65b3a - - default default] http://[LB_IP_ADDRESS]:8776/v3/887362ca8fa0441cba2425b088f65b3a/volumes/8c855474-c1d3-4f74-99f4-4230e599eba9 returned with HTTP 200
2022-09-02 16:03:21.780 21 INFO cinder.api.openstack.wsgi [None req-77d61f09-e536-49dd-9d65-620a2a698a03 7ff5014e0b494d70966eab8689f854f8 e74e1e876f584dfd9818dbcac15b0e6c - - default default] GET http://[LB_IP_ADDRESS]:8776/v3/e74e1e876f584dfd9818dbcac15b0e6c/volumes/7c6505fd-e805-4c4d-ab6c-1512139f011f
2022-09-02 16:03:21.800 21 INFO cinder.api.openstack.wsgi [None req-77d61f09-e536-49dd-9d65-620a2a698a03 7ff5014e0b494d70966eab8689f854f8 e74e1e876f584dfd9818dbcac15b0e6c - - default default] http://[LB_IP_ADDRESS]:8776/v3/e74e1e876f584dfd9818dbcac15b0e6c/volumes/7c6505fd-e805-4c4d-ab6c-1512139f011f returned with HTTP 404
2022-09-02 16:03:22.094 20 INFO cinder.api.openstack.wsgi [None req-afc483f9-4d05-43dd-b396-7e29d4af7442 3448f049f9b34abba5df7d00d5ff51af 18a756a061324360bf17741984b686f2 - - default default] POST http://[LB_IP_ADDRESS]:8776/v3/18a756a061324360bf17741984b686f2/types
2022-09-02 16:03:22.117 20 INFO cinder.api.openstack.wsgi [None req-afc483f9-4d05-43dd-b396-7e29d4af7442 3448f049f9b34abba5df7d00d5ff51af 18a756a061324360bf17741984b686f2 - - default default] http://[LB_IP_ADDRESS]:8776/v3/18a756a061324360bf17741984b686f2/types returned with HTTP 200
2022-09-02 16:03:22.132 23 INFO cinder.api.openstack.wsgi [None req-f7479569-940b-4f6d-8962-2faf993f7799 3448f049f9b34abba5df7d00d5ff51af 18a756a061324360bf17741984b686f2 - - default default] POST http://[LB_IP_ADDRESS]:8776/v3/18a756a061324360bf17741984b686f2/group_types
2022-09-02 16:03:22.154 23 INFO cinder.api.openstack.wsgi [None req-f7479569-940b-4f6d-8962-2faf993f7799 3448f049f9b34abba5df7d00d5ff51af 18a756a061324360bf17741984b686f2 - - default default] http://[LB_IP_ADDRESS]:8776/v3/18a756a061324360bf17741984b686f2/group_types returned with HTTP 202
2022-09-02 16:03:22.368 22 INFO cinder.api.openstack.wsgi [None req-4e7a72f0-1db8-4cff-a2e6-26fa7519fcbe af14cc4e11764019a3a96b3b79a82ff6 d124c201492c48a89404a1f30aec0a6e - - default default] POST http://[LB_IP_ADDRESS]:8776/v3/d124c201492c48a89404a1f30aec0a6e/groups
2022-09-02 16:03:22.380 22 INFO cinder.api.v3.groups [None req-4e7a72f0-1db8-4cff-a2e6-26fa7519fcbe af14cc4e11764019a3a96b3b79a82ff6 d124c201492c48a89404a1f30aec0a6e - - default default] Creating group tempest-GroupsV314Test-Group-1254816174.
2022-09-02 16:03:22.391 22 INFO cinder.volume.api [None req-4e7a72f0-1db8-4cff-a2e6-26fa7519fcbe af14cc4e11764019a3a96b3b79a82ff6 d124c201492c48a89404a1f30aec0a6e - - default default] Availability Zones retrieved successfully.
2022-09-02 16:03:22.469 22 INFO cinder.api.openstack.wsgi [None req-4e7a72f0-1db8-4cff-a2e6-26fa7519fcbe af14cc4e11764019a3a96b3b79a82ff6 d124c201492c48a89404a1f30aec0a6e - - default default] http://[LB_IP_ADDRESS]:8776/v3/d124c201492c48a89404a1f30aec0a6e/groups returned with HTTP 202
2022-09-02 16:03:22.483 19 INFO cinder.api.openstack.wsgi [None req-7f46b7f0-ec29-45f4-8912-deddf260b5bf af14cc4e11764019a3a96b3b79a82ff6 d124c201492c48a89404a1f30aec0a6e - - default default] GET http://[LB_IP_ADDRESS]:8776/v3/d124c201492c48a89404a1f30aec0a6e/groups/44337e26-e323-4a0a-8571-786197ee1b2e
2022-09-02 16:03:22.503 19 INFO cinder.api.openstack.wsgi [None req-7f46b7f0-ec29-45f4-8912-deddf260b5bf af14cc4e11764019a3a96b3b79a82ff6 d124c201492c48a89404a1f30aec0a6e - - default default] http://[LB_IP_ADDRESS]:8776/v3/d124c201492c48a89404a1f30aec0a6e/groups/44337e26-e323-4a0a-8571-786197ee1b2e returned with HTTP 200
2022-09-02 16:03:22.533 21 INFO cinder.api.openstack.wsgi [None req-468ce95d-f04f-490d-8816-8f4ec3d2869b 2481db7a84c0464d9879460a0c6326da 887362ca8fa0441cba2425b088f65b3a - - default default] GET http://[LB_IP_ADDRESS]:8776/v3/887362ca8fa0441cba2425b088f65b3a/volumes/8c855474-c1d3-4f74-99f4-4230e599eba9
2022-09-02 16:03:22.561 21 INFO cinder.volume.api [None req-468ce95d-f04f-490d-8816-8f4ec3d2869b 2481db7a84c0464d9879460a0c6326da 887362ca8fa0441cba2425b088f65b3a - - default default] Volume info retrieved successfully.
2022-09-02 16:03:22.569 21 INFO cinder.api.openstack.wsgi [None req-468ce95d-f04f-490d-8816-8f4ec3d2869b 2481db7a84c0464d9879460a0c6326da 887362ca8fa0441cba2425b088f65b3a - - default default] http://[LB_IP_ADDRESS]:8776/v3/887362ca8fa0441cba2425b088f65b3a/volumes/8c855474-c1d3-4f74-99f4-4230e599eba9 returned with HTTP 200
2022-09-02 16:03:23.519 20 INFO cinder.api.openstack.wsgi [None req-3c2e9e1f-b887-4cbf-a82a-58b7365807e2 af14cc4e11764019a3a96b3b79a82ff6 d124c201492c48a89404a1f30aec0a6e - - default default] GET http://[LB_IP_ADDRESS]:8776/v3/d124c201492c48a89404a1f30aec0a6e/groups/44337e26-e323-4a0a-8571-786197ee1b2e
2022-09-02 16:03:23.539 20 INFO cinder.api.openstack.wsgi [None req-3c2e9e1f-b887-4cbf-a82a-58b7365807e2 af14cc4e11764019a3a96b3b79a82ff6 d124c201492c48a89404a1f30aec0a6e - - default default] http://[LB_IP_ADDRESS]:8776/v3/d124c201492c48a89404a1f30aec0a6e/groups/44337e26-e323-4a0a-8571-786197ee1b2e returned with HTTP 200
2022-09-02 16:03:23.554 23 INFO cinder.api.openstack.wsgi [None req-8481e678-1d09-49c3-a9a0-b4b9d42895d3 af14cc4e11764019a3a96b3b79a82ff6 d124c201492c48a89404a1f30aec0a6e - - default default] POST http://[LB_IP_ADDRESS]:8776/v3/d124c201492c48a89404a1f30aec0a6e/volumes
2022-09-02 16:03:23.572 23 INFO cinder.api.v3.volumes [None req-8481e678-1d09-49c3-a9a0-b4b9d42895d3 af14cc4e11764019a3a96b3b79a82ff6 d124c201492c48a89404a1f30aec0a6e - - default default] Create volume of 1 GB
2022-09-02 16:03:23.582 23 INFO cinder.volume.api [None req-8481e678-1d09-49c3-a9a0-b4b9d42895d3 af14cc4e11764019a3a96b3b79a82ff6 d124c201492c48a89404a1f30aec0a6e - - default default] Availability Zones retrieved successfully.
2022-09-02 16:03:23.591 22 INFO cinder.api.openstack.wsgi [None req-ff6ca014-f009-4ea1-a963-4d6e2c849f07 2481db7a84c0464d9879460a0c6326da 887362ca8fa0441cba2425b088f65b3a - - default default] GET http://[LB_IP_ADDRESS]:8776/v3/887362ca8fa0441cba2425b088f65b3a/volumes/8c855474-c1d3-4f74-99f4-4230e599eba9
2022-09-02 16:03:23.617 22 INFO cinder.volume.api [None req-ff6ca014-f009-4ea1-a963-4d6e2c849f07 2481db7a84c0464d9879460a0c6326da 887362ca8fa0441cba2425b088f65b3a - - default default] Volume info retrieved successfully.
2022-09-02 16:03:23.630 22 INFO cinder.api.openstack.wsgi [None req-ff6ca014-f009-4ea1-a963-4d6e2c849f07 2481db7a84c0464d9879460a0c6326da 887362ca8fa0441cba2425b088f65b3a - - default default] http://[LB_IP_ADDRESS]:8776/v3/887362ca8fa0441cba2425b088f65b3a/volumes/8c855474-c1d3-4f74-99f4-4230e599eba9 returned with HTTP 200
2022-09-02 16:03:23.670 23 WARNING cinder.quota [None req-8481e678-1d09-49c3-a9a0-b4b9d42895d3 af14cc4e11764019a3a96b3b79a82ff6 d124c201492c48a89404a1f30aec0a6e - - default default] Deprecated: Default quota for resource: volumes_tempest-GroupsV314Test-volume-type-629962907 is set by the default quota flag: quota_volumes_tempest-GroupsV314Test-volume-type-629962907, it is now deprecated. Please use the default quota class for default quota.
2022-09-02 16:03:23.671 23 WARNING cinder.quota [None req-8481e678-1d09-49c3-a9a0-b4b9d42895d3 af14cc4e11764019a3a96b3b79a82ff6 d124c201492c48a89404a1f30aec0a6e - - default default] Deprecated: Default quota for resource: gigabytes_tempest-GroupsV314Test-volume-type-629962907 is set by the default quota flag: quota_gigabytes_tempest-GroupsV314Test-volume-type-629962907, it is now deprecated. Please use the default quota class for default quota.
2022-09-02 16:03:23.818 23 INFO cinder.volume.api [None req-8481e678-1d09-49c3-a9a0-b4b9d42895d3 af14cc4e11764019a3a96b3b79a82ff6 d124c201492c48a89404a1f30aec0a6e - - default default] Create volume request issued successfully.
2022-09-02 16:03:23.837 23 INFO cinder.api.openstack.wsgi [None req-8481e678-1d09-49c3-a9a0-b4b9d42895d3 af14cc4e11764019a3a96b3b79a82ff6 d124c201492c48a89404a1f30aec0a6e - - default default] http://[LB_IP_ADDRESS]:8776/v3/d124c201492c48a89404a1f30aec0a6e/volumes returned with HTTP 202
2022-09-02 16:03:23.856 19 INFO cinder.api.openstack.wsgi [None req-bac053da-7f85-4461-8f76-81da5d1395d2 af14cc4e11764019a3a96b3b79a82ff6 d124c201492c48a89404a1f30aec0a6e - - default default] GET http://[LB_IP_ADDRESS]:8776/v3/d124c201492c48a89404a1f30aec0a6e/volumes/bb92b2f9-495a-4298-8656-67fa9b8d6480
2022-09-02 16:03:23.878 19 INFO cinder.volume.api [None req-bac053da-7f85-4461-8f76-81da5d1395d2 af14cc4e11764019a3a96b3b79a82ff6 d124c201492c48a89404a1f30aec0a6e - - default default] Volume info retrieved successfully.
2022-09-02 16:03:23.905 19 INFO cinder.api.openstack.wsgi [None req-bac053da-7f85-4461-8f76-81da5d1395d2 af14cc4e11764019a3a96b3b79a82ff6 d124c201492c48a89404a1f30aec0a6e - - default default] http://[LB_IP_ADDRESS]:8776/v3/d124c201492c48a89404a1f30aec0a6e/volumes/bb92b2f9-495a-4298-8656-67fa9b8d6480 returned with HTTP 200
2022-09-02 16:03:24.651 21 INFO cinder.api.openstack.wsgi [None req-bde269c4-e843-4cd4-8ee8-955dbde19860 2481db7a84c0464d9879460a0c6326da 887362ca8fa0441cba2425b088f65b3a - - default default] GET http://[LB_IP_ADDRESS]:8776/v3/887362ca8fa0441cba2425b088f65b3a/volumes/8c855474-c1d3-4f74-99f4-4230e599eba9
2022-09-02 16:03:24.677 21 INFO cinder.volume.api [None req-bde269c4-e843-4cd4-8ee8-955dbde19860 2481db7a84c0464d9879460a0c6326da 887362ca8fa0441cba2425b088f65b3a - - default default] Volume info retrieved successfully.
2022-09-02 16:03:24.684 21 INFO cinder.api.openstack.wsgi [None req-bde269c4-e843-4cd4-8ee8-955dbde19860 2481db7a84c0464d9879460a0c6326da 887362ca8fa0441cba2425b088f65b3a - - default default] http://[LB_IP_ADDRESS]:8776/v3/887362ca8fa0441cba2425b088f65b3a/volumes/8c855474-c1d3-4f74-99f4-4230e599eba9 returned with HTTP 200
2022-09-02 16:03:24.927 20 INFO cinder.api.openstack.wsgi [None req-3e714e35-c095-488f-b02d-bcf9a36fc222 af14cc4e11764019a3a96b3b79a82ff6 d124c201492c48a89404a1f30aec0a6e - - default default] GET http://[LB_IP_ADDRESS]:8776/v3/d124c201492c48a89404a1f30aec0a6e/volumes/bb92b2f9-495a-4298-8656-67fa9b8d6480
2022-09-02 16:03:24.953 20 INFO cinder.volume.api [None req-3e714e35-c095-488f-b02d-bcf9a36fc222 af14cc4e11764019a3a96b3b79a82ff6 d124c201492c48a89404a1f30aec0a6e - - default default] Volume info retrieved successfully.
2022-09-02 16:03:24.982 20 INFO cinder.api.openstack.wsgi [None req-3e714e35-c095-488f-b02d-bcf9a36fc222 af14cc4e11764019a3a96b3b79a82ff6 d124c201492c48a89404a1f30aec0a6e - - default default] http://[LB_IP_ADDRESS]:8776/v3/d124c201492c48a89404a1f30aec0a6e/volumes/bb92b2f9-495a-4298-8656-67fa9b8d6480 returned with HTTP 200
2022-09-02 16:03:25.705 22 INFO cinder.api.openstack.wsgi [None req-9d38e262-69a1-407c-b2ce-09c101ebde21 2481db7a84c0464d9879460a0c6326da 887362ca8fa0441cba2425b088f65b3a - - default default] GET http://[LB_IP_ADDRESS]:8776/v3/887362ca8fa0441cba2425b088f65b3a/volumes/8c855474-c1d3-4f74-99f4-4230e599eba9
2022-09-02 16:03:25.736 22 INFO cinder.volume.api [None req-9d38e262-69a1-407c-b2ce-09c101ebde21 2481db7a84c0464d9879460a0c6326da 887362ca8fa0441cba2425b088f65b3a - - default default] Volume info retrieved successfully.
2022-09-02 16:03:25.744 22 INFO cinder.api.openstack.wsgi [None req-9d38e262-69a1-407c-b2ce-09c101ebde21 2481db7a84c0464d9879460a0c6326da 887362ca8fa0441cba2425b088f65b3a - - default default] http://[LB_IP_ADDRESS]:8776/v3/887362ca8fa0441cba2425b088f65b3a/volumes/8c855474-c1d3-4f74-99f4-4230e599eba9 returned with HTTP 200
2022-09-02 16:03:26.004 23 INFO cinder.api.openstack.wsgi [None req-a05c45a9-b013-415d-81c8-21cbe2a2d214 af14cc4e11764019a3a96b3b79a82ff6 d124c201492c48a89404a1f30aec0a6e - - default default] GET http://[LB_IP_ADDRESS]:8776/v3/d124c201492c48a89404a1f30aec0a6e/volumes/bb92b2f9-495a-4298-8656-67fa9b8d6480
2022-09-02 16:03:26.032 23 INFO cinder.volume.api [None req-a05c45a9-b013-415d-81c8-21cbe2a2d214 af14cc4e11764019a3a96b3b79a82ff6 d124c201492c48a89404a1f30aec0a6e - - default default] Volume info retrieved successfully.
2022-09-02 16:03:26.057 23 INFO cinder.api.openstack.wsgi [None req-a05c45a9-b013-415d-81c8-21cbe2a2d214 af14cc4e11764019a3a96b3b79a82ff6 d124c201492c48a89404a1f30aec0a6e - - default default] http://[LB_IP_ADDRESS]:8776/v3/d124c201492c48a89404a1f30aec0a6e/volumes/bb92b2f9-495a-4298-8656-67fa9b8d6480 returned with HTTP 200
2022-09-02 16:03:26.080 19 INFO cinder.api.openstack.wsgi [None req-9a16836e-3b70-4add-b42f-739bff3a676b af14cc4e11764019a3a96b3b79a82ff6 d124c201492c48a89404a1f30aec0a6e - - default default] POST http://[LB_IP_ADDRESS]:8776/v3/d124c201492c48a89404a1f30aec0a6e/groups/action
2022-09-02 16:03:26.084 19 INFO cinder.api.v3.groups [None req-9a16836e-3b70-4add-b42f-739bff3a676b af14cc4e11764019a3a96b3b79a82ff6 d124c201492c48a89404a1f30aec0a6e - - default default] Creating group tempest-Group_from_grp-629615643 from source group 44337e26-e323-4a0a-8571-786197ee1b2e.
2022-09-02 16:03:26.238 19 INFO cinder.group.api [None req-9a16836e-3b70-4add-b42f-739bff3a676b af14cc4e11764019a3a96b3b79a82ff6 d124c201492c48a89404a1f30aec0a6e - - default default] A mapping entry already exists for group f0686104-52a5-4011-8b5e-6546a17db0d6 and volume type c602a180-c086-488d-9dca-af69f660f51d. Do not need to create again.
2022-09-02 16:03:26.240 19 INFO cinder.volume.api [None req-9a16836e-3b70-4add-b42f-739bff3a676b af14cc4e11764019a3a96b3b79a82ff6 d124c201492c48a89404a1f30aec0a6e - - default default] Availability Zones retrieved successfully.
2022-09-02 16:03:26.329 19 WARNING cinder.quota [None req-9a16836e-3b70-4add-b42f-739bff3a676b af14cc4e11764019a3a96b3b79a82ff6 d124c201492c48a89404a1f30aec0a6e - - default default] Deprecated: Default quota for resource: volumes_tempest-GroupsV314Test-volume-type-629962907 is set by the default quota flag: quota_volumes_tempest-GroupsV314Test-volume-type-629962907, it is now deprecated. Please use the default quota class for default quota.
