2026-02-18 12:04:30.239 75 INFO cinder.api.v3.volumes [req-ae8bce34-4c9a-4e2a-a4ce-b81bf1a58425 req-e0bd1105-d857-47d1-bf71-577480e278a6 91e2bcfc46cb4bb9b13094e14049bc55 8e6b174d51fb460caf2903d361582823 - - default default] Delete volume with id: 61c84bfd-9730-4d4c-ba6e-d97c39abe22b 
2026-02-18 12:04:30.247 75 INFO cinder.api.openstack.wsgi [req-ae8bce34-4c9a-4e2a-a4ce-b81bf1a58425 req-e0bd1105-d857-47d1-bf71-577480e278a6 91e2bcfc46cb4bb9b13094e14049bc55 8e6b174d51fb460caf2903d361582823 - - default default] http://[LB_IP_ADDRESS]:8776/v3/volumes/61c84bfd-9730-4d4c-ba6e-d97c39abe22b returned with HTTP 404
2026-02-18 12:04:30.251 72 INFO cinder.api.openstack.wsgi [None req-a3b3eb96-0d67-45ee-8659-74128e285cfc 93a80d542c324e85a7a857d1051c53ee 248c75327074427d9b6dc98e1b5169b3 - - default default] GET http://[LB_IP_ADDRESS]:8776/v3/248c75327074427d9b6dc98e1b5169b3/volumes/63c90f65-1046-43e8-bcdc-649bcbc58ef7
2026-02-18 12:04:30.269 72 INFO cinder.volume.api [None req-a3b3eb96-0d67-45ee-8659-74128e285cfc 93a80d542c324e85a7a857d1051c53ee 248c75327074427d9b6dc98e1b5169b3 - - default default] Volume info retrieved successfully.
2026-02-18 12:04:30.277 76 INFO cinder.api.openstack.wsgi [req-140d3654-4cba-4460-bed4-90cdd22457df req-ea7ea651-5b33-4763-aab1-f897c85f87f6 91e2bcfc46cb4bb9b13094e14049bc55 8e6b174d51fb460caf2903d361582823 - - default default] GET http://[LB_IP_ADDRESS]:8776/v3/volumes/bb7c3c34-d53c-4ab9-ac5d-6359778643cf
2026-02-18 12:04:30.287 76 INFO cinder.api.openstack.wsgi [req-140d3654-4cba-4460-bed4-90cdd22457df req-ea7ea651-5b33-4763-aab1-f897c85f87f6 91e2bcfc46cb4bb9b13094e14049bc55 8e6b174d51fb460caf2903d361582823 - - default default] http://[LB_IP_ADDRESS]:8776/v3/volumes/bb7c3c34-d53c-4ab9-ac5d-6359778643cf returned with HTTP 404
2026-02-18 12:04:30.292 72 INFO cinder.api.openstack.wsgi [None req-a3b3eb96-0d67-45ee-8659-74128e285cfc 93a80d542c324e85a7a857d1051c53ee 248c75327074427d9b6dc98e1b5169b3 - - default default] http://[LB_IP_ADDRESS]:8776/v3/248c75327074427d9b6dc98e1b5169b3/volumes/63c90f65-1046-43e8-bcdc-649bcbc58ef7 returned with HTTP 200
2026-02-18 12:04:30.312 73 INFO cinder.api.openstack.wsgi [None req-5e9c4a2c-e020-445b-ab25-fce5ca23b128 93a80d542c324e85a7a857d1051c53ee 248c75327074427d9b6dc98e1b5169b3 - - default default] GET http://[LB_IP_ADDRESS]:8776/v3/248c75327074427d9b6dc98e1b5169b3/groups/47d5b58e-9474-4ac2-adc0-115a6c3bc9f7
2026-02-18 12:04:30.339 73 INFO cinder.api.openstack.wsgi [None req-5e9c4a2c-e020-445b-ab25-fce5ca23b128 93a80d542c324e85a7a857d1051c53ee 248c75327074427d9b6dc98e1b5169b3 - - default default] http://[LB_IP_ADDRESS]:8776/v3/248c75327074427d9b6dc98e1b5169b3/groups/47d5b58e-9474-4ac2-adc0-115a6c3bc9f7 returned with HTTP 200
2026-02-18 12:04:30.351 75 INFO cinder.api.openstack.wsgi [None req-ff36e55c-ca07-488d-84db-04a290015e2a 93a80d542c324e85a7a857d1051c53ee 248c75327074427d9b6dc98e1b5169b3 - - default default] GET http://[LB_IP_ADDRESS]:8776/v3/248c75327074427d9b6dc98e1b5169b3/volumes/detail
2026-02-18 12:04:30.366 75 INFO cinder.volume.api [None req-ff36e55c-ca07-488d-84db-04a290015e2a 93a80d542c324e85a7a857d1051c53ee 248c75327074427d9b6dc98e1b5169b3 - - default default] Get all volumes completed successfully.
2026-02-18 12:04:30.408 75 INFO cinder.api.openstack.wsgi [None req-ff36e55c-ca07-488d-84db-04a290015e2a 93a80d542c324e85a7a857d1051c53ee 248c75327074427d9b6dc98e1b5169b3 - - default default] http://[LB_IP_ADDRESS]:8776/v3/248c75327074427d9b6dc98e1b5169b3/volumes/detail returned with HTTP 200
2026-02-18 12:04:30.427 76 INFO cinder.api.openstack.wsgi [None req-08f380ae-d378-40b5-9292-adef314367d9 93a80d542c324e85a7a857d1051c53ee 248c75327074427d9b6dc98e1b5169b3 - - default default] POST http://[LB_IP_ADDRESS]:8776/v3/248c75327074427d9b6dc98e1b5169b3/groups/47d5b58e-9474-4ac2-adc0-115a6c3bc9f7/action
2026-02-18 12:04:30.430 76 INFO cinder.api.v3.groups [None req-08f380ae-d378-40b5-9292-adef314367d9 93a80d542c324e85a7a857d1051c53ee 248c75327074427d9b6dc98e1b5169b3 - - default default] Delete group with id: 47d5b58e-9474-4ac2-adc0-115a6c3bc9f7
2026-02-18 12:04:30.476 76 INFO cinder.api.openstack.wsgi [None req-08f380ae-d378-40b5-9292-adef314367d9 93a80d542c324e85a7a857d1051c53ee 248c75327074427d9b6dc98e1b5169b3 - - default default] http://[LB_IP_ADDRESS]:8776/v3/248c75327074427d9b6dc98e1b5169b3/groups/47d5b58e-9474-4ac2-adc0-115a6c3bc9f7/action returned with HTTP 202
2026-02-18 12:04:30.485 72 INFO cinder.api.openstack.wsgi [None req-516aa4be-ce94-402b-aece-d6cb2c24e963 93a80d542c324e85a7a857d1051c53ee 248c75327074427d9b6dc98e1b5169b3 - - default default] GET http://[LB_IP_ADDRESS]:8776/v3/248c75327074427d9b6dc98e1b5169b3/volumes/63c90f65-1046-43e8-bcdc-649bcbc58ef7
2026-02-18 12:04:30.499 72 INFO cinder.volume.api [None req-516aa4be-ce94-402b-aece-d6cb2c24e963 93a80d542c324e85a7a857d1051c53ee 248c75327074427d9b6dc98e1b5169b3 - - default default] Volume info retrieved successfully.
2026-02-18 12:04:30.520 72 INFO cinder.api.openstack.wsgi [None req-516aa4be-ce94-402b-aece-d6cb2c24e963 93a80d542c324e85a7a857d1051c53ee 248c75327074427d9b6dc98e1b5169b3 - - default default] http://[LB_IP_ADDRESS]:8776/v3/248c75327074427d9b6dc98e1b5169b3/volumes/63c90f65-1046-43e8-bcdc-649bcbc58ef7 returned with HTTP 200
2026-02-18 12:04:31.028 74 INFO cinder.volume.api [None req-0768dd88-1223-4d55-bff7-2d06dbe13f05 a878efb7c5c34b249724b75a8c3ffb20 93243f368577434c8763395dc8aa10cf - - default default] Create volume request issued successfully.
2026-02-18 12:04:31.029 74 INFO cinder.api.openstack.wsgi [None req-0768dd88-1223-4d55-bff7-2d06dbe13f05 a878efb7c5c34b249724b75a8c3ffb20 93243f368577434c8763395dc8aa10cf - - default default] http://[LB_IP_ADDRESS]:8776/v3/93243f368577434c8763395dc8aa10cf/volumes returned with HTTP 202
2026-02-18 12:04:31.045 73 INFO cinder.api.openstack.wsgi [None req-060902f3-bb45-4781-a5ba-08b1af57acff a878efb7c5c34b249724b75a8c3ffb20 93243f368577434c8763395dc8aa10cf - - default default] GET http://[LB_IP_ADDRESS]:8776/v3/93243f368577434c8763395dc8aa10cf/volumes/3da9a09e-cf7c-404d-9c31-75b70c1b6bbd
2026-02-18 12:04:31.063 73 INFO cinder.volume.api [None req-060902f3-bb45-4781-a5ba-08b1af57acff a878efb7c5c34b249724b75a8c3ffb20 93243f368577434c8763395dc8aa10cf - - default default] Volume info retrieved successfully.
2026-02-18 12:04:31.068 73 INFO cinder.api.openstack.wsgi [None req-060902f3-bb45-4781-a5ba-08b1af57acff a878efb7c5c34b249724b75a8c3ffb20 93243f368577434c8763395dc8aa10cf - - default default] http://[LB_IP_ADDRESS]:8776/v3/93243f368577434c8763395dc8aa10cf/volumes/3da9a09e-cf7c-404d-9c31-75b70c1b6bbd returned with HTTP 200
2026-02-18 12:04:31.537 75 INFO cinder.api.openstack.wsgi [None req-6bc8ecad-7534-48b5-948e-2ea98f1b2321 93a80d542c324e85a7a857d1051c53ee 248c75327074427d9b6dc98e1b5169b3 - - default default] GET http://[LB_IP_ADDRESS]:8776/v3/248c75327074427d9b6dc98e1b5169b3/volumes/63c90f65-1046-43e8-bcdc-649bcbc58ef7
2026-02-18 12:04:31.544 75 INFO cinder.api.openstack.wsgi [None req-6bc8ecad-7534-48b5-948e-2ea98f1b2321 93a80d542c324e85a7a857d1051c53ee 248c75327074427d9b6dc98e1b5169b3 - - default default] http://[LB_IP_ADDRESS]:8776/v3/248c75327074427d9b6dc98e1b5169b3/volumes/63c90f65-1046-43e8-bcdc-649bcbc58ef7 returned with HTTP 404
2026-02-18 12:04:31.555 76 INFO cinder.api.openstack.wsgi [None req-b0170068-ac94-4140-9766-568853af11dc 93a80d542c324e85a7a857d1051c53ee 248c75327074427d9b6dc98e1b5169b3 - - default default] GET http://[LB_IP_ADDRESS]:8776/v3/248c75327074427d9b6dc98e1b5169b3/groups/47d5b58e-9474-4ac2-adc0-115a6c3bc9f7
2026-02-18 12:04:31.559 76 INFO cinder.api.openstack.wsgi [None req-b0170068-ac94-4140-9766-568853af11dc 93a80d542c324e85a7a857d1051c53ee 248c75327074427d9b6dc98e1b5169b3 - - default default] http://[LB_IP_ADDRESS]:8776/v3/248c75327074427d9b6dc98e1b5169b3/groups/47d5b58e-9474-4ac2-adc0-115a6c3bc9f7 returned with HTTP 404
2026-02-18 12:04:31.567 72 INFO cinder.api.openstack.wsgi [None req-063656f1-202f-48ac-9c94-e6f3fcb92d67 93a80d542c324e85a7a857d1051c53ee 248c75327074427d9b6dc98e1b5169b3 - - default default] DELETE http://[LB_IP_ADDRESS]:8776/v3/248c75327074427d9b6dc98e1b5169b3/group_snapshots/9d8d9263-7adf-48bf-b6f9-fdec12959075
2026-02-18 12:04:31.567 72 INFO cinder.api.v3.group_snapshots [None req-063656f1-202f-48ac-9c94-e6f3fcb92d67 93a80d542c324e85a7a857d1051c53ee 248c75327074427d9b6dc98e1b5169b3 - - default default] Delete group_snapshot with id: 9d8d9263-7adf-48bf-b6f9-fdec12959075
2026-02-18 12:04:31.605 72 INFO cinder.api.openstack.wsgi [None req-063656f1-202f-48ac-9c94-e6f3fcb92d67 93a80d542c324e85a7a857d1051c53ee 248c75327074427d9b6dc98e1b5169b3 - - default default] http://[LB_IP_ADDRESS]:8776/v3/248c75327074427d9b6dc98e1b5169b3/group_snapshots/9d8d9263-7adf-48bf-b6f9-fdec12959075 returned with HTTP 202
2026-02-18 12:04:31.614 74 INFO cinder.api.openstack.wsgi [None req-8944cc32-90b3-42db-9f6d-5fdb12c47704 93a80d542c324e85a7a857d1051c53ee 248c75327074427d9b6dc98e1b5169b3 - - default default] GET http://[LB_IP_ADDRESS]:8776/v3/248c75327074427d9b6dc98e1b5169b3/volumes/detail
2026-02-18 12:04:31.626 74 INFO cinder.volume.api [None req-8944cc32-90b3-42db-9f6d-5fdb12c47704 93a80d542c324e85a7a857d1051c53ee 248c75327074427d9b6dc98e1b5169b3 - - default default] Get all volumes completed successfully.
2026-02-18 12:04:31.650 74 INFO cinder.api.openstack.wsgi [None req-8944cc32-90b3-42db-9f6d-5fdb12c47704 93a80d542c324e85a7a857d1051c53ee 248c75327074427d9b6dc98e1b5169b3 - - default default] http://[LB_IP_ADDRESS]:8776/v3/248c75327074427d9b6dc98e1b5169b3/volumes/detail returned with HTTP 200
2026-02-18 12:04:31.670 73 INFO cinder.api.openstack.wsgi [None req-4fbaaebe-819a-4661-9446-4715bbddfb29 93a80d542c324e85a7a857d1051c53ee 248c75327074427d9b6dc98e1b5169b3 - - default default] GET http://[LB_IP_ADDRESS]:8776/v3/248c75327074427d9b6dc98e1b5169b3/snapshots/detail
2026-02-18 12:04:31.678 73 INFO cinder.volume.api [None req-4fbaaebe-819a-4661-9446-4715bbddfb29 93a80d542c324e85a7a857d1051c53ee 248c75327074427d9b6dc98e1b5169b3 - - default default] Get all snapshots completed successfully.
2026-02-18 12:04:31.679 73 INFO cinder.api.openstack.wsgi [None req-4fbaaebe-819a-4661-9446-4715bbddfb29 93a80d542c324e85a7a857d1051c53ee 248c75327074427d9b6dc98e1b5169b3 - - default default] http://[LB_IP_ADDRESS]:8776/v3/248c75327074427d9b6dc98e1b5169b3/snapshots/detail returned with HTTP 200
2026-02-18 12:04:31.691 75 INFO cinder.api.openstack.wsgi [None req-ae2b8749-0ac8-4079-9716-487ccadd22ee 93a80d542c324e85a7a857d1051c53ee 248c75327074427d9b6dc98e1b5169b3 - - default default] GET http://[LB_IP_ADDRESS]:8776/v3/248c75327074427d9b6dc98e1b5169b3/snapshots/7bf56d2a-f418-4521-a966-c4f95497ba29
2026-02-18 12:04:31.698 75 INFO cinder.volume.api [None req-ae2b8749-0ac8-4079-9716-487ccadd22ee 93a80d542c324e85a7a857d1051c53ee 248c75327074427d9b6dc98e1b5169b3 - - default default] Snapshot retrieved successfully.
2026-02-18 12:04:31.699 75 INFO cinder.api.openstack.wsgi [None req-ae2b8749-0ac8-4079-9716-487ccadd22ee 93a80d542c324e85a7a857d1051c53ee 248c75327074427d9b6dc98e1b5169b3 - - default default] http://[LB_IP_ADDRESS]:8776/v3/248c75327074427d9b6dc98e1b5169b3/snapshots/7bf56d2a-f418-4521-a966-c4f95497ba29 returned with HTTP 200
2026-02-18 12:04:32.089 76 INFO cinder.api.openstack.wsgi [None req-8bbc3289-0a6b-47fd-ace7-194b6982e39e a878efb7c5c34b249724b75a8c3ffb20 93243f368577434c8763395dc8aa10cf - - default default] GET http://[LB_IP_ADDRESS]:8776/v3/93243f368577434c8763395dc8aa10cf/volumes/3da9a09e-cf7c-404d-9c31-75b70c1b6bbd
2026-02-18 12:04:32.106 76 INFO cinder.volume.api [None req-8bbc3289-0a6b-47fd-ace7-194b6982e39e a878efb7c5c34b249724b75a8c3ffb20 93243f368577434c8763395dc8aa10cf - - default default] Volume info retrieved successfully.
2026-02-18 12:04:32.114 76 INFO cinder.api.openstack.wsgi [None req-8bbc3289-0a6b-47fd-ace7-194b6982e39e a878efb7c5c34b249724b75a8c3ffb20 93243f368577434c8763395dc8aa10cf - - default default] http://[LB_IP_ADDRESS]:8776/v3/93243f368577434c8763395dc8aa10cf/volumes/3da9a09e-cf7c-404d-9c31-75b70c1b6bbd returned with HTTP 200
2026-02-18 12:04:32.139 72 INFO cinder.api.openstack.wsgi [None req-40061e04-fdd2-406e-8441-94b74e236082 a878efb7c5c34b249724b75a8c3ffb20 93243f368577434c8763395dc8aa10cf - - default default] POST http://[LB_IP_ADDRESS]:8776/v3/93243f368577434c8763395dc8aa10cf/snapshots
2026-02-18 12:04:32.153 72 INFO cinder.volume.api [None req-40061e04-fdd2-406e-8441-94b74e236082 a878efb7c5c34b249724b75a8c3ffb20 93243f368577434c8763395dc8aa10cf - - default default] Volume info retrieved successfully.
2026-02-18 12:04:32.153 72 INFO cinder.api.v3.snapshots [None req-40061e04-fdd2-406e-8441-94b74e236082 a878efb7c5c34b249724b75a8c3ffb20 93243f368577434c8763395dc8aa10cf - - default default] Create snapshot from volume 3da9a09e-cf7c-404d-9c31-75b70c1b6bbd
2026-02-18 12:04:32.595 72 INFO cinder.volume.api [None req-40061e04-fdd2-406e-8441-94b74e236082 a878efb7c5c34b249724b75a8c3ffb20 93243f368577434c8763395dc8aa10cf - - default default] Snapshot create request issued successfully.
2026-02-18 12:04:32.596 72 INFO cinder.api.openstack.wsgi [None req-40061e04-fdd2-406e-8441-94b74e236082 a878efb7c5c34b249724b75a8c3ffb20 93243f368577434c8763395dc8aa10cf - - default default] http://[LB_IP_ADDRESS]:8776/v3/93243f368577434c8763395dc8aa10cf/snapshots returned with HTTP 202
2026-02-18 12:04:32.611 74 INFO cinder.api.openstack.wsgi [None req-8b2937a3-584b-403b-a1d5-33c56fb023db a878efb7c5c34b249724b75a8c3ffb20 93243f368577434c8763395dc8aa10cf - - default default] GET http://[LB_IP_ADDRESS]:8776/v3/93243f368577434c8763395dc8aa10cf/snapshots/eb9a35d4-202c-4eaa-88fd-6e295ca0e8d1
2026-02-18 12:04:32.620 74 INFO cinder.volume.api [None req-8b2937a3-584b-403b-a1d5-33c56fb023db a878efb7c5c34b249724b75a8c3ffb20 93243f368577434c8763395dc8aa10cf - - default default] Snapshot retrieved successfully.
2026-02-18 12:04:32.621 74 INFO cinder.api.openstack.wsgi [None req-8b2937a3-584b-403b-a1d5-33c56fb023db a878efb7c5c34b249724b75a8c3ffb20 93243f368577434c8763395dc8aa10cf - - default default] http://[LB_IP_ADDRESS]:8776/v3/93243f368577434c8763395dc8aa10cf/snapshots/eb9a35d4-202c-4eaa-88fd-6e295ca0e8d1 returned with HTTP 200
2026-02-18 12:04:32.711 73 INFO cinder.api.openstack.wsgi [None req-8d6cd7e3-4d65-4572-b863-d03d4adb7639 93a80d542c324e85a7a857d1051c53ee 248c75327074427d9b6dc98e1b5169b3 - - default default] GET http://[LB_IP_ADDRESS]:8776/v3/248c75327074427d9b6dc98e1b5169b3/snapshots/7bf56d2a-f418-4521-a966-c4f95497ba29
2026-02-18 12:04:32.719 73 INFO cinder.api.openstack.wsgi [None req-8d6cd7e3-4d65-4572-b863-d03d4adb7639 93a80d542c324e85a7a857d1051c53ee 248c75327074427d9b6dc98e1b5169b3 - - default default] http://[LB_IP_ADDRESS]:8776/v3/248c75327074427d9b6dc98e1b5169b3/snapshots/7bf56d2a-f418-4521-a966-c4f95497ba29 returned with HTTP 404
2026-02-18 12:04:32.727 75 INFO cinder.api.openstack.wsgi [None req-0351850c-74ce-4e05-bdf3-385b9caaef93 93a80d542c324e85a7a857d1051c53ee 248c75327074427d9b6dc98e1b5169b3 - - default default] GET http://[LB_IP_ADDRESS]:8776/v3/248c75327074427d9b6dc98e1b5169b3/group_snapshots/9d8d9263-7adf-48bf-b6f9-fdec12959075
2026-02-18 12:04:32.731 75 INFO cinder.api.openstack.wsgi [None req-0351850c-74ce-4e05-bdf3-385b9caaef93 93a80d542c324e85a7a857d1051c53ee 248c75327074427d9b6dc98e1b5169b3 - - default default] http://[LB_IP_ADDRESS]:8776/v3/248c75327074427d9b6dc98e1b5169b3/group_snapshots/9d8d9263-7adf-48bf-b6f9-fdec12959075 returned with HTTP 404
2026-02-18 12:04:32.738 76 INFO cinder.api.openstack.wsgi [None req-09e26271-2636-4d9c-9441-4139aa6c7c99 93a80d542c324e85a7a857d1051c53ee 248c75327074427d9b6dc98e1b5169b3 - - default default] GET http://[LB_IP_ADDRESS]:8776/v3/248c75327074427d9b6dc98e1b5169b3/volumes/detail
2026-02-18 12:04:32.747 76 INFO cinder.volume.api [None req-09e26271-2636-4d9c-9441-4139aa6c7c99 93a80d542c324e85a7a857d1051c53ee 248c75327074427d9b6dc98e1b5169b3 - - default default] Get all volumes completed successfully.
2026-02-18 12:04:32.766 76 INFO cinder.api.openstack.wsgi [None req-09e26271-2636-4d9c-9441-4139aa6c7c99 93a80d542c324e85a7a857d1051c53ee 248c75327074427d9b6dc98e1b5169b3 - - default default] http://[LB_IP_ADDRESS]:8776/v3/248c75327074427d9b6dc98e1b5169b3/volumes/detail returned with HTTP 200
2026-02-18 12:04:32.783 72 INFO cinder.api.openstack.wsgi [None req-97ffb83c-a5c9-47f9-97a5-0ba39cedf0d9 93a80d542c324e85a7a857d1051c53ee 248c75327074427d9b6dc98e1b5169b3 - - default default] POST http://[LB_IP_ADDRESS]:8776/v3/248c75327074427d9b6dc98e1b5169b3/groups/eb276b63-d85f-4467-9b63-56f3e0df1673/action
2026-02-18 12:04:32.785 72 INFO cinder.api.v3.groups [None req-97ffb83c-a5c9-47f9-97a5-0ba39cedf0d9 93a80d542c324e85a7a857d1051c53ee 248c75327074427d9b6dc98e1b5169b3 - - default default] Delete group with id: eb276b63-d85f-4467-9b63-56f3e0df1673
2026-02-18 12:04:32.828 72 INFO cinder.api.openstack.wsgi [None req-97ffb83c-a5c9-47f9-97a5-0ba39cedf0d9 93a80d542c324e85a7a857d1051c53ee 248c75327074427d9b6dc98e1b5169b3 - - default default] http://[LB_IP_ADDRESS]:8776/v3/248c75327074427d9b6dc98e1b5169b3/groups/eb276b63-d85f-4467-9b63-56f3e0df1673/action returned with HTTP 202
2026-02-18 12:04:32.837 74 INFO cinder.api.openstack.wsgi [None req-3e2a4ef4-f325-4a45-a6d8-7ed8edeed4cb 93a80d542c324e85a7a857d1051c53ee 248c75327074427d9b6dc98e1b5169b3 - - default default] GET http://[LB_IP_ADDRESS]:8776/v3/248c75327074427d9b6dc98e1b5169b3/volumes/9b854507-5723-4723-a2ce-4b7de013f860
2026-02-18 12:04:32.856 74 INFO cinder.volume.api [None req-3e2a4ef4-f325-4a45-a6d8-7ed8edeed4cb 93a80d542c324e85a7a857d1051c53ee 248c75327074427d9b6dc98e1b5169b3 - - default default] Volume info retrieved successfully.
2026-02-18 12:04:32.879 74 INFO cinder.api.openstack.wsgi [None req-3e2a4ef4-f325-4a45-a6d8-7ed8edeed4cb 93a80d542c324e85a7a857d1051c53ee 248c75327074427d9b6dc98e1b5169b3 - - default default] http://[LB_IP_ADDRESS]:8776/v3/248c75327074427d9b6dc98e1b5169b3/volumes/9b854507-5723-4723-a2ce-4b7de013f860 returned with HTTP 200
2026-02-18 12:04:33.594 73 INFO cinder.api.openstack.wsgi [None req-13832920-49a1-4416-8db6-38885a6fc36f 5249a275f1bc41c2a1ff2edbe59e113b cd31b55eef0e48eb930db732fd539342 - - default default] POST http://[LB_IP_ADDRESS]:8776/v3/cd31b55eef0e48eb930db732fd539342/types
2026-02-18 12:04:33.637 75 INFO cinder.api.openstack.wsgi [None req-d1b251b1-f84e-4140-9c51-1d02a50abb3a a878efb7c5c34b249724b75a8c3ffb20 93243f368577434c8763395dc8aa10cf - - default default] GET http://[LB_IP_ADDRESS]:8776/v3/93243f368577434c8763395dc8aa10cf/snapshots/eb9a35d4-202c-4eaa-88fd-6e295ca0e8d1
2026-02-18 12:04:33.646 73 INFO cinder.api.openstack.wsgi [None req-13832920-49a1-4416-8db6-38885a6fc36f 5249a275f1bc41c2a1ff2edbe59e113b cd31b55eef0e48eb930db732fd539342 - - default default] http://[LB_IP_ADDRESS]:8776/v3/cd31b55eef0e48eb930db732fd539342/types returned with HTTP 200
2026-02-18 12:04:33.647 75 INFO cinder.volume.api [None req-d1b251b1-f84e-4140-9c51-1d02a50abb3a a878efb7c5c34b249724b75a8c3ffb20 93243f368577434c8763395dc8aa10cf - - default default] Snapshot retrieved successfully.
2026-02-18 12:04:33.648 75 INFO cinder.api.openstack.wsgi [None req-d1b251b1-f84e-4140-9c51-1d02a50abb3a a878efb7c5c34b249724b75a8c3ffb20 93243f368577434c8763395dc8aa10cf - - default default] http://[LB_IP_ADDRESS]:8776/v3/93243f368577434c8763395dc8aa10cf/snapshots/eb9a35d4-202c-4eaa-88fd-6e295ca0e8d1 returned with HTTP 200
2026-02-18 12:04:33.656 76 INFO cinder.api.openstack.wsgi [None req-2e8eb68d-963c-4cc9-99c7-ecf7d6f19949 5249a275f1bc41c2a1ff2edbe59e113b cd31b55eef0e48eb930db732fd539342 - - default default] POST http://[LB_IP_ADDRESS]:8776/v3/cd31b55eef0e48eb930db732fd539342/group_types
2026-02-18 12:04:33.677 76 INFO cinder.api.openstack.wsgi [None req-2e8eb68d-963c-4cc9-99c7-ecf7d6f19949 5249a275f1bc41c2a1ff2edbe59e113b cd31b55eef0e48eb930db732fd539342 - - default default] http://[LB_IP_ADDRESS]:8776/v3/cd31b55eef0e48eb930db732fd539342/group_types returned with HTTP 202
2026-02-18 12:04:33.793 72 INFO cinder.api.openstack.wsgi [None req-e97c4457-0286-461a-851d-26ba1a1fad6f 589ed446eb974dce88e737fc0d4e2ac8 19d456f81a154a569bed4f0171f0a66c - - default default] POST http://[LB_IP_ADDRESS]:8776/v3/19d456f81a154a569bed4f0171f0a66c/groups
2026-02-18 12:04:33.817 72 INFO cinder.api.v3.groups [None req-e97c4457-0286-461a-851d-26ba1a1fad6f 589ed446eb974dce88e737fc0d4e2ac8 19d456f81a154a569bed4f0171f0a66c - - default default] Creating group tempest-GroupsV314Test-Group-1505120139.
2026-02-18 12:04:33.831 72 INFO cinder.volume.api [None req-e97c4457-0286-461a-851d-26ba1a1fad6f 589ed446eb974dce88e737fc0d4e2ac8 19d456f81a154a569bed4f0171f0a66c - - default default] Availability Zones retrieved successfully.
2026-02-18 12:04:33.897 74 INFO cinder.api.openstack.wsgi [None req-ab58c585-0bd4-4f38-a1f6-ccb725b7bb7d 93a80d542c324e85a7a857d1051c53ee 248c75327074427d9b6dc98e1b5169b3 - - default default] GET http://[LB_IP_ADDRESS]:8776/v3/248c75327074427d9b6dc98e1b5169b3/volumes/9b854507-5723-4723-a2ce-4b7de013f860
2026-02-18 12:04:33.908 74 INFO cinder.api.openstack.wsgi [None req-ab58c585-0bd4-4f38-a1f6-ccb725b7bb7d 93a80d542c324e85a7a857d1051c53ee 248c75327074427d9b6dc98e1b5169b3 - - default default] http://[LB_IP_ADDRESS]:8776/v3/248c75327074427d9b6dc98e1b5169b3/volumes/9b854507-5723-4723-a2ce-4b7de013f860 returned with HTTP 404
2026-02-18 12:04:33.919 73 INFO cinder.api.openstack.wsgi [None req-73baffc8-a046-4135-a475-876819ee5454 93a80d542c324e85a7a857d1051c53ee 248c75327074427d9b6dc98e1b5169b3 - - default default] GET http://[LB_IP_ADDRESS]:8776/v3/248c75327074427d9b6dc98e1b5169b3/groups/eb276b63-d85f-4467-9b63-56f3e0df1673
2026-02-18 12:04:33.923 73 INFO cinder.api.openstack.wsgi [None req-73baffc8-a046-4135-a475-876819ee5454 93a80d542c324e85a7a857d1051c53ee 248c75327074427d9b6dc98e1b5169b3 - - default default] http://[LB_IP_ADDRESS]:8776/v3/248c75327074427d9b6dc98e1b5169b3/groups/eb276b63-d85f-4467-9b63-56f3e0df1673 returned with HTTP 404
2026-02-18 12:04:33.935 75 INFO cinder.api.openstack.wsgi [None req-ad19e123-7adb-46ef-9fed-d8d060a0f60b 04f1a51ef7a841a188ba4435a3f64577 a2b8f54854e24df3b7f805d13b378ac9 - - default default] DELETE http://[LB_IP_ADDRESS]:8776/v3/a2b8f54854e24df3b7f805d13b378ac9/group_types/09795d62-60bc-48af-87b6-e8df944a9808
2026-02-18 12:04:33.949 75 INFO cinder.api.openstack.wsgi [None req-ad19e123-7adb-46ef-9fed-d8d060a0f60b 04f1a51ef7a841a188ba4435a3f64577 a2b8f54854e24df3b7f805d13b378ac9 - - default default] http://[LB_IP_ADDRESS]:8776/v3/a2b8f54854e24df3b7f805d13b378ac9/group_types/09795d62-60bc-48af-87b6-e8df944a9808 returned with HTTP 202
2026-02-18 12:04:33.957 76 INFO cinder.api.openstack.wsgi [None req-602921ca-7325-4796-b21b-926ea4e35984 04f1a51ef7a841a188ba4435a3f64577 a2b8f54854e24df3b7f805d13b378ac9 - - default default] DELETE http://[LB_IP_ADDRESS]:8776/v3/a2b8f54854e24df3b7f805d13b378ac9/types/5de901e0-cf63-4659-92c8-2a77c6d356aa
2026-02-18 12:04:33.983 72 INFO cinder.api.openstack.wsgi [None req-e97c4457-0286-461a-851d-26ba1a1fad6f 589ed446eb974dce88e737fc0d4e2ac8 19d456f81a154a569bed4f0171f0a66c - - default default] http://[LB_IP_ADDRESS]:8776/v3/19d456f81a154a569bed4f0171f0a66c/groups returned with HTTP 202
2026-02-18 12:04:33.993 74 INFO cinder.api.openstack.wsgi [None req-19bb8a41-1788-4a97-89e4-dd1505d374bc 589ed446eb974dce88e737fc0d4e2ac8 19d456f81a154a569bed4f0171f0a66c - - default default] GET http://[LB_IP_ADDRESS]:8776/v3/19d456f81a154a569bed4f0171f0a66c/groups/7301a7f8-9fc0-45aa-bb76-1b32a28ad0e0
2026-02-18 12:04:34.009 76 INFO cinder.api.openstack.wsgi [None req-602921ca-7325-4796-b21b-926ea4e35984 04f1a51ef7a841a188ba4435a3f64577 a2b8f54854e24df3b7f805d13b378ac9 - - default default] http://[LB_IP_ADDRESS]:8776/v3/a2b8f54854e24df3b7f805d13b378ac9/types/5de901e0-cf63-4659-92c8-2a77c6d356aa returned with HTTP 202
2026-02-18 12:04:34.017 73 INFO cinder.api.openstack.wsgi [None req-09f83bbd-8efc-45d3-8f16-721691e98b5d 04f1a51ef7a841a188ba4435a3f64577 a2b8f54854e24df3b7f805d13b378ac9 - - default default] GET http://[LB_IP_ADDRESS]:8776/v3/a2b8f54854e24df3b7f805d13b378ac9/types/5de901e0-cf63-4659-92c8-2a77c6d356aa
2026-02-18 12:04:34.019 74 INFO cinder.api.openstack.wsgi [None req-19bb8a41-1788-4a97-89e4-dd1505d374bc 589ed446eb974dce88e737fc0d4e2ac8 19d456f81a154a569bed4f0171f0a66c - - default default] http://[LB_IP_ADDRESS]:8776/v3/19d456f81a154a569bed4f0171f0a66c/groups/7301a7f8-9fc0-45aa-bb76-1b32a28ad0e0 returned with HTTP 200
2026-02-18 12:04:34.021 73 INFO cinder.api.openstack.wsgi [None req-09f83bbd-8efc-45d3-8f16-721691e98b5d 04f1a51ef7a841a188ba4435a3f64577 a2b8f54854e24df3b7f805d13b378ac9 - - default default] http://[LB_IP_ADDRESS]:8776/v3/a2b8f54854e24df3b7f805d13b378ac9/types/5de901e0-cf63-4659-92c8-2a77c6d356aa returned with HTTP 404
2026-02-18 12:04:34.035 75 INFO cinder.api.openstack.wsgi [None req-411157e0-34cb-452d-9f6d-7aa716befa0c 04f1a51ef7a841a188ba4435a3f64577 a2b8f54854e24df3b7f805d13b378ac9 - - default default] POST http://[LB_IP_ADDRESS]:8776/v3/a2b8f54854e24df3b7f805d13b378ac9/types
2026-02-18 12:04:34.072 75 INFO cinder.api.openstack.wsgi [None req-411157e0-34cb-452d-9f6d-7aa716befa0c 04f1a51ef7a841a188ba4435a3f64577 a2b8f54854e24df3b7f805d13b378ac9 - - default default] http://[LB_IP_ADDRESS]:8776/v3/a2b8f54854e24df3b7f805d13b378ac9/types returned with HTTP 200
2026-02-18 12:04:34.084 72 INFO cinder.api.openstack.wsgi [None req-56804197-13f9-4d05-87fd-cdfad84102b0 04f1a51ef7a841a188ba4435a3f64577 a2b8f54854e24df3b7f805d13b378ac9 - - default default] POST http://[LB_IP_ADDRESS]:8776/v3/a2b8f54854e24df3b7f805d13b378ac9/group_types
2026-02-18 12:04:34.102 72 INFO cinder.api.openstack.wsgi [None req-56804197-13f9-4d05-87fd-cdfad84102b0 04f1a51ef7a841a188ba4435a3f64577 a2b8f54854e24df3b7f805d13b378ac9 - - default default] http://[LB_IP_ADDRESS]:8776/v3/a2b8f54854e24df3b7f805d13b378ac9/group_types returned with HTTP 202
2026-02-18 12:04:34.112 76 INFO cinder.api.openstack.wsgi [None req-ce27ac52-1fc1-42d0-85af-81edec2c8ec1 93a80d542c324e85a7a857d1051c53ee 248c75327074427d9b6dc98e1b5169b3 - - default default] POST http://[LB_IP_ADDRESS]:8776/v3/248c75327074427d9b6dc98e1b5169b3/groups
2026-02-18 12:04:34.123 76 INFO cinder.api.v3.groups [None req-ce27ac52-1fc1-42d0-85af-81edec2c8ec1 93a80d542c324e85a7a857d1051c53ee 248c75327074427d9b6dc98e1b5169b3 - - default default] Creating group tempest-GroupSnapshotsTest-Group-1219934372.
2026-02-18 12:04:34.128 76 INFO cinder.volume.api [None req-ce27ac52-1fc1-42d0-85af-81edec2c8ec1 93a80d542c324e85a7a857d1051c53ee 248c75327074427d9b6dc98e1b5169b3 - - default default] Availability Zones retrieved successfully.
2026-02-18 12:04:34.266 76 INFO cinder.api.openstack.wsgi [None req-ce27ac52-1fc1-42d0-85af-81edec2c8ec1 93a80d542c324e85a7a857d1051c53ee 248c75327074427d9b6dc98e1b5169b3 - - default default] http://[LB_IP_ADDRESS]:8776/v3/248c75327074427d9b6dc98e1b5169b3/groups returned with HTTP 202
2026-02-18 12:04:34.276 74 INFO cinder.api.openstack.wsgi [None req-23d0132f-404c-49b6-9c64-f83e549c919b 93a80d542c324e85a7a857d1051c53ee 248c75327074427d9b6dc98e1b5169b3 - - default default] GET http://[LB_IP_ADDRESS]:8776/v3/248c75327074427d9b6dc98e1b5169b3/groups/91fc1b6b-7487-494d-bec5-b961d946d425
2026-02-18 12:04:34.294 74 INFO cinder.api.openstack.wsgi [None req-23d0132f-404c-49b6-9c64-f83e549c919b 93a80d542c324e85a7a857d1051c53ee 248c75327074427d9b6dc98e1b5169b3 - - default default] http://[LB_IP_ADDRESS]:8776/v3/248c75327074427d9b6dc98e1b5169b3/groups/91fc1b6b-7487-494d-bec5-b961d946d425 returned with HTTP 200
2026-02-18 12:04:34.664 73 INFO cinder.api.openstack.wsgi [None req-a4a84f28-1865-478f-99d8-1e4dce6a02ee a878efb7c5c34b249724b75a8c3ffb20 93243f368577434c8763395dc8aa10cf - - default default] GET http://[LB_IP_ADDRESS]:8776/v3/93243f368577434c8763395dc8aa10cf/snapshots/eb9a35d4-202c-4eaa-88fd-6e295ca0e8d1
2026-02-18 12:04:34.673 73 INFO cinder.volume.api [None req-a4a84f28-1865-478f-99d8-1e4dce6a02ee a878efb7c5c34b249724b75a8c3ffb20 93243f368577434c8763395dc8aa10cf - - default default] Snapshot retrieved successfully.
2026-02-18 12:04:34.674 73 INFO cinder.api.openstack.wsgi [None req-a4a84f28-1865-478f-99d8-1e4dce6a02ee a878efb7c5c34b249724b75a8c3ffb20 93243f368577434c8763395dc8aa10cf - - default default] http://[LB_IP_ADDRESS]:8776/v3/93243f368577434c8763395dc8aa10cf/snapshots/eb9a35d4-202c-4eaa-88fd-6e295ca0e8d1 returned with HTTP 200
2026-02-18 12:04:34.795 75 INFO cinder.api.openstack.wsgi [None req-e591d7c7-c511-4a52-aa8e-53b12af2ee66 6b22d925d003449bb1c88dfc9980ee87 69eccc052a154976bbbc6f4ea0254205 - - default default] POST http://[LB_IP_ADDRESS]:8776/v3/69eccc052a154976bbbc6f4ea0254205/snapshots/eb9a35d4-202c-4eaa-88fd-6e295ca0e8d1/action
2026-02-18 12:04:35.035 72 INFO cinder.api.openstack.wsgi [None req-eb4f9899-58d0-497b-8b43-d209dce0d4bd 589ed446eb974dce88e737fc0d4e2ac8 19d456f81a154a569bed4f0171f0a66c - - default default] GET http://[LB_IP_ADDRESS]:8776/v3/19d456f81a154a569bed4f0171f0a66c/groups/7301a7f8-9fc0-45aa-bb76-1b32a28ad0e0
2026-02-18 12:04:35.061 72 INFO cinder.api.openstack.wsgi [None req-eb4f9899-58d0-497b-8b43-d209dce0d4bd 589ed446eb974dce88e737fc0d4e2ac8 19d456f81a154a569bed4f0171f0a66c - - default default] http://[LB_IP_ADDRESS]:8776/v3/19d456f81a154a569bed4f0171f0a66c/groups/7301a7f8-9fc0-45aa-bb76-1b32a28ad0e0 returned with HTTP 200
2026-02-18 12:04:35.077 76 INFO cinder.api.openstack.wsgi [None req-c6db4427-d29a-41d0-9746-b229f4644439 589ed446eb974dce88e737fc0d4e2ac8 19d456f81a154a569bed4f0171f0a66c - - default default] POST http://[LB_IP_ADDRESS]:8776/v3/19d456f81a154a569bed4f0171f0a66c/volumes
2026-02-18 12:04:35.088 76 INFO cinder.api.v3.volumes [None req-c6db4427-d29a-41d0-9746-b229f4644439 589ed446eb974dce88e737fc0d4e2ac8 19d456f81a154a569bed4f0171f0a66c - - default default] Create volume of 1 GB
2026-02-18 12:04:35.093 76 INFO cinder.volume.api [None req-c6db4427-d29a-41d0-9746-b229f4644439 589ed446eb974dce88e737fc0d4e2ac8 19d456f81a154a569bed4f0171f0a66c - - default default] Availability Zones retrieved successfully.
2026-02-18 12:04:35.143 75 INFO cinder.api.openstack.wsgi [None req-e591d7c7-c511-4a52-aa8e-53b12af2ee66 6b22d925d003449bb1c88dfc9980ee87 69eccc052a154976bbbc6f4ea0254205 - - default default] http://[LB_IP_ADDRESS]:8776/v3/69eccc052a154976bbbc6f4ea0254205/snapshots/eb9a35d4-202c-4eaa-88fd-6e295ca0e8d1/action returned with HTTP 202
2026-02-18 12:04:35.156 74 INFO cinder.api.openstack.wsgi [None req-e18dc45c-a2c7-4614-b0af-6b8c6c156a88 a878efb7c5c34b249724b75a8c3ffb20 93243f368577434c8763395dc8aa10cf - - default default] GET http://[LB_IP_ADDRESS]:8776/v3/93243f368577434c8763395dc8aa10cf/snapshots/eb9a35d4-202c-4eaa-88fd-6e295ca0e8d1
2026-02-18 12:04:35.166 74 INFO cinder.volume.api [None req-e18dc45c-a2c7-4614-b0af-6b8c6c156a88 a878efb7c5c34b249724b75a8c3ffb20 93243f368577434c8763395dc8aa10cf - - default default] Snapshot retrieved successfully.
2026-02-18 12:04:35.167 74 INFO cinder.api.openstack.wsgi [None req-e18dc45c-a2c7-4614-b0af-6b8c6c156a88 a878efb7c5c34b249724b75a8c3ffb20 93243f368577434c8763395dc8aa10cf - - default default] http://[LB_IP_ADDRESS]:8776/v3/93243f368577434c8763395dc8aa10cf/snapshots/eb9a35d4-202c-4eaa-88fd-6e295ca0e8d1 returned with HTTP 200
2026-02-18 12:04:35.179 73 INFO cinder.api.openstack.wsgi [None req-1838c0bc-832b-4f27-b212-ac198035a59d 6b22d925d003449bb1c88dfc9980ee87 69eccc052a154976bbbc6f4ea0254205 - - default default] POST http://[LB_IP_ADDRESS]:8776/v3/69eccc052a154976bbbc6f4ea0254205/snapshots/eb9a35d4-202c-4eaa-88fd-6e295ca0e8d1/action
2026-02-18 12:04:35.202 73 INFO cinder.api.openstack.wsgi [None req-1838c0bc-832b-4f27-b212-ac198035a59d 6b22d925d003449bb1c88dfc9980ee87 69eccc052a154976bbbc6f4ea0254205 - - default default] http://[LB_IP_ADDRESS]:8776/v3/69eccc052a154976bbbc6f4ea0254205/snapshots/eb9a35d4-202c-4eaa-88fd-6e295ca0e8d1/action returned with HTTP 202
2026-02-18 12:04:35.210 72 INFO cinder.api.openstack.wsgi [None req-0c28be27-5e5a-4041-81b5-cc5a9463d80d a878efb7c5c34b249724b75a8c3ffb20 93243f368577434c8763395dc8aa10cf - - default default] GET http://[LB_IP_ADDRESS]:8776/v3/93243f368577434c8763395dc8aa10cf/snapshots/eb9a35d4-202c-4eaa-88fd-6e295ca0e8d1
2026-02-18 12:04:35.220 72 INFO cinder.volume.api [None req-0c28be27-5e5a-4041-81b5-cc5a9463d80d a878efb7c5c34b249724b75a8c3ffb20 93243f368577434c8763395dc8aa10cf - - default default] Snapshot retrieved successfully.
2026-02-18 12:04:35.223 72 INFO cinder.api.openstack.wsgi [None req-0c28be27-5e5a-4041-81b5-cc5a9463d80d a878efb7c5c34b249724b75a8c3ffb20 93243f368577434c8763395dc8aa10cf - - default default] http://[LB_IP_ADDRESS]:8776/v3/93243f368577434c8763395dc8aa10cf/snapshots/eb9a35d4-202c-4eaa-88fd-6e295ca0e8d1 returned with HTTP 200
2026-02-18 12:04:35.229 75 INFO cinder.api.openstack.wsgi [None req-a9013dc0-cf57-47bb-87ff-4d7777df8bbe - - - - - -] GET http://[LB_IP_ADDRESS]:8776/
2026-02-18 12:04:35.231 75 INFO cinder.api.openstack.wsgi [None req-a9013dc0-cf57-47bb-87ff-4d7777df8bbe - - - - - -] http://[LB_IP_ADDRESS]:8776/ returned with HTTP 300
2026-02-18 12:04:35.238 74 INFO cinder.api.openstack.wsgi [None req-e89e5c3d-6507-4875-a8da-d54ecc97f633 a878efb7c5c34b249724b75a8c3ffb20 93243f368577434c8763395dc8aa10cf - - default default] POST http://[LB_IP_ADDRESS]:8776/v3/93243f368577434c8763395dc8aa10cf/snapshots
2026-02-18 12:04:35.251 74 INFO cinder.volume.api [None req-e89e5c3d-6507-4875-a8da-d54ecc97f633 a878efb7c5c34b249724b75a8c3ffb20 93243f368577434c8763395dc8aa10cf - - default default] Volume info retrieved successfully.
2026-02-18 12:04:35.251 74 INFO cinder.api.v3.snapshots [None req-e89e5c3d-6507-4875-a8da-d54ecc97f633 a878efb7c5c34b249724b75a8c3ffb20 93243f368577434c8763395dc8aa10cf - - default default] Create snapshot from volume 3da9a09e-cf7c-404d-9c31-75b70c1b6bbd
2026-02-18 12:04:35.310 73 INFO cinder.api.openstack.wsgi [None req-8d34e0d2-e9f3-476a-83c9-7df8be159970 93a80d542c324e85a7a857d1051c53ee 248c75327074427d9b6dc98e1b5169b3 - - default default] GET http://[LB_IP_ADDRESS]:8776/v3/248c75327074427d9b6dc98e1b5169b3/groups/91fc1b6b-7487-494d-bec5-b961d946d425
2026-02-18 12:04:35.342 73 INFO cinder.api.openstack.wsgi [None req-8d34e0d2-e9f3-476a-83c9-7df8be159970 93a80d542c324e85a7a857d1051c53ee 248c75327074427d9b6dc98e1b5169b3 - - default default] http://[LB_IP_ADDRESS]:8776/v3/248c75327074427d9b6dc98e1b5169b3/groups/91fc1b6b-7487-494d-bec5-b961d946d425 returned with HTTP 200
2026-02-18 12:04:35.358 72 INFO cinder.api.openstack.wsgi [None req-6383382d-6979-47d1-9b08-b3d8efac79bb 93a80d542c324e85a7a857d1051c53ee 248c75327074427d9b6dc98e1b5169b3 - - default default] POST http://[LB_IP_ADDRESS]:8776/v3/248c75327074427d9b6dc98e1b5169b3/volumes
2026-02-18 12:04:35.370 72 INFO cinder.api.v3.volumes [None req-6383382d-6979-47d1-9b08-b3d8efac79bb 93a80d542c324e85a7a857d1051c53ee 248c75327074427d9b6dc98e1b5169b3 - - default default] Create volume of 1 GB
2026-02-18 12:04:35.376 72 INFO cinder.volume.api [None req-6383382d-6979-47d1-9b08-b3d8efac79bb 93a80d542c324e85a7a857d1051c53ee 248c75327074427d9b6dc98e1b5169b3 - - default default] Availability Zones retrieved successfully.
2026-02-18 12:04:35.449 74 INFO cinder.volume.api [None req-e89e5c3d-6507-4875-a8da-d54ecc97f633 a878efb7c5c34b249724b75a8c3ffb20 93243f368577434c8763395dc8aa10cf - - default default] Snapshot create request issued successfully.
2026-02-18 12:04:35.450 74 INFO cinder.api.openstack.wsgi [None req-e89e5c3d-6507-4875-a8da-d54ecc97f633 a878efb7c5c34b249724b75a8c3ffb20 93243f368577434c8763395dc8aa10cf - - default default] http://[LB_IP_ADDRESS]:8776/v3/93243f368577434c8763395dc8aa10cf/snapshots returned with HTTP 202
2026-02-18 12:04:35.466 75 INFO cinder.api.openstack.wsgi [None req-47754762-8422-4145-8632-194ff0a1e62c a878efb7c5c34b249724b75a8c3ffb20 93243f368577434c8763395dc8aa10cf - - default default] GET http://[LB_IP_ADDRESS]:8776/v3/93243f368577434c8763395dc8aa10cf/snapshots/9c46293e-0cb2-4753-ab1a-baa7ec9874dd
2026-02-18 12:04:35.476 75 INFO cinder.volume.api [None req-47754762-8422-4145-8632-194ff0a1e62c a878efb7c5c34b249724b75a8c3ffb20 93243f368577434c8763395dc8aa10cf - - default default] Snapshot retrieved successfully.
2026-02-18 12:04:35.478 75 INFO cinder.api.openstack.wsgi [None req-47754762-8422-4145-8632-194ff0a1e62c a878efb7c5c34b249724b75a8c3ffb20 93243f368577434c8763395dc8aa10cf - - default default] http://[LB_IP_ADDRESS]:8776/v3/93243f368577434c8763395dc8aa10cf/snapshots/9c46293e-0cb2-4753-ab1a-baa7ec9874dd returned with HTTP 200
2026-02-18 12:04:35.842 76 WARNING cinder.quota [None req-c6db4427-d29a-41d0-9746-b229f4644439 589ed446eb974dce88e737fc0d4e2ac8 19d456f81a154a569bed4f0171f0a66c - - default default] Deprecated: Default quota for resource: volumes_tempest-GroupsV314Test-volume-type-240353440 is set by the default quota flag: quota_volumes_tempest-GroupsV314Test-volume-type-240353440, it is now deprecated. Please use the default quota class for default quota.
2026-02-18 12:04:35.842 76 WARNING cinder.quota [None req-c6db4427-d29a-41d0-9746-b229f4644439 589ed446eb974dce88e737fc0d4e2ac8 19d456f81a154a569bed4f0171f0a66c - - default default] Deprecated: Default quota for resource: gigabytes_tempest-GroupsV314Test-volume-type-240353440 is set by the default quota flag: quota_gigabytes_tempest-GroupsV314Test-volume-type-240353440, it is now deprecated. Please use the default quota class for default quota.
2026-02-18 12:04:35.904 72 WARNING cinder.quota [None req-6383382d-6979-47d1-9b08-b3d8efac79bb 93a80d542c324e85a7a857d1051c53ee 248c75327074427d9b6dc98e1b5169b3 - - default default] Deprecated: Default quota for resource: volumes_tempest-GroupSnapshotsTest-volume-type-1647016433 is set by the default quota flag: quota_volumes_tempest-GroupSnapshotsTest-volume-type-1647016433, it is now deprecated. Please use the default quota class for default quota.
2026-02-18 12:04:35.904 72 WARNING cinder.quota [None req-6383382d-6979-47d1-9b08-b3d8efac79bb 93a80d542c324e85a7a857d1051c53ee 248c75327074427d9b6dc98e1b5169b3 - - default default] Deprecated: Default quota for resource: gigabytes_tempest-GroupSnapshotsTest-volume-type-1647016433 is set by the default quota flag: quota_gigabytes_tempest-GroupSnapshotsTest-volume-type-1647016433, it is now deprecated. Please use the default quota class for default quota.
2026-02-18 12:04:35.937 76 INFO cinder.volume.api [None req-c6db4427-d29a-41d0-9746-b229f4644439 589ed446eb974dce88e737fc0d4e2ac8 19d456f81a154a569bed4f0171f0a66c - - default default] Create volume request issued successfully.
2026-02-18 12:04:35.966 76 INFO cinder.api.openstack.wsgi [None req-c6db4427-d29a-41d0-9746-b229f4644439 589ed446eb974dce88e737fc0d4e2ac8 19d456f81a154a569bed4f0171f0a66c - - default default] http://[LB_IP_ADDRESS]:8776/v3/19d456f81a154a569bed4f0171f0a66c/volumes returned with HTTP 202
2026-02-18 12:04:35.974 72 INFO cinder.volume.api [None req-6383382d-6979-47d1-9b08-b3d8efac79bb 93a80d542c324e85a7a857d1051c53ee 248c75327074427d9b6dc98e1b5169b3 - - default default] Create volume request issued successfully.
2026-02-18 12:04:35.984 73 INFO cinder.api.openstack.wsgi [None req-61e2c9e2-c3fb-4044-94f6-1512ec12246e 589ed446eb974dce88e737fc0d4e2ac8 19d456f81a154a569bed4f0171f0a66c - - default default] GET http://[LB_IP_ADDRESS]:8776/v3/19d456f81a154a569bed4f0171f0a66c/volumes/f3aabd27-d88b-45d9-acb2-4c5a2d778172
2026-02-18 12:04:35.998 72 INFO cinder.api.openstack.wsgi [None req-6383382d-6979-47d1-9b08-b3d8efac79bb 93a80d542c324e85a7a857d1051c53ee 248c75327074427d9b6dc98e1b5169b3 - - default default] http://[LB_IP_ADDRESS]:8776/v3/248c75327074427d9b6dc98e1b5169b3/volumes returned with HTTP 202
2026-02-18 12:04:36.000 73 INFO cinder.volume.api [None req-61e2c9e2-c3fb-4044-94f6-1512ec12246e 589ed446eb974dce88e737fc0d4e2ac8 19d456f81a154a569bed4f0171f0a66c - - default default] Volume info retrieved successfully.
2026-02-18 12:04:36.018 74 INFO cinder.api.openstack.wsgi [None req-7772a2ac-278c-46f7-9cbc-9a66db9f3ed8 93a80d542c324e85a7a857d1051c53ee 248c75327074427d9b6dc98e1b5169b3 - - default default] GET http://[LB_IP_ADDRESS]:8776/v3/248c75327074427d9b6dc98e1b5169b3/volumes/5fcb99c9-7765-4037-8220-c3a0f9667067
2026-02-18 12:04:36.019 73 INFO cinder.api.openstack.wsgi [None req-61e2c9e2-c3fb-4044-94f6-1512ec12246e 589ed446eb974dce88e737fc0d4e2ac8 19d456f81a154a569bed4f0171f0a66c - - default default] http://[LB_IP_ADDRESS]:8776/v3/19d456f81a154a569bed4f0171f0a66c/volumes/f3aabd27-d88b-45d9-acb2-4c5a2d778172 returned with HTTP 200
2026-02-18 12:04:36.036 74 INFO cinder.volume.api [None req-7772a2ac-278c-46f7-9cbc-9a66db9f3ed8 93a80d542c324e85a7a857d1051c53ee 248c75327074427d9b6dc98e1b5169b3 - - default default] Volume info retrieved successfully.
2026-02-18 12:04:36.053 74 INFO cinder.api.openstack.wsgi [None req-7772a2ac-278c-46f7-9cbc-9a66db9f3ed8 93a80d542c324e85a7a857d1051c53ee 248c75327074427d9b6dc98e1b5169b3 - - default default] http://[LB_IP_ADDRESS]:8776/v3/248c75327074427d9b6dc98e1b5169b3/volumes/5fcb99c9-7765-4037-8220-c3a0f9667067 returned with HTTP 200
2026-02-18 12:04:36.495 75 INFO cinder.api.openstack.wsgi [None req-2d760c5e-54f2-4d38-85a7-5946121c2062 a878efb7c5c34b249724b75a8c3ffb20 93243f368577434c8763395dc8aa10cf - - default default] GET http://[LB_IP_ADDRESS]:8776/v3/93243f368577434c8763395dc8aa10cf/snapshots/9c46293e-0cb2-4753-ab1a-baa7ec9874dd
2026-02-18 12:04:36.504 75 INFO cinder.volume.api [None req-2d760c5e-54f2-4d38-85a7-5946121c2062 a878efb7c5c34b249724b75a8c3ffb20 93243f368577434c8763395dc8aa10cf - - default default] Snapshot retrieved successfully.
2026-02-18 12:04:36.506 75 INFO cinder.api.openstack.wsgi [None req-2d760c5e-54f2-4d38-85a7-5946121c2062 a878efb7c5c34b249724b75a8c3ffb20 93243f368577434c8763395dc8aa10cf - - default default] http://[LB_IP_ADDRESS]:8776/v3/93243f368577434c8763395dc8aa10cf/snapshots/9c46293e-0cb2-4753-ab1a-baa7ec9874dd returned with HTTP 200
2026-02-18 12:04:37.041 76 INFO cinder.api.openstack.wsgi [None req-7dd58669-53ba-47c5-823b-97403cb38138 589ed446eb974dce88e737fc0d4e2ac8 19d456f81a154a569bed4f0171f0a66c - - default default] GET http://[LB_IP_ADDRESS]:8776/v3/19d456f81a154a569bed4f0171f0a66c/volumes/f3aabd27-d88b-45d9-acb2-4c5a2d778172
2026-02-18 12:04:37.057 76 INFO cinder.volume.api [None req-7dd58669-53ba-47c5-823b-97403cb38138 589ed446eb974dce88e737fc0d4e2ac8 19d456f81a154a569bed4f0171f0a66c - - default default] Volume info retrieved successfully.
2026-02-18 12:04:37.073 72 INFO cinder.api.openstack.wsgi [None req-1709ab7e-4cf1-433c-bb57-a2874dc21a0f 93a80d542c324e85a7a857d1051c53ee 248c75327074427d9b6dc98e1b5169b3 - - default default] GET http://[LB_IP_ADDRESS]:8776/v3/248c75327074427d9b6dc98e1b5169b3/volumes/5fcb99c9-7765-4037-8220-c3a0f9667067
2026-02-18 12:04:37.082 76 INFO cinder.api.openstack.wsgi [None req-7dd58669-53ba-47c5-823b-97403cb38138 589ed446eb974dce88e737fc0d4e2ac8 19d456f81a154a569bed4f0171f0a66c - - default default] http://[LB_IP_ADDRESS]:8776/v3/19d456f81a154a569bed4f0171f0a66c/volumes/f3aabd27-d88b-45d9-acb2-4c5a2d778172 returned with HTTP 200
2026-02-18 12:04:37.090 72 INFO cinder.volume.api [None req-1709ab7e-4cf1-433c-bb57-a2874dc21a0f 93a80d542c324e85a7a857d1051c53ee 248c75327074427d9b6dc98e1b5169b3 - - default default] Volume info retrieved successfully.
2026-02-18 12:04:37.104 73 INFO cinder.api.openstack.wsgi [None req-5e8a644e-56ff-4100-a1f3-bef0b76cdbc0 589ed446eb974dce88e737fc0d4e2ac8 19d456f81a154a569bed4f0171f0a66c - - default default] POST http://[LB_IP_ADDRESS]:8776/v3/19d456f81a154a569bed4f0171f0a66c/groups/action
2026-02-18 12:04:37.107 73 INFO cinder.api.v3.groups [None req-5e8a644e-56ff-4100-a1f3-bef0b76cdbc0 589ed446eb974dce88e737fc0d4e2ac8 19d456f81a154a569bed4f0171f0a66c - - default default] Creating group tempest-Group_from_grp-1569848098 from source group 7301a7f8-9fc0-45aa-bb76-1b32a28ad0e0.
2026-02-18 12:04:37.116 72 INFO cinder.api.openstack.wsgi [None req-1709ab7e-4cf1-433c-bb57-a2874dc21a0f 93a80d542c324e85a7a857d1051c53ee 248c75327074427d9b6dc98e1b5169b3 - - default default] http://[LB_IP_ADDRESS]:8776/v3/248c75327074427d9b6dc98e1b5169b3/volumes/5fcb99c9-7765-4037-8220-c3a0f9667067 returned with HTTP 200
2026-02-18 12:04:37.136 74 INFO cinder.api.openstack.wsgi [None req-1980960e-0d58-40da-8bb4-31ee26e19499 93a80d542c324e85a7a857d1051c53ee 248c75327074427d9b6dc98e1b5169b3 - - default default] POST http://[LB_IP_ADDRESS]:8776/v3/248c75327074427d9b6dc98e1b5169b3/volumes
2026-02-18 12:04:37.150 74 INFO cinder.api.v3.volumes [None req-1980960e-0d58-40da-8bb4-31ee26e19499 93a80d542c324e85a7a857d1051c53ee 248c75327074427d9b6dc98e1b5169b3 - - default default] Create volume of 1 GB
2026-02-18 12:04:37.155 74 INFO cinder.volume.api [None req-1980960e-0d58-40da-8bb4-31ee26e19499 93a80d542c324e85a7a857d1051c53ee 248c75327074427d9b6dc98e1b5169b3 - - default default] Availability Zones retrieved successfully.
2026-02-18 12:04:37.521 75 INFO cinder.api.openstack.wsgi [None req-0dee6e21-6a25-4fcd-b3ac-793cf4c20ec7 a878efb7c5c34b249724b75a8c3ffb20 93243f368577434c8763395dc8aa10cf - - default default] GET http://[LB_IP_ADDRESS]:8776/v3/93243f368577434c8763395dc8aa10cf/snapshots/9c46293e-0cb2-4753-ab1a-baa7ec9874dd
2026-02-18 12:04:37.531 75 INFO cinder.volume.api [None req-0dee6e21-6a25-4fcd-b3ac-793cf4c20ec7 a878efb7c5c34b249724b75a8c3ffb20 93243f368577434c8763395dc8aa10cf - - default default] Snapshot retrieved successfully.
2026-02-18 12:04:37.532 75 INFO cinder.api.openstack.wsgi [None req-0dee6e21-6a25-4fcd-b3ac-793cf4c20ec7 a878efb7c5c34b249724b75a8c3ffb20 93243f368577434c8763395dc8aa10cf - - default default] http://[LB_IP_ADDRESS]:8776/v3/93243f368577434c8763395dc8aa10cf/snapshots/9c46293e-0cb2-4753-ab1a-baa7ec9874dd returned with HTTP 200
2026-02-18 12:04:37.543 76 INFO cinder.api.openstack.wsgi [None req-c3c13de7-52b3-4c9f-9051-79f3551414aa 6b22d925d003449bb1c88dfc9980ee87 69eccc052a154976bbbc6f4ea0254205 - - default default] POST http://[LB_IP_ADDRESS]:8776/v3/69eccc052a154976bbbc6f4ea0254205/snapshots/9c46293e-0cb2-4753-ab1a-baa7ec9874dd/action
2026-02-18 12:04:37.566 76 INFO cinder.api.openstack.wsgi [None req-c3c13de7-52b3-4c9f-9051-79f3551414aa 6b22d925d003449bb1c88dfc9980ee87 69eccc052a154976bbbc6f4ea0254205 - - default default] http://[LB_IP_ADDRESS]:8776/v3/69eccc052a154976bbbc6f4ea0254205/snapshots/9c46293e-0cb2-4753-ab1a-baa7ec9874dd/action returned with HTTP 202
2026-02-18 12:04:37.579 72 INFO cinder.api.openstack.wsgi [None req-a79f9793-cf12-451e-850e-c133b0eb801b a878efb7c5c34b249724b75a8c3ffb20 93243f368577434c8763395dc8aa10cf - - default default] GET http://[LB_IP_ADDRESS]:8776/v3/93243f368577434c8763395dc8aa10cf/snapshots/9c46293e-0cb2-4753-ab1a-baa7ec9874dd
2026-02-18 12:04:37.589 72 INFO cinder.volume.api [None req-a79f9793-cf12-451e-850e-c133b0eb801b a878efb7c5c34b249724b75a8c3ffb20 93243f368577434c8763395dc8aa10cf - - default default] Snapshot retrieved successfully.
2026-02-18 12:04:37.590 72 INFO cinder.api.openstack.wsgi [None req-a79f9793-cf12-451e-850e-c133b0eb801b a878efb7c5c34b249724b75a8c3ffb20 93243f368577434c8763395dc8aa10cf - - default default] http://[LB_IP_ADDRESS]:8776/v3/93243f368577434c8763395dc8aa10cf/snapshots/9c46293e-0cb2-4753-ab1a-baa7ec9874dd returned with HTTP 200
2026-02-18 12:04:37.605 75 INFO cinder.api.openstack.wsgi [None req-bfc167e0-9b85-436e-bfc4-08c78628fb5c 6b22d925d003449bb1c88dfc9980ee87 69eccc052a154976bbbc6f4ea0254205 - - default default] POST http://[LB_IP_ADDRESS]:8776/v3/69eccc052a154976bbbc6f4ea0254205/snapshots/9c46293e-0cb2-4753-ab1a-baa7ec9874dd/action
2026-02-18 12:04:37.614 75 INFO cinder.volume.api [None req-bfc167e0-9b85-436e-bfc4-08c78628fb5c 6b22d925d003449bb1c88dfc9980ee87 69eccc052a154976bbbc6f4ea0254205 - - default default] Snapshot retrieved successfully.
2026-02-18 12:04:37.633 75 INFO cinder.volume.api [None req-bfc167e0-9b85-436e-bfc4-08c78628fb5c 6b22d925d003449bb1c88dfc9980ee87 69eccc052a154976bbbc6f4ea0254205 - - default default] Snapshot delete request issued successfully.
2026-02-18 12:04:37.634 75 INFO cinder.api.openstack.wsgi [None req-bfc167e0-9b85-436e-bfc4-08c78628fb5c 6b22d925d003449bb1c88dfc9980ee87 69eccc052a154976bbbc6f4ea0254205 - - default default] http://[LB_IP_ADDRESS]:8776/v3/69eccc052a154976bbbc6f4ea0254205/snapshots/9c46293e-0cb2-4753-ab1a-baa7ec9874dd/action returned with HTTP 202
2026-02-18 12:04:37.641 76 INFO cinder.api.openstack.wsgi [None req-5a2e328c-ee0a-4d64-9dd3-27abf8c601f5 a878efb7c5c34b249724b75a8c3ffb20 93243f368577434c8763395dc8aa10cf - - default default] GET http://[LB_IP_ADDRESS]:8776/v3/93243f368577434c8763395dc8aa10cf/snapshots/9c46293e-0cb2-4753-ab1a-baa7ec9874dd
2026-02-18 12:04:37.648 76 INFO cinder.volume.api [None req-5a2e328c-ee0a-4d64-9dd3-27abf8c601f5 a878efb7c5c34b249724b75a8c3ffb20 93243f368577434c8763395dc8aa10cf - - default default] Snapshot retrieved successfully.
2026-02-18 12:04:37.648 76 INFO cinder.api.openstack.wsgi [None req-5a2e328c-ee0a-4d64-9dd3-27abf8c601f5 a878efb7c5c34b249724b75a8c3ffb20 93243f368577434c8763395dc8aa10cf - - default default] http://[LB_IP_ADDRESS]:8776/v3/93243f368577434c8763395dc8aa10cf/snapshots/9c46293e-0cb2-4753-ab1a-baa7ec9874dd returned with HTTP 200
2026-02-18 12:04:37.652 74 WARNING cinder.quota [None req-1980960e-0d58-40da-8bb4-31ee26e19499 93a80d542c324e85a7a857d1051c53ee 248c75327074427d9b6dc98e1b5169b3 - - default default] Deprecated: Default quota for resource: volumes_tempest-GroupSnapshotsTest-volume-type-1647016433 is set by the default quota flag: quota_volumes_tempest-GroupSnapshotsTest-volume-type-1647016433, it is now deprecated. Please use the default quota class for default quota.
