2026-05-25 09:30:03.460 72 INFO cinder.api.v3.volumes [req-b9087af3-bfa6-49e7-850b-8d6919d94851 req-3059b0d1-0dfc-4f39-9c9a-d0817c6c0701 4f118834d479451db555651a6b0f191e 31b583e668e8419687df0675be9677d2 - - default default] Delete volume with id: 047d2add-c005-4d82-8144-069ea2a893b2 
2026-05-25 09:30:03.468 72 INFO cinder.api.openstack.wsgi [req-b9087af3-bfa6-49e7-850b-8d6919d94851 req-3059b0d1-0dfc-4f39-9c9a-d0817c6c0701 4f118834d479451db555651a6b0f191e 31b583e668e8419687df0675be9677d2 - - default default] http://[LB_IP_ADDRESS]:8776/v3/volumes/047d2add-c005-4d82-8144-069ea2a893b2 returned with HTTP 404
2026-05-25 09:30:03.486 76 INFO cinder.api.openstack.wsgi [req-b3036074-9b60-4395-995d-55bfb6d6ca9d req-4fa71ca1-776c-47ed-92c6-ef509ce01950 4f118834d479451db555651a6b0f191e 31b583e668e8419687df0675be9677d2 - - default default] GET http://[LB_IP_ADDRESS]:8776/v3/volumes/047d2add-c005-4d82-8144-069ea2a893b2
2026-05-25 09:30:03.494 76 INFO cinder.api.openstack.wsgi [req-b3036074-9b60-4395-995d-55bfb6d6ca9d req-4fa71ca1-776c-47ed-92c6-ef509ce01950 4f118834d479451db555651a6b0f191e 31b583e668e8419687df0675be9677d2 - - default default] http://[LB_IP_ADDRESS]:8776/v3/volumes/047d2add-c005-4d82-8144-069ea2a893b2 returned with HTTP 404
2026-05-25 09:30:03.626 75 INFO cinder.api.openstack.wsgi [None req-3fe8723c-fee5-439a-99d5-5ccf54ce5cc6 ec8916f8b83f4ebfa99b4e308099648a fb521b8f7289484994996012fe77baab - - default default] GET http://[LB_IP_ADDRESS]:8776/v3/fb521b8f7289484994996012fe77baab/volumes/1730c290-16f3-4c9d-95e0-dc46ad419335
2026-05-25 09:30:03.632 75 INFO cinder.api.openstack.wsgi [None req-3fe8723c-fee5-439a-99d5-5ccf54ce5cc6 ec8916f8b83f4ebfa99b4e308099648a fb521b8f7289484994996012fe77baab - - default default] http://[LB_IP_ADDRESS]:8776/v3/fb521b8f7289484994996012fe77baab/volumes/1730c290-16f3-4c9d-95e0-dc46ad419335 returned with HTTP 404
2026-05-25 09:30:03.639 73 INFO cinder.api.openstack.wsgi [None req-ae06470e-cda5-48e2-b295-1cf290fc90fe ec8916f8b83f4ebfa99b4e308099648a fb521b8f7289484994996012fe77baab - - default default] DELETE http://[LB_IP_ADDRESS]:8776/v3/fb521b8f7289484994996012fe77baab/volumes/abf50033-d4d2-49cf-b5d6-bc38c2601dc6
2026-05-25 09:30:03.639 73 INFO cinder.api.v3.volumes [None req-ae06470e-cda5-48e2-b295-1cf290fc90fe ec8916f8b83f4ebfa99b4e308099648a fb521b8f7289484994996012fe77baab - - default default] Delete volume with id: abf50033-d4d2-49cf-b5d6-bc38c2601dc6 
2026-05-25 09:30:03.648 73 INFO cinder.volume.api [None req-ae06470e-cda5-48e2-b295-1cf290fc90fe ec8916f8b83f4ebfa99b4e308099648a fb521b8f7289484994996012fe77baab - - default default] Volume info retrieved successfully.
2026-05-25 09:30:03.665 73 INFO cinder.volume.api [None req-ae06470e-cda5-48e2-b295-1cf290fc90fe ec8916f8b83f4ebfa99b4e308099648a fb521b8f7289484994996012fe77baab - - default default] Delete volume request issued successfully.
2026-05-25 09:30:03.666 73 INFO cinder.api.openstack.wsgi [None req-ae06470e-cda5-48e2-b295-1cf290fc90fe ec8916f8b83f4ebfa99b4e308099648a fb521b8f7289484994996012fe77baab - - default default] http://[LB_IP_ADDRESS]:8776/v3/fb521b8f7289484994996012fe77baab/volumes/abf50033-d4d2-49cf-b5d6-bc38c2601dc6 returned with HTTP 202
2026-05-25 09:30:03.673 72 INFO cinder.api.openstack.wsgi [None req-bf0927f4-d9c4-4c63-9b6c-9533632532c4 ec8916f8b83f4ebfa99b4e308099648a fb521b8f7289484994996012fe77baab - - default default] GET http://[LB_IP_ADDRESS]:8776/v3/fb521b8f7289484994996012fe77baab/volumes/abf50033-d4d2-49cf-b5d6-bc38c2601dc6
2026-05-25 09:30:03.689 72 INFO cinder.volume.api [None req-bf0927f4-d9c4-4c63-9b6c-9533632532c4 ec8916f8b83f4ebfa99b4e308099648a fb521b8f7289484994996012fe77baab - - default default] Volume info retrieved successfully.
2026-05-25 09:30:03.694 72 INFO cinder.api.openstack.wsgi [None req-bf0927f4-d9c4-4c63-9b6c-9533632532c4 ec8916f8b83f4ebfa99b4e308099648a fb521b8f7289484994996012fe77baab - - default default] http://[LB_IP_ADDRESS]:8776/v3/fb521b8f7289484994996012fe77baab/volumes/abf50033-d4d2-49cf-b5d6-bc38c2601dc6 returned with HTTP 200
2026-05-25 09:30:03.941 74 INFO cinder.api.openstack.wsgi [None req-06b1f575-cfca-4893-8380-0b8fd4e998a8 dceaef9d42e8434fbdec6898031340dc 6376df40a0ce4f1ea1ddab5ffa337142 - - default default] http://[LB_IP_ADDRESS]:8776/v3/6376df40a0ce4f1ea1ddab5ffa337142/capabilities/rack04-server63@LIGHTOSbbuhac returned with HTTP 200
2026-05-25 09:30:03.955 76 INFO cinder.api.openstack.wsgi [None req-23e939e2-8721-41a0-ad59-09c1c25491e1 dceaef9d42e8434fbdec6898031340dc 6376df40a0ce4f1ea1ddab5ffa337142 - - default default] GET http://[LB_IP_ADDRESS]:8776/v3/6376df40a0ce4f1ea1ddab5ffa337142/capabilities/rack04-server63@LIGHTOSbbuhac
2026-05-25 09:30:04.470 76 INFO cinder.api.openstack.wsgi [None req-23e939e2-8721-41a0-ad59-09c1c25491e1 dceaef9d42e8434fbdec6898031340dc 6376df40a0ce4f1ea1ddab5ffa337142 - - default default] http://[LB_IP_ADDRESS]:8776/v3/6376df40a0ce4f1ea1ddab5ffa337142/capabilities/rack04-server63@LIGHTOSbbuhac returned with HTTP 200
2026-05-25 09:30:04.711 75 INFO cinder.api.openstack.wsgi [None req-247bad31-5a7d-4065-8901-d7c411160eee ec8916f8b83f4ebfa99b4e308099648a fb521b8f7289484994996012fe77baab - - default default] GET http://[LB_IP_ADDRESS]:8776/v3/fb521b8f7289484994996012fe77baab/volumes/abf50033-d4d2-49cf-b5d6-bc38c2601dc6
2026-05-25 09:30:04.720 75 INFO cinder.api.openstack.wsgi [None req-247bad31-5a7d-4065-8901-d7c411160eee ec8916f8b83f4ebfa99b4e308099648a fb521b8f7289484994996012fe77baab - - default default] http://[LB_IP_ADDRESS]:8776/v3/fb521b8f7289484994996012fe77baab/volumes/abf50033-d4d2-49cf-b5d6-bc38c2601dc6 returned with HTTP 404
2026-05-25 09:30:05.667 73 INFO cinder.api.openstack.wsgi [req-c51acf39-a547-4880-8d65-d0fd3f98ee69 req-2d7961fb-0e29-4bce-9cd2-6c7acddc8e5f f9768ddf5a244837b52a993901c4e14f 5d4b76659a00408a818af27e5d316f2a - - default default] POST http://[LB_IP_ADDRESS]:8776/v3/volumes
2026-05-25 09:30:05.671 73 INFO cinder.api.v3.volumes [req-c51acf39-a547-4880-8d65-d0fd3f98ee69 req-2d7961fb-0e29-4bce-9cd2-6c7acddc8e5f f9768ddf5a244837b52a993901c4e14f 5d4b76659a00408a818af27e5d316f2a - - default default] Create volume of 1 GB
2026-05-25 09:30:05.679 73 INFO cinder.volume.api [req-c51acf39-a547-4880-8d65-d0fd3f98ee69 req-2d7961fb-0e29-4bce-9cd2-6c7acddc8e5f f9768ddf5a244837b52a993901c4e14f 5d4b76659a00408a818af27e5d316f2a - - default default] Availability Zones retrieved successfully.
2026-05-25 09:30:05.868 73 INFO cinder.volume.api [req-c51acf39-a547-4880-8d65-d0fd3f98ee69 req-2d7961fb-0e29-4bce-9cd2-6c7acddc8e5f f9768ddf5a244837b52a993901c4e14f 5d4b76659a00408a818af27e5d316f2a - - default default] Create volume request issued successfully.
2026-05-25 09:30:05.870 73 INFO cinder.api.openstack.wsgi [req-c51acf39-a547-4880-8d65-d0fd3f98ee69 req-2d7961fb-0e29-4bce-9cd2-6c7acddc8e5f f9768ddf5a244837b52a993901c4e14f 5d4b76659a00408a818af27e5d316f2a - - default default] http://[LB_IP_ADDRESS]:8776/v3/volumes returned with HTTP 202
2026-05-25 09:30:05.887 72 INFO cinder.api.openstack.wsgi [req-c51acf39-a547-4880-8d65-d0fd3f98ee69 req-bd73f359-efee-482f-87da-84f34449dded f9768ddf5a244837b52a993901c4e14f 5d4b76659a00408a818af27e5d316f2a - - default default] GET http://[LB_IP_ADDRESS]:8776/v3/volumes/c3e6b626-21f2-4f41-9c5e-c058269bd3f5
2026-05-25 09:30:05.902 72 INFO cinder.volume.api [req-c51acf39-a547-4880-8d65-d0fd3f98ee69 req-bd73f359-efee-482f-87da-84f34449dded f9768ddf5a244837b52a993901c4e14f 5d4b76659a00408a818af27e5d316f2a - - default default] Volume info retrieved successfully.
2026-05-25 09:30:05.908 72 INFO cinder.api.openstack.wsgi [req-c51acf39-a547-4880-8d65-d0fd3f98ee69 req-bd73f359-efee-482f-87da-84f34449dded f9768ddf5a244837b52a993901c4e14f 5d4b76659a00408a818af27e5d316f2a - - default default] http://[LB_IP_ADDRESS]:8776/v3/volumes/c3e6b626-21f2-4f41-9c5e-c058269bd3f5 returned with HTTP 200
2026-05-25 09:30:05.942 74 INFO cinder.api.openstack.wsgi [req-24de75bc-68ee-4386-8e5b-f63b929db7ec req-06db0bc4-0835-457e-aa43-65bf729c7ddd f9768ddf5a244837b52a993901c4e14f 5d4b76659a00408a818af27e5d316f2a - - default default] GET http://[LB_IP_ADDRESS]:8776/v3/volumes/c3e6b626-21f2-4f41-9c5e-c058269bd3f5
2026-05-25 09:30:05.959 74 INFO cinder.volume.api [req-24de75bc-68ee-4386-8e5b-f63b929db7ec req-06db0bc4-0835-457e-aa43-65bf729c7ddd f9768ddf5a244837b52a993901c4e14f 5d4b76659a00408a818af27e5d316f2a - - default default] Volume info retrieved successfully.
2026-05-25 09:30:05.964 74 INFO cinder.api.openstack.wsgi [req-24de75bc-68ee-4386-8e5b-f63b929db7ec req-06db0bc4-0835-457e-aa43-65bf729c7ddd f9768ddf5a244837b52a993901c4e14f 5d4b76659a00408a818af27e5d316f2a - - default default] http://[LB_IP_ADDRESS]:8776/v3/volumes/c3e6b626-21f2-4f41-9c5e-c058269bd3f5 returned with HTTP 200
2026-05-25 09:30:06.998 76 INFO cinder.api.openstack.wsgi [req-6dd687aa-575d-4a58-85cf-d9dee3bc9b3d req-c02466c0-4cd4-4a3c-81cc-def27ce72d7c f9768ddf5a244837b52a993901c4e14f 5d4b76659a00408a818af27e5d316f2a - - default default] GET http://[LB_IP_ADDRESS]:8776/v3/volumes/c3e6b626-21f2-4f41-9c5e-c058269bd3f5
2026-05-25 09:30:07.015 76 INFO cinder.volume.api [req-6dd687aa-575d-4a58-85cf-d9dee3bc9b3d req-c02466c0-4cd4-4a3c-81cc-def27ce72d7c f9768ddf5a244837b52a993901c4e14f 5d4b76659a00408a818af27e5d316f2a - - default default] Volume info retrieved successfully.
2026-05-25 09:30:07.020 76 INFO cinder.api.openstack.wsgi [req-6dd687aa-575d-4a58-85cf-d9dee3bc9b3d req-c02466c0-4cd4-4a3c-81cc-def27ce72d7c f9768ddf5a244837b52a993901c4e14f 5d4b76659a00408a818af27e5d316f2a - - default default] http://[LB_IP_ADDRESS]:8776/v3/volumes/c3e6b626-21f2-4f41-9c5e-c058269bd3f5 returned with HTTP 200
2026-05-25 09:30:07.044 75 INFO cinder.api.openstack.wsgi [req-dd5e1810-c660-4fba-a78e-b3014ea7102d req-91a3d1d5-c23b-4d7d-869f-60dd38e18d6f f9768ddf5a244837b52a993901c4e14f 5d4b76659a00408a818af27e5d316f2a - - default default] GET http://[LB_IP_ADDRESS]:8776/v3/volumes/c3e6b626-21f2-4f41-9c5e-c058269bd3f5
2026-05-25 09:30:07.056 75 INFO cinder.volume.api [req-dd5e1810-c660-4fba-a78e-b3014ea7102d req-91a3d1d5-c23b-4d7d-869f-60dd38e18d6f f9768ddf5a244837b52a993901c4e14f 5d4b76659a00408a818af27e5d316f2a - - default default] Volume info retrieved successfully.
2026-05-25 09:30:07.060 75 INFO cinder.api.openstack.wsgi [req-dd5e1810-c660-4fba-a78e-b3014ea7102d req-91a3d1d5-c23b-4d7d-869f-60dd38e18d6f f9768ddf5a244837b52a993901c4e14f 5d4b76659a00408a818af27e5d316f2a - - default default] http://[LB_IP_ADDRESS]:8776/v3/volumes/c3e6b626-21f2-4f41-9c5e-c058269bd3f5 returned with HTTP 200
2026-05-25 09:30:07.087 73 INFO cinder.api.openstack.wsgi [req-ec00940a-eba4-4b6f-aa32-79cecafc7ade req-8582c6d2-54e7-48cd-bed9-76ada8226e83 f9768ddf5a244837b52a993901c4e14f 5d4b76659a00408a818af27e5d316f2a - - default default] DELETE http://[LB_IP_ADDRESS]:8776/v3/volumes/c3e6b626-21f2-4f41-9c5e-c058269bd3f5
2026-05-25 09:30:07.088 73 INFO cinder.api.v3.volumes [req-ec00940a-eba4-4b6f-aa32-79cecafc7ade req-8582c6d2-54e7-48cd-bed9-76ada8226e83 f9768ddf5a244837b52a993901c4e14f 5d4b76659a00408a818af27e5d316f2a - - default default] Delete volume with id: c3e6b626-21f2-4f41-9c5e-c058269bd3f5 
2026-05-25 09:30:07.098 73 INFO cinder.volume.api [req-ec00940a-eba4-4b6f-aa32-79cecafc7ade req-8582c6d2-54e7-48cd-bed9-76ada8226e83 f9768ddf5a244837b52a993901c4e14f 5d4b76659a00408a818af27e5d316f2a - - default default] Volume info retrieved successfully.
2026-05-25 09:30:07.122 73 INFO cinder.volume.api [req-ec00940a-eba4-4b6f-aa32-79cecafc7ade req-8582c6d2-54e7-48cd-bed9-76ada8226e83 f9768ddf5a244837b52a993901c4e14f 5d4b76659a00408a818af27e5d316f2a - - default default] Delete volume request issued successfully.
2026-05-25 09:30:07.122 73 INFO cinder.api.openstack.wsgi [req-ec00940a-eba4-4b6f-aa32-79cecafc7ade req-8582c6d2-54e7-48cd-bed9-76ada8226e83 f9768ddf5a244837b52a993901c4e14f 5d4b76659a00408a818af27e5d316f2a - - default default] http://[LB_IP_ADDRESS]:8776/v3/volumes/c3e6b626-21f2-4f41-9c5e-c058269bd3f5 returned with HTTP 202
2026-05-25 09:30:07.152 72 INFO cinder.api.openstack.wsgi [req-1aa88a12-91a8-44df-9d44-bc5bc5126a50 req-e84bfc43-58a0-46fe-a824-ff28f51424e3 f9768ddf5a244837b52a993901c4e14f 5d4b76659a00408a818af27e5d316f2a - - default default] GET http://[LB_IP_ADDRESS]:8776/v3/volumes/c3e6b626-21f2-4f41-9c5e-c058269bd3f5
2026-05-25 09:30:07.177 72 INFO cinder.volume.api [req-1aa88a12-91a8-44df-9d44-bc5bc5126a50 req-e84bfc43-58a0-46fe-a824-ff28f51424e3 f9768ddf5a244837b52a993901c4e14f 5d4b76659a00408a818af27e5d316f2a - - default default] Volume info retrieved successfully.
2026-05-25 09:30:07.182 72 INFO cinder.api.openstack.wsgi [req-1aa88a12-91a8-44df-9d44-bc5bc5126a50 req-e84bfc43-58a0-46fe-a824-ff28f51424e3 f9768ddf5a244837b52a993901c4e14f 5d4b76659a00408a818af27e5d316f2a - - default default] http://[LB_IP_ADDRESS]:8776/v3/volumes/c3e6b626-21f2-4f41-9c5e-c058269bd3f5 returned with HTTP 200
2026-05-25 09:30:07.871 74 INFO cinder.api.openstack.wsgi [None req-9a247e91-d0cf-4b9a-aff9-a3b0cd4b14b4 3e466ac06c874c6c817c810d3089b009 e451a54d0bd84a1e85b565ab58f07858 - - default default] POST http://[LB_IP_ADDRESS]:8776/v3/e451a54d0bd84a1e85b565ab58f07858/types
2026-05-25 09:30:07.892 74 INFO cinder.api.openstack.wsgi [None req-9a247e91-d0cf-4b9a-aff9-a3b0cd4b14b4 3e466ac06c874c6c817c810d3089b009 e451a54d0bd84a1e85b565ab58f07858 - - default default] http://[LB_IP_ADDRESS]:8776/v3/e451a54d0bd84a1e85b565ab58f07858/types returned with HTTP 200
2026-05-25 09:30:07.907 75 INFO cinder.api.openstack.wsgi [None req-255da3d6-92f5-4ce9-af81-b61847cbb215 3e466ac06c874c6c817c810d3089b009 e451a54d0bd84a1e85b565ab58f07858 - - default default] POST http://[LB_IP_ADDRESS]:8776/v3/e451a54d0bd84a1e85b565ab58f07858/group_types
2026-05-25 09:30:07.924 75 INFO cinder.api.openstack.wsgi [None req-255da3d6-92f5-4ce9-af81-b61847cbb215 3e466ac06c874c6c817c810d3089b009 e451a54d0bd84a1e85b565ab58f07858 - - default default] http://[LB_IP_ADDRESS]:8776/v3/e451a54d0bd84a1e85b565ab58f07858/group_types returned with HTTP 202
2026-05-25 09:30:07.947 76 INFO cinder.api.openstack.wsgi [None req-93a38dac-bff7-4f8d-a941-1c058565f6f1 bdcb6c48d1dd4f2482f3ef609f990e99 3b6370ed65f44d0da5a8df7b39bf25b2 - - default default] POST http://[LB_IP_ADDRESS]:8776/v3/3b6370ed65f44d0da5a8df7b39bf25b2/types
2026-05-25 09:30:07.963 76 INFO cinder.api.openstack.wsgi [None req-93a38dac-bff7-4f8d-a941-1c058565f6f1 bdcb6c48d1dd4f2482f3ef609f990e99 3b6370ed65f44d0da5a8df7b39bf25b2 - - default default] http://[LB_IP_ADDRESS]:8776/v3/3b6370ed65f44d0da5a8df7b39bf25b2/types returned with HTTP 200
2026-05-25 09:30:07.977 72 INFO cinder.api.openstack.wsgi [None req-738787cc-1fa0-41d2-9928-30a2aac5f622 bdcb6c48d1dd4f2482f3ef609f990e99 3b6370ed65f44d0da5a8df7b39bf25b2 - - default default] POST http://[LB_IP_ADDRESS]:8776/v3/3b6370ed65f44d0da5a8df7b39bf25b2/group_types
2026-05-25 09:30:07.999 72 INFO cinder.api.openstack.wsgi [None req-738787cc-1fa0-41d2-9928-30a2aac5f622 bdcb6c48d1dd4f2482f3ef609f990e99 3b6370ed65f44d0da5a8df7b39bf25b2 - - default default] http://[LB_IP_ADDRESS]:8776/v3/3b6370ed65f44d0da5a8df7b39bf25b2/group_types returned with HTTP 202
2026-05-25 09:30:08.009 73 INFO cinder.api.openstack.wsgi [None req-0dc010fc-252e-43a8-865d-c36b4a476831 6736c36657f64ff99b6b6348adefada0 412c883797f14c388f7d803d48087d6e - - default default] POST http://[LB_IP_ADDRESS]:8776/v3/412c883797f14c388f7d803d48087d6e/groups
2026-05-25 09:30:08.018 73 INFO cinder.api.v3.groups [None req-0dc010fc-252e-43a8-865d-c36b4a476831 6736c36657f64ff99b6b6348adefada0 412c883797f14c388f7d803d48087d6e - - default default] Creating group tempest-GroupSnapshotsTest-Group-225258851.
2026-05-25 09:30:08.026 73 INFO cinder.volume.api [None req-0dc010fc-252e-43a8-865d-c36b4a476831 6736c36657f64ff99b6b6348adefada0 412c883797f14c388f7d803d48087d6e - - default default] Availability Zones retrieved successfully.
2026-05-25 09:30:08.077 74 INFO cinder.api.openstack.wsgi [None req-3c238d31-0a83-4c63-87a7-f08dfe205803 379ff1883fd4424cb132bda37715aa8e c0efb9a49134414a81019ca2d6635468 - - default default] POST http://[LB_IP_ADDRESS]:8776/v3/c0efb9a49134414a81019ca2d6635468/groups
2026-05-25 09:30:08.085 73 INFO cinder.api.openstack.wsgi [None req-0dc010fc-252e-43a8-865d-c36b4a476831 6736c36657f64ff99b6b6348adefada0 412c883797f14c388f7d803d48087d6e - - default default] http://[LB_IP_ADDRESS]:8776/v3/412c883797f14c388f7d803d48087d6e/groups returned with HTTP 202
2026-05-25 09:30:08.089 74 INFO cinder.api.v3.groups [None req-3c238d31-0a83-4c63-87a7-f08dfe205803 379ff1883fd4424cb132bda37715aa8e c0efb9a49134414a81019ca2d6635468 - - default default] Creating group tempest-GroupSnapshotsV319Test-Group-225924597.
2026-05-25 09:30:08.095 75 INFO cinder.api.openstack.wsgi [None req-bc3b6310-40ca-4b02-8eac-2f742fb4ab17 6736c36657f64ff99b6b6348adefada0 412c883797f14c388f7d803d48087d6e - - default default] GET http://[LB_IP_ADDRESS]:8776/v3/412c883797f14c388f7d803d48087d6e/groups/1d5a81aa-f521-4742-8b43-5e4cf60cbb36
2026-05-25 09:30:08.104 74 INFO cinder.volume.api [None req-3c238d31-0a83-4c63-87a7-f08dfe205803 379ff1883fd4424cb132bda37715aa8e c0efb9a49134414a81019ca2d6635468 - - default default] Availability Zones retrieved successfully.
2026-05-25 09:30:08.108 75 INFO cinder.api.openstack.wsgi [None req-bc3b6310-40ca-4b02-8eac-2f742fb4ab17 6736c36657f64ff99b6b6348adefada0 412c883797f14c388f7d803d48087d6e - - default default] http://[LB_IP_ADDRESS]:8776/v3/412c883797f14c388f7d803d48087d6e/groups/1d5a81aa-f521-4742-8b43-5e4cf60cbb36 returned with HTTP 200
2026-05-25 09:30:08.154 74 INFO cinder.api.openstack.wsgi [None req-3c238d31-0a83-4c63-87a7-f08dfe205803 379ff1883fd4424cb132bda37715aa8e c0efb9a49134414a81019ca2d6635468 - - default default] http://[LB_IP_ADDRESS]:8776/v3/c0efb9a49134414a81019ca2d6635468/groups returned with HTTP 202
2026-05-25 09:30:08.168 76 INFO cinder.api.openstack.wsgi [None req-fb573c43-0ed7-49b8-b3b9-68ea97860076 379ff1883fd4424cb132bda37715aa8e c0efb9a49134414a81019ca2d6635468 - - default default] GET http://[LB_IP_ADDRESS]:8776/v3/c0efb9a49134414a81019ca2d6635468/groups/556b7230-88c7-4bf2-9ae1-b9e75d04f0b0
2026-05-25 09:30:08.187 76 INFO cinder.api.openstack.wsgi [None req-fb573c43-0ed7-49b8-b3b9-68ea97860076 379ff1883fd4424cb132bda37715aa8e c0efb9a49134414a81019ca2d6635468 - - default default] http://[LB_IP_ADDRESS]:8776/v3/c0efb9a49134414a81019ca2d6635468/groups/556b7230-88c7-4bf2-9ae1-b9e75d04f0b0 returned with HTTP 200
2026-05-25 09:30:08.211 72 INFO cinder.api.openstack.wsgi [req-8b8a72c1-9b6e-42f4-ab96-aa2b4546d004 req-04f411d7-4dd8-4c21-aa6b-b43e7ed0ff85 f9768ddf5a244837b52a993901c4e14f 5d4b76659a00408a818af27e5d316f2a - - default default] GET http://[LB_IP_ADDRESS]:8776/v3/volumes/c3e6b626-21f2-4f41-9c5e-c058269bd3f5
2026-05-25 09:30:08.222 72 INFO cinder.api.openstack.wsgi [req-8b8a72c1-9b6e-42f4-ab96-aa2b4546d004 req-04f411d7-4dd8-4c21-aa6b-b43e7ed0ff85 f9768ddf5a244837b52a993901c4e14f 5d4b76659a00408a818af27e5d316f2a - - default default] http://[LB_IP_ADDRESS]:8776/v3/volumes/c3e6b626-21f2-4f41-9c5e-c058269bd3f5 returned with HTTP 404
2026-05-25 09:30:09.124 73 INFO cinder.api.openstack.wsgi [None req-15dc632e-6b0f-4575-adb7-2b3e37db287f 6736c36657f64ff99b6b6348adefada0 412c883797f14c388f7d803d48087d6e - - default default] GET http://[LB_IP_ADDRESS]:8776/v3/412c883797f14c388f7d803d48087d6e/groups/1d5a81aa-f521-4742-8b43-5e4cf60cbb36
2026-05-25 09:30:09.141 73 INFO cinder.api.openstack.wsgi [None req-15dc632e-6b0f-4575-adb7-2b3e37db287f 6736c36657f64ff99b6b6348adefada0 412c883797f14c388f7d803d48087d6e - - default default] http://[LB_IP_ADDRESS]:8776/v3/412c883797f14c388f7d803d48087d6e/groups/1d5a81aa-f521-4742-8b43-5e4cf60cbb36 returned with HTTP 200
2026-05-25 09:30:09.152 75 INFO cinder.api.openstack.wsgi [None req-07a436d4-720e-47f4-ab52-1ba674fb32b8 6736c36657f64ff99b6b6348adefada0 412c883797f14c388f7d803d48087d6e - - default default] POST http://[LB_IP_ADDRESS]:8776/v3/412c883797f14c388f7d803d48087d6e/volumes
2026-05-25 09:30:09.160 75 INFO cinder.api.v3.volumes [None req-07a436d4-720e-47f4-ab52-1ba674fb32b8 6736c36657f64ff99b6b6348adefada0 412c883797f14c388f7d803d48087d6e - - default default] Create volume of 1 GB
2026-05-25 09:30:09.165 75 INFO cinder.volume.api [None req-07a436d4-720e-47f4-ab52-1ba674fb32b8 6736c36657f64ff99b6b6348adefada0 412c883797f14c388f7d803d48087d6e - - default default] Availability Zones retrieved successfully.
2026-05-25 09:30:09.200 74 INFO cinder.api.openstack.wsgi [None req-45616624-50e1-455c-97ab-9f1b7bfba2c5 379ff1883fd4424cb132bda37715aa8e c0efb9a49134414a81019ca2d6635468 - - default default] GET http://[LB_IP_ADDRESS]:8776/v3/c0efb9a49134414a81019ca2d6635468/groups/556b7230-88c7-4bf2-9ae1-b9e75d04f0b0
2026-05-25 09:30:09.217 74 INFO cinder.api.openstack.wsgi [None req-45616624-50e1-455c-97ab-9f1b7bfba2c5 379ff1883fd4424cb132bda37715aa8e c0efb9a49134414a81019ca2d6635468 - - default default] http://[LB_IP_ADDRESS]:8776/v3/c0efb9a49134414a81019ca2d6635468/groups/556b7230-88c7-4bf2-9ae1-b9e75d04f0b0 returned with HTTP 200
2026-05-25 09:30:09.234 76 INFO cinder.api.openstack.wsgi [None req-4ed639eb-4129-40af-9c95-ac2cf4de9b50 379ff1883fd4424cb132bda37715aa8e c0efb9a49134414a81019ca2d6635468 - - default default] POST http://[LB_IP_ADDRESS]:8776/v3/c0efb9a49134414a81019ca2d6635468/volumes
2026-05-25 09:30:09.248 76 INFO cinder.api.v3.volumes [None req-4ed639eb-4129-40af-9c95-ac2cf4de9b50 379ff1883fd4424cb132bda37715aa8e c0efb9a49134414a81019ca2d6635468 - - default default] Create volume of 1 GB
2026-05-25 09:30:09.256 76 INFO cinder.volume.api [None req-4ed639eb-4129-40af-9c95-ac2cf4de9b50 379ff1883fd4424cb132bda37715aa8e c0efb9a49134414a81019ca2d6635468 - - default default] Availability Zones retrieved successfully.
2026-05-25 09:30:09.264 75 WARNING cinder.quota [None req-07a436d4-720e-47f4-ab52-1ba674fb32b8 6736c36657f64ff99b6b6348adefada0 412c883797f14c388f7d803d48087d6e - - default default] Deprecated: Default quota for resource: volumes_tempest-GroupSnapshotsTest-volume-type-1345610273 is set by the default quota flag: quota_volumes_tempest-GroupSnapshotsTest-volume-type-1345610273, it is now deprecated. Please use the default quota class for default quota.
2026-05-25 09:30:09.264 75 WARNING cinder.quota [None req-07a436d4-720e-47f4-ab52-1ba674fb32b8 6736c36657f64ff99b6b6348adefada0 412c883797f14c388f7d803d48087d6e - - default default] Deprecated: Default quota for resource: gigabytes_tempest-GroupSnapshotsTest-volume-type-1345610273 is set by the default quota flag: quota_gigabytes_tempest-GroupSnapshotsTest-volume-type-1345610273, it is now deprecated. Please use the default quota class for default quota.
2026-05-25 09:30:09.336 75 INFO cinder.volume.api [None req-07a436d4-720e-47f4-ab52-1ba674fb32b8 6736c36657f64ff99b6b6348adefada0 412c883797f14c388f7d803d48087d6e - - default default] Create volume request issued successfully.
2026-05-25 09:30:09.349 75 INFO cinder.api.openstack.wsgi [None req-07a436d4-720e-47f4-ab52-1ba674fb32b8 6736c36657f64ff99b6b6348adefada0 412c883797f14c388f7d803d48087d6e - - default default] http://[LB_IP_ADDRESS]:8776/v3/412c883797f14c388f7d803d48087d6e/volumes returned with HTTP 202
2026-05-25 09:30:09.369 72 INFO cinder.api.openstack.wsgi [None req-33df4966-d521-46d1-ab2d-3b71be1a32cf 6736c36657f64ff99b6b6348adefada0 412c883797f14c388f7d803d48087d6e - - default default] GET http://[LB_IP_ADDRESS]:8776/v3/412c883797f14c388f7d803d48087d6e/volumes/66e14a92-f95e-4eb1-878d-be9b16e2a426
2026-05-25 09:30:09.372 76 WARNING cinder.quota [None req-4ed639eb-4129-40af-9c95-ac2cf4de9b50 379ff1883fd4424cb132bda37715aa8e c0efb9a49134414a81019ca2d6635468 - - default default] Deprecated: Default quota for resource: volumes_tempest-GroupSnapshotsV319Test-volume-type-954835353 is set by the default quota flag: quota_volumes_tempest-GroupSnapshotsV319Test-volume-type-954835353, it is now deprecated. Please use the default quota class for default quota.
2026-05-25 09:30:09.372 76 WARNING cinder.quota [None req-4ed639eb-4129-40af-9c95-ac2cf4de9b50 379ff1883fd4424cb132bda37715aa8e c0efb9a49134414a81019ca2d6635468 - - default default] Deprecated: Default quota for resource: gigabytes_tempest-GroupSnapshotsV319Test-volume-type-954835353 is set by the default quota flag: quota_gigabytes_tempest-GroupSnapshotsV319Test-volume-type-954835353, it is now deprecated. Please use the default quota class for default quota.
2026-05-25 09:30:09.387 72 INFO cinder.volume.api [None req-33df4966-d521-46d1-ab2d-3b71be1a32cf 6736c36657f64ff99b6b6348adefada0 412c883797f14c388f7d803d48087d6e - - default default] Volume info retrieved successfully.
2026-05-25 09:30:09.403 72 INFO cinder.api.openstack.wsgi [None req-33df4966-d521-46d1-ab2d-3b71be1a32cf 6736c36657f64ff99b6b6348adefada0 412c883797f14c388f7d803d48087d6e - - default default] http://[LB_IP_ADDRESS]:8776/v3/412c883797f14c388f7d803d48087d6e/volumes/66e14a92-f95e-4eb1-878d-be9b16e2a426 returned with HTTP 200
2026-05-25 09:30:09.448 76 INFO cinder.volume.api [None req-4ed639eb-4129-40af-9c95-ac2cf4de9b50 379ff1883fd4424cb132bda37715aa8e c0efb9a49134414a81019ca2d6635468 - - default default] Create volume request issued successfully.
2026-05-25 09:30:09.462 76 INFO cinder.api.openstack.wsgi [None req-4ed639eb-4129-40af-9c95-ac2cf4de9b50 379ff1883fd4424cb132bda37715aa8e c0efb9a49134414a81019ca2d6635468 - - default default] http://[LB_IP_ADDRESS]:8776/v3/c0efb9a49134414a81019ca2d6635468/volumes returned with HTTP 202
2026-05-25 09:30:09.481 73 INFO cinder.api.openstack.wsgi [None req-93b6f857-b3fc-43e8-9243-2debb6b9349d 379ff1883fd4424cb132bda37715aa8e c0efb9a49134414a81019ca2d6635468 - - default default] GET http://[LB_IP_ADDRESS]:8776/v3/c0efb9a49134414a81019ca2d6635468/volumes/1a6b1876-2356-453b-859a-1cc553889425
2026-05-25 09:30:09.498 73 INFO cinder.volume.api [None req-93b6f857-b3fc-43e8-9243-2debb6b9349d 379ff1883fd4424cb132bda37715aa8e c0efb9a49134414a81019ca2d6635468 - - default default] Volume info retrieved successfully.
2026-05-25 09:30:09.514 73 INFO cinder.api.openstack.wsgi [None req-93b6f857-b3fc-43e8-9243-2debb6b9349d 379ff1883fd4424cb132bda37715aa8e c0efb9a49134414a81019ca2d6635468 - - default default] http://[LB_IP_ADDRESS]:8776/v3/c0efb9a49134414a81019ca2d6635468/volumes/1a6b1876-2356-453b-859a-1cc553889425 returned with HTTP 200
2026-05-25 09:30:10.424 74 INFO cinder.api.openstack.wsgi [None req-a5665810-2cb3-4152-beb4-2394b6f2eacf 6736c36657f64ff99b6b6348adefada0 412c883797f14c388f7d803d48087d6e - - default default] GET http://[LB_IP_ADDRESS]:8776/v3/412c883797f14c388f7d803d48087d6e/volumes/66e14a92-f95e-4eb1-878d-be9b16e2a426
2026-05-25 09:30:10.441 74 INFO cinder.volume.api [None req-a5665810-2cb3-4152-beb4-2394b6f2eacf 6736c36657f64ff99b6b6348adefada0 412c883797f14c388f7d803d48087d6e - - default default] Volume info retrieved successfully.
2026-05-25 09:30:10.457 74 INFO cinder.api.openstack.wsgi [None req-a5665810-2cb3-4152-beb4-2394b6f2eacf 6736c36657f64ff99b6b6348adefada0 412c883797f14c388f7d803d48087d6e - - default default] http://[LB_IP_ADDRESS]:8776/v3/412c883797f14c388f7d803d48087d6e/volumes/66e14a92-f95e-4eb1-878d-be9b16e2a426 returned with HTTP 200
2026-05-25 09:30:10.479 75 INFO cinder.api.openstack.wsgi [None req-0710a19a-3927-4f7a-bcd5-9a76a1a98e90 6736c36657f64ff99b6b6348adefada0 412c883797f14c388f7d803d48087d6e - - default default] POST http://[LB_IP_ADDRESS]:8776/v3/412c883797f14c388f7d803d48087d6e/group_snapshots
2026-05-25 09:30:10.491 75 INFO cinder.api.v3.group_snapshots [None req-0710a19a-3927-4f7a-bcd5-9a76a1a98e90 6736c36657f64ff99b6b6348adefada0 412c883797f14c388f7d803d48087d6e - - default default] Creating group_snapshot tempest-group_snapshot-1235534354.
2026-05-25 09:30:10.536 72 INFO cinder.api.openstack.wsgi [None req-4a4df3ba-66ea-490d-9975-96f33036a539 379ff1883fd4424cb132bda37715aa8e c0efb9a49134414a81019ca2d6635468 - - default default] GET http://[LB_IP_ADDRESS]:8776/v3/c0efb9a49134414a81019ca2d6635468/volumes/1a6b1876-2356-453b-859a-1cc553889425
2026-05-25 09:30:10.538 75 WARNING cinder.quota [None req-0710a19a-3927-4f7a-bcd5-9a76a1a98e90 6736c36657f64ff99b6b6348adefada0 412c883797f14c388f7d803d48087d6e - - default default] Deprecated: Default quota for resource: snapshots_tempest-GroupSnapshotsTest-volume-type-1345610273 is set by the default quota flag: quota_snapshots_tempest-GroupSnapshotsTest-volume-type-1345610273, it is now deprecated. Please use the default quota class for default quota.
2026-05-25 09:30:10.552 72 INFO cinder.volume.api [None req-4a4df3ba-66ea-490d-9975-96f33036a539 379ff1883fd4424cb132bda37715aa8e c0efb9a49134414a81019ca2d6635468 - - default default] Volume info retrieved successfully.
2026-05-25 09:30:10.566 72 INFO cinder.api.openstack.wsgi [None req-4a4df3ba-66ea-490d-9975-96f33036a539 379ff1883fd4424cb132bda37715aa8e c0efb9a49134414a81019ca2d6635468 - - default default] http://[LB_IP_ADDRESS]:8776/v3/c0efb9a49134414a81019ca2d6635468/volumes/1a6b1876-2356-453b-859a-1cc553889425 returned with HTTP 200
2026-05-25 09:30:10.586 75 INFO cinder.api.openstack.wsgi [None req-0710a19a-3927-4f7a-bcd5-9a76a1a98e90 6736c36657f64ff99b6b6348adefada0 412c883797f14c388f7d803d48087d6e - - default default] http://[LB_IP_ADDRESS]:8776/v3/412c883797f14c388f7d803d48087d6e/group_snapshots returned with HTTP 202
2026-05-25 09:30:10.589 76 INFO cinder.api.openstack.wsgi [None req-8f5d1c77-661f-46e9-bdd7-9f611dc08629 379ff1883fd4424cb132bda37715aa8e c0efb9a49134414a81019ca2d6635468 - - default default] POST http://[LB_IP_ADDRESS]:8776/v3/c0efb9a49134414a81019ca2d6635468/group_snapshots
2026-05-25 09:30:10.600 76 INFO cinder.api.v3.group_snapshots [None req-8f5d1c77-661f-46e9-bdd7-9f611dc08629 379ff1883fd4424cb132bda37715aa8e c0efb9a49134414a81019ca2d6635468 - - default default] Creating group_snapshot tempest-GroupSnapshotsV319Test-Group_Snapshot-1607882178.
2026-05-25 09:30:10.601 73 INFO cinder.api.openstack.wsgi [None req-a90b9285-5e3b-4465-86fd-77be304b2ba6 6736c36657f64ff99b6b6348adefada0 412c883797f14c388f7d803d48087d6e - - default default] GET http://[LB_IP_ADDRESS]:8776/v3/412c883797f14c388f7d803d48087d6e/group_snapshots/506047ca-c17d-49fd-81a6-9a35559435c7
2026-05-25 09:30:10.613 73 INFO cinder.api.openstack.wsgi [None req-a90b9285-5e3b-4465-86fd-77be304b2ba6 6736c36657f64ff99b6b6348adefada0 412c883797f14c388f7d803d48087d6e - - default default] http://[LB_IP_ADDRESS]:8776/v3/412c883797f14c388f7d803d48087d6e/group_snapshots/506047ca-c17d-49fd-81a6-9a35559435c7 returned with HTTP 200
2026-05-25 09:30:10.643 76 WARNING cinder.quota [None req-8f5d1c77-661f-46e9-bdd7-9f611dc08629 379ff1883fd4424cb132bda37715aa8e c0efb9a49134414a81019ca2d6635468 - - default default] Deprecated: Default quota for resource: snapshots_tempest-GroupSnapshotsV319Test-volume-type-954835353 is set by the default quota flag: quota_snapshots_tempest-GroupSnapshotsV319Test-volume-type-954835353, it is now deprecated. Please use the default quota class for default quota.
2026-05-25 09:30:10.697 76 INFO cinder.api.openstack.wsgi [None req-8f5d1c77-661f-46e9-bdd7-9f611dc08629 379ff1883fd4424cb132bda37715aa8e c0efb9a49134414a81019ca2d6635468 - - default default] http://[LB_IP_ADDRESS]:8776/v3/c0efb9a49134414a81019ca2d6635468/group_snapshots returned with HTTP 202
2026-05-25 09:30:10.711 74 INFO cinder.api.openstack.wsgi [None req-07b826dc-985c-4701-819f-439e7261454d 379ff1883fd4424cb132bda37715aa8e c0efb9a49134414a81019ca2d6635468 - - default default] GET http://[LB_IP_ADDRESS]:8776/v3/c0efb9a49134414a81019ca2d6635468/group_snapshots/1e1f6d0c-8a8b-45c1-8507-b19b8c49b46a
2026-05-25 09:30:10.721 74 INFO cinder.api.openstack.wsgi [None req-07b826dc-985c-4701-819f-439e7261454d 379ff1883fd4424cb132bda37715aa8e c0efb9a49134414a81019ca2d6635468 - - default default] http://[LB_IP_ADDRESS]:8776/v3/c0efb9a49134414a81019ca2d6635468/group_snapshots/1e1f6d0c-8a8b-45c1-8507-b19b8c49b46a returned with HTTP 200
2026-05-25 09:30:11.351 72 INFO cinder.api.openstack.wsgi [None req-abb9e20b-9a97-48f3-aa00-1ceb5873bb1f 0d4106911d574af59d492a9481567a3f 536d1b08d176467aaed901ab027d4675 - - default default] POST http://[LB_IP_ADDRESS]:8776/v3/536d1b08d176467aaed901ab027d4675/group_types
2026-05-25 09:30:11.370 72 INFO cinder.api.openstack.wsgi [None req-abb9e20b-9a97-48f3-aa00-1ceb5873bb1f 0d4106911d574af59d492a9481567a3f 536d1b08d176467aaed901ab027d4675 - - default default] http://[LB_IP_ADDRESS]:8776/v3/536d1b08d176467aaed901ab027d4675/group_types returned with HTTP 202
2026-05-25 09:30:11.385 75 INFO cinder.api.openstack.wsgi [None req-222cc971-e06b-465d-93f3-7a5596fa10d3 0d4106911d574af59d492a9481567a3f 536d1b08d176467aaed901ab027d4675 - - default default] POST http://[LB_IP_ADDRESS]:8776/v3/536d1b08d176467aaed901ab027d4675/group_types/b3a134d2-e7f8-4426-8a18-b8467332fc0b/group_specs
2026-05-25 09:30:11.401 75 INFO cinder.api.openstack.wsgi [None req-222cc971-e06b-465d-93f3-7a5596fa10d3 0d4106911d574af59d492a9481567a3f 536d1b08d176467aaed901ab027d4675 - - default default] http://[LB_IP_ADDRESS]:8776/v3/536d1b08d176467aaed901ab027d4675/group_types/b3a134d2-e7f8-4426-8a18-b8467332fc0b/group_specs returned with HTTP 202
2026-05-25 09:30:11.415 73 INFO cinder.api.openstack.wsgi [None req-d6271cdd-1076-40ba-bc8f-e905b29db397 0d4106911d574af59d492a9481567a3f 536d1b08d176467aaed901ab027d4675 - - default default] POST http://[LB_IP_ADDRESS]:8776/v3/536d1b08d176467aaed901ab027d4675/group_types/b3a134d2-e7f8-4426-8a18-b8467332fc0b/group_specs
2026-05-25 09:30:11.431 73 INFO cinder.api.openstack.wsgi [None req-d6271cdd-1076-40ba-bc8f-e905b29db397 0d4106911d574af59d492a9481567a3f 536d1b08d176467aaed901ab027d4675 - - default default] http://[LB_IP_ADDRESS]:8776/v3/536d1b08d176467aaed901ab027d4675/group_types/b3a134d2-e7f8-4426-8a18-b8467332fc0b/group_specs returned with HTTP 202
2026-05-25 09:30:11.445 76 INFO cinder.api.openstack.wsgi [None req-34dc4494-b7f0-47e3-ba83-cca5d84efd79 0d4106911d574af59d492a9481567a3f 536d1b08d176467aaed901ab027d4675 - - default default] GET http://[LB_IP_ADDRESS]:8776/v3/536d1b08d176467aaed901ab027d4675/group_types/b3a134d2-e7f8-4426-8a18-b8467332fc0b/group_specs/key2
2026-05-25 09:30:11.455 76 INFO cinder.api.openstack.wsgi [None req-34dc4494-b7f0-47e3-ba83-cca5d84efd79 0d4106911d574af59d492a9481567a3f 536d1b08d176467aaed901ab027d4675 - - default default] http://[LB_IP_ADDRESS]:8776/v3/536d1b08d176467aaed901ab027d4675/group_types/b3a134d2-e7f8-4426-8a18-b8467332fc0b/group_specs/key2 returned with HTTP 200
2026-05-25 09:30:11.468 74 INFO cinder.api.openstack.wsgi [None req-2e71c6b9-17a6-4a04-a2e0-f7e8a4a4bdfb 0d4106911d574af59d492a9481567a3f 536d1b08d176467aaed901ab027d4675 - - default default] GET http://[LB_IP_ADDRESS]:8776/v3/536d1b08d176467aaed901ab027d4675/group_types/b3a134d2-e7f8-4426-8a18-b8467332fc0b/group_specs/key3
2026-05-25 09:30:11.479 74 INFO cinder.api.openstack.wsgi [None req-2e71c6b9-17a6-4a04-a2e0-f7e8a4a4bdfb 0d4106911d574af59d492a9481567a3f 536d1b08d176467aaed901ab027d4675 - - default default] http://[LB_IP_ADDRESS]:8776/v3/536d1b08d176467aaed901ab027d4675/group_types/b3a134d2-e7f8-4426-8a18-b8467332fc0b/group_specs/key3 returned with HTTP 200
2026-05-25 09:30:11.492 72 INFO cinder.api.openstack.wsgi [None req-11160a8d-6948-4596-b445-6d40670099b8 0d4106911d574af59d492a9481567a3f 536d1b08d176467aaed901ab027d4675 - - default default] PUT http://[LB_IP_ADDRESS]:8776/v3/536d1b08d176467aaed901ab027d4675/group_types/b3a134d2-e7f8-4426-8a18-b8467332fc0b/group_specs/key3
2026-05-25 09:30:11.506 72 INFO cinder.api.openstack.wsgi [None req-11160a8d-6948-4596-b445-6d40670099b8 0d4106911d574af59d492a9481567a3f 536d1b08d176467aaed901ab027d4675 - - default default] http://[LB_IP_ADDRESS]:8776/v3/536d1b08d176467aaed901ab027d4675/group_types/b3a134d2-e7f8-4426-8a18-b8467332fc0b/group_specs/key3 returned with HTTP 200
2026-05-25 09:30:11.519 75 INFO cinder.api.openstack.wsgi [None req-ab65967c-b38a-459c-9b6b-b9e0c85f970a 0d4106911d574af59d492a9481567a3f 536d1b08d176467aaed901ab027d4675 - - default default] GET http://[LB_IP_ADDRESS]:8776/v3/536d1b08d176467aaed901ab027d4675/group_types/b3a134d2-e7f8-4426-8a18-b8467332fc0b/group_specs
2026-05-25 09:30:11.530 75 INFO cinder.api.openstack.wsgi [None req-ab65967c-b38a-459c-9b6b-b9e0c85f970a 0d4106911d574af59d492a9481567a3f 536d1b08d176467aaed901ab027d4675 - - default default] http://[LB_IP_ADDRESS]:8776/v3/536d1b08d176467aaed901ab027d4675/group_types/b3a134d2-e7f8-4426-8a18-b8467332fc0b/group_specs returned with HTTP 200
2026-05-25 09:30:11.544 73 INFO cinder.api.openstack.wsgi [None req-d64a3e3d-4055-4fc0-aa70-e5705fd41fbf 0d4106911d574af59d492a9481567a3f 536d1b08d176467aaed901ab027d4675 - - default default] DELETE http://[LB_IP_ADDRESS]:8776/v3/536d1b08d176467aaed901ab027d4675/group_types/b3a134d2-e7f8-4426-8a18-b8467332fc0b/group_specs/key1
2026-05-25 09:30:11.557 73 INFO cinder.api.openstack.wsgi [None req-d64a3e3d-4055-4fc0-aa70-e5705fd41fbf 0d4106911d574af59d492a9481567a3f 536d1b08d176467aaed901ab027d4675 - - default default] http://[LB_IP_ADDRESS]:8776/v3/536d1b08d176467aaed901ab027d4675/group_types/b3a134d2-e7f8-4426-8a18-b8467332fc0b/group_specs/key1 returned with HTTP 202
2026-05-25 09:30:11.570 76 INFO cinder.api.openstack.wsgi [None req-2eedff3a-a10a-47d8-823b-44159478a517 0d4106911d574af59d492a9481567a3f 536d1b08d176467aaed901ab027d4675 - - default default] GET http://[LB_IP_ADDRESS]:8776/v3/536d1b08d176467aaed901ab027d4675/group_types/b3a134d2-e7f8-4426-8a18-b8467332fc0b/group_specs/key1
2026-05-25 09:30:11.580 76 INFO cinder.api.openstack.wsgi [None req-2eedff3a-a10a-47d8-823b-44159478a517 0d4106911d574af59d492a9481567a3f 536d1b08d176467aaed901ab027d4675 - - default default] HTTP exception thrown: Group Type b3a134d2-e7f8-4426-8a18-b8467332fc0b has no extra spec with key key1.
2026-05-25 09:30:11.581 76 INFO cinder.api.openstack.wsgi [None req-2eedff3a-a10a-47d8-823b-44159478a517 0d4106911d574af59d492a9481567a3f 536d1b08d176467aaed901ab027d4675 - - default default] http://[LB_IP_ADDRESS]:8776/v3/536d1b08d176467aaed901ab027d4675/group_types/b3a134d2-e7f8-4426-8a18-b8467332fc0b/group_specs/key1 returned with HTTP 404
2026-05-25 09:30:11.593 74 INFO cinder.api.openstack.wsgi [None req-47e7c7bd-adce-47a9-90ab-7df4810984f3 0d4106911d574af59d492a9481567a3f 536d1b08d176467aaed901ab027d4675 - - default default] DELETE http://[LB_IP_ADDRESS]:8776/v3/536d1b08d176467aaed901ab027d4675/group_types/b3a134d2-e7f8-4426-8a18-b8467332fc0b/group_specs/key2
2026-05-25 09:30:11.606 74 INFO cinder.api.openstack.wsgi [None req-47e7c7bd-adce-47a9-90ab-7df4810984f3 0d4106911d574af59d492a9481567a3f 536d1b08d176467aaed901ab027d4675 - - default default] http://[LB_IP_ADDRESS]:8776/v3/536d1b08d176467aaed901ab027d4675/group_types/b3a134d2-e7f8-4426-8a18-b8467332fc0b/group_specs/key2 returned with HTTP 202
2026-05-25 09:30:11.619 72 INFO cinder.api.openstack.wsgi [None req-64df8777-7b4c-4bfd-9e61-9b61028d1cf3 0d4106911d574af59d492a9481567a3f 536d1b08d176467aaed901ab027d4675 - - default default] GET http://[LB_IP_ADDRESS]:8776/v3/536d1b08d176467aaed901ab027d4675/group_types/b3a134d2-e7f8-4426-8a18-b8467332fc0b/group_specs/key2
2026-05-25 09:30:11.629 75 INFO cinder.api.openstack.wsgi [None req-8d44fc7c-974a-463d-8387-04370f1269ea 6736c36657f64ff99b6b6348adefada0 412c883797f14c388f7d803d48087d6e - - default default] GET http://[LB_IP_ADDRESS]:8776/v3/412c883797f14c388f7d803d48087d6e/group_snapshots/506047ca-c17d-49fd-81a6-9a35559435c7
2026-05-25 09:30:11.630 72 INFO cinder.api.openstack.wsgi [None req-64df8777-7b4c-4bfd-9e61-9b61028d1cf3 0d4106911d574af59d492a9481567a3f 536d1b08d176467aaed901ab027d4675 - - default default] HTTP exception thrown: Group Type b3a134d2-e7f8-4426-8a18-b8467332fc0b has no extra spec with key key2.
2026-05-25 09:30:11.630 72 INFO cinder.api.openstack.wsgi [None req-64df8777-7b4c-4bfd-9e61-9b61028d1cf3 0d4106911d574af59d492a9481567a3f 536d1b08d176467aaed901ab027d4675 - - default default] http://[LB_IP_ADDRESS]:8776/v3/536d1b08d176467aaed901ab027d4675/group_types/b3a134d2-e7f8-4426-8a18-b8467332fc0b/group_specs/key2 returned with HTTP 404
2026-05-25 09:30:11.640 75 INFO cinder.api.openstack.wsgi [None req-8d44fc7c-974a-463d-8387-04370f1269ea 6736c36657f64ff99b6b6348adefada0 412c883797f14c388f7d803d48087d6e - - default default] http://[LB_IP_ADDRESS]:8776/v3/412c883797f14c388f7d803d48087d6e/group_snapshots/506047ca-c17d-49fd-81a6-9a35559435c7 returned with HTTP 200
2026-05-25 09:30:11.643 73 INFO cinder.api.openstack.wsgi [None req-1ceb97bf-9152-46a7-8f49-9d3707605ed6 0d4106911d574af59d492a9481567a3f 536d1b08d176467aaed901ab027d4675 - - default default] DELETE http://[LB_IP_ADDRESS]:8776/v3/536d1b08d176467aaed901ab027d4675/group_types/b3a134d2-e7f8-4426-8a18-b8467332fc0b/group_specs/key3
2026-05-25 09:30:11.655 73 INFO cinder.api.openstack.wsgi [None req-1ceb97bf-9152-46a7-8f49-9d3707605ed6 0d4106911d574af59d492a9481567a3f 536d1b08d176467aaed901ab027d4675 - - default default] http://[LB_IP_ADDRESS]:8776/v3/536d1b08d176467aaed901ab027d4675/group_types/b3a134d2-e7f8-4426-8a18-b8467332fc0b/group_specs/key3 returned with HTTP 202
2026-05-25 09:30:11.667 76 INFO cinder.api.openstack.wsgi [None req-9954d0ff-fc1f-411b-98e6-9d90e66d9843 0d4106911d574af59d492a9481567a3f 536d1b08d176467aaed901ab027d4675 - - default default] GET http://[LB_IP_ADDRESS]:8776/v3/536d1b08d176467aaed901ab027d4675/group_types/b3a134d2-e7f8-4426-8a18-b8467332fc0b/group_specs/key3
2026-05-25 09:30:11.677 76 INFO cinder.api.openstack.wsgi [None req-9954d0ff-fc1f-411b-98e6-9d90e66d9843 0d4106911d574af59d492a9481567a3f 536d1b08d176467aaed901ab027d4675 - - default default] HTTP exception thrown: Group Type b3a134d2-e7f8-4426-8a18-b8467332fc0b has no extra spec with key key3.
2026-05-25 09:30:11.678 76 INFO cinder.api.openstack.wsgi [None req-9954d0ff-fc1f-411b-98e6-9d90e66d9843 0d4106911d574af59d492a9481567a3f 536d1b08d176467aaed901ab027d4675 - - default default] http://[LB_IP_ADDRESS]:8776/v3/536d1b08d176467aaed901ab027d4675/group_types/b3a134d2-e7f8-4426-8a18-b8467332fc0b/group_specs/key3 returned with HTTP 404
2026-05-25 09:30:11.690 74 INFO cinder.api.openstack.wsgi [None req-16734944-857e-4cec-aa82-621e766825de 0d4106911d574af59d492a9481567a3f 536d1b08d176467aaed901ab027d4675 - - default default] DELETE http://[LB_IP_ADDRESS]:8776/v3/536d1b08d176467aaed901ab027d4675/group_types/b3a134d2-e7f8-4426-8a18-b8467332fc0b
2026-05-25 09:30:11.708 74 INFO cinder.api.openstack.wsgi [None req-16734944-857e-4cec-aa82-621e766825de 0d4106911d574af59d492a9481567a3f 536d1b08d176467aaed901ab027d4675 - - default default] http://[LB_IP_ADDRESS]:8776/v3/536d1b08d176467aaed901ab027d4675/group_types/b3a134d2-e7f8-4426-8a18-b8467332fc0b returned with HTTP 202
2026-05-25 09:30:11.736 72 INFO cinder.api.openstack.wsgi [None req-5bdf3564-54dd-4cd6-bc10-eab08cf8f1ec 379ff1883fd4424cb132bda37715aa8e c0efb9a49134414a81019ca2d6635468 - - default default] GET http://[LB_IP_ADDRESS]:8776/v3/c0efb9a49134414a81019ca2d6635468/group_snapshots/1e1f6d0c-8a8b-45c1-8507-b19b8c49b46a
2026-05-25 09:30:11.747 72 INFO cinder.api.openstack.wsgi [None req-5bdf3564-54dd-4cd6-bc10-eab08cf8f1ec 379ff1883fd4424cb132bda37715aa8e c0efb9a49134414a81019ca2d6635468 - - default default] http://[LB_IP_ADDRESS]:8776/v3/c0efb9a49134414a81019ca2d6635468/group_snapshots/1e1f6d0c-8a8b-45c1-8507-b19b8c49b46a returned with HTTP 200
2026-05-25 09:30:12.655 75 INFO cinder.api.openstack.wsgi [None req-c6625ad7-0c74-42f4-9e2c-54dc222e9e5e 6736c36657f64ff99b6b6348adefada0 412c883797f14c388f7d803d48087d6e - - default default] GET http://[LB_IP_ADDRESS]:8776/v3/412c883797f14c388f7d803d48087d6e/group_snapshots/506047ca-c17d-49fd-81a6-9a35559435c7
2026-05-25 09:30:12.668 75 INFO cinder.api.openstack.wsgi [None req-c6625ad7-0c74-42f4-9e2c-54dc222e9e5e 6736c36657f64ff99b6b6348adefada0 412c883797f14c388f7d803d48087d6e - - default default] http://[LB_IP_ADDRESS]:8776/v3/412c883797f14c388f7d803d48087d6e/group_snapshots/506047ca-c17d-49fd-81a6-9a35559435c7 returned with HTTP 200
2026-05-25 09:30:12.682 73 INFO cinder.api.openstack.wsgi [None req-e6a5706f-372d-434e-b10a-bab013e99d55 6736c36657f64ff99b6b6348adefada0 412c883797f14c388f7d803d48087d6e - - default default] GET http://[LB_IP_ADDRESS]:8776/v3/412c883797f14c388f7d803d48087d6e/snapshots/detail
2026-05-25 09:30:12.690 73 INFO cinder.volume.api [None req-e6a5706f-372d-434e-b10a-bab013e99d55 6736c36657f64ff99b6b6348adefada0 412c883797f14c388f7d803d48087d6e - - default default] Get all snapshots completed successfully.
2026-05-25 09:30:12.692 73 INFO cinder.api.openstack.wsgi [None req-e6a5706f-372d-434e-b10a-bab013e99d55 6736c36657f64ff99b6b6348adefada0 412c883797f14c388f7d803d48087d6e - - default default] http://[LB_IP_ADDRESS]:8776/v3/412c883797f14c388f7d803d48087d6e/snapshots/detail returned with HTTP 200
2026-05-25 09:30:12.707 76 INFO cinder.api.openstack.wsgi [None req-c9b7dfbd-44b1-4b91-aedd-0ac471886054 6736c36657f64ff99b6b6348adefada0 412c883797f14c388f7d803d48087d6e - - default default] GET http://[LB_IP_ADDRESS]:8776/v3/412c883797f14c388f7d803d48087d6e/snapshots/fb7d89b4-4d5c-4606-85a7-fcafa2598be3
2026-05-25 09:30:12.718 76 INFO cinder.volume.api [None req-c9b7dfbd-44b1-4b91-aedd-0ac471886054 6736c36657f64ff99b6b6348adefada0 412c883797f14c388f7d803d48087d6e - - default default] Snapshot retrieved successfully.
2026-05-25 09:30:12.719 76 INFO cinder.api.openstack.wsgi [None req-c9b7dfbd-44b1-4b91-aedd-0ac471886054 6736c36657f64ff99b6b6348adefada0 412c883797f14c388f7d803d48087d6e - - default default] http://[LB_IP_ADDRESS]:8776/v3/412c883797f14c388f7d803d48087d6e/snapshots/fb7d89b4-4d5c-4606-85a7-fcafa2598be3 returned with HTTP 200
2026-05-25 09:30:12.734 74 INFO cinder.api.openstack.wsgi [None req-725e0eea-918a-447e-9207-78f05752a4a4 6736c36657f64ff99b6b6348adefada0 412c883797f14c388f7d803d48087d6e - - default default] POST http://[LB_IP_ADDRESS]:8776/v3/412c883797f14c388f7d803d48087d6e/groups/action
2026-05-25 09:30:12.738 74 INFO cinder.api.v3.groups [None req-725e0eea-918a-447e-9207-78f05752a4a4 6736c36657f64ff99b6b6348adefada0 412c883797f14c388f7d803d48087d6e - - default default] Creating group tempest-Group_from_snap-1176949024 from group_snapshot 506047ca-c17d-49fd-81a6-9a35559435c7.
2026-05-25 09:30:12.762 72 INFO cinder.api.openstack.wsgi [None req-3e3a31fb-d335-4147-a816-fd6ed1e7e700 379ff1883fd4424cb132bda37715aa8e c0efb9a49134414a81019ca2d6635468 - - default default] GET http://[LB_IP_ADDRESS]:8776/v3/c0efb9a49134414a81019ca2d6635468/group_snapshots/1e1f6d0c-8a8b-45c1-8507-b19b8c49b46a
2026-05-25 09:30:12.774 72 INFO cinder.api.openstack.wsgi [None req-3e3a31fb-d335-4147-a816-fd6ed1e7e700 379ff1883fd4424cb132bda37715aa8e c0efb9a49134414a81019ca2d6635468 - - default default] http://[LB_IP_ADDRESS]:8776/v3/c0efb9a49134414a81019ca2d6635468/group_snapshots/1e1f6d0c-8a8b-45c1-8507-b19b8c49b46a returned with HTTP 200
2026-05-25 09:30:12.788 75 INFO cinder.api.openstack.wsgi [None req-46dd2154-a4c5-4449-b106-f7c30b8c8b9e 379ff1883fd4424cb132bda37715aa8e c0efb9a49134414a81019ca2d6635468 - - default default] GET http://[LB_IP_ADDRESS]:8776/v3/c0efb9a49134414a81019ca2d6635468/snapshots/detail
2026-05-25 09:30:12.798 75 INFO cinder.volume.api [None req-46dd2154-a4c5-4449-b106-f7c30b8c8b9e 379ff1883fd4424cb132bda37715aa8e c0efb9a49134414a81019ca2d6635468 - - default default] Get all snapshots completed successfully.
2026-05-25 09:30:12.799 75 INFO cinder.api.openstack.wsgi [None req-46dd2154-a4c5-4449-b106-f7c30b8c8b9e 379ff1883fd4424cb132bda37715aa8e c0efb9a49134414a81019ca2d6635468 - - default default] http://[LB_IP_ADDRESS]:8776/v3/c0efb9a49134414a81019ca2d6635468/snapshots/detail returned with HTTP 200
2026-05-25 09:30:12.815 73 INFO cinder.api.openstack.wsgi [None req-0caab97a-9d67-4f57-8226-6872ca0d4eae 379ff1883fd4424cb132bda37715aa8e c0efb9a49134414a81019ca2d6635468 - - default default] GET http://[LB_IP_ADDRESS]:8776/v3/c0efb9a49134414a81019ca2d6635468/snapshots/2db72fb0-4b92-49c8-80d8-1f2ea0f6234e
2026-05-25 09:30:12.825 73 INFO cinder.volume.api [None req-0caab97a-9d67-4f57-8226-6872ca0d4eae 379ff1883fd4424cb132bda37715aa8e c0efb9a49134414a81019ca2d6635468 - - default default] Snapshot retrieved successfully.
2026-05-25 09:30:12.826 73 INFO cinder.api.openstack.wsgi [None req-0caab97a-9d67-4f57-8226-6872ca0d4eae 379ff1883fd4424cb132bda37715aa8e c0efb9a49134414a81019ca2d6635468 - - default default] http://[LB_IP_ADDRESS]:8776/v3/c0efb9a49134414a81019ca2d6635468/snapshots/2db72fb0-4b92-49c8-80d8-1f2ea0f6234e returned with HTTP 200
2026-05-25 09:30:12.841 76 INFO cinder.api.openstack.wsgi [None req-323064da-3fea-438b-9811-0f41954de4eb bdcb6c48d1dd4f2482f3ef609f990e99 3b6370ed65f44d0da5a8df7b39bf25b2 - - default default] POST http://[LB_IP_ADDRESS]:8776/v3/3b6370ed65f44d0da5a8df7b39bf25b2/group_snapshots/1e1f6d0c-8a8b-45c1-8507-b19b8c49b46a/action
2026-05-25 09:30:12.858 76 INFO cinder.api.openstack.wsgi [None req-323064da-3fea-438b-9811-0f41954de4eb bdcb6c48d1dd4f2482f3ef609f990e99 3b6370ed65f44d0da5a8df7b39bf25b2 - - default default] http://[LB_IP_ADDRESS]:8776/v3/3b6370ed65f44d0da5a8df7b39bf25b2/group_snapshots/1e1f6d0c-8a8b-45c1-8507-b19b8c49b46a/action returned with HTTP 202
2026-05-25 09:30:12.870 72 INFO cinder.api.openstack.wsgi [None req-b33734d1-5ee7-4ab4-9306-200bb145452f 379ff1883fd4424cb132bda37715aa8e c0efb9a49134414a81019ca2d6635468 - - default default] GET http://[LB_IP_ADDRESS]:8776/v3/c0efb9a49134414a81019ca2d6635468/group_snapshots/1e1f6d0c-8a8b-45c1-8507-b19b8c49b46a
2026-05-25 09:30:12.882 72 INFO cinder.api.openstack.wsgi [None req-b33734d1-5ee7-4ab4-9306-200bb145452f 379ff1883fd4424cb132bda37715aa8e c0efb9a49134414a81019ca2d6635468 - - default default] http://[LB_IP_ADDRESS]:8776/v3/c0efb9a49134414a81019ca2d6635468/group_snapshots/1e1f6d0c-8a8b-45c1-8507-b19b8c49b46a returned with HTTP 200
