2026-01-08 14:46:33.624 74 INFO cinder.api.v3.groups [None req-2ab7a73a-a0a7-4788-989c-60d8ad6df31a a2443a5649544ea1aafa41372e015ddb f1264b0900db4d7d9dc53138bc889d28 - - default default] Creating group tempest-Group_from_snap-1734559960 from group_snapshot aab62436-13cd-49ee-ba22-da5f9f365f0d.
2026-01-08 14:46:34.266 74 INFO cinder.group.api [None req-2ab7a73a-a0a7-4788-989c-60d8ad6df31a a2443a5649544ea1aafa41372e015ddb f1264b0900db4d7d9dc53138bc889d28 - - default default] A mapping entry already exists for group b6b60879-2717-416c-8463-fef43ee871c5 and volume type 41f262a9-74b4-40ae-a193-c6b27724f6cd. Do not need to create again.
2026-01-08 14:46:34.268 74 INFO cinder.volume.api [None req-2ab7a73a-a0a7-4788-989c-60d8ad6df31a a2443a5649544ea1aafa41372e015ddb f1264b0900db4d7d9dc53138bc889d28 - - default default] Availability Zones retrieved successfully.
2026-01-08 14:46:34.361 72 INFO cinder.api.openstack.wsgi [None req-0b3d7fb8-7255-4cc8-b299-47041b5ec9b6 44f5d7c1461e43f2b0907a3869193189 158d4967926043dbb78097a7303800f1 - - default default] GET http://[LB_IP_ADDRESS]:8776/v3/158d4967926043dbb78097a7303800f1/volumes/9ed29c36-f312-4c5a-be17-6c5a4cf9ab76
2026-01-08 14:46:34.371 72 INFO cinder.api.openstack.wsgi [None req-0b3d7fb8-7255-4cc8-b299-47041b5ec9b6 44f5d7c1461e43f2b0907a3869193189 158d4967926043dbb78097a7303800f1 - - default default] http://[LB_IP_ADDRESS]:8776/v3/158d4967926043dbb78097a7303800f1/volumes/9ed29c36-f312-4c5a-be17-6c5a4cf9ab76 returned with HTTP 404
2026-01-08 14:46:34.382 73 INFO cinder.api.openstack.wsgi [None req-5d65a1e2-9dc3-4ec0-8f51-2ea26576bfd2 44f5d7c1461e43f2b0907a3869193189 158d4967926043dbb78097a7303800f1 - - default default] GET http://[LB_IP_ADDRESS]:8776/v3/158d4967926043dbb78097a7303800f1/groups/9ed77caf-654f-4f6c-b465-a241573f30a4
2026-01-08 14:46:34.388 73 INFO cinder.api.openstack.wsgi [None req-5d65a1e2-9dc3-4ec0-8f51-2ea26576bfd2 44f5d7c1461e43f2b0907a3869193189 158d4967926043dbb78097a7303800f1 - - default default] http://[LB_IP_ADDRESS]:8776/v3/158d4967926043dbb78097a7303800f1/groups/9ed77caf-654f-4f6c-b465-a241573f30a4 returned with HTTP 404
2026-01-08 14:46:34.397 75 INFO cinder.api.openstack.wsgi [None req-8ce7109c-fb19-452b-aad4-2d8f6fa83403 2265c4c85cf848d2b47f52ec154e0bc0 4565b2ed56ee4b1f9f8287b7982e8285 - - default default] DELETE http://[LB_IP_ADDRESS]:8776/v3/4565b2ed56ee4b1f9f8287b7982e8285/group_types/74a1c7d3-b162-4572-85c1-430eb8218a52
2026-01-08 14:46:34.409 75 INFO cinder.api.openstack.wsgi [None req-8ce7109c-fb19-452b-aad4-2d8f6fa83403 2265c4c85cf848d2b47f52ec154e0bc0 4565b2ed56ee4b1f9f8287b7982e8285 - - default default] http://[LB_IP_ADDRESS]:8776/v3/4565b2ed56ee4b1f9f8287b7982e8285/group_types/74a1c7d3-b162-4572-85c1-430eb8218a52 returned with HTTP 202
2026-01-08 14:46:34.421 76 INFO cinder.api.openstack.wsgi [None req-677953b5-4a22-4eca-90dd-05a9e95eda04 2265c4c85cf848d2b47f52ec154e0bc0 4565b2ed56ee4b1f9f8287b7982e8285 - - default default] DELETE http://[LB_IP_ADDRESS]:8776/v3/4565b2ed56ee4b1f9f8287b7982e8285/types/441049bc-b187-4f2f-9556-0ba3bcbba3ce
2026-01-08 14:46:34.458 76 INFO cinder.api.openstack.wsgi [None req-677953b5-4a22-4eca-90dd-05a9e95eda04 2265c4c85cf848d2b47f52ec154e0bc0 4565b2ed56ee4b1f9f8287b7982e8285 - - default default] http://[LB_IP_ADDRESS]:8776/v3/4565b2ed56ee4b1f9f8287b7982e8285/types/441049bc-b187-4f2f-9556-0ba3bcbba3ce returned with HTTP 202
2026-01-08 14:46:34.469 72 INFO cinder.api.openstack.wsgi [None req-a16e9186-f983-45ab-9366-6dc131958c28 2265c4c85cf848d2b47f52ec154e0bc0 4565b2ed56ee4b1f9f8287b7982e8285 - - default default] GET http://[LB_IP_ADDRESS]:8776/v3/4565b2ed56ee4b1f9f8287b7982e8285/types/441049bc-b187-4f2f-9556-0ba3bcbba3ce
2026-01-08 14:46:34.475 72 INFO cinder.api.openstack.wsgi [None req-a16e9186-f983-45ab-9366-6dc131958c28 2265c4c85cf848d2b47f52ec154e0bc0 4565b2ed56ee4b1f9f8287b7982e8285 - - default default] http://[LB_IP_ADDRESS]:8776/v3/4565b2ed56ee4b1f9f8287b7982e8285/types/441049bc-b187-4f2f-9556-0ba3bcbba3ce returned with HTTP 404
2026-01-08 14:46:34.648 74 WARNING cinder.quota [None req-2ab7a73a-a0a7-4788-989c-60d8ad6df31a a2443a5649544ea1aafa41372e015ddb f1264b0900db4d7d9dc53138bc889d28 - - default default] Deprecated: Default quota for resource: volumes_tempest-GroupSnapshotsTest-volume-type-1709196291 is set by the default quota flag: quota_volumes_tempest-GroupSnapshotsTest-volume-type-1709196291, it is now deprecated. Please use the default quota class for default quota.
2026-01-08 14:46:34.700 74 INFO cinder.volume.api [None req-2ab7a73a-a0a7-4788-989c-60d8ad6df31a a2443a5649544ea1aafa41372e015ddb f1264b0900db4d7d9dc53138bc889d28 - - default default] Create volume request issued successfully.
2026-01-08 14:46:34.715 74 INFO cinder.api.openstack.wsgi [None req-2ab7a73a-a0a7-4788-989c-60d8ad6df31a a2443a5649544ea1aafa41372e015ddb f1264b0900db4d7d9dc53138bc889d28 - - default default] http://[LB_IP_ADDRESS]:8776/v3/f1264b0900db4d7d9dc53138bc889d28/groups/action returned with HTTP 202
2026-01-08 14:46:34.730 73 INFO cinder.api.openstack.wsgi [None req-09687317-e7ae-4aaa-b1d7-c77284283ff4 a2443a5649544ea1aafa41372e015ddb f1264b0900db4d7d9dc53138bc889d28 - - default default] GET http://[LB_IP_ADDRESS]:8776/v3/f1264b0900db4d7d9dc53138bc889d28/volumes/detail
2026-01-08 14:46:34.745 73 INFO cinder.volume.api [None req-09687317-e7ae-4aaa-b1d7-c77284283ff4 a2443a5649544ea1aafa41372e015ddb f1264b0900db4d7d9dc53138bc889d28 - - default default] Get all volumes completed successfully.
2026-01-08 14:46:34.778 73 INFO cinder.api.openstack.wsgi [None req-09687317-e7ae-4aaa-b1d7-c77284283ff4 a2443a5649544ea1aafa41372e015ddb f1264b0900db4d7d9dc53138bc889d28 - - default default] http://[LB_IP_ADDRESS]:8776/v3/f1264b0900db4d7d9dc53138bc889d28/volumes/detail returned with HTTP 200
2026-01-08 14:46:34.800 75 INFO cinder.api.openstack.wsgi [None req-7bb164ed-80a7-40d1-9d4a-f741446eef4e a2443a5649544ea1aafa41372e015ddb f1264b0900db4d7d9dc53138bc889d28 - - default default] GET http://[LB_IP_ADDRESS]:8776/v3/f1264b0900db4d7d9dc53138bc889d28/volumes/05d4be8e-2867-470f-adbb-6bc2ea2bc2fc
2026-01-08 14:46:34.818 75 INFO cinder.volume.api [None req-7bb164ed-80a7-40d1-9d4a-f741446eef4e a2443a5649544ea1aafa41372e015ddb f1264b0900db4d7d9dc53138bc889d28 - - default default] Volume info retrieved successfully.
2026-01-08 14:46:34.844 75 INFO cinder.api.openstack.wsgi [None req-7bb164ed-80a7-40d1-9d4a-f741446eef4e a2443a5649544ea1aafa41372e015ddb f1264b0900db4d7d9dc53138bc889d28 - - default default] http://[LB_IP_ADDRESS]:8776/v3/f1264b0900db4d7d9dc53138bc889d28/volumes/05d4be8e-2867-470f-adbb-6bc2ea2bc2fc returned with HTTP 200
2026-01-08 14:46:35.847 76 INFO cinder.api.openstack.wsgi [None req-e8746a53-ce14-4c76-b9ed-1b86a78e010e - - - - - -] GET http://[LB_IP_ADDRESS]:8776/
2026-01-08 14:46:35.848 76 INFO cinder.api.openstack.wsgi [None req-e8746a53-ce14-4c76-b9ed-1b86a78e010e - - - - - -] http://[LB_IP_ADDRESS]:8776/ returned with HTTP 300
2026-01-08 14:46:35.862 72 INFO cinder.api.openstack.wsgi [None req-4ed10da0-b5bb-4d9e-81ec-ce4816dc1164 a2443a5649544ea1aafa41372e015ddb f1264b0900db4d7d9dc53138bc889d28 - - default default] GET http://[LB_IP_ADDRESS]:8776/v3/f1264b0900db4d7d9dc53138bc889d28/volumes/05d4be8e-2867-470f-adbb-6bc2ea2bc2fc
2026-01-08 14:46:35.877 72 INFO cinder.volume.api [None req-4ed10da0-b5bb-4d9e-81ec-ce4816dc1164 a2443a5649544ea1aafa41372e015ddb f1264b0900db4d7d9dc53138bc889d28 - - default default] Volume info retrieved successfully.
2026-01-08 14:46:35.900 72 INFO cinder.api.openstack.wsgi [None req-4ed10da0-b5bb-4d9e-81ec-ce4816dc1164 a2443a5649544ea1aafa41372e015ddb f1264b0900db4d7d9dc53138bc889d28 - - default default] http://[LB_IP_ADDRESS]:8776/v3/f1264b0900db4d7d9dc53138bc889d28/volumes/05d4be8e-2867-470f-adbb-6bc2ea2bc2fc returned with HTTP 200
2026-01-08 14:46:35.921 74 INFO cinder.api.openstack.wsgi [None req-da55f10b-4d03-4b45-9a96-2560290f76db a2443a5649544ea1aafa41372e015ddb f1264b0900db4d7d9dc53138bc889d28 - - default default] GET http://[LB_IP_ADDRESS]:8776/v3/f1264b0900db4d7d9dc53138bc889d28/groups/b6b60879-2717-416c-8463-fef43ee871c5
2026-01-08 14:46:35.946 74 INFO cinder.api.openstack.wsgi [None req-da55f10b-4d03-4b45-9a96-2560290f76db a2443a5649544ea1aafa41372e015ddb f1264b0900db4d7d9dc53138bc889d28 - - default default] http://[LB_IP_ADDRESS]:8776/v3/f1264b0900db4d7d9dc53138bc889d28/groups/b6b60879-2717-416c-8463-fef43ee871c5 returned with HTTP 200
2026-01-08 14:46:35.963 73 INFO cinder.api.openstack.wsgi [None req-8eb5e070-6ad2-462c-bba4-594a5412a8c1 a2443a5649544ea1aafa41372e015ddb f1264b0900db4d7d9dc53138bc889d28 - - default default] GET http://[LB_IP_ADDRESS]:8776/v3/f1264b0900db4d7d9dc53138bc889d28/volumes/detail
2026-01-08 14:46:35.983 73 INFO cinder.volume.api [None req-8eb5e070-6ad2-462c-bba4-594a5412a8c1 a2443a5649544ea1aafa41372e015ddb f1264b0900db4d7d9dc53138bc889d28 - - default default] Get all volumes completed successfully.
2026-01-08 14:46:36.022 73 INFO cinder.api.openstack.wsgi [None req-8eb5e070-6ad2-462c-bba4-594a5412a8c1 a2443a5649544ea1aafa41372e015ddb f1264b0900db4d7d9dc53138bc889d28 - - default default] http://[LB_IP_ADDRESS]:8776/v3/f1264b0900db4d7d9dc53138bc889d28/volumes/detail returned with HTTP 200
2026-01-08 14:46:36.044 75 INFO cinder.api.openstack.wsgi [None req-9fff9831-d190-4a98-b81b-ea8f460dd5ee a2443a5649544ea1aafa41372e015ddb f1264b0900db4d7d9dc53138bc889d28 - - default default] POST http://[LB_IP_ADDRESS]:8776/v3/f1264b0900db4d7d9dc53138bc889d28/groups/b6b60879-2717-416c-8463-fef43ee871c5/action
2026-01-08 14:46:36.048 75 INFO cinder.api.v3.groups [None req-9fff9831-d190-4a98-b81b-ea8f460dd5ee a2443a5649544ea1aafa41372e015ddb f1264b0900db4d7d9dc53138bc889d28 - - default default] Delete group with id: b6b60879-2717-416c-8463-fef43ee871c5
2026-01-08 14:46:36.095 75 INFO cinder.api.openstack.wsgi [None req-9fff9831-d190-4a98-b81b-ea8f460dd5ee a2443a5649544ea1aafa41372e015ddb f1264b0900db4d7d9dc53138bc889d28 - - default default] http://[LB_IP_ADDRESS]:8776/v3/f1264b0900db4d7d9dc53138bc889d28/groups/b6b60879-2717-416c-8463-fef43ee871c5/action returned with HTTP 202
2026-01-08 14:46:36.108 76 INFO cinder.api.openstack.wsgi [None req-6c41f947-ded8-44e7-8969-180ae7b755dc a2443a5649544ea1aafa41372e015ddb f1264b0900db4d7d9dc53138bc889d28 - - default default] GET http://[LB_IP_ADDRESS]:8776/v3/f1264b0900db4d7d9dc53138bc889d28/volumes/05d4be8e-2867-470f-adbb-6bc2ea2bc2fc
2026-01-08 14:46:36.125 76 INFO cinder.volume.api [None req-6c41f947-ded8-44e7-8969-180ae7b755dc a2443a5649544ea1aafa41372e015ddb f1264b0900db4d7d9dc53138bc889d28 - - default default] Volume info retrieved successfully.
2026-01-08 14:46:36.143 76 INFO cinder.api.openstack.wsgi [None req-6c41f947-ded8-44e7-8969-180ae7b755dc a2443a5649544ea1aafa41372e015ddb f1264b0900db4d7d9dc53138bc889d28 - - default default] http://[LB_IP_ADDRESS]:8776/v3/f1264b0900db4d7d9dc53138bc889d28/volumes/05d4be8e-2867-470f-adbb-6bc2ea2bc2fc returned with HTTP 200
2026-01-08 14:46:36.346 72 INFO cinder.api.openstack.wsgi [None req-c41a9c34-e705-4353-8ce8-8e2e0138a1b7 99461b9cdc97412db04478a4867b80e7 e6bd804dfc344a7b86acda00d382cdc0 - - default default] POST http://[LB_IP_ADDRESS]:8776/v3/e6bd804dfc344a7b86acda00d382cdc0/group_types
2026-01-08 14:46:36.381 72 INFO cinder.api.openstack.wsgi [None req-c41a9c34-e705-4353-8ce8-8e2e0138a1b7 99461b9cdc97412db04478a4867b80e7 e6bd804dfc344a7b86acda00d382cdc0 - - default default] http://[LB_IP_ADDRESS]:8776/v3/e6bd804dfc344a7b86acda00d382cdc0/group_types returned with HTTP 202
2026-01-08 14:46:36.393 74 INFO cinder.api.openstack.wsgi [None req-a5c20fc8-06b8-462f-aa3a-dbcbf1198259 99461b9cdc97412db04478a4867b80e7 e6bd804dfc344a7b86acda00d382cdc0 - - default default] GET http://[LB_IP_ADDRESS]:8776/v3/e6bd804dfc344a7b86acda00d382cdc0/group_types
2026-01-08 14:46:36.414 74 INFO cinder.api.openstack.wsgi [None req-a5c20fc8-06b8-462f-aa3a-dbcbf1198259 99461b9cdc97412db04478a4867b80e7 e6bd804dfc344a7b86acda00d382cdc0 - - default default] http://[LB_IP_ADDRESS]:8776/v3/e6bd804dfc344a7b86acda00d382cdc0/group_types returned with HTTP 200
2026-01-08 14:46:36.430 73 INFO cinder.api.openstack.wsgi [None req-eb5a512f-ed49-48f9-ad7c-cff098398a37 99461b9cdc97412db04478a4867b80e7 e6bd804dfc344a7b86acda00d382cdc0 - - default default] PUT http://[LB_IP_ADDRESS]:8776/v3/e6bd804dfc344a7b86acda00d382cdc0/group_types/d55a0c28-f504-4cf1-bae5-ee4850c24048
2026-01-08 14:46:36.449 73 INFO cinder.api.openstack.wsgi [None req-eb5a512f-ed49-48f9-ad7c-cff098398a37 99461b9cdc97412db04478a4867b80e7 e6bd804dfc344a7b86acda00d382cdc0 - - default default] http://[LB_IP_ADDRESS]:8776/v3/e6bd804dfc344a7b86acda00d382cdc0/group_types/d55a0c28-f504-4cf1-bae5-ee4850c24048 returned with HTTP 200
2026-01-08 14:46:36.463 75 INFO cinder.api.openstack.wsgi [None req-8e0b223e-ff2f-4560-8bf5-d12ad25da7db 99461b9cdc97412db04478a4867b80e7 e6bd804dfc344a7b86acda00d382cdc0 - - default default] GET http://[LB_IP_ADDRESS]:8776/v3/e6bd804dfc344a7b86acda00d382cdc0/group_types/d55a0c28-f504-4cf1-bae5-ee4850c24048
2026-01-08 14:46:36.470 75 INFO cinder.api.openstack.wsgi [None req-8e0b223e-ff2f-4560-8bf5-d12ad25da7db 99461b9cdc97412db04478a4867b80e7 e6bd804dfc344a7b86acda00d382cdc0 - - default default] http://[LB_IP_ADDRESS]:8776/v3/e6bd804dfc344a7b86acda00d382cdc0/group_types/d55a0c28-f504-4cf1-bae5-ee4850c24048 returned with HTTP 200
2026-01-08 14:46:36.485 76 INFO cinder.api.openstack.wsgi [None req-542c2008-a5b9-4f90-b09f-19fbb87020d3 99461b9cdc97412db04478a4867b80e7 e6bd804dfc344a7b86acda00d382cdc0 - - default default] DELETE http://[LB_IP_ADDRESS]:8776/v3/e6bd804dfc344a7b86acda00d382cdc0/group_types/d55a0c28-f504-4cf1-bae5-ee4850c24048
2026-01-08 14:46:36.499 76 INFO cinder.api.openstack.wsgi [None req-542c2008-a5b9-4f90-b09f-19fbb87020d3 99461b9cdc97412db04478a4867b80e7 e6bd804dfc344a7b86acda00d382cdc0 - - default default] http://[LB_IP_ADDRESS]:8776/v3/e6bd804dfc344a7b86acda00d382cdc0/group_types/d55a0c28-f504-4cf1-bae5-ee4850c24048 returned with HTTP 202
2026-01-08 14:46:36.512 72 INFO cinder.api.openstack.wsgi [None req-d725b8cd-1b54-49e5-b404-0a8299abe552 99461b9cdc97412db04478a4867b80e7 e6bd804dfc344a7b86acda00d382cdc0 - - default default] GET http://[LB_IP_ADDRESS]:8776/v3/e6bd804dfc344a7b86acda00d382cdc0/group_types
2026-01-08 14:46:36.533 72 INFO cinder.api.openstack.wsgi [None req-d725b8cd-1b54-49e5-b404-0a8299abe552 99461b9cdc97412db04478a4867b80e7 e6bd804dfc344a7b86acda00d382cdc0 - - default default] http://[LB_IP_ADDRESS]:8776/v3/e6bd804dfc344a7b86acda00d382cdc0/group_types returned with HTTP 200
2026-01-08 14:46:36.545 74 INFO cinder.api.openstack.wsgi [None req-659a1d8d-99ce-4ef8-b381-4c6621709b06 99461b9cdc97412db04478a4867b80e7 e6bd804dfc344a7b86acda00d382cdc0 - - default default] POST http://[LB_IP_ADDRESS]:8776/v3/e6bd804dfc344a7b86acda00d382cdc0/group_types
2026-01-08 14:46:36.569 74 INFO cinder.api.openstack.wsgi [None req-659a1d8d-99ce-4ef8-b381-4c6621709b06 99461b9cdc97412db04478a4867b80e7 e6bd804dfc344a7b86acda00d382cdc0 - - default default] http://[LB_IP_ADDRESS]:8776/v3/e6bd804dfc344a7b86acda00d382cdc0/group_types returned with HTTP 202
2026-01-08 14:46:36.584 73 INFO cinder.api.openstack.wsgi [None req-fafe31ae-b6fc-49b7-9ca3-6f80becb5d31 99461b9cdc97412db04478a4867b80e7 e6bd804dfc344a7b86acda00d382cdc0 - - default default] POST http://[LB_IP_ADDRESS]:8776/v3/e6bd804dfc344a7b86acda00d382cdc0/group_types
2026-01-08 14:46:36.606 73 INFO cinder.api.openstack.wsgi [None req-fafe31ae-b6fc-49b7-9ca3-6f80becb5d31 99461b9cdc97412db04478a4867b80e7 e6bd804dfc344a7b86acda00d382cdc0 - - default default] http://[LB_IP_ADDRESS]:8776/v3/e6bd804dfc344a7b86acda00d382cdc0/group_types returned with HTTP 202
2026-01-08 14:46:36.620 75 INFO cinder.api.openstack.wsgi [None req-50e90fc3-1ce7-4e60-ada8-a6829e5ede7f 99461b9cdc97412db04478a4867b80e7 e6bd804dfc344a7b86acda00d382cdc0 - - default default] GET http://[LB_IP_ADDRESS]:8776/v3/e6bd804dfc344a7b86acda00d382cdc0/group_types?sort=name%3Aasc&is_public=None
2026-01-08 14:46:36.644 75 INFO cinder.api.openstack.wsgi [None req-50e90fc3-1ce7-4e60-ada8-a6829e5ede7f 99461b9cdc97412db04478a4867b80e7 e6bd804dfc344a7b86acda00d382cdc0 - - default default] http://[LB_IP_ADDRESS]:8776/v3/e6bd804dfc344a7b86acda00d382cdc0/group_types?sort=name%3Aasc&is_public=None returned with HTTP 200
2026-01-08 14:46:36.655 76 INFO cinder.api.openstack.wsgi [None req-99c0083e-0302-4bad-8b6f-202a0b8cdde2 99461b9cdc97412db04478a4867b80e7 e6bd804dfc344a7b86acda00d382cdc0 - - default default] GET http://[LB_IP_ADDRESS]:8776/v3/e6bd804dfc344a7b86acda00d382cdc0/group_types?sort=name%3Adesc&is_public=None
2026-01-08 14:46:36.675 76 INFO cinder.api.openstack.wsgi [None req-99c0083e-0302-4bad-8b6f-202a0b8cdde2 99461b9cdc97412db04478a4867b80e7 e6bd804dfc344a7b86acda00d382cdc0 - - default default] http://[LB_IP_ADDRESS]:8776/v3/e6bd804dfc344a7b86acda00d382cdc0/group_types?sort=name%3Adesc&is_public=None returned with HTTP 200
2026-01-08 14:46:36.689 72 INFO cinder.api.openstack.wsgi [None req-5a8fada6-a09c-409b-8f46-1d2c0fe9cff5 99461b9cdc97412db04478a4867b80e7 e6bd804dfc344a7b86acda00d382cdc0 - - default default] GET http://[LB_IP_ADDRESS]:8776/v3/e6bd804dfc344a7b86acda00d382cdc0/group_types?is_public=False
2026-01-08 14:46:36.708 72 INFO cinder.api.openstack.wsgi [None req-5a8fada6-a09c-409b-8f46-1d2c0fe9cff5 99461b9cdc97412db04478a4867b80e7 e6bd804dfc344a7b86acda00d382cdc0 - - default default] http://[LB_IP_ADDRESS]:8776/v3/e6bd804dfc344a7b86acda00d382cdc0/group_types?is_public=False returned with HTTP 200
2026-01-08 14:46:36.723 74 INFO cinder.api.openstack.wsgi [None req-a543d6d3-8193-46a0-9287-9f4d6956afab 99461b9cdc97412db04478a4867b80e7 e6bd804dfc344a7b86acda00d382cdc0 - - default default] GET http://[LB_IP_ADDRESS]:8776/v3/e6bd804dfc344a7b86acda00d382cdc0/group_types?is_public=True
2026-01-08 14:46:36.745 74 INFO cinder.api.openstack.wsgi [None req-a543d6d3-8193-46a0-9287-9f4d6956afab 99461b9cdc97412db04478a4867b80e7 e6bd804dfc344a7b86acda00d382cdc0 - - default default] http://[LB_IP_ADDRESS]:8776/v3/e6bd804dfc344a7b86acda00d382cdc0/group_types?is_public=True returned with HTTP 200
2026-01-08 14:46:36.760 73 INFO cinder.api.openstack.wsgi [None req-bade7406-549b-4a79-b212-54931f41dd89 99461b9cdc97412db04478a4867b80e7 e6bd804dfc344a7b86acda00d382cdc0 - - default default] DELETE http://[LB_IP_ADDRESS]:8776/v3/e6bd804dfc344a7b86acda00d382cdc0/group_types/a0178985-e095-446c-ab27-daf4e3e4ae1f
2026-01-08 14:46:36.777 73 INFO cinder.api.openstack.wsgi [None req-bade7406-549b-4a79-b212-54931f41dd89 99461b9cdc97412db04478a4867b80e7 e6bd804dfc344a7b86acda00d382cdc0 - - default default] http://[LB_IP_ADDRESS]:8776/v3/e6bd804dfc344a7b86acda00d382cdc0/group_types/a0178985-e095-446c-ab27-daf4e3e4ae1f returned with HTTP 202
2026-01-08 14:46:36.789 75 INFO cinder.api.openstack.wsgi [None req-fe693a3f-c0b0-40c9-8d00-d7adb5366158 99461b9cdc97412db04478a4867b80e7 e6bd804dfc344a7b86acda00d382cdc0 - - default default] DELETE http://[LB_IP_ADDRESS]:8776/v3/e6bd804dfc344a7b86acda00d382cdc0/group_types/81c686ac-7ef8-4ab0-b159-72a50b56454b
2026-01-08 14:46:36.807 75 INFO cinder.api.openstack.wsgi [None req-fe693a3f-c0b0-40c9-8d00-d7adb5366158 99461b9cdc97412db04478a4867b80e7 e6bd804dfc344a7b86acda00d382cdc0 - - default default] http://[LB_IP_ADDRESS]:8776/v3/e6bd804dfc344a7b86acda00d382cdc0/group_types/81c686ac-7ef8-4ab0-b159-72a50b56454b returned with HTTP 202
2026-01-08 14:46:37.159 76 INFO cinder.api.openstack.wsgi [None req-8cf4e924-3c57-4dfa-b1f7-92b50b757542 a2443a5649544ea1aafa41372e015ddb f1264b0900db4d7d9dc53138bc889d28 - - default default] GET http://[LB_IP_ADDRESS]:8776/v3/f1264b0900db4d7d9dc53138bc889d28/volumes/05d4be8e-2867-470f-adbb-6bc2ea2bc2fc
2026-01-08 14:46:37.167 76 INFO cinder.api.openstack.wsgi [None req-8cf4e924-3c57-4dfa-b1f7-92b50b757542 a2443a5649544ea1aafa41372e015ddb f1264b0900db4d7d9dc53138bc889d28 - - default default] http://[LB_IP_ADDRESS]:8776/v3/f1264b0900db4d7d9dc53138bc889d28/volumes/05d4be8e-2867-470f-adbb-6bc2ea2bc2fc returned with HTTP 404
2026-01-08 14:46:37.179 72 INFO cinder.api.openstack.wsgi [None req-8a876ec0-9475-4f77-8fcb-1aaea4043ec8 a2443a5649544ea1aafa41372e015ddb f1264b0900db4d7d9dc53138bc889d28 - - default default] GET http://[LB_IP_ADDRESS]:8776/v3/f1264b0900db4d7d9dc53138bc889d28/groups/b6b60879-2717-416c-8463-fef43ee871c5
2026-01-08 14:46:37.184 72 INFO cinder.api.openstack.wsgi [None req-8a876ec0-9475-4f77-8fcb-1aaea4043ec8 a2443a5649544ea1aafa41372e015ddb f1264b0900db4d7d9dc53138bc889d28 - - default default] http://[LB_IP_ADDRESS]:8776/v3/f1264b0900db4d7d9dc53138bc889d28/groups/b6b60879-2717-416c-8463-fef43ee871c5 returned with HTTP 404
2026-01-08 14:46:37.197 74 INFO cinder.api.openstack.wsgi [None req-3ee78ca8-c776-484a-90bd-a7d5aec61f1e a2443a5649544ea1aafa41372e015ddb f1264b0900db4d7d9dc53138bc889d28 - - default default] DELETE http://[LB_IP_ADDRESS]:8776/v3/f1264b0900db4d7d9dc53138bc889d28/group_snapshots/aab62436-13cd-49ee-ba22-da5f9f365f0d
2026-01-08 14:46:37.198 74 INFO cinder.api.v3.group_snapshots [None req-3ee78ca8-c776-484a-90bd-a7d5aec61f1e a2443a5649544ea1aafa41372e015ddb f1264b0900db4d7d9dc53138bc889d28 - - default default] Delete group_snapshot with id: aab62436-13cd-49ee-ba22-da5f9f365f0d
2026-01-08 14:46:37.234 74 INFO cinder.api.openstack.wsgi [None req-3ee78ca8-c776-484a-90bd-a7d5aec61f1e a2443a5649544ea1aafa41372e015ddb f1264b0900db4d7d9dc53138bc889d28 - - default default] http://[LB_IP_ADDRESS]:8776/v3/f1264b0900db4d7d9dc53138bc889d28/group_snapshots/aab62436-13cd-49ee-ba22-da5f9f365f0d returned with HTTP 202
2026-01-08 14:46:37.246 73 INFO cinder.api.openstack.wsgi [None req-1d9162ef-f365-4f82-af35-1db7c3a53e68 a2443a5649544ea1aafa41372e015ddb f1264b0900db4d7d9dc53138bc889d28 - - default default] GET http://[LB_IP_ADDRESS]:8776/v3/f1264b0900db4d7d9dc53138bc889d28/volumes/detail
2026-01-08 14:46:37.259 73 INFO cinder.volume.api [None req-1d9162ef-f365-4f82-af35-1db7c3a53e68 a2443a5649544ea1aafa41372e015ddb f1264b0900db4d7d9dc53138bc889d28 - - default default] Get all volumes completed successfully.
2026-01-08 14:46:37.279 73 INFO cinder.api.openstack.wsgi [None req-1d9162ef-f365-4f82-af35-1db7c3a53e68 a2443a5649544ea1aafa41372e015ddb f1264b0900db4d7d9dc53138bc889d28 - - default default] http://[LB_IP_ADDRESS]:8776/v3/f1264b0900db4d7d9dc53138bc889d28/volumes/detail returned with HTTP 200
2026-01-08 14:46:37.301 75 INFO cinder.api.openstack.wsgi [None req-62b17a40-3fd6-4e9e-a6b0-b0ce17524a25 a2443a5649544ea1aafa41372e015ddb f1264b0900db4d7d9dc53138bc889d28 - - default default] GET http://[LB_IP_ADDRESS]:8776/v3/f1264b0900db4d7d9dc53138bc889d28/snapshots/detail
2026-01-08 14:46:37.308 75 INFO cinder.volume.api [None req-62b17a40-3fd6-4e9e-a6b0-b0ce17524a25 a2443a5649544ea1aafa41372e015ddb f1264b0900db4d7d9dc53138bc889d28 - - default default] Get all snapshots completed successfully.
2026-01-08 14:46:37.310 75 INFO cinder.api.openstack.wsgi [None req-62b17a40-3fd6-4e9e-a6b0-b0ce17524a25 a2443a5649544ea1aafa41372e015ddb f1264b0900db4d7d9dc53138bc889d28 - - default default] http://[LB_IP_ADDRESS]:8776/v3/f1264b0900db4d7d9dc53138bc889d28/snapshots/detail returned with HTTP 200
2026-01-08 14:46:37.326 76 INFO cinder.api.openstack.wsgi [None req-a0f07c16-0476-41ab-bfbf-83460dcb6165 a2443a5649544ea1aafa41372e015ddb f1264b0900db4d7d9dc53138bc889d28 - - default default] GET http://[LB_IP_ADDRESS]:8776/v3/f1264b0900db4d7d9dc53138bc889d28/snapshots/c6c836bf-cf5e-46b5-a6b6-d2f71c3fe19f
2026-01-08 14:46:37.335 76 INFO cinder.volume.api [None req-a0f07c16-0476-41ab-bfbf-83460dcb6165 a2443a5649544ea1aafa41372e015ddb f1264b0900db4d7d9dc53138bc889d28 - - default default] Snapshot retrieved successfully.
2026-01-08 14:46:37.337 76 INFO cinder.api.openstack.wsgi [None req-a0f07c16-0476-41ab-bfbf-83460dcb6165 a2443a5649544ea1aafa41372e015ddb f1264b0900db4d7d9dc53138bc889d28 - - default default] http://[LB_IP_ADDRESS]:8776/v3/f1264b0900db4d7d9dc53138bc889d28/snapshots/c6c836bf-cf5e-46b5-a6b6-d2f71c3fe19f returned with HTTP 200
2026-01-08 14:46:37.833 72 INFO cinder.api.openstack.wsgi [None req-429df0bd-31c3-4b7a-bdfe-c8b3a747d849 4e46e0de33fa42c69c7b9bbe5f8558e1 6d0e2d880e57427bb4c1daa78e1f5cde - - default default] POST http://[LB_IP_ADDRESS]:8776/v3/6d0e2d880e57427bb4c1daa78e1f5cde/types
2026-01-08 14:46:37.876 72 INFO cinder.api.openstack.wsgi [None req-429df0bd-31c3-4b7a-bdfe-c8b3a747d849 4e46e0de33fa42c69c7b9bbe5f8558e1 6d0e2d880e57427bb4c1daa78e1f5cde - - default default] http://[LB_IP_ADDRESS]:8776/v3/6d0e2d880e57427bb4c1daa78e1f5cde/types returned with HTTP 200
2026-01-08 14:46:37.891 74 INFO cinder.api.openstack.wsgi [None req-be38836d-cad8-4086-9b21-6e9c435c018a 4e46e0de33fa42c69c7b9bbe5f8558e1 6d0e2d880e57427bb4c1daa78e1f5cde - - default default] POST http://[LB_IP_ADDRESS]:8776/v3/6d0e2d880e57427bb4c1daa78e1f5cde/group_types
2026-01-08 14:46:37.921 74 INFO cinder.api.openstack.wsgi [None req-be38836d-cad8-4086-9b21-6e9c435c018a 4e46e0de33fa42c69c7b9bbe5f8558e1 6d0e2d880e57427bb4c1daa78e1f5cde - - default default] http://[LB_IP_ADDRESS]:8776/v3/6d0e2d880e57427bb4c1daa78e1f5cde/group_types returned with HTTP 202
2026-01-08 14:46:38.010 73 INFO cinder.api.openstack.wsgi [None req-8ca428b1-fe61-4fd1-8a06-f02506fac425 563c65d290a642b58aa75dba4eef2cc9 3fadddfd44f74ff887ced518682b19f6 - - default default] POST http://[LB_IP_ADDRESS]:8776/v3/3fadddfd44f74ff887ced518682b19f6/groups
2026-01-08 14:46:38.022 73 INFO cinder.api.v3.groups [None req-8ca428b1-fe61-4fd1-8a06-f02506fac425 563c65d290a642b58aa75dba4eef2cc9 3fadddfd44f74ff887ced518682b19f6 - - default default] Creating group tempest-GroupsV314Test-Group-522396009.
2026-01-08 14:46:38.028 73 INFO cinder.volume.api [None req-8ca428b1-fe61-4fd1-8a06-f02506fac425 563c65d290a642b58aa75dba4eef2cc9 3fadddfd44f74ff887ced518682b19f6 - - default default] Availability Zones retrieved successfully.
2026-01-08 14:46:38.128 73 INFO cinder.api.openstack.wsgi [None req-8ca428b1-fe61-4fd1-8a06-f02506fac425 563c65d290a642b58aa75dba4eef2cc9 3fadddfd44f74ff887ced518682b19f6 - - default default] http://[LB_IP_ADDRESS]:8776/v3/3fadddfd44f74ff887ced518682b19f6/groups returned with HTTP 202
2026-01-08 14:46:38.142 75 INFO cinder.api.openstack.wsgi [None req-f1f78c2a-6b48-4178-9f7a-bc9cdf4a9228 563c65d290a642b58aa75dba4eef2cc9 3fadddfd44f74ff887ced518682b19f6 - - default default] GET http://[LB_IP_ADDRESS]:8776/v3/3fadddfd44f74ff887ced518682b19f6/groups/cbf9fc2c-ffdf-4f69-ace8-90359287ddf3
2026-01-08 14:46:38.164 75 INFO cinder.api.openstack.wsgi [None req-f1f78c2a-6b48-4178-9f7a-bc9cdf4a9228 563c65d290a642b58aa75dba4eef2cc9 3fadddfd44f74ff887ced518682b19f6 - - default default] http://[LB_IP_ADDRESS]:8776/v3/3fadddfd44f74ff887ced518682b19f6/groups/cbf9fc2c-ffdf-4f69-ace8-90359287ddf3 returned with HTTP 200
2026-01-08 14:46:38.353 76 INFO cinder.api.openstack.wsgi [None req-6053af79-e428-44e9-be46-c997c7ffabca a2443a5649544ea1aafa41372e015ddb f1264b0900db4d7d9dc53138bc889d28 - - default default] GET http://[LB_IP_ADDRESS]:8776/v3/f1264b0900db4d7d9dc53138bc889d28/snapshots/c6c836bf-cf5e-46b5-a6b6-d2f71c3fe19f
2026-01-08 14:46:38.360 76 INFO cinder.api.openstack.wsgi [None req-6053af79-e428-44e9-be46-c997c7ffabca a2443a5649544ea1aafa41372e015ddb f1264b0900db4d7d9dc53138bc889d28 - - default default] http://[LB_IP_ADDRESS]:8776/v3/f1264b0900db4d7d9dc53138bc889d28/snapshots/c6c836bf-cf5e-46b5-a6b6-d2f71c3fe19f returned with HTTP 404
2026-01-08 14:46:38.373 72 INFO cinder.api.openstack.wsgi [None req-00e0e10f-edfb-4ae9-959c-3c8ce7b34fd2 a2443a5649544ea1aafa41372e015ddb f1264b0900db4d7d9dc53138bc889d28 - - default default] GET http://[LB_IP_ADDRESS]:8776/v3/f1264b0900db4d7d9dc53138bc889d28/group_snapshots/aab62436-13cd-49ee-ba22-da5f9f365f0d
2026-01-08 14:46:38.379 72 INFO cinder.api.openstack.wsgi [None req-00e0e10f-edfb-4ae9-959c-3c8ce7b34fd2 a2443a5649544ea1aafa41372e015ddb f1264b0900db4d7d9dc53138bc889d28 - - default default] http://[LB_IP_ADDRESS]:8776/v3/f1264b0900db4d7d9dc53138bc889d28/group_snapshots/aab62436-13cd-49ee-ba22-da5f9f365f0d returned with HTTP 404
2026-01-08 14:46:38.391 74 INFO cinder.api.openstack.wsgi [None req-a213eb1b-0608-4081-8f82-c620a32088d5 a2443a5649544ea1aafa41372e015ddb f1264b0900db4d7d9dc53138bc889d28 - - default default] GET http://[LB_IP_ADDRESS]:8776/v3/f1264b0900db4d7d9dc53138bc889d28/volumes/detail
2026-01-08 14:46:38.407 74 INFO cinder.volume.api [None req-a213eb1b-0608-4081-8f82-c620a32088d5 a2443a5649544ea1aafa41372e015ddb f1264b0900db4d7d9dc53138bc889d28 - - default default] Get all volumes completed successfully.
2026-01-08 14:46:38.427 74 INFO cinder.api.openstack.wsgi [None req-a213eb1b-0608-4081-8f82-c620a32088d5 a2443a5649544ea1aafa41372e015ddb f1264b0900db4d7d9dc53138bc889d28 - - default default] http://[LB_IP_ADDRESS]:8776/v3/f1264b0900db4d7d9dc53138bc889d28/volumes/detail returned with HTTP 200
2026-01-08 14:46:38.449 73 INFO cinder.api.openstack.wsgi [None req-a530e839-a011-4d18-86bf-d8967afb7f39 a2443a5649544ea1aafa41372e015ddb f1264b0900db4d7d9dc53138bc889d28 - - default default] POST http://[LB_IP_ADDRESS]:8776/v3/f1264b0900db4d7d9dc53138bc889d28/groups/763a5c88-79cb-4e47-a33a-d7453fd53171/action
2026-01-08 14:46:38.453 73 INFO cinder.api.v3.groups [None req-a530e839-a011-4d18-86bf-d8967afb7f39 a2443a5649544ea1aafa41372e015ddb f1264b0900db4d7d9dc53138bc889d28 - - default default] Delete group with id: 763a5c88-79cb-4e47-a33a-d7453fd53171
2026-01-08 14:46:38.490 73 INFO cinder.api.openstack.wsgi [None req-a530e839-a011-4d18-86bf-d8967afb7f39 a2443a5649544ea1aafa41372e015ddb f1264b0900db4d7d9dc53138bc889d28 - - default default] http://[LB_IP_ADDRESS]:8776/v3/f1264b0900db4d7d9dc53138bc889d28/groups/763a5c88-79cb-4e47-a33a-d7453fd53171/action returned with HTTP 202
2026-01-08 14:46:38.503 75 INFO cinder.api.openstack.wsgi [None req-c6fc6fac-180d-48fe-9058-623fba443a9c a2443a5649544ea1aafa41372e015ddb f1264b0900db4d7d9dc53138bc889d28 - - default default] GET http://[LB_IP_ADDRESS]:8776/v3/f1264b0900db4d7d9dc53138bc889d28/volumes/7f12a1cd-8740-4f89-a0c1-7aa18c2f6e6b
2026-01-08 14:46:38.521 75 INFO cinder.volume.api [None req-c6fc6fac-180d-48fe-9058-623fba443a9c a2443a5649544ea1aafa41372e015ddb f1264b0900db4d7d9dc53138bc889d28 - - default default] Volume info retrieved successfully.
2026-01-08 14:46:38.537 75 INFO cinder.api.openstack.wsgi [None req-c6fc6fac-180d-48fe-9058-623fba443a9c a2443a5649544ea1aafa41372e015ddb f1264b0900db4d7d9dc53138bc889d28 - - default default] http://[LB_IP_ADDRESS]:8776/v3/f1264b0900db4d7d9dc53138bc889d28/volumes/7f12a1cd-8740-4f89-a0c1-7aa18c2f6e6b returned with HTTP 200
2026-01-08 14:46:39.178 76 INFO cinder.api.openstack.wsgi [None req-8bdba980-6606-457b-abcf-626f630509aa 563c65d290a642b58aa75dba4eef2cc9 3fadddfd44f74ff887ced518682b19f6 - - default default] GET http://[LB_IP_ADDRESS]:8776/v3/3fadddfd44f74ff887ced518682b19f6/groups/cbf9fc2c-ffdf-4f69-ace8-90359287ddf3
2026-01-08 14:46:39.200 76 INFO cinder.api.openstack.wsgi [None req-8bdba980-6606-457b-abcf-626f630509aa 563c65d290a642b58aa75dba4eef2cc9 3fadddfd44f74ff887ced518682b19f6 - - default default] http://[LB_IP_ADDRESS]:8776/v3/3fadddfd44f74ff887ced518682b19f6/groups/cbf9fc2c-ffdf-4f69-ace8-90359287ddf3 returned with HTTP 200
2026-01-08 14:46:39.214 72 INFO cinder.api.openstack.wsgi [None req-81484a54-7886-4f43-88ad-a0beb532fb17 563c65d290a642b58aa75dba4eef2cc9 3fadddfd44f74ff887ced518682b19f6 - - default default] POST http://[LB_IP_ADDRESS]:8776/v3/3fadddfd44f74ff887ced518682b19f6/volumes
2026-01-08 14:46:39.227 72 INFO cinder.api.v3.volumes [None req-81484a54-7886-4f43-88ad-a0beb532fb17 563c65d290a642b58aa75dba4eef2cc9 3fadddfd44f74ff887ced518682b19f6 - - default default] Create volume of 1 GB
2026-01-08 14:46:39.232 72 INFO cinder.volume.api [None req-81484a54-7886-4f43-88ad-a0beb532fb17 563c65d290a642b58aa75dba4eef2cc9 3fadddfd44f74ff887ced518682b19f6 - - default default] Availability Zones retrieved successfully.
2026-01-08 14:46:39.558 74 INFO cinder.api.openstack.wsgi [None req-bb19f2b9-616e-4a24-a952-5e26d6e2e3eb a2443a5649544ea1aafa41372e015ddb f1264b0900db4d7d9dc53138bc889d28 - - default default] GET http://[LB_IP_ADDRESS]:8776/v3/f1264b0900db4d7d9dc53138bc889d28/volumes/7f12a1cd-8740-4f89-a0c1-7aa18c2f6e6b
2026-01-08 14:46:39.570 74 INFO cinder.api.openstack.wsgi [None req-bb19f2b9-616e-4a24-a952-5e26d6e2e3eb a2443a5649544ea1aafa41372e015ddb f1264b0900db4d7d9dc53138bc889d28 - - default default] http://[LB_IP_ADDRESS]:8776/v3/f1264b0900db4d7d9dc53138bc889d28/volumes/7f12a1cd-8740-4f89-a0c1-7aa18c2f6e6b returned with HTTP 404
2026-01-08 14:46:39.584 73 INFO cinder.api.openstack.wsgi [None req-81ef181a-eca4-49e6-a7de-8cdf29c1ace0 a2443a5649544ea1aafa41372e015ddb f1264b0900db4d7d9dc53138bc889d28 - - default default] GET http://[LB_IP_ADDRESS]:8776/v3/f1264b0900db4d7d9dc53138bc889d28/groups/763a5c88-79cb-4e47-a33a-d7453fd53171
2026-01-08 14:46:39.588 73 INFO cinder.api.openstack.wsgi [None req-81ef181a-eca4-49e6-a7de-8cdf29c1ace0 a2443a5649544ea1aafa41372e015ddb f1264b0900db4d7d9dc53138bc889d28 - - default default] http://[LB_IP_ADDRESS]:8776/v3/f1264b0900db4d7d9dc53138bc889d28/groups/763a5c88-79cb-4e47-a33a-d7453fd53171 returned with HTTP 404
2026-01-08 14:46:39.601 75 INFO cinder.api.openstack.wsgi [None req-6525f018-386f-44ee-b22f-dffee1afd6bf 2d3652305ca04fcda7b3be27041b351d 408458750743494ba4e42f02def26a62 - - default default] DELETE http://[LB_IP_ADDRESS]:8776/v3/408458750743494ba4e42f02def26a62/group_types/2f379333-b547-49fe-8328-03ab2a58fde4
2026-01-08 14:46:39.618 75 INFO cinder.api.openstack.wsgi [None req-6525f018-386f-44ee-b22f-dffee1afd6bf 2d3652305ca04fcda7b3be27041b351d 408458750743494ba4e42f02def26a62 - - default default] http://[LB_IP_ADDRESS]:8776/v3/408458750743494ba4e42f02def26a62/group_types/2f379333-b547-49fe-8328-03ab2a58fde4 returned with HTTP 202
2026-01-08 14:46:39.629 76 INFO cinder.api.openstack.wsgi [None req-f79cd2eb-1908-4bc7-abcd-34658a5340f6 2d3652305ca04fcda7b3be27041b351d 408458750743494ba4e42f02def26a62 - - default default] DELETE http://[LB_IP_ADDRESS]:8776/v3/408458750743494ba4e42f02def26a62/types/41f262a9-74b4-40ae-a193-c6b27724f6cd
2026-01-08 14:46:39.674 76 INFO cinder.api.openstack.wsgi [None req-f79cd2eb-1908-4bc7-abcd-34658a5340f6 2d3652305ca04fcda7b3be27041b351d 408458750743494ba4e42f02def26a62 - - default default] http://[LB_IP_ADDRESS]:8776/v3/408458750743494ba4e42f02def26a62/types/41f262a9-74b4-40ae-a193-c6b27724f6cd returned with HTTP 202
2026-01-08 14:46:39.686 74 INFO cinder.api.openstack.wsgi [None req-8ec5421f-d432-46b4-a4fe-b176dca94f56 2d3652305ca04fcda7b3be27041b351d 408458750743494ba4e42f02def26a62 - - default default] GET http://[LB_IP_ADDRESS]:8776/v3/408458750743494ba4e42f02def26a62/types/41f262a9-74b4-40ae-a193-c6b27724f6cd
2026-01-08 14:46:39.691 74 INFO cinder.api.openstack.wsgi [None req-8ec5421f-d432-46b4-a4fe-b176dca94f56 2d3652305ca04fcda7b3be27041b351d 408458750743494ba4e42f02def26a62 - - default default] http://[LB_IP_ADDRESS]:8776/v3/408458750743494ba4e42f02def26a62/types/41f262a9-74b4-40ae-a193-c6b27724f6cd returned with HTTP 404
2026-01-08 14:46:39.709 73 INFO cinder.api.openstack.wsgi [None req-61e6b439-1f50-487b-ab75-4a0b2130261c 2d3652305ca04fcda7b3be27041b351d 408458750743494ba4e42f02def26a62 - - default default] POST http://[LB_IP_ADDRESS]:8776/v3/408458750743494ba4e42f02def26a62/types
2026-01-08 14:46:39.710 72 WARNING cinder.quota [None req-81484a54-7886-4f43-88ad-a0beb532fb17 563c65d290a642b58aa75dba4eef2cc9 3fadddfd44f74ff887ced518682b19f6 - - default default] Deprecated: Default quota for resource: volumes_tempest-GroupsV314Test-volume-type-1642062444 is set by the default quota flag: quota_volumes_tempest-GroupsV314Test-volume-type-1642062444, it is now deprecated. Please use the default quota class for default quota.
2026-01-08 14:46:39.711 72 WARNING cinder.quota [None req-81484a54-7886-4f43-88ad-a0beb532fb17 563c65d290a642b58aa75dba4eef2cc9 3fadddfd44f74ff887ced518682b19f6 - - default default] Deprecated: Default quota for resource: gigabytes_tempest-GroupsV314Test-volume-type-1642062444 is set by the default quota flag: quota_gigabytes_tempest-GroupsV314Test-volume-type-1642062444, it is now deprecated. Please use the default quota class for default quota.
2026-01-08 14:46:39.737 73 INFO cinder.api.openstack.wsgi [None req-61e6b439-1f50-487b-ab75-4a0b2130261c 2d3652305ca04fcda7b3be27041b351d 408458750743494ba4e42f02def26a62 - - default default] http://[LB_IP_ADDRESS]:8776/v3/408458750743494ba4e42f02def26a62/types returned with HTTP 200
2026-01-08 14:46:39.750 75 INFO cinder.api.openstack.wsgi [None req-f58d1436-d2cc-428a-9eea-c65e62ce34c4 2d3652305ca04fcda7b3be27041b351d 408458750743494ba4e42f02def26a62 - - default default] POST http://[LB_IP_ADDRESS]:8776/v3/408458750743494ba4e42f02def26a62/group_types
2026-01-08 14:46:39.781 75 INFO cinder.api.openstack.wsgi [None req-f58d1436-d2cc-428a-9eea-c65e62ce34c4 2d3652305ca04fcda7b3be27041b351d 408458750743494ba4e42f02def26a62 - - default default] http://[LB_IP_ADDRESS]:8776/v3/408458750743494ba4e42f02def26a62/group_types returned with HTTP 202
2026-01-08 14:46:39.795 72 INFO cinder.volume.api [None req-81484a54-7886-4f43-88ad-a0beb532fb17 563c65d290a642b58aa75dba4eef2cc9 3fadddfd44f74ff887ced518682b19f6 - - default default] Create volume request issued successfully.
2026-01-08 14:46:39.796 76 INFO cinder.api.openstack.wsgi [None req-70586af3-7229-4d2f-b540-04bbd12dad3d a2443a5649544ea1aafa41372e015ddb f1264b0900db4d7d9dc53138bc889d28 - - default default] POST http://[LB_IP_ADDRESS]:8776/v3/f1264b0900db4d7d9dc53138bc889d28/groups
2026-01-08 14:46:39.814 76 INFO cinder.api.v3.groups [None req-70586af3-7229-4d2f-b540-04bbd12dad3d a2443a5649544ea1aafa41372e015ddb f1264b0900db4d7d9dc53138bc889d28 - - default default] Creating group tempest-GroupSnapshotsTest-Group-25530940.
2026-01-08 14:46:39.818 72 INFO cinder.api.openstack.wsgi [None req-81484a54-7886-4f43-88ad-a0beb532fb17 563c65d290a642b58aa75dba4eef2cc9 3fadddfd44f74ff887ced518682b19f6 - - default default] http://[LB_IP_ADDRESS]:8776/v3/3fadddfd44f74ff887ced518682b19f6/volumes returned with HTTP 202
2026-01-08 14:46:39.824 76 INFO cinder.volume.api [None req-70586af3-7229-4d2f-b540-04bbd12dad3d a2443a5649544ea1aafa41372e015ddb f1264b0900db4d7d9dc53138bc889d28 - - default default] Availability Zones retrieved successfully.
2026-01-08 14:46:39.834 74 INFO cinder.api.openstack.wsgi [None req-e19fcbea-24a9-4b1c-b232-1ee58dccdfab 563c65d290a642b58aa75dba4eef2cc9 3fadddfd44f74ff887ced518682b19f6 - - default default] GET http://[LB_IP_ADDRESS]:8776/v3/3fadddfd44f74ff887ced518682b19f6/volumes/bce37c04-759b-4fe4-9a2a-7bf08f4c2ebd
2026-01-08 14:46:39.851 74 INFO cinder.volume.api [None req-e19fcbea-24a9-4b1c-b232-1ee58dccdfab 563c65d290a642b58aa75dba4eef2cc9 3fadddfd44f74ff887ced518682b19f6 - - default default] Volume info retrieved successfully.
2026-01-08 14:46:39.872 74 INFO cinder.api.openstack.wsgi [None req-e19fcbea-24a9-4b1c-b232-1ee58dccdfab 563c65d290a642b58aa75dba4eef2cc9 3fadddfd44f74ff887ced518682b19f6 - - default default] http://[LB_IP_ADDRESS]:8776/v3/3fadddfd44f74ff887ced518682b19f6/volumes/bce37c04-759b-4fe4-9a2a-7bf08f4c2ebd returned with HTTP 200
2026-01-08 14:46:39.920 76 INFO cinder.api.openstack.wsgi [None req-70586af3-7229-4d2f-b540-04bbd12dad3d a2443a5649544ea1aafa41372e015ddb f1264b0900db4d7d9dc53138bc889d28 - - default default] http://[LB_IP_ADDRESS]:8776/v3/f1264b0900db4d7d9dc53138bc889d28/groups returned with HTTP 202
2026-01-08 14:46:39.934 75 INFO cinder.api.openstack.wsgi [None req-e8c10233-ea97-4947-a21c-345cfa1e3e0a a2443a5649544ea1aafa41372e015ddb f1264b0900db4d7d9dc53138bc889d28 - - default default] GET http://[LB_IP_ADDRESS]:8776/v3/f1264b0900db4d7d9dc53138bc889d28/groups/36d0ef98-6ffa-46f2-8704-67ddff6d2daf
2026-01-08 14:46:39.955 75 INFO cinder.api.openstack.wsgi [None req-e8c10233-ea97-4947-a21c-345cfa1e3e0a a2443a5649544ea1aafa41372e015ddb f1264b0900db4d7d9dc53138bc889d28 - - default default] http://[LB_IP_ADDRESS]:8776/v3/f1264b0900db4d7d9dc53138bc889d28/groups/36d0ef98-6ffa-46f2-8704-67ddff6d2daf returned with HTTP 200
2026-01-08 14:46:40.031 73 INFO cinder.api.openstack.wsgi [None req-d1c041ef-e9c4-4cb5-aeaa-d1581b8f8aac 048201ec2d2c4e0ba24cb484d9faca18 56f2be4162fb4b3a8ca3395a499a023c - - default default] POST http://[LB_IP_ADDRESS]:8776/v3/56f2be4162fb4b3a8ca3395a499a023c/types
2026-01-08 14:46:40.076 73 INFO cinder.api.openstack.wsgi [None req-d1c041ef-e9c4-4cb5-aeaa-d1581b8f8aac 048201ec2d2c4e0ba24cb484d9faca18 56f2be4162fb4b3a8ca3395a499a023c - - default default] http://[LB_IP_ADDRESS]:8776/v3/56f2be4162fb4b3a8ca3395a499a023c/types returned with HTTP 200
2026-01-08 14:46:40.089 72 INFO cinder.api.openstack.wsgi [None req-e5014397-e705-4662-b88f-aa1f6cf3ae96 048201ec2d2c4e0ba24cb484d9faca18 56f2be4162fb4b3a8ca3395a499a023c - - default default] POST http://[LB_IP_ADDRESS]:8776/v3/56f2be4162fb4b3a8ca3395a499a023c/group_types
2026-01-08 14:46:40.114 72 INFO cinder.api.openstack.wsgi [None req-e5014397-e705-4662-b88f-aa1f6cf3ae96 048201ec2d2c4e0ba24cb484d9faca18 56f2be4162fb4b3a8ca3395a499a023c - - default default] http://[LB_IP_ADDRESS]:8776/v3/56f2be4162fb4b3a8ca3395a499a023c/group_types returned with HTTP 202
2026-01-08 14:46:40.232 74 INFO cinder.api.openstack.wsgi [None req-3f8517b8-421c-4f1e-bc5e-d2e488464f9d b6e3e77b91bc443b9c28f7281efc0251 556139515fd94a01bc53f88b1be3c6d1 - - default default] POST http://[LB_IP_ADDRESS]:8776/v3/556139515fd94a01bc53f88b1be3c6d1/groups
2026-01-08 14:46:40.249 74 INFO cinder.api.v3.groups [None req-3f8517b8-421c-4f1e-bc5e-d2e488464f9d b6e3e77b91bc443b9c28f7281efc0251 556139515fd94a01bc53f88b1be3c6d1 - - default default] Creating group tempest-GroupsV320Test-Group-1999657109.
2026-01-08 14:46:40.256 74 INFO cinder.volume.api [None req-3f8517b8-421c-4f1e-bc5e-d2e488464f9d b6e3e77b91bc443b9c28f7281efc0251 556139515fd94a01bc53f88b1be3c6d1 - - default default] Availability Zones retrieved successfully.
2026-01-08 14:46:40.364 74 INFO cinder.api.openstack.wsgi [None req-3f8517b8-421c-4f1e-bc5e-d2e488464f9d b6e3e77b91bc443b9c28f7281efc0251 556139515fd94a01bc53f88b1be3c6d1 - - default default] http://[LB_IP_ADDRESS]:8776/v3/556139515fd94a01bc53f88b1be3c6d1/groups returned with HTTP 202
2026-01-08 14:46:40.378 76 INFO cinder.api.openstack.wsgi [None req-1f575d95-e3f2-45ff-88ea-6b0ca57223ea b6e3e77b91bc443b9c28f7281efc0251 556139515fd94a01bc53f88b1be3c6d1 - - default default] GET http://[LB_IP_ADDRESS]:8776/v3/556139515fd94a01bc53f88b1be3c6d1/groups/3c780b74-1796-4be4-82fb-e3a7f8b3c249
2026-01-08 14:46:40.398 76 INFO cinder.api.openstack.wsgi [None req-1f575d95-e3f2-45ff-88ea-6b0ca57223ea b6e3e77b91bc443b9c28f7281efc0251 556139515fd94a01bc53f88b1be3c6d1 - - default default] http://[LB_IP_ADDRESS]:8776/v3/556139515fd94a01bc53f88b1be3c6d1/groups/3c780b74-1796-4be4-82fb-e3a7f8b3c249 returned with HTTP 200
2026-01-08 14:46:40.890 75 INFO cinder.api.openstack.wsgi [None req-251f5fa5-c7f8-4c51-be17-074925036628 563c65d290a642b58aa75dba4eef2cc9 3fadddfd44f74ff887ced518682b19f6 - - default default] GET http://[LB_IP_ADDRESS]:8776/v3/3fadddfd44f74ff887ced518682b19f6/volumes/bce37c04-759b-4fe4-9a2a-7bf08f4c2ebd
2026-01-08 14:46:40.908 75 INFO cinder.volume.api [None req-251f5fa5-c7f8-4c51-be17-074925036628 563c65d290a642b58aa75dba4eef2cc9 3fadddfd44f74ff887ced518682b19f6 - - default default] Volume info retrieved successfully.
2026-01-08 14:46:40.942 75 INFO cinder.api.openstack.wsgi [None req-251f5fa5-c7f8-4c51-be17-074925036628 563c65d290a642b58aa75dba4eef2cc9 3fadddfd44f74ff887ced518682b19f6 - - default default] http://[LB_IP_ADDRESS]:8776/v3/3fadddfd44f74ff887ced518682b19f6/volumes/bce37c04-759b-4fe4-9a2a-7bf08f4c2ebd returned with HTTP 200
2026-01-08 14:46:40.961 73 INFO cinder.api.openstack.wsgi [None req-08d9d388-4e17-4f6d-898f-a5b307686f11 563c65d290a642b58aa75dba4eef2cc9 3fadddfd44f74ff887ced518682b19f6 - - default default] POST http://[LB_IP_ADDRESS]:8776/v3/3fadddfd44f74ff887ced518682b19f6/groups/action
2026-01-08 14:46:40.966 73 INFO cinder.api.v3.groups [None req-08d9d388-4e17-4f6d-898f-a5b307686f11 563c65d290a642b58aa75dba4eef2cc9 3fadddfd44f74ff887ced518682b19f6 - - default default] Creating group tempest-Group_from_grp-2002851962 from source group cbf9fc2c-ffdf-4f69-ace8-90359287ddf3.
2026-01-08 14:46:40.972 72 INFO cinder.api.openstack.wsgi [None req-425c1dde-51d2-4693-bc7b-dbd377a67186 a2443a5649544ea1aafa41372e015ddb f1264b0900db4d7d9dc53138bc889d28 - - default default] GET http://[LB_IP_ADDRESS]:8776/v3/f1264b0900db4d7d9dc53138bc889d28/groups/36d0ef98-6ffa-46f2-8704-67ddff6d2daf
2026-01-08 14:46:40.995 72 INFO cinder.api.openstack.wsgi [None req-425c1dde-51d2-4693-bc7b-dbd377a67186 a2443a5649544ea1aafa41372e015ddb f1264b0900db4d7d9dc53138bc889d28 - - default default] http://[LB_IP_ADDRESS]:8776/v3/f1264b0900db4d7d9dc53138bc889d28/groups/36d0ef98-6ffa-46f2-8704-67ddff6d2daf returned with HTTP 200
2026-01-08 14:46:41.010 74 INFO cinder.api.openstack.wsgi [None req-712ab9af-c9e0-4825-b0e1-db9e99a7d5b3 a2443a5649544ea1aafa41372e015ddb f1264b0900db4d7d9dc53138bc889d28 - - default default] POST http://[LB_IP_ADDRESS]:8776/v3/f1264b0900db4d7d9dc53138bc889d28/volumes
2026-01-08 14:46:41.025 74 INFO cinder.api.v3.volumes [None req-712ab9af-c9e0-4825-b0e1-db9e99a7d5b3 a2443a5649544ea1aafa41372e015ddb f1264b0900db4d7d9dc53138bc889d28 - - default default] Create volume of 1 GB
2026-01-08 14:46:41.030 74 INFO cinder.volume.api [None req-712ab9af-c9e0-4825-b0e1-db9e99a7d5b3 a2443a5649544ea1aafa41372e015ddb f1264b0900db4d7d9dc53138bc889d28 - - default default] Availability Zones retrieved successfully.
2026-01-08 14:46:41.308 74 WARNING cinder.quota [None req-712ab9af-c9e0-4825-b0e1-db9e99a7d5b3 a2443a5649544ea1aafa41372e015ddb f1264b0900db4d7d9dc53138bc889d28 - - default default] Deprecated: Default quota for resource: volumes_tempest-GroupSnapshotsTest-volume-type-1296963483 is set by the default quota flag: quota_volumes_tempest-GroupSnapshotsTest-volume-type-1296963483, it is now deprecated. Please use the default quota class for default quota.
2026-01-08 14:46:41.309 74 WARNING cinder.quota [None req-712ab9af-c9e0-4825-b0e1-db9e99a7d5b3 a2443a5649544ea1aafa41372e015ddb f1264b0900db4d7d9dc53138bc889d28 - - default default] Deprecated: Default quota for resource: gigabytes_tempest-GroupSnapshotsTest-volume-type-1296963483 is set by the default quota flag: quota_gigabytes_tempest-GroupSnapshotsTest-volume-type-1296963483, it is now deprecated. Please use the default quota class for default quota.
2026-01-08 14:46:41.391 74 INFO cinder.volume.api [None req-712ab9af-c9e0-4825-b0e1-db9e99a7d5b3 a2443a5649544ea1aafa41372e015ddb f1264b0900db4d7d9dc53138bc889d28 - - default default] Create volume request issued successfully.
2026-01-08 14:46:41.410 74 INFO cinder.api.openstack.wsgi [None req-712ab9af-c9e0-4825-b0e1-db9e99a7d5b3 a2443a5649544ea1aafa41372e015ddb f1264b0900db4d7d9dc53138bc889d28 - - default default] http://[LB_IP_ADDRESS]:8776/v3/f1264b0900db4d7d9dc53138bc889d28/volumes returned with HTTP 202
2026-01-08 14:46:41.415 76 INFO cinder.api.openstack.wsgi [None req-c3e767b5-a044-4129-8fd7-20b65e8ec795 b6e3e77b91bc443b9c28f7281efc0251 556139515fd94a01bc53f88b1be3c6d1 - - default default] GET http://[LB_IP_ADDRESS]:8776/v3/556139515fd94a01bc53f88b1be3c6d1/groups/3c780b74-1796-4be4-82fb-e3a7f8b3c249
2026-01-08 14:46:41.426 75 INFO cinder.api.openstack.wsgi [None req-e340ff05-d309-427b-b445-cc111c502f9d a2443a5649544ea1aafa41372e015ddb f1264b0900db4d7d9dc53138bc889d28 - - default default] GET http://[LB_IP_ADDRESS]:8776/v3/f1264b0900db4d7d9dc53138bc889d28/volumes/ad7adf22-0619-4df2-a77e-d09bcd37aea8
2026-01-08 14:46:41.436 76 INFO cinder.api.openstack.wsgi [None req-c3e767b5-a044-4129-8fd7-20b65e8ec795 b6e3e77b91bc443b9c28f7281efc0251 556139515fd94a01bc53f88b1be3c6d1 - - default default] http://[LB_IP_ADDRESS]:8776/v3/556139515fd94a01bc53f88b1be3c6d1/groups/3c780b74-1796-4be4-82fb-e3a7f8b3c249 returned with HTTP 200
2026-01-08 14:46:41.440 75 INFO cinder.volume.api [None req-e340ff05-d309-427b-b445-cc111c502f9d a2443a5649544ea1aafa41372e015ddb f1264b0900db4d7d9dc53138bc889d28 - - default default] Volume info retrieved successfully.
2026-01-08 14:46:41.453 72 INFO cinder.api.openstack.wsgi [None req-10937266-2c1f-49dd-a9e4-d531310318f8 048201ec2d2c4e0ba24cb484d9faca18 56f2be4162fb4b3a8ca3395a499a023c - - default default] POST http://[LB_IP_ADDRESS]:8776/v3/56f2be4162fb4b3a8ca3395a499a023c/groups/3c780b74-1796-4be4-82fb-e3a7f8b3c249/action
2026-01-08 14:46:41.462 75 INFO cinder.api.openstack.wsgi [None req-e340ff05-d309-427b-b445-cc111c502f9d a2443a5649544ea1aafa41372e015ddb f1264b0900db4d7d9dc53138bc889d28 - - default default] http://[LB_IP_ADDRESS]:8776/v3/f1264b0900db4d7d9dc53138bc889d28/volumes/ad7adf22-0619-4df2-a77e-d09bcd37aea8 returned with HTTP 200
2026-01-08 14:46:41.467 72 INFO cinder.api.openstack.wsgi [None req-10937266-2c1f-49dd-a9e4-d531310318f8 048201ec2d2c4e0ba24cb484d9faca18 56f2be4162fb4b3a8ca3395a499a023c - - default default] http://[LB_IP_ADDRESS]:8776/v3/56f2be4162fb4b3a8ca3395a499a023c/groups/3c780b74-1796-4be4-82fb-e3a7f8b3c249/action returned with HTTP 202
2026-01-08 14:46:41.476 74 INFO cinder.api.openstack.wsgi [None req-3390713d-2bf9-47b5-a2b0-daf84f723779 b6e3e77b91bc443b9c28f7281efc0251 556139515fd94a01bc53f88b1be3c6d1 - - default default] GET http://[LB_IP_ADDRESS]:8776/v3/556139515fd94a01bc53f88b1be3c6d1/groups/3c780b74-1796-4be4-82fb-e3a7f8b3c249
2026-01-08 14:46:41.494 74 INFO cinder.api.openstack.wsgi [None req-3390713d-2bf9-47b5-a2b0-daf84f723779 b6e3e77b91bc443b9c28f7281efc0251 556139515fd94a01bc53f88b1be3c6d1 - - default default] http://[LB_IP_ADDRESS]:8776/v3/556139515fd94a01bc53f88b1be3c6d1/groups/3c780b74-1796-4be4-82fb-e3a7f8b3c249 returned with HTTP 200
