2026-01-02 17:52:00.504 76 INFO cinder.api.v3.volumes [req-9a0b1b7a-5e40-4687-a9f2-600e23a3ebee req-d96e2fb5-dc2f-4448-b74e-87094ad72b01 a60efdbfcb21458987d5e1e277305efc b4da934cb33141b988d2f64864920c06 - - default default] Delete volume with id: 7e413196-5471-471f-bf9a-d22b9ddbd856 
2026-01-02 17:52:00.510 72 INFO cinder.volume.api [None req-3eaf6015-8be2-4a86-a084-a84709f859b5 d92123ff8d8841cc9438afa972e884de fc7c9ae7945c442a9a90a86b61312a46 - - default default] Volume info retrieved successfully.
2026-01-02 17:52:00.516 76 INFO cinder.volume.api [req-9a0b1b7a-5e40-4687-a9f2-600e23a3ebee req-d96e2fb5-dc2f-4448-b74e-87094ad72b01 a60efdbfcb21458987d5e1e277305efc b4da934cb33141b988d2f64864920c06 - - default default] Volume info retrieved successfully.
2026-01-02 17:52:00.529 72 INFO cinder.volume.api [None req-3eaf6015-8be2-4a86-a084-a84709f859b5 d92123ff8d8841cc9438afa972e884de fc7c9ae7945c442a9a90a86b61312a46 - - default default] Delete volume request issued successfully.
2026-01-02 17:52:00.530 72 INFO cinder.api.openstack.wsgi [None req-3eaf6015-8be2-4a86-a084-a84709f859b5 d92123ff8d8841cc9438afa972e884de fc7c9ae7945c442a9a90a86b61312a46 - - default default] http://[LB_IP_ADDRESS]:8776/v3/fc7c9ae7945c442a9a90a86b61312a46/volumes/6c85b41f-c62d-4c17-8053-dcd4d54e58b1 returned with HTTP 202
2026-01-02 17:52:00.535 76 INFO cinder.volume.api [req-9a0b1b7a-5e40-4687-a9f2-600e23a3ebee req-d96e2fb5-dc2f-4448-b74e-87094ad72b01 a60efdbfcb21458987d5e1e277305efc b4da934cb33141b988d2f64864920c06 - - default default] Delete volume request issued successfully.
2026-01-02 17:52:00.535 76 INFO cinder.api.openstack.wsgi [req-9a0b1b7a-5e40-4687-a9f2-600e23a3ebee req-d96e2fb5-dc2f-4448-b74e-87094ad72b01 a60efdbfcb21458987d5e1e277305efc b4da934cb33141b988d2f64864920c06 - - default default] http://[LB_IP_ADDRESS]:8776/v3/volumes/7e413196-5471-471f-bf9a-d22b9ddbd856 returned with HTTP 202
2026-01-02 17:52:00.541 75 INFO cinder.api.openstack.wsgi [None req-a3faea7d-18a0-4908-8e20-b352f098dc2e d92123ff8d8841cc9438afa972e884de fc7c9ae7945c442a9a90a86b61312a46 - - default default] GET http://[LB_IP_ADDRESS]:8776/v3/fc7c9ae7945c442a9a90a86b61312a46/volumes/6c85b41f-c62d-4c17-8053-dcd4d54e58b1
2026-01-02 17:52:00.558 75 INFO cinder.volume.api [None req-a3faea7d-18a0-4908-8e20-b352f098dc2e d92123ff8d8841cc9438afa972e884de fc7c9ae7945c442a9a90a86b61312a46 - - default default] Volume info retrieved successfully.
2026-01-02 17:52:00.562 75 INFO cinder.api.openstack.wsgi [None req-a3faea7d-18a0-4908-8e20-b352f098dc2e d92123ff8d8841cc9438afa972e884de fc7c9ae7945c442a9a90a86b61312a46 - - default default] http://[LB_IP_ADDRESS]:8776/v3/fc7c9ae7945c442a9a90a86b61312a46/volumes/6c85b41f-c62d-4c17-8053-dcd4d54e58b1 returned with HTTP 200
2026-01-02 17:52:00.568 74 INFO cinder.api.openstack.wsgi [req-a37fa879-2316-46a9-a7ea-08816bab51f3 req-24c2bf85-b293-4eb0-9aa5-aae4eab23326 a60efdbfcb21458987d5e1e277305efc b4da934cb33141b988d2f64864920c06 - - default default] GET http://[LB_IP_ADDRESS]:8776/v3/volumes/7e413196-5471-471f-bf9a-d22b9ddbd856
2026-01-02 17:52:00.586 74 INFO cinder.volume.api [req-a37fa879-2316-46a9-a7ea-08816bab51f3 req-24c2bf85-b293-4eb0-9aa5-aae4eab23326 a60efdbfcb21458987d5e1e277305efc b4da934cb33141b988d2f64864920c06 - - default default] Volume info retrieved successfully.
2026-01-02 17:52:00.590 74 INFO cinder.api.openstack.wsgi [req-a37fa879-2316-46a9-a7ea-08816bab51f3 req-24c2bf85-b293-4eb0-9aa5-aae4eab23326 a60efdbfcb21458987d5e1e277305efc b4da934cb33141b988d2f64864920c06 - - default default] http://[LB_IP_ADDRESS]:8776/v3/volumes/7e413196-5471-471f-bf9a-d22b9ddbd856 returned with HTTP 200
2026-01-02 17:52:01.151 73 INFO cinder.api.openstack.wsgi [None req-897c89a8-c338-42f1-8a13-3890f2a660c8 ed41464b623c440d985f67d6802b8ff7 deda84854b294ea0a63de8bd5acc1c8e - - default default] GET http://[LB_IP_ADDRESS]:8776/v3/deda84854b294ea0a63de8bd5acc1c8e/group_snapshots/cd1ddadd-e417-46a6-9f4b-f179a879bc24
2026-01-02 17:52:01.170 73 INFO cinder.api.openstack.wsgi [None req-897c89a8-c338-42f1-8a13-3890f2a660c8 ed41464b623c440d985f67d6802b8ff7 deda84854b294ea0a63de8bd5acc1c8e - - default default] http://[LB_IP_ADDRESS]:8776/v3/deda84854b294ea0a63de8bd5acc1c8e/group_snapshots/cd1ddadd-e417-46a6-9f4b-f179a879bc24 returned with HTTP 200
2026-01-02 17:52:01.185 72 INFO cinder.api.openstack.wsgi [None req-c60bb9e0-6eef-4ef0-8edc-61a2c8d7df3e ed41464b623c440d985f67d6802b8ff7 deda84854b294ea0a63de8bd5acc1c8e - - default default] GET http://[LB_IP_ADDRESS]:8776/v3/deda84854b294ea0a63de8bd5acc1c8e/snapshots/detail
2026-01-02 17:52:01.193 72 INFO cinder.volume.api [None req-c60bb9e0-6eef-4ef0-8edc-61a2c8d7df3e ed41464b623c440d985f67d6802b8ff7 deda84854b294ea0a63de8bd5acc1c8e - - default default] Get all snapshots completed successfully.
2026-01-02 17:52:01.195 72 INFO cinder.api.openstack.wsgi [None req-c60bb9e0-6eef-4ef0-8edc-61a2c8d7df3e ed41464b623c440d985f67d6802b8ff7 deda84854b294ea0a63de8bd5acc1c8e - - default default] http://[LB_IP_ADDRESS]:8776/v3/deda84854b294ea0a63de8bd5acc1c8e/snapshots/detail returned with HTTP 200
2026-01-02 17:52:01.206 76 INFO cinder.api.openstack.wsgi [None req-207442ea-89fa-41bf-9147-ae641a0006a3 ed41464b623c440d985f67d6802b8ff7 deda84854b294ea0a63de8bd5acc1c8e - - default default] GET http://[LB_IP_ADDRESS]:8776/v3/deda84854b294ea0a63de8bd5acc1c8e/snapshots/4755740e-4a1f-4a4d-b379-fcfffdcc19f9
2026-01-02 17:52:01.214 76 INFO cinder.volume.api [None req-207442ea-89fa-41bf-9147-ae641a0006a3 ed41464b623c440d985f67d6802b8ff7 deda84854b294ea0a63de8bd5acc1c8e - - default default] Snapshot retrieved successfully.
2026-01-02 17:52:01.215 76 INFO cinder.api.openstack.wsgi [None req-207442ea-89fa-41bf-9147-ae641a0006a3 ed41464b623c440d985f67d6802b8ff7 deda84854b294ea0a63de8bd5acc1c8e - - default default] http://[LB_IP_ADDRESS]:8776/v3/deda84854b294ea0a63de8bd5acc1c8e/snapshots/4755740e-4a1f-4a4d-b379-fcfffdcc19f9 returned with HTTP 200
2026-01-02 17:52:01.226 75 INFO cinder.api.openstack.wsgi [None req-2e2d4980-7dc0-48d1-808a-3af283b476a6 618ed80733654ca08deb24031160ea94 68cc52a2a77548e0b611bcdd30a76790 - - default default] POST http://[LB_IP_ADDRESS]:8776/v3/68cc52a2a77548e0b611bcdd30a76790/group_snapshots/cd1ddadd-e417-46a6-9f4b-f179a879bc24/action
2026-01-02 17:52:01.239 75 INFO cinder.api.openstack.wsgi [None req-2e2d4980-7dc0-48d1-808a-3af283b476a6 618ed80733654ca08deb24031160ea94 68cc52a2a77548e0b611bcdd30a76790 - - default default] http://[LB_IP_ADDRESS]:8776/v3/68cc52a2a77548e0b611bcdd30a76790/group_snapshots/cd1ddadd-e417-46a6-9f4b-f179a879bc24/action returned with HTTP 202
2026-01-02 17:52:01.251 74 INFO cinder.api.openstack.wsgi [None req-5a19ad7d-990a-4f4b-88e8-47c26f60d805 ed41464b623c440d985f67d6802b8ff7 deda84854b294ea0a63de8bd5acc1c8e - - default default] GET http://[LB_IP_ADDRESS]:8776/v3/deda84854b294ea0a63de8bd5acc1c8e/group_snapshots/cd1ddadd-e417-46a6-9f4b-f179a879bc24
2026-01-02 17:52:01.268 74 INFO cinder.api.openstack.wsgi [None req-5a19ad7d-990a-4f4b-88e8-47c26f60d805 ed41464b623c440d985f67d6802b8ff7 deda84854b294ea0a63de8bd5acc1c8e - - default default] http://[LB_IP_ADDRESS]:8776/v3/deda84854b294ea0a63de8bd5acc1c8e/group_snapshots/cd1ddadd-e417-46a6-9f4b-f179a879bc24 returned with HTTP 200
2026-01-02 17:52:01.282 73 INFO cinder.api.openstack.wsgi [None req-a03f6d98-e2e6-4f85-90fc-0973b5b1c804 618ed80733654ca08deb24031160ea94 68cc52a2a77548e0b611bcdd30a76790 - - default default] POST http://[LB_IP_ADDRESS]:8776/v3/68cc52a2a77548e0b611bcdd30a76790/group_snapshots/cd1ddadd-e417-46a6-9f4b-f179a879bc24/action
2026-01-02 17:52:01.296 73 INFO cinder.api.openstack.wsgi [None req-a03f6d98-e2e6-4f85-90fc-0973b5b1c804 618ed80733654ca08deb24031160ea94 68cc52a2a77548e0b611bcdd30a76790 - - default default] http://[LB_IP_ADDRESS]:8776/v3/68cc52a2a77548e0b611bcdd30a76790/group_snapshots/cd1ddadd-e417-46a6-9f4b-f179a879bc24/action returned with HTTP 202
2026-01-02 17:52:01.309 72 INFO cinder.api.openstack.wsgi [None req-db04ed80-49a0-48aa-9a56-ce906f2eb284 ed41464b623c440d985f67d6802b8ff7 deda84854b294ea0a63de8bd5acc1c8e - - default default] GET http://[LB_IP_ADDRESS]:8776/v3/deda84854b294ea0a63de8bd5acc1c8e/group_snapshots/cd1ddadd-e417-46a6-9f4b-f179a879bc24
2026-01-02 17:52:01.325 72 INFO cinder.api.openstack.wsgi [None req-db04ed80-49a0-48aa-9a56-ce906f2eb284 ed41464b623c440d985f67d6802b8ff7 deda84854b294ea0a63de8bd5acc1c8e - - default default] http://[LB_IP_ADDRESS]:8776/v3/deda84854b294ea0a63de8bd5acc1c8e/group_snapshots/cd1ddadd-e417-46a6-9f4b-f179a879bc24 returned with HTTP 200
2026-01-02 17:52:01.340 76 INFO cinder.api.openstack.wsgi [None req-4f880bcf-6489-43eb-a7af-03c727dc3b34 618ed80733654ca08deb24031160ea94 68cc52a2a77548e0b611bcdd30a76790 - - default default] POST http://[LB_IP_ADDRESS]:8776/v3/68cc52a2a77548e0b611bcdd30a76790/group_snapshots/cd1ddadd-e417-46a6-9f4b-f179a879bc24/action
2026-01-02 17:52:01.354 76 INFO cinder.api.openstack.wsgi [None req-4f880bcf-6489-43eb-a7af-03c727dc3b34 618ed80733654ca08deb24031160ea94 68cc52a2a77548e0b611bcdd30a76790 - - default default] http://[LB_IP_ADDRESS]:8776/v3/68cc52a2a77548e0b611bcdd30a76790/group_snapshots/cd1ddadd-e417-46a6-9f4b-f179a879bc24/action returned with HTTP 202
2026-01-02 17:52:01.367 75 INFO cinder.api.openstack.wsgi [None req-6707a597-d00b-409f-82bd-30f0a378802f ed41464b623c440d985f67d6802b8ff7 deda84854b294ea0a63de8bd5acc1c8e - - default default] GET http://[LB_IP_ADDRESS]:8776/v3/deda84854b294ea0a63de8bd5acc1c8e/group_snapshots/cd1ddadd-e417-46a6-9f4b-f179a879bc24
2026-01-02 17:52:01.383 75 INFO cinder.api.openstack.wsgi [None req-6707a597-d00b-409f-82bd-30f0a378802f ed41464b623c440d985f67d6802b8ff7 deda84854b294ea0a63de8bd5acc1c8e - - default default] http://[LB_IP_ADDRESS]:8776/v3/deda84854b294ea0a63de8bd5acc1c8e/group_snapshots/cd1ddadd-e417-46a6-9f4b-f179a879bc24 returned with HTTP 200
2026-01-02 17:52:01.397 74 INFO cinder.api.openstack.wsgi [None req-5b6c9305-24d7-4ca3-aa52-e4f634335d85 618ed80733654ca08deb24031160ea94 68cc52a2a77548e0b611bcdd30a76790 - - default default] POST http://[LB_IP_ADDRESS]:8776/v3/68cc52a2a77548e0b611bcdd30a76790/group_snapshots/cd1ddadd-e417-46a6-9f4b-f179a879bc24/action
2026-01-02 17:52:01.411 74 INFO cinder.api.openstack.wsgi [None req-5b6c9305-24d7-4ca3-aa52-e4f634335d85 618ed80733654ca08deb24031160ea94 68cc52a2a77548e0b611bcdd30a76790 - - default default] http://[LB_IP_ADDRESS]:8776/v3/68cc52a2a77548e0b611bcdd30a76790/group_snapshots/cd1ddadd-e417-46a6-9f4b-f179a879bc24/action returned with HTTP 202
2026-01-02 17:52:01.420 73 INFO cinder.api.openstack.wsgi [None req-205fb887-f8a9-4f57-b43f-fb1e855673dd ed41464b623c440d985f67d6802b8ff7 deda84854b294ea0a63de8bd5acc1c8e - - default default] GET http://[LB_IP_ADDRESS]:8776/v3/deda84854b294ea0a63de8bd5acc1c8e/group_snapshots/cd1ddadd-e417-46a6-9f4b-f179a879bc24
2026-01-02 17:52:01.429 73 INFO cinder.api.openstack.wsgi [None req-205fb887-f8a9-4f57-b43f-fb1e855673dd ed41464b623c440d985f67d6802b8ff7 deda84854b294ea0a63de8bd5acc1c8e - - default default] http://[LB_IP_ADDRESS]:8776/v3/deda84854b294ea0a63de8bd5acc1c8e/group_snapshots/cd1ddadd-e417-46a6-9f4b-f179a879bc24 returned with HTTP 200
2026-01-02 17:52:01.441 72 INFO cinder.api.openstack.wsgi [None req-deb033ea-811a-42f6-a331-b5619d5d7797 ed41464b623c440d985f67d6802b8ff7 deda84854b294ea0a63de8bd5acc1c8e - - default default] DELETE http://[LB_IP_ADDRESS]:8776/v3/deda84854b294ea0a63de8bd5acc1c8e/group_snapshots/cd1ddadd-e417-46a6-9f4b-f179a879bc24
2026-01-02 17:52:01.442 72 INFO cinder.api.v3.group_snapshots [None req-deb033ea-811a-42f6-a331-b5619d5d7797 ed41464b623c440d985f67d6802b8ff7 deda84854b294ea0a63de8bd5acc1c8e - - default default] Delete group_snapshot with id: cd1ddadd-e417-46a6-9f4b-f179a879bc24
2026-01-02 17:52:01.473 72 INFO cinder.api.openstack.wsgi [None req-deb033ea-811a-42f6-a331-b5619d5d7797 ed41464b623c440d985f67d6802b8ff7 deda84854b294ea0a63de8bd5acc1c8e - - default default] http://[LB_IP_ADDRESS]:8776/v3/deda84854b294ea0a63de8bd5acc1c8e/group_snapshots/cd1ddadd-e417-46a6-9f4b-f179a879bc24 returned with HTTP 202
2026-01-02 17:52:01.485 76 INFO cinder.api.openstack.wsgi [None req-dff42021-a1a3-4929-83a0-8e56d442071e ed41464b623c440d985f67d6802b8ff7 deda84854b294ea0a63de8bd5acc1c8e - - default default] GET http://[LB_IP_ADDRESS]:8776/v3/deda84854b294ea0a63de8bd5acc1c8e/volumes/detail
2026-01-02 17:52:01.505 76 INFO cinder.volume.api [None req-dff42021-a1a3-4929-83a0-8e56d442071e ed41464b623c440d985f67d6802b8ff7 deda84854b294ea0a63de8bd5acc1c8e - - default default] Get all volumes completed successfully.
2026-01-02 17:52:01.537 76 INFO cinder.api.openstack.wsgi [None req-dff42021-a1a3-4929-83a0-8e56d442071e ed41464b623c440d985f67d6802b8ff7 deda84854b294ea0a63de8bd5acc1c8e - - default default] http://[LB_IP_ADDRESS]:8776/v3/deda84854b294ea0a63de8bd5acc1c8e/volumes/detail returned with HTTP 200
2026-01-02 17:52:01.556 75 INFO cinder.api.openstack.wsgi [None req-dd5c2c59-29fc-44c4-baaa-6bc6d1775952 ed41464b623c440d985f67d6802b8ff7 deda84854b294ea0a63de8bd5acc1c8e - - default default] GET http://[LB_IP_ADDRESS]:8776/v3/deda84854b294ea0a63de8bd5acc1c8e/snapshots/detail
2026-01-02 17:52:01.562 75 INFO cinder.volume.api [None req-dd5c2c59-29fc-44c4-baaa-6bc6d1775952 ed41464b623c440d985f67d6802b8ff7 deda84854b294ea0a63de8bd5acc1c8e - - default default] Get all snapshots completed successfully.
2026-01-02 17:52:01.564 75 INFO cinder.api.openstack.wsgi [None req-dd5c2c59-29fc-44c4-baaa-6bc6d1775952 ed41464b623c440d985f67d6802b8ff7 deda84854b294ea0a63de8bd5acc1c8e - - default default] http://[LB_IP_ADDRESS]:8776/v3/deda84854b294ea0a63de8bd5acc1c8e/snapshots/detail returned with HTTP 200
2026-01-02 17:52:01.575 74 INFO cinder.api.openstack.wsgi [None req-488991ca-3b23-4ce5-9466-347aab689658 ed41464b623c440d985f67d6802b8ff7 deda84854b294ea0a63de8bd5acc1c8e - - default default] GET http://[LB_IP_ADDRESS]:8776/v3/deda84854b294ea0a63de8bd5acc1c8e/snapshots/4755740e-4a1f-4a4d-b379-fcfffdcc19f9
2026-01-02 17:52:01.575 73 INFO cinder.api.openstack.wsgi [None req-05dd77bb-aed0-405d-8554-3a1311b575d9 d92123ff8d8841cc9438afa972e884de fc7c9ae7945c442a9a90a86b61312a46 - - default default] GET http://[LB_IP_ADDRESS]:8776/v3/fc7c9ae7945c442a9a90a86b61312a46/volumes/6c85b41f-c62d-4c17-8053-dcd4d54e58b1
2026-01-02 17:52:01.583 73 INFO cinder.api.openstack.wsgi [None req-05dd77bb-aed0-405d-8554-3a1311b575d9 d92123ff8d8841cc9438afa972e884de fc7c9ae7945c442a9a90a86b61312a46 - - default default] http://[LB_IP_ADDRESS]:8776/v3/fc7c9ae7945c442a9a90a86b61312a46/volumes/6c85b41f-c62d-4c17-8053-dcd4d54e58b1 returned with HTTP 404
2026-01-02 17:52:01.584 74 INFO cinder.volume.api [None req-488991ca-3b23-4ce5-9466-347aab689658 ed41464b623c440d985f67d6802b8ff7 deda84854b294ea0a63de8bd5acc1c8e - - default default] Snapshot retrieved successfully.
2026-01-02 17:52:01.585 74 INFO cinder.api.openstack.wsgi [None req-488991ca-3b23-4ce5-9466-347aab689658 ed41464b623c440d985f67d6802b8ff7 deda84854b294ea0a63de8bd5acc1c8e - - default default] http://[LB_IP_ADDRESS]:8776/v3/deda84854b294ea0a63de8bd5acc1c8e/snapshots/4755740e-4a1f-4a4d-b379-fcfffdcc19f9 returned with HTTP 200
2026-01-02 17:52:01.590 72 INFO cinder.api.openstack.wsgi [None req-8e64b0e8-9726-4b6a-855b-cce4b60e0890 d92123ff8d8841cc9438afa972e884de fc7c9ae7945c442a9a90a86b61312a46 - - default default] DELETE http://[LB_IP_ADDRESS]:8776/v3/fc7c9ae7945c442a9a90a86b61312a46/volumes/43da8651-9143-4e8d-b357-022701f6d3ca
2026-01-02 17:52:01.591 72 INFO cinder.api.v3.volumes [None req-8e64b0e8-9726-4b6a-855b-cce4b60e0890 d92123ff8d8841cc9438afa972e884de fc7c9ae7945c442a9a90a86b61312a46 - - default default] Delete volume with id: 43da8651-9143-4e8d-b357-022701f6d3ca 
2026-01-02 17:52:01.602 72 INFO cinder.volume.api [None req-8e64b0e8-9726-4b6a-855b-cce4b60e0890 d92123ff8d8841cc9438afa972e884de fc7c9ae7945c442a9a90a86b61312a46 - - default default] Volume info retrieved successfully.
2026-01-02 17:52:01.617 76 INFO cinder.api.openstack.wsgi [req-3b96d806-b0c9-4b79-9513-d55512a7af06 req-61de4d6b-ca11-4ae6-951e-b6ac6280214b a60efdbfcb21458987d5e1e277305efc b4da934cb33141b988d2f64864920c06 - - default default] GET http://[LB_IP_ADDRESS]:8776/v3/volumes/7e413196-5471-471f-bf9a-d22b9ddbd856
2026-01-02 17:52:01.626 76 INFO cinder.api.openstack.wsgi [req-3b96d806-b0c9-4b79-9513-d55512a7af06 req-61de4d6b-ca11-4ae6-951e-b6ac6280214b a60efdbfcb21458987d5e1e277305efc b4da934cb33141b988d2f64864920c06 - - default default] http://[LB_IP_ADDRESS]:8776/v3/volumes/7e413196-5471-471f-bf9a-d22b9ddbd856 returned with HTTP 404
2026-01-02 17:52:01.626 72 INFO cinder.volume.api [None req-8e64b0e8-9726-4b6a-855b-cce4b60e0890 d92123ff8d8841cc9438afa972e884de fc7c9ae7945c442a9a90a86b61312a46 - - default default] Delete volume request issued successfully.
2026-01-02 17:52:01.627 72 INFO cinder.api.openstack.wsgi [None req-8e64b0e8-9726-4b6a-855b-cce4b60e0890 d92123ff8d8841cc9438afa972e884de fc7c9ae7945c442a9a90a86b61312a46 - - default default] http://[LB_IP_ADDRESS]:8776/v3/fc7c9ae7945c442a9a90a86b61312a46/volumes/43da8651-9143-4e8d-b357-022701f6d3ca returned with HTTP 202
2026-01-02 17:52:01.639 75 INFO cinder.api.openstack.wsgi [None req-c733cf8f-59e3-4240-8fc2-99ec927ad7c1 d92123ff8d8841cc9438afa972e884de fc7c9ae7945c442a9a90a86b61312a46 - - default default] GET http://[LB_IP_ADDRESS]:8776/v3/fc7c9ae7945c442a9a90a86b61312a46/volumes/43da8651-9143-4e8d-b357-022701f6d3ca
2026-01-02 17:52:01.655 73 INFO cinder.api.openstack.wsgi [req-9280e5c8-6a19-4e28-b6a5-ffdc64e67a46 req-2572bdf6-51c3-48b5-b1e4-1a8bda6646a1 a60efdbfcb21458987d5e1e277305efc b4da934cb33141b988d2f64864920c06 - - default default] DELETE http://[LB_IP_ADDRESS]:8776/v3/volumes/7e413196-5471-471f-bf9a-d22b9ddbd856
2026-01-02 17:52:01.656 73 INFO cinder.api.v3.volumes [req-9280e5c8-6a19-4e28-b6a5-ffdc64e67a46 req-2572bdf6-51c3-48b5-b1e4-1a8bda6646a1 a60efdbfcb21458987d5e1e277305efc b4da934cb33141b988d2f64864920c06 - - default default] Delete volume with id: 7e413196-5471-471f-bf9a-d22b9ddbd856 
2026-01-02 17:52:01.657 75 INFO cinder.volume.api [None req-c733cf8f-59e3-4240-8fc2-99ec927ad7c1 d92123ff8d8841cc9438afa972e884de fc7c9ae7945c442a9a90a86b61312a46 - - default default] Volume info retrieved successfully.
2026-01-02 17:52:01.662 75 INFO cinder.api.openstack.wsgi [None req-c733cf8f-59e3-4240-8fc2-99ec927ad7c1 d92123ff8d8841cc9438afa972e884de fc7c9ae7945c442a9a90a86b61312a46 - - default default] http://[LB_IP_ADDRESS]:8776/v3/fc7c9ae7945c442a9a90a86b61312a46/volumes/43da8651-9143-4e8d-b357-022701f6d3ca returned with HTTP 200
2026-01-02 17:52:01.663 73 INFO cinder.api.openstack.wsgi [req-9280e5c8-6a19-4e28-b6a5-ffdc64e67a46 req-2572bdf6-51c3-48b5-b1e4-1a8bda6646a1 a60efdbfcb21458987d5e1e277305efc b4da934cb33141b988d2f64864920c06 - - default default] http://[LB_IP_ADDRESS]:8776/v3/volumes/7e413196-5471-471f-bf9a-d22b9ddbd856 returned with HTTP 404
2026-01-02 17:52:01.683 74 INFO cinder.api.openstack.wsgi [req-a9925f22-e4e9-4042-8f02-866fd48824d2 req-b2f3a732-c464-418e-a588-cb01f1e2d2d6 a60efdbfcb21458987d5e1e277305efc b4da934cb33141b988d2f64864920c06 - - default default] GET http://[LB_IP_ADDRESS]:8776/v3/volumes/7e413196-5471-471f-bf9a-d22b9ddbd856
2026-01-02 17:52:01.695 74 INFO cinder.api.openstack.wsgi [req-a9925f22-e4e9-4042-8f02-866fd48824d2 req-b2f3a732-c464-418e-a588-cb01f1e2d2d6 a60efdbfcb21458987d5e1e277305efc b4da934cb33141b988d2f64864920c06 - - default default] http://[LB_IP_ADDRESS]:8776/v3/volumes/7e413196-5471-471f-bf9a-d22b9ddbd856 returned with HTTP 404
2026-01-02 17:52:02.600 76 INFO cinder.api.openstack.wsgi [None req-35207224-b8a1-4e7c-8d5b-8bcbce128521 ed41464b623c440d985f67d6802b8ff7 deda84854b294ea0a63de8bd5acc1c8e - - default default] GET http://[LB_IP_ADDRESS]:8776/v3/deda84854b294ea0a63de8bd5acc1c8e/snapshots/4755740e-4a1f-4a4d-b379-fcfffdcc19f9
2026-01-02 17:52:02.609 76 INFO cinder.api.openstack.wsgi [None req-35207224-b8a1-4e7c-8d5b-8bcbce128521 ed41464b623c440d985f67d6802b8ff7 deda84854b294ea0a63de8bd5acc1c8e - - default default] http://[LB_IP_ADDRESS]:8776/v3/deda84854b294ea0a63de8bd5acc1c8e/snapshots/4755740e-4a1f-4a4d-b379-fcfffdcc19f9 returned with HTTP 404
2026-01-02 17:52:02.621 72 INFO cinder.api.openstack.wsgi [None req-e7973ef5-9580-49cd-81c4-ef4e1c1c3e0b ed41464b623c440d985f67d6802b8ff7 deda84854b294ea0a63de8bd5acc1c8e - - default default] GET http://[LB_IP_ADDRESS]:8776/v3/deda84854b294ea0a63de8bd5acc1c8e/group_snapshots/cd1ddadd-e417-46a6-9f4b-f179a879bc24
2026-01-02 17:52:02.624 72 INFO cinder.api.openstack.wsgi [None req-e7973ef5-9580-49cd-81c4-ef4e1c1c3e0b ed41464b623c440d985f67d6802b8ff7 deda84854b294ea0a63de8bd5acc1c8e - - default default] http://[LB_IP_ADDRESS]:8776/v3/deda84854b294ea0a63de8bd5acc1c8e/group_snapshots/cd1ddadd-e417-46a6-9f4b-f179a879bc24 returned with HTTP 404
2026-01-02 17:52:02.632 75 INFO cinder.api.openstack.wsgi [None req-b9192319-c6a6-4e0f-840d-36baa253a732 ed41464b623c440d985f67d6802b8ff7 deda84854b294ea0a63de8bd5acc1c8e - - default default] GET http://[LB_IP_ADDRESS]:8776/v3/deda84854b294ea0a63de8bd5acc1c8e/volumes/detail
2026-01-02 17:52:02.642 75 INFO cinder.volume.api [None req-b9192319-c6a6-4e0f-840d-36baa253a732 ed41464b623c440d985f67d6802b8ff7 deda84854b294ea0a63de8bd5acc1c8e - - default default] Get all volumes completed successfully.
2026-01-02 17:52:02.662 75 INFO cinder.api.openstack.wsgi [None req-b9192319-c6a6-4e0f-840d-36baa253a732 ed41464b623c440d985f67d6802b8ff7 deda84854b294ea0a63de8bd5acc1c8e - - default default] http://[LB_IP_ADDRESS]:8776/v3/deda84854b294ea0a63de8bd5acc1c8e/volumes/detail returned with HTTP 200
2026-01-02 17:52:02.675 73 INFO cinder.api.openstack.wsgi [None req-1a8a5ede-73e0-4c4a-ba6b-903cb72dda0f d92123ff8d8841cc9438afa972e884de fc7c9ae7945c442a9a90a86b61312a46 - - default default] GET http://[LB_IP_ADDRESS]:8776/v3/fc7c9ae7945c442a9a90a86b61312a46/volumes/43da8651-9143-4e8d-b357-022701f6d3ca
2026-01-02 17:52:02.682 73 INFO cinder.api.openstack.wsgi [None req-1a8a5ede-73e0-4c4a-ba6b-903cb72dda0f d92123ff8d8841cc9438afa972e884de fc7c9ae7945c442a9a90a86b61312a46 - - default default] http://[LB_IP_ADDRESS]:8776/v3/fc7c9ae7945c442a9a90a86b61312a46/volumes/43da8651-9143-4e8d-b357-022701f6d3ca returned with HTTP 404
2026-01-02 17:52:02.682 74 INFO cinder.api.openstack.wsgi [None req-7a3332db-e192-4b2e-bdc0-201d9c03f161 ed41464b623c440d985f67d6802b8ff7 deda84854b294ea0a63de8bd5acc1c8e - - default default] POST http://[LB_IP_ADDRESS]:8776/v3/deda84854b294ea0a63de8bd5acc1c8e/groups/314c9fd8-937a-41e7-b667-5c98a8b397e9/action
2026-01-02 17:52:02.686 74 INFO cinder.api.v3.groups [None req-7a3332db-e192-4b2e-bdc0-201d9c03f161 ed41464b623c440d985f67d6802b8ff7 deda84854b294ea0a63de8bd5acc1c8e - - default default] Delete group with id: 314c9fd8-937a-41e7-b667-5c98a8b397e9
2026-01-02 17:52:02.725 74 INFO cinder.api.openstack.wsgi [None req-7a3332db-e192-4b2e-bdc0-201d9c03f161 ed41464b623c440d985f67d6802b8ff7 deda84854b294ea0a63de8bd5acc1c8e - - default default] http://[LB_IP_ADDRESS]:8776/v3/deda84854b294ea0a63de8bd5acc1c8e/groups/314c9fd8-937a-41e7-b667-5c98a8b397e9/action returned with HTTP 202
2026-01-02 17:52:02.733 76 INFO cinder.api.openstack.wsgi [None req-4a0b7356-d370-4e6f-bc77-af458d857069 ed41464b623c440d985f67d6802b8ff7 deda84854b294ea0a63de8bd5acc1c8e - - default default] GET http://[LB_IP_ADDRESS]:8776/v3/deda84854b294ea0a63de8bd5acc1c8e/volumes/95d850a6-e9ca-40ac-b9f6-8804dcc8eca2
2026-01-02 17:52:02.746 76 INFO cinder.volume.api [None req-4a0b7356-d370-4e6f-bc77-af458d857069 ed41464b623c440d985f67d6802b8ff7 deda84854b294ea0a63de8bd5acc1c8e - - default default] Volume info retrieved successfully.
2026-01-02 17:52:02.767 76 INFO cinder.api.openstack.wsgi [None req-4a0b7356-d370-4e6f-bc77-af458d857069 ed41464b623c440d985f67d6802b8ff7 deda84854b294ea0a63de8bd5acc1c8e - - default default] http://[LB_IP_ADDRESS]:8776/v3/deda84854b294ea0a63de8bd5acc1c8e/volumes/95d850a6-e9ca-40ac-b9f6-8804dcc8eca2 returned with HTTP 200
2026-01-02 17:52:03.786 72 INFO cinder.api.openstack.wsgi [None req-85d7cb65-0918-45ed-a8ae-e2c3006772a2 ed41464b623c440d985f67d6802b8ff7 deda84854b294ea0a63de8bd5acc1c8e - - default default] GET http://[LB_IP_ADDRESS]:8776/v3/deda84854b294ea0a63de8bd5acc1c8e/volumes/95d850a6-e9ca-40ac-b9f6-8804dcc8eca2
2026-01-02 17:52:03.797 72 INFO cinder.api.openstack.wsgi [None req-85d7cb65-0918-45ed-a8ae-e2c3006772a2 ed41464b623c440d985f67d6802b8ff7 deda84854b294ea0a63de8bd5acc1c8e - - default default] http://[LB_IP_ADDRESS]:8776/v3/deda84854b294ea0a63de8bd5acc1c8e/volumes/95d850a6-e9ca-40ac-b9f6-8804dcc8eca2 returned with HTTP 404
2026-01-02 17:52:03.810 75 INFO cinder.api.openstack.wsgi [None req-89a08645-a98c-4644-a0e7-a4dc3a19c833 ed41464b623c440d985f67d6802b8ff7 deda84854b294ea0a63de8bd5acc1c8e - - default default] GET http://[LB_IP_ADDRESS]:8776/v3/deda84854b294ea0a63de8bd5acc1c8e/groups/314c9fd8-937a-41e7-b667-5c98a8b397e9
2026-01-02 17:52:03.814 75 INFO cinder.api.openstack.wsgi [None req-89a08645-a98c-4644-a0e7-a4dc3a19c833 ed41464b623c440d985f67d6802b8ff7 deda84854b294ea0a63de8bd5acc1c8e - - default default] http://[LB_IP_ADDRESS]:8776/v3/deda84854b294ea0a63de8bd5acc1c8e/groups/314c9fd8-937a-41e7-b667-5c98a8b397e9 returned with HTTP 404
2026-01-02 17:52:03.823 73 INFO cinder.api.openstack.wsgi [None req-7d1e775a-dd9e-4e02-a0ca-a1cd154afdd8 618ed80733654ca08deb24031160ea94 68cc52a2a77548e0b611bcdd30a76790 - - default default] DELETE http://[LB_IP_ADDRESS]:8776/v3/68cc52a2a77548e0b611bcdd30a76790/group_types/2fb7a15f-8f0b-4ff0-b435-7deaf1770ed8
2026-01-02 17:52:03.835 73 INFO cinder.api.openstack.wsgi [None req-7d1e775a-dd9e-4e02-a0ca-a1cd154afdd8 618ed80733654ca08deb24031160ea94 68cc52a2a77548e0b611bcdd30a76790 - - default default] http://[LB_IP_ADDRESS]:8776/v3/68cc52a2a77548e0b611bcdd30a76790/group_types/2fb7a15f-8f0b-4ff0-b435-7deaf1770ed8 returned with HTTP 202
2026-01-02 17:52:03.844 74 INFO cinder.api.openstack.wsgi [None req-9cc4f747-d833-4a8d-8b31-5c829432f46f 618ed80733654ca08deb24031160ea94 68cc52a2a77548e0b611bcdd30a76790 - - default default] DELETE http://[LB_IP_ADDRESS]:8776/v3/68cc52a2a77548e0b611bcdd30a76790/types/246de44d-53fe-4700-ae4e-aa47bec326ad
2026-01-02 17:52:03.886 74 INFO cinder.api.openstack.wsgi [None req-9cc4f747-d833-4a8d-8b31-5c829432f46f 618ed80733654ca08deb24031160ea94 68cc52a2a77548e0b611bcdd30a76790 - - default default] http://[LB_IP_ADDRESS]:8776/v3/68cc52a2a77548e0b611bcdd30a76790/types/246de44d-53fe-4700-ae4e-aa47bec326ad returned with HTTP 202
2026-01-02 17:52:03.900 76 INFO cinder.api.openstack.wsgi [None req-ebd90b26-029f-4285-8d41-649c9d29130a 618ed80733654ca08deb24031160ea94 68cc52a2a77548e0b611bcdd30a76790 - - default default] GET http://[LB_IP_ADDRESS]:8776/v3/68cc52a2a77548e0b611bcdd30a76790/types/246de44d-53fe-4700-ae4e-aa47bec326ad
2026-01-02 17:52:03.904 76 INFO cinder.api.openstack.wsgi [None req-ebd90b26-029f-4285-8d41-649c9d29130a 618ed80733654ca08deb24031160ea94 68cc52a2a77548e0b611bcdd30a76790 - - default default] http://[LB_IP_ADDRESS]:8776/v3/68cc52a2a77548e0b611bcdd30a76790/types/246de44d-53fe-4700-ae4e-aa47bec326ad returned with HTTP 404
2026-01-02 17:52:04.005 72 INFO cinder.api.openstack.wsgi [req-790354a6-6247-4478-9508-9c3ff5ce1882 req-ef7bde15-cc9a-4942-b0ee-b17f80aab207 de0b613a7f384ceb976a7c0dc0a89e38 b9eb04cf1e3d489880cc14d5c7a944dc - - default default] POST http://[LB_IP_ADDRESS]:8776/v3/volumes
2026-01-02 17:52:04.010 72 INFO cinder.api.v3.volumes [req-790354a6-6247-4478-9508-9c3ff5ce1882 req-ef7bde15-cc9a-4942-b0ee-b17f80aab207 de0b613a7f384ceb976a7c0dc0a89e38 b9eb04cf1e3d489880cc14d5c7a944dc - - default default] Create volume of 1 GB
2026-01-02 17:52:04.016 72 INFO cinder.volume.api [req-790354a6-6247-4478-9508-9c3ff5ce1882 req-ef7bde15-cc9a-4942-b0ee-b17f80aab207 de0b613a7f384ceb976a7c0dc0a89e38 b9eb04cf1e3d489880cc14d5c7a944dc - - default default] Availability Zones retrieved successfully.
2026-01-02 17:52:04.411 72 INFO cinder.volume.api [req-790354a6-6247-4478-9508-9c3ff5ce1882 req-ef7bde15-cc9a-4942-b0ee-b17f80aab207 de0b613a7f384ceb976a7c0dc0a89e38 b9eb04cf1e3d489880cc14d5c7a944dc - - default default] Create volume request issued successfully.
2026-01-02 17:52:04.412 72 INFO cinder.api.openstack.wsgi [req-790354a6-6247-4478-9508-9c3ff5ce1882 req-ef7bde15-cc9a-4942-b0ee-b17f80aab207 de0b613a7f384ceb976a7c0dc0a89e38 b9eb04cf1e3d489880cc14d5c7a944dc - - default default] http://[LB_IP_ADDRESS]:8776/v3/volumes returned with HTTP 202
2026-01-02 17:52:04.423 75 INFO cinder.api.openstack.wsgi [req-790354a6-6247-4478-9508-9c3ff5ce1882 req-2ec90e63-5ffd-4dd0-a076-f3e661e38453 de0b613a7f384ceb976a7c0dc0a89e38 b9eb04cf1e3d489880cc14d5c7a944dc - - default default] GET http://[LB_IP_ADDRESS]:8776/v3/volumes/f51b1378-915e-4b28-a254-187556256a58
2026-01-02 17:52:04.439 75 INFO cinder.volume.api [req-790354a6-6247-4478-9508-9c3ff5ce1882 req-2ec90e63-5ffd-4dd0-a076-f3e661e38453 de0b613a7f384ceb976a7c0dc0a89e38 b9eb04cf1e3d489880cc14d5c7a944dc - - default default] Volume info retrieved successfully.
2026-01-02 17:52:04.446 75 INFO cinder.api.openstack.wsgi [req-790354a6-6247-4478-9508-9c3ff5ce1882 req-2ec90e63-5ffd-4dd0-a076-f3e661e38453 de0b613a7f384ceb976a7c0dc0a89e38 b9eb04cf1e3d489880cc14d5c7a944dc - - default default] http://[LB_IP_ADDRESS]:8776/v3/volumes/f51b1378-915e-4b28-a254-187556256a58 returned with HTTP 200
2026-01-02 17:52:04.468 73 INFO cinder.api.openstack.wsgi [req-a476f61b-475d-4dcb-8e7d-e26298094809 req-50334134-f415-49c7-a096-eabd4f221ed6 de0b613a7f384ceb976a7c0dc0a89e38 b9eb04cf1e3d489880cc14d5c7a944dc - - default default] GET http://[LB_IP_ADDRESS]:8776/v3/volumes/f51b1378-915e-4b28-a254-187556256a58
2026-01-02 17:52:04.479 73 INFO cinder.volume.api [req-a476f61b-475d-4dcb-8e7d-e26298094809 req-50334134-f415-49c7-a096-eabd4f221ed6 de0b613a7f384ceb976a7c0dc0a89e38 b9eb04cf1e3d489880cc14d5c7a944dc - - default default] Volume info retrieved successfully.
2026-01-02 17:52:04.483 73 INFO cinder.api.openstack.wsgi [req-a476f61b-475d-4dcb-8e7d-e26298094809 req-50334134-f415-49c7-a096-eabd4f221ed6 de0b613a7f384ceb976a7c0dc0a89e38 b9eb04cf1e3d489880cc14d5c7a944dc - - default default] http://[LB_IP_ADDRESS]:8776/v3/volumes/f51b1378-915e-4b28-a254-187556256a58 returned with HTTP 200
2026-01-02 17:52:05.509 74 INFO cinder.api.openstack.wsgi [req-6c04066a-ca96-48fe-9f24-9bed03117863 req-f596ea59-c6e3-47e4-9459-92dccc633bc1 de0b613a7f384ceb976a7c0dc0a89e38 b9eb04cf1e3d489880cc14d5c7a944dc - - default default] GET http://[LB_IP_ADDRESS]:8776/v3/volumes/f51b1378-915e-4b28-a254-187556256a58
2026-01-02 17:52:05.521 74 INFO cinder.volume.api [req-6c04066a-ca96-48fe-9f24-9bed03117863 req-f596ea59-c6e3-47e4-9459-92dccc633bc1 de0b613a7f384ceb976a7c0dc0a89e38 b9eb04cf1e3d489880cc14d5c7a944dc - - default default] Volume info retrieved successfully.
2026-01-02 17:52:05.526 74 INFO cinder.api.openstack.wsgi [req-6c04066a-ca96-48fe-9f24-9bed03117863 req-f596ea59-c6e3-47e4-9459-92dccc633bc1 de0b613a7f384ceb976a7c0dc0a89e38 b9eb04cf1e3d489880cc14d5c7a944dc - - default default] http://[LB_IP_ADDRESS]:8776/v3/volumes/f51b1378-915e-4b28-a254-187556256a58 returned with HTTP 200
2026-01-02 17:52:05.559 76 INFO cinder.api.openstack.wsgi [req-7af49cf8-cd90-4232-83fc-afceb5a4fe07 req-556b3a95-0dc7-4968-8e2d-492cdb276322 de0b613a7f384ceb976a7c0dc0a89e38 b9eb04cf1e3d489880cc14d5c7a944dc - - default default] GET http://[LB_IP_ADDRESS]:8776/v3/volumes/f51b1378-915e-4b28-a254-187556256a58
2026-01-02 17:52:05.572 76 INFO cinder.volume.api [req-7af49cf8-cd90-4232-83fc-afceb5a4fe07 req-556b3a95-0dc7-4968-8e2d-492cdb276322 de0b613a7f384ceb976a7c0dc0a89e38 b9eb04cf1e3d489880cc14d5c7a944dc - - default default] Volume info retrieved successfully.
2026-01-02 17:52:05.577 76 INFO cinder.api.openstack.wsgi [req-7af49cf8-cd90-4232-83fc-afceb5a4fe07 req-556b3a95-0dc7-4968-8e2d-492cdb276322 de0b613a7f384ceb976a7c0dc0a89e38 b9eb04cf1e3d489880cc14d5c7a944dc - - default default] http://[LB_IP_ADDRESS]:8776/v3/volumes/f51b1378-915e-4b28-a254-187556256a58 returned with HTTP 200
2026-01-02 17:52:05.605 72 INFO cinder.api.openstack.wsgi [req-b51c7aac-d4e9-4099-a113-d5696be2a303 req-b8330adb-f709-42b4-86e3-2c2316ace211 de0b613a7f384ceb976a7c0dc0a89e38 b9eb04cf1e3d489880cc14d5c7a944dc - - default default] DELETE http://[LB_IP_ADDRESS]:8776/v3/volumes/f51b1378-915e-4b28-a254-187556256a58
2026-01-02 17:52:05.606 72 INFO cinder.api.v3.volumes [req-b51c7aac-d4e9-4099-a113-d5696be2a303 req-b8330adb-f709-42b4-86e3-2c2316ace211 de0b613a7f384ceb976a7c0dc0a89e38 b9eb04cf1e3d489880cc14d5c7a944dc - - default default] Delete volume with id: f51b1378-915e-4b28-a254-187556256a58 
2026-01-02 17:52:05.616 72 INFO cinder.volume.api [req-b51c7aac-d4e9-4099-a113-d5696be2a303 req-b8330adb-f709-42b4-86e3-2c2316ace211 de0b613a7f384ceb976a7c0dc0a89e38 b9eb04cf1e3d489880cc14d5c7a944dc - - default default] Volume info retrieved successfully.
2026-01-02 17:52:05.633 72 INFO cinder.volume.api [req-b51c7aac-d4e9-4099-a113-d5696be2a303 req-b8330adb-f709-42b4-86e3-2c2316ace211 de0b613a7f384ceb976a7c0dc0a89e38 b9eb04cf1e3d489880cc14d5c7a944dc - - default default] Delete volume request issued successfully.
2026-01-02 17:52:05.633 72 INFO cinder.api.openstack.wsgi [req-b51c7aac-d4e9-4099-a113-d5696be2a303 req-b8330adb-f709-42b4-86e3-2c2316ace211 de0b613a7f384ceb976a7c0dc0a89e38 b9eb04cf1e3d489880cc14d5c7a944dc - - default default] http://[LB_IP_ADDRESS]:8776/v3/volumes/f51b1378-915e-4b28-a254-187556256a58 returned with HTTP 202
2026-01-02 17:52:05.662 75 INFO cinder.api.openstack.wsgi [req-bd80c816-3f2f-4016-9962-faca583804a7 req-6addf3a4-bb9f-4f42-a413-6e31b573b2e0 de0b613a7f384ceb976a7c0dc0a89e38 b9eb04cf1e3d489880cc14d5c7a944dc - - default default] GET http://[LB_IP_ADDRESS]:8776/v3/volumes/f51b1378-915e-4b28-a254-187556256a58
2026-01-02 17:52:05.676 75 INFO cinder.volume.api [req-bd80c816-3f2f-4016-9962-faca583804a7 req-6addf3a4-bb9f-4f42-a413-6e31b573b2e0 de0b613a7f384ceb976a7c0dc0a89e38 b9eb04cf1e3d489880cc14d5c7a944dc - - default default] Volume info retrieved successfully.
2026-01-02 17:52:05.681 75 INFO cinder.api.openstack.wsgi [req-bd80c816-3f2f-4016-9962-faca583804a7 req-6addf3a4-bb9f-4f42-a413-6e31b573b2e0 de0b613a7f384ceb976a7c0dc0a89e38 b9eb04cf1e3d489880cc14d5c7a944dc - - default default] http://[LB_IP_ADDRESS]:8776/v3/volumes/f51b1378-915e-4b28-a254-187556256a58 returned with HTTP 200
2026-01-02 17:52:06.155 73 INFO cinder.api.openstack.wsgi [None req-b13748f3-81e3-493e-bf5f-2495089e3214 36ecc3a0cc714a1c898a4eab1f8a6b6f b5d9793acde4418289b3f598cfa9cd36 - - default default] GET http://[LB_IP_ADDRESS]:8776/v3/b5d9793acde4418289b3f598cfa9cd36/scheduler-stats/get_pools
2026-01-02 17:52:06.662 73 INFO cinder.api.openstack.wsgi [None req-b13748f3-81e3-493e-bf5f-2495089e3214 36ecc3a0cc714a1c898a4eab1f8a6b6f b5d9793acde4418289b3f598cfa9cd36 - - default default] http://[LB_IP_ADDRESS]:8776/v3/b5d9793acde4418289b3f598cfa9cd36/scheduler-stats/get_pools returned with HTTP 200
2026-01-02 17:52:06.675 74 INFO cinder.api.openstack.wsgi [None req-34c14f04-c147-43ec-b09d-181478972eac 36ecc3a0cc714a1c898a4eab1f8a6b6f b5d9793acde4418289b3f598cfa9cd36 - - default default] GET http://[LB_IP_ADDRESS]:8776/v3/b5d9793acde4418289b3f598cfa9cd36/scheduler-stats/get_pools?detail=True
2026-01-02 17:52:06.703 76 INFO cinder.api.openstack.wsgi [req-e1401a80-6b9c-454e-803a-3eb38a19b3d1 req-cfe296b7-5981-4fd4-a4ce-87cf5d837b7a de0b613a7f384ceb976a7c0dc0a89e38 b9eb04cf1e3d489880cc14d5c7a944dc - - default default] GET http://[LB_IP_ADDRESS]:8776/v3/volumes/f51b1378-915e-4b28-a254-187556256a58
2026-01-02 17:52:06.711 76 INFO cinder.api.openstack.wsgi [req-e1401a80-6b9c-454e-803a-3eb38a19b3d1 req-cfe296b7-5981-4fd4-a4ce-87cf5d837b7a de0b613a7f384ceb976a7c0dc0a89e38 b9eb04cf1e3d489880cc14d5c7a944dc - - default default] http://[LB_IP_ADDRESS]:8776/v3/volumes/f51b1378-915e-4b28-a254-187556256a58 returned with HTTP 404
2026-01-02 17:52:07.182 74 INFO cinder.api.openstack.wsgi [None req-34c14f04-c147-43ec-b09d-181478972eac 36ecc3a0cc714a1c898a4eab1f8a6b6f b5d9793acde4418289b3f598cfa9cd36 - - default default] http://[LB_IP_ADDRESS]:8776/v3/b5d9793acde4418289b3f598cfa9cd36/scheduler-stats/get_pools?detail=True returned with HTTP 200
2026-01-02 17:52:07.198 72 INFO cinder.api.openstack.wsgi [None req-31be4f8a-4d65-4d6e-82f4-e818f51ed5b6 36ecc3a0cc714a1c898a4eab1f8a6b6f b5d9793acde4418289b3f598cfa9cd36 - - default default] GET http://[LB_IP_ADDRESS]:8776/v3/b5d9793acde4418289b3f598cfa9cd36/capabilities/rack05-server66@LIGHTOSphszul
2026-01-02 17:52:07.521 75 INFO cinder.api.openstack.wsgi [None req-44420f21-4eab-4ee8-8e0a-474aa206bc52 49f230e0f2824e3eb9d501659329e083 e24449a44d254ad8925806b0c115bea9 - - default default] POST http://[LB_IP_ADDRESS]:8776/v3/e24449a44d254ad8925806b0c115bea9/types
2026-01-02 17:52:07.553 75 INFO cinder.api.openstack.wsgi [None req-44420f21-4eab-4ee8-8e0a-474aa206bc52 49f230e0f2824e3eb9d501659329e083 e24449a44d254ad8925806b0c115bea9 - - default default] http://[LB_IP_ADDRESS]:8776/v3/e24449a44d254ad8925806b0c115bea9/types returned with HTTP 200
2026-01-02 17:52:07.564 73 INFO cinder.api.openstack.wsgi [None req-889c29b4-04fd-499c-94d6-d6f2f316feeb 49f230e0f2824e3eb9d501659329e083 e24449a44d254ad8925806b0c115bea9 - - default default] POST http://[LB_IP_ADDRESS]:8776/v3/e24449a44d254ad8925806b0c115bea9/group_types
2026-01-02 17:52:07.585 73 INFO cinder.api.openstack.wsgi [None req-889c29b4-04fd-499c-94d6-d6f2f316feeb 49f230e0f2824e3eb9d501659329e083 e24449a44d254ad8925806b0c115bea9 - - default default] http://[LB_IP_ADDRESS]:8776/v3/e24449a44d254ad8925806b0c115bea9/group_types returned with HTTP 202
2026-01-02 17:52:07.666 76 INFO cinder.api.openstack.wsgi [None req-a7a0392c-c1bc-4a9e-b677-d3aea5a74a7b 3d9360ca8f3546fcb9eba717b578464f 5e0a93ff0e6345699e906ddc4742f2ab - - default default] POST http://[LB_IP_ADDRESS]:8776/v3/5e0a93ff0e6345699e906ddc4742f2ab/groups
2026-01-02 17:52:07.678 76 INFO cinder.api.v3.groups [None req-a7a0392c-c1bc-4a9e-b677-d3aea5a74a7b 3d9360ca8f3546fcb9eba717b578464f 5e0a93ff0e6345699e906ddc4742f2ab - - default default] Creating group tempest-Group1-2064967670.
2026-01-02 17:52:07.691 76 INFO cinder.volume.api [None req-a7a0392c-c1bc-4a9e-b677-d3aea5a74a7b 3d9360ca8f3546fcb9eba717b578464f 5e0a93ff0e6345699e906ddc4742f2ab - - default default] Availability Zones retrieved successfully.
2026-01-02 17:52:07.709 72 INFO cinder.api.openstack.wsgi [None req-31be4f8a-4d65-4d6e-82f4-e818f51ed5b6 36ecc3a0cc714a1c898a4eab1f8a6b6f b5d9793acde4418289b3f598cfa9cd36 - - default default] http://[LB_IP_ADDRESS]:8776/v3/b5d9793acde4418289b3f598cfa9cd36/capabilities/rack05-server66@LIGHTOSphszul returned with HTTP 200
2026-01-02 17:52:07.727 74 INFO cinder.api.openstack.wsgi [None req-3bffdd9c-e847-47c7-8ec0-411d78806314 36ecc3a0cc714a1c898a4eab1f8a6b6f b5d9793acde4418289b3f598cfa9cd36 - - default default] GET http://[LB_IP_ADDRESS]:8776/v3/b5d9793acde4418289b3f598cfa9cd36/capabilities/rack05-server66@LIGHTOSphszul
2026-01-02 17:52:07.812 76 INFO cinder.api.openstack.wsgi [None req-a7a0392c-c1bc-4a9e-b677-d3aea5a74a7b 3d9360ca8f3546fcb9eba717b578464f 5e0a93ff0e6345699e906ddc4742f2ab - - default default] http://[LB_IP_ADDRESS]:8776/v3/5e0a93ff0e6345699e906ddc4742f2ab/groups returned with HTTP 202
2026-01-02 17:52:07.824 75 INFO cinder.api.openstack.wsgi [None req-dd8148c8-5bc5-4197-beff-2d66ae5cb6a3 3d9360ca8f3546fcb9eba717b578464f 5e0a93ff0e6345699e906ddc4742f2ab - - default default] GET http://[LB_IP_ADDRESS]:8776/v3/5e0a93ff0e6345699e906ddc4742f2ab/groups/4161cbdf-19a8-43e6-999a-00e8293da08e
2026-01-02 17:52:07.838 75 INFO cinder.api.openstack.wsgi [None req-dd8148c8-5bc5-4197-beff-2d66ae5cb6a3 3d9360ca8f3546fcb9eba717b578464f 5e0a93ff0e6345699e906ddc4742f2ab - - default default] http://[LB_IP_ADDRESS]:8776/v3/5e0a93ff0e6345699e906ddc4742f2ab/groups/4161cbdf-19a8-43e6-999a-00e8293da08e returned with HTTP 200
2026-01-02 17:52:08.239 74 INFO cinder.api.openstack.wsgi [None req-3bffdd9c-e847-47c7-8ec0-411d78806314 36ecc3a0cc714a1c898a4eab1f8a6b6f b5d9793acde4418289b3f598cfa9cd36 - - default default] http://[LB_IP_ADDRESS]:8776/v3/b5d9793acde4418289b3f598cfa9cd36/capabilities/rack05-server66@LIGHTOSphszul returned with HTTP 200
2026-01-02 17:52:08.854 73 INFO cinder.api.openstack.wsgi [None req-668720c4-ac9f-4494-87e4-f0ff90f059d4 3d9360ca8f3546fcb9eba717b578464f 5e0a93ff0e6345699e906ddc4742f2ab - - default default] GET http://[LB_IP_ADDRESS]:8776/v3/5e0a93ff0e6345699e906ddc4742f2ab/groups/4161cbdf-19a8-43e6-999a-00e8293da08e
2026-01-02 17:52:08.868 72 INFO cinder.api.openstack.wsgi [req-8a6e0c11-c351-4707-91d6-c557878539bf req-b7956d72-eb79-4f3c-92ce-f39b8c55895b 686fea09e6534418b79a41b34a121c39 7486f15f5a8b494db33763dcd05fdac8 - - default default] DELETE http://[LB_IP_ADDRESS]:8776/v3/volumes/tempest-invalid-817172891
2026-01-02 17:52:08.869 72 INFO cinder.api.v3.volumes [req-8a6e0c11-c351-4707-91d6-c557878539bf req-b7956d72-eb79-4f3c-92ce-f39b8c55895b 686fea09e6534418b79a41b34a121c39 7486f15f5a8b494db33763dcd05fdac8 - - default default] Delete volume with id: tempest-invalid-817172891 
2026-01-02 17:52:08.875 73 INFO cinder.api.openstack.wsgi [None req-668720c4-ac9f-4494-87e4-f0ff90f059d4 3d9360ca8f3546fcb9eba717b578464f 5e0a93ff0e6345699e906ddc4742f2ab - - default default] http://[LB_IP_ADDRESS]:8776/v3/5e0a93ff0e6345699e906ddc4742f2ab/groups/4161cbdf-19a8-43e6-999a-00e8293da08e returned with HTTP 200
2026-01-02 17:52:08.880 72 INFO cinder.api.openstack.wsgi [req-8a6e0c11-c351-4707-91d6-c557878539bf req-b7956d72-eb79-4f3c-92ce-f39b8c55895b 686fea09e6534418b79a41b34a121c39 7486f15f5a8b494db33763dcd05fdac8 - - default default] http://[LB_IP_ADDRESS]:8776/v3/volumes/tempest-invalid-817172891 returned with HTTP 404
2026-01-02 17:52:08.891 76 INFO cinder.api.openstack.wsgi [None req-1dc92981-99bf-473b-ba54-d745a695f131 3d9360ca8f3546fcb9eba717b578464f 5e0a93ff0e6345699e906ddc4742f2ab - - default default] POST http://[LB_IP_ADDRESS]:8776/v3/5e0a93ff0e6345699e906ddc4742f2ab/groups
2026-01-02 17:52:08.904 76 INFO cinder.api.v3.groups [None req-1dc92981-99bf-473b-ba54-d745a695f131 3d9360ca8f3546fcb9eba717b578464f 5e0a93ff0e6345699e906ddc4742f2ab - - default default] Creating group tempest-Group2-35295192.
2026-01-02 17:52:08.911 76 INFO cinder.volume.api [None req-1dc92981-99bf-473b-ba54-d745a695f131 3d9360ca8f3546fcb9eba717b578464f 5e0a93ff0e6345699e906ddc4742f2ab - - default default] Availability Zones retrieved successfully.
2026-01-02 17:52:08.938 75 INFO cinder.api.openstack.wsgi [req-7d70c484-719f-44b2-9a8a-746acdee7fde req-e5fadd97-b1a3-4349-bf35-8f2c6192e202 686fea09e6534418b79a41b34a121c39 7486f15f5a8b494db33763dcd05fdac8 - - default default] DELETE http://[LB_IP_ADDRESS]:8776/v3/volumes/f2a8a7a1-b8de-41fd-818e-bc050d88e775
2026-01-02 17:52:08.939 75 INFO cinder.api.v3.volumes [req-7d70c484-719f-44b2-9a8a-746acdee7fde req-e5fadd97-b1a3-4349-bf35-8f2c6192e202 686fea09e6534418b79a41b34a121c39 7486f15f5a8b494db33763dcd05fdac8 - - default default] Delete volume with id: f2a8a7a1-b8de-41fd-818e-bc050d88e775 
2026-01-02 17:52:08.953 75 INFO cinder.api.openstack.wsgi [req-7d70c484-719f-44b2-9a8a-746acdee7fde req-e5fadd97-b1a3-4349-bf35-8f2c6192e202 686fea09e6534418b79a41b34a121c39 7486f15f5a8b494db33763dcd05fdac8 - - default default] http://[LB_IP_ADDRESS]:8776/v3/volumes/f2a8a7a1-b8de-41fd-818e-bc050d88e775 returned with HTTP 404
2026-01-02 17:52:08.985 74 INFO cinder.api.openstack.wsgi [req-084742a2-02ef-4050-9f91-e5493ad90861 req-535e4d39-167b-46d5-b53b-d98cae8b1f71 686fea09e6534418b79a41b34a121c39 7486f15f5a8b494db33763dcd05fdac8 - - default default] GET http://[LB_IP_ADDRESS]:8776/v3/volumes/f2c4fe97-2806-4d1c-939f-245bd2869dd1
2026-01-02 17:52:08.994 74 INFO cinder.api.openstack.wsgi [req-084742a2-02ef-4050-9f91-e5493ad90861 req-535e4d39-167b-46d5-b53b-d98cae8b1f71 686fea09e6534418b79a41b34a121c39 7486f15f5a8b494db33763dcd05fdac8 - - default default] http://[LB_IP_ADDRESS]:8776/v3/volumes/f2c4fe97-2806-4d1c-939f-245bd2869dd1 returned with HTTP 404
2026-01-02 17:52:09.000 76 INFO cinder.api.openstack.wsgi [None req-1dc92981-99bf-473b-ba54-d745a695f131 3d9360ca8f3546fcb9eba717b578464f 5e0a93ff0e6345699e906ddc4742f2ab - - default default] http://[LB_IP_ADDRESS]:8776/v3/5e0a93ff0e6345699e906ddc4742f2ab/groups returned with HTTP 202
2026-01-02 17:52:09.014 73 INFO cinder.api.openstack.wsgi [None req-33b13ed1-7191-43b1-a0b0-b548103f9626 3d9360ca8f3546fcb9eba717b578464f 5e0a93ff0e6345699e906ddc4742f2ab - - default default] GET http://[LB_IP_ADDRESS]:8776/v3/5e0a93ff0e6345699e906ddc4742f2ab/groups/89e431a8-fadc-4a0c-b116-4a20d1d271a1
2026-01-02 17:52:09.034 73 INFO cinder.api.openstack.wsgi [None req-33b13ed1-7191-43b1-a0b0-b548103f9626 3d9360ca8f3546fcb9eba717b578464f 5e0a93ff0e6345699e906ddc4742f2ab - - default default] http://[LB_IP_ADDRESS]:8776/v3/5e0a93ff0e6345699e906ddc4742f2ab/groups/89e431a8-fadc-4a0c-b116-4a20d1d271a1 returned with HTTP 200
2026-01-02 17:52:10.050 72 INFO cinder.api.openstack.wsgi [None req-f9d7c43d-6347-4f88-af8f-f707913516fa 3d9360ca8f3546fcb9eba717b578464f 5e0a93ff0e6345699e906ddc4742f2ab - - default default] GET http://[LB_IP_ADDRESS]:8776/v3/5e0a93ff0e6345699e906ddc4742f2ab/groups/89e431a8-fadc-4a0c-b116-4a20d1d271a1
2026-01-02 17:52:10.070 72 INFO cinder.api.openstack.wsgi [None req-f9d7c43d-6347-4f88-af8f-f707913516fa 3d9360ca8f3546fcb9eba717b578464f 5e0a93ff0e6345699e906ddc4742f2ab - - default default] http://[LB_IP_ADDRESS]:8776/v3/5e0a93ff0e6345699e906ddc4742f2ab/groups/89e431a8-fadc-4a0c-b116-4a20d1d271a1 returned with HTTP 200
2026-01-02 17:52:10.086 75 INFO cinder.api.openstack.wsgi [None req-14d6fad0-848e-41fb-8440-b95ee847e9a7 3d9360ca8f3546fcb9eba717b578464f 5e0a93ff0e6345699e906ddc4742f2ab - - default default] POST http://[LB_IP_ADDRESS]:8776/v3/5e0a93ff0e6345699e906ddc4742f2ab/volumes
2026-01-02 17:52:10.098 75 INFO cinder.api.v3.volumes [None req-14d6fad0-848e-41fb-8440-b95ee847e9a7 3d9360ca8f3546fcb9eba717b578464f 5e0a93ff0e6345699e906ddc4742f2ab - - default default] Create volume of 1 GB
2026-01-02 17:52:10.103 75 INFO cinder.volume.api [None req-14d6fad0-848e-41fb-8440-b95ee847e9a7 3d9360ca8f3546fcb9eba717b578464f 5e0a93ff0e6345699e906ddc4742f2ab - - default default] Availability Zones retrieved successfully.
2026-01-02 17:52:10.362 75 WARNING cinder.quota [None req-14d6fad0-848e-41fb-8440-b95ee847e9a7 3d9360ca8f3546fcb9eba717b578464f 5e0a93ff0e6345699e906ddc4742f2ab - - default default] Deprecated: Default quota for resource: volumes_tempest-GroupsTest-volume-type-1624051206 is set by the default quota flag: quota_volumes_tempest-GroupsTest-volume-type-1624051206, it is now deprecated. Please use the default quota class for default quota.
2026-01-02 17:52:10.362 75 WARNING cinder.quota [None req-14d6fad0-848e-41fb-8440-b95ee847e9a7 3d9360ca8f3546fcb9eba717b578464f 5e0a93ff0e6345699e906ddc4742f2ab - - default default] Deprecated: Default quota for resource: gigabytes_tempest-GroupsTest-volume-type-1624051206 is set by the default quota flag: quota_gigabytes_tempest-GroupsTest-volume-type-1624051206, it is now deprecated. Please use the default quota class for default quota.
2026-01-02 17:52:10.456 75 INFO cinder.volume.api [None req-14d6fad0-848e-41fb-8440-b95ee847e9a7 3d9360ca8f3546fcb9eba717b578464f 5e0a93ff0e6345699e906ddc4742f2ab - - default default] Create volume request issued successfully.
2026-01-02 17:52:10.480 75 INFO cinder.api.openstack.wsgi [None req-14d6fad0-848e-41fb-8440-b95ee847e9a7 3d9360ca8f3546fcb9eba717b578464f 5e0a93ff0e6345699e906ddc4742f2ab - - default default] http://[LB_IP_ADDRESS]:8776/v3/5e0a93ff0e6345699e906ddc4742f2ab/volumes returned with HTTP 202
2026-01-02 17:52:10.500 74 INFO cinder.api.openstack.wsgi [None req-716aa50d-a6a8-4988-af92-c9ecd6db5101 3d9360ca8f3546fcb9eba717b578464f 5e0a93ff0e6345699e906ddc4742f2ab - - default default] GET http://[LB_IP_ADDRESS]:8776/v3/5e0a93ff0e6345699e906ddc4742f2ab/volumes/5234933a-0823-405a-b8da-df86d74bcc3b
2026-01-02 17:52:10.516 74 INFO cinder.volume.api [None req-716aa50d-a6a8-4988-af92-c9ecd6db5101 3d9360ca8f3546fcb9eba717b578464f 5e0a93ff0e6345699e906ddc4742f2ab - - default default] Volume info retrieved successfully.
2026-01-02 17:52:10.531 74 INFO cinder.api.openstack.wsgi [None req-716aa50d-a6a8-4988-af92-c9ecd6db5101 3d9360ca8f3546fcb9eba717b578464f 5e0a93ff0e6345699e906ddc4742f2ab - - default default] http://[LB_IP_ADDRESS]:8776/v3/5e0a93ff0e6345699e906ddc4742f2ab/volumes/5234933a-0823-405a-b8da-df86d74bcc3b returned with HTTP 200
2026-01-02 17:52:11.551 76 INFO cinder.api.openstack.wsgi [None req-ee7541b2-e338-4c86-aa64-4565327f8280 3d9360ca8f3546fcb9eba717b578464f 5e0a93ff0e6345699e906ddc4742f2ab - - default default] GET http://[LB_IP_ADDRESS]:8776/v3/5e0a93ff0e6345699e906ddc4742f2ab/volumes/5234933a-0823-405a-b8da-df86d74bcc3b
2026-01-02 17:52:11.571 76 INFO cinder.volume.api [None req-ee7541b2-e338-4c86-aa64-4565327f8280 3d9360ca8f3546fcb9eba717b578464f 5e0a93ff0e6345699e906ddc4742f2ab - - default default] Volume info retrieved successfully.
2026-01-02 17:52:11.596 76 INFO cinder.api.openstack.wsgi [None req-ee7541b2-e338-4c86-aa64-4565327f8280 3d9360ca8f3546fcb9eba717b578464f 5e0a93ff0e6345699e906ddc4742f2ab - - default default] http://[LB_IP_ADDRESS]:8776/v3/5e0a93ff0e6345699e906ddc4742f2ab/volumes/5234933a-0823-405a-b8da-df86d74bcc3b returned with HTTP 200
2026-01-02 17:52:11.618 72 INFO cinder.api.openstack.wsgi [None req-e8c96deb-ad5a-4f3e-8f9b-2d840428202d 3d9360ca8f3546fcb9eba717b578464f 5e0a93ff0e6345699e906ddc4742f2ab - - default default] GET http://[LB_IP_ADDRESS]:8776/v3/5e0a93ff0e6345699e906ddc4742f2ab/groups/4161cbdf-19a8-43e6-999a-00e8293da08e
2026-01-02 17:52:11.636 72 INFO cinder.api.openstack.wsgi [None req-e8c96deb-ad5a-4f3e-8f9b-2d840428202d 3d9360ca8f3546fcb9eba717b578464f 5e0a93ff0e6345699e906ddc4742f2ab - - default default] http://[LB_IP_ADDRESS]:8776/v3/5e0a93ff0e6345699e906ddc4742f2ab/groups/4161cbdf-19a8-43e6-999a-00e8293da08e returned with HTTP 200
