2023-10-30 18:06:36.907 20 INFO cinder.api.openstack.wsgi [None req-48c929f5-0320-4584-aae2-1a41ada338c5 35b3dee7d4ca4b88856a0cba9aea87b5 41b0d5b79716471da05b43ca0ad08320 - - default default] http://[LB_IP_ADDRESS]:8776/v3/41b0d5b79716471da05b43ca0ad08320/types/3183b2fa-b657-4393-8458-f94105871a53/extra_specs/nonexistent_extra_spec_name returned with HTTP 404
2023-10-30 18:06:36.923 21 INFO cinder.api.openstack.wsgi [None req-c28d9118-a775-4de3-8230-3064589cf95f 35b3dee7d4ca4b88856a0cba9aea87b5 41b0d5b79716471da05b43ca0ad08320 - - default default] GET http://[LB_IP_ADDRESS]:8776/v3/41b0d5b79716471da05b43ca0ad08320/types/113472df-6c5e-4ebd-a17e-20d16c84b655/extra_specs/spec1
2023-10-30 18:06:36.931 21 INFO cinder.api.openstack.wsgi [None req-c28d9118-a775-4de3-8230-3064589cf95f 35b3dee7d4ca4b88856a0cba9aea87b5 41b0d5b79716471da05b43ca0ad08320 - - default default] http://[LB_IP_ADDRESS]:8776/v3/41b0d5b79716471da05b43ca0ad08320/types/113472df-6c5e-4ebd-a17e-20d16c84b655/extra_specs/spec1 returned with HTTP 404
2023-10-30 18:06:36.950 23 INFO cinder.api.openstack.wsgi [None req-7924a6ba-1ce3-4a2b-bc02-ad5b1a3077bf 35b3dee7d4ca4b88856a0cba9aea87b5 41b0d5b79716471da05b43ca0ad08320 - - default default] GET http://[LB_IP_ADDRESS]:8776/v3/41b0d5b79716471da05b43ca0ad08320/types/05844d8a-0cc5-4d6e-8532-bfcc78d91705/extra_specs
2023-10-30 18:06:36.957 23 INFO cinder.api.openstack.wsgi [None req-7924a6ba-1ce3-4a2b-bc02-ad5b1a3077bf 35b3dee7d4ca4b88856a0cba9aea87b5 41b0d5b79716471da05b43ca0ad08320 - - default default] http://[LB_IP_ADDRESS]:8776/v3/41b0d5b79716471da05b43ca0ad08320/types/05844d8a-0cc5-4d6e-8532-bfcc78d91705/extra_specs returned with HTTP 404
2023-10-30 18:06:36.962 22 INFO cinder.api.openstack.wsgi [None req-c0aefe77-92e5-41f9-b613-44950aa505c4 - - - - - -] GET http://[LB_IP_ADDRESS]:8776/
2023-10-30 18:06:36.965 22 INFO cinder.api.openstack.wsgi [None req-c0aefe77-92e5-41f9-b613-44950aa505c4 - - - - - -] http://[LB_IP_ADDRESS]:8776/ returned with HTTP 300
2023-10-30 18:06:36.971 19 INFO cinder.api.openstack.wsgi [None req-8adc84e3-e412-4fcb-8126-c85887864e51 35b3dee7d4ca4b88856a0cba9aea87b5 41b0d5b79716471da05b43ca0ad08320 - - default default] PUT http://[LB_IP_ADDRESS]:8776/v3/41b0d5b79716471da05b43ca0ad08320/types/3183b2fa-b657-4393-8458-f94105871a53/extra_specs/spec1
2023-10-30 18:06:36.975 19 INFO cinder.api.openstack.wsgi [None req-8adc84e3-e412-4fcb-8126-c85887864e51 35b3dee7d4ca4b88856a0cba9aea87b5 41b0d5b79716471da05b43ca0ad08320 - - default default] http://[LB_IP_ADDRESS]:8776/v3/41b0d5b79716471da05b43ca0ad08320/types/3183b2fa-b657-4393-8458-f94105871a53/extra_specs/spec1 returned with HTTP 400
2023-10-30 18:06:36.994 20 INFO cinder.api.openstack.wsgi [None req-213423e3-a243-471c-9b7d-d24060b12eaa 35b3dee7d4ca4b88856a0cba9aea87b5 41b0d5b79716471da05b43ca0ad08320 - - default default] PUT http://[LB_IP_ADDRESS]:8776/v3/41b0d5b79716471da05b43ca0ad08320/types/3183b2fa-b657-4393-8458-f94105871a53/extra_specs/spec1
2023-10-30 18:06:36.998 20 INFO cinder.api.openstack.wsgi [None req-213423e3-a243-471c-9b7d-d24060b12eaa 35b3dee7d4ca4b88856a0cba9aea87b5 41b0d5b79716471da05b43ca0ad08320 - - default default] http://[LB_IP_ADDRESS]:8776/v3/41b0d5b79716471da05b43ca0ad08320/types/3183b2fa-b657-4393-8458-f94105871a53/extra_specs/spec1 returned with HTTP 400
2023-10-30 18:06:37.017 21 INFO cinder.api.openstack.wsgi [None req-ca6820ac-f4ef-455c-85bc-3a8cb2b648ea 35b3dee7d4ca4b88856a0cba9aea87b5 41b0d5b79716471da05b43ca0ad08320 - - default default] PUT http://[LB_IP_ADDRESS]:8776/v3/41b0d5b79716471da05b43ca0ad08320/types/3183b2fa-b657-4393-8458-f94105871a53/extra_specs/None
2023-10-30 18:06:37.036 21 INFO cinder.api.openstack.wsgi [None req-ca6820ac-f4ef-455c-85bc-3a8cb2b648ea 35b3dee7d4ca4b88856a0cba9aea87b5 41b0d5b79716471da05b43ca0ad08320 - - default default] HTTP exception thrown: Request body and URI mismatch
2023-10-30 18:06:37.036 21 INFO cinder.api.openstack.wsgi [None req-ca6820ac-f4ef-455c-85bc-3a8cb2b648ea 35b3dee7d4ca4b88856a0cba9aea87b5 41b0d5b79716471da05b43ca0ad08320 - - default default] http://[LB_IP_ADDRESS]:8776/v3/41b0d5b79716471da05b43ca0ad08320/types/3183b2fa-b657-4393-8458-f94105871a53/extra_specs/None returned with HTTP 400
2023-10-30 18:06:37.047 23 INFO cinder.api.openstack.wsgi [None req-5e6abb75-b19c-416e-9a2a-d71530c36f18 35b3dee7d4ca4b88856a0cba9aea87b5 41b0d5b79716471da05b43ca0ad08320 - - default default] PUT http://[LB_IP_ADDRESS]:8776/v3/41b0d5b79716471da05b43ca0ad08320/types/3183b2fa-b657-4393-8458-f94105871a53/extra_specs/521e73f0-b928-4717-82ec-7cba0df9150e
2023-10-30 18:06:37.072 23 INFO cinder.api.openstack.wsgi [None req-5e6abb75-b19c-416e-9a2a-d71530c36f18 35b3dee7d4ca4b88856a0cba9aea87b5 41b0d5b79716471da05b43ca0ad08320 - - default default] HTTP exception thrown: Request body and URI mismatch
2023-10-30 18:06:37.072 23 INFO cinder.api.openstack.wsgi [None req-5e6abb75-b19c-416e-9a2a-d71530c36f18 35b3dee7d4ca4b88856a0cba9aea87b5 41b0d5b79716471da05b43ca0ad08320 - - default default] http://[LB_IP_ADDRESS]:8776/v3/41b0d5b79716471da05b43ca0ad08320/types/3183b2fa-b657-4393-8458-f94105871a53/extra_specs/521e73f0-b928-4717-82ec-7cba0df9150e returned with HTTP 400
2023-10-30 18:06:37.090 22 INFO cinder.api.openstack.wsgi [None req-d6836634-4dc0-4bc1-a762-339aae349e7d 35b3dee7d4ca4b88856a0cba9aea87b5 41b0d5b79716471da05b43ca0ad08320 - - default default] PUT http://[LB_IP_ADDRESS]:8776/v3/41b0d5b79716471da05b43ca0ad08320/types/abca6487-618a-4575-aa09-acdcac36cd9c/extra_specs/spec1
2023-10-30 18:06:37.112 22 INFO cinder.api.openstack.wsgi [None req-d6836634-4dc0-4bc1-a762-339aae349e7d 35b3dee7d4ca4b88856a0cba9aea87b5 41b0d5b79716471da05b43ca0ad08320 - - default default] http://[LB_IP_ADDRESS]:8776/v3/41b0d5b79716471da05b43ca0ad08320/types/abca6487-618a-4575-aa09-acdcac36cd9c/extra_specs/spec1 returned with HTTP 404
2023-10-30 18:06:37.127 19 INFO cinder.api.openstack.wsgi [None req-b11e84fa-2139-45d3-a03a-825d2a1b747c 35b3dee7d4ca4b88856a0cba9aea87b5 41b0d5b79716471da05b43ca0ad08320 - - default default] DELETE http://[LB_IP_ADDRESS]:8776/v3/41b0d5b79716471da05b43ca0ad08320/types/3183b2fa-b657-4393-8458-f94105871a53
2023-10-30 18:06:37.162 19 INFO cinder.api.openstack.wsgi [None req-b11e84fa-2139-45d3-a03a-825d2a1b747c 35b3dee7d4ca4b88856a0cba9aea87b5 41b0d5b79716471da05b43ca0ad08320 - - default default] http://[LB_IP_ADDRESS]:8776/v3/41b0d5b79716471da05b43ca0ad08320/types/3183b2fa-b657-4393-8458-f94105871a53 returned with HTTP 202
2023-10-30 18:06:37.176 20 INFO cinder.api.openstack.wsgi [None req-c92441b5-b303-42c0-aa30-71b3c6bf0a2c 35b3dee7d4ca4b88856a0cba9aea87b5 41b0d5b79716471da05b43ca0ad08320 - - default default] GET http://[LB_IP_ADDRESS]:8776/v3/41b0d5b79716471da05b43ca0ad08320/types/3183b2fa-b657-4393-8458-f94105871a53
2023-10-30 18:06:37.182 20 INFO cinder.api.openstack.wsgi [None req-c92441b5-b303-42c0-aa30-71b3c6bf0a2c 35b3dee7d4ca4b88856a0cba9aea87b5 41b0d5b79716471da05b43ca0ad08320 - - default default] http://[LB_IP_ADDRESS]:8776/v3/41b0d5b79716471da05b43ca0ad08320/types/3183b2fa-b657-4393-8458-f94105871a53 returned with HTTP 404
2023-10-30 18:06:37.243 21 INFO cinder.api.openstack.wsgi [None req-4f5d96dd-0a78-4446-ba61-caa39e2a7d1e 7e368310711c424096beac382a24d586 102c830f01934cdabdf81775542cdde2 - - default default] GET http://[LB_IP_ADDRESS]:8776/v3/102c830f01934cdabdf81775542cdde2/snapshots/90e7d243-a71a-4d51-8353-86e60e6f4b28
2023-10-30 18:06:37.257 21 INFO cinder.volume.api [None req-4f5d96dd-0a78-4446-ba61-caa39e2a7d1e 7e368310711c424096beac382a24d586 102c830f01934cdabdf81775542cdde2 - - default default] Snapshot retrieved successfully.
2023-10-30 18:06:37.258 21 INFO cinder.api.openstack.wsgi [None req-4f5d96dd-0a78-4446-ba61-caa39e2a7d1e 7e368310711c424096beac382a24d586 102c830f01934cdabdf81775542cdde2 - - default default] http://[LB_IP_ADDRESS]:8776/v3/102c830f01934cdabdf81775542cdde2/snapshots/90e7d243-a71a-4d51-8353-86e60e6f4b28 returned with HTTP 200
2023-10-30 18:06:38.278 23 INFO cinder.api.openstack.wsgi [None req-d376fe81-1f50-4dca-b597-46073f754165 7e368310711c424096beac382a24d586 102c830f01934cdabdf81775542cdde2 - - default default] GET http://[LB_IP_ADDRESS]:8776/v3/102c830f01934cdabdf81775542cdde2/snapshots/90e7d243-a71a-4d51-8353-86e60e6f4b28
2023-10-30 18:06:38.291 23 INFO cinder.volume.api [None req-d376fe81-1f50-4dca-b597-46073f754165 7e368310711c424096beac382a24d586 102c830f01934cdabdf81775542cdde2 - - default default] Snapshot retrieved successfully.
2023-10-30 18:06:38.292 23 INFO cinder.api.openstack.wsgi [None req-d376fe81-1f50-4dca-b597-46073f754165 7e368310711c424096beac382a24d586 102c830f01934cdabdf81775542cdde2 - - default default] http://[LB_IP_ADDRESS]:8776/v3/102c830f01934cdabdf81775542cdde2/snapshots/90e7d243-a71a-4d51-8353-86e60e6f4b28 returned with HTTP 200
2023-10-30 18:06:38.310 22 INFO cinder.api.openstack.wsgi [None req-d1f277f5-4f5b-4022-bf5d-26a9e880bab5 7e368310711c424096beac382a24d586 102c830f01934cdabdf81775542cdde2 - - default default] POST http://[LB_IP_ADDRESS]:8776/v3/102c830f01934cdabdf81775542cdde2/snapshots
2023-10-30 18:06:38.328 22 INFO cinder.volume.api [None req-d1f277f5-4f5b-4022-bf5d-26a9e880bab5 7e368310711c424096beac382a24d586 102c830f01934cdabdf81775542cdde2 - - default default] Volume info retrieved successfully.
2023-10-30 18:06:38.329 22 INFO cinder.api.v3.snapshots [None req-d1f277f5-4f5b-4022-bf5d-26a9e880bab5 7e368310711c424096beac382a24d586 102c830f01934cdabdf81775542cdde2 - - default default] Create snapshot from volume 6b33debb-8024-4be2-b823-9632ea1f7c42
2023-10-30 18:06:38.399 22 INFO cinder.volume.api [None req-d1f277f5-4f5b-4022-bf5d-26a9e880bab5 7e368310711c424096beac382a24d586 102c830f01934cdabdf81775542cdde2 - - default default] Snapshot create request issued successfully.
2023-10-30 18:06:38.401 22 INFO cinder.api.openstack.wsgi [None req-d1f277f5-4f5b-4022-bf5d-26a9e880bab5 7e368310711c424096beac382a24d586 102c830f01934cdabdf81775542cdde2 - - default default] http://[LB_IP_ADDRESS]:8776/v3/102c830f01934cdabdf81775542cdde2/snapshots returned with HTTP 202
2023-10-30 18:06:38.414 19 INFO cinder.api.openstack.wsgi [None req-e9bd5a2c-459f-49ea-b3b8-37dc731f61fa 7e368310711c424096beac382a24d586 102c830f01934cdabdf81775542cdde2 - - default default] GET http://[LB_IP_ADDRESS]:8776/v3/102c830f01934cdabdf81775542cdde2/snapshots/1a586402-8473-433b-b4cc-2066854e9ea4
2023-10-30 18:06:38.430 19 INFO cinder.volume.api [None req-e9bd5a2c-459f-49ea-b3b8-37dc731f61fa 7e368310711c424096beac382a24d586 102c830f01934cdabdf81775542cdde2 - - default default] Snapshot retrieved successfully.
2023-10-30 18:06:38.433 19 INFO cinder.api.openstack.wsgi [None req-e9bd5a2c-459f-49ea-b3b8-37dc731f61fa 7e368310711c424096beac382a24d586 102c830f01934cdabdf81775542cdde2 - - default default] http://[LB_IP_ADDRESS]:8776/v3/102c830f01934cdabdf81775542cdde2/snapshots/1a586402-8473-433b-b4cc-2066854e9ea4 returned with HTTP 200
2023-10-30 18:06:39.452 20 INFO cinder.api.openstack.wsgi [None req-57c9f2c9-5084-429c-874f-65244d7d161b 7e368310711c424096beac382a24d586 102c830f01934cdabdf81775542cdde2 - - default default] GET http://[LB_IP_ADDRESS]:8776/v3/102c830f01934cdabdf81775542cdde2/snapshots/1a586402-8473-433b-b4cc-2066854e9ea4
2023-10-30 18:06:39.464 20 INFO cinder.volume.api [None req-57c9f2c9-5084-429c-874f-65244d7d161b 7e368310711c424096beac382a24d586 102c830f01934cdabdf81775542cdde2 - - default default] Snapshot retrieved successfully.
2023-10-30 18:06:39.465 20 INFO cinder.api.openstack.wsgi [None req-57c9f2c9-5084-429c-874f-65244d7d161b 7e368310711c424096beac382a24d586 102c830f01934cdabdf81775542cdde2 - - default default] http://[LB_IP_ADDRESS]:8776/v3/102c830f01934cdabdf81775542cdde2/snapshots/1a586402-8473-433b-b4cc-2066854e9ea4 returned with HTTP 200
2023-10-30 18:06:40.253 21 INFO cinder.api.openstack.wsgi [None req-cbfde960-f388-4df8-939b-2f468c47f4e7 be2fa1f3c95d44deac92d0b982b58866 e97b03c4c98c49aeada587969c76661e - - default default] POST http://[LB_IP_ADDRESS]:8776/v3/e97b03c4c98c49aeada587969c76661e/qos-specs
2023-10-30 18:06:40.275 21 INFO cinder.api.openstack.wsgi [None req-cbfde960-f388-4df8-939b-2f468c47f4e7 be2fa1f3c95d44deac92d0b982b58866 e97b03c4c98c49aeada587969c76661e - - default default] http://[LB_IP_ADDRESS]:8776/v3/e97b03c4c98c49aeada587969c76661e/qos-specs returned with HTTP 200
2023-10-30 18:06:40.292 23 INFO cinder.api.openstack.wsgi [None req-55edd9d3-0824-4a9c-bc82-6318c02e4b47 be2fa1f3c95d44deac92d0b982b58866 e97b03c4c98c49aeada587969c76661e - - default default] POST http://[LB_IP_ADDRESS]:8776/v3/e97b03c4c98c49aeada587969c76661e/types
2023-10-30 18:06:40.321 23 INFO cinder.api.openstack.wsgi [None req-55edd9d3-0824-4a9c-bc82-6318c02e4b47 be2fa1f3c95d44deac92d0b982b58866 e97b03c4c98c49aeada587969c76661e - - default default] http://[LB_IP_ADDRESS]:8776/v3/e97b03c4c98c49aeada587969c76661e/types returned with HTTP 200
2023-10-30 18:06:40.338 22 INFO cinder.api.openstack.wsgi [None req-25152dcf-8bca-4141-a1ec-eae204c0876a be2fa1f3c95d44deac92d0b982b58866 e97b03c4c98c49aeada587969c76661e - - default default] POST http://[LB_IP_ADDRESS]:8776/v3/e97b03c4c98c49aeada587969c76661e/types
2023-10-30 18:06:40.358 22 INFO cinder.api.openstack.wsgi [None req-25152dcf-8bca-4141-a1ec-eae204c0876a be2fa1f3c95d44deac92d0b982b58866 e97b03c4c98c49aeada587969c76661e - - default default] http://[LB_IP_ADDRESS]:8776/v3/e97b03c4c98c49aeada587969c76661e/types returned with HTTP 200
2023-10-30 18:06:40.374 19 INFO cinder.api.openstack.wsgi [None req-6c5cef74-6f7e-4877-a106-9b81dd970c9f be2fa1f3c95d44deac92d0b982b58866 e97b03c4c98c49aeada587969c76661e - - default default] POST http://[LB_IP_ADDRESS]:8776/v3/e97b03c4c98c49aeada587969c76661e/types
2023-10-30 18:06:40.401 19 INFO cinder.api.openstack.wsgi [None req-6c5cef74-6f7e-4877-a106-9b81dd970c9f be2fa1f3c95d44deac92d0b982b58866 e97b03c4c98c49aeada587969c76661e - - default default] http://[LB_IP_ADDRESS]:8776/v3/e97b03c4c98c49aeada587969c76661e/types returned with HTTP 200
2023-10-30 18:06:40.418 20 INFO cinder.api.openstack.wsgi [None req-f4919f63-6bfe-4f44-8442-7129ae2723c7 be2fa1f3c95d44deac92d0b982b58866 e97b03c4c98c49aeada587969c76661e - - default default] GET http://[LB_IP_ADDRESS]:8776/v3/e97b03c4c98c49aeada587969c76661e/qos-specs/675730d1-eebc-4c99-ac2c-5bc47cf0dc58/associate?vol_type_id=855ac6cb-8f5e-4000-a0a7-defd3c686e6e
2023-10-30 18:06:40.440 20 INFO cinder.api.openstack.wsgi [None req-f4919f63-6bfe-4f44-8442-7129ae2723c7 be2fa1f3c95d44deac92d0b982b58866 e97b03c4c98c49aeada587969c76661e - - default default] http://[LB_IP_ADDRESS]:8776/v3/e97b03c4c98c49aeada587969c76661e/qos-specs/675730d1-eebc-4c99-ac2c-5bc47cf0dc58/associate?vol_type_id=855ac6cb-8f5e-4000-a0a7-defd3c686e6e returned with HTTP 202
2023-10-30 18:06:40.456 21 INFO cinder.api.openstack.wsgi [None req-3a62ef85-5256-47fd-9dfb-db737d29c0e6 be2fa1f3c95d44deac92d0b982b58866 e97b03c4c98c49aeada587969c76661e - - default default] GET http://[LB_IP_ADDRESS]:8776/v3/e97b03c4c98c49aeada587969c76661e/qos-specs/675730d1-eebc-4c99-ac2c-5bc47cf0dc58/associate?vol_type_id=a18b8cc8-daa9-4df6-a545-592c416ec412
2023-10-30 18:06:40.480 23 INFO cinder.api.openstack.wsgi [None req-66f57d03-cc86-418c-afcc-6eaabcc9d89a 7e368310711c424096beac382a24d586 102c830f01934cdabdf81775542cdde2 - - default default] GET http://[LB_IP_ADDRESS]:8776/v3/102c830f01934cdabdf81775542cdde2/snapshots/1a586402-8473-433b-b4cc-2066854e9ea4
2023-10-30 18:06:40.480 21 INFO cinder.api.openstack.wsgi [None req-3a62ef85-5256-47fd-9dfb-db737d29c0e6 be2fa1f3c95d44deac92d0b982b58866 e97b03c4c98c49aeada587969c76661e - - default default] http://[LB_IP_ADDRESS]:8776/v3/e97b03c4c98c49aeada587969c76661e/qos-specs/675730d1-eebc-4c99-ac2c-5bc47cf0dc58/associate?vol_type_id=a18b8cc8-daa9-4df6-a545-592c416ec412 returned with HTTP 202
2023-10-30 18:06:40.489 23 INFO cinder.volume.api [None req-66f57d03-cc86-418c-afcc-6eaabcc9d89a 7e368310711c424096beac382a24d586 102c830f01934cdabdf81775542cdde2 - - default default] Snapshot retrieved successfully.
2023-10-30 18:06:40.490 23 INFO cinder.api.openstack.wsgi [None req-66f57d03-cc86-418c-afcc-6eaabcc9d89a 7e368310711c424096beac382a24d586 102c830f01934cdabdf81775542cdde2 - - default default] http://[LB_IP_ADDRESS]:8776/v3/102c830f01934cdabdf81775542cdde2/snapshots/1a586402-8473-433b-b4cc-2066854e9ea4 returned with HTTP 200
2023-10-30 18:06:40.498 22 INFO cinder.api.openstack.wsgi [None req-7f33198b-4c96-4203-b2d4-09da75e884d1 be2fa1f3c95d44deac92d0b982b58866 e97b03c4c98c49aeada587969c76661e - - default default] GET http://[LB_IP_ADDRESS]:8776/v3/e97b03c4c98c49aeada587969c76661e/qos-specs/675730d1-eebc-4c99-ac2c-5bc47cf0dc58/associate?vol_type_id=de3f0f25-2c87-48cf-a867-a2b43a88b6a8
2023-10-30 18:06:40.503 19 INFO cinder.api.openstack.wsgi [None req-4b264f18-6d46-4263-b4db-7a62a59b196d 7e368310711c424096beac382a24d586 102c830f01934cdabdf81775542cdde2 - - default default] DELETE http://[LB_IP_ADDRESS]:8776/v3/102c830f01934cdabdf81775542cdde2/volumes/6b33debb-8024-4be2-b823-9632ea1f7c42?cascade=True
2023-10-30 18:06:40.504 19 INFO cinder.api.v3.volumes [None req-4b264f18-6d46-4263-b4db-7a62a59b196d 7e368310711c424096beac382a24d586 102c830f01934cdabdf81775542cdde2 - - default default] Delete volume with id: 6b33debb-8024-4be2-b823-9632ea1f7c42 
2023-10-30 18:06:40.517 22 INFO cinder.api.openstack.wsgi [None req-7f33198b-4c96-4203-b2d4-09da75e884d1 be2fa1f3c95d44deac92d0b982b58866 e97b03c4c98c49aeada587969c76661e - - default default] http://[LB_IP_ADDRESS]:8776/v3/e97b03c4c98c49aeada587969c76661e/qos-specs/675730d1-eebc-4c99-ac2c-5bc47cf0dc58/associate?vol_type_id=de3f0f25-2c87-48cf-a867-a2b43a88b6a8 returned with HTTP 202
2023-10-30 18:06:40.518 19 INFO cinder.volume.api [None req-4b264f18-6d46-4263-b4db-7a62a59b196d 7e368310711c424096beac382a24d586 102c830f01934cdabdf81775542cdde2 - - default default] Volume info retrieved successfully.
2023-10-30 18:06:40.534 20 INFO cinder.api.openstack.wsgi [None req-edc28ccb-92b8-4646-9e98-c3e49163258c be2fa1f3c95d44deac92d0b982b58866 e97b03c4c98c49aeada587969c76661e - - default default] GET http://[LB_IP_ADDRESS]:8776/v3/e97b03c4c98c49aeada587969c76661e/qos-specs/675730d1-eebc-4c99-ac2c-5bc47cf0dc58/associations
2023-10-30 18:06:40.556 19 INFO cinder.volume.api [None req-4b264f18-6d46-4263-b4db-7a62a59b196d 7e368310711c424096beac382a24d586 102c830f01934cdabdf81775542cdde2 - - default default] Delete volume request issued successfully.
2023-10-30 18:06:40.557 19 INFO cinder.api.openstack.wsgi [None req-4b264f18-6d46-4263-b4db-7a62a59b196d 7e368310711c424096beac382a24d586 102c830f01934cdabdf81775542cdde2 - - default default] http://[LB_IP_ADDRESS]:8776/v3/102c830f01934cdabdf81775542cdde2/volumes/6b33debb-8024-4be2-b823-9632ea1f7c42?cascade=True returned with HTTP 202
2023-10-30 18:06:40.557 20 INFO cinder.api.openstack.wsgi [None req-edc28ccb-92b8-4646-9e98-c3e49163258c be2fa1f3c95d44deac92d0b982b58866 e97b03c4c98c49aeada587969c76661e - - default default] http://[LB_IP_ADDRESS]:8776/v3/e97b03c4c98c49aeada587969c76661e/qos-specs/675730d1-eebc-4c99-ac2c-5bc47cf0dc58/associations returned with HTTP 200
2023-10-30 18:06:40.580 23 INFO cinder.api.openstack.wsgi [None req-ea204319-1005-4a36-bc5a-cfa75a325d95 7e368310711c424096beac382a24d586 102c830f01934cdabdf81775542cdde2 - - default default] GET http://[LB_IP_ADDRESS]:8776/v3/102c830f01934cdabdf81775542cdde2/volumes/6b33debb-8024-4be2-b823-9632ea1f7c42
2023-10-30 18:06:40.582 21 INFO cinder.api.openstack.wsgi [None req-d936131e-8984-4982-9f5c-0470c36e0e3a be2fa1f3c95d44deac92d0b982b58866 e97b03c4c98c49aeada587969c76661e - - default default] GET http://[LB_IP_ADDRESS]:8776/v3/e97b03c4c98c49aeada587969c76661e/qos-specs/675730d1-eebc-4c99-ac2c-5bc47cf0dc58/disassociate?vol_type_id=855ac6cb-8f5e-4000-a0a7-defd3c686e6e
2023-10-30 18:06:40.601 23 INFO cinder.volume.api [None req-ea204319-1005-4a36-bc5a-cfa75a325d95 7e368310711c424096beac382a24d586 102c830f01934cdabdf81775542cdde2 - - default default] Volume info retrieved successfully.
2023-10-30 18:06:40.602 21 INFO cinder.api.openstack.wsgi [None req-d936131e-8984-4982-9f5c-0470c36e0e3a be2fa1f3c95d44deac92d0b982b58866 e97b03c4c98c49aeada587969c76661e - - default default] http://[LB_IP_ADDRESS]:8776/v3/e97b03c4c98c49aeada587969c76661e/qos-specs/675730d1-eebc-4c99-ac2c-5bc47cf0dc58/disassociate?vol_type_id=855ac6cb-8f5e-4000-a0a7-defd3c686e6e returned with HTTP 202
2023-10-30 18:06:40.606 23 INFO cinder.api.openstack.wsgi [None req-ea204319-1005-4a36-bc5a-cfa75a325d95 7e368310711c424096beac382a24d586 102c830f01934cdabdf81775542cdde2 - - default default] http://[LB_IP_ADDRESS]:8776/v3/102c830f01934cdabdf81775542cdde2/volumes/6b33debb-8024-4be2-b823-9632ea1f7c42 returned with HTTP 200
2023-10-30 18:06:40.619 22 INFO cinder.api.openstack.wsgi [None req-4f3a18d5-34d3-4acd-8723-ffb958f8d9c2 be2fa1f3c95d44deac92d0b982b58866 e97b03c4c98c49aeada587969c76661e - - default default] GET http://[LB_IP_ADDRESS]:8776/v3/e97b03c4c98c49aeada587969c76661e/qos-specs/675730d1-eebc-4c99-ac2c-5bc47cf0dc58/associations
2023-10-30 18:06:40.631 22 INFO cinder.api.openstack.wsgi [None req-4f3a18d5-34d3-4acd-8723-ffb958f8d9c2 be2fa1f3c95d44deac92d0b982b58866 e97b03c4c98c49aeada587969c76661e - - default default] http://[LB_IP_ADDRESS]:8776/v3/e97b03c4c98c49aeada587969c76661e/qos-specs/675730d1-eebc-4c99-ac2c-5bc47cf0dc58/associations returned with HTTP 200
2023-10-30 18:06:40.649 19 INFO cinder.api.openstack.wsgi [None req-61069387-b22c-437e-9f3c-58e422820662 be2fa1f3c95d44deac92d0b982b58866 e97b03c4c98c49aeada587969c76661e - - default default] GET http://[LB_IP_ADDRESS]:8776/v3/e97b03c4c98c49aeada587969c76661e/qos-specs/675730d1-eebc-4c99-ac2c-5bc47cf0dc58/disassociate_all
2023-10-30 18:06:40.663 19 INFO cinder.api.openstack.wsgi [None req-61069387-b22c-437e-9f3c-58e422820662 be2fa1f3c95d44deac92d0b982b58866 e97b03c4c98c49aeada587969c76661e - - default default] http://[LB_IP_ADDRESS]:8776/v3/e97b03c4c98c49aeada587969c76661e/qos-specs/675730d1-eebc-4c99-ac2c-5bc47cf0dc58/disassociate_all returned with HTTP 202
2023-10-30 18:06:40.681 20 INFO cinder.api.openstack.wsgi [None req-249aad4b-a2dc-4d98-8666-1f965e66f8f3 be2fa1f3c95d44deac92d0b982b58866 e97b03c4c98c49aeada587969c76661e - - default default] GET http://[LB_IP_ADDRESS]:8776/v3/e97b03c4c98c49aeada587969c76661e/qos-specs/675730d1-eebc-4c99-ac2c-5bc47cf0dc58/associations
2023-10-30 18:06:40.696 20 INFO cinder.api.openstack.wsgi [None req-249aad4b-a2dc-4d98-8666-1f965e66f8f3 be2fa1f3c95d44deac92d0b982b58866 e97b03c4c98c49aeada587969c76661e - - default default] http://[LB_IP_ADDRESS]:8776/v3/e97b03c4c98c49aeada587969c76661e/qos-specs/675730d1-eebc-4c99-ac2c-5bc47cf0dc58/associations returned with HTTP 200
2023-10-30 18:06:40.716 21 INFO cinder.api.openstack.wsgi [None req-4b18036e-3867-46a2-9331-ec2153e32900 be2fa1f3c95d44deac92d0b982b58866 e97b03c4c98c49aeada587969c76661e - - default default] POST http://[LB_IP_ADDRESS]:8776/v3/e97b03c4c98c49aeada587969c76661e/qos-specs
2023-10-30 18:06:40.730 21 INFO cinder.api.openstack.wsgi [None req-4b18036e-3867-46a2-9331-ec2153e32900 be2fa1f3c95d44deac92d0b982b58866 e97b03c4c98c49aeada587969c76661e - - default default] http://[LB_IP_ADDRESS]:8776/v3/e97b03c4c98c49aeada587969c76661e/qos-specs returned with HTTP 200
2023-10-30 18:06:40.748 23 INFO cinder.api.openstack.wsgi [None req-7597111f-1caa-4337-acd2-4d636e454977 be2fa1f3c95d44deac92d0b982b58866 e97b03c4c98c49aeada587969c76661e - - default default] DELETE http://[LB_IP_ADDRESS]:8776/v3/e97b03c4c98c49aeada587969c76661e/qos-specs/9d9366ce-b8a6-4968-a77b-b71bfab20c2e?force=False
2023-10-30 18:06:40.768 23 INFO cinder.api.openstack.wsgi [None req-7597111f-1caa-4337-acd2-4d636e454977 be2fa1f3c95d44deac92d0b982b58866 e97b03c4c98c49aeada587969c76661e - - default default] http://[LB_IP_ADDRESS]:8776/v3/e97b03c4c98c49aeada587969c76661e/qos-specs/9d9366ce-b8a6-4968-a77b-b71bfab20c2e?force=False returned with HTTP 202
2023-10-30 18:06:40.784 22 INFO cinder.api.openstack.wsgi [None req-b364306d-7c87-458e-8014-e56206c68d5b be2fa1f3c95d44deac92d0b982b58866 e97b03c4c98c49aeada587969c76661e - - default default] GET http://[LB_IP_ADDRESS]:8776/v3/e97b03c4c98c49aeada587969c76661e/qos-specs/9d9366ce-b8a6-4968-a77b-b71bfab20c2e
2023-10-30 18:06:40.791 22 INFO cinder.api.openstack.wsgi [None req-b364306d-7c87-458e-8014-e56206c68d5b be2fa1f3c95d44deac92d0b982b58866 e97b03c4c98c49aeada587969c76661e - - default default] http://[LB_IP_ADDRESS]:8776/v3/e97b03c4c98c49aeada587969c76661e/qos-specs/9d9366ce-b8a6-4968-a77b-b71bfab20c2e returned with HTTP 404
2023-10-30 18:06:40.806 19 INFO cinder.api.openstack.wsgi [None req-27c26c36-7e31-4bb3-9773-7d6698b6592b be2fa1f3c95d44deac92d0b982b58866 e97b03c4c98c49aeada587969c76661e - - default default] GET http://[LB_IP_ADDRESS]:8776/v3/e97b03c4c98c49aeada587969c76661e/qos-specs
2023-10-30 18:06:40.814 19 INFO cinder.api.openstack.wsgi [None req-27c26c36-7e31-4bb3-9773-7d6698b6592b be2fa1f3c95d44deac92d0b982b58866 e97b03c4c98c49aeada587969c76661e - - default default] http://[LB_IP_ADDRESS]:8776/v3/e97b03c4c98c49aeada587969c76661e/qos-specs returned with HTTP 200
2023-10-30 18:06:40.832 20 INFO cinder.api.openstack.wsgi [None req-7776ecf6-27e2-41e3-ab93-2bf327c76dc4 be2fa1f3c95d44deac92d0b982b58866 e97b03c4c98c49aeada587969c76661e - - default default] POST http://[LB_IP_ADDRESS]:8776/v3/e97b03c4c98c49aeada587969c76661e/qos-specs
2023-10-30 18:06:40.850 20 INFO cinder.api.openstack.wsgi [None req-7776ecf6-27e2-41e3-ab93-2bf327c76dc4 be2fa1f3c95d44deac92d0b982b58866 e97b03c4c98c49aeada587969c76661e - - default default] http://[LB_IP_ADDRESS]:8776/v3/e97b03c4c98c49aeada587969c76661e/qos-specs returned with HTTP 200
2023-10-30 18:06:40.866 23 INFO cinder.api.openstack.wsgi [None req-b143dc58-602c-47f9-8b42-38f462cb8198 be2fa1f3c95d44deac92d0b982b58866 e97b03c4c98c49aeada587969c76661e - - default default] DELETE http://[LB_IP_ADDRESS]:8776/v3/e97b03c4c98c49aeada587969c76661e/qos-specs/e212b2bb-a6fd-4b4b-93dc-1806b63f0b2b?force=False
2023-10-30 18:06:40.883 23 INFO cinder.api.openstack.wsgi [None req-b143dc58-602c-47f9-8b42-38f462cb8198 be2fa1f3c95d44deac92d0b982b58866 e97b03c4c98c49aeada587969c76661e - - default default] http://[LB_IP_ADDRESS]:8776/v3/e97b03c4c98c49aeada587969c76661e/qos-specs/e212b2bb-a6fd-4b4b-93dc-1806b63f0b2b?force=False returned with HTTP 202
2023-10-30 18:06:40.899 22 INFO cinder.api.openstack.wsgi [None req-4940a0bd-4499-4fc5-ab55-9d61964a12c8 be2fa1f3c95d44deac92d0b982b58866 e97b03c4c98c49aeada587969c76661e - - default default] GET http://[LB_IP_ADDRESS]:8776/v3/e97b03c4c98c49aeada587969c76661e/qos-specs/e212b2bb-a6fd-4b4b-93dc-1806b63f0b2b
2023-10-30 18:06:40.905 22 INFO cinder.api.openstack.wsgi [None req-4940a0bd-4499-4fc5-ab55-9d61964a12c8 be2fa1f3c95d44deac92d0b982b58866 e97b03c4c98c49aeada587969c76661e - - default default] http://[LB_IP_ADDRESS]:8776/v3/e97b03c4c98c49aeada587969c76661e/qos-specs/e212b2bb-a6fd-4b4b-93dc-1806b63f0b2b returned with HTTP 404
2023-10-30 18:06:40.917 19 INFO cinder.api.openstack.wsgi [None req-33500a69-b598-4868-8567-f9f3816dc383 be2fa1f3c95d44deac92d0b982b58866 e97b03c4c98c49aeada587969c76661e - - default default] GET http://[LB_IP_ADDRESS]:8776/v3/e97b03c4c98c49aeada587969c76661e/qos-specs
2023-10-30 18:06:40.924 19 INFO cinder.api.openstack.wsgi [None req-33500a69-b598-4868-8567-f9f3816dc383 be2fa1f3c95d44deac92d0b982b58866 e97b03c4c98c49aeada587969c76661e - - default default] http://[LB_IP_ADDRESS]:8776/v3/e97b03c4c98c49aeada587969c76661e/qos-specs returned with HTTP 200
2023-10-30 18:06:40.944 20 INFO cinder.api.openstack.wsgi [None req-7532d67e-e4e1-4415-9c53-ed4ebdd2d1d4 be2fa1f3c95d44deac92d0b982b58866 e97b03c4c98c49aeada587969c76661e - - default default] POST http://[LB_IP_ADDRESS]:8776/v3/e97b03c4c98c49aeada587969c76661e/qos-specs
2023-10-30 18:06:40.962 20 INFO cinder.api.openstack.wsgi [None req-7532d67e-e4e1-4415-9c53-ed4ebdd2d1d4 be2fa1f3c95d44deac92d0b982b58866 e97b03c4c98c49aeada587969c76661e - - default default] http://[LB_IP_ADDRESS]:8776/v3/e97b03c4c98c49aeada587969c76661e/qos-specs returned with HTTP 200
2023-10-30 18:06:40.977 23 INFO cinder.api.openstack.wsgi [None req-17fa3d3d-b712-43f0-8502-a054e8b92d09 be2fa1f3c95d44deac92d0b982b58866 e97b03c4c98c49aeada587969c76661e - - default default] DELETE http://[LB_IP_ADDRESS]:8776/v3/e97b03c4c98c49aeada587969c76661e/qos-specs/92cd02a3-8b69-4a81-8c21-ebe0eb169f84?force=False
2023-10-30 18:06:40.986 21 INFO cinder.api.openstack.wsgi [None req-817de961-5f7b-4e72-8dba-8a5035f6623d 6d6cfe0fcd0b42f29e64091f76228f0d 59fc00a933c04e8f994eab22caa0b0e4 - - default default] GET http://[LB_IP_ADDRESS]:8776/v3/59fc00a933c04e8f994eab22caa0b0e4/volumes
2023-10-30 18:06:40.994 23 INFO cinder.api.openstack.wsgi [None req-17fa3d3d-b712-43f0-8502-a054e8b92d09 be2fa1f3c95d44deac92d0b982b58866 e97b03c4c98c49aeada587969c76661e - - default default] http://[LB_IP_ADDRESS]:8776/v3/e97b03c4c98c49aeada587969c76661e/qos-specs/92cd02a3-8b69-4a81-8c21-ebe0eb169f84?force=False returned with HTTP 202
2023-10-30 18:06:41.002 21 INFO cinder.volume.api [None req-817de961-5f7b-4e72-8dba-8a5035f6623d 6d6cfe0fcd0b42f29e64091f76228f0d 59fc00a933c04e8f994eab22caa0b0e4 - - default default] Get all volumes completed successfully.
2023-10-30 18:06:41.003 21 INFO cinder.api.openstack.wsgi [None req-817de961-5f7b-4e72-8dba-8a5035f6623d 6d6cfe0fcd0b42f29e64091f76228f0d 59fc00a933c04e8f994eab22caa0b0e4 - - default default] http://[LB_IP_ADDRESS]:8776/v3/59fc00a933c04e8f994eab22caa0b0e4/volumes returned with HTTP 200
2023-10-30 18:06:41.010 22 INFO cinder.api.openstack.wsgi [None req-064ffc55-329e-459d-8876-facb0122506d be2fa1f3c95d44deac92d0b982b58866 e97b03c4c98c49aeada587969c76661e - - default default] GET http://[LB_IP_ADDRESS]:8776/v3/e97b03c4c98c49aeada587969c76661e/qos-specs/92cd02a3-8b69-4a81-8c21-ebe0eb169f84
2023-10-30 18:06:41.017 19 INFO cinder.api.openstack.wsgi [None req-d3d5f77e-7a7a-48d1-bcf2-71cd3e264533 6d6cfe0fcd0b42f29e64091f76228f0d 59fc00a933c04e8f994eab22caa0b0e4 - - default default] POST http://[LB_IP_ADDRESS]:8776/v3/59fc00a933c04e8f994eab22caa0b0e4/volumes
2023-10-30 18:06:41.017 22 INFO cinder.api.openstack.wsgi [None req-064ffc55-329e-459d-8876-facb0122506d be2fa1f3c95d44deac92d0b982b58866 e97b03c4c98c49aeada587969c76661e - - default default] http://[LB_IP_ADDRESS]:8776/v3/e97b03c4c98c49aeada587969c76661e/qos-specs/92cd02a3-8b69-4a81-8c21-ebe0eb169f84 returned with HTTP 404
2023-10-30 18:06:41.020 19 INFO cinder.api.v3.volumes [None req-d3d5f77e-7a7a-48d1-bcf2-71cd3e264533 6d6cfe0fcd0b42f29e64091f76228f0d 59fc00a933c04e8f994eab22caa0b0e4 - - default default] Create volume of 1 GB
2023-10-30 18:06:41.026 19 INFO cinder.volume.api [None req-d3d5f77e-7a7a-48d1-bcf2-71cd3e264533 6d6cfe0fcd0b42f29e64091f76228f0d 59fc00a933c04e8f994eab22caa0b0e4 - - default default] Availability Zones retrieved successfully.
2023-10-30 18:06:41.031 20 INFO cinder.api.openstack.wsgi [None req-54ed765e-b5ec-4dd0-8621-2f5cf9786a37 be2fa1f3c95d44deac92d0b982b58866 e97b03c4c98c49aeada587969c76661e - - default default] GET http://[LB_IP_ADDRESS]:8776/v3/e97b03c4c98c49aeada587969c76661e/qos-specs
2023-10-30 18:06:41.045 20 INFO cinder.api.openstack.wsgi [None req-54ed765e-b5ec-4dd0-8621-2f5cf9786a37 be2fa1f3c95d44deac92d0b982b58866 e97b03c4c98c49aeada587969c76661e - - default default] http://[LB_IP_ADDRESS]:8776/v3/e97b03c4c98c49aeada587969c76661e/qos-specs returned with HTTP 200
2023-10-30 18:06:41.063 23 INFO cinder.api.openstack.wsgi [None req-b48a341d-2f59-4d9a-bd11-ac22b0e45705 be2fa1f3c95d44deac92d0b982b58866 e97b03c4c98c49aeada587969c76661e - - default default] GET http://[LB_IP_ADDRESS]:8776/v3/e97b03c4c98c49aeada587969c76661e/qos-specs/675730d1-eebc-4c99-ac2c-5bc47cf0dc58
2023-10-30 18:06:41.071 23 INFO cinder.api.openstack.wsgi [None req-b48a341d-2f59-4d9a-bd11-ac22b0e45705 be2fa1f3c95d44deac92d0b982b58866 e97b03c4c98c49aeada587969c76661e - - default default] http://[LB_IP_ADDRESS]:8776/v3/e97b03c4c98c49aeada587969c76661e/qos-specs/675730d1-eebc-4c99-ac2c-5bc47cf0dc58 returned with HTTP 200
2023-10-30 18:06:41.091 21 INFO cinder.api.openstack.wsgi [None req-6f868ead-3483-4ea0-a8bc-0dbc7aedc8b8 be2fa1f3c95d44deac92d0b982b58866 e97b03c4c98c49aeada587969c76661e - - default default] GET http://[LB_IP_ADDRESS]:8776/v3/e97b03c4c98c49aeada587969c76661e/qos-specs
2023-10-30 18:06:41.099 21 INFO cinder.api.openstack.wsgi [None req-6f868ead-3483-4ea0-a8bc-0dbc7aedc8b8 be2fa1f3c95d44deac92d0b982b58866 e97b03c4c98c49aeada587969c76661e - - default default] http://[LB_IP_ADDRESS]:8776/v3/e97b03c4c98c49aeada587969c76661e/qos-specs returned with HTTP 200
2023-10-30 18:06:41.112 22 INFO cinder.api.openstack.wsgi [None req-36dfc3cb-6702-4e21-883a-7baacc6084e6 be2fa1f3c95d44deac92d0b982b58866 e97b03c4c98c49aeada587969c76661e - - default default] PUT http://[LB_IP_ADDRESS]:8776/v3/e97b03c4c98c49aeada587969c76661e/qos-specs/675730d1-eebc-4c99-ac2c-5bc47cf0dc58
2023-10-30 18:06:41.132 22 INFO cinder.api.openstack.wsgi [None req-36dfc3cb-6702-4e21-883a-7baacc6084e6 be2fa1f3c95d44deac92d0b982b58866 e97b03c4c98c49aeada587969c76661e - - default default] http://[LB_IP_ADDRESS]:8776/v3/e97b03c4c98c49aeada587969c76661e/qos-specs/675730d1-eebc-4c99-ac2c-5bc47cf0dc58 returned with HTTP 200
2023-10-30 18:06:41.151 20 INFO cinder.api.openstack.wsgi [None req-5c8e09fc-d646-43e7-b351-f77d85d0a13a be2fa1f3c95d44deac92d0b982b58866 e97b03c4c98c49aeada587969c76661e - - default default] GET http://[LB_IP_ADDRESS]:8776/v3/e97b03c4c98c49aeada587969c76661e/qos-specs/675730d1-eebc-4c99-ac2c-5bc47cf0dc58
2023-10-30 18:06:41.162 20 INFO cinder.api.openstack.wsgi [None req-5c8e09fc-d646-43e7-b351-f77d85d0a13a be2fa1f3c95d44deac92d0b982b58866 e97b03c4c98c49aeada587969c76661e - - default default] http://[LB_IP_ADDRESS]:8776/v3/e97b03c4c98c49aeada587969c76661e/qos-specs/675730d1-eebc-4c99-ac2c-5bc47cf0dc58 returned with HTTP 200
2023-10-30 18:06:41.165 19 INFO cinder.volume.api [None req-d3d5f77e-7a7a-48d1-bcf2-71cd3e264533 6d6cfe0fcd0b42f29e64091f76228f0d 59fc00a933c04e8f994eab22caa0b0e4 - - default default] Create volume request issued successfully.
2023-10-30 18:06:41.167 19 INFO cinder.api.openstack.wsgi [None req-d3d5f77e-7a7a-48d1-bcf2-71cd3e264533 6d6cfe0fcd0b42f29e64091f76228f0d 59fc00a933c04e8f994eab22caa0b0e4 - - default default] http://[LB_IP_ADDRESS]:8776/v3/59fc00a933c04e8f994eab22caa0b0e4/volumes returned with HTTP 202
2023-10-30 18:06:41.180 23 INFO cinder.api.openstack.wsgi [None req-de8025dc-4ae0-4308-8a69-c75788bb82a1 be2fa1f3c95d44deac92d0b982b58866 e97b03c4c98c49aeada587969c76661e - - default default] PUT http://[LB_IP_ADDRESS]:8776/v3/e97b03c4c98c49aeada587969c76661e/qos-specs/675730d1-eebc-4c99-ac2c-5bc47cf0dc58/delete_keys
2023-10-30 18:06:41.190 21 INFO cinder.api.openstack.wsgi [None req-7b262a62-7f42-48cb-ab5e-ad2bbc01f047 6d6cfe0fcd0b42f29e64091f76228f0d 59fc00a933c04e8f994eab22caa0b0e4 - - default default] GET http://[LB_IP_ADDRESS]:8776/v3/59fc00a933c04e8f994eab22caa0b0e4/volumes/950d9f79-8507-4a19-bc04-954ae6943c68
2023-10-30 18:06:41.198 23 INFO cinder.api.openstack.wsgi [None req-de8025dc-4ae0-4308-8a69-c75788bb82a1 be2fa1f3c95d44deac92d0b982b58866 e97b03c4c98c49aeada587969c76661e - - default default] http://[LB_IP_ADDRESS]:8776/v3/e97b03c4c98c49aeada587969c76661e/qos-specs/675730d1-eebc-4c99-ac2c-5bc47cf0dc58/delete_keys returned with HTTP 202
2023-10-30 18:06:41.210 21 INFO cinder.volume.api [None req-7b262a62-7f42-48cb-ab5e-ad2bbc01f047 6d6cfe0fcd0b42f29e64091f76228f0d 59fc00a933c04e8f994eab22caa0b0e4 - - default default] Volume info retrieved successfully.
2023-10-30 18:06:41.214 22 INFO cinder.api.openstack.wsgi [None req-1ebd71b0-fb4b-410e-ae8d-6e1ba94a4609 be2fa1f3c95d44deac92d0b982b58866 e97b03c4c98c49aeada587969c76661e - - default default] GET http://[LB_IP_ADDRESS]:8776/v3/e97b03c4c98c49aeada587969c76661e/qos-specs/675730d1-eebc-4c99-ac2c-5bc47cf0dc58
2023-10-30 18:06:41.216 21 INFO cinder.api.openstack.wsgi [None req-7b262a62-7f42-48cb-ab5e-ad2bbc01f047 6d6cfe0fcd0b42f29e64091f76228f0d 59fc00a933c04e8f994eab22caa0b0e4 - - default default] http://[LB_IP_ADDRESS]:8776/v3/59fc00a933c04e8f994eab22caa0b0e4/volumes/950d9f79-8507-4a19-bc04-954ae6943c68 returned with HTTP 200
2023-10-30 18:06:41.221 22 INFO cinder.api.openstack.wsgi [None req-1ebd71b0-fb4b-410e-ae8d-6e1ba94a4609 be2fa1f3c95d44deac92d0b982b58866 e97b03c4c98c49aeada587969c76661e - - default default] http://[LB_IP_ADDRESS]:8776/v3/e97b03c4c98c49aeada587969c76661e/qos-specs/675730d1-eebc-4c99-ac2c-5bc47cf0dc58 returned with HTTP 200
2023-10-30 18:06:41.241 20 INFO cinder.api.openstack.wsgi [None req-3b9bbb20-30ae-40bf-9d8e-177dbace57ae be2fa1f3c95d44deac92d0b982b58866 e97b03c4c98c49aeada587969c76661e - - default default] GET http://[LB_IP_ADDRESS]:8776/v3/e97b03c4c98c49aeada587969c76661e/qos-specs/675730d1-eebc-4c99-ac2c-5bc47cf0dc58
2023-10-30 18:06:41.251 20 INFO cinder.api.openstack.wsgi [None req-3b9bbb20-30ae-40bf-9d8e-177dbace57ae be2fa1f3c95d44deac92d0b982b58866 e97b03c4c98c49aeada587969c76661e - - default default] http://[LB_IP_ADDRESS]:8776/v3/e97b03c4c98c49aeada587969c76661e/qos-specs/675730d1-eebc-4c99-ac2c-5bc47cf0dc58 returned with HTTP 200
2023-10-30 18:06:41.266 19 INFO cinder.api.openstack.wsgi [None req-03832156-882b-48b2-ae0f-78c2dc57a761 be2fa1f3c95d44deac92d0b982b58866 e97b03c4c98c49aeada587969c76661e - - default default] DELETE http://[LB_IP_ADDRESS]:8776/v3/e97b03c4c98c49aeada587969c76661e/qos-specs/92cd02a3-8b69-4a81-8c21-ebe0eb169f84?force=False
2023-10-30 18:06:41.271 19 INFO cinder.api.openstack.wsgi [None req-03832156-882b-48b2-ae0f-78c2dc57a761 be2fa1f3c95d44deac92d0b982b58866 e97b03c4c98c49aeada587969c76661e - - default default] http://[LB_IP_ADDRESS]:8776/v3/e97b03c4c98c49aeada587969c76661e/qos-specs/92cd02a3-8b69-4a81-8c21-ebe0eb169f84?force=False returned with HTTP 404
2023-10-30 18:06:41.281 23 INFO cinder.api.openstack.wsgi [None req-cd6de1fc-5d9b-438b-affa-72370b79c4cd be2fa1f3c95d44deac92d0b982b58866 e97b03c4c98c49aeada587969c76661e - - default default] GET http://[LB_IP_ADDRESS]:8776/v3/e97b03c4c98c49aeada587969c76661e/qos-specs/92cd02a3-8b69-4a81-8c21-ebe0eb169f84
2023-10-30 18:06:41.286 23 INFO cinder.api.openstack.wsgi [None req-cd6de1fc-5d9b-438b-affa-72370b79c4cd be2fa1f3c95d44deac92d0b982b58866 e97b03c4c98c49aeada587969c76661e - - default default] http://[LB_IP_ADDRESS]:8776/v3/e97b03c4c98c49aeada587969c76661e/qos-specs/92cd02a3-8b69-4a81-8c21-ebe0eb169f84 returned with HTTP 404
2023-10-30 18:06:41.303 21 INFO cinder.api.openstack.wsgi [None req-309205ad-d199-4c63-9e9d-9a1874602d51 be2fa1f3c95d44deac92d0b982b58866 e97b03c4c98c49aeada587969c76661e - - default default] DELETE http://[LB_IP_ADDRESS]:8776/v3/e97b03c4c98c49aeada587969c76661e/qos-specs/e212b2bb-a6fd-4b4b-93dc-1806b63f0b2b?force=False
2023-10-30 18:06:41.308 21 INFO cinder.api.openstack.wsgi [None req-309205ad-d199-4c63-9e9d-9a1874602d51 be2fa1f3c95d44deac92d0b982b58866 e97b03c4c98c49aeada587969c76661e - - default default] http://[LB_IP_ADDRESS]:8776/v3/e97b03c4c98c49aeada587969c76661e/qos-specs/e212b2bb-a6fd-4b4b-93dc-1806b63f0b2b?force=False returned with HTTP 404
2023-10-30 18:06:41.324 22 INFO cinder.api.openstack.wsgi [None req-b53a3f42-385b-440d-b886-858341de17bb be2fa1f3c95d44deac92d0b982b58866 e97b03c4c98c49aeada587969c76661e - - default default] GET http://[LB_IP_ADDRESS]:8776/v3/e97b03c4c98c49aeada587969c76661e/qos-specs/e212b2bb-a6fd-4b4b-93dc-1806b63f0b2b
2023-10-30 18:06:41.332 22 INFO cinder.api.openstack.wsgi [None req-b53a3f42-385b-440d-b886-858341de17bb be2fa1f3c95d44deac92d0b982b58866 e97b03c4c98c49aeada587969c76661e - - default default] http://[LB_IP_ADDRESS]:8776/v3/e97b03c4c98c49aeada587969c76661e/qos-specs/e212b2bb-a6fd-4b4b-93dc-1806b63f0b2b returned with HTTP 404
2023-10-30 18:06:41.347 20 INFO cinder.api.openstack.wsgi [None req-9827ca70-f199-43c9-b1a5-998bafdf003d be2fa1f3c95d44deac92d0b982b58866 e97b03c4c98c49aeada587969c76661e - - default default] DELETE http://[LB_IP_ADDRESS]:8776/v3/e97b03c4c98c49aeada587969c76661e/qos-specs/9d9366ce-b8a6-4968-a77b-b71bfab20c2e?force=False
2023-10-30 18:06:41.354 20 INFO cinder.api.openstack.wsgi [None req-9827ca70-f199-43c9-b1a5-998bafdf003d be2fa1f3c95d44deac92d0b982b58866 e97b03c4c98c49aeada587969c76661e - - default default] http://[LB_IP_ADDRESS]:8776/v3/e97b03c4c98c49aeada587969c76661e/qos-specs/9d9366ce-b8a6-4968-a77b-b71bfab20c2e?force=False returned with HTTP 404
2023-10-30 18:06:41.368 19 INFO cinder.api.openstack.wsgi [None req-64b8bb3e-334d-4175-91c3-18802edc7c87 be2fa1f3c95d44deac92d0b982b58866 e97b03c4c98c49aeada587969c76661e - - default default] GET http://[LB_IP_ADDRESS]:8776/v3/e97b03c4c98c49aeada587969c76661e/qos-specs/9d9366ce-b8a6-4968-a77b-b71bfab20c2e
2023-10-30 18:06:41.376 19 INFO cinder.api.openstack.wsgi [None req-64b8bb3e-334d-4175-91c3-18802edc7c87 be2fa1f3c95d44deac92d0b982b58866 e97b03c4c98c49aeada587969c76661e - - default default] http://[LB_IP_ADDRESS]:8776/v3/e97b03c4c98c49aeada587969c76661e/qos-specs/9d9366ce-b8a6-4968-a77b-b71bfab20c2e returned with HTTP 404
2023-10-30 18:06:41.390 23 INFO cinder.api.openstack.wsgi [None req-b9f6eb0d-f087-4c86-91ce-51e7c6c7878b be2fa1f3c95d44deac92d0b982b58866 e97b03c4c98c49aeada587969c76661e - - default default] DELETE http://[LB_IP_ADDRESS]:8776/v3/e97b03c4c98c49aeada587969c76661e/types/de3f0f25-2c87-48cf-a867-a2b43a88b6a8
2023-10-30 18:06:41.423 23 INFO cinder.api.openstack.wsgi [None req-b9f6eb0d-f087-4c86-91ce-51e7c6c7878b be2fa1f3c95d44deac92d0b982b58866 e97b03c4c98c49aeada587969c76661e - - default default] http://[LB_IP_ADDRESS]:8776/v3/e97b03c4c98c49aeada587969c76661e/types/de3f0f25-2c87-48cf-a867-a2b43a88b6a8 returned with HTTP 202
2023-10-30 18:06:41.438 21 INFO cinder.api.openstack.wsgi [None req-3a9aa2d8-966e-4576-806f-ff68251dc35e be2fa1f3c95d44deac92d0b982b58866 e97b03c4c98c49aeada587969c76661e - - default default] GET http://[LB_IP_ADDRESS]:8776/v3/e97b03c4c98c49aeada587969c76661e/types/de3f0f25-2c87-48cf-a867-a2b43a88b6a8
2023-10-30 18:06:41.446 21 INFO cinder.api.openstack.wsgi [None req-3a9aa2d8-966e-4576-806f-ff68251dc35e be2fa1f3c95d44deac92d0b982b58866 e97b03c4c98c49aeada587969c76661e - - default default] http://[LB_IP_ADDRESS]:8776/v3/e97b03c4c98c49aeada587969c76661e/types/de3f0f25-2c87-48cf-a867-a2b43a88b6a8 returned with HTTP 404
2023-10-30 18:06:41.461 22 INFO cinder.api.openstack.wsgi [None req-356ec3bb-feac-4f78-be64-21f83e8b2f29 be2fa1f3c95d44deac92d0b982b58866 e97b03c4c98c49aeada587969c76661e - - default default] DELETE http://[LB_IP_ADDRESS]:8776/v3/e97b03c4c98c49aeada587969c76661e/types/a18b8cc8-daa9-4df6-a545-592c416ec412
2023-10-30 18:06:41.494 22 INFO cinder.api.openstack.wsgi [None req-356ec3bb-feac-4f78-be64-21f83e8b2f29 be2fa1f3c95d44deac92d0b982b58866 e97b03c4c98c49aeada587969c76661e - - default default] http://[LB_IP_ADDRESS]:8776/v3/e97b03c4c98c49aeada587969c76661e/types/a18b8cc8-daa9-4df6-a545-592c416ec412 returned with HTTP 202
2023-10-30 18:06:41.509 20 INFO cinder.api.openstack.wsgi [None req-6ff00ab4-d709-4c11-a0c0-6331b0803c8b be2fa1f3c95d44deac92d0b982b58866 e97b03c4c98c49aeada587969c76661e - - default default] GET http://[LB_IP_ADDRESS]:8776/v3/e97b03c4c98c49aeada587969c76661e/types/a18b8cc8-daa9-4df6-a545-592c416ec412
2023-10-30 18:06:41.520 20 INFO cinder.api.openstack.wsgi [None req-6ff00ab4-d709-4c11-a0c0-6331b0803c8b be2fa1f3c95d44deac92d0b982b58866 e97b03c4c98c49aeada587969c76661e - - default default] http://[LB_IP_ADDRESS]:8776/v3/e97b03c4c98c49aeada587969c76661e/types/a18b8cc8-daa9-4df6-a545-592c416ec412 returned with HTTP 404
2023-10-30 18:06:41.534 19 INFO cinder.api.openstack.wsgi [None req-4df203c5-413b-4f4c-b2e2-c75c61feca65 be2fa1f3c95d44deac92d0b982b58866 e97b03c4c98c49aeada587969c76661e - - default default] DELETE http://[LB_IP_ADDRESS]:8776/v3/e97b03c4c98c49aeada587969c76661e/types/855ac6cb-8f5e-4000-a0a7-defd3c686e6e
2023-10-30 18:06:41.568 19 INFO cinder.api.openstack.wsgi [None req-4df203c5-413b-4f4c-b2e2-c75c61feca65 be2fa1f3c95d44deac92d0b982b58866 e97b03c4c98c49aeada587969c76661e - - default default] http://[LB_IP_ADDRESS]:8776/v3/e97b03c4c98c49aeada587969c76661e/types/855ac6cb-8f5e-4000-a0a7-defd3c686e6e returned with HTTP 202
2023-10-30 18:06:41.581 23 INFO cinder.api.openstack.wsgi [None req-392c764b-34c4-420d-bc9e-6ce85a69023b be2fa1f3c95d44deac92d0b982b58866 e97b03c4c98c49aeada587969c76661e - - default default] GET http://[LB_IP_ADDRESS]:8776/v3/e97b03c4c98c49aeada587969c76661e/types/855ac6cb-8f5e-4000-a0a7-defd3c686e6e
2023-10-30 18:06:41.588 23 INFO cinder.api.openstack.wsgi [None req-392c764b-34c4-420d-bc9e-6ce85a69023b be2fa1f3c95d44deac92d0b982b58866 e97b03c4c98c49aeada587969c76661e - - default default] http://[LB_IP_ADDRESS]:8776/v3/e97b03c4c98c49aeada587969c76661e/types/855ac6cb-8f5e-4000-a0a7-defd3c686e6e returned with HTTP 404
2023-10-30 18:06:41.604 21 INFO cinder.api.openstack.wsgi [None req-99799854-0f7b-40d7-ab6c-072b2ff6defd be2fa1f3c95d44deac92d0b982b58866 e97b03c4c98c49aeada587969c76661e - - default default] DELETE http://[LB_IP_ADDRESS]:8776/v3/e97b03c4c98c49aeada587969c76661e/qos-specs/675730d1-eebc-4c99-ac2c-5bc47cf0dc58?force=False
2023-10-30 18:06:41.625 21 INFO cinder.api.openstack.wsgi [None req-99799854-0f7b-40d7-ab6c-072b2ff6defd be2fa1f3c95d44deac92d0b982b58866 e97b03c4c98c49aeada587969c76661e - - default default] http://[LB_IP_ADDRESS]:8776/v3/e97b03c4c98c49aeada587969c76661e/qos-specs/675730d1-eebc-4c99-ac2c-5bc47cf0dc58?force=False returned with HTTP 202
2023-10-30 18:06:41.632 22 INFO cinder.api.openstack.wsgi [None req-81729bef-2593-4e06-ad65-4d59812a9159 7e368310711c424096beac382a24d586 102c830f01934cdabdf81775542cdde2 - - default default] GET http://[LB_IP_ADDRESS]:8776/v3/102c830f01934cdabdf81775542cdde2/volumes/6b33debb-8024-4be2-b823-9632ea1f7c42
2023-10-30 18:06:41.641 20 INFO cinder.api.openstack.wsgi [None req-ce2fb4bf-b1e8-4a91-8049-3455bb81b917 be2fa1f3c95d44deac92d0b982b58866 e97b03c4c98c49aeada587969c76661e - - default default] GET http://[LB_IP_ADDRESS]:8776/v3/e97b03c4c98c49aeada587969c76661e/qos-specs/675730d1-eebc-4c99-ac2c-5bc47cf0dc58
2023-10-30 18:06:41.644 22 INFO cinder.api.openstack.wsgi [None req-81729bef-2593-4e06-ad65-4d59812a9159 7e368310711c424096beac382a24d586 102c830f01934cdabdf81775542cdde2 - - default default] http://[LB_IP_ADDRESS]:8776/v3/102c830f01934cdabdf81775542cdde2/volumes/6b33debb-8024-4be2-b823-9632ea1f7c42 returned with HTTP 404
2023-10-30 18:06:41.649 20 INFO cinder.api.openstack.wsgi [None req-ce2fb4bf-b1e8-4a91-8049-3455bb81b917 be2fa1f3c95d44deac92d0b982b58866 e97b03c4c98c49aeada587969c76661e - - default default] http://[LB_IP_ADDRESS]:8776/v3/e97b03c4c98c49aeada587969c76661e/qos-specs/675730d1-eebc-4c99-ac2c-5bc47cf0dc58 returned with HTTP 404
2023-10-30 18:06:41.657 19 INFO cinder.api.openstack.wsgi [None req-c120bc83-daef-4e76-9dd8-cce70844e22e 7e368310711c424096beac382a24d586 102c830f01934cdabdf81775542cdde2 - - default default] GET http://[LB_IP_ADDRESS]:8776/v3/102c830f01934cdabdf81775542cdde2/volumes
2023-10-30 18:06:41.671 19 INFO cinder.volume.api [None req-c120bc83-daef-4e76-9dd8-cce70844e22e 7e368310711c424096beac382a24d586 102c830f01934cdabdf81775542cdde2 - - default default] Get all volumes completed successfully.
2023-10-30 18:06:41.671 19 INFO cinder.api.openstack.wsgi [None req-c120bc83-daef-4e76-9dd8-cce70844e22e 7e368310711c424096beac382a24d586 102c830f01934cdabdf81775542cdde2 - - default default] http://[LB_IP_ADDRESS]:8776/v3/102c830f01934cdabdf81775542cdde2/volumes returned with HTTP 200
2023-10-30 18:06:41.688 23 INFO cinder.api.openstack.wsgi [None req-c2156e3d-7f58-4a1d-937d-a9c27ee82793 7e368310711c424096beac382a24d586 102c830f01934cdabdf81775542cdde2 - - default default] GET http://[LB_IP_ADDRESS]:8776/v3/102c830f01934cdabdf81775542cdde2/snapshots
2023-10-30 18:06:41.698 23 INFO cinder.volume.api [None req-c2156e3d-7f58-4a1d-937d-a9c27ee82793 7e368310711c424096beac382a24d586 102c830f01934cdabdf81775542cdde2 - - default default] Get all snapshots completed successfully.
2023-10-30 18:06:41.698 23 INFO cinder.api.openstack.wsgi [None req-c2156e3d-7f58-4a1d-937d-a9c27ee82793 7e368310711c424096beac382a24d586 102c830f01934cdabdf81775542cdde2 - - default default] http://[LB_IP_ADDRESS]:8776/v3/102c830f01934cdabdf81775542cdde2/snapshots returned with HTTP 200
2023-10-30 18:06:41.718 21 INFO cinder.api.openstack.wsgi [None req-3734ee06-3e7e-4574-9878-8c497d8cf4b3 7e368310711c424096beac382a24d586 102c830f01934cdabdf81775542cdde2 - - default default] POST http://[LB_IP_ADDRESS]:8776/v3/102c830f01934cdabdf81775542cdde2/volumes
2023-10-30 18:06:41.724 21 INFO cinder.api.v3.volumes [None req-3734ee06-3e7e-4574-9878-8c497d8cf4b3 7e368310711c424096beac382a24d586 102c830f01934cdabdf81775542cdde2 - - default default] Create volume of 1 GB
2023-10-30 18:06:41.734 21 INFO cinder.volume.api [None req-3734ee06-3e7e-4574-9878-8c497d8cf4b3 7e368310711c424096beac382a24d586 102c830f01934cdabdf81775542cdde2 - - default default] Availability Zones retrieved successfully.
2023-10-30 18:06:41.871 21 INFO cinder.volume.api [None req-3734ee06-3e7e-4574-9878-8c497d8cf4b3 7e368310711c424096beac382a24d586 102c830f01934cdabdf81775542cdde2 - - default default] Create volume request issued successfully.
2023-10-30 18:06:41.872 21 INFO cinder.api.openstack.wsgi [None req-3734ee06-3e7e-4574-9878-8c497d8cf4b3 7e368310711c424096beac382a24d586 102c830f01934cdabdf81775542cdde2 - - default default] http://[LB_IP_ADDRESS]:8776/v3/102c830f01934cdabdf81775542cdde2/volumes returned with HTTP 202
2023-10-30 18:06:41.889 22 INFO cinder.api.openstack.wsgi [None req-f7539609-186b-4b8d-b8e5-b0d5bc8b72f9 7e368310711c424096beac382a24d586 102c830f01934cdabdf81775542cdde2 - - default default] GET http://[LB_IP_ADDRESS]:8776/v3/102c830f01934cdabdf81775542cdde2/volumes/2f3f5e6e-2832-4c91-acb6-5590bc1a4a32
