2024-08-21 09:00:00.456 23 INFO cinder.api.openstack.wsgi [None req-926c7dbd-3eb6-4011-a587-93d2b39b3a09 55b9b0335bcc41e6bae91eed1ddec459 c2527f07b34f42909109be20ffd4bfde - - default default] GET http://[LB_IP_ADDRESS]:8776/v3/c2527f07b34f42909109be20ffd4bfde/snapshots/1d31bb0c-d839-4bdb-9e15-bfee136cf66a
2024-08-21 09:00:00.469 23 INFO cinder.volume.api [None req-926c7dbd-3eb6-4011-a587-93d2b39b3a09 55b9b0335bcc41e6bae91eed1ddec459 c2527f07b34f42909109be20ffd4bfde - - default default] Snapshot retrieved successfully.
2024-08-21 09:00:00.471 23 INFO cinder.api.openstack.wsgi [None req-926c7dbd-3eb6-4011-a587-93d2b39b3a09 55b9b0335bcc41e6bae91eed1ddec459 c2527f07b34f42909109be20ffd4bfde - - default default] http://[LB_IP_ADDRESS]:8776/v3/c2527f07b34f42909109be20ffd4bfde/snapshots/1d31bb0c-d839-4bdb-9e15-bfee136cf66a returned with HTTP 200
2024-08-21 09:00:00.636 19 INFO cinder.api.openstack.wsgi [None req-7c391124-9f1b-4497-b62a-24a1d5e474ef f3df232be2a94acfb5d31d8c3f0e4878 5cd120d7806d4899b4ebda0afe3a6d2a - - default default] GET http://[LB_IP_ADDRESS]:8776/v3/5cd120d7806d4899b4ebda0afe3a6d2a/volumes/f85c60ef-b052-453b-8fff-ea1d097683ba
2024-08-21 09:00:00.668 19 INFO cinder.volume.api [None req-7c391124-9f1b-4497-b62a-24a1d5e474ef f3df232be2a94acfb5d31d8c3f0e4878 5cd120d7806d4899b4ebda0afe3a6d2a - - default default] Volume info retrieved successfully.
2024-08-21 09:00:00.699 19 INFO cinder.api.openstack.wsgi [None req-7c391124-9f1b-4497-b62a-24a1d5e474ef f3df232be2a94acfb5d31d8c3f0e4878 5cd120d7806d4899b4ebda0afe3a6d2a - - default default] http://[LB_IP_ADDRESS]:8776/v3/5cd120d7806d4899b4ebda0afe3a6d2a/volumes/f85c60ef-b052-453b-8fff-ea1d097683ba returned with HTTP 200
2024-08-21 09:00:01.460 20 INFO cinder.api.openstack.wsgi [None req-9bbfbb8b-83ff-4b46-906e-6577deb50e52 805f78be8b1e4a76862544c8b7eb9b06 e224641c676c4a68b53e6d024d5c4599 - - default default] GET http://[LB_IP_ADDRESS]:8776/v3/e224641c676c4a68b53e6d024d5c4599/snapshots/c8a5e39c-c8c4-4545-ad6e-31bd9e61f5e8
2024-08-21 09:00:01.473 20 INFO cinder.api.openstack.wsgi [None req-9bbfbb8b-83ff-4b46-906e-6577deb50e52 805f78be8b1e4a76862544c8b7eb9b06 e224641c676c4a68b53e6d024d5c4599 - - default default] http://[LB_IP_ADDRESS]:8776/v3/e224641c676c4a68b53e6d024d5c4599/snapshots/c8a5e39c-c8c4-4545-ad6e-31bd9e61f5e8 returned with HTTP 404
2024-08-21 09:00:01.489 22 INFO cinder.api.openstack.wsgi [None req-e948d02b-62f9-473c-ad59-892fce41d9f0 ba90de5085df4e14894814cb96bd06d1 0b8dde8b2a8140b7bfeaa9ee043163fd - - default default] POST http://[LB_IP_ADDRESS]:8776/v3/0b8dde8b2a8140b7bfeaa9ee043163fd/snapshots/b0b10e95-f7da-4c50-86cc-e6ba401901bf/action
2024-08-21 09:00:01.491 21 INFO cinder.api.openstack.wsgi [None req-efa6c6df-b1d2-41c5-a0b6-75d8a2cec54e 55b9b0335bcc41e6bae91eed1ddec459 c2527f07b34f42909109be20ffd4bfde - - default default] GET http://[LB_IP_ADDRESS]:8776/v3/c2527f07b34f42909109be20ffd4bfde/snapshots/1d31bb0c-d839-4bdb-9e15-bfee136cf66a
2024-08-21 09:00:01.503 21 INFO cinder.api.openstack.wsgi [None req-efa6c6df-b1d2-41c5-a0b6-75d8a2cec54e 55b9b0335bcc41e6bae91eed1ddec459 c2527f07b34f42909109be20ffd4bfde - - default default] http://[LB_IP_ADDRESS]:8776/v3/c2527f07b34f42909109be20ffd4bfde/snapshots/1d31bb0c-d839-4bdb-9e15-bfee136cf66a returned with HTTP 404
2024-08-21 09:00:01.517 23 INFO cinder.api.openstack.wsgi [None req-97c83d8b-a783-407b-a1a9-11eb909cef4e 55b9b0335bcc41e6bae91eed1ddec459 c2527f07b34f42909109be20ffd4bfde - - default default] GET http://[LB_IP_ADDRESS]:8776/v3/c2527f07b34f42909109be20ffd4bfde/group_snapshots/490a1139-2b4b-4276-9e66-95c80b181b9c
2024-08-21 09:00:01.523 23 INFO cinder.api.openstack.wsgi [None req-97c83d8b-a783-407b-a1a9-11eb909cef4e 55b9b0335bcc41e6bae91eed1ddec459 c2527f07b34f42909109be20ffd4bfde - - default default] http://[LB_IP_ADDRESS]:8776/v3/c2527f07b34f42909109be20ffd4bfde/group_snapshots/490a1139-2b4b-4276-9e66-95c80b181b9c returned with HTTP 404
2024-08-21 09:00:01.534 19 INFO cinder.api.openstack.wsgi [None req-b9b70757-8f26-4364-b521-f70e712199d3 55b9b0335bcc41e6bae91eed1ddec459 c2527f07b34f42909109be20ffd4bfde - - default default] GET http://[LB_IP_ADDRESS]:8776/v3/c2527f07b34f42909109be20ffd4bfde/volumes/detail
2024-08-21 09:00:01.537 22 INFO cinder.api.openstack.wsgi [None req-e948d02b-62f9-473c-ad59-892fce41d9f0 ba90de5085df4e14894814cb96bd06d1 0b8dde8b2a8140b7bfeaa9ee043163fd - - default default] http://[LB_IP_ADDRESS]:8776/v3/0b8dde8b2a8140b7bfeaa9ee043163fd/snapshots/b0b10e95-f7da-4c50-86cc-e6ba401901bf/action returned with HTTP 202
2024-08-21 09:00:01.550 20 INFO cinder.api.openstack.wsgi [None req-ec4d1835-f528-4f62-8727-f6ded18fe773 805f78be8b1e4a76862544c8b7eb9b06 e224641c676c4a68b53e6d024d5c4599 - - default default] GET http://[LB_IP_ADDRESS]:8776/v3/e224641c676c4a68b53e6d024d5c4599/snapshots/b0b10e95-f7da-4c50-86cc-e6ba401901bf
2024-08-21 09:00:01.559 19 INFO cinder.volume.api [None req-b9b70757-8f26-4364-b521-f70e712199d3 55b9b0335bcc41e6bae91eed1ddec459 c2527f07b34f42909109be20ffd4bfde - - default default] Get all volumes completed successfully.
2024-08-21 09:00:01.564 20 INFO cinder.volume.api [None req-ec4d1835-f528-4f62-8727-f6ded18fe773 805f78be8b1e4a76862544c8b7eb9b06 e224641c676c4a68b53e6d024d5c4599 - - default default] Snapshot retrieved successfully.
2024-08-21 09:00:01.566 20 INFO cinder.api.openstack.wsgi [None req-ec4d1835-f528-4f62-8727-f6ded18fe773 805f78be8b1e4a76862544c8b7eb9b06 e224641c676c4a68b53e6d024d5c4599 - - default default] http://[LB_IP_ADDRESS]:8776/v3/e224641c676c4a68b53e6d024d5c4599/snapshots/b0b10e95-f7da-4c50-86cc-e6ba401901bf returned with HTTP 200
2024-08-21 09:00:01.584 21 INFO cinder.api.openstack.wsgi [None req-1669fcae-1c18-4235-9232-6a5490fe5de6 805f78be8b1e4a76862544c8b7eb9b06 e224641c676c4a68b53e6d024d5c4599 - - default default] DELETE http://[LB_IP_ADDRESS]:8776/v3/e224641c676c4a68b53e6d024d5c4599/snapshots/c8a5e39c-c8c4-4545-ad6e-31bd9e61f5e8
2024-08-21 09:00:01.585 21 INFO cinder.api.v2.snapshots [None req-1669fcae-1c18-4235-9232-6a5490fe5de6 805f78be8b1e4a76862544c8b7eb9b06 e224641c676c4a68b53e6d024d5c4599 - - default default] Delete snapshot with id: c8a5e39c-c8c4-4545-ad6e-31bd9e61f5e8
2024-08-21 09:00:01.590 19 INFO cinder.api.openstack.wsgi [None req-b9b70757-8f26-4364-b521-f70e712199d3 55b9b0335bcc41e6bae91eed1ddec459 c2527f07b34f42909109be20ffd4bfde - - default default] http://[LB_IP_ADDRESS]:8776/v3/c2527f07b34f42909109be20ffd4bfde/volumes/detail returned with HTTP 200
2024-08-21 09:00:01.596 21 INFO cinder.api.openstack.wsgi [None req-1669fcae-1c18-4235-9232-6a5490fe5de6 805f78be8b1e4a76862544c8b7eb9b06 e224641c676c4a68b53e6d024d5c4599 - - default default] http://[LB_IP_ADDRESS]:8776/v3/e224641c676c4a68b53e6d024d5c4599/snapshots/c8a5e39c-c8c4-4545-ad6e-31bd9e61f5e8 returned with HTTP 404
2024-08-21 09:00:01.611 23 INFO cinder.api.openstack.wsgi [None req-8944b171-05a2-4337-9c14-7ca158324f32 805f78be8b1e4a76862544c8b7eb9b06 e224641c676c4a68b53e6d024d5c4599 - - default default] POST http://[LB_IP_ADDRESS]:8776/v3/e224641c676c4a68b53e6d024d5c4599/snapshots
2024-08-21 09:00:01.622 22 INFO cinder.api.openstack.wsgi [None req-df0c678f-30d4-49aa-bfbc-e4d355f1d9b5 55b9b0335bcc41e6bae91eed1ddec459 c2527f07b34f42909109be20ffd4bfde - - default default] POST http://[LB_IP_ADDRESS]:8776/v3/c2527f07b34f42909109be20ffd4bfde/groups/d9628049-44e8-4c62-8ccf-9872230701a9/action
2024-08-21 09:00:01.628 22 INFO cinder.api.v3.groups [None req-df0c678f-30d4-49aa-bfbc-e4d355f1d9b5 55b9b0335bcc41e6bae91eed1ddec459 c2527f07b34f42909109be20ffd4bfde - - default default] Delete group with id: d9628049-44e8-4c62-8ccf-9872230701a9
2024-08-21 09:00:01.640 23 INFO cinder.volume.api [None req-8944b171-05a2-4337-9c14-7ca158324f32 805f78be8b1e4a76862544c8b7eb9b06 e224641c676c4a68b53e6d024d5c4599 - - default default] Volume info retrieved successfully.
2024-08-21 09:00:01.640 23 INFO cinder.api.v3.snapshots [None req-8944b171-05a2-4337-9c14-7ca158324f32 805f78be8b1e4a76862544c8b7eb9b06 e224641c676c4a68b53e6d024d5c4599 - - default default] Create snapshot from volume a151e973-d342-4a9d-b2be-435e4c55238f
2024-08-21 09:00:01.699 22 INFO cinder.api.openstack.wsgi [None req-df0c678f-30d4-49aa-bfbc-e4d355f1d9b5 55b9b0335bcc41e6bae91eed1ddec459 c2527f07b34f42909109be20ffd4bfde - - default default] http://[LB_IP_ADDRESS]:8776/v3/c2527f07b34f42909109be20ffd4bfde/groups/d9628049-44e8-4c62-8ccf-9872230701a9/action returned with HTTP 202
2024-08-21 09:00:01.714 20 INFO cinder.api.openstack.wsgi [None req-419dd931-44f4-4126-8956-74b5ed83f36d 55b9b0335bcc41e6bae91eed1ddec459 c2527f07b34f42909109be20ffd4bfde - - default default] GET http://[LB_IP_ADDRESS]:8776/v3/c2527f07b34f42909109be20ffd4bfde/volumes/e369f180-f2eb-4d2e-adfe-edbc07a1b6da
2024-08-21 09:00:01.726 19 INFO cinder.api.openstack.wsgi [None req-e3c978c9-ebe7-49c2-ac1b-cffaa9bcdfd4 f3df232be2a94acfb5d31d8c3f0e4878 5cd120d7806d4899b4ebda0afe3a6d2a - - default default] GET http://[LB_IP_ADDRESS]:8776/v3/5cd120d7806d4899b4ebda0afe3a6d2a/volumes/f85c60ef-b052-453b-8fff-ea1d097683ba
2024-08-21 09:00:01.734 20 INFO cinder.volume.api [None req-419dd931-44f4-4126-8956-74b5ed83f36d 55b9b0335bcc41e6bae91eed1ddec459 c2527f07b34f42909109be20ffd4bfde - - default default] Volume info retrieved successfully.
2024-08-21 09:00:01.742 19 INFO cinder.volume.api [None req-e3c978c9-ebe7-49c2-ac1b-cffaa9bcdfd4 f3df232be2a94acfb5d31d8c3f0e4878 5cd120d7806d4899b4ebda0afe3a6d2a - - default default] Volume info retrieved successfully.
2024-08-21 09:00:01.764 20 INFO cinder.api.openstack.wsgi [None req-419dd931-44f4-4126-8956-74b5ed83f36d 55b9b0335bcc41e6bae91eed1ddec459 c2527f07b34f42909109be20ffd4bfde - - default default] http://[LB_IP_ADDRESS]:8776/v3/c2527f07b34f42909109be20ffd4bfde/volumes/e369f180-f2eb-4d2e-adfe-edbc07a1b6da returned with HTTP 200
2024-08-21 09:00:01.772 19 INFO cinder.api.openstack.wsgi [None req-e3c978c9-ebe7-49c2-ac1b-cffaa9bcdfd4 f3df232be2a94acfb5d31d8c3f0e4878 5cd120d7806d4899b4ebda0afe3a6d2a - - default default] http://[LB_IP_ADDRESS]:8776/v3/5cd120d7806d4899b4ebda0afe3a6d2a/volumes/f85c60ef-b052-453b-8fff-ea1d097683ba returned with HTTP 200
2024-08-21 09:00:01.777 23 INFO cinder.volume.api [None req-8944b171-05a2-4337-9c14-7ca158324f32 805f78be8b1e4a76862544c8b7eb9b06 e224641c676c4a68b53e6d024d5c4599 - - default default] Snapshot create request issued successfully.
2024-08-21 09:00:01.777 23 INFO cinder.api.openstack.wsgi [None req-8944b171-05a2-4337-9c14-7ca158324f32 805f78be8b1e4a76862544c8b7eb9b06 e224641c676c4a68b53e6d024d5c4599 - - default default] http://[LB_IP_ADDRESS]:8776/v3/e224641c676c4a68b53e6d024d5c4599/snapshots returned with HTTP 202
2024-08-21 09:00:01.796 21 INFO cinder.api.openstack.wsgi [None req-3e207811-2af8-4ef7-a50d-f99e6761f597 805f78be8b1e4a76862544c8b7eb9b06 e224641c676c4a68b53e6d024d5c4599 - - default default] GET http://[LB_IP_ADDRESS]:8776/v3/e224641c676c4a68b53e6d024d5c4599/snapshots/eb33318a-30c8-41e4-8e86-c8616785b4bd
2024-08-21 09:00:01.810 21 INFO cinder.volume.api [None req-3e207811-2af8-4ef7-a50d-f99e6761f597 805f78be8b1e4a76862544c8b7eb9b06 e224641c676c4a68b53e6d024d5c4599 - - default default] Snapshot retrieved successfully.
2024-08-21 09:00:01.811 21 INFO cinder.api.openstack.wsgi [None req-3e207811-2af8-4ef7-a50d-f99e6761f597 805f78be8b1e4a76862544c8b7eb9b06 e224641c676c4a68b53e6d024d5c4599 - - default default] http://[LB_IP_ADDRESS]:8776/v3/e224641c676c4a68b53e6d024d5c4599/snapshots/eb33318a-30c8-41e4-8e86-c8616785b4bd returned with HTTP 200
2024-08-21 09:00:02.795 22 INFO cinder.api.openstack.wsgi [None req-c96e30c7-1185-4981-81b0-33d9e215f29e 55b9b0335bcc41e6bae91eed1ddec459 c2527f07b34f42909109be20ffd4bfde - - default default] GET http://[LB_IP_ADDRESS]:8776/v3/c2527f07b34f42909109be20ffd4bfde/volumes/e369f180-f2eb-4d2e-adfe-edbc07a1b6da
2024-08-21 09:00:02.804 20 INFO cinder.api.openstack.wsgi [None req-81b586bc-af1d-490d-88a6-c8ee37fd9aa3 f3df232be2a94acfb5d31d8c3f0e4878 5cd120d7806d4899b4ebda0afe3a6d2a - - default default] GET http://[LB_IP_ADDRESS]:8776/v3/5cd120d7806d4899b4ebda0afe3a6d2a/volumes/f85c60ef-b052-453b-8fff-ea1d097683ba
2024-08-21 09:00:02.815 22 INFO cinder.volume.api [None req-c96e30c7-1185-4981-81b0-33d9e215f29e 55b9b0335bcc41e6bae91eed1ddec459 c2527f07b34f42909109be20ffd4bfde - - default default] Volume info retrieved successfully.
2024-08-21 09:00:02.828 19 INFO cinder.api.openstack.wsgi [None req-a6e158b6-4a6a-4760-a1c1-25ab076131d8 805f78be8b1e4a76862544c8b7eb9b06 e224641c676c4a68b53e6d024d5c4599 - - default default] GET http://[LB_IP_ADDRESS]:8776/v3/e224641c676c4a68b53e6d024d5c4599/snapshots/eb33318a-30c8-41e4-8e86-c8616785b4bd
2024-08-21 09:00:02.833 20 INFO cinder.volume.api [None req-81b586bc-af1d-490d-88a6-c8ee37fd9aa3 f3df232be2a94acfb5d31d8c3f0e4878 5cd120d7806d4899b4ebda0afe3a6d2a - - default default] Volume info retrieved successfully.
2024-08-21 09:00:02.837 19 INFO cinder.volume.api [None req-a6e158b6-4a6a-4760-a1c1-25ab076131d8 805f78be8b1e4a76862544c8b7eb9b06 e224641c676c4a68b53e6d024d5c4599 - - default default] Snapshot retrieved successfully.
2024-08-21 09:00:02.838 19 INFO cinder.api.openstack.wsgi [None req-a6e158b6-4a6a-4760-a1c1-25ab076131d8 805f78be8b1e4a76862544c8b7eb9b06 e224641c676c4a68b53e6d024d5c4599 - - default default] http://[LB_IP_ADDRESS]:8776/v3/e224641c676c4a68b53e6d024d5c4599/snapshots/eb33318a-30c8-41e4-8e86-c8616785b4bd returned with HTTP 200
2024-08-21 09:00:02.848 22 INFO cinder.api.openstack.wsgi [None req-c96e30c7-1185-4981-81b0-33d9e215f29e 55b9b0335bcc41e6bae91eed1ddec459 c2527f07b34f42909109be20ffd4bfde - - default default] http://[LB_IP_ADDRESS]:8776/v3/c2527f07b34f42909109be20ffd4bfde/volumes/e369f180-f2eb-4d2e-adfe-edbc07a1b6da returned with HTTP 200
2024-08-21 09:00:02.849 20 INFO cinder.api.openstack.wsgi [None req-81b586bc-af1d-490d-88a6-c8ee37fd9aa3 f3df232be2a94acfb5d31d8c3f0e4878 5cd120d7806d4899b4ebda0afe3a6d2a - - default default] http://[LB_IP_ADDRESS]:8776/v3/5cd120d7806d4899b4ebda0afe3a6d2a/volumes/f85c60ef-b052-453b-8fff-ea1d097683ba returned with HTTP 200
2024-08-21 09:00:02.891 23 INFO cinder.api.openstack.wsgi [None req-d74e9936-974b-445f-91dd-ba74d5e30a44 f3df232be2a94acfb5d31d8c3f0e4878 5cd120d7806d4899b4ebda0afe3a6d2a - - default default] GET http://[LB_IP_ADDRESS]:8776/v3/5cd120d7806d4899b4ebda0afe3a6d2a/groups/c335e99d-9885-4af1-8c64-f3a997c9b32b
2024-08-21 09:00:02.913 23 INFO cinder.api.openstack.wsgi [None req-d74e9936-974b-445f-91dd-ba74d5e30a44 f3df232be2a94acfb5d31d8c3f0e4878 5cd120d7806d4899b4ebda0afe3a6d2a - - default default] http://[LB_IP_ADDRESS]:8776/v3/5cd120d7806d4899b4ebda0afe3a6d2a/groups/c335e99d-9885-4af1-8c64-f3a997c9b32b returned with HTTP 200
2024-08-21 09:00:02.933 21 INFO cinder.api.openstack.wsgi [None req-a8e4db59-3365-489a-9843-207b987d9a07 f3df232be2a94acfb5d31d8c3f0e4878 5cd120d7806d4899b4ebda0afe3a6d2a - - default default] GET http://[LB_IP_ADDRESS]:8776/v3/5cd120d7806d4899b4ebda0afe3a6d2a/volumes/detail
2024-08-21 09:00:02.952 21 INFO cinder.volume.api [None req-a8e4db59-3365-489a-9843-207b987d9a07 f3df232be2a94acfb5d31d8c3f0e4878 5cd120d7806d4899b4ebda0afe3a6d2a - - default default] Get all volumes completed successfully.
2024-08-21 09:00:03.007 21 INFO cinder.api.openstack.wsgi [None req-a8e4db59-3365-489a-9843-207b987d9a07 f3df232be2a94acfb5d31d8c3f0e4878 5cd120d7806d4899b4ebda0afe3a6d2a - - default default] http://[LB_IP_ADDRESS]:8776/v3/5cd120d7806d4899b4ebda0afe3a6d2a/volumes/detail returned with HTTP 200
2024-08-21 09:00:03.041 19 INFO cinder.api.openstack.wsgi [None req-e975b7f6-d36e-4c13-b113-3ed963549393 f3df232be2a94acfb5d31d8c3f0e4878 5cd120d7806d4899b4ebda0afe3a6d2a - - default default] POST http://[LB_IP_ADDRESS]:8776/v3/5cd120d7806d4899b4ebda0afe3a6d2a/groups/c335e99d-9885-4af1-8c64-f3a997c9b32b/action
2024-08-21 09:00:03.050 19 INFO cinder.api.v3.groups [None req-e975b7f6-d36e-4c13-b113-3ed963549393 f3df232be2a94acfb5d31d8c3f0e4878 5cd120d7806d4899b4ebda0afe3a6d2a - - default default] Delete group with id: c335e99d-9885-4af1-8c64-f3a997c9b32b
2024-08-21 09:00:03.117 19 INFO cinder.api.openstack.wsgi [None req-e975b7f6-d36e-4c13-b113-3ed963549393 f3df232be2a94acfb5d31d8c3f0e4878 5cd120d7806d4899b4ebda0afe3a6d2a - - default default] http://[LB_IP_ADDRESS]:8776/v3/5cd120d7806d4899b4ebda0afe3a6d2a/groups/c335e99d-9885-4af1-8c64-f3a997c9b32b/action returned with HTTP 202
2024-08-21 09:00:03.133 22 INFO cinder.api.openstack.wsgi [None req-6a9276e4-cf99-43e5-bc95-2d1645bf65d2 f3df232be2a94acfb5d31d8c3f0e4878 5cd120d7806d4899b4ebda0afe3a6d2a - - default default] GET http://[LB_IP_ADDRESS]:8776/v3/5cd120d7806d4899b4ebda0afe3a6d2a/volumes/f85c60ef-b052-453b-8fff-ea1d097683ba
2024-08-21 09:00:03.154 22 INFO cinder.volume.api [None req-6a9276e4-cf99-43e5-bc95-2d1645bf65d2 f3df232be2a94acfb5d31d8c3f0e4878 5cd120d7806d4899b4ebda0afe3a6d2a - - default default] Volume info retrieved successfully.
2024-08-21 09:00:03.185 22 INFO cinder.api.openstack.wsgi [None req-6a9276e4-cf99-43e5-bc95-2d1645bf65d2 f3df232be2a94acfb5d31d8c3f0e4878 5cd120d7806d4899b4ebda0afe3a6d2a - - default default] http://[LB_IP_ADDRESS]:8776/v3/5cd120d7806d4899b4ebda0afe3a6d2a/volumes/f85c60ef-b052-453b-8fff-ea1d097683ba returned with HTTP 200
2024-08-21 09:00:03.860 20 INFO cinder.api.openstack.wsgi [None req-2078a4c9-09aa-49ac-9af7-4dc80dfb3592 805f78be8b1e4a76862544c8b7eb9b06 e224641c676c4a68b53e6d024d5c4599 - - default default] GET http://[LB_IP_ADDRESS]:8776/v3/e224641c676c4a68b53e6d024d5c4599/snapshots/eb33318a-30c8-41e4-8e86-c8616785b4bd
2024-08-21 09:00:03.873 20 INFO cinder.volume.api [None req-2078a4c9-09aa-49ac-9af7-4dc80dfb3592 805f78be8b1e4a76862544c8b7eb9b06 e224641c676c4a68b53e6d024d5c4599 - - default default] Snapshot retrieved successfully.
2024-08-21 09:00:03.874 20 INFO cinder.api.openstack.wsgi [None req-2078a4c9-09aa-49ac-9af7-4dc80dfb3592 805f78be8b1e4a76862544c8b7eb9b06 e224641c676c4a68b53e6d024d5c4599 - - default default] http://[LB_IP_ADDRESS]:8776/v3/e224641c676c4a68b53e6d024d5c4599/snapshots/eb33318a-30c8-41e4-8e86-c8616785b4bd returned with HTTP 200
2024-08-21 09:00:03.878 23 INFO cinder.api.openstack.wsgi [None req-3b2d8b2d-5de0-410d-8968-4a70e24f190f 55b9b0335bcc41e6bae91eed1ddec459 c2527f07b34f42909109be20ffd4bfde - - default default] GET http://[LB_IP_ADDRESS]:8776/v3/c2527f07b34f42909109be20ffd4bfde/volumes/e369f180-f2eb-4d2e-adfe-edbc07a1b6da
2024-08-21 09:00:03.893 21 INFO cinder.api.openstack.wsgi [None req-78618fa5-7acb-4d6d-a20b-12b1aa1a628f ba90de5085df4e14894814cb96bd06d1 0b8dde8b2a8140b7bfeaa9ee043163fd - - default default] POST http://[LB_IP_ADDRESS]:8776/v3/0b8dde8b2a8140b7bfeaa9ee043163fd/snapshots/eb33318a-30c8-41e4-8e86-c8616785b4bd/action
2024-08-21 09:00:03.904 23 INFO cinder.api.openstack.wsgi [None req-3b2d8b2d-5de0-410d-8968-4a70e24f190f 55b9b0335bcc41e6bae91eed1ddec459 c2527f07b34f42909109be20ffd4bfde - - default default] http://[LB_IP_ADDRESS]:8776/v3/c2527f07b34f42909109be20ffd4bfde/volumes/e369f180-f2eb-4d2e-adfe-edbc07a1b6da returned with HTTP 404
2024-08-21 09:00:03.919 19 INFO cinder.api.openstack.wsgi [None req-2f24593e-dc34-4012-808f-2c10cae5bcd6 55b9b0335bcc41e6bae91eed1ddec459 c2527f07b34f42909109be20ffd4bfde - - default default] GET http://[LB_IP_ADDRESS]:8776/v3/c2527f07b34f42909109be20ffd4bfde/groups/d9628049-44e8-4c62-8ccf-9872230701a9
2024-08-21 09:00:03.926 19 INFO cinder.api.openstack.wsgi [None req-2f24593e-dc34-4012-808f-2c10cae5bcd6 55b9b0335bcc41e6bae91eed1ddec459 c2527f07b34f42909109be20ffd4bfde - - default default] http://[LB_IP_ADDRESS]:8776/v3/c2527f07b34f42909109be20ffd4bfde/groups/d9628049-44e8-4c62-8ccf-9872230701a9 returned with HTTP 404
2024-08-21 09:00:03.927 21 INFO cinder.api.openstack.wsgi [None req-78618fa5-7acb-4d6d-a20b-12b1aa1a628f ba90de5085df4e14894814cb96bd06d1 0b8dde8b2a8140b7bfeaa9ee043163fd - - default default] http://[LB_IP_ADDRESS]:8776/v3/0b8dde8b2a8140b7bfeaa9ee043163fd/snapshots/eb33318a-30c8-41e4-8e86-c8616785b4bd/action returned with HTTP 202
2024-08-21 09:00:03.936 20 INFO cinder.api.openstack.wsgi [None req-3289f24b-7dc5-4fa5-bfb2-6ea50110ae0a 805f78be8b1e4a76862544c8b7eb9b06 e224641c676c4a68b53e6d024d5c4599 - - default default] GET http://[LB_IP_ADDRESS]:8776/v3/e224641c676c4a68b53e6d024d5c4599/snapshots/eb33318a-30c8-41e4-8e86-c8616785b4bd
2024-08-21 09:00:03.940 22 INFO cinder.api.openstack.wsgi [None req-74391658-b650-47d1-a51b-73a22460a57d 2a4754cc9835453ca11baa181261aa04 4bd92c56716744d7b9f2561d2544ea00 - - default default] DELETE http://[LB_IP_ADDRESS]:8776/v3/4bd92c56716744d7b9f2561d2544ea00/group_types/ca88a807-2aaf-442a-807f-6b4ecc8f1ef2
2024-08-21 09:00:03.944 20 INFO cinder.volume.api [None req-3289f24b-7dc5-4fa5-bfb2-6ea50110ae0a 805f78be8b1e4a76862544c8b7eb9b06 e224641c676c4a68b53e6d024d5c4599 - - default default] Snapshot retrieved successfully.
2024-08-21 09:00:03.945 20 INFO cinder.api.openstack.wsgi [None req-3289f24b-7dc5-4fa5-bfb2-6ea50110ae0a 805f78be8b1e4a76862544c8b7eb9b06 e224641c676c4a68b53e6d024d5c4599 - - default default] http://[LB_IP_ADDRESS]:8776/v3/e224641c676c4a68b53e6d024d5c4599/snapshots/eb33318a-30c8-41e4-8e86-c8616785b4bd returned with HTTP 200
2024-08-21 09:00:03.958 23 INFO cinder.api.openstack.wsgi [None req-1ab0796e-cd01-4584-9635-faae91fad72e ba90de5085df4e14894814cb96bd06d1 0b8dde8b2a8140b7bfeaa9ee043163fd - - default default] POST http://[LB_IP_ADDRESS]:8776/v3/0b8dde8b2a8140b7bfeaa9ee043163fd/snapshots/eb33318a-30c8-41e4-8e86-c8616785b4bd/action
2024-08-21 09:00:03.966 23 INFO cinder.volume.api [None req-1ab0796e-cd01-4584-9635-faae91fad72e ba90de5085df4e14894814cb96bd06d1 0b8dde8b2a8140b7bfeaa9ee043163fd - - default default] Snapshot retrieved successfully.
2024-08-21 09:00:03.966 22 INFO cinder.api.openstack.wsgi [None req-74391658-b650-47d1-a51b-73a22460a57d 2a4754cc9835453ca11baa181261aa04 4bd92c56716744d7b9f2561d2544ea00 - - default default] http://[LB_IP_ADDRESS]:8776/v3/4bd92c56716744d7b9f2561d2544ea00/group_types/ca88a807-2aaf-442a-807f-6b4ecc8f1ef2 returned with HTTP 202
2024-08-21 09:00:03.980 19 INFO cinder.api.openstack.wsgi [None req-123a3b16-19e4-4198-9d72-8aea587d27f7 2a4754cc9835453ca11baa181261aa04 4bd92c56716744d7b9f2561d2544ea00 - - default default] DELETE http://[LB_IP_ADDRESS]:8776/v3/4bd92c56716744d7b9f2561d2544ea00/types/d263f85b-cfc0-472a-bad1-2e6a62392127
2024-08-21 09:00:03.987 23 INFO cinder.volume.api [None req-1ab0796e-cd01-4584-9635-faae91fad72e ba90de5085df4e14894814cb96bd06d1 0b8dde8b2a8140b7bfeaa9ee043163fd - - default default] Snapshot delete request issued successfully.
2024-08-21 09:00:03.988 23 INFO cinder.api.openstack.wsgi [None req-1ab0796e-cd01-4584-9635-faae91fad72e ba90de5085df4e14894814cb96bd06d1 0b8dde8b2a8140b7bfeaa9ee043163fd - - default default] http://[LB_IP_ADDRESS]:8776/v3/0b8dde8b2a8140b7bfeaa9ee043163fd/snapshots/eb33318a-30c8-41e4-8e86-c8616785b4bd/action returned with HTTP 202
2024-08-21 09:00:04.003 21 INFO cinder.api.openstack.wsgi [None req-feb9ae83-b1b7-4ade-b02d-90c73d73c5ed 805f78be8b1e4a76862544c8b7eb9b06 e224641c676c4a68b53e6d024d5c4599 - - default default] GET http://[LB_IP_ADDRESS]:8776/v3/e224641c676c4a68b53e6d024d5c4599/snapshots/eb33318a-30c8-41e4-8e86-c8616785b4bd
2024-08-21 09:00:04.012 21 INFO cinder.volume.api [None req-feb9ae83-b1b7-4ade-b02d-90c73d73c5ed 805f78be8b1e4a76862544c8b7eb9b06 e224641c676c4a68b53e6d024d5c4599 - - default default] Snapshot retrieved successfully.
2024-08-21 09:00:04.013 21 INFO cinder.api.openstack.wsgi [None req-feb9ae83-b1b7-4ade-b02d-90c73d73c5ed 805f78be8b1e4a76862544c8b7eb9b06 e224641c676c4a68b53e6d024d5c4599 - - default default] http://[LB_IP_ADDRESS]:8776/v3/e224641c676c4a68b53e6d024d5c4599/snapshots/eb33318a-30c8-41e4-8e86-c8616785b4bd returned with HTTP 200
2024-08-21 09:00:04.056 19 INFO cinder.api.openstack.wsgi [None req-123a3b16-19e4-4198-9d72-8aea587d27f7 2a4754cc9835453ca11baa181261aa04 4bd92c56716744d7b9f2561d2544ea00 - - default default] http://[LB_IP_ADDRESS]:8776/v3/4bd92c56716744d7b9f2561d2544ea00/types/d263f85b-cfc0-472a-bad1-2e6a62392127 returned with HTTP 202
2024-08-21 09:00:04.071 20 INFO cinder.api.openstack.wsgi [None req-d62421ca-eb52-48e3-8a88-add26139eba0 2a4754cc9835453ca11baa181261aa04 4bd92c56716744d7b9f2561d2544ea00 - - default default] GET http://[LB_IP_ADDRESS]:8776/v3/4bd92c56716744d7b9f2561d2544ea00/types/d263f85b-cfc0-472a-bad1-2e6a62392127
2024-08-21 09:00:04.077 20 INFO cinder.api.openstack.wsgi [None req-d62421ca-eb52-48e3-8a88-add26139eba0 2a4754cc9835453ca11baa181261aa04 4bd92c56716744d7b9f2561d2544ea00 - - default default] http://[LB_IP_ADDRESS]:8776/v3/4bd92c56716744d7b9f2561d2544ea00/types/d263f85b-cfc0-472a-bad1-2e6a62392127 returned with HTTP 404
2024-08-21 09:00:04.098 22 INFO cinder.api.openstack.wsgi [None req-dae392f9-d2fd-48ff-9d49-8fcb8ba81931 2a4754cc9835453ca11baa181261aa04 4bd92c56716744d7b9f2561d2544ea00 - - default default] POST http://[LB_IP_ADDRESS]:8776/v3/4bd92c56716744d7b9f2561d2544ea00/types
2024-08-21 09:00:04.132 22 INFO cinder.api.openstack.wsgi [None req-dae392f9-d2fd-48ff-9d49-8fcb8ba81931 2a4754cc9835453ca11baa181261aa04 4bd92c56716744d7b9f2561d2544ea00 - - default default] http://[LB_IP_ADDRESS]:8776/v3/4bd92c56716744d7b9f2561d2544ea00/types returned with HTTP 200
2024-08-21 09:00:04.148 23 INFO cinder.api.openstack.wsgi [None req-4eeb167e-095e-46ce-b864-0e02c188174a 2a4754cc9835453ca11baa181261aa04 4bd92c56716744d7b9f2561d2544ea00 - - default default] POST http://[LB_IP_ADDRESS]:8776/v3/4bd92c56716744d7b9f2561d2544ea00/group_types
2024-08-21 09:00:04.174 23 INFO cinder.api.openstack.wsgi [None req-4eeb167e-095e-46ce-b864-0e02c188174a 2a4754cc9835453ca11baa181261aa04 4bd92c56716744d7b9f2561d2544ea00 - - default default] http://[LB_IP_ADDRESS]:8776/v3/4bd92c56716744d7b9f2561d2544ea00/group_types returned with HTTP 202
2024-08-21 09:00:04.191 21 INFO cinder.api.openstack.wsgi [None req-7ee54962-745a-4e92-8710-4da77c55c5f8 55b9b0335bcc41e6bae91eed1ddec459 c2527f07b34f42909109be20ffd4bfde - - default default] POST http://[LB_IP_ADDRESS]:8776/v3/c2527f07b34f42909109be20ffd4bfde/groups
2024-08-21 09:00:04.203 21 INFO cinder.api.v3.groups [None req-7ee54962-745a-4e92-8710-4da77c55c5f8 55b9b0335bcc41e6bae91eed1ddec459 c2527f07b34f42909109be20ffd4bfde - - default default] Creating group tempest-GroupSnapshotsTest-Group-1347482781.
2024-08-21 09:00:04.214 19 INFO cinder.api.openstack.wsgi [None req-945cf044-650b-4747-b7e8-c859a4a98143 f3df232be2a94acfb5d31d8c3f0e4878 5cd120d7806d4899b4ebda0afe3a6d2a - - default default] GET http://[LB_IP_ADDRESS]:8776/v3/5cd120d7806d4899b4ebda0afe3a6d2a/volumes/f85c60ef-b052-453b-8fff-ea1d097683ba
2024-08-21 09:00:04.232 19 INFO cinder.volume.api [None req-945cf044-650b-4747-b7e8-c859a4a98143 f3df232be2a94acfb5d31d8c3f0e4878 5cd120d7806d4899b4ebda0afe3a6d2a - - default default] Volume info retrieved successfully.
2024-08-21 09:00:04.264 19 INFO cinder.api.openstack.wsgi [None req-945cf044-650b-4747-b7e8-c859a4a98143 f3df232be2a94acfb5d31d8c3f0e4878 5cd120d7806d4899b4ebda0afe3a6d2a - - default default] http://[LB_IP_ADDRESS]:8776/v3/5cd120d7806d4899b4ebda0afe3a6d2a/volumes/f85c60ef-b052-453b-8fff-ea1d097683ba returned with HTTP 200
2024-08-21 09:00:04.509 21 INFO cinder.volume.api [None req-7ee54962-745a-4e92-8710-4da77c55c5f8 55b9b0335bcc41e6bae91eed1ddec459 c2527f07b34f42909109be20ffd4bfde - - default default] Availability Zones retrieved successfully.
2024-08-21 09:00:04.609 21 INFO cinder.api.openstack.wsgi [None req-7ee54962-745a-4e92-8710-4da77c55c5f8 55b9b0335bcc41e6bae91eed1ddec459 c2527f07b34f42909109be20ffd4bfde - - default default] http://[LB_IP_ADDRESS]:8776/v3/c2527f07b34f42909109be20ffd4bfde/groups returned with HTTP 202
2024-08-21 09:00:04.631 20 INFO cinder.api.openstack.wsgi [None req-f7506253-dbd9-4715-b29c-34251dce1822 55b9b0335bcc41e6bae91eed1ddec459 c2527f07b34f42909109be20ffd4bfde - - default default] GET http://[LB_IP_ADDRESS]:8776/v3/c2527f07b34f42909109be20ffd4bfde/groups/135e8354-d871-4309-9e3a-ab08754b5598
2024-08-21 09:00:04.656 20 INFO cinder.api.openstack.wsgi [None req-f7506253-dbd9-4715-b29c-34251dce1822 55b9b0335bcc41e6bae91eed1ddec459 c2527f07b34f42909109be20ffd4bfde - - default default] http://[LB_IP_ADDRESS]:8776/v3/c2527f07b34f42909109be20ffd4bfde/groups/135e8354-d871-4309-9e3a-ab08754b5598 returned with HTTP 200
2024-08-21 09:00:05.032 22 INFO cinder.api.openstack.wsgi [None req-df4e4ad9-0084-4bd8-a82e-3ed35dc9f877 805f78be8b1e4a76862544c8b7eb9b06 e224641c676c4a68b53e6d024d5c4599 - - default default] GET http://[LB_IP_ADDRESS]:8776/v3/e224641c676c4a68b53e6d024d5c4599/snapshots/eb33318a-30c8-41e4-8e86-c8616785b4bd
2024-08-21 09:00:05.050 22 INFO cinder.volume.api [None req-df4e4ad9-0084-4bd8-a82e-3ed35dc9f877 805f78be8b1e4a76862544c8b7eb9b06 e224641c676c4a68b53e6d024d5c4599 - - default default] Snapshot retrieved successfully.
2024-08-21 09:00:05.051 22 INFO cinder.api.openstack.wsgi [None req-df4e4ad9-0084-4bd8-a82e-3ed35dc9f877 805f78be8b1e4a76862544c8b7eb9b06 e224641c676c4a68b53e6d024d5c4599 - - default default] http://[LB_IP_ADDRESS]:8776/v3/e224641c676c4a68b53e6d024d5c4599/snapshots/eb33318a-30c8-41e4-8e86-c8616785b4bd returned with HTTP 200
2024-08-21 09:00:05.294 23 INFO cinder.api.openstack.wsgi [None req-c0733eb4-8b41-4100-9e04-87616a94e043 f3df232be2a94acfb5d31d8c3f0e4878 5cd120d7806d4899b4ebda0afe3a6d2a - - default default] GET http://[LB_IP_ADDRESS]:8776/v3/5cd120d7806d4899b4ebda0afe3a6d2a/volumes/f85c60ef-b052-453b-8fff-ea1d097683ba
2024-08-21 09:00:05.307 23 INFO cinder.api.openstack.wsgi [None req-c0733eb4-8b41-4100-9e04-87616a94e043 f3df232be2a94acfb5d31d8c3f0e4878 5cd120d7806d4899b4ebda0afe3a6d2a - - default default] http://[LB_IP_ADDRESS]:8776/v3/5cd120d7806d4899b4ebda0afe3a6d2a/volumes/f85c60ef-b052-453b-8fff-ea1d097683ba returned with HTTP 404
2024-08-21 09:00:05.320 19 INFO cinder.api.openstack.wsgi [None req-aa884d51-6fe9-4ba4-ac7d-45194a1e3cb6 f3df232be2a94acfb5d31d8c3f0e4878 5cd120d7806d4899b4ebda0afe3a6d2a - - default default] GET http://[LB_IP_ADDRESS]:8776/v3/5cd120d7806d4899b4ebda0afe3a6d2a/groups/c335e99d-9885-4af1-8c64-f3a997c9b32b
2024-08-21 09:00:05.324 19 INFO cinder.api.openstack.wsgi [None req-aa884d51-6fe9-4ba4-ac7d-45194a1e3cb6 f3df232be2a94acfb5d31d8c3f0e4878 5cd120d7806d4899b4ebda0afe3a6d2a - - default default] http://[LB_IP_ADDRESS]:8776/v3/5cd120d7806d4899b4ebda0afe3a6d2a/groups/c335e99d-9885-4af1-8c64-f3a997c9b32b returned with HTTP 404
2024-08-21 09:00:05.336 21 INFO cinder.api.openstack.wsgi [None req-ba62cd5e-93df-457e-8812-dee4c178afb2 f3df232be2a94acfb5d31d8c3f0e4878 5cd120d7806d4899b4ebda0afe3a6d2a - - default default] GET http://[LB_IP_ADDRESS]:8776/v3/5cd120d7806d4899b4ebda0afe3a6d2a/volumes/detail
2024-08-21 09:00:05.362 21 INFO cinder.volume.api [None req-ba62cd5e-93df-457e-8812-dee4c178afb2 f3df232be2a94acfb5d31d8c3f0e4878 5cd120d7806d4899b4ebda0afe3a6d2a - - default default] Get all volumes completed successfully.
2024-08-21 09:00:05.397 21 INFO cinder.api.openstack.wsgi [None req-ba62cd5e-93df-457e-8812-dee4c178afb2 f3df232be2a94acfb5d31d8c3f0e4878 5cd120d7806d4899b4ebda0afe3a6d2a - - default default] http://[LB_IP_ADDRESS]:8776/v3/5cd120d7806d4899b4ebda0afe3a6d2a/volumes/detail returned with HTTP 200
2024-08-21 09:00:05.429 20 INFO cinder.api.openstack.wsgi [None req-2a8270b2-0530-4169-affe-cbafba4b8bf1 f3df232be2a94acfb5d31d8c3f0e4878 5cd120d7806d4899b4ebda0afe3a6d2a - - default default] POST http://[LB_IP_ADDRESS]:8776/v3/5cd120d7806d4899b4ebda0afe3a6d2a/groups/3a20112a-f5ec-4bc6-8189-9f725d1b412c/action
2024-08-21 09:00:05.434 20 INFO cinder.api.v3.groups [None req-2a8270b2-0530-4169-affe-cbafba4b8bf1 f3df232be2a94acfb5d31d8c3f0e4878 5cd120d7806d4899b4ebda0afe3a6d2a - - default default] Delete group with id: 3a20112a-f5ec-4bc6-8189-9f725d1b412c
2024-08-21 09:00:05.484 20 INFO cinder.api.openstack.wsgi [None req-2a8270b2-0530-4169-affe-cbafba4b8bf1 f3df232be2a94acfb5d31d8c3f0e4878 5cd120d7806d4899b4ebda0afe3a6d2a - - default default] http://[LB_IP_ADDRESS]:8776/v3/5cd120d7806d4899b4ebda0afe3a6d2a/groups/3a20112a-f5ec-4bc6-8189-9f725d1b412c/action returned with HTTP 202
2024-08-21 09:00:05.497 22 INFO cinder.api.openstack.wsgi [None req-8649431d-0075-4697-960c-b38a082355a2 f3df232be2a94acfb5d31d8c3f0e4878 5cd120d7806d4899b4ebda0afe3a6d2a - - default default] GET http://[LB_IP_ADDRESS]:8776/v3/5cd120d7806d4899b4ebda0afe3a6d2a/volumes/b4ee9dc0-52a1-4baf-a4e9-d30738b3e91c
2024-08-21 09:00:05.519 22 INFO cinder.volume.api [None req-8649431d-0075-4697-960c-b38a082355a2 f3df232be2a94acfb5d31d8c3f0e4878 5cd120d7806d4899b4ebda0afe3a6d2a - - default default] Volume info retrieved successfully.
2024-08-21 09:00:05.537 22 INFO cinder.api.openstack.wsgi [None req-8649431d-0075-4697-960c-b38a082355a2 f3df232be2a94acfb5d31d8c3f0e4878 5cd120d7806d4899b4ebda0afe3a6d2a - - default default] http://[LB_IP_ADDRESS]:8776/v3/5cd120d7806d4899b4ebda0afe3a6d2a/volumes/b4ee9dc0-52a1-4baf-a4e9-d30738b3e91c returned with HTTP 200
2024-08-21 09:00:05.676 23 INFO cinder.api.openstack.wsgi [None req-3aa599e1-cf1d-4bc5-8dff-0e1d5c28d568 55b9b0335bcc41e6bae91eed1ddec459 c2527f07b34f42909109be20ffd4bfde - - default default] GET http://[LB_IP_ADDRESS]:8776/v3/c2527f07b34f42909109be20ffd4bfde/groups/135e8354-d871-4309-9e3a-ab08754b5598
2024-08-21 09:00:05.696 23 INFO cinder.api.openstack.wsgi [None req-3aa599e1-cf1d-4bc5-8dff-0e1d5c28d568 55b9b0335bcc41e6bae91eed1ddec459 c2527f07b34f42909109be20ffd4bfde - - default default] http://[LB_IP_ADDRESS]:8776/v3/c2527f07b34f42909109be20ffd4bfde/groups/135e8354-d871-4309-9e3a-ab08754b5598 returned with HTTP 200
2024-08-21 09:00:05.715 19 INFO cinder.api.openstack.wsgi [None req-ad89541c-6344-41cf-ad51-2db972ef2e68 55b9b0335bcc41e6bae91eed1ddec459 c2527f07b34f42909109be20ffd4bfde - - default default] POST http://[LB_IP_ADDRESS]:8776/v3/c2527f07b34f42909109be20ffd4bfde/volumes
2024-08-21 09:00:05.728 19 INFO cinder.api.v3.volumes [None req-ad89541c-6344-41cf-ad51-2db972ef2e68 55b9b0335bcc41e6bae91eed1ddec459 c2527f07b34f42909109be20ffd4bfde - - default default] Create volume of 1 GB
2024-08-21 09:00:05.734 19 INFO cinder.volume.api [None req-ad89541c-6344-41cf-ad51-2db972ef2e68 55b9b0335bcc41e6bae91eed1ddec459 c2527f07b34f42909109be20ffd4bfde - - default default] Availability Zones retrieved successfully.
2024-08-21 09:00:05.851 19 WARNING cinder.quota [None req-ad89541c-6344-41cf-ad51-2db972ef2e68 55b9b0335bcc41e6bae91eed1ddec459 c2527f07b34f42909109be20ffd4bfde - - default default] Deprecated: Default quota for resource: volumes_tempest-GroupSnapshotsTest-volume-type-1889166012 is set by the default quota flag: quota_volumes_tempest-GroupSnapshotsTest-volume-type-1889166012, it is now deprecated. Please use the default quota class for default quota.
2024-08-21 09:00:05.851 19 WARNING cinder.quota [None req-ad89541c-6344-41cf-ad51-2db972ef2e68 55b9b0335bcc41e6bae91eed1ddec459 c2527f07b34f42909109be20ffd4bfde - - default default] Deprecated: Default quota for resource: gigabytes_tempest-GroupSnapshotsTest-volume-type-1889166012 is set by the default quota flag: quota_gigabytes_tempest-GroupSnapshotsTest-volume-type-1889166012, it is now deprecated. Please use the default quota class for default quota.
2024-08-21 09:00:05.951 19 INFO cinder.volume.api [None req-ad89541c-6344-41cf-ad51-2db972ef2e68 55b9b0335bcc41e6bae91eed1ddec459 c2527f07b34f42909109be20ffd4bfde - - default default] Create volume request issued successfully.
2024-08-21 09:00:05.972 19 INFO cinder.api.openstack.wsgi [None req-ad89541c-6344-41cf-ad51-2db972ef2e68 55b9b0335bcc41e6bae91eed1ddec459 c2527f07b34f42909109be20ffd4bfde - - default default] http://[LB_IP_ADDRESS]:8776/v3/c2527f07b34f42909109be20ffd4bfde/volumes returned with HTTP 202
2024-08-21 09:00:06.000 21 INFO cinder.api.openstack.wsgi [None req-90e52f8c-74a4-48dd-88b2-02b1a8d6c723 55b9b0335bcc41e6bae91eed1ddec459 c2527f07b34f42909109be20ffd4bfde - - default default] GET http://[LB_IP_ADDRESS]:8776/v3/c2527f07b34f42909109be20ffd4bfde/volumes/0bbed900-659d-4b99-b379-517cc34d2c73
2024-08-21 09:00:06.020 21 INFO cinder.volume.api [None req-90e52f8c-74a4-48dd-88b2-02b1a8d6c723 55b9b0335bcc41e6bae91eed1ddec459 c2527f07b34f42909109be20ffd4bfde - - default default] Volume info retrieved successfully.
2024-08-21 09:00:06.056 21 INFO cinder.api.openstack.wsgi [None req-90e52f8c-74a4-48dd-88b2-02b1a8d6c723 55b9b0335bcc41e6bae91eed1ddec459 c2527f07b34f42909109be20ffd4bfde - - default default] http://[LB_IP_ADDRESS]:8776/v3/c2527f07b34f42909109be20ffd4bfde/volumes/0bbed900-659d-4b99-b379-517cc34d2c73 returned with HTTP 200
2024-08-21 09:00:06.071 20 INFO cinder.api.openstack.wsgi [None req-4becfb8e-9abc-4ce3-a05c-7dc511474898 805f78be8b1e4a76862544c8b7eb9b06 e224641c676c4a68b53e6d024d5c4599 - - default default] GET http://[LB_IP_ADDRESS]:8776/v3/e224641c676c4a68b53e6d024d5c4599/snapshots/eb33318a-30c8-41e4-8e86-c8616785b4bd
2024-08-21 09:00:06.081 20 INFO cinder.api.openstack.wsgi [None req-4becfb8e-9abc-4ce3-a05c-7dc511474898 805f78be8b1e4a76862544c8b7eb9b06 e224641c676c4a68b53e6d024d5c4599 - - default default] http://[LB_IP_ADDRESS]:8776/v3/e224641c676c4a68b53e6d024d5c4599/snapshots/eb33318a-30c8-41e4-8e86-c8616785b4bd returned with HTTP 404
2024-08-21 09:00:06.096 22 INFO cinder.api.openstack.wsgi [None req-ec07de0f-873f-4761-aa36-d46187dfa6ac ba90de5085df4e14894814cb96bd06d1 0b8dde8b2a8140b7bfeaa9ee043163fd - - default default] POST http://[LB_IP_ADDRESS]:8776/v3/0b8dde8b2a8140b7bfeaa9ee043163fd/snapshots/b0b10e95-f7da-4c50-86cc-e6ba401901bf/action
2024-08-21 09:00:06.125 22 INFO cinder.api.openstack.wsgi [None req-ec07de0f-873f-4761-aa36-d46187dfa6ac ba90de5085df4e14894814cb96bd06d1 0b8dde8b2a8140b7bfeaa9ee043163fd - - default default] http://[LB_IP_ADDRESS]:8776/v3/0b8dde8b2a8140b7bfeaa9ee043163fd/snapshots/b0b10e95-f7da-4c50-86cc-e6ba401901bf/action returned with HTTP 202
2024-08-21 09:00:06.139 23 INFO cinder.api.openstack.wsgi [None req-6b3533a4-2a7f-4bbe-98ee-b2c122bae1bf 805f78be8b1e4a76862544c8b7eb9b06 e224641c676c4a68b53e6d024d5c4599 - - default default] GET http://[LB_IP_ADDRESS]:8776/v3/e224641c676c4a68b53e6d024d5c4599/snapshots/b0b10e95-f7da-4c50-86cc-e6ba401901bf
2024-08-21 09:00:06.150 23 INFO cinder.volume.api [None req-6b3533a4-2a7f-4bbe-98ee-b2c122bae1bf 805f78be8b1e4a76862544c8b7eb9b06 e224641c676c4a68b53e6d024d5c4599 - - default default] Snapshot retrieved successfully.
2024-08-21 09:00:06.151 23 INFO cinder.api.openstack.wsgi [None req-6b3533a4-2a7f-4bbe-98ee-b2c122bae1bf 805f78be8b1e4a76862544c8b7eb9b06 e224641c676c4a68b53e6d024d5c4599 - - default default] http://[LB_IP_ADDRESS]:8776/v3/e224641c676c4a68b53e6d024d5c4599/snapshots/b0b10e95-f7da-4c50-86cc-e6ba401901bf returned with HTTP 200
2024-08-21 09:00:06.171 19 INFO cinder.api.openstack.wsgi [None req-dddba03c-0451-4fd3-aa46-9bfe8a52cfe1 805f78be8b1e4a76862544c8b7eb9b06 e224641c676c4a68b53e6d024d5c4599 - - default default] DELETE http://[LB_IP_ADDRESS]:8776/v3/e224641c676c4a68b53e6d024d5c4599/snapshots/eb33318a-30c8-41e4-8e86-c8616785b4bd
2024-08-21 09:00:06.172 19 INFO cinder.api.v2.snapshots [None req-dddba03c-0451-4fd3-aa46-9bfe8a52cfe1 805f78be8b1e4a76862544c8b7eb9b06 e224641c676c4a68b53e6d024d5c4599 - - default default] Delete snapshot with id: eb33318a-30c8-41e4-8e86-c8616785b4bd
2024-08-21 09:00:06.182 19 INFO cinder.api.openstack.wsgi [None req-dddba03c-0451-4fd3-aa46-9bfe8a52cfe1 805f78be8b1e4a76862544c8b7eb9b06 e224641c676c4a68b53e6d024d5c4599 - - default default] http://[LB_IP_ADDRESS]:8776/v3/e224641c676c4a68b53e6d024d5c4599/snapshots/eb33318a-30c8-41e4-8e86-c8616785b4bd returned with HTTP 404
2024-08-21 09:00:06.197 21 INFO cinder.api.openstack.wsgi [None req-f69d5d73-ebb2-48a9-8b27-f4b46220e8b6 805f78be8b1e4a76862544c8b7eb9b06 e224641c676c4a68b53e6d024d5c4599 - - default default] POST http://[LB_IP_ADDRESS]:8776/v3/e224641c676c4a68b53e6d024d5c4599/snapshots
2024-08-21 09:00:06.213 21 INFO cinder.volume.api [None req-f69d5d73-ebb2-48a9-8b27-f4b46220e8b6 805f78be8b1e4a76862544c8b7eb9b06 e224641c676c4a68b53e6d024d5c4599 - - default default] Volume info retrieved successfully.
2024-08-21 09:00:06.213 21 INFO cinder.api.v3.snapshots [None req-f69d5d73-ebb2-48a9-8b27-f4b46220e8b6 805f78be8b1e4a76862544c8b7eb9b06 e224641c676c4a68b53e6d024d5c4599 - - default default] Create snapshot from volume a151e973-d342-4a9d-b2be-435e4c55238f
2024-08-21 09:00:06.316 21 INFO cinder.volume.api [None req-f69d5d73-ebb2-48a9-8b27-f4b46220e8b6 805f78be8b1e4a76862544c8b7eb9b06 e224641c676c4a68b53e6d024d5c4599 - - default default] Snapshot create request issued successfully.
2024-08-21 09:00:06.318 21 INFO cinder.api.openstack.wsgi [None req-f69d5d73-ebb2-48a9-8b27-f4b46220e8b6 805f78be8b1e4a76862544c8b7eb9b06 e224641c676c4a68b53e6d024d5c4599 - - default default] http://[LB_IP_ADDRESS]:8776/v3/e224641c676c4a68b53e6d024d5c4599/snapshots returned with HTTP 202
2024-08-21 09:00:06.337 20 INFO cinder.api.openstack.wsgi [None req-e69b5d2e-c630-4df9-a7ae-67c9b92eb6ec 805f78be8b1e4a76862544c8b7eb9b06 e224641c676c4a68b53e6d024d5c4599 - - default default] GET http://[LB_IP_ADDRESS]:8776/v3/e224641c676c4a68b53e6d024d5c4599/snapshots/3473633c-328b-429e-a105-db64105c8232
2024-08-21 09:00:06.348 20 INFO cinder.volume.api [None req-e69b5d2e-c630-4df9-a7ae-67c9b92eb6ec 805f78be8b1e4a76862544c8b7eb9b06 e224641c676c4a68b53e6d024d5c4599 - - default default] Snapshot retrieved successfully.
2024-08-21 09:00:06.349 20 INFO cinder.api.openstack.wsgi [None req-e69b5d2e-c630-4df9-a7ae-67c9b92eb6ec 805f78be8b1e4a76862544c8b7eb9b06 e224641c676c4a68b53e6d024d5c4599 - - default default] http://[LB_IP_ADDRESS]:8776/v3/e224641c676c4a68b53e6d024d5c4599/snapshots/3473633c-328b-429e-a105-db64105c8232 returned with HTTP 200
2024-08-21 09:00:06.567 22 INFO cinder.api.openstack.wsgi [None req-51dd75d0-f336-4bf3-8ab5-046833d96856 f3df232be2a94acfb5d31d8c3f0e4878 5cd120d7806d4899b4ebda0afe3a6d2a - - default default] GET http://[LB_IP_ADDRESS]:8776/v3/5cd120d7806d4899b4ebda0afe3a6d2a/volumes/b4ee9dc0-52a1-4baf-a4e9-d30738b3e91c
2024-08-21 09:00:06.587 22 INFO cinder.volume.api [None req-51dd75d0-f336-4bf3-8ab5-046833d96856 f3df232be2a94acfb5d31d8c3f0e4878 5cd120d7806d4899b4ebda0afe3a6d2a - - default default] Volume info retrieved successfully.
2024-08-21 09:00:06.616 22 INFO cinder.api.openstack.wsgi [None req-51dd75d0-f336-4bf3-8ab5-046833d96856 f3df232be2a94acfb5d31d8c3f0e4878 5cd120d7806d4899b4ebda0afe3a6d2a - - default default] http://[LB_IP_ADDRESS]:8776/v3/5cd120d7806d4899b4ebda0afe3a6d2a/volumes/b4ee9dc0-52a1-4baf-a4e9-d30738b3e91c returned with HTTP 200
2024-08-21 09:00:07.088 23 INFO cinder.api.openstack.wsgi [None req-564da830-e667-43b7-a55d-e486d53da393 55b9b0335bcc41e6bae91eed1ddec459 c2527f07b34f42909109be20ffd4bfde - - default default] GET http://[LB_IP_ADDRESS]:8776/v3/c2527f07b34f42909109be20ffd4bfde/volumes/0bbed900-659d-4b99-b379-517cc34d2c73
2024-08-21 09:00:07.120 23 INFO cinder.volume.api [None req-564da830-e667-43b7-a55d-e486d53da393 55b9b0335bcc41e6bae91eed1ddec459 c2527f07b34f42909109be20ffd4bfde - - default default] Volume info retrieved successfully.
2024-08-21 09:00:07.143 23 INFO cinder.api.openstack.wsgi [None req-564da830-e667-43b7-a55d-e486d53da393 55b9b0335bcc41e6bae91eed1ddec459 c2527f07b34f42909109be20ffd4bfde - - default default] http://[LB_IP_ADDRESS]:8776/v3/c2527f07b34f42909109be20ffd4bfde/volumes/0bbed900-659d-4b99-b379-517cc34d2c73 returned with HTTP 200
2024-08-21 09:00:07.173 19 INFO cinder.api.openstack.wsgi [None req-a0ee0d70-94d7-4317-92d0-eadd826f96fc 55b9b0335bcc41e6bae91eed1ddec459 c2527f07b34f42909109be20ffd4bfde - - default default] POST http://[LB_IP_ADDRESS]:8776/v3/c2527f07b34f42909109be20ffd4bfde/volumes
2024-08-21 09:00:07.191 19 INFO cinder.api.v3.volumes [None req-a0ee0d70-94d7-4317-92d0-eadd826f96fc 55b9b0335bcc41e6bae91eed1ddec459 c2527f07b34f42909109be20ffd4bfde - - default default] Create volume of 1 GB
2024-08-21 09:00:07.197 19 INFO cinder.volume.api [None req-a0ee0d70-94d7-4317-92d0-eadd826f96fc 55b9b0335bcc41e6bae91eed1ddec459 c2527f07b34f42909109be20ffd4bfde - - default default] Availability Zones retrieved successfully.
2024-08-21 09:00:07.363 21 INFO cinder.api.openstack.wsgi [None req-beeee9c9-af2c-49a6-848d-2da40456f397 805f78be8b1e4a76862544c8b7eb9b06 e224641c676c4a68b53e6d024d5c4599 - - default default] GET http://[LB_IP_ADDRESS]:8776/v3/e224641c676c4a68b53e6d024d5c4599/snapshots/3473633c-328b-429e-a105-db64105c8232
2024-08-21 09:00:07.371 21 INFO cinder.volume.api [None req-beeee9c9-af2c-49a6-848d-2da40456f397 805f78be8b1e4a76862544c8b7eb9b06 e224641c676c4a68b53e6d024d5c4599 - - default default] Snapshot retrieved successfully.
2024-08-21 09:00:07.372 21 INFO cinder.api.openstack.wsgi [None req-beeee9c9-af2c-49a6-848d-2da40456f397 805f78be8b1e4a76862544c8b7eb9b06 e224641c676c4a68b53e6d024d5c4599 - - default default] http://[LB_IP_ADDRESS]:8776/v3/e224641c676c4a68b53e6d024d5c4599/snapshots/3473633c-328b-429e-a105-db64105c8232 returned with HTTP 200
2024-08-21 09:00:07.412 19 INFO cinder.volume.api [None req-a0ee0d70-94d7-4317-92d0-eadd826f96fc 55b9b0335bcc41e6bae91eed1ddec459 c2527f07b34f42909109be20ffd4bfde - - default default] Create volume request issued successfully.
2024-08-21 09:00:07.430 19 INFO cinder.api.openstack.wsgi [None req-a0ee0d70-94d7-4317-92d0-eadd826f96fc 55b9b0335bcc41e6bae91eed1ddec459 c2527f07b34f42909109be20ffd4bfde - - default default] http://[LB_IP_ADDRESS]:8776/v3/c2527f07b34f42909109be20ffd4bfde/volumes returned with HTTP 202
2024-08-21 09:00:07.457 20 INFO cinder.api.openstack.wsgi [None req-fe045ce1-9a68-4da8-8692-e95bb9aff3ff 55b9b0335bcc41e6bae91eed1ddec459 c2527f07b34f42909109be20ffd4bfde - - default default] GET http://[LB_IP_ADDRESS]:8776/v3/c2527f07b34f42909109be20ffd4bfde/volumes/d814a086-4549-4101-89f8-212720bbe86b
2024-08-21 09:00:07.477 20 INFO cinder.volume.api [None req-fe045ce1-9a68-4da8-8692-e95bb9aff3ff 55b9b0335bcc41e6bae91eed1ddec459 c2527f07b34f42909109be20ffd4bfde - - default default] Volume info retrieved successfully.
2024-08-21 09:00:07.493 20 INFO cinder.api.openstack.wsgi [None req-fe045ce1-9a68-4da8-8692-e95bb9aff3ff 55b9b0335bcc41e6bae91eed1ddec459 c2527f07b34f42909109be20ffd4bfde - - default default] http://[LB_IP_ADDRESS]:8776/v3/c2527f07b34f42909109be20ffd4bfde/volumes/d814a086-4549-4101-89f8-212720bbe86b returned with HTTP 200
2024-08-21 09:00:07.648 22 INFO cinder.api.openstack.wsgi [None req-5e0329ac-ba58-4a26-bf5c-d5b0bdce7afb f3df232be2a94acfb5d31d8c3f0e4878 5cd120d7806d4899b4ebda0afe3a6d2a - - default default] GET http://[LB_IP_ADDRESS]:8776/v3/5cd120d7806d4899b4ebda0afe3a6d2a/volumes/b4ee9dc0-52a1-4baf-a4e9-d30738b3e91c
2024-08-21 09:00:07.666 22 INFO cinder.api.openstack.wsgi [None req-5e0329ac-ba58-4a26-bf5c-d5b0bdce7afb f3df232be2a94acfb5d31d8c3f0e4878 5cd120d7806d4899b4ebda0afe3a6d2a - - default default] http://[LB_IP_ADDRESS]:8776/v3/5cd120d7806d4899b4ebda0afe3a6d2a/volumes/b4ee9dc0-52a1-4baf-a4e9-d30738b3e91c returned with HTTP 404
2024-08-21 09:00:07.682 23 INFO cinder.api.openstack.wsgi [None req-5e1c983b-dd85-4b80-be3c-4c53934b08fb f3df232be2a94acfb5d31d8c3f0e4878 5cd120d7806d4899b4ebda0afe3a6d2a - - default default] GET http://[LB_IP_ADDRESS]:8776/v3/5cd120d7806d4899b4ebda0afe3a6d2a/groups/3a20112a-f5ec-4bc6-8189-9f725d1b412c
2024-08-21 09:00:07.690 23 INFO cinder.api.openstack.wsgi [None req-5e1c983b-dd85-4b80-be3c-4c53934b08fb f3df232be2a94acfb5d31d8c3f0e4878 5cd120d7806d4899b4ebda0afe3a6d2a - - default default] http://[LB_IP_ADDRESS]:8776/v3/5cd120d7806d4899b4ebda0afe3a6d2a/groups/3a20112a-f5ec-4bc6-8189-9f725d1b412c returned with HTTP 404
2024-08-21 09:00:07.700 21 INFO cinder.api.openstack.wsgi [None req-5326b5f3-eb0a-4d51-898c-8144cb2c2c3a 6c3ade57b34b4bc88eea164b1d42c67a 98b3ffd3c1a4448d891f1498e6e45142 - - default default] DELETE http://[LB_IP_ADDRESS]:8776/v3/98b3ffd3c1a4448d891f1498e6e45142/group_types/e38ef98b-8562-483a-8312-24831b87271a
2024-08-21 09:00:07.721 21 INFO cinder.api.openstack.wsgi [None req-5326b5f3-eb0a-4d51-898c-8144cb2c2c3a 6c3ade57b34b4bc88eea164b1d42c67a 98b3ffd3c1a4448d891f1498e6e45142 - - default default] http://[LB_IP_ADDRESS]:8776/v3/98b3ffd3c1a4448d891f1498e6e45142/group_types/e38ef98b-8562-483a-8312-24831b87271a returned with HTTP 202
2024-08-21 09:00:07.738 19 INFO cinder.api.openstack.wsgi [None req-2439b522-52dc-4770-8790-f48aae01b08d 6c3ade57b34b4bc88eea164b1d42c67a 98b3ffd3c1a4448d891f1498e6e45142 - - default default] DELETE http://[LB_IP_ADDRESS]:8776/v3/98b3ffd3c1a4448d891f1498e6e45142/types/b23a9e54-faf1-461c-a2c5-ed7967d99452
2024-08-21 09:00:07.794 19 INFO cinder.api.openstack.wsgi [None req-2439b522-52dc-4770-8790-f48aae01b08d 6c3ade57b34b4bc88eea164b1d42c67a 98b3ffd3c1a4448d891f1498e6e45142 - - default default] http://[LB_IP_ADDRESS]:8776/v3/98b3ffd3c1a4448d891f1498e6e45142/types/b23a9e54-faf1-461c-a2c5-ed7967d99452 returned with HTTP 202
2024-08-21 09:00:07.808 20 INFO cinder.api.openstack.wsgi [None req-e41949c5-125f-4c04-b31f-adf51f2e2a06 6c3ade57b34b4bc88eea164b1d42c67a 98b3ffd3c1a4448d891f1498e6e45142 - - default default] GET http://[LB_IP_ADDRESS]:8776/v3/98b3ffd3c1a4448d891f1498e6e45142/types/b23a9e54-faf1-461c-a2c5-ed7967d99452
2024-08-21 09:00:07.814 20 INFO cinder.api.openstack.wsgi [None req-e41949c5-125f-4c04-b31f-adf51f2e2a06 6c3ade57b34b4bc88eea164b1d42c67a 98b3ffd3c1a4448d891f1498e6e45142 - - default default] http://[LB_IP_ADDRESS]:8776/v3/98b3ffd3c1a4448d891f1498e6e45142/types/b23a9e54-faf1-461c-a2c5-ed7967d99452 returned with HTTP 404
2024-08-21 09:00:08.391 22 INFO cinder.api.openstack.wsgi [None req-3c60f286-7490-472f-922f-1cf84706e519 805f78be8b1e4a76862544c8b7eb9b06 e224641c676c4a68b53e6d024d5c4599 - - default default] GET http://[LB_IP_ADDRESS]:8776/v3/e224641c676c4a68b53e6d024d5c4599/snapshots/3473633c-328b-429e-a105-db64105c8232
2024-08-21 09:00:08.402 22 INFO cinder.volume.api [None req-3c60f286-7490-472f-922f-1cf84706e519 805f78be8b1e4a76862544c8b7eb9b06 e224641c676c4a68b53e6d024d5c4599 - - default default] Snapshot retrieved successfully.
