2026-06-09 23:42:38.614 73 INFO cinder.api.v3.groups [None req-5bc78451-c0b7-44de-ae8b-db90aed6c251 934fab76ca7c49dd9b0c2a5d0b1a0f40 7a9c1673ecec4449b724e18458ec5f8a - - default default] Delete group with id: 9bc1b8e4-2c9b-4ebc-a127-2e58696df022
2026-06-09 23:42:38.619 73 INFO cinder.api.openstack.wsgi [None req-5bc78451-c0b7-44de-ae8b-db90aed6c251 934fab76ca7c49dd9b0c2a5d0b1a0f40 7a9c1673ecec4449b724e18458ec5f8a - - default default] http://[LB_IP_ADDRESS]:8776/v3/7a9c1673ecec4449b724e18458ec5f8a/groups/9bc1b8e4-2c9b-4ebc-a127-2e58696df022/action returned with HTTP 404
2026-06-09 23:42:38.625 76 INFO cinder.volume.api [None req-3e696ad0-e9b9-4457-94b6-b4bf1249823f c63e95acdf6e4e6880bbb43149b85e5f 2fb229dfc2ac4dcb9b2767e138f0b7db - - default default] Volume info retrieved successfully.
2026-06-09 23:42:38.631 72 INFO cinder.api.openstack.wsgi [None req-468e9c83-f6e6-4bf0-b9c3-89dc74633423 934fab76ca7c49dd9b0c2a5d0b1a0f40 7a9c1673ecec4449b724e18458ec5f8a - - default default] GET http://[LB_IP_ADDRESS]:8776/v3/7a9c1673ecec4449b724e18458ec5f8a/volumes/detail
2026-06-09 23:42:38.635 76 INFO cinder.api.openstack.wsgi [None req-3e696ad0-e9b9-4457-94b6-b4bf1249823f c63e95acdf6e4e6880bbb43149b85e5f 2fb229dfc2ac4dcb9b2767e138f0b7db - - default default] http://[LB_IP_ADDRESS]:8776/v3/2fb229dfc2ac4dcb9b2767e138f0b7db/volumes/2207423c-203d-4e7c-9c07-09b862651154 returned with HTTP 200
2026-06-09 23:42:38.643 72 INFO cinder.volume.api [None req-468e9c83-f6e6-4bf0-b9c3-89dc74633423 934fab76ca7c49dd9b0c2a5d0b1a0f40 7a9c1673ecec4449b724e18458ec5f8a - - default default] Get all volumes completed successfully.
2026-06-09 23:42:38.647 72 INFO cinder.api.openstack.wsgi [None req-468e9c83-f6e6-4bf0-b9c3-89dc74633423 934fab76ca7c49dd9b0c2a5d0b1a0f40 7a9c1673ecec4449b724e18458ec5f8a - - default default] http://[LB_IP_ADDRESS]:8776/v3/7a9c1673ecec4449b724e18458ec5f8a/volumes/detail returned with HTTP 200
2026-06-09 23:42:38.657 75 INFO cinder.api.openstack.wsgi [None req-906e9a84-3fe1-4bd0-b084-4602d7c56d92 c63e95acdf6e4e6880bbb43149b85e5f 2fb229dfc2ac4dcb9b2767e138f0b7db - - default default] DELETE http://[LB_IP_ADDRESS]:8776/v3/2fb229dfc2ac4dcb9b2767e138f0b7db/volumes/2207423c-203d-4e7c-9c07-09b862651154
2026-06-09 23:42:38.658 75 INFO cinder.api.v3.volumes [None req-906e9a84-3fe1-4bd0-b084-4602d7c56d92 c63e95acdf6e4e6880bbb43149b85e5f 2fb229dfc2ac4dcb9b2767e138f0b7db - - default default] Delete volume with id: 2207423c-203d-4e7c-9c07-09b862651154 
2026-06-09 23:42:38.666 74 INFO cinder.api.openstack.wsgi [None req-070b5bec-3f0e-4f61-9c37-06eafc29cb49 934fab76ca7c49dd9b0c2a5d0b1a0f40 7a9c1673ecec4449b724e18458ec5f8a - - default default] POST http://[LB_IP_ADDRESS]:8776/v3/7a9c1673ecec4449b724e18458ec5f8a/groups/15e5dafb-4e47-4702-a685-a626b174df55/action
2026-06-09 23:42:38.670 74 INFO cinder.api.v3.groups [None req-070b5bec-3f0e-4f61-9c37-06eafc29cb49 934fab76ca7c49dd9b0c2a5d0b1a0f40 7a9c1673ecec4449b724e18458ec5f8a - - default default] Delete group with id: 15e5dafb-4e47-4702-a685-a626b174df55
2026-06-09 23:42:38.672 75 INFO cinder.volume.api [None req-906e9a84-3fe1-4bd0-b084-4602d7c56d92 c63e95acdf6e4e6880bbb43149b85e5f 2fb229dfc2ac4dcb9b2767e138f0b7db - - default default] Volume info retrieved successfully.
2026-06-09 23:42:38.675 74 INFO cinder.api.openstack.wsgi [None req-070b5bec-3f0e-4f61-9c37-06eafc29cb49 934fab76ca7c49dd9b0c2a5d0b1a0f40 7a9c1673ecec4449b724e18458ec5f8a - - default default] http://[LB_IP_ADDRESS]:8776/v3/7a9c1673ecec4449b724e18458ec5f8a/groups/15e5dafb-4e47-4702-a685-a626b174df55/action returned with HTTP 404
2026-06-09 23:42:38.687 73 INFO cinder.api.openstack.wsgi [None req-ec884503-8a6f-46b6-bfc1-d58e3f5e0869 60adfdb40a35458d9bde657668fe3f0e 8c85ac261c724bcf9e30cde9e1b1a36a - - default default] DELETE http://[LB_IP_ADDRESS]:8776/v3/8c85ac261c724bcf9e30cde9e1b1a36a/group_types/06b9ae0e-e6db-4f90-b118-b7afdd9fa962
2026-06-09 23:42:38.699 75 INFO cinder.volume.api [None req-906e9a84-3fe1-4bd0-b084-4602d7c56d92 c63e95acdf6e4e6880bbb43149b85e5f 2fb229dfc2ac4dcb9b2767e138f0b7db - - default default] Delete volume request issued successfully.
2026-06-09 23:42:38.700 75 INFO cinder.api.openstack.wsgi [None req-906e9a84-3fe1-4bd0-b084-4602d7c56d92 c63e95acdf6e4e6880bbb43149b85e5f 2fb229dfc2ac4dcb9b2767e138f0b7db - - default default] http://[LB_IP_ADDRESS]:8776/v3/2fb229dfc2ac4dcb9b2767e138f0b7db/volumes/2207423c-203d-4e7c-9c07-09b862651154 returned with HTTP 202
2026-06-09 23:42:38.707 73 INFO cinder.api.openstack.wsgi [None req-ec884503-8a6f-46b6-bfc1-d58e3f5e0869 60adfdb40a35458d9bde657668fe3f0e 8c85ac261c724bcf9e30cde9e1b1a36a - - default default] http://[LB_IP_ADDRESS]:8776/v3/8c85ac261c724bcf9e30cde9e1b1a36a/group_types/06b9ae0e-e6db-4f90-b118-b7afdd9fa962 returned with HTTP 202
2026-06-09 23:42:38.711 76 INFO cinder.api.openstack.wsgi [None req-4e0008e7-9090-434e-98a8-ab7d16c20cc7 c63e95acdf6e4e6880bbb43149b85e5f 2fb229dfc2ac4dcb9b2767e138f0b7db - - default default] GET http://[LB_IP_ADDRESS]:8776/v3/2fb229dfc2ac4dcb9b2767e138f0b7db/volumes/2207423c-203d-4e7c-9c07-09b862651154
2026-06-09 23:42:38.719 72 INFO cinder.api.openstack.wsgi [None req-9f5ad640-b9e9-4a63-91b2-8d0e4efc1830 60adfdb40a35458d9bde657668fe3f0e 8c85ac261c724bcf9e30cde9e1b1a36a - - default default] DELETE http://[LB_IP_ADDRESS]:8776/v3/8c85ac261c724bcf9e30cde9e1b1a36a/types/dbf47f85-7f75-43f2-9045-a9d5986bf4fc
2026-06-09 23:42:38.733 76 INFO cinder.volume.api [None req-4e0008e7-9090-434e-98a8-ab7d16c20cc7 c63e95acdf6e4e6880bbb43149b85e5f 2fb229dfc2ac4dcb9b2767e138f0b7db - - default default] Volume info retrieved successfully.
2026-06-09 23:42:38.742 76 INFO cinder.api.openstack.wsgi [None req-4e0008e7-9090-434e-98a8-ab7d16c20cc7 c63e95acdf6e4e6880bbb43149b85e5f 2fb229dfc2ac4dcb9b2767e138f0b7db - - default default] http://[LB_IP_ADDRESS]:8776/v3/2fb229dfc2ac4dcb9b2767e138f0b7db/volumes/2207423c-203d-4e7c-9c07-09b862651154 returned with HTTP 200
2026-06-09 23:42:38.763 72 INFO cinder.api.openstack.wsgi [None req-9f5ad640-b9e9-4a63-91b2-8d0e4efc1830 60adfdb40a35458d9bde657668fe3f0e 8c85ac261c724bcf9e30cde9e1b1a36a - - default default] http://[LB_IP_ADDRESS]:8776/v3/8c85ac261c724bcf9e30cde9e1b1a36a/types/dbf47f85-7f75-43f2-9045-a9d5986bf4fc returned with HTTP 202
2026-06-09 23:42:38.776 74 INFO cinder.api.openstack.wsgi [None req-36e9f414-6fd2-4807-85ba-5a8cb7607c97 60adfdb40a35458d9bde657668fe3f0e 8c85ac261c724bcf9e30cde9e1b1a36a - - default default] GET http://[LB_IP_ADDRESS]:8776/v3/8c85ac261c724bcf9e30cde9e1b1a36a/types/dbf47f85-7f75-43f2-9045-a9d5986bf4fc
2026-06-09 23:42:38.781 74 INFO cinder.api.openstack.wsgi [None req-36e9f414-6fd2-4807-85ba-5a8cb7607c97 60adfdb40a35458d9bde657668fe3f0e 8c85ac261c724bcf9e30cde9e1b1a36a - - default default] http://[LB_IP_ADDRESS]:8776/v3/8c85ac261c724bcf9e30cde9e1b1a36a/types/dbf47f85-7f75-43f2-9045-a9d5986bf4fc returned with HTTP 404
2026-06-09 23:42:38.796 75 INFO cinder.api.openstack.wsgi [None req-86dcdc1e-0e70-4d77-a00e-f6c339ce2143 60adfdb40a35458d9bde657668fe3f0e 8c85ac261c724bcf9e30cde9e1b1a36a - - default default] POST http://[LB_IP_ADDRESS]:8776/v3/8c85ac261c724bcf9e30cde9e1b1a36a/types
2026-06-09 23:42:38.824 75 INFO cinder.api.openstack.wsgi [None req-86dcdc1e-0e70-4d77-a00e-f6c339ce2143 60adfdb40a35458d9bde657668fe3f0e 8c85ac261c724bcf9e30cde9e1b1a36a - - default default] http://[LB_IP_ADDRESS]:8776/v3/8c85ac261c724bcf9e30cde9e1b1a36a/types returned with HTTP 200
2026-06-09 23:42:38.838 73 INFO cinder.api.openstack.wsgi [None req-dd5e7d4b-7d62-433d-b76a-512f52b1293b 60adfdb40a35458d9bde657668fe3f0e 8c85ac261c724bcf9e30cde9e1b1a36a - - default default] POST http://[LB_IP_ADDRESS]:8776/v3/8c85ac261c724bcf9e30cde9e1b1a36a/group_types
2026-06-09 23:42:38.861 73 INFO cinder.api.openstack.wsgi [None req-dd5e7d4b-7d62-433d-b76a-512f52b1293b 60adfdb40a35458d9bde657668fe3f0e 8c85ac261c724bcf9e30cde9e1b1a36a - - default default] http://[LB_IP_ADDRESS]:8776/v3/8c85ac261c724bcf9e30cde9e1b1a36a/group_types returned with HTTP 202
2026-06-09 23:42:38.874 76 INFO cinder.api.openstack.wsgi [None req-e4ef8472-f54c-4f9e-a3ba-7b324175cb9e 934fab76ca7c49dd9b0c2a5d0b1a0f40 7a9c1673ecec4449b724e18458ec5f8a - - default default] POST http://[LB_IP_ADDRESS]:8776/v3/7a9c1673ecec4449b724e18458ec5f8a/groups
2026-06-09 23:42:38.884 76 INFO cinder.api.v3.groups [None req-e4ef8472-f54c-4f9e-a3ba-7b324175cb9e 934fab76ca7c49dd9b0c2a5d0b1a0f40 7a9c1673ecec4449b724e18458ec5f8a - - default default] Creating group tempest-GroupsTest-Group-1158522823.
2026-06-09 23:42:38.896 76 INFO cinder.volume.api [None req-e4ef8472-f54c-4f9e-a3ba-7b324175cb9e 934fab76ca7c49dd9b0c2a5d0b1a0f40 7a9c1673ecec4449b724e18458ec5f8a - - default default] Availability Zones retrieved successfully.
2026-06-09 23:42:38.969 76 INFO cinder.api.openstack.wsgi [None req-e4ef8472-f54c-4f9e-a3ba-7b324175cb9e 934fab76ca7c49dd9b0c2a5d0b1a0f40 7a9c1673ecec4449b724e18458ec5f8a - - default default] http://[LB_IP_ADDRESS]:8776/v3/7a9c1673ecec4449b724e18458ec5f8a/groups returned with HTTP 202
2026-06-09 23:42:38.983 72 INFO cinder.api.openstack.wsgi [None req-277a9e91-86d4-4822-a08d-225edb88fb12 934fab76ca7c49dd9b0c2a5d0b1a0f40 7a9c1673ecec4449b724e18458ec5f8a - - default default] GET http://[LB_IP_ADDRESS]:8776/v3/7a9c1673ecec4449b724e18458ec5f8a/groups/75b54c80-a96c-4aed-afad-76bf41dca883
2026-06-09 23:42:39.005 72 INFO cinder.api.openstack.wsgi [None req-277a9e91-86d4-4822-a08d-225edb88fb12 934fab76ca7c49dd9b0c2a5d0b1a0f40 7a9c1673ecec4449b724e18458ec5f8a - - default default] http://[LB_IP_ADDRESS]:8776/v3/7a9c1673ecec4449b724e18458ec5f8a/groups/75b54c80-a96c-4aed-afad-76bf41dca883 returned with HTTP 200
2026-06-09 23:42:39.502 74 INFO cinder.api.openstack.wsgi [None req-a684edde-374b-43f2-8636-2260df5a06ba 5f4c164dc030469994afd210b16b2f79 0e8d79558a32481c899d3c43b98c20e5 - - default default] GET http://[LB_IP_ADDRESS]:8776/v3/0e8d79558a32481c899d3c43b98c20e5/volumes/10efb0e6-a982-4d07-9bd0-54a5bdfe42d3
2026-06-09 23:42:39.522 74 INFO cinder.volume.api [None req-a684edde-374b-43f2-8636-2260df5a06ba 5f4c164dc030469994afd210b16b2f79 0e8d79558a32481c899d3c43b98c20e5 - - default default] Volume info retrieved successfully.
2026-06-09 23:42:39.543 74 INFO cinder.api.openstack.wsgi [None req-a684edde-374b-43f2-8636-2260df5a06ba 5f4c164dc030469994afd210b16b2f79 0e8d79558a32481c899d3c43b98c20e5 - - default default] http://[LB_IP_ADDRESS]:8776/v3/0e8d79558a32481c899d3c43b98c20e5/volumes/10efb0e6-a982-4d07-9bd0-54a5bdfe42d3 returned with HTTP 200
2026-06-09 23:42:39.765 75 INFO cinder.api.openstack.wsgi [None req-4f34600d-41e3-41b8-8739-aeb38403767e c63e95acdf6e4e6880bbb43149b85e5f 2fb229dfc2ac4dcb9b2767e138f0b7db - - default default] GET http://[LB_IP_ADDRESS]:8776/v3/2fb229dfc2ac4dcb9b2767e138f0b7db/volumes/2207423c-203d-4e7c-9c07-09b862651154
2026-06-09 23:42:39.778 75 INFO cinder.api.openstack.wsgi [None req-4f34600d-41e3-41b8-8739-aeb38403767e c63e95acdf6e4e6880bbb43149b85e5f 2fb229dfc2ac4dcb9b2767e138f0b7db - - default default] http://[LB_IP_ADDRESS]:8776/v3/2fb229dfc2ac4dcb9b2767e138f0b7db/volumes/2207423c-203d-4e7c-9c07-09b862651154 returned with HTTP 404
2026-06-09 23:42:40.021 73 INFO cinder.api.openstack.wsgi [None req-93f96b88-968a-4bf5-ba43-070867bb09ae 934fab76ca7c49dd9b0c2a5d0b1a0f40 7a9c1673ecec4449b724e18458ec5f8a - - default default] GET http://[LB_IP_ADDRESS]:8776/v3/7a9c1673ecec4449b724e18458ec5f8a/groups/75b54c80-a96c-4aed-afad-76bf41dca883
2026-06-09 23:42:40.040 73 INFO cinder.api.openstack.wsgi [None req-93f96b88-968a-4bf5-ba43-070867bb09ae 934fab76ca7c49dd9b0c2a5d0b1a0f40 7a9c1673ecec4449b724e18458ec5f8a - - default default] http://[LB_IP_ADDRESS]:8776/v3/7a9c1673ecec4449b724e18458ec5f8a/groups/75b54c80-a96c-4aed-afad-76bf41dca883 returned with HTTP 200
2026-06-09 23:42:40.056 76 INFO cinder.api.openstack.wsgi [None req-c779c72f-21c1-4b54-9124-7107e0b82dfe 934fab76ca7c49dd9b0c2a5d0b1a0f40 7a9c1673ecec4449b724e18458ec5f8a - - default default] POST http://[LB_IP_ADDRESS]:8776/v3/7a9c1673ecec4449b724e18458ec5f8a/volumes
2026-06-09 23:42:40.071 76 INFO cinder.api.v3.volumes [None req-c779c72f-21c1-4b54-9124-7107e0b82dfe 934fab76ca7c49dd9b0c2a5d0b1a0f40 7a9c1673ecec4449b724e18458ec5f8a - - default default] Create volume of 1 GB
2026-06-09 23:42:40.080 76 INFO cinder.volume.api [None req-c779c72f-21c1-4b54-9124-7107e0b82dfe 934fab76ca7c49dd9b0c2a5d0b1a0f40 7a9c1673ecec4449b724e18458ec5f8a - - default default] Availability Zones retrieved successfully.
2026-06-09 23:42:40.320 76 WARNING cinder.quota [None req-c779c72f-21c1-4b54-9124-7107e0b82dfe 934fab76ca7c49dd9b0c2a5d0b1a0f40 7a9c1673ecec4449b724e18458ec5f8a - - default default] Deprecated: Default quota for resource: volumes_tempest-GroupsTest-volume-type-1284683087 is set by the default quota flag: quota_volumes_tempest-GroupsTest-volume-type-1284683087, it is now deprecated. Please use the default quota class for default quota.
2026-06-09 23:42:40.322 76 WARNING cinder.quota [None req-c779c72f-21c1-4b54-9124-7107e0b82dfe 934fab76ca7c49dd9b0c2a5d0b1a0f40 7a9c1673ecec4449b724e18458ec5f8a - - default default] Deprecated: Default quota for resource: gigabytes_tempest-GroupsTest-volume-type-1284683087 is set by the default quota flag: quota_gigabytes_tempest-GroupsTest-volume-type-1284683087, it is now deprecated. Please use the default quota class for default quota.
2026-06-09 23:42:40.454 76 INFO cinder.volume.api [None req-c779c72f-21c1-4b54-9124-7107e0b82dfe 934fab76ca7c49dd9b0c2a5d0b1a0f40 7a9c1673ecec4449b724e18458ec5f8a - - default default] Create volume request issued successfully.
2026-06-09 23:42:40.474 76 INFO cinder.api.openstack.wsgi [None req-c779c72f-21c1-4b54-9124-7107e0b82dfe 934fab76ca7c49dd9b0c2a5d0b1a0f40 7a9c1673ecec4449b724e18458ec5f8a - - default default] http://[LB_IP_ADDRESS]:8776/v3/7a9c1673ecec4449b724e18458ec5f8a/volumes returned with HTTP 202
2026-06-09 23:42:40.497 72 INFO cinder.api.openstack.wsgi [None req-b898ed67-be4f-4801-a099-1727e9894b79 934fab76ca7c49dd9b0c2a5d0b1a0f40 7a9c1673ecec4449b724e18458ec5f8a - - default default] GET http://[LB_IP_ADDRESS]:8776/v3/7a9c1673ecec4449b724e18458ec5f8a/volumes/6aeb463d-a4ad-4696-aba8-08942fe1b7cf
2026-06-09 23:42:40.514 72 INFO cinder.volume.api [None req-b898ed67-be4f-4801-a099-1727e9894b79 934fab76ca7c49dd9b0c2a5d0b1a0f40 7a9c1673ecec4449b724e18458ec5f8a - - default default] Volume info retrieved successfully.
2026-06-09 23:42:40.543 72 INFO cinder.api.openstack.wsgi [None req-b898ed67-be4f-4801-a099-1727e9894b79 934fab76ca7c49dd9b0c2a5d0b1a0f40 7a9c1673ecec4449b724e18458ec5f8a - - default default] http://[LB_IP_ADDRESS]:8776/v3/7a9c1673ecec4449b724e18458ec5f8a/volumes/6aeb463d-a4ad-4696-aba8-08942fe1b7cf returned with HTTP 200
2026-06-09 23:42:40.567 74 INFO cinder.api.openstack.wsgi [None req-95f3435e-6d5c-4148-b365-257dbdefc61d 5f4c164dc030469994afd210b16b2f79 0e8d79558a32481c899d3c43b98c20e5 - - default default] GET http://[LB_IP_ADDRESS]:8776/v3/0e8d79558a32481c899d3c43b98c20e5/volumes/10efb0e6-a982-4d07-9bd0-54a5bdfe42d3
2026-06-09 23:42:40.579 74 INFO cinder.api.openstack.wsgi [None req-95f3435e-6d5c-4148-b365-257dbdefc61d 5f4c164dc030469994afd210b16b2f79 0e8d79558a32481c899d3c43b98c20e5 - - default default] http://[LB_IP_ADDRESS]:8776/v3/0e8d79558a32481c899d3c43b98c20e5/volumes/10efb0e6-a982-4d07-9bd0-54a5bdfe42d3 returned with HTTP 404
2026-06-09 23:42:40.591 75 INFO cinder.api.openstack.wsgi [None req-e3c95c7c-fd6b-4afe-9849-a94f1883885e 5f4c164dc030469994afd210b16b2f79 0e8d79558a32481c899d3c43b98c20e5 - - default default] GET http://[LB_IP_ADDRESS]:8776/v3/0e8d79558a32481c899d3c43b98c20e5/volumes/f2a171cf-42d8-46a9-acd3-dc1d21b84308
2026-06-09 23:42:40.603 75 INFO cinder.api.openstack.wsgi [None req-e3c95c7c-fd6b-4afe-9849-a94f1883885e 5f4c164dc030469994afd210b16b2f79 0e8d79558a32481c899d3c43b98c20e5 - - default default] http://[LB_IP_ADDRESS]:8776/v3/0e8d79558a32481c899d3c43b98c20e5/volumes/f2a171cf-42d8-46a9-acd3-dc1d21b84308 returned with HTTP 404
2026-06-09 23:42:40.615 73 INFO cinder.api.openstack.wsgi [None req-1c8d3acb-b615-4dcf-a4a6-23131b5c78a3 5f4c164dc030469994afd210b16b2f79 0e8d79558a32481c899d3c43b98c20e5 - - default default] GET http://[LB_IP_ADDRESS]:8776/v3/0e8d79558a32481c899d3c43b98c20e5/groups/523948f3-fce9-471b-a018-aa4795879257
2026-06-09 23:42:40.621 73 INFO cinder.api.openstack.wsgi [None req-1c8d3acb-b615-4dcf-a4a6-23131b5c78a3 5f4c164dc030469994afd210b16b2f79 0e8d79558a32481c899d3c43b98c20e5 - - default default] http://[LB_IP_ADDRESS]:8776/v3/0e8d79558a32481c899d3c43b98c20e5/groups/523948f3-fce9-471b-a018-aa4795879257 returned with HTTP 404
2026-06-09 23:42:40.633 76 INFO cinder.api.openstack.wsgi [None req-3311522a-dd61-4f62-81f1-c8504e248d11 1efab69b7f6c4d9997fa693d22963bf9 2ed928e7531243bfb8a2786d6a4986fb - - default default] DELETE http://[LB_IP_ADDRESS]:8776/v3/2ed928e7531243bfb8a2786d6a4986fb/group_types/62d687ed-2ae3-48c3-bb3f-872ed916d7ae
2026-06-09 23:42:40.654 76 INFO cinder.api.openstack.wsgi [None req-3311522a-dd61-4f62-81f1-c8504e248d11 1efab69b7f6c4d9997fa693d22963bf9 2ed928e7531243bfb8a2786d6a4986fb - - default default] http://[LB_IP_ADDRESS]:8776/v3/2ed928e7531243bfb8a2786d6a4986fb/group_types/62d687ed-2ae3-48c3-bb3f-872ed916d7ae returned with HTTP 202
2026-06-09 23:42:40.666 72 INFO cinder.api.openstack.wsgi [None req-5bf5c6e0-ce5e-4fdc-a48f-cecb7be8200a 1efab69b7f6c4d9997fa693d22963bf9 2ed928e7531243bfb8a2786d6a4986fb - - default default] DELETE http://[LB_IP_ADDRESS]:8776/v3/2ed928e7531243bfb8a2786d6a4986fb/types/77a8d411-629e-427a-b406-889c36a84850
2026-06-09 23:42:40.713 72 INFO cinder.api.openstack.wsgi [None req-5bf5c6e0-ce5e-4fdc-a48f-cecb7be8200a 1efab69b7f6c4d9997fa693d22963bf9 2ed928e7531243bfb8a2786d6a4986fb - - default default] http://[LB_IP_ADDRESS]:8776/v3/2ed928e7531243bfb8a2786d6a4986fb/types/77a8d411-629e-427a-b406-889c36a84850 returned with HTTP 202
2026-06-09 23:42:40.725 74 INFO cinder.api.openstack.wsgi [None req-43d47826-8e11-4257-9106-68748f754a01 1efab69b7f6c4d9997fa693d22963bf9 2ed928e7531243bfb8a2786d6a4986fb - - default default] GET http://[LB_IP_ADDRESS]:8776/v3/2ed928e7531243bfb8a2786d6a4986fb/types/77a8d411-629e-427a-b406-889c36a84850
2026-06-09 23:42:40.730 74 INFO cinder.api.openstack.wsgi [None req-43d47826-8e11-4257-9106-68748f754a01 1efab69b7f6c4d9997fa693d22963bf9 2ed928e7531243bfb8a2786d6a4986fb - - default default] http://[LB_IP_ADDRESS]:8776/v3/2ed928e7531243bfb8a2786d6a4986fb/types/77a8d411-629e-427a-b406-889c36a84850 returned with HTTP 404
2026-06-09 23:42:40.753 75 INFO cinder.api.openstack.wsgi [None req-8a407909-d9e4-4900-b9c1-437a623e414c 1efab69b7f6c4d9997fa693d22963bf9 2ed928e7531243bfb8a2786d6a4986fb - - default default] POST http://[LB_IP_ADDRESS]:8776/v3/2ed928e7531243bfb8a2786d6a4986fb/types
2026-06-09 23:42:40.779 75 INFO cinder.api.openstack.wsgi [None req-8a407909-d9e4-4900-b9c1-437a623e414c 1efab69b7f6c4d9997fa693d22963bf9 2ed928e7531243bfb8a2786d6a4986fb - - default default] http://[LB_IP_ADDRESS]:8776/v3/2ed928e7531243bfb8a2786d6a4986fb/types returned with HTTP 200
2026-06-09 23:42:40.794 73 INFO cinder.api.openstack.wsgi [None req-287989a8-d6f8-4dc9-881e-c1856c549cb8 1efab69b7f6c4d9997fa693d22963bf9 2ed928e7531243bfb8a2786d6a4986fb - - default default] POST http://[LB_IP_ADDRESS]:8776/v3/2ed928e7531243bfb8a2786d6a4986fb/group_types
2026-06-09 23:42:40.819 73 INFO cinder.api.openstack.wsgi [None req-287989a8-d6f8-4dc9-881e-c1856c549cb8 1efab69b7f6c4d9997fa693d22963bf9 2ed928e7531243bfb8a2786d6a4986fb - - default default] http://[LB_IP_ADDRESS]:8776/v3/2ed928e7531243bfb8a2786d6a4986fb/group_types returned with HTTP 202
2026-06-09 23:42:40.834 76 INFO cinder.api.openstack.wsgi [None req-af1804c5-19e9-4a01-8ac4-601ce58323dd 5f4c164dc030469994afd210b16b2f79 0e8d79558a32481c899d3c43b98c20e5 - - default default] POST http://[LB_IP_ADDRESS]:8776/v3/0e8d79558a32481c899d3c43b98c20e5/groups
2026-06-09 23:42:40.845 76 INFO cinder.api.v3.groups [None req-af1804c5-19e9-4a01-8ac4-601ce58323dd 5f4c164dc030469994afd210b16b2f79 0e8d79558a32481c899d3c43b98c20e5 - - default default] Creating group tempest-GroupSnapshotsTest-Group-1266601107.
2026-06-09 23:42:40.855 76 INFO cinder.volume.api [None req-af1804c5-19e9-4a01-8ac4-601ce58323dd 5f4c164dc030469994afd210b16b2f79 0e8d79558a32481c899d3c43b98c20e5 - - default default] Availability Zones retrieved successfully.
2026-06-09 23:42:40.942 76 INFO cinder.api.openstack.wsgi [None req-af1804c5-19e9-4a01-8ac4-601ce58323dd 5f4c164dc030469994afd210b16b2f79 0e8d79558a32481c899d3c43b98c20e5 - - default default] http://[LB_IP_ADDRESS]:8776/v3/0e8d79558a32481c899d3c43b98c20e5/groups returned with HTTP 202
2026-06-09 23:42:40.956 72 INFO cinder.api.openstack.wsgi [None req-f5e38169-9890-4134-9916-8dc9032a7c68 5f4c164dc030469994afd210b16b2f79 0e8d79558a32481c899d3c43b98c20e5 - - default default] GET http://[LB_IP_ADDRESS]:8776/v3/0e8d79558a32481c899d3c43b98c20e5/groups/be141a4d-ca07-4d03-9226-6a58d9cc1c7f
2026-06-09 23:42:40.978 72 INFO cinder.api.openstack.wsgi [None req-f5e38169-9890-4134-9916-8dc9032a7c68 5f4c164dc030469994afd210b16b2f79 0e8d79558a32481c899d3c43b98c20e5 - - default default] http://[LB_IP_ADDRESS]:8776/v3/0e8d79558a32481c899d3c43b98c20e5/groups/be141a4d-ca07-4d03-9226-6a58d9cc1c7f returned with HTTP 200
2026-06-09 23:42:41.566 74 INFO cinder.api.openstack.wsgi [None req-6eb0c1c9-aacb-4fe6-9e9a-fa9df092412f 934fab76ca7c49dd9b0c2a5d0b1a0f40 7a9c1673ecec4449b724e18458ec5f8a - - default default] GET http://[LB_IP_ADDRESS]:8776/v3/7a9c1673ecec4449b724e18458ec5f8a/volumes/6aeb463d-a4ad-4696-aba8-08942fe1b7cf
2026-06-09 23:42:41.589 74 INFO cinder.volume.api [None req-6eb0c1c9-aacb-4fe6-9e9a-fa9df092412f 934fab76ca7c49dd9b0c2a5d0b1a0f40 7a9c1673ecec4449b724e18458ec5f8a - - default default] Volume info retrieved successfully.
2026-06-09 23:42:41.615 74 INFO cinder.api.openstack.wsgi [None req-6eb0c1c9-aacb-4fe6-9e9a-fa9df092412f 934fab76ca7c49dd9b0c2a5d0b1a0f40 7a9c1673ecec4449b724e18458ec5f8a - - default default] http://[LB_IP_ADDRESS]:8776/v3/7a9c1673ecec4449b724e18458ec5f8a/volumes/6aeb463d-a4ad-4696-aba8-08942fe1b7cf returned with HTTP 200
2026-06-09 23:42:41.638 75 INFO cinder.api.openstack.wsgi [None req-cdf4c4fb-f5d0-49bc-acf3-0e26898b06c9 934fab76ca7c49dd9b0c2a5d0b1a0f40 7a9c1673ecec4449b724e18458ec5f8a - - default default] POST http://[LB_IP_ADDRESS]:8776/v3/7a9c1673ecec4449b724e18458ec5f8a/volumes
2026-06-09 23:42:41.655 75 INFO cinder.api.v3.volumes [None req-cdf4c4fb-f5d0-49bc-acf3-0e26898b06c9 934fab76ca7c49dd9b0c2a5d0b1a0f40 7a9c1673ecec4449b724e18458ec5f8a - - default default] Create volume of 1 GB
2026-06-09 23:42:41.664 75 INFO cinder.volume.api [None req-cdf4c4fb-f5d0-49bc-acf3-0e26898b06c9 934fab76ca7c49dd9b0c2a5d0b1a0f40 7a9c1673ecec4449b724e18458ec5f8a - - default default] Availability Zones retrieved successfully.
2026-06-09 23:42:41.915 75 WARNING cinder.quota [None req-cdf4c4fb-f5d0-49bc-acf3-0e26898b06c9 934fab76ca7c49dd9b0c2a5d0b1a0f40 7a9c1673ecec4449b724e18458ec5f8a - - default default] Deprecated: Default quota for resource: volumes_tempest-GroupsTest-volume-type-1284683087 is set by the default quota flag: quota_volumes_tempest-GroupsTest-volume-type-1284683087, it is now deprecated. Please use the default quota class for default quota.
2026-06-09 23:42:41.916 75 WARNING cinder.quota [None req-cdf4c4fb-f5d0-49bc-acf3-0e26898b06c9 934fab76ca7c49dd9b0c2a5d0b1a0f40 7a9c1673ecec4449b724e18458ec5f8a - - default default] Deprecated: Default quota for resource: gigabytes_tempest-GroupsTest-volume-type-1284683087 is set by the default quota flag: quota_gigabytes_tempest-GroupsTest-volume-type-1284683087, it is now deprecated. Please use the default quota class for default quota.
2026-06-09 23:42:41.994 73 INFO cinder.api.openstack.wsgi [None req-9a2a0623-66b9-47a8-973c-d528c3039d2c 5f4c164dc030469994afd210b16b2f79 0e8d79558a32481c899d3c43b98c20e5 - - default default] GET http://[LB_IP_ADDRESS]:8776/v3/0e8d79558a32481c899d3c43b98c20e5/groups/be141a4d-ca07-4d03-9226-6a58d9cc1c7f
2026-06-09 23:42:42.012 73 INFO cinder.api.openstack.wsgi [None req-9a2a0623-66b9-47a8-973c-d528c3039d2c 5f4c164dc030469994afd210b16b2f79 0e8d79558a32481c899d3c43b98c20e5 - - default default] http://[LB_IP_ADDRESS]:8776/v3/0e8d79558a32481c899d3c43b98c20e5/groups/be141a4d-ca07-4d03-9226-6a58d9cc1c7f returned with HTTP 200
2026-06-09 23:42:42.029 76 INFO cinder.api.openstack.wsgi [None req-d18db363-0b81-4d43-8c83-832edd322328 5f4c164dc030469994afd210b16b2f79 0e8d79558a32481c899d3c43b98c20e5 - - default default] POST http://[LB_IP_ADDRESS]:8776/v3/0e8d79558a32481c899d3c43b98c20e5/volumes
2026-06-09 23:42:42.034 75 INFO cinder.volume.api [None req-cdf4c4fb-f5d0-49bc-acf3-0e26898b06c9 934fab76ca7c49dd9b0c2a5d0b1a0f40 7a9c1673ecec4449b724e18458ec5f8a - - default default] Create volume request issued successfully.
2026-06-09 23:42:42.044 76 INFO cinder.api.v3.volumes [None req-d18db363-0b81-4d43-8c83-832edd322328 5f4c164dc030469994afd210b16b2f79 0e8d79558a32481c899d3c43b98c20e5 - - default default] Create volume of 1 GB
2026-06-09 23:42:42.054 76 INFO cinder.volume.api [None req-d18db363-0b81-4d43-8c83-832edd322328 5f4c164dc030469994afd210b16b2f79 0e8d79558a32481c899d3c43b98c20e5 - - default default] Availability Zones retrieved successfully.
2026-06-09 23:42:42.054 75 INFO cinder.api.openstack.wsgi [None req-cdf4c4fb-f5d0-49bc-acf3-0e26898b06c9 934fab76ca7c49dd9b0c2a5d0b1a0f40 7a9c1673ecec4449b724e18458ec5f8a - - default default] http://[LB_IP_ADDRESS]:8776/v3/7a9c1673ecec4449b724e18458ec5f8a/volumes returned with HTTP 202
2026-06-09 23:42:42.075 72 INFO cinder.api.openstack.wsgi [None req-313216b3-00aa-4677-854d-9f978b36087a 934fab76ca7c49dd9b0c2a5d0b1a0f40 7a9c1673ecec4449b724e18458ec5f8a - - default default] GET http://[LB_IP_ADDRESS]:8776/v3/7a9c1673ecec4449b724e18458ec5f8a/volumes/825c80e1-4971-437a-9dd9-49954dc3a7aa
2026-06-09 23:42:42.097 72 INFO cinder.volume.api [None req-313216b3-00aa-4677-854d-9f978b36087a 934fab76ca7c49dd9b0c2a5d0b1a0f40 7a9c1673ecec4449b724e18458ec5f8a - - default default] Volume info retrieved successfully.
2026-06-09 23:42:42.125 72 INFO cinder.api.openstack.wsgi [None req-313216b3-00aa-4677-854d-9f978b36087a 934fab76ca7c49dd9b0c2a5d0b1a0f40 7a9c1673ecec4449b724e18458ec5f8a - - default default] http://[LB_IP_ADDRESS]:8776/v3/7a9c1673ecec4449b724e18458ec5f8a/volumes/825c80e1-4971-437a-9dd9-49954dc3a7aa returned with HTTP 200
2026-06-09 23:42:42.294 76 WARNING cinder.quota [None req-d18db363-0b81-4d43-8c83-832edd322328 5f4c164dc030469994afd210b16b2f79 0e8d79558a32481c899d3c43b98c20e5 - - default default] Deprecated: Default quota for resource: volumes_tempest-GroupSnapshotsTest-volume-type-571051205 is set by the default quota flag: quota_volumes_tempest-GroupSnapshotsTest-volume-type-571051205, it is now deprecated. Please use the default quota class for default quota.
2026-06-09 23:42:42.295 76 WARNING cinder.quota [None req-d18db363-0b81-4d43-8c83-832edd322328 5f4c164dc030469994afd210b16b2f79 0e8d79558a32481c899d3c43b98c20e5 - - default default] Deprecated: Default quota for resource: gigabytes_tempest-GroupSnapshotsTest-volume-type-571051205 is set by the default quota flag: quota_gigabytes_tempest-GroupSnapshotsTest-volume-type-571051205, it is now deprecated. Please use the default quota class for default quota.
2026-06-09 23:42:42.430 76 INFO cinder.volume.api [None req-d18db363-0b81-4d43-8c83-832edd322328 5f4c164dc030469994afd210b16b2f79 0e8d79558a32481c899d3c43b98c20e5 - - default default] Create volume request issued successfully.
2026-06-09 23:42:42.450 76 INFO cinder.api.openstack.wsgi [None req-d18db363-0b81-4d43-8c83-832edd322328 5f4c164dc030469994afd210b16b2f79 0e8d79558a32481c899d3c43b98c20e5 - - default default] http://[LB_IP_ADDRESS]:8776/v3/0e8d79558a32481c899d3c43b98c20e5/volumes returned with HTTP 202
2026-06-09 23:42:42.470 74 INFO cinder.api.openstack.wsgi [None req-4bac7964-ca6e-4dd5-8da9-6a3399185f96 5f4c164dc030469994afd210b16b2f79 0e8d79558a32481c899d3c43b98c20e5 - - default default] GET http://[LB_IP_ADDRESS]:8776/v3/0e8d79558a32481c899d3c43b98c20e5/volumes/d4f1a6d0-ca67-46d0-b157-aa7b5457a4a7
2026-06-09 23:42:42.492 74 INFO cinder.volume.api [None req-4bac7964-ca6e-4dd5-8da9-6a3399185f96 5f4c164dc030469994afd210b16b2f79 0e8d79558a32481c899d3c43b98c20e5 - - default default] Volume info retrieved successfully.
2026-06-09 23:42:42.520 74 INFO cinder.api.openstack.wsgi [None req-4bac7964-ca6e-4dd5-8da9-6a3399185f96 5f4c164dc030469994afd210b16b2f79 0e8d79558a32481c899d3c43b98c20e5 - - default default] http://[LB_IP_ADDRESS]:8776/v3/0e8d79558a32481c899d3c43b98c20e5/volumes/d4f1a6d0-ca67-46d0-b157-aa7b5457a4a7 returned with HTTP 200
2026-06-09 23:42:43.148 73 INFO cinder.api.openstack.wsgi [None req-61386eee-d51b-4194-8d11-672ddf219cd8 934fab76ca7c49dd9b0c2a5d0b1a0f40 7a9c1673ecec4449b724e18458ec5f8a - - default default] GET http://[LB_IP_ADDRESS]:8776/v3/7a9c1673ecec4449b724e18458ec5f8a/volumes/825c80e1-4971-437a-9dd9-49954dc3a7aa
2026-06-09 23:42:43.170 73 INFO cinder.volume.api [None req-61386eee-d51b-4194-8d11-672ddf219cd8 934fab76ca7c49dd9b0c2a5d0b1a0f40 7a9c1673ecec4449b724e18458ec5f8a - - default default] Volume info retrieved successfully.
2026-06-09 23:42:43.197 73 INFO cinder.api.openstack.wsgi [None req-61386eee-d51b-4194-8d11-672ddf219cd8 934fab76ca7c49dd9b0c2a5d0b1a0f40 7a9c1673ecec4449b724e18458ec5f8a - - default default] http://[LB_IP_ADDRESS]:8776/v3/7a9c1673ecec4449b724e18458ec5f8a/volumes/825c80e1-4971-437a-9dd9-49954dc3a7aa returned with HTTP 200
2026-06-09 23:42:43.222 75 INFO cinder.api.openstack.wsgi [None req-b5bb06e3-2c43-4379-a969-adb5cd4d8e48 934fab76ca7c49dd9b0c2a5d0b1a0f40 7a9c1673ecec4449b724e18458ec5f8a - - default default] PUT http://[LB_IP_ADDRESS]:8776/v3/7a9c1673ecec4449b724e18458ec5f8a/groups/75b54c80-a96c-4aed-afad-76bf41dca883
2026-06-09 23:42:43.226 75 INFO cinder.api.v3.groups [None req-b5bb06e3-2c43-4379-a969-adb5cd4d8e48 934fab76ca7c49dd9b0c2a5d0b1a0f40 7a9c1673ecec4449b724e18458ec5f8a - - default default] Updating group 75b54c80-a96c-4aed-afad-76bf41dca883 with name new_group description: This is a new group add_volumes: None remove_volumes: 825c80e1-4971-437a-9dd9-49954dc3a7aa.
2026-06-09 23:42:43.264 75 INFO cinder.api.openstack.wsgi [None req-b5bb06e3-2c43-4379-a969-adb5cd4d8e48 934fab76ca7c49dd9b0c2a5d0b1a0f40 7a9c1673ecec4449b724e18458ec5f8a - - default default] http://[LB_IP_ADDRESS]:8776/v3/7a9c1673ecec4449b724e18458ec5f8a/groups/75b54c80-a96c-4aed-afad-76bf41dca883 returned with HTTP 202
2026-06-09 23:42:43.277 72 INFO cinder.api.openstack.wsgi [None req-1d9ac763-d167-4162-936c-140e9d896194 934fab76ca7c49dd9b0c2a5d0b1a0f40 7a9c1673ecec4449b724e18458ec5f8a - - default default] GET http://[LB_IP_ADDRESS]:8776/v3/7a9c1673ecec4449b724e18458ec5f8a/groups/75b54c80-a96c-4aed-afad-76bf41dca883
2026-06-09 23:42:43.298 72 INFO cinder.api.openstack.wsgi [None req-1d9ac763-d167-4162-936c-140e9d896194 934fab76ca7c49dd9b0c2a5d0b1a0f40 7a9c1673ecec4449b724e18458ec5f8a - - default default] http://[LB_IP_ADDRESS]:8776/v3/7a9c1673ecec4449b724e18458ec5f8a/groups/75b54c80-a96c-4aed-afad-76bf41dca883 returned with HTTP 200
2026-06-09 23:42:43.541 76 INFO cinder.api.openstack.wsgi [None req-5c132312-5aa2-4978-83fa-0da64932e231 5f4c164dc030469994afd210b16b2f79 0e8d79558a32481c899d3c43b98c20e5 - - default default] GET http://[LB_IP_ADDRESS]:8776/v3/0e8d79558a32481c899d3c43b98c20e5/volumes/d4f1a6d0-ca67-46d0-b157-aa7b5457a4a7
2026-06-09 23:42:43.563 76 INFO cinder.volume.api [None req-5c132312-5aa2-4978-83fa-0da64932e231 5f4c164dc030469994afd210b16b2f79 0e8d79558a32481c899d3c43b98c20e5 - - default default] Volume info retrieved successfully.
2026-06-09 23:42:43.590 76 INFO cinder.api.openstack.wsgi [None req-5c132312-5aa2-4978-83fa-0da64932e231 5f4c164dc030469994afd210b16b2f79 0e8d79558a32481c899d3c43b98c20e5 - - default default] http://[LB_IP_ADDRESS]:8776/v3/0e8d79558a32481c899d3c43b98c20e5/volumes/d4f1a6d0-ca67-46d0-b157-aa7b5457a4a7 returned with HTTP 200
2026-06-09 23:42:43.615 74 INFO cinder.api.openstack.wsgi [None req-22a37f81-27ef-4cfe-9479-7c7e9c94f9ff 5f4c164dc030469994afd210b16b2f79 0e8d79558a32481c899d3c43b98c20e5 - - default default] POST http://[LB_IP_ADDRESS]:8776/v3/0e8d79558a32481c899d3c43b98c20e5/group_snapshots
2026-06-09 23:42:43.632 74 INFO cinder.api.v3.group_snapshots [None req-22a37f81-27ef-4cfe-9479-7c7e9c94f9ff 5f4c164dc030469994afd210b16b2f79 0e8d79558a32481c899d3c43b98c20e5 - - default default] Creating group_snapshot tempest-group_snapshot-1790313918.
2026-06-09 23:42:43.715 74 WARNING cinder.quota [None req-22a37f81-27ef-4cfe-9479-7c7e9c94f9ff 5f4c164dc030469994afd210b16b2f79 0e8d79558a32481c899d3c43b98c20e5 - - default default] Deprecated: Default quota for resource: gigabytes_tempest-GroupSnapshotsTest-volume-type-571051205 is set by the default quota flag: quota_gigabytes_tempest-GroupSnapshotsTest-volume-type-571051205, it is now deprecated. Please use the default quota class for default quota.
2026-06-09 23:42:43.716 74 WARNING cinder.quota [None req-22a37f81-27ef-4cfe-9479-7c7e9c94f9ff 5f4c164dc030469994afd210b16b2f79 0e8d79558a32481c899d3c43b98c20e5 - - default default] Deprecated: Default quota for resource: snapshots_tempest-GroupSnapshotsTest-volume-type-571051205 is set by the default quota flag: quota_snapshots_tempest-GroupSnapshotsTest-volume-type-571051205, it is now deprecated. Please use the default quota class for default quota.
2026-06-09 23:42:43.788 74 INFO cinder.api.openstack.wsgi [None req-22a37f81-27ef-4cfe-9479-7c7e9c94f9ff 5f4c164dc030469994afd210b16b2f79 0e8d79558a32481c899d3c43b98c20e5 - - default default] http://[LB_IP_ADDRESS]:8776/v3/0e8d79558a32481c899d3c43b98c20e5/group_snapshots returned with HTTP 202
2026-06-09 23:42:43.803 73 INFO cinder.api.openstack.wsgi [None req-b4858590-7007-4fdc-a016-369138c920ee 5f4c164dc030469994afd210b16b2f79 0e8d79558a32481c899d3c43b98c20e5 - - default default] GET http://[LB_IP_ADDRESS]:8776/v3/0e8d79558a32481c899d3c43b98c20e5/group_snapshots/2e34f487-a7d9-4c1d-afdb-56434f20496d
2026-06-09 23:42:43.816 73 INFO cinder.api.openstack.wsgi [None req-b4858590-7007-4fdc-a016-369138c920ee 5f4c164dc030469994afd210b16b2f79 0e8d79558a32481c899d3c43b98c20e5 - - default default] http://[LB_IP_ADDRESS]:8776/v3/0e8d79558a32481c899d3c43b98c20e5/group_snapshots/2e34f487-a7d9-4c1d-afdb-56434f20496d returned with HTTP 200
2026-06-09 23:42:44.315 75 INFO cinder.api.openstack.wsgi [None req-0d4551ea-408a-443f-9d06-27b6b13dea22 934fab76ca7c49dd9b0c2a5d0b1a0f40 7a9c1673ecec4449b724e18458ec5f8a - - default default] GET http://[LB_IP_ADDRESS]:8776/v3/7a9c1673ecec4449b724e18458ec5f8a/groups/75b54c80-a96c-4aed-afad-76bf41dca883
2026-06-09 23:42:44.337 75 INFO cinder.api.openstack.wsgi [None req-0d4551ea-408a-443f-9d06-27b6b13dea22 934fab76ca7c49dd9b0c2a5d0b1a0f40 7a9c1673ecec4449b724e18458ec5f8a - - default default] http://[LB_IP_ADDRESS]:8776/v3/7a9c1673ecec4449b724e18458ec5f8a/groups/75b54c80-a96c-4aed-afad-76bf41dca883 returned with HTTP 200
2026-06-09 23:42:44.354 72 INFO cinder.api.openstack.wsgi [None req-52784309-a13c-49c6-9b8d-64138c2f0bae 934fab76ca7c49dd9b0c2a5d0b1a0f40 7a9c1673ecec4449b724e18458ec5f8a - - default default] GET http://[LB_IP_ADDRESS]:8776/v3/7a9c1673ecec4449b724e18458ec5f8a/groups/75b54c80-a96c-4aed-afad-76bf41dca883
2026-06-09 23:42:44.375 72 INFO cinder.api.openstack.wsgi [None req-52784309-a13c-49c6-9b8d-64138c2f0bae 934fab76ca7c49dd9b0c2a5d0b1a0f40 7a9c1673ecec4449b724e18458ec5f8a - - default default] http://[LB_IP_ADDRESS]:8776/v3/7a9c1673ecec4449b724e18458ec5f8a/groups/75b54c80-a96c-4aed-afad-76bf41dca883 returned with HTTP 200
2026-06-09 23:42:44.391 76 INFO cinder.api.openstack.wsgi [None req-971aa90c-cc0f-44d1-9c8c-6833983bf3ca 934fab76ca7c49dd9b0c2a5d0b1a0f40 7a9c1673ecec4449b724e18458ec5f8a - - default default] GET http://[LB_IP_ADDRESS]:8776/v3/7a9c1673ecec4449b724e18458ec5f8a/volumes/detail
2026-06-09 23:42:44.407 76 INFO cinder.volume.api [None req-971aa90c-cc0f-44d1-9c8c-6833983bf3ca 934fab76ca7c49dd9b0c2a5d0b1a0f40 7a9c1673ecec4449b724e18458ec5f8a - - default default] Get all volumes completed successfully.
2026-06-09 23:42:44.434 76 INFO cinder.api.openstack.wsgi [None req-971aa90c-cc0f-44d1-9c8c-6833983bf3ca 934fab76ca7c49dd9b0c2a5d0b1a0f40 7a9c1673ecec4449b724e18458ec5f8a - - default default] http://[LB_IP_ADDRESS]:8776/v3/7a9c1673ecec4449b724e18458ec5f8a/volumes/detail returned with HTTP 200
2026-06-09 23:42:44.457 74 INFO cinder.api.openstack.wsgi [None req-4af963d8-2baf-422d-8724-84a63535d952 934fab76ca7c49dd9b0c2a5d0b1a0f40 7a9c1673ecec4449b724e18458ec5f8a - - default default] PUT http://[LB_IP_ADDRESS]:8776/v3/7a9c1673ecec4449b724e18458ec5f8a/groups/75b54c80-a96c-4aed-afad-76bf41dca883
2026-06-09 23:42:44.461 74 INFO cinder.api.v3.groups [None req-4af963d8-2baf-422d-8724-84a63535d952 934fab76ca7c49dd9b0c2a5d0b1a0f40 7a9c1673ecec4449b724e18458ec5f8a - - default default] Updating group 75b54c80-a96c-4aed-afad-76bf41dca883 with name None description: None add_volumes: 825c80e1-4971-437a-9dd9-49954dc3a7aa remove_volumes: None.
2026-06-09 23:42:44.517 74 INFO cinder.api.openstack.wsgi [None req-4af963d8-2baf-422d-8724-84a63535d952 934fab76ca7c49dd9b0c2a5d0b1a0f40 7a9c1673ecec4449b724e18458ec5f8a - - default default] http://[LB_IP_ADDRESS]:8776/v3/7a9c1673ecec4449b724e18458ec5f8a/groups/75b54c80-a96c-4aed-afad-76bf41dca883 returned with HTTP 202
2026-06-09 23:42:44.529 73 INFO cinder.api.openstack.wsgi [None req-ceca6d54-241f-4bc9-b7c3-1d75d70970db 934fab76ca7c49dd9b0c2a5d0b1a0f40 7a9c1673ecec4449b724e18458ec5f8a - - default default] GET http://[LB_IP_ADDRESS]:8776/v3/7a9c1673ecec4449b724e18458ec5f8a/groups/75b54c80-a96c-4aed-afad-76bf41dca883
2026-06-09 23:42:44.550 73 INFO cinder.api.openstack.wsgi [None req-ceca6d54-241f-4bc9-b7c3-1d75d70970db 934fab76ca7c49dd9b0c2a5d0b1a0f40 7a9c1673ecec4449b724e18458ec5f8a - - default default] http://[LB_IP_ADDRESS]:8776/v3/7a9c1673ecec4449b724e18458ec5f8a/groups/75b54c80-a96c-4aed-afad-76bf41dca883 returned with HTTP 200
2026-06-09 23:42:44.833 75 INFO cinder.api.openstack.wsgi [None req-a09040f7-a99c-4718-a794-dd0970354e10 5f4c164dc030469994afd210b16b2f79 0e8d79558a32481c899d3c43b98c20e5 - - default default] GET http://[LB_IP_ADDRESS]:8776/v3/0e8d79558a32481c899d3c43b98c20e5/group_snapshots/2e34f487-a7d9-4c1d-afdb-56434f20496d
2026-06-09 23:42:44.847 75 INFO cinder.api.openstack.wsgi [None req-a09040f7-a99c-4718-a794-dd0970354e10 5f4c164dc030469994afd210b16b2f79 0e8d79558a32481c899d3c43b98c20e5 - - default default] http://[LB_IP_ADDRESS]:8776/v3/0e8d79558a32481c899d3c43b98c20e5/group_snapshots/2e34f487-a7d9-4c1d-afdb-56434f20496d returned with HTTP 200
2026-06-09 23:42:45.568 72 INFO cinder.api.openstack.wsgi [None req-3d298535-811a-40c2-b1db-109e2c3c7721 934fab76ca7c49dd9b0c2a5d0b1a0f40 7a9c1673ecec4449b724e18458ec5f8a - - default default] GET http://[LB_IP_ADDRESS]:8776/v3/7a9c1673ecec4449b724e18458ec5f8a/groups/75b54c80-a96c-4aed-afad-76bf41dca883
2026-06-09 23:42:45.589 72 INFO cinder.api.openstack.wsgi [None req-3d298535-811a-40c2-b1db-109e2c3c7721 934fab76ca7c49dd9b0c2a5d0b1a0f40 7a9c1673ecec4449b724e18458ec5f8a - - default default] http://[LB_IP_ADDRESS]:8776/v3/7a9c1673ecec4449b724e18458ec5f8a/groups/75b54c80-a96c-4aed-afad-76bf41dca883 returned with HTTP 200
2026-06-09 23:42:45.605 76 INFO cinder.api.openstack.wsgi [None req-6e7b61a2-d131-4f17-aebd-77c14e3506d6 934fab76ca7c49dd9b0c2a5d0b1a0f40 7a9c1673ecec4449b724e18458ec5f8a - - default default] GET http://[LB_IP_ADDRESS]:8776/v3/7a9c1673ecec4449b724e18458ec5f8a/volumes/detail
2026-06-09 23:42:45.619 76 INFO cinder.volume.api [None req-6e7b61a2-d131-4f17-aebd-77c14e3506d6 934fab76ca7c49dd9b0c2a5d0b1a0f40 7a9c1673ecec4449b724e18458ec5f8a - - default default] Get all volumes completed successfully.
2026-06-09 23:42:45.666 76 INFO cinder.api.openstack.wsgi [None req-6e7b61a2-d131-4f17-aebd-77c14e3506d6 934fab76ca7c49dd9b0c2a5d0b1a0f40 7a9c1673ecec4449b724e18458ec5f8a - - default default] http://[LB_IP_ADDRESS]:8776/v3/7a9c1673ecec4449b724e18458ec5f8a/volumes/detail returned with HTTP 200
2026-06-09 23:42:45.690 74 INFO cinder.api.openstack.wsgi [None req-16f2a692-fd15-4bb8-9717-c97ff193ea6a 934fab76ca7c49dd9b0c2a5d0b1a0f40 7a9c1673ecec4449b724e18458ec5f8a - - default default] GET http://[LB_IP_ADDRESS]:8776/v3/7a9c1673ecec4449b724e18458ec5f8a/volumes/detail
2026-06-09 23:42:45.706 74 INFO cinder.volume.api [None req-16f2a692-fd15-4bb8-9717-c97ff193ea6a 934fab76ca7c49dd9b0c2a5d0b1a0f40 7a9c1673ecec4449b724e18458ec5f8a - - default default] Get all volumes completed successfully.
2026-06-09 23:42:45.753 74 INFO cinder.api.openstack.wsgi [None req-16f2a692-fd15-4bb8-9717-c97ff193ea6a 934fab76ca7c49dd9b0c2a5d0b1a0f40 7a9c1673ecec4449b724e18458ec5f8a - - default default] http://[LB_IP_ADDRESS]:8776/v3/7a9c1673ecec4449b724e18458ec5f8a/volumes/detail returned with HTTP 200
2026-06-09 23:42:45.775 73 INFO cinder.api.openstack.wsgi [None req-1982bb1f-fc83-4aa6-8910-d0dea621b31c 934fab76ca7c49dd9b0c2a5d0b1a0f40 7a9c1673ecec4449b724e18458ec5f8a - - default default] POST http://[LB_IP_ADDRESS]:8776/v3/7a9c1673ecec4449b724e18458ec5f8a/groups/75b54c80-a96c-4aed-afad-76bf41dca883/action
2026-06-09 23:42:45.778 73 INFO cinder.api.v3.groups [None req-1982bb1f-fc83-4aa6-8910-d0dea621b31c 934fab76ca7c49dd9b0c2a5d0b1a0f40 7a9c1673ecec4449b724e18458ec5f8a - - default default] Delete group with id: 75b54c80-a96c-4aed-afad-76bf41dca883
2026-06-09 23:42:45.863 75 INFO cinder.api.openstack.wsgi [None req-777a7b3a-3179-41b9-9265-1bb927ace5f2 5f4c164dc030469994afd210b16b2f79 0e8d79558a32481c899d3c43b98c20e5 - - default default] GET http://[LB_IP_ADDRESS]:8776/v3/0e8d79558a32481c899d3c43b98c20e5/group_snapshots/2e34f487-a7d9-4c1d-afdb-56434f20496d
2026-06-09 23:42:45.863 73 INFO cinder.api.openstack.wsgi [None req-1982bb1f-fc83-4aa6-8910-d0dea621b31c 934fab76ca7c49dd9b0c2a5d0b1a0f40 7a9c1673ecec4449b724e18458ec5f8a - - default default] http://[LB_IP_ADDRESS]:8776/v3/7a9c1673ecec4449b724e18458ec5f8a/groups/75b54c80-a96c-4aed-afad-76bf41dca883/action returned with HTTP 202
2026-06-09 23:42:45.876 72 INFO cinder.api.openstack.wsgi [None req-f20644da-bc44-4251-8778-e18bb661fd9f 934fab76ca7c49dd9b0c2a5d0b1a0f40 7a9c1673ecec4449b724e18458ec5f8a - - default default] GET http://[LB_IP_ADDRESS]:8776/v3/7a9c1673ecec4449b724e18458ec5f8a/volumes/825c80e1-4971-437a-9dd9-49954dc3a7aa
2026-06-09 23:42:45.876 76 INFO cinder.api.openstack.wsgi [None req-e4b2036d-1a79-4d2b-84f9-dc630d102cbe - - - - - -] GET http://[LB_IP_ADDRESS]:8776/
2026-06-09 23:42:45.876 75 INFO cinder.api.openstack.wsgi [None req-777a7b3a-3179-41b9-9265-1bb927ace5f2 5f4c164dc030469994afd210b16b2f79 0e8d79558a32481c899d3c43b98c20e5 - - default default] http://[LB_IP_ADDRESS]:8776/v3/0e8d79558a32481c899d3c43b98c20e5/group_snapshots/2e34f487-a7d9-4c1d-afdb-56434f20496d returned with HTTP 200
2026-06-09 23:42:45.878 76 INFO cinder.api.openstack.wsgi [None req-e4b2036d-1a79-4d2b-84f9-dc630d102cbe - - - - - -] http://[LB_IP_ADDRESS]:8776/ returned with HTTP 300
2026-06-09 23:42:45.892 73 INFO cinder.api.openstack.wsgi [None req-bb12d1e1-299e-4763-b919-5c5fe236a00e 5f4c164dc030469994afd210b16b2f79 0e8d79558a32481c899d3c43b98c20e5 - - default default] GET http://[LB_IP_ADDRESS]:8776/v3/0e8d79558a32481c899d3c43b98c20e5/snapshots/detail
2026-06-09 23:42:45.898 72 INFO cinder.volume.api [None req-f20644da-bc44-4251-8778-e18bb661fd9f 934fab76ca7c49dd9b0c2a5d0b1a0f40 7a9c1673ecec4449b724e18458ec5f8a - - default default] Volume info retrieved successfully.
2026-06-09 23:42:45.901 73 INFO cinder.volume.api [None req-bb12d1e1-299e-4763-b919-5c5fe236a00e 5f4c164dc030469994afd210b16b2f79 0e8d79558a32481c899d3c43b98c20e5 - - default default] Get all snapshots completed successfully.
2026-06-09 23:42:45.903 73 INFO cinder.api.openstack.wsgi [None req-bb12d1e1-299e-4763-b919-5c5fe236a00e 5f4c164dc030469994afd210b16b2f79 0e8d79558a32481c899d3c43b98c20e5 - - default default] http://[LB_IP_ADDRESS]:8776/v3/0e8d79558a32481c899d3c43b98c20e5/snapshots/detail returned with HTTP 200
2026-06-09 23:42:45.920 75 INFO cinder.api.openstack.wsgi [None req-6c631881-0ca2-40db-a392-f5f1c42544c6 5f4c164dc030469994afd210b16b2f79 0e8d79558a32481c899d3c43b98c20e5 - - default default] GET http://[LB_IP_ADDRESS]:8776/v3/0e8d79558a32481c899d3c43b98c20e5/snapshots/77c8687d-394b-49bf-bdf3-aaa2f955d73f
2026-06-09 23:42:45.926 72 INFO cinder.api.openstack.wsgi [None req-f20644da-bc44-4251-8778-e18bb661fd9f 934fab76ca7c49dd9b0c2a5d0b1a0f40 7a9c1673ecec4449b724e18458ec5f8a - - default default] http://[LB_IP_ADDRESS]:8776/v3/7a9c1673ecec4449b724e18458ec5f8a/volumes/825c80e1-4971-437a-9dd9-49954dc3a7aa returned with HTTP 200
2026-06-09 23:42:45.931 75 INFO cinder.volume.api [None req-6c631881-0ca2-40db-a392-f5f1c42544c6 5f4c164dc030469994afd210b16b2f79 0e8d79558a32481c899d3c43b98c20e5 - - default default] Snapshot retrieved successfully.
2026-06-09 23:42:45.933 75 INFO cinder.api.openstack.wsgi [None req-6c631881-0ca2-40db-a392-f5f1c42544c6 5f4c164dc030469994afd210b16b2f79 0e8d79558a32481c899d3c43b98c20e5 - - default default] http://[LB_IP_ADDRESS]:8776/v3/0e8d79558a32481c899d3c43b98c20e5/snapshots/77c8687d-394b-49bf-bdf3-aaa2f955d73f returned with HTTP 200
2026-06-09 23:42:45.950 76 INFO cinder.api.openstack.wsgi [None req-d85fada4-8176-4206-9178-8ff668b6777f 5f4c164dc030469994afd210b16b2f79 0e8d79558a32481c899d3c43b98c20e5 - - default default] GET http://[LB_IP_ADDRESS]:8776/v3/0e8d79558a32481c899d3c43b98c20e5/group_snapshots/2e34f487-a7d9-4c1d-afdb-56434f20496d
2026-06-09 23:42:45.963 76 INFO cinder.api.openstack.wsgi [None req-d85fada4-8176-4206-9178-8ff668b6777f 5f4c164dc030469994afd210b16b2f79 0e8d79558a32481c899d3c43b98c20e5 - - default default] http://[LB_IP_ADDRESS]:8776/v3/0e8d79558a32481c899d3c43b98c20e5/group_snapshots/2e34f487-a7d9-4c1d-afdb-56434f20496d returned with HTTP 200
2026-06-09 23:42:45.979 73 INFO cinder.api.openstack.wsgi [None req-231db67a-3082-4143-a2f1-db96b8597aab 5f4c164dc030469994afd210b16b2f79 0e8d79558a32481c899d3c43b98c20e5 - - default default] GET http://[LB_IP_ADDRESS]:8776/v3/0e8d79558a32481c899d3c43b98c20e5/group_snapshots/detail
2026-06-09 23:42:45.993 73 INFO cinder.api.openstack.wsgi [None req-231db67a-3082-4143-a2f1-db96b8597aab 5f4c164dc030469994afd210b16b2f79 0e8d79558a32481c899d3c43b98c20e5 - - default default] http://[LB_IP_ADDRESS]:8776/v3/0e8d79558a32481c899d3c43b98c20e5/group_snapshots/detail returned with HTTP 200
2026-06-09 23:42:46.009 72 INFO cinder.api.openstack.wsgi [None req-d9242e18-ac78-4bdd-bdb9-5a40bcb238b8 5f4c164dc030469994afd210b16b2f79 0e8d79558a32481c899d3c43b98c20e5 - - default default] DELETE http://[LB_IP_ADDRESS]:8776/v3/0e8d79558a32481c899d3c43b98c20e5/group_snapshots/2e34f487-a7d9-4c1d-afdb-56434f20496d
2026-06-09 23:42:46.010 72 INFO cinder.api.v3.group_snapshots [None req-d9242e18-ac78-4bdd-bdb9-5a40bcb238b8 5f4c164dc030469994afd210b16b2f79 0e8d79558a32481c899d3c43b98c20e5 - - default default] Delete group_snapshot with id: 2e34f487-a7d9-4c1d-afdb-56434f20496d
2026-06-09 23:42:46.061 72 INFO cinder.api.openstack.wsgi [None req-d9242e18-ac78-4bdd-bdb9-5a40bcb238b8 5f4c164dc030469994afd210b16b2f79 0e8d79558a32481c899d3c43b98c20e5 - - default default] http://[LB_IP_ADDRESS]:8776/v3/0e8d79558a32481c899d3c43b98c20e5/group_snapshots/2e34f487-a7d9-4c1d-afdb-56434f20496d returned with HTTP 202
2026-06-09 23:42:46.073 75 INFO cinder.api.openstack.wsgi [None req-450d6ca8-5e21-4d63-a41d-4a04949670b6 5f4c164dc030469994afd210b16b2f79 0e8d79558a32481c899d3c43b98c20e5 - - default default] GET http://[LB_IP_ADDRESS]:8776/v3/0e8d79558a32481c899d3c43b98c20e5/volumes/detail
2026-06-09 23:42:46.088 75 INFO cinder.volume.api [None req-450d6ca8-5e21-4d63-a41d-4a04949670b6 5f4c164dc030469994afd210b16b2f79 0e8d79558a32481c899d3c43b98c20e5 - - default default] Get all volumes completed successfully.
2026-06-09 23:42:46.118 75 INFO cinder.api.openstack.wsgi [None req-450d6ca8-5e21-4d63-a41d-4a04949670b6 5f4c164dc030469994afd210b16b2f79 0e8d79558a32481c899d3c43b98c20e5 - - default default] http://[LB_IP_ADDRESS]:8776/v3/0e8d79558a32481c899d3c43b98c20e5/volumes/detail returned with HTTP 200
2026-06-09 23:42:46.142 76 INFO cinder.api.openstack.wsgi [None req-dc792d94-3d8e-4b86-b133-086e342dc8dd 5f4c164dc030469994afd210b16b2f79 0e8d79558a32481c899d3c43b98c20e5 - - default default] GET http://[LB_IP_ADDRESS]:8776/v3/0e8d79558a32481c899d3c43b98c20e5/snapshots/detail
2026-06-09 23:42:46.152 76 INFO cinder.volume.api [None req-dc792d94-3d8e-4b86-b133-086e342dc8dd 5f4c164dc030469994afd210b16b2f79 0e8d79558a32481c899d3c43b98c20e5 - - default default] Get all snapshots completed successfully.
2026-06-09 23:42:46.154 76 INFO cinder.api.openstack.wsgi [None req-dc792d94-3d8e-4b86-b133-086e342dc8dd 5f4c164dc030469994afd210b16b2f79 0e8d79558a32481c899d3c43b98c20e5 - - default default] http://[LB_IP_ADDRESS]:8776/v3/0e8d79558a32481c899d3c43b98c20e5/snapshots/detail returned with HTTP 200
2026-06-09 23:42:46.172 73 INFO cinder.api.openstack.wsgi [None req-f39e9260-f429-41f5-8557-46e5424df686 5f4c164dc030469994afd210b16b2f79 0e8d79558a32481c899d3c43b98c20e5 - - default default] GET http://[LB_IP_ADDRESS]:8776/v3/0e8d79558a32481c899d3c43b98c20e5/snapshots/77c8687d-394b-49bf-bdf3-aaa2f955d73f
2026-06-09 23:42:46.183 73 INFO cinder.volume.api [None req-f39e9260-f429-41f5-8557-46e5424df686 5f4c164dc030469994afd210b16b2f79 0e8d79558a32481c899d3c43b98c20e5 - - default default] Snapshot retrieved successfully.
2026-06-09 23:42:46.186 73 INFO cinder.api.openstack.wsgi [None req-f39e9260-f429-41f5-8557-46e5424df686 5f4c164dc030469994afd210b16b2f79 0e8d79558a32481c899d3c43b98c20e5 - - default default] http://[LB_IP_ADDRESS]:8776/v3/0e8d79558a32481c899d3c43b98c20e5/snapshots/77c8687d-394b-49bf-bdf3-aaa2f955d73f returned with HTTP 200
