2023-06-30 12:37:29.919 22 INFO cinder.api.openstack.wsgi [None req-2dfc721e-06e0-4ad4-a3f3-12b1bffc1b5c 7f6b9ad58fbd4b21b61504d537b5ad41 0a6a9aa64ddf4e8083ea0a383ffb592b - - default default] GET http://[LB_IP_ADDRESS]:8776/v3/0a6a9aa64ddf4e8083ea0a383ffb592b/volumes/df7c3cf9-db48-4598-a262-5e41573cd86d
2023-06-30 12:37:29.925 18 INFO cinder.api.openstack.wsgi [None req-41f4960c-2967-410a-b7f6-ac5b9089f5b4 04f7c3587d2a42e4a1d9a2c66cc6969d 381ec1254ea84d6d92bf12a8a095966d - - default default] DELETE http://[LB_IP_ADDRESS]:8776/v3/381ec1254ea84d6d92bf12a8a095966d/qos-specs/240cacc0-b1ab-4647-8a29-695e87c63aa4?force=False
2023-06-30 12:37:29.943 22 INFO cinder.volume.api [None req-2dfc721e-06e0-4ad4-a3f3-12b1bffc1b5c 7f6b9ad58fbd4b21b61504d537b5ad41 0a6a9aa64ddf4e8083ea0a383ffb592b - - default default] Volume info retrieved successfully.
2023-06-30 12:37:29.947 18 INFO cinder.api.openstack.wsgi [None req-41f4960c-2967-410a-b7f6-ac5b9089f5b4 04f7c3587d2a42e4a1d9a2c66cc6969d 381ec1254ea84d6d92bf12a8a095966d - - default default] http://[LB_IP_ADDRESS]:8776/v3/381ec1254ea84d6d92bf12a8a095966d/qos-specs/240cacc0-b1ab-4647-8a29-695e87c63aa4?force=False returned with HTTP 202
2023-06-30 12:37:29.952 22 INFO cinder.api.openstack.wsgi [None req-2dfc721e-06e0-4ad4-a3f3-12b1bffc1b5c 7f6b9ad58fbd4b21b61504d537b5ad41 0a6a9aa64ddf4e8083ea0a383ffb592b - - default default] http://[LB_IP_ADDRESS]:8776/v3/0a6a9aa64ddf4e8083ea0a383ffb592b/volumes/df7c3cf9-db48-4598-a262-5e41573cd86d returned with HTTP 200
2023-06-30 12:37:29.958 19 INFO cinder.api.openstack.wsgi [None req-746c119a-875b-4db3-9c5f-7571f458a0b3 04f7c3587d2a42e4a1d9a2c66cc6969d 381ec1254ea84d6d92bf12a8a095966d - - default default] GET http://[LB_IP_ADDRESS]:8776/v3/381ec1254ea84d6d92bf12a8a095966d/qos-specs/240cacc0-b1ab-4647-8a29-695e87c63aa4
2023-06-30 12:37:29.964 19 INFO cinder.api.openstack.wsgi [None req-746c119a-875b-4db3-9c5f-7571f458a0b3 04f7c3587d2a42e4a1d9a2c66cc6969d 381ec1254ea84d6d92bf12a8a095966d - - default default] http://[LB_IP_ADDRESS]:8776/v3/381ec1254ea84d6d92bf12a8a095966d/qos-specs/240cacc0-b1ab-4647-8a29-695e87c63aa4 returned with HTTP 404
2023-06-30 12:37:29.975 21 INFO cinder.api.openstack.wsgi [None req-f353b57c-9c12-46ad-b53b-82ff99749baa 04f7c3587d2a42e4a1d9a2c66cc6969d 381ec1254ea84d6d92bf12a8a095966d - - default default] GET http://[LB_IP_ADDRESS]:8776/v3/381ec1254ea84d6d92bf12a8a095966d/qos-specs
2023-06-30 12:37:29.984 21 INFO cinder.api.openstack.wsgi [None req-f353b57c-9c12-46ad-b53b-82ff99749baa 04f7c3587d2a42e4a1d9a2c66cc6969d 381ec1254ea84d6d92bf12a8a095966d - - default default] http://[LB_IP_ADDRESS]:8776/v3/381ec1254ea84d6d92bf12a8a095966d/qos-specs returned with HTTP 200
2023-06-30 12:37:29.998 20 INFO cinder.api.openstack.wsgi [None req-830de49a-f262-4a4f-b5d5-ef815f981f8d 04f7c3587d2a42e4a1d9a2c66cc6969d 381ec1254ea84d6d92bf12a8a095966d - - default default] POST http://[LB_IP_ADDRESS]:8776/v3/381ec1254ea84d6d92bf12a8a095966d/qos-specs
2023-06-30 12:37:30.012 20 INFO cinder.api.openstack.wsgi [None req-830de49a-f262-4a4f-b5d5-ef815f981f8d 04f7c3587d2a42e4a1d9a2c66cc6969d 381ec1254ea84d6d92bf12a8a095966d - - default default] http://[LB_IP_ADDRESS]:8776/v3/381ec1254ea84d6d92bf12a8a095966d/qos-specs returned with HTTP 200
2023-06-30 12:37:30.025 18 INFO cinder.api.openstack.wsgi [None req-fe04c2e7-edfa-4ee0-8f4c-840528fc7c4f 04f7c3587d2a42e4a1d9a2c66cc6969d 381ec1254ea84d6d92bf12a8a095966d - - default default] DELETE http://[LB_IP_ADDRESS]:8776/v3/381ec1254ea84d6d92bf12a8a095966d/qos-specs/b73338d1-def6-42fe-9c3d-565341adf350?force=False
2023-06-30 12:37:30.048 18 INFO cinder.api.openstack.wsgi [None req-fe04c2e7-edfa-4ee0-8f4c-840528fc7c4f 04f7c3587d2a42e4a1d9a2c66cc6969d 381ec1254ea84d6d92bf12a8a095966d - - default default] http://[LB_IP_ADDRESS]:8776/v3/381ec1254ea84d6d92bf12a8a095966d/qos-specs/b73338d1-def6-42fe-9c3d-565341adf350?force=False returned with HTTP 202
2023-06-30 12:37:30.059 22 INFO cinder.api.openstack.wsgi [None req-b617bc10-8534-4c0e-926a-585d18b2bd29 04f7c3587d2a42e4a1d9a2c66cc6969d 381ec1254ea84d6d92bf12a8a095966d - - default default] GET http://[LB_IP_ADDRESS]:8776/v3/381ec1254ea84d6d92bf12a8a095966d/qos-specs/b73338d1-def6-42fe-9c3d-565341adf350
2023-06-30 12:37:30.066 22 INFO cinder.api.openstack.wsgi [None req-b617bc10-8534-4c0e-926a-585d18b2bd29 04f7c3587d2a42e4a1d9a2c66cc6969d 381ec1254ea84d6d92bf12a8a095966d - - default default] http://[LB_IP_ADDRESS]:8776/v3/381ec1254ea84d6d92bf12a8a095966d/qos-specs/b73338d1-def6-42fe-9c3d-565341adf350 returned with HTTP 404
2023-06-30 12:37:30.077 19 INFO cinder.api.openstack.wsgi [None req-d5c4abba-7056-4db1-b540-9ce85cde0bb6 04f7c3587d2a42e4a1d9a2c66cc6969d 381ec1254ea84d6d92bf12a8a095966d - - default default] GET http://[LB_IP_ADDRESS]:8776/v3/381ec1254ea84d6d92bf12a8a095966d/qos-specs
2023-06-30 12:37:30.086 19 INFO cinder.api.openstack.wsgi [None req-d5c4abba-7056-4db1-b540-9ce85cde0bb6 04f7c3587d2a42e4a1d9a2c66cc6969d 381ec1254ea84d6d92bf12a8a095966d - - default default] http://[LB_IP_ADDRESS]:8776/v3/381ec1254ea84d6d92bf12a8a095966d/qos-specs returned with HTTP 200
2023-06-30 12:37:30.100 21 INFO cinder.api.openstack.wsgi [None req-2043f2cd-67e5-4fde-b66c-e9acec0fc656 04f7c3587d2a42e4a1d9a2c66cc6969d 381ec1254ea84d6d92bf12a8a095966d - - default default] GET http://[LB_IP_ADDRESS]:8776/v3/381ec1254ea84d6d92bf12a8a095966d/qos-specs/b11c4746-9627-4167-82ea-17fb670ede7a
2023-06-30 12:37:30.107 21 INFO cinder.api.openstack.wsgi [None req-2043f2cd-67e5-4fde-b66c-e9acec0fc656 04f7c3587d2a42e4a1d9a2c66cc6969d 381ec1254ea84d6d92bf12a8a095966d - - default default] http://[LB_IP_ADDRESS]:8776/v3/381ec1254ea84d6d92bf12a8a095966d/qos-specs/b11c4746-9627-4167-82ea-17fb670ede7a returned with HTTP 200
2023-06-30 12:37:30.121 20 INFO cinder.api.openstack.wsgi [None req-ee1a6bb9-8794-41fb-9c13-513bd11e0033 04f7c3587d2a42e4a1d9a2c66cc6969d 381ec1254ea84d6d92bf12a8a095966d - - default default] GET http://[LB_IP_ADDRESS]:8776/v3/381ec1254ea84d6d92bf12a8a095966d/qos-specs
2023-06-30 12:37:30.131 20 INFO cinder.api.openstack.wsgi [None req-ee1a6bb9-8794-41fb-9c13-513bd11e0033 04f7c3587d2a42e4a1d9a2c66cc6969d 381ec1254ea84d6d92bf12a8a095966d - - default default] http://[LB_IP_ADDRESS]:8776/v3/381ec1254ea84d6d92bf12a8a095966d/qos-specs returned with HTTP 200
2023-06-30 12:37:30.144 18 INFO cinder.api.openstack.wsgi [None req-940f5edb-2f29-4170-a8b9-6f87677062aa 04f7c3587d2a42e4a1d9a2c66cc6969d 381ec1254ea84d6d92bf12a8a095966d - - default default] PUT http://[LB_IP_ADDRESS]:8776/v3/381ec1254ea84d6d92bf12a8a095966d/qos-specs/b11c4746-9627-4167-82ea-17fb670ede7a
2023-06-30 12:37:30.165 18 INFO cinder.api.openstack.wsgi [None req-940f5edb-2f29-4170-a8b9-6f87677062aa 04f7c3587d2a42e4a1d9a2c66cc6969d 381ec1254ea84d6d92bf12a8a095966d - - default default] http://[LB_IP_ADDRESS]:8776/v3/381ec1254ea84d6d92bf12a8a095966d/qos-specs/b11c4746-9627-4167-82ea-17fb670ede7a returned with HTTP 200
2023-06-30 12:37:30.177 22 INFO cinder.api.openstack.wsgi [None req-48bebfaa-4752-4ec1-90ea-d671b5e8b9c3 04f7c3587d2a42e4a1d9a2c66cc6969d 381ec1254ea84d6d92bf12a8a095966d - - default default] GET http://[LB_IP_ADDRESS]:8776/v3/381ec1254ea84d6d92bf12a8a095966d/qos-specs/b11c4746-9627-4167-82ea-17fb670ede7a
2023-06-30 12:37:30.185 22 INFO cinder.api.openstack.wsgi [None req-48bebfaa-4752-4ec1-90ea-d671b5e8b9c3 04f7c3587d2a42e4a1d9a2c66cc6969d 381ec1254ea84d6d92bf12a8a095966d - - default default] http://[LB_IP_ADDRESS]:8776/v3/381ec1254ea84d6d92bf12a8a095966d/qos-specs/b11c4746-9627-4167-82ea-17fb670ede7a returned with HTTP 200
2023-06-30 12:37:30.198 19 INFO cinder.api.openstack.wsgi [None req-1e641912-72a7-4eb1-8bb9-e7a2dc654a09 04f7c3587d2a42e4a1d9a2c66cc6969d 381ec1254ea84d6d92bf12a8a095966d - - default default] PUT http://[LB_IP_ADDRESS]:8776/v3/381ec1254ea84d6d92bf12a8a095966d/qos-specs/b11c4746-9627-4167-82ea-17fb670ede7a/delete_keys
2023-06-30 12:37:30.218 19 INFO cinder.api.openstack.wsgi [None req-1e641912-72a7-4eb1-8bb9-e7a2dc654a09 04f7c3587d2a42e4a1d9a2c66cc6969d 381ec1254ea84d6d92bf12a8a095966d - - default default] http://[LB_IP_ADDRESS]:8776/v3/381ec1254ea84d6d92bf12a8a095966d/qos-specs/b11c4746-9627-4167-82ea-17fb670ede7a/delete_keys returned with HTTP 202
2023-06-30 12:37:30.229 21 INFO cinder.api.openstack.wsgi [None req-981cda36-7758-4108-9eb6-71c1608f9a32 04f7c3587d2a42e4a1d9a2c66cc6969d 381ec1254ea84d6d92bf12a8a095966d - - default default] GET http://[LB_IP_ADDRESS]:8776/v3/381ec1254ea84d6d92bf12a8a095966d/qos-specs/b11c4746-9627-4167-82ea-17fb670ede7a
2023-06-30 12:37:30.236 21 INFO cinder.api.openstack.wsgi [None req-981cda36-7758-4108-9eb6-71c1608f9a32 04f7c3587d2a42e4a1d9a2c66cc6969d 381ec1254ea84d6d92bf12a8a095966d - - default default] http://[LB_IP_ADDRESS]:8776/v3/381ec1254ea84d6d92bf12a8a095966d/qos-specs/b11c4746-9627-4167-82ea-17fb670ede7a returned with HTTP 200
2023-06-30 12:37:30.249 20 INFO cinder.api.openstack.wsgi [None req-ec524d73-d785-467f-8c0f-41f5269929c2 04f7c3587d2a42e4a1d9a2c66cc6969d 381ec1254ea84d6d92bf12a8a095966d - - default default] GET http://[LB_IP_ADDRESS]:8776/v3/381ec1254ea84d6d92bf12a8a095966d/qos-specs/b11c4746-9627-4167-82ea-17fb670ede7a
2023-06-30 12:37:30.256 20 INFO cinder.api.openstack.wsgi [None req-ec524d73-d785-467f-8c0f-41f5269929c2 04f7c3587d2a42e4a1d9a2c66cc6969d 381ec1254ea84d6d92bf12a8a095966d - - default default] http://[LB_IP_ADDRESS]:8776/v3/381ec1254ea84d6d92bf12a8a095966d/qos-specs/b11c4746-9627-4167-82ea-17fb670ede7a returned with HTTP 200
2023-06-30 12:37:30.270 18 INFO cinder.api.openstack.wsgi [None req-7a616a57-e0b8-47a5-9282-7966e41e976d 04f7c3587d2a42e4a1d9a2c66cc6969d 381ec1254ea84d6d92bf12a8a095966d - - default default] DELETE http://[LB_IP_ADDRESS]:8776/v3/381ec1254ea84d6d92bf12a8a095966d/qos-specs/b73338d1-def6-42fe-9c3d-565341adf350?force=False
2023-06-30 12:37:30.276 18 INFO cinder.api.openstack.wsgi [None req-7a616a57-e0b8-47a5-9282-7966e41e976d 04f7c3587d2a42e4a1d9a2c66cc6969d 381ec1254ea84d6d92bf12a8a095966d - - default default] http://[LB_IP_ADDRESS]:8776/v3/381ec1254ea84d6d92bf12a8a095966d/qos-specs/b73338d1-def6-42fe-9c3d-565341adf350?force=False returned with HTTP 404
2023-06-30 12:37:30.286 22 INFO cinder.api.openstack.wsgi [None req-c317e034-6942-4f27-82bd-e88957e6e187 04f7c3587d2a42e4a1d9a2c66cc6969d 381ec1254ea84d6d92bf12a8a095966d - - default default] GET http://[LB_IP_ADDRESS]:8776/v3/381ec1254ea84d6d92bf12a8a095966d/qos-specs/b73338d1-def6-42fe-9c3d-565341adf350
2023-06-30 12:37:30.292 22 INFO cinder.api.openstack.wsgi [None req-c317e034-6942-4f27-82bd-e88957e6e187 04f7c3587d2a42e4a1d9a2c66cc6969d 381ec1254ea84d6d92bf12a8a095966d - - default default] http://[LB_IP_ADDRESS]:8776/v3/381ec1254ea84d6d92bf12a8a095966d/qos-specs/b73338d1-def6-42fe-9c3d-565341adf350 returned with HTTP 404
2023-06-30 12:37:30.303 19 INFO cinder.api.openstack.wsgi [None req-4d54d7a6-5da0-482d-8047-7d799f07ae4a 04f7c3587d2a42e4a1d9a2c66cc6969d 381ec1254ea84d6d92bf12a8a095966d - - default default] DELETE http://[LB_IP_ADDRESS]:8776/v3/381ec1254ea84d6d92bf12a8a095966d/qos-specs/240cacc0-b1ab-4647-8a29-695e87c63aa4?force=False
2023-06-30 12:37:30.309 19 INFO cinder.api.openstack.wsgi [None req-4d54d7a6-5da0-482d-8047-7d799f07ae4a 04f7c3587d2a42e4a1d9a2c66cc6969d 381ec1254ea84d6d92bf12a8a095966d - - default default] http://[LB_IP_ADDRESS]:8776/v3/381ec1254ea84d6d92bf12a8a095966d/qos-specs/240cacc0-b1ab-4647-8a29-695e87c63aa4?force=False returned with HTTP 404
2023-06-30 12:37:30.320 21 INFO cinder.api.openstack.wsgi [None req-7e21576f-a21c-4b29-8b90-3bc9f3f72c15 04f7c3587d2a42e4a1d9a2c66cc6969d 381ec1254ea84d6d92bf12a8a095966d - - default default] GET http://[LB_IP_ADDRESS]:8776/v3/381ec1254ea84d6d92bf12a8a095966d/qos-specs/240cacc0-b1ab-4647-8a29-695e87c63aa4
2023-06-30 12:37:30.326 21 INFO cinder.api.openstack.wsgi [None req-7e21576f-a21c-4b29-8b90-3bc9f3f72c15 04f7c3587d2a42e4a1d9a2c66cc6969d 381ec1254ea84d6d92bf12a8a095966d - - default default] http://[LB_IP_ADDRESS]:8776/v3/381ec1254ea84d6d92bf12a8a095966d/qos-specs/240cacc0-b1ab-4647-8a29-695e87c63aa4 returned with HTTP 404
2023-06-30 12:37:30.336 20 INFO cinder.api.openstack.wsgi [None req-de5f0bb4-f9aa-4986-b910-c198189b2819 04f7c3587d2a42e4a1d9a2c66cc6969d 381ec1254ea84d6d92bf12a8a095966d - - default default] DELETE http://[LB_IP_ADDRESS]:8776/v3/381ec1254ea84d6d92bf12a8a095966d/qos-specs/19a45ae7-3ab7-479d-a0f5-1faae10026a7?force=False
2023-06-30 12:37:30.342 20 INFO cinder.api.openstack.wsgi [None req-de5f0bb4-f9aa-4986-b910-c198189b2819 04f7c3587d2a42e4a1d9a2c66cc6969d 381ec1254ea84d6d92bf12a8a095966d - - default default] http://[LB_IP_ADDRESS]:8776/v3/381ec1254ea84d6d92bf12a8a095966d/qos-specs/19a45ae7-3ab7-479d-a0f5-1faae10026a7?force=False returned with HTTP 404
2023-06-30 12:37:30.353 18 INFO cinder.api.openstack.wsgi [None req-edb38fcd-724c-4694-b05d-59ad543ae68c 04f7c3587d2a42e4a1d9a2c66cc6969d 381ec1254ea84d6d92bf12a8a095966d - - default default] GET http://[LB_IP_ADDRESS]:8776/v3/381ec1254ea84d6d92bf12a8a095966d/qos-specs/19a45ae7-3ab7-479d-a0f5-1faae10026a7
2023-06-30 12:37:30.362 18 INFO cinder.api.openstack.wsgi [None req-edb38fcd-724c-4694-b05d-59ad543ae68c 04f7c3587d2a42e4a1d9a2c66cc6969d 381ec1254ea84d6d92bf12a8a095966d - - default default] http://[LB_IP_ADDRESS]:8776/v3/381ec1254ea84d6d92bf12a8a095966d/qos-specs/19a45ae7-3ab7-479d-a0f5-1faae10026a7 returned with HTTP 404
2023-06-30 12:37:30.371 22 INFO cinder.api.openstack.wsgi [None req-ccb0255b-bfea-4bbb-9239-60ad687e834a 04f7c3587d2a42e4a1d9a2c66cc6969d 381ec1254ea84d6d92bf12a8a095966d - - default default] DELETE http://[LB_IP_ADDRESS]:8776/v3/381ec1254ea84d6d92bf12a8a095966d/types/bb64ca6c-c9b6-4d36-8394-a84998f651a6
2023-06-30 12:37:30.413 22 INFO cinder.api.openstack.wsgi [None req-ccb0255b-bfea-4bbb-9239-60ad687e834a 04f7c3587d2a42e4a1d9a2c66cc6969d 381ec1254ea84d6d92bf12a8a095966d - - default default] http://[LB_IP_ADDRESS]:8776/v3/381ec1254ea84d6d92bf12a8a095966d/types/bb64ca6c-c9b6-4d36-8394-a84998f651a6 returned with HTTP 202
2023-06-30 12:37:30.422 19 INFO cinder.api.openstack.wsgi [None req-66e911c4-d3a4-4473-919b-98f93a75b99b 04f7c3587d2a42e4a1d9a2c66cc6969d 381ec1254ea84d6d92bf12a8a095966d - - default default] GET http://[LB_IP_ADDRESS]:8776/v3/381ec1254ea84d6d92bf12a8a095966d/types/bb64ca6c-c9b6-4d36-8394-a84998f651a6
2023-06-30 12:37:30.428 19 INFO cinder.api.openstack.wsgi [None req-66e911c4-d3a4-4473-919b-98f93a75b99b 04f7c3587d2a42e4a1d9a2c66cc6969d 381ec1254ea84d6d92bf12a8a095966d - - default default] http://[LB_IP_ADDRESS]:8776/v3/381ec1254ea84d6d92bf12a8a095966d/types/bb64ca6c-c9b6-4d36-8394-a84998f651a6 returned with HTTP 404
2023-06-30 12:37:30.437 21 INFO cinder.api.openstack.wsgi [None req-f51e07a9-ddf0-411d-950b-196dcdcae3cb 04f7c3587d2a42e4a1d9a2c66cc6969d 381ec1254ea84d6d92bf12a8a095966d - - default default] DELETE http://[LB_IP_ADDRESS]:8776/v3/381ec1254ea84d6d92bf12a8a095966d/types/f60fef03-dca4-4ccc-9186-91b4d4f27f33
2023-06-30 12:37:30.476 21 INFO cinder.api.openstack.wsgi [None req-f51e07a9-ddf0-411d-950b-196dcdcae3cb 04f7c3587d2a42e4a1d9a2c66cc6969d 381ec1254ea84d6d92bf12a8a095966d - - default default] http://[LB_IP_ADDRESS]:8776/v3/381ec1254ea84d6d92bf12a8a095966d/types/f60fef03-dca4-4ccc-9186-91b4d4f27f33 returned with HTTP 202
2023-06-30 12:37:30.486 20 INFO cinder.api.openstack.wsgi [None req-ccc5ff57-9a36-4f35-a2f3-c608b2bcc109 04f7c3587d2a42e4a1d9a2c66cc6969d 381ec1254ea84d6d92bf12a8a095966d - - default default] GET http://[LB_IP_ADDRESS]:8776/v3/381ec1254ea84d6d92bf12a8a095966d/types/f60fef03-dca4-4ccc-9186-91b4d4f27f33
2023-06-30 12:37:30.492 20 INFO cinder.api.openstack.wsgi [None req-ccc5ff57-9a36-4f35-a2f3-c608b2bcc109 04f7c3587d2a42e4a1d9a2c66cc6969d 381ec1254ea84d6d92bf12a8a095966d - - default default] http://[LB_IP_ADDRESS]:8776/v3/381ec1254ea84d6d92bf12a8a095966d/types/f60fef03-dca4-4ccc-9186-91b4d4f27f33 returned with HTTP 404
2023-06-30 12:37:30.502 18 INFO cinder.api.openstack.wsgi [None req-b35c13cd-2b23-4e13-9fa7-7d1ed7e5934d 04f7c3587d2a42e4a1d9a2c66cc6969d 381ec1254ea84d6d92bf12a8a095966d - - default default] DELETE http://[LB_IP_ADDRESS]:8776/v3/381ec1254ea84d6d92bf12a8a095966d/types/6d067193-1426-4dac-9f24-d824b88181cc
2023-06-30 12:37:30.540 18 INFO cinder.api.openstack.wsgi [None req-b35c13cd-2b23-4e13-9fa7-7d1ed7e5934d 04f7c3587d2a42e4a1d9a2c66cc6969d 381ec1254ea84d6d92bf12a8a095966d - - default default] http://[LB_IP_ADDRESS]:8776/v3/381ec1254ea84d6d92bf12a8a095966d/types/6d067193-1426-4dac-9f24-d824b88181cc returned with HTTP 202
2023-06-30 12:37:30.550 22 INFO cinder.api.openstack.wsgi [None req-192e4d7a-17bc-4a83-8fda-ce93d40fe697 04f7c3587d2a42e4a1d9a2c66cc6969d 381ec1254ea84d6d92bf12a8a095966d - - default default] GET http://[LB_IP_ADDRESS]:8776/v3/381ec1254ea84d6d92bf12a8a095966d/types/6d067193-1426-4dac-9f24-d824b88181cc
2023-06-30 12:37:30.556 22 INFO cinder.api.openstack.wsgi [None req-192e4d7a-17bc-4a83-8fda-ce93d40fe697 04f7c3587d2a42e4a1d9a2c66cc6969d 381ec1254ea84d6d92bf12a8a095966d - - default default] http://[LB_IP_ADDRESS]:8776/v3/381ec1254ea84d6d92bf12a8a095966d/types/6d067193-1426-4dac-9f24-d824b88181cc returned with HTTP 404
2023-06-30 12:37:30.566 19 INFO cinder.api.openstack.wsgi [None req-93573bdf-ae8d-419f-82cc-c56830984954 04f7c3587d2a42e4a1d9a2c66cc6969d 381ec1254ea84d6d92bf12a8a095966d - - default default] DELETE http://[LB_IP_ADDRESS]:8776/v3/381ec1254ea84d6d92bf12a8a095966d/qos-specs/b11c4746-9627-4167-82ea-17fb670ede7a?force=False
2023-06-30 12:37:30.591 19 INFO cinder.api.openstack.wsgi [None req-93573bdf-ae8d-419f-82cc-c56830984954 04f7c3587d2a42e4a1d9a2c66cc6969d 381ec1254ea84d6d92bf12a8a095966d - - default default] http://[LB_IP_ADDRESS]:8776/v3/381ec1254ea84d6d92bf12a8a095966d/qos-specs/b11c4746-9627-4167-82ea-17fb670ede7a?force=False returned with HTTP 202
2023-06-30 12:37:30.602 21 INFO cinder.api.openstack.wsgi [None req-9eba1303-8969-4a25-9161-19e29b8b3a29 04f7c3587d2a42e4a1d9a2c66cc6969d 381ec1254ea84d6d92bf12a8a095966d - - default default] GET http://[LB_IP_ADDRESS]:8776/v3/381ec1254ea84d6d92bf12a8a095966d/qos-specs/b11c4746-9627-4167-82ea-17fb670ede7a
2023-06-30 12:37:30.608 21 INFO cinder.api.openstack.wsgi [None req-9eba1303-8969-4a25-9161-19e29b8b3a29 04f7c3587d2a42e4a1d9a2c66cc6969d 381ec1254ea84d6d92bf12a8a095966d - - default default] http://[LB_IP_ADDRESS]:8776/v3/381ec1254ea84d6d92bf12a8a095966d/qos-specs/b11c4746-9627-4167-82ea-17fb670ede7a returned with HTTP 404
2023-06-30 12:37:30.972 20 INFO cinder.api.openstack.wsgi [None req-2f9506c8-f33a-4408-98b8-da4dccc0522b 7f6b9ad58fbd4b21b61504d537b5ad41 0a6a9aa64ddf4e8083ea0a383ffb592b - - default default] GET http://[LB_IP_ADDRESS]:8776/v3/0a6a9aa64ddf4e8083ea0a383ffb592b/volumes/df7c3cf9-db48-4598-a262-5e41573cd86d
2023-06-30 12:37:30.984 20 INFO cinder.api.openstack.wsgi [None req-2f9506c8-f33a-4408-98b8-da4dccc0522b 7f6b9ad58fbd4b21b61504d537b5ad41 0a6a9aa64ddf4e8083ea0a383ffb592b - - default default] http://[LB_IP_ADDRESS]:8776/v3/0a6a9aa64ddf4e8083ea0a383ffb592b/volumes/df7c3cf9-db48-4598-a262-5e41573cd86d returned with HTTP 404
2023-06-30 12:37:30.999 18 INFO cinder.api.openstack.wsgi [None req-2ed0f9a4-91e3-48a0-9f74-30cf50888bb3 7f6b9ad58fbd4b21b61504d537b5ad41 0a6a9aa64ddf4e8083ea0a383ffb592b - - default default] GET http://[LB_IP_ADDRESS]:8776/v3/0a6a9aa64ddf4e8083ea0a383ffb592b/os-quota-sets/0a6a9aa64ddf4e8083ea0a383ffb592b?usage=True
2023-06-30 12:37:31.118 18 INFO cinder.api.openstack.wsgi [None req-2ed0f9a4-91e3-48a0-9f74-30cf50888bb3 7f6b9ad58fbd4b21b61504d537b5ad41 0a6a9aa64ddf4e8083ea0a383ffb592b - - default default] http://[LB_IP_ADDRESS]:8776/v3/0a6a9aa64ddf4e8083ea0a383ffb592b/os-quota-sets/0a6a9aa64ddf4e8083ea0a383ffb592b?usage=True returned with HTTP 200
2023-06-30 12:37:31.138 22 INFO cinder.api.openstack.wsgi [None req-e3fec34f-863b-488b-a921-07ec1f2b58eb 7f6b9ad58fbd4b21b61504d537b5ad41 0a6a9aa64ddf4e8083ea0a383ffb592b - - default default] PUT http://[LB_IP_ADDRESS]:8776/v3/0a6a9aa64ddf4e8083ea0a383ffb592b/os-quota-sets/c6a050bb4c1f4cf98bee8bc20b388672
2023-06-30 12:37:31.363 22 INFO cinder.api.openstack.wsgi [None req-e3fec34f-863b-488b-a921-07ec1f2b58eb 7f6b9ad58fbd4b21b61504d537b5ad41 0a6a9aa64ddf4e8083ea0a383ffb592b - - default default] http://[LB_IP_ADDRESS]:8776/v3/0a6a9aa64ddf4e8083ea0a383ffb592b/os-quota-sets/c6a050bb4c1f4cf98bee8bc20b388672 returned with HTTP 200
2023-06-30 12:37:31.377 19 INFO cinder.api.openstack.wsgi [None req-a8f383a1-cb27-42ae-bf5f-b1f447b9eed5 7f6b9ad58fbd4b21b61504d537b5ad41 0a6a9aa64ddf4e8083ea0a383ffb592b - - default default] PUT http://[LB_IP_ADDRESS]:8776/v3/0a6a9aa64ddf4e8083ea0a383ffb592b/os-quota-sets/c6a050bb4c1f4cf98bee8bc20b388672
2023-06-30 12:37:31.603 19 INFO cinder.api.openstack.wsgi [None req-a8f383a1-cb27-42ae-bf5f-b1f447b9eed5 7f6b9ad58fbd4b21b61504d537b5ad41 0a6a9aa64ddf4e8083ea0a383ffb592b - - default default] http://[LB_IP_ADDRESS]:8776/v3/0a6a9aa64ddf4e8083ea0a383ffb592b/os-quota-sets/c6a050bb4c1f4cf98bee8bc20b388672 returned with HTTP 200
2023-06-30 12:37:31.617 21 INFO cinder.api.openstack.wsgi [None req-0f3eb604-3401-4a1f-bca5-49797e2a7615 d7eb8448b38241b880b7eab171866b6e c6a050bb4c1f4cf98bee8bc20b388672 - - default default] DELETE http://[LB_IP_ADDRESS]:8776/v3/c6a050bb4c1f4cf98bee8bc20b388672/volumes/df7c3cf9-db48-4598-a262-5e41573cd86d
2023-06-30 12:37:31.617 21 INFO cinder.api.v3.volumes [None req-0f3eb604-3401-4a1f-bca5-49797e2a7615 d7eb8448b38241b880b7eab171866b6e c6a050bb4c1f4cf98bee8bc20b388672 - - default default] Delete volume with id: df7c3cf9-db48-4598-a262-5e41573cd86d 
2023-06-30 12:37:31.630 21 INFO cinder.api.openstack.wsgi [None req-0f3eb604-3401-4a1f-bca5-49797e2a7615 d7eb8448b38241b880b7eab171866b6e c6a050bb4c1f4cf98bee8bc20b388672 - - default default] http://[LB_IP_ADDRESS]:8776/v3/c6a050bb4c1f4cf98bee8bc20b388672/volumes/df7c3cf9-db48-4598-a262-5e41573cd86d returned with HTTP 404
2023-06-30 12:37:31.640 20 INFO cinder.api.openstack.wsgi [None req-ced34a4e-f113-4c63-ada9-d03afdd7c5f0 d7eb8448b38241b880b7eab171866b6e c6a050bb4c1f4cf98bee8bc20b388672 - - default default] DELETE http://[LB_IP_ADDRESS]:8776/v3/c6a050bb4c1f4cf98bee8bc20b388672/volumes/9e5478ce-1d70-427a-8993-e44114841d1e
2023-06-30 12:37:31.641 20 INFO cinder.api.v3.volumes [None req-ced34a4e-f113-4c63-ada9-d03afdd7c5f0 d7eb8448b38241b880b7eab171866b6e c6a050bb4c1f4cf98bee8bc20b388672 - - default default] Delete volume with id: 9e5478ce-1d70-427a-8993-e44114841d1e 
2023-06-30 12:37:31.651 20 INFO cinder.api.openstack.wsgi [None req-ced34a4e-f113-4c63-ada9-d03afdd7c5f0 d7eb8448b38241b880b7eab171866b6e c6a050bb4c1f4cf98bee8bc20b388672 - - default default] http://[LB_IP_ADDRESS]:8776/v3/c6a050bb4c1f4cf98bee8bc20b388672/volumes/9e5478ce-1d70-427a-8993-e44114841d1e returned with HTTP 404
2023-06-30 12:37:34.273 18 INFO cinder.api.openstack.wsgi [None req-ceb3e187-e71a-4979-8d42-d41e15ecab79 f86cf898c5624d99bf963236fadbb3e7 58ec3021140047b386f34d51bc3d738d - - default default] GET http://[LB_IP_ADDRESS]:8776/v3/58ec3021140047b386f34d51bc3d738d/os-quota-sets/a024a738b1ae4867b9b6740492ee4886
2023-06-30 12:37:34.380 18 INFO cinder.api.openstack.wsgi [None req-ceb3e187-e71a-4979-8d42-d41e15ecab79 f86cf898c5624d99bf963236fadbb3e7 58ec3021140047b386f34d51bc3d738d - - default default] http://[LB_IP_ADDRESS]:8776/v3/58ec3021140047b386f34d51bc3d738d/os-quota-sets/a024a738b1ae4867b9b6740492ee4886 returned with HTTP 200
2023-06-30 12:37:34.570 22 INFO cinder.api.openstack.wsgi [None req-18d326cf-d332-47a9-9cfd-50a2cd76ff4d 6a0b757e905a4eda8f452e73a5ed6502 a024a738b1ae4867b9b6740492ee4886 - - default default] POST http://[LB_IP_ADDRESS]:8776/v3/a024a738b1ae4867b9b6740492ee4886/volumes
2023-06-30 12:37:34.573 22 INFO cinder.api.v3.volumes [None req-18d326cf-d332-47a9-9cfd-50a2cd76ff4d 6a0b757e905a4eda8f452e73a5ed6502 a024a738b1ae4867b9b6740492ee4886 - - default default] Create volume of 1 GB
2023-06-30 12:37:34.580 22 INFO cinder.volume.api [None req-18d326cf-d332-47a9-9cfd-50a2cd76ff4d 6a0b757e905a4eda8f452e73a5ed6502 a024a738b1ae4867b9b6740492ee4886 - - default default] Availability Zones retrieved successfully.
2023-06-30 12:37:34.827 22 INFO cinder.volume.api [None req-18d326cf-d332-47a9-9cfd-50a2cd76ff4d 6a0b757e905a4eda8f452e73a5ed6502 a024a738b1ae4867b9b6740492ee4886 - - default default] Create volume request issued successfully.
2023-06-30 12:37:34.828 22 INFO cinder.api.openstack.wsgi [None req-18d326cf-d332-47a9-9cfd-50a2cd76ff4d 6a0b757e905a4eda8f452e73a5ed6502 a024a738b1ae4867b9b6740492ee4886 - - default default] http://[LB_IP_ADDRESS]:8776/v3/a024a738b1ae4867b9b6740492ee4886/volumes returned with HTTP 202
2023-06-30 12:37:34.846 19 INFO cinder.api.openstack.wsgi [None req-3e654d62-9f6a-44c4-937c-8561d306baf5 6a0b757e905a4eda8f452e73a5ed6502 a024a738b1ae4867b9b6740492ee4886 - - default default] GET http://[LB_IP_ADDRESS]:8776/v3/a024a738b1ae4867b9b6740492ee4886/volumes/fe6d8e16-964b-47e6-9736-4cf53fe2a713
2023-06-30 12:37:34.867 19 INFO cinder.volume.api [None req-3e654d62-9f6a-44c4-937c-8561d306baf5 6a0b757e905a4eda8f452e73a5ed6502 a024a738b1ae4867b9b6740492ee4886 - - default default] Volume info retrieved successfully.
2023-06-30 12:37:34.875 19 INFO cinder.api.openstack.wsgi [None req-3e654d62-9f6a-44c4-937c-8561d306baf5 6a0b757e905a4eda8f452e73a5ed6502 a024a738b1ae4867b9b6740492ee4886 - - default default] http://[LB_IP_ADDRESS]:8776/v3/a024a738b1ae4867b9b6740492ee4886/volumes/fe6d8e16-964b-47e6-9736-4cf53fe2a713 returned with HTTP 200
2023-06-30 12:37:35.414 21 INFO cinder.api.openstack.wsgi [None req-8027a859-6fe8-4df0-838d-664e4df7f836 5d08b731be43414ba9ce2d7126d99b5a 943fcc5857bf4b36a354eddf138eb79a - - default default] GET http://[LB_IP_ADDRESS]:8776/v3/943fcc5857bf4b36a354eddf138eb79a/scheduler-stats/get_pools
2023-06-30 12:37:35.430 21 INFO cinder.api.openstack.wsgi [None req-8027a859-6fe8-4df0-838d-664e4df7f836 5d08b731be43414ba9ce2d7126d99b5a 943fcc5857bf4b36a354eddf138eb79a - - default default] http://[LB_IP_ADDRESS]:8776/v3/943fcc5857bf4b36a354eddf138eb79a/scheduler-stats/get_pools returned with HTTP 200
2023-06-30 12:37:35.894 20 INFO cinder.api.openstack.wsgi [None req-8be341c2-321e-4cb2-a507-101bc22e1dcc 6a0b757e905a4eda8f452e73a5ed6502 a024a738b1ae4867b9b6740492ee4886 - - default default] GET http://[LB_IP_ADDRESS]:8776/v3/a024a738b1ae4867b9b6740492ee4886/volumes/fe6d8e16-964b-47e6-9736-4cf53fe2a713
2023-06-30 12:37:35.917 20 INFO cinder.volume.api [None req-8be341c2-321e-4cb2-a507-101bc22e1dcc 6a0b757e905a4eda8f452e73a5ed6502 a024a738b1ae4867b9b6740492ee4886 - - default default] Volume info retrieved successfully.
2023-06-30 12:37:35.925 20 INFO cinder.api.openstack.wsgi [None req-8be341c2-321e-4cb2-a507-101bc22e1dcc 6a0b757e905a4eda8f452e73a5ed6502 a024a738b1ae4867b9b6740492ee4886 - - default default] http://[LB_IP_ADDRESS]:8776/v3/a024a738b1ae4867b9b6740492ee4886/volumes/fe6d8e16-964b-47e6-9736-4cf53fe2a713 returned with HTTP 200
2023-06-30 12:37:35.954 18 INFO cinder.api.openstack.wsgi [None req-896ed062-5a37-4b20-8193-3335f985b334 - - - - - -] GET http://[LB_IP_ADDRESS]:8776/
2023-06-30 12:37:35.955 18 INFO cinder.api.openstack.wsgi [None req-896ed062-5a37-4b20-8193-3335f985b334 - - - - - -] http://[LB_IP_ADDRESS]:8776/ returned with HTTP 300
2023-06-30 12:37:36.845 22 INFO cinder.api.openstack.wsgi [None req-dccfe854-bc25-41fb-abd2-9f55886bc2ed d36162062d0c413799d1bc9e1ed7bcc2 de4b1a94108c43d39c67ec98c42e1563 - - default default] POST http://[LB_IP_ADDRESS]:8776/v3/de4b1a94108c43d39c67ec98c42e1563/types
2023-06-30 12:37:36.871 22 INFO cinder.api.openstack.wsgi [None req-dccfe854-bc25-41fb-abd2-9f55886bc2ed d36162062d0c413799d1bc9e1ed7bcc2 de4b1a94108c43d39c67ec98c42e1563 - - default default] http://[LB_IP_ADDRESS]:8776/v3/de4b1a94108c43d39c67ec98c42e1563/types returned with HTTP 200
2023-06-30 12:37:36.883 19 INFO cinder.api.openstack.wsgi [None req-0dce411b-1b2b-4b5a-a5fc-9285251b6e57 d36162062d0c413799d1bc9e1ed7bcc2 de4b1a94108c43d39c67ec98c42e1563 - - default default] GET http://[LB_IP_ADDRESS]:8776/v3/de4b1a94108c43d39c67ec98c42e1563/types/23c8a372-3230-4870-b207-3bc36ff9822d
2023-06-30 12:37:36.893 19 INFO cinder.api.openstack.wsgi [None req-0dce411b-1b2b-4b5a-a5fc-9285251b6e57 d36162062d0c413799d1bc9e1ed7bcc2 de4b1a94108c43d39c67ec98c42e1563 - - default default] http://[LB_IP_ADDRESS]:8776/v3/de4b1a94108c43d39c67ec98c42e1563/types/23c8a372-3230-4870-b207-3bc36ff9822d returned with HTTP 200
2023-06-30 12:37:36.906 21 INFO cinder.api.openstack.wsgi [None req-d31f659d-9317-442d-b443-099e4f588a1b d36162062d0c413799d1bc9e1ed7bcc2 de4b1a94108c43d39c67ec98c42e1563 - - default default] POST http://[LB_IP_ADDRESS]:8776/v3/de4b1a94108c43d39c67ec98c42e1563/types
2023-06-30 12:37:36.929 21 INFO cinder.api.openstack.wsgi [None req-d31f659d-9317-442d-b443-099e4f588a1b d36162062d0c413799d1bc9e1ed7bcc2 de4b1a94108c43d39c67ec98c42e1563 - - default default] http://[LB_IP_ADDRESS]:8776/v3/de4b1a94108c43d39c67ec98c42e1563/types returned with HTTP 200
2023-06-30 12:37:36.942 20 INFO cinder.api.openstack.wsgi [None req-d6f58ef6-6cc5-4578-8450-799fb856befb d36162062d0c413799d1bc9e1ed7bcc2 de4b1a94108c43d39c67ec98c42e1563 - - default default] POST http://[LB_IP_ADDRESS]:8776/v3/de4b1a94108c43d39c67ec98c42e1563/types/4b77a98c-5f26-4ec5-b729-abe7df40c199/encryption
2023-06-30 12:37:36.944 18 INFO cinder.api.openstack.wsgi [None req-878ab2c1-fd1f-4576-ba40-76d64b3a3994 6a0b757e905a4eda8f452e73a5ed6502 a024a738b1ae4867b9b6740492ee4886 - - default default] GET http://[LB_IP_ADDRESS]:8776/v3/a024a738b1ae4867b9b6740492ee4886/volumes/fe6d8e16-964b-47e6-9736-4cf53fe2a713
2023-06-30 12:37:36.963 18 INFO cinder.volume.api [None req-878ab2c1-fd1f-4576-ba40-76d64b3a3994 6a0b757e905a4eda8f452e73a5ed6502 a024a738b1ae4867b9b6740492ee4886 - - default default] Volume info retrieved successfully.
2023-06-30 12:37:36.967 20 INFO cinder.api.openstack.wsgi [None req-d6f58ef6-6cc5-4578-8450-799fb856befb d36162062d0c413799d1bc9e1ed7bcc2 de4b1a94108c43d39c67ec98c42e1563 - - default default] http://[LB_IP_ADDRESS]:8776/v3/de4b1a94108c43d39c67ec98c42e1563/types/4b77a98c-5f26-4ec5-b729-abe7df40c199/encryption returned with HTTP 200
2023-06-30 12:37:36.971 18 INFO cinder.api.openstack.wsgi [None req-878ab2c1-fd1f-4576-ba40-76d64b3a3994 6a0b757e905a4eda8f452e73a5ed6502 a024a738b1ae4867b9b6740492ee4886 - - default default] http://[LB_IP_ADDRESS]:8776/v3/a024a738b1ae4867b9b6740492ee4886/volumes/fe6d8e16-964b-47e6-9736-4cf53fe2a713 returned with HTTP 200
2023-06-30 12:37:36.981 22 INFO cinder.api.openstack.wsgi [None req-c416ac3c-13e9-4e85-8b0a-b6e85bcbc26a d36162062d0c413799d1bc9e1ed7bcc2 de4b1a94108c43d39c67ec98c42e1563 - - default default] GET http://[LB_IP_ADDRESS]:8776/v3/de4b1a94108c43d39c67ec98c42e1563/types/4b77a98c-5f26-4ec5-b729-abe7df40c199/encryption
2023-06-30 12:37:36.991 22 INFO cinder.api.openstack.wsgi [None req-c416ac3c-13e9-4e85-8b0a-b6e85bcbc26a d36162062d0c413799d1bc9e1ed7bcc2 de4b1a94108c43d39c67ec98c42e1563 - - default default] http://[LB_IP_ADDRESS]:8776/v3/de4b1a94108c43d39c67ec98c42e1563/types/4b77a98c-5f26-4ec5-b729-abe7df40c199/encryption returned with HTTP 200
2023-06-30 12:37:36.991 19 INFO cinder.api.openstack.wsgi [None req-b8d96bad-a0af-45c4-9585-b25814e93303 f86cf898c5624d99bf963236fadbb3e7 58ec3021140047b386f34d51bc3d738d - - default default] PUT http://[LB_IP_ADDRESS]:8776/v3/58ec3021140047b386f34d51bc3d738d/os-quota-sets/a024a738b1ae4867b9b6740492ee4886
2023-06-30 12:37:37.005 21 INFO cinder.api.openstack.wsgi [None req-4e51bf22-c4d1-448d-85a0-699f90e5011b d36162062d0c413799d1bc9e1ed7bcc2 de4b1a94108c43d39c67ec98c42e1563 - - default default] PUT http://[LB_IP_ADDRESS]:8776/v3/de4b1a94108c43d39c67ec98c42e1563/types/4b77a98c-5f26-4ec5-b729-abe7df40c199/encryption/provider
2023-06-30 12:37:37.027 21 INFO cinder.api.openstack.wsgi [None req-4e51bf22-c4d1-448d-85a0-699f90e5011b d36162062d0c413799d1bc9e1ed7bcc2 de4b1a94108c43d39c67ec98c42e1563 - - default default] http://[LB_IP_ADDRESS]:8776/v3/de4b1a94108c43d39c67ec98c42e1563/types/4b77a98c-5f26-4ec5-b729-abe7df40c199/encryption/provider returned with HTTP 200
2023-06-30 12:37:37.041 20 INFO cinder.api.openstack.wsgi [None req-e7d570e3-8777-45c9-b6b8-6b83b493e234 d36162062d0c413799d1bc9e1ed7bcc2 de4b1a94108c43d39c67ec98c42e1563 - - default default] GET http://[LB_IP_ADDRESS]:8776/v3/de4b1a94108c43d39c67ec98c42e1563/types/4b77a98c-5f26-4ec5-b729-abe7df40c199/encryption
2023-06-30 12:37:37.051 20 INFO cinder.api.openstack.wsgi [None req-e7d570e3-8777-45c9-b6b8-6b83b493e234 d36162062d0c413799d1bc9e1ed7bcc2 de4b1a94108c43d39c67ec98c42e1563 - - default default] http://[LB_IP_ADDRESS]:8776/v3/de4b1a94108c43d39c67ec98c42e1563/types/4b77a98c-5f26-4ec5-b729-abe7df40c199/encryption returned with HTTP 200
2023-06-30 12:37:37.065 18 INFO cinder.api.openstack.wsgi [None req-98dcac8e-2333-403c-b827-2c996b81d256 d36162062d0c413799d1bc9e1ed7bcc2 de4b1a94108c43d39c67ec98c42e1563 - - default default] GET http://[LB_IP_ADDRESS]:8776/v3/de4b1a94108c43d39c67ec98c42e1563/types/4b77a98c-5f26-4ec5-b729-abe7df40c199/encryption/cipher
2023-06-30 12:37:37.075 18 INFO cinder.api.openstack.wsgi [None req-98dcac8e-2333-403c-b827-2c996b81d256 d36162062d0c413799d1bc9e1ed7bcc2 de4b1a94108c43d39c67ec98c42e1563 - - default default] http://[LB_IP_ADDRESS]:8776/v3/de4b1a94108c43d39c67ec98c42e1563/types/4b77a98c-5f26-4ec5-b729-abe7df40c199/encryption/cipher returned with HTTP 200
2023-06-30 12:37:37.098 22 INFO cinder.api.openstack.wsgi [None req-79064e4d-6897-4ca5-a462-03268ef07180 d36162062d0c413799d1bc9e1ed7bcc2 de4b1a94108c43d39c67ec98c42e1563 - - default default] DELETE http://[LB_IP_ADDRESS]:8776/v3/de4b1a94108c43d39c67ec98c42e1563/types/4b77a98c-5f26-4ec5-b729-abe7df40c199/encryption/provider
2023-06-30 12:37:37.113 19 WARNING cinder.quota [None req-b8d96bad-a0af-45c4-9585-b25814e93303 f86cf898c5624d99bf963236fadbb3e7 58ec3021140047b386f34d51bc3d738d - - default default] Deprecated: Default quota for resource: volumes_tempest-VolumeTypesTest-volume-type-1712176881 is set by the default quota flag: quota_volumes_tempest-VolumeTypesTest-volume-type-1712176881, it is now deprecated. Please use the default quota class for default quota.
2023-06-30 12:37:37.113 19 WARNING cinder.quota [None req-b8d96bad-a0af-45c4-9585-b25814e93303 f86cf898c5624d99bf963236fadbb3e7 58ec3021140047b386f34d51bc3d738d - - default default] Deprecated: Default quota for resource: gigabytes_tempest-VolumeTypesTest-volume-type-1712176881 is set by the default quota flag: quota_gigabytes_tempest-VolumeTypesTest-volume-type-1712176881, it is now deprecated. Please use the default quota class for default quota.
2023-06-30 12:37:37.114 19 WARNING cinder.quota [None req-b8d96bad-a0af-45c4-9585-b25814e93303 f86cf898c5624d99bf963236fadbb3e7 58ec3021140047b386f34d51bc3d738d - - default default] Deprecated: Default quota for resource: snapshots_tempest-VolumeTypesTest-volume-type-1712176881 is set by the default quota flag: quota_snapshots_tempest-VolumeTypesTest-volume-type-1712176881, it is now deprecated. Please use the default quota class for default quota.
2023-06-30 12:37:37.115 19 WARNING cinder.quota [None req-b8d96bad-a0af-45c4-9585-b25814e93303 f86cf898c5624d99bf963236fadbb3e7 58ec3021140047b386f34d51bc3d738d - - default default] Deprecated: Default quota for resource: volumes_tempest-VolumeTypesTest-volume-type-1528865067 is set by the default quota flag: quota_volumes_tempest-VolumeTypesTest-volume-type-1528865067, it is now deprecated. Please use the default quota class for default quota.
2023-06-30 12:37:37.115 22 INFO cinder.api.openstack.wsgi [None req-79064e4d-6897-4ca5-a462-03268ef07180 d36162062d0c413799d1bc9e1ed7bcc2 de4b1a94108c43d39c67ec98c42e1563 - - default default] http://[LB_IP_ADDRESS]:8776/v3/de4b1a94108c43d39c67ec98c42e1563/types/4b77a98c-5f26-4ec5-b729-abe7df40c199/encryption/provider returned with HTTP 202
2023-06-30 12:37:37.115 19 WARNING cinder.quota [None req-b8d96bad-a0af-45c4-9585-b25814e93303 f86cf898c5624d99bf963236fadbb3e7 58ec3021140047b386f34d51bc3d738d - - default default] Deprecated: Default quota for resource: gigabytes_tempest-VolumeTypesTest-volume-type-1528865067 is set by the default quota flag: quota_gigabytes_tempest-VolumeTypesTest-volume-type-1528865067, it is now deprecated. Please use the default quota class for default quota.
2023-06-30 12:37:37.116 19 WARNING cinder.quota [None req-b8d96bad-a0af-45c4-9585-b25814e93303 f86cf898c5624d99bf963236fadbb3e7 58ec3021140047b386f34d51bc3d738d - - default default] Deprecated: Default quota for resource: snapshots_tempest-VolumeTypesTest-volume-type-1528865067 is set by the default quota flag: quota_snapshots_tempest-VolumeTypesTest-volume-type-1528865067, it is now deprecated. Please use the default quota class for default quota.
2023-06-30 12:37:37.126 21 INFO cinder.api.openstack.wsgi [None req-a427d58e-b15f-4f0c-81fa-3e35d6e48ec1 d36162062d0c413799d1bc9e1ed7bcc2 de4b1a94108c43d39c67ec98c42e1563 - - default default] GET http://[LB_IP_ADDRESS]:8776/v3/de4b1a94108c43d39c67ec98c42e1563/types/4b77a98c-5f26-4ec5-b729-abe7df40c199/encryption
2023-06-30 12:37:37.136 21 INFO cinder.api.openstack.wsgi [None req-a427d58e-b15f-4f0c-81fa-3e35d6e48ec1 d36162062d0c413799d1bc9e1ed7bcc2 de4b1a94108c43d39c67ec98c42e1563 - - default default] http://[LB_IP_ADDRESS]:8776/v3/de4b1a94108c43d39c67ec98c42e1563/types/4b77a98c-5f26-4ec5-b729-abe7df40c199/encryption returned with HTTP 200
2023-06-30 12:37:37.149 20 INFO cinder.api.openstack.wsgi [None req-2ca6589c-1223-41fb-9e80-d1b835a2ceb6 d36162062d0c413799d1bc9e1ed7bcc2 de4b1a94108c43d39c67ec98c42e1563 - - default default] GET http://[LB_IP_ADDRESS]:8776/v3/de4b1a94108c43d39c67ec98c42e1563/types/4b77a98c-5f26-4ec5-b729-abe7df40c199/encryption
2023-06-30 12:37:37.158 20 INFO cinder.api.openstack.wsgi [None req-2ca6589c-1223-41fb-9e80-d1b835a2ceb6 d36162062d0c413799d1bc9e1ed7bcc2 de4b1a94108c43d39c67ec98c42e1563 - - default default] http://[LB_IP_ADDRESS]:8776/v3/de4b1a94108c43d39c67ec98c42e1563/types/4b77a98c-5f26-4ec5-b729-abe7df40c199/encryption returned with HTTP 200
2023-06-30 12:37:37.167 19 INFO cinder.api.openstack.wsgi [None req-b8d96bad-a0af-45c4-9585-b25814e93303 f86cf898c5624d99bf963236fadbb3e7 58ec3021140047b386f34d51bc3d738d - - default default] http://[LB_IP_ADDRESS]:8776/v3/58ec3021140047b386f34d51bc3d738d/os-quota-sets/a024a738b1ae4867b9b6740492ee4886 returned with HTTP 200
2023-06-30 12:37:37.172 18 INFO cinder.api.openstack.wsgi [None req-8b0a30ab-2c8a-44fa-9d0e-fa7ade38c799 d36162062d0c413799d1bc9e1ed7bcc2 de4b1a94108c43d39c67ec98c42e1563 - - default default] GET http://[LB_IP_ADDRESS]:8776/v3/de4b1a94108c43d39c67ec98c42e1563/types
2023-06-30 12:37:37.179 22 INFO cinder.api.openstack.wsgi [None req-de38407e-3828-4161-92c9-35eb1b1e9847 6a0b757e905a4eda8f452e73a5ed6502 a024a738b1ae4867b9b6740492ee4886 - - default default] POST http://[LB_IP_ADDRESS]:8776/v3/a024a738b1ae4867b9b6740492ee4886/volumes
2023-06-30 12:37:37.182 22 INFO cinder.api.v3.volumes [None req-de38407e-3828-4161-92c9-35eb1b1e9847 6a0b757e905a4eda8f452e73a5ed6502 a024a738b1ae4867b9b6740492ee4886 - - default default] Create volume of 2 GB
2023-06-30 12:37:37.189 22 INFO cinder.volume.api [None req-de38407e-3828-4161-92c9-35eb1b1e9847 6a0b757e905a4eda8f452e73a5ed6502 a024a738b1ae4867b9b6740492ee4886 - - default default] Availability Zones retrieved successfully.
2023-06-30 12:37:37.193 18 INFO cinder.api.openstack.wsgi [None req-8b0a30ab-2c8a-44fa-9d0e-fa7ade38c799 d36162062d0c413799d1bc9e1ed7bcc2 de4b1a94108c43d39c67ec98c42e1563 - - default default] http://[LB_IP_ADDRESS]:8776/v3/de4b1a94108c43d39c67ec98c42e1563/types returned with HTTP 200
2023-06-30 12:37:37.206 21 INFO cinder.api.openstack.wsgi [None req-f30d5a27-6beb-4717-9f67-9d11869736e2 d36162062d0c413799d1bc9e1ed7bcc2 de4b1a94108c43d39c67ec98c42e1563 - - default default] POST http://[LB_IP_ADDRESS]:8776/v3/de4b1a94108c43d39c67ec98c42e1563/types
2023-06-30 12:37:37.228 21 INFO cinder.api.openstack.wsgi [None req-f30d5a27-6beb-4717-9f67-9d11869736e2 d36162062d0c413799d1bc9e1ed7bcc2 de4b1a94108c43d39c67ec98c42e1563 - - default default] http://[LB_IP_ADDRESS]:8776/v3/de4b1a94108c43d39c67ec98c42e1563/types returned with HTTP 200
2023-06-30 12:37:37.240 20 INFO cinder.api.openstack.wsgi [None req-a8a5fc52-db2a-4ab7-9e5b-8e2e2ca58179 d36162062d0c413799d1bc9e1ed7bcc2 de4b1a94108c43d39c67ec98c42e1563 - - default default] PUT http://[LB_IP_ADDRESS]:8776/v3/de4b1a94108c43d39c67ec98c42e1563/types/2c2d9c9e-235a-4a63-ac3f-efd3ca27dfa7
2023-06-30 12:37:37.356 22 WARNING cinder.quota_utils [None req-de38407e-3828-4161-92c9-35eb1b1e9847 6a0b757e905a4eda8f452e73a5ed6502 a024a738b1ae4867b9b6740492ee4886 - - default default] Quota exceeded for a024a738b1ae4867b9b6740492ee4886, tried to create 2G volume (1G of 1G already consumed).: cinder.exception.OverQuota: Quota exceeded for resources: ['gigabytes']
2023-06-30 12:37:37.359 22 WARNING cinder.volume.api [None req-de38407e-3828-4161-92c9-35eb1b1e9847 6a0b757e905a4eda8f452e73a5ed6502 a024a738b1ae4867b9b6740492ee4886 - - default default] Task 'cinder.volume.flows.api.create_volume.QuotaReserveTask;volume:create' (8665597d-c2b7-43fc-9a98-284b9bd8d175) transitioned into state 'FAILURE' from state 'RUNNING'

Failure: cinder.exception.VolumeSizeExceedsAvailableQuota: Requested volume or snapshot exceeds allowed gigabytes quota. Requested 2G, quota is 1G and 1G has been consumed.
2023-06-30 12:37:37.364 22 WARNING cinder.volume.api [None req-de38407e-3828-4161-92c9-35eb1b1e9847 6a0b757e905a4eda8f452e73a5ed6502 a024a738b1ae4867b9b6740492ee4886 - - default default] Task 'cinder.volume.flows.api.create_volume.QuotaReserveTask;volume:create' (8665597d-c2b7-43fc-9a98-284b9bd8d175) transitioned into state 'REVERTED' from state 'REVERTING'
2023-06-30 12:37:37.366 22 WARNING cinder.volume.api [None req-de38407e-3828-4161-92c9-35eb1b1e9847 6a0b757e905a4eda8f452e73a5ed6502 a024a738b1ae4867b9b6740492ee4886 - - default default] Task 'cinder.volume.flows.api.create_volume.ExtractVolumeRequestTask;volume:create' (ae59d0ad-1c68-421e-affd-15cddc92e063) transitioned into state 'REVERTED' from state 'REVERTING'
2023-06-30 12:37:37.368 22 WARNING cinder.volume.api [None req-de38407e-3828-4161-92c9-35eb1b1e9847 6a0b757e905a4eda8f452e73a5ed6502 a024a738b1ae4867b9b6740492ee4886 - - default default] Flow 'volume_create_api' (7e7ee0a5-4ec8-4e00-875e-dc41c04b4135) transitioned into state 'REVERTED' from state 'RUNNING'
2023-06-30 12:37:37.369 22 INFO cinder.api.middleware.fault [None req-de38407e-3828-4161-92c9-35eb1b1e9847 6a0b757e905a4eda8f452e73a5ed6502 a024a738b1ae4867b9b6740492ee4886 - - default default] http://[LB_IP_ADDRESS]:8776/v3/a024a738b1ae4867b9b6740492ee4886/volumes returned with HTTP 413
2023-06-30 12:37:37.383 19 INFO cinder.api.openstack.wsgi [None req-ffc98e83-db8f-4586-a2d6-5654a7ff0727 f86cf898c5624d99bf963236fadbb3e7 58ec3021140047b386f34d51bc3d738d - - default default] PUT http://[LB_IP_ADDRESS]:8776/v3/58ec3021140047b386f34d51bc3d738d/os-quota-sets/a024a738b1ae4867b9b6740492ee4886
2023-06-30 12:37:37.459 20 INFO cinder.api.openstack.wsgi [None req-a8a5fc52-db2a-4ab7-9e5b-8e2e2ca58179 d36162062d0c413799d1bc9e1ed7bcc2 de4b1a94108c43d39c67ec98c42e1563 - - default default] http://[LB_IP_ADDRESS]:8776/v3/de4b1a94108c43d39c67ec98c42e1563/types/2c2d9c9e-235a-4a63-ac3f-efd3ca27dfa7 returned with HTTP 200
2023-06-30 12:37:37.472 18 INFO cinder.api.openstack.wsgi [None req-4e06b74a-14f0-456f-978d-797c1d9ecb92 d36162062d0c413799d1bc9e1ed7bcc2 de4b1a94108c43d39c67ec98c42e1563 - - default default] GET http://[LB_IP_ADDRESS]:8776/v3/de4b1a94108c43d39c67ec98c42e1563/types/2c2d9c9e-235a-4a63-ac3f-efd3ca27dfa7
2023-06-30 12:37:37.481 18 INFO cinder.api.openstack.wsgi [None req-4e06b74a-14f0-456f-978d-797c1d9ecb92 d36162062d0c413799d1bc9e1ed7bcc2 de4b1a94108c43d39c67ec98c42e1563 - - default default] http://[LB_IP_ADDRESS]:8776/v3/de4b1a94108c43d39c67ec98c42e1563/types/2c2d9c9e-235a-4a63-ac3f-efd3ca27dfa7 returned with HTTP 200
2023-06-30 12:37:37.493 21 INFO cinder.api.openstack.wsgi [None req-0e43b9ce-ae85-463a-9643-1f2399cd29f1 d36162062d0c413799d1bc9e1ed7bcc2 de4b1a94108c43d39c67ec98c42e1563 - - default default] DELETE http://[LB_IP_ADDRESS]:8776/v3/de4b1a94108c43d39c67ec98c42e1563/types/2c2d9c9e-235a-4a63-ac3f-efd3ca27dfa7
2023-06-30 12:37:37.501 19 WARNING cinder.quota [None req-ffc98e83-db8f-4586-a2d6-5654a7ff0727 f86cf898c5624d99bf963236fadbb3e7 58ec3021140047b386f34d51bc3d738d - - default default] Deprecated: Default quota for resource: volumes_tempest-volume-type-1699400879 is set by the default quota flag: quota_volumes_tempest-volume-type-1699400879, it is now deprecated. Please use the default quota class for default quota.
2023-06-30 12:37:37.502 19 WARNING cinder.quota [None req-ffc98e83-db8f-4586-a2d6-5654a7ff0727 f86cf898c5624d99bf963236fadbb3e7 58ec3021140047b386f34d51bc3d738d - - default default] Deprecated: Default quota for resource: gigabytes_tempest-volume-type-1699400879 is set by the default quota flag: quota_gigabytes_tempest-volume-type-1699400879, it is now deprecated. Please use the default quota class for default quota.
2023-06-30 12:37:37.503 19 WARNING cinder.quota [None req-ffc98e83-db8f-4586-a2d6-5654a7ff0727 f86cf898c5624d99bf963236fadbb3e7 58ec3021140047b386f34d51bc3d738d - - default default] Deprecated: Default quota for resource: snapshots_tempest-volume-type-1699400879 is set by the default quota flag: quota_snapshots_tempest-volume-type-1699400879, it is now deprecated. Please use the default quota class for default quota.
2023-06-30 12:37:37.533 21 INFO cinder.api.openstack.wsgi [None req-0e43b9ce-ae85-463a-9643-1f2399cd29f1 d36162062d0c413799d1bc9e1ed7bcc2 de4b1a94108c43d39c67ec98c42e1563 - - default default] http://[LB_IP_ADDRESS]:8776/v3/de4b1a94108c43d39c67ec98c42e1563/types/2c2d9c9e-235a-4a63-ac3f-efd3ca27dfa7 returned with HTTP 202
2023-06-30 12:37:37.542 22 INFO cinder.api.openstack.wsgi [None req-bd9c500b-781d-4237-b97e-1f3ebe0954ac d36162062d0c413799d1bc9e1ed7bcc2 de4b1a94108c43d39c67ec98c42e1563 - - default default] GET http://[LB_IP_ADDRESS]:8776/v3/de4b1a94108c43d39c67ec98c42e1563/types/2c2d9c9e-235a-4a63-ac3f-efd3ca27dfa7
2023-06-30 12:37:37.548 22 INFO cinder.api.openstack.wsgi [None req-bd9c500b-781d-4237-b97e-1f3ebe0954ac d36162062d0c413799d1bc9e1ed7bcc2 de4b1a94108c43d39c67ec98c42e1563 - - default default] http://[LB_IP_ADDRESS]:8776/v3/de4b1a94108c43d39c67ec98c42e1563/types/2c2d9c9e-235a-4a63-ac3f-efd3ca27dfa7 returned with HTTP 404
2023-06-30 12:37:37.555 19 INFO cinder.api.openstack.wsgi [None req-ffc98e83-db8f-4586-a2d6-5654a7ff0727 f86cf898c5624d99bf963236fadbb3e7 58ec3021140047b386f34d51bc3d738d - - default default] http://[LB_IP_ADDRESS]:8776/v3/58ec3021140047b386f34d51bc3d738d/os-quota-sets/a024a738b1ae4867b9b6740492ee4886 returned with HTTP 200
2023-06-30 12:37:37.558 20 INFO cinder.api.openstack.wsgi [None req-56b6beb7-bf05-41ef-b708-9ad589a6ba2c d36162062d0c413799d1bc9e1ed7bcc2 de4b1a94108c43d39c67ec98c42e1563 - - default default] DELETE http://[LB_IP_ADDRESS]:8776/v3/de4b1a94108c43d39c67ec98c42e1563/types/4b77a98c-5f26-4ec5-b729-abe7df40c199
2023-06-30 12:37:37.567 18 INFO cinder.api.openstack.wsgi [None req-6af43866-29a4-4ccf-ab75-a916293d3c2c 6a0b757e905a4eda8f452e73a5ed6502 a024a738b1ae4867b9b6740492ee4886 - - default default] POST http://[LB_IP_ADDRESS]:8776/v3/a024a738b1ae4867b9b6740492ee4886/volumes
2023-06-30 12:37:37.570 18 INFO cinder.api.v3.volumes [None req-6af43866-29a4-4ccf-ab75-a916293d3c2c 6a0b757e905a4eda8f452e73a5ed6502 a024a738b1ae4867b9b6740492ee4886 - - default default] Create volume of 1 GB
2023-06-30 12:37:37.577 18 INFO cinder.volume.api [None req-6af43866-29a4-4ccf-ab75-a916293d3c2c 6a0b757e905a4eda8f452e73a5ed6502 a024a738b1ae4867b9b6740492ee4886 - - default default] Availability Zones retrieved successfully.
2023-06-30 12:37:37.597 20 INFO cinder.api.openstack.wsgi [None req-56b6beb7-bf05-41ef-b708-9ad589a6ba2c d36162062d0c413799d1bc9e1ed7bcc2 de4b1a94108c43d39c67ec98c42e1563 - - default default] http://[LB_IP_ADDRESS]:8776/v3/de4b1a94108c43d39c67ec98c42e1563/types/4b77a98c-5f26-4ec5-b729-abe7df40c199 returned with HTTP 202
2023-06-30 12:37:37.607 21 INFO cinder.api.openstack.wsgi [None req-8edc1427-7114-484e-a3d7-9fd727354cbd d36162062d0c413799d1bc9e1ed7bcc2 de4b1a94108c43d39c67ec98c42e1563 - - default default] GET http://[LB_IP_ADDRESS]:8776/v3/de4b1a94108c43d39c67ec98c42e1563/types/4b77a98c-5f26-4ec5-b729-abe7df40c199
2023-06-30 12:37:37.613 21 INFO cinder.api.openstack.wsgi [None req-8edc1427-7114-484e-a3d7-9fd727354cbd d36162062d0c413799d1bc9e1ed7bcc2 de4b1a94108c43d39c67ec98c42e1563 - - default default] http://[LB_IP_ADDRESS]:8776/v3/de4b1a94108c43d39c67ec98c42e1563/types/4b77a98c-5f26-4ec5-b729-abe7df40c199 returned with HTTP 404
2023-06-30 12:37:37.622 22 INFO cinder.api.openstack.wsgi [None req-854b0700-a102-42ec-b6bf-d0e8c9cf0a9e d36162062d0c413799d1bc9e1ed7bcc2 de4b1a94108c43d39c67ec98c42e1563 - - default default] DELETE http://[LB_IP_ADDRESS]:8776/v3/de4b1a94108c43d39c67ec98c42e1563/types/23c8a372-3230-4870-b207-3bc36ff9822d
2023-06-30 12:37:37.662 22 INFO cinder.api.openstack.wsgi [None req-854b0700-a102-42ec-b6bf-d0e8c9cf0a9e d36162062d0c413799d1bc9e1ed7bcc2 de4b1a94108c43d39c67ec98c42e1563 - - default default] http://[LB_IP_ADDRESS]:8776/v3/de4b1a94108c43d39c67ec98c42e1563/types/23c8a372-3230-4870-b207-3bc36ff9822d returned with HTTP 202
2023-06-30 12:37:37.673 19 INFO cinder.api.openstack.wsgi [None req-d7f84cb8-16f0-4f96-8d1d-4bc4befea864 d36162062d0c413799d1bc9e1ed7bcc2 de4b1a94108c43d39c67ec98c42e1563 - - default default] GET http://[LB_IP_ADDRESS]:8776/v3/de4b1a94108c43d39c67ec98c42e1563/types/23c8a372-3230-4870-b207-3bc36ff9822d
2023-06-30 12:37:37.678 19 INFO cinder.api.openstack.wsgi [None req-d7f84cb8-16f0-4f96-8d1d-4bc4befea864 d36162062d0c413799d1bc9e1ed7bcc2 de4b1a94108c43d39c67ec98c42e1563 - - default default] http://[LB_IP_ADDRESS]:8776/v3/de4b1a94108c43d39c67ec98c42e1563/types/23c8a372-3230-4870-b207-3bc36ff9822d returned with HTTP 404
