2025-07-29 05:27:48.179 25 INFO cinder.api.openstack.wsgi [None req-4c1543a7-01b3-41bb-bd8e-1e0fd559e9b1 2b133c828a1d4de68afae26142feee40 65e5b531e4ca4ecc9e9c4249e95eead7 - - default default] GET http://[LB_IP_ADDRESS]:8776/v3/65e5b531e4ca4ecc9e9c4249e95eead7/group_snapshots/a6652e1e-3f85-4273-9879-16f64083f846
2025-07-29 05:27:48.185 25 INFO cinder.api.openstack.wsgi [None req-4c1543a7-01b3-41bb-bd8e-1e0fd559e9b1 2b133c828a1d4de68afae26142feee40 65e5b531e4ca4ecc9e9c4249e95eead7 - - default default] http://[LB_IP_ADDRESS]:8776/v3/65e5b531e4ca4ecc9e9c4249e95eead7/group_snapshots/a6652e1e-3f85-4273-9879-16f64083f846 returned with HTTP 404
2025-07-29 05:27:48.196 21 INFO cinder.api.openstack.wsgi [None req-22668d7b-da11-435f-b58a-6eda8a0184c5 2b133c828a1d4de68afae26142feee40 65e5b531e4ca4ecc9e9c4249e95eead7 - - default default] GET http://[LB_IP_ADDRESS]:8776/v3/65e5b531e4ca4ecc9e9c4249e95eead7/group_snapshots
2025-07-29 05:27:48.205 21 INFO cinder.api.openstack.wsgi [None req-22668d7b-da11-435f-b58a-6eda8a0184c5 2b133c828a1d4de68afae26142feee40 65e5b531e4ca4ecc9e9c4249e95eead7 - - default default] http://[LB_IP_ADDRESS]:8776/v3/65e5b531e4ca4ecc9e9c4249e95eead7/group_snapshots returned with HTTP 200
2025-07-29 05:27:48.217 24 INFO cinder.api.openstack.wsgi [None req-bcf6323b-077b-42d9-b1f9-b5416fa30d87 2b133c828a1d4de68afae26142feee40 65e5b531e4ca4ecc9e9c4249e95eead7 - - default default] DELETE http://[LB_IP_ADDRESS]:8776/v3/65e5b531e4ca4ecc9e9c4249e95eead7/group_snapshots/a6652e1e-3f85-4273-9879-16f64083f846
2025-07-29 05:27:48.218 24 INFO cinder.api.v3.group_snapshots [None req-bcf6323b-077b-42d9-b1f9-b5416fa30d87 2b133c828a1d4de68afae26142feee40 65e5b531e4ca4ecc9e9c4249e95eead7 - - default default] Delete group_snapshot with id: a6652e1e-3f85-4273-9879-16f64083f846
2025-07-29 05:27:48.223 24 INFO cinder.api.openstack.wsgi [None req-bcf6323b-077b-42d9-b1f9-b5416fa30d87 2b133c828a1d4de68afae26142feee40 65e5b531e4ca4ecc9e9c4249e95eead7 - - default default] http://[LB_IP_ADDRESS]:8776/v3/65e5b531e4ca4ecc9e9c4249e95eead7/group_snapshots/a6652e1e-3f85-4273-9879-16f64083f846 returned with HTTP 404
2025-07-29 05:27:48.232 23 INFO cinder.api.openstack.wsgi [None req-93587565-948c-4e0c-9b0d-08dccf9d9e06 2b133c828a1d4de68afae26142feee40 65e5b531e4ca4ecc9e9c4249e95eead7 - - default default] GET http://[LB_IP_ADDRESS]:8776/v3/65e5b531e4ca4ecc9e9c4249e95eead7/volumes/detail
2025-07-29 05:27:48.248 23 INFO cinder.volume.api [None req-93587565-948c-4e0c-9b0d-08dccf9d9e06 2b133c828a1d4de68afae26142feee40 65e5b531e4ca4ecc9e9c4249e95eead7 - - default default] Get all volumes completed successfully.
2025-07-29 05:27:48.269 23 INFO cinder.api.openstack.wsgi [None req-93587565-948c-4e0c-9b0d-08dccf9d9e06 2b133c828a1d4de68afae26142feee40 65e5b531e4ca4ecc9e9c4249e95eead7 - - default default] http://[LB_IP_ADDRESS]:8776/v3/65e5b531e4ca4ecc9e9c4249e95eead7/volumes/detail returned with HTTP 200
2025-07-29 05:27:48.296 22 INFO cinder.api.openstack.wsgi [None req-16187a74-cb8b-41ca-b440-8476c5bb4507 2b133c828a1d4de68afae26142feee40 65e5b531e4ca4ecc9e9c4249e95eead7 - - default default] POST http://[LB_IP_ADDRESS]:8776/v3/65e5b531e4ca4ecc9e9c4249e95eead7/groups/96633b0e-ece5-4754-8bb0-49afc8888101/action
2025-07-29 05:27:48.301 22 INFO cinder.api.v3.groups [None req-16187a74-cb8b-41ca-b440-8476c5bb4507 2b133c828a1d4de68afae26142feee40 65e5b531e4ca4ecc9e9c4249e95eead7 - - default default] Delete group with id: 96633b0e-ece5-4754-8bb0-49afc8888101
2025-07-29 05:27:48.344 25 INFO cinder.api.openstack.wsgi [None req-7543dadb-55bf-42db-8a51-f21cb1b2e172 785954cb83c64a859c8087dfbefadc3f 0f6c88d50ffc4f82bc93b84f2ea65c9c - - default default] GET http://[LB_IP_ADDRESS]:8776/v3/0f6c88d50ffc4f82bc93b84f2ea65c9c/groups/9c86bd4e-cab8-4288-aae6-78177b26064b
2025-07-29 05:27:48.361 25 INFO cinder.api.openstack.wsgi [None req-7543dadb-55bf-42db-8a51-f21cb1b2e172 785954cb83c64a859c8087dfbefadc3f 0f6c88d50ffc4f82bc93b84f2ea65c9c - - default default] http://[LB_IP_ADDRESS]:8776/v3/0f6c88d50ffc4f82bc93b84f2ea65c9c/groups/9c86bd4e-cab8-4288-aae6-78177b26064b returned with HTTP 200
2025-07-29 05:27:48.365 22 INFO cinder.api.openstack.wsgi [None req-16187a74-cb8b-41ca-b440-8476c5bb4507 2b133c828a1d4de68afae26142feee40 65e5b531e4ca4ecc9e9c4249e95eead7 - - default default] http://[LB_IP_ADDRESS]:8776/v3/65e5b531e4ca4ecc9e9c4249e95eead7/groups/96633b0e-ece5-4754-8bb0-49afc8888101/action returned with HTTP 202
2025-07-29 05:27:48.375 21 INFO cinder.api.openstack.wsgi [None req-54d3e162-384c-4893-aa12-9f8577b290ba 2b133c828a1d4de68afae26142feee40 65e5b531e4ca4ecc9e9c4249e95eead7 - - default default] GET http://[LB_IP_ADDRESS]:8776/v3/65e5b531e4ca4ecc9e9c4249e95eead7/volumes/932af3c7-3ff6-43c8-b4dc-e2260a52a9df
2025-07-29 05:27:48.377 24 INFO cinder.api.openstack.wsgi [None req-616084a5-e446-40b9-b86f-66a64640e300 785954cb83c64a859c8087dfbefadc3f 0f6c88d50ffc4f82bc93b84f2ea65c9c - - default default] GET http://[LB_IP_ADDRESS]:8776/v3/0f6c88d50ffc4f82bc93b84f2ea65c9c/groups/9c86bd4e-cab8-4288-aae6-78177b26064b
2025-07-29 05:27:48.394 21 INFO cinder.volume.api [None req-54d3e162-384c-4893-aa12-9f8577b290ba 2b133c828a1d4de68afae26142feee40 65e5b531e4ca4ecc9e9c4249e95eead7 - - default default] Volume info retrieved successfully.
2025-07-29 05:27:48.399 24 INFO cinder.api.openstack.wsgi [None req-616084a5-e446-40b9-b86f-66a64640e300 785954cb83c64a859c8087dfbefadc3f 0f6c88d50ffc4f82bc93b84f2ea65c9c - - default default] http://[LB_IP_ADDRESS]:8776/v3/0f6c88d50ffc4f82bc93b84f2ea65c9c/groups/9c86bd4e-cab8-4288-aae6-78177b26064b returned with HTTP 200
2025-07-29 05:27:48.414 23 INFO cinder.api.openstack.wsgi [None req-ed65f939-d8dc-4443-8c54-1cca9250ff64 785954cb83c64a859c8087dfbefadc3f 0f6c88d50ffc4f82bc93b84f2ea65c9c - - default default] GET http://[LB_IP_ADDRESS]:8776/v3/0f6c88d50ffc4f82bc93b84f2ea65c9c/volumes/detail
2025-07-29 05:27:48.417 21 INFO cinder.api.openstack.wsgi [None req-54d3e162-384c-4893-aa12-9f8577b290ba 2b133c828a1d4de68afae26142feee40 65e5b531e4ca4ecc9e9c4249e95eead7 - - default default] http://[LB_IP_ADDRESS]:8776/v3/65e5b531e4ca4ecc9e9c4249e95eead7/volumes/932af3c7-3ff6-43c8-b4dc-e2260a52a9df returned with HTTP 200
2025-07-29 05:27:48.433 23 INFO cinder.volume.api [None req-ed65f939-d8dc-4443-8c54-1cca9250ff64 785954cb83c64a859c8087dfbefadc3f 0f6c88d50ffc4f82bc93b84f2ea65c9c - - default default] Get all volumes completed successfully.
2025-07-29 05:27:48.461 23 INFO cinder.api.openstack.wsgi [None req-ed65f939-d8dc-4443-8c54-1cca9250ff64 785954cb83c64a859c8087dfbefadc3f 0f6c88d50ffc4f82bc93b84f2ea65c9c - - default default] http://[LB_IP_ADDRESS]:8776/v3/0f6c88d50ffc4f82bc93b84f2ea65c9c/volumes/detail returned with HTTP 200
2025-07-29 05:27:48.491 25 INFO cinder.api.openstack.wsgi [None req-82734043-6894-48c4-8059-8d5cafdd28b0 785954cb83c64a859c8087dfbefadc3f 0f6c88d50ffc4f82bc93b84f2ea65c9c - - default default] PUT http://[LB_IP_ADDRESS]:8776/v3/0f6c88d50ffc4f82bc93b84f2ea65c9c/groups/9c86bd4e-cab8-4288-aae6-78177b26064b
2025-07-29 05:27:48.494 25 INFO cinder.api.v3.groups [None req-82734043-6894-48c4-8059-8d5cafdd28b0 785954cb83c64a859c8087dfbefadc3f 0f6c88d50ffc4f82bc93b84f2ea65c9c - - default default] Updating group 9c86bd4e-cab8-4288-aae6-78177b26064b with name None description: None add_volumes: c6453f97-2195-4ebf-980d-29d1cc5cdb99 remove_volumes: None.
2025-07-29 05:27:48.551 25 INFO cinder.api.openstack.wsgi [None req-82734043-6894-48c4-8059-8d5cafdd28b0 785954cb83c64a859c8087dfbefadc3f 0f6c88d50ffc4f82bc93b84f2ea65c9c - - default default] http://[LB_IP_ADDRESS]:8776/v3/0f6c88d50ffc4f82bc93b84f2ea65c9c/groups/9c86bd4e-cab8-4288-aae6-78177b26064b returned with HTTP 202
2025-07-29 05:27:48.563 22 INFO cinder.api.openstack.wsgi [None req-c26f9fd2-d2d2-4852-acca-7f5ea3392eef 785954cb83c64a859c8087dfbefadc3f 0f6c88d50ffc4f82bc93b84f2ea65c9c - - default default] GET http://[LB_IP_ADDRESS]:8776/v3/0f6c88d50ffc4f82bc93b84f2ea65c9c/groups/9c86bd4e-cab8-4288-aae6-78177b26064b
2025-07-29 05:27:48.586 22 INFO cinder.api.openstack.wsgi [None req-c26f9fd2-d2d2-4852-acca-7f5ea3392eef 785954cb83c64a859c8087dfbefadc3f 0f6c88d50ffc4f82bc93b84f2ea65c9c - - default default] http://[LB_IP_ADDRESS]:8776/v3/0f6c88d50ffc4f82bc93b84f2ea65c9c/groups/9c86bd4e-cab8-4288-aae6-78177b26064b returned with HTTP 200
2025-07-29 05:27:49.445 24 INFO cinder.api.openstack.wsgi [None req-bd80e36a-7462-46fb-886f-7ebb99dbfec2 2b133c828a1d4de68afae26142feee40 65e5b531e4ca4ecc9e9c4249e95eead7 - - default default] GET http://[LB_IP_ADDRESS]:8776/v3/65e5b531e4ca4ecc9e9c4249e95eead7/volumes/932af3c7-3ff6-43c8-b4dc-e2260a52a9df
2025-07-29 05:27:49.459 24 INFO cinder.api.openstack.wsgi [None req-bd80e36a-7462-46fb-886f-7ebb99dbfec2 2b133c828a1d4de68afae26142feee40 65e5b531e4ca4ecc9e9c4249e95eead7 - - default default] http://[LB_IP_ADDRESS]:8776/v3/65e5b531e4ca4ecc9e9c4249e95eead7/volumes/932af3c7-3ff6-43c8-b4dc-e2260a52a9df returned with HTTP 404
2025-07-29 05:27:49.470 21 INFO cinder.api.openstack.wsgi [None req-beae268d-7f75-456c-9257-aa0c1d0a2b10 2b133c828a1d4de68afae26142feee40 65e5b531e4ca4ecc9e9c4249e95eead7 - - default default] GET http://[LB_IP_ADDRESS]:8776/v3/65e5b531e4ca4ecc9e9c4249e95eead7/groups/96633b0e-ece5-4754-8bb0-49afc8888101
2025-07-29 05:27:49.477 21 INFO cinder.api.openstack.wsgi [None req-beae268d-7f75-456c-9257-aa0c1d0a2b10 2b133c828a1d4de68afae26142feee40 65e5b531e4ca4ecc9e9c4249e95eead7 - - default default] http://[LB_IP_ADDRESS]:8776/v3/65e5b531e4ca4ecc9e9c4249e95eead7/groups/96633b0e-ece5-4754-8bb0-49afc8888101 returned with HTTP 404
2025-07-29 05:27:49.490 23 INFO cinder.api.openstack.wsgi [None req-9dec4a32-725d-4421-a9aa-f33cbe39626f 2d7d442b70a54562863306d069c8dd07 4b12fa67f4b3447f84d765af4763fc60 - - default default] DELETE http://[LB_IP_ADDRESS]:8776/v3/4b12fa67f4b3447f84d765af4763fc60/group_types/6beba27f-3c8e-4c97-a4f3-034b3afe5916
2025-07-29 05:27:49.511 23 INFO cinder.api.openstack.wsgi [None req-9dec4a32-725d-4421-a9aa-f33cbe39626f 2d7d442b70a54562863306d069c8dd07 4b12fa67f4b3447f84d765af4763fc60 - - default default] http://[LB_IP_ADDRESS]:8776/v3/4b12fa67f4b3447f84d765af4763fc60/group_types/6beba27f-3c8e-4c97-a4f3-034b3afe5916 returned with HTTP 202
2025-07-29 05:27:49.523 25 INFO cinder.api.openstack.wsgi [None req-36e24e41-26ad-4594-bb1f-9dd0f020d21f 2d7d442b70a54562863306d069c8dd07 4b12fa67f4b3447f84d765af4763fc60 - - default default] DELETE http://[LB_IP_ADDRESS]:8776/v3/4b12fa67f4b3447f84d765af4763fc60/types/5668dec5-fa50-4cbc-b74c-e32331fafa1c
2025-07-29 05:27:49.571 25 INFO cinder.api.openstack.wsgi [None req-36e24e41-26ad-4594-bb1f-9dd0f020d21f 2d7d442b70a54562863306d069c8dd07 4b12fa67f4b3447f84d765af4763fc60 - - default default] http://[LB_IP_ADDRESS]:8776/v3/4b12fa67f4b3447f84d765af4763fc60/types/5668dec5-fa50-4cbc-b74c-e32331fafa1c returned with HTTP 202
2025-07-29 05:27:49.582 22 INFO cinder.api.openstack.wsgi [None req-2f5123d3-bdb3-4ce9-9cd0-09f9d082e3de 2d7d442b70a54562863306d069c8dd07 4b12fa67f4b3447f84d765af4763fc60 - - default default] GET http://[LB_IP_ADDRESS]:8776/v3/4b12fa67f4b3447f84d765af4763fc60/types/5668dec5-fa50-4cbc-b74c-e32331fafa1c
2025-07-29 05:27:49.589 22 INFO cinder.api.openstack.wsgi [None req-2f5123d3-bdb3-4ce9-9cd0-09f9d082e3de 2d7d442b70a54562863306d069c8dd07 4b12fa67f4b3447f84d765af4763fc60 - - default default] http://[LB_IP_ADDRESS]:8776/v3/4b12fa67f4b3447f84d765af4763fc60/types/5668dec5-fa50-4cbc-b74c-e32331fafa1c returned with HTTP 404
2025-07-29 05:27:49.604 24 INFO cinder.api.openstack.wsgi [None req-ec7142ed-76d6-42cd-82b8-6c7d1d0d078e 785954cb83c64a859c8087dfbefadc3f 0f6c88d50ffc4f82bc93b84f2ea65c9c - - default default] GET http://[LB_IP_ADDRESS]:8776/v3/0f6c88d50ffc4f82bc93b84f2ea65c9c/groups/9c86bd4e-cab8-4288-aae6-78177b26064b
2025-07-29 05:27:49.625 24 INFO cinder.api.openstack.wsgi [None req-ec7142ed-76d6-42cd-82b8-6c7d1d0d078e 785954cb83c64a859c8087dfbefadc3f 0f6c88d50ffc4f82bc93b84f2ea65c9c - - default default] http://[LB_IP_ADDRESS]:8776/v3/0f6c88d50ffc4f82bc93b84f2ea65c9c/groups/9c86bd4e-cab8-4288-aae6-78177b26064b returned with HTTP 200
2025-07-29 05:27:49.641 21 INFO cinder.api.openstack.wsgi [None req-c906f637-5415-40a8-9014-3304982f0248 785954cb83c64a859c8087dfbefadc3f 0f6c88d50ffc4f82bc93b84f2ea65c9c - - default default] GET http://[LB_IP_ADDRESS]:8776/v3/0f6c88d50ffc4f82bc93b84f2ea65c9c/volumes/detail
2025-07-29 05:27:49.663 21 INFO cinder.volume.api [None req-c906f637-5415-40a8-9014-3304982f0248 785954cb83c64a859c8087dfbefadc3f 0f6c88d50ffc4f82bc93b84f2ea65c9c - - default default] Get all volumes completed successfully.
2025-07-29 05:27:49.710 21 INFO cinder.api.openstack.wsgi [None req-c906f637-5415-40a8-9014-3304982f0248 785954cb83c64a859c8087dfbefadc3f 0f6c88d50ffc4f82bc93b84f2ea65c9c - - default default] http://[LB_IP_ADDRESS]:8776/v3/0f6c88d50ffc4f82bc93b84f2ea65c9c/volumes/detail returned with HTTP 200
2025-07-29 05:27:49.739 23 INFO cinder.api.openstack.wsgi [None req-938c934d-ed4f-468a-8250-b08bb21d7b28 785954cb83c64a859c8087dfbefadc3f 0f6c88d50ffc4f82bc93b84f2ea65c9c - - default default] GET http://[LB_IP_ADDRESS]:8776/v3/0f6c88d50ffc4f82bc93b84f2ea65c9c/volumes/detail
2025-07-29 05:27:49.760 23 INFO cinder.volume.api [None req-938c934d-ed4f-468a-8250-b08bb21d7b28 785954cb83c64a859c8087dfbefadc3f 0f6c88d50ffc4f82bc93b84f2ea65c9c - - default default] Get all volumes completed successfully.
2025-07-29 05:27:49.810 23 INFO cinder.api.openstack.wsgi [None req-938c934d-ed4f-468a-8250-b08bb21d7b28 785954cb83c64a859c8087dfbefadc3f 0f6c88d50ffc4f82bc93b84f2ea65c9c - - default default] http://[LB_IP_ADDRESS]:8776/v3/0f6c88d50ffc4f82bc93b84f2ea65c9c/volumes/detail returned with HTTP 200
2025-07-29 05:27:49.840 25 INFO cinder.api.openstack.wsgi [None req-12b348d9-7d37-43fd-a946-df0d92a2e24c 785954cb83c64a859c8087dfbefadc3f 0f6c88d50ffc4f82bc93b84f2ea65c9c - - default default] POST http://[LB_IP_ADDRESS]:8776/v3/0f6c88d50ffc4f82bc93b84f2ea65c9c/groups/9c86bd4e-cab8-4288-aae6-78177b26064b/action
2025-07-29 05:27:49.845 25 INFO cinder.api.v3.groups [None req-12b348d9-7d37-43fd-a946-df0d92a2e24c 785954cb83c64a859c8087dfbefadc3f 0f6c88d50ffc4f82bc93b84f2ea65c9c - - default default] Delete group with id: 9c86bd4e-cab8-4288-aae6-78177b26064b
2025-07-29 05:27:49.938 25 INFO cinder.api.openstack.wsgi [None req-12b348d9-7d37-43fd-a946-df0d92a2e24c 785954cb83c64a859c8087dfbefadc3f 0f6c88d50ffc4f82bc93b84f2ea65c9c - - default default] http://[LB_IP_ADDRESS]:8776/v3/0f6c88d50ffc4f82bc93b84f2ea65c9c/groups/9c86bd4e-cab8-4288-aae6-78177b26064b/action returned with HTTP 202
2025-07-29 05:27:49.950 22 INFO cinder.api.openstack.wsgi [None req-d2f2d051-f774-47f2-98e5-6f31c15b2415 785954cb83c64a859c8087dfbefadc3f 0f6c88d50ffc4f82bc93b84f2ea65c9c - - default default] GET http://[LB_IP_ADDRESS]:8776/v3/0f6c88d50ffc4f82bc93b84f2ea65c9c/volumes/c6453f97-2195-4ebf-980d-29d1cc5cdb99
2025-07-29 05:27:49.977 22 INFO cinder.volume.api [None req-d2f2d051-f774-47f2-98e5-6f31c15b2415 785954cb83c64a859c8087dfbefadc3f 0f6c88d50ffc4f82bc93b84f2ea65c9c - - default default] Volume info retrieved successfully.
2025-07-29 05:27:50.005 22 INFO cinder.api.openstack.wsgi [None req-d2f2d051-f774-47f2-98e5-6f31c15b2415 785954cb83c64a859c8087dfbefadc3f 0f6c88d50ffc4f82bc93b84f2ea65c9c - - default default] http://[LB_IP_ADDRESS]:8776/v3/0f6c88d50ffc4f82bc93b84f2ea65c9c/volumes/c6453f97-2195-4ebf-980d-29d1cc5cdb99 returned with HTTP 200
2025-07-29 05:27:51.033 24 INFO cinder.api.openstack.wsgi [None req-0f378b3f-d5e6-46cf-aec6-125f789ad603 785954cb83c64a859c8087dfbefadc3f 0f6c88d50ffc4f82bc93b84f2ea65c9c - - default default] GET http://[LB_IP_ADDRESS]:8776/v3/0f6c88d50ffc4f82bc93b84f2ea65c9c/volumes/c6453f97-2195-4ebf-980d-29d1cc5cdb99
2025-07-29 05:27:51.047 24 INFO cinder.api.openstack.wsgi [None req-0f378b3f-d5e6-46cf-aec6-125f789ad603 785954cb83c64a859c8087dfbefadc3f 0f6c88d50ffc4f82bc93b84f2ea65c9c - - default default] http://[LB_IP_ADDRESS]:8776/v3/0f6c88d50ffc4f82bc93b84f2ea65c9c/volumes/c6453f97-2195-4ebf-980d-29d1cc5cdb99 returned with HTTP 404
2025-07-29 05:27:51.058 21 INFO cinder.api.openstack.wsgi [None req-a0c32dab-14ae-45ab-99d9-93853fd3ce99 785954cb83c64a859c8087dfbefadc3f 0f6c88d50ffc4f82bc93b84f2ea65c9c - - default default] GET http://[LB_IP_ADDRESS]:8776/v3/0f6c88d50ffc4f82bc93b84f2ea65c9c/volumes/58d71149-96b4-4f55-b659-02fb22b896af
2025-07-29 05:27:51.072 21 INFO cinder.api.openstack.wsgi [None req-a0c32dab-14ae-45ab-99d9-93853fd3ce99 785954cb83c64a859c8087dfbefadc3f 0f6c88d50ffc4f82bc93b84f2ea65c9c - - default default] http://[LB_IP_ADDRESS]:8776/v3/0f6c88d50ffc4f82bc93b84f2ea65c9c/volumes/58d71149-96b4-4f55-b659-02fb22b896af returned with HTTP 404
2025-07-29 05:27:51.083 23 INFO cinder.api.openstack.wsgi [None req-aab90ac7-ec60-47ed-8120-31e9cedf8da9 785954cb83c64a859c8087dfbefadc3f 0f6c88d50ffc4f82bc93b84f2ea65c9c - - default default] GET http://[LB_IP_ADDRESS]:8776/v3/0f6c88d50ffc4f82bc93b84f2ea65c9c/groups/9c86bd4e-cab8-4288-aae6-78177b26064b
2025-07-29 05:27:51.089 23 INFO cinder.api.openstack.wsgi [None req-aab90ac7-ec60-47ed-8120-31e9cedf8da9 785954cb83c64a859c8087dfbefadc3f 0f6c88d50ffc4f82bc93b84f2ea65c9c - - default default] http://[LB_IP_ADDRESS]:8776/v3/0f6c88d50ffc4f82bc93b84f2ea65c9c/groups/9c86bd4e-cab8-4288-aae6-78177b26064b returned with HTTP 404
2025-07-29 05:27:51.100 25 INFO cinder.api.openstack.wsgi [None req-600a69ff-f6c9-4855-a772-93c052b4de2a 0537fd68284c47dd83ea1db793c55d06 ee454678f7144c2991fbf4e9e22d3ffe - - default default] DELETE http://[LB_IP_ADDRESS]:8776/v3/ee454678f7144c2991fbf4e9e22d3ffe/group_types/80e4756e-e1a8-47e2-b5bc-c4cf3b4dbe25
2025-07-29 05:27:51.122 25 INFO cinder.api.openstack.wsgi [None req-600a69ff-f6c9-4855-a772-93c052b4de2a 0537fd68284c47dd83ea1db793c55d06 ee454678f7144c2991fbf4e9e22d3ffe - - default default] http://[LB_IP_ADDRESS]:8776/v3/ee454678f7144c2991fbf4e9e22d3ffe/group_types/80e4756e-e1a8-47e2-b5bc-c4cf3b4dbe25 returned with HTTP 202
2025-07-29 05:27:51.134 22 INFO cinder.api.openstack.wsgi [None req-68af63f5-1b93-4881-a4de-8433eabefa91 0537fd68284c47dd83ea1db793c55d06 ee454678f7144c2991fbf4e9e22d3ffe - - default default] DELETE http://[LB_IP_ADDRESS]:8776/v3/ee454678f7144c2991fbf4e9e22d3ffe/types/1bb188db-256f-4305-b61a-4c7c2b0d12fa
2025-07-29 05:27:51.181 22 INFO cinder.api.openstack.wsgi [None req-68af63f5-1b93-4881-a4de-8433eabefa91 0537fd68284c47dd83ea1db793c55d06 ee454678f7144c2991fbf4e9e22d3ffe - - default default] http://[LB_IP_ADDRESS]:8776/v3/ee454678f7144c2991fbf4e9e22d3ffe/types/1bb188db-256f-4305-b61a-4c7c2b0d12fa returned with HTTP 202
2025-07-29 05:27:51.202 24 INFO cinder.api.openstack.wsgi [None req-574da2c3-4dc5-4a04-a949-601ebd838e29 0537fd68284c47dd83ea1db793c55d06 ee454678f7144c2991fbf4e9e22d3ffe - - default default] GET http://[LB_IP_ADDRESS]:8776/v3/ee454678f7144c2991fbf4e9e22d3ffe/types/1bb188db-256f-4305-b61a-4c7c2b0d12fa
2025-07-29 05:27:51.216 24 INFO cinder.api.openstack.wsgi [None req-574da2c3-4dc5-4a04-a949-601ebd838e29 0537fd68284c47dd83ea1db793c55d06 ee454678f7144c2991fbf4e9e22d3ffe - - default default] http://[LB_IP_ADDRESS]:8776/v3/ee454678f7144c2991fbf4e9e22d3ffe/types/1bb188db-256f-4305-b61a-4c7c2b0d12fa returned with HTTP 404
2025-07-29 05:27:52.843 21 INFO cinder.api.openstack.wsgi [None req-26229746-bb2b-44bc-a571-52a347d57a06 7c168582620c43019ab8abe63fc1b2ee cec08801dabb41439ad98df870fa68fc - - default default] POST http://[LB_IP_ADDRESS]:8776/v3/cec08801dabb41439ad98df870fa68fc/types
2025-07-29 05:27:52.873 21 INFO cinder.api.openstack.wsgi [None req-26229746-bb2b-44bc-a571-52a347d57a06 7c168582620c43019ab8abe63fc1b2ee cec08801dabb41439ad98df870fa68fc - - default default] http://[LB_IP_ADDRESS]:8776/v3/cec08801dabb41439ad98df870fa68fc/types returned with HTTP 200
2025-07-29 05:27:53.000 23 INFO cinder.api.openstack.wsgi [None req-a616a0a2-8622-4f7b-837e-c601eb82fe6a 940cbf5a7b834e75b68e6a55b1342b2d 8629401d33564fb9a37ac789b6e6dac8 - - default default] POST http://[LB_IP_ADDRESS]:8776/v3/8629401d33564fb9a37ac789b6e6dac8/volumes
2025-07-29 05:27:53.009 23 INFO cinder.api.v3.volumes [None req-a616a0a2-8622-4f7b-837e-c601eb82fe6a 940cbf5a7b834e75b68e6a55b1342b2d 8629401d33564fb9a37ac789b6e6dac8 - - default default] Create volume of 1 GB
2025-07-29 05:27:53.010 23 INFO cinder.volume.api [None req-a616a0a2-8622-4f7b-837e-c601eb82fe6a 940cbf5a7b834e75b68e6a55b1342b2d 8629401d33564fb9a37ac789b6e6dac8 - - default default] Availability Zones retrieved successfully.
2025-07-29 05:27:53.131 23 WARNING cinder.quota [None req-a616a0a2-8622-4f7b-837e-c601eb82fe6a 940cbf5a7b834e75b68e6a55b1342b2d 8629401d33564fb9a37ac789b6e6dac8 - - default default] Deprecated: Default quota for resource: volumes_tempest-UserMessagesTest-volume-type-1308232902 is set by the default quota flag: quota_volumes_tempest-UserMessagesTest-volume-type-1308232902, it is now deprecated. Please use the default quota class for default quota.
2025-07-29 05:27:53.132 23 WARNING cinder.quota [None req-a616a0a2-8622-4f7b-837e-c601eb82fe6a 940cbf5a7b834e75b68e6a55b1342b2d 8629401d33564fb9a37ac789b6e6dac8 - - default default] Deprecated: Default quota for resource: gigabytes_tempest-UserMessagesTest-volume-type-1308232902 is set by the default quota flag: quota_gigabytes_tempest-UserMessagesTest-volume-type-1308232902, it is now deprecated. Please use the default quota class for default quota.
2025-07-29 05:27:53.232 23 INFO cinder.volume.api [None req-a616a0a2-8622-4f7b-837e-c601eb82fe6a 940cbf5a7b834e75b68e6a55b1342b2d 8629401d33564fb9a37ac789b6e6dac8 - - default default] Create volume request issued successfully.
2025-07-29 05:27:53.234 23 INFO cinder.api.openstack.wsgi [None req-a616a0a2-8622-4f7b-837e-c601eb82fe6a 940cbf5a7b834e75b68e6a55b1342b2d 8629401d33564fb9a37ac789b6e6dac8 - - default default] http://[LB_IP_ADDRESS]:8776/v3/8629401d33564fb9a37ac789b6e6dac8/volumes returned with HTTP 202
2025-07-29 05:27:53.258 25 INFO cinder.api.openstack.wsgi [None req-a6b9fab8-27cf-4044-8d44-531bde771741 940cbf5a7b834e75b68e6a55b1342b2d 8629401d33564fb9a37ac789b6e6dac8 - - default default] GET http://[LB_IP_ADDRESS]:8776/v3/8629401d33564fb9a37ac789b6e6dac8/volumes/827bdf56-4d1e-4769-9e74-57cc56a60886
2025-07-29 05:27:53.277 25 INFO cinder.volume.api [None req-a6b9fab8-27cf-4044-8d44-531bde771741 940cbf5a7b834e75b68e6a55b1342b2d 8629401d33564fb9a37ac789b6e6dac8 - - default default] Volume info retrieved successfully.
2025-07-29 05:27:53.283 25 INFO cinder.api.openstack.wsgi [None req-a6b9fab8-27cf-4044-8d44-531bde771741 940cbf5a7b834e75b68e6a55b1342b2d 8629401d33564fb9a37ac789b6e6dac8 - - default default] http://[LB_IP_ADDRESS]:8776/v3/8629401d33564fb9a37ac789b6e6dac8/volumes/827bdf56-4d1e-4769-9e74-57cc56a60886 returned with HTTP 200
2025-07-29 05:27:54.311 22 INFO cinder.api.openstack.wsgi [None req-0d084f74-265c-456f-8a27-691b46e4d0ab 940cbf5a7b834e75b68e6a55b1342b2d 8629401d33564fb9a37ac789b6e6dac8 - - default default] GET http://[LB_IP_ADDRESS]:8776/v3/8629401d33564fb9a37ac789b6e6dac8/volumes/827bdf56-4d1e-4769-9e74-57cc56a60886
2025-07-29 05:27:54.336 22 INFO cinder.volume.api [None req-0d084f74-265c-456f-8a27-691b46e4d0ab 940cbf5a7b834e75b68e6a55b1342b2d 8629401d33564fb9a37ac789b6e6dac8 - - default default] Volume info retrieved successfully.
2025-07-29 05:27:54.346 22 INFO cinder.api.openstack.wsgi [None req-0d084f74-265c-456f-8a27-691b46e4d0ab 940cbf5a7b834e75b68e6a55b1342b2d 8629401d33564fb9a37ac789b6e6dac8 - - default default] http://[LB_IP_ADDRESS]:8776/v3/8629401d33564fb9a37ac789b6e6dac8/volumes/827bdf56-4d1e-4769-9e74-57cc56a60886 returned with HTTP 200
2025-07-29 05:27:54.375 24 INFO cinder.api.openstack.wsgi [None req-04f80730-b7ba-41ec-bc84-d0a15771c99b 940cbf5a7b834e75b68e6a55b1342b2d 8629401d33564fb9a37ac789b6e6dac8 - - default default] GET http://[LB_IP_ADDRESS]:8776/v3/8629401d33564fb9a37ac789b6e6dac8/messages
2025-07-29 05:27:54.386 24 INFO cinder.api.openstack.wsgi [None req-04f80730-b7ba-41ec-bc84-d0a15771c99b 940cbf5a7b834e75b68e6a55b1342b2d 8629401d33564fb9a37ac789b6e6dac8 - - default default] http://[LB_IP_ADDRESS]:8776/v3/8629401d33564fb9a37ac789b6e6dac8/messages returned with HTTP 200
2025-07-29 05:27:54.401 21 INFO cinder.api.openstack.wsgi [None req-61890da7-14b4-43e5-a6b0-66e35d6e894c 940cbf5a7b834e75b68e6a55b1342b2d 8629401d33564fb9a37ac789b6e6dac8 - - default default] DELETE http://[LB_IP_ADDRESS]:8776/v3/8629401d33564fb9a37ac789b6e6dac8/messages/74d3355e-87a9-4781-be4f-584d4824d33c
2025-07-29 05:27:54.417 21 INFO cinder.api.openstack.wsgi [None req-61890da7-14b4-43e5-a6b0-66e35d6e894c 940cbf5a7b834e75b68e6a55b1342b2d 8629401d33564fb9a37ac789b6e6dac8 - - default default] http://[LB_IP_ADDRESS]:8776/v3/8629401d33564fb9a37ac789b6e6dac8/messages/74d3355e-87a9-4781-be4f-584d4824d33c returned with HTTP 204
2025-07-29 05:27:54.430 23 INFO cinder.api.openstack.wsgi [None req-37a34e91-5465-454a-9b15-f27287687858 940cbf5a7b834e75b68e6a55b1342b2d 8629401d33564fb9a37ac789b6e6dac8 - - default default] GET http://[LB_IP_ADDRESS]:8776/v3/8629401d33564fb9a37ac789b6e6dac8/messages/74d3355e-87a9-4781-be4f-584d4824d33c
2025-07-29 05:27:54.436 23 INFO cinder.api.openstack.wsgi [None req-37a34e91-5465-454a-9b15-f27287687858 940cbf5a7b834e75b68e6a55b1342b2d 8629401d33564fb9a37ac789b6e6dac8 - - default default] http://[LB_IP_ADDRESS]:8776/v3/8629401d33564fb9a37ac789b6e6dac8/messages/74d3355e-87a9-4781-be4f-584d4824d33c returned with HTTP 404
2025-07-29 05:27:54.448 25 INFO cinder.api.openstack.wsgi [None req-d9edd264-91fd-41b2-8134-bf9f1e31bfae 940cbf5a7b834e75b68e6a55b1342b2d 8629401d33564fb9a37ac789b6e6dac8 - - default default] GET http://[LB_IP_ADDRESS]:8776/v3/8629401d33564fb9a37ac789b6e6dac8/volumes/827bdf56-4d1e-4769-9e74-57cc56a60886
2025-07-29 05:27:54.467 25 INFO cinder.volume.api [None req-d9edd264-91fd-41b2-8134-bf9f1e31bfae 940cbf5a7b834e75b68e6a55b1342b2d 8629401d33564fb9a37ac789b6e6dac8 - - default default] Volume info retrieved successfully.
2025-07-29 05:27:54.474 25 INFO cinder.api.openstack.wsgi [None req-d9edd264-91fd-41b2-8134-bf9f1e31bfae 940cbf5a7b834e75b68e6a55b1342b2d 8629401d33564fb9a37ac789b6e6dac8 - - default default] http://[LB_IP_ADDRESS]:8776/v3/8629401d33564fb9a37ac789b6e6dac8/volumes/827bdf56-4d1e-4769-9e74-57cc56a60886 returned with HTTP 200
2025-07-29 05:27:54.500 22 INFO cinder.api.openstack.wsgi [None req-ae6749b9-8374-4ae6-80f5-651dc09011da 940cbf5a7b834e75b68e6a55b1342b2d 8629401d33564fb9a37ac789b6e6dac8 - - default default] DELETE http://[LB_IP_ADDRESS]:8776/v3/8629401d33564fb9a37ac789b6e6dac8/volumes/827bdf56-4d1e-4769-9e74-57cc56a60886
2025-07-29 05:27:54.501 22 INFO cinder.api.v3.volumes [None req-ae6749b9-8374-4ae6-80f5-651dc09011da 940cbf5a7b834e75b68e6a55b1342b2d 8629401d33564fb9a37ac789b6e6dac8 - - default default] Delete volume with id: 827bdf56-4d1e-4769-9e74-57cc56a60886 
2025-07-29 05:27:54.519 22 INFO cinder.volume.api [None req-ae6749b9-8374-4ae6-80f5-651dc09011da 940cbf5a7b834e75b68e6a55b1342b2d 8629401d33564fb9a37ac789b6e6dac8 - - default default] Volume info retrieved successfully.
2025-07-29 05:27:54.568 22 WARNING cinder.quota [None req-ae6749b9-8374-4ae6-80f5-651dc09011da 940cbf5a7b834e75b68e6a55b1342b2d 8629401d33564fb9a37ac789b6e6dac8 - - default default] Deprecated: Default quota for resource: volumes_tempest-UserMessagesTest-volume-type-1308232902 is set by the default quota flag: quota_volumes_tempest-UserMessagesTest-volume-type-1308232902, it is now deprecated. Please use the default quota class for default quota.
2025-07-29 05:27:54.569 22 WARNING cinder.quota [None req-ae6749b9-8374-4ae6-80f5-651dc09011da 940cbf5a7b834e75b68e6a55b1342b2d 8629401d33564fb9a37ac789b6e6dac8 - - default default] Deprecated: Default quota for resource: gigabytes_tempest-UserMessagesTest-volume-type-1308232902 is set by the default quota flag: quota_gigabytes_tempest-UserMessagesTest-volume-type-1308232902, it is now deprecated. Please use the default quota class for default quota.
2025-07-29 05:27:54.631 22 INFO cinder.volume.api [None req-ae6749b9-8374-4ae6-80f5-651dc09011da 940cbf5a7b834e75b68e6a55b1342b2d 8629401d33564fb9a37ac789b6e6dac8 - - default default] Delete volume request issued successfully.
2025-07-29 05:27:54.633 22 INFO cinder.api.openstack.wsgi [None req-ae6749b9-8374-4ae6-80f5-651dc09011da 940cbf5a7b834e75b68e6a55b1342b2d 8629401d33564fb9a37ac789b6e6dac8 - - default default] http://[LB_IP_ADDRESS]:8776/v3/8629401d33564fb9a37ac789b6e6dac8/volumes/827bdf56-4d1e-4769-9e74-57cc56a60886 returned with HTTP 202
2025-07-29 05:27:54.644 24 INFO cinder.api.openstack.wsgi [None req-2aed14e5-537e-43a9-8db2-239527954211 940cbf5a7b834e75b68e6a55b1342b2d 8629401d33564fb9a37ac789b6e6dac8 - - default default] GET http://[LB_IP_ADDRESS]:8776/v3/8629401d33564fb9a37ac789b6e6dac8/volumes/827bdf56-4d1e-4769-9e74-57cc56a60886
2025-07-29 05:27:54.660 24 INFO cinder.api.openstack.wsgi [None req-2aed14e5-537e-43a9-8db2-239527954211 940cbf5a7b834e75b68e6a55b1342b2d 8629401d33564fb9a37ac789b6e6dac8 - - default default] http://[LB_IP_ADDRESS]:8776/v3/8629401d33564fb9a37ac789b6e6dac8/volumes/827bdf56-4d1e-4769-9e74-57cc56a60886 returned with HTTP 404
2025-07-29 05:27:54.672 21 INFO cinder.api.openstack.wsgi [None req-ef15171a-b649-4402-8b42-86c4750315f1 7c168582620c43019ab8abe63fc1b2ee cec08801dabb41439ad98df870fa68fc - - default default] DELETE http://[LB_IP_ADDRESS]:8776/v3/cec08801dabb41439ad98df870fa68fc/types/25254194-8b99-446d-a00d-9b13071096c2
2025-07-29 05:27:54.721 21 INFO cinder.api.openstack.wsgi [None req-ef15171a-b649-4402-8b42-86c4750315f1 7c168582620c43019ab8abe63fc1b2ee cec08801dabb41439ad98df870fa68fc - - default default] http://[LB_IP_ADDRESS]:8776/v3/cec08801dabb41439ad98df870fa68fc/types/25254194-8b99-446d-a00d-9b13071096c2 returned with HTTP 202
2025-07-29 05:27:54.732 23 INFO cinder.api.openstack.wsgi [None req-a2ccc623-2ac2-47de-b7c4-68dff8c4d573 7c168582620c43019ab8abe63fc1b2ee cec08801dabb41439ad98df870fa68fc - - default default] GET http://[LB_IP_ADDRESS]:8776/v3/cec08801dabb41439ad98df870fa68fc/types/25254194-8b99-446d-a00d-9b13071096c2
2025-07-29 05:27:54.740 23 INFO cinder.api.openstack.wsgi [None req-a2ccc623-2ac2-47de-b7c4-68dff8c4d573 7c168582620c43019ab8abe63fc1b2ee cec08801dabb41439ad98df870fa68fc - - default default] http://[LB_IP_ADDRESS]:8776/v3/cec08801dabb41439ad98df870fa68fc/types/25254194-8b99-446d-a00d-9b13071096c2 returned with HTTP 404
2025-07-29 05:27:54.754 25 INFO cinder.api.openstack.wsgi [None req-04d82dfa-b803-491d-afe8-df1435ababae 7c168582620c43019ab8abe63fc1b2ee cec08801dabb41439ad98df870fa68fc - - default default] POST http://[LB_IP_ADDRESS]:8776/v3/cec08801dabb41439ad98df870fa68fc/types
2025-07-29 05:27:54.784 25 INFO cinder.api.openstack.wsgi [None req-04d82dfa-b803-491d-afe8-df1435ababae 7c168582620c43019ab8abe63fc1b2ee cec08801dabb41439ad98df870fa68fc - - default default] http://[LB_IP_ADDRESS]:8776/v3/cec08801dabb41439ad98df870fa68fc/types returned with HTTP 200
2025-07-29 05:27:54.798 22 INFO cinder.api.openstack.wsgi [None req-d7e61c98-4d1d-4028-9809-d98135b26113 940cbf5a7b834e75b68e6a55b1342b2d 8629401d33564fb9a37ac789b6e6dac8 - - default default] POST http://[LB_IP_ADDRESS]:8776/v3/8629401d33564fb9a37ac789b6e6dac8/volumes
2025-07-29 05:27:54.810 22 INFO cinder.api.v3.volumes [None req-d7e61c98-4d1d-4028-9809-d98135b26113 940cbf5a7b834e75b68e6a55b1342b2d 8629401d33564fb9a37ac789b6e6dac8 - - default default] Create volume of 1 GB
2025-07-29 05:27:54.811 22 INFO cinder.volume.api [None req-d7e61c98-4d1d-4028-9809-d98135b26113 940cbf5a7b834e75b68e6a55b1342b2d 8629401d33564fb9a37ac789b6e6dac8 - - default default] Availability Zones retrieved successfully.
2025-07-29 05:27:54.939 22 WARNING cinder.quota [None req-d7e61c98-4d1d-4028-9809-d98135b26113 940cbf5a7b834e75b68e6a55b1342b2d 8629401d33564fb9a37ac789b6e6dac8 - - default default] Deprecated: Default quota for resource: volumes_tempest-UserMessagesTest-volume-type-678123912 is set by the default quota flag: quota_volumes_tempest-UserMessagesTest-volume-type-678123912, it is now deprecated. Please use the default quota class for default quota.
2025-07-29 05:27:54.940 22 WARNING cinder.quota [None req-d7e61c98-4d1d-4028-9809-d98135b26113 940cbf5a7b834e75b68e6a55b1342b2d 8629401d33564fb9a37ac789b6e6dac8 - - default default] Deprecated: Default quota for resource: gigabytes_tempest-UserMessagesTest-volume-type-678123912 is set by the default quota flag: quota_gigabytes_tempest-UserMessagesTest-volume-type-678123912, it is now deprecated. Please use the default quota class for default quota.
2025-07-29 05:27:55.041 22 INFO cinder.volume.api [None req-d7e61c98-4d1d-4028-9809-d98135b26113 940cbf5a7b834e75b68e6a55b1342b2d 8629401d33564fb9a37ac789b6e6dac8 - - default default] Create volume request issued successfully.
2025-07-29 05:27:55.042 22 INFO cinder.api.openstack.wsgi [None req-d7e61c98-4d1d-4028-9809-d98135b26113 940cbf5a7b834e75b68e6a55b1342b2d 8629401d33564fb9a37ac789b6e6dac8 - - default default] http://[LB_IP_ADDRESS]:8776/v3/8629401d33564fb9a37ac789b6e6dac8/volumes returned with HTTP 202
2025-07-29 05:27:55.067 21 INFO cinder.api.openstack.wsgi [None req-650f6d0a-de0e-4884-8fb5-a7a4160a4833 940cbf5a7b834e75b68e6a55b1342b2d 8629401d33564fb9a37ac789b6e6dac8 - - default default] GET http://[LB_IP_ADDRESS]:8776/v3/8629401d33564fb9a37ac789b6e6dac8/volumes/5545c7d4-4c03-4a25-b930-ccbf8508bb51
2025-07-29 05:27:55.087 24 INFO cinder.api.openstack.wsgi [None req-deaad050-a5fe-48fb-8b20-4f9b16a1ac6c da8e8718ad704c469a60ddd7c87c3a78 6c847a4574494de19202603bf6872dde - - default default] POST http://[LB_IP_ADDRESS]:8776/v3/6c847a4574494de19202603bf6872dde/types
2025-07-29 05:27:55.092 21 INFO cinder.volume.api [None req-650f6d0a-de0e-4884-8fb5-a7a4160a4833 940cbf5a7b834e75b68e6a55b1342b2d 8629401d33564fb9a37ac789b6e6dac8 - - default default] Volume info retrieved successfully.
2025-07-29 05:27:55.101 21 INFO cinder.api.openstack.wsgi [None req-650f6d0a-de0e-4884-8fb5-a7a4160a4833 940cbf5a7b834e75b68e6a55b1342b2d 8629401d33564fb9a37ac789b6e6dac8 - - default default] http://[LB_IP_ADDRESS]:8776/v3/8629401d33564fb9a37ac789b6e6dac8/volumes/5545c7d4-4c03-4a25-b930-ccbf8508bb51 returned with HTTP 200
2025-07-29 05:27:55.118 24 INFO cinder.api.openstack.wsgi [None req-deaad050-a5fe-48fb-8b20-4f9b16a1ac6c da8e8718ad704c469a60ddd7c87c3a78 6c847a4574494de19202603bf6872dde - - default default] http://[LB_IP_ADDRESS]:8776/v3/6c847a4574494de19202603bf6872dde/types returned with HTTP 200
2025-07-29 05:27:55.131 23 INFO cinder.api.openstack.wsgi [None req-1a091f8a-0a16-4b41-9021-0b1cb123986c da8e8718ad704c469a60ddd7c87c3a78 6c847a4574494de19202603bf6872dde - - default default] POST http://[LB_IP_ADDRESS]:8776/v3/6c847a4574494de19202603bf6872dde/group_types
2025-07-29 05:27:55.156 23 INFO cinder.api.openstack.wsgi [None req-1a091f8a-0a16-4b41-9021-0b1cb123986c da8e8718ad704c469a60ddd7c87c3a78 6c847a4574494de19202603bf6872dde - - default default] http://[LB_IP_ADDRESS]:8776/v3/6c847a4574494de19202603bf6872dde/group_types returned with HTTP 202
2025-07-29 05:27:55.273 25 INFO cinder.api.openstack.wsgi [None req-6e70ead0-a83c-4e04-89ad-9c161694c9f4 b63b5c1e10394a4eb192b473fce6048f 64c4deaa6c914df69c613087e1b5a415 - - default default] POST http://[LB_IP_ADDRESS]:8776/v3/64c4deaa6c914df69c613087e1b5a415/groups
2025-07-29 05:27:55.286 25 INFO cinder.api.v3.groups [None req-6e70ead0-a83c-4e04-89ad-9c161694c9f4 b63b5c1e10394a4eb192b473fce6048f 64c4deaa6c914df69c613087e1b5a415 - - default default] Creating group tempest-GroupSnapshotsV319Test-Group-78361225.
2025-07-29 05:27:55.298 25 INFO cinder.volume.api [None req-6e70ead0-a83c-4e04-89ad-9c161694c9f4 b63b5c1e10394a4eb192b473fce6048f 64c4deaa6c914df69c613087e1b5a415 - - default default] Availability Zones retrieved successfully.
2025-07-29 05:27:55.414 25 INFO cinder.api.openstack.wsgi [None req-6e70ead0-a83c-4e04-89ad-9c161694c9f4 b63b5c1e10394a4eb192b473fce6048f 64c4deaa6c914df69c613087e1b5a415 - - default default] http://[LB_IP_ADDRESS]:8776/v3/64c4deaa6c914df69c613087e1b5a415/groups returned with HTTP 202
2025-07-29 05:27:55.429 22 INFO cinder.api.openstack.wsgi [None req-890c97b4-b021-4b30-876a-e62f9b6f723a b63b5c1e10394a4eb192b473fce6048f 64c4deaa6c914df69c613087e1b5a415 - - default default] GET http://[LB_IP_ADDRESS]:8776/v3/64c4deaa6c914df69c613087e1b5a415/groups/879f8607-7c65-4b94-b2c7-7f5bb5ed80c2
2025-07-29 05:27:55.451 22 INFO cinder.api.openstack.wsgi [None req-890c97b4-b021-4b30-876a-e62f9b6f723a b63b5c1e10394a4eb192b473fce6048f 64c4deaa6c914df69c613087e1b5a415 - - default default] http://[LB_IP_ADDRESS]:8776/v3/64c4deaa6c914df69c613087e1b5a415/groups/879f8607-7c65-4b94-b2c7-7f5bb5ed80c2 returned with HTTP 200
2025-07-29 05:27:56.130 21 INFO cinder.api.openstack.wsgi [None req-fe4c7228-df63-435d-b423-b7a65c67868b 940cbf5a7b834e75b68e6a55b1342b2d 8629401d33564fb9a37ac789b6e6dac8 - - default default] GET http://[LB_IP_ADDRESS]:8776/v3/8629401d33564fb9a37ac789b6e6dac8/volumes/5545c7d4-4c03-4a25-b930-ccbf8508bb51
2025-07-29 05:27:56.155 21 INFO cinder.volume.api [None req-fe4c7228-df63-435d-b423-b7a65c67868b 940cbf5a7b834e75b68e6a55b1342b2d 8629401d33564fb9a37ac789b6e6dac8 - - default default] Volume info retrieved successfully.
2025-07-29 05:27:56.164 21 INFO cinder.api.openstack.wsgi [None req-fe4c7228-df63-435d-b423-b7a65c67868b 940cbf5a7b834e75b68e6a55b1342b2d 8629401d33564fb9a37ac789b6e6dac8 - - default default] http://[LB_IP_ADDRESS]:8776/v3/8629401d33564fb9a37ac789b6e6dac8/volumes/5545c7d4-4c03-4a25-b930-ccbf8508bb51 returned with HTTP 200
2025-07-29 05:27:56.192 24 INFO cinder.api.openstack.wsgi [None req-1f851237-3e3a-4f30-b1c0-be44c63e4d80 940cbf5a7b834e75b68e6a55b1342b2d 8629401d33564fb9a37ac789b6e6dac8 - - default default] GET http://[LB_IP_ADDRESS]:8776/v3/8629401d33564fb9a37ac789b6e6dac8/messages
2025-07-29 05:27:56.200 24 INFO cinder.api.openstack.wsgi [None req-1f851237-3e3a-4f30-b1c0-be44c63e4d80 940cbf5a7b834e75b68e6a55b1342b2d 8629401d33564fb9a37ac789b6e6dac8 - - default default] http://[LB_IP_ADDRESS]:8776/v3/8629401d33564fb9a37ac789b6e6dac8/messages returned with HTTP 200
2025-07-29 05:27:56.216 23 INFO cinder.api.openstack.wsgi [None req-714a6b31-f85b-43b0-9d20-88d8c05077b9 940cbf5a7b834e75b68e6a55b1342b2d 8629401d33564fb9a37ac789b6e6dac8 - - default default] GET http://[LB_IP_ADDRESS]:8776/v3/8629401d33564fb9a37ac789b6e6dac8/messages/0afbfd3a-a5c8-49ca-905f-4c20952e9325
2025-07-29 05:27:56.224 23 INFO cinder.api.openstack.wsgi [None req-714a6b31-f85b-43b0-9d20-88d8c05077b9 940cbf5a7b834e75b68e6a55b1342b2d 8629401d33564fb9a37ac789b6e6dac8 - - default default] http://[LB_IP_ADDRESS]:8776/v3/8629401d33564fb9a37ac789b6e6dac8/messages/0afbfd3a-a5c8-49ca-905f-4c20952e9325 returned with HTTP 200
2025-07-29 05:27:56.239 22 INFO cinder.api.openstack.wsgi [None req-6656f6ac-3e63-44dc-b74f-f42830470bc4 940cbf5a7b834e75b68e6a55b1342b2d 8629401d33564fb9a37ac789b6e6dac8 - - default default] GET http://[LB_IP_ADDRESS]:8776/v3/8629401d33564fb9a37ac789b6e6dac8/messages
2025-07-29 05:27:56.247 22 INFO cinder.api.openstack.wsgi [None req-6656f6ac-3e63-44dc-b74f-f42830470bc4 940cbf5a7b834e75b68e6a55b1342b2d 8629401d33564fb9a37ac789b6e6dac8 - - default default] http://[LB_IP_ADDRESS]:8776/v3/8629401d33564fb9a37ac789b6e6dac8/messages returned with HTTP 200
2025-07-29 05:27:56.263 21 INFO cinder.api.openstack.wsgi [None req-b0114efd-3e36-470b-ba59-faeb4d05435c 940cbf5a7b834e75b68e6a55b1342b2d 8629401d33564fb9a37ac789b6e6dac8 - - default default] DELETE http://[LB_IP_ADDRESS]:8776/v3/8629401d33564fb9a37ac789b6e6dac8/messages/0afbfd3a-a5c8-49ca-905f-4c20952e9325
2025-07-29 05:27:56.276 21 INFO cinder.api.openstack.wsgi [None req-b0114efd-3e36-470b-ba59-faeb4d05435c 940cbf5a7b834e75b68e6a55b1342b2d 8629401d33564fb9a37ac789b6e6dac8 - - default default] http://[LB_IP_ADDRESS]:8776/v3/8629401d33564fb9a37ac789b6e6dac8/messages/0afbfd3a-a5c8-49ca-905f-4c20952e9325 returned with HTTP 204
2025-07-29 05:27:56.287 24 INFO cinder.api.openstack.wsgi [None req-03f9c2e4-7e56-4475-b9d7-be5818804f5f 940cbf5a7b834e75b68e6a55b1342b2d 8629401d33564fb9a37ac789b6e6dac8 - - default default] GET http://[LB_IP_ADDRESS]:8776/v3/8629401d33564fb9a37ac789b6e6dac8/volumes/5545c7d4-4c03-4a25-b930-ccbf8508bb51
2025-07-29 05:27:56.313 24 INFO cinder.volume.api [None req-03f9c2e4-7e56-4475-b9d7-be5818804f5f 940cbf5a7b834e75b68e6a55b1342b2d 8629401d33564fb9a37ac789b6e6dac8 - - default default] Volume info retrieved successfully.
2025-07-29 05:27:56.323 24 INFO cinder.api.openstack.wsgi [None req-03f9c2e4-7e56-4475-b9d7-be5818804f5f 940cbf5a7b834e75b68e6a55b1342b2d 8629401d33564fb9a37ac789b6e6dac8 - - default default] http://[LB_IP_ADDRESS]:8776/v3/8629401d33564fb9a37ac789b6e6dac8/volumes/5545c7d4-4c03-4a25-b930-ccbf8508bb51 returned with HTTP 200
2025-07-29 05:27:56.350 23 INFO cinder.api.openstack.wsgi [None req-b241f300-75dc-4dbb-adda-959db01e591a 940cbf5a7b834e75b68e6a55b1342b2d 8629401d33564fb9a37ac789b6e6dac8 - - default default] DELETE http://[LB_IP_ADDRESS]:8776/v3/8629401d33564fb9a37ac789b6e6dac8/volumes/5545c7d4-4c03-4a25-b930-ccbf8508bb51
2025-07-29 05:27:56.351 23 INFO cinder.api.v3.volumes [None req-b241f300-75dc-4dbb-adda-959db01e591a 940cbf5a7b834e75b68e6a55b1342b2d 8629401d33564fb9a37ac789b6e6dac8 - - default default] Delete volume with id: 5545c7d4-4c03-4a25-b930-ccbf8508bb51 
2025-07-29 05:27:56.370 23 INFO cinder.volume.api [None req-b241f300-75dc-4dbb-adda-959db01e591a 940cbf5a7b834e75b68e6a55b1342b2d 8629401d33564fb9a37ac789b6e6dac8 - - default default] Volume info retrieved successfully.
2025-07-29 05:27:56.419 23 WARNING cinder.quota [None req-b241f300-75dc-4dbb-adda-959db01e591a 940cbf5a7b834e75b68e6a55b1342b2d 8629401d33564fb9a37ac789b6e6dac8 - - default default] Deprecated: Default quota for resource: volumes_tempest-UserMessagesTest-volume-type-678123912 is set by the default quota flag: quota_volumes_tempest-UserMessagesTest-volume-type-678123912, it is now deprecated. Please use the default quota class for default quota.
2025-07-29 05:27:56.420 23 WARNING cinder.quota [None req-b241f300-75dc-4dbb-adda-959db01e591a 940cbf5a7b834e75b68e6a55b1342b2d 8629401d33564fb9a37ac789b6e6dac8 - - default default] Deprecated: Default quota for resource: gigabytes_tempest-UserMessagesTest-volume-type-678123912 is set by the default quota flag: quota_gigabytes_tempest-UserMessagesTest-volume-type-678123912, it is now deprecated. Please use the default quota class for default quota.
2025-07-29 05:27:56.462 25 INFO cinder.api.openstack.wsgi [None req-8bfc4b33-2b49-4be0-8a6d-60d7fdecfe0b bd4820435cbe46ca9f3463308eb0a9be ae2f332f7a25411baff29b98d8b7d506 - - default default] POST http://[LB_IP_ADDRESS]:8776/v3/ae2f332f7a25411baff29b98d8b7d506/volumes
2025-07-29 05:27:56.468 25 INFO cinder.api.v3.volumes [None req-8bfc4b33-2b49-4be0-8a6d-60d7fdecfe0b bd4820435cbe46ca9f3463308eb0a9be ae2f332f7a25411baff29b98d8b7d506 - - default default] Create volume of 1 GB
2025-07-29 05:27:56.469 22 INFO cinder.api.openstack.wsgi [None req-40f27e53-9622-4fb7-938c-9547d6017f01 b63b5c1e10394a4eb192b473fce6048f 64c4deaa6c914df69c613087e1b5a415 - - default default] GET http://[LB_IP_ADDRESS]:8776/v3/64c4deaa6c914df69c613087e1b5a415/groups/879f8607-7c65-4b94-b2c7-7f5bb5ed80c2
2025-07-29 05:27:56.478 25 INFO cinder.volume.api [None req-8bfc4b33-2b49-4be0-8a6d-60d7fdecfe0b bd4820435cbe46ca9f3463308eb0a9be ae2f332f7a25411baff29b98d8b7d506 - - default default] Availability Zones retrieved successfully.
2025-07-29 05:27:56.481 23 INFO cinder.volume.api [None req-b241f300-75dc-4dbb-adda-959db01e591a 940cbf5a7b834e75b68e6a55b1342b2d 8629401d33564fb9a37ac789b6e6dac8 - - default default] Delete volume request issued successfully.
2025-07-29 05:27:56.483 23 INFO cinder.api.openstack.wsgi [None req-b241f300-75dc-4dbb-adda-959db01e591a 940cbf5a7b834e75b68e6a55b1342b2d 8629401d33564fb9a37ac789b6e6dac8 - - default default] http://[LB_IP_ADDRESS]:8776/v3/8629401d33564fb9a37ac789b6e6dac8/volumes/5545c7d4-4c03-4a25-b930-ccbf8508bb51 returned with HTTP 202
2025-07-29 05:27:56.492 22 INFO cinder.api.openstack.wsgi [None req-40f27e53-9622-4fb7-938c-9547d6017f01 b63b5c1e10394a4eb192b473fce6048f 64c4deaa6c914df69c613087e1b5a415 - - default default] http://[LB_IP_ADDRESS]:8776/v3/64c4deaa6c914df69c613087e1b5a415/groups/879f8607-7c65-4b94-b2c7-7f5bb5ed80c2 returned with HTTP 200
2025-07-29 05:27:56.495 21 INFO cinder.api.openstack.wsgi [None req-e70c9352-ea4e-4817-9d0e-e83d9e829771 940cbf5a7b834e75b68e6a55b1342b2d 8629401d33564fb9a37ac789b6e6dac8 - - default default] GET http://[LB_IP_ADDRESS]:8776/v3/8629401d33564fb9a37ac789b6e6dac8/volumes/5545c7d4-4c03-4a25-b930-ccbf8508bb51
2025-07-29 05:27:56.508 24 INFO cinder.api.openstack.wsgi [None req-e0ded595-2e4b-4c0c-8e20-418fa7d6611c b63b5c1e10394a4eb192b473fce6048f 64c4deaa6c914df69c613087e1b5a415 - - default default] POST http://[LB_IP_ADDRESS]:8776/v3/64c4deaa6c914df69c613087e1b5a415/volumes
2025-07-29 05:27:56.509 21 INFO cinder.api.openstack.wsgi [None req-e70c9352-ea4e-4817-9d0e-e83d9e829771 940cbf5a7b834e75b68e6a55b1342b2d 8629401d33564fb9a37ac789b6e6dac8 - - default default] http://[LB_IP_ADDRESS]:8776/v3/8629401d33564fb9a37ac789b6e6dac8/volumes/5545c7d4-4c03-4a25-b930-ccbf8508bb51 returned with HTTP 404
2025-07-29 05:27:56.521 23 INFO cinder.api.openstack.wsgi [None req-2309204d-3aab-4fb1-8d29-29d47b7660de 7c168582620c43019ab8abe63fc1b2ee cec08801dabb41439ad98df870fa68fc - - default default] DELETE http://[LB_IP_ADDRESS]:8776/v3/cec08801dabb41439ad98df870fa68fc/types/171dbadd-ed0f-41a2-ad9f-a20a45327a8e
2025-07-29 05:27:56.526 24 INFO cinder.api.v3.volumes [None req-e0ded595-2e4b-4c0c-8e20-418fa7d6611c b63b5c1e10394a4eb192b473fce6048f 64c4deaa6c914df69c613087e1b5a415 - - default default] Create volume of 1 GB
2025-07-29 05:27:56.536 24 INFO cinder.volume.api [None req-e0ded595-2e4b-4c0c-8e20-418fa7d6611c b63b5c1e10394a4eb192b473fce6048f 64c4deaa6c914df69c613087e1b5a415 - - default default] Availability Zones retrieved successfully.
2025-07-29 05:27:56.570 23 INFO cinder.api.openstack.wsgi [None req-2309204d-3aab-4fb1-8d29-29d47b7660de 7c168582620c43019ab8abe63fc1b2ee cec08801dabb41439ad98df870fa68fc - - default default] http://[LB_IP_ADDRESS]:8776/v3/cec08801dabb41439ad98df870fa68fc/types/171dbadd-ed0f-41a2-ad9f-a20a45327a8e returned with HTTP 202
2025-07-29 05:27:56.581 22 INFO cinder.api.openstack.wsgi [None req-604c8b4f-aeb0-4ce8-9ba1-f93a5ac6cb44 7c168582620c43019ab8abe63fc1b2ee cec08801dabb41439ad98df870fa68fc - - default default] GET http://[LB_IP_ADDRESS]:8776/v3/cec08801dabb41439ad98df870fa68fc/types/171dbadd-ed0f-41a2-ad9f-a20a45327a8e
2025-07-29 05:27:56.588 22 INFO cinder.api.openstack.wsgi [None req-604c8b4f-aeb0-4ce8-9ba1-f93a5ac6cb44 7c168582620c43019ab8abe63fc1b2ee cec08801dabb41439ad98df870fa68fc - - default default] http://[LB_IP_ADDRESS]:8776/v3/cec08801dabb41439ad98df870fa68fc/types/171dbadd-ed0f-41a2-ad9f-a20a45327a8e returned with HTTP 404
2025-07-29 05:27:56.653 24 WARNING cinder.quota [None req-e0ded595-2e4b-4c0c-8e20-418fa7d6611c b63b5c1e10394a4eb192b473fce6048f 64c4deaa6c914df69c613087e1b5a415 - - default default] Deprecated: Default quota for resource: volumes_tempest-GroupSnapshotsV319Test-volume-type-379212698 is set by the default quota flag: quota_volumes_tempest-GroupSnapshotsV319Test-volume-type-379212698, it is now deprecated. Please use the default quota class for default quota.
2025-07-29 05:27:56.654 24 WARNING cinder.quota [None req-e0ded595-2e4b-4c0c-8e20-418fa7d6611c b63b5c1e10394a4eb192b473fce6048f 64c4deaa6c914df69c613087e1b5a415 - - default default] Deprecated: Default quota for resource: gigabytes_tempest-GroupSnapshotsV319Test-volume-type-379212698 is set by the default quota flag: quota_gigabytes_tempest-GroupSnapshotsV319Test-volume-type-379212698, it is now deprecated. Please use the default quota class for default quota.
2025-07-29 05:27:56.760 24 INFO cinder.volume.api [None req-e0ded595-2e4b-4c0c-8e20-418fa7d6611c b63b5c1e10394a4eb192b473fce6048f 64c4deaa6c914df69c613087e1b5a415 - - default default] Create volume request issued successfully.
2025-07-29 05:27:56.779 24 INFO cinder.api.openstack.wsgi [None req-e0ded595-2e4b-4c0c-8e20-418fa7d6611c b63b5c1e10394a4eb192b473fce6048f 64c4deaa6c914df69c613087e1b5a415 - - default default] http://[LB_IP_ADDRESS]:8776/v3/64c4deaa6c914df69c613087e1b5a415/volumes returned with HTTP 202
2025-07-29 05:27:56.804 21 INFO cinder.api.openstack.wsgi [None req-e4a4db70-3d50-45f9-926c-bc5b973d14e3 b63b5c1e10394a4eb192b473fce6048f 64c4deaa6c914df69c613087e1b5a415 - - default default] GET http://[LB_IP_ADDRESS]:8776/v3/64c4deaa6c914df69c613087e1b5a415/volumes/735e5410-a9f1-4bd9-9a49-d2fc4ce814e7
2025-07-29 05:27:56.829 21 INFO cinder.volume.api [None req-e4a4db70-3d50-45f9-926c-bc5b973d14e3 b63b5c1e10394a4eb192b473fce6048f 64c4deaa6c914df69c613087e1b5a415 - - default default] Volume info retrieved successfully.
2025-07-29 05:27:56.858 21 INFO cinder.api.openstack.wsgi [None req-e4a4db70-3d50-45f9-926c-bc5b973d14e3 b63b5c1e10394a4eb192b473fce6048f 64c4deaa6c914df69c613087e1b5a415 - - default default] http://[LB_IP_ADDRESS]:8776/v3/64c4deaa6c914df69c613087e1b5a415/volumes/735e5410-a9f1-4bd9-9a49-d2fc4ce814e7 returned with HTTP 200
2025-07-29 05:27:57.065 25 INFO cinder.volume.api [None req-8bfc4b33-2b49-4be0-8a6d-60d7fdecfe0b bd4820435cbe46ca9f3463308eb0a9be ae2f332f7a25411baff29b98d8b7d506 - - default default] Create volume request issued successfully.
2025-07-29 05:27:57.066 25 INFO cinder.api.openstack.wsgi [None req-8bfc4b33-2b49-4be0-8a6d-60d7fdecfe0b bd4820435cbe46ca9f3463308eb0a9be ae2f332f7a25411baff29b98d8b7d506 - - default default] http://[LB_IP_ADDRESS]:8776/v3/ae2f332f7a25411baff29b98d8b7d506/volumes returned with HTTP 202
2025-07-29 05:27:57.090 23 INFO cinder.api.openstack.wsgi [None req-32524302-ea43-43cc-8f9a-5016852b5ca5 bd4820435cbe46ca9f3463308eb0a9be ae2f332f7a25411baff29b98d8b7d506 - - default default] GET http://[LB_IP_ADDRESS]:8776/v3/ae2f332f7a25411baff29b98d8b7d506/volumes/1442a6d4-6e28-457b-907e-eb998700fe41
