2026-06-25 11:48:53.564 72 INFO cinder.api.openstack.wsgi [req-b9021685-9d0f-4009-b5fa-c27f01c22fce req-d7095ed3-bc1d-4557-aa55-94920d8bc2ad 9a8df0a16e4c43419abb3480567e88cf 84bc8e7e977b4280b5c44b171237edd0 - - default default] DELETE http://[LB_IP_ADDRESS]:8776/v3/volumes/e572fd68-9ea6-4fa3-9af0-eb854162f621
2026-06-25 11:48:53.565 72 INFO cinder.api.v3.volumes [req-b9021685-9d0f-4009-b5fa-c27f01c22fce req-d7095ed3-bc1d-4557-aa55-94920d8bc2ad 9a8df0a16e4c43419abb3480567e88cf 84bc8e7e977b4280b5c44b171237edd0 - - default default] Delete volume with id: e572fd68-9ea6-4fa3-9af0-eb854162f621 
2026-06-25 11:48:53.577 72 INFO cinder.api.openstack.wsgi [req-b9021685-9d0f-4009-b5fa-c27f01c22fce req-d7095ed3-bc1d-4557-aa55-94920d8bc2ad 9a8df0a16e4c43419abb3480567e88cf 84bc8e7e977b4280b5c44b171237edd0 - - default default] http://[LB_IP_ADDRESS]:8776/v3/volumes/e572fd68-9ea6-4fa3-9af0-eb854162f621 returned with HTTP 404
2026-06-25 11:48:53.607 73 INFO cinder.api.openstack.wsgi [req-31b0b172-ae5a-4525-9626-a54c957738f5 req-de5b483c-8101-41af-94ba-11810fe28e2c 9a8df0a16e4c43419abb3480567e88cf 84bc8e7e977b4280b5c44b171237edd0 - - default default] GET http://[LB_IP_ADDRESS]:8776/v3/volumes/e572fd68-9ea6-4fa3-9af0-eb854162f621
2026-06-25 11:48:53.619 73 INFO cinder.api.openstack.wsgi [req-31b0b172-ae5a-4525-9626-a54c957738f5 req-de5b483c-8101-41af-94ba-11810fe28e2c 9a8df0a16e4c43419abb3480567e88cf 84bc8e7e977b4280b5c44b171237edd0 - - default default] http://[LB_IP_ADDRESS]:8776/v3/volumes/e572fd68-9ea6-4fa3-9af0-eb854162f621 returned with HTTP 404
2026-06-25 11:48:54.362 75 INFO cinder.api.openstack.wsgi [None req-4fea10f4-ba03-4f8d-a153-d934edba1f25 b2b0e9f9639546aca12ef0f4cb6b452d 5c2f219ce8ab4d8eb43ff2efee7c22bf - - default default] GET http://[LB_IP_ADDRESS]:8776/v3/5c2f219ce8ab4d8eb43ff2efee7c22bf/volumes/e691e61a-f0f7-4026-a9f0-bb0f28a9629e
2026-06-25 11:48:54.375 75 INFO cinder.api.openstack.wsgi [None req-4fea10f4-ba03-4f8d-a153-d934edba1f25 b2b0e9f9639546aca12ef0f4cb6b452d 5c2f219ce8ab4d8eb43ff2efee7c22bf - - default default] http://[LB_IP_ADDRESS]:8776/v3/5c2f219ce8ab4d8eb43ff2efee7c22bf/volumes/e691e61a-f0f7-4026-a9f0-bb0f28a9629e returned with HTTP 404
2026-06-25 11:48:54.388 74 INFO cinder.api.openstack.wsgi [None req-efc3fc9b-6e29-471a-88eb-299966acbe28 b2b0e9f9639546aca12ef0f4cb6b452d 5c2f219ce8ab4d8eb43ff2efee7c22bf - - default default] GET http://[LB_IP_ADDRESS]:8776/v3/5c2f219ce8ab4d8eb43ff2efee7c22bf/groups/e435194a-a34b-44df-94ca-2ae0b59d5ff0
2026-06-25 11:48:54.394 74 INFO cinder.api.openstack.wsgi [None req-efc3fc9b-6e29-471a-88eb-299966acbe28 b2b0e9f9639546aca12ef0f4cb6b452d 5c2f219ce8ab4d8eb43ff2efee7c22bf - - default default] http://[LB_IP_ADDRESS]:8776/v3/5c2f219ce8ab4d8eb43ff2efee7c22bf/groups/e435194a-a34b-44df-94ca-2ae0b59d5ff0 returned with HTTP 404
2026-06-25 11:48:54.406 76 INFO cinder.api.openstack.wsgi [None req-1a4cebb0-2338-45f9-9ad8-d4ad270019b5 b2b0e9f9639546aca12ef0f4cb6b452d 5c2f219ce8ab4d8eb43ff2efee7c22bf - - default default] POST http://[LB_IP_ADDRESS]:8776/v3/5c2f219ce8ab4d8eb43ff2efee7c22bf/groups/9c8481ab-7f4b-4944-ae0f-63eadab3a6b9/action
2026-06-25 11:48:54.410 76 INFO cinder.api.v3.groups [None req-1a4cebb0-2338-45f9-9ad8-d4ad270019b5 b2b0e9f9639546aca12ef0f4cb6b452d 5c2f219ce8ab4d8eb43ff2efee7c22bf - - default default] Delete group with id: 9c8481ab-7f4b-4944-ae0f-63eadab3a6b9
2026-06-25 11:48:54.458 76 INFO cinder.api.openstack.wsgi [None req-1a4cebb0-2338-45f9-9ad8-d4ad270019b5 b2b0e9f9639546aca12ef0f4cb6b452d 5c2f219ce8ab4d8eb43ff2efee7c22bf - - default default] http://[LB_IP_ADDRESS]:8776/v3/5c2f219ce8ab4d8eb43ff2efee7c22bf/groups/9c8481ab-7f4b-4944-ae0f-63eadab3a6b9/action returned with HTTP 202
2026-06-25 11:48:54.470 72 INFO cinder.api.openstack.wsgi [None req-49d0eb97-5475-4869-9aed-20d6ce5aff78 b2b0e9f9639546aca12ef0f4cb6b452d 5c2f219ce8ab4d8eb43ff2efee7c22bf - - default default] GET http://[LB_IP_ADDRESS]:8776/v3/5c2f219ce8ab4d8eb43ff2efee7c22bf/groups/9c8481ab-7f4b-4944-ae0f-63eadab3a6b9
2026-06-25 11:48:54.492 72 INFO cinder.api.openstack.wsgi [None req-49d0eb97-5475-4869-9aed-20d6ce5aff78 b2b0e9f9639546aca12ef0f4cb6b452d 5c2f219ce8ab4d8eb43ff2efee7c22bf - - default default] http://[LB_IP_ADDRESS]:8776/v3/5c2f219ce8ab4d8eb43ff2efee7c22bf/groups/9c8481ab-7f4b-4944-ae0f-63eadab3a6b9 returned with HTTP 200
2026-06-25 11:48:55.508 73 INFO cinder.api.openstack.wsgi [None req-5f8fd02a-33c9-4f21-a978-c48dbd7b7a5a b2b0e9f9639546aca12ef0f4cb6b452d 5c2f219ce8ab4d8eb43ff2efee7c22bf - - default default] GET http://[LB_IP_ADDRESS]:8776/v3/5c2f219ce8ab4d8eb43ff2efee7c22bf/groups/9c8481ab-7f4b-4944-ae0f-63eadab3a6b9
2026-06-25 11:48:55.513 73 INFO cinder.api.openstack.wsgi [None req-5f8fd02a-33c9-4f21-a978-c48dbd7b7a5a b2b0e9f9639546aca12ef0f4cb6b452d 5c2f219ce8ab4d8eb43ff2efee7c22bf - - default default] http://[LB_IP_ADDRESS]:8776/v3/5c2f219ce8ab4d8eb43ff2efee7c22bf/groups/9c8481ab-7f4b-4944-ae0f-63eadab3a6b9 returned with HTTP 404
2026-06-25 11:48:55.526 75 INFO cinder.api.openstack.wsgi [None req-9afb71dd-fb03-400c-8100-dea211c83b72 b2b0e9f9639546aca12ef0f4cb6b452d 5c2f219ce8ab4d8eb43ff2efee7c22bf - - default default] GET http://[LB_IP_ADDRESS]:8776/v3/5c2f219ce8ab4d8eb43ff2efee7c22bf/groups/detail
2026-06-25 11:48:55.533 75 INFO cinder.api.openstack.wsgi [None req-9afb71dd-fb03-400c-8100-dea211c83b72 b2b0e9f9639546aca12ef0f4cb6b452d 5c2f219ce8ab4d8eb43ff2efee7c22bf - - default default] http://[LB_IP_ADDRESS]:8776/v3/5c2f219ce8ab4d8eb43ff2efee7c22bf/groups/detail returned with HTTP 200
2026-06-25 11:48:55.550 74 INFO cinder.api.openstack.wsgi [None req-6c534778-32e8-4256-85d8-e0d0fdddeb28 b2b0e9f9639546aca12ef0f4cb6b452d 5c2f219ce8ab4d8eb43ff2efee7c22bf - - default default] GET http://[LB_IP_ADDRESS]:8776/v3/5c2f219ce8ab4d8eb43ff2efee7c22bf/volumes/detail
2026-06-25 11:48:55.564 74 INFO cinder.volume.api [None req-6c534778-32e8-4256-85d8-e0d0fdddeb28 b2b0e9f9639546aca12ef0f4cb6b452d 5c2f219ce8ab4d8eb43ff2efee7c22bf - - default default] Get all volumes completed successfully.
2026-06-25 11:48:55.569 74 INFO cinder.api.openstack.wsgi [None req-6c534778-32e8-4256-85d8-e0d0fdddeb28 b2b0e9f9639546aca12ef0f4cb6b452d 5c2f219ce8ab4d8eb43ff2efee7c22bf - - default default] http://[LB_IP_ADDRESS]:8776/v3/5c2f219ce8ab4d8eb43ff2efee7c22bf/volumes/detail returned with HTTP 200
2026-06-25 11:48:55.590 76 INFO cinder.api.openstack.wsgi [None req-57c7e390-8c6e-47bc-932f-cb6327891e57 b2b0e9f9639546aca12ef0f4cb6b452d 5c2f219ce8ab4d8eb43ff2efee7c22bf - - default default] POST http://[LB_IP_ADDRESS]:8776/v3/5c2f219ce8ab4d8eb43ff2efee7c22bf/groups/9c8481ab-7f4b-4944-ae0f-63eadab3a6b9/action
2026-06-25 11:48:55.594 76 INFO cinder.api.v3.groups [None req-57c7e390-8c6e-47bc-932f-cb6327891e57 b2b0e9f9639546aca12ef0f4cb6b452d 5c2f219ce8ab4d8eb43ff2efee7c22bf - - default default] Delete group with id: 9c8481ab-7f4b-4944-ae0f-63eadab3a6b9
2026-06-25 11:48:55.599 76 INFO cinder.api.openstack.wsgi [None req-57c7e390-8c6e-47bc-932f-cb6327891e57 b2b0e9f9639546aca12ef0f4cb6b452d 5c2f219ce8ab4d8eb43ff2efee7c22bf - - default default] http://[LB_IP_ADDRESS]:8776/v3/5c2f219ce8ab4d8eb43ff2efee7c22bf/groups/9c8481ab-7f4b-4944-ae0f-63eadab3a6b9/action returned with HTTP 404
2026-06-25 11:48:55.610 72 INFO cinder.api.openstack.wsgi [None req-4be598d7-cd17-4fa1-b4fc-fce1e8e23095 b2b0e9f9639546aca12ef0f4cb6b452d 5c2f219ce8ab4d8eb43ff2efee7c22bf - - default default] GET http://[LB_IP_ADDRESS]:8776/v3/5c2f219ce8ab4d8eb43ff2efee7c22bf/volumes/detail
2026-06-25 11:48:55.624 72 INFO cinder.volume.api [None req-4be598d7-cd17-4fa1-b4fc-fce1e8e23095 b2b0e9f9639546aca12ef0f4cb6b452d 5c2f219ce8ab4d8eb43ff2efee7c22bf - - default default] Get all volumes completed successfully.
2026-06-25 11:48:55.629 72 INFO cinder.api.openstack.wsgi [None req-4be598d7-cd17-4fa1-b4fc-fce1e8e23095 b2b0e9f9639546aca12ef0f4cb6b452d 5c2f219ce8ab4d8eb43ff2efee7c22bf - - default default] http://[LB_IP_ADDRESS]:8776/v3/5c2f219ce8ab4d8eb43ff2efee7c22bf/volumes/detail returned with HTTP 200
2026-06-25 11:48:55.649 73 INFO cinder.api.openstack.wsgi [None req-3343cff9-e86a-44b1-85b4-307b710ef044 b2b0e9f9639546aca12ef0f4cb6b452d 5c2f219ce8ab4d8eb43ff2efee7c22bf - - default default] POST http://[LB_IP_ADDRESS]:8776/v3/5c2f219ce8ab4d8eb43ff2efee7c22bf/groups/e435194a-a34b-44df-94ca-2ae0b59d5ff0/action
2026-06-25 11:48:55.653 73 INFO cinder.api.v3.groups [None req-3343cff9-e86a-44b1-85b4-307b710ef044 b2b0e9f9639546aca12ef0f4cb6b452d 5c2f219ce8ab4d8eb43ff2efee7c22bf - - default default] Delete group with id: e435194a-a34b-44df-94ca-2ae0b59d5ff0
2026-06-25 11:48:55.659 73 INFO cinder.api.openstack.wsgi [None req-3343cff9-e86a-44b1-85b4-307b710ef044 b2b0e9f9639546aca12ef0f4cb6b452d 5c2f219ce8ab4d8eb43ff2efee7c22bf - - default default] http://[LB_IP_ADDRESS]:8776/v3/5c2f219ce8ab4d8eb43ff2efee7c22bf/groups/e435194a-a34b-44df-94ca-2ae0b59d5ff0/action returned with HTTP 404
2026-06-25 11:48:55.671 75 INFO cinder.api.openstack.wsgi [None req-788be90e-a9a6-44f9-b5ee-2c4aba692a1e 12c8bce171664bd488c0f7a89638a489 5475796fea0447e1acb118997de4063a - - default default] DELETE http://[LB_IP_ADDRESS]:8776/v3/5475796fea0447e1acb118997de4063a/group_types/ed7a3f47-c5cc-47f8-893b-7910f8e5dbd2
2026-06-25 11:48:55.692 75 INFO cinder.api.openstack.wsgi [None req-788be90e-a9a6-44f9-b5ee-2c4aba692a1e 12c8bce171664bd488c0f7a89638a489 5475796fea0447e1acb118997de4063a - - default default] http://[LB_IP_ADDRESS]:8776/v3/5475796fea0447e1acb118997de4063a/group_types/ed7a3f47-c5cc-47f8-893b-7910f8e5dbd2 returned with HTTP 202
2026-06-25 11:48:55.704 74 INFO cinder.api.openstack.wsgi [None req-e25ee6cc-7a37-4920-abea-ac653e335326 12c8bce171664bd488c0f7a89638a489 5475796fea0447e1acb118997de4063a - - default default] DELETE http://[LB_IP_ADDRESS]:8776/v3/5475796fea0447e1acb118997de4063a/types/c80e9dc9-3ff1-40d2-b355-17076446c361
2026-06-25 11:48:55.757 74 INFO cinder.api.openstack.wsgi [None req-e25ee6cc-7a37-4920-abea-ac653e335326 12c8bce171664bd488c0f7a89638a489 5475796fea0447e1acb118997de4063a - - default default] http://[LB_IP_ADDRESS]:8776/v3/5475796fea0447e1acb118997de4063a/types/c80e9dc9-3ff1-40d2-b355-17076446c361 returned with HTTP 202
2026-06-25 11:48:55.769 76 INFO cinder.api.openstack.wsgi [None req-a0e212cd-f953-4fcf-8f3e-c6f32cbbd31b 12c8bce171664bd488c0f7a89638a489 5475796fea0447e1acb118997de4063a - - default default] GET http://[LB_IP_ADDRESS]:8776/v3/5475796fea0447e1acb118997de4063a/types/c80e9dc9-3ff1-40d2-b355-17076446c361
2026-06-25 11:48:55.776 76 INFO cinder.api.openstack.wsgi [None req-a0e212cd-f953-4fcf-8f3e-c6f32cbbd31b 12c8bce171664bd488c0f7a89638a489 5475796fea0447e1acb118997de4063a - - default default] http://[LB_IP_ADDRESS]:8776/v3/5475796fea0447e1acb118997de4063a/types/c80e9dc9-3ff1-40d2-b355-17076446c361 returned with HTTP 404
2026-06-25 11:48:55.791 72 INFO cinder.api.openstack.wsgi [None req-a066991b-1fe9-4ca9-b007-ae25b4c0f2d0 12c8bce171664bd488c0f7a89638a489 5475796fea0447e1acb118997de4063a - - default default] POST http://[LB_IP_ADDRESS]:8776/v3/5475796fea0447e1acb118997de4063a/types
2026-06-25 11:48:55.823 72 INFO cinder.api.openstack.wsgi [None req-a066991b-1fe9-4ca9-b007-ae25b4c0f2d0 12c8bce171664bd488c0f7a89638a489 5475796fea0447e1acb118997de4063a - - default default] http://[LB_IP_ADDRESS]:8776/v3/5475796fea0447e1acb118997de4063a/types returned with HTTP 200
2026-06-25 11:48:55.837 73 INFO cinder.api.openstack.wsgi [None req-81a90c35-dee4-4fd0-a339-184ac06ec241 12c8bce171664bd488c0f7a89638a489 5475796fea0447e1acb118997de4063a - - default default] POST http://[LB_IP_ADDRESS]:8776/v3/5475796fea0447e1acb118997de4063a/group_types
2026-06-25 11:48:55.863 73 INFO cinder.api.openstack.wsgi [None req-81a90c35-dee4-4fd0-a339-184ac06ec241 12c8bce171664bd488c0f7a89638a489 5475796fea0447e1acb118997de4063a - - default default] http://[LB_IP_ADDRESS]:8776/v3/5475796fea0447e1acb118997de4063a/group_types returned with HTTP 202
2026-06-25 11:48:55.878 75 INFO cinder.api.openstack.wsgi [None req-265a0e94-aac9-4c43-b806-3844b9bcebb0 b2b0e9f9639546aca12ef0f4cb6b452d 5c2f219ce8ab4d8eb43ff2efee7c22bf - - default default] POST http://[LB_IP_ADDRESS]:8776/v3/5c2f219ce8ab4d8eb43ff2efee7c22bf/groups
2026-06-25 11:48:55.890 75 INFO cinder.api.v3.groups [None req-265a0e94-aac9-4c43-b806-3844b9bcebb0 b2b0e9f9639546aca12ef0f4cb6b452d 5c2f219ce8ab4d8eb43ff2efee7c22bf - - default default] Creating group tempest-GroupsTest-Group-204460001.
2026-06-25 11:48:55.905 75 INFO cinder.volume.api [None req-265a0e94-aac9-4c43-b806-3844b9bcebb0 b2b0e9f9639546aca12ef0f4cb6b452d 5c2f219ce8ab4d8eb43ff2efee7c22bf - - default default] Availability Zones retrieved successfully.
2026-06-25 11:48:56.029 75 INFO cinder.api.openstack.wsgi [None req-265a0e94-aac9-4c43-b806-3844b9bcebb0 b2b0e9f9639546aca12ef0f4cb6b452d 5c2f219ce8ab4d8eb43ff2efee7c22bf - - default default] http://[LB_IP_ADDRESS]:8776/v3/5c2f219ce8ab4d8eb43ff2efee7c22bf/groups returned with HTTP 202
2026-06-25 11:48:56.043 74 INFO cinder.api.openstack.wsgi [None req-52af3525-8795-40bc-b826-c17d46cf1887 b2b0e9f9639546aca12ef0f4cb6b452d 5c2f219ce8ab4d8eb43ff2efee7c22bf - - default default] GET http://[LB_IP_ADDRESS]:8776/v3/5c2f219ce8ab4d8eb43ff2efee7c22bf/groups/75712fc9-4759-429c-a2b9-e4ca271a5e79
2026-06-25 11:48:56.067 74 INFO cinder.api.openstack.wsgi [None req-52af3525-8795-40bc-b826-c17d46cf1887 b2b0e9f9639546aca12ef0f4cb6b452d 5c2f219ce8ab4d8eb43ff2efee7c22bf - - default default] http://[LB_IP_ADDRESS]:8776/v3/5c2f219ce8ab4d8eb43ff2efee7c22bf/groups/75712fc9-4759-429c-a2b9-e4ca271a5e79 returned with HTTP 200
2026-06-25 11:48:57.083 76 INFO cinder.api.openstack.wsgi [None req-6d7bba5f-b832-4579-8fdf-97c89352da54 b2b0e9f9639546aca12ef0f4cb6b452d 5c2f219ce8ab4d8eb43ff2efee7c22bf - - default default] GET http://[LB_IP_ADDRESS]:8776/v3/5c2f219ce8ab4d8eb43ff2efee7c22bf/groups/75712fc9-4759-429c-a2b9-e4ca271a5e79
2026-06-25 11:48:57.107 76 INFO cinder.api.openstack.wsgi [None req-6d7bba5f-b832-4579-8fdf-97c89352da54 b2b0e9f9639546aca12ef0f4cb6b452d 5c2f219ce8ab4d8eb43ff2efee7c22bf - - default default] http://[LB_IP_ADDRESS]:8776/v3/5c2f219ce8ab4d8eb43ff2efee7c22bf/groups/75712fc9-4759-429c-a2b9-e4ca271a5e79 returned with HTTP 200
2026-06-25 11:48:57.124 72 INFO cinder.api.openstack.wsgi [None req-033b55c1-71aa-43a0-8aa1-16aacace40c3 b2b0e9f9639546aca12ef0f4cb6b452d 5c2f219ce8ab4d8eb43ff2efee7c22bf - - default default] POST http://[LB_IP_ADDRESS]:8776/v3/5c2f219ce8ab4d8eb43ff2efee7c22bf/volumes
2026-06-25 11:48:57.140 72 INFO cinder.api.v3.volumes [None req-033b55c1-71aa-43a0-8aa1-16aacace40c3 b2b0e9f9639546aca12ef0f4cb6b452d 5c2f219ce8ab4d8eb43ff2efee7c22bf - - default default] Create volume of 1 GB
2026-06-25 11:48:57.151 72 INFO cinder.volume.api [None req-033b55c1-71aa-43a0-8aa1-16aacace40c3 b2b0e9f9639546aca12ef0f4cb6b452d 5c2f219ce8ab4d8eb43ff2efee7c22bf - - default default] Availability Zones retrieved successfully.
2026-06-25 11:48:57.840 73 INFO cinder.api.openstack.wsgi [req-45bc4bbb-024b-45a5-b564-e045830c80d4 req-282725cd-53e8-41ac-8ca7-d53cc63384db 95f12ed00b654eababe0f495aa615bcf 5a451f7fd0914133be83a81ce75ab38a - - default default] POST http://[LB_IP_ADDRESS]:8776/v3/volumes
2026-06-25 11:48:57.845 73 INFO cinder.api.v3.volumes [req-45bc4bbb-024b-45a5-b564-e045830c80d4 req-282725cd-53e8-41ac-8ca7-d53cc63384db 95f12ed00b654eababe0f495aa615bcf 5a451f7fd0914133be83a81ce75ab38a - - default default] Create volume of 1 GB
2026-06-25 11:48:57.860 73 INFO cinder.volume.api [req-45bc4bbb-024b-45a5-b564-e045830c80d4 req-282725cd-53e8-41ac-8ca7-d53cc63384db 95f12ed00b654eababe0f495aa615bcf 5a451f7fd0914133be83a81ce75ab38a - - default default] Availability Zones retrieved successfully.
2026-06-25 11:48:57.915 72 WARNING cinder.quota [None req-033b55c1-71aa-43a0-8aa1-16aacace40c3 b2b0e9f9639546aca12ef0f4cb6b452d 5c2f219ce8ab4d8eb43ff2efee7c22bf - - default default] Deprecated: Default quota for resource: volumes_tempest-GroupsTest-volume-type-1313328353 is set by the default quota flag: quota_volumes_tempest-GroupsTest-volume-type-1313328353, it is now deprecated. Please use the default quota class for default quota.
2026-06-25 11:48:57.916 72 WARNING cinder.quota [None req-033b55c1-71aa-43a0-8aa1-16aacace40c3 b2b0e9f9639546aca12ef0f4cb6b452d 5c2f219ce8ab4d8eb43ff2efee7c22bf - - default default] Deprecated: Default quota for resource: gigabytes_tempest-GroupsTest-volume-type-1313328353 is set by the default quota flag: quota_gigabytes_tempest-GroupsTest-volume-type-1313328353, it is now deprecated. Please use the default quota class for default quota.
2026-06-25 11:48:58.053 72 INFO cinder.volume.api [None req-033b55c1-71aa-43a0-8aa1-16aacace40c3 b2b0e9f9639546aca12ef0f4cb6b452d 5c2f219ce8ab4d8eb43ff2efee7c22bf - - default default] Create volume request issued successfully.
2026-06-25 11:48:58.075 72 INFO cinder.api.openstack.wsgi [None req-033b55c1-71aa-43a0-8aa1-16aacace40c3 b2b0e9f9639546aca12ef0f4cb6b452d 5c2f219ce8ab4d8eb43ff2efee7c22bf - - default default] http://[LB_IP_ADDRESS]:8776/v3/5c2f219ce8ab4d8eb43ff2efee7c22bf/volumes returned with HTTP 202
2026-06-25 11:48:58.097 75 INFO cinder.api.openstack.wsgi [None req-f479f8dd-ba34-4637-8aa7-d7809365c90f b2b0e9f9639546aca12ef0f4cb6b452d 5c2f219ce8ab4d8eb43ff2efee7c22bf - - default default] GET http://[LB_IP_ADDRESS]:8776/v3/5c2f219ce8ab4d8eb43ff2efee7c22bf/volumes/5eb5f9b9-d288-4a3d-a6de-22f0b543dc53
2026-06-25 11:48:58.115 75 INFO cinder.volume.api [None req-f479f8dd-ba34-4637-8aa7-d7809365c90f b2b0e9f9639546aca12ef0f4cb6b452d 5c2f219ce8ab4d8eb43ff2efee7c22bf - - default default] Volume info retrieved successfully.
2026-06-25 11:48:58.144 75 INFO cinder.api.openstack.wsgi [None req-f479f8dd-ba34-4637-8aa7-d7809365c90f b2b0e9f9639546aca12ef0f4cb6b452d 5c2f219ce8ab4d8eb43ff2efee7c22bf - - default default] http://[LB_IP_ADDRESS]:8776/v3/5c2f219ce8ab4d8eb43ff2efee7c22bf/volumes/5eb5f9b9-d288-4a3d-a6de-22f0b543dc53 returned with HTTP 200
2026-06-25 11:48:58.414 73 INFO cinder.volume.api [req-45bc4bbb-024b-45a5-b564-e045830c80d4 req-282725cd-53e8-41ac-8ca7-d53cc63384db 95f12ed00b654eababe0f495aa615bcf 5a451f7fd0914133be83a81ce75ab38a - - default default] Create volume request issued successfully.
2026-06-25 11:48:58.415 73 INFO cinder.api.openstack.wsgi [req-45bc4bbb-024b-45a5-b564-e045830c80d4 req-282725cd-53e8-41ac-8ca7-d53cc63384db 95f12ed00b654eababe0f495aa615bcf 5a451f7fd0914133be83a81ce75ab38a - - default default] http://[LB_IP_ADDRESS]:8776/v3/volumes returned with HTTP 202
2026-06-25 11:48:58.429 74 INFO cinder.api.openstack.wsgi [req-45bc4bbb-024b-45a5-b564-e045830c80d4 req-eecca881-793b-42a3-953b-3d92a6473725 95f12ed00b654eababe0f495aa615bcf 5a451f7fd0914133be83a81ce75ab38a - - default default] GET http://[LB_IP_ADDRESS]:8776/v3/volumes/0926bee7-8de2-45e9-8081-0c58d7bf0e87
2026-06-25 11:48:58.452 74 INFO cinder.volume.api [req-45bc4bbb-024b-45a5-b564-e045830c80d4 req-eecca881-793b-42a3-953b-3d92a6473725 95f12ed00b654eababe0f495aa615bcf 5a451f7fd0914133be83a81ce75ab38a - - default default] Volume info retrieved successfully.
2026-06-25 11:48:58.461 74 INFO cinder.api.openstack.wsgi [req-45bc4bbb-024b-45a5-b564-e045830c80d4 req-eecca881-793b-42a3-953b-3d92a6473725 95f12ed00b654eababe0f495aa615bcf 5a451f7fd0914133be83a81ce75ab38a - - default default] http://[LB_IP_ADDRESS]:8776/v3/volumes/0926bee7-8de2-45e9-8081-0c58d7bf0e87 returned with HTTP 200
2026-06-25 11:48:58.497 76 INFO cinder.api.openstack.wsgi [req-af9065a7-786d-4906-b563-45edce97457e req-98ae93a8-400b-478f-9ad1-361051eda5b6 95f12ed00b654eababe0f495aa615bcf 5a451f7fd0914133be83a81ce75ab38a - - default default] GET http://[LB_IP_ADDRESS]:8776/v3/volumes/0926bee7-8de2-45e9-8081-0c58d7bf0e87
2026-06-25 11:48:58.523 76 INFO cinder.volume.api [req-af9065a7-786d-4906-b563-45edce97457e req-98ae93a8-400b-478f-9ad1-361051eda5b6 95f12ed00b654eababe0f495aa615bcf 5a451f7fd0914133be83a81ce75ab38a - - default default] Volume info retrieved successfully.
2026-06-25 11:48:58.533 76 INFO cinder.api.openstack.wsgi [req-af9065a7-786d-4906-b563-45edce97457e req-98ae93a8-400b-478f-9ad1-361051eda5b6 95f12ed00b654eababe0f495aa615bcf 5a451f7fd0914133be83a81ce75ab38a - - default default] http://[LB_IP_ADDRESS]:8776/v3/volumes/0926bee7-8de2-45e9-8081-0c58d7bf0e87 returned with HTTP 200
2026-06-25 11:48:59.169 72 INFO cinder.api.openstack.wsgi [None req-c67c9a85-8ba1-4619-a0f3-bbda9c0c16c8 b2b0e9f9639546aca12ef0f4cb6b452d 5c2f219ce8ab4d8eb43ff2efee7c22bf - - default default] GET http://[LB_IP_ADDRESS]:8776/v3/5c2f219ce8ab4d8eb43ff2efee7c22bf/volumes/5eb5f9b9-d288-4a3d-a6de-22f0b543dc53
2026-06-25 11:48:59.191 72 INFO cinder.volume.api [None req-c67c9a85-8ba1-4619-a0f3-bbda9c0c16c8 b2b0e9f9639546aca12ef0f4cb6b452d 5c2f219ce8ab4d8eb43ff2efee7c22bf - - default default] Volume info retrieved successfully.
2026-06-25 11:48:59.221 72 INFO cinder.api.openstack.wsgi [None req-c67c9a85-8ba1-4619-a0f3-bbda9c0c16c8 b2b0e9f9639546aca12ef0f4cb6b452d 5c2f219ce8ab4d8eb43ff2efee7c22bf - - default default] http://[LB_IP_ADDRESS]:8776/v3/5c2f219ce8ab4d8eb43ff2efee7c22bf/volumes/5eb5f9b9-d288-4a3d-a6de-22f0b543dc53 returned with HTTP 200
2026-06-25 11:48:59.242 75 INFO cinder.api.openstack.wsgi [None req-338f2c10-744f-48fd-9967-64418b4a020d b2b0e9f9639546aca12ef0f4cb6b452d 5c2f219ce8ab4d8eb43ff2efee7c22bf - - default default] POST http://[LB_IP_ADDRESS]:8776/v3/5c2f219ce8ab4d8eb43ff2efee7c22bf/volumes
2026-06-25 11:48:59.257 75 INFO cinder.api.v3.volumes [None req-338f2c10-744f-48fd-9967-64418b4a020d b2b0e9f9639546aca12ef0f4cb6b452d 5c2f219ce8ab4d8eb43ff2efee7c22bf - - default default] Create volume of 1 GB
2026-06-25 11:48:59.267 75 INFO cinder.volume.api [None req-338f2c10-744f-48fd-9967-64418b4a020d b2b0e9f9639546aca12ef0f4cb6b452d 5c2f219ce8ab4d8eb43ff2efee7c22bf - - default default] Availability Zones retrieved successfully.
2026-06-25 11:48:59.576 73 INFO cinder.api.openstack.wsgi [req-c3fcaee3-5c54-44ef-93e3-e1ceb6ce4ad4 req-55beb8aa-0027-4b26-ac54-71a5ecb8ecfa 95f12ed00b654eababe0f495aa615bcf 5a451f7fd0914133be83a81ce75ab38a - - default default] GET http://[LB_IP_ADDRESS]:8776/v3/volumes/0926bee7-8de2-45e9-8081-0c58d7bf0e87
2026-06-25 11:48:59.598 73 INFO cinder.volume.api [req-c3fcaee3-5c54-44ef-93e3-e1ceb6ce4ad4 req-55beb8aa-0027-4b26-ac54-71a5ecb8ecfa 95f12ed00b654eababe0f495aa615bcf 5a451f7fd0914133be83a81ce75ab38a - - default default] Volume info retrieved successfully.
2026-06-25 11:48:59.608 73 INFO cinder.api.openstack.wsgi [req-c3fcaee3-5c54-44ef-93e3-e1ceb6ce4ad4 req-55beb8aa-0027-4b26-ac54-71a5ecb8ecfa 95f12ed00b654eababe0f495aa615bcf 5a451f7fd0914133be83a81ce75ab38a - - default default] http://[LB_IP_ADDRESS]:8776/v3/volumes/0926bee7-8de2-45e9-8081-0c58d7bf0e87 returned with HTTP 200
2026-06-25 11:48:59.644 74 INFO cinder.api.openstack.wsgi [req-f5f2f13b-53ed-44e1-94c6-ed7182c998e7 req-9b7b70f9-861f-43c6-8c15-f6eb44af22fa 95f12ed00b654eababe0f495aa615bcf 5a451f7fd0914133be83a81ce75ab38a - - default default] GET http://[LB_IP_ADDRESS]:8776/v3/volumes/0926bee7-8de2-45e9-8081-0c58d7bf0e87
2026-06-25 11:48:59.666 74 INFO cinder.volume.api [req-f5f2f13b-53ed-44e1-94c6-ed7182c998e7 req-9b7b70f9-861f-43c6-8c15-f6eb44af22fa 95f12ed00b654eababe0f495aa615bcf 5a451f7fd0914133be83a81ce75ab38a - - default default] Volume info retrieved successfully.
2026-06-25 11:48:59.676 74 INFO cinder.api.openstack.wsgi [req-f5f2f13b-53ed-44e1-94c6-ed7182c998e7 req-9b7b70f9-861f-43c6-8c15-f6eb44af22fa 95f12ed00b654eababe0f495aa615bcf 5a451f7fd0914133be83a81ce75ab38a - - default default] http://[LB_IP_ADDRESS]:8776/v3/volumes/0926bee7-8de2-45e9-8081-0c58d7bf0e87 returned with HTTP 200
2026-06-25 11:48:59.686 75 WARNING cinder.quota [None req-338f2c10-744f-48fd-9967-64418b4a020d b2b0e9f9639546aca12ef0f4cb6b452d 5c2f219ce8ab4d8eb43ff2efee7c22bf - - default default] Deprecated: Default quota for resource: volumes_tempest-GroupsTest-volume-type-1313328353 is set by the default quota flag: quota_volumes_tempest-GroupsTest-volume-type-1313328353, it is now deprecated. Please use the default quota class for default quota.
2026-06-25 11:48:59.687 75 WARNING cinder.quota [None req-338f2c10-744f-48fd-9967-64418b4a020d b2b0e9f9639546aca12ef0f4cb6b452d 5c2f219ce8ab4d8eb43ff2efee7c22bf - - default default] Deprecated: Default quota for resource: gigabytes_tempest-GroupsTest-volume-type-1313328353 is set by the default quota flag: quota_gigabytes_tempest-GroupsTest-volume-type-1313328353, it is now deprecated. Please use the default quota class for default quota.
2026-06-25 11:48:59.711 76 INFO cinder.api.openstack.wsgi [req-d942657b-2e14-48c6-af78-08744a37b0fd req-971d2838-f004-4443-894d-d2f4d81a4fd5 95f12ed00b654eababe0f495aa615bcf 5a451f7fd0914133be83a81ce75ab38a - - default default] DELETE http://[LB_IP_ADDRESS]:8776/v3/volumes/0926bee7-8de2-45e9-8081-0c58d7bf0e87
2026-06-25 11:48:59.712 76 INFO cinder.api.v3.volumes [req-d942657b-2e14-48c6-af78-08744a37b0fd req-971d2838-f004-4443-894d-d2f4d81a4fd5 95f12ed00b654eababe0f495aa615bcf 5a451f7fd0914133be83a81ce75ab38a - - default default] Delete volume with id: 0926bee7-8de2-45e9-8081-0c58d7bf0e87 
2026-06-25 11:48:59.728 76 INFO cinder.volume.api [req-d942657b-2e14-48c6-af78-08744a37b0fd req-971d2838-f004-4443-894d-d2f4d81a4fd5 95f12ed00b654eababe0f495aa615bcf 5a451f7fd0914133be83a81ce75ab38a - - default default] Volume info retrieved successfully.
2026-06-25 11:48:59.758 76 INFO cinder.volume.api [req-d942657b-2e14-48c6-af78-08744a37b0fd req-971d2838-f004-4443-894d-d2f4d81a4fd5 95f12ed00b654eababe0f495aa615bcf 5a451f7fd0914133be83a81ce75ab38a - - default default] Delete volume request issued successfully.
2026-06-25 11:48:59.759 76 INFO cinder.api.openstack.wsgi [req-d942657b-2e14-48c6-af78-08744a37b0fd req-971d2838-f004-4443-894d-d2f4d81a4fd5 95f12ed00b654eababe0f495aa615bcf 5a451f7fd0914133be83a81ce75ab38a - - default default] http://[LB_IP_ADDRESS]:8776/v3/volumes/0926bee7-8de2-45e9-8081-0c58d7bf0e87 returned with HTTP 202
2026-06-25 11:48:59.789 73 INFO cinder.api.openstack.wsgi [req-4aa6b914-69a6-412e-b609-d50426b9689d req-fe8836f4-64f7-4e3a-ac97-dc0f0d21668d 95f12ed00b654eababe0f495aa615bcf 5a451f7fd0914133be83a81ce75ab38a - - default default] GET http://[LB_IP_ADDRESS]:8776/v3/volumes/0926bee7-8de2-45e9-8081-0c58d7bf0e87
2026-06-25 11:48:59.806 75 INFO cinder.volume.api [None req-338f2c10-744f-48fd-9967-64418b4a020d b2b0e9f9639546aca12ef0f4cb6b452d 5c2f219ce8ab4d8eb43ff2efee7c22bf - - default default] Create volume request issued successfully.
2026-06-25 11:48:59.811 73 INFO cinder.volume.api [req-4aa6b914-69a6-412e-b609-d50426b9689d req-fe8836f4-64f7-4e3a-ac97-dc0f0d21668d 95f12ed00b654eababe0f495aa615bcf 5a451f7fd0914133be83a81ce75ab38a - - default default] Volume info retrieved successfully.
2026-06-25 11:48:59.820 73 INFO cinder.api.openstack.wsgi [req-4aa6b914-69a6-412e-b609-d50426b9689d req-fe8836f4-64f7-4e3a-ac97-dc0f0d21668d 95f12ed00b654eababe0f495aa615bcf 5a451f7fd0914133be83a81ce75ab38a - - default default] http://[LB_IP_ADDRESS]:8776/v3/volumes/0926bee7-8de2-45e9-8081-0c58d7bf0e87 returned with HTTP 200
2026-06-25 11:48:59.837 75 INFO cinder.api.openstack.wsgi [None req-338f2c10-744f-48fd-9967-64418b4a020d b2b0e9f9639546aca12ef0f4cb6b452d 5c2f219ce8ab4d8eb43ff2efee7c22bf - - default default] http://[LB_IP_ADDRESS]:8776/v3/5c2f219ce8ab4d8eb43ff2efee7c22bf/volumes returned with HTTP 202
2026-06-25 11:48:59.861 74 INFO cinder.api.openstack.wsgi [None req-24543063-020a-4aa7-8241-259cd93f31ca b2b0e9f9639546aca12ef0f4cb6b452d 5c2f219ce8ab4d8eb43ff2efee7c22bf - - default default] GET http://[LB_IP_ADDRESS]:8776/v3/5c2f219ce8ab4d8eb43ff2efee7c22bf/volumes/f2298c4e-a743-467a-b06b-8d537ccd160d
2026-06-25 11:48:59.882 74 INFO cinder.volume.api [None req-24543063-020a-4aa7-8241-259cd93f31ca b2b0e9f9639546aca12ef0f4cb6b452d 5c2f219ce8ab4d8eb43ff2efee7c22bf - - default default] Volume info retrieved successfully.
2026-06-25 11:48:59.911 72 INFO cinder.api.openstack.wsgi [None req-78379341-e408-45de-ac02-04a39de6cb4c 3cd194a68cc7400e93f73029694a2049 5396b09c6fb54d898b61792e88778afc - - default default] POST http://[LB_IP_ADDRESS]:8776/v3/5396b09c6fb54d898b61792e88778afc/qos-specs
2026-06-25 11:48:59.912 74 INFO cinder.api.openstack.wsgi [None req-24543063-020a-4aa7-8241-259cd93f31ca b2b0e9f9639546aca12ef0f4cb6b452d 5c2f219ce8ab4d8eb43ff2efee7c22bf - - default default] http://[LB_IP_ADDRESS]:8776/v3/5c2f219ce8ab4d8eb43ff2efee7c22bf/volumes/f2298c4e-a743-467a-b06b-8d537ccd160d returned with HTTP 200
2026-06-25 11:48:59.932 72 INFO cinder.api.openstack.wsgi [None req-78379341-e408-45de-ac02-04a39de6cb4c 3cd194a68cc7400e93f73029694a2049 5396b09c6fb54d898b61792e88778afc - - default default] http://[LB_IP_ADDRESS]:8776/v3/5396b09c6fb54d898b61792e88778afc/qos-specs returned with HTTP 200
2026-06-25 11:48:59.948 76 INFO cinder.api.openstack.wsgi [None req-e75c789c-e2f0-479f-a421-67ccf8dd1bf9 3cd194a68cc7400e93f73029694a2049 5396b09c6fb54d898b61792e88778afc - - default default] POST http://[LB_IP_ADDRESS]:8776/v3/5396b09c6fb54d898b61792e88778afc/types
2026-06-25 11:48:59.982 76 INFO cinder.api.openstack.wsgi [None req-e75c789c-e2f0-479f-a421-67ccf8dd1bf9 3cd194a68cc7400e93f73029694a2049 5396b09c6fb54d898b61792e88778afc - - default default] http://[LB_IP_ADDRESS]:8776/v3/5396b09c6fb54d898b61792e88778afc/types returned with HTTP 200
2026-06-25 11:48:59.996 73 INFO cinder.api.openstack.wsgi [None req-6a7fdc18-cd25-4f5e-8a19-36b2742e6b3d 3cd194a68cc7400e93f73029694a2049 5396b09c6fb54d898b61792e88778afc - - default default] POST http://[LB_IP_ADDRESS]:8776/v3/5396b09c6fb54d898b61792e88778afc/types
2026-06-25 11:49:00.027 73 INFO cinder.api.openstack.wsgi [None req-6a7fdc18-cd25-4f5e-8a19-36b2742e6b3d 3cd194a68cc7400e93f73029694a2049 5396b09c6fb54d898b61792e88778afc - - default default] http://[LB_IP_ADDRESS]:8776/v3/5396b09c6fb54d898b61792e88778afc/types returned with HTTP 200
2026-06-25 11:49:00.045 75 INFO cinder.api.openstack.wsgi [None req-dd63d34a-7513-449a-acb7-d5df2896c399 3cd194a68cc7400e93f73029694a2049 5396b09c6fb54d898b61792e88778afc - - default default] POST http://[LB_IP_ADDRESS]:8776/v3/5396b09c6fb54d898b61792e88778afc/types
2026-06-25 11:49:00.079 75 INFO cinder.api.openstack.wsgi [None req-dd63d34a-7513-449a-acb7-d5df2896c399 3cd194a68cc7400e93f73029694a2049 5396b09c6fb54d898b61792e88778afc - - default default] http://[LB_IP_ADDRESS]:8776/v3/5396b09c6fb54d898b61792e88778afc/types returned with HTTP 200
2026-06-25 11:49:00.096 74 INFO cinder.api.openstack.wsgi [None req-82d34a1b-13ac-472e-95ea-69a576ca8b36 3cd194a68cc7400e93f73029694a2049 5396b09c6fb54d898b61792e88778afc - - default default] GET http://[LB_IP_ADDRESS]:8776/v3/5396b09c6fb54d898b61792e88778afc/qos-specs/acc7ad4a-6b06-4417-b818-7c7ce6f654ac/associate?vol_type_id=8d3cc9a9-cf6e-44d4-ab33-f8b96ebd9f87
2026-06-25 11:49:00.123 74 INFO cinder.api.openstack.wsgi [None req-82d34a1b-13ac-472e-95ea-69a576ca8b36 3cd194a68cc7400e93f73029694a2049 5396b09c6fb54d898b61792e88778afc - - default default] http://[LB_IP_ADDRESS]:8776/v3/5396b09c6fb54d898b61792e88778afc/qos-specs/acc7ad4a-6b06-4417-b818-7c7ce6f654ac/associate?vol_type_id=8d3cc9a9-cf6e-44d4-ab33-f8b96ebd9f87 returned with HTTP 202
2026-06-25 11:49:00.136 72 INFO cinder.api.openstack.wsgi [None req-92742f81-2703-4d3d-a3d2-cd165dcd0e60 3cd194a68cc7400e93f73029694a2049 5396b09c6fb54d898b61792e88778afc - - default default] GET http://[LB_IP_ADDRESS]:8776/v3/5396b09c6fb54d898b61792e88778afc/qos-specs/acc7ad4a-6b06-4417-b818-7c7ce6f654ac/associate?vol_type_id=3265b8c7-643f-4b8a-81ca-3e7081129e2c
2026-06-25 11:49:00.165 72 INFO cinder.api.openstack.wsgi [None req-92742f81-2703-4d3d-a3d2-cd165dcd0e60 3cd194a68cc7400e93f73029694a2049 5396b09c6fb54d898b61792e88778afc - - default default] http://[LB_IP_ADDRESS]:8776/v3/5396b09c6fb54d898b61792e88778afc/qos-specs/acc7ad4a-6b06-4417-b818-7c7ce6f654ac/associate?vol_type_id=3265b8c7-643f-4b8a-81ca-3e7081129e2c returned with HTTP 202
2026-06-25 11:49:00.179 76 INFO cinder.api.openstack.wsgi [None req-319f2e98-8b44-4742-aeba-f72a55982461 3cd194a68cc7400e93f73029694a2049 5396b09c6fb54d898b61792e88778afc - - default default] GET http://[LB_IP_ADDRESS]:8776/v3/5396b09c6fb54d898b61792e88778afc/qos-specs/acc7ad4a-6b06-4417-b818-7c7ce6f654ac/associate?vol_type_id=030c70c0-8214-4fe2-a967-730ff8b3be6c
2026-06-25 11:49:00.208 76 INFO cinder.api.openstack.wsgi [None req-319f2e98-8b44-4742-aeba-f72a55982461 3cd194a68cc7400e93f73029694a2049 5396b09c6fb54d898b61792e88778afc - - default default] http://[LB_IP_ADDRESS]:8776/v3/5396b09c6fb54d898b61792e88778afc/qos-specs/acc7ad4a-6b06-4417-b818-7c7ce6f654ac/associate?vol_type_id=030c70c0-8214-4fe2-a967-730ff8b3be6c returned with HTTP 202
2026-06-25 11:49:00.222 73 INFO cinder.api.openstack.wsgi [None req-af405696-19ee-4e51-8d4f-bfe594862bd3 3cd194a68cc7400e93f73029694a2049 5396b09c6fb54d898b61792e88778afc - - default default] GET http://[LB_IP_ADDRESS]:8776/v3/5396b09c6fb54d898b61792e88778afc/qos-specs/acc7ad4a-6b06-4417-b818-7c7ce6f654ac/associations
2026-06-25 11:49:00.238 73 INFO cinder.api.openstack.wsgi [None req-af405696-19ee-4e51-8d4f-bfe594862bd3 3cd194a68cc7400e93f73029694a2049 5396b09c6fb54d898b61792e88778afc - - default default] http://[LB_IP_ADDRESS]:8776/v3/5396b09c6fb54d898b61792e88778afc/qos-specs/acc7ad4a-6b06-4417-b818-7c7ce6f654ac/associations returned with HTTP 200
2026-06-25 11:49:00.254 75 INFO cinder.api.openstack.wsgi [None req-1f460d9a-9c93-4956-9ffa-4f3ccd724a64 3cd194a68cc7400e93f73029694a2049 5396b09c6fb54d898b61792e88778afc - - default default] GET http://[LB_IP_ADDRESS]:8776/v3/5396b09c6fb54d898b61792e88778afc/qos-specs/acc7ad4a-6b06-4417-b818-7c7ce6f654ac/disassociate?vol_type_id=8d3cc9a9-cf6e-44d4-ab33-f8b96ebd9f87
2026-06-25 11:49:00.277 75 INFO cinder.api.openstack.wsgi [None req-1f460d9a-9c93-4956-9ffa-4f3ccd724a64 3cd194a68cc7400e93f73029694a2049 5396b09c6fb54d898b61792e88778afc - - default default] http://[LB_IP_ADDRESS]:8776/v3/5396b09c6fb54d898b61792e88778afc/qos-specs/acc7ad4a-6b06-4417-b818-7c7ce6f654ac/disassociate?vol_type_id=8d3cc9a9-cf6e-44d4-ab33-f8b96ebd9f87 returned with HTTP 202
2026-06-25 11:49:00.290 74 INFO cinder.api.openstack.wsgi [None req-90a1f153-8d12-43f5-9455-e8d93efdcb56 3cd194a68cc7400e93f73029694a2049 5396b09c6fb54d898b61792e88778afc - - default default] GET http://[LB_IP_ADDRESS]:8776/v3/5396b09c6fb54d898b61792e88778afc/qos-specs/acc7ad4a-6b06-4417-b818-7c7ce6f654ac/associations
2026-06-25 11:49:00.305 74 INFO cinder.api.openstack.wsgi [None req-90a1f153-8d12-43f5-9455-e8d93efdcb56 3cd194a68cc7400e93f73029694a2049 5396b09c6fb54d898b61792e88778afc - - default default] http://[LB_IP_ADDRESS]:8776/v3/5396b09c6fb54d898b61792e88778afc/qos-specs/acc7ad4a-6b06-4417-b818-7c7ce6f654ac/associations returned with HTTP 200
2026-06-25 11:49:00.320 72 INFO cinder.api.openstack.wsgi [None req-42bb6f6f-0b9d-4cc0-a664-7a7f360a20a8 3cd194a68cc7400e93f73029694a2049 5396b09c6fb54d898b61792e88778afc - - default default] GET http://[LB_IP_ADDRESS]:8776/v3/5396b09c6fb54d898b61792e88778afc/qos-specs/acc7ad4a-6b06-4417-b818-7c7ce6f654ac/disassociate_all
2026-06-25 11:49:00.337 72 INFO cinder.api.openstack.wsgi [None req-42bb6f6f-0b9d-4cc0-a664-7a7f360a20a8 3cd194a68cc7400e93f73029694a2049 5396b09c6fb54d898b61792e88778afc - - default default] http://[LB_IP_ADDRESS]:8776/v3/5396b09c6fb54d898b61792e88778afc/qos-specs/acc7ad4a-6b06-4417-b818-7c7ce6f654ac/disassociate_all returned with HTTP 202
2026-06-25 11:49:00.350 76 INFO cinder.api.openstack.wsgi [None req-d89b70f9-3663-4c04-bda6-8b45f69029a4 3cd194a68cc7400e93f73029694a2049 5396b09c6fb54d898b61792e88778afc - - default default] GET http://[LB_IP_ADDRESS]:8776/v3/5396b09c6fb54d898b61792e88778afc/qos-specs/acc7ad4a-6b06-4417-b818-7c7ce6f654ac/associations
2026-06-25 11:49:00.365 76 INFO cinder.api.openstack.wsgi [None req-d89b70f9-3663-4c04-bda6-8b45f69029a4 3cd194a68cc7400e93f73029694a2049 5396b09c6fb54d898b61792e88778afc - - default default] http://[LB_IP_ADDRESS]:8776/v3/5396b09c6fb54d898b61792e88778afc/qos-specs/acc7ad4a-6b06-4417-b818-7c7ce6f654ac/associations returned with HTTP 200
2026-06-25 11:49:00.379 73 INFO cinder.api.openstack.wsgi [None req-1abe3303-35d8-4ba0-8fb0-53d42d842539 3cd194a68cc7400e93f73029694a2049 5396b09c6fb54d898b61792e88778afc - - default default] DELETE http://[LB_IP_ADDRESS]:8776/v3/5396b09c6fb54d898b61792e88778afc/types/030c70c0-8214-4fe2-a967-730ff8b3be6c
2026-06-25 11:49:00.434 73 INFO cinder.api.openstack.wsgi [None req-1abe3303-35d8-4ba0-8fb0-53d42d842539 3cd194a68cc7400e93f73029694a2049 5396b09c6fb54d898b61792e88778afc - - default default] http://[LB_IP_ADDRESS]:8776/v3/5396b09c6fb54d898b61792e88778afc/types/030c70c0-8214-4fe2-a967-730ff8b3be6c returned with HTTP 202
2026-06-25 11:49:00.446 75 INFO cinder.api.openstack.wsgi [None req-2f841909-2230-4e2f-9e63-9496eee4f86e 3cd194a68cc7400e93f73029694a2049 5396b09c6fb54d898b61792e88778afc - - default default] GET http://[LB_IP_ADDRESS]:8776/v3/5396b09c6fb54d898b61792e88778afc/types/030c70c0-8214-4fe2-a967-730ff8b3be6c
2026-06-25 11:49:00.452 75 INFO cinder.api.openstack.wsgi [None req-2f841909-2230-4e2f-9e63-9496eee4f86e 3cd194a68cc7400e93f73029694a2049 5396b09c6fb54d898b61792e88778afc - - default default] http://[LB_IP_ADDRESS]:8776/v3/5396b09c6fb54d898b61792e88778afc/types/030c70c0-8214-4fe2-a967-730ff8b3be6c returned with HTTP 404
2026-06-25 11:49:00.464 74 INFO cinder.api.openstack.wsgi [None req-1647bb73-3c15-4995-80af-49b380d78a7f 3cd194a68cc7400e93f73029694a2049 5396b09c6fb54d898b61792e88778afc - - default default] DELETE http://[LB_IP_ADDRESS]:8776/v3/5396b09c6fb54d898b61792e88778afc/types/3265b8c7-643f-4b8a-81ca-3e7081129e2c
2026-06-25 11:49:00.518 74 INFO cinder.api.openstack.wsgi [None req-1647bb73-3c15-4995-80af-49b380d78a7f 3cd194a68cc7400e93f73029694a2049 5396b09c6fb54d898b61792e88778afc - - default default] http://[LB_IP_ADDRESS]:8776/v3/5396b09c6fb54d898b61792e88778afc/types/3265b8c7-643f-4b8a-81ca-3e7081129e2c returned with HTTP 202
2026-06-25 11:49:00.530 72 INFO cinder.api.openstack.wsgi [None req-2a997234-2c1a-4b66-8efc-5d6b21f9a189 3cd194a68cc7400e93f73029694a2049 5396b09c6fb54d898b61792e88778afc - - default default] GET http://[LB_IP_ADDRESS]:8776/v3/5396b09c6fb54d898b61792e88778afc/types/3265b8c7-643f-4b8a-81ca-3e7081129e2c
2026-06-25 11:49:00.536 72 INFO cinder.api.openstack.wsgi [None req-2a997234-2c1a-4b66-8efc-5d6b21f9a189 3cd194a68cc7400e93f73029694a2049 5396b09c6fb54d898b61792e88778afc - - default default] http://[LB_IP_ADDRESS]:8776/v3/5396b09c6fb54d898b61792e88778afc/types/3265b8c7-643f-4b8a-81ca-3e7081129e2c returned with HTTP 404
2026-06-25 11:49:00.548 76 INFO cinder.api.openstack.wsgi [None req-ebec20fb-ffa6-428b-9c41-6aebdfc09756 3cd194a68cc7400e93f73029694a2049 5396b09c6fb54d898b61792e88778afc - - default default] DELETE http://[LB_IP_ADDRESS]:8776/v3/5396b09c6fb54d898b61792e88778afc/types/8d3cc9a9-cf6e-44d4-ab33-f8b96ebd9f87
2026-06-25 11:49:00.603 76 INFO cinder.api.openstack.wsgi [None req-ebec20fb-ffa6-428b-9c41-6aebdfc09756 3cd194a68cc7400e93f73029694a2049 5396b09c6fb54d898b61792e88778afc - - default default] http://[LB_IP_ADDRESS]:8776/v3/5396b09c6fb54d898b61792e88778afc/types/8d3cc9a9-cf6e-44d4-ab33-f8b96ebd9f87 returned with HTTP 202
2026-06-25 11:49:00.615 73 INFO cinder.api.openstack.wsgi [None req-c37720a5-4dbf-4727-b4f9-37e5a300bd86 3cd194a68cc7400e93f73029694a2049 5396b09c6fb54d898b61792e88778afc - - default default] GET http://[LB_IP_ADDRESS]:8776/v3/5396b09c6fb54d898b61792e88778afc/types/8d3cc9a9-cf6e-44d4-ab33-f8b96ebd9f87
2026-06-25 11:49:00.621 73 INFO cinder.api.openstack.wsgi [None req-c37720a5-4dbf-4727-b4f9-37e5a300bd86 3cd194a68cc7400e93f73029694a2049 5396b09c6fb54d898b61792e88778afc - - default default] http://[LB_IP_ADDRESS]:8776/v3/5396b09c6fb54d898b61792e88778afc/types/8d3cc9a9-cf6e-44d4-ab33-f8b96ebd9f87 returned with HTTP 404
2026-06-25 11:49:00.637 75 INFO cinder.api.openstack.wsgi [None req-ab974986-949e-4cca-b2b3-f7bc090fbdc6 3cd194a68cc7400e93f73029694a2049 5396b09c6fb54d898b61792e88778afc - - default default] POST http://[LB_IP_ADDRESS]:8776/v3/5396b09c6fb54d898b61792e88778afc/qos-specs
2026-06-25 11:49:00.657 75 INFO cinder.api.openstack.wsgi [None req-ab974986-949e-4cca-b2b3-f7bc090fbdc6 3cd194a68cc7400e93f73029694a2049 5396b09c6fb54d898b61792e88778afc - - default default] http://[LB_IP_ADDRESS]:8776/v3/5396b09c6fb54d898b61792e88778afc/qos-specs returned with HTTP 200
2026-06-25 11:49:00.674 74 INFO cinder.api.openstack.wsgi [None req-1fca3e8e-9ac4-432e-adb3-4dbcbd0f5c93 3cd194a68cc7400e93f73029694a2049 5396b09c6fb54d898b61792e88778afc - - default default] DELETE http://[LB_IP_ADDRESS]:8776/v3/5396b09c6fb54d898b61792e88778afc/qos-specs/44db410f-4e1f-423b-9f9e-7a141abec1fe?force=False
2026-06-25 11:49:00.700 74 INFO cinder.api.openstack.wsgi [None req-1fca3e8e-9ac4-432e-adb3-4dbcbd0f5c93 3cd194a68cc7400e93f73029694a2049 5396b09c6fb54d898b61792e88778afc - - default default] http://[LB_IP_ADDRESS]:8776/v3/5396b09c6fb54d898b61792e88778afc/qos-specs/44db410f-4e1f-423b-9f9e-7a141abec1fe?force=False returned with HTTP 202
2026-06-25 11:49:00.714 72 INFO cinder.api.openstack.wsgi [None req-e5af8989-1018-49ee-8f8f-b92dcf87163c 3cd194a68cc7400e93f73029694a2049 5396b09c6fb54d898b61792e88778afc - - default default] GET http://[LB_IP_ADDRESS]:8776/v3/5396b09c6fb54d898b61792e88778afc/qos-specs/44db410f-4e1f-423b-9f9e-7a141abec1fe
2026-06-25 11:49:00.722 72 INFO cinder.api.openstack.wsgi [None req-e5af8989-1018-49ee-8f8f-b92dcf87163c 3cd194a68cc7400e93f73029694a2049 5396b09c6fb54d898b61792e88778afc - - default default] http://[LB_IP_ADDRESS]:8776/v3/5396b09c6fb54d898b61792e88778afc/qos-specs/44db410f-4e1f-423b-9f9e-7a141abec1fe returned with HTTP 404
2026-06-25 11:49:00.735 76 INFO cinder.api.openstack.wsgi [None req-2c0bcbe1-e9ac-4c5e-afad-63c086e04855 3cd194a68cc7400e93f73029694a2049 5396b09c6fb54d898b61792e88778afc - - default default] GET http://[LB_IP_ADDRESS]:8776/v3/5396b09c6fb54d898b61792e88778afc/qos-specs
2026-06-25 11:49:00.748 76 INFO cinder.api.openstack.wsgi [None req-2c0bcbe1-e9ac-4c5e-afad-63c086e04855 3cd194a68cc7400e93f73029694a2049 5396b09c6fb54d898b61792e88778afc - - default default] http://[LB_IP_ADDRESS]:8776/v3/5396b09c6fb54d898b61792e88778afc/qos-specs returned with HTTP 200
2026-06-25 11:49:00.764 73 INFO cinder.api.openstack.wsgi [None req-99ea4f54-36a8-4d04-acff-e12c74b016bd 3cd194a68cc7400e93f73029694a2049 5396b09c6fb54d898b61792e88778afc - - default default] DELETE http://[LB_IP_ADDRESS]:8776/v3/5396b09c6fb54d898b61792e88778afc/qos-specs/44db410f-4e1f-423b-9f9e-7a141abec1fe?force=False
2026-06-25 11:49:00.772 73 INFO cinder.api.openstack.wsgi [None req-99ea4f54-36a8-4d04-acff-e12c74b016bd 3cd194a68cc7400e93f73029694a2049 5396b09c6fb54d898b61792e88778afc - - default default] http://[LB_IP_ADDRESS]:8776/v3/5396b09c6fb54d898b61792e88778afc/qos-specs/44db410f-4e1f-423b-9f9e-7a141abec1fe?force=False returned with HTTP 404
2026-06-25 11:49:00.785 75 INFO cinder.api.openstack.wsgi [None req-c699fa0f-4ebf-4e7b-91e0-a382e07127ad 3cd194a68cc7400e93f73029694a2049 5396b09c6fb54d898b61792e88778afc - - default default] GET http://[LB_IP_ADDRESS]:8776/v3/5396b09c6fb54d898b61792e88778afc/qos-specs/44db410f-4e1f-423b-9f9e-7a141abec1fe
2026-06-25 11:49:00.793 75 INFO cinder.api.openstack.wsgi [None req-c699fa0f-4ebf-4e7b-91e0-a382e07127ad 3cd194a68cc7400e93f73029694a2049 5396b09c6fb54d898b61792e88778afc - - default default] http://[LB_IP_ADDRESS]:8776/v3/5396b09c6fb54d898b61792e88778afc/qos-specs/44db410f-4e1f-423b-9f9e-7a141abec1fe returned with HTTP 404
2026-06-25 11:49:00.808 74 INFO cinder.api.openstack.wsgi [None req-32ae8bce-6fd1-46fe-afa3-90779e15eb3b 3cd194a68cc7400e93f73029694a2049 5396b09c6fb54d898b61792e88778afc - - default default] POST http://[LB_IP_ADDRESS]:8776/v3/5396b09c6fb54d898b61792e88778afc/qos-specs
2026-06-25 11:49:00.827 74 INFO cinder.api.openstack.wsgi [None req-32ae8bce-6fd1-46fe-afa3-90779e15eb3b 3cd194a68cc7400e93f73029694a2049 5396b09c6fb54d898b61792e88778afc - - default default] http://[LB_IP_ADDRESS]:8776/v3/5396b09c6fb54d898b61792e88778afc/qos-specs returned with HTTP 200
2026-06-25 11:49:00.843 72 INFO cinder.api.openstack.wsgi [None req-a841be42-d051-4f9d-ad6a-570ee45088db 3cd194a68cc7400e93f73029694a2049 5396b09c6fb54d898b61792e88778afc - - default default] DELETE http://[LB_IP_ADDRESS]:8776/v3/5396b09c6fb54d898b61792e88778afc/qos-specs/ddd1c438-6f3b-4b00-9fb2-f54cdc9d21ef?force=False
2026-06-25 11:49:00.855 76 INFO cinder.api.openstack.wsgi [req-7acd9e47-f470-48dd-933d-146ff7d87b3e req-428991c8-b184-45fe-ad9c-5355320514ad 95f12ed00b654eababe0f495aa615bcf 5a451f7fd0914133be83a81ce75ab38a - - default default] GET http://[LB_IP_ADDRESS]:8776/v3/volumes/0926bee7-8de2-45e9-8081-0c58d7bf0e87
2026-06-25 11:49:00.867 76 INFO cinder.api.openstack.wsgi [req-7acd9e47-f470-48dd-933d-146ff7d87b3e req-428991c8-b184-45fe-ad9c-5355320514ad 95f12ed00b654eababe0f495aa615bcf 5a451f7fd0914133be83a81ce75ab38a - - default default] http://[LB_IP_ADDRESS]:8776/v3/volumes/0926bee7-8de2-45e9-8081-0c58d7bf0e87 returned with HTTP 404
2026-06-25 11:49:00.869 72 INFO cinder.api.openstack.wsgi [None req-a841be42-d051-4f9d-ad6a-570ee45088db 3cd194a68cc7400e93f73029694a2049 5396b09c6fb54d898b61792e88778afc - - default default] http://[LB_IP_ADDRESS]:8776/v3/5396b09c6fb54d898b61792e88778afc/qos-specs/ddd1c438-6f3b-4b00-9fb2-f54cdc9d21ef?force=False returned with HTTP 202
2026-06-25 11:49:00.882 73 INFO cinder.api.openstack.wsgi [None req-db6265b3-d34f-433d-b46c-d87bfb3b489e 3cd194a68cc7400e93f73029694a2049 5396b09c6fb54d898b61792e88778afc - - default default] GET http://[LB_IP_ADDRESS]:8776/v3/5396b09c6fb54d898b61792e88778afc/qos-specs/ddd1c438-6f3b-4b00-9fb2-f54cdc9d21ef
2026-06-25 11:49:00.889 73 INFO cinder.api.openstack.wsgi [None req-db6265b3-d34f-433d-b46c-d87bfb3b489e 3cd194a68cc7400e93f73029694a2049 5396b09c6fb54d898b61792e88778afc - - default default] http://[LB_IP_ADDRESS]:8776/v3/5396b09c6fb54d898b61792e88778afc/qos-specs/ddd1c438-6f3b-4b00-9fb2-f54cdc9d21ef returned with HTTP 404
2026-06-25 11:49:00.902 75 INFO cinder.api.openstack.wsgi [None req-dcb123a5-e9f6-45ef-a0c1-1fb75ba0aa43 3cd194a68cc7400e93f73029694a2049 5396b09c6fb54d898b61792e88778afc - - default default] GET http://[LB_IP_ADDRESS]:8776/v3/5396b09c6fb54d898b61792e88778afc/qos-specs
2026-06-25 11:49:00.915 75 INFO cinder.api.openstack.wsgi [None req-dcb123a5-e9f6-45ef-a0c1-1fb75ba0aa43 3cd194a68cc7400e93f73029694a2049 5396b09c6fb54d898b61792e88778afc - - default default] http://[LB_IP_ADDRESS]:8776/v3/5396b09c6fb54d898b61792e88778afc/qos-specs returned with HTTP 200
2026-06-25 11:49:00.931 74 INFO cinder.api.openstack.wsgi [None req-7558a5c4-45bf-4ed3-a420-2b332808ef35 3cd194a68cc7400e93f73029694a2049 5396b09c6fb54d898b61792e88778afc - - default default] DELETE http://[LB_IP_ADDRESS]:8776/v3/5396b09c6fb54d898b61792e88778afc/qos-specs/ddd1c438-6f3b-4b00-9fb2-f54cdc9d21ef?force=False
2026-06-25 11:49:00.934 76 INFO cinder.api.openstack.wsgi [None req-0993d02a-c027-4f10-aaa3-c8599b65ccaf b2b0e9f9639546aca12ef0f4cb6b452d 5c2f219ce8ab4d8eb43ff2efee7c22bf - - default default] GET http://[LB_IP_ADDRESS]:8776/v3/5c2f219ce8ab4d8eb43ff2efee7c22bf/volumes/f2298c4e-a743-467a-b06b-8d537ccd160d
2026-06-25 11:49:00.939 74 INFO cinder.api.openstack.wsgi [None req-7558a5c4-45bf-4ed3-a420-2b332808ef35 3cd194a68cc7400e93f73029694a2049 5396b09c6fb54d898b61792e88778afc - - default default] http://[LB_IP_ADDRESS]:8776/v3/5396b09c6fb54d898b61792e88778afc/qos-specs/ddd1c438-6f3b-4b00-9fb2-f54cdc9d21ef?force=False returned with HTTP 404
2026-06-25 11:49:00.952 72 INFO cinder.api.openstack.wsgi [None req-f55afeec-7532-48c0-86d6-99dfd75a05fd 3cd194a68cc7400e93f73029694a2049 5396b09c6fb54d898b61792e88778afc - - default default] GET http://[LB_IP_ADDRESS]:8776/v3/5396b09c6fb54d898b61792e88778afc/qos-specs/ddd1c438-6f3b-4b00-9fb2-f54cdc9d21ef
2026-06-25 11:49:00.955 76 INFO cinder.volume.api [None req-0993d02a-c027-4f10-aaa3-c8599b65ccaf b2b0e9f9639546aca12ef0f4cb6b452d 5c2f219ce8ab4d8eb43ff2efee7c22bf - - default default] Volume info retrieved successfully.
2026-06-25 11:49:00.959 72 INFO cinder.api.openstack.wsgi [None req-f55afeec-7532-48c0-86d6-99dfd75a05fd 3cd194a68cc7400e93f73029694a2049 5396b09c6fb54d898b61792e88778afc - - default default] http://[LB_IP_ADDRESS]:8776/v3/5396b09c6fb54d898b61792e88778afc/qos-specs/ddd1c438-6f3b-4b00-9fb2-f54cdc9d21ef returned with HTTP 404
2026-06-25 11:49:00.974 73 INFO cinder.api.openstack.wsgi [None req-cc1ac869-7722-4cb5-8ff0-182d803b2315 3cd194a68cc7400e93f73029694a2049 5396b09c6fb54d898b61792e88778afc - - default default] POST http://[LB_IP_ADDRESS]:8776/v3/5396b09c6fb54d898b61792e88778afc/qos-specs
2026-06-25 11:49:00.985 76 INFO cinder.api.openstack.wsgi [None req-0993d02a-c027-4f10-aaa3-c8599b65ccaf b2b0e9f9639546aca12ef0f4cb6b452d 5c2f219ce8ab4d8eb43ff2efee7c22bf - - default default] http://[LB_IP_ADDRESS]:8776/v3/5c2f219ce8ab4d8eb43ff2efee7c22bf/volumes/f2298c4e-a743-467a-b06b-8d537ccd160d returned with HTTP 200
2026-06-25 11:49:00.994 73 INFO cinder.api.openstack.wsgi [None req-cc1ac869-7722-4cb5-8ff0-182d803b2315 3cd194a68cc7400e93f73029694a2049 5396b09c6fb54d898b61792e88778afc - - default default] http://[LB_IP_ADDRESS]:8776/v3/5396b09c6fb54d898b61792e88778afc/qos-specs returned with HTTP 200
2026-06-25 11:49:01.008 75 INFO cinder.api.openstack.wsgi [None req-b6c18caf-55c4-437c-823b-7f5668223667 b2b0e9f9639546aca12ef0f4cb6b452d 5c2f219ce8ab4d8eb43ff2efee7c22bf - - default default] PUT http://[LB_IP_ADDRESS]:8776/v3/5c2f219ce8ab4d8eb43ff2efee7c22bf/groups/75712fc9-4759-429c-a2b9-e4ca271a5e79
2026-06-25 11:49:01.010 74 INFO cinder.api.openstack.wsgi [None req-c6aeec62-17b3-415a-9619-81893511994c 3cd194a68cc7400e93f73029694a2049 5396b09c6fb54d898b61792e88778afc - - default default] DELETE http://[LB_IP_ADDRESS]:8776/v3/5396b09c6fb54d898b61792e88778afc/qos-specs/ca870a31-c269-48d4-a85c-63ea8b0aec76?force=False
