2025-07-29 17:12:27.710 22 INFO cinder.api.openstack.wsgi [None req-d72f6155-3e08-41ee-a86b-4e6fdb0d16e4 76f011aaf9514caea95d0c33948af8d5 44dbbbfe986141d5bef4d59f6a50833a - - default default] http://[LB_IP_ADDRESS]:8776/v3/44dbbbfe986141d5bef4d59f6a50833a/qos-specs/ce341ab2-bcf8-452d-80ff-7c1c0fd7b9ea/associations returned with HTTP 200
2025-07-29 17:12:27.725 23 INFO cinder.api.openstack.wsgi [None req-5f3aff46-211c-4698-abeb-7dcf3225ee86 76f011aaf9514caea95d0c33948af8d5 44dbbbfe986141d5bef4d59f6a50833a - - default default] GET http://[LB_IP_ADDRESS]:8776/v3/44dbbbfe986141d5bef4d59f6a50833a/qos-specs/ce341ab2-bcf8-452d-80ff-7c1c0fd7b9ea/disassociate_all
2025-07-29 17:12:27.743 23 INFO cinder.api.openstack.wsgi [None req-5f3aff46-211c-4698-abeb-7dcf3225ee86 76f011aaf9514caea95d0c33948af8d5 44dbbbfe986141d5bef4d59f6a50833a - - default default] http://[LB_IP_ADDRESS]:8776/v3/44dbbbfe986141d5bef4d59f6a50833a/qos-specs/ce341ab2-bcf8-452d-80ff-7c1c0fd7b9ea/disassociate_all returned with HTTP 202
2025-07-29 17:12:27.755 24 INFO cinder.api.openstack.wsgi [None req-ab0f4753-8446-4ba2-92fa-e4b8a18bad28 76f011aaf9514caea95d0c33948af8d5 44dbbbfe986141d5bef4d59f6a50833a - - default default] GET http://[LB_IP_ADDRESS]:8776/v3/44dbbbfe986141d5bef4d59f6a50833a/qos-specs/ce341ab2-bcf8-452d-80ff-7c1c0fd7b9ea/associations
2025-07-29 17:12:27.771 24 INFO cinder.api.openstack.wsgi [None req-ab0f4753-8446-4ba2-92fa-e4b8a18bad28 76f011aaf9514caea95d0c33948af8d5 44dbbbfe986141d5bef4d59f6a50833a - - default default] http://[LB_IP_ADDRESS]:8776/v3/44dbbbfe986141d5bef4d59f6a50833a/qos-specs/ce341ab2-bcf8-452d-80ff-7c1c0fd7b9ea/associations returned with HTTP 200
2025-07-29 17:12:27.784 25 INFO cinder.api.openstack.wsgi [None req-cd658615-cf91-4a1c-a3be-acd8261389c6 76f011aaf9514caea95d0c33948af8d5 44dbbbfe986141d5bef4d59f6a50833a - - default default] DELETE http://[LB_IP_ADDRESS]:8776/v3/44dbbbfe986141d5bef4d59f6a50833a/types/90c55bca-f5e9-4bfc-9370-431b0941f6b1
2025-07-29 17:12:27.835 25 INFO cinder.api.openstack.wsgi [None req-cd658615-cf91-4a1c-a3be-acd8261389c6 76f011aaf9514caea95d0c33948af8d5 44dbbbfe986141d5bef4d59f6a50833a - - default default] http://[LB_IP_ADDRESS]:8776/v3/44dbbbfe986141d5bef4d59f6a50833a/types/90c55bca-f5e9-4bfc-9370-431b0941f6b1 returned with HTTP 202
2025-07-29 17:12:27.847 21 INFO cinder.api.openstack.wsgi [None req-fba5950d-770a-4271-b760-71b7933e6b79 76f011aaf9514caea95d0c33948af8d5 44dbbbfe986141d5bef4d59f6a50833a - - default default] GET http://[LB_IP_ADDRESS]:8776/v3/44dbbbfe986141d5bef4d59f6a50833a/types/90c55bca-f5e9-4bfc-9370-431b0941f6b1
2025-07-29 17:12:27.854 21 INFO cinder.api.openstack.wsgi [None req-fba5950d-770a-4271-b760-71b7933e6b79 76f011aaf9514caea95d0c33948af8d5 44dbbbfe986141d5bef4d59f6a50833a - - default default] http://[LB_IP_ADDRESS]:8776/v3/44dbbbfe986141d5bef4d59f6a50833a/types/90c55bca-f5e9-4bfc-9370-431b0941f6b1 returned with HTTP 404
2025-07-29 17:12:27.865 22 INFO cinder.api.openstack.wsgi [None req-59f09e03-1e99-468e-bb2f-aa2f83f1b219 76f011aaf9514caea95d0c33948af8d5 44dbbbfe986141d5bef4d59f6a50833a - - default default] DELETE http://[LB_IP_ADDRESS]:8776/v3/44dbbbfe986141d5bef4d59f6a50833a/types/3314038f-de5d-4078-89d6-4267490b9c3b
2025-07-29 17:12:27.914 22 INFO cinder.api.openstack.wsgi [None req-59f09e03-1e99-468e-bb2f-aa2f83f1b219 76f011aaf9514caea95d0c33948af8d5 44dbbbfe986141d5bef4d59f6a50833a - - default default] http://[LB_IP_ADDRESS]:8776/v3/44dbbbfe986141d5bef4d59f6a50833a/types/3314038f-de5d-4078-89d6-4267490b9c3b returned with HTTP 202
2025-07-29 17:12:27.926 23 INFO cinder.api.openstack.wsgi [None req-90fed269-4f97-4f2f-ae02-2e85abde7049 76f011aaf9514caea95d0c33948af8d5 44dbbbfe986141d5bef4d59f6a50833a - - default default] GET http://[LB_IP_ADDRESS]:8776/v3/44dbbbfe986141d5bef4d59f6a50833a/types/3314038f-de5d-4078-89d6-4267490b9c3b
2025-07-29 17:12:27.933 23 INFO cinder.api.openstack.wsgi [None req-90fed269-4f97-4f2f-ae02-2e85abde7049 76f011aaf9514caea95d0c33948af8d5 44dbbbfe986141d5bef4d59f6a50833a - - default default] http://[LB_IP_ADDRESS]:8776/v3/44dbbbfe986141d5bef4d59f6a50833a/types/3314038f-de5d-4078-89d6-4267490b9c3b returned with HTTP 404
2025-07-29 17:12:27.944 24 INFO cinder.api.openstack.wsgi [None req-9af87f1e-6422-453a-8bb3-486e0c633898 76f011aaf9514caea95d0c33948af8d5 44dbbbfe986141d5bef4d59f6a50833a - - default default] DELETE http://[LB_IP_ADDRESS]:8776/v3/44dbbbfe986141d5bef4d59f6a50833a/types/f938cc3a-f211-459b-9427-e7369ef26445
2025-07-29 17:12:27.994 24 INFO cinder.api.openstack.wsgi [None req-9af87f1e-6422-453a-8bb3-486e0c633898 76f011aaf9514caea95d0c33948af8d5 44dbbbfe986141d5bef4d59f6a50833a - - default default] http://[LB_IP_ADDRESS]:8776/v3/44dbbbfe986141d5bef4d59f6a50833a/types/f938cc3a-f211-459b-9427-e7369ef26445 returned with HTTP 202
2025-07-29 17:12:28.006 25 INFO cinder.api.openstack.wsgi [None req-728d3fca-f37b-4024-9c92-64e04e255354 76f011aaf9514caea95d0c33948af8d5 44dbbbfe986141d5bef4d59f6a50833a - - default default] GET http://[LB_IP_ADDRESS]:8776/v3/44dbbbfe986141d5bef4d59f6a50833a/types/f938cc3a-f211-459b-9427-e7369ef26445
2025-07-29 17:12:28.012 25 INFO cinder.api.openstack.wsgi [None req-728d3fca-f37b-4024-9c92-64e04e255354 76f011aaf9514caea95d0c33948af8d5 44dbbbfe986141d5bef4d59f6a50833a - - default default] http://[LB_IP_ADDRESS]:8776/v3/44dbbbfe986141d5bef4d59f6a50833a/types/f938cc3a-f211-459b-9427-e7369ef26445 returned with HTTP 404
2025-07-29 17:12:28.026 21 INFO cinder.api.openstack.wsgi [None req-7ef666f8-e71c-458c-b770-59ee2f36766c 76f011aaf9514caea95d0c33948af8d5 44dbbbfe986141d5bef4d59f6a50833a - - default default] POST http://[LB_IP_ADDRESS]:8776/v3/44dbbbfe986141d5bef4d59f6a50833a/qos-specs
2025-07-29 17:12:28.045 21 INFO cinder.api.openstack.wsgi [None req-7ef666f8-e71c-458c-b770-59ee2f36766c 76f011aaf9514caea95d0c33948af8d5 44dbbbfe986141d5bef4d59f6a50833a - - default default] http://[LB_IP_ADDRESS]:8776/v3/44dbbbfe986141d5bef4d59f6a50833a/qos-specs returned with HTTP 200
2025-07-29 17:12:28.061 22 INFO cinder.api.openstack.wsgi [None req-0aad3033-b580-4bfd-a4a5-7da1238fd2e0 76f011aaf9514caea95d0c33948af8d5 44dbbbfe986141d5bef4d59f6a50833a - - default default] DELETE http://[LB_IP_ADDRESS]:8776/v3/44dbbbfe986141d5bef4d59f6a50833a/qos-specs/05b8867b-22fa-42c4-93f4-835f4bd29f97?force=False
2025-07-29 17:12:28.090 22 INFO cinder.api.openstack.wsgi [None req-0aad3033-b580-4bfd-a4a5-7da1238fd2e0 76f011aaf9514caea95d0c33948af8d5 44dbbbfe986141d5bef4d59f6a50833a - - default default] http://[LB_IP_ADDRESS]:8776/v3/44dbbbfe986141d5bef4d59f6a50833a/qos-specs/05b8867b-22fa-42c4-93f4-835f4bd29f97?force=False returned with HTTP 202
2025-07-29 17:12:28.102 23 INFO cinder.api.openstack.wsgi [None req-f2005705-ec0a-4c2f-991a-54ee5f06ca1c 76f011aaf9514caea95d0c33948af8d5 44dbbbfe986141d5bef4d59f6a50833a - - default default] GET http://[LB_IP_ADDRESS]:8776/v3/44dbbbfe986141d5bef4d59f6a50833a/qos-specs/05b8867b-22fa-42c4-93f4-835f4bd29f97
2025-07-29 17:12:28.109 23 INFO cinder.api.openstack.wsgi [None req-f2005705-ec0a-4c2f-991a-54ee5f06ca1c 76f011aaf9514caea95d0c33948af8d5 44dbbbfe986141d5bef4d59f6a50833a - - default default] http://[LB_IP_ADDRESS]:8776/v3/44dbbbfe986141d5bef4d59f6a50833a/qos-specs/05b8867b-22fa-42c4-93f4-835f4bd29f97 returned with HTTP 404
2025-07-29 17:12:28.121 24 INFO cinder.api.openstack.wsgi [None req-aa83c4b2-3327-44a4-8de2-c3ace29ddfcf 76f011aaf9514caea95d0c33948af8d5 44dbbbfe986141d5bef4d59f6a50833a - - default default] GET http://[LB_IP_ADDRESS]:8776/v3/44dbbbfe986141d5bef4d59f6a50833a/qos-specs
2025-07-29 17:12:28.132 24 INFO cinder.api.openstack.wsgi [None req-aa83c4b2-3327-44a4-8de2-c3ace29ddfcf 76f011aaf9514caea95d0c33948af8d5 44dbbbfe986141d5bef4d59f6a50833a - - default default] http://[LB_IP_ADDRESS]:8776/v3/44dbbbfe986141d5bef4d59f6a50833a/qos-specs returned with HTTP 200
2025-07-29 17:12:28.147 25 INFO cinder.api.openstack.wsgi [None req-6b33b95a-4085-482d-9bf2-defe6835bc4c 76f011aaf9514caea95d0c33948af8d5 44dbbbfe986141d5bef4d59f6a50833a - - default default] DELETE http://[LB_IP_ADDRESS]:8776/v3/44dbbbfe986141d5bef4d59f6a50833a/qos-specs/05b8867b-22fa-42c4-93f4-835f4bd29f97?force=False
2025-07-29 17:12:28.156 25 INFO cinder.api.openstack.wsgi [None req-6b33b95a-4085-482d-9bf2-defe6835bc4c 76f011aaf9514caea95d0c33948af8d5 44dbbbfe986141d5bef4d59f6a50833a - - default default] http://[LB_IP_ADDRESS]:8776/v3/44dbbbfe986141d5bef4d59f6a50833a/qos-specs/05b8867b-22fa-42c4-93f4-835f4bd29f97?force=False returned with HTTP 404
2025-07-29 17:12:28.169 21 INFO cinder.api.openstack.wsgi [None req-ba346211-b6e8-49a2-95eb-0596c94beab1 76f011aaf9514caea95d0c33948af8d5 44dbbbfe986141d5bef4d59f6a50833a - - default default] GET http://[LB_IP_ADDRESS]:8776/v3/44dbbbfe986141d5bef4d59f6a50833a/qos-specs/05b8867b-22fa-42c4-93f4-835f4bd29f97
2025-07-29 17:12:28.176 21 INFO cinder.api.openstack.wsgi [None req-ba346211-b6e8-49a2-95eb-0596c94beab1 76f011aaf9514caea95d0c33948af8d5 44dbbbfe986141d5bef4d59f6a50833a - - default default] http://[LB_IP_ADDRESS]:8776/v3/44dbbbfe986141d5bef4d59f6a50833a/qos-specs/05b8867b-22fa-42c4-93f4-835f4bd29f97 returned with HTTP 404
2025-07-29 17:12:28.191 22 INFO cinder.api.openstack.wsgi [None req-d10c6284-4008-4880-a7ce-59b5f4c5f184 76f011aaf9514caea95d0c33948af8d5 44dbbbfe986141d5bef4d59f6a50833a - - default default] POST http://[LB_IP_ADDRESS]:8776/v3/44dbbbfe986141d5bef4d59f6a50833a/qos-specs
2025-07-29 17:12:28.207 22 INFO cinder.api.openstack.wsgi [None req-d10c6284-4008-4880-a7ce-59b5f4c5f184 76f011aaf9514caea95d0c33948af8d5 44dbbbfe986141d5bef4d59f6a50833a - - default default] http://[LB_IP_ADDRESS]:8776/v3/44dbbbfe986141d5bef4d59f6a50833a/qos-specs returned with HTTP 200
2025-07-29 17:12:28.222 23 INFO cinder.api.openstack.wsgi [None req-7720f774-9f1f-4f58-b43d-47685ba93a56 76f011aaf9514caea95d0c33948af8d5 44dbbbfe986141d5bef4d59f6a50833a - - default default] DELETE http://[LB_IP_ADDRESS]:8776/v3/44dbbbfe986141d5bef4d59f6a50833a/qos-specs/377e5666-adc6-42b7-9b16-1a7e3207527d?force=False
2025-07-29 17:12:28.251 23 INFO cinder.api.openstack.wsgi [None req-7720f774-9f1f-4f58-b43d-47685ba93a56 76f011aaf9514caea95d0c33948af8d5 44dbbbfe986141d5bef4d59f6a50833a - - default default] http://[LB_IP_ADDRESS]:8776/v3/44dbbbfe986141d5bef4d59f6a50833a/qos-specs/377e5666-adc6-42b7-9b16-1a7e3207527d?force=False returned with HTTP 202
2025-07-29 17:12:28.263 24 INFO cinder.api.openstack.wsgi [None req-31abcd9e-f1ac-4b2f-bfdf-736f16313963 76f011aaf9514caea95d0c33948af8d5 44dbbbfe986141d5bef4d59f6a50833a - - default default] GET http://[LB_IP_ADDRESS]:8776/v3/44dbbbfe986141d5bef4d59f6a50833a/qos-specs/377e5666-adc6-42b7-9b16-1a7e3207527d
2025-07-29 17:12:28.269 24 INFO cinder.api.openstack.wsgi [None req-31abcd9e-f1ac-4b2f-bfdf-736f16313963 76f011aaf9514caea95d0c33948af8d5 44dbbbfe986141d5bef4d59f6a50833a - - default default] http://[LB_IP_ADDRESS]:8776/v3/44dbbbfe986141d5bef4d59f6a50833a/qos-specs/377e5666-adc6-42b7-9b16-1a7e3207527d returned with HTTP 404
2025-07-29 17:12:28.281 25 INFO cinder.api.openstack.wsgi [None req-c7a57bcf-9330-46c8-bd0b-7aa1d5b997c2 76f011aaf9514caea95d0c33948af8d5 44dbbbfe986141d5bef4d59f6a50833a - - default default] GET http://[LB_IP_ADDRESS]:8776/v3/44dbbbfe986141d5bef4d59f6a50833a/qos-specs
2025-07-29 17:12:28.292 25 INFO cinder.api.openstack.wsgi [None req-c7a57bcf-9330-46c8-bd0b-7aa1d5b997c2 76f011aaf9514caea95d0c33948af8d5 44dbbbfe986141d5bef4d59f6a50833a - - default default] http://[LB_IP_ADDRESS]:8776/v3/44dbbbfe986141d5bef4d59f6a50833a/qos-specs returned with HTTP 200
2025-07-29 17:12:28.308 21 INFO cinder.api.openstack.wsgi [None req-e3977d98-1db5-43c8-bfbf-efeb6a8a27b7 76f011aaf9514caea95d0c33948af8d5 44dbbbfe986141d5bef4d59f6a50833a - - default default] DELETE http://[LB_IP_ADDRESS]:8776/v3/44dbbbfe986141d5bef4d59f6a50833a/qos-specs/377e5666-adc6-42b7-9b16-1a7e3207527d?force=False
2025-07-29 17:12:28.310 22 INFO cinder.api.openstack.wsgi [None req-85ba315e-bd00-405d-8f51-e2e9eaa2dd77 37088a026ab747a4adaefc6b49c41ada 6ce72c149cd244f6860789573f794c5e - - default default] GET http://[LB_IP_ADDRESS]:8776/v3/6ce72c149cd244f6860789573f794c5e/group_snapshots/4cb6e756-b2f7-43d8-8134-0ee3ad83e9ee
2025-07-29 17:12:28.316 21 INFO cinder.api.openstack.wsgi [None req-e3977d98-1db5-43c8-bfbf-efeb6a8a27b7 76f011aaf9514caea95d0c33948af8d5 44dbbbfe986141d5bef4d59f6a50833a - - default default] http://[LB_IP_ADDRESS]:8776/v3/44dbbbfe986141d5bef4d59f6a50833a/qos-specs/377e5666-adc6-42b7-9b16-1a7e3207527d?force=False returned with HTTP 404
2025-07-29 17:12:28.322 22 INFO cinder.api.openstack.wsgi [None req-85ba315e-bd00-405d-8f51-e2e9eaa2dd77 37088a026ab747a4adaefc6b49c41ada 6ce72c149cd244f6860789573f794c5e - - default default] http://[LB_IP_ADDRESS]:8776/v3/6ce72c149cd244f6860789573f794c5e/group_snapshots/4cb6e756-b2f7-43d8-8134-0ee3ad83e9ee returned with HTTP 200
2025-07-29 17:12:28.329 23 INFO cinder.api.openstack.wsgi [None req-2d8a75b6-b44f-4772-adf5-5c5cd04b1eaa 76f011aaf9514caea95d0c33948af8d5 44dbbbfe986141d5bef4d59f6a50833a - - default default] GET http://[LB_IP_ADDRESS]:8776/v3/44dbbbfe986141d5bef4d59f6a50833a/qos-specs/377e5666-adc6-42b7-9b16-1a7e3207527d
2025-07-29 17:12:28.335 24 INFO cinder.api.openstack.wsgi [None req-489ff44e-a0cf-487f-8861-fec2881f20ea 37088a026ab747a4adaefc6b49c41ada 6ce72c149cd244f6860789573f794c5e - - default default] GET http://[LB_IP_ADDRESS]:8776/v3/6ce72c149cd244f6860789573f794c5e/snapshots/detail
2025-07-29 17:12:28.337 23 INFO cinder.api.openstack.wsgi [None req-2d8a75b6-b44f-4772-adf5-5c5cd04b1eaa 76f011aaf9514caea95d0c33948af8d5 44dbbbfe986141d5bef4d59f6a50833a - - default default] http://[LB_IP_ADDRESS]:8776/v3/44dbbbfe986141d5bef4d59f6a50833a/qos-specs/377e5666-adc6-42b7-9b16-1a7e3207527d returned with HTTP 404
2025-07-29 17:12:28.344 24 INFO cinder.volume.api [None req-489ff44e-a0cf-487f-8861-fec2881f20ea 37088a026ab747a4adaefc6b49c41ada 6ce72c149cd244f6860789573f794c5e - - default default] Get all snapshots completed successfully.
2025-07-29 17:12:28.346 24 INFO cinder.api.openstack.wsgi [None req-489ff44e-a0cf-487f-8861-fec2881f20ea 37088a026ab747a4adaefc6b49c41ada 6ce72c149cd244f6860789573f794c5e - - default default] http://[LB_IP_ADDRESS]:8776/v3/6ce72c149cd244f6860789573f794c5e/snapshots/detail returned with HTTP 200
2025-07-29 17:12:28.351 25 INFO cinder.api.openstack.wsgi [None req-a5d61d57-46b5-4a9e-88fd-faae14ab3fd5 76f011aaf9514caea95d0c33948af8d5 44dbbbfe986141d5bef4d59f6a50833a - - default default] POST http://[LB_IP_ADDRESS]:8776/v3/44dbbbfe986141d5bef4d59f6a50833a/qos-specs
2025-07-29 17:12:28.363 21 INFO cinder.api.openstack.wsgi [None req-bfc2d282-50e2-423c-b7aa-d9dac070350e 37088a026ab747a4adaefc6b49c41ada 6ce72c149cd244f6860789573f794c5e - - default default] GET http://[LB_IP_ADDRESS]:8776/v3/6ce72c149cd244f6860789573f794c5e/snapshots/dd7fee30-c860-4778-9003-6a050f7ca1dd
2025-07-29 17:12:28.368 25 INFO cinder.api.openstack.wsgi [None req-a5d61d57-46b5-4a9e-88fd-faae14ab3fd5 76f011aaf9514caea95d0c33948af8d5 44dbbbfe986141d5bef4d59f6a50833a - - default default] http://[LB_IP_ADDRESS]:8776/v3/44dbbbfe986141d5bef4d59f6a50833a/qos-specs returned with HTTP 200
2025-07-29 17:12:28.376 21 INFO cinder.volume.api [None req-bfc2d282-50e2-423c-b7aa-d9dac070350e 37088a026ab747a4adaefc6b49c41ada 6ce72c149cd244f6860789573f794c5e - - default default] Snapshot retrieved successfully.
2025-07-29 17:12:28.378 21 INFO cinder.api.openstack.wsgi [None req-bfc2d282-50e2-423c-b7aa-d9dac070350e 37088a026ab747a4adaefc6b49c41ada 6ce72c149cd244f6860789573f794c5e - - default default] http://[LB_IP_ADDRESS]:8776/v3/6ce72c149cd244f6860789573f794c5e/snapshots/dd7fee30-c860-4778-9003-6a050f7ca1dd returned with HTTP 200
2025-07-29 17:12:28.383 22 INFO cinder.api.openstack.wsgi [None req-0a678a82-7ae8-4655-a6a1-7982f9fceca4 76f011aaf9514caea95d0c33948af8d5 44dbbbfe986141d5bef4d59f6a50833a - - default default] DELETE http://[LB_IP_ADDRESS]:8776/v3/44dbbbfe986141d5bef4d59f6a50833a/qos-specs/a907e329-061f-4f65-96ee-55e0247b831b?force=False
2025-07-29 17:12:28.394 23 INFO cinder.api.openstack.wsgi [None req-cdd2d0f2-8638-4ab2-8131-0090a27342ba 37088a026ab747a4adaefc6b49c41ada 6ce72c149cd244f6860789573f794c5e - - default default] GET http://[LB_IP_ADDRESS]:8776/v3/6ce72c149cd244f6860789573f794c5e/snapshots/1dfcdbda-7a24-4c55-98eb-37580458bf19
2025-07-29 17:12:28.406 23 INFO cinder.volume.api [None req-cdd2d0f2-8638-4ab2-8131-0090a27342ba 37088a026ab747a4adaefc6b49c41ada 6ce72c149cd244f6860789573f794c5e - - default default] Snapshot retrieved successfully.
2025-07-29 17:12:28.408 23 INFO cinder.api.openstack.wsgi [None req-cdd2d0f2-8638-4ab2-8131-0090a27342ba 37088a026ab747a4adaefc6b49c41ada 6ce72c149cd244f6860789573f794c5e - - default default] http://[LB_IP_ADDRESS]:8776/v3/6ce72c149cd244f6860789573f794c5e/snapshots/1dfcdbda-7a24-4c55-98eb-37580458bf19 returned with HTTP 200
2025-07-29 17:12:28.411 22 INFO cinder.api.openstack.wsgi [None req-0a678a82-7ae8-4655-a6a1-7982f9fceca4 76f011aaf9514caea95d0c33948af8d5 44dbbbfe986141d5bef4d59f6a50833a - - default default] http://[LB_IP_ADDRESS]:8776/v3/44dbbbfe986141d5bef4d59f6a50833a/qos-specs/a907e329-061f-4f65-96ee-55e0247b831b?force=False returned with HTTP 202
2025-07-29 17:12:28.423 24 INFO cinder.api.openstack.wsgi [None req-91a59e01-5be4-4178-a298-07fa82dd2f75 76f011aaf9514caea95d0c33948af8d5 44dbbbfe986141d5bef4d59f6a50833a - - default default] GET http://[LB_IP_ADDRESS]:8776/v3/44dbbbfe986141d5bef4d59f6a50833a/qos-specs/a907e329-061f-4f65-96ee-55e0247b831b
2025-07-29 17:12:28.424 25 INFO cinder.api.openstack.wsgi [None req-dcc91f8a-531e-420b-b29b-d2a6d82f2668 37088a026ab747a4adaefc6b49c41ada 6ce72c149cd244f6860789573f794c5e - - default default] DELETE http://[LB_IP_ADDRESS]:8776/v3/6ce72c149cd244f6860789573f794c5e/group_snapshots/4cb6e756-b2f7-43d8-8134-0ee3ad83e9ee
2025-07-29 17:12:28.425 25 INFO cinder.api.v3.group_snapshots [None req-dcc91f8a-531e-420b-b29b-d2a6d82f2668 37088a026ab747a4adaefc6b49c41ada 6ce72c149cd244f6860789573f794c5e - - default default] Delete group_snapshot with id: 4cb6e756-b2f7-43d8-8134-0ee3ad83e9ee
2025-07-29 17:12:28.429 24 INFO cinder.api.openstack.wsgi [None req-91a59e01-5be4-4178-a298-07fa82dd2f75 76f011aaf9514caea95d0c33948af8d5 44dbbbfe986141d5bef4d59f6a50833a - - default default] http://[LB_IP_ADDRESS]:8776/v3/44dbbbfe986141d5bef4d59f6a50833a/qos-specs/a907e329-061f-4f65-96ee-55e0247b831b returned with HTTP 404
2025-07-29 17:12:28.441 21 INFO cinder.api.openstack.wsgi [None req-82ebac75-c6cd-46f4-8aff-248625c53cfe 76f011aaf9514caea95d0c33948af8d5 44dbbbfe986141d5bef4d59f6a50833a - - default default] GET http://[LB_IP_ADDRESS]:8776/v3/44dbbbfe986141d5bef4d59f6a50833a/qos-specs
2025-07-29 17:12:28.451 21 INFO cinder.api.openstack.wsgi [None req-82ebac75-c6cd-46f4-8aff-248625c53cfe 76f011aaf9514caea95d0c33948af8d5 44dbbbfe986141d5bef4d59f6a50833a - - default default] http://[LB_IP_ADDRESS]:8776/v3/44dbbbfe986141d5bef4d59f6a50833a/qos-specs returned with HTTP 200
2025-07-29 17:12:28.466 23 INFO cinder.api.openstack.wsgi [None req-e737d9fc-51c9-41f4-91ed-161efcafb72d 76f011aaf9514caea95d0c33948af8d5 44dbbbfe986141d5bef4d59f6a50833a - - default default] DELETE http://[LB_IP_ADDRESS]:8776/v3/44dbbbfe986141d5bef4d59f6a50833a/qos-specs/a907e329-061f-4f65-96ee-55e0247b831b?force=False
2025-07-29 17:12:28.474 23 INFO cinder.api.openstack.wsgi [None req-e737d9fc-51c9-41f4-91ed-161efcafb72d 76f011aaf9514caea95d0c33948af8d5 44dbbbfe986141d5bef4d59f6a50833a - - default default] http://[LB_IP_ADDRESS]:8776/v3/44dbbbfe986141d5bef4d59f6a50833a/qos-specs/a907e329-061f-4f65-96ee-55e0247b831b?force=False returned with HTTP 404
2025-07-29 17:12:28.484 25 INFO cinder.api.openstack.wsgi [None req-dcc91f8a-531e-420b-b29b-d2a6d82f2668 37088a026ab747a4adaefc6b49c41ada 6ce72c149cd244f6860789573f794c5e - - default default] http://[LB_IP_ADDRESS]:8776/v3/6ce72c149cd244f6860789573f794c5e/group_snapshots/4cb6e756-b2f7-43d8-8134-0ee3ad83e9ee returned with HTTP 202
2025-07-29 17:12:28.487 22 INFO cinder.api.openstack.wsgi [None req-e533b43b-d8ba-4d1e-8ff6-26212d208a8e 76f011aaf9514caea95d0c33948af8d5 44dbbbfe986141d5bef4d59f6a50833a - - default default] GET http://[LB_IP_ADDRESS]:8776/v3/44dbbbfe986141d5bef4d59f6a50833a/qos-specs/a907e329-061f-4f65-96ee-55e0247b831b
2025-07-29 17:12:28.494 24 INFO cinder.api.openstack.wsgi [None req-88dcf13a-45e2-400f-b94a-605d34aec9c3 37088a026ab747a4adaefc6b49c41ada 6ce72c149cd244f6860789573f794c5e - - default default] GET http://[LB_IP_ADDRESS]:8776/v3/6ce72c149cd244f6860789573f794c5e/volumes/detail
2025-07-29 17:12:28.510 22 INFO cinder.api.openstack.wsgi [None req-e533b43b-d8ba-4d1e-8ff6-26212d208a8e 76f011aaf9514caea95d0c33948af8d5 44dbbbfe986141d5bef4d59f6a50833a - - default default] http://[LB_IP_ADDRESS]:8776/v3/44dbbbfe986141d5bef4d59f6a50833a/qos-specs/a907e329-061f-4f65-96ee-55e0247b831b returned with HTTP 404
2025-07-29 17:12:28.515 24 INFO cinder.volume.api [None req-88dcf13a-45e2-400f-b94a-605d34aec9c3 37088a026ab747a4adaefc6b49c41ada 6ce72c149cd244f6860789573f794c5e - - default default] Get all volumes completed successfully.
2025-07-29 17:12:28.524 21 INFO cinder.api.openstack.wsgi [None req-aad99e97-4235-4025-b2ab-c2ff943c2980 76f011aaf9514caea95d0c33948af8d5 44dbbbfe986141d5bef4d59f6a50833a - - default default] GET http://[LB_IP_ADDRESS]:8776/v3/44dbbbfe986141d5bef4d59f6a50833a/qos-specs/ce341ab2-bcf8-452d-80ff-7c1c0fd7b9ea
2025-07-29 17:12:28.531 21 INFO cinder.api.openstack.wsgi [None req-aad99e97-4235-4025-b2ab-c2ff943c2980 76f011aaf9514caea95d0c33948af8d5 44dbbbfe986141d5bef4d59f6a50833a - - default default] http://[LB_IP_ADDRESS]:8776/v3/44dbbbfe986141d5bef4d59f6a50833a/qos-specs/ce341ab2-bcf8-452d-80ff-7c1c0fd7b9ea returned with HTTP 200
2025-07-29 17:12:28.547 23 INFO cinder.api.openstack.wsgi [None req-1ec93216-5551-4bfa-b227-0add5bbd5e56 76f011aaf9514caea95d0c33948af8d5 44dbbbfe986141d5bef4d59f6a50833a - - default default] GET http://[LB_IP_ADDRESS]:8776/v3/44dbbbfe986141d5bef4d59f6a50833a/qos-specs
2025-07-29 17:12:28.557 23 INFO cinder.api.openstack.wsgi [None req-1ec93216-5551-4bfa-b227-0add5bbd5e56 76f011aaf9514caea95d0c33948af8d5 44dbbbfe986141d5bef4d59f6a50833a - - default default] http://[LB_IP_ADDRESS]:8776/v3/44dbbbfe986141d5bef4d59f6a50833a/qos-specs returned with HTTP 200
2025-07-29 17:12:28.560 24 INFO cinder.api.openstack.wsgi [None req-88dcf13a-45e2-400f-b94a-605d34aec9c3 37088a026ab747a4adaefc6b49c41ada 6ce72c149cd244f6860789573f794c5e - - default default] http://[LB_IP_ADDRESS]:8776/v3/6ce72c149cd244f6860789573f794c5e/volumes/detail returned with HTTP 200
2025-07-29 17:12:28.571 25 INFO cinder.api.openstack.wsgi [None req-fe1f1b4b-5018-45e9-bee2-9420adb2ac4d 76f011aaf9514caea95d0c33948af8d5 44dbbbfe986141d5bef4d59f6a50833a - - default default] PUT http://[LB_IP_ADDRESS]:8776/v3/44dbbbfe986141d5bef4d59f6a50833a/qos-specs/ce341ab2-bcf8-452d-80ff-7c1c0fd7b9ea
2025-07-29 17:12:28.592 25 INFO cinder.api.openstack.wsgi [None req-fe1f1b4b-5018-45e9-bee2-9420adb2ac4d 76f011aaf9514caea95d0c33948af8d5 44dbbbfe986141d5bef4d59f6a50833a - - default default] http://[LB_IP_ADDRESS]:8776/v3/44dbbbfe986141d5bef4d59f6a50833a/qos-specs/ce341ab2-bcf8-452d-80ff-7c1c0fd7b9ea returned with HTTP 200
2025-07-29 17:12:28.594 22 INFO cinder.api.openstack.wsgi [None req-d5de783d-3569-4626-8ab5-e88cd0ce6f97 37088a026ab747a4adaefc6b49c41ada 6ce72c149cd244f6860789573f794c5e - - default default] GET http://[LB_IP_ADDRESS]:8776/v3/6ce72c149cd244f6860789573f794c5e/snapshots/detail
2025-07-29 17:12:28.604 21 INFO cinder.api.openstack.wsgi [None req-25967534-97db-4aa6-8b06-135477af1456 76f011aaf9514caea95d0c33948af8d5 44dbbbfe986141d5bef4d59f6a50833a - - default default] GET http://[LB_IP_ADDRESS]:8776/v3/44dbbbfe986141d5bef4d59f6a50833a/qos-specs/ce341ab2-bcf8-452d-80ff-7c1c0fd7b9ea
2025-07-29 17:12:28.608 22 INFO cinder.volume.api [None req-d5de783d-3569-4626-8ab5-e88cd0ce6f97 37088a026ab747a4adaefc6b49c41ada 6ce72c149cd244f6860789573f794c5e - - default default] Get all snapshots completed successfully.
2025-07-29 17:12:28.610 22 INFO cinder.api.openstack.wsgi [None req-d5de783d-3569-4626-8ab5-e88cd0ce6f97 37088a026ab747a4adaefc6b49c41ada 6ce72c149cd244f6860789573f794c5e - - default default] http://[LB_IP_ADDRESS]:8776/v3/6ce72c149cd244f6860789573f794c5e/snapshots/detail returned with HTTP 200
2025-07-29 17:12:28.612 21 INFO cinder.api.openstack.wsgi [None req-25967534-97db-4aa6-8b06-135477af1456 76f011aaf9514caea95d0c33948af8d5 44dbbbfe986141d5bef4d59f6a50833a - - default default] http://[LB_IP_ADDRESS]:8776/v3/44dbbbfe986141d5bef4d59f6a50833a/qos-specs/ce341ab2-bcf8-452d-80ff-7c1c0fd7b9ea returned with HTTP 200
2025-07-29 17:12:28.626 24 INFO cinder.api.openstack.wsgi [None req-04127e9d-61f9-40ec-a884-b63c694449bf 37088a026ab747a4adaefc6b49c41ada 6ce72c149cd244f6860789573f794c5e - - default default] GET http://[LB_IP_ADDRESS]:8776/v3/6ce72c149cd244f6860789573f794c5e/snapshots/dd7fee30-c860-4778-9003-6a050f7ca1dd
2025-07-29 17:12:28.628 23 INFO cinder.api.openstack.wsgi [None req-c294e3dd-32ab-46e1-875e-0b8628d520a7 76f011aaf9514caea95d0c33948af8d5 44dbbbfe986141d5bef4d59f6a50833a - - default default] PUT http://[LB_IP_ADDRESS]:8776/v3/44dbbbfe986141d5bef4d59f6a50833a/qos-specs/ce341ab2-bcf8-452d-80ff-7c1c0fd7b9ea/delete_keys
2025-07-29 17:12:28.636 24 INFO cinder.volume.api [None req-04127e9d-61f9-40ec-a884-b63c694449bf 37088a026ab747a4adaefc6b49c41ada 6ce72c149cd244f6860789573f794c5e - - default default] Snapshot retrieved successfully.
2025-07-29 17:12:28.638 24 INFO cinder.api.openstack.wsgi [None req-04127e9d-61f9-40ec-a884-b63c694449bf 37088a026ab747a4adaefc6b49c41ada 6ce72c149cd244f6860789573f794c5e - - default default] http://[LB_IP_ADDRESS]:8776/v3/6ce72c149cd244f6860789573f794c5e/snapshots/dd7fee30-c860-4778-9003-6a050f7ca1dd returned with HTTP 200
2025-07-29 17:12:28.654 23 INFO cinder.api.openstack.wsgi [None req-c294e3dd-32ab-46e1-875e-0b8628d520a7 76f011aaf9514caea95d0c33948af8d5 44dbbbfe986141d5bef4d59f6a50833a - - default default] http://[LB_IP_ADDRESS]:8776/v3/44dbbbfe986141d5bef4d59f6a50833a/qos-specs/ce341ab2-bcf8-452d-80ff-7c1c0fd7b9ea/delete_keys returned with HTTP 202
2025-07-29 17:12:28.666 25 INFO cinder.api.openstack.wsgi [None req-b2b3f5d2-c486-4709-a9b1-22cb4633fd1b 76f011aaf9514caea95d0c33948af8d5 44dbbbfe986141d5bef4d59f6a50833a - - default default] GET http://[LB_IP_ADDRESS]:8776/v3/44dbbbfe986141d5bef4d59f6a50833a/qos-specs/ce341ab2-bcf8-452d-80ff-7c1c0fd7b9ea
2025-07-29 17:12:28.675 25 INFO cinder.api.openstack.wsgi [None req-b2b3f5d2-c486-4709-a9b1-22cb4633fd1b 76f011aaf9514caea95d0c33948af8d5 44dbbbfe986141d5bef4d59f6a50833a - - default default] http://[LB_IP_ADDRESS]:8776/v3/44dbbbfe986141d5bef4d59f6a50833a/qos-specs/ce341ab2-bcf8-452d-80ff-7c1c0fd7b9ea returned with HTTP 200
2025-07-29 17:12:28.691 22 INFO cinder.api.openstack.wsgi [None req-dc7eb7ec-898a-4326-9238-cf24df967d8c 76f011aaf9514caea95d0c33948af8d5 44dbbbfe986141d5bef4d59f6a50833a - - default default] GET http://[LB_IP_ADDRESS]:8776/v3/44dbbbfe986141d5bef4d59f6a50833a/qos-specs/ce341ab2-bcf8-452d-80ff-7c1c0fd7b9ea
2025-07-29 17:12:28.699 22 INFO cinder.api.openstack.wsgi [None req-dc7eb7ec-898a-4326-9238-cf24df967d8c 76f011aaf9514caea95d0c33948af8d5 44dbbbfe986141d5bef4d59f6a50833a - - default default] http://[LB_IP_ADDRESS]:8776/v3/44dbbbfe986141d5bef4d59f6a50833a/qos-specs/ce341ab2-bcf8-452d-80ff-7c1c0fd7b9ea returned with HTTP 200
2025-07-29 17:12:28.714 21 INFO cinder.api.openstack.wsgi [None req-4f64e1cf-0ea1-427e-937e-6e4ccb62098d 76f011aaf9514caea95d0c33948af8d5 44dbbbfe986141d5bef4d59f6a50833a - - default default] DELETE http://[LB_IP_ADDRESS]:8776/v3/44dbbbfe986141d5bef4d59f6a50833a/qos-specs/ce341ab2-bcf8-452d-80ff-7c1c0fd7b9ea?force=False
2025-07-29 17:12:28.750 21 INFO cinder.api.openstack.wsgi [None req-4f64e1cf-0ea1-427e-937e-6e4ccb62098d 76f011aaf9514caea95d0c33948af8d5 44dbbbfe986141d5bef4d59f6a50833a - - default default] http://[LB_IP_ADDRESS]:8776/v3/44dbbbfe986141d5bef4d59f6a50833a/qos-specs/ce341ab2-bcf8-452d-80ff-7c1c0fd7b9ea?force=False returned with HTTP 202
2025-07-29 17:12:28.763 24 INFO cinder.api.openstack.wsgi [None req-b97be5bc-5694-4dba-bf69-2e9cd3413129 76f011aaf9514caea95d0c33948af8d5 44dbbbfe986141d5bef4d59f6a50833a - - default default] GET http://[LB_IP_ADDRESS]:8776/v3/44dbbbfe986141d5bef4d59f6a50833a/qos-specs/ce341ab2-bcf8-452d-80ff-7c1c0fd7b9ea
2025-07-29 17:12:28.771 24 INFO cinder.api.openstack.wsgi [None req-b97be5bc-5694-4dba-bf69-2e9cd3413129 76f011aaf9514caea95d0c33948af8d5 44dbbbfe986141d5bef4d59f6a50833a - - default default] http://[LB_IP_ADDRESS]:8776/v3/44dbbbfe986141d5bef4d59f6a50833a/qos-specs/ce341ab2-bcf8-452d-80ff-7c1c0fd7b9ea returned with HTTP 404
2025-07-29 17:12:29.653 23 INFO cinder.api.openstack.wsgi [None req-92bda0aa-4451-4155-a2af-a200282c1bcd 37088a026ab747a4adaefc6b49c41ada 6ce72c149cd244f6860789573f794c5e - - default default] GET http://[LB_IP_ADDRESS]:8776/v3/6ce72c149cd244f6860789573f794c5e/snapshots/dd7fee30-c860-4778-9003-6a050f7ca1dd
2025-07-29 17:12:29.663 23 INFO cinder.api.openstack.wsgi [None req-92bda0aa-4451-4155-a2af-a200282c1bcd 37088a026ab747a4adaefc6b49c41ada 6ce72c149cd244f6860789573f794c5e - - default default] http://[LB_IP_ADDRESS]:8776/v3/6ce72c149cd244f6860789573f794c5e/snapshots/dd7fee30-c860-4778-9003-6a050f7ca1dd returned with HTTP 404
2025-07-29 17:12:29.675 25 INFO cinder.api.openstack.wsgi [None req-64ab55b7-0d72-4305-9839-c92552e56e85 37088a026ab747a4adaefc6b49c41ada 6ce72c149cd244f6860789573f794c5e - - default default] GET http://[LB_IP_ADDRESS]:8776/v3/6ce72c149cd244f6860789573f794c5e/snapshots/1dfcdbda-7a24-4c55-98eb-37580458bf19
2025-07-29 17:12:29.684 25 INFO cinder.api.openstack.wsgi [None req-64ab55b7-0d72-4305-9839-c92552e56e85 37088a026ab747a4adaefc6b49c41ada 6ce72c149cd244f6860789573f794c5e - - default default] http://[LB_IP_ADDRESS]:8776/v3/6ce72c149cd244f6860789573f794c5e/snapshots/1dfcdbda-7a24-4c55-98eb-37580458bf19 returned with HTTP 404
2025-07-29 17:12:29.695 22 INFO cinder.api.openstack.wsgi [None req-546adcae-75b9-4db9-938d-42fae02459f6 37088a026ab747a4adaefc6b49c41ada 6ce72c149cd244f6860789573f794c5e - - default default] GET http://[LB_IP_ADDRESS]:8776/v3/6ce72c149cd244f6860789573f794c5e/group_snapshots/4cb6e756-b2f7-43d8-8134-0ee3ad83e9ee
2025-07-29 17:12:29.701 22 INFO cinder.api.openstack.wsgi [None req-546adcae-75b9-4db9-938d-42fae02459f6 37088a026ab747a4adaefc6b49c41ada 6ce72c149cd244f6860789573f794c5e - - default default] http://[LB_IP_ADDRESS]:8776/v3/6ce72c149cd244f6860789573f794c5e/group_snapshots/4cb6e756-b2f7-43d8-8134-0ee3ad83e9ee returned with HTTP 404
2025-07-29 17:12:29.715 21 INFO cinder.api.openstack.wsgi [None req-92c589fa-6f36-461d-8a9d-e634eafa5edf 37088a026ab747a4adaefc6b49c41ada 6ce72c149cd244f6860789573f794c5e - - default default] DELETE http://[LB_IP_ADDRESS]:8776/v3/6ce72c149cd244f6860789573f794c5e/group_snapshots/4cb6e756-b2f7-43d8-8134-0ee3ad83e9ee
2025-07-29 17:12:29.716 21 INFO cinder.api.v3.group_snapshots [None req-92c589fa-6f36-461d-8a9d-e634eafa5edf 37088a026ab747a4adaefc6b49c41ada 6ce72c149cd244f6860789573f794c5e - - default default] Delete group_snapshot with id: 4cb6e756-b2f7-43d8-8134-0ee3ad83e9ee
2025-07-29 17:12:29.722 21 INFO cinder.api.openstack.wsgi [None req-92c589fa-6f36-461d-8a9d-e634eafa5edf 37088a026ab747a4adaefc6b49c41ada 6ce72c149cd244f6860789573f794c5e - - default default] http://[LB_IP_ADDRESS]:8776/v3/6ce72c149cd244f6860789573f794c5e/group_snapshots/4cb6e756-b2f7-43d8-8134-0ee3ad83e9ee returned with HTTP 404
2025-07-29 17:12:29.731 24 INFO cinder.api.openstack.wsgi [None req-b4f3f586-af4d-4159-8be1-90e6c4110334 37088a026ab747a4adaefc6b49c41ada 6ce72c149cd244f6860789573f794c5e - - default default] GET http://[LB_IP_ADDRESS]:8776/v3/6ce72c149cd244f6860789573f794c5e/volumes/detail
2025-07-29 17:12:29.747 24 INFO cinder.volume.api [None req-b4f3f586-af4d-4159-8be1-90e6c4110334 37088a026ab747a4adaefc6b49c41ada 6ce72c149cd244f6860789573f794c5e - - default default] Get all volumes completed successfully.
2025-07-29 17:12:29.788 24 INFO cinder.api.openstack.wsgi [None req-b4f3f586-af4d-4159-8be1-90e6c4110334 37088a026ab747a4adaefc6b49c41ada 6ce72c149cd244f6860789573f794c5e - - default default] http://[LB_IP_ADDRESS]:8776/v3/6ce72c149cd244f6860789573f794c5e/volumes/detail returned with HTTP 200
2025-07-29 17:12:29.819 23 INFO cinder.api.openstack.wsgi [None req-c9ef2fa2-07b7-4780-b0c2-a2656a9a6ad8 37088a026ab747a4adaefc6b49c41ada 6ce72c149cd244f6860789573f794c5e - - default default] POST http://[LB_IP_ADDRESS]:8776/v3/6ce72c149cd244f6860789573f794c5e/groups/dc18091d-10e4-44a8-8ddf-9d5c76648195/action
2025-07-29 17:12:29.822 23 INFO cinder.api.v3.groups [None req-c9ef2fa2-07b7-4780-b0c2-a2656a9a6ad8 37088a026ab747a4adaefc6b49c41ada 6ce72c149cd244f6860789573f794c5e - - default default] Delete group with id: dc18091d-10e4-44a8-8ddf-9d5c76648195
2025-07-29 17:12:29.916 23 INFO cinder.api.openstack.wsgi [None req-c9ef2fa2-07b7-4780-b0c2-a2656a9a6ad8 37088a026ab747a4adaefc6b49c41ada 6ce72c149cd244f6860789573f794c5e - - default default] http://[LB_IP_ADDRESS]:8776/v3/6ce72c149cd244f6860789573f794c5e/groups/dc18091d-10e4-44a8-8ddf-9d5c76648195/action returned with HTTP 202
2025-07-29 17:12:29.927 25 INFO cinder.api.openstack.wsgi [None req-1832816e-9c41-49e4-8fbb-2ad1e11088ea 37088a026ab747a4adaefc6b49c41ada 6ce72c149cd244f6860789573f794c5e - - default default] GET http://[LB_IP_ADDRESS]:8776/v3/6ce72c149cd244f6860789573f794c5e/volumes/ccbb29cb-21a2-4fd1-8d66-31c75199c99e
2025-07-29 17:12:29.947 25 INFO cinder.volume.api [None req-1832816e-9c41-49e4-8fbb-2ad1e11088ea 37088a026ab747a4adaefc6b49c41ada 6ce72c149cd244f6860789573f794c5e - - default default] Volume info retrieved successfully.
2025-07-29 17:12:29.976 25 INFO cinder.api.openstack.wsgi [None req-1832816e-9c41-49e4-8fbb-2ad1e11088ea 37088a026ab747a4adaefc6b49c41ada 6ce72c149cd244f6860789573f794c5e - - default default] http://[LB_IP_ADDRESS]:8776/v3/6ce72c149cd244f6860789573f794c5e/volumes/ccbb29cb-21a2-4fd1-8d66-31c75199c99e returned with HTTP 200
2025-07-29 17:12:30.558 22 INFO cinder.api.openstack.wsgi [None req-62ae30ab-7b31-4620-b179-f2a67bf2ba93 76f968daee0a4df484c2b8888b900b1f 7f5533a0f25a481383afe6c1ad3d7613 - - default default] GET http://[LB_IP_ADDRESS]:8776/v3/7f5533a0f25a481383afe6c1ad3d7613/os-hosts
2025-07-29 17:12:30.572 22 INFO cinder.api.openstack.wsgi [None req-62ae30ab-7b31-4620-b179-f2a67bf2ba93 76f968daee0a4df484c2b8888b900b1f 7f5533a0f25a481383afe6c1ad3d7613 - - default default] http://[LB_IP_ADDRESS]:8776/v3/7f5533a0f25a481383afe6c1ad3d7613/os-hosts returned with HTTP 200
2025-07-29 17:12:30.590 21 INFO cinder.api.openstack.wsgi [None req-a140aff7-a7cd-4695-abcd-5435c959dd21 76f968daee0a4df484c2b8888b900b1f 7f5533a0f25a481383afe6c1ad3d7613 - - default default] GET http://[LB_IP_ADDRESS]:8776/v3/7f5533a0f25a481383afe6c1ad3d7613/os-hosts
2025-07-29 17:12:30.601 21 INFO cinder.api.openstack.wsgi [None req-a140aff7-a7cd-4695-abcd-5435c959dd21 76f968daee0a4df484c2b8888b900b1f 7f5533a0f25a481383afe6c1ad3d7613 - - default default] http://[LB_IP_ADDRESS]:8776/v3/7f5533a0f25a481383afe6c1ad3d7613/os-hosts returned with HTTP 200
2025-07-29 17:12:30.623 24 INFO cinder.api.openstack.wsgi [None req-a1c31f20-003a-44d9-840c-4c39f956f01c 76f968daee0a4df484c2b8888b900b1f 7f5533a0f25a481383afe6c1ad3d7613 - - default default] GET http://[LB_IP_ADDRESS]:8776/v3/7f5533a0f25a481383afe6c1ad3d7613/os-hosts/rack13-server65@LIGHTOSeqikpx
2025-07-29 17:12:30.658 24 INFO cinder.api.openstack.wsgi [None req-a1c31f20-003a-44d9-840c-4c39f956f01c 76f968daee0a4df484c2b8888b900b1f 7f5533a0f25a481383afe6c1ad3d7613 - - default default] http://[LB_IP_ADDRESS]:8776/v3/7f5533a0f25a481383afe6c1ad3d7613/os-hosts/rack13-server65@LIGHTOSeqikpx returned with HTTP 200
2025-07-29 17:12:31.009 23 INFO cinder.api.openstack.wsgi [None req-1f548061-448d-4470-8f61-ace39993efb2 37088a026ab747a4adaefc6b49c41ada 6ce72c149cd244f6860789573f794c5e - - default default] GET http://[LB_IP_ADDRESS]:8776/v3/6ce72c149cd244f6860789573f794c5e/volumes/ccbb29cb-21a2-4fd1-8d66-31c75199c99e
2025-07-29 17:12:31.026 23 INFO cinder.api.openstack.wsgi [None req-1f548061-448d-4470-8f61-ace39993efb2 37088a026ab747a4adaefc6b49c41ada 6ce72c149cd244f6860789573f794c5e - - default default] http://[LB_IP_ADDRESS]:8776/v3/6ce72c149cd244f6860789573f794c5e/volumes/ccbb29cb-21a2-4fd1-8d66-31c75199c99e returned with HTTP 404
2025-07-29 17:12:31.037 25 INFO cinder.api.openstack.wsgi [None req-de4f59e1-56f1-46e2-b3e8-63c0c4e05aaa 37088a026ab747a4adaefc6b49c41ada 6ce72c149cd244f6860789573f794c5e - - default default] GET http://[LB_IP_ADDRESS]:8776/v3/6ce72c149cd244f6860789573f794c5e/volumes/a45840e0-a889-4988-8b99-91b80c85f6b9
2025-07-29 17:12:31.051 25 INFO cinder.api.openstack.wsgi [None req-de4f59e1-56f1-46e2-b3e8-63c0c4e05aaa 37088a026ab747a4adaefc6b49c41ada 6ce72c149cd244f6860789573f794c5e - - default default] http://[LB_IP_ADDRESS]:8776/v3/6ce72c149cd244f6860789573f794c5e/volumes/a45840e0-a889-4988-8b99-91b80c85f6b9 returned with HTTP 404
2025-07-29 17:12:31.061 22 INFO cinder.api.openstack.wsgi [None req-311c6272-cbbd-442b-9aaf-ebc52af635bb 37088a026ab747a4adaefc6b49c41ada 6ce72c149cd244f6860789573f794c5e - - default default] GET http://[LB_IP_ADDRESS]:8776/v3/6ce72c149cd244f6860789573f794c5e/groups/dc18091d-10e4-44a8-8ddf-9d5c76648195
2025-07-29 17:12:31.067 22 INFO cinder.api.openstack.wsgi [None req-311c6272-cbbd-442b-9aaf-ebc52af635bb 37088a026ab747a4adaefc6b49c41ada 6ce72c149cd244f6860789573f794c5e - - default default] http://[LB_IP_ADDRESS]:8776/v3/6ce72c149cd244f6860789573f794c5e/groups/dc18091d-10e4-44a8-8ddf-9d5c76648195 returned with HTTP 404
2025-07-29 17:12:31.078 21 INFO cinder.api.openstack.wsgi [None req-c2c4a126-cd12-42ed-81bd-73de2df7b3da 628d69ba1da344b0a216cd7181a9c343 0205d84112ef4b5dbadea4889edb745d - - default default] DELETE http://[LB_IP_ADDRESS]:8776/v3/0205d84112ef4b5dbadea4889edb745d/group_types/8918f471-70cb-4c25-9aa5-6e0e6adb7e30
2025-07-29 17:12:31.099 21 INFO cinder.api.openstack.wsgi [None req-c2c4a126-cd12-42ed-81bd-73de2df7b3da 628d69ba1da344b0a216cd7181a9c343 0205d84112ef4b5dbadea4889edb745d - - default default] http://[LB_IP_ADDRESS]:8776/v3/0205d84112ef4b5dbadea4889edb745d/group_types/8918f471-70cb-4c25-9aa5-6e0e6adb7e30 returned with HTTP 202
2025-07-29 17:12:31.110 24 INFO cinder.api.openstack.wsgi [None req-dae2cd3d-0c85-494f-b869-77f9c52b4565 628d69ba1da344b0a216cd7181a9c343 0205d84112ef4b5dbadea4889edb745d - - default default] DELETE http://[LB_IP_ADDRESS]:8776/v3/0205d84112ef4b5dbadea4889edb745d/types/27e2cbae-e4dd-4d0a-9bfe-ad2c19be8392
2025-07-29 17:12:31.162 24 INFO cinder.api.openstack.wsgi [None req-dae2cd3d-0c85-494f-b869-77f9c52b4565 628d69ba1da344b0a216cd7181a9c343 0205d84112ef4b5dbadea4889edb745d - - default default] http://[LB_IP_ADDRESS]:8776/v3/0205d84112ef4b5dbadea4889edb745d/types/27e2cbae-e4dd-4d0a-9bfe-ad2c19be8392 returned with HTTP 202
2025-07-29 17:12:31.173 23 INFO cinder.api.openstack.wsgi [None req-8390c499-1154-4206-b98d-7c6317db9274 628d69ba1da344b0a216cd7181a9c343 0205d84112ef4b5dbadea4889edb745d - - default default] GET http://[LB_IP_ADDRESS]:8776/v3/0205d84112ef4b5dbadea4889edb745d/types/27e2cbae-e4dd-4d0a-9bfe-ad2c19be8392
2025-07-29 17:12:31.180 23 INFO cinder.api.openstack.wsgi [None req-8390c499-1154-4206-b98d-7c6317db9274 628d69ba1da344b0a216cd7181a9c343 0205d84112ef4b5dbadea4889edb745d - - default default] http://[LB_IP_ADDRESS]:8776/v3/0205d84112ef4b5dbadea4889edb745d/types/27e2cbae-e4dd-4d0a-9bfe-ad2c19be8392 returned with HTTP 404
2025-07-29 17:12:31.201 25 INFO cinder.api.openstack.wsgi [None req-779886d6-a958-42da-bc4f-97cb88c2edcf 628d69ba1da344b0a216cd7181a9c343 0205d84112ef4b5dbadea4889edb745d - - default default] POST http://[LB_IP_ADDRESS]:8776/v3/0205d84112ef4b5dbadea4889edb745d/types
2025-07-29 17:12:31.228 25 INFO cinder.api.openstack.wsgi [None req-779886d6-a958-42da-bc4f-97cb88c2edcf 628d69ba1da344b0a216cd7181a9c343 0205d84112ef4b5dbadea4889edb745d - - default default] http://[LB_IP_ADDRESS]:8776/v3/0205d84112ef4b5dbadea4889edb745d/types returned with HTTP 200
2025-07-29 17:12:31.242 22 INFO cinder.api.openstack.wsgi [None req-1ce55bb4-32de-4d09-8c9d-0a21648a5cac 628d69ba1da344b0a216cd7181a9c343 0205d84112ef4b5dbadea4889edb745d - - default default] POST http://[LB_IP_ADDRESS]:8776/v3/0205d84112ef4b5dbadea4889edb745d/group_types
2025-07-29 17:12:31.271 22 INFO cinder.api.openstack.wsgi [None req-1ce55bb4-32de-4d09-8c9d-0a21648a5cac 628d69ba1da344b0a216cd7181a9c343 0205d84112ef4b5dbadea4889edb745d - - default default] http://[LB_IP_ADDRESS]:8776/v3/0205d84112ef4b5dbadea4889edb745d/group_types returned with HTTP 202
2025-07-29 17:12:31.285 21 INFO cinder.api.openstack.wsgi [None req-ced53f62-675e-444f-82bf-51f58fb134b6 37088a026ab747a4adaefc6b49c41ada 6ce72c149cd244f6860789573f794c5e - - default default] POST http://[LB_IP_ADDRESS]:8776/v3/6ce72c149cd244f6860789573f794c5e/groups
2025-07-29 17:12:31.299 21 INFO cinder.api.v3.groups [None req-ced53f62-675e-444f-82bf-51f58fb134b6 37088a026ab747a4adaefc6b49c41ada 6ce72c149cd244f6860789573f794c5e - - default default] Creating group tempest-GroupSnapshotsTest-Group-2053528712.
2025-07-29 17:12:31.310 21 INFO cinder.volume.api [None req-ced53f62-675e-444f-82bf-51f58fb134b6 37088a026ab747a4adaefc6b49c41ada 6ce72c149cd244f6860789573f794c5e - - default default] Availability Zones retrieved successfully.
2025-07-29 17:12:31.400 21 INFO cinder.api.openstack.wsgi [None req-ced53f62-675e-444f-82bf-51f58fb134b6 37088a026ab747a4adaefc6b49c41ada 6ce72c149cd244f6860789573f794c5e - - default default] http://[LB_IP_ADDRESS]:8776/v3/6ce72c149cd244f6860789573f794c5e/groups returned with HTTP 202
2025-07-29 17:12:31.413 24 INFO cinder.api.openstack.wsgi [None req-da2fcccf-ea48-468f-ab24-368200ffbe16 37088a026ab747a4adaefc6b49c41ada 6ce72c149cd244f6860789573f794c5e - - default default] GET http://[LB_IP_ADDRESS]:8776/v3/6ce72c149cd244f6860789573f794c5e/groups/3e4dbffb-25e2-48a5-911b-98e4e7e6cde0
2025-07-29 17:12:31.439 24 INFO cinder.api.openstack.wsgi [None req-da2fcccf-ea48-468f-ab24-368200ffbe16 37088a026ab747a4adaefc6b49c41ada 6ce72c149cd244f6860789573f794c5e - - default default] http://[LB_IP_ADDRESS]:8776/v3/6ce72c149cd244f6860789573f794c5e/groups/3e4dbffb-25e2-48a5-911b-98e4e7e6cde0 returned with HTTP 200
2025-07-29 17:12:32.456 23 INFO cinder.api.openstack.wsgi [None req-4416b0c7-be2f-4967-8399-a5984b230437 37088a026ab747a4adaefc6b49c41ada 6ce72c149cd244f6860789573f794c5e - - default default] GET http://[LB_IP_ADDRESS]:8776/v3/6ce72c149cd244f6860789573f794c5e/groups/3e4dbffb-25e2-48a5-911b-98e4e7e6cde0
2025-07-29 17:12:32.484 23 INFO cinder.api.openstack.wsgi [None req-4416b0c7-be2f-4967-8399-a5984b230437 37088a026ab747a4adaefc6b49c41ada 6ce72c149cd244f6860789573f794c5e - - default default] http://[LB_IP_ADDRESS]:8776/v3/6ce72c149cd244f6860789573f794c5e/groups/3e4dbffb-25e2-48a5-911b-98e4e7e6cde0 returned with HTTP 200
2025-07-29 17:12:32.500 25 INFO cinder.api.openstack.wsgi [None req-4d503ead-7227-418c-857f-5e29bcb8a8a5 37088a026ab747a4adaefc6b49c41ada 6ce72c149cd244f6860789573f794c5e - - default default] POST http://[LB_IP_ADDRESS]:8776/v3/6ce72c149cd244f6860789573f794c5e/volumes
2025-07-29 17:12:32.517 25 INFO cinder.api.v3.volumes [None req-4d503ead-7227-418c-857f-5e29bcb8a8a5 37088a026ab747a4adaefc6b49c41ada 6ce72c149cd244f6860789573f794c5e - - default default] Create volume of 1 GB
2025-07-29 17:12:32.527 25 INFO cinder.volume.api [None req-4d503ead-7227-418c-857f-5e29bcb8a8a5 37088a026ab747a4adaefc6b49c41ada 6ce72c149cd244f6860789573f794c5e - - default default] Availability Zones retrieved successfully.
2025-07-29 17:12:32.661 25 WARNING cinder.quota [None req-4d503ead-7227-418c-857f-5e29bcb8a8a5 37088a026ab747a4adaefc6b49c41ada 6ce72c149cd244f6860789573f794c5e - - default default] Deprecated: Default quota for resource: volumes_tempest-GroupSnapshotsTest-volume-type-1685020806 is set by the default quota flag: quota_volumes_tempest-GroupSnapshotsTest-volume-type-1685020806, it is now deprecated. Please use the default quota class for default quota.
2025-07-29 17:12:32.662 25 WARNING cinder.quota [None req-4d503ead-7227-418c-857f-5e29bcb8a8a5 37088a026ab747a4adaefc6b49c41ada 6ce72c149cd244f6860789573f794c5e - - default default] Deprecated: Default quota for resource: gigabytes_tempest-GroupSnapshotsTest-volume-type-1685020806 is set by the default quota flag: quota_gigabytes_tempest-GroupSnapshotsTest-volume-type-1685020806, it is now deprecated. Please use the default quota class for default quota.
2025-07-29 17:12:32.762 25 INFO cinder.volume.api [None req-4d503ead-7227-418c-857f-5e29bcb8a8a5 37088a026ab747a4adaefc6b49c41ada 6ce72c149cd244f6860789573f794c5e - - default default] Create volume request issued successfully.
2025-07-29 17:12:32.779 25 INFO cinder.api.openstack.wsgi [None req-4d503ead-7227-418c-857f-5e29bcb8a8a5 37088a026ab747a4adaefc6b49c41ada 6ce72c149cd244f6860789573f794c5e - - default default] http://[LB_IP_ADDRESS]:8776/v3/6ce72c149cd244f6860789573f794c5e/volumes returned with HTTP 202
2025-07-29 17:12:32.804 22 INFO cinder.api.openstack.wsgi [None req-1348ff10-1963-4778-a1c0-c82f766fe4f3 37088a026ab747a4adaefc6b49c41ada 6ce72c149cd244f6860789573f794c5e - - default default] GET http://[LB_IP_ADDRESS]:8776/v3/6ce72c149cd244f6860789573f794c5e/volumes/6f41d4c2-8771-4eec-bc73-5c199c1a9be1
2025-07-29 17:12:32.831 22 INFO cinder.volume.api [None req-1348ff10-1963-4778-a1c0-c82f766fe4f3 37088a026ab747a4adaefc6b49c41ada 6ce72c149cd244f6860789573f794c5e - - default default] Volume info retrieved successfully.
2025-07-29 17:12:32.865 22 INFO cinder.api.openstack.wsgi [None req-1348ff10-1963-4778-a1c0-c82f766fe4f3 37088a026ab747a4adaefc6b49c41ada 6ce72c149cd244f6860789573f794c5e - - default default] http://[LB_IP_ADDRESS]:8776/v3/6ce72c149cd244f6860789573f794c5e/volumes/6f41d4c2-8771-4eec-bc73-5c199c1a9be1 returned with HTTP 200
2025-07-29 17:12:33.893 21 INFO cinder.api.openstack.wsgi [None req-f7ab7c10-5e17-4060-bc57-657492fe8ab6 37088a026ab747a4adaefc6b49c41ada 6ce72c149cd244f6860789573f794c5e - - default default] GET http://[LB_IP_ADDRESS]:8776/v3/6ce72c149cd244f6860789573f794c5e/volumes/6f41d4c2-8771-4eec-bc73-5c199c1a9be1
2025-07-29 17:12:33.920 21 INFO cinder.volume.api [None req-f7ab7c10-5e17-4060-bc57-657492fe8ab6 37088a026ab747a4adaefc6b49c41ada 6ce72c149cd244f6860789573f794c5e - - default default] Volume info retrieved successfully.
2025-07-29 17:12:33.955 21 INFO cinder.api.openstack.wsgi [None req-f7ab7c10-5e17-4060-bc57-657492fe8ab6 37088a026ab747a4adaefc6b49c41ada 6ce72c149cd244f6860789573f794c5e - - default default] http://[LB_IP_ADDRESS]:8776/v3/6ce72c149cd244f6860789573f794c5e/volumes/6f41d4c2-8771-4eec-bc73-5c199c1a9be1 returned with HTTP 200
2025-07-29 17:12:34.204 24 INFO cinder.api.openstack.wsgi [None req-062144b0-0fc5-45dd-b1aa-4eca51f4b6a2 682026049ca14d3a9063a9c78f68b63e 4075bcde426f4b69a8a32c16695f4c81 - - default default] POST http://[LB_IP_ADDRESS]:8776/v3/4075bcde426f4b69a8a32c16695f4c81/volumes
2025-07-29 17:12:34.208 24 INFO cinder.api.v3.volumes [None req-062144b0-0fc5-45dd-b1aa-4eca51f4b6a2 682026049ca14d3a9063a9c78f68b63e 4075bcde426f4b69a8a32c16695f4c81 - - default default] Create volume of 1 GB
2025-07-29 17:12:34.215 24 INFO cinder.volume.api [None req-062144b0-0fc5-45dd-b1aa-4eca51f4b6a2 682026049ca14d3a9063a9c78f68b63e 4075bcde426f4b69a8a32c16695f4c81 - - default default] Availability Zones retrieved successfully.
2025-07-29 17:12:34.449 24 INFO cinder.volume.api [None req-062144b0-0fc5-45dd-b1aa-4eca51f4b6a2 682026049ca14d3a9063a9c78f68b63e 4075bcde426f4b69a8a32c16695f4c81 - - default default] Create volume request issued successfully.
2025-07-29 17:12:34.450 24 INFO cinder.api.openstack.wsgi [None req-062144b0-0fc5-45dd-b1aa-4eca51f4b6a2 682026049ca14d3a9063a9c78f68b63e 4075bcde426f4b69a8a32c16695f4c81 - - default default] http://[LB_IP_ADDRESS]:8776/v3/4075bcde426f4b69a8a32c16695f4c81/volumes returned with HTTP 202
2025-07-29 17:12:34.475 23 INFO cinder.api.openstack.wsgi [None req-eb20a554-e847-4bd5-96a3-c36d7dde63fb 682026049ca14d3a9063a9c78f68b63e 4075bcde426f4b69a8a32c16695f4c81 - - default default] GET http://[LB_IP_ADDRESS]:8776/v3/4075bcde426f4b69a8a32c16695f4c81/volumes/dbdea18c-c6f5-4961-8b0b-d7e4ec38efb3
2025-07-29 17:12:34.501 23 INFO cinder.volume.api [None req-eb20a554-e847-4bd5-96a3-c36d7dde63fb 682026049ca14d3a9063a9c78f68b63e 4075bcde426f4b69a8a32c16695f4c81 - - default default] Volume info retrieved successfully.
2025-07-29 17:12:34.509 23 INFO cinder.api.openstack.wsgi [None req-eb20a554-e847-4bd5-96a3-c36d7dde63fb 682026049ca14d3a9063a9c78f68b63e 4075bcde426f4b69a8a32c16695f4c81 - - default default] http://[LB_IP_ADDRESS]:8776/v3/4075bcde426f4b69a8a32c16695f4c81/volumes/dbdea18c-c6f5-4961-8b0b-d7e4ec38efb3 returned with HTTP 200
2025-07-29 17:12:34.984 25 INFO cinder.api.openstack.wsgi [None req-0e7e9b21-9dc4-4e33-adb7-bd14b5943798 37088a026ab747a4adaefc6b49c41ada 6ce72c149cd244f6860789573f794c5e - - default default] GET http://[LB_IP_ADDRESS]:8776/v3/6ce72c149cd244f6860789573f794c5e/volumes/6f41d4c2-8771-4eec-bc73-5c199c1a9be1
2025-07-29 17:12:35.010 25 INFO cinder.volume.api [None req-0e7e9b21-9dc4-4e33-adb7-bd14b5943798 37088a026ab747a4adaefc6b49c41ada 6ce72c149cd244f6860789573f794c5e - - default default] Volume info retrieved successfully.
2025-07-29 17:12:35.037 25 INFO cinder.api.openstack.wsgi [None req-0e7e9b21-9dc4-4e33-adb7-bd14b5943798 37088a026ab747a4adaefc6b49c41ada 6ce72c149cd244f6860789573f794c5e - - default default] http://[LB_IP_ADDRESS]:8776/v3/6ce72c149cd244f6860789573f794c5e/volumes/6f41d4c2-8771-4eec-bc73-5c199c1a9be1 returned with HTTP 200
2025-07-29 17:12:35.066 22 INFO cinder.api.openstack.wsgi [None req-052b056f-225f-4579-ba27-32f95dcc211e 37088a026ab747a4adaefc6b49c41ada 6ce72c149cd244f6860789573f794c5e - - default default] POST http://[LB_IP_ADDRESS]:8776/v3/6ce72c149cd244f6860789573f794c5e/group_snapshots
