2026-04-02 18:26:09.151 72 INFO cinder.volume.api [None req-e5e25b0d-03af-4556-8118-7a289a14460d 2c098509913d493c8af1141f1b452251 b2cdf4fe0ca747f2ad095c8264dc445d - - default default] Availability Zones retrieved successfully.
2026-04-02 18:26:09.203 74 INFO cinder.api.openstack.wsgi [None req-1502366b-2bef-492f-90ff-371a8ac9f790 ffef579e59c64d57995a896580930c43 50e7c227f071419a92d715c6b2b6beb9 - - default default] GET http://[LB_IP_ADDRESS]:8776/v3/50e7c227f071419a92d715c6b2b6beb9/volumes/ca103945-b8c3-4b23-ab66-462f80848c17
2026-04-02 18:26:09.215 74 INFO cinder.api.openstack.wsgi [None req-1502366b-2bef-492f-90ff-371a8ac9f790 ffef579e59c64d57995a896580930c43 50e7c227f071419a92d715c6b2b6beb9 - - default default] http://[LB_IP_ADDRESS]:8776/v3/50e7c227f071419a92d715c6b2b6beb9/volumes/ca103945-b8c3-4b23-ab66-462f80848c17 returned with HTTP 404
2026-04-02 18:26:09.223 72 INFO cinder.api.openstack.wsgi [None req-e5e25b0d-03af-4556-8118-7a289a14460d 2c098509913d493c8af1141f1b452251 b2cdf4fe0ca747f2ad095c8264dc445d - - default default] http://[LB_IP_ADDRESS]:8776/v3/b2cdf4fe0ca747f2ad095c8264dc445d/groups returned with HTTP 202
2026-04-02 18:26:09.228 75 INFO cinder.api.openstack.wsgi [None req-dc66b36a-d0ea-4f15-b777-32298d69b15d ffef579e59c64d57995a896580930c43 50e7c227f071419a92d715c6b2b6beb9 - - default default] GET http://[LB_IP_ADDRESS]:8776/v3/50e7c227f071419a92d715c6b2b6beb9/groups/c8a9c5de-f706-447e-acc3-fd4f9005eb1b
2026-04-02 18:26:09.234 75 INFO cinder.api.openstack.wsgi [None req-dc66b36a-d0ea-4f15-b777-32298d69b15d ffef579e59c64d57995a896580930c43 50e7c227f071419a92d715c6b2b6beb9 - - default default] http://[LB_IP_ADDRESS]:8776/v3/50e7c227f071419a92d715c6b2b6beb9/groups/c8a9c5de-f706-447e-acc3-fd4f9005eb1b returned with HTTP 404
2026-04-02 18:26:09.238 76 INFO cinder.api.openstack.wsgi [None req-2bd05e48-e3e9-4bbf-8c79-fc51b0e16ac0 2c098509913d493c8af1141f1b452251 b2cdf4fe0ca747f2ad095c8264dc445d - - default default] GET http://[LB_IP_ADDRESS]:8776/v3/b2cdf4fe0ca747f2ad095c8264dc445d/groups/4a901fc1-2897-49a3-96d3-e21cc7a5420f
2026-04-02 18:26:09.246 73 INFO cinder.api.openstack.wsgi [None req-a15ba239-5ea4-4128-9d12-1c83660a83d7 ffef579e59c64d57995a896580930c43 50e7c227f071419a92d715c6b2b6beb9 - - default default] POST http://[LB_IP_ADDRESS]:8776/v3/50e7c227f071419a92d715c6b2b6beb9/groups/5e86d147-d1c1-40ea-8c19-c512de1c8dce/action
2026-04-02 18:26:09.251 73 INFO cinder.api.v3.groups [None req-a15ba239-5ea4-4128-9d12-1c83660a83d7 ffef579e59c64d57995a896580930c43 50e7c227f071419a92d715c6b2b6beb9 - - default default] Delete group with id: 5e86d147-d1c1-40ea-8c19-c512de1c8dce
2026-04-02 18:26:09.261 76 INFO cinder.api.openstack.wsgi [None req-2bd05e48-e3e9-4bbf-8c79-fc51b0e16ac0 2c098509913d493c8af1141f1b452251 b2cdf4fe0ca747f2ad095c8264dc445d - - default default] http://[LB_IP_ADDRESS]:8776/v3/b2cdf4fe0ca747f2ad095c8264dc445d/groups/4a901fc1-2897-49a3-96d3-e21cc7a5420f returned with HTTP 200
2026-04-02 18:26:09.297 73 INFO cinder.api.openstack.wsgi [None req-a15ba239-5ea4-4128-9d12-1c83660a83d7 ffef579e59c64d57995a896580930c43 50e7c227f071419a92d715c6b2b6beb9 - - default default] http://[LB_IP_ADDRESS]:8776/v3/50e7c227f071419a92d715c6b2b6beb9/groups/5e86d147-d1c1-40ea-8c19-c512de1c8dce/action returned with HTTP 202
2026-04-02 18:26:09.310 74 INFO cinder.api.openstack.wsgi [None req-f4db093d-683b-4a43-86d8-9e91ad712073 ffef579e59c64d57995a896580930c43 50e7c227f071419a92d715c6b2b6beb9 - - default default] GET http://[LB_IP_ADDRESS]:8776/v3/50e7c227f071419a92d715c6b2b6beb9/groups/5e86d147-d1c1-40ea-8c19-c512de1c8dce
2026-04-02 18:26:09.334 74 INFO cinder.api.openstack.wsgi [None req-f4db093d-683b-4a43-86d8-9e91ad712073 ffef579e59c64d57995a896580930c43 50e7c227f071419a92d715c6b2b6beb9 - - default default] http://[LB_IP_ADDRESS]:8776/v3/50e7c227f071419a92d715c6b2b6beb9/groups/5e86d147-d1c1-40ea-8c19-c512de1c8dce returned with HTTP 200
2026-04-02 18:26:10.278 75 INFO cinder.api.openstack.wsgi [None req-01acf3b3-b8af-4a83-ad6b-523d34989427 2c098509913d493c8af1141f1b452251 b2cdf4fe0ca747f2ad095c8264dc445d - - default default] GET http://[LB_IP_ADDRESS]:8776/v3/b2cdf4fe0ca747f2ad095c8264dc445d/groups/4a901fc1-2897-49a3-96d3-e21cc7a5420f
2026-04-02 18:26:10.299 75 INFO cinder.api.openstack.wsgi [None req-01acf3b3-b8af-4a83-ad6b-523d34989427 2c098509913d493c8af1141f1b452251 b2cdf4fe0ca747f2ad095c8264dc445d - - default default] http://[LB_IP_ADDRESS]:8776/v3/b2cdf4fe0ca747f2ad095c8264dc445d/groups/4a901fc1-2897-49a3-96d3-e21cc7a5420f returned with HTTP 200
2026-04-02 18:26:10.315 76 INFO cinder.api.openstack.wsgi [None req-3a8f6867-8021-4648-8b2c-179101bed852 2c098509913d493c8af1141f1b452251 b2cdf4fe0ca747f2ad095c8264dc445d - - default default] POST http://[LB_IP_ADDRESS]:8776/v3/b2cdf4fe0ca747f2ad095c8264dc445d/volumes
2026-04-02 18:26:10.331 76 INFO cinder.api.v3.volumes [None req-3a8f6867-8021-4648-8b2c-179101bed852 2c098509913d493c8af1141f1b452251 b2cdf4fe0ca747f2ad095c8264dc445d - - default default] Create volume of 1 GB
2026-04-02 18:26:10.340 76 INFO cinder.volume.api [None req-3a8f6867-8021-4648-8b2c-179101bed852 2c098509913d493c8af1141f1b452251 b2cdf4fe0ca747f2ad095c8264dc445d - - default default] Availability Zones retrieved successfully.
2026-04-02 18:26:10.350 73 INFO cinder.api.openstack.wsgi [None req-70a8b254-3407-49b6-b57e-56b9810e9d14 ffef579e59c64d57995a896580930c43 50e7c227f071419a92d715c6b2b6beb9 - - default default] GET http://[LB_IP_ADDRESS]:8776/v3/50e7c227f071419a92d715c6b2b6beb9/groups/5e86d147-d1c1-40ea-8c19-c512de1c8dce
2026-04-02 18:26:10.356 73 INFO cinder.api.openstack.wsgi [None req-70a8b254-3407-49b6-b57e-56b9810e9d14 ffef579e59c64d57995a896580930c43 50e7c227f071419a92d715c6b2b6beb9 - - default default] http://[LB_IP_ADDRESS]:8776/v3/50e7c227f071419a92d715c6b2b6beb9/groups/5e86d147-d1c1-40ea-8c19-c512de1c8dce returned with HTTP 404
2026-04-02 18:26:10.360 72 INFO cinder.api.openstack.wsgi [None req-4739aec5-9a1a-4bfe-9eb5-e151bb40abe0 374bf3ed587a41e4975457c260b322c4 761b170693374d34866e700c20f6dc50 - - default default] POST http://[LB_IP_ADDRESS]:8776/v3/761b170693374d34866e700c20f6dc50/group_types
2026-04-02 18:26:10.368 74 INFO cinder.api.openstack.wsgi [None req-4fc66da4-4025-4c48-8dc3-85fdbafa17ed ffef579e59c64d57995a896580930c43 50e7c227f071419a92d715c6b2b6beb9 - - default default] GET http://[LB_IP_ADDRESS]:8776/v3/50e7c227f071419a92d715c6b2b6beb9/groups/detail
2026-04-02 18:26:10.375 74 INFO cinder.api.openstack.wsgi [None req-4fc66da4-4025-4c48-8dc3-85fdbafa17ed ffef579e59c64d57995a896580930c43 50e7c227f071419a92d715c6b2b6beb9 - - default default] http://[LB_IP_ADDRESS]:8776/v3/50e7c227f071419a92d715c6b2b6beb9/groups/detail returned with HTTP 200
2026-04-02 18:26:10.384 72 INFO cinder.api.openstack.wsgi [None req-4739aec5-9a1a-4bfe-9eb5-e151bb40abe0 374bf3ed587a41e4975457c260b322c4 761b170693374d34866e700c20f6dc50 - - default default] http://[LB_IP_ADDRESS]:8776/v3/761b170693374d34866e700c20f6dc50/group_types returned with HTTP 202
2026-04-02 18:26:10.391 75 INFO cinder.api.openstack.wsgi [None req-788eedc2-d485-4796-bdbc-2d66b710b251 ffef579e59c64d57995a896580930c43 50e7c227f071419a92d715c6b2b6beb9 - - default default] GET http://[LB_IP_ADDRESS]:8776/v3/50e7c227f071419a92d715c6b2b6beb9/volumes/detail
2026-04-02 18:26:10.400 73 INFO cinder.api.openstack.wsgi [None req-f804c851-e6f7-4bbf-8cbd-9a064688c9d7 374bf3ed587a41e4975457c260b322c4 761b170693374d34866e700c20f6dc50 - - default default] POST http://[LB_IP_ADDRESS]:8776/v3/761b170693374d34866e700c20f6dc50/group_types/6bbd32ed-be8f-46b3-906d-8a13e2fdad37/group_specs
2026-04-02 18:26:10.404 75 INFO cinder.volume.api [None req-788eedc2-d485-4796-bdbc-2d66b710b251 ffef579e59c64d57995a896580930c43 50e7c227f071419a92d715c6b2b6beb9 - - default default] Get all volumes completed successfully.
2026-04-02 18:26:10.409 75 INFO cinder.api.openstack.wsgi [None req-788eedc2-d485-4796-bdbc-2d66b710b251 ffef579e59c64d57995a896580930c43 50e7c227f071419a92d715c6b2b6beb9 - - default default] http://[LB_IP_ADDRESS]:8776/v3/50e7c227f071419a92d715c6b2b6beb9/volumes/detail returned with HTTP 200
2026-04-02 18:26:10.424 73 INFO cinder.api.openstack.wsgi [None req-f804c851-e6f7-4bbf-8cbd-9a064688c9d7 374bf3ed587a41e4975457c260b322c4 761b170693374d34866e700c20f6dc50 - - default default] http://[LB_IP_ADDRESS]:8776/v3/761b170693374d34866e700c20f6dc50/group_types/6bbd32ed-be8f-46b3-906d-8a13e2fdad37/group_specs returned with HTTP 202
2026-04-02 18:26:10.429 74 INFO cinder.api.openstack.wsgi [None req-4d6f64ae-8f83-49c0-85b2-7cfda18552e4 ffef579e59c64d57995a896580930c43 50e7c227f071419a92d715c6b2b6beb9 - - default default] POST http://[LB_IP_ADDRESS]:8776/v3/50e7c227f071419a92d715c6b2b6beb9/groups/5e86d147-d1c1-40ea-8c19-c512de1c8dce/action
2026-04-02 18:26:10.433 74 INFO cinder.api.v3.groups [None req-4d6f64ae-8f83-49c0-85b2-7cfda18552e4 ffef579e59c64d57995a896580930c43 50e7c227f071419a92d715c6b2b6beb9 - - default default] Delete group with id: 5e86d147-d1c1-40ea-8c19-c512de1c8dce
2026-04-02 18:26:10.438 72 INFO cinder.api.openstack.wsgi [None req-cc6b992e-db78-489d-9a93-11f569436d3f 374bf3ed587a41e4975457c260b322c4 761b170693374d34866e700c20f6dc50 - - default default] POST http://[LB_IP_ADDRESS]:8776/v3/761b170693374d34866e700c20f6dc50/group_types/6bbd32ed-be8f-46b3-906d-8a13e2fdad37/group_specs
2026-04-02 18:26:10.438 74 INFO cinder.api.openstack.wsgi [None req-4d6f64ae-8f83-49c0-85b2-7cfda18552e4 ffef579e59c64d57995a896580930c43 50e7c227f071419a92d715c6b2b6beb9 - - default default] http://[LB_IP_ADDRESS]:8776/v3/50e7c227f071419a92d715c6b2b6beb9/groups/5e86d147-d1c1-40ea-8c19-c512de1c8dce/action returned with HTTP 404
2026-04-02 18:26:10.449 75 INFO cinder.api.openstack.wsgi [None req-652c1871-4353-40e8-9c67-7e240c78a831 ffef579e59c64d57995a896580930c43 50e7c227f071419a92d715c6b2b6beb9 - - default default] GET http://[LB_IP_ADDRESS]:8776/v3/50e7c227f071419a92d715c6b2b6beb9/volumes/detail
2026-04-02 18:26:10.460 72 INFO cinder.api.openstack.wsgi [None req-cc6b992e-db78-489d-9a93-11f569436d3f 374bf3ed587a41e4975457c260b322c4 761b170693374d34866e700c20f6dc50 - - default default] http://[LB_IP_ADDRESS]:8776/v3/761b170693374d34866e700c20f6dc50/group_types/6bbd32ed-be8f-46b3-906d-8a13e2fdad37/group_specs returned with HTTP 202
2026-04-02 18:26:10.462 75 INFO cinder.volume.api [None req-652c1871-4353-40e8-9c67-7e240c78a831 ffef579e59c64d57995a896580930c43 50e7c227f071419a92d715c6b2b6beb9 - - default default] Get all volumes completed successfully.
2026-04-02 18:26:10.463 76 WARNING cinder.quota [None req-3a8f6867-8021-4648-8b2c-179101bed852 2c098509913d493c8af1141f1b452251 b2cdf4fe0ca747f2ad095c8264dc445d - - default default] Deprecated: Default quota for resource: volumes_tempest-GroupSnapshotsTest-volume-type-56791249 is set by the default quota flag: quota_volumes_tempest-GroupSnapshotsTest-volume-type-56791249, it is now deprecated. Please use the default quota class for default quota.
2026-04-02 18:26:10.464 76 WARNING cinder.quota [None req-3a8f6867-8021-4648-8b2c-179101bed852 2c098509913d493c8af1141f1b452251 b2cdf4fe0ca747f2ad095c8264dc445d - - default default] Deprecated: Default quota for resource: gigabytes_tempest-GroupSnapshotsTest-volume-type-56791249 is set by the default quota flag: quota_gigabytes_tempest-GroupSnapshotsTest-volume-type-56791249, it is now deprecated. Please use the default quota class for default quota.
2026-04-02 18:26:10.467 75 INFO cinder.api.openstack.wsgi [None req-652c1871-4353-40e8-9c67-7e240c78a831 ffef579e59c64d57995a896580930c43 50e7c227f071419a92d715c6b2b6beb9 - - default default] http://[LB_IP_ADDRESS]:8776/v3/50e7c227f071419a92d715c6b2b6beb9/volumes/detail returned with HTTP 200
2026-04-02 18:26:10.474 73 INFO cinder.api.openstack.wsgi [None req-6c16ea48-136f-4e68-bfcb-1d9b79946448 374bf3ed587a41e4975457c260b322c4 761b170693374d34866e700c20f6dc50 - - default default] GET http://[LB_IP_ADDRESS]:8776/v3/761b170693374d34866e700c20f6dc50/group_types/6bbd32ed-be8f-46b3-906d-8a13e2fdad37/group_specs/key2
2026-04-02 18:26:10.485 73 INFO cinder.api.openstack.wsgi [None req-6c16ea48-136f-4e68-bfcb-1d9b79946448 374bf3ed587a41e4975457c260b322c4 761b170693374d34866e700c20f6dc50 - - default default] http://[LB_IP_ADDRESS]:8776/v3/761b170693374d34866e700c20f6dc50/group_types/6bbd32ed-be8f-46b3-906d-8a13e2fdad37/group_specs/key2 returned with HTTP 200
2026-04-02 18:26:10.489 74 INFO cinder.api.openstack.wsgi [None req-b199e816-cd55-4cba-9856-f1236c96e232 ffef579e59c64d57995a896580930c43 50e7c227f071419a92d715c6b2b6beb9 - - default default] POST http://[LB_IP_ADDRESS]:8776/v3/50e7c227f071419a92d715c6b2b6beb9/groups/c8a9c5de-f706-447e-acc3-fd4f9005eb1b/action
2026-04-02 18:26:10.495 74 INFO cinder.api.v3.groups [None req-b199e816-cd55-4cba-9856-f1236c96e232 ffef579e59c64d57995a896580930c43 50e7c227f071419a92d715c6b2b6beb9 - - default default] Delete group with id: c8a9c5de-f706-447e-acc3-fd4f9005eb1b
2026-04-02 18:26:10.499 72 INFO cinder.api.openstack.wsgi [None req-bcfeb443-7d3f-4f60-82ff-ea3b5c5c8fbe 374bf3ed587a41e4975457c260b322c4 761b170693374d34866e700c20f6dc50 - - default default] GET http://[LB_IP_ADDRESS]:8776/v3/761b170693374d34866e700c20f6dc50/group_types/6bbd32ed-be8f-46b3-906d-8a13e2fdad37/group_specs/key3
2026-04-02 18:26:10.500 74 INFO cinder.api.openstack.wsgi [None req-b199e816-cd55-4cba-9856-f1236c96e232 ffef579e59c64d57995a896580930c43 50e7c227f071419a92d715c6b2b6beb9 - - default default] http://[LB_IP_ADDRESS]:8776/v3/50e7c227f071419a92d715c6b2b6beb9/groups/c8a9c5de-f706-447e-acc3-fd4f9005eb1b/action returned with HTTP 404
2026-04-02 18:26:10.509 72 INFO cinder.api.openstack.wsgi [None req-bcfeb443-7d3f-4f60-82ff-ea3b5c5c8fbe 374bf3ed587a41e4975457c260b322c4 761b170693374d34866e700c20f6dc50 - - default default] http://[LB_IP_ADDRESS]:8776/v3/761b170693374d34866e700c20f6dc50/group_types/6bbd32ed-be8f-46b3-906d-8a13e2fdad37/group_specs/key3 returned with HTTP 200
2026-04-02 18:26:10.512 75 INFO cinder.api.openstack.wsgi [None req-4248f6e2-0cf1-4580-b0a1-074b75f259a6 592b6affac1648e0b71dfd16c4ae4001 fe4cecc6deea4f648e224658529bb391 - - default default] DELETE http://[LB_IP_ADDRESS]:8776/v3/fe4cecc6deea4f648e224658529bb391/group_types/ec4b6795-88c8-4a72-b68e-b343e6dbf02e
2026-04-02 18:26:10.522 73 INFO cinder.api.openstack.wsgi [None req-bc8e35df-c9ad-4666-8fd7-4d8f300eeaed 374bf3ed587a41e4975457c260b322c4 761b170693374d34866e700c20f6dc50 - - default default] PUT http://[LB_IP_ADDRESS]:8776/v3/761b170693374d34866e700c20f6dc50/group_types/6bbd32ed-be8f-46b3-906d-8a13e2fdad37/group_specs/key3
2026-04-02 18:26:10.533 75 INFO cinder.api.openstack.wsgi [None req-4248f6e2-0cf1-4580-b0a1-074b75f259a6 592b6affac1648e0b71dfd16c4ae4001 fe4cecc6deea4f648e224658529bb391 - - default default] http://[LB_IP_ADDRESS]:8776/v3/fe4cecc6deea4f648e224658529bb391/group_types/ec4b6795-88c8-4a72-b68e-b343e6dbf02e returned with HTTP 202
2026-04-02 18:26:10.540 73 INFO cinder.api.openstack.wsgi [None req-bc8e35df-c9ad-4666-8fd7-4d8f300eeaed 374bf3ed587a41e4975457c260b322c4 761b170693374d34866e700c20f6dc50 - - default default] http://[LB_IP_ADDRESS]:8776/v3/761b170693374d34866e700c20f6dc50/group_types/6bbd32ed-be8f-46b3-906d-8a13e2fdad37/group_specs/key3 returned with HTTP 200
2026-04-02 18:26:10.545 74 INFO cinder.api.openstack.wsgi [None req-b9da981e-f737-4519-b369-33da3be699b7 592b6affac1648e0b71dfd16c4ae4001 fe4cecc6deea4f648e224658529bb391 - - default default] DELETE http://[LB_IP_ADDRESS]:8776/v3/fe4cecc6deea4f648e224658529bb391/types/5fdd3ff8-f709-4891-9cc9-85410283bd60
2026-04-02 18:26:10.553 72 INFO cinder.api.openstack.wsgi [None req-a6f9f50c-acc5-425b-b5e2-c453a651f4dd 374bf3ed587a41e4975457c260b322c4 761b170693374d34866e700c20f6dc50 - - default default] GET http://[LB_IP_ADDRESS]:8776/v3/761b170693374d34866e700c20f6dc50/group_types/6bbd32ed-be8f-46b3-906d-8a13e2fdad37/group_specs
2026-04-02 18:26:10.557 76 INFO cinder.volume.api [None req-3a8f6867-8021-4648-8b2c-179101bed852 2c098509913d493c8af1141f1b452251 b2cdf4fe0ca747f2ad095c8264dc445d - - default default] Create volume request issued successfully.
2026-04-02 18:26:10.564 72 INFO cinder.api.openstack.wsgi [None req-a6f9f50c-acc5-425b-b5e2-c453a651f4dd 374bf3ed587a41e4975457c260b322c4 761b170693374d34866e700c20f6dc50 - - default default] http://[LB_IP_ADDRESS]:8776/v3/761b170693374d34866e700c20f6dc50/group_types/6bbd32ed-be8f-46b3-906d-8a13e2fdad37/group_specs returned with HTTP 200
2026-04-02 18:26:10.572 76 INFO cinder.api.openstack.wsgi [None req-3a8f6867-8021-4648-8b2c-179101bed852 2c098509913d493c8af1141f1b452251 b2cdf4fe0ca747f2ad095c8264dc445d - - default default] http://[LB_IP_ADDRESS]:8776/v3/b2cdf4fe0ca747f2ad095c8264dc445d/volumes returned with HTTP 202
2026-04-02 18:26:10.578 75 INFO cinder.api.openstack.wsgi [None req-506ea428-9e42-4a17-a838-e35cf075bf75 374bf3ed587a41e4975457c260b322c4 761b170693374d34866e700c20f6dc50 - - default default] DELETE http://[LB_IP_ADDRESS]:8776/v3/761b170693374d34866e700c20f6dc50/group_types/6bbd32ed-be8f-46b3-906d-8a13e2fdad37/group_specs/key1
2026-04-02 18:26:10.590 73 INFO cinder.api.openstack.wsgi [None req-d4d8f64c-fb33-45ac-9ad7-6b9f76ebba56 2c098509913d493c8af1141f1b452251 b2cdf4fe0ca747f2ad095c8264dc445d - - default default] GET http://[LB_IP_ADDRESS]:8776/v3/b2cdf4fe0ca747f2ad095c8264dc445d/volumes/9807d27e-607a-4bf8-be89-332847433d9f
2026-04-02 18:26:10.593 75 INFO cinder.api.openstack.wsgi [None req-506ea428-9e42-4a17-a838-e35cf075bf75 374bf3ed587a41e4975457c260b322c4 761b170693374d34866e700c20f6dc50 - - default default] http://[LB_IP_ADDRESS]:8776/v3/761b170693374d34866e700c20f6dc50/group_types/6bbd32ed-be8f-46b3-906d-8a13e2fdad37/group_specs/key1 returned with HTTP 202
2026-04-02 18:26:10.595 74 INFO cinder.api.openstack.wsgi [None req-b9da981e-f737-4519-b369-33da3be699b7 592b6affac1648e0b71dfd16c4ae4001 fe4cecc6deea4f648e224658529bb391 - - default default] http://[LB_IP_ADDRESS]:8776/v3/fe4cecc6deea4f648e224658529bb391/types/5fdd3ff8-f709-4891-9cc9-85410283bd60 returned with HTTP 202
2026-04-02 18:26:10.605 76 INFO cinder.api.openstack.wsgi [None req-000175fd-678e-457b-b174-c121c00a82bd 592b6affac1648e0b71dfd16c4ae4001 fe4cecc6deea4f648e224658529bb391 - - default default] GET http://[LB_IP_ADDRESS]:8776/v3/fe4cecc6deea4f648e224658529bb391/types/5fdd3ff8-f709-4891-9cc9-85410283bd60
2026-04-02 18:26:10.606 72 INFO cinder.api.openstack.wsgi [None req-db197291-138e-445b-8e75-859f10c683a9 374bf3ed587a41e4975457c260b322c4 761b170693374d34866e700c20f6dc50 - - default default] GET http://[LB_IP_ADDRESS]:8776/v3/761b170693374d34866e700c20f6dc50/group_types/6bbd32ed-be8f-46b3-906d-8a13e2fdad37/group_specs/key1
2026-04-02 18:26:10.606 73 INFO cinder.volume.api [None req-d4d8f64c-fb33-45ac-9ad7-6b9f76ebba56 2c098509913d493c8af1141f1b452251 b2cdf4fe0ca747f2ad095c8264dc445d - - default default] Volume info retrieved successfully.
2026-04-02 18:26:10.609 76 INFO cinder.api.openstack.wsgi [None req-000175fd-678e-457b-b174-c121c00a82bd 592b6affac1648e0b71dfd16c4ae4001 fe4cecc6deea4f648e224658529bb391 - - default default] http://[LB_IP_ADDRESS]:8776/v3/fe4cecc6deea4f648e224658529bb391/types/5fdd3ff8-f709-4891-9cc9-85410283bd60 returned with HTTP 404
2026-04-02 18:26:10.618 72 INFO cinder.api.openstack.wsgi [None req-db197291-138e-445b-8e75-859f10c683a9 374bf3ed587a41e4975457c260b322c4 761b170693374d34866e700c20f6dc50 - - default default] HTTP exception thrown: Group Type 6bbd32ed-be8f-46b3-906d-8a13e2fdad37 has no extra spec with key key1.
2026-04-02 18:26:10.619 72 INFO cinder.api.openstack.wsgi [None req-db197291-138e-445b-8e75-859f10c683a9 374bf3ed587a41e4975457c260b322c4 761b170693374d34866e700c20f6dc50 - - default default] http://[LB_IP_ADDRESS]:8776/v3/761b170693374d34866e700c20f6dc50/group_types/6bbd32ed-be8f-46b3-906d-8a13e2fdad37/group_specs/key1 returned with HTTP 404
2026-04-02 18:26:10.625 75 INFO cinder.api.openstack.wsgi [None req-89c48166-20d0-486d-9d9a-8d7344871239 592b6affac1648e0b71dfd16c4ae4001 fe4cecc6deea4f648e224658529bb391 - - default default] POST http://[LB_IP_ADDRESS]:8776/v3/fe4cecc6deea4f648e224658529bb391/types
2026-04-02 18:26:10.626 73 INFO cinder.api.openstack.wsgi [None req-d4d8f64c-fb33-45ac-9ad7-6b9f76ebba56 2c098509913d493c8af1141f1b452251 b2cdf4fe0ca747f2ad095c8264dc445d - - default default] http://[LB_IP_ADDRESS]:8776/v3/b2cdf4fe0ca747f2ad095c8264dc445d/volumes/9807d27e-607a-4bf8-be89-332847433d9f returned with HTTP 200
2026-04-02 18:26:10.632 74 INFO cinder.api.openstack.wsgi [None req-dc9380ad-e23c-48a7-bb94-8e8d87a939db 374bf3ed587a41e4975457c260b322c4 761b170693374d34866e700c20f6dc50 - - default default] DELETE http://[LB_IP_ADDRESS]:8776/v3/761b170693374d34866e700c20f6dc50/group_types/6bbd32ed-be8f-46b3-906d-8a13e2fdad37/group_specs/key2
2026-04-02 18:26:10.649 74 INFO cinder.api.openstack.wsgi [None req-dc9380ad-e23c-48a7-bb94-8e8d87a939db 374bf3ed587a41e4975457c260b322c4 761b170693374d34866e700c20f6dc50 - - default default] http://[LB_IP_ADDRESS]:8776/v3/761b170693374d34866e700c20f6dc50/group_types/6bbd32ed-be8f-46b3-906d-8a13e2fdad37/group_specs/key2 returned with HTTP 202
2026-04-02 18:26:10.651 75 INFO cinder.api.openstack.wsgi [None req-89c48166-20d0-486d-9d9a-8d7344871239 592b6affac1648e0b71dfd16c4ae4001 fe4cecc6deea4f648e224658529bb391 - - default default] http://[LB_IP_ADDRESS]:8776/v3/fe4cecc6deea4f648e224658529bb391/types returned with HTTP 200
2026-04-02 18:26:10.660 76 INFO cinder.api.openstack.wsgi [None req-d9f69eab-b7ab-44d8-9a13-a151cd0fcd17 374bf3ed587a41e4975457c260b322c4 761b170693374d34866e700c20f6dc50 - - default default] GET http://[LB_IP_ADDRESS]:8776/v3/761b170693374d34866e700c20f6dc50/group_types/6bbd32ed-be8f-46b3-906d-8a13e2fdad37/group_specs/key2
2026-04-02 18:26:10.666 72 INFO cinder.api.openstack.wsgi [None req-a628f8dd-fbc4-4fda-b58f-3c84dfc2512e 592b6affac1648e0b71dfd16c4ae4001 fe4cecc6deea4f648e224658529bb391 - - default default] POST http://[LB_IP_ADDRESS]:8776/v3/fe4cecc6deea4f648e224658529bb391/group_types
2026-04-02 18:26:10.668 76 INFO cinder.api.openstack.wsgi [None req-d9f69eab-b7ab-44d8-9a13-a151cd0fcd17 374bf3ed587a41e4975457c260b322c4 761b170693374d34866e700c20f6dc50 - - default default] HTTP exception thrown: Group Type 6bbd32ed-be8f-46b3-906d-8a13e2fdad37 has no extra spec with key key2.
2026-04-02 18:26:10.668 76 INFO cinder.api.openstack.wsgi [None req-d9f69eab-b7ab-44d8-9a13-a151cd0fcd17 374bf3ed587a41e4975457c260b322c4 761b170693374d34866e700c20f6dc50 - - default default] http://[LB_IP_ADDRESS]:8776/v3/761b170693374d34866e700c20f6dc50/group_types/6bbd32ed-be8f-46b3-906d-8a13e2fdad37/group_specs/key2 returned with HTTP 404
2026-04-02 18:26:10.680 73 INFO cinder.api.openstack.wsgi [None req-8281def0-81e8-4dbe-919f-00cda42bc6d2 374bf3ed587a41e4975457c260b322c4 761b170693374d34866e700c20f6dc50 - - default default] DELETE http://[LB_IP_ADDRESS]:8776/v3/761b170693374d34866e700c20f6dc50/group_types/6bbd32ed-be8f-46b3-906d-8a13e2fdad37/group_specs/key3
2026-04-02 18:26:10.691 72 INFO cinder.api.openstack.wsgi [None req-a628f8dd-fbc4-4fda-b58f-3c84dfc2512e 592b6affac1648e0b71dfd16c4ae4001 fe4cecc6deea4f648e224658529bb391 - - default default] http://[LB_IP_ADDRESS]:8776/v3/fe4cecc6deea4f648e224658529bb391/group_types returned with HTTP 202
2026-04-02 18:26:10.694 73 INFO cinder.api.openstack.wsgi [None req-8281def0-81e8-4dbe-919f-00cda42bc6d2 374bf3ed587a41e4975457c260b322c4 761b170693374d34866e700c20f6dc50 - - default default] http://[LB_IP_ADDRESS]:8776/v3/761b170693374d34866e700c20f6dc50/group_types/6bbd32ed-be8f-46b3-906d-8a13e2fdad37/group_specs/key3 returned with HTTP 202
2026-04-02 18:26:10.706 75 INFO cinder.api.openstack.wsgi [None req-d2781cd1-b644-48ac-90a4-7fa9747bad83 ffef579e59c64d57995a896580930c43 50e7c227f071419a92d715c6b2b6beb9 - - default default] POST http://[LB_IP_ADDRESS]:8776/v3/50e7c227f071419a92d715c6b2b6beb9/groups
2026-04-02 18:26:10.706 74 INFO cinder.api.openstack.wsgi [None req-ae945fad-14d4-4301-81b2-dc402aa4f9c6 374bf3ed587a41e4975457c260b322c4 761b170693374d34866e700c20f6dc50 - - default default] GET http://[LB_IP_ADDRESS]:8776/v3/761b170693374d34866e700c20f6dc50/group_types/6bbd32ed-be8f-46b3-906d-8a13e2fdad37/group_specs/key3
2026-04-02 18:26:10.716 75 INFO cinder.api.v3.groups [None req-d2781cd1-b644-48ac-90a4-7fa9747bad83 ffef579e59c64d57995a896580930c43 50e7c227f071419a92d715c6b2b6beb9 - - default default] Creating group tempest-GroupsTest-Group-432988172.
2026-04-02 18:26:10.717 74 INFO cinder.api.openstack.wsgi [None req-ae945fad-14d4-4301-81b2-dc402aa4f9c6 374bf3ed587a41e4975457c260b322c4 761b170693374d34866e700c20f6dc50 - - default default] HTTP exception thrown: Group Type 6bbd32ed-be8f-46b3-906d-8a13e2fdad37 has no extra spec with key key3.
2026-04-02 18:26:10.717 74 INFO cinder.api.openstack.wsgi [None req-ae945fad-14d4-4301-81b2-dc402aa4f9c6 374bf3ed587a41e4975457c260b322c4 761b170693374d34866e700c20f6dc50 - - default default] http://[LB_IP_ADDRESS]:8776/v3/761b170693374d34866e700c20f6dc50/group_types/6bbd32ed-be8f-46b3-906d-8a13e2fdad37/group_specs/key3 returned with HTTP 404
2026-04-02 18:26:10.729 76 INFO cinder.api.openstack.wsgi [None req-c74e53f3-4758-4aea-88fa-9d5999af869f 374bf3ed587a41e4975457c260b322c4 761b170693374d34866e700c20f6dc50 - - default default] DELETE http://[LB_IP_ADDRESS]:8776/v3/761b170693374d34866e700c20f6dc50/group_types/6bbd32ed-be8f-46b3-906d-8a13e2fdad37
2026-04-02 18:26:10.732 75 INFO cinder.volume.api [None req-d2781cd1-b644-48ac-90a4-7fa9747bad83 ffef579e59c64d57995a896580930c43 50e7c227f071419a92d715c6b2b6beb9 - - default default] Availability Zones retrieved successfully.
2026-04-02 18:26:10.748 76 INFO cinder.api.openstack.wsgi [None req-c74e53f3-4758-4aea-88fa-9d5999af869f 374bf3ed587a41e4975457c260b322c4 761b170693374d34866e700c20f6dc50 - - default default] http://[LB_IP_ADDRESS]:8776/v3/761b170693374d34866e700c20f6dc50/group_types/6bbd32ed-be8f-46b3-906d-8a13e2fdad37 returned with HTTP 202
2026-04-02 18:26:10.795 75 INFO cinder.api.openstack.wsgi [None req-d2781cd1-b644-48ac-90a4-7fa9747bad83 ffef579e59c64d57995a896580930c43 50e7c227f071419a92d715c6b2b6beb9 - - default default] http://[LB_IP_ADDRESS]:8776/v3/50e7c227f071419a92d715c6b2b6beb9/groups returned with HTTP 202
2026-04-02 18:26:10.810 72 INFO cinder.api.openstack.wsgi [None req-4fca3095-0881-40a3-8e8b-ba03e8e7ea1b ffef579e59c64d57995a896580930c43 50e7c227f071419a92d715c6b2b6beb9 - - default default] GET http://[LB_IP_ADDRESS]:8776/v3/50e7c227f071419a92d715c6b2b6beb9/groups/b3608825-8a2b-44fe-b913-1eba4efb8107
2026-04-02 18:26:10.830 72 INFO cinder.api.openstack.wsgi [None req-4fca3095-0881-40a3-8e8b-ba03e8e7ea1b ffef579e59c64d57995a896580930c43 50e7c227f071419a92d715c6b2b6beb9 - - default default] http://[LB_IP_ADDRESS]:8776/v3/50e7c227f071419a92d715c6b2b6beb9/groups/b3608825-8a2b-44fe-b913-1eba4efb8107 returned with HTTP 200
2026-04-02 18:26:11.650 73 INFO cinder.api.openstack.wsgi [None req-f67a16c3-2e34-44be-b801-7dc539cb5eb4 2c098509913d493c8af1141f1b452251 b2cdf4fe0ca747f2ad095c8264dc445d - - default default] GET http://[LB_IP_ADDRESS]:8776/v3/b2cdf4fe0ca747f2ad095c8264dc445d/volumes/9807d27e-607a-4bf8-be89-332847433d9f
2026-04-02 18:26:11.672 73 INFO cinder.volume.api [None req-f67a16c3-2e34-44be-b801-7dc539cb5eb4 2c098509913d493c8af1141f1b452251 b2cdf4fe0ca747f2ad095c8264dc445d - - default default] Volume info retrieved successfully.
2026-04-02 18:26:11.700 73 INFO cinder.api.openstack.wsgi [None req-f67a16c3-2e34-44be-b801-7dc539cb5eb4 2c098509913d493c8af1141f1b452251 b2cdf4fe0ca747f2ad095c8264dc445d - - default default] http://[LB_IP_ADDRESS]:8776/v3/b2cdf4fe0ca747f2ad095c8264dc445d/volumes/9807d27e-607a-4bf8-be89-332847433d9f returned with HTTP 200
2026-04-02 18:26:11.722 74 INFO cinder.api.openstack.wsgi [None req-bbc42473-f68b-4e99-833d-606e2300156f 2c098509913d493c8af1141f1b452251 b2cdf4fe0ca747f2ad095c8264dc445d - - default default] POST http://[LB_IP_ADDRESS]:8776/v3/b2cdf4fe0ca747f2ad095c8264dc445d/volumes
2026-04-02 18:26:11.736 74 INFO cinder.api.v3.volumes [None req-bbc42473-f68b-4e99-833d-606e2300156f 2c098509913d493c8af1141f1b452251 b2cdf4fe0ca747f2ad095c8264dc445d - - default default] Create volume of 1 GB
2026-04-02 18:26:11.745 74 INFO cinder.volume.api [None req-bbc42473-f68b-4e99-833d-606e2300156f 2c098509913d493c8af1141f1b452251 b2cdf4fe0ca747f2ad095c8264dc445d - - default default] Availability Zones retrieved successfully.
2026-04-02 18:26:11.847 76 INFO cinder.api.openstack.wsgi [None req-74ee806e-8a3e-4018-bc87-9e85be703a82 ffef579e59c64d57995a896580930c43 50e7c227f071419a92d715c6b2b6beb9 - - default default] GET http://[LB_IP_ADDRESS]:8776/v3/50e7c227f071419a92d715c6b2b6beb9/groups/b3608825-8a2b-44fe-b913-1eba4efb8107
2026-04-02 18:26:11.858 74 WARNING cinder.quota [None req-bbc42473-f68b-4e99-833d-606e2300156f 2c098509913d493c8af1141f1b452251 b2cdf4fe0ca747f2ad095c8264dc445d - - default default] Deprecated: Default quota for resource: volumes_tempest-GroupSnapshotsTest-volume-type-56791249 is set by the default quota flag: quota_volumes_tempest-GroupSnapshotsTest-volume-type-56791249, it is now deprecated. Please use the default quota class for default quota.
2026-04-02 18:26:11.859 74 WARNING cinder.quota [None req-bbc42473-f68b-4e99-833d-606e2300156f 2c098509913d493c8af1141f1b452251 b2cdf4fe0ca747f2ad095c8264dc445d - - default default] Deprecated: Default quota for resource: gigabytes_tempest-GroupSnapshotsTest-volume-type-56791249 is set by the default quota flag: quota_gigabytes_tempest-GroupSnapshotsTest-volume-type-56791249, it is now deprecated. Please use the default quota class for default quota.
2026-04-02 18:26:11.866 76 INFO cinder.api.openstack.wsgi [None req-74ee806e-8a3e-4018-bc87-9e85be703a82 ffef579e59c64d57995a896580930c43 50e7c227f071419a92d715c6b2b6beb9 - - default default] http://[LB_IP_ADDRESS]:8776/v3/50e7c227f071419a92d715c6b2b6beb9/groups/b3608825-8a2b-44fe-b913-1eba4efb8107 returned with HTTP 200
2026-04-02 18:26:11.882 75 INFO cinder.api.openstack.wsgi [None req-21a2439b-de1a-4eb1-9ea4-9c04c21b4220 ffef579e59c64d57995a896580930c43 50e7c227f071419a92d715c6b2b6beb9 - - default default] POST http://[LB_IP_ADDRESS]:8776/v3/50e7c227f071419a92d715c6b2b6beb9/volumes
2026-04-02 18:26:11.893 75 INFO cinder.api.v3.volumes [None req-21a2439b-de1a-4eb1-9ea4-9c04c21b4220 ffef579e59c64d57995a896580930c43 50e7c227f071419a92d715c6b2b6beb9 - - default default] Create volume of 1 GB
2026-04-02 18:26:11.900 75 INFO cinder.volume.api [None req-21a2439b-de1a-4eb1-9ea4-9c04c21b4220 ffef579e59c64d57995a896580930c43 50e7c227f071419a92d715c6b2b6beb9 - - default default] Availability Zones retrieved successfully.
2026-04-02 18:26:11.935 74 INFO cinder.volume.api [None req-bbc42473-f68b-4e99-833d-606e2300156f 2c098509913d493c8af1141f1b452251 b2cdf4fe0ca747f2ad095c8264dc445d - - default default] Create volume request issued successfully.
2026-04-02 18:26:11.950 74 INFO cinder.api.openstack.wsgi [None req-bbc42473-f68b-4e99-833d-606e2300156f 2c098509913d493c8af1141f1b452251 b2cdf4fe0ca747f2ad095c8264dc445d - - default default] http://[LB_IP_ADDRESS]:8776/v3/b2cdf4fe0ca747f2ad095c8264dc445d/volumes returned with HTTP 202
2026-04-02 18:26:11.970 72 INFO cinder.api.openstack.wsgi [None req-71e6780a-facd-4b78-b6b8-5d15e0e2dda2 2c098509913d493c8af1141f1b452251 b2cdf4fe0ca747f2ad095c8264dc445d - - default default] GET http://[LB_IP_ADDRESS]:8776/v3/b2cdf4fe0ca747f2ad095c8264dc445d/volumes/1bbdc97a-64fd-4fcb-b12a-5ca665d2bc72
2026-04-02 18:26:11.993 72 INFO cinder.volume.api [None req-71e6780a-facd-4b78-b6b8-5d15e0e2dda2 2c098509913d493c8af1141f1b452251 b2cdf4fe0ca747f2ad095c8264dc445d - - default default] Volume info retrieved successfully.
2026-04-02 18:26:12.009 75 WARNING cinder.quota [None req-21a2439b-de1a-4eb1-9ea4-9c04c21b4220 ffef579e59c64d57995a896580930c43 50e7c227f071419a92d715c6b2b6beb9 - - default default] Deprecated: Default quota for resource: volumes_tempest-GroupsTest-volume-type-570476426 is set by the default quota flag: quota_volumes_tempest-GroupsTest-volume-type-570476426, it is now deprecated. Please use the default quota class for default quota.
2026-04-02 18:26:12.010 75 WARNING cinder.quota [None req-21a2439b-de1a-4eb1-9ea4-9c04c21b4220 ffef579e59c64d57995a896580930c43 50e7c227f071419a92d715c6b2b6beb9 - - default default] Deprecated: Default quota for resource: gigabytes_tempest-GroupsTest-volume-type-570476426 is set by the default quota flag: quota_gigabytes_tempest-GroupsTest-volume-type-570476426, it is now deprecated. Please use the default quota class for default quota.
2026-04-02 18:26:12.021 72 INFO cinder.api.openstack.wsgi [None req-71e6780a-facd-4b78-b6b8-5d15e0e2dda2 2c098509913d493c8af1141f1b452251 b2cdf4fe0ca747f2ad095c8264dc445d - - default default] http://[LB_IP_ADDRESS]:8776/v3/b2cdf4fe0ca747f2ad095c8264dc445d/volumes/1bbdc97a-64fd-4fcb-b12a-5ca665d2bc72 returned with HTTP 200
2026-04-02 18:26:12.098 75 INFO cinder.volume.api [None req-21a2439b-de1a-4eb1-9ea4-9c04c21b4220 ffef579e59c64d57995a896580930c43 50e7c227f071419a92d715c6b2b6beb9 - - default default] Create volume request issued successfully.
2026-04-02 18:26:12.111 75 INFO cinder.api.openstack.wsgi [None req-21a2439b-de1a-4eb1-9ea4-9c04c21b4220 ffef579e59c64d57995a896580930c43 50e7c227f071419a92d715c6b2b6beb9 - - default default] http://[LB_IP_ADDRESS]:8776/v3/50e7c227f071419a92d715c6b2b6beb9/volumes returned with HTTP 202
2026-04-02 18:26:12.131 73 INFO cinder.api.openstack.wsgi [None req-c6936871-7516-4e03-bf57-3d854e6d3e25 ffef579e59c64d57995a896580930c43 50e7c227f071419a92d715c6b2b6beb9 - - default default] GET http://[LB_IP_ADDRESS]:8776/v3/50e7c227f071419a92d715c6b2b6beb9/volumes/00e923a8-3287-44f9-a4fc-9a6d86a3cb27
2026-04-02 18:26:12.153 73 INFO cinder.volume.api [None req-c6936871-7516-4e03-bf57-3d854e6d3e25 ffef579e59c64d57995a896580930c43 50e7c227f071419a92d715c6b2b6beb9 - - default default] Volume info retrieved successfully.
2026-04-02 18:26:12.178 73 INFO cinder.api.openstack.wsgi [None req-c6936871-7516-4e03-bf57-3d854e6d3e25 ffef579e59c64d57995a896580930c43 50e7c227f071419a92d715c6b2b6beb9 - - default default] http://[LB_IP_ADDRESS]:8776/v3/50e7c227f071419a92d715c6b2b6beb9/volumes/00e923a8-3287-44f9-a4fc-9a6d86a3cb27 returned with HTTP 200
2026-04-02 18:26:13.044 76 INFO cinder.api.openstack.wsgi [None req-2e886ce8-264c-4844-a780-d85c6edd8b1f 2c098509913d493c8af1141f1b452251 b2cdf4fe0ca747f2ad095c8264dc445d - - default default] GET http://[LB_IP_ADDRESS]:8776/v3/b2cdf4fe0ca747f2ad095c8264dc445d/volumes/1bbdc97a-64fd-4fcb-b12a-5ca665d2bc72
2026-04-02 18:26:13.067 76 INFO cinder.volume.api [None req-2e886ce8-264c-4844-a780-d85c6edd8b1f 2c098509913d493c8af1141f1b452251 b2cdf4fe0ca747f2ad095c8264dc445d - - default default] Volume info retrieved successfully.
2026-04-02 18:26:13.093 76 INFO cinder.api.openstack.wsgi [None req-2e886ce8-264c-4844-a780-d85c6edd8b1f 2c098509913d493c8af1141f1b452251 b2cdf4fe0ca747f2ad095c8264dc445d - - default default] http://[LB_IP_ADDRESS]:8776/v3/b2cdf4fe0ca747f2ad095c8264dc445d/volumes/1bbdc97a-64fd-4fcb-b12a-5ca665d2bc72 returned with HTTP 200
2026-04-02 18:26:13.115 74 INFO cinder.api.openstack.wsgi [None req-c5fb8253-e39d-420d-a255-f635b0669f3a 2c098509913d493c8af1141f1b452251 b2cdf4fe0ca747f2ad095c8264dc445d - - default default] PUT http://[LB_IP_ADDRESS]:8776/v3/b2cdf4fe0ca747f2ad095c8264dc445d/groups/4a901fc1-2897-49a3-96d3-e21cc7a5420f
2026-04-02 18:26:13.118 74 INFO cinder.api.v3.groups [None req-c5fb8253-e39d-420d-a255-f635b0669f3a 2c098509913d493c8af1141f1b452251 b2cdf4fe0ca747f2ad095c8264dc445d - - default default] Updating group 4a901fc1-2897-49a3-96d3-e21cc7a5420f with name None description: None add_volumes: None remove_volumes: 9807d27e-607a-4bf8-be89-332847433d9f.
2026-04-02 18:26:13.151 74 INFO cinder.api.openstack.wsgi [None req-c5fb8253-e39d-420d-a255-f635b0669f3a 2c098509913d493c8af1141f1b452251 b2cdf4fe0ca747f2ad095c8264dc445d - - default default] http://[LB_IP_ADDRESS]:8776/v3/b2cdf4fe0ca747f2ad095c8264dc445d/groups/4a901fc1-2897-49a3-96d3-e21cc7a5420f returned with HTTP 202
2026-04-02 18:26:13.165 72 INFO cinder.api.openstack.wsgi [None req-0754b697-4bcc-4275-961d-2ac3d0c1f64f 2c098509913d493c8af1141f1b452251 b2cdf4fe0ca747f2ad095c8264dc445d - - default default] GET http://[LB_IP_ADDRESS]:8776/v3/b2cdf4fe0ca747f2ad095c8264dc445d/groups/4a901fc1-2897-49a3-96d3-e21cc7a5420f
2026-04-02 18:26:13.187 72 INFO cinder.api.openstack.wsgi [None req-0754b697-4bcc-4275-961d-2ac3d0c1f64f 2c098509913d493c8af1141f1b452251 b2cdf4fe0ca747f2ad095c8264dc445d - - default default] http://[LB_IP_ADDRESS]:8776/v3/b2cdf4fe0ca747f2ad095c8264dc445d/groups/4a901fc1-2897-49a3-96d3-e21cc7a5420f returned with HTTP 200
2026-04-02 18:26:13.201 75 INFO cinder.api.openstack.wsgi [None req-1c8d2164-250e-4b47-a04f-62d71e9d3411 ffef579e59c64d57995a896580930c43 50e7c227f071419a92d715c6b2b6beb9 - - default default] GET http://[LB_IP_ADDRESS]:8776/v3/50e7c227f071419a92d715c6b2b6beb9/volumes/00e923a8-3287-44f9-a4fc-9a6d86a3cb27
2026-04-02 18:26:13.221 75 INFO cinder.volume.api [None req-1c8d2164-250e-4b47-a04f-62d71e9d3411 ffef579e59c64d57995a896580930c43 50e7c227f071419a92d715c6b2b6beb9 - - default default] Volume info retrieved successfully.
2026-04-02 18:26:13.246 75 INFO cinder.api.openstack.wsgi [None req-1c8d2164-250e-4b47-a04f-62d71e9d3411 ffef579e59c64d57995a896580930c43 50e7c227f071419a92d715c6b2b6beb9 - - default default] http://[LB_IP_ADDRESS]:8776/v3/50e7c227f071419a92d715c6b2b6beb9/volumes/00e923a8-3287-44f9-a4fc-9a6d86a3cb27 returned with HTTP 200
2026-04-02 18:26:13.267 73 INFO cinder.api.openstack.wsgi [None req-97926fe9-f733-4675-81f8-73dc7d6199bf ffef579e59c64d57995a896580930c43 50e7c227f071419a92d715c6b2b6beb9 - - default default] POST http://[LB_IP_ADDRESS]:8776/v3/50e7c227f071419a92d715c6b2b6beb9/volumes
2026-04-02 18:26:13.280 73 INFO cinder.api.v3.volumes [None req-97926fe9-f733-4675-81f8-73dc7d6199bf ffef579e59c64d57995a896580930c43 50e7c227f071419a92d715c6b2b6beb9 - - default default] Create volume of 1 GB
2026-04-02 18:26:13.289 73 INFO cinder.volume.api [None req-97926fe9-f733-4675-81f8-73dc7d6199bf ffef579e59c64d57995a896580930c43 50e7c227f071419a92d715c6b2b6beb9 - - default default] Availability Zones retrieved successfully.
2026-04-02 18:26:13.405 73 WARNING cinder.quota [None req-97926fe9-f733-4675-81f8-73dc7d6199bf ffef579e59c64d57995a896580930c43 50e7c227f071419a92d715c6b2b6beb9 - - default default] Deprecated: Default quota for resource: volumes_tempest-GroupsTest-volume-type-570476426 is set by the default quota flag: quota_volumes_tempest-GroupsTest-volume-type-570476426, it is now deprecated. Please use the default quota class for default quota.
2026-04-02 18:26:13.406 73 WARNING cinder.quota [None req-97926fe9-f733-4675-81f8-73dc7d6199bf ffef579e59c64d57995a896580930c43 50e7c227f071419a92d715c6b2b6beb9 - - default default] Deprecated: Default quota for resource: gigabytes_tempest-GroupsTest-volume-type-570476426 is set by the default quota flag: quota_gigabytes_tempest-GroupsTest-volume-type-570476426, it is now deprecated. Please use the default quota class for default quota.
2026-04-02 18:26:13.494 73 INFO cinder.volume.api [None req-97926fe9-f733-4675-81f8-73dc7d6199bf ffef579e59c64d57995a896580930c43 50e7c227f071419a92d715c6b2b6beb9 - - default default] Create volume request issued successfully.
2026-04-02 18:26:13.507 73 INFO cinder.api.openstack.wsgi [None req-97926fe9-f733-4675-81f8-73dc7d6199bf ffef579e59c64d57995a896580930c43 50e7c227f071419a92d715c6b2b6beb9 - - default default] http://[LB_IP_ADDRESS]:8776/v3/50e7c227f071419a92d715c6b2b6beb9/volumes returned with HTTP 202
2026-04-02 18:26:13.527 76 INFO cinder.api.openstack.wsgi [None req-4bd6c177-55a1-4a6c-9f06-15c7b77bc803 ffef579e59c64d57995a896580930c43 50e7c227f071419a92d715c6b2b6beb9 - - default default] GET http://[LB_IP_ADDRESS]:8776/v3/50e7c227f071419a92d715c6b2b6beb9/volumes/bb44c3ee-fbe2-4b8e-976a-0d8cce3250b1
2026-04-02 18:26:13.544 76 INFO cinder.volume.api [None req-4bd6c177-55a1-4a6c-9f06-15c7b77bc803 ffef579e59c64d57995a896580930c43 50e7c227f071419a92d715c6b2b6beb9 - - default default] Volume info retrieved successfully.
2026-04-02 18:26:13.563 76 INFO cinder.api.openstack.wsgi [None req-4bd6c177-55a1-4a6c-9f06-15c7b77bc803 ffef579e59c64d57995a896580930c43 50e7c227f071419a92d715c6b2b6beb9 - - default default] http://[LB_IP_ADDRESS]:8776/v3/50e7c227f071419a92d715c6b2b6beb9/volumes/bb44c3ee-fbe2-4b8e-976a-0d8cce3250b1 returned with HTTP 200
2026-04-02 18:26:14.202 74 INFO cinder.api.openstack.wsgi [None req-40e50fec-0630-409d-ac79-9942f899a8a1 2c098509913d493c8af1141f1b452251 b2cdf4fe0ca747f2ad095c8264dc445d - - default default] GET http://[LB_IP_ADDRESS]:8776/v3/b2cdf4fe0ca747f2ad095c8264dc445d/groups/4a901fc1-2897-49a3-96d3-e21cc7a5420f
2026-04-02 18:26:14.218 74 INFO cinder.api.openstack.wsgi [None req-40e50fec-0630-409d-ac79-9942f899a8a1 2c098509913d493c8af1141f1b452251 b2cdf4fe0ca747f2ad095c8264dc445d - - default default] http://[LB_IP_ADDRESS]:8776/v3/b2cdf4fe0ca747f2ad095c8264dc445d/groups/4a901fc1-2897-49a3-96d3-e21cc7a5420f returned with HTTP 200
2026-04-02 18:26:14.235 72 INFO cinder.api.openstack.wsgi [None req-6e53394d-5e20-423e-8a36-fa4db68d7fa0 2c098509913d493c8af1141f1b452251 b2cdf4fe0ca747f2ad095c8264dc445d - - default default] PUT http://[LB_IP_ADDRESS]:8776/v3/b2cdf4fe0ca747f2ad095c8264dc445d/groups/4a901fc1-2897-49a3-96d3-e21cc7a5420f
2026-04-02 18:26:14.239 72 INFO cinder.api.v3.groups [None req-6e53394d-5e20-423e-8a36-fa4db68d7fa0 2c098509913d493c8af1141f1b452251 b2cdf4fe0ca747f2ad095c8264dc445d - - default default] Updating group 4a901fc1-2897-49a3-96d3-e21cc7a5420f with name None description: None add_volumes: 9807d27e-607a-4bf8-be89-332847433d9f remove_volumes: None.
2026-04-02 18:26:14.289 72 INFO cinder.api.openstack.wsgi [None req-6e53394d-5e20-423e-8a36-fa4db68d7fa0 2c098509913d493c8af1141f1b452251 b2cdf4fe0ca747f2ad095c8264dc445d - - default default] http://[LB_IP_ADDRESS]:8776/v3/b2cdf4fe0ca747f2ad095c8264dc445d/groups/4a901fc1-2897-49a3-96d3-e21cc7a5420f returned with HTTP 202
2026-04-02 18:26:14.301 75 INFO cinder.api.openstack.wsgi [None req-0a2a9ccc-bde3-4953-97d5-3da30a3d9d4f 2c098509913d493c8af1141f1b452251 b2cdf4fe0ca747f2ad095c8264dc445d - - default default] GET http://[LB_IP_ADDRESS]:8776/v3/b2cdf4fe0ca747f2ad095c8264dc445d/groups/4a901fc1-2897-49a3-96d3-e21cc7a5420f
2026-04-02 18:26:14.317 75 INFO cinder.api.openstack.wsgi [None req-0a2a9ccc-bde3-4953-97d5-3da30a3d9d4f 2c098509913d493c8af1141f1b452251 b2cdf4fe0ca747f2ad095c8264dc445d - - default default] http://[LB_IP_ADDRESS]:8776/v3/b2cdf4fe0ca747f2ad095c8264dc445d/groups/4a901fc1-2897-49a3-96d3-e21cc7a5420f returned with HTTP 200
2026-04-02 18:26:14.583 73 INFO cinder.api.openstack.wsgi [None req-6ae03674-d1df-4e77-a260-d97ceef0a7b2 ffef579e59c64d57995a896580930c43 50e7c227f071419a92d715c6b2b6beb9 - - default default] GET http://[LB_IP_ADDRESS]:8776/v3/50e7c227f071419a92d715c6b2b6beb9/volumes/bb44c3ee-fbe2-4b8e-976a-0d8cce3250b1
2026-04-02 18:26:14.604 73 INFO cinder.volume.api [None req-6ae03674-d1df-4e77-a260-d97ceef0a7b2 ffef579e59c64d57995a896580930c43 50e7c227f071419a92d715c6b2b6beb9 - - default default] Volume info retrieved successfully.
2026-04-02 18:26:14.633 73 INFO cinder.api.openstack.wsgi [None req-6ae03674-d1df-4e77-a260-d97ceef0a7b2 ffef579e59c64d57995a896580930c43 50e7c227f071419a92d715c6b2b6beb9 - - default default] http://[LB_IP_ADDRESS]:8776/v3/50e7c227f071419a92d715c6b2b6beb9/volumes/bb44c3ee-fbe2-4b8e-976a-0d8cce3250b1 returned with HTTP 200
2026-04-02 18:26:14.657 76 INFO cinder.api.openstack.wsgi [None req-8351dbaf-1f1c-4454-924e-e057484288bf ffef579e59c64d57995a896580930c43 50e7c227f071419a92d715c6b2b6beb9 - - default default] PUT http://[LB_IP_ADDRESS]:8776/v3/50e7c227f071419a92d715c6b2b6beb9/groups/b3608825-8a2b-44fe-b913-1eba4efb8107
2026-04-02 18:26:14.660 76 INFO cinder.api.v3.groups [None req-8351dbaf-1f1c-4454-924e-e057484288bf ffef579e59c64d57995a896580930c43 50e7c227f071419a92d715c6b2b6beb9 - - default default] Updating group b3608825-8a2b-44fe-b913-1eba4efb8107 with name new_group description: This is a new group add_volumes: None remove_volumes: bb44c3ee-fbe2-4b8e-976a-0d8cce3250b1.
2026-04-02 18:26:14.694 76 INFO cinder.api.openstack.wsgi [None req-8351dbaf-1f1c-4454-924e-e057484288bf ffef579e59c64d57995a896580930c43 50e7c227f071419a92d715c6b2b6beb9 - - default default] http://[LB_IP_ADDRESS]:8776/v3/50e7c227f071419a92d715c6b2b6beb9/groups/b3608825-8a2b-44fe-b913-1eba4efb8107 returned with HTTP 202
2026-04-02 18:26:14.706 74 INFO cinder.api.openstack.wsgi [None req-a339aa9e-48b1-4905-a6c1-ff3c6c3ae918 ffef579e59c64d57995a896580930c43 50e7c227f071419a92d715c6b2b6beb9 - - default default] GET http://[LB_IP_ADDRESS]:8776/v3/50e7c227f071419a92d715c6b2b6beb9/groups/b3608825-8a2b-44fe-b913-1eba4efb8107
2026-04-02 18:26:14.726 74 INFO cinder.api.openstack.wsgi [None req-a339aa9e-48b1-4905-a6c1-ff3c6c3ae918 ffef579e59c64d57995a896580930c43 50e7c227f071419a92d715c6b2b6beb9 - - default default] http://[LB_IP_ADDRESS]:8776/v3/50e7c227f071419a92d715c6b2b6beb9/groups/b3608825-8a2b-44fe-b913-1eba4efb8107 returned with HTTP 200
2026-04-02 18:26:15.237 72 INFO cinder.api.openstack.wsgi [None req-26febda1-e288-4a20-b7fb-55e8e842103f 40ef3fc5010a4c9c9b117aee8c50e902 56f355c1b80d4590a07c82a3abd4bf7d - - default default] POST http://[LB_IP_ADDRESS]:8776/v3/56f355c1b80d4590a07c82a3abd4bf7d/volumes
2026-04-02 18:26:15.240 72 INFO cinder.api.v3.volumes [None req-26febda1-e288-4a20-b7fb-55e8e842103f 40ef3fc5010a4c9c9b117aee8c50e902 56f355c1b80d4590a07c82a3abd4bf7d - - default default] Create volume of 1 GB
2026-04-02 18:26:15.247 72 INFO cinder.volume.api [None req-26febda1-e288-4a20-b7fb-55e8e842103f 40ef3fc5010a4c9c9b117aee8c50e902 56f355c1b80d4590a07c82a3abd4bf7d - - default default] Availability Zones retrieved successfully.
2026-04-02 18:26:15.337 75 INFO cinder.api.openstack.wsgi [None req-2c2a8d3f-c578-4e02-985d-4b24d8f4b1c7 2c098509913d493c8af1141f1b452251 b2cdf4fe0ca747f2ad095c8264dc445d - - default default] GET http://[LB_IP_ADDRESS]:8776/v3/b2cdf4fe0ca747f2ad095c8264dc445d/groups/4a901fc1-2897-49a3-96d3-e21cc7a5420f
2026-04-02 18:26:15.358 75 INFO cinder.api.openstack.wsgi [None req-2c2a8d3f-c578-4e02-985d-4b24d8f4b1c7 2c098509913d493c8af1141f1b452251 b2cdf4fe0ca747f2ad095c8264dc445d - - default default] http://[LB_IP_ADDRESS]:8776/v3/b2cdf4fe0ca747f2ad095c8264dc445d/groups/4a901fc1-2897-49a3-96d3-e21cc7a5420f returned with HTTP 200
2026-04-02 18:26:15.375 73 INFO cinder.api.openstack.wsgi [None req-e1e073ba-bb77-4e52-86f1-e8c68a9bc0f7 2c098509913d493c8af1141f1b452251 b2cdf4fe0ca747f2ad095c8264dc445d - - default default] PUT http://[LB_IP_ADDRESS]:8776/v3/b2cdf4fe0ca747f2ad095c8264dc445d/groups/4a901fc1-2897-49a3-96d3-e21cc7a5420f
2026-04-02 18:26:15.379 73 INFO cinder.api.v3.groups [None req-e1e073ba-bb77-4e52-86f1-e8c68a9bc0f7 2c098509913d493c8af1141f1b452251 b2cdf4fe0ca747f2ad095c8264dc445d - - default default] Updating group 4a901fc1-2897-49a3-96d3-e21cc7a5420f with name None description: None add_volumes: None remove_volumes: 1bbdc97a-64fd-4fcb-b12a-5ca665d2bc72.
2026-04-02 18:26:15.414 73 INFO cinder.api.openstack.wsgi [None req-e1e073ba-bb77-4e52-86f1-e8c68a9bc0f7 2c098509913d493c8af1141f1b452251 b2cdf4fe0ca747f2ad095c8264dc445d - - default default] http://[LB_IP_ADDRESS]:8776/v3/b2cdf4fe0ca747f2ad095c8264dc445d/groups/4a901fc1-2897-49a3-96d3-e21cc7a5420f returned with HTTP 202
2026-04-02 18:26:15.426 76 INFO cinder.api.openstack.wsgi [None req-7cabd781-ab4b-4690-9ab8-fd14cb88b09c 2c098509913d493c8af1141f1b452251 b2cdf4fe0ca747f2ad095c8264dc445d - - default default] GET http://[LB_IP_ADDRESS]:8776/v3/b2cdf4fe0ca747f2ad095c8264dc445d/groups/4a901fc1-2897-49a3-96d3-e21cc7a5420f
2026-04-02 18:26:15.445 76 INFO cinder.api.openstack.wsgi [None req-7cabd781-ab4b-4690-9ab8-fd14cb88b09c 2c098509913d493c8af1141f1b452251 b2cdf4fe0ca747f2ad095c8264dc445d - - default default] http://[LB_IP_ADDRESS]:8776/v3/b2cdf4fe0ca747f2ad095c8264dc445d/groups/4a901fc1-2897-49a3-96d3-e21cc7a5420f returned with HTTP 200
2026-04-02 18:26:15.472 72 INFO cinder.volume.api [None req-26febda1-e288-4a20-b7fb-55e8e842103f 40ef3fc5010a4c9c9b117aee8c50e902 56f355c1b80d4590a07c82a3abd4bf7d - - default default] Create volume request issued successfully.
2026-04-02 18:26:15.473 72 INFO cinder.api.openstack.wsgi [None req-26febda1-e288-4a20-b7fb-55e8e842103f 40ef3fc5010a4c9c9b117aee8c50e902 56f355c1b80d4590a07c82a3abd4bf7d - - default default] http://[LB_IP_ADDRESS]:8776/v3/56f355c1b80d4590a07c82a3abd4bf7d/volumes returned with HTTP 202
2026-04-02 18:26:15.492 74 INFO cinder.api.openstack.wsgi [None req-c6c19ff4-cf6e-405d-a66f-a2e520a56af9 40ef3fc5010a4c9c9b117aee8c50e902 56f355c1b80d4590a07c82a3abd4bf7d - - default default] GET http://[LB_IP_ADDRESS]:8776/v3/56f355c1b80d4590a07c82a3abd4bf7d/volumes/af23b3f9-d653-440a-be6f-8fcc1454ffdc
2026-04-02 18:26:15.506 74 INFO cinder.volume.api [None req-c6c19ff4-cf6e-405d-a66f-a2e520a56af9 40ef3fc5010a4c9c9b117aee8c50e902 56f355c1b80d4590a07c82a3abd4bf7d - - default default] Volume info retrieved successfully.
2026-04-02 18:26:15.512 74 INFO cinder.api.openstack.wsgi [None req-c6c19ff4-cf6e-405d-a66f-a2e520a56af9 40ef3fc5010a4c9c9b117aee8c50e902 56f355c1b80d4590a07c82a3abd4bf7d - - default default] http://[LB_IP_ADDRESS]:8776/v3/56f355c1b80d4590a07c82a3abd4bf7d/volumes/af23b3f9-d653-440a-be6f-8fcc1454ffdc returned with HTTP 200
2026-04-02 18:26:15.743 75 INFO cinder.api.openstack.wsgi [None req-d822f608-b8b0-4a9f-8f66-6f5766b35c38 ffef579e59c64d57995a896580930c43 50e7c227f071419a92d715c6b2b6beb9 - - default default] GET http://[LB_IP_ADDRESS]:8776/v3/50e7c227f071419a92d715c6b2b6beb9/groups/b3608825-8a2b-44fe-b913-1eba4efb8107
