2024-03-19 11:23:45.030 22 INFO cinder.api.openstack.wsgi [None req-359915e3-5af8-4747-b2fd-b11e0def7efb f599703b0b0147ecb6f59708214909fd 2fc63570e77044d6834d5722abc4ad15 - - default default] http://[LB_IP_ADDRESS]:8776/v3/2fc63570e77044d6834d5722abc4ad15/group_types/d0f9f3db-18aa-4553-a628-53df9b70fbab returned with HTTP 202
2024-03-19 11:23:45.041 20 INFO cinder.api.openstack.wsgi [None req-26bc6767-0263-4c7d-b010-9e6fa984d412 f599703b0b0147ecb6f59708214909fd 2fc63570e77044d6834d5722abc4ad15 - - default default] DELETE http://[LB_IP_ADDRESS]:8776/v3/2fc63570e77044d6834d5722abc4ad15/group_types/fa76df31-12df-4f3b-ad65-dc35158c6c83
2024-03-19 11:23:45.067 20 INFO cinder.api.openstack.wsgi [None req-26bc6767-0263-4c7d-b010-9e6fa984d412 f599703b0b0147ecb6f59708214909fd 2fc63570e77044d6834d5722abc4ad15 - - default default] http://[LB_IP_ADDRESS]:8776/v3/2fc63570e77044d6834d5722abc4ad15/group_types/fa76df31-12df-4f3b-ad65-dc35158c6c83 returned with HTTP 202
2024-03-19 11:23:47.085 19 INFO cinder.api.openstack.wsgi [None req-daaa541f-62c6-423e-b1fe-3213cbfdeffa e81933ac160c46a1bc4970af5cf5917c ce069ee271404c12aff104e6ff04bcd2 - - default default] GET http://[LB_IP_ADDRESS]:8776/v3/ce069ee271404c12aff104e6ff04bcd2/scheduler-stats/get_pools
2024-03-19 11:23:47.106 19 INFO cinder.api.openstack.wsgi [None req-daaa541f-62c6-423e-b1fe-3213cbfdeffa e81933ac160c46a1bc4970af5cf5917c ce069ee271404c12aff104e6ff04bcd2 - - default default] http://[LB_IP_ADDRESS]:8776/v3/ce069ee271404c12aff104e6ff04bcd2/scheduler-stats/get_pools returned with HTTP 200
2024-03-19 11:23:47.123 21 INFO cinder.api.openstack.wsgi [None req-c716fc93-2bb2-4f1e-982c-4b79d0da258f e81933ac160c46a1bc4970af5cf5917c ce069ee271404c12aff104e6ff04bcd2 - - default default] GET http://[LB_IP_ADDRESS]:8776/v3/ce069ee271404c12aff104e6ff04bcd2/scheduler-stats/get_pools?detail=True
2024-03-19 11:23:47.142 21 INFO cinder.api.openstack.wsgi [None req-c716fc93-2bb2-4f1e-982c-4b79d0da258f e81933ac160c46a1bc4970af5cf5917c ce069ee271404c12aff104e6ff04bcd2 - - default default] http://[LB_IP_ADDRESS]:8776/v3/ce069ee271404c12aff104e6ff04bcd2/scheduler-stats/get_pools?detail=True returned with HTTP 200
2024-03-19 11:23:47.161 23 INFO cinder.api.openstack.wsgi [None req-ce55ce45-7689-4903-8a1e-9b2588aedede e81933ac160c46a1bc4970af5cf5917c ce069ee271404c12aff104e6ff04bcd2 - - default default] GET http://[LB_IP_ADDRESS]:8776/v3/ce069ee271404c12aff104e6ff04bcd2/capabilities/lightos_cinder_cluster@LIGHTOSajsvhm
2024-03-19 11:23:47.181 23 INFO cinder.api.openstack.wsgi [None req-ce55ce45-7689-4903-8a1e-9b2588aedede e81933ac160c46a1bc4970af5cf5917c ce069ee271404c12aff104e6ff04bcd2 - - default default] http://[LB_IP_ADDRESS]:8776/v3/ce069ee271404c12aff104e6ff04bcd2/capabilities/lightos_cinder_cluster@LIGHTOSajsvhm returned with HTTP 200
2024-03-19 11:23:47.200 22 INFO cinder.api.openstack.wsgi [None req-583b35d6-0ee6-4e29-9ce8-4eb1c917fa17 e81933ac160c46a1bc4970af5cf5917c ce069ee271404c12aff104e6ff04bcd2 - - default default] GET http://[LB_IP_ADDRESS]:8776/v3/ce069ee271404c12aff104e6ff04bcd2/capabilities/lightos_cinder_cluster@LIGHTOSajsvhm
2024-03-19 11:23:47.215 22 INFO cinder.api.openstack.wsgi [None req-583b35d6-0ee6-4e29-9ce8-4eb1c917fa17 e81933ac160c46a1bc4970af5cf5917c ce069ee271404c12aff104e6ff04bcd2 - - default default] http://[LB_IP_ADDRESS]:8776/v3/ce069ee271404c12aff104e6ff04bcd2/capabilities/lightos_cinder_cluster@LIGHTOSajsvhm returned with HTTP 200
2024-03-19 11:23:47.984 20 INFO cinder.api.openstack.wsgi [None req-53cf87d2-5c4f-4b4f-bda3-b53eb81af7ce c7a5e6c5fb784648a41260e9b79e4e38 1b082ab53649483c808659f40dfd4bb1 - - default default] POST http://[LB_IP_ADDRESS]:8776/v3/1b082ab53649483c808659f40dfd4bb1/group_types
2024-03-19 11:23:48.014 20 INFO cinder.api.openstack.wsgi [None req-53cf87d2-5c4f-4b4f-bda3-b53eb81af7ce c7a5e6c5fb784648a41260e9b79e4e38 1b082ab53649483c808659f40dfd4bb1 - - default default] http://[LB_IP_ADDRESS]:8776/v3/1b082ab53649483c808659f40dfd4bb1/group_types returned with HTTP 202
2024-03-19 11:23:48.028 19 INFO cinder.api.openstack.wsgi [None req-72d34933-a640-4fdd-acbb-b33ebb60e16d c7a5e6c5fb784648a41260e9b79e4e38 1b082ab53649483c808659f40dfd4bb1 - - default default] POST http://[LB_IP_ADDRESS]:8776/v3/1b082ab53649483c808659f40dfd4bb1/group_types/e329f1e5-c5fd-438f-94e7-9c57030a36c1/group_specs
2024-03-19 11:23:48.055 19 INFO cinder.api.openstack.wsgi [None req-72d34933-a640-4fdd-acbb-b33ebb60e16d c7a5e6c5fb784648a41260e9b79e4e38 1b082ab53649483c808659f40dfd4bb1 - - default default] http://[LB_IP_ADDRESS]:8776/v3/1b082ab53649483c808659f40dfd4bb1/group_types/e329f1e5-c5fd-438f-94e7-9c57030a36c1/group_specs returned with HTTP 202
2024-03-19 11:23:48.069 21 INFO cinder.api.openstack.wsgi [None req-16b4a3a2-21de-4ac0-b120-ed291c484869 c7a5e6c5fb784648a41260e9b79e4e38 1b082ab53649483c808659f40dfd4bb1 - - default default] POST http://[LB_IP_ADDRESS]:8776/v3/1b082ab53649483c808659f40dfd4bb1/group_types/e329f1e5-c5fd-438f-94e7-9c57030a36c1/group_specs
2024-03-19 11:23:48.094 21 INFO cinder.api.openstack.wsgi [None req-16b4a3a2-21de-4ac0-b120-ed291c484869 c7a5e6c5fb784648a41260e9b79e4e38 1b082ab53649483c808659f40dfd4bb1 - - default default] http://[LB_IP_ADDRESS]:8776/v3/1b082ab53649483c808659f40dfd4bb1/group_types/e329f1e5-c5fd-438f-94e7-9c57030a36c1/group_specs returned with HTTP 202
2024-03-19 11:23:48.108 23 INFO cinder.api.openstack.wsgi [None req-43c462f9-d33e-4167-87ce-a6593b1cacb4 c7a5e6c5fb784648a41260e9b79e4e38 1b082ab53649483c808659f40dfd4bb1 - - default default] GET http://[LB_IP_ADDRESS]:8776/v3/1b082ab53649483c808659f40dfd4bb1/group_types/e329f1e5-c5fd-438f-94e7-9c57030a36c1/group_specs/key2
2024-03-19 11:23:48.124 23 INFO cinder.api.openstack.wsgi [None req-43c462f9-d33e-4167-87ce-a6593b1cacb4 c7a5e6c5fb784648a41260e9b79e4e38 1b082ab53649483c808659f40dfd4bb1 - - default default] http://[LB_IP_ADDRESS]:8776/v3/1b082ab53649483c808659f40dfd4bb1/group_types/e329f1e5-c5fd-438f-94e7-9c57030a36c1/group_specs/key2 returned with HTTP 200
2024-03-19 11:23:48.137 22 INFO cinder.api.openstack.wsgi [None req-8d5513d8-9908-4c92-9f41-f71704fb9fa9 c7a5e6c5fb784648a41260e9b79e4e38 1b082ab53649483c808659f40dfd4bb1 - - default default] GET http://[LB_IP_ADDRESS]:8776/v3/1b082ab53649483c808659f40dfd4bb1/group_types/e329f1e5-c5fd-438f-94e7-9c57030a36c1/group_specs/key3
2024-03-19 11:23:48.151 22 INFO cinder.api.openstack.wsgi [None req-8d5513d8-9908-4c92-9f41-f71704fb9fa9 c7a5e6c5fb784648a41260e9b79e4e38 1b082ab53649483c808659f40dfd4bb1 - - default default] http://[LB_IP_ADDRESS]:8776/v3/1b082ab53649483c808659f40dfd4bb1/group_types/e329f1e5-c5fd-438f-94e7-9c57030a36c1/group_specs/key3 returned with HTTP 200
2024-03-19 11:23:48.163 20 INFO cinder.api.openstack.wsgi [None req-2210b703-af42-470d-bc16-20753455c82a c7a5e6c5fb784648a41260e9b79e4e38 1b082ab53649483c808659f40dfd4bb1 - - default default] PUT http://[LB_IP_ADDRESS]:8776/v3/1b082ab53649483c808659f40dfd4bb1/group_types/e329f1e5-c5fd-438f-94e7-9c57030a36c1/group_specs/key3
2024-03-19 11:23:48.179 20 INFO cinder.api.openstack.wsgi [None req-2210b703-af42-470d-bc16-20753455c82a c7a5e6c5fb784648a41260e9b79e4e38 1b082ab53649483c808659f40dfd4bb1 - - default default] http://[LB_IP_ADDRESS]:8776/v3/1b082ab53649483c808659f40dfd4bb1/group_types/e329f1e5-c5fd-438f-94e7-9c57030a36c1/group_specs/key3 returned with HTTP 200
2024-03-19 11:23:48.192 19 INFO cinder.api.openstack.wsgi [None req-3faa37cd-3774-419e-a205-26a45bf737ed c7a5e6c5fb784648a41260e9b79e4e38 1b082ab53649483c808659f40dfd4bb1 - - default default] GET http://[LB_IP_ADDRESS]:8776/v3/1b082ab53649483c808659f40dfd4bb1/group_types/e329f1e5-c5fd-438f-94e7-9c57030a36c1/group_specs
2024-03-19 11:23:48.206 19 INFO cinder.api.openstack.wsgi [None req-3faa37cd-3774-419e-a205-26a45bf737ed c7a5e6c5fb784648a41260e9b79e4e38 1b082ab53649483c808659f40dfd4bb1 - - default default] http://[LB_IP_ADDRESS]:8776/v3/1b082ab53649483c808659f40dfd4bb1/group_types/e329f1e5-c5fd-438f-94e7-9c57030a36c1/group_specs returned with HTTP 200
2024-03-19 11:23:48.219 21 INFO cinder.api.openstack.wsgi [None req-ed846344-8f3a-4575-8a8a-119dddd4e90d c7a5e6c5fb784648a41260e9b79e4e38 1b082ab53649483c808659f40dfd4bb1 - - default default] DELETE http://[LB_IP_ADDRESS]:8776/v3/1b082ab53649483c808659f40dfd4bb1/group_types/e329f1e5-c5fd-438f-94e7-9c57030a36c1/group_specs/key1
2024-03-19 11:23:48.237 21 INFO cinder.api.openstack.wsgi [None req-ed846344-8f3a-4575-8a8a-119dddd4e90d c7a5e6c5fb784648a41260e9b79e4e38 1b082ab53649483c808659f40dfd4bb1 - - default default] http://[LB_IP_ADDRESS]:8776/v3/1b082ab53649483c808659f40dfd4bb1/group_types/e329f1e5-c5fd-438f-94e7-9c57030a36c1/group_specs/key1 returned with HTTP 202
2024-03-19 11:23:48.249 23 INFO cinder.api.openstack.wsgi [None req-88956303-2cab-45cc-97b9-20d53fbc2a3e c7a5e6c5fb784648a41260e9b79e4e38 1b082ab53649483c808659f40dfd4bb1 - - default default] GET http://[LB_IP_ADDRESS]:8776/v3/1b082ab53649483c808659f40dfd4bb1/group_types/e329f1e5-c5fd-438f-94e7-9c57030a36c1/group_specs/key1
2024-03-19 11:23:48.263 23 INFO cinder.api.openstack.wsgi [None req-88956303-2cab-45cc-97b9-20d53fbc2a3e c7a5e6c5fb784648a41260e9b79e4e38 1b082ab53649483c808659f40dfd4bb1 - - default default] HTTP exception thrown: Group Type e329f1e5-c5fd-438f-94e7-9c57030a36c1 has no extra spec with key key1.
2024-03-19 11:23:48.263 23 INFO cinder.api.openstack.wsgi [None req-88956303-2cab-45cc-97b9-20d53fbc2a3e c7a5e6c5fb784648a41260e9b79e4e38 1b082ab53649483c808659f40dfd4bb1 - - default default] http://[LB_IP_ADDRESS]:8776/v3/1b082ab53649483c808659f40dfd4bb1/group_types/e329f1e5-c5fd-438f-94e7-9c57030a36c1/group_specs/key1 returned with HTTP 404
2024-03-19 11:23:48.275 22 INFO cinder.api.openstack.wsgi [None req-d153367a-eb90-481a-a3cb-fa30b34d90c9 c7a5e6c5fb784648a41260e9b79e4e38 1b082ab53649483c808659f40dfd4bb1 - - default default] DELETE http://[LB_IP_ADDRESS]:8776/v3/1b082ab53649483c808659f40dfd4bb1/group_types/e329f1e5-c5fd-438f-94e7-9c57030a36c1/group_specs/key2
2024-03-19 11:23:48.295 22 INFO cinder.api.openstack.wsgi [None req-d153367a-eb90-481a-a3cb-fa30b34d90c9 c7a5e6c5fb784648a41260e9b79e4e38 1b082ab53649483c808659f40dfd4bb1 - - default default] http://[LB_IP_ADDRESS]:8776/v3/1b082ab53649483c808659f40dfd4bb1/group_types/e329f1e5-c5fd-438f-94e7-9c57030a36c1/group_specs/key2 returned with HTTP 202
2024-03-19 11:23:48.305 20 INFO cinder.api.openstack.wsgi [None req-abe3c970-90b6-40f8-991e-b8cde078be64 c7a5e6c5fb784648a41260e9b79e4e38 1b082ab53649483c808659f40dfd4bb1 - - default default] GET http://[LB_IP_ADDRESS]:8776/v3/1b082ab53649483c808659f40dfd4bb1/group_types/e329f1e5-c5fd-438f-94e7-9c57030a36c1/group_specs/key2
2024-03-19 11:23:48.315 20 INFO cinder.api.openstack.wsgi [None req-abe3c970-90b6-40f8-991e-b8cde078be64 c7a5e6c5fb784648a41260e9b79e4e38 1b082ab53649483c808659f40dfd4bb1 - - default default] HTTP exception thrown: Group Type e329f1e5-c5fd-438f-94e7-9c57030a36c1 has no extra spec with key key2.
2024-03-19 11:23:48.316 20 INFO cinder.api.openstack.wsgi [None req-abe3c970-90b6-40f8-991e-b8cde078be64 c7a5e6c5fb784648a41260e9b79e4e38 1b082ab53649483c808659f40dfd4bb1 - - default default] http://[LB_IP_ADDRESS]:8776/v3/1b082ab53649483c808659f40dfd4bb1/group_types/e329f1e5-c5fd-438f-94e7-9c57030a36c1/group_specs/key2 returned with HTTP 404
2024-03-19 11:23:48.327 19 INFO cinder.api.openstack.wsgi [None req-aef86eb0-fb54-4899-be56-5b6c76892c10 c7a5e6c5fb784648a41260e9b79e4e38 1b082ab53649483c808659f40dfd4bb1 - - default default] DELETE http://[LB_IP_ADDRESS]:8776/v3/1b082ab53649483c808659f40dfd4bb1/group_types/e329f1e5-c5fd-438f-94e7-9c57030a36c1/group_specs/key3
2024-03-19 11:23:48.344 19 INFO cinder.api.openstack.wsgi [None req-aef86eb0-fb54-4899-be56-5b6c76892c10 c7a5e6c5fb784648a41260e9b79e4e38 1b082ab53649483c808659f40dfd4bb1 - - default default] http://[LB_IP_ADDRESS]:8776/v3/1b082ab53649483c808659f40dfd4bb1/group_types/e329f1e5-c5fd-438f-94e7-9c57030a36c1/group_specs/key3 returned with HTTP 202
2024-03-19 11:23:48.356 21 INFO cinder.api.openstack.wsgi [None req-f4fbf689-ae4f-423e-9f21-c8c82b524558 c7a5e6c5fb784648a41260e9b79e4e38 1b082ab53649483c808659f40dfd4bb1 - - default default] GET http://[LB_IP_ADDRESS]:8776/v3/1b082ab53649483c808659f40dfd4bb1/group_types/e329f1e5-c5fd-438f-94e7-9c57030a36c1/group_specs/key3
2024-03-19 11:23:48.370 21 INFO cinder.api.openstack.wsgi [None req-f4fbf689-ae4f-423e-9f21-c8c82b524558 c7a5e6c5fb784648a41260e9b79e4e38 1b082ab53649483c808659f40dfd4bb1 - - default default] HTTP exception thrown: Group Type e329f1e5-c5fd-438f-94e7-9c57030a36c1 has no extra spec with key key3.
2024-03-19 11:23:48.371 21 INFO cinder.api.openstack.wsgi [None req-f4fbf689-ae4f-423e-9f21-c8c82b524558 c7a5e6c5fb784648a41260e9b79e4e38 1b082ab53649483c808659f40dfd4bb1 - - default default] http://[LB_IP_ADDRESS]:8776/v3/1b082ab53649483c808659f40dfd4bb1/group_types/e329f1e5-c5fd-438f-94e7-9c57030a36c1/group_specs/key3 returned with HTTP 404
2024-03-19 11:23:48.382 23 INFO cinder.api.openstack.wsgi [None req-67ff4fc4-efb4-4370-b71c-57d854b1a312 c7a5e6c5fb784648a41260e9b79e4e38 1b082ab53649483c808659f40dfd4bb1 - - default default] DELETE http://[LB_IP_ADDRESS]:8776/v3/1b082ab53649483c808659f40dfd4bb1/group_types/e329f1e5-c5fd-438f-94e7-9c57030a36c1
2024-03-19 11:23:48.408 23 INFO cinder.api.openstack.wsgi [None req-67ff4fc4-efb4-4370-b71c-57d854b1a312 c7a5e6c5fb784648a41260e9b79e4e38 1b082ab53649483c808659f40dfd4bb1 - - default default] http://[LB_IP_ADDRESS]:8776/v3/1b082ab53649483c808659f40dfd4bb1/group_types/e329f1e5-c5fd-438f-94e7-9c57030a36c1 returned with HTTP 202
2024-03-19 11:23:50.588 22 INFO cinder.api.openstack.wsgi [None req-57b4ad0f-d844-4797-b7e4-c0281a4fbfe8 b2b5dc91b9e14463b53916956ec7b340 d3092edee1864654892c0c30d92ef26d - - default default] POST http://[LB_IP_ADDRESS]:8776/v3/d3092edee1864654892c0c30d92ef26d/types
2024-03-19 11:23:50.614 22 INFO cinder.api.openstack.wsgi [None req-57b4ad0f-d844-4797-b7e4-c0281a4fbfe8 b2b5dc91b9e14463b53916956ec7b340 d3092edee1864654892c0c30d92ef26d - - default default] http://[LB_IP_ADDRESS]:8776/v3/d3092edee1864654892c0c30d92ef26d/types returned with HTTP 200
2024-03-19 11:23:50.627 20 INFO cinder.api.openstack.wsgi [None req-93fb7b7e-aad7-4764-bd4b-4b5553483b3f b2b5dc91b9e14463b53916956ec7b340 d3092edee1864654892c0c30d92ef26d - - default default] POST http://[LB_IP_ADDRESS]:8776/v3/d3092edee1864654892c0c30d92ef26d/group_types
2024-03-19 11:23:50.646 20 INFO cinder.api.openstack.wsgi [None req-93fb7b7e-aad7-4764-bd4b-4b5553483b3f b2b5dc91b9e14463b53916956ec7b340 d3092edee1864654892c0c30d92ef26d - - default default] http://[LB_IP_ADDRESS]:8776/v3/d3092edee1864654892c0c30d92ef26d/group_types returned with HTTP 202
2024-03-19 11:23:50.784 19 INFO cinder.api.openstack.wsgi [None req-d4262adf-90ed-4af9-ba3b-b08277b6392c f6decc215001434582939ec524fbe20b 2326250348e14679bac2b4952f572ff1 - - default default] POST http://[LB_IP_ADDRESS]:8776/v3/2326250348e14679bac2b4952f572ff1/groups
2024-03-19 11:23:50.794 19 INFO cinder.api.v3.groups [None req-d4262adf-90ed-4af9-ba3b-b08277b6392c f6decc215001434582939ec524fbe20b 2326250348e14679bac2b4952f572ff1 - - default default] Creating group tempest-Group1-785981429.
2024-03-19 11:23:50.808 19 INFO cinder.volume.api [None req-d4262adf-90ed-4af9-ba3b-b08277b6392c f6decc215001434582939ec524fbe20b 2326250348e14679bac2b4952f572ff1 - - default default] Availability Zones retrieved successfully.
2024-03-19 11:23:50.880 19 INFO cinder.api.openstack.wsgi [None req-d4262adf-90ed-4af9-ba3b-b08277b6392c f6decc215001434582939ec524fbe20b 2326250348e14679bac2b4952f572ff1 - - default default] http://[LB_IP_ADDRESS]:8776/v3/2326250348e14679bac2b4952f572ff1/groups returned with HTTP 202
2024-03-19 11:23:50.891 21 INFO cinder.api.openstack.wsgi [None req-b765baf1-465a-4e0b-8c6f-3dee41b09849 f6decc215001434582939ec524fbe20b 2326250348e14679bac2b4952f572ff1 - - default default] GET http://[LB_IP_ADDRESS]:8776/v3/2326250348e14679bac2b4952f572ff1/groups/3319cd44-dcbe-4198-9e05-5de137478953
2024-03-19 11:23:50.910 21 INFO cinder.api.openstack.wsgi [None req-b765baf1-465a-4e0b-8c6f-3dee41b09849 f6decc215001434582939ec524fbe20b 2326250348e14679bac2b4952f572ff1 - - default default] http://[LB_IP_ADDRESS]:8776/v3/2326250348e14679bac2b4952f572ff1/groups/3319cd44-dcbe-4198-9e05-5de137478953 returned with HTTP 200
2024-03-19 11:23:51.927 23 INFO cinder.api.openstack.wsgi [None req-a6b32b76-79b6-4412-8c83-358c2dba7e9c f6decc215001434582939ec524fbe20b 2326250348e14679bac2b4952f572ff1 - - default default] GET http://[LB_IP_ADDRESS]:8776/v3/2326250348e14679bac2b4952f572ff1/groups/3319cd44-dcbe-4198-9e05-5de137478953
2024-03-19 11:23:51.952 23 INFO cinder.api.openstack.wsgi [None req-a6b32b76-79b6-4412-8c83-358c2dba7e9c f6decc215001434582939ec524fbe20b 2326250348e14679bac2b4952f572ff1 - - default default] http://[LB_IP_ADDRESS]:8776/v3/2326250348e14679bac2b4952f572ff1/groups/3319cd44-dcbe-4198-9e05-5de137478953 returned with HTTP 200
2024-03-19 11:23:51.967 22 INFO cinder.api.openstack.wsgi [None req-c0ed3590-ff0b-40a1-b192-d7dda34c94f9 f6decc215001434582939ec524fbe20b 2326250348e14679bac2b4952f572ff1 - - default default] POST http://[LB_IP_ADDRESS]:8776/v3/2326250348e14679bac2b4952f572ff1/groups
2024-03-19 11:23:51.977 22 INFO cinder.api.v3.groups [None req-c0ed3590-ff0b-40a1-b192-d7dda34c94f9 f6decc215001434582939ec524fbe20b 2326250348e14679bac2b4952f572ff1 - - default default] Creating group tempest-Group2-2075295224.
2024-03-19 11:23:51.989 22 INFO cinder.volume.api [None req-c0ed3590-ff0b-40a1-b192-d7dda34c94f9 f6decc215001434582939ec524fbe20b 2326250348e14679bac2b4952f572ff1 - - default default] Availability Zones retrieved successfully.
2024-03-19 11:23:52.051 22 INFO cinder.api.openstack.wsgi [None req-c0ed3590-ff0b-40a1-b192-d7dda34c94f9 f6decc215001434582939ec524fbe20b 2326250348e14679bac2b4952f572ff1 - - default default] http://[LB_IP_ADDRESS]:8776/v3/2326250348e14679bac2b4952f572ff1/groups returned with HTTP 202
2024-03-19 11:23:52.063 20 INFO cinder.api.openstack.wsgi [None req-f00dd405-54c9-4713-8f11-a345c3d7c1ff f6decc215001434582939ec524fbe20b 2326250348e14679bac2b4952f572ff1 - - default default] GET http://[LB_IP_ADDRESS]:8776/v3/2326250348e14679bac2b4952f572ff1/groups/c1ff998b-95f9-43ff-b4ea-5466f6d9048d
2024-03-19 11:23:52.084 20 INFO cinder.api.openstack.wsgi [None req-f00dd405-54c9-4713-8f11-a345c3d7c1ff f6decc215001434582939ec524fbe20b 2326250348e14679bac2b4952f572ff1 - - default default] http://[LB_IP_ADDRESS]:8776/v3/2326250348e14679bac2b4952f572ff1/groups/c1ff998b-95f9-43ff-b4ea-5466f6d9048d returned with HTTP 200
2024-03-19 11:23:52.787 19 INFO cinder.api.openstack.wsgi [None req-3ef32764-9929-4f13-ac11-f44c58fed558 8cb30a4678374c6d94141eeee503f943 22fcb3320a3c46a88ce33ce7c85ffbf7 - - default default] POST http://[LB_IP_ADDRESS]:8776/v3/22fcb3320a3c46a88ce33ce7c85ffbf7/types
2024-03-19 11:23:52.814 19 INFO cinder.api.openstack.wsgi [None req-3ef32764-9929-4f13-ac11-f44c58fed558 8cb30a4678374c6d94141eeee503f943 22fcb3320a3c46a88ce33ce7c85ffbf7 - - default default] http://[LB_IP_ADDRESS]:8776/v3/22fcb3320a3c46a88ce33ce7c85ffbf7/types returned with HTTP 200
2024-03-19 11:23:52.829 21 INFO cinder.api.openstack.wsgi [None req-a0d2a4f0-633a-4278-ae50-44bd63cc3b68 8cb30a4678374c6d94141eeee503f943 22fcb3320a3c46a88ce33ce7c85ffbf7 - - default default] POST http://[LB_IP_ADDRESS]:8776/v3/22fcb3320a3c46a88ce33ce7c85ffbf7/group_types
2024-03-19 11:23:52.856 21 INFO cinder.api.openstack.wsgi [None req-a0d2a4f0-633a-4278-ae50-44bd63cc3b68 8cb30a4678374c6d94141eeee503f943 22fcb3320a3c46a88ce33ce7c85ffbf7 - - default default] http://[LB_IP_ADDRESS]:8776/v3/22fcb3320a3c46a88ce33ce7c85ffbf7/group_types returned with HTTP 202
2024-03-19 11:23:53.046 23 INFO cinder.api.openstack.wsgi [None req-d40ae267-67fe-43a7-99be-bed55f16968d 2257e868e0c84e8088e054c357a73261 c77975fc877745f99eb28e39486d6c7e - - default default] POST http://[LB_IP_ADDRESS]:8776/v3/c77975fc877745f99eb28e39486d6c7e/groups
2024-03-19 11:23:53.059 23 INFO cinder.api.v3.groups [None req-d40ae267-67fe-43a7-99be-bed55f16968d 2257e868e0c84e8088e054c357a73261 c77975fc877745f99eb28e39486d6c7e - - default default] Creating group tempest-GroupSnapshotsTest-Group-906740627.
2024-03-19 11:23:53.072 23 INFO cinder.volume.api [None req-d40ae267-67fe-43a7-99be-bed55f16968d 2257e868e0c84e8088e054c357a73261 c77975fc877745f99eb28e39486d6c7e - - default default] Availability Zones retrieved successfully.
2024-03-19 11:23:53.101 22 INFO cinder.api.openstack.wsgi [None req-3484ea67-2246-4ec1-ab5c-791a7e4a96b3 f6decc215001434582939ec524fbe20b 2326250348e14679bac2b4952f572ff1 - - default default] GET http://[LB_IP_ADDRESS]:8776/v3/2326250348e14679bac2b4952f572ff1/groups/c1ff998b-95f9-43ff-b4ea-5466f6d9048d
2024-03-19 11:23:53.125 22 INFO cinder.api.openstack.wsgi [None req-3484ea67-2246-4ec1-ab5c-791a7e4a96b3 f6decc215001434582939ec524fbe20b 2326250348e14679bac2b4952f572ff1 - - default default] http://[LB_IP_ADDRESS]:8776/v3/2326250348e14679bac2b4952f572ff1/groups/c1ff998b-95f9-43ff-b4ea-5466f6d9048d returned with HTTP 200
2024-03-19 11:23:53.142 20 INFO cinder.api.openstack.wsgi [None req-64f5048e-880e-4cd5-bd0d-e86a30a678fc f6decc215001434582939ec524fbe20b 2326250348e14679bac2b4952f572ff1 - - default default] POST http://[LB_IP_ADDRESS]:8776/v3/2326250348e14679bac2b4952f572ff1/volumes
2024-03-19 11:23:53.147 23 INFO cinder.api.openstack.wsgi [None req-d40ae267-67fe-43a7-99be-bed55f16968d 2257e868e0c84e8088e054c357a73261 c77975fc877745f99eb28e39486d6c7e - - default default] http://[LB_IP_ADDRESS]:8776/v3/c77975fc877745f99eb28e39486d6c7e/groups returned with HTTP 202
2024-03-19 11:23:53.161 19 INFO cinder.api.openstack.wsgi [None req-b4330ecb-0847-443d-b0ba-bfba136da389 2257e868e0c84e8088e054c357a73261 c77975fc877745f99eb28e39486d6c7e - - default default] GET http://[LB_IP_ADDRESS]:8776/v3/c77975fc877745f99eb28e39486d6c7e/groups/b52a978c-663d-4ffd-96bb-099908150839
2024-03-19 11:23:53.166 20 INFO cinder.api.v3.volumes [None req-64f5048e-880e-4cd5-bd0d-e86a30a678fc f6decc215001434582939ec524fbe20b 2326250348e14679bac2b4952f572ff1 - - default default] Create volume of 1 GB
2024-03-19 11:23:53.177 20 INFO cinder.volume.api [None req-64f5048e-880e-4cd5-bd0d-e86a30a678fc f6decc215001434582939ec524fbe20b 2326250348e14679bac2b4952f572ff1 - - default default] Availability Zones retrieved successfully.
2024-03-19 11:23:53.186 19 INFO cinder.api.openstack.wsgi [None req-b4330ecb-0847-443d-b0ba-bfba136da389 2257e868e0c84e8088e054c357a73261 c77975fc877745f99eb28e39486d6c7e - - default default] http://[LB_IP_ADDRESS]:8776/v3/c77975fc877745f99eb28e39486d6c7e/groups/b52a978c-663d-4ffd-96bb-099908150839 returned with HTTP 200
2024-03-19 11:23:53.271 20 WARNING cinder.quota [None req-64f5048e-880e-4cd5-bd0d-e86a30a678fc f6decc215001434582939ec524fbe20b 2326250348e14679bac2b4952f572ff1 - - default default] Deprecated: Default quota for resource: volumes_tempest-GroupsTest-volume-type-1782822992 is set by the default quota flag: quota_volumes_tempest-GroupsTest-volume-type-1782822992, it is now deprecated. Please use the default quota class for default quota.
2024-03-19 11:23:53.272 20 WARNING cinder.quota [None req-64f5048e-880e-4cd5-bd0d-e86a30a678fc f6decc215001434582939ec524fbe20b 2326250348e14679bac2b4952f572ff1 - - default default] Deprecated: Default quota for resource: gigabytes_tempest-GroupsTest-volume-type-1782822992 is set by the default quota flag: quota_gigabytes_tempest-GroupsTest-volume-type-1782822992, it is now deprecated. Please use the default quota class for default quota.
2024-03-19 11:23:53.391 20 INFO cinder.volume.api [None req-64f5048e-880e-4cd5-bd0d-e86a30a678fc f6decc215001434582939ec524fbe20b 2326250348e14679bac2b4952f572ff1 - - default default] Create volume request issued successfully.
2024-03-19 11:23:53.412 20 INFO cinder.api.openstack.wsgi [None req-64f5048e-880e-4cd5-bd0d-e86a30a678fc f6decc215001434582939ec524fbe20b 2326250348e14679bac2b4952f572ff1 - - default default] http://[LB_IP_ADDRESS]:8776/v3/2326250348e14679bac2b4952f572ff1/volumes returned with HTTP 202
2024-03-19 11:23:53.436 21 INFO cinder.api.openstack.wsgi [None req-8070dffa-cb0c-411f-8fd9-c499251e089b f6decc215001434582939ec524fbe20b 2326250348e14679bac2b4952f572ff1 - - default default] GET http://[LB_IP_ADDRESS]:8776/v3/2326250348e14679bac2b4952f572ff1/volumes/a322578a-4a1f-45d9-9e54-6dad6c252fdd
2024-03-19 11:23:53.463 21 INFO cinder.volume.api [None req-8070dffa-cb0c-411f-8fd9-c499251e089b f6decc215001434582939ec524fbe20b 2326250348e14679bac2b4952f572ff1 - - default default] Volume info retrieved successfully.
2024-03-19 11:23:53.493 21 INFO cinder.api.openstack.wsgi [None req-8070dffa-cb0c-411f-8fd9-c499251e089b f6decc215001434582939ec524fbe20b 2326250348e14679bac2b4952f572ff1 - - default default] http://[LB_IP_ADDRESS]:8776/v3/2326250348e14679bac2b4952f572ff1/volumes/a322578a-4a1f-45d9-9e54-6dad6c252fdd returned with HTTP 200
2024-03-19 11:23:53.799 22 INFO cinder.api.openstack.wsgi [None req-58eb3a99-783d-4118-a279-02bdf55339ee 98543a36c25a4aa98b2d150f14fa6706 0d64536236674c2e94a079afd3da1bf2 - - default default] POST http://[LB_IP_ADDRESS]:8776/v3/0d64536236674c2e94a079afd3da1bf2/types
2024-03-19 11:23:53.823 22 INFO cinder.api.openstack.wsgi [None req-58eb3a99-783d-4118-a279-02bdf55339ee 98543a36c25a4aa98b2d150f14fa6706 0d64536236674c2e94a079afd3da1bf2 - - default default] http://[LB_IP_ADDRESS]:8776/v3/0d64536236674c2e94a079afd3da1bf2/types returned with HTTP 200
2024-03-19 11:23:53.837 23 INFO cinder.api.openstack.wsgi [None req-1f53e2d0-2ff9-4f27-94db-7b72e161c6c6 98543a36c25a4aa98b2d150f14fa6706 0d64536236674c2e94a079afd3da1bf2 - - default default] POST http://[LB_IP_ADDRESS]:8776/v3/0d64536236674c2e94a079afd3da1bf2/group_types
2024-03-19 11:23:53.863 23 INFO cinder.api.openstack.wsgi [None req-1f53e2d0-2ff9-4f27-94db-7b72e161c6c6 98543a36c25a4aa98b2d150f14fa6706 0d64536236674c2e94a079afd3da1bf2 - - default default] http://[LB_IP_ADDRESS]:8776/v3/0d64536236674c2e94a079afd3da1bf2/group_types returned with HTTP 202
2024-03-19 11:23:54.006 19 INFO cinder.api.openstack.wsgi [None req-0d561b7b-e089-4114-af7e-dc8bdd6b7900 91742893490a4db0885402a527b64fe6 d71dbe654e40489eba1885c2ae63bb06 - - default default] POST http://[LB_IP_ADDRESS]:8776/v3/d71dbe654e40489eba1885c2ae63bb06/groups
2024-03-19 11:23:54.019 19 INFO cinder.api.v3.groups [None req-0d561b7b-e089-4114-af7e-dc8bdd6b7900 91742893490a4db0885402a527b64fe6 d71dbe654e40489eba1885c2ae63bb06 - - default default] Creating group tempest-GroupsV314Test-Group-1472205119.
2024-03-19 11:23:54.032 19 INFO cinder.volume.api [None req-0d561b7b-e089-4114-af7e-dc8bdd6b7900 91742893490a4db0885402a527b64fe6 d71dbe654e40489eba1885c2ae63bb06 - - default default] Availability Zones retrieved successfully.
2024-03-19 11:23:54.103 19 INFO cinder.api.openstack.wsgi [None req-0d561b7b-e089-4114-af7e-dc8bdd6b7900 91742893490a4db0885402a527b64fe6 d71dbe654e40489eba1885c2ae63bb06 - - default default] http://[LB_IP_ADDRESS]:8776/v3/d71dbe654e40489eba1885c2ae63bb06/groups returned with HTTP 202
2024-03-19 11:23:54.122 20 INFO cinder.api.openstack.wsgi [None req-e866603a-6323-4299-ac07-10a5ce3fbde6 91742893490a4db0885402a527b64fe6 d71dbe654e40489eba1885c2ae63bb06 - - default default] GET http://[LB_IP_ADDRESS]:8776/v3/d71dbe654e40489eba1885c2ae63bb06/groups/1524cc9c-5650-41ef-986e-fadabcb7f65f
2024-03-19 11:23:54.146 20 INFO cinder.api.openstack.wsgi [None req-e866603a-6323-4299-ac07-10a5ce3fbde6 91742893490a4db0885402a527b64fe6 d71dbe654e40489eba1885c2ae63bb06 - - default default] http://[LB_IP_ADDRESS]:8776/v3/d71dbe654e40489eba1885c2ae63bb06/groups/1524cc9c-5650-41ef-986e-fadabcb7f65f returned with HTTP 200
2024-03-19 11:23:54.227 21 INFO cinder.api.openstack.wsgi [None req-cb8c608e-0c17-4ce5-9b7b-dbb6095b557b 2257e868e0c84e8088e054c357a73261 c77975fc877745f99eb28e39486d6c7e - - default default] GET http://[LB_IP_ADDRESS]:8776/v3/c77975fc877745f99eb28e39486d6c7e/groups/b52a978c-663d-4ffd-96bb-099908150839
2024-03-19 11:23:54.282 21 INFO cinder.api.openstack.wsgi [None req-cb8c608e-0c17-4ce5-9b7b-dbb6095b557b 2257e868e0c84e8088e054c357a73261 c77975fc877745f99eb28e39486d6c7e - - default default] http://[LB_IP_ADDRESS]:8776/v3/c77975fc877745f99eb28e39486d6c7e/groups/b52a978c-663d-4ffd-96bb-099908150839 returned with HTTP 200
2024-03-19 11:23:54.300 22 INFO cinder.api.openstack.wsgi [None req-f6d5bc6d-8c7a-4dbe-9fd7-5de11d80ebb2 2257e868e0c84e8088e054c357a73261 c77975fc877745f99eb28e39486d6c7e - - default default] POST http://[LB_IP_ADDRESS]:8776/v3/c77975fc877745f99eb28e39486d6c7e/volumes
2024-03-19 11:23:54.315 22 INFO cinder.api.v3.volumes [None req-f6d5bc6d-8c7a-4dbe-9fd7-5de11d80ebb2 2257e868e0c84e8088e054c357a73261 c77975fc877745f99eb28e39486d6c7e - - default default] Create volume of 1 GB
2024-03-19 11:23:54.324 22 INFO cinder.volume.api [None req-f6d5bc6d-8c7a-4dbe-9fd7-5de11d80ebb2 2257e868e0c84e8088e054c357a73261 c77975fc877745f99eb28e39486d6c7e - - default default] Availability Zones retrieved successfully.
2024-03-19 11:23:54.401 22 WARNING cinder.quota [None req-f6d5bc6d-8c7a-4dbe-9fd7-5de11d80ebb2 2257e868e0c84e8088e054c357a73261 c77975fc877745f99eb28e39486d6c7e - - default default] Deprecated: Default quota for resource: volumes_tempest-GroupSnapshotsTest-volume-type-982805843 is set by the default quota flag: quota_volumes_tempest-GroupSnapshotsTest-volume-type-982805843, it is now deprecated. Please use the default quota class for default quota.
2024-03-19 11:23:54.402 22 WARNING cinder.quota [None req-f6d5bc6d-8c7a-4dbe-9fd7-5de11d80ebb2 2257e868e0c84e8088e054c357a73261 c77975fc877745f99eb28e39486d6c7e - - default default] Deprecated: Default quota for resource: gigabytes_tempest-GroupSnapshotsTest-volume-type-982805843 is set by the default quota flag: quota_gigabytes_tempest-GroupSnapshotsTest-volume-type-982805843, it is now deprecated. Please use the default quota class for default quota.
2024-03-19 11:23:54.511 22 INFO cinder.volume.api [None req-f6d5bc6d-8c7a-4dbe-9fd7-5de11d80ebb2 2257e868e0c84e8088e054c357a73261 c77975fc877745f99eb28e39486d6c7e - - default default] Create volume request issued successfully.
2024-03-19 11:23:54.521 23 INFO cinder.api.openstack.wsgi [None req-1a86e371-8e82-42b2-b37c-a4d7361446cf f6decc215001434582939ec524fbe20b 2326250348e14679bac2b4952f572ff1 - - default default] GET http://[LB_IP_ADDRESS]:8776/v3/2326250348e14679bac2b4952f572ff1/volumes/a322578a-4a1f-45d9-9e54-6dad6c252fdd
2024-03-19 11:23:54.532 22 INFO cinder.api.openstack.wsgi [None req-f6d5bc6d-8c7a-4dbe-9fd7-5de11d80ebb2 2257e868e0c84e8088e054c357a73261 c77975fc877745f99eb28e39486d6c7e - - default default] http://[LB_IP_ADDRESS]:8776/v3/c77975fc877745f99eb28e39486d6c7e/volumes returned with HTTP 202
2024-03-19 11:23:54.549 23 INFO cinder.volume.api [None req-1a86e371-8e82-42b2-b37c-a4d7361446cf f6decc215001434582939ec524fbe20b 2326250348e14679bac2b4952f572ff1 - - default default] Volume info retrieved successfully.
2024-03-19 11:23:54.557 19 INFO cinder.api.openstack.wsgi [None req-01e57f85-f4e9-48a7-8f53-d7da6397eab9 2257e868e0c84e8088e054c357a73261 c77975fc877745f99eb28e39486d6c7e - - default default] GET http://[LB_IP_ADDRESS]:8776/v3/c77975fc877745f99eb28e39486d6c7e/volumes/9cb4e078-8977-449f-9a38-7a199be6ae87
2024-03-19 11:23:54.582 23 INFO cinder.api.openstack.wsgi [None req-1a86e371-8e82-42b2-b37c-a4d7361446cf f6decc215001434582939ec524fbe20b 2326250348e14679bac2b4952f572ff1 - - default default] http://[LB_IP_ADDRESS]:8776/v3/2326250348e14679bac2b4952f572ff1/volumes/a322578a-4a1f-45d9-9e54-6dad6c252fdd returned with HTTP 200
2024-03-19 11:23:54.586 19 INFO cinder.volume.api [None req-01e57f85-f4e9-48a7-8f53-d7da6397eab9 2257e868e0c84e8088e054c357a73261 c77975fc877745f99eb28e39486d6c7e - - default default] Volume info retrieved successfully.
2024-03-19 11:23:54.620 19 INFO cinder.api.openstack.wsgi [None req-01e57f85-f4e9-48a7-8f53-d7da6397eab9 2257e868e0c84e8088e054c357a73261 c77975fc877745f99eb28e39486d6c7e - - default default] http://[LB_IP_ADDRESS]:8776/v3/c77975fc877745f99eb28e39486d6c7e/volumes/9cb4e078-8977-449f-9a38-7a199be6ae87 returned with HTTP 200
2024-03-19 11:23:55.165 20 INFO cinder.api.openstack.wsgi [None req-5d5880fd-a5c1-475d-8fd7-3ef83587d25b 91742893490a4db0885402a527b64fe6 d71dbe654e40489eba1885c2ae63bb06 - - default default] GET http://[LB_IP_ADDRESS]:8776/v3/d71dbe654e40489eba1885c2ae63bb06/groups/1524cc9c-5650-41ef-986e-fadabcb7f65f
2024-03-19 11:23:55.191 20 INFO cinder.api.openstack.wsgi [None req-5d5880fd-a5c1-475d-8fd7-3ef83587d25b 91742893490a4db0885402a527b64fe6 d71dbe654e40489eba1885c2ae63bb06 - - default default] http://[LB_IP_ADDRESS]:8776/v3/d71dbe654e40489eba1885c2ae63bb06/groups/1524cc9c-5650-41ef-986e-fadabcb7f65f returned with HTTP 200
2024-03-19 11:23:55.213 21 INFO cinder.api.openstack.wsgi [None req-b6ba9ea0-7657-4428-bacf-9edbcc9af30d 91742893490a4db0885402a527b64fe6 d71dbe654e40489eba1885c2ae63bb06 - - default default] POST http://[LB_IP_ADDRESS]:8776/v3/d71dbe654e40489eba1885c2ae63bb06/volumes
2024-03-19 11:23:55.239 21 INFO cinder.api.v3.volumes [None req-b6ba9ea0-7657-4428-bacf-9edbcc9af30d 91742893490a4db0885402a527b64fe6 d71dbe654e40489eba1885c2ae63bb06 - - default default] Create volume of 1 GB
2024-03-19 11:23:55.251 21 INFO cinder.volume.api [None req-b6ba9ea0-7657-4428-bacf-9edbcc9af30d 91742893490a4db0885402a527b64fe6 d71dbe654e40489eba1885c2ae63bb06 - - default default] Availability Zones retrieved successfully.
2024-03-19 11:23:55.352 21 WARNING cinder.quota [None req-b6ba9ea0-7657-4428-bacf-9edbcc9af30d 91742893490a4db0885402a527b64fe6 d71dbe654e40489eba1885c2ae63bb06 - - default default] Deprecated: Default quota for resource: volumes_tempest-GroupsV314Test-volume-type-1414068517 is set by the default quota flag: quota_volumes_tempest-GroupsV314Test-volume-type-1414068517, it is now deprecated. Please use the default quota class for default quota.
2024-03-19 11:23:55.354 21 WARNING cinder.quota [None req-b6ba9ea0-7657-4428-bacf-9edbcc9af30d 91742893490a4db0885402a527b64fe6 d71dbe654e40489eba1885c2ae63bb06 - - default default] Deprecated: Default quota for resource: gigabytes_tempest-GroupsV314Test-volume-type-1414068517 is set by the default quota flag: quota_gigabytes_tempest-GroupsV314Test-volume-type-1414068517, it is now deprecated. Please use the default quota class for default quota.
2024-03-19 11:23:55.477 21 INFO cinder.volume.api [None req-b6ba9ea0-7657-4428-bacf-9edbcc9af30d 91742893490a4db0885402a527b64fe6 d71dbe654e40489eba1885c2ae63bb06 - - default default] Create volume request issued successfully.
2024-03-19 11:23:55.500 21 INFO cinder.api.openstack.wsgi [None req-b6ba9ea0-7657-4428-bacf-9edbcc9af30d 91742893490a4db0885402a527b64fe6 d71dbe654e40489eba1885c2ae63bb06 - - default default] http://[LB_IP_ADDRESS]:8776/v3/d71dbe654e40489eba1885c2ae63bb06/volumes returned with HTTP 202
2024-03-19 11:23:55.526 22 INFO cinder.api.openstack.wsgi [None req-ccd46a79-7192-413b-9fe9-70787583a441 91742893490a4db0885402a527b64fe6 d71dbe654e40489eba1885c2ae63bb06 - - default default] GET http://[LB_IP_ADDRESS]:8776/v3/d71dbe654e40489eba1885c2ae63bb06/volumes/6dd779d6-179d-4bbc-88d9-85ed9f6bc73b
2024-03-19 11:23:55.555 22 INFO cinder.volume.api [None req-ccd46a79-7192-413b-9fe9-70787583a441 91742893490a4db0885402a527b64fe6 d71dbe654e40489eba1885c2ae63bb06 - - default default] Volume info retrieved successfully.
2024-03-19 11:23:55.587 22 INFO cinder.api.openstack.wsgi [None req-ccd46a79-7192-413b-9fe9-70787583a441 91742893490a4db0885402a527b64fe6 d71dbe654e40489eba1885c2ae63bb06 - - default default] http://[LB_IP_ADDRESS]:8776/v3/d71dbe654e40489eba1885c2ae63bb06/volumes/6dd779d6-179d-4bbc-88d9-85ed9f6bc73b returned with HTTP 200
2024-03-19 11:23:55.610 23 INFO cinder.api.openstack.wsgi [None req-5c4eca56-8003-4605-8f14-63effefb1457 f6decc215001434582939ec524fbe20b 2326250348e14679bac2b4952f572ff1 - - default default] GET http://[LB_IP_ADDRESS]:8776/v3/2326250348e14679bac2b4952f572ff1/volumes/a322578a-4a1f-45d9-9e54-6dad6c252fdd
2024-03-19 11:23:55.640 23 INFO cinder.volume.api [None req-5c4eca56-8003-4605-8f14-63effefb1457 f6decc215001434582939ec524fbe20b 2326250348e14679bac2b4952f572ff1 - - default default] Volume info retrieved successfully.
2024-03-19 11:23:55.649 19 INFO cinder.api.openstack.wsgi [None req-ee63bd62-e685-4991-8936-b5fb5fadda27 2257e868e0c84e8088e054c357a73261 c77975fc877745f99eb28e39486d6c7e - - default default] GET http://[LB_IP_ADDRESS]:8776/v3/c77975fc877745f99eb28e39486d6c7e/volumes/9cb4e078-8977-449f-9a38-7a199be6ae87
2024-03-19 11:23:55.671 23 INFO cinder.api.openstack.wsgi [None req-5c4eca56-8003-4605-8f14-63effefb1457 f6decc215001434582939ec524fbe20b 2326250348e14679bac2b4952f572ff1 - - default default] http://[LB_IP_ADDRESS]:8776/v3/2326250348e14679bac2b4952f572ff1/volumes/a322578a-4a1f-45d9-9e54-6dad6c252fdd returned with HTTP 200
2024-03-19 11:23:55.677 19 INFO cinder.volume.api [None req-ee63bd62-e685-4991-8936-b5fb5fadda27 2257e868e0c84e8088e054c357a73261 c77975fc877745f99eb28e39486d6c7e - - default default] Volume info retrieved successfully.
2024-03-19 11:23:55.699 20 INFO cinder.api.openstack.wsgi [None req-8793de3f-69b4-4d4e-a93d-f7a629b9d134 f6decc215001434582939ec524fbe20b 2326250348e14679bac2b4952f572ff1 - - default default] GET http://[LB_IP_ADDRESS]:8776/v3/2326250348e14679bac2b4952f572ff1/groups/3319cd44-dcbe-4198-9e05-5de137478953
2024-03-19 11:23:55.708 19 INFO cinder.api.openstack.wsgi [None req-ee63bd62-e685-4991-8936-b5fb5fadda27 2257e868e0c84e8088e054c357a73261 c77975fc877745f99eb28e39486d6c7e - - default default] http://[LB_IP_ADDRESS]:8776/v3/c77975fc877745f99eb28e39486d6c7e/volumes/9cb4e078-8977-449f-9a38-7a199be6ae87 returned with HTTP 200
2024-03-19 11:23:55.725 20 INFO cinder.api.openstack.wsgi [None req-8793de3f-69b4-4d4e-a93d-f7a629b9d134 f6decc215001434582939ec524fbe20b 2326250348e14679bac2b4952f572ff1 - - default default] http://[LB_IP_ADDRESS]:8776/v3/2326250348e14679bac2b4952f572ff1/groups/3319cd44-dcbe-4198-9e05-5de137478953 returned with HTTP 200
2024-03-19 11:23:55.742 21 INFO cinder.api.openstack.wsgi [None req-445d9c5e-177a-4e81-98c3-fd832843d0ea f6decc215001434582939ec524fbe20b 2326250348e14679bac2b4952f572ff1 - - default default] GET http://[LB_IP_ADDRESS]:8776/v3/2326250348e14679bac2b4952f572ff1/groups/c1ff998b-95f9-43ff-b4ea-5466f6d9048d
2024-03-19 11:23:55.768 21 INFO cinder.api.openstack.wsgi [None req-445d9c5e-177a-4e81-98c3-fd832843d0ea f6decc215001434582939ec524fbe20b 2326250348e14679bac2b4952f572ff1 - - default default] http://[LB_IP_ADDRESS]:8776/v3/2326250348e14679bac2b4952f572ff1/groups/c1ff998b-95f9-43ff-b4ea-5466f6d9048d returned with HTTP 200
2024-03-19 11:23:55.785 22 INFO cinder.api.openstack.wsgi [None req-8da37c36-d47e-4f32-9648-72a3ea38718f f6decc215001434582939ec524fbe20b 2326250348e14679bac2b4952f572ff1 - - default default] GET http://[LB_IP_ADDRESS]:8776/v3/2326250348e14679bac2b4952f572ff1/groups/detail
2024-03-19 11:23:55.827 22 INFO cinder.api.openstack.wsgi [None req-8da37c36-d47e-4f32-9648-72a3ea38718f f6decc215001434582939ec524fbe20b 2326250348e14679bac2b4952f572ff1 - - default default] http://[LB_IP_ADDRESS]:8776/v3/2326250348e14679bac2b4952f572ff1/groups/detail returned with HTTP 200
2024-03-19 11:23:55.844 23 INFO cinder.api.openstack.wsgi [None req-6628ebf8-8b81-444e-908c-3e5e66545aef f6decc215001434582939ec524fbe20b 2326250348e14679bac2b4952f572ff1 - - default default] GET http://[LB_IP_ADDRESS]:8776/v3/2326250348e14679bac2b4952f572ff1/volumes/detail
2024-03-19 11:23:55.867 23 INFO cinder.volume.api [None req-6628ebf8-8b81-444e-908c-3e5e66545aef f6decc215001434582939ec524fbe20b 2326250348e14679bac2b4952f572ff1 - - default default] Get all volumes completed successfully.
2024-03-19 11:23:55.898 23 INFO cinder.api.openstack.wsgi [None req-6628ebf8-8b81-444e-908c-3e5e66545aef f6decc215001434582939ec524fbe20b 2326250348e14679bac2b4952f572ff1 - - default default] http://[LB_IP_ADDRESS]:8776/v3/2326250348e14679bac2b4952f572ff1/volumes/detail returned with HTTP 200
2024-03-19 11:23:55.926 19 INFO cinder.api.openstack.wsgi [None req-90810343-df4d-4531-b7f6-bfd3d4ec04d9 f6decc215001434582939ec524fbe20b 2326250348e14679bac2b4952f572ff1 - - default default] GET http://[LB_IP_ADDRESS]:8776/v3/2326250348e14679bac2b4952f572ff1/volumes/detail
2024-03-19 11:23:55.948 19 INFO cinder.volume.api [None req-90810343-df4d-4531-b7f6-bfd3d4ec04d9 f6decc215001434582939ec524fbe20b 2326250348e14679bac2b4952f572ff1 - - default default] Get all volumes completed successfully.
2024-03-19 11:23:55.980 19 INFO cinder.api.openstack.wsgi [None req-90810343-df4d-4531-b7f6-bfd3d4ec04d9 f6decc215001434582939ec524fbe20b 2326250348e14679bac2b4952f572ff1 - - default default] http://[LB_IP_ADDRESS]:8776/v3/2326250348e14679bac2b4952f572ff1/volumes/detail returned with HTTP 200
2024-03-19 11:23:56.008 20 INFO cinder.api.openstack.wsgi [None req-0de2c4b8-8f43-4fdb-b2b7-54b48a9f1d48 f6decc215001434582939ec524fbe20b 2326250348e14679bac2b4952f572ff1 - - default default] POST http://[LB_IP_ADDRESS]:8776/v3/2326250348e14679bac2b4952f572ff1/groups/3319cd44-dcbe-4198-9e05-5de137478953/action
2024-03-19 11:23:56.013 20 INFO cinder.api.v3.groups [None req-0de2c4b8-8f43-4fdb-b2b7-54b48a9f1d48 f6decc215001434582939ec524fbe20b 2326250348e14679bac2b4952f572ff1 - - default default] Delete group with id: 3319cd44-dcbe-4198-9e05-5de137478953
2024-03-19 11:23:56.092 20 INFO cinder.api.openstack.wsgi [None req-0de2c4b8-8f43-4fdb-b2b7-54b48a9f1d48 f6decc215001434582939ec524fbe20b 2326250348e14679bac2b4952f572ff1 - - default default] http://[LB_IP_ADDRESS]:8776/v3/2326250348e14679bac2b4952f572ff1/groups/3319cd44-dcbe-4198-9e05-5de137478953/action returned with HTTP 202
2024-03-19 11:23:56.106 21 INFO cinder.api.openstack.wsgi [None req-a3cc5d7d-0b9a-431c-8581-feafae27a3c1 f6decc215001434582939ec524fbe20b 2326250348e14679bac2b4952f572ff1 - - default default] GET http://[LB_IP_ADDRESS]:8776/v3/2326250348e14679bac2b4952f572ff1/volumes/a322578a-4a1f-45d9-9e54-6dad6c252fdd
2024-03-19 11:23:56.135 21 INFO cinder.volume.api [None req-a3cc5d7d-0b9a-431c-8581-feafae27a3c1 f6decc215001434582939ec524fbe20b 2326250348e14679bac2b4952f572ff1 - - default default] Volume info retrieved successfully.
2024-03-19 11:23:56.167 21 INFO cinder.api.openstack.wsgi [None req-a3cc5d7d-0b9a-431c-8581-feafae27a3c1 f6decc215001434582939ec524fbe20b 2326250348e14679bac2b4952f572ff1 - - default default] http://[LB_IP_ADDRESS]:8776/v3/2326250348e14679bac2b4952f572ff1/volumes/a322578a-4a1f-45d9-9e54-6dad6c252fdd returned with HTTP 200
2024-03-19 11:23:56.616 22 INFO cinder.api.openstack.wsgi [None req-ab91e6b7-e090-4426-ad82-3af325a94392 91742893490a4db0885402a527b64fe6 d71dbe654e40489eba1885c2ae63bb06 - - default default] GET http://[LB_IP_ADDRESS]:8776/v3/d71dbe654e40489eba1885c2ae63bb06/volumes/6dd779d6-179d-4bbc-88d9-85ed9f6bc73b
2024-03-19 11:23:56.645 22 INFO cinder.volume.api [None req-ab91e6b7-e090-4426-ad82-3af325a94392 91742893490a4db0885402a527b64fe6 d71dbe654e40489eba1885c2ae63bb06 - - default default] Volume info retrieved successfully.
2024-03-19 11:23:56.676 22 INFO cinder.api.openstack.wsgi [None req-ab91e6b7-e090-4426-ad82-3af325a94392 91742893490a4db0885402a527b64fe6 d71dbe654e40489eba1885c2ae63bb06 - - default default] http://[LB_IP_ADDRESS]:8776/v3/d71dbe654e40489eba1885c2ae63bb06/volumes/6dd779d6-179d-4bbc-88d9-85ed9f6bc73b returned with HTTP 200
2024-03-19 11:23:56.736 23 INFO cinder.api.openstack.wsgi [None req-352a676e-aeb1-4084-8c75-f0a062ec9467 2257e868e0c84e8088e054c357a73261 c77975fc877745f99eb28e39486d6c7e - - default default] GET http://[LB_IP_ADDRESS]:8776/v3/c77975fc877745f99eb28e39486d6c7e/volumes/9cb4e078-8977-449f-9a38-7a199be6ae87
2024-03-19 11:23:56.765 23 INFO cinder.volume.api [None req-352a676e-aeb1-4084-8c75-f0a062ec9467 2257e868e0c84e8088e054c357a73261 c77975fc877745f99eb28e39486d6c7e - - default default] Volume info retrieved successfully.
2024-03-19 11:23:56.800 23 INFO cinder.api.openstack.wsgi [None req-352a676e-aeb1-4084-8c75-f0a062ec9467 2257e868e0c84e8088e054c357a73261 c77975fc877745f99eb28e39486d6c7e - - default default] http://[LB_IP_ADDRESS]:8776/v3/c77975fc877745f99eb28e39486d6c7e/volumes/9cb4e078-8977-449f-9a38-7a199be6ae87 returned with HTTP 200
2024-03-19 11:23:56.828 19 INFO cinder.api.openstack.wsgi [None req-b851118d-ec87-4512-9b97-0f365312ea0a 2257e868e0c84e8088e054c357a73261 c77975fc877745f99eb28e39486d6c7e - - default default] POST http://[LB_IP_ADDRESS]:8776/v3/c77975fc877745f99eb28e39486d6c7e/group_snapshots
2024-03-19 11:23:56.847 19 INFO cinder.api.v3.group_snapshots [None req-b851118d-ec87-4512-9b97-0f365312ea0a 2257e868e0c84e8088e054c357a73261 c77975fc877745f99eb28e39486d6c7e - - default default] Creating group_snapshot tempest-group_snapshot-1242574988.
2024-03-19 11:23:56.910 19 WARNING cinder.quota [None req-b851118d-ec87-4512-9b97-0f365312ea0a 2257e868e0c84e8088e054c357a73261 c77975fc877745f99eb28e39486d6c7e - - default default] Deprecated: Default quota for resource: gigabytes_tempest-GroupSnapshotsTest-volume-type-982805843 is set by the default quota flag: quota_gigabytes_tempest-GroupSnapshotsTest-volume-type-982805843, it is now deprecated. Please use the default quota class for default quota.
2024-03-19 11:23:56.911 19 WARNING cinder.quota [None req-b851118d-ec87-4512-9b97-0f365312ea0a 2257e868e0c84e8088e054c357a73261 c77975fc877745f99eb28e39486d6c7e - - default default] Deprecated: Default quota for resource: snapshots_tempest-GroupSnapshotsTest-volume-type-982805843 is set by the default quota flag: quota_snapshots_tempest-GroupSnapshotsTest-volume-type-982805843, it is now deprecated. Please use the default quota class for default quota.
2024-03-19 11:23:56.991 19 INFO cinder.api.openstack.wsgi [None req-b851118d-ec87-4512-9b97-0f365312ea0a 2257e868e0c84e8088e054c357a73261 c77975fc877745f99eb28e39486d6c7e - - default default] http://[LB_IP_ADDRESS]:8776/v3/c77975fc877745f99eb28e39486d6c7e/group_snapshots returned with HTTP 202
2024-03-19 11:23:57.005 20 INFO cinder.api.openstack.wsgi [None req-5c48390f-7ace-4644-bfb7-8840a0cd9718 2257e868e0c84e8088e054c357a73261 c77975fc877745f99eb28e39486d6c7e - - default default] GET http://[LB_IP_ADDRESS]:8776/v3/c77975fc877745f99eb28e39486d6c7e/group_snapshots/ed0b83ba-e3d1-4486-9fc4-ed40fea9e40d
2024-03-19 11:23:57.021 20 INFO cinder.api.openstack.wsgi [None req-5c48390f-7ace-4644-bfb7-8840a0cd9718 2257e868e0c84e8088e054c357a73261 c77975fc877745f99eb28e39486d6c7e - - default default] http://[LB_IP_ADDRESS]:8776/v3/c77975fc877745f99eb28e39486d6c7e/group_snapshots/ed0b83ba-e3d1-4486-9fc4-ed40fea9e40d returned with HTTP 200
2024-03-19 11:23:57.195 21 INFO cinder.api.openstack.wsgi [None req-8db3f173-438d-4e9d-bb68-c537ab3580c1 f6decc215001434582939ec524fbe20b 2326250348e14679bac2b4952f572ff1 - - default default] GET http://[LB_IP_ADDRESS]:8776/v3/2326250348e14679bac2b4952f572ff1/volumes/a322578a-4a1f-45d9-9e54-6dad6c252fdd
2024-03-19 11:23:57.212 21 INFO cinder.api.openstack.wsgi [None req-8db3f173-438d-4e9d-bb68-c537ab3580c1 f6decc215001434582939ec524fbe20b 2326250348e14679bac2b4952f572ff1 - - default default] http://[LB_IP_ADDRESS]:8776/v3/2326250348e14679bac2b4952f572ff1/volumes/a322578a-4a1f-45d9-9e54-6dad6c252fdd returned with HTTP 404
2024-03-19 11:23:57.225 22 INFO cinder.api.openstack.wsgi [None req-ce3dc9df-42fb-4626-997e-c5e14d0a692d f6decc215001434582939ec524fbe20b 2326250348e14679bac2b4952f572ff1 - - default default] GET http://[LB_IP_ADDRESS]:8776/v3/2326250348e14679bac2b4952f572ff1/groups/3319cd44-dcbe-4198-9e05-5de137478953
2024-03-19 11:23:57.233 22 INFO cinder.api.openstack.wsgi [None req-ce3dc9df-42fb-4626-997e-c5e14d0a692d f6decc215001434582939ec524fbe20b 2326250348e14679bac2b4952f572ff1 - - default default] http://[LB_IP_ADDRESS]:8776/v3/2326250348e14679bac2b4952f572ff1/groups/3319cd44-dcbe-4198-9e05-5de137478953 returned with HTTP 404
2024-03-19 11:23:57.247 23 INFO cinder.api.openstack.wsgi [None req-cad6bc50-23f8-4df4-9f82-f054a7ec44b0 f6decc215001434582939ec524fbe20b 2326250348e14679bac2b4952f572ff1 - - default default] POST http://[LB_IP_ADDRESS]:8776/v3/2326250348e14679bac2b4952f572ff1/groups/c1ff998b-95f9-43ff-b4ea-5466f6d9048d/action
2024-03-19 11:23:57.252 23 INFO cinder.api.v3.groups [None req-cad6bc50-23f8-4df4-9f82-f054a7ec44b0 f6decc215001434582939ec524fbe20b 2326250348e14679bac2b4952f572ff1 - - default default] Delete group with id: c1ff998b-95f9-43ff-b4ea-5466f6d9048d
2024-03-19 11:23:57.307 23 INFO cinder.api.openstack.wsgi [None req-cad6bc50-23f8-4df4-9f82-f054a7ec44b0 f6decc215001434582939ec524fbe20b 2326250348e14679bac2b4952f572ff1 - - default default] http://[LB_IP_ADDRESS]:8776/v3/2326250348e14679bac2b4952f572ff1/groups/c1ff998b-95f9-43ff-b4ea-5466f6d9048d/action returned with HTTP 202
2024-03-19 11:23:57.320 19 INFO cinder.api.openstack.wsgi [None req-81190248-5452-46e2-ad0c-3ca3507de8cd f6decc215001434582939ec524fbe20b 2326250348e14679bac2b4952f572ff1 - - default default] GET http://[LB_IP_ADDRESS]:8776/v3/2326250348e14679bac2b4952f572ff1/groups/c1ff998b-95f9-43ff-b4ea-5466f6d9048d
2024-03-19 11:23:57.345 19 INFO cinder.api.openstack.wsgi [None req-81190248-5452-46e2-ad0c-3ca3507de8cd f6decc215001434582939ec524fbe20b 2326250348e14679bac2b4952f572ff1 - - default default] http://[LB_IP_ADDRESS]:8776/v3/2326250348e14679bac2b4952f572ff1/groups/c1ff998b-95f9-43ff-b4ea-5466f6d9048d returned with HTTP 200
2024-03-19 11:23:57.704 20 INFO cinder.api.openstack.wsgi [None req-b578dfae-974c-4553-b2e5-1fa96ffe1493 91742893490a4db0885402a527b64fe6 d71dbe654e40489eba1885c2ae63bb06 - - default default] GET http://[LB_IP_ADDRESS]:8776/v3/d71dbe654e40489eba1885c2ae63bb06/volumes/6dd779d6-179d-4bbc-88d9-85ed9f6bc73b
2024-03-19 11:23:57.733 20 INFO cinder.volume.api [None req-b578dfae-974c-4553-b2e5-1fa96ffe1493 91742893490a4db0885402a527b64fe6 d71dbe654e40489eba1885c2ae63bb06 - - default default] Volume info retrieved successfully.
