2025-08-20 09:11:41.641 22 INFO cinder.volume.api [None req-16236342-ac68-4e12-80b3-c6d626ac7405 c2352dd8b0b84f78ae429b4630b3bb03 78c72e243a0e45c29de7e224fc03c514 - - default default] Volume info retrieved successfully.
2025-08-20 09:11:41.648 22 INFO cinder.api.openstack.wsgi [None req-16236342-ac68-4e12-80b3-c6d626ac7405 c2352dd8b0b84f78ae429b4630b3bb03 78c72e243a0e45c29de7e224fc03c514 - - default default] http://[LB_IP_ADDRESS]:8776/v3/78c72e243a0e45c29de7e224fc03c514/volumes/4e00682c-a641-497f-bdcf-f7a87f851355 returned with HTTP 200
2025-08-20 09:11:42.675 25 INFO cinder.api.openstack.wsgi [None req-3497a175-d851-46fc-b29f-f8e92d2f938b c2352dd8b0b84f78ae429b4630b3bb03 78c72e243a0e45c29de7e224fc03c514 - - default default] GET http://[LB_IP_ADDRESS]:8776/v3/78c72e243a0e45c29de7e224fc03c514/volumes/4e00682c-a641-497f-bdcf-f7a87f851355
2025-08-20 09:11:42.699 25 INFO cinder.volume.api [None req-3497a175-d851-46fc-b29f-f8e92d2f938b c2352dd8b0b84f78ae429b4630b3bb03 78c72e243a0e45c29de7e224fc03c514 - - default default] Volume info retrieved successfully.
2025-08-20 09:11:42.708 25 INFO cinder.api.openstack.wsgi [None req-3497a175-d851-46fc-b29f-f8e92d2f938b c2352dd8b0b84f78ae429b4630b3bb03 78c72e243a0e45c29de7e224fc03c514 - - default default] http://[LB_IP_ADDRESS]:8776/v3/78c72e243a0e45c29de7e224fc03c514/volumes/4e00682c-a641-497f-bdcf-f7a87f851355 returned with HTTP 200
2025-08-20 09:11:42.734 23 INFO cinder.api.openstack.wsgi [None req-7dfa99ff-2005-406a-bb64-13b51ae88511 f0aa55aa256c44129b40af35f00be511 3b14526380894816a91f771e7cef2a31 - - default default] GET http://[LB_IP_ADDRESS]:8776/v3/3b14526380894816a91f771e7cef2a31/volumes/4e00682c-a641-497f-bdcf-f7a87f851355
2025-08-20 09:11:42.761 23 INFO cinder.volume.api [None req-7dfa99ff-2005-406a-bb64-13b51ae88511 f0aa55aa256c44129b40af35f00be511 3b14526380894816a91f771e7cef2a31 - - default default] Volume info retrieved successfully.
2025-08-20 09:11:42.770 23 INFO cinder.api.openstack.wsgi [None req-7dfa99ff-2005-406a-bb64-13b51ae88511 f0aa55aa256c44129b40af35f00be511 3b14526380894816a91f771e7cef2a31 - - default default] http://[LB_IP_ADDRESS]:8776/v3/3b14526380894816a91f771e7cef2a31/volumes/4e00682c-a641-497f-bdcf-f7a87f851355 returned with HTTP 200
2025-08-20 09:11:42.797 24 INFO cinder.api.openstack.wsgi [None req-5963ff58-e7b5-4653-8990-944f7f343b2e f0aa55aa256c44129b40af35f00be511 3b14526380894816a91f771e7cef2a31 - - default default] GET http://[LB_IP_ADDRESS]:8776/v3/3b14526380894816a91f771e7cef2a31/volumes?all_tenants=True&name=tempest-VolumeRetypeWithoutMigrationTest-Volume-1166931392
2025-08-20 09:11:42.818 24 INFO cinder.volume.api [None req-5963ff58-e7b5-4653-8990-944f7f343b2e f0aa55aa256c44129b40af35f00be511 3b14526380894816a91f771e7cef2a31 - - default default] Get all volumes completed successfully.
2025-08-20 09:11:42.819 24 INFO cinder.api.openstack.wsgi [None req-5963ff58-e7b5-4653-8990-944f7f343b2e f0aa55aa256c44129b40af35f00be511 3b14526380894816a91f771e7cef2a31 - - default default] http://[LB_IP_ADDRESS]:8776/v3/3b14526380894816a91f771e7cef2a31/volumes?all_tenants=True&name=tempest-VolumeRetypeWithoutMigrationTest-Volume-1166931392 returned with HTTP 200
2025-08-20 09:11:42.835 21 INFO cinder.api.openstack.wsgi [None req-9ebe5280-8a5e-472f-828e-4aa669ac63fb c2352dd8b0b84f78ae429b4630b3bb03 78c72e243a0e45c29de7e224fc03c514 - - default default] GET http://[LB_IP_ADDRESS]:8776/v3/78c72e243a0e45c29de7e224fc03c514/volumes/4e00682c-a641-497f-bdcf-f7a87f851355
2025-08-20 09:11:42.860 21 INFO cinder.volume.api [None req-9ebe5280-8a5e-472f-828e-4aa669ac63fb c2352dd8b0b84f78ae429b4630b3bb03 78c72e243a0e45c29de7e224fc03c514 - - default default] Volume info retrieved successfully.
2025-08-20 09:11:42.869 21 INFO cinder.api.openstack.wsgi [None req-9ebe5280-8a5e-472f-828e-4aa669ac63fb c2352dd8b0b84f78ae429b4630b3bb03 78c72e243a0e45c29de7e224fc03c514 - - default default] http://[LB_IP_ADDRESS]:8776/v3/78c72e243a0e45c29de7e224fc03c514/volumes/4e00682c-a641-497f-bdcf-f7a87f851355 returned with HTTP 200
2025-08-20 09:11:42.896 22 INFO cinder.api.openstack.wsgi [None req-ed6588db-f7fa-46f5-a70c-c8550ed5fca4 c2352dd8b0b84f78ae429b4630b3bb03 78c72e243a0e45c29de7e224fc03c514 - - default default] DELETE http://[LB_IP_ADDRESS]:8776/v3/78c72e243a0e45c29de7e224fc03c514/volumes/4e00682c-a641-497f-bdcf-f7a87f851355
2025-08-20 09:11:42.896 22 INFO cinder.api.v3.volumes [None req-ed6588db-f7fa-46f5-a70c-c8550ed5fca4 c2352dd8b0b84f78ae429b4630b3bb03 78c72e243a0e45c29de7e224fc03c514 - - default default] Delete volume with id: 4e00682c-a641-497f-bdcf-f7a87f851355 
2025-08-20 09:11:42.910 22 INFO cinder.volume.api [None req-ed6588db-f7fa-46f5-a70c-c8550ed5fca4 c2352dd8b0b84f78ae429b4630b3bb03 78c72e243a0e45c29de7e224fc03c514 - - default default] Volume info retrieved successfully.
2025-08-20 09:11:42.936 22 INFO cinder.volume.api [None req-ed6588db-f7fa-46f5-a70c-c8550ed5fca4 c2352dd8b0b84f78ae429b4630b3bb03 78c72e243a0e45c29de7e224fc03c514 - - default default] Delete volume request issued successfully.
2025-08-20 09:11:42.937 22 INFO cinder.api.openstack.wsgi [None req-ed6588db-f7fa-46f5-a70c-c8550ed5fca4 c2352dd8b0b84f78ae429b4630b3bb03 78c72e243a0e45c29de7e224fc03c514 - - default default] http://[LB_IP_ADDRESS]:8776/v3/78c72e243a0e45c29de7e224fc03c514/volumes/4e00682c-a641-497f-bdcf-f7a87f851355 returned with HTTP 202
2025-08-20 09:11:42.948 25 INFO cinder.api.openstack.wsgi [None req-14eda79a-5d26-4435-baed-ab6119dd6028 c2352dd8b0b84f78ae429b4630b3bb03 78c72e243a0e45c29de7e224fc03c514 - - default default] GET http://[LB_IP_ADDRESS]:8776/v3/78c72e243a0e45c29de7e224fc03c514/volumes/4e00682c-a641-497f-bdcf-f7a87f851355
2025-08-20 09:11:42.971 25 INFO cinder.volume.api [None req-14eda79a-5d26-4435-baed-ab6119dd6028 c2352dd8b0b84f78ae429b4630b3bb03 78c72e243a0e45c29de7e224fc03c514 - - default default] Volume info retrieved successfully.
2025-08-20 09:11:42.979 25 INFO cinder.api.openstack.wsgi [None req-14eda79a-5d26-4435-baed-ab6119dd6028 c2352dd8b0b84f78ae429b4630b3bb03 78c72e243a0e45c29de7e224fc03c514 - - default default] http://[LB_IP_ADDRESS]:8776/v3/78c72e243a0e45c29de7e224fc03c514/volumes/4e00682c-a641-497f-bdcf-f7a87f851355 returned with HTTP 200
2025-08-20 09:11:43.600 23 INFO cinder.api.openstack.wsgi [None req-377d45eb-79a9-4c78-ba58-b9880c133175 b4351a1456134459b386d59c2d431a81 e1b5df3fe76c496382dd98bc40b1a3db - - default default] POST http://[LB_IP_ADDRESS]:8776/v3/e1b5df3fe76c496382dd98bc40b1a3db/types
2025-08-20 09:11:43.627 23 INFO cinder.api.openstack.wsgi [None req-377d45eb-79a9-4c78-ba58-b9880c133175 b4351a1456134459b386d59c2d431a81 e1b5df3fe76c496382dd98bc40b1a3db - - default default] http://[LB_IP_ADDRESS]:8776/v3/e1b5df3fe76c496382dd98bc40b1a3db/types returned with HTTP 200
2025-08-20 09:11:43.641 24 INFO cinder.api.openstack.wsgi [None req-15f34bc1-ed9c-4d2a-a050-f225570e5249 b4351a1456134459b386d59c2d431a81 e1b5df3fe76c496382dd98bc40b1a3db - - default default] POST http://[LB_IP_ADDRESS]:8776/v3/e1b5df3fe76c496382dd98bc40b1a3db/group_types
2025-08-20 09:11:43.669 24 INFO cinder.api.openstack.wsgi [None req-15f34bc1-ed9c-4d2a-a050-f225570e5249 b4351a1456134459b386d59c2d431a81 e1b5df3fe76c496382dd98bc40b1a3db - - default default] http://[LB_IP_ADDRESS]:8776/v3/e1b5df3fe76c496382dd98bc40b1a3db/group_types returned with HTTP 202
2025-08-20 09:11:43.854 21 INFO cinder.api.openstack.wsgi [None req-2d667595-bfcc-4542-99d1-732081c25417 8efefc7b89ab4a5ea8bd3a59bcc49cb0 a8677eb386864a77a86ccb97593b8323 - - default default] POST http://[LB_IP_ADDRESS]:8776/v3/a8677eb386864a77a86ccb97593b8323/groups
2025-08-20 09:11:43.867 21 INFO cinder.api.v3.groups [None req-2d667595-bfcc-4542-99d1-732081c25417 8efefc7b89ab4a5ea8bd3a59bcc49cb0 a8677eb386864a77a86ccb97593b8323 - - default default] Creating group tempest-GroupsV314Test-Group-553476780.
2025-08-20 09:11:43.878 21 INFO cinder.volume.api [None req-2d667595-bfcc-4542-99d1-732081c25417 8efefc7b89ab4a5ea8bd3a59bcc49cb0 a8677eb386864a77a86ccb97593b8323 - - default default] Availability Zones retrieved successfully.
2025-08-20 09:11:44.007 22 INFO cinder.api.openstack.wsgi [None req-c10522d4-d003-4e30-8d6d-d111edff9298 c2352dd8b0b84f78ae429b4630b3bb03 78c72e243a0e45c29de7e224fc03c514 - - default default] GET http://[LB_IP_ADDRESS]:8776/v3/78c72e243a0e45c29de7e224fc03c514/volumes/4e00682c-a641-497f-bdcf-f7a87f851355
2025-08-20 09:11:44.015 21 INFO cinder.api.openstack.wsgi [None req-2d667595-bfcc-4542-99d1-732081c25417 8efefc7b89ab4a5ea8bd3a59bcc49cb0 a8677eb386864a77a86ccb97593b8323 - - default default] http://[LB_IP_ADDRESS]:8776/v3/a8677eb386864a77a86ccb97593b8323/groups returned with HTTP 202
2025-08-20 09:11:44.021 22 INFO cinder.api.openstack.wsgi [None req-c10522d4-d003-4e30-8d6d-d111edff9298 c2352dd8b0b84f78ae429b4630b3bb03 78c72e243a0e45c29de7e224fc03c514 - - default default] http://[LB_IP_ADDRESS]:8776/v3/78c72e243a0e45c29de7e224fc03c514/volumes/4e00682c-a641-497f-bdcf-f7a87f851355 returned with HTTP 404
2025-08-20 09:11:44.028 25 INFO cinder.api.openstack.wsgi [None req-d261bc91-8c2e-4e63-8102-e3445fdff415 8efefc7b89ab4a5ea8bd3a59bcc49cb0 a8677eb386864a77a86ccb97593b8323 - - default default] GET http://[LB_IP_ADDRESS]:8776/v3/a8677eb386864a77a86ccb97593b8323/groups/347499b0-a396-4164-b23e-e8e2ba96f7c0
2025-08-20 09:11:44.035 23 INFO cinder.api.openstack.wsgi [None req-47f5a64e-61ec-4e2c-a4ed-f7790097c69a f0aa55aa256c44129b40af35f00be511 3b14526380894816a91f771e7cef2a31 - - default default] DELETE http://[LB_IP_ADDRESS]:8776/v3/3b14526380894816a91f771e7cef2a31/types/845d5e44-2cc4-44d6-b979-03be087d1045
2025-08-20 09:11:44.052 25 INFO cinder.api.openstack.wsgi [None req-d261bc91-8c2e-4e63-8102-e3445fdff415 8efefc7b89ab4a5ea8bd3a59bcc49cb0 a8677eb386864a77a86ccb97593b8323 - - default default] http://[LB_IP_ADDRESS]:8776/v3/a8677eb386864a77a86ccb97593b8323/groups/347499b0-a396-4164-b23e-e8e2ba96f7c0 returned with HTTP 200
2025-08-20 09:11:44.095 23 INFO cinder.api.openstack.wsgi [None req-47f5a64e-61ec-4e2c-a4ed-f7790097c69a f0aa55aa256c44129b40af35f00be511 3b14526380894816a91f771e7cef2a31 - - default default] http://[LB_IP_ADDRESS]:8776/v3/3b14526380894816a91f771e7cef2a31/types/845d5e44-2cc4-44d6-b979-03be087d1045 returned with HTTP 202
2025-08-20 09:11:44.107 24 INFO cinder.api.openstack.wsgi [None req-7768ffcd-a93a-4f0d-b662-8031b80ab79f f0aa55aa256c44129b40af35f00be511 3b14526380894816a91f771e7cef2a31 - - default default] GET http://[LB_IP_ADDRESS]:8776/v3/3b14526380894816a91f771e7cef2a31/types/845d5e44-2cc4-44d6-b979-03be087d1045
2025-08-20 09:11:44.114 24 INFO cinder.api.openstack.wsgi [None req-7768ffcd-a93a-4f0d-b662-8031b80ab79f f0aa55aa256c44129b40af35f00be511 3b14526380894816a91f771e7cef2a31 - - default default] http://[LB_IP_ADDRESS]:8776/v3/3b14526380894816a91f771e7cef2a31/types/845d5e44-2cc4-44d6-b979-03be087d1045 returned with HTTP 404
2025-08-20 09:11:44.126 21 INFO cinder.api.openstack.wsgi [None req-fe9dfb2e-a62d-4320-9686-b3fcb254f256 f0aa55aa256c44129b40af35f00be511 3b14526380894816a91f771e7cef2a31 - - default default] DELETE http://[LB_IP_ADDRESS]:8776/v3/3b14526380894816a91f771e7cef2a31/types/bd36f4f8-32f5-4bad-8fef-5244cce4fa63
2025-08-20 09:11:44.184 21 INFO cinder.api.openstack.wsgi [None req-fe9dfb2e-a62d-4320-9686-b3fcb254f256 f0aa55aa256c44129b40af35f00be511 3b14526380894816a91f771e7cef2a31 - - default default] http://[LB_IP_ADDRESS]:8776/v3/3b14526380894816a91f771e7cef2a31/types/bd36f4f8-32f5-4bad-8fef-5244cce4fa63 returned with HTTP 202
2025-08-20 09:11:44.195 22 INFO cinder.api.openstack.wsgi [None req-7e3d5aae-d77f-4918-bc21-b4b97fc2b16d f0aa55aa256c44129b40af35f00be511 3b14526380894816a91f771e7cef2a31 - - default default] GET http://[LB_IP_ADDRESS]:8776/v3/3b14526380894816a91f771e7cef2a31/types/bd36f4f8-32f5-4bad-8fef-5244cce4fa63
2025-08-20 09:11:44.202 22 INFO cinder.api.openstack.wsgi [None req-7e3d5aae-d77f-4918-bc21-b4b97fc2b16d f0aa55aa256c44129b40af35f00be511 3b14526380894816a91f771e7cef2a31 - - default default] http://[LB_IP_ADDRESS]:8776/v3/3b14526380894816a91f771e7cef2a31/types/bd36f4f8-32f5-4bad-8fef-5244cce4fa63 returned with HTTP 404
2025-08-20 09:11:44.258 25 INFO cinder.api.openstack.wsgi [None req-218485ab-c2f1-463e-9ca9-82a3dc6e9bfe 7c7c1ddda22448619dfc7b09ddb3c137 ce26937ca85743da981ea235f5a111df - - default default] GET http://[LB_IP_ADDRESS]:8776/v3/ce26937ca85743da981ea235f5a111df/os-services
2025-08-20 09:11:44.268 25 INFO cinder.api.openstack.wsgi [None req-218485ab-c2f1-463e-9ca9-82a3dc6e9bfe 7c7c1ddda22448619dfc7b09ddb3c137 ce26937ca85743da981ea235f5a111df - - default default] http://[LB_IP_ADDRESS]:8776/v3/ce26937ca85743da981ea235f5a111df/os-services returned with HTTP 200
2025-08-20 09:11:44.289 23 INFO cinder.api.openstack.wsgi [None req-fd2362d5-02cd-4455-850f-4ec77f410982 7c7c1ddda22448619dfc7b09ddb3c137 ce26937ca85743da981ea235f5a111df - - default default] PUT http://[LB_IP_ADDRESS]:8776/v3/ce26937ca85743da981ea235f5a111df/os-services/disable-log-reason
2025-08-20 09:11:44.294 23 INFO cinder.api.openstack.wsgi [None req-fd2362d5-02cd-4455-850f-4ec77f410982 7c7c1ddda22448619dfc7b09ddb3c137 ce26937ca85743da981ea235f5a111df - - default default] http://[LB_IP_ADDRESS]:8776/v3/ce26937ca85743da981ea235f5a111df/os-services/disable-log-reason returned with HTTP 400
2025-08-20 09:11:44.310 24 INFO cinder.api.openstack.wsgi [None req-38a0bede-c3eb-4f3e-bcd0-51912b6ad43b 7c7c1ddda22448619dfc7b09ddb3c137 ce26937ca85743da981ea235f5a111df - - default default] PUT http://[LB_IP_ADDRESS]:8776/v3/ce26937ca85743da981ea235f5a111df/os-services/disable
2025-08-20 09:11:44.322 24 INFO cinder.api.openstack.wsgi [None req-38a0bede-c3eb-4f3e-bcd0-51912b6ad43b 7c7c1ddda22448619dfc7b09ddb3c137 ce26937ca85743da981ea235f5a111df - - default default] http://[LB_IP_ADDRESS]:8776/v3/ce26937ca85743da981ea235f5a111df/os-services/disable returned with HTTP 404
2025-08-20 09:11:44.338 21 INFO cinder.api.openstack.wsgi [None req-fe2dad78-ed50-4f57-a9d5-f76cf9400ae6 7c7c1ddda22448619dfc7b09ddb3c137 ce26937ca85743da981ea235f5a111df - - default default] PUT http://[LB_IP_ADDRESS]:8776/v3/ce26937ca85743da981ea235f5a111df/os-services/enable
2025-08-20 09:11:44.349 21 INFO cinder.api.openstack.wsgi [None req-fe2dad78-ed50-4f57-a9d5-f76cf9400ae6 7c7c1ddda22448619dfc7b09ddb3c137 ce26937ca85743da981ea235f5a111df - - default default] http://[LB_IP_ADDRESS]:8776/v3/ce26937ca85743da981ea235f5a111df/os-services/enable returned with HTTP 404
2025-08-20 09:11:44.365 22 INFO cinder.api.openstack.wsgi [None req-f7c6e039-6ab6-4437-b6b0-ec0c766bf536 7c7c1ddda22448619dfc7b09ddb3c137 ce26937ca85743da981ea235f5a111df - - default default] PUT http://[LB_IP_ADDRESS]:8776/v3/ce26937ca85743da981ea235f5a111df/os-services/freeze
2025-08-20 09:11:44.379 22 INFO cinder.api.openstack.wsgi [None req-f7c6e039-6ab6-4437-b6b0-ec0c766bf536 7c7c1ddda22448619dfc7b09ddb3c137 ce26937ca85743da981ea235f5a111df - - default default] http://[LB_IP_ADDRESS]:8776/v3/ce26937ca85743da981ea235f5a111df/os-services/freeze returned with HTTP 400
2025-08-20 09:11:44.394 25 INFO cinder.api.openstack.wsgi [None req-3a87e811-e380-4a3e-902f-3d10b658f61c 7c7c1ddda22448619dfc7b09ddb3c137 ce26937ca85743da981ea235f5a111df - - default default] PUT http://[LB_IP_ADDRESS]:8776/v3/ce26937ca85743da981ea235f5a111df/os-services/thaw
2025-08-20 09:11:44.414 25 INFO cinder.api.openstack.wsgi [None req-3a87e811-e380-4a3e-902f-3d10b658f61c 7c7c1ddda22448619dfc7b09ddb3c137 ce26937ca85743da981ea235f5a111df - - default default] http://[LB_IP_ADDRESS]:8776/v3/ce26937ca85743da981ea235f5a111df/os-services/thaw returned with HTTP 400
2025-08-20 09:11:45.070 23 INFO cinder.api.openstack.wsgi [None req-69628040-607f-4e16-8dde-4348873a2ec8 8efefc7b89ab4a5ea8bd3a59bcc49cb0 a8677eb386864a77a86ccb97593b8323 - - default default] GET http://[LB_IP_ADDRESS]:8776/v3/a8677eb386864a77a86ccb97593b8323/groups/347499b0-a396-4164-b23e-e8e2ba96f7c0
2025-08-20 09:11:45.095 23 INFO cinder.api.openstack.wsgi [None req-69628040-607f-4e16-8dde-4348873a2ec8 8efefc7b89ab4a5ea8bd3a59bcc49cb0 a8677eb386864a77a86ccb97593b8323 - - default default] http://[LB_IP_ADDRESS]:8776/v3/a8677eb386864a77a86ccb97593b8323/groups/347499b0-a396-4164-b23e-e8e2ba96f7c0 returned with HTTP 200
2025-08-20 09:11:45.111 24 INFO cinder.api.openstack.wsgi [None req-a074546a-0004-4e58-a516-8d88903ef846 8efefc7b89ab4a5ea8bd3a59bcc49cb0 a8677eb386864a77a86ccb97593b8323 - - default default] POST http://[LB_IP_ADDRESS]:8776/v3/a8677eb386864a77a86ccb97593b8323/volumes
2025-08-20 09:11:45.126 24 INFO cinder.api.v3.volumes [None req-a074546a-0004-4e58-a516-8d88903ef846 8efefc7b89ab4a5ea8bd3a59bcc49cb0 a8677eb386864a77a86ccb97593b8323 - - default default] Create volume of 1 GB
2025-08-20 09:11:45.135 24 INFO cinder.volume.api [None req-a074546a-0004-4e58-a516-8d88903ef846 8efefc7b89ab4a5ea8bd3a59bcc49cb0 a8677eb386864a77a86ccb97593b8323 - - default default] Availability Zones retrieved successfully.
2025-08-20 09:11:45.344 24 WARNING cinder.quota [None req-a074546a-0004-4e58-a516-8d88903ef846 8efefc7b89ab4a5ea8bd3a59bcc49cb0 a8677eb386864a77a86ccb97593b8323 - - default default] Deprecated: Default quota for resource: volumes_tempest-GroupsV314Test-volume-type-1305863527 is set by the default quota flag: quota_volumes_tempest-GroupsV314Test-volume-type-1305863527, it is now deprecated. Please use the default quota class for default quota.
2025-08-20 09:11:45.345 24 WARNING cinder.quota [None req-a074546a-0004-4e58-a516-8d88903ef846 8efefc7b89ab4a5ea8bd3a59bcc49cb0 a8677eb386864a77a86ccb97593b8323 - - default default] Deprecated: Default quota for resource: gigabytes_tempest-GroupsV314Test-volume-type-1305863527 is set by the default quota flag: quota_gigabytes_tempest-GroupsV314Test-volume-type-1305863527, it is now deprecated. Please use the default quota class for default quota.
2025-08-20 09:11:45.461 24 INFO cinder.volume.api [None req-a074546a-0004-4e58-a516-8d88903ef846 8efefc7b89ab4a5ea8bd3a59bcc49cb0 a8677eb386864a77a86ccb97593b8323 - - default default] Create volume request issued successfully.
2025-08-20 09:11:45.483 24 INFO cinder.api.openstack.wsgi [None req-a074546a-0004-4e58-a516-8d88903ef846 8efefc7b89ab4a5ea8bd3a59bcc49cb0 a8677eb386864a77a86ccb97593b8323 - - default default] http://[LB_IP_ADDRESS]:8776/v3/a8677eb386864a77a86ccb97593b8323/volumes returned with HTTP 202
2025-08-20 09:11:45.508 21 INFO cinder.api.openstack.wsgi [None req-fbb21ccc-9d3d-4a97-900a-09a4f5760539 8efefc7b89ab4a5ea8bd3a59bcc49cb0 a8677eb386864a77a86ccb97593b8323 - - default default] GET http://[LB_IP_ADDRESS]:8776/v3/a8677eb386864a77a86ccb97593b8323/volumes/c5e260ea-e99a-4e79-a0ef-7c75f93cc58c
2025-08-20 09:11:45.528 21 INFO cinder.volume.api [None req-fbb21ccc-9d3d-4a97-900a-09a4f5760539 8efefc7b89ab4a5ea8bd3a59bcc49cb0 a8677eb386864a77a86ccb97593b8323 - - default default] Volume info retrieved successfully.
2025-08-20 09:11:45.551 21 INFO cinder.api.openstack.wsgi [None req-fbb21ccc-9d3d-4a97-900a-09a4f5760539 8efefc7b89ab4a5ea8bd3a59bcc49cb0 a8677eb386864a77a86ccb97593b8323 - - default default] http://[LB_IP_ADDRESS]:8776/v3/a8677eb386864a77a86ccb97593b8323/volumes/c5e260ea-e99a-4e79-a0ef-7c75f93cc58c returned with HTTP 200
2025-08-20 09:11:46.579 22 INFO cinder.api.openstack.wsgi [None req-5228387f-be93-4671-a326-014580144647 8efefc7b89ab4a5ea8bd3a59bcc49cb0 a8677eb386864a77a86ccb97593b8323 - - default default] GET http://[LB_IP_ADDRESS]:8776/v3/a8677eb386864a77a86ccb97593b8323/volumes/c5e260ea-e99a-4e79-a0ef-7c75f93cc58c
2025-08-20 09:11:46.603 22 INFO cinder.volume.api [None req-5228387f-be93-4671-a326-014580144647 8efefc7b89ab4a5ea8bd3a59bcc49cb0 a8677eb386864a77a86ccb97593b8323 - - default default] Volume info retrieved successfully.
2025-08-20 09:11:46.632 22 INFO cinder.api.openstack.wsgi [None req-5228387f-be93-4671-a326-014580144647 8efefc7b89ab4a5ea8bd3a59bcc49cb0 a8677eb386864a77a86ccb97593b8323 - - default default] http://[LB_IP_ADDRESS]:8776/v3/a8677eb386864a77a86ccb97593b8323/volumes/c5e260ea-e99a-4e79-a0ef-7c75f93cc58c returned with HTTP 200
2025-08-20 09:11:47.661 25 INFO cinder.api.openstack.wsgi [None req-53963b6c-6490-4a9a-8f9f-8141d4a4de7a 8efefc7b89ab4a5ea8bd3a59bcc49cb0 a8677eb386864a77a86ccb97593b8323 - - default default] GET http://[LB_IP_ADDRESS]:8776/v3/a8677eb386864a77a86ccb97593b8323/volumes/c5e260ea-e99a-4e79-a0ef-7c75f93cc58c
2025-08-20 09:11:47.685 25 INFO cinder.volume.api [None req-53963b6c-6490-4a9a-8f9f-8141d4a4de7a 8efefc7b89ab4a5ea8bd3a59bcc49cb0 a8677eb386864a77a86ccb97593b8323 - - default default] Volume info retrieved successfully.
2025-08-20 09:11:47.715 25 INFO cinder.api.openstack.wsgi [None req-53963b6c-6490-4a9a-8f9f-8141d4a4de7a 8efefc7b89ab4a5ea8bd3a59bcc49cb0 a8677eb386864a77a86ccb97593b8323 - - default default] http://[LB_IP_ADDRESS]:8776/v3/a8677eb386864a77a86ccb97593b8323/volumes/c5e260ea-e99a-4e79-a0ef-7c75f93cc58c returned with HTTP 200
2025-08-20 09:11:47.744 23 INFO cinder.api.openstack.wsgi [None req-b732d0e9-8557-4616-a76e-1657a95bb8cc 8efefc7b89ab4a5ea8bd3a59bcc49cb0 a8677eb386864a77a86ccb97593b8323 - - default default] POST http://[LB_IP_ADDRESS]:8776/v3/a8677eb386864a77a86ccb97593b8323/groups/action
2025-08-20 09:11:47.748 23 INFO cinder.api.v3.groups [None req-b732d0e9-8557-4616-a76e-1657a95bb8cc 8efefc7b89ab4a5ea8bd3a59bcc49cb0 a8677eb386864a77a86ccb97593b8323 - - default default] Creating group tempest-Group_from_grp-1857742995 from source group 347499b0-a396-4164-b23e-e8e2ba96f7c0.
2025-08-20 09:11:48.552 23 INFO cinder.group.api [None req-b732d0e9-8557-4616-a76e-1657a95bb8cc 8efefc7b89ab4a5ea8bd3a59bcc49cb0 a8677eb386864a77a86ccb97593b8323 - - default default] A mapping entry already exists for group 628ed744-c459-4669-96fc-4d4a873bb37c and volume type 8877f170-f221-42b6-a1c9-768547ee35cb. Do not need to create again.
2025-08-20 09:11:48.554 23 INFO cinder.volume.api [None req-b732d0e9-8557-4616-a76e-1657a95bb8cc 8efefc7b89ab4a5ea8bd3a59bcc49cb0 a8677eb386864a77a86ccb97593b8323 - - default default] Availability Zones retrieved successfully.
2025-08-20 09:11:49.001 23 WARNING cinder.quota [None req-b732d0e9-8557-4616-a76e-1657a95bb8cc 8efefc7b89ab4a5ea8bd3a59bcc49cb0 a8677eb386864a77a86ccb97593b8323 - - default default] Deprecated: Default quota for resource: volumes_tempest-GroupsV314Test-volume-type-1305863527 is set by the default quota flag: quota_volumes_tempest-GroupsV314Test-volume-type-1305863527, it is now deprecated. Please use the default quota class for default quota.
2025-08-20 09:11:49.001 23 WARNING cinder.quota [None req-b732d0e9-8557-4616-a76e-1657a95bb8cc 8efefc7b89ab4a5ea8bd3a59bcc49cb0 a8677eb386864a77a86ccb97593b8323 - - default default] Deprecated: Default quota for resource: gigabytes_tempest-GroupsV314Test-volume-type-1305863527 is set by the default quota flag: quota_gigabytes_tempest-GroupsV314Test-volume-type-1305863527, it is now deprecated. Please use the default quota class for default quota.
2025-08-20 09:11:49.320 23 INFO cinder.volume.api [None req-b732d0e9-8557-4616-a76e-1657a95bb8cc 8efefc7b89ab4a5ea8bd3a59bcc49cb0 a8677eb386864a77a86ccb97593b8323 - - default default] Create volume request issued successfully.
2025-08-20 09:11:49.444 23 INFO cinder.api.openstack.wsgi [None req-b732d0e9-8557-4616-a76e-1657a95bb8cc 8efefc7b89ab4a5ea8bd3a59bcc49cb0 a8677eb386864a77a86ccb97593b8323 - - default default] http://[LB_IP_ADDRESS]:8776/v3/a8677eb386864a77a86ccb97593b8323/groups/action returned with HTTP 202
2025-08-20 09:11:49.459 24 INFO cinder.api.openstack.wsgi [None req-eb17fc65-126e-4520-be7c-f02bd5b57c28 8efefc7b89ab4a5ea8bd3a59bcc49cb0 a8677eb386864a77a86ccb97593b8323 - - default default] GET http://[LB_IP_ADDRESS]:8776/v3/a8677eb386864a77a86ccb97593b8323/volumes/detail
2025-08-20 09:11:49.482 24 INFO cinder.volume.api [None req-eb17fc65-126e-4520-be7c-f02bd5b57c28 8efefc7b89ab4a5ea8bd3a59bcc49cb0 a8677eb386864a77a86ccb97593b8323 - - default default] Get all volumes completed successfully.
2025-08-20 09:11:49.526 24 INFO cinder.api.openstack.wsgi [None req-eb17fc65-126e-4520-be7c-f02bd5b57c28 8efefc7b89ab4a5ea8bd3a59bcc49cb0 a8677eb386864a77a86ccb97593b8323 - - default default] http://[LB_IP_ADDRESS]:8776/v3/a8677eb386864a77a86ccb97593b8323/volumes/detail returned with HTTP 200
2025-08-20 09:11:49.554 22 INFO cinder.api.openstack.wsgi [None req-9c9d26bd-1beb-4c08-bfe3-7d6c7843b985 8efefc7b89ab4a5ea8bd3a59bcc49cb0 a8677eb386864a77a86ccb97593b8323 - - default default] GET http://[LB_IP_ADDRESS]:8776/v3/a8677eb386864a77a86ccb97593b8323/volumes/c9e6e09e-dff3-4dcf-bee8-c27b39c70c5c
2025-08-20 09:11:49.577 22 INFO cinder.volume.api [None req-9c9d26bd-1beb-4c08-bfe3-7d6c7843b985 8efefc7b89ab4a5ea8bd3a59bcc49cb0 a8677eb386864a77a86ccb97593b8323 - - default default] Volume info retrieved successfully.
2025-08-20 09:11:49.605 22 INFO cinder.api.openstack.wsgi [None req-9c9d26bd-1beb-4c08-bfe3-7d6c7843b985 8efefc7b89ab4a5ea8bd3a59bcc49cb0 a8677eb386864a77a86ccb97593b8323 - - default default] http://[LB_IP_ADDRESS]:8776/v3/a8677eb386864a77a86ccb97593b8323/volumes/c9e6e09e-dff3-4dcf-bee8-c27b39c70c5c returned with HTTP 200
2025-08-20 09:11:49.718 21 INFO cinder.api.openstack.wsgi [None req-17293c16-cfc0-4cdb-b1eb-458ca5eb437e 29afcd33303b41adb86023869ceafc70 d4fe65cb051b4403affda48112bc7e84 - - default default] GET http://[LB_IP_ADDRESS]:8776/v3/d4fe65cb051b4403affda48112bc7e84/os-services
2025-08-20 09:11:49.726 21 INFO cinder.api.openstack.wsgi [None req-17293c16-cfc0-4cdb-b1eb-458ca5eb437e 29afcd33303b41adb86023869ceafc70 d4fe65cb051b4403affda48112bc7e84 - - default default] http://[LB_IP_ADDRESS]:8776/v3/d4fe65cb051b4403affda48112bc7e84/os-services returned with HTTP 200
2025-08-20 09:11:49.742 21 INFO cinder.api.openstack.wsgi [None req-d1e8efd3-eda9-4fc4-94a9-4c101bc3c0c0 29afcd33303b41adb86023869ceafc70 d4fe65cb051b4403affda48112bc7e84 - - default default] GET http://[LB_IP_ADDRESS]:8776/v3/d4fe65cb051b4403affda48112bc7e84/os-services?host=rack04-server63
2025-08-20 09:11:49.749 21 INFO cinder.api.openstack.wsgi [None req-d1e8efd3-eda9-4fc4-94a9-4c101bc3c0c0 29afcd33303b41adb86023869ceafc70 d4fe65cb051b4403affda48112bc7e84 - - default default] http://[LB_IP_ADDRESS]:8776/v3/d4fe65cb051b4403affda48112bc7e84/os-services?host=rack04-server63 returned with HTTP 200
2025-08-20 09:11:49.768 23 INFO cinder.api.openstack.wsgi [None req-47fcbb81-de93-40b0-baff-fa9c8bdd9b12 29afcd33303b41adb86023869ceafc70 d4fe65cb051b4403affda48112bc7e84 - - default default] GET http://[LB_IP_ADDRESS]:8776/v3/d4fe65cb051b4403affda48112bc7e84/os-services?host=rack04-server63&binary=cinder-scheduler
2025-08-20 09:11:49.777 23 INFO cinder.api.openstack.wsgi [None req-47fcbb81-de93-40b0-baff-fa9c8bdd9b12 29afcd33303b41adb86023869ceafc70 d4fe65cb051b4403affda48112bc7e84 - - default default] http://[LB_IP_ADDRESS]:8776/v3/d4fe65cb051b4403affda48112bc7e84/os-services?host=rack04-server63&binary=cinder-scheduler returned with HTTP 200
2025-08-20 09:11:49.788 25 INFO cinder.api.openstack.wsgi [None req-249bd77a-f39a-444f-8a0c-a9d72a1ae981 a222c8ed3ca149999769c46f84a2782e e8c67b01c8b8410eb42e48f76345453b - - default default] GET http://[LB_IP_ADDRESS]:8776/v3/e8c67b01c8b8410eb42e48f76345453b/os-quota-sets/8bbdd828de734e4b8d0bc7a9ac46c3c4
2025-08-20 09:11:49.797 24 INFO cinder.api.openstack.wsgi [None req-482ccfe2-6a46-4e5b-ac74-f79f6a30022f 29afcd33303b41adb86023869ceafc70 d4fe65cb051b4403affda48112bc7e84 - - default default] GET http://[LB_IP_ADDRESS]:8776/v3/d4fe65cb051b4403affda48112bc7e84/os-services?binary=cinder-scheduler
2025-08-20 09:11:49.805 24 INFO cinder.api.openstack.wsgi [None req-482ccfe2-6a46-4e5b-ac74-f79f6a30022f 29afcd33303b41adb86023869ceafc70 d4fe65cb051b4403affda48112bc7e84 - - default default] http://[LB_IP_ADDRESS]:8776/v3/d4fe65cb051b4403affda48112bc7e84/os-services?binary=cinder-scheduler returned with HTTP 200
2025-08-20 09:11:49.896 25 WARNING cinder.quota [None req-249bd77a-f39a-444f-8a0c-a9d72a1ae981 a222c8ed3ca149999769c46f84a2782e e8c67b01c8b8410eb42e48f76345453b - - default default] Deprecated: Default quota for resource: volumes_tempest-GroupsV314Test-volume-type-1305863527 is set by the default quota flag: quota_volumes_tempest-GroupsV314Test-volume-type-1305863527, it is now deprecated. Please use the default quota class for default quota.
2025-08-20 09:11:49.897 25 WARNING cinder.quota [None req-249bd77a-f39a-444f-8a0c-a9d72a1ae981 a222c8ed3ca149999769c46f84a2782e e8c67b01c8b8410eb42e48f76345453b - - default default] Deprecated: Default quota for resource: gigabytes_tempest-GroupsV314Test-volume-type-1305863527 is set by the default quota flag: quota_gigabytes_tempest-GroupsV314Test-volume-type-1305863527, it is now deprecated. Please use the default quota class for default quota.
2025-08-20 09:11:49.898 25 WARNING cinder.quota [None req-249bd77a-f39a-444f-8a0c-a9d72a1ae981 a222c8ed3ca149999769c46f84a2782e e8c67b01c8b8410eb42e48f76345453b - - default default] Deprecated: Default quota for resource: snapshots_tempest-GroupsV314Test-volume-type-1305863527 is set by the default quota flag: quota_snapshots_tempest-GroupsV314Test-volume-type-1305863527, it is now deprecated. Please use the default quota class for default quota.
2025-08-20 09:11:49.941 22 INFO cinder.api.openstack.wsgi [None req-e501499f-5875-4c58-a472-ea9b64642cdd 0ef0b19acb4840ebb1f3d60ae7569a78 baa5ca75daeb429bae425f230808f632 - - default default] POST http://[LB_IP_ADDRESS]:8776/v3/baa5ca75daeb429bae425f230808f632/volumes
2025-08-20 09:11:49.945 22 INFO cinder.api.v3.volumes [None req-e501499f-5875-4c58-a472-ea9b64642cdd 0ef0b19acb4840ebb1f3d60ae7569a78 baa5ca75daeb429bae425f230808f632 - - default default] Create volume of 1 GB
2025-08-20 09:11:49.956 22 INFO cinder.volume.api [None req-e501499f-5875-4c58-a472-ea9b64642cdd 0ef0b19acb4840ebb1f3d60ae7569a78 baa5ca75daeb429bae425f230808f632 - - default default] Availability Zones retrieved successfully.
2025-08-20 09:11:49.975 25 INFO cinder.api.openstack.wsgi [None req-249bd77a-f39a-444f-8a0c-a9d72a1ae981 a222c8ed3ca149999769c46f84a2782e e8c67b01c8b8410eb42e48f76345453b - - default default] http://[LB_IP_ADDRESS]:8776/v3/e8c67b01c8b8410eb42e48f76345453b/os-quota-sets/8bbdd828de734e4b8d0bc7a9ac46c3c4 returned with HTTP 200
2025-08-20 09:11:49.992 21 INFO cinder.api.openstack.wsgi [None req-b2de14c2-31b0-44a1-8c4f-cb9deae414b5 a222c8ed3ca149999769c46f84a2782e e8c67b01c8b8410eb42e48f76345453b - - default default] PUT http://[LB_IP_ADDRESS]:8776/v3/e8c67b01c8b8410eb42e48f76345453b/os-quota-sets/8bbdd828de734e4b8d0bc7a9ac46c3c4
2025-08-20 09:11:50.206 21 WARNING cinder.quota [None req-b2de14c2-31b0-44a1-8c4f-cb9deae414b5 a222c8ed3ca149999769c46f84a2782e e8c67b01c8b8410eb42e48f76345453b - - default default] Deprecated: Default quota for resource: volumes_tempest-GroupsV314Test-volume-type-1305863527 is set by the default quota flag: quota_volumes_tempest-GroupsV314Test-volume-type-1305863527, it is now deprecated. Please use the default quota class for default quota.
2025-08-20 09:11:50.207 21 WARNING cinder.quota [None req-b2de14c2-31b0-44a1-8c4f-cb9deae414b5 a222c8ed3ca149999769c46f84a2782e e8c67b01c8b8410eb42e48f76345453b - - default default] Deprecated: Default quota for resource: gigabytes_tempest-GroupsV314Test-volume-type-1305863527 is set by the default quota flag: quota_gigabytes_tempest-GroupsV314Test-volume-type-1305863527, it is now deprecated. Please use the default quota class for default quota.
2025-08-20 09:11:50.207 21 WARNING cinder.quota [None req-b2de14c2-31b0-44a1-8c4f-cb9deae414b5 a222c8ed3ca149999769c46f84a2782e e8c67b01c8b8410eb42e48f76345453b - - default default] Deprecated: Default quota for resource: snapshots_tempest-GroupsV314Test-volume-type-1305863527 is set by the default quota flag: quota_snapshots_tempest-GroupsV314Test-volume-type-1305863527, it is now deprecated. Please use the default quota class for default quota.
2025-08-20 09:11:50.278 21 INFO cinder.api.openstack.wsgi [None req-b2de14c2-31b0-44a1-8c4f-cb9deae414b5 a222c8ed3ca149999769c46f84a2782e e8c67b01c8b8410eb42e48f76345453b - - default default] http://[LB_IP_ADDRESS]:8776/v3/e8c67b01c8b8410eb42e48f76345453b/os-quota-sets/8bbdd828de734e4b8d0bc7a9ac46c3c4 returned with HTTP 200
2025-08-20 09:11:50.435 23 INFO cinder.api.openstack.wsgi [None req-b5d2f2fa-8e90-496c-8113-96b144960add 658ca537e3d44e308fc49d1025eab327 8bbdd828de734e4b8d0bc7a9ac46c3c4 - - default default] POST http://[LB_IP_ADDRESS]:8776/v3/8bbdd828de734e4b8d0bc7a9ac46c3c4/volumes
2025-08-20 09:11:50.439 23 INFO cinder.api.v3.volumes [None req-b5d2f2fa-8e90-496c-8113-96b144960add 658ca537e3d44e308fc49d1025eab327 8bbdd828de734e4b8d0bc7a9ac46c3c4 - - default default] Create volume of 1 GB
2025-08-20 09:11:50.451 23 INFO cinder.volume.api [None req-b5d2f2fa-8e90-496c-8113-96b144960add 658ca537e3d44e308fc49d1025eab327 8bbdd828de734e4b8d0bc7a9ac46c3c4 - - default default] Availability Zones retrieved successfully.
2025-08-20 09:11:50.634 24 INFO cinder.api.openstack.wsgi [None req-9fa1eef3-6f23-4659-bb9c-58226949e03e 8efefc7b89ab4a5ea8bd3a59bcc49cb0 a8677eb386864a77a86ccb97593b8323 - - default default] GET http://[LB_IP_ADDRESS]:8776/v3/a8677eb386864a77a86ccb97593b8323/volumes/c9e6e09e-dff3-4dcf-bee8-c27b39c70c5c
2025-08-20 09:11:50.660 24 INFO cinder.volume.api [None req-9fa1eef3-6f23-4659-bb9c-58226949e03e 8efefc7b89ab4a5ea8bd3a59bcc49cb0 a8677eb386864a77a86ccb97593b8323 - - default default] Volume info retrieved successfully.
2025-08-20 09:11:50.692 24 INFO cinder.api.openstack.wsgi [None req-9fa1eef3-6f23-4659-bb9c-58226949e03e 8efefc7b89ab4a5ea8bd3a59bcc49cb0 a8677eb386864a77a86ccb97593b8323 - - default default] http://[LB_IP_ADDRESS]:8776/v3/a8677eb386864a77a86ccb97593b8323/volumes/c9e6e09e-dff3-4dcf-bee8-c27b39c70c5c returned with HTTP 200
2025-08-20 09:11:50.704 22 INFO cinder.volume.api [None req-e501499f-5875-4c58-a472-ea9b64642cdd 0ef0b19acb4840ebb1f3d60ae7569a78 baa5ca75daeb429bae425f230808f632 - - default default] Create volume request issued successfully.
2025-08-20 09:11:50.707 22 INFO cinder.api.openstack.wsgi [None req-e501499f-5875-4c58-a472-ea9b64642cdd 0ef0b19acb4840ebb1f3d60ae7569a78 baa5ca75daeb429bae425f230808f632 - - default default] http://[LB_IP_ADDRESS]:8776/v3/baa5ca75daeb429bae425f230808f632/volumes returned with HTTP 202
2025-08-20 09:11:50.732 25 INFO cinder.api.openstack.wsgi [None req-868dd4ee-caac-4de6-84c2-48d9d88710f2 0ef0b19acb4840ebb1f3d60ae7569a78 baa5ca75daeb429bae425f230808f632 - - default default] GET http://[LB_IP_ADDRESS]:8776/v3/baa5ca75daeb429bae425f230808f632/volumes/08a2d93e-a2d7-4366-b20e-88fb0e0bb2c7
2025-08-20 09:11:50.751 25 INFO cinder.volume.api [None req-868dd4ee-caac-4de6-84c2-48d9d88710f2 0ef0b19acb4840ebb1f3d60ae7569a78 baa5ca75daeb429bae425f230808f632 - - default default] Volume info retrieved successfully.
2025-08-20 09:11:50.757 25 INFO cinder.api.openstack.wsgi [None req-868dd4ee-caac-4de6-84c2-48d9d88710f2 0ef0b19acb4840ebb1f3d60ae7569a78 baa5ca75daeb429bae425f230808f632 - - default default] http://[LB_IP_ADDRESS]:8776/v3/baa5ca75daeb429bae425f230808f632/volumes/08a2d93e-a2d7-4366-b20e-88fb0e0bb2c7 returned with HTTP 200
2025-08-20 09:11:50.914 23 INFO cinder.volume.api [None req-b5d2f2fa-8e90-496c-8113-96b144960add 658ca537e3d44e308fc49d1025eab327 8bbdd828de734e4b8d0bc7a9ac46c3c4 - - default default] Create volume request issued successfully.
2025-08-20 09:11:50.918 23 INFO cinder.api.openstack.wsgi [None req-b5d2f2fa-8e90-496c-8113-96b144960add 658ca537e3d44e308fc49d1025eab327 8bbdd828de734e4b8d0bc7a9ac46c3c4 - - default default] http://[LB_IP_ADDRESS]:8776/v3/8bbdd828de734e4b8d0bc7a9ac46c3c4/volumes returned with HTTP 202
2025-08-20 09:11:50.946 21 INFO cinder.api.openstack.wsgi [None req-e1dfb1a6-9631-43fa-b687-b27f991f743e 658ca537e3d44e308fc49d1025eab327 8bbdd828de734e4b8d0bc7a9ac46c3c4 - - default default] GET http://[LB_IP_ADDRESS]:8776/v3/8bbdd828de734e4b8d0bc7a9ac46c3c4/volumes/988267f4-ce4a-4345-995e-5a97872479ce
2025-08-20 09:11:50.966 21 INFO cinder.volume.api [None req-e1dfb1a6-9631-43fa-b687-b27f991f743e 658ca537e3d44e308fc49d1025eab327 8bbdd828de734e4b8d0bc7a9ac46c3c4 - - default default] Volume info retrieved successfully.
2025-08-20 09:11:50.978 21 INFO cinder.api.openstack.wsgi [None req-e1dfb1a6-9631-43fa-b687-b27f991f743e 658ca537e3d44e308fc49d1025eab327 8bbdd828de734e4b8d0bc7a9ac46c3c4 - - default default] http://[LB_IP_ADDRESS]:8776/v3/8bbdd828de734e4b8d0bc7a9ac46c3c4/volumes/988267f4-ce4a-4345-995e-5a97872479ce returned with HTTP 200
2025-08-20 09:11:51.722 24 INFO cinder.api.openstack.wsgi [None req-e2efad0a-699e-4f2f-b1f1-5e33b0cdf505 8efefc7b89ab4a5ea8bd3a59bcc49cb0 a8677eb386864a77a86ccb97593b8323 - - default default] GET http://[LB_IP_ADDRESS]:8776/v3/a8677eb386864a77a86ccb97593b8323/volumes/c9e6e09e-dff3-4dcf-bee8-c27b39c70c5c
2025-08-20 09:11:51.748 24 INFO cinder.volume.api [None req-e2efad0a-699e-4f2f-b1f1-5e33b0cdf505 8efefc7b89ab4a5ea8bd3a59bcc49cb0 a8677eb386864a77a86ccb97593b8323 - - default default] Volume info retrieved successfully.
2025-08-20 09:11:51.781 24 INFO cinder.api.openstack.wsgi [None req-e2efad0a-699e-4f2f-b1f1-5e33b0cdf505 8efefc7b89ab4a5ea8bd3a59bcc49cb0 a8677eb386864a77a86ccb97593b8323 - - default default] http://[LB_IP_ADDRESS]:8776/v3/a8677eb386864a77a86ccb97593b8323/volumes/c9e6e09e-dff3-4dcf-bee8-c27b39c70c5c returned with HTTP 200
2025-08-20 09:11:51.789 22 INFO cinder.api.openstack.wsgi [None req-aee1e8d5-17dc-4de8-b600-e216347b21e0 0ef0b19acb4840ebb1f3d60ae7569a78 baa5ca75daeb429bae425f230808f632 - - default default] GET http://[LB_IP_ADDRESS]:8776/v3/baa5ca75daeb429bae425f230808f632/volumes/08a2d93e-a2d7-4366-b20e-88fb0e0bb2c7
2025-08-20 09:11:51.819 22 INFO cinder.volume.api [None req-aee1e8d5-17dc-4de8-b600-e216347b21e0 0ef0b19acb4840ebb1f3d60ae7569a78 baa5ca75daeb429bae425f230808f632 - - default default] Volume info retrieved successfully.
2025-08-20 09:11:51.829 22 INFO cinder.api.openstack.wsgi [None req-aee1e8d5-17dc-4de8-b600-e216347b21e0 0ef0b19acb4840ebb1f3d60ae7569a78 baa5ca75daeb429bae425f230808f632 - - default default] http://[LB_IP_ADDRESS]:8776/v3/baa5ca75daeb429bae425f230808f632/volumes/08a2d93e-a2d7-4366-b20e-88fb0e0bb2c7 returned with HTTP 200
2025-08-20 09:11:52.007 25 INFO cinder.api.openstack.wsgi [None req-e82bdb06-d815-4a42-85d2-eb9bedf8cf0f 658ca537e3d44e308fc49d1025eab327 8bbdd828de734e4b8d0bc7a9ac46c3c4 - - default default] GET http://[LB_IP_ADDRESS]:8776/v3/8bbdd828de734e4b8d0bc7a9ac46c3c4/volumes/988267f4-ce4a-4345-995e-5a97872479ce
2025-08-20 09:11:52.032 25 INFO cinder.volume.api [None req-e82bdb06-d815-4a42-85d2-eb9bedf8cf0f 658ca537e3d44e308fc49d1025eab327 8bbdd828de734e4b8d0bc7a9ac46c3c4 - - default default] Volume info retrieved successfully.
2025-08-20 09:11:52.041 25 INFO cinder.api.openstack.wsgi [None req-e82bdb06-d815-4a42-85d2-eb9bedf8cf0f 658ca537e3d44e308fc49d1025eab327 8bbdd828de734e4b8d0bc7a9ac46c3c4 - - default default] http://[LB_IP_ADDRESS]:8776/v3/8bbdd828de734e4b8d0bc7a9ac46c3c4/volumes/988267f4-ce4a-4345-995e-5a97872479ce returned with HTTP 200
2025-08-20 09:11:52.077 23 INFO cinder.api.openstack.wsgi [None req-7772f55b-74af-49db-be62-c9d044eea6e5 658ca537e3d44e308fc49d1025eab327 8bbdd828de734e4b8d0bc7a9ac46c3c4 - - default default] POST http://[LB_IP_ADDRESS]:8776/v3/8bbdd828de734e4b8d0bc7a9ac46c3c4/snapshots
2025-08-20 09:11:52.103 23 INFO cinder.volume.api [None req-7772f55b-74af-49db-be62-c9d044eea6e5 658ca537e3d44e308fc49d1025eab327 8bbdd828de734e4b8d0bc7a9ac46c3c4 - - default default] Volume info retrieved successfully.
2025-08-20 09:11:52.104 23 INFO cinder.api.v3.snapshots [None req-7772f55b-74af-49db-be62-c9d044eea6e5 658ca537e3d44e308fc49d1025eab327 8bbdd828de734e4b8d0bc7a9ac46c3c4 - - default default] Create snapshot from volume 988267f4-ce4a-4345-995e-5a97872479ce
2025-08-20 09:11:52.456 23 INFO cinder.volume.api [None req-7772f55b-74af-49db-be62-c9d044eea6e5 658ca537e3d44e308fc49d1025eab327 8bbdd828de734e4b8d0bc7a9ac46c3c4 - - default default] Snapshot create request issued successfully.
2025-08-20 09:11:52.457 23 INFO cinder.api.openstack.wsgi [None req-7772f55b-74af-49db-be62-c9d044eea6e5 658ca537e3d44e308fc49d1025eab327 8bbdd828de734e4b8d0bc7a9ac46c3c4 - - default default] http://[LB_IP_ADDRESS]:8776/v3/8bbdd828de734e4b8d0bc7a9ac46c3c4/snapshots returned with HTTP 202
2025-08-20 09:11:52.474 21 INFO cinder.api.openstack.wsgi [None req-3d08de55-e521-4d17-ac72-2f1c15a42a8a 658ca537e3d44e308fc49d1025eab327 8bbdd828de734e4b8d0bc7a9ac46c3c4 - - default default] GET http://[LB_IP_ADDRESS]:8776/v3/8bbdd828de734e4b8d0bc7a9ac46c3c4/snapshots/16b27efa-0032-466d-a770-16374327ce94
2025-08-20 09:11:52.488 21 INFO cinder.volume.api [None req-3d08de55-e521-4d17-ac72-2f1c15a42a8a 658ca537e3d44e308fc49d1025eab327 8bbdd828de734e4b8d0bc7a9ac46c3c4 - - default default] Snapshot retrieved successfully.
2025-08-20 09:11:52.490 21 INFO cinder.api.openstack.wsgi [None req-3d08de55-e521-4d17-ac72-2f1c15a42a8a 658ca537e3d44e308fc49d1025eab327 8bbdd828de734e4b8d0bc7a9ac46c3c4 - - default default] http://[LB_IP_ADDRESS]:8776/v3/8bbdd828de734e4b8d0bc7a9ac46c3c4/snapshots/16b27efa-0032-466d-a770-16374327ce94 returned with HTTP 200
2025-08-20 09:11:52.811 24 INFO cinder.api.openstack.wsgi [None req-9889a1f2-de7a-4bc2-a2d6-b063a2e0609a 8efefc7b89ab4a5ea8bd3a59bcc49cb0 a8677eb386864a77a86ccb97593b8323 - - default default] GET http://[LB_IP_ADDRESS]:8776/v3/a8677eb386864a77a86ccb97593b8323/volumes/c9e6e09e-dff3-4dcf-bee8-c27b39c70c5c
2025-08-20 09:11:52.836 24 INFO cinder.volume.api [None req-9889a1f2-de7a-4bc2-a2d6-b063a2e0609a 8efefc7b89ab4a5ea8bd3a59bcc49cb0 a8677eb386864a77a86ccb97593b8323 - - default default] Volume info retrieved successfully.
2025-08-20 09:11:52.857 22 INFO cinder.api.openstack.wsgi [None req-a88fcff3-f05a-409b-a299-2378f1e998bb 0ef0b19acb4840ebb1f3d60ae7569a78 baa5ca75daeb429bae425f230808f632 - - default default] GET http://[LB_IP_ADDRESS]:8776/v3/baa5ca75daeb429bae425f230808f632/volumes/08a2d93e-a2d7-4366-b20e-88fb0e0bb2c7
2025-08-20 09:11:52.866 24 INFO cinder.api.openstack.wsgi [None req-9889a1f2-de7a-4bc2-a2d6-b063a2e0609a 8efefc7b89ab4a5ea8bd3a59bcc49cb0 a8677eb386864a77a86ccb97593b8323 - - default default] http://[LB_IP_ADDRESS]:8776/v3/a8677eb386864a77a86ccb97593b8323/volumes/c9e6e09e-dff3-4dcf-bee8-c27b39c70c5c returned with HTTP 200
2025-08-20 09:11:52.881 22 INFO cinder.volume.api [None req-a88fcff3-f05a-409b-a299-2378f1e998bb 0ef0b19acb4840ebb1f3d60ae7569a78 baa5ca75daeb429bae425f230808f632 - - default default] Volume info retrieved successfully.
2025-08-20 09:11:52.890 22 INFO cinder.api.openstack.wsgi [None req-a88fcff3-f05a-409b-a299-2378f1e998bb 0ef0b19acb4840ebb1f3d60ae7569a78 baa5ca75daeb429bae425f230808f632 - - default default] http://[LB_IP_ADDRESS]:8776/v3/baa5ca75daeb429bae425f230808f632/volumes/08a2d93e-a2d7-4366-b20e-88fb0e0bb2c7 returned with HTTP 200
2025-08-20 09:11:52.895 25 INFO cinder.api.openstack.wsgi [None req-6eb8be50-0be2-41ca-ad06-5d5da2916f71 8efefc7b89ab4a5ea8bd3a59bcc49cb0 a8677eb386864a77a86ccb97593b8323 - - default default] GET http://[LB_IP_ADDRESS]:8776/v3/a8677eb386864a77a86ccb97593b8323/groups/628ed744-c459-4669-96fc-4d4a873bb37c
2025-08-20 09:11:52.918 23 INFO cinder.api.openstack.wsgi [None req-5a64b40d-b2dd-4c20-8a8b-2d032fac5715 29afcd33303b41adb86023869ceafc70 d4fe65cb051b4403affda48112bc7e84 - - default default] GET http://[LB_IP_ADDRESS]:8776/v3/d4fe65cb051b4403affda48112bc7e84/volumes/08a2d93e-a2d7-4366-b20e-88fb0e0bb2c7
2025-08-20 09:11:52.920 25 INFO cinder.api.openstack.wsgi [None req-6eb8be50-0be2-41ca-ad06-5d5da2916f71 8efefc7b89ab4a5ea8bd3a59bcc49cb0 a8677eb386864a77a86ccb97593b8323 - - default default] http://[LB_IP_ADDRESS]:8776/v3/a8677eb386864a77a86ccb97593b8323/groups/628ed744-c459-4669-96fc-4d4a873bb37c returned with HTTP 200
2025-08-20 09:11:52.937 21 INFO cinder.api.openstack.wsgi [None req-9af6961b-fe63-4374-a117-ca6fef0e8537 8efefc7b89ab4a5ea8bd3a59bcc49cb0 a8677eb386864a77a86ccb97593b8323 - - default default] GET http://[LB_IP_ADDRESS]:8776/v3/a8677eb386864a77a86ccb97593b8323/volumes/detail
2025-08-20 09:11:52.948 23 INFO cinder.volume.api [None req-5a64b40d-b2dd-4c20-8a8b-2d032fac5715 29afcd33303b41adb86023869ceafc70 d4fe65cb051b4403affda48112bc7e84 - - default default] Volume info retrieved successfully.
2025-08-20 09:11:52.958 23 INFO cinder.api.openstack.wsgi [None req-5a64b40d-b2dd-4c20-8a8b-2d032fac5715 29afcd33303b41adb86023869ceafc70 d4fe65cb051b4403affda48112bc7e84 - - default default] http://[LB_IP_ADDRESS]:8776/v3/d4fe65cb051b4403affda48112bc7e84/volumes/08a2d93e-a2d7-4366-b20e-88fb0e0bb2c7 returned with HTTP 200
2025-08-20 09:11:52.958 21 INFO cinder.volume.api [None req-9af6961b-fe63-4374-a117-ca6fef0e8537 8efefc7b89ab4a5ea8bd3a59bcc49cb0 a8677eb386864a77a86ccb97593b8323 - - default default] Get all volumes completed successfully.
2025-08-20 09:11:52.989 24 INFO cinder.api.openstack.wsgi [None req-48b6da8a-5a1a-48ad-ae06-1e1f8da2ff05 29afcd33303b41adb86023869ceafc70 d4fe65cb051b4403affda48112bc7e84 - - default default] GET http://[LB_IP_ADDRESS]:8776/v3/d4fe65cb051b4403affda48112bc7e84/os-services?host=rack13-server65&binary=cinder-volume
2025-08-20 09:11:52.999 24 INFO cinder.api.openstack.wsgi [None req-48b6da8a-5a1a-48ad-ae06-1e1f8da2ff05 29afcd33303b41adb86023869ceafc70 d4fe65cb051b4403affda48112bc7e84 - - default default] http://[LB_IP_ADDRESS]:8776/v3/d4fe65cb051b4403affda48112bc7e84/os-services?host=rack13-server65&binary=cinder-volume returned with HTTP 200
2025-08-20 09:11:53.012 21 INFO cinder.api.openstack.wsgi [None req-9af6961b-fe63-4374-a117-ca6fef0e8537 8efefc7b89ab4a5ea8bd3a59bcc49cb0 a8677eb386864a77a86ccb97593b8323 - - default default] http://[LB_IP_ADDRESS]:8776/v3/a8677eb386864a77a86ccb97593b8323/volumes/detail returned with HTTP 200
2025-08-20 09:11:53.014 22 INFO cinder.api.openstack.wsgi [None req-d70ebae4-fa1f-4d1b-b827-85965d629ff1 0ef0b19acb4840ebb1f3d60ae7569a78 baa5ca75daeb429bae425f230808f632 - - default default] GET http://[LB_IP_ADDRESS]:8776/v3/baa5ca75daeb429bae425f230808f632/volumes/08a2d93e-a2d7-4366-b20e-88fb0e0bb2c7
2025-08-20 09:11:53.038 22 INFO cinder.volume.api [None req-d70ebae4-fa1f-4d1b-b827-85965d629ff1 0ef0b19acb4840ebb1f3d60ae7569a78 baa5ca75daeb429bae425f230808f632 - - default default] Volume info retrieved successfully.
2025-08-20 09:11:53.043 25 INFO cinder.api.openstack.wsgi [None req-45d1fc05-9fe7-4765-91c2-e7b99960fbcd 8efefc7b89ab4a5ea8bd3a59bcc49cb0 a8677eb386864a77a86ccb97593b8323 - - default default] POST http://[LB_IP_ADDRESS]:8776/v3/a8677eb386864a77a86ccb97593b8323/groups/628ed744-c459-4669-96fc-4d4a873bb37c/action
2025-08-20 09:11:53.047 22 INFO cinder.api.openstack.wsgi [None req-d70ebae4-fa1f-4d1b-b827-85965d629ff1 0ef0b19acb4840ebb1f3d60ae7569a78 baa5ca75daeb429bae425f230808f632 - - default default] http://[LB_IP_ADDRESS]:8776/v3/baa5ca75daeb429bae425f230808f632/volumes/08a2d93e-a2d7-4366-b20e-88fb0e0bb2c7 returned with HTTP 200
2025-08-20 09:11:53.048 25 INFO cinder.api.v3.groups [None req-45d1fc05-9fe7-4765-91c2-e7b99960fbcd 8efefc7b89ab4a5ea8bd3a59bcc49cb0 a8677eb386864a77a86ccb97593b8323 - - default default] Delete group with id: 628ed744-c459-4669-96fc-4d4a873bb37c
2025-08-20 09:11:53.076 23 INFO cinder.api.openstack.wsgi [None req-c8c5f835-5f7d-4116-b55d-19022d557844 0ef0b19acb4840ebb1f3d60ae7569a78 baa5ca75daeb429bae425f230808f632 - - default default] DELETE http://[LB_IP_ADDRESS]:8776/v3/baa5ca75daeb429bae425f230808f632/volumes/08a2d93e-a2d7-4366-b20e-88fb0e0bb2c7
2025-08-20 09:11:53.077 23 INFO cinder.api.v3.volumes [None req-c8c5f835-5f7d-4116-b55d-19022d557844 0ef0b19acb4840ebb1f3d60ae7569a78 baa5ca75daeb429bae425f230808f632 - - default default] Delete volume with id: 08a2d93e-a2d7-4366-b20e-88fb0e0bb2c7 
2025-08-20 09:11:53.096 23 INFO cinder.volume.api [None req-c8c5f835-5f7d-4116-b55d-19022d557844 0ef0b19acb4840ebb1f3d60ae7569a78 baa5ca75daeb429bae425f230808f632 - - default default] Volume info retrieved successfully.
2025-08-20 09:11:53.131 23 INFO cinder.volume.api [None req-c8c5f835-5f7d-4116-b55d-19022d557844 0ef0b19acb4840ebb1f3d60ae7569a78 baa5ca75daeb429bae425f230808f632 - - default default] Delete volume request issued successfully.
2025-08-20 09:11:53.131 23 INFO cinder.api.openstack.wsgi [None req-c8c5f835-5f7d-4116-b55d-19022d557844 0ef0b19acb4840ebb1f3d60ae7569a78 baa5ca75daeb429bae425f230808f632 - - default default] http://[LB_IP_ADDRESS]:8776/v3/baa5ca75daeb429bae425f230808f632/volumes/08a2d93e-a2d7-4366-b20e-88fb0e0bb2c7 returned with HTTP 202
2025-08-20 09:11:53.132 25 INFO cinder.api.openstack.wsgi [None req-45d1fc05-9fe7-4765-91c2-e7b99960fbcd 8efefc7b89ab4a5ea8bd3a59bcc49cb0 a8677eb386864a77a86ccb97593b8323 - - default default] http://[LB_IP_ADDRESS]:8776/v3/a8677eb386864a77a86ccb97593b8323/groups/628ed744-c459-4669-96fc-4d4a873bb37c/action returned with HTTP 202
2025-08-20 09:11:53.143 24 INFO cinder.api.openstack.wsgi [None req-0c280462-c012-47b8-96d1-82419e96896c 0ef0b19acb4840ebb1f3d60ae7569a78 baa5ca75daeb429bae425f230808f632 - - default default] GET http://[LB_IP_ADDRESS]:8776/v3/baa5ca75daeb429bae425f230808f632/volumes/08a2d93e-a2d7-4366-b20e-88fb0e0bb2c7
2025-08-20 09:11:53.144 21 INFO cinder.api.openstack.wsgi [None req-1a390652-75ea-417b-90a9-a3f60b6b56b2 8efefc7b89ab4a5ea8bd3a59bcc49cb0 a8677eb386864a77a86ccb97593b8323 - - default default] GET http://[LB_IP_ADDRESS]:8776/v3/a8677eb386864a77a86ccb97593b8323/volumes/c9e6e09e-dff3-4dcf-bee8-c27b39c70c5c
2025-08-20 09:11:53.169 24 INFO cinder.volume.api [None req-0c280462-c012-47b8-96d1-82419e96896c 0ef0b19acb4840ebb1f3d60ae7569a78 baa5ca75daeb429bae425f230808f632 - - default default] Volume info retrieved successfully.
2025-08-20 09:11:53.170 21 INFO cinder.volume.api [None req-1a390652-75ea-417b-90a9-a3f60b6b56b2 8efefc7b89ab4a5ea8bd3a59bcc49cb0 a8677eb386864a77a86ccb97593b8323 - - default default] Volume info retrieved successfully.
