2026-07-22 18:45:15.738 74 INFO cinder.api.openstack.wsgi [None req-9e130d93-8fc2-4023-9094-7b2a00c8dc39 be78801ab49043b5921673ce4e5f81ed a6dce65860ce4e618f37cdc4b179cc2e - - default default] http://[LB_IP_ADDRESS]:8776/v3/a6dce65860ce4e618f37cdc4b179cc2e/volumes/f9df1225-6e49-436f-ae81-8228b5a50ab8 returned with HTTP 200
2026-07-22 18:45:16.320 72 INFO cinder.api.openstack.wsgi [None req-ab613a37-3224-433c-b041-915caf414a98 a686547586fc4f8d99613221ff4c4b28 3292e3f0b89f4e18b16c96f58ecb2273 - - default default] GET http://[LB_IP_ADDRESS]:8776/v3/3292e3f0b89f4e18b16c96f58ecb2273/group_snapshots/761fcb66-71ca-48b5-aae5-b0f17eb04058
2026-07-22 18:45:16.333 72 INFO cinder.api.openstack.wsgi [None req-ab613a37-3224-433c-b041-915caf414a98 a686547586fc4f8d99613221ff4c4b28 3292e3f0b89f4e18b16c96f58ecb2273 - - default default] http://[LB_IP_ADDRESS]:8776/v3/3292e3f0b89f4e18b16c96f58ecb2273/group_snapshots/761fcb66-71ca-48b5-aae5-b0f17eb04058 returned with HTTP 200
2026-07-22 18:45:16.346 73 INFO cinder.api.openstack.wsgi [None req-5d481da7-b8cb-49c5-a443-cdd4f68a8a6d a686547586fc4f8d99613221ff4c4b28 3292e3f0b89f4e18b16c96f58ecb2273 - - default default] GET http://[LB_IP_ADDRESS]:8776/v3/3292e3f0b89f4e18b16c96f58ecb2273/snapshots/detail
2026-07-22 18:45:16.357 73 INFO cinder.volume.api [None req-5d481da7-b8cb-49c5-a443-cdd4f68a8a6d a686547586fc4f8d99613221ff4c4b28 3292e3f0b89f4e18b16c96f58ecb2273 - - default default] Get all snapshots completed successfully.
2026-07-22 18:45:16.360 73 INFO cinder.api.openstack.wsgi [None req-5d481da7-b8cb-49c5-a443-cdd4f68a8a6d a686547586fc4f8d99613221ff4c4b28 3292e3f0b89f4e18b16c96f58ecb2273 - - default default] http://[LB_IP_ADDRESS]:8776/v3/3292e3f0b89f4e18b16c96f58ecb2273/snapshots/detail returned with HTTP 200
2026-07-22 18:45:16.375 76 INFO cinder.api.openstack.wsgi [None req-960b823f-65fd-4447-b198-6e336882df04 a686547586fc4f8d99613221ff4c4b28 3292e3f0b89f4e18b16c96f58ecb2273 - - default default] GET http://[LB_IP_ADDRESS]:8776/v3/3292e3f0b89f4e18b16c96f58ecb2273/snapshots/3c8f43be-cecc-4cf7-abe4-99b2a4391019
2026-07-22 18:45:16.386 76 INFO cinder.volume.api [None req-960b823f-65fd-4447-b198-6e336882df04 a686547586fc4f8d99613221ff4c4b28 3292e3f0b89f4e18b16c96f58ecb2273 - - default default] Snapshot retrieved successfully.
2026-07-22 18:45:16.388 76 INFO cinder.api.openstack.wsgi [None req-960b823f-65fd-4447-b198-6e336882df04 a686547586fc4f8d99613221ff4c4b28 3292e3f0b89f4e18b16c96f58ecb2273 - - default default] http://[LB_IP_ADDRESS]:8776/v3/3292e3f0b89f4e18b16c96f58ecb2273/snapshots/3c8f43be-cecc-4cf7-abe4-99b2a4391019 returned with HTTP 200
2026-07-22 18:45:16.403 75 INFO cinder.api.openstack.wsgi [None req-979e9d04-1bc4-4564-8e27-4202fe2fff62 a686547586fc4f8d99613221ff4c4b28 3292e3f0b89f4e18b16c96f58ecb2273 - - default default] GET http://[LB_IP_ADDRESS]:8776/v3/3292e3f0b89f4e18b16c96f58ecb2273/group_snapshots/761fcb66-71ca-48b5-aae5-b0f17eb04058
2026-07-22 18:45:16.416 75 INFO cinder.api.openstack.wsgi [None req-979e9d04-1bc4-4564-8e27-4202fe2fff62 a686547586fc4f8d99613221ff4c4b28 3292e3f0b89f4e18b16c96f58ecb2273 - - default default] http://[LB_IP_ADDRESS]:8776/v3/3292e3f0b89f4e18b16c96f58ecb2273/group_snapshots/761fcb66-71ca-48b5-aae5-b0f17eb04058 returned with HTTP 200
2026-07-22 18:45:16.428 74 INFO cinder.api.openstack.wsgi [None req-8236331e-2b3f-4108-8414-2adf0b363abc a686547586fc4f8d99613221ff4c4b28 3292e3f0b89f4e18b16c96f58ecb2273 - - default default] GET http://[LB_IP_ADDRESS]:8776/v3/3292e3f0b89f4e18b16c96f58ecb2273/group_snapshots/detail
2026-07-22 18:45:16.440 74 INFO cinder.api.openstack.wsgi [None req-8236331e-2b3f-4108-8414-2adf0b363abc a686547586fc4f8d99613221ff4c4b28 3292e3f0b89f4e18b16c96f58ecb2273 - - default default] http://[LB_IP_ADDRESS]:8776/v3/3292e3f0b89f4e18b16c96f58ecb2273/group_snapshots/detail returned with HTTP 200
2026-07-22 18:45:16.453 72 INFO cinder.api.openstack.wsgi [None req-013d6e61-b206-4a79-8317-e20830a0cb8d a686547586fc4f8d99613221ff4c4b28 3292e3f0b89f4e18b16c96f58ecb2273 - - default default] DELETE http://[LB_IP_ADDRESS]:8776/v3/3292e3f0b89f4e18b16c96f58ecb2273/group_snapshots/761fcb66-71ca-48b5-aae5-b0f17eb04058
2026-07-22 18:45:16.454 72 INFO cinder.api.v3.group_snapshots [None req-013d6e61-b206-4a79-8317-e20830a0cb8d a686547586fc4f8d99613221ff4c4b28 3292e3f0b89f4e18b16c96f58ecb2273 - - default default] Delete group_snapshot with id: 761fcb66-71ca-48b5-aae5-b0f17eb04058
2026-07-22 18:45:16.500 72 INFO cinder.api.openstack.wsgi [None req-013d6e61-b206-4a79-8317-e20830a0cb8d a686547586fc4f8d99613221ff4c4b28 3292e3f0b89f4e18b16c96f58ecb2273 - - default default] http://[LB_IP_ADDRESS]:8776/v3/3292e3f0b89f4e18b16c96f58ecb2273/group_snapshots/761fcb66-71ca-48b5-aae5-b0f17eb04058 returned with HTTP 202
2026-07-22 18:45:16.508 73 INFO cinder.api.openstack.wsgi [None req-5c7d86a0-15a8-4bb9-98fb-ef0bc0f5c397 a686547586fc4f8d99613221ff4c4b28 3292e3f0b89f4e18b16c96f58ecb2273 - - default default] GET http://[LB_IP_ADDRESS]:8776/v3/3292e3f0b89f4e18b16c96f58ecb2273/volumes/detail
2026-07-22 18:45:16.519 73 INFO cinder.volume.api [None req-5c7d86a0-15a8-4bb9-98fb-ef0bc0f5c397 a686547586fc4f8d99613221ff4c4b28 3292e3f0b89f4e18b16c96f58ecb2273 - - default default] Get all volumes completed successfully.
2026-07-22 18:45:16.538 73 INFO cinder.api.openstack.wsgi [None req-5c7d86a0-15a8-4bb9-98fb-ef0bc0f5c397 a686547586fc4f8d99613221ff4c4b28 3292e3f0b89f4e18b16c96f58ecb2273 - - default default] http://[LB_IP_ADDRESS]:8776/v3/3292e3f0b89f4e18b16c96f58ecb2273/volumes/detail returned with HTTP 200
2026-07-22 18:45:16.556 76 INFO cinder.api.openstack.wsgi [None req-fece0ec0-8f9f-43fd-8622-6e5fc1964f5d a686547586fc4f8d99613221ff4c4b28 3292e3f0b89f4e18b16c96f58ecb2273 - - default default] GET http://[LB_IP_ADDRESS]:8776/v3/3292e3f0b89f4e18b16c96f58ecb2273/snapshots/detail
2026-07-22 18:45:16.563 76 INFO cinder.volume.api [None req-fece0ec0-8f9f-43fd-8622-6e5fc1964f5d a686547586fc4f8d99613221ff4c4b28 3292e3f0b89f4e18b16c96f58ecb2273 - - default default] Get all snapshots completed successfully.
2026-07-22 18:45:16.565 76 INFO cinder.api.openstack.wsgi [None req-fece0ec0-8f9f-43fd-8622-6e5fc1964f5d a686547586fc4f8d99613221ff4c4b28 3292e3f0b89f4e18b16c96f58ecb2273 - - default default] http://[LB_IP_ADDRESS]:8776/v3/3292e3f0b89f4e18b16c96f58ecb2273/snapshots/detail returned with HTTP 200
2026-07-22 18:45:16.579 74 INFO cinder.api.openstack.wsgi [None req-080648a1-1292-45ac-bab4-e3897d2657e2 a686547586fc4f8d99613221ff4c4b28 3292e3f0b89f4e18b16c96f58ecb2273 - - default default] GET http://[LB_IP_ADDRESS]:8776/v3/3292e3f0b89f4e18b16c96f58ecb2273/snapshots/3c8f43be-cecc-4cf7-abe4-99b2a4391019
2026-07-22 18:45:16.591 74 INFO cinder.volume.api [None req-080648a1-1292-45ac-bab4-e3897d2657e2 a686547586fc4f8d99613221ff4c4b28 3292e3f0b89f4e18b16c96f58ecb2273 - - default default] Snapshot retrieved successfully.
2026-07-22 18:45:16.593 74 INFO cinder.api.openstack.wsgi [None req-080648a1-1292-45ac-bab4-e3897d2657e2 a686547586fc4f8d99613221ff4c4b28 3292e3f0b89f4e18b16c96f58ecb2273 - - default default] http://[LB_IP_ADDRESS]:8776/v3/3292e3f0b89f4e18b16c96f58ecb2273/snapshots/3c8f43be-cecc-4cf7-abe4-99b2a4391019 returned with HTTP 200
2026-07-22 18:45:16.690 75 INFO cinder.api.openstack.wsgi [None req-8fc23ab6-188d-4b71-92a7-e4a41d799e3c 4d7f9b30b46942a28b65064f13ace2c3 1ddae93763814d9b85e3a9daf30b0f97 - - default default] GET http://[LB_IP_ADDRESS]:8776/v3/1ddae93763814d9b85e3a9daf30b0f97/os-hosts
2026-07-22 18:45:16.698 75 INFO cinder.api.openstack.wsgi [None req-8fc23ab6-188d-4b71-92a7-e4a41d799e3c 4d7f9b30b46942a28b65064f13ace2c3 1ddae93763814d9b85e3a9daf30b0f97 - - default default] http://[LB_IP_ADDRESS]:8776/v3/1ddae93763814d9b85e3a9daf30b0f97/os-hosts returned with HTTP 200
2026-07-22 18:45:16.711 72 INFO cinder.api.openstack.wsgi [None req-4f8ac056-0967-499d-9e2a-e9ca2e91c61a 4d7f9b30b46942a28b65064f13ace2c3 1ddae93763814d9b85e3a9daf30b0f97 - - default default] GET http://[LB_IP_ADDRESS]:8776/v3/1ddae93763814d9b85e3a9daf30b0f97/os-hosts
2026-07-22 18:45:16.718 72 INFO cinder.api.openstack.wsgi [None req-4f8ac056-0967-499d-9e2a-e9ca2e91c61a 4d7f9b30b46942a28b65064f13ace2c3 1ddae93763814d9b85e3a9daf30b0f97 - - default default] http://[LB_IP_ADDRESS]:8776/v3/1ddae93763814d9b85e3a9daf30b0f97/os-hosts returned with HTTP 200
2026-07-22 18:45:16.730 73 INFO cinder.api.openstack.wsgi [None req-339f38a5-8920-4e21-9a6e-32ca4df09920 4d7f9b30b46942a28b65064f13ace2c3 1ddae93763814d9b85e3a9daf30b0f97 - - default default] GET http://[LB_IP_ADDRESS]:8776/v3/1ddae93763814d9b85e3a9daf30b0f97/os-hosts/rack04-server62@LIGHTOSardffj
2026-07-22 18:45:16.752 73 INFO cinder.api.openstack.wsgi [None req-339f38a5-8920-4e21-9a6e-32ca4df09920 4d7f9b30b46942a28b65064f13ace2c3 1ddae93763814d9b85e3a9daf30b0f97 - - default default] http://[LB_IP_ADDRESS]:8776/v3/1ddae93763814d9b85e3a9daf30b0f97/os-hosts/rack04-server62@LIGHTOSardffj returned with HTTP 200
2026-07-22 18:45:16.758 76 INFO cinder.api.openstack.wsgi [None req-70044429-cc2a-40f9-a327-79eb8509c7ec be78801ab49043b5921673ce4e5f81ed a6dce65860ce4e618f37cdc4b179cc2e - - default default] GET http://[LB_IP_ADDRESS]:8776/v3/a6dce65860ce4e618f37cdc4b179cc2e/volumes/f9df1225-6e49-436f-ae81-8228b5a50ab8
2026-07-22 18:45:16.771 76 INFO cinder.api.openstack.wsgi [None req-70044429-cc2a-40f9-a327-79eb8509c7ec be78801ab49043b5921673ce4e5f81ed a6dce65860ce4e618f37cdc4b179cc2e - - default default] http://[LB_IP_ADDRESS]:8776/v3/a6dce65860ce4e618f37cdc4b179cc2e/volumes/f9df1225-6e49-436f-ae81-8228b5a50ab8 returned with HTTP 404
2026-07-22 18:45:17.609 74 INFO cinder.api.openstack.wsgi [None req-6bc669b6-9049-4d56-b3bd-bad008706fe1 a686547586fc4f8d99613221ff4c4b28 3292e3f0b89f4e18b16c96f58ecb2273 - - default default] GET http://[LB_IP_ADDRESS]:8776/v3/3292e3f0b89f4e18b16c96f58ecb2273/snapshots/3c8f43be-cecc-4cf7-abe4-99b2a4391019
2026-07-22 18:45:17.618 74 INFO cinder.api.openstack.wsgi [None req-6bc669b6-9049-4d56-b3bd-bad008706fe1 a686547586fc4f8d99613221ff4c4b28 3292e3f0b89f4e18b16c96f58ecb2273 - - default default] http://[LB_IP_ADDRESS]:8776/v3/3292e3f0b89f4e18b16c96f58ecb2273/snapshots/3c8f43be-cecc-4cf7-abe4-99b2a4391019 returned with HTTP 404
2026-07-22 18:45:17.629 75 INFO cinder.api.openstack.wsgi [None req-f4cdaf02-b7cc-47e5-848c-0ee6aa825519 a686547586fc4f8d99613221ff4c4b28 3292e3f0b89f4e18b16c96f58ecb2273 - - default default] GET http://[LB_IP_ADDRESS]:8776/v3/3292e3f0b89f4e18b16c96f58ecb2273/group_snapshots/761fcb66-71ca-48b5-aae5-b0f17eb04058
2026-07-22 18:45:17.635 75 INFO cinder.api.openstack.wsgi [None req-f4cdaf02-b7cc-47e5-848c-0ee6aa825519 a686547586fc4f8d99613221ff4c4b28 3292e3f0b89f4e18b16c96f58ecb2273 - - default default] http://[LB_IP_ADDRESS]:8776/v3/3292e3f0b89f4e18b16c96f58ecb2273/group_snapshots/761fcb66-71ca-48b5-aae5-b0f17eb04058 returned with HTTP 404
2026-07-22 18:45:17.645 72 INFO cinder.api.openstack.wsgi [None req-f2676394-5890-410d-9546-f18cf0c1ea88 a686547586fc4f8d99613221ff4c4b28 3292e3f0b89f4e18b16c96f58ecb2273 - - default default] GET http://[LB_IP_ADDRESS]:8776/v3/3292e3f0b89f4e18b16c96f58ecb2273/group_snapshots
2026-07-22 18:45:17.653 72 INFO cinder.api.openstack.wsgi [None req-f2676394-5890-410d-9546-f18cf0c1ea88 a686547586fc4f8d99613221ff4c4b28 3292e3f0b89f4e18b16c96f58ecb2273 - - default default] http://[LB_IP_ADDRESS]:8776/v3/3292e3f0b89f4e18b16c96f58ecb2273/group_snapshots returned with HTTP 200
2026-07-22 18:45:17.665 73 INFO cinder.api.openstack.wsgi [None req-a19e3900-24b5-482d-960a-ecbc7132742d a686547586fc4f8d99613221ff4c4b28 3292e3f0b89f4e18b16c96f58ecb2273 - - default default] DELETE http://[LB_IP_ADDRESS]:8776/v3/3292e3f0b89f4e18b16c96f58ecb2273/group_snapshots/761fcb66-71ca-48b5-aae5-b0f17eb04058
2026-07-22 18:45:17.666 73 INFO cinder.api.v3.group_snapshots [None req-a19e3900-24b5-482d-960a-ecbc7132742d a686547586fc4f8d99613221ff4c4b28 3292e3f0b89f4e18b16c96f58ecb2273 - - default default] Delete group_snapshot with id: 761fcb66-71ca-48b5-aae5-b0f17eb04058
2026-07-22 18:45:17.671 73 INFO cinder.api.openstack.wsgi [None req-a19e3900-24b5-482d-960a-ecbc7132742d a686547586fc4f8d99613221ff4c4b28 3292e3f0b89f4e18b16c96f58ecb2273 - - default default] http://[LB_IP_ADDRESS]:8776/v3/3292e3f0b89f4e18b16c96f58ecb2273/group_snapshots/761fcb66-71ca-48b5-aae5-b0f17eb04058 returned with HTTP 404
2026-07-22 18:45:17.681 76 INFO cinder.api.openstack.wsgi [None req-ad2eda1f-16e1-4b73-9511-a0adc2dbd61d a686547586fc4f8d99613221ff4c4b28 3292e3f0b89f4e18b16c96f58ecb2273 - - default default] GET http://[LB_IP_ADDRESS]:8776/v3/3292e3f0b89f4e18b16c96f58ecb2273/volumes/detail
2026-07-22 18:45:17.694 76 INFO cinder.volume.api [None req-ad2eda1f-16e1-4b73-9511-a0adc2dbd61d a686547586fc4f8d99613221ff4c4b28 3292e3f0b89f4e18b16c96f58ecb2273 - - default default] Get all volumes completed successfully.
2026-07-22 18:45:17.722 76 INFO cinder.api.openstack.wsgi [None req-ad2eda1f-16e1-4b73-9511-a0adc2dbd61d a686547586fc4f8d99613221ff4c4b28 3292e3f0b89f4e18b16c96f58ecb2273 - - default default] http://[LB_IP_ADDRESS]:8776/v3/3292e3f0b89f4e18b16c96f58ecb2273/volumes/detail returned with HTTP 200
2026-07-22 18:45:17.743 74 INFO cinder.api.openstack.wsgi [None req-7d2b160c-67a5-4639-ac9f-d83b6182ddf2 a686547586fc4f8d99613221ff4c4b28 3292e3f0b89f4e18b16c96f58ecb2273 - - default default] POST http://[LB_IP_ADDRESS]:8776/v3/3292e3f0b89f4e18b16c96f58ecb2273/groups/027e7f7e-7ba1-47a6-b0f1-f0492ceeeb58/action
2026-07-22 18:45:17.747 74 INFO cinder.api.v3.groups [None req-7d2b160c-67a5-4639-ac9f-d83b6182ddf2 a686547586fc4f8d99613221ff4c4b28 3292e3f0b89f4e18b16c96f58ecb2273 - - default default] Delete group with id: 027e7f7e-7ba1-47a6-b0f1-f0492ceeeb58
2026-07-22 18:45:17.800 74 INFO cinder.api.openstack.wsgi [None req-7d2b160c-67a5-4639-ac9f-d83b6182ddf2 a686547586fc4f8d99613221ff4c4b28 3292e3f0b89f4e18b16c96f58ecb2273 - - default default] http://[LB_IP_ADDRESS]:8776/v3/3292e3f0b89f4e18b16c96f58ecb2273/groups/027e7f7e-7ba1-47a6-b0f1-f0492ceeeb58/action returned with HTTP 202
2026-07-22 18:45:17.808 75 INFO cinder.api.openstack.wsgi [None req-d46d127c-41ee-4e5d-a367-ba750262dfc2 a686547586fc4f8d99613221ff4c4b28 3292e3f0b89f4e18b16c96f58ecb2273 - - default default] GET http://[LB_IP_ADDRESS]:8776/v3/3292e3f0b89f4e18b16c96f58ecb2273/volumes/6dfb510a-fb97-4467-8223-c0a7ba34e5ce
2026-07-22 18:45:17.822 75 INFO cinder.volume.api [None req-d46d127c-41ee-4e5d-a367-ba750262dfc2 a686547586fc4f8d99613221ff4c4b28 3292e3f0b89f4e18b16c96f58ecb2273 - - default default] Volume info retrieved successfully.
2026-07-22 18:45:17.839 75 INFO cinder.api.openstack.wsgi [None req-d46d127c-41ee-4e5d-a367-ba750262dfc2 a686547586fc4f8d99613221ff4c4b28 3292e3f0b89f4e18b16c96f58ecb2273 - - default default] http://[LB_IP_ADDRESS]:8776/v3/3292e3f0b89f4e18b16c96f58ecb2273/volumes/6dfb510a-fb97-4467-8223-c0a7ba34e5ce returned with HTTP 200
2026-07-22 18:45:18.857 72 INFO cinder.api.openstack.wsgi [None req-63e4d456-1346-4f5e-8c14-5085eb11b1e9 a686547586fc4f8d99613221ff4c4b28 3292e3f0b89f4e18b16c96f58ecb2273 - - default default] GET http://[LB_IP_ADDRESS]:8776/v3/3292e3f0b89f4e18b16c96f58ecb2273/volumes/6dfb510a-fb97-4467-8223-c0a7ba34e5ce
2026-07-22 18:45:18.867 72 INFO cinder.api.openstack.wsgi [None req-63e4d456-1346-4f5e-8c14-5085eb11b1e9 a686547586fc4f8d99613221ff4c4b28 3292e3f0b89f4e18b16c96f58ecb2273 - - default default] http://[LB_IP_ADDRESS]:8776/v3/3292e3f0b89f4e18b16c96f58ecb2273/volumes/6dfb510a-fb97-4467-8223-c0a7ba34e5ce returned with HTTP 404
2026-07-22 18:45:18.875 73 INFO cinder.api.openstack.wsgi [None req-9a55128a-1e18-4d08-9bc9-3ab20c5c79a3 a686547586fc4f8d99613221ff4c4b28 3292e3f0b89f4e18b16c96f58ecb2273 - - default default] GET http://[LB_IP_ADDRESS]:8776/v3/3292e3f0b89f4e18b16c96f58ecb2273/groups/027e7f7e-7ba1-47a6-b0f1-f0492ceeeb58
2026-07-22 18:45:18.878 73 INFO cinder.api.openstack.wsgi [None req-9a55128a-1e18-4d08-9bc9-3ab20c5c79a3 a686547586fc4f8d99613221ff4c4b28 3292e3f0b89f4e18b16c96f58ecb2273 - - default default] http://[LB_IP_ADDRESS]:8776/v3/3292e3f0b89f4e18b16c96f58ecb2273/groups/027e7f7e-7ba1-47a6-b0f1-f0492ceeeb58 returned with HTTP 404
2026-07-22 18:45:18.887 76 INFO cinder.api.openstack.wsgi [None req-5c1b95db-3c9a-44d3-91db-ec2981f65c8c da35e4b80c9c4671accb01a81b766c8a f251ae1478cd40f58bc58efd451ba32e - - default default] DELETE http://[LB_IP_ADDRESS]:8776/v3/f251ae1478cd40f58bc58efd451ba32e/group_types/44a7d449-fd55-4cdb-b12c-7a35effe9036
2026-07-22 18:45:18.901 76 INFO cinder.api.openstack.wsgi [None req-5c1b95db-3c9a-44d3-91db-ec2981f65c8c da35e4b80c9c4671accb01a81b766c8a f251ae1478cd40f58bc58efd451ba32e - - default default] http://[LB_IP_ADDRESS]:8776/v3/f251ae1478cd40f58bc58efd451ba32e/group_types/44a7d449-fd55-4cdb-b12c-7a35effe9036 returned with HTTP 202
2026-07-22 18:45:18.911 74 INFO cinder.api.openstack.wsgi [None req-5f0bcfb2-3acd-4b9f-814e-915508c9f6d3 da35e4b80c9c4671accb01a81b766c8a f251ae1478cd40f58bc58efd451ba32e - - default default] DELETE http://[LB_IP_ADDRESS]:8776/v3/f251ae1478cd40f58bc58efd451ba32e/types/d7a75630-782f-46d6-a520-1a6c3ad32296
2026-07-22 18:45:18.955 74 INFO cinder.api.openstack.wsgi [None req-5f0bcfb2-3acd-4b9f-814e-915508c9f6d3 da35e4b80c9c4671accb01a81b766c8a f251ae1478cd40f58bc58efd451ba32e - - default default] http://[LB_IP_ADDRESS]:8776/v3/f251ae1478cd40f58bc58efd451ba32e/types/d7a75630-782f-46d6-a520-1a6c3ad32296 returned with HTTP 202
2026-07-22 18:45:18.966 75 INFO cinder.api.openstack.wsgi [None req-61aaed6c-9063-45a6-b505-e79a0a4c213a da35e4b80c9c4671accb01a81b766c8a f251ae1478cd40f58bc58efd451ba32e - - default default] GET http://[LB_IP_ADDRESS]:8776/v3/f251ae1478cd40f58bc58efd451ba32e/types/d7a75630-782f-46d6-a520-1a6c3ad32296
2026-07-22 18:45:18.973 75 INFO cinder.api.openstack.wsgi [None req-61aaed6c-9063-45a6-b505-e79a0a4c213a da35e4b80c9c4671accb01a81b766c8a f251ae1478cd40f58bc58efd451ba32e - - default default] http://[LB_IP_ADDRESS]:8776/v3/f251ae1478cd40f58bc58efd451ba32e/types/d7a75630-782f-46d6-a520-1a6c3ad32296 returned with HTTP 404
2026-07-22 18:45:21.049 72 INFO cinder.api.openstack.wsgi [None req-b5230315-551d-4e39-8253-0297127f02fe c3cfc133fd204889808b2b52e4ef4e52 a9703e09ab8a406eb0b915a50d939153 - - default default] GET http://[LB_IP_ADDRESS]:8776/v3/a9703e09ab8a406eb0b915a50d939153/os-quota-class-sets/default
2026-07-22 18:45:21.163 72 INFO cinder.api.openstack.wsgi [None req-b5230315-551d-4e39-8253-0297127f02fe c3cfc133fd204889808b2b52e4ef4e52 a9703e09ab8a406eb0b915a50d939153 - - default default] http://[LB_IP_ADDRESS]:8776/v3/a9703e09ab8a406eb0b915a50d939153/os-quota-class-sets/default returned with HTTP 200
2026-07-22 18:45:21.180 76 INFO cinder.api.openstack.wsgi [None req-47b9ad85-a3df-4c6a-bf01-46a15b449a75 c3cfc133fd204889808b2b52e4ef4e52 a9703e09ab8a406eb0b915a50d939153 - - default default] GET http://[LB_IP_ADDRESS]:8776/v3/a9703e09ab8a406eb0b915a50d939153/os-quota-class-sets/default
2026-07-22 18:45:21.287 73 INFO cinder.api.openstack.wsgi [None req-2f69d90a-7b2c-4dc9-ad5e-fb6acdb9f731 19cb94b560bb4310aa0da7516c351704 39ac37547f944c5c945fd7ac9e4a252c - - default default] GET http://[LB_IP_ADDRESS]:8776/v3/39ac37547f944c5c945fd7ac9e4a252c/os-quota-sets/8db16a7555434fba9949664d06318479
2026-07-22 18:45:21.302 76 INFO cinder.api.openstack.wsgi [None req-47b9ad85-a3df-4c6a-bf01-46a15b449a75 c3cfc133fd204889808b2b52e4ef4e52 a9703e09ab8a406eb0b915a50d939153 - - default default] http://[LB_IP_ADDRESS]:8776/v3/a9703e09ab8a406eb0b915a50d939153/os-quota-class-sets/default returned with HTTP 200
2026-07-22 18:45:21.312 74 INFO cinder.api.openstack.wsgi [None req-a0aee90a-7fd9-40f7-8240-0c6cbbed6753 c3cfc133fd204889808b2b52e4ef4e52 a9703e09ab8a406eb0b915a50d939153 - - default default] POST http://[LB_IP_ADDRESS]:8776/v3/a9703e09ab8a406eb0b915a50d939153/types
2026-07-22 18:45:21.336 74 INFO cinder.api.openstack.wsgi [None req-a0aee90a-7fd9-40f7-8240-0c6cbbed6753 c3cfc133fd204889808b2b52e4ef4e52 a9703e09ab8a406eb0b915a50d939153 - - default default] http://[LB_IP_ADDRESS]:8776/v3/a9703e09ab8a406eb0b915a50d939153/types returned with HTTP 200
2026-07-22 18:45:21.350 75 INFO cinder.api.openstack.wsgi [None req-1fd3cec6-6b5b-4a83-9f21-566687cc42b6 c3cfc133fd204889808b2b52e4ef4e52 a9703e09ab8a406eb0b915a50d939153 - - default default] PUT http://[LB_IP_ADDRESS]:8776/v3/a9703e09ab8a406eb0b915a50d939153/os-quota-class-sets/default
2026-07-22 18:45:21.371 73 INFO cinder.api.openstack.wsgi [None req-2f69d90a-7b2c-4dc9-ad5e-fb6acdb9f731 19cb94b560bb4310aa0da7516c351704 39ac37547f944c5c945fd7ac9e4a252c - - default default] http://[LB_IP_ADDRESS]:8776/v3/39ac37547f944c5c945fd7ac9e4a252c/os-quota-sets/8db16a7555434fba9949664d06318479 returned with HTTP 200
2026-07-22 18:45:21.495 72 INFO cinder.api.openstack.wsgi [None req-c670606c-56fa-41a5-929b-2b41ed740128 ff2dca96bedf4558a8b33aa91051393b 8db16a7555434fba9949664d06318479 - - default default] POST http://[LB_IP_ADDRESS]:8776/v3/8db16a7555434fba9949664d06318479/volumes
2026-07-22 18:45:21.499 72 INFO cinder.api.v3.volumes [None req-c670606c-56fa-41a5-929b-2b41ed740128 ff2dca96bedf4558a8b33aa91051393b 8db16a7555434fba9949664d06318479 - - default default] Create volume of 1 GB
2026-07-22 18:45:21.511 72 INFO cinder.volume.api [None req-c670606c-56fa-41a5-929b-2b41ed740128 ff2dca96bedf4558a8b33aa91051393b 8db16a7555434fba9949664d06318479 - - default default] Availability Zones retrieved successfully.
2026-07-22 18:45:21.801 72 INFO cinder.volume.api [None req-c670606c-56fa-41a5-929b-2b41ed740128 ff2dca96bedf4558a8b33aa91051393b 8db16a7555434fba9949664d06318479 - - default default] Create volume request issued successfully.
2026-07-22 18:45:21.802 72 INFO cinder.api.openstack.wsgi [None req-c670606c-56fa-41a5-929b-2b41ed740128 ff2dca96bedf4558a8b33aa91051393b 8db16a7555434fba9949664d06318479 - - default default] http://[LB_IP_ADDRESS]:8776/v3/8db16a7555434fba9949664d06318479/volumes returned with HTTP 202
2026-07-22 18:45:21.817 76 INFO cinder.api.openstack.wsgi [None req-f5564d91-a5e1-4cc4-b553-0123be018b32 ff2dca96bedf4558a8b33aa91051393b 8db16a7555434fba9949664d06318479 - - default default] GET http://[LB_IP_ADDRESS]:8776/v3/8db16a7555434fba9949664d06318479/volumes/4ca8a086-104d-45b6-8b1f-0385c5082e69
2026-07-22 18:45:21.824 75 INFO cinder.api.openstack.wsgi [None req-1fd3cec6-6b5b-4a83-9f21-566687cc42b6 c3cfc133fd204889808b2b52e4ef4e52 a9703e09ab8a406eb0b915a50d939153 - - default default] http://[LB_IP_ADDRESS]:8776/v3/a9703e09ab8a406eb0b915a50d939153/os-quota-class-sets/default returned with HTTP 200
2026-07-22 18:45:21.830 76 INFO cinder.volume.api [None req-f5564d91-a5e1-4cc4-b553-0123be018b32 ff2dca96bedf4558a8b33aa91051393b 8db16a7555434fba9949664d06318479 - - default default] Volume info retrieved successfully.
2026-07-22 18:45:21.836 76 INFO cinder.api.openstack.wsgi [None req-f5564d91-a5e1-4cc4-b553-0123be018b32 ff2dca96bedf4558a8b33aa91051393b 8db16a7555434fba9949664d06318479 - - default default] http://[LB_IP_ADDRESS]:8776/v3/8db16a7555434fba9949664d06318479/volumes/4ca8a086-104d-45b6-8b1f-0385c5082e69 returned with HTTP 200
2026-07-22 18:45:21.836 74 INFO cinder.api.openstack.wsgi [None req-ec3719ae-4af5-4948-9839-d65c7da87c9a c3cfc133fd204889808b2b52e4ef4e52 a9703e09ab8a406eb0b915a50d939153 - - default default] GET http://[LB_IP_ADDRESS]:8776/v3/a9703e09ab8a406eb0b915a50d939153/os-quota-sets/a9703e09ab8a406eb0b915a50d939153/defaults
2026-07-22 18:45:21.893 74 INFO cinder.api.openstack.wsgi [None req-ec3719ae-4af5-4948-9839-d65c7da87c9a c3cfc133fd204889808b2b52e4ef4e52 a9703e09ab8a406eb0b915a50d939153 - - default default] http://[LB_IP_ADDRESS]:8776/v3/a9703e09ab8a406eb0b915a50d939153/os-quota-sets/a9703e09ab8a406eb0b915a50d939153/defaults returned with HTTP 200
2026-07-22 18:45:22.220 73 INFO cinder.api.openstack.wsgi [None req-314f263e-5fb0-463d-bcc8-6b3fd8e4174c c3cfc133fd204889808b2b52e4ef4e52 a9703e09ab8a406eb0b915a50d939153 - - default default] GET http://[LB_IP_ADDRESS]:8776/v3/a9703e09ab8a406eb0b915a50d939153/os-quota-sets/86744e65e821443e9bfb93603b33c326/defaults
2026-07-22 18:45:22.294 73 INFO cinder.api.openstack.wsgi [None req-314f263e-5fb0-463d-bcc8-6b3fd8e4174c c3cfc133fd204889808b2b52e4ef4e52 a9703e09ab8a406eb0b915a50d939153 - - default default] http://[LB_IP_ADDRESS]:8776/v3/a9703e09ab8a406eb0b915a50d939153/os-quota-sets/86744e65e821443e9bfb93603b33c326/defaults returned with HTTP 200
2026-07-22 18:45:22.396 72 INFO cinder.api.openstack.wsgi [None req-7d096169-e360-4146-83c6-dc438a613a4a c3cfc133fd204889808b2b52e4ef4e52 a9703e09ab8a406eb0b915a50d939153 - - default default] DELETE http://[LB_IP_ADDRESS]:8776/v3/a9703e09ab8a406eb0b915a50d939153/types/59742798-e572-47f0-ad15-295f53f5166b
2026-07-22 18:45:22.440 72 INFO cinder.api.openstack.wsgi [None req-7d096169-e360-4146-83c6-dc438a613a4a c3cfc133fd204889808b2b52e4ef4e52 a9703e09ab8a406eb0b915a50d939153 - - default default] http://[LB_IP_ADDRESS]:8776/v3/a9703e09ab8a406eb0b915a50d939153/types/59742798-e572-47f0-ad15-295f53f5166b returned with HTTP 202
2026-07-22 18:45:22.450 75 INFO cinder.api.openstack.wsgi [None req-96ea61b2-cdce-4771-96c2-89be91834481 c3cfc133fd204889808b2b52e4ef4e52 a9703e09ab8a406eb0b915a50d939153 - - default default] GET http://[LB_IP_ADDRESS]:8776/v3/a9703e09ab8a406eb0b915a50d939153/types/59742798-e572-47f0-ad15-295f53f5166b
2026-07-22 18:45:22.455 75 INFO cinder.api.openstack.wsgi [None req-96ea61b2-cdce-4771-96c2-89be91834481 c3cfc133fd204889808b2b52e4ef4e52 a9703e09ab8a406eb0b915a50d939153 - - default default] http://[LB_IP_ADDRESS]:8776/v3/a9703e09ab8a406eb0b915a50d939153/types/59742798-e572-47f0-ad15-295f53f5166b returned with HTTP 404
2026-07-22 18:45:22.468 76 INFO cinder.api.openstack.wsgi [None req-881debfd-cb7d-4152-94e7-7939e765d155 c3cfc133fd204889808b2b52e4ef4e52 a9703e09ab8a406eb0b915a50d939153 - - default default] PUT http://[LB_IP_ADDRESS]:8776/v3/a9703e09ab8a406eb0b915a50d939153/os-quota-class-sets/default
2026-07-22 18:45:22.665 76 INFO cinder.api.openstack.wsgi [None req-881debfd-cb7d-4152-94e7-7939e765d155 c3cfc133fd204889808b2b52e4ef4e52 a9703e09ab8a406eb0b915a50d939153 - - default default] http://[LB_IP_ADDRESS]:8776/v3/a9703e09ab8a406eb0b915a50d939153/os-quota-class-sets/default returned with HTTP 200
2026-07-22 18:45:22.854 74 INFO cinder.api.openstack.wsgi [None req-f708e056-82bf-43b8-80b1-e738361f4e97 ff2dca96bedf4558a8b33aa91051393b 8db16a7555434fba9949664d06318479 - - default default] GET http://[LB_IP_ADDRESS]:8776/v3/8db16a7555434fba9949664d06318479/volumes/4ca8a086-104d-45b6-8b1f-0385c5082e69
2026-07-22 18:45:22.876 74 INFO cinder.volume.api [None req-f708e056-82bf-43b8-80b1-e738361f4e97 ff2dca96bedf4558a8b33aa91051393b 8db16a7555434fba9949664d06318479 - - default default] Volume info retrieved successfully.
2026-07-22 18:45:22.886 74 INFO cinder.api.openstack.wsgi [None req-f708e056-82bf-43b8-80b1-e738361f4e97 ff2dca96bedf4558a8b33aa91051393b 8db16a7555434fba9949664d06318479 - - default default] http://[LB_IP_ADDRESS]:8776/v3/8db16a7555434fba9949664d06318479/volumes/4ca8a086-104d-45b6-8b1f-0385c5082e69 returned with HTTP 200
2026-07-22 18:45:22.907 73 INFO cinder.api.openstack.wsgi [None req-5049ff48-7b25-443a-8e8b-df092ffd244d 19cb94b560bb4310aa0da7516c351704 39ac37547f944c5c945fd7ac9e4a252c - - default default] PUT http://[LB_IP_ADDRESS]:8776/v3/39ac37547f944c5c945fd7ac9e4a252c/os-quota-sets/8db16a7555434fba9949664d06318479
2026-07-22 18:45:23.063 73 INFO cinder.api.openstack.wsgi [None req-5049ff48-7b25-443a-8e8b-df092ffd244d 19cb94b560bb4310aa0da7516c351704 39ac37547f944c5c945fd7ac9e4a252c - - default default] http://[LB_IP_ADDRESS]:8776/v3/39ac37547f944c5c945fd7ac9e4a252c/os-quota-sets/8db16a7555434fba9949664d06318479 returned with HTTP 200
2026-07-22 18:45:23.076 72 INFO cinder.api.openstack.wsgi [None req-b793e5fd-d077-41d6-8f99-86429e45e65c ff2dca96bedf4558a8b33aa91051393b 8db16a7555434fba9949664d06318479 - - default default] POST http://[LB_IP_ADDRESS]:8776/v3/8db16a7555434fba9949664d06318479/volumes
2026-07-22 18:45:23.080 72 INFO cinder.api.v3.volumes [None req-b793e5fd-d077-41d6-8f99-86429e45e65c ff2dca96bedf4558a8b33aa91051393b 8db16a7555434fba9949664d06318479 - - default default] Create volume of 2 GB
2026-07-22 18:45:23.092 72 INFO cinder.volume.api [None req-b793e5fd-d077-41d6-8f99-86429e45e65c ff2dca96bedf4558a8b33aa91051393b 8db16a7555434fba9949664d06318479 - - default default] Availability Zones retrieved successfully.
2026-07-22 18:45:23.286 72 WARNING cinder.quota_utils [None req-b793e5fd-d077-41d6-8f99-86429e45e65c ff2dca96bedf4558a8b33aa91051393b 8db16a7555434fba9949664d06318479 - - default default] Quota exceeded for 8db16a7555434fba9949664d06318479, tried to create 2G volume (1G of 1G already consumed).: cinder.exception.OverQuota: Quota exceeded for resources: ['gigabytes']
2026-07-22 18:45:23.289 72 WARNING cinder.volume.api [None req-b793e5fd-d077-41d6-8f99-86429e45e65c ff2dca96bedf4558a8b33aa91051393b 8db16a7555434fba9949664d06318479 - - default default] Task 'cinder.volume.flows.api.create_volume.QuotaReserveTask;volume:create' (8a7586b1-3975-4ede-b1c6-b3740036a8d8) transitioned into state 'FAILURE' from state 'RUNNING'

Failure: cinder.exception.VolumeSizeExceedsAvailableQuota: Requested volume or snapshot exceeds allowed gigabytes quota. Requested 2G, quota is 1G and 1G has been consumed.
2026-07-22 18:45:23.293 72 WARNING cinder.volume.api [None req-b793e5fd-d077-41d6-8f99-86429e45e65c ff2dca96bedf4558a8b33aa91051393b 8db16a7555434fba9949664d06318479 - - default default] Task 'cinder.volume.flows.api.create_volume.QuotaReserveTask;volume:create' (8a7586b1-3975-4ede-b1c6-b3740036a8d8) transitioned into state 'REVERTED' from state 'REVERTING'
2026-07-22 18:45:23.295 72 WARNING cinder.volume.api [None req-b793e5fd-d077-41d6-8f99-86429e45e65c ff2dca96bedf4558a8b33aa91051393b 8db16a7555434fba9949664d06318479 - - default default] Task 'cinder.volume.flows.api.create_volume.ExtractVolumeRequestTask;volume:create' (1c1b603a-86d1-4634-a50e-46bdaef6ee8b) transitioned into state 'REVERTED' from state 'REVERTING'
2026-07-22 18:45:23.296 72 WARNING cinder.volume.api [None req-b793e5fd-d077-41d6-8f99-86429e45e65c ff2dca96bedf4558a8b33aa91051393b 8db16a7555434fba9949664d06318479 - - default default] Flow 'volume_create_api' (46709e8c-209a-4802-a6aa-b1c6c8d5809f) transitioned into state 'REVERTED' from state 'RUNNING'
2026-07-22 18:45:23.297 72 INFO cinder.api.middleware.fault [None req-b793e5fd-d077-41d6-8f99-86429e45e65c ff2dca96bedf4558a8b33aa91051393b 8db16a7555434fba9949664d06318479 - - default default] http://[LB_IP_ADDRESS]:8776/v3/8db16a7555434fba9949664d06318479/volumes returned with HTTP 413
2026-07-22 18:45:23.310 75 INFO cinder.api.openstack.wsgi [None req-032e02a4-ff1b-474b-bcda-9d0e3d633f2b 19cb94b560bb4310aa0da7516c351704 39ac37547f944c5c945fd7ac9e4a252c - - default default] PUT http://[LB_IP_ADDRESS]:8776/v3/39ac37547f944c5c945fd7ac9e4a252c/os-quota-sets/8db16a7555434fba9949664d06318479
2026-07-22 18:45:23.456 75 INFO cinder.api.openstack.wsgi [None req-032e02a4-ff1b-474b-bcda-9d0e3d633f2b 19cb94b560bb4310aa0da7516c351704 39ac37547f944c5c945fd7ac9e4a252c - - default default] http://[LB_IP_ADDRESS]:8776/v3/39ac37547f944c5c945fd7ac9e4a252c/os-quota-sets/8db16a7555434fba9949664d06318479 returned with HTTP 200
2026-07-22 18:45:23.466 76 INFO cinder.api.openstack.wsgi [None req-23da6632-ca34-420d-8baf-c5c3d7e90e58 ff2dca96bedf4558a8b33aa91051393b 8db16a7555434fba9949664d06318479 - - default default] POST http://[LB_IP_ADDRESS]:8776/v3/8db16a7555434fba9949664d06318479/volumes
2026-07-22 18:45:23.468 76 INFO cinder.api.v3.volumes [None req-23da6632-ca34-420d-8baf-c5c3d7e90e58 ff2dca96bedf4558a8b33aa91051393b 8db16a7555434fba9949664d06318479 - - default default] Create volume of 1 GB
2026-07-22 18:45:23.477 76 INFO cinder.volume.api [None req-23da6632-ca34-420d-8baf-c5c3d7e90e58 ff2dca96bedf4558a8b33aa91051393b 8db16a7555434fba9949664d06318479 - - default default] Availability Zones retrieved successfully.
2026-07-22 18:45:23.670 76 WARNING cinder.quota_utils [None req-23da6632-ca34-420d-8baf-c5c3d7e90e58 ff2dca96bedf4558a8b33aa91051393b 8db16a7555434fba9949664d06318479 - - default default] Quota exceeded for 8db16a7555434fba9949664d06318479, tried to create volume (1 volumes already consumed).: cinder.exception.OverQuota: Quota exceeded for resources: ['volumes']
2026-07-22 18:45:23.676 76 WARNING cinder.volume.api [None req-23da6632-ca34-420d-8baf-c5c3d7e90e58 ff2dca96bedf4558a8b33aa91051393b 8db16a7555434fba9949664d06318479 - - default default] Task 'cinder.volume.flows.api.create_volume.QuotaReserveTask;volume:create' (2dd2a090-7084-472c-afc8-e3ecff686fe3) transitioned into state 'FAILURE' from state 'RUNNING'

Failure: cinder.exception.VolumeLimitExceeded: Maximum number of volumes allowed (1) exceeded for quota 'volumes'.
2026-07-22 18:45:23.680 76 WARNING cinder.volume.api [None req-23da6632-ca34-420d-8baf-c5c3d7e90e58 ff2dca96bedf4558a8b33aa91051393b 8db16a7555434fba9949664d06318479 - - default default] Task 'cinder.volume.flows.api.create_volume.QuotaReserveTask;volume:create' (2dd2a090-7084-472c-afc8-e3ecff686fe3) transitioned into state 'REVERTED' from state 'REVERTING'
2026-07-22 18:45:23.681 76 WARNING cinder.volume.api [None req-23da6632-ca34-420d-8baf-c5c3d7e90e58 ff2dca96bedf4558a8b33aa91051393b 8db16a7555434fba9949664d06318479 - - default default] Task 'cinder.volume.flows.api.create_volume.ExtractVolumeRequestTask;volume:create' (0cec6459-5e56-471b-b352-7a5655b32ffb) transitioned into state 'REVERTED' from state 'REVERTING'
2026-07-22 18:45:23.683 76 WARNING cinder.volume.api [None req-23da6632-ca34-420d-8baf-c5c3d7e90e58 ff2dca96bedf4558a8b33aa91051393b 8db16a7555434fba9949664d06318479 - - default default] Flow 'volume_create_api' (0a3c7252-f10d-4611-ac75-f3fda8976339) transitioned into state 'REVERTED' from state 'RUNNING'
2026-07-22 18:45:23.683 76 INFO cinder.api.middleware.fault [None req-23da6632-ca34-420d-8baf-c5c3d7e90e58 ff2dca96bedf4558a8b33aa91051393b 8db16a7555434fba9949664d06318479 - - default default] http://[LB_IP_ADDRESS]:8776/v3/8db16a7555434fba9949664d06318479/volumes returned with HTTP 413
2026-07-22 18:45:23.696 73 INFO cinder.api.openstack.wsgi [None req-b06881ad-cb6f-4991-86e4-01e591ab679c 19cb94b560bb4310aa0da7516c351704 39ac37547f944c5c945fd7ac9e4a252c - - default default] PUT http://[LB_IP_ADDRESS]:8776/v3/39ac37547f944c5c945fd7ac9e4a252c/os-quota-sets/8db16a7555434fba9949664d06318479
2026-07-22 18:45:23.715 74 INFO cinder.api.openstack.wsgi [None req-0f24b610-1e20-42c3-8158-ecc5345d642d 0a35ed8eb4694200989e5e451c200202 f4381e4a8a3446dfa1c44902a8f50a00 - - default default] POST http://[LB_IP_ADDRESS]:8776/v3/f4381e4a8a3446dfa1c44902a8f50a00/types
2026-07-22 18:45:23.746 74 INFO cinder.api.openstack.wsgi [None req-0f24b610-1e20-42c3-8158-ecc5345d642d 0a35ed8eb4694200989e5e451c200202 f4381e4a8a3446dfa1c44902a8f50a00 - - default default] http://[LB_IP_ADDRESS]:8776/v3/f4381e4a8a3446dfa1c44902a8f50a00/types returned with HTTP 200
2026-07-22 18:45:23.758 72 INFO cinder.api.openstack.wsgi [None req-23534432-7cca-451c-adae-00cf4cd7d109 0a35ed8eb4694200989e5e451c200202 f4381e4a8a3446dfa1c44902a8f50a00 - - default default] POST http://[LB_IP_ADDRESS]:8776/v3/f4381e4a8a3446dfa1c44902a8f50a00/group_types
2026-07-22 18:45:23.782 72 INFO cinder.api.openstack.wsgi [None req-23534432-7cca-451c-adae-00cf4cd7d109 0a35ed8eb4694200989e5e451c200202 f4381e4a8a3446dfa1c44902a8f50a00 - - default default] http://[LB_IP_ADDRESS]:8776/v3/f4381e4a8a3446dfa1c44902a8f50a00/group_types returned with HTTP 202
2026-07-22 18:45:23.796 73 WARNING cinder.quota [None req-b06881ad-cb6f-4991-86e4-01e591ab679c 19cb94b560bb4310aa0da7516c351704 39ac37547f944c5c945fd7ac9e4a252c - - default default] Deprecated: Default quota for resource: volumes_tempest-GroupsV314Test-volume-type-445965633 is set by the default quota flag: quota_volumes_tempest-GroupsV314Test-volume-type-445965633, it is now deprecated. Please use the default quota class for default quota.
2026-07-22 18:45:23.797 73 WARNING cinder.quota [None req-b06881ad-cb6f-4991-86e4-01e591ab679c 19cb94b560bb4310aa0da7516c351704 39ac37547f944c5c945fd7ac9e4a252c - - default default] Deprecated: Default quota for resource: gigabytes_tempest-GroupsV314Test-volume-type-445965633 is set by the default quota flag: quota_gigabytes_tempest-GroupsV314Test-volume-type-445965633, it is now deprecated. Please use the default quota class for default quota.
2026-07-22 18:45:23.798 73 WARNING cinder.quota [None req-b06881ad-cb6f-4991-86e4-01e591ab679c 19cb94b560bb4310aa0da7516c351704 39ac37547f944c5c945fd7ac9e4a252c - - default default] Deprecated: Default quota for resource: snapshots_tempest-GroupsV314Test-volume-type-445965633 is set by the default quota flag: quota_snapshots_tempest-GroupsV314Test-volume-type-445965633, it is now deprecated. Please use the default quota class for default quota.
2026-07-22 18:45:23.828 73 INFO cinder.api.openstack.wsgi [None req-b06881ad-cb6f-4991-86e4-01e591ab679c 19cb94b560bb4310aa0da7516c351704 39ac37547f944c5c945fd7ac9e4a252c - - default default] http://[LB_IP_ADDRESS]:8776/v3/39ac37547f944c5c945fd7ac9e4a252c/os-quota-sets/8db16a7555434fba9949664d06318479 returned with HTTP 200
2026-07-22 18:45:23.841 76 INFO cinder.api.openstack.wsgi [None req-6f0162d5-0516-4ec7-b6a2-180bbb058588 ff2dca96bedf4558a8b33aa91051393b 8db16a7555434fba9949664d06318479 - - default default] POST http://[LB_IP_ADDRESS]:8776/v3/8db16a7555434fba9949664d06318479/volumes/4ca8a086-104d-45b6-8b1f-0385c5082e69/action
2026-07-22 18:45:23.858 76 INFO cinder.volume.api [None req-6f0162d5-0516-4ec7-b6a2-180bbb058588 ff2dca96bedf4558a8b33aa91051393b 8db16a7555434fba9949664d06318479 - - default default] Volume info retrieved successfully.
2026-07-22 18:45:23.895 75 INFO cinder.api.openstack.wsgi [None req-f3a366c4-62bd-4354-abd2-04e5bca09f46 0bf61533a24f4609b9f87257952a44b5 5eb3cc58c10948929345f841801b1f61 - - default default] POST http://[LB_IP_ADDRESS]:8776/v3/5eb3cc58c10948929345f841801b1f61/groups
2026-07-22 18:45:23.906 75 INFO cinder.api.v3.groups [None req-f3a366c4-62bd-4354-abd2-04e5bca09f46 0bf61533a24f4609b9f87257952a44b5 5eb3cc58c10948929345f841801b1f61 - - default default] Creating group tempest-GroupsV314Test-Group-2120148572.
2026-07-22 18:45:23.916 75 INFO cinder.volume.api [None req-f3a366c4-62bd-4354-abd2-04e5bca09f46 0bf61533a24f4609b9f87257952a44b5 5eb3cc58c10948929345f841801b1f61 - - default default] Availability Zones retrieved successfully.
2026-07-22 18:45:23.947 76 ERROR cinder.volume.api [None req-6f0162d5-0516-4ec7-b6a2-180bbb058588 ff2dca96bedf4558a8b33aa91051393b 8db16a7555434fba9949664d06318479 - - default default] Quota exceeded for 8db16a7555434fba9949664d06318479, tried to extend volume by 1G, (1G of 1G already consumed).: cinder.exception.OverQuota: Quota exceeded for resources: ['gigabytes']
2026-07-22 18:45:23.951 76 INFO cinder.api.middleware.fault [None req-6f0162d5-0516-4ec7-b6a2-180bbb058588 ff2dca96bedf4558a8b33aa91051393b 8db16a7555434fba9949664d06318479 - - default default] http://[LB_IP_ADDRESS]:8776/v3/8db16a7555434fba9949664d06318479/volumes/4ca8a086-104d-45b6-8b1f-0385c5082e69/action returned with HTTP 413
2026-07-22 18:45:23.962 74 INFO cinder.api.openstack.wsgi [None req-c9f1a881-8c7c-4901-921c-40a82da88f90 ff2dca96bedf4558a8b33aa91051393b 8db16a7555434fba9949664d06318479 - - default default] GET http://[LB_IP_ADDRESS]:8776/v3/8db16a7555434fba9949664d06318479/volumes/4ca8a086-104d-45b6-8b1f-0385c5082e69
2026-07-22 18:45:23.983 74 INFO cinder.volume.api [None req-c9f1a881-8c7c-4901-921c-40a82da88f90 ff2dca96bedf4558a8b33aa91051393b 8db16a7555434fba9949664d06318479 - - default default] Volume info retrieved successfully.
2026-07-22 18:45:23.992 74 INFO cinder.api.openstack.wsgi [None req-c9f1a881-8c7c-4901-921c-40a82da88f90 ff2dca96bedf4558a8b33aa91051393b 8db16a7555434fba9949664d06318479 - - default default] http://[LB_IP_ADDRESS]:8776/v3/8db16a7555434fba9949664d06318479/volumes/4ca8a086-104d-45b6-8b1f-0385c5082e69 returned with HTTP 200
2026-07-22 18:45:24.004 75 INFO cinder.api.openstack.wsgi [None req-f3a366c4-62bd-4354-abd2-04e5bca09f46 0bf61533a24f4609b9f87257952a44b5 5eb3cc58c10948929345f841801b1f61 - - default default] http://[LB_IP_ADDRESS]:8776/v3/5eb3cc58c10948929345f841801b1f61/groups returned with HTTP 202
2026-07-22 18:45:24.011 72 INFO cinder.api.openstack.wsgi [None req-753fdabf-4476-4167-8a3a-e6d374456795 ff2dca96bedf4558a8b33aa91051393b 8db16a7555434fba9949664d06318479 - - default default] DELETE http://[LB_IP_ADDRESS]:8776/v3/8db16a7555434fba9949664d06318479/volumes/4ca8a086-104d-45b6-8b1f-0385c5082e69
2026-07-22 18:45:24.012 72 INFO cinder.api.v3.volumes [None req-753fdabf-4476-4167-8a3a-e6d374456795 ff2dca96bedf4558a8b33aa91051393b 8db16a7555434fba9949664d06318479 - - default default] Delete volume with id: 4ca8a086-104d-45b6-8b1f-0385c5082e69 
2026-07-22 18:45:24.018 73 INFO cinder.api.openstack.wsgi [None req-0a7b2e46-0f53-4a2d-aab1-ab76980f5d2d 0bf61533a24f4609b9f87257952a44b5 5eb3cc58c10948929345f841801b1f61 - - default default] GET http://[LB_IP_ADDRESS]:8776/v3/5eb3cc58c10948929345f841801b1f61/groups/73729311-5a46-455b-b4aa-b8c4f95ea119
2026-07-22 18:45:24.028 72 INFO cinder.volume.api [None req-753fdabf-4476-4167-8a3a-e6d374456795 ff2dca96bedf4558a8b33aa91051393b 8db16a7555434fba9949664d06318479 - - default default] Volume info retrieved successfully.
2026-07-22 18:45:24.041 73 INFO cinder.api.openstack.wsgi [None req-0a7b2e46-0f53-4a2d-aab1-ab76980f5d2d 0bf61533a24f4609b9f87257952a44b5 5eb3cc58c10948929345f841801b1f61 - - default default] http://[LB_IP_ADDRESS]:8776/v3/5eb3cc58c10948929345f841801b1f61/groups/73729311-5a46-455b-b4aa-b8c4f95ea119 returned with HTTP 200
2026-07-22 18:45:24.060 72 INFO cinder.volume.api [None req-753fdabf-4476-4167-8a3a-e6d374456795 ff2dca96bedf4558a8b33aa91051393b 8db16a7555434fba9949664d06318479 - - default default] Delete volume request issued successfully.
2026-07-22 18:45:24.061 72 INFO cinder.api.openstack.wsgi [None req-753fdabf-4476-4167-8a3a-e6d374456795 ff2dca96bedf4558a8b33aa91051393b 8db16a7555434fba9949664d06318479 - - default default] http://[LB_IP_ADDRESS]:8776/v3/8db16a7555434fba9949664d06318479/volumes/4ca8a086-104d-45b6-8b1f-0385c5082e69 returned with HTTP 202
2026-07-22 18:45:24.070 76 INFO cinder.api.openstack.wsgi [None req-926b7e83-7bd0-410e-b910-4297945eded0 ff2dca96bedf4558a8b33aa91051393b 8db16a7555434fba9949664d06318479 - - default default] GET http://[LB_IP_ADDRESS]:8776/v3/8db16a7555434fba9949664d06318479/volumes/4ca8a086-104d-45b6-8b1f-0385c5082e69
2026-07-22 18:45:24.090 76 INFO cinder.volume.api [None req-926b7e83-7bd0-410e-b910-4297945eded0 ff2dca96bedf4558a8b33aa91051393b 8db16a7555434fba9949664d06318479 - - default default] Volume info retrieved successfully.
2026-07-22 18:45:24.100 76 INFO cinder.api.openstack.wsgi [None req-926b7e83-7bd0-410e-b910-4297945eded0 ff2dca96bedf4558a8b33aa91051393b 8db16a7555434fba9949664d06318479 - - default default] http://[LB_IP_ADDRESS]:8776/v3/8db16a7555434fba9949664d06318479/volumes/4ca8a086-104d-45b6-8b1f-0385c5082e69 returned with HTTP 200
2026-07-22 18:45:25.056 74 INFO cinder.api.openstack.wsgi [None req-bbdca285-0e71-432d-b17a-961ecd2d7017 0bf61533a24f4609b9f87257952a44b5 5eb3cc58c10948929345f841801b1f61 - - default default] GET http://[LB_IP_ADDRESS]:8776/v3/5eb3cc58c10948929345f841801b1f61/groups/73729311-5a46-455b-b4aa-b8c4f95ea119
2026-07-22 18:45:25.077 74 INFO cinder.api.openstack.wsgi [None req-bbdca285-0e71-432d-b17a-961ecd2d7017 0bf61533a24f4609b9f87257952a44b5 5eb3cc58c10948929345f841801b1f61 - - default default] http://[LB_IP_ADDRESS]:8776/v3/5eb3cc58c10948929345f841801b1f61/groups/73729311-5a46-455b-b4aa-b8c4f95ea119 returned with HTTP 200
2026-07-22 18:45:25.091 75 INFO cinder.api.openstack.wsgi [None req-22bce391-a2c6-4413-a7a7-763831e24874 0bf61533a24f4609b9f87257952a44b5 5eb3cc58c10948929345f841801b1f61 - - default default] POST http://[LB_IP_ADDRESS]:8776/v3/5eb3cc58c10948929345f841801b1f61/volumes
2026-07-22 18:45:25.106 75 INFO cinder.api.v3.volumes [None req-22bce391-a2c6-4413-a7a7-763831e24874 0bf61533a24f4609b9f87257952a44b5 5eb3cc58c10948929345f841801b1f61 - - default default] Create volume of 1 GB
2026-07-22 18:45:25.115 75 INFO cinder.volume.api [None req-22bce391-a2c6-4413-a7a7-763831e24874 0bf61533a24f4609b9f87257952a44b5 5eb3cc58c10948929345f841801b1f61 - - default default] Availability Zones retrieved successfully.
2026-07-22 18:45:25.119 73 INFO cinder.api.openstack.wsgi [None req-98a5ed92-738d-4f22-8af9-508ce1d71d48 ff2dca96bedf4558a8b33aa91051393b 8db16a7555434fba9949664d06318479 - - default default] GET http://[LB_IP_ADDRESS]:8776/v3/8db16a7555434fba9949664d06318479/volumes/4ca8a086-104d-45b6-8b1f-0385c5082e69
2026-07-22 18:45:25.131 73 INFO cinder.api.openstack.wsgi [None req-98a5ed92-738d-4f22-8af9-508ce1d71d48 ff2dca96bedf4558a8b33aa91051393b 8db16a7555434fba9949664d06318479 - - default default] http://[LB_IP_ADDRESS]:8776/v3/8db16a7555434fba9949664d06318479/volumes/4ca8a086-104d-45b6-8b1f-0385c5082e69 returned with HTTP 404
2026-07-22 18:45:25.145 72 INFO cinder.api.openstack.wsgi [None req-4000d4e0-0c98-41ee-acce-f257315c1cfb 19cb94b560bb4310aa0da7516c351704 39ac37547f944c5c945fd7ac9e4a252c - - default default] PUT http://[LB_IP_ADDRESS]:8776/v3/39ac37547f944c5c945fd7ac9e4a252c/os-quota-sets/8db16a7555434fba9949664d06318479
2026-07-22 18:45:25.287 75 WARNING cinder.quota [None req-22bce391-a2c6-4413-a7a7-763831e24874 0bf61533a24f4609b9f87257952a44b5 5eb3cc58c10948929345f841801b1f61 - - default default] Deprecated: Default quota for resource: volumes_tempest-GroupsV314Test-volume-type-445965633 is set by the default quota flag: quota_volumes_tempest-GroupsV314Test-volume-type-445965633, it is now deprecated. Please use the default quota class for default quota.
2026-07-22 18:45:25.287 75 WARNING cinder.quota [None req-22bce391-a2c6-4413-a7a7-763831e24874 0bf61533a24f4609b9f87257952a44b5 5eb3cc58c10948929345f841801b1f61 - - default default] Deprecated: Default quota for resource: gigabytes_tempest-GroupsV314Test-volume-type-445965633 is set by the default quota flag: quota_gigabytes_tempest-GroupsV314Test-volume-type-445965633, it is now deprecated. Please use the default quota class for default quota.
2026-07-22 18:45:25.346 72 WARNING cinder.quota [None req-4000d4e0-0c98-41ee-acce-f257315c1cfb 19cb94b560bb4310aa0da7516c351704 39ac37547f944c5c945fd7ac9e4a252c - - default default] Deprecated: Default quota for resource: volumes_tempest-GroupsV314Test-volume-type-445965633 is set by the default quota flag: quota_volumes_tempest-GroupsV314Test-volume-type-445965633, it is now deprecated. Please use the default quota class for default quota.
2026-07-22 18:45:25.347 72 WARNING cinder.quota [None req-4000d4e0-0c98-41ee-acce-f257315c1cfb 19cb94b560bb4310aa0da7516c351704 39ac37547f944c5c945fd7ac9e4a252c - - default default] Deprecated: Default quota for resource: gigabytes_tempest-GroupsV314Test-volume-type-445965633 is set by the default quota flag: quota_gigabytes_tempest-GroupsV314Test-volume-type-445965633, it is now deprecated. Please use the default quota class for default quota.
2026-07-22 18:45:25.347 72 WARNING cinder.quota [None req-4000d4e0-0c98-41ee-acce-f257315c1cfb 19cb94b560bb4310aa0da7516c351704 39ac37547f944c5c945fd7ac9e4a252c - - default default] Deprecated: Default quota for resource: snapshots_tempest-GroupsV314Test-volume-type-445965633 is set by the default quota flag: quota_snapshots_tempest-GroupsV314Test-volume-type-445965633, it is now deprecated. Please use the default quota class for default quota.
2026-07-22 18:45:25.378 72 INFO cinder.api.openstack.wsgi [None req-4000d4e0-0c98-41ee-acce-f257315c1cfb 19cb94b560bb4310aa0da7516c351704 39ac37547f944c5c945fd7ac9e4a252c - - default default] http://[LB_IP_ADDRESS]:8776/v3/39ac37547f944c5c945fd7ac9e4a252c/os-quota-sets/8db16a7555434fba9949664d06318479 returned with HTTP 200
2026-07-22 18:45:25.380 75 INFO cinder.volume.api [None req-22bce391-a2c6-4413-a7a7-763831e24874 0bf61533a24f4609b9f87257952a44b5 5eb3cc58c10948929345f841801b1f61 - - default default] Create volume request issued successfully.
2026-07-22 18:45:25.392 75 INFO cinder.api.openstack.wsgi [None req-22bce391-a2c6-4413-a7a7-763831e24874 0bf61533a24f4609b9f87257952a44b5 5eb3cc58c10948929345f841801b1f61 - - default default] http://[LB_IP_ADDRESS]:8776/v3/5eb3cc58c10948929345f841801b1f61/volumes returned with HTTP 202
2026-07-22 18:45:25.408 76 INFO cinder.api.openstack.wsgi [None req-b7a138f2-c642-4c1b-850c-5654cd102b6b 0bf61533a24f4609b9f87257952a44b5 5eb3cc58c10948929345f841801b1f61 - - default default] GET http://[LB_IP_ADDRESS]:8776/v3/5eb3cc58c10948929345f841801b1f61/volumes/98917c04-3bb5-4379-9cab-0e8aae98c5be
2026-07-22 18:45:25.421 76 INFO cinder.volume.api [None req-b7a138f2-c642-4c1b-850c-5654cd102b6b 0bf61533a24f4609b9f87257952a44b5 5eb3cc58c10948929345f841801b1f61 - - default default] Volume info retrieved successfully.
2026-07-22 18:45:25.443 76 INFO cinder.api.openstack.wsgi [None req-b7a138f2-c642-4c1b-850c-5654cd102b6b 0bf61533a24f4609b9f87257952a44b5 5eb3cc58c10948929345f841801b1f61 - - default default] http://[LB_IP_ADDRESS]:8776/v3/5eb3cc58c10948929345f841801b1f61/volumes/98917c04-3bb5-4379-9cab-0e8aae98c5be returned with HTTP 200
2026-07-22 18:45:26.462 74 INFO cinder.api.openstack.wsgi [None req-a0e60cb1-4e7e-472b-8365-e4c2b2687024 0bf61533a24f4609b9f87257952a44b5 5eb3cc58c10948929345f841801b1f61 - - default default] GET http://[LB_IP_ADDRESS]:8776/v3/5eb3cc58c10948929345f841801b1f61/volumes/98917c04-3bb5-4379-9cab-0e8aae98c5be
2026-07-22 18:45:26.486 74 INFO cinder.volume.api [None req-a0e60cb1-4e7e-472b-8365-e4c2b2687024 0bf61533a24f4609b9f87257952a44b5 5eb3cc58c10948929345f841801b1f61 - - default default] Volume info retrieved successfully.
