2024-07-20 07:07:40.810 23 INFO cinder.api.openstack.wsgi [None req-233a453d-a24d-4107-ba65-1866abf46983 67cca3c25b2d471bb65ac13591384bc4 e5db9c4b20224ba8ba7c9a405eb4c2d2 - - default default] http://[LB_IP_ADDRESS]:8776/v3/e5db9c4b20224ba8ba7c9a405eb4c2d2/qos-specs/ac167110-895c-4ef5-8147-7419b6c4ae56 returned with HTTP 404
2024-07-20 07:07:40.825 20 INFO cinder.api.openstack.wsgi [None req-1a7e6ddd-62d1-423d-b6d8-79ced9957b5f 67cca3c25b2d471bb65ac13591384bc4 e5db9c4b20224ba8ba7c9a405eb4c2d2 - - default default] GET http://[LB_IP_ADDRESS]:8776/v3/e5db9c4b20224ba8ba7c9a405eb4c2d2/qos-specs
2024-07-20 07:07:40.838 20 INFO cinder.api.openstack.wsgi [None req-1a7e6ddd-62d1-423d-b6d8-79ced9957b5f 67cca3c25b2d471bb65ac13591384bc4 e5db9c4b20224ba8ba7c9a405eb4c2d2 - - default default] http://[LB_IP_ADDRESS]:8776/v3/e5db9c4b20224ba8ba7c9a405eb4c2d2/qos-specs returned with HTTP 200
2024-07-20 07:07:40.856 22 INFO cinder.api.openstack.wsgi [None req-322a71c9-9a7f-41f9-bc19-f0a27373b296 67cca3c25b2d471bb65ac13591384bc4 e5db9c4b20224ba8ba7c9a405eb4c2d2 - - default default] DELETE http://[LB_IP_ADDRESS]:8776/v3/e5db9c4b20224ba8ba7c9a405eb4c2d2/qos-specs/ac167110-895c-4ef5-8147-7419b6c4ae56?force=False
2024-07-20 07:07:40.866 22 INFO cinder.api.openstack.wsgi [None req-322a71c9-9a7f-41f9-bc19-f0a27373b296 67cca3c25b2d471bb65ac13591384bc4 e5db9c4b20224ba8ba7c9a405eb4c2d2 - - default default] http://[LB_IP_ADDRESS]:8776/v3/e5db9c4b20224ba8ba7c9a405eb4c2d2/qos-specs/ac167110-895c-4ef5-8147-7419b6c4ae56?force=False returned with HTTP 404
2024-07-20 07:07:40.881 19 INFO cinder.api.openstack.wsgi [None req-0fd6e09d-9985-49e5-b43f-7f5b1e2ef2a0 67cca3c25b2d471bb65ac13591384bc4 e5db9c4b20224ba8ba7c9a405eb4c2d2 - - default default] GET http://[LB_IP_ADDRESS]:8776/v3/e5db9c4b20224ba8ba7c9a405eb4c2d2/qos-specs/ac167110-895c-4ef5-8147-7419b6c4ae56
2024-07-20 07:07:40.890 19 INFO cinder.api.openstack.wsgi [None req-0fd6e09d-9985-49e5-b43f-7f5b1e2ef2a0 67cca3c25b2d471bb65ac13591384bc4 e5db9c4b20224ba8ba7c9a405eb4c2d2 - - default default] http://[LB_IP_ADDRESS]:8776/v3/e5db9c4b20224ba8ba7c9a405eb4c2d2/qos-specs/ac167110-895c-4ef5-8147-7419b6c4ae56 returned with HTTP 404
2024-07-20 07:07:40.907 21 INFO cinder.api.openstack.wsgi [None req-8fb76ecf-5704-448a-b03d-da0936fc600c 67cca3c25b2d471bb65ac13591384bc4 e5db9c4b20224ba8ba7c9a405eb4c2d2 - - default default] POST http://[LB_IP_ADDRESS]:8776/v3/e5db9c4b20224ba8ba7c9a405eb4c2d2/qos-specs
2024-07-20 07:07:40.928 21 INFO cinder.api.openstack.wsgi [None req-8fb76ecf-5704-448a-b03d-da0936fc600c 67cca3c25b2d471bb65ac13591384bc4 e5db9c4b20224ba8ba7c9a405eb4c2d2 - - default default] http://[LB_IP_ADDRESS]:8776/v3/e5db9c4b20224ba8ba7c9a405eb4c2d2/qos-specs returned with HTTP 200
2024-07-20 07:07:40.947 23 INFO cinder.api.openstack.wsgi [None req-ce4c3f15-fc2e-4cea-b5cf-30c395c11b2b 67cca3c25b2d471bb65ac13591384bc4 e5db9c4b20224ba8ba7c9a405eb4c2d2 - - default default] DELETE http://[LB_IP_ADDRESS]:8776/v3/e5db9c4b20224ba8ba7c9a405eb4c2d2/qos-specs/7da181a4-453f-40b6-ac35-bef8bc960901?force=False
2024-07-20 07:07:40.981 23 INFO cinder.api.openstack.wsgi [None req-ce4c3f15-fc2e-4cea-b5cf-30c395c11b2b 67cca3c25b2d471bb65ac13591384bc4 e5db9c4b20224ba8ba7c9a405eb4c2d2 - - default default] http://[LB_IP_ADDRESS]:8776/v3/e5db9c4b20224ba8ba7c9a405eb4c2d2/qos-specs/7da181a4-453f-40b6-ac35-bef8bc960901?force=False returned with HTTP 202
2024-07-20 07:07:40.996 20 INFO cinder.api.openstack.wsgi [None req-5907a142-7e77-47db-a0c3-db83536484e5 67cca3c25b2d471bb65ac13591384bc4 e5db9c4b20224ba8ba7c9a405eb4c2d2 - - default default] GET http://[LB_IP_ADDRESS]:8776/v3/e5db9c4b20224ba8ba7c9a405eb4c2d2/qos-specs/7da181a4-453f-40b6-ac35-bef8bc960901
2024-07-20 07:07:41.005 20 INFO cinder.api.openstack.wsgi [None req-5907a142-7e77-47db-a0c3-db83536484e5 67cca3c25b2d471bb65ac13591384bc4 e5db9c4b20224ba8ba7c9a405eb4c2d2 - - default default] http://[LB_IP_ADDRESS]:8776/v3/e5db9c4b20224ba8ba7c9a405eb4c2d2/qos-specs/7da181a4-453f-40b6-ac35-bef8bc960901 returned with HTTP 404
2024-07-20 07:07:41.019 22 INFO cinder.api.openstack.wsgi [None req-66e48afa-cd7c-4574-a84d-a53bd9fad18e 67cca3c25b2d471bb65ac13591384bc4 e5db9c4b20224ba8ba7c9a405eb4c2d2 - - default default] GET http://[LB_IP_ADDRESS]:8776/v3/e5db9c4b20224ba8ba7c9a405eb4c2d2/qos-specs
2024-07-20 07:07:41.031 22 INFO cinder.api.openstack.wsgi [None req-66e48afa-cd7c-4574-a84d-a53bd9fad18e 67cca3c25b2d471bb65ac13591384bc4 e5db9c4b20224ba8ba7c9a405eb4c2d2 - - default default] http://[LB_IP_ADDRESS]:8776/v3/e5db9c4b20224ba8ba7c9a405eb4c2d2/qos-specs returned with HTTP 200
2024-07-20 07:07:41.050 19 INFO cinder.api.openstack.wsgi [None req-5722b6b6-f472-49f6-8e65-32525b33541f 67cca3c25b2d471bb65ac13591384bc4 e5db9c4b20224ba8ba7c9a405eb4c2d2 - - default default] DELETE http://[LB_IP_ADDRESS]:8776/v3/e5db9c4b20224ba8ba7c9a405eb4c2d2/qos-specs/7da181a4-453f-40b6-ac35-bef8bc960901?force=False
2024-07-20 07:07:41.059 19 INFO cinder.api.openstack.wsgi [None req-5722b6b6-f472-49f6-8e65-32525b33541f 67cca3c25b2d471bb65ac13591384bc4 e5db9c4b20224ba8ba7c9a405eb4c2d2 - - default default] http://[LB_IP_ADDRESS]:8776/v3/e5db9c4b20224ba8ba7c9a405eb4c2d2/qos-specs/7da181a4-453f-40b6-ac35-bef8bc960901?force=False returned with HTTP 404
2024-07-20 07:07:41.075 21 INFO cinder.api.openstack.wsgi [None req-4bc2f78d-e6ac-4a70-a11d-3a71b5485731 67cca3c25b2d471bb65ac13591384bc4 e5db9c4b20224ba8ba7c9a405eb4c2d2 - - default default] GET http://[LB_IP_ADDRESS]:8776/v3/e5db9c4b20224ba8ba7c9a405eb4c2d2/qos-specs/7da181a4-453f-40b6-ac35-bef8bc960901
2024-07-20 07:07:41.083 21 INFO cinder.api.openstack.wsgi [None req-4bc2f78d-e6ac-4a70-a11d-3a71b5485731 67cca3c25b2d471bb65ac13591384bc4 e5db9c4b20224ba8ba7c9a405eb4c2d2 - - default default] http://[LB_IP_ADDRESS]:8776/v3/e5db9c4b20224ba8ba7c9a405eb4c2d2/qos-specs/7da181a4-453f-40b6-ac35-bef8bc960901 returned with HTTP 404
2024-07-20 07:07:41.100 23 INFO cinder.api.openstack.wsgi [None req-d5480056-e7c5-4950-b905-2c83fa9451ea 67cca3c25b2d471bb65ac13591384bc4 e5db9c4b20224ba8ba7c9a405eb4c2d2 - - default default] GET http://[LB_IP_ADDRESS]:8776/v3/e5db9c4b20224ba8ba7c9a405eb4c2d2/qos-specs/f7fe5eef-4286-41dc-8f82-f49b491a23e3
2024-07-20 07:07:41.110 23 INFO cinder.api.openstack.wsgi [None req-d5480056-e7c5-4950-b905-2c83fa9451ea 67cca3c25b2d471bb65ac13591384bc4 e5db9c4b20224ba8ba7c9a405eb4c2d2 - - default default] http://[LB_IP_ADDRESS]:8776/v3/e5db9c4b20224ba8ba7c9a405eb4c2d2/qos-specs/f7fe5eef-4286-41dc-8f82-f49b491a23e3 returned with HTTP 200
2024-07-20 07:07:41.130 20 INFO cinder.api.openstack.wsgi [None req-fb6f0ca1-5882-43df-af27-8e1e208cdf05 67cca3c25b2d471bb65ac13591384bc4 e5db9c4b20224ba8ba7c9a405eb4c2d2 - - default default] GET http://[LB_IP_ADDRESS]:8776/v3/e5db9c4b20224ba8ba7c9a405eb4c2d2/qos-specs
2024-07-20 07:07:41.142 20 INFO cinder.api.openstack.wsgi [None req-fb6f0ca1-5882-43df-af27-8e1e208cdf05 67cca3c25b2d471bb65ac13591384bc4 e5db9c4b20224ba8ba7c9a405eb4c2d2 - - default default] http://[LB_IP_ADDRESS]:8776/v3/e5db9c4b20224ba8ba7c9a405eb4c2d2/qos-specs returned with HTTP 200
2024-07-20 07:07:41.161 22 INFO cinder.api.openstack.wsgi [None req-1cc42077-41af-4ce5-bc05-f16e6a55a54d 67cca3c25b2d471bb65ac13591384bc4 e5db9c4b20224ba8ba7c9a405eb4c2d2 - - default default] PUT http://[LB_IP_ADDRESS]:8776/v3/e5db9c4b20224ba8ba7c9a405eb4c2d2/qos-specs/f7fe5eef-4286-41dc-8f82-f49b491a23e3
2024-07-20 07:07:41.191 22 INFO cinder.api.openstack.wsgi [None req-1cc42077-41af-4ce5-bc05-f16e6a55a54d 67cca3c25b2d471bb65ac13591384bc4 e5db9c4b20224ba8ba7c9a405eb4c2d2 - - default default] http://[LB_IP_ADDRESS]:8776/v3/e5db9c4b20224ba8ba7c9a405eb4c2d2/qos-specs/f7fe5eef-4286-41dc-8f82-f49b491a23e3 returned with HTTP 200
2024-07-20 07:07:41.207 19 INFO cinder.api.openstack.wsgi [None req-93035d67-1a37-414d-a318-6ba43934b338 67cca3c25b2d471bb65ac13591384bc4 e5db9c4b20224ba8ba7c9a405eb4c2d2 - - default default] GET http://[LB_IP_ADDRESS]:8776/v3/e5db9c4b20224ba8ba7c9a405eb4c2d2/qos-specs/f7fe5eef-4286-41dc-8f82-f49b491a23e3
2024-07-20 07:07:41.216 19 INFO cinder.api.openstack.wsgi [None req-93035d67-1a37-414d-a318-6ba43934b338 67cca3c25b2d471bb65ac13591384bc4 e5db9c4b20224ba8ba7c9a405eb4c2d2 - - default default] http://[LB_IP_ADDRESS]:8776/v3/e5db9c4b20224ba8ba7c9a405eb4c2d2/qos-specs/f7fe5eef-4286-41dc-8f82-f49b491a23e3 returned with HTTP 200
2024-07-20 07:07:41.236 21 INFO cinder.api.openstack.wsgi [None req-fe0afcf2-0162-4383-8d29-7b6d8b69a83a 67cca3c25b2d471bb65ac13591384bc4 e5db9c4b20224ba8ba7c9a405eb4c2d2 - - default default] PUT http://[LB_IP_ADDRESS]:8776/v3/e5db9c4b20224ba8ba7c9a405eb4c2d2/qos-specs/f7fe5eef-4286-41dc-8f82-f49b491a23e3/delete_keys
2024-07-20 07:07:41.283 21 INFO cinder.api.openstack.wsgi [None req-fe0afcf2-0162-4383-8d29-7b6d8b69a83a 67cca3c25b2d471bb65ac13591384bc4 e5db9c4b20224ba8ba7c9a405eb4c2d2 - - default default] http://[LB_IP_ADDRESS]:8776/v3/e5db9c4b20224ba8ba7c9a405eb4c2d2/qos-specs/f7fe5eef-4286-41dc-8f82-f49b491a23e3/delete_keys returned with HTTP 202
2024-07-20 07:07:41.298 23 INFO cinder.api.openstack.wsgi [None req-af9db2cd-aa03-4649-a476-6fa21f8170e6 3bad801f929d47cea4a52c0fdedba532 ba8542b9bb294a2080a4fb0407f7e23a - - default default] GET http://[LB_IP_ADDRESS]:8776/v3/ba8542b9bb294a2080a4fb0407f7e23a/volumes/a5b188eb-4b37-43d9-8222-e1f3e214da6a
2024-07-20 07:07:41.314 23 INFO cinder.api.openstack.wsgi [None req-af9db2cd-aa03-4649-a476-6fa21f8170e6 3bad801f929d47cea4a52c0fdedba532 ba8542b9bb294a2080a4fb0407f7e23a - - default default] http://[LB_IP_ADDRESS]:8776/v3/ba8542b9bb294a2080a4fb0407f7e23a/volumes/a5b188eb-4b37-43d9-8222-e1f3e214da6a returned with HTTP 404
2024-07-20 07:07:41.319 20 INFO cinder.api.openstack.wsgi [None req-212bb9a1-fc16-4ce2-8569-e83bc14e6c6e 67cca3c25b2d471bb65ac13591384bc4 e5db9c4b20224ba8ba7c9a405eb4c2d2 - - default default] GET http://[LB_IP_ADDRESS]:8776/v3/e5db9c4b20224ba8ba7c9a405eb4c2d2/qos-specs/f7fe5eef-4286-41dc-8f82-f49b491a23e3
2024-07-20 07:07:41.327 22 INFO cinder.api.openstack.wsgi [None req-a647cc55-0872-488d-8e79-45749de6b567 3bad801f929d47cea4a52c0fdedba532 ba8542b9bb294a2080a4fb0407f7e23a - - default default] GET http://[LB_IP_ADDRESS]:8776/v3/ba8542b9bb294a2080a4fb0407f7e23a/groups/aa947944-e8b3-4759-8337-11026dbb9ddf
2024-07-20 07:07:41.334 22 INFO cinder.api.openstack.wsgi [None req-a647cc55-0872-488d-8e79-45749de6b567 3bad801f929d47cea4a52c0fdedba532 ba8542b9bb294a2080a4fb0407f7e23a - - default default] http://[LB_IP_ADDRESS]:8776/v3/ba8542b9bb294a2080a4fb0407f7e23a/groups/aa947944-e8b3-4759-8337-11026dbb9ddf returned with HTTP 404
2024-07-20 07:07:41.348 19 INFO cinder.api.openstack.wsgi [None req-c2e7a0c8-0a7c-481a-8645-c6cde8cec428 3bad801f929d47cea4a52c0fdedba532 ba8542b9bb294a2080a4fb0407f7e23a - - default default] DELETE http://[LB_IP_ADDRESS]:8776/v3/ba8542b9bb294a2080a4fb0407f7e23a/group_snapshots/94a3c747-400e-421b-b198-51ce6c3a1047
2024-07-20 07:07:41.349 19 INFO cinder.api.v3.group_snapshots [None req-c2e7a0c8-0a7c-481a-8645-c6cde8cec428 3bad801f929d47cea4a52c0fdedba532 ba8542b9bb294a2080a4fb0407f7e23a - - default default] Delete group_snapshot with id: 94a3c747-400e-421b-b198-51ce6c3a1047
2024-07-20 07:07:41.356 20 INFO cinder.api.openstack.wsgi [None req-212bb9a1-fc16-4ce2-8569-e83bc14e6c6e 67cca3c25b2d471bb65ac13591384bc4 e5db9c4b20224ba8ba7c9a405eb4c2d2 - - default default] http://[LB_IP_ADDRESS]:8776/v3/e5db9c4b20224ba8ba7c9a405eb4c2d2/qos-specs/f7fe5eef-4286-41dc-8f82-f49b491a23e3 returned with HTTP 200
2024-07-20 07:07:41.386 21 INFO cinder.api.openstack.wsgi [None req-d4d5fcfc-8866-493a-a5ea-db806a8d8f0b 67cca3c25b2d471bb65ac13591384bc4 e5db9c4b20224ba8ba7c9a405eb4c2d2 - - default default] GET http://[LB_IP_ADDRESS]:8776/v3/e5db9c4b20224ba8ba7c9a405eb4c2d2/qos-specs/f7fe5eef-4286-41dc-8f82-f49b491a23e3
2024-07-20 07:07:41.397 21 INFO cinder.api.openstack.wsgi [None req-d4d5fcfc-8866-493a-a5ea-db806a8d8f0b 67cca3c25b2d471bb65ac13591384bc4 e5db9c4b20224ba8ba7c9a405eb4c2d2 - - default default] http://[LB_IP_ADDRESS]:8776/v3/e5db9c4b20224ba8ba7c9a405eb4c2d2/qos-specs/f7fe5eef-4286-41dc-8f82-f49b491a23e3 returned with HTTP 200
2024-07-20 07:07:41.401 19 INFO cinder.api.openstack.wsgi [None req-c2e7a0c8-0a7c-481a-8645-c6cde8cec428 3bad801f929d47cea4a52c0fdedba532 ba8542b9bb294a2080a4fb0407f7e23a - - default default] http://[LB_IP_ADDRESS]:8776/v3/ba8542b9bb294a2080a4fb0407f7e23a/group_snapshots/94a3c747-400e-421b-b198-51ce6c3a1047 returned with HTTP 202
2024-07-20 07:07:41.413 23 INFO cinder.api.openstack.wsgi [None req-170d944d-58a3-4bd1-a13b-d6863070adda 3bad801f929d47cea4a52c0fdedba532 ba8542b9bb294a2080a4fb0407f7e23a - - default default] GET http://[LB_IP_ADDRESS]:8776/v3/ba8542b9bb294a2080a4fb0407f7e23a/volumes/detail
2024-07-20 07:07:41.417 22 INFO cinder.api.openstack.wsgi [None req-f38760a0-6875-4800-a59b-26401acdf355 67cca3c25b2d471bb65ac13591384bc4 e5db9c4b20224ba8ba7c9a405eb4c2d2 - - default default] DELETE http://[LB_IP_ADDRESS]:8776/v3/e5db9c4b20224ba8ba7c9a405eb4c2d2/qos-specs/f7fe5eef-4286-41dc-8f82-f49b491a23e3?force=False
2024-07-20 07:07:41.444 23 INFO cinder.volume.api [None req-170d944d-58a3-4bd1-a13b-d6863070adda 3bad801f929d47cea4a52c0fdedba532 ba8542b9bb294a2080a4fb0407f7e23a - - default default] Get all volumes completed successfully.
2024-07-20 07:07:41.450 22 INFO cinder.api.openstack.wsgi [None req-f38760a0-6875-4800-a59b-26401acdf355 67cca3c25b2d471bb65ac13591384bc4 e5db9c4b20224ba8ba7c9a405eb4c2d2 - - default default] http://[LB_IP_ADDRESS]:8776/v3/e5db9c4b20224ba8ba7c9a405eb4c2d2/qos-specs/f7fe5eef-4286-41dc-8f82-f49b491a23e3?force=False returned with HTTP 202
2024-07-20 07:07:41.468 20 INFO cinder.api.openstack.wsgi [None req-e66a51f4-dfea-4dba-a557-417025489e6d 67cca3c25b2d471bb65ac13591384bc4 e5db9c4b20224ba8ba7c9a405eb4c2d2 - - default default] GET http://[LB_IP_ADDRESS]:8776/v3/e5db9c4b20224ba8ba7c9a405eb4c2d2/qos-specs/f7fe5eef-4286-41dc-8f82-f49b491a23e3
2024-07-20 07:07:41.478 20 INFO cinder.api.openstack.wsgi [None req-e66a51f4-dfea-4dba-a557-417025489e6d 67cca3c25b2d471bb65ac13591384bc4 e5db9c4b20224ba8ba7c9a405eb4c2d2 - - default default] http://[LB_IP_ADDRESS]:8776/v3/e5db9c4b20224ba8ba7c9a405eb4c2d2/qos-specs/f7fe5eef-4286-41dc-8f82-f49b491a23e3 returned with HTTP 404
2024-07-20 07:07:41.490 23 INFO cinder.api.openstack.wsgi [None req-170d944d-58a3-4bd1-a13b-d6863070adda 3bad801f929d47cea4a52c0fdedba532 ba8542b9bb294a2080a4fb0407f7e23a - - default default] http://[LB_IP_ADDRESS]:8776/v3/ba8542b9bb294a2080a4fb0407f7e23a/volumes/detail returned with HTTP 200
2024-07-20 07:07:41.519 21 INFO cinder.api.openstack.wsgi [None req-e9d26eac-63f6-4292-b733-58c83b0aff4e 3bad801f929d47cea4a52c0fdedba532 ba8542b9bb294a2080a4fb0407f7e23a - - default default] GET http://[LB_IP_ADDRESS]:8776/v3/ba8542b9bb294a2080a4fb0407f7e23a/snapshots/detail
2024-07-20 07:07:41.533 21 INFO cinder.volume.api [None req-e9d26eac-63f6-4292-b733-58c83b0aff4e 3bad801f929d47cea4a52c0fdedba532 ba8542b9bb294a2080a4fb0407f7e23a - - default default] Get all snapshots completed successfully.
2024-07-20 07:07:41.536 21 INFO cinder.api.openstack.wsgi [None req-e9d26eac-63f6-4292-b733-58c83b0aff4e 3bad801f929d47cea4a52c0fdedba532 ba8542b9bb294a2080a4fb0407f7e23a - - default default] http://[LB_IP_ADDRESS]:8776/v3/ba8542b9bb294a2080a4fb0407f7e23a/snapshots/detail returned with HTTP 200
2024-07-20 07:07:41.557 19 INFO cinder.api.openstack.wsgi [None req-3fa52c20-8276-4a1a-b0d7-3d1127cf2dc5 3bad801f929d47cea4a52c0fdedba532 ba8542b9bb294a2080a4fb0407f7e23a - - default default] GET http://[LB_IP_ADDRESS]:8776/v3/ba8542b9bb294a2080a4fb0407f7e23a/snapshots/18a56e0a-3432-4a8c-9a35-288c685096f8
2024-07-20 07:07:41.571 19 INFO cinder.volume.api [None req-3fa52c20-8276-4a1a-b0d7-3d1127cf2dc5 3bad801f929d47cea4a52c0fdedba532 ba8542b9bb294a2080a4fb0407f7e23a - - default default] Snapshot retrieved successfully.
2024-07-20 07:07:41.573 19 INFO cinder.api.openstack.wsgi [None req-3fa52c20-8276-4a1a-b0d7-3d1127cf2dc5 3bad801f929d47cea4a52c0fdedba532 ba8542b9bb294a2080a4fb0407f7e23a - - default default] http://[LB_IP_ADDRESS]:8776/v3/ba8542b9bb294a2080a4fb0407f7e23a/snapshots/18a56e0a-3432-4a8c-9a35-288c685096f8 returned with HTTP 200
2024-07-20 07:07:41.696 22 INFO cinder.api.openstack.wsgi [None req-2ef04882-4c01-4839-9405-61e6de0107a7 5731143fae944cada3c4b140748783f7 cccdcf1f8016450aac3f4918126119c1 - - default default] GET http://[LB_IP_ADDRESS]:8776/v3/cccdcf1f8016450aac3f4918126119c1/volumes/aff21558-e3d4-4f8d-9165-5872049e6456
2024-07-20 07:07:41.723 22 INFO cinder.volume.api [None req-2ef04882-4c01-4839-9405-61e6de0107a7 5731143fae944cada3c4b140748783f7 cccdcf1f8016450aac3f4918126119c1 - - default default] Volume info retrieved successfully.
2024-07-20 07:07:41.733 22 INFO cinder.api.openstack.wsgi [None req-2ef04882-4c01-4839-9405-61e6de0107a7 5731143fae944cada3c4b140748783f7 cccdcf1f8016450aac3f4918126119c1 - - default default] http://[LB_IP_ADDRESS]:8776/v3/cccdcf1f8016450aac3f4918126119c1/volumes/aff21558-e3d4-4f8d-9165-5872049e6456 returned with HTTP 200
2024-07-20 07:07:41.763 20 INFO cinder.api.openstack.wsgi [None req-8db1c46e-77c4-4f67-9f57-f4eb5307aa40 f2d31fe8e9e049f28058b95510918803 3d5317f82a1d4d37a466a932794a5199 - - default default] PUT http://[LB_IP_ADDRESS]:8776/v3/3d5317f82a1d4d37a466a932794a5199/os-quota-sets/cccdcf1f8016450aac3f4918126119c1
2024-07-20 07:07:41.870 20 WARNING cinder.quota [None req-8db1c46e-77c4-4f67-9f57-f4eb5307aa40 f2d31fe8e9e049f28058b95510918803 3d5317f82a1d4d37a466a932794a5199 - - default default] Deprecated: Default quota for resource: volumes_tempest-GroupSnapshotsTest-volume-type-419734690 is set by the default quota flag: quota_volumes_tempest-GroupSnapshotsTest-volume-type-419734690, it is now deprecated. Please use the default quota class for default quota.
2024-07-20 07:07:41.871 20 WARNING cinder.quota [None req-8db1c46e-77c4-4f67-9f57-f4eb5307aa40 f2d31fe8e9e049f28058b95510918803 3d5317f82a1d4d37a466a932794a5199 - - default default] Deprecated: Default quota for resource: gigabytes_tempest-GroupSnapshotsTest-volume-type-419734690 is set by the default quota flag: quota_gigabytes_tempest-GroupSnapshotsTest-volume-type-419734690, it is now deprecated. Please use the default quota class for default quota.
2024-07-20 07:07:41.872 20 WARNING cinder.quota [None req-8db1c46e-77c4-4f67-9f57-f4eb5307aa40 f2d31fe8e9e049f28058b95510918803 3d5317f82a1d4d37a466a932794a5199 - - default default] Deprecated: Default quota for resource: snapshots_tempest-GroupSnapshotsTest-volume-type-419734690 is set by the default quota flag: quota_snapshots_tempest-GroupSnapshotsTest-volume-type-419734690, it is now deprecated. Please use the default quota class for default quota.
2024-07-20 07:07:41.897 20 INFO cinder.api.openstack.wsgi [None req-8db1c46e-77c4-4f67-9f57-f4eb5307aa40 f2d31fe8e9e049f28058b95510918803 3d5317f82a1d4d37a466a932794a5199 - - default default] http://[LB_IP_ADDRESS]:8776/v3/3d5317f82a1d4d37a466a932794a5199/os-quota-sets/cccdcf1f8016450aac3f4918126119c1 returned with HTTP 200
2024-07-20 07:07:41.918 23 INFO cinder.api.openstack.wsgi [None req-9c029f94-7839-4827-8d75-b290b08b8f0b 5731143fae944cada3c4b140748783f7 cccdcf1f8016450aac3f4918126119c1 - - default default] POST http://[LB_IP_ADDRESS]:8776/v3/cccdcf1f8016450aac3f4918126119c1/volumes
2024-07-20 07:07:41.927 23 INFO cinder.api.v3.volumes [None req-9c029f94-7839-4827-8d75-b290b08b8f0b 5731143fae944cada3c4b140748783f7 cccdcf1f8016450aac3f4918126119c1 - - default default] Create volume of 2 GB
2024-07-20 07:07:41.938 23 INFO cinder.volume.api [None req-9c029f94-7839-4827-8d75-b290b08b8f0b 5731143fae944cada3c4b140748783f7 cccdcf1f8016450aac3f4918126119c1 - - default default] Availability Zones retrieved successfully.
2024-07-20 07:07:42.078 23 WARNING cinder.quota_utils [None req-9c029f94-7839-4827-8d75-b290b08b8f0b 5731143fae944cada3c4b140748783f7 cccdcf1f8016450aac3f4918126119c1 - - default default] Quota exceeded for cccdcf1f8016450aac3f4918126119c1, tried to create 2G volume (1G of 1G already consumed).: cinder.exception.OverQuota: Quota exceeded for resources: ['gigabytes']
2024-07-20 07:07:42.081 23 WARNING cinder.volume.api [None req-9c029f94-7839-4827-8d75-b290b08b8f0b 5731143fae944cada3c4b140748783f7 cccdcf1f8016450aac3f4918126119c1 - - default default] Task 'cinder.volume.flows.api.create_volume.QuotaReserveTask;volume:create' (51f260fd-cfee-4bf5-bc32-093d36ffbd97) transitioned into state 'FAILURE' from state 'RUNNING'

Failure: cinder.exception.VolumeSizeExceedsAvailableQuota: Requested volume or snapshot exceeds allowed gigabytes quota. Requested 2G, quota is 1G and 1G has been consumed.
2024-07-20 07:07:42.087 23 WARNING cinder.volume.api [None req-9c029f94-7839-4827-8d75-b290b08b8f0b 5731143fae944cada3c4b140748783f7 cccdcf1f8016450aac3f4918126119c1 - - default default] Task 'cinder.volume.flows.api.create_volume.QuotaReserveTask;volume:create' (51f260fd-cfee-4bf5-bc32-093d36ffbd97) transitioned into state 'REVERTED' from state 'REVERTING'
2024-07-20 07:07:42.090 23 WARNING cinder.volume.api [None req-9c029f94-7839-4827-8d75-b290b08b8f0b 5731143fae944cada3c4b140748783f7 cccdcf1f8016450aac3f4918126119c1 - - default default] Task 'cinder.volume.flows.api.create_volume.ExtractVolumeRequestTask;volume:create' (bc978c5a-4252-4223-ba6e-1c5ee009cf5a) transitioned into state 'REVERTED' from state 'REVERTING'
2024-07-20 07:07:42.092 23 WARNING cinder.volume.api [None req-9c029f94-7839-4827-8d75-b290b08b8f0b 5731143fae944cada3c4b140748783f7 cccdcf1f8016450aac3f4918126119c1 - - default default] Flow 'volume_create_api' (7b611c3b-aa4f-4701-9999-829801d636dd) transitioned into state 'REVERTED' from state 'RUNNING'
2024-07-20 07:07:42.093 23 INFO cinder.api.middleware.fault [None req-9c029f94-7839-4827-8d75-b290b08b8f0b 5731143fae944cada3c4b140748783f7 cccdcf1f8016450aac3f4918126119c1 - - default default] http://[LB_IP_ADDRESS]:8776/v3/cccdcf1f8016450aac3f4918126119c1/volumes returned with HTTP 413
2024-07-20 07:07:42.112 21 INFO cinder.api.openstack.wsgi [None req-45f1a125-c618-44df-a2e0-c568e60bc31e f2d31fe8e9e049f28058b95510918803 3d5317f82a1d4d37a466a932794a5199 - - default default] PUT http://[LB_IP_ADDRESS]:8776/v3/3d5317f82a1d4d37a466a932794a5199/os-quota-sets/cccdcf1f8016450aac3f4918126119c1
2024-07-20 07:07:42.215 21 WARNING cinder.quota [None req-45f1a125-c618-44df-a2e0-c568e60bc31e f2d31fe8e9e049f28058b95510918803 3d5317f82a1d4d37a466a932794a5199 - - default default] Deprecated: Default quota for resource: volumes_tempest-GroupSnapshotsTest-volume-type-419734690 is set by the default quota flag: quota_volumes_tempest-GroupSnapshotsTest-volume-type-419734690, it is now deprecated. Please use the default quota class for default quota.
2024-07-20 07:07:42.216 21 WARNING cinder.quota [None req-45f1a125-c618-44df-a2e0-c568e60bc31e f2d31fe8e9e049f28058b95510918803 3d5317f82a1d4d37a466a932794a5199 - - default default] Deprecated: Default quota for resource: gigabytes_tempest-GroupSnapshotsTest-volume-type-419734690 is set by the default quota flag: quota_gigabytes_tempest-GroupSnapshotsTest-volume-type-419734690, it is now deprecated. Please use the default quota class for default quota.
2024-07-20 07:07:42.217 21 WARNING cinder.quota [None req-45f1a125-c618-44df-a2e0-c568e60bc31e f2d31fe8e9e049f28058b95510918803 3d5317f82a1d4d37a466a932794a5199 - - default default] Deprecated: Default quota for resource: snapshots_tempest-GroupSnapshotsTest-volume-type-419734690 is set by the default quota flag: quota_snapshots_tempest-GroupSnapshotsTest-volume-type-419734690, it is now deprecated. Please use the default quota class for default quota.
2024-07-20 07:07:42.241 21 INFO cinder.api.openstack.wsgi [None req-45f1a125-c618-44df-a2e0-c568e60bc31e f2d31fe8e9e049f28058b95510918803 3d5317f82a1d4d37a466a932794a5199 - - default default] http://[LB_IP_ADDRESS]:8776/v3/3d5317f82a1d4d37a466a932794a5199/os-quota-sets/cccdcf1f8016450aac3f4918126119c1 returned with HTTP 200
2024-07-20 07:07:42.258 19 INFO cinder.api.openstack.wsgi [None req-e12bdd08-044c-4e17-b4c7-b4438785eaf1 5731143fae944cada3c4b140748783f7 cccdcf1f8016450aac3f4918126119c1 - - default default] POST http://[LB_IP_ADDRESS]:8776/v3/cccdcf1f8016450aac3f4918126119c1/volumes
2024-07-20 07:07:42.263 19 INFO cinder.api.v3.volumes [None req-e12bdd08-044c-4e17-b4c7-b4438785eaf1 5731143fae944cada3c4b140748783f7 cccdcf1f8016450aac3f4918126119c1 - - default default] Create volume of 1 GB
2024-07-20 07:07:42.273 19 INFO cinder.volume.api [None req-e12bdd08-044c-4e17-b4c7-b4438785eaf1 5731143fae944cada3c4b140748783f7 cccdcf1f8016450aac3f4918126119c1 - - default default] Availability Zones retrieved successfully.
2024-07-20 07:07:42.432 19 WARNING cinder.quota_utils [None req-e12bdd08-044c-4e17-b4c7-b4438785eaf1 5731143fae944cada3c4b140748783f7 cccdcf1f8016450aac3f4918126119c1 - - default default] Quota exceeded for cccdcf1f8016450aac3f4918126119c1, tried to create volume (1 volumes already consumed).: cinder.exception.OverQuota: Quota exceeded for resources: ['volumes']
2024-07-20 07:07:42.436 19 WARNING cinder.volume.api [None req-e12bdd08-044c-4e17-b4c7-b4438785eaf1 5731143fae944cada3c4b140748783f7 cccdcf1f8016450aac3f4918126119c1 - - default default] Task 'cinder.volume.flows.api.create_volume.QuotaReserveTask;volume:create' (ae9411a0-40a4-4377-9caf-48a347f36b38) transitioned into state 'FAILURE' from state 'RUNNING'

Failure: cinder.exception.VolumeLimitExceeded: Maximum number of volumes allowed (1) exceeded for quota 'volumes'.
2024-07-20 07:07:42.441 19 WARNING cinder.volume.api [None req-e12bdd08-044c-4e17-b4c7-b4438785eaf1 5731143fae944cada3c4b140748783f7 cccdcf1f8016450aac3f4918126119c1 - - default default] Task 'cinder.volume.flows.api.create_volume.QuotaReserveTask;volume:create' (ae9411a0-40a4-4377-9caf-48a347f36b38) transitioned into state 'REVERTED' from state 'REVERTING'
2024-07-20 07:07:42.444 19 WARNING cinder.volume.api [None req-e12bdd08-044c-4e17-b4c7-b4438785eaf1 5731143fae944cada3c4b140748783f7 cccdcf1f8016450aac3f4918126119c1 - - default default] Task 'cinder.volume.flows.api.create_volume.ExtractVolumeRequestTask;volume:create' (3e7806ad-b2be-40f6-8a35-0562fba60a15) transitioned into state 'REVERTED' from state 'REVERTING'
2024-07-20 07:07:42.447 19 WARNING cinder.volume.api [None req-e12bdd08-044c-4e17-b4c7-b4438785eaf1 5731143fae944cada3c4b140748783f7 cccdcf1f8016450aac3f4918126119c1 - - default default] Flow 'volume_create_api' (eddd77a9-75ef-480c-b52d-c73f9aa69c6c) transitioned into state 'REVERTED' from state 'RUNNING'
2024-07-20 07:07:42.448 19 INFO cinder.api.middleware.fault [None req-e12bdd08-044c-4e17-b4c7-b4438785eaf1 5731143fae944cada3c4b140748783f7 cccdcf1f8016450aac3f4918126119c1 - - default default] http://[LB_IP_ADDRESS]:8776/v3/cccdcf1f8016450aac3f4918126119c1/volumes returned with HTTP 413
2024-07-20 07:07:42.466 22 INFO cinder.api.openstack.wsgi [None req-135e1e3d-b768-4db4-936c-98dc3fe88356 f2d31fe8e9e049f28058b95510918803 3d5317f82a1d4d37a466a932794a5199 - - default default] PUT http://[LB_IP_ADDRESS]:8776/v3/3d5317f82a1d4d37a466a932794a5199/os-quota-sets/cccdcf1f8016450aac3f4918126119c1
2024-07-20 07:07:42.541 22 WARNING cinder.quota [None req-135e1e3d-b768-4db4-936c-98dc3fe88356 f2d31fe8e9e049f28058b95510918803 3d5317f82a1d4d37a466a932794a5199 - - default default] Deprecated: Default quota for resource: volumes_tempest-GroupSnapshotsTest-volume-type-419734690 is set by the default quota flag: quota_volumes_tempest-GroupSnapshotsTest-volume-type-419734690, it is now deprecated. Please use the default quota class for default quota.
2024-07-20 07:07:42.566 22 INFO cinder.api.openstack.wsgi [None req-135e1e3d-b768-4db4-936c-98dc3fe88356 f2d31fe8e9e049f28058b95510918803 3d5317f82a1d4d37a466a932794a5199 - - default default] http://[LB_IP_ADDRESS]:8776/v3/3d5317f82a1d4d37a466a932794a5199/os-quota-sets/cccdcf1f8016450aac3f4918126119c1 returned with HTTP 200
2024-07-20 07:07:42.584 20 INFO cinder.api.openstack.wsgi [None req-ea31e026-bfad-486f-b086-450f1b8ce398 5731143fae944cada3c4b140748783f7 cccdcf1f8016450aac3f4918126119c1 - - default default] POST http://[LB_IP_ADDRESS]:8776/v3/cccdcf1f8016450aac3f4918126119c1/volumes/aff21558-e3d4-4f8d-9165-5872049e6456/action
2024-07-20 07:07:42.594 23 INFO cinder.api.openstack.wsgi [None req-2b136653-6044-40b3-8e7e-7537ed4a6f5a 3bad801f929d47cea4a52c0fdedba532 ba8542b9bb294a2080a4fb0407f7e23a - - default default] GET http://[LB_IP_ADDRESS]:8776/v3/ba8542b9bb294a2080a4fb0407f7e23a/snapshots/18a56e0a-3432-4a8c-9a35-288c685096f8
2024-07-20 07:07:42.606 23 INFO cinder.api.openstack.wsgi [None req-2b136653-6044-40b3-8e7e-7537ed4a6f5a 3bad801f929d47cea4a52c0fdedba532 ba8542b9bb294a2080a4fb0407f7e23a - - default default] http://[LB_IP_ADDRESS]:8776/v3/ba8542b9bb294a2080a4fb0407f7e23a/snapshots/18a56e0a-3432-4a8c-9a35-288c685096f8 returned with HTTP 404
2024-07-20 07:07:42.611 20 INFO cinder.volume.api [None req-ea31e026-bfad-486f-b086-450f1b8ce398 5731143fae944cada3c4b140748783f7 cccdcf1f8016450aac3f4918126119c1 - - default default] Volume info retrieved successfully.
2024-07-20 07:07:42.621 21 INFO cinder.api.openstack.wsgi [None req-882e2dac-fb11-412b-8e15-a816849678f1 3bad801f929d47cea4a52c0fdedba532 ba8542b9bb294a2080a4fb0407f7e23a - - default default] GET http://[LB_IP_ADDRESS]:8776/v3/ba8542b9bb294a2080a4fb0407f7e23a/group_snapshots/94a3c747-400e-421b-b198-51ce6c3a1047
2024-07-20 07:07:42.629 21 INFO cinder.api.openstack.wsgi [None req-882e2dac-fb11-412b-8e15-a816849678f1 3bad801f929d47cea4a52c0fdedba532 ba8542b9bb294a2080a4fb0407f7e23a - - default default] http://[LB_IP_ADDRESS]:8776/v3/ba8542b9bb294a2080a4fb0407f7e23a/group_snapshots/94a3c747-400e-421b-b198-51ce6c3a1047 returned with HTTP 404
2024-07-20 07:07:42.644 19 INFO cinder.api.openstack.wsgi [None req-cb1a915b-f5fe-4855-9d14-e91c2a07b6da 3bad801f929d47cea4a52c0fdedba532 ba8542b9bb294a2080a4fb0407f7e23a - - default default] GET http://[LB_IP_ADDRESS]:8776/v3/ba8542b9bb294a2080a4fb0407f7e23a/volumes/detail
2024-07-20 07:07:42.666 19 INFO cinder.volume.api [None req-cb1a915b-f5fe-4855-9d14-e91c2a07b6da 3bad801f929d47cea4a52c0fdedba532 ba8542b9bb294a2080a4fb0407f7e23a - - default default] Get all volumes completed successfully.
2024-07-20 07:07:42.692 20 ERROR cinder.volume.api [None req-ea31e026-bfad-486f-b086-450f1b8ce398 5731143fae944cada3c4b140748783f7 cccdcf1f8016450aac3f4918126119c1 - - default default] Quota exceeded for cccdcf1f8016450aac3f4918126119c1, tried to extend volume by 1G, (1G of 1G already consumed).: cinder.exception.OverQuota: Quota exceeded for resources: ['gigabytes']
2024-07-20 07:07:42.699 20 INFO cinder.api.middleware.fault [None req-ea31e026-bfad-486f-b086-450f1b8ce398 5731143fae944cada3c4b140748783f7 cccdcf1f8016450aac3f4918126119c1 - - default default] http://[LB_IP_ADDRESS]:8776/v3/cccdcf1f8016450aac3f4918126119c1/volumes/aff21558-e3d4-4f8d-9165-5872049e6456/action returned with HTTP 413
2024-07-20 07:07:42.703 19 INFO cinder.api.openstack.wsgi [None req-cb1a915b-f5fe-4855-9d14-e91c2a07b6da 3bad801f929d47cea4a52c0fdedba532 ba8542b9bb294a2080a4fb0407f7e23a - - default default] http://[LB_IP_ADDRESS]:8776/v3/ba8542b9bb294a2080a4fb0407f7e23a/volumes/detail returned with HTTP 200
2024-07-20 07:07:42.713 22 INFO cinder.api.openstack.wsgi [None req-9a3d7269-f169-4638-95a8-da4a8417e988 5731143fae944cada3c4b140748783f7 cccdcf1f8016450aac3f4918126119c1 - - default default] GET http://[LB_IP_ADDRESS]:8776/v3/cccdcf1f8016450aac3f4918126119c1/volumes/aff21558-e3d4-4f8d-9165-5872049e6456
2024-07-20 07:07:42.733 23 INFO cinder.api.openstack.wsgi [None req-6224c7eb-2a54-4a12-80cf-bcb7d2f61334 3bad801f929d47cea4a52c0fdedba532 ba8542b9bb294a2080a4fb0407f7e23a - - default default] POST http://[LB_IP_ADDRESS]:8776/v3/ba8542b9bb294a2080a4fb0407f7e23a/groups/c83a386f-4864-488d-8d2f-4b6914b3af66/action
2024-07-20 07:07:42.738 22 INFO cinder.volume.api [None req-9a3d7269-f169-4638-95a8-da4a8417e988 5731143fae944cada3c4b140748783f7 cccdcf1f8016450aac3f4918126119c1 - - default default] Volume info retrieved successfully.
2024-07-20 07:07:42.738 23 INFO cinder.api.v3.groups [None req-6224c7eb-2a54-4a12-80cf-bcb7d2f61334 3bad801f929d47cea4a52c0fdedba532 ba8542b9bb294a2080a4fb0407f7e23a - - default default] Delete group with id: c83a386f-4864-488d-8d2f-4b6914b3af66
2024-07-20 07:07:42.746 22 INFO cinder.api.openstack.wsgi [None req-9a3d7269-f169-4638-95a8-da4a8417e988 5731143fae944cada3c4b140748783f7 cccdcf1f8016450aac3f4918126119c1 - - default default] http://[LB_IP_ADDRESS]:8776/v3/cccdcf1f8016450aac3f4918126119c1/volumes/aff21558-e3d4-4f8d-9165-5872049e6456 returned with HTTP 200
2024-07-20 07:07:42.773 21 INFO cinder.api.openstack.wsgi [None req-37f5f54c-75b3-431e-8431-2da24ca63786 5731143fae944cada3c4b140748783f7 cccdcf1f8016450aac3f4918126119c1 - - default default] DELETE http://[LB_IP_ADDRESS]:8776/v3/cccdcf1f8016450aac3f4918126119c1/volumes/aff21558-e3d4-4f8d-9165-5872049e6456
2024-07-20 07:07:42.774 21 INFO cinder.api.v3.volumes [None req-37f5f54c-75b3-431e-8431-2da24ca63786 5731143fae944cada3c4b140748783f7 cccdcf1f8016450aac3f4918126119c1 - - default default] Delete volume with id: aff21558-e3d4-4f8d-9165-5872049e6456 
2024-07-20 07:07:42.799 21 INFO cinder.volume.api [None req-37f5f54c-75b3-431e-8431-2da24ca63786 5731143fae944cada3c4b140748783f7 cccdcf1f8016450aac3f4918126119c1 - - default default] Volume info retrieved successfully.
2024-07-20 07:07:42.822 23 INFO cinder.api.openstack.wsgi [None req-6224c7eb-2a54-4a12-80cf-bcb7d2f61334 3bad801f929d47cea4a52c0fdedba532 ba8542b9bb294a2080a4fb0407f7e23a - - default default] http://[LB_IP_ADDRESS]:8776/v3/ba8542b9bb294a2080a4fb0407f7e23a/groups/c83a386f-4864-488d-8d2f-4b6914b3af66/action returned with HTTP 202
2024-07-20 07:07:42.830 21 INFO cinder.volume.api [None req-37f5f54c-75b3-431e-8431-2da24ca63786 5731143fae944cada3c4b140748783f7 cccdcf1f8016450aac3f4918126119c1 - - default default] Delete volume request issued successfully.
2024-07-20 07:07:42.831 21 INFO cinder.api.openstack.wsgi [None req-37f5f54c-75b3-431e-8431-2da24ca63786 5731143fae944cada3c4b140748783f7 cccdcf1f8016450aac3f4918126119c1 - - default default] http://[LB_IP_ADDRESS]:8776/v3/cccdcf1f8016450aac3f4918126119c1/volumes/aff21558-e3d4-4f8d-9165-5872049e6456 returned with HTTP 202
2024-07-20 07:07:42.835 20 INFO cinder.api.openstack.wsgi [None req-d7e02924-55a6-4490-9280-90c15b11606c 3bad801f929d47cea4a52c0fdedba532 ba8542b9bb294a2080a4fb0407f7e23a - - default default] GET http://[LB_IP_ADDRESS]:8776/v3/ba8542b9bb294a2080a4fb0407f7e23a/volumes/75de192b-3f05-4059-abfb-41006813e731
2024-07-20 07:07:42.844 19 INFO cinder.api.openstack.wsgi [None req-0c11e176-6f10-450e-9c4a-278ff5f5c4cd 5731143fae944cada3c4b140748783f7 cccdcf1f8016450aac3f4918126119c1 - - default default] GET http://[LB_IP_ADDRESS]:8776/v3/cccdcf1f8016450aac3f4918126119c1/volumes/aff21558-e3d4-4f8d-9165-5872049e6456
2024-07-20 07:07:42.864 20 INFO cinder.volume.api [None req-d7e02924-55a6-4490-9280-90c15b11606c 3bad801f929d47cea4a52c0fdedba532 ba8542b9bb294a2080a4fb0407f7e23a - - default default] Volume info retrieved successfully.
2024-07-20 07:07:42.871 19 INFO cinder.volume.api [None req-0c11e176-6f10-450e-9c4a-278ff5f5c4cd 5731143fae944cada3c4b140748783f7 cccdcf1f8016450aac3f4918126119c1 - - default default] Volume info retrieved successfully.
2024-07-20 07:07:42.881 19 INFO cinder.api.openstack.wsgi [None req-0c11e176-6f10-450e-9c4a-278ff5f5c4cd 5731143fae944cada3c4b140748783f7 cccdcf1f8016450aac3f4918126119c1 - - default default] http://[LB_IP_ADDRESS]:8776/v3/cccdcf1f8016450aac3f4918126119c1/volumes/aff21558-e3d4-4f8d-9165-5872049e6456 returned with HTTP 200
2024-07-20 07:07:42.896 20 INFO cinder.api.openstack.wsgi [None req-d7e02924-55a6-4490-9280-90c15b11606c 3bad801f929d47cea4a52c0fdedba532 ba8542b9bb294a2080a4fb0407f7e23a - - default default] http://[LB_IP_ADDRESS]:8776/v3/ba8542b9bb294a2080a4fb0407f7e23a/volumes/75de192b-3f05-4059-abfb-41006813e731 returned with HTTP 200
2024-07-20 07:07:43.911 22 INFO cinder.api.openstack.wsgi [None req-b79c1943-84aa-4e56-b3a5-fe7090575967 5731143fae944cada3c4b140748783f7 cccdcf1f8016450aac3f4918126119c1 - - default default] GET http://[LB_IP_ADDRESS]:8776/v3/cccdcf1f8016450aac3f4918126119c1/volumes/aff21558-e3d4-4f8d-9165-5872049e6456
2024-07-20 07:07:43.925 23 INFO cinder.api.openstack.wsgi [None req-4b770e21-ceba-4dba-a0ec-943adee57d82 3bad801f929d47cea4a52c0fdedba532 ba8542b9bb294a2080a4fb0407f7e23a - - default default] GET http://[LB_IP_ADDRESS]:8776/v3/ba8542b9bb294a2080a4fb0407f7e23a/volumes/75de192b-3f05-4059-abfb-41006813e731
2024-07-20 07:07:43.938 22 INFO cinder.volume.api [None req-b79c1943-84aa-4e56-b3a5-fe7090575967 5731143fae944cada3c4b140748783f7 cccdcf1f8016450aac3f4918126119c1 - - default default] Volume info retrieved successfully.
2024-07-20 07:07:43.947 22 INFO cinder.api.openstack.wsgi [None req-b79c1943-84aa-4e56-b3a5-fe7090575967 5731143fae944cada3c4b140748783f7 cccdcf1f8016450aac3f4918126119c1 - - default default] http://[LB_IP_ADDRESS]:8776/v3/cccdcf1f8016450aac3f4918126119c1/volumes/aff21558-e3d4-4f8d-9165-5872049e6456 returned with HTTP 200
2024-07-20 07:07:43.952 23 INFO cinder.volume.api [None req-4b770e21-ceba-4dba-a0ec-943adee57d82 3bad801f929d47cea4a52c0fdedba532 ba8542b9bb294a2080a4fb0407f7e23a - - default default] Volume info retrieved successfully.
2024-07-20 07:07:43.979 23 INFO cinder.api.openstack.wsgi [None req-4b770e21-ceba-4dba-a0ec-943adee57d82 3bad801f929d47cea4a52c0fdedba532 ba8542b9bb294a2080a4fb0407f7e23a - - default default] http://[LB_IP_ADDRESS]:8776/v3/ba8542b9bb294a2080a4fb0407f7e23a/volumes/75de192b-3f05-4059-abfb-41006813e731 returned with HTTP 200
2024-07-20 07:07:44.978 21 INFO cinder.api.openstack.wsgi [None req-d3c5acb0-f7db-4956-a2b7-3485b523e457 5731143fae944cada3c4b140748783f7 cccdcf1f8016450aac3f4918126119c1 - - default default] GET http://[LB_IP_ADDRESS]:8776/v3/cccdcf1f8016450aac3f4918126119c1/volumes/aff21558-e3d4-4f8d-9165-5872049e6456
2024-07-20 07:07:44.993 21 INFO cinder.api.openstack.wsgi [None req-d3c5acb0-f7db-4956-a2b7-3485b523e457 5731143fae944cada3c4b140748783f7 cccdcf1f8016450aac3f4918126119c1 - - default default] http://[LB_IP_ADDRESS]:8776/v3/cccdcf1f8016450aac3f4918126119c1/volumes/aff21558-e3d4-4f8d-9165-5872049e6456 returned with HTTP 404
2024-07-20 07:07:45.010 20 INFO cinder.api.openstack.wsgi [None req-044302fb-27ac-4520-8253-44bd11672e95 3bad801f929d47cea4a52c0fdedba532 ba8542b9bb294a2080a4fb0407f7e23a - - default default] GET http://[LB_IP_ADDRESS]:8776/v3/ba8542b9bb294a2080a4fb0407f7e23a/volumes/75de192b-3f05-4059-abfb-41006813e731
2024-07-20 07:07:45.010 19 INFO cinder.api.openstack.wsgi [None req-bb52b5cf-c1b2-4367-b27e-f4f03a34463a f2d31fe8e9e049f28058b95510918803 3d5317f82a1d4d37a466a932794a5199 - - default default] PUT http://[LB_IP_ADDRESS]:8776/v3/3d5317f82a1d4d37a466a932794a5199/os-quota-sets/cccdcf1f8016450aac3f4918126119c1
2024-07-20 07:07:45.027 20 INFO cinder.api.openstack.wsgi [None req-044302fb-27ac-4520-8253-44bd11672e95 3bad801f929d47cea4a52c0fdedba532 ba8542b9bb294a2080a4fb0407f7e23a - - default default] http://[LB_IP_ADDRESS]:8776/v3/ba8542b9bb294a2080a4fb0407f7e23a/volumes/75de192b-3f05-4059-abfb-41006813e731 returned with HTTP 404
2024-07-20 07:07:45.040 22 INFO cinder.api.openstack.wsgi [None req-fc601797-63f1-4459-9faf-b17819d54466 3bad801f929d47cea4a52c0fdedba532 ba8542b9bb294a2080a4fb0407f7e23a - - default default] GET http://[LB_IP_ADDRESS]:8776/v3/ba8542b9bb294a2080a4fb0407f7e23a/groups/c83a386f-4864-488d-8d2f-4b6914b3af66
2024-07-20 07:07:45.047 22 INFO cinder.api.openstack.wsgi [None req-fc601797-63f1-4459-9faf-b17819d54466 3bad801f929d47cea4a52c0fdedba532 ba8542b9bb294a2080a4fb0407f7e23a - - default default] http://[LB_IP_ADDRESS]:8776/v3/ba8542b9bb294a2080a4fb0407f7e23a/groups/c83a386f-4864-488d-8d2f-4b6914b3af66 returned with HTTP 404
2024-07-20 07:07:45.060 23 INFO cinder.api.openstack.wsgi [None req-ab7237d9-b897-454c-8fb4-c7d3dc3df163 430d3044878a4889a30be28584797ea6 bdb78cc80a524028bdf8da069d864899 - - default default] DELETE http://[LB_IP_ADDRESS]:8776/v3/bdb78cc80a524028bdf8da069d864899/group_types/2abd3f24-6b3e-42eb-a62e-520e470f5be9
2024-07-20 07:07:45.085 23 INFO cinder.api.openstack.wsgi [None req-ab7237d9-b897-454c-8fb4-c7d3dc3df163 430d3044878a4889a30be28584797ea6 bdb78cc80a524028bdf8da069d864899 - - default default] http://[LB_IP_ADDRESS]:8776/v3/bdb78cc80a524028bdf8da069d864899/group_types/2abd3f24-6b3e-42eb-a62e-520e470f5be9 returned with HTTP 202
2024-07-20 07:07:45.099 21 INFO cinder.api.openstack.wsgi [None req-450dac70-549b-4f66-8d91-d7e48ee1dded 430d3044878a4889a30be28584797ea6 bdb78cc80a524028bdf8da069d864899 - - default default] DELETE http://[LB_IP_ADDRESS]:8776/v3/bdb78cc80a524028bdf8da069d864899/types/c6f8baf5-2af2-4508-be5d-5dacea806d0e
2024-07-20 07:07:45.153 21 INFO cinder.api.openstack.wsgi [None req-450dac70-549b-4f66-8d91-d7e48ee1dded 430d3044878a4889a30be28584797ea6 bdb78cc80a524028bdf8da069d864899 - - default default] http://[LB_IP_ADDRESS]:8776/v3/bdb78cc80a524028bdf8da069d864899/types/c6f8baf5-2af2-4508-be5d-5dacea806d0e returned with HTTP 202
2024-07-20 07:07:45.163 19 WARNING cinder.quota [None req-bb52b5cf-c1b2-4367-b27e-f4f03a34463a f2d31fe8e9e049f28058b95510918803 3d5317f82a1d4d37a466a932794a5199 - - default default] Deprecated: Default quota for resource: snapshots_tempest-GroupSnapshotsTest-volume-type-419734690 is set by the default quota flag: quota_snapshots_tempest-GroupSnapshotsTest-volume-type-419734690, it is now deprecated. Please use the default quota class for default quota.
2024-07-20 07:07:45.167 20 INFO cinder.api.openstack.wsgi [None req-80a2b81e-084f-4837-887d-b3f34c08301c 430d3044878a4889a30be28584797ea6 bdb78cc80a524028bdf8da069d864899 - - default default] GET http://[LB_IP_ADDRESS]:8776/v3/bdb78cc80a524028bdf8da069d864899/types/c6f8baf5-2af2-4508-be5d-5dacea806d0e
2024-07-20 07:07:45.174 20 INFO cinder.api.openstack.wsgi [None req-80a2b81e-084f-4837-887d-b3f34c08301c 430d3044878a4889a30be28584797ea6 bdb78cc80a524028bdf8da069d864899 - - default default] http://[LB_IP_ADDRESS]:8776/v3/bdb78cc80a524028bdf8da069d864899/types/c6f8baf5-2af2-4508-be5d-5dacea806d0e returned with HTTP 404
2024-07-20 07:07:45.186 19 INFO cinder.api.openstack.wsgi [None req-bb52b5cf-c1b2-4367-b27e-f4f03a34463a f2d31fe8e9e049f28058b95510918803 3d5317f82a1d4d37a466a932794a5199 - - default default] http://[LB_IP_ADDRESS]:8776/v3/3d5317f82a1d4d37a466a932794a5199/os-quota-sets/cccdcf1f8016450aac3f4918126119c1 returned with HTTP 200
2024-07-20 07:07:45.194 22 INFO cinder.api.openstack.wsgi [None req-ba0b7d2c-7300-466c-8f15-c23f8a9d7543 430d3044878a4889a30be28584797ea6 bdb78cc80a524028bdf8da069d864899 - - default default] POST http://[LB_IP_ADDRESS]:8776/v3/bdb78cc80a524028bdf8da069d864899/types
2024-07-20 07:07:45.247 22 INFO cinder.api.openstack.wsgi [None req-ba0b7d2c-7300-466c-8f15-c23f8a9d7543 430d3044878a4889a30be28584797ea6 bdb78cc80a524028bdf8da069d864899 - - default default] http://[LB_IP_ADDRESS]:8776/v3/bdb78cc80a524028bdf8da069d864899/types returned with HTTP 200
2024-07-20 07:07:45.267 23 INFO cinder.api.openstack.wsgi [None req-d1ff70f6-c6cb-47d6-a756-660951b39b38 430d3044878a4889a30be28584797ea6 bdb78cc80a524028bdf8da069d864899 - - default default] POST http://[LB_IP_ADDRESS]:8776/v3/bdb78cc80a524028bdf8da069d864899/group_types
2024-07-20 07:07:45.295 23 INFO cinder.api.openstack.wsgi [None req-d1ff70f6-c6cb-47d6-a756-660951b39b38 430d3044878a4889a30be28584797ea6 bdb78cc80a524028bdf8da069d864899 - - default default] http://[LB_IP_ADDRESS]:8776/v3/bdb78cc80a524028bdf8da069d864899/group_types returned with HTTP 202
2024-07-20 07:07:45.312 21 INFO cinder.api.openstack.wsgi [None req-8eb8623b-57fd-47a1-86ca-6a6012b70c48 3bad801f929d47cea4a52c0fdedba532 ba8542b9bb294a2080a4fb0407f7e23a - - default default] POST http://[LB_IP_ADDRESS]:8776/v3/ba8542b9bb294a2080a4fb0407f7e23a/groups
2024-07-20 07:07:45.325 21 INFO cinder.api.v3.groups [None req-8eb8623b-57fd-47a1-86ca-6a6012b70c48 3bad801f929d47cea4a52c0fdedba532 ba8542b9bb294a2080a4fb0407f7e23a - - default default] Creating group tempest-GroupSnapshotsTest-Group-1283820217.
2024-07-20 07:07:45.337 21 INFO cinder.volume.api [None req-8eb8623b-57fd-47a1-86ca-6a6012b70c48 3bad801f929d47cea4a52c0fdedba532 ba8542b9bb294a2080a4fb0407f7e23a - - default default] Availability Zones retrieved successfully.
2024-07-20 07:07:45.410 21 INFO cinder.api.openstack.wsgi [None req-8eb8623b-57fd-47a1-86ca-6a6012b70c48 3bad801f929d47cea4a52c0fdedba532 ba8542b9bb294a2080a4fb0407f7e23a - - default default] http://[LB_IP_ADDRESS]:8776/v3/ba8542b9bb294a2080a4fb0407f7e23a/groups returned with HTTP 202
2024-07-20 07:07:45.425 20 INFO cinder.api.openstack.wsgi [None req-47bc2310-f80f-4ace-971a-5622ddbd6d7a 3bad801f929d47cea4a52c0fdedba532 ba8542b9bb294a2080a4fb0407f7e23a - - default default] GET http://[LB_IP_ADDRESS]:8776/v3/ba8542b9bb294a2080a4fb0407f7e23a/groups/5ccb8feb-c9ce-4c66-a449-b33bde407025
2024-07-20 07:07:45.449 20 INFO cinder.api.openstack.wsgi [None req-47bc2310-f80f-4ace-971a-5622ddbd6d7a 3bad801f929d47cea4a52c0fdedba532 ba8542b9bb294a2080a4fb0407f7e23a - - default default] http://[LB_IP_ADDRESS]:8776/v3/ba8542b9bb294a2080a4fb0407f7e23a/groups/5ccb8feb-c9ce-4c66-a449-b33bde407025 returned with HTTP 200
2024-07-20 07:07:46.472 19 INFO cinder.api.openstack.wsgi [None req-85d78768-bf7d-4d35-85ab-16b9b19b2241 3bad801f929d47cea4a52c0fdedba532 ba8542b9bb294a2080a4fb0407f7e23a - - default default] GET http://[LB_IP_ADDRESS]:8776/v3/ba8542b9bb294a2080a4fb0407f7e23a/groups/5ccb8feb-c9ce-4c66-a449-b33bde407025
2024-07-20 07:07:46.495 19 INFO cinder.api.openstack.wsgi [None req-85d78768-bf7d-4d35-85ab-16b9b19b2241 3bad801f929d47cea4a52c0fdedba532 ba8542b9bb294a2080a4fb0407f7e23a - - default default] http://[LB_IP_ADDRESS]:8776/v3/ba8542b9bb294a2080a4fb0407f7e23a/groups/5ccb8feb-c9ce-4c66-a449-b33bde407025 returned with HTTP 200
2024-07-20 07:07:46.518 22 INFO cinder.api.openstack.wsgi [None req-3ca95cd1-d90f-4b91-a525-5dc20a0b554d 3bad801f929d47cea4a52c0fdedba532 ba8542b9bb294a2080a4fb0407f7e23a - - default default] POST http://[LB_IP_ADDRESS]:8776/v3/ba8542b9bb294a2080a4fb0407f7e23a/volumes
2024-07-20 07:07:46.540 22 INFO cinder.api.v3.volumes [None req-3ca95cd1-d90f-4b91-a525-5dc20a0b554d 3bad801f929d47cea4a52c0fdedba532 ba8542b9bb294a2080a4fb0407f7e23a - - default default] Create volume of 1 GB
2024-07-20 07:07:46.553 22 INFO cinder.volume.api [None req-3ca95cd1-d90f-4b91-a525-5dc20a0b554d 3bad801f929d47cea4a52c0fdedba532 ba8542b9bb294a2080a4fb0407f7e23a - - default default] Availability Zones retrieved successfully.
2024-07-20 07:07:46.665 22 WARNING cinder.quota [None req-3ca95cd1-d90f-4b91-a525-5dc20a0b554d 3bad801f929d47cea4a52c0fdedba532 ba8542b9bb294a2080a4fb0407f7e23a - - default default] Deprecated: Default quota for resource: volumes_tempest-GroupSnapshotsTest-volume-type-931184963 is set by the default quota flag: quota_volumes_tempest-GroupSnapshotsTest-volume-type-931184963, it is now deprecated. Please use the default quota class for default quota.
2024-07-20 07:07:46.666 22 WARNING cinder.quota [None req-3ca95cd1-d90f-4b91-a525-5dc20a0b554d 3bad801f929d47cea4a52c0fdedba532 ba8542b9bb294a2080a4fb0407f7e23a - - default default] Deprecated: Default quota for resource: gigabytes_tempest-GroupSnapshotsTest-volume-type-931184963 is set by the default quota flag: quota_gigabytes_tempest-GroupSnapshotsTest-volume-type-931184963, it is now deprecated. Please use the default quota class for default quota.
2024-07-20 07:07:46.781 22 INFO cinder.volume.api [None req-3ca95cd1-d90f-4b91-a525-5dc20a0b554d 3bad801f929d47cea4a52c0fdedba532 ba8542b9bb294a2080a4fb0407f7e23a - - default default] Create volume request issued successfully.
2024-07-20 07:07:46.801 22 INFO cinder.api.openstack.wsgi [None req-3ca95cd1-d90f-4b91-a525-5dc20a0b554d 3bad801f929d47cea4a52c0fdedba532 ba8542b9bb294a2080a4fb0407f7e23a - - default default] http://[LB_IP_ADDRESS]:8776/v3/ba8542b9bb294a2080a4fb0407f7e23a/volumes returned with HTTP 202
2024-07-20 07:07:46.828 23 INFO cinder.api.openstack.wsgi [None req-5e3bad0a-5da8-4713-a96c-c1cba3dbc492 3bad801f929d47cea4a52c0fdedba532 ba8542b9bb294a2080a4fb0407f7e23a - - default default] GET http://[LB_IP_ADDRESS]:8776/v3/ba8542b9bb294a2080a4fb0407f7e23a/volumes/093761c5-2b1a-455f-864c-54b558a99cba
2024-07-20 07:07:46.854 23 INFO cinder.volume.api [None req-5e3bad0a-5da8-4713-a96c-c1cba3dbc492 3bad801f929d47cea4a52c0fdedba532 ba8542b9bb294a2080a4fb0407f7e23a - - default default] Volume info retrieved successfully.
2024-07-20 07:07:46.883 23 INFO cinder.api.openstack.wsgi [None req-5e3bad0a-5da8-4713-a96c-c1cba3dbc492 3bad801f929d47cea4a52c0fdedba532 ba8542b9bb294a2080a4fb0407f7e23a - - default default] http://[LB_IP_ADDRESS]:8776/v3/ba8542b9bb294a2080a4fb0407f7e23a/volumes/093761c5-2b1a-455f-864c-54b558a99cba returned with HTTP 200
2024-07-20 07:07:47.244 21 INFO cinder.api.openstack.wsgi [None req-aa442d6e-16c7-4fc7-873f-85a5f61dc5c7 012b6ca95c6c480682796959f12a1059 e35da38b408b4f14b0b4d76711971500 - - default default] POST http://[LB_IP_ADDRESS]:8776/v3/e35da38b408b4f14b0b4d76711971500/types
2024-07-20 07:07:47.277 21 INFO cinder.api.openstack.wsgi [None req-aa442d6e-16c7-4fc7-873f-85a5f61dc5c7 012b6ca95c6c480682796959f12a1059 e35da38b408b4f14b0b4d76711971500 - - default default] http://[LB_IP_ADDRESS]:8776/v3/e35da38b408b4f14b0b4d76711971500/types returned with HTTP 200
2024-07-20 07:07:47.492 20 INFO cinder.api.openstack.wsgi [None req-b8ff3f47-901d-4e5e-a4b6-35c6613d71e0 84bc7b7e47f14360b96586049ef9c933 212b2c26f6ce432ebf07d44819585120 - - default default] POST http://[LB_IP_ADDRESS]:8776/v3/212b2c26f6ce432ebf07d44819585120/volumes
2024-07-20 07:07:47.504 20 INFO cinder.api.v3.volumes [None req-b8ff3f47-901d-4e5e-a4b6-35c6613d71e0 84bc7b7e47f14360b96586049ef9c933 212b2c26f6ce432ebf07d44819585120 - - default default] Create volume of 1 GB
