2025-03-05 22:05:08.548 24 INFO cinder.api.openstack.wsgi [None req-97585c18-19cc-47f0-8b5c-3f22d51f59b5 a0751ee13bef4cb197924fd420ecd41d 35f7e3c8724c40fbbdd703089e96d028 - - default default] GET http://[LB_IP_ADDRESS]:8776/v3/35f7e3c8724c40fbbdd703089e96d028/qos-specs/ce201585-f786-4736-b4ac-00f45cca20e5/disassociate?vol_type_id=a96c534e-2d86-4677-99fb-c136dbec08a4
2025-03-05 22:05:08.571 24 INFO cinder.api.openstack.wsgi [None req-97585c18-19cc-47f0-8b5c-3f22d51f59b5 a0751ee13bef4cb197924fd420ecd41d 35f7e3c8724c40fbbdd703089e96d028 - - default default] http://[LB_IP_ADDRESS]:8776/v3/35f7e3c8724c40fbbdd703089e96d028/qos-specs/ce201585-f786-4736-b4ac-00f45cca20e5/disassociate?vol_type_id=a96c534e-2d86-4677-99fb-c136dbec08a4 returned with HTTP 202
2025-03-05 22:05:08.584 25 INFO cinder.api.openstack.wsgi [None req-0241effd-6227-44d0-92a6-3b5b2f848596 a0751ee13bef4cb197924fd420ecd41d 35f7e3c8724c40fbbdd703089e96d028 - - default default] GET http://[LB_IP_ADDRESS]:8776/v3/35f7e3c8724c40fbbdd703089e96d028/qos-specs/ce201585-f786-4736-b4ac-00f45cca20e5/associations
2025-03-05 22:05:08.601 25 INFO cinder.api.openstack.wsgi [None req-0241effd-6227-44d0-92a6-3b5b2f848596 a0751ee13bef4cb197924fd420ecd41d 35f7e3c8724c40fbbdd703089e96d028 - - default default] http://[LB_IP_ADDRESS]:8776/v3/35f7e3c8724c40fbbdd703089e96d028/qos-specs/ce201585-f786-4736-b4ac-00f45cca20e5/associations returned with HTTP 200
2025-03-05 22:05:08.612 23 INFO cinder.api.openstack.wsgi [None req-2899aa1d-407e-4878-8559-1a06246f8a63 a1d9356d45444f8981c6759140419353 e45de1c7be0949579b2208a29f80d544 - - default default] GET http://[LB_IP_ADDRESS]:8776/v3/e45de1c7be0949579b2208a29f80d544/group_snapshots/5e33d179-a238-4fd0-973a-1ab5c8dd48be
2025-03-05 22:05:08.616 21 INFO cinder.api.openstack.wsgi [None req-28db8d49-e46e-410d-b4c8-a1599ab343e5 a0751ee13bef4cb197924fd420ecd41d 35f7e3c8724c40fbbdd703089e96d028 - - default default] GET http://[LB_IP_ADDRESS]:8776/v3/35f7e3c8724c40fbbdd703089e96d028/qos-specs/ce201585-f786-4736-b4ac-00f45cca20e5/disassociate_all
2025-03-05 22:05:08.620 22 INFO cinder.api.openstack.wsgi [None req-d62e7a34-aabd-46e1-a0c9-850d529dec4d 15c7c9fdd6394993a95e48a829637f2b df96dd78489142369fd700594968a112 - - default default] http://[LB_IP_ADDRESS]:8776/v3/df96dd78489142369fd700594968a112/scheduler-stats/get_pools returned with HTTP 200
2025-03-05 22:05:08.629 23 INFO cinder.api.openstack.wsgi [None req-2899aa1d-407e-4878-8559-1a06246f8a63 a1d9356d45444f8981c6759140419353 e45de1c7be0949579b2208a29f80d544 - - default default] http://[LB_IP_ADDRESS]:8776/v3/e45de1c7be0949579b2208a29f80d544/group_snapshots/5e33d179-a238-4fd0-973a-1ab5c8dd48be returned with HTTP 200
2025-03-05 22:05:08.635 24 INFO cinder.api.openstack.wsgi [None req-87baa53a-5c0b-449b-9a3c-905378cfa5cc 15c7c9fdd6394993a95e48a829637f2b df96dd78489142369fd700594968a112 - - default default] GET http://[LB_IP_ADDRESS]:8776/v3/df96dd78489142369fd700594968a112/scheduler-stats/get_pools?detail=True
2025-03-05 22:05:08.636 21 INFO cinder.api.openstack.wsgi [None req-28db8d49-e46e-410d-b4c8-a1599ab343e5 a0751ee13bef4cb197924fd420ecd41d 35f7e3c8724c40fbbdd703089e96d028 - - default default] http://[LB_IP_ADDRESS]:8776/v3/35f7e3c8724c40fbbdd703089e96d028/qos-specs/ce201585-f786-4736-b4ac-00f45cca20e5/disassociate_all returned with HTTP 202
2025-03-05 22:05:08.643 25 INFO cinder.api.openstack.wsgi [None req-ae0c3e1f-be1c-4c56-81c5-048e92a7382e a1d9356d45444f8981c6759140419353 e45de1c7be0949579b2208a29f80d544 - - default default] GET http://[LB_IP_ADDRESS]:8776/v3/e45de1c7be0949579b2208a29f80d544/snapshots/detail
2025-03-05 22:05:08.650 22 INFO cinder.api.openstack.wsgi [None req-213aacb0-afcf-4de6-b893-84540c309664 a0751ee13bef4cb197924fd420ecd41d 35f7e3c8724c40fbbdd703089e96d028 - - default default] GET http://[LB_IP_ADDRESS]:8776/v3/35f7e3c8724c40fbbdd703089e96d028/qos-specs/ce201585-f786-4736-b4ac-00f45cca20e5/associations
2025-03-05 22:05:08.653 25 INFO cinder.volume.api [None req-ae0c3e1f-be1c-4c56-81c5-048e92a7382e a1d9356d45444f8981c6759140419353 e45de1c7be0949579b2208a29f80d544 - - default default] Get all snapshots completed successfully.
2025-03-05 22:05:08.655 25 INFO cinder.api.openstack.wsgi [None req-ae0c3e1f-be1c-4c56-81c5-048e92a7382e a1d9356d45444f8981c6759140419353 e45de1c7be0949579b2208a29f80d544 - - default default] http://[LB_IP_ADDRESS]:8776/v3/e45de1c7be0949579b2208a29f80d544/snapshots/detail returned with HTTP 200
2025-03-05 22:05:08.669 22 INFO cinder.api.openstack.wsgi [None req-213aacb0-afcf-4de6-b893-84540c309664 a0751ee13bef4cb197924fd420ecd41d 35f7e3c8724c40fbbdd703089e96d028 - - default default] http://[LB_IP_ADDRESS]:8776/v3/35f7e3c8724c40fbbdd703089e96d028/qos-specs/ce201585-f786-4736-b4ac-00f45cca20e5/associations returned with HTTP 200
2025-03-05 22:05:08.673 23 INFO cinder.api.openstack.wsgi [None req-64d72708-ee4d-4431-a134-4307eb6024f4 a1d9356d45444f8981c6759140419353 e45de1c7be0949579b2208a29f80d544 - - default default] GET http://[LB_IP_ADDRESS]:8776/v3/e45de1c7be0949579b2208a29f80d544/snapshots/bff9bb5c-c853-48ef-9c03-ff5fccb44b30
2025-03-05 22:05:08.683 21 INFO cinder.api.openstack.wsgi [None req-82875e3d-5b99-4e2e-b608-cdaf722d751f a0751ee13bef4cb197924fd420ecd41d 35f7e3c8724c40fbbdd703089e96d028 - - default default] DELETE http://[LB_IP_ADDRESS]:8776/v3/35f7e3c8724c40fbbdd703089e96d028/types/3fd92d05-04a2-4c28-b275-12b59e26aecf
2025-03-05 22:05:08.688 23 INFO cinder.volume.api [None req-64d72708-ee4d-4431-a134-4307eb6024f4 a1d9356d45444f8981c6759140419353 e45de1c7be0949579b2208a29f80d544 - - default default] Snapshot retrieved successfully.
2025-03-05 22:05:08.690 23 INFO cinder.api.openstack.wsgi [None req-64d72708-ee4d-4431-a134-4307eb6024f4 a1d9356d45444f8981c6759140419353 e45de1c7be0949579b2208a29f80d544 - - default default] http://[LB_IP_ADDRESS]:8776/v3/e45de1c7be0949579b2208a29f80d544/snapshots/bff9bb5c-c853-48ef-9c03-ff5fccb44b30 returned with HTTP 200
2025-03-05 22:05:08.709 25 INFO cinder.api.openstack.wsgi [None req-2782b801-84ee-4d6b-b01a-a14b0ae7a4a1 a1d9356d45444f8981c6759140419353 e45de1c7be0949579b2208a29f80d544 - - default default] GET http://[LB_IP_ADDRESS]:8776/v3/e45de1c7be0949579b2208a29f80d544/snapshots/1ee4e060-ec01-4e7f-a6d9-35b6acd47523
2025-03-05 22:05:08.721 25 INFO cinder.volume.api [None req-2782b801-84ee-4d6b-b01a-a14b0ae7a4a1 a1d9356d45444f8981c6759140419353 e45de1c7be0949579b2208a29f80d544 - - default default] Snapshot retrieved successfully.
2025-03-05 22:05:08.723 25 INFO cinder.api.openstack.wsgi [None req-2782b801-84ee-4d6b-b01a-a14b0ae7a4a1 a1d9356d45444f8981c6759140419353 e45de1c7be0949579b2208a29f80d544 - - default default] http://[LB_IP_ADDRESS]:8776/v3/e45de1c7be0949579b2208a29f80d544/snapshots/1ee4e060-ec01-4e7f-a6d9-35b6acd47523 returned with HTTP 200
2025-03-05 22:05:08.742 21 INFO cinder.api.openstack.wsgi [None req-82875e3d-5b99-4e2e-b608-cdaf722d751f a0751ee13bef4cb197924fd420ecd41d 35f7e3c8724c40fbbdd703089e96d028 - - default default] http://[LB_IP_ADDRESS]:8776/v3/35f7e3c8724c40fbbdd703089e96d028/types/3fd92d05-04a2-4c28-b275-12b59e26aecf returned with HTTP 202
2025-03-05 22:05:08.752 22 INFO cinder.api.openstack.wsgi [None req-53b5bdc5-b13d-4c77-8641-1e900e546468 a1d9356d45444f8981c6759140419353 e45de1c7be0949579b2208a29f80d544 - - default default] DELETE http://[LB_IP_ADDRESS]:8776/v3/e45de1c7be0949579b2208a29f80d544/group_snapshots/5e33d179-a238-4fd0-973a-1ab5c8dd48be
2025-03-05 22:05:08.753 22 INFO cinder.api.v3.group_snapshots [None req-53b5bdc5-b13d-4c77-8641-1e900e546468 a1d9356d45444f8981c6759140419353 e45de1c7be0949579b2208a29f80d544 - - default default] Delete group_snapshot with id: 5e33d179-a238-4fd0-973a-1ab5c8dd48be
2025-03-05 22:05:08.754 23 INFO cinder.api.openstack.wsgi [None req-15593378-2ca2-4eb2-a3ee-44b757b9a99f a0751ee13bef4cb197924fd420ecd41d 35f7e3c8724c40fbbdd703089e96d028 - - default default] GET http://[LB_IP_ADDRESS]:8776/v3/35f7e3c8724c40fbbdd703089e96d028/types/3fd92d05-04a2-4c28-b275-12b59e26aecf
2025-03-05 22:05:08.762 23 INFO cinder.api.openstack.wsgi [None req-15593378-2ca2-4eb2-a3ee-44b757b9a99f a0751ee13bef4cb197924fd420ecd41d 35f7e3c8724c40fbbdd703089e96d028 - - default default] http://[LB_IP_ADDRESS]:8776/v3/35f7e3c8724c40fbbdd703089e96d028/types/3fd92d05-04a2-4c28-b275-12b59e26aecf returned with HTTP 404
2025-03-05 22:05:08.772 25 INFO cinder.api.openstack.wsgi [None req-5f560b4e-6e06-4392-bb4d-b971d90bf03f a0751ee13bef4cb197924fd420ecd41d 35f7e3c8724c40fbbdd703089e96d028 - - default default] DELETE http://[LB_IP_ADDRESS]:8776/v3/35f7e3c8724c40fbbdd703089e96d028/types/72dceb5a-e804-4d6c-a4ba-c590998584f4
2025-03-05 22:05:08.813 22 INFO cinder.api.openstack.wsgi [None req-53b5bdc5-b13d-4c77-8641-1e900e546468 a1d9356d45444f8981c6759140419353 e45de1c7be0949579b2208a29f80d544 - - default default] http://[LB_IP_ADDRESS]:8776/v3/e45de1c7be0949579b2208a29f80d544/group_snapshots/5e33d179-a238-4fd0-973a-1ab5c8dd48be returned with HTTP 202
2025-03-05 22:05:08.825 21 INFO cinder.api.openstack.wsgi [None req-1750c962-2166-436b-8d22-57029bf1cd1c a1d9356d45444f8981c6759140419353 e45de1c7be0949579b2208a29f80d544 - - default default] GET http://[LB_IP_ADDRESS]:8776/v3/e45de1c7be0949579b2208a29f80d544/volumes/detail
2025-03-05 22:05:08.828 25 INFO cinder.api.openstack.wsgi [None req-5f560b4e-6e06-4392-bb4d-b971d90bf03f a0751ee13bef4cb197924fd420ecd41d 35f7e3c8724c40fbbdd703089e96d028 - - default default] http://[LB_IP_ADDRESS]:8776/v3/35f7e3c8724c40fbbdd703089e96d028/types/72dceb5a-e804-4d6c-a4ba-c590998584f4 returned with HTTP 202
2025-03-05 22:05:08.840 23 INFO cinder.api.openstack.wsgi [None req-0586c047-c900-4432-83db-39ac8571fee2 a0751ee13bef4cb197924fd420ecd41d 35f7e3c8724c40fbbdd703089e96d028 - - default default] GET http://[LB_IP_ADDRESS]:8776/v3/35f7e3c8724c40fbbdd703089e96d028/types/72dceb5a-e804-4d6c-a4ba-c590998584f4
2025-03-05 22:05:08.847 21 INFO cinder.volume.api [None req-1750c962-2166-436b-8d22-57029bf1cd1c a1d9356d45444f8981c6759140419353 e45de1c7be0949579b2208a29f80d544 - - default default] Get all volumes completed successfully.
2025-03-05 22:05:08.847 23 INFO cinder.api.openstack.wsgi [None req-0586c047-c900-4432-83db-39ac8571fee2 a0751ee13bef4cb197924fd420ecd41d 35f7e3c8724c40fbbdd703089e96d028 - - default default] http://[LB_IP_ADDRESS]:8776/v3/35f7e3c8724c40fbbdd703089e96d028/types/72dceb5a-e804-4d6c-a4ba-c590998584f4 returned with HTTP 404
2025-03-05 22:05:08.859 22 INFO cinder.api.openstack.wsgi [None req-7bb99ec1-3767-4de1-bbaa-52d8e8bea0da a0751ee13bef4cb197924fd420ecd41d 35f7e3c8724c40fbbdd703089e96d028 - - default default] DELETE http://[LB_IP_ADDRESS]:8776/v3/35f7e3c8724c40fbbdd703089e96d028/types/a96c534e-2d86-4677-99fb-c136dbec08a4
2025-03-05 22:05:08.902 21 INFO cinder.api.openstack.wsgi [None req-1750c962-2166-436b-8d22-57029bf1cd1c a1d9356d45444f8981c6759140419353 e45de1c7be0949579b2208a29f80d544 - - default default] http://[LB_IP_ADDRESS]:8776/v3/e45de1c7be0949579b2208a29f80d544/volumes/detail returned with HTTP 200
2025-03-05 22:05:08.914 22 INFO cinder.api.openstack.wsgi [None req-7bb99ec1-3767-4de1-bbaa-52d8e8bea0da a0751ee13bef4cb197924fd420ecd41d 35f7e3c8724c40fbbdd703089e96d028 - - default default] http://[LB_IP_ADDRESS]:8776/v3/35f7e3c8724c40fbbdd703089e96d028/types/a96c534e-2d86-4677-99fb-c136dbec08a4 returned with HTTP 202
2025-03-05 22:05:08.927 25 INFO cinder.api.openstack.wsgi [None req-86bc3dff-0cbb-40fd-9684-22818ffd2244 a0751ee13bef4cb197924fd420ecd41d 35f7e3c8724c40fbbdd703089e96d028 - - default default] GET http://[LB_IP_ADDRESS]:8776/v3/35f7e3c8724c40fbbdd703089e96d028/types/a96c534e-2d86-4677-99fb-c136dbec08a4
2025-03-05 22:05:08.933 23 INFO cinder.api.openstack.wsgi [None req-7556cb9b-d789-48c3-b5bb-80f3c5852065 a1d9356d45444f8981c6759140419353 e45de1c7be0949579b2208a29f80d544 - - default default] GET http://[LB_IP_ADDRESS]:8776/v3/e45de1c7be0949579b2208a29f80d544/snapshots/detail
2025-03-05 22:05:08.934 25 INFO cinder.api.openstack.wsgi [None req-86bc3dff-0cbb-40fd-9684-22818ffd2244 a0751ee13bef4cb197924fd420ecd41d 35f7e3c8724c40fbbdd703089e96d028 - - default default] http://[LB_IP_ADDRESS]:8776/v3/35f7e3c8724c40fbbdd703089e96d028/types/a96c534e-2d86-4677-99fb-c136dbec08a4 returned with HTTP 404
2025-03-05 22:05:08.945 23 INFO cinder.volume.api [None req-7556cb9b-d789-48c3-b5bb-80f3c5852065 a1d9356d45444f8981c6759140419353 e45de1c7be0949579b2208a29f80d544 - - default default] Get all snapshots completed successfully.
2025-03-05 22:05:08.947 23 INFO cinder.api.openstack.wsgi [None req-7556cb9b-d789-48c3-b5bb-80f3c5852065 a1d9356d45444f8981c6759140419353 e45de1c7be0949579b2208a29f80d544 - - default default] http://[LB_IP_ADDRESS]:8776/v3/e45de1c7be0949579b2208a29f80d544/snapshots/detail returned with HTTP 200
2025-03-05 22:05:08.949 21 INFO cinder.api.openstack.wsgi [None req-fbe5514e-c1af-4173-bcbe-86e6f5e30ada a0751ee13bef4cb197924fd420ecd41d 35f7e3c8724c40fbbdd703089e96d028 - - default default] POST http://[LB_IP_ADDRESS]:8776/v3/35f7e3c8724c40fbbdd703089e96d028/qos-specs
2025-03-05 22:05:08.964 22 INFO cinder.api.openstack.wsgi [None req-c4013d3c-0742-445d-b5c7-f79346f167e9 a1d9356d45444f8981c6759140419353 e45de1c7be0949579b2208a29f80d544 - - default default] GET http://[LB_IP_ADDRESS]:8776/v3/e45de1c7be0949579b2208a29f80d544/snapshots/1ee4e060-ec01-4e7f-a6d9-35b6acd47523
2025-03-05 22:05:08.970 21 INFO cinder.api.openstack.wsgi [None req-fbe5514e-c1af-4173-bcbe-86e6f5e30ada a0751ee13bef4cb197924fd420ecd41d 35f7e3c8724c40fbbdd703089e96d028 - - default default] http://[LB_IP_ADDRESS]:8776/v3/35f7e3c8724c40fbbdd703089e96d028/qos-specs returned with HTTP 200
2025-03-05 22:05:08.977 22 INFO cinder.volume.api [None req-c4013d3c-0742-445d-b5c7-f79346f167e9 a1d9356d45444f8981c6759140419353 e45de1c7be0949579b2208a29f80d544 - - default default] Snapshot retrieved successfully.
2025-03-05 22:05:08.979 22 INFO cinder.api.openstack.wsgi [None req-c4013d3c-0742-445d-b5c7-f79346f167e9 a1d9356d45444f8981c6759140419353 e45de1c7be0949579b2208a29f80d544 - - default default] http://[LB_IP_ADDRESS]:8776/v3/e45de1c7be0949579b2208a29f80d544/snapshots/1ee4e060-ec01-4e7f-a6d9-35b6acd47523 returned with HTTP 200
2025-03-05 22:05:08.986 25 INFO cinder.api.openstack.wsgi [None req-b55df2c0-60f7-4b47-997b-2cfc067c879e a0751ee13bef4cb197924fd420ecd41d 35f7e3c8724c40fbbdd703089e96d028 - - default default] DELETE http://[LB_IP_ADDRESS]:8776/v3/35f7e3c8724c40fbbdd703089e96d028/qos-specs/a049e34f-b317-4cc3-81f6-679901bda9d0?force=False
2025-03-05 22:05:09.015 25 INFO cinder.api.openstack.wsgi [None req-b55df2c0-60f7-4b47-997b-2cfc067c879e a0751ee13bef4cb197924fd420ecd41d 35f7e3c8724c40fbbdd703089e96d028 - - default default] http://[LB_IP_ADDRESS]:8776/v3/35f7e3c8724c40fbbdd703089e96d028/qos-specs/a049e34f-b317-4cc3-81f6-679901bda9d0?force=False returned with HTTP 202
2025-03-05 22:05:09.029 23 INFO cinder.api.openstack.wsgi [None req-f52769f9-e8c7-4434-b8d9-e821ab0ccf35 a0751ee13bef4cb197924fd420ecd41d 35f7e3c8724c40fbbdd703089e96d028 - - default default] GET http://[LB_IP_ADDRESS]:8776/v3/35f7e3c8724c40fbbdd703089e96d028/qos-specs/a049e34f-b317-4cc3-81f6-679901bda9d0
2025-03-05 22:05:09.037 23 INFO cinder.api.openstack.wsgi [None req-f52769f9-e8c7-4434-b8d9-e821ab0ccf35 a0751ee13bef4cb197924fd420ecd41d 35f7e3c8724c40fbbdd703089e96d028 - - default default] http://[LB_IP_ADDRESS]:8776/v3/35f7e3c8724c40fbbdd703089e96d028/qos-specs/a049e34f-b317-4cc3-81f6-679901bda9d0 returned with HTTP 404
2025-03-05 22:05:09.051 21 INFO cinder.api.openstack.wsgi [None req-dd888bb6-2b86-4c4d-9438-59cab047e400 a0751ee13bef4cb197924fd420ecd41d 35f7e3c8724c40fbbdd703089e96d028 - - default default] GET http://[LB_IP_ADDRESS]:8776/v3/35f7e3c8724c40fbbdd703089e96d028/qos-specs
2025-03-05 22:05:09.064 21 INFO cinder.api.openstack.wsgi [None req-dd888bb6-2b86-4c4d-9438-59cab047e400 a0751ee13bef4cb197924fd420ecd41d 35f7e3c8724c40fbbdd703089e96d028 - - default default] http://[LB_IP_ADDRESS]:8776/v3/35f7e3c8724c40fbbdd703089e96d028/qos-specs returned with HTTP 200
2025-03-05 22:05:09.079 22 INFO cinder.api.openstack.wsgi [None req-7fefbdd9-6188-4c3b-8cb4-a9bac5d47185 a0751ee13bef4cb197924fd420ecd41d 35f7e3c8724c40fbbdd703089e96d028 - - default default] DELETE http://[LB_IP_ADDRESS]:8776/v3/35f7e3c8724c40fbbdd703089e96d028/qos-specs/a049e34f-b317-4cc3-81f6-679901bda9d0?force=False
2025-03-05 22:05:09.087 22 INFO cinder.api.openstack.wsgi [None req-7fefbdd9-6188-4c3b-8cb4-a9bac5d47185 a0751ee13bef4cb197924fd420ecd41d 35f7e3c8724c40fbbdd703089e96d028 - - default default] http://[LB_IP_ADDRESS]:8776/v3/35f7e3c8724c40fbbdd703089e96d028/qos-specs/a049e34f-b317-4cc3-81f6-679901bda9d0?force=False returned with HTTP 404
2025-03-05 22:05:09.100 25 INFO cinder.api.openstack.wsgi [None req-49ddafa7-3d30-4633-9242-e532106f01f6 a0751ee13bef4cb197924fd420ecd41d 35f7e3c8724c40fbbdd703089e96d028 - - default default] GET http://[LB_IP_ADDRESS]:8776/v3/35f7e3c8724c40fbbdd703089e96d028/qos-specs/a049e34f-b317-4cc3-81f6-679901bda9d0
2025-03-05 22:05:09.107 25 INFO cinder.api.openstack.wsgi [None req-49ddafa7-3d30-4633-9242-e532106f01f6 a0751ee13bef4cb197924fd420ecd41d 35f7e3c8724c40fbbdd703089e96d028 - - default default] http://[LB_IP_ADDRESS]:8776/v3/35f7e3c8724c40fbbdd703089e96d028/qos-specs/a049e34f-b317-4cc3-81f6-679901bda9d0 returned with HTTP 404
2025-03-05 22:05:09.122 23 INFO cinder.api.openstack.wsgi [None req-1f343d8b-abd8-49ea-b249-95160f63185a a0751ee13bef4cb197924fd420ecd41d 35f7e3c8724c40fbbdd703089e96d028 - - default default] POST http://[LB_IP_ADDRESS]:8776/v3/35f7e3c8724c40fbbdd703089e96d028/qos-specs
2025-03-05 22:05:09.144 24 INFO cinder.api.openstack.wsgi [None req-87baa53a-5c0b-449b-9a3c-905378cfa5cc 15c7c9fdd6394993a95e48a829637f2b df96dd78489142369fd700594968a112 - - default default] http://[LB_IP_ADDRESS]:8776/v3/df96dd78489142369fd700594968a112/scheduler-stats/get_pools?detail=True returned with HTTP 200
2025-03-05 22:05:09.144 23 INFO cinder.api.openstack.wsgi [None req-1f343d8b-abd8-49ea-b249-95160f63185a a0751ee13bef4cb197924fd420ecd41d 35f7e3c8724c40fbbdd703089e96d028 - - default default] http://[LB_IP_ADDRESS]:8776/v3/35f7e3c8724c40fbbdd703089e96d028/qos-specs returned with HTTP 200
2025-03-05 22:05:09.162 21 INFO cinder.api.openstack.wsgi [None req-c6644b67-108b-447d-b803-50b47ece235a a0751ee13bef4cb197924fd420ecd41d 35f7e3c8724c40fbbdd703089e96d028 - - default default] DELETE http://[LB_IP_ADDRESS]:8776/v3/35f7e3c8724c40fbbdd703089e96d028/qos-specs/60a9e296-77a9-463a-b2f1-46ed8a1f906b?force=False
2025-03-05 22:05:09.163 22 INFO cinder.api.openstack.wsgi [None req-56b3a4be-eb56-4a13-8c81-b31a8e16dbb4 15c7c9fdd6394993a95e48a829637f2b df96dd78489142369fd700594968a112 - - default default] GET http://[LB_IP_ADDRESS]:8776/v3/df96dd78489142369fd700594968a112/capabilities/rack11-server76@LIGHTOShwlzto
2025-03-05 22:05:09.192 21 INFO cinder.api.openstack.wsgi [None req-c6644b67-108b-447d-b803-50b47ece235a a0751ee13bef4cb197924fd420ecd41d 35f7e3c8724c40fbbdd703089e96d028 - - default default] http://[LB_IP_ADDRESS]:8776/v3/35f7e3c8724c40fbbdd703089e96d028/qos-specs/60a9e296-77a9-463a-b2f1-46ed8a1f906b?force=False returned with HTTP 202
2025-03-05 22:05:09.205 25 INFO cinder.api.openstack.wsgi [None req-dca3602d-349c-4ced-8c1d-7cbdc1ff1bfc a0751ee13bef4cb197924fd420ecd41d 35f7e3c8724c40fbbdd703089e96d028 - - default default] GET http://[LB_IP_ADDRESS]:8776/v3/35f7e3c8724c40fbbdd703089e96d028/qos-specs/60a9e296-77a9-463a-b2f1-46ed8a1f906b
2025-03-05 22:05:09.214 25 INFO cinder.api.openstack.wsgi [None req-dca3602d-349c-4ced-8c1d-7cbdc1ff1bfc a0751ee13bef4cb197924fd420ecd41d 35f7e3c8724c40fbbdd703089e96d028 - - default default] http://[LB_IP_ADDRESS]:8776/v3/35f7e3c8724c40fbbdd703089e96d028/qos-specs/60a9e296-77a9-463a-b2f1-46ed8a1f906b returned with HTTP 404
2025-03-05 22:05:09.227 23 INFO cinder.api.openstack.wsgi [None req-aa20feb3-5809-42bf-a14b-38cdedfc9652 a0751ee13bef4cb197924fd420ecd41d 35f7e3c8724c40fbbdd703089e96d028 - - default default] GET http://[LB_IP_ADDRESS]:8776/v3/35f7e3c8724c40fbbdd703089e96d028/qos-specs
2025-03-05 22:05:09.242 23 INFO cinder.api.openstack.wsgi [None req-aa20feb3-5809-42bf-a14b-38cdedfc9652 a0751ee13bef4cb197924fd420ecd41d 35f7e3c8724c40fbbdd703089e96d028 - - default default] http://[LB_IP_ADDRESS]:8776/v3/35f7e3c8724c40fbbdd703089e96d028/qos-specs returned with HTTP 200
2025-03-05 22:05:09.258 24 INFO cinder.api.openstack.wsgi [None req-9f8390fa-43d4-4106-9bd7-5812be43f04b a0751ee13bef4cb197924fd420ecd41d 35f7e3c8724c40fbbdd703089e96d028 - - default default] DELETE http://[LB_IP_ADDRESS]:8776/v3/35f7e3c8724c40fbbdd703089e96d028/qos-specs/60a9e296-77a9-463a-b2f1-46ed8a1f906b?force=False
2025-03-05 22:05:09.267 24 INFO cinder.api.openstack.wsgi [None req-9f8390fa-43d4-4106-9bd7-5812be43f04b a0751ee13bef4cb197924fd420ecd41d 35f7e3c8724c40fbbdd703089e96d028 - - default default] http://[LB_IP_ADDRESS]:8776/v3/35f7e3c8724c40fbbdd703089e96d028/qos-specs/60a9e296-77a9-463a-b2f1-46ed8a1f906b?force=False returned with HTTP 404
2025-03-05 22:05:09.281 21 INFO cinder.api.openstack.wsgi [None req-9b789db9-8f9e-4054-9188-8e8a06ff6bd7 a0751ee13bef4cb197924fd420ecd41d 35f7e3c8724c40fbbdd703089e96d028 - - default default] GET http://[LB_IP_ADDRESS]:8776/v3/35f7e3c8724c40fbbdd703089e96d028/qos-specs/60a9e296-77a9-463a-b2f1-46ed8a1f906b
2025-03-05 22:05:09.289 21 INFO cinder.api.openstack.wsgi [None req-9b789db9-8f9e-4054-9188-8e8a06ff6bd7 a0751ee13bef4cb197924fd420ecd41d 35f7e3c8724c40fbbdd703089e96d028 - - default default] http://[LB_IP_ADDRESS]:8776/v3/35f7e3c8724c40fbbdd703089e96d028/qos-specs/60a9e296-77a9-463a-b2f1-46ed8a1f906b returned with HTTP 404
2025-03-05 22:05:09.303 25 INFO cinder.api.openstack.wsgi [None req-61bcb999-fd6e-4672-8637-619b245fd8c3 a0751ee13bef4cb197924fd420ecd41d 35f7e3c8724c40fbbdd703089e96d028 - - default default] POST http://[LB_IP_ADDRESS]:8776/v3/35f7e3c8724c40fbbdd703089e96d028/qos-specs
2025-03-05 22:05:09.322 25 INFO cinder.api.openstack.wsgi [None req-61bcb999-fd6e-4672-8637-619b245fd8c3 a0751ee13bef4cb197924fd420ecd41d 35f7e3c8724c40fbbdd703089e96d028 - - default default] http://[LB_IP_ADDRESS]:8776/v3/35f7e3c8724c40fbbdd703089e96d028/qos-specs returned with HTTP 200
2025-03-05 22:05:09.339 23 INFO cinder.api.openstack.wsgi [None req-1510b44b-ab66-4652-89e0-dcf688d9d36c a0751ee13bef4cb197924fd420ecd41d 35f7e3c8724c40fbbdd703089e96d028 - - default default] DELETE http://[LB_IP_ADDRESS]:8776/v3/35f7e3c8724c40fbbdd703089e96d028/qos-specs/d6ef340e-21a0-4e15-b1ff-18492ee7d09b?force=False
2025-03-05 22:05:09.369 23 INFO cinder.api.openstack.wsgi [None req-1510b44b-ab66-4652-89e0-dcf688d9d36c a0751ee13bef4cb197924fd420ecd41d 35f7e3c8724c40fbbdd703089e96d028 - - default default] http://[LB_IP_ADDRESS]:8776/v3/35f7e3c8724c40fbbdd703089e96d028/qos-specs/d6ef340e-21a0-4e15-b1ff-18492ee7d09b?force=False returned with HTTP 202
2025-03-05 22:05:09.383 24 INFO cinder.api.openstack.wsgi [None req-dc3ba509-e306-4ade-8029-a71f7407652f a0751ee13bef4cb197924fd420ecd41d 35f7e3c8724c40fbbdd703089e96d028 - - default default] GET http://[LB_IP_ADDRESS]:8776/v3/35f7e3c8724c40fbbdd703089e96d028/qos-specs/d6ef340e-21a0-4e15-b1ff-18492ee7d09b
2025-03-05 22:05:09.392 24 INFO cinder.api.openstack.wsgi [None req-dc3ba509-e306-4ade-8029-a71f7407652f a0751ee13bef4cb197924fd420ecd41d 35f7e3c8724c40fbbdd703089e96d028 - - default default] http://[LB_IP_ADDRESS]:8776/v3/35f7e3c8724c40fbbdd703089e96d028/qos-specs/d6ef340e-21a0-4e15-b1ff-18492ee7d09b returned with HTTP 404
2025-03-05 22:05:09.405 21 INFO cinder.api.openstack.wsgi [None req-b5286681-edaf-4fb8-b46a-916e7abd988c a0751ee13bef4cb197924fd420ecd41d 35f7e3c8724c40fbbdd703089e96d028 - - default default] GET http://[LB_IP_ADDRESS]:8776/v3/35f7e3c8724c40fbbdd703089e96d028/qos-specs
2025-03-05 22:05:09.420 21 INFO cinder.api.openstack.wsgi [None req-b5286681-edaf-4fb8-b46a-916e7abd988c a0751ee13bef4cb197924fd420ecd41d 35f7e3c8724c40fbbdd703089e96d028 - - default default] http://[LB_IP_ADDRESS]:8776/v3/35f7e3c8724c40fbbdd703089e96d028/qos-specs returned with HTTP 200
2025-03-05 22:05:09.434 25 INFO cinder.api.openstack.wsgi [None req-592b232d-5090-48a2-a278-0957352de1da a0751ee13bef4cb197924fd420ecd41d 35f7e3c8724c40fbbdd703089e96d028 - - default default] DELETE http://[LB_IP_ADDRESS]:8776/v3/35f7e3c8724c40fbbdd703089e96d028/qos-specs/d6ef340e-21a0-4e15-b1ff-18492ee7d09b?force=False
2025-03-05 22:05:09.442 25 INFO cinder.api.openstack.wsgi [None req-592b232d-5090-48a2-a278-0957352de1da a0751ee13bef4cb197924fd420ecd41d 35f7e3c8724c40fbbdd703089e96d028 - - default default] http://[LB_IP_ADDRESS]:8776/v3/35f7e3c8724c40fbbdd703089e96d028/qos-specs/d6ef340e-21a0-4e15-b1ff-18492ee7d09b?force=False returned with HTTP 404
2025-03-05 22:05:09.456 23 INFO cinder.api.openstack.wsgi [None req-25d5bebe-3cbc-4c5b-bd7e-3d01a2d2f8db a0751ee13bef4cb197924fd420ecd41d 35f7e3c8724c40fbbdd703089e96d028 - - default default] GET http://[LB_IP_ADDRESS]:8776/v3/35f7e3c8724c40fbbdd703089e96d028/qos-specs/d6ef340e-21a0-4e15-b1ff-18492ee7d09b
2025-03-05 22:05:09.464 23 INFO cinder.api.openstack.wsgi [None req-25d5bebe-3cbc-4c5b-bd7e-3d01a2d2f8db a0751ee13bef4cb197924fd420ecd41d 35f7e3c8724c40fbbdd703089e96d028 - - default default] http://[LB_IP_ADDRESS]:8776/v3/35f7e3c8724c40fbbdd703089e96d028/qos-specs/d6ef340e-21a0-4e15-b1ff-18492ee7d09b returned with HTTP 404
2025-03-05 22:05:09.479 24 INFO cinder.api.openstack.wsgi [None req-3f85ae77-612b-4d75-87f3-2b2e6eeaf282 a0751ee13bef4cb197924fd420ecd41d 35f7e3c8724c40fbbdd703089e96d028 - - default default] GET http://[LB_IP_ADDRESS]:8776/v3/35f7e3c8724c40fbbdd703089e96d028/qos-specs/ce201585-f786-4736-b4ac-00f45cca20e5
2025-03-05 22:05:09.490 24 INFO cinder.api.openstack.wsgi [None req-3f85ae77-612b-4d75-87f3-2b2e6eeaf282 a0751ee13bef4cb197924fd420ecd41d 35f7e3c8724c40fbbdd703089e96d028 - - default default] http://[LB_IP_ADDRESS]:8776/v3/35f7e3c8724c40fbbdd703089e96d028/qos-specs/ce201585-f786-4736-b4ac-00f45cca20e5 returned with HTTP 200
2025-03-05 22:05:09.508 21 INFO cinder.api.openstack.wsgi [None req-02a17344-5492-4f7b-b401-b203d4be7d4a a0751ee13bef4cb197924fd420ecd41d 35f7e3c8724c40fbbdd703089e96d028 - - default default] GET http://[LB_IP_ADDRESS]:8776/v3/35f7e3c8724c40fbbdd703089e96d028/qos-specs
2025-03-05 22:05:09.522 21 INFO cinder.api.openstack.wsgi [None req-02a17344-5492-4f7b-b401-b203d4be7d4a a0751ee13bef4cb197924fd420ecd41d 35f7e3c8724c40fbbdd703089e96d028 - - default default] http://[LB_IP_ADDRESS]:8776/v3/35f7e3c8724c40fbbdd703089e96d028/qos-specs returned with HTTP 200
2025-03-05 22:05:09.538 25 INFO cinder.api.openstack.wsgi [None req-5e884b44-0ad5-4143-a0cf-29f17e18f8e4 a0751ee13bef4cb197924fd420ecd41d 35f7e3c8724c40fbbdd703089e96d028 - - default default] PUT http://[LB_IP_ADDRESS]:8776/v3/35f7e3c8724c40fbbdd703089e96d028/qos-specs/ce201585-f786-4736-b4ac-00f45cca20e5
2025-03-05 22:05:09.567 25 INFO cinder.api.openstack.wsgi [None req-5e884b44-0ad5-4143-a0cf-29f17e18f8e4 a0751ee13bef4cb197924fd420ecd41d 35f7e3c8724c40fbbdd703089e96d028 - - default default] http://[LB_IP_ADDRESS]:8776/v3/35f7e3c8724c40fbbdd703089e96d028/qos-specs/ce201585-f786-4736-b4ac-00f45cca20e5 returned with HTTP 200
2025-03-05 22:05:09.582 23 INFO cinder.api.openstack.wsgi [None req-7bb7395d-2c94-436a-8062-494a2cda125b a0751ee13bef4cb197924fd420ecd41d 35f7e3c8724c40fbbdd703089e96d028 - - default default] GET http://[LB_IP_ADDRESS]:8776/v3/35f7e3c8724c40fbbdd703089e96d028/qos-specs/ce201585-f786-4736-b4ac-00f45cca20e5
2025-03-05 22:05:09.592 23 INFO cinder.api.openstack.wsgi [None req-7bb7395d-2c94-436a-8062-494a2cda125b a0751ee13bef4cb197924fd420ecd41d 35f7e3c8724c40fbbdd703089e96d028 - - default default] http://[LB_IP_ADDRESS]:8776/v3/35f7e3c8724c40fbbdd703089e96d028/qos-specs/ce201585-f786-4736-b4ac-00f45cca20e5 returned with HTTP 200
2025-03-05 22:05:09.608 24 INFO cinder.api.openstack.wsgi [None req-0940bfe4-2a49-4556-ae70-7186cf9dbc4f a0751ee13bef4cb197924fd420ecd41d 35f7e3c8724c40fbbdd703089e96d028 - - default default] PUT http://[LB_IP_ADDRESS]:8776/v3/35f7e3c8724c40fbbdd703089e96d028/qos-specs/ce201585-f786-4736-b4ac-00f45cca20e5/delete_keys
2025-03-05 22:05:09.636 24 INFO cinder.api.openstack.wsgi [None req-0940bfe4-2a49-4556-ae70-7186cf9dbc4f a0751ee13bef4cb197924fd420ecd41d 35f7e3c8724c40fbbdd703089e96d028 - - default default] http://[LB_IP_ADDRESS]:8776/v3/35f7e3c8724c40fbbdd703089e96d028/qos-specs/ce201585-f786-4736-b4ac-00f45cca20e5/delete_keys returned with HTTP 202
2025-03-05 22:05:09.649 21 INFO cinder.api.openstack.wsgi [None req-1a89a7b2-8861-4528-ab53-0d8b29017b15 a0751ee13bef4cb197924fd420ecd41d 35f7e3c8724c40fbbdd703089e96d028 - - default default] GET http://[LB_IP_ADDRESS]:8776/v3/35f7e3c8724c40fbbdd703089e96d028/qos-specs/ce201585-f786-4736-b4ac-00f45cca20e5
2025-03-05 22:05:09.659 21 INFO cinder.api.openstack.wsgi [None req-1a89a7b2-8861-4528-ab53-0d8b29017b15 a0751ee13bef4cb197924fd420ecd41d 35f7e3c8724c40fbbdd703089e96d028 - - default default] http://[LB_IP_ADDRESS]:8776/v3/35f7e3c8724c40fbbdd703089e96d028/qos-specs/ce201585-f786-4736-b4ac-00f45cca20e5 returned with HTTP 200
2025-03-05 22:05:09.675 25 INFO cinder.api.openstack.wsgi [None req-7507a832-3f7b-4d41-965a-e0b25f5b7584 a0751ee13bef4cb197924fd420ecd41d 35f7e3c8724c40fbbdd703089e96d028 - - default default] GET http://[LB_IP_ADDRESS]:8776/v3/35f7e3c8724c40fbbdd703089e96d028/qos-specs/ce201585-f786-4736-b4ac-00f45cca20e5
2025-03-05 22:05:09.681 22 INFO cinder.api.openstack.wsgi [None req-56b3a4be-eb56-4a13-8c81-b31a8e16dbb4 15c7c9fdd6394993a95e48a829637f2b df96dd78489142369fd700594968a112 - - default default] http://[LB_IP_ADDRESS]:8776/v3/df96dd78489142369fd700594968a112/capabilities/rack11-server76@LIGHTOShwlzto returned with HTTP 200
2025-03-05 22:05:09.684 25 INFO cinder.api.openstack.wsgi [None req-7507a832-3f7b-4d41-965a-e0b25f5b7584 a0751ee13bef4cb197924fd420ecd41d 35f7e3c8724c40fbbdd703089e96d028 - - default default] http://[LB_IP_ADDRESS]:8776/v3/35f7e3c8724c40fbbdd703089e96d028/qos-specs/ce201585-f786-4736-b4ac-00f45cca20e5 returned with HTTP 200
2025-03-05 22:05:09.701 23 INFO cinder.api.openstack.wsgi [None req-f2123c0b-551a-4408-b57c-18d1068446c3 15c7c9fdd6394993a95e48a829637f2b df96dd78489142369fd700594968a112 - - default default] GET http://[LB_IP_ADDRESS]:8776/v3/df96dd78489142369fd700594968a112/capabilities/rack11-server76@LIGHTOShwlzto
2025-03-05 22:05:09.702 24 INFO cinder.api.openstack.wsgi [None req-c27947c0-fad1-4a9d-a14e-ba11d2039b1b a0751ee13bef4cb197924fd420ecd41d 35f7e3c8724c40fbbdd703089e96d028 - - default default] DELETE http://[LB_IP_ADDRESS]:8776/v3/35f7e3c8724c40fbbdd703089e96d028/qos-specs/ce201585-f786-4736-b4ac-00f45cca20e5?force=False
2025-03-05 22:05:09.732 24 INFO cinder.api.openstack.wsgi [None req-c27947c0-fad1-4a9d-a14e-ba11d2039b1b a0751ee13bef4cb197924fd420ecd41d 35f7e3c8724c40fbbdd703089e96d028 - - default default] http://[LB_IP_ADDRESS]:8776/v3/35f7e3c8724c40fbbdd703089e96d028/qos-specs/ce201585-f786-4736-b4ac-00f45cca20e5?force=False returned with HTTP 202
2025-03-05 22:05:09.745 21 INFO cinder.api.openstack.wsgi [None req-41038d5a-4b9e-4e73-9f71-a62d56ae7646 a0751ee13bef4cb197924fd420ecd41d 35f7e3c8724c40fbbdd703089e96d028 - - default default] GET http://[LB_IP_ADDRESS]:8776/v3/35f7e3c8724c40fbbdd703089e96d028/qos-specs/ce201585-f786-4736-b4ac-00f45cca20e5
2025-03-05 22:05:09.754 21 INFO cinder.api.openstack.wsgi [None req-41038d5a-4b9e-4e73-9f71-a62d56ae7646 a0751ee13bef4cb197924fd420ecd41d 35f7e3c8724c40fbbdd703089e96d028 - - default default] http://[LB_IP_ADDRESS]:8776/v3/35f7e3c8724c40fbbdd703089e96d028/qos-specs/ce201585-f786-4736-b4ac-00f45cca20e5 returned with HTTP 404
2025-03-05 22:05:09.996 22 INFO cinder.api.openstack.wsgi [None req-b0605d77-3087-44a1-8e78-b3baa69eaf05 a1d9356d45444f8981c6759140419353 e45de1c7be0949579b2208a29f80d544 - - default default] GET http://[LB_IP_ADDRESS]:8776/v3/e45de1c7be0949579b2208a29f80d544/snapshots/1ee4e060-ec01-4e7f-a6d9-35b6acd47523
2025-03-05 22:05:10.006 22 INFO cinder.api.openstack.wsgi [None req-b0605d77-3087-44a1-8e78-b3baa69eaf05 a1d9356d45444f8981c6759140419353 e45de1c7be0949579b2208a29f80d544 - - default default] http://[LB_IP_ADDRESS]:8776/v3/e45de1c7be0949579b2208a29f80d544/snapshots/1ee4e060-ec01-4e7f-a6d9-35b6acd47523 returned with HTTP 404
2025-03-05 22:05:10.019 25 INFO cinder.api.openstack.wsgi [None req-71954949-9f1c-420c-b9c1-07ebe48636b8 a1d9356d45444f8981c6759140419353 e45de1c7be0949579b2208a29f80d544 - - default default] GET http://[LB_IP_ADDRESS]:8776/v3/e45de1c7be0949579b2208a29f80d544/snapshots/bff9bb5c-c853-48ef-9c03-ff5fccb44b30
2025-03-05 22:05:10.030 25 INFO cinder.api.openstack.wsgi [None req-71954949-9f1c-420c-b9c1-07ebe48636b8 a1d9356d45444f8981c6759140419353 e45de1c7be0949579b2208a29f80d544 - - default default] http://[LB_IP_ADDRESS]:8776/v3/e45de1c7be0949579b2208a29f80d544/snapshots/bff9bb5c-c853-48ef-9c03-ff5fccb44b30 returned with HTTP 404
2025-03-05 22:05:10.042 24 INFO cinder.api.openstack.wsgi [None req-40556926-6029-44aa-aee8-8a0dea5c6aeb a1d9356d45444f8981c6759140419353 e45de1c7be0949579b2208a29f80d544 - - default default] GET http://[LB_IP_ADDRESS]:8776/v3/e45de1c7be0949579b2208a29f80d544/group_snapshots/5e33d179-a238-4fd0-973a-1ab5c8dd48be
2025-03-05 22:05:10.048 24 INFO cinder.api.openstack.wsgi [None req-40556926-6029-44aa-aee8-8a0dea5c6aeb a1d9356d45444f8981c6759140419353 e45de1c7be0949579b2208a29f80d544 - - default default] http://[LB_IP_ADDRESS]:8776/v3/e45de1c7be0949579b2208a29f80d544/group_snapshots/5e33d179-a238-4fd0-973a-1ab5c8dd48be returned with HTTP 404
2025-03-05 22:05:10.061 21 INFO cinder.api.openstack.wsgi [None req-909c392d-e5cc-4758-8d2c-02ea6fa68a3b a1d9356d45444f8981c6759140419353 e45de1c7be0949579b2208a29f80d544 - - default default] DELETE http://[LB_IP_ADDRESS]:8776/v3/e45de1c7be0949579b2208a29f80d544/group_snapshots/5e33d179-a238-4fd0-973a-1ab5c8dd48be
2025-03-05 22:05:10.062 21 INFO cinder.api.v3.group_snapshots [None req-909c392d-e5cc-4758-8d2c-02ea6fa68a3b a1d9356d45444f8981c6759140419353 e45de1c7be0949579b2208a29f80d544 - - default default] Delete group_snapshot with id: 5e33d179-a238-4fd0-973a-1ab5c8dd48be
2025-03-05 22:05:10.070 21 INFO cinder.api.openstack.wsgi [None req-909c392d-e5cc-4758-8d2c-02ea6fa68a3b a1d9356d45444f8981c6759140419353 e45de1c7be0949579b2208a29f80d544 - - default default] http://[LB_IP_ADDRESS]:8776/v3/e45de1c7be0949579b2208a29f80d544/group_snapshots/5e33d179-a238-4fd0-973a-1ab5c8dd48be returned with HTTP 404
2025-03-05 22:05:10.081 22 INFO cinder.api.openstack.wsgi [None req-a810714b-a304-4095-a776-5d4fa6dfee7d a1d9356d45444f8981c6759140419353 e45de1c7be0949579b2208a29f80d544 - - default default] GET http://[LB_IP_ADDRESS]:8776/v3/e45de1c7be0949579b2208a29f80d544/volumes/detail
2025-03-05 22:05:10.103 22 INFO cinder.volume.api [None req-a810714b-a304-4095-a776-5d4fa6dfee7d a1d9356d45444f8981c6759140419353 e45de1c7be0949579b2208a29f80d544 - - default default] Get all volumes completed successfully.
2025-03-05 22:05:10.159 22 INFO cinder.api.openstack.wsgi [None req-a810714b-a304-4095-a776-5d4fa6dfee7d a1d9356d45444f8981c6759140419353 e45de1c7be0949579b2208a29f80d544 - - default default] http://[LB_IP_ADDRESS]:8776/v3/e45de1c7be0949579b2208a29f80d544/volumes/detail returned with HTTP 200
2025-03-05 22:05:10.190 25 INFO cinder.api.openstack.wsgi [None req-0b7d2ec8-6526-4c63-8a0d-ffb09fffe33b a1d9356d45444f8981c6759140419353 e45de1c7be0949579b2208a29f80d544 - - default default] POST http://[LB_IP_ADDRESS]:8776/v3/e45de1c7be0949579b2208a29f80d544/groups/c5553581-6f54-4072-ad81-d726be11a391/action
2025-03-05 22:05:10.194 25 INFO cinder.api.v3.groups [None req-0b7d2ec8-6526-4c63-8a0d-ffb09fffe33b a1d9356d45444f8981c6759140419353 e45de1c7be0949579b2208a29f80d544 - - default default] Delete group with id: c5553581-6f54-4072-ad81-d726be11a391
2025-03-05 22:05:10.225 23 INFO cinder.api.openstack.wsgi [None req-f2123c0b-551a-4408-b57c-18d1068446c3 15c7c9fdd6394993a95e48a829637f2b df96dd78489142369fd700594968a112 - - default default] http://[LB_IP_ADDRESS]:8776/v3/df96dd78489142369fd700594968a112/capabilities/rack11-server76@LIGHTOShwlzto returned with HTTP 200
2025-03-05 22:05:10.291 25 INFO cinder.api.openstack.wsgi [None req-0b7d2ec8-6526-4c63-8a0d-ffb09fffe33b a1d9356d45444f8981c6759140419353 e45de1c7be0949579b2208a29f80d544 - - default default] http://[LB_IP_ADDRESS]:8776/v3/e45de1c7be0949579b2208a29f80d544/groups/c5553581-6f54-4072-ad81-d726be11a391/action returned with HTTP 202
2025-03-05 22:05:10.304 24 INFO cinder.api.openstack.wsgi [None req-e9effd18-6f86-4335-9333-3779ed6393c1 a1d9356d45444f8981c6759140419353 e45de1c7be0949579b2208a29f80d544 - - default default] GET http://[LB_IP_ADDRESS]:8776/v3/e45de1c7be0949579b2208a29f80d544/volumes/f29bb576-5919-4d8c-a0de-99ed9c8334d2
2025-03-05 22:05:10.331 24 INFO cinder.volume.api [None req-e9effd18-6f86-4335-9333-3779ed6393c1 a1d9356d45444f8981c6759140419353 e45de1c7be0949579b2208a29f80d544 - - default default] Volume info retrieved successfully.
2025-03-05 22:05:10.358 24 INFO cinder.api.openstack.wsgi [None req-e9effd18-6f86-4335-9333-3779ed6393c1 a1d9356d45444f8981c6759140419353 e45de1c7be0949579b2208a29f80d544 - - default default] http://[LB_IP_ADDRESS]:8776/v3/e45de1c7be0949579b2208a29f80d544/volumes/f29bb576-5919-4d8c-a0de-99ed9c8334d2 returned with HTTP 200
2025-03-05 22:05:11.387 21 INFO cinder.api.openstack.wsgi [None req-4505666a-bd55-4316-97f4-a0ebdf51d0b4 a1d9356d45444f8981c6759140419353 e45de1c7be0949579b2208a29f80d544 - - default default] GET http://[LB_IP_ADDRESS]:8776/v3/e45de1c7be0949579b2208a29f80d544/volumes/f29bb576-5919-4d8c-a0de-99ed9c8334d2
2025-03-05 22:05:11.401 21 INFO cinder.api.openstack.wsgi [None req-4505666a-bd55-4316-97f4-a0ebdf51d0b4 a1d9356d45444f8981c6759140419353 e45de1c7be0949579b2208a29f80d544 - - default default] http://[LB_IP_ADDRESS]:8776/v3/e45de1c7be0949579b2208a29f80d544/volumes/f29bb576-5919-4d8c-a0de-99ed9c8334d2 returned with HTTP 404
2025-03-05 22:05:11.413 22 INFO cinder.api.openstack.wsgi [None req-00604b8e-cbc4-41d8-9562-9f768133c736 a1d9356d45444f8981c6759140419353 e45de1c7be0949579b2208a29f80d544 - - default default] GET http://[LB_IP_ADDRESS]:8776/v3/e45de1c7be0949579b2208a29f80d544/volumes/26bc4042-e994-484d-8a1d-814ef47a1280
2025-03-05 22:05:11.427 22 INFO cinder.api.openstack.wsgi [None req-00604b8e-cbc4-41d8-9562-9f768133c736 a1d9356d45444f8981c6759140419353 e45de1c7be0949579b2208a29f80d544 - - default default] http://[LB_IP_ADDRESS]:8776/v3/e45de1c7be0949579b2208a29f80d544/volumes/26bc4042-e994-484d-8a1d-814ef47a1280 returned with HTTP 404
2025-03-05 22:05:11.447 23 INFO cinder.api.openstack.wsgi [None req-270fdd83-e528-4151-8697-a85a1fc9a7d6 a1d9356d45444f8981c6759140419353 e45de1c7be0949579b2208a29f80d544 - - default default] GET http://[LB_IP_ADDRESS]:8776/v3/e45de1c7be0949579b2208a29f80d544/groups/c5553581-6f54-4072-ad81-d726be11a391
2025-03-05 22:05:11.472 23 INFO cinder.api.openstack.wsgi [None req-270fdd83-e528-4151-8697-a85a1fc9a7d6 a1d9356d45444f8981c6759140419353 e45de1c7be0949579b2208a29f80d544 - - default default] http://[LB_IP_ADDRESS]:8776/v3/e45de1c7be0949579b2208a29f80d544/groups/c5553581-6f54-4072-ad81-d726be11a391 returned with HTTP 404
2025-03-05 22:05:11.484 25 INFO cinder.api.openstack.wsgi [None req-e7143316-4bfc-4c5f-8b0e-98fb04e7f060 54ae30b3415d49b9b9b528fc86d4ad96 252264375600420f9d5f958a62fdee72 - - default default] DELETE http://[LB_IP_ADDRESS]:8776/v3/252264375600420f9d5f958a62fdee72/group_types/aa263914-c380-42bc-87a0-38dd517a08f1
2025-03-05 22:05:11.507 25 INFO cinder.api.openstack.wsgi [None req-e7143316-4bfc-4c5f-8b0e-98fb04e7f060 54ae30b3415d49b9b9b528fc86d4ad96 252264375600420f9d5f958a62fdee72 - - default default] http://[LB_IP_ADDRESS]:8776/v3/252264375600420f9d5f958a62fdee72/group_types/aa263914-c380-42bc-87a0-38dd517a08f1 returned with HTTP 202
2025-03-05 22:05:11.520 24 INFO cinder.api.openstack.wsgi [None req-e69a25c0-5efa-4515-b83f-9a487ba93b85 54ae30b3415d49b9b9b528fc86d4ad96 252264375600420f9d5f958a62fdee72 - - default default] DELETE http://[LB_IP_ADDRESS]:8776/v3/252264375600420f9d5f958a62fdee72/types/1df48639-e9b8-4761-9309-32f21db75044
2025-03-05 22:05:11.575 24 INFO cinder.api.openstack.wsgi [None req-e69a25c0-5efa-4515-b83f-9a487ba93b85 54ae30b3415d49b9b9b528fc86d4ad96 252264375600420f9d5f958a62fdee72 - - default default] http://[LB_IP_ADDRESS]:8776/v3/252264375600420f9d5f958a62fdee72/types/1df48639-e9b8-4761-9309-32f21db75044 returned with HTTP 202
2025-03-05 22:05:11.587 21 INFO cinder.api.openstack.wsgi [None req-f0bd7f0d-5785-4894-a505-7c4adb74eabd 54ae30b3415d49b9b9b528fc86d4ad96 252264375600420f9d5f958a62fdee72 - - default default] GET http://[LB_IP_ADDRESS]:8776/v3/252264375600420f9d5f958a62fdee72/types/1df48639-e9b8-4761-9309-32f21db75044
2025-03-05 22:05:11.594 21 INFO cinder.api.openstack.wsgi [None req-f0bd7f0d-5785-4894-a505-7c4adb74eabd 54ae30b3415d49b9b9b528fc86d4ad96 252264375600420f9d5f958a62fdee72 - - default default] http://[LB_IP_ADDRESS]:8776/v3/252264375600420f9d5f958a62fdee72/types/1df48639-e9b8-4761-9309-32f21db75044 returned with HTTP 404
2025-03-05 22:05:11.615 22 INFO cinder.api.openstack.wsgi [None req-c4124df0-51ae-4e4b-a0ae-b8591e0374a9 54ae30b3415d49b9b9b528fc86d4ad96 252264375600420f9d5f958a62fdee72 - - default default] POST http://[LB_IP_ADDRESS]:8776/v3/252264375600420f9d5f958a62fdee72/types
2025-03-05 22:05:11.648 22 INFO cinder.api.openstack.wsgi [None req-c4124df0-51ae-4e4b-a0ae-b8591e0374a9 54ae30b3415d49b9b9b528fc86d4ad96 252264375600420f9d5f958a62fdee72 - - default default] http://[LB_IP_ADDRESS]:8776/v3/252264375600420f9d5f958a62fdee72/types returned with HTTP 200
2025-03-05 22:05:11.663 23 INFO cinder.api.openstack.wsgi [None req-0b9e7160-7cea-46ec-9863-677cb9c0e35a 54ae30b3415d49b9b9b528fc86d4ad96 252264375600420f9d5f958a62fdee72 - - default default] POST http://[LB_IP_ADDRESS]:8776/v3/252264375600420f9d5f958a62fdee72/group_types
2025-03-05 22:05:11.704 23 INFO cinder.api.openstack.wsgi [None req-0b9e7160-7cea-46ec-9863-677cb9c0e35a 54ae30b3415d49b9b9b528fc86d4ad96 252264375600420f9d5f958a62fdee72 - - default default] http://[LB_IP_ADDRESS]:8776/v3/252264375600420f9d5f958a62fdee72/group_types returned with HTTP 202
2025-03-05 22:05:11.718 25 INFO cinder.api.openstack.wsgi [None req-8b39ff72-f892-4902-a9c0-b0a28970a112 a1d9356d45444f8981c6759140419353 e45de1c7be0949579b2208a29f80d544 - - default default] POST http://[LB_IP_ADDRESS]:8776/v3/e45de1c7be0949579b2208a29f80d544/groups
2025-03-05 22:05:11.732 25 INFO cinder.api.v3.groups [None req-8b39ff72-f892-4902-a9c0-b0a28970a112 a1d9356d45444f8981c6759140419353 e45de1c7be0949579b2208a29f80d544 - - default default] Creating group tempest-GroupSnapshotsTest-Group-146370928.
2025-03-05 22:05:11.743 25 INFO cinder.volume.api [None req-8b39ff72-f892-4902-a9c0-b0a28970a112 a1d9356d45444f8981c6759140419353 e45de1c7be0949579b2208a29f80d544 - - default default] Availability Zones retrieved successfully.
2025-03-05 22:05:11.865 25 INFO cinder.api.openstack.wsgi [None req-8b39ff72-f892-4902-a9c0-b0a28970a112 a1d9356d45444f8981c6759140419353 e45de1c7be0949579b2208a29f80d544 - - default default] http://[LB_IP_ADDRESS]:8776/v3/e45de1c7be0949579b2208a29f80d544/groups returned with HTTP 202
2025-03-05 22:05:11.878 24 INFO cinder.api.openstack.wsgi [None req-b9475c2a-1370-4bd4-9bb1-b43d198d5abe a1d9356d45444f8981c6759140419353 e45de1c7be0949579b2208a29f80d544 - - default default] GET http://[LB_IP_ADDRESS]:8776/v3/e45de1c7be0949579b2208a29f80d544/groups/c4f7461f-2856-4e9b-b3ad-383df15524b0
2025-03-05 22:05:11.905 24 INFO cinder.api.openstack.wsgi [None req-b9475c2a-1370-4bd4-9bb1-b43d198d5abe a1d9356d45444f8981c6759140419353 e45de1c7be0949579b2208a29f80d544 - - default default] http://[LB_IP_ADDRESS]:8776/v3/e45de1c7be0949579b2208a29f80d544/groups/c4f7461f-2856-4e9b-b3ad-383df15524b0 returned with HTTP 200
2025-03-05 22:05:12.923 21 INFO cinder.api.openstack.wsgi [None req-7b33f2be-0aa6-45df-acff-b3118f986e94 a1d9356d45444f8981c6759140419353 e45de1c7be0949579b2208a29f80d544 - - default default] GET http://[LB_IP_ADDRESS]:8776/v3/e45de1c7be0949579b2208a29f80d544/groups/c4f7461f-2856-4e9b-b3ad-383df15524b0
2025-03-05 22:05:12.949 21 INFO cinder.api.openstack.wsgi [None req-7b33f2be-0aa6-45df-acff-b3118f986e94 a1d9356d45444f8981c6759140419353 e45de1c7be0949579b2208a29f80d544 - - default default] http://[LB_IP_ADDRESS]:8776/v3/e45de1c7be0949579b2208a29f80d544/groups/c4f7461f-2856-4e9b-b3ad-383df15524b0 returned with HTTP 200
2025-03-05 22:05:12.965 22 INFO cinder.api.openstack.wsgi [None req-ea6d79e0-0109-40eb-8056-a01bca4fd86b a1d9356d45444f8981c6759140419353 e45de1c7be0949579b2208a29f80d544 - - default default] POST http://[LB_IP_ADDRESS]:8776/v3/e45de1c7be0949579b2208a29f80d544/volumes
2025-03-05 22:05:12.983 22 INFO cinder.api.v3.volumes [None req-ea6d79e0-0109-40eb-8056-a01bca4fd86b a1d9356d45444f8981c6759140419353 e45de1c7be0949579b2208a29f80d544 - - default default] Create volume of 1 GB
2025-03-05 22:05:12.993 22 INFO cinder.volume.api [None req-ea6d79e0-0109-40eb-8056-a01bca4fd86b a1d9356d45444f8981c6759140419353 e45de1c7be0949579b2208a29f80d544 - - default default] Availability Zones retrieved successfully.
2025-03-05 22:05:13.211 22 WARNING cinder.quota [None req-ea6d79e0-0109-40eb-8056-a01bca4fd86b a1d9356d45444f8981c6759140419353 e45de1c7be0949579b2208a29f80d544 - - default default] Deprecated: Default quota for resource: volumes_tempest-GroupSnapshotsTest-volume-type-1407745487 is set by the default quota flag: quota_volumes_tempest-GroupSnapshotsTest-volume-type-1407745487, it is now deprecated. Please use the default quota class for default quota.
2025-03-05 22:05:13.212 22 WARNING cinder.quota [None req-ea6d79e0-0109-40eb-8056-a01bca4fd86b a1d9356d45444f8981c6759140419353 e45de1c7be0949579b2208a29f80d544 - - default default] Deprecated: Default quota for resource: gigabytes_tempest-GroupSnapshotsTest-volume-type-1407745487 is set by the default quota flag: quota_gigabytes_tempest-GroupSnapshotsTest-volume-type-1407745487, it is now deprecated. Please use the default quota class for default quota.
2025-03-05 22:05:13.326 22 INFO cinder.volume.api [None req-ea6d79e0-0109-40eb-8056-a01bca4fd86b a1d9356d45444f8981c6759140419353 e45de1c7be0949579b2208a29f80d544 - - default default] Create volume request issued successfully.
2025-03-05 22:05:13.348 22 INFO cinder.api.openstack.wsgi [None req-ea6d79e0-0109-40eb-8056-a01bca4fd86b a1d9356d45444f8981c6759140419353 e45de1c7be0949579b2208a29f80d544 - - default default] http://[LB_IP_ADDRESS]:8776/v3/e45de1c7be0949579b2208a29f80d544/volumes returned with HTTP 202
2025-03-05 22:05:13.374 23 INFO cinder.api.openstack.wsgi [None req-e573fcb4-55cf-4cf3-a957-a60b7acacbcb a1d9356d45444f8981c6759140419353 e45de1c7be0949579b2208a29f80d544 - - default default] GET http://[LB_IP_ADDRESS]:8776/v3/e45de1c7be0949579b2208a29f80d544/volumes/6d74e4bf-4bc6-4003-9e88-5b79125b0157
2025-03-05 22:05:13.406 23 INFO cinder.volume.api [None req-e573fcb4-55cf-4cf3-a957-a60b7acacbcb a1d9356d45444f8981c6759140419353 e45de1c7be0949579b2208a29f80d544 - - default default] Volume info retrieved successfully.
2025-03-05 22:05:13.443 23 INFO cinder.api.openstack.wsgi [None req-e573fcb4-55cf-4cf3-a957-a60b7acacbcb a1d9356d45444f8981c6759140419353 e45de1c7be0949579b2208a29f80d544 - - default default] http://[LB_IP_ADDRESS]:8776/v3/e45de1c7be0949579b2208a29f80d544/volumes/6d74e4bf-4bc6-4003-9e88-5b79125b0157 returned with HTTP 200
2025-03-05 22:05:14.470 25 INFO cinder.api.openstack.wsgi [None req-119635bc-4340-49da-a470-b1013702447a a1d9356d45444f8981c6759140419353 e45de1c7be0949579b2208a29f80d544 - - default default] GET http://[LB_IP_ADDRESS]:8776/v3/e45de1c7be0949579b2208a29f80d544/volumes/6d74e4bf-4bc6-4003-9e88-5b79125b0157
2025-03-05 22:05:14.495 25 INFO cinder.volume.api [None req-119635bc-4340-49da-a470-b1013702447a a1d9356d45444f8981c6759140419353 e45de1c7be0949579b2208a29f80d544 - - default default] Volume info retrieved successfully.
2025-03-05 22:05:14.524 25 INFO cinder.api.openstack.wsgi [None req-119635bc-4340-49da-a470-b1013702447a a1d9356d45444f8981c6759140419353 e45de1c7be0949579b2208a29f80d544 - - default default] http://[LB_IP_ADDRESS]:8776/v3/e45de1c7be0949579b2208a29f80d544/volumes/6d74e4bf-4bc6-4003-9e88-5b79125b0157 returned with HTTP 200
2025-03-05 22:05:15.553 21 INFO cinder.api.openstack.wsgi [None req-57d0002d-537d-4f28-96e4-c21c40bc7f7f a1d9356d45444f8981c6759140419353 e45de1c7be0949579b2208a29f80d544 - - default default] GET http://[LB_IP_ADDRESS]:8776/v3/e45de1c7be0949579b2208a29f80d544/volumes/6d74e4bf-4bc6-4003-9e88-5b79125b0157
2025-03-05 22:05:15.579 21 INFO cinder.volume.api [None req-57d0002d-537d-4f28-96e4-c21c40bc7f7f a1d9356d45444f8981c6759140419353 e45de1c7be0949579b2208a29f80d544 - - default default] Volume info retrieved successfully.
2025-03-05 22:05:15.610 21 INFO cinder.api.openstack.wsgi [None req-57d0002d-537d-4f28-96e4-c21c40bc7f7f a1d9356d45444f8981c6759140419353 e45de1c7be0949579b2208a29f80d544 - - default default] http://[LB_IP_ADDRESS]:8776/v3/e45de1c7be0949579b2208a29f80d544/volumes/6d74e4bf-4bc6-4003-9e88-5b79125b0157 returned with HTTP 200
2025-03-05 22:05:15.639 22 INFO cinder.api.openstack.wsgi [None req-074ad46b-5530-41e0-9f73-1cf00c482125 a1d9356d45444f8981c6759140419353 e45de1c7be0949579b2208a29f80d544 - - default default] POST http://[LB_IP_ADDRESS]:8776/v3/e45de1c7be0949579b2208a29f80d544/group_snapshots
2025-03-05 22:05:15.660 22 INFO cinder.api.v3.group_snapshots [None req-074ad46b-5530-41e0-9f73-1cf00c482125 a1d9356d45444f8981c6759140419353 e45de1c7be0949579b2208a29f80d544 - - default default] Creating group_snapshot tempest-group_snapshot-1045086686.
2025-03-05 22:05:15.699 24 INFO cinder.api.openstack.wsgi [None req-3eb5eb59-3afc-456b-88ff-999f807f8d24 5a7ed8d9158b4121af25c307d384a3eb 209fa139e8f945f59308202a6aeef6d8 - - default default] POST http://[LB_IP_ADDRESS]:8776/v3/209fa139e8f945f59308202a6aeef6d8/types
