2026-04-27 15:14:37.523 74 INFO cinder.api.v3.group_snapshots [None req-14184ec9-ec93-43a2-a998-3cddba7393dc 8c64655136cd40a691c4bd4e6869285b 049b36ea50bc4c398532057d5bc0a511 - - default default] Delete group_snapshot with id: 026cee5c-9f21-4d40-b5a8-7195f2a3d3e5
2026-04-27 15:14:37.533 73 INFO cinder.api.openstack.wsgi [None req-b92cc300-4884-4951-809d-2a9900c6ff42 2999179f51934ea9b41fd8d931d88641 686a3e372d274ea89b30299e05ce4562 - - default default] GET http://[LB_IP_ADDRESS]:8776/v3/686a3e372d274ea89b30299e05ce4562/snapshots/850a96b8-d30a-4a30-8f80-34d953cd7579
2026-04-27 15:14:37.544 73 INFO cinder.volume.api [None req-b92cc300-4884-4951-809d-2a9900c6ff42 2999179f51934ea9b41fd8d931d88641 686a3e372d274ea89b30299e05ce4562 - - default default] Snapshot retrieved successfully.
2026-04-27 15:14:37.546 73 INFO cinder.api.openstack.wsgi [None req-b92cc300-4884-4951-809d-2a9900c6ff42 2999179f51934ea9b41fd8d931d88641 686a3e372d274ea89b30299e05ce4562 - - default default] http://[LB_IP_ADDRESS]:8776/v3/686a3e372d274ea89b30299e05ce4562/snapshots/850a96b8-d30a-4a30-8f80-34d953cd7579 returned with HTTP 200
2026-04-27 15:14:37.578 74 INFO cinder.api.openstack.wsgi [None req-14184ec9-ec93-43a2-a998-3cddba7393dc 8c64655136cd40a691c4bd4e6869285b 049b36ea50bc4c398532057d5bc0a511 - - default default] http://[LB_IP_ADDRESS]:8776/v3/049b36ea50bc4c398532057d5bc0a511/group_snapshots/026cee5c-9f21-4d40-b5a8-7195f2a3d3e5 returned with HTTP 202
2026-04-27 15:14:37.591 72 INFO cinder.api.openstack.wsgi [None req-51480855-5f3b-4a55-a3f6-211750552592 8c64655136cd40a691c4bd4e6869285b 049b36ea50bc4c398532057d5bc0a511 - - default default] GET http://[LB_IP_ADDRESS]:8776/v3/049b36ea50bc4c398532057d5bc0a511/volumes/detail
2026-04-27 15:14:37.608 72 INFO cinder.volume.api [None req-51480855-5f3b-4a55-a3f6-211750552592 8c64655136cd40a691c4bd4e6869285b 049b36ea50bc4c398532057d5bc0a511 - - default default] Get all volumes completed successfully.
2026-04-27 15:14:37.654 72 INFO cinder.api.openstack.wsgi [None req-51480855-5f3b-4a55-a3f6-211750552592 8c64655136cd40a691c4bd4e6869285b 049b36ea50bc4c398532057d5bc0a511 - - default default] http://[LB_IP_ADDRESS]:8776/v3/049b36ea50bc4c398532057d5bc0a511/volumes/detail returned with HTTP 200
2026-04-27 15:14:37.677 75 INFO cinder.api.openstack.wsgi [None req-3d208863-6fb6-4c79-98f8-46a65eb4d057 8c64655136cd40a691c4bd4e6869285b 049b36ea50bc4c398532057d5bc0a511 - - default default] GET http://[LB_IP_ADDRESS]:8776/v3/049b36ea50bc4c398532057d5bc0a511/snapshots/detail
2026-04-27 15:14:37.688 75 INFO cinder.volume.api [None req-3d208863-6fb6-4c79-98f8-46a65eb4d057 8c64655136cd40a691c4bd4e6869285b 049b36ea50bc4c398532057d5bc0a511 - - default default] Get all snapshots completed successfully.
2026-04-27 15:14:37.691 75 INFO cinder.api.openstack.wsgi [None req-3d208863-6fb6-4c79-98f8-46a65eb4d057 8c64655136cd40a691c4bd4e6869285b 049b36ea50bc4c398532057d5bc0a511 - - default default] http://[LB_IP_ADDRESS]:8776/v3/049b36ea50bc4c398532057d5bc0a511/snapshots/detail returned with HTTP 200
2026-04-27 15:14:37.711 76 INFO cinder.api.openstack.wsgi [None req-15c33b83-c862-49e7-ab4e-0b93ecd20c56 8c64655136cd40a691c4bd4e6869285b 049b36ea50bc4c398532057d5bc0a511 - - default default] GET http://[LB_IP_ADDRESS]:8776/v3/049b36ea50bc4c398532057d5bc0a511/snapshots/9a201761-b51d-4084-ad92-27285a57776f
2026-04-27 15:14:37.722 76 INFO cinder.volume.api [None req-15c33b83-c862-49e7-ab4e-0b93ecd20c56 8c64655136cd40a691c4bd4e6869285b 049b36ea50bc4c398532057d5bc0a511 - - default default] Snapshot retrieved successfully.
2026-04-27 15:14:37.724 76 INFO cinder.api.openstack.wsgi [None req-15c33b83-c862-49e7-ab4e-0b93ecd20c56 8c64655136cd40a691c4bd4e6869285b 049b36ea50bc4c398532057d5bc0a511 - - default default] http://[LB_IP_ADDRESS]:8776/v3/049b36ea50bc4c398532057d5bc0a511/snapshots/9a201761-b51d-4084-ad92-27285a57776f returned with HTTP 200
2026-04-27 15:14:37.895 73 INFO cinder.api.openstack.wsgi [None req-f07cb99b-b036-4e6b-bec3-cb41327d162f cbed57086eee438d84df6a99a8c5110d fc10cb3225df47f3916334993ef358bf - - default default] GET http://[LB_IP_ADDRESS]:8776/v3/fc10cb3225df47f3916334993ef358bf/groups/5d34d1c2-4b8e-45b8-a450-6b73ba81922d
2026-04-27 15:14:37.917 73 INFO cinder.api.openstack.wsgi [None req-f07cb99b-b036-4e6b-bec3-cb41327d162f cbed57086eee438d84df6a99a8c5110d fc10cb3225df47f3916334993ef358bf - - default default] http://[LB_IP_ADDRESS]:8776/v3/fc10cb3225df47f3916334993ef358bf/groups/5d34d1c2-4b8e-45b8-a450-6b73ba81922d returned with HTTP 200
2026-04-27 15:14:37.935 74 INFO cinder.api.openstack.wsgi [None req-5cd1395d-6447-47c1-8e74-d39e96acd35d 63fdcedd4e5742dba497a5adb26850b9 be05da61b939494a9d273ff870d414b6 - - default default] POST http://[LB_IP_ADDRESS]:8776/v3/be05da61b939494a9d273ff870d414b6/groups/5d34d1c2-4b8e-45b8-a450-6b73ba81922d/action
2026-04-27 15:14:37.954 74 INFO cinder.api.openstack.wsgi [None req-5cd1395d-6447-47c1-8e74-d39e96acd35d 63fdcedd4e5742dba497a5adb26850b9 be05da61b939494a9d273ff870d414b6 - - default default] http://[LB_IP_ADDRESS]:8776/v3/be05da61b939494a9d273ff870d414b6/groups/5d34d1c2-4b8e-45b8-a450-6b73ba81922d/action returned with HTTP 202
2026-04-27 15:14:37.967 72 INFO cinder.api.openstack.wsgi [None req-855fe693-3224-4d36-92c4-2ea1a95c5075 cbed57086eee438d84df6a99a8c5110d fc10cb3225df47f3916334993ef358bf - - default default] GET http://[LB_IP_ADDRESS]:8776/v3/fc10cb3225df47f3916334993ef358bf/groups/5d34d1c2-4b8e-45b8-a450-6b73ba81922d
2026-04-27 15:14:37.989 72 INFO cinder.api.openstack.wsgi [None req-855fe693-3224-4d36-92c4-2ea1a95c5075 cbed57086eee438d84df6a99a8c5110d fc10cb3225df47f3916334993ef358bf - - default default] http://[LB_IP_ADDRESS]:8776/v3/fc10cb3225df47f3916334993ef358bf/groups/5d34d1c2-4b8e-45b8-a450-6b73ba81922d returned with HTTP 200
2026-04-27 15:14:38.006 75 INFO cinder.api.openstack.wsgi [None req-9cbdce1d-f38d-41e9-a6d7-21a2c463cbcc 63fdcedd4e5742dba497a5adb26850b9 be05da61b939494a9d273ff870d414b6 - - default default] POST http://[LB_IP_ADDRESS]:8776/v3/be05da61b939494a9d273ff870d414b6/groups/5d34d1c2-4b8e-45b8-a450-6b73ba81922d/action
2026-04-27 15:14:38.025 75 INFO cinder.api.openstack.wsgi [None req-9cbdce1d-f38d-41e9-a6d7-21a2c463cbcc 63fdcedd4e5742dba497a5adb26850b9 be05da61b939494a9d273ff870d414b6 - - default default] http://[LB_IP_ADDRESS]:8776/v3/be05da61b939494a9d273ff870d414b6/groups/5d34d1c2-4b8e-45b8-a450-6b73ba81922d/action returned with HTTP 202
2026-04-27 15:14:38.037 76 INFO cinder.api.openstack.wsgi [None req-b3eb6463-7133-4848-a9bc-cfd1e34cfda6 cbed57086eee438d84df6a99a8c5110d fc10cb3225df47f3916334993ef358bf - - default default] GET http://[LB_IP_ADDRESS]:8776/v3/fc10cb3225df47f3916334993ef358bf/groups/5d34d1c2-4b8e-45b8-a450-6b73ba81922d
2026-04-27 15:14:38.059 76 INFO cinder.api.openstack.wsgi [None req-b3eb6463-7133-4848-a9bc-cfd1e34cfda6 cbed57086eee438d84df6a99a8c5110d fc10cb3225df47f3916334993ef358bf - - default default] http://[LB_IP_ADDRESS]:8776/v3/fc10cb3225df47f3916334993ef358bf/groups/5d34d1c2-4b8e-45b8-a450-6b73ba81922d returned with HTTP 200
2026-04-27 15:14:38.077 73 INFO cinder.api.openstack.wsgi [None req-0201b187-b2d0-4842-9414-7f8064aaa8da 63fdcedd4e5742dba497a5adb26850b9 be05da61b939494a9d273ff870d414b6 - - default default] POST http://[LB_IP_ADDRESS]:8776/v3/be05da61b939494a9d273ff870d414b6/groups/5d34d1c2-4b8e-45b8-a450-6b73ba81922d/action
2026-04-27 15:14:38.096 73 INFO cinder.api.openstack.wsgi [None req-0201b187-b2d0-4842-9414-7f8064aaa8da 63fdcedd4e5742dba497a5adb26850b9 be05da61b939494a9d273ff870d414b6 - - default default] http://[LB_IP_ADDRESS]:8776/v3/be05da61b939494a9d273ff870d414b6/groups/5d34d1c2-4b8e-45b8-a450-6b73ba81922d/action returned with HTTP 202
2026-04-27 15:14:38.109 74 INFO cinder.api.openstack.wsgi [None req-dc39e72e-79dc-4b78-954e-8de7580bff73 cbed57086eee438d84df6a99a8c5110d fc10cb3225df47f3916334993ef358bf - - default default] GET http://[LB_IP_ADDRESS]:8776/v3/fc10cb3225df47f3916334993ef358bf/groups/5d34d1c2-4b8e-45b8-a450-6b73ba81922d
2026-04-27 15:14:38.131 74 INFO cinder.api.openstack.wsgi [None req-dc39e72e-79dc-4b78-954e-8de7580bff73 cbed57086eee438d84df6a99a8c5110d fc10cb3225df47f3916334993ef358bf - - default default] http://[LB_IP_ADDRESS]:8776/v3/fc10cb3225df47f3916334993ef358bf/groups/5d34d1c2-4b8e-45b8-a450-6b73ba81922d returned with HTTP 200
2026-04-27 15:14:38.149 72 INFO cinder.api.openstack.wsgi [None req-851787c8-7f33-47fb-b5df-2b63198a75dc 63fdcedd4e5742dba497a5adb26850b9 be05da61b939494a9d273ff870d414b6 - - default default] POST http://[LB_IP_ADDRESS]:8776/v3/be05da61b939494a9d273ff870d414b6/groups/5d34d1c2-4b8e-45b8-a450-6b73ba81922d/action
2026-04-27 15:14:38.168 72 INFO cinder.api.openstack.wsgi [None req-851787c8-7f33-47fb-b5df-2b63198a75dc 63fdcedd4e5742dba497a5adb26850b9 be05da61b939494a9d273ff870d414b6 - - default default] http://[LB_IP_ADDRESS]:8776/v3/be05da61b939494a9d273ff870d414b6/groups/5d34d1c2-4b8e-45b8-a450-6b73ba81922d/action returned with HTTP 202
2026-04-27 15:14:38.180 75 INFO cinder.api.openstack.wsgi [None req-38df226b-7d60-4ef2-82ae-1f4b3413687e cbed57086eee438d84df6a99a8c5110d fc10cb3225df47f3916334993ef358bf - - default default] GET http://[LB_IP_ADDRESS]:8776/v3/fc10cb3225df47f3916334993ef358bf/groups/5d34d1c2-4b8e-45b8-a450-6b73ba81922d
2026-04-27 15:14:38.203 75 INFO cinder.api.openstack.wsgi [None req-38df226b-7d60-4ef2-82ae-1f4b3413687e cbed57086eee438d84df6a99a8c5110d fc10cb3225df47f3916334993ef358bf - - default default] http://[LB_IP_ADDRESS]:8776/v3/fc10cb3225df47f3916334993ef358bf/groups/5d34d1c2-4b8e-45b8-a450-6b73ba81922d returned with HTTP 200
2026-04-27 15:14:38.219 76 INFO cinder.api.openstack.wsgi [None req-776e30b1-a5c9-4288-a8a1-7784ae8aa29a cbed57086eee438d84df6a99a8c5110d fc10cb3225df47f3916334993ef358bf - - default default] GET http://[LB_IP_ADDRESS]:8776/v3/fc10cb3225df47f3916334993ef358bf/volumes/detail
2026-04-27 15:14:38.234 76 INFO cinder.volume.api [None req-776e30b1-a5c9-4288-a8a1-7784ae8aa29a cbed57086eee438d84df6a99a8c5110d fc10cb3225df47f3916334993ef358bf - - default default] Get all volumes completed successfully.
2026-04-27 15:14:38.239 76 INFO cinder.api.openstack.wsgi [None req-776e30b1-a5c9-4288-a8a1-7784ae8aa29a cbed57086eee438d84df6a99a8c5110d fc10cb3225df47f3916334993ef358bf - - default default] http://[LB_IP_ADDRESS]:8776/v3/fc10cb3225df47f3916334993ef358bf/volumes/detail returned with HTTP 200
2026-04-27 15:14:38.261 73 INFO cinder.api.openstack.wsgi [None req-74ca2d80-a84e-41db-8037-e6133af874d9 cbed57086eee438d84df6a99a8c5110d fc10cb3225df47f3916334993ef358bf - - default default] POST http://[LB_IP_ADDRESS]:8776/v3/fc10cb3225df47f3916334993ef358bf/groups/5d34d1c2-4b8e-45b8-a450-6b73ba81922d/action
2026-04-27 15:14:38.266 73 INFO cinder.api.v3.groups [None req-74ca2d80-a84e-41db-8037-e6133af874d9 cbed57086eee438d84df6a99a8c5110d fc10cb3225df47f3916334993ef358bf - - default default] Delete group with id: 5d34d1c2-4b8e-45b8-a450-6b73ba81922d
2026-04-27 15:14:38.315 73 INFO cinder.api.openstack.wsgi [None req-74ca2d80-a84e-41db-8037-e6133af874d9 cbed57086eee438d84df6a99a8c5110d fc10cb3225df47f3916334993ef358bf - - default default] http://[LB_IP_ADDRESS]:8776/v3/fc10cb3225df47f3916334993ef358bf/groups/5d34d1c2-4b8e-45b8-a450-6b73ba81922d/action returned with HTTP 202
2026-04-27 15:14:38.328 74 INFO cinder.api.openstack.wsgi [None req-64499f0e-7faf-490d-9d9a-81fab3bf481f cbed57086eee438d84df6a99a8c5110d fc10cb3225df47f3916334993ef358bf - - default default] GET http://[LB_IP_ADDRESS]:8776/v3/fc10cb3225df47f3916334993ef358bf/groups/5d34d1c2-4b8e-45b8-a450-6b73ba81922d
2026-04-27 15:14:38.350 74 INFO cinder.api.openstack.wsgi [None req-64499f0e-7faf-490d-9d9a-81fab3bf481f cbed57086eee438d84df6a99a8c5110d fc10cb3225df47f3916334993ef358bf - - default default] http://[LB_IP_ADDRESS]:8776/v3/fc10cb3225df47f3916334993ef358bf/groups/5d34d1c2-4b8e-45b8-a450-6b73ba81922d returned with HTTP 200
2026-04-27 15:14:38.563 72 INFO cinder.api.openstack.wsgi [None req-b8a238bf-b9a3-4e48-b973-d2bfcd1c5fc6 2999179f51934ea9b41fd8d931d88641 686a3e372d274ea89b30299e05ce4562 - - default default] GET http://[LB_IP_ADDRESS]:8776/v3/686a3e372d274ea89b30299e05ce4562/snapshots/850a96b8-d30a-4a30-8f80-34d953cd7579
2026-04-27 15:14:38.575 72 INFO cinder.volume.api [None req-b8a238bf-b9a3-4e48-b973-d2bfcd1c5fc6 2999179f51934ea9b41fd8d931d88641 686a3e372d274ea89b30299e05ce4562 - - default default] Snapshot retrieved successfully.
2026-04-27 15:14:38.577 72 INFO cinder.api.openstack.wsgi [None req-b8a238bf-b9a3-4e48-b973-d2bfcd1c5fc6 2999179f51934ea9b41fd8d931d88641 686a3e372d274ea89b30299e05ce4562 - - default default] http://[LB_IP_ADDRESS]:8776/v3/686a3e372d274ea89b30299e05ce4562/snapshots/850a96b8-d30a-4a30-8f80-34d953cd7579 returned with HTTP 200
2026-04-27 15:14:38.594 75 INFO cinder.api.openstack.wsgi [None req-4760d5f3-c14e-4959-b868-eee8d177651e 4222f66c701e4ce79319e6ab58b32a75 6857a66f42d74ed9b15a3e2921a9f941 - - default default] POST http://[LB_IP_ADDRESS]:8776/v3/6857a66f42d74ed9b15a3e2921a9f941/snapshots/850a96b8-d30a-4a30-8f80-34d953cd7579/action
2026-04-27 15:14:38.632 75 INFO cinder.api.openstack.wsgi [None req-4760d5f3-c14e-4959-b868-eee8d177651e 4222f66c701e4ce79319e6ab58b32a75 6857a66f42d74ed9b15a3e2921a9f941 - - default default] http://[LB_IP_ADDRESS]:8776/v3/6857a66f42d74ed9b15a3e2921a9f941/snapshots/850a96b8-d30a-4a30-8f80-34d953cd7579/action returned with HTTP 202
2026-04-27 15:14:38.645 76 INFO cinder.api.openstack.wsgi [None req-174cfbb2-0aab-4064-8633-87ce4f811789 2999179f51934ea9b41fd8d931d88641 686a3e372d274ea89b30299e05ce4562 - - default default] GET http://[LB_IP_ADDRESS]:8776/v3/686a3e372d274ea89b30299e05ce4562/snapshots/850a96b8-d30a-4a30-8f80-34d953cd7579
2026-04-27 15:14:38.656 76 INFO cinder.volume.api [None req-174cfbb2-0aab-4064-8633-87ce4f811789 2999179f51934ea9b41fd8d931d88641 686a3e372d274ea89b30299e05ce4562 - - default default] Snapshot retrieved successfully.
2026-04-27 15:14:38.658 76 INFO cinder.api.openstack.wsgi [None req-174cfbb2-0aab-4064-8633-87ce4f811789 2999179f51934ea9b41fd8d931d88641 686a3e372d274ea89b30299e05ce4562 - - default default] http://[LB_IP_ADDRESS]:8776/v3/686a3e372d274ea89b30299e05ce4562/snapshots/850a96b8-d30a-4a30-8f80-34d953cd7579 returned with HTTP 200
2026-04-27 15:14:38.675 73 INFO cinder.api.openstack.wsgi [None req-a0a792bd-d597-4e8e-be90-cce432c6c2aa 4222f66c701e4ce79319e6ab58b32a75 6857a66f42d74ed9b15a3e2921a9f941 - - default default] POST http://[LB_IP_ADDRESS]:8776/v3/6857a66f42d74ed9b15a3e2921a9f941/snapshots/850a96b8-d30a-4a30-8f80-34d953cd7579/action
2026-04-27 15:14:38.686 73 INFO cinder.volume.api [None req-a0a792bd-d597-4e8e-be90-cce432c6c2aa 4222f66c701e4ce79319e6ab58b32a75 6857a66f42d74ed9b15a3e2921a9f941 - - default default] Snapshot retrieved successfully.
2026-04-27 15:14:38.720 73 INFO cinder.volume.api [None req-a0a792bd-d597-4e8e-be90-cce432c6c2aa 4222f66c701e4ce79319e6ab58b32a75 6857a66f42d74ed9b15a3e2921a9f941 - - default default] Snapshot delete request issued successfully.
2026-04-27 15:14:38.720 73 INFO cinder.api.openstack.wsgi [None req-a0a792bd-d597-4e8e-be90-cce432c6c2aa 4222f66c701e4ce79319e6ab58b32a75 6857a66f42d74ed9b15a3e2921a9f941 - - default default] http://[LB_IP_ADDRESS]:8776/v3/6857a66f42d74ed9b15a3e2921a9f941/snapshots/850a96b8-d30a-4a30-8f80-34d953cd7579/action returned with HTTP 202
2026-04-27 15:14:38.733 74 INFO cinder.api.openstack.wsgi [None req-3b845c8a-43f4-40ae-bcc4-7c78a6d61176 2999179f51934ea9b41fd8d931d88641 686a3e372d274ea89b30299e05ce4562 - - default default] GET http://[LB_IP_ADDRESS]:8776/v3/686a3e372d274ea89b30299e05ce4562/snapshots/850a96b8-d30a-4a30-8f80-34d953cd7579
2026-04-27 15:14:38.741 72 INFO cinder.api.openstack.wsgi [None req-3ab14b9e-0d68-46d7-ac23-1a187325390c 8c64655136cd40a691c4bd4e6869285b 049b36ea50bc4c398532057d5bc0a511 - - default default] GET http://[LB_IP_ADDRESS]:8776/v3/049b36ea50bc4c398532057d5bc0a511/snapshots/9a201761-b51d-4084-ad92-27285a57776f
2026-04-27 15:14:38.744 74 INFO cinder.volume.api [None req-3b845c8a-43f4-40ae-bcc4-7c78a6d61176 2999179f51934ea9b41fd8d931d88641 686a3e372d274ea89b30299e05ce4562 - - default default] Snapshot retrieved successfully.
2026-04-27 15:14:38.746 74 INFO cinder.api.openstack.wsgi [None req-3b845c8a-43f4-40ae-bcc4-7c78a6d61176 2999179f51934ea9b41fd8d931d88641 686a3e372d274ea89b30299e05ce4562 - - default default] http://[LB_IP_ADDRESS]:8776/v3/686a3e372d274ea89b30299e05ce4562/snapshots/850a96b8-d30a-4a30-8f80-34d953cd7579 returned with HTTP 200
2026-04-27 15:14:38.750 72 INFO cinder.api.openstack.wsgi [None req-3ab14b9e-0d68-46d7-ac23-1a187325390c 8c64655136cd40a691c4bd4e6869285b 049b36ea50bc4c398532057d5bc0a511 - - default default] http://[LB_IP_ADDRESS]:8776/v3/049b36ea50bc4c398532057d5bc0a511/snapshots/9a201761-b51d-4084-ad92-27285a57776f returned with HTTP 404
2026-04-27 15:14:38.764 75 INFO cinder.api.openstack.wsgi [None req-26b6168d-920b-44b4-a498-b5dd73c93c6d 8c64655136cd40a691c4bd4e6869285b 049b36ea50bc4c398532057d5bc0a511 - - default default] GET http://[LB_IP_ADDRESS]:8776/v3/049b36ea50bc4c398532057d5bc0a511/snapshots/eacc90c6-c8a1-4d19-a138-b7d7ead6ba83
2026-04-27 15:14:38.772 75 INFO cinder.api.openstack.wsgi [None req-26b6168d-920b-44b4-a498-b5dd73c93c6d 8c64655136cd40a691c4bd4e6869285b 049b36ea50bc4c398532057d5bc0a511 - - default default] http://[LB_IP_ADDRESS]:8776/v3/049b36ea50bc4c398532057d5bc0a511/snapshots/eacc90c6-c8a1-4d19-a138-b7d7ead6ba83 returned with HTTP 404
2026-04-27 15:14:38.785 76 INFO cinder.api.openstack.wsgi [None req-e7ee5533-7497-47e3-9050-e99538d23ffa 8c64655136cd40a691c4bd4e6869285b 049b36ea50bc4c398532057d5bc0a511 - - default default] GET http://[LB_IP_ADDRESS]:8776/v3/049b36ea50bc4c398532057d5bc0a511/group_snapshots/026cee5c-9f21-4d40-b5a8-7195f2a3d3e5
2026-04-27 15:14:38.791 76 INFO cinder.api.openstack.wsgi [None req-e7ee5533-7497-47e3-9050-e99538d23ffa 8c64655136cd40a691c4bd4e6869285b 049b36ea50bc4c398532057d5bc0a511 - - default default] http://[LB_IP_ADDRESS]:8776/v3/049b36ea50bc4c398532057d5bc0a511/group_snapshots/026cee5c-9f21-4d40-b5a8-7195f2a3d3e5 returned with HTTP 404
2026-04-27 15:14:38.803 73 INFO cinder.api.openstack.wsgi [None req-3a095235-f3dc-4515-a108-52dd3c827585 8c64655136cd40a691c4bd4e6869285b 049b36ea50bc4c398532057d5bc0a511 - - default default] DELETE http://[LB_IP_ADDRESS]:8776/v3/049b36ea50bc4c398532057d5bc0a511/group_snapshots/026cee5c-9f21-4d40-b5a8-7195f2a3d3e5
2026-04-27 15:14:38.804 73 INFO cinder.api.v3.group_snapshots [None req-3a095235-f3dc-4515-a108-52dd3c827585 8c64655136cd40a691c4bd4e6869285b 049b36ea50bc4c398532057d5bc0a511 - - default default] Delete group_snapshot with id: 026cee5c-9f21-4d40-b5a8-7195f2a3d3e5
2026-04-27 15:14:38.810 73 INFO cinder.api.openstack.wsgi [None req-3a095235-f3dc-4515-a108-52dd3c827585 8c64655136cd40a691c4bd4e6869285b 049b36ea50bc4c398532057d5bc0a511 - - default default] http://[LB_IP_ADDRESS]:8776/v3/049b36ea50bc4c398532057d5bc0a511/group_snapshots/026cee5c-9f21-4d40-b5a8-7195f2a3d3e5 returned with HTTP 404
2026-04-27 15:14:38.822 74 INFO cinder.api.openstack.wsgi [None req-778e9dd4-51fb-4c55-8acd-52ba41c00eec 8c64655136cd40a691c4bd4e6869285b 049b36ea50bc4c398532057d5bc0a511 - - default default] GET http://[LB_IP_ADDRESS]:8776/v3/049b36ea50bc4c398532057d5bc0a511/volumes/detail
2026-04-27 15:14:38.839 74 INFO cinder.volume.api [None req-778e9dd4-51fb-4c55-8acd-52ba41c00eec 8c64655136cd40a691c4bd4e6869285b 049b36ea50bc4c398532057d5bc0a511 - - default default] Get all volumes completed successfully.
2026-04-27 15:14:38.885 74 INFO cinder.api.openstack.wsgi [None req-778e9dd4-51fb-4c55-8acd-52ba41c00eec 8c64655136cd40a691c4bd4e6869285b 049b36ea50bc4c398532057d5bc0a511 - - default default] http://[LB_IP_ADDRESS]:8776/v3/049b36ea50bc4c398532057d5bc0a511/volumes/detail returned with HTTP 200
2026-04-27 15:14:38.907 72 INFO cinder.api.openstack.wsgi [None req-13f68a84-2f70-4b2e-8dd1-f8ed1ee60f93 8c64655136cd40a691c4bd4e6869285b 049b36ea50bc4c398532057d5bc0a511 - - default default] POST http://[LB_IP_ADDRESS]:8776/v3/049b36ea50bc4c398532057d5bc0a511/groups/3d688a23-8f62-436b-8ed1-2ce4271475f1/action
2026-04-27 15:14:38.911 72 INFO cinder.api.v3.groups [None req-13f68a84-2f70-4b2e-8dd1-f8ed1ee60f93 8c64655136cd40a691c4bd4e6869285b 049b36ea50bc4c398532057d5bc0a511 - - default default] Delete group with id: 3d688a23-8f62-436b-8ed1-2ce4271475f1
2026-04-27 15:14:38.990 72 INFO cinder.api.openstack.wsgi [None req-13f68a84-2f70-4b2e-8dd1-f8ed1ee60f93 8c64655136cd40a691c4bd4e6869285b 049b36ea50bc4c398532057d5bc0a511 - - default default] http://[LB_IP_ADDRESS]:8776/v3/049b36ea50bc4c398532057d5bc0a511/groups/3d688a23-8f62-436b-8ed1-2ce4271475f1/action returned with HTTP 202
2026-04-27 15:14:39.002 75 INFO cinder.api.openstack.wsgi [None req-8802a26f-ca14-48b6-a185-43c356af7132 8c64655136cd40a691c4bd4e6869285b 049b36ea50bc4c398532057d5bc0a511 - - default default] GET http://[LB_IP_ADDRESS]:8776/v3/049b36ea50bc4c398532057d5bc0a511/volumes/05838246-aa74-4f85-9188-8dc4260ceedb
2026-04-27 15:14:39.024 75 INFO cinder.volume.api [None req-8802a26f-ca14-48b6-a185-43c356af7132 8c64655136cd40a691c4bd4e6869285b 049b36ea50bc4c398532057d5bc0a511 - - default default] Volume info retrieved successfully.
2026-04-27 15:14:39.052 75 INFO cinder.api.openstack.wsgi [None req-8802a26f-ca14-48b6-a185-43c356af7132 8c64655136cd40a691c4bd4e6869285b 049b36ea50bc4c398532057d5bc0a511 - - default default] http://[LB_IP_ADDRESS]:8776/v3/049b36ea50bc4c398532057d5bc0a511/volumes/05838246-aa74-4f85-9188-8dc4260ceedb returned with HTTP 200
2026-04-27 15:14:39.368 76 INFO cinder.api.openstack.wsgi [None req-644fc0be-53f9-49a4-bdbb-cb712d2f008a cbed57086eee438d84df6a99a8c5110d fc10cb3225df47f3916334993ef358bf - - default default] GET http://[LB_IP_ADDRESS]:8776/v3/fc10cb3225df47f3916334993ef358bf/groups/5d34d1c2-4b8e-45b8-a450-6b73ba81922d
2026-04-27 15:14:39.373 76 INFO cinder.api.openstack.wsgi [None req-644fc0be-53f9-49a4-bdbb-cb712d2f008a cbed57086eee438d84df6a99a8c5110d fc10cb3225df47f3916334993ef358bf - - default default] http://[LB_IP_ADDRESS]:8776/v3/fc10cb3225df47f3916334993ef358bf/groups/5d34d1c2-4b8e-45b8-a450-6b73ba81922d returned with HTTP 404
2026-04-27 15:14:39.386 73 INFO cinder.api.openstack.wsgi [None req-fafdfc2b-2a91-4808-b4c5-90784cf3477a 63fdcedd4e5742dba497a5adb26850b9 be05da61b939494a9d273ff870d414b6 - - default default] DELETE http://[LB_IP_ADDRESS]:8776/v3/be05da61b939494a9d273ff870d414b6/group_types/6c38c28d-3746-4234-bcea-da470cb11fd5
2026-04-27 15:14:39.408 73 INFO cinder.api.openstack.wsgi [None req-fafdfc2b-2a91-4808-b4c5-90784cf3477a 63fdcedd4e5742dba497a5adb26850b9 be05da61b939494a9d273ff870d414b6 - - default default] http://[LB_IP_ADDRESS]:8776/v3/be05da61b939494a9d273ff870d414b6/group_types/6c38c28d-3746-4234-bcea-da470cb11fd5 returned with HTTP 202
2026-04-27 15:14:39.421 74 INFO cinder.api.openstack.wsgi [None req-2fbbe172-0694-477d-9d47-a74bd41e0cb7 63fdcedd4e5742dba497a5adb26850b9 be05da61b939494a9d273ff870d414b6 - - default default] DELETE http://[LB_IP_ADDRESS]:8776/v3/be05da61b939494a9d273ff870d414b6/types/e070e3b9-bbe2-4b6d-99b1-16574b7ee624
2026-04-27 15:14:39.477 74 INFO cinder.api.openstack.wsgi [None req-2fbbe172-0694-477d-9d47-a74bd41e0cb7 63fdcedd4e5742dba497a5adb26850b9 be05da61b939494a9d273ff870d414b6 - - default default] http://[LB_IP_ADDRESS]:8776/v3/be05da61b939494a9d273ff870d414b6/types/e070e3b9-bbe2-4b6d-99b1-16574b7ee624 returned with HTTP 202
2026-04-27 15:14:39.489 72 INFO cinder.api.openstack.wsgi [None req-4aca75b4-0e89-493f-9b51-b7450f88f9a8 63fdcedd4e5742dba497a5adb26850b9 be05da61b939494a9d273ff870d414b6 - - default default] GET http://[LB_IP_ADDRESS]:8776/v3/be05da61b939494a9d273ff870d414b6/types/e070e3b9-bbe2-4b6d-99b1-16574b7ee624
2026-04-27 15:14:39.496 72 INFO cinder.api.openstack.wsgi [None req-4aca75b4-0e89-493f-9b51-b7450f88f9a8 63fdcedd4e5742dba497a5adb26850b9 be05da61b939494a9d273ff870d414b6 - - default default] http://[LB_IP_ADDRESS]:8776/v3/be05da61b939494a9d273ff870d414b6/types/e070e3b9-bbe2-4b6d-99b1-16574b7ee624 returned with HTTP 404
2026-04-27 15:14:39.765 75 INFO cinder.api.openstack.wsgi [None req-e8966870-2817-4d9c-a8a6-e960553e423d 2999179f51934ea9b41fd8d931d88641 686a3e372d274ea89b30299e05ce4562 - - default default] GET http://[LB_IP_ADDRESS]:8776/v3/686a3e372d274ea89b30299e05ce4562/snapshots/850a96b8-d30a-4a30-8f80-34d953cd7579
2026-04-27 15:14:39.774 75 INFO cinder.api.openstack.wsgi [None req-e8966870-2817-4d9c-a8a6-e960553e423d 2999179f51934ea9b41fd8d931d88641 686a3e372d274ea89b30299e05ce4562 - - default default] http://[LB_IP_ADDRESS]:8776/v3/686a3e372d274ea89b30299e05ce4562/snapshots/850a96b8-d30a-4a30-8f80-34d953cd7579 returned with HTTP 404
2026-04-27 15:14:39.789 76 INFO cinder.api.openstack.wsgi [None req-c41094e3-32f6-43e5-ae34-987ab54d05b4 4222f66c701e4ce79319e6ab58b32a75 6857a66f42d74ed9b15a3e2921a9f941 - - default default] POST http://[LB_IP_ADDRESS]:8776/v3/6857a66f42d74ed9b15a3e2921a9f941/snapshots/279e98b6-8ebd-4c0b-9227-3516aaefd2b2/action
2026-04-27 15:14:39.827 76 INFO cinder.api.openstack.wsgi [None req-c41094e3-32f6-43e5-ae34-987ab54d05b4 4222f66c701e4ce79319e6ab58b32a75 6857a66f42d74ed9b15a3e2921a9f941 - - default default] http://[LB_IP_ADDRESS]:8776/v3/6857a66f42d74ed9b15a3e2921a9f941/snapshots/279e98b6-8ebd-4c0b-9227-3516aaefd2b2/action returned with HTTP 202
2026-04-27 15:14:39.840 73 INFO cinder.api.openstack.wsgi [None req-30db28c9-232b-4ce8-98d7-dea5ecca482e 2999179f51934ea9b41fd8d931d88641 686a3e372d274ea89b30299e05ce4562 - - default default] GET http://[LB_IP_ADDRESS]:8776/v3/686a3e372d274ea89b30299e05ce4562/snapshots/279e98b6-8ebd-4c0b-9227-3516aaefd2b2
2026-04-27 15:14:39.850 73 INFO cinder.volume.api [None req-30db28c9-232b-4ce8-98d7-dea5ecca482e 2999179f51934ea9b41fd8d931d88641 686a3e372d274ea89b30299e05ce4562 - - default default] Snapshot retrieved successfully.
2026-04-27 15:14:39.852 73 INFO cinder.api.openstack.wsgi [None req-30db28c9-232b-4ce8-98d7-dea5ecca482e 2999179f51934ea9b41fd8d931d88641 686a3e372d274ea89b30299e05ce4562 - - default default] http://[LB_IP_ADDRESS]:8776/v3/686a3e372d274ea89b30299e05ce4562/snapshots/279e98b6-8ebd-4c0b-9227-3516aaefd2b2 returned with HTTP 200
2026-04-27 15:14:39.869 74 INFO cinder.api.openstack.wsgi [None req-e274b714-79ff-4dec-a3c2-ae9026137c3a 2999179f51934ea9b41fd8d931d88641 686a3e372d274ea89b30299e05ce4562 - - default default] DELETE http://[LB_IP_ADDRESS]:8776/v3/686a3e372d274ea89b30299e05ce4562/snapshots/850a96b8-d30a-4a30-8f80-34d953cd7579
2026-04-27 15:14:39.870 74 INFO cinder.api.v2.snapshots [None req-e274b714-79ff-4dec-a3c2-ae9026137c3a 2999179f51934ea9b41fd8d931d88641 686a3e372d274ea89b30299e05ce4562 - - default default] Delete snapshot with id: 850a96b8-d30a-4a30-8f80-34d953cd7579
2026-04-27 15:14:39.879 74 INFO cinder.api.openstack.wsgi [None req-e274b714-79ff-4dec-a3c2-ae9026137c3a 2999179f51934ea9b41fd8d931d88641 686a3e372d274ea89b30299e05ce4562 - - default default] http://[LB_IP_ADDRESS]:8776/v3/686a3e372d274ea89b30299e05ce4562/snapshots/850a96b8-d30a-4a30-8f80-34d953cd7579 returned with HTTP 404
2026-04-27 15:14:39.892 72 INFO cinder.api.openstack.wsgi [None req-65aafdaa-9296-4cf8-846b-7d234be768e8 4222f66c701e4ce79319e6ab58b32a75 6857a66f42d74ed9b15a3e2921a9f941 - - default default] POST http://[LB_IP_ADDRESS]:8776/v3/6857a66f42d74ed9b15a3e2921a9f941/snapshots/279e98b6-8ebd-4c0b-9227-3516aaefd2b2/action
2026-04-27 15:14:39.932 72 INFO cinder.api.openstack.wsgi [None req-65aafdaa-9296-4cf8-846b-7d234be768e8 4222f66c701e4ce79319e6ab58b32a75 6857a66f42d74ed9b15a3e2921a9f941 - - default default] http://[LB_IP_ADDRESS]:8776/v3/6857a66f42d74ed9b15a3e2921a9f941/snapshots/279e98b6-8ebd-4c0b-9227-3516aaefd2b2/action returned with HTTP 202
2026-04-27 15:14:39.945 75 INFO cinder.api.openstack.wsgi [None req-16d94a2c-87aa-44af-9519-55b7f24336ab 2999179f51934ea9b41fd8d931d88641 686a3e372d274ea89b30299e05ce4562 - - default default] GET http://[LB_IP_ADDRESS]:8776/v3/686a3e372d274ea89b30299e05ce4562/snapshots/279e98b6-8ebd-4c0b-9227-3516aaefd2b2
2026-04-27 15:14:39.958 75 INFO cinder.volume.api [None req-16d94a2c-87aa-44af-9519-55b7f24336ab 2999179f51934ea9b41fd8d931d88641 686a3e372d274ea89b30299e05ce4562 - - default default] Snapshot retrieved successfully.
2026-04-27 15:14:39.960 75 INFO cinder.api.openstack.wsgi [None req-16d94a2c-87aa-44af-9519-55b7f24336ab 2999179f51934ea9b41fd8d931d88641 686a3e372d274ea89b30299e05ce4562 - - default default] http://[LB_IP_ADDRESS]:8776/v3/686a3e372d274ea89b30299e05ce4562/snapshots/279e98b6-8ebd-4c0b-9227-3516aaefd2b2 returned with HTTP 200
2026-04-27 15:14:39.978 76 INFO cinder.api.openstack.wsgi [None req-e835245d-7478-4a3f-8ce6-bfed23719327 2999179f51934ea9b41fd8d931d88641 686a3e372d274ea89b30299e05ce4562 - - default default] POST http://[LB_IP_ADDRESS]:8776/v3/686a3e372d274ea89b30299e05ce4562/snapshots/279e98b6-8ebd-4c0b-9227-3516aaefd2b2/action
2026-04-27 15:14:39.993 76 INFO cinder.api.contrib.snapshot_actions [None req-e835245d-7478-4a3f-8ce6-bfed23719327 2999179f51934ea9b41fd8d931d88641 686a3e372d274ea89b30299e05ce4562 - - default default] Updating snapshot 279e98b6-8ebd-4c0b-9227-3516aaefd2b2 with info {'id': '279e98b6-8ebd-4c0b-9227-3516aaefd2b2', 'status': 'error', 'progress': '80%'}
2026-04-27 15:14:39.998 76 INFO cinder.api.openstack.wsgi [None req-e835245d-7478-4a3f-8ce6-bfed23719327 2999179f51934ea9b41fd8d931d88641 686a3e372d274ea89b30299e05ce4562 - - default default] http://[LB_IP_ADDRESS]:8776/v3/686a3e372d274ea89b30299e05ce4562/snapshots/279e98b6-8ebd-4c0b-9227-3516aaefd2b2/action returned with HTTP 202
2026-04-27 15:14:40.011 73 INFO cinder.api.openstack.wsgi [None req-11736ee2-8ef7-40e6-8b6b-e39e2daa2218 4222f66c701e4ce79319e6ab58b32a75 6857a66f42d74ed9b15a3e2921a9f941 - - default default] GET http://[LB_IP_ADDRESS]:8776/v3/6857a66f42d74ed9b15a3e2921a9f941/snapshots/279e98b6-8ebd-4c0b-9227-3516aaefd2b2
2026-04-27 15:14:40.021 73 INFO cinder.volume.api [None req-11736ee2-8ef7-40e6-8b6b-e39e2daa2218 4222f66c701e4ce79319e6ab58b32a75 6857a66f42d74ed9b15a3e2921a9f941 - - default default] Snapshot retrieved successfully.
2026-04-27 15:14:40.023 73 INFO cinder.api.openstack.wsgi [None req-11736ee2-8ef7-40e6-8b6b-e39e2daa2218 4222f66c701e4ce79319e6ab58b32a75 6857a66f42d74ed9b15a3e2921a9f941 - - default default] http://[LB_IP_ADDRESS]:8776/v3/6857a66f42d74ed9b15a3e2921a9f941/snapshots/279e98b6-8ebd-4c0b-9227-3516aaefd2b2 returned with HTTP 200
2026-04-27 15:14:40.040 74 INFO cinder.api.openstack.wsgi [None req-d2a2776d-7d97-4b56-8093-a511a1e4a4ef 4222f66c701e4ce79319e6ab58b32a75 6857a66f42d74ed9b15a3e2921a9f941 - - default default] POST http://[LB_IP_ADDRESS]:8776/v3/6857a66f42d74ed9b15a3e2921a9f941/snapshots/279e98b6-8ebd-4c0b-9227-3516aaefd2b2/action
2026-04-27 15:14:40.077 72 INFO cinder.api.openstack.wsgi [None req-71a40287-1a82-4fde-bd1f-49276bbaab3a 8c64655136cd40a691c4bd4e6869285b 049b36ea50bc4c398532057d5bc0a511 - - default default] GET http://[LB_IP_ADDRESS]:8776/v3/049b36ea50bc4c398532057d5bc0a511/volumes/05838246-aa74-4f85-9188-8dc4260ceedb
2026-04-27 15:14:40.077 74 INFO cinder.api.openstack.wsgi [None req-d2a2776d-7d97-4b56-8093-a511a1e4a4ef 4222f66c701e4ce79319e6ab58b32a75 6857a66f42d74ed9b15a3e2921a9f941 - - default default] http://[LB_IP_ADDRESS]:8776/v3/6857a66f42d74ed9b15a3e2921a9f941/snapshots/279e98b6-8ebd-4c0b-9227-3516aaefd2b2/action returned with HTTP 202
2026-04-27 15:14:40.090 72 INFO cinder.api.openstack.wsgi [None req-71a40287-1a82-4fde-bd1f-49276bbaab3a 8c64655136cd40a691c4bd4e6869285b 049b36ea50bc4c398532057d5bc0a511 - - default default] http://[LB_IP_ADDRESS]:8776/v3/049b36ea50bc4c398532057d5bc0a511/volumes/05838246-aa74-4f85-9188-8dc4260ceedb returned with HTTP 404
2026-04-27 15:14:40.090 75 INFO cinder.api.openstack.wsgi [None req-b87b5e45-8a65-42c6-bd65-8be0bd150fcd 2999179f51934ea9b41fd8d931d88641 686a3e372d274ea89b30299e05ce4562 - - default default] GET http://[LB_IP_ADDRESS]:8776/v3/686a3e372d274ea89b30299e05ce4562/snapshots/279e98b6-8ebd-4c0b-9227-3516aaefd2b2
2026-04-27 15:14:40.101 75 INFO cinder.volume.api [None req-b87b5e45-8a65-42c6-bd65-8be0bd150fcd 2999179f51934ea9b41fd8d931d88641 686a3e372d274ea89b30299e05ce4562 - - default default] Snapshot retrieved successfully.
2026-04-27 15:14:40.102 76 INFO cinder.api.openstack.wsgi [None req-426a37c9-502b-45d6-a3d9-392611157b75 8c64655136cd40a691c4bd4e6869285b 049b36ea50bc4c398532057d5bc0a511 - - default default] GET http://[LB_IP_ADDRESS]:8776/v3/049b36ea50bc4c398532057d5bc0a511/volumes/ac2a1c6f-d6d6-4859-bcb3-452bafc61c32
2026-04-27 15:14:40.103 75 INFO cinder.api.openstack.wsgi [None req-b87b5e45-8a65-42c6-bd65-8be0bd150fcd 2999179f51934ea9b41fd8d931d88641 686a3e372d274ea89b30299e05ce4562 - - default default] http://[LB_IP_ADDRESS]:8776/v3/686a3e372d274ea89b30299e05ce4562/snapshots/279e98b6-8ebd-4c0b-9227-3516aaefd2b2 returned with HTTP 200
2026-04-27 15:14:40.114 76 INFO cinder.api.openstack.wsgi [None req-426a37c9-502b-45d6-a3d9-392611157b75 8c64655136cd40a691c4bd4e6869285b 049b36ea50bc4c398532057d5bc0a511 - - default default] http://[LB_IP_ADDRESS]:8776/v3/049b36ea50bc4c398532057d5bc0a511/volumes/ac2a1c6f-d6d6-4859-bcb3-452bafc61c32 returned with HTTP 404
2026-04-27 15:14:40.122 73 INFO cinder.api.openstack.wsgi [None req-4acbc519-14bd-4894-8db3-ef01b701a5c3 2999179f51934ea9b41fd8d931d88641 686a3e372d274ea89b30299e05ce4562 - - default default] DELETE http://[LB_IP_ADDRESS]:8776/v3/686a3e372d274ea89b30299e05ce4562/snapshots/279e98b6-8ebd-4c0b-9227-3516aaefd2b2
2026-04-27 15:14:40.123 73 INFO cinder.api.v2.snapshots [None req-4acbc519-14bd-4894-8db3-ef01b701a5c3 2999179f51934ea9b41fd8d931d88641 686a3e372d274ea89b30299e05ce4562 - - default default] Delete snapshot with id: 279e98b6-8ebd-4c0b-9227-3516aaefd2b2
2026-04-27 15:14:40.125 74 INFO cinder.api.openstack.wsgi [None req-f9b7bd1a-4504-4fc2-b7fe-f41d598fcfa5 8c64655136cd40a691c4bd4e6869285b 049b36ea50bc4c398532057d5bc0a511 - - default default] GET http://[LB_IP_ADDRESS]:8776/v3/049b36ea50bc4c398532057d5bc0a511/groups/3d688a23-8f62-436b-8ed1-2ce4271475f1
2026-04-27 15:14:40.130 74 INFO cinder.api.openstack.wsgi [None req-f9b7bd1a-4504-4fc2-b7fe-f41d598fcfa5 8c64655136cd40a691c4bd4e6869285b 049b36ea50bc4c398532057d5bc0a511 - - default default] http://[LB_IP_ADDRESS]:8776/v3/049b36ea50bc4c398532057d5bc0a511/groups/3d688a23-8f62-436b-8ed1-2ce4271475f1 returned with HTTP 404
2026-04-27 15:14:40.134 73 INFO cinder.volume.api [None req-4acbc519-14bd-4894-8db3-ef01b701a5c3 2999179f51934ea9b41fd8d931d88641 686a3e372d274ea89b30299e05ce4562 - - default default] Snapshot retrieved successfully.
2026-04-27 15:14:40.143 72 INFO cinder.api.openstack.wsgi [None req-428a82fd-66a1-49ad-ba9f-e8bb0c0c8574 950ac5435a3c4d89a33203fcaa5e40d6 a7945965388a49d8805e725a7ce19f95 - - default default] DELETE http://[LB_IP_ADDRESS]:8776/v3/a7945965388a49d8805e725a7ce19f95/group_types/91100468-cb91-4cc4-9da4-13a5347b911a
2026-04-27 15:14:40.164 72 INFO cinder.api.openstack.wsgi [None req-428a82fd-66a1-49ad-ba9f-e8bb0c0c8574 950ac5435a3c4d89a33203fcaa5e40d6 a7945965388a49d8805e725a7ce19f95 - - default default] http://[LB_IP_ADDRESS]:8776/v3/a7945965388a49d8805e725a7ce19f95/group_types/91100468-cb91-4cc4-9da4-13a5347b911a returned with HTTP 202
2026-04-27 15:14:40.168 73 INFO cinder.volume.api [None req-4acbc519-14bd-4894-8db3-ef01b701a5c3 2999179f51934ea9b41fd8d931d88641 686a3e372d274ea89b30299e05ce4562 - - default default] Snapshot delete request issued successfully.
2026-04-27 15:14:40.169 73 INFO cinder.api.openstack.wsgi [None req-4acbc519-14bd-4894-8db3-ef01b701a5c3 2999179f51934ea9b41fd8d931d88641 686a3e372d274ea89b30299e05ce4562 - - default default] http://[LB_IP_ADDRESS]:8776/v3/686a3e372d274ea89b30299e05ce4562/snapshots/279e98b6-8ebd-4c0b-9227-3516aaefd2b2 returned with HTTP 202
2026-04-27 15:14:40.177 75 INFO cinder.api.openstack.wsgi [None req-74a8f45f-669e-453d-9901-237fd44b382a 950ac5435a3c4d89a33203fcaa5e40d6 a7945965388a49d8805e725a7ce19f95 - - default default] DELETE http://[LB_IP_ADDRESS]:8776/v3/a7945965388a49d8805e725a7ce19f95/types/c44115bd-6c54-43e2-9de6-d329d436ac88
2026-04-27 15:14:40.181 76 INFO cinder.api.openstack.wsgi [None req-dd74ef50-e605-4a2d-b78f-f086307a5502 2999179f51934ea9b41fd8d931d88641 686a3e372d274ea89b30299e05ce4562 - - default default] GET http://[LB_IP_ADDRESS]:8776/v3/686a3e372d274ea89b30299e05ce4562/snapshots/279e98b6-8ebd-4c0b-9227-3516aaefd2b2
2026-04-27 15:14:40.192 76 INFO cinder.volume.api [None req-dd74ef50-e605-4a2d-b78f-f086307a5502 2999179f51934ea9b41fd8d931d88641 686a3e372d274ea89b30299e05ce4562 - - default default] Snapshot retrieved successfully.
2026-04-27 15:14:40.194 76 INFO cinder.api.openstack.wsgi [None req-dd74ef50-e605-4a2d-b78f-f086307a5502 2999179f51934ea9b41fd8d931d88641 686a3e372d274ea89b30299e05ce4562 - - default default] http://[LB_IP_ADDRESS]:8776/v3/686a3e372d274ea89b30299e05ce4562/snapshots/279e98b6-8ebd-4c0b-9227-3516aaefd2b2 returned with HTTP 200
2026-04-27 15:14:40.223 75 INFO cinder.api.openstack.wsgi [None req-74a8f45f-669e-453d-9901-237fd44b382a 950ac5435a3c4d89a33203fcaa5e40d6 a7945965388a49d8805e725a7ce19f95 - - default default] http://[LB_IP_ADDRESS]:8776/v3/a7945965388a49d8805e725a7ce19f95/types/c44115bd-6c54-43e2-9de6-d329d436ac88 returned with HTTP 202
2026-04-27 15:14:40.235 74 INFO cinder.api.openstack.wsgi [None req-84b326bb-ccec-4f52-98ce-a0ee49a140d3 950ac5435a3c4d89a33203fcaa5e40d6 a7945965388a49d8805e725a7ce19f95 - - default default] GET http://[LB_IP_ADDRESS]:8776/v3/a7945965388a49d8805e725a7ce19f95/types/c44115bd-6c54-43e2-9de6-d329d436ac88
2026-04-27 15:14:40.241 74 INFO cinder.api.openstack.wsgi [None req-84b326bb-ccec-4f52-98ce-a0ee49a140d3 950ac5435a3c4d89a33203fcaa5e40d6 a7945965388a49d8805e725a7ce19f95 - - default default] http://[LB_IP_ADDRESS]:8776/v3/a7945965388a49d8805e725a7ce19f95/types/c44115bd-6c54-43e2-9de6-d329d436ac88 returned with HTTP 404
2026-04-27 15:14:40.263 72 INFO cinder.api.openstack.wsgi [None req-caa66e1e-d473-4e0b-b26c-3de152806387 950ac5435a3c4d89a33203fcaa5e40d6 a7945965388a49d8805e725a7ce19f95 - - default default] POST http://[LB_IP_ADDRESS]:8776/v3/a7945965388a49d8805e725a7ce19f95/types
2026-04-27 15:14:40.294 72 INFO cinder.api.openstack.wsgi [None req-caa66e1e-d473-4e0b-b26c-3de152806387 950ac5435a3c4d89a33203fcaa5e40d6 a7945965388a49d8805e725a7ce19f95 - - default default] http://[LB_IP_ADDRESS]:8776/v3/a7945965388a49d8805e725a7ce19f95/types returned with HTTP 200
2026-04-27 15:14:40.310 73 INFO cinder.api.openstack.wsgi [None req-2e6c5030-5aa2-46d5-98b6-6177e9a178d9 950ac5435a3c4d89a33203fcaa5e40d6 a7945965388a49d8805e725a7ce19f95 - - default default] POST http://[LB_IP_ADDRESS]:8776/v3/a7945965388a49d8805e725a7ce19f95/group_types
2026-04-27 15:14:40.337 73 INFO cinder.api.openstack.wsgi [None req-2e6c5030-5aa2-46d5-98b6-6177e9a178d9 950ac5435a3c4d89a33203fcaa5e40d6 a7945965388a49d8805e725a7ce19f95 - - default default] http://[LB_IP_ADDRESS]:8776/v3/a7945965388a49d8805e725a7ce19f95/group_types returned with HTTP 202
2026-04-27 15:14:40.357 76 INFO cinder.api.openstack.wsgi [None req-584e4243-f88e-4997-92fd-b927aa6c948c 8c64655136cd40a691c4bd4e6869285b 049b36ea50bc4c398532057d5bc0a511 - - default default] POST http://[LB_IP_ADDRESS]:8776/v3/049b36ea50bc4c398532057d5bc0a511/groups
2026-04-27 15:14:40.369 76 INFO cinder.api.v3.groups [None req-584e4243-f88e-4997-92fd-b927aa6c948c 8c64655136cd40a691c4bd4e6869285b 049b36ea50bc4c398532057d5bc0a511 - - default default] Creating group tempest-GroupSnapshotsTest-Group-54619738.
2026-04-27 15:14:40.379 76 INFO cinder.volume.api [None req-584e4243-f88e-4997-92fd-b927aa6c948c 8c64655136cd40a691c4bd4e6869285b 049b36ea50bc4c398532057d5bc0a511 - - default default] Availability Zones retrieved successfully.
2026-04-27 15:14:40.472 76 INFO cinder.api.openstack.wsgi [None req-584e4243-f88e-4997-92fd-b927aa6c948c 8c64655136cd40a691c4bd4e6869285b 049b36ea50bc4c398532057d5bc0a511 - - default default] http://[LB_IP_ADDRESS]:8776/v3/049b36ea50bc4c398532057d5bc0a511/groups returned with HTTP 202
2026-04-27 15:14:40.486 75 INFO cinder.api.openstack.wsgi [None req-ba4cecf5-24ec-443a-a4e6-a659d50a2be7 8c64655136cd40a691c4bd4e6869285b 049b36ea50bc4c398532057d5bc0a511 - - default default] GET http://[LB_IP_ADDRESS]:8776/v3/049b36ea50bc4c398532057d5bc0a511/groups/1673e486-3bba-4830-86f0-f1f82aeb3254
2026-04-27 15:14:40.508 75 INFO cinder.api.openstack.wsgi [None req-ba4cecf5-24ec-443a-a4e6-a659d50a2be7 8c64655136cd40a691c4bd4e6869285b 049b36ea50bc4c398532057d5bc0a511 - - default default] http://[LB_IP_ADDRESS]:8776/v3/049b36ea50bc4c398532057d5bc0a511/groups/1673e486-3bba-4830-86f0-f1f82aeb3254 returned with HTTP 200
2026-04-27 15:14:41.210 74 INFO cinder.api.openstack.wsgi [None req-634e5126-d2f3-47c3-8d48-9d0e39f940af 2999179f51934ea9b41fd8d931d88641 686a3e372d274ea89b30299e05ce4562 - - default default] GET http://[LB_IP_ADDRESS]:8776/v3/686a3e372d274ea89b30299e05ce4562/snapshots/279e98b6-8ebd-4c0b-9227-3516aaefd2b2
2026-04-27 15:14:41.219 74 INFO cinder.api.openstack.wsgi [None req-634e5126-d2f3-47c3-8d48-9d0e39f940af 2999179f51934ea9b41fd8d931d88641 686a3e372d274ea89b30299e05ce4562 - - default default] http://[LB_IP_ADDRESS]:8776/v3/686a3e372d274ea89b30299e05ce4562/snapshots/279e98b6-8ebd-4c0b-9227-3516aaefd2b2 returned with HTTP 404
2026-04-27 15:14:41.231 72 INFO cinder.api.openstack.wsgi [None req-a92d1090-8b17-4fa5-bc44-7e076e57aa4a 2999179f51934ea9b41fd8d931d88641 686a3e372d274ea89b30299e05ce4562 - - default default] GET http://[LB_IP_ADDRESS]:8776/v3/686a3e372d274ea89b30299e05ce4562/volumes/f8620aeb-bec7-496c-ad80-4969d1c4cd9f
2026-04-27 15:14:41.253 72 INFO cinder.volume.api [None req-a92d1090-8b17-4fa5-bc44-7e076e57aa4a 2999179f51934ea9b41fd8d931d88641 686a3e372d274ea89b30299e05ce4562 - - default default] Volume info retrieved successfully.
2026-04-27 15:14:41.263 72 INFO cinder.api.openstack.wsgi [None req-a92d1090-8b17-4fa5-bc44-7e076e57aa4a 2999179f51934ea9b41fd8d931d88641 686a3e372d274ea89b30299e05ce4562 - - default default] http://[LB_IP_ADDRESS]:8776/v3/686a3e372d274ea89b30299e05ce4562/volumes/f8620aeb-bec7-496c-ad80-4969d1c4cd9f returned with HTTP 200
2026-04-27 15:14:41.283 73 INFO cinder.api.openstack.wsgi [None req-ddb8d5bb-6b4e-46fb-a8d0-2eaed9fa85da 2999179f51934ea9b41fd8d931d88641 686a3e372d274ea89b30299e05ce4562 - - default default] DELETE http://[LB_IP_ADDRESS]:8776/v3/686a3e372d274ea89b30299e05ce4562/volumes/f8620aeb-bec7-496c-ad80-4969d1c4cd9f
2026-04-27 15:14:41.284 73 INFO cinder.api.v3.volumes [None req-ddb8d5bb-6b4e-46fb-a8d0-2eaed9fa85da 2999179f51934ea9b41fd8d931d88641 686a3e372d274ea89b30299e05ce4562 - - default default] Delete volume with id: f8620aeb-bec7-496c-ad80-4969d1c4cd9f 
2026-04-27 15:14:41.299 73 INFO cinder.volume.api [None req-ddb8d5bb-6b4e-46fb-a8d0-2eaed9fa85da 2999179f51934ea9b41fd8d931d88641 686a3e372d274ea89b30299e05ce4562 - - default default] Volume info retrieved successfully.
2026-04-27 15:14:41.327 73 INFO cinder.volume.api [None req-ddb8d5bb-6b4e-46fb-a8d0-2eaed9fa85da 2999179f51934ea9b41fd8d931d88641 686a3e372d274ea89b30299e05ce4562 - - default default] Delete volume request issued successfully.
2026-04-27 15:14:41.328 73 INFO cinder.api.openstack.wsgi [None req-ddb8d5bb-6b4e-46fb-a8d0-2eaed9fa85da 2999179f51934ea9b41fd8d931d88641 686a3e372d274ea89b30299e05ce4562 - - default default] http://[LB_IP_ADDRESS]:8776/v3/686a3e372d274ea89b30299e05ce4562/volumes/f8620aeb-bec7-496c-ad80-4969d1c4cd9f returned with HTTP 202
2026-04-27 15:14:41.338 76 INFO cinder.api.openstack.wsgi [None req-956c38c4-10e2-482d-9c0f-6bce0408ca99 2999179f51934ea9b41fd8d931d88641 686a3e372d274ea89b30299e05ce4562 - - default default] GET http://[LB_IP_ADDRESS]:8776/v3/686a3e372d274ea89b30299e05ce4562/volumes/f8620aeb-bec7-496c-ad80-4969d1c4cd9f
2026-04-27 15:14:41.359 76 INFO cinder.volume.api [None req-956c38c4-10e2-482d-9c0f-6bce0408ca99 2999179f51934ea9b41fd8d931d88641 686a3e372d274ea89b30299e05ce4562 - - default default] Volume info retrieved successfully.
2026-04-27 15:14:41.369 76 INFO cinder.api.openstack.wsgi [None req-956c38c4-10e2-482d-9c0f-6bce0408ca99 2999179f51934ea9b41fd8d931d88641 686a3e372d274ea89b30299e05ce4562 - - default default] http://[LB_IP_ADDRESS]:8776/v3/686a3e372d274ea89b30299e05ce4562/volumes/f8620aeb-bec7-496c-ad80-4969d1c4cd9f returned with HTTP 200
2026-04-27 15:14:41.525 75 INFO cinder.api.openstack.wsgi [None req-d48e4282-019b-4bb4-b282-e62e81020914 8c64655136cd40a691c4bd4e6869285b 049b36ea50bc4c398532057d5bc0a511 - - default default] GET http://[LB_IP_ADDRESS]:8776/v3/049b36ea50bc4c398532057d5bc0a511/groups/1673e486-3bba-4830-86f0-f1f82aeb3254
2026-04-27 15:14:41.545 75 INFO cinder.api.openstack.wsgi [None req-d48e4282-019b-4bb4-b282-e62e81020914 8c64655136cd40a691c4bd4e6869285b 049b36ea50bc4c398532057d5bc0a511 - - default default] http://[LB_IP_ADDRESS]:8776/v3/049b36ea50bc4c398532057d5bc0a511/groups/1673e486-3bba-4830-86f0-f1f82aeb3254 returned with HTTP 200
2026-04-27 15:14:41.561 74 INFO cinder.api.openstack.wsgi [None req-ddfc8d1d-fa94-4daf-8258-71caa14489bd 8c64655136cd40a691c4bd4e6869285b 049b36ea50bc4c398532057d5bc0a511 - - default default] POST http://[LB_IP_ADDRESS]:8776/v3/049b36ea50bc4c398532057d5bc0a511/volumes
2026-04-27 15:14:41.575 74 INFO cinder.api.v3.volumes [None req-ddfc8d1d-fa94-4daf-8258-71caa14489bd 8c64655136cd40a691c4bd4e6869285b 049b36ea50bc4c398532057d5bc0a511 - - default default] Create volume of 1 GB
2026-04-27 15:14:41.584 74 INFO cinder.volume.api [None req-ddfc8d1d-fa94-4daf-8258-71caa14489bd 8c64655136cd40a691c4bd4e6869285b 049b36ea50bc4c398532057d5bc0a511 - - default default] Availability Zones retrieved successfully.
2026-04-27 15:14:41.801 74 WARNING cinder.quota [None req-ddfc8d1d-fa94-4daf-8258-71caa14489bd 8c64655136cd40a691c4bd4e6869285b 049b36ea50bc4c398532057d5bc0a511 - - default default] Deprecated: Default quota for resource: volumes_tempest-GroupSnapshotsTest-volume-type-497891658 is set by the default quota flag: quota_volumes_tempest-GroupSnapshotsTest-volume-type-497891658, it is now deprecated. Please use the default quota class for default quota.
2026-04-27 15:14:41.802 74 WARNING cinder.quota [None req-ddfc8d1d-fa94-4daf-8258-71caa14489bd 8c64655136cd40a691c4bd4e6869285b 049b36ea50bc4c398532057d5bc0a511 - - default default] Deprecated: Default quota for resource: gigabytes_tempest-GroupSnapshotsTest-volume-type-497891658 is set by the default quota flag: quota_gigabytes_tempest-GroupSnapshotsTest-volume-type-497891658, it is now deprecated. Please use the default quota class for default quota.
2026-04-27 15:14:41.887 74 INFO cinder.volume.api [None req-ddfc8d1d-fa94-4daf-8258-71caa14489bd 8c64655136cd40a691c4bd4e6869285b 049b36ea50bc4c398532057d5bc0a511 - - default default] Create volume request issued successfully.
2026-04-27 15:14:41.900 74 INFO cinder.api.openstack.wsgi [None req-ddfc8d1d-fa94-4daf-8258-71caa14489bd 8c64655136cd40a691c4bd4e6869285b 049b36ea50bc4c398532057d5bc0a511 - - default default] http://[LB_IP_ADDRESS]:8776/v3/049b36ea50bc4c398532057d5bc0a511/volumes returned with HTTP 202
2026-04-27 15:14:41.919 72 INFO cinder.api.openstack.wsgi [None req-a0f4ea95-57b9-4d73-bcb6-ea27efe483ed 8c64655136cd40a691c4bd4e6869285b 049b36ea50bc4c398532057d5bc0a511 - - default default] GET http://[LB_IP_ADDRESS]:8776/v3/049b36ea50bc4c398532057d5bc0a511/volumes/5189cdde-8ede-4baa-962e-6e4617f706e8
2026-04-27 15:14:41.940 72 INFO cinder.volume.api [None req-a0f4ea95-57b9-4d73-bcb6-ea27efe483ed 8c64655136cd40a691c4bd4e6869285b 049b36ea50bc4c398532057d5bc0a511 - - default default] Volume info retrieved successfully.
2026-04-27 15:14:41.967 72 INFO cinder.api.openstack.wsgi [None req-a0f4ea95-57b9-4d73-bcb6-ea27efe483ed 8c64655136cd40a691c4bd4e6869285b 049b36ea50bc4c398532057d5bc0a511 - - default default] http://[LB_IP_ADDRESS]:8776/v3/049b36ea50bc4c398532057d5bc0a511/volumes/5189cdde-8ede-4baa-962e-6e4617f706e8 returned with HTTP 200
2026-04-27 15:14:42.392 73 INFO cinder.api.openstack.wsgi [None req-7140a3b9-f01d-4b21-ad25-b2dfd304c738 2999179f51934ea9b41fd8d931d88641 686a3e372d274ea89b30299e05ce4562 - - default default] GET http://[LB_IP_ADDRESS]:8776/v3/686a3e372d274ea89b30299e05ce4562/volumes/f8620aeb-bec7-496c-ad80-4969d1c4cd9f
2026-04-27 15:14:42.406 73 INFO cinder.api.openstack.wsgi [None req-7140a3b9-f01d-4b21-ad25-b2dfd304c738 2999179f51934ea9b41fd8d931d88641 686a3e372d274ea89b30299e05ce4562 - - default default] http://[LB_IP_ADDRESS]:8776/v3/686a3e372d274ea89b30299e05ce4562/volumes/f8620aeb-bec7-496c-ad80-4969d1c4cd9f returned with HTTP 404
2026-04-27 15:14:42.989 76 INFO cinder.api.openstack.wsgi [None req-614940fb-cb7e-445d-be3c-5dde018cab54 8c64655136cd40a691c4bd4e6869285b 049b36ea50bc4c398532057d5bc0a511 - - default default] GET http://[LB_IP_ADDRESS]:8776/v3/049b36ea50bc4c398532057d5bc0a511/volumes/5189cdde-8ede-4baa-962e-6e4617f706e8
2026-04-27 15:14:43.011 76 INFO cinder.volume.api [None req-614940fb-cb7e-445d-be3c-5dde018cab54 8c64655136cd40a691c4bd4e6869285b 049b36ea50bc4c398532057d5bc0a511 - - default default] Volume info retrieved successfully.
2026-04-27 15:14:43.038 76 INFO cinder.api.openstack.wsgi [None req-614940fb-cb7e-445d-be3c-5dde018cab54 8c64655136cd40a691c4bd4e6869285b 049b36ea50bc4c398532057d5bc0a511 - - default default] http://[LB_IP_ADDRESS]:8776/v3/049b36ea50bc4c398532057d5bc0a511/volumes/5189cdde-8ede-4baa-962e-6e4617f706e8 returned with HTTP 200
2026-04-27 15:14:43.060 75 INFO cinder.api.openstack.wsgi [None req-3a6f1ada-d28e-41b8-a320-8a7ebb58e68d 8c64655136cd40a691c4bd4e6869285b 049b36ea50bc4c398532057d5bc0a511 - - default default] POST http://[LB_IP_ADDRESS]:8776/v3/049b36ea50bc4c398532057d5bc0a511/group_snapshots
2026-04-27 15:14:43.076 75 INFO cinder.api.v3.group_snapshots [None req-3a6f1ada-d28e-41b8-a320-8a7ebb58e68d 8c64655136cd40a691c4bd4e6869285b 049b36ea50bc4c398532057d5bc0a511 - - default default] Creating group_snapshot tempest-group_snapshot-2065647998.
