2026-06-24 15:48:25.243 72 INFO cinder.volume.api [None req-5ed7bb28-44bc-4d12-afb9-32bc7d1aed1b cc37e76ac75f497d82851bbe600e7b55 2eda9e4c87f949ba81dcafe48d45a283 - - default default] Snapshot retrieved successfully.
2026-06-24 15:48:25.245 72 INFO cinder.api.openstack.wsgi [None req-5ed7bb28-44bc-4d12-afb9-32bc7d1aed1b cc37e76ac75f497d82851bbe600e7b55 2eda9e4c87f949ba81dcafe48d45a283 - - default default] http://[LB_IP_ADDRESS]:8776/v3/2eda9e4c87f949ba81dcafe48d45a283/snapshots/f618f720-3be3-47a7-8e61-8bdc1d994251 returned with HTTP 200
2026-06-24 15:48:25.261 75 INFO cinder.api.openstack.wsgi [None req-20362adb-7d01-4233-a228-6928960e8589 cc37e76ac75f497d82851bbe600e7b55 2eda9e4c87f949ba81dcafe48d45a283 - - default default] GET http://[LB_IP_ADDRESS]:8776/v3/2eda9e4c87f949ba81dcafe48d45a283/group_snapshots/77899149-8ad4-4737-8e7f-774f0afd7b66
2026-06-24 15:48:25.276 75 INFO cinder.api.openstack.wsgi [None req-20362adb-7d01-4233-a228-6928960e8589 cc37e76ac75f497d82851bbe600e7b55 2eda9e4c87f949ba81dcafe48d45a283 - - default default] http://[LB_IP_ADDRESS]:8776/v3/2eda9e4c87f949ba81dcafe48d45a283/group_snapshots/77899149-8ad4-4737-8e7f-774f0afd7b66 returned with HTTP 200
2026-06-24 15:48:25.292 74 INFO cinder.api.openstack.wsgi [None req-c91efbb6-bc32-4465-a752-c5cb80c3dc8d cc37e76ac75f497d82851bbe600e7b55 2eda9e4c87f949ba81dcafe48d45a283 - - default default] GET http://[LB_IP_ADDRESS]:8776/v3/2eda9e4c87f949ba81dcafe48d45a283/group_snapshots/detail
2026-06-24 15:48:25.306 74 INFO cinder.api.openstack.wsgi [None req-c91efbb6-bc32-4465-a752-c5cb80c3dc8d cc37e76ac75f497d82851bbe600e7b55 2eda9e4c87f949ba81dcafe48d45a283 - - default default] http://[LB_IP_ADDRESS]:8776/v3/2eda9e4c87f949ba81dcafe48d45a283/group_snapshots/detail returned with HTTP 200
2026-06-24 15:48:25.322 73 INFO cinder.api.openstack.wsgi [None req-c9719773-1ce4-41d1-bc6d-d693ed0ece79 cc37e76ac75f497d82851bbe600e7b55 2eda9e4c87f949ba81dcafe48d45a283 - - default default] DELETE http://[LB_IP_ADDRESS]:8776/v3/2eda9e4c87f949ba81dcafe48d45a283/group_snapshots/77899149-8ad4-4737-8e7f-774f0afd7b66
2026-06-24 15:48:25.323 73 INFO cinder.api.v3.group_snapshots [None req-c9719773-1ce4-41d1-bc6d-d693ed0ece79 cc37e76ac75f497d82851bbe600e7b55 2eda9e4c87f949ba81dcafe48d45a283 - - default default] Delete group_snapshot with id: 77899149-8ad4-4737-8e7f-774f0afd7b66
2026-06-24 15:48:25.373 73 INFO cinder.api.openstack.wsgi [None req-c9719773-1ce4-41d1-bc6d-d693ed0ece79 cc37e76ac75f497d82851bbe600e7b55 2eda9e4c87f949ba81dcafe48d45a283 - - default default] http://[LB_IP_ADDRESS]:8776/v3/2eda9e4c87f949ba81dcafe48d45a283/group_snapshots/77899149-8ad4-4737-8e7f-774f0afd7b66 returned with HTTP 202
2026-06-24 15:48:25.384 76 INFO cinder.api.openstack.wsgi [None req-29195c29-2ba3-4cce-af29-bd8e1f9b2f54 cc37e76ac75f497d82851bbe600e7b55 2eda9e4c87f949ba81dcafe48d45a283 - - default default] GET http://[LB_IP_ADDRESS]:8776/v3/2eda9e4c87f949ba81dcafe48d45a283/volumes/detail
2026-06-24 15:48:25.399 76 INFO cinder.volume.api [None req-29195c29-2ba3-4cce-af29-bd8e1f9b2f54 cc37e76ac75f497d82851bbe600e7b55 2eda9e4c87f949ba81dcafe48d45a283 - - default default] Get all volumes completed successfully.
2026-06-24 15:48:25.427 76 INFO cinder.api.openstack.wsgi [None req-29195c29-2ba3-4cce-af29-bd8e1f9b2f54 cc37e76ac75f497d82851bbe600e7b55 2eda9e4c87f949ba81dcafe48d45a283 - - default default] http://[LB_IP_ADDRESS]:8776/v3/2eda9e4c87f949ba81dcafe48d45a283/volumes/detail returned with HTTP 200
2026-06-24 15:48:25.449 72 INFO cinder.api.openstack.wsgi [None req-52bd7873-624b-4c80-92da-ee61f2757ccf cc37e76ac75f497d82851bbe600e7b55 2eda9e4c87f949ba81dcafe48d45a283 - - default default] GET http://[LB_IP_ADDRESS]:8776/v3/2eda9e4c87f949ba81dcafe48d45a283/snapshots/detail
2026-06-24 15:48:25.458 72 INFO cinder.volume.api [None req-52bd7873-624b-4c80-92da-ee61f2757ccf cc37e76ac75f497d82851bbe600e7b55 2eda9e4c87f949ba81dcafe48d45a283 - - default default] Get all snapshots completed successfully.
2026-06-24 15:48:25.460 72 INFO cinder.api.openstack.wsgi [None req-52bd7873-624b-4c80-92da-ee61f2757ccf cc37e76ac75f497d82851bbe600e7b55 2eda9e4c87f949ba81dcafe48d45a283 - - default default] http://[LB_IP_ADDRESS]:8776/v3/2eda9e4c87f949ba81dcafe48d45a283/snapshots/detail returned with HTTP 200
2026-06-24 15:48:25.477 75 INFO cinder.api.openstack.wsgi [None req-42994f6d-6cbb-45e8-a25d-96f0424a3ccd cc37e76ac75f497d82851bbe600e7b55 2eda9e4c87f949ba81dcafe48d45a283 - - default default] GET http://[LB_IP_ADDRESS]:8776/v3/2eda9e4c87f949ba81dcafe48d45a283/snapshots/f618f720-3be3-47a7-8e61-8bdc1d994251
2026-06-24 15:48:25.490 75 INFO cinder.volume.api [None req-42994f6d-6cbb-45e8-a25d-96f0424a3ccd cc37e76ac75f497d82851bbe600e7b55 2eda9e4c87f949ba81dcafe48d45a283 - - default default] Snapshot retrieved successfully.
2026-06-24 15:48:25.492 75 INFO cinder.api.openstack.wsgi [None req-42994f6d-6cbb-45e8-a25d-96f0424a3ccd cc37e76ac75f497d82851bbe600e7b55 2eda9e4c87f949ba81dcafe48d45a283 - - default default] http://[LB_IP_ADDRESS]:8776/v3/2eda9e4c87f949ba81dcafe48d45a283/snapshots/f618f720-3be3-47a7-8e61-8bdc1d994251 returned with HTTP 200
2026-06-24 15:48:25.725 74 INFO cinder.api.openstack.wsgi [None req-19b63acb-a7bc-47ee-add1-f1d9f55c0f64 7e8b0b22a4c042359c881cf6818166c7 22e77b3405734e2ab4d11a6cafad7196 - - default default] GET http://[LB_IP_ADDRESS]:8776/v3/22e77b3405734e2ab4d11a6cafad7196/snapshots/3dc736c4-4f8d-4695-a41b-59e22dd5a8d1
2026-06-24 15:48:25.733 74 INFO cinder.api.openstack.wsgi [None req-19b63acb-a7bc-47ee-add1-f1d9f55c0f64 7e8b0b22a4c042359c881cf6818166c7 22e77b3405734e2ab4d11a6cafad7196 - - default default] http://[LB_IP_ADDRESS]:8776/v3/22e77b3405734e2ab4d11a6cafad7196/snapshots/3dc736c4-4f8d-4695-a41b-59e22dd5a8d1 returned with HTTP 404
2026-06-24 15:48:25.745 73 INFO cinder.api.openstack.wsgi [None req-171472d9-64c0-4274-884e-4ade0cb64069 7e8b0b22a4c042359c881cf6818166c7 22e77b3405734e2ab4d11a6cafad7196 - - default default] GET http://[LB_IP_ADDRESS]:8776/v3/22e77b3405734e2ab4d11a6cafad7196/volumes/0f6db725-f473-4204-abc8-f5ee9c654fc1
2026-06-24 15:48:25.767 73 INFO cinder.volume.api [None req-171472d9-64c0-4274-884e-4ade0cb64069 7e8b0b22a4c042359c881cf6818166c7 22e77b3405734e2ab4d11a6cafad7196 - - default default] Volume info retrieved successfully.
2026-06-24 15:48:25.776 73 INFO cinder.api.openstack.wsgi [None req-171472d9-64c0-4274-884e-4ade0cb64069 7e8b0b22a4c042359c881cf6818166c7 22e77b3405734e2ab4d11a6cafad7196 - - default default] http://[LB_IP_ADDRESS]:8776/v3/22e77b3405734e2ab4d11a6cafad7196/volumes/0f6db725-f473-4204-abc8-f5ee9c654fc1 returned with HTTP 200
2026-06-24 15:48:25.797 76 INFO cinder.api.openstack.wsgi [None req-45d6af01-77cf-42af-8938-2a2ae9d05b18 7e8b0b22a4c042359c881cf6818166c7 22e77b3405734e2ab4d11a6cafad7196 - - default default] DELETE http://[LB_IP_ADDRESS]:8776/v3/22e77b3405734e2ab4d11a6cafad7196/volumes/0f6db725-f473-4204-abc8-f5ee9c654fc1
2026-06-24 15:48:25.798 76 INFO cinder.api.v3.volumes [None req-45d6af01-77cf-42af-8938-2a2ae9d05b18 7e8b0b22a4c042359c881cf6818166c7 22e77b3405734e2ab4d11a6cafad7196 - - default default] Delete volume with id: 0f6db725-f473-4204-abc8-f5ee9c654fc1 
2026-06-24 15:48:25.813 76 INFO cinder.volume.api [None req-45d6af01-77cf-42af-8938-2a2ae9d05b18 7e8b0b22a4c042359c881cf6818166c7 22e77b3405734e2ab4d11a6cafad7196 - - default default] Volume info retrieved successfully.
2026-06-24 15:48:25.843 76 INFO cinder.volume.api [None req-45d6af01-77cf-42af-8938-2a2ae9d05b18 7e8b0b22a4c042359c881cf6818166c7 22e77b3405734e2ab4d11a6cafad7196 - - default default] Delete volume request issued successfully.
2026-06-24 15:48:25.844 76 INFO cinder.api.openstack.wsgi [None req-45d6af01-77cf-42af-8938-2a2ae9d05b18 7e8b0b22a4c042359c881cf6818166c7 22e77b3405734e2ab4d11a6cafad7196 - - default default] http://[LB_IP_ADDRESS]:8776/v3/22e77b3405734e2ab4d11a6cafad7196/volumes/0f6db725-f473-4204-abc8-f5ee9c654fc1 returned with HTTP 202
2026-06-24 15:48:25.856 72 INFO cinder.api.openstack.wsgi [None req-bc4a8c4a-836c-4599-8901-1de0c503616a 7e8b0b22a4c042359c881cf6818166c7 22e77b3405734e2ab4d11a6cafad7196 - - default default] GET http://[LB_IP_ADDRESS]:8776/v3/22e77b3405734e2ab4d11a6cafad7196/volumes/0f6db725-f473-4204-abc8-f5ee9c654fc1
2026-06-24 15:48:25.879 72 INFO cinder.volume.api [None req-bc4a8c4a-836c-4599-8901-1de0c503616a 7e8b0b22a4c042359c881cf6818166c7 22e77b3405734e2ab4d11a6cafad7196 - - default default] Volume info retrieved successfully.
2026-06-24 15:48:25.889 72 INFO cinder.api.openstack.wsgi [None req-bc4a8c4a-836c-4599-8901-1de0c503616a 7e8b0b22a4c042359c881cf6818166c7 22e77b3405734e2ab4d11a6cafad7196 - - default default] http://[LB_IP_ADDRESS]:8776/v3/22e77b3405734e2ab4d11a6cafad7196/volumes/0f6db725-f473-4204-abc8-f5ee9c654fc1 returned with HTTP 200
2026-06-24 15:48:26.508 75 INFO cinder.api.openstack.wsgi [None req-de2b6ef5-58cf-48e7-84ac-8fa1c7d42326 cc37e76ac75f497d82851bbe600e7b55 2eda9e4c87f949ba81dcafe48d45a283 - - default default] GET http://[LB_IP_ADDRESS]:8776/v3/2eda9e4c87f949ba81dcafe48d45a283/snapshots/f618f720-3be3-47a7-8e61-8bdc1d994251
2026-06-24 15:48:26.517 75 INFO cinder.api.openstack.wsgi [None req-de2b6ef5-58cf-48e7-84ac-8fa1c7d42326 cc37e76ac75f497d82851bbe600e7b55 2eda9e4c87f949ba81dcafe48d45a283 - - default default] http://[LB_IP_ADDRESS]:8776/v3/2eda9e4c87f949ba81dcafe48d45a283/snapshots/f618f720-3be3-47a7-8e61-8bdc1d994251 returned with HTTP 404
2026-06-24 15:48:26.529 74 INFO cinder.api.openstack.wsgi [None req-0d9ac127-58f6-409f-8807-208e4bb14972 cc37e76ac75f497d82851bbe600e7b55 2eda9e4c87f949ba81dcafe48d45a283 - - default default] GET http://[LB_IP_ADDRESS]:8776/v3/2eda9e4c87f949ba81dcafe48d45a283/group_snapshots/77899149-8ad4-4737-8e7f-774f0afd7b66
2026-06-24 15:48:26.535 74 INFO cinder.api.openstack.wsgi [None req-0d9ac127-58f6-409f-8807-208e4bb14972 cc37e76ac75f497d82851bbe600e7b55 2eda9e4c87f949ba81dcafe48d45a283 - - default default] http://[LB_IP_ADDRESS]:8776/v3/2eda9e4c87f949ba81dcafe48d45a283/group_snapshots/77899149-8ad4-4737-8e7f-774f0afd7b66 returned with HTTP 404
2026-06-24 15:48:26.548 73 INFO cinder.api.openstack.wsgi [None req-a8e6a065-3b91-43f8-b45a-2005232fc8c9 cc37e76ac75f497d82851bbe600e7b55 2eda9e4c87f949ba81dcafe48d45a283 - - default default] GET http://[LB_IP_ADDRESS]:8776/v3/2eda9e4c87f949ba81dcafe48d45a283/group_snapshots
2026-06-24 15:48:26.556 73 INFO cinder.api.openstack.wsgi [None req-a8e6a065-3b91-43f8-b45a-2005232fc8c9 cc37e76ac75f497d82851bbe600e7b55 2eda9e4c87f949ba81dcafe48d45a283 - - default default] http://[LB_IP_ADDRESS]:8776/v3/2eda9e4c87f949ba81dcafe48d45a283/group_snapshots returned with HTTP 200
2026-06-24 15:48:26.570 76 INFO cinder.api.openstack.wsgi [None req-31c6dec2-20ea-4874-bd9b-00f0d0702018 cc37e76ac75f497d82851bbe600e7b55 2eda9e4c87f949ba81dcafe48d45a283 - - default default] DELETE http://[LB_IP_ADDRESS]:8776/v3/2eda9e4c87f949ba81dcafe48d45a283/group_snapshots/77899149-8ad4-4737-8e7f-774f0afd7b66
2026-06-24 15:48:26.571 76 INFO cinder.api.v3.group_snapshots [None req-31c6dec2-20ea-4874-bd9b-00f0d0702018 cc37e76ac75f497d82851bbe600e7b55 2eda9e4c87f949ba81dcafe48d45a283 - - default default] Delete group_snapshot with id: 77899149-8ad4-4737-8e7f-774f0afd7b66
2026-06-24 15:48:26.576 76 INFO cinder.api.openstack.wsgi [None req-31c6dec2-20ea-4874-bd9b-00f0d0702018 cc37e76ac75f497d82851bbe600e7b55 2eda9e4c87f949ba81dcafe48d45a283 - - default default] http://[LB_IP_ADDRESS]:8776/v3/2eda9e4c87f949ba81dcafe48d45a283/group_snapshots/77899149-8ad4-4737-8e7f-774f0afd7b66 returned with HTTP 404
2026-06-24 15:48:26.588 72 INFO cinder.api.openstack.wsgi [None req-7a587201-5b94-48c0-b75f-5c1e86c54f9a cc37e76ac75f497d82851bbe600e7b55 2eda9e4c87f949ba81dcafe48d45a283 - - default default] GET http://[LB_IP_ADDRESS]:8776/v3/2eda9e4c87f949ba81dcafe48d45a283/volumes/detail
2026-06-24 15:48:26.603 72 INFO cinder.volume.api [None req-7a587201-5b94-48c0-b75f-5c1e86c54f9a cc37e76ac75f497d82851bbe600e7b55 2eda9e4c87f949ba81dcafe48d45a283 - - default default] Get all volumes completed successfully.
2026-06-24 15:48:26.631 72 INFO cinder.api.openstack.wsgi [None req-7a587201-5b94-48c0-b75f-5c1e86c54f9a cc37e76ac75f497d82851bbe600e7b55 2eda9e4c87f949ba81dcafe48d45a283 - - default default] http://[LB_IP_ADDRESS]:8776/v3/2eda9e4c87f949ba81dcafe48d45a283/volumes/detail returned with HTTP 200
2026-06-24 15:48:26.653 75 INFO cinder.api.openstack.wsgi [None req-22767adb-d9a8-4d13-96b8-c584e190f52f cc37e76ac75f497d82851bbe600e7b55 2eda9e4c87f949ba81dcafe48d45a283 - - default default] POST http://[LB_IP_ADDRESS]:8776/v3/2eda9e4c87f949ba81dcafe48d45a283/groups/7c49a293-51ee-49fe-a550-914984458f7c/action
2026-06-24 15:48:26.657 75 INFO cinder.api.v3.groups [None req-22767adb-d9a8-4d13-96b8-c584e190f52f cc37e76ac75f497d82851bbe600e7b55 2eda9e4c87f949ba81dcafe48d45a283 - - default default] Delete group with id: 7c49a293-51ee-49fe-a550-914984458f7c
2026-06-24 15:48:26.725 75 INFO cinder.api.openstack.wsgi [None req-22767adb-d9a8-4d13-96b8-c584e190f52f cc37e76ac75f497d82851bbe600e7b55 2eda9e4c87f949ba81dcafe48d45a283 - - default default] http://[LB_IP_ADDRESS]:8776/v3/2eda9e4c87f949ba81dcafe48d45a283/groups/7c49a293-51ee-49fe-a550-914984458f7c/action returned with HTTP 202
2026-06-24 15:48:26.737 74 INFO cinder.api.openstack.wsgi [None req-17d1cca7-feae-4ddb-8553-a6af8c380882 cc37e76ac75f497d82851bbe600e7b55 2eda9e4c87f949ba81dcafe48d45a283 - - default default] GET http://[LB_IP_ADDRESS]:8776/v3/2eda9e4c87f949ba81dcafe48d45a283/volumes/bb5529b9-c2d3-485b-813b-8fbe0d974131
2026-06-24 15:48:26.759 74 INFO cinder.volume.api [None req-17d1cca7-feae-4ddb-8553-a6af8c380882 cc37e76ac75f497d82851bbe600e7b55 2eda9e4c87f949ba81dcafe48d45a283 - - default default] Volume info retrieved successfully.
2026-06-24 15:48:26.787 74 INFO cinder.api.openstack.wsgi [None req-17d1cca7-feae-4ddb-8553-a6af8c380882 cc37e76ac75f497d82851bbe600e7b55 2eda9e4c87f949ba81dcafe48d45a283 - - default default] http://[LB_IP_ADDRESS]:8776/v3/2eda9e4c87f949ba81dcafe48d45a283/volumes/bb5529b9-c2d3-485b-813b-8fbe0d974131 returned with HTTP 200
2026-06-24 15:48:26.910 73 INFO cinder.api.openstack.wsgi [None req-9a257230-46a5-499d-8477-a9ad80a72bd9 7e8b0b22a4c042359c881cf6818166c7 22e77b3405734e2ab4d11a6cafad7196 - - default default] GET http://[LB_IP_ADDRESS]:8776/v3/22e77b3405734e2ab4d11a6cafad7196/volumes/0f6db725-f473-4204-abc8-f5ee9c654fc1
2026-06-24 15:48:26.923 73 INFO cinder.api.openstack.wsgi [None req-9a257230-46a5-499d-8477-a9ad80a72bd9 7e8b0b22a4c042359c881cf6818166c7 22e77b3405734e2ab4d11a6cafad7196 - - default default] http://[LB_IP_ADDRESS]:8776/v3/22e77b3405734e2ab4d11a6cafad7196/volumes/0f6db725-f473-4204-abc8-f5ee9c654fc1 returned with HTTP 404
2026-06-24 15:48:27.810 76 INFO cinder.api.openstack.wsgi [None req-03d42744-6f1a-4b71-bacc-f4163d8ae576 cc37e76ac75f497d82851bbe600e7b55 2eda9e4c87f949ba81dcafe48d45a283 - - default default] GET http://[LB_IP_ADDRESS]:8776/v3/2eda9e4c87f949ba81dcafe48d45a283/volumes/bb5529b9-c2d3-485b-813b-8fbe0d974131
2026-06-24 15:48:27.823 76 INFO cinder.api.openstack.wsgi [None req-03d42744-6f1a-4b71-bacc-f4163d8ae576 cc37e76ac75f497d82851bbe600e7b55 2eda9e4c87f949ba81dcafe48d45a283 - - default default] http://[LB_IP_ADDRESS]:8776/v3/2eda9e4c87f949ba81dcafe48d45a283/volumes/bb5529b9-c2d3-485b-813b-8fbe0d974131 returned with HTTP 404
2026-06-24 15:48:27.835 72 INFO cinder.api.openstack.wsgi [None req-69f6e0af-618f-4c22-b440-fecff4e30c89 cc37e76ac75f497d82851bbe600e7b55 2eda9e4c87f949ba81dcafe48d45a283 - - default default] GET http://[LB_IP_ADDRESS]:8776/v3/2eda9e4c87f949ba81dcafe48d45a283/groups/7c49a293-51ee-49fe-a550-914984458f7c
2026-06-24 15:48:27.841 72 INFO cinder.api.openstack.wsgi [None req-69f6e0af-618f-4c22-b440-fecff4e30c89 cc37e76ac75f497d82851bbe600e7b55 2eda9e4c87f949ba81dcafe48d45a283 - - default default] http://[LB_IP_ADDRESS]:8776/v3/2eda9e4c87f949ba81dcafe48d45a283/groups/7c49a293-51ee-49fe-a550-914984458f7c returned with HTTP 404
2026-06-24 15:48:27.853 75 INFO cinder.api.openstack.wsgi [None req-ffea84b3-446b-451b-af2e-27a5d0a5a888 ec1c028a73b04653878dbb4eafbd1e62 e4f6f04699a8480fa8e8cdc4b558aea4 - - default default] DELETE http://[LB_IP_ADDRESS]:8776/v3/e4f6f04699a8480fa8e8cdc4b558aea4/group_types/50eed10c-72db-4959-bb3c-811b0d8b46f7
2026-06-24 15:48:27.874 75 INFO cinder.api.openstack.wsgi [None req-ffea84b3-446b-451b-af2e-27a5d0a5a888 ec1c028a73b04653878dbb4eafbd1e62 e4f6f04699a8480fa8e8cdc4b558aea4 - - default default] http://[LB_IP_ADDRESS]:8776/v3/e4f6f04699a8480fa8e8cdc4b558aea4/group_types/50eed10c-72db-4959-bb3c-811b0d8b46f7 returned with HTTP 202
2026-06-24 15:48:27.886 74 INFO cinder.api.openstack.wsgi [None req-397deddf-8fc1-44be-a87a-d2bd0b243522 ec1c028a73b04653878dbb4eafbd1e62 e4f6f04699a8480fa8e8cdc4b558aea4 - - default default] DELETE http://[LB_IP_ADDRESS]:8776/v3/e4f6f04699a8480fa8e8cdc4b558aea4/types/540b80aa-86df-43ae-936f-a029808d3546
2026-06-24 15:48:27.939 74 INFO cinder.api.openstack.wsgi [None req-397deddf-8fc1-44be-a87a-d2bd0b243522 ec1c028a73b04653878dbb4eafbd1e62 e4f6f04699a8480fa8e8cdc4b558aea4 - - default default] http://[LB_IP_ADDRESS]:8776/v3/e4f6f04699a8480fa8e8cdc4b558aea4/types/540b80aa-86df-43ae-936f-a029808d3546 returned with HTTP 202
2026-06-24 15:48:27.951 73 INFO cinder.api.openstack.wsgi [None req-2ef3e78f-947c-4aa7-a342-4a348b319c96 ec1c028a73b04653878dbb4eafbd1e62 e4f6f04699a8480fa8e8cdc4b558aea4 - - default default] GET http://[LB_IP_ADDRESS]:8776/v3/e4f6f04699a8480fa8e8cdc4b558aea4/types/540b80aa-86df-43ae-936f-a029808d3546
2026-06-24 15:48:27.957 73 INFO cinder.api.openstack.wsgi [None req-2ef3e78f-947c-4aa7-a342-4a348b319c96 ec1c028a73b04653878dbb4eafbd1e62 e4f6f04699a8480fa8e8cdc4b558aea4 - - default default] http://[LB_IP_ADDRESS]:8776/v3/e4f6f04699a8480fa8e8cdc4b558aea4/types/540b80aa-86df-43ae-936f-a029808d3546 returned with HTTP 404
2026-06-24 15:48:30.849 76 INFO cinder.api.openstack.wsgi [None req-67dd89c5-473d-40c4-a89b-b0f647121fcb b04962ba23694705be76322457974d70 bd32d7ab30a04c2c986755f7727fd716 - - default default] POST http://[LB_IP_ADDRESS]:8776/v3/bd32d7ab30a04c2c986755f7727fd716/types
2026-06-24 15:48:30.883 76 INFO cinder.api.openstack.wsgi [None req-67dd89c5-473d-40c4-a89b-b0f647121fcb b04962ba23694705be76322457974d70 bd32d7ab30a04c2c986755f7727fd716 - - default default] http://[LB_IP_ADDRESS]:8776/v3/bd32d7ab30a04c2c986755f7727fd716/types returned with HTTP 200
2026-06-24 15:48:30.902 72 INFO cinder.api.openstack.wsgi [None req-e81c5494-acbe-4cd8-bb0a-d9a2ab9539f3 b04962ba23694705be76322457974d70 bd32d7ab30a04c2c986755f7727fd716 - - default default] POST http://[LB_IP_ADDRESS]:8776/v3/bd32d7ab30a04c2c986755f7727fd716/group_types
2026-06-24 15:48:30.932 72 INFO cinder.api.openstack.wsgi [None req-e81c5494-acbe-4cd8-bb0a-d9a2ab9539f3 b04962ba23694705be76322457974d70 bd32d7ab30a04c2c986755f7727fd716 - - default default] http://[LB_IP_ADDRESS]:8776/v3/bd32d7ab30a04c2c986755f7727fd716/group_types returned with HTTP 202
2026-06-24 15:48:31.080 75 INFO cinder.api.openstack.wsgi [None req-ca3fbb95-a4cc-4b19-9988-a7315f4dc6fc ae965428ceeb48e480342b9d613c8b52 973ab5a7ccc24ae6aecbed97824cfa4a - - default default] POST http://[LB_IP_ADDRESS]:8776/v3/973ab5a7ccc24ae6aecbed97824cfa4a/groups
2026-06-24 15:48:31.114 75 INFO cinder.api.v3.groups [None req-ca3fbb95-a4cc-4b19-9988-a7315f4dc6fc ae965428ceeb48e480342b9d613c8b52 973ab5a7ccc24ae6aecbed97824cfa4a - - default default] Creating group tempest-GroupsV320Test-Group-379189527.
2026-06-24 15:48:31.128 75 INFO cinder.volume.api [None req-ca3fbb95-a4cc-4b19-9988-a7315f4dc6fc ae965428ceeb48e480342b9d613c8b52 973ab5a7ccc24ae6aecbed97824cfa4a - - default default] Availability Zones retrieved successfully.
2026-06-24 15:48:31.278 75 INFO cinder.api.openstack.wsgi [None req-ca3fbb95-a4cc-4b19-9988-a7315f4dc6fc ae965428ceeb48e480342b9d613c8b52 973ab5a7ccc24ae6aecbed97824cfa4a - - default default] http://[LB_IP_ADDRESS]:8776/v3/973ab5a7ccc24ae6aecbed97824cfa4a/groups returned with HTTP 202
2026-06-24 15:48:31.294 74 INFO cinder.api.openstack.wsgi [None req-1cf0564c-9945-41d5-b4c0-fdae8c52733f ae965428ceeb48e480342b9d613c8b52 973ab5a7ccc24ae6aecbed97824cfa4a - - default default] GET http://[LB_IP_ADDRESS]:8776/v3/973ab5a7ccc24ae6aecbed97824cfa4a/groups/ebaa8674-1c1f-4d0d-92e8-b6596d1f49a9
2026-06-24 15:48:31.316 74 INFO cinder.api.openstack.wsgi [None req-1cf0564c-9945-41d5-b4c0-fdae8c52733f ae965428ceeb48e480342b9d613c8b52 973ab5a7ccc24ae6aecbed97824cfa4a - - default default] http://[LB_IP_ADDRESS]:8776/v3/973ab5a7ccc24ae6aecbed97824cfa4a/groups/ebaa8674-1c1f-4d0d-92e8-b6596d1f49a9 returned with HTTP 200
2026-06-24 15:48:32.333 73 INFO cinder.api.openstack.wsgi [None req-20bbbbc0-992d-4210-8724-91e95c3c4431 ae965428ceeb48e480342b9d613c8b52 973ab5a7ccc24ae6aecbed97824cfa4a - - default default] GET http://[LB_IP_ADDRESS]:8776/v3/973ab5a7ccc24ae6aecbed97824cfa4a/groups/ebaa8674-1c1f-4d0d-92e8-b6596d1f49a9
2026-06-24 15:48:32.358 73 INFO cinder.api.openstack.wsgi [None req-20bbbbc0-992d-4210-8724-91e95c3c4431 ae965428ceeb48e480342b9d613c8b52 973ab5a7ccc24ae6aecbed97824cfa4a - - default default] http://[LB_IP_ADDRESS]:8776/v3/973ab5a7ccc24ae6aecbed97824cfa4a/groups/ebaa8674-1c1f-4d0d-92e8-b6596d1f49a9 returned with HTTP 200
2026-06-24 15:48:32.374 76 INFO cinder.api.openstack.wsgi [None req-1ada6cef-d462-4279-8a96-5753e95c6012 b04962ba23694705be76322457974d70 bd32d7ab30a04c2c986755f7727fd716 - - default default] POST http://[LB_IP_ADDRESS]:8776/v3/bd32d7ab30a04c2c986755f7727fd716/groups/ebaa8674-1c1f-4d0d-92e8-b6596d1f49a9/action
2026-06-24 15:48:32.392 76 INFO cinder.api.openstack.wsgi [None req-1ada6cef-d462-4279-8a96-5753e95c6012 b04962ba23694705be76322457974d70 bd32d7ab30a04c2c986755f7727fd716 - - default default] http://[LB_IP_ADDRESS]:8776/v3/bd32d7ab30a04c2c986755f7727fd716/groups/ebaa8674-1c1f-4d0d-92e8-b6596d1f49a9/action returned with HTTP 202
2026-06-24 15:48:32.404 72 INFO cinder.api.openstack.wsgi [None req-fbd883ee-d4ff-4f47-9469-f38a28076edc ae965428ceeb48e480342b9d613c8b52 973ab5a7ccc24ae6aecbed97824cfa4a - - default default] GET http://[LB_IP_ADDRESS]:8776/v3/973ab5a7ccc24ae6aecbed97824cfa4a/groups/ebaa8674-1c1f-4d0d-92e8-b6596d1f49a9
2026-06-24 15:48:32.426 72 INFO cinder.api.openstack.wsgi [None req-fbd883ee-d4ff-4f47-9469-f38a28076edc ae965428ceeb48e480342b9d613c8b52 973ab5a7ccc24ae6aecbed97824cfa4a - - default default] http://[LB_IP_ADDRESS]:8776/v3/973ab5a7ccc24ae6aecbed97824cfa4a/groups/ebaa8674-1c1f-4d0d-92e8-b6596d1f49a9 returned with HTTP 200
2026-06-24 15:48:32.444 75 INFO cinder.api.openstack.wsgi [None req-8960bb33-1d5c-400f-a3a6-513a65087cc8 b04962ba23694705be76322457974d70 bd32d7ab30a04c2c986755f7727fd716 - - default default] POST http://[LB_IP_ADDRESS]:8776/v3/bd32d7ab30a04c2c986755f7727fd716/groups/ebaa8674-1c1f-4d0d-92e8-b6596d1f49a9/action
2026-06-24 15:48:32.462 75 INFO cinder.api.openstack.wsgi [None req-8960bb33-1d5c-400f-a3a6-513a65087cc8 b04962ba23694705be76322457974d70 bd32d7ab30a04c2c986755f7727fd716 - - default default] http://[LB_IP_ADDRESS]:8776/v3/bd32d7ab30a04c2c986755f7727fd716/groups/ebaa8674-1c1f-4d0d-92e8-b6596d1f49a9/action returned with HTTP 202
2026-06-24 15:48:32.474 74 INFO cinder.api.openstack.wsgi [None req-866d3522-12ac-4089-b05e-1e975f8528a2 ae965428ceeb48e480342b9d613c8b52 973ab5a7ccc24ae6aecbed97824cfa4a - - default default] GET http://[LB_IP_ADDRESS]:8776/v3/973ab5a7ccc24ae6aecbed97824cfa4a/groups/ebaa8674-1c1f-4d0d-92e8-b6596d1f49a9
2026-06-24 15:48:32.496 74 INFO cinder.api.openstack.wsgi [None req-866d3522-12ac-4089-b05e-1e975f8528a2 ae965428ceeb48e480342b9d613c8b52 973ab5a7ccc24ae6aecbed97824cfa4a - - default default] http://[LB_IP_ADDRESS]:8776/v3/973ab5a7ccc24ae6aecbed97824cfa4a/groups/ebaa8674-1c1f-4d0d-92e8-b6596d1f49a9 returned with HTTP 200
2026-06-24 15:48:32.513 73 INFO cinder.api.openstack.wsgi [None req-8427eba7-ffd9-40ce-8d13-486de00b3d22 b04962ba23694705be76322457974d70 bd32d7ab30a04c2c986755f7727fd716 - - default default] POST http://[LB_IP_ADDRESS]:8776/v3/bd32d7ab30a04c2c986755f7727fd716/groups/ebaa8674-1c1f-4d0d-92e8-b6596d1f49a9/action
2026-06-24 15:48:32.531 73 INFO cinder.api.openstack.wsgi [None req-8427eba7-ffd9-40ce-8d13-486de00b3d22 b04962ba23694705be76322457974d70 bd32d7ab30a04c2c986755f7727fd716 - - default default] http://[LB_IP_ADDRESS]:8776/v3/bd32d7ab30a04c2c986755f7727fd716/groups/ebaa8674-1c1f-4d0d-92e8-b6596d1f49a9/action returned with HTTP 202
2026-06-24 15:48:32.543 76 INFO cinder.api.openstack.wsgi [None req-f8f17479-05db-47a0-9138-b7acd46c8aaf ae965428ceeb48e480342b9d613c8b52 973ab5a7ccc24ae6aecbed97824cfa4a - - default default] GET http://[LB_IP_ADDRESS]:8776/v3/973ab5a7ccc24ae6aecbed97824cfa4a/groups/ebaa8674-1c1f-4d0d-92e8-b6596d1f49a9
2026-06-24 15:48:32.564 76 INFO cinder.api.openstack.wsgi [None req-f8f17479-05db-47a0-9138-b7acd46c8aaf ae965428ceeb48e480342b9d613c8b52 973ab5a7ccc24ae6aecbed97824cfa4a - - default default] http://[LB_IP_ADDRESS]:8776/v3/973ab5a7ccc24ae6aecbed97824cfa4a/groups/ebaa8674-1c1f-4d0d-92e8-b6596d1f49a9 returned with HTTP 200
2026-06-24 15:48:32.581 72 INFO cinder.api.openstack.wsgi [None req-720a08d2-7163-4350-91c9-3efbf784b8d1 b04962ba23694705be76322457974d70 bd32d7ab30a04c2c986755f7727fd716 - - default default] POST http://[LB_IP_ADDRESS]:8776/v3/bd32d7ab30a04c2c986755f7727fd716/groups/ebaa8674-1c1f-4d0d-92e8-b6596d1f49a9/action
2026-06-24 15:48:32.598 72 INFO cinder.api.openstack.wsgi [None req-720a08d2-7163-4350-91c9-3efbf784b8d1 b04962ba23694705be76322457974d70 bd32d7ab30a04c2c986755f7727fd716 - - default default] http://[LB_IP_ADDRESS]:8776/v3/bd32d7ab30a04c2c986755f7727fd716/groups/ebaa8674-1c1f-4d0d-92e8-b6596d1f49a9/action returned with HTTP 202
2026-06-24 15:48:32.611 75 INFO cinder.api.openstack.wsgi [None req-9faba86e-c872-4421-a4d0-85c394c24eab ae965428ceeb48e480342b9d613c8b52 973ab5a7ccc24ae6aecbed97824cfa4a - - default default] GET http://[LB_IP_ADDRESS]:8776/v3/973ab5a7ccc24ae6aecbed97824cfa4a/groups/ebaa8674-1c1f-4d0d-92e8-b6596d1f49a9
2026-06-24 15:48:32.634 75 INFO cinder.api.openstack.wsgi [None req-9faba86e-c872-4421-a4d0-85c394c24eab ae965428ceeb48e480342b9d613c8b52 973ab5a7ccc24ae6aecbed97824cfa4a - - default default] http://[LB_IP_ADDRESS]:8776/v3/973ab5a7ccc24ae6aecbed97824cfa4a/groups/ebaa8674-1c1f-4d0d-92e8-b6596d1f49a9 returned with HTTP 200
2026-06-24 15:48:32.651 74 INFO cinder.api.openstack.wsgi [None req-b0422a5f-782b-4749-8b7d-92f087b7880d ae965428ceeb48e480342b9d613c8b52 973ab5a7ccc24ae6aecbed97824cfa4a - - default default] GET http://[LB_IP_ADDRESS]:8776/v3/973ab5a7ccc24ae6aecbed97824cfa4a/volumes/detail
2026-06-24 15:48:32.664 74 INFO cinder.volume.api [None req-b0422a5f-782b-4749-8b7d-92f087b7880d ae965428ceeb48e480342b9d613c8b52 973ab5a7ccc24ae6aecbed97824cfa4a - - default default] Get all volumes completed successfully.
2026-06-24 15:48:32.669 74 INFO cinder.api.openstack.wsgi [None req-b0422a5f-782b-4749-8b7d-92f087b7880d ae965428ceeb48e480342b9d613c8b52 973ab5a7ccc24ae6aecbed97824cfa4a - - default default] http://[LB_IP_ADDRESS]:8776/v3/973ab5a7ccc24ae6aecbed97824cfa4a/volumes/detail returned with HTTP 200
2026-06-24 15:48:32.690 73 INFO cinder.api.openstack.wsgi [None req-b0d99a2f-2f7c-4b51-b14b-b479599c39ee ae965428ceeb48e480342b9d613c8b52 973ab5a7ccc24ae6aecbed97824cfa4a - - default default] POST http://[LB_IP_ADDRESS]:8776/v3/973ab5a7ccc24ae6aecbed97824cfa4a/groups/ebaa8674-1c1f-4d0d-92e8-b6596d1f49a9/action
2026-06-24 15:48:32.695 73 INFO cinder.api.v3.groups [None req-b0d99a2f-2f7c-4b51-b14b-b479599c39ee ae965428ceeb48e480342b9d613c8b52 973ab5a7ccc24ae6aecbed97824cfa4a - - default default] Delete group with id: ebaa8674-1c1f-4d0d-92e8-b6596d1f49a9
2026-06-24 15:48:32.742 73 INFO cinder.api.openstack.wsgi [None req-b0d99a2f-2f7c-4b51-b14b-b479599c39ee ae965428ceeb48e480342b9d613c8b52 973ab5a7ccc24ae6aecbed97824cfa4a - - default default] http://[LB_IP_ADDRESS]:8776/v3/973ab5a7ccc24ae6aecbed97824cfa4a/groups/ebaa8674-1c1f-4d0d-92e8-b6596d1f49a9/action returned with HTTP 202
2026-06-24 15:48:32.754 76 INFO cinder.api.openstack.wsgi [None req-92455d15-f22b-4c1d-9889-a63f07cbe134 ae965428ceeb48e480342b9d613c8b52 973ab5a7ccc24ae6aecbed97824cfa4a - - default default] GET http://[LB_IP_ADDRESS]:8776/v3/973ab5a7ccc24ae6aecbed97824cfa4a/groups/ebaa8674-1c1f-4d0d-92e8-b6596d1f49a9
2026-06-24 15:48:32.776 76 INFO cinder.api.openstack.wsgi [None req-92455d15-f22b-4c1d-9889-a63f07cbe134 ae965428ceeb48e480342b9d613c8b52 973ab5a7ccc24ae6aecbed97824cfa4a - - default default] http://[LB_IP_ADDRESS]:8776/v3/973ab5a7ccc24ae6aecbed97824cfa4a/groups/ebaa8674-1c1f-4d0d-92e8-b6596d1f49a9 returned with HTTP 200
2026-06-24 15:48:33.483 72 INFO cinder.api.openstack.wsgi [None req-4357a67c-2f2f-4066-9105-a08340cd11f6 baaa28cb23db422eab655f4621a4573c a47387894fd347739f9bd2ae27cb46ba - - default default] GET http://[LB_IP_ADDRESS]:8776/v3/a47387894fd347739f9bd2ae27cb46ba/os-hosts
2026-06-24 15:48:33.493 72 INFO cinder.api.openstack.wsgi [None req-4357a67c-2f2f-4066-9105-a08340cd11f6 baaa28cb23db422eab655f4621a4573c a47387894fd347739f9bd2ae27cb46ba - - default default] http://[LB_IP_ADDRESS]:8776/v3/a47387894fd347739f9bd2ae27cb46ba/os-hosts returned with HTTP 200
2026-06-24 15:48:33.512 75 INFO cinder.api.openstack.wsgi [None req-5e461e0c-d455-47bb-8b3c-2c90cf9ee769 baaa28cb23db422eab655f4621a4573c a47387894fd347739f9bd2ae27cb46ba - - default default] GET http://[LB_IP_ADDRESS]:8776/v3/a47387894fd347739f9bd2ae27cb46ba/os-hosts
2026-06-24 15:48:33.523 75 INFO cinder.api.openstack.wsgi [None req-5e461e0c-d455-47bb-8b3c-2c90cf9ee769 baaa28cb23db422eab655f4621a4573c a47387894fd347739f9bd2ae27cb46ba - - default default] http://[LB_IP_ADDRESS]:8776/v3/a47387894fd347739f9bd2ae27cb46ba/os-hosts returned with HTTP 200
2026-06-24 15:48:33.538 74 INFO cinder.api.openstack.wsgi [None req-b4cdaf26-7091-409e-af81-0ffbcfb80bd0 baaa28cb23db422eab655f4621a4573c a47387894fd347739f9bd2ae27cb46ba - - default default] GET http://[LB_IP_ADDRESS]:8776/v3/a47387894fd347739f9bd2ae27cb46ba/os-hosts/rack04-server61@LIGHTOSecxuuy
2026-06-24 15:48:33.560 74 INFO cinder.api.openstack.wsgi [None req-b4cdaf26-7091-409e-af81-0ffbcfb80bd0 baaa28cb23db422eab655f4621a4573c a47387894fd347739f9bd2ae27cb46ba - - default default] http://[LB_IP_ADDRESS]:8776/v3/a47387894fd347739f9bd2ae27cb46ba/os-hosts/rack04-server61@LIGHTOSecxuuy returned with HTTP 200
2026-06-24 15:48:33.793 73 INFO cinder.api.openstack.wsgi [None req-ecf01cd2-3053-4096-899e-f70fb725c464 ae965428ceeb48e480342b9d613c8b52 973ab5a7ccc24ae6aecbed97824cfa4a - - default default] GET http://[LB_IP_ADDRESS]:8776/v3/973ab5a7ccc24ae6aecbed97824cfa4a/groups/ebaa8674-1c1f-4d0d-92e8-b6596d1f49a9
2026-06-24 15:48:33.799 73 INFO cinder.api.openstack.wsgi [None req-ecf01cd2-3053-4096-899e-f70fb725c464 ae965428ceeb48e480342b9d613c8b52 973ab5a7ccc24ae6aecbed97824cfa4a - - default default] http://[LB_IP_ADDRESS]:8776/v3/973ab5a7ccc24ae6aecbed97824cfa4a/groups/ebaa8674-1c1f-4d0d-92e8-b6596d1f49a9 returned with HTTP 404
2026-06-24 15:48:33.811 76 INFO cinder.api.openstack.wsgi [None req-4909b879-7ab9-4b4e-a8c8-faa3da298509 b04962ba23694705be76322457974d70 bd32d7ab30a04c2c986755f7727fd716 - - default default] DELETE http://[LB_IP_ADDRESS]:8776/v3/bd32d7ab30a04c2c986755f7727fd716/group_types/f8ee571a-e6f0-489b-bfdb-8167d97676a0
2026-06-24 15:48:33.831 76 INFO cinder.api.openstack.wsgi [None req-4909b879-7ab9-4b4e-a8c8-faa3da298509 b04962ba23694705be76322457974d70 bd32d7ab30a04c2c986755f7727fd716 - - default default] http://[LB_IP_ADDRESS]:8776/v3/bd32d7ab30a04c2c986755f7727fd716/group_types/f8ee571a-e6f0-489b-bfdb-8167d97676a0 returned with HTTP 202
2026-06-24 15:48:33.843 72 INFO cinder.api.openstack.wsgi [None req-6e1565cd-74c3-430c-8a2a-9e32a30736b6 b04962ba23694705be76322457974d70 bd32d7ab30a04c2c986755f7727fd716 - - default default] DELETE http://[LB_IP_ADDRESS]:8776/v3/bd32d7ab30a04c2c986755f7727fd716/types/aa9e52c8-8f39-412c-8d64-916accc6c6aa
2026-06-24 15:48:33.896 72 INFO cinder.api.openstack.wsgi [None req-6e1565cd-74c3-430c-8a2a-9e32a30736b6 b04962ba23694705be76322457974d70 bd32d7ab30a04c2c986755f7727fd716 - - default default] http://[LB_IP_ADDRESS]:8776/v3/bd32d7ab30a04c2c986755f7727fd716/types/aa9e52c8-8f39-412c-8d64-916accc6c6aa returned with HTTP 202
2026-06-24 15:48:33.909 75 INFO cinder.api.openstack.wsgi [None req-8ea22871-be98-45d1-904c-92befed77182 b04962ba23694705be76322457974d70 bd32d7ab30a04c2c986755f7727fd716 - - default default] GET http://[LB_IP_ADDRESS]:8776/v3/bd32d7ab30a04c2c986755f7727fd716/types/aa9e52c8-8f39-412c-8d64-916accc6c6aa
2026-06-24 15:48:33.915 75 INFO cinder.api.openstack.wsgi [None req-8ea22871-be98-45d1-904c-92befed77182 b04962ba23694705be76322457974d70 bd32d7ab30a04c2c986755f7727fd716 - - default default] http://[LB_IP_ADDRESS]:8776/v3/bd32d7ab30a04c2c986755f7727fd716/types/aa9e52c8-8f39-412c-8d64-916accc6c6aa returned with HTTP 404
2026-06-24 15:48:34.657 74 INFO cinder.api.openstack.wsgi [None req-618d6043-e48e-4c2b-a565-0c7a653418dd 21eba906ddd341b48bf7e88f13562d3f 4ddef779a6c0471084a6d030e88a7151 - - default default] POST http://[LB_IP_ADDRESS]:8776/v3/4ddef779a6c0471084a6d030e88a7151/types
2026-06-24 15:48:34.689 74 INFO cinder.api.openstack.wsgi [None req-618d6043-e48e-4c2b-a565-0c7a653418dd 21eba906ddd341b48bf7e88f13562d3f 4ddef779a6c0471084a6d030e88a7151 - - default default] http://[LB_IP_ADDRESS]:8776/v3/4ddef779a6c0471084a6d030e88a7151/types returned with HTTP 200
2026-06-24 15:48:34.704 73 INFO cinder.api.openstack.wsgi [None req-3209a8d3-a23c-4081-92da-785c72b6f585 21eba906ddd341b48bf7e88f13562d3f 4ddef779a6c0471084a6d030e88a7151 - - default default] POST http://[LB_IP_ADDRESS]:8776/v3/4ddef779a6c0471084a6d030e88a7151/group_types
2026-06-24 15:48:34.734 73 INFO cinder.api.openstack.wsgi [None req-3209a8d3-a23c-4081-92da-785c72b6f585 21eba906ddd341b48bf7e88f13562d3f 4ddef779a6c0471084a6d030e88a7151 - - default default] http://[LB_IP_ADDRESS]:8776/v3/4ddef779a6c0471084a6d030e88a7151/group_types returned with HTTP 202
2026-06-24 15:48:34.935 76 INFO cinder.api.openstack.wsgi [None req-a5ab8788-721c-4f2b-a7e5-5681d2458d42 787c95493e2548338f9f9d4d92c46490 9437fe935cdb43c7a170424b6b6420ac - - default default] POST http://[LB_IP_ADDRESS]:8776/v3/9437fe935cdb43c7a170424b6b6420ac/groups
2026-06-24 15:48:34.947 76 INFO cinder.api.v3.groups [None req-a5ab8788-721c-4f2b-a7e5-5681d2458d42 787c95493e2548338f9f9d4d92c46490 9437fe935cdb43c7a170424b6b6420ac - - default default] Creating group tempest-GroupSnapshotsV319Test-Group-2137776546.
2026-06-24 15:48:34.957 76 INFO cinder.volume.api [None req-a5ab8788-721c-4f2b-a7e5-5681d2458d42 787c95493e2548338f9f9d4d92c46490 9437fe935cdb43c7a170424b6b6420ac - - default default] Availability Zones retrieved successfully.
2026-06-24 15:48:35.091 76 INFO cinder.api.openstack.wsgi [None req-a5ab8788-721c-4f2b-a7e5-5681d2458d42 787c95493e2548338f9f9d4d92c46490 9437fe935cdb43c7a170424b6b6420ac - - default default] http://[LB_IP_ADDRESS]:8776/v3/9437fe935cdb43c7a170424b6b6420ac/groups returned with HTTP 202
2026-06-24 15:48:35.106 72 INFO cinder.api.openstack.wsgi [None req-aa3efa33-3f29-4cf5-a75c-f221f5bc0b03 787c95493e2548338f9f9d4d92c46490 9437fe935cdb43c7a170424b6b6420ac - - default default] GET http://[LB_IP_ADDRESS]:8776/v3/9437fe935cdb43c7a170424b6b6420ac/groups/85a8afe5-07e1-49d8-b9c5-77f117ae4075
2026-06-24 15:48:35.128 72 INFO cinder.api.openstack.wsgi [None req-aa3efa33-3f29-4cf5-a75c-f221f5bc0b03 787c95493e2548338f9f9d4d92c46490 9437fe935cdb43c7a170424b6b6420ac - - default default] http://[LB_IP_ADDRESS]:8776/v3/9437fe935cdb43c7a170424b6b6420ac/groups/85a8afe5-07e1-49d8-b9c5-77f117ae4075 returned with HTTP 200
2026-06-24 15:48:36.145 75 INFO cinder.api.openstack.wsgi [None req-67529473-88c6-4b4f-a242-8a6b36288e11 787c95493e2548338f9f9d4d92c46490 9437fe935cdb43c7a170424b6b6420ac - - default default] GET http://[LB_IP_ADDRESS]:8776/v3/9437fe935cdb43c7a170424b6b6420ac/groups/85a8afe5-07e1-49d8-b9c5-77f117ae4075
2026-06-24 15:48:36.170 75 INFO cinder.api.openstack.wsgi [None req-67529473-88c6-4b4f-a242-8a6b36288e11 787c95493e2548338f9f9d4d92c46490 9437fe935cdb43c7a170424b6b6420ac - - default default] http://[LB_IP_ADDRESS]:8776/v3/9437fe935cdb43c7a170424b6b6420ac/groups/85a8afe5-07e1-49d8-b9c5-77f117ae4075 returned with HTTP 200
2026-06-24 15:48:36.186 74 INFO cinder.api.openstack.wsgi [None req-bf9860ff-fea4-4604-9bc4-46d29007265a 787c95493e2548338f9f9d4d92c46490 9437fe935cdb43c7a170424b6b6420ac - - default default] POST http://[LB_IP_ADDRESS]:8776/v3/9437fe935cdb43c7a170424b6b6420ac/volumes
2026-06-24 15:48:36.202 74 INFO cinder.api.v3.volumes [None req-bf9860ff-fea4-4604-9bc4-46d29007265a 787c95493e2548338f9f9d4d92c46490 9437fe935cdb43c7a170424b6b6420ac - - default default] Create volume of 1 GB
2026-06-24 15:48:36.211 74 INFO cinder.volume.api [None req-bf9860ff-fea4-4604-9bc4-46d29007265a 787c95493e2548338f9f9d4d92c46490 9437fe935cdb43c7a170424b6b6420ac - - default default] Availability Zones retrieved successfully.
2026-06-24 15:48:36.598 74 WARNING cinder.quota [None req-bf9860ff-fea4-4604-9bc4-46d29007265a 787c95493e2548338f9f9d4d92c46490 9437fe935cdb43c7a170424b6b6420ac - - default default] Deprecated: Default quota for resource: volumes_tempest-GroupSnapshotsV319Test-volume-type-1139582467 is set by the default quota flag: quota_volumes_tempest-GroupSnapshotsV319Test-volume-type-1139582467, it is now deprecated. Please use the default quota class for default quota.
2026-06-24 15:48:36.600 74 WARNING cinder.quota [None req-bf9860ff-fea4-4604-9bc4-46d29007265a 787c95493e2548338f9f9d4d92c46490 9437fe935cdb43c7a170424b6b6420ac - - default default] Deprecated: Default quota for resource: gigabytes_tempest-GroupSnapshotsV319Test-volume-type-1139582467 is set by the default quota flag: quota_gigabytes_tempest-GroupSnapshotsV319Test-volume-type-1139582467, it is now deprecated. Please use the default quota class for default quota.
2026-06-24 15:48:36.744 74 INFO cinder.volume.api [None req-bf9860ff-fea4-4604-9bc4-46d29007265a 787c95493e2548338f9f9d4d92c46490 9437fe935cdb43c7a170424b6b6420ac - - default default] Create volume request issued successfully.
2026-06-24 15:48:36.765 74 INFO cinder.api.openstack.wsgi [None req-bf9860ff-fea4-4604-9bc4-46d29007265a 787c95493e2548338f9f9d4d92c46490 9437fe935cdb43c7a170424b6b6420ac - - default default] http://[LB_IP_ADDRESS]:8776/v3/9437fe935cdb43c7a170424b6b6420ac/volumes returned with HTTP 202
2026-06-24 15:48:36.788 73 INFO cinder.api.openstack.wsgi [None req-458ff638-b19a-476b-a1a8-368556222356 787c95493e2548338f9f9d4d92c46490 9437fe935cdb43c7a170424b6b6420ac - - default default] GET http://[LB_IP_ADDRESS]:8776/v3/9437fe935cdb43c7a170424b6b6420ac/volumes/2c92cc56-d279-4624-bf8d-ad3a0a8a441a
2026-06-24 15:48:36.810 73 INFO cinder.volume.api [None req-458ff638-b19a-476b-a1a8-368556222356 787c95493e2548338f9f9d4d92c46490 9437fe935cdb43c7a170424b6b6420ac - - default default] Volume info retrieved successfully.
2026-06-24 15:48:36.840 73 INFO cinder.api.openstack.wsgi [None req-458ff638-b19a-476b-a1a8-368556222356 787c95493e2548338f9f9d4d92c46490 9437fe935cdb43c7a170424b6b6420ac - - default default] http://[LB_IP_ADDRESS]:8776/v3/9437fe935cdb43c7a170424b6b6420ac/volumes/2c92cc56-d279-4624-bf8d-ad3a0a8a441a returned with HTTP 200
2026-06-24 15:48:37.862 76 INFO cinder.api.openstack.wsgi [None req-8236f8ca-3f6b-48fd-be5a-c05f2e764096 787c95493e2548338f9f9d4d92c46490 9437fe935cdb43c7a170424b6b6420ac - - default default] GET http://[LB_IP_ADDRESS]:8776/v3/9437fe935cdb43c7a170424b6b6420ac/volumes/2c92cc56-d279-4624-bf8d-ad3a0a8a441a
2026-06-24 15:48:37.886 76 INFO cinder.volume.api [None req-8236f8ca-3f6b-48fd-be5a-c05f2e764096 787c95493e2548338f9f9d4d92c46490 9437fe935cdb43c7a170424b6b6420ac - - default default] Volume info retrieved successfully.
2026-06-24 15:48:37.914 76 INFO cinder.api.openstack.wsgi [None req-8236f8ca-3f6b-48fd-be5a-c05f2e764096 787c95493e2548338f9f9d4d92c46490 9437fe935cdb43c7a170424b6b6420ac - - default default] http://[LB_IP_ADDRESS]:8776/v3/9437fe935cdb43c7a170424b6b6420ac/volumes/2c92cc56-d279-4624-bf8d-ad3a0a8a441a returned with HTTP 200
2026-06-24 15:48:37.937 72 INFO cinder.api.openstack.wsgi [None req-d8acc502-bc6f-4ea0-9468-5498e672c8d2 787c95493e2548338f9f9d4d92c46490 9437fe935cdb43c7a170424b6b6420ac - - default default] POST http://[LB_IP_ADDRESS]:8776/v3/9437fe935cdb43c7a170424b6b6420ac/group_snapshots
2026-06-24 15:48:37.955 72 INFO cinder.api.v3.group_snapshots [None req-d8acc502-bc6f-4ea0-9468-5498e672c8d2 787c95493e2548338f9f9d4d92c46490 9437fe935cdb43c7a170424b6b6420ac - - default default] Creating group_snapshot tempest-GroupSnapshotsV319Test-Group_Snapshot-1334324509.
2026-06-24 15:48:38.349 72 WARNING cinder.quota [None req-d8acc502-bc6f-4ea0-9468-5498e672c8d2 787c95493e2548338f9f9d4d92c46490 9437fe935cdb43c7a170424b6b6420ac - - default default] Deprecated: Default quota for resource: gigabytes_tempest-GroupSnapshotsV319Test-volume-type-1139582467 is set by the default quota flag: quota_gigabytes_tempest-GroupSnapshotsV319Test-volume-type-1139582467, it is now deprecated. Please use the default quota class for default quota.
2026-06-24 15:48:38.350 72 WARNING cinder.quota [None req-d8acc502-bc6f-4ea0-9468-5498e672c8d2 787c95493e2548338f9f9d4d92c46490 9437fe935cdb43c7a170424b6b6420ac - - default default] Deprecated: Default quota for resource: snapshots_tempest-GroupSnapshotsV319Test-volume-type-1139582467 is set by the default quota flag: quota_snapshots_tempest-GroupSnapshotsV319Test-volume-type-1139582467, it is now deprecated. Please use the default quota class for default quota.
2026-06-24 15:48:38.426 72 INFO cinder.api.openstack.wsgi [None req-d8acc502-bc6f-4ea0-9468-5498e672c8d2 787c95493e2548338f9f9d4d92c46490 9437fe935cdb43c7a170424b6b6420ac - - default default] http://[LB_IP_ADDRESS]:8776/v3/9437fe935cdb43c7a170424b6b6420ac/group_snapshots returned with HTTP 202
2026-06-24 15:48:38.440 75 INFO cinder.api.openstack.wsgi [None req-65d13f5e-a146-4ef5-828e-f223c6563dc5 787c95493e2548338f9f9d4d92c46490 9437fe935cdb43c7a170424b6b6420ac - - default default] GET http://[LB_IP_ADDRESS]:8776/v3/9437fe935cdb43c7a170424b6b6420ac/group_snapshots/43ec6191-355d-475d-b91d-1495586fb2db
2026-06-24 15:48:38.455 75 INFO cinder.api.openstack.wsgi [None req-65d13f5e-a146-4ef5-828e-f223c6563dc5 787c95493e2548338f9f9d4d92c46490 9437fe935cdb43c7a170424b6b6420ac - - default default] http://[LB_IP_ADDRESS]:8776/v3/9437fe935cdb43c7a170424b6b6420ac/group_snapshots/43ec6191-355d-475d-b91d-1495586fb2db returned with HTTP 200
2026-06-24 15:48:39.333 74 INFO cinder.api.openstack.wsgi [None req-86d9cb22-eeb5-4584-96a8-34b45554f4e6 - - - - - -] GET http://[LB_IP_ADDRESS]:8776/
2026-06-24 15:48:39.335 74 INFO cinder.api.openstack.wsgi [None req-86d9cb22-eeb5-4584-96a8-34b45554f4e6 - - - - - -] http://[LB_IP_ADDRESS]:8776/ returned with HTTP 300
2026-06-24 15:48:39.471 73 INFO cinder.api.openstack.wsgi [None req-39289978-ee14-4dc2-90c2-0e07b41199a8 787c95493e2548338f9f9d4d92c46490 9437fe935cdb43c7a170424b6b6420ac - - default default] GET http://[LB_IP_ADDRESS]:8776/v3/9437fe935cdb43c7a170424b6b6420ac/group_snapshots/43ec6191-355d-475d-b91d-1495586fb2db
2026-06-24 15:48:39.486 73 INFO cinder.api.openstack.wsgi [None req-39289978-ee14-4dc2-90c2-0e07b41199a8 787c95493e2548338f9f9d4d92c46490 9437fe935cdb43c7a170424b6b6420ac - - default default] http://[LB_IP_ADDRESS]:8776/v3/9437fe935cdb43c7a170424b6b6420ac/group_snapshots/43ec6191-355d-475d-b91d-1495586fb2db returned with HTTP 200
2026-06-24 15:48:39.843 76 INFO cinder.api.openstack.wsgi [None req-03eaa34d-4707-40e0-b2cf-9697fcd7eb95 bc98597e55434c1c8f7288430c6872f1 2364b16cd427487d8b1ce25ba1bf35ca - - default default] GET http://[LB_IP_ADDRESS]:8776/v3/2364b16cd427487d8b1ce25ba1bf35ca/scheduler-stats/get_pools
2026-06-24 15:48:40.210 72 INFO cinder.api.openstack.wsgi [None req-e989c7b7-7ca3-4bcc-8af7-56b1ee18edda 6ff8537586aa4031855ca2d9fb088bf6 439d6b57c57d4e30801e7d433b05ad33 - - default default] GET http://[LB_IP_ADDRESS]:8776/v3/439d6b57c57d4e30801e7d433b05ad33/os-quota-class-sets/default
2026-06-24 15:48:40.352 76 INFO cinder.api.openstack.wsgi [None req-03eaa34d-4707-40e0-b2cf-9697fcd7eb95 bc98597e55434c1c8f7288430c6872f1 2364b16cd427487d8b1ce25ba1bf35ca - - default default] http://[LB_IP_ADDRESS]:8776/v3/2364b16cd427487d8b1ce25ba1bf35ca/scheduler-stats/get_pools returned with HTTP 200
2026-06-24 15:48:40.488 72 INFO cinder.api.openstack.wsgi [None req-e989c7b7-7ca3-4bcc-8af7-56b1ee18edda 6ff8537586aa4031855ca2d9fb088bf6 439d6b57c57d4e30801e7d433b05ad33 - - default default] http://[LB_IP_ADDRESS]:8776/v3/439d6b57c57d4e30801e7d433b05ad33/os-quota-class-sets/default returned with HTTP 200
2026-06-24 15:48:40.501 75 INFO cinder.api.openstack.wsgi [None req-b15e3bfd-f940-4b27-8ac4-8986890f8d7d 787c95493e2548338f9f9d4d92c46490 9437fe935cdb43c7a170424b6b6420ac - - default default] GET http://[LB_IP_ADDRESS]:8776/v3/9437fe935cdb43c7a170424b6b6420ac/group_snapshots/43ec6191-355d-475d-b91d-1495586fb2db
2026-06-24 15:48:40.507 74 INFO cinder.api.openstack.wsgi [None req-585dabb2-b850-4e78-8927-47e7c65e4371 6ff8537586aa4031855ca2d9fb088bf6 439d6b57c57d4e30801e7d433b05ad33 - - default default] GET http://[LB_IP_ADDRESS]:8776/v3/439d6b57c57d4e30801e7d433b05ad33/os-quota-class-sets/default
2026-06-24 15:48:40.516 75 INFO cinder.api.openstack.wsgi [None req-b15e3bfd-f940-4b27-8ac4-8986890f8d7d 787c95493e2548338f9f9d4d92c46490 9437fe935cdb43c7a170424b6b6420ac - - default default] http://[LB_IP_ADDRESS]:8776/v3/9437fe935cdb43c7a170424b6b6420ac/group_snapshots/43ec6191-355d-475d-b91d-1495586fb2db returned with HTTP 200
2026-06-24 15:48:40.532 73 INFO cinder.api.openstack.wsgi [None req-e0e8bee0-3c53-4d64-b9cc-c201a13e5628 787c95493e2548338f9f9d4d92c46490 9437fe935cdb43c7a170424b6b6420ac - - default default] GET http://[LB_IP_ADDRESS]:8776/v3/9437fe935cdb43c7a170424b6b6420ac/snapshots/detail
2026-06-24 15:48:40.541 73 INFO cinder.volume.api [None req-e0e8bee0-3c53-4d64-b9cc-c201a13e5628 787c95493e2548338f9f9d4d92c46490 9437fe935cdb43c7a170424b6b6420ac - - default default] Get all snapshots completed successfully.
2026-06-24 15:48:40.544 73 INFO cinder.api.openstack.wsgi [None req-e0e8bee0-3c53-4d64-b9cc-c201a13e5628 787c95493e2548338f9f9d4d92c46490 9437fe935cdb43c7a170424b6b6420ac - - default default] http://[LB_IP_ADDRESS]:8776/v3/9437fe935cdb43c7a170424b6b6420ac/snapshots/detail returned with HTTP 200
2026-06-24 15:48:40.561 76 INFO cinder.api.openstack.wsgi [None req-b032fa6d-10d5-4ca3-a8f0-cb51551ad2f4 787c95493e2548338f9f9d4d92c46490 9437fe935cdb43c7a170424b6b6420ac - - default default] GET http://[LB_IP_ADDRESS]:8776/v3/9437fe935cdb43c7a170424b6b6420ac/snapshots/205a9732-b9f2-4be9-8d46-7cb274bb6db8
2026-06-24 15:48:40.572 76 INFO cinder.volume.api [None req-b032fa6d-10d5-4ca3-a8f0-cb51551ad2f4 787c95493e2548338f9f9d4d92c46490 9437fe935cdb43c7a170424b6b6420ac - - default default] Snapshot retrieved successfully.
2026-06-24 15:48:40.574 76 INFO cinder.api.openstack.wsgi [None req-b032fa6d-10d5-4ca3-a8f0-cb51551ad2f4 787c95493e2548338f9f9d4d92c46490 9437fe935cdb43c7a170424b6b6420ac - - default default] http://[LB_IP_ADDRESS]:8776/v3/9437fe935cdb43c7a170424b6b6420ac/snapshots/205a9732-b9f2-4be9-8d46-7cb274bb6db8 returned with HTTP 200
2026-06-24 15:48:40.591 72 INFO cinder.api.openstack.wsgi [None req-22f5140e-4649-4cae-b645-82de70a36d55 21eba906ddd341b48bf7e88f13562d3f 4ddef779a6c0471084a6d030e88a7151 - - default default] POST http://[LB_IP_ADDRESS]:8776/v3/4ddef779a6c0471084a6d030e88a7151/group_snapshots/43ec6191-355d-475d-b91d-1495586fb2db/action
2026-06-24 15:48:40.609 72 INFO cinder.api.openstack.wsgi [None req-22f5140e-4649-4cae-b645-82de70a36d55 21eba906ddd341b48bf7e88f13562d3f 4ddef779a6c0471084a6d030e88a7151 - - default default] http://[LB_IP_ADDRESS]:8776/v3/4ddef779a6c0471084a6d030e88a7151/group_snapshots/43ec6191-355d-475d-b91d-1495586fb2db/action returned with HTTP 202
2026-06-24 15:48:40.621 75 INFO cinder.api.openstack.wsgi [None req-c285ec49-ea6d-4c39-b0b0-89614f66f324 787c95493e2548338f9f9d4d92c46490 9437fe935cdb43c7a170424b6b6420ac - - default default] GET http://[LB_IP_ADDRESS]:8776/v3/9437fe935cdb43c7a170424b6b6420ac/group_snapshots/43ec6191-355d-475d-b91d-1495586fb2db
2026-06-24 15:48:40.636 75 INFO cinder.api.openstack.wsgi [None req-c285ec49-ea6d-4c39-b0b0-89614f66f324 787c95493e2548338f9f9d4d92c46490 9437fe935cdb43c7a170424b6b6420ac - - default default] http://[LB_IP_ADDRESS]:8776/v3/9437fe935cdb43c7a170424b6b6420ac/group_snapshots/43ec6191-355d-475d-b91d-1495586fb2db returned with HTTP 200
2026-06-24 15:48:40.652 73 INFO cinder.api.openstack.wsgi [None req-50e0113c-b93b-4f06-bcae-3e50e4bc0056 21eba906ddd341b48bf7e88f13562d3f 4ddef779a6c0471084a6d030e88a7151 - - default default] POST http://[LB_IP_ADDRESS]:8776/v3/4ddef779a6c0471084a6d030e88a7151/group_snapshots/43ec6191-355d-475d-b91d-1495586fb2db/action
2026-06-24 15:48:40.671 73 INFO cinder.api.openstack.wsgi [None req-50e0113c-b93b-4f06-bcae-3e50e4bc0056 21eba906ddd341b48bf7e88f13562d3f 4ddef779a6c0471084a6d030e88a7151 - - default default] http://[LB_IP_ADDRESS]:8776/v3/4ddef779a6c0471084a6d030e88a7151/group_snapshots/43ec6191-355d-475d-b91d-1495586fb2db/action returned with HTTP 202
2026-06-24 15:48:40.683 76 INFO cinder.api.openstack.wsgi [None req-c2d7eb6e-c964-41a3-bf5e-a56f105fbdda 787c95493e2548338f9f9d4d92c46490 9437fe935cdb43c7a170424b6b6420ac - - default default] GET http://[LB_IP_ADDRESS]:8776/v3/9437fe935cdb43c7a170424b6b6420ac/group_snapshots/43ec6191-355d-475d-b91d-1495586fb2db
2026-06-24 15:48:40.697 76 INFO cinder.api.openstack.wsgi [None req-c2d7eb6e-c964-41a3-bf5e-a56f105fbdda 787c95493e2548338f9f9d4d92c46490 9437fe935cdb43c7a170424b6b6420ac - - default default] http://[LB_IP_ADDRESS]:8776/v3/9437fe935cdb43c7a170424b6b6420ac/group_snapshots/43ec6191-355d-475d-b91d-1495586fb2db returned with HTTP 200
