2025-12-05 00:35:39.715 74 INFO cinder.api.openstack.wsgi [None req-7b890c32-8318-4587-87d6-7d8b2148e912 ba29af17a5f143cfa0835443288d4c31 ddf55f4d3fd14849880975831167e015 - - default default] http://[LB_IP_ADDRESS]:8776/v3/ddf55f4d3fd14849880975831167e015/volumes returned with HTTP 202
2025-12-05 00:35:39.736 72 INFO cinder.api.openstack.wsgi [None req-6f592079-e33f-491e-8129-e9565f8e2990 ba29af17a5f143cfa0835443288d4c31 ddf55f4d3fd14849880975831167e015 - - default default] GET http://[LB_IP_ADDRESS]:8776/v3/ddf55f4d3fd14849880975831167e015/volumes/65116cb6-1926-468d-b9aa-b3a36fb413a9
2025-12-05 00:35:39.752 72 INFO cinder.volume.api [None req-6f592079-e33f-491e-8129-e9565f8e2990 ba29af17a5f143cfa0835443288d4c31 ddf55f4d3fd14849880975831167e015 - - default default] Volume info retrieved successfully.
2025-12-05 00:35:39.770 72 INFO cinder.api.openstack.wsgi [None req-6f592079-e33f-491e-8129-e9565f8e2990 ba29af17a5f143cfa0835443288d4c31 ddf55f4d3fd14849880975831167e015 - - default default] http://[LB_IP_ADDRESS]:8776/v3/ddf55f4d3fd14849880975831167e015/volumes/65116cb6-1926-468d-b9aa-b3a36fb413a9 returned with HTTP 200
2025-12-05 00:35:39.853 76 INFO cinder.api.openstack.wsgi [None req-bd0e5bb2-aa04-48e8-aea2-d767d9783986 f5696943552c4a319637ff9cc5cf9e99 3142346dc73440db8275146f7a85c492 - - default default] GET http://[LB_IP_ADDRESS]:8776/v3/3142346dc73440db8275146f7a85c492/snapshots/b10c3f2b-f91e-4579-8e9b-aeaaf9ba6c78
2025-12-05 00:35:39.860 76 INFO cinder.api.openstack.wsgi [None req-bd0e5bb2-aa04-48e8-aea2-d767d9783986 f5696943552c4a319637ff9cc5cf9e99 3142346dc73440db8275146f7a85c492 - - default default] http://[LB_IP_ADDRESS]:8776/v3/3142346dc73440db8275146f7a85c492/snapshots/b10c3f2b-f91e-4579-8e9b-aeaaf9ba6c78 returned with HTTP 404
2025-12-05 00:35:39.872 73 INFO cinder.api.openstack.wsgi [None req-ecaa793d-defe-4055-9e3f-3cf002a95e75 f5696943552c4a319637ff9cc5cf9e99 3142346dc73440db8275146f7a85c492 - - default default] GET http://[LB_IP_ADDRESS]:8776/v3/3142346dc73440db8275146f7a85c492/volumes/10a81581-01af-420b-a6b7-7be5b8975782
2025-12-05 00:35:39.890 73 INFO cinder.volume.api [None req-ecaa793d-defe-4055-9e3f-3cf002a95e75 f5696943552c4a319637ff9cc5cf9e99 3142346dc73440db8275146f7a85c492 - - default default] Volume info retrieved successfully.
2025-12-05 00:35:39.894 73 INFO cinder.api.openstack.wsgi [None req-ecaa793d-defe-4055-9e3f-3cf002a95e75 f5696943552c4a319637ff9cc5cf9e99 3142346dc73440db8275146f7a85c492 - - default default] http://[LB_IP_ADDRESS]:8776/v3/3142346dc73440db8275146f7a85c492/volumes/10a81581-01af-420b-a6b7-7be5b8975782 returned with HTTP 200
2025-12-05 00:35:39.915 75 INFO cinder.api.openstack.wsgi [None req-7097124f-4b1c-4d2e-b9f8-80abe3ee73bf f5696943552c4a319637ff9cc5cf9e99 3142346dc73440db8275146f7a85c492 - - default default] DELETE http://[LB_IP_ADDRESS]:8776/v3/3142346dc73440db8275146f7a85c492/volumes/10a81581-01af-420b-a6b7-7be5b8975782
2025-12-05 00:35:39.916 75 INFO cinder.api.v3.volumes [None req-7097124f-4b1c-4d2e-b9f8-80abe3ee73bf f5696943552c4a319637ff9cc5cf9e99 3142346dc73440db8275146f7a85c492 - - default default] Delete volume with id: 10a81581-01af-420b-a6b7-7be5b8975782 
2025-12-05 00:35:39.929 75 INFO cinder.volume.api [None req-7097124f-4b1c-4d2e-b9f8-80abe3ee73bf f5696943552c4a319637ff9cc5cf9e99 3142346dc73440db8275146f7a85c492 - - default default] Volume info retrieved successfully.
2025-12-05 00:35:39.947 75 INFO cinder.volume.api [None req-7097124f-4b1c-4d2e-b9f8-80abe3ee73bf f5696943552c4a319637ff9cc5cf9e99 3142346dc73440db8275146f7a85c492 - - default default] Delete volume request issued successfully.
2025-12-05 00:35:39.947 75 INFO cinder.api.openstack.wsgi [None req-7097124f-4b1c-4d2e-b9f8-80abe3ee73bf f5696943552c4a319637ff9cc5cf9e99 3142346dc73440db8275146f7a85c492 - - default default] http://[LB_IP_ADDRESS]:8776/v3/3142346dc73440db8275146f7a85c492/volumes/10a81581-01af-420b-a6b7-7be5b8975782 returned with HTTP 202
2025-12-05 00:35:39.955 74 INFO cinder.api.openstack.wsgi [None req-e2617d03-f51b-47a5-a182-0dd9c9bc7c2b f5696943552c4a319637ff9cc5cf9e99 3142346dc73440db8275146f7a85c492 - - default default] GET http://[LB_IP_ADDRESS]:8776/v3/3142346dc73440db8275146f7a85c492/volumes/10a81581-01af-420b-a6b7-7be5b8975782
2025-12-05 00:35:39.968 74 INFO cinder.volume.api [None req-e2617d03-f51b-47a5-a182-0dd9c9bc7c2b f5696943552c4a319637ff9cc5cf9e99 3142346dc73440db8275146f7a85c492 - - default default] Volume info retrieved successfully.
2025-12-05 00:35:39.973 74 INFO cinder.api.openstack.wsgi [None req-e2617d03-f51b-47a5-a182-0dd9c9bc7c2b f5696943552c4a319637ff9cc5cf9e99 3142346dc73440db8275146f7a85c492 - - default default] http://[LB_IP_ADDRESS]:8776/v3/3142346dc73440db8275146f7a85c492/volumes/10a81581-01af-420b-a6b7-7be5b8975782 returned with HTTP 200
2025-12-05 00:35:40.730 72 INFO cinder.api.openstack.wsgi [None req-a496553f-e5f8-420e-9811-a14bfde112c6 cd4c1ae4ffad40bfa09bc7f9bd5ccde7 7768cd4123ba4e7abd38804d9748cf03 - - default default] GET http://[LB_IP_ADDRESS]:8776/v3/7768cd4123ba4e7abd38804d9748cf03/volumes/bbb86135-9067-45f1-83a8-357d9252d883
2025-12-05 00:35:40.748 72 INFO cinder.volume.api [None req-a496553f-e5f8-420e-9811-a14bfde112c6 cd4c1ae4ffad40bfa09bc7f9bd5ccde7 7768cd4123ba4e7abd38804d9748cf03 - - default default] Volume info retrieved successfully.
2025-12-05 00:35:40.753 72 INFO cinder.api.openstack.wsgi [None req-a496553f-e5f8-420e-9811-a14bfde112c6 cd4c1ae4ffad40bfa09bc7f9bd5ccde7 7768cd4123ba4e7abd38804d9748cf03 - - default default] http://[LB_IP_ADDRESS]:8776/v3/7768cd4123ba4e7abd38804d9748cf03/volumes/bbb86135-9067-45f1-83a8-357d9252d883 returned with HTTP 200
2025-12-05 00:35:40.791 76 INFO cinder.api.openstack.wsgi [None req-1d49fba2-a7e6-4893-9f23-2447cac92a49 ba29af17a5f143cfa0835443288d4c31 ddf55f4d3fd14849880975831167e015 - - default default] GET http://[LB_IP_ADDRESS]:8776/v3/ddf55f4d3fd14849880975831167e015/volumes/65116cb6-1926-468d-b9aa-b3a36fb413a9
2025-12-05 00:35:40.807 76 INFO cinder.volume.api [None req-1d49fba2-a7e6-4893-9f23-2447cac92a49 ba29af17a5f143cfa0835443288d4c31 ddf55f4d3fd14849880975831167e015 - - default default] Volume info retrieved successfully.
2025-12-05 00:35:40.826 76 INFO cinder.api.openstack.wsgi [None req-1d49fba2-a7e6-4893-9f23-2447cac92a49 ba29af17a5f143cfa0835443288d4c31 ddf55f4d3fd14849880975831167e015 - - default default] http://[LB_IP_ADDRESS]:8776/v3/ddf55f4d3fd14849880975831167e015/volumes/65116cb6-1926-468d-b9aa-b3a36fb413a9 returned with HTTP 200
2025-12-05 00:35:40.994 73 INFO cinder.api.openstack.wsgi [None req-039aa486-2969-49a7-b34a-611a32a3dc07 f5696943552c4a319637ff9cc5cf9e99 3142346dc73440db8275146f7a85c492 - - default default] GET http://[LB_IP_ADDRESS]:8776/v3/3142346dc73440db8275146f7a85c492/volumes/10a81581-01af-420b-a6b7-7be5b8975782
2025-12-05 00:35:41.003 73 INFO cinder.api.openstack.wsgi [None req-039aa486-2969-49a7-b34a-611a32a3dc07 f5696943552c4a319637ff9cc5cf9e99 3142346dc73440db8275146f7a85c492 - - default default] http://[LB_IP_ADDRESS]:8776/v3/3142346dc73440db8275146f7a85c492/volumes/10a81581-01af-420b-a6b7-7be5b8975782 returned with HTTP 404
2025-12-05 00:35:41.774 75 INFO cinder.api.openstack.wsgi [None req-cc364486-feb9-4251-af3d-5b9b9b86f2fb cd4c1ae4ffad40bfa09bc7f9bd5ccde7 7768cd4123ba4e7abd38804d9748cf03 - - default default] GET http://[LB_IP_ADDRESS]:8776/v3/7768cd4123ba4e7abd38804d9748cf03/volumes/bbb86135-9067-45f1-83a8-357d9252d883
2025-12-05 00:35:41.787 75 INFO cinder.api.openstack.wsgi [None req-cc364486-feb9-4251-af3d-5b9b9b86f2fb cd4c1ae4ffad40bfa09bc7f9bd5ccde7 7768cd4123ba4e7abd38804d9748cf03 - - default default] http://[LB_IP_ADDRESS]:8776/v3/7768cd4123ba4e7abd38804d9748cf03/volumes/bbb86135-9067-45f1-83a8-357d9252d883 returned with HTTP 404
2025-12-05 00:35:41.795 74 INFO cinder.api.openstack.wsgi [None req-6f1a0aa3-2c56-473b-a2dc-439ab5034954 275f849fc9ca42eea6f6bc1a66323de3 a3947992520f4aa6ae56c8ada4b1e4db - - default default] PUT http://[LB_IP_ADDRESS]:8776/v3/a3947992520f4aa6ae56c8ada4b1e4db/os-quota-sets/7768cd4123ba4e7abd38804d9748cf03
2025-12-05 00:35:41.847 72 INFO cinder.api.openstack.wsgi [None req-60cc72d0-e444-486e-8473-94c0e486918e ba29af17a5f143cfa0835443288d4c31 ddf55f4d3fd14849880975831167e015 - - default default] GET http://[LB_IP_ADDRESS]:8776/v3/ddf55f4d3fd14849880975831167e015/volumes/65116cb6-1926-468d-b9aa-b3a36fb413a9
2025-12-05 00:35:41.863 72 INFO cinder.volume.api [None req-60cc72d0-e444-486e-8473-94c0e486918e ba29af17a5f143cfa0835443288d4c31 ddf55f4d3fd14849880975831167e015 - - default default] Volume info retrieved successfully.
2025-12-05 00:35:41.883 72 INFO cinder.api.openstack.wsgi [None req-60cc72d0-e444-486e-8473-94c0e486918e ba29af17a5f143cfa0835443288d4c31 ddf55f4d3fd14849880975831167e015 - - default default] http://[LB_IP_ADDRESS]:8776/v3/ddf55f4d3fd14849880975831167e015/volumes/65116cb6-1926-468d-b9aa-b3a36fb413a9 returned with HTTP 200
2025-12-05 00:35:41.905 76 INFO cinder.api.openstack.wsgi [None req-5986344d-97cc-4f50-85f9-8b1c8600c8c3 ba29af17a5f143cfa0835443288d4c31 ddf55f4d3fd14849880975831167e015 - - default default] POST http://[LB_IP_ADDRESS]:8776/v3/ddf55f4d3fd14849880975831167e015/group_snapshots
2025-12-05 00:35:41.919 76 INFO cinder.api.v3.group_snapshots [None req-5986344d-97cc-4f50-85f9-8b1c8600c8c3 ba29af17a5f143cfa0835443288d4c31 ddf55f4d3fd14849880975831167e015 - - default default] Creating group_snapshot tempest-GroupSnapshotsV319Test-Group_Snapshot-2100729066.
2025-12-05 00:35:41.958 74 WARNING cinder.quota [None req-6f1a0aa3-2c56-473b-a2dc-439ab5034954 275f849fc9ca42eea6f6bc1a66323de3 a3947992520f4aa6ae56c8ada4b1e4db - - default default] Deprecated: Default quota for resource: snapshots_tempest-GroupSnapshotsV319Test-volume-type-331758738 is set by the default quota flag: quota_snapshots_tempest-GroupSnapshotsV319Test-volume-type-331758738, it is now deprecated. Please use the default quota class for default quota.
2025-12-05 00:35:42.002 74 INFO cinder.api.openstack.wsgi [None req-6f1a0aa3-2c56-473b-a2dc-439ab5034954 275f849fc9ca42eea6f6bc1a66323de3 a3947992520f4aa6ae56c8ada4b1e4db - - default default] http://[LB_IP_ADDRESS]:8776/v3/a3947992520f4aa6ae56c8ada4b1e4db/os-quota-sets/7768cd4123ba4e7abd38804d9748cf03 returned with HTTP 200
2025-12-05 00:35:42.173 76 WARNING cinder.quota [None req-5986344d-97cc-4f50-85f9-8b1c8600c8c3 ba29af17a5f143cfa0835443288d4c31 ddf55f4d3fd14849880975831167e015 - - default default] Deprecated: Default quota for resource: gigabytes_tempest-GroupSnapshotsV319Test-volume-type-331758738 is set by the default quota flag: quota_gigabytes_tempest-GroupSnapshotsV319Test-volume-type-331758738, it is now deprecated. Please use the default quota class for default quota.
2025-12-05 00:35:42.173 76 WARNING cinder.quota [None req-5986344d-97cc-4f50-85f9-8b1c8600c8c3 ba29af17a5f143cfa0835443288d4c31 ddf55f4d3fd14849880975831167e015 - - default default] Deprecated: Default quota for resource: snapshots_tempest-GroupSnapshotsV319Test-volume-type-331758738 is set by the default quota flag: quota_snapshots_tempest-GroupSnapshotsV319Test-volume-type-331758738, it is now deprecated. Please use the default quota class for default quota.
2025-12-05 00:35:42.220 76 INFO cinder.api.openstack.wsgi [None req-5986344d-97cc-4f50-85f9-8b1c8600c8c3 ba29af17a5f143cfa0835443288d4c31 ddf55f4d3fd14849880975831167e015 - - default default] http://[LB_IP_ADDRESS]:8776/v3/ddf55f4d3fd14849880975831167e015/group_snapshots returned with HTTP 202
2025-12-05 00:35:42.234 73 INFO cinder.api.openstack.wsgi [None req-fae19013-775a-4727-b05c-a2a19c8bbffe ba29af17a5f143cfa0835443288d4c31 ddf55f4d3fd14849880975831167e015 - - default default] GET http://[LB_IP_ADDRESS]:8776/v3/ddf55f4d3fd14849880975831167e015/group_snapshots/7b5e35fb-77a6-4aa5-8e5d-07e73b06d06c
2025-12-05 00:35:42.248 73 INFO cinder.api.openstack.wsgi [None req-fae19013-775a-4727-b05c-a2a19c8bbffe ba29af17a5f143cfa0835443288d4c31 ddf55f4d3fd14849880975831167e015 - - default default] http://[LB_IP_ADDRESS]:8776/v3/ddf55f4d3fd14849880975831167e015/group_snapshots/7b5e35fb-77a6-4aa5-8e5d-07e73b06d06c returned with HTTP 200
2025-12-05 00:35:43.264 75 INFO cinder.api.openstack.wsgi [None req-1923a04e-73f2-4b9a-8920-37598fe55dd9 ba29af17a5f143cfa0835443288d4c31 ddf55f4d3fd14849880975831167e015 - - default default] GET http://[LB_IP_ADDRESS]:8776/v3/ddf55f4d3fd14849880975831167e015/group_snapshots/7b5e35fb-77a6-4aa5-8e5d-07e73b06d06c
2025-12-05 00:35:43.280 75 INFO cinder.api.openstack.wsgi [None req-1923a04e-73f2-4b9a-8920-37598fe55dd9 ba29af17a5f143cfa0835443288d4c31 ddf55f4d3fd14849880975831167e015 - - default default] http://[LB_IP_ADDRESS]:8776/v3/ddf55f4d3fd14849880975831167e015/group_snapshots/7b5e35fb-77a6-4aa5-8e5d-07e73b06d06c returned with HTTP 200
2025-12-05 00:35:44.295 72 INFO cinder.api.openstack.wsgi [None req-132d025b-a450-4c60-8ade-b5d94751ac54 ba29af17a5f143cfa0835443288d4c31 ddf55f4d3fd14849880975831167e015 - - default default] GET http://[LB_IP_ADDRESS]:8776/v3/ddf55f4d3fd14849880975831167e015/group_snapshots/7b5e35fb-77a6-4aa5-8e5d-07e73b06d06c
2025-12-05 00:35:44.309 72 INFO cinder.api.openstack.wsgi [None req-132d025b-a450-4c60-8ade-b5d94751ac54 ba29af17a5f143cfa0835443288d4c31 ddf55f4d3fd14849880975831167e015 - - default default] http://[LB_IP_ADDRESS]:8776/v3/ddf55f4d3fd14849880975831167e015/group_snapshots/7b5e35fb-77a6-4aa5-8e5d-07e73b06d06c returned with HTTP 200
2025-12-05 00:35:44.324 74 INFO cinder.api.openstack.wsgi [None req-989fdb56-40eb-43e5-ad8f-d6d43be52eac ba29af17a5f143cfa0835443288d4c31 ddf55f4d3fd14849880975831167e015 - - default default] GET http://[LB_IP_ADDRESS]:8776/v3/ddf55f4d3fd14849880975831167e015/snapshots/detail
2025-12-05 00:35:44.332 74 INFO cinder.volume.api [None req-989fdb56-40eb-43e5-ad8f-d6d43be52eac ba29af17a5f143cfa0835443288d4c31 ddf55f4d3fd14849880975831167e015 - - default default] Get all snapshots completed successfully.
2025-12-05 00:35:44.334 74 INFO cinder.api.openstack.wsgi [None req-989fdb56-40eb-43e5-ad8f-d6d43be52eac ba29af17a5f143cfa0835443288d4c31 ddf55f4d3fd14849880975831167e015 - - default default] http://[LB_IP_ADDRESS]:8776/v3/ddf55f4d3fd14849880975831167e015/snapshots/detail returned with HTTP 200
2025-12-05 00:35:44.350 76 INFO cinder.api.openstack.wsgi [None req-a9d27eba-e90f-4c59-95cf-2717850ab63e ba29af17a5f143cfa0835443288d4c31 ddf55f4d3fd14849880975831167e015 - - default default] GET http://[LB_IP_ADDRESS]:8776/v3/ddf55f4d3fd14849880975831167e015/snapshots/1f16576c-5469-4e7c-a2f3-04785b0fa044
2025-12-05 00:35:44.360 76 INFO cinder.volume.api [None req-a9d27eba-e90f-4c59-95cf-2717850ab63e ba29af17a5f143cfa0835443288d4c31 ddf55f4d3fd14849880975831167e015 - - default default] Snapshot retrieved successfully.
2025-12-05 00:35:44.361 76 INFO cinder.api.openstack.wsgi [None req-a9d27eba-e90f-4c59-95cf-2717850ab63e ba29af17a5f143cfa0835443288d4c31 ddf55f4d3fd14849880975831167e015 - - default default] http://[LB_IP_ADDRESS]:8776/v3/ddf55f4d3fd14849880975831167e015/snapshots/1f16576c-5469-4e7c-a2f3-04785b0fa044 returned with HTTP 200
2025-12-05 00:35:44.377 73 INFO cinder.api.openstack.wsgi [None req-84adebd9-4dda-409d-92fb-cccc75b280c5 1d9abbc3eb344e089b6f0eef07d83f29 905564fbdb984e9ebb512efd41d12d69 - - default default] POST http://[LB_IP_ADDRESS]:8776/v3/905564fbdb984e9ebb512efd41d12d69/group_snapshots/7b5e35fb-77a6-4aa5-8e5d-07e73b06d06c/action
2025-12-05 00:35:44.391 73 INFO cinder.api.openstack.wsgi [None req-84adebd9-4dda-409d-92fb-cccc75b280c5 1d9abbc3eb344e089b6f0eef07d83f29 905564fbdb984e9ebb512efd41d12d69 - - default default] http://[LB_IP_ADDRESS]:8776/v3/905564fbdb984e9ebb512efd41d12d69/group_snapshots/7b5e35fb-77a6-4aa5-8e5d-07e73b06d06c/action returned with HTTP 202
2025-12-05 00:35:44.398 72 INFO cinder.api.openstack.wsgi [None req-41e9d0dc-80e9-4870-ad88-be03b6fa1831 ba29af17a5f143cfa0835443288d4c31 ddf55f4d3fd14849880975831167e015 - - default default] GET http://[LB_IP_ADDRESS]:8776/v3/ddf55f4d3fd14849880975831167e015/group_snapshots/7b5e35fb-77a6-4aa5-8e5d-07e73b06d06c
2025-12-05 00:35:44.409 72 INFO cinder.api.openstack.wsgi [None req-41e9d0dc-80e9-4870-ad88-be03b6fa1831 ba29af17a5f143cfa0835443288d4c31 ddf55f4d3fd14849880975831167e015 - - default default] http://[LB_IP_ADDRESS]:8776/v3/ddf55f4d3fd14849880975831167e015/group_snapshots/7b5e35fb-77a6-4aa5-8e5d-07e73b06d06c returned with HTTP 200
2025-12-05 00:35:44.423 74 INFO cinder.api.openstack.wsgi [None req-c07007b3-d7ca-4ac0-9f07-409112196dcb 1d9abbc3eb344e089b6f0eef07d83f29 905564fbdb984e9ebb512efd41d12d69 - - default default] POST http://[LB_IP_ADDRESS]:8776/v3/905564fbdb984e9ebb512efd41d12d69/group_snapshots/7b5e35fb-77a6-4aa5-8e5d-07e73b06d06c/action
2025-12-05 00:35:44.437 74 INFO cinder.api.openstack.wsgi [None req-c07007b3-d7ca-4ac0-9f07-409112196dcb 1d9abbc3eb344e089b6f0eef07d83f29 905564fbdb984e9ebb512efd41d12d69 - - default default] http://[LB_IP_ADDRESS]:8776/v3/905564fbdb984e9ebb512efd41d12d69/group_snapshots/7b5e35fb-77a6-4aa5-8e5d-07e73b06d06c/action returned with HTTP 202
2025-12-05 00:35:44.449 76 INFO cinder.api.openstack.wsgi [None req-56b25788-4748-4b2b-974f-8eb0ea11873b ba29af17a5f143cfa0835443288d4c31 ddf55f4d3fd14849880975831167e015 - - default default] GET http://[LB_IP_ADDRESS]:8776/v3/ddf55f4d3fd14849880975831167e015/group_snapshots/7b5e35fb-77a6-4aa5-8e5d-07e73b06d06c
2025-12-05 00:35:44.464 76 INFO cinder.api.openstack.wsgi [None req-56b25788-4748-4b2b-974f-8eb0ea11873b ba29af17a5f143cfa0835443288d4c31 ddf55f4d3fd14849880975831167e015 - - default default] http://[LB_IP_ADDRESS]:8776/v3/ddf55f4d3fd14849880975831167e015/group_snapshots/7b5e35fb-77a6-4aa5-8e5d-07e73b06d06c returned with HTTP 200
2025-12-05 00:35:44.478 73 INFO cinder.api.openstack.wsgi [None req-9784caff-0860-402c-a045-027ef99ebf7f 1d9abbc3eb344e089b6f0eef07d83f29 905564fbdb984e9ebb512efd41d12d69 - - default default] POST http://[LB_IP_ADDRESS]:8776/v3/905564fbdb984e9ebb512efd41d12d69/group_snapshots/7b5e35fb-77a6-4aa5-8e5d-07e73b06d06c/action
2025-12-05 00:35:44.493 73 INFO cinder.api.openstack.wsgi [None req-9784caff-0860-402c-a045-027ef99ebf7f 1d9abbc3eb344e089b6f0eef07d83f29 905564fbdb984e9ebb512efd41d12d69 - - default default] http://[LB_IP_ADDRESS]:8776/v3/905564fbdb984e9ebb512efd41d12d69/group_snapshots/7b5e35fb-77a6-4aa5-8e5d-07e73b06d06c/action returned with HTTP 202
2025-12-05 00:35:44.500 72 INFO cinder.api.openstack.wsgi [None req-2a18277b-c4bc-45c6-bfc4-47c3429697e1 ba29af17a5f143cfa0835443288d4c31 ddf55f4d3fd14849880975831167e015 - - default default] GET http://[LB_IP_ADDRESS]:8776/v3/ddf55f4d3fd14849880975831167e015/group_snapshots/7b5e35fb-77a6-4aa5-8e5d-07e73b06d06c
2025-12-05 00:35:44.511 72 INFO cinder.api.openstack.wsgi [None req-2a18277b-c4bc-45c6-bfc4-47c3429697e1 ba29af17a5f143cfa0835443288d4c31 ddf55f4d3fd14849880975831167e015 - - default default] http://[LB_IP_ADDRESS]:8776/v3/ddf55f4d3fd14849880975831167e015/group_snapshots/7b5e35fb-77a6-4aa5-8e5d-07e73b06d06c returned with HTTP 200
2025-12-05 00:35:44.514 75 INFO cinder.api.openstack.wsgi [None req-08bd65ea-4ba2-4e10-b1c6-7e53f26537f3 0a9dc8f1bcf74cfcab3a56f49cb56db8 b4460baa93ce4976991660c22fe99621 - - default default] GET http://[LB_IP_ADDRESS]:8776/v3/b4460baa93ce4976991660c22fe99621/os-hosts
2025-12-05 00:35:44.524 75 INFO cinder.api.openstack.wsgi [None req-08bd65ea-4ba2-4e10-b1c6-7e53f26537f3 0a9dc8f1bcf74cfcab3a56f49cb56db8 b4460baa93ce4976991660c22fe99621 - - default default] http://[LB_IP_ADDRESS]:8776/v3/b4460baa93ce4976991660c22fe99621/os-hosts returned with HTTP 200
2025-12-05 00:35:44.526 74 INFO cinder.api.openstack.wsgi [None req-9f6d27ad-b353-4a4c-a7ac-5edccea9b9ad 1d9abbc3eb344e089b6f0eef07d83f29 905564fbdb984e9ebb512efd41d12d69 - - default default] POST http://[LB_IP_ADDRESS]:8776/v3/905564fbdb984e9ebb512efd41d12d69/group_snapshots/7b5e35fb-77a6-4aa5-8e5d-07e73b06d06c/action
2025-12-05 00:35:44.541 74 INFO cinder.api.openstack.wsgi [None req-9f6d27ad-b353-4a4c-a7ac-5edccea9b9ad 1d9abbc3eb344e089b6f0eef07d83f29 905564fbdb984e9ebb512efd41d12d69 - - default default] http://[LB_IP_ADDRESS]:8776/v3/905564fbdb984e9ebb512efd41d12d69/group_snapshots/7b5e35fb-77a6-4aa5-8e5d-07e73b06d06c/action returned with HTTP 202
2025-12-05 00:35:44.542 76 INFO cinder.api.openstack.wsgi [None req-b4600ec8-8839-4fad-b4f3-3c39f9f4d904 0a9dc8f1bcf74cfcab3a56f49cb56db8 b4460baa93ce4976991660c22fe99621 - - default default] GET http://[LB_IP_ADDRESS]:8776/v3/b4460baa93ce4976991660c22fe99621/os-hosts
2025-12-05 00:35:44.550 76 INFO cinder.api.openstack.wsgi [None req-b4600ec8-8839-4fad-b4f3-3c39f9f4d904 0a9dc8f1bcf74cfcab3a56f49cb56db8 b4460baa93ce4976991660c22fe99621 - - default default] http://[LB_IP_ADDRESS]:8776/v3/b4460baa93ce4976991660c22fe99621/os-hosts returned with HTTP 200
2025-12-05 00:35:44.554 73 INFO cinder.api.openstack.wsgi [None req-64d0a310-3de9-4de4-92e7-1770d5dc5fda ba29af17a5f143cfa0835443288d4c31 ddf55f4d3fd14849880975831167e015 - - default default] GET http://[LB_IP_ADDRESS]:8776/v3/ddf55f4d3fd14849880975831167e015/group_snapshots/7b5e35fb-77a6-4aa5-8e5d-07e73b06d06c
2025-12-05 00:35:44.567 72 INFO cinder.api.openstack.wsgi [None req-37ac1c1e-16ba-4c93-a376-00ac7f9281ab 0a9dc8f1bcf74cfcab3a56f49cb56db8 b4460baa93ce4976991660c22fe99621 - - default default] GET http://[LB_IP_ADDRESS]:8776/v3/b4460baa93ce4976991660c22fe99621/os-hosts/rack05-server66@LIGHTOSphszul
2025-12-05 00:35:44.568 73 INFO cinder.api.openstack.wsgi [None req-64d0a310-3de9-4de4-92e7-1770d5dc5fda ba29af17a5f143cfa0835443288d4c31 ddf55f4d3fd14849880975831167e015 - - default default] http://[LB_IP_ADDRESS]:8776/v3/ddf55f4d3fd14849880975831167e015/group_snapshots/7b5e35fb-77a6-4aa5-8e5d-07e73b06d06c returned with HTTP 200
2025-12-05 00:35:44.583 75 INFO cinder.api.openstack.wsgi [None req-d070cae2-e7d2-43b1-8fd5-fbf50e702143 ba29af17a5f143cfa0835443288d4c31 ddf55f4d3fd14849880975831167e015 - - default default] DELETE http://[LB_IP_ADDRESS]:8776/v3/ddf55f4d3fd14849880975831167e015/group_snapshots/7b5e35fb-77a6-4aa5-8e5d-07e73b06d06c
2025-12-05 00:35:44.584 75 INFO cinder.api.v3.group_snapshots [None req-d070cae2-e7d2-43b1-8fd5-fbf50e702143 ba29af17a5f143cfa0835443288d4c31 ddf55f4d3fd14849880975831167e015 - - default default] Delete group_snapshot with id: 7b5e35fb-77a6-4aa5-8e5d-07e73b06d06c
2025-12-05 00:35:44.588 72 INFO cinder.api.openstack.wsgi [None req-37ac1c1e-16ba-4c93-a376-00ac7f9281ab 0a9dc8f1bcf74cfcab3a56f49cb56db8 b4460baa93ce4976991660c22fe99621 - - default default] http://[LB_IP_ADDRESS]:8776/v3/b4460baa93ce4976991660c22fe99621/os-hosts/rack05-server66@LIGHTOSphszul returned with HTTP 200
2025-12-05 00:35:44.620 75 INFO cinder.api.openstack.wsgi [None req-d070cae2-e7d2-43b1-8fd5-fbf50e702143 ba29af17a5f143cfa0835443288d4c31 ddf55f4d3fd14849880975831167e015 - - default default] http://[LB_IP_ADDRESS]:8776/v3/ddf55f4d3fd14849880975831167e015/group_snapshots/7b5e35fb-77a6-4aa5-8e5d-07e73b06d06c returned with HTTP 202
2025-12-05 00:35:44.633 74 INFO cinder.api.openstack.wsgi [None req-3a863b82-1f59-406b-828c-0e7893701381 ba29af17a5f143cfa0835443288d4c31 ddf55f4d3fd14849880975831167e015 - - default default] GET http://[LB_IP_ADDRESS]:8776/v3/ddf55f4d3fd14849880975831167e015/volumes/detail
2025-12-05 00:35:44.648 74 INFO cinder.volume.api [None req-3a863b82-1f59-406b-828c-0e7893701381 ba29af17a5f143cfa0835443288d4c31 ddf55f4d3fd14849880975831167e015 - - default default] Get all volumes completed successfully.
2025-12-05 00:35:44.667 74 INFO cinder.api.openstack.wsgi [None req-3a863b82-1f59-406b-828c-0e7893701381 ba29af17a5f143cfa0835443288d4c31 ddf55f4d3fd14849880975831167e015 - - default default] http://[LB_IP_ADDRESS]:8776/v3/ddf55f4d3fd14849880975831167e015/volumes/detail returned with HTTP 200
2025-12-05 00:35:44.688 76 INFO cinder.api.openstack.wsgi [None req-9c1b00e3-e69d-4ecd-a43b-d124e2c464ad ba29af17a5f143cfa0835443288d4c31 ddf55f4d3fd14849880975831167e015 - - default default] GET http://[LB_IP_ADDRESS]:8776/v3/ddf55f4d3fd14849880975831167e015/snapshots/detail
2025-12-05 00:35:44.696 76 INFO cinder.volume.api [None req-9c1b00e3-e69d-4ecd-a43b-d124e2c464ad ba29af17a5f143cfa0835443288d4c31 ddf55f4d3fd14849880975831167e015 - - default default] Get all snapshots completed successfully.
2025-12-05 00:35:44.697 76 INFO cinder.api.openstack.wsgi [None req-9c1b00e3-e69d-4ecd-a43b-d124e2c464ad ba29af17a5f143cfa0835443288d4c31 ddf55f4d3fd14849880975831167e015 - - default default] http://[LB_IP_ADDRESS]:8776/v3/ddf55f4d3fd14849880975831167e015/snapshots/detail returned with HTTP 200
2025-12-05 00:35:44.713 73 INFO cinder.api.openstack.wsgi [None req-e87db403-2e45-4530-8d36-8c18895a985e ba29af17a5f143cfa0835443288d4c31 ddf55f4d3fd14849880975831167e015 - - default default] GET http://[LB_IP_ADDRESS]:8776/v3/ddf55f4d3fd14849880975831167e015/snapshots/1f16576c-5469-4e7c-a2f3-04785b0fa044
2025-12-05 00:35:44.724 73 INFO cinder.volume.api [None req-e87db403-2e45-4530-8d36-8c18895a985e ba29af17a5f143cfa0835443288d4c31 ddf55f4d3fd14849880975831167e015 - - default default] Snapshot retrieved successfully.
2025-12-05 00:35:44.725 73 INFO cinder.api.openstack.wsgi [None req-e87db403-2e45-4530-8d36-8c18895a985e ba29af17a5f143cfa0835443288d4c31 ddf55f4d3fd14849880975831167e015 - - default default] http://[LB_IP_ADDRESS]:8776/v3/ddf55f4d3fd14849880975831167e015/snapshots/1f16576c-5469-4e7c-a2f3-04785b0fa044 returned with HTTP 200
2025-12-05 00:35:45.413 72 INFO cinder.api.openstack.wsgi [None req-1305eb61-5611-48b2-a73e-e80e9e00a086 7a39a21b03d24486857ceadd5159b400 eba48411f1e04719a5c3f080627a94ce - - default default] POST http://[LB_IP_ADDRESS]:8776/v3/eba48411f1e04719a5c3f080627a94ce/types/be30378d-502b-4b9f-9d2c-35e328575166/encryption
2025-12-05 00:35:45.427 72 INFO cinder.api.openstack.wsgi [None req-1305eb61-5611-48b2-a73e-e80e9e00a086 7a39a21b03d24486857ceadd5159b400 eba48411f1e04719a5c3f080627a94ce - - default default] http://[LB_IP_ADDRESS]:8776/v3/eba48411f1e04719a5c3f080627a94ce/types/be30378d-502b-4b9f-9d2c-35e328575166/encryption returned with HTTP 404
2025-12-05 00:35:45.443 75 INFO cinder.api.openstack.wsgi [None req-291e7530-9f1e-411f-a754-44a2501503be 7a39a21b03d24486857ceadd5159b400 eba48411f1e04719a5c3f080627a94ce - - default default] POST http://[LB_IP_ADDRESS]:8776/v3/eba48411f1e04719a5c3f080627a94ce/types
2025-12-05 00:35:45.447 75 INFO cinder.api.openstack.wsgi [None req-291e7530-9f1e-411f-a754-44a2501503be 7a39a21b03d24486857ceadd5159b400 eba48411f1e04719a5c3f080627a94ce - - default default] http://[LB_IP_ADDRESS]:8776/v3/eba48411f1e04719a5c3f080627a94ce/types returned with HTTP 400
2025-12-05 00:35:45.460 74 INFO cinder.api.openstack.wsgi [None req-c05f0d0f-9bd8-482e-95c3-599fb7570b51 7a39a21b03d24486857ceadd5159b400 eba48411f1e04719a5c3f080627a94ce - - default default] POST http://[LB_IP_ADDRESS]:8776/v3/eba48411f1e04719a5c3f080627a94ce/types
2025-12-05 00:35:45.489 74 INFO cinder.api.openstack.wsgi [None req-c05f0d0f-9bd8-482e-95c3-599fb7570b51 7a39a21b03d24486857ceadd5159b400 eba48411f1e04719a5c3f080627a94ce - - default default] http://[LB_IP_ADDRESS]:8776/v3/eba48411f1e04719a5c3f080627a94ce/types returned with HTTP 200
2025-12-05 00:35:45.499 76 INFO cinder.api.openstack.wsgi [None req-843e3129-611b-48c4-a4a8-b7d6581cf93d 7a39a21b03d24486857ceadd5159b400 eba48411f1e04719a5c3f080627a94ce - - default default] POST http://[LB_IP_ADDRESS]:8776/v3/eba48411f1e04719a5c3f080627a94ce/types
2025-12-05 00:35:45.512 76 INFO cinder.api.openstack.wsgi [None req-843e3129-611b-48c4-a4a8-b7d6581cf93d 7a39a21b03d24486857ceadd5159b400 eba48411f1e04719a5c3f080627a94ce - - default default] HTTP exception thrown: Volume Type tempest-VolumeTypesNegativeTest-volume-type-1033962479 already exists.
2025-12-05 00:35:45.512 76 INFO cinder.api.openstack.wsgi [None req-843e3129-611b-48c4-a4a8-b7d6581cf93d 7a39a21b03d24486857ceadd5159b400 eba48411f1e04719a5c3f080627a94ce - - default default] http://[LB_IP_ADDRESS]:8776/v3/eba48411f1e04719a5c3f080627a94ce/types returned with HTTP 409
2025-12-05 00:35:45.522 73 INFO cinder.api.openstack.wsgi [None req-84e9867a-b246-4d83-bd44-db720db3b98e 7a39a21b03d24486857ceadd5159b400 eba48411f1e04719a5c3f080627a94ce - - default default] DELETE http://[LB_IP_ADDRESS]:8776/v3/eba48411f1e04719a5c3f080627a94ce/types/80c3f935-2fb1-45bc-9270-2131e36031c9
2025-12-05 00:35:45.560 73 INFO cinder.api.openstack.wsgi [None req-84e9867a-b246-4d83-bd44-db720db3b98e 7a39a21b03d24486857ceadd5159b400 eba48411f1e04719a5c3f080627a94ce - - default default] http://[LB_IP_ADDRESS]:8776/v3/eba48411f1e04719a5c3f080627a94ce/types/80c3f935-2fb1-45bc-9270-2131e36031c9 returned with HTTP 202
2025-12-05 00:35:45.572 72 INFO cinder.api.openstack.wsgi [None req-b33e47af-2a8e-4d6c-b981-58d08f6e2fab 7a39a21b03d24486857ceadd5159b400 eba48411f1e04719a5c3f080627a94ce - - default default] GET http://[LB_IP_ADDRESS]:8776/v3/eba48411f1e04719a5c3f080627a94ce/types/80c3f935-2fb1-45bc-9270-2131e36031c9
2025-12-05 00:35:45.578 72 INFO cinder.api.openstack.wsgi [None req-b33e47af-2a8e-4d6c-b981-58d08f6e2fab 7a39a21b03d24486857ceadd5159b400 eba48411f1e04719a5c3f080627a94ce - - default default] http://[LB_IP_ADDRESS]:8776/v3/eba48411f1e04719a5c3f080627a94ce/types/80c3f935-2fb1-45bc-9270-2131e36031c9 returned with HTTP 404
2025-12-05 00:35:45.592 75 INFO cinder.api.openstack.wsgi [None req-5200797e-28a4-41dc-ba47-9ede0dc6f6a6 7a39a21b03d24486857ceadd5159b400 eba48411f1e04719a5c3f080627a94ce - - default default] DELETE http://[LB_IP_ADDRESS]:8776/v3/eba48411f1e04719a5c3f080627a94ce/types/7751dec3-50ca-44b5-95a1-3db75164f842
2025-12-05 00:35:45.602 75 INFO cinder.api.openstack.wsgi [None req-5200797e-28a4-41dc-ba47-9ede0dc6f6a6 7a39a21b03d24486857ceadd5159b400 eba48411f1e04719a5c3f080627a94ce - - default default] http://[LB_IP_ADDRESS]:8776/v3/eba48411f1e04719a5c3f080627a94ce/types/7751dec3-50ca-44b5-95a1-3db75164f842 returned with HTTP 404
2025-12-05 00:35:45.618 74 INFO cinder.api.openstack.wsgi [None req-2de05818-8d57-419e-8725-dc870e7a72cb 7a39a21b03d24486857ceadd5159b400 eba48411f1e04719a5c3f080627a94ce - - default default] GET http://[LB_IP_ADDRESS]:8776/v3/eba48411f1e04719a5c3f080627a94ce/types/44f170f6-afd7-45de-bd3e-8159d71dead4
2025-12-05 00:35:45.626 74 INFO cinder.api.openstack.wsgi [None req-2de05818-8d57-419e-8725-dc870e7a72cb 7a39a21b03d24486857ceadd5159b400 eba48411f1e04719a5c3f080627a94ce - - default default] http://[LB_IP_ADDRESS]:8776/v3/eba48411f1e04719a5c3f080627a94ce/types/44f170f6-afd7-45de-bd3e-8159d71dead4 returned with HTTP 404
2025-12-05 00:35:45.736 76 INFO cinder.api.openstack.wsgi [None req-47565c9f-4770-46d6-82d1-dc3e56b256af ba29af17a5f143cfa0835443288d4c31 ddf55f4d3fd14849880975831167e015 - - default default] GET http://[LB_IP_ADDRESS]:8776/v3/ddf55f4d3fd14849880975831167e015/snapshots/1f16576c-5469-4e7c-a2f3-04785b0fa044
2025-12-05 00:35:45.743 76 INFO cinder.api.openstack.wsgi [None req-47565c9f-4770-46d6-82d1-dc3e56b256af ba29af17a5f143cfa0835443288d4c31 ddf55f4d3fd14849880975831167e015 - - default default] http://[LB_IP_ADDRESS]:8776/v3/ddf55f4d3fd14849880975831167e015/snapshots/1f16576c-5469-4e7c-a2f3-04785b0fa044 returned with HTTP 404
2025-12-05 00:35:45.756 73 INFO cinder.api.openstack.wsgi [None req-a3bba35b-8638-47f4-abf1-3434efcfe203 ba29af17a5f143cfa0835443288d4c31 ddf55f4d3fd14849880975831167e015 - - default default] GET http://[LB_IP_ADDRESS]:8776/v3/ddf55f4d3fd14849880975831167e015/group_snapshots/7b5e35fb-77a6-4aa5-8e5d-07e73b06d06c
2025-12-05 00:35:45.761 73 INFO cinder.api.openstack.wsgi [None req-a3bba35b-8638-47f4-abf1-3434efcfe203 ba29af17a5f143cfa0835443288d4c31 ddf55f4d3fd14849880975831167e015 - - default default] http://[LB_IP_ADDRESS]:8776/v3/ddf55f4d3fd14849880975831167e015/group_snapshots/7b5e35fb-77a6-4aa5-8e5d-07e73b06d06c returned with HTTP 404
2025-12-05 00:35:45.771 72 INFO cinder.api.openstack.wsgi [None req-88eaa215-f393-4510-a709-e29e48c31e51 ba29af17a5f143cfa0835443288d4c31 ddf55f4d3fd14849880975831167e015 - - default default] GET http://[LB_IP_ADDRESS]:8776/v3/ddf55f4d3fd14849880975831167e015/volumes/detail
2025-12-05 00:35:45.782 72 INFO cinder.volume.api [None req-88eaa215-f393-4510-a709-e29e48c31e51 ba29af17a5f143cfa0835443288d4c31 ddf55f4d3fd14849880975831167e015 - - default default] Get all volumes completed successfully.
2025-12-05 00:35:45.811 72 INFO cinder.api.openstack.wsgi [None req-88eaa215-f393-4510-a709-e29e48c31e51 ba29af17a5f143cfa0835443288d4c31 ddf55f4d3fd14849880975831167e015 - - default default] http://[LB_IP_ADDRESS]:8776/v3/ddf55f4d3fd14849880975831167e015/volumes/detail returned with HTTP 200
2025-12-05 00:35:45.833 75 INFO cinder.api.openstack.wsgi [None req-9a9b5be0-7832-4a09-9175-c2d94a41a5ac ba29af17a5f143cfa0835443288d4c31 ddf55f4d3fd14849880975831167e015 - - default default] POST http://[LB_IP_ADDRESS]:8776/v3/ddf55f4d3fd14849880975831167e015/groups/a4745d51-a314-4bc6-b7e7-0ef8f7df4ba2/action
2025-12-05 00:35:45.838 75 INFO cinder.api.v3.groups [None req-9a9b5be0-7832-4a09-9175-c2d94a41a5ac ba29af17a5f143cfa0835443288d4c31 ddf55f4d3fd14849880975831167e015 - - default default] Delete group with id: a4745d51-a314-4bc6-b7e7-0ef8f7df4ba2
2025-12-05 00:35:45.893 75 INFO cinder.api.openstack.wsgi [None req-9a9b5be0-7832-4a09-9175-c2d94a41a5ac ba29af17a5f143cfa0835443288d4c31 ddf55f4d3fd14849880975831167e015 - - default default] http://[LB_IP_ADDRESS]:8776/v3/ddf55f4d3fd14849880975831167e015/groups/a4745d51-a314-4bc6-b7e7-0ef8f7df4ba2/action returned with HTTP 202
2025-12-05 00:35:45.907 74 INFO cinder.api.openstack.wsgi [None req-38486197-eac7-4262-a55d-e60506cf6b9f ba29af17a5f143cfa0835443288d4c31 ddf55f4d3fd14849880975831167e015 - - default default] GET http://[LB_IP_ADDRESS]:8776/v3/ddf55f4d3fd14849880975831167e015/volumes/65116cb6-1926-468d-b9aa-b3a36fb413a9
2025-12-05 00:35:45.923 74 INFO cinder.volume.api [None req-38486197-eac7-4262-a55d-e60506cf6b9f ba29af17a5f143cfa0835443288d4c31 ddf55f4d3fd14849880975831167e015 - - default default] Volume info retrieved successfully.
2025-12-05 00:35:45.936 74 INFO cinder.api.openstack.wsgi [None req-38486197-eac7-4262-a55d-e60506cf6b9f ba29af17a5f143cfa0835443288d4c31 ddf55f4d3fd14849880975831167e015 - - default default] http://[LB_IP_ADDRESS]:8776/v3/ddf55f4d3fd14849880975831167e015/volumes/65116cb6-1926-468d-b9aa-b3a36fb413a9 returned with HTTP 200
2025-12-05 00:35:46.957 76 INFO cinder.api.openstack.wsgi [None req-5eb64e7d-20cb-4b0a-b4e0-1180e178cca3 ba29af17a5f143cfa0835443288d4c31 ddf55f4d3fd14849880975831167e015 - - default default] GET http://[LB_IP_ADDRESS]:8776/v3/ddf55f4d3fd14849880975831167e015/volumes/65116cb6-1926-468d-b9aa-b3a36fb413a9
2025-12-05 00:35:46.968 76 INFO cinder.api.openstack.wsgi [None req-5eb64e7d-20cb-4b0a-b4e0-1180e178cca3 ba29af17a5f143cfa0835443288d4c31 ddf55f4d3fd14849880975831167e015 - - default default] http://[LB_IP_ADDRESS]:8776/v3/ddf55f4d3fd14849880975831167e015/volumes/65116cb6-1926-468d-b9aa-b3a36fb413a9 returned with HTTP 404
2025-12-05 00:35:46.980 72 INFO cinder.api.openstack.wsgi [None req-4e5513ce-4f48-45c0-9869-de7818d6249e - - - - - -] GET http://[LB_IP_ADDRESS]:8776/
2025-12-05 00:35:46.981 73 INFO cinder.api.openstack.wsgi [None req-70f748b0-6f2a-4e48-babf-852f8142e8e6 ba29af17a5f143cfa0835443288d4c31 ddf55f4d3fd14849880975831167e015 - - default default] GET http://[LB_IP_ADDRESS]:8776/v3/ddf55f4d3fd14849880975831167e015/groups/a4745d51-a314-4bc6-b7e7-0ef8f7df4ba2
2025-12-05 00:35:46.981 72 INFO cinder.api.openstack.wsgi [None req-4e5513ce-4f48-45c0-9869-de7818d6249e - - - - - -] http://[LB_IP_ADDRESS]:8776/ returned with HTTP 300
2025-12-05 00:35:46.986 73 INFO cinder.api.openstack.wsgi [None req-70f748b0-6f2a-4e48-babf-852f8142e8e6 ba29af17a5f143cfa0835443288d4c31 ddf55f4d3fd14849880975831167e015 - - default default] http://[LB_IP_ADDRESS]:8776/v3/ddf55f4d3fd14849880975831167e015/groups/a4745d51-a314-4bc6-b7e7-0ef8f7df4ba2 returned with HTTP 404
2025-12-05 00:35:46.996 75 INFO cinder.api.openstack.wsgi [None req-d6f3b729-1fd2-458d-8da1-77488d1d10a1 1d9abbc3eb344e089b6f0eef07d83f29 905564fbdb984e9ebb512efd41d12d69 - - default default] DELETE http://[LB_IP_ADDRESS]:8776/v3/905564fbdb984e9ebb512efd41d12d69/group_types/2e58b858-b9ea-4700-9f3e-070148a821cd
2025-12-05 00:35:47.012 75 INFO cinder.api.openstack.wsgi [None req-d6f3b729-1fd2-458d-8da1-77488d1d10a1 1d9abbc3eb344e089b6f0eef07d83f29 905564fbdb984e9ebb512efd41d12d69 - - default default] http://[LB_IP_ADDRESS]:8776/v3/905564fbdb984e9ebb512efd41d12d69/group_types/2e58b858-b9ea-4700-9f3e-070148a821cd returned with HTTP 202
2025-12-05 00:35:47.021 74 INFO cinder.api.openstack.wsgi [None req-40a3b701-fdba-4564-a114-cb724e933e91 1d9abbc3eb344e089b6f0eef07d83f29 905564fbdb984e9ebb512efd41d12d69 - - default default] DELETE http://[LB_IP_ADDRESS]:8776/v3/905564fbdb984e9ebb512efd41d12d69/types/a7ef8824-186f-4c2f-9c1d-c717403482c5
2025-12-05 00:35:47.067 74 INFO cinder.api.openstack.wsgi [None req-40a3b701-fdba-4564-a114-cb724e933e91 1d9abbc3eb344e089b6f0eef07d83f29 905564fbdb984e9ebb512efd41d12d69 - - default default] http://[LB_IP_ADDRESS]:8776/v3/905564fbdb984e9ebb512efd41d12d69/types/a7ef8824-186f-4c2f-9c1d-c717403482c5 returned with HTTP 202
2025-12-05 00:35:47.079 76 INFO cinder.api.openstack.wsgi [None req-04e011b2-db3d-4d83-9a6c-105d2fba70d1 1d9abbc3eb344e089b6f0eef07d83f29 905564fbdb984e9ebb512efd41d12d69 - - default default] GET http://[LB_IP_ADDRESS]:8776/v3/905564fbdb984e9ebb512efd41d12d69/types/a7ef8824-186f-4c2f-9c1d-c717403482c5
2025-12-05 00:35:47.086 76 INFO cinder.api.openstack.wsgi [None req-04e011b2-db3d-4d83-9a6c-105d2fba70d1 1d9abbc3eb344e089b6f0eef07d83f29 905564fbdb984e9ebb512efd41d12d69 - - default default] http://[LB_IP_ADDRESS]:8776/v3/905564fbdb984e9ebb512efd41d12d69/types/a7ef8824-186f-4c2f-9c1d-c717403482c5 returned with HTTP 404
2025-12-05 00:35:48.013 72 INFO cinder.api.openstack.wsgi [None req-b4618636-27d6-40f1-9e1a-23648e806c55 8d0bccfed95144adb7e802b67d929b5c ffd09f0f4cc4469a94dac8481aad3793 - - default default] GET http://[LB_IP_ADDRESS]:8776/v3/ffd09f0f4cc4469a94dac8481aad3793/extensions
2025-12-05 00:35:48.014 72 INFO cinder.api.openstack.wsgi [None req-b4618636-27d6-40f1-9e1a-23648e806c55 8d0bccfed95144adb7e802b67d929b5c ffd09f0f4cc4469a94dac8481aad3793 - - default default] http://[LB_IP_ADDRESS]:8776/v3/ffd09f0f4cc4469a94dac8481aad3793/extensions returned with HTTP 200
2025-12-05 00:35:48.371 73 INFO cinder.api.openstack.wsgi [None req-4a60be1f-111c-4092-91f8-3eeee0b5bd0a 6ab9285d7be44e73a72343dff3e5d8cf 4809d95672c647b4b1bd3ea3ccd9aade - - default default] GET http://[LB_IP_ADDRESS]:8776/v3/4809d95672c647b4b1bd3ea3ccd9aade/os-services
2025-12-05 00:35:48.378 73 INFO cinder.api.openstack.wsgi [None req-4a60be1f-111c-4092-91f8-3eeee0b5bd0a 6ab9285d7be44e73a72343dff3e5d8cf 4809d95672c647b4b1bd3ea3ccd9aade - - default default] http://[LB_IP_ADDRESS]:8776/v3/4809d95672c647b4b1bd3ea3ccd9aade/os-services returned with HTTP 200
2025-12-05 00:35:48.392 75 INFO cinder.api.openstack.wsgi [None req-cf8ceabd-4bb4-4f10-ba79-95b2d1aa1cc6 6ab9285d7be44e73a72343dff3e5d8cf 4809d95672c647b4b1bd3ea3ccd9aade - - default default] GET http://[LB_IP_ADDRESS]:8776/v3/4809d95672c647b4b1bd3ea3ccd9aade/os-services?host=rack11-server78
2025-12-05 00:35:48.398 75 INFO cinder.api.openstack.wsgi [None req-cf8ceabd-4bb4-4f10-ba79-95b2d1aa1cc6 6ab9285d7be44e73a72343dff3e5d8cf 4809d95672c647b4b1bd3ea3ccd9aade - - default default] http://[LB_IP_ADDRESS]:8776/v3/4809d95672c647b4b1bd3ea3ccd9aade/os-services?host=rack11-server78 returned with HTTP 200
2025-12-05 00:35:48.414 74 INFO cinder.api.openstack.wsgi [None req-352994cc-206a-4c2f-b1c7-ff7c7b6ce53f 6ab9285d7be44e73a72343dff3e5d8cf 4809d95672c647b4b1bd3ea3ccd9aade - - default default] GET http://[LB_IP_ADDRESS]:8776/v3/4809d95672c647b4b1bd3ea3ccd9aade/os-services?host=rack11-server78&binary=cinder-scheduler
2025-12-05 00:35:48.422 74 INFO cinder.api.openstack.wsgi [None req-352994cc-206a-4c2f-b1c7-ff7c7b6ce53f 6ab9285d7be44e73a72343dff3e5d8cf 4809d95672c647b4b1bd3ea3ccd9aade - - default default] http://[LB_IP_ADDRESS]:8776/v3/4809d95672c647b4b1bd3ea3ccd9aade/os-services?host=rack11-server78&binary=cinder-scheduler returned with HTTP 200
2025-12-05 00:35:48.439 76 INFO cinder.api.openstack.wsgi [None req-a91cc496-c9ac-479b-88d1-b5194e1b354d 6ab9285d7be44e73a72343dff3e5d8cf 4809d95672c647b4b1bd3ea3ccd9aade - - default default] GET http://[LB_IP_ADDRESS]:8776/v3/4809d95672c647b4b1bd3ea3ccd9aade/os-services?binary=cinder-scheduler
2025-12-05 00:35:48.445 76 INFO cinder.api.openstack.wsgi [None req-a91cc496-c9ac-479b-88d1-b5194e1b354d 6ab9285d7be44e73a72343dff3e5d8cf 4809d95672c647b4b1bd3ea3ccd9aade - - default default] http://[LB_IP_ADDRESS]:8776/v3/4809d95672c647b4b1bd3ea3ccd9aade/os-services?binary=cinder-scheduler returned with HTTP 200
2025-12-05 00:35:48.572 72 INFO cinder.api.openstack.wsgi [None req-6d7743df-2db3-43f3-a414-b3a0f5192715 f301f79e05224edcabbd01c6aa166d00 47253c2706954c7091c6fad37e9126f8 - - default default] POST http://[LB_IP_ADDRESS]:8776/v3/47253c2706954c7091c6fad37e9126f8/volumes
2025-12-05 00:35:48.574 72 INFO cinder.api.v3.volumes [None req-6d7743df-2db3-43f3-a414-b3a0f5192715 f301f79e05224edcabbd01c6aa166d00 47253c2706954c7091c6fad37e9126f8 - - default default] Create volume of 1 GB
2025-12-05 00:35:48.582 72 INFO cinder.volume.api [None req-6d7743df-2db3-43f3-a414-b3a0f5192715 f301f79e05224edcabbd01c6aa166d00 47253c2706954c7091c6fad37e9126f8 - - default default] Availability Zones retrieved successfully.
2025-12-05 00:35:48.904 72 INFO cinder.volume.api [None req-6d7743df-2db3-43f3-a414-b3a0f5192715 f301f79e05224edcabbd01c6aa166d00 47253c2706954c7091c6fad37e9126f8 - - default default] Create volume request issued successfully.
2025-12-05 00:35:48.906 72 INFO cinder.api.openstack.wsgi [None req-6d7743df-2db3-43f3-a414-b3a0f5192715 f301f79e05224edcabbd01c6aa166d00 47253c2706954c7091c6fad37e9126f8 - - default default] http://[LB_IP_ADDRESS]:8776/v3/47253c2706954c7091c6fad37e9126f8/volumes returned with HTTP 202
2025-12-05 00:35:48.923 73 INFO cinder.api.openstack.wsgi [None req-f4bb2571-1138-4753-b5bb-d68d713bc8a3 f301f79e05224edcabbd01c6aa166d00 47253c2706954c7091c6fad37e9126f8 - - default default] GET http://[LB_IP_ADDRESS]:8776/v3/47253c2706954c7091c6fad37e9126f8/volumes/967da5a1-714d-461d-9e30-df09ef2f6a0c
2025-12-05 00:35:48.940 73 INFO cinder.volume.api [None req-f4bb2571-1138-4753-b5bb-d68d713bc8a3 f301f79e05224edcabbd01c6aa166d00 47253c2706954c7091c6fad37e9126f8 - - default default] Volume info retrieved successfully.
2025-12-05 00:35:48.947 73 INFO cinder.api.openstack.wsgi [None req-f4bb2571-1138-4753-b5bb-d68d713bc8a3 f301f79e05224edcabbd01c6aa166d00 47253c2706954c7091c6fad37e9126f8 - - default default] http://[LB_IP_ADDRESS]:8776/v3/47253c2706954c7091c6fad37e9126f8/volumes/967da5a1-714d-461d-9e30-df09ef2f6a0c returned with HTTP 200
2025-12-05 00:35:49.887 75 INFO cinder.api.openstack.wsgi [None req-32ce8b08-c60b-4531-9443-45a33d1e98fc - - - - - -] GET http://[LB_IP_ADDRESS]:8776/
2025-12-05 00:35:49.888 75 INFO cinder.api.openstack.wsgi [None req-32ce8b08-c60b-4531-9443-45a33d1e98fc - - - - - -] http://[LB_IP_ADDRESS]:8776/ returned with HTTP 300
2025-12-05 00:35:49.900 74 INFO cinder.api.openstack.wsgi [None req-bb10ddda-e234-488f-86c6-9faa74cdc45d - - - - - -] GET http://[LB_IP_ADDRESS]:8776/
2025-12-05 00:35:49.901 74 INFO cinder.api.openstack.wsgi [None req-bb10ddda-e234-488f-86c6-9faa74cdc45d - - - - - -] http://[LB_IP_ADDRESS]:8776/ returned with HTTP 300
2025-12-05 00:35:49.968 72 INFO cinder.api.openstack.wsgi [None req-65719900-8ba2-48b5-a276-30e2948649a0 f301f79e05224edcabbd01c6aa166d00 47253c2706954c7091c6fad37e9126f8 - - default default] GET http://[LB_IP_ADDRESS]:8776/v3/47253c2706954c7091c6fad37e9126f8/volumes/967da5a1-714d-461d-9e30-df09ef2f6a0c
2025-12-05 00:35:49.986 72 INFO cinder.volume.api [None req-65719900-8ba2-48b5-a276-30e2948649a0 f301f79e05224edcabbd01c6aa166d00 47253c2706954c7091c6fad37e9126f8 - - default default] Volume info retrieved successfully.
2025-12-05 00:35:49.990 72 INFO cinder.api.openstack.wsgi [None req-65719900-8ba2-48b5-a276-30e2948649a0 f301f79e05224edcabbd01c6aa166d00 47253c2706954c7091c6fad37e9126f8 - - default default] http://[LB_IP_ADDRESS]:8776/v3/47253c2706954c7091c6fad37e9126f8/volumes/967da5a1-714d-461d-9e30-df09ef2f6a0c returned with HTTP 200
2025-12-05 00:35:50.011 73 INFO cinder.api.openstack.wsgi [None req-ce9a49b1-3989-4513-9275-d595a4f325d9 6ab9285d7be44e73a72343dff3e5d8cf 4809d95672c647b4b1bd3ea3ccd9aade - - default default] GET http://[LB_IP_ADDRESS]:8776/v3/4809d95672c647b4b1bd3ea3ccd9aade/volumes/967da5a1-714d-461d-9e30-df09ef2f6a0c
2025-12-05 00:35:50.027 73 INFO cinder.volume.api [None req-ce9a49b1-3989-4513-9275-d595a4f325d9 6ab9285d7be44e73a72343dff3e5d8cf 4809d95672c647b4b1bd3ea3ccd9aade - - default default] Volume info retrieved successfully.
2025-12-05 00:35:50.031 73 INFO cinder.api.openstack.wsgi [None req-ce9a49b1-3989-4513-9275-d595a4f325d9 6ab9285d7be44e73a72343dff3e5d8cf 4809d95672c647b4b1bd3ea3ccd9aade - - default default] http://[LB_IP_ADDRESS]:8776/v3/4809d95672c647b4b1bd3ea3ccd9aade/volumes/967da5a1-714d-461d-9e30-df09ef2f6a0c returned with HTTP 200
2025-12-05 00:35:50.052 75 INFO cinder.api.openstack.wsgi [None req-a0d17095-23bf-424d-826b-73439015c330 6ab9285d7be44e73a72343dff3e5d8cf 4809d95672c647b4b1bd3ea3ccd9aade - - default default] GET http://[LB_IP_ADDRESS]:8776/v3/4809d95672c647b4b1bd3ea3ccd9aade/os-services?host=rack05-server66&binary=cinder-volume
2025-12-05 00:35:50.060 75 INFO cinder.api.openstack.wsgi [None req-a0d17095-23bf-424d-826b-73439015c330 6ab9285d7be44e73a72343dff3e5d8cf 4809d95672c647b4b1bd3ea3ccd9aade - - default default] http://[LB_IP_ADDRESS]:8776/v3/4809d95672c647b4b1bd3ea3ccd9aade/os-services?host=rack05-server66&binary=cinder-volume returned with HTTP 200
2025-12-05 00:35:50.065 76 INFO cinder.api.openstack.wsgi [None req-d7c0e9b3-1a70-4a99-95d1-5c8692505c97 d1e85f316d1047dcaad7c02a8f674116 63ce0cd6bd3e47b699d99bc8f192a606 - - default default] GET http://[LB_IP_ADDRESS]:8776/v3/
2025-12-05 00:35:50.067 76 INFO cinder.api.openstack.wsgi [None req-d7c0e9b3-1a70-4a99-95d1-5c8692505c97 d1e85f316d1047dcaad7c02a8f674116 63ce0cd6bd3e47b699d99bc8f192a606 - - default default] http://[LB_IP_ADDRESS]:8776/v3/ returned with HTTP 200
2025-12-05 00:35:50.074 74 INFO cinder.api.openstack.wsgi [None req-dbe324ca-d206-41dc-aac8-5a43846b8bab f301f79e05224edcabbd01c6aa166d00 47253c2706954c7091c6fad37e9126f8 - - default default] GET http://[LB_IP_ADDRESS]:8776/v3/47253c2706954c7091c6fad37e9126f8/volumes/967da5a1-714d-461d-9e30-df09ef2f6a0c
2025-12-05 00:35:50.092 74 INFO cinder.volume.api [None req-dbe324ca-d206-41dc-aac8-5a43846b8bab f301f79e05224edcabbd01c6aa166d00 47253c2706954c7091c6fad37e9126f8 - - default default] Volume info retrieved successfully.
2025-12-05 00:35:50.097 74 INFO cinder.api.openstack.wsgi [None req-dbe324ca-d206-41dc-aac8-5a43846b8bab f301f79e05224edcabbd01c6aa166d00 47253c2706954c7091c6fad37e9126f8 - - default default] http://[LB_IP_ADDRESS]:8776/v3/47253c2706954c7091c6fad37e9126f8/volumes/967da5a1-714d-461d-9e30-df09ef2f6a0c returned with HTTP 200
2025-12-05 00:35:50.113 72 INFO cinder.api.openstack.wsgi [None req-c14ac39f-7585-47d0-a9ac-ba31261f31d4 f301f79e05224edcabbd01c6aa166d00 47253c2706954c7091c6fad37e9126f8 - - default default] DELETE http://[LB_IP_ADDRESS]:8776/v3/47253c2706954c7091c6fad37e9126f8/volumes/967da5a1-714d-461d-9e30-df09ef2f6a0c
2025-12-05 00:35:50.114 72 INFO cinder.api.v3.volumes [None req-c14ac39f-7585-47d0-a9ac-ba31261f31d4 f301f79e05224edcabbd01c6aa166d00 47253c2706954c7091c6fad37e9126f8 - - default default] Delete volume with id: 967da5a1-714d-461d-9e30-df09ef2f6a0c 
2025-12-05 00:35:50.125 72 INFO cinder.volume.api [None req-c14ac39f-7585-47d0-a9ac-ba31261f31d4 f301f79e05224edcabbd01c6aa166d00 47253c2706954c7091c6fad37e9126f8 - - default default] Volume info retrieved successfully.
2025-12-05 00:35:50.146 72 INFO cinder.volume.api [None req-c14ac39f-7585-47d0-a9ac-ba31261f31d4 f301f79e05224edcabbd01c6aa166d00 47253c2706954c7091c6fad37e9126f8 - - default default] Delete volume request issued successfully.
2025-12-05 00:35:50.146 72 INFO cinder.api.openstack.wsgi [None req-c14ac39f-7585-47d0-a9ac-ba31261f31d4 f301f79e05224edcabbd01c6aa166d00 47253c2706954c7091c6fad37e9126f8 - - default default] http://[LB_IP_ADDRESS]:8776/v3/47253c2706954c7091c6fad37e9126f8/volumes/967da5a1-714d-461d-9e30-df09ef2f6a0c returned with HTTP 202
2025-12-05 00:35:50.156 73 INFO cinder.api.openstack.wsgi [None req-068f738f-f0f9-4243-b97d-1a908a98795b f301f79e05224edcabbd01c6aa166d00 47253c2706954c7091c6fad37e9126f8 - - default default] GET http://[LB_IP_ADDRESS]:8776/v3/47253c2706954c7091c6fad37e9126f8/volumes/967da5a1-714d-461d-9e30-df09ef2f6a0c
2025-12-05 00:35:50.174 73 INFO cinder.volume.api [None req-068f738f-f0f9-4243-b97d-1a908a98795b f301f79e05224edcabbd01c6aa166d00 47253c2706954c7091c6fad37e9126f8 - - default default] Volume info retrieved successfully.
2025-12-05 00:35:50.178 73 INFO cinder.api.openstack.wsgi [None req-068f738f-f0f9-4243-b97d-1a908a98795b f301f79e05224edcabbd01c6aa166d00 47253c2706954c7091c6fad37e9126f8 - - default default] http://[LB_IP_ADDRESS]:8776/v3/47253c2706954c7091c6fad37e9126f8/volumes/967da5a1-714d-461d-9e30-df09ef2f6a0c returned with HTTP 200
2025-12-05 00:35:50.525 75 INFO cinder.api.openstack.wsgi [None req-51fd3c04-e6be-4eb3-918f-e07157bde341 bf0f63bb0aa54e8b87319af589c9cddf 5907bab29a8e44c6beddf4f88741d00e - - default default] POST http://[LB_IP_ADDRESS]:8776/v3/5907bab29a8e44c6beddf4f88741d00e/types
2025-12-05 00:35:50.550 75 INFO cinder.api.openstack.wsgi [None req-51fd3c04-e6be-4eb3-918f-e07157bde341 bf0f63bb0aa54e8b87319af589c9cddf 5907bab29a8e44c6beddf4f88741d00e - - default default] http://[LB_IP_ADDRESS]:8776/v3/5907bab29a8e44c6beddf4f88741d00e/types returned with HTTP 200
