2022-04-11 21:30:41.731 21 INFO cinder.api.openstack.wsgi [req-a7a68c81-4eee-4bec-933b-83cf0269a512 cc1aeb0eb1994b6c8f35df855bae6732 - - default default] http://[LB_IP_ADDRESS]:8776/v3/b9489e92c55b430cbc3f00be32f90027/types/97875cc3-ea1d-46e5-b0bc-8fa9f3451912/extra_specs returned with HTTP 200
2022-04-11 21:30:41.748 22 INFO cinder.api.openstack.wsgi [req-381a281b-e187-4eca-93f2-765a4f16850d cc1aeb0eb1994b6c8f35df855bae6732 - - default default] GET http://[LB_IP_ADDRESS]:8776/v3/b9489e92c55b430cbc3f00be32f90027/types/97875cc3-ea1d-46e5-b0bc-8fa9f3451912/extra_specs/spec3
2022-04-11 21:30:41.760 22 INFO cinder.api.openstack.wsgi [req-381a281b-e187-4eca-93f2-765a4f16850d cc1aeb0eb1994b6c8f35df855bae6732 - - default default] http://[LB_IP_ADDRESS]:8776/v3/b9489e92c55b430cbc3f00be32f90027/types/97875cc3-ea1d-46e5-b0bc-8fa9f3451912/extra_specs/spec3 returned with HTTP 200
2022-04-11 21:30:41.775 19 INFO cinder.api.openstack.wsgi [req-4cd24291-86f6-47b0-a833-02cc89f269b5 cc1aeb0eb1994b6c8f35df855bae6732 - - default default] DELETE http://[LB_IP_ADDRESS]:8776/v3/b9489e92c55b430cbc3f00be32f90027/types/97875cc3-ea1d-46e5-b0bc-8fa9f3451912/extra_specs/spec3
2022-04-11 21:30:41.825 19 INFO cinder.api.openstack.wsgi [req-4cd24291-86f6-47b0-a833-02cc89f269b5 cc1aeb0eb1994b6c8f35df855bae6732 - - default default] http://[LB_IP_ADDRESS]:8776/v3/b9489e92c55b430cbc3f00be32f90027/types/97875cc3-ea1d-46e5-b0bc-8fa9f3451912/extra_specs/spec3 returned with HTTP 202
2022-04-11 21:30:41.839 23 INFO cinder.api.openstack.wsgi [req-74790f6c-800e-440c-aa02-2d1eadf606b2 cc1aeb0eb1994b6c8f35df855bae6732 - - default default] GET http://[LB_IP_ADDRESS]:8776/v3/b9489e92c55b430cbc3f00be32f90027/types/97875cc3-ea1d-46e5-b0bc-8fa9f3451912/extra_specs/spec3
2022-04-11 21:30:41.851 23 INFO cinder.api.openstack.wsgi [req-74790f6c-800e-440c-aa02-2d1eadf606b2 cc1aeb0eb1994b6c8f35df855bae6732 - - default default] http://[LB_IP_ADDRESS]:8776/v3/b9489e92c55b430cbc3f00be32f90027/types/97875cc3-ea1d-46e5-b0bc-8fa9f3451912/extra_specs/spec3 returned with HTTP 404
2022-04-11 21:30:41.874 20 INFO cinder.api.openstack.wsgi [req-9630d2f8-d4af-40aa-9409-7adbbea99ea3 cc1aeb0eb1994b6c8f35df855bae6732 - - default default] POST http://[LB_IP_ADDRESS]:8776/v3/b9489e92c55b430cbc3f00be32f90027/types/97875cc3-ea1d-46e5-b0bc-8fa9f3451912/extra_specs
2022-04-11 21:30:41.941 20 INFO cinder.api.openstack.wsgi [req-9630d2f8-d4af-40aa-9409-7adbbea99ea3 cc1aeb0eb1994b6c8f35df855bae6732 - - default default] http://[LB_IP_ADDRESS]:8776/v3/b9489e92c55b430cbc3f00be32f90027/types/97875cc3-ea1d-46e5-b0bc-8fa9f3451912/extra_specs returned with HTTP 200
2022-04-11 21:30:41.956 21 INFO cinder.api.openstack.wsgi [req-3c4a85e2-428d-407f-8afc-6bb3dcec428c cc1aeb0eb1994b6c8f35df855bae6732 - - default default] GET http://[LB_IP_ADDRESS]:8776/v3/b9489e92c55b430cbc3f00be32f90027/types/97875cc3-ea1d-46e5-b0bc-8fa9f3451912/extra_specs
2022-04-11 21:30:41.969 21 INFO cinder.api.openstack.wsgi [req-3c4a85e2-428d-407f-8afc-6bb3dcec428c cc1aeb0eb1994b6c8f35df855bae6732 - - default default] http://[LB_IP_ADDRESS]:8776/v3/b9489e92c55b430cbc3f00be32f90027/types/97875cc3-ea1d-46e5-b0bc-8fa9f3451912/extra_specs returned with HTTP 200
2022-04-11 21:30:41.985 22 INFO cinder.api.openstack.wsgi [req-583b569c-9396-426b-9d3c-8d6f2f1b30ad cc1aeb0eb1994b6c8f35df855bae6732 - - default default] POST http://[LB_IP_ADDRESS]:8776/v3/b9489e92c55b430cbc3f00be32f90027/types/97875cc3-ea1d-46e5-b0bc-8fa9f3451912/extra_specs
2022-04-11 21:30:42.057 22 INFO cinder.api.openstack.wsgi [req-583b569c-9396-426b-9d3c-8d6f2f1b30ad cc1aeb0eb1994b6c8f35df855bae6732 - - default default] http://[LB_IP_ADDRESS]:8776/v3/b9489e92c55b430cbc3f00be32f90027/types/97875cc3-ea1d-46e5-b0bc-8fa9f3451912/extra_specs returned with HTTP 200
2022-04-11 21:30:42.065 19 INFO cinder.api.openstack.wsgi [req-11b9b7c9-50d8-4cd2-9483-ef03a36818f9 78cb936882d746cb9172a52a72ba7336 - - default default] GET http://[LB_IP_ADDRESS]:8776/v3/933bab1446e643a0ad1d310f393eb6e9/volumes/1c958dc0-e391-4d34-93dd-4493b6074f8a
2022-04-11 21:30:42.075 23 INFO cinder.api.openstack.wsgi [req-cda4dfca-1e60-44d8-9e90-39c22fb53df4 cc1aeb0eb1994b6c8f35df855bae6732 - - default default] PUT http://[LB_IP_ADDRESS]:8776/v3/b9489e92c55b430cbc3f00be32f90027/types/97875cc3-ea1d-46e5-b0bc-8fa9f3451912/extra_specs/spec2
2022-04-11 21:30:42.090 19 INFO cinder.volume.api [req-11b9b7c9-50d8-4cd2-9483-ef03a36818f9 78cb936882d746cb9172a52a72ba7336 - - default default] Volume info retrieved successfully.
2022-04-11 21:30:42.098 19 INFO cinder.api.openstack.wsgi [req-11b9b7c9-50d8-4cd2-9483-ef03a36818f9 78cb936882d746cb9172a52a72ba7336 - - default default] http://[LB_IP_ADDRESS]:8776/v3/933bab1446e643a0ad1d310f393eb6e9/volumes/1c958dc0-e391-4d34-93dd-4493b6074f8a returned with HTTP 200
2022-04-11 21:30:42.120 20 INFO cinder.api.openstack.wsgi [req-5b989d62-6266-4413-b3ee-9ab7907719f7 1f2b373a817b499ca743c0e79d8059f0 - - default default] GET http://[LB_IP_ADDRESS]:8776/v3/df744e9af14946a6824ff92e2a3ca675/os-quota-sets/933bab1446e643a0ad1d310f393eb6e9?usage=True
2022-04-11 21:30:42.124 23 INFO cinder.api.openstack.wsgi [req-cda4dfca-1e60-44d8-9e90-39c22fb53df4 cc1aeb0eb1994b6c8f35df855bae6732 - - default default] http://[LB_IP_ADDRESS]:8776/v3/b9489e92c55b430cbc3f00be32f90027/types/97875cc3-ea1d-46e5-b0bc-8fa9f3451912/extra_specs/spec2 returned with HTTP 200
2022-04-11 21:30:42.139 21 INFO cinder.api.openstack.wsgi [req-1ef3ba35-64de-4348-a58e-fa332bb5a819 cc1aeb0eb1994b6c8f35df855bae6732 - - default default] GET http://[LB_IP_ADDRESS]:8776/v3/b9489e92c55b430cbc3f00be32f90027/types/97875cc3-ea1d-46e5-b0bc-8fa9f3451912/extra_specs/spec2
2022-04-11 21:30:42.151 21 INFO cinder.api.openstack.wsgi [req-1ef3ba35-64de-4348-a58e-fa332bb5a819 cc1aeb0eb1994b6c8f35df855bae6732 - - default default] http://[LB_IP_ADDRESS]:8776/v3/b9489e92c55b430cbc3f00be32f90027/types/97875cc3-ea1d-46e5-b0bc-8fa9f3451912/extra_specs/spec2 returned with HTTP 200
2022-04-11 21:30:42.171 22 INFO cinder.api.openstack.wsgi [req-19e48f42-0b7d-4035-a1d0-c5c13e6d9db2 cc1aeb0eb1994b6c8f35df855bae6732 - - default default] POST http://[LB_IP_ADDRESS]:8776/v3/b9489e92c55b430cbc3f00be32f90027/types/97875cc3-ea1d-46e5-b0bc-8fa9f3451912/extra_specs
2022-04-11 21:30:42.178 20 WARNING cinder.quota [req-5b989d62-6266-4413-b3ee-9ab7907719f7 1f2b373a817b499ca743c0e79d8059f0 - - default default] Deprecated: Default quota for resource: volumes_tempest-VolumeTypesExtraSpecsTest-volume-type-662871131 is set by the default quota flag: quota_volumes_tempest-VolumeTypesExtraSpecsTest-volume-type-662871131, it is now deprecated. Please use the default quota class for default quota.
2022-04-11 21:30:42.179 20 WARNING cinder.quota [req-5b989d62-6266-4413-b3ee-9ab7907719f7 1f2b373a817b499ca743c0e79d8059f0 - - default default] Deprecated: Default quota for resource: gigabytes_tempest-VolumeTypesExtraSpecsTest-volume-type-662871131 is set by the default quota flag: quota_gigabytes_tempest-VolumeTypesExtraSpecsTest-volume-type-662871131, it is now deprecated. Please use the default quota class for default quota.
2022-04-11 21:30:42.180 20 WARNING cinder.quota [req-5b989d62-6266-4413-b3ee-9ab7907719f7 1f2b373a817b499ca743c0e79d8059f0 - - default default] Deprecated: Default quota for resource: snapshots_tempest-VolumeTypesExtraSpecsTest-volume-type-662871131 is set by the default quota flag: quota_snapshots_tempest-VolumeTypesExtraSpecsTest-volume-type-662871131, it is now deprecated. Please use the default quota class for default quota.
2022-04-11 21:30:42.219 20 INFO cinder.api.openstack.wsgi [req-5b989d62-6266-4413-b3ee-9ab7907719f7 1f2b373a817b499ca743c0e79d8059f0 - - default default] http://[LB_IP_ADDRESS]:8776/v3/df744e9af14946a6824ff92e2a3ca675/os-quota-sets/933bab1446e643a0ad1d310f393eb6e9?usage=True returned with HTTP 200
2022-04-11 21:30:42.236 22 INFO cinder.api.openstack.wsgi [req-19e48f42-0b7d-4035-a1d0-c5c13e6d9db2 cc1aeb0eb1994b6c8f35df855bae6732 - - default default] http://[LB_IP_ADDRESS]:8776/v3/b9489e92c55b430cbc3f00be32f90027/types/97875cc3-ea1d-46e5-b0bc-8fa9f3451912/extra_specs returned with HTTP 200
2022-04-11 21:30:42.238 19 INFO cinder.api.openstack.wsgi [req-a5b8b5c9-bbc0-4a13-897e-d7cb431f5b37 78cb936882d746cb9172a52a72ba7336 - - default default] DELETE http://[LB_IP_ADDRESS]:8776/v3/933bab1446e643a0ad1d310f393eb6e9/volumes/1c958dc0-e391-4d34-93dd-4493b6074f8a
2022-04-11 21:30:42.240 19 INFO cinder.api.v3.volumes [req-a5b8b5c9-bbc0-4a13-897e-d7cb431f5b37 78cb936882d746cb9172a52a72ba7336 - - default default] Delete volume with id: 1c958dc0-e391-4d34-93dd-4493b6074f8a 
2022-04-11 21:30:42.252 23 INFO cinder.api.openstack.wsgi [req-f245b3b6-630b-4689-a060-ad8edbe891c2 cc1aeb0eb1994b6c8f35df855bae6732 - - default default] GET http://[LB_IP_ADDRESS]:8776/v3/b9489e92c55b430cbc3f00be32f90027/types/97875cc3-ea1d-46e5-b0bc-8fa9f3451912/extra_specs
2022-04-11 21:30:42.259 19 INFO cinder.volume.api [req-a5b8b5c9-bbc0-4a13-897e-d7cb431f5b37 78cb936882d746cb9172a52a72ba7336 - - default default] Volume info retrieved successfully.
2022-04-11 21:30:42.263 23 INFO cinder.api.openstack.wsgi [req-f245b3b6-630b-4689-a060-ad8edbe891c2 cc1aeb0eb1994b6c8f35df855bae6732 - - default default] http://[LB_IP_ADDRESS]:8776/v3/b9489e92c55b430cbc3f00be32f90027/types/97875cc3-ea1d-46e5-b0bc-8fa9f3451912/extra_specs returned with HTTP 200
2022-04-11 21:30:42.277 21 INFO cinder.api.openstack.wsgi [req-1746b2b2-d7a8-423d-95f2-72eca8141279 cc1aeb0eb1994b6c8f35df855bae6732 - - default default] DELETE http://[LB_IP_ADDRESS]:8776/v3/b9489e92c55b430cbc3f00be32f90027/types/97875cc3-ea1d-46e5-b0bc-8fa9f3451912
2022-04-11 21:30:42.291 19 INFO cinder.volume.api [req-a5b8b5c9-bbc0-4a13-897e-d7cb431f5b37 78cb936882d746cb9172a52a72ba7336 - - default default] Delete volume request issued successfully.
2022-04-11 21:30:42.292 19 INFO cinder.api.openstack.wsgi [req-a5b8b5c9-bbc0-4a13-897e-d7cb431f5b37 78cb936882d746cb9172a52a72ba7336 - - default default] http://[LB_IP_ADDRESS]:8776/v3/933bab1446e643a0ad1d310f393eb6e9/volumes/1c958dc0-e391-4d34-93dd-4493b6074f8a returned with HTTP 202
2022-04-11 21:30:42.305 20 INFO cinder.api.openstack.wsgi [req-92dce131-0796-4972-9002-9c2a66ef9fac 78cb936882d746cb9172a52a72ba7336 - - default default] GET http://[LB_IP_ADDRESS]:8776/v3/933bab1446e643a0ad1d310f393eb6e9/volumes/1c958dc0-e391-4d34-93dd-4493b6074f8a
2022-04-11 21:30:42.332 20 INFO cinder.volume.api [req-92dce131-0796-4972-9002-9c2a66ef9fac 78cb936882d746cb9172a52a72ba7336 - - default default] Volume info retrieved successfully.
2022-04-11 21:30:42.340 20 INFO cinder.api.openstack.wsgi [req-92dce131-0796-4972-9002-9c2a66ef9fac 78cb936882d746cb9172a52a72ba7336 - - default default] http://[LB_IP_ADDRESS]:8776/v3/933bab1446e643a0ad1d310f393eb6e9/volumes/1c958dc0-e391-4d34-93dd-4493b6074f8a returned with HTTP 200
2022-04-11 21:30:42.372 21 INFO cinder.api.openstack.wsgi [req-1746b2b2-d7a8-423d-95f2-72eca8141279 cc1aeb0eb1994b6c8f35df855bae6732 - - default default] http://[LB_IP_ADDRESS]:8776/v3/b9489e92c55b430cbc3f00be32f90027/types/97875cc3-ea1d-46e5-b0bc-8fa9f3451912 returned with HTTP 202
2022-04-11 21:30:42.385 22 INFO cinder.api.openstack.wsgi [req-7253ce0a-d8e1-4967-871c-231faa2961e3 cc1aeb0eb1994b6c8f35df855bae6732 - - default default] GET http://[LB_IP_ADDRESS]:8776/v3/b9489e92c55b430cbc3f00be32f90027/types/97875cc3-ea1d-46e5-b0bc-8fa9f3451912
2022-04-11 21:30:42.393 22 INFO cinder.api.openstack.wsgi [req-7253ce0a-d8e1-4967-871c-231faa2961e3 cc1aeb0eb1994b6c8f35df855bae6732 - - default default] http://[LB_IP_ADDRESS]:8776/v3/b9489e92c55b430cbc3f00be32f90027/types/97875cc3-ea1d-46e5-b0bc-8fa9f3451912 returned with HTTP 404
2022-04-11 21:30:43.363 23 INFO cinder.api.openstack.wsgi [req-f315c874-3e4f-4b35-bcac-c35825c4014c 78cb936882d746cb9172a52a72ba7336 - - default default] GET http://[LB_IP_ADDRESS]:8776/v3/933bab1446e643a0ad1d310f393eb6e9/volumes/1c958dc0-e391-4d34-93dd-4493b6074f8a
2022-04-11 21:30:43.378 23 INFO cinder.api.openstack.wsgi [req-f315c874-3e4f-4b35-bcac-c35825c4014c 78cb936882d746cb9172a52a72ba7336 - - default default] http://[LB_IP_ADDRESS]:8776/v3/933bab1446e643a0ad1d310f393eb6e9/volumes/1c958dc0-e391-4d34-93dd-4493b6074f8a returned with HTTP 404
2022-04-11 21:30:43.393 19 INFO cinder.api.openstack.wsgi [req-a2f89667-ca49-4adb-9110-8dd20fd26f27 78cb936882d746cb9172a52a72ba7336 - - default default] POST http://[LB_IP_ADDRESS]:8776/v3/933bab1446e643a0ad1d310f393eb6e9/volumes
2022-04-11 21:30:43.395 19 INFO cinder.api.v3.volumes [req-a2f89667-ca49-4adb-9110-8dd20fd26f27 78cb936882d746cb9172a52a72ba7336 - - default default] Create volume of 1 GB
2022-04-11 21:30:43.405 19 INFO cinder.volume.api [req-a2f89667-ca49-4adb-9110-8dd20fd26f27 78cb936882d746cb9172a52a72ba7336 - - default default] Availability Zones retrieved successfully.
2022-04-11 21:30:43.608 19 INFO cinder.volume.api [req-a2f89667-ca49-4adb-9110-8dd20fd26f27 78cb936882d746cb9172a52a72ba7336 - - default default] Create volume request issued successfully.
2022-04-11 21:30:43.610 19 INFO cinder.api.openstack.wsgi [req-a2f89667-ca49-4adb-9110-8dd20fd26f27 78cb936882d746cb9172a52a72ba7336 - - default default] http://[LB_IP_ADDRESS]:8776/v3/933bab1446e643a0ad1d310f393eb6e9/volumes returned with HTTP 202
2022-04-11 21:30:43.629 20 INFO cinder.api.openstack.wsgi [req-413841de-f119-4e1d-bcda-8c95b1780a19 78cb936882d746cb9172a52a72ba7336 - - default default] GET http://[LB_IP_ADDRESS]:8776/v3/933bab1446e643a0ad1d310f393eb6e9/volumes/549c31f9-e5da-4ad3-a87f-021e4843939d
2022-04-11 21:30:43.652 20 INFO cinder.volume.api [req-413841de-f119-4e1d-bcda-8c95b1780a19 78cb936882d746cb9172a52a72ba7336 - - default default] Volume info retrieved successfully.
2022-04-11 21:30:43.660 20 INFO cinder.api.openstack.wsgi [req-413841de-f119-4e1d-bcda-8c95b1780a19 78cb936882d746cb9172a52a72ba7336 - - default default] http://[LB_IP_ADDRESS]:8776/v3/933bab1446e643a0ad1d310f393eb6e9/volumes/549c31f9-e5da-4ad3-a87f-021e4843939d returned with HTTP 200
2022-04-11 21:30:44.680 21 INFO cinder.api.openstack.wsgi [req-16cf0f49-d0d7-4d15-91fe-e899ef581c9e 78cb936882d746cb9172a52a72ba7336 - - default default] GET http://[LB_IP_ADDRESS]:8776/v3/933bab1446e643a0ad1d310f393eb6e9/volumes/549c31f9-e5da-4ad3-a87f-021e4843939d
2022-04-11 21:30:44.706 21 INFO cinder.volume.api [req-16cf0f49-d0d7-4d15-91fe-e899ef581c9e 78cb936882d746cb9172a52a72ba7336 - - default default] Volume info retrieved successfully.
2022-04-11 21:30:44.715 21 INFO cinder.api.openstack.wsgi [req-16cf0f49-d0d7-4d15-91fe-e899ef581c9e 78cb936882d746cb9172a52a72ba7336 - - default default] http://[LB_IP_ADDRESS]:8776/v3/933bab1446e643a0ad1d310f393eb6e9/volumes/549c31f9-e5da-4ad3-a87f-021e4843939d returned with HTTP 200
2022-04-11 21:30:44.738 22 INFO cinder.api.openstack.wsgi [req-5e0936fb-2f3a-467e-953e-208a29e3b0b5 1f2b373a817b499ca743c0e79d8059f0 - - default default] GET http://[LB_IP_ADDRESS]:8776/v3/df744e9af14946a6824ff92e2a3ca675/os-quota-sets/933bab1446e643a0ad1d310f393eb6e9?usage=True
2022-04-11 21:30:44.839 22 INFO cinder.api.openstack.wsgi [req-5e0936fb-2f3a-467e-953e-208a29e3b0b5 1f2b373a817b499ca743c0e79d8059f0 - - default default] http://[LB_IP_ADDRESS]:8776/v3/df744e9af14946a6824ff92e2a3ca675/os-quota-sets/933bab1446e643a0ad1d310f393eb6e9?usage=True returned with HTTP 200
2022-04-11 21:30:44.861 23 INFO cinder.api.openstack.wsgi [req-80216bbd-ebc6-408b-a190-9dd15886b6a9 1f2b373a817b499ca743c0e79d8059f0 - - default default] GET http://[LB_IP_ADDRESS]:8776/v3/df744e9af14946a6824ff92e2a3ca675/os-quota-sets/c02db530ff37449f8e3d4b932a21d310?usage=True
2022-04-11 21:30:44.949 23 INFO cinder.api.openstack.wsgi [req-80216bbd-ebc6-408b-a190-9dd15886b6a9 1f2b373a817b499ca743c0e79d8059f0 - - default default] http://[LB_IP_ADDRESS]:8776/v3/df744e9af14946a6824ff92e2a3ca675/os-quota-sets/c02db530ff37449f8e3d4b932a21d310?usage=True returned with HTTP 200
2022-04-11 21:30:44.971 19 INFO cinder.api.openstack.wsgi [req-b588317c-e26f-40ff-ae7a-7f231207f368 78cb936882d746cb9172a52a72ba7336 - - default default] POST http://[LB_IP_ADDRESS]:8776/v3/933bab1446e643a0ad1d310f393eb6e9/os-volume-transfer
2022-04-11 21:30:44.973 19 INFO cinder.api.contrib.volume_transfer [req-b588317c-e26f-40ff-ae7a-7f231207f368 78cb936882d746cb9172a52a72ba7336 - - default default] Creating transfer of volume 549c31f9-e5da-4ad3-a87f-021e4843939d
2022-04-11 21:30:44.973 19 INFO cinder.transfer.api [req-b588317c-e26f-40ff-ae7a-7f231207f368 78cb936882d746cb9172a52a72ba7336 - - default default] Generating transfer record for volume 549c31f9-e5da-4ad3-a87f-021e4843939d
2022-04-11 21:30:45.004 19 INFO cinder.api.openstack.wsgi [req-b588317c-e26f-40ff-ae7a-7f231207f368 78cb936882d746cb9172a52a72ba7336 - - default default] http://[LB_IP_ADDRESS]:8776/v3/933bab1446e643a0ad1d310f393eb6e9/os-volume-transfer returned with HTTP 202
2022-04-11 21:30:45.190 20 INFO cinder.api.openstack.wsgi [req-d84a5f97-b7ad-4ce3-8642-d3cd36c99bab 338cbee992a0435d8c42d4ec8aac2e15 - - default default] POST http://[LB_IP_ADDRESS]:8776/v3/c02db530ff37449f8e3d4b932a21d310/os-volume-transfer/f9d4b608-75c1-40b6-838e-5433e1ceb367/accept
2022-04-11 21:30:45.192 20 INFO cinder.api.contrib.volume_transfer [req-d84a5f97-b7ad-4ce3-8642-d3cd36c99bab 338cbee992a0435d8c42d4ec8aac2e15 - - default default] Accepting transfer f9d4b608-75c1-40b6-838e-5433e1ceb367
2022-04-11 21:30:45.671 20 INFO cinder.volume.api [req-d84a5f97-b7ad-4ce3-8642-d3cd36c99bab 338cbee992a0435d8c42d4ec8aac2e15 - - default default] Transfer volume completed successfully.
2022-04-11 21:30:45.777 20 INFO cinder.transfer.api [req-d84a5f97-b7ad-4ce3-8642-d3cd36c99bab 338cbee992a0435d8c42d4ec8aac2e15 - - default default] Volume 549c31f9-e5da-4ad3-a87f-021e4843939d has been transferred.
2022-04-11 21:30:45.792 20 INFO cinder.api.openstack.wsgi [req-d84a5f97-b7ad-4ce3-8642-d3cd36c99bab 338cbee992a0435d8c42d4ec8aac2e15 - - default default] http://[LB_IP_ADDRESS]:8776/v3/c02db530ff37449f8e3d4b932a21d310/os-volume-transfer/f9d4b608-75c1-40b6-838e-5433e1ceb367/accept returned with HTTP 202
2022-04-11 21:30:45.807 21 INFO cinder.api.openstack.wsgi [req-4fa4f4c6-a8a5-4108-923c-f933931f4c99 338cbee992a0435d8c42d4ec8aac2e15 - - default default] GET http://[LB_IP_ADDRESS]:8776/v3/c02db530ff37449f8e3d4b932a21d310/volumes/549c31f9-e5da-4ad3-a87f-021e4843939d
2022-04-11 21:30:45.830 21 INFO cinder.volume.api [req-4fa4f4c6-a8a5-4108-923c-f933931f4c99 338cbee992a0435d8c42d4ec8aac2e15 - - default default] Volume info retrieved successfully.
2022-04-11 21:30:45.838 21 INFO cinder.api.openstack.wsgi [req-4fa4f4c6-a8a5-4108-923c-f933931f4c99 338cbee992a0435d8c42d4ec8aac2e15 - - default default] http://[LB_IP_ADDRESS]:8776/v3/c02db530ff37449f8e3d4b932a21d310/volumes/549c31f9-e5da-4ad3-a87f-021e4843939d returned with HTTP 200
2022-04-11 21:30:45.862 22 INFO cinder.api.openstack.wsgi [req-0c2feaf6-f423-43e6-b3ee-249c7212de3e 1f2b373a817b499ca743c0e79d8059f0 - - default default] GET http://[LB_IP_ADDRESS]:8776/v3/df744e9af14946a6824ff92e2a3ca675/os-quota-sets/933bab1446e643a0ad1d310f393eb6e9?usage=True
2022-04-11 21:30:45.956 22 INFO cinder.api.openstack.wsgi [req-0c2feaf6-f423-43e6-b3ee-249c7212de3e 1f2b373a817b499ca743c0e79d8059f0 - - default default] http://[LB_IP_ADDRESS]:8776/v3/df744e9af14946a6824ff92e2a3ca675/os-quota-sets/933bab1446e643a0ad1d310f393eb6e9?usage=True returned with HTTP 200
2022-04-11 21:30:45.977 23 INFO cinder.api.openstack.wsgi [req-ca722023-3f00-4e14-9023-276c5aee1062 1f2b373a817b499ca743c0e79d8059f0 - - default default] GET http://[LB_IP_ADDRESS]:8776/v3/df744e9af14946a6824ff92e2a3ca675/os-quota-sets/c02db530ff37449f8e3d4b932a21d310?usage=True
2022-04-11 21:30:46.073 23 INFO cinder.api.openstack.wsgi [req-ca722023-3f00-4e14-9023-276c5aee1062 1f2b373a817b499ca743c0e79d8059f0 - - default default] http://[LB_IP_ADDRESS]:8776/v3/df744e9af14946a6824ff92e2a3ca675/os-quota-sets/c02db530ff37449f8e3d4b932a21d310?usage=True returned with HTTP 200
2022-04-11 21:30:46.092 19 INFO cinder.api.openstack.wsgi [req-29feb3c9-8099-41ed-a306-7e1acf9bb1a2 1f2b373a817b499ca743c0e79d8059f0 - - default default] DELETE http://[LB_IP_ADDRESS]:8776/v3/df744e9af14946a6824ff92e2a3ca675/volumes/549c31f9-e5da-4ad3-a87f-021e4843939d
2022-04-11 21:30:46.094 19 INFO cinder.api.v3.volumes [req-29feb3c9-8099-41ed-a306-7e1acf9bb1a2 1f2b373a817b499ca743c0e79d8059f0 - - default default] Delete volume with id: 549c31f9-e5da-4ad3-a87f-021e4843939d 
2022-04-11 21:30:46.110 19 INFO cinder.volume.api [req-29feb3c9-8099-41ed-a306-7e1acf9bb1a2 1f2b373a817b499ca743c0e79d8059f0 - - default default] Volume info retrieved successfully.
2022-04-11 21:30:46.139 19 INFO cinder.volume.api [req-29feb3c9-8099-41ed-a306-7e1acf9bb1a2 1f2b373a817b499ca743c0e79d8059f0 - - default default] Delete volume request issued successfully.
2022-04-11 21:30:46.140 19 INFO cinder.api.openstack.wsgi [req-29feb3c9-8099-41ed-a306-7e1acf9bb1a2 1f2b373a817b499ca743c0e79d8059f0 - - default default] http://[LB_IP_ADDRESS]:8776/v3/df744e9af14946a6824ff92e2a3ca675/volumes/549c31f9-e5da-4ad3-a87f-021e4843939d returned with HTTP 202
2022-04-11 21:30:46.153 20 INFO cinder.api.openstack.wsgi [req-1c8c88c4-703d-4b6d-ab40-91deaea6f5b7 1f2b373a817b499ca743c0e79d8059f0 - - default default] GET http://[LB_IP_ADDRESS]:8776/v3/df744e9af14946a6824ff92e2a3ca675/volumes/549c31f9-e5da-4ad3-a87f-021e4843939d
2022-04-11 21:30:46.178 20 INFO cinder.volume.api [req-1c8c88c4-703d-4b6d-ab40-91deaea6f5b7 1f2b373a817b499ca743c0e79d8059f0 - - default default] Volume info retrieved successfully.
2022-04-11 21:30:46.186 20 INFO cinder.api.openstack.wsgi [req-1c8c88c4-703d-4b6d-ab40-91deaea6f5b7 1f2b373a817b499ca743c0e79d8059f0 - - default default] http://[LB_IP_ADDRESS]:8776/v3/df744e9af14946a6824ff92e2a3ca675/volumes/549c31f9-e5da-4ad3-a87f-021e4843939d returned with HTTP 200
2022-04-11 21:30:47.207 21 INFO cinder.api.openstack.wsgi [req-2fad4e1b-6554-4105-a507-8ff17467839d 1f2b373a817b499ca743c0e79d8059f0 - - default default] GET http://[LB_IP_ADDRESS]:8776/v3/df744e9af14946a6824ff92e2a3ca675/volumes/549c31f9-e5da-4ad3-a87f-021e4843939d
2022-04-11 21:30:47.220 21 INFO cinder.api.openstack.wsgi [req-2fad4e1b-6554-4105-a507-8ff17467839d 1f2b373a817b499ca743c0e79d8059f0 - - default default] http://[LB_IP_ADDRESS]:8776/v3/df744e9af14946a6824ff92e2a3ca675/volumes/549c31f9-e5da-4ad3-a87f-021e4843939d returned with HTTP 404
2022-04-11 21:30:47.237 22 INFO cinder.api.openstack.wsgi [req-a96ffcd4-866c-4533-8b6f-8e04c93fffa1 1f2b373a817b499ca743c0e79d8059f0 - - default default] GET http://[LB_IP_ADDRESS]:8776/v3/df744e9af14946a6824ff92e2a3ca675/os-quota-sets/df744e9af14946a6824ff92e2a3ca675?usage=True
2022-04-11 21:30:47.323 22 INFO cinder.api.openstack.wsgi [req-a96ffcd4-866c-4533-8b6f-8e04c93fffa1 1f2b373a817b499ca743c0e79d8059f0 - - default default] http://[LB_IP_ADDRESS]:8776/v3/df744e9af14946a6824ff92e2a3ca675/os-quota-sets/df744e9af14946a6824ff92e2a3ca675?usage=True returned with HTTP 200
2022-04-11 21:30:47.346 23 INFO cinder.api.openstack.wsgi [req-d7fa79fd-d808-4c26-8a1b-42e1f26734f2 1f2b373a817b499ca743c0e79d8059f0 - - default default] PUT http://[LB_IP_ADDRESS]:8776/v3/df744e9af14946a6824ff92e2a3ca675/os-quota-sets/933bab1446e643a0ad1d310f393eb6e9
2022-04-11 21:30:47.566 23 INFO cinder.api.openstack.wsgi [req-d7fa79fd-d808-4c26-8a1b-42e1f26734f2 1f2b373a817b499ca743c0e79d8059f0 - - default default] http://[LB_IP_ADDRESS]:8776/v3/df744e9af14946a6824ff92e2a3ca675/os-quota-sets/933bab1446e643a0ad1d310f393eb6e9 returned with HTTP 200
2022-04-11 21:30:47.582 20 INFO cinder.api.openstack.wsgi [req-79ba4698-3c14-4688-b12d-d850d23a938d 1f2b373a817b499ca743c0e79d8059f0 - - default default] PUT http://[LB_IP_ADDRESS]:8776/v3/df744e9af14946a6824ff92e2a3ca675/os-quota-sets/933bab1446e643a0ad1d310f393eb6e9
2022-04-11 21:30:47.649 19 INFO cinder.api.openstack.wsgi [req-1ec56fce-8d0a-44f3-af75-bb81fe780a24 e1492b6e2ea543408cc8068e48da1726 - - default default] POST http://[LB_IP_ADDRESS]:8776/v3/ad4287db9dab4b6abb729a1702c89594/types
2022-04-11 21:30:47.683 19 INFO cinder.api.openstack.wsgi [req-1ec56fce-8d0a-44f3-af75-bb81fe780a24 e1492b6e2ea543408cc8068e48da1726 - - default default] http://[LB_IP_ADDRESS]:8776/v3/ad4287db9dab4b6abb729a1702c89594/types returned with HTTP 200
2022-04-11 21:30:47.701 21 INFO cinder.api.openstack.wsgi [req-748a5b62-f504-4e43-8888-1ac7724f4481 e1492b6e2ea543408cc8068e48da1726 - - default default] POST http://[LB_IP_ADDRESS]:8776/v3/ad4287db9dab4b6abb729a1702c89594/types/bc879d8a-6861-4b09-92f4-c7695b187c14/extra_specs
2022-04-11 21:30:47.703 21 INFO cinder.api.openstack.wsgi [req-748a5b62-f504-4e43-8888-1ac7724f4481 e1492b6e2ea543408cc8068e48da1726 - - default default] http://[LB_IP_ADDRESS]:8776/v3/ad4287db9dab4b6abb729a1702c89594/types/bc879d8a-6861-4b09-92f4-c7695b187c14/extra_specs returned with HTTP 400
2022-04-11 21:30:47.719 22 INFO cinder.api.openstack.wsgi [req-46dee77f-1776-448e-a28c-a5f1774becad e1492b6e2ea543408cc8068e48da1726 - - default default] POST http://[LB_IP_ADDRESS]:8776/v3/ad4287db9dab4b6abb729a1702c89594/types/bc879d8a-6861-4b09-92f4-c7695b187c14/extra_specs
2022-04-11 21:30:47.721 22 INFO cinder.api.openstack.wsgi [req-46dee77f-1776-448e-a28c-a5f1774becad e1492b6e2ea543408cc8068e48da1726 - - default default] http://[LB_IP_ADDRESS]:8776/v3/ad4287db9dab4b6abb729a1702c89594/types/bc879d8a-6861-4b09-92f4-c7695b187c14/extra_specs returned with HTTP 400
2022-04-11 21:30:47.736 23 INFO cinder.api.openstack.wsgi [req-29773009-be8d-451a-9bb5-6154e0901c60 e1492b6e2ea543408cc8068e48da1726 - - default default] POST http://[LB_IP_ADDRESS]:8776/v3/ad4287db9dab4b6abb729a1702c89594/types/a749c041-315c-4850-a7e8-2a539e7de3b7/extra_specs
2022-04-11 21:30:47.772 23 INFO cinder.api.openstack.wsgi [req-29773009-be8d-451a-9bb5-6154e0901c60 e1492b6e2ea543408cc8068e48da1726 - - default default] http://[LB_IP_ADDRESS]:8776/v3/ad4287db9dab4b6abb729a1702c89594/types/a749c041-315c-4850-a7e8-2a539e7de3b7/extra_specs returned with HTTP 404
2022-04-11 21:30:47.775 20 WARNING cinder.quota [req-79ba4698-3c14-4688-b12d-d850d23a938d 1f2b373a817b499ca743c0e79d8059f0 - - default default] Deprecated: Default quota for resource: volumes_tempest-ExtraSpecsNegativeTest-volume-type-363335052 is set by the default quota flag: quota_volumes_tempest-ExtraSpecsNegativeTest-volume-type-363335052, it is now deprecated. Please use the default quota class for default quota.
2022-04-11 21:30:47.776 20 WARNING cinder.quota [req-79ba4698-3c14-4688-b12d-d850d23a938d 1f2b373a817b499ca743c0e79d8059f0 - - default default] Deprecated: Default quota for resource: gigabytes_tempest-ExtraSpecsNegativeTest-volume-type-363335052 is set by the default quota flag: quota_gigabytes_tempest-ExtraSpecsNegativeTest-volume-type-363335052, it is now deprecated. Please use the default quota class for default quota.
2022-04-11 21:30:47.777 20 WARNING cinder.quota [req-79ba4698-3c14-4688-b12d-d850d23a938d 1f2b373a817b499ca743c0e79d8059f0 - - default default] Deprecated: Default quota for resource: snapshots_tempest-ExtraSpecsNegativeTest-volume-type-363335052 is set by the default quota flag: quota_snapshots_tempest-ExtraSpecsNegativeTest-volume-type-363335052, it is now deprecated. Please use the default quota class for default quota.
2022-04-11 21:30:47.786 19 INFO cinder.api.openstack.wsgi [req-03432e70-991b-4896-a072-7ad85295302e e1492b6e2ea543408cc8068e48da1726 - - default default] DELETE http://[LB_IP_ADDRESS]:8776/v3/ad4287db9dab4b6abb729a1702c89594/types/3faa6a96-f3cd-482b-a4d3-69df20e1c298/extra_specs/spec1
2022-04-11 21:30:47.794 19 INFO cinder.api.openstack.wsgi [req-03432e70-991b-4896-a072-7ad85295302e e1492b6e2ea543408cc8068e48da1726 - - default default] http://[LB_IP_ADDRESS]:8776/v3/ad4287db9dab4b6abb729a1702c89594/types/3faa6a96-f3cd-482b-a4d3-69df20e1c298/extra_specs/spec1 returned with HTTP 404
2022-04-11 21:30:47.809 21 INFO cinder.api.openstack.wsgi [req-9ed5092e-9933-4bd1-a5b8-40fb6be38427 e1492b6e2ea543408cc8068e48da1726 - - default default] GET http://[LB_IP_ADDRESS]:8776/v3/ad4287db9dab4b6abb729a1702c89594/types/bc879d8a-6861-4b09-92f4-c7695b187c14/extra_specs/nonexistent_extra_spec_name
2022-04-11 21:30:47.811 20 INFO cinder.api.openstack.wsgi [req-79ba4698-3c14-4688-b12d-d850d23a938d 1f2b373a817b499ca743c0e79d8059f0 - - default default] http://[LB_IP_ADDRESS]:8776/v3/df744e9af14946a6824ff92e2a3ca675/os-quota-sets/933bab1446e643a0ad1d310f393eb6e9 returned with HTTP 200
2022-04-11 21:30:47.822 21 INFO cinder.api.openstack.wsgi [req-9ed5092e-9933-4bd1-a5b8-40fb6be38427 e1492b6e2ea543408cc8068e48da1726 - - default default] http://[LB_IP_ADDRESS]:8776/v3/ad4287db9dab4b6abb729a1702c89594/types/bc879d8a-6861-4b09-92f4-c7695b187c14/extra_specs/nonexistent_extra_spec_name returned with HTTP 404
2022-04-11 21:30:47.827 22 INFO cinder.api.openstack.wsgi [req-49f7d768-0362-43b7-b2ca-d3ec0f76d9e4 78cb936882d746cb9172a52a72ba7336 - - default default] DELETE http://[LB_IP_ADDRESS]:8776/v3/933bab1446e643a0ad1d310f393eb6e9/volumes/549c31f9-e5da-4ad3-a87f-021e4843939d
2022-04-11 21:30:47.829 22 INFO cinder.api.v3.volumes [req-49f7d768-0362-43b7-b2ca-d3ec0f76d9e4 78cb936882d746cb9172a52a72ba7336 - - default default] Delete volume with id: 549c31f9-e5da-4ad3-a87f-021e4843939d 
2022-04-11 21:30:47.838 23 INFO cinder.api.openstack.wsgi [req-c5685384-0dde-408d-affa-98a1816feb07 e1492b6e2ea543408cc8068e48da1726 - - default default] GET http://[LB_IP_ADDRESS]:8776/v3/ad4287db9dab4b6abb729a1702c89594/types/89e2f286-d8d2-4a5d-b1bb-1678514dad14/extra_specs/spec1
2022-04-11 21:30:47.843 22 INFO cinder.api.openstack.wsgi [req-49f7d768-0362-43b7-b2ca-d3ec0f76d9e4 78cb936882d746cb9172a52a72ba7336 - - default default] http://[LB_IP_ADDRESS]:8776/v3/933bab1446e643a0ad1d310f393eb6e9/volumes/549c31f9-e5da-4ad3-a87f-021e4843939d returned with HTTP 404
2022-04-11 21:30:47.845 23 INFO cinder.api.openstack.wsgi [req-c5685384-0dde-408d-affa-98a1816feb07 e1492b6e2ea543408cc8068e48da1726 - - default default] http://[LB_IP_ADDRESS]:8776/v3/ad4287db9dab4b6abb729a1702c89594/types/89e2f286-d8d2-4a5d-b1bb-1678514dad14/extra_specs/spec1 returned with HTTP 404
2022-04-11 21:30:47.855 19 INFO cinder.api.openstack.wsgi [req-1ca7d114-6fa3-4d0e-8fd2-c8a74d52ca63 78cb936882d746cb9172a52a72ba7336 - - default default] DELETE http://[LB_IP_ADDRESS]:8776/v3/933bab1446e643a0ad1d310f393eb6e9/volumes/1c958dc0-e391-4d34-93dd-4493b6074f8a
2022-04-11 21:30:47.856 19 INFO cinder.api.v3.volumes [req-1ca7d114-6fa3-4d0e-8fd2-c8a74d52ca63 78cb936882d746cb9172a52a72ba7336 - - default default] Delete volume with id: 1c958dc0-e391-4d34-93dd-4493b6074f8a 
2022-04-11 21:30:47.861 20 INFO cinder.api.openstack.wsgi [req-1a4c2607-d4f7-4310-8099-b0ea95b74b8d e1492b6e2ea543408cc8068e48da1726 - - default default] GET http://[LB_IP_ADDRESS]:8776/v3/ad4287db9dab4b6abb729a1702c89594/types/544435e1-b349-4958-b833-68a42831b9de/extra_specs
2022-04-11 21:30:47.868 20 INFO cinder.api.openstack.wsgi [req-1a4c2607-d4f7-4310-8099-b0ea95b74b8d e1492b6e2ea543408cc8068e48da1726 - - default default] http://[LB_IP_ADDRESS]:8776/v3/ad4287db9dab4b6abb729a1702c89594/types/544435e1-b349-4958-b833-68a42831b9de/extra_specs returned with HTTP 404
2022-04-11 21:30:47.870 19 INFO cinder.api.openstack.wsgi [req-1ca7d114-6fa3-4d0e-8fd2-c8a74d52ca63 78cb936882d746cb9172a52a72ba7336 - - default default] http://[LB_IP_ADDRESS]:8776/v3/933bab1446e643a0ad1d310f393eb6e9/volumes/1c958dc0-e391-4d34-93dd-4493b6074f8a returned with HTTP 404
2022-04-11 21:30:47.883 21 INFO cinder.api.openstack.wsgi [req-f2304eeb-e854-479a-a8a6-0de6f9abed24 e1492b6e2ea543408cc8068e48da1726 - - default default] PUT http://[LB_IP_ADDRESS]:8776/v3/ad4287db9dab4b6abb729a1702c89594/types/bc879d8a-6861-4b09-92f4-c7695b187c14/extra_specs/spec1
2022-04-11 21:30:47.885 21 INFO cinder.api.openstack.wsgi [req-f2304eeb-e854-479a-a8a6-0de6f9abed24 e1492b6e2ea543408cc8068e48da1726 - - default default] http://[LB_IP_ADDRESS]:8776/v3/ad4287db9dab4b6abb729a1702c89594/types/bc879d8a-6861-4b09-92f4-c7695b187c14/extra_specs/spec1 returned with HTTP 400
2022-04-11 21:30:47.901 22 INFO cinder.api.openstack.wsgi [req-2612e2d4-4044-40ed-b75f-be369025d9d7 e1492b6e2ea543408cc8068e48da1726 - - default default] PUT http://[LB_IP_ADDRESS]:8776/v3/ad4287db9dab4b6abb729a1702c89594/types/bc879d8a-6861-4b09-92f4-c7695b187c14/extra_specs/spec1
2022-04-11 21:30:47.902 22 INFO cinder.api.openstack.wsgi [req-2612e2d4-4044-40ed-b75f-be369025d9d7 e1492b6e2ea543408cc8068e48da1726 - - default default] http://[LB_IP_ADDRESS]:8776/v3/ad4287db9dab4b6abb729a1702c89594/types/bc879d8a-6861-4b09-92f4-c7695b187c14/extra_specs/spec1 returned with HTTP 400
2022-04-11 21:30:47.918 23 INFO cinder.api.openstack.wsgi [req-6ccf65ba-615b-48c0-8e75-7fafe36b4875 e1492b6e2ea543408cc8068e48da1726 - - default default] PUT http://[LB_IP_ADDRESS]:8776/v3/ad4287db9dab4b6abb729a1702c89594/types/bc879d8a-6861-4b09-92f4-c7695b187c14/extra_specs/None
2022-04-11 21:30:47.956 23 INFO cinder.api.openstack.wsgi [req-6ccf65ba-615b-48c0-8e75-7fafe36b4875 e1492b6e2ea543408cc8068e48da1726 - - default default] HTTP exception thrown: Request body and URI mismatch
2022-04-11 21:30:47.957 23 INFO cinder.api.openstack.wsgi [req-6ccf65ba-615b-48c0-8e75-7fafe36b4875 e1492b6e2ea543408cc8068e48da1726 - - default default] http://[LB_IP_ADDRESS]:8776/v3/ad4287db9dab4b6abb729a1702c89594/types/bc879d8a-6861-4b09-92f4-c7695b187c14/extra_specs/None returned with HTTP 400
2022-04-11 21:30:47.973 20 INFO cinder.api.openstack.wsgi [req-ce728fa2-3911-4eba-932f-26b696f1a787 e1492b6e2ea543408cc8068e48da1726 - - default default] PUT http://[LB_IP_ADDRESS]:8776/v3/ad4287db9dab4b6abb729a1702c89594/types/bc879d8a-6861-4b09-92f4-c7695b187c14/extra_specs/a0ebb691-b4a2-4610-85b4-6a03100296fa
2022-04-11 21:30:48.011 20 INFO cinder.api.openstack.wsgi [req-ce728fa2-3911-4eba-932f-26b696f1a787 e1492b6e2ea543408cc8068e48da1726 - - default default] HTTP exception thrown: Request body and URI mismatch
2022-04-11 21:30:48.012 20 INFO cinder.api.openstack.wsgi [req-ce728fa2-3911-4eba-932f-26b696f1a787 e1492b6e2ea543408cc8068e48da1726 - - default default] http://[LB_IP_ADDRESS]:8776/v3/ad4287db9dab4b6abb729a1702c89594/types/bc879d8a-6861-4b09-92f4-c7695b187c14/extra_specs/a0ebb691-b4a2-4610-85b4-6a03100296fa returned with HTTP 400
2022-04-11 21:30:48.028 19 INFO cinder.api.openstack.wsgi [req-07462841-3877-47bd-81f6-b47acb21b0bf e1492b6e2ea543408cc8068e48da1726 - - default default] PUT http://[LB_IP_ADDRESS]:8776/v3/ad4287db9dab4b6abb729a1702c89594/types/3684c611-0fa4-4dcf-b9a5-548faf061409/extra_specs/spec1
2022-04-11 21:30:48.067 19 INFO cinder.api.openstack.wsgi [req-07462841-3877-47bd-81f6-b47acb21b0bf e1492b6e2ea543408cc8068e48da1726 - - default default] http://[LB_IP_ADDRESS]:8776/v3/ad4287db9dab4b6abb729a1702c89594/types/3684c611-0fa4-4dcf-b9a5-548faf061409/extra_specs/spec1 returned with HTTP 404
2022-04-11 21:30:48.080 21 INFO cinder.api.openstack.wsgi [req-8b8d63c8-2f36-491f-83fd-68e42356cae0 e1492b6e2ea543408cc8068e48da1726 - - default default] DELETE http://[LB_IP_ADDRESS]:8776/v3/ad4287db9dab4b6abb729a1702c89594/types/bc879d8a-6861-4b09-92f4-c7695b187c14
2022-04-11 21:30:48.169 21 INFO cinder.api.openstack.wsgi [req-8b8d63c8-2f36-491f-83fd-68e42356cae0 e1492b6e2ea543408cc8068e48da1726 - - default default] http://[LB_IP_ADDRESS]:8776/v3/ad4287db9dab4b6abb729a1702c89594/types/bc879d8a-6861-4b09-92f4-c7695b187c14 returned with HTTP 202
2022-04-11 21:30:48.180 22 INFO cinder.api.openstack.wsgi [req-5129b7be-0ecb-45e2-90c8-8fe79c6cc2e9 e1492b6e2ea543408cc8068e48da1726 - - default default] GET http://[LB_IP_ADDRESS]:8776/v3/ad4287db9dab4b6abb729a1702c89594/types/bc879d8a-6861-4b09-92f4-c7695b187c14
2022-04-11 21:30:48.186 22 INFO cinder.api.openstack.wsgi [req-5129b7be-0ecb-45e2-90c8-8fe79c6cc2e9 e1492b6e2ea543408cc8068e48da1726 - - default default] http://[LB_IP_ADDRESS]:8776/v3/ad4287db9dab4b6abb729a1702c89594/types/bc879d8a-6861-4b09-92f4-c7695b187c14 returned with HTTP 404
2022-04-11 21:30:51.605 23 INFO cinder.api.openstack.wsgi [req-d41eb737-ae10-41be-9381-9b81589e8520 - - - - -] GET http://[LB_IP_ADDRESS]:8776/
2022-04-11 21:30:51.606 23 INFO cinder.api.openstack.wsgi [req-d41eb737-ae10-41be-9381-9b81589e8520 - - - - -] http://[LB_IP_ADDRESS]:8776/ returned with HTTP 300
2022-04-11 21:30:53.287 20 INFO cinder.api.openstack.wsgi [req-f66353e0-1b65-446f-981e-be82d5c21ac1 f64b59594d404f02b3e150ec1cf846fb - - default default] POST http://[LB_IP_ADDRESS]:8776/v3/34eed41827fa46708a8f710dca6fbe17/types
2022-04-11 21:30:53.315 20 INFO cinder.api.openstack.wsgi [req-f66353e0-1b65-446f-981e-be82d5c21ac1 f64b59594d404f02b3e150ec1cf846fb - - default default] http://[LB_IP_ADDRESS]:8776/v3/34eed41827fa46708a8f710dca6fbe17/types returned with HTTP 200
2022-04-11 21:30:53.329 19 INFO cinder.api.openstack.wsgi [req-d5c2a859-0dfd-4acb-8541-9372a0ecd25d f64b59594d404f02b3e150ec1cf846fb - - default default] POST http://[LB_IP_ADDRESS]:8776/v3/34eed41827fa46708a8f710dca6fbe17/types
2022-04-11 21:30:53.360 19 INFO cinder.api.openstack.wsgi [req-d5c2a859-0dfd-4acb-8541-9372a0ecd25d f64b59594d404f02b3e150ec1cf846fb - - default default] http://[LB_IP_ADDRESS]:8776/v3/34eed41827fa46708a8f710dca6fbe17/types returned with HTTP 200
2022-04-11 21:30:53.493 21 INFO cinder.api.openstack.wsgi [req-e69bfa05-7dcc-446b-9104-ba2e360e6f6d 6540a75cded34343a789143de000bc4a - - default default] POST http://[LB_IP_ADDRESS]:8776/v3/12159dbcfde941bdb5f2df83dc639d66/volumes
2022-04-11 21:30:53.505 21 INFO cinder.api.v3.volumes [req-e69bfa05-7dcc-446b-9104-ba2e360e6f6d 6540a75cded34343a789143de000bc4a - - default default] Create volume of 1 GB
2022-04-11 21:30:53.507 21 INFO cinder.volume.api [req-e69bfa05-7dcc-446b-9104-ba2e360e6f6d 6540a75cded34343a789143de000bc4a - - default default] Availability Zones retrieved successfully.
2022-04-11 21:30:53.554 22 INFO cinder.api.openstack.wsgi [req-a3a4cd02-5ba7-4503-99d8-d92a54b35609 ec136944c39641d2afcc5e52f0282b22 - - default default] GET http://[LB_IP_ADDRESS]:8776/v3/60f9c8dfa46a4905abb9e80245a1b217/volumes
2022-04-11 21:30:53.592 22 INFO cinder.volume.api [req-a3a4cd02-5ba7-4503-99d8-d92a54b35609 ec136944c39641d2afcc5e52f0282b22 - - default default] Get all volumes completed successfully.
2022-04-11 21:30:53.593 22 INFO cinder.api.openstack.wsgi [req-a3a4cd02-5ba7-4503-99d8-d92a54b35609 ec136944c39641d2afcc5e52f0282b22 - - default default] http://[LB_IP_ADDRESS]:8776/v3/60f9c8dfa46a4905abb9e80245a1b217/volumes returned with HTTP 200
2022-04-11 21:30:53.608 23 INFO cinder.api.openstack.wsgi [req-2d5a11d9-3888-43a9-86b1-9ae59baef87a ec136944c39641d2afcc5e52f0282b22 - - default default] POST http://[LB_IP_ADDRESS]:8776/v3/60f9c8dfa46a4905abb9e80245a1b217/volumes
2022-04-11 21:30:53.610 23 INFO cinder.api.v3.volumes [req-2d5a11d9-3888-43a9-86b1-9ae59baef87a ec136944c39641d2afcc5e52f0282b22 - - default default] Create volume of 1 GB
2022-04-11 21:30:53.624 23 INFO cinder.volume.api [req-2d5a11d9-3888-43a9-86b1-9ae59baef87a ec136944c39641d2afcc5e52f0282b22 - - default default] Availability Zones retrieved successfully.
2022-04-11 21:30:53.826 21 INFO cinder.volume.api [req-e69bfa05-7dcc-446b-9104-ba2e360e6f6d 6540a75cded34343a789143de000bc4a - - default default] Create volume request issued successfully.
2022-04-11 21:30:53.828 21 INFO cinder.api.openstack.wsgi [req-e69bfa05-7dcc-446b-9104-ba2e360e6f6d 6540a75cded34343a789143de000bc4a - - default default] http://[LB_IP_ADDRESS]:8776/v3/12159dbcfde941bdb5f2df83dc639d66/volumes returned with HTTP 202
2022-04-11 21:30:53.848 20 INFO cinder.api.openstack.wsgi [req-8e3d8732-142e-4bcb-aec0-679ece9d42f2 6540a75cded34343a789143de000bc4a - - default default] GET http://[LB_IP_ADDRESS]:8776/v3/12159dbcfde941bdb5f2df83dc639d66/volumes/308b9e35-d157-4f8d-a539-4814cda9bf69
2022-04-11 21:30:53.869 20 INFO cinder.volume.api [req-8e3d8732-142e-4bcb-aec0-679ece9d42f2 6540a75cded34343a789143de000bc4a - - default default] Volume info retrieved successfully.
2022-04-11 21:30:53.878 20 INFO cinder.api.openstack.wsgi [req-8e3d8732-142e-4bcb-aec0-679ece9d42f2 6540a75cded34343a789143de000bc4a - - default default] http://[LB_IP_ADDRESS]:8776/v3/12159dbcfde941bdb5f2df83dc639d66/volumes/308b9e35-d157-4f8d-a539-4814cda9bf69 returned with HTTP 200
2022-04-11 21:30:53.972 23 INFO cinder.volume.api [req-2d5a11d9-3888-43a9-86b1-9ae59baef87a ec136944c39641d2afcc5e52f0282b22 - - default default] Create volume request issued successfully.
2022-04-11 21:30:53.975 23 INFO cinder.api.openstack.wsgi [req-2d5a11d9-3888-43a9-86b1-9ae59baef87a ec136944c39641d2afcc5e52f0282b22 - - default default] http://[LB_IP_ADDRESS]:8776/v3/60f9c8dfa46a4905abb9e80245a1b217/volumes returned with HTTP 202
2022-04-11 21:30:53.996 19 INFO cinder.api.openstack.wsgi [req-7f9c4e7e-2c81-4355-bc5e-3c62e4da036d ec136944c39641d2afcc5e52f0282b22 - - default default] GET http://[LB_IP_ADDRESS]:8776/v3/60f9c8dfa46a4905abb9e80245a1b217/volumes/f7810d80-c7c3-4c0e-81d7-e82c3577c05c
2022-04-11 21:30:54.022 19 INFO cinder.volume.api [req-7f9c4e7e-2c81-4355-bc5e-3c62e4da036d ec136944c39641d2afcc5e52f0282b22 - - default default] Volume info retrieved successfully.
2022-04-11 21:30:54.031 19 INFO cinder.api.openstack.wsgi [req-7f9c4e7e-2c81-4355-bc5e-3c62e4da036d ec136944c39641d2afcc5e52f0282b22 - - default default] http://[LB_IP_ADDRESS]:8776/v3/60f9c8dfa46a4905abb9e80245a1b217/volumes/f7810d80-c7c3-4c0e-81d7-e82c3577c05c returned with HTTP 200
2022-04-11 21:30:54.900 22 INFO cinder.api.openstack.wsgi [req-5ae7a67c-e456-4493-8269-eb132940253f 6540a75cded34343a789143de000bc4a - - default default] GET http://[LB_IP_ADDRESS]:8776/v3/12159dbcfde941bdb5f2df83dc639d66/volumes/308b9e35-d157-4f8d-a539-4814cda9bf69
2022-04-11 21:30:54.927 22 INFO cinder.volume.api [req-5ae7a67c-e456-4493-8269-eb132940253f 6540a75cded34343a789143de000bc4a - - default default] Volume info retrieved successfully.
2022-04-11 21:30:54.935 22 INFO cinder.api.openstack.wsgi [req-5ae7a67c-e456-4493-8269-eb132940253f 6540a75cded34343a789143de000bc4a - - default default] http://[LB_IP_ADDRESS]:8776/v3/12159dbcfde941bdb5f2df83dc639d66/volumes/308b9e35-d157-4f8d-a539-4814cda9bf69 returned with HTTP 200
2022-04-11 21:30:55.054 21 INFO cinder.api.openstack.wsgi [req-32251677-874b-41bb-8610-e0cfcb9bf73b ec136944c39641d2afcc5e52f0282b22 - - default default] GET http://[LB_IP_ADDRESS]:8776/v3/60f9c8dfa46a4905abb9e80245a1b217/volumes/f7810d80-c7c3-4c0e-81d7-e82c3577c05c
2022-04-11 21:30:55.079 21 INFO cinder.volume.api [req-32251677-874b-41bb-8610-e0cfcb9bf73b ec136944c39641d2afcc5e52f0282b22 - - default default] Volume info retrieved successfully.
2022-04-11 21:30:55.087 21 INFO cinder.api.openstack.wsgi [req-32251677-874b-41bb-8610-e0cfcb9bf73b ec136944c39641d2afcc5e52f0282b22 - - default default] http://[LB_IP_ADDRESS]:8776/v3/60f9c8dfa46a4905abb9e80245a1b217/volumes/f7810d80-c7c3-4c0e-81d7-e82c3577c05c returned with HTTP 200
2022-04-11 21:30:55.955 20 INFO cinder.api.openstack.wsgi [req-07b6c968-4e00-4953-a033-3c7b646551ff 6540a75cded34343a789143de000bc4a - - default default] GET http://[LB_IP_ADDRESS]:8776/v3/12159dbcfde941bdb5f2df83dc639d66/volumes/308b9e35-d157-4f8d-a539-4814cda9bf69
2022-04-11 21:30:55.981 20 INFO cinder.volume.api [req-07b6c968-4e00-4953-a033-3c7b646551ff 6540a75cded34343a789143de000bc4a - - default default] Volume info retrieved successfully.
2022-04-11 21:30:55.989 20 INFO cinder.api.openstack.wsgi [req-07b6c968-4e00-4953-a033-3c7b646551ff 6540a75cded34343a789143de000bc4a - - default default] http://[LB_IP_ADDRESS]:8776/v3/12159dbcfde941bdb5f2df83dc639d66/volumes/308b9e35-d157-4f8d-a539-4814cda9bf69 returned with HTTP 200
2022-04-11 21:30:56.013 23 INFO cinder.api.openstack.wsgi [req-0ffb8699-c786-4051-9e70-c11434c20ef8 f64b59594d404f02b3e150ec1cf846fb - - default default] GET http://[LB_IP_ADDRESS]:8776/v3/34eed41827fa46708a8f710dca6fbe17/volumes/308b9e35-d157-4f8d-a539-4814cda9bf69
2022-04-11 21:30:56.037 23 INFO cinder.volume.api [req-0ffb8699-c786-4051-9e70-c11434c20ef8 f64b59594d404f02b3e150ec1cf846fb - - default default] Volume info retrieved successfully.
2022-04-11 21:30:56.046 23 INFO cinder.api.openstack.wsgi [req-0ffb8699-c786-4051-9e70-c11434c20ef8 f64b59594d404f02b3e150ec1cf846fb - - default default] http://[LB_IP_ADDRESS]:8776/v3/34eed41827fa46708a8f710dca6fbe17/volumes/308b9e35-d157-4f8d-a539-4814cda9bf69 returned with HTTP 200
2022-04-11 21:30:56.065 19 INFO cinder.api.openstack.wsgi [req-d6c4ee7b-0c13-4be7-a733-5b666024e39d 6540a75cded34343a789143de000bc4a - - default default] POST http://[LB_IP_ADDRESS]:8776/v3/12159dbcfde941bdb5f2df83dc639d66/volumes/308b9e35-d157-4f8d-a539-4814cda9bf69/action
2022-04-11 21:30:56.083 19 INFO cinder.volume.api [req-d6c4ee7b-0c13-4be7-a733-5b666024e39d 6540a75cded34343a789143de000bc4a - - default default] Volume info retrieved successfully.
2022-04-11 21:30:56.107 22 INFO cinder.api.openstack.wsgi [req-64783f24-d6fa-464f-bd47-5cde8116e7ff ec136944c39641d2afcc5e52f0282b22 - - default default] GET http://[LB_IP_ADDRESS]:8776/v3/60f9c8dfa46a4905abb9e80245a1b217/volumes/f7810d80-c7c3-4c0e-81d7-e82c3577c05c
2022-04-11 21:30:56.128 22 INFO cinder.volume.api [req-64783f24-d6fa-464f-bd47-5cde8116e7ff ec136944c39641d2afcc5e52f0282b22 - - default default] Volume info retrieved successfully.
2022-04-11 21:30:56.135 22 INFO cinder.api.openstack.wsgi [req-64783f24-d6fa-464f-bd47-5cde8116e7ff ec136944c39641d2afcc5e52f0282b22 - - default default] http://[LB_IP_ADDRESS]:8776/v3/60f9c8dfa46a4905abb9e80245a1b217/volumes/f7810d80-c7c3-4c0e-81d7-e82c3577c05c returned with HTTP 200
2022-04-11 21:30:56.155 21 INFO cinder.api.openstack.wsgi [req-fd8c2c60-bb0b-4613-8a82-4e882c39a524 ec136944c39641d2afcc5e52f0282b22 - - default default] GET http://[LB_IP_ADDRESS]:8776/v3/60f9c8dfa46a4905abb9e80245a1b217/volumes/f7810d80-c7c3-4c0e-81d7-e82c3577c05c
2022-04-11 21:30:56.177 21 INFO cinder.volume.api [req-fd8c2c60-bb0b-4613-8a82-4e882c39a524 ec136944c39641d2afcc5e52f0282b22 - - default default] Volume info retrieved successfully.
2022-04-11 21:30:56.184 21 INFO cinder.api.openstack.wsgi [req-fd8c2c60-bb0b-4613-8a82-4e882c39a524 ec136944c39641d2afcc5e52f0282b22 - - default default] http://[LB_IP_ADDRESS]:8776/v3/60f9c8dfa46a4905abb9e80245a1b217/volumes/f7810d80-c7c3-4c0e-81d7-e82c3577c05c returned with HTTP 200
2022-04-11 21:30:56.204 20 INFO cinder.api.openstack.wsgi [req-c9e2e756-e9f0-4609-a491-bc9ad2d1b1ba ec136944c39641d2afcc5e52f0282b22 - - default default] POST http://[LB_IP_ADDRESS]:8776/v3/60f9c8dfa46a4905abb9e80245a1b217/volumes
2022-04-11 21:30:56.206 20 INFO cinder.api.v3.volumes [req-c9e2e756-e9f0-4609-a491-bc9ad2d1b1ba ec136944c39641d2afcc5e52f0282b22 - - default default] Create volume of 1 GB
2022-04-11 21:30:56.215 20 INFO cinder.volume.api [req-c9e2e756-e9f0-4609-a491-bc9ad2d1b1ba ec136944c39641d2afcc5e52f0282b22 - - default default] Availability Zones retrieved successfully.
2022-04-11 21:30:56.303 19 INFO cinder.volume.api [req-d6c4ee7b-0c13-4be7-a733-5b666024e39d 6540a75cded34343a789143de000bc4a - - default default] Retype volume request issued successfully.
2022-04-11 21:30:56.303 19 INFO cinder.api.openstack.wsgi [req-d6c4ee7b-0c13-4be7-a733-5b666024e39d 6540a75cded34343a789143de000bc4a - - default default] http://[LB_IP_ADDRESS]:8776/v3/12159dbcfde941bdb5f2df83dc639d66/volumes/308b9e35-d157-4f8d-a539-4814cda9bf69/action returned with HTTP 202
2022-04-11 21:30:56.315 23 INFO cinder.api.openstack.wsgi [req-6b35135c-f43b-456b-b61e-5b85f07f50b9 6540a75cded34343a789143de000bc4a - - default default] GET http://[LB_IP_ADDRESS]:8776/v3/12159dbcfde941bdb5f2df83dc639d66/volumes/308b9e35-d157-4f8d-a539-4814cda9bf69
2022-04-11 21:30:56.337 23 INFO cinder.volume.api [req-6b35135c-f43b-456b-b61e-5b85f07f50b9 6540a75cded34343a789143de000bc4a - - default default] Volume info retrieved successfully.
2022-04-11 21:30:56.345 23 INFO cinder.api.openstack.wsgi [req-6b35135c-f43b-456b-b61e-5b85f07f50b9 6540a75cded34343a789143de000bc4a - - default default] http://[LB_IP_ADDRESS]:8776/v3/12159dbcfde941bdb5f2df83dc639d66/volumes/308b9e35-d157-4f8d-a539-4814cda9bf69 returned with HTTP 200
2022-04-11 21:30:56.473 20 INFO cinder.volume.api [req-c9e2e756-e9f0-4609-a491-bc9ad2d1b1ba ec136944c39641d2afcc5e52f0282b22 - - default default] Create volume request issued successfully.
2022-04-11 21:30:56.476 20 INFO cinder.api.openstack.wsgi [req-c9e2e756-e9f0-4609-a491-bc9ad2d1b1ba ec136944c39641d2afcc5e52f0282b22 - - default default] http://[LB_IP_ADDRESS]:8776/v3/60f9c8dfa46a4905abb9e80245a1b217/volumes returned with HTTP 202
2022-04-11 21:30:56.496 22 INFO cinder.api.openstack.wsgi [req-3ead657b-92e5-41e6-8fbd-6fc1c1985699 ec136944c39641d2afcc5e52f0282b22 - - default default] GET http://[LB_IP_ADDRESS]:8776/v3/60f9c8dfa46a4905abb9e80245a1b217/volumes/0c16150b-8b7f-4f8e-b16b-f85b8e572c85
2022-04-11 21:30:56.520 22 INFO cinder.volume.api [req-3ead657b-92e5-41e6-8fbd-6fc1c1985699 ec136944c39641d2afcc5e52f0282b22 - - default default] Volume info retrieved successfully.
2022-04-11 21:30:56.527 22 INFO cinder.api.openstack.wsgi [req-3ead657b-92e5-41e6-8fbd-6fc1c1985699 ec136944c39641d2afcc5e52f0282b22 - - default default] http://[LB_IP_ADDRESS]:8776/v3/60f9c8dfa46a4905abb9e80245a1b217/volumes/0c16150b-8b7f-4f8e-b16b-f85b8e572c85 returned with HTTP 200
2022-04-11 21:30:57.367 21 INFO cinder.api.openstack.wsgi [req-68865e0c-aaf9-4f70-8bee-680f36c28749 6540a75cded34343a789143de000bc4a - - default default] GET http://[LB_IP_ADDRESS]:8776/v3/12159dbcfde941bdb5f2df83dc639d66/volumes/308b9e35-d157-4f8d-a539-4814cda9bf69
2022-04-11 21:30:57.390 21 INFO cinder.volume.api [req-68865e0c-aaf9-4f70-8bee-680f36c28749 6540a75cded34343a789143de000bc4a - - default default] Volume info retrieved successfully.
2022-04-11 21:30:57.398 21 INFO cinder.api.openstack.wsgi [req-68865e0c-aaf9-4f70-8bee-680f36c28749 6540a75cded34343a789143de000bc4a - - default default] http://[LB_IP_ADDRESS]:8776/v3/12159dbcfde941bdb5f2df83dc639d66/volumes/308b9e35-d157-4f8d-a539-4814cda9bf69 returned with HTTP 200
