2025-01-14 11:02:50.327 22 INFO cinder.api.openstack.wsgi [None req-026c9a1a-4da4-4782-a0f1-1e4c986e8043 0d4a525c14a5453ea64cd245866b8854 6ff34368b1904178813d7fe5cddfdebb - - default default] http://[LB_IP_ADDRESS]:8776/v3/6ff34368b1904178813d7fe5cddfdebb/group_snapshots/2453ec40-ffae-4404-a602-a91f1ce7d84f returned with HTTP 202
2025-01-14 11:02:50.339 24 INFO cinder.api.openstack.wsgi [None req-bcef9ad2-f48e-47a2-b50a-22e82fc99939 0d4a525c14a5453ea64cd245866b8854 6ff34368b1904178813d7fe5cddfdebb - - default default] GET http://[LB_IP_ADDRESS]:8776/v3/6ff34368b1904178813d7fe5cddfdebb/volumes/detail
2025-01-14 11:02:50.364 24 INFO cinder.volume.api [None req-bcef9ad2-f48e-47a2-b50a-22e82fc99939 0d4a525c14a5453ea64cd245866b8854 6ff34368b1904178813d7fe5cddfdebb - - default default] Get all volumes completed successfully.
2025-01-14 11:02:50.415 24 INFO cinder.api.openstack.wsgi [None req-bcef9ad2-f48e-47a2-b50a-22e82fc99939 0d4a525c14a5453ea64cd245866b8854 6ff34368b1904178813d7fe5cddfdebb - - default default] http://[LB_IP_ADDRESS]:8776/v3/6ff34368b1904178813d7fe5cddfdebb/volumes/detail returned with HTTP 200
2025-01-14 11:02:50.444 23 INFO cinder.api.openstack.wsgi [None req-ecd81158-57ce-4557-80e5-db967c7a8892 0d4a525c14a5453ea64cd245866b8854 6ff34368b1904178813d7fe5cddfdebb - - default default] GET http://[LB_IP_ADDRESS]:8776/v3/6ff34368b1904178813d7fe5cddfdebb/snapshots/detail
2025-01-14 11:02:50.454 23 INFO cinder.volume.api [None req-ecd81158-57ce-4557-80e5-db967c7a8892 0d4a525c14a5453ea64cd245866b8854 6ff34368b1904178813d7fe5cddfdebb - - default default] Get all snapshots completed successfully.
2025-01-14 11:02:50.457 23 INFO cinder.api.openstack.wsgi [None req-ecd81158-57ce-4557-80e5-db967c7a8892 0d4a525c14a5453ea64cd245866b8854 6ff34368b1904178813d7fe5cddfdebb - - default default] http://[LB_IP_ADDRESS]:8776/v3/6ff34368b1904178813d7fe5cddfdebb/snapshots/detail returned with HTTP 200
2025-01-14 11:02:50.474 21 INFO cinder.api.openstack.wsgi [None req-57063def-49ec-493d-a1a1-89756d675c81 0d4a525c14a5453ea64cd245866b8854 6ff34368b1904178813d7fe5cddfdebb - - default default] GET http://[LB_IP_ADDRESS]:8776/v3/6ff34368b1904178813d7fe5cddfdebb/snapshots/6460a09a-f30c-4db8-afe8-be6511ed81ff
2025-01-14 11:02:50.484 21 INFO cinder.volume.api [None req-57063def-49ec-493d-a1a1-89756d675c81 0d4a525c14a5453ea64cd245866b8854 6ff34368b1904178813d7fe5cddfdebb - - default default] Snapshot retrieved successfully.
2025-01-14 11:02:50.486 21 INFO cinder.api.openstack.wsgi [None req-57063def-49ec-493d-a1a1-89756d675c81 0d4a525c14a5453ea64cd245866b8854 6ff34368b1904178813d7fe5cddfdebb - - default default] http://[LB_IP_ADDRESS]:8776/v3/6ff34368b1904178813d7fe5cddfdebb/snapshots/6460a09a-f30c-4db8-afe8-be6511ed81ff returned with HTTP 200
2025-01-14 11:02:51.504 25 INFO cinder.api.openstack.wsgi [None req-746f5c5f-f095-47e5-aafb-138c0154b183 0d4a525c14a5453ea64cd245866b8854 6ff34368b1904178813d7fe5cddfdebb - - default default] GET http://[LB_IP_ADDRESS]:8776/v3/6ff34368b1904178813d7fe5cddfdebb/snapshots/6460a09a-f30c-4db8-afe8-be6511ed81ff
2025-01-14 11:02:51.514 25 INFO cinder.api.openstack.wsgi [None req-746f5c5f-f095-47e5-aafb-138c0154b183 0d4a525c14a5453ea64cd245866b8854 6ff34368b1904178813d7fe5cddfdebb - - default default] http://[LB_IP_ADDRESS]:8776/v3/6ff34368b1904178813d7fe5cddfdebb/snapshots/6460a09a-f30c-4db8-afe8-be6511ed81ff returned with HTTP 404
2025-01-14 11:02:51.526 22 INFO cinder.api.openstack.wsgi [None req-2072309d-6e11-4178-8acd-58cfb3ee63f9 0d4a525c14a5453ea64cd245866b8854 6ff34368b1904178813d7fe5cddfdebb - - default default] GET http://[LB_IP_ADDRESS]:8776/v3/6ff34368b1904178813d7fe5cddfdebb/snapshots/dc4d5edd-9283-4dcc-803e-7416fd9ce287
2025-01-14 11:02:51.536 22 INFO cinder.api.openstack.wsgi [None req-2072309d-6e11-4178-8acd-58cfb3ee63f9 0d4a525c14a5453ea64cd245866b8854 6ff34368b1904178813d7fe5cddfdebb - - default default] http://[LB_IP_ADDRESS]:8776/v3/6ff34368b1904178813d7fe5cddfdebb/snapshots/dc4d5edd-9283-4dcc-803e-7416fd9ce287 returned with HTTP 404
2025-01-14 11:02:51.548 24 INFO cinder.api.openstack.wsgi [None req-883bd886-ab2d-4658-ae85-bbede072b22f 0d4a525c14a5453ea64cd245866b8854 6ff34368b1904178813d7fe5cddfdebb - - default default] GET http://[LB_IP_ADDRESS]:8776/v3/6ff34368b1904178813d7fe5cddfdebb/group_snapshots/2453ec40-ffae-4404-a602-a91f1ce7d84f
2025-01-14 11:02:51.554 24 INFO cinder.api.openstack.wsgi [None req-883bd886-ab2d-4658-ae85-bbede072b22f 0d4a525c14a5453ea64cd245866b8854 6ff34368b1904178813d7fe5cddfdebb - - default default] http://[LB_IP_ADDRESS]:8776/v3/6ff34368b1904178813d7fe5cddfdebb/group_snapshots/2453ec40-ffae-4404-a602-a91f1ce7d84f returned with HTTP 404
2025-01-14 11:02:51.567 23 INFO cinder.api.openstack.wsgi [None req-7f4870d6-9feb-44d3-bdfc-67edeb03f1ca 0d4a525c14a5453ea64cd245866b8854 6ff34368b1904178813d7fe5cddfdebb - - default default] DELETE http://[LB_IP_ADDRESS]:8776/v3/6ff34368b1904178813d7fe5cddfdebb/group_snapshots/2453ec40-ffae-4404-a602-a91f1ce7d84f
2025-01-14 11:02:51.568 23 INFO cinder.api.v3.group_snapshots [None req-7f4870d6-9feb-44d3-bdfc-67edeb03f1ca 0d4a525c14a5453ea64cd245866b8854 6ff34368b1904178813d7fe5cddfdebb - - default default] Delete group_snapshot with id: 2453ec40-ffae-4404-a602-a91f1ce7d84f
2025-01-14 11:02:51.574 23 INFO cinder.api.openstack.wsgi [None req-7f4870d6-9feb-44d3-bdfc-67edeb03f1ca 0d4a525c14a5453ea64cd245866b8854 6ff34368b1904178813d7fe5cddfdebb - - default default] http://[LB_IP_ADDRESS]:8776/v3/6ff34368b1904178813d7fe5cddfdebb/group_snapshots/2453ec40-ffae-4404-a602-a91f1ce7d84f returned with HTTP 404
2025-01-14 11:02:51.586 21 INFO cinder.api.openstack.wsgi [None req-21372683-1f79-4e04-bea8-eb658f64a5ce 0d4a525c14a5453ea64cd245866b8854 6ff34368b1904178813d7fe5cddfdebb - - default default] GET http://[LB_IP_ADDRESS]:8776/v3/6ff34368b1904178813d7fe5cddfdebb/volumes/detail
2025-01-14 11:02:51.608 21 INFO cinder.volume.api [None req-21372683-1f79-4e04-bea8-eb658f64a5ce 0d4a525c14a5453ea64cd245866b8854 6ff34368b1904178813d7fe5cddfdebb - - default default] Get all volumes completed successfully.
2025-01-14 11:02:51.650 21 INFO cinder.api.openstack.wsgi [None req-21372683-1f79-4e04-bea8-eb658f64a5ce 0d4a525c14a5453ea64cd245866b8854 6ff34368b1904178813d7fe5cddfdebb - - default default] http://[LB_IP_ADDRESS]:8776/v3/6ff34368b1904178813d7fe5cddfdebb/volumes/detail returned with HTTP 200
2025-01-14 11:02:51.681 25 INFO cinder.api.openstack.wsgi [None req-983c916b-5dd5-4a35-a70c-b5bd5e7bf689 0d4a525c14a5453ea64cd245866b8854 6ff34368b1904178813d7fe5cddfdebb - - default default] POST http://[LB_IP_ADDRESS]:8776/v3/6ff34368b1904178813d7fe5cddfdebb/groups/37901485-ce46-4eec-8e7b-842652e82e99/action
2025-01-14 11:02:51.684 25 INFO cinder.api.v3.groups [None req-983c916b-5dd5-4a35-a70c-b5bd5e7bf689 0d4a525c14a5453ea64cd245866b8854 6ff34368b1904178813d7fe5cddfdebb - - default default] Delete group with id: 37901485-ce46-4eec-8e7b-842652e82e99
2025-01-14 11:02:51.803 25 INFO cinder.api.openstack.wsgi [None req-983c916b-5dd5-4a35-a70c-b5bd5e7bf689 0d4a525c14a5453ea64cd245866b8854 6ff34368b1904178813d7fe5cddfdebb - - default default] http://[LB_IP_ADDRESS]:8776/v3/6ff34368b1904178813d7fe5cddfdebb/groups/37901485-ce46-4eec-8e7b-842652e82e99/action returned with HTTP 202
2025-01-14 11:02:51.815 22 INFO cinder.api.openstack.wsgi [None req-73534a4d-e2db-45fe-b326-b3128999e7ba 0d4a525c14a5453ea64cd245866b8854 6ff34368b1904178813d7fe5cddfdebb - - default default] GET http://[LB_IP_ADDRESS]:8776/v3/6ff34368b1904178813d7fe5cddfdebb/volumes/1aa5edd9-f97d-4304-9050-061e1053fc4d
2025-01-14 11:02:51.839 22 INFO cinder.volume.api [None req-73534a4d-e2db-45fe-b326-b3128999e7ba 0d4a525c14a5453ea64cd245866b8854 6ff34368b1904178813d7fe5cddfdebb - - default default] Volume info retrieved successfully.
2025-01-14 11:02:51.890 22 INFO cinder.api.openstack.wsgi [None req-73534a4d-e2db-45fe-b326-b3128999e7ba 0d4a525c14a5453ea64cd245866b8854 6ff34368b1904178813d7fe5cddfdebb - - default default] http://[LB_IP_ADDRESS]:8776/v3/6ff34368b1904178813d7fe5cddfdebb/volumes/1aa5edd9-f97d-4304-9050-061e1053fc4d returned with HTTP 200
2025-01-14 11:02:52.919 24 INFO cinder.api.openstack.wsgi [None req-575751ef-5c94-4691-bf3d-651b8e331867 0d4a525c14a5453ea64cd245866b8854 6ff34368b1904178813d7fe5cddfdebb - - default default] GET http://[LB_IP_ADDRESS]:8776/v3/6ff34368b1904178813d7fe5cddfdebb/volumes/1aa5edd9-f97d-4304-9050-061e1053fc4d
2025-01-14 11:02:52.933 24 INFO cinder.api.openstack.wsgi [None req-575751ef-5c94-4691-bf3d-651b8e331867 0d4a525c14a5453ea64cd245866b8854 6ff34368b1904178813d7fe5cddfdebb - - default default] http://[LB_IP_ADDRESS]:8776/v3/6ff34368b1904178813d7fe5cddfdebb/volumes/1aa5edd9-f97d-4304-9050-061e1053fc4d returned with HTTP 404
2025-01-14 11:02:52.945 23 INFO cinder.api.openstack.wsgi [None req-ab171528-fd11-47f5-b91b-d67eaf440e6c 0d4a525c14a5453ea64cd245866b8854 6ff34368b1904178813d7fe5cddfdebb - - default default] GET http://[LB_IP_ADDRESS]:8776/v3/6ff34368b1904178813d7fe5cddfdebb/volumes/19a5d533-b71c-430d-9258-ff5f45cea4dd
2025-01-14 11:02:52.962 23 INFO cinder.api.openstack.wsgi [None req-ab171528-fd11-47f5-b91b-d67eaf440e6c 0d4a525c14a5453ea64cd245866b8854 6ff34368b1904178813d7fe5cddfdebb - - default default] http://[LB_IP_ADDRESS]:8776/v3/6ff34368b1904178813d7fe5cddfdebb/volumes/19a5d533-b71c-430d-9258-ff5f45cea4dd returned with HTTP 404
2025-01-14 11:02:52.975 21 INFO cinder.api.openstack.wsgi [None req-2b6443b1-41c9-466e-bd97-14fa0d946328 0d4a525c14a5453ea64cd245866b8854 6ff34368b1904178813d7fe5cddfdebb - - default default] GET http://[LB_IP_ADDRESS]:8776/v3/6ff34368b1904178813d7fe5cddfdebb/groups/37901485-ce46-4eec-8e7b-842652e82e99
2025-01-14 11:02:52.981 21 INFO cinder.api.openstack.wsgi [None req-2b6443b1-41c9-466e-bd97-14fa0d946328 0d4a525c14a5453ea64cd245866b8854 6ff34368b1904178813d7fe5cddfdebb - - default default] http://[LB_IP_ADDRESS]:8776/v3/6ff34368b1904178813d7fe5cddfdebb/groups/37901485-ce46-4eec-8e7b-842652e82e99 returned with HTTP 404
2025-01-14 11:02:52.997 25 INFO cinder.api.openstack.wsgi [None req-da5ea148-637c-4dcc-be4f-65b947c67c52 506fa481695f47fd9a3bad4b4eeb304b 35ecdb55568b47f9a32fe0e0691db15b - - default default] DELETE http://[LB_IP_ADDRESS]:8776/v3/35ecdb55568b47f9a32fe0e0691db15b/group_types/5f2d7eeb-2348-4072-8a06-f51fe147cea3
2025-01-14 11:02:53.018 25 INFO cinder.api.openstack.wsgi [None req-da5ea148-637c-4dcc-be4f-65b947c67c52 506fa481695f47fd9a3bad4b4eeb304b 35ecdb55568b47f9a32fe0e0691db15b - - default default] http://[LB_IP_ADDRESS]:8776/v3/35ecdb55568b47f9a32fe0e0691db15b/group_types/5f2d7eeb-2348-4072-8a06-f51fe147cea3 returned with HTTP 202
2025-01-14 11:02:53.033 22 INFO cinder.api.openstack.wsgi [None req-480552e5-a1ab-4b20-9498-171a9a710f82 506fa481695f47fd9a3bad4b4eeb304b 35ecdb55568b47f9a32fe0e0691db15b - - default default] DELETE http://[LB_IP_ADDRESS]:8776/v3/35ecdb55568b47f9a32fe0e0691db15b/types/3882ccce-6fe9-4e9c-a73f-f77630863277
2025-01-14 11:02:53.083 22 INFO cinder.api.openstack.wsgi [None req-480552e5-a1ab-4b20-9498-171a9a710f82 506fa481695f47fd9a3bad4b4eeb304b 35ecdb55568b47f9a32fe0e0691db15b - - default default] http://[LB_IP_ADDRESS]:8776/v3/35ecdb55568b47f9a32fe0e0691db15b/types/3882ccce-6fe9-4e9c-a73f-f77630863277 returned with HTTP 202
2025-01-14 11:02:53.095 24 INFO cinder.api.openstack.wsgi [None req-d30cc1c7-4157-4dc9-aae3-0f80c676a8e2 506fa481695f47fd9a3bad4b4eeb304b 35ecdb55568b47f9a32fe0e0691db15b - - default default] GET http://[LB_IP_ADDRESS]:8776/v3/35ecdb55568b47f9a32fe0e0691db15b/types/3882ccce-6fe9-4e9c-a73f-f77630863277
2025-01-14 11:02:53.103 24 INFO cinder.api.openstack.wsgi [None req-d30cc1c7-4157-4dc9-aae3-0f80c676a8e2 506fa481695f47fd9a3bad4b4eeb304b 35ecdb55568b47f9a32fe0e0691db15b - - default default] http://[LB_IP_ADDRESS]:8776/v3/35ecdb55568b47f9a32fe0e0691db15b/types/3882ccce-6fe9-4e9c-a73f-f77630863277 returned with HTTP 404
2025-01-14 11:02:53.122 23 INFO cinder.api.openstack.wsgi [None req-64079ea5-f92c-4423-8fa1-c634ed91767b 506fa481695f47fd9a3bad4b4eeb304b 35ecdb55568b47f9a32fe0e0691db15b - - default default] POST http://[LB_IP_ADDRESS]:8776/v3/35ecdb55568b47f9a32fe0e0691db15b/types
2025-01-14 11:02:53.144 23 INFO cinder.api.openstack.wsgi [None req-64079ea5-f92c-4423-8fa1-c634ed91767b 506fa481695f47fd9a3bad4b4eeb304b 35ecdb55568b47f9a32fe0e0691db15b - - default default] http://[LB_IP_ADDRESS]:8776/v3/35ecdb55568b47f9a32fe0e0691db15b/types returned with HTTP 200
2025-01-14 11:02:53.157 21 INFO cinder.api.openstack.wsgi [None req-5177ab10-e7a0-4d43-ac26-79ec1d8afff2 506fa481695f47fd9a3bad4b4eeb304b 35ecdb55568b47f9a32fe0e0691db15b - - default default] POST http://[LB_IP_ADDRESS]:8776/v3/35ecdb55568b47f9a32fe0e0691db15b/group_types
2025-01-14 11:02:53.179 21 INFO cinder.api.openstack.wsgi [None req-5177ab10-e7a0-4d43-ac26-79ec1d8afff2 506fa481695f47fd9a3bad4b4eeb304b 35ecdb55568b47f9a32fe0e0691db15b - - default default] http://[LB_IP_ADDRESS]:8776/v3/35ecdb55568b47f9a32fe0e0691db15b/group_types returned with HTTP 202
2025-01-14 11:02:53.193 25 INFO cinder.api.openstack.wsgi [None req-4a88e7f0-e36c-4d37-9318-843e64d0f1c9 0d4a525c14a5453ea64cd245866b8854 6ff34368b1904178813d7fe5cddfdebb - - default default] POST http://[LB_IP_ADDRESS]:8776/v3/6ff34368b1904178813d7fe5cddfdebb/groups
2025-01-14 11:02:53.205 25 INFO cinder.api.v3.groups [None req-4a88e7f0-e36c-4d37-9318-843e64d0f1c9 0d4a525c14a5453ea64cd245866b8854 6ff34368b1904178813d7fe5cddfdebb - - default default] Creating group tempest-GroupSnapshotsTest-Group-876680483.
2025-01-14 11:02:53.216 25 INFO cinder.volume.api [None req-4a88e7f0-e36c-4d37-9318-843e64d0f1c9 0d4a525c14a5453ea64cd245866b8854 6ff34368b1904178813d7fe5cddfdebb - - default default] Availability Zones retrieved successfully.
2025-01-14 11:02:53.303 25 INFO cinder.api.openstack.wsgi [None req-4a88e7f0-e36c-4d37-9318-843e64d0f1c9 0d4a525c14a5453ea64cd245866b8854 6ff34368b1904178813d7fe5cddfdebb - - default default] http://[LB_IP_ADDRESS]:8776/v3/6ff34368b1904178813d7fe5cddfdebb/groups returned with HTTP 202
2025-01-14 11:02:53.315 22 INFO cinder.api.openstack.wsgi [None req-317c0179-b226-4d1b-962a-5866f615ea86 0d4a525c14a5453ea64cd245866b8854 6ff34368b1904178813d7fe5cddfdebb - - default default] GET http://[LB_IP_ADDRESS]:8776/v3/6ff34368b1904178813d7fe5cddfdebb/groups/358abb16-5ba7-409a-a957-93d8188f6d91
2025-01-14 11:02:53.336 22 INFO cinder.api.openstack.wsgi [None req-317c0179-b226-4d1b-962a-5866f615ea86 0d4a525c14a5453ea64cd245866b8854 6ff34368b1904178813d7fe5cddfdebb - - default default] http://[LB_IP_ADDRESS]:8776/v3/6ff34368b1904178813d7fe5cddfdebb/groups/358abb16-5ba7-409a-a957-93d8188f6d91 returned with HTTP 200
2025-01-14 11:02:53.649 24 INFO cinder.api.openstack.wsgi [None req-3799a618-93ae-4142-9ecd-43e803ce6465 639cb6f1f6ec4a19a06b89ea6c75ca81 4ed0a1ebe3344e69905c3da4eaf37bba - - default default] POST http://[LB_IP_ADDRESS]:8776/v3/4ed0a1ebe3344e69905c3da4eaf37bba/types
2025-01-14 11:02:53.678 24 INFO cinder.api.openstack.wsgi [None req-3799a618-93ae-4142-9ecd-43e803ce6465 639cb6f1f6ec4a19a06b89ea6c75ca81 4ed0a1ebe3344e69905c3da4eaf37bba - - default default] http://[LB_IP_ADDRESS]:8776/v3/4ed0a1ebe3344e69905c3da4eaf37bba/types returned with HTTP 200
2025-01-14 11:02:53.690 23 INFO cinder.api.openstack.wsgi [None req-20ff71f6-ad60-43ac-9a5e-acfb739fb26c 639cb6f1f6ec4a19a06b89ea6c75ca81 4ed0a1ebe3344e69905c3da4eaf37bba - - default default] POST http://[LB_IP_ADDRESS]:8776/v3/4ed0a1ebe3344e69905c3da4eaf37bba/types
2025-01-14 11:02:53.712 23 INFO cinder.api.openstack.wsgi [None req-20ff71f6-ad60-43ac-9a5e-acfb739fb26c 639cb6f1f6ec4a19a06b89ea6c75ca81 4ed0a1ebe3344e69905c3da4eaf37bba - - default default] http://[LB_IP_ADDRESS]:8776/v3/4ed0a1ebe3344e69905c3da4eaf37bba/types returned with HTTP 200
2025-01-14 11:02:53.958 21 INFO cinder.api.openstack.wsgi [None req-3fdf9c8f-8b19-489f-91cd-972f111ed472 e24392086cc345f688008ac976220f76 72f87bcd7c7744c6aab22bbd8bd7be55 - - default default] POST http://[LB_IP_ADDRESS]:8776/v3/72f87bcd7c7744c6aab22bbd8bd7be55/volumes
2025-01-14 11:02:53.968 21 INFO cinder.api.v3.volumes [None req-3fdf9c8f-8b19-489f-91cd-972f111ed472 e24392086cc345f688008ac976220f76 72f87bcd7c7744c6aab22bbd8bd7be55 - - default default] Create volume of 1 GB
2025-01-14 11:02:53.970 21 INFO cinder.volume.api [None req-3fdf9c8f-8b19-489f-91cd-972f111ed472 e24392086cc345f688008ac976220f76 72f87bcd7c7744c6aab22bbd8bd7be55 - - default default] Availability Zones retrieved successfully.
2025-01-14 11:02:54.208 21 INFO cinder.volume.api [None req-3fdf9c8f-8b19-489f-91cd-972f111ed472 e24392086cc345f688008ac976220f76 72f87bcd7c7744c6aab22bbd8bd7be55 - - default default] Create volume request issued successfully.
2025-01-14 11:02:54.209 21 INFO cinder.api.openstack.wsgi [None req-3fdf9c8f-8b19-489f-91cd-972f111ed472 e24392086cc345f688008ac976220f76 72f87bcd7c7744c6aab22bbd8bd7be55 - - default default] http://[LB_IP_ADDRESS]:8776/v3/72f87bcd7c7744c6aab22bbd8bd7be55/volumes returned with HTTP 202
2025-01-14 11:02:54.232 22 INFO cinder.api.openstack.wsgi [None req-bc7358dd-a9fa-4e41-bd89-acd86b133651 e24392086cc345f688008ac976220f76 72f87bcd7c7744c6aab22bbd8bd7be55 - - default default] GET http://[LB_IP_ADDRESS]:8776/v3/72f87bcd7c7744c6aab22bbd8bd7be55/volumes/a789e02e-2d29-45af-a552-ea323c1c3fe6
2025-01-14 11:02:54.252 22 INFO cinder.volume.api [None req-bc7358dd-a9fa-4e41-bd89-acd86b133651 e24392086cc345f688008ac976220f76 72f87bcd7c7744c6aab22bbd8bd7be55 - - default default] Volume info retrieved successfully.
2025-01-14 11:02:54.259 22 INFO cinder.api.openstack.wsgi [None req-bc7358dd-a9fa-4e41-bd89-acd86b133651 e24392086cc345f688008ac976220f76 72f87bcd7c7744c6aab22bbd8bd7be55 - - default default] http://[LB_IP_ADDRESS]:8776/v3/72f87bcd7c7744c6aab22bbd8bd7be55/volumes/a789e02e-2d29-45af-a552-ea323c1c3fe6 returned with HTTP 200
2025-01-14 11:02:54.353 24 INFO cinder.api.openstack.wsgi [None req-e741a02a-be23-4c7c-b93c-8a50472b5ac6 0d4a525c14a5453ea64cd245866b8854 6ff34368b1904178813d7fe5cddfdebb - - default default] GET http://[LB_IP_ADDRESS]:8776/v3/6ff34368b1904178813d7fe5cddfdebb/groups/358abb16-5ba7-409a-a957-93d8188f6d91
2025-01-14 11:02:54.373 24 INFO cinder.api.openstack.wsgi [None req-e741a02a-be23-4c7c-b93c-8a50472b5ac6 0d4a525c14a5453ea64cd245866b8854 6ff34368b1904178813d7fe5cddfdebb - - default default] http://[LB_IP_ADDRESS]:8776/v3/6ff34368b1904178813d7fe5cddfdebb/groups/358abb16-5ba7-409a-a957-93d8188f6d91 returned with HTTP 200
2025-01-14 11:02:54.385 25 INFO cinder.api.openstack.wsgi [None req-69db387b-f0da-4fd2-abfa-80c6d793b3f1 2b3659568044434188d1c525e356baf1 d30746eb15ee49b48aca8c77f518a522 - - default default] GET http://[LB_IP_ADDRESS]:8776/v3/d30746eb15ee49b48aca8c77f518a522/os-quota-sets/580b78bf1131444190445be0d57d6f11
2025-01-14 11:02:54.389 23 INFO cinder.api.openstack.wsgi [None req-332b3bdc-1a7a-44e8-bcb4-8806a2e43ae9 0d4a525c14a5453ea64cd245866b8854 6ff34368b1904178813d7fe5cddfdebb - - default default] POST http://[LB_IP_ADDRESS]:8776/v3/6ff34368b1904178813d7fe5cddfdebb/volumes
2025-01-14 11:02:54.406 23 INFO cinder.api.v3.volumes [None req-332b3bdc-1a7a-44e8-bcb4-8806a2e43ae9 0d4a525c14a5453ea64cd245866b8854 6ff34368b1904178813d7fe5cddfdebb - - default default] Create volume of 1 GB
2025-01-14 11:02:54.417 23 INFO cinder.volume.api [None req-332b3bdc-1a7a-44e8-bcb4-8806a2e43ae9 0d4a525c14a5453ea64cd245866b8854 6ff34368b1904178813d7fe5cddfdebb - - default default] Availability Zones retrieved successfully.
2025-01-14 11:02:54.448 25 WARNING cinder.quota [None req-69db387b-f0da-4fd2-abfa-80c6d793b3f1 2b3659568044434188d1c525e356baf1 d30746eb15ee49b48aca8c77f518a522 - - default default] Deprecated: Default quota for resource: volumes_tempest-GroupSnapshotsTest-volume-type-133247324 is set by the default quota flag: quota_volumes_tempest-GroupSnapshotsTest-volume-type-133247324, it is now deprecated. Please use the default quota class for default quota.
2025-01-14 11:02:54.449 25 WARNING cinder.quota [None req-69db387b-f0da-4fd2-abfa-80c6d793b3f1 2b3659568044434188d1c525e356baf1 d30746eb15ee49b48aca8c77f518a522 - - default default] Deprecated: Default quota for resource: gigabytes_tempest-GroupSnapshotsTest-volume-type-133247324 is set by the default quota flag: quota_gigabytes_tempest-GroupSnapshotsTest-volume-type-133247324, it is now deprecated. Please use the default quota class for default quota.
2025-01-14 11:02:54.450 25 WARNING cinder.quota [None req-69db387b-f0da-4fd2-abfa-80c6d793b3f1 2b3659568044434188d1c525e356baf1 d30746eb15ee49b48aca8c77f518a522 - - default default] Deprecated: Default quota for resource: snapshots_tempest-GroupSnapshotsTest-volume-type-133247324 is set by the default quota flag: quota_snapshots_tempest-GroupSnapshotsTest-volume-type-133247324, it is now deprecated. Please use the default quota class for default quota.
2025-01-14 11:02:54.494 25 INFO cinder.api.openstack.wsgi [None req-69db387b-f0da-4fd2-abfa-80c6d793b3f1 2b3659568044434188d1c525e356baf1 d30746eb15ee49b48aca8c77f518a522 - - default default] http://[LB_IP_ADDRESS]:8776/v3/d30746eb15ee49b48aca8c77f518a522/os-quota-sets/580b78bf1131444190445be0d57d6f11 returned with HTTP 200
2025-01-14 11:02:54.577 23 WARNING cinder.quota [None req-332b3bdc-1a7a-44e8-bcb4-8806a2e43ae9 0d4a525c14a5453ea64cd245866b8854 6ff34368b1904178813d7fe5cddfdebb - - default default] Deprecated: Default quota for resource: volumes_tempest-GroupSnapshotsTest-volume-type-133247324 is set by the default quota flag: quota_volumes_tempest-GroupSnapshotsTest-volume-type-133247324, it is now deprecated. Please use the default quota class for default quota.
2025-01-14 11:02:54.578 23 WARNING cinder.quota [None req-332b3bdc-1a7a-44e8-bcb4-8806a2e43ae9 0d4a525c14a5453ea64cd245866b8854 6ff34368b1904178813d7fe5cddfdebb - - default default] Deprecated: Default quota for resource: gigabytes_tempest-GroupSnapshotsTest-volume-type-133247324 is set by the default quota flag: quota_gigabytes_tempest-GroupSnapshotsTest-volume-type-133247324, it is now deprecated. Please use the default quota class for default quota.
2025-01-14 11:02:54.671 23 INFO cinder.volume.api [None req-332b3bdc-1a7a-44e8-bcb4-8806a2e43ae9 0d4a525c14a5453ea64cd245866b8854 6ff34368b1904178813d7fe5cddfdebb - - default default] Create volume request issued successfully.
2025-01-14 11:02:54.687 23 INFO cinder.api.openstack.wsgi [None req-332b3bdc-1a7a-44e8-bcb4-8806a2e43ae9 0d4a525c14a5453ea64cd245866b8854 6ff34368b1904178813d7fe5cddfdebb - - default default] http://[LB_IP_ADDRESS]:8776/v3/6ff34368b1904178813d7fe5cddfdebb/volumes returned with HTTP 202
2025-01-14 11:02:54.710 22 INFO cinder.api.openstack.wsgi [None req-d5ca2184-3cc4-478e-9720-9b395c42b14e 0d4a525c14a5453ea64cd245866b8854 6ff34368b1904178813d7fe5cddfdebb - - default default] GET http://[LB_IP_ADDRESS]:8776/v3/6ff34368b1904178813d7fe5cddfdebb/volumes/69dad129-d543-4f1a-8463-db7498569035
2025-01-14 11:02:54.729 22 INFO cinder.volume.api [None req-d5ca2184-3cc4-478e-9720-9b395c42b14e 0d4a525c14a5453ea64cd245866b8854 6ff34368b1904178813d7fe5cddfdebb - - default default] Volume info retrieved successfully.
2025-01-14 11:02:54.729 21 INFO cinder.api.openstack.wsgi [None req-e56c2f3e-5a6f-4d41-9c9b-14c9617b51a6 fcd593f3a8c54ca3a93238c80496df8e 580b78bf1131444190445be0d57d6f11 - - default default] POST http://[LB_IP_ADDRESS]:8776/v3/580b78bf1131444190445be0d57d6f11/volumes
2025-01-14 11:02:54.733 21 INFO cinder.api.v3.volumes [None req-e56c2f3e-5a6f-4d41-9c9b-14c9617b51a6 fcd593f3a8c54ca3a93238c80496df8e 580b78bf1131444190445be0d57d6f11 - - default default] Create volume of 1 GB
2025-01-14 11:02:54.739 21 INFO cinder.volume.api [None req-e56c2f3e-5a6f-4d41-9c9b-14c9617b51a6 fcd593f3a8c54ca3a93238c80496df8e 580b78bf1131444190445be0d57d6f11 - - default default] Availability Zones retrieved successfully.
2025-01-14 11:02:54.756 22 INFO cinder.api.openstack.wsgi [None req-d5ca2184-3cc4-478e-9720-9b395c42b14e 0d4a525c14a5453ea64cd245866b8854 6ff34368b1904178813d7fe5cddfdebb - - default default] http://[LB_IP_ADDRESS]:8776/v3/6ff34368b1904178813d7fe5cddfdebb/volumes/69dad129-d543-4f1a-8463-db7498569035 returned with HTTP 200
2025-01-14 11:02:54.968 21 INFO cinder.volume.api [None req-e56c2f3e-5a6f-4d41-9c9b-14c9617b51a6 fcd593f3a8c54ca3a93238c80496df8e 580b78bf1131444190445be0d57d6f11 - - default default] Create volume request issued successfully.
2025-01-14 11:02:54.970 21 INFO cinder.api.openstack.wsgi [None req-e56c2f3e-5a6f-4d41-9c9b-14c9617b51a6 fcd593f3a8c54ca3a93238c80496df8e 580b78bf1131444190445be0d57d6f11 - - default default] http://[LB_IP_ADDRESS]:8776/v3/580b78bf1131444190445be0d57d6f11/volumes returned with HTTP 202
2025-01-14 11:02:54.994 24 INFO cinder.api.openstack.wsgi [None req-acf509fe-d82a-4465-ab21-b0cd6d8bc2b3 fcd593f3a8c54ca3a93238c80496df8e 580b78bf1131444190445be0d57d6f11 - - default default] GET http://[LB_IP_ADDRESS]:8776/v3/580b78bf1131444190445be0d57d6f11/volumes/3dec47d1-1e82-4021-a168-36a5ca18e53c
2025-01-14 11:02:55.017 24 INFO cinder.volume.api [None req-acf509fe-d82a-4465-ab21-b0cd6d8bc2b3 fcd593f3a8c54ca3a93238c80496df8e 580b78bf1131444190445be0d57d6f11 - - default default] Volume info retrieved successfully.
2025-01-14 11:02:55.024 24 INFO cinder.api.openstack.wsgi [None req-acf509fe-d82a-4465-ab21-b0cd6d8bc2b3 fcd593f3a8c54ca3a93238c80496df8e 580b78bf1131444190445be0d57d6f11 - - default default] http://[LB_IP_ADDRESS]:8776/v3/580b78bf1131444190445be0d57d6f11/volumes/3dec47d1-1e82-4021-a168-36a5ca18e53c returned with HTTP 200
2025-01-14 11:02:55.288 25 INFO cinder.api.openstack.wsgi [None req-50f59184-34e3-43f8-97d5-e5ed7a1831f5 e24392086cc345f688008ac976220f76 72f87bcd7c7744c6aab22bbd8bd7be55 - - default default] GET http://[LB_IP_ADDRESS]:8776/v3/72f87bcd7c7744c6aab22bbd8bd7be55/volumes/a789e02e-2d29-45af-a552-ea323c1c3fe6
2025-01-14 11:02:55.315 25 INFO cinder.volume.api [None req-50f59184-34e3-43f8-97d5-e5ed7a1831f5 e24392086cc345f688008ac976220f76 72f87bcd7c7744c6aab22bbd8bd7be55 - - default default] Volume info retrieved successfully.
2025-01-14 11:02:55.325 25 INFO cinder.api.openstack.wsgi [None req-50f59184-34e3-43f8-97d5-e5ed7a1831f5 e24392086cc345f688008ac976220f76 72f87bcd7c7744c6aab22bbd8bd7be55 - - default default] http://[LB_IP_ADDRESS]:8776/v3/72f87bcd7c7744c6aab22bbd8bd7be55/volumes/a789e02e-2d29-45af-a552-ea323c1c3fe6 returned with HTTP 200
2025-01-14 11:02:55.353 23 INFO cinder.api.openstack.wsgi [None req-e062c390-a40d-4b17-871c-606ae9320a8f 639cb6f1f6ec4a19a06b89ea6c75ca81 4ed0a1ebe3344e69905c3da4eaf37bba - - default default] GET http://[LB_IP_ADDRESS]:8776/v3/4ed0a1ebe3344e69905c3da4eaf37bba/volumes/a789e02e-2d29-45af-a552-ea323c1c3fe6
2025-01-14 11:02:55.376 23 INFO cinder.volume.api [None req-e062c390-a40d-4b17-871c-606ae9320a8f 639cb6f1f6ec4a19a06b89ea6c75ca81 4ed0a1ebe3344e69905c3da4eaf37bba - - default default] Volume info retrieved successfully.
2025-01-14 11:02:55.385 23 INFO cinder.api.openstack.wsgi [None req-e062c390-a40d-4b17-871c-606ae9320a8f 639cb6f1f6ec4a19a06b89ea6c75ca81 4ed0a1ebe3344e69905c3da4eaf37bba - - default default] http://[LB_IP_ADDRESS]:8776/v3/4ed0a1ebe3344e69905c3da4eaf37bba/volumes/a789e02e-2d29-45af-a552-ea323c1c3fe6 returned with HTTP 200
2025-01-14 11:02:55.412 22 INFO cinder.api.openstack.wsgi [None req-be3531e5-4d5d-4041-aadc-8b0974b57e97 e24392086cc345f688008ac976220f76 72f87bcd7c7744c6aab22bbd8bd7be55 - - default default] POST http://[LB_IP_ADDRESS]:8776/v3/72f87bcd7c7744c6aab22bbd8bd7be55/volumes/a789e02e-2d29-45af-a552-ea323c1c3fe6/action
2025-01-14 11:02:55.438 22 INFO cinder.volume.api [None req-be3531e5-4d5d-4041-aadc-8b0974b57e97 e24392086cc345f688008ac976220f76 72f87bcd7c7744c6aab22bbd8bd7be55 - - default default] Volume info retrieved successfully.
2025-01-14 11:02:55.643 22 INFO cinder.volume.api [None req-be3531e5-4d5d-4041-aadc-8b0974b57e97 e24392086cc345f688008ac976220f76 72f87bcd7c7744c6aab22bbd8bd7be55 - - default default] Retype volume request issued successfully.
2025-01-14 11:02:55.643 22 INFO cinder.api.openstack.wsgi [None req-be3531e5-4d5d-4041-aadc-8b0974b57e97 e24392086cc345f688008ac976220f76 72f87bcd7c7744c6aab22bbd8bd7be55 - - default default] http://[LB_IP_ADDRESS]:8776/v3/72f87bcd7c7744c6aab22bbd8bd7be55/volumes/a789e02e-2d29-45af-a552-ea323c1c3fe6/action returned with HTTP 202
2025-01-14 11:02:55.655 21 INFO cinder.api.openstack.wsgi [None req-9d8af2bb-eed9-4c20-83f6-4ff30b67302a e24392086cc345f688008ac976220f76 72f87bcd7c7744c6aab22bbd8bd7be55 - - default default] GET http://[LB_IP_ADDRESS]:8776/v3/72f87bcd7c7744c6aab22bbd8bd7be55/volumes/a789e02e-2d29-45af-a552-ea323c1c3fe6
2025-01-14 11:02:55.680 21 INFO cinder.volume.api [None req-9d8af2bb-eed9-4c20-83f6-4ff30b67302a e24392086cc345f688008ac976220f76 72f87bcd7c7744c6aab22bbd8bd7be55 - - default default] Volume info retrieved successfully.
2025-01-14 11:02:55.689 21 INFO cinder.api.openstack.wsgi [None req-9d8af2bb-eed9-4c20-83f6-4ff30b67302a e24392086cc345f688008ac976220f76 72f87bcd7c7744c6aab22bbd8bd7be55 - - default default] http://[LB_IP_ADDRESS]:8776/v3/72f87bcd7c7744c6aab22bbd8bd7be55/volumes/a789e02e-2d29-45af-a552-ea323c1c3fe6 returned with HTTP 200
2025-01-14 11:02:55.783 24 INFO cinder.api.openstack.wsgi [None req-54761bd9-f0b3-49dd-8fc8-0c0f05ae9446 0d4a525c14a5453ea64cd245866b8854 6ff34368b1904178813d7fe5cddfdebb - - default default] GET http://[LB_IP_ADDRESS]:8776/v3/6ff34368b1904178813d7fe5cddfdebb/volumes/69dad129-d543-4f1a-8463-db7498569035
2025-01-14 11:02:55.806 24 INFO cinder.volume.api [None req-54761bd9-f0b3-49dd-8fc8-0c0f05ae9446 0d4a525c14a5453ea64cd245866b8854 6ff34368b1904178813d7fe5cddfdebb - - default default] Volume info retrieved successfully.
2025-01-14 11:02:55.827 24 INFO cinder.api.openstack.wsgi [None req-54761bd9-f0b3-49dd-8fc8-0c0f05ae9446 0d4a525c14a5453ea64cd245866b8854 6ff34368b1904178813d7fe5cddfdebb - - default default] http://[LB_IP_ADDRESS]:8776/v3/6ff34368b1904178813d7fe5cddfdebb/volumes/69dad129-d543-4f1a-8463-db7498569035 returned with HTTP 200
2025-01-14 11:02:56.051 25 INFO cinder.api.openstack.wsgi [None req-64df597c-b22c-4008-8da4-da30f9269d10 fcd593f3a8c54ca3a93238c80496df8e 580b78bf1131444190445be0d57d6f11 - - default default] GET http://[LB_IP_ADDRESS]:8776/v3/580b78bf1131444190445be0d57d6f11/volumes/3dec47d1-1e82-4021-a168-36a5ca18e53c
2025-01-14 11:02:56.072 25 INFO cinder.volume.api [None req-64df597c-b22c-4008-8da4-da30f9269d10 fcd593f3a8c54ca3a93238c80496df8e 580b78bf1131444190445be0d57d6f11 - - default default] Volume info retrieved successfully.
2025-01-14 11:02:56.079 25 INFO cinder.api.openstack.wsgi [None req-64df597c-b22c-4008-8da4-da30f9269d10 fcd593f3a8c54ca3a93238c80496df8e 580b78bf1131444190445be0d57d6f11 - - default default] http://[LB_IP_ADDRESS]:8776/v3/580b78bf1131444190445be0d57d6f11/volumes/3dec47d1-1e82-4021-a168-36a5ca18e53c returned with HTTP 200
2025-01-14 11:02:56.717 23 INFO cinder.api.openstack.wsgi [None req-e64182eb-75b0-4469-b6e9-5d065b8a26f1 e24392086cc345f688008ac976220f76 72f87bcd7c7744c6aab22bbd8bd7be55 - - default default] GET http://[LB_IP_ADDRESS]:8776/v3/72f87bcd7c7744c6aab22bbd8bd7be55/volumes/a789e02e-2d29-45af-a552-ea323c1c3fe6
2025-01-14 11:02:56.741 23 INFO cinder.volume.api [None req-e64182eb-75b0-4469-b6e9-5d065b8a26f1 e24392086cc345f688008ac976220f76 72f87bcd7c7744c6aab22bbd8bd7be55 - - default default] Volume info retrieved successfully.
2025-01-14 11:02:56.750 23 INFO cinder.api.openstack.wsgi [None req-e64182eb-75b0-4469-b6e9-5d065b8a26f1 e24392086cc345f688008ac976220f76 72f87bcd7c7744c6aab22bbd8bd7be55 - - default default] http://[LB_IP_ADDRESS]:8776/v3/72f87bcd7c7744c6aab22bbd8bd7be55/volumes/a789e02e-2d29-45af-a552-ea323c1c3fe6 returned with HTTP 200
2025-01-14 11:02:56.776 22 INFO cinder.api.openstack.wsgi [None req-fdb37759-c5c4-469e-bec3-f542daae32e4 639cb6f1f6ec4a19a06b89ea6c75ca81 4ed0a1ebe3344e69905c3da4eaf37bba - - default default] GET http://[LB_IP_ADDRESS]:8776/v3/4ed0a1ebe3344e69905c3da4eaf37bba/volumes/a789e02e-2d29-45af-a552-ea323c1c3fe6
2025-01-14 11:02:56.800 22 INFO cinder.volume.api [None req-fdb37759-c5c4-469e-bec3-f542daae32e4 639cb6f1f6ec4a19a06b89ea6c75ca81 4ed0a1ebe3344e69905c3da4eaf37bba - - default default] Volume info retrieved successfully.
2025-01-14 11:02:56.809 22 INFO cinder.api.openstack.wsgi [None req-fdb37759-c5c4-469e-bec3-f542daae32e4 639cb6f1f6ec4a19a06b89ea6c75ca81 4ed0a1ebe3344e69905c3da4eaf37bba - - default default] http://[LB_IP_ADDRESS]:8776/v3/4ed0a1ebe3344e69905c3da4eaf37bba/volumes/a789e02e-2d29-45af-a552-ea323c1c3fe6 returned with HTTP 200
2025-01-14 11:02:56.836 21 INFO cinder.api.openstack.wsgi [None req-5bcf06c1-acc8-4859-8e70-4cbfefccd29e 639cb6f1f6ec4a19a06b89ea6c75ca81 4ed0a1ebe3344e69905c3da4eaf37bba - - default default] GET http://[LB_IP_ADDRESS]:8776/v3/4ed0a1ebe3344e69905c3da4eaf37bba/volumes?all_tenants=True&name=tempest-VolumeRetypeWithoutMigrationTest-Volume-1651099641
2025-01-14 11:02:56.856 24 INFO cinder.api.openstack.wsgi [None req-f5e2a543-f867-4044-a2de-eb9882a83d96 0d4a525c14a5453ea64cd245866b8854 6ff34368b1904178813d7fe5cddfdebb - - default default] GET http://[LB_IP_ADDRESS]:8776/v3/6ff34368b1904178813d7fe5cddfdebb/volumes/69dad129-d543-4f1a-8463-db7498569035
2025-01-14 11:02:56.857 21 INFO cinder.volume.api [None req-5bcf06c1-acc8-4859-8e70-4cbfefccd29e 639cb6f1f6ec4a19a06b89ea6c75ca81 4ed0a1ebe3344e69905c3da4eaf37bba - - default default] Get all volumes completed successfully.
2025-01-14 11:02:56.858 21 INFO cinder.api.openstack.wsgi [None req-5bcf06c1-acc8-4859-8e70-4cbfefccd29e 639cb6f1f6ec4a19a06b89ea6c75ca81 4ed0a1ebe3344e69905c3da4eaf37bba - - default default] http://[LB_IP_ADDRESS]:8776/v3/4ed0a1ebe3344e69905c3da4eaf37bba/volumes?all_tenants=True&name=tempest-VolumeRetypeWithoutMigrationTest-Volume-1651099641 returned with HTTP 200
2025-01-14 11:02:56.874 25 INFO cinder.api.openstack.wsgi [None req-104d1188-f2cf-413f-98d3-d852d73508a2 e24392086cc345f688008ac976220f76 72f87bcd7c7744c6aab22bbd8bd7be55 - - default default] GET http://[LB_IP_ADDRESS]:8776/v3/72f87bcd7c7744c6aab22bbd8bd7be55/volumes/a789e02e-2d29-45af-a552-ea323c1c3fe6
2025-01-14 11:02:56.881 24 INFO cinder.volume.api [None req-f5e2a543-f867-4044-a2de-eb9882a83d96 0d4a525c14a5453ea64cd245866b8854 6ff34368b1904178813d7fe5cddfdebb - - default default] Volume info retrieved successfully.
2025-01-14 11:02:56.900 25 INFO cinder.volume.api [None req-104d1188-f2cf-413f-98d3-d852d73508a2 e24392086cc345f688008ac976220f76 72f87bcd7c7744c6aab22bbd8bd7be55 - - default default] Volume info retrieved successfully.
2025-01-14 11:02:56.908 24 INFO cinder.api.openstack.wsgi [None req-f5e2a543-f867-4044-a2de-eb9882a83d96 0d4a525c14a5453ea64cd245866b8854 6ff34368b1904178813d7fe5cddfdebb - - default default] http://[LB_IP_ADDRESS]:8776/v3/6ff34368b1904178813d7fe5cddfdebb/volumes/69dad129-d543-4f1a-8463-db7498569035 returned with HTTP 200
2025-01-14 11:02:56.910 25 INFO cinder.api.openstack.wsgi [None req-104d1188-f2cf-413f-98d3-d852d73508a2 e24392086cc345f688008ac976220f76 72f87bcd7c7744c6aab22bbd8bd7be55 - - default default] http://[LB_IP_ADDRESS]:8776/v3/72f87bcd7c7744c6aab22bbd8bd7be55/volumes/a789e02e-2d29-45af-a552-ea323c1c3fe6 returned with HTTP 200
2025-01-14 11:02:56.937 23 INFO cinder.api.openstack.wsgi [None req-f4ba7b15-d55a-4314-9e1c-b44e9aa43e1d 0d4a525c14a5453ea64cd245866b8854 6ff34368b1904178813d7fe5cddfdebb - - default default] POST http://[LB_IP_ADDRESS]:8776/v3/6ff34368b1904178813d7fe5cddfdebb/group_snapshots
2025-01-14 11:02:56.937 22 INFO cinder.api.openstack.wsgi [None req-4a425acc-4399-4464-93fa-2c3548027ffd e24392086cc345f688008ac976220f76 72f87bcd7c7744c6aab22bbd8bd7be55 - - default default] DELETE http://[LB_IP_ADDRESS]:8776/v3/72f87bcd7c7744c6aab22bbd8bd7be55/volumes/a789e02e-2d29-45af-a552-ea323c1c3fe6
2025-01-14 11:02:56.938 22 INFO cinder.api.v3.volumes [None req-4a425acc-4399-4464-93fa-2c3548027ffd e24392086cc345f688008ac976220f76 72f87bcd7c7744c6aab22bbd8bd7be55 - - default default] Delete volume with id: a789e02e-2d29-45af-a552-ea323c1c3fe6 
2025-01-14 11:02:56.954 23 INFO cinder.api.v3.group_snapshots [None req-f4ba7b15-d55a-4314-9e1c-b44e9aa43e1d 0d4a525c14a5453ea64cd245866b8854 6ff34368b1904178813d7fe5cddfdebb - - default default] Creating group_snapshot tempest-group_snapshot-347647078.
2025-01-14 11:02:56.957 22 INFO cinder.volume.api [None req-4a425acc-4399-4464-93fa-2c3548027ffd e24392086cc345f688008ac976220f76 72f87bcd7c7744c6aab22bbd8bd7be55 - - default default] Volume info retrieved successfully.
2025-01-14 11:02:56.988 22 INFO cinder.volume.api [None req-4a425acc-4399-4464-93fa-2c3548027ffd e24392086cc345f688008ac976220f76 72f87bcd7c7744c6aab22bbd8bd7be55 - - default default] Delete volume request issued successfully.
2025-01-14 11:02:56.989 22 INFO cinder.api.openstack.wsgi [None req-4a425acc-4399-4464-93fa-2c3548027ffd e24392086cc345f688008ac976220f76 72f87bcd7c7744c6aab22bbd8bd7be55 - - default default] http://[LB_IP_ADDRESS]:8776/v3/72f87bcd7c7744c6aab22bbd8bd7be55/volumes/a789e02e-2d29-45af-a552-ea323c1c3fe6 returned with HTTP 202
2025-01-14 11:02:56.999 21 INFO cinder.api.openstack.wsgi [None req-e00bc7ac-edb7-4dc3-a60e-00d46abdd007 e24392086cc345f688008ac976220f76 72f87bcd7c7744c6aab22bbd8bd7be55 - - default default] GET http://[LB_IP_ADDRESS]:8776/v3/72f87bcd7c7744c6aab22bbd8bd7be55/volumes/a789e02e-2d29-45af-a552-ea323c1c3fe6
2025-01-14 11:02:57.018 21 INFO cinder.volume.api [None req-e00bc7ac-edb7-4dc3-a60e-00d46abdd007 e24392086cc345f688008ac976220f76 72f87bcd7c7744c6aab22bbd8bd7be55 - - default default] Volume info retrieved successfully.
2025-01-14 11:02:57.025 21 INFO cinder.api.openstack.wsgi [None req-e00bc7ac-edb7-4dc3-a60e-00d46abdd007 e24392086cc345f688008ac976220f76 72f87bcd7c7744c6aab22bbd8bd7be55 - - default default] http://[LB_IP_ADDRESS]:8776/v3/72f87bcd7c7744c6aab22bbd8bd7be55/volumes/a789e02e-2d29-45af-a552-ea323c1c3fe6 returned with HTTP 200
2025-01-14 11:02:57.046 23 WARNING cinder.quota [None req-f4ba7b15-d55a-4314-9e1c-b44e9aa43e1d 0d4a525c14a5453ea64cd245866b8854 6ff34368b1904178813d7fe5cddfdebb - - default default] Deprecated: Default quota for resource: snapshots_tempest-GroupSnapshotsTest-volume-type-133247324 is set by the default quota flag: quota_snapshots_tempest-GroupSnapshotsTest-volume-type-133247324, it is now deprecated. Please use the default quota class for default quota.
2025-01-14 11:02:57.105 23 INFO cinder.api.openstack.wsgi [None req-f4ba7b15-d55a-4314-9e1c-b44e9aa43e1d 0d4a525c14a5453ea64cd245866b8854 6ff34368b1904178813d7fe5cddfdebb - - default default] http://[LB_IP_ADDRESS]:8776/v3/6ff34368b1904178813d7fe5cddfdebb/group_snapshots returned with HTTP 202
2025-01-14 11:02:57.107 24 INFO cinder.api.openstack.wsgi [None req-ee7132f1-ab14-416a-9dee-bf63aa21dcc3 fcd593f3a8c54ca3a93238c80496df8e 580b78bf1131444190445be0d57d6f11 - - default default] GET http://[LB_IP_ADDRESS]:8776/v3/580b78bf1131444190445be0d57d6f11/volumes/3dec47d1-1e82-4021-a168-36a5ca18e53c
2025-01-14 11:02:57.117 25 INFO cinder.api.openstack.wsgi [None req-0fbdddd7-85f4-4447-a247-33f618aa8b35 0d4a525c14a5453ea64cd245866b8854 6ff34368b1904178813d7fe5cddfdebb - - default default] GET http://[LB_IP_ADDRESS]:8776/v3/6ff34368b1904178813d7fe5cddfdebb/group_snapshots/e8388e3a-58f5-4020-824c-1d0911d614ea
2025-01-14 11:02:57.128 25 INFO cinder.api.openstack.wsgi [None req-0fbdddd7-85f4-4447-a247-33f618aa8b35 0d4a525c14a5453ea64cd245866b8854 6ff34368b1904178813d7fe5cddfdebb - - default default] http://[LB_IP_ADDRESS]:8776/v3/6ff34368b1904178813d7fe5cddfdebb/group_snapshots/e8388e3a-58f5-4020-824c-1d0911d614ea returned with HTTP 200
2025-01-14 11:02:57.131 24 INFO cinder.volume.api [None req-ee7132f1-ab14-416a-9dee-bf63aa21dcc3 fcd593f3a8c54ca3a93238c80496df8e 580b78bf1131444190445be0d57d6f11 - - default default] Volume info retrieved successfully.
2025-01-14 11:02:57.140 24 INFO cinder.api.openstack.wsgi [None req-ee7132f1-ab14-416a-9dee-bf63aa21dcc3 fcd593f3a8c54ca3a93238c80496df8e 580b78bf1131444190445be0d57d6f11 - - default default] http://[LB_IP_ADDRESS]:8776/v3/580b78bf1131444190445be0d57d6f11/volumes/3dec47d1-1e82-4021-a168-36a5ca18e53c returned with HTTP 200
2025-01-14 11:02:57.171 22 INFO cinder.api.openstack.wsgi [None req-022a06f2-b070-44d6-a4b5-affcd14814c1 2b3659568044434188d1c525e356baf1 d30746eb15ee49b48aca8c77f518a522 - - default default] PUT http://[LB_IP_ADDRESS]:8776/v3/d30746eb15ee49b48aca8c77f518a522/os-quota-sets/580b78bf1131444190445be0d57d6f11
2025-01-14 11:02:57.326 22 WARNING cinder.quota [None req-022a06f2-b070-44d6-a4b5-affcd14814c1 2b3659568044434188d1c525e356baf1 d30746eb15ee49b48aca8c77f518a522 - - default default] Deprecated: Default quota for resource: volumes_tempest-GroupSnapshotsTest-volume-type-133247324 is set by the default quota flag: quota_volumes_tempest-GroupSnapshotsTest-volume-type-133247324, it is now deprecated. Please use the default quota class for default quota.
2025-01-14 11:02:57.327 22 WARNING cinder.quota [None req-022a06f2-b070-44d6-a4b5-affcd14814c1 2b3659568044434188d1c525e356baf1 d30746eb15ee49b48aca8c77f518a522 - - default default] Deprecated: Default quota for resource: gigabytes_tempest-GroupSnapshotsTest-volume-type-133247324 is set by the default quota flag: quota_gigabytes_tempest-GroupSnapshotsTest-volume-type-133247324, it is now deprecated. Please use the default quota class for default quota.
2025-01-14 11:02:57.328 22 WARNING cinder.quota [None req-022a06f2-b070-44d6-a4b5-affcd14814c1 2b3659568044434188d1c525e356baf1 d30746eb15ee49b48aca8c77f518a522 - - default default] Deprecated: Default quota for resource: snapshots_tempest-GroupSnapshotsTest-volume-type-133247324 is set by the default quota flag: quota_snapshots_tempest-GroupSnapshotsTest-volume-type-133247324, it is now deprecated. Please use the default quota class for default quota.
2025-01-14 11:02:57.379 22 INFO cinder.api.openstack.wsgi [None req-022a06f2-b070-44d6-a4b5-affcd14814c1 2b3659568044434188d1c525e356baf1 d30746eb15ee49b48aca8c77f518a522 - - default default] http://[LB_IP_ADDRESS]:8776/v3/d30746eb15ee49b48aca8c77f518a522/os-quota-sets/580b78bf1131444190445be0d57d6f11 returned with HTTP 200
2025-01-14 11:02:57.394 21 INFO cinder.api.openstack.wsgi [None req-fb9b8843-4292-4c7f-8f89-7bb8395de727 fcd593f3a8c54ca3a93238c80496df8e 580b78bf1131444190445be0d57d6f11 - - default default] POST http://[LB_IP_ADDRESS]:8776/v3/580b78bf1131444190445be0d57d6f11/volumes
2025-01-14 11:02:57.398 21 INFO cinder.api.v3.volumes [None req-fb9b8843-4292-4c7f-8f89-7bb8395de727 fcd593f3a8c54ca3a93238c80496df8e 580b78bf1131444190445be0d57d6f11 - - default default] Create volume of 2 GB
2025-01-14 11:02:57.407 21 INFO cinder.volume.api [None req-fb9b8843-4292-4c7f-8f89-7bb8395de727 fcd593f3a8c54ca3a93238c80496df8e 580b78bf1131444190445be0d57d6f11 - - default default] Availability Zones retrieved successfully.
2025-01-14 11:02:57.593 21 WARNING cinder.quota_utils [None req-fb9b8843-4292-4c7f-8f89-7bb8395de727 fcd593f3a8c54ca3a93238c80496df8e 580b78bf1131444190445be0d57d6f11 - - default default] Quota exceeded for 580b78bf1131444190445be0d57d6f11, tried to create 2G volume (1G of 1G already consumed).: cinder.exception.OverQuota: Quota exceeded for resources: ['gigabytes']
2025-01-14 11:02:57.596 21 WARNING cinder.volume.api [None req-fb9b8843-4292-4c7f-8f89-7bb8395de727 fcd593f3a8c54ca3a93238c80496df8e 580b78bf1131444190445be0d57d6f11 - - default default] Task 'cinder.volume.flows.api.create_volume.QuotaReserveTask;volume:create' (0acb01bb-dfdf-457c-af27-c12da25ed1e0) transitioned into state 'FAILURE' from state 'RUNNING'

Failure: cinder.exception.VolumeSizeExceedsAvailableQuota: Requested volume or snapshot exceeds allowed gigabytes quota. Requested 2G, quota is 1G and 1G has been consumed.
2025-01-14 11:02:57.600 21 WARNING cinder.volume.api [None req-fb9b8843-4292-4c7f-8f89-7bb8395de727 fcd593f3a8c54ca3a93238c80496df8e 580b78bf1131444190445be0d57d6f11 - - default default] Task 'cinder.volume.flows.api.create_volume.QuotaReserveTask;volume:create' (0acb01bb-dfdf-457c-af27-c12da25ed1e0) transitioned into state 'REVERTED' from state 'REVERTING'
2025-01-14 11:02:57.603 21 WARNING cinder.volume.api [None req-fb9b8843-4292-4c7f-8f89-7bb8395de727 fcd593f3a8c54ca3a93238c80496df8e 580b78bf1131444190445be0d57d6f11 - - default default] Task 'cinder.volume.flows.api.create_volume.ExtractVolumeRequestTask;volume:create' (7aed4b9c-7942-4a65-a851-687b825e27cc) transitioned into state 'REVERTED' from state 'REVERTING'
2025-01-14 11:02:57.605 21 WARNING cinder.volume.api [None req-fb9b8843-4292-4c7f-8f89-7bb8395de727 fcd593f3a8c54ca3a93238c80496df8e 580b78bf1131444190445be0d57d6f11 - - default default] Flow 'volume_create_api' (ec1638eb-468e-4860-9e73-af23215298a1) transitioned into state 'REVERTED' from state 'RUNNING'
2025-01-14 11:02:57.605 21 INFO cinder.api.middleware.fault [None req-fb9b8843-4292-4c7f-8f89-7bb8395de727 fcd593f3a8c54ca3a93238c80496df8e 580b78bf1131444190445be0d57d6f11 - - default default] http://[LB_IP_ADDRESS]:8776/v3/580b78bf1131444190445be0d57d6f11/volumes returned with HTTP 413
2025-01-14 11:02:57.622 23 INFO cinder.api.openstack.wsgi [None req-3a01b087-197a-4e40-8569-1cdf4ac37380 2b3659568044434188d1c525e356baf1 d30746eb15ee49b48aca8c77f518a522 - - default default] PUT http://[LB_IP_ADDRESS]:8776/v3/d30746eb15ee49b48aca8c77f518a522/os-quota-sets/580b78bf1131444190445be0d57d6f11
2025-01-14 11:02:57.831 23 INFO cinder.api.openstack.wsgi [None req-3a01b087-197a-4e40-8569-1cdf4ac37380 2b3659568044434188d1c525e356baf1 d30746eb15ee49b48aca8c77f518a522 - - default default] http://[LB_IP_ADDRESS]:8776/v3/d30746eb15ee49b48aca8c77f518a522/os-quota-sets/580b78bf1131444190445be0d57d6f11 returned with HTTP 200
2025-01-14 11:02:57.849 25 INFO cinder.api.openstack.wsgi [None req-196d7270-8329-4ff8-a08c-d69bac684327 fcd593f3a8c54ca3a93238c80496df8e 580b78bf1131444190445be0d57d6f11 - - default default] POST http://[LB_IP_ADDRESS]:8776/v3/580b78bf1131444190445be0d57d6f11/volumes
2025-01-14 11:02:57.852 25 INFO cinder.api.v3.volumes [None req-196d7270-8329-4ff8-a08c-d69bac684327 fcd593f3a8c54ca3a93238c80496df8e 580b78bf1131444190445be0d57d6f11 - - default default] Create volume of 1 GB
2025-01-14 11:02:57.860 25 INFO cinder.volume.api [None req-196d7270-8329-4ff8-a08c-d69bac684327 fcd593f3a8c54ca3a93238c80496df8e 580b78bf1131444190445be0d57d6f11 - - default default] Availability Zones retrieved successfully.
2025-01-14 11:02:58.014 25 WARNING cinder.quota_utils [None req-196d7270-8329-4ff8-a08c-d69bac684327 fcd593f3a8c54ca3a93238c80496df8e 580b78bf1131444190445be0d57d6f11 - - default default] Quota exceeded for 580b78bf1131444190445be0d57d6f11, tried to create volume (1 volumes already consumed).: cinder.exception.OverQuota: Quota exceeded for resources: ['volumes']
2025-01-14 11:02:58.017 25 WARNING cinder.volume.api [None req-196d7270-8329-4ff8-a08c-d69bac684327 fcd593f3a8c54ca3a93238c80496df8e 580b78bf1131444190445be0d57d6f11 - - default default] Task 'cinder.volume.flows.api.create_volume.QuotaReserveTask;volume:create' (e25bdbfa-9af0-46bb-a9e0-2b3c58963524) transitioned into state 'FAILURE' from state 'RUNNING'

Failure: cinder.exception.VolumeLimitExceeded: Maximum number of volumes allowed (1) exceeded for quota 'volumes'.
2025-01-14 11:02:58.021 25 WARNING cinder.volume.api [None req-196d7270-8329-4ff8-a08c-d69bac684327 fcd593f3a8c54ca3a93238c80496df8e 580b78bf1131444190445be0d57d6f11 - - default default] Task 'cinder.volume.flows.api.create_volume.QuotaReserveTask;volume:create' (e25bdbfa-9af0-46bb-a9e0-2b3c58963524) transitioned into state 'REVERTED' from state 'REVERTING'
2025-01-14 11:02:58.024 25 WARNING cinder.volume.api [None req-196d7270-8329-4ff8-a08c-d69bac684327 fcd593f3a8c54ca3a93238c80496df8e 580b78bf1131444190445be0d57d6f11 - - default default] Task 'cinder.volume.flows.api.create_volume.ExtractVolumeRequestTask;volume:create' (1b961445-2003-4aa8-a495-20f69396197b) transitioned into state 'REVERTED' from state 'REVERTING'
2025-01-14 11:02:58.025 25 WARNING cinder.volume.api [None req-196d7270-8329-4ff8-a08c-d69bac684327 fcd593f3a8c54ca3a93238c80496df8e 580b78bf1131444190445be0d57d6f11 - - default default] Flow 'volume_create_api' (f49f5154-deb9-45e6-85cb-b6ca0413187f) transitioned into state 'REVERTED' from state 'RUNNING'
2025-01-14 11:02:58.026 25 INFO cinder.api.middleware.fault [None req-196d7270-8329-4ff8-a08c-d69bac684327 fcd593f3a8c54ca3a93238c80496df8e 580b78bf1131444190445be0d57d6f11 - - default default] http://[LB_IP_ADDRESS]:8776/v3/580b78bf1131444190445be0d57d6f11/volumes returned with HTTP 413
2025-01-14 11:02:58.042 24 INFO cinder.api.openstack.wsgi [None req-f3b8f304-5280-448d-95e4-ccb403a0e42a 2b3659568044434188d1c525e356baf1 d30746eb15ee49b48aca8c77f518a522 - - default default] PUT http://[LB_IP_ADDRESS]:8776/v3/d30746eb15ee49b48aca8c77f518a522/os-quota-sets/580b78bf1131444190445be0d57d6f11
2025-01-14 11:02:58.054 22 INFO cinder.api.openstack.wsgi [None req-83d47947-f4b1-4c43-9af6-a61465f20e40 e24392086cc345f688008ac976220f76 72f87bcd7c7744c6aab22bbd8bd7be55 - - default default] GET http://[LB_IP_ADDRESS]:8776/v3/72f87bcd7c7744c6aab22bbd8bd7be55/volumes/a789e02e-2d29-45af-a552-ea323c1c3fe6
2025-01-14 11:02:58.069 22 INFO cinder.api.openstack.wsgi [None req-83d47947-f4b1-4c43-9af6-a61465f20e40 e24392086cc345f688008ac976220f76 72f87bcd7c7744c6aab22bbd8bd7be55 - - default default] http://[LB_IP_ADDRESS]:8776/v3/72f87bcd7c7744c6aab22bbd8bd7be55/volumes/a789e02e-2d29-45af-a552-ea323c1c3fe6 returned with HTTP 404
2025-01-14 11:02:58.082 21 INFO cinder.api.openstack.wsgi [None req-bdd19e5b-9273-4252-b5b9-64c4bc2f5fa3 639cb6f1f6ec4a19a06b89ea6c75ca81 4ed0a1ebe3344e69905c3da4eaf37bba - - default default] DELETE http://[LB_IP_ADDRESS]:8776/v3/4ed0a1ebe3344e69905c3da4eaf37bba/types/0d8f1e2f-7871-4a65-9d29-42dc6919878f
