2026-01-23 01:19:33.655 76 INFO cinder.api.openstack.wsgi [None req-a1b46f8f-b8a8-4c14-b205-6beb79b978fc 1ab9f71e1aba42cbb5a5d089e32fa930 7ef95d886d37472fb65e5e1d1de1f14b - - default default] GET http://[LB_IP_ADDRESS]:8776/v3/7ef95d886d37472fb65e5e1d1de1f14b/volumes/c4d66481-59c7-4d08-a09e-39a311d5192b
2026-01-23 01:19:33.660 73 INFO cinder.api.openstack.wsgi [None req-162d1cf3-da4c-45d0-b179-8d143e9b5628 5424c4c778b64291975af76382463464 0df7a9fb93c84685a014d29e40c4d7df - - default default] DELETE http://[LB_IP_ADDRESS]:8776/v3/0df7a9fb93c84685a014d29e40c4d7df/volumes/1314392f-73d9-48b5-a658-b152efe8f25a
2026-01-23 01:19:33.661 73 INFO cinder.api.v3.volumes [None req-162d1cf3-da4c-45d0-b179-8d143e9b5628 5424c4c778b64291975af76382463464 0df7a9fb93c84685a014d29e40c4d7df - - default default] Delete volume with id: 1314392f-73d9-48b5-a658-b152efe8f25a 
2026-01-23 01:19:33.665 76 INFO cinder.api.openstack.wsgi [None req-a1b46f8f-b8a8-4c14-b205-6beb79b978fc 1ab9f71e1aba42cbb5a5d089e32fa930 7ef95d886d37472fb65e5e1d1de1f14b - - default default] http://[LB_IP_ADDRESS]:8776/v3/7ef95d886d37472fb65e5e1d1de1f14b/volumes/c4d66481-59c7-4d08-a09e-39a311d5192b returned with HTTP 404
2026-01-23 01:19:33.673 73 INFO cinder.volume.api [None req-162d1cf3-da4c-45d0-b179-8d143e9b5628 5424c4c778b64291975af76382463464 0df7a9fb93c84685a014d29e40c4d7df - - default default] Volume info retrieved successfully.
2026-01-23 01:19:33.677 75 INFO cinder.api.openstack.wsgi [None req-32002af9-addc-49dd-80d8-43103f82cbb6 ede7f5200578464fbe08c9e028c4bb6c 1f0a8e4fc2254f829c626affdfe7bb81 - - default default] GET http://[LB_IP_ADDRESS]:8776/v3/1f0a8e4fc2254f829c626affdfe7bb81/volumes/c4d66481-59c7-4d08-a09e-39a311d5192b
2026-01-23 01:19:33.688 75 INFO cinder.api.openstack.wsgi [None req-32002af9-addc-49dd-80d8-43103f82cbb6 ede7f5200578464fbe08c9e028c4bb6c 1f0a8e4fc2254f829c626affdfe7bb81 - - default default] http://[LB_IP_ADDRESS]:8776/v3/1f0a8e4fc2254f829c626affdfe7bb81/volumes/c4d66481-59c7-4d08-a09e-39a311d5192b returned with HTTP 404
2026-01-23 01:19:33.693 73 INFO cinder.volume.api [None req-162d1cf3-da4c-45d0-b179-8d143e9b5628 5424c4c778b64291975af76382463464 0df7a9fb93c84685a014d29e40c4d7df - - default default] Delete volume request issued successfully.
2026-01-23 01:19:33.693 73 INFO cinder.api.openstack.wsgi [None req-162d1cf3-da4c-45d0-b179-8d143e9b5628 5424c4c778b64291975af76382463464 0df7a9fb93c84685a014d29e40c4d7df - - default default] http://[LB_IP_ADDRESS]:8776/v3/0df7a9fb93c84685a014d29e40c4d7df/volumes/1314392f-73d9-48b5-a658-b152efe8f25a returned with HTTP 202
2026-01-23 01:19:33.698 72 INFO cinder.api.openstack.wsgi [None req-75ce6bae-2a39-4cd4-9fa0-a892ff5919d6 ede7f5200578464fbe08c9e028c4bb6c 1f0a8e4fc2254f829c626affdfe7bb81 - - default default] DELETE http://[LB_IP_ADDRESS]:8776/v3/1f0a8e4fc2254f829c626affdfe7bb81/volumes/c4d66481-59c7-4d08-a09e-39a311d5192b
2026-01-23 01:19:33.699 72 INFO cinder.api.v3.volumes [None req-75ce6bae-2a39-4cd4-9fa0-a892ff5919d6 ede7f5200578464fbe08c9e028c4bb6c 1f0a8e4fc2254f829c626affdfe7bb81 - - default default] Delete volume with id: c4d66481-59c7-4d08-a09e-39a311d5192b 
2026-01-23 01:19:33.704 74 INFO cinder.api.openstack.wsgi [None req-a1c41b38-eeed-4194-90be-dab6a81d3bdb 5424c4c778b64291975af76382463464 0df7a9fb93c84685a014d29e40c4d7df - - default default] GET http://[LB_IP_ADDRESS]:8776/v3/0df7a9fb93c84685a014d29e40c4d7df/volumes/1314392f-73d9-48b5-a658-b152efe8f25a
2026-01-23 01:19:33.709 72 INFO cinder.api.openstack.wsgi [None req-75ce6bae-2a39-4cd4-9fa0-a892ff5919d6 ede7f5200578464fbe08c9e028c4bb6c 1f0a8e4fc2254f829c626affdfe7bb81 - - default default] http://[LB_IP_ADDRESS]:8776/v3/1f0a8e4fc2254f829c626affdfe7bb81/volumes/c4d66481-59c7-4d08-a09e-39a311d5192b returned with HTTP 404
2026-01-23 01:19:33.719 74 INFO cinder.volume.api [None req-a1c41b38-eeed-4194-90be-dab6a81d3bdb 5424c4c778b64291975af76382463464 0df7a9fb93c84685a014d29e40c4d7df - - default default] Volume info retrieved successfully.
2026-01-23 01:19:33.724 74 INFO cinder.api.openstack.wsgi [None req-a1c41b38-eeed-4194-90be-dab6a81d3bdb 5424c4c778b64291975af76382463464 0df7a9fb93c84685a014d29e40c4d7df - - default default] http://[LB_IP_ADDRESS]:8776/v3/0df7a9fb93c84685a014d29e40c4d7df/volumes/1314392f-73d9-48b5-a658-b152efe8f25a returned with HTTP 200
2026-01-23 01:19:33.728 76 INFO cinder.api.openstack.wsgi [None req-cd17b392-068c-417d-9c62-b57ee84e020f 1ab9f71e1aba42cbb5a5d089e32fa930 7ef95d886d37472fb65e5e1d1de1f14b - - default default] GET http://[LB_IP_ADDRESS]:8776/v3/7ef95d886d37472fb65e5e1d1de1f14b/os-quota-sets/7ef95d886d37472fb65e5e1d1de1f14b?usage=True
2026-01-23 01:19:33.747 75 INFO cinder.api.openstack.wsgi [None req-896b8745-71d2-4eeb-acb2-7fefe08548bc 99811762f8134fe68d0bfc4ffa31be9e 518080c9238c47c0890d15f1dd6f79b5 - - default default] GET http://[LB_IP_ADDRESS]:8776/v3/518080c9238c47c0890d15f1dd6f79b5/group_snapshots/9f6eb719-faa6-4f5b-8f0c-f8f65a2d340d
2026-01-23 01:19:33.761 75 INFO cinder.api.openstack.wsgi [None req-896b8745-71d2-4eeb-acb2-7fefe08548bc 99811762f8134fe68d0bfc4ffa31be9e 518080c9238c47c0890d15f1dd6f79b5 - - default default] http://[LB_IP_ADDRESS]:8776/v3/518080c9238c47c0890d15f1dd6f79b5/group_snapshots/9f6eb719-faa6-4f5b-8f0c-f8f65a2d340d returned with HTTP 200
2026-01-23 01:19:33.776 73 INFO cinder.api.openstack.wsgi [None req-ea7adbf3-fd7d-4203-b8a1-d8279e5ebdc9 99811762f8134fe68d0bfc4ffa31be9e 518080c9238c47c0890d15f1dd6f79b5 - - default default] GET http://[LB_IP_ADDRESS]:8776/v3/518080c9238c47c0890d15f1dd6f79b5/snapshots/detail
2026-01-23 01:19:33.783 73 INFO cinder.volume.api [None req-ea7adbf3-fd7d-4203-b8a1-d8279e5ebdc9 99811762f8134fe68d0bfc4ffa31be9e 518080c9238c47c0890d15f1dd6f79b5 - - default default] Get all snapshots completed successfully.
2026-01-23 01:19:33.784 73 INFO cinder.api.openstack.wsgi [None req-ea7adbf3-fd7d-4203-b8a1-d8279e5ebdc9 99811762f8134fe68d0bfc4ffa31be9e 518080c9238c47c0890d15f1dd6f79b5 - - default default] http://[LB_IP_ADDRESS]:8776/v3/518080c9238c47c0890d15f1dd6f79b5/snapshots/detail returned with HTTP 200
2026-01-23 01:19:33.799 72 INFO cinder.api.openstack.wsgi [None req-c189f456-3cc7-4353-8a50-bcd727941c81 99811762f8134fe68d0bfc4ffa31be9e 518080c9238c47c0890d15f1dd6f79b5 - - default default] GET http://[LB_IP_ADDRESS]:8776/v3/518080c9238c47c0890d15f1dd6f79b5/snapshots/857ff71a-5f54-4f3e-98e1-883065b9a317
2026-01-23 01:19:33.809 72 INFO cinder.volume.api [None req-c189f456-3cc7-4353-8a50-bcd727941c81 99811762f8134fe68d0bfc4ffa31be9e 518080c9238c47c0890d15f1dd6f79b5 - - default default] Snapshot retrieved successfully.
2026-01-23 01:19:33.811 72 INFO cinder.api.openstack.wsgi [None req-c189f456-3cc7-4353-8a50-bcd727941c81 99811762f8134fe68d0bfc4ffa31be9e 518080c9238c47c0890d15f1dd6f79b5 - - default default] http://[LB_IP_ADDRESS]:8776/v3/518080c9238c47c0890d15f1dd6f79b5/snapshots/857ff71a-5f54-4f3e-98e1-883065b9a317 returned with HTTP 200
2026-01-23 01:19:33.827 74 INFO cinder.api.openstack.wsgi [None req-b9c5c535-79d6-4db6-8713-64ee2be5a681 99811762f8134fe68d0bfc4ffa31be9e 518080c9238c47c0890d15f1dd6f79b5 - - default default] GET http://[LB_IP_ADDRESS]:8776/v3/518080c9238c47c0890d15f1dd6f79b5/group_snapshots/9f6eb719-faa6-4f5b-8f0c-f8f65a2d340d
2026-01-23 01:19:33.844 74 INFO cinder.api.openstack.wsgi [None req-b9c5c535-79d6-4db6-8713-64ee2be5a681 99811762f8134fe68d0bfc4ffa31be9e 518080c9238c47c0890d15f1dd6f79b5 - - default default] http://[LB_IP_ADDRESS]:8776/v3/518080c9238c47c0890d15f1dd6f79b5/group_snapshots/9f6eb719-faa6-4f5b-8f0c-f8f65a2d340d returned with HTTP 200
2026-01-23 01:19:33.856 75 INFO cinder.api.openstack.wsgi [None req-71a3c698-a39e-4588-a761-b4d309373865 99811762f8134fe68d0bfc4ffa31be9e 518080c9238c47c0890d15f1dd6f79b5 - - default default] GET http://[LB_IP_ADDRESS]:8776/v3/518080c9238c47c0890d15f1dd6f79b5/group_snapshots/detail
2026-01-23 01:19:33.870 75 INFO cinder.api.openstack.wsgi [None req-71a3c698-a39e-4588-a761-b4d309373865 99811762f8134fe68d0bfc4ffa31be9e 518080c9238c47c0890d15f1dd6f79b5 - - default default] http://[LB_IP_ADDRESS]:8776/v3/518080c9238c47c0890d15f1dd6f79b5/group_snapshots/detail returned with HTTP 200
2026-01-23 01:19:33.884 73 INFO cinder.api.openstack.wsgi [None req-f1597d59-e321-4bd7-a9b3-b3ba7ca671ae 99811762f8134fe68d0bfc4ffa31be9e 518080c9238c47c0890d15f1dd6f79b5 - - default default] DELETE http://[LB_IP_ADDRESS]:8776/v3/518080c9238c47c0890d15f1dd6f79b5/group_snapshots/9f6eb719-faa6-4f5b-8f0c-f8f65a2d340d
2026-01-23 01:19:33.885 73 INFO cinder.api.v3.group_snapshots [None req-f1597d59-e321-4bd7-a9b3-b3ba7ca671ae 99811762f8134fe68d0bfc4ffa31be9e 518080c9238c47c0890d15f1dd6f79b5 - - default default] Delete group_snapshot with id: 9f6eb719-faa6-4f5b-8f0c-f8f65a2d340d
2026-01-23 01:19:33.920 73 INFO cinder.api.openstack.wsgi [None req-f1597d59-e321-4bd7-a9b3-b3ba7ca671ae 99811762f8134fe68d0bfc4ffa31be9e 518080c9238c47c0890d15f1dd6f79b5 - - default default] http://[LB_IP_ADDRESS]:8776/v3/518080c9238c47c0890d15f1dd6f79b5/group_snapshots/9f6eb719-faa6-4f5b-8f0c-f8f65a2d340d returned with HTTP 202
2026-01-23 01:19:33.930 72 INFO cinder.api.openstack.wsgi [None req-ff82668a-1ca0-46a6-b304-923b30bbd987 99811762f8134fe68d0bfc4ffa31be9e 518080c9238c47c0890d15f1dd6f79b5 - - default default] GET http://[LB_IP_ADDRESS]:8776/v3/518080c9238c47c0890d15f1dd6f79b5/volumes/detail
2026-01-23 01:19:33.947 72 INFO cinder.volume.api [None req-ff82668a-1ca0-46a6-b304-923b30bbd987 99811762f8134fe68d0bfc4ffa31be9e 518080c9238c47c0890d15f1dd6f79b5 - - default default] Get all volumes completed successfully.
2026-01-23 01:19:33.975 72 INFO cinder.api.openstack.wsgi [None req-ff82668a-1ca0-46a6-b304-923b30bbd987 99811762f8134fe68d0bfc4ffa31be9e 518080c9238c47c0890d15f1dd6f79b5 - - default default] http://[LB_IP_ADDRESS]:8776/v3/518080c9238c47c0890d15f1dd6f79b5/volumes/detail returned with HTTP 200
2026-01-23 01:19:33.998 74 INFO cinder.api.openstack.wsgi [None req-c048d62c-98af-43a2-8811-4e1aaaf7e882 99811762f8134fe68d0bfc4ffa31be9e 518080c9238c47c0890d15f1dd6f79b5 - - default default] GET http://[LB_IP_ADDRESS]:8776/v3/518080c9238c47c0890d15f1dd6f79b5/snapshots/detail
2026-01-23 01:19:34.005 74 INFO cinder.volume.api [None req-c048d62c-98af-43a2-8811-4e1aaaf7e882 99811762f8134fe68d0bfc4ffa31be9e 518080c9238c47c0890d15f1dd6f79b5 - - default default] Get all snapshots completed successfully.
2026-01-23 01:19:34.007 74 INFO cinder.api.openstack.wsgi [None req-c048d62c-98af-43a2-8811-4e1aaaf7e882 99811762f8134fe68d0bfc4ffa31be9e 518080c9238c47c0890d15f1dd6f79b5 - - default default] http://[LB_IP_ADDRESS]:8776/v3/518080c9238c47c0890d15f1dd6f79b5/snapshots/detail returned with HTTP 200
2026-01-23 01:19:34.023 75 INFO cinder.api.openstack.wsgi [None req-30117863-94a0-494a-8243-3d8307679f2a 99811762f8134fe68d0bfc4ffa31be9e 518080c9238c47c0890d15f1dd6f79b5 - - default default] GET http://[LB_IP_ADDRESS]:8776/v3/518080c9238c47c0890d15f1dd6f79b5/snapshots/857ff71a-5f54-4f3e-98e1-883065b9a317
2026-01-23 01:19:34.032 75 INFO cinder.volume.api [None req-30117863-94a0-494a-8243-3d8307679f2a 99811762f8134fe68d0bfc4ffa31be9e 518080c9238c47c0890d15f1dd6f79b5 - - default default] Snapshot retrieved successfully.
2026-01-23 01:19:34.033 75 INFO cinder.api.openstack.wsgi [None req-30117863-94a0-494a-8243-3d8307679f2a 99811762f8134fe68d0bfc4ffa31be9e 518080c9238c47c0890d15f1dd6f79b5 - - default default] http://[LB_IP_ADDRESS]:8776/v3/518080c9238c47c0890d15f1dd6f79b5/snapshots/857ff71a-5f54-4f3e-98e1-883065b9a317 returned with HTTP 200
2026-01-23 01:19:34.094 76 WARNING cinder.quota [None req-cd17b392-068c-417d-9c62-b57ee84e020f 1ab9f71e1aba42cbb5a5d089e32fa930 7ef95d886d37472fb65e5e1d1de1f14b - - default default] Deprecated: Default quota for resource: volumes_tempest-GroupSnapshotsTest-volume-type-1735056994 is set by the default quota flag: quota_volumes_tempest-GroupSnapshotsTest-volume-type-1735056994, it is now deprecated. Please use the default quota class for default quota.
2026-01-23 01:19:34.095 76 WARNING cinder.quota [None req-cd17b392-068c-417d-9c62-b57ee84e020f 1ab9f71e1aba42cbb5a5d089e32fa930 7ef95d886d37472fb65e5e1d1de1f14b - - default default] Deprecated: Default quota for resource: gigabytes_tempest-GroupSnapshotsTest-volume-type-1735056994 is set by the default quota flag: quota_gigabytes_tempest-GroupSnapshotsTest-volume-type-1735056994, it is now deprecated. Please use the default quota class for default quota.
2026-01-23 01:19:34.095 76 WARNING cinder.quota [None req-cd17b392-068c-417d-9c62-b57ee84e020f 1ab9f71e1aba42cbb5a5d089e32fa930 7ef95d886d37472fb65e5e1d1de1f14b - - default default] Deprecated: Default quota for resource: snapshots_tempest-GroupSnapshotsTest-volume-type-1735056994 is set by the default quota flag: quota_snapshots_tempest-GroupSnapshotsTest-volume-type-1735056994, it is now deprecated. Please use the default quota class for default quota.
2026-01-23 01:19:34.185 76 INFO cinder.api.openstack.wsgi [None req-cd17b392-068c-417d-9c62-b57ee84e020f 1ab9f71e1aba42cbb5a5d089e32fa930 7ef95d886d37472fb65e5e1d1de1f14b - - default default] http://[LB_IP_ADDRESS]:8776/v3/7ef95d886d37472fb65e5e1d1de1f14b/os-quota-sets/7ef95d886d37472fb65e5e1d1de1f14b?usage=True returned with HTTP 200
2026-01-23 01:19:34.208 73 INFO cinder.api.openstack.wsgi [None req-b01f3a55-9d43-4702-953d-820f77dfb35e 1ab9f71e1aba42cbb5a5d089e32fa930 7ef95d886d37472fb65e5e1d1de1f14b - - default default] PUT http://[LB_IP_ADDRESS]:8776/v3/7ef95d886d37472fb65e5e1d1de1f14b/os-quota-sets/1f0a8e4fc2254f829c626affdfe7bb81
2026-01-23 01:19:34.515 73 WARNING cinder.quota [None req-b01f3a55-9d43-4702-953d-820f77dfb35e 1ab9f71e1aba42cbb5a5d089e32fa930 7ef95d886d37472fb65e5e1d1de1f14b - - default default] Deprecated: Default quota for resource: volumes_tempest-GroupSnapshotsTest-volume-type-1735056994 is set by the default quota flag: quota_volumes_tempest-GroupSnapshotsTest-volume-type-1735056994, it is now deprecated. Please use the default quota class for default quota.
2026-01-23 01:19:34.515 73 WARNING cinder.quota [None req-b01f3a55-9d43-4702-953d-820f77dfb35e 1ab9f71e1aba42cbb5a5d089e32fa930 7ef95d886d37472fb65e5e1d1de1f14b - - default default] Deprecated: Default quota for resource: gigabytes_tempest-GroupSnapshotsTest-volume-type-1735056994 is set by the default quota flag: quota_gigabytes_tempest-GroupSnapshotsTest-volume-type-1735056994, it is now deprecated. Please use the default quota class for default quota.
2026-01-23 01:19:34.516 73 WARNING cinder.quota [None req-b01f3a55-9d43-4702-953d-820f77dfb35e 1ab9f71e1aba42cbb5a5d089e32fa930 7ef95d886d37472fb65e5e1d1de1f14b - - default default] Deprecated: Default quota for resource: snapshots_tempest-GroupSnapshotsTest-volume-type-1735056994 is set by the default quota flag: quota_snapshots_tempest-GroupSnapshotsTest-volume-type-1735056994, it is now deprecated. Please use the default quota class for default quota.
2026-01-23 01:19:34.601 73 INFO cinder.api.openstack.wsgi [None req-b01f3a55-9d43-4702-953d-820f77dfb35e 1ab9f71e1aba42cbb5a5d089e32fa930 7ef95d886d37472fb65e5e1d1de1f14b - - default default] http://[LB_IP_ADDRESS]:8776/v3/7ef95d886d37472fb65e5e1d1de1f14b/os-quota-sets/1f0a8e4fc2254f829c626affdfe7bb81 returned with HTTP 200
2026-01-23 01:19:34.616 72 INFO cinder.api.openstack.wsgi [None req-c21cbcf1-0c7c-4a2c-9461-6454150cef8c 1ab9f71e1aba42cbb5a5d089e32fa930 7ef95d886d37472fb65e5e1d1de1f14b - - default default] PUT http://[LB_IP_ADDRESS]:8776/v3/7ef95d886d37472fb65e5e1d1de1f14b/os-quota-sets/1f0a8e4fc2254f829c626affdfe7bb81
2026-01-23 01:19:34.743 74 INFO cinder.api.openstack.wsgi [None req-b4ea783a-85e9-452a-bbd7-f3bad56c448c 5424c4c778b64291975af76382463464 0df7a9fb93c84685a014d29e40c4d7df - - default default] GET http://[LB_IP_ADDRESS]:8776/v3/0df7a9fb93c84685a014d29e40c4d7df/volumes/1314392f-73d9-48b5-a658-b152efe8f25a
2026-01-23 01:19:34.755 74 INFO cinder.api.openstack.wsgi [None req-b4ea783a-85e9-452a-bbd7-f3bad56c448c 5424c4c778b64291975af76382463464 0df7a9fb93c84685a014d29e40c4d7df - - default default] http://[LB_IP_ADDRESS]:8776/v3/0df7a9fb93c84685a014d29e40c4d7df/volumes/1314392f-73d9-48b5-a658-b152efe8f25a returned with HTTP 404
2026-01-23 01:19:34.765 75 INFO cinder.api.openstack.wsgi [None req-9ca2bc3b-591e-45dd-adc5-8fa60bb3be68 3b4966a4cd134351b56b0d92b1a03dd4 a0b7866a7ca04427b9bfe8d778ee7129 - - default default] PUT http://[LB_IP_ADDRESS]:8776/v3/a0b7866a7ca04427b9bfe8d778ee7129/os-quota-sets/0df7a9fb93c84685a014d29e40c4d7df
2026-01-23 01:19:35.050 76 INFO cinder.api.openstack.wsgi [None req-cbab44d3-7677-4e82-8c67-9d83d3e8d855 99811762f8134fe68d0bfc4ffa31be9e 518080c9238c47c0890d15f1dd6f79b5 - - default default] GET http://[LB_IP_ADDRESS]:8776/v3/518080c9238c47c0890d15f1dd6f79b5/snapshots/857ff71a-5f54-4f3e-98e1-883065b9a317
2026-01-23 01:19:35.057 76 INFO cinder.api.openstack.wsgi [None req-cbab44d3-7677-4e82-8c67-9d83d3e8d855 99811762f8134fe68d0bfc4ffa31be9e 518080c9238c47c0890d15f1dd6f79b5 - - default default] http://[LB_IP_ADDRESS]:8776/v3/518080c9238c47c0890d15f1dd6f79b5/snapshots/857ff71a-5f54-4f3e-98e1-883065b9a317 returned with HTTP 404
2026-01-23 01:19:35.071 73 INFO cinder.api.openstack.wsgi [None req-c1addd00-8da2-479a-a9f1-9b5cad5afc13 99811762f8134fe68d0bfc4ffa31be9e 518080c9238c47c0890d15f1dd6f79b5 - - default default] GET http://[LB_IP_ADDRESS]:8776/v3/518080c9238c47c0890d15f1dd6f79b5/group_snapshots/9f6eb719-faa6-4f5b-8f0c-f8f65a2d340d
2026-01-23 01:19:35.076 73 INFO cinder.api.openstack.wsgi [None req-c1addd00-8da2-479a-a9f1-9b5cad5afc13 99811762f8134fe68d0bfc4ffa31be9e 518080c9238c47c0890d15f1dd6f79b5 - - default default] http://[LB_IP_ADDRESS]:8776/v3/518080c9238c47c0890d15f1dd6f79b5/group_snapshots/9f6eb719-faa6-4f5b-8f0c-f8f65a2d340d returned with HTTP 404
2026-01-23 01:19:35.085 74 INFO cinder.api.openstack.wsgi [None req-3693e520-e740-41e7-9911-9b35dbe74f98 99811762f8134fe68d0bfc4ffa31be9e 518080c9238c47c0890d15f1dd6f79b5 - - default default] GET http://[LB_IP_ADDRESS]:8776/v3/518080c9238c47c0890d15f1dd6f79b5/group_snapshots
2026-01-23 01:19:35.091 74 INFO cinder.api.openstack.wsgi [None req-3693e520-e740-41e7-9911-9b35dbe74f98 99811762f8134fe68d0bfc4ffa31be9e 518080c9238c47c0890d15f1dd6f79b5 - - default default] http://[LB_IP_ADDRESS]:8776/v3/518080c9238c47c0890d15f1dd6f79b5/group_snapshots returned with HTTP 200
2026-01-23 01:19:35.105 76 INFO cinder.api.openstack.wsgi [None req-0f24f040-006c-4b2d-8e7a-52db549f95b7 99811762f8134fe68d0bfc4ffa31be9e 518080c9238c47c0890d15f1dd6f79b5 - - default default] DELETE http://[LB_IP_ADDRESS]:8776/v3/518080c9238c47c0890d15f1dd6f79b5/group_snapshots/9f6eb719-faa6-4f5b-8f0c-f8f65a2d340d
2026-01-23 01:19:35.106 76 INFO cinder.api.v3.group_snapshots [None req-0f24f040-006c-4b2d-8e7a-52db549f95b7 99811762f8134fe68d0bfc4ffa31be9e 518080c9238c47c0890d15f1dd6f79b5 - - default default] Delete group_snapshot with id: 9f6eb719-faa6-4f5b-8f0c-f8f65a2d340d
2026-01-23 01:19:35.110 76 INFO cinder.api.openstack.wsgi [None req-0f24f040-006c-4b2d-8e7a-52db549f95b7 99811762f8134fe68d0bfc4ffa31be9e 518080c9238c47c0890d15f1dd6f79b5 - - default default] http://[LB_IP_ADDRESS]:8776/v3/518080c9238c47c0890d15f1dd6f79b5/group_snapshots/9f6eb719-faa6-4f5b-8f0c-f8f65a2d340d returned with HTTP 404
2026-01-23 01:19:35.123 73 INFO cinder.api.openstack.wsgi [None req-65275154-ec3d-4cb9-b73b-cdc6bec8a175 99811762f8134fe68d0bfc4ffa31be9e 518080c9238c47c0890d15f1dd6f79b5 - - default default] GET http://[LB_IP_ADDRESS]:8776/v3/518080c9238c47c0890d15f1dd6f79b5/volumes/detail
2026-01-23 01:19:35.137 73 INFO cinder.volume.api [None req-65275154-ec3d-4cb9-b73b-cdc6bec8a175 99811762f8134fe68d0bfc4ffa31be9e 518080c9238c47c0890d15f1dd6f79b5 - - default default] Get all volumes completed successfully.
2026-01-23 01:19:35.172 73 INFO cinder.api.openstack.wsgi [None req-65275154-ec3d-4cb9-b73b-cdc6bec8a175 99811762f8134fe68d0bfc4ffa31be9e 518080c9238c47c0890d15f1dd6f79b5 - - default default] http://[LB_IP_ADDRESS]:8776/v3/518080c9238c47c0890d15f1dd6f79b5/volumes/detail returned with HTTP 200
2026-01-23 01:19:35.194 74 INFO cinder.api.openstack.wsgi [None req-1288f746-7a50-4124-8d80-91cfcccc7edd 99811762f8134fe68d0bfc4ffa31be9e 518080c9238c47c0890d15f1dd6f79b5 - - default default] POST http://[LB_IP_ADDRESS]:8776/v3/518080c9238c47c0890d15f1dd6f79b5/groups/0d08bd82-047b-4fae-a3b0-8714a71b181b/action
2026-01-23 01:19:35.199 74 INFO cinder.api.v3.groups [None req-1288f746-7a50-4124-8d80-91cfcccc7edd 99811762f8134fe68d0bfc4ffa31be9e 518080c9238c47c0890d15f1dd6f79b5 - - default default] Delete group with id: 0d08bd82-047b-4fae-a3b0-8714a71b181b
2026-01-23 01:19:35.214 75 INFO cinder.api.openstack.wsgi [None req-9ca2bc3b-591e-45dd-adc5-8fa60bb3be68 3b4966a4cd134351b56b0d92b1a03dd4 a0b7866a7ca04427b9bfe8d778ee7129 - - default default] http://[LB_IP_ADDRESS]:8776/v3/a0b7866a7ca04427b9bfe8d778ee7129/os-quota-sets/0df7a9fb93c84685a014d29e40c4d7df returned with HTTP 200
2026-01-23 01:19:35.230 72 INFO cinder.api.openstack.wsgi [None req-c21cbcf1-0c7c-4a2c-9461-6454150cef8c 1ab9f71e1aba42cbb5a5d089e32fa930 7ef95d886d37472fb65e5e1d1de1f14b - - default default] http://[LB_IP_ADDRESS]:8776/v3/7ef95d886d37472fb65e5e1d1de1f14b/os-quota-sets/1f0a8e4fc2254f829c626affdfe7bb81 returned with HTTP 200
2026-01-23 01:19:35.249 74 INFO cinder.api.openstack.wsgi [None req-1288f746-7a50-4124-8d80-91cfcccc7edd 99811762f8134fe68d0bfc4ffa31be9e 518080c9238c47c0890d15f1dd6f79b5 - - default default] http://[LB_IP_ADDRESS]:8776/v3/518080c9238c47c0890d15f1dd6f79b5/groups/0d08bd82-047b-4fae-a3b0-8714a71b181b/action returned with HTTP 202
2026-01-23 01:19:35.262 76 INFO cinder.api.openstack.wsgi [None req-9e61b8ce-67a6-414b-a638-6a20633af93b 99811762f8134fe68d0bfc4ffa31be9e 518080c9238c47c0890d15f1dd6f79b5 - - default default] GET http://[LB_IP_ADDRESS]:8776/v3/518080c9238c47c0890d15f1dd6f79b5/volumes/9f0be790-d941-436a-94b5-af064656a3dc
2026-01-23 01:19:35.278 76 INFO cinder.volume.api [None req-9e61b8ce-67a6-414b-a638-6a20633af93b 99811762f8134fe68d0bfc4ffa31be9e 518080c9238c47c0890d15f1dd6f79b5 - - default default] Volume info retrieved successfully.
2026-01-23 01:19:35.298 76 INFO cinder.api.openstack.wsgi [None req-9e61b8ce-67a6-414b-a638-6a20633af93b 99811762f8134fe68d0bfc4ffa31be9e 518080c9238c47c0890d15f1dd6f79b5 - - default default] http://[LB_IP_ADDRESS]:8776/v3/518080c9238c47c0890d15f1dd6f79b5/volumes/9f0be790-d941-436a-94b5-af064656a3dc returned with HTTP 200
2026-01-23 01:19:36.319 73 INFO cinder.api.openstack.wsgi [None req-f0b48e7d-025b-4610-ad55-b5f7ede77dcd 99811762f8134fe68d0bfc4ffa31be9e 518080c9238c47c0890d15f1dd6f79b5 - - default default] GET http://[LB_IP_ADDRESS]:8776/v3/518080c9238c47c0890d15f1dd6f79b5/volumes/9f0be790-d941-436a-94b5-af064656a3dc
2026-01-23 01:19:36.330 73 INFO cinder.api.openstack.wsgi [None req-f0b48e7d-025b-4610-ad55-b5f7ede77dcd 99811762f8134fe68d0bfc4ffa31be9e 518080c9238c47c0890d15f1dd6f79b5 - - default default] http://[LB_IP_ADDRESS]:8776/v3/518080c9238c47c0890d15f1dd6f79b5/volumes/9f0be790-d941-436a-94b5-af064656a3dc returned with HTTP 404
2026-01-23 01:19:36.343 75 INFO cinder.api.openstack.wsgi [None req-e31abf39-8a71-4981-a494-f751c12e5e4f 99811762f8134fe68d0bfc4ffa31be9e 518080c9238c47c0890d15f1dd6f79b5 - - default default] GET http://[LB_IP_ADDRESS]:8776/v3/518080c9238c47c0890d15f1dd6f79b5/groups/0d08bd82-047b-4fae-a3b0-8714a71b181b
2026-01-23 01:19:36.347 75 INFO cinder.api.openstack.wsgi [None req-e31abf39-8a71-4981-a494-f751c12e5e4f 99811762f8134fe68d0bfc4ffa31be9e 518080c9238c47c0890d15f1dd6f79b5 - - default default] http://[LB_IP_ADDRESS]:8776/v3/518080c9238c47c0890d15f1dd6f79b5/groups/0d08bd82-047b-4fae-a3b0-8714a71b181b returned with HTTP 404
2026-01-23 01:19:36.361 72 INFO cinder.api.openstack.wsgi [None req-7c9ec117-c637-4622-9389-6c8897c002d1 e01f7dcf9aa14f5dac451572814fd32f 821d3b95382942b1bd780bb2721db25c - - default default] DELETE http://[LB_IP_ADDRESS]:8776/v3/821d3b95382942b1bd780bb2721db25c/group_types/5162b005-a5d6-4620-8dd1-8aecf311f9ee
2026-01-23 01:19:36.376 72 INFO cinder.api.openstack.wsgi [None req-7c9ec117-c637-4622-9389-6c8897c002d1 e01f7dcf9aa14f5dac451572814fd32f 821d3b95382942b1bd780bb2721db25c - - default default] http://[LB_IP_ADDRESS]:8776/v3/821d3b95382942b1bd780bb2721db25c/group_types/5162b005-a5d6-4620-8dd1-8aecf311f9ee returned with HTTP 202
2026-01-23 01:19:36.385 74 INFO cinder.api.openstack.wsgi [None req-ed2865af-853e-48da-9830-938d808eab85 e01f7dcf9aa14f5dac451572814fd32f 821d3b95382942b1bd780bb2721db25c - - default default] DELETE http://[LB_IP_ADDRESS]:8776/v3/821d3b95382942b1bd780bb2721db25c/types/857125ed-e03f-454f-a512-7ac75b5b75cf
2026-01-23 01:19:36.428 74 INFO cinder.api.openstack.wsgi [None req-ed2865af-853e-48da-9830-938d808eab85 e01f7dcf9aa14f5dac451572814fd32f 821d3b95382942b1bd780bb2721db25c - - default default] http://[LB_IP_ADDRESS]:8776/v3/821d3b95382942b1bd780bb2721db25c/types/857125ed-e03f-454f-a512-7ac75b5b75cf returned with HTTP 202
2026-01-23 01:19:36.441 76 INFO cinder.api.openstack.wsgi [None req-9bb286d8-94e5-4e08-9afc-41e9fde745c7 e01f7dcf9aa14f5dac451572814fd32f 821d3b95382942b1bd780bb2721db25c - - default default] GET http://[LB_IP_ADDRESS]:8776/v3/821d3b95382942b1bd780bb2721db25c/types/857125ed-e03f-454f-a512-7ac75b5b75cf
2026-01-23 01:19:36.447 76 INFO cinder.api.openstack.wsgi [None req-9bb286d8-94e5-4e08-9afc-41e9fde745c7 e01f7dcf9aa14f5dac451572814fd32f 821d3b95382942b1bd780bb2721db25c - - default default] http://[LB_IP_ADDRESS]:8776/v3/821d3b95382942b1bd780bb2721db25c/types/857125ed-e03f-454f-a512-7ac75b5b75cf returned with HTTP 404
2026-01-23 01:19:39.226 73 INFO cinder.api.openstack.wsgi [None req-c1cbd4bb-b6f9-4bc9-8282-b0d3d847c24a c1df971d77544d27996ac90052c7560d 8e792c86fdb84de5ad750147125dab91 - - default default] POST http://[LB_IP_ADDRESS]:8776/v3/8e792c86fdb84de5ad750147125dab91/types
2026-01-23 01:19:39.268 73 INFO cinder.api.openstack.wsgi [None req-c1cbd4bb-b6f9-4bc9-8282-b0d3d847c24a c1df971d77544d27996ac90052c7560d 8e792c86fdb84de5ad750147125dab91 - - default default] http://[LB_IP_ADDRESS]:8776/v3/8e792c86fdb84de5ad750147125dab91/types returned with HTTP 200
2026-01-23 01:19:39.283 75 INFO cinder.api.openstack.wsgi [None req-05814e65-bd6f-465d-ae4b-70d7cabb2f4d c1df971d77544d27996ac90052c7560d 8e792c86fdb84de5ad750147125dab91 - - default default] GET http://[LB_IP_ADDRESS]:8776/v3/8e792c86fdb84de5ad750147125dab91/types/2c0d964b-0d7f-482b-b413-df75bf8a3d3a
2026-01-23 01:19:39.294 75 INFO cinder.api.openstack.wsgi [None req-05814e65-bd6f-465d-ae4b-70d7cabb2f4d c1df971d77544d27996ac90052c7560d 8e792c86fdb84de5ad750147125dab91 - - default default] http://[LB_IP_ADDRESS]:8776/v3/8e792c86fdb84de5ad750147125dab91/types/2c0d964b-0d7f-482b-b413-df75bf8a3d3a returned with HTTP 200
2026-01-23 01:19:39.305 72 INFO cinder.api.openstack.wsgi [None req-1db9a352-8cab-4584-8fd5-b95e90da3450 c1df971d77544d27996ac90052c7560d 8e792c86fdb84de5ad750147125dab91 - - default default] DELETE http://[LB_IP_ADDRESS]:8776/v3/8e792c86fdb84de5ad750147125dab91/types/2c0d964b-0d7f-482b-b413-df75bf8a3d3a
2026-01-23 01:19:39.353 72 INFO cinder.api.openstack.wsgi [None req-1db9a352-8cab-4584-8fd5-b95e90da3450 c1df971d77544d27996ac90052c7560d 8e792c86fdb84de5ad750147125dab91 - - default default] http://[LB_IP_ADDRESS]:8776/v3/8e792c86fdb84de5ad750147125dab91/types/2c0d964b-0d7f-482b-b413-df75bf8a3d3a returned with HTTP 202
2026-01-23 01:19:39.365 74 INFO cinder.api.openstack.wsgi [None req-89391326-042d-4e35-941f-77e5f1668442 c1df971d77544d27996ac90052c7560d 8e792c86fdb84de5ad750147125dab91 - - default default] GET http://[LB_IP_ADDRESS]:8776/v3/8e792c86fdb84de5ad750147125dab91/types/2c0d964b-0d7f-482b-b413-df75bf8a3d3a
2026-01-23 01:19:39.371 74 INFO cinder.api.openstack.wsgi [None req-89391326-042d-4e35-941f-77e5f1668442 c1df971d77544d27996ac90052c7560d 8e792c86fdb84de5ad750147125dab91 - - default default] http://[LB_IP_ADDRESS]:8776/v3/8e792c86fdb84de5ad750147125dab91/types/2c0d964b-0d7f-482b-b413-df75bf8a3d3a returned with HTTP 404
2026-01-23 01:19:39.384 76 INFO cinder.api.openstack.wsgi [None req-2ab90b5f-970e-4130-9f4e-d6a43c121786 c1df971d77544d27996ac90052c7560d 8e792c86fdb84de5ad750147125dab91 - - default default] POST http://[LB_IP_ADDRESS]:8776/v3/8e792c86fdb84de5ad750147125dab91/types
2026-01-23 01:19:39.416 76 INFO cinder.api.openstack.wsgi [None req-2ab90b5f-970e-4130-9f4e-d6a43c121786 c1df971d77544d27996ac90052c7560d 8e792c86fdb84de5ad750147125dab91 - - default default] http://[LB_IP_ADDRESS]:8776/v3/8e792c86fdb84de5ad750147125dab91/types returned with HTTP 200
2026-01-23 01:19:39.432 73 INFO cinder.api.openstack.wsgi [None req-28608608-415c-43ef-85f3-c23b717b0082 c1df971d77544d27996ac90052c7560d 8e792c86fdb84de5ad750147125dab91 - - default default] POST http://[LB_IP_ADDRESS]:8776/v3/8e792c86fdb84de5ad750147125dab91/types/961591ec-2a5d-4588-96d4-0e0b572581e0/encryption
2026-01-23 01:19:39.451 73 INFO cinder.api.openstack.wsgi [None req-28608608-415c-43ef-85f3-c23b717b0082 c1df971d77544d27996ac90052c7560d 8e792c86fdb84de5ad750147125dab91 - - default default] http://[LB_IP_ADDRESS]:8776/v3/8e792c86fdb84de5ad750147125dab91/types/961591ec-2a5d-4588-96d4-0e0b572581e0/encryption returned with HTTP 200
2026-01-23 01:19:39.468 75 INFO cinder.api.openstack.wsgi [None req-1914ae29-5f38-4500-9597-a992b6eaaf87 c1df971d77544d27996ac90052c7560d 8e792c86fdb84de5ad750147125dab91 - - default default] GET http://[LB_IP_ADDRESS]:8776/v3/8e792c86fdb84de5ad750147125dab91/types/961591ec-2a5d-4588-96d4-0e0b572581e0/encryption
2026-01-23 01:19:39.479 75 INFO cinder.api.openstack.wsgi [None req-1914ae29-5f38-4500-9597-a992b6eaaf87 c1df971d77544d27996ac90052c7560d 8e792c86fdb84de5ad750147125dab91 - - default default] http://[LB_IP_ADDRESS]:8776/v3/8e792c86fdb84de5ad750147125dab91/types/961591ec-2a5d-4588-96d4-0e0b572581e0/encryption returned with HTTP 200
2026-01-23 01:19:39.495 72 INFO cinder.api.openstack.wsgi [None req-6c0b290e-6948-4f81-8c37-6bd7b6d2db66 c1df971d77544d27996ac90052c7560d 8e792c86fdb84de5ad750147125dab91 - - default default] PUT http://[LB_IP_ADDRESS]:8776/v3/8e792c86fdb84de5ad750147125dab91/types/961591ec-2a5d-4588-96d4-0e0b572581e0/encryption/provider
2026-01-23 01:19:39.515 72 INFO cinder.api.openstack.wsgi [None req-6c0b290e-6948-4f81-8c37-6bd7b6d2db66 c1df971d77544d27996ac90052c7560d 8e792c86fdb84de5ad750147125dab91 - - default default] http://[LB_IP_ADDRESS]:8776/v3/8e792c86fdb84de5ad750147125dab91/types/961591ec-2a5d-4588-96d4-0e0b572581e0/encryption/provider returned with HTTP 200
2026-01-23 01:19:39.533 74 INFO cinder.api.openstack.wsgi [None req-311c95d8-5106-4115-b33e-6262cf8be770 c1df971d77544d27996ac90052c7560d 8e792c86fdb84de5ad750147125dab91 - - default default] GET http://[LB_IP_ADDRESS]:8776/v3/8e792c86fdb84de5ad750147125dab91/types/961591ec-2a5d-4588-96d4-0e0b572581e0/encryption
2026-01-23 01:19:39.540 74 INFO cinder.api.openstack.wsgi [None req-311c95d8-5106-4115-b33e-6262cf8be770 c1df971d77544d27996ac90052c7560d 8e792c86fdb84de5ad750147125dab91 - - default default] http://[LB_IP_ADDRESS]:8776/v3/8e792c86fdb84de5ad750147125dab91/types/961591ec-2a5d-4588-96d4-0e0b572581e0/encryption returned with HTTP 200
2026-01-23 01:19:39.556 76 INFO cinder.api.openstack.wsgi [None req-d87050b8-7d92-4854-a5e9-fe1ad393e412 c1df971d77544d27996ac90052c7560d 8e792c86fdb84de5ad750147125dab91 - - default default] GET http://[LB_IP_ADDRESS]:8776/v3/8e792c86fdb84de5ad750147125dab91/types/961591ec-2a5d-4588-96d4-0e0b572581e0/encryption/cipher
2026-01-23 01:19:39.566 76 INFO cinder.api.openstack.wsgi [None req-d87050b8-7d92-4854-a5e9-fe1ad393e412 c1df971d77544d27996ac90052c7560d 8e792c86fdb84de5ad750147125dab91 - - default default] http://[LB_IP_ADDRESS]:8776/v3/8e792c86fdb84de5ad750147125dab91/types/961591ec-2a5d-4588-96d4-0e0b572581e0/encryption/cipher returned with HTTP 200
2026-01-23 01:19:39.579 73 INFO cinder.api.openstack.wsgi [None req-6d01995d-cb6b-4de3-bcba-8511a4c5c12d c1df971d77544d27996ac90052c7560d 8e792c86fdb84de5ad750147125dab91 - - default default] DELETE http://[LB_IP_ADDRESS]:8776/v3/8e792c86fdb84de5ad750147125dab91/types/961591ec-2a5d-4588-96d4-0e0b572581e0/encryption/provider
2026-01-23 01:19:39.596 73 INFO cinder.api.openstack.wsgi [None req-6d01995d-cb6b-4de3-bcba-8511a4c5c12d c1df971d77544d27996ac90052c7560d 8e792c86fdb84de5ad750147125dab91 - - default default] http://[LB_IP_ADDRESS]:8776/v3/8e792c86fdb84de5ad750147125dab91/types/961591ec-2a5d-4588-96d4-0e0b572581e0/encryption/provider returned with HTTP 202
2026-01-23 01:19:39.610 75 INFO cinder.api.openstack.wsgi [None req-70fc06d8-3f9d-4c72-8458-47dd5a342b69 c1df971d77544d27996ac90052c7560d 8e792c86fdb84de5ad750147125dab91 - - default default] GET http://[LB_IP_ADDRESS]:8776/v3/8e792c86fdb84de5ad750147125dab91/types/961591ec-2a5d-4588-96d4-0e0b572581e0/encryption
2026-01-23 01:19:39.619 75 INFO cinder.api.openstack.wsgi [None req-70fc06d8-3f9d-4c72-8458-47dd5a342b69 c1df971d77544d27996ac90052c7560d 8e792c86fdb84de5ad750147125dab91 - - default default] http://[LB_IP_ADDRESS]:8776/v3/8e792c86fdb84de5ad750147125dab91/types/961591ec-2a5d-4588-96d4-0e0b572581e0/encryption returned with HTTP 200
2026-01-23 01:19:39.635 72 INFO cinder.api.openstack.wsgi [None req-d9c059bf-97a1-4798-9853-2fd66aef7f11 c1df971d77544d27996ac90052c7560d 8e792c86fdb84de5ad750147125dab91 - - default default] GET http://[LB_IP_ADDRESS]:8776/v3/8e792c86fdb84de5ad750147125dab91/types/961591ec-2a5d-4588-96d4-0e0b572581e0/encryption
2026-01-23 01:19:39.645 72 INFO cinder.api.openstack.wsgi [None req-d9c059bf-97a1-4798-9853-2fd66aef7f11 c1df971d77544d27996ac90052c7560d 8e792c86fdb84de5ad750147125dab91 - - default default] http://[LB_IP_ADDRESS]:8776/v3/8e792c86fdb84de5ad750147125dab91/types/961591ec-2a5d-4588-96d4-0e0b572581e0/encryption returned with HTTP 200
2026-01-23 01:19:39.659 74 INFO cinder.api.openstack.wsgi [None req-bb53bc3d-2717-44af-a56c-590f6a6d22cb c1df971d77544d27996ac90052c7560d 8e792c86fdb84de5ad750147125dab91 - - default default] DELETE http://[LB_IP_ADDRESS]:8776/v3/8e792c86fdb84de5ad750147125dab91/types/961591ec-2a5d-4588-96d4-0e0b572581e0
2026-01-23 01:19:39.703 74 INFO cinder.api.openstack.wsgi [None req-bb53bc3d-2717-44af-a56c-590f6a6d22cb c1df971d77544d27996ac90052c7560d 8e792c86fdb84de5ad750147125dab91 - - default default] http://[LB_IP_ADDRESS]:8776/v3/8e792c86fdb84de5ad750147125dab91/types/961591ec-2a5d-4588-96d4-0e0b572581e0 returned with HTTP 202
2026-01-23 01:19:39.715 76 INFO cinder.api.openstack.wsgi [None req-a594aaac-35e3-4ecf-bb1b-9b5e8adbc55c c1df971d77544d27996ac90052c7560d 8e792c86fdb84de5ad750147125dab91 - - default default] GET http://[LB_IP_ADDRESS]:8776/v3/8e792c86fdb84de5ad750147125dab91/types/961591ec-2a5d-4588-96d4-0e0b572581e0
2026-01-23 01:19:39.720 76 INFO cinder.api.openstack.wsgi [None req-a594aaac-35e3-4ecf-bb1b-9b5e8adbc55c c1df971d77544d27996ac90052c7560d 8e792c86fdb84de5ad750147125dab91 - - default default] http://[LB_IP_ADDRESS]:8776/v3/8e792c86fdb84de5ad750147125dab91/types/961591ec-2a5d-4588-96d4-0e0b572581e0 returned with HTTP 404
2026-01-23 01:19:39.731 73 INFO cinder.api.openstack.wsgi [None req-067965ba-5253-4b9f-8f67-56342ab23539 c1df971d77544d27996ac90052c7560d 8e792c86fdb84de5ad750147125dab91 - - default default] GET http://[LB_IP_ADDRESS]:8776/v3/8e792c86fdb84de5ad750147125dab91/types
2026-01-23 01:19:39.763 73 INFO cinder.api.openstack.wsgi [None req-067965ba-5253-4b9f-8f67-56342ab23539 c1df971d77544d27996ac90052c7560d 8e792c86fdb84de5ad750147125dab91 - - default default] http://[LB_IP_ADDRESS]:8776/v3/8e792c86fdb84de5ad750147125dab91/types returned with HTTP 200
2026-01-23 01:19:39.779 75 INFO cinder.api.openstack.wsgi [None req-b74babcf-4cd0-4548-aeab-d9c626f34913 c1df971d77544d27996ac90052c7560d 8e792c86fdb84de5ad750147125dab91 - - default default] POST http://[LB_IP_ADDRESS]:8776/v3/8e792c86fdb84de5ad750147125dab91/types
2026-01-23 01:19:39.809 75 INFO cinder.api.openstack.wsgi [None req-b74babcf-4cd0-4548-aeab-d9c626f34913 c1df971d77544d27996ac90052c7560d 8e792c86fdb84de5ad750147125dab91 - - default default] http://[LB_IP_ADDRESS]:8776/v3/8e792c86fdb84de5ad750147125dab91/types returned with HTTP 200
2026-01-23 01:19:39.824 72 INFO cinder.api.openstack.wsgi [None req-da0614fb-4c23-4015-96b9-883f80cba6dd c1df971d77544d27996ac90052c7560d 8e792c86fdb84de5ad750147125dab91 - - default default] PUT http://[LB_IP_ADDRESS]:8776/v3/8e792c86fdb84de5ad750147125dab91/types/2017e65d-2fa1-42b1-a026-1f8dd44b8a14
2026-01-23 01:19:40.246 72 INFO cinder.api.openstack.wsgi [None req-da0614fb-4c23-4015-96b9-883f80cba6dd c1df971d77544d27996ac90052c7560d 8e792c86fdb84de5ad750147125dab91 - - default default] http://[LB_IP_ADDRESS]:8776/v3/8e792c86fdb84de5ad750147125dab91/types/2017e65d-2fa1-42b1-a026-1f8dd44b8a14 returned with HTTP 200
2026-01-23 01:19:40.256 76 INFO cinder.api.openstack.wsgi [None req-4a26f717-90e9-4014-9048-919a7eab4919 c1df971d77544d27996ac90052c7560d 8e792c86fdb84de5ad750147125dab91 - - default default] GET http://[LB_IP_ADDRESS]:8776/v3/8e792c86fdb84de5ad750147125dab91/types/2017e65d-2fa1-42b1-a026-1f8dd44b8a14
2026-01-23 01:19:40.262 76 INFO cinder.api.openstack.wsgi [None req-4a26f717-90e9-4014-9048-919a7eab4919 c1df971d77544d27996ac90052c7560d 8e792c86fdb84de5ad750147125dab91 - - default default] http://[LB_IP_ADDRESS]:8776/v3/8e792c86fdb84de5ad750147125dab91/types/2017e65d-2fa1-42b1-a026-1f8dd44b8a14 returned with HTTP 200
2026-01-23 01:19:40.276 73 INFO cinder.api.openstack.wsgi [None req-429b112b-2a4a-4847-9437-293623da08a9 c1df971d77544d27996ac90052c7560d 8e792c86fdb84de5ad750147125dab91 - - default default] DELETE http://[LB_IP_ADDRESS]:8776/v3/8e792c86fdb84de5ad750147125dab91/types/2017e65d-2fa1-42b1-a026-1f8dd44b8a14
2026-01-23 01:19:40.325 73 INFO cinder.api.openstack.wsgi [None req-429b112b-2a4a-4847-9437-293623da08a9 c1df971d77544d27996ac90052c7560d 8e792c86fdb84de5ad750147125dab91 - - default default] http://[LB_IP_ADDRESS]:8776/v3/8e792c86fdb84de5ad750147125dab91/types/2017e65d-2fa1-42b1-a026-1f8dd44b8a14 returned with HTTP 202
2026-01-23 01:19:40.326 74 INFO cinder.api.openstack.wsgi [None req-e6302f9c-2858-4e0b-a918-755aad21f3b3 719773b82f5f4a8e8855e8b6847b9177 8d5fcb7c80e74405b5e98cecb4ce5c72 - - default default] POST http://[LB_IP_ADDRESS]:8776/v3/8d5fcb7c80e74405b5e98cecb4ce5c72/types
2026-01-23 01:19:40.337 75 INFO cinder.api.openstack.wsgi [None req-fb004dc5-dbd3-47cc-804f-71e2bddd31ee c1df971d77544d27996ac90052c7560d 8e792c86fdb84de5ad750147125dab91 - - default default] GET http://[LB_IP_ADDRESS]:8776/v3/8e792c86fdb84de5ad750147125dab91/types/2017e65d-2fa1-42b1-a026-1f8dd44b8a14
2026-01-23 01:19:40.344 75 INFO cinder.api.openstack.wsgi [None req-fb004dc5-dbd3-47cc-804f-71e2bddd31ee c1df971d77544d27996ac90052c7560d 8e792c86fdb84de5ad750147125dab91 - - default default] http://[LB_IP_ADDRESS]:8776/v3/8e792c86fdb84de5ad750147125dab91/types/2017e65d-2fa1-42b1-a026-1f8dd44b8a14 returned with HTTP 404
2026-01-23 01:19:40.368 74 INFO cinder.api.openstack.wsgi [None req-e6302f9c-2858-4e0b-a918-755aad21f3b3 719773b82f5f4a8e8855e8b6847b9177 8d5fcb7c80e74405b5e98cecb4ce5c72 - - default default] http://[LB_IP_ADDRESS]:8776/v3/8d5fcb7c80e74405b5e98cecb4ce5c72/types returned with HTTP 200
2026-01-23 01:19:40.380 72 INFO cinder.api.openstack.wsgi [None req-716dd5a4-2455-4bb6-9570-a94db365665b 719773b82f5f4a8e8855e8b6847b9177 8d5fcb7c80e74405b5e98cecb4ce5c72 - - default default] POST http://[LB_IP_ADDRESS]:8776/v3/8d5fcb7c80e74405b5e98cecb4ce5c72/group_types
2026-01-23 01:19:40.412 72 INFO cinder.api.openstack.wsgi [None req-716dd5a4-2455-4bb6-9570-a94db365665b 719773b82f5f4a8e8855e8b6847b9177 8d5fcb7c80e74405b5e98cecb4ce5c72 - - default default] http://[LB_IP_ADDRESS]:8776/v3/8d5fcb7c80e74405b5e98cecb4ce5c72/group_types returned with HTTP 202
2026-01-23 01:19:40.419 76 INFO cinder.api.openstack.wsgi [None req-a6f5e18c-17df-4635-8e66-eb5abaf6bc73 - - - - - -] GET http://[LB_IP_ADDRESS]:8776/
2026-01-23 01:19:40.420 76 INFO cinder.api.openstack.wsgi [None req-a6f5e18c-17df-4635-8e66-eb5abaf6bc73 - - - - - -] http://[LB_IP_ADDRESS]:8776/ returned with HTTP 300
2026-01-23 01:19:40.525 73 INFO cinder.api.openstack.wsgi [None req-c46e1b53-5afe-4f75-9f0c-60974e4e895f a0c1dc66416f4c40bbd22a019e294548 274ffda7ad0c4f97871a5d8a1cbf95ce - - default default] POST http://[LB_IP_ADDRESS]:8776/v3/274ffda7ad0c4f97871a5d8a1cbf95ce/groups
2026-01-23 01:19:40.540 73 INFO cinder.api.v3.groups [None req-c46e1b53-5afe-4f75-9f0c-60974e4e895f a0c1dc66416f4c40bbd22a019e294548 274ffda7ad0c4f97871a5d8a1cbf95ce - - default default] Creating group tempest-GroupsV314Test-Group-903014984.
2026-01-23 01:19:40.549 73 INFO cinder.volume.api [None req-c46e1b53-5afe-4f75-9f0c-60974e4e895f a0c1dc66416f4c40bbd22a019e294548 274ffda7ad0c4f97871a5d8a1cbf95ce - - default default] Availability Zones retrieved successfully.
2026-01-23 01:19:40.630 75 INFO cinder.api.openstack.wsgi [None req-e5db83c7-e7ec-46c1-8299-a02870256ce1 fcc35c1fe3384d5abb54762456169cda d50acc03de8f49efb6fa82a7e3a4c18c - - default default] POST http://[LB_IP_ADDRESS]:8776/v3/d50acc03de8f49efb6fa82a7e3a4c18c/types
2026-01-23 01:19:40.671 73 INFO cinder.api.openstack.wsgi [None req-c46e1b53-5afe-4f75-9f0c-60974e4e895f a0c1dc66416f4c40bbd22a019e294548 274ffda7ad0c4f97871a5d8a1cbf95ce - - default default] http://[LB_IP_ADDRESS]:8776/v3/274ffda7ad0c4f97871a5d8a1cbf95ce/groups returned with HTTP 202
2026-01-23 01:19:40.685 74 INFO cinder.api.openstack.wsgi [None req-c6456426-dc62-4434-b0c7-4862235cf7ff a0c1dc66416f4c40bbd22a019e294548 274ffda7ad0c4f97871a5d8a1cbf95ce - - default default] GET http://[LB_IP_ADDRESS]:8776/v3/274ffda7ad0c4f97871a5d8a1cbf95ce/groups/b60900c8-b3e2-4565-845c-5fc6006406b7
2026-01-23 01:19:40.686 75 INFO cinder.api.openstack.wsgi [None req-e5db83c7-e7ec-46c1-8299-a02870256ce1 fcc35c1fe3384d5abb54762456169cda d50acc03de8f49efb6fa82a7e3a4c18c - - default default] http://[LB_IP_ADDRESS]:8776/v3/d50acc03de8f49efb6fa82a7e3a4c18c/types returned with HTTP 200
2026-01-23 01:19:40.702 72 INFO cinder.api.openstack.wsgi [None req-0cf53d0a-d9a3-4d77-9ee5-7b54206b23e5 fcc35c1fe3384d5abb54762456169cda d50acc03de8f49efb6fa82a7e3a4c18c - - default default] POST http://[LB_IP_ADDRESS]:8776/v3/d50acc03de8f49efb6fa82a7e3a4c18c/types/abc785fb-155d-4515-aff0-24cfab4721fd/action
2026-01-23 01:19:40.708 74 INFO cinder.api.openstack.wsgi [None req-c6456426-dc62-4434-b0c7-4862235cf7ff a0c1dc66416f4c40bbd22a019e294548 274ffda7ad0c4f97871a5d8a1cbf95ce - - default default] http://[LB_IP_ADDRESS]:8776/v3/274ffda7ad0c4f97871a5d8a1cbf95ce/groups/b60900c8-b3e2-4565-845c-5fc6006406b7 returned with HTTP 200
2026-01-23 01:19:40.718 72 INFO cinder.api.openstack.wsgi [None req-0cf53d0a-d9a3-4d77-9ee5-7b54206b23e5 fcc35c1fe3384d5abb54762456169cda d50acc03de8f49efb6fa82a7e3a4c18c - - default default] http://[LB_IP_ADDRESS]:8776/v3/d50acc03de8f49efb6fa82a7e3a4c18c/types/abc785fb-155d-4515-aff0-24cfab4721fd/action returned with HTTP 202
2026-01-23 01:19:40.731 76 INFO cinder.api.openstack.wsgi [None req-e58e4d01-2f2b-4a9c-ab67-e4fbe5ee4c53 fcc35c1fe3384d5abb54762456169cda d50acc03de8f49efb6fa82a7e3a4c18c - - default default] POST http://[LB_IP_ADDRESS]:8776/v3/d50acc03de8f49efb6fa82a7e3a4c18c/types/abc785fb-155d-4515-aff0-24cfab4721fd/action
2026-01-23 01:19:40.743 76 INFO cinder.api.openstack.wsgi [None req-e58e4d01-2f2b-4a9c-ab67-e4fbe5ee4c53 fcc35c1fe3384d5abb54762456169cda d50acc03de8f49efb6fa82a7e3a4c18c - - default default] http://[LB_IP_ADDRESS]:8776/v3/d50acc03de8f49efb6fa82a7e3a4c18c/types/abc785fb-155d-4515-aff0-24cfab4721fd/action returned with HTTP 202
2026-01-23 01:19:40.758 73 INFO cinder.api.openstack.wsgi [None req-746c8efc-b256-4773-910b-ac2f26c8494f fcc35c1fe3384d5abb54762456169cda d50acc03de8f49efb6fa82a7e3a4c18c - - default default] GET http://[LB_IP_ADDRESS]:8776/v3/d50acc03de8f49efb6fa82a7e3a4c18c/types/abc785fb-155d-4515-aff0-24cfab4721fd/os-volume-type-access
2026-01-23 01:19:40.765 73 INFO cinder.api.openstack.wsgi [None req-746c8efc-b256-4773-910b-ac2f26c8494f fcc35c1fe3384d5abb54762456169cda d50acc03de8f49efb6fa82a7e3a4c18c - - default default] http://[LB_IP_ADDRESS]:8776/v3/d50acc03de8f49efb6fa82a7e3a4c18c/types/abc785fb-155d-4515-aff0-24cfab4721fd/os-volume-type-access returned with HTTP 200
2026-01-23 01:19:40.779 75 INFO cinder.api.openstack.wsgi [None req-01ea469f-a2fb-4f0d-8fd0-0b756c1c1e57 fcc35c1fe3384d5abb54762456169cda d50acc03de8f49efb6fa82a7e3a4c18c - - default default] POST http://[LB_IP_ADDRESS]:8776/v3/d50acc03de8f49efb6fa82a7e3a4c18c/types/abc785fb-155d-4515-aff0-24cfab4721fd/action
2026-01-23 01:19:40.793 75 INFO cinder.api.openstack.wsgi [None req-01ea469f-a2fb-4f0d-8fd0-0b756c1c1e57 fcc35c1fe3384d5abb54762456169cda d50acc03de8f49efb6fa82a7e3a4c18c - - default default] http://[LB_IP_ADDRESS]:8776/v3/d50acc03de8f49efb6fa82a7e3a4c18c/types/abc785fb-155d-4515-aff0-24cfab4721fd/action returned with HTTP 202
2026-01-23 01:19:40.806 74 INFO cinder.api.openstack.wsgi [None req-b617f58d-ff11-49b2-819b-983cc179b619 fcc35c1fe3384d5abb54762456169cda d50acc03de8f49efb6fa82a7e3a4c18c - - default default] POST http://[LB_IP_ADDRESS]:8776/v3/d50acc03de8f49efb6fa82a7e3a4c18c/types/abc785fb-155d-4515-aff0-24cfab4721fd/action
2026-01-23 01:19:40.825 74 INFO cinder.api.openstack.wsgi [None req-b617f58d-ff11-49b2-819b-983cc179b619 fcc35c1fe3384d5abb54762456169cda d50acc03de8f49efb6fa82a7e3a4c18c - - default default] http://[LB_IP_ADDRESS]:8776/v3/d50acc03de8f49efb6fa82a7e3a4c18c/types/abc785fb-155d-4515-aff0-24cfab4721fd/action returned with HTTP 202
2026-01-23 01:19:40.838 72 INFO cinder.api.openstack.wsgi [None req-211c358b-82be-491c-8fec-827e8ad1df1b fcc35c1fe3384d5abb54762456169cda d50acc03de8f49efb6fa82a7e3a4c18c - - default default] DELETE http://[LB_IP_ADDRESS]:8776/v3/d50acc03de8f49efb6fa82a7e3a4c18c/types/abc785fb-155d-4515-aff0-24cfab4721fd
2026-01-23 01:19:40.891 72 INFO cinder.api.openstack.wsgi [None req-211c358b-82be-491c-8fec-827e8ad1df1b fcc35c1fe3384d5abb54762456169cda d50acc03de8f49efb6fa82a7e3a4c18c - - default default] http://[LB_IP_ADDRESS]:8776/v3/d50acc03de8f49efb6fa82a7e3a4c18c/types/abc785fb-155d-4515-aff0-24cfab4721fd returned with HTTP 202
2026-01-23 01:19:40.903 76 INFO cinder.api.openstack.wsgi [None req-a9fe0360-f097-455a-98c4-e2e38aa1164b fcc35c1fe3384d5abb54762456169cda d50acc03de8f49efb6fa82a7e3a4c18c - - default default] GET http://[LB_IP_ADDRESS]:8776/v3/d50acc03de8f49efb6fa82a7e3a4c18c/types/abc785fb-155d-4515-aff0-24cfab4721fd
2026-01-23 01:19:40.908 76 INFO cinder.api.openstack.wsgi [None req-a9fe0360-f097-455a-98c4-e2e38aa1164b fcc35c1fe3384d5abb54762456169cda d50acc03de8f49efb6fa82a7e3a4c18c - - default default] http://[LB_IP_ADDRESS]:8776/v3/d50acc03de8f49efb6fa82a7e3a4c18c/types/abc785fb-155d-4515-aff0-24cfab4721fd returned with HTTP 404
2026-01-23 01:19:41.724 73 INFO cinder.api.openstack.wsgi [None req-436bb14b-2f1c-40c7-918e-53cc991d4e40 a0c1dc66416f4c40bbd22a019e294548 274ffda7ad0c4f97871a5d8a1cbf95ce - - default default] GET http://[LB_IP_ADDRESS]:8776/v3/274ffda7ad0c4f97871a5d8a1cbf95ce/groups/b60900c8-b3e2-4565-845c-5fc6006406b7
2026-01-23 01:19:41.746 73 INFO cinder.api.openstack.wsgi [None req-436bb14b-2f1c-40c7-918e-53cc991d4e40 a0c1dc66416f4c40bbd22a019e294548 274ffda7ad0c4f97871a5d8a1cbf95ce - - default default] http://[LB_IP_ADDRESS]:8776/v3/274ffda7ad0c4f97871a5d8a1cbf95ce/groups/b60900c8-b3e2-4565-845c-5fc6006406b7 returned with HTTP 200
2026-01-23 01:19:41.761 75 INFO cinder.api.openstack.wsgi [None req-9f2c25ec-fe57-47f6-8e81-e954d0225fec a0c1dc66416f4c40bbd22a019e294548 274ffda7ad0c4f97871a5d8a1cbf95ce - - default default] POST http://[LB_IP_ADDRESS]:8776/v3/274ffda7ad0c4f97871a5d8a1cbf95ce/volumes
2026-01-23 01:19:41.774 75 INFO cinder.api.v3.volumes [None req-9f2c25ec-fe57-47f6-8e81-e954d0225fec a0c1dc66416f4c40bbd22a019e294548 274ffda7ad0c4f97871a5d8a1cbf95ce - - default default] Create volume of 1 GB
2026-01-23 01:19:41.780 75 INFO cinder.volume.api [None req-9f2c25ec-fe57-47f6-8e81-e954d0225fec a0c1dc66416f4c40bbd22a019e294548 274ffda7ad0c4f97871a5d8a1cbf95ce - - default default] Availability Zones retrieved successfully.
2026-01-23 01:19:42.381 75 WARNING cinder.quota [None req-9f2c25ec-fe57-47f6-8e81-e954d0225fec a0c1dc66416f4c40bbd22a019e294548 274ffda7ad0c4f97871a5d8a1cbf95ce - - default default] Deprecated: Default quota for resource: volumes_tempest-GroupsV314Test-volume-type-1456665567 is set by the default quota flag: quota_volumes_tempest-GroupsV314Test-volume-type-1456665567, it is now deprecated. Please use the default quota class for default quota.
2026-01-23 01:19:42.382 75 WARNING cinder.quota [None req-9f2c25ec-fe57-47f6-8e81-e954d0225fec a0c1dc66416f4c40bbd22a019e294548 274ffda7ad0c4f97871a5d8a1cbf95ce - - default default] Deprecated: Default quota for resource: gigabytes_tempest-GroupsV314Test-volume-type-1456665567 is set by the default quota flag: quota_gigabytes_tempest-GroupsV314Test-volume-type-1456665567, it is now deprecated. Please use the default quota class for default quota.
2026-01-23 01:19:42.467 75 INFO cinder.volume.api [None req-9f2c25ec-fe57-47f6-8e81-e954d0225fec a0c1dc66416f4c40bbd22a019e294548 274ffda7ad0c4f97871a5d8a1cbf95ce - - default default] Create volume request issued successfully.
2026-01-23 01:19:42.491 75 INFO cinder.api.openstack.wsgi [None req-9f2c25ec-fe57-47f6-8e81-e954d0225fec a0c1dc66416f4c40bbd22a019e294548 274ffda7ad0c4f97871a5d8a1cbf95ce - - default default] http://[LB_IP_ADDRESS]:8776/v3/274ffda7ad0c4f97871a5d8a1cbf95ce/volumes returned with HTTP 202
2026-01-23 01:19:42.512 74 INFO cinder.api.openstack.wsgi [None req-5075c23f-b51a-4db6-bf23-078f9f8d9c15 a0c1dc66416f4c40bbd22a019e294548 274ffda7ad0c4f97871a5d8a1cbf95ce - - default default] GET http://[LB_IP_ADDRESS]:8776/v3/274ffda7ad0c4f97871a5d8a1cbf95ce/volumes/fa51bb5c-bf26-4195-859a-9527a16b533e
