2025-08-09 04:09:35.988 23 INFO cinder.volume.api [None req-0e9c2f7e-c66a-44be-afbf-997a80b8dcaf 5f49b31ba7dc4159b7c4f19200f1d6ea ab190025965c42a9bd241b980fb2da61 - - default default] Create volume request issued successfully.
2025-08-09 04:09:36.004 23 INFO cinder.api.openstack.wsgi [None req-0e9c2f7e-c66a-44be-afbf-997a80b8dcaf 5f49b31ba7dc4159b7c4f19200f1d6ea ab190025965c42a9bd241b980fb2da61 - - default default] http://[LB_IP_ADDRESS]:8776/v3/ab190025965c42a9bd241b980fb2da61/volumes returned with HTTP 202
2025-08-09 04:09:36.031 24 INFO cinder.api.openstack.wsgi [None req-5f0b38d0-b2c7-4ec1-a83e-bf9a0e1afad4 5f49b31ba7dc4159b7c4f19200f1d6ea ab190025965c42a9bd241b980fb2da61 - - default default] GET http://[LB_IP_ADDRESS]:8776/v3/ab190025965c42a9bd241b980fb2da61/volumes/e0881a3f-c6c3-44aa-8cc4-ba4bcc0b0af7
2025-08-09 04:09:36.050 24 INFO cinder.volume.api [None req-5f0b38d0-b2c7-4ec1-a83e-bf9a0e1afad4 5f49b31ba7dc4159b7c4f19200f1d6ea ab190025965c42a9bd241b980fb2da61 - - default default] Volume info retrieved successfully.
2025-08-09 04:09:36.077 24 INFO cinder.api.openstack.wsgi [None req-5f0b38d0-b2c7-4ec1-a83e-bf9a0e1afad4 5f49b31ba7dc4159b7c4f19200f1d6ea ab190025965c42a9bd241b980fb2da61 - - default default] http://[LB_IP_ADDRESS]:8776/v3/ab190025965c42a9bd241b980fb2da61/volumes/e0881a3f-c6c3-44aa-8cc4-ba4bcc0b0af7 returned with HTTP 200
2025-08-09 04:09:36.763 25 INFO cinder.api.openstack.wsgi [None req-3e0e4d01-2144-41f1-9b21-201c003d59fc 918ea8e792e348368209fe943b173a23 9ae2e8c0d64646aa9f562174a15f0af4 - - default default] GET http://[LB_IP_ADDRESS]:8776/v3/9ae2e8c0d64646aa9f562174a15f0af4/volumes/5cc8a8aa-eefc-44f6-ab43-7da09f6584e6
2025-08-09 04:09:36.778 25 INFO cinder.api.openstack.wsgi [None req-3e0e4d01-2144-41f1-9b21-201c003d59fc 918ea8e792e348368209fe943b173a23 9ae2e8c0d64646aa9f562174a15f0af4 - - default default] http://[LB_IP_ADDRESS]:8776/v3/9ae2e8c0d64646aa9f562174a15f0af4/volumes/5cc8a8aa-eefc-44f6-ab43-7da09f6584e6 returned with HTTP 404
2025-08-09 04:09:36.789 21 INFO cinder.api.openstack.wsgi [None req-27519c37-f34f-4b73-9272-8b66e964c7b8 918ea8e792e348368209fe943b173a23 9ae2e8c0d64646aa9f562174a15f0af4 - - default default] GET http://[LB_IP_ADDRESS]:8776/v3/9ae2e8c0d64646aa9f562174a15f0af4/volumes/1690ec07-20c4-453b-8226-8d9db986f785
2025-08-09 04:09:36.803 21 INFO cinder.api.openstack.wsgi [None req-27519c37-f34f-4b73-9272-8b66e964c7b8 918ea8e792e348368209fe943b173a23 9ae2e8c0d64646aa9f562174a15f0af4 - - default default] http://[LB_IP_ADDRESS]:8776/v3/9ae2e8c0d64646aa9f562174a15f0af4/volumes/1690ec07-20c4-453b-8226-8d9db986f785 returned with HTTP 404
2025-08-09 04:09:36.818 22 INFO cinder.api.openstack.wsgi [None req-d89919dc-33df-4a97-bb51-613d8248e769 918ea8e792e348368209fe943b173a23 9ae2e8c0d64646aa9f562174a15f0af4 - - default default] GET http://[LB_IP_ADDRESS]:8776/v3/9ae2e8c0d64646aa9f562174a15f0af4/groups/ae092e61-1e71-4a93-9c26-10dccd382ab4
2025-08-09 04:09:36.824 22 INFO cinder.api.openstack.wsgi [None req-d89919dc-33df-4a97-bb51-613d8248e769 918ea8e792e348368209fe943b173a23 9ae2e8c0d64646aa9f562174a15f0af4 - - default default] http://[LB_IP_ADDRESS]:8776/v3/9ae2e8c0d64646aa9f562174a15f0af4/groups/ae092e61-1e71-4a93-9c26-10dccd382ab4 returned with HTTP 404
2025-08-09 04:09:36.835 23 INFO cinder.api.openstack.wsgi [None req-24804e8a-8cdd-4617-8fc5-a104143872b9 ebbe7b8d44d94eefae66d01a3ce28f2f 5bffdd793b3444c4bf9cc718a9e47f21 - - default default] DELETE http://[LB_IP_ADDRESS]:8776/v3/5bffdd793b3444c4bf9cc718a9e47f21/group_types/cb892f18-fce5-4592-b96f-650db54381a4
2025-08-09 04:09:36.855 23 INFO cinder.api.openstack.wsgi [None req-24804e8a-8cdd-4617-8fc5-a104143872b9 ebbe7b8d44d94eefae66d01a3ce28f2f 5bffdd793b3444c4bf9cc718a9e47f21 - - default default] http://[LB_IP_ADDRESS]:8776/v3/5bffdd793b3444c4bf9cc718a9e47f21/group_types/cb892f18-fce5-4592-b96f-650db54381a4 returned with HTTP 202
2025-08-09 04:09:36.868 24 INFO cinder.api.openstack.wsgi [None req-b5bae34d-a87a-4997-aa04-fa633833a44f ebbe7b8d44d94eefae66d01a3ce28f2f 5bffdd793b3444c4bf9cc718a9e47f21 - - default default] DELETE http://[LB_IP_ADDRESS]:8776/v3/5bffdd793b3444c4bf9cc718a9e47f21/types/5fef9599-a408-4346-87bb-9c9ae6fbfab5
2025-08-09 04:09:36.924 24 INFO cinder.api.openstack.wsgi [None req-b5bae34d-a87a-4997-aa04-fa633833a44f ebbe7b8d44d94eefae66d01a3ce28f2f 5bffdd793b3444c4bf9cc718a9e47f21 - - default default] http://[LB_IP_ADDRESS]:8776/v3/5bffdd793b3444c4bf9cc718a9e47f21/types/5fef9599-a408-4346-87bb-9c9ae6fbfab5 returned with HTTP 202
2025-08-09 04:09:36.936 25 INFO cinder.api.openstack.wsgi [None req-395c2b17-f418-4c00-bd45-34bf19671274 ebbe7b8d44d94eefae66d01a3ce28f2f 5bffdd793b3444c4bf9cc718a9e47f21 - - default default] GET http://[LB_IP_ADDRESS]:8776/v3/5bffdd793b3444c4bf9cc718a9e47f21/types/5fef9599-a408-4346-87bb-9c9ae6fbfab5
2025-08-09 04:09:36.943 25 INFO cinder.api.openstack.wsgi [None req-395c2b17-f418-4c00-bd45-34bf19671274 ebbe7b8d44d94eefae66d01a3ce28f2f 5bffdd793b3444c4bf9cc718a9e47f21 - - default default] http://[LB_IP_ADDRESS]:8776/v3/5bffdd793b3444c4bf9cc718a9e47f21/types/5fef9599-a408-4346-87bb-9c9ae6fbfab5 returned with HTTP 404
2025-08-09 04:09:36.963 21 INFO cinder.api.openstack.wsgi [None req-42b71369-56c3-4bdd-9bbe-444e348241e1 ebbe7b8d44d94eefae66d01a3ce28f2f 5bffdd793b3444c4bf9cc718a9e47f21 - - default default] POST http://[LB_IP_ADDRESS]:8776/v3/5bffdd793b3444c4bf9cc718a9e47f21/types
2025-08-09 04:09:36.997 21 INFO cinder.api.openstack.wsgi [None req-42b71369-56c3-4bdd-9bbe-444e348241e1 ebbe7b8d44d94eefae66d01a3ce28f2f 5bffdd793b3444c4bf9cc718a9e47f21 - - default default] http://[LB_IP_ADDRESS]:8776/v3/5bffdd793b3444c4bf9cc718a9e47f21/types returned with HTTP 200
2025-08-09 04:09:37.011 22 INFO cinder.api.openstack.wsgi [None req-f7be3f8b-44dc-4912-bfeb-5726c2c9e004 ebbe7b8d44d94eefae66d01a3ce28f2f 5bffdd793b3444c4bf9cc718a9e47f21 - - default default] POST http://[LB_IP_ADDRESS]:8776/v3/5bffdd793b3444c4bf9cc718a9e47f21/group_types
2025-08-09 04:09:37.042 22 INFO cinder.api.openstack.wsgi [None req-f7be3f8b-44dc-4912-bfeb-5726c2c9e004 ebbe7b8d44d94eefae66d01a3ce28f2f 5bffdd793b3444c4bf9cc718a9e47f21 - - default default] http://[LB_IP_ADDRESS]:8776/v3/5bffdd793b3444c4bf9cc718a9e47f21/group_types returned with HTTP 202
2025-08-09 04:09:37.056 23 INFO cinder.api.openstack.wsgi [None req-e38bdb98-e48d-461a-8dc5-65230d889403 918ea8e792e348368209fe943b173a23 9ae2e8c0d64646aa9f562174a15f0af4 - - default default] POST http://[LB_IP_ADDRESS]:8776/v3/9ae2e8c0d64646aa9f562174a15f0af4/groups
2025-08-09 04:09:37.067 23 INFO cinder.api.v3.groups [None req-e38bdb98-e48d-461a-8dc5-65230d889403 918ea8e792e348368209fe943b173a23 9ae2e8c0d64646aa9f562174a15f0af4 - - default default] Creating group tempest-GroupSnapshotsTest-Group-1888696751.
2025-08-09 04:09:37.076 23 INFO cinder.volume.api [None req-e38bdb98-e48d-461a-8dc5-65230d889403 918ea8e792e348368209fe943b173a23 9ae2e8c0d64646aa9f562174a15f0af4 - - default default] Availability Zones retrieved successfully.
2025-08-09 04:09:37.123 24 INFO cinder.api.openstack.wsgi [None req-6ae468ae-fc4a-4e3a-a46a-17df4843c932 5f49b31ba7dc4159b7c4f19200f1d6ea ab190025965c42a9bd241b980fb2da61 - - default default] GET http://[LB_IP_ADDRESS]:8776/v3/ab190025965c42a9bd241b980fb2da61/volumes/e0881a3f-c6c3-44aa-8cc4-ba4bcc0b0af7
2025-08-09 04:09:37.149 24 INFO cinder.volume.api [None req-6ae468ae-fc4a-4e3a-a46a-17df4843c932 5f49b31ba7dc4159b7c4f19200f1d6ea ab190025965c42a9bd241b980fb2da61 - - default default] Volume info retrieved successfully.
2025-08-09 04:09:37.169 23 INFO cinder.api.openstack.wsgi [None req-e38bdb98-e48d-461a-8dc5-65230d889403 918ea8e792e348368209fe943b173a23 9ae2e8c0d64646aa9f562174a15f0af4 - - default default] http://[LB_IP_ADDRESS]:8776/v3/9ae2e8c0d64646aa9f562174a15f0af4/groups returned with HTTP 202
2025-08-09 04:09:37.177 24 INFO cinder.api.openstack.wsgi [None req-6ae468ae-fc4a-4e3a-a46a-17df4843c932 5f49b31ba7dc4159b7c4f19200f1d6ea ab190025965c42a9bd241b980fb2da61 - - default default] http://[LB_IP_ADDRESS]:8776/v3/ab190025965c42a9bd241b980fb2da61/volumes/e0881a3f-c6c3-44aa-8cc4-ba4bcc0b0af7 returned with HTTP 200
2025-08-09 04:09:37.181 25 INFO cinder.api.openstack.wsgi [None req-bfe74dbf-81f8-4ced-a62d-073d5eb08a55 918ea8e792e348368209fe943b173a23 9ae2e8c0d64646aa9f562174a15f0af4 - - default default] GET http://[LB_IP_ADDRESS]:8776/v3/9ae2e8c0d64646aa9f562174a15f0af4/groups/3ddf636d-3c24-409f-9002-152fed4d70e1
2025-08-09 04:09:37.203 25 INFO cinder.api.openstack.wsgi [None req-bfe74dbf-81f8-4ced-a62d-073d5eb08a55 918ea8e792e348368209fe943b173a23 9ae2e8c0d64646aa9f562174a15f0af4 - - default default] http://[LB_IP_ADDRESS]:8776/v3/9ae2e8c0d64646aa9f562174a15f0af4/groups/3ddf636d-3c24-409f-9002-152fed4d70e1 returned with HTTP 200
2025-08-09 04:09:38.207 21 INFO cinder.api.openstack.wsgi [None req-08c8ffdb-26b3-42b1-87aa-7ae691dae56c 5f49b31ba7dc4159b7c4f19200f1d6ea ab190025965c42a9bd241b980fb2da61 - - default default] GET http://[LB_IP_ADDRESS]:8776/v3/ab190025965c42a9bd241b980fb2da61/volumes/e0881a3f-c6c3-44aa-8cc4-ba4bcc0b0af7
2025-08-09 04:09:38.221 22 INFO cinder.api.openstack.wsgi [None req-1d1679a6-b7d8-4b8e-aca8-85bd499e2b45 918ea8e792e348368209fe943b173a23 9ae2e8c0d64646aa9f562174a15f0af4 - - default default] GET http://[LB_IP_ADDRESS]:8776/v3/9ae2e8c0d64646aa9f562174a15f0af4/groups/3ddf636d-3c24-409f-9002-152fed4d70e1
2025-08-09 04:09:38.233 21 INFO cinder.volume.api [None req-08c8ffdb-26b3-42b1-87aa-7ae691dae56c 5f49b31ba7dc4159b7c4f19200f1d6ea ab190025965c42a9bd241b980fb2da61 - - default default] Volume info retrieved successfully.
2025-08-09 04:09:38.245 22 INFO cinder.api.openstack.wsgi [None req-1d1679a6-b7d8-4b8e-aca8-85bd499e2b45 918ea8e792e348368209fe943b173a23 9ae2e8c0d64646aa9f562174a15f0af4 - - default default] http://[LB_IP_ADDRESS]:8776/v3/9ae2e8c0d64646aa9f562174a15f0af4/groups/3ddf636d-3c24-409f-9002-152fed4d70e1 returned with HTTP 200
2025-08-09 04:09:38.262 23 INFO cinder.api.openstack.wsgi [None req-e062fe3e-6b61-4fe7-951c-482aee3e602d 918ea8e792e348368209fe943b173a23 9ae2e8c0d64646aa9f562174a15f0af4 - - default default] POST http://[LB_IP_ADDRESS]:8776/v3/9ae2e8c0d64646aa9f562174a15f0af4/volumes
2025-08-09 04:09:38.270 21 INFO cinder.api.openstack.wsgi [None req-08c8ffdb-26b3-42b1-87aa-7ae691dae56c 5f49b31ba7dc4159b7c4f19200f1d6ea ab190025965c42a9bd241b980fb2da61 - - default default] http://[LB_IP_ADDRESS]:8776/v3/ab190025965c42a9bd241b980fb2da61/volumes/e0881a3f-c6c3-44aa-8cc4-ba4bcc0b0af7 returned with HTTP 200
2025-08-09 04:09:38.294 23 INFO cinder.api.v3.volumes [None req-e062fe3e-6b61-4fe7-951c-482aee3e602d 918ea8e792e348368209fe943b173a23 9ae2e8c0d64646aa9f562174a15f0af4 - - default default] Create volume of 1 GB
2025-08-09 04:09:38.298 24 INFO cinder.api.openstack.wsgi [None req-d6b081d5-6fea-4109-b3c6-309290806c4b 5f49b31ba7dc4159b7c4f19200f1d6ea ab190025965c42a9bd241b980fb2da61 - - default default] POST http://[LB_IP_ADDRESS]:8776/v3/ab190025965c42a9bd241b980fb2da61/volumes
2025-08-09 04:09:38.308 23 INFO cinder.volume.api [None req-e062fe3e-6b61-4fe7-951c-482aee3e602d 918ea8e792e348368209fe943b173a23 9ae2e8c0d64646aa9f562174a15f0af4 - - default default] Availability Zones retrieved successfully.
2025-08-09 04:09:38.315 24 INFO cinder.api.v3.volumes [None req-d6b081d5-6fea-4109-b3c6-309290806c4b 5f49b31ba7dc4159b7c4f19200f1d6ea ab190025965c42a9bd241b980fb2da61 - - default default] Create volume of 1 GB
2025-08-09 04:09:38.325 24 INFO cinder.volume.api [None req-d6b081d5-6fea-4109-b3c6-309290806c4b 5f49b31ba7dc4159b7c4f19200f1d6ea ab190025965c42a9bd241b980fb2da61 - - default default] Availability Zones retrieved successfully.
2025-08-09 04:09:38.495 23 WARNING cinder.quota [None req-e062fe3e-6b61-4fe7-951c-482aee3e602d 918ea8e792e348368209fe943b173a23 9ae2e8c0d64646aa9f562174a15f0af4 - - default default] Deprecated: Default quota for resource: volumes_tempest-GroupSnapshotsTest-volume-type-1931008055 is set by the default quota flag: quota_volumes_tempest-GroupSnapshotsTest-volume-type-1931008055, it is now deprecated. Please use the default quota class for default quota.
2025-08-09 04:09:38.496 23 WARNING cinder.quota [None req-e062fe3e-6b61-4fe7-951c-482aee3e602d 918ea8e792e348368209fe943b173a23 9ae2e8c0d64646aa9f562174a15f0af4 - - default default] Deprecated: Default quota for resource: gigabytes_tempest-GroupSnapshotsTest-volume-type-1931008055 is set by the default quota flag: quota_gigabytes_tempest-GroupSnapshotsTest-volume-type-1931008055, it is now deprecated. Please use the default quota class for default quota.
2025-08-09 04:09:38.515 24 WARNING cinder.quota [None req-d6b081d5-6fea-4109-b3c6-309290806c4b 5f49b31ba7dc4159b7c4f19200f1d6ea ab190025965c42a9bd241b980fb2da61 - - default default] Deprecated: Default quota for resource: volumes_tempest-GroupsTest-volume-type-1108646464 is set by the default quota flag: quota_volumes_tempest-GroupsTest-volume-type-1108646464, it is now deprecated. Please use the default quota class for default quota.
2025-08-09 04:09:38.516 24 WARNING cinder.quota [None req-d6b081d5-6fea-4109-b3c6-309290806c4b 5f49b31ba7dc4159b7c4f19200f1d6ea ab190025965c42a9bd241b980fb2da61 - - default default] Deprecated: Default quota for resource: gigabytes_tempest-GroupsTest-volume-type-1108646464 is set by the default quota flag: quota_gigabytes_tempest-GroupsTest-volume-type-1108646464, it is now deprecated. Please use the default quota class for default quota.
2025-08-09 04:09:38.595 24 INFO cinder.volume.api [None req-d6b081d5-6fea-4109-b3c6-309290806c4b 5f49b31ba7dc4159b7c4f19200f1d6ea ab190025965c42a9bd241b980fb2da61 - - default default] Create volume request issued successfully.
2025-08-09 04:09:38.595 23 INFO cinder.volume.api [None req-e062fe3e-6b61-4fe7-951c-482aee3e602d 918ea8e792e348368209fe943b173a23 9ae2e8c0d64646aa9f562174a15f0af4 - - default default] Create volume request issued successfully.
2025-08-09 04:09:38.611 24 INFO cinder.api.openstack.wsgi [None req-d6b081d5-6fea-4109-b3c6-309290806c4b 5f49b31ba7dc4159b7c4f19200f1d6ea ab190025965c42a9bd241b980fb2da61 - - default default] http://[LB_IP_ADDRESS]:8776/v3/ab190025965c42a9bd241b980fb2da61/volumes returned with HTTP 202
2025-08-09 04:09:38.617 23 INFO cinder.api.openstack.wsgi [None req-e062fe3e-6b61-4fe7-951c-482aee3e602d 918ea8e792e348368209fe943b173a23 9ae2e8c0d64646aa9f562174a15f0af4 - - default default] http://[LB_IP_ADDRESS]:8776/v3/9ae2e8c0d64646aa9f562174a15f0af4/volumes returned with HTTP 202
2025-08-09 04:09:38.635 25 INFO cinder.api.openstack.wsgi [None req-d0847871-584d-4058-a229-90b8ad6d06b7 5f49b31ba7dc4159b7c4f19200f1d6ea ab190025965c42a9bd241b980fb2da61 - - default default] GET http://[LB_IP_ADDRESS]:8776/v3/ab190025965c42a9bd241b980fb2da61/volumes/b6c879b4-a8bf-44bc-b8c4-c07712239fba
2025-08-09 04:09:38.641 22 INFO cinder.api.openstack.wsgi [None req-85f7737d-eeda-435f-9e9b-16835dbca5b0 918ea8e792e348368209fe943b173a23 9ae2e8c0d64646aa9f562174a15f0af4 - - default default] GET http://[LB_IP_ADDRESS]:8776/v3/9ae2e8c0d64646aa9f562174a15f0af4/volumes/7339716e-dc44-4df7-b378-89e09eef2f64
2025-08-09 04:09:38.656 25 INFO cinder.volume.api [None req-d0847871-584d-4058-a229-90b8ad6d06b7 5f49b31ba7dc4159b7c4f19200f1d6ea ab190025965c42a9bd241b980fb2da61 - - default default] Volume info retrieved successfully.
2025-08-09 04:09:38.661 22 INFO cinder.volume.api [None req-85f7737d-eeda-435f-9e9b-16835dbca5b0 918ea8e792e348368209fe943b173a23 9ae2e8c0d64646aa9f562174a15f0af4 - - default default] Volume info retrieved successfully.
2025-08-09 04:09:38.678 25 INFO cinder.api.openstack.wsgi [None req-d0847871-584d-4058-a229-90b8ad6d06b7 5f49b31ba7dc4159b7c4f19200f1d6ea ab190025965c42a9bd241b980fb2da61 - - default default] http://[LB_IP_ADDRESS]:8776/v3/ab190025965c42a9bd241b980fb2da61/volumes/b6c879b4-a8bf-44bc-b8c4-c07712239fba returned with HTTP 200
2025-08-09 04:09:38.682 22 INFO cinder.api.openstack.wsgi [None req-85f7737d-eeda-435f-9e9b-16835dbca5b0 918ea8e792e348368209fe943b173a23 9ae2e8c0d64646aa9f562174a15f0af4 - - default default] http://[LB_IP_ADDRESS]:8776/v3/9ae2e8c0d64646aa9f562174a15f0af4/volumes/7339716e-dc44-4df7-b378-89e09eef2f64 returned with HTTP 200
2025-08-09 04:09:39.707 21 INFO cinder.api.openstack.wsgi [None req-8d1190f7-1dc7-4831-b0f2-de6dbc62f238 5f49b31ba7dc4159b7c4f19200f1d6ea ab190025965c42a9bd241b980fb2da61 - - default default] GET http://[LB_IP_ADDRESS]:8776/v3/ab190025965c42a9bd241b980fb2da61/volumes/b6c879b4-a8bf-44bc-b8c4-c07712239fba
2025-08-09 04:09:39.711 24 INFO cinder.api.openstack.wsgi [None req-ce5a1cff-8d3f-493f-97ce-0b304f958d6c 918ea8e792e348368209fe943b173a23 9ae2e8c0d64646aa9f562174a15f0af4 - - default default] GET http://[LB_IP_ADDRESS]:8776/v3/9ae2e8c0d64646aa9f562174a15f0af4/volumes/7339716e-dc44-4df7-b378-89e09eef2f64
2025-08-09 04:09:39.734 21 INFO cinder.volume.api [None req-8d1190f7-1dc7-4831-b0f2-de6dbc62f238 5f49b31ba7dc4159b7c4f19200f1d6ea ab190025965c42a9bd241b980fb2da61 - - default default] Volume info retrieved successfully.
2025-08-09 04:09:39.736 24 INFO cinder.volume.api [None req-ce5a1cff-8d3f-493f-97ce-0b304f958d6c 918ea8e792e348368209fe943b173a23 9ae2e8c0d64646aa9f562174a15f0af4 - - default default] Volume info retrieved successfully.
2025-08-09 04:09:39.761 24 INFO cinder.api.openstack.wsgi [None req-ce5a1cff-8d3f-493f-97ce-0b304f958d6c 918ea8e792e348368209fe943b173a23 9ae2e8c0d64646aa9f562174a15f0af4 - - default default] http://[LB_IP_ADDRESS]:8776/v3/9ae2e8c0d64646aa9f562174a15f0af4/volumes/7339716e-dc44-4df7-b378-89e09eef2f64 returned with HTTP 200
2025-08-09 04:09:39.762 21 INFO cinder.api.openstack.wsgi [None req-8d1190f7-1dc7-4831-b0f2-de6dbc62f238 5f49b31ba7dc4159b7c4f19200f1d6ea ab190025965c42a9bd241b980fb2da61 - - default default] http://[LB_IP_ADDRESS]:8776/v3/ab190025965c42a9bd241b980fb2da61/volumes/b6c879b4-a8bf-44bc-b8c4-c07712239fba returned with HTTP 200
2025-08-09 04:09:40.444 23 INFO cinder.api.openstack.wsgi [None req-291036ef-3860-4e43-a588-91cf6524e291 cc79244b43744e6cbd7f7e9fd4e2e429 f0de7985f8114fd2ab8e0588c80467f1 - - default default] POST http://[LB_IP_ADDRESS]:8776/v3/f0de7985f8114fd2ab8e0588c80467f1/types
2025-08-09 04:09:40.487 23 INFO cinder.api.openstack.wsgi [None req-291036ef-3860-4e43-a588-91cf6524e291 cc79244b43744e6cbd7f7e9fd4e2e429 f0de7985f8114fd2ab8e0588c80467f1 - - default default] http://[LB_IP_ADDRESS]:8776/v3/f0de7985f8114fd2ab8e0588c80467f1/types returned with HTTP 200
2025-08-09 04:09:40.682 25 INFO cinder.api.openstack.wsgi [None req-48d045e8-34ee-428c-bcfd-c6b2161b5be5 036836276fb94f00a79e0f040f49ff06 663f48487a07489896bf6874a1065eee - - default default] POST http://[LB_IP_ADDRESS]:8776/v3/663f48487a07489896bf6874a1065eee/volumes
2025-08-09 04:09:40.694 25 INFO cinder.api.v3.volumes [None req-48d045e8-34ee-428c-bcfd-c6b2161b5be5 036836276fb94f00a79e0f040f49ff06 663f48487a07489896bf6874a1065eee - - default default] Create volume of 1 GB
2025-08-09 04:09:40.696 25 INFO cinder.volume.api [None req-48d045e8-34ee-428c-bcfd-c6b2161b5be5 036836276fb94f00a79e0f040f49ff06 663f48487a07489896bf6874a1065eee - - default default] Availability Zones retrieved successfully.
2025-08-09 04:09:40.791 24 INFO cinder.api.openstack.wsgi [None req-524acee8-e52f-4d15-aa8a-d1bc32046ddd 5f49b31ba7dc4159b7c4f19200f1d6ea ab190025965c42a9bd241b980fb2da61 - - default default] GET http://[LB_IP_ADDRESS]:8776/v3/ab190025965c42a9bd241b980fb2da61/volumes/b6c879b4-a8bf-44bc-b8c4-c07712239fba
2025-08-09 04:09:40.791 22 INFO cinder.api.openstack.wsgi [None req-953f74a7-943f-4935-b052-769e1deac2f0 918ea8e792e348368209fe943b173a23 9ae2e8c0d64646aa9f562174a15f0af4 - - default default] GET http://[LB_IP_ADDRESS]:8776/v3/9ae2e8c0d64646aa9f562174a15f0af4/volumes/7339716e-dc44-4df7-b378-89e09eef2f64
2025-08-09 04:09:40.815 24 INFO cinder.volume.api [None req-524acee8-e52f-4d15-aa8a-d1bc32046ddd 5f49b31ba7dc4159b7c4f19200f1d6ea ab190025965c42a9bd241b980fb2da61 - - default default] Volume info retrieved successfully.
2025-08-09 04:09:40.816 22 INFO cinder.volume.api [None req-953f74a7-943f-4935-b052-769e1deac2f0 918ea8e792e348368209fe943b173a23 9ae2e8c0d64646aa9f562174a15f0af4 - - default default] Volume info retrieved successfully.
2025-08-09 04:09:40.845 24 INFO cinder.api.openstack.wsgi [None req-524acee8-e52f-4d15-aa8a-d1bc32046ddd 5f49b31ba7dc4159b7c4f19200f1d6ea ab190025965c42a9bd241b980fb2da61 - - default default] http://[LB_IP_ADDRESS]:8776/v3/ab190025965c42a9bd241b980fb2da61/volumes/b6c879b4-a8bf-44bc-b8c4-c07712239fba returned with HTTP 200
2025-08-09 04:09:40.845 22 INFO cinder.api.openstack.wsgi [None req-953f74a7-943f-4935-b052-769e1deac2f0 918ea8e792e348368209fe943b173a23 9ae2e8c0d64646aa9f562174a15f0af4 - - default default] http://[LB_IP_ADDRESS]:8776/v3/9ae2e8c0d64646aa9f562174a15f0af4/volumes/7339716e-dc44-4df7-b378-89e09eef2f64 returned with HTTP 200
2025-08-09 04:09:40.874 21 INFO cinder.api.openstack.wsgi [None req-5ba48fa8-d04e-49d1-8907-be12b97896cc 5f49b31ba7dc4159b7c4f19200f1d6ea ab190025965c42a9bd241b980fb2da61 - - default default] PUT http://[LB_IP_ADDRESS]:8776/v3/ab190025965c42a9bd241b980fb2da61/groups/2a23c498-bbd7-448e-9104-1522b898cb83
2025-08-09 04:09:40.874 23 INFO cinder.api.openstack.wsgi [None req-e7e0e042-4fe0-4a5f-9ff0-7b35314a95f5 918ea8e792e348368209fe943b173a23 9ae2e8c0d64646aa9f562174a15f0af4 - - default default] POST http://[LB_IP_ADDRESS]:8776/v3/9ae2e8c0d64646aa9f562174a15f0af4/group_snapshots
2025-08-09 04:09:40.878 21 INFO cinder.api.v3.groups [None req-5ba48fa8-d04e-49d1-8907-be12b97896cc 5f49b31ba7dc4159b7c4f19200f1d6ea ab190025965c42a9bd241b980fb2da61 - - default default] Updating group 2a23c498-bbd7-448e-9104-1522b898cb83 with name new_group description: This is a new group add_volumes: None remove_volumes: b6c879b4-a8bf-44bc-b8c4-c07712239fba.
2025-08-09 04:09:40.893 23 INFO cinder.api.v3.group_snapshots [None req-e7e0e042-4fe0-4a5f-9ff0-7b35314a95f5 918ea8e792e348368209fe943b173a23 9ae2e8c0d64646aa9f562174a15f0af4 - - default default] Creating group_snapshot tempest-group_snapshot-1282116627.
2025-08-09 04:09:40.900 25 WARNING cinder.quota [None req-48d045e8-34ee-428c-bcfd-c6b2161b5be5 036836276fb94f00a79e0f040f49ff06 663f48487a07489896bf6874a1065eee - - default default] Deprecated: Default quota for resource: volumes_tempest-UserMessagesTest-volume-type-297239628 is set by the default quota flag: quota_volumes_tempest-UserMessagesTest-volume-type-297239628, it is now deprecated. Please use the default quota class for default quota.
2025-08-09 04:09:40.901 25 WARNING cinder.quota [None req-48d045e8-34ee-428c-bcfd-c6b2161b5be5 036836276fb94f00a79e0f040f49ff06 663f48487a07489896bf6874a1065eee - - default default] Deprecated: Default quota for resource: gigabytes_tempest-UserMessagesTest-volume-type-297239628 is set by the default quota flag: quota_gigabytes_tempest-UserMessagesTest-volume-type-297239628, it is now deprecated. Please use the default quota class for default quota.
2025-08-09 04:09:40.917 21 INFO cinder.api.openstack.wsgi [None req-5ba48fa8-d04e-49d1-8907-be12b97896cc 5f49b31ba7dc4159b7c4f19200f1d6ea ab190025965c42a9bd241b980fb2da61 - - default default] http://[LB_IP_ADDRESS]:8776/v3/ab190025965c42a9bd241b980fb2da61/groups/2a23c498-bbd7-448e-9104-1522b898cb83 returned with HTTP 202
2025-08-09 04:09:40.927 24 INFO cinder.api.openstack.wsgi [None req-7607a64a-ed40-4587-8e01-6f6a911d8556 5f49b31ba7dc4159b7c4f19200f1d6ea ab190025965c42a9bd241b980fb2da61 - - default default] GET http://[LB_IP_ADDRESS]:8776/v3/ab190025965c42a9bd241b980fb2da61/groups/2a23c498-bbd7-448e-9104-1522b898cb83
2025-08-09 04:09:40.945 24 INFO cinder.api.openstack.wsgi [None req-7607a64a-ed40-4587-8e01-6f6a911d8556 5f49b31ba7dc4159b7c4f19200f1d6ea ab190025965c42a9bd241b980fb2da61 - - default default] http://[LB_IP_ADDRESS]:8776/v3/ab190025965c42a9bd241b980fb2da61/groups/2a23c498-bbd7-448e-9104-1522b898cb83 returned with HTTP 200
2025-08-09 04:09:41.002 25 INFO cinder.volume.api [None req-48d045e8-34ee-428c-bcfd-c6b2161b5be5 036836276fb94f00a79e0f040f49ff06 663f48487a07489896bf6874a1065eee - - default default] Create volume request issued successfully.
2025-08-09 04:09:41.004 25 INFO cinder.api.openstack.wsgi [None req-48d045e8-34ee-428c-bcfd-c6b2161b5be5 036836276fb94f00a79e0f040f49ff06 663f48487a07489896bf6874a1065eee - - default default] http://[LB_IP_ADDRESS]:8776/v3/663f48487a07489896bf6874a1065eee/volumes returned with HTTP 202
2025-08-09 04:09:41.011 23 WARNING cinder.quota [None req-e7e0e042-4fe0-4a5f-9ff0-7b35314a95f5 918ea8e792e348368209fe943b173a23 9ae2e8c0d64646aa9f562174a15f0af4 - - default default] Deprecated: Default quota for resource: snapshots_tempest-GroupSnapshotsTest-volume-type-1931008055 is set by the default quota flag: quota_snapshots_tempest-GroupSnapshotsTest-volume-type-1931008055, it is now deprecated. Please use the default quota class for default quota.
2025-08-09 04:09:41.029 22 INFO cinder.api.openstack.wsgi [None req-14d9c021-db04-4742-9451-c63a92c5d13b 036836276fb94f00a79e0f040f49ff06 663f48487a07489896bf6874a1065eee - - default default] GET http://[LB_IP_ADDRESS]:8776/v3/663f48487a07489896bf6874a1065eee/volumes/b61a5f27-e614-4c62-b220-c06571d53664
2025-08-09 04:09:41.048 22 INFO cinder.volume.api [None req-14d9c021-db04-4742-9451-c63a92c5d13b 036836276fb94f00a79e0f040f49ff06 663f48487a07489896bf6874a1065eee - - default default] Volume info retrieved successfully.
2025-08-09 04:09:41.055 22 INFO cinder.api.openstack.wsgi [None req-14d9c021-db04-4742-9451-c63a92c5d13b 036836276fb94f00a79e0f040f49ff06 663f48487a07489896bf6874a1065eee - - default default] http://[LB_IP_ADDRESS]:8776/v3/663f48487a07489896bf6874a1065eee/volumes/b61a5f27-e614-4c62-b220-c06571d53664 returned with HTTP 200
2025-08-09 04:09:41.086 23 INFO cinder.api.openstack.wsgi [None req-e7e0e042-4fe0-4a5f-9ff0-7b35314a95f5 918ea8e792e348368209fe943b173a23 9ae2e8c0d64646aa9f562174a15f0af4 - - default default] http://[LB_IP_ADDRESS]:8776/v3/9ae2e8c0d64646aa9f562174a15f0af4/group_snapshots returned with HTTP 202
2025-08-09 04:09:41.099 21 INFO cinder.api.openstack.wsgi [None req-bbd1ac59-3e67-4ffe-80bf-e2e6671b9f7c 918ea8e792e348368209fe943b173a23 9ae2e8c0d64646aa9f562174a15f0af4 - - default default] GET http://[LB_IP_ADDRESS]:8776/v3/9ae2e8c0d64646aa9f562174a15f0af4/group_snapshots/489ad385-8e01-4aea-b0d8-6158fa9e783f
2025-08-09 04:09:41.114 21 INFO cinder.api.openstack.wsgi [None req-bbd1ac59-3e67-4ffe-80bf-e2e6671b9f7c 918ea8e792e348368209fe943b173a23 9ae2e8c0d64646aa9f562174a15f0af4 - - default default] http://[LB_IP_ADDRESS]:8776/v3/9ae2e8c0d64646aa9f562174a15f0af4/group_snapshots/489ad385-8e01-4aea-b0d8-6158fa9e783f returned with HTTP 200
2025-08-09 04:09:41.963 24 INFO cinder.api.openstack.wsgi [None req-d755885c-04f5-42e6-8d4c-f4c57cfe5021 5f49b31ba7dc4159b7c4f19200f1d6ea ab190025965c42a9bd241b980fb2da61 - - default default] GET http://[LB_IP_ADDRESS]:8776/v3/ab190025965c42a9bd241b980fb2da61/groups/2a23c498-bbd7-448e-9104-1522b898cb83
2025-08-09 04:09:41.987 24 INFO cinder.api.openstack.wsgi [None req-d755885c-04f5-42e6-8d4c-f4c57cfe5021 5f49b31ba7dc4159b7c4f19200f1d6ea ab190025965c42a9bd241b980fb2da61 - - default default] http://[LB_IP_ADDRESS]:8776/v3/ab190025965c42a9bd241b980fb2da61/groups/2a23c498-bbd7-448e-9104-1522b898cb83 returned with HTTP 200
2025-08-09 04:09:42.004 25 INFO cinder.api.openstack.wsgi [None req-bbb09578-5012-4deb-bc36-30e309fbbb89 5f49b31ba7dc4159b7c4f19200f1d6ea ab190025965c42a9bd241b980fb2da61 - - default default] GET http://[LB_IP_ADDRESS]:8776/v3/ab190025965c42a9bd241b980fb2da61/groups/2a23c498-bbd7-448e-9104-1522b898cb83
2025-08-09 04:09:42.028 25 INFO cinder.api.openstack.wsgi [None req-bbb09578-5012-4deb-bc36-30e309fbbb89 5f49b31ba7dc4159b7c4f19200f1d6ea ab190025965c42a9bd241b980fb2da61 - - default default] http://[LB_IP_ADDRESS]:8776/v3/ab190025965c42a9bd241b980fb2da61/groups/2a23c498-bbd7-448e-9104-1522b898cb83 returned with HTTP 200
2025-08-09 04:09:42.045 22 INFO cinder.api.openstack.wsgi [None req-009e49c7-7940-4176-bf4b-3b4175a0d766 5f49b31ba7dc4159b7c4f19200f1d6ea ab190025965c42a9bd241b980fb2da61 - - default default] GET http://[LB_IP_ADDRESS]:8776/v3/ab190025965c42a9bd241b980fb2da61/volumes/detail
2025-08-09 04:09:42.066 22 INFO cinder.volume.api [None req-009e49c7-7940-4176-bf4b-3b4175a0d766 5f49b31ba7dc4159b7c4f19200f1d6ea ab190025965c42a9bd241b980fb2da61 - - default default] Get all volumes completed successfully.
2025-08-09 04:09:42.083 23 INFO cinder.api.openstack.wsgi [None req-06033d63-3aaf-4a8a-b36b-b3b1017e3948 036836276fb94f00a79e0f040f49ff06 663f48487a07489896bf6874a1065eee - - default default] GET http://[LB_IP_ADDRESS]:8776/v3/663f48487a07489896bf6874a1065eee/volumes/b61a5f27-e614-4c62-b220-c06571d53664
2025-08-09 04:09:42.099 22 INFO cinder.api.openstack.wsgi [None req-009e49c7-7940-4176-bf4b-3b4175a0d766 5f49b31ba7dc4159b7c4f19200f1d6ea ab190025965c42a9bd241b980fb2da61 - - default default] http://[LB_IP_ADDRESS]:8776/v3/ab190025965c42a9bd241b980fb2da61/volumes/detail returned with HTTP 200
2025-08-09 04:09:42.107 23 INFO cinder.volume.api [None req-06033d63-3aaf-4a8a-b36b-b3b1017e3948 036836276fb94f00a79e0f040f49ff06 663f48487a07489896bf6874a1065eee - - default default] Volume info retrieved successfully.
2025-08-09 04:09:42.116 23 INFO cinder.api.openstack.wsgi [None req-06033d63-3aaf-4a8a-b36b-b3b1017e3948 036836276fb94f00a79e0f040f49ff06 663f48487a07489896bf6874a1065eee - - default default] http://[LB_IP_ADDRESS]:8776/v3/663f48487a07489896bf6874a1065eee/volumes/b61a5f27-e614-4c62-b220-c06571d53664 returned with HTTP 200
2025-08-09 04:09:42.129 21 INFO cinder.api.openstack.wsgi [None req-0068b9bb-7cbb-4dec-a6c9-31ca3b53259c 5f49b31ba7dc4159b7c4f19200f1d6ea ab190025965c42a9bd241b980fb2da61 - - default default] PUT http://[LB_IP_ADDRESS]:8776/v3/ab190025965c42a9bd241b980fb2da61/groups/2a23c498-bbd7-448e-9104-1522b898cb83
2025-08-09 04:09:42.130 24 INFO cinder.api.openstack.wsgi [None req-beeee484-3312-4a63-9c92-8493c53c3ae8 918ea8e792e348368209fe943b173a23 9ae2e8c0d64646aa9f562174a15f0af4 - - default default] GET http://[LB_IP_ADDRESS]:8776/v3/9ae2e8c0d64646aa9f562174a15f0af4/group_snapshots/489ad385-8e01-4aea-b0d8-6158fa9e783f
2025-08-09 04:09:42.133 21 INFO cinder.api.v3.groups [None req-0068b9bb-7cbb-4dec-a6c9-31ca3b53259c 5f49b31ba7dc4159b7c4f19200f1d6ea ab190025965c42a9bd241b980fb2da61 - - default default] Updating group 2a23c498-bbd7-448e-9104-1522b898cb83 with name None description: None add_volumes: b6c879b4-a8bf-44bc-b8c4-c07712239fba remove_volumes: None.
2025-08-09 04:09:42.144 25 INFO cinder.api.openstack.wsgi [None req-e36771aa-9203-49b6-8d4b-d25d534dfed8 036836276fb94f00a79e0f040f49ff06 663f48487a07489896bf6874a1065eee - - default default] GET http://[LB_IP_ADDRESS]:8776/v3/663f48487a07489896bf6874a1065eee/messages
2025-08-09 04:09:42.144 24 INFO cinder.api.openstack.wsgi [None req-beeee484-3312-4a63-9c92-8493c53c3ae8 918ea8e792e348368209fe943b173a23 9ae2e8c0d64646aa9f562174a15f0af4 - - default default] http://[LB_IP_ADDRESS]:8776/v3/9ae2e8c0d64646aa9f562174a15f0af4/group_snapshots/489ad385-8e01-4aea-b0d8-6158fa9e783f returned with HTTP 200
2025-08-09 04:09:42.153 25 INFO cinder.api.openstack.wsgi [None req-e36771aa-9203-49b6-8d4b-d25d534dfed8 036836276fb94f00a79e0f040f49ff06 663f48487a07489896bf6874a1065eee - - default default] http://[LB_IP_ADDRESS]:8776/v3/663f48487a07489896bf6874a1065eee/messages returned with HTTP 200
2025-08-09 04:09:42.169 22 INFO cinder.api.openstack.wsgi [None req-9eb449b2-0dfc-44d8-a4b7-45e12364422a 036836276fb94f00a79e0f040f49ff06 663f48487a07489896bf6874a1065eee - - default default] DELETE http://[LB_IP_ADDRESS]:8776/v3/663f48487a07489896bf6874a1065eee/messages/35dc5f8a-2eb7-4dca-a37d-2c05d9daead6
2025-08-09 04:09:42.184 22 INFO cinder.api.openstack.wsgi [None req-9eb449b2-0dfc-44d8-a4b7-45e12364422a 036836276fb94f00a79e0f040f49ff06 663f48487a07489896bf6874a1065eee - - default default] http://[LB_IP_ADDRESS]:8776/v3/663f48487a07489896bf6874a1065eee/messages/35dc5f8a-2eb7-4dca-a37d-2c05d9daead6 returned with HTTP 204
2025-08-09 04:09:42.195 21 INFO cinder.api.openstack.wsgi [None req-0068b9bb-7cbb-4dec-a6c9-31ca3b53259c 5f49b31ba7dc4159b7c4f19200f1d6ea ab190025965c42a9bd241b980fb2da61 - - default default] http://[LB_IP_ADDRESS]:8776/v3/ab190025965c42a9bd241b980fb2da61/groups/2a23c498-bbd7-448e-9104-1522b898cb83 returned with HTTP 202
2025-08-09 04:09:42.195 23 INFO cinder.api.openstack.wsgi [None req-32fae32a-3998-4ec5-9bf5-2bb32e2283b0 036836276fb94f00a79e0f040f49ff06 663f48487a07489896bf6874a1065eee - - default default] GET http://[LB_IP_ADDRESS]:8776/v3/663f48487a07489896bf6874a1065eee/messages/35dc5f8a-2eb7-4dca-a37d-2c05d9daead6
2025-08-09 04:09:42.201 23 INFO cinder.api.openstack.wsgi [None req-32fae32a-3998-4ec5-9bf5-2bb32e2283b0 036836276fb94f00a79e0f040f49ff06 663f48487a07489896bf6874a1065eee - - default default] http://[LB_IP_ADDRESS]:8776/v3/663f48487a07489896bf6874a1065eee/messages/35dc5f8a-2eb7-4dca-a37d-2c05d9daead6 returned with HTTP 404
2025-08-09 04:09:42.207 24 INFO cinder.api.openstack.wsgi [None req-22a93b4a-e175-482e-b932-4da9aa96678e 5f49b31ba7dc4159b7c4f19200f1d6ea ab190025965c42a9bd241b980fb2da61 - - default default] GET http://[LB_IP_ADDRESS]:8776/v3/ab190025965c42a9bd241b980fb2da61/groups/2a23c498-bbd7-448e-9104-1522b898cb83
2025-08-09 04:09:42.213 25 INFO cinder.api.openstack.wsgi [None req-a9e2f174-6061-4963-883c-eb07efb4bfff 036836276fb94f00a79e0f040f49ff06 663f48487a07489896bf6874a1065eee - - default default] GET http://[LB_IP_ADDRESS]:8776/v3/663f48487a07489896bf6874a1065eee/volumes/b61a5f27-e614-4c62-b220-c06571d53664
2025-08-09 04:09:42.232 24 INFO cinder.api.openstack.wsgi [None req-22a93b4a-e175-482e-b932-4da9aa96678e 5f49b31ba7dc4159b7c4f19200f1d6ea ab190025965c42a9bd241b980fb2da61 - - default default] http://[LB_IP_ADDRESS]:8776/v3/ab190025965c42a9bd241b980fb2da61/groups/2a23c498-bbd7-448e-9104-1522b898cb83 returned with HTTP 200
2025-08-09 04:09:42.239 25 INFO cinder.volume.api [None req-a9e2f174-6061-4963-883c-eb07efb4bfff 036836276fb94f00a79e0f040f49ff06 663f48487a07489896bf6874a1065eee - - default default] Volume info retrieved successfully.
2025-08-09 04:09:42.248 25 INFO cinder.api.openstack.wsgi [None req-a9e2f174-6061-4963-883c-eb07efb4bfff 036836276fb94f00a79e0f040f49ff06 663f48487a07489896bf6874a1065eee - - default default] http://[LB_IP_ADDRESS]:8776/v3/663f48487a07489896bf6874a1065eee/volumes/b61a5f27-e614-4c62-b220-c06571d53664 returned with HTTP 200
2025-08-09 04:09:42.275 22 INFO cinder.api.openstack.wsgi [None req-f90a0d22-92cc-417d-b11f-d7287d9b8fbc 036836276fb94f00a79e0f040f49ff06 663f48487a07489896bf6874a1065eee - - default default] DELETE http://[LB_IP_ADDRESS]:8776/v3/663f48487a07489896bf6874a1065eee/volumes/b61a5f27-e614-4c62-b220-c06571d53664
2025-08-09 04:09:42.276 22 INFO cinder.api.v3.volumes [None req-f90a0d22-92cc-417d-b11f-d7287d9b8fbc 036836276fb94f00a79e0f040f49ff06 663f48487a07489896bf6874a1065eee - - default default] Delete volume with id: b61a5f27-e614-4c62-b220-c06571d53664 
2025-08-09 04:09:42.295 22 INFO cinder.volume.api [None req-f90a0d22-92cc-417d-b11f-d7287d9b8fbc 036836276fb94f00a79e0f040f49ff06 663f48487a07489896bf6874a1065eee - - default default] Volume info retrieved successfully.
2025-08-09 04:09:42.388 22 WARNING cinder.quota [None req-f90a0d22-92cc-417d-b11f-d7287d9b8fbc 036836276fb94f00a79e0f040f49ff06 663f48487a07489896bf6874a1065eee - - default default] Deprecated: Default quota for resource: volumes_tempest-UserMessagesTest-volume-type-297239628 is set by the default quota flag: quota_volumes_tempest-UserMessagesTest-volume-type-297239628, it is now deprecated. Please use the default quota class for default quota.
2025-08-09 04:09:42.389 22 WARNING cinder.quota [None req-f90a0d22-92cc-417d-b11f-d7287d9b8fbc 036836276fb94f00a79e0f040f49ff06 663f48487a07489896bf6874a1065eee - - default default] Deprecated: Default quota for resource: gigabytes_tempest-UserMessagesTest-volume-type-297239628 is set by the default quota flag: quota_gigabytes_tempest-UserMessagesTest-volume-type-297239628, it is now deprecated. Please use the default quota class for default quota.
2025-08-09 04:09:42.443 22 INFO cinder.volume.api [None req-f90a0d22-92cc-417d-b11f-d7287d9b8fbc 036836276fb94f00a79e0f040f49ff06 663f48487a07489896bf6874a1065eee - - default default] Delete volume request issued successfully.
2025-08-09 04:09:42.445 22 INFO cinder.api.openstack.wsgi [None req-f90a0d22-92cc-417d-b11f-d7287d9b8fbc 036836276fb94f00a79e0f040f49ff06 663f48487a07489896bf6874a1065eee - - default default] http://[LB_IP_ADDRESS]:8776/v3/663f48487a07489896bf6874a1065eee/volumes/b61a5f27-e614-4c62-b220-c06571d53664 returned with HTTP 202
2025-08-09 04:09:42.457 21 INFO cinder.api.openstack.wsgi [None req-e554873b-3f28-4606-8b13-f2e672911cf3 036836276fb94f00a79e0f040f49ff06 663f48487a07489896bf6874a1065eee - - default default] GET http://[LB_IP_ADDRESS]:8776/v3/663f48487a07489896bf6874a1065eee/volumes/b61a5f27-e614-4c62-b220-c06571d53664
2025-08-09 04:09:42.472 21 INFO cinder.api.openstack.wsgi [None req-e554873b-3f28-4606-8b13-f2e672911cf3 036836276fb94f00a79e0f040f49ff06 663f48487a07489896bf6874a1065eee - - default default] http://[LB_IP_ADDRESS]:8776/v3/663f48487a07489896bf6874a1065eee/volumes/b61a5f27-e614-4c62-b220-c06571d53664 returned with HTTP 404
2025-08-09 04:09:42.484 23 INFO cinder.api.openstack.wsgi [None req-d66062c2-eadc-4a46-a79d-fd041bcb2462 cc79244b43744e6cbd7f7e9fd4e2e429 f0de7985f8114fd2ab8e0588c80467f1 - - default default] DELETE http://[LB_IP_ADDRESS]:8776/v3/f0de7985f8114fd2ab8e0588c80467f1/types/976caad0-d394-478e-9f01-9afe6d53ff46
2025-08-09 04:09:42.529 23 INFO cinder.api.openstack.wsgi [None req-d66062c2-eadc-4a46-a79d-fd041bcb2462 cc79244b43744e6cbd7f7e9fd4e2e429 f0de7985f8114fd2ab8e0588c80467f1 - - default default] http://[LB_IP_ADDRESS]:8776/v3/f0de7985f8114fd2ab8e0588c80467f1/types/976caad0-d394-478e-9f01-9afe6d53ff46 returned with HTTP 202
2025-08-09 04:09:42.539 24 INFO cinder.api.openstack.wsgi [None req-36d298a0-f8bb-4949-9cdc-414700435435 cc79244b43744e6cbd7f7e9fd4e2e429 f0de7985f8114fd2ab8e0588c80467f1 - - default default] GET http://[LB_IP_ADDRESS]:8776/v3/f0de7985f8114fd2ab8e0588c80467f1/types/976caad0-d394-478e-9f01-9afe6d53ff46
2025-08-09 04:09:42.544 24 INFO cinder.api.openstack.wsgi [None req-36d298a0-f8bb-4949-9cdc-414700435435 cc79244b43744e6cbd7f7e9fd4e2e429 f0de7985f8114fd2ab8e0588c80467f1 - - default default] http://[LB_IP_ADDRESS]:8776/v3/f0de7985f8114fd2ab8e0588c80467f1/types/976caad0-d394-478e-9f01-9afe6d53ff46 returned with HTTP 404
2025-08-09 04:09:42.557 25 INFO cinder.api.openstack.wsgi [None req-7ba98688-6da1-4c04-83ee-ff3e394b100d cc79244b43744e6cbd7f7e9fd4e2e429 f0de7985f8114fd2ab8e0588c80467f1 - - default default] POST http://[LB_IP_ADDRESS]:8776/v3/f0de7985f8114fd2ab8e0588c80467f1/types
2025-08-09 04:09:42.593 25 INFO cinder.api.openstack.wsgi [None req-7ba98688-6da1-4c04-83ee-ff3e394b100d cc79244b43744e6cbd7f7e9fd4e2e429 f0de7985f8114fd2ab8e0588c80467f1 - - default default] http://[LB_IP_ADDRESS]:8776/v3/f0de7985f8114fd2ab8e0588c80467f1/types returned with HTTP 200
2025-08-09 04:09:42.608 22 INFO cinder.api.openstack.wsgi [None req-eea9e8ed-33f6-4de4-975b-12bcc4981300 036836276fb94f00a79e0f040f49ff06 663f48487a07489896bf6874a1065eee - - default default] POST http://[LB_IP_ADDRESS]:8776/v3/663f48487a07489896bf6874a1065eee/volumes
2025-08-09 04:09:42.621 22 INFO cinder.api.v3.volumes [None req-eea9e8ed-33f6-4de4-975b-12bcc4981300 036836276fb94f00a79e0f040f49ff06 663f48487a07489896bf6874a1065eee - - default default] Create volume of 1 GB
2025-08-09 04:09:42.623 22 INFO cinder.volume.api [None req-eea9e8ed-33f6-4de4-975b-12bcc4981300 036836276fb94f00a79e0f040f49ff06 663f48487a07489896bf6874a1065eee - - default default] Availability Zones retrieved successfully.
2025-08-09 04:09:42.806 22 WARNING cinder.quota [None req-eea9e8ed-33f6-4de4-975b-12bcc4981300 036836276fb94f00a79e0f040f49ff06 663f48487a07489896bf6874a1065eee - - default default] Deprecated: Default quota for resource: volumes_tempest-UserMessagesTest-volume-type-1638661488 is set by the default quota flag: quota_volumes_tempest-UserMessagesTest-volume-type-1638661488, it is now deprecated. Please use the default quota class for default quota.
2025-08-09 04:09:42.807 22 WARNING cinder.quota [None req-eea9e8ed-33f6-4de4-975b-12bcc4981300 036836276fb94f00a79e0f040f49ff06 663f48487a07489896bf6874a1065eee - - default default] Deprecated: Default quota for resource: gigabytes_tempest-UserMessagesTest-volume-type-1638661488 is set by the default quota flag: quota_gigabytes_tempest-UserMessagesTest-volume-type-1638661488, it is now deprecated. Please use the default quota class for default quota.
2025-08-09 04:09:42.896 22 INFO cinder.volume.api [None req-eea9e8ed-33f6-4de4-975b-12bcc4981300 036836276fb94f00a79e0f040f49ff06 663f48487a07489896bf6874a1065eee - - default default] Create volume request issued successfully.
2025-08-09 04:09:42.898 22 INFO cinder.api.openstack.wsgi [None req-eea9e8ed-33f6-4de4-975b-12bcc4981300 036836276fb94f00a79e0f040f49ff06 663f48487a07489896bf6874a1065eee - - default default] http://[LB_IP_ADDRESS]:8776/v3/663f48487a07489896bf6874a1065eee/volumes returned with HTTP 202
2025-08-09 04:09:42.922 21 INFO cinder.api.openstack.wsgi [None req-b8c70440-c290-4e5f-8f34-173cded4e4e0 036836276fb94f00a79e0f040f49ff06 663f48487a07489896bf6874a1065eee - - default default] GET http://[LB_IP_ADDRESS]:8776/v3/663f48487a07489896bf6874a1065eee/volumes/e7d34bc5-5c64-42fe-a7a0-876d9db518bd
2025-08-09 04:09:42.942 21 INFO cinder.volume.api [None req-b8c70440-c290-4e5f-8f34-173cded4e4e0 036836276fb94f00a79e0f040f49ff06 663f48487a07489896bf6874a1065eee - - default default] Volume info retrieved successfully.
2025-08-09 04:09:42.950 21 INFO cinder.api.openstack.wsgi [None req-b8c70440-c290-4e5f-8f34-173cded4e4e0 036836276fb94f00a79e0f040f49ff06 663f48487a07489896bf6874a1065eee - - default default] http://[LB_IP_ADDRESS]:8776/v3/663f48487a07489896bf6874a1065eee/volumes/e7d34bc5-5c64-42fe-a7a0-876d9db518bd returned with HTTP 200
2025-08-09 04:09:43.161 23 INFO cinder.api.openstack.wsgi [None req-04632077-5f6c-4155-8b96-4313369b8f33 918ea8e792e348368209fe943b173a23 9ae2e8c0d64646aa9f562174a15f0af4 - - default default] GET http://[LB_IP_ADDRESS]:8776/v3/9ae2e8c0d64646aa9f562174a15f0af4/group_snapshots/489ad385-8e01-4aea-b0d8-6158fa9e783f
2025-08-09 04:09:43.176 23 INFO cinder.api.openstack.wsgi [None req-04632077-5f6c-4155-8b96-4313369b8f33 918ea8e792e348368209fe943b173a23 9ae2e8c0d64646aa9f562174a15f0af4 - - default default] http://[LB_IP_ADDRESS]:8776/v3/9ae2e8c0d64646aa9f562174a15f0af4/group_snapshots/489ad385-8e01-4aea-b0d8-6158fa9e783f returned with HTTP 200
2025-08-09 04:09:43.192 24 INFO cinder.api.openstack.wsgi [None req-ec47269f-de75-44a9-a677-a054ab7950dc 918ea8e792e348368209fe943b173a23 9ae2e8c0d64646aa9f562174a15f0af4 - - default default] GET http://[LB_IP_ADDRESS]:8776/v3/9ae2e8c0d64646aa9f562174a15f0af4/snapshots/detail
2025-08-09 04:09:43.205 24 INFO cinder.volume.api [None req-ec47269f-de75-44a9-a677-a054ab7950dc 918ea8e792e348368209fe943b173a23 9ae2e8c0d64646aa9f562174a15f0af4 - - default default] Get all snapshots completed successfully.
2025-08-09 04:09:43.207 24 INFO cinder.api.openstack.wsgi [None req-ec47269f-de75-44a9-a677-a054ab7950dc 918ea8e792e348368209fe943b173a23 9ae2e8c0d64646aa9f562174a15f0af4 - - default default] http://[LB_IP_ADDRESS]:8776/v3/9ae2e8c0d64646aa9f562174a15f0af4/snapshots/detail returned with HTTP 200
2025-08-09 04:09:43.225 25 INFO cinder.api.openstack.wsgi [None req-26270e3d-c008-4d92-b26c-4f008081228f 918ea8e792e348368209fe943b173a23 9ae2e8c0d64646aa9f562174a15f0af4 - - default default] GET http://[LB_IP_ADDRESS]:8776/v3/9ae2e8c0d64646aa9f562174a15f0af4/snapshots/98c3ddd0-ee14-4a53-8860-135efec583ef
2025-08-09 04:09:43.239 25 INFO cinder.volume.api [None req-26270e3d-c008-4d92-b26c-4f008081228f 918ea8e792e348368209fe943b173a23 9ae2e8c0d64646aa9f562174a15f0af4 - - default default] Snapshot retrieved successfully.
2025-08-09 04:09:43.241 25 INFO cinder.api.openstack.wsgi [None req-26270e3d-c008-4d92-b26c-4f008081228f 918ea8e792e348368209fe943b173a23 9ae2e8c0d64646aa9f562174a15f0af4 - - default default] http://[LB_IP_ADDRESS]:8776/v3/9ae2e8c0d64646aa9f562174a15f0af4/snapshots/98c3ddd0-ee14-4a53-8860-135efec583ef returned with HTTP 200
2025-08-09 04:09:43.250 22 INFO cinder.api.openstack.wsgi [None req-58f2de09-4c6a-441c-9835-0017f731bd3c 5f49b31ba7dc4159b7c4f19200f1d6ea ab190025965c42a9bd241b980fb2da61 - - default default] GET http://[LB_IP_ADDRESS]:8776/v3/ab190025965c42a9bd241b980fb2da61/groups/2a23c498-bbd7-448e-9104-1522b898cb83
2025-08-09 04:09:43.258 21 INFO cinder.api.openstack.wsgi [None req-b5481a0c-7011-4739-8713-62ef38d726bd 918ea8e792e348368209fe943b173a23 9ae2e8c0d64646aa9f562174a15f0af4 - - default default] GET http://[LB_IP_ADDRESS]:8776/v3/9ae2e8c0d64646aa9f562174a15f0af4/group_snapshots/489ad385-8e01-4aea-b0d8-6158fa9e783f
2025-08-09 04:09:43.272 21 INFO cinder.api.openstack.wsgi [None req-b5481a0c-7011-4739-8713-62ef38d726bd 918ea8e792e348368209fe943b173a23 9ae2e8c0d64646aa9f562174a15f0af4 - - default default] http://[LB_IP_ADDRESS]:8776/v3/9ae2e8c0d64646aa9f562174a15f0af4/group_snapshots/489ad385-8e01-4aea-b0d8-6158fa9e783f returned with HTTP 200
2025-08-09 04:09:43.273 22 INFO cinder.api.openstack.wsgi [None req-58f2de09-4c6a-441c-9835-0017f731bd3c 5f49b31ba7dc4159b7c4f19200f1d6ea ab190025965c42a9bd241b980fb2da61 - - default default] http://[LB_IP_ADDRESS]:8776/v3/ab190025965c42a9bd241b980fb2da61/groups/2a23c498-bbd7-448e-9104-1522b898cb83 returned with HTTP 200
2025-08-09 04:09:43.288 23 INFO cinder.api.openstack.wsgi [None req-53b3b13b-76ae-49a9-9360-b8d9fb4ac343 918ea8e792e348368209fe943b173a23 9ae2e8c0d64646aa9f562174a15f0af4 - - default default] GET http://[LB_IP_ADDRESS]:8776/v3/9ae2e8c0d64646aa9f562174a15f0af4/group_snapshots/detail
2025-08-09 04:09:43.289 24 INFO cinder.api.openstack.wsgi [None req-e6c2ef52-7b3f-4310-8323-40cb68a99710 5f49b31ba7dc4159b7c4f19200f1d6ea ab190025965c42a9bd241b980fb2da61 - - default default] GET http://[LB_IP_ADDRESS]:8776/v3/ab190025965c42a9bd241b980fb2da61/volumes/detail
2025-08-09 04:09:43.303 23 INFO cinder.api.openstack.wsgi [None req-53b3b13b-76ae-49a9-9360-b8d9fb4ac343 918ea8e792e348368209fe943b173a23 9ae2e8c0d64646aa9f562174a15f0af4 - - default default] http://[LB_IP_ADDRESS]:8776/v3/9ae2e8c0d64646aa9f562174a15f0af4/group_snapshots/detail returned with HTTP 200
2025-08-09 04:09:43.310 24 INFO cinder.volume.api [None req-e6c2ef52-7b3f-4310-8323-40cb68a99710 5f49b31ba7dc4159b7c4f19200f1d6ea ab190025965c42a9bd241b980fb2da61 - - default default] Get all volumes completed successfully.
2025-08-09 04:09:43.318 25 INFO cinder.api.openstack.wsgi [None req-99de7fc7-21df-455c-8e69-83717bc99de9 918ea8e792e348368209fe943b173a23 9ae2e8c0d64646aa9f562174a15f0af4 - - default default] DELETE http://[LB_IP_ADDRESS]:8776/v3/9ae2e8c0d64646aa9f562174a15f0af4/group_snapshots/489ad385-8e01-4aea-b0d8-6158fa9e783f
2025-08-09 04:09:43.319 25 INFO cinder.api.v3.group_snapshots [None req-99de7fc7-21df-455c-8e69-83717bc99de9 918ea8e792e348368209fe943b173a23 9ae2e8c0d64646aa9f562174a15f0af4 - - default default] Delete group_snapshot with id: 489ad385-8e01-4aea-b0d8-6158fa9e783f
2025-08-09 04:09:43.363 24 INFO cinder.api.openstack.wsgi [None req-e6c2ef52-7b3f-4310-8323-40cb68a99710 5f49b31ba7dc4159b7c4f19200f1d6ea ab190025965c42a9bd241b980fb2da61 - - default default] http://[LB_IP_ADDRESS]:8776/v3/ab190025965c42a9bd241b980fb2da61/volumes/detail returned with HTTP 200
2025-08-09 04:09:43.373 25 INFO cinder.api.openstack.wsgi [None req-99de7fc7-21df-455c-8e69-83717bc99de9 918ea8e792e348368209fe943b173a23 9ae2e8c0d64646aa9f562174a15f0af4 - - default default] http://[LB_IP_ADDRESS]:8776/v3/9ae2e8c0d64646aa9f562174a15f0af4/group_snapshots/489ad385-8e01-4aea-b0d8-6158fa9e783f returned with HTTP 202
2025-08-09 04:09:43.384 21 INFO cinder.api.openstack.wsgi [None req-fe44e90c-3c0c-4cf0-95c3-0799a27bda71 918ea8e792e348368209fe943b173a23 9ae2e8c0d64646aa9f562174a15f0af4 - - default default] GET http://[LB_IP_ADDRESS]:8776/v3/9ae2e8c0d64646aa9f562174a15f0af4/volumes/detail
2025-08-09 04:09:43.393 22 INFO cinder.api.openstack.wsgi [None req-f33afc7d-b654-445d-af61-25f2bdeace13 5f49b31ba7dc4159b7c4f19200f1d6ea ab190025965c42a9bd241b980fb2da61 - - default default] GET http://[LB_IP_ADDRESS]:8776/v3/ab190025965c42a9bd241b980fb2da61/volumes/detail
2025-08-09 04:09:43.405 21 INFO cinder.volume.api [None req-fe44e90c-3c0c-4cf0-95c3-0799a27bda71 918ea8e792e348368209fe943b173a23 9ae2e8c0d64646aa9f562174a15f0af4 - - default default] Get all volumes completed successfully.
2025-08-09 04:09:43.413 22 INFO cinder.volume.api [None req-f33afc7d-b654-445d-af61-25f2bdeace13 5f49b31ba7dc4159b7c4f19200f1d6ea ab190025965c42a9bd241b980fb2da61 - - default default] Get all volumes completed successfully.
2025-08-09 04:09:43.438 21 INFO cinder.api.openstack.wsgi [None req-fe44e90c-3c0c-4cf0-95c3-0799a27bda71 918ea8e792e348368209fe943b173a23 9ae2e8c0d64646aa9f562174a15f0af4 - - default default] http://[LB_IP_ADDRESS]:8776/v3/9ae2e8c0d64646aa9f562174a15f0af4/volumes/detail returned with HTTP 200
2025-08-09 04:09:43.462 22 INFO cinder.api.openstack.wsgi [None req-f33afc7d-b654-445d-af61-25f2bdeace13 5f49b31ba7dc4159b7c4f19200f1d6ea ab190025965c42a9bd241b980fb2da61 - - default default] http://[LB_IP_ADDRESS]:8776/v3/ab190025965c42a9bd241b980fb2da61/volumes/detail returned with HTTP 200
2025-08-09 04:09:43.467 23 INFO cinder.api.openstack.wsgi [None req-552b42ce-51d7-4500-a7df-fa68f1f4f85e 918ea8e792e348368209fe943b173a23 9ae2e8c0d64646aa9f562174a15f0af4 - - default default] GET http://[LB_IP_ADDRESS]:8776/v3/9ae2e8c0d64646aa9f562174a15f0af4/snapshots/detail
