2022-11-16 05:59:15.334 21 INFO cinder.api.openstack.wsgi [None req-52b1fba1-d0ae-417d-b105-6d001673fb8a c7f2f1e80fcd4a7daf3a4b0938ed8898 7ca3d7d576a94f5baf70855c2931a2fb - - default default] http://[LB_IP_ADDRESS]:8776/v3/7ca3d7d576a94f5baf70855c2931a2fb/os-quota-sets/309e3baf47504864a48772a888ea2eaf returned with HTTP 200
2022-11-16 05:59:15.838 23 INFO cinder.api.openstack.wsgi [None req-1a9d37b9-5aaa-4746-8212-21fdf57ccadb 3b84fdce68724654a06483470fb633a5 8c2c5fa35c194c0ab1e19c79121a794d - - default default] GET http://[LB_IP_ADDRESS]:8776/v3/8c2c5fa35c194c0ab1e19c79121a794d/volumes/21a88002-ffcd-4690-aadc-f4d615568cdd
2022-11-16 05:59:15.852 23 INFO cinder.api.openstack.wsgi [None req-1a9d37b9-5aaa-4746-8212-21fdf57ccadb 3b84fdce68724654a06483470fb633a5 8c2c5fa35c194c0ab1e19c79121a794d - - default default] http://[LB_IP_ADDRESS]:8776/v3/8c2c5fa35c194c0ab1e19c79121a794d/volumes/21a88002-ffcd-4690-aadc-f4d615568cdd returned with HTTP 404
2022-11-16 05:59:15.866 20 INFO cinder.api.openstack.wsgi [None req-57448289-cb15-4cf5-995a-a215cf1c6938 3b84fdce68724654a06483470fb633a5 8c2c5fa35c194c0ab1e19c79121a794d - - default default] GET http://[LB_IP_ADDRESS]:8776/v3/8c2c5fa35c194c0ab1e19c79121a794d/groups/d999cbc2-da7d-4f14-9bce-b417ec5eff1e
2022-11-16 05:59:15.872 20 INFO cinder.api.openstack.wsgi [None req-57448289-cb15-4cf5-995a-a215cf1c6938 3b84fdce68724654a06483470fb633a5 8c2c5fa35c194c0ab1e19c79121a794d - - default default] http://[LB_IP_ADDRESS]:8776/v3/8c2c5fa35c194c0ab1e19c79121a794d/groups/d999cbc2-da7d-4f14-9bce-b417ec5eff1e returned with HTTP 404
2022-11-16 05:59:15.874 19 INFO cinder.api.openstack.wsgi [None req-9d4f533a-62f9-400d-848d-e587978a7cc4 ef3f1b09e9dd4f3d97b674bb502a2fad 01f63d55cef4444bbfeda204d555ae1f - - default default] GET http://[LB_IP_ADDRESS]:8776/v3/01f63d55cef4444bbfeda204d555ae1f/volumes/a260ca98-266e-4704-884e-fd590824957a
2022-11-16 05:59:15.883 22 INFO cinder.api.openstack.wsgi [None req-2835ff14-18c1-428e-a23e-738005505832 0611d31502d4407a970b104530d8ea4e f5debc9e4d0543408a43458f5f9acc42 - - default default] DELETE http://[LB_IP_ADDRESS]:8776/v3/f5debc9e4d0543408a43458f5f9acc42/group_types/0a78453c-2972-4ef8-993e-27637859e124
2022-11-16 05:59:15.904 19 INFO cinder.volume.api [None req-9d4f533a-62f9-400d-848d-e587978a7cc4 ef3f1b09e9dd4f3d97b674bb502a2fad 01f63d55cef4444bbfeda204d555ae1f - - default default] Volume info retrieved successfully.
2022-11-16 05:59:15.911 22 INFO cinder.api.openstack.wsgi [None req-2835ff14-18c1-428e-a23e-738005505832 0611d31502d4407a970b104530d8ea4e f5debc9e4d0543408a43458f5f9acc42 - - default default] http://[LB_IP_ADDRESS]:8776/v3/f5debc9e4d0543408a43458f5f9acc42/group_types/0a78453c-2972-4ef8-993e-27637859e124 returned with HTTP 202
2022-11-16 05:59:15.911 19 INFO cinder.api.openstack.wsgi [None req-9d4f533a-62f9-400d-848d-e587978a7cc4 ef3f1b09e9dd4f3d97b674bb502a2fad 01f63d55cef4444bbfeda204d555ae1f - - default default] http://[LB_IP_ADDRESS]:8776/v3/01f63d55cef4444bbfeda204d555ae1f/volumes/a260ca98-266e-4704-884e-fd590824957a returned with HTTP 200
2022-11-16 05:59:15.927 21 INFO cinder.api.openstack.wsgi [None req-fe38cf0a-8200-4b05-a306-367ed81ee7e3 3b84fdce68724654a06483470fb633a5 8c2c5fa35c194c0ab1e19c79121a794d - - default default] DELETE http://[LB_IP_ADDRESS]:8776/v3/8c2c5fa35c194c0ab1e19c79121a794d/volumes/21a88002-ffcd-4690-aadc-f4d615568cdd
2022-11-16 05:59:15.928 21 INFO cinder.api.v3.volumes [None req-fe38cf0a-8200-4b05-a306-367ed81ee7e3 3b84fdce68724654a06483470fb633a5 8c2c5fa35c194c0ab1e19c79121a794d - - default default] Delete volume with id: 21a88002-ffcd-4690-aadc-f4d615568cdd 
2022-11-16 05:59:15.944 21 INFO cinder.api.openstack.wsgi [None req-fe38cf0a-8200-4b05-a306-367ed81ee7e3 3b84fdce68724654a06483470fb633a5 8c2c5fa35c194c0ab1e19c79121a794d - - default default] http://[LB_IP_ADDRESS]:8776/v3/8c2c5fa35c194c0ab1e19c79121a794d/volumes/21a88002-ffcd-4690-aadc-f4d615568cdd returned with HTTP 404
2022-11-16 05:59:15.957 23 INFO cinder.api.openstack.wsgi [None req-e5edf7ce-de94-41fa-a741-a6bff0563808 0611d31502d4407a970b104530d8ea4e f5debc9e4d0543408a43458f5f9acc42 - - default default] DELETE http://[LB_IP_ADDRESS]:8776/v3/f5debc9e4d0543408a43458f5f9acc42/types/4eb85231-c11d-42b8-8bfc-09b704048ad6
2022-11-16 05:59:16.063 23 INFO cinder.api.openstack.wsgi [None req-e5edf7ce-de94-41fa-a741-a6bff0563808 0611d31502d4407a970b104530d8ea4e f5debc9e4d0543408a43458f5f9acc42 - - default default] http://[LB_IP_ADDRESS]:8776/v3/f5debc9e4d0543408a43458f5f9acc42/types/4eb85231-c11d-42b8-8bfc-09b704048ad6 returned with HTTP 202
2022-11-16 05:59:16.076 20 INFO cinder.api.openstack.wsgi [None req-412a34e3-5c87-4d1b-86c4-9cf0373c57e1 0611d31502d4407a970b104530d8ea4e f5debc9e4d0543408a43458f5f9acc42 - - default default] GET http://[LB_IP_ADDRESS]:8776/v3/f5debc9e4d0543408a43458f5f9acc42/types/4eb85231-c11d-42b8-8bfc-09b704048ad6
2022-11-16 05:59:16.084 20 INFO cinder.api.openstack.wsgi [None req-412a34e3-5c87-4d1b-86c4-9cf0373c57e1 0611d31502d4407a970b104530d8ea4e f5debc9e4d0543408a43458f5f9acc42 - - default default] http://[LB_IP_ADDRESS]:8776/v3/f5debc9e4d0543408a43458f5f9acc42/types/4eb85231-c11d-42b8-8bfc-09b704048ad6 returned with HTTP 404
2022-11-16 05:59:16.933 22 INFO cinder.api.openstack.wsgi [None req-1315675a-9fb8-4304-8b82-38f23605e6ef ef3f1b09e9dd4f3d97b674bb502a2fad 01f63d55cef4444bbfeda204d555ae1f - - default default] GET http://[LB_IP_ADDRESS]:8776/v3/01f63d55cef4444bbfeda204d555ae1f/volumes/a260ca98-266e-4704-884e-fd590824957a
2022-11-16 05:59:16.959 22 INFO cinder.volume.api [None req-1315675a-9fb8-4304-8b82-38f23605e6ef ef3f1b09e9dd4f3d97b674bb502a2fad 01f63d55cef4444bbfeda204d555ae1f - - default default] Volume info retrieved successfully.
2022-11-16 05:59:16.967 22 INFO cinder.api.openstack.wsgi [None req-1315675a-9fb8-4304-8b82-38f23605e6ef ef3f1b09e9dd4f3d97b674bb502a2fad 01f63d55cef4444bbfeda204d555ae1f - - default default] http://[LB_IP_ADDRESS]:8776/v3/01f63d55cef4444bbfeda204d555ae1f/volumes/a260ca98-266e-4704-884e-fd590824957a returned with HTTP 200
2022-11-16 05:59:17.988 19 INFO cinder.api.openstack.wsgi [None req-70827b38-8c6a-41f5-acea-5b5f353dc3d0 ef3f1b09e9dd4f3d97b674bb502a2fad 01f63d55cef4444bbfeda204d555ae1f - - default default] GET http://[LB_IP_ADDRESS]:8776/v3/01f63d55cef4444bbfeda204d555ae1f/volumes/a260ca98-266e-4704-884e-fd590824957a
2022-11-16 05:59:18.014 19 INFO cinder.volume.api [None req-70827b38-8c6a-41f5-acea-5b5f353dc3d0 ef3f1b09e9dd4f3d97b674bb502a2fad 01f63d55cef4444bbfeda204d555ae1f - - default default] Volume info retrieved successfully.
2022-11-16 05:59:18.021 19 INFO cinder.api.openstack.wsgi [None req-70827b38-8c6a-41f5-acea-5b5f353dc3d0 ef3f1b09e9dd4f3d97b674bb502a2fad 01f63d55cef4444bbfeda204d555ae1f - - default default] http://[LB_IP_ADDRESS]:8776/v3/01f63d55cef4444bbfeda204d555ae1f/volumes/a260ca98-266e-4704-884e-fd590824957a returned with HTTP 200
2022-11-16 05:59:19.043 21 INFO cinder.api.openstack.wsgi [None req-92ae688e-2985-4a00-a201-7a8fbcdef223 ef3f1b09e9dd4f3d97b674bb502a2fad 01f63d55cef4444bbfeda204d555ae1f - - default default] GET http://[LB_IP_ADDRESS]:8776/v3/01f63d55cef4444bbfeda204d555ae1f/volumes/a260ca98-266e-4704-884e-fd590824957a
2022-11-16 05:59:19.072 21 INFO cinder.volume.api [None req-92ae688e-2985-4a00-a201-7a8fbcdef223 ef3f1b09e9dd4f3d97b674bb502a2fad 01f63d55cef4444bbfeda204d555ae1f - - default default] Volume info retrieved successfully.
2022-11-16 05:59:19.079 21 INFO cinder.api.openstack.wsgi [None req-92ae688e-2985-4a00-a201-7a8fbcdef223 ef3f1b09e9dd4f3d97b674bb502a2fad 01f63d55cef4444bbfeda204d555ae1f - - default default] http://[LB_IP_ADDRESS]:8776/v3/01f63d55cef4444bbfeda204d555ae1f/volumes/a260ca98-266e-4704-884e-fd590824957a returned with HTTP 200
2022-11-16 05:59:20.085 23 INFO cinder.api.openstack.wsgi [None req-b48b220d-9b88-4d1a-87a0-b3be4e4a952a da816e80428b4a6ab2219c8f982e62bf fecb0e9110e640a5ae6d1de9785818de - - default default] POST http://[LB_IP_ADDRESS]:8776/v3/fecb0e9110e640a5ae6d1de9785818de/types
2022-11-16 05:59:20.101 20 INFO cinder.api.openstack.wsgi [None req-22cf5962-b5c9-4588-bd86-e4c89f0cab13 ef3f1b09e9dd4f3d97b674bb502a2fad 01f63d55cef4444bbfeda204d555ae1f - - default default] GET http://[LB_IP_ADDRESS]:8776/v3/01f63d55cef4444bbfeda204d555ae1f/volumes/a260ca98-266e-4704-884e-fd590824957a
2022-11-16 05:59:20.120 23 INFO cinder.api.openstack.wsgi [None req-b48b220d-9b88-4d1a-87a0-b3be4e4a952a da816e80428b4a6ab2219c8f982e62bf fecb0e9110e640a5ae6d1de9785818de - - default default] http://[LB_IP_ADDRESS]:8776/v3/fecb0e9110e640a5ae6d1de9785818de/types returned with HTTP 200
2022-11-16 05:59:20.127 20 INFO cinder.volume.api [None req-22cf5962-b5c9-4588-bd86-e4c89f0cab13 ef3f1b09e9dd4f3d97b674bb502a2fad 01f63d55cef4444bbfeda204d555ae1f - - default default] Volume info retrieved successfully.
2022-11-16 05:59:20.134 22 INFO cinder.api.openstack.wsgi [None req-b9d39974-c397-4615-9c7b-415f5ee1258c da816e80428b4a6ab2219c8f982e62bf fecb0e9110e640a5ae6d1de9785818de - - default default] POST http://[LB_IP_ADDRESS]:8776/v3/fecb0e9110e640a5ae6d1de9785818de/types
2022-11-16 05:59:20.135 20 INFO cinder.api.openstack.wsgi [None req-22cf5962-b5c9-4588-bd86-e4c89f0cab13 ef3f1b09e9dd4f3d97b674bb502a2fad 01f63d55cef4444bbfeda204d555ae1f - - default default] http://[LB_IP_ADDRESS]:8776/v3/01f63d55cef4444bbfeda204d555ae1f/volumes/a260ca98-266e-4704-884e-fd590824957a returned with HTTP 200
2022-11-16 05:59:20.165 22 INFO cinder.api.openstack.wsgi [None req-b9d39974-c397-4615-9c7b-415f5ee1258c da816e80428b4a6ab2219c8f982e62bf fecb0e9110e640a5ae6d1de9785818de - - default default] http://[LB_IP_ADDRESS]:8776/v3/fecb0e9110e640a5ae6d1de9785818de/types returned with HTTP 200
2022-11-16 05:59:20.287 19 INFO cinder.api.openstack.wsgi [None req-e2ce1b10-594d-4a1a-a7ef-4133b2e63736 53f1b742b96046f18cf94b5babf16d36 2bdc6e7573284a27a926da2cc8a6f1d9 - - default default] POST http://[LB_IP_ADDRESS]:8776/v3/2bdc6e7573284a27a926da2cc8a6f1d9/volumes
2022-11-16 05:59:20.303 19 INFO cinder.api.v3.volumes [None req-e2ce1b10-594d-4a1a-a7ef-4133b2e63736 53f1b742b96046f18cf94b5babf16d36 2bdc6e7573284a27a926da2cc8a6f1d9 - - default default] Create volume of 1 GB
2022-11-16 05:59:20.304 19 INFO cinder.volume.api [None req-e2ce1b10-594d-4a1a-a7ef-4133b2e63736 53f1b742b96046f18cf94b5babf16d36 2bdc6e7573284a27a926da2cc8a6f1d9 - - default default] Availability Zones retrieved successfully.
2022-11-16 05:59:20.421 21 INFO cinder.api.openstack.wsgi [None req-39e00764-496e-418e-acd4-6d1ed05674ef 1f75eba878da457db4fcae803e48c6be 083511935b5a4302b41c9ac73fa5ed62 - - default default] POST http://[LB_IP_ADDRESS]:8776/v3/083511935b5a4302b41c9ac73fa5ed62/types
2022-11-16 05:59:20.486 21 INFO cinder.api.openstack.wsgi [None req-39e00764-496e-418e-acd4-6d1ed05674ef 1f75eba878da457db4fcae803e48c6be 083511935b5a4302b41c9ac73fa5ed62 - - default default] http://[LB_IP_ADDRESS]:8776/v3/083511935b5a4302b41c9ac73fa5ed62/types returned with HTTP 200
2022-11-16 05:59:20.501 23 INFO cinder.api.openstack.wsgi [None req-9e19a158-fdae-4948-b114-a028175872d5 1f75eba878da457db4fcae803e48c6be 083511935b5a4302b41c9ac73fa5ed62 - - default default] POST http://[LB_IP_ADDRESS]:8776/v3/083511935b5a4302b41c9ac73fa5ed62/group_types
2022-11-16 05:59:20.530 23 INFO cinder.api.openstack.wsgi [None req-9e19a158-fdae-4948-b114-a028175872d5 1f75eba878da457db4fcae803e48c6be 083511935b5a4302b41c9ac73fa5ed62 - - default default] http://[LB_IP_ADDRESS]:8776/v3/083511935b5a4302b41c9ac73fa5ed62/group_types returned with HTTP 202
2022-11-16 05:59:20.644 20 INFO cinder.api.openstack.wsgi [None req-2518b6c1-0a68-4814-bafe-48a20e49895b 87cf516cc8244f9987d8d661117855cf 291469b658c548ddb12d8b5af3c39d85 - - default default] POST http://[LB_IP_ADDRESS]:8776/v3/291469b658c548ddb12d8b5af3c39d85/groups
2022-11-16 05:59:20.654 20 INFO cinder.api.v3.groups [None req-2518b6c1-0a68-4814-bafe-48a20e49895b 87cf516cc8244f9987d8d661117855cf 291469b658c548ddb12d8b5af3c39d85 - - default default] Creating group tempest-GroupsV320Test-Group-1031274428.
2022-11-16 05:59:20.664 20 INFO cinder.volume.api [None req-2518b6c1-0a68-4814-bafe-48a20e49895b 87cf516cc8244f9987d8d661117855cf 291469b658c548ddb12d8b5af3c39d85 - - default default] Availability Zones retrieved successfully.
2022-11-16 05:59:20.672 19 INFO cinder.volume.api [None req-e2ce1b10-594d-4a1a-a7ef-4133b2e63736 53f1b742b96046f18cf94b5babf16d36 2bdc6e7573284a27a926da2cc8a6f1d9 - - default default] Create volume request issued successfully.
2022-11-16 05:59:20.674 19 INFO cinder.api.openstack.wsgi [None req-e2ce1b10-594d-4a1a-a7ef-4133b2e63736 53f1b742b96046f18cf94b5babf16d36 2bdc6e7573284a27a926da2cc8a6f1d9 - - default default] http://[LB_IP_ADDRESS]:8776/v3/2bdc6e7573284a27a926da2cc8a6f1d9/volumes returned with HTTP 202
2022-11-16 05:59:20.694 22 INFO cinder.api.openstack.wsgi [None req-ec421514-b262-4d18-a0c3-725756cb3182 53f1b742b96046f18cf94b5babf16d36 2bdc6e7573284a27a926da2cc8a6f1d9 - - default default] GET http://[LB_IP_ADDRESS]:8776/v3/2bdc6e7573284a27a926da2cc8a6f1d9/volumes/c8b8d2db-a5ac-4a17-8ec3-4c766b615073
2022-11-16 05:59:20.717 22 INFO cinder.volume.api [None req-ec421514-b262-4d18-a0c3-725756cb3182 53f1b742b96046f18cf94b5babf16d36 2bdc6e7573284a27a926da2cc8a6f1d9 - - default default] Volume info retrieved successfully.
2022-11-16 05:59:20.724 22 INFO cinder.api.openstack.wsgi [None req-ec421514-b262-4d18-a0c3-725756cb3182 53f1b742b96046f18cf94b5babf16d36 2bdc6e7573284a27a926da2cc8a6f1d9 - - default default] http://[LB_IP_ADDRESS]:8776/v3/2bdc6e7573284a27a926da2cc8a6f1d9/volumes/c8b8d2db-a5ac-4a17-8ec3-4c766b615073 returned with HTTP 200
2022-11-16 05:59:20.789 20 INFO cinder.api.openstack.wsgi [None req-2518b6c1-0a68-4814-bafe-48a20e49895b 87cf516cc8244f9987d8d661117855cf 291469b658c548ddb12d8b5af3c39d85 - - default default] http://[LB_IP_ADDRESS]:8776/v3/291469b658c548ddb12d8b5af3c39d85/groups returned with HTTP 202
2022-11-16 05:59:20.813 21 INFO cinder.api.openstack.wsgi [None req-4dfd2a70-4353-46a3-9d9a-818102948887 87cf516cc8244f9987d8d661117855cf 291469b658c548ddb12d8b5af3c39d85 - - default default] GET http://[LB_IP_ADDRESS]:8776/v3/291469b658c548ddb12d8b5af3c39d85/groups/5fca7c85-c4ce-499c-bf5d-c6f0307c6832
2022-11-16 05:59:20.845 21 INFO cinder.api.openstack.wsgi [None req-4dfd2a70-4353-46a3-9d9a-818102948887 87cf516cc8244f9987d8d661117855cf 291469b658c548ddb12d8b5af3c39d85 - - default default] http://[LB_IP_ADDRESS]:8776/v3/291469b658c548ddb12d8b5af3c39d85/groups/5fca7c85-c4ce-499c-bf5d-c6f0307c6832 returned with HTTP 200
2022-11-16 05:59:21.157 23 INFO cinder.api.openstack.wsgi [None req-2ef1973e-0f07-4c64-9eab-dadef8c3920c ef3f1b09e9dd4f3d97b674bb502a2fad 01f63d55cef4444bbfeda204d555ae1f - - default default] GET http://[LB_IP_ADDRESS]:8776/v3/01f63d55cef4444bbfeda204d555ae1f/volumes/a260ca98-266e-4704-884e-fd590824957a
2022-11-16 05:59:21.192 23 INFO cinder.volume.api [None req-2ef1973e-0f07-4c64-9eab-dadef8c3920c ef3f1b09e9dd4f3d97b674bb502a2fad 01f63d55cef4444bbfeda204d555ae1f - - default default] Volume info retrieved successfully.
2022-11-16 05:59:21.201 23 INFO cinder.api.openstack.wsgi [None req-2ef1973e-0f07-4c64-9eab-dadef8c3920c ef3f1b09e9dd4f3d97b674bb502a2fad 01f63d55cef4444bbfeda204d555ae1f - - default default] http://[LB_IP_ADDRESS]:8776/v3/01f63d55cef4444bbfeda204d555ae1f/volumes/a260ca98-266e-4704-884e-fd590824957a returned with HTTP 200
2022-11-16 05:59:21.747 19 INFO cinder.api.openstack.wsgi [None req-a98c79e3-fc6e-456b-9b0a-6f62b7d031ee 53f1b742b96046f18cf94b5babf16d36 2bdc6e7573284a27a926da2cc8a6f1d9 - - default default] GET http://[LB_IP_ADDRESS]:8776/v3/2bdc6e7573284a27a926da2cc8a6f1d9/volumes/c8b8d2db-a5ac-4a17-8ec3-4c766b615073
2022-11-16 05:59:21.774 19 INFO cinder.volume.api [None req-a98c79e3-fc6e-456b-9b0a-6f62b7d031ee 53f1b742b96046f18cf94b5babf16d36 2bdc6e7573284a27a926da2cc8a6f1d9 - - default default] Volume info retrieved successfully.
2022-11-16 05:59:21.784 19 INFO cinder.api.openstack.wsgi [None req-a98c79e3-fc6e-456b-9b0a-6f62b7d031ee 53f1b742b96046f18cf94b5babf16d36 2bdc6e7573284a27a926da2cc8a6f1d9 - - default default] http://[LB_IP_ADDRESS]:8776/v3/2bdc6e7573284a27a926da2cc8a6f1d9/volumes/c8b8d2db-a5ac-4a17-8ec3-4c766b615073 returned with HTTP 200
2022-11-16 05:59:21.862 22 INFO cinder.api.openstack.wsgi [None req-92ca75bc-4dc5-4ea1-8107-cefce65ee8b0 87cf516cc8244f9987d8d661117855cf 291469b658c548ddb12d8b5af3c39d85 - - default default] GET http://[LB_IP_ADDRESS]:8776/v3/291469b658c548ddb12d8b5af3c39d85/groups/5fca7c85-c4ce-499c-bf5d-c6f0307c6832
2022-11-16 05:59:21.888 22 INFO cinder.api.openstack.wsgi [None req-92ca75bc-4dc5-4ea1-8107-cefce65ee8b0 87cf516cc8244f9987d8d661117855cf 291469b658c548ddb12d8b5af3c39d85 - - default default] http://[LB_IP_ADDRESS]:8776/v3/291469b658c548ddb12d8b5af3c39d85/groups/5fca7c85-c4ce-499c-bf5d-c6f0307c6832 returned with HTTP 200
2022-11-16 05:59:21.910 20 INFO cinder.api.openstack.wsgi [None req-70d0143e-fd44-46cd-b804-4b2df223d375 1f75eba878da457db4fcae803e48c6be 083511935b5a4302b41c9ac73fa5ed62 - - default default] POST http://[LB_IP_ADDRESS]:8776/v3/083511935b5a4302b41c9ac73fa5ed62/groups/5fca7c85-c4ce-499c-bf5d-c6f0307c6832/action
2022-11-16 05:59:21.942 20 INFO cinder.api.openstack.wsgi [None req-70d0143e-fd44-46cd-b804-4b2df223d375 1f75eba878da457db4fcae803e48c6be 083511935b5a4302b41c9ac73fa5ed62 - - default default] http://[LB_IP_ADDRESS]:8776/v3/083511935b5a4302b41c9ac73fa5ed62/groups/5fca7c85-c4ce-499c-bf5d-c6f0307c6832/action returned with HTTP 202
2022-11-16 05:59:21.956 21 INFO cinder.api.openstack.wsgi [None req-5bcebb4c-7ca5-4d58-8a1c-fd2c49e1a64f 87cf516cc8244f9987d8d661117855cf 291469b658c548ddb12d8b5af3c39d85 - - default default] GET http://[LB_IP_ADDRESS]:8776/v3/291469b658c548ddb12d8b5af3c39d85/groups/5fca7c85-c4ce-499c-bf5d-c6f0307c6832
2022-11-16 05:59:21.981 21 INFO cinder.api.openstack.wsgi [None req-5bcebb4c-7ca5-4d58-8a1c-fd2c49e1a64f 87cf516cc8244f9987d8d661117855cf 291469b658c548ddb12d8b5af3c39d85 - - default default] http://[LB_IP_ADDRESS]:8776/v3/291469b658c548ddb12d8b5af3c39d85/groups/5fca7c85-c4ce-499c-bf5d-c6f0307c6832 returned with HTTP 200
2022-11-16 05:59:21.998 23 INFO cinder.api.openstack.wsgi [None req-fe98fcbe-7980-4991-b5a0-95d74a7399c5 1f75eba878da457db4fcae803e48c6be 083511935b5a4302b41c9ac73fa5ed62 - - default default] POST http://[LB_IP_ADDRESS]:8776/v3/083511935b5a4302b41c9ac73fa5ed62/groups/5fca7c85-c4ce-499c-bf5d-c6f0307c6832/action
2022-11-16 05:59:22.020 23 INFO cinder.api.openstack.wsgi [None req-fe98fcbe-7980-4991-b5a0-95d74a7399c5 1f75eba878da457db4fcae803e48c6be 083511935b5a4302b41c9ac73fa5ed62 - - default default] http://[LB_IP_ADDRESS]:8776/v3/083511935b5a4302b41c9ac73fa5ed62/groups/5fca7c85-c4ce-499c-bf5d-c6f0307c6832/action returned with HTTP 202
2022-11-16 05:59:22.034 19 INFO cinder.api.openstack.wsgi [None req-ccc587ef-2c3b-4a39-bacb-50151d3fdda8 87cf516cc8244f9987d8d661117855cf 291469b658c548ddb12d8b5af3c39d85 - - default default] GET http://[LB_IP_ADDRESS]:8776/v3/291469b658c548ddb12d8b5af3c39d85/groups/5fca7c85-c4ce-499c-bf5d-c6f0307c6832
2022-11-16 05:59:22.060 19 INFO cinder.api.openstack.wsgi [None req-ccc587ef-2c3b-4a39-bacb-50151d3fdda8 87cf516cc8244f9987d8d661117855cf 291469b658c548ddb12d8b5af3c39d85 - - default default] http://[LB_IP_ADDRESS]:8776/v3/291469b658c548ddb12d8b5af3c39d85/groups/5fca7c85-c4ce-499c-bf5d-c6f0307c6832 returned with HTTP 200
2022-11-16 05:59:22.075 22 INFO cinder.api.openstack.wsgi [None req-7759f501-ce4d-48ab-a622-b9bb599f6d27 1f75eba878da457db4fcae803e48c6be 083511935b5a4302b41c9ac73fa5ed62 - - default default] POST http://[LB_IP_ADDRESS]:8776/v3/083511935b5a4302b41c9ac73fa5ed62/groups/5fca7c85-c4ce-499c-bf5d-c6f0307c6832/action
2022-11-16 05:59:22.096 22 INFO cinder.api.openstack.wsgi [None req-7759f501-ce4d-48ab-a622-b9bb599f6d27 1f75eba878da457db4fcae803e48c6be 083511935b5a4302b41c9ac73fa5ed62 - - default default] http://[LB_IP_ADDRESS]:8776/v3/083511935b5a4302b41c9ac73fa5ed62/groups/5fca7c85-c4ce-499c-bf5d-c6f0307c6832/action returned with HTTP 202
2022-11-16 05:59:22.111 20 INFO cinder.api.openstack.wsgi [None req-30ca762f-1046-4d8d-8e0d-576386924681 87cf516cc8244f9987d8d661117855cf 291469b658c548ddb12d8b5af3c39d85 - - default default] GET http://[LB_IP_ADDRESS]:8776/v3/291469b658c548ddb12d8b5af3c39d85/groups/5fca7c85-c4ce-499c-bf5d-c6f0307c6832
2022-11-16 05:59:22.144 20 INFO cinder.api.openstack.wsgi [None req-30ca762f-1046-4d8d-8e0d-576386924681 87cf516cc8244f9987d8d661117855cf 291469b658c548ddb12d8b5af3c39d85 - - default default] http://[LB_IP_ADDRESS]:8776/v3/291469b658c548ddb12d8b5af3c39d85/groups/5fca7c85-c4ce-499c-bf5d-c6f0307c6832 returned with HTTP 200
2022-11-16 05:59:22.160 21 INFO cinder.api.openstack.wsgi [None req-347ebd42-d93c-459b-a64e-4be4b291b9b0 1f75eba878da457db4fcae803e48c6be 083511935b5a4302b41c9ac73fa5ed62 - - default default] POST http://[LB_IP_ADDRESS]:8776/v3/083511935b5a4302b41c9ac73fa5ed62/groups/5fca7c85-c4ce-499c-bf5d-c6f0307c6832/action
2022-11-16 05:59:22.182 21 INFO cinder.api.openstack.wsgi [None req-347ebd42-d93c-459b-a64e-4be4b291b9b0 1f75eba878da457db4fcae803e48c6be 083511935b5a4302b41c9ac73fa5ed62 - - default default] http://[LB_IP_ADDRESS]:8776/v3/083511935b5a4302b41c9ac73fa5ed62/groups/5fca7c85-c4ce-499c-bf5d-c6f0307c6832/action returned with HTTP 202
2022-11-16 05:59:22.194 23 INFO cinder.api.openstack.wsgi [None req-29f4dc62-da66-4d72-8d29-f66a8eb773fb 87cf516cc8244f9987d8d661117855cf 291469b658c548ddb12d8b5af3c39d85 - - default default] GET http://[LB_IP_ADDRESS]:8776/v3/291469b658c548ddb12d8b5af3c39d85/groups/5fca7c85-c4ce-499c-bf5d-c6f0307c6832
2022-11-16 05:59:22.216 23 INFO cinder.api.openstack.wsgi [None req-29f4dc62-da66-4d72-8d29-f66a8eb773fb 87cf516cc8244f9987d8d661117855cf 291469b658c548ddb12d8b5af3c39d85 - - default default] http://[LB_IP_ADDRESS]:8776/v3/291469b658c548ddb12d8b5af3c39d85/groups/5fca7c85-c4ce-499c-bf5d-c6f0307c6832 returned with HTTP 200
2022-11-16 05:59:22.223 19 INFO cinder.api.openstack.wsgi [None req-cf97471d-4786-438b-bb8a-363c9a110ed7 ef3f1b09e9dd4f3d97b674bb502a2fad 01f63d55cef4444bbfeda204d555ae1f - - default default] GET http://[LB_IP_ADDRESS]:8776/v3/01f63d55cef4444bbfeda204d555ae1f/volumes/a260ca98-266e-4704-884e-fd590824957a
2022-11-16 05:59:22.231 22 INFO cinder.api.openstack.wsgi [None req-5f5c8bd7-a749-40cc-96b4-e9169289e879 87cf516cc8244f9987d8d661117855cf 291469b658c548ddb12d8b5af3c39d85 - - default default] GET http://[LB_IP_ADDRESS]:8776/v3/291469b658c548ddb12d8b5af3c39d85/volumes/detail
2022-11-16 05:59:22.251 19 INFO cinder.volume.api [None req-cf97471d-4786-438b-bb8a-363c9a110ed7 ef3f1b09e9dd4f3d97b674bb502a2fad 01f63d55cef4444bbfeda204d555ae1f - - default default] Volume info retrieved successfully.
2022-11-16 05:59:22.258 19 INFO cinder.api.openstack.wsgi [None req-cf97471d-4786-438b-bb8a-363c9a110ed7 ef3f1b09e9dd4f3d97b674bb502a2fad 01f63d55cef4444bbfeda204d555ae1f - - default default] http://[LB_IP_ADDRESS]:8776/v3/01f63d55cef4444bbfeda204d555ae1f/volumes/a260ca98-266e-4704-884e-fd590824957a returned with HTTP 200
2022-11-16 05:59:22.272 22 INFO cinder.volume.api [None req-5f5c8bd7-a749-40cc-96b4-e9169289e879 87cf516cc8244f9987d8d661117855cf 291469b658c548ddb12d8b5af3c39d85 - - default default] Get all volumes completed successfully.
2022-11-16 05:59:22.277 22 INFO cinder.api.openstack.wsgi [None req-5f5c8bd7-a749-40cc-96b4-e9169289e879 87cf516cc8244f9987d8d661117855cf 291469b658c548ddb12d8b5af3c39d85 - - default default] http://[LB_IP_ADDRESS]:8776/v3/291469b658c548ddb12d8b5af3c39d85/volumes/detail returned with HTTP 200
2022-11-16 05:59:22.300 20 INFO cinder.api.openstack.wsgi [None req-0c853470-edb0-4555-90d4-44deb6e1c2d9 87cf516cc8244f9987d8d661117855cf 291469b658c548ddb12d8b5af3c39d85 - - default default] POST http://[LB_IP_ADDRESS]:8776/v3/291469b658c548ddb12d8b5af3c39d85/groups/5fca7c85-c4ce-499c-bf5d-c6f0307c6832/action
2022-11-16 05:59:22.305 20 INFO cinder.api.v3.groups [None req-0c853470-edb0-4555-90d4-44deb6e1c2d9 87cf516cc8244f9987d8d661117855cf 291469b658c548ddb12d8b5af3c39d85 - - default default] Delete group with id: 5fca7c85-c4ce-499c-bf5d-c6f0307c6832
2022-11-16 05:59:22.371 20 INFO cinder.api.openstack.wsgi [None req-0c853470-edb0-4555-90d4-44deb6e1c2d9 87cf516cc8244f9987d8d661117855cf 291469b658c548ddb12d8b5af3c39d85 - - default default] http://[LB_IP_ADDRESS]:8776/v3/291469b658c548ddb12d8b5af3c39d85/groups/5fca7c85-c4ce-499c-bf5d-c6f0307c6832/action returned with HTTP 202
2022-11-16 05:59:22.384 21 INFO cinder.api.openstack.wsgi [None req-3d846d6f-891c-4aa0-9399-f7fb47ee6690 87cf516cc8244f9987d8d661117855cf 291469b658c548ddb12d8b5af3c39d85 - - default default] GET http://[LB_IP_ADDRESS]:8776/v3/291469b658c548ddb12d8b5af3c39d85/groups/5fca7c85-c4ce-499c-bf5d-c6f0307c6832
2022-11-16 05:59:22.404 21 INFO cinder.api.openstack.wsgi [None req-3d846d6f-891c-4aa0-9399-f7fb47ee6690 87cf516cc8244f9987d8d661117855cf 291469b658c548ddb12d8b5af3c39d85 - - default default] http://[LB_IP_ADDRESS]:8776/v3/291469b658c548ddb12d8b5af3c39d85/groups/5fca7c85-c4ce-499c-bf5d-c6f0307c6832 returned with HTTP 200
2022-11-16 05:59:22.807 23 INFO cinder.api.openstack.wsgi [None req-0504cefc-a5be-4405-95d7-62903919dfa2 53f1b742b96046f18cf94b5babf16d36 2bdc6e7573284a27a926da2cc8a6f1d9 - - default default] GET http://[LB_IP_ADDRESS]:8776/v3/2bdc6e7573284a27a926da2cc8a6f1d9/volumes/c8b8d2db-a5ac-4a17-8ec3-4c766b615073
2022-11-16 05:59:22.831 23 INFO cinder.volume.api [None req-0504cefc-a5be-4405-95d7-62903919dfa2 53f1b742b96046f18cf94b5babf16d36 2bdc6e7573284a27a926da2cc8a6f1d9 - - default default] Volume info retrieved successfully.
2022-11-16 05:59:22.838 23 INFO cinder.api.openstack.wsgi [None req-0504cefc-a5be-4405-95d7-62903919dfa2 53f1b742b96046f18cf94b5babf16d36 2bdc6e7573284a27a926da2cc8a6f1d9 - - default default] http://[LB_IP_ADDRESS]:8776/v3/2bdc6e7573284a27a926da2cc8a6f1d9/volumes/c8b8d2db-a5ac-4a17-8ec3-4c766b615073 returned with HTTP 200
2022-11-16 05:59:22.861 19 INFO cinder.api.openstack.wsgi [None req-743f29da-81bf-488c-88bf-aa95273ff02d da816e80428b4a6ab2219c8f982e62bf fecb0e9110e640a5ae6d1de9785818de - - default default] GET http://[LB_IP_ADDRESS]:8776/v3/fecb0e9110e640a5ae6d1de9785818de/volumes/c8b8d2db-a5ac-4a17-8ec3-4c766b615073
2022-11-16 05:59:22.884 19 INFO cinder.volume.api [None req-743f29da-81bf-488c-88bf-aa95273ff02d da816e80428b4a6ab2219c8f982e62bf fecb0e9110e640a5ae6d1de9785818de - - default default] Volume info retrieved successfully.
2022-11-16 05:59:22.892 19 INFO cinder.api.openstack.wsgi [None req-743f29da-81bf-488c-88bf-aa95273ff02d da816e80428b4a6ab2219c8f982e62bf fecb0e9110e640a5ae6d1de9785818de - - default default] http://[LB_IP_ADDRESS]:8776/v3/fecb0e9110e640a5ae6d1de9785818de/volumes/c8b8d2db-a5ac-4a17-8ec3-4c766b615073 returned with HTTP 200
2022-11-16 05:59:22.912 22 INFO cinder.api.openstack.wsgi [None req-da90c4e5-2982-4d09-8cf8-29d3625e73ab 53f1b742b96046f18cf94b5babf16d36 2bdc6e7573284a27a926da2cc8a6f1d9 - - default default] POST http://[LB_IP_ADDRESS]:8776/v3/2bdc6e7573284a27a926da2cc8a6f1d9/volumes/c8b8d2db-a5ac-4a17-8ec3-4c766b615073/action
2022-11-16 05:59:22.933 22 INFO cinder.volume.api [None req-da90c4e5-2982-4d09-8cf8-29d3625e73ab 53f1b742b96046f18cf94b5babf16d36 2bdc6e7573284a27a926da2cc8a6f1d9 - - default default] Volume info retrieved successfully.
2022-11-16 05:59:23.254 22 INFO cinder.volume.api [None req-da90c4e5-2982-4d09-8cf8-29d3625e73ab 53f1b742b96046f18cf94b5babf16d36 2bdc6e7573284a27a926da2cc8a6f1d9 - - default default] Retype volume request issued successfully.
2022-11-16 05:59:23.256 22 INFO cinder.api.openstack.wsgi [None req-da90c4e5-2982-4d09-8cf8-29d3625e73ab 53f1b742b96046f18cf94b5babf16d36 2bdc6e7573284a27a926da2cc8a6f1d9 - - default default] http://[LB_IP_ADDRESS]:8776/v3/2bdc6e7573284a27a926da2cc8a6f1d9/volumes/c8b8d2db-a5ac-4a17-8ec3-4c766b615073/action returned with HTTP 202
2022-11-16 05:59:23.270 20 INFO cinder.api.openstack.wsgi [None req-37f1c36b-21ef-4fa0-9759-43baf8be4830 53f1b742b96046f18cf94b5babf16d36 2bdc6e7573284a27a926da2cc8a6f1d9 - - default default] GET http://[LB_IP_ADDRESS]:8776/v3/2bdc6e7573284a27a926da2cc8a6f1d9/volumes/c8b8d2db-a5ac-4a17-8ec3-4c766b615073
2022-11-16 05:59:23.282 21 INFO cinder.api.openstack.wsgi [None req-cd57def9-4b0a-4b65-be0e-df79b460a0ab ef3f1b09e9dd4f3d97b674bb502a2fad 01f63d55cef4444bbfeda204d555ae1f - - default default] GET http://[LB_IP_ADDRESS]:8776/v3/01f63d55cef4444bbfeda204d555ae1f/volumes/a260ca98-266e-4704-884e-fd590824957a
2022-11-16 05:59:23.299 20 INFO cinder.volume.api [None req-37f1c36b-21ef-4fa0-9759-43baf8be4830 53f1b742b96046f18cf94b5babf16d36 2bdc6e7573284a27a926da2cc8a6f1d9 - - default default] Volume info retrieved successfully.
2022-11-16 05:59:23.307 20 INFO cinder.api.openstack.wsgi [None req-37f1c36b-21ef-4fa0-9759-43baf8be4830 53f1b742b96046f18cf94b5babf16d36 2bdc6e7573284a27a926da2cc8a6f1d9 - - default default] http://[LB_IP_ADDRESS]:8776/v3/2bdc6e7573284a27a926da2cc8a6f1d9/volumes/c8b8d2db-a5ac-4a17-8ec3-4c766b615073 returned with HTTP 200
2022-11-16 05:59:23.312 21 INFO cinder.volume.api [None req-cd57def9-4b0a-4b65-be0e-df79b460a0ab ef3f1b09e9dd4f3d97b674bb502a2fad 01f63d55cef4444bbfeda204d555ae1f - - default default] Volume info retrieved successfully.
2022-11-16 05:59:23.320 21 INFO cinder.api.openstack.wsgi [None req-cd57def9-4b0a-4b65-be0e-df79b460a0ab ef3f1b09e9dd4f3d97b674bb502a2fad 01f63d55cef4444bbfeda204d555ae1f - - default default] http://[LB_IP_ADDRESS]:8776/v3/01f63d55cef4444bbfeda204d555ae1f/volumes/a260ca98-266e-4704-884e-fd590824957a returned with HTTP 200
2022-11-16 05:59:23.422 23 INFO cinder.api.openstack.wsgi [None req-11fd58db-f957-4ab6-9e84-78b910e644f5 87cf516cc8244f9987d8d661117855cf 291469b658c548ddb12d8b5af3c39d85 - - default default] GET http://[LB_IP_ADDRESS]:8776/v3/291469b658c548ddb12d8b5af3c39d85/groups/5fca7c85-c4ce-499c-bf5d-c6f0307c6832
2022-11-16 05:59:23.429 23 INFO cinder.api.openstack.wsgi [None req-11fd58db-f957-4ab6-9e84-78b910e644f5 87cf516cc8244f9987d8d661117855cf 291469b658c548ddb12d8b5af3c39d85 - - default default] http://[LB_IP_ADDRESS]:8776/v3/291469b658c548ddb12d8b5af3c39d85/groups/5fca7c85-c4ce-499c-bf5d-c6f0307c6832 returned with HTTP 404
2022-11-16 05:59:23.442 19 INFO cinder.api.openstack.wsgi [None req-c3238425-4975-4178-9457-797507c8c835 1f75eba878da457db4fcae803e48c6be 083511935b5a4302b41c9ac73fa5ed62 - - default default] DELETE http://[LB_IP_ADDRESS]:8776/v3/083511935b5a4302b41c9ac73fa5ed62/group_types/62d0d81f-6427-495d-99c8-db101716bd0c
2022-11-16 05:59:23.471 19 INFO cinder.api.openstack.wsgi [None req-c3238425-4975-4178-9457-797507c8c835 1f75eba878da457db4fcae803e48c6be 083511935b5a4302b41c9ac73fa5ed62 - - default default] http://[LB_IP_ADDRESS]:8776/v3/083511935b5a4302b41c9ac73fa5ed62/group_types/62d0d81f-6427-495d-99c8-db101716bd0c returned with HTTP 202
2022-11-16 05:59:23.488 22 INFO cinder.api.openstack.wsgi [None req-e416422f-c169-49aa-be58-1f59db01f33f 1f75eba878da457db4fcae803e48c6be 083511935b5a4302b41c9ac73fa5ed62 - - default default] DELETE http://[LB_IP_ADDRESS]:8776/v3/083511935b5a4302b41c9ac73fa5ed62/types/fcb0f29d-a0e1-4ef2-867a-fd909d963a87
2022-11-16 05:59:23.588 22 INFO cinder.api.openstack.wsgi [None req-e416422f-c169-49aa-be58-1f59db01f33f 1f75eba878da457db4fcae803e48c6be 083511935b5a4302b41c9ac73fa5ed62 - - default default] http://[LB_IP_ADDRESS]:8776/v3/083511935b5a4302b41c9ac73fa5ed62/types/fcb0f29d-a0e1-4ef2-867a-fd909d963a87 returned with HTTP 202
2022-11-16 05:59:23.601 20 INFO cinder.api.openstack.wsgi [None req-2fe88a41-5d89-4a66-ba13-7feadb406260 1f75eba878da457db4fcae803e48c6be 083511935b5a4302b41c9ac73fa5ed62 - - default default] GET http://[LB_IP_ADDRESS]:8776/v3/083511935b5a4302b41c9ac73fa5ed62/types/fcb0f29d-a0e1-4ef2-867a-fd909d963a87
2022-11-16 05:59:23.610 20 INFO cinder.api.openstack.wsgi [None req-2fe88a41-5d89-4a66-ba13-7feadb406260 1f75eba878da457db4fcae803e48c6be 083511935b5a4302b41c9ac73fa5ed62 - - default default] http://[LB_IP_ADDRESS]:8776/v3/083511935b5a4302b41c9ac73fa5ed62/types/fcb0f29d-a0e1-4ef2-867a-fd909d963a87 returned with HTTP 404
2022-11-16 05:59:24.332 21 INFO cinder.api.openstack.wsgi [None req-be8fa462-4be4-4417-a844-cf8c7e698b05 53f1b742b96046f18cf94b5babf16d36 2bdc6e7573284a27a926da2cc8a6f1d9 - - default default] GET http://[LB_IP_ADDRESS]:8776/v3/2bdc6e7573284a27a926da2cc8a6f1d9/volumes/c8b8d2db-a5ac-4a17-8ec3-4c766b615073
2022-11-16 05:59:24.343 23 INFO cinder.api.openstack.wsgi [None req-5e664ccc-d960-47c7-83ad-7ac28e884bdb ef3f1b09e9dd4f3d97b674bb502a2fad 01f63d55cef4444bbfeda204d555ae1f - - default default] GET http://[LB_IP_ADDRESS]:8776/v3/01f63d55cef4444bbfeda204d555ae1f/volumes/a260ca98-266e-4704-884e-fd590824957a
2022-11-16 05:59:24.355 21 INFO cinder.volume.api [None req-be8fa462-4be4-4417-a844-cf8c7e698b05 53f1b742b96046f18cf94b5babf16d36 2bdc6e7573284a27a926da2cc8a6f1d9 - - default default] Volume info retrieved successfully.
2022-11-16 05:59:24.362 21 INFO cinder.api.openstack.wsgi [None req-be8fa462-4be4-4417-a844-cf8c7e698b05 53f1b742b96046f18cf94b5babf16d36 2bdc6e7573284a27a926da2cc8a6f1d9 - - default default] http://[LB_IP_ADDRESS]:8776/v3/2bdc6e7573284a27a926da2cc8a6f1d9/volumes/c8b8d2db-a5ac-4a17-8ec3-4c766b615073 returned with HTTP 200
2022-11-16 05:59:24.377 23 INFO cinder.volume.api [None req-5e664ccc-d960-47c7-83ad-7ac28e884bdb ef3f1b09e9dd4f3d97b674bb502a2fad 01f63d55cef4444bbfeda204d555ae1f - - default default] Volume info retrieved successfully.
2022-11-16 05:59:24.384 19 INFO cinder.api.openstack.wsgi [None req-73a46b44-ea23-45e7-a641-628d9492aa86 da816e80428b4a6ab2219c8f982e62bf fecb0e9110e640a5ae6d1de9785818de - - default default] GET http://[LB_IP_ADDRESS]:8776/v3/fecb0e9110e640a5ae6d1de9785818de/volumes/c8b8d2db-a5ac-4a17-8ec3-4c766b615073
2022-11-16 05:59:24.385 23 INFO cinder.api.openstack.wsgi [None req-5e664ccc-d960-47c7-83ad-7ac28e884bdb ef3f1b09e9dd4f3d97b674bb502a2fad 01f63d55cef4444bbfeda204d555ae1f - - default default] http://[LB_IP_ADDRESS]:8776/v3/01f63d55cef4444bbfeda204d555ae1f/volumes/a260ca98-266e-4704-884e-fd590824957a returned with HTTP 200
2022-11-16 05:59:24.407 19 INFO cinder.volume.api [None req-73a46b44-ea23-45e7-a641-628d9492aa86 da816e80428b4a6ab2219c8f982e62bf fecb0e9110e640a5ae6d1de9785818de - - default default] Volume info retrieved successfully.
2022-11-16 05:59:24.415 19 INFO cinder.api.openstack.wsgi [None req-73a46b44-ea23-45e7-a641-628d9492aa86 da816e80428b4a6ab2219c8f982e62bf fecb0e9110e640a5ae6d1de9785818de - - default default] http://[LB_IP_ADDRESS]:8776/v3/fecb0e9110e640a5ae6d1de9785818de/volumes/c8b8d2db-a5ac-4a17-8ec3-4c766b615073 returned with HTTP 200
2022-11-16 05:59:24.435 22 INFO cinder.api.openstack.wsgi [None req-64e7e6ad-e954-4fc8-a2f8-85ad84dc2665 da816e80428b4a6ab2219c8f982e62bf fecb0e9110e640a5ae6d1de9785818de - - default default] GET http://[LB_IP_ADDRESS]:8776/v3/fecb0e9110e640a5ae6d1de9785818de/volumes?all_tenants=True&name=tempest-VolumeRetypeWithoutMigrationTest-Volume-955788399
2022-11-16 05:59:24.478 22 INFO cinder.volume.api [None req-64e7e6ad-e954-4fc8-a2f8-85ad84dc2665 da816e80428b4a6ab2219c8f982e62bf fecb0e9110e640a5ae6d1de9785818de - - default default] Get all volumes completed successfully.
2022-11-16 05:59:24.480 22 INFO cinder.api.openstack.wsgi [None req-64e7e6ad-e954-4fc8-a2f8-85ad84dc2665 da816e80428b4a6ab2219c8f982e62bf fecb0e9110e640a5ae6d1de9785818de - - default default] http://[LB_IP_ADDRESS]:8776/v3/fecb0e9110e640a5ae6d1de9785818de/volumes?all_tenants=True&name=tempest-VolumeRetypeWithoutMigrationTest-Volume-955788399 returned with HTTP 200
2022-11-16 05:59:24.495 20 INFO cinder.api.openstack.wsgi [None req-c720b26d-4f64-4fc5-b9a8-2eb04e4fd4cf 53f1b742b96046f18cf94b5babf16d36 2bdc6e7573284a27a926da2cc8a6f1d9 - - default default] DELETE http://[LB_IP_ADDRESS]:8776/v3/2bdc6e7573284a27a926da2cc8a6f1d9/volumes/c8b8d2db-a5ac-4a17-8ec3-4c766b615073
2022-11-16 05:59:24.497 20 INFO cinder.api.v3.volumes [None req-c720b26d-4f64-4fc5-b9a8-2eb04e4fd4cf 53f1b742b96046f18cf94b5babf16d36 2bdc6e7573284a27a926da2cc8a6f1d9 - - default default] Delete volume with id: c8b8d2db-a5ac-4a17-8ec3-4c766b615073 
2022-11-16 05:59:24.513 20 INFO cinder.volume.api [None req-c720b26d-4f64-4fc5-b9a8-2eb04e4fd4cf 53f1b742b96046f18cf94b5babf16d36 2bdc6e7573284a27a926da2cc8a6f1d9 - - default default] Volume info retrieved successfully.
2022-11-16 05:59:24.550 20 INFO cinder.volume.api [None req-c720b26d-4f64-4fc5-b9a8-2eb04e4fd4cf 53f1b742b96046f18cf94b5babf16d36 2bdc6e7573284a27a926da2cc8a6f1d9 - - default default] Delete volume request issued successfully.
2022-11-16 05:59:24.551 20 INFO cinder.api.openstack.wsgi [None req-c720b26d-4f64-4fc5-b9a8-2eb04e4fd4cf 53f1b742b96046f18cf94b5babf16d36 2bdc6e7573284a27a926da2cc8a6f1d9 - - default default] http://[LB_IP_ADDRESS]:8776/v3/2bdc6e7573284a27a926da2cc8a6f1d9/volumes/c8b8d2db-a5ac-4a17-8ec3-4c766b615073 returned with HTTP 202
2022-11-16 05:59:24.564 21 INFO cinder.api.openstack.wsgi [None req-962d2583-2458-4195-b51c-dc6d05d2007d 53f1b742b96046f18cf94b5babf16d36 2bdc6e7573284a27a926da2cc8a6f1d9 - - default default] GET http://[LB_IP_ADDRESS]:8776/v3/2bdc6e7573284a27a926da2cc8a6f1d9/volumes/c8b8d2db-a5ac-4a17-8ec3-4c766b615073
2022-11-16 05:59:24.588 21 INFO cinder.volume.api [None req-962d2583-2458-4195-b51c-dc6d05d2007d 53f1b742b96046f18cf94b5babf16d36 2bdc6e7573284a27a926da2cc8a6f1d9 - - default default] Volume info retrieved successfully.
2022-11-16 05:59:24.596 21 INFO cinder.api.openstack.wsgi [None req-962d2583-2458-4195-b51c-dc6d05d2007d 53f1b742b96046f18cf94b5babf16d36 2bdc6e7573284a27a926da2cc8a6f1d9 - - default default] http://[LB_IP_ADDRESS]:8776/v3/2bdc6e7573284a27a926da2cc8a6f1d9/volumes/c8b8d2db-a5ac-4a17-8ec3-4c766b615073 returned with HTTP 200
2022-11-16 05:59:25.408 23 INFO cinder.api.openstack.wsgi [None req-962bd640-da98-425b-addb-3a8c771cfe99 ef3f1b09e9dd4f3d97b674bb502a2fad 01f63d55cef4444bbfeda204d555ae1f - - default default] GET http://[LB_IP_ADDRESS]:8776/v3/01f63d55cef4444bbfeda204d555ae1f/volumes/a260ca98-266e-4704-884e-fd590824957a
2022-11-16 05:59:25.435 23 INFO cinder.volume.api [None req-962bd640-da98-425b-addb-3a8c771cfe99 ef3f1b09e9dd4f3d97b674bb502a2fad 01f63d55cef4444bbfeda204d555ae1f - - default default] Volume info retrieved successfully.
2022-11-16 05:59:25.442 23 INFO cinder.api.openstack.wsgi [None req-962bd640-da98-425b-addb-3a8c771cfe99 ef3f1b09e9dd4f3d97b674bb502a2fad 01f63d55cef4444bbfeda204d555ae1f - - default default] http://[LB_IP_ADDRESS]:8776/v3/01f63d55cef4444bbfeda204d555ae1f/volumes/a260ca98-266e-4704-884e-fd590824957a returned with HTTP 200
2022-11-16 05:59:25.619 19 INFO cinder.api.openstack.wsgi [None req-de20e199-1887-4397-b7b9-b7b5fb71724c 53f1b742b96046f18cf94b5babf16d36 2bdc6e7573284a27a926da2cc8a6f1d9 - - default default] GET http://[LB_IP_ADDRESS]:8776/v3/2bdc6e7573284a27a926da2cc8a6f1d9/volumes/c8b8d2db-a5ac-4a17-8ec3-4c766b615073
2022-11-16 05:59:25.633 19 INFO cinder.api.openstack.wsgi [None req-de20e199-1887-4397-b7b9-b7b5fb71724c 53f1b742b96046f18cf94b5babf16d36 2bdc6e7573284a27a926da2cc8a6f1d9 - - default default] http://[LB_IP_ADDRESS]:8776/v3/2bdc6e7573284a27a926da2cc8a6f1d9/volumes/c8b8d2db-a5ac-4a17-8ec3-4c766b615073 returned with HTTP 404
2022-11-16 05:59:25.645 22 INFO cinder.api.openstack.wsgi [None req-d75ce2b7-8942-4a2e-95f3-e741667821aa da816e80428b4a6ab2219c8f982e62bf fecb0e9110e640a5ae6d1de9785818de - - default default] DELETE http://[LB_IP_ADDRESS]:8776/v3/fecb0e9110e640a5ae6d1de9785818de/types/900a2f43-fa34-48f6-9ff8-2226f6fceea4
2022-11-16 05:59:25.745 22 INFO cinder.api.openstack.wsgi [None req-d75ce2b7-8942-4a2e-95f3-e741667821aa da816e80428b4a6ab2219c8f982e62bf fecb0e9110e640a5ae6d1de9785818de - - default default] http://[LB_IP_ADDRESS]:8776/v3/fecb0e9110e640a5ae6d1de9785818de/types/900a2f43-fa34-48f6-9ff8-2226f6fceea4 returned with HTTP 202
2022-11-16 05:59:25.758 20 INFO cinder.api.openstack.wsgi [None req-70a8205a-7ef6-4e87-82e3-6f2b009297a1 da816e80428b4a6ab2219c8f982e62bf fecb0e9110e640a5ae6d1de9785818de - - default default] GET http://[LB_IP_ADDRESS]:8776/v3/fecb0e9110e640a5ae6d1de9785818de/types/900a2f43-fa34-48f6-9ff8-2226f6fceea4
2022-11-16 05:59:25.769 20 INFO cinder.api.openstack.wsgi [None req-70a8205a-7ef6-4e87-82e3-6f2b009297a1 da816e80428b4a6ab2219c8f982e62bf fecb0e9110e640a5ae6d1de9785818de - - default default] http://[LB_IP_ADDRESS]:8776/v3/fecb0e9110e640a5ae6d1de9785818de/types/900a2f43-fa34-48f6-9ff8-2226f6fceea4 returned with HTTP 404
2022-11-16 05:59:25.783 21 INFO cinder.api.openstack.wsgi [None req-9bb59668-cca7-4470-b8de-d2b08cddab88 da816e80428b4a6ab2219c8f982e62bf fecb0e9110e640a5ae6d1de9785818de - - default default] DELETE http://[LB_IP_ADDRESS]:8776/v3/fecb0e9110e640a5ae6d1de9785818de/types/3122cdd0-9d52-4c8e-addd-b3b4e46e6309
2022-11-16 05:59:25.893 21 INFO cinder.api.openstack.wsgi [None req-9bb59668-cca7-4470-b8de-d2b08cddab88 da816e80428b4a6ab2219c8f982e62bf fecb0e9110e640a5ae6d1de9785818de - - default default] http://[LB_IP_ADDRESS]:8776/v3/fecb0e9110e640a5ae6d1de9785818de/types/3122cdd0-9d52-4c8e-addd-b3b4e46e6309 returned with HTTP 202
2022-11-16 05:59:25.905 23 INFO cinder.api.openstack.wsgi [None req-3ee944bf-d6c6-40a5-bd68-6bad35e0aea7 da816e80428b4a6ab2219c8f982e62bf fecb0e9110e640a5ae6d1de9785818de - - default default] GET http://[LB_IP_ADDRESS]:8776/v3/fecb0e9110e640a5ae6d1de9785818de/types/3122cdd0-9d52-4c8e-addd-b3b4e46e6309
2022-11-16 05:59:25.913 23 INFO cinder.api.openstack.wsgi [None req-3ee944bf-d6c6-40a5-bd68-6bad35e0aea7 da816e80428b4a6ab2219c8f982e62bf fecb0e9110e640a5ae6d1de9785818de - - default default] http://[LB_IP_ADDRESS]:8776/v3/fecb0e9110e640a5ae6d1de9785818de/types/3122cdd0-9d52-4c8e-addd-b3b4e46e6309 returned with HTTP 404
2022-11-16 05:59:26.464 19 INFO cinder.api.openstack.wsgi [None req-8b7112f2-e15b-42fb-b1a0-235cc43b0cde ef3f1b09e9dd4f3d97b674bb502a2fad 01f63d55cef4444bbfeda204d555ae1f - - default default] GET http://[LB_IP_ADDRESS]:8776/v3/01f63d55cef4444bbfeda204d555ae1f/volumes/a260ca98-266e-4704-884e-fd590824957a
2022-11-16 05:59:26.493 19 INFO cinder.volume.api [None req-8b7112f2-e15b-42fb-b1a0-235cc43b0cde ef3f1b09e9dd4f3d97b674bb502a2fad 01f63d55cef4444bbfeda204d555ae1f - - default default] Volume info retrieved successfully.
2022-11-16 05:59:26.501 19 INFO cinder.api.openstack.wsgi [None req-8b7112f2-e15b-42fb-b1a0-235cc43b0cde ef3f1b09e9dd4f3d97b674bb502a2fad 01f63d55cef4444bbfeda204d555ae1f - - default default] http://[LB_IP_ADDRESS]:8776/v3/01f63d55cef4444bbfeda204d555ae1f/volumes/a260ca98-266e-4704-884e-fd590824957a returned with HTTP 200
2022-11-16 05:59:27.523 22 INFO cinder.api.openstack.wsgi [None req-ae70cfe4-ac84-4967-9f8c-aa9cb779e828 ef3f1b09e9dd4f3d97b674bb502a2fad 01f63d55cef4444bbfeda204d555ae1f - - default default] GET http://[LB_IP_ADDRESS]:8776/v3/01f63d55cef4444bbfeda204d555ae1f/volumes/a260ca98-266e-4704-884e-fd590824957a
2022-11-16 05:59:27.560 22 INFO cinder.volume.api [None req-ae70cfe4-ac84-4967-9f8c-aa9cb779e828 ef3f1b09e9dd4f3d97b674bb502a2fad 01f63d55cef4444bbfeda204d555ae1f - - default default] Volume info retrieved successfully.
2022-11-16 05:59:27.569 22 INFO cinder.api.openstack.wsgi [None req-ae70cfe4-ac84-4967-9f8c-aa9cb779e828 ef3f1b09e9dd4f3d97b674bb502a2fad 01f63d55cef4444bbfeda204d555ae1f - - default default] http://[LB_IP_ADDRESS]:8776/v3/01f63d55cef4444bbfeda204d555ae1f/volumes/a260ca98-266e-4704-884e-fd590824957a returned with HTTP 200
2022-11-16 05:59:28.109 20 INFO cinder.api.openstack.wsgi [None req-8553adef-3e15-48f3-b42f-ba1014d2e086 82c0e1fc815442fabedec32f28ba4915 7de36b290890438ea234fede72380f1e - - default default] POST http://[LB_IP_ADDRESS]:8776/v3/7de36b290890438ea234fede72380f1e/qos-specs
2022-11-16 05:59:28.136 20 INFO cinder.api.openstack.wsgi [None req-8553adef-3e15-48f3-b42f-ba1014d2e086 82c0e1fc815442fabedec32f28ba4915 7de36b290890438ea234fede72380f1e - - default default] http://[LB_IP_ADDRESS]:8776/v3/7de36b290890438ea234fede72380f1e/qos-specs returned with HTTP 200
2022-11-16 05:59:28.153 21 INFO cinder.api.openstack.wsgi [None req-4217d4d8-7196-48f2-a351-2a6edeeacda2 82c0e1fc815442fabedec32f28ba4915 7de36b290890438ea234fede72380f1e - - default default] POST http://[LB_IP_ADDRESS]:8776/v3/7de36b290890438ea234fede72380f1e/types
2022-11-16 05:59:28.190 21 INFO cinder.api.openstack.wsgi [None req-4217d4d8-7196-48f2-a351-2a6edeeacda2 82c0e1fc815442fabedec32f28ba4915 7de36b290890438ea234fede72380f1e - - default default] http://[LB_IP_ADDRESS]:8776/v3/7de36b290890438ea234fede72380f1e/types returned with HTTP 200
2022-11-16 05:59:28.205 23 INFO cinder.api.openstack.wsgi [None req-6f4d0e63-fcfe-4ac0-ac43-147238485c1b 82c0e1fc815442fabedec32f28ba4915 7de36b290890438ea234fede72380f1e - - default default] POST http://[LB_IP_ADDRESS]:8776/v3/7de36b290890438ea234fede72380f1e/types
2022-11-16 05:59:28.232 23 INFO cinder.api.openstack.wsgi [None req-6f4d0e63-fcfe-4ac0-ac43-147238485c1b 82c0e1fc815442fabedec32f28ba4915 7de36b290890438ea234fede72380f1e - - default default] http://[LB_IP_ADDRESS]:8776/v3/7de36b290890438ea234fede72380f1e/types returned with HTTP 200
2022-11-16 05:59:28.247 19 INFO cinder.api.openstack.wsgi [None req-a68b2598-7d01-47fa-b52a-bce10cb0c722 82c0e1fc815442fabedec32f28ba4915 7de36b290890438ea234fede72380f1e - - default default] POST http://[LB_IP_ADDRESS]:8776/v3/7de36b290890438ea234fede72380f1e/types
2022-11-16 05:59:28.279 19 INFO cinder.api.openstack.wsgi [None req-a68b2598-7d01-47fa-b52a-bce10cb0c722 82c0e1fc815442fabedec32f28ba4915 7de36b290890438ea234fede72380f1e - - default default] http://[LB_IP_ADDRESS]:8776/v3/7de36b290890438ea234fede72380f1e/types returned with HTTP 200
2022-11-16 05:59:28.298 22 INFO cinder.api.openstack.wsgi [None req-4166c7f2-0dba-4f27-ac79-480ce01e7d39 82c0e1fc815442fabedec32f28ba4915 7de36b290890438ea234fede72380f1e - - default default] GET http://[LB_IP_ADDRESS]:8776/v3/7de36b290890438ea234fede72380f1e/qos-specs/36d05f0e-c174-42c0-b00a-cbb3666396e4/associate?vol_type_id=e290acb8-ec31-480e-98d6-f2cc5ea9b236
2022-11-16 05:59:28.325 22 INFO cinder.api.openstack.wsgi [None req-4166c7f2-0dba-4f27-ac79-480ce01e7d39 82c0e1fc815442fabedec32f28ba4915 7de36b290890438ea234fede72380f1e - - default default] http://[LB_IP_ADDRESS]:8776/v3/7de36b290890438ea234fede72380f1e/qos-specs/36d05f0e-c174-42c0-b00a-cbb3666396e4/associate?vol_type_id=e290acb8-ec31-480e-98d6-f2cc5ea9b236 returned with HTTP 202
2022-11-16 05:59:28.341 20 INFO cinder.api.openstack.wsgi [None req-a50ea499-e121-4899-9c29-b30317444497 82c0e1fc815442fabedec32f28ba4915 7de36b290890438ea234fede72380f1e - - default default] GET http://[LB_IP_ADDRESS]:8776/v3/7de36b290890438ea234fede72380f1e/qos-specs/36d05f0e-c174-42c0-b00a-cbb3666396e4/associate?vol_type_id=d457b71e-57ad-4b1f-932a-380445b40b09
2022-11-16 05:59:28.376 20 INFO cinder.api.openstack.wsgi [None req-a50ea499-e121-4899-9c29-b30317444497 82c0e1fc815442fabedec32f28ba4915 7de36b290890438ea234fede72380f1e - - default default] http://[LB_IP_ADDRESS]:8776/v3/7de36b290890438ea234fede72380f1e/qos-specs/36d05f0e-c174-42c0-b00a-cbb3666396e4/associate?vol_type_id=d457b71e-57ad-4b1f-932a-380445b40b09 returned with HTTP 202
2022-11-16 05:59:28.390 21 INFO cinder.api.openstack.wsgi [None req-b013f218-f648-4cd0-a0d2-0efb586e95ac 82c0e1fc815442fabedec32f28ba4915 7de36b290890438ea234fede72380f1e - - default default] GET http://[LB_IP_ADDRESS]:8776/v3/7de36b290890438ea234fede72380f1e/qos-specs/36d05f0e-c174-42c0-b00a-cbb3666396e4/associate?vol_type_id=715068b7-8e17-49a3-a586-b2f2dd8c7b0f
2022-11-16 05:59:28.419 21 INFO cinder.api.openstack.wsgi [None req-b013f218-f648-4cd0-a0d2-0efb586e95ac 82c0e1fc815442fabedec32f28ba4915 7de36b290890438ea234fede72380f1e - - default default] http://[LB_IP_ADDRESS]:8776/v3/7de36b290890438ea234fede72380f1e/qos-specs/36d05f0e-c174-42c0-b00a-cbb3666396e4/associate?vol_type_id=715068b7-8e17-49a3-a586-b2f2dd8c7b0f returned with HTTP 202
2022-11-16 05:59:28.435 23 INFO cinder.api.openstack.wsgi [None req-54a017f8-bb30-48fc-876f-33caf8d1616a 82c0e1fc815442fabedec32f28ba4915 7de36b290890438ea234fede72380f1e - - default default] GET http://[LB_IP_ADDRESS]:8776/v3/7de36b290890438ea234fede72380f1e/qos-specs/36d05f0e-c174-42c0-b00a-cbb3666396e4/associations
2022-11-16 05:59:28.449 23 INFO cinder.api.openstack.wsgi [None req-54a017f8-bb30-48fc-876f-33caf8d1616a 82c0e1fc815442fabedec32f28ba4915 7de36b290890438ea234fede72380f1e - - default default] http://[LB_IP_ADDRESS]:8776/v3/7de36b290890438ea234fede72380f1e/qos-specs/36d05f0e-c174-42c0-b00a-cbb3666396e4/associations returned with HTTP 200
2022-11-16 05:59:28.469 19 INFO cinder.api.openstack.wsgi [None req-64ce3f2a-2aef-4164-bdec-a91169c95fe3 82c0e1fc815442fabedec32f28ba4915 7de36b290890438ea234fede72380f1e - - default default] GET http://[LB_IP_ADDRESS]:8776/v3/7de36b290890438ea234fede72380f1e/qos-specs/36d05f0e-c174-42c0-b00a-cbb3666396e4/disassociate?vol_type_id=e290acb8-ec31-480e-98d6-f2cc5ea9b236
2022-11-16 05:59:28.493 19 INFO cinder.api.openstack.wsgi [None req-64ce3f2a-2aef-4164-bdec-a91169c95fe3 82c0e1fc815442fabedec32f28ba4915 7de36b290890438ea234fede72380f1e - - default default] http://[LB_IP_ADDRESS]:8776/v3/7de36b290890438ea234fede72380f1e/qos-specs/36d05f0e-c174-42c0-b00a-cbb3666396e4/disassociate?vol_type_id=e290acb8-ec31-480e-98d6-f2cc5ea9b236 returned with HTTP 202
2022-11-16 05:59:28.508 22 INFO cinder.api.openstack.wsgi [None req-226a956f-b3f0-4e3a-8f9a-41e3a3a1eec0 82c0e1fc815442fabedec32f28ba4915 7de36b290890438ea234fede72380f1e - - default default] GET http://[LB_IP_ADDRESS]:8776/v3/7de36b290890438ea234fede72380f1e/qos-specs/36d05f0e-c174-42c0-b00a-cbb3666396e4/associations
2022-11-16 05:59:28.521 22 INFO cinder.api.openstack.wsgi [None req-226a956f-b3f0-4e3a-8f9a-41e3a3a1eec0 82c0e1fc815442fabedec32f28ba4915 7de36b290890438ea234fede72380f1e - - default default] http://[LB_IP_ADDRESS]:8776/v3/7de36b290890438ea234fede72380f1e/qos-specs/36d05f0e-c174-42c0-b00a-cbb3666396e4/associations returned with HTTP 200
