2026-01-05 08:48:10.863 72 WARNING cinder.quota [None req-513cb8b6-2155-47d8-b09a-b27d96331dfb 7b04a26c3de7443a8b8bb6772ee98e37 49f73cac8550414bb10b98e15b44f114 - - default default] Deprecated: Default quota for resource: volumes_tempest-GroupSnapshotsTest-volume-type-1958033786 is set by the default quota flag: quota_volumes_tempest-GroupSnapshotsTest-volume-type-1958033786, it is now deprecated. Please use the default quota class for default quota.
2026-01-05 08:48:10.872 73 INFO cinder.api.openstack.wsgi [None req-9a249045-b28c-4c3d-bfe1-f0d371d7dceb df040471f46744b49460f307f038df43 f7e1286d958e498f87b02216451b36d8 - - default default] GET http://[LB_IP_ADDRESS]:8776/v3/f7e1286d958e498f87b02216451b36d8/volumes/da6c70be-dac4-464f-b0b9-4047f977ea1d
2026-01-05 08:48:10.888 73 INFO cinder.volume.api [None req-9a249045-b28c-4c3d-bfe1-f0d371d7dceb df040471f46744b49460f307f038df43 f7e1286d958e498f87b02216451b36d8 - - default default] Volume info retrieved successfully.
2026-01-05 08:48:10.893 73 INFO cinder.api.openstack.wsgi [None req-9a249045-b28c-4c3d-bfe1-f0d371d7dceb df040471f46744b49460f307f038df43 f7e1286d958e498f87b02216451b36d8 - - default default] http://[LB_IP_ADDRESS]:8776/v3/f7e1286d958e498f87b02216451b36d8/volumes/da6c70be-dac4-464f-b0b9-4047f977ea1d returned with HTTP 200
2026-01-05 08:48:10.915 72 INFO cinder.volume.api [None req-513cb8b6-2155-47d8-b09a-b27d96331dfb 7b04a26c3de7443a8b8bb6772ee98e37 49f73cac8550414bb10b98e15b44f114 - - default default] Create volume request issued successfully.
2026-01-05 08:48:10.927 74 INFO cinder.api.openstack.wsgi [req-fee46a73-8162-4dbd-bcab-34c216726d50 req-368125ea-d243-4936-9712-a8206fcc4661 df040471f46744b49460f307f038df43 f7e1286d958e498f87b02216451b36d8 - - default default] GET http://[LB_IP_ADDRESS]:8776/v3/volumes/da6c70be-dac4-464f-b0b9-4047f977ea1d
2026-01-05 08:48:10.930 72 INFO cinder.api.openstack.wsgi [None req-513cb8b6-2155-47d8-b09a-b27d96331dfb 7b04a26c3de7443a8b8bb6772ee98e37 49f73cac8550414bb10b98e15b44f114 - - default default] http://[LB_IP_ADDRESS]:8776/v3/49f73cac8550414bb10b98e15b44f114/groups/action returned with HTTP 202
2026-01-05 08:48:10.941 74 INFO cinder.volume.api [req-fee46a73-8162-4dbd-bcab-34c216726d50 req-368125ea-d243-4936-9712-a8206fcc4661 df040471f46744b49460f307f038df43 f7e1286d958e498f87b02216451b36d8 - - default default] Volume info retrieved successfully.
2026-01-05 08:48:10.944 76 INFO cinder.api.openstack.wsgi [None req-1cb6b7a9-cf17-49c2-a664-9a85ebbf5cec 7b04a26c3de7443a8b8bb6772ee98e37 49f73cac8550414bb10b98e15b44f114 - - default default] GET http://[LB_IP_ADDRESS]:8776/v3/49f73cac8550414bb10b98e15b44f114/volumes/detail
2026-01-05 08:48:10.948 74 INFO cinder.api.openstack.wsgi [req-fee46a73-8162-4dbd-bcab-34c216726d50 req-368125ea-d243-4936-9712-a8206fcc4661 df040471f46744b49460f307f038df43 f7e1286d958e498f87b02216451b36d8 - - default default] http://[LB_IP_ADDRESS]:8776/v3/volumes/da6c70be-dac4-464f-b0b9-4047f977ea1d returned with HTTP 200
2026-01-05 08:48:10.960 75 INFO cinder.api.openstack.wsgi [None req-9bd1150b-473b-40d2-9709-08ec0e7a52b9 df040471f46744b49460f307f038df43 f7e1286d958e498f87b02216451b36d8 - - default default] POST http://[LB_IP_ADDRESS]:8776/v3/f7e1286d958e498f87b02216451b36d8/volumes
2026-01-05 08:48:10.963 75 INFO cinder.api.v3.volumes [None req-9bd1150b-473b-40d2-9709-08ec0e7a52b9 df040471f46744b49460f307f038df43 f7e1286d958e498f87b02216451b36d8 - - default default] Create volume of 1 GB
2026-01-05 08:48:10.967 76 INFO cinder.volume.api [None req-1cb6b7a9-cf17-49c2-a664-9a85ebbf5cec 7b04a26c3de7443a8b8bb6772ee98e37 49f73cac8550414bb10b98e15b44f114 - - default default] Get all volumes completed successfully.
2026-01-05 08:48:10.980 75 INFO cinder.volume.api [None req-9bd1150b-473b-40d2-9709-08ec0e7a52b9 df040471f46744b49460f307f038df43 f7e1286d958e498f87b02216451b36d8 - - default default] Availability Zones retrieved successfully.
2026-01-05 08:48:10.995 76 INFO cinder.api.openstack.wsgi [None req-1cb6b7a9-cf17-49c2-a664-9a85ebbf5cec 7b04a26c3de7443a8b8bb6772ee98e37 49f73cac8550414bb10b98e15b44f114 - - default default] http://[LB_IP_ADDRESS]:8776/v3/49f73cac8550414bb10b98e15b44f114/volumes/detail returned with HTTP 200
2026-01-05 08:48:11.013 73 INFO cinder.api.openstack.wsgi [None req-fe839f14-0356-4739-a7d6-5f05c0283635 7b04a26c3de7443a8b8bb6772ee98e37 49f73cac8550414bb10b98e15b44f114 - - default default] GET http://[LB_IP_ADDRESS]:8776/v3/49f73cac8550414bb10b98e15b44f114/volumes/72661040-3103-4b1f-be75-c08963864357
2026-01-05 08:48:11.031 73 INFO cinder.volume.api [None req-fe839f14-0356-4739-a7d6-5f05c0283635 7b04a26c3de7443a8b8bb6772ee98e37 49f73cac8550414bb10b98e15b44f114 - - default default] Volume info retrieved successfully.
2026-01-05 08:48:11.047 73 INFO cinder.api.openstack.wsgi [None req-fe839f14-0356-4739-a7d6-5f05c0283635 7b04a26c3de7443a8b8bb6772ee98e37 49f73cac8550414bb10b98e15b44f114 - - default default] http://[LB_IP_ADDRESS]:8776/v3/49f73cac8550414bb10b98e15b44f114/volumes/72661040-3103-4b1f-be75-c08963864357 returned with HTTP 200
2026-01-05 08:48:11.517 75 INFO cinder.volume.api [None req-9bd1150b-473b-40d2-9709-08ec0e7a52b9 df040471f46744b49460f307f038df43 f7e1286d958e498f87b02216451b36d8 - - default default] Create volume request issued successfully.
2026-01-05 08:48:11.518 75 INFO cinder.api.openstack.wsgi [None req-9bd1150b-473b-40d2-9709-08ec0e7a52b9 df040471f46744b49460f307f038df43 f7e1286d958e498f87b02216451b36d8 - - default default] http://[LB_IP_ADDRESS]:8776/v3/f7e1286d958e498f87b02216451b36d8/volumes returned with HTTP 202
2026-01-05 08:48:11.535 72 INFO cinder.api.openstack.wsgi [None req-e50ac727-2ec1-4052-9320-fed5a4d21827 df040471f46744b49460f307f038df43 f7e1286d958e498f87b02216451b36d8 - - default default] GET http://[LB_IP_ADDRESS]:8776/v3/f7e1286d958e498f87b02216451b36d8/volumes/96217523-0a58-4c35-9a62-9aa89a07002b
2026-01-05 08:48:11.553 72 INFO cinder.volume.api [None req-e50ac727-2ec1-4052-9320-fed5a4d21827 df040471f46744b49460f307f038df43 f7e1286d958e498f87b02216451b36d8 - - default default] Volume info retrieved successfully.
2026-01-05 08:48:11.558 72 INFO cinder.api.openstack.wsgi [None req-e50ac727-2ec1-4052-9320-fed5a4d21827 df040471f46744b49460f307f038df43 f7e1286d958e498f87b02216451b36d8 - - default default] http://[LB_IP_ADDRESS]:8776/v3/f7e1286d958e498f87b02216451b36d8/volumes/96217523-0a58-4c35-9a62-9aa89a07002b returned with HTTP 200
2026-01-05 08:48:12.068 74 INFO cinder.api.openstack.wsgi [None req-28c3a7a1-eaca-40b3-bc0b-6742f815fd34 7b04a26c3de7443a8b8bb6772ee98e37 49f73cac8550414bb10b98e15b44f114 - - default default] GET http://[LB_IP_ADDRESS]:8776/v3/49f73cac8550414bb10b98e15b44f114/volumes/72661040-3103-4b1f-be75-c08963864357
2026-01-05 08:48:12.087 74 INFO cinder.volume.api [None req-28c3a7a1-eaca-40b3-bc0b-6742f815fd34 7b04a26c3de7443a8b8bb6772ee98e37 49f73cac8550414bb10b98e15b44f114 - - default default] Volume info retrieved successfully.
2026-01-05 08:48:12.107 74 INFO cinder.api.openstack.wsgi [None req-28c3a7a1-eaca-40b3-bc0b-6742f815fd34 7b04a26c3de7443a8b8bb6772ee98e37 49f73cac8550414bb10b98e15b44f114 - - default default] http://[LB_IP_ADDRESS]:8776/v3/49f73cac8550414bb10b98e15b44f114/volumes/72661040-3103-4b1f-be75-c08963864357 returned with HTTP 200
2026-01-05 08:48:12.129 76 INFO cinder.api.openstack.wsgi [None req-034a1993-b28f-4bd2-8d6c-2e22202d3323 7b04a26c3de7443a8b8bb6772ee98e37 49f73cac8550414bb10b98e15b44f114 - - default default] GET http://[LB_IP_ADDRESS]:8776/v3/49f73cac8550414bb10b98e15b44f114/groups/59245c24-a8ab-4d67-a191-d1dd94485bbd
2026-01-05 08:48:12.151 76 INFO cinder.api.openstack.wsgi [None req-034a1993-b28f-4bd2-8d6c-2e22202d3323 7b04a26c3de7443a8b8bb6772ee98e37 49f73cac8550414bb10b98e15b44f114 - - default default] http://[LB_IP_ADDRESS]:8776/v3/49f73cac8550414bb10b98e15b44f114/groups/59245c24-a8ab-4d67-a191-d1dd94485bbd returned with HTTP 200
2026-01-05 08:48:12.169 73 INFO cinder.api.openstack.wsgi [None req-dcbcf8a1-dfbb-4ffc-84f7-35867ebd7a4c 7b04a26c3de7443a8b8bb6772ee98e37 49f73cac8550414bb10b98e15b44f114 - - default default] GET http://[LB_IP_ADDRESS]:8776/v3/49f73cac8550414bb10b98e15b44f114/volumes/detail
2026-01-05 08:48:12.185 73 INFO cinder.volume.api [None req-dcbcf8a1-dfbb-4ffc-84f7-35867ebd7a4c 7b04a26c3de7443a8b8bb6772ee98e37 49f73cac8550414bb10b98e15b44f114 - - default default] Get all volumes completed successfully.
2026-01-05 08:48:12.239 73 INFO cinder.api.openstack.wsgi [None req-dcbcf8a1-dfbb-4ffc-84f7-35867ebd7a4c 7b04a26c3de7443a8b8bb6772ee98e37 49f73cac8550414bb10b98e15b44f114 - - default default] http://[LB_IP_ADDRESS]:8776/v3/49f73cac8550414bb10b98e15b44f114/volumes/detail returned with HTTP 200
2026-01-05 08:48:12.262 75 INFO cinder.api.openstack.wsgi [None req-f72ca31f-b011-4d87-bf66-8caba4eda580 7b04a26c3de7443a8b8bb6772ee98e37 49f73cac8550414bb10b98e15b44f114 - - default default] POST http://[LB_IP_ADDRESS]:8776/v3/49f73cac8550414bb10b98e15b44f114/groups/59245c24-a8ab-4d67-a191-d1dd94485bbd/action
2026-01-05 08:48:12.267 75 INFO cinder.api.v3.groups [None req-f72ca31f-b011-4d87-bf66-8caba4eda580 7b04a26c3de7443a8b8bb6772ee98e37 49f73cac8550414bb10b98e15b44f114 - - default default] Delete group with id: 59245c24-a8ab-4d67-a191-d1dd94485bbd
2026-01-05 08:48:12.309 75 INFO cinder.api.openstack.wsgi [None req-f72ca31f-b011-4d87-bf66-8caba4eda580 7b04a26c3de7443a8b8bb6772ee98e37 49f73cac8550414bb10b98e15b44f114 - - default default] http://[LB_IP_ADDRESS]:8776/v3/49f73cac8550414bb10b98e15b44f114/groups/59245c24-a8ab-4d67-a191-d1dd94485bbd/action returned with HTTP 202
2026-01-05 08:48:12.321 72 INFO cinder.api.openstack.wsgi [None req-20140807-f48b-45a3-a605-ace8b204a93a 7b04a26c3de7443a8b8bb6772ee98e37 49f73cac8550414bb10b98e15b44f114 - - default default] GET http://[LB_IP_ADDRESS]:8776/v3/49f73cac8550414bb10b98e15b44f114/volumes/72661040-3103-4b1f-be75-c08963864357
2026-01-05 08:48:12.338 72 INFO cinder.volume.api [None req-20140807-f48b-45a3-a605-ace8b204a93a 7b04a26c3de7443a8b8bb6772ee98e37 49f73cac8550414bb10b98e15b44f114 - - default default] Volume info retrieved successfully.
2026-01-05 08:48:12.362 72 INFO cinder.api.openstack.wsgi [None req-20140807-f48b-45a3-a605-ace8b204a93a 7b04a26c3de7443a8b8bb6772ee98e37 49f73cac8550414bb10b98e15b44f114 - - default default] http://[LB_IP_ADDRESS]:8776/v3/49f73cac8550414bb10b98e15b44f114/volumes/72661040-3103-4b1f-be75-c08963864357 returned with HTTP 200
2026-01-05 08:48:12.397 74 INFO cinder.api.openstack.wsgi [req-1b499435-5278-4f7f-8b99-34902e2a2be1 req-bc09dff5-0cda-4eca-b746-bf4f2f3ee0d2 7463796511a84c9d807640f58509b55f a1256a305c234addbf37bcb6d583a4d3 - - default default] DELETE http://[LB_IP_ADDRESS]:8776/v3/volumes/tempest-invalid-73800078
2026-01-05 08:48:12.398 74 INFO cinder.api.v3.volumes [req-1b499435-5278-4f7f-8b99-34902e2a2be1 req-bc09dff5-0cda-4eca-b746-bf4f2f3ee0d2 7463796511a84c9d807640f58509b55f a1256a305c234addbf37bcb6d583a4d3 - - default default] Delete volume with id: tempest-invalid-73800078 
2026-01-05 08:48:12.408 74 INFO cinder.api.openstack.wsgi [req-1b499435-5278-4f7f-8b99-34902e2a2be1 req-bc09dff5-0cda-4eca-b746-bf4f2f3ee0d2 7463796511a84c9d807640f58509b55f a1256a305c234addbf37bcb6d583a4d3 - - default default] http://[LB_IP_ADDRESS]:8776/v3/volumes/tempest-invalid-73800078 returned with HTTP 404
2026-01-05 08:48:12.466 76 INFO cinder.api.openstack.wsgi [req-aa798e4f-ce46-4b71-94e1-a6879f02636a req-a6826ecc-103f-43a6-89aa-e62e4784a880 7463796511a84c9d807640f58509b55f a1256a305c234addbf37bcb6d583a4d3 - - default default] DELETE http://[LB_IP_ADDRESS]:8776/v3/volumes/f60f2dbf-236f-4053-b390-5e216f2ceda9
2026-01-05 08:48:12.467 76 INFO cinder.api.v3.volumes [req-aa798e4f-ce46-4b71-94e1-a6879f02636a req-a6826ecc-103f-43a6-89aa-e62e4784a880 7463796511a84c9d807640f58509b55f a1256a305c234addbf37bcb6d583a4d3 - - default default] Delete volume with id: f60f2dbf-236f-4053-b390-5e216f2ceda9 
2026-01-05 08:48:12.482 76 INFO cinder.api.openstack.wsgi [req-aa798e4f-ce46-4b71-94e1-a6879f02636a req-a6826ecc-103f-43a6-89aa-e62e4784a880 7463796511a84c9d807640f58509b55f a1256a305c234addbf37bcb6d583a4d3 - - default default] http://[LB_IP_ADDRESS]:8776/v3/volumes/f60f2dbf-236f-4053-b390-5e216f2ceda9 returned with HTTP 404
2026-01-05 08:48:12.516 73 INFO cinder.api.openstack.wsgi [req-08fb8a5f-8010-43a0-bc08-fefb90b995dc req-af7374b8-fbff-4c0e-b25a-dbd5e9bfeb61 7463796511a84c9d807640f58509b55f a1256a305c234addbf37bcb6d583a4d3 - - default default] GET http://[LB_IP_ADDRESS]:8776/v3/volumes/0652b559-ab4f-4025-8df8-b8b07e5c533c
2026-01-05 08:48:12.524 73 INFO cinder.api.openstack.wsgi [req-08fb8a5f-8010-43a0-bc08-fefb90b995dc req-af7374b8-fbff-4c0e-b25a-dbd5e9bfeb61 7463796511a84c9d807640f58509b55f a1256a305c234addbf37bcb6d583a4d3 - - default default] http://[LB_IP_ADDRESS]:8776/v3/volumes/0652b559-ab4f-4025-8df8-b8b07e5c533c returned with HTTP 404
2026-01-05 08:48:12.576 75 INFO cinder.api.openstack.wsgi [None req-39d9a7f9-1de9-4bb8-9aee-ac159750b9dd df040471f46744b49460f307f038df43 f7e1286d958e498f87b02216451b36d8 - - default default] GET http://[LB_IP_ADDRESS]:8776/v3/f7e1286d958e498f87b02216451b36d8/volumes/96217523-0a58-4c35-9a62-9aa89a07002b
2026-01-05 08:48:12.592 75 INFO cinder.volume.api [None req-39d9a7f9-1de9-4bb8-9aee-ac159750b9dd df040471f46744b49460f307f038df43 f7e1286d958e498f87b02216451b36d8 - - default default] Volume info retrieved successfully.
2026-01-05 08:48:12.597 75 INFO cinder.api.openstack.wsgi [None req-39d9a7f9-1de9-4bb8-9aee-ac159750b9dd df040471f46744b49460f307f038df43 f7e1286d958e498f87b02216451b36d8 - - default default] http://[LB_IP_ADDRESS]:8776/v3/f7e1286d958e498f87b02216451b36d8/volumes/96217523-0a58-4c35-9a62-9aa89a07002b returned with HTTP 200
2026-01-05 08:48:12.631 72 INFO cinder.api.openstack.wsgi [req-05ab98e0-d0a4-4759-abd6-c8fffd7a3129 req-609427e2-5fbf-45ac-9ddf-b5b67c3d3036 df040471f46744b49460f307f038df43 f7e1286d958e498f87b02216451b36d8 - - default default] GET http://[LB_IP_ADDRESS]:8776/v3/volumes/96217523-0a58-4c35-9a62-9aa89a07002b
2026-01-05 08:48:12.648 72 INFO cinder.volume.api [req-05ab98e0-d0a4-4759-abd6-c8fffd7a3129 req-609427e2-5fbf-45ac-9ddf-b5b67c3d3036 df040471f46744b49460f307f038df43 f7e1286d958e498f87b02216451b36d8 - - default default] Volume info retrieved successfully.
2026-01-05 08:48:12.653 72 INFO cinder.api.openstack.wsgi [req-05ab98e0-d0a4-4759-abd6-c8fffd7a3129 req-609427e2-5fbf-45ac-9ddf-b5b67c3d3036 df040471f46744b49460f307f038df43 f7e1286d958e498f87b02216451b36d8 - - default default] http://[LB_IP_ADDRESS]:8776/v3/volumes/96217523-0a58-4c35-9a62-9aa89a07002b returned with HTTP 200
2026-01-05 08:48:12.686 74 INFO cinder.api.openstack.wsgi [req-3963ff2d-1ff0-4e6c-ac77-b33429dfa0a7 req-36cd16a0-70a0-4d0d-8d3e-0fea429ef4c2 df040471f46744b49460f307f038df43 f7e1286d958e498f87b02216451b36d8 - - default default] GET http://[LB_IP_ADDRESS]:8776/v3/volumes/detail
2026-01-05 08:48:12.709 74 INFO cinder.volume.api [req-3963ff2d-1ff0-4e6c-ac77-b33429dfa0a7 req-36cd16a0-70a0-4d0d-8d3e-0fea429ef4c2 df040471f46744b49460f307f038df43 f7e1286d958e498f87b02216451b36d8 - - default default] Get all volumes completed successfully.
2026-01-05 08:48:12.716 74 INFO cinder.api.openstack.wsgi [req-3963ff2d-1ff0-4e6c-ac77-b33429dfa0a7 req-36cd16a0-70a0-4d0d-8d3e-0fea429ef4c2 df040471f46744b49460f307f038df43 f7e1286d958e498f87b02216451b36d8 - - default default] http://[LB_IP_ADDRESS]:8776/v3/volumes/detail returned with HTTP 200
2026-01-05 08:48:12.751 76 INFO cinder.api.openstack.wsgi [req-ab36a98d-f844-416c-9942-3dc5ac316c38 req-386ecfc4-7f99-47a2-bae3-09f76ea7285b df040471f46744b49460f307f038df43 f7e1286d958e498f87b02216451b36d8 - - default default] GET http://[LB_IP_ADDRESS]:8776/v3/volumes/detail
2026-01-05 08:48:12.775 76 INFO cinder.volume.api [req-ab36a98d-f844-416c-9942-3dc5ac316c38 req-386ecfc4-7f99-47a2-bae3-09f76ea7285b df040471f46744b49460f307f038df43 f7e1286d958e498f87b02216451b36d8 - - default default] Get all volumes completed successfully.
2026-01-05 08:48:12.784 76 INFO cinder.api.openstack.wsgi [req-ab36a98d-f844-416c-9942-3dc5ac316c38 req-386ecfc4-7f99-47a2-bae3-09f76ea7285b df040471f46744b49460f307f038df43 f7e1286d958e498f87b02216451b36d8 - - default default] http://[LB_IP_ADDRESS]:8776/v3/volumes/detail returned with HTTP 200
2026-01-05 08:48:12.821 73 INFO cinder.api.openstack.wsgi [req-e9234f9a-8acc-45a0-87f2-4cf4aefe2a63 req-0adfb54a-466f-496c-a08d-6d931a7cd2aa df040471f46744b49460f307f038df43 f7e1286d958e498f87b02216451b36d8 - - default default] GET http://[LB_IP_ADDRESS]:8776/v3/volumes/detail
2026-01-05 08:48:12.844 73 INFO cinder.volume.api [req-e9234f9a-8acc-45a0-87f2-4cf4aefe2a63 req-0adfb54a-466f-496c-a08d-6d931a7cd2aa df040471f46744b49460f307f038df43 f7e1286d958e498f87b02216451b36d8 - - default default] Get all volumes completed successfully.
2026-01-05 08:48:12.852 73 INFO cinder.api.openstack.wsgi [req-e9234f9a-8acc-45a0-87f2-4cf4aefe2a63 req-0adfb54a-466f-496c-a08d-6d931a7cd2aa df040471f46744b49460f307f038df43 f7e1286d958e498f87b02216451b36d8 - - default default] http://[LB_IP_ADDRESS]:8776/v3/volumes/detail returned with HTTP 200
2026-01-05 08:48:12.886 75 INFO cinder.api.openstack.wsgi [req-872b2a32-e5c6-4351-b156-dc4743339f45 req-0564d6b7-898e-4a85-b931-85eb7f866dcd df040471f46744b49460f307f038df43 f7e1286d958e498f87b02216451b36d8 - - default default] GET http://[LB_IP_ADDRESS]:8776/v3/volumes/detail
2026-01-05 08:48:12.902 75 INFO cinder.volume.api [req-872b2a32-e5c6-4351-b156-dc4743339f45 req-0564d6b7-898e-4a85-b931-85eb7f866dcd df040471f46744b49460f307f038df43 f7e1286d958e498f87b02216451b36d8 - - default default] Get all volumes completed successfully.
2026-01-05 08:48:12.907 75 INFO cinder.api.openstack.wsgi [req-872b2a32-e5c6-4351-b156-dc4743339f45 req-0564d6b7-898e-4a85-b931-85eb7f866dcd df040471f46744b49460f307f038df43 f7e1286d958e498f87b02216451b36d8 - - default default] http://[LB_IP_ADDRESS]:8776/v3/volumes/detail returned with HTTP 200
2026-01-05 08:48:12.942 72 INFO cinder.api.openstack.wsgi [req-f48b379c-8b36-4ed3-a987-aa42e2b52ce7 req-fa54c097-7c40-4f72-a705-13fd7e1e9c42 df040471f46744b49460f307f038df43 f7e1286d958e498f87b02216451b36d8 - - default default] GET http://[LB_IP_ADDRESS]:8776/v3/volumes/detail
2026-01-05 08:48:12.957 72 INFO cinder.volume.api [req-f48b379c-8b36-4ed3-a987-aa42e2b52ce7 req-fa54c097-7c40-4f72-a705-13fd7e1e9c42 df040471f46744b49460f307f038df43 f7e1286d958e498f87b02216451b36d8 - - default default] Get all volumes completed successfully.
2026-01-05 08:48:12.963 72 INFO cinder.api.openstack.wsgi [req-f48b379c-8b36-4ed3-a987-aa42e2b52ce7 req-fa54c097-7c40-4f72-a705-13fd7e1e9c42 df040471f46744b49460f307f038df43 f7e1286d958e498f87b02216451b36d8 - - default default] http://[LB_IP_ADDRESS]:8776/v3/volumes/detail returned with HTTP 200
2026-01-05 08:48:12.999 74 INFO cinder.api.openstack.wsgi [req-3ab7c8b2-6c0f-438c-9684-31de472fdd7e req-3442c6ff-3303-46b2-963d-888f31d5a00a df040471f46744b49460f307f038df43 f7e1286d958e498f87b02216451b36d8 - - default default] GET http://[LB_IP_ADDRESS]:8776/v3/volumes/detail
2026-01-05 08:48:13.014 74 INFO cinder.volume.api [req-3ab7c8b2-6c0f-438c-9684-31de472fdd7e req-3442c6ff-3303-46b2-963d-888f31d5a00a df040471f46744b49460f307f038df43 f7e1286d958e498f87b02216451b36d8 - - default default] Get all volumes completed successfully.
2026-01-05 08:48:13.020 74 INFO cinder.api.openstack.wsgi [req-3ab7c8b2-6c0f-438c-9684-31de472fdd7e req-3442c6ff-3303-46b2-963d-888f31d5a00a df040471f46744b49460f307f038df43 f7e1286d958e498f87b02216451b36d8 - - default default] http://[LB_IP_ADDRESS]:8776/v3/volumes/detail returned with HTTP 200
2026-01-05 08:48:13.050 76 INFO cinder.api.openstack.wsgi [req-10a6ff02-c249-4ab2-b89f-94c19d26077c req-c2a2ee38-b1f4-4587-972f-b42859bf3303 df040471f46744b49460f307f038df43 f7e1286d958e498f87b02216451b36d8 - - default default] GET http://[LB_IP_ADDRESS]:8776/v3/volumes/detail
2026-01-05 08:48:13.066 76 INFO cinder.volume.api [req-10a6ff02-c249-4ab2-b89f-94c19d26077c req-c2a2ee38-b1f4-4587-972f-b42859bf3303 df040471f46744b49460f307f038df43 f7e1286d958e498f87b02216451b36d8 - - default default] Get all volumes completed successfully.
2026-01-05 08:48:13.072 76 INFO cinder.api.openstack.wsgi [req-10a6ff02-c249-4ab2-b89f-94c19d26077c req-c2a2ee38-b1f4-4587-972f-b42859bf3303 df040471f46744b49460f307f038df43 f7e1286d958e498f87b02216451b36d8 - - default default] http://[LB_IP_ADDRESS]:8776/v3/volumes/detail returned with HTTP 200
2026-01-05 08:48:13.103 73 INFO cinder.api.openstack.wsgi [req-0c209528-036e-4262-a892-d2a231d4035c req-ee96ba4a-eb28-4210-9f21-f3a331730a93 df040471f46744b49460f307f038df43 f7e1286d958e498f87b02216451b36d8 - - default default] GET http://[LB_IP_ADDRESS]:8776/v3/volumes/detail
2026-01-05 08:48:13.118 73 INFO cinder.volume.api [req-0c209528-036e-4262-a892-d2a231d4035c req-ee96ba4a-eb28-4210-9f21-f3a331730a93 df040471f46744b49460f307f038df43 f7e1286d958e498f87b02216451b36d8 - - default default] Get all volumes completed successfully.
2026-01-05 08:48:13.123 73 INFO cinder.api.openstack.wsgi [req-0c209528-036e-4262-a892-d2a231d4035c req-ee96ba4a-eb28-4210-9f21-f3a331730a93 df040471f46744b49460f307f038df43 f7e1286d958e498f87b02216451b36d8 - - default default] http://[LB_IP_ADDRESS]:8776/v3/volumes/detail returned with HTTP 200
2026-01-05 08:48:13.140 75 INFO cinder.api.openstack.wsgi [None req-45c80e00-4bae-4e75-a4d4-255e80c7e8ea df040471f46744b49460f307f038df43 f7e1286d958e498f87b02216451b36d8 - - default default] DELETE http://[LB_IP_ADDRESS]:8776/v3/f7e1286d958e498f87b02216451b36d8/volumes/96217523-0a58-4c35-9a62-9aa89a07002b
2026-01-05 08:48:13.141 75 INFO cinder.api.v3.volumes [None req-45c80e00-4bae-4e75-a4d4-255e80c7e8ea df040471f46744b49460f307f038df43 f7e1286d958e498f87b02216451b36d8 - - default default] Delete volume with id: 96217523-0a58-4c35-9a62-9aa89a07002b 
2026-01-05 08:48:13.152 75 INFO cinder.volume.api [None req-45c80e00-4bae-4e75-a4d4-255e80c7e8ea df040471f46744b49460f307f038df43 f7e1286d958e498f87b02216451b36d8 - - default default] Volume info retrieved successfully.
2026-01-05 08:48:13.171 75 INFO cinder.volume.api [None req-45c80e00-4bae-4e75-a4d4-255e80c7e8ea df040471f46744b49460f307f038df43 f7e1286d958e498f87b02216451b36d8 - - default default] Delete volume request issued successfully.
2026-01-05 08:48:13.172 75 INFO cinder.api.openstack.wsgi [None req-45c80e00-4bae-4e75-a4d4-255e80c7e8ea df040471f46744b49460f307f038df43 f7e1286d958e498f87b02216451b36d8 - - default default] http://[LB_IP_ADDRESS]:8776/v3/f7e1286d958e498f87b02216451b36d8/volumes/96217523-0a58-4c35-9a62-9aa89a07002b returned with HTTP 202
2026-01-05 08:48:13.184 72 INFO cinder.api.openstack.wsgi [None req-8350bdef-6015-4345-8c0a-d6f4827075ef df040471f46744b49460f307f038df43 f7e1286d958e498f87b02216451b36d8 - - default default] GET http://[LB_IP_ADDRESS]:8776/v3/f7e1286d958e498f87b02216451b36d8/volumes/96217523-0a58-4c35-9a62-9aa89a07002b
2026-01-05 08:48:13.204 72 INFO cinder.volume.api [None req-8350bdef-6015-4345-8c0a-d6f4827075ef df040471f46744b49460f307f038df43 f7e1286d958e498f87b02216451b36d8 - - default default] Volume info retrieved successfully.
2026-01-05 08:48:13.208 72 INFO cinder.api.openstack.wsgi [None req-8350bdef-6015-4345-8c0a-d6f4827075ef df040471f46744b49460f307f038df43 f7e1286d958e498f87b02216451b36d8 - - default default] http://[LB_IP_ADDRESS]:8776/v3/f7e1286d958e498f87b02216451b36d8/volumes/96217523-0a58-4c35-9a62-9aa89a07002b returned with HTTP 200
2026-01-05 08:48:13.383 74 INFO cinder.api.openstack.wsgi [None req-e2fd0caf-a677-4e9a-a31b-63deeccb95d5 7b04a26c3de7443a8b8bb6772ee98e37 49f73cac8550414bb10b98e15b44f114 - - default default] GET http://[LB_IP_ADDRESS]:8776/v3/49f73cac8550414bb10b98e15b44f114/volumes/72661040-3103-4b1f-be75-c08963864357
2026-01-05 08:48:13.397 74 INFO cinder.api.openstack.wsgi [None req-e2fd0caf-a677-4e9a-a31b-63deeccb95d5 7b04a26c3de7443a8b8bb6772ee98e37 49f73cac8550414bb10b98e15b44f114 - - default default] http://[LB_IP_ADDRESS]:8776/v3/49f73cac8550414bb10b98e15b44f114/volumes/72661040-3103-4b1f-be75-c08963864357 returned with HTTP 404
2026-01-05 08:48:13.407 76 INFO cinder.api.openstack.wsgi [None req-7ea967b2-bd28-4737-a492-76fc77054a82 7b04a26c3de7443a8b8bb6772ee98e37 49f73cac8550414bb10b98e15b44f114 - - default default] GET http://[LB_IP_ADDRESS]:8776/v3/49f73cac8550414bb10b98e15b44f114/groups/59245c24-a8ab-4d67-a191-d1dd94485bbd
2026-01-05 08:48:13.411 76 INFO cinder.api.openstack.wsgi [None req-7ea967b2-bd28-4737-a492-76fc77054a82 7b04a26c3de7443a8b8bb6772ee98e37 49f73cac8550414bb10b98e15b44f114 - - default default] http://[LB_IP_ADDRESS]:8776/v3/49f73cac8550414bb10b98e15b44f114/groups/59245c24-a8ab-4d67-a191-d1dd94485bbd returned with HTTP 404
2026-01-05 08:48:13.424 73 INFO cinder.api.openstack.wsgi [None req-5dc2e577-1cff-493d-9d33-41641a46484e 7b04a26c3de7443a8b8bb6772ee98e37 49f73cac8550414bb10b98e15b44f114 - - default default] DELETE http://[LB_IP_ADDRESS]:8776/v3/49f73cac8550414bb10b98e15b44f114/group_snapshots/d41bd014-5c74-4993-84a3-d31adf24edb6
2026-01-05 08:48:13.426 73 INFO cinder.api.v3.group_snapshots [None req-5dc2e577-1cff-493d-9d33-41641a46484e 7b04a26c3de7443a8b8bb6772ee98e37 49f73cac8550414bb10b98e15b44f114 - - default default] Delete group_snapshot with id: d41bd014-5c74-4993-84a3-d31adf24edb6
2026-01-05 08:48:13.466 73 INFO cinder.api.openstack.wsgi [None req-5dc2e577-1cff-493d-9d33-41641a46484e 7b04a26c3de7443a8b8bb6772ee98e37 49f73cac8550414bb10b98e15b44f114 - - default default] http://[LB_IP_ADDRESS]:8776/v3/49f73cac8550414bb10b98e15b44f114/group_snapshots/d41bd014-5c74-4993-84a3-d31adf24edb6 returned with HTTP 202
2026-01-05 08:48:13.479 75 INFO cinder.api.openstack.wsgi [None req-88c65208-8a2c-4849-abbd-98d6792f47db 7b04a26c3de7443a8b8bb6772ee98e37 49f73cac8550414bb10b98e15b44f114 - - default default] GET http://[LB_IP_ADDRESS]:8776/v3/49f73cac8550414bb10b98e15b44f114/volumes/detail
2026-01-05 08:48:13.495 75 INFO cinder.volume.api [None req-88c65208-8a2c-4849-abbd-98d6792f47db 7b04a26c3de7443a8b8bb6772ee98e37 49f73cac8550414bb10b98e15b44f114 - - default default] Get all volumes completed successfully.
2026-01-05 08:48:13.513 75 INFO cinder.api.openstack.wsgi [None req-88c65208-8a2c-4849-abbd-98d6792f47db 7b04a26c3de7443a8b8bb6772ee98e37 49f73cac8550414bb10b98e15b44f114 - - default default] http://[LB_IP_ADDRESS]:8776/v3/49f73cac8550414bb10b98e15b44f114/volumes/detail returned with HTTP 200
2026-01-05 08:48:13.534 72 INFO cinder.api.openstack.wsgi [None req-b960d75c-6f25-493e-ab3b-83ceb08dfbf2 7b04a26c3de7443a8b8bb6772ee98e37 49f73cac8550414bb10b98e15b44f114 - - default default] GET http://[LB_IP_ADDRESS]:8776/v3/49f73cac8550414bb10b98e15b44f114/snapshots/detail
2026-01-05 08:48:13.542 72 INFO cinder.volume.api [None req-b960d75c-6f25-493e-ab3b-83ceb08dfbf2 7b04a26c3de7443a8b8bb6772ee98e37 49f73cac8550414bb10b98e15b44f114 - - default default] Get all snapshots completed successfully.
2026-01-05 08:48:13.543 72 INFO cinder.api.openstack.wsgi [None req-b960d75c-6f25-493e-ab3b-83ceb08dfbf2 7b04a26c3de7443a8b8bb6772ee98e37 49f73cac8550414bb10b98e15b44f114 - - default default] http://[LB_IP_ADDRESS]:8776/v3/49f73cac8550414bb10b98e15b44f114/snapshots/detail returned with HTTP 200
2026-01-05 08:48:13.560 74 INFO cinder.api.openstack.wsgi [None req-f914d27e-5eb6-439a-be42-9e73dfd8c9b2 7b04a26c3de7443a8b8bb6772ee98e37 49f73cac8550414bb10b98e15b44f114 - - default default] GET http://[LB_IP_ADDRESS]:8776/v3/49f73cac8550414bb10b98e15b44f114/snapshots/d6dbf2c7-4a73-46d6-ae72-c429a508a32d
2026-01-05 08:48:13.571 74 INFO cinder.volume.api [None req-f914d27e-5eb6-439a-be42-9e73dfd8c9b2 7b04a26c3de7443a8b8bb6772ee98e37 49f73cac8550414bb10b98e15b44f114 - - default default] Snapshot retrieved successfully.
2026-01-05 08:48:13.573 74 INFO cinder.api.openstack.wsgi [None req-f914d27e-5eb6-439a-be42-9e73dfd8c9b2 7b04a26c3de7443a8b8bb6772ee98e37 49f73cac8550414bb10b98e15b44f114 - - default default] http://[LB_IP_ADDRESS]:8776/v3/49f73cac8550414bb10b98e15b44f114/snapshots/d6dbf2c7-4a73-46d6-ae72-c429a508a32d returned with HTTP 200
2026-01-05 08:48:14.225 76 INFO cinder.api.openstack.wsgi [None req-4b7c099d-505a-4638-8f5e-5f7c1ace5891 df040471f46744b49460f307f038df43 f7e1286d958e498f87b02216451b36d8 - - default default] GET http://[LB_IP_ADDRESS]:8776/v3/f7e1286d958e498f87b02216451b36d8/volumes/96217523-0a58-4c35-9a62-9aa89a07002b
2026-01-05 08:48:14.236 76 INFO cinder.api.openstack.wsgi [None req-4b7c099d-505a-4638-8f5e-5f7c1ace5891 df040471f46744b49460f307f038df43 f7e1286d958e498f87b02216451b36d8 - - default default] http://[LB_IP_ADDRESS]:8776/v3/f7e1286d958e498f87b02216451b36d8/volumes/96217523-0a58-4c35-9a62-9aa89a07002b returned with HTTP 404
2026-01-05 08:48:14.248 73 INFO cinder.api.openstack.wsgi [None req-85f62ce7-5163-40ad-92fa-c82b34679fc3 df040471f46744b49460f307f038df43 f7e1286d958e498f87b02216451b36d8 - - default default] DELETE http://[LB_IP_ADDRESS]:8776/v3/f7e1286d958e498f87b02216451b36d8/volumes/da6c70be-dac4-464f-b0b9-4047f977ea1d
2026-01-05 08:48:14.249 73 INFO cinder.api.v3.volumes [None req-85f62ce7-5163-40ad-92fa-c82b34679fc3 df040471f46744b49460f307f038df43 f7e1286d958e498f87b02216451b36d8 - - default default] Delete volume with id: da6c70be-dac4-464f-b0b9-4047f977ea1d 
2026-01-05 08:48:14.264 73 INFO cinder.volume.api [None req-85f62ce7-5163-40ad-92fa-c82b34679fc3 df040471f46744b49460f307f038df43 f7e1286d958e498f87b02216451b36d8 - - default default] Volume info retrieved successfully.
2026-01-05 08:48:14.284 73 INFO cinder.volume.api [None req-85f62ce7-5163-40ad-92fa-c82b34679fc3 df040471f46744b49460f307f038df43 f7e1286d958e498f87b02216451b36d8 - - default default] Delete volume request issued successfully.
2026-01-05 08:48:14.284 73 INFO cinder.api.openstack.wsgi [None req-85f62ce7-5163-40ad-92fa-c82b34679fc3 df040471f46744b49460f307f038df43 f7e1286d958e498f87b02216451b36d8 - - default default] http://[LB_IP_ADDRESS]:8776/v3/f7e1286d958e498f87b02216451b36d8/volumes/da6c70be-dac4-464f-b0b9-4047f977ea1d returned with HTTP 202
2026-01-05 08:48:14.297 75 INFO cinder.api.openstack.wsgi [None req-3512269b-7b15-4cf6-9330-ef892dbb4895 df040471f46744b49460f307f038df43 f7e1286d958e498f87b02216451b36d8 - - default default] GET http://[LB_IP_ADDRESS]:8776/v3/f7e1286d958e498f87b02216451b36d8/volumes/da6c70be-dac4-464f-b0b9-4047f977ea1d
2026-01-05 08:48:14.313 75 INFO cinder.volume.api [None req-3512269b-7b15-4cf6-9330-ef892dbb4895 df040471f46744b49460f307f038df43 f7e1286d958e498f87b02216451b36d8 - - default default] Volume info retrieved successfully.
2026-01-05 08:48:14.317 75 INFO cinder.api.openstack.wsgi [None req-3512269b-7b15-4cf6-9330-ef892dbb4895 df040471f46744b49460f307f038df43 f7e1286d958e498f87b02216451b36d8 - - default default] http://[LB_IP_ADDRESS]:8776/v3/f7e1286d958e498f87b02216451b36d8/volumes/da6c70be-dac4-464f-b0b9-4047f977ea1d returned with HTTP 200
2026-01-05 08:48:14.588 72 INFO cinder.api.openstack.wsgi [None req-fa532e74-7244-4241-9506-034d1c007aba 7b04a26c3de7443a8b8bb6772ee98e37 49f73cac8550414bb10b98e15b44f114 - - default default] GET http://[LB_IP_ADDRESS]:8776/v3/49f73cac8550414bb10b98e15b44f114/snapshots/d6dbf2c7-4a73-46d6-ae72-c429a508a32d
2026-01-05 08:48:14.596 72 INFO cinder.api.openstack.wsgi [None req-fa532e74-7244-4241-9506-034d1c007aba 7b04a26c3de7443a8b8bb6772ee98e37 49f73cac8550414bb10b98e15b44f114 - - default default] http://[LB_IP_ADDRESS]:8776/v3/49f73cac8550414bb10b98e15b44f114/snapshots/d6dbf2c7-4a73-46d6-ae72-c429a508a32d returned with HTTP 404
2026-01-05 08:48:14.608 74 INFO cinder.api.openstack.wsgi [None req-b9f628f1-e37d-443d-9282-1e3812ba3666 7b04a26c3de7443a8b8bb6772ee98e37 49f73cac8550414bb10b98e15b44f114 - - default default] GET http://[LB_IP_ADDRESS]:8776/v3/49f73cac8550414bb10b98e15b44f114/group_snapshots/d41bd014-5c74-4993-84a3-d31adf24edb6
2026-01-05 08:48:14.613 74 INFO cinder.api.openstack.wsgi [None req-b9f628f1-e37d-443d-9282-1e3812ba3666 7b04a26c3de7443a8b8bb6772ee98e37 49f73cac8550414bb10b98e15b44f114 - - default default] http://[LB_IP_ADDRESS]:8776/v3/49f73cac8550414bb10b98e15b44f114/group_snapshots/d41bd014-5c74-4993-84a3-d31adf24edb6 returned with HTTP 404
2026-01-05 08:48:14.631 76 INFO cinder.api.openstack.wsgi [None req-cfb6629a-8eb0-47ee-b8cc-1f50180bc6db 7b04a26c3de7443a8b8bb6772ee98e37 49f73cac8550414bb10b98e15b44f114 - - default default] GET http://[LB_IP_ADDRESS]:8776/v3/49f73cac8550414bb10b98e15b44f114/volumes/detail
2026-01-05 08:48:14.650 76 INFO cinder.volume.api [None req-cfb6629a-8eb0-47ee-b8cc-1f50180bc6db 7b04a26c3de7443a8b8bb6772ee98e37 49f73cac8550414bb10b98e15b44f114 - - default default] Get all volumes completed successfully.
2026-01-05 08:48:14.683 76 INFO cinder.api.openstack.wsgi [None req-cfb6629a-8eb0-47ee-b8cc-1f50180bc6db 7b04a26c3de7443a8b8bb6772ee98e37 49f73cac8550414bb10b98e15b44f114 - - default default] http://[LB_IP_ADDRESS]:8776/v3/49f73cac8550414bb10b98e15b44f114/volumes/detail returned with HTTP 200
2026-01-05 08:48:14.702 73 INFO cinder.api.openstack.wsgi [None req-64a8997c-3528-4574-873e-492286aa3e32 7b04a26c3de7443a8b8bb6772ee98e37 49f73cac8550414bb10b98e15b44f114 - - default default] POST http://[LB_IP_ADDRESS]:8776/v3/49f73cac8550414bb10b98e15b44f114/groups/59454815-8ee3-45d3-a38e-53d19300ca22/action
2026-01-05 08:48:14.704 73 INFO cinder.api.v3.groups [None req-64a8997c-3528-4574-873e-492286aa3e32 7b04a26c3de7443a8b8bb6772ee98e37 49f73cac8550414bb10b98e15b44f114 - - default default] Delete group with id: 59454815-8ee3-45d3-a38e-53d19300ca22
2026-01-05 08:48:14.748 73 INFO cinder.api.openstack.wsgi [None req-64a8997c-3528-4574-873e-492286aa3e32 7b04a26c3de7443a8b8bb6772ee98e37 49f73cac8550414bb10b98e15b44f114 - - default default] http://[LB_IP_ADDRESS]:8776/v3/49f73cac8550414bb10b98e15b44f114/groups/59454815-8ee3-45d3-a38e-53d19300ca22/action returned with HTTP 202
2026-01-05 08:48:14.760 75 INFO cinder.api.openstack.wsgi [None req-21e0316e-9a37-4d73-bbc7-451c2e1c0fc8 7b04a26c3de7443a8b8bb6772ee98e37 49f73cac8550414bb10b98e15b44f114 - - default default] GET http://[LB_IP_ADDRESS]:8776/v3/49f73cac8550414bb10b98e15b44f114/volumes/9420ebd5-0d4b-425d-ad83-f27294ec77ee
2026-01-05 08:48:14.776 75 INFO cinder.volume.api [None req-21e0316e-9a37-4d73-bbc7-451c2e1c0fc8 7b04a26c3de7443a8b8bb6772ee98e37 49f73cac8550414bb10b98e15b44f114 - - default default] Volume info retrieved successfully.
2026-01-05 08:48:14.796 75 INFO cinder.api.openstack.wsgi [None req-21e0316e-9a37-4d73-bbc7-451c2e1c0fc8 7b04a26c3de7443a8b8bb6772ee98e37 49f73cac8550414bb10b98e15b44f114 - - default default] http://[LB_IP_ADDRESS]:8776/v3/49f73cac8550414bb10b98e15b44f114/volumes/9420ebd5-0d4b-425d-ad83-f27294ec77ee returned with HTTP 200
2026-01-05 08:48:15.334 72 INFO cinder.api.openstack.wsgi [None req-28ccc42e-0525-42ac-958d-106b49e1c25b df040471f46744b49460f307f038df43 f7e1286d958e498f87b02216451b36d8 - - default default] GET http://[LB_IP_ADDRESS]:8776/v3/f7e1286d958e498f87b02216451b36d8/volumes/da6c70be-dac4-464f-b0b9-4047f977ea1d
2026-01-05 08:48:15.345 72 INFO cinder.api.openstack.wsgi [None req-28ccc42e-0525-42ac-958d-106b49e1c25b df040471f46744b49460f307f038df43 f7e1286d958e498f87b02216451b36d8 - - default default] http://[LB_IP_ADDRESS]:8776/v3/f7e1286d958e498f87b02216451b36d8/volumes/da6c70be-dac4-464f-b0b9-4047f977ea1d returned with HTTP 404
2026-01-05 08:48:15.356 74 INFO cinder.api.openstack.wsgi [None req-82d4680c-2926-4aa6-9c41-a22a89289443 df040471f46744b49460f307f038df43 f7e1286d958e498f87b02216451b36d8 - - default default] DELETE http://[LB_IP_ADDRESS]:8776/v3/f7e1286d958e498f87b02216451b36d8/volumes/74da037d-0654-48fb-9d61-01f90751a340
2026-01-05 08:48:15.357 74 INFO cinder.api.v3.volumes [None req-82d4680c-2926-4aa6-9c41-a22a89289443 df040471f46744b49460f307f038df43 f7e1286d958e498f87b02216451b36d8 - - default default] Delete volume with id: 74da037d-0654-48fb-9d61-01f90751a340 
2026-01-05 08:48:15.369 74 INFO cinder.volume.api [None req-82d4680c-2926-4aa6-9c41-a22a89289443 df040471f46744b49460f307f038df43 f7e1286d958e498f87b02216451b36d8 - - default default] Volume info retrieved successfully.
2026-01-05 08:48:15.388 74 INFO cinder.volume.api [None req-82d4680c-2926-4aa6-9c41-a22a89289443 df040471f46744b49460f307f038df43 f7e1286d958e498f87b02216451b36d8 - - default default] Delete volume request issued successfully.
2026-01-05 08:48:15.389 74 INFO cinder.api.openstack.wsgi [None req-82d4680c-2926-4aa6-9c41-a22a89289443 df040471f46744b49460f307f038df43 f7e1286d958e498f87b02216451b36d8 - - default default] http://[LB_IP_ADDRESS]:8776/v3/f7e1286d958e498f87b02216451b36d8/volumes/74da037d-0654-48fb-9d61-01f90751a340 returned with HTTP 202
2026-01-05 08:48:15.400 76 INFO cinder.api.openstack.wsgi [None req-b160d458-8774-4ff0-99b1-e822d4228e51 df040471f46744b49460f307f038df43 f7e1286d958e498f87b02216451b36d8 - - default default] GET http://[LB_IP_ADDRESS]:8776/v3/f7e1286d958e498f87b02216451b36d8/volumes/74da037d-0654-48fb-9d61-01f90751a340
2026-01-05 08:48:15.414 76 INFO cinder.volume.api [None req-b160d458-8774-4ff0-99b1-e822d4228e51 df040471f46744b49460f307f038df43 f7e1286d958e498f87b02216451b36d8 - - default default] Volume info retrieved successfully.
2026-01-05 08:48:15.419 76 INFO cinder.api.openstack.wsgi [None req-b160d458-8774-4ff0-99b1-e822d4228e51 df040471f46744b49460f307f038df43 f7e1286d958e498f87b02216451b36d8 - - default default] http://[LB_IP_ADDRESS]:8776/v3/f7e1286d958e498f87b02216451b36d8/volumes/74da037d-0654-48fb-9d61-01f90751a340 returned with HTTP 200
2026-01-05 08:48:15.748 73 INFO cinder.api.openstack.wsgi [None req-4ee06039-fdaf-4c51-8555-5286a5775eca 1a6730fac3224d3ba33ac7a789c05774 56d5d98d809c48c8aa000b5d88b9b973 - - default default] POST http://[LB_IP_ADDRESS]:8776/v3/56d5d98d809c48c8aa000b5d88b9b973/group_types
2026-01-05 08:48:15.778 73 INFO cinder.api.openstack.wsgi [None req-4ee06039-fdaf-4c51-8555-5286a5775eca 1a6730fac3224d3ba33ac7a789c05774 56d5d98d809c48c8aa000b5d88b9b973 - - default default] http://[LB_IP_ADDRESS]:8776/v3/56d5d98d809c48c8aa000b5d88b9b973/group_types returned with HTTP 202
2026-01-05 08:48:15.793 75 INFO cinder.api.openstack.wsgi [None req-918c6d10-1473-4dcf-b2f6-04605b12cbaf 1a6730fac3224d3ba33ac7a789c05774 56d5d98d809c48c8aa000b5d88b9b973 - - default default] POST http://[LB_IP_ADDRESS]:8776/v3/56d5d98d809c48c8aa000b5d88b9b973/group_types/18eb7f13-2c50-47a4-bfe6-32befaaf0447/group_specs
2026-01-05 08:48:15.808 75 INFO cinder.api.openstack.wsgi [None req-918c6d10-1473-4dcf-b2f6-04605b12cbaf 1a6730fac3224d3ba33ac7a789c05774 56d5d98d809c48c8aa000b5d88b9b973 - - default default] http://[LB_IP_ADDRESS]:8776/v3/56d5d98d809c48c8aa000b5d88b9b973/group_types/18eb7f13-2c50-47a4-bfe6-32befaaf0447/group_specs returned with HTTP 202
2026-01-05 08:48:15.812 72 INFO cinder.api.openstack.wsgi [None req-cc3f7306-c286-49bf-b343-010fa613e8e5 7b04a26c3de7443a8b8bb6772ee98e37 49f73cac8550414bb10b98e15b44f114 - - default default] GET http://[LB_IP_ADDRESS]:8776/v3/49f73cac8550414bb10b98e15b44f114/volumes/9420ebd5-0d4b-425d-ad83-f27294ec77ee
2026-01-05 08:48:15.820 72 INFO cinder.api.openstack.wsgi [None req-cc3f7306-c286-49bf-b343-010fa613e8e5 7b04a26c3de7443a8b8bb6772ee98e37 49f73cac8550414bb10b98e15b44f114 - - default default] http://[LB_IP_ADDRESS]:8776/v3/49f73cac8550414bb10b98e15b44f114/volumes/9420ebd5-0d4b-425d-ad83-f27294ec77ee returned with HTTP 404
2026-01-05 08:48:15.822 74 INFO cinder.api.openstack.wsgi [None req-9d3ae046-64ab-4c37-8312-f9de10f9a636 1a6730fac3224d3ba33ac7a789c05774 56d5d98d809c48c8aa000b5d88b9b973 - - default default] POST http://[LB_IP_ADDRESS]:8776/v3/56d5d98d809c48c8aa000b5d88b9b973/group_types/18eb7f13-2c50-47a4-bfe6-32befaaf0447/group_specs
2026-01-05 08:48:15.832 76 INFO cinder.api.openstack.wsgi [None req-e8ec0f21-751c-4127-8b14-c8659938f395 7b04a26c3de7443a8b8bb6772ee98e37 49f73cac8550414bb10b98e15b44f114 - - default default] GET http://[LB_IP_ADDRESS]:8776/v3/49f73cac8550414bb10b98e15b44f114/groups/59454815-8ee3-45d3-a38e-53d19300ca22
2026-01-05 08:48:15.838 76 INFO cinder.api.openstack.wsgi [None req-e8ec0f21-751c-4127-8b14-c8659938f395 7b04a26c3de7443a8b8bb6772ee98e37 49f73cac8550414bb10b98e15b44f114 - - default default] http://[LB_IP_ADDRESS]:8776/v3/49f73cac8550414bb10b98e15b44f114/groups/59454815-8ee3-45d3-a38e-53d19300ca22 returned with HTTP 404
2026-01-05 08:48:15.839 74 INFO cinder.api.openstack.wsgi [None req-9d3ae046-64ab-4c37-8312-f9de10f9a636 1a6730fac3224d3ba33ac7a789c05774 56d5d98d809c48c8aa000b5d88b9b973 - - default default] http://[LB_IP_ADDRESS]:8776/v3/56d5d98d809c48c8aa000b5d88b9b973/group_types/18eb7f13-2c50-47a4-bfe6-32befaaf0447/group_specs returned with HTTP 202
2026-01-05 08:48:15.851 73 INFO cinder.api.openstack.wsgi [None req-7ca64853-dd5b-42e1-9af7-4ad50c82b248 5fe885d5d7164f049f47326964243d31 5b78b93f3ab749bd8fc7b8dfc954094b - - default default] DELETE http://[LB_IP_ADDRESS]:8776/v3/5b78b93f3ab749bd8fc7b8dfc954094b/group_types/ac0c695a-3a81-4d8c-8e7d-bab06e6dcde4
2026-01-05 08:48:15.851 75 INFO cinder.api.openstack.wsgi [None req-5d5dd35e-25d3-47d0-a340-723a1d0dd7cf 1a6730fac3224d3ba33ac7a789c05774 56d5d98d809c48c8aa000b5d88b9b973 - - default default] GET http://[LB_IP_ADDRESS]:8776/v3/56d5d98d809c48c8aa000b5d88b9b973/group_types/18eb7f13-2c50-47a4-bfe6-32befaaf0447/group_specs/key2
2026-01-05 08:48:15.862 75 INFO cinder.api.openstack.wsgi [None req-5d5dd35e-25d3-47d0-a340-723a1d0dd7cf 1a6730fac3224d3ba33ac7a789c05774 56d5d98d809c48c8aa000b5d88b9b973 - - default default] http://[LB_IP_ADDRESS]:8776/v3/56d5d98d809c48c8aa000b5d88b9b973/group_types/18eb7f13-2c50-47a4-bfe6-32befaaf0447/group_specs/key2 returned with HTTP 200
2026-01-05 08:48:15.868 73 INFO cinder.api.openstack.wsgi [None req-7ca64853-dd5b-42e1-9af7-4ad50c82b248 5fe885d5d7164f049f47326964243d31 5b78b93f3ab749bd8fc7b8dfc954094b - - default default] http://[LB_IP_ADDRESS]:8776/v3/5b78b93f3ab749bd8fc7b8dfc954094b/group_types/ac0c695a-3a81-4d8c-8e7d-bab06e6dcde4 returned with HTTP 202
2026-01-05 08:48:15.875 72 INFO cinder.api.openstack.wsgi [None req-4b356dfd-0a3e-4e6e-b414-78cd581cff83 1a6730fac3224d3ba33ac7a789c05774 56d5d98d809c48c8aa000b5d88b9b973 - - default default] GET http://[LB_IP_ADDRESS]:8776/v3/56d5d98d809c48c8aa000b5d88b9b973/group_types/18eb7f13-2c50-47a4-bfe6-32befaaf0447/group_specs/key3
2026-01-05 08:48:15.880 76 INFO cinder.api.openstack.wsgi [None req-7e538a2c-6134-4cca-a194-79cb91fef152 5fe885d5d7164f049f47326964243d31 5b78b93f3ab749bd8fc7b8dfc954094b - - default default] DELETE http://[LB_IP_ADDRESS]:8776/v3/5b78b93f3ab749bd8fc7b8dfc954094b/types/f66d1d09-6ead-4456-8f89-dbdd703d2480
2026-01-05 08:48:15.885 72 INFO cinder.api.openstack.wsgi [None req-4b356dfd-0a3e-4e6e-b414-78cd581cff83 1a6730fac3224d3ba33ac7a789c05774 56d5d98d809c48c8aa000b5d88b9b973 - - default default] http://[LB_IP_ADDRESS]:8776/v3/56d5d98d809c48c8aa000b5d88b9b973/group_types/18eb7f13-2c50-47a4-bfe6-32befaaf0447/group_specs/key3 returned with HTTP 200
2026-01-05 08:48:15.898 74 INFO cinder.api.openstack.wsgi [None req-367d8b6c-f607-40a6-b736-cf3879c2c236 1a6730fac3224d3ba33ac7a789c05774 56d5d98d809c48c8aa000b5d88b9b973 - - default default] PUT http://[LB_IP_ADDRESS]:8776/v3/56d5d98d809c48c8aa000b5d88b9b973/group_types/18eb7f13-2c50-47a4-bfe6-32befaaf0447/group_specs/key3
2026-01-05 08:48:15.911 74 INFO cinder.api.openstack.wsgi [None req-367d8b6c-f607-40a6-b736-cf3879c2c236 1a6730fac3224d3ba33ac7a789c05774 56d5d98d809c48c8aa000b5d88b9b973 - - default default] http://[LB_IP_ADDRESS]:8776/v3/56d5d98d809c48c8aa000b5d88b9b973/group_types/18eb7f13-2c50-47a4-bfe6-32befaaf0447/group_specs/key3 returned with HTTP 200
2026-01-05 08:48:15.924 75 INFO cinder.api.openstack.wsgi [None req-861ae4bc-a88c-49b8-b471-b9c589443461 1a6730fac3224d3ba33ac7a789c05774 56d5d98d809c48c8aa000b5d88b9b973 - - default default] GET http://[LB_IP_ADDRESS]:8776/v3/56d5d98d809c48c8aa000b5d88b9b973/group_types/18eb7f13-2c50-47a4-bfe6-32befaaf0447/group_specs
2026-01-05 08:48:15.925 76 INFO cinder.api.openstack.wsgi [None req-7e538a2c-6134-4cca-a194-79cb91fef152 5fe885d5d7164f049f47326964243d31 5b78b93f3ab749bd8fc7b8dfc954094b - - default default] http://[LB_IP_ADDRESS]:8776/v3/5b78b93f3ab749bd8fc7b8dfc954094b/types/f66d1d09-6ead-4456-8f89-dbdd703d2480 returned with HTTP 202
2026-01-05 08:48:15.934 75 INFO cinder.api.openstack.wsgi [None req-861ae4bc-a88c-49b8-b471-b9c589443461 1a6730fac3224d3ba33ac7a789c05774 56d5d98d809c48c8aa000b5d88b9b973 - - default default] http://[LB_IP_ADDRESS]:8776/v3/56d5d98d809c48c8aa000b5d88b9b973/group_types/18eb7f13-2c50-47a4-bfe6-32befaaf0447/group_specs returned with HTTP 200
2026-01-05 08:48:15.938 73 INFO cinder.api.openstack.wsgi [None req-7e708590-7984-4d4a-890b-62abb23b5206 5fe885d5d7164f049f47326964243d31 5b78b93f3ab749bd8fc7b8dfc954094b - - default default] GET http://[LB_IP_ADDRESS]:8776/v3/5b78b93f3ab749bd8fc7b8dfc954094b/types/f66d1d09-6ead-4456-8f89-dbdd703d2480
2026-01-05 08:48:15.943 73 INFO cinder.api.openstack.wsgi [None req-7e708590-7984-4d4a-890b-62abb23b5206 5fe885d5d7164f049f47326964243d31 5b78b93f3ab749bd8fc7b8dfc954094b - - default default] http://[LB_IP_ADDRESS]:8776/v3/5b78b93f3ab749bd8fc7b8dfc954094b/types/f66d1d09-6ead-4456-8f89-dbdd703d2480 returned with HTTP 404
2026-01-05 08:48:15.948 72 INFO cinder.api.openstack.wsgi [None req-c247d296-57f4-4c04-affb-07561ee4c885 1a6730fac3224d3ba33ac7a789c05774 56d5d98d809c48c8aa000b5d88b9b973 - - default default] DELETE http://[LB_IP_ADDRESS]:8776/v3/56d5d98d809c48c8aa000b5d88b9b973/group_types/18eb7f13-2c50-47a4-bfe6-32befaaf0447/group_specs/key1
2026-01-05 08:48:15.960 74 INFO cinder.api.openstack.wsgi [None req-451d9ccf-c571-441b-9cb6-c0bbc8013bdb 5fe885d5d7164f049f47326964243d31 5b78b93f3ab749bd8fc7b8dfc954094b - - default default] POST http://[LB_IP_ADDRESS]:8776/v3/5b78b93f3ab749bd8fc7b8dfc954094b/types
2026-01-05 08:48:15.961 72 INFO cinder.api.openstack.wsgi [None req-c247d296-57f4-4c04-affb-07561ee4c885 1a6730fac3224d3ba33ac7a789c05774 56d5d98d809c48c8aa000b5d88b9b973 - - default default] http://[LB_IP_ADDRESS]:8776/v3/56d5d98d809c48c8aa000b5d88b9b973/group_types/18eb7f13-2c50-47a4-bfe6-32befaaf0447/group_specs/key1 returned with HTTP 202
2026-01-05 08:48:15.972 76 INFO cinder.api.openstack.wsgi [None req-f5a4f056-ee78-4a32-98ae-e6a4133ebd00 1a6730fac3224d3ba33ac7a789c05774 56d5d98d809c48c8aa000b5d88b9b973 - - default default] GET http://[LB_IP_ADDRESS]:8776/v3/56d5d98d809c48c8aa000b5d88b9b973/group_types/18eb7f13-2c50-47a4-bfe6-32befaaf0447/group_specs/key1
2026-01-05 08:48:15.983 76 INFO cinder.api.openstack.wsgi [None req-f5a4f056-ee78-4a32-98ae-e6a4133ebd00 1a6730fac3224d3ba33ac7a789c05774 56d5d98d809c48c8aa000b5d88b9b973 - - default default] HTTP exception thrown: Group Type 18eb7f13-2c50-47a4-bfe6-32befaaf0447 has no extra spec with key key1.
2026-01-05 08:48:15.984 76 INFO cinder.api.openstack.wsgi [None req-f5a4f056-ee78-4a32-98ae-e6a4133ebd00 1a6730fac3224d3ba33ac7a789c05774 56d5d98d809c48c8aa000b5d88b9b973 - - default default] http://[LB_IP_ADDRESS]:8776/v3/56d5d98d809c48c8aa000b5d88b9b973/group_types/18eb7f13-2c50-47a4-bfe6-32befaaf0447/group_specs/key1 returned with HTTP 404
2026-01-05 08:48:15.996 75 INFO cinder.api.openstack.wsgi [None req-fa663a1b-11f8-4671-a868-fc6bb7790c20 1a6730fac3224d3ba33ac7a789c05774 56d5d98d809c48c8aa000b5d88b9b973 - - default default] DELETE http://[LB_IP_ADDRESS]:8776/v3/56d5d98d809c48c8aa000b5d88b9b973/group_types/18eb7f13-2c50-47a4-bfe6-32befaaf0447/group_specs/key2
2026-01-05 08:48:16.003 74 INFO cinder.api.openstack.wsgi [None req-451d9ccf-c571-441b-9cb6-c0bbc8013bdb 5fe885d5d7164f049f47326964243d31 5b78b93f3ab749bd8fc7b8dfc954094b - - default default] http://[LB_IP_ADDRESS]:8776/v3/5b78b93f3ab749bd8fc7b8dfc954094b/types returned with HTTP 200
2026-01-05 08:48:16.008 75 INFO cinder.api.openstack.wsgi [None req-fa663a1b-11f8-4671-a868-fc6bb7790c20 1a6730fac3224d3ba33ac7a789c05774 56d5d98d809c48c8aa000b5d88b9b973 - - default default] http://[LB_IP_ADDRESS]:8776/v3/56d5d98d809c48c8aa000b5d88b9b973/group_types/18eb7f13-2c50-47a4-bfe6-32befaaf0447/group_specs/key2 returned with HTTP 202
2026-01-05 08:48:16.018 73 INFO cinder.api.openstack.wsgi [None req-863d5baf-8971-43ce-ad00-0bc63cbcd164 5fe885d5d7164f049f47326964243d31 5b78b93f3ab749bd8fc7b8dfc954094b - - default default] POST http://[LB_IP_ADDRESS]:8776/v3/5b78b93f3ab749bd8fc7b8dfc954094b/group_types
2026-01-05 08:48:16.020 72 INFO cinder.api.openstack.wsgi [None req-55ac0ad2-ecc9-493e-9852-4aef2d7bbe49 1a6730fac3224d3ba33ac7a789c05774 56d5d98d809c48c8aa000b5d88b9b973 - - default default] GET http://[LB_IP_ADDRESS]:8776/v3/56d5d98d809c48c8aa000b5d88b9b973/group_types/18eb7f13-2c50-47a4-bfe6-32befaaf0447/group_specs/key2
2026-01-05 08:48:16.030 72 INFO cinder.api.openstack.wsgi [None req-55ac0ad2-ecc9-493e-9852-4aef2d7bbe49 1a6730fac3224d3ba33ac7a789c05774 56d5d98d809c48c8aa000b5d88b9b973 - - default default] HTTP exception thrown: Group Type 18eb7f13-2c50-47a4-bfe6-32befaaf0447 has no extra spec with key key2.
2026-01-05 08:48:16.031 72 INFO cinder.api.openstack.wsgi [None req-55ac0ad2-ecc9-493e-9852-4aef2d7bbe49 1a6730fac3224d3ba33ac7a789c05774 56d5d98d809c48c8aa000b5d88b9b973 - - default default] http://[LB_IP_ADDRESS]:8776/v3/56d5d98d809c48c8aa000b5d88b9b973/group_types/18eb7f13-2c50-47a4-bfe6-32befaaf0447/group_specs/key2 returned with HTTP 404
2026-01-05 08:48:16.040 73 INFO cinder.api.openstack.wsgi [None req-863d5baf-8971-43ce-ad00-0bc63cbcd164 5fe885d5d7164f049f47326964243d31 5b78b93f3ab749bd8fc7b8dfc954094b - - default default] http://[LB_IP_ADDRESS]:8776/v3/5b78b93f3ab749bd8fc7b8dfc954094b/group_types returned with HTTP 202
2026-01-05 08:48:16.043 76 INFO cinder.api.openstack.wsgi [None req-5ab31f7d-fe0f-455c-b3c5-a674f6eb9d19 1a6730fac3224d3ba33ac7a789c05774 56d5d98d809c48c8aa000b5d88b9b973 - - default default] DELETE http://[LB_IP_ADDRESS]:8776/v3/56d5d98d809c48c8aa000b5d88b9b973/group_types/18eb7f13-2c50-47a4-bfe6-32befaaf0447/group_specs/key3
