2025-01-14 20:44:07.556 24 INFO cinder.api.openstack.wsgi [None req-42a104c2-e67b-4e33-9f92-84546984687b ea6005155ea14f779d872854cc640d0b 957a7b127ec642d69fbc429b58846b2e - - default default] http://[LB_IP_ADDRESS]:8776/v3/957a7b127ec642d69fbc429b58846b2e/group_types/a263835f-839e-48de-b88c-fa3225eb12d0/group_specs returned with HTTP 202
2025-01-14 20:44:07.570 21 INFO cinder.api.openstack.wsgi [None req-8fd70f24-3ac9-4a43-b8b7-63dab15aa289 ea6005155ea14f779d872854cc640d0b 957a7b127ec642d69fbc429b58846b2e - - default default] GET http://[LB_IP_ADDRESS]:8776/v3/957a7b127ec642d69fbc429b58846b2e/group_types/a263835f-839e-48de-b88c-fa3225eb12d0/group_specs/key2
2025-01-14 20:44:07.583 21 INFO cinder.api.openstack.wsgi [None req-8fd70f24-3ac9-4a43-b8b7-63dab15aa289 ea6005155ea14f779d872854cc640d0b 957a7b127ec642d69fbc429b58846b2e - - default default] http://[LB_IP_ADDRESS]:8776/v3/957a7b127ec642d69fbc429b58846b2e/group_types/a263835f-839e-48de-b88c-fa3225eb12d0/group_specs/key2 returned with HTTP 200
2025-01-14 20:44:07.597 22 INFO cinder.api.openstack.wsgi [None req-caf43798-13b9-45f5-a07e-f967624bfdad ea6005155ea14f779d872854cc640d0b 957a7b127ec642d69fbc429b58846b2e - - default default] GET http://[LB_IP_ADDRESS]:8776/v3/957a7b127ec642d69fbc429b58846b2e/group_types/a263835f-839e-48de-b88c-fa3225eb12d0/group_specs/key3
2025-01-14 20:44:07.610 22 INFO cinder.api.openstack.wsgi [None req-caf43798-13b9-45f5-a07e-f967624bfdad ea6005155ea14f779d872854cc640d0b 957a7b127ec642d69fbc429b58846b2e - - default default] http://[LB_IP_ADDRESS]:8776/v3/957a7b127ec642d69fbc429b58846b2e/group_types/a263835f-839e-48de-b88c-fa3225eb12d0/group_specs/key3 returned with HTTP 200
2025-01-14 20:44:07.623 23 INFO cinder.api.openstack.wsgi [None req-d197154d-5861-4cc2-8674-75487e500f14 ea6005155ea14f779d872854cc640d0b 957a7b127ec642d69fbc429b58846b2e - - default default] PUT http://[LB_IP_ADDRESS]:8776/v3/957a7b127ec642d69fbc429b58846b2e/group_types/a263835f-839e-48de-b88c-fa3225eb12d0/group_specs/key3
2025-01-14 20:44:07.642 23 INFO cinder.api.openstack.wsgi [None req-d197154d-5861-4cc2-8674-75487e500f14 ea6005155ea14f779d872854cc640d0b 957a7b127ec642d69fbc429b58846b2e - - default default] http://[LB_IP_ADDRESS]:8776/v3/957a7b127ec642d69fbc429b58846b2e/group_types/a263835f-839e-48de-b88c-fa3225eb12d0/group_specs/key3 returned with HTTP 200
2025-01-14 20:44:07.655 25 INFO cinder.api.openstack.wsgi [None req-ade3a086-595f-4b65-a3a5-33265d60096c ea6005155ea14f779d872854cc640d0b 957a7b127ec642d69fbc429b58846b2e - - default default] GET http://[LB_IP_ADDRESS]:8776/v3/957a7b127ec642d69fbc429b58846b2e/group_types/a263835f-839e-48de-b88c-fa3225eb12d0/group_specs
2025-01-14 20:44:07.669 25 INFO cinder.api.openstack.wsgi [None req-ade3a086-595f-4b65-a3a5-33265d60096c ea6005155ea14f779d872854cc640d0b 957a7b127ec642d69fbc429b58846b2e - - default default] http://[LB_IP_ADDRESS]:8776/v3/957a7b127ec642d69fbc429b58846b2e/group_types/a263835f-839e-48de-b88c-fa3225eb12d0/group_specs returned with HTTP 200
2025-01-14 20:44:07.682 24 INFO cinder.api.openstack.wsgi [None req-ef18f198-1892-4689-98c1-27bfd98182e2 ea6005155ea14f779d872854cc640d0b 957a7b127ec642d69fbc429b58846b2e - - default default] DELETE http://[LB_IP_ADDRESS]:8776/v3/957a7b127ec642d69fbc429b58846b2e/group_types/a263835f-839e-48de-b88c-fa3225eb12d0/group_specs/key1
2025-01-14 20:44:07.700 24 INFO cinder.api.openstack.wsgi [None req-ef18f198-1892-4689-98c1-27bfd98182e2 ea6005155ea14f779d872854cc640d0b 957a7b127ec642d69fbc429b58846b2e - - default default] http://[LB_IP_ADDRESS]:8776/v3/957a7b127ec642d69fbc429b58846b2e/group_types/a263835f-839e-48de-b88c-fa3225eb12d0/group_specs/key1 returned with HTTP 202
2025-01-14 20:44:07.712 21 INFO cinder.api.openstack.wsgi [None req-81c8e55f-a8a9-44c2-bba9-44e52810dbef ea6005155ea14f779d872854cc640d0b 957a7b127ec642d69fbc429b58846b2e - - default default] GET http://[LB_IP_ADDRESS]:8776/v3/957a7b127ec642d69fbc429b58846b2e/group_types/a263835f-839e-48de-b88c-fa3225eb12d0/group_specs/key1
2025-01-14 20:44:07.725 21 INFO cinder.api.openstack.wsgi [None req-81c8e55f-a8a9-44c2-bba9-44e52810dbef ea6005155ea14f779d872854cc640d0b 957a7b127ec642d69fbc429b58846b2e - - default default] HTTP exception thrown: Group Type a263835f-839e-48de-b88c-fa3225eb12d0 has no extra spec with key key1.
2025-01-14 20:44:07.726 21 INFO cinder.api.openstack.wsgi [None req-81c8e55f-a8a9-44c2-bba9-44e52810dbef ea6005155ea14f779d872854cc640d0b 957a7b127ec642d69fbc429b58846b2e - - default default] http://[LB_IP_ADDRESS]:8776/v3/957a7b127ec642d69fbc429b58846b2e/group_types/a263835f-839e-48de-b88c-fa3225eb12d0/group_specs/key1 returned with HTTP 404
2025-01-14 20:44:07.738 22 INFO cinder.api.openstack.wsgi [None req-f12b8e31-fef5-4b76-862b-1a2e956f3ef0 ea6005155ea14f779d872854cc640d0b 957a7b127ec642d69fbc429b58846b2e - - default default] DELETE http://[LB_IP_ADDRESS]:8776/v3/957a7b127ec642d69fbc429b58846b2e/group_types/a263835f-839e-48de-b88c-fa3225eb12d0/group_specs/key2
2025-01-14 20:44:07.757 22 INFO cinder.api.openstack.wsgi [None req-f12b8e31-fef5-4b76-862b-1a2e956f3ef0 ea6005155ea14f779d872854cc640d0b 957a7b127ec642d69fbc429b58846b2e - - default default] http://[LB_IP_ADDRESS]:8776/v3/957a7b127ec642d69fbc429b58846b2e/group_types/a263835f-839e-48de-b88c-fa3225eb12d0/group_specs/key2 returned with HTTP 202
2025-01-14 20:44:07.768 23 INFO cinder.api.openstack.wsgi [None req-e2eb06aa-4609-4675-aba7-9e07fc96df1b ea6005155ea14f779d872854cc640d0b 957a7b127ec642d69fbc429b58846b2e - - default default] GET http://[LB_IP_ADDRESS]:8776/v3/957a7b127ec642d69fbc429b58846b2e/group_types/a263835f-839e-48de-b88c-fa3225eb12d0/group_specs/key2
2025-01-14 20:44:07.780 23 INFO cinder.api.openstack.wsgi [None req-e2eb06aa-4609-4675-aba7-9e07fc96df1b ea6005155ea14f779d872854cc640d0b 957a7b127ec642d69fbc429b58846b2e - - default default] HTTP exception thrown: Group Type a263835f-839e-48de-b88c-fa3225eb12d0 has no extra spec with key key2.
2025-01-14 20:44:07.781 23 INFO cinder.api.openstack.wsgi [None req-e2eb06aa-4609-4675-aba7-9e07fc96df1b ea6005155ea14f779d872854cc640d0b 957a7b127ec642d69fbc429b58846b2e - - default default] http://[LB_IP_ADDRESS]:8776/v3/957a7b127ec642d69fbc429b58846b2e/group_types/a263835f-839e-48de-b88c-fa3225eb12d0/group_specs/key2 returned with HTTP 404
2025-01-14 20:44:07.803 25 INFO cinder.api.openstack.wsgi [None req-c1fefc6c-0024-46be-ad51-967864ecba3d ea6005155ea14f779d872854cc640d0b 957a7b127ec642d69fbc429b58846b2e - - default default] DELETE http://[LB_IP_ADDRESS]:8776/v3/957a7b127ec642d69fbc429b58846b2e/group_types/a263835f-839e-48de-b88c-fa3225eb12d0/group_specs/key3
2025-01-14 20:44:07.831 24 INFO cinder.api.openstack.wsgi [None req-0c34fdfb-20e5-4591-8490-47d0da040eb6 24cb4b8a727c48d691b7a86acd23aece b4b2f7583fb147c5908eb92cd69baf28 - - default default] GET http://[LB_IP_ADDRESS]:8776/v3/b4b2f7583fb147c5908eb92cd69baf28/snapshots/d65a4f2d-1bd6-4ca5-aecd-ca33f03d9141
2025-01-14 20:44:07.833 25 INFO cinder.api.openstack.wsgi [None req-c1fefc6c-0024-46be-ad51-967864ecba3d ea6005155ea14f779d872854cc640d0b 957a7b127ec642d69fbc429b58846b2e - - default default] http://[LB_IP_ADDRESS]:8776/v3/957a7b127ec642d69fbc429b58846b2e/group_types/a263835f-839e-48de-b88c-fa3225eb12d0/group_specs/key3 returned with HTTP 202
2025-01-14 20:44:07.845 24 INFO cinder.volume.api [None req-0c34fdfb-20e5-4591-8490-47d0da040eb6 24cb4b8a727c48d691b7a86acd23aece b4b2f7583fb147c5908eb92cd69baf28 - - default default] Snapshot retrieved successfully.
2025-01-14 20:44:07.846 21 INFO cinder.api.openstack.wsgi [None req-e7e3040b-9692-4cab-9e82-9a284f5b231f ea6005155ea14f779d872854cc640d0b 957a7b127ec642d69fbc429b58846b2e - - default default] GET http://[LB_IP_ADDRESS]:8776/v3/957a7b127ec642d69fbc429b58846b2e/group_types/a263835f-839e-48de-b88c-fa3225eb12d0/group_specs/key3
2025-01-14 20:44:07.847 24 INFO cinder.api.openstack.wsgi [None req-0c34fdfb-20e5-4591-8490-47d0da040eb6 24cb4b8a727c48d691b7a86acd23aece b4b2f7583fb147c5908eb92cd69baf28 - - default default] http://[LB_IP_ADDRESS]:8776/v3/b4b2f7583fb147c5908eb92cd69baf28/snapshots/d65a4f2d-1bd6-4ca5-aecd-ca33f03d9141 returned with HTTP 200
2025-01-14 20:44:07.857 21 INFO cinder.api.openstack.wsgi [None req-e7e3040b-9692-4cab-9e82-9a284f5b231f ea6005155ea14f779d872854cc640d0b 957a7b127ec642d69fbc429b58846b2e - - default default] HTTP exception thrown: Group Type a263835f-839e-48de-b88c-fa3225eb12d0 has no extra spec with key key3.
2025-01-14 20:44:07.858 21 INFO cinder.api.openstack.wsgi [None req-e7e3040b-9692-4cab-9e82-9a284f5b231f ea6005155ea14f779d872854cc640d0b 957a7b127ec642d69fbc429b58846b2e - - default default] http://[LB_IP_ADDRESS]:8776/v3/957a7b127ec642d69fbc429b58846b2e/group_types/a263835f-839e-48de-b88c-fa3225eb12d0/group_specs/key3 returned with HTTP 404
2025-01-14 20:44:07.864 22 INFO cinder.api.openstack.wsgi [None req-66ef1fb1-34f1-469b-b7cc-c6efe308fc6e da4b62e43b4847e6a7109f3d22a057b6 41ffc93038ef47d3be1c36fb06c47b87 - - default default] POST http://[LB_IP_ADDRESS]:8776/v3/41ffc93038ef47d3be1c36fb06c47b87/snapshots/d65a4f2d-1bd6-4ca5-aecd-ca33f03d9141/action
2025-01-14 20:44:07.870 23 INFO cinder.api.openstack.wsgi [None req-49577bac-39fd-49e3-9d5b-479f6c04db82 ea6005155ea14f779d872854cc640d0b 957a7b127ec642d69fbc429b58846b2e - - default default] DELETE http://[LB_IP_ADDRESS]:8776/v3/957a7b127ec642d69fbc429b58846b2e/group_types/a263835f-839e-48de-b88c-fa3225eb12d0
2025-01-14 20:44:07.893 23 INFO cinder.api.openstack.wsgi [None req-49577bac-39fd-49e3-9d5b-479f6c04db82 ea6005155ea14f779d872854cc640d0b 957a7b127ec642d69fbc429b58846b2e - - default default] http://[LB_IP_ADDRESS]:8776/v3/957a7b127ec642d69fbc429b58846b2e/group_types/a263835f-839e-48de-b88c-fa3225eb12d0 returned with HTTP 202
2025-01-14 20:44:07.909 22 INFO cinder.api.openstack.wsgi [None req-66ef1fb1-34f1-469b-b7cc-c6efe308fc6e da4b62e43b4847e6a7109f3d22a057b6 41ffc93038ef47d3be1c36fb06c47b87 - - default default] http://[LB_IP_ADDRESS]:8776/v3/41ffc93038ef47d3be1c36fb06c47b87/snapshots/d65a4f2d-1bd6-4ca5-aecd-ca33f03d9141/action returned with HTTP 202
2025-01-14 20:44:07.923 25 INFO cinder.api.openstack.wsgi [None req-d1360a59-228d-4885-8927-c0267c550c6c 24cb4b8a727c48d691b7a86acd23aece b4b2f7583fb147c5908eb92cd69baf28 - - default default] GET http://[LB_IP_ADDRESS]:8776/v3/b4b2f7583fb147c5908eb92cd69baf28/snapshots/d65a4f2d-1bd6-4ca5-aecd-ca33f03d9141
2025-01-14 20:44:07.939 25 INFO cinder.volume.api [None req-d1360a59-228d-4885-8927-c0267c550c6c 24cb4b8a727c48d691b7a86acd23aece b4b2f7583fb147c5908eb92cd69baf28 - - default default] Snapshot retrieved successfully.
2025-01-14 20:44:07.942 25 INFO cinder.api.openstack.wsgi [None req-d1360a59-228d-4885-8927-c0267c550c6c 24cb4b8a727c48d691b7a86acd23aece b4b2f7583fb147c5908eb92cd69baf28 - - default default] http://[LB_IP_ADDRESS]:8776/v3/b4b2f7583fb147c5908eb92cd69baf28/snapshots/d65a4f2d-1bd6-4ca5-aecd-ca33f03d9141 returned with HTTP 200
2025-01-14 20:44:07.959 24 INFO cinder.api.openstack.wsgi [None req-6dbf3b97-2837-4209-beae-f12fcc0b3215 da4b62e43b4847e6a7109f3d22a057b6 41ffc93038ef47d3be1c36fb06c47b87 - - default default] POST http://[LB_IP_ADDRESS]:8776/v3/41ffc93038ef47d3be1c36fb06c47b87/snapshots/d65a4f2d-1bd6-4ca5-aecd-ca33f03d9141/action
2025-01-14 20:44:07.972 24 INFO cinder.volume.api [None req-6dbf3b97-2837-4209-beae-f12fcc0b3215 da4b62e43b4847e6a7109f3d22a057b6 41ffc93038ef47d3be1c36fb06c47b87 - - default default] Snapshot retrieved successfully.
2025-01-14 20:44:07.987 21 INFO cinder.api.openstack.wsgi [None req-d8df9fcf-becf-448f-85fb-55e55662d08b 51901480e4e54719ac98caeaae065b38 9f90e164813549d2a6c2979688971d24 - - default default] GET http://[LB_IP_ADDRESS]:8776/v3/9f90e164813549d2a6c2979688971d24/volumes/f7f9a9ea-f935-4574-b7d3-5c68b8b8d5c0
2025-01-14 20:44:08.002 21 INFO cinder.api.openstack.wsgi [None req-d8df9fcf-becf-448f-85fb-55e55662d08b 51901480e4e54719ac98caeaae065b38 9f90e164813549d2a6c2979688971d24 - - default default] http://[LB_IP_ADDRESS]:8776/v3/9f90e164813549d2a6c2979688971d24/volumes/f7f9a9ea-f935-4574-b7d3-5c68b8b8d5c0 returned with HTTP 404
2025-01-14 20:44:08.006 24 INFO cinder.volume.api [None req-6dbf3b97-2837-4209-beae-f12fcc0b3215 da4b62e43b4847e6a7109f3d22a057b6 41ffc93038ef47d3be1c36fb06c47b87 - - default default] Snapshot delete request issued successfully.
2025-01-14 20:44:08.007 24 INFO cinder.api.openstack.wsgi [None req-6dbf3b97-2837-4209-beae-f12fcc0b3215 da4b62e43b4847e6a7109f3d22a057b6 41ffc93038ef47d3be1c36fb06c47b87 - - default default] http://[LB_IP_ADDRESS]:8776/v3/41ffc93038ef47d3be1c36fb06c47b87/snapshots/d65a4f2d-1bd6-4ca5-aecd-ca33f03d9141/action returned with HTTP 202
2025-01-14 20:44:08.015 23 INFO cinder.api.openstack.wsgi [None req-c25cb704-7414-418b-9973-7aee8c2aaa5c 51901480e4e54719ac98caeaae065b38 9f90e164813549d2a6c2979688971d24 - - default default] GET http://[LB_IP_ADDRESS]:8776/v3/9f90e164813549d2a6c2979688971d24/groups/9b0bdd90-4163-4b97-aa15-e64f293860d2
2025-01-14 20:44:08.020 22 INFO cinder.api.openstack.wsgi [None req-7131aa06-0d8b-4437-aa87-6ae986641eb0 24cb4b8a727c48d691b7a86acd23aece b4b2f7583fb147c5908eb92cd69baf28 - - default default] GET http://[LB_IP_ADDRESS]:8776/v3/b4b2f7583fb147c5908eb92cd69baf28/snapshots/d65a4f2d-1bd6-4ca5-aecd-ca33f03d9141
2025-01-14 20:44:08.022 23 INFO cinder.api.openstack.wsgi [None req-c25cb704-7414-418b-9973-7aee8c2aaa5c 51901480e4e54719ac98caeaae065b38 9f90e164813549d2a6c2979688971d24 - - default default] http://[LB_IP_ADDRESS]:8776/v3/9f90e164813549d2a6c2979688971d24/groups/9b0bdd90-4163-4b97-aa15-e64f293860d2 returned with HTTP 404
2025-01-14 20:44:08.032 22 INFO cinder.volume.api [None req-7131aa06-0d8b-4437-aa87-6ae986641eb0 24cb4b8a727c48d691b7a86acd23aece b4b2f7583fb147c5908eb92cd69baf28 - - default default] Snapshot retrieved successfully.
2025-01-14 20:44:08.034 25 INFO cinder.api.openstack.wsgi [None req-9b6421fb-eb23-4e67-b743-2e7b1ec38ca8 dea7f84738824fb286beefef4ab0ab7e d01cece537e4424e920dc423ebffb066 - - default default] DELETE http://[LB_IP_ADDRESS]:8776/v3/d01cece537e4424e920dc423ebffb066/group_types/bc0677da-b131-4aa6-86ff-a4fdc5c79fc1
2025-01-14 20:44:08.034 22 INFO cinder.api.openstack.wsgi [None req-7131aa06-0d8b-4437-aa87-6ae986641eb0 24cb4b8a727c48d691b7a86acd23aece b4b2f7583fb147c5908eb92cd69baf28 - - default default] http://[LB_IP_ADDRESS]:8776/v3/b4b2f7583fb147c5908eb92cd69baf28/snapshots/d65a4f2d-1bd6-4ca5-aecd-ca33f03d9141 returned with HTTP 200
2025-01-14 20:44:08.058 25 INFO cinder.api.openstack.wsgi [None req-9b6421fb-eb23-4e67-b743-2e7b1ec38ca8 dea7f84738824fb286beefef4ab0ab7e d01cece537e4424e920dc423ebffb066 - - default default] http://[LB_IP_ADDRESS]:8776/v3/d01cece537e4424e920dc423ebffb066/group_types/bc0677da-b131-4aa6-86ff-a4fdc5c79fc1 returned with HTTP 202
2025-01-14 20:44:08.070 21 INFO cinder.api.openstack.wsgi [None req-ac496c65-fc59-418d-8481-e826e6f1789e dea7f84738824fb286beefef4ab0ab7e d01cece537e4424e920dc423ebffb066 - - default default] DELETE http://[LB_IP_ADDRESS]:8776/v3/d01cece537e4424e920dc423ebffb066/types/fceed7ca-889e-4cb8-ae54-297d4b1d1718
2025-01-14 20:44:08.124 21 INFO cinder.api.openstack.wsgi [None req-ac496c65-fc59-418d-8481-e826e6f1789e dea7f84738824fb286beefef4ab0ab7e d01cece537e4424e920dc423ebffb066 - - default default] http://[LB_IP_ADDRESS]:8776/v3/d01cece537e4424e920dc423ebffb066/types/fceed7ca-889e-4cb8-ae54-297d4b1d1718 returned with HTTP 202
2025-01-14 20:44:08.137 24 INFO cinder.api.openstack.wsgi [None req-d0271ed2-f7b0-4e86-a283-a3ce93a1b66d dea7f84738824fb286beefef4ab0ab7e d01cece537e4424e920dc423ebffb066 - - default default] GET http://[LB_IP_ADDRESS]:8776/v3/d01cece537e4424e920dc423ebffb066/types/fceed7ca-889e-4cb8-ae54-297d4b1d1718
2025-01-14 20:44:08.144 24 INFO cinder.api.openstack.wsgi [None req-d0271ed2-f7b0-4e86-a283-a3ce93a1b66d dea7f84738824fb286beefef4ab0ab7e d01cece537e4424e920dc423ebffb066 - - default default] http://[LB_IP_ADDRESS]:8776/v3/d01cece537e4424e920dc423ebffb066/types/fceed7ca-889e-4cb8-ae54-297d4b1d1718 returned with HTTP 404
2025-01-14 20:44:08.164 23 INFO cinder.api.openstack.wsgi [None req-34888622-c337-4059-b796-46553c5d10dd dea7f84738824fb286beefef4ab0ab7e d01cece537e4424e920dc423ebffb066 - - default default] POST http://[LB_IP_ADDRESS]:8776/v3/d01cece537e4424e920dc423ebffb066/types
2025-01-14 20:44:08.193 23 INFO cinder.api.openstack.wsgi [None req-34888622-c337-4059-b796-46553c5d10dd dea7f84738824fb286beefef4ab0ab7e d01cece537e4424e920dc423ebffb066 - - default default] http://[LB_IP_ADDRESS]:8776/v3/d01cece537e4424e920dc423ebffb066/types returned with HTTP 200
2025-01-14 20:44:08.208 22 INFO cinder.api.openstack.wsgi [None req-a5760b78-5253-4c3e-b84a-2eaf64e8348b dea7f84738824fb286beefef4ab0ab7e d01cece537e4424e920dc423ebffb066 - - default default] POST http://[LB_IP_ADDRESS]:8776/v3/d01cece537e4424e920dc423ebffb066/group_types
2025-01-14 20:44:08.236 22 INFO cinder.api.openstack.wsgi [None req-a5760b78-5253-4c3e-b84a-2eaf64e8348b dea7f84738824fb286beefef4ab0ab7e d01cece537e4424e920dc423ebffb066 - - default default] http://[LB_IP_ADDRESS]:8776/v3/d01cece537e4424e920dc423ebffb066/group_types returned with HTTP 202
2025-01-14 20:44:08.250 25 INFO cinder.api.openstack.wsgi [None req-973694b7-5179-4414-a9c9-922fed1724ca 51901480e4e54719ac98caeaae065b38 9f90e164813549d2a6c2979688971d24 - - default default] POST http://[LB_IP_ADDRESS]:8776/v3/9f90e164813549d2a6c2979688971d24/groups
2025-01-14 20:44:08.261 25 INFO cinder.api.v3.groups [None req-973694b7-5179-4414-a9c9-922fed1724ca 51901480e4e54719ac98caeaae065b38 9f90e164813549d2a6c2979688971d24 - - default default] Creating group tempest-GroupSnapshotsTest-Group-482506377.
2025-01-14 20:44:08.270 25 INFO cinder.volume.api [None req-973694b7-5179-4414-a9c9-922fed1724ca 51901480e4e54719ac98caeaae065b38 9f90e164813549d2a6c2979688971d24 - - default default] Availability Zones retrieved successfully.
2025-01-14 20:44:08.375 25 INFO cinder.api.openstack.wsgi [None req-973694b7-5179-4414-a9c9-922fed1724ca 51901480e4e54719ac98caeaae065b38 9f90e164813549d2a6c2979688971d24 - - default default] http://[LB_IP_ADDRESS]:8776/v3/9f90e164813549d2a6c2979688971d24/groups returned with HTTP 202
2025-01-14 20:44:08.388 21 INFO cinder.api.openstack.wsgi [None req-daf05d1b-8728-4cb6-b3e7-4ad840b34c25 51901480e4e54719ac98caeaae065b38 9f90e164813549d2a6c2979688971d24 - - default default] GET http://[LB_IP_ADDRESS]:8776/v3/9f90e164813549d2a6c2979688971d24/groups/c342a10e-04f5-446a-8992-63d4a7925f6a
2025-01-14 20:44:08.411 21 INFO cinder.api.openstack.wsgi [None req-daf05d1b-8728-4cb6-b3e7-4ad840b34c25 51901480e4e54719ac98caeaae065b38 9f90e164813549d2a6c2979688971d24 - - default default] http://[LB_IP_ADDRESS]:8776/v3/9f90e164813549d2a6c2979688971d24/groups/c342a10e-04f5-446a-8992-63d4a7925f6a returned with HTTP 200
2025-01-14 20:44:08.769 24 INFO cinder.api.openstack.wsgi [None req-0e873b34-4491-422c-a7f0-ed828746a45c - - - - - -] GET http://[LB_IP_ADDRESS]:8776/
2025-01-14 20:44:08.770 24 INFO cinder.api.openstack.wsgi [None req-0e873b34-4491-422c-a7f0-ed828746a45c - - - - - -] http://[LB_IP_ADDRESS]:8776/ returned with HTTP 300
2025-01-14 20:44:09.051 23 INFO cinder.api.openstack.wsgi [None req-c51c16ac-2dbb-4f98-8648-dbeda52314e3 24cb4b8a727c48d691b7a86acd23aece b4b2f7583fb147c5908eb92cd69baf28 - - default default] GET http://[LB_IP_ADDRESS]:8776/v3/b4b2f7583fb147c5908eb92cd69baf28/snapshots/d65a4f2d-1bd6-4ca5-aecd-ca33f03d9141
2025-01-14 20:44:09.061 23 INFO cinder.api.openstack.wsgi [None req-c51c16ac-2dbb-4f98-8648-dbeda52314e3 24cb4b8a727c48d691b7a86acd23aece b4b2f7583fb147c5908eb92cd69baf28 - - default default] http://[LB_IP_ADDRESS]:8776/v3/b4b2f7583fb147c5908eb92cd69baf28/snapshots/d65a4f2d-1bd6-4ca5-aecd-ca33f03d9141 returned with HTTP 404
2025-01-14 20:44:09.073 22 INFO cinder.api.openstack.wsgi [None req-4c39c116-ae96-4e98-87ec-26614cc99bba da4b62e43b4847e6a7109f3d22a057b6 41ffc93038ef47d3be1c36fb06c47b87 - - default default] POST http://[LB_IP_ADDRESS]:8776/v3/41ffc93038ef47d3be1c36fb06c47b87/snapshots/cc3b9ea1-63a0-440e-b145-228369fe4057/action
2025-01-14 20:44:09.116 22 INFO cinder.api.openstack.wsgi [None req-4c39c116-ae96-4e98-87ec-26614cc99bba da4b62e43b4847e6a7109f3d22a057b6 41ffc93038ef47d3be1c36fb06c47b87 - - default default] http://[LB_IP_ADDRESS]:8776/v3/41ffc93038ef47d3be1c36fb06c47b87/snapshots/cc3b9ea1-63a0-440e-b145-228369fe4057/action returned with HTTP 202
2025-01-14 20:44:09.127 25 INFO cinder.api.openstack.wsgi [None req-4e1f6c6d-f80e-42cc-956c-aafb19b46dce 24cb4b8a727c48d691b7a86acd23aece b4b2f7583fb147c5908eb92cd69baf28 - - default default] GET http://[LB_IP_ADDRESS]:8776/v3/b4b2f7583fb147c5908eb92cd69baf28/snapshots/cc3b9ea1-63a0-440e-b145-228369fe4057
2025-01-14 20:44:09.140 25 INFO cinder.volume.api [None req-4e1f6c6d-f80e-42cc-956c-aafb19b46dce 24cb4b8a727c48d691b7a86acd23aece b4b2f7583fb147c5908eb92cd69baf28 - - default default] Snapshot retrieved successfully.
2025-01-14 20:44:09.142 25 INFO cinder.api.openstack.wsgi [None req-4e1f6c6d-f80e-42cc-956c-aafb19b46dce 24cb4b8a727c48d691b7a86acd23aece b4b2f7583fb147c5908eb92cd69baf28 - - default default] http://[LB_IP_ADDRESS]:8776/v3/b4b2f7583fb147c5908eb92cd69baf28/snapshots/cc3b9ea1-63a0-440e-b145-228369fe4057 returned with HTTP 200
2025-01-14 20:44:09.159 21 INFO cinder.api.openstack.wsgi [None req-87934179-7746-4847-8f7d-4ea6cef27815 24cb4b8a727c48d691b7a86acd23aece b4b2f7583fb147c5908eb92cd69baf28 - - default default] DELETE http://[LB_IP_ADDRESS]:8776/v3/b4b2f7583fb147c5908eb92cd69baf28/snapshots/d65a4f2d-1bd6-4ca5-aecd-ca33f03d9141
2025-01-14 20:44:09.160 21 INFO cinder.api.v2.snapshots [None req-87934179-7746-4847-8f7d-4ea6cef27815 24cb4b8a727c48d691b7a86acd23aece b4b2f7583fb147c5908eb92cd69baf28 - - default default] Delete snapshot with id: d65a4f2d-1bd6-4ca5-aecd-ca33f03d9141
2025-01-14 20:44:09.172 21 INFO cinder.api.openstack.wsgi [None req-87934179-7746-4847-8f7d-4ea6cef27815 24cb4b8a727c48d691b7a86acd23aece b4b2f7583fb147c5908eb92cd69baf28 - - default default] http://[LB_IP_ADDRESS]:8776/v3/b4b2f7583fb147c5908eb92cd69baf28/snapshots/d65a4f2d-1bd6-4ca5-aecd-ca33f03d9141 returned with HTTP 404
2025-01-14 20:44:09.189 24 INFO cinder.api.openstack.wsgi [None req-486fdab1-351a-4363-9836-66ce6ef67ab1 24cb4b8a727c48d691b7a86acd23aece b4b2f7583fb147c5908eb92cd69baf28 - - default default] POST http://[LB_IP_ADDRESS]:8776/v3/b4b2f7583fb147c5908eb92cd69baf28/snapshots
2025-01-14 20:44:09.212 24 INFO cinder.volume.api [None req-486fdab1-351a-4363-9836-66ce6ef67ab1 24cb4b8a727c48d691b7a86acd23aece b4b2f7583fb147c5908eb92cd69baf28 - - default default] Volume info retrieved successfully.
2025-01-14 20:44:09.213 24 INFO cinder.api.v3.snapshots [None req-486fdab1-351a-4363-9836-66ce6ef67ab1 24cb4b8a727c48d691b7a86acd23aece b4b2f7583fb147c5908eb92cd69baf28 - - default default] Create snapshot from volume 06398c52-ce5f-4082-ab5c-5bc8bd8df5f8
2025-01-14 20:44:09.382 24 INFO cinder.volume.api [None req-486fdab1-351a-4363-9836-66ce6ef67ab1 24cb4b8a727c48d691b7a86acd23aece b4b2f7583fb147c5908eb92cd69baf28 - - default default] Snapshot create request issued successfully.
2025-01-14 20:44:09.383 24 INFO cinder.api.openstack.wsgi [None req-486fdab1-351a-4363-9836-66ce6ef67ab1 24cb4b8a727c48d691b7a86acd23aece b4b2f7583fb147c5908eb92cd69baf28 - - default default] http://[LB_IP_ADDRESS]:8776/v3/b4b2f7583fb147c5908eb92cd69baf28/snapshots returned with HTTP 202
2025-01-14 20:44:09.399 23 INFO cinder.api.openstack.wsgi [None req-9ddfa20f-3920-4f6c-b8c5-8f3e8577bd04 24cb4b8a727c48d691b7a86acd23aece b4b2f7583fb147c5908eb92cd69baf28 - - default default] GET http://[LB_IP_ADDRESS]:8776/v3/b4b2f7583fb147c5908eb92cd69baf28/snapshots/bac31709-4c35-4935-9524-0c7528d1aeb5
2025-01-14 20:44:09.411 23 INFO cinder.volume.api [None req-9ddfa20f-3920-4f6c-b8c5-8f3e8577bd04 24cb4b8a727c48d691b7a86acd23aece b4b2f7583fb147c5908eb92cd69baf28 - - default default] Snapshot retrieved successfully.
2025-01-14 20:44:09.413 23 INFO cinder.api.openstack.wsgi [None req-9ddfa20f-3920-4f6c-b8c5-8f3e8577bd04 24cb4b8a727c48d691b7a86acd23aece b4b2f7583fb147c5908eb92cd69baf28 - - default default] http://[LB_IP_ADDRESS]:8776/v3/b4b2f7583fb147c5908eb92cd69baf28/snapshots/bac31709-4c35-4935-9524-0c7528d1aeb5 returned with HTTP 200
2025-01-14 20:44:09.435 22 INFO cinder.api.openstack.wsgi [None req-f29246f5-2c73-414c-b8be-0a618e5cf80c 51901480e4e54719ac98caeaae065b38 9f90e164813549d2a6c2979688971d24 - - default default] GET http://[LB_IP_ADDRESS]:8776/v3/9f90e164813549d2a6c2979688971d24/groups/c342a10e-04f5-446a-8992-63d4a7925f6a
2025-01-14 20:44:09.457 22 INFO cinder.api.openstack.wsgi [None req-f29246f5-2c73-414c-b8be-0a618e5cf80c 51901480e4e54719ac98caeaae065b38 9f90e164813549d2a6c2979688971d24 - - default default] http://[LB_IP_ADDRESS]:8776/v3/9f90e164813549d2a6c2979688971d24/groups/c342a10e-04f5-446a-8992-63d4a7925f6a returned with HTTP 200
2025-01-14 20:44:09.474 25 INFO cinder.api.openstack.wsgi [None req-63530b13-52f0-4eea-9fa8-9a84e5a1a926 51901480e4e54719ac98caeaae065b38 9f90e164813549d2a6c2979688971d24 - - default default] POST http://[LB_IP_ADDRESS]:8776/v3/9f90e164813549d2a6c2979688971d24/volumes
2025-01-14 20:44:09.492 25 INFO cinder.api.v3.volumes [None req-63530b13-52f0-4eea-9fa8-9a84e5a1a926 51901480e4e54719ac98caeaae065b38 9f90e164813549d2a6c2979688971d24 - - default default] Create volume of 1 GB
2025-01-14 20:44:09.503 25 INFO cinder.volume.api [None req-63530b13-52f0-4eea-9fa8-9a84e5a1a926 51901480e4e54719ac98caeaae065b38 9f90e164813549d2a6c2979688971d24 - - default default] Availability Zones retrieved successfully.
2025-01-14 20:44:10.069 25 WARNING cinder.quota [None req-63530b13-52f0-4eea-9fa8-9a84e5a1a926 51901480e4e54719ac98caeaae065b38 9f90e164813549d2a6c2979688971d24 - - default default] Deprecated: Default quota for resource: volumes_tempest-GroupSnapshotsTest-volume-type-1134595934 is set by the default quota flag: quota_volumes_tempest-GroupSnapshotsTest-volume-type-1134595934, it is now deprecated. Please use the default quota class for default quota.
2025-01-14 20:44:10.070 25 WARNING cinder.quota [None req-63530b13-52f0-4eea-9fa8-9a84e5a1a926 51901480e4e54719ac98caeaae065b38 9f90e164813549d2a6c2979688971d24 - - default default] Deprecated: Default quota for resource: gigabytes_tempest-GroupSnapshotsTest-volume-type-1134595934 is set by the default quota flag: quota_gigabytes_tempest-GroupSnapshotsTest-volume-type-1134595934, it is now deprecated. Please use the default quota class for default quota.
2025-01-14 20:44:10.161 25 INFO cinder.volume.api [None req-63530b13-52f0-4eea-9fa8-9a84e5a1a926 51901480e4e54719ac98caeaae065b38 9f90e164813549d2a6c2979688971d24 - - default default] Create volume request issued successfully.
2025-01-14 20:44:10.178 25 INFO cinder.api.openstack.wsgi [None req-63530b13-52f0-4eea-9fa8-9a84e5a1a926 51901480e4e54719ac98caeaae065b38 9f90e164813549d2a6c2979688971d24 - - default default] http://[LB_IP_ADDRESS]:8776/v3/9f90e164813549d2a6c2979688971d24/volumes returned with HTTP 202
2025-01-14 20:44:10.203 21 INFO cinder.api.openstack.wsgi [None req-6609fe7f-7cc5-4265-a530-ee873480477e 51901480e4e54719ac98caeaae065b38 9f90e164813549d2a6c2979688971d24 - - default default] GET http://[LB_IP_ADDRESS]:8776/v3/9f90e164813549d2a6c2979688971d24/volumes/6950194d-f36a-467b-8a32-3048b068c586
2025-01-14 20:44:10.228 21 INFO cinder.volume.api [None req-6609fe7f-7cc5-4265-a530-ee873480477e 51901480e4e54719ac98caeaae065b38 9f90e164813549d2a6c2979688971d24 - - default default] Volume info retrieved successfully.
2025-01-14 20:44:10.257 21 INFO cinder.api.openstack.wsgi [None req-6609fe7f-7cc5-4265-a530-ee873480477e 51901480e4e54719ac98caeaae065b38 9f90e164813549d2a6c2979688971d24 - - default default] http://[LB_IP_ADDRESS]:8776/v3/9f90e164813549d2a6c2979688971d24/volumes/6950194d-f36a-467b-8a32-3048b068c586 returned with HTTP 200
2025-01-14 20:44:10.432 24 INFO cinder.api.openstack.wsgi [None req-509309e1-060e-4cd6-be32-fc841acad9b7 24cb4b8a727c48d691b7a86acd23aece b4b2f7583fb147c5908eb92cd69baf28 - - default default] GET http://[LB_IP_ADDRESS]:8776/v3/b4b2f7583fb147c5908eb92cd69baf28/snapshots/bac31709-4c35-4935-9524-0c7528d1aeb5
2025-01-14 20:44:10.445 24 INFO cinder.volume.api [None req-509309e1-060e-4cd6-be32-fc841acad9b7 24cb4b8a727c48d691b7a86acd23aece b4b2f7583fb147c5908eb92cd69baf28 - - default default] Snapshot retrieved successfully.
2025-01-14 20:44:10.447 24 INFO cinder.api.openstack.wsgi [None req-509309e1-060e-4cd6-be32-fc841acad9b7 24cb4b8a727c48d691b7a86acd23aece b4b2f7583fb147c5908eb92cd69baf28 - - default default] http://[LB_IP_ADDRESS]:8776/v3/b4b2f7583fb147c5908eb92cd69baf28/snapshots/bac31709-4c35-4935-9524-0c7528d1aeb5 returned with HTTP 200
2025-01-14 20:44:11.285 23 INFO cinder.api.openstack.wsgi [None req-b3f5d676-1436-4ec4-98cc-52b5f3872a32 51901480e4e54719ac98caeaae065b38 9f90e164813549d2a6c2979688971d24 - - default default] GET http://[LB_IP_ADDRESS]:8776/v3/9f90e164813549d2a6c2979688971d24/volumes/6950194d-f36a-467b-8a32-3048b068c586
2025-01-14 20:44:11.308 23 INFO cinder.volume.api [None req-b3f5d676-1436-4ec4-98cc-52b5f3872a32 51901480e4e54719ac98caeaae065b38 9f90e164813549d2a6c2979688971d24 - - default default] Volume info retrieved successfully.
2025-01-14 20:44:11.334 23 INFO cinder.api.openstack.wsgi [None req-b3f5d676-1436-4ec4-98cc-52b5f3872a32 51901480e4e54719ac98caeaae065b38 9f90e164813549d2a6c2979688971d24 - - default default] http://[LB_IP_ADDRESS]:8776/v3/9f90e164813549d2a6c2979688971d24/volumes/6950194d-f36a-467b-8a32-3048b068c586 returned with HTTP 200
2025-01-14 20:44:11.465 22 INFO cinder.api.openstack.wsgi [None req-81b5dad1-51b0-4ed6-8ab3-16b23467fb17 24cb4b8a727c48d691b7a86acd23aece b4b2f7583fb147c5908eb92cd69baf28 - - default default] GET http://[LB_IP_ADDRESS]:8776/v3/b4b2f7583fb147c5908eb92cd69baf28/snapshots/bac31709-4c35-4935-9524-0c7528d1aeb5
2025-01-14 20:44:11.478 22 INFO cinder.volume.api [None req-81b5dad1-51b0-4ed6-8ab3-16b23467fb17 24cb4b8a727c48d691b7a86acd23aece b4b2f7583fb147c5908eb92cd69baf28 - - default default] Snapshot retrieved successfully.
2025-01-14 20:44:11.480 22 INFO cinder.api.openstack.wsgi [None req-81b5dad1-51b0-4ed6-8ab3-16b23467fb17 24cb4b8a727c48d691b7a86acd23aece b4b2f7583fb147c5908eb92cd69baf28 - - default default] http://[LB_IP_ADDRESS]:8776/v3/b4b2f7583fb147c5908eb92cd69baf28/snapshots/bac31709-4c35-4935-9524-0c7528d1aeb5 returned with HTTP 200
2025-01-14 20:44:11.497 25 INFO cinder.api.openstack.wsgi [None req-2650a614-0050-44a9-b4df-4b1f0723aab3 da4b62e43b4847e6a7109f3d22a057b6 41ffc93038ef47d3be1c36fb06c47b87 - - default default] POST http://[LB_IP_ADDRESS]:8776/v3/41ffc93038ef47d3be1c36fb06c47b87/snapshots/bac31709-4c35-4935-9524-0c7528d1aeb5/action
2025-01-14 20:44:11.542 25 INFO cinder.api.openstack.wsgi [None req-2650a614-0050-44a9-b4df-4b1f0723aab3 da4b62e43b4847e6a7109f3d22a057b6 41ffc93038ef47d3be1c36fb06c47b87 - - default default] http://[LB_IP_ADDRESS]:8776/v3/41ffc93038ef47d3be1c36fb06c47b87/snapshots/bac31709-4c35-4935-9524-0c7528d1aeb5/action returned with HTTP 202
2025-01-14 20:44:11.555 21 INFO cinder.api.openstack.wsgi [None req-a7dd30e0-e089-418b-ac3b-3eadbfe586aa 24cb4b8a727c48d691b7a86acd23aece b4b2f7583fb147c5908eb92cd69baf28 - - default default] GET http://[LB_IP_ADDRESS]:8776/v3/b4b2f7583fb147c5908eb92cd69baf28/snapshots/bac31709-4c35-4935-9524-0c7528d1aeb5
2025-01-14 20:44:11.568 21 INFO cinder.volume.api [None req-a7dd30e0-e089-418b-ac3b-3eadbfe586aa 24cb4b8a727c48d691b7a86acd23aece b4b2f7583fb147c5908eb92cd69baf28 - - default default] Snapshot retrieved successfully.
2025-01-14 20:44:11.570 21 INFO cinder.api.openstack.wsgi [None req-a7dd30e0-e089-418b-ac3b-3eadbfe586aa 24cb4b8a727c48d691b7a86acd23aece b4b2f7583fb147c5908eb92cd69baf28 - - default default] http://[LB_IP_ADDRESS]:8776/v3/b4b2f7583fb147c5908eb92cd69baf28/snapshots/bac31709-4c35-4935-9524-0c7528d1aeb5 returned with HTTP 200
2025-01-14 20:44:11.586 24 INFO cinder.api.openstack.wsgi [None req-a6617ef3-b4b4-4190-9517-d8acdc0c52d6 da4b62e43b4847e6a7109f3d22a057b6 41ffc93038ef47d3be1c36fb06c47b87 - - default default] POST http://[LB_IP_ADDRESS]:8776/v3/41ffc93038ef47d3be1c36fb06c47b87/snapshots/bac31709-4c35-4935-9524-0c7528d1aeb5/action
2025-01-14 20:44:11.599 24 INFO cinder.volume.api [None req-a6617ef3-b4b4-4190-9517-d8acdc0c52d6 da4b62e43b4847e6a7109f3d22a057b6 41ffc93038ef47d3be1c36fb06c47b87 - - default default] Snapshot retrieved successfully.
2025-01-14 20:44:11.632 24 INFO cinder.volume.api [None req-a6617ef3-b4b4-4190-9517-d8acdc0c52d6 da4b62e43b4847e6a7109f3d22a057b6 41ffc93038ef47d3be1c36fb06c47b87 - - default default] Snapshot delete request issued successfully.
2025-01-14 20:44:11.632 24 INFO cinder.api.openstack.wsgi [None req-a6617ef3-b4b4-4190-9517-d8acdc0c52d6 da4b62e43b4847e6a7109f3d22a057b6 41ffc93038ef47d3be1c36fb06c47b87 - - default default] http://[LB_IP_ADDRESS]:8776/v3/41ffc93038ef47d3be1c36fb06c47b87/snapshots/bac31709-4c35-4935-9524-0c7528d1aeb5/action returned with HTTP 202
2025-01-14 20:44:11.656 23 INFO cinder.api.openstack.wsgi [None req-88cb2c01-9deb-4080-860d-ce8ea3b01aa3 24cb4b8a727c48d691b7a86acd23aece b4b2f7583fb147c5908eb92cd69baf28 - - default default] GET http://[LB_IP_ADDRESS]:8776/v3/b4b2f7583fb147c5908eb92cd69baf28/snapshots/bac31709-4c35-4935-9524-0c7528d1aeb5
2025-01-14 20:44:11.680 23 INFO cinder.volume.api [None req-88cb2c01-9deb-4080-860d-ce8ea3b01aa3 24cb4b8a727c48d691b7a86acd23aece b4b2f7583fb147c5908eb92cd69baf28 - - default default] Snapshot retrieved successfully.
2025-01-14 20:44:11.682 23 INFO cinder.api.openstack.wsgi [None req-88cb2c01-9deb-4080-860d-ce8ea3b01aa3 24cb4b8a727c48d691b7a86acd23aece b4b2f7583fb147c5908eb92cd69baf28 - - default default] http://[LB_IP_ADDRESS]:8776/v3/b4b2f7583fb147c5908eb92cd69baf28/snapshots/bac31709-4c35-4935-9524-0c7528d1aeb5 returned with HTTP 200
2025-01-14 20:44:12.364 22 INFO cinder.api.openstack.wsgi [None req-db3cf542-523a-4104-a9c8-a3619db94260 51901480e4e54719ac98caeaae065b38 9f90e164813549d2a6c2979688971d24 - - default default] GET http://[LB_IP_ADDRESS]:8776/v3/9f90e164813549d2a6c2979688971d24/volumes/6950194d-f36a-467b-8a32-3048b068c586
2025-01-14 20:44:12.391 22 INFO cinder.volume.api [None req-db3cf542-523a-4104-a9c8-a3619db94260 51901480e4e54719ac98caeaae065b38 9f90e164813549d2a6c2979688971d24 - - default default] Volume info retrieved successfully.
2025-01-14 20:44:12.419 22 INFO cinder.api.openstack.wsgi [None req-db3cf542-523a-4104-a9c8-a3619db94260 51901480e4e54719ac98caeaae065b38 9f90e164813549d2a6c2979688971d24 - - default default] http://[LB_IP_ADDRESS]:8776/v3/9f90e164813549d2a6c2979688971d24/volumes/6950194d-f36a-467b-8a32-3048b068c586 returned with HTTP 200
2025-01-14 20:44:12.448 25 INFO cinder.api.openstack.wsgi [None req-ef2af5b4-c768-499a-b561-8f5ef184726f 51901480e4e54719ac98caeaae065b38 9f90e164813549d2a6c2979688971d24 - - default default] POST http://[LB_IP_ADDRESS]:8776/v3/9f90e164813549d2a6c2979688971d24/volumes
2025-01-14 20:44:12.466 25 INFO cinder.api.v3.volumes [None req-ef2af5b4-c768-499a-b561-8f5ef184726f 51901480e4e54719ac98caeaae065b38 9f90e164813549d2a6c2979688971d24 - - default default] Create volume of 1 GB
2025-01-14 20:44:12.477 25 INFO cinder.volume.api [None req-ef2af5b4-c768-499a-b561-8f5ef184726f 51901480e4e54719ac98caeaae065b38 9f90e164813549d2a6c2979688971d24 - - default default] Availability Zones retrieved successfully.
2025-01-14 20:44:12.701 21 INFO cinder.api.openstack.wsgi [None req-1a4893a7-d829-46cb-a1e2-e3acfdf62c4d 24cb4b8a727c48d691b7a86acd23aece b4b2f7583fb147c5908eb92cd69baf28 - - default default] GET http://[LB_IP_ADDRESS]:8776/v3/b4b2f7583fb147c5908eb92cd69baf28/snapshots/bac31709-4c35-4935-9524-0c7528d1aeb5
2025-01-14 20:44:12.711 21 INFO cinder.api.openstack.wsgi [None req-1a4893a7-d829-46cb-a1e2-e3acfdf62c4d 24cb4b8a727c48d691b7a86acd23aece b4b2f7583fb147c5908eb92cd69baf28 - - default default] http://[LB_IP_ADDRESS]:8776/v3/b4b2f7583fb147c5908eb92cd69baf28/snapshots/bac31709-4c35-4935-9524-0c7528d1aeb5 returned with HTTP 404
2025-01-14 20:44:12.723 24 INFO cinder.api.openstack.wsgi [None req-a8bac001-4388-4dcf-80c0-6c9a1afaf381 da4b62e43b4847e6a7109f3d22a057b6 41ffc93038ef47d3be1c36fb06c47b87 - - default default] POST http://[LB_IP_ADDRESS]:8776/v3/41ffc93038ef47d3be1c36fb06c47b87/snapshots/cc3b9ea1-63a0-440e-b145-228369fe4057/action
2025-01-14 20:44:12.766 24 INFO cinder.api.openstack.wsgi [None req-a8bac001-4388-4dcf-80c0-6c9a1afaf381 da4b62e43b4847e6a7109f3d22a057b6 41ffc93038ef47d3be1c36fb06c47b87 - - default default] http://[LB_IP_ADDRESS]:8776/v3/41ffc93038ef47d3be1c36fb06c47b87/snapshots/cc3b9ea1-63a0-440e-b145-228369fe4057/action returned with HTTP 202
2025-01-14 20:44:12.778 23 INFO cinder.api.openstack.wsgi [None req-66c54fcd-1c9e-4d81-a5fd-4bb12c48e7b8 24cb4b8a727c48d691b7a86acd23aece b4b2f7583fb147c5908eb92cd69baf28 - - default default] GET http://[LB_IP_ADDRESS]:8776/v3/b4b2f7583fb147c5908eb92cd69baf28/snapshots/cc3b9ea1-63a0-440e-b145-228369fe4057
2025-01-14 20:44:12.788 23 INFO cinder.volume.api [None req-66c54fcd-1c9e-4d81-a5fd-4bb12c48e7b8 24cb4b8a727c48d691b7a86acd23aece b4b2f7583fb147c5908eb92cd69baf28 - - default default] Snapshot retrieved successfully.
2025-01-14 20:44:12.789 23 INFO cinder.api.openstack.wsgi [None req-66c54fcd-1c9e-4d81-a5fd-4bb12c48e7b8 24cb4b8a727c48d691b7a86acd23aece b4b2f7583fb147c5908eb92cd69baf28 - - default default] http://[LB_IP_ADDRESS]:8776/v3/b4b2f7583fb147c5908eb92cd69baf28/snapshots/cc3b9ea1-63a0-440e-b145-228369fe4057 returned with HTTP 200
2025-01-14 20:44:12.806 22 INFO cinder.api.openstack.wsgi [None req-8167c479-52ed-45cb-97a8-0a1d9f912b89 24cb4b8a727c48d691b7a86acd23aece b4b2f7583fb147c5908eb92cd69baf28 - - default default] DELETE http://[LB_IP_ADDRESS]:8776/v3/b4b2f7583fb147c5908eb92cd69baf28/snapshots/bac31709-4c35-4935-9524-0c7528d1aeb5
2025-01-14 20:44:12.807 22 INFO cinder.api.v2.snapshots [None req-8167c479-52ed-45cb-97a8-0a1d9f912b89 24cb4b8a727c48d691b7a86acd23aece b4b2f7583fb147c5908eb92cd69baf28 - - default default] Delete snapshot with id: bac31709-4c35-4935-9524-0c7528d1aeb5
2025-01-14 20:44:12.816 22 INFO cinder.api.openstack.wsgi [None req-8167c479-52ed-45cb-97a8-0a1d9f912b89 24cb4b8a727c48d691b7a86acd23aece b4b2f7583fb147c5908eb92cd69baf28 - - default default] http://[LB_IP_ADDRESS]:8776/v3/b4b2f7583fb147c5908eb92cd69baf28/snapshots/bac31709-4c35-4935-9524-0c7528d1aeb5 returned with HTTP 404
2025-01-14 20:44:12.821 25 INFO cinder.volume.api [None req-ef2af5b4-c768-499a-b561-8f5ef184726f 51901480e4e54719ac98caeaae065b38 9f90e164813549d2a6c2979688971d24 - - default default] Create volume request issued successfully.
2025-01-14 20:44:12.829 21 INFO cinder.api.openstack.wsgi [None req-978202c9-ab7e-4c0a-bc97-805a54b57207 24cb4b8a727c48d691b7a86acd23aece b4b2f7583fb147c5908eb92cd69baf28 - - default default] POST http://[LB_IP_ADDRESS]:8776/v3/b4b2f7583fb147c5908eb92cd69baf28/snapshots
2025-01-14 20:44:12.844 25 INFO cinder.api.openstack.wsgi [None req-ef2af5b4-c768-499a-b561-8f5ef184726f 51901480e4e54719ac98caeaae065b38 9f90e164813549d2a6c2979688971d24 - - default default] http://[LB_IP_ADDRESS]:8776/v3/9f90e164813549d2a6c2979688971d24/volumes returned with HTTP 202
2025-01-14 20:44:12.851 21 INFO cinder.volume.api [None req-978202c9-ab7e-4c0a-bc97-805a54b57207 24cb4b8a727c48d691b7a86acd23aece b4b2f7583fb147c5908eb92cd69baf28 - - default default] Volume info retrieved successfully.
2025-01-14 20:44:12.852 21 INFO cinder.api.v3.snapshots [None req-978202c9-ab7e-4c0a-bc97-805a54b57207 24cb4b8a727c48d691b7a86acd23aece b4b2f7583fb147c5908eb92cd69baf28 - - default default] Create snapshot from volume 06398c52-ce5f-4082-ab5c-5bc8bd8df5f8
2025-01-14 20:44:12.870 24 INFO cinder.api.openstack.wsgi [None req-4d4c524e-cd07-4d57-8c71-55705656d701 51901480e4e54719ac98caeaae065b38 9f90e164813549d2a6c2979688971d24 - - default default] GET http://[LB_IP_ADDRESS]:8776/v3/9f90e164813549d2a6c2979688971d24/volumes/b61d1955-899d-426e-a7e2-64d858423cae
2025-01-14 20:44:12.897 24 INFO cinder.volume.api [None req-4d4c524e-cd07-4d57-8c71-55705656d701 51901480e4e54719ac98caeaae065b38 9f90e164813549d2a6c2979688971d24 - - default default] Volume info retrieved successfully.
2025-01-14 20:44:12.926 24 INFO cinder.api.openstack.wsgi [None req-4d4c524e-cd07-4d57-8c71-55705656d701 51901480e4e54719ac98caeaae065b38 9f90e164813549d2a6c2979688971d24 - - default default] http://[LB_IP_ADDRESS]:8776/v3/9f90e164813549d2a6c2979688971d24/volumes/b61d1955-899d-426e-a7e2-64d858423cae returned with HTTP 200
2025-01-14 20:44:13.020 21 INFO cinder.volume.api [None req-978202c9-ab7e-4c0a-bc97-805a54b57207 24cb4b8a727c48d691b7a86acd23aece b4b2f7583fb147c5908eb92cd69baf28 - - default default] Snapshot create request issued successfully.
2025-01-14 20:44:13.021 21 INFO cinder.api.openstack.wsgi [None req-978202c9-ab7e-4c0a-bc97-805a54b57207 24cb4b8a727c48d691b7a86acd23aece b4b2f7583fb147c5908eb92cd69baf28 - - default default] http://[LB_IP_ADDRESS]:8776/v3/b4b2f7583fb147c5908eb92cd69baf28/snapshots returned with HTTP 202
2025-01-14 20:44:13.037 23 INFO cinder.api.openstack.wsgi [None req-8c94b329-45a3-445d-988c-9417d5339da9 24cb4b8a727c48d691b7a86acd23aece b4b2f7583fb147c5908eb92cd69baf28 - - default default] GET http://[LB_IP_ADDRESS]:8776/v3/b4b2f7583fb147c5908eb92cd69baf28/snapshots/4c244b48-758d-4c4d-a6c7-8060d7fc046f
2025-01-14 20:44:13.049 23 INFO cinder.volume.api [None req-8c94b329-45a3-445d-988c-9417d5339da9 24cb4b8a727c48d691b7a86acd23aece b4b2f7583fb147c5908eb92cd69baf28 - - default default] Snapshot retrieved successfully.
2025-01-14 20:44:13.051 23 INFO cinder.api.openstack.wsgi [None req-8c94b329-45a3-445d-988c-9417d5339da9 24cb4b8a727c48d691b7a86acd23aece b4b2f7583fb147c5908eb92cd69baf28 - - default default] http://[LB_IP_ADDRESS]:8776/v3/b4b2f7583fb147c5908eb92cd69baf28/snapshots/4c244b48-758d-4c4d-a6c7-8060d7fc046f returned with HTTP 200
2025-01-14 20:44:13.276 22 INFO cinder.api.openstack.wsgi [None req-8fb1fac0-7e17-4576-9bd7-f1c6d1d78adc 30c2f99d498b4fbc91921d12492db0d7 f470ca8182f24f3cbe73e017543ef84c - - default default] POST http://[LB_IP_ADDRESS]:8776/v3/f470ca8182f24f3cbe73e017543ef84c/types
2025-01-14 20:44:13.311 22 INFO cinder.api.openstack.wsgi [None req-8fb1fac0-7e17-4576-9bd7-f1c6d1d78adc 30c2f99d498b4fbc91921d12492db0d7 f470ca8182f24f3cbe73e017543ef84c - - default default] http://[LB_IP_ADDRESS]:8776/v3/f470ca8182f24f3cbe73e017543ef84c/types returned with HTTP 200
2025-01-14 20:44:13.332 25 INFO cinder.api.openstack.wsgi [None req-d1f39df8-ba6a-4572-a1ea-387b30d7f0e3 30c2f99d498b4fbc91921d12492db0d7 f470ca8182f24f3cbe73e017543ef84c - - default default] POST http://[LB_IP_ADDRESS]:8776/v3/f470ca8182f24f3cbe73e017543ef84c/group_types
2025-01-14 20:44:13.360 25 INFO cinder.api.openstack.wsgi [None req-d1f39df8-ba6a-4572-a1ea-387b30d7f0e3 30c2f99d498b4fbc91921d12492db0d7 f470ca8182f24f3cbe73e017543ef84c - - default default] http://[LB_IP_ADDRESS]:8776/v3/f470ca8182f24f3cbe73e017543ef84c/group_types returned with HTTP 202
2025-01-14 20:44:13.592 24 INFO cinder.api.openstack.wsgi [None req-c9f7fb9a-5c32-4037-bc02-bcf5e1c884e3 5d5c3901d81845bb868ad84351be8566 9fe1a93fec6a4e87a711558d9abb46da - - default default] POST http://[LB_IP_ADDRESS]:8776/v3/9fe1a93fec6a4e87a711558d9abb46da/groups
2025-01-14 20:44:13.603 24 INFO cinder.api.v3.groups [None req-c9f7fb9a-5c32-4037-bc02-bcf5e1c884e3 5d5c3901d81845bb868ad84351be8566 9fe1a93fec6a4e87a711558d9abb46da - - default default] Creating group tempest-GroupsV314Test-Group-475311222.
2025-01-14 20:44:13.615 24 INFO cinder.volume.api [None req-c9f7fb9a-5c32-4037-bc02-bcf5e1c884e3 5d5c3901d81845bb868ad84351be8566 9fe1a93fec6a4e87a711558d9abb46da - - default default] Availability Zones retrieved successfully.
2025-01-14 20:44:13.742 24 INFO cinder.api.openstack.wsgi [None req-c9f7fb9a-5c32-4037-bc02-bcf5e1c884e3 5d5c3901d81845bb868ad84351be8566 9fe1a93fec6a4e87a711558d9abb46da - - default default] http://[LB_IP_ADDRESS]:8776/v3/9fe1a93fec6a4e87a711558d9abb46da/groups returned with HTTP 202
2025-01-14 20:44:13.756 21 INFO cinder.api.openstack.wsgi [None req-c7ce1abf-7f14-4520-9fa4-627145609e89 5d5c3901d81845bb868ad84351be8566 9fe1a93fec6a4e87a711558d9abb46da - - default default] GET http://[LB_IP_ADDRESS]:8776/v3/9fe1a93fec6a4e87a711558d9abb46da/groups/8de5c2d0-87d0-480e-97f5-7c614b0185ad
2025-01-14 20:44:13.778 21 INFO cinder.api.openstack.wsgi [None req-c7ce1abf-7f14-4520-9fa4-627145609e89 5d5c3901d81845bb868ad84351be8566 9fe1a93fec6a4e87a711558d9abb46da - - default default] http://[LB_IP_ADDRESS]:8776/v3/9fe1a93fec6a4e87a711558d9abb46da/groups/8de5c2d0-87d0-480e-97f5-7c614b0185ad returned with HTTP 200
2025-01-14 20:44:13.955 23 INFO cinder.api.openstack.wsgi [None req-6eec7a14-0555-4108-8bc9-4d3d250525aa 51901480e4e54719ac98caeaae065b38 9f90e164813549d2a6c2979688971d24 - - default default] GET http://[LB_IP_ADDRESS]:8776/v3/9f90e164813549d2a6c2979688971d24/volumes/b61d1955-899d-426e-a7e2-64d858423cae
2025-01-14 20:44:13.983 23 INFO cinder.volume.api [None req-6eec7a14-0555-4108-8bc9-4d3d250525aa 51901480e4e54719ac98caeaae065b38 9f90e164813549d2a6c2979688971d24 - - default default] Volume info retrieved successfully.
2025-01-14 20:44:14.015 23 INFO cinder.api.openstack.wsgi [None req-6eec7a14-0555-4108-8bc9-4d3d250525aa 51901480e4e54719ac98caeaae065b38 9f90e164813549d2a6c2979688971d24 - - default default] http://[LB_IP_ADDRESS]:8776/v3/9f90e164813549d2a6c2979688971d24/volumes/b61d1955-899d-426e-a7e2-64d858423cae returned with HTTP 200
2025-01-14 20:44:14.069 22 INFO cinder.api.openstack.wsgi [None req-4a3c5a31-5493-4108-96a4-98f52d336fd4 24cb4b8a727c48d691b7a86acd23aece b4b2f7583fb147c5908eb92cd69baf28 - - default default] GET http://[LB_IP_ADDRESS]:8776/v3/b4b2f7583fb147c5908eb92cd69baf28/snapshots/4c244b48-758d-4c4d-a6c7-8060d7fc046f
2025-01-14 20:44:14.082 22 INFO cinder.volume.api [None req-4a3c5a31-5493-4108-96a4-98f52d336fd4 24cb4b8a727c48d691b7a86acd23aece b4b2f7583fb147c5908eb92cd69baf28 - - default default] Snapshot retrieved successfully.
2025-01-14 20:44:14.084 22 INFO cinder.api.openstack.wsgi [None req-4a3c5a31-5493-4108-96a4-98f52d336fd4 24cb4b8a727c48d691b7a86acd23aece b4b2f7583fb147c5908eb92cd69baf28 - - default default] http://[LB_IP_ADDRESS]:8776/v3/b4b2f7583fb147c5908eb92cd69baf28/snapshots/4c244b48-758d-4c4d-a6c7-8060d7fc046f returned with HTTP 200
2025-01-14 20:44:14.798 25 INFO cinder.api.openstack.wsgi [None req-3dbda4d8-aab0-41c7-942d-66252be2a874 5d5c3901d81845bb868ad84351be8566 9fe1a93fec6a4e87a711558d9abb46da - - default default] GET http://[LB_IP_ADDRESS]:8776/v3/9fe1a93fec6a4e87a711558d9abb46da/groups/8de5c2d0-87d0-480e-97f5-7c614b0185ad
2025-01-14 20:44:14.823 25 INFO cinder.api.openstack.wsgi [None req-3dbda4d8-aab0-41c7-942d-66252be2a874 5d5c3901d81845bb868ad84351be8566 9fe1a93fec6a4e87a711558d9abb46da - - default default] http://[LB_IP_ADDRESS]:8776/v3/9fe1a93fec6a4e87a711558d9abb46da/groups/8de5c2d0-87d0-480e-97f5-7c614b0185ad returned with HTTP 200
2025-01-14 20:44:14.839 24 INFO cinder.api.openstack.wsgi [None req-05843235-1b5c-4699-88e0-f49853f087f5 5d5c3901d81845bb868ad84351be8566 9fe1a93fec6a4e87a711558d9abb46da - - default default] POST http://[LB_IP_ADDRESS]:8776/v3/9fe1a93fec6a4e87a711558d9abb46da/volumes
2025-01-14 20:44:14.856 24 INFO cinder.api.v3.volumes [None req-05843235-1b5c-4699-88e0-f49853f087f5 5d5c3901d81845bb868ad84351be8566 9fe1a93fec6a4e87a711558d9abb46da - - default default] Create volume of 1 GB
2025-01-14 20:44:14.866 24 INFO cinder.volume.api [None req-05843235-1b5c-4699-88e0-f49853f087f5 5d5c3901d81845bb868ad84351be8566 9fe1a93fec6a4e87a711558d9abb46da - - default default] Availability Zones retrieved successfully.
2025-01-14 20:44:15.050 21 INFO cinder.api.openstack.wsgi [None req-282f0024-4d95-4ceb-bbea-edccda90db56 51901480e4e54719ac98caeaae065b38 9f90e164813549d2a6c2979688971d24 - - default default] GET http://[LB_IP_ADDRESS]:8776/v3/9f90e164813549d2a6c2979688971d24/volumes/b61d1955-899d-426e-a7e2-64d858423cae
2025-01-14 20:44:15.082 24 WARNING cinder.quota [None req-05843235-1b5c-4699-88e0-f49853f087f5 5d5c3901d81845bb868ad84351be8566 9fe1a93fec6a4e87a711558d9abb46da - - default default] Deprecated: Default quota for resource: volumes_tempest-GroupsV314Test-volume-type-438304729 is set by the default quota flag: quota_volumes_tempest-GroupsV314Test-volume-type-438304729, it is now deprecated. Please use the default quota class for default quota.
2025-01-14 20:44:15.083 24 WARNING cinder.quota [None req-05843235-1b5c-4699-88e0-f49853f087f5 5d5c3901d81845bb868ad84351be8566 9fe1a93fec6a4e87a711558d9abb46da - - default default] Deprecated: Default quota for resource: gigabytes_tempest-GroupsV314Test-volume-type-438304729 is set by the default quota flag: quota_gigabytes_tempest-GroupsV314Test-volume-type-438304729, it is now deprecated. Please use the default quota class for default quota.
2025-01-14 20:44:15.085 21 INFO cinder.volume.api [None req-282f0024-4d95-4ceb-bbea-edccda90db56 51901480e4e54719ac98caeaae065b38 9f90e164813549d2a6c2979688971d24 - - default default] Volume info retrieved successfully.
2025-01-14 20:44:15.101 23 INFO cinder.api.openstack.wsgi [None req-ce52a26d-8a3e-4d81-8701-23ca75f45426 24cb4b8a727c48d691b7a86acd23aece b4b2f7583fb147c5908eb92cd69baf28 - - default default] GET http://[LB_IP_ADDRESS]:8776/v3/b4b2f7583fb147c5908eb92cd69baf28/snapshots/4c244b48-758d-4c4d-a6c7-8060d7fc046f
2025-01-14 20:44:15.113 23 INFO cinder.volume.api [None req-ce52a26d-8a3e-4d81-8701-23ca75f45426 24cb4b8a727c48d691b7a86acd23aece b4b2f7583fb147c5908eb92cd69baf28 - - default default] Snapshot retrieved successfully.
2025-01-14 20:44:15.115 23 INFO cinder.api.openstack.wsgi [None req-ce52a26d-8a3e-4d81-8701-23ca75f45426 24cb4b8a727c48d691b7a86acd23aece b4b2f7583fb147c5908eb92cd69baf28 - - default default] http://[LB_IP_ADDRESS]:8776/v3/b4b2f7583fb147c5908eb92cd69baf28/snapshots/4c244b48-758d-4c4d-a6c7-8060d7fc046f returned with HTTP 200
