2025-07-28 17:34:27.971 23 INFO cinder.api.openstack.wsgi [None req-adca9519-01c8-47a9-845c-10c5f2c47cef eae0518b11904f1e9e9a8960e20de21d 87a878b4fd8a4e1896fc363ef7b4d511 - - default default] http://[LB_IP_ADDRESS]:8776/v3/87a878b4fd8a4e1896fc363ef7b4d511/os-quota-sets/87a878b4fd8a4e1896fc363ef7b4d511/defaults returned with HTTP 200
2025-07-28 17:34:28.268 22 INFO cinder.api.openstack.wsgi [None req-72828503-cb3f-493e-ba92-b1299f357a19 eae0518b11904f1e9e9a8960e20de21d 87a878b4fd8a4e1896fc363ef7b4d511 - - default default] GET http://[LB_IP_ADDRESS]:8776/v3/87a878b4fd8a4e1896fc363ef7b4d511/os-quota-sets/92c191b95ca241dfba83782878a5587e/defaults
2025-07-28 17:34:28.305 22 WARNING cinder.quota [None req-72828503-cb3f-493e-ba92-b1299f357a19 eae0518b11904f1e9e9a8960e20de21d 87a878b4fd8a4e1896fc363ef7b4d511 - - default default] Deprecated: Default quota for resource: volumes_tempest-GroupSnapshotsTest-volume-type-16614284 is set by the default quota flag: quota_volumes_tempest-GroupSnapshotsTest-volume-type-16614284, it is now deprecated. Please use the default quota class for default quota.
2025-07-28 17:34:28.306 22 WARNING cinder.quota [None req-72828503-cb3f-493e-ba92-b1299f357a19 eae0518b11904f1e9e9a8960e20de21d 87a878b4fd8a4e1896fc363ef7b4d511 - - default default] Deprecated: Default quota for resource: gigabytes_tempest-GroupSnapshotsTest-volume-type-16614284 is set by the default quota flag: quota_gigabytes_tempest-GroupSnapshotsTest-volume-type-16614284, it is now deprecated. Please use the default quota class for default quota.
2025-07-28 17:34:28.307 22 WARNING cinder.quota [None req-72828503-cb3f-493e-ba92-b1299f357a19 eae0518b11904f1e9e9a8960e20de21d 87a878b4fd8a4e1896fc363ef7b4d511 - - default default] Deprecated: Default quota for resource: snapshots_tempest-GroupSnapshotsTest-volume-type-16614284 is set by the default quota flag: quota_snapshots_tempest-GroupSnapshotsTest-volume-type-16614284, it is now deprecated. Please use the default quota class for default quota.
2025-07-28 17:34:28.330 22 INFO cinder.api.openstack.wsgi [None req-72828503-cb3f-493e-ba92-b1299f357a19 eae0518b11904f1e9e9a8960e20de21d 87a878b4fd8a4e1896fc363ef7b4d511 - - default default] http://[LB_IP_ADDRESS]:8776/v3/87a878b4fd8a4e1896fc363ef7b4d511/os-quota-sets/92c191b95ca241dfba83782878a5587e/defaults returned with HTTP 200
2025-07-28 17:34:28.439 25 INFO cinder.api.openstack.wsgi [None req-8d4e1194-1a12-412f-8aeb-29f464e4e97c eae0518b11904f1e9e9a8960e20de21d 87a878b4fd8a4e1896fc363ef7b4d511 - - default default] DELETE http://[LB_IP_ADDRESS]:8776/v3/87a878b4fd8a4e1896fc363ef7b4d511/types/7c1772ab-77a2-47d7-9855-72c0fa8259f5
2025-07-28 17:34:28.488 25 INFO cinder.api.openstack.wsgi [None req-8d4e1194-1a12-412f-8aeb-29f464e4e97c eae0518b11904f1e9e9a8960e20de21d 87a878b4fd8a4e1896fc363ef7b4d511 - - default default] http://[LB_IP_ADDRESS]:8776/v3/87a878b4fd8a4e1896fc363ef7b4d511/types/7c1772ab-77a2-47d7-9855-72c0fa8259f5 returned with HTTP 202
2025-07-28 17:34:28.499 24 INFO cinder.api.openstack.wsgi [None req-68913b60-9101-4ee5-bf4c-5195607d7f4c eae0518b11904f1e9e9a8960e20de21d 87a878b4fd8a4e1896fc363ef7b4d511 - - default default] GET http://[LB_IP_ADDRESS]:8776/v3/87a878b4fd8a4e1896fc363ef7b4d511/types/7c1772ab-77a2-47d7-9855-72c0fa8259f5
2025-07-28 17:34:28.505 24 INFO cinder.api.openstack.wsgi [None req-68913b60-9101-4ee5-bf4c-5195607d7f4c eae0518b11904f1e9e9a8960e20de21d 87a878b4fd8a4e1896fc363ef7b4d511 - - default default] http://[LB_IP_ADDRESS]:8776/v3/87a878b4fd8a4e1896fc363ef7b4d511/types/7c1772ab-77a2-47d7-9855-72c0fa8259f5 returned with HTTP 404
2025-07-28 17:34:28.517 21 INFO cinder.api.openstack.wsgi [None req-5ea4ebae-a4d4-4888-a2c5-3955949d9b7e eae0518b11904f1e9e9a8960e20de21d 87a878b4fd8a4e1896fc363ef7b4d511 - - default default] PUT http://[LB_IP_ADDRESS]:8776/v3/87a878b4fd8a4e1896fc363ef7b4d511/os-quota-class-sets/default
2025-07-28 17:34:28.701 21 INFO cinder.api.openstack.wsgi [None req-5ea4ebae-a4d4-4888-a2c5-3955949d9b7e eae0518b11904f1e9e9a8960e20de21d 87a878b4fd8a4e1896fc363ef7b4d511 - - default default] http://[LB_IP_ADDRESS]:8776/v3/87a878b4fd8a4e1896fc363ef7b4d511/os-quota-class-sets/default returned with HTTP 200
2025-07-28 17:34:28.807 23 INFO cinder.api.openstack.wsgi [None req-ced5e7b2-8ec2-45d8-9a02-74e05982b3a7 20a8a1dc34fb4f46b646b9c953522fea e4b8a35ebf2a45dfb0180e1ae2674176 - - default default] GET http://[LB_IP_ADDRESS]:8776/v3/e4b8a35ebf2a45dfb0180e1ae2674176/groups/b28895d9-b31d-4a39-a46c-9e8aada4d33c
2025-07-28 17:34:28.829 23 INFO cinder.api.openstack.wsgi [None req-ced5e7b2-8ec2-45d8-9a02-74e05982b3a7 20a8a1dc34fb4f46b646b9c953522fea e4b8a35ebf2a45dfb0180e1ae2674176 - - default default] http://[LB_IP_ADDRESS]:8776/v3/e4b8a35ebf2a45dfb0180e1ae2674176/groups/b28895d9-b31d-4a39-a46c-9e8aada4d33c returned with HTTP 200
2025-07-28 17:34:28.846 22 INFO cinder.api.openstack.wsgi [None req-820941f3-a752-430a-86a5-54ac5bf1995e 20a8a1dc34fb4f46b646b9c953522fea e4b8a35ebf2a45dfb0180e1ae2674176 - - default default] GET http://[LB_IP_ADDRESS]:8776/v3/e4b8a35ebf2a45dfb0180e1ae2674176/volumes/detail
2025-07-28 17:34:28.871 22 INFO cinder.volume.api [None req-820941f3-a752-430a-86a5-54ac5bf1995e 20a8a1dc34fb4f46b646b9c953522fea e4b8a35ebf2a45dfb0180e1ae2674176 - - default default] Get all volumes completed successfully.
2025-07-28 17:34:28.921 22 INFO cinder.api.openstack.wsgi [None req-820941f3-a752-430a-86a5-54ac5bf1995e 20a8a1dc34fb4f46b646b9c953522fea e4b8a35ebf2a45dfb0180e1ae2674176 - - default default] http://[LB_IP_ADDRESS]:8776/v3/e4b8a35ebf2a45dfb0180e1ae2674176/volumes/detail returned with HTTP 200
2025-07-28 17:34:28.953 25 INFO cinder.api.openstack.wsgi [None req-e16c4ec0-093c-44fc-b6ee-110b2380cd1e 20a8a1dc34fb4f46b646b9c953522fea e4b8a35ebf2a45dfb0180e1ae2674176 - - default default] POST http://[LB_IP_ADDRESS]:8776/v3/e4b8a35ebf2a45dfb0180e1ae2674176/group_snapshots
2025-07-28 17:34:28.972 25 INFO cinder.api.v3.group_snapshots [None req-e16c4ec0-093c-44fc-b6ee-110b2380cd1e 20a8a1dc34fb4f46b646b9c953522fea e4b8a35ebf2a45dfb0180e1ae2674176 - - default default] Creating group_snapshot tempest-GroupSnapshotsTest-Group_Snapshot-1039331023.
2025-07-28 17:34:29.056 25 WARNING cinder.quota [None req-e16c4ec0-093c-44fc-b6ee-110b2380cd1e 20a8a1dc34fb4f46b646b9c953522fea e4b8a35ebf2a45dfb0180e1ae2674176 - - default default] Deprecated: Default quota for resource: snapshots_tempest-GroupSnapshotsTest-volume-type-16614284 is set by the default quota flag: quota_snapshots_tempest-GroupSnapshotsTest-volume-type-16614284, it is now deprecated. Please use the default quota class for default quota.
2025-07-28 17:34:29.140 25 INFO cinder.api.openstack.wsgi [None req-e16c4ec0-093c-44fc-b6ee-110b2380cd1e 20a8a1dc34fb4f46b646b9c953522fea e4b8a35ebf2a45dfb0180e1ae2674176 - - default default] http://[LB_IP_ADDRESS]:8776/v3/e4b8a35ebf2a45dfb0180e1ae2674176/group_snapshots returned with HTTP 202
2025-07-28 17:34:29.153 24 INFO cinder.api.openstack.wsgi [None req-e2eb90dc-f1e3-42f3-8b9a-e56e23e53e9b 20a8a1dc34fb4f46b646b9c953522fea e4b8a35ebf2a45dfb0180e1ae2674176 - - default default] GET http://[LB_IP_ADDRESS]:8776/v3/e4b8a35ebf2a45dfb0180e1ae2674176/group_snapshots/52aa5f37-77ba-471a-a375-f46fc05bc75e
2025-07-28 17:34:29.167 24 INFO cinder.api.openstack.wsgi [None req-e2eb90dc-f1e3-42f3-8b9a-e56e23e53e9b 20a8a1dc34fb4f46b646b9c953522fea e4b8a35ebf2a45dfb0180e1ae2674176 - - default default] http://[LB_IP_ADDRESS]:8776/v3/e4b8a35ebf2a45dfb0180e1ae2674176/group_snapshots/52aa5f37-77ba-471a-a375-f46fc05bc75e returned with HTTP 200
2025-07-28 17:34:30.182 21 INFO cinder.api.openstack.wsgi [None req-313c95ea-8640-4cf3-9b36-167e3431d250 20a8a1dc34fb4f46b646b9c953522fea e4b8a35ebf2a45dfb0180e1ae2674176 - - default default] GET http://[LB_IP_ADDRESS]:8776/v3/e4b8a35ebf2a45dfb0180e1ae2674176/group_snapshots/52aa5f37-77ba-471a-a375-f46fc05bc75e
2025-07-28 17:34:30.193 21 INFO cinder.api.openstack.wsgi [None req-313c95ea-8640-4cf3-9b36-167e3431d250 20a8a1dc34fb4f46b646b9c953522fea e4b8a35ebf2a45dfb0180e1ae2674176 - - default default] http://[LB_IP_ADDRESS]:8776/v3/e4b8a35ebf2a45dfb0180e1ae2674176/group_snapshots/52aa5f37-77ba-471a-a375-f46fc05bc75e returned with HTTP 200
2025-07-28 17:34:30.903 23 INFO cinder.api.openstack.wsgi [None req-4a26006c-3b02-4155-9d0f-53b6a22fd69f daf8070dbc2540c4b5707a36a7906e7e 7cfd6157858d441b904c0deed7f724ac - - default default] POST http://[LB_IP_ADDRESS]:8776/v3/7cfd6157858d441b904c0deed7f724ac/types
2025-07-28 17:34:30.932 23 INFO cinder.api.openstack.wsgi [None req-4a26006c-3b02-4155-9d0f-53b6a22fd69f daf8070dbc2540c4b5707a36a7906e7e 7cfd6157858d441b904c0deed7f724ac - - default default] http://[LB_IP_ADDRESS]:8776/v3/7cfd6157858d441b904c0deed7f724ac/types returned with HTTP 200
2025-07-28 17:34:30.946 22 INFO cinder.api.openstack.wsgi [None req-a9b5c087-2c91-4dec-bd30-5854dd18e4cf daf8070dbc2540c4b5707a36a7906e7e 7cfd6157858d441b904c0deed7f724ac - - default default] POST http://[LB_IP_ADDRESS]:8776/v3/7cfd6157858d441b904c0deed7f724ac/group_types
2025-07-28 17:34:30.968 22 INFO cinder.api.openstack.wsgi [None req-a9b5c087-2c91-4dec-bd30-5854dd18e4cf daf8070dbc2540c4b5707a36a7906e7e 7cfd6157858d441b904c0deed7f724ac - - default default] http://[LB_IP_ADDRESS]:8776/v3/7cfd6157858d441b904c0deed7f724ac/group_types returned with HTTP 202
2025-07-28 17:34:31.127 25 INFO cinder.api.openstack.wsgi [None req-af8451d1-e0e8-42e8-9485-4b86e87df332 f6c16011dbff465aa964872347d31936 53c34944aeb7474d9f29dc2d7f720311 - - default default] POST http://[LB_IP_ADDRESS]:8776/v3/53c34944aeb7474d9f29dc2d7f720311/groups
2025-07-28 17:34:31.137 25 INFO cinder.api.v3.groups [None req-af8451d1-e0e8-42e8-9485-4b86e87df332 f6c16011dbff465aa964872347d31936 53c34944aeb7474d9f29dc2d7f720311 - - default default] Creating group tempest-GroupsV314Test-Group-454150293.
2025-07-28 17:34:31.150 25 INFO cinder.volume.api [None req-af8451d1-e0e8-42e8-9485-4b86e87df332 f6c16011dbff465aa964872347d31936 53c34944aeb7474d9f29dc2d7f720311 - - default default] Availability Zones retrieved successfully.
2025-07-28 17:34:31.208 24 INFO cinder.api.openstack.wsgi [None req-a84856b0-bd20-4163-a931-7f7f60a1d097 20a8a1dc34fb4f46b646b9c953522fea e4b8a35ebf2a45dfb0180e1ae2674176 - - default default] GET http://[LB_IP_ADDRESS]:8776/v3/e4b8a35ebf2a45dfb0180e1ae2674176/group_snapshots/52aa5f37-77ba-471a-a375-f46fc05bc75e
2025-07-28 17:34:31.222 24 INFO cinder.api.openstack.wsgi [None req-a84856b0-bd20-4163-a931-7f7f60a1d097 20a8a1dc34fb4f46b646b9c953522fea e4b8a35ebf2a45dfb0180e1ae2674176 - - default default] http://[LB_IP_ADDRESS]:8776/v3/e4b8a35ebf2a45dfb0180e1ae2674176/group_snapshots/52aa5f37-77ba-471a-a375-f46fc05bc75e returned with HTTP 200
2025-07-28 17:34:31.239 25 INFO cinder.api.openstack.wsgi [None req-af8451d1-e0e8-42e8-9485-4b86e87df332 f6c16011dbff465aa964872347d31936 53c34944aeb7474d9f29dc2d7f720311 - - default default] http://[LB_IP_ADDRESS]:8776/v3/53c34944aeb7474d9f29dc2d7f720311/groups returned with HTTP 202
2025-07-28 17:34:31.252 21 INFO cinder.api.openstack.wsgi [None req-6ab87cdb-9cee-42b3-9140-17f4f1435fa2 f6c16011dbff465aa964872347d31936 53c34944aeb7474d9f29dc2d7f720311 - - default default] GET http://[LB_IP_ADDRESS]:8776/v3/53c34944aeb7474d9f29dc2d7f720311/groups/88c657ea-81ad-4678-b61b-81c14e2f8c84
2025-07-28 17:34:31.276 21 INFO cinder.api.openstack.wsgi [None req-6ab87cdb-9cee-42b3-9140-17f4f1435fa2 f6c16011dbff465aa964872347d31936 53c34944aeb7474d9f29dc2d7f720311 - - default default] http://[LB_IP_ADDRESS]:8776/v3/53c34944aeb7474d9f29dc2d7f720311/groups/88c657ea-81ad-4678-b61b-81c14e2f8c84 returned with HTTP 200
2025-07-28 17:34:32.238 23 INFO cinder.api.openstack.wsgi [None req-bd6b6531-1cdc-4f2a-bc4a-ea545e5bcb6c 20a8a1dc34fb4f46b646b9c953522fea e4b8a35ebf2a45dfb0180e1ae2674176 - - default default] GET http://[LB_IP_ADDRESS]:8776/v3/e4b8a35ebf2a45dfb0180e1ae2674176/group_snapshots/52aa5f37-77ba-471a-a375-f46fc05bc75e
2025-07-28 17:34:32.253 23 INFO cinder.api.openstack.wsgi [None req-bd6b6531-1cdc-4f2a-bc4a-ea545e5bcb6c 20a8a1dc34fb4f46b646b9c953522fea e4b8a35ebf2a45dfb0180e1ae2674176 - - default default] http://[LB_IP_ADDRESS]:8776/v3/e4b8a35ebf2a45dfb0180e1ae2674176/group_snapshots/52aa5f37-77ba-471a-a375-f46fc05bc75e returned with HTTP 200
2025-07-28 17:34:32.267 22 INFO cinder.api.openstack.wsgi [None req-93e49b96-8303-4d75-bdb7-057ea7d1cfdc 20a8a1dc34fb4f46b646b9c953522fea e4b8a35ebf2a45dfb0180e1ae2674176 - - default default] GET http://[LB_IP_ADDRESS]:8776/v3/e4b8a35ebf2a45dfb0180e1ae2674176/snapshots/detail
2025-07-28 17:34:32.279 22 INFO cinder.volume.api [None req-93e49b96-8303-4d75-bdb7-057ea7d1cfdc 20a8a1dc34fb4f46b646b9c953522fea e4b8a35ebf2a45dfb0180e1ae2674176 - - default default] Get all snapshots completed successfully.
2025-07-28 17:34:32.281 22 INFO cinder.api.openstack.wsgi [None req-93e49b96-8303-4d75-bdb7-057ea7d1cfdc 20a8a1dc34fb4f46b646b9c953522fea e4b8a35ebf2a45dfb0180e1ae2674176 - - default default] http://[LB_IP_ADDRESS]:8776/v3/e4b8a35ebf2a45dfb0180e1ae2674176/snapshots/detail returned with HTTP 200
2025-07-28 17:34:32.293 24 INFO cinder.api.openstack.wsgi [None req-0e3b5d43-6ac9-454a-b143-51203c65dec0 f6c16011dbff465aa964872347d31936 53c34944aeb7474d9f29dc2d7f720311 - - default default] GET http://[LB_IP_ADDRESS]:8776/v3/53c34944aeb7474d9f29dc2d7f720311/groups/88c657ea-81ad-4678-b61b-81c14e2f8c84
2025-07-28 17:34:32.298 25 INFO cinder.api.openstack.wsgi [None req-2e6c6ef7-51d4-46c6-a0bd-a608bfa08b63 20a8a1dc34fb4f46b646b9c953522fea e4b8a35ebf2a45dfb0180e1ae2674176 - - default default] GET http://[LB_IP_ADDRESS]:8776/v3/e4b8a35ebf2a45dfb0180e1ae2674176/snapshots/eda43cf5-d616-46e6-b959-b5c4468e4a35
2025-07-28 17:34:32.307 25 INFO cinder.volume.api [None req-2e6c6ef7-51d4-46c6-a0bd-a608bfa08b63 20a8a1dc34fb4f46b646b9c953522fea e4b8a35ebf2a45dfb0180e1ae2674176 - - default default] Snapshot retrieved successfully.
2025-07-28 17:34:32.309 25 INFO cinder.api.openstack.wsgi [None req-2e6c6ef7-51d4-46c6-a0bd-a608bfa08b63 20a8a1dc34fb4f46b646b9c953522fea e4b8a35ebf2a45dfb0180e1ae2674176 - - default default] http://[LB_IP_ADDRESS]:8776/v3/e4b8a35ebf2a45dfb0180e1ae2674176/snapshots/eda43cf5-d616-46e6-b959-b5c4468e4a35 returned with HTTP 200
2025-07-28 17:34:32.316 24 INFO cinder.api.openstack.wsgi [None req-0e3b5d43-6ac9-454a-b143-51203c65dec0 f6c16011dbff465aa964872347d31936 53c34944aeb7474d9f29dc2d7f720311 - - default default] http://[LB_IP_ADDRESS]:8776/v3/53c34944aeb7474d9f29dc2d7f720311/groups/88c657ea-81ad-4678-b61b-81c14e2f8c84 returned with HTTP 200
2025-07-28 17:34:32.326 21 INFO cinder.api.openstack.wsgi [None req-a1c6cf71-2a11-43f3-9c57-ac3263bb59c5 20a8a1dc34fb4f46b646b9c953522fea e4b8a35ebf2a45dfb0180e1ae2674176 - - default default] GET http://[LB_IP_ADDRESS]:8776/v3/e4b8a35ebf2a45dfb0180e1ae2674176/snapshots/dcf7dfe5-3208-4749-a54c-f0127745ac3f
2025-07-28 17:34:32.333 23 INFO cinder.api.openstack.wsgi [None req-eb5afc09-f4ca-402d-9e9f-0a99778fb10d f6c16011dbff465aa964872347d31936 53c34944aeb7474d9f29dc2d7f720311 - - default default] POST http://[LB_IP_ADDRESS]:8776/v3/53c34944aeb7474d9f29dc2d7f720311/volumes
2025-07-28 17:34:32.341 21 INFO cinder.volume.api [None req-a1c6cf71-2a11-43f3-9c57-ac3263bb59c5 20a8a1dc34fb4f46b646b9c953522fea e4b8a35ebf2a45dfb0180e1ae2674176 - - default default] Snapshot retrieved successfully.
2025-07-28 17:34:32.343 21 INFO cinder.api.openstack.wsgi [None req-a1c6cf71-2a11-43f3-9c57-ac3263bb59c5 20a8a1dc34fb4f46b646b9c953522fea e4b8a35ebf2a45dfb0180e1ae2674176 - - default default] http://[LB_IP_ADDRESS]:8776/v3/e4b8a35ebf2a45dfb0180e1ae2674176/snapshots/dcf7dfe5-3208-4749-a54c-f0127745ac3f returned with HTTP 200
2025-07-28 17:34:32.350 23 INFO cinder.api.v3.volumes [None req-eb5afc09-f4ca-402d-9e9f-0a99778fb10d f6c16011dbff465aa964872347d31936 53c34944aeb7474d9f29dc2d7f720311 - - default default] Create volume of 1 GB
2025-07-28 17:34:32.359 22 INFO cinder.api.openstack.wsgi [None req-bbe73caf-d96a-4182-beac-7dd478dcf7dc 20a8a1dc34fb4f46b646b9c953522fea e4b8a35ebf2a45dfb0180e1ae2674176 - - default default] DELETE http://[LB_IP_ADDRESS]:8776/v3/e4b8a35ebf2a45dfb0180e1ae2674176/group_snapshots/52aa5f37-77ba-471a-a375-f46fc05bc75e
2025-07-28 17:34:32.360 22 INFO cinder.api.v3.group_snapshots [None req-bbe73caf-d96a-4182-beac-7dd478dcf7dc 20a8a1dc34fb4f46b646b9c953522fea e4b8a35ebf2a45dfb0180e1ae2674176 - - default default] Delete group_snapshot with id: 52aa5f37-77ba-471a-a375-f46fc05bc75e
2025-07-28 17:34:32.360 23 INFO cinder.volume.api [None req-eb5afc09-f4ca-402d-9e9f-0a99778fb10d f6c16011dbff465aa964872347d31936 53c34944aeb7474d9f29dc2d7f720311 - - default default] Availability Zones retrieved successfully.
2025-07-28 17:34:32.420 22 INFO cinder.api.openstack.wsgi [None req-bbe73caf-d96a-4182-beac-7dd478dcf7dc 20a8a1dc34fb4f46b646b9c953522fea e4b8a35ebf2a45dfb0180e1ae2674176 - - default default] http://[LB_IP_ADDRESS]:8776/v3/e4b8a35ebf2a45dfb0180e1ae2674176/group_snapshots/52aa5f37-77ba-471a-a375-f46fc05bc75e returned with HTTP 202
2025-07-28 17:34:32.431 25 INFO cinder.api.openstack.wsgi [None req-f8b665d3-3566-4dd1-9341-29fe2b0d197a 20a8a1dc34fb4f46b646b9c953522fea e4b8a35ebf2a45dfb0180e1ae2674176 - - default default] GET http://[LB_IP_ADDRESS]:8776/v3/e4b8a35ebf2a45dfb0180e1ae2674176/volumes/detail
2025-07-28 17:34:32.451 25 INFO cinder.volume.api [None req-f8b665d3-3566-4dd1-9341-29fe2b0d197a 20a8a1dc34fb4f46b646b9c953522fea e4b8a35ebf2a45dfb0180e1ae2674176 - - default default] Get all volumes completed successfully.
2025-07-28 17:34:32.480 23 WARNING cinder.quota [None req-eb5afc09-f4ca-402d-9e9f-0a99778fb10d f6c16011dbff465aa964872347d31936 53c34944aeb7474d9f29dc2d7f720311 - - default default] Deprecated: Default quota for resource: volumes_tempest-GroupsV314Test-volume-type-841145386 is set by the default quota flag: quota_volumes_tempest-GroupsV314Test-volume-type-841145386, it is now deprecated. Please use the default quota class for default quota.
2025-07-28 17:34:32.481 23 WARNING cinder.quota [None req-eb5afc09-f4ca-402d-9e9f-0a99778fb10d f6c16011dbff465aa964872347d31936 53c34944aeb7474d9f29dc2d7f720311 - - default default] Deprecated: Default quota for resource: gigabytes_tempest-GroupsV314Test-volume-type-841145386 is set by the default quota flag: quota_gigabytes_tempest-GroupsV314Test-volume-type-841145386, it is now deprecated. Please use the default quota class for default quota.
2025-07-28 17:34:32.499 25 INFO cinder.api.openstack.wsgi [None req-f8b665d3-3566-4dd1-9341-29fe2b0d197a 20a8a1dc34fb4f46b646b9c953522fea e4b8a35ebf2a45dfb0180e1ae2674176 - - default default] http://[LB_IP_ADDRESS]:8776/v3/e4b8a35ebf2a45dfb0180e1ae2674176/volumes/detail returned with HTTP 200
2025-07-28 17:34:32.528 24 INFO cinder.api.openstack.wsgi [None req-a2e16916-a5c9-4ff6-8acf-7dcd92d13999 20a8a1dc34fb4f46b646b9c953522fea e4b8a35ebf2a45dfb0180e1ae2674176 - - default default] GET http://[LB_IP_ADDRESS]:8776/v3/e4b8a35ebf2a45dfb0180e1ae2674176/snapshots/detail
2025-07-28 17:34:32.537 24 INFO cinder.volume.api [None req-a2e16916-a5c9-4ff6-8acf-7dcd92d13999 20a8a1dc34fb4f46b646b9c953522fea e4b8a35ebf2a45dfb0180e1ae2674176 - - default default] Get all snapshots completed successfully.
2025-07-28 17:34:32.539 24 INFO cinder.api.openstack.wsgi [None req-a2e16916-a5c9-4ff6-8acf-7dcd92d13999 20a8a1dc34fb4f46b646b9c953522fea e4b8a35ebf2a45dfb0180e1ae2674176 - - default default] http://[LB_IP_ADDRESS]:8776/v3/e4b8a35ebf2a45dfb0180e1ae2674176/snapshots/detail returned with HTTP 200
2025-07-28 17:34:32.556 21 INFO cinder.api.openstack.wsgi [None req-6bd25111-507d-40c7-b424-35136fad13b1 20a8a1dc34fb4f46b646b9c953522fea e4b8a35ebf2a45dfb0180e1ae2674176 - - default default] GET http://[LB_IP_ADDRESS]:8776/v3/e4b8a35ebf2a45dfb0180e1ae2674176/snapshots/dcf7dfe5-3208-4749-a54c-f0127745ac3f
2025-07-28 17:34:32.566 21 INFO cinder.volume.api [None req-6bd25111-507d-40c7-b424-35136fad13b1 20a8a1dc34fb4f46b646b9c953522fea e4b8a35ebf2a45dfb0180e1ae2674176 - - default default] Snapshot retrieved successfully.
2025-07-28 17:34:32.568 21 INFO cinder.api.openstack.wsgi [None req-6bd25111-507d-40c7-b424-35136fad13b1 20a8a1dc34fb4f46b646b9c953522fea e4b8a35ebf2a45dfb0180e1ae2674176 - - default default] http://[LB_IP_ADDRESS]:8776/v3/e4b8a35ebf2a45dfb0180e1ae2674176/snapshots/dcf7dfe5-3208-4749-a54c-f0127745ac3f returned with HTTP 200
2025-07-28 17:34:32.585 23 INFO cinder.volume.api [None req-eb5afc09-f4ca-402d-9e9f-0a99778fb10d f6c16011dbff465aa964872347d31936 53c34944aeb7474d9f29dc2d7f720311 - - default default] Create volume request issued successfully.
2025-07-28 17:34:32.603 23 INFO cinder.api.openstack.wsgi [None req-eb5afc09-f4ca-402d-9e9f-0a99778fb10d f6c16011dbff465aa964872347d31936 53c34944aeb7474d9f29dc2d7f720311 - - default default] http://[LB_IP_ADDRESS]:8776/v3/53c34944aeb7474d9f29dc2d7f720311/volumes returned with HTTP 202
2025-07-28 17:34:32.628 22 INFO cinder.api.openstack.wsgi [None req-72637d67-a07f-4a88-a952-00168c1f1b65 f6c16011dbff465aa964872347d31936 53c34944aeb7474d9f29dc2d7f720311 - - default default] GET http://[LB_IP_ADDRESS]:8776/v3/53c34944aeb7474d9f29dc2d7f720311/volumes/87aae551-4d0e-4876-9b09-4d0e736ac4bb
2025-07-28 17:34:32.653 22 INFO cinder.volume.api [None req-72637d67-a07f-4a88-a952-00168c1f1b65 f6c16011dbff465aa964872347d31936 53c34944aeb7474d9f29dc2d7f720311 - - default default] Volume info retrieved successfully.
2025-07-28 17:34:32.680 22 INFO cinder.api.openstack.wsgi [None req-72637d67-a07f-4a88-a952-00168c1f1b65 f6c16011dbff465aa964872347d31936 53c34944aeb7474d9f29dc2d7f720311 - - default default] http://[LB_IP_ADDRESS]:8776/v3/53c34944aeb7474d9f29dc2d7f720311/volumes/87aae551-4d0e-4876-9b09-4d0e736ac4bb returned with HTTP 200
2025-07-28 17:34:33.585 25 INFO cinder.api.openstack.wsgi [None req-e1209e3e-12d9-466c-a049-0e60bbb0a198 20a8a1dc34fb4f46b646b9c953522fea e4b8a35ebf2a45dfb0180e1ae2674176 - - default default] GET http://[LB_IP_ADDRESS]:8776/v3/e4b8a35ebf2a45dfb0180e1ae2674176/snapshots/dcf7dfe5-3208-4749-a54c-f0127745ac3f
2025-07-28 17:34:33.595 25 INFO cinder.api.openstack.wsgi [None req-e1209e3e-12d9-466c-a049-0e60bbb0a198 20a8a1dc34fb4f46b646b9c953522fea e4b8a35ebf2a45dfb0180e1ae2674176 - - default default] http://[LB_IP_ADDRESS]:8776/v3/e4b8a35ebf2a45dfb0180e1ae2674176/snapshots/dcf7dfe5-3208-4749-a54c-f0127745ac3f returned with HTTP 404
2025-07-28 17:34:33.607 24 INFO cinder.api.openstack.wsgi [None req-a5c77a6f-f3ac-4443-91bf-eefe1e1fc391 20a8a1dc34fb4f46b646b9c953522fea e4b8a35ebf2a45dfb0180e1ae2674176 - - default default] GET http://[LB_IP_ADDRESS]:8776/v3/e4b8a35ebf2a45dfb0180e1ae2674176/snapshots/eda43cf5-d616-46e6-b959-b5c4468e4a35
2025-07-28 17:34:33.618 24 INFO cinder.api.openstack.wsgi [None req-a5c77a6f-f3ac-4443-91bf-eefe1e1fc391 20a8a1dc34fb4f46b646b9c953522fea e4b8a35ebf2a45dfb0180e1ae2674176 - - default default] http://[LB_IP_ADDRESS]:8776/v3/e4b8a35ebf2a45dfb0180e1ae2674176/snapshots/eda43cf5-d616-46e6-b959-b5c4468e4a35 returned with HTTP 404
2025-07-28 17:34:33.629 21 INFO cinder.api.openstack.wsgi [None req-89578930-7cb0-48f4-9070-08f635a74fb7 20a8a1dc34fb4f46b646b9c953522fea e4b8a35ebf2a45dfb0180e1ae2674176 - - default default] GET http://[LB_IP_ADDRESS]:8776/v3/e4b8a35ebf2a45dfb0180e1ae2674176/group_snapshots/52aa5f37-77ba-471a-a375-f46fc05bc75e
2025-07-28 17:34:33.635 21 INFO cinder.api.openstack.wsgi [None req-89578930-7cb0-48f4-9070-08f635a74fb7 20a8a1dc34fb4f46b646b9c953522fea e4b8a35ebf2a45dfb0180e1ae2674176 - - default default] http://[LB_IP_ADDRESS]:8776/v3/e4b8a35ebf2a45dfb0180e1ae2674176/group_snapshots/52aa5f37-77ba-471a-a375-f46fc05bc75e returned with HTTP 404
2025-07-28 17:34:33.648 23 INFO cinder.api.openstack.wsgi [None req-d9978523-43ef-4b9c-bc4e-7b2d7b0b5c21 20a8a1dc34fb4f46b646b9c953522fea e4b8a35ebf2a45dfb0180e1ae2674176 - - default default] DELETE http://[LB_IP_ADDRESS]:8776/v3/e4b8a35ebf2a45dfb0180e1ae2674176/group_snapshots/52aa5f37-77ba-471a-a375-f46fc05bc75e
2025-07-28 17:34:33.649 23 INFO cinder.api.v3.group_snapshots [None req-d9978523-43ef-4b9c-bc4e-7b2d7b0b5c21 20a8a1dc34fb4f46b646b9c953522fea e4b8a35ebf2a45dfb0180e1ae2674176 - - default default] Delete group_snapshot with id: 52aa5f37-77ba-471a-a375-f46fc05bc75e
2025-07-28 17:34:33.654 23 INFO cinder.api.openstack.wsgi [None req-d9978523-43ef-4b9c-bc4e-7b2d7b0b5c21 20a8a1dc34fb4f46b646b9c953522fea e4b8a35ebf2a45dfb0180e1ae2674176 - - default default] http://[LB_IP_ADDRESS]:8776/v3/e4b8a35ebf2a45dfb0180e1ae2674176/group_snapshots/52aa5f37-77ba-471a-a375-f46fc05bc75e returned with HTTP 404
2025-07-28 17:34:33.666 22 INFO cinder.api.openstack.wsgi [None req-108cf837-acb8-4ecc-853c-3b40e1739965 20a8a1dc34fb4f46b646b9c953522fea e4b8a35ebf2a45dfb0180e1ae2674176 - - default default] GET http://[LB_IP_ADDRESS]:8776/v3/e4b8a35ebf2a45dfb0180e1ae2674176/volumes/detail
2025-07-28 17:34:33.686 22 INFO cinder.volume.api [None req-108cf837-acb8-4ecc-853c-3b40e1739965 20a8a1dc34fb4f46b646b9c953522fea e4b8a35ebf2a45dfb0180e1ae2674176 - - default default] Get all volumes completed successfully.
2025-07-28 17:34:33.708 25 INFO cinder.api.openstack.wsgi [None req-23b410c2-c6e4-46e5-870d-ee088d5ecadf f6c16011dbff465aa964872347d31936 53c34944aeb7474d9f29dc2d7f720311 - - default default] GET http://[LB_IP_ADDRESS]:8776/v3/53c34944aeb7474d9f29dc2d7f720311/volumes/87aae551-4d0e-4876-9b09-4d0e736ac4bb
2025-07-28 17:34:33.733 25 INFO cinder.volume.api [None req-23b410c2-c6e4-46e5-870d-ee088d5ecadf f6c16011dbff465aa964872347d31936 53c34944aeb7474d9f29dc2d7f720311 - - default default] Volume info retrieved successfully.
2025-07-28 17:34:33.733 22 INFO cinder.api.openstack.wsgi [None req-108cf837-acb8-4ecc-853c-3b40e1739965 20a8a1dc34fb4f46b646b9c953522fea e4b8a35ebf2a45dfb0180e1ae2674176 - - default default] http://[LB_IP_ADDRESS]:8776/v3/e4b8a35ebf2a45dfb0180e1ae2674176/volumes/detail returned with HTTP 200
2025-07-28 17:34:33.760 25 INFO cinder.api.openstack.wsgi [None req-23b410c2-c6e4-46e5-870d-ee088d5ecadf f6c16011dbff465aa964872347d31936 53c34944aeb7474d9f29dc2d7f720311 - - default default] http://[LB_IP_ADDRESS]:8776/v3/53c34944aeb7474d9f29dc2d7f720311/volumes/87aae551-4d0e-4876-9b09-4d0e736ac4bb returned with HTTP 200
2025-07-28 17:34:33.763 24 INFO cinder.api.openstack.wsgi [None req-7f9d5e36-e6e5-4e1c-b439-23954776fe6b 20a8a1dc34fb4f46b646b9c953522fea e4b8a35ebf2a45dfb0180e1ae2674176 - - default default] POST http://[LB_IP_ADDRESS]:8776/v3/e4b8a35ebf2a45dfb0180e1ae2674176/groups/b28895d9-b31d-4a39-a46c-9e8aada4d33c/action
2025-07-28 17:34:33.767 24 INFO cinder.api.v3.groups [None req-7f9d5e36-e6e5-4e1c-b439-23954776fe6b 20a8a1dc34fb4f46b646b9c953522fea e4b8a35ebf2a45dfb0180e1ae2674176 - - default default] Delete group with id: b28895d9-b31d-4a39-a46c-9e8aada4d33c
2025-07-28 17:34:33.788 21 INFO cinder.api.openstack.wsgi [None req-80b55940-9c51-4049-947a-ae50bab2ee18 f6c16011dbff465aa964872347d31936 53c34944aeb7474d9f29dc2d7f720311 - - default default] POST http://[LB_IP_ADDRESS]:8776/v3/53c34944aeb7474d9f29dc2d7f720311/groups/action
2025-07-28 17:34:33.792 21 INFO cinder.api.v3.groups [None req-80b55940-9c51-4049-947a-ae50bab2ee18 f6c16011dbff465aa964872347d31936 53c34944aeb7474d9f29dc2d7f720311 - - default default] Creating group tempest-Group_from_grp-2127862854 from source group 88c657ea-81ad-4678-b61b-81c14e2f8c84.
2025-07-28 17:34:33.858 24 INFO cinder.api.openstack.wsgi [None req-7f9d5e36-e6e5-4e1c-b439-23954776fe6b 20a8a1dc34fb4f46b646b9c953522fea e4b8a35ebf2a45dfb0180e1ae2674176 - - default default] http://[LB_IP_ADDRESS]:8776/v3/e4b8a35ebf2a45dfb0180e1ae2674176/groups/b28895d9-b31d-4a39-a46c-9e8aada4d33c/action returned with HTTP 202
2025-07-28 17:34:33.870 23 INFO cinder.api.openstack.wsgi [None req-d4a17712-cc4a-4cb5-8e55-945fb845a424 20a8a1dc34fb4f46b646b9c953522fea e4b8a35ebf2a45dfb0180e1ae2674176 - - default default] GET http://[LB_IP_ADDRESS]:8776/v3/e4b8a35ebf2a45dfb0180e1ae2674176/volumes/d2454f89-bb6c-4dec-86d4-05ec217d099a
2025-07-28 17:34:33.895 23 INFO cinder.volume.api [None req-d4a17712-cc4a-4cb5-8e55-945fb845a424 20a8a1dc34fb4f46b646b9c953522fea e4b8a35ebf2a45dfb0180e1ae2674176 - - default default] Volume info retrieved successfully.
2025-07-28 17:34:33.925 23 INFO cinder.api.openstack.wsgi [None req-d4a17712-cc4a-4cb5-8e55-945fb845a424 20a8a1dc34fb4f46b646b9c953522fea e4b8a35ebf2a45dfb0180e1ae2674176 - - default default] http://[LB_IP_ADDRESS]:8776/v3/e4b8a35ebf2a45dfb0180e1ae2674176/volumes/d2454f89-bb6c-4dec-86d4-05ec217d099a returned with HTTP 200
2025-07-28 17:34:34.449 21 INFO cinder.group.api [None req-80b55940-9c51-4049-947a-ae50bab2ee18 f6c16011dbff465aa964872347d31936 53c34944aeb7474d9f29dc2d7f720311 - - default default] A mapping entry already exists for group 33bf16c0-45c5-4ca4-990b-9035295fa261 and volume type 9a318e40-4e8a-42e8-a798-3b444214a02c. Do not need to create again.
2025-07-28 17:34:34.451 21 INFO cinder.volume.api [None req-80b55940-9c51-4049-947a-ae50bab2ee18 f6c16011dbff465aa964872347d31936 53c34944aeb7474d9f29dc2d7f720311 - - default default] Availability Zones retrieved successfully.
2025-07-28 17:34:34.573 21 WARNING cinder.quota [None req-80b55940-9c51-4049-947a-ae50bab2ee18 f6c16011dbff465aa964872347d31936 53c34944aeb7474d9f29dc2d7f720311 - - default default] Deprecated: Default quota for resource: volumes_tempest-GroupsV314Test-volume-type-841145386 is set by the default quota flag: quota_volumes_tempest-GroupsV314Test-volume-type-841145386, it is now deprecated. Please use the default quota class for default quota.
2025-07-28 17:34:34.574 21 WARNING cinder.quota [None req-80b55940-9c51-4049-947a-ae50bab2ee18 f6c16011dbff465aa964872347d31936 53c34944aeb7474d9f29dc2d7f720311 - - default default] Deprecated: Default quota for resource: gigabytes_tempest-GroupsV314Test-volume-type-841145386 is set by the default quota flag: quota_gigabytes_tempest-GroupsV314Test-volume-type-841145386, it is now deprecated. Please use the default quota class for default quota.
2025-07-28 17:34:34.649 21 INFO cinder.volume.api [None req-80b55940-9c51-4049-947a-ae50bab2ee18 f6c16011dbff465aa964872347d31936 53c34944aeb7474d9f29dc2d7f720311 - - default default] Create volume request issued successfully.
2025-07-28 17:34:34.671 21 INFO cinder.api.openstack.wsgi [None req-80b55940-9c51-4049-947a-ae50bab2ee18 f6c16011dbff465aa964872347d31936 53c34944aeb7474d9f29dc2d7f720311 - - default default] http://[LB_IP_ADDRESS]:8776/v3/53c34944aeb7474d9f29dc2d7f720311/groups/action returned with HTTP 202
2025-07-28 17:34:34.684 22 INFO cinder.api.openstack.wsgi [None req-98b8091e-977c-4180-b51b-ca54bbe0f917 f6c16011dbff465aa964872347d31936 53c34944aeb7474d9f29dc2d7f720311 - - default default] GET http://[LB_IP_ADDRESS]:8776/v3/53c34944aeb7474d9f29dc2d7f720311/volumes/detail
2025-07-28 17:34:34.704 22 INFO cinder.volume.api [None req-98b8091e-977c-4180-b51b-ca54bbe0f917 f6c16011dbff465aa964872347d31936 53c34944aeb7474d9f29dc2d7f720311 - - default default] Get all volumes completed successfully.
2025-07-28 17:34:34.745 22 INFO cinder.api.openstack.wsgi [None req-98b8091e-977c-4180-b51b-ca54bbe0f917 f6c16011dbff465aa964872347d31936 53c34944aeb7474d9f29dc2d7f720311 - - default default] http://[LB_IP_ADDRESS]:8776/v3/53c34944aeb7474d9f29dc2d7f720311/volumes/detail returned with HTTP 200
2025-07-28 17:34:34.774 25 INFO cinder.api.openstack.wsgi [None req-99d4838b-cb4c-4f0d-a505-8a66ce0a2c71 f6c16011dbff465aa964872347d31936 53c34944aeb7474d9f29dc2d7f720311 - - default default] GET http://[LB_IP_ADDRESS]:8776/v3/53c34944aeb7474d9f29dc2d7f720311/volumes/5fa3817c-0946-417e-837f-0fd5b62bf016
2025-07-28 17:34:34.797 25 INFO cinder.volume.api [None req-99d4838b-cb4c-4f0d-a505-8a66ce0a2c71 f6c16011dbff465aa964872347d31936 53c34944aeb7474d9f29dc2d7f720311 - - default default] Volume info retrieved successfully.
2025-07-28 17:34:34.824 25 INFO cinder.api.openstack.wsgi [None req-99d4838b-cb4c-4f0d-a505-8a66ce0a2c71 f6c16011dbff465aa964872347d31936 53c34944aeb7474d9f29dc2d7f720311 - - default default] http://[LB_IP_ADDRESS]:8776/v3/53c34944aeb7474d9f29dc2d7f720311/volumes/5fa3817c-0946-417e-837f-0fd5b62bf016 returned with HTTP 200
2025-07-28 17:34:34.954 24 INFO cinder.api.openstack.wsgi [None req-b3f4125c-a662-43ed-a3d3-954bafd02a61 20a8a1dc34fb4f46b646b9c953522fea e4b8a35ebf2a45dfb0180e1ae2674176 - - default default] GET http://[LB_IP_ADDRESS]:8776/v3/e4b8a35ebf2a45dfb0180e1ae2674176/volumes/d2454f89-bb6c-4dec-86d4-05ec217d099a
2025-07-28 17:34:34.970 24 INFO cinder.api.openstack.wsgi [None req-b3f4125c-a662-43ed-a3d3-954bafd02a61 20a8a1dc34fb4f46b646b9c953522fea e4b8a35ebf2a45dfb0180e1ae2674176 - - default default] http://[LB_IP_ADDRESS]:8776/v3/e4b8a35ebf2a45dfb0180e1ae2674176/volumes/d2454f89-bb6c-4dec-86d4-05ec217d099a returned with HTTP 404
2025-07-28 17:34:34.983 23 INFO cinder.api.openstack.wsgi [None req-8ac1a60e-31ce-4943-8d4a-68da55199b02 20a8a1dc34fb4f46b646b9c953522fea e4b8a35ebf2a45dfb0180e1ae2674176 - - default default] GET http://[LB_IP_ADDRESS]:8776/v3/e4b8a35ebf2a45dfb0180e1ae2674176/volumes/433c8548-dec6-4669-83b6-77a18e9869ba
2025-07-28 17:34:34.997 23 INFO cinder.api.openstack.wsgi [None req-8ac1a60e-31ce-4943-8d4a-68da55199b02 20a8a1dc34fb4f46b646b9c953522fea e4b8a35ebf2a45dfb0180e1ae2674176 - - default default] http://[LB_IP_ADDRESS]:8776/v3/e4b8a35ebf2a45dfb0180e1ae2674176/volumes/433c8548-dec6-4669-83b6-77a18e9869ba returned with HTTP 404
2025-07-28 17:34:35.010 21 INFO cinder.api.openstack.wsgi [None req-9b0660de-082d-4125-8268-9eec9d1c6985 20a8a1dc34fb4f46b646b9c953522fea e4b8a35ebf2a45dfb0180e1ae2674176 - - default default] GET http://[LB_IP_ADDRESS]:8776/v3/e4b8a35ebf2a45dfb0180e1ae2674176/groups/b28895d9-b31d-4a39-a46c-9e8aada4d33c
2025-07-28 17:34:35.016 21 INFO cinder.api.openstack.wsgi [None req-9b0660de-082d-4125-8268-9eec9d1c6985 20a8a1dc34fb4f46b646b9c953522fea e4b8a35ebf2a45dfb0180e1ae2674176 - - default default] http://[LB_IP_ADDRESS]:8776/v3/e4b8a35ebf2a45dfb0180e1ae2674176/groups/b28895d9-b31d-4a39-a46c-9e8aada4d33c returned with HTTP 404
2025-07-28 17:34:35.029 22 INFO cinder.api.openstack.wsgi [None req-9c053c49-7552-474f-b83a-4aaa66d9a4d3 3dea53991acb4ed99edcc1dbcabbe382 914345d3a3154399baa2bc290c00ba69 - - default default] DELETE http://[LB_IP_ADDRESS]:8776/v3/914345d3a3154399baa2bc290c00ba69/group_types/3b7b1bf8-4512-444b-a0c6-e404a7f94c06
2025-07-28 17:34:35.054 22 INFO cinder.api.openstack.wsgi [None req-9c053c49-7552-474f-b83a-4aaa66d9a4d3 3dea53991acb4ed99edcc1dbcabbe382 914345d3a3154399baa2bc290c00ba69 - - default default] http://[LB_IP_ADDRESS]:8776/v3/914345d3a3154399baa2bc290c00ba69/group_types/3b7b1bf8-4512-444b-a0c6-e404a7f94c06 returned with HTTP 202
2025-07-28 17:34:35.065 25 INFO cinder.api.openstack.wsgi [None req-0d016867-3492-414d-bff7-bf0c81e3fc1f 3dea53991acb4ed99edcc1dbcabbe382 914345d3a3154399baa2bc290c00ba69 - - default default] DELETE http://[LB_IP_ADDRESS]:8776/v3/914345d3a3154399baa2bc290c00ba69/types/44ab2f97-1164-4229-b245-aecd059348d1
2025-07-28 17:34:35.111 25 INFO cinder.api.openstack.wsgi [None req-0d016867-3492-414d-bff7-bf0c81e3fc1f 3dea53991acb4ed99edcc1dbcabbe382 914345d3a3154399baa2bc290c00ba69 - - default default] http://[LB_IP_ADDRESS]:8776/v3/914345d3a3154399baa2bc290c00ba69/types/44ab2f97-1164-4229-b245-aecd059348d1 returned with HTTP 202
2025-07-28 17:34:35.122 24 INFO cinder.api.openstack.wsgi [None req-e9fada13-6d44-4433-aeea-db9943e535c8 3dea53991acb4ed99edcc1dbcabbe382 914345d3a3154399baa2bc290c00ba69 - - default default] GET http://[LB_IP_ADDRESS]:8776/v3/914345d3a3154399baa2bc290c00ba69/types/44ab2f97-1164-4229-b245-aecd059348d1
2025-07-28 17:34:35.128 24 INFO cinder.api.openstack.wsgi [None req-e9fada13-6d44-4433-aeea-db9943e535c8 3dea53991acb4ed99edcc1dbcabbe382 914345d3a3154399baa2bc290c00ba69 - - default default] http://[LB_IP_ADDRESS]:8776/v3/914345d3a3154399baa2bc290c00ba69/types/44ab2f97-1164-4229-b245-aecd059348d1 returned with HTTP 404
2025-07-28 17:34:35.149 23 INFO cinder.api.openstack.wsgi [None req-f84db22a-b4d6-43bc-82cd-7b639f4a8daf 3dea53991acb4ed99edcc1dbcabbe382 914345d3a3154399baa2bc290c00ba69 - - default default] POST http://[LB_IP_ADDRESS]:8776/v3/914345d3a3154399baa2bc290c00ba69/types
2025-07-28 17:34:35.175 23 INFO cinder.api.openstack.wsgi [None req-f84db22a-b4d6-43bc-82cd-7b639f4a8daf 3dea53991acb4ed99edcc1dbcabbe382 914345d3a3154399baa2bc290c00ba69 - - default default] http://[LB_IP_ADDRESS]:8776/v3/914345d3a3154399baa2bc290c00ba69/types returned with HTTP 200
2025-07-28 17:34:35.189 21 INFO cinder.api.openstack.wsgi [None req-fc568fe5-d3b9-45c1-8f7d-60c8cda6a83a 3dea53991acb4ed99edcc1dbcabbe382 914345d3a3154399baa2bc290c00ba69 - - default default] POST http://[LB_IP_ADDRESS]:8776/v3/914345d3a3154399baa2bc290c00ba69/group_types
2025-07-28 17:34:35.214 21 INFO cinder.api.openstack.wsgi [None req-fc568fe5-d3b9-45c1-8f7d-60c8cda6a83a 3dea53991acb4ed99edcc1dbcabbe382 914345d3a3154399baa2bc290c00ba69 - - default default] http://[LB_IP_ADDRESS]:8776/v3/914345d3a3154399baa2bc290c00ba69/group_types returned with HTTP 202
2025-07-28 17:34:35.228 22 INFO cinder.api.openstack.wsgi [None req-df79362c-cbae-4f53-a5c7-da3d870b02b7 20a8a1dc34fb4f46b646b9c953522fea e4b8a35ebf2a45dfb0180e1ae2674176 - - default default] POST http://[LB_IP_ADDRESS]:8776/v3/e4b8a35ebf2a45dfb0180e1ae2674176/groups
2025-07-28 17:34:35.241 22 INFO cinder.api.v3.groups [None req-df79362c-cbae-4f53-a5c7-da3d870b02b7 20a8a1dc34fb4f46b646b9c953522fea e4b8a35ebf2a45dfb0180e1ae2674176 - - default default] Creating group tempest-GroupSnapshotsTest-Group-983848778.
2025-07-28 17:34:35.252 22 INFO cinder.volume.api [None req-df79362c-cbae-4f53-a5c7-da3d870b02b7 20a8a1dc34fb4f46b646b9c953522fea e4b8a35ebf2a45dfb0180e1ae2674176 - - default default] Availability Zones retrieved successfully.
2025-07-28 17:34:35.337 22 INFO cinder.api.openstack.wsgi [None req-df79362c-cbae-4f53-a5c7-da3d870b02b7 20a8a1dc34fb4f46b646b9c953522fea e4b8a35ebf2a45dfb0180e1ae2674176 - - default default] http://[LB_IP_ADDRESS]:8776/v3/e4b8a35ebf2a45dfb0180e1ae2674176/groups returned with HTTP 202
2025-07-28 17:34:35.350 25 INFO cinder.api.openstack.wsgi [None req-53576acd-7f9b-4754-b187-93c24d2d74ef 20a8a1dc34fb4f46b646b9c953522fea e4b8a35ebf2a45dfb0180e1ae2674176 - - default default] GET http://[LB_IP_ADDRESS]:8776/v3/e4b8a35ebf2a45dfb0180e1ae2674176/groups/6e35dbb7-100c-4112-8618-393faa12458d
2025-07-28 17:34:35.372 25 INFO cinder.api.openstack.wsgi [None req-53576acd-7f9b-4754-b187-93c24d2d74ef 20a8a1dc34fb4f46b646b9c953522fea e4b8a35ebf2a45dfb0180e1ae2674176 - - default default] http://[LB_IP_ADDRESS]:8776/v3/e4b8a35ebf2a45dfb0180e1ae2674176/groups/6e35dbb7-100c-4112-8618-393faa12458d returned with HTTP 200
2025-07-28 17:34:35.783 24 INFO cinder.api.openstack.wsgi [None req-4d1ede10-beb6-46c7-afbe-6c03b458156d a44cf087fd0b4e37a8b2a6869fc39cd3 0409ddda295145c1a9c6fe94af94f0fe - - default default] GET http://[LB_IP_ADDRESS]:8776/v3/0409ddda295145c1a9c6fe94af94f0fe/os-quota-sets/57cc271dc1b04b44aff0cb30cd43273b
2025-07-28 17:34:35.827 24 WARNING cinder.quota [None req-4d1ede10-beb6-46c7-afbe-6c03b458156d a44cf087fd0b4e37a8b2a6869fc39cd3 0409ddda295145c1a9c6fe94af94f0fe - - default default] Deprecated: Default quota for resource: volumes_tempest-GroupSnapshotsTest-volume-type-2009261439 is set by the default quota flag: quota_volumes_tempest-GroupSnapshotsTest-volume-type-2009261439, it is now deprecated. Please use the default quota class for default quota.
2025-07-28 17:34:35.828 24 WARNING cinder.quota [None req-4d1ede10-beb6-46c7-afbe-6c03b458156d a44cf087fd0b4e37a8b2a6869fc39cd3 0409ddda295145c1a9c6fe94af94f0fe - - default default] Deprecated: Default quota for resource: gigabytes_tempest-GroupSnapshotsTest-volume-type-2009261439 is set by the default quota flag: quota_gigabytes_tempest-GroupSnapshotsTest-volume-type-2009261439, it is now deprecated. Please use the default quota class for default quota.
2025-07-28 17:34:35.829 24 WARNING cinder.quota [None req-4d1ede10-beb6-46c7-afbe-6c03b458156d a44cf087fd0b4e37a8b2a6869fc39cd3 0409ddda295145c1a9c6fe94af94f0fe - - default default] Deprecated: Default quota for resource: snapshots_tempest-GroupSnapshotsTest-volume-type-2009261439 is set by the default quota flag: quota_snapshots_tempest-GroupSnapshotsTest-volume-type-2009261439, it is now deprecated. Please use the default quota class for default quota.
2025-07-28 17:34:35.830 24 WARNING cinder.quota [None req-4d1ede10-beb6-46c7-afbe-6c03b458156d a44cf087fd0b4e37a8b2a6869fc39cd3 0409ddda295145c1a9c6fe94af94f0fe - - default default] Deprecated: Default quota for resource: volumes_tempest-GroupsV314Test-volume-type-841145386 is set by the default quota flag: quota_volumes_tempest-GroupsV314Test-volume-type-841145386, it is now deprecated. Please use the default quota class for default quota.
2025-07-28 17:34:35.831 24 WARNING cinder.quota [None req-4d1ede10-beb6-46c7-afbe-6c03b458156d a44cf087fd0b4e37a8b2a6869fc39cd3 0409ddda295145c1a9c6fe94af94f0fe - - default default] Deprecated: Default quota for resource: gigabytes_tempest-GroupsV314Test-volume-type-841145386 is set by the default quota flag: quota_gigabytes_tempest-GroupsV314Test-volume-type-841145386, it is now deprecated. Please use the default quota class for default quota.
2025-07-28 17:34:35.831 24 WARNING cinder.quota [None req-4d1ede10-beb6-46c7-afbe-6c03b458156d a44cf087fd0b4e37a8b2a6869fc39cd3 0409ddda295145c1a9c6fe94af94f0fe - - default default] Deprecated: Default quota for resource: snapshots_tempest-GroupsV314Test-volume-type-841145386 is set by the default quota flag: quota_snapshots_tempest-GroupsV314Test-volume-type-841145386, it is now deprecated. Please use the default quota class for default quota.
2025-07-28 17:34:35.853 23 INFO cinder.api.openstack.wsgi [None req-c39df16c-a196-4f5a-9a33-82da9402040e f6c16011dbff465aa964872347d31936 53c34944aeb7474d9f29dc2d7f720311 - - default default] GET http://[LB_IP_ADDRESS]:8776/v3/53c34944aeb7474d9f29dc2d7f720311/volumes/5fa3817c-0946-417e-837f-0fd5b62bf016
2025-07-28 17:34:35.863 24 INFO cinder.api.openstack.wsgi [None req-4d1ede10-beb6-46c7-afbe-6c03b458156d a44cf087fd0b4e37a8b2a6869fc39cd3 0409ddda295145c1a9c6fe94af94f0fe - - default default] http://[LB_IP_ADDRESS]:8776/v3/0409ddda295145c1a9c6fe94af94f0fe/os-quota-sets/57cc271dc1b04b44aff0cb30cd43273b returned with HTTP 200
2025-07-28 17:34:35.880 23 INFO cinder.volume.api [None req-c39df16c-a196-4f5a-9a33-82da9402040e f6c16011dbff465aa964872347d31936 53c34944aeb7474d9f29dc2d7f720311 - - default default] Volume info retrieved successfully.
2025-07-28 17:34:35.881 21 INFO cinder.api.openstack.wsgi [None req-80ed35f1-1573-49c0-b12a-e3c5240e2ef2 a44cf087fd0b4e37a8b2a6869fc39cd3 0409ddda295145c1a9c6fe94af94f0fe - - default default] GET http://[LB_IP_ADDRESS]:8776/v3/0409ddda295145c1a9c6fe94af94f0fe/os-quota-sets/57cc271dc1b04b44aff0cb30cd43273b/defaults
2025-07-28 17:34:35.906 23 INFO cinder.api.openstack.wsgi [None req-c39df16c-a196-4f5a-9a33-82da9402040e f6c16011dbff465aa964872347d31936 53c34944aeb7474d9f29dc2d7f720311 - - default default] http://[LB_IP_ADDRESS]:8776/v3/53c34944aeb7474d9f29dc2d7f720311/volumes/5fa3817c-0946-417e-837f-0fd5b62bf016 returned with HTTP 200
2025-07-28 17:34:35.918 21 WARNING cinder.quota [None req-80ed35f1-1573-49c0-b12a-e3c5240e2ef2 a44cf087fd0b4e37a8b2a6869fc39cd3 0409ddda295145c1a9c6fe94af94f0fe - - default default] Deprecated: Default quota for resource: volumes_tempest-GroupSnapshotsTest-volume-type-2009261439 is set by the default quota flag: quota_volumes_tempest-GroupSnapshotsTest-volume-type-2009261439, it is now deprecated. Please use the default quota class for default quota.
2025-07-28 17:34:35.919 21 WARNING cinder.quota [None req-80ed35f1-1573-49c0-b12a-e3c5240e2ef2 a44cf087fd0b4e37a8b2a6869fc39cd3 0409ddda295145c1a9c6fe94af94f0fe - - default default] Deprecated: Default quota for resource: gigabytes_tempest-GroupSnapshotsTest-volume-type-2009261439 is set by the default quota flag: quota_gigabytes_tempest-GroupSnapshotsTest-volume-type-2009261439, it is now deprecated. Please use the default quota class for default quota.
2025-07-28 17:34:35.920 21 WARNING cinder.quota [None req-80ed35f1-1573-49c0-b12a-e3c5240e2ef2 a44cf087fd0b4e37a8b2a6869fc39cd3 0409ddda295145c1a9c6fe94af94f0fe - - default default] Deprecated: Default quota for resource: snapshots_tempest-GroupSnapshotsTest-volume-type-2009261439 is set by the default quota flag: quota_snapshots_tempest-GroupSnapshotsTest-volume-type-2009261439, it is now deprecated. Please use the default quota class for default quota.
2025-07-28 17:34:35.921 21 WARNING cinder.quota [None req-80ed35f1-1573-49c0-b12a-e3c5240e2ef2 a44cf087fd0b4e37a8b2a6869fc39cd3 0409ddda295145c1a9c6fe94af94f0fe - - default default] Deprecated: Default quota for resource: snapshots_tempest-GroupsV314Test-volume-type-841145386 is set by the default quota flag: quota_snapshots_tempest-GroupsV314Test-volume-type-841145386, it is now deprecated. Please use the default quota class for default quota.
2025-07-28 17:34:35.949 21 INFO cinder.api.openstack.wsgi [None req-80ed35f1-1573-49c0-b12a-e3c5240e2ef2 a44cf087fd0b4e37a8b2a6869fc39cd3 0409ddda295145c1a9c6fe94af94f0fe - - default default] http://[LB_IP_ADDRESS]:8776/v3/0409ddda295145c1a9c6fe94af94f0fe/os-quota-sets/57cc271dc1b04b44aff0cb30cd43273b/defaults returned with HTTP 200
2025-07-28 17:34:35.965 22 INFO cinder.api.openstack.wsgi [None req-81224802-aaea-45ea-9b66-98fd81ba1b22 a44cf087fd0b4e37a8b2a6869fc39cd3 0409ddda295145c1a9c6fe94af94f0fe - - default default] PUT http://[LB_IP_ADDRESS]:8776/v3/0409ddda295145c1a9c6fe94af94f0fe/os-quota-sets/57cc271dc1b04b44aff0cb30cd43273b
2025-07-28 17:34:36.054 22 WARNING cinder.quota [None req-81224802-aaea-45ea-9b66-98fd81ba1b22 a44cf087fd0b4e37a8b2a6869fc39cd3 0409ddda295145c1a9c6fe94af94f0fe - - default default] Deprecated: Default quota for resource: volumes_tempest-GroupSnapshotsTest-volume-type-2009261439 is set by the default quota flag: quota_volumes_tempest-GroupSnapshotsTest-volume-type-2009261439, it is now deprecated. Please use the default quota class for default quota.
2025-07-28 17:34:36.055 22 WARNING cinder.quota [None req-81224802-aaea-45ea-9b66-98fd81ba1b22 a44cf087fd0b4e37a8b2a6869fc39cd3 0409ddda295145c1a9c6fe94af94f0fe - - default default] Deprecated: Default quota for resource: gigabytes_tempest-GroupSnapshotsTest-volume-type-2009261439 is set by the default quota flag: quota_gigabytes_tempest-GroupSnapshotsTest-volume-type-2009261439, it is now deprecated. Please use the default quota class for default quota.
2025-07-28 17:34:36.056 22 WARNING cinder.quota [None req-81224802-aaea-45ea-9b66-98fd81ba1b22 a44cf087fd0b4e37a8b2a6869fc39cd3 0409ddda295145c1a9c6fe94af94f0fe - - default default] Deprecated: Default quota for resource: snapshots_tempest-GroupSnapshotsTest-volume-type-2009261439 is set by the default quota flag: quota_snapshots_tempest-GroupSnapshotsTest-volume-type-2009261439, it is now deprecated. Please use the default quota class for default quota.
2025-07-28 17:34:36.057 22 WARNING cinder.quota [None req-81224802-aaea-45ea-9b66-98fd81ba1b22 a44cf087fd0b4e37a8b2a6869fc39cd3 0409ddda295145c1a9c6fe94af94f0fe - - default default] Deprecated: Default quota for resource: volumes_tempest-GroupsV314Test-volume-type-841145386 is set by the default quota flag: quota_volumes_tempest-GroupsV314Test-volume-type-841145386, it is now deprecated. Please use the default quota class for default quota.
2025-07-28 17:34:36.057 22 WARNING cinder.quota [None req-81224802-aaea-45ea-9b66-98fd81ba1b22 a44cf087fd0b4e37a8b2a6869fc39cd3 0409ddda295145c1a9c6fe94af94f0fe - - default default] Deprecated: Default quota for resource: gigabytes_tempest-GroupsV314Test-volume-type-841145386 is set by the default quota flag: quota_gigabytes_tempest-GroupsV314Test-volume-type-841145386, it is now deprecated. Please use the default quota class for default quota.
2025-07-28 17:34:36.058 22 WARNING cinder.quota [None req-81224802-aaea-45ea-9b66-98fd81ba1b22 a44cf087fd0b4e37a8b2a6869fc39cd3 0409ddda295145c1a9c6fe94af94f0fe - - default default] Deprecated: Default quota for resource: snapshots_tempest-GroupsV314Test-volume-type-841145386 is set by the default quota flag: quota_snapshots_tempest-GroupsV314Test-volume-type-841145386, it is now deprecated. Please use the default quota class for default quota.
2025-07-28 17:34:36.090 22 INFO cinder.api.openstack.wsgi [None req-81224802-aaea-45ea-9b66-98fd81ba1b22 a44cf087fd0b4e37a8b2a6869fc39cd3 0409ddda295145c1a9c6fe94af94f0fe - - default default] http://[LB_IP_ADDRESS]:8776/v3/0409ddda295145c1a9c6fe94af94f0fe/os-quota-sets/57cc271dc1b04b44aff0cb30cd43273b returned with HTTP 200
2025-07-28 17:34:36.106 25 INFO cinder.api.openstack.wsgi [None req-538612e1-b5b9-4186-98ff-974bc7065e70 a44cf087fd0b4e37a8b2a6869fc39cd3 0409ddda295145c1a9c6fe94af94f0fe - - default default] DELETE http://[LB_IP_ADDRESS]:8776/v3/0409ddda295145c1a9c6fe94af94f0fe/os-quota-sets/57cc271dc1b04b44aff0cb30cd43273b
2025-07-28 17:34:36.116 25 INFO cinder.api.openstack.wsgi [None req-538612e1-b5b9-4186-98ff-974bc7065e70 a44cf087fd0b4e37a8b2a6869fc39cd3 0409ddda295145c1a9c6fe94af94f0fe - - default default] http://[LB_IP_ADDRESS]:8776/v3/0409ddda295145c1a9c6fe94af94f0fe/os-quota-sets/57cc271dc1b04b44aff0cb30cd43273b returned with HTTP 200
2025-07-28 17:34:36.129 24 INFO cinder.api.openstack.wsgi [None req-038d4e9e-2691-4825-9b46-b872716e4ce7 a44cf087fd0b4e37a8b2a6869fc39cd3 0409ddda295145c1a9c6fe94af94f0fe - - default default] GET http://[LB_IP_ADDRESS]:8776/v3/0409ddda295145c1a9c6fe94af94f0fe/os-quota-sets/57cc271dc1b04b44aff0cb30cd43273b
2025-07-28 17:34:36.204 24 INFO cinder.api.openstack.wsgi [None req-038d4e9e-2691-4825-9b46-b872716e4ce7 a44cf087fd0b4e37a8b2a6869fc39cd3 0409ddda295145c1a9c6fe94af94f0fe - - default default] http://[LB_IP_ADDRESS]:8776/v3/0409ddda295145c1a9c6fe94af94f0fe/os-quota-sets/57cc271dc1b04b44aff0cb30cd43273b returned with HTTP 200
