2022-04-07 14:24:22.187 19 INFO cinder.api.openstack.wsgi [req-0941b6b9-6a44-427e-8e8a-a8f7abafa7f2 eb79d34215b2431abaf9d5b9f5a00edd - - default default] http://[LB_IP_ADDRESS]:8776/v3/e28d8db4d3b24ce8805f90f309254504/volumes/4d999099-95b7-445e-80d6-7861f65e360f returned with HTTP 200
2022-04-07 14:24:22.210 22 INFO cinder.api.openstack.wsgi [req-f83026e7-9947-4f37-a6b8-481b90c50e86 0f983c304ddb40a49fddbbc827960ed2 - - default default] GET http://[LB_IP_ADDRESS]:8776/v3/b1e67c12fb08440fac92fb741352bb54/os-quota-sets/e28d8db4d3b24ce8805f90f309254504?usage=True
2022-04-07 14:24:22.294 22 INFO cinder.api.openstack.wsgi [req-f83026e7-9947-4f37-a6b8-481b90c50e86 0f983c304ddb40a49fddbbc827960ed2 - - default default] http://[LB_IP_ADDRESS]:8776/v3/b1e67c12fb08440fac92fb741352bb54/os-quota-sets/e28d8db4d3b24ce8805f90f309254504?usage=True returned with HTTP 200
2022-04-07 14:24:22.316 23 INFO cinder.api.openstack.wsgi [req-15111d64-0dfe-485e-b063-c506a787f3c6 eb79d34215b2431abaf9d5b9f5a00edd - - default default] DELETE http://[LB_IP_ADDRESS]:8776/v3/e28d8db4d3b24ce8805f90f309254504/volumes/4d999099-95b7-445e-80d6-7861f65e360f
2022-04-07 14:24:22.318 23 INFO cinder.api.v3.volumes [req-15111d64-0dfe-485e-b063-c506a787f3c6 eb79d34215b2431abaf9d5b9f5a00edd - - default default] Delete volume with id: 4d999099-95b7-445e-80d6-7861f65e360f 
2022-04-07 14:24:22.334 23 INFO cinder.volume.api [req-15111d64-0dfe-485e-b063-c506a787f3c6 eb79d34215b2431abaf9d5b9f5a00edd - - default default] Volume info retrieved successfully.
2022-04-07 14:24:22.359 23 INFO cinder.volume.api [req-15111d64-0dfe-485e-b063-c506a787f3c6 eb79d34215b2431abaf9d5b9f5a00edd - - default default] Delete volume request issued successfully.
2022-04-07 14:24:22.359 23 INFO cinder.api.openstack.wsgi [req-15111d64-0dfe-485e-b063-c506a787f3c6 eb79d34215b2431abaf9d5b9f5a00edd - - default default] http://[LB_IP_ADDRESS]:8776/v3/e28d8db4d3b24ce8805f90f309254504/volumes/4d999099-95b7-445e-80d6-7861f65e360f returned with HTTP 202
2022-04-07 14:24:22.372 20 INFO cinder.api.openstack.wsgi [req-d70d451f-3898-42a6-b0a1-cba03aaae7e3 eb79d34215b2431abaf9d5b9f5a00edd - - default default] GET http://[LB_IP_ADDRESS]:8776/v3/e28d8db4d3b24ce8805f90f309254504/volumes/4d999099-95b7-445e-80d6-7861f65e360f
2022-04-07 14:24:22.400 20 INFO cinder.volume.api [req-d70d451f-3898-42a6-b0a1-cba03aaae7e3 eb79d34215b2431abaf9d5b9f5a00edd - - default default] Volume info retrieved successfully.
2022-04-07 14:24:22.408 20 INFO cinder.api.openstack.wsgi [req-d70d451f-3898-42a6-b0a1-cba03aaae7e3 eb79d34215b2431abaf9d5b9f5a00edd - - default default] http://[LB_IP_ADDRESS]:8776/v3/e28d8db4d3b24ce8805f90f309254504/volumes/4d999099-95b7-445e-80d6-7861f65e360f returned with HTTP 200
2022-04-07 14:24:23.477 21 INFO cinder.api.openstack.wsgi [req-5ff1b84c-9748-4ef8-889d-9c6b127255d6 eb79d34215b2431abaf9d5b9f5a00edd - - default default] GET http://[LB_IP_ADDRESS]:8776/v3/e28d8db4d3b24ce8805f90f309254504/volumes/4d999099-95b7-445e-80d6-7861f65e360f
2022-04-07 14:24:23.490 21 INFO cinder.api.openstack.wsgi [req-5ff1b84c-9748-4ef8-889d-9c6b127255d6 eb79d34215b2431abaf9d5b9f5a00edd - - default default] http://[LB_IP_ADDRESS]:8776/v3/e28d8db4d3b24ce8805f90f309254504/volumes/4d999099-95b7-445e-80d6-7861f65e360f returned with HTTP 404
2022-04-07 14:24:23.505 19 INFO cinder.api.openstack.wsgi [req-8d490a38-c026-415e-a2f8-8235674457ad eb79d34215b2431abaf9d5b9f5a00edd - - default default] POST http://[LB_IP_ADDRESS]:8776/v3/e28d8db4d3b24ce8805f90f309254504/volumes
2022-04-07 14:24:23.507 19 INFO cinder.api.v3.volumes [req-8d490a38-c026-415e-a2f8-8235674457ad eb79d34215b2431abaf9d5b9f5a00edd - - default default] Create volume of 1 GB
2022-04-07 14:24:23.516 19 INFO cinder.volume.api [req-8d490a38-c026-415e-a2f8-8235674457ad eb79d34215b2431abaf9d5b9f5a00edd - - default default] Availability Zones retrieved successfully.
2022-04-07 14:24:23.699 19 INFO cinder.volume.api [req-8d490a38-c026-415e-a2f8-8235674457ad eb79d34215b2431abaf9d5b9f5a00edd - - default default] Create volume request issued successfully.
2022-04-07 14:24:23.702 19 INFO cinder.api.openstack.wsgi [req-8d490a38-c026-415e-a2f8-8235674457ad eb79d34215b2431abaf9d5b9f5a00edd - - default default] http://[LB_IP_ADDRESS]:8776/v3/e28d8db4d3b24ce8805f90f309254504/volumes returned with HTTP 202
2022-04-07 14:24:23.722 22 INFO cinder.api.openstack.wsgi [req-43a64237-6b7e-4a96-89af-6d56d3cc1595 eb79d34215b2431abaf9d5b9f5a00edd - - default default] GET http://[LB_IP_ADDRESS]:8776/v3/e28d8db4d3b24ce8805f90f309254504/volumes/1fe3749c-fab3-4629-b682-40ee7f56f2b7
2022-04-07 14:24:23.747 22 INFO cinder.volume.api [req-43a64237-6b7e-4a96-89af-6d56d3cc1595 eb79d34215b2431abaf9d5b9f5a00edd - - default default] Volume info retrieved successfully.
2022-04-07 14:24:23.756 22 INFO cinder.api.openstack.wsgi [req-43a64237-6b7e-4a96-89af-6d56d3cc1595 eb79d34215b2431abaf9d5b9f5a00edd - - default default] http://[LB_IP_ADDRESS]:8776/v3/e28d8db4d3b24ce8805f90f309254504/volumes/1fe3749c-fab3-4629-b682-40ee7f56f2b7 returned with HTTP 200
2022-04-07 14:24:24.776 23 INFO cinder.api.openstack.wsgi [req-b0971860-6b14-47ce-a14b-f4d2b97fa8d1 eb79d34215b2431abaf9d5b9f5a00edd - - default default] GET http://[LB_IP_ADDRESS]:8776/v3/e28d8db4d3b24ce8805f90f309254504/volumes/1fe3749c-fab3-4629-b682-40ee7f56f2b7
2022-04-07 14:24:24.801 23 INFO cinder.volume.api [req-b0971860-6b14-47ce-a14b-f4d2b97fa8d1 eb79d34215b2431abaf9d5b9f5a00edd - - default default] Volume info retrieved successfully.
2022-04-07 14:24:24.809 23 INFO cinder.api.openstack.wsgi [req-b0971860-6b14-47ce-a14b-f4d2b97fa8d1 eb79d34215b2431abaf9d5b9f5a00edd - - default default] http://[LB_IP_ADDRESS]:8776/v3/e28d8db4d3b24ce8805f90f309254504/volumes/1fe3749c-fab3-4629-b682-40ee7f56f2b7 returned with HTTP 200
2022-04-07 14:24:25.831 20 INFO cinder.api.openstack.wsgi [req-cb9c366e-48d2-458b-8dc1-e3621cd517a6 eb79d34215b2431abaf9d5b9f5a00edd - - default default] GET http://[LB_IP_ADDRESS]:8776/v3/e28d8db4d3b24ce8805f90f309254504/volumes/1fe3749c-fab3-4629-b682-40ee7f56f2b7
2022-04-07 14:24:25.863 20 INFO cinder.volume.api [req-cb9c366e-48d2-458b-8dc1-e3621cd517a6 eb79d34215b2431abaf9d5b9f5a00edd - - default default] Volume info retrieved successfully.
2022-04-07 14:24:25.872 20 INFO cinder.api.openstack.wsgi [req-cb9c366e-48d2-458b-8dc1-e3621cd517a6 eb79d34215b2431abaf9d5b9f5a00edd - - default default] http://[LB_IP_ADDRESS]:8776/v3/e28d8db4d3b24ce8805f90f309254504/volumes/1fe3749c-fab3-4629-b682-40ee7f56f2b7 returned with HTTP 200
2022-04-07 14:24:25.893 21 INFO cinder.api.openstack.wsgi [req-a794c8d2-16ea-47bf-8a7f-5d3fa8583f9a 0f983c304ddb40a49fddbbc827960ed2 - - default default] GET http://[LB_IP_ADDRESS]:8776/v3/b1e67c12fb08440fac92fb741352bb54/os-quota-sets/e28d8db4d3b24ce8805f90f309254504?usage=True
2022-04-07 14:24:25.977 21 INFO cinder.api.openstack.wsgi [req-a794c8d2-16ea-47bf-8a7f-5d3fa8583f9a 0f983c304ddb40a49fddbbc827960ed2 - - default default] http://[LB_IP_ADDRESS]:8776/v3/b1e67c12fb08440fac92fb741352bb54/os-quota-sets/e28d8db4d3b24ce8805f90f309254504?usage=True returned with HTTP 200
2022-04-07 14:24:25.999 19 INFO cinder.api.openstack.wsgi [req-dfdd0a41-f15a-4a28-a716-86aa52af3f2b 0f983c304ddb40a49fddbbc827960ed2 - - default default] GET http://[LB_IP_ADDRESS]:8776/v3/b1e67c12fb08440fac92fb741352bb54/os-quota-sets/847efc47ed1344abbd07fa0f70d42251?usage=True
2022-04-07 14:24:26.083 19 INFO cinder.api.openstack.wsgi [req-dfdd0a41-f15a-4a28-a716-86aa52af3f2b 0f983c304ddb40a49fddbbc827960ed2 - - default default] http://[LB_IP_ADDRESS]:8776/v3/b1e67c12fb08440fac92fb741352bb54/os-quota-sets/847efc47ed1344abbd07fa0f70d42251?usage=True returned with HTTP 200
2022-04-07 14:24:26.104 22 INFO cinder.api.openstack.wsgi [req-f2c0618e-55fd-488f-acb6-4aca94f04a46 eb79d34215b2431abaf9d5b9f5a00edd - - default default] POST http://[LB_IP_ADDRESS]:8776/v3/e28d8db4d3b24ce8805f90f309254504/os-volume-transfer
2022-04-07 14:24:26.106 22 INFO cinder.api.contrib.volume_transfer [req-f2c0618e-55fd-488f-acb6-4aca94f04a46 eb79d34215b2431abaf9d5b9f5a00edd - - default default] Creating transfer of volume 1fe3749c-fab3-4629-b682-40ee7f56f2b7
2022-04-07 14:24:26.106 22 INFO cinder.transfer.api [req-f2c0618e-55fd-488f-acb6-4aca94f04a46 eb79d34215b2431abaf9d5b9f5a00edd - - default default] Generating transfer record for volume 1fe3749c-fab3-4629-b682-40ee7f56f2b7
2022-04-07 14:24:26.137 22 INFO cinder.api.openstack.wsgi [req-f2c0618e-55fd-488f-acb6-4aca94f04a46 eb79d34215b2431abaf9d5b9f5a00edd - - default default] http://[LB_IP_ADDRESS]:8776/v3/e28d8db4d3b24ce8805f90f309254504/os-volume-transfer returned with HTTP 202
2022-04-07 14:24:26.323 23 INFO cinder.api.openstack.wsgi [req-b26e409a-05d7-490d-862e-5147992d3609 e2bbdb6983404741b20b0f35eeffd97b - - default default] POST http://[LB_IP_ADDRESS]:8776/v3/847efc47ed1344abbd07fa0f70d42251/os-volume-transfer/eb3e758d-f615-47b1-943b-e8008c79957d/accept
2022-04-07 14:24:26.326 23 INFO cinder.api.contrib.volume_transfer [req-b26e409a-05d7-490d-862e-5147992d3609 e2bbdb6983404741b20b0f35eeffd97b - - default default] Accepting transfer eb3e758d-f615-47b1-943b-e8008c79957d
2022-04-07 14:24:26.762 23 INFO cinder.volume.api [req-b26e409a-05d7-490d-862e-5147992d3609 e2bbdb6983404741b20b0f35eeffd97b - - default default] Transfer volume completed successfully.
2022-04-07 14:24:26.873 23 INFO cinder.transfer.api [req-b26e409a-05d7-490d-862e-5147992d3609 e2bbdb6983404741b20b0f35eeffd97b - - default default] Volume 1fe3749c-fab3-4629-b682-40ee7f56f2b7 has been transferred.
2022-04-07 14:24:26.887 23 INFO cinder.api.openstack.wsgi [req-b26e409a-05d7-490d-862e-5147992d3609 e2bbdb6983404741b20b0f35eeffd97b - - default default] http://[LB_IP_ADDRESS]:8776/v3/847efc47ed1344abbd07fa0f70d42251/os-volume-transfer/eb3e758d-f615-47b1-943b-e8008c79957d/accept returned with HTTP 202
2022-04-07 14:24:26.903 20 INFO cinder.api.openstack.wsgi [req-d16f70a7-df55-478c-96f8-c8f725bf7488 e2bbdb6983404741b20b0f35eeffd97b - - default default] GET http://[LB_IP_ADDRESS]:8776/v3/847efc47ed1344abbd07fa0f70d42251/volumes/1fe3749c-fab3-4629-b682-40ee7f56f2b7
2022-04-07 14:24:26.932 20 INFO cinder.volume.api [req-d16f70a7-df55-478c-96f8-c8f725bf7488 e2bbdb6983404741b20b0f35eeffd97b - - default default] Volume info retrieved successfully.
2022-04-07 14:24:26.941 20 INFO cinder.api.openstack.wsgi [req-d16f70a7-df55-478c-96f8-c8f725bf7488 e2bbdb6983404741b20b0f35eeffd97b - - default default] http://[LB_IP_ADDRESS]:8776/v3/847efc47ed1344abbd07fa0f70d42251/volumes/1fe3749c-fab3-4629-b682-40ee7f56f2b7 returned with HTTP 200
2022-04-07 14:24:26.965 21 INFO cinder.api.openstack.wsgi [req-c95786cb-36ea-4c9d-91f6-28a9622cb8d3 0f983c304ddb40a49fddbbc827960ed2 - - default default] GET http://[LB_IP_ADDRESS]:8776/v3/b1e67c12fb08440fac92fb741352bb54/os-quota-sets/e28d8db4d3b24ce8805f90f309254504?usage=True
2022-04-07 14:24:27.047 21 INFO cinder.api.openstack.wsgi [req-c95786cb-36ea-4c9d-91f6-28a9622cb8d3 0f983c304ddb40a49fddbbc827960ed2 - - default default] http://[LB_IP_ADDRESS]:8776/v3/b1e67c12fb08440fac92fb741352bb54/os-quota-sets/e28d8db4d3b24ce8805f90f309254504?usage=True returned with HTTP 200
2022-04-07 14:24:27.067 19 INFO cinder.api.openstack.wsgi [req-b1a3eac0-3635-4548-ac1a-8e0e1856c687 0f983c304ddb40a49fddbbc827960ed2 - - default default] GET http://[LB_IP_ADDRESS]:8776/v3/b1e67c12fb08440fac92fb741352bb54/os-quota-sets/847efc47ed1344abbd07fa0f70d42251?usage=True
2022-04-07 14:24:27.150 19 INFO cinder.api.openstack.wsgi [req-b1a3eac0-3635-4548-ac1a-8e0e1856c687 0f983c304ddb40a49fddbbc827960ed2 - - default default] http://[LB_IP_ADDRESS]:8776/v3/b1e67c12fb08440fac92fb741352bb54/os-quota-sets/847efc47ed1344abbd07fa0f70d42251?usage=True returned with HTTP 200
2022-04-07 14:24:27.169 22 INFO cinder.api.openstack.wsgi [req-7a472b46-1527-4481-b60b-fd22860232ee 0f983c304ddb40a49fddbbc827960ed2 - - default default] DELETE http://[LB_IP_ADDRESS]:8776/v3/b1e67c12fb08440fac92fb741352bb54/volumes/1fe3749c-fab3-4629-b682-40ee7f56f2b7
2022-04-07 14:24:27.170 22 INFO cinder.api.v3.volumes [req-7a472b46-1527-4481-b60b-fd22860232ee 0f983c304ddb40a49fddbbc827960ed2 - - default default] Delete volume with id: 1fe3749c-fab3-4629-b682-40ee7f56f2b7 
2022-04-07 14:24:27.187 22 INFO cinder.volume.api [req-7a472b46-1527-4481-b60b-fd22860232ee 0f983c304ddb40a49fddbbc827960ed2 - - default default] Volume info retrieved successfully.
2022-04-07 14:24:27.213 22 INFO cinder.volume.api [req-7a472b46-1527-4481-b60b-fd22860232ee 0f983c304ddb40a49fddbbc827960ed2 - - default default] Delete volume request issued successfully.
2022-04-07 14:24:27.213 22 INFO cinder.api.openstack.wsgi [req-7a472b46-1527-4481-b60b-fd22860232ee 0f983c304ddb40a49fddbbc827960ed2 - - default default] http://[LB_IP_ADDRESS]:8776/v3/b1e67c12fb08440fac92fb741352bb54/volumes/1fe3749c-fab3-4629-b682-40ee7f56f2b7 returned with HTTP 202
2022-04-07 14:24:27.226 23 INFO cinder.api.openstack.wsgi [req-f7c9f3b7-90cb-45f5-9f6d-568c982b0d70 0f983c304ddb40a49fddbbc827960ed2 - - default default] GET http://[LB_IP_ADDRESS]:8776/v3/b1e67c12fb08440fac92fb741352bb54/volumes/1fe3749c-fab3-4629-b682-40ee7f56f2b7
2022-04-07 14:24:27.248 23 INFO cinder.volume.api [req-f7c9f3b7-90cb-45f5-9f6d-568c982b0d70 0f983c304ddb40a49fddbbc827960ed2 - - default default] Volume info retrieved successfully.
2022-04-07 14:24:27.256 23 INFO cinder.api.openstack.wsgi [req-f7c9f3b7-90cb-45f5-9f6d-568c982b0d70 0f983c304ddb40a49fddbbc827960ed2 - - default default] http://[LB_IP_ADDRESS]:8776/v3/b1e67c12fb08440fac92fb741352bb54/volumes/1fe3749c-fab3-4629-b682-40ee7f56f2b7 returned with HTTP 200
2022-04-07 14:24:28.278 20 INFO cinder.api.openstack.wsgi [req-96d14d6a-0265-48c7-aede-b5d7971e9398 0f983c304ddb40a49fddbbc827960ed2 - - default default] GET http://[LB_IP_ADDRESS]:8776/v3/b1e67c12fb08440fac92fb741352bb54/volumes/1fe3749c-fab3-4629-b682-40ee7f56f2b7
2022-04-07 14:24:28.293 20 INFO cinder.api.openstack.wsgi [req-96d14d6a-0265-48c7-aede-b5d7971e9398 0f983c304ddb40a49fddbbc827960ed2 - - default default] http://[LB_IP_ADDRESS]:8776/v3/b1e67c12fb08440fac92fb741352bb54/volumes/1fe3749c-fab3-4629-b682-40ee7f56f2b7 returned with HTTP 404
2022-04-07 14:24:28.310 21 INFO cinder.api.openstack.wsgi [req-6c8d2d5c-a071-41f5-9b4f-dc20a9f2e0d7 0f983c304ddb40a49fddbbc827960ed2 - - default default] GET http://[LB_IP_ADDRESS]:8776/v3/b1e67c12fb08440fac92fb741352bb54/os-quota-sets/b1e67c12fb08440fac92fb741352bb54?usage=True
2022-04-07 14:24:28.393 21 INFO cinder.api.openstack.wsgi [req-6c8d2d5c-a071-41f5-9b4f-dc20a9f2e0d7 0f983c304ddb40a49fddbbc827960ed2 - - default default] http://[LB_IP_ADDRESS]:8776/v3/b1e67c12fb08440fac92fb741352bb54/os-quota-sets/b1e67c12fb08440fac92fb741352bb54?usage=True returned with HTTP 200
2022-04-07 14:24:28.416 19 INFO cinder.api.openstack.wsgi [req-4c2df62c-6243-4e7d-a28d-ff493d387451 0f983c304ddb40a49fddbbc827960ed2 - - default default] PUT http://[LB_IP_ADDRESS]:8776/v3/b1e67c12fb08440fac92fb741352bb54/os-quota-sets/e28d8db4d3b24ce8805f90f309254504
2022-04-07 14:24:28.642 19 INFO cinder.api.openstack.wsgi [req-4c2df62c-6243-4e7d-a28d-ff493d387451 0f983c304ddb40a49fddbbc827960ed2 - - default default] http://[LB_IP_ADDRESS]:8776/v3/b1e67c12fb08440fac92fb741352bb54/os-quota-sets/e28d8db4d3b24ce8805f90f309254504 returned with HTTP 200
2022-04-07 14:24:28.658 22 INFO cinder.api.openstack.wsgi [req-72a83939-38b3-4ae2-9a61-f7e847e14dc0 0f983c304ddb40a49fddbbc827960ed2 - - default default] PUT http://[LB_IP_ADDRESS]:8776/v3/b1e67c12fb08440fac92fb741352bb54/os-quota-sets/e28d8db4d3b24ce8805f90f309254504
2022-04-07 14:24:28.740 23 INFO cinder.api.openstack.wsgi [req-d7ee60d8-a9f5-4592-8722-0e3434d54149 - - - - -] GET http://[LB_IP_ADDRESS]:8776/
2022-04-07 14:24:28.741 23 INFO cinder.api.openstack.wsgi [req-d7ee60d8-a9f5-4592-8722-0e3434d54149 - - - - -] http://[LB_IP_ADDRESS]:8776/ returned with HTTP 300
2022-04-07 14:24:28.873 22 INFO cinder.api.openstack.wsgi [req-72a83939-38b3-4ae2-9a61-f7e847e14dc0 0f983c304ddb40a49fddbbc827960ed2 - - default default] http://[LB_IP_ADDRESS]:8776/v3/b1e67c12fb08440fac92fb741352bb54/os-quota-sets/e28d8db4d3b24ce8805f90f309254504 returned with HTTP 200
2022-04-07 14:24:28.889 20 INFO cinder.api.openstack.wsgi [req-992ec5ad-fc52-4f99-9882-ecb42dc3bbee eb79d34215b2431abaf9d5b9f5a00edd - - default default] DELETE http://[LB_IP_ADDRESS]:8776/v3/e28d8db4d3b24ce8805f90f309254504/volumes/1fe3749c-fab3-4629-b682-40ee7f56f2b7
2022-04-07 14:24:28.890 20 INFO cinder.api.v3.volumes [req-992ec5ad-fc52-4f99-9882-ecb42dc3bbee eb79d34215b2431abaf9d5b9f5a00edd - - default default] Delete volume with id: 1fe3749c-fab3-4629-b682-40ee7f56f2b7 
2022-04-07 14:24:28.905 20 INFO cinder.api.openstack.wsgi [req-992ec5ad-fc52-4f99-9882-ecb42dc3bbee eb79d34215b2431abaf9d5b9f5a00edd - - default default] http://[LB_IP_ADDRESS]:8776/v3/e28d8db4d3b24ce8805f90f309254504/volumes/1fe3749c-fab3-4629-b682-40ee7f56f2b7 returned with HTTP 404
2022-04-07 14:24:28.918 21 INFO cinder.api.openstack.wsgi [req-505b6053-6f22-403c-b309-bab1f77ed9e2 eb79d34215b2431abaf9d5b9f5a00edd - - default default] DELETE http://[LB_IP_ADDRESS]:8776/v3/e28d8db4d3b24ce8805f90f309254504/volumes/4d999099-95b7-445e-80d6-7861f65e360f
2022-04-07 14:24:28.919 21 INFO cinder.api.v3.volumes [req-505b6053-6f22-403c-b309-bab1f77ed9e2 eb79d34215b2431abaf9d5b9f5a00edd - - default default] Delete volume with id: 4d999099-95b7-445e-80d6-7861f65e360f 
2022-04-07 14:24:28.934 21 INFO cinder.api.openstack.wsgi [req-505b6053-6f22-403c-b309-bab1f77ed9e2 eb79d34215b2431abaf9d5b9f5a00edd - - default default] http://[LB_IP_ADDRESS]:8776/v3/e28d8db4d3b24ce8805f90f309254504/volumes/4d999099-95b7-445e-80d6-7861f65e360f returned with HTTP 404
2022-04-07 14:24:34.204 19 INFO cinder.api.openstack.wsgi [req-4a0e1206-4fd6-4e8a-8d49-48ff11ae5026 653dd3d31923450f848710845f36781b - - default default] POST http://[LB_IP_ADDRESS]:8776/v3/4adaac0d53fb48bba56eb8d10f73f9ff/types
2022-04-07 14:24:34.234 19 INFO cinder.api.openstack.wsgi [req-4a0e1206-4fd6-4e8a-8d49-48ff11ae5026 653dd3d31923450f848710845f36781b - - default default] http://[LB_IP_ADDRESS]:8776/v3/4adaac0d53fb48bba56eb8d10f73f9ff/types returned with HTTP 200
2022-04-07 14:24:34.248 23 INFO cinder.api.openstack.wsgi [req-5a4409aa-5417-43b2-b0db-fbbc9a051ae0 653dd3d31923450f848710845f36781b - - default default] POST http://[LB_IP_ADDRESS]:8776/v3/4adaac0d53fb48bba56eb8d10f73f9ff/types
2022-04-07 14:24:34.278 23 INFO cinder.api.openstack.wsgi [req-5a4409aa-5417-43b2-b0db-fbbc9a051ae0 653dd3d31923450f848710845f36781b - - default default] http://[LB_IP_ADDRESS]:8776/v3/4adaac0d53fb48bba56eb8d10f73f9ff/types returned with HTTP 200
2022-04-07 14:24:34.447 22 INFO cinder.api.openstack.wsgi [req-4563b7e4-46b5-461a-8d02-c028101ecb03 5f9a711aaecf4ad7ab2b2301e5e4a3f6 - - default default] POST http://[LB_IP_ADDRESS]:8776/v3/ecd6c462f1824bef9daeb33ed2ac98dc/volumes
2022-04-07 14:24:34.460 22 INFO cinder.api.v3.volumes [req-4563b7e4-46b5-461a-8d02-c028101ecb03 5f9a711aaecf4ad7ab2b2301e5e4a3f6 - - default default] Create volume of 1 GB
2022-04-07 14:24:34.463 22 INFO cinder.volume.api [req-4563b7e4-46b5-461a-8d02-c028101ecb03 5f9a711aaecf4ad7ab2b2301e5e4a3f6 - - default default] Availability Zones retrieved successfully.
2022-04-07 14:24:34.764 22 INFO cinder.volume.api [req-4563b7e4-46b5-461a-8d02-c028101ecb03 5f9a711aaecf4ad7ab2b2301e5e4a3f6 - - default default] Create volume request issued successfully.
2022-04-07 14:24:34.766 22 INFO cinder.api.openstack.wsgi [req-4563b7e4-46b5-461a-8d02-c028101ecb03 5f9a711aaecf4ad7ab2b2301e5e4a3f6 - - default default] http://[LB_IP_ADDRESS]:8776/v3/ecd6c462f1824bef9daeb33ed2ac98dc/volumes returned with HTTP 202
2022-04-07 14:24:34.786 20 INFO cinder.api.openstack.wsgi [req-620b0271-7dca-4d28-918f-715a1e4ccc3e 5f9a711aaecf4ad7ab2b2301e5e4a3f6 - - default default] GET http://[LB_IP_ADDRESS]:8776/v3/ecd6c462f1824bef9daeb33ed2ac98dc/volumes/c9e2a22b-5223-4689-859c-79a1adcf5d95
2022-04-07 14:24:34.811 20 INFO cinder.volume.api [req-620b0271-7dca-4d28-918f-715a1e4ccc3e 5f9a711aaecf4ad7ab2b2301e5e4a3f6 - - default default] Volume info retrieved successfully.
2022-04-07 14:24:34.819 20 INFO cinder.api.openstack.wsgi [req-620b0271-7dca-4d28-918f-715a1e4ccc3e 5f9a711aaecf4ad7ab2b2301e5e4a3f6 - - default default] http://[LB_IP_ADDRESS]:8776/v3/ecd6c462f1824bef9daeb33ed2ac98dc/volumes/c9e2a22b-5223-4689-859c-79a1adcf5d95 returned with HTTP 200
2022-04-07 14:24:35.840 21 INFO cinder.api.openstack.wsgi [req-b6eede91-c81e-42b7-98fa-dc24a34166d0 5f9a711aaecf4ad7ab2b2301e5e4a3f6 - - default default] GET http://[LB_IP_ADDRESS]:8776/v3/ecd6c462f1824bef9daeb33ed2ac98dc/volumes/c9e2a22b-5223-4689-859c-79a1adcf5d95
2022-04-07 14:24:35.865 21 INFO cinder.volume.api [req-b6eede91-c81e-42b7-98fa-dc24a34166d0 5f9a711aaecf4ad7ab2b2301e5e4a3f6 - - default default] Volume info retrieved successfully.
2022-04-07 14:24:35.872 21 INFO cinder.api.openstack.wsgi [req-b6eede91-c81e-42b7-98fa-dc24a34166d0 5f9a711aaecf4ad7ab2b2301e5e4a3f6 - - default default] http://[LB_IP_ADDRESS]:8776/v3/ecd6c462f1824bef9daeb33ed2ac98dc/volumes/c9e2a22b-5223-4689-859c-79a1adcf5d95 returned with HTTP 200
2022-04-07 14:24:36.894 19 INFO cinder.api.openstack.wsgi [req-d08899f3-0ed4-4596-9b23-7e1cc3a1678d 5f9a711aaecf4ad7ab2b2301e5e4a3f6 - - default default] GET http://[LB_IP_ADDRESS]:8776/v3/ecd6c462f1824bef9daeb33ed2ac98dc/volumes/c9e2a22b-5223-4689-859c-79a1adcf5d95
2022-04-07 14:24:36.917 19 INFO cinder.volume.api [req-d08899f3-0ed4-4596-9b23-7e1cc3a1678d 5f9a711aaecf4ad7ab2b2301e5e4a3f6 - - default default] Volume info retrieved successfully.
2022-04-07 14:24:36.925 19 INFO cinder.api.openstack.wsgi [req-d08899f3-0ed4-4596-9b23-7e1cc3a1678d 5f9a711aaecf4ad7ab2b2301e5e4a3f6 - - default default] http://[LB_IP_ADDRESS]:8776/v3/ecd6c462f1824bef9daeb33ed2ac98dc/volumes/c9e2a22b-5223-4689-859c-79a1adcf5d95 returned with HTTP 200
2022-04-07 14:24:36.946 23 INFO cinder.api.openstack.wsgi [req-9198b785-58d6-48e1-8689-ec0fbbee5780 653dd3d31923450f848710845f36781b - - default default] GET http://[LB_IP_ADDRESS]:8776/v3/4adaac0d53fb48bba56eb8d10f73f9ff/volumes/c9e2a22b-5223-4689-859c-79a1adcf5d95
2022-04-07 14:24:36.975 23 INFO cinder.volume.api [req-9198b785-58d6-48e1-8689-ec0fbbee5780 653dd3d31923450f848710845f36781b - - default default] Volume info retrieved successfully.
2022-04-07 14:24:36.983 23 INFO cinder.api.openstack.wsgi [req-9198b785-58d6-48e1-8689-ec0fbbee5780 653dd3d31923450f848710845f36781b - - default default] http://[LB_IP_ADDRESS]:8776/v3/4adaac0d53fb48bba56eb8d10f73f9ff/volumes/c9e2a22b-5223-4689-859c-79a1adcf5d95 returned with HTTP 200
2022-04-07 14:24:37.005 22 INFO cinder.api.openstack.wsgi [req-550bd45a-57ac-47f7-b3e6-0d3cdc18ca12 5f9a711aaecf4ad7ab2b2301e5e4a3f6 - - default default] POST http://[LB_IP_ADDRESS]:8776/v3/ecd6c462f1824bef9daeb33ed2ac98dc/volumes/c9e2a22b-5223-4689-859c-79a1adcf5d95/action
2022-04-07 14:24:37.022 22 INFO cinder.volume.api [req-550bd45a-57ac-47f7-b3e6-0d3cdc18ca12 5f9a711aaecf4ad7ab2b2301e5e4a3f6 - - default default] Volume info retrieved successfully.
2022-04-07 14:24:37.247 22 INFO cinder.volume.api [req-550bd45a-57ac-47f7-b3e6-0d3cdc18ca12 5f9a711aaecf4ad7ab2b2301e5e4a3f6 - - default default] Retype volume request issued successfully.
2022-04-07 14:24:37.249 22 INFO cinder.api.openstack.wsgi [req-550bd45a-57ac-47f7-b3e6-0d3cdc18ca12 5f9a711aaecf4ad7ab2b2301e5e4a3f6 - - default default] http://[LB_IP_ADDRESS]:8776/v3/ecd6c462f1824bef9daeb33ed2ac98dc/volumes/c9e2a22b-5223-4689-859c-79a1adcf5d95/action returned with HTTP 202
2022-04-07 14:24:37.262 20 INFO cinder.api.openstack.wsgi [req-bb5e1f95-20c7-446a-97e3-e8b42d4fe4de 5f9a711aaecf4ad7ab2b2301e5e4a3f6 - - default default] GET http://[LB_IP_ADDRESS]:8776/v3/ecd6c462f1824bef9daeb33ed2ac98dc/volumes/c9e2a22b-5223-4689-859c-79a1adcf5d95
2022-04-07 14:24:37.283 20 INFO cinder.volume.api [req-bb5e1f95-20c7-446a-97e3-e8b42d4fe4de 5f9a711aaecf4ad7ab2b2301e5e4a3f6 - - default default] Volume info retrieved successfully.
2022-04-07 14:24:37.291 20 INFO cinder.api.openstack.wsgi [req-bb5e1f95-20c7-446a-97e3-e8b42d4fe4de 5f9a711aaecf4ad7ab2b2301e5e4a3f6 - - default default] http://[LB_IP_ADDRESS]:8776/v3/ecd6c462f1824bef9daeb33ed2ac98dc/volumes/c9e2a22b-5223-4689-859c-79a1adcf5d95 returned with HTTP 200
2022-04-07 14:24:38.312 21 INFO cinder.api.openstack.wsgi [req-a4998074-0c71-439d-bf7b-59d6b5859f2e 5f9a711aaecf4ad7ab2b2301e5e4a3f6 - - default default] GET http://[LB_IP_ADDRESS]:8776/v3/ecd6c462f1824bef9daeb33ed2ac98dc/volumes/c9e2a22b-5223-4689-859c-79a1adcf5d95
2022-04-07 14:24:38.336 21 INFO cinder.volume.api [req-a4998074-0c71-439d-bf7b-59d6b5859f2e 5f9a711aaecf4ad7ab2b2301e5e4a3f6 - - default default] Volume info retrieved successfully.
2022-04-07 14:24:38.344 21 INFO cinder.api.openstack.wsgi [req-a4998074-0c71-439d-bf7b-59d6b5859f2e 5f9a711aaecf4ad7ab2b2301e5e4a3f6 - - default default] http://[LB_IP_ADDRESS]:8776/v3/ecd6c462f1824bef9daeb33ed2ac98dc/volumes/c9e2a22b-5223-4689-859c-79a1adcf5d95 returned with HTTP 200
2022-04-07 14:24:38.364 19 INFO cinder.api.openstack.wsgi [req-bc7b2dcd-dc3b-49bf-8903-d2740b1f99a5 653dd3d31923450f848710845f36781b - - default default] GET http://[LB_IP_ADDRESS]:8776/v3/4adaac0d53fb48bba56eb8d10f73f9ff/volumes/c9e2a22b-5223-4689-859c-79a1adcf5d95
2022-04-07 14:24:38.387 19 INFO cinder.volume.api [req-bc7b2dcd-dc3b-49bf-8903-d2740b1f99a5 653dd3d31923450f848710845f36781b - - default default] Volume info retrieved successfully.
2022-04-07 14:24:38.394 19 INFO cinder.api.openstack.wsgi [req-bc7b2dcd-dc3b-49bf-8903-d2740b1f99a5 653dd3d31923450f848710845f36781b - - default default] http://[LB_IP_ADDRESS]:8776/v3/4adaac0d53fb48bba56eb8d10f73f9ff/volumes/c9e2a22b-5223-4689-859c-79a1adcf5d95 returned with HTTP 200
2022-04-07 14:24:38.417 23 INFO cinder.api.openstack.wsgi [req-94b18219-7bfb-4347-8f2d-5e5214368647 653dd3d31923450f848710845f36781b - - default default] GET http://[LB_IP_ADDRESS]:8776/v3/4adaac0d53fb48bba56eb8d10f73f9ff/volumes?all_tenants=True&name=tempest-VolumeRetypeWithoutMigrationTest-Volume-918063008
2022-04-07 14:24:38.451 23 INFO cinder.volume.api [req-94b18219-7bfb-4347-8f2d-5e5214368647 653dd3d31923450f848710845f36781b - - default default] Get all volumes completed successfully.
2022-04-07 14:24:38.453 23 INFO cinder.api.openstack.wsgi [req-94b18219-7bfb-4347-8f2d-5e5214368647 653dd3d31923450f848710845f36781b - - default default] http://[LB_IP_ADDRESS]:8776/v3/4adaac0d53fb48bba56eb8d10f73f9ff/volumes?all_tenants=True&name=tempest-VolumeRetypeWithoutMigrationTest-Volume-918063008 returned with HTTP 200
2022-04-07 14:24:38.474 22 INFO cinder.api.openstack.wsgi [req-82760d9c-aa97-41c5-9dc3-7bbb15ab3341 5f9a711aaecf4ad7ab2b2301e5e4a3f6 - - default default] DELETE http://[LB_IP_ADDRESS]:8776/v3/ecd6c462f1824bef9daeb33ed2ac98dc/volumes/c9e2a22b-5223-4689-859c-79a1adcf5d95
2022-04-07 14:24:38.476 22 INFO cinder.api.v3.volumes [req-82760d9c-aa97-41c5-9dc3-7bbb15ab3341 5f9a711aaecf4ad7ab2b2301e5e4a3f6 - - default default] Delete volume with id: c9e2a22b-5223-4689-859c-79a1adcf5d95 
2022-04-07 14:24:38.492 22 INFO cinder.volume.api [req-82760d9c-aa97-41c5-9dc3-7bbb15ab3341 5f9a711aaecf4ad7ab2b2301e5e4a3f6 - - default default] Volume info retrieved successfully.
2022-04-07 14:24:38.518 22 INFO cinder.volume.api [req-82760d9c-aa97-41c5-9dc3-7bbb15ab3341 5f9a711aaecf4ad7ab2b2301e5e4a3f6 - - default default] Delete volume request issued successfully.
2022-04-07 14:24:38.518 22 INFO cinder.api.openstack.wsgi [req-82760d9c-aa97-41c5-9dc3-7bbb15ab3341 5f9a711aaecf4ad7ab2b2301e5e4a3f6 - - default default] http://[LB_IP_ADDRESS]:8776/v3/ecd6c462f1824bef9daeb33ed2ac98dc/volumes/c9e2a22b-5223-4689-859c-79a1adcf5d95 returned with HTTP 202
2022-04-07 14:24:38.528 20 INFO cinder.api.openstack.wsgi [req-b948d616-f7b2-40c7-9de7-8f35f8a28235 5f9a711aaecf4ad7ab2b2301e5e4a3f6 - - default default] GET http://[LB_IP_ADDRESS]:8776/v3/ecd6c462f1824bef9daeb33ed2ac98dc/volumes/c9e2a22b-5223-4689-859c-79a1adcf5d95
2022-04-07 14:24:38.549 20 INFO cinder.volume.api [req-b948d616-f7b2-40c7-9de7-8f35f8a28235 5f9a711aaecf4ad7ab2b2301e5e4a3f6 - - default default] Volume info retrieved successfully.
2022-04-07 14:24:38.556 20 INFO cinder.api.openstack.wsgi [req-b948d616-f7b2-40c7-9de7-8f35f8a28235 5f9a711aaecf4ad7ab2b2301e5e4a3f6 - - default default] http://[LB_IP_ADDRESS]:8776/v3/ecd6c462f1824bef9daeb33ed2ac98dc/volumes/c9e2a22b-5223-4689-859c-79a1adcf5d95 returned with HTTP 200
2022-04-07 14:24:39.579 21 INFO cinder.api.openstack.wsgi [req-efc64d04-54d9-4235-88db-d08effb7b6b5 5f9a711aaecf4ad7ab2b2301e5e4a3f6 - - default default] GET http://[LB_IP_ADDRESS]:8776/v3/ecd6c462f1824bef9daeb33ed2ac98dc/volumes/c9e2a22b-5223-4689-859c-79a1adcf5d95
2022-04-07 14:24:39.595 21 INFO cinder.api.openstack.wsgi [req-efc64d04-54d9-4235-88db-d08effb7b6b5 5f9a711aaecf4ad7ab2b2301e5e4a3f6 - - default default] http://[LB_IP_ADDRESS]:8776/v3/ecd6c462f1824bef9daeb33ed2ac98dc/volumes/c9e2a22b-5223-4689-859c-79a1adcf5d95 returned with HTTP 404
2022-04-07 14:24:39.607 19 INFO cinder.api.openstack.wsgi [req-3320ea6f-2300-4db9-b0d3-5ceb4a0d9c08 653dd3d31923450f848710845f36781b - - default default] DELETE http://[LB_IP_ADDRESS]:8776/v3/4adaac0d53fb48bba56eb8d10f73f9ff/types/6fa62d61-850e-4dd6-870a-e2c04e339eb0
2022-04-07 14:24:39.687 19 INFO cinder.api.openstack.wsgi [req-3320ea6f-2300-4db9-b0d3-5ceb4a0d9c08 653dd3d31923450f848710845f36781b - - default default] http://[LB_IP_ADDRESS]:8776/v3/4adaac0d53fb48bba56eb8d10f73f9ff/types/6fa62d61-850e-4dd6-870a-e2c04e339eb0 returned with HTTP 202
2022-04-07 14:24:39.699 23 INFO cinder.api.openstack.wsgi [req-dbfd1969-ef03-48d4-9fe6-e3f507bdada5 653dd3d31923450f848710845f36781b - - default default] GET http://[LB_IP_ADDRESS]:8776/v3/4adaac0d53fb48bba56eb8d10f73f9ff/types/6fa62d61-850e-4dd6-870a-e2c04e339eb0
2022-04-07 14:24:39.706 23 INFO cinder.api.openstack.wsgi [req-dbfd1969-ef03-48d4-9fe6-e3f507bdada5 653dd3d31923450f848710845f36781b - - default default] http://[LB_IP_ADDRESS]:8776/v3/4adaac0d53fb48bba56eb8d10f73f9ff/types/6fa62d61-850e-4dd6-870a-e2c04e339eb0 returned with HTTP 404
2022-04-07 14:24:39.718 22 INFO cinder.api.openstack.wsgi [req-2a368d9a-5da6-4ac9-a1c5-2f728198ea2a 653dd3d31923450f848710845f36781b - - default default] DELETE http://[LB_IP_ADDRESS]:8776/v3/4adaac0d53fb48bba56eb8d10f73f9ff/types/8ae86e42-5072-4b8e-93c7-8c50ddbd47b8
2022-04-07 14:24:39.807 22 INFO cinder.api.openstack.wsgi [req-2a368d9a-5da6-4ac9-a1c5-2f728198ea2a 653dd3d31923450f848710845f36781b - - default default] http://[LB_IP_ADDRESS]:8776/v3/4adaac0d53fb48bba56eb8d10f73f9ff/types/8ae86e42-5072-4b8e-93c7-8c50ddbd47b8 returned with HTTP 202
2022-04-07 14:24:39.819 20 INFO cinder.api.openstack.wsgi [req-6f3d10a2-a04d-497d-8d89-92c4e2327dad 653dd3d31923450f848710845f36781b - - default default] GET http://[LB_IP_ADDRESS]:8776/v3/4adaac0d53fb48bba56eb8d10f73f9ff/types/8ae86e42-5072-4b8e-93c7-8c50ddbd47b8
2022-04-07 14:24:39.825 20 INFO cinder.api.openstack.wsgi [req-6f3d10a2-a04d-497d-8d89-92c4e2327dad 653dd3d31923450f848710845f36781b - - default default] http://[LB_IP_ADDRESS]:8776/v3/4adaac0d53fb48bba56eb8d10f73f9ff/types/8ae86e42-5072-4b8e-93c7-8c50ddbd47b8 returned with HTTP 404
2022-04-07 14:24:44.782 21 INFO cinder.api.openstack.wsgi [req-f8a58b52-0baf-4c39-9c3e-9ba7f92d36cc 28dcefed7ca143f9886d924cf2674344 - - default default] GET http://[LB_IP_ADDRESS]:8776/v3/d41a8b351b9a40038d061b21309381bc/os-services
2022-04-07 14:24:44.792 21 INFO cinder.api.openstack.wsgi [req-f8a58b52-0baf-4c39-9c3e-9ba7f92d36cc 28dcefed7ca143f9886d924cf2674344 - - default default] http://[LB_IP_ADDRESS]:8776/v3/d41a8b351b9a40038d061b21309381bc/os-services returned with HTTP 200
2022-04-07 14:24:44.810 19 INFO cinder.api.openstack.wsgi [req-b7c525d6-e904-4442-865a-ffd23db9ff47 28dcefed7ca143f9886d924cf2674344 - - default default] GET http://[LB_IP_ADDRESS]:8776/v3/d41a8b351b9a40038d061b21309381bc/os-services?host=rack11-server47
2022-04-07 14:24:44.824 19 INFO cinder.api.openstack.wsgi [req-b7c525d6-e904-4442-865a-ffd23db9ff47 28dcefed7ca143f9886d924cf2674344 - - default default] http://[LB_IP_ADDRESS]:8776/v3/d41a8b351b9a40038d061b21309381bc/os-services?host=rack11-server47 returned with HTTP 200
2022-04-07 14:24:44.842 23 INFO cinder.api.openstack.wsgi [req-80581e13-40cb-468a-81e9-fe80cef152fe 28dcefed7ca143f9886d924cf2674344 - - default default] GET http://[LB_IP_ADDRESS]:8776/v3/d41a8b351b9a40038d061b21309381bc/os-services?host=rack11-server47&binary=cinder-scheduler
2022-04-07 14:24:44.855 23 INFO cinder.api.openstack.wsgi [req-80581e13-40cb-468a-81e9-fe80cef152fe 28dcefed7ca143f9886d924cf2674344 - - default default] http://[LB_IP_ADDRESS]:8776/v3/d41a8b351b9a40038d061b21309381bc/os-services?host=rack11-server47&binary=cinder-scheduler returned with HTTP 200
2022-04-07 14:24:44.875 22 INFO cinder.api.openstack.wsgi [req-2939dfe9-b2f2-4a2f-bda2-0bff9cbe88be 28dcefed7ca143f9886d924cf2674344 - - default default] GET http://[LB_IP_ADDRESS]:8776/v3/d41a8b351b9a40038d061b21309381bc/os-services?binary=cinder-scheduler
2022-04-07 14:24:44.887 22 INFO cinder.api.openstack.wsgi [req-2939dfe9-b2f2-4a2f-bda2-0bff9cbe88be 28dcefed7ca143f9886d924cf2674344 - - default default] http://[LB_IP_ADDRESS]:8776/v3/d41a8b351b9a40038d061b21309381bc/os-services?binary=cinder-scheduler returned with HTTP 200
2022-04-07 14:24:45.059 20 INFO cinder.api.openstack.wsgi [req-2be71567-c02f-4b0c-a375-26c8ebc42f60 ad8ce5674740442e8929467753046bf7 - - default default] POST http://[LB_IP_ADDRESS]:8776/v3/049b166f5616421d95f75570058d875c/volumes
2022-04-07 14:24:45.061 20 INFO cinder.api.v3.volumes [req-2be71567-c02f-4b0c-a375-26c8ebc42f60 ad8ce5674740442e8929467753046bf7 - - default default] Create volume of 1 GB
2022-04-07 14:24:45.078 20 INFO cinder.volume.api [req-2be71567-c02f-4b0c-a375-26c8ebc42f60 ad8ce5674740442e8929467753046bf7 - - default default] Availability Zones retrieved successfully.
2022-04-07 14:24:45.403 20 INFO cinder.volume.api [req-2be71567-c02f-4b0c-a375-26c8ebc42f60 ad8ce5674740442e8929467753046bf7 - - default default] Create volume request issued successfully.
2022-04-07 14:24:45.405 20 INFO cinder.api.openstack.wsgi [req-2be71567-c02f-4b0c-a375-26c8ebc42f60 ad8ce5674740442e8929467753046bf7 - - default default] http://[LB_IP_ADDRESS]:8776/v3/049b166f5616421d95f75570058d875c/volumes returned with HTTP 202
2022-04-07 14:24:45.426 21 INFO cinder.api.openstack.wsgi [req-bb017de9-e271-4cc0-896b-ac4763d6410b ad8ce5674740442e8929467753046bf7 - - default default] GET http://[LB_IP_ADDRESS]:8776/v3/049b166f5616421d95f75570058d875c/volumes/e2225346-829e-437c-b1f8-77e470daa7bd
2022-04-07 14:24:45.449 21 INFO cinder.volume.api [req-bb017de9-e271-4cc0-896b-ac4763d6410b ad8ce5674740442e8929467753046bf7 - - default default] Volume info retrieved successfully.
2022-04-07 14:24:45.456 21 INFO cinder.api.openstack.wsgi [req-bb017de9-e271-4cc0-896b-ac4763d6410b ad8ce5674740442e8929467753046bf7 - - default default] http://[LB_IP_ADDRESS]:8776/v3/049b166f5616421d95f75570058d875c/volumes/e2225346-829e-437c-b1f8-77e470daa7bd returned with HTTP 200
2022-04-07 14:24:46.477 19 INFO cinder.api.openstack.wsgi [req-81b79e55-57c9-4159-87ef-e5c712e463d8 ad8ce5674740442e8929467753046bf7 - - default default] GET http://[LB_IP_ADDRESS]:8776/v3/049b166f5616421d95f75570058d875c/volumes/e2225346-829e-437c-b1f8-77e470daa7bd
2022-04-07 14:24:46.501 19 INFO cinder.volume.api [req-81b79e55-57c9-4159-87ef-e5c712e463d8 ad8ce5674740442e8929467753046bf7 - - default default] Volume info retrieved successfully.
2022-04-07 14:24:46.508 19 INFO cinder.api.openstack.wsgi [req-81b79e55-57c9-4159-87ef-e5c712e463d8 ad8ce5674740442e8929467753046bf7 - - default default] http://[LB_IP_ADDRESS]:8776/v3/049b166f5616421d95f75570058d875c/volumes/e2225346-829e-437c-b1f8-77e470daa7bd returned with HTTP 200
2022-04-07 14:24:46.529 23 INFO cinder.api.openstack.wsgi [req-b96a7da0-583f-460d-a2f9-629bcbaace2f 28dcefed7ca143f9886d924cf2674344 - - default default] GET http://[LB_IP_ADDRESS]:8776/v3/d41a8b351b9a40038d061b21309381bc/volumes/e2225346-829e-437c-b1f8-77e470daa7bd
2022-04-07 14:24:46.552 23 INFO cinder.volume.api [req-b96a7da0-583f-460d-a2f9-629bcbaace2f 28dcefed7ca143f9886d924cf2674344 - - default default] Volume info retrieved successfully.
2022-04-07 14:24:46.560 23 INFO cinder.api.openstack.wsgi [req-b96a7da0-583f-460d-a2f9-629bcbaace2f 28dcefed7ca143f9886d924cf2674344 - - default default] http://[LB_IP_ADDRESS]:8776/v3/d41a8b351b9a40038d061b21309381bc/volumes/e2225346-829e-437c-b1f8-77e470daa7bd returned with HTTP 200
2022-04-07 14:24:46.582 22 INFO cinder.api.openstack.wsgi [req-1aa929e0-ffc8-4fba-b59b-4c5007b23ace 28dcefed7ca143f9886d924cf2674344 - - default default] GET http://[LB_IP_ADDRESS]:8776/v3/d41a8b351b9a40038d061b21309381bc/os-services?host=rack08-server75&binary=cinder-volume
2022-04-07 14:24:46.594 22 INFO cinder.api.openstack.wsgi [req-1aa929e0-ffc8-4fba-b59b-4c5007b23ace 28dcefed7ca143f9886d924cf2674344 - - default default] http://[LB_IP_ADDRESS]:8776/v3/d41a8b351b9a40038d061b21309381bc/os-services?host=rack08-server75&binary=cinder-volume returned with HTTP 200
2022-04-07 14:24:46.617 20 INFO cinder.api.openstack.wsgi [req-9c15b1fd-8907-483d-8d3c-ab4e76aa28c5 28dcefed7ca143f9886d924cf2674344 - - default default] GET http://[LB_IP_ADDRESS]:8776/v3/d41a8b351b9a40038d061b21309381bc/os-services
2022-04-07 14:24:46.626 20 INFO cinder.api.openstack.wsgi [req-9c15b1fd-8907-483d-8d3c-ab4e76aa28c5 28dcefed7ca143f9886d924cf2674344 - - default default] http://[LB_IP_ADDRESS]:8776/v3/d41a8b351b9a40038d061b21309381bc/os-services returned with HTTP 200
2022-04-07 14:24:46.642 21 INFO cinder.api.openstack.wsgi [req-4ceea004-d4a1-4033-90a6-ab82285994e3 ad8ce5674740442e8929467753046bf7 - - default default] DELETE http://[LB_IP_ADDRESS]:8776/v3/049b166f5616421d95f75570058d875c/volumes/e2225346-829e-437c-b1f8-77e470daa7bd
2022-04-07 14:24:46.643 21 INFO cinder.api.v3.volumes [req-4ceea004-d4a1-4033-90a6-ab82285994e3 ad8ce5674740442e8929467753046bf7 - - default default] Delete volume with id: e2225346-829e-437c-b1f8-77e470daa7bd 
2022-04-07 14:24:46.659 21 INFO cinder.volume.api [req-4ceea004-d4a1-4033-90a6-ab82285994e3 ad8ce5674740442e8929467753046bf7 - - default default] Volume info retrieved successfully.
2022-04-07 14:24:46.687 21 INFO cinder.volume.api [req-4ceea004-d4a1-4033-90a6-ab82285994e3 ad8ce5674740442e8929467753046bf7 - - default default] Delete volume request issued successfully.
2022-04-07 14:24:46.687 21 INFO cinder.api.openstack.wsgi [req-4ceea004-d4a1-4033-90a6-ab82285994e3 ad8ce5674740442e8929467753046bf7 - - default default] http://[LB_IP_ADDRESS]:8776/v3/049b166f5616421d95f75570058d875c/volumes/e2225346-829e-437c-b1f8-77e470daa7bd returned with HTTP 202
2022-04-07 14:24:46.699 19 INFO cinder.api.openstack.wsgi [req-ac967822-fc7c-4fde-9358-2810d0681fc1 ad8ce5674740442e8929467753046bf7 - - default default] GET http://[LB_IP_ADDRESS]:8776/v3/049b166f5616421d95f75570058d875c/volumes/e2225346-829e-437c-b1f8-77e470daa7bd
2022-04-07 14:24:46.721 19 INFO cinder.volume.api [req-ac967822-fc7c-4fde-9358-2810d0681fc1 ad8ce5674740442e8929467753046bf7 - - default default] Volume info retrieved successfully.
2022-04-07 14:24:46.729 19 INFO cinder.api.openstack.wsgi [req-ac967822-fc7c-4fde-9358-2810d0681fc1 ad8ce5674740442e8929467753046bf7 - - default default] http://[LB_IP_ADDRESS]:8776/v3/049b166f5616421d95f75570058d875c/volumes/e2225346-829e-437c-b1f8-77e470daa7bd returned with HTTP 200
2022-04-07 14:24:47.751 23 INFO cinder.api.openstack.wsgi [req-51fad0b1-5127-4b5f-a1c0-4d8b8fa6a72e ad8ce5674740442e8929467753046bf7 - - default default] GET http://[LB_IP_ADDRESS]:8776/v3/049b166f5616421d95f75570058d875c/volumes/e2225346-829e-437c-b1f8-77e470daa7bd
2022-04-07 14:24:47.769 23 INFO cinder.api.openstack.wsgi [req-51fad0b1-5127-4b5f-a1c0-4d8b8fa6a72e ad8ce5674740442e8929467753046bf7 - - default default] http://[LB_IP_ADDRESS]:8776/v3/049b166f5616421d95f75570058d875c/volumes/e2225346-829e-437c-b1f8-77e470daa7bd returned with HTTP 404
2022-04-07 14:24:49.235 22 INFO cinder.api.openstack.wsgi [req-37804db0-6191-4484-ab7c-6fdc2ed56256 - - - - -] GET http://[LB_IP_ADDRESS]:8776/
2022-04-07 14:24:49.236 22 INFO cinder.api.openstack.wsgi [req-37804db0-6191-4484-ab7c-6fdc2ed56256 - - - - -] http://[LB_IP_ADDRESS]:8776/ returned with HTTP 300
2022-04-07 14:24:49.264 20 INFO cinder.api.openstack.wsgi [req-8f477c89-06c9-49df-a8c8-12b9f972588e dfd6af135ed24eee930ec599fcf09341 - - default default] GET http://[LB_IP_ADDRESS]:8776/v3/42dbf2b82d4b4dd497d891f571fae46b/volumes/47f97dd3-5387-475b-b716-545ab8c8463e
2022-04-07 14:24:49.292 20 INFO cinder.volume.api [req-8f477c89-06c9-49df-a8c8-12b9f972588e dfd6af135ed24eee930ec599fcf09341 - - default default] Volume info retrieved successfully.
2022-04-07 14:24:49.301 20 INFO cinder.api.openstack.wsgi [req-8f477c89-06c9-49df-a8c8-12b9f972588e dfd6af135ed24eee930ec599fcf09341 - - default default] http://[LB_IP_ADDRESS]:8776/v3/42dbf2b82d4b4dd497d891f571fae46b/volumes/47f97dd3-5387-475b-b716-545ab8c8463e returned with HTTP 200
2022-04-07 14:24:50.812 21 INFO cinder.api.openstack.wsgi [req-45a4af4c-617b-47c7-9dbe-6f3ec9e8669d dfd6af135ed24eee930ec599fcf09341 - - default default] PUT http://[LB_IP_ADDRESS]:8776/v3/42dbf2b82d4b4dd497d891f571fae46b/attachments/cd25daec-b2d8-49c3-a32a-b9522d0b78a4
2022-04-07 14:24:52.035 21 INFO cinder.api.openstack.wsgi [req-45a4af4c-617b-47c7-9dbe-6f3ec9e8669d dfd6af135ed24eee930ec599fcf09341 - - default default] http://[LB_IP_ADDRESS]:8776/v3/42dbf2b82d4b4dd497d891f571fae46b/attachments/cd25daec-b2d8-49c3-a32a-b9522d0b78a4 returned with HTTP 200
2022-04-07 14:24:52.545 19 INFO cinder.api.openstack.wsgi [req-0ee48c6b-a9e4-4df0-bc04-406b0cd41ba8 dfd6af135ed24eee930ec599fcf09341 - - default default] POST http://[LB_IP_ADDRESS]:8776/v3/42dbf2b82d4b4dd497d891f571fae46b/attachments/cd25daec-b2d8-49c3-a32a-b9522d0b78a4/action
2022-04-07 14:24:52.591 19 INFO cinder.api.openstack.wsgi [req-0ee48c6b-a9e4-4df0-bc04-406b0cd41ba8 dfd6af135ed24eee930ec599fcf09341 - - default default] http://[LB_IP_ADDRESS]:8776/v3/42dbf2b82d4b4dd497d891f571fae46b/attachments/cd25daec-b2d8-49c3-a32a-b9522d0b78a4/action returned with HTTP 204
2022-04-07 14:24:54.207 23 INFO cinder.api.openstack.wsgi [req-b0bc42de-7f9d-499b-b843-ba69ac8624d0 f252323e6c1844099b36e6aa6b7e102c - - default default] POST http://[LB_IP_ADDRESS]:8776/v3/cf09bb61dffc418bbb4bcd78db944750/types
2022-04-07 14:24:54.239 23 INFO cinder.api.openstack.wsgi [req-b0bc42de-7f9d-499b-b843-ba69ac8624d0 f252323e6c1844099b36e6aa6b7e102c - - default default] http://[LB_IP_ADDRESS]:8776/v3/cf09bb61dffc418bbb4bcd78db944750/types returned with HTTP 200
2022-04-07 14:24:54.255 22 INFO cinder.api.openstack.wsgi [req-eaebb690-eddc-4460-a89a-5c774da00986 f252323e6c1844099b36e6aa6b7e102c - - default default] POST http://[LB_IP_ADDRESS]:8776/v3/cf09bb61dffc418bbb4bcd78db944750/types/47649dd2-bd9b-47f2-aaaf-6f907300c0ce/action
2022-04-07 14:24:54.271 22 INFO cinder.api.openstack.wsgi [req-eaebb690-eddc-4460-a89a-5c774da00986 f252323e6c1844099b36e6aa6b7e102c - - default default] http://[LB_IP_ADDRESS]:8776/v3/cf09bb61dffc418bbb4bcd78db944750/types/47649dd2-bd9b-47f2-aaaf-6f907300c0ce/action returned with HTTP 202
2022-04-07 14:24:54.284 20 INFO cinder.api.openstack.wsgi [req-52d6c292-cf25-4a11-bddb-1b82ff39c7ca f252323e6c1844099b36e6aa6b7e102c - - default default] POST http://[LB_IP_ADDRESS]:8776/v3/cf09bb61dffc418bbb4bcd78db944750/types/47649dd2-bd9b-47f2-aaaf-6f907300c0ce/action
2022-04-07 14:24:54.300 20 INFO cinder.api.openstack.wsgi [req-52d6c292-cf25-4a11-bddb-1b82ff39c7ca f252323e6c1844099b36e6aa6b7e102c - - default default] http://[LB_IP_ADDRESS]:8776/v3/cf09bb61dffc418bbb4bcd78db944750/types/47649dd2-bd9b-47f2-aaaf-6f907300c0ce/action returned with HTTP 202
2022-04-07 14:24:54.312 21 INFO cinder.api.openstack.wsgi [req-74900e82-0eea-4ddb-8413-99bde739d8b0 f252323e6c1844099b36e6aa6b7e102c - - default default] GET http://[LB_IP_ADDRESS]:8776/v3/cf09bb61dffc418bbb4bcd78db944750/types/47649dd2-bd9b-47f2-aaaf-6f907300c0ce/os-volume-type-access
2022-04-07 14:24:54.321 21 INFO cinder.api.openstack.wsgi [req-74900e82-0eea-4ddb-8413-99bde739d8b0 f252323e6c1844099b36e6aa6b7e102c - - default default] http://[LB_IP_ADDRESS]:8776/v3/cf09bb61dffc418bbb4bcd78db944750/types/47649dd2-bd9b-47f2-aaaf-6f907300c0ce/os-volume-type-access returned with HTTP 200
2022-04-07 14:24:54.335 19 INFO cinder.api.openstack.wsgi [req-67cc8bf1-f722-40da-ac75-14903002ec05 f252323e6c1844099b36e6aa6b7e102c - - default default] POST http://[LB_IP_ADDRESS]:8776/v3/cf09bb61dffc418bbb4bcd78db944750/types/47649dd2-bd9b-47f2-aaaf-6f907300c0ce/action
2022-04-07 14:24:54.352 19 INFO cinder.api.openstack.wsgi [req-67cc8bf1-f722-40da-ac75-14903002ec05 f252323e6c1844099b36e6aa6b7e102c - - default default] http://[LB_IP_ADDRESS]:8776/v3/cf09bb61dffc418bbb4bcd78db944750/types/47649dd2-bd9b-47f2-aaaf-6f907300c0ce/action returned with HTTP 202
2022-04-07 14:24:54.364 23 INFO cinder.api.openstack.wsgi [req-4f88f9e5-001f-46ee-bd56-016f9a4eaecb f252323e6c1844099b36e6aa6b7e102c - - default default] POST http://[LB_IP_ADDRESS]:8776/v3/cf09bb61dffc418bbb4bcd78db944750/types/47649dd2-bd9b-47f2-aaaf-6f907300c0ce/action
2022-04-07 14:24:54.381 23 INFO cinder.api.openstack.wsgi [req-4f88f9e5-001f-46ee-bd56-016f9a4eaecb f252323e6c1844099b36e6aa6b7e102c - - default default] http://[LB_IP_ADDRESS]:8776/v3/cf09bb61dffc418bbb4bcd78db944750/types/47649dd2-bd9b-47f2-aaaf-6f907300c0ce/action returned with HTTP 202
2022-04-07 14:24:54.394 22 INFO cinder.api.openstack.wsgi [req-2672993c-e35f-45f4-894c-60abbde179c7 f252323e6c1844099b36e6aa6b7e102c - - default default] DELETE http://[LB_IP_ADDRESS]:8776/v3/cf09bb61dffc418bbb4bcd78db944750/types/47649dd2-bd9b-47f2-aaaf-6f907300c0ce
2022-04-07 14:24:54.481 22 INFO cinder.api.openstack.wsgi [req-2672993c-e35f-45f4-894c-60abbde179c7 f252323e6c1844099b36e6aa6b7e102c - - default default] http://[LB_IP_ADDRESS]:8776/v3/cf09bb61dffc418bbb4bcd78db944750/types/47649dd2-bd9b-47f2-aaaf-6f907300c0ce returned with HTTP 202
2022-04-07 14:24:54.491 20 INFO cinder.api.openstack.wsgi [req-e0ea4477-2fd4-4261-b7b3-e852f214b513 f252323e6c1844099b36e6aa6b7e102c - - default default] GET http://[LB_IP_ADDRESS]:8776/v3/cf09bb61dffc418bbb4bcd78db944750/types/47649dd2-bd9b-47f2-aaaf-6f907300c0ce
2022-04-07 14:24:54.498 20 INFO cinder.api.openstack.wsgi [req-e0ea4477-2fd4-4261-b7b3-e852f214b513 f252323e6c1844099b36e6aa6b7e102c - - default default] http://[LB_IP_ADDRESS]:8776/v3/cf09bb61dffc418bbb4bcd78db944750/types/47649dd2-bd9b-47f2-aaaf-6f907300c0ce returned with HTTP 404
2022-04-07 14:24:58.891 21 INFO cinder.api.openstack.wsgi [req-90acbc34-0c4b-469b-9366-f8ec152d5689 - - - - -] GET http://[LB_IP_ADDRESS]:8776/
2022-04-07 14:24:58.892 21 INFO cinder.api.openstack.wsgi [req-90acbc34-0c4b-469b-9366-f8ec152d5689 - - - - -] http://[LB_IP_ADDRESS]:8776/ returned with HTTP 300
2022-04-07 14:24:59.802 19 INFO cinder.api.openstack.wsgi [req-602a9ead-8aac-40b6-8877-a6bac3a6c871 f5ca28dd8ebd4bdb8ba82a98ed939895 - - default default] POST http://[LB_IP_ADDRESS]:8776/v3/6ecb734e76e5403e936a1ea59c97b6d5/types
2022-04-07 14:24:59.840 19 INFO cinder.api.openstack.wsgi [req-602a9ead-8aac-40b6-8877-a6bac3a6c871 f5ca28dd8ebd4bdb8ba82a98ed939895 - - default default] http://[LB_IP_ADDRESS]:8776/v3/6ecb734e76e5403e936a1ea59c97b6d5/types returned with HTTP 200
2022-04-07 14:24:59.855 23 INFO cinder.api.openstack.wsgi [req-d33530c7-18d6-4175-ba84-3b2e13c4b26f f5ca28dd8ebd4bdb8ba82a98ed939895 - - default default] GET http://[LB_IP_ADDRESS]:8776/v3/6ecb734e76e5403e936a1ea59c97b6d5/types/18f2caf9-40ee-4744-bc87-e8e42333329b
2022-04-07 14:24:59.871 23 INFO cinder.api.openstack.wsgi [req-d33530c7-18d6-4175-ba84-3b2e13c4b26f f5ca28dd8ebd4bdb8ba82a98ed939895 - - default default] http://[LB_IP_ADDRESS]:8776/v3/6ecb734e76e5403e936a1ea59c97b6d5/types/18f2caf9-40ee-4744-bc87-e8e42333329b returned with HTTP 200
2022-04-07 14:24:59.887 22 INFO cinder.api.openstack.wsgi [req-d3e91b6b-d4fe-4b3c-b989-1749651a02e9 f5ca28dd8ebd4bdb8ba82a98ed939895 - - default default] POST http://[LB_IP_ADDRESS]:8776/v3/6ecb734e76e5403e936a1ea59c97b6d5/types
2022-04-07 14:24:59.922 22 INFO cinder.api.openstack.wsgi [req-d3e91b6b-d4fe-4b3c-b989-1749651a02e9 f5ca28dd8ebd4bdb8ba82a98ed939895 - - default default] http://[LB_IP_ADDRESS]:8776/v3/6ecb734e76e5403e936a1ea59c97b6d5/types returned with HTTP 200
2022-04-07 14:24:59.939 20 INFO cinder.api.openstack.wsgi [req-5c98faa5-19f4-408e-a1a2-8a07a1af47d4 f5ca28dd8ebd4bdb8ba82a98ed939895 - - default default] POST http://[LB_IP_ADDRESS]:8776/v3/6ecb734e76e5403e936a1ea59c97b6d5/types/4bea7fed-a34f-4238-b70c-187add0aebe6/encryption
2022-04-07 14:25:00.005 20 INFO cinder.api.openstack.wsgi [req-5c98faa5-19f4-408e-a1a2-8a07a1af47d4 f5ca28dd8ebd4bdb8ba82a98ed939895 - - default default] http://[LB_IP_ADDRESS]:8776/v3/6ecb734e76e5403e936a1ea59c97b6d5/types/4bea7fed-a34f-4238-b70c-187add0aebe6/encryption returned with HTTP 200
2022-04-07 14:25:00.022 21 INFO cinder.api.openstack.wsgi [req-d72fd0f5-9e50-4d8c-a0a4-67bacb9c06af f5ca28dd8ebd4bdb8ba82a98ed939895 - - default default] GET http://[LB_IP_ADDRESS]:8776/v3/6ecb734e76e5403e936a1ea59c97b6d5/types/4bea7fed-a34f-4238-b70c-187add0aebe6/encryption
2022-04-07 14:25:00.034 21 INFO cinder.api.openstack.wsgi [req-d72fd0f5-9e50-4d8c-a0a4-67bacb9c06af f5ca28dd8ebd4bdb8ba82a98ed939895 - - default default] http://[LB_IP_ADDRESS]:8776/v3/6ecb734e76e5403e936a1ea59c97b6d5/types/4bea7fed-a34f-4238-b70c-187add0aebe6/encryption returned with HTTP 200
2022-04-07 14:25:00.051 19 INFO cinder.api.openstack.wsgi [req-5a1e68aa-82fe-4d17-bbc4-fa9d39989bc6 f5ca28dd8ebd4bdb8ba82a98ed939895 - - default default] PUT http://[LB_IP_ADDRESS]:8776/v3/6ecb734e76e5403e936a1ea59c97b6d5/types/4bea7fed-a34f-4238-b70c-187add0aebe6/encryption/provider
