Build Started 26_04_2026_12_15_47
2026-04-26 12:17:55.780 74 INFO cinder.api.openstack.wsgi [None req-1d4c7011-ea91-42f5-9905-61348d9db3fc cb78fafa6cf1463c9ed291d2ac4af59d a5c2a3eb754f4525b1f2bd0b1358b6e6 - - default default] GET http://[LB_IP_ADDRESS]:8776/v3/a5c2a3eb754f4525b1f2bd0b1358b6e6/volumes/detail
2026-04-26 12:17:55.794 74 INFO cinder.volume.api [None req-1d4c7011-ea91-42f5-9905-61348d9db3fc cb78fafa6cf1463c9ed291d2ac4af59d a5c2a3eb754f4525b1f2bd0b1358b6e6 - - default default] Get all volumes completed successfully.
2026-04-26 12:17:55.799 74 INFO cinder.api.openstack.wsgi [None req-1d4c7011-ea91-42f5-9905-61348d9db3fc cb78fafa6cf1463c9ed291d2ac4af59d a5c2a3eb754f4525b1f2bd0b1358b6e6 - - default default] http://[LB_IP_ADDRESS]:8776/v3/a5c2a3eb754f4525b1f2bd0b1358b6e6/volumes/detail returned with HTTP 200
2026-04-26 12:17:55.809 75 INFO cinder.api.openstack.wsgi [req-1d4c7011-ea91-42f5-9905-61348d9db3fc req-5d9104c8-d0e7-41bb-93f4-4cfce46e7559 cb78fafa6cf1463c9ed291d2ac4af59d a5c2a3eb754f4525b1f2bd0b1358b6e6 - - default default] GET http://[LB_IP_ADDRESS]:8776/v3/a5c2a3eb754f4525b1f2bd0b1358b6e6/snapshots/detail?all_tenants=True
2026-04-26 12:17:55.817 75 INFO cinder.volume.api [req-1d4c7011-ea91-42f5-9905-61348d9db3fc req-5d9104c8-d0e7-41bb-93f4-4cfce46e7559 cb78fafa6cf1463c9ed291d2ac4af59d a5c2a3eb754f4525b1f2bd0b1358b6e6 - - default default] Get all snapshots completed successfully.
2026-04-26 12:17:55.818 75 INFO cinder.api.openstack.wsgi [req-1d4c7011-ea91-42f5-9905-61348d9db3fc req-5d9104c8-d0e7-41bb-93f4-4cfce46e7559 cb78fafa6cf1463c9ed291d2ac4af59d a5c2a3eb754f4525b1f2bd0b1358b6e6 - - default default] http://[LB_IP_ADDRESS]:8776/v3/a5c2a3eb754f4525b1f2bd0b1358b6e6/snapshots/detail?all_tenants=True returned with HTTP 200
2026-04-26 12:17:57.967 72 INFO cinder.api.openstack.wsgi [None req-2daddbe6-5769-48eb-b85c-c5c795ca5e35 cb78fafa6cf1463c9ed291d2ac4af59d a5c2a3eb754f4525b1f2bd0b1358b6e6 - - default default] GET http://[LB_IP_ADDRESS]:8776/v3/a5c2a3eb754f4525b1f2bd0b1358b6e6/volumes/detail?all_tenants=True
2026-04-26 12:17:57.977 72 INFO cinder.volume.api [None req-2daddbe6-5769-48eb-b85c-c5c795ca5e35 cb78fafa6cf1463c9ed291d2ac4af59d a5c2a3eb754f4525b1f2bd0b1358b6e6 - - default default] Get all volumes completed successfully.
2026-04-26 12:17:57.981 72 INFO cinder.api.openstack.wsgi [None req-2daddbe6-5769-48eb-b85c-c5c795ca5e35 cb78fafa6cf1463c9ed291d2ac4af59d a5c2a3eb754f4525b1f2bd0b1358b6e6 - - default default] http://[LB_IP_ADDRESS]:8776/v3/a5c2a3eb754f4525b1f2bd0b1358b6e6/volumes/detail?all_tenants=True returned with HTTP 200
2026-04-26 12:17:59.351 73 INFO cinder.api.openstack.wsgi [None req-f8c9f103-f69e-419a-87ff-53ff120070ba - - - - - -] GET http://[LB_IP_ADDRESS]:8776/
2026-04-26 12:17:59.352 73 INFO cinder.api.openstack.wsgi [None req-f8c9f103-f69e-419a-87ff-53ff120070ba - - - - - -] http://[LB_IP_ADDRESS]:8776/ returned with HTTP 300
2026-04-26 12:17:59.409 76 INFO cinder.api.openstack.wsgi [None req-28207ade-f0df-400c-b6ef-e5c131f6516f cb78fafa6cf1463c9ed291d2ac4af59d a5c2a3eb754f4525b1f2bd0b1358b6e6 - - default default] GET http://[LB_IP_ADDRESS]:8776/v3/a5c2a3eb754f4525b1f2bd0b1358b6e6/groups/detail?all_tenants=1
2026-04-26 12:17:59.418 76 INFO cinder.api.openstack.wsgi [None req-28207ade-f0df-400c-b6ef-e5c131f6516f cb78fafa6cf1463c9ed291d2ac4af59d a5c2a3eb754f4525b1f2bd0b1358b6e6 - - default default] http://[LB_IP_ADDRESS]:8776/v3/a5c2a3eb754f4525b1f2bd0b1358b6e6/groups/detail?all_tenants=1 returned with HTTP 200
2026-04-26 12:18:00.734 74 INFO cinder.api.openstack.wsgi [None req-20ff403a-0923-40b9-b989-799c71e99088 - - - - - -] GET http://[LB_IP_ADDRESS]:8776/
2026-04-26 12:18:00.735 74 INFO cinder.api.openstack.wsgi [None req-20ff403a-0923-40b9-b989-799c71e99088 - - - - - -] http://[LB_IP_ADDRESS]:8776/ returned with HTTP 300
2026-04-26 12:18:00.803 75 INFO cinder.api.openstack.wsgi [None req-a4c4e21e-7179-4524-beed-ddba642918a4 cb78fafa6cf1463c9ed291d2ac4af59d a5c2a3eb754f4525b1f2bd0b1358b6e6 - - default default] GET http://[LB_IP_ADDRESS]:8776/v3/a5c2a3eb754f4525b1f2bd0b1358b6e6/group_types?is_public=None
2026-04-26 12:18:00.816 75 INFO cinder.api.openstack.wsgi [None req-a4c4e21e-7179-4524-beed-ddba642918a4 cb78fafa6cf1463c9ed291d2ac4af59d a5c2a3eb754f4525b1f2bd0b1358b6e6 - - default default] http://[LB_IP_ADDRESS]:8776/v3/a5c2a3eb754f4525b1f2bd0b1358b6e6/group_types?is_public=None returned with HTTP 200
2026-04-26 12:18:02.631 72 INFO cinder.api.openstack.wsgi [None req-1c1799b7-c9f1-467d-bed4-94bbb9d70118 cb78fafa6cf1463c9ed291d2ac4af59d a5c2a3eb754f4525b1f2bd0b1358b6e6 - - default default] GET http://[LB_IP_ADDRESS]:8776/v3/a5c2a3eb754f4525b1f2bd0b1358b6e6/types?is_public=None
2026-04-26 12:18:02.653 72 INFO cinder.api.openstack.wsgi [None req-1c1799b7-c9f1-467d-bed4-94bbb9d70118 cb78fafa6cf1463c9ed291d2ac4af59d a5c2a3eb754f4525b1f2bd0b1358b6e6 - - default default] http://[LB_IP_ADDRESS]:8776/v3/a5c2a3eb754f4525b1f2bd0b1358b6e6/types?is_public=None returned with HTTP 200
2026-04-26 12:18:09.095 73 INFO cinder.api.openstack.wsgi [None req-fcd9f5c1-dfff-4914-a3ec-983afee352f9 cb78fafa6cf1463c9ed291d2ac4af59d a5c2a3eb754f4525b1f2bd0b1358b6e6 - - default default] GET http://[LB_IP_ADDRESS]:8776/v3/a5c2a3eb754f4525b1f2bd0b1358b6e6/snapshots
2026-04-26 12:18:09.105 73 INFO cinder.volume.api [None req-fcd9f5c1-dfff-4914-a3ec-983afee352f9 cb78fafa6cf1463c9ed291d2ac4af59d a5c2a3eb754f4525b1f2bd0b1358b6e6 - - default default] Get all snapshots completed successfully.
2026-04-26 12:18:09.105 73 INFO cinder.api.openstack.wsgi [None req-fcd9f5c1-dfff-4914-a3ec-983afee352f9 cb78fafa6cf1463c9ed291d2ac4af59d a5c2a3eb754f4525b1f2bd0b1358b6e6 - - default default] http://[LB_IP_ADDRESS]:8776/v3/a5c2a3eb754f4525b1f2bd0b1358b6e6/snapshots returned with HTTP 200
2026-04-26 12:18:09.122 76 INFO cinder.api.openstack.wsgi [None req-062141ad-d85e-47f3-ad18-d83330ff8e29 cb78fafa6cf1463c9ed291d2ac4af59d a5c2a3eb754f4525b1f2bd0b1358b6e6 - - default default] GET http://[LB_IP_ADDRESS]:8776/v3/a5c2a3eb754f4525b1f2bd0b1358b6e6/volumes
2026-04-26 12:18:09.137 76 INFO cinder.volume.api [None req-062141ad-d85e-47f3-ad18-d83330ff8e29 cb78fafa6cf1463c9ed291d2ac4af59d a5c2a3eb754f4525b1f2bd0b1358b6e6 - - default default] Get all volumes completed successfully.
2026-04-26 12:18:09.137 76 INFO cinder.api.openstack.wsgi [None req-062141ad-d85e-47f3-ad18-d83330ff8e29 cb78fafa6cf1463c9ed291d2ac4af59d a5c2a3eb754f4525b1f2bd0b1358b6e6 - - default default] http://[LB_IP_ADDRESS]:8776/v3/a5c2a3eb754f4525b1f2bd0b1358b6e6/volumes returned with HTTP 200
2026-04-26 12:18:14.686 74 INFO cinder.api.openstack.wsgi [req-35c8dfd3-1f9a-4dcc-9ae0-2067d50f7aca req-3ca6f2c3-c617-411c-83ef-65ff6a526615 f325a1a7358b43ccaba0f68d54e7afbf 15255bf23b80450eb569913fcd11e495 - - default default] POST http://[LB_IP_ADDRESS]:8776/v3/volumes
2026-04-26 12:18:14.690 74 INFO cinder.api.v3.volumes [req-35c8dfd3-1f9a-4dcc-9ae0-2067d50f7aca req-3ca6f2c3-c617-411c-83ef-65ff6a526615 f325a1a7358b43ccaba0f68d54e7afbf 15255bf23b80450eb569913fcd11e495 - - default default] Create volume of 1 GB
2026-04-26 12:18:14.692 75 INFO cinder.api.openstack.wsgi [req-6b8dac89-ca3d-445b-9fb6-46ff6f40b65a req-384fa30e-f256-4a28-a5d7-ae827058d516 bc37e25309e646b9902421522266ac5b 18146e7faf60486290c5e2133f1c7f4c - - default default] POST http://[LB_IP_ADDRESS]:8776/v3/volumes
2026-04-26 12:18:14.695 75 INFO cinder.api.v3.volumes [req-6b8dac89-ca3d-445b-9fb6-46ff6f40b65a req-384fa30e-f256-4a28-a5d7-ae827058d516 bc37e25309e646b9902421522266ac5b 18146e7faf60486290c5e2133f1c7f4c - - default default] Create volume of 1 GB
2026-04-26 12:18:14.706 74 INFO cinder.volume.api [req-35c8dfd3-1f9a-4dcc-9ae0-2067d50f7aca req-3ca6f2c3-c617-411c-83ef-65ff6a526615 f325a1a7358b43ccaba0f68d54e7afbf 15255bf23b80450eb569913fcd11e495 - - default default] Availability Zones retrieved successfully.
2026-04-26 12:18:14.710 75 INFO cinder.volume.api [req-6b8dac89-ca3d-445b-9fb6-46ff6f40b65a req-384fa30e-f256-4a28-a5d7-ae827058d516 bc37e25309e646b9902421522266ac5b 18146e7faf60486290c5e2133f1c7f4c - - default default] Availability Zones retrieved successfully.
2026-04-26 12:18:15.022 74 INFO cinder.volume.api [req-35c8dfd3-1f9a-4dcc-9ae0-2067d50f7aca req-3ca6f2c3-c617-411c-83ef-65ff6a526615 f325a1a7358b43ccaba0f68d54e7afbf 15255bf23b80450eb569913fcd11e495 - - default default] Create volume request issued successfully.
2026-04-26 12:18:15.023 74 INFO cinder.api.openstack.wsgi [req-35c8dfd3-1f9a-4dcc-9ae0-2067d50f7aca req-3ca6f2c3-c617-411c-83ef-65ff6a526615 f325a1a7358b43ccaba0f68d54e7afbf 15255bf23b80450eb569913fcd11e495 - - default default] http://[LB_IP_ADDRESS]:8776/v3/volumes returned with HTTP 202
2026-04-26 12:18:15.037 72 INFO cinder.api.openstack.wsgi [req-35c8dfd3-1f9a-4dcc-9ae0-2067d50f7aca req-f8caf8a4-4d6c-4518-bf54-ada655c85853 f325a1a7358b43ccaba0f68d54e7afbf 15255bf23b80450eb569913fcd11e495 - - default default] GET http://[LB_IP_ADDRESS]:8776/v3/volumes/5a1d9806-0f3e-4bd6-bb09-0c25328cf55e
2026-04-26 12:18:15.038 75 INFO cinder.volume.api [req-6b8dac89-ca3d-445b-9fb6-46ff6f40b65a req-384fa30e-f256-4a28-a5d7-ae827058d516 bc37e25309e646b9902421522266ac5b 18146e7faf60486290c5e2133f1c7f4c - - default default] Create volume request issued successfully.
2026-04-26 12:18:15.039 75 INFO cinder.api.openstack.wsgi [req-6b8dac89-ca3d-445b-9fb6-46ff6f40b65a req-384fa30e-f256-4a28-a5d7-ae827058d516 bc37e25309e646b9902421522266ac5b 18146e7faf60486290c5e2133f1c7f4c - - default default] http://[LB_IP_ADDRESS]:8776/v3/volumes returned with HTTP 202
2026-04-26 12:18:15.052 73 INFO cinder.api.openstack.wsgi [req-6b8dac89-ca3d-445b-9fb6-46ff6f40b65a req-bce8a6ce-7437-4ad1-b4dc-dad75019aa0f bc37e25309e646b9902421522266ac5b 18146e7faf60486290c5e2133f1c7f4c - - default default] GET http://[LB_IP_ADDRESS]:8776/v3/volumes/fa23e874-35fc-45c9-8b9f-e9d26daecc4e
2026-04-26 12:18:15.060 72 INFO cinder.volume.api [req-35c8dfd3-1f9a-4dcc-9ae0-2067d50f7aca req-f8caf8a4-4d6c-4518-bf54-ada655c85853 f325a1a7358b43ccaba0f68d54e7afbf 15255bf23b80450eb569913fcd11e495 - - default default] Volume info retrieved successfully.
2026-04-26 12:18:15.069 72 INFO cinder.api.openstack.wsgi [req-35c8dfd3-1f9a-4dcc-9ae0-2067d50f7aca req-f8caf8a4-4d6c-4518-bf54-ada655c85853 f325a1a7358b43ccaba0f68d54e7afbf 15255bf23b80450eb569913fcd11e495 - - default default] http://[LB_IP_ADDRESS]:8776/v3/volumes/5a1d9806-0f3e-4bd6-bb09-0c25328cf55e returned with HTTP 200
2026-04-26 12:18:15.072 73 INFO cinder.volume.api [req-6b8dac89-ca3d-445b-9fb6-46ff6f40b65a req-bce8a6ce-7437-4ad1-b4dc-dad75019aa0f bc37e25309e646b9902421522266ac5b 18146e7faf60486290c5e2133f1c7f4c - - default default] Volume info retrieved successfully.
2026-04-26 12:18:15.082 73 INFO cinder.api.openstack.wsgi [req-6b8dac89-ca3d-445b-9fb6-46ff6f40b65a req-bce8a6ce-7437-4ad1-b4dc-dad75019aa0f bc37e25309e646b9902421522266ac5b 18146e7faf60486290c5e2133f1c7f4c - - default default] http://[LB_IP_ADDRESS]:8776/v3/volumes/fa23e874-35fc-45c9-8b9f-e9d26daecc4e returned with HTTP 200
2026-04-26 12:18:15.132 76 INFO cinder.api.openstack.wsgi [req-273a4ed2-ea7b-430d-965f-0e353b401d79 req-964bc95b-b25b-4e13-a3e1-54d29b31fdc0 f325a1a7358b43ccaba0f68d54e7afbf 15255bf23b80450eb569913fcd11e495 - - default default] GET http://[LB_IP_ADDRESS]:8776/v3/volumes/5a1d9806-0f3e-4bd6-bb09-0c25328cf55e
2026-04-26 12:18:15.143 74 INFO cinder.api.openstack.wsgi [req-e0a283a4-bf0c-451e-b0d0-f85a6d37f01b req-2d61471b-a0c1-4d67-baf6-a6785ff2fb3f bc37e25309e646b9902421522266ac5b 18146e7faf60486290c5e2133f1c7f4c - - default default] GET http://[LB_IP_ADDRESS]:8776/v3/volumes/fa23e874-35fc-45c9-8b9f-e9d26daecc4e
2026-04-26 12:18:15.147 76 INFO cinder.volume.api [req-273a4ed2-ea7b-430d-965f-0e353b401d79 req-964bc95b-b25b-4e13-a3e1-54d29b31fdc0 f325a1a7358b43ccaba0f68d54e7afbf 15255bf23b80450eb569913fcd11e495 - - default default] Volume info retrieved successfully.
2026-04-26 12:18:15.153 76 INFO cinder.api.openstack.wsgi [req-273a4ed2-ea7b-430d-965f-0e353b401d79 req-964bc95b-b25b-4e13-a3e1-54d29b31fdc0 f325a1a7358b43ccaba0f68d54e7afbf 15255bf23b80450eb569913fcd11e495 - - default default] http://[LB_IP_ADDRESS]:8776/v3/volumes/5a1d9806-0f3e-4bd6-bb09-0c25328cf55e returned with HTTP 200
2026-04-26 12:18:15.159 74 INFO cinder.volume.api [req-e0a283a4-bf0c-451e-b0d0-f85a6d37f01b req-2d61471b-a0c1-4d67-baf6-a6785ff2fb3f bc37e25309e646b9902421522266ac5b 18146e7faf60486290c5e2133f1c7f4c - - default default] Volume info retrieved successfully.
2026-04-26 12:18:15.167 74 INFO cinder.api.openstack.wsgi [req-e0a283a4-bf0c-451e-b0d0-f85a6d37f01b req-2d61471b-a0c1-4d67-baf6-a6785ff2fb3f bc37e25309e646b9902421522266ac5b 18146e7faf60486290c5e2133f1c7f4c - - default default] http://[LB_IP_ADDRESS]:8776/v3/volumes/fa23e874-35fc-45c9-8b9f-e9d26daecc4e returned with HTTP 200
2026-04-26 12:18:16.195 75 INFO cinder.api.openstack.wsgi [None req-bf6e1ee9-f3b5-4706-a8cf-a8d4e5405347 a73dfd5ca0ee4b008dba4812d514ba4d 5043b4a881724962b02be3743223b33f - - default default] GET http://[LB_IP_ADDRESS]:8776/v3/5043b4a881724962b02be3743223b33f/scheduler-stats/get_pools
2026-04-26 12:18:16.202 73 INFO cinder.api.openstack.wsgi [req-ad8fe5b2-7265-445e-b1f6-0e688ab6a0d4 req-03259a4c-dbcb-4d79-937d-7a8bc6cddf47 bc37e25309e646b9902421522266ac5b 18146e7faf60486290c5e2133f1c7f4c - - default default] GET http://[LB_IP_ADDRESS]:8776/v3/volumes/fa23e874-35fc-45c9-8b9f-e9d26daecc4e
2026-04-26 12:18:16.224 73 INFO cinder.volume.api [req-ad8fe5b2-7265-445e-b1f6-0e688ab6a0d4 req-03259a4c-dbcb-4d79-937d-7a8bc6cddf47 bc37e25309e646b9902421522266ac5b 18146e7faf60486290c5e2133f1c7f4c - - default default] Volume info retrieved successfully.
2026-04-26 12:18:16.234 73 INFO cinder.api.openstack.wsgi [req-ad8fe5b2-7265-445e-b1f6-0e688ab6a0d4 req-03259a4c-dbcb-4d79-937d-7a8bc6cddf47 bc37e25309e646b9902421522266ac5b 18146e7faf60486290c5e2133f1c7f4c - - default default] http://[LB_IP_ADDRESS]:8776/v3/volumes/fa23e874-35fc-45c9-8b9f-e9d26daecc4e returned with HTTP 200
2026-04-26 12:18:16.267 76 INFO cinder.api.openstack.wsgi [req-e997a503-5f93-4d8b-92af-3eafae3f7d8e req-2873626d-1818-4e68-a3f5-db08153b0d7b bc37e25309e646b9902421522266ac5b 18146e7faf60486290c5e2133f1c7f4c - - default default] POST http://[LB_IP_ADDRESS]:8776/v3/snapshots
2026-04-26 12:18:16.287 76 INFO cinder.volume.api [req-e997a503-5f93-4d8b-92af-3eafae3f7d8e req-2873626d-1818-4e68-a3f5-db08153b0d7b bc37e25309e646b9902421522266ac5b 18146e7faf60486290c5e2133f1c7f4c - - default default] Volume info retrieved successfully.
2026-04-26 12:18:16.287 76 INFO cinder.api.v3.snapshots [req-e997a503-5f93-4d8b-92af-3eafae3f7d8e req-2873626d-1818-4e68-a3f5-db08153b0d7b bc37e25309e646b9902421522266ac5b 18146e7faf60486290c5e2133f1c7f4c - - default default] Create snapshot from volume fa23e874-35fc-45c9-8b9f-e9d26daecc4e
2026-04-26 12:18:16.342 72 INFO cinder.api.openstack.wsgi [req-8a6d7bc6-3b9c-4332-b450-4965e6ac81d7 req-11ffc8e0-b5bd-41b2-81bc-0f1c299e4476 f325a1a7358b43ccaba0f68d54e7afbf 15255bf23b80450eb569913fcd11e495 - - default default] GET http://[LB_IP_ADDRESS]:8776/v3/volumes/5a1d9806-0f3e-4bd6-bb09-0c25328cf55e
2026-04-26 12:18:16.358 72 INFO cinder.volume.api [req-8a6d7bc6-3b9c-4332-b450-4965e6ac81d7 req-11ffc8e0-b5bd-41b2-81bc-0f1c299e4476 f325a1a7358b43ccaba0f68d54e7afbf 15255bf23b80450eb569913fcd11e495 - - default default] Volume info retrieved successfully.
2026-04-26 12:18:16.367 72 INFO cinder.api.openstack.wsgi [req-8a6d7bc6-3b9c-4332-b450-4965e6ac81d7 req-11ffc8e0-b5bd-41b2-81bc-0f1c299e4476 f325a1a7358b43ccaba0f68d54e7afbf 15255bf23b80450eb569913fcd11e495 - - default default] http://[LB_IP_ADDRESS]:8776/v3/volumes/5a1d9806-0f3e-4bd6-bb09-0c25328cf55e returned with HTTP 200
2026-04-26 12:18:16.398 74 INFO cinder.api.openstack.wsgi [req-687baa62-e630-463e-8b57-03b10af1a98f req-908ef481-5b7a-48d1-8158-3fe3849ff2a7 f325a1a7358b43ccaba0f68d54e7afbf 15255bf23b80450eb569913fcd11e495 - - default default] GET http://[LB_IP_ADDRESS]:8776/v3/volumes/5a1d9806-0f3e-4bd6-bb09-0c25328cf55e
2026-04-26 12:18:16.423 76 INFO cinder.volume.api [req-e997a503-5f93-4d8b-92af-3eafae3f7d8e req-2873626d-1818-4e68-a3f5-db08153b0d7b bc37e25309e646b9902421522266ac5b 18146e7faf60486290c5e2133f1c7f4c - - default default] Snapshot create request issued successfully.
2026-04-26 12:18:16.424 76 INFO cinder.api.openstack.wsgi [req-e997a503-5f93-4d8b-92af-3eafae3f7d8e req-2873626d-1818-4e68-a3f5-db08153b0d7b bc37e25309e646b9902421522266ac5b 18146e7faf60486290c5e2133f1c7f4c - - default default] http://[LB_IP_ADDRESS]:8776/v3/snapshots returned with HTTP 202
2026-04-26 12:18:16.436 74 INFO cinder.volume.api [req-687baa62-e630-463e-8b57-03b10af1a98f req-908ef481-5b7a-48d1-8158-3fe3849ff2a7 f325a1a7358b43ccaba0f68d54e7afbf 15255bf23b80450eb569913fcd11e495 - - default default] Volume info retrieved successfully.
2026-04-26 12:18:16.447 74 INFO cinder.api.openstack.wsgi [req-687baa62-e630-463e-8b57-03b10af1a98f req-908ef481-5b7a-48d1-8158-3fe3849ff2a7 f325a1a7358b43ccaba0f68d54e7afbf 15255bf23b80450eb569913fcd11e495 - - default default] http://[LB_IP_ADDRESS]:8776/v3/volumes/5a1d9806-0f3e-4bd6-bb09-0c25328cf55e returned with HTTP 200
2026-04-26 12:18:16.460 73 INFO cinder.api.openstack.wsgi [req-3c515dae-6c38-4a79-8255-ce87436bdb87 req-538b38e4-5abd-49ac-b16c-de3c73320f78 bc37e25309e646b9902421522266ac5b 18146e7faf60486290c5e2133f1c7f4c - - default default] GET http://[LB_IP_ADDRESS]:8776/v3/snapshots/6d68194d-20ee-4561-bb39-f22e95eb8859
2026-04-26 12:18:16.471 73 INFO cinder.volume.api [req-3c515dae-6c38-4a79-8255-ce87436bdb87 req-538b38e4-5abd-49ac-b16c-de3c73320f78 bc37e25309e646b9902421522266ac5b 18146e7faf60486290c5e2133f1c7f4c - - default default] Snapshot retrieved successfully.
2026-04-26 12:18:16.473 73 INFO cinder.api.openstack.wsgi [req-3c515dae-6c38-4a79-8255-ce87436bdb87 req-538b38e4-5abd-49ac-b16c-de3c73320f78 bc37e25309e646b9902421522266ac5b 18146e7faf60486290c5e2133f1c7f4c - - default default] http://[LB_IP_ADDRESS]:8776/v3/snapshots/6d68194d-20ee-4561-bb39-f22e95eb8859 returned with HTTP 200
2026-04-26 12:18:16.489 72 INFO cinder.api.openstack.wsgi [req-0acfeee7-549b-47ce-be72-8c52a25cc216 req-4850dde7-aceb-4f5f-bc04-b109740aca10 f325a1a7358b43ccaba0f68d54e7afbf 15255bf23b80450eb569913fcd11e495 - - default default] DELETE http://[LB_IP_ADDRESS]:8776/v3/volumes/5a1d9806-0f3e-4bd6-bb09-0c25328cf55e
2026-04-26 12:18:16.490 72 INFO cinder.api.v3.volumes [req-0acfeee7-549b-47ce-be72-8c52a25cc216 req-4850dde7-aceb-4f5f-bc04-b109740aca10 f325a1a7358b43ccaba0f68d54e7afbf 15255bf23b80450eb569913fcd11e495 - - default default] Delete volume with id: 5a1d9806-0f3e-4bd6-bb09-0c25328cf55e 
2026-04-26 12:18:16.506 72 INFO cinder.volume.api [req-0acfeee7-549b-47ce-be72-8c52a25cc216 req-4850dde7-aceb-4f5f-bc04-b109740aca10 f325a1a7358b43ccaba0f68d54e7afbf 15255bf23b80450eb569913fcd11e495 - - default default] Volume info retrieved successfully.
2026-04-26 12:18:16.507 76 INFO cinder.api.openstack.wsgi [req-113c694b-cf93-4c5a-872f-1d3367221a2d req-b224a711-35d3-4155-ba80-e4788386c083 bc37e25309e646b9902421522266ac5b 18146e7faf60486290c5e2133f1c7f4c - - default default] GET http://[LB_IP_ADDRESS]:8776/v3/snapshots/detail
2026-04-26 12:18:16.516 76 INFO cinder.volume.api [req-113c694b-cf93-4c5a-872f-1d3367221a2d req-b224a711-35d3-4155-ba80-e4788386c083 bc37e25309e646b9902421522266ac5b 18146e7faf60486290c5e2133f1c7f4c - - default default] Get all snapshots completed successfully.
2026-04-26 12:18:16.518 76 INFO cinder.api.openstack.wsgi [req-113c694b-cf93-4c5a-872f-1d3367221a2d req-b224a711-35d3-4155-ba80-e4788386c083 bc37e25309e646b9902421522266ac5b 18146e7faf60486290c5e2133f1c7f4c - - default default] http://[LB_IP_ADDRESS]:8776/v3/snapshots/detail returned with HTTP 200
2026-04-26 12:18:16.538 72 INFO cinder.volume.api [req-0acfeee7-549b-47ce-be72-8c52a25cc216 req-4850dde7-aceb-4f5f-bc04-b109740aca10 f325a1a7358b43ccaba0f68d54e7afbf 15255bf23b80450eb569913fcd11e495 - - default default] Delete volume request issued successfully.
2026-04-26 12:18:16.538 72 INFO cinder.api.openstack.wsgi [req-0acfeee7-549b-47ce-be72-8c52a25cc216 req-4850dde7-aceb-4f5f-bc04-b109740aca10 f325a1a7358b43ccaba0f68d54e7afbf 15255bf23b80450eb569913fcd11e495 - - default default] http://[LB_IP_ADDRESS]:8776/v3/volumes/5a1d9806-0f3e-4bd6-bb09-0c25328cf55e returned with HTTP 202
2026-04-26 12:18:16.554 74 INFO cinder.api.openstack.wsgi [req-7d819619-ff36-46e6-b107-bc2c18f83668 req-54441f18-4003-4868-ae41-63f144e79580 bc37e25309e646b9902421522266ac5b 18146e7faf60486290c5e2133f1c7f4c - - default default] GET http://[LB_IP_ADDRESS]:8776/v3/snapshots/6d68194d-20ee-4561-bb39-f22e95eb8859
2026-04-26 12:18:16.567 74 INFO cinder.volume.api [req-7d819619-ff36-46e6-b107-bc2c18f83668 req-54441f18-4003-4868-ae41-63f144e79580 bc37e25309e646b9902421522266ac5b 18146e7faf60486290c5e2133f1c7f4c - - default default] Snapshot retrieved successfully.
2026-04-26 12:18:16.567 73 INFO cinder.api.openstack.wsgi [req-755c883f-190e-46f3-a1c5-c69021cd5146 req-e529aa73-1326-44c8-abc7-70ecaf690a3f f325a1a7358b43ccaba0f68d54e7afbf 15255bf23b80450eb569913fcd11e495 - - default default] GET http://[LB_IP_ADDRESS]:8776/v3/volumes/5a1d9806-0f3e-4bd6-bb09-0c25328cf55e
2026-04-26 12:18:16.569 74 INFO cinder.api.openstack.wsgi [req-7d819619-ff36-46e6-b107-bc2c18f83668 req-54441f18-4003-4868-ae41-63f144e79580 bc37e25309e646b9902421522266ac5b 18146e7faf60486290c5e2133f1c7f4c - - default default] http://[LB_IP_ADDRESS]:8776/v3/snapshots/6d68194d-20ee-4561-bb39-f22e95eb8859 returned with HTTP 200
2026-04-26 12:18:16.589 73 INFO cinder.volume.api [req-755c883f-190e-46f3-a1c5-c69021cd5146 req-e529aa73-1326-44c8-abc7-70ecaf690a3f f325a1a7358b43ccaba0f68d54e7afbf 15255bf23b80450eb569913fcd11e495 - - default default] Volume info retrieved successfully.
2026-04-26 12:18:16.599 73 INFO cinder.api.openstack.wsgi [req-755c883f-190e-46f3-a1c5-c69021cd5146 req-e529aa73-1326-44c8-abc7-70ecaf690a3f f325a1a7358b43ccaba0f68d54e7afbf 15255bf23b80450eb569913fcd11e495 - - default default] http://[LB_IP_ADDRESS]:8776/v3/volumes/5a1d9806-0f3e-4bd6-bb09-0c25328cf55e returned with HTTP 200
2026-04-26 12:18:16.706 75 INFO cinder.api.openstack.wsgi [None req-bf6e1ee9-f3b5-4706-a8cf-a8d4e5405347 a73dfd5ca0ee4b008dba4812d514ba4d 5043b4a881724962b02be3743223b33f - - default default] http://[LB_IP_ADDRESS]:8776/v3/5043b4a881724962b02be3743223b33f/scheduler-stats/get_pools returned with HTTP 200
2026-04-26 12:18:16.725 76 INFO cinder.api.openstack.wsgi [None req-219bf4ec-e417-4d60-ad83-366ae5a3910e a73dfd5ca0ee4b008dba4812d514ba4d 5043b4a881724962b02be3743223b33f - - default default] GET http://[LB_IP_ADDRESS]:8776/v3/5043b4a881724962b02be3743223b33f/scheduler-stats/get_pools?detail=True
2026-04-26 12:18:17.234 76 INFO cinder.api.openstack.wsgi [None req-219bf4ec-e417-4d60-ad83-366ae5a3910e a73dfd5ca0ee4b008dba4812d514ba4d 5043b4a881724962b02be3743223b33f - - default default] http://[LB_IP_ADDRESS]:8776/v3/5043b4a881724962b02be3743223b33f/scheduler-stats/get_pools?detail=True returned with HTTP 200
2026-04-26 12:18:17.257 72 INFO cinder.api.openstack.wsgi [None req-27aacf45-38cb-4a8f-b407-354dddd64770 a73dfd5ca0ee4b008dba4812d514ba4d 5043b4a881724962b02be3743223b33f - - default default] GET http://[LB_IP_ADDRESS]:8776/v3/5043b4a881724962b02be3743223b33f/capabilities/rack11-server76@LIGHTOSefxxli
2026-04-26 12:18:17.605 74 INFO cinder.api.openstack.wsgi [req-66b25dfc-c3a6-4d6d-9f53-db21edc96407 req-c1a19059-5987-4fbf-8504-0f37f45866ef bc37e25309e646b9902421522266ac5b 18146e7faf60486290c5e2133f1c7f4c - - default default] GET http://[LB_IP_ADDRESS]:8776/v3/snapshots/6d68194d-20ee-4561-bb39-f22e95eb8859
2026-04-26 12:18:17.616 74 INFO cinder.volume.api [req-66b25dfc-c3a6-4d6d-9f53-db21edc96407 req-c1a19059-5987-4fbf-8504-0f37f45866ef bc37e25309e646b9902421522266ac5b 18146e7faf60486290c5e2133f1c7f4c - - default default] Snapshot retrieved successfully.
2026-04-26 12:18:17.619 74 INFO cinder.api.openstack.wsgi [req-66b25dfc-c3a6-4d6d-9f53-db21edc96407 req-c1a19059-5987-4fbf-8504-0f37f45866ef bc37e25309e646b9902421522266ac5b 18146e7faf60486290c5e2133f1c7f4c - - default default] http://[LB_IP_ADDRESS]:8776/v3/snapshots/6d68194d-20ee-4561-bb39-f22e95eb8859 returned with HTTP 200
2026-04-26 12:18:17.636 73 INFO cinder.api.openstack.wsgi [req-4ee746c2-7441-40b6-890f-d6fa59e45739 req-a125359d-8363-439e-987d-63ad2e412748 f325a1a7358b43ccaba0f68d54e7afbf 15255bf23b80450eb569913fcd11e495 - - default default] GET http://[LB_IP_ADDRESS]:8776/v3/volumes/5a1d9806-0f3e-4bd6-bb09-0c25328cf55e
2026-04-26 12:18:17.648 73 INFO cinder.api.openstack.wsgi [req-4ee746c2-7441-40b6-890f-d6fa59e45739 req-a125359d-8363-439e-987d-63ad2e412748 f325a1a7358b43ccaba0f68d54e7afbf 15255bf23b80450eb569913fcd11e495 - - default default] http://[LB_IP_ADDRESS]:8776/v3/volumes/5a1d9806-0f3e-4bd6-bb09-0c25328cf55e returned with HTTP 404
2026-04-26 12:18:17.772 72 INFO cinder.api.openstack.wsgi [None req-27aacf45-38cb-4a8f-b407-354dddd64770 a73dfd5ca0ee4b008dba4812d514ba4d 5043b4a881724962b02be3743223b33f - - default default] http://[LB_IP_ADDRESS]:8776/v3/5043b4a881724962b02be3743223b33f/capabilities/rack11-server76@LIGHTOSefxxli returned with HTTP 200
2026-04-26 12:18:17.800 75 INFO cinder.api.openstack.wsgi [None req-596246fd-031e-4d8c-8d49-407385323a98 a73dfd5ca0ee4b008dba4812d514ba4d 5043b4a881724962b02be3743223b33f - - default default] GET http://[LB_IP_ADDRESS]:8776/v3/5043b4a881724962b02be3743223b33f/capabilities/rack11-server76@LIGHTOSefxxli
2026-04-26 12:18:18.316 75 INFO cinder.api.openstack.wsgi [None req-596246fd-031e-4d8c-8d49-407385323a98 a73dfd5ca0ee4b008dba4812d514ba4d 5043b4a881724962b02be3743223b33f - - default default] http://[LB_IP_ADDRESS]:8776/v3/5043b4a881724962b02be3743223b33f/capabilities/rack11-server76@LIGHTOSefxxli returned with HTTP 200
2026-04-26 12:18:18.657 76 INFO cinder.api.openstack.wsgi [req-490760a4-614e-4dad-b584-683ce5ea69ee req-6b72eec5-1147-48a3-9c82-c414084473d4 bc37e25309e646b9902421522266ac5b 18146e7faf60486290c5e2133f1c7f4c - - default default] GET http://[LB_IP_ADDRESS]:8776/v3/snapshots/6d68194d-20ee-4561-bb39-f22e95eb8859
2026-04-26 12:18:18.673 76 INFO cinder.volume.api [req-490760a4-614e-4dad-b584-683ce5ea69ee req-6b72eec5-1147-48a3-9c82-c414084473d4 bc37e25309e646b9902421522266ac5b 18146e7faf60486290c5e2133f1c7f4c - - default default] Snapshot retrieved successfully.
2026-04-26 12:18:18.676 76 INFO cinder.api.openstack.wsgi [req-490760a4-614e-4dad-b584-683ce5ea69ee req-6b72eec5-1147-48a3-9c82-c414084473d4 bc37e25309e646b9902421522266ac5b 18146e7faf60486290c5e2133f1c7f4c - - default default] http://[LB_IP_ADDRESS]:8776/v3/snapshots/6d68194d-20ee-4561-bb39-f22e95eb8859 returned with HTTP 200
2026-04-26 12:18:18.707 74 INFO cinder.api.openstack.wsgi [req-0e993a9a-ca52-4fb7-aa23-b36c9f9a3376 req-109aa5ae-cd3a-4167-8aad-feb965a1a0ff bc37e25309e646b9902421522266ac5b 18146e7faf60486290c5e2133f1c7f4c - - default default] DELETE http://[LB_IP_ADDRESS]:8776/v3/snapshots/6d68194d-20ee-4561-bb39-f22e95eb8859
2026-04-26 12:18:18.708 74 INFO cinder.api.v2.snapshots [req-0e993a9a-ca52-4fb7-aa23-b36c9f9a3376 req-109aa5ae-cd3a-4167-8aad-feb965a1a0ff bc37e25309e646b9902421522266ac5b 18146e7faf60486290c5e2133f1c7f4c - - default default] Delete snapshot with id: 6d68194d-20ee-4561-bb39-f22e95eb8859
2026-04-26 12:18:18.719 74 INFO cinder.volume.api [req-0e993a9a-ca52-4fb7-aa23-b36c9f9a3376 req-109aa5ae-cd3a-4167-8aad-feb965a1a0ff bc37e25309e646b9902421522266ac5b 18146e7faf60486290c5e2133f1c7f4c - - default default] Snapshot retrieved successfully.
2026-04-26 12:18:18.752 74 INFO cinder.volume.api [req-0e993a9a-ca52-4fb7-aa23-b36c9f9a3376 req-109aa5ae-cd3a-4167-8aad-feb965a1a0ff bc37e25309e646b9902421522266ac5b 18146e7faf60486290c5e2133f1c7f4c - - default default] Snapshot delete request issued successfully.
2026-04-26 12:18:18.753 74 INFO cinder.api.openstack.wsgi [req-0e993a9a-ca52-4fb7-aa23-b36c9f9a3376 req-109aa5ae-cd3a-4167-8aad-feb965a1a0ff bc37e25309e646b9902421522266ac5b 18146e7faf60486290c5e2133f1c7f4c - - default default] http://[LB_IP_ADDRESS]:8776/v3/snapshots/6d68194d-20ee-4561-bb39-f22e95eb8859 returned with HTTP 202
2026-04-26 12:18:18.777 73 INFO cinder.api.openstack.wsgi [req-a18e9d51-f749-4adb-9e57-d1c5c7843443 req-9eb9e30f-cdf1-440c-8d99-1cd09a22b06d bc37e25309e646b9902421522266ac5b 18146e7faf60486290c5e2133f1c7f4c - - default default] GET http://[LB_IP_ADDRESS]:8776/v3/snapshots/6d68194d-20ee-4561-bb39-f22e95eb8859
2026-04-26 12:18:18.787 73 INFO cinder.volume.api [req-a18e9d51-f749-4adb-9e57-d1c5c7843443 req-9eb9e30f-cdf1-440c-8d99-1cd09a22b06d bc37e25309e646b9902421522266ac5b 18146e7faf60486290c5e2133f1c7f4c - - default default] Snapshot retrieved successfully.
2026-04-26 12:18:18.789 73 INFO cinder.api.openstack.wsgi [req-a18e9d51-f749-4adb-9e57-d1c5c7843443 req-9eb9e30f-cdf1-440c-8d99-1cd09a22b06d bc37e25309e646b9902421522266ac5b 18146e7faf60486290c5e2133f1c7f4c - - default default] http://[LB_IP_ADDRESS]:8776/v3/snapshots/6d68194d-20ee-4561-bb39-f22e95eb8859 returned with HTTP 200
2026-04-26 12:18:19.698 72 INFO cinder.api.openstack.wsgi [None req-91f84857-1d0b-4a40-8153-326d8974edda - - - - - -] GET http://[LB_IP_ADDRESS]:8776/
2026-04-26 12:18:19.699 72 INFO cinder.api.openstack.wsgi [None req-91f84857-1d0b-4a40-8153-326d8974edda - - - - - -] http://[LB_IP_ADDRESS]:8776/ returned with HTTP 300
2026-04-26 12:18:19.821 75 INFO cinder.api.openstack.wsgi [req-3f1b4093-d6ee-47c5-9559-5a561c05a019 req-987f6cfa-23d0-494a-94f4-24bc915450b9 bc37e25309e646b9902421522266ac5b 18146e7faf60486290c5e2133f1c7f4c - - default default] GET http://[LB_IP_ADDRESS]:8776/v3/snapshots/6d68194d-20ee-4561-bb39-f22e95eb8859
2026-04-26 12:18:19.829 75 INFO cinder.api.openstack.wsgi [req-3f1b4093-d6ee-47c5-9559-5a561c05a019 req-987f6cfa-23d0-494a-94f4-24bc915450b9 bc37e25309e646b9902421522266ac5b 18146e7faf60486290c5e2133f1c7f4c - - default default] http://[LB_IP_ADDRESS]:8776/v3/snapshots/6d68194d-20ee-4561-bb39-f22e95eb8859 returned with HTTP 404
2026-04-26 12:18:19.854 76 INFO cinder.api.openstack.wsgi [req-e3659f4c-2b4a-4944-9d6c-3ce5345be7d0 req-faafa585-c5bf-43d6-b080-43c6bed0e082 bc37e25309e646b9902421522266ac5b 18146e7faf60486290c5e2133f1c7f4c - - default default] DELETE http://[LB_IP_ADDRESS]:8776/v3/volumes/fa23e874-35fc-45c9-8b9f-e9d26daecc4e
2026-04-26 12:18:19.855 76 INFO cinder.api.v3.volumes [req-e3659f4c-2b4a-4944-9d6c-3ce5345be7d0 req-faafa585-c5bf-43d6-b080-43c6bed0e082 bc37e25309e646b9902421522266ac5b 18146e7faf60486290c5e2133f1c7f4c - - default default] Delete volume with id: fa23e874-35fc-45c9-8b9f-e9d26daecc4e 
2026-04-26 12:18:19.870 76 INFO cinder.volume.api [req-e3659f4c-2b4a-4944-9d6c-3ce5345be7d0 req-faafa585-c5bf-43d6-b080-43c6bed0e082 bc37e25309e646b9902421522266ac5b 18146e7faf60486290c5e2133f1c7f4c - - default default] Volume info retrieved successfully.
2026-04-26 12:18:19.899 76 INFO cinder.volume.api [req-e3659f4c-2b4a-4944-9d6c-3ce5345be7d0 req-faafa585-c5bf-43d6-b080-43c6bed0e082 bc37e25309e646b9902421522266ac5b 18146e7faf60486290c5e2133f1c7f4c - - default default] Delete volume request issued successfully.
2026-04-26 12:18:19.900 76 INFO cinder.api.openstack.wsgi [req-e3659f4c-2b4a-4944-9d6c-3ce5345be7d0 req-faafa585-c5bf-43d6-b080-43c6bed0e082 bc37e25309e646b9902421522266ac5b 18146e7faf60486290c5e2133f1c7f4c - - default default] http://[LB_IP_ADDRESS]:8776/v3/volumes/fa23e874-35fc-45c9-8b9f-e9d26daecc4e returned with HTTP 202
2026-04-26 12:18:19.931 74 INFO cinder.api.openstack.wsgi [req-1c68fadc-3696-45a0-9344-94860181ea28 req-40c141e5-b31c-41af-b74d-a688d06f5983 bc37e25309e646b9902421522266ac5b 18146e7faf60486290c5e2133f1c7f4c - - default default] GET http://[LB_IP_ADDRESS]:8776/v3/volumes/fa23e874-35fc-45c9-8b9f-e9d26daecc4e
2026-04-26 12:18:19.952 74 INFO cinder.volume.api [req-1c68fadc-3696-45a0-9344-94860181ea28 req-40c141e5-b31c-41af-b74d-a688d06f5983 bc37e25309e646b9902421522266ac5b 18146e7faf60486290c5e2133f1c7f4c - - default default] Volume info retrieved successfully.
2026-04-26 12:18:19.961 74 INFO cinder.api.openstack.wsgi [req-1c68fadc-3696-45a0-9344-94860181ea28 req-40c141e5-b31c-41af-b74d-a688d06f5983 bc37e25309e646b9902421522266ac5b 18146e7faf60486290c5e2133f1c7f4c - - default default] http://[LB_IP_ADDRESS]:8776/v3/volumes/fa23e874-35fc-45c9-8b9f-e9d26daecc4e returned with HTTP 200
2026-04-26 12:18:20.405 73 INFO cinder.api.openstack.wsgi [None req-91c97418-2283-4e5b-9863-c26e76a939f0 540047a3bc2c4953824e42a4ab45950a 9eb0bc2c861f43748905b669b260dcd0 - - default default] POST http://[LB_IP_ADDRESS]:8776/v3/9eb0bc2c861f43748905b669b260dcd0/volumes
2026-04-26 12:18:20.409 73 INFO cinder.api.v3.volumes [None req-91c97418-2283-4e5b-9863-c26e76a939f0 540047a3bc2c4953824e42a4ab45950a 9eb0bc2c861f43748905b669b260dcd0 - - default default] Create volume of 1 GB
2026-04-26 12:18:20.426 73 INFO cinder.volume.api [None req-91c97418-2283-4e5b-9863-c26e76a939f0 540047a3bc2c4953824e42a4ab45950a 9eb0bc2c861f43748905b669b260dcd0 - - default default] Availability Zones retrieved successfully.
2026-04-26 12:18:20.762 73 INFO cinder.volume.api [None req-91c97418-2283-4e5b-9863-c26e76a939f0 540047a3bc2c4953824e42a4ab45950a 9eb0bc2c861f43748905b669b260dcd0 - - default default] Create volume request issued successfully.
2026-04-26 12:18:20.764 73 INFO cinder.api.openstack.wsgi [None req-91c97418-2283-4e5b-9863-c26e76a939f0 540047a3bc2c4953824e42a4ab45950a 9eb0bc2c861f43748905b669b260dcd0 - - default default] http://[LB_IP_ADDRESS]:8776/v3/9eb0bc2c861f43748905b669b260dcd0/volumes returned with HTTP 202
2026-04-26 12:18:20.786 72 INFO cinder.api.openstack.wsgi [None req-516ab770-cdba-4a59-ac22-bfa6df8dc661 540047a3bc2c4953824e42a4ab45950a 9eb0bc2c861f43748905b669b260dcd0 - - default default] GET http://[LB_IP_ADDRESS]:8776/v3/9eb0bc2c861f43748905b669b260dcd0/volumes/bec11c51-c817-4290-8eb3-2496ef61f32a
2026-04-26 12:18:20.806 72 INFO cinder.volume.api [None req-516ab770-cdba-4a59-ac22-bfa6df8dc661 540047a3bc2c4953824e42a4ab45950a 9eb0bc2c861f43748905b669b260dcd0 - - default default] Volume info retrieved successfully.
2026-04-26 12:18:20.815 72 INFO cinder.api.openstack.wsgi [None req-516ab770-cdba-4a59-ac22-bfa6df8dc661 540047a3bc2c4953824e42a4ab45950a 9eb0bc2c861f43748905b669b260dcd0 - - default default] http://[LB_IP_ADDRESS]:8776/v3/9eb0bc2c861f43748905b669b260dcd0/volumes/bec11c51-c817-4290-8eb3-2496ef61f32a returned with HTTP 200
2026-04-26 12:18:20.996 75 INFO cinder.api.openstack.wsgi [req-ea7c6bd9-c58a-4d4c-84dd-6c713f40d30d req-e67c984d-4964-4c68-8749-bd9b9d3f1d3f bc37e25309e646b9902421522266ac5b 18146e7faf60486290c5e2133f1c7f4c - - default default] GET http://[LB_IP_ADDRESS]:8776/v3/volumes/fa23e874-35fc-45c9-8b9f-e9d26daecc4e
2026-04-26 12:18:21.008 75 INFO cinder.api.openstack.wsgi [req-ea7c6bd9-c58a-4d4c-84dd-6c713f40d30d req-e67c984d-4964-4c68-8749-bd9b9d3f1d3f bc37e25309e646b9902421522266ac5b 18146e7faf60486290c5e2133f1c7f4c - - default default] http://[LB_IP_ADDRESS]:8776/v3/volumes/fa23e874-35fc-45c9-8b9f-e9d26daecc4e returned with HTTP 404
2026-04-26 12:18:21.038 76 INFO cinder.api.openstack.wsgi [req-4b675dc3-22d9-496e-a16e-c24570479c94 req-c93dd6e2-9713-4aeb-b13e-63215d480ac6 bc37e25309e646b9902421522266ac5b 18146e7faf60486290c5e2133f1c7f4c - - default default] DELETE http://[LB_IP_ADDRESS]:8776/v3/volumes/fa23e874-35fc-45c9-8b9f-e9d26daecc4e
2026-04-26 12:18:21.039 76 INFO cinder.api.v3.volumes [req-4b675dc3-22d9-496e-a16e-c24570479c94 req-c93dd6e2-9713-4aeb-b13e-63215d480ac6 bc37e25309e646b9902421522266ac5b 18146e7faf60486290c5e2133f1c7f4c - - default default] Delete volume with id: fa23e874-35fc-45c9-8b9f-e9d26daecc4e 
2026-04-26 12:18:21.051 76 INFO cinder.api.openstack.wsgi [req-4b675dc3-22d9-496e-a16e-c24570479c94 req-c93dd6e2-9713-4aeb-b13e-63215d480ac6 bc37e25309e646b9902421522266ac5b 18146e7faf60486290c5e2133f1c7f4c - - default default] http://[LB_IP_ADDRESS]:8776/v3/volumes/fa23e874-35fc-45c9-8b9f-e9d26daecc4e returned with HTTP 404
2026-04-26 12:18:21.083 74 INFO cinder.api.openstack.wsgi [req-79f3d2c0-4880-4d8d-81b1-2a1959f7751e req-9db89de5-da73-4e34-978c-50cb210f7183 bc37e25309e646b9902421522266ac5b 18146e7faf60486290c5e2133f1c7f4c - - default default] GET http://[LB_IP_ADDRESS]:8776/v3/volumes/fa23e874-35fc-45c9-8b9f-e9d26daecc4e
2026-04-26 12:18:21.096 74 INFO cinder.api.openstack.wsgi [req-79f3d2c0-4880-4d8d-81b1-2a1959f7751e req-9db89de5-da73-4e34-978c-50cb210f7183 bc37e25309e646b9902421522266ac5b 18146e7faf60486290c5e2133f1c7f4c - - default default] http://[LB_IP_ADDRESS]:8776/v3/volumes/fa23e874-35fc-45c9-8b9f-e9d26daecc4e returned with HTTP 404
2026-04-26 12:18:21.837 73 INFO cinder.api.openstack.wsgi [None req-bb8f8218-0070-4025-a4aa-5c6275cb1095 540047a3bc2c4953824e42a4ab45950a 9eb0bc2c861f43748905b669b260dcd0 - - default default] GET http://[LB_IP_ADDRESS]:8776/v3/9eb0bc2c861f43748905b669b260dcd0/volumes/bec11c51-c817-4290-8eb3-2496ef61f32a
2026-04-26 12:18:21.859 73 INFO cinder.volume.api [None req-bb8f8218-0070-4025-a4aa-5c6275cb1095 540047a3bc2c4953824e42a4ab45950a 9eb0bc2c861f43748905b669b260dcd0 - - default default] Volume info retrieved successfully.
2026-04-26 12:18:21.869 73 INFO cinder.api.openstack.wsgi [None req-bb8f8218-0070-4025-a4aa-5c6275cb1095 540047a3bc2c4953824e42a4ab45950a 9eb0bc2c861f43748905b669b260dcd0 - - default default] http://[LB_IP_ADDRESS]:8776/v3/9eb0bc2c861f43748905b669b260dcd0/volumes/bec11c51-c817-4290-8eb3-2496ef61f32a returned with HTTP 200
2026-04-26 12:18:21.905 72 INFO cinder.api.openstack.wsgi [req-80e0a704-dda9-4ae0-8e4b-0790be46ea09 req-1bfde7cd-d7c6-47d0-bdce-0f31e5692e95 540047a3bc2c4953824e42a4ab45950a 9eb0bc2c861f43748905b669b260dcd0 - - default default] GET http://[LB_IP_ADDRESS]:8776/v3/volumes/bec11c51-c817-4290-8eb3-2496ef61f32a
2026-04-26 12:18:21.928 72 INFO cinder.volume.api [req-80e0a704-dda9-4ae0-8e4b-0790be46ea09 req-1bfde7cd-d7c6-47d0-bdce-0f31e5692e95 540047a3bc2c4953824e42a4ab45950a 9eb0bc2c861f43748905b669b260dcd0 - - default default] Volume info retrieved successfully.
2026-04-26 12:18:21.938 72 INFO cinder.api.openstack.wsgi [req-80e0a704-dda9-4ae0-8e4b-0790be46ea09 req-1bfde7cd-d7c6-47d0-bdce-0f31e5692e95 540047a3bc2c4953824e42a4ab45950a 9eb0bc2c861f43748905b669b260dcd0 - - default default] http://[LB_IP_ADDRESS]:8776/v3/volumes/bec11c51-c817-4290-8eb3-2496ef61f32a returned with HTTP 200
2026-04-26 12:18:21.956 75 INFO cinder.api.openstack.wsgi [None req-7556a30d-0dec-4b6b-8f72-839ef772fe55 540047a3bc2c4953824e42a4ab45950a 9eb0bc2c861f43748905b669b260dcd0 - - default default] POST http://[LB_IP_ADDRESS]:8776/v3/9eb0bc2c861f43748905b669b260dcd0/volumes
2026-04-26 12:18:21.960 75 INFO cinder.api.v3.volumes [None req-7556a30d-0dec-4b6b-8f72-839ef772fe55 540047a3bc2c4953824e42a4ab45950a 9eb0bc2c861f43748905b669b260dcd0 - - default default] Create volume of 1 GB
2026-04-26 12:18:21.971 75 INFO cinder.volume.api [None req-7556a30d-0dec-4b6b-8f72-839ef772fe55 540047a3bc2c4953824e42a4ab45950a 9eb0bc2c861f43748905b669b260dcd0 - - default default] Availability Zones retrieved successfully.
2026-04-26 12:18:22.279 75 INFO cinder.volume.api [None req-7556a30d-0dec-4b6b-8f72-839ef772fe55 540047a3bc2c4953824e42a4ab45950a 9eb0bc2c861f43748905b669b260dcd0 - - default default] Create volume request issued successfully.
2026-04-26 12:18:22.280 75 INFO cinder.api.openstack.wsgi [None req-7556a30d-0dec-4b6b-8f72-839ef772fe55 540047a3bc2c4953824e42a4ab45950a 9eb0bc2c861f43748905b669b260dcd0 - - default default] http://[LB_IP_ADDRESS]:8776/v3/9eb0bc2c861f43748905b669b260dcd0/volumes returned with HTTP 202
2026-04-26 12:18:22.297 76 INFO cinder.api.openstack.wsgi [None req-2c97b44d-8f4b-485a-b761-bf7dad58532d 540047a3bc2c4953824e42a4ab45950a 9eb0bc2c861f43748905b669b260dcd0 - - default default] GET http://[LB_IP_ADDRESS]:8776/v3/9eb0bc2c861f43748905b669b260dcd0/volumes/0173fee4-e31e-46e7-ab74-e099f50420a5
2026-04-26 12:18:22.311 76 INFO cinder.volume.api [None req-2c97b44d-8f4b-485a-b761-bf7dad58532d 540047a3bc2c4953824e42a4ab45950a 9eb0bc2c861f43748905b669b260dcd0 - - default default] Volume info retrieved successfully.
2026-04-26 12:18:22.317 76 INFO cinder.api.openstack.wsgi [None req-2c97b44d-8f4b-485a-b761-bf7dad58532d 540047a3bc2c4953824e42a4ab45950a 9eb0bc2c861f43748905b669b260dcd0 - - default default] http://[LB_IP_ADDRESS]:8776/v3/9eb0bc2c861f43748905b669b260dcd0/volumes/0173fee4-e31e-46e7-ab74-e099f50420a5 returned with HTTP 200
2026-04-26 12:18:22.865 74 INFO cinder.api.openstack.wsgi [None req-af28e3cf-fadb-4ee5-8e91-6872796c0b5d c854f7d2c23348c8b67098425eebecbf 261a7620d9644100aa18ab87e1c3d4a3 - - default default] POST http://[LB_IP_ADDRESS]:8776/v3/261a7620d9644100aa18ab87e1c3d4a3/types
2026-04-26 12:18:22.900 74 INFO cinder.api.openstack.wsgi [None req-af28e3cf-fadb-4ee5-8e91-6872796c0b5d c854f7d2c23348c8b67098425eebecbf 261a7620d9644100aa18ab87e1c3d4a3 - - default default] http://[LB_IP_ADDRESS]:8776/v3/261a7620d9644100aa18ab87e1c3d4a3/types returned with HTTP 200
2026-04-26 12:18:22.915 73 INFO cinder.api.openstack.wsgi [None req-aab50a92-8348-40c4-aa49-4ef7a4df8759 c854f7d2c23348c8b67098425eebecbf 261a7620d9644100aa18ab87e1c3d4a3 - - default default] POST http://[LB_IP_ADDRESS]:8776/v3/261a7620d9644100aa18ab87e1c3d4a3/group_types
2026-04-26 12:18:22.940 73 INFO cinder.api.openstack.wsgi [None req-aab50a92-8348-40c4-aa49-4ef7a4df8759 c854f7d2c23348c8b67098425eebecbf 261a7620d9644100aa18ab87e1c3d4a3 - - default default] http://[LB_IP_ADDRESS]:8776/v3/261a7620d9644100aa18ab87e1c3d4a3/group_types returned with HTTP 202
2026-04-26 12:18:23.095 72 INFO cinder.api.openstack.wsgi [None req-8f63b7f0-85df-4012-bcbe-6a13852ce547 4ca9c6cde8ca41ed863aeb448da0be58 3a7d9c780a504257a82289a31a023892 - - default default] POST http://[LB_IP_ADDRESS]:8776/v3/3a7d9c780a504257a82289a31a023892/groups
2026-04-26 12:18:23.104 72 INFO cinder.api.v3.groups [None req-8f63b7f0-85df-4012-bcbe-6a13852ce547 4ca9c6cde8ca41ed863aeb448da0be58 3a7d9c780a504257a82289a31a023892 - - default default] Creating group tempest-GroupsV314Test-Group-776848956.
2026-04-26 12:18:23.116 72 INFO cinder.volume.api [None req-8f63b7f0-85df-4012-bcbe-6a13852ce547 4ca9c6cde8ca41ed863aeb448da0be58 3a7d9c780a504257a82289a31a023892 - - default default] Availability Zones retrieved successfully.
2026-04-26 12:18:23.200 72 INFO cinder.api.openstack.wsgi [None req-8f63b7f0-85df-4012-bcbe-6a13852ce547 4ca9c6cde8ca41ed863aeb448da0be58 3a7d9c780a504257a82289a31a023892 - - default default] http://[LB_IP_ADDRESS]:8776/v3/3a7d9c780a504257a82289a31a023892/groups returned with HTTP 202
2026-04-26 12:18:23.213 75 INFO cinder.api.openstack.wsgi [None req-5e5bdfa6-68fb-44b1-9839-071c90f32f77 4ca9c6cde8ca41ed863aeb448da0be58 3a7d9c780a504257a82289a31a023892 - - default default] GET http://[LB_IP_ADDRESS]:8776/v3/3a7d9c780a504257a82289a31a023892/groups/7f9f75d4-1023-4fff-a6f7-f6c16a3a1717
2026-04-26 12:18:23.231 75 INFO cinder.api.openstack.wsgi [None req-5e5bdfa6-68fb-44b1-9839-071c90f32f77 4ca9c6cde8ca41ed863aeb448da0be58 3a7d9c780a504257a82289a31a023892 - - default default] http://[LB_IP_ADDRESS]:8776/v3/3a7d9c780a504257a82289a31a023892/groups/7f9f75d4-1023-4fff-a6f7-f6c16a3a1717 returned with HTTP 200
2026-04-26 12:18:23.339 76 INFO cinder.api.openstack.wsgi [None req-67a72377-34d5-4756-a66f-a3e140f6533a 540047a3bc2c4953824e42a4ab45950a 9eb0bc2c861f43748905b669b260dcd0 - - default default] GET http://[LB_IP_ADDRESS]:8776/v3/9eb0bc2c861f43748905b669b260dcd0/volumes/0173fee4-e31e-46e7-ab74-e099f50420a5
2026-04-26 12:18:23.359 76 INFO cinder.volume.api [None req-67a72377-34d5-4756-a66f-a3e140f6533a 540047a3bc2c4953824e42a4ab45950a 9eb0bc2c861f43748905b669b260dcd0 - - default default] Volume info retrieved successfully.
2026-04-26 12:18:23.368 76 INFO cinder.api.openstack.wsgi [None req-67a72377-34d5-4756-a66f-a3e140f6533a 540047a3bc2c4953824e42a4ab45950a 9eb0bc2c861f43748905b669b260dcd0 - - default default] http://[LB_IP_ADDRESS]:8776/v3/9eb0bc2c861f43748905b669b260dcd0/volumes/0173fee4-e31e-46e7-ab74-e099f50420a5 returned with HTTP 200
2026-04-26 12:18:23.404 74 INFO cinder.api.openstack.wsgi [req-be92f329-fbfb-4c9d-b9eb-f38fca854186 req-4e250e0f-dfe8-4567-afe6-4db1b11254bd 540047a3bc2c4953824e42a4ab45950a 9eb0bc2c861f43748905b669b260dcd0 - - default default] GET http://[LB_IP_ADDRESS]:8776/v3/volumes/0173fee4-e31e-46e7-ab74-e099f50420a5
2026-04-26 12:18:23.424 74 INFO cinder.volume.api [req-be92f329-fbfb-4c9d-b9eb-f38fca854186 req-4e250e0f-dfe8-4567-afe6-4db1b11254bd 540047a3bc2c4953824e42a4ab45950a 9eb0bc2c861f43748905b669b260dcd0 - - default default] Volume info retrieved successfully.
2026-04-26 12:18:23.432 74 INFO cinder.api.openstack.wsgi [req-be92f329-fbfb-4c9d-b9eb-f38fca854186 req-4e250e0f-dfe8-4567-afe6-4db1b11254bd 540047a3bc2c4953824e42a4ab45950a 9eb0bc2c861f43748905b669b260dcd0 - - default default] http://[LB_IP_ADDRESS]:8776/v3/volumes/0173fee4-e31e-46e7-ab74-e099f50420a5 returned with HTTP 200
2026-04-26 12:18:23.451 73 INFO cinder.api.openstack.wsgi [None req-1d407160-30a9-4154-b910-d0b0aa07b65d 540047a3bc2c4953824e42a4ab45950a 9eb0bc2c861f43748905b669b260dcd0 - - default default] POST http://[LB_IP_ADDRESS]:8776/v3/9eb0bc2c861f43748905b669b260dcd0/volumes
2026-04-26 12:18:23.455 73 INFO cinder.api.v3.volumes [None req-1d407160-30a9-4154-b910-d0b0aa07b65d 540047a3bc2c4953824e42a4ab45950a 9eb0bc2c861f43748905b669b260dcd0 - - default default] Create volume of 1 GB
2026-04-26 12:18:23.465 73 INFO cinder.volume.api [None req-1d407160-30a9-4154-b910-d0b0aa07b65d 540047a3bc2c4953824e42a4ab45950a 9eb0bc2c861f43748905b669b260dcd0 - - default default] Availability Zones retrieved successfully.
2026-04-26 12:18:23.767 73 INFO cinder.volume.api [None req-1d407160-30a9-4154-b910-d0b0aa07b65d 540047a3bc2c4953824e42a4ab45950a 9eb0bc2c861f43748905b669b260dcd0 - - default default] Create volume request issued successfully.
2026-04-26 12:18:23.768 73 INFO cinder.api.openstack.wsgi [None req-1d407160-30a9-4154-b910-d0b0aa07b65d 540047a3bc2c4953824e42a4ab45950a 9eb0bc2c861f43748905b669b260dcd0 - - default default] http://[LB_IP_ADDRESS]:8776/v3/9eb0bc2c861f43748905b669b260dcd0/volumes returned with HTTP 202
2026-04-26 12:18:23.786 72 INFO cinder.api.openstack.wsgi [None req-40a5a71f-9815-4145-873f-9924e0e236a7 540047a3bc2c4953824e42a4ab45950a 9eb0bc2c861f43748905b669b260dcd0 - - default default] GET http://[LB_IP_ADDRESS]:8776/v3/9eb0bc2c861f43748905b669b260dcd0/volumes/497b556a-3a4a-4ee9-927b-bf551aad8915
2026-04-26 12:18:23.801 72 INFO cinder.volume.api [None req-40a5a71f-9815-4145-873f-9924e0e236a7 540047a3bc2c4953824e42a4ab45950a 9eb0bc2c861f43748905b669b260dcd0 - - default default] Volume info retrieved successfully.
2026-04-26 12:18:23.806 75 INFO cinder.api.openstack.wsgi [req-528da8c9-4d2f-4e08-a90f-ad681f1b6696 req-3c76ddce-e932-4b08-9430-3cfb8778a7b6 85afc98ff05044e799192ffe1a890365 a37029f59eed4b5498a33dee4ebdc24d - - default default] DELETE http://[LB_IP_ADDRESS]:8776/v3/volumes/tempest-invalid-1030242030
2026-04-26 12:18:23.807 75 INFO cinder.api.v3.volumes [req-528da8c9-4d2f-4e08-a90f-ad681f1b6696 req-3c76ddce-e932-4b08-9430-3cfb8778a7b6 85afc98ff05044e799192ffe1a890365 a37029f59eed4b5498a33dee4ebdc24d - - default default] Delete volume with id: tempest-invalid-1030242030 
2026-04-26 12:18:23.811 72 INFO cinder.api.openstack.wsgi [None req-40a5a71f-9815-4145-873f-9924e0e236a7 540047a3bc2c4953824e42a4ab45950a 9eb0bc2c861f43748905b669b260dcd0 - - default default] http://[LB_IP_ADDRESS]:8776/v3/9eb0bc2c861f43748905b669b260dcd0/volumes/497b556a-3a4a-4ee9-927b-bf551aad8915 returned with HTTP 200
2026-04-26 12:18:23.817 75 INFO cinder.api.openstack.wsgi [req-528da8c9-4d2f-4e08-a90f-ad681f1b6696 req-3c76ddce-e932-4b08-9430-3cfb8778a7b6 85afc98ff05044e799192ffe1a890365 a37029f59eed4b5498a33dee4ebdc24d - - default default] http://[LB_IP_ADDRESS]:8776/v3/volumes/tempest-invalid-1030242030 returned with HTTP 404
2026-04-26 12:18:23.870 76 INFO cinder.api.openstack.wsgi [req-7c8b3163-a025-432e-b3c7-4961eba9f7b4 req-49f4bb8b-8f3a-47c9-a449-d404ca4cd094 85afc98ff05044e799192ffe1a890365 a37029f59eed4b5498a33dee4ebdc24d - - default default] DELETE http://[LB_IP_ADDRESS]:8776/v3/volumes/3990ebad-fb63-450f-8c1c-43b056a0c948
2026-04-26 12:18:23.871 76 INFO cinder.api.v3.volumes [req-7c8b3163-a025-432e-b3c7-4961eba9f7b4 req-49f4bb8b-8f3a-47c9-a449-d404ca4cd094 85afc98ff05044e799192ffe1a890365 a37029f59eed4b5498a33dee4ebdc24d - - default default] Delete volume with id: 3990ebad-fb63-450f-8c1c-43b056a0c948 
2026-04-26 12:18:23.882 76 INFO cinder.api.openstack.wsgi [req-7c8b3163-a025-432e-b3c7-4961eba9f7b4 req-49f4bb8b-8f3a-47c9-a449-d404ca4cd094 85afc98ff05044e799192ffe1a890365 a37029f59eed4b5498a33dee4ebdc24d - - default default] http://[LB_IP_ADDRESS]:8776/v3/volumes/3990ebad-fb63-450f-8c1c-43b056a0c948 returned with HTTP 404
2026-04-26 12:18:23.916 74 INFO cinder.api.openstack.wsgi [req-4dfe7357-1666-44b3-a760-3829d5291ff6 req-e5fec98e-b9e3-43d1-9a9b-4b618fce9b34 85afc98ff05044e799192ffe1a890365 a37029f59eed4b5498a33dee4ebdc24d - - default default] GET http://[LB_IP_ADDRESS]:8776/v3/volumes/6cc17365-46d7-4f3e-94da-5f3e8c9fc239
2026-04-26 12:18:23.928 74 INFO cinder.api.openstack.wsgi [req-4dfe7357-1666-44b3-a760-3829d5291ff6 req-e5fec98e-b9e3-43d1-9a9b-4b618fce9b34 85afc98ff05044e799192ffe1a890365 a37029f59eed4b5498a33dee4ebdc24d - - default default] http://[LB_IP_ADDRESS]:8776/v3/volumes/6cc17365-46d7-4f3e-94da-5f3e8c9fc239 returned with HTTP 404
2026-04-26 12:18:24.247 73 INFO cinder.api.openstack.wsgi [None req-5b583f21-3202-49f2-b21f-e3b57ddb0691 4ca9c6cde8ca41ed863aeb448da0be58 3a7d9c780a504257a82289a31a023892 - - default default] GET http://[LB_IP_ADDRESS]:8776/v3/3a7d9c780a504257a82289a31a023892/groups/7f9f75d4-1023-4fff-a6f7-f6c16a3a1717
