2026-03-27 13:01:31.414 73 INFO cinder.api.openstack.wsgi [None req-8aa16004-261d-4413-a60f-d2a90a89c406 9a1a44330cc84a1fb2490b240927ef31 bb25670fbf8a425d8dc3b1ff4f5a3f33 - - default default] DELETE http://[LB_IP_ADDRESS]:8776/v3/bb25670fbf8a425d8dc3b1ff4f5a3f33/volumes/27f96c49-18ca-4b33-b495-1b542170f9c7
2026-03-27 13:01:31.415 73 INFO cinder.api.v3.volumes [None req-8aa16004-261d-4413-a60f-d2a90a89c406 9a1a44330cc84a1fb2490b240927ef31 bb25670fbf8a425d8dc3b1ff4f5a3f33 - - default default] Delete volume with id: 27f96c49-18ca-4b33-b495-1b542170f9c7 
2026-03-27 13:01:31.433 73 INFO cinder.volume.api [None req-8aa16004-261d-4413-a60f-d2a90a89c406 9a1a44330cc84a1fb2490b240927ef31 bb25670fbf8a425d8dc3b1ff4f5a3f33 - - default default] Volume info retrieved successfully.
2026-03-27 13:01:31.462 73 INFO cinder.volume.api [None req-8aa16004-261d-4413-a60f-d2a90a89c406 9a1a44330cc84a1fb2490b240927ef31 bb25670fbf8a425d8dc3b1ff4f5a3f33 - - default default] Delete volume request issued successfully.
2026-03-27 13:01:31.463 73 INFO cinder.api.openstack.wsgi [None req-8aa16004-261d-4413-a60f-d2a90a89c406 9a1a44330cc84a1fb2490b240927ef31 bb25670fbf8a425d8dc3b1ff4f5a3f33 - - default default] http://[LB_IP_ADDRESS]:8776/v3/bb25670fbf8a425d8dc3b1ff4f5a3f33/volumes/27f96c49-18ca-4b33-b495-1b542170f9c7 returned with HTTP 202
2026-03-27 13:01:31.475 72 INFO cinder.api.openstack.wsgi [None req-d7dbd135-6a2f-4424-a5de-f02d3ed034fe 9a1a44330cc84a1fb2490b240927ef31 bb25670fbf8a425d8dc3b1ff4f5a3f33 - - default default] GET http://[LB_IP_ADDRESS]:8776/v3/bb25670fbf8a425d8dc3b1ff4f5a3f33/volumes/27f96c49-18ca-4b33-b495-1b542170f9c7
2026-03-27 13:01:31.497 72 INFO cinder.volume.api [None req-d7dbd135-6a2f-4424-a5de-f02d3ed034fe 9a1a44330cc84a1fb2490b240927ef31 bb25670fbf8a425d8dc3b1ff4f5a3f33 - - default default] Volume info retrieved successfully.
2026-03-27 13:01:31.507 72 INFO cinder.api.openstack.wsgi [None req-d7dbd135-6a2f-4424-a5de-f02d3ed034fe 9a1a44330cc84a1fb2490b240927ef31 bb25670fbf8a425d8dc3b1ff4f5a3f33 - - default default] http://[LB_IP_ADDRESS]:8776/v3/bb25670fbf8a425d8dc3b1ff4f5a3f33/volumes/27f96c49-18ca-4b33-b495-1b542170f9c7 returned with HTTP 200
2026-03-27 13:01:31.859 74 INFO cinder.api.openstack.wsgi [req-d9a0da7e-e720-401e-8fb4-79c618c4b0bd req-d4e780cf-9d1f-4bcb-854f-531cb3f0305d 56ea31747148490aa713dedbb053976d cec543a72e98481cae4f20c77d848934 - - default default] GET http://[LB_IP_ADDRESS]:8776/v3/volumes/5e74d8ef-292c-4444-be68-9435d5846115
2026-03-27 13:01:31.872 74 INFO cinder.api.openstack.wsgi [req-d9a0da7e-e720-401e-8fb4-79c618c4b0bd req-d4e780cf-9d1f-4bcb-854f-531cb3f0305d 56ea31747148490aa713dedbb053976d cec543a72e98481cae4f20c77d848934 - - default default] http://[LB_IP_ADDRESS]:8776/v3/volumes/5e74d8ef-292c-4444-be68-9435d5846115 returned with HTTP 404
2026-03-27 13:01:31.912 76 INFO cinder.api.openstack.wsgi [req-3d5ada16-ddd7-470f-896a-e421177ce739 req-1704a251-9c4e-4c8b-8180-e066f37fbe00 56ea31747148490aa713dedbb053976d cec543a72e98481cae4f20c77d848934 - - default default] DELETE http://[LB_IP_ADDRESS]:8776/v3/volumes/5e74d8ef-292c-4444-be68-9435d5846115
2026-03-27 13:01:31.913 76 INFO cinder.api.v3.volumes [req-3d5ada16-ddd7-470f-896a-e421177ce739 req-1704a251-9c4e-4c8b-8180-e066f37fbe00 56ea31747148490aa713dedbb053976d cec543a72e98481cae4f20c77d848934 - - default default] Delete volume with id: 5e74d8ef-292c-4444-be68-9435d5846115 
2026-03-27 13:01:31.925 76 INFO cinder.api.openstack.wsgi [req-3d5ada16-ddd7-470f-896a-e421177ce739 req-1704a251-9c4e-4c8b-8180-e066f37fbe00 56ea31747148490aa713dedbb053976d cec543a72e98481cae4f20c77d848934 - - default default] http://[LB_IP_ADDRESS]:8776/v3/volumes/5e74d8ef-292c-4444-be68-9435d5846115 returned with HTTP 404
2026-03-27 13:01:31.956 75 INFO cinder.api.openstack.wsgi [req-5dd1624b-7d44-4b17-a9e5-1c214dc3c140 req-6eb9e0fc-acd5-4d95-a7d1-a97b9fd3cf0a 56ea31747148490aa713dedbb053976d cec543a72e98481cae4f20c77d848934 - - default default] GET http://[LB_IP_ADDRESS]:8776/v3/volumes/5e74d8ef-292c-4444-be68-9435d5846115
2026-03-27 13:01:31.968 75 INFO cinder.api.openstack.wsgi [req-5dd1624b-7d44-4b17-a9e5-1c214dc3c140 req-6eb9e0fc-acd5-4d95-a7d1-a97b9fd3cf0a 56ea31747148490aa713dedbb053976d cec543a72e98481cae4f20c77d848934 - - default default] http://[LB_IP_ADDRESS]:8776/v3/volumes/5e74d8ef-292c-4444-be68-9435d5846115 returned with HTTP 404
2026-03-27 13:01:32.528 73 INFO cinder.api.openstack.wsgi [None req-dab589ba-bbc5-43cb-92b1-009b72fdf9a1 9a1a44330cc84a1fb2490b240927ef31 bb25670fbf8a425d8dc3b1ff4f5a3f33 - - default default] GET http://[LB_IP_ADDRESS]:8776/v3/bb25670fbf8a425d8dc3b1ff4f5a3f33/volumes/27f96c49-18ca-4b33-b495-1b542170f9c7
2026-03-27 13:01:32.540 73 INFO cinder.api.openstack.wsgi [None req-dab589ba-bbc5-43cb-92b1-009b72fdf9a1 9a1a44330cc84a1fb2490b240927ef31 bb25670fbf8a425d8dc3b1ff4f5a3f33 - - default default] http://[LB_IP_ADDRESS]:8776/v3/bb25670fbf8a425d8dc3b1ff4f5a3f33/volumes/27f96c49-18ca-4b33-b495-1b542170f9c7 returned with HTTP 404
2026-03-27 13:01:32.551 72 INFO cinder.api.openstack.wsgi [None req-49a9a1e4-08c2-4804-adb1-21ab4dccbfe6 9a1a44330cc84a1fb2490b240927ef31 bb25670fbf8a425d8dc3b1ff4f5a3f33 - - default default] DELETE http://[LB_IP_ADDRESS]:8776/v3/bb25670fbf8a425d8dc3b1ff4f5a3f33/volumes/e4885021-63d6-4e1a-b2eb-2bad5558ef0c
2026-03-27 13:01:32.552 72 INFO cinder.api.v3.volumes [None req-49a9a1e4-08c2-4804-adb1-21ab4dccbfe6 9a1a44330cc84a1fb2490b240927ef31 bb25670fbf8a425d8dc3b1ff4f5a3f33 - - default default] Delete volume with id: e4885021-63d6-4e1a-b2eb-2bad5558ef0c 
2026-03-27 13:01:32.567 72 INFO cinder.volume.api [None req-49a9a1e4-08c2-4804-adb1-21ab4dccbfe6 9a1a44330cc84a1fb2490b240927ef31 bb25670fbf8a425d8dc3b1ff4f5a3f33 - - default default] Volume info retrieved successfully.
2026-03-27 13:01:32.597 72 INFO cinder.volume.api [None req-49a9a1e4-08c2-4804-adb1-21ab4dccbfe6 9a1a44330cc84a1fb2490b240927ef31 bb25670fbf8a425d8dc3b1ff4f5a3f33 - - default default] Delete volume request issued successfully.
2026-03-27 13:01:32.598 72 INFO cinder.api.openstack.wsgi [None req-49a9a1e4-08c2-4804-adb1-21ab4dccbfe6 9a1a44330cc84a1fb2490b240927ef31 bb25670fbf8a425d8dc3b1ff4f5a3f33 - - default default] http://[LB_IP_ADDRESS]:8776/v3/bb25670fbf8a425d8dc3b1ff4f5a3f33/volumes/e4885021-63d6-4e1a-b2eb-2bad5558ef0c returned with HTTP 202
2026-03-27 13:01:32.608 74 INFO cinder.api.openstack.wsgi [None req-587d3676-5e26-4633-a929-05e060a1a0d4 9a1a44330cc84a1fb2490b240927ef31 bb25670fbf8a425d8dc3b1ff4f5a3f33 - - default default] GET http://[LB_IP_ADDRESS]:8776/v3/bb25670fbf8a425d8dc3b1ff4f5a3f33/volumes/e4885021-63d6-4e1a-b2eb-2bad5558ef0c
2026-03-27 13:01:32.627 74 INFO cinder.volume.api [None req-587d3676-5e26-4633-a929-05e060a1a0d4 9a1a44330cc84a1fb2490b240927ef31 bb25670fbf8a425d8dc3b1ff4f5a3f33 - - default default] Volume info retrieved successfully.
2026-03-27 13:01:32.635 74 INFO cinder.api.openstack.wsgi [None req-587d3676-5e26-4633-a929-05e060a1a0d4 9a1a44330cc84a1fb2490b240927ef31 bb25670fbf8a425d8dc3b1ff4f5a3f33 - - default default] http://[LB_IP_ADDRESS]:8776/v3/bb25670fbf8a425d8dc3b1ff4f5a3f33/volumes/e4885021-63d6-4e1a-b2eb-2bad5558ef0c returned with HTTP 200
2026-03-27 13:01:33.657 76 INFO cinder.api.openstack.wsgi [None req-ca698703-9e44-4e12-a25e-531253b24790 9a1a44330cc84a1fb2490b240927ef31 bb25670fbf8a425d8dc3b1ff4f5a3f33 - - default default] GET http://[LB_IP_ADDRESS]:8776/v3/bb25670fbf8a425d8dc3b1ff4f5a3f33/volumes/e4885021-63d6-4e1a-b2eb-2bad5558ef0c
2026-03-27 13:01:33.670 76 INFO cinder.api.openstack.wsgi [None req-ca698703-9e44-4e12-a25e-531253b24790 9a1a44330cc84a1fb2490b240927ef31 bb25670fbf8a425d8dc3b1ff4f5a3f33 - - default default] http://[LB_IP_ADDRESS]:8776/v3/bb25670fbf8a425d8dc3b1ff4f5a3f33/volumes/e4885021-63d6-4e1a-b2eb-2bad5558ef0c returned with HTTP 404
2026-03-27 13:01:33.681 75 INFO cinder.api.openstack.wsgi [None req-4ee4dd84-efa1-47b2-a8fa-eeb0e97aa029 9a1a44330cc84a1fb2490b240927ef31 bb25670fbf8a425d8dc3b1ff4f5a3f33 - - default default] DELETE http://[LB_IP_ADDRESS]:8776/v3/bb25670fbf8a425d8dc3b1ff4f5a3f33/volumes/f2dfc707-1ce2-4b99-8c67-aa128289695b
2026-03-27 13:01:33.682 75 INFO cinder.api.v3.volumes [None req-4ee4dd84-efa1-47b2-a8fa-eeb0e97aa029 9a1a44330cc84a1fb2490b240927ef31 bb25670fbf8a425d8dc3b1ff4f5a3f33 - - default default] Delete volume with id: f2dfc707-1ce2-4b99-8c67-aa128289695b 
2026-03-27 13:01:33.697 75 INFO cinder.volume.api [None req-4ee4dd84-efa1-47b2-a8fa-eeb0e97aa029 9a1a44330cc84a1fb2490b240927ef31 bb25670fbf8a425d8dc3b1ff4f5a3f33 - - default default] Volume info retrieved successfully.
2026-03-27 13:01:33.726 75 INFO cinder.volume.api [None req-4ee4dd84-efa1-47b2-a8fa-eeb0e97aa029 9a1a44330cc84a1fb2490b240927ef31 bb25670fbf8a425d8dc3b1ff4f5a3f33 - - default default] Delete volume request issued successfully.
2026-03-27 13:01:33.726 75 INFO cinder.api.openstack.wsgi [None req-4ee4dd84-efa1-47b2-a8fa-eeb0e97aa029 9a1a44330cc84a1fb2490b240927ef31 bb25670fbf8a425d8dc3b1ff4f5a3f33 - - default default] http://[LB_IP_ADDRESS]:8776/v3/bb25670fbf8a425d8dc3b1ff4f5a3f33/volumes/f2dfc707-1ce2-4b99-8c67-aa128289695b returned with HTTP 202
2026-03-27 13:01:33.738 72 INFO cinder.api.openstack.wsgi [None req-764aad99-22ea-4424-848c-2bb088c03275 9a1a44330cc84a1fb2490b240927ef31 bb25670fbf8a425d8dc3b1ff4f5a3f33 - - default default] GET http://[LB_IP_ADDRESS]:8776/v3/bb25670fbf8a425d8dc3b1ff4f5a3f33/volumes/f2dfc707-1ce2-4b99-8c67-aa128289695b
2026-03-27 13:01:33.758 72 INFO cinder.volume.api [None req-764aad99-22ea-4424-848c-2bb088c03275 9a1a44330cc84a1fb2490b240927ef31 bb25670fbf8a425d8dc3b1ff4f5a3f33 - - default default] Volume info retrieved successfully.
2026-03-27 13:01:33.767 72 INFO cinder.api.openstack.wsgi [None req-764aad99-22ea-4424-848c-2bb088c03275 9a1a44330cc84a1fb2490b240927ef31 bb25670fbf8a425d8dc3b1ff4f5a3f33 - - default default] http://[LB_IP_ADDRESS]:8776/v3/bb25670fbf8a425d8dc3b1ff4f5a3f33/volumes/f2dfc707-1ce2-4b99-8c67-aa128289695b returned with HTTP 200
2026-03-27 13:01:33.805 73 INFO cinder.api.openstack.wsgi [None req-2312908d-ad12-4a22-9434-0e8b38b33766 3340d05ef8f64538afa63fabde7c5f33 f70fa8c695b247169fede15adda49e51 - - default default] POST http://[LB_IP_ADDRESS]:8776/v3/f70fa8c695b247169fede15adda49e51/types
2026-03-27 13:01:33.822 73 INFO cinder.api.openstack.wsgi [None req-2312908d-ad12-4a22-9434-0e8b38b33766 3340d05ef8f64538afa63fabde7c5f33 f70fa8c695b247169fede15adda49e51 - - default default] http://[LB_IP_ADDRESS]:8776/v3/f70fa8c695b247169fede15adda49e51/types returned with HTTP 200
2026-03-27 13:01:33.836 74 INFO cinder.api.openstack.wsgi [None req-67b9af4f-a154-4afe-96d8-3a1c2064b832 3340d05ef8f64538afa63fabde7c5f33 f70fa8c695b247169fede15adda49e51 - - default default] POST http://[LB_IP_ADDRESS]:8776/v3/f70fa8c695b247169fede15adda49e51/group_types
2026-03-27 13:01:33.856 74 INFO cinder.api.openstack.wsgi [None req-67b9af4f-a154-4afe-96d8-3a1c2064b832 3340d05ef8f64538afa63fabde7c5f33 f70fa8c695b247169fede15adda49e51 - - default default] http://[LB_IP_ADDRESS]:8776/v3/f70fa8c695b247169fede15adda49e51/group_types returned with HTTP 202
2026-03-27 13:01:33.971 76 INFO cinder.api.openstack.wsgi [None req-c1caaf04-e49f-4373-8399-f190875bbaa5 ea90edc93d714b9b92e0fad9be7d24e9 9a11c575771b424e945c8da43ef610ed - - default default] POST http://[LB_IP_ADDRESS]:8776/v3/9a11c575771b424e945c8da43ef610ed/groups
2026-03-27 13:01:33.980 76 INFO cinder.api.v3.groups [None req-c1caaf04-e49f-4373-8399-f190875bbaa5 ea90edc93d714b9b92e0fad9be7d24e9 9a11c575771b424e945c8da43ef610ed - - default default] Creating group tempest-GroupsV320Test-Group-1659712897.
2026-03-27 13:01:33.994 76 INFO cinder.volume.api [None req-c1caaf04-e49f-4373-8399-f190875bbaa5 ea90edc93d714b9b92e0fad9be7d24e9 9a11c575771b424e945c8da43ef610ed - - default default] Availability Zones retrieved successfully.
2026-03-27 13:01:34.059 76 INFO cinder.api.openstack.wsgi [None req-c1caaf04-e49f-4373-8399-f190875bbaa5 ea90edc93d714b9b92e0fad9be7d24e9 9a11c575771b424e945c8da43ef610ed - - default default] http://[LB_IP_ADDRESS]:8776/v3/9a11c575771b424e945c8da43ef610ed/groups returned with HTTP 202
2026-03-27 13:01:34.073 75 INFO cinder.api.openstack.wsgi [None req-92f79df9-5bdd-4883-8aa7-ef50656a916c ea90edc93d714b9b92e0fad9be7d24e9 9a11c575771b424e945c8da43ef610ed - - default default] GET http://[LB_IP_ADDRESS]:8776/v3/9a11c575771b424e945c8da43ef610ed/groups/41d6d828-316a-44b1-8385-479a6e847aed
2026-03-27 13:01:34.093 75 INFO cinder.api.openstack.wsgi [None req-92f79df9-5bdd-4883-8aa7-ef50656a916c ea90edc93d714b9b92e0fad9be7d24e9 9a11c575771b424e945c8da43ef610ed - - default default] http://[LB_IP_ADDRESS]:8776/v3/9a11c575771b424e945c8da43ef610ed/groups/41d6d828-316a-44b1-8385-479a6e847aed returned with HTTP 200
2026-03-27 13:01:34.787 72 INFO cinder.api.openstack.wsgi [req-b654212b-c64a-4e51-b96e-2ebfe1b97fbb req-013fce97-e2e4-4485-b5f1-cb142ec4eedc e453084fc63c422b9c4e3d112b44478a b2bf93e909ee46d49c08e17c1ae2f05a - - default default] DELETE http://[LB_IP_ADDRESS]:8776/v3/volumes/tempest-invalid-549681837
2026-03-27 13:01:34.788 72 INFO cinder.api.v3.volumes [req-b654212b-c64a-4e51-b96e-2ebfe1b97fbb req-013fce97-e2e4-4485-b5f1-cb142ec4eedc e453084fc63c422b9c4e3d112b44478a b2bf93e909ee46d49c08e17c1ae2f05a - - default default] Delete volume with id: tempest-invalid-549681837 
2026-03-27 13:01:34.789 73 INFO cinder.api.openstack.wsgi [None req-bbe82db2-7315-4da1-ae35-173173eeb1ac 9a1a44330cc84a1fb2490b240927ef31 bb25670fbf8a425d8dc3b1ff4f5a3f33 - - default default] GET http://[LB_IP_ADDRESS]:8776/v3/bb25670fbf8a425d8dc3b1ff4f5a3f33/volumes/f2dfc707-1ce2-4b99-8c67-aa128289695b
2026-03-27 13:01:34.800 72 INFO cinder.api.openstack.wsgi [req-b654212b-c64a-4e51-b96e-2ebfe1b97fbb req-013fce97-e2e4-4485-b5f1-cb142ec4eedc e453084fc63c422b9c4e3d112b44478a b2bf93e909ee46d49c08e17c1ae2f05a - - default default] http://[LB_IP_ADDRESS]:8776/v3/volumes/tempest-invalid-549681837 returned with HTTP 404
2026-03-27 13:01:34.803 73 INFO cinder.api.openstack.wsgi [None req-bbe82db2-7315-4da1-ae35-173173eeb1ac 9a1a44330cc84a1fb2490b240927ef31 bb25670fbf8a425d8dc3b1ff4f5a3f33 - - default default] http://[LB_IP_ADDRESS]:8776/v3/bb25670fbf8a425d8dc3b1ff4f5a3f33/volumes/f2dfc707-1ce2-4b99-8c67-aa128289695b returned with HTTP 404
2026-03-27 13:01:34.858 74 INFO cinder.api.openstack.wsgi [req-41898a05-74b3-4204-9bcb-b867d90fbb7a req-ab4fe2fd-95f5-40fb-bf8c-816d583f7fee e453084fc63c422b9c4e3d112b44478a b2bf93e909ee46d49c08e17c1ae2f05a - - default default] DELETE http://[LB_IP_ADDRESS]:8776/v3/volumes/1a3b5205-5ab8-48b0-8763-9b352ecc43d1
2026-03-27 13:01:34.859 74 INFO cinder.api.v3.volumes [req-41898a05-74b3-4204-9bcb-b867d90fbb7a req-ab4fe2fd-95f5-40fb-bf8c-816d583f7fee e453084fc63c422b9c4e3d112b44478a b2bf93e909ee46d49c08e17c1ae2f05a - - default default] Delete volume with id: 1a3b5205-5ab8-48b0-8763-9b352ecc43d1 
2026-03-27 13:01:34.871 74 INFO cinder.api.openstack.wsgi [req-41898a05-74b3-4204-9bcb-b867d90fbb7a req-ab4fe2fd-95f5-40fb-bf8c-816d583f7fee e453084fc63c422b9c4e3d112b44478a b2bf93e909ee46d49c08e17c1ae2f05a - - default default] http://[LB_IP_ADDRESS]:8776/v3/volumes/1a3b5205-5ab8-48b0-8763-9b352ecc43d1 returned with HTTP 404
2026-03-27 13:01:34.906 76 INFO cinder.api.openstack.wsgi [req-cd98b4e8-1393-4390-8319-0bad1d331dd1 req-5947f840-bfee-4452-b6b8-17acf98ded10 e453084fc63c422b9c4e3d112b44478a b2bf93e909ee46d49c08e17c1ae2f05a - - default default] GET http://[LB_IP_ADDRESS]:8776/v3/volumes/8e4f12b1-7d2f-432e-a38c-2ce6d489e399
2026-03-27 13:01:34.919 76 INFO cinder.api.openstack.wsgi [req-cd98b4e8-1393-4390-8319-0bad1d331dd1 req-5947f840-bfee-4452-b6b8-17acf98ded10 e453084fc63c422b9c4e3d112b44478a b2bf93e909ee46d49c08e17c1ae2f05a - - default default] http://[LB_IP_ADDRESS]:8776/v3/volumes/8e4f12b1-7d2f-432e-a38c-2ce6d489e399 returned with HTTP 404
2026-03-27 13:01:35.110 75 INFO cinder.api.openstack.wsgi [None req-2451e8e8-652f-4e6c-97db-f11d2573076f ea90edc93d714b9b92e0fad9be7d24e9 9a11c575771b424e945c8da43ef610ed - - default default] GET http://[LB_IP_ADDRESS]:8776/v3/9a11c575771b424e945c8da43ef610ed/groups/41d6d828-316a-44b1-8385-479a6e847aed
2026-03-27 13:01:35.129 75 INFO cinder.api.openstack.wsgi [None req-2451e8e8-652f-4e6c-97db-f11d2573076f ea90edc93d714b9b92e0fad9be7d24e9 9a11c575771b424e945c8da43ef610ed - - default default] http://[LB_IP_ADDRESS]:8776/v3/9a11c575771b424e945c8da43ef610ed/groups/41d6d828-316a-44b1-8385-479a6e847aed returned with HTTP 200
2026-03-27 13:01:35.146 72 INFO cinder.api.openstack.wsgi [None req-60af1075-e35c-4310-a90f-c259c73bddfb 3340d05ef8f64538afa63fabde7c5f33 f70fa8c695b247169fede15adda49e51 - - default default] POST http://[LB_IP_ADDRESS]:8776/v3/f70fa8c695b247169fede15adda49e51/groups/41d6d828-316a-44b1-8385-479a6e847aed/action
2026-03-27 13:01:35.163 72 INFO cinder.api.openstack.wsgi [None req-60af1075-e35c-4310-a90f-c259c73bddfb 3340d05ef8f64538afa63fabde7c5f33 f70fa8c695b247169fede15adda49e51 - - default default] http://[LB_IP_ADDRESS]:8776/v3/f70fa8c695b247169fede15adda49e51/groups/41d6d828-316a-44b1-8385-479a6e847aed/action returned with HTTP 202
2026-03-27 13:01:35.176 73 INFO cinder.api.openstack.wsgi [None req-f873c198-60db-40a1-b439-edfa49937fe8 ea90edc93d714b9b92e0fad9be7d24e9 9a11c575771b424e945c8da43ef610ed - - default default] GET http://[LB_IP_ADDRESS]:8776/v3/9a11c575771b424e945c8da43ef610ed/groups/41d6d828-316a-44b1-8385-479a6e847aed
2026-03-27 13:01:35.198 73 INFO cinder.api.openstack.wsgi [None req-f873c198-60db-40a1-b439-edfa49937fe8 ea90edc93d714b9b92e0fad9be7d24e9 9a11c575771b424e945c8da43ef610ed - - default default] http://[LB_IP_ADDRESS]:8776/v3/9a11c575771b424e945c8da43ef610ed/groups/41d6d828-316a-44b1-8385-479a6e847aed returned with HTTP 200
2026-03-27 13:01:35.215 74 INFO cinder.api.openstack.wsgi [None req-122ad039-9ef0-4cee-93d1-6251a8b890f9 3340d05ef8f64538afa63fabde7c5f33 f70fa8c695b247169fede15adda49e51 - - default default] POST http://[LB_IP_ADDRESS]:8776/v3/f70fa8c695b247169fede15adda49e51/groups/41d6d828-316a-44b1-8385-479a6e847aed/action
2026-03-27 13:01:35.232 74 INFO cinder.api.openstack.wsgi [None req-122ad039-9ef0-4cee-93d1-6251a8b890f9 3340d05ef8f64538afa63fabde7c5f33 f70fa8c695b247169fede15adda49e51 - - default default] http://[LB_IP_ADDRESS]:8776/v3/f70fa8c695b247169fede15adda49e51/groups/41d6d828-316a-44b1-8385-479a6e847aed/action returned with HTTP 202
2026-03-27 13:01:35.244 76 INFO cinder.api.openstack.wsgi [None req-0249e30c-474f-4c63-b3ab-45c6d8b2f777 ea90edc93d714b9b92e0fad9be7d24e9 9a11c575771b424e945c8da43ef610ed - - default default] GET http://[LB_IP_ADDRESS]:8776/v3/9a11c575771b424e945c8da43ef610ed/groups/41d6d828-316a-44b1-8385-479a6e847aed
2026-03-27 13:01:35.263 76 INFO cinder.api.openstack.wsgi [None req-0249e30c-474f-4c63-b3ab-45c6d8b2f777 ea90edc93d714b9b92e0fad9be7d24e9 9a11c575771b424e945c8da43ef610ed - - default default] http://[LB_IP_ADDRESS]:8776/v3/9a11c575771b424e945c8da43ef610ed/groups/41d6d828-316a-44b1-8385-479a6e847aed returned with HTTP 200
2026-03-27 13:01:35.280 75 INFO cinder.api.openstack.wsgi [None req-3a474bfd-60bd-4490-a41e-3456919ebb4d 3340d05ef8f64538afa63fabde7c5f33 f70fa8c695b247169fede15adda49e51 - - default default] POST http://[LB_IP_ADDRESS]:8776/v3/f70fa8c695b247169fede15adda49e51/groups/41d6d828-316a-44b1-8385-479a6e847aed/action
2026-03-27 13:01:35.296 75 INFO cinder.api.openstack.wsgi [None req-3a474bfd-60bd-4490-a41e-3456919ebb4d 3340d05ef8f64538afa63fabde7c5f33 f70fa8c695b247169fede15adda49e51 - - default default] http://[LB_IP_ADDRESS]:8776/v3/f70fa8c695b247169fede15adda49e51/groups/41d6d828-316a-44b1-8385-479a6e847aed/action returned with HTTP 202
2026-03-27 13:01:35.308 72 INFO cinder.api.openstack.wsgi [None req-a228cb2a-9321-423a-bfa5-ddd594415e54 ea90edc93d714b9b92e0fad9be7d24e9 9a11c575771b424e945c8da43ef610ed - - default default] GET http://[LB_IP_ADDRESS]:8776/v3/9a11c575771b424e945c8da43ef610ed/groups/41d6d828-316a-44b1-8385-479a6e847aed
2026-03-27 13:01:35.328 72 INFO cinder.api.openstack.wsgi [None req-a228cb2a-9321-423a-bfa5-ddd594415e54 ea90edc93d714b9b92e0fad9be7d24e9 9a11c575771b424e945c8da43ef610ed - - default default] http://[LB_IP_ADDRESS]:8776/v3/9a11c575771b424e945c8da43ef610ed/groups/41d6d828-316a-44b1-8385-479a6e847aed returned with HTTP 200
2026-03-27 13:01:35.344 73 INFO cinder.api.openstack.wsgi [None req-24fe63b8-3801-48fe-b334-04b1e3e2963b 3340d05ef8f64538afa63fabde7c5f33 f70fa8c695b247169fede15adda49e51 - - default default] POST http://[LB_IP_ADDRESS]:8776/v3/f70fa8c695b247169fede15adda49e51/groups/41d6d828-316a-44b1-8385-479a6e847aed/action
2026-03-27 13:01:35.361 73 INFO cinder.api.openstack.wsgi [None req-24fe63b8-3801-48fe-b334-04b1e3e2963b 3340d05ef8f64538afa63fabde7c5f33 f70fa8c695b247169fede15adda49e51 - - default default] http://[LB_IP_ADDRESS]:8776/v3/f70fa8c695b247169fede15adda49e51/groups/41d6d828-316a-44b1-8385-479a6e847aed/action returned with HTTP 202
2026-03-27 13:01:35.373 74 INFO cinder.api.openstack.wsgi [None req-6549ec0c-e656-4c53-9f90-670838f276d3 ea90edc93d714b9b92e0fad9be7d24e9 9a11c575771b424e945c8da43ef610ed - - default default] GET http://[LB_IP_ADDRESS]:8776/v3/9a11c575771b424e945c8da43ef610ed/groups/41d6d828-316a-44b1-8385-479a6e847aed
2026-03-27 13:01:35.394 74 INFO cinder.api.openstack.wsgi [None req-6549ec0c-e656-4c53-9f90-670838f276d3 ea90edc93d714b9b92e0fad9be7d24e9 9a11c575771b424e945c8da43ef610ed - - default default] http://[LB_IP_ADDRESS]:8776/v3/9a11c575771b424e945c8da43ef610ed/groups/41d6d828-316a-44b1-8385-479a6e847aed returned with HTTP 200
2026-03-27 13:01:35.410 76 INFO cinder.api.openstack.wsgi [None req-f6e035e2-ef6c-4a6d-a16d-7ce2a137345e ea90edc93d714b9b92e0fad9be7d24e9 9a11c575771b424e945c8da43ef610ed - - default default] GET http://[LB_IP_ADDRESS]:8776/v3/9a11c575771b424e945c8da43ef610ed/volumes/detail
2026-03-27 13:01:35.423 76 INFO cinder.volume.api [None req-f6e035e2-ef6c-4a6d-a16d-7ce2a137345e ea90edc93d714b9b92e0fad9be7d24e9 9a11c575771b424e945c8da43ef610ed - - default default] Get all volumes completed successfully.
2026-03-27 13:01:35.428 76 INFO cinder.api.openstack.wsgi [None req-f6e035e2-ef6c-4a6d-a16d-7ce2a137345e ea90edc93d714b9b92e0fad9be7d24e9 9a11c575771b424e945c8da43ef610ed - - default default] http://[LB_IP_ADDRESS]:8776/v3/9a11c575771b424e945c8da43ef610ed/volumes/detail returned with HTTP 200
2026-03-27 13:01:35.448 75 INFO cinder.api.openstack.wsgi [None req-098b987c-8a2a-43ec-9f35-62f24eb2b4e1 ea90edc93d714b9b92e0fad9be7d24e9 9a11c575771b424e945c8da43ef610ed - - default default] POST http://[LB_IP_ADDRESS]:8776/v3/9a11c575771b424e945c8da43ef610ed/groups/41d6d828-316a-44b1-8385-479a6e847aed/action
2026-03-27 13:01:35.453 75 INFO cinder.api.v3.groups [None req-098b987c-8a2a-43ec-9f35-62f24eb2b4e1 ea90edc93d714b9b92e0fad9be7d24e9 9a11c575771b424e945c8da43ef610ed - - default default] Delete group with id: 41d6d828-316a-44b1-8385-479a6e847aed
2026-03-27 13:01:35.495 75 INFO cinder.api.openstack.wsgi [None req-098b987c-8a2a-43ec-9f35-62f24eb2b4e1 ea90edc93d714b9b92e0fad9be7d24e9 9a11c575771b424e945c8da43ef610ed - - default default] http://[LB_IP_ADDRESS]:8776/v3/9a11c575771b424e945c8da43ef610ed/groups/41d6d828-316a-44b1-8385-479a6e847aed/action returned with HTTP 202
2026-03-27 13:01:35.506 72 INFO cinder.api.openstack.wsgi [None req-9ca36296-f71b-411d-8095-3e9727dc47fd ea90edc93d714b9b92e0fad9be7d24e9 9a11c575771b424e945c8da43ef610ed - - default default] GET http://[LB_IP_ADDRESS]:8776/v3/9a11c575771b424e945c8da43ef610ed/groups/41d6d828-316a-44b1-8385-479a6e847aed
2026-03-27 13:01:35.525 72 INFO cinder.api.openstack.wsgi [None req-9ca36296-f71b-411d-8095-3e9727dc47fd ea90edc93d714b9b92e0fad9be7d24e9 9a11c575771b424e945c8da43ef610ed - - default default] http://[LB_IP_ADDRESS]:8776/v3/9a11c575771b424e945c8da43ef610ed/groups/41d6d828-316a-44b1-8385-479a6e847aed returned with HTTP 200
2026-03-27 13:01:36.542 73 INFO cinder.api.openstack.wsgi [None req-e0260de5-6972-496a-9b74-abe38098b1ff ea90edc93d714b9b92e0fad9be7d24e9 9a11c575771b424e945c8da43ef610ed - - default default] GET http://[LB_IP_ADDRESS]:8776/v3/9a11c575771b424e945c8da43ef610ed/groups/41d6d828-316a-44b1-8385-479a6e847aed
2026-03-27 13:01:36.550 73 INFO cinder.api.openstack.wsgi [None req-e0260de5-6972-496a-9b74-abe38098b1ff ea90edc93d714b9b92e0fad9be7d24e9 9a11c575771b424e945c8da43ef610ed - - default default] http://[LB_IP_ADDRESS]:8776/v3/9a11c575771b424e945c8da43ef610ed/groups/41d6d828-316a-44b1-8385-479a6e847aed returned with HTTP 404
2026-03-27 13:01:36.562 74 INFO cinder.api.openstack.wsgi [None req-22dd189c-2273-44bc-bc52-eb11ec300149 3340d05ef8f64538afa63fabde7c5f33 f70fa8c695b247169fede15adda49e51 - - default default] DELETE http://[LB_IP_ADDRESS]:8776/v3/f70fa8c695b247169fede15adda49e51/group_types/5b761ba6-0d4f-413e-a3ec-6aa6d835f122
2026-03-27 13:01:36.581 74 INFO cinder.api.openstack.wsgi [None req-22dd189c-2273-44bc-bc52-eb11ec300149 3340d05ef8f64538afa63fabde7c5f33 f70fa8c695b247169fede15adda49e51 - - default default] http://[LB_IP_ADDRESS]:8776/v3/f70fa8c695b247169fede15adda49e51/group_types/5b761ba6-0d4f-413e-a3ec-6aa6d835f122 returned with HTTP 202
2026-03-27 13:01:36.592 76 INFO cinder.api.openstack.wsgi [None req-242e7598-e3e7-475f-b642-9755f7850a9a 3340d05ef8f64538afa63fabde7c5f33 f70fa8c695b247169fede15adda49e51 - - default default] DELETE http://[LB_IP_ADDRESS]:8776/v3/f70fa8c695b247169fede15adda49e51/types/561c884e-f22c-4d72-aad3-20c9db7dd1c0
2026-03-27 13:01:36.634 76 INFO cinder.api.openstack.wsgi [None req-242e7598-e3e7-475f-b642-9755f7850a9a 3340d05ef8f64538afa63fabde7c5f33 f70fa8c695b247169fede15adda49e51 - - default default] http://[LB_IP_ADDRESS]:8776/v3/f70fa8c695b247169fede15adda49e51/types/561c884e-f22c-4d72-aad3-20c9db7dd1c0 returned with HTTP 202
2026-03-27 13:01:36.645 75 INFO cinder.api.openstack.wsgi [None req-6ab841b2-bff2-4bd2-be1d-b88b14f5c384 3340d05ef8f64538afa63fabde7c5f33 f70fa8c695b247169fede15adda49e51 - - default default] GET http://[LB_IP_ADDRESS]:8776/v3/f70fa8c695b247169fede15adda49e51/types/561c884e-f22c-4d72-aad3-20c9db7dd1c0
2026-03-27 13:01:36.651 75 INFO cinder.api.openstack.wsgi [None req-6ab841b2-bff2-4bd2-be1d-b88b14f5c384 3340d05ef8f64538afa63fabde7c5f33 f70fa8c695b247169fede15adda49e51 - - default default] http://[LB_IP_ADDRESS]:8776/v3/f70fa8c695b247169fede15adda49e51/types/561c884e-f22c-4d72-aad3-20c9db7dd1c0 returned with HTTP 404
2026-03-27 13:01:39.179 72 INFO cinder.api.openstack.wsgi [None req-a9d413a5-2ef3-4c26-a925-a1d1546f191c 7c4bd4f6c4b34cf9a78ffe8adb358f08 8b5e73705d6043cf8eee1c3f316c74fd - - default default] POST http://[LB_IP_ADDRESS]:8776/v3/8b5e73705d6043cf8eee1c3f316c74fd/types
2026-03-27 13:01:39.202 72 INFO cinder.api.openstack.wsgi [None req-a9d413a5-2ef3-4c26-a925-a1d1546f191c 7c4bd4f6c4b34cf9a78ffe8adb358f08 8b5e73705d6043cf8eee1c3f316c74fd - - default default] http://[LB_IP_ADDRESS]:8776/v3/8b5e73705d6043cf8eee1c3f316c74fd/types returned with HTTP 200
2026-03-27 13:01:39.217 73 INFO cinder.api.openstack.wsgi [None req-e63a0ad8-8c98-459c-bf74-035128fcacaa 7c4bd4f6c4b34cf9a78ffe8adb358f08 8b5e73705d6043cf8eee1c3f316c74fd - - default default] POST http://[LB_IP_ADDRESS]:8776/v3/8b5e73705d6043cf8eee1c3f316c74fd/group_types
2026-03-27 13:01:39.240 73 INFO cinder.api.openstack.wsgi [None req-e63a0ad8-8c98-459c-bf74-035128fcacaa 7c4bd4f6c4b34cf9a78ffe8adb358f08 8b5e73705d6043cf8eee1c3f316c74fd - - default default] http://[LB_IP_ADDRESS]:8776/v3/8b5e73705d6043cf8eee1c3f316c74fd/group_types returned with HTTP 202
2026-03-27 13:01:39.349 74 INFO cinder.api.openstack.wsgi [None req-c11bc9a9-ee9b-4251-a9fd-5983149f63c2 294a8df671004c6b841a8ce34328e98b 32a7c4c9da1d408288bb1419c2884409 - - default default] POST http://[LB_IP_ADDRESS]:8776/v3/32a7c4c9da1d408288bb1419c2884409/groups
2026-03-27 13:01:39.357 74 INFO cinder.api.v3.groups [None req-c11bc9a9-ee9b-4251-a9fd-5983149f63c2 294a8df671004c6b841a8ce34328e98b 32a7c4c9da1d408288bb1419c2884409 - - default default] Creating group tempest-GroupSnapshotsTest-Group-1985122008.
2026-03-27 13:01:39.371 74 INFO cinder.volume.api [None req-c11bc9a9-ee9b-4251-a9fd-5983149f63c2 294a8df671004c6b841a8ce34328e98b 32a7c4c9da1d408288bb1419c2884409 - - default default] Availability Zones retrieved successfully.
2026-03-27 13:01:39.425 76 INFO cinder.api.openstack.wsgi [None req-8d51749b-0826-420c-bf94-1d695ec4b132 ebec415bf2a04fb28789e3f07794840d e84ebde18b2e42aa94fce3333b1ebc7f - - default default] GET http://[LB_IP_ADDRESS]:8776/v3/e84ebde18b2e42aa94fce3333b1ebc7f/scheduler-stats/get_pools
2026-03-27 13:01:39.437 74 INFO cinder.api.openstack.wsgi [None req-c11bc9a9-ee9b-4251-a9fd-5983149f63c2 294a8df671004c6b841a8ce34328e98b 32a7c4c9da1d408288bb1419c2884409 - - default default] http://[LB_IP_ADDRESS]:8776/v3/32a7c4c9da1d408288bb1419c2884409/groups returned with HTTP 202
2026-03-27 13:01:39.450 75 INFO cinder.api.openstack.wsgi [None req-d1528d2f-ccc5-40ac-8f23-2af3a2bbcc31 294a8df671004c6b841a8ce34328e98b 32a7c4c9da1d408288bb1419c2884409 - - default default] GET http://[LB_IP_ADDRESS]:8776/v3/32a7c4c9da1d408288bb1419c2884409/groups/69b38278-e688-4056-a148-26df3aae7c2d
2026-03-27 13:01:39.467 75 INFO cinder.api.openstack.wsgi [None req-d1528d2f-ccc5-40ac-8f23-2af3a2bbcc31 294a8df671004c6b841a8ce34328e98b 32a7c4c9da1d408288bb1419c2884409 - - default default] http://[LB_IP_ADDRESS]:8776/v3/32a7c4c9da1d408288bb1419c2884409/groups/69b38278-e688-4056-a148-26df3aae7c2d returned with HTTP 200
2026-03-27 13:01:39.933 76 INFO cinder.api.openstack.wsgi [None req-8d51749b-0826-420c-bf94-1d695ec4b132 ebec415bf2a04fb28789e3f07794840d e84ebde18b2e42aa94fce3333b1ebc7f - - default default] http://[LB_IP_ADDRESS]:8776/v3/e84ebde18b2e42aa94fce3333b1ebc7f/scheduler-stats/get_pools returned with HTTP 200
2026-03-27 13:01:39.953 72 INFO cinder.api.openstack.wsgi [None req-d5440c4a-b066-46fa-840e-6072acff740f ebec415bf2a04fb28789e3f07794840d e84ebde18b2e42aa94fce3333b1ebc7f - - default default] GET http://[LB_IP_ADDRESS]:8776/v3/e84ebde18b2e42aa94fce3333b1ebc7f/scheduler-stats/get_pools?detail=True
2026-03-27 13:01:40.462 72 INFO cinder.api.openstack.wsgi [None req-d5440c4a-b066-46fa-840e-6072acff740f ebec415bf2a04fb28789e3f07794840d e84ebde18b2e42aa94fce3333b1ebc7f - - default default] http://[LB_IP_ADDRESS]:8776/v3/e84ebde18b2e42aa94fce3333b1ebc7f/scheduler-stats/get_pools?detail=True returned with HTTP 200
2026-03-27 13:01:40.483 73 INFO cinder.api.openstack.wsgi [None req-d8956bbb-758c-41dd-8c68-079c184b12df ebec415bf2a04fb28789e3f07794840d e84ebde18b2e42aa94fce3333b1ebc7f - - default default] GET http://[LB_IP_ADDRESS]:8776/v3/e84ebde18b2e42aa94fce3333b1ebc7f/capabilities/rack11-server76@LIGHTOSefxxli
2026-03-27 13:01:40.483 74 INFO cinder.api.openstack.wsgi [None req-0698a168-b0f5-4b12-962d-b56eaf509f02 294a8df671004c6b841a8ce34328e98b 32a7c4c9da1d408288bb1419c2884409 - - default default] GET http://[LB_IP_ADDRESS]:8776/v3/32a7c4c9da1d408288bb1419c2884409/groups/69b38278-e688-4056-a148-26df3aae7c2d
2026-03-27 13:01:40.504 74 INFO cinder.api.openstack.wsgi [None req-0698a168-b0f5-4b12-962d-b56eaf509f02 294a8df671004c6b841a8ce34328e98b 32a7c4c9da1d408288bb1419c2884409 - - default default] http://[LB_IP_ADDRESS]:8776/v3/32a7c4c9da1d408288bb1419c2884409/groups/69b38278-e688-4056-a148-26df3aae7c2d returned with HTTP 200
2026-03-27 13:01:40.521 75 INFO cinder.api.openstack.wsgi [None req-c2a6feef-2daf-4d93-b365-78cc1e6fb31b 294a8df671004c6b841a8ce34328e98b 32a7c4c9da1d408288bb1419c2884409 - - default default] POST http://[LB_IP_ADDRESS]:8776/v3/32a7c4c9da1d408288bb1419c2884409/volumes
2026-03-27 13:01:40.536 75 INFO cinder.api.v3.volumes [None req-c2a6feef-2daf-4d93-b365-78cc1e6fb31b 294a8df671004c6b841a8ce34328e98b 32a7c4c9da1d408288bb1419c2884409 - - default default] Create volume of 1 GB
2026-03-27 13:01:40.545 75 INFO cinder.volume.api [None req-c2a6feef-2daf-4d93-b365-78cc1e6fb31b 294a8df671004c6b841a8ce34328e98b 32a7c4c9da1d408288bb1419c2884409 - - default default] Availability Zones retrieved successfully.
2026-03-27 13:01:40.629 75 WARNING cinder.quota [None req-c2a6feef-2daf-4d93-b365-78cc1e6fb31b 294a8df671004c6b841a8ce34328e98b 32a7c4c9da1d408288bb1419c2884409 - - default default] Deprecated: Default quota for resource: volumes_tempest-GroupSnapshotsTest-volume-type-1102635254 is set by the default quota flag: quota_volumes_tempest-GroupSnapshotsTest-volume-type-1102635254, it is now deprecated. Please use the default quota class for default quota.
2026-03-27 13:01:40.629 75 WARNING cinder.quota [None req-c2a6feef-2daf-4d93-b365-78cc1e6fb31b 294a8df671004c6b841a8ce34328e98b 32a7c4c9da1d408288bb1419c2884409 - - default default] Deprecated: Default quota for resource: gigabytes_tempest-GroupSnapshotsTest-volume-type-1102635254 is set by the default quota flag: quota_gigabytes_tempest-GroupSnapshotsTest-volume-type-1102635254, it is now deprecated. Please use the default quota class for default quota.
2026-03-27 13:01:40.723 75 INFO cinder.volume.api [None req-c2a6feef-2daf-4d93-b365-78cc1e6fb31b 294a8df671004c6b841a8ce34328e98b 32a7c4c9da1d408288bb1419c2884409 - - default default] Create volume request issued successfully.
2026-03-27 13:01:40.736 75 INFO cinder.api.openstack.wsgi [None req-c2a6feef-2daf-4d93-b365-78cc1e6fb31b 294a8df671004c6b841a8ce34328e98b 32a7c4c9da1d408288bb1419c2884409 - - default default] http://[LB_IP_ADDRESS]:8776/v3/32a7c4c9da1d408288bb1419c2884409/volumes returned with HTTP 202
2026-03-27 13:01:40.755 76 INFO cinder.api.openstack.wsgi [None req-bdbb1f35-71cd-4a87-b413-3cb9f0325e0f 294a8df671004c6b841a8ce34328e98b 32a7c4c9da1d408288bb1419c2884409 - - default default] GET http://[LB_IP_ADDRESS]:8776/v3/32a7c4c9da1d408288bb1419c2884409/volumes/51c69470-6ff0-4d65-b5c1-95d6f9708b0f
2026-03-27 13:01:40.776 76 INFO cinder.volume.api [None req-bdbb1f35-71cd-4a87-b413-3cb9f0325e0f 294a8df671004c6b841a8ce34328e98b 32a7c4c9da1d408288bb1419c2884409 - - default default] Volume info retrieved successfully.
2026-03-27 13:01:40.801 76 INFO cinder.api.openstack.wsgi [None req-bdbb1f35-71cd-4a87-b413-3cb9f0325e0f 294a8df671004c6b841a8ce34328e98b 32a7c4c9da1d408288bb1419c2884409 - - default default] http://[LB_IP_ADDRESS]:8776/v3/32a7c4c9da1d408288bb1419c2884409/volumes/51c69470-6ff0-4d65-b5c1-95d6f9708b0f returned with HTTP 200
2026-03-27 13:01:41.001 73 INFO cinder.api.openstack.wsgi [None req-d8956bbb-758c-41dd-8c68-079c184b12df ebec415bf2a04fb28789e3f07794840d e84ebde18b2e42aa94fce3333b1ebc7f - - default default] http://[LB_IP_ADDRESS]:8776/v3/e84ebde18b2e42aa94fce3333b1ebc7f/capabilities/rack11-server76@LIGHTOSefxxli returned with HTTP 200
2026-03-27 13:01:41.020 74 INFO cinder.api.openstack.wsgi [None req-8056395a-603b-4b8a-b231-dd783b2b8b68 ebec415bf2a04fb28789e3f07794840d e84ebde18b2e42aa94fce3333b1ebc7f - - default default] GET http://[LB_IP_ADDRESS]:8776/v3/e84ebde18b2e42aa94fce3333b1ebc7f/capabilities/rack11-server76@LIGHTOSefxxli
2026-03-27 13:01:41.169 72 INFO cinder.api.openstack.wsgi [None req-c8f35aad-69e3-441a-a69f-357b24c958b5 32e140094f3e40a690e76152f7fa2d6b 946c6ea187e7440eacb085b7ee774336 - - default default] POST http://[LB_IP_ADDRESS]:8776/v3/946c6ea187e7440eacb085b7ee774336/volumes
2026-03-27 13:01:41.173 72 INFO cinder.api.v3.volumes [None req-c8f35aad-69e3-441a-a69f-357b24c958b5 32e140094f3e40a690e76152f7fa2d6b 946c6ea187e7440eacb085b7ee774336 - - default default] Create volume of 1 GB
2026-03-27 13:01:41.181 72 INFO cinder.volume.api [None req-c8f35aad-69e3-441a-a69f-357b24c958b5 32e140094f3e40a690e76152f7fa2d6b 946c6ea187e7440eacb085b7ee774336 - - default default] Availability Zones retrieved successfully.
2026-03-27 13:01:41.372 72 INFO cinder.volume.api [None req-c8f35aad-69e3-441a-a69f-357b24c958b5 32e140094f3e40a690e76152f7fa2d6b 946c6ea187e7440eacb085b7ee774336 - - default default] Create volume request issued successfully.
2026-03-27 13:01:41.373 72 INFO cinder.api.openstack.wsgi [None req-c8f35aad-69e3-441a-a69f-357b24c958b5 32e140094f3e40a690e76152f7fa2d6b 946c6ea187e7440eacb085b7ee774336 - - default default] http://[LB_IP_ADDRESS]:8776/v3/946c6ea187e7440eacb085b7ee774336/volumes returned with HTTP 202
2026-03-27 13:01:41.393 75 INFO cinder.api.openstack.wsgi [None req-b93a15d2-3d93-4cb6-96f8-0ec07e4b21cd 32e140094f3e40a690e76152f7fa2d6b 946c6ea187e7440eacb085b7ee774336 - - default default] GET http://[LB_IP_ADDRESS]:8776/v3/946c6ea187e7440eacb085b7ee774336/volumes/7b9d2955-a885-476a-bdc9-c94586578740
2026-03-27 13:01:41.412 75 INFO cinder.volume.api [None req-b93a15d2-3d93-4cb6-96f8-0ec07e4b21cd 32e140094f3e40a690e76152f7fa2d6b 946c6ea187e7440eacb085b7ee774336 - - default default] Volume info retrieved successfully.
2026-03-27 13:01:41.421 75 INFO cinder.api.openstack.wsgi [None req-b93a15d2-3d93-4cb6-96f8-0ec07e4b21cd 32e140094f3e40a690e76152f7fa2d6b 946c6ea187e7440eacb085b7ee774336 - - default default] http://[LB_IP_ADDRESS]:8776/v3/946c6ea187e7440eacb085b7ee774336/volumes/7b9d2955-a885-476a-bdc9-c94586578740 returned with HTTP 200
2026-03-27 13:01:41.534 74 INFO cinder.api.openstack.wsgi [None req-8056395a-603b-4b8a-b231-dd783b2b8b68 ebec415bf2a04fb28789e3f07794840d e84ebde18b2e42aa94fce3333b1ebc7f - - default default] http://[LB_IP_ADDRESS]:8776/v3/e84ebde18b2e42aa94fce3333b1ebc7f/capabilities/rack11-server76@LIGHTOSefxxli returned with HTTP 200
2026-03-27 13:01:41.825 76 INFO cinder.api.openstack.wsgi [None req-39d84331-02a5-4531-9bce-6ee3f5d696c3 294a8df671004c6b841a8ce34328e98b 32a7c4c9da1d408288bb1419c2884409 - - default default] GET http://[LB_IP_ADDRESS]:8776/v3/32a7c4c9da1d408288bb1419c2884409/volumes/51c69470-6ff0-4d65-b5c1-95d6f9708b0f
2026-03-27 13:01:41.846 76 INFO cinder.volume.api [None req-39d84331-02a5-4531-9bce-6ee3f5d696c3 294a8df671004c6b841a8ce34328e98b 32a7c4c9da1d408288bb1419c2884409 - - default default] Volume info retrieved successfully.
2026-03-27 13:01:41.873 76 INFO cinder.api.openstack.wsgi [None req-39d84331-02a5-4531-9bce-6ee3f5d696c3 294a8df671004c6b841a8ce34328e98b 32a7c4c9da1d408288bb1419c2884409 - - default default] http://[LB_IP_ADDRESS]:8776/v3/32a7c4c9da1d408288bb1419c2884409/volumes/51c69470-6ff0-4d65-b5c1-95d6f9708b0f returned with HTTP 200
2026-03-27 13:01:41.895 73 INFO cinder.api.openstack.wsgi [None req-365a43ca-1f98-43f5-a7c1-422da846683e 294a8df671004c6b841a8ce34328e98b 32a7c4c9da1d408288bb1419c2884409 - - default default] POST http://[LB_IP_ADDRESS]:8776/v3/32a7c4c9da1d408288bb1419c2884409/group_snapshots
2026-03-27 13:01:41.911 73 INFO cinder.api.v3.group_snapshots [None req-365a43ca-1f98-43f5-a7c1-422da846683e 294a8df671004c6b841a8ce34328e98b 32a7c4c9da1d408288bb1419c2884409 - - default default] Creating group_snapshot tempest-group_snapshot-1939735760.
2026-03-27 13:01:41.967 73 WARNING cinder.quota [None req-365a43ca-1f98-43f5-a7c1-422da846683e 294a8df671004c6b841a8ce34328e98b 32a7c4c9da1d408288bb1419c2884409 - - default default] Deprecated: Default quota for resource: gigabytes_tempest-GroupSnapshotsTest-volume-type-1102635254 is set by the default quota flag: quota_gigabytes_tempest-GroupSnapshotsTest-volume-type-1102635254, it is now deprecated. Please use the default quota class for default quota.
2026-03-27 13:01:41.968 73 WARNING cinder.quota [None req-365a43ca-1f98-43f5-a7c1-422da846683e 294a8df671004c6b841a8ce34328e98b 32a7c4c9da1d408288bb1419c2884409 - - default default] Deprecated: Default quota for resource: snapshots_tempest-GroupSnapshotsTest-volume-type-1102635254 is set by the default quota flag: quota_snapshots_tempest-GroupSnapshotsTest-volume-type-1102635254, it is now deprecated. Please use the default quota class for default quota.
2026-03-27 13:01:42.029 73 INFO cinder.api.openstack.wsgi [None req-365a43ca-1f98-43f5-a7c1-422da846683e 294a8df671004c6b841a8ce34328e98b 32a7c4c9da1d408288bb1419c2884409 - - default default] http://[LB_IP_ADDRESS]:8776/v3/32a7c4c9da1d408288bb1419c2884409/group_snapshots returned with HTTP 202
2026-03-27 13:01:42.041 72 INFO cinder.api.openstack.wsgi [None req-9483921a-0003-40a1-a227-22430dd74186 294a8df671004c6b841a8ce34328e98b 32a7c4c9da1d408288bb1419c2884409 - - default default] GET http://[LB_IP_ADDRESS]:8776/v3/32a7c4c9da1d408288bb1419c2884409/group_snapshots/42fd7f4a-4c9c-442b-9e87-6d9dfa259fa7
2026-03-27 13:01:42.053 72 INFO cinder.api.openstack.wsgi [None req-9483921a-0003-40a1-a227-22430dd74186 294a8df671004c6b841a8ce34328e98b 32a7c4c9da1d408288bb1419c2884409 - - default default] http://[LB_IP_ADDRESS]:8776/v3/32a7c4c9da1d408288bb1419c2884409/group_snapshots/42fd7f4a-4c9c-442b-9e87-6d9dfa259fa7 returned with HTTP 200
2026-03-27 13:01:42.443 75 INFO cinder.api.openstack.wsgi [None req-95b25241-5a5d-4d6c-9738-4152ac31fec4 32e140094f3e40a690e76152f7fa2d6b 946c6ea187e7440eacb085b7ee774336 - - default default] GET http://[LB_IP_ADDRESS]:8776/v3/946c6ea187e7440eacb085b7ee774336/volumes/7b9d2955-a885-476a-bdc9-c94586578740
2026-03-27 13:01:42.463 75 INFO cinder.volume.api [None req-95b25241-5a5d-4d6c-9738-4152ac31fec4 32e140094f3e40a690e76152f7fa2d6b 946c6ea187e7440eacb085b7ee774336 - - default default] Volume info retrieved successfully.
2026-03-27 13:01:42.472 75 INFO cinder.api.openstack.wsgi [None req-95b25241-5a5d-4d6c-9738-4152ac31fec4 32e140094f3e40a690e76152f7fa2d6b 946c6ea187e7440eacb085b7ee774336 - - default default] http://[LB_IP_ADDRESS]:8776/v3/946c6ea187e7440eacb085b7ee774336/volumes/7b9d2955-a885-476a-bdc9-c94586578740 returned with HTTP 200
2026-03-27 13:01:42.495 74 INFO cinder.api.openstack.wsgi [None req-0bb741b5-6f0c-44b7-a518-5ca332f05cbe 32e140094f3e40a690e76152f7fa2d6b 946c6ea187e7440eacb085b7ee774336 - - default default] POST http://[LB_IP_ADDRESS]:8776/v3/946c6ea187e7440eacb085b7ee774336/snapshots
2026-03-27 13:01:42.513 74 INFO cinder.volume.api [None req-0bb741b5-6f0c-44b7-a518-5ca332f05cbe 32e140094f3e40a690e76152f7fa2d6b 946c6ea187e7440eacb085b7ee774336 - - default default] Volume info retrieved successfully.
2026-03-27 13:01:42.514 74 INFO cinder.api.v3.snapshots [None req-0bb741b5-6f0c-44b7-a518-5ca332f05cbe 32e140094f3e40a690e76152f7fa2d6b 946c6ea187e7440eacb085b7ee774336 - - default default] Create snapshot from volume 7b9d2955-a885-476a-bdc9-c94586578740
2026-03-27 13:01:42.625 74 INFO cinder.volume.api [None req-0bb741b5-6f0c-44b7-a518-5ca332f05cbe 32e140094f3e40a690e76152f7fa2d6b 946c6ea187e7440eacb085b7ee774336 - - default default] Snapshot create request issued successfully.
2026-03-27 13:01:42.626 74 INFO cinder.api.openstack.wsgi [None req-0bb741b5-6f0c-44b7-a518-5ca332f05cbe 32e140094f3e40a690e76152f7fa2d6b 946c6ea187e7440eacb085b7ee774336 - - default default] http://[LB_IP_ADDRESS]:8776/v3/946c6ea187e7440eacb085b7ee774336/snapshots returned with HTTP 202
2026-03-27 13:01:42.642 76 INFO cinder.api.openstack.wsgi [None req-36b7f1df-4237-46e0-a90f-2224dd64715c 32e140094f3e40a690e76152f7fa2d6b 946c6ea187e7440eacb085b7ee774336 - - default default] GET http://[LB_IP_ADDRESS]:8776/v3/946c6ea187e7440eacb085b7ee774336/snapshots/a8929fee-7d15-480b-9696-dd20f27deb9c
2026-03-27 13:01:42.653 76 INFO cinder.volume.api [None req-36b7f1df-4237-46e0-a90f-2224dd64715c 32e140094f3e40a690e76152f7fa2d6b 946c6ea187e7440eacb085b7ee774336 - - default default] Snapshot retrieved successfully.
2026-03-27 13:01:42.655 76 INFO cinder.api.openstack.wsgi [None req-36b7f1df-4237-46e0-a90f-2224dd64715c 32e140094f3e40a690e76152f7fa2d6b 946c6ea187e7440eacb085b7ee774336 - - default default] http://[LB_IP_ADDRESS]:8776/v3/946c6ea187e7440eacb085b7ee774336/snapshots/a8929fee-7d15-480b-9696-dd20f27deb9c returned with HTTP 200
2026-03-27 13:01:43.067 73 INFO cinder.api.openstack.wsgi [None req-cb8708d5-6437-449b-ac80-6e6a8c5b6bf7 294a8df671004c6b841a8ce34328e98b 32a7c4c9da1d408288bb1419c2884409 - - default default] GET http://[LB_IP_ADDRESS]:8776/v3/32a7c4c9da1d408288bb1419c2884409/group_snapshots/42fd7f4a-4c9c-442b-9e87-6d9dfa259fa7
2026-03-27 13:01:43.078 73 INFO cinder.api.openstack.wsgi [None req-cb8708d5-6437-449b-ac80-6e6a8c5b6bf7 294a8df671004c6b841a8ce34328e98b 32a7c4c9da1d408288bb1419c2884409 - - default default] http://[LB_IP_ADDRESS]:8776/v3/32a7c4c9da1d408288bb1419c2884409/group_snapshots/42fd7f4a-4c9c-442b-9e87-6d9dfa259fa7 returned with HTTP 200
2026-03-27 13:01:43.671 72 INFO cinder.api.openstack.wsgi [None req-a4f85be8-bc13-4d22-a643-673a428cbf78 32e140094f3e40a690e76152f7fa2d6b 946c6ea187e7440eacb085b7ee774336 - - default default] GET http://[LB_IP_ADDRESS]:8776/v3/946c6ea187e7440eacb085b7ee774336/snapshots/a8929fee-7d15-480b-9696-dd20f27deb9c
2026-03-27 13:01:43.681 72 INFO cinder.volume.api [None req-a4f85be8-bc13-4d22-a643-673a428cbf78 32e140094f3e40a690e76152f7fa2d6b 946c6ea187e7440eacb085b7ee774336 - - default default] Snapshot retrieved successfully.
2026-03-27 13:01:43.683 72 INFO cinder.api.openstack.wsgi [None req-a4f85be8-bc13-4d22-a643-673a428cbf78 32e140094f3e40a690e76152f7fa2d6b 946c6ea187e7440eacb085b7ee774336 - - default default] http://[LB_IP_ADDRESS]:8776/v3/946c6ea187e7440eacb085b7ee774336/snapshots/a8929fee-7d15-480b-9696-dd20f27deb9c returned with HTTP 200
2026-03-27 13:01:44.093 75 INFO cinder.api.openstack.wsgi [None req-1bde792b-a607-4194-915b-b74a2f255d71 294a8df671004c6b841a8ce34328e98b 32a7c4c9da1d408288bb1419c2884409 - - default default] GET http://[LB_IP_ADDRESS]:8776/v3/32a7c4c9da1d408288bb1419c2884409/group_snapshots/42fd7f4a-4c9c-442b-9e87-6d9dfa259fa7
2026-03-27 13:01:44.106 75 INFO cinder.api.openstack.wsgi [None req-1bde792b-a607-4194-915b-b74a2f255d71 294a8df671004c6b841a8ce34328e98b 32a7c4c9da1d408288bb1419c2884409 - - default default] http://[LB_IP_ADDRESS]:8776/v3/32a7c4c9da1d408288bb1419c2884409/group_snapshots/42fd7f4a-4c9c-442b-9e87-6d9dfa259fa7 returned with HTTP 200
2026-03-27 13:01:44.121 74 INFO cinder.api.openstack.wsgi [None req-920ea163-6cd1-454c-b583-ae29066ae1db 294a8df671004c6b841a8ce34328e98b 32a7c4c9da1d408288bb1419c2884409 - - default default] GET http://[LB_IP_ADDRESS]:8776/v3/32a7c4c9da1d408288bb1419c2884409/snapshots/detail
2026-03-27 13:01:44.131 74 INFO cinder.volume.api [None req-920ea163-6cd1-454c-b583-ae29066ae1db 294a8df671004c6b841a8ce34328e98b 32a7c4c9da1d408288bb1419c2884409 - - default default] Get all snapshots completed successfully.
2026-03-27 13:01:44.133 74 INFO cinder.api.openstack.wsgi [None req-920ea163-6cd1-454c-b583-ae29066ae1db 294a8df671004c6b841a8ce34328e98b 32a7c4c9da1d408288bb1419c2884409 - - default default] http://[LB_IP_ADDRESS]:8776/v3/32a7c4c9da1d408288bb1419c2884409/snapshots/detail returned with HTTP 200
2026-03-27 13:01:44.151 76 INFO cinder.api.openstack.wsgi [None req-6f3b4321-690a-45b1-bf03-331542c4d065 294a8df671004c6b841a8ce34328e98b 32a7c4c9da1d408288bb1419c2884409 - - default default] GET http://[LB_IP_ADDRESS]:8776/v3/32a7c4c9da1d408288bb1419c2884409/snapshots/dedf6983-b31a-45f3-abed-41bb3ef8ed6f
2026-03-27 13:01:44.162 76 INFO cinder.volume.api [None req-6f3b4321-690a-45b1-bf03-331542c4d065 294a8df671004c6b841a8ce34328e98b 32a7c4c9da1d408288bb1419c2884409 - - default default] Snapshot retrieved successfully.
2026-03-27 13:01:44.164 76 INFO cinder.api.openstack.wsgi [None req-6f3b4321-690a-45b1-bf03-331542c4d065 294a8df671004c6b841a8ce34328e98b 32a7c4c9da1d408288bb1419c2884409 - - default default] http://[LB_IP_ADDRESS]:8776/v3/32a7c4c9da1d408288bb1419c2884409/snapshots/dedf6983-b31a-45f3-abed-41bb3ef8ed6f returned with HTTP 200
2026-03-27 13:01:44.180 73 INFO cinder.api.openstack.wsgi [None req-b6002832-0ed9-4d25-bed7-89f2736cd439 294a8df671004c6b841a8ce34328e98b 32a7c4c9da1d408288bb1419c2884409 - - default default] POST http://[LB_IP_ADDRESS]:8776/v3/32a7c4c9da1d408288bb1419c2884409/groups/action
2026-03-27 13:01:44.184 73 INFO cinder.api.v3.groups [None req-b6002832-0ed9-4d25-bed7-89f2736cd439 294a8df671004c6b841a8ce34328e98b 32a7c4c9da1d408288bb1419c2884409 - - default default] Creating group tempest-Group_from_snap-932820228 from group_snapshot 42fd7f4a-4c9c-442b-9e87-6d9dfa259fa7.
2026-03-27 13:01:44.699 72 INFO cinder.api.openstack.wsgi [None req-64ea06d2-971b-423a-8f0c-d914fca1a34b 32e140094f3e40a690e76152f7fa2d6b 946c6ea187e7440eacb085b7ee774336 - - default default] GET http://[LB_IP_ADDRESS]:8776/v3/946c6ea187e7440eacb085b7ee774336/snapshots/a8929fee-7d15-480b-9696-dd20f27deb9c
2026-03-27 13:01:44.709 72 INFO cinder.volume.api [None req-64ea06d2-971b-423a-8f0c-d914fca1a34b 32e140094f3e40a690e76152f7fa2d6b 946c6ea187e7440eacb085b7ee774336 - - default default] Snapshot retrieved successfully.
2026-03-27 13:01:44.711 72 INFO cinder.api.openstack.wsgi [None req-64ea06d2-971b-423a-8f0c-d914fca1a34b 32e140094f3e40a690e76152f7fa2d6b 946c6ea187e7440eacb085b7ee774336 - - default default] http://[LB_IP_ADDRESS]:8776/v3/946c6ea187e7440eacb085b7ee774336/snapshots/a8929fee-7d15-480b-9696-dd20f27deb9c returned with HTTP 200
2026-03-27 13:01:44.786 73 INFO cinder.group.api [None req-b6002832-0ed9-4d25-bed7-89f2736cd439 294a8df671004c6b841a8ce34328e98b 32a7c4c9da1d408288bb1419c2884409 - - default default] A mapping entry already exists for group b26b5f3b-4e20-46f6-8e48-3fe18c204d4b and volume type 44b76572-4848-4791-9ab8-56e5159e3b4a. Do not need to create again.
2026-03-27 13:01:44.792 73 INFO cinder.volume.api [None req-b6002832-0ed9-4d25-bed7-89f2736cd439 294a8df671004c6b841a8ce34328e98b 32a7c4c9da1d408288bb1419c2884409 - - default default] Availability Zones retrieved successfully.
2026-03-27 13:01:44.872 73 WARNING cinder.quota [None req-b6002832-0ed9-4d25-bed7-89f2736cd439 294a8df671004c6b841a8ce34328e98b 32a7c4c9da1d408288bb1419c2884409 - - default default] Deprecated: Default quota for resource: volumes_tempest-GroupSnapshotsTest-volume-type-1102635254 is set by the default quota flag: quota_volumes_tempest-GroupSnapshotsTest-volume-type-1102635254, it is now deprecated. Please use the default quota class for default quota.
