2026-03-25 15:44:28.849 75 INFO cinder.api.openstack.wsgi [None req-6d841187-a566-4481-b8df-d7d92870458d 3f94946b05e045d9946eb8eedff219dc 4dc89b338c8248519f882d190ed341e5 - - default default] http://[LB_IP_ADDRESS]:8776/v3/4dc89b338c8248519f882d190ed341e5/groups/602fc291-0395-4579-bae7-91b977172797/action returned with HTTP 202
2026-03-25 15:44:28.859 76 INFO cinder.api.openstack.wsgi [None req-15645eeb-f7dd-443d-97a4-010f2d189ee3 3f94946b05e045d9946eb8eedff219dc 4dc89b338c8248519f882d190ed341e5 - - default default] GET http://[LB_IP_ADDRESS]:8776/v3/4dc89b338c8248519f882d190ed341e5/volumes/eea822c2-6521-42ac-a5cb-3410a5f0d346
2026-03-25 15:44:28.879 76 INFO cinder.volume.api [None req-15645eeb-f7dd-443d-97a4-010f2d189ee3 3f94946b05e045d9946eb8eedff219dc 4dc89b338c8248519f882d190ed341e5 - - default default] Volume info retrieved successfully.
2026-03-25 15:44:28.900 76 INFO cinder.api.openstack.wsgi [None req-15645eeb-f7dd-443d-97a4-010f2d189ee3 3f94946b05e045d9946eb8eedff219dc 4dc89b338c8248519f882d190ed341e5 - - default default] http://[LB_IP_ADDRESS]:8776/v3/4dc89b338c8248519f882d190ed341e5/volumes/eea822c2-6521-42ac-a5cb-3410a5f0d346 returned with HTTP 200
2026-03-25 15:44:29.738 74 INFO cinder.api.openstack.wsgi [None req-c6d91757-175d-42d8-a6e2-58c1b30b979a 04c26e76cc61409e90145893d7a92f28 3854a8d8124b458f8f62e825abf8c4c8 - - default default] GET http://[LB_IP_ADDRESS]:8776/v3/3854a8d8124b458f8f62e825abf8c4c8/volumes/0faad0a0-6292-47ce-a9f5-5a7581c661dc
2026-03-25 15:44:29.760 74 INFO cinder.volume.api [None req-c6d91757-175d-42d8-a6e2-58c1b30b979a 04c26e76cc61409e90145893d7a92f28 3854a8d8124b458f8f62e825abf8c4c8 - - default default] Volume info retrieved successfully.
2026-03-25 15:44:29.787 74 INFO cinder.api.openstack.wsgi [None req-c6d91757-175d-42d8-a6e2-58c1b30b979a 04c26e76cc61409e90145893d7a92f28 3854a8d8124b458f8f62e825abf8c4c8 - - default default] http://[LB_IP_ADDRESS]:8776/v3/3854a8d8124b458f8f62e825abf8c4c8/volumes/0faad0a0-6292-47ce-a9f5-5a7581c661dc returned with HTTP 200
2026-03-25 15:44:29.810 72 INFO cinder.api.openstack.wsgi [None req-2ad13228-12b7-432b-895d-56ba5433751d 04c26e76cc61409e90145893d7a92f28 3854a8d8124b458f8f62e825abf8c4c8 - - default default] POST http://[LB_IP_ADDRESS]:8776/v3/3854a8d8124b458f8f62e825abf8c4c8/group_snapshots
2026-03-25 15:44:29.826 72 INFO cinder.api.v3.group_snapshots [None req-2ad13228-12b7-432b-895d-56ba5433751d 04c26e76cc61409e90145893d7a92f28 3854a8d8124b458f8f62e825abf8c4c8 - - default default] Creating group_snapshot tempest-group_snapshot-301695521.
2026-03-25 15:44:29.873 72 WARNING cinder.quota [None req-2ad13228-12b7-432b-895d-56ba5433751d 04c26e76cc61409e90145893d7a92f28 3854a8d8124b458f8f62e825abf8c4c8 - - default default] Deprecated: Default quota for resource: gigabytes_tempest-GroupSnapshotsTest-volume-type-2133263071 is set by the default quota flag: quota_gigabytes_tempest-GroupSnapshotsTest-volume-type-2133263071, it is now deprecated. Please use the default quota class for default quota.
2026-03-25 15:44:29.874 72 WARNING cinder.quota [None req-2ad13228-12b7-432b-895d-56ba5433751d 04c26e76cc61409e90145893d7a92f28 3854a8d8124b458f8f62e825abf8c4c8 - - default default] Deprecated: Default quota for resource: snapshots_tempest-GroupSnapshotsTest-volume-type-2133263071 is set by the default quota flag: quota_snapshots_tempest-GroupSnapshotsTest-volume-type-2133263071, it is now deprecated. Please use the default quota class for default quota.
2026-03-25 15:44:29.925 73 INFO cinder.api.openstack.wsgi [None req-af5fcb13-f0be-4ebf-838f-82f45a5907e0 3f94946b05e045d9946eb8eedff219dc 4dc89b338c8248519f882d190ed341e5 - - default default] GET http://[LB_IP_ADDRESS]:8776/v3/4dc89b338c8248519f882d190ed341e5/volumes/eea822c2-6521-42ac-a5cb-3410a5f0d346
2026-03-25 15:44:29.938 73 INFO cinder.api.openstack.wsgi [None req-af5fcb13-f0be-4ebf-838f-82f45a5907e0 3f94946b05e045d9946eb8eedff219dc 4dc89b338c8248519f882d190ed341e5 - - default default] http://[LB_IP_ADDRESS]:8776/v3/4dc89b338c8248519f882d190ed341e5/volumes/eea822c2-6521-42ac-a5cb-3410a5f0d346 returned with HTTP 404
2026-03-25 15:44:29.940 72 INFO cinder.api.openstack.wsgi [None req-2ad13228-12b7-432b-895d-56ba5433751d 04c26e76cc61409e90145893d7a92f28 3854a8d8124b458f8f62e825abf8c4c8 - - default default] http://[LB_IP_ADDRESS]:8776/v3/3854a8d8124b458f8f62e825abf8c4c8/group_snapshots returned with HTTP 202
2026-03-25 15:44:29.951 75 INFO cinder.api.openstack.wsgi [None req-bdbdccd0-019b-4d6e-aa91-1537a31a5d0f 3f94946b05e045d9946eb8eedff219dc 4dc89b338c8248519f882d190ed341e5 - - default default] GET http://[LB_IP_ADDRESS]:8776/v3/4dc89b338c8248519f882d190ed341e5/groups/602fc291-0395-4579-bae7-91b977172797
2026-03-25 15:44:29.954 76 INFO cinder.api.openstack.wsgi [None req-c6db29f8-ec16-43c7-b57d-83ea9f3f3a15 04c26e76cc61409e90145893d7a92f28 3854a8d8124b458f8f62e825abf8c4c8 - - default default] GET http://[LB_IP_ADDRESS]:8776/v3/3854a8d8124b458f8f62e825abf8c4c8/group_snapshots/36b9910b-1d16-459a-ab61-5e64c6ec7f38
2026-03-25 15:44:29.957 75 INFO cinder.api.openstack.wsgi [None req-bdbdccd0-019b-4d6e-aa91-1537a31a5d0f 3f94946b05e045d9946eb8eedff219dc 4dc89b338c8248519f882d190ed341e5 - - default default] http://[LB_IP_ADDRESS]:8776/v3/4dc89b338c8248519f882d190ed341e5/groups/602fc291-0395-4579-bae7-91b977172797 returned with HTTP 404
2026-03-25 15:44:29.967 76 INFO cinder.api.openstack.wsgi [None req-c6db29f8-ec16-43c7-b57d-83ea9f3f3a15 04c26e76cc61409e90145893d7a92f28 3854a8d8124b458f8f62e825abf8c4c8 - - default default] http://[LB_IP_ADDRESS]:8776/v3/3854a8d8124b458f8f62e825abf8c4c8/group_snapshots/36b9910b-1d16-459a-ab61-5e64c6ec7f38 returned with HTTP 200
2026-03-25 15:44:29.969 74 INFO cinder.api.openstack.wsgi [None req-69a73ce4-6593-434e-885a-36cb1bfadce2 3f94946b05e045d9946eb8eedff219dc 4dc89b338c8248519f882d190ed341e5 - - default default] GET http://[LB_IP_ADDRESS]:8776/v3/4dc89b338c8248519f882d190ed341e5/volumes/detail
2026-03-25 15:44:29.986 74 INFO cinder.volume.api [None req-69a73ce4-6593-434e-885a-36cb1bfadce2 3f94946b05e045d9946eb8eedff219dc 4dc89b338c8248519f882d190ed341e5 - - default default] Get all volumes completed successfully.
2026-03-25 15:44:30.013 74 INFO cinder.api.openstack.wsgi [None req-69a73ce4-6593-434e-885a-36cb1bfadce2 3f94946b05e045d9946eb8eedff219dc 4dc89b338c8248519f882d190ed341e5 - - default default] http://[LB_IP_ADDRESS]:8776/v3/4dc89b338c8248519f882d190ed341e5/volumes/detail returned with HTTP 200
2026-03-25 15:44:30.035 73 INFO cinder.api.openstack.wsgi [None req-7279c24f-e389-4cd1-ba38-2bd404972f7d 3f94946b05e045d9946eb8eedff219dc 4dc89b338c8248519f882d190ed341e5 - - default default] POST http://[LB_IP_ADDRESS]:8776/v3/4dc89b338c8248519f882d190ed341e5/groups/acd83b0b-8d6c-44aa-9417-3cd9e33b9e0d/action
2026-03-25 15:44:30.039 73 INFO cinder.api.v3.groups [None req-7279c24f-e389-4cd1-ba38-2bd404972f7d 3f94946b05e045d9946eb8eedff219dc 4dc89b338c8248519f882d190ed341e5 - - default default] Delete group with id: acd83b0b-8d6c-44aa-9417-3cd9e33b9e0d
2026-03-25 15:44:30.101 73 INFO cinder.api.openstack.wsgi [None req-7279c24f-e389-4cd1-ba38-2bd404972f7d 3f94946b05e045d9946eb8eedff219dc 4dc89b338c8248519f882d190ed341e5 - - default default] http://[LB_IP_ADDRESS]:8776/v3/4dc89b338c8248519f882d190ed341e5/groups/acd83b0b-8d6c-44aa-9417-3cd9e33b9e0d/action returned with HTTP 202
2026-03-25 15:44:30.113 72 INFO cinder.api.openstack.wsgi [None req-f89daf9f-cb9c-4f33-8da4-12f6ec06ac85 3f94946b05e045d9946eb8eedff219dc 4dc89b338c8248519f882d190ed341e5 - - default default] GET http://[LB_IP_ADDRESS]:8776/v3/4dc89b338c8248519f882d190ed341e5/volumes/34b483f9-b1ce-4005-a2b8-ad4c991976da
2026-03-25 15:44:30.135 72 INFO cinder.volume.api [None req-f89daf9f-cb9c-4f33-8da4-12f6ec06ac85 3f94946b05e045d9946eb8eedff219dc 4dc89b338c8248519f882d190ed341e5 - - default default] Volume info retrieved successfully.
2026-03-25 15:44:30.160 72 INFO cinder.api.openstack.wsgi [None req-f89daf9f-cb9c-4f33-8da4-12f6ec06ac85 3f94946b05e045d9946eb8eedff219dc 4dc89b338c8248519f882d190ed341e5 - - default default] http://[LB_IP_ADDRESS]:8776/v3/4dc89b338c8248519f882d190ed341e5/volumes/34b483f9-b1ce-4005-a2b8-ad4c991976da returned with HTTP 200
2026-03-25 15:44:30.660 75 INFO cinder.api.openstack.wsgi [None req-7985723b-c033-44dc-9829-cbfb321e3c4a caec2c3dcd36410c9cabb4101d239cec 9f0022e2da7e4c7c98465c8d7e6d4c6f - - default default] POST http://[LB_IP_ADDRESS]:8776/v3/9f0022e2da7e4c7c98465c8d7e6d4c6f/types
2026-03-25 15:44:30.688 75 INFO cinder.api.openstack.wsgi [None req-7985723b-c033-44dc-9829-cbfb321e3c4a caec2c3dcd36410c9cabb4101d239cec 9f0022e2da7e4c7c98465c8d7e6d4c6f - - default default] http://[LB_IP_ADDRESS]:8776/v3/9f0022e2da7e4c7c98465c8d7e6d4c6f/types returned with HTTP 200
2026-03-25 15:44:30.852 76 INFO cinder.api.openstack.wsgi [None req-962ac0f6-6ee9-4e16-a97c-138be9540291 f76dd287dddf42119be4f840e5b6fb1c 19fe657a54344cac8fc1d84d20934c4e - - default default] POST http://[LB_IP_ADDRESS]:8776/v3/19fe657a54344cac8fc1d84d20934c4e/volumes
2026-03-25 15:44:30.862 76 INFO cinder.api.v3.volumes [None req-962ac0f6-6ee9-4e16-a97c-138be9540291 f76dd287dddf42119be4f840e5b6fb1c 19fe657a54344cac8fc1d84d20934c4e - - default default] Create volume of 1 GB
2026-03-25 15:44:30.864 76 INFO cinder.volume.api [None req-962ac0f6-6ee9-4e16-a97c-138be9540291 f76dd287dddf42119be4f840e5b6fb1c 19fe657a54344cac8fc1d84d20934c4e - - default default] Availability Zones retrieved successfully.
2026-03-25 15:44:30.957 76 WARNING cinder.quota [None req-962ac0f6-6ee9-4e16-a97c-138be9540291 f76dd287dddf42119be4f840e5b6fb1c 19fe657a54344cac8fc1d84d20934c4e - - default default] Deprecated: Default quota for resource: volumes_tempest-UserMessagesTest-volume-type-770980745 is set by the default quota flag: quota_volumes_tempest-UserMessagesTest-volume-type-770980745, it is now deprecated. Please use the default quota class for default quota.
2026-03-25 15:44:30.958 76 WARNING cinder.quota [None req-962ac0f6-6ee9-4e16-a97c-138be9540291 f76dd287dddf42119be4f840e5b6fb1c 19fe657a54344cac8fc1d84d20934c4e - - default default] Deprecated: Default quota for resource: gigabytes_tempest-UserMessagesTest-volume-type-770980745 is set by the default quota flag: quota_gigabytes_tempest-UserMessagesTest-volume-type-770980745, it is now deprecated. Please use the default quota class for default quota.
2026-03-25 15:44:30.983 74 INFO cinder.api.openstack.wsgi [None req-3107cbb1-3321-4116-80c4-19417463427b 04c26e76cc61409e90145893d7a92f28 3854a8d8124b458f8f62e825abf8c4c8 - - default default] GET http://[LB_IP_ADDRESS]:8776/v3/3854a8d8124b458f8f62e825abf8c4c8/group_snapshots/36b9910b-1d16-459a-ab61-5e64c6ec7f38
2026-03-25 15:44:30.995 74 INFO cinder.api.openstack.wsgi [None req-3107cbb1-3321-4116-80c4-19417463427b 04c26e76cc61409e90145893d7a92f28 3854a8d8124b458f8f62e825abf8c4c8 - - default default] http://[LB_IP_ADDRESS]:8776/v3/3854a8d8124b458f8f62e825abf8c4c8/group_snapshots/36b9910b-1d16-459a-ab61-5e64c6ec7f38 returned with HTTP 200
2026-03-25 15:44:31.059 76 INFO cinder.volume.api [None req-962ac0f6-6ee9-4e16-a97c-138be9540291 f76dd287dddf42119be4f840e5b6fb1c 19fe657a54344cac8fc1d84d20934c4e - - default default] Create volume request issued successfully.
2026-03-25 15:44:31.061 76 INFO cinder.api.openstack.wsgi [None req-962ac0f6-6ee9-4e16-a97c-138be9540291 f76dd287dddf42119be4f840e5b6fb1c 19fe657a54344cac8fc1d84d20934c4e - - default default] http://[LB_IP_ADDRESS]:8776/v3/19fe657a54344cac8fc1d84d20934c4e/volumes returned with HTTP 202
2026-03-25 15:44:31.082 73 INFO cinder.api.openstack.wsgi [None req-ee4e8ef9-8496-4992-a1d8-f94ca9ac2096 f76dd287dddf42119be4f840e5b6fb1c 19fe657a54344cac8fc1d84d20934c4e - - default default] GET http://[LB_IP_ADDRESS]:8776/v3/19fe657a54344cac8fc1d84d20934c4e/volumes/b9193027-3592-40e2-bb8c-0a8afa70e8ff
2026-03-25 15:44:31.105 73 INFO cinder.volume.api [None req-ee4e8ef9-8496-4992-a1d8-f94ca9ac2096 f76dd287dddf42119be4f840e5b6fb1c 19fe657a54344cac8fc1d84d20934c4e - - default default] Volume info retrieved successfully.
2026-03-25 15:44:31.114 73 INFO cinder.api.openstack.wsgi [None req-ee4e8ef9-8496-4992-a1d8-f94ca9ac2096 f76dd287dddf42119be4f840e5b6fb1c 19fe657a54344cac8fc1d84d20934c4e - - default default] http://[LB_IP_ADDRESS]:8776/v3/19fe657a54344cac8fc1d84d20934c4e/volumes/b9193027-3592-40e2-bb8c-0a8afa70e8ff returned with HTTP 200
2026-03-25 15:44:31.184 72 INFO cinder.api.openstack.wsgi [None req-5635bee1-9b82-4224-bf71-119a5f5d92fb 3f94946b05e045d9946eb8eedff219dc 4dc89b338c8248519f882d190ed341e5 - - default default] GET http://[LB_IP_ADDRESS]:8776/v3/4dc89b338c8248519f882d190ed341e5/volumes/34b483f9-b1ce-4005-a2b8-ad4c991976da
2026-03-25 15:44:31.197 72 INFO cinder.api.openstack.wsgi [None req-5635bee1-9b82-4224-bf71-119a5f5d92fb 3f94946b05e045d9946eb8eedff219dc 4dc89b338c8248519f882d190ed341e5 - - default default] http://[LB_IP_ADDRESS]:8776/v3/4dc89b338c8248519f882d190ed341e5/volumes/34b483f9-b1ce-4005-a2b8-ad4c991976da returned with HTTP 404
2026-03-25 15:44:31.210 75 INFO cinder.api.openstack.wsgi [None req-8a70fccc-9fbb-4ec3-8c3b-355de39db0ee 3f94946b05e045d9946eb8eedff219dc 4dc89b338c8248519f882d190ed341e5 - - default default] GET http://[LB_IP_ADDRESS]:8776/v3/4dc89b338c8248519f882d190ed341e5/groups/acd83b0b-8d6c-44aa-9417-3cd9e33b9e0d
2026-03-25 15:44:31.215 75 INFO cinder.api.openstack.wsgi [None req-8a70fccc-9fbb-4ec3-8c3b-355de39db0ee 3f94946b05e045d9946eb8eedff219dc 4dc89b338c8248519f882d190ed341e5 - - default default] http://[LB_IP_ADDRESS]:8776/v3/4dc89b338c8248519f882d190ed341e5/groups/acd83b0b-8d6c-44aa-9417-3cd9e33b9e0d returned with HTTP 404
2026-03-25 15:44:31.228 74 INFO cinder.api.openstack.wsgi [None req-bac583b2-fff4-4c5f-a168-6ec4104bcce5 1ea47681aea54f2ba06e7ea4e1ab6a5e 9c1dc95b39c64fa0882f689992482913 - - default default] DELETE http://[LB_IP_ADDRESS]:8776/v3/9c1dc95b39c64fa0882f689992482913/group_types/6d4a49c3-b4ae-4186-b914-b62f51eef5c3
2026-03-25 15:44:31.250 74 INFO cinder.api.openstack.wsgi [None req-bac583b2-fff4-4c5f-a168-6ec4104bcce5 1ea47681aea54f2ba06e7ea4e1ab6a5e 9c1dc95b39c64fa0882f689992482913 - - default default] http://[LB_IP_ADDRESS]:8776/v3/9c1dc95b39c64fa0882f689992482913/group_types/6d4a49c3-b4ae-4186-b914-b62f51eef5c3 returned with HTTP 202
2026-03-25 15:44:31.263 76 INFO cinder.api.openstack.wsgi [None req-4f6f2ba5-675e-4f16-bd5b-63e6492252d4 1ea47681aea54f2ba06e7ea4e1ab6a5e 9c1dc95b39c64fa0882f689992482913 - - default default] DELETE http://[LB_IP_ADDRESS]:8776/v3/9c1dc95b39c64fa0882f689992482913/types/da4d3c1b-c538-4b4d-ac2a-38f2e2acaef9
2026-03-25 15:44:31.307 76 INFO cinder.api.openstack.wsgi [None req-4f6f2ba5-675e-4f16-bd5b-63e6492252d4 1ea47681aea54f2ba06e7ea4e1ab6a5e 9c1dc95b39c64fa0882f689992482913 - - default default] http://[LB_IP_ADDRESS]:8776/v3/9c1dc95b39c64fa0882f689992482913/types/da4d3c1b-c538-4b4d-ac2a-38f2e2acaef9 returned with HTTP 202
2026-03-25 15:44:31.319 73 INFO cinder.api.openstack.wsgi [None req-9cfe1ec5-3e89-4a28-a0de-a23724052142 1ea47681aea54f2ba06e7ea4e1ab6a5e 9c1dc95b39c64fa0882f689992482913 - - default default] GET http://[LB_IP_ADDRESS]:8776/v3/9c1dc95b39c64fa0882f689992482913/types/da4d3c1b-c538-4b4d-ac2a-38f2e2acaef9
2026-03-25 15:44:31.326 73 INFO cinder.api.openstack.wsgi [None req-9cfe1ec5-3e89-4a28-a0de-a23724052142 1ea47681aea54f2ba06e7ea4e1ab6a5e 9c1dc95b39c64fa0882f689992482913 - - default default] http://[LB_IP_ADDRESS]:8776/v3/9c1dc95b39c64fa0882f689992482913/types/da4d3c1b-c538-4b4d-ac2a-38f2e2acaef9 returned with HTTP 404
2026-03-25 15:44:32.011 72 INFO cinder.api.openstack.wsgi [None req-ae71142a-79ee-45e3-af46-55068979d9a1 04c26e76cc61409e90145893d7a92f28 3854a8d8124b458f8f62e825abf8c4c8 - - default default] GET http://[LB_IP_ADDRESS]:8776/v3/3854a8d8124b458f8f62e825abf8c4c8/group_snapshots/36b9910b-1d16-459a-ab61-5e64c6ec7f38
2026-03-25 15:44:32.023 72 INFO cinder.api.openstack.wsgi [None req-ae71142a-79ee-45e3-af46-55068979d9a1 04c26e76cc61409e90145893d7a92f28 3854a8d8124b458f8f62e825abf8c4c8 - - default default] http://[LB_IP_ADDRESS]:8776/v3/3854a8d8124b458f8f62e825abf8c4c8/group_snapshots/36b9910b-1d16-459a-ab61-5e64c6ec7f38 returned with HTTP 200
2026-03-25 15:44:32.038 75 INFO cinder.api.openstack.wsgi [None req-3d76ee9d-c44b-4567-840f-57e39046abc6 04c26e76cc61409e90145893d7a92f28 3854a8d8124b458f8f62e825abf8c4c8 - - default default] GET http://[LB_IP_ADDRESS]:8776/v3/3854a8d8124b458f8f62e825abf8c4c8/snapshots/detail
2026-03-25 15:44:32.047 75 INFO cinder.volume.api [None req-3d76ee9d-c44b-4567-840f-57e39046abc6 04c26e76cc61409e90145893d7a92f28 3854a8d8124b458f8f62e825abf8c4c8 - - default default] Get all snapshots completed successfully.
2026-03-25 15:44:32.049 75 INFO cinder.api.openstack.wsgi [None req-3d76ee9d-c44b-4567-840f-57e39046abc6 04c26e76cc61409e90145893d7a92f28 3854a8d8124b458f8f62e825abf8c4c8 - - default default] http://[LB_IP_ADDRESS]:8776/v3/3854a8d8124b458f8f62e825abf8c4c8/snapshots/detail returned with HTTP 200
2026-03-25 15:44:32.066 74 INFO cinder.api.openstack.wsgi [None req-8a33b7ab-769e-47aa-8923-df7217e5daf7 04c26e76cc61409e90145893d7a92f28 3854a8d8124b458f8f62e825abf8c4c8 - - default default] GET http://[LB_IP_ADDRESS]:8776/v3/3854a8d8124b458f8f62e825abf8c4c8/snapshots/c99cbfc0-d088-4945-9f84-7df93c698d06
2026-03-25 15:44:32.076 74 INFO cinder.volume.api [None req-8a33b7ab-769e-47aa-8923-df7217e5daf7 04c26e76cc61409e90145893d7a92f28 3854a8d8124b458f8f62e825abf8c4c8 - - default default] Snapshot retrieved successfully.
2026-03-25 15:44:32.078 74 INFO cinder.api.openstack.wsgi [None req-8a33b7ab-769e-47aa-8923-df7217e5daf7 04c26e76cc61409e90145893d7a92f28 3854a8d8124b458f8f62e825abf8c4c8 - - default default] http://[LB_IP_ADDRESS]:8776/v3/3854a8d8124b458f8f62e825abf8c4c8/snapshots/c99cbfc0-d088-4945-9f84-7df93c698d06 returned with HTTP 200
2026-03-25 15:44:32.095 76 INFO cinder.api.openstack.wsgi [None req-49d42fc4-4625-4327-bffd-720ced26d50c 04c26e76cc61409e90145893d7a92f28 3854a8d8124b458f8f62e825abf8c4c8 - - default default] POST http://[LB_IP_ADDRESS]:8776/v3/3854a8d8124b458f8f62e825abf8c4c8/groups/action
2026-03-25 15:44:32.100 76 INFO cinder.api.v3.groups [None req-49d42fc4-4625-4327-bffd-720ced26d50c 04c26e76cc61409e90145893d7a92f28 3854a8d8124b458f8f62e825abf8c4c8 - - default default] Creating group tempest-Group_from_snap-1894993806 from group_snapshot 36b9910b-1d16-459a-ab61-5e64c6ec7f38.
2026-03-25 15:44:32.135 73 INFO cinder.api.openstack.wsgi [None req-13d55402-4e4a-4b2a-be3e-380ef304cccf f76dd287dddf42119be4f840e5b6fb1c 19fe657a54344cac8fc1d84d20934c4e - - default default] GET http://[LB_IP_ADDRESS]:8776/v3/19fe657a54344cac8fc1d84d20934c4e/volumes/b9193027-3592-40e2-bb8c-0a8afa70e8ff
2026-03-25 15:44:32.155 73 INFO cinder.volume.api [None req-13d55402-4e4a-4b2a-be3e-380ef304cccf f76dd287dddf42119be4f840e5b6fb1c 19fe657a54344cac8fc1d84d20934c4e - - default default] Volume info retrieved successfully.
2026-03-25 15:44:32.163 73 INFO cinder.api.openstack.wsgi [None req-13d55402-4e4a-4b2a-be3e-380ef304cccf f76dd287dddf42119be4f840e5b6fb1c 19fe657a54344cac8fc1d84d20934c4e - - default default] http://[LB_IP_ADDRESS]:8776/v3/19fe657a54344cac8fc1d84d20934c4e/volumes/b9193027-3592-40e2-bb8c-0a8afa70e8ff returned with HTTP 200
2026-03-25 15:44:32.185 72 INFO cinder.api.openstack.wsgi [None req-da345e76-068b-4acb-822e-8b29bc476c42 f76dd287dddf42119be4f840e5b6fb1c 19fe657a54344cac8fc1d84d20934c4e - - default default] GET http://[LB_IP_ADDRESS]:8776/v3/19fe657a54344cac8fc1d84d20934c4e/messages
2026-03-25 15:44:32.192 72 INFO cinder.api.openstack.wsgi [None req-da345e76-068b-4acb-822e-8b29bc476c42 f76dd287dddf42119be4f840e5b6fb1c 19fe657a54344cac8fc1d84d20934c4e - - default default] http://[LB_IP_ADDRESS]:8776/v3/19fe657a54344cac8fc1d84d20934c4e/messages returned with HTTP 200
2026-03-25 15:44:32.207 75 INFO cinder.api.openstack.wsgi [None req-de933e46-78c0-4758-a7d4-8fc5197bee83 f76dd287dddf42119be4f840e5b6fb1c 19fe657a54344cac8fc1d84d20934c4e - - default default] DELETE http://[LB_IP_ADDRESS]:8776/v3/19fe657a54344cac8fc1d84d20934c4e/messages/2d59f7cd-adf5-4f35-b2ac-4ab934701801
2026-03-25 15:44:32.219 75 INFO cinder.api.openstack.wsgi [None req-de933e46-78c0-4758-a7d4-8fc5197bee83 f76dd287dddf42119be4f840e5b6fb1c 19fe657a54344cac8fc1d84d20934c4e - - default default] http://[LB_IP_ADDRESS]:8776/v3/19fe657a54344cac8fc1d84d20934c4e/messages/2d59f7cd-adf5-4f35-b2ac-4ab934701801 returned with HTTP 204
2026-03-25 15:44:32.231 74 INFO cinder.api.openstack.wsgi [None req-ec18f279-8d4c-45ff-b2d9-d59b4ad408cd f76dd287dddf42119be4f840e5b6fb1c 19fe657a54344cac8fc1d84d20934c4e - - default default] GET http://[LB_IP_ADDRESS]:8776/v3/19fe657a54344cac8fc1d84d20934c4e/messages/2d59f7cd-adf5-4f35-b2ac-4ab934701801
2026-03-25 15:44:32.236 74 INFO cinder.api.openstack.wsgi [None req-ec18f279-8d4c-45ff-b2d9-d59b4ad408cd f76dd287dddf42119be4f840e5b6fb1c 19fe657a54344cac8fc1d84d20934c4e - - default default] http://[LB_IP_ADDRESS]:8776/v3/19fe657a54344cac8fc1d84d20934c4e/messages/2d59f7cd-adf5-4f35-b2ac-4ab934701801 returned with HTTP 404
2026-03-25 15:44:32.247 73 INFO cinder.api.openstack.wsgi [None req-ed1aea93-34d5-41a1-b663-e2f0ada7f0bf f76dd287dddf42119be4f840e5b6fb1c 19fe657a54344cac8fc1d84d20934c4e - - default default] GET http://[LB_IP_ADDRESS]:8776/v3/19fe657a54344cac8fc1d84d20934c4e/volumes/b9193027-3592-40e2-bb8c-0a8afa70e8ff
2026-03-25 15:44:32.267 73 INFO cinder.volume.api [None req-ed1aea93-34d5-41a1-b663-e2f0ada7f0bf f76dd287dddf42119be4f840e5b6fb1c 19fe657a54344cac8fc1d84d20934c4e - - default default] Volume info retrieved successfully.
2026-03-25 15:44:32.275 73 INFO cinder.api.openstack.wsgi [None req-ed1aea93-34d5-41a1-b663-e2f0ada7f0bf f76dd287dddf42119be4f840e5b6fb1c 19fe657a54344cac8fc1d84d20934c4e - - default default] http://[LB_IP_ADDRESS]:8776/v3/19fe657a54344cac8fc1d84d20934c4e/volumes/b9193027-3592-40e2-bb8c-0a8afa70e8ff returned with HTTP 200
2026-03-25 15:44:32.297 72 INFO cinder.api.openstack.wsgi [None req-03a400e9-1067-46e8-8ac0-6a03a59f71ff f76dd287dddf42119be4f840e5b6fb1c 19fe657a54344cac8fc1d84d20934c4e - - default default] DELETE http://[LB_IP_ADDRESS]:8776/v3/19fe657a54344cac8fc1d84d20934c4e/volumes/b9193027-3592-40e2-bb8c-0a8afa70e8ff
2026-03-25 15:44:32.298 72 INFO cinder.api.v3.volumes [None req-03a400e9-1067-46e8-8ac0-6a03a59f71ff f76dd287dddf42119be4f840e5b6fb1c 19fe657a54344cac8fc1d84d20934c4e - - default default] Delete volume with id: b9193027-3592-40e2-bb8c-0a8afa70e8ff 
2026-03-25 15:44:32.314 72 INFO cinder.volume.api [None req-03a400e9-1067-46e8-8ac0-6a03a59f71ff f76dd287dddf42119be4f840e5b6fb1c 19fe657a54344cac8fc1d84d20934c4e - - default default] Volume info retrieved successfully.
2026-03-25 15:44:32.335 72 WARNING cinder.quota [None req-03a400e9-1067-46e8-8ac0-6a03a59f71ff f76dd287dddf42119be4f840e5b6fb1c 19fe657a54344cac8fc1d84d20934c4e - - default default] Deprecated: Default quota for resource: volumes_tempest-UserMessagesTest-volume-type-770980745 is set by the default quota flag: quota_volumes_tempest-UserMessagesTest-volume-type-770980745, it is now deprecated. Please use the default quota class for default quota.
2026-03-25 15:44:32.336 72 WARNING cinder.quota [None req-03a400e9-1067-46e8-8ac0-6a03a59f71ff f76dd287dddf42119be4f840e5b6fb1c 19fe657a54344cac8fc1d84d20934c4e - - default default] Deprecated: Default quota for resource: gigabytes_tempest-UserMessagesTest-volume-type-770980745 is set by the default quota flag: quota_gigabytes_tempest-UserMessagesTest-volume-type-770980745, it is now deprecated. Please use the default quota class for default quota.
2026-03-25 15:44:32.386 72 INFO cinder.volume.api [None req-03a400e9-1067-46e8-8ac0-6a03a59f71ff f76dd287dddf42119be4f840e5b6fb1c 19fe657a54344cac8fc1d84d20934c4e - - default default] Delete volume request issued successfully.
2026-03-25 15:44:32.387 72 INFO cinder.api.openstack.wsgi [None req-03a400e9-1067-46e8-8ac0-6a03a59f71ff f76dd287dddf42119be4f840e5b6fb1c 19fe657a54344cac8fc1d84d20934c4e - - default default] http://[LB_IP_ADDRESS]:8776/v3/19fe657a54344cac8fc1d84d20934c4e/volumes/b9193027-3592-40e2-bb8c-0a8afa70e8ff returned with HTTP 202
2026-03-25 15:44:32.397 75 INFO cinder.api.openstack.wsgi [None req-720a84b9-fc71-422f-8f32-1c6460b8615b f76dd287dddf42119be4f840e5b6fb1c 19fe657a54344cac8fc1d84d20934c4e - - default default] GET http://[LB_IP_ADDRESS]:8776/v3/19fe657a54344cac8fc1d84d20934c4e/volumes/b9193027-3592-40e2-bb8c-0a8afa70e8ff
2026-03-25 15:44:32.406 75 INFO cinder.api.openstack.wsgi [None req-720a84b9-fc71-422f-8f32-1c6460b8615b f76dd287dddf42119be4f840e5b6fb1c 19fe657a54344cac8fc1d84d20934c4e - - default default] http://[LB_IP_ADDRESS]:8776/v3/19fe657a54344cac8fc1d84d20934c4e/volumes/b9193027-3592-40e2-bb8c-0a8afa70e8ff returned with HTTP 404
2026-03-25 15:44:32.418 74 INFO cinder.api.openstack.wsgi [None req-0972ba7d-a958-4a6a-b61b-dbba9f2a0a3c caec2c3dcd36410c9cabb4101d239cec 9f0022e2da7e4c7c98465c8d7e6d4c6f - - default default] DELETE http://[LB_IP_ADDRESS]:8776/v3/9f0022e2da7e4c7c98465c8d7e6d4c6f/types/2d04a0e3-de8d-4bc9-89b0-1cfab58c8695
2026-03-25 15:44:32.461 74 INFO cinder.api.openstack.wsgi [None req-0972ba7d-a958-4a6a-b61b-dbba9f2a0a3c caec2c3dcd36410c9cabb4101d239cec 9f0022e2da7e4c7c98465c8d7e6d4c6f - - default default] http://[LB_IP_ADDRESS]:8776/v3/9f0022e2da7e4c7c98465c8d7e6d4c6f/types/2d04a0e3-de8d-4bc9-89b0-1cfab58c8695 returned with HTTP 202
2026-03-25 15:44:32.473 73 INFO cinder.api.openstack.wsgi [None req-f9b1e134-7098-47fc-97f5-b98831b45475 caec2c3dcd36410c9cabb4101d239cec 9f0022e2da7e4c7c98465c8d7e6d4c6f - - default default] GET http://[LB_IP_ADDRESS]:8776/v3/9f0022e2da7e4c7c98465c8d7e6d4c6f/types/2d04a0e3-de8d-4bc9-89b0-1cfab58c8695
2026-03-25 15:44:32.479 73 INFO cinder.api.openstack.wsgi [None req-f9b1e134-7098-47fc-97f5-b98831b45475 caec2c3dcd36410c9cabb4101d239cec 9f0022e2da7e4c7c98465c8d7e6d4c6f - - default default] http://[LB_IP_ADDRESS]:8776/v3/9f0022e2da7e4c7c98465c8d7e6d4c6f/types/2d04a0e3-de8d-4bc9-89b0-1cfab58c8695 returned with HTTP 404
2026-03-25 15:44:32.493 72 INFO cinder.api.openstack.wsgi [None req-1a5f2599-6d20-45fa-bda2-03b45a6e848a caec2c3dcd36410c9cabb4101d239cec 9f0022e2da7e4c7c98465c8d7e6d4c6f - - default default] POST http://[LB_IP_ADDRESS]:8776/v3/9f0022e2da7e4c7c98465c8d7e6d4c6f/types
2026-03-25 15:44:32.519 72 INFO cinder.api.openstack.wsgi [None req-1a5f2599-6d20-45fa-bda2-03b45a6e848a caec2c3dcd36410c9cabb4101d239cec 9f0022e2da7e4c7c98465c8d7e6d4c6f - - default default] http://[LB_IP_ADDRESS]:8776/v3/9f0022e2da7e4c7c98465c8d7e6d4c6f/types returned with HTTP 200
2026-03-25 15:44:32.533 75 INFO cinder.api.openstack.wsgi [None req-0b76b2e5-ac0b-42cd-af3d-28d305fe3078 f76dd287dddf42119be4f840e5b6fb1c 19fe657a54344cac8fc1d84d20934c4e - - default default] POST http://[LB_IP_ADDRESS]:8776/v3/19fe657a54344cac8fc1d84d20934c4e/volumes
2026-03-25 15:44:32.542 75 INFO cinder.api.v3.volumes [None req-0b76b2e5-ac0b-42cd-af3d-28d305fe3078 f76dd287dddf42119be4f840e5b6fb1c 19fe657a54344cac8fc1d84d20934c4e - - default default] Create volume of 1 GB
2026-03-25 15:44:32.544 75 INFO cinder.volume.api [None req-0b76b2e5-ac0b-42cd-af3d-28d305fe3078 f76dd287dddf42119be4f840e5b6fb1c 19fe657a54344cac8fc1d84d20934c4e - - default default] Availability Zones retrieved successfully.
2026-03-25 15:44:32.623 75 WARNING cinder.quota [None req-0b76b2e5-ac0b-42cd-af3d-28d305fe3078 f76dd287dddf42119be4f840e5b6fb1c 19fe657a54344cac8fc1d84d20934c4e - - default default] Deprecated: Default quota for resource: volumes_tempest-UserMessagesTest-volume-type-170823641 is set by the default quota flag: quota_volumes_tempest-UserMessagesTest-volume-type-170823641, it is now deprecated. Please use the default quota class for default quota.
2026-03-25 15:44:32.623 75 WARNING cinder.quota [None req-0b76b2e5-ac0b-42cd-af3d-28d305fe3078 f76dd287dddf42119be4f840e5b6fb1c 19fe657a54344cac8fc1d84d20934c4e - - default default] Deprecated: Default quota for resource: gigabytes_tempest-UserMessagesTest-volume-type-170823641 is set by the default quota flag: quota_gigabytes_tempest-UserMessagesTest-volume-type-170823641, it is now deprecated. Please use the default quota class for default quota.
2026-03-25 15:44:32.706 75 INFO cinder.volume.api [None req-0b76b2e5-ac0b-42cd-af3d-28d305fe3078 f76dd287dddf42119be4f840e5b6fb1c 19fe657a54344cac8fc1d84d20934c4e - - default default] Create volume request issued successfully.
2026-03-25 15:44:32.707 75 INFO cinder.api.openstack.wsgi [None req-0b76b2e5-ac0b-42cd-af3d-28d305fe3078 f76dd287dddf42119be4f840e5b6fb1c 19fe657a54344cac8fc1d84d20934c4e - - default default] http://[LB_IP_ADDRESS]:8776/v3/19fe657a54344cac8fc1d84d20934c4e/volumes returned with HTTP 202
2026-03-25 15:44:32.722 76 INFO cinder.group.api [None req-49d42fc4-4625-4327-bffd-720ced26d50c 04c26e76cc61409e90145893d7a92f28 3854a8d8124b458f8f62e825abf8c4c8 - - default default] A mapping entry already exists for group 91ed01c8-e7b1-48ec-b01b-e6920dfa21b4 and volume type 901f1a5a-5e95-4042-b619-840488007879. Do not need to create again.
2026-03-25 15:44:32.728 76 INFO cinder.volume.api [None req-49d42fc4-4625-4327-bffd-720ced26d50c 04c26e76cc61409e90145893d7a92f28 3854a8d8124b458f8f62e825abf8c4c8 - - default default] Availability Zones retrieved successfully.
2026-03-25 15:44:32.730 74 INFO cinder.api.openstack.wsgi [None req-e06ac5c5-3f70-4ff2-b47d-205c46bca724 f76dd287dddf42119be4f840e5b6fb1c 19fe657a54344cac8fc1d84d20934c4e - - default default] GET http://[LB_IP_ADDRESS]:8776/v3/19fe657a54344cac8fc1d84d20934c4e/volumes/f2f4bf5e-6c39-4a38-a79c-66743d022c7b
2026-03-25 15:44:32.752 74 INFO cinder.volume.api [None req-e06ac5c5-3f70-4ff2-b47d-205c46bca724 f76dd287dddf42119be4f840e5b6fb1c 19fe657a54344cac8fc1d84d20934c4e - - default default] Volume info retrieved successfully.
2026-03-25 15:44:32.761 74 INFO cinder.api.openstack.wsgi [None req-e06ac5c5-3f70-4ff2-b47d-205c46bca724 f76dd287dddf42119be4f840e5b6fb1c 19fe657a54344cac8fc1d84d20934c4e - - default default] http://[LB_IP_ADDRESS]:8776/v3/19fe657a54344cac8fc1d84d20934c4e/volumes/f2f4bf5e-6c39-4a38-a79c-66743d022c7b returned with HTTP 200
2026-03-25 15:44:32.851 73 INFO cinder.api.openstack.wsgi [None req-eb09e34a-853f-497d-9928-d68a50bcbad7 - - - - - -] GET http://[LB_IP_ADDRESS]:8776/
2026-03-25 15:44:32.851 73 INFO cinder.api.openstack.wsgi [None req-eb09e34a-853f-497d-9928-d68a50bcbad7 - - - - - -] http://[LB_IP_ADDRESS]:8776/ returned with HTTP 300
2026-03-25 15:44:32.869 76 INFO cinder.volume.api [None req-49d42fc4-4625-4327-bffd-720ced26d50c 04c26e76cc61409e90145893d7a92f28 3854a8d8124b458f8f62e825abf8c4c8 - - default default] Create volume request issued successfully.
2026-03-25 15:44:32.885 76 INFO cinder.api.openstack.wsgi [None req-49d42fc4-4625-4327-bffd-720ced26d50c 04c26e76cc61409e90145893d7a92f28 3854a8d8124b458f8f62e825abf8c4c8 - - default default] http://[LB_IP_ADDRESS]:8776/v3/3854a8d8124b458f8f62e825abf8c4c8/groups/action returned with HTTP 202
2026-03-25 15:44:32.896 72 INFO cinder.api.openstack.wsgi [None req-9dbf4eb7-9feb-419a-ab7c-fea456c70db7 04c26e76cc61409e90145893d7a92f28 3854a8d8124b458f8f62e825abf8c4c8 - - default default] GET http://[LB_IP_ADDRESS]:8776/v3/3854a8d8124b458f8f62e825abf8c4c8/volumes/detail
2026-03-25 15:44:32.907 72 INFO cinder.volume.api [None req-9dbf4eb7-9feb-419a-ab7c-fea456c70db7 04c26e76cc61409e90145893d7a92f28 3854a8d8124b458f8f62e825abf8c4c8 - - default default] Get all volumes completed successfully.
2026-03-25 15:44:32.933 72 INFO cinder.api.openstack.wsgi [None req-9dbf4eb7-9feb-419a-ab7c-fea456c70db7 04c26e76cc61409e90145893d7a92f28 3854a8d8124b458f8f62e825abf8c4c8 - - default default] http://[LB_IP_ADDRESS]:8776/v3/3854a8d8124b458f8f62e825abf8c4c8/volumes/detail returned with HTTP 200
2026-03-25 15:44:32.952 75 INFO cinder.api.openstack.wsgi [None req-856cb942-c237-4310-a49d-d6b5b979a2c9 04c26e76cc61409e90145893d7a92f28 3854a8d8124b458f8f62e825abf8c4c8 - - default default] GET http://[LB_IP_ADDRESS]:8776/v3/3854a8d8124b458f8f62e825abf8c4c8/volumes/8dc784aa-f1b4-4b59-a88a-581e330c61ec
2026-03-25 15:44:32.972 75 INFO cinder.volume.api [None req-856cb942-c237-4310-a49d-d6b5b979a2c9 04c26e76cc61409e90145893d7a92f28 3854a8d8124b458f8f62e825abf8c4c8 - - default default] Volume info retrieved successfully.
2026-03-25 15:44:32.996 75 INFO cinder.api.openstack.wsgi [None req-856cb942-c237-4310-a49d-d6b5b979a2c9 04c26e76cc61409e90145893d7a92f28 3854a8d8124b458f8f62e825abf8c4c8 - - default default] http://[LB_IP_ADDRESS]:8776/v3/3854a8d8124b458f8f62e825abf8c4c8/volumes/8dc784aa-f1b4-4b59-a88a-581e330c61ec returned with HTTP 200
2026-03-25 15:44:33.783 74 INFO cinder.api.openstack.wsgi [None req-58a73da5-6429-4cf7-a89c-f024a59699d7 f76dd287dddf42119be4f840e5b6fb1c 19fe657a54344cac8fc1d84d20934c4e - - default default] GET http://[LB_IP_ADDRESS]:8776/v3/19fe657a54344cac8fc1d84d20934c4e/volumes/f2f4bf5e-6c39-4a38-a79c-66743d022c7b
2026-03-25 15:44:33.805 74 INFO cinder.volume.api [None req-58a73da5-6429-4cf7-a89c-f024a59699d7 f76dd287dddf42119be4f840e5b6fb1c 19fe657a54344cac8fc1d84d20934c4e - - default default] Volume info retrieved successfully.
2026-03-25 15:44:33.813 74 INFO cinder.api.openstack.wsgi [None req-58a73da5-6429-4cf7-a89c-f024a59699d7 f76dd287dddf42119be4f840e5b6fb1c 19fe657a54344cac8fc1d84d20934c4e - - default default] http://[LB_IP_ADDRESS]:8776/v3/19fe657a54344cac8fc1d84d20934c4e/volumes/f2f4bf5e-6c39-4a38-a79c-66743d022c7b returned with HTTP 200
2026-03-25 15:44:33.834 73 INFO cinder.api.openstack.wsgi [None req-c3bde445-04cc-4129-ad4b-bd01c530302e f76dd287dddf42119be4f840e5b6fb1c 19fe657a54344cac8fc1d84d20934c4e - - default default] GET http://[LB_IP_ADDRESS]:8776/v3/19fe657a54344cac8fc1d84d20934c4e/messages
2026-03-25 15:44:33.840 73 INFO cinder.api.openstack.wsgi [None req-c3bde445-04cc-4129-ad4b-bd01c530302e f76dd287dddf42119be4f840e5b6fb1c 19fe657a54344cac8fc1d84d20934c4e - - default default] http://[LB_IP_ADDRESS]:8776/v3/19fe657a54344cac8fc1d84d20934c4e/messages returned with HTTP 200
2026-03-25 15:44:33.854 76 INFO cinder.api.openstack.wsgi [None req-c44cec4f-8367-4894-a8a1-753b3a61e92d f76dd287dddf42119be4f840e5b6fb1c 19fe657a54344cac8fc1d84d20934c4e - - default default] GET http://[LB_IP_ADDRESS]:8776/v3/19fe657a54344cac8fc1d84d20934c4e/messages/454c7c3d-2ac8-4e2e-a6e8-6d5db97ab213
2026-03-25 15:44:33.860 76 INFO cinder.api.openstack.wsgi [None req-c44cec4f-8367-4894-a8a1-753b3a61e92d f76dd287dddf42119be4f840e5b6fb1c 19fe657a54344cac8fc1d84d20934c4e - - default default] http://[LB_IP_ADDRESS]:8776/v3/19fe657a54344cac8fc1d84d20934c4e/messages/454c7c3d-2ac8-4e2e-a6e8-6d5db97ab213 returned with HTTP 200
2026-03-25 15:44:33.875 72 INFO cinder.api.openstack.wsgi [None req-72617433-35cf-4424-bced-5e83eee542f5 f76dd287dddf42119be4f840e5b6fb1c 19fe657a54344cac8fc1d84d20934c4e - - default default] GET http://[LB_IP_ADDRESS]:8776/v3/19fe657a54344cac8fc1d84d20934c4e/messages
2026-03-25 15:44:33.881 72 INFO cinder.api.openstack.wsgi [None req-72617433-35cf-4424-bced-5e83eee542f5 f76dd287dddf42119be4f840e5b6fb1c 19fe657a54344cac8fc1d84d20934c4e - - default default] http://[LB_IP_ADDRESS]:8776/v3/19fe657a54344cac8fc1d84d20934c4e/messages returned with HTTP 200
2026-03-25 15:44:33.897 75 INFO cinder.api.openstack.wsgi [None req-8b1c8019-93d2-4cba-90d7-7fc5d12ff247 f76dd287dddf42119be4f840e5b6fb1c 19fe657a54344cac8fc1d84d20934c4e - - default default] DELETE http://[LB_IP_ADDRESS]:8776/v3/19fe657a54344cac8fc1d84d20934c4e/messages/454c7c3d-2ac8-4e2e-a6e8-6d5db97ab213
2026-03-25 15:44:33.908 75 INFO cinder.api.openstack.wsgi [None req-8b1c8019-93d2-4cba-90d7-7fc5d12ff247 f76dd287dddf42119be4f840e5b6fb1c 19fe657a54344cac8fc1d84d20934c4e - - default default] http://[LB_IP_ADDRESS]:8776/v3/19fe657a54344cac8fc1d84d20934c4e/messages/454c7c3d-2ac8-4e2e-a6e8-6d5db97ab213 returned with HTTP 204
2026-03-25 15:44:33.919 74 INFO cinder.api.openstack.wsgi [None req-1cd3e10c-4ec9-4545-b49c-f6c7e5301311 f76dd287dddf42119be4f840e5b6fb1c 19fe657a54344cac8fc1d84d20934c4e - - default default] GET http://[LB_IP_ADDRESS]:8776/v3/19fe657a54344cac8fc1d84d20934c4e/volumes/f2f4bf5e-6c39-4a38-a79c-66743d022c7b
2026-03-25 15:44:33.940 74 INFO cinder.volume.api [None req-1cd3e10c-4ec9-4545-b49c-f6c7e5301311 f76dd287dddf42119be4f840e5b6fb1c 19fe657a54344cac8fc1d84d20934c4e - - default default] Volume info retrieved successfully.
2026-03-25 15:44:33.949 74 INFO cinder.api.openstack.wsgi [None req-1cd3e10c-4ec9-4545-b49c-f6c7e5301311 f76dd287dddf42119be4f840e5b6fb1c 19fe657a54344cac8fc1d84d20934c4e - - default default] http://[LB_IP_ADDRESS]:8776/v3/19fe657a54344cac8fc1d84d20934c4e/volumes/f2f4bf5e-6c39-4a38-a79c-66743d022c7b returned with HTTP 200
2026-03-25 15:44:33.969 73 INFO cinder.api.openstack.wsgi [None req-df64d093-6090-4092-bfbc-ff521c071536 f76dd287dddf42119be4f840e5b6fb1c 19fe657a54344cac8fc1d84d20934c4e - - default default] DELETE http://[LB_IP_ADDRESS]:8776/v3/19fe657a54344cac8fc1d84d20934c4e/volumes/f2f4bf5e-6c39-4a38-a79c-66743d022c7b
2026-03-25 15:44:33.970 73 INFO cinder.api.v3.volumes [None req-df64d093-6090-4092-bfbc-ff521c071536 f76dd287dddf42119be4f840e5b6fb1c 19fe657a54344cac8fc1d84d20934c4e - - default default] Delete volume with id: f2f4bf5e-6c39-4a38-a79c-66743d022c7b 
2026-03-25 15:44:33.984 73 INFO cinder.volume.api [None req-df64d093-6090-4092-bfbc-ff521c071536 f76dd287dddf42119be4f840e5b6fb1c 19fe657a54344cac8fc1d84d20934c4e - - default default] Volume info retrieved successfully.
2026-03-25 15:44:34.003 73 WARNING cinder.quota [None req-df64d093-6090-4092-bfbc-ff521c071536 f76dd287dddf42119be4f840e5b6fb1c 19fe657a54344cac8fc1d84d20934c4e - - default default] Deprecated: Default quota for resource: volumes_tempest-UserMessagesTest-volume-type-170823641 is set by the default quota flag: quota_volumes_tempest-UserMessagesTest-volume-type-170823641, it is now deprecated. Please use the default quota class for default quota.
2026-03-25 15:44:34.004 73 WARNING cinder.quota [None req-df64d093-6090-4092-bfbc-ff521c071536 f76dd287dddf42119be4f840e5b6fb1c 19fe657a54344cac8fc1d84d20934c4e - - default default] Deprecated: Default quota for resource: gigabytes_tempest-UserMessagesTest-volume-type-170823641 is set by the default quota flag: quota_gigabytes_tempest-UserMessagesTest-volume-type-170823641, it is now deprecated. Please use the default quota class for default quota.
2026-03-25 15:44:34.017 76 INFO cinder.api.openstack.wsgi [None req-0944151f-3fc2-47f4-8ac0-9a7b17f98207 04c26e76cc61409e90145893d7a92f28 3854a8d8124b458f8f62e825abf8c4c8 - - default default] GET http://[LB_IP_ADDRESS]:8776/v3/3854a8d8124b458f8f62e825abf8c4c8/volumes/8dc784aa-f1b4-4b59-a88a-581e330c61ec
2026-03-25 15:44:34.040 76 INFO cinder.volume.api [None req-0944151f-3fc2-47f4-8ac0-9a7b17f98207 04c26e76cc61409e90145893d7a92f28 3854a8d8124b458f8f62e825abf8c4c8 - - default default] Volume info retrieved successfully.
2026-03-25 15:44:34.049 73 INFO cinder.volume.api [None req-df64d093-6090-4092-bfbc-ff521c071536 f76dd287dddf42119be4f840e5b6fb1c 19fe657a54344cac8fc1d84d20934c4e - - default default] Delete volume request issued successfully.
2026-03-25 15:44:34.049 73 INFO cinder.api.openstack.wsgi [None req-df64d093-6090-4092-bfbc-ff521c071536 f76dd287dddf42119be4f840e5b6fb1c 19fe657a54344cac8fc1d84d20934c4e - - default default] http://[LB_IP_ADDRESS]:8776/v3/19fe657a54344cac8fc1d84d20934c4e/volumes/f2f4bf5e-6c39-4a38-a79c-66743d022c7b returned with HTTP 202
2026-03-25 15:44:34.061 72 INFO cinder.api.openstack.wsgi [None req-80076d6b-391b-4e31-8dde-47f546981e61 f76dd287dddf42119be4f840e5b6fb1c 19fe657a54344cac8fc1d84d20934c4e - - default default] GET http://[LB_IP_ADDRESS]:8776/v3/19fe657a54344cac8fc1d84d20934c4e/volumes/f2f4bf5e-6c39-4a38-a79c-66743d022c7b
2026-03-25 15:44:34.067 76 INFO cinder.api.openstack.wsgi [None req-0944151f-3fc2-47f4-8ac0-9a7b17f98207 04c26e76cc61409e90145893d7a92f28 3854a8d8124b458f8f62e825abf8c4c8 - - default default] http://[LB_IP_ADDRESS]:8776/v3/3854a8d8124b458f8f62e825abf8c4c8/volumes/8dc784aa-f1b4-4b59-a88a-581e330c61ec returned with HTTP 200
2026-03-25 15:44:34.073 72 INFO cinder.api.openstack.wsgi [None req-80076d6b-391b-4e31-8dde-47f546981e61 f76dd287dddf42119be4f840e5b6fb1c 19fe657a54344cac8fc1d84d20934c4e - - default default] http://[LB_IP_ADDRESS]:8776/v3/19fe657a54344cac8fc1d84d20934c4e/volumes/f2f4bf5e-6c39-4a38-a79c-66743d022c7b returned with HTTP 404
2026-03-25 15:44:34.085 75 INFO cinder.api.openstack.wsgi [None req-9d38a260-0669-4856-9c9f-3bd11ac4d040 caec2c3dcd36410c9cabb4101d239cec 9f0022e2da7e4c7c98465c8d7e6d4c6f - - default default] DELETE http://[LB_IP_ADDRESS]:8776/v3/9f0022e2da7e4c7c98465c8d7e6d4c6f/types/855cf71d-9fb0-4cc1-9b35-fea5bf9be10b
2026-03-25 15:44:34.093 74 INFO cinder.api.openstack.wsgi [None req-e8fef066-3a26-4f5e-a592-fc14192ce880 04c26e76cc61409e90145893d7a92f28 3854a8d8124b458f8f62e825abf8c4c8 - - default default] GET http://[LB_IP_ADDRESS]:8776/v3/3854a8d8124b458f8f62e825abf8c4c8/groups/91ed01c8-e7b1-48ec-b01b-e6920dfa21b4
2026-03-25 15:44:34.118 74 INFO cinder.api.openstack.wsgi [None req-e8fef066-3a26-4f5e-a592-fc14192ce880 04c26e76cc61409e90145893d7a92f28 3854a8d8124b458f8f62e825abf8c4c8 - - default default] http://[LB_IP_ADDRESS]:8776/v3/3854a8d8124b458f8f62e825abf8c4c8/groups/91ed01c8-e7b1-48ec-b01b-e6920dfa21b4 returned with HTTP 200
2026-03-25 15:44:34.134 73 INFO cinder.api.openstack.wsgi [None req-8813a6a3-878c-474f-b634-8685cc02250e 04c26e76cc61409e90145893d7a92f28 3854a8d8124b458f8f62e825abf8c4c8 - - default default] GET http://[LB_IP_ADDRESS]:8776/v3/3854a8d8124b458f8f62e825abf8c4c8/volumes/detail
2026-03-25 15:44:34.136 75 INFO cinder.api.openstack.wsgi [None req-9d38a260-0669-4856-9c9f-3bd11ac4d040 caec2c3dcd36410c9cabb4101d239cec 9f0022e2da7e4c7c98465c8d7e6d4c6f - - default default] http://[LB_IP_ADDRESS]:8776/v3/9f0022e2da7e4c7c98465c8d7e6d4c6f/types/855cf71d-9fb0-4cc1-9b35-fea5bf9be10b returned with HTTP 202
2026-03-25 15:44:34.150 76 INFO cinder.api.openstack.wsgi [None req-bfa8ba5c-dfc6-4ef2-b2a1-0b1a7b7a93db caec2c3dcd36410c9cabb4101d239cec 9f0022e2da7e4c7c98465c8d7e6d4c6f - - default default] GET http://[LB_IP_ADDRESS]:8776/v3/9f0022e2da7e4c7c98465c8d7e6d4c6f/types/855cf71d-9fb0-4cc1-9b35-fea5bf9be10b
2026-03-25 15:44:34.154 73 INFO cinder.volume.api [None req-8813a6a3-878c-474f-b634-8685cc02250e 04c26e76cc61409e90145893d7a92f28 3854a8d8124b458f8f62e825abf8c4c8 - - default default] Get all volumes completed successfully.
2026-03-25 15:44:34.157 76 INFO cinder.api.openstack.wsgi [None req-bfa8ba5c-dfc6-4ef2-b2a1-0b1a7b7a93db caec2c3dcd36410c9cabb4101d239cec 9f0022e2da7e4c7c98465c8d7e6d4c6f - - default default] http://[LB_IP_ADDRESS]:8776/v3/9f0022e2da7e4c7c98465c8d7e6d4c6f/types/855cf71d-9fb0-4cc1-9b35-fea5bf9be10b returned with HTTP 404
2026-03-25 15:44:34.191 73 INFO cinder.api.openstack.wsgi [None req-8813a6a3-878c-474f-b634-8685cc02250e 04c26e76cc61409e90145893d7a92f28 3854a8d8124b458f8f62e825abf8c4c8 - - default default] http://[LB_IP_ADDRESS]:8776/v3/3854a8d8124b458f8f62e825abf8c4c8/volumes/detail returned with HTTP 200
2026-03-25 15:44:34.214 72 INFO cinder.api.openstack.wsgi [None req-bd03d5b1-4284-4e55-8b3d-1c107bd19fa5 04c26e76cc61409e90145893d7a92f28 3854a8d8124b458f8f62e825abf8c4c8 - - default default] POST http://[LB_IP_ADDRESS]:8776/v3/3854a8d8124b458f8f62e825abf8c4c8/groups/91ed01c8-e7b1-48ec-b01b-e6920dfa21b4/action
2026-03-25 15:44:34.218 72 INFO cinder.api.v3.groups [None req-bd03d5b1-4284-4e55-8b3d-1c107bd19fa5 04c26e76cc61409e90145893d7a92f28 3854a8d8124b458f8f62e825abf8c4c8 - - default default] Delete group with id: 91ed01c8-e7b1-48ec-b01b-e6920dfa21b4
2026-03-25 15:44:34.282 72 INFO cinder.api.openstack.wsgi [None req-bd03d5b1-4284-4e55-8b3d-1c107bd19fa5 04c26e76cc61409e90145893d7a92f28 3854a8d8124b458f8f62e825abf8c4c8 - - default default] http://[LB_IP_ADDRESS]:8776/v3/3854a8d8124b458f8f62e825abf8c4c8/groups/91ed01c8-e7b1-48ec-b01b-e6920dfa21b4/action returned with HTTP 202
2026-03-25 15:44:34.295 74 INFO cinder.api.openstack.wsgi [None req-52bb8679-e986-40b1-beac-bf049125b16e 04c26e76cc61409e90145893d7a92f28 3854a8d8124b458f8f62e825abf8c4c8 - - default default] GET http://[LB_IP_ADDRESS]:8776/v3/3854a8d8124b458f8f62e825abf8c4c8/volumes/8dc784aa-f1b4-4b59-a88a-581e330c61ec
2026-03-25 15:44:34.318 74 INFO cinder.volume.api [None req-52bb8679-e986-40b1-beac-bf049125b16e 04c26e76cc61409e90145893d7a92f28 3854a8d8124b458f8f62e825abf8c4c8 - - default default] Volume info retrieved successfully.
2026-03-25 15:44:34.343 74 INFO cinder.api.openstack.wsgi [None req-52bb8679-e986-40b1-beac-bf049125b16e 04c26e76cc61409e90145893d7a92f28 3854a8d8124b458f8f62e825abf8c4c8 - - default default] http://[LB_IP_ADDRESS]:8776/v3/3854a8d8124b458f8f62e825abf8c4c8/volumes/8dc784aa-f1b4-4b59-a88a-581e330c61ec returned with HTTP 200
2026-03-25 15:44:35.365 75 INFO cinder.api.openstack.wsgi [None req-0c0f4b7d-fa0a-445a-abd8-0c75dfd42ac1 04c26e76cc61409e90145893d7a92f28 3854a8d8124b458f8f62e825abf8c4c8 - - default default] GET http://[LB_IP_ADDRESS]:8776/v3/3854a8d8124b458f8f62e825abf8c4c8/volumes/8dc784aa-f1b4-4b59-a88a-581e330c61ec
2026-03-25 15:44:35.376 75 INFO cinder.api.openstack.wsgi [None req-0c0f4b7d-fa0a-445a-abd8-0c75dfd42ac1 04c26e76cc61409e90145893d7a92f28 3854a8d8124b458f8f62e825abf8c4c8 - - default default] http://[LB_IP_ADDRESS]:8776/v3/3854a8d8124b458f8f62e825abf8c4c8/volumes/8dc784aa-f1b4-4b59-a88a-581e330c61ec returned with HTTP 404
2026-03-25 15:44:35.389 76 INFO cinder.api.openstack.wsgi [None req-ed598deb-f994-4871-9a0b-54ee7ffbe754 04c26e76cc61409e90145893d7a92f28 3854a8d8124b458f8f62e825abf8c4c8 - - default default] GET http://[LB_IP_ADDRESS]:8776/v3/3854a8d8124b458f8f62e825abf8c4c8/groups/91ed01c8-e7b1-48ec-b01b-e6920dfa21b4
2026-03-25 15:44:35.394 76 INFO cinder.api.openstack.wsgi [None req-ed598deb-f994-4871-9a0b-54ee7ffbe754 04c26e76cc61409e90145893d7a92f28 3854a8d8124b458f8f62e825abf8c4c8 - - default default] http://[LB_IP_ADDRESS]:8776/v3/3854a8d8124b458f8f62e825abf8c4c8/groups/91ed01c8-e7b1-48ec-b01b-e6920dfa21b4 returned with HTTP 404
2026-03-25 15:44:35.406 73 INFO cinder.api.openstack.wsgi [None req-d6051bf2-f161-439f-85bb-bc164b3e9c1f 04c26e76cc61409e90145893d7a92f28 3854a8d8124b458f8f62e825abf8c4c8 - - default default] DELETE http://[LB_IP_ADDRESS]:8776/v3/3854a8d8124b458f8f62e825abf8c4c8/group_snapshots/36b9910b-1d16-459a-ab61-5e64c6ec7f38
2026-03-25 15:44:35.407 73 INFO cinder.api.v3.group_snapshots [None req-d6051bf2-f161-439f-85bb-bc164b3e9c1f 04c26e76cc61409e90145893d7a92f28 3854a8d8124b458f8f62e825abf8c4c8 - - default default] Delete group_snapshot with id: 36b9910b-1d16-459a-ab61-5e64c6ec7f38
2026-03-25 15:44:35.447 73 INFO cinder.api.openstack.wsgi [None req-d6051bf2-f161-439f-85bb-bc164b3e9c1f 04c26e76cc61409e90145893d7a92f28 3854a8d8124b458f8f62e825abf8c4c8 - - default default] http://[LB_IP_ADDRESS]:8776/v3/3854a8d8124b458f8f62e825abf8c4c8/group_snapshots/36b9910b-1d16-459a-ab61-5e64c6ec7f38 returned with HTTP 202
2026-03-25 15:44:35.459 72 INFO cinder.api.openstack.wsgi [None req-92e8577f-8647-4590-8d0e-0920b85adede 04c26e76cc61409e90145893d7a92f28 3854a8d8124b458f8f62e825abf8c4c8 - - default default] GET http://[LB_IP_ADDRESS]:8776/v3/3854a8d8124b458f8f62e825abf8c4c8/volumes/detail
2026-03-25 15:44:35.473 72 INFO cinder.volume.api [None req-92e8577f-8647-4590-8d0e-0920b85adede 04c26e76cc61409e90145893d7a92f28 3854a8d8124b458f8f62e825abf8c4c8 - - default default] Get all volumes completed successfully.
2026-03-25 15:44:35.499 72 INFO cinder.api.openstack.wsgi [None req-92e8577f-8647-4590-8d0e-0920b85adede 04c26e76cc61409e90145893d7a92f28 3854a8d8124b458f8f62e825abf8c4c8 - - default default] http://[LB_IP_ADDRESS]:8776/v3/3854a8d8124b458f8f62e825abf8c4c8/volumes/detail returned with HTTP 200
2026-03-25 15:44:35.521 74 INFO cinder.api.openstack.wsgi [None req-a54c74fd-1665-43f0-9223-305670faf0fe 04c26e76cc61409e90145893d7a92f28 3854a8d8124b458f8f62e825abf8c4c8 - - default default] GET http://[LB_IP_ADDRESS]:8776/v3/3854a8d8124b458f8f62e825abf8c4c8/snapshots/detail
2026-03-25 15:44:35.530 74 INFO cinder.volume.api [None req-a54c74fd-1665-43f0-9223-305670faf0fe 04c26e76cc61409e90145893d7a92f28 3854a8d8124b458f8f62e825abf8c4c8 - - default default] Get all snapshots completed successfully.
2026-03-25 15:44:35.532 74 INFO cinder.api.openstack.wsgi [None req-a54c74fd-1665-43f0-9223-305670faf0fe 04c26e76cc61409e90145893d7a92f28 3854a8d8124b458f8f62e825abf8c4c8 - - default default] http://[LB_IP_ADDRESS]:8776/v3/3854a8d8124b458f8f62e825abf8c4c8/snapshots/detail returned with HTTP 200
2026-03-25 15:44:35.548 75 INFO cinder.api.openstack.wsgi [None req-415f59f0-eb00-471e-97e9-8aa2ef26c68a 04c26e76cc61409e90145893d7a92f28 3854a8d8124b458f8f62e825abf8c4c8 - - default default] GET http://[LB_IP_ADDRESS]:8776/v3/3854a8d8124b458f8f62e825abf8c4c8/snapshots/c99cbfc0-d088-4945-9f84-7df93c698d06
2026-03-25 15:44:35.559 75 INFO cinder.volume.api [None req-415f59f0-eb00-471e-97e9-8aa2ef26c68a 04c26e76cc61409e90145893d7a92f28 3854a8d8124b458f8f62e825abf8c4c8 - - default default] Snapshot retrieved successfully.
2026-03-25 15:44:35.561 75 INFO cinder.api.openstack.wsgi [None req-415f59f0-eb00-471e-97e9-8aa2ef26c68a 04c26e76cc61409e90145893d7a92f28 3854a8d8124b458f8f62e825abf8c4c8 - - default default] http://[LB_IP_ADDRESS]:8776/v3/3854a8d8124b458f8f62e825abf8c4c8/snapshots/c99cbfc0-d088-4945-9f84-7df93c698d06 returned with HTTP 200
2026-03-25 15:44:35.941 76 INFO cinder.api.openstack.wsgi [None req-06b97061-1a1d-41f8-9d2f-30fe32b7e6b7 01deddfa89724f09a09a0b6d948a08da 7aef5e44e870471b9ca845fc136fd293 - - default default] POST http://[LB_IP_ADDRESS]:8776/v3/7aef5e44e870471b9ca845fc136fd293/types
2026-03-25 15:44:35.960 76 INFO cinder.api.openstack.wsgi [None req-06b97061-1a1d-41f8-9d2f-30fe32b7e6b7 01deddfa89724f09a09a0b6d948a08da 7aef5e44e870471b9ca845fc136fd293 - - default default] http://[LB_IP_ADDRESS]:8776/v3/7aef5e44e870471b9ca845fc136fd293/types returned with HTTP 200
