2024-07-15 17:59:27.623 21 INFO cinder.api.openstack.wsgi [None req-86090014-2064-4966-ad57-ca5a2553e838 31adb234bc8049a7b3a299501c377508 225723cc7af24403bb98d000a3d76f3b - - default default] POST http://[LB_IP_ADDRESS]:8776/v3/225723cc7af24403bb98d000a3d76f3b/groups/0b2ece30-5881-4ae6-920e-7a4846136837/action
2024-07-15 17:59:27.628 21 INFO cinder.api.v3.groups [None req-86090014-2064-4966-ad57-ca5a2553e838 31adb234bc8049a7b3a299501c377508 225723cc7af24403bb98d000a3d76f3b - - default default] Delete group with id: 0b2ece30-5881-4ae6-920e-7a4846136837
2024-07-15 17:59:27.729 21 INFO cinder.api.openstack.wsgi [None req-86090014-2064-4966-ad57-ca5a2553e838 31adb234bc8049a7b3a299501c377508 225723cc7af24403bb98d000a3d76f3b - - default default] http://[LB_IP_ADDRESS]:8776/v3/225723cc7af24403bb98d000a3d76f3b/groups/0b2ece30-5881-4ae6-920e-7a4846136837/action returned with HTTP 202
2024-07-15 17:59:27.743 22 INFO cinder.api.openstack.wsgi [None req-78520018-1a08-42bb-8142-b4c2769cec9b 31adb234bc8049a7b3a299501c377508 225723cc7af24403bb98d000a3d76f3b - - default default] GET http://[LB_IP_ADDRESS]:8776/v3/225723cc7af24403bb98d000a3d76f3b/volumes/bdebdda0-e8aa-46ea-afee-0f9e34cae237
2024-07-15 17:59:27.769 22 INFO cinder.volume.api [None req-78520018-1a08-42bb-8142-b4c2769cec9b 31adb234bc8049a7b3a299501c377508 225723cc7af24403bb98d000a3d76f3b - - default default] Volume info retrieved successfully.
2024-07-15 17:59:27.801 22 INFO cinder.api.openstack.wsgi [None req-78520018-1a08-42bb-8142-b4c2769cec9b 31adb234bc8049a7b3a299501c377508 225723cc7af24403bb98d000a3d76f3b - - default default] http://[LB_IP_ADDRESS]:8776/v3/225723cc7af24403bb98d000a3d76f3b/volumes/bdebdda0-e8aa-46ea-afee-0f9e34cae237 returned with HTTP 200
2024-07-15 17:59:27.956 19 INFO cinder.api.openstack.wsgi [None req-4457f2b6-fcd4-4b12-8855-a005c3fc83c7 686c7decaff84abf8734cfd16b841546 d158e5b6c2cd405f864f038163016ec3 - - default default] GET http://[LB_IP_ADDRESS]:8776/v3/d158e5b6c2cd405f864f038163016ec3/volumes/8448a15a-123d-4daa-85b7-d8c1d5439b53
2024-07-15 17:59:27.984 19 INFO cinder.volume.api [None req-4457f2b6-fcd4-4b12-8855-a005c3fc83c7 686c7decaff84abf8734cfd16b841546 d158e5b6c2cd405f864f038163016ec3 - - default default] Volume info retrieved successfully.
2024-07-15 17:59:27.994 19 INFO cinder.api.openstack.wsgi [None req-4457f2b6-fcd4-4b12-8855-a005c3fc83c7 686c7decaff84abf8734cfd16b841546 d158e5b6c2cd405f864f038163016ec3 - - default default] http://[LB_IP_ADDRESS]:8776/v3/d158e5b6c2cd405f864f038163016ec3/volumes/8448a15a-123d-4daa-85b7-d8c1d5439b53 returned with HTTP 200
2024-07-15 17:59:28.555 23 INFO cinder.api.openstack.wsgi [None req-11988a2f-156e-436e-bd7b-de2e408a12d0 281eb940250f48f393cebadcb58eafcd 002355591846444cb947be02f5510b74 - - default default] GET http://[LB_IP_ADDRESS]:8776/v3/002355591846444cb947be02f5510b74/snapshots/2b1af439-5c15-46f7-a234-b1625f535529
2024-07-15 17:59:28.566 23 INFO cinder.api.openstack.wsgi [None req-11988a2f-156e-436e-bd7b-de2e408a12d0 281eb940250f48f393cebadcb58eafcd 002355591846444cb947be02f5510b74 - - default default] http://[LB_IP_ADDRESS]:8776/v3/002355591846444cb947be02f5510b74/snapshots/2b1af439-5c15-46f7-a234-b1625f535529 returned with HTTP 404
2024-07-15 17:59:28.581 20 INFO cinder.api.openstack.wsgi [None req-6fcbe259-2966-4812-a567-6b933c2e2aa1 281eb940250f48f393cebadcb58eafcd 002355591846444cb947be02f5510b74 - - default default] GET http://[LB_IP_ADDRESS]:8776/v3/002355591846444cb947be02f5510b74/group_snapshots/a3dc031e-ba48-42e7-b381-7f53ef301903
2024-07-15 17:59:28.588 20 INFO cinder.api.openstack.wsgi [None req-6fcbe259-2966-4812-a567-6b933c2e2aa1 281eb940250f48f393cebadcb58eafcd 002355591846444cb947be02f5510b74 - - default default] http://[LB_IP_ADDRESS]:8776/v3/002355591846444cb947be02f5510b74/group_snapshots/a3dc031e-ba48-42e7-b381-7f53ef301903 returned with HTTP 404
2024-07-15 17:59:28.602 21 INFO cinder.api.openstack.wsgi [None req-86cf088e-1f01-4491-9cf7-eabe69dc45a4 281eb940250f48f393cebadcb58eafcd 002355591846444cb947be02f5510b74 - - default default] GET http://[LB_IP_ADDRESS]:8776/v3/002355591846444cb947be02f5510b74/group_snapshots
2024-07-15 17:59:28.611 21 INFO cinder.api.openstack.wsgi [None req-86cf088e-1f01-4491-9cf7-eabe69dc45a4 281eb940250f48f393cebadcb58eafcd 002355591846444cb947be02f5510b74 - - default default] http://[LB_IP_ADDRESS]:8776/v3/002355591846444cb947be02f5510b74/group_snapshots returned with HTTP 200
2024-07-15 17:59:28.628 22 INFO cinder.api.openstack.wsgi [None req-dad60c58-0f03-423c-80be-b7234949b794 281eb940250f48f393cebadcb58eafcd 002355591846444cb947be02f5510b74 - - default default] DELETE http://[LB_IP_ADDRESS]:8776/v3/002355591846444cb947be02f5510b74/group_snapshots/a3dc031e-ba48-42e7-b381-7f53ef301903
2024-07-15 17:59:28.629 22 INFO cinder.api.v3.group_snapshots [None req-dad60c58-0f03-423c-80be-b7234949b794 281eb940250f48f393cebadcb58eafcd 002355591846444cb947be02f5510b74 - - default default] Delete group_snapshot with id: a3dc031e-ba48-42e7-b381-7f53ef301903
2024-07-15 17:59:28.635 22 INFO cinder.api.openstack.wsgi [None req-dad60c58-0f03-423c-80be-b7234949b794 281eb940250f48f393cebadcb58eafcd 002355591846444cb947be02f5510b74 - - default default] http://[LB_IP_ADDRESS]:8776/v3/002355591846444cb947be02f5510b74/group_snapshots/a3dc031e-ba48-42e7-b381-7f53ef301903 returned with HTTP 404
2024-07-15 17:59:28.649 19 INFO cinder.api.openstack.wsgi [None req-52b2260d-8667-462d-8715-8268192a369e 281eb940250f48f393cebadcb58eafcd 002355591846444cb947be02f5510b74 - - default default] GET http://[LB_IP_ADDRESS]:8776/v3/002355591846444cb947be02f5510b74/volumes/detail
2024-07-15 17:59:28.671 19 INFO cinder.volume.api [None req-52b2260d-8667-462d-8715-8268192a369e 281eb940250f48f393cebadcb58eafcd 002355591846444cb947be02f5510b74 - - default default] Get all volumes completed successfully.
2024-07-15 17:59:28.701 19 INFO cinder.api.openstack.wsgi [None req-52b2260d-8667-462d-8715-8268192a369e 281eb940250f48f393cebadcb58eafcd 002355591846444cb947be02f5510b74 - - default default] http://[LB_IP_ADDRESS]:8776/v3/002355591846444cb947be02f5510b74/volumes/detail returned with HTTP 200
2024-07-15 17:59:28.729 23 INFO cinder.api.openstack.wsgi [None req-3bab06b9-01f0-428b-b401-5a16d85744a4 281eb940250f48f393cebadcb58eafcd 002355591846444cb947be02f5510b74 - - default default] POST http://[LB_IP_ADDRESS]:8776/v3/002355591846444cb947be02f5510b74/groups/ecfd1b3c-5933-4311-b682-52718020f15c/action
2024-07-15 17:59:28.734 23 INFO cinder.api.v3.groups [None req-3bab06b9-01f0-428b-b401-5a16d85744a4 281eb940250f48f393cebadcb58eafcd 002355591846444cb947be02f5510b74 - - default default] Delete group with id: ecfd1b3c-5933-4311-b682-52718020f15c
2024-07-15 17:59:28.812 23 INFO cinder.api.openstack.wsgi [None req-3bab06b9-01f0-428b-b401-5a16d85744a4 281eb940250f48f393cebadcb58eafcd 002355591846444cb947be02f5510b74 - - default default] http://[LB_IP_ADDRESS]:8776/v3/002355591846444cb947be02f5510b74/groups/ecfd1b3c-5933-4311-b682-52718020f15c/action returned with HTTP 202
2024-07-15 17:59:28.825 20 INFO cinder.api.openstack.wsgi [None req-992a267e-5a9e-4679-8844-ba2211beb7b5 281eb940250f48f393cebadcb58eafcd 002355591846444cb947be02f5510b74 - - default default] GET http://[LB_IP_ADDRESS]:8776/v3/002355591846444cb947be02f5510b74/volumes/c93c65d7-7560-4977-9271-07bfa87860af
2024-07-15 17:59:28.831 21 INFO cinder.api.openstack.wsgi [None req-7ccaf69d-03f5-42f9-bc14-8d722f8be7c8 31adb234bc8049a7b3a299501c377508 225723cc7af24403bb98d000a3d76f3b - - default default] GET http://[LB_IP_ADDRESS]:8776/v3/225723cc7af24403bb98d000a3d76f3b/volumes/bdebdda0-e8aa-46ea-afee-0f9e34cae237
2024-07-15 17:59:28.853 20 INFO cinder.volume.api [None req-992a267e-5a9e-4679-8844-ba2211beb7b5 281eb940250f48f393cebadcb58eafcd 002355591846444cb947be02f5510b74 - - default default] Volume info retrieved successfully.
2024-07-15 17:59:28.859 21 INFO cinder.volume.api [None req-7ccaf69d-03f5-42f9-bc14-8d722f8be7c8 31adb234bc8049a7b3a299501c377508 225723cc7af24403bb98d000a3d76f3b - - default default] Volume info retrieved successfully.
2024-07-15 17:59:28.884 20 INFO cinder.api.openstack.wsgi [None req-992a267e-5a9e-4679-8844-ba2211beb7b5 281eb940250f48f393cebadcb58eafcd 002355591846444cb947be02f5510b74 - - default default] http://[LB_IP_ADDRESS]:8776/v3/002355591846444cb947be02f5510b74/volumes/c93c65d7-7560-4977-9271-07bfa87860af returned with HTTP 200
2024-07-15 17:59:28.889 21 INFO cinder.api.openstack.wsgi [None req-7ccaf69d-03f5-42f9-bc14-8d722f8be7c8 31adb234bc8049a7b3a299501c377508 225723cc7af24403bb98d000a3d76f3b - - default default] http://[LB_IP_ADDRESS]:8776/v3/225723cc7af24403bb98d000a3d76f3b/volumes/bdebdda0-e8aa-46ea-afee-0f9e34cae237 returned with HTTP 200
2024-07-15 17:59:29.023 22 INFO cinder.api.openstack.wsgi [None req-afeec82b-eea8-41b9-af48-e21520ff9019 686c7decaff84abf8734cfd16b841546 d158e5b6c2cd405f864f038163016ec3 - - default default] GET http://[LB_IP_ADDRESS]:8776/v3/d158e5b6c2cd405f864f038163016ec3/volumes/8448a15a-123d-4daa-85b7-d8c1d5439b53
2024-07-15 17:59:29.039 22 INFO cinder.api.openstack.wsgi [None req-afeec82b-eea8-41b9-af48-e21520ff9019 686c7decaff84abf8734cfd16b841546 d158e5b6c2cd405f864f038163016ec3 - - default default] http://[LB_IP_ADDRESS]:8776/v3/d158e5b6c2cd405f864f038163016ec3/volumes/8448a15a-123d-4daa-85b7-d8c1d5439b53 returned with HTTP 404
2024-07-15 17:59:29.915 19 INFO cinder.api.openstack.wsgi [None req-0a46208e-545f-4f9b-ab9a-6b228941715c 281eb940250f48f393cebadcb58eafcd 002355591846444cb947be02f5510b74 - - default default] GET http://[LB_IP_ADDRESS]:8776/v3/002355591846444cb947be02f5510b74/volumes/c93c65d7-7560-4977-9271-07bfa87860af
2024-07-15 17:59:29.919 23 INFO cinder.api.openstack.wsgi [None req-086ee65f-b6c3-443c-a2a2-7ef6cb4dd171 31adb234bc8049a7b3a299501c377508 225723cc7af24403bb98d000a3d76f3b - - default default] GET http://[LB_IP_ADDRESS]:8776/v3/225723cc7af24403bb98d000a3d76f3b/volumes/bdebdda0-e8aa-46ea-afee-0f9e34cae237
2024-07-15 17:59:29.944 19 INFO cinder.volume.api [None req-0a46208e-545f-4f9b-ab9a-6b228941715c 281eb940250f48f393cebadcb58eafcd 002355591846444cb947be02f5510b74 - - default default] Volume info retrieved successfully.
2024-07-15 17:59:29.947 23 INFO cinder.volume.api [None req-086ee65f-b6c3-443c-a2a2-7ef6cb4dd171 31adb234bc8049a7b3a299501c377508 225723cc7af24403bb98d000a3d76f3b - - default default] Volume info retrieved successfully.
2024-07-15 17:59:29.975 19 INFO cinder.api.openstack.wsgi [None req-0a46208e-545f-4f9b-ab9a-6b228941715c 281eb940250f48f393cebadcb58eafcd 002355591846444cb947be02f5510b74 - - default default] http://[LB_IP_ADDRESS]:8776/v3/002355591846444cb947be02f5510b74/volumes/c93c65d7-7560-4977-9271-07bfa87860af returned with HTTP 200
2024-07-15 17:59:29.978 23 INFO cinder.api.openstack.wsgi [None req-086ee65f-b6c3-443c-a2a2-7ef6cb4dd171 31adb234bc8049a7b3a299501c377508 225723cc7af24403bb98d000a3d76f3b - - default default] http://[LB_IP_ADDRESS]:8776/v3/225723cc7af24403bb98d000a3d76f3b/volumes/bdebdda0-e8aa-46ea-afee-0f9e34cae237 returned with HTTP 200
2024-07-15 17:59:31.002 20 INFO cinder.api.openstack.wsgi [None req-7b7a9d1d-2303-4b7e-a04b-5433770af9c7 281eb940250f48f393cebadcb58eafcd 002355591846444cb947be02f5510b74 - - default default] GET http://[LB_IP_ADDRESS]:8776/v3/002355591846444cb947be02f5510b74/volumes/c93c65d7-7560-4977-9271-07bfa87860af
2024-07-15 17:59:31.008 21 INFO cinder.api.openstack.wsgi [None req-e98b5ca9-69c2-47d5-ba4b-804462c6252b 31adb234bc8049a7b3a299501c377508 225723cc7af24403bb98d000a3d76f3b - - default default] GET http://[LB_IP_ADDRESS]:8776/v3/225723cc7af24403bb98d000a3d76f3b/volumes/bdebdda0-e8aa-46ea-afee-0f9e34cae237
2024-07-15 17:59:31.019 20 INFO cinder.api.openstack.wsgi [None req-7b7a9d1d-2303-4b7e-a04b-5433770af9c7 281eb940250f48f393cebadcb58eafcd 002355591846444cb947be02f5510b74 - - default default] http://[LB_IP_ADDRESS]:8776/v3/002355591846444cb947be02f5510b74/volumes/c93c65d7-7560-4977-9271-07bfa87860af returned with HTTP 404
2024-07-15 17:59:31.027 21 INFO cinder.api.openstack.wsgi [None req-e98b5ca9-69c2-47d5-ba4b-804462c6252b 31adb234bc8049a7b3a299501c377508 225723cc7af24403bb98d000a3d76f3b - - default default] http://[LB_IP_ADDRESS]:8776/v3/225723cc7af24403bb98d000a3d76f3b/volumes/bdebdda0-e8aa-46ea-afee-0f9e34cae237 returned with HTTP 404
2024-07-15 17:59:31.032 22 INFO cinder.api.openstack.wsgi [None req-52cc6007-ede4-484b-a411-a79e10c30e25 281eb940250f48f393cebadcb58eafcd 002355591846444cb947be02f5510b74 - - default default] GET http://[LB_IP_ADDRESS]:8776/v3/002355591846444cb947be02f5510b74/groups/ecfd1b3c-5933-4311-b682-52718020f15c
2024-07-15 17:59:31.040 22 INFO cinder.api.openstack.wsgi [None req-52cc6007-ede4-484b-a411-a79e10c30e25 281eb940250f48f393cebadcb58eafcd 002355591846444cb947be02f5510b74 - - default default] http://[LB_IP_ADDRESS]:8776/v3/002355591846444cb947be02f5510b74/groups/ecfd1b3c-5933-4311-b682-52718020f15c returned with HTTP 404
2024-07-15 17:59:31.041 19 INFO cinder.api.openstack.wsgi [None req-4cd8cde9-266d-4c2d-950c-cd53ee0c1e9f 31adb234bc8049a7b3a299501c377508 225723cc7af24403bb98d000a3d76f3b - - default default] GET http://[LB_IP_ADDRESS]:8776/v3/225723cc7af24403bb98d000a3d76f3b/volumes/9b216d44-252a-449d-b401-602ad206a829
2024-07-15 17:59:31.055 23 INFO cinder.api.openstack.wsgi [None req-b019a5e0-55f5-438c-8aa1-545962acb65f afce61c6196d468c93a9ef60cfee6fe7 ade04d78040a4b6493deff5450c13b49 - - default default] DELETE http://[LB_IP_ADDRESS]:8776/v3/ade04d78040a4b6493deff5450c13b49/group_types/7f24c97a-e7e0-4fcc-9117-d87676a5437f
2024-07-15 17:59:31.070 19 INFO cinder.api.openstack.wsgi [None req-4cd8cde9-266d-4c2d-950c-cd53ee0c1e9f 31adb234bc8049a7b3a299501c377508 225723cc7af24403bb98d000a3d76f3b - - default default] http://[LB_IP_ADDRESS]:8776/v3/225723cc7af24403bb98d000a3d76f3b/volumes/9b216d44-252a-449d-b401-602ad206a829 returned with HTTP 404
2024-07-15 17:59:31.082 23 INFO cinder.api.openstack.wsgi [None req-b019a5e0-55f5-438c-8aa1-545962acb65f afce61c6196d468c93a9ef60cfee6fe7 ade04d78040a4b6493deff5450c13b49 - - default default] http://[LB_IP_ADDRESS]:8776/v3/ade04d78040a4b6493deff5450c13b49/group_types/7f24c97a-e7e0-4fcc-9117-d87676a5437f returned with HTTP 202
2024-07-15 17:59:31.088 20 INFO cinder.api.openstack.wsgi [None req-c0a12522-922e-438b-b65b-64f0834442f4 31adb234bc8049a7b3a299501c377508 225723cc7af24403bb98d000a3d76f3b - - default default] GET http://[LB_IP_ADDRESS]:8776/v3/225723cc7af24403bb98d000a3d76f3b/groups/0b2ece30-5881-4ae6-920e-7a4846136837
2024-07-15 17:59:31.094 20 INFO cinder.api.openstack.wsgi [None req-c0a12522-922e-438b-b65b-64f0834442f4 31adb234bc8049a7b3a299501c377508 225723cc7af24403bb98d000a3d76f3b - - default default] http://[LB_IP_ADDRESS]:8776/v3/225723cc7af24403bb98d000a3d76f3b/groups/0b2ece30-5881-4ae6-920e-7a4846136837 returned with HTTP 404
2024-07-15 17:59:31.095 21 INFO cinder.api.openstack.wsgi [None req-5a65e809-a0e4-409b-a0f7-e2b91c1f2ac9 afce61c6196d468c93a9ef60cfee6fe7 ade04d78040a4b6493deff5450c13b49 - - default default] DELETE http://[LB_IP_ADDRESS]:8776/v3/ade04d78040a4b6493deff5450c13b49/types/693c656f-b433-4ceb-a665-adcde767c1ff
2024-07-15 17:59:31.108 22 INFO cinder.api.openstack.wsgi [None req-de8863b7-2a5f-4bda-bb70-0642a4bfef2a e79802b48f5b4527ad64061328ee609a 003238a4333d4189b0259de3e338e782 - - default default] DELETE http://[LB_IP_ADDRESS]:8776/v3/003238a4333d4189b0259de3e338e782/group_types/61cb05dd-abc5-4036-8a41-4549c8880c44
2024-07-15 17:59:31.134 22 INFO cinder.api.openstack.wsgi [None req-de8863b7-2a5f-4bda-bb70-0642a4bfef2a e79802b48f5b4527ad64061328ee609a 003238a4333d4189b0259de3e338e782 - - default default] http://[LB_IP_ADDRESS]:8776/v3/003238a4333d4189b0259de3e338e782/group_types/61cb05dd-abc5-4036-8a41-4549c8880c44 returned with HTTP 202
2024-07-15 17:59:31.147 21 INFO cinder.api.openstack.wsgi [None req-5a65e809-a0e4-409b-a0f7-e2b91c1f2ac9 afce61c6196d468c93a9ef60cfee6fe7 ade04d78040a4b6493deff5450c13b49 - - default default] http://[LB_IP_ADDRESS]:8776/v3/ade04d78040a4b6493deff5450c13b49/types/693c656f-b433-4ceb-a665-adcde767c1ff returned with HTTP 202
2024-07-15 17:59:31.156 19 INFO cinder.api.openstack.wsgi [None req-5bf2259a-f50c-4832-a352-95b35bf35786 e79802b48f5b4527ad64061328ee609a 003238a4333d4189b0259de3e338e782 - - default default] DELETE http://[LB_IP_ADDRESS]:8776/v3/003238a4333d4189b0259de3e338e782/types/25a76543-8113-4372-aa76-92b9d9f39ca1
2024-07-15 17:59:31.161 23 INFO cinder.api.openstack.wsgi [None req-7e93b662-9fee-4652-b1fb-924662ab72fb afce61c6196d468c93a9ef60cfee6fe7 ade04d78040a4b6493deff5450c13b49 - - default default] GET http://[LB_IP_ADDRESS]:8776/v3/ade04d78040a4b6493deff5450c13b49/types/693c656f-b433-4ceb-a665-adcde767c1ff
2024-07-15 17:59:31.169 23 INFO cinder.api.openstack.wsgi [None req-7e93b662-9fee-4652-b1fb-924662ab72fb afce61c6196d468c93a9ef60cfee6fe7 ade04d78040a4b6493deff5450c13b49 - - default default] http://[LB_IP_ADDRESS]:8776/v3/ade04d78040a4b6493deff5450c13b49/types/693c656f-b433-4ceb-a665-adcde767c1ff returned with HTTP 404
2024-07-15 17:59:31.216 19 INFO cinder.api.openstack.wsgi [None req-5bf2259a-f50c-4832-a352-95b35bf35786 e79802b48f5b4527ad64061328ee609a 003238a4333d4189b0259de3e338e782 - - default default] http://[LB_IP_ADDRESS]:8776/v3/003238a4333d4189b0259de3e338e782/types/25a76543-8113-4372-aa76-92b9d9f39ca1 returned with HTTP 202
2024-07-15 17:59:31.229 20 INFO cinder.api.openstack.wsgi [None req-97b1f0be-e8f0-49b3-a319-af4c3c76ef1c e79802b48f5b4527ad64061328ee609a 003238a4333d4189b0259de3e338e782 - - default default] GET http://[LB_IP_ADDRESS]:8776/v3/003238a4333d4189b0259de3e338e782/types/25a76543-8113-4372-aa76-92b9d9f39ca1
2024-07-15 17:59:31.238 20 INFO cinder.api.openstack.wsgi [None req-97b1f0be-e8f0-49b3-a319-af4c3c76ef1c e79802b48f5b4527ad64061328ee609a 003238a4333d4189b0259de3e338e782 - - default default] http://[LB_IP_ADDRESS]:8776/v3/003238a4333d4189b0259de3e338e782/types/25a76543-8113-4372-aa76-92b9d9f39ca1 returned with HTTP 404
2024-07-15 17:59:34.783 22 INFO cinder.api.openstack.wsgi [None req-5ecefc1d-6d0c-4e45-8305-56c9e3b511d6 2eae806e97b54e529e6f65140429c2db b93b4db8e4e34277b1600e465fbc49dd - - default default] POST http://[LB_IP_ADDRESS]:8776/v3/b93b4db8e4e34277b1600e465fbc49dd/types
2024-07-15 17:59:34.811 22 INFO cinder.api.openstack.wsgi [None req-5ecefc1d-6d0c-4e45-8305-56c9e3b511d6 2eae806e97b54e529e6f65140429c2db b93b4db8e4e34277b1600e465fbc49dd - - default default] http://[LB_IP_ADDRESS]:8776/v3/b93b4db8e4e34277b1600e465fbc49dd/types returned with HTTP 200
2024-07-15 17:59:34.827 21 INFO cinder.api.openstack.wsgi [None req-f8b425f9-e96e-4ad1-8c3c-ff7f742cdd27 2eae806e97b54e529e6f65140429c2db b93b4db8e4e34277b1600e465fbc49dd - - default default] POST http://[LB_IP_ADDRESS]:8776/v3/b93b4db8e4e34277b1600e465fbc49dd/types
2024-07-15 17:59:34.855 21 INFO cinder.api.openstack.wsgi [None req-f8b425f9-e96e-4ad1-8c3c-ff7f742cdd27 2eae806e97b54e529e6f65140429c2db b93b4db8e4e34277b1600e465fbc49dd - - default default] http://[LB_IP_ADDRESS]:8776/v3/b93b4db8e4e34277b1600e465fbc49dd/types returned with HTTP 200
2024-07-15 17:59:35.046 23 INFO cinder.api.openstack.wsgi [None req-f025d656-8be2-4c00-9c64-a2a4b410d394 d81ae9125a4b485f9946605097e9fe0c 61bf4be4c60c408d8188a213fa462d58 - - default default] POST http://[LB_IP_ADDRESS]:8776/v3/61bf4be4c60c408d8188a213fa462d58/volumes
2024-07-15 17:59:35.059 23 INFO cinder.api.v3.volumes [None req-f025d656-8be2-4c00-9c64-a2a4b410d394 d81ae9125a4b485f9946605097e9fe0c 61bf4be4c60c408d8188a213fa462d58 - - default default] Create volume of 1 GB
2024-07-15 17:59:35.062 23 INFO cinder.volume.api [None req-f025d656-8be2-4c00-9c64-a2a4b410d394 d81ae9125a4b485f9946605097e9fe0c 61bf4be4c60c408d8188a213fa462d58 - - default default] Availability Zones retrieved successfully.
2024-07-15 17:59:35.285 23 INFO cinder.volume.api [None req-f025d656-8be2-4c00-9c64-a2a4b410d394 d81ae9125a4b485f9946605097e9fe0c 61bf4be4c60c408d8188a213fa462d58 - - default default] Create volume request issued successfully.
2024-07-15 17:59:35.288 23 INFO cinder.api.openstack.wsgi [None req-f025d656-8be2-4c00-9c64-a2a4b410d394 d81ae9125a4b485f9946605097e9fe0c 61bf4be4c60c408d8188a213fa462d58 - - default default] http://[LB_IP_ADDRESS]:8776/v3/61bf4be4c60c408d8188a213fa462d58/volumes returned with HTTP 202
2024-07-15 17:59:35.314 19 INFO cinder.api.openstack.wsgi [None req-fa7fc595-fdf6-467b-be19-bce0fb1ffad4 d81ae9125a4b485f9946605097e9fe0c 61bf4be4c60c408d8188a213fa462d58 - - default default] GET http://[LB_IP_ADDRESS]:8776/v3/61bf4be4c60c408d8188a213fa462d58/volumes/1b3a3a9b-e3e9-4a31-87b0-be9afd9329cd
2024-07-15 17:59:35.342 19 INFO cinder.volume.api [None req-fa7fc595-fdf6-467b-be19-bce0fb1ffad4 d81ae9125a4b485f9946605097e9fe0c 61bf4be4c60c408d8188a213fa462d58 - - default default] Volume info retrieved successfully.
2024-07-15 17:59:35.353 19 INFO cinder.api.openstack.wsgi [None req-fa7fc595-fdf6-467b-be19-bce0fb1ffad4 d81ae9125a4b485f9946605097e9fe0c 61bf4be4c60c408d8188a213fa462d58 - - default default] http://[LB_IP_ADDRESS]:8776/v3/61bf4be4c60c408d8188a213fa462d58/volumes/1b3a3a9b-e3e9-4a31-87b0-be9afd9329cd returned with HTTP 200
2024-07-15 17:59:36.383 20 INFO cinder.api.openstack.wsgi [None req-23c1b772-b94d-4df2-b2e9-3afd13c4a5b4 d81ae9125a4b485f9946605097e9fe0c 61bf4be4c60c408d8188a213fa462d58 - - default default] GET http://[LB_IP_ADDRESS]:8776/v3/61bf4be4c60c408d8188a213fa462d58/volumes/1b3a3a9b-e3e9-4a31-87b0-be9afd9329cd
2024-07-15 17:59:36.411 20 INFO cinder.volume.api [None req-23c1b772-b94d-4df2-b2e9-3afd13c4a5b4 d81ae9125a4b485f9946605097e9fe0c 61bf4be4c60c408d8188a213fa462d58 - - default default] Volume info retrieved successfully.
2024-07-15 17:59:36.420 20 INFO cinder.api.openstack.wsgi [None req-23c1b772-b94d-4df2-b2e9-3afd13c4a5b4 d81ae9125a4b485f9946605097e9fe0c 61bf4be4c60c408d8188a213fa462d58 - - default default] http://[LB_IP_ADDRESS]:8776/v3/61bf4be4c60c408d8188a213fa462d58/volumes/1b3a3a9b-e3e9-4a31-87b0-be9afd9329cd returned with HTTP 200
2024-07-15 17:59:36.448 22 INFO cinder.api.openstack.wsgi [None req-bd3b2d0b-7a2d-4185-b269-ed876570351e 2eae806e97b54e529e6f65140429c2db b93b4db8e4e34277b1600e465fbc49dd - - default default] GET http://[LB_IP_ADDRESS]:8776/v3/b93b4db8e4e34277b1600e465fbc49dd/volumes/1b3a3a9b-e3e9-4a31-87b0-be9afd9329cd
2024-07-15 17:59:36.476 22 INFO cinder.volume.api [None req-bd3b2d0b-7a2d-4185-b269-ed876570351e 2eae806e97b54e529e6f65140429c2db b93b4db8e4e34277b1600e465fbc49dd - - default default] Volume info retrieved successfully.
2024-07-15 17:59:36.486 22 INFO cinder.api.openstack.wsgi [None req-bd3b2d0b-7a2d-4185-b269-ed876570351e 2eae806e97b54e529e6f65140429c2db b93b4db8e4e34277b1600e465fbc49dd - - default default] http://[LB_IP_ADDRESS]:8776/v3/b93b4db8e4e34277b1600e465fbc49dd/volumes/1b3a3a9b-e3e9-4a31-87b0-be9afd9329cd returned with HTTP 200
2024-07-15 17:59:36.511 21 INFO cinder.api.openstack.wsgi [None req-52055173-38e3-47fe-b03f-565f43a87eb1 d81ae9125a4b485f9946605097e9fe0c 61bf4be4c60c408d8188a213fa462d58 - - default default] POST http://[LB_IP_ADDRESS]:8776/v3/61bf4be4c60c408d8188a213fa462d58/volumes/1b3a3a9b-e3e9-4a31-87b0-be9afd9329cd/action
2024-07-15 17:59:36.535 21 INFO cinder.volume.api [None req-52055173-38e3-47fe-b03f-565f43a87eb1 d81ae9125a4b485f9946605097e9fe0c 61bf4be4c60c408d8188a213fa462d58 - - default default] Volume info retrieved successfully.
2024-07-15 17:59:36.692 21 INFO cinder.volume.api [None req-52055173-38e3-47fe-b03f-565f43a87eb1 d81ae9125a4b485f9946605097e9fe0c 61bf4be4c60c408d8188a213fa462d58 - - default default] Retype volume request issued successfully.
2024-07-15 17:59:36.693 21 INFO cinder.api.openstack.wsgi [None req-52055173-38e3-47fe-b03f-565f43a87eb1 d81ae9125a4b485f9946605097e9fe0c 61bf4be4c60c408d8188a213fa462d58 - - default default] http://[LB_IP_ADDRESS]:8776/v3/61bf4be4c60c408d8188a213fa462d58/volumes/1b3a3a9b-e3e9-4a31-87b0-be9afd9329cd/action returned with HTTP 202
2024-07-15 17:59:36.706 19 INFO cinder.api.openstack.wsgi [None req-22b90f32-9a9a-48e9-8696-aa2c3576ccf7 d81ae9125a4b485f9946605097e9fe0c 61bf4be4c60c408d8188a213fa462d58 - - default default] GET http://[LB_IP_ADDRESS]:8776/v3/61bf4be4c60c408d8188a213fa462d58/volumes/1b3a3a9b-e3e9-4a31-87b0-be9afd9329cd
2024-07-15 17:59:36.731 19 INFO cinder.volume.api [None req-22b90f32-9a9a-48e9-8696-aa2c3576ccf7 d81ae9125a4b485f9946605097e9fe0c 61bf4be4c60c408d8188a213fa462d58 - - default default] Volume info retrieved successfully.
2024-07-15 17:59:36.736 23 INFO cinder.api.openstack.wsgi [None req-31809385-0e05-4ef9-9151-763d3a05ea9c 1fbac5e1a0a2489094e9d9770280e066 f6ef225cecc14924b2a9ce6200f4a9e9 - - default default] POST http://[LB_IP_ADDRESS]:8776/v3/f6ef225cecc14924b2a9ce6200f4a9e9/group_types
2024-07-15 17:59:36.741 19 INFO cinder.api.openstack.wsgi [None req-22b90f32-9a9a-48e9-8696-aa2c3576ccf7 d81ae9125a4b485f9946605097e9fe0c 61bf4be4c60c408d8188a213fa462d58 - - default default] http://[LB_IP_ADDRESS]:8776/v3/61bf4be4c60c408d8188a213fa462d58/volumes/1b3a3a9b-e3e9-4a31-87b0-be9afd9329cd returned with HTTP 200
2024-07-15 17:59:36.767 23 INFO cinder.api.openstack.wsgi [None req-31809385-0e05-4ef9-9151-763d3a05ea9c 1fbac5e1a0a2489094e9d9770280e066 f6ef225cecc14924b2a9ce6200f4a9e9 - - default default] http://[LB_IP_ADDRESS]:8776/v3/f6ef225cecc14924b2a9ce6200f4a9e9/group_types returned with HTTP 202
2024-07-15 17:59:36.784 20 INFO cinder.api.openstack.wsgi [None req-d4674142-7a95-43c6-beef-21e8259a4079 1fbac5e1a0a2489094e9d9770280e066 f6ef225cecc14924b2a9ce6200f4a9e9 - - default default] POST http://[LB_IP_ADDRESS]:8776/v3/f6ef225cecc14924b2a9ce6200f4a9e9/group_types/8300f60f-7cee-4f76-8f39-0dfbb28d99ee/group_specs
2024-07-15 17:59:36.805 20 INFO cinder.api.openstack.wsgi [None req-d4674142-7a95-43c6-beef-21e8259a4079 1fbac5e1a0a2489094e9d9770280e066 f6ef225cecc14924b2a9ce6200f4a9e9 - - default default] http://[LB_IP_ADDRESS]:8776/v3/f6ef225cecc14924b2a9ce6200f4a9e9/group_types/8300f60f-7cee-4f76-8f39-0dfbb28d99ee/group_specs returned with HTTP 202
2024-07-15 17:59:36.819 22 INFO cinder.api.openstack.wsgi [None req-edff184d-6749-4517-9339-35502f8a9eea 1fbac5e1a0a2489094e9d9770280e066 f6ef225cecc14924b2a9ce6200f4a9e9 - - default default] POST http://[LB_IP_ADDRESS]:8776/v3/f6ef225cecc14924b2a9ce6200f4a9e9/group_types/8300f60f-7cee-4f76-8f39-0dfbb28d99ee/group_specs
2024-07-15 17:59:36.844 22 INFO cinder.api.openstack.wsgi [None req-edff184d-6749-4517-9339-35502f8a9eea 1fbac5e1a0a2489094e9d9770280e066 f6ef225cecc14924b2a9ce6200f4a9e9 - - default default] http://[LB_IP_ADDRESS]:8776/v3/f6ef225cecc14924b2a9ce6200f4a9e9/group_types/8300f60f-7cee-4f76-8f39-0dfbb28d99ee/group_specs returned with HTTP 202
2024-07-15 17:59:36.864 21 INFO cinder.api.openstack.wsgi [None req-d01832e6-fff6-493c-bf83-b0d6e3781397 1fbac5e1a0a2489094e9d9770280e066 f6ef225cecc14924b2a9ce6200f4a9e9 - - default default] GET http://[LB_IP_ADDRESS]:8776/v3/f6ef225cecc14924b2a9ce6200f4a9e9/group_types/8300f60f-7cee-4f76-8f39-0dfbb28d99ee/group_specs/key2
2024-07-15 17:59:36.888 21 INFO cinder.api.openstack.wsgi [None req-d01832e6-fff6-493c-bf83-b0d6e3781397 1fbac5e1a0a2489094e9d9770280e066 f6ef225cecc14924b2a9ce6200f4a9e9 - - default default] http://[LB_IP_ADDRESS]:8776/v3/f6ef225cecc14924b2a9ce6200f4a9e9/group_types/8300f60f-7cee-4f76-8f39-0dfbb28d99ee/group_specs/key2 returned with HTTP 200
2024-07-15 17:59:36.904 19 INFO cinder.api.openstack.wsgi [None req-4e3331c9-52e4-4f77-bcf2-c41faab28148 1fbac5e1a0a2489094e9d9770280e066 f6ef225cecc14924b2a9ce6200f4a9e9 - - default default] GET http://[LB_IP_ADDRESS]:8776/v3/f6ef225cecc14924b2a9ce6200f4a9e9/group_types/8300f60f-7cee-4f76-8f39-0dfbb28d99ee/group_specs/key3
2024-07-15 17:59:36.917 19 INFO cinder.api.openstack.wsgi [None req-4e3331c9-52e4-4f77-bcf2-c41faab28148 1fbac5e1a0a2489094e9d9770280e066 f6ef225cecc14924b2a9ce6200f4a9e9 - - default default] http://[LB_IP_ADDRESS]:8776/v3/f6ef225cecc14924b2a9ce6200f4a9e9/group_types/8300f60f-7cee-4f76-8f39-0dfbb28d99ee/group_specs/key3 returned with HTTP 200
2024-07-15 17:59:36.931 20 INFO cinder.api.openstack.wsgi [None req-7cc09ae1-9db2-4010-8647-70024a92c46c 1fbac5e1a0a2489094e9d9770280e066 f6ef225cecc14924b2a9ce6200f4a9e9 - - default default] PUT http://[LB_IP_ADDRESS]:8776/v3/f6ef225cecc14924b2a9ce6200f4a9e9/group_types/8300f60f-7cee-4f76-8f39-0dfbb28d99ee/group_specs/key3
2024-07-15 17:59:36.952 20 INFO cinder.api.openstack.wsgi [None req-7cc09ae1-9db2-4010-8647-70024a92c46c 1fbac5e1a0a2489094e9d9770280e066 f6ef225cecc14924b2a9ce6200f4a9e9 - - default default] http://[LB_IP_ADDRESS]:8776/v3/f6ef225cecc14924b2a9ce6200f4a9e9/group_types/8300f60f-7cee-4f76-8f39-0dfbb28d99ee/group_specs/key3 returned with HTTP 200
2024-07-15 17:59:36.965 22 INFO cinder.api.openstack.wsgi [None req-68028200-6454-4422-9ecf-f521bcf2f6e0 1fbac5e1a0a2489094e9d9770280e066 f6ef225cecc14924b2a9ce6200f4a9e9 - - default default] GET http://[LB_IP_ADDRESS]:8776/v3/f6ef225cecc14924b2a9ce6200f4a9e9/group_types/8300f60f-7cee-4f76-8f39-0dfbb28d99ee/group_specs
2024-07-15 17:59:36.974 23 INFO cinder.api.openstack.wsgi [None req-63641b62-8b21-4591-8934-b72b769ab3db c124356e754f483685341d006223e7fa d2ada5d1b66a47d0b7669c43712e172a - - default default] POST http://[LB_IP_ADDRESS]:8776/v3/d2ada5d1b66a47d0b7669c43712e172a/types
2024-07-15 17:59:36.979 22 INFO cinder.api.openstack.wsgi [None req-68028200-6454-4422-9ecf-f521bcf2f6e0 1fbac5e1a0a2489094e9d9770280e066 f6ef225cecc14924b2a9ce6200f4a9e9 - - default default] http://[LB_IP_ADDRESS]:8776/v3/f6ef225cecc14924b2a9ce6200f4a9e9/group_types/8300f60f-7cee-4f76-8f39-0dfbb28d99ee/group_specs returned with HTTP 200
2024-07-15 17:59:36.998 21 INFO cinder.api.openstack.wsgi [None req-90d881ba-0f0d-413f-ad69-86f6f1d58514 1fbac5e1a0a2489094e9d9770280e066 f6ef225cecc14924b2a9ce6200f4a9e9 - - default default] DELETE http://[LB_IP_ADDRESS]:8776/v3/f6ef225cecc14924b2a9ce6200f4a9e9/group_types/8300f60f-7cee-4f76-8f39-0dfbb28d99ee/group_specs/key1
2024-07-15 17:59:37.010 23 INFO cinder.api.openstack.wsgi [None req-63641b62-8b21-4591-8934-b72b769ab3db c124356e754f483685341d006223e7fa d2ada5d1b66a47d0b7669c43712e172a - - default default] http://[LB_IP_ADDRESS]:8776/v3/d2ada5d1b66a47d0b7669c43712e172a/types returned with HTTP 200
2024-07-15 17:59:37.021 21 INFO cinder.api.openstack.wsgi [None req-90d881ba-0f0d-413f-ad69-86f6f1d58514 1fbac5e1a0a2489094e9d9770280e066 f6ef225cecc14924b2a9ce6200f4a9e9 - - default default] http://[LB_IP_ADDRESS]:8776/v3/f6ef225cecc14924b2a9ce6200f4a9e9/group_types/8300f60f-7cee-4f76-8f39-0dfbb28d99ee/group_specs/key1 returned with HTTP 202
2024-07-15 17:59:37.027 19 INFO cinder.api.openstack.wsgi [None req-e35a2b93-5f22-41e6-8234-111b1ba0c6ef c124356e754f483685341d006223e7fa d2ada5d1b66a47d0b7669c43712e172a - - default default] POST http://[LB_IP_ADDRESS]:8776/v3/d2ada5d1b66a47d0b7669c43712e172a/group_types
2024-07-15 17:59:37.035 20 INFO cinder.api.openstack.wsgi [None req-5a77c022-827a-444c-8329-01c9d8d4d467 1fbac5e1a0a2489094e9d9770280e066 f6ef225cecc14924b2a9ce6200f4a9e9 - - default default] GET http://[LB_IP_ADDRESS]:8776/v3/f6ef225cecc14924b2a9ce6200f4a9e9/group_types/8300f60f-7cee-4f76-8f39-0dfbb28d99ee/group_specs/key1
2024-07-15 17:59:37.048 20 INFO cinder.api.openstack.wsgi [None req-5a77c022-827a-444c-8329-01c9d8d4d467 1fbac5e1a0a2489094e9d9770280e066 f6ef225cecc14924b2a9ce6200f4a9e9 - - default default] HTTP exception thrown: Group Type 8300f60f-7cee-4f76-8f39-0dfbb28d99ee has no extra spec with key key1.
2024-07-15 17:59:37.049 20 INFO cinder.api.openstack.wsgi [None req-5a77c022-827a-444c-8329-01c9d8d4d467 1fbac5e1a0a2489094e9d9770280e066 f6ef225cecc14924b2a9ce6200f4a9e9 - - default default] http://[LB_IP_ADDRESS]:8776/v3/f6ef225cecc14924b2a9ce6200f4a9e9/group_types/8300f60f-7cee-4f76-8f39-0dfbb28d99ee/group_specs/key1 returned with HTTP 404
2024-07-15 17:59:37.055 19 INFO cinder.api.openstack.wsgi [None req-e35a2b93-5f22-41e6-8234-111b1ba0c6ef c124356e754f483685341d006223e7fa d2ada5d1b66a47d0b7669c43712e172a - - default default] http://[LB_IP_ADDRESS]:8776/v3/d2ada5d1b66a47d0b7669c43712e172a/group_types returned with HTTP 202
2024-07-15 17:59:37.063 22 INFO cinder.api.openstack.wsgi [None req-7264caf5-cabc-4ae3-b64b-f55321b5624c 1fbac5e1a0a2489094e9d9770280e066 f6ef225cecc14924b2a9ce6200f4a9e9 - - default default] DELETE http://[LB_IP_ADDRESS]:8776/v3/f6ef225cecc14924b2a9ce6200f4a9e9/group_types/8300f60f-7cee-4f76-8f39-0dfbb28d99ee/group_specs/key2
2024-07-15 17:59:37.081 22 INFO cinder.api.openstack.wsgi [None req-7264caf5-cabc-4ae3-b64b-f55321b5624c 1fbac5e1a0a2489094e9d9770280e066 f6ef225cecc14924b2a9ce6200f4a9e9 - - default default] http://[LB_IP_ADDRESS]:8776/v3/f6ef225cecc14924b2a9ce6200f4a9e9/group_types/8300f60f-7cee-4f76-8f39-0dfbb28d99ee/group_specs/key2 returned with HTTP 202
2024-07-15 17:59:37.094 21 INFO cinder.api.openstack.wsgi [None req-bb1ca6b4-dff1-4842-844e-38f2087202a6 1fbac5e1a0a2489094e9d9770280e066 f6ef225cecc14924b2a9ce6200f4a9e9 - - default default] GET http://[LB_IP_ADDRESS]:8776/v3/f6ef225cecc14924b2a9ce6200f4a9e9/group_types/8300f60f-7cee-4f76-8f39-0dfbb28d99ee/group_specs/key2
2024-07-15 17:59:37.107 21 INFO cinder.api.openstack.wsgi [None req-bb1ca6b4-dff1-4842-844e-38f2087202a6 1fbac5e1a0a2489094e9d9770280e066 f6ef225cecc14924b2a9ce6200f4a9e9 - - default default] HTTP exception thrown: Group Type 8300f60f-7cee-4f76-8f39-0dfbb28d99ee has no extra spec with key key2.
2024-07-15 17:59:37.107 21 INFO cinder.api.openstack.wsgi [None req-bb1ca6b4-dff1-4842-844e-38f2087202a6 1fbac5e1a0a2489094e9d9770280e066 f6ef225cecc14924b2a9ce6200f4a9e9 - - default default] http://[LB_IP_ADDRESS]:8776/v3/f6ef225cecc14924b2a9ce6200f4a9e9/group_types/8300f60f-7cee-4f76-8f39-0dfbb28d99ee/group_specs/key2 returned with HTTP 404
2024-07-15 17:59:37.121 20 INFO cinder.api.openstack.wsgi [None req-402a4790-1778-4b21-b30b-8bb933a8279a 1fbac5e1a0a2489094e9d9770280e066 f6ef225cecc14924b2a9ce6200f4a9e9 - - default default] DELETE http://[LB_IP_ADDRESS]:8776/v3/f6ef225cecc14924b2a9ce6200f4a9e9/group_types/8300f60f-7cee-4f76-8f39-0dfbb28d99ee/group_specs/key3
2024-07-15 17:59:37.139 20 INFO cinder.api.openstack.wsgi [None req-402a4790-1778-4b21-b30b-8bb933a8279a 1fbac5e1a0a2489094e9d9770280e066 f6ef225cecc14924b2a9ce6200f4a9e9 - - default default] http://[LB_IP_ADDRESS]:8776/v3/f6ef225cecc14924b2a9ce6200f4a9e9/group_types/8300f60f-7cee-4f76-8f39-0dfbb28d99ee/group_specs/key3 returned with HTTP 202
2024-07-15 17:59:37.151 19 INFO cinder.api.openstack.wsgi [None req-ac8d9588-083f-4e4a-96e1-fc52f0847eda 1fbac5e1a0a2489094e9d9770280e066 f6ef225cecc14924b2a9ce6200f4a9e9 - - default default] GET http://[LB_IP_ADDRESS]:8776/v3/f6ef225cecc14924b2a9ce6200f4a9e9/group_types/8300f60f-7cee-4f76-8f39-0dfbb28d99ee/group_specs/key3
2024-07-15 17:59:37.163 19 INFO cinder.api.openstack.wsgi [None req-ac8d9588-083f-4e4a-96e1-fc52f0847eda 1fbac5e1a0a2489094e9d9770280e066 f6ef225cecc14924b2a9ce6200f4a9e9 - - default default] HTTP exception thrown: Group Type 8300f60f-7cee-4f76-8f39-0dfbb28d99ee has no extra spec with key key3.
2024-07-15 17:59:37.164 19 INFO cinder.api.openstack.wsgi [None req-ac8d9588-083f-4e4a-96e1-fc52f0847eda 1fbac5e1a0a2489094e9d9770280e066 f6ef225cecc14924b2a9ce6200f4a9e9 - - default default] http://[LB_IP_ADDRESS]:8776/v3/f6ef225cecc14924b2a9ce6200f4a9e9/group_types/8300f60f-7cee-4f76-8f39-0dfbb28d99ee/group_specs/key3 returned with HTTP 404
2024-07-15 17:59:37.178 22 INFO cinder.api.openstack.wsgi [None req-c98bc235-2429-491e-afec-0573a28d2720 1fbac5e1a0a2489094e9d9770280e066 f6ef225cecc14924b2a9ce6200f4a9e9 - - default default] DELETE http://[LB_IP_ADDRESS]:8776/v3/f6ef225cecc14924b2a9ce6200f4a9e9/group_types/8300f60f-7cee-4f76-8f39-0dfbb28d99ee
2024-07-15 17:59:37.189 23 INFO cinder.api.openstack.wsgi [None req-c55331bf-a293-44bb-97ff-755006cf02dd 2d5185f1ccf240ec9a12754419445e26 3efdb3f3347548398ff96041c45338ae - - default default] POST http://[LB_IP_ADDRESS]:8776/v3/3efdb3f3347548398ff96041c45338ae/groups
2024-07-15 17:59:37.201 23 INFO cinder.api.v3.groups [None req-c55331bf-a293-44bb-97ff-755006cf02dd 2d5185f1ccf240ec9a12754419445e26 3efdb3f3347548398ff96041c45338ae - - default default] Creating group tempest-GroupsV314Test-Group-1661834024.
2024-07-15 17:59:37.202 22 INFO cinder.api.openstack.wsgi [None req-c98bc235-2429-491e-afec-0573a28d2720 1fbac5e1a0a2489094e9d9770280e066 f6ef225cecc14924b2a9ce6200f4a9e9 - - default default] http://[LB_IP_ADDRESS]:8776/v3/f6ef225cecc14924b2a9ce6200f4a9e9/group_types/8300f60f-7cee-4f76-8f39-0dfbb28d99ee returned with HTTP 202
2024-07-15 17:59:37.220 23 INFO cinder.volume.api [None req-c55331bf-a293-44bb-97ff-755006cf02dd 2d5185f1ccf240ec9a12754419445e26 3efdb3f3347548398ff96041c45338ae - - default default] Availability Zones retrieved successfully.
2024-07-15 17:59:37.298 23 INFO cinder.api.openstack.wsgi [None req-c55331bf-a293-44bb-97ff-755006cf02dd 2d5185f1ccf240ec9a12754419445e26 3efdb3f3347548398ff96041c45338ae - - default default] http://[LB_IP_ADDRESS]:8776/v3/3efdb3f3347548398ff96041c45338ae/groups returned with HTTP 202
2024-07-15 17:59:37.313 21 INFO cinder.api.openstack.wsgi [None req-ed9016e6-e370-4cf8-b672-621424c93d71 2d5185f1ccf240ec9a12754419445e26 3efdb3f3347548398ff96041c45338ae - - default default] GET http://[LB_IP_ADDRESS]:8776/v3/3efdb3f3347548398ff96041c45338ae/groups/b7a8a861-00c4-4c92-b9fb-21792c145390
2024-07-15 17:59:37.340 21 INFO cinder.api.openstack.wsgi [None req-ed9016e6-e370-4cf8-b672-621424c93d71 2d5185f1ccf240ec9a12754419445e26 3efdb3f3347548398ff96041c45338ae - - default default] http://[LB_IP_ADDRESS]:8776/v3/3efdb3f3347548398ff96041c45338ae/groups/b7a8a861-00c4-4c92-b9fb-21792c145390 returned with HTTP 200
2024-07-15 17:59:37.771 20 INFO cinder.api.openstack.wsgi [None req-3ff849c8-62b8-44ee-ab1d-5c2653ea3f8a d81ae9125a4b485f9946605097e9fe0c 61bf4be4c60c408d8188a213fa462d58 - - default default] GET http://[LB_IP_ADDRESS]:8776/v3/61bf4be4c60c408d8188a213fa462d58/volumes/1b3a3a9b-e3e9-4a31-87b0-be9afd9329cd
2024-07-15 17:59:37.800 20 INFO cinder.volume.api [None req-3ff849c8-62b8-44ee-ab1d-5c2653ea3f8a d81ae9125a4b485f9946605097e9fe0c 61bf4be4c60c408d8188a213fa462d58 - - default default] Volume info retrieved successfully.
2024-07-15 17:59:37.810 20 INFO cinder.api.openstack.wsgi [None req-3ff849c8-62b8-44ee-ab1d-5c2653ea3f8a d81ae9125a4b485f9946605097e9fe0c 61bf4be4c60c408d8188a213fa462d58 - - default default] http://[LB_IP_ADDRESS]:8776/v3/61bf4be4c60c408d8188a213fa462d58/volumes/1b3a3a9b-e3e9-4a31-87b0-be9afd9329cd returned with HTTP 200
2024-07-15 17:59:37.838 19 INFO cinder.api.openstack.wsgi [None req-2d70d20d-5832-4016-b0fb-631f558672fb 2eae806e97b54e529e6f65140429c2db b93b4db8e4e34277b1600e465fbc49dd - - default default] GET http://[LB_IP_ADDRESS]:8776/v3/b93b4db8e4e34277b1600e465fbc49dd/volumes/1b3a3a9b-e3e9-4a31-87b0-be9afd9329cd
2024-07-15 17:59:37.867 19 INFO cinder.volume.api [None req-2d70d20d-5832-4016-b0fb-631f558672fb 2eae806e97b54e529e6f65140429c2db b93b4db8e4e34277b1600e465fbc49dd - - default default] Volume info retrieved successfully.
2024-07-15 17:59:37.877 19 INFO cinder.api.openstack.wsgi [None req-2d70d20d-5832-4016-b0fb-631f558672fb 2eae806e97b54e529e6f65140429c2db b93b4db8e4e34277b1600e465fbc49dd - - default default] http://[LB_IP_ADDRESS]:8776/v3/b93b4db8e4e34277b1600e465fbc49dd/volumes/1b3a3a9b-e3e9-4a31-87b0-be9afd9329cd returned with HTTP 200
2024-07-15 17:59:37.905 22 INFO cinder.api.openstack.wsgi [None req-23f63123-7dad-4f07-8887-0bfea7dcaede 2eae806e97b54e529e6f65140429c2db b93b4db8e4e34277b1600e465fbc49dd - - default default] GET http://[LB_IP_ADDRESS]:8776/v3/b93b4db8e4e34277b1600e465fbc49dd/volumes?all_tenants=True&name=tempest-VolumeRetypeWithoutMigrationTest-Volume-1402535510
2024-07-15 17:59:37.980 22 INFO cinder.volume.api [None req-23f63123-7dad-4f07-8887-0bfea7dcaede 2eae806e97b54e529e6f65140429c2db b93b4db8e4e34277b1600e465fbc49dd - - default default] Get all volumes completed successfully.
2024-07-15 17:59:37.981 22 INFO cinder.api.openstack.wsgi [None req-23f63123-7dad-4f07-8887-0bfea7dcaede 2eae806e97b54e529e6f65140429c2db b93b4db8e4e34277b1600e465fbc49dd - - default default] http://[LB_IP_ADDRESS]:8776/v3/b93b4db8e4e34277b1600e465fbc49dd/volumes?all_tenants=True&name=tempest-VolumeRetypeWithoutMigrationTest-Volume-1402535510 returned with HTTP 200
2024-07-15 17:59:38.000 23 INFO cinder.api.openstack.wsgi [None req-37426f8d-6da9-4d53-b692-a062cc19b6c2 d81ae9125a4b485f9946605097e9fe0c 61bf4be4c60c408d8188a213fa462d58 - - default default] GET http://[LB_IP_ADDRESS]:8776/v3/61bf4be4c60c408d8188a213fa462d58/volumes/1b3a3a9b-e3e9-4a31-87b0-be9afd9329cd
2024-07-15 17:59:38.028 23 INFO cinder.volume.api [None req-37426f8d-6da9-4d53-b692-a062cc19b6c2 d81ae9125a4b485f9946605097e9fe0c 61bf4be4c60c408d8188a213fa462d58 - - default default] Volume info retrieved successfully.
2024-07-15 17:59:38.038 23 INFO cinder.api.openstack.wsgi [None req-37426f8d-6da9-4d53-b692-a062cc19b6c2 d81ae9125a4b485f9946605097e9fe0c 61bf4be4c60c408d8188a213fa462d58 - - default default] http://[LB_IP_ADDRESS]:8776/v3/61bf4be4c60c408d8188a213fa462d58/volumes/1b3a3a9b-e3e9-4a31-87b0-be9afd9329cd returned with HTTP 200
2024-07-15 17:59:38.065 21 INFO cinder.api.openstack.wsgi [None req-5af6369e-d3c5-4329-a8dd-9e1f9c3cb221 d81ae9125a4b485f9946605097e9fe0c 61bf4be4c60c408d8188a213fa462d58 - - default default] DELETE http://[LB_IP_ADDRESS]:8776/v3/61bf4be4c60c408d8188a213fa462d58/volumes/1b3a3a9b-e3e9-4a31-87b0-be9afd9329cd
2024-07-15 17:59:38.066 21 INFO cinder.api.v3.volumes [None req-5af6369e-d3c5-4329-a8dd-9e1f9c3cb221 d81ae9125a4b485f9946605097e9fe0c 61bf4be4c60c408d8188a213fa462d58 - - default default] Delete volume with id: 1b3a3a9b-e3e9-4a31-87b0-be9afd9329cd 
2024-07-15 17:59:38.088 21 INFO cinder.volume.api [None req-5af6369e-d3c5-4329-a8dd-9e1f9c3cb221 d81ae9125a4b485f9946605097e9fe0c 61bf4be4c60c408d8188a213fa462d58 - - default default] Volume info retrieved successfully.
2024-07-15 17:59:38.127 21 INFO cinder.volume.api [None req-5af6369e-d3c5-4329-a8dd-9e1f9c3cb221 d81ae9125a4b485f9946605097e9fe0c 61bf4be4c60c408d8188a213fa462d58 - - default default] Delete volume request issued successfully.
2024-07-15 17:59:38.128 21 INFO cinder.api.openstack.wsgi [None req-5af6369e-d3c5-4329-a8dd-9e1f9c3cb221 d81ae9125a4b485f9946605097e9fe0c 61bf4be4c60c408d8188a213fa462d58 - - default default] http://[LB_IP_ADDRESS]:8776/v3/61bf4be4c60c408d8188a213fa462d58/volumes/1b3a3a9b-e3e9-4a31-87b0-be9afd9329cd returned with HTTP 202
2024-07-15 17:59:38.141 20 INFO cinder.api.openstack.wsgi [None req-3b57f20b-c887-4c6c-8f86-1cba97d872f6 d81ae9125a4b485f9946605097e9fe0c 61bf4be4c60c408d8188a213fa462d58 - - default default] GET http://[LB_IP_ADDRESS]:8776/v3/61bf4be4c60c408d8188a213fa462d58/volumes/1b3a3a9b-e3e9-4a31-87b0-be9afd9329cd
2024-07-15 17:59:38.168 20 INFO cinder.volume.api [None req-3b57f20b-c887-4c6c-8f86-1cba97d872f6 d81ae9125a4b485f9946605097e9fe0c 61bf4be4c60c408d8188a213fa462d58 - - default default] Volume info retrieved successfully.
2024-07-15 17:59:38.178 20 INFO cinder.api.openstack.wsgi [None req-3b57f20b-c887-4c6c-8f86-1cba97d872f6 d81ae9125a4b485f9946605097e9fe0c 61bf4be4c60c408d8188a213fa462d58 - - default default] http://[LB_IP_ADDRESS]:8776/v3/61bf4be4c60c408d8188a213fa462d58/volumes/1b3a3a9b-e3e9-4a31-87b0-be9afd9329cd returned with HTTP 200
2024-07-15 17:59:38.361 19 INFO cinder.api.openstack.wsgi [None req-f771785a-8208-4717-893d-48457bb0c6de 2d5185f1ccf240ec9a12754419445e26 3efdb3f3347548398ff96041c45338ae - - default default] GET http://[LB_IP_ADDRESS]:8776/v3/3efdb3f3347548398ff96041c45338ae/groups/b7a8a861-00c4-4c92-b9fb-21792c145390
2024-07-15 17:59:38.384 19 INFO cinder.api.openstack.wsgi [None req-f771785a-8208-4717-893d-48457bb0c6de 2d5185f1ccf240ec9a12754419445e26 3efdb3f3347548398ff96041c45338ae - - default default] http://[LB_IP_ADDRESS]:8776/v3/3efdb3f3347548398ff96041c45338ae/groups/b7a8a861-00c4-4c92-b9fb-21792c145390 returned with HTTP 200
2024-07-15 17:59:38.404 22 INFO cinder.api.openstack.wsgi [None req-ba153726-1358-454b-b9e4-41c94567be65 2d5185f1ccf240ec9a12754419445e26 3efdb3f3347548398ff96041c45338ae - - default default] POST http://[LB_IP_ADDRESS]:8776/v3/3efdb3f3347548398ff96041c45338ae/volumes
2024-07-15 17:59:38.422 22 INFO cinder.api.v3.volumes [None req-ba153726-1358-454b-b9e4-41c94567be65 2d5185f1ccf240ec9a12754419445e26 3efdb3f3347548398ff96041c45338ae - - default default] Create volume of 1 GB
2024-07-15 17:59:38.434 22 INFO cinder.volume.api [None req-ba153726-1358-454b-b9e4-41c94567be65 2d5185f1ccf240ec9a12754419445e26 3efdb3f3347548398ff96041c45338ae - - default default] Availability Zones retrieved successfully.
2024-07-15 17:59:38.539 22 WARNING cinder.quota [None req-ba153726-1358-454b-b9e4-41c94567be65 2d5185f1ccf240ec9a12754419445e26 3efdb3f3347548398ff96041c45338ae - - default default] Deprecated: Default quota for resource: volumes_tempest-GroupsV314Test-volume-type-2092385777 is set by the default quota flag: quota_volumes_tempest-GroupsV314Test-volume-type-2092385777, it is now deprecated. Please use the default quota class for default quota.
2024-07-15 17:59:38.540 22 WARNING cinder.quota [None req-ba153726-1358-454b-b9e4-41c94567be65 2d5185f1ccf240ec9a12754419445e26 3efdb3f3347548398ff96041c45338ae - - default default] Deprecated: Default quota for resource: gigabytes_tempest-GroupsV314Test-volume-type-2092385777 is set by the default quota flag: quota_gigabytes_tempest-GroupsV314Test-volume-type-2092385777, it is now deprecated. Please use the default quota class for default quota.
2024-07-15 17:59:38.671 22 INFO cinder.volume.api [None req-ba153726-1358-454b-b9e4-41c94567be65 2d5185f1ccf240ec9a12754419445e26 3efdb3f3347548398ff96041c45338ae - - default default] Create volume request issued successfully.
2024-07-15 17:59:38.694 22 INFO cinder.api.openstack.wsgi [None req-ba153726-1358-454b-b9e4-41c94567be65 2d5185f1ccf240ec9a12754419445e26 3efdb3f3347548398ff96041c45338ae - - default default] http://[LB_IP_ADDRESS]:8776/v3/3efdb3f3347548398ff96041c45338ae/volumes returned with HTTP 202
2024-07-15 17:59:38.722 23 INFO cinder.api.openstack.wsgi [None req-0825ae55-69ac-4741-b86b-8560db5e0308 2d5185f1ccf240ec9a12754419445e26 3efdb3f3347548398ff96041c45338ae - - default default] GET http://[LB_IP_ADDRESS]:8776/v3/3efdb3f3347548398ff96041c45338ae/volumes/e1fb839a-97dd-4b52-8b67-e35e720a7006
2024-07-15 17:59:38.749 23 INFO cinder.volume.api [None req-0825ae55-69ac-4741-b86b-8560db5e0308 2d5185f1ccf240ec9a12754419445e26 3efdb3f3347548398ff96041c45338ae - - default default] Volume info retrieved successfully.
2024-07-15 17:59:38.782 23 INFO cinder.api.openstack.wsgi [None req-0825ae55-69ac-4741-b86b-8560db5e0308 2d5185f1ccf240ec9a12754419445e26 3efdb3f3347548398ff96041c45338ae - - default default] http://[LB_IP_ADDRESS]:8776/v3/3efdb3f3347548398ff96041c45338ae/volumes/e1fb839a-97dd-4b52-8b67-e35e720a7006 returned with HTTP 200
2024-07-15 17:59:39.206 21 INFO cinder.api.openstack.wsgi [None req-8cb02af8-23b9-43a7-bbc4-61917a7f38bb d81ae9125a4b485f9946605097e9fe0c 61bf4be4c60c408d8188a213fa462d58 - - default default] GET http://[LB_IP_ADDRESS]:8776/v3/61bf4be4c60c408d8188a213fa462d58/volumes/1b3a3a9b-e3e9-4a31-87b0-be9afd9329cd
2024-07-15 17:59:39.236 21 INFO cinder.volume.api [None req-8cb02af8-23b9-43a7-bbc4-61917a7f38bb d81ae9125a4b485f9946605097e9fe0c 61bf4be4c60c408d8188a213fa462d58 - - default default] Volume info retrieved successfully.
2024-07-15 17:59:39.247 21 INFO cinder.api.openstack.wsgi [None req-8cb02af8-23b9-43a7-bbc4-61917a7f38bb d81ae9125a4b485f9946605097e9fe0c 61bf4be4c60c408d8188a213fa462d58 - - default default] http://[LB_IP_ADDRESS]:8776/v3/61bf4be4c60c408d8188a213fa462d58/volumes/1b3a3a9b-e3e9-4a31-87b0-be9afd9329cd returned with HTTP 200
2024-07-15 17:59:39.811 20 INFO cinder.api.openstack.wsgi [None req-703a974a-a2fc-4236-9a7d-1391975083b5 2d5185f1ccf240ec9a12754419445e26 3efdb3f3347548398ff96041c45338ae - - default default] GET http://[LB_IP_ADDRESS]:8776/v3/3efdb3f3347548398ff96041c45338ae/volumes/e1fb839a-97dd-4b52-8b67-e35e720a7006
2024-07-15 17:59:39.840 20 INFO cinder.volume.api [None req-703a974a-a2fc-4236-9a7d-1391975083b5 2d5185f1ccf240ec9a12754419445e26 3efdb3f3347548398ff96041c45338ae - - default default] Volume info retrieved successfully.
2024-07-15 17:59:39.872 20 INFO cinder.api.openstack.wsgi [None req-703a974a-a2fc-4236-9a7d-1391975083b5 2d5185f1ccf240ec9a12754419445e26 3efdb3f3347548398ff96041c45338ae - - default default] http://[LB_IP_ADDRESS]:8776/v3/3efdb3f3347548398ff96041c45338ae/volumes/e1fb839a-97dd-4b52-8b67-e35e720a7006 returned with HTTP 200
2024-07-15 17:59:39.900 19 INFO cinder.api.openstack.wsgi [None req-650ec493-e972-46b5-a9a9-80be288770f9 2d5185f1ccf240ec9a12754419445e26 3efdb3f3347548398ff96041c45338ae - - default default] POST http://[LB_IP_ADDRESS]:8776/v3/3efdb3f3347548398ff96041c45338ae/groups/action
2024-07-15 17:59:39.905 19 INFO cinder.api.v3.groups [None req-650ec493-e972-46b5-a9a9-80be288770f9 2d5185f1ccf240ec9a12754419445e26 3efdb3f3347548398ff96041c45338ae - - default default] Creating group tempest-Group_from_grp-1383202011 from source group b7a8a861-00c4-4c92-b9fb-21792c145390.
2024-07-15 17:59:40.005 19 INFO oslo_messaging._drivers.amqpdriver [None req-650ec493-e972-46b5-a9a9-80be288770f9 2d5185f1ccf240ec9a12754419445e26 3efdb3f3347548398ff96041c45338ae - - default default] Expecting reply to msg 0ec34c3879454f6f990eff8335839fc1 in queue reply_7b9905fee8864ccda5292f1b5e62e4bf
2024-07-15 17:59:40.027 19 INFO oslo_messaging._drivers.amqpdriver [-] Received RPC response for msg 0ec34c3879454f6f990eff8335839fc1
2024-07-15 17:59:40.280 22 INFO cinder.api.openstack.wsgi [None req-4a769138-e78d-4ee5-97aa-04f231072b23 d81ae9125a4b485f9946605097e9fe0c 61bf4be4c60c408d8188a213fa462d58 - - default default] GET http://[LB_IP_ADDRESS]:8776/v3/61bf4be4c60c408d8188a213fa462d58/volumes/1b3a3a9b-e3e9-4a31-87b0-be9afd9329cd
