Build Started 19_03_2024_17_37_15
2024-03-19 19:38:43.313 21 INFO cinder.api.openstack.wsgi [None req-a59e4990-a51e-4edd-9521-ccfdc64e1ff8 9b5c72e61a2343adb019cb4a562af8e6 364eea60db644a4f9fca32333943f2ef - - default default] GET http://[LB_IP_ADDRESS]:8776/v3/364eea60db644a4f9fca32333943f2ef/volumes/detail
2024-03-19 19:38:43.344 21 INFO cinder.volume.api [None req-a59e4990-a51e-4edd-9521-ccfdc64e1ff8 9b5c72e61a2343adb019cb4a562af8e6 364eea60db644a4f9fca32333943f2ef - - default default] Get all volumes completed successfully.
2024-03-19 19:38:43.351 21 INFO cinder.api.openstack.wsgi [None req-a59e4990-a51e-4edd-9521-ccfdc64e1ff8 9b5c72e61a2343adb019cb4a562af8e6 364eea60db644a4f9fca32333943f2ef - - default default] http://[LB_IP_ADDRESS]:8776/v3/364eea60db644a4f9fca32333943f2ef/volumes/detail returned with HTTP 200
2024-03-19 19:38:43.363 22 INFO cinder.api.openstack.wsgi [req-a59e4990-a51e-4edd-9521-ccfdc64e1ff8 req-0803c665-5071-43f9-b47c-3e0df87f6e82 9b5c72e61a2343adb019cb4a562af8e6 364eea60db644a4f9fca32333943f2ef - - default default] GET http://[LB_IP_ADDRESS]:8776/v3/364eea60db644a4f9fca32333943f2ef/snapshots/detail?all_tenants=True
2024-03-19 19:38:43.377 22 INFO cinder.volume.api [req-a59e4990-a51e-4edd-9521-ccfdc64e1ff8 req-0803c665-5071-43f9-b47c-3e0df87f6e82 9b5c72e61a2343adb019cb4a562af8e6 364eea60db644a4f9fca32333943f2ef - - default default] Get all snapshots completed successfully.
2024-03-19 19:38:43.379 22 INFO cinder.api.openstack.wsgi [req-a59e4990-a51e-4edd-9521-ccfdc64e1ff8 req-0803c665-5071-43f9-b47c-3e0df87f6e82 9b5c72e61a2343adb019cb4a562af8e6 364eea60db644a4f9fca32333943f2ef - - default default] http://[LB_IP_ADDRESS]:8776/v3/364eea60db644a4f9fca32333943f2ef/snapshots/detail?all_tenants=True returned with HTTP 200
2024-03-19 19:38:45.372 19 INFO cinder.api.openstack.wsgi [None req-83bcbc03-5af0-4e47-926e-88e8bb31d4c6 9b5c72e61a2343adb019cb4a562af8e6 364eea60db644a4f9fca32333943f2ef - - default default] GET http://[LB_IP_ADDRESS]:8776/v3/364eea60db644a4f9fca32333943f2ef/volumes/detail?all_tenants=True
2024-03-19 19:38:45.410 19 INFO cinder.volume.api [None req-83bcbc03-5af0-4e47-926e-88e8bb31d4c6 9b5c72e61a2343adb019cb4a562af8e6 364eea60db644a4f9fca32333943f2ef - - default default] Get all volumes completed successfully.
2024-03-19 19:38:45.415 19 INFO cinder.api.openstack.wsgi [None req-83bcbc03-5af0-4e47-926e-88e8bb31d4c6 9b5c72e61a2343adb019cb4a562af8e6 364eea60db644a4f9fca32333943f2ef - - default default] http://[LB_IP_ADDRESS]:8776/v3/364eea60db644a4f9fca32333943f2ef/volumes/detail?all_tenants=True returned with HTTP 200
2024-03-19 19:38:47.143 23 INFO cinder.api.openstack.wsgi [None req-f6523ebc-8beb-4e4e-899f-41d5d5493c73 9b5c72e61a2343adb019cb4a562af8e6 364eea60db644a4f9fca32333943f2ef - - default default] GET http://[LB_IP_ADDRESS]:8776/v3/364eea60db644a4f9fca32333943f2ef/types?is_public=None
2024-03-19 19:38:47.165 23 INFO cinder.api.openstack.wsgi [None req-f6523ebc-8beb-4e4e-899f-41d5d5493c73 9b5c72e61a2343adb019cb4a562af8e6 364eea60db644a4f9fca32333943f2ef - - default default] http://[LB_IP_ADDRESS]:8776/v3/364eea60db644a4f9fca32333943f2ef/types?is_public=None returned with HTTP 200
2024-03-19 19:38:59.139 20 INFO cinder.api.openstack.wsgi [None req-58b6c762-1575-422f-a885-964842c6e9d7 - - - - - -] GET http://[LB_IP_ADDRESS]:8776/
2024-03-19 19:38:59.150 20 INFO cinder.api.openstack.wsgi [None req-58b6c762-1575-422f-a885-964842c6e9d7 - - - - - -] http://[LB_IP_ADDRESS]:8776/ returned with HTTP 300
2024-03-19 19:39:00.220 21 INFO cinder.api.openstack.wsgi [req-73ee6d61-273b-4fc2-9b09-1bec696d8b91 req-8802699e-0dec-4925-ab9f-a5ee15d5222e 29679ff4ee354400abba1eae7333773d 25e5bfc77c334d1baaba0e02dfa2bc5a - - default default] POST http://[LB_IP_ADDRESS]:8776/v3/25e5bfc77c334d1baaba0e02dfa2bc5a/volumes
2024-03-19 19:39:00.220 19 INFO cinder.api.openstack.wsgi [req-3734467d-64c6-4f68-aa21-7b24585d9468 req-5119f11f-9fb1-493f-82a5-cadcb103699c 540fd66713da4547bc441dc41ef3369a ebee9956d4f9460aba6d553a6f1db2ef - - default default] DELETE http://[LB_IP_ADDRESS]:8776/v3/ebee9956d4f9460aba6d553a6f1db2ef/volumes/tempest-invalid-463694633
2024-03-19 19:39:00.221 19 INFO cinder.api.v3.volumes [req-3734467d-64c6-4f68-aa21-7b24585d9468 req-5119f11f-9fb1-493f-82a5-cadcb103699c 540fd66713da4547bc441dc41ef3369a ebee9956d4f9460aba6d553a6f1db2ef - - default default] Delete volume with id: tempest-invalid-463694633 
2024-03-19 19:39:00.225 21 INFO cinder.api.v3.volumes [req-73ee6d61-273b-4fc2-9b09-1bec696d8b91 req-8802699e-0dec-4925-ab9f-a5ee15d5222e 29679ff4ee354400abba1eae7333773d 25e5bfc77c334d1baaba0e02dfa2bc5a - - default default] Create volume of 1 GB
2024-03-19 19:39:00.238 19 INFO cinder.api.openstack.wsgi [req-3734467d-64c6-4f68-aa21-7b24585d9468 req-5119f11f-9fb1-493f-82a5-cadcb103699c 540fd66713da4547bc441dc41ef3369a ebee9956d4f9460aba6d553a6f1db2ef - - default default] http://[LB_IP_ADDRESS]:8776/v3/ebee9956d4f9460aba6d553a6f1db2ef/volumes/tempest-invalid-463694633 returned with HTTP 404
2024-03-19 19:39:00.240 21 INFO cinder.volume.api [req-73ee6d61-273b-4fc2-9b09-1bec696d8b91 req-8802699e-0dec-4925-ab9f-a5ee15d5222e 29679ff4ee354400abba1eae7333773d 25e5bfc77c334d1baaba0e02dfa2bc5a - - default default] Availability Zones retrieved successfully.
2024-03-19 19:39:00.259 22 INFO cinder.api.openstack.wsgi [req-593cfa2c-aa97-4025-b2b7-35ff3588733f req-8b479e73-aae9-49c4-968b-a373e48c2e01 47c211bb2b874264a23f61d673de2323 37e0222de5fd468abfa1905fe84f5c7c - - default default] POST http://[LB_IP_ADDRESS]:8776/v3/37e0222de5fd468abfa1905fe84f5c7c/volumes
2024-03-19 19:39:00.264 22 INFO cinder.api.v3.volumes [req-593cfa2c-aa97-4025-b2b7-35ff3588733f req-8b479e73-aae9-49c4-968b-a373e48c2e01 47c211bb2b874264a23f61d673de2323 37e0222de5fd468abfa1905fe84f5c7c - - default default] Create volume of 1 GB
2024-03-19 19:39:00.280 22 INFO cinder.volume.api [req-593cfa2c-aa97-4025-b2b7-35ff3588733f req-8b479e73-aae9-49c4-968b-a373e48c2e01 47c211bb2b874264a23f61d673de2323 37e0222de5fd468abfa1905fe84f5c7c - - default default] Availability Zones retrieved successfully.
2024-03-19 19:39:00.285 23 INFO cinder.api.openstack.wsgi [req-d3441fe9-6faa-49d7-b82a-d0b4b4b408c3 req-11cdfe0e-22e9-4d2a-89cd-fd5464be7688 540fd66713da4547bc441dc41ef3369a ebee9956d4f9460aba6d553a6f1db2ef - - default default] DELETE http://[LB_IP_ADDRESS]:8776/v3/ebee9956d4f9460aba6d553a6f1db2ef/volumes/168d4add-8ebf-4bb5-aa88-ae18b1159929
2024-03-19 19:39:00.286 23 INFO cinder.api.v3.volumes [req-d3441fe9-6faa-49d7-b82a-d0b4b4b408c3 req-11cdfe0e-22e9-4d2a-89cd-fd5464be7688 540fd66713da4547bc441dc41ef3369a ebee9956d4f9460aba6d553a6f1db2ef - - default default] Delete volume with id: 168d4add-8ebf-4bb5-aa88-ae18b1159929 
2024-03-19 19:39:00.300 23 INFO cinder.api.openstack.wsgi [req-d3441fe9-6faa-49d7-b82a-d0b4b4b408c3 req-11cdfe0e-22e9-4d2a-89cd-fd5464be7688 540fd66713da4547bc441dc41ef3369a ebee9956d4f9460aba6d553a6f1db2ef - - default default] http://[LB_IP_ADDRESS]:8776/v3/ebee9956d4f9460aba6d553a6f1db2ef/volumes/168d4add-8ebf-4bb5-aa88-ae18b1159929 returned with HTTP 404
2024-03-19 19:39:00.385 20 INFO cinder.api.openstack.wsgi [req-cf6f1596-f43b-43a2-aca1-34516520c2ce req-e2994907-4405-4415-863c-1dda4754e05b 540fd66713da4547bc441dc41ef3369a ebee9956d4f9460aba6d553a6f1db2ef - - default default] GET http://[LB_IP_ADDRESS]:8776/v3/ebee9956d4f9460aba6d553a6f1db2ef/volumes/f14e0f7a-b316-47cf-b920-7525ff183a53
2024-03-19 19:39:00.399 20 INFO cinder.api.openstack.wsgi [req-cf6f1596-f43b-43a2-aca1-34516520c2ce req-e2994907-4405-4415-863c-1dda4754e05b 540fd66713da4547bc441dc41ef3369a ebee9956d4f9460aba6d553a6f1db2ef - - default default] http://[LB_IP_ADDRESS]:8776/v3/ebee9956d4f9460aba6d553a6f1db2ef/volumes/f14e0f7a-b316-47cf-b920-7525ff183a53 returned with HTTP 404
2024-03-19 19:39:00.429 21 INFO cinder.volume.api [req-73ee6d61-273b-4fc2-9b09-1bec696d8b91 req-8802699e-0dec-4925-ab9f-a5ee15d5222e 29679ff4ee354400abba1eae7333773d 25e5bfc77c334d1baaba0e02dfa2bc5a - - default default] Create volume request issued successfully.
2024-03-19 19:39:00.431 21 INFO cinder.api.openstack.wsgi [req-73ee6d61-273b-4fc2-9b09-1bec696d8b91 req-8802699e-0dec-4925-ab9f-a5ee15d5222e 29679ff4ee354400abba1eae7333773d 25e5bfc77c334d1baaba0e02dfa2bc5a - - default default] http://[LB_IP_ADDRESS]:8776/v3/25e5bfc77c334d1baaba0e02dfa2bc5a/volumes returned with HTTP 202
2024-03-19 19:39:00.445 19 INFO cinder.api.openstack.wsgi [req-73ee6d61-273b-4fc2-9b09-1bec696d8b91 req-cbf3404e-f7cd-4e94-9bdd-0426ff828e82 29679ff4ee354400abba1eae7333773d 25e5bfc77c334d1baaba0e02dfa2bc5a - - default default] GET http://[LB_IP_ADDRESS]:8776/v3/25e5bfc77c334d1baaba0e02dfa2bc5a/volumes/a0efcf4c-4bdf-49ba-a656-a04706f871ac
2024-03-19 19:39:00.469 19 INFO cinder.volume.api [req-73ee6d61-273b-4fc2-9b09-1bec696d8b91 req-cbf3404e-f7cd-4e94-9bdd-0426ff828e82 29679ff4ee354400abba1eae7333773d 25e5bfc77c334d1baaba0e02dfa2bc5a - - default default] Volume info retrieved successfully.
2024-03-19 19:39:00.477 19 INFO cinder.api.openstack.wsgi [req-73ee6d61-273b-4fc2-9b09-1bec696d8b91 req-cbf3404e-f7cd-4e94-9bdd-0426ff828e82 29679ff4ee354400abba1eae7333773d 25e5bfc77c334d1baaba0e02dfa2bc5a - - default default] http://[LB_IP_ADDRESS]:8776/v3/25e5bfc77c334d1baaba0e02dfa2bc5a/volumes/a0efcf4c-4bdf-49ba-a656-a04706f871ac returned with HTTP 200
2024-03-19 19:39:00.491 22 INFO cinder.volume.api [req-593cfa2c-aa97-4025-b2b7-35ff3588733f req-8b479e73-aae9-49c4-968b-a373e48c2e01 47c211bb2b874264a23f61d673de2323 37e0222de5fd468abfa1905fe84f5c7c - - default default] Create volume request issued successfully.
2024-03-19 19:39:00.494 22 INFO cinder.api.openstack.wsgi [req-593cfa2c-aa97-4025-b2b7-35ff3588733f req-8b479e73-aae9-49c4-968b-a373e48c2e01 47c211bb2b874264a23f61d673de2323 37e0222de5fd468abfa1905fe84f5c7c - - default default] http://[LB_IP_ADDRESS]:8776/v3/37e0222de5fd468abfa1905fe84f5c7c/volumes returned with HTTP 202
2024-03-19 19:39:00.509 23 INFO cinder.api.openstack.wsgi [req-593cfa2c-aa97-4025-b2b7-35ff3588733f req-f0f83bee-5a09-429c-8864-aebef4aa4b74 47c211bb2b874264a23f61d673de2323 37e0222de5fd468abfa1905fe84f5c7c - - default default] GET http://[LB_IP_ADDRESS]:8776/v3/37e0222de5fd468abfa1905fe84f5c7c/volumes/bbca42e6-d3c3-427f-aafa-d675a45a2715
2024-03-19 19:39:00.533 23 INFO cinder.volume.api [req-593cfa2c-aa97-4025-b2b7-35ff3588733f req-f0f83bee-5a09-429c-8864-aebef4aa4b74 47c211bb2b874264a23f61d673de2323 37e0222de5fd468abfa1905fe84f5c7c - - default default] Volume info retrieved successfully.
2024-03-19 19:39:00.544 23 INFO cinder.api.openstack.wsgi [req-593cfa2c-aa97-4025-b2b7-35ff3588733f req-f0f83bee-5a09-429c-8864-aebef4aa4b74 47c211bb2b874264a23f61d673de2323 37e0222de5fd468abfa1905fe84f5c7c - - default default] http://[LB_IP_ADDRESS]:8776/v3/37e0222de5fd468abfa1905fe84f5c7c/volumes/bbca42e6-d3c3-427f-aafa-d675a45a2715 returned with HTTP 200
2024-03-19 19:39:00.577 21 INFO cinder.api.openstack.wsgi [req-48637570-04ea-41ce-8892-bd4fb517638e req-e890ec53-b27c-4786-8210-9f974504cc1a 47c211bb2b874264a23f61d673de2323 37e0222de5fd468abfa1905fe84f5c7c - - default default] GET http://[LB_IP_ADDRESS]:8776/v3/37e0222de5fd468abfa1905fe84f5c7c/volumes/bbca42e6-d3c3-427f-aafa-d675a45a2715
2024-03-19 19:39:00.601 21 INFO cinder.volume.api [req-48637570-04ea-41ce-8892-bd4fb517638e req-e890ec53-b27c-4786-8210-9f974504cc1a 47c211bb2b874264a23f61d673de2323 37e0222de5fd468abfa1905fe84f5c7c - - default default] Volume info retrieved successfully.
2024-03-19 19:39:00.609 21 INFO cinder.api.openstack.wsgi [req-48637570-04ea-41ce-8892-bd4fb517638e req-e890ec53-b27c-4786-8210-9f974504cc1a 47c211bb2b874264a23f61d673de2323 37e0222de5fd468abfa1905fe84f5c7c - - default default] http://[LB_IP_ADDRESS]:8776/v3/37e0222de5fd468abfa1905fe84f5c7c/volumes/bbca42e6-d3c3-427f-aafa-d675a45a2715 returned with HTTP 200
2024-03-19 19:39:00.702 20 INFO cinder.api.openstack.wsgi [req-8d86c697-8361-4693-86cc-5f6f9afa9335 req-35b3a46c-0cdf-4738-a9cc-3826bb0760b6 29679ff4ee354400abba1eae7333773d 25e5bfc77c334d1baaba0e02dfa2bc5a - - default default] GET http://[LB_IP_ADDRESS]:8776/v3/25e5bfc77c334d1baaba0e02dfa2bc5a/volumes/a0efcf4c-4bdf-49ba-a656-a04706f871ac
2024-03-19 19:39:00.729 20 INFO cinder.volume.api [req-8d86c697-8361-4693-86cc-5f6f9afa9335 req-35b3a46c-0cdf-4738-a9cc-3826bb0760b6 29679ff4ee354400abba1eae7333773d 25e5bfc77c334d1baaba0e02dfa2bc5a - - default default] Volume info retrieved successfully.
2024-03-19 19:39:00.739 20 INFO cinder.api.openstack.wsgi [req-8d86c697-8361-4693-86cc-5f6f9afa9335 req-35b3a46c-0cdf-4738-a9cc-3826bb0760b6 29679ff4ee354400abba1eae7333773d 25e5bfc77c334d1baaba0e02dfa2bc5a - - default default] http://[LB_IP_ADDRESS]:8776/v3/25e5bfc77c334d1baaba0e02dfa2bc5a/volumes/a0efcf4c-4bdf-49ba-a656-a04706f871ac returned with HTTP 200
2024-03-19 19:39:01.644 19 INFO cinder.api.openstack.wsgi [req-80bee065-20d7-46ce-ad19-cf2982921f7d req-f4f015c4-ed98-4569-a5ee-3f09fe9a41a4 47c211bb2b874264a23f61d673de2323 37e0222de5fd468abfa1905fe84f5c7c - - default default] GET http://[LB_IP_ADDRESS]:8776/v3/37e0222de5fd468abfa1905fe84f5c7c/volumes/bbca42e6-d3c3-427f-aafa-d675a45a2715
2024-03-19 19:39:01.672 19 INFO cinder.volume.api [req-80bee065-20d7-46ce-ad19-cf2982921f7d req-f4f015c4-ed98-4569-a5ee-3f09fe9a41a4 47c211bb2b874264a23f61d673de2323 37e0222de5fd468abfa1905fe84f5c7c - - default default] Volume info retrieved successfully.
2024-03-19 19:39:01.682 19 INFO cinder.api.openstack.wsgi [req-80bee065-20d7-46ce-ad19-cf2982921f7d req-f4f015c4-ed98-4569-a5ee-3f09fe9a41a4 47c211bb2b874264a23f61d673de2323 37e0222de5fd468abfa1905fe84f5c7c - - default default] http://[LB_IP_ADDRESS]:8776/v3/37e0222de5fd468abfa1905fe84f5c7c/volumes/bbca42e6-d3c3-427f-aafa-d675a45a2715 returned with HTTP 200
2024-03-19 19:39:01.723 22 INFO cinder.api.openstack.wsgi [req-8525d358-5f53-4d6d-883c-81363e18ac8c req-40fd9a2a-cf69-4bbc-9da9-fae218a44b6f 47c211bb2b874264a23f61d673de2323 37e0222de5fd468abfa1905fe84f5c7c - - default default] POST http://[LB_IP_ADDRESS]:8776/v3/37e0222de5fd468abfa1905fe84f5c7c/snapshots
2024-03-19 19:39:01.747 22 INFO cinder.volume.api [req-8525d358-5f53-4d6d-883c-81363e18ac8c req-40fd9a2a-cf69-4bbc-9da9-fae218a44b6f 47c211bb2b874264a23f61d673de2323 37e0222de5fd468abfa1905fe84f5c7c - - default default] Volume info retrieved successfully.
2024-03-19 19:39:01.748 22 INFO cinder.api.v3.snapshots [req-8525d358-5f53-4d6d-883c-81363e18ac8c req-40fd9a2a-cf69-4bbc-9da9-fae218a44b6f 47c211bb2b874264a23f61d673de2323 37e0222de5fd468abfa1905fe84f5c7c - - default default] Create snapshot from volume bbca42e6-d3c3-427f-aafa-d675a45a2715
2024-03-19 19:39:01.769 23 INFO cinder.api.openstack.wsgi [req-03a725d0-e44f-4fce-91fd-61ee23812d7a req-2ea72052-2b20-4004-bc87-b47c89276c62 29679ff4ee354400abba1eae7333773d 25e5bfc77c334d1baaba0e02dfa2bc5a - - default default] GET http://[LB_IP_ADDRESS]:8776/v3/25e5bfc77c334d1baaba0e02dfa2bc5a/volumes/a0efcf4c-4bdf-49ba-a656-a04706f871ac
2024-03-19 19:39:01.791 23 INFO cinder.volume.api [req-03a725d0-e44f-4fce-91fd-61ee23812d7a req-2ea72052-2b20-4004-bc87-b47c89276c62 29679ff4ee354400abba1eae7333773d 25e5bfc77c334d1baaba0e02dfa2bc5a - - default default] Volume info retrieved successfully.
2024-03-19 19:39:01.799 23 INFO cinder.api.openstack.wsgi [req-03a725d0-e44f-4fce-91fd-61ee23812d7a req-2ea72052-2b20-4004-bc87-b47c89276c62 29679ff4ee354400abba1eae7333773d 25e5bfc77c334d1baaba0e02dfa2bc5a - - default default] http://[LB_IP_ADDRESS]:8776/v3/25e5bfc77c334d1baaba0e02dfa2bc5a/volumes/a0efcf4c-4bdf-49ba-a656-a04706f871ac returned with HTTP 200
2024-03-19 19:39:01.828 21 INFO cinder.api.openstack.wsgi [req-81fdb512-c936-4f2e-b7d8-13d0a47fd1d4 req-71e4eb42-fe7d-45b5-82ec-380ae6a530b2 29679ff4ee354400abba1eae7333773d 25e5bfc77c334d1baaba0e02dfa2bc5a - - default default] GET http://[LB_IP_ADDRESS]:8776/v3/25e5bfc77c334d1baaba0e02dfa2bc5a/volumes/a0efcf4c-4bdf-49ba-a656-a04706f871ac
2024-03-19 19:39:01.848 21 INFO cinder.volume.api [req-81fdb512-c936-4f2e-b7d8-13d0a47fd1d4 req-71e4eb42-fe7d-45b5-82ec-380ae6a530b2 29679ff4ee354400abba1eae7333773d 25e5bfc77c334d1baaba0e02dfa2bc5a - - default default] Volume info retrieved successfully.
2024-03-19 19:39:01.856 21 INFO cinder.api.openstack.wsgi [req-81fdb512-c936-4f2e-b7d8-13d0a47fd1d4 req-71e4eb42-fe7d-45b5-82ec-380ae6a530b2 29679ff4ee354400abba1eae7333773d 25e5bfc77c334d1baaba0e02dfa2bc5a - - default default] http://[LB_IP_ADDRESS]:8776/v3/25e5bfc77c334d1baaba0e02dfa2bc5a/volumes/a0efcf4c-4bdf-49ba-a656-a04706f871ac returned with HTTP 200
2024-03-19 19:39:01.863 22 INFO cinder.volume.api [req-8525d358-5f53-4d6d-883c-81363e18ac8c req-40fd9a2a-cf69-4bbc-9da9-fae218a44b6f 47c211bb2b874264a23f61d673de2323 37e0222de5fd468abfa1905fe84f5c7c - - default default] Snapshot create request issued successfully.
2024-03-19 19:39:01.864 22 INFO cinder.api.openstack.wsgi [req-8525d358-5f53-4d6d-883c-81363e18ac8c req-40fd9a2a-cf69-4bbc-9da9-fae218a44b6f 47c211bb2b874264a23f61d673de2323 37e0222de5fd468abfa1905fe84f5c7c - - default default] http://[LB_IP_ADDRESS]:8776/v3/37e0222de5fd468abfa1905fe84f5c7c/snapshots returned with HTTP 202
2024-03-19 19:39:01.886 20 INFO cinder.api.openstack.wsgi [req-10538832-4869-4f1a-a1f9-53ad9bb03114 req-a0c19e4c-2b94-4ada-a1ff-34c727c929bb 29679ff4ee354400abba1eae7333773d 25e5bfc77c334d1baaba0e02dfa2bc5a - - default default] DELETE http://[LB_IP_ADDRESS]:8776/v3/25e5bfc77c334d1baaba0e02dfa2bc5a/volumes/a0efcf4c-4bdf-49ba-a656-a04706f871ac
2024-03-19 19:39:01.887 20 INFO cinder.api.v3.volumes [req-10538832-4869-4f1a-a1f9-53ad9bb03114 req-a0c19e4c-2b94-4ada-a1ff-34c727c929bb 29679ff4ee354400abba1eae7333773d 25e5bfc77c334d1baaba0e02dfa2bc5a - - default default] Delete volume with id: a0efcf4c-4bdf-49ba-a656-a04706f871ac 
2024-03-19 19:39:01.892 19 INFO cinder.api.openstack.wsgi [req-340ec5c6-90f7-4897-bff0-51bb533a14e0 req-6a03c11d-dc50-460f-9876-1543b4d26c6c 47c211bb2b874264a23f61d673de2323 37e0222de5fd468abfa1905fe84f5c7c - - default default] GET http://[LB_IP_ADDRESS]:8776/v3/37e0222de5fd468abfa1905fe84f5c7c/snapshots/8311e11a-d9e4-4182-9a2d-c7dff19861ac
2024-03-19 19:39:01.902 20 INFO cinder.volume.api [req-10538832-4869-4f1a-a1f9-53ad9bb03114 req-a0c19e4c-2b94-4ada-a1ff-34c727c929bb 29679ff4ee354400abba1eae7333773d 25e5bfc77c334d1baaba0e02dfa2bc5a - - default default] Volume info retrieved successfully.
2024-03-19 19:39:01.904 19 INFO cinder.volume.api [req-340ec5c6-90f7-4897-bff0-51bb533a14e0 req-6a03c11d-dc50-460f-9876-1543b4d26c6c 47c211bb2b874264a23f61d673de2323 37e0222de5fd468abfa1905fe84f5c7c - - default default] Snapshot retrieved successfully.
2024-03-19 19:39:01.906 19 INFO cinder.api.openstack.wsgi [req-340ec5c6-90f7-4897-bff0-51bb533a14e0 req-6a03c11d-dc50-460f-9876-1543b4d26c6c 47c211bb2b874264a23f61d673de2323 37e0222de5fd468abfa1905fe84f5c7c - - default default] http://[LB_IP_ADDRESS]:8776/v3/37e0222de5fd468abfa1905fe84f5c7c/snapshots/8311e11a-d9e4-4182-9a2d-c7dff19861ac returned with HTTP 200
2024-03-19 19:39:01.931 20 INFO cinder.volume.api [req-10538832-4869-4f1a-a1f9-53ad9bb03114 req-a0c19e4c-2b94-4ada-a1ff-34c727c929bb 29679ff4ee354400abba1eae7333773d 25e5bfc77c334d1baaba0e02dfa2bc5a - - default default] Delete volume request issued successfully.
2024-03-19 19:39:01.932 20 INFO cinder.api.openstack.wsgi [req-10538832-4869-4f1a-a1f9-53ad9bb03114 req-a0c19e4c-2b94-4ada-a1ff-34c727c929bb 29679ff4ee354400abba1eae7333773d 25e5bfc77c334d1baaba0e02dfa2bc5a - - default default] http://[LB_IP_ADDRESS]:8776/v3/25e5bfc77c334d1baaba0e02dfa2bc5a/volumes/a0efcf4c-4bdf-49ba-a656-a04706f871ac returned with HTTP 202
2024-03-19 19:39:01.933 23 INFO cinder.api.openstack.wsgi [req-06066a8b-c25b-4e19-98f0-5c2a7e481997 req-6520772a-de08-45be-9f05-794502717671 47c211bb2b874264a23f61d673de2323 37e0222de5fd468abfa1905fe84f5c7c - - default default] GET http://[LB_IP_ADDRESS]:8776/v3/37e0222de5fd468abfa1905fe84f5c7c/snapshots/detail
2024-03-19 19:39:01.943 23 INFO cinder.volume.api [req-06066a8b-c25b-4e19-98f0-5c2a7e481997 req-6520772a-de08-45be-9f05-794502717671 47c211bb2b874264a23f61d673de2323 37e0222de5fd468abfa1905fe84f5c7c - - default default] Get all snapshots completed successfully.
2024-03-19 19:39:01.946 23 INFO cinder.api.openstack.wsgi [req-06066a8b-c25b-4e19-98f0-5c2a7e481997 req-6520772a-de08-45be-9f05-794502717671 47c211bb2b874264a23f61d673de2323 37e0222de5fd468abfa1905fe84f5c7c - - default default] http://[LB_IP_ADDRESS]:8776/v3/37e0222de5fd468abfa1905fe84f5c7c/snapshots/detail returned with HTTP 200
2024-03-19 19:39:01.959 21 INFO cinder.api.openstack.wsgi [req-25b9fe6d-a753-43b1-80c8-8ec5bb1692ec req-d2e848fb-dd66-4abd-8f6a-c828fe2e9ba1 29679ff4ee354400abba1eae7333773d 25e5bfc77c334d1baaba0e02dfa2bc5a - - default default] GET http://[LB_IP_ADDRESS]:8776/v3/25e5bfc77c334d1baaba0e02dfa2bc5a/volumes/a0efcf4c-4bdf-49ba-a656-a04706f871ac
2024-03-19 19:39:01.978 22 INFO cinder.api.openstack.wsgi [req-52ff38f8-226e-45e7-ba17-8473eb390a64 req-8c351ac3-77b4-47b6-a3e4-1859834a904a 47c211bb2b874264a23f61d673de2323 37e0222de5fd468abfa1905fe84f5c7c - - default default] GET http://[LB_IP_ADDRESS]:8776/v3/37e0222de5fd468abfa1905fe84f5c7c/snapshots/8311e11a-d9e4-4182-9a2d-c7dff19861ac
2024-03-19 19:39:01.980 21 INFO cinder.volume.api [req-25b9fe6d-a753-43b1-80c8-8ec5bb1692ec req-d2e848fb-dd66-4abd-8f6a-c828fe2e9ba1 29679ff4ee354400abba1eae7333773d 25e5bfc77c334d1baaba0e02dfa2bc5a - - default default] Volume info retrieved successfully.
2024-03-19 19:39:01.987 21 INFO cinder.api.openstack.wsgi [req-25b9fe6d-a753-43b1-80c8-8ec5bb1692ec req-d2e848fb-dd66-4abd-8f6a-c828fe2e9ba1 29679ff4ee354400abba1eae7333773d 25e5bfc77c334d1baaba0e02dfa2bc5a - - default default] http://[LB_IP_ADDRESS]:8776/v3/25e5bfc77c334d1baaba0e02dfa2bc5a/volumes/a0efcf4c-4bdf-49ba-a656-a04706f871ac returned with HTTP 200
2024-03-19 19:39:01.988 22 INFO cinder.volume.api [req-52ff38f8-226e-45e7-ba17-8473eb390a64 req-8c351ac3-77b4-47b6-a3e4-1859834a904a 47c211bb2b874264a23f61d673de2323 37e0222de5fd468abfa1905fe84f5c7c - - default default] Snapshot retrieved successfully.
2024-03-19 19:39:01.990 22 INFO cinder.api.openstack.wsgi [req-52ff38f8-226e-45e7-ba17-8473eb390a64 req-8c351ac3-77b4-47b6-a3e4-1859834a904a 47c211bb2b874264a23f61d673de2323 37e0222de5fd468abfa1905fe84f5c7c - - default default] http://[LB_IP_ADDRESS]:8776/v3/37e0222de5fd468abfa1905fe84f5c7c/snapshots/8311e11a-d9e4-4182-9a2d-c7dff19861ac returned with HTTP 200
2024-03-19 19:39:03.021 19 INFO cinder.api.openstack.wsgi [req-c862acd8-ef5a-4d7b-bc2a-3d4205621c15 req-c5ed5b6f-8060-49e9-b147-dd01d8d4aa60 29679ff4ee354400abba1eae7333773d 25e5bfc77c334d1baaba0e02dfa2bc5a - - default default] GET http://[LB_IP_ADDRESS]:8776/v3/25e5bfc77c334d1baaba0e02dfa2bc5a/volumes/a0efcf4c-4bdf-49ba-a656-a04706f871ac
2024-03-19 19:39:03.027 20 INFO cinder.api.openstack.wsgi [req-fee3e18e-c180-483f-9618-4f7f3955989b req-f3189931-bdb7-4f97-8e80-9994d5a3b328 47c211bb2b874264a23f61d673de2323 37e0222de5fd468abfa1905fe84f5c7c - - default default] GET http://[LB_IP_ADDRESS]:8776/v3/37e0222de5fd468abfa1905fe84f5c7c/snapshots/8311e11a-d9e4-4182-9a2d-c7dff19861ac
2024-03-19 19:39:03.037 19 INFO cinder.api.openstack.wsgi [req-c862acd8-ef5a-4d7b-bc2a-3d4205621c15 req-c5ed5b6f-8060-49e9-b147-dd01d8d4aa60 29679ff4ee354400abba1eae7333773d 25e5bfc77c334d1baaba0e02dfa2bc5a - - default default] http://[LB_IP_ADDRESS]:8776/v3/25e5bfc77c334d1baaba0e02dfa2bc5a/volumes/a0efcf4c-4bdf-49ba-a656-a04706f871ac returned with HTTP 404
2024-03-19 19:39:03.042 20 INFO cinder.volume.api [req-fee3e18e-c180-483f-9618-4f7f3955989b req-f3189931-bdb7-4f97-8e80-9994d5a3b328 47c211bb2b874264a23f61d673de2323 37e0222de5fd468abfa1905fe84f5c7c - - default default] Snapshot retrieved successfully.
2024-03-19 19:39:03.044 20 INFO cinder.api.openstack.wsgi [req-fee3e18e-c180-483f-9618-4f7f3955989b req-f3189931-bdb7-4f97-8e80-9994d5a3b328 47c211bb2b874264a23f61d673de2323 37e0222de5fd468abfa1905fe84f5c7c - - default default] http://[LB_IP_ADDRESS]:8776/v3/37e0222de5fd468abfa1905fe84f5c7c/snapshots/8311e11a-d9e4-4182-9a2d-c7dff19861ac returned with HTTP 200
2024-03-19 19:39:04.074 23 INFO cinder.api.openstack.wsgi [req-c6cb8d8d-a1ef-4978-b2b8-738f37f97143 req-da9d8d51-8139-422b-bd1c-b3e1a7851743 47c211bb2b874264a23f61d673de2323 37e0222de5fd468abfa1905fe84f5c7c - - default default] GET http://[LB_IP_ADDRESS]:8776/v3/37e0222de5fd468abfa1905fe84f5c7c/snapshots/8311e11a-d9e4-4182-9a2d-c7dff19861ac
2024-03-19 19:39:04.086 23 INFO cinder.volume.api [req-c6cb8d8d-a1ef-4978-b2b8-738f37f97143 req-da9d8d51-8139-422b-bd1c-b3e1a7851743 47c211bb2b874264a23f61d673de2323 37e0222de5fd468abfa1905fe84f5c7c - - default default] Snapshot retrieved successfully.
2024-03-19 19:39:04.087 23 INFO cinder.api.openstack.wsgi [req-c6cb8d8d-a1ef-4978-b2b8-738f37f97143 req-da9d8d51-8139-422b-bd1c-b3e1a7851743 47c211bb2b874264a23f61d673de2323 37e0222de5fd468abfa1905fe84f5c7c - - default default] http://[LB_IP_ADDRESS]:8776/v3/37e0222de5fd468abfa1905fe84f5c7c/snapshots/8311e11a-d9e4-4182-9a2d-c7dff19861ac returned with HTTP 200
2024-03-19 19:39:04.118 21 INFO cinder.api.openstack.wsgi [req-a56fde79-c69a-4c8c-a785-1c1ae8885003 req-ba89906d-dc4a-4180-b0b9-c05007b4f8a5 47c211bb2b874264a23f61d673de2323 37e0222de5fd468abfa1905fe84f5c7c - - default default] DELETE http://[LB_IP_ADDRESS]:8776/v3/37e0222de5fd468abfa1905fe84f5c7c/snapshots/8311e11a-d9e4-4182-9a2d-c7dff19861ac
2024-03-19 19:39:04.118 21 INFO cinder.api.v2.snapshots [req-a56fde79-c69a-4c8c-a785-1c1ae8885003 req-ba89906d-dc4a-4180-b0b9-c05007b4f8a5 47c211bb2b874264a23f61d673de2323 37e0222de5fd468abfa1905fe84f5c7c - - default default] Delete snapshot with id: 8311e11a-d9e4-4182-9a2d-c7dff19861ac
2024-03-19 19:39:04.131 21 INFO cinder.volume.api [req-a56fde79-c69a-4c8c-a785-1c1ae8885003 req-ba89906d-dc4a-4180-b0b9-c05007b4f8a5 47c211bb2b874264a23f61d673de2323 37e0222de5fd468abfa1905fe84f5c7c - - default default] Snapshot retrieved successfully.
2024-03-19 19:39:04.164 21 INFO cinder.volume.api [req-a56fde79-c69a-4c8c-a785-1c1ae8885003 req-ba89906d-dc4a-4180-b0b9-c05007b4f8a5 47c211bb2b874264a23f61d673de2323 37e0222de5fd468abfa1905fe84f5c7c - - default default] Snapshot delete request issued successfully.
2024-03-19 19:39:04.165 21 INFO cinder.api.openstack.wsgi [req-a56fde79-c69a-4c8c-a785-1c1ae8885003 req-ba89906d-dc4a-4180-b0b9-c05007b4f8a5 47c211bb2b874264a23f61d673de2323 37e0222de5fd468abfa1905fe84f5c7c - - default default] http://[LB_IP_ADDRESS]:8776/v3/37e0222de5fd468abfa1905fe84f5c7c/snapshots/8311e11a-d9e4-4182-9a2d-c7dff19861ac returned with HTTP 202
2024-03-19 19:39:04.192 22 INFO cinder.api.openstack.wsgi [req-ca27c711-43cb-49d2-acd2-ef51068febc8 req-f5577050-6cfa-4354-8546-7b4d9897b823 47c211bb2b874264a23f61d673de2323 37e0222de5fd468abfa1905fe84f5c7c - - default default] GET http://[LB_IP_ADDRESS]:8776/v3/37e0222de5fd468abfa1905fe84f5c7c/snapshots/8311e11a-d9e4-4182-9a2d-c7dff19861ac
2024-03-19 19:39:04.206 22 INFO cinder.volume.api [req-ca27c711-43cb-49d2-acd2-ef51068febc8 req-f5577050-6cfa-4354-8546-7b4d9897b823 47c211bb2b874264a23f61d673de2323 37e0222de5fd468abfa1905fe84f5c7c - - default default] Snapshot retrieved successfully.
2024-03-19 19:39:04.208 22 INFO cinder.api.openstack.wsgi [req-ca27c711-43cb-49d2-acd2-ef51068febc8 req-f5577050-6cfa-4354-8546-7b4d9897b823 47c211bb2b874264a23f61d673de2323 37e0222de5fd468abfa1905fe84f5c7c - - default default] http://[LB_IP_ADDRESS]:8776/v3/37e0222de5fd468abfa1905fe84f5c7c/snapshots/8311e11a-d9e4-4182-9a2d-c7dff19861ac returned with HTTP 200
2024-03-19 19:39:05.242 19 INFO cinder.api.openstack.wsgi [req-7d6abb6a-4341-45b3-8715-eae4f26d0a6a req-3fc74d38-1866-43c6-bcde-99c6b4a4e2e1 47c211bb2b874264a23f61d673de2323 37e0222de5fd468abfa1905fe84f5c7c - - default default] GET http://[LB_IP_ADDRESS]:8776/v3/37e0222de5fd468abfa1905fe84f5c7c/snapshots/8311e11a-d9e4-4182-9a2d-c7dff19861ac
2024-03-19 19:39:05.253 19 INFO cinder.api.openstack.wsgi [req-7d6abb6a-4341-45b3-8715-eae4f26d0a6a req-3fc74d38-1866-43c6-bcde-99c6b4a4e2e1 47c211bb2b874264a23f61d673de2323 37e0222de5fd468abfa1905fe84f5c7c - - default default] http://[LB_IP_ADDRESS]:8776/v3/37e0222de5fd468abfa1905fe84f5c7c/snapshots/8311e11a-d9e4-4182-9a2d-c7dff19861ac returned with HTTP 404
2024-03-19 19:39:05.280 20 INFO cinder.api.openstack.wsgi [req-a1bc05fa-8743-4ec5-8942-9f0d47348b34 req-43bdfe3b-bb39-46c6-8c4e-9b34de27e2c3 47c211bb2b874264a23f61d673de2323 37e0222de5fd468abfa1905fe84f5c7c - - default default] DELETE http://[LB_IP_ADDRESS]:8776/v3/37e0222de5fd468abfa1905fe84f5c7c/volumes/bbca42e6-d3c3-427f-aafa-d675a45a2715
2024-03-19 19:39:05.281 20 INFO cinder.api.v3.volumes [req-a1bc05fa-8743-4ec5-8942-9f0d47348b34 req-43bdfe3b-bb39-46c6-8c4e-9b34de27e2c3 47c211bb2b874264a23f61d673de2323 37e0222de5fd468abfa1905fe84f5c7c - - default default] Delete volume with id: bbca42e6-d3c3-427f-aafa-d675a45a2715 
2024-03-19 19:39:05.300 20 INFO cinder.volume.api [req-a1bc05fa-8743-4ec5-8942-9f0d47348b34 req-43bdfe3b-bb39-46c6-8c4e-9b34de27e2c3 47c211bb2b874264a23f61d673de2323 37e0222de5fd468abfa1905fe84f5c7c - - default default] Volume info retrieved successfully.
2024-03-19 19:39:05.330 20 INFO cinder.volume.api [req-a1bc05fa-8743-4ec5-8942-9f0d47348b34 req-43bdfe3b-bb39-46c6-8c4e-9b34de27e2c3 47c211bb2b874264a23f61d673de2323 37e0222de5fd468abfa1905fe84f5c7c - - default default] Delete volume request issued successfully.
2024-03-19 19:39:05.331 20 INFO cinder.api.openstack.wsgi [req-a1bc05fa-8743-4ec5-8942-9f0d47348b34 req-43bdfe3b-bb39-46c6-8c4e-9b34de27e2c3 47c211bb2b874264a23f61d673de2323 37e0222de5fd468abfa1905fe84f5c7c - - default default] http://[LB_IP_ADDRESS]:8776/v3/37e0222de5fd468abfa1905fe84f5c7c/volumes/bbca42e6-d3c3-427f-aafa-d675a45a2715 returned with HTTP 202
2024-03-19 19:39:05.357 23 INFO cinder.api.openstack.wsgi [req-6b04c071-2430-4eb7-95ef-9506f9cfe31e req-9ae56b81-fb9d-418f-b64a-81584fc5f637 47c211bb2b874264a23f61d673de2323 37e0222de5fd468abfa1905fe84f5c7c - - default default] GET http://[LB_IP_ADDRESS]:8776/v3/37e0222de5fd468abfa1905fe84f5c7c/volumes/bbca42e6-d3c3-427f-aafa-d675a45a2715
2024-03-19 19:39:05.383 23 INFO cinder.volume.api [req-6b04c071-2430-4eb7-95ef-9506f9cfe31e req-9ae56b81-fb9d-418f-b64a-81584fc5f637 47c211bb2b874264a23f61d673de2323 37e0222de5fd468abfa1905fe84f5c7c - - default default] Volume info retrieved successfully.
2024-03-19 19:39:05.393 23 INFO cinder.api.openstack.wsgi [req-6b04c071-2430-4eb7-95ef-9506f9cfe31e req-9ae56b81-fb9d-418f-b64a-81584fc5f637 47c211bb2b874264a23f61d673de2323 37e0222de5fd468abfa1905fe84f5c7c - - default default] http://[LB_IP_ADDRESS]:8776/v3/37e0222de5fd468abfa1905fe84f5c7c/volumes/bbca42e6-d3c3-427f-aafa-d675a45a2715 returned with HTTP 200
2024-03-19 19:39:05.862 21 INFO cinder.api.openstack.wsgi [None req-56d7912d-36c2-47bc-a15f-111f94885b5a d40ce67a18dc42c39268610c2f9ca616 2613d42470dd43b0a030712047f3192b - - default default] GET http://[LB_IP_ADDRESS]:8776/v3/2613d42470dd43b0a030712047f3192b/scheduler-stats/get_pools
2024-03-19 19:39:05.885 21 INFO cinder.api.openstack.wsgi [None req-56d7912d-36c2-47bc-a15f-111f94885b5a d40ce67a18dc42c39268610c2f9ca616 2613d42470dd43b0a030712047f3192b - - default default] http://[LB_IP_ADDRESS]:8776/v3/2613d42470dd43b0a030712047f3192b/scheduler-stats/get_pools returned with HTTP 200
2024-03-19 19:39:05.902 22 INFO cinder.api.openstack.wsgi [None req-986613b4-7ed2-4585-9d16-80bc09beab89 d40ce67a18dc42c39268610c2f9ca616 2613d42470dd43b0a030712047f3192b - - default default] GET http://[LB_IP_ADDRESS]:8776/v3/2613d42470dd43b0a030712047f3192b/scheduler-stats/get_pools?detail=True
2024-03-19 19:39:05.923 22 INFO cinder.api.openstack.wsgi [None req-986613b4-7ed2-4585-9d16-80bc09beab89 d40ce67a18dc42c39268610c2f9ca616 2613d42470dd43b0a030712047f3192b - - default default] http://[LB_IP_ADDRESS]:8776/v3/2613d42470dd43b0a030712047f3192b/scheduler-stats/get_pools?detail=True returned with HTTP 200
2024-03-19 19:39:05.941 19 INFO cinder.api.openstack.wsgi [None req-3170607b-4133-4522-9dd8-09634032b302 d40ce67a18dc42c39268610c2f9ca616 2613d42470dd43b0a030712047f3192b - - default default] GET http://[LB_IP_ADDRESS]:8776/v3/2613d42470dd43b0a030712047f3192b/capabilities/lightos_cinder_cluster@LIGHTOSajsvhm
2024-03-19 19:39:05.962 19 INFO cinder.api.openstack.wsgi [None req-3170607b-4133-4522-9dd8-09634032b302 d40ce67a18dc42c39268610c2f9ca616 2613d42470dd43b0a030712047f3192b - - default default] http://[LB_IP_ADDRESS]:8776/v3/2613d42470dd43b0a030712047f3192b/capabilities/lightos_cinder_cluster@LIGHTOSajsvhm returned with HTTP 200
2024-03-19 19:39:05.988 20 INFO cinder.api.openstack.wsgi [None req-96788e29-3b00-4c59-8b86-e70961db518d d40ce67a18dc42c39268610c2f9ca616 2613d42470dd43b0a030712047f3192b - - default default] GET http://[LB_IP_ADDRESS]:8776/v3/2613d42470dd43b0a030712047f3192b/capabilities/lightos_cinder_cluster@LIGHTOSajsvhm
2024-03-19 19:39:06.025 20 INFO cinder.api.openstack.wsgi [None req-96788e29-3b00-4c59-8b86-e70961db518d d40ce67a18dc42c39268610c2f9ca616 2613d42470dd43b0a030712047f3192b - - default default] http://[LB_IP_ADDRESS]:8776/v3/2613d42470dd43b0a030712047f3192b/capabilities/lightos_cinder_cluster@LIGHTOSajsvhm returned with HTTP 200
2024-03-19 19:39:06.427 21 INFO cinder.api.openstack.wsgi [req-7fc27301-be90-4a18-9338-445b73b3d81b req-c9f44ab8-4e4c-4387-a7c7-80902e85277b 47c211bb2b874264a23f61d673de2323 37e0222de5fd468abfa1905fe84f5c7c - - default default] GET http://[LB_IP_ADDRESS]:8776/v3/37e0222de5fd468abfa1905fe84f5c7c/volumes/bbca42e6-d3c3-427f-aafa-d675a45a2715
2024-03-19 19:39:06.443 21 INFO cinder.api.openstack.wsgi [req-7fc27301-be90-4a18-9338-445b73b3d81b req-c9f44ab8-4e4c-4387-a7c7-80902e85277b 47c211bb2b874264a23f61d673de2323 37e0222de5fd468abfa1905fe84f5c7c - - default default] http://[LB_IP_ADDRESS]:8776/v3/37e0222de5fd468abfa1905fe84f5c7c/volumes/bbca42e6-d3c3-427f-aafa-d675a45a2715 returned with HTTP 404
2024-03-19 19:39:06.488 22 INFO cinder.api.openstack.wsgi [req-298c4cf8-1912-4eef-a1c9-ac828fcc5e86 req-84e69762-cfdb-4973-bd23-d3cad7cb4ffa 47c211bb2b874264a23f61d673de2323 37e0222de5fd468abfa1905fe84f5c7c - - default default] DELETE http://[LB_IP_ADDRESS]:8776/v3/37e0222de5fd468abfa1905fe84f5c7c/volumes/bbca42e6-d3c3-427f-aafa-d675a45a2715
2024-03-19 19:39:06.489 22 INFO cinder.api.v3.volumes [req-298c4cf8-1912-4eef-a1c9-ac828fcc5e86 req-84e69762-cfdb-4973-bd23-d3cad7cb4ffa 47c211bb2b874264a23f61d673de2323 37e0222de5fd468abfa1905fe84f5c7c - - default default] Delete volume with id: bbca42e6-d3c3-427f-aafa-d675a45a2715 
2024-03-19 19:39:06.505 22 INFO cinder.api.openstack.wsgi [req-298c4cf8-1912-4eef-a1c9-ac828fcc5e86 req-84e69762-cfdb-4973-bd23-d3cad7cb4ffa 47c211bb2b874264a23f61d673de2323 37e0222de5fd468abfa1905fe84f5c7c - - default default] http://[LB_IP_ADDRESS]:8776/v3/37e0222de5fd468abfa1905fe84f5c7c/volumes/bbca42e6-d3c3-427f-aafa-d675a45a2715 returned with HTTP 404
2024-03-19 19:39:06.534 19 INFO cinder.api.openstack.wsgi [req-2f4854ac-d527-482f-b167-9d99215c5d09 req-87e3424b-9111-41e4-a9a5-c0e7e91562c8 47c211bb2b874264a23f61d673de2323 37e0222de5fd468abfa1905fe84f5c7c - - default default] GET http://[LB_IP_ADDRESS]:8776/v3/37e0222de5fd468abfa1905fe84f5c7c/volumes/bbca42e6-d3c3-427f-aafa-d675a45a2715
2024-03-19 19:39:06.547 19 INFO cinder.api.openstack.wsgi [req-2f4854ac-d527-482f-b167-9d99215c5d09 req-87e3424b-9111-41e4-a9a5-c0e7e91562c8 47c211bb2b874264a23f61d673de2323 37e0222de5fd468abfa1905fe84f5c7c - - default default] http://[LB_IP_ADDRESS]:8776/v3/37e0222de5fd468abfa1905fe84f5c7c/volumes/bbca42e6-d3c3-427f-aafa-d675a45a2715 returned with HTTP 404
2024-03-19 19:39:06.577 23 INFO cinder.api.openstack.wsgi [None req-be36aa8b-63f7-4bfc-984e-c2a56fa29fc8 9d56ab5934344e169f07ccb5210f888a b0a91be504194ffba9409b39ead20f11 - - default default] POST http://[LB_IP_ADDRESS]:8776/v3/b0a91be504194ffba9409b39ead20f11/volumes
2024-03-19 19:39:06.580 23 INFO cinder.api.v3.volumes [None req-be36aa8b-63f7-4bfc-984e-c2a56fa29fc8 9d56ab5934344e169f07ccb5210f888a b0a91be504194ffba9409b39ead20f11 - - default default] Create volume of 1 GB
2024-03-19 19:39:06.595 23 INFO cinder.volume.api [None req-be36aa8b-63f7-4bfc-984e-c2a56fa29fc8 9d56ab5934344e169f07ccb5210f888a b0a91be504194ffba9409b39ead20f11 - - default default] Availability Zones retrieved successfully.
2024-03-19 19:39:06.785 23 INFO cinder.volume.api [None req-be36aa8b-63f7-4bfc-984e-c2a56fa29fc8 9d56ab5934344e169f07ccb5210f888a b0a91be504194ffba9409b39ead20f11 - - default default] Create volume request issued successfully.
2024-03-19 19:39:06.787 23 INFO cinder.api.openstack.wsgi [None req-be36aa8b-63f7-4bfc-984e-c2a56fa29fc8 9d56ab5934344e169f07ccb5210f888a b0a91be504194ffba9409b39ead20f11 - - default default] http://[LB_IP_ADDRESS]:8776/v3/b0a91be504194ffba9409b39ead20f11/volumes returned with HTTP 202
2024-03-19 19:39:06.819 20 INFO cinder.api.openstack.wsgi [None req-93313c42-a698-4ccd-b430-4728e3ba2b45 9d56ab5934344e169f07ccb5210f888a b0a91be504194ffba9409b39ead20f11 - - default default] GET http://[LB_IP_ADDRESS]:8776/v3/b0a91be504194ffba9409b39ead20f11/volumes/75ce4177-80dc-480e-9b09-8dba72edc56c
2024-03-19 19:39:06.853 20 INFO cinder.volume.api [None req-93313c42-a698-4ccd-b430-4728e3ba2b45 9d56ab5934344e169f07ccb5210f888a b0a91be504194ffba9409b39ead20f11 - - default default] Volume info retrieved successfully.
2024-03-19 19:39:06.864 20 INFO cinder.api.openstack.wsgi [None req-93313c42-a698-4ccd-b430-4728e3ba2b45 9d56ab5934344e169f07ccb5210f888a b0a91be504194ffba9409b39ead20f11 - - default default] http://[LB_IP_ADDRESS]:8776/v3/b0a91be504194ffba9409b39ead20f11/volumes/75ce4177-80dc-480e-9b09-8dba72edc56c returned with HTTP 200
2024-03-19 19:39:07.892 21 INFO cinder.api.openstack.wsgi [None req-3859de2c-0133-4da8-ad7f-9548488feb05 9d56ab5934344e169f07ccb5210f888a b0a91be504194ffba9409b39ead20f11 - - default default] GET http://[LB_IP_ADDRESS]:8776/v3/b0a91be504194ffba9409b39ead20f11/volumes/75ce4177-80dc-480e-9b09-8dba72edc56c
2024-03-19 19:39:07.917 21 INFO cinder.volume.api [None req-3859de2c-0133-4da8-ad7f-9548488feb05 9d56ab5934344e169f07ccb5210f888a b0a91be504194ffba9409b39ead20f11 - - default default] Volume info retrieved successfully.
2024-03-19 19:39:07.928 21 INFO cinder.api.openstack.wsgi [None req-3859de2c-0133-4da8-ad7f-9548488feb05 9d56ab5934344e169f07ccb5210f888a b0a91be504194ffba9409b39ead20f11 - - default default] http://[LB_IP_ADDRESS]:8776/v3/b0a91be504194ffba9409b39ead20f11/volumes/75ce4177-80dc-480e-9b09-8dba72edc56c returned with HTTP 200
2024-03-19 19:39:08.955 22 INFO cinder.api.openstack.wsgi [None req-af3db9e7-763c-4cea-9197-cb708dd91985 9d56ab5934344e169f07ccb5210f888a b0a91be504194ffba9409b39ead20f11 - - default default] GET http://[LB_IP_ADDRESS]:8776/v3/b0a91be504194ffba9409b39ead20f11/volumes/75ce4177-80dc-480e-9b09-8dba72edc56c
2024-03-19 19:39:08.982 22 INFO cinder.volume.api [None req-af3db9e7-763c-4cea-9197-cb708dd91985 9d56ab5934344e169f07ccb5210f888a b0a91be504194ffba9409b39ead20f11 - - default default] Volume info retrieved successfully.
2024-03-19 19:39:08.992 22 INFO cinder.api.openstack.wsgi [None req-af3db9e7-763c-4cea-9197-cb708dd91985 9d56ab5934344e169f07ccb5210f888a b0a91be504194ffba9409b39ead20f11 - - default default] http://[LB_IP_ADDRESS]:8776/v3/b0a91be504194ffba9409b39ead20f11/volumes/75ce4177-80dc-480e-9b09-8dba72edc56c returned with HTTP 200
2024-03-19 19:39:09.033 19 INFO cinder.api.openstack.wsgi [req-84c16265-9428-4808-9be2-088f905830e8 req-0275a431-0fdb-4d0f-858a-a7f344645e95 9d56ab5934344e169f07ccb5210f888a b0a91be504194ffba9409b39ead20f11 - - default default] GET http://[LB_IP_ADDRESS]:8776/v3/b0a91be504194ffba9409b39ead20f11/volumes/75ce4177-80dc-480e-9b09-8dba72edc56c
2024-03-19 19:39:09.059 19 INFO cinder.volume.api [req-84c16265-9428-4808-9be2-088f905830e8 req-0275a431-0fdb-4d0f-858a-a7f344645e95 9d56ab5934344e169f07ccb5210f888a b0a91be504194ffba9409b39ead20f11 - - default default] Volume info retrieved successfully.
2024-03-19 19:39:09.070 19 INFO cinder.api.openstack.wsgi [req-84c16265-9428-4808-9be2-088f905830e8 req-0275a431-0fdb-4d0f-858a-a7f344645e95 9d56ab5934344e169f07ccb5210f888a b0a91be504194ffba9409b39ead20f11 - - default default] http://[LB_IP_ADDRESS]:8776/v3/b0a91be504194ffba9409b39ead20f11/volumes/75ce4177-80dc-480e-9b09-8dba72edc56c returned with HTTP 200
2024-03-19 19:39:09.088 23 INFO cinder.api.openstack.wsgi [None req-c1f29203-bf2b-46d7-a248-f985960716ae 9d56ab5934344e169f07ccb5210f888a b0a91be504194ffba9409b39ead20f11 - - default default] POST http://[LB_IP_ADDRESS]:8776/v3/b0a91be504194ffba9409b39ead20f11/volumes
2024-03-19 19:39:09.092 23 INFO cinder.api.v3.volumes [None req-c1f29203-bf2b-46d7-a248-f985960716ae 9d56ab5934344e169f07ccb5210f888a b0a91be504194ffba9409b39ead20f11 - - default default] Create volume of 1 GB
2024-03-19 19:39:09.099 23 INFO cinder.volume.api [None req-c1f29203-bf2b-46d7-a248-f985960716ae 9d56ab5934344e169f07ccb5210f888a b0a91be504194ffba9409b39ead20f11 - - default default] Availability Zones retrieved successfully.
2024-03-19 19:39:09.288 23 INFO cinder.volume.api [None req-c1f29203-bf2b-46d7-a248-f985960716ae 9d56ab5934344e169f07ccb5210f888a b0a91be504194ffba9409b39ead20f11 - - default default] Create volume request issued successfully.
2024-03-19 19:39:09.289 23 INFO cinder.api.openstack.wsgi [None req-c1f29203-bf2b-46d7-a248-f985960716ae 9d56ab5934344e169f07ccb5210f888a b0a91be504194ffba9409b39ead20f11 - - default default] http://[LB_IP_ADDRESS]:8776/v3/b0a91be504194ffba9409b39ead20f11/volumes returned with HTTP 202
2024-03-19 19:39:09.314 20 INFO cinder.api.openstack.wsgi [None req-e7b0f9cc-d729-4d69-a169-51f1c7d1264b 9d56ab5934344e169f07ccb5210f888a b0a91be504194ffba9409b39ead20f11 - - default default] GET http://[LB_IP_ADDRESS]:8776/v3/b0a91be504194ffba9409b39ead20f11/volumes/7c559a03-f0aa-465b-a0b5-6f4846d6873d
2024-03-19 19:39:09.341 20 INFO cinder.volume.api [None req-e7b0f9cc-d729-4d69-a169-51f1c7d1264b 9d56ab5934344e169f07ccb5210f888a b0a91be504194ffba9409b39ead20f11 - - default default] Volume info retrieved successfully.
2024-03-19 19:39:09.352 20 INFO cinder.api.openstack.wsgi [None req-e7b0f9cc-d729-4d69-a169-51f1c7d1264b 9d56ab5934344e169f07ccb5210f888a b0a91be504194ffba9409b39ead20f11 - - default default] http://[LB_IP_ADDRESS]:8776/v3/b0a91be504194ffba9409b39ead20f11/volumes/7c559a03-f0aa-465b-a0b5-6f4846d6873d returned with HTTP 200
2024-03-19 19:39:10.378 21 INFO cinder.api.openstack.wsgi [None req-d4a3918c-6dcb-48b6-94f1-de9e7634ed8f 9d56ab5934344e169f07ccb5210f888a b0a91be504194ffba9409b39ead20f11 - - default default] GET http://[LB_IP_ADDRESS]:8776/v3/b0a91be504194ffba9409b39ead20f11/volumes/7c559a03-f0aa-465b-a0b5-6f4846d6873d
2024-03-19 19:39:10.405 21 INFO cinder.volume.api [None req-d4a3918c-6dcb-48b6-94f1-de9e7634ed8f 9d56ab5934344e169f07ccb5210f888a b0a91be504194ffba9409b39ead20f11 - - default default] Volume info retrieved successfully.
2024-03-19 19:39:10.415 21 INFO cinder.api.openstack.wsgi [None req-d4a3918c-6dcb-48b6-94f1-de9e7634ed8f 9d56ab5934344e169f07ccb5210f888a b0a91be504194ffba9409b39ead20f11 - - default default] http://[LB_IP_ADDRESS]:8776/v3/b0a91be504194ffba9409b39ead20f11/volumes/7c559a03-f0aa-465b-a0b5-6f4846d6873d returned with HTTP 200
2024-03-19 19:39:11.442 22 INFO cinder.api.openstack.wsgi [None req-a467b59d-66cb-4d30-8455-1b399694cd06 9d56ab5934344e169f07ccb5210f888a b0a91be504194ffba9409b39ead20f11 - - default default] GET http://[LB_IP_ADDRESS]:8776/v3/b0a91be504194ffba9409b39ead20f11/volumes/7c559a03-f0aa-465b-a0b5-6f4846d6873d
2024-03-19 19:39:11.470 22 INFO cinder.volume.api [None req-a467b59d-66cb-4d30-8455-1b399694cd06 9d56ab5934344e169f07ccb5210f888a b0a91be504194ffba9409b39ead20f11 - - default default] Volume info retrieved successfully.
2024-03-19 19:39:11.480 22 INFO cinder.api.openstack.wsgi [None req-a467b59d-66cb-4d30-8455-1b399694cd06 9d56ab5934344e169f07ccb5210f888a b0a91be504194ffba9409b39ead20f11 - - default default] http://[LB_IP_ADDRESS]:8776/v3/b0a91be504194ffba9409b39ead20f11/volumes/7c559a03-f0aa-465b-a0b5-6f4846d6873d returned with HTTP 200
2024-03-19 19:39:11.515 23 INFO cinder.api.openstack.wsgi [req-76bb0057-611f-48c6-b3b5-06c8ba93de35 req-3469c1a9-1945-4a70-b241-42edf1d5e637 9d56ab5934344e169f07ccb5210f888a b0a91be504194ffba9409b39ead20f11 - - default default] GET http://[LB_IP_ADDRESS]:8776/v3/b0a91be504194ffba9409b39ead20f11/volumes/7c559a03-f0aa-465b-a0b5-6f4846d6873d
2024-03-19 19:39:11.538 23 INFO cinder.volume.api [req-76bb0057-611f-48c6-b3b5-06c8ba93de35 req-3469c1a9-1945-4a70-b241-42edf1d5e637 9d56ab5934344e169f07ccb5210f888a b0a91be504194ffba9409b39ead20f11 - - default default] Volume info retrieved successfully.
2024-03-19 19:39:11.547 23 INFO cinder.api.openstack.wsgi [req-76bb0057-611f-48c6-b3b5-06c8ba93de35 req-3469c1a9-1945-4a70-b241-42edf1d5e637 9d56ab5934344e169f07ccb5210f888a b0a91be504194ffba9409b39ead20f11 - - default default] http://[LB_IP_ADDRESS]:8776/v3/b0a91be504194ffba9409b39ead20f11/volumes/7c559a03-f0aa-465b-a0b5-6f4846d6873d returned with HTTP 200
2024-03-19 19:39:11.564 20 INFO cinder.api.openstack.wsgi [None req-072c7978-ea7c-4d23-a906-f24f9e96bf3f 9d56ab5934344e169f07ccb5210f888a b0a91be504194ffba9409b39ead20f11 - - default default] POST http://[LB_IP_ADDRESS]:8776/v3/b0a91be504194ffba9409b39ead20f11/volumes
2024-03-19 19:39:11.571 20 INFO cinder.api.v3.volumes [None req-072c7978-ea7c-4d23-a906-f24f9e96bf3f 9d56ab5934344e169f07ccb5210f888a b0a91be504194ffba9409b39ead20f11 - - default default] Create volume of 1 GB
2024-03-19 19:39:11.587 20 INFO cinder.volume.api [None req-072c7978-ea7c-4d23-a906-f24f9e96bf3f 9d56ab5934344e169f07ccb5210f888a b0a91be504194ffba9409b39ead20f11 - - default default] Availability Zones retrieved successfully.
2024-03-19 19:39:11.642 19 INFO cinder.api.openstack.wsgi [None req-1441f2a8-8bb5-4acf-9943-3f088fa265d2 34c990b0cee743e5a75482264d35840d 2e5dbe1335c34ac199f41caa34eb6234 - - default default] POST http://[LB_IP_ADDRESS]:8776/v3/2e5dbe1335c34ac199f41caa34eb6234/types
2024-03-19 19:39:11.668 19 INFO cinder.api.openstack.wsgi [None req-1441f2a8-8bb5-4acf-9943-3f088fa265d2 34c990b0cee743e5a75482264d35840d 2e5dbe1335c34ac199f41caa34eb6234 - - default default] http://[LB_IP_ADDRESS]:8776/v3/2e5dbe1335c34ac199f41caa34eb6234/types returned with HTTP 200
2024-03-19 19:39:11.682 21 INFO cinder.api.openstack.wsgi [None req-461dc5cb-572c-40ad-8fa7-9b9693a40eb0 34c990b0cee743e5a75482264d35840d 2e5dbe1335c34ac199f41caa34eb6234 - - default default] POST http://[LB_IP_ADDRESS]:8776/v3/2e5dbe1335c34ac199f41caa34eb6234/group_types
2024-03-19 19:39:11.701 21 INFO cinder.api.openstack.wsgi [None req-461dc5cb-572c-40ad-8fa7-9b9693a40eb0 34c990b0cee743e5a75482264d35840d 2e5dbe1335c34ac199f41caa34eb6234 - - default default] http://[LB_IP_ADDRESS]:8776/v3/2e5dbe1335c34ac199f41caa34eb6234/group_types returned with HTTP 202
2024-03-19 19:39:11.761 20 INFO cinder.volume.api [None req-072c7978-ea7c-4d23-a906-f24f9e96bf3f 9d56ab5934344e169f07ccb5210f888a b0a91be504194ffba9409b39ead20f11 - - default default] Create volume request issued successfully.
2024-03-19 19:39:11.762 20 INFO cinder.api.openstack.wsgi [None req-072c7978-ea7c-4d23-a906-f24f9e96bf3f 9d56ab5934344e169f07ccb5210f888a b0a91be504194ffba9409b39ead20f11 - - default default] http://[LB_IP_ADDRESS]:8776/v3/b0a91be504194ffba9409b39ead20f11/volumes returned with HTTP 202
2024-03-19 19:39:11.786 19 INFO cinder.api.openstack.wsgi [None req-4470282b-37de-4fab-a40b-ce73a57da244 9d56ab5934344e169f07ccb5210f888a b0a91be504194ffba9409b39ead20f11 - - default default] GET http://[LB_IP_ADDRESS]:8776/v3/b0a91be504194ffba9409b39ead20f11/volumes/01909d9e-4f7b-4188-93d6-ff062852435b
2024-03-19 19:39:11.807 19 INFO cinder.volume.api [None req-4470282b-37de-4fab-a40b-ce73a57da244 9d56ab5934344e169f07ccb5210f888a b0a91be504194ffba9409b39ead20f11 - - default default] Volume info retrieved successfully.
2024-03-19 19:39:11.809 23 INFO cinder.api.openstack.wsgi [None req-f0eb0a10-9dad-41c5-9d78-d1ba1ef5b930 a6fd216932214dc0ab5d8a2465cc0a7e 8e9c81e9dcd04061bc0bcc159b68315e - - default default] POST http://[LB_IP_ADDRESS]:8776/v3/8e9c81e9dcd04061bc0bcc159b68315e/group_types
2024-03-19 19:39:11.814 19 INFO cinder.api.openstack.wsgi [None req-4470282b-37de-4fab-a40b-ce73a57da244 9d56ab5934344e169f07ccb5210f888a b0a91be504194ffba9409b39ead20f11 - - default default] http://[LB_IP_ADDRESS]:8776/v3/b0a91be504194ffba9409b39ead20f11/volumes/01909d9e-4f7b-4188-93d6-ff062852435b returned with HTTP 200
2024-03-19 19:39:11.818 22 INFO cinder.api.openstack.wsgi [None req-778eef3e-b968-42d4-9a79-d9857012c7dc f9507f1c88eb4563bc37da4c8f66db58 23cdee71e6fe4e16aced9abdb267d849 - - default default] POST http://[LB_IP_ADDRESS]:8776/v3/23cdee71e6fe4e16aced9abdb267d849/groups
2024-03-19 19:39:11.827 22 INFO cinder.api.v3.groups [None req-778eef3e-b968-42d4-9a79-d9857012c7dc f9507f1c88eb4563bc37da4c8f66db58 23cdee71e6fe4e16aced9abdb267d849 - - default default] Creating group tempest-GroupSnapshotsTest-Group-841398016.
2024-03-19 19:39:11.830 23 INFO cinder.api.openstack.wsgi [None req-f0eb0a10-9dad-41c5-9d78-d1ba1ef5b930 a6fd216932214dc0ab5d8a2465cc0a7e 8e9c81e9dcd04061bc0bcc159b68315e - - default default] http://[LB_IP_ADDRESS]:8776/v3/8e9c81e9dcd04061bc0bcc159b68315e/group_types returned with HTTP 202
2024-03-19 19:39:11.841 22 INFO cinder.volume.api [None req-778eef3e-b968-42d4-9a79-d9857012c7dc f9507f1c88eb4563bc37da4c8f66db58 23cdee71e6fe4e16aced9abdb267d849 - - default default] Availability Zones retrieved successfully.
2024-03-19 19:39:11.843 21 INFO cinder.api.openstack.wsgi [None req-b45de977-7a93-46d6-995c-c4333d28ade1 a6fd216932214dc0ab5d8a2465cc0a7e 8e9c81e9dcd04061bc0bcc159b68315e - - default default] GET http://[LB_IP_ADDRESS]:8776/v3/8e9c81e9dcd04061bc0bcc159b68315e/group_types
