2025-08-07 15:30:47.644 21 INFO cinder.api.openstack.wsgi [None req-4cb44df4-7194-49ae-9989-801d61127d64 b2d247dda9a94201b1eaddb809ce9bd3 5cd39e90af1b4bdeb2fdd39fa85e077e - - default default] http://[LB_IP_ADDRESS]:8776/v3/5cd39e90af1b4bdeb2fdd39fa85e077e/group_snapshots/3898f491-1118-4171-b37d-e69545f5d1db returned with HTTP 200
2025-08-07 15:30:47.650 23 INFO cinder.api.openstack.wsgi [None req-411743ea-17a9-444b-a73c-d284c5f35f5c b3670594c5ad4a99984e82f8dcc4b6c5 8c75dab13093455ca9c8238e51d59373 - - default default] DELETE http://[LB_IP_ADDRESS]:8776/v3/8c75dab13093455ca9c8238e51d59373/volumes/7b4527bd-3ddd-42cd-8eb0-4bba18c622be
2025-08-07 15:30:47.651 23 INFO cinder.api.v3.volumes [None req-411743ea-17a9-444b-a73c-d284c5f35f5c b3670594c5ad4a99984e82f8dcc4b6c5 8c75dab13093455ca9c8238e51d59373 - - default default] Delete volume with id: 7b4527bd-3ddd-42cd-8eb0-4bba18c622be 
2025-08-07 15:30:47.659 25 INFO cinder.api.openstack.wsgi [None req-2b7aaa9e-d50a-41fc-a083-a3bcdfd5eb1d b2d247dda9a94201b1eaddb809ce9bd3 5cd39e90af1b4bdeb2fdd39fa85e077e - - default default] GET http://[LB_IP_ADDRESS]:8776/v3/5cd39e90af1b4bdeb2fdd39fa85e077e/snapshots/detail
2025-08-07 15:30:47.669 25 INFO cinder.volume.api [None req-2b7aaa9e-d50a-41fc-a083-a3bcdfd5eb1d b2d247dda9a94201b1eaddb809ce9bd3 5cd39e90af1b4bdeb2fdd39fa85e077e - - default default] Get all snapshots completed successfully.
2025-08-07 15:30:47.670 23 INFO cinder.volume.api [None req-411743ea-17a9-444b-a73c-d284c5f35f5c b3670594c5ad4a99984e82f8dcc4b6c5 8c75dab13093455ca9c8238e51d59373 - - default default] Volume info retrieved successfully.
2025-08-07 15:30:47.671 25 INFO cinder.api.openstack.wsgi [None req-2b7aaa9e-d50a-41fc-a083-a3bcdfd5eb1d b2d247dda9a94201b1eaddb809ce9bd3 5cd39e90af1b4bdeb2fdd39fa85e077e - - default default] http://[LB_IP_ADDRESS]:8776/v3/5cd39e90af1b4bdeb2fdd39fa85e077e/snapshots/detail returned with HTTP 200
2025-08-07 15:30:47.688 24 INFO cinder.api.openstack.wsgi [None req-28daf637-ede4-4be2-8745-ad55b79b1342 b2d247dda9a94201b1eaddb809ce9bd3 5cd39e90af1b4bdeb2fdd39fa85e077e - - default default] GET http://[LB_IP_ADDRESS]:8776/v3/5cd39e90af1b4bdeb2fdd39fa85e077e/snapshots/b1f9ac62-f3a0-467c-a3fb-d5708e57227c
2025-08-07 15:30:47.701 23 INFO cinder.volume.api [None req-411743ea-17a9-444b-a73c-d284c5f35f5c b3670594c5ad4a99984e82f8dcc4b6c5 8c75dab13093455ca9c8238e51d59373 - - default default] Delete volume request issued successfully.
2025-08-07 15:30:47.702 23 INFO cinder.api.openstack.wsgi [None req-411743ea-17a9-444b-a73c-d284c5f35f5c b3670594c5ad4a99984e82f8dcc4b6c5 8c75dab13093455ca9c8238e51d59373 - - default default] http://[LB_IP_ADDRESS]:8776/v3/8c75dab13093455ca9c8238e51d59373/volumes/7b4527bd-3ddd-42cd-8eb0-4bba18c622be returned with HTTP 202
2025-08-07 15:30:47.702 24 INFO cinder.volume.api [None req-28daf637-ede4-4be2-8745-ad55b79b1342 b2d247dda9a94201b1eaddb809ce9bd3 5cd39e90af1b4bdeb2fdd39fa85e077e - - default default] Snapshot retrieved successfully.
2025-08-07 15:30:47.704 24 INFO cinder.api.openstack.wsgi [None req-28daf637-ede4-4be2-8745-ad55b79b1342 b2d247dda9a94201b1eaddb809ce9bd3 5cd39e90af1b4bdeb2fdd39fa85e077e - - default default] http://[LB_IP_ADDRESS]:8776/v3/5cd39e90af1b4bdeb2fdd39fa85e077e/snapshots/b1f9ac62-f3a0-467c-a3fb-d5708e57227c returned with HTTP 200
2025-08-07 15:30:47.713 22 INFO cinder.api.openstack.wsgi [None req-651f4cd8-67f8-41c7-9196-180c686de24f b3670594c5ad4a99984e82f8dcc4b6c5 8c75dab13093455ca9c8238e51d59373 - - default default] GET http://[LB_IP_ADDRESS]:8776/v3/8c75dab13093455ca9c8238e51d59373/volumes/7b4527bd-3ddd-42cd-8eb0-4bba18c622be
2025-08-07 15:30:47.721 21 INFO cinder.api.openstack.wsgi [None req-87fcf0fb-35e2-456b-a7f3-74223afa8ecc b2d247dda9a94201b1eaddb809ce9bd3 5cd39e90af1b4bdeb2fdd39fa85e077e - - default default] GET http://[LB_IP_ADDRESS]:8776/v3/5cd39e90af1b4bdeb2fdd39fa85e077e/snapshots/09e0ac12-928b-4c1f-ae21-c156e5d8b60c
2025-08-07 15:30:47.733 21 INFO cinder.volume.api [None req-87fcf0fb-35e2-456b-a7f3-74223afa8ecc b2d247dda9a94201b1eaddb809ce9bd3 5cd39e90af1b4bdeb2fdd39fa85e077e - - default default] Snapshot retrieved successfully.
2025-08-07 15:30:47.735 21 INFO cinder.api.openstack.wsgi [None req-87fcf0fb-35e2-456b-a7f3-74223afa8ecc b2d247dda9a94201b1eaddb809ce9bd3 5cd39e90af1b4bdeb2fdd39fa85e077e - - default default] http://[LB_IP_ADDRESS]:8776/v3/5cd39e90af1b4bdeb2fdd39fa85e077e/snapshots/09e0ac12-928b-4c1f-ae21-c156e5d8b60c returned with HTTP 200
2025-08-07 15:30:47.737 22 INFO cinder.volume.api [None req-651f4cd8-67f8-41c7-9196-180c686de24f b3670594c5ad4a99984e82f8dcc4b6c5 8c75dab13093455ca9c8238e51d59373 - - default default] Volume info retrieved successfully.
2025-08-07 15:30:47.747 22 INFO cinder.api.openstack.wsgi [None req-651f4cd8-67f8-41c7-9196-180c686de24f b3670594c5ad4a99984e82f8dcc4b6c5 8c75dab13093455ca9c8238e51d59373 - - default default] http://[LB_IP_ADDRESS]:8776/v3/8c75dab13093455ca9c8238e51d59373/volumes/7b4527bd-3ddd-42cd-8eb0-4bba18c622be returned with HTTP 200
2025-08-07 15:30:47.752 25 INFO cinder.api.openstack.wsgi [None req-7b5b24e9-39c4-4616-a1e7-739bfbe0037f b2d247dda9a94201b1eaddb809ce9bd3 5cd39e90af1b4bdeb2fdd39fa85e077e - - default default] DELETE http://[LB_IP_ADDRESS]:8776/v3/5cd39e90af1b4bdeb2fdd39fa85e077e/group_snapshots/3898f491-1118-4171-b37d-e69545f5d1db
2025-08-07 15:30:47.753 25 INFO cinder.api.v3.group_snapshots [None req-7b5b24e9-39c4-4616-a1e7-739bfbe0037f b2d247dda9a94201b1eaddb809ce9bd3 5cd39e90af1b4bdeb2fdd39fa85e077e - - default default] Delete group_snapshot with id: 3898f491-1118-4171-b37d-e69545f5d1db
2025-08-07 15:30:47.813 25 INFO cinder.api.openstack.wsgi [None req-7b5b24e9-39c4-4616-a1e7-739bfbe0037f b2d247dda9a94201b1eaddb809ce9bd3 5cd39e90af1b4bdeb2fdd39fa85e077e - - default default] http://[LB_IP_ADDRESS]:8776/v3/5cd39e90af1b4bdeb2fdd39fa85e077e/group_snapshots/3898f491-1118-4171-b37d-e69545f5d1db returned with HTTP 202
2025-08-07 15:30:47.825 23 INFO cinder.api.openstack.wsgi [None req-e7dc95a5-996d-4df2-94dd-e3b08610d485 b2d247dda9a94201b1eaddb809ce9bd3 5cd39e90af1b4bdeb2fdd39fa85e077e - - default default] GET http://[LB_IP_ADDRESS]:8776/v3/5cd39e90af1b4bdeb2fdd39fa85e077e/volumes/detail
2025-08-07 15:30:47.845 23 INFO cinder.volume.api [None req-e7dc95a5-996d-4df2-94dd-e3b08610d485 b2d247dda9a94201b1eaddb809ce9bd3 5cd39e90af1b4bdeb2fdd39fa85e077e - - default default] Get all volumes completed successfully.
2025-08-07 15:30:47.892 23 INFO cinder.api.openstack.wsgi [None req-e7dc95a5-996d-4df2-94dd-e3b08610d485 b2d247dda9a94201b1eaddb809ce9bd3 5cd39e90af1b4bdeb2fdd39fa85e077e - - default default] http://[LB_IP_ADDRESS]:8776/v3/5cd39e90af1b4bdeb2fdd39fa85e077e/volumes/detail returned with HTTP 200
2025-08-07 15:30:47.922 24 INFO cinder.api.openstack.wsgi [None req-ac127ed5-5188-403c-95bb-26e5c62934e6 b2d247dda9a94201b1eaddb809ce9bd3 5cd39e90af1b4bdeb2fdd39fa85e077e - - default default] GET http://[LB_IP_ADDRESS]:8776/v3/5cd39e90af1b4bdeb2fdd39fa85e077e/snapshots/detail
2025-08-07 15:30:47.933 24 INFO cinder.volume.api [None req-ac127ed5-5188-403c-95bb-26e5c62934e6 b2d247dda9a94201b1eaddb809ce9bd3 5cd39e90af1b4bdeb2fdd39fa85e077e - - default default] Get all snapshots completed successfully.
2025-08-07 15:30:47.935 24 INFO cinder.api.openstack.wsgi [None req-ac127ed5-5188-403c-95bb-26e5c62934e6 b2d247dda9a94201b1eaddb809ce9bd3 5cd39e90af1b4bdeb2fdd39fa85e077e - - default default] http://[LB_IP_ADDRESS]:8776/v3/5cd39e90af1b4bdeb2fdd39fa85e077e/snapshots/detail returned with HTTP 200
2025-08-07 15:30:47.953 21 INFO cinder.api.openstack.wsgi [None req-520e9ef9-c1b3-4aa1-8518-4e9bd859ecf2 b2d247dda9a94201b1eaddb809ce9bd3 5cd39e90af1b4bdeb2fdd39fa85e077e - - default default] GET http://[LB_IP_ADDRESS]:8776/v3/5cd39e90af1b4bdeb2fdd39fa85e077e/snapshots/09e0ac12-928b-4c1f-ae21-c156e5d8b60c
2025-08-07 15:30:47.965 21 INFO cinder.volume.api [None req-520e9ef9-c1b3-4aa1-8518-4e9bd859ecf2 b2d247dda9a94201b1eaddb809ce9bd3 5cd39e90af1b4bdeb2fdd39fa85e077e - - default default] Snapshot retrieved successfully.
2025-08-07 15:30:47.967 21 INFO cinder.api.openstack.wsgi [None req-520e9ef9-c1b3-4aa1-8518-4e9bd859ecf2 b2d247dda9a94201b1eaddb809ce9bd3 5cd39e90af1b4bdeb2fdd39fa85e077e - - default default] http://[LB_IP_ADDRESS]:8776/v3/5cd39e90af1b4bdeb2fdd39fa85e077e/snapshots/09e0ac12-928b-4c1f-ae21-c156e5d8b60c returned with HTTP 200
2025-08-07 15:30:48.775 22 INFO cinder.api.openstack.wsgi [None req-2084b608-960a-427d-bc7e-93f44d035ea9 b3670594c5ad4a99984e82f8dcc4b6c5 8c75dab13093455ca9c8238e51d59373 - - default default] GET http://[LB_IP_ADDRESS]:8776/v3/8c75dab13093455ca9c8238e51d59373/volumes/7b4527bd-3ddd-42cd-8eb0-4bba18c622be
2025-08-07 15:30:48.789 22 INFO cinder.api.openstack.wsgi [None req-2084b608-960a-427d-bc7e-93f44d035ea9 b3670594c5ad4a99984e82f8dcc4b6c5 8c75dab13093455ca9c8238e51d59373 - - default default] http://[LB_IP_ADDRESS]:8776/v3/8c75dab13093455ca9c8238e51d59373/volumes/7b4527bd-3ddd-42cd-8eb0-4bba18c622be returned with HTTP 404
2025-08-07 15:30:48.985 25 INFO cinder.api.openstack.wsgi [None req-db8dbe88-753f-419a-b20e-b17259de625c b2d247dda9a94201b1eaddb809ce9bd3 5cd39e90af1b4bdeb2fdd39fa85e077e - - default default] GET http://[LB_IP_ADDRESS]:8776/v3/5cd39e90af1b4bdeb2fdd39fa85e077e/snapshots/09e0ac12-928b-4c1f-ae21-c156e5d8b60c
2025-08-07 15:30:48.995 25 INFO cinder.api.openstack.wsgi [None req-db8dbe88-753f-419a-b20e-b17259de625c b2d247dda9a94201b1eaddb809ce9bd3 5cd39e90af1b4bdeb2fdd39fa85e077e - - default default] http://[LB_IP_ADDRESS]:8776/v3/5cd39e90af1b4bdeb2fdd39fa85e077e/snapshots/09e0ac12-928b-4c1f-ae21-c156e5d8b60c returned with HTTP 404
2025-08-07 15:30:49.007 23 INFO cinder.api.openstack.wsgi [None req-de43e269-4bf9-4b3d-9ec4-880e8a5a6411 b2d247dda9a94201b1eaddb809ce9bd3 5cd39e90af1b4bdeb2fdd39fa85e077e - - default default] GET http://[LB_IP_ADDRESS]:8776/v3/5cd39e90af1b4bdeb2fdd39fa85e077e/snapshots/b1f9ac62-f3a0-467c-a3fb-d5708e57227c
2025-08-07 15:30:49.017 23 INFO cinder.api.openstack.wsgi [None req-de43e269-4bf9-4b3d-9ec4-880e8a5a6411 b2d247dda9a94201b1eaddb809ce9bd3 5cd39e90af1b4bdeb2fdd39fa85e077e - - default default] http://[LB_IP_ADDRESS]:8776/v3/5cd39e90af1b4bdeb2fdd39fa85e077e/snapshots/b1f9ac62-f3a0-467c-a3fb-d5708e57227c returned with HTTP 404
2025-08-07 15:30:49.029 24 INFO cinder.api.openstack.wsgi [None req-3efc682c-a9c1-40bb-aebd-bb9080dc19d6 b2d247dda9a94201b1eaddb809ce9bd3 5cd39e90af1b4bdeb2fdd39fa85e077e - - default default] GET http://[LB_IP_ADDRESS]:8776/v3/5cd39e90af1b4bdeb2fdd39fa85e077e/group_snapshots/3898f491-1118-4171-b37d-e69545f5d1db
2025-08-07 15:30:49.036 24 INFO cinder.api.openstack.wsgi [None req-3efc682c-a9c1-40bb-aebd-bb9080dc19d6 b2d247dda9a94201b1eaddb809ce9bd3 5cd39e90af1b4bdeb2fdd39fa85e077e - - default default] http://[LB_IP_ADDRESS]:8776/v3/5cd39e90af1b4bdeb2fdd39fa85e077e/group_snapshots/3898f491-1118-4171-b37d-e69545f5d1db returned with HTTP 404
2025-08-07 15:30:49.048 21 INFO cinder.api.openstack.wsgi [None req-31dd9b93-8b18-4484-b917-17444f7ee1c2 b2d247dda9a94201b1eaddb809ce9bd3 5cd39e90af1b4bdeb2fdd39fa85e077e - - default default] DELETE http://[LB_IP_ADDRESS]:8776/v3/5cd39e90af1b4bdeb2fdd39fa85e077e/group_snapshots/3898f491-1118-4171-b37d-e69545f5d1db
2025-08-07 15:30:49.049 21 INFO cinder.api.v3.group_snapshots [None req-31dd9b93-8b18-4484-b917-17444f7ee1c2 b2d247dda9a94201b1eaddb809ce9bd3 5cd39e90af1b4bdeb2fdd39fa85e077e - - default default] Delete group_snapshot with id: 3898f491-1118-4171-b37d-e69545f5d1db
2025-08-07 15:30:49.054 21 INFO cinder.api.openstack.wsgi [None req-31dd9b93-8b18-4484-b917-17444f7ee1c2 b2d247dda9a94201b1eaddb809ce9bd3 5cd39e90af1b4bdeb2fdd39fa85e077e - - default default] http://[LB_IP_ADDRESS]:8776/v3/5cd39e90af1b4bdeb2fdd39fa85e077e/group_snapshots/3898f491-1118-4171-b37d-e69545f5d1db returned with HTTP 404
2025-08-07 15:30:49.064 22 INFO cinder.api.openstack.wsgi [None req-9d5b61e8-b811-45aa-a814-4c82ae084f2e b2d247dda9a94201b1eaddb809ce9bd3 5cd39e90af1b4bdeb2fdd39fa85e077e - - default default] GET http://[LB_IP_ADDRESS]:8776/v3/5cd39e90af1b4bdeb2fdd39fa85e077e/volumes/detail
2025-08-07 15:30:49.085 22 INFO cinder.volume.api [None req-9d5b61e8-b811-45aa-a814-4c82ae084f2e b2d247dda9a94201b1eaddb809ce9bd3 5cd39e90af1b4bdeb2fdd39fa85e077e - - default default] Get all volumes completed successfully.
2025-08-07 15:30:49.138 22 INFO cinder.api.openstack.wsgi [None req-9d5b61e8-b811-45aa-a814-4c82ae084f2e b2d247dda9a94201b1eaddb809ce9bd3 5cd39e90af1b4bdeb2fdd39fa85e077e - - default default] http://[LB_IP_ADDRESS]:8776/v3/5cd39e90af1b4bdeb2fdd39fa85e077e/volumes/detail returned with HTTP 200
2025-08-07 15:30:49.168 25 INFO cinder.api.openstack.wsgi [None req-28ea741f-1396-4961-9961-c1a9a66d5c91 b2d247dda9a94201b1eaddb809ce9bd3 5cd39e90af1b4bdeb2fdd39fa85e077e - - default default] POST http://[LB_IP_ADDRESS]:8776/v3/5cd39e90af1b4bdeb2fdd39fa85e077e/groups/418019d4-23e2-4b65-bd46-22a8fb8acf30/action
2025-08-07 15:30:49.173 25 INFO cinder.api.v3.groups [None req-28ea741f-1396-4961-9961-c1a9a66d5c91 b2d247dda9a94201b1eaddb809ce9bd3 5cd39e90af1b4bdeb2fdd39fa85e077e - - default default] Delete group with id: 418019d4-23e2-4b65-bd46-22a8fb8acf30
2025-08-07 15:30:49.268 25 INFO cinder.api.openstack.wsgi [None req-28ea741f-1396-4961-9961-c1a9a66d5c91 b2d247dda9a94201b1eaddb809ce9bd3 5cd39e90af1b4bdeb2fdd39fa85e077e - - default default] http://[LB_IP_ADDRESS]:8776/v3/5cd39e90af1b4bdeb2fdd39fa85e077e/groups/418019d4-23e2-4b65-bd46-22a8fb8acf30/action returned with HTTP 202
2025-08-07 15:30:49.279 23 INFO cinder.api.openstack.wsgi [None req-74f2174d-8aa6-472c-b470-e608dd6753f0 b2d247dda9a94201b1eaddb809ce9bd3 5cd39e90af1b4bdeb2fdd39fa85e077e - - default default] GET http://[LB_IP_ADDRESS]:8776/v3/5cd39e90af1b4bdeb2fdd39fa85e077e/volumes/48274deb-d9e1-4b68-b7b0-7d4bc570fa93
2025-08-07 15:30:49.304 23 INFO cinder.volume.api [None req-74f2174d-8aa6-472c-b470-e608dd6753f0 b2d247dda9a94201b1eaddb809ce9bd3 5cd39e90af1b4bdeb2fdd39fa85e077e - - default default] Volume info retrieved successfully.
2025-08-07 15:30:49.332 23 INFO cinder.api.openstack.wsgi [None req-74f2174d-8aa6-472c-b470-e608dd6753f0 b2d247dda9a94201b1eaddb809ce9bd3 5cd39e90af1b4bdeb2fdd39fa85e077e - - default default] http://[LB_IP_ADDRESS]:8776/v3/5cd39e90af1b4bdeb2fdd39fa85e077e/volumes/48274deb-d9e1-4b68-b7b0-7d4bc570fa93 returned with HTTP 200
2025-08-07 15:30:50.361 24 INFO cinder.api.openstack.wsgi [None req-c155fe67-8fea-4915-aae6-70e394e522fc b2d247dda9a94201b1eaddb809ce9bd3 5cd39e90af1b4bdeb2fdd39fa85e077e - - default default] GET http://[LB_IP_ADDRESS]:8776/v3/5cd39e90af1b4bdeb2fdd39fa85e077e/volumes/48274deb-d9e1-4b68-b7b0-7d4bc570fa93
2025-08-07 15:30:50.375 24 INFO cinder.api.openstack.wsgi [None req-c155fe67-8fea-4915-aae6-70e394e522fc b2d247dda9a94201b1eaddb809ce9bd3 5cd39e90af1b4bdeb2fdd39fa85e077e - - default default] http://[LB_IP_ADDRESS]:8776/v3/5cd39e90af1b4bdeb2fdd39fa85e077e/volumes/48274deb-d9e1-4b68-b7b0-7d4bc570fa93 returned with HTTP 404
2025-08-07 15:30:50.386 21 INFO cinder.api.openstack.wsgi [None req-b49a4bd3-c533-4d5b-9549-81ab4760c43d b2d247dda9a94201b1eaddb809ce9bd3 5cd39e90af1b4bdeb2fdd39fa85e077e - - default default] GET http://[LB_IP_ADDRESS]:8776/v3/5cd39e90af1b4bdeb2fdd39fa85e077e/volumes/660eed40-2ff7-40df-9630-0e89feb001f7
2025-08-07 15:30:50.400 21 INFO cinder.api.openstack.wsgi [None req-b49a4bd3-c533-4d5b-9549-81ab4760c43d b2d247dda9a94201b1eaddb809ce9bd3 5cd39e90af1b4bdeb2fdd39fa85e077e - - default default] http://[LB_IP_ADDRESS]:8776/v3/5cd39e90af1b4bdeb2fdd39fa85e077e/volumes/660eed40-2ff7-40df-9630-0e89feb001f7 returned with HTTP 404
2025-08-07 15:30:50.412 22 INFO cinder.api.openstack.wsgi [None req-6f34b02c-38f6-4452-ac7d-38adf86ffc54 b2d247dda9a94201b1eaddb809ce9bd3 5cd39e90af1b4bdeb2fdd39fa85e077e - - default default] GET http://[LB_IP_ADDRESS]:8776/v3/5cd39e90af1b4bdeb2fdd39fa85e077e/groups/418019d4-23e2-4b65-bd46-22a8fb8acf30
2025-08-07 15:30:50.418 22 INFO cinder.api.openstack.wsgi [None req-6f34b02c-38f6-4452-ac7d-38adf86ffc54 b2d247dda9a94201b1eaddb809ce9bd3 5cd39e90af1b4bdeb2fdd39fa85e077e - - default default] http://[LB_IP_ADDRESS]:8776/v3/5cd39e90af1b4bdeb2fdd39fa85e077e/groups/418019d4-23e2-4b65-bd46-22a8fb8acf30 returned with HTTP 404
2025-08-07 15:30:50.430 25 INFO cinder.api.openstack.wsgi [None req-f06e2387-4c89-4ce1-a3ba-8927527f5d98 5b6b8229eb19455d8553df88a754ab62 020b436880bf4a4281bb95ce64f0428e - - default default] DELETE http://[LB_IP_ADDRESS]:8776/v3/020b436880bf4a4281bb95ce64f0428e/group_types/b6661889-8d99-48f8-be41-255018c234d5
2025-08-07 15:30:50.452 25 INFO cinder.api.openstack.wsgi [None req-f06e2387-4c89-4ce1-a3ba-8927527f5d98 5b6b8229eb19455d8553df88a754ab62 020b436880bf4a4281bb95ce64f0428e - - default default] http://[LB_IP_ADDRESS]:8776/v3/020b436880bf4a4281bb95ce64f0428e/group_types/b6661889-8d99-48f8-be41-255018c234d5 returned with HTTP 202
2025-08-07 15:30:50.464 23 INFO cinder.api.openstack.wsgi [None req-a1654da0-581d-42f4-9747-726eaf69709c 5b6b8229eb19455d8553df88a754ab62 020b436880bf4a4281bb95ce64f0428e - - default default] DELETE http://[LB_IP_ADDRESS]:8776/v3/020b436880bf4a4281bb95ce64f0428e/types/ddb115c8-34b6-411c-9d4b-05d2080dc77c
2025-08-07 15:30:50.514 23 INFO cinder.api.openstack.wsgi [None req-a1654da0-581d-42f4-9747-726eaf69709c 5b6b8229eb19455d8553df88a754ab62 020b436880bf4a4281bb95ce64f0428e - - default default] http://[LB_IP_ADDRESS]:8776/v3/020b436880bf4a4281bb95ce64f0428e/types/ddb115c8-34b6-411c-9d4b-05d2080dc77c returned with HTTP 202
2025-08-07 15:30:50.524 24 INFO cinder.api.openstack.wsgi [None req-01ec633f-06ef-4be6-9299-b88c60fd5b13 5b6b8229eb19455d8553df88a754ab62 020b436880bf4a4281bb95ce64f0428e - - default default] GET http://[LB_IP_ADDRESS]:8776/v3/020b436880bf4a4281bb95ce64f0428e/types/ddb115c8-34b6-411c-9d4b-05d2080dc77c
2025-08-07 15:30:50.531 24 INFO cinder.api.openstack.wsgi [None req-01ec633f-06ef-4be6-9299-b88c60fd5b13 5b6b8229eb19455d8553df88a754ab62 020b436880bf4a4281bb95ce64f0428e - - default default] http://[LB_IP_ADDRESS]:8776/v3/020b436880bf4a4281bb95ce64f0428e/types/ddb115c8-34b6-411c-9d4b-05d2080dc77c returned with HTTP 404
2025-08-07 15:30:50.553 21 INFO cinder.api.openstack.wsgi [None req-1289fc95-5516-44c9-bf7e-1eee09643e2e 5b6b8229eb19455d8553df88a754ab62 020b436880bf4a4281bb95ce64f0428e - - default default] POST http://[LB_IP_ADDRESS]:8776/v3/020b436880bf4a4281bb95ce64f0428e/types
2025-08-07 15:30:50.583 21 INFO cinder.api.openstack.wsgi [None req-1289fc95-5516-44c9-bf7e-1eee09643e2e 5b6b8229eb19455d8553df88a754ab62 020b436880bf4a4281bb95ce64f0428e - - default default] http://[LB_IP_ADDRESS]:8776/v3/020b436880bf4a4281bb95ce64f0428e/types returned with HTTP 200
2025-08-07 15:30:50.597 22 INFO cinder.api.openstack.wsgi [None req-8ba6ea29-d849-477d-b5d3-b4c02d677365 5b6b8229eb19455d8553df88a754ab62 020b436880bf4a4281bb95ce64f0428e - - default default] POST http://[LB_IP_ADDRESS]:8776/v3/020b436880bf4a4281bb95ce64f0428e/group_types
2025-08-07 15:30:50.625 22 INFO cinder.api.openstack.wsgi [None req-8ba6ea29-d849-477d-b5d3-b4c02d677365 5b6b8229eb19455d8553df88a754ab62 020b436880bf4a4281bb95ce64f0428e - - default default] http://[LB_IP_ADDRESS]:8776/v3/020b436880bf4a4281bb95ce64f0428e/group_types returned with HTTP 202
2025-08-07 15:30:50.639 25 INFO cinder.api.openstack.wsgi [None req-e7939ef7-897b-45e5-94e3-1bb327a29360 b2d247dda9a94201b1eaddb809ce9bd3 5cd39e90af1b4bdeb2fdd39fa85e077e - - default default] POST http://[LB_IP_ADDRESS]:8776/v3/5cd39e90af1b4bdeb2fdd39fa85e077e/groups
2025-08-07 15:30:50.652 25 INFO cinder.api.v3.groups [None req-e7939ef7-897b-45e5-94e3-1bb327a29360 b2d247dda9a94201b1eaddb809ce9bd3 5cd39e90af1b4bdeb2fdd39fa85e077e - - default default] Creating group tempest-GroupSnapshotsTest-Group-107529449.
2025-08-07 15:30:50.664 25 INFO cinder.volume.api [None req-e7939ef7-897b-45e5-94e3-1bb327a29360 b2d247dda9a94201b1eaddb809ce9bd3 5cd39e90af1b4bdeb2fdd39fa85e077e - - default default] Availability Zones retrieved successfully.
2025-08-07 15:30:50.774 25 INFO cinder.api.openstack.wsgi [None req-e7939ef7-897b-45e5-94e3-1bb327a29360 b2d247dda9a94201b1eaddb809ce9bd3 5cd39e90af1b4bdeb2fdd39fa85e077e - - default default] http://[LB_IP_ADDRESS]:8776/v3/5cd39e90af1b4bdeb2fdd39fa85e077e/groups returned with HTTP 202
2025-08-07 15:30:50.786 23 INFO cinder.api.openstack.wsgi [None req-4f661d8e-9bd7-4fa9-9c01-6b26aa452c4b b2d247dda9a94201b1eaddb809ce9bd3 5cd39e90af1b4bdeb2fdd39fa85e077e - - default default] GET http://[LB_IP_ADDRESS]:8776/v3/5cd39e90af1b4bdeb2fdd39fa85e077e/groups/5816e7f4-c51b-46fc-a1ee-e2c484f59220
2025-08-07 15:30:50.809 23 INFO cinder.api.openstack.wsgi [None req-4f661d8e-9bd7-4fa9-9c01-6b26aa452c4b b2d247dda9a94201b1eaddb809ce9bd3 5cd39e90af1b4bdeb2fdd39fa85e077e - - default default] http://[LB_IP_ADDRESS]:8776/v3/5cd39e90af1b4bdeb2fdd39fa85e077e/groups/5816e7f4-c51b-46fc-a1ee-e2c484f59220 returned with HTTP 200
2025-08-07 15:30:51.826 24 INFO cinder.api.openstack.wsgi [None req-a23e9a26-a43b-4fcd-820d-5070fcaef649 b2d247dda9a94201b1eaddb809ce9bd3 5cd39e90af1b4bdeb2fdd39fa85e077e - - default default] GET http://[LB_IP_ADDRESS]:8776/v3/5cd39e90af1b4bdeb2fdd39fa85e077e/groups/5816e7f4-c51b-46fc-a1ee-e2c484f59220
2025-08-07 15:30:51.849 24 INFO cinder.api.openstack.wsgi [None req-a23e9a26-a43b-4fcd-820d-5070fcaef649 b2d247dda9a94201b1eaddb809ce9bd3 5cd39e90af1b4bdeb2fdd39fa85e077e - - default default] http://[LB_IP_ADDRESS]:8776/v3/5cd39e90af1b4bdeb2fdd39fa85e077e/groups/5816e7f4-c51b-46fc-a1ee-e2c484f59220 returned with HTTP 200
2025-08-07 15:30:51.865 21 INFO cinder.api.openstack.wsgi [None req-058de2bc-2022-47b3-bc56-66682f7754b4 b2d247dda9a94201b1eaddb809ce9bd3 5cd39e90af1b4bdeb2fdd39fa85e077e - - default default] POST http://[LB_IP_ADDRESS]:8776/v3/5cd39e90af1b4bdeb2fdd39fa85e077e/volumes
2025-08-07 15:30:51.881 21 INFO cinder.api.v3.volumes [None req-058de2bc-2022-47b3-bc56-66682f7754b4 b2d247dda9a94201b1eaddb809ce9bd3 5cd39e90af1b4bdeb2fdd39fa85e077e - - default default] Create volume of 1 GB
2025-08-07 15:30:51.890 21 INFO cinder.volume.api [None req-058de2bc-2022-47b3-bc56-66682f7754b4 b2d247dda9a94201b1eaddb809ce9bd3 5cd39e90af1b4bdeb2fdd39fa85e077e - - default default] Availability Zones retrieved successfully.
2025-08-07 15:30:52.070 21 WARNING cinder.quota [None req-058de2bc-2022-47b3-bc56-66682f7754b4 b2d247dda9a94201b1eaddb809ce9bd3 5cd39e90af1b4bdeb2fdd39fa85e077e - - default default] Deprecated: Default quota for resource: volumes_tempest-GroupSnapshotsTest-volume-type-217248102 is set by the default quota flag: quota_volumes_tempest-GroupSnapshotsTest-volume-type-217248102, it is now deprecated. Please use the default quota class for default quota.
2025-08-07 15:30:52.070 21 WARNING cinder.quota [None req-058de2bc-2022-47b3-bc56-66682f7754b4 b2d247dda9a94201b1eaddb809ce9bd3 5cd39e90af1b4bdeb2fdd39fa85e077e - - default default] Deprecated: Default quota for resource: gigabytes_tempest-GroupSnapshotsTest-volume-type-217248102 is set by the default quota flag: quota_gigabytes_tempest-GroupSnapshotsTest-volume-type-217248102, it is now deprecated. Please use the default quota class for default quota.
2025-08-07 15:30:52.165 21 INFO cinder.volume.api [None req-058de2bc-2022-47b3-bc56-66682f7754b4 b2d247dda9a94201b1eaddb809ce9bd3 5cd39e90af1b4bdeb2fdd39fa85e077e - - default default] Create volume request issued successfully.
2025-08-07 15:30:52.183 21 INFO cinder.api.openstack.wsgi [None req-058de2bc-2022-47b3-bc56-66682f7754b4 b2d247dda9a94201b1eaddb809ce9bd3 5cd39e90af1b4bdeb2fdd39fa85e077e - - default default] http://[LB_IP_ADDRESS]:8776/v3/5cd39e90af1b4bdeb2fdd39fa85e077e/volumes returned with HTTP 202
2025-08-07 15:30:52.209 22 INFO cinder.api.openstack.wsgi [None req-86902449-5ab7-4663-9e60-4b84f2d6fa4f b2d247dda9a94201b1eaddb809ce9bd3 5cd39e90af1b4bdeb2fdd39fa85e077e - - default default] GET http://[LB_IP_ADDRESS]:8776/v3/5cd39e90af1b4bdeb2fdd39fa85e077e/volumes/f9d4af3e-9f22-485d-977e-53b622021ef4
2025-08-07 15:30:52.236 22 INFO cinder.volume.api [None req-86902449-5ab7-4663-9e60-4b84f2d6fa4f b2d247dda9a94201b1eaddb809ce9bd3 5cd39e90af1b4bdeb2fdd39fa85e077e - - default default] Volume info retrieved successfully.
2025-08-07 15:30:52.259 22 INFO cinder.api.openstack.wsgi [None req-86902449-5ab7-4663-9e60-4b84f2d6fa4f b2d247dda9a94201b1eaddb809ce9bd3 5cd39e90af1b4bdeb2fdd39fa85e077e - - default default] http://[LB_IP_ADDRESS]:8776/v3/5cd39e90af1b4bdeb2fdd39fa85e077e/volumes/f9d4af3e-9f22-485d-977e-53b622021ef4 returned with HTTP 200
2025-08-07 15:30:52.355 25 INFO cinder.api.openstack.wsgi [None req-1495c47b-5955-4629-be6e-9792c33cefce - - - - - -] GET http://[LB_IP_ADDRESS]:8776/
2025-08-07 15:30:52.356 25 INFO cinder.api.openstack.wsgi [None req-1495c47b-5955-4629-be6e-9792c33cefce - - - - - -] http://[LB_IP_ADDRESS]:8776/ returned with HTTP 300
2025-08-07 15:30:52.857 23 INFO cinder.api.openstack.wsgi [None req-28187f07-336a-4d48-b4ec-a94921164258 13dbd077e3424fa4a2d25cee0632ea64 8544c206f70c4173a390d7bfd219fe5d - - default default] POST http://[LB_IP_ADDRESS]:8776/v3/8544c206f70c4173a390d7bfd219fe5d/group_types
2025-08-07 15:30:52.884 23 INFO cinder.api.openstack.wsgi [None req-28187f07-336a-4d48-b4ec-a94921164258 13dbd077e3424fa4a2d25cee0632ea64 8544c206f70c4173a390d7bfd219fe5d - - default default] http://[LB_IP_ADDRESS]:8776/v3/8544c206f70c4173a390d7bfd219fe5d/group_types returned with HTTP 202
2025-08-07 15:30:52.899 24 INFO cinder.api.openstack.wsgi [None req-616685a2-b602-4d19-9b5e-16ff5faf1f36 13dbd077e3424fa4a2d25cee0632ea64 8544c206f70c4173a390d7bfd219fe5d - - default default] POST http://[LB_IP_ADDRESS]:8776/v3/8544c206f70c4173a390d7bfd219fe5d/group_types/a4426d36-2368-4cef-99d8-5ce51b93bcda/group_specs
2025-08-07 15:30:52.922 24 INFO cinder.api.openstack.wsgi [None req-616685a2-b602-4d19-9b5e-16ff5faf1f36 13dbd077e3424fa4a2d25cee0632ea64 8544c206f70c4173a390d7bfd219fe5d - - default default] http://[LB_IP_ADDRESS]:8776/v3/8544c206f70c4173a390d7bfd219fe5d/group_types/a4426d36-2368-4cef-99d8-5ce51b93bcda/group_specs returned with HTTP 202
2025-08-07 15:30:52.935 21 INFO cinder.api.openstack.wsgi [None req-0fbe52dc-e4ec-447f-8e59-56c6836ff97c 13dbd077e3424fa4a2d25cee0632ea64 8544c206f70c4173a390d7bfd219fe5d - - default default] POST http://[LB_IP_ADDRESS]:8776/v3/8544c206f70c4173a390d7bfd219fe5d/group_types/a4426d36-2368-4cef-99d8-5ce51b93bcda/group_specs
2025-08-07 15:30:52.958 21 INFO cinder.api.openstack.wsgi [None req-0fbe52dc-e4ec-447f-8e59-56c6836ff97c 13dbd077e3424fa4a2d25cee0632ea64 8544c206f70c4173a390d7bfd219fe5d - - default default] http://[LB_IP_ADDRESS]:8776/v3/8544c206f70c4173a390d7bfd219fe5d/group_types/a4426d36-2368-4cef-99d8-5ce51b93bcda/group_specs returned with HTTP 202
2025-08-07 15:30:52.971 22 INFO cinder.api.openstack.wsgi [None req-717e785f-5445-4590-8fc4-7542be227a06 13dbd077e3424fa4a2d25cee0632ea64 8544c206f70c4173a390d7bfd219fe5d - - default default] GET http://[LB_IP_ADDRESS]:8776/v3/8544c206f70c4173a390d7bfd219fe5d/group_types/a4426d36-2368-4cef-99d8-5ce51b93bcda/group_specs/key2
2025-08-07 15:30:52.984 22 INFO cinder.api.openstack.wsgi [None req-717e785f-5445-4590-8fc4-7542be227a06 13dbd077e3424fa4a2d25cee0632ea64 8544c206f70c4173a390d7bfd219fe5d - - default default] http://[LB_IP_ADDRESS]:8776/v3/8544c206f70c4173a390d7bfd219fe5d/group_types/a4426d36-2368-4cef-99d8-5ce51b93bcda/group_specs/key2 returned with HTTP 200
2025-08-07 15:30:52.996 25 INFO cinder.api.openstack.wsgi [None req-efe7b9aa-11cf-4e7b-8d5f-bd4abf36371d 13dbd077e3424fa4a2d25cee0632ea64 8544c206f70c4173a390d7bfd219fe5d - - default default] GET http://[LB_IP_ADDRESS]:8776/v3/8544c206f70c4173a390d7bfd219fe5d/group_types/a4426d36-2368-4cef-99d8-5ce51b93bcda/group_specs/key3
2025-08-07 15:30:53.009 25 INFO cinder.api.openstack.wsgi [None req-efe7b9aa-11cf-4e7b-8d5f-bd4abf36371d 13dbd077e3424fa4a2d25cee0632ea64 8544c206f70c4173a390d7bfd219fe5d - - default default] http://[LB_IP_ADDRESS]:8776/v3/8544c206f70c4173a390d7bfd219fe5d/group_types/a4426d36-2368-4cef-99d8-5ce51b93bcda/group_specs/key3 returned with HTTP 200
2025-08-07 15:30:53.021 23 INFO cinder.api.openstack.wsgi [None req-85fa0121-af4e-41fe-a09c-a26a16950b98 13dbd077e3424fa4a2d25cee0632ea64 8544c206f70c4173a390d7bfd219fe5d - - default default] PUT http://[LB_IP_ADDRESS]:8776/v3/8544c206f70c4173a390d7bfd219fe5d/group_types/a4426d36-2368-4cef-99d8-5ce51b93bcda/group_specs/key3
2025-08-07 15:30:53.040 23 INFO cinder.api.openstack.wsgi [None req-85fa0121-af4e-41fe-a09c-a26a16950b98 13dbd077e3424fa4a2d25cee0632ea64 8544c206f70c4173a390d7bfd219fe5d - - default default] http://[LB_IP_ADDRESS]:8776/v3/8544c206f70c4173a390d7bfd219fe5d/group_types/a4426d36-2368-4cef-99d8-5ce51b93bcda/group_specs/key3 returned with HTTP 200
2025-08-07 15:30:53.052 24 INFO cinder.api.openstack.wsgi [None req-1807136b-ff81-42ee-9395-ffbdc971a210 13dbd077e3424fa4a2d25cee0632ea64 8544c206f70c4173a390d7bfd219fe5d - - default default] GET http://[LB_IP_ADDRESS]:8776/v3/8544c206f70c4173a390d7bfd219fe5d/group_types/a4426d36-2368-4cef-99d8-5ce51b93bcda/group_specs
2025-08-07 15:30:53.065 24 INFO cinder.api.openstack.wsgi [None req-1807136b-ff81-42ee-9395-ffbdc971a210 13dbd077e3424fa4a2d25cee0632ea64 8544c206f70c4173a390d7bfd219fe5d - - default default] http://[LB_IP_ADDRESS]:8776/v3/8544c206f70c4173a390d7bfd219fe5d/group_types/a4426d36-2368-4cef-99d8-5ce51b93bcda/group_specs returned with HTTP 200
2025-08-07 15:30:53.077 21 INFO cinder.api.openstack.wsgi [None req-979b3b0a-0802-4652-8ebf-1fd0b10c0eb4 13dbd077e3424fa4a2d25cee0632ea64 8544c206f70c4173a390d7bfd219fe5d - - default default] DELETE http://[LB_IP_ADDRESS]:8776/v3/8544c206f70c4173a390d7bfd219fe5d/group_types/a4426d36-2368-4cef-99d8-5ce51b93bcda/group_specs/key1
2025-08-07 15:30:53.092 21 INFO cinder.api.openstack.wsgi [None req-979b3b0a-0802-4652-8ebf-1fd0b10c0eb4 13dbd077e3424fa4a2d25cee0632ea64 8544c206f70c4173a390d7bfd219fe5d - - default default] http://[LB_IP_ADDRESS]:8776/v3/8544c206f70c4173a390d7bfd219fe5d/group_types/a4426d36-2368-4cef-99d8-5ce51b93bcda/group_specs/key1 returned with HTTP 202
2025-08-07 15:30:53.104 22 INFO cinder.api.openstack.wsgi [None req-37d2fd82-acfe-40de-9712-5cbe2d65d1eb 13dbd077e3424fa4a2d25cee0632ea64 8544c206f70c4173a390d7bfd219fe5d - - default default] GET http://[LB_IP_ADDRESS]:8776/v3/8544c206f70c4173a390d7bfd219fe5d/group_types/a4426d36-2368-4cef-99d8-5ce51b93bcda/group_specs/key1
2025-08-07 15:30:53.116 22 INFO cinder.api.openstack.wsgi [None req-37d2fd82-acfe-40de-9712-5cbe2d65d1eb 13dbd077e3424fa4a2d25cee0632ea64 8544c206f70c4173a390d7bfd219fe5d - - default default] HTTP exception thrown: Group Type a4426d36-2368-4cef-99d8-5ce51b93bcda has no extra spec with key key1.
2025-08-07 15:30:53.117 22 INFO cinder.api.openstack.wsgi [None req-37d2fd82-acfe-40de-9712-5cbe2d65d1eb 13dbd077e3424fa4a2d25cee0632ea64 8544c206f70c4173a390d7bfd219fe5d - - default default] http://[LB_IP_ADDRESS]:8776/v3/8544c206f70c4173a390d7bfd219fe5d/group_types/a4426d36-2368-4cef-99d8-5ce51b93bcda/group_specs/key1 returned with HTTP 404
2025-08-07 15:30:53.129 25 INFO cinder.api.openstack.wsgi [None req-dd8d5a84-1580-4d32-97c8-7ee27da50e04 13dbd077e3424fa4a2d25cee0632ea64 8544c206f70c4173a390d7bfd219fe5d - - default default] DELETE http://[LB_IP_ADDRESS]:8776/v3/8544c206f70c4173a390d7bfd219fe5d/group_types/a4426d36-2368-4cef-99d8-5ce51b93bcda/group_specs/key2
2025-08-07 15:30:53.147 25 INFO cinder.api.openstack.wsgi [None req-dd8d5a84-1580-4d32-97c8-7ee27da50e04 13dbd077e3424fa4a2d25cee0632ea64 8544c206f70c4173a390d7bfd219fe5d - - default default] http://[LB_IP_ADDRESS]:8776/v3/8544c206f70c4173a390d7bfd219fe5d/group_types/a4426d36-2368-4cef-99d8-5ce51b93bcda/group_specs/key2 returned with HTTP 202
2025-08-07 15:30:53.159 23 INFO cinder.api.openstack.wsgi [None req-b0e54c7e-21c2-40e2-8f09-063aa6a89d1f 13dbd077e3424fa4a2d25cee0632ea64 8544c206f70c4173a390d7bfd219fe5d - - default default] GET http://[LB_IP_ADDRESS]:8776/v3/8544c206f70c4173a390d7bfd219fe5d/group_types/a4426d36-2368-4cef-99d8-5ce51b93bcda/group_specs/key2
2025-08-07 15:30:53.170 23 INFO cinder.api.openstack.wsgi [None req-b0e54c7e-21c2-40e2-8f09-063aa6a89d1f 13dbd077e3424fa4a2d25cee0632ea64 8544c206f70c4173a390d7bfd219fe5d - - default default] HTTP exception thrown: Group Type a4426d36-2368-4cef-99d8-5ce51b93bcda has no extra spec with key key2.
2025-08-07 15:30:53.171 23 INFO cinder.api.openstack.wsgi [None req-b0e54c7e-21c2-40e2-8f09-063aa6a89d1f 13dbd077e3424fa4a2d25cee0632ea64 8544c206f70c4173a390d7bfd219fe5d - - default default] http://[LB_IP_ADDRESS]:8776/v3/8544c206f70c4173a390d7bfd219fe5d/group_types/a4426d36-2368-4cef-99d8-5ce51b93bcda/group_specs/key2 returned with HTTP 404
2025-08-07 15:30:53.183 24 INFO cinder.api.openstack.wsgi [None req-110b05a0-2101-4475-9bfb-fdac6b9aa3ec 13dbd077e3424fa4a2d25cee0632ea64 8544c206f70c4173a390d7bfd219fe5d - - default default] DELETE http://[LB_IP_ADDRESS]:8776/v3/8544c206f70c4173a390d7bfd219fe5d/group_types/a4426d36-2368-4cef-99d8-5ce51b93bcda/group_specs/key3
2025-08-07 15:30:53.199 24 INFO cinder.api.openstack.wsgi [None req-110b05a0-2101-4475-9bfb-fdac6b9aa3ec 13dbd077e3424fa4a2d25cee0632ea64 8544c206f70c4173a390d7bfd219fe5d - - default default] http://[LB_IP_ADDRESS]:8776/v3/8544c206f70c4173a390d7bfd219fe5d/group_types/a4426d36-2368-4cef-99d8-5ce51b93bcda/group_specs/key3 returned with HTTP 202
2025-08-07 15:30:53.211 21 INFO cinder.api.openstack.wsgi [None req-4be32d96-89ac-4d00-875d-49b2b512268c 13dbd077e3424fa4a2d25cee0632ea64 8544c206f70c4173a390d7bfd219fe5d - - default default] GET http://[LB_IP_ADDRESS]:8776/v3/8544c206f70c4173a390d7bfd219fe5d/group_types/a4426d36-2368-4cef-99d8-5ce51b93bcda/group_specs/key3
2025-08-07 15:30:53.222 21 INFO cinder.api.openstack.wsgi [None req-4be32d96-89ac-4d00-875d-49b2b512268c 13dbd077e3424fa4a2d25cee0632ea64 8544c206f70c4173a390d7bfd219fe5d - - default default] HTTP exception thrown: Group Type a4426d36-2368-4cef-99d8-5ce51b93bcda has no extra spec with key key3.
2025-08-07 15:30:53.223 21 INFO cinder.api.openstack.wsgi [None req-4be32d96-89ac-4d00-875d-49b2b512268c 13dbd077e3424fa4a2d25cee0632ea64 8544c206f70c4173a390d7bfd219fe5d - - default default] http://[LB_IP_ADDRESS]:8776/v3/8544c206f70c4173a390d7bfd219fe5d/group_types/a4426d36-2368-4cef-99d8-5ce51b93bcda/group_specs/key3 returned with HTTP 404
2025-08-07 15:30:53.234 22 INFO cinder.api.openstack.wsgi [None req-e5c3d02c-0451-49c5-97cf-81db59364ee4 13dbd077e3424fa4a2d25cee0632ea64 8544c206f70c4173a390d7bfd219fe5d - - default default] DELETE http://[LB_IP_ADDRESS]:8776/v3/8544c206f70c4173a390d7bfd219fe5d/group_types/a4426d36-2368-4cef-99d8-5ce51b93bcda
2025-08-07 15:30:53.258 22 INFO cinder.api.openstack.wsgi [None req-e5c3d02c-0451-49c5-97cf-81db59364ee4 13dbd077e3424fa4a2d25cee0632ea64 8544c206f70c4173a390d7bfd219fe5d - - default default] http://[LB_IP_ADDRESS]:8776/v3/8544c206f70c4173a390d7bfd219fe5d/group_types/a4426d36-2368-4cef-99d8-5ce51b93bcda returned with HTTP 202
2025-08-07 15:30:53.288 25 INFO cinder.api.openstack.wsgi [None req-6ef2a66c-8467-4969-a008-60b440394ac7 b2d247dda9a94201b1eaddb809ce9bd3 5cd39e90af1b4bdeb2fdd39fa85e077e - - default default] GET http://[LB_IP_ADDRESS]:8776/v3/5cd39e90af1b4bdeb2fdd39fa85e077e/volumes/f9d4af3e-9f22-485d-977e-53b622021ef4
2025-08-07 15:30:53.313 25 INFO cinder.volume.api [None req-6ef2a66c-8467-4969-a008-60b440394ac7 b2d247dda9a94201b1eaddb809ce9bd3 5cd39e90af1b4bdeb2fdd39fa85e077e - - default default] Volume info retrieved successfully.
2025-08-07 15:30:53.343 25 INFO cinder.api.openstack.wsgi [None req-6ef2a66c-8467-4969-a008-60b440394ac7 b2d247dda9a94201b1eaddb809ce9bd3 5cd39e90af1b4bdeb2fdd39fa85e077e - - default default] http://[LB_IP_ADDRESS]:8776/v3/5cd39e90af1b4bdeb2fdd39fa85e077e/volumes/f9d4af3e-9f22-485d-977e-53b622021ef4 returned with HTTP 200
2025-08-07 15:30:54.148 23 INFO cinder.api.openstack.wsgi [None req-ef1cb6d6-ce84-4a44-a2ea-1c8c0f4a1846 701d1429568b4a588b944876652f929f 87805c49fdd24fa3ba67f4ab9fe88fb0 - - default default] POST http://[LB_IP_ADDRESS]:8776/v3/87805c49fdd24fa3ba67f4ab9fe88fb0/types
2025-08-07 15:30:54.180 23 INFO cinder.api.openstack.wsgi [None req-ef1cb6d6-ce84-4a44-a2ea-1c8c0f4a1846 701d1429568b4a588b944876652f929f 87805c49fdd24fa3ba67f4ab9fe88fb0 - - default default] http://[LB_IP_ADDRESS]:8776/v3/87805c49fdd24fa3ba67f4ab9fe88fb0/types returned with HTTP 200
2025-08-07 15:30:54.372 21 INFO cinder.api.openstack.wsgi [None req-43d95229-9bc5-42b2-a593-e42629ddf5fe b2d247dda9a94201b1eaddb809ce9bd3 5cd39e90af1b4bdeb2fdd39fa85e077e - - default default] GET http://[LB_IP_ADDRESS]:8776/v3/5cd39e90af1b4bdeb2fdd39fa85e077e/volumes/f9d4af3e-9f22-485d-977e-53b622021ef4
2025-08-07 15:30:54.387 24 INFO cinder.api.openstack.wsgi [None req-c173a301-fc7c-4494-a3ae-0fff17af17b9 c8be920faed34d6cae12261deb467ab0 b80fdebf7a7644cca3292fcea9c3982f - - default default] POST http://[LB_IP_ADDRESS]:8776/v3/b80fdebf7a7644cca3292fcea9c3982f/volumes
2025-08-07 15:30:54.397 21 INFO cinder.volume.api [None req-43d95229-9bc5-42b2-a593-e42629ddf5fe b2d247dda9a94201b1eaddb809ce9bd3 5cd39e90af1b4bdeb2fdd39fa85e077e - - default default] Volume info retrieved successfully.
2025-08-07 15:30:54.399 24 INFO cinder.api.v3.volumes [None req-c173a301-fc7c-4494-a3ae-0fff17af17b9 c8be920faed34d6cae12261deb467ab0 b80fdebf7a7644cca3292fcea9c3982f - - default default] Create volume of 1 GB
2025-08-07 15:30:54.401 24 INFO cinder.volume.api [None req-c173a301-fc7c-4494-a3ae-0fff17af17b9 c8be920faed34d6cae12261deb467ab0 b80fdebf7a7644cca3292fcea9c3982f - - default default] Availability Zones retrieved successfully.
2025-08-07 15:30:54.425 21 INFO cinder.api.openstack.wsgi [None req-43d95229-9bc5-42b2-a593-e42629ddf5fe b2d247dda9a94201b1eaddb809ce9bd3 5cd39e90af1b4bdeb2fdd39fa85e077e - - default default] http://[LB_IP_ADDRESS]:8776/v3/5cd39e90af1b4bdeb2fdd39fa85e077e/volumes/f9d4af3e-9f22-485d-977e-53b622021ef4 returned with HTTP 200
2025-08-07 15:30:54.453 22 INFO cinder.api.openstack.wsgi [None req-74e3787f-7449-4a90-bab3-f45180c2eee7 b2d247dda9a94201b1eaddb809ce9bd3 5cd39e90af1b4bdeb2fdd39fa85e077e - - default default] POST http://[LB_IP_ADDRESS]:8776/v3/5cd39e90af1b4bdeb2fdd39fa85e077e/group_snapshots
2025-08-07 15:30:54.471 22 INFO cinder.api.v3.group_snapshots [None req-74e3787f-7449-4a90-bab3-f45180c2eee7 b2d247dda9a94201b1eaddb809ce9bd3 5cd39e90af1b4bdeb2fdd39fa85e077e - - default default] Creating group_snapshot tempest-group_snapshot-675480514.
2025-08-07 15:30:54.584 22 WARNING cinder.quota [None req-74e3787f-7449-4a90-bab3-f45180c2eee7 b2d247dda9a94201b1eaddb809ce9bd3 5cd39e90af1b4bdeb2fdd39fa85e077e - - default default] Deprecated: Default quota for resource: gigabytes_tempest-GroupSnapshotsTest-volume-type-217248102 is set by the default quota flag: quota_gigabytes_tempest-GroupSnapshotsTest-volume-type-217248102, it is now deprecated. Please use the default quota class for default quota.
2025-08-07 15:30:54.585 22 WARNING cinder.quota [None req-74e3787f-7449-4a90-bab3-f45180c2eee7 b2d247dda9a94201b1eaddb809ce9bd3 5cd39e90af1b4bdeb2fdd39fa85e077e - - default default] Deprecated: Default quota for resource: snapshots_tempest-GroupSnapshotsTest-volume-type-217248102 is set by the default quota flag: quota_snapshots_tempest-GroupSnapshotsTest-volume-type-217248102, it is now deprecated. Please use the default quota class for default quota.
2025-08-07 15:30:54.602 24 WARNING cinder.quota [None req-c173a301-fc7c-4494-a3ae-0fff17af17b9 c8be920faed34d6cae12261deb467ab0 b80fdebf7a7644cca3292fcea9c3982f - - default default] Deprecated: Default quota for resource: volumes_tempest-UserMessagesTest-volume-type-1064281934 is set by the default quota flag: quota_volumes_tempest-UserMessagesTest-volume-type-1064281934, it is now deprecated. Please use the default quota class for default quota.
2025-08-07 15:30:54.603 24 WARNING cinder.quota [None req-c173a301-fc7c-4494-a3ae-0fff17af17b9 c8be920faed34d6cae12261deb467ab0 b80fdebf7a7644cca3292fcea9c3982f - - default default] Deprecated: Default quota for resource: gigabytes_tempest-UserMessagesTest-volume-type-1064281934 is set by the default quota flag: quota_gigabytes_tempest-UserMessagesTest-volume-type-1064281934, it is now deprecated. Please use the default quota class for default quota.
2025-08-07 15:30:54.655 22 INFO cinder.api.openstack.wsgi [None req-74e3787f-7449-4a90-bab3-f45180c2eee7 b2d247dda9a94201b1eaddb809ce9bd3 5cd39e90af1b4bdeb2fdd39fa85e077e - - default default] http://[LB_IP_ADDRESS]:8776/v3/5cd39e90af1b4bdeb2fdd39fa85e077e/group_snapshots returned with HTTP 202
2025-08-07 15:30:54.668 25 INFO cinder.api.openstack.wsgi [None req-2bff77c7-e703-4aae-8bcb-b2c72fe2ddfa b2d247dda9a94201b1eaddb809ce9bd3 5cd39e90af1b4bdeb2fdd39fa85e077e - - default default] GET http://[LB_IP_ADDRESS]:8776/v3/5cd39e90af1b4bdeb2fdd39fa85e077e/group_snapshots/9783ab56-b361-4c87-bb3e-5078fb1e9df4
2025-08-07 15:30:54.683 25 INFO cinder.api.openstack.wsgi [None req-2bff77c7-e703-4aae-8bcb-b2c72fe2ddfa b2d247dda9a94201b1eaddb809ce9bd3 5cd39e90af1b4bdeb2fdd39fa85e077e - - default default] http://[LB_IP_ADDRESS]:8776/v3/5cd39e90af1b4bdeb2fdd39fa85e077e/group_snapshots/9783ab56-b361-4c87-bb3e-5078fb1e9df4 returned with HTTP 200
2025-08-07 15:30:54.723 24 INFO cinder.volume.api [None req-c173a301-fc7c-4494-a3ae-0fff17af17b9 c8be920faed34d6cae12261deb467ab0 b80fdebf7a7644cca3292fcea9c3982f - - default default] Create volume request issued successfully.
2025-08-07 15:30:54.724 24 INFO cinder.api.openstack.wsgi [None req-c173a301-fc7c-4494-a3ae-0fff17af17b9 c8be920faed34d6cae12261deb467ab0 b80fdebf7a7644cca3292fcea9c3982f - - default default] http://[LB_IP_ADDRESS]:8776/v3/b80fdebf7a7644cca3292fcea9c3982f/volumes returned with HTTP 202
2025-08-07 15:30:54.750 23 INFO cinder.api.openstack.wsgi [None req-ac218918-7e8f-46b2-9fdf-9f4c9396c3b0 c8be920faed34d6cae12261deb467ab0 b80fdebf7a7644cca3292fcea9c3982f - - default default] GET http://[LB_IP_ADDRESS]:8776/v3/b80fdebf7a7644cca3292fcea9c3982f/volumes/48310b98-10f0-40df-9f66-fe766061d09d
2025-08-07 15:30:54.774 23 INFO cinder.volume.api [None req-ac218918-7e8f-46b2-9fdf-9f4c9396c3b0 c8be920faed34d6cae12261deb467ab0 b80fdebf7a7644cca3292fcea9c3982f - - default default] Volume info retrieved successfully.
2025-08-07 15:30:54.783 23 INFO cinder.api.openstack.wsgi [None req-ac218918-7e8f-46b2-9fdf-9f4c9396c3b0 c8be920faed34d6cae12261deb467ab0 b80fdebf7a7644cca3292fcea9c3982f - - default default] http://[LB_IP_ADDRESS]:8776/v3/b80fdebf7a7644cca3292fcea9c3982f/volumes/48310b98-10f0-40df-9f66-fe766061d09d returned with HTTP 200
2025-08-07 15:30:55.700 21 INFO cinder.api.openstack.wsgi [None req-af5ddbef-dff0-42c6-87fa-a8c88863dfb7 b2d247dda9a94201b1eaddb809ce9bd3 5cd39e90af1b4bdeb2fdd39fa85e077e - - default default] GET http://[LB_IP_ADDRESS]:8776/v3/5cd39e90af1b4bdeb2fdd39fa85e077e/group_snapshots/9783ab56-b361-4c87-bb3e-5078fb1e9df4
2025-08-07 15:30:55.715 21 INFO cinder.api.openstack.wsgi [None req-af5ddbef-dff0-42c6-87fa-a8c88863dfb7 b2d247dda9a94201b1eaddb809ce9bd3 5cd39e90af1b4bdeb2fdd39fa85e077e - - default default] http://[LB_IP_ADDRESS]:8776/v3/5cd39e90af1b4bdeb2fdd39fa85e077e/group_snapshots/9783ab56-b361-4c87-bb3e-5078fb1e9df4 returned with HTTP 200
2025-08-07 15:30:55.812 22 INFO cinder.api.openstack.wsgi [None req-26427b57-daba-4f60-a174-7bee51dfbc11 c8be920faed34d6cae12261deb467ab0 b80fdebf7a7644cca3292fcea9c3982f - - default default] GET http://[LB_IP_ADDRESS]:8776/v3/b80fdebf7a7644cca3292fcea9c3982f/volumes/48310b98-10f0-40df-9f66-fe766061d09d
2025-08-07 15:30:55.838 22 INFO cinder.volume.api [None req-26427b57-daba-4f60-a174-7bee51dfbc11 c8be920faed34d6cae12261deb467ab0 b80fdebf7a7644cca3292fcea9c3982f - - default default] Volume info retrieved successfully.
2025-08-07 15:30:55.847 22 INFO cinder.api.openstack.wsgi [None req-26427b57-daba-4f60-a174-7bee51dfbc11 c8be920faed34d6cae12261deb467ab0 b80fdebf7a7644cca3292fcea9c3982f - - default default] http://[LB_IP_ADDRESS]:8776/v3/b80fdebf7a7644cca3292fcea9c3982f/volumes/48310b98-10f0-40df-9f66-fe766061d09d returned with HTTP 200
2025-08-07 15:30:55.875 25 INFO cinder.api.openstack.wsgi [None req-a76e5107-5cd7-43e9-aade-45fa9e89ac95 c8be920faed34d6cae12261deb467ab0 b80fdebf7a7644cca3292fcea9c3982f - - default default] GET http://[LB_IP_ADDRESS]:8776/v3/b80fdebf7a7644cca3292fcea9c3982f/messages
2025-08-07 15:30:55.884 25 INFO cinder.api.openstack.wsgi [None req-a76e5107-5cd7-43e9-aade-45fa9e89ac95 c8be920faed34d6cae12261deb467ab0 b80fdebf7a7644cca3292fcea9c3982f - - default default] http://[LB_IP_ADDRESS]:8776/v3/b80fdebf7a7644cca3292fcea9c3982f/messages returned with HTTP 200
2025-08-07 15:30:55.903 24 INFO cinder.api.openstack.wsgi [None req-ffb21889-9f97-4078-8a82-c7fe15e80588 c8be920faed34d6cae12261deb467ab0 b80fdebf7a7644cca3292fcea9c3982f - - default default] DELETE http://[LB_IP_ADDRESS]:8776/v3/b80fdebf7a7644cca3292fcea9c3982f/messages/555f0493-b0d4-48c8-b03c-dbfce23f64e2
2025-08-07 15:30:55.917 24 INFO cinder.api.openstack.wsgi [None req-ffb21889-9f97-4078-8a82-c7fe15e80588 c8be920faed34d6cae12261deb467ab0 b80fdebf7a7644cca3292fcea9c3982f - - default default] http://[LB_IP_ADDRESS]:8776/v3/b80fdebf7a7644cca3292fcea9c3982f/messages/555f0493-b0d4-48c8-b03c-dbfce23f64e2 returned with HTTP 204
2025-08-07 15:30:55.928 23 INFO cinder.api.openstack.wsgi [None req-03c423b2-9d31-492b-a50e-994a4c250d1c c8be920faed34d6cae12261deb467ab0 b80fdebf7a7644cca3292fcea9c3982f - - default default] GET http://[LB_IP_ADDRESS]:8776/v3/b80fdebf7a7644cca3292fcea9c3982f/messages/555f0493-b0d4-48c8-b03c-dbfce23f64e2
2025-08-07 15:30:55.934 23 INFO cinder.api.openstack.wsgi [None req-03c423b2-9d31-492b-a50e-994a4c250d1c c8be920faed34d6cae12261deb467ab0 b80fdebf7a7644cca3292fcea9c3982f - - default default] http://[LB_IP_ADDRESS]:8776/v3/b80fdebf7a7644cca3292fcea9c3982f/messages/555f0493-b0d4-48c8-b03c-dbfce23f64e2 returned with HTTP 404
2025-08-07 15:30:55.945 21 INFO cinder.api.openstack.wsgi [None req-3a6f4766-5ab5-4f53-b607-af4289d28740 c8be920faed34d6cae12261deb467ab0 b80fdebf7a7644cca3292fcea9c3982f - - default default] GET http://[LB_IP_ADDRESS]:8776/v3/b80fdebf7a7644cca3292fcea9c3982f/volumes/48310b98-10f0-40df-9f66-fe766061d09d
2025-08-07 15:30:55.965 21 INFO cinder.volume.api [None req-3a6f4766-5ab5-4f53-b607-af4289d28740 c8be920faed34d6cae12261deb467ab0 b80fdebf7a7644cca3292fcea9c3982f - - default default] Volume info retrieved successfully.
2025-08-07 15:30:55.972 21 INFO cinder.api.openstack.wsgi [None req-3a6f4766-5ab5-4f53-b607-af4289d28740 c8be920faed34d6cae12261deb467ab0 b80fdebf7a7644cca3292fcea9c3982f - - default default] http://[LB_IP_ADDRESS]:8776/v3/b80fdebf7a7644cca3292fcea9c3982f/volumes/48310b98-10f0-40df-9f66-fe766061d09d returned with HTTP 200
2025-08-07 15:30:55.999 22 INFO cinder.api.openstack.wsgi [None req-93099ae4-a223-4c3a-a093-a68f06e69170 c8be920faed34d6cae12261deb467ab0 b80fdebf7a7644cca3292fcea9c3982f - - default default] DELETE http://[LB_IP_ADDRESS]:8776/v3/b80fdebf7a7644cca3292fcea9c3982f/volumes/48310b98-10f0-40df-9f66-fe766061d09d
2025-08-07 15:30:56.000 22 INFO cinder.api.v3.volumes [None req-93099ae4-a223-4c3a-a093-a68f06e69170 c8be920faed34d6cae12261deb467ab0 b80fdebf7a7644cca3292fcea9c3982f - - default default] Delete volume with id: 48310b98-10f0-40df-9f66-fe766061d09d 
2025-08-07 15:30:56.019 22 INFO cinder.volume.api [None req-93099ae4-a223-4c3a-a093-a68f06e69170 c8be920faed34d6cae12261deb467ab0 b80fdebf7a7644cca3292fcea9c3982f - - default default] Volume info retrieved successfully.
2025-08-07 15:30:56.096 22 WARNING cinder.quota [None req-93099ae4-a223-4c3a-a093-a68f06e69170 c8be920faed34d6cae12261deb467ab0 b80fdebf7a7644cca3292fcea9c3982f - - default default] Deprecated: Default quota for resource: volumes_tempest-UserMessagesTest-volume-type-1064281934 is set by the default quota flag: quota_volumes_tempest-UserMessagesTest-volume-type-1064281934, it is now deprecated. Please use the default quota class for default quota.
2025-08-07 15:30:56.097 22 WARNING cinder.quota [None req-93099ae4-a223-4c3a-a093-a68f06e69170 c8be920faed34d6cae12261deb467ab0 b80fdebf7a7644cca3292fcea9c3982f - - default default] Deprecated: Default quota for resource: gigabytes_tempest-UserMessagesTest-volume-type-1064281934 is set by the default quota flag: quota_gigabytes_tempest-UserMessagesTest-volume-type-1064281934, it is now deprecated. Please use the default quota class for default quota.
2025-08-07 15:30:56.143 22 INFO cinder.volume.api [None req-93099ae4-a223-4c3a-a093-a68f06e69170 c8be920faed34d6cae12261deb467ab0 b80fdebf7a7644cca3292fcea9c3982f - - default default] Delete volume request issued successfully.
2025-08-07 15:30:56.145 22 INFO cinder.api.openstack.wsgi [None req-93099ae4-a223-4c3a-a093-a68f06e69170 c8be920faed34d6cae12261deb467ab0 b80fdebf7a7644cca3292fcea9c3982f - - default default] http://[LB_IP_ADDRESS]:8776/v3/b80fdebf7a7644cca3292fcea9c3982f/volumes/48310b98-10f0-40df-9f66-fe766061d09d returned with HTTP 202
2025-08-07 15:30:56.155 25 INFO cinder.api.openstack.wsgi [None req-dbf4ab2a-6720-49b5-91a2-b64989063375 c8be920faed34d6cae12261deb467ab0 b80fdebf7a7644cca3292fcea9c3982f - - default default] GET http://[LB_IP_ADDRESS]:8776/v3/b80fdebf7a7644cca3292fcea9c3982f/volumes/48310b98-10f0-40df-9f66-fe766061d09d
2025-08-07 15:30:56.170 25 INFO cinder.api.openstack.wsgi [None req-dbf4ab2a-6720-49b5-91a2-b64989063375 c8be920faed34d6cae12261deb467ab0 b80fdebf7a7644cca3292fcea9c3982f - - default default] http://[LB_IP_ADDRESS]:8776/v3/b80fdebf7a7644cca3292fcea9c3982f/volumes/48310b98-10f0-40df-9f66-fe766061d09d returned with HTTP 404
2025-08-07 15:30:56.180 24 INFO cinder.api.openstack.wsgi [None req-9ac27aba-31d7-41ed-9bb8-6d732176df23 701d1429568b4a588b944876652f929f 87805c49fdd24fa3ba67f4ab9fe88fb0 - - default default] DELETE http://[LB_IP_ADDRESS]:8776/v3/87805c49fdd24fa3ba67f4ab9fe88fb0/types/58def048-e9e2-4b39-9098-e1099f60e23e
