2025-08-05 13:50:06.456 24 INFO cinder.api.openstack.wsgi [None req-62772777-dd5c-404a-b8fb-d6ab0f2c5de1 eba63a92aad4475a90d45eeee939317f 17aa33d3558d418d8d4f25da5c145009 - - default default] GET http://[LB_IP_ADDRESS]:8776/v3/17aa33d3558d418d8d4f25da5c145009/os-quota-sets/4d7b6fad2f854f80b15a5310be6a6568?usage=True
2025-08-05 13:50:06.535 24 WARNING cinder.quota [None req-62772777-dd5c-404a-b8fb-d6ab0f2c5de1 eba63a92aad4475a90d45eeee939317f 17aa33d3558d418d8d4f25da5c145009 - - default default] Deprecated: Default quota for resource: volumes_tempest-GroupSnapshotsTest-volume-type-436709087 is set by the default quota flag: quota_volumes_tempest-GroupSnapshotsTest-volume-type-436709087, it is now deprecated. Please use the default quota class for default quota.
2025-08-05 13:50:06.536 24 WARNING cinder.quota [None req-62772777-dd5c-404a-b8fb-d6ab0f2c5de1 eba63a92aad4475a90d45eeee939317f 17aa33d3558d418d8d4f25da5c145009 - - default default] Deprecated: Default quota for resource: gigabytes_tempest-GroupSnapshotsTest-volume-type-436709087 is set by the default quota flag: quota_gigabytes_tempest-GroupSnapshotsTest-volume-type-436709087, it is now deprecated. Please use the default quota class for default quota.
2025-08-05 13:50:06.537 24 WARNING cinder.quota [None req-62772777-dd5c-404a-b8fb-d6ab0f2c5de1 eba63a92aad4475a90d45eeee939317f 17aa33d3558d418d8d4f25da5c145009 - - default default] Deprecated: Default quota for resource: snapshots_tempest-GroupSnapshotsTest-volume-type-436709087 is set by the default quota flag: quota_snapshots_tempest-GroupSnapshotsTest-volume-type-436709087, it is now deprecated. Please use the default quota class for default quota.
2025-08-05 13:50:06.590 24 INFO cinder.api.openstack.wsgi [None req-62772777-dd5c-404a-b8fb-d6ab0f2c5de1 eba63a92aad4475a90d45eeee939317f 17aa33d3558d418d8d4f25da5c145009 - - default default] http://[LB_IP_ADDRESS]:8776/v3/17aa33d3558d418d8d4f25da5c145009/os-quota-sets/4d7b6fad2f854f80b15a5310be6a6568?usage=True returned with HTTP 200
2025-08-05 13:50:06.618 22 INFO cinder.api.openstack.wsgi [None req-6a8f614a-2754-4e92-98d6-080b90276fe6 04dcf0f5ca72494da2fe56c78bf8d933 21076315290d488a9eba9df37148e40d - - default default] POST http://[LB_IP_ADDRESS]:8776/v3/21076315290d488a9eba9df37148e40d/os-volume-transfer
2025-08-05 13:50:06.622 22 INFO cinder.api.contrib.volume_transfer [None req-6a8f614a-2754-4e92-98d6-080b90276fe6 04dcf0f5ca72494da2fe56c78bf8d933 21076315290d488a9eba9df37148e40d - - default default] Creating transfer of volume 6a16e210-adef-4dfb-8c08-bdfcd38c8fd1
2025-08-05 13:50:06.623 22 INFO cinder.transfer.api [None req-6a8f614a-2754-4e92-98d6-080b90276fe6 04dcf0f5ca72494da2fe56c78bf8d933 21076315290d488a9eba9df37148e40d - - default default] Generating transfer record for volume 6a16e210-adef-4dfb-8c08-bdfcd38c8fd1
2025-08-05 13:50:06.656 22 INFO cinder.api.openstack.wsgi [None req-6a8f614a-2754-4e92-98d6-080b90276fe6 04dcf0f5ca72494da2fe56c78bf8d933 21076315290d488a9eba9df37148e40d - - default default] http://[LB_IP_ADDRESS]:8776/v3/21076315290d488a9eba9df37148e40d/os-volume-transfer returned with HTTP 202
2025-08-05 13:50:06.675 25 INFO cinder.api.openstack.wsgi [None req-f303f204-fcc0-436a-88a2-c264419c1f45 015203aa731943d79810f822ba749c78 206ca16d73374ed4ab628f5056f78c25 - - default default] GET http://[LB_IP_ADDRESS]:8776/v3/206ca16d73374ed4ab628f5056f78c25/snapshots/0dbdcaee-9d9b-42ce-b378-48724d7062e5
2025-08-05 13:50:06.685 25 INFO cinder.api.openstack.wsgi [None req-f303f204-fcc0-436a-88a2-c264419c1f45 015203aa731943d79810f822ba749c78 206ca16d73374ed4ab628f5056f78c25 - - default default] http://[LB_IP_ADDRESS]:8776/v3/206ca16d73374ed4ab628f5056f78c25/snapshots/0dbdcaee-9d9b-42ce-b378-48724d7062e5 returned with HTTP 404
2025-08-05 13:50:06.697 21 INFO cinder.api.openstack.wsgi [None req-e7a6ded3-0f6d-4e30-8499-2e21d3a48b41 015203aa731943d79810f822ba749c78 206ca16d73374ed4ab628f5056f78c25 - - default default] GET http://[LB_IP_ADDRESS]:8776/v3/206ca16d73374ed4ab628f5056f78c25/volumes/e52100e6-2e7d-4927-b978-2fdd0ad805da
2025-08-05 13:50:06.721 21 INFO cinder.volume.api [None req-e7a6ded3-0f6d-4e30-8499-2e21d3a48b41 015203aa731943d79810f822ba749c78 206ca16d73374ed4ab628f5056f78c25 - - default default] Volume info retrieved successfully.
2025-08-05 13:50:06.730 21 INFO cinder.api.openstack.wsgi [None req-e7a6ded3-0f6d-4e30-8499-2e21d3a48b41 015203aa731943d79810f822ba749c78 206ca16d73374ed4ab628f5056f78c25 - - default default] http://[LB_IP_ADDRESS]:8776/v3/206ca16d73374ed4ab628f5056f78c25/volumes/e52100e6-2e7d-4927-b978-2fdd0ad805da returned with HTTP 200
2025-08-05 13:50:06.757 24 INFO cinder.api.openstack.wsgi [None req-648817b4-17b3-45b4-8c2c-481525cb4cb0 015203aa731943d79810f822ba749c78 206ca16d73374ed4ab628f5056f78c25 - - default default] DELETE http://[LB_IP_ADDRESS]:8776/v3/206ca16d73374ed4ab628f5056f78c25/volumes/e52100e6-2e7d-4927-b978-2fdd0ad805da
2025-08-05 13:50:06.758 24 INFO cinder.api.v3.volumes [None req-648817b4-17b3-45b4-8c2c-481525cb4cb0 015203aa731943d79810f822ba749c78 206ca16d73374ed4ab628f5056f78c25 - - default default] Delete volume with id: e52100e6-2e7d-4927-b978-2fdd0ad805da 
2025-08-05 13:50:06.775 24 INFO cinder.volume.api [None req-648817b4-17b3-45b4-8c2c-481525cb4cb0 015203aa731943d79810f822ba749c78 206ca16d73374ed4ab628f5056f78c25 - - default default] Volume info retrieved successfully.
2025-08-05 13:50:06.793 23 INFO cinder.api.openstack.wsgi [None req-7e175d05-a7ca-4543-ae89-2d426905e8d0 2f0d6773474f4ba39ec9b11daa0803ab 4d7b6fad2f854f80b15a5310be6a6568 - - default default] POST http://[LB_IP_ADDRESS]:8776/v3/4d7b6fad2f854f80b15a5310be6a6568/os-volume-transfer/6795acd6-e9ee-497b-9d84-aed33d1ad147/accept
2025-08-05 13:50:06.797 23 INFO cinder.api.contrib.volume_transfer [None req-7e175d05-a7ca-4543-ae89-2d426905e8d0 2f0d6773474f4ba39ec9b11daa0803ab 4d7b6fad2f854f80b15a5310be6a6568 - - default default] Accepting transfer 6795acd6-e9ee-497b-9d84-aed33d1ad147
2025-08-05 13:50:06.812 24 INFO cinder.volume.api [None req-648817b4-17b3-45b4-8c2c-481525cb4cb0 015203aa731943d79810f822ba749c78 206ca16d73374ed4ab628f5056f78c25 - - default default] Delete volume request issued successfully.
2025-08-05 13:50:06.813 24 INFO cinder.api.openstack.wsgi [None req-648817b4-17b3-45b4-8c2c-481525cb4cb0 015203aa731943d79810f822ba749c78 206ca16d73374ed4ab628f5056f78c25 - - default default] http://[LB_IP_ADDRESS]:8776/v3/206ca16d73374ed4ab628f5056f78c25/volumes/e52100e6-2e7d-4927-b978-2fdd0ad805da returned with HTTP 202
2025-08-05 13:50:06.824 22 INFO cinder.api.openstack.wsgi [None req-62726e03-4a04-422b-bd9b-d1a64157abf9 015203aa731943d79810f822ba749c78 206ca16d73374ed4ab628f5056f78c25 - - default default] GET http://[LB_IP_ADDRESS]:8776/v3/206ca16d73374ed4ab628f5056f78c25/volumes/e52100e6-2e7d-4927-b978-2fdd0ad805da
2025-08-05 13:50:06.851 22 INFO cinder.volume.api [None req-62726e03-4a04-422b-bd9b-d1a64157abf9 015203aa731943d79810f822ba749c78 206ca16d73374ed4ab628f5056f78c25 - - default default] Volume info retrieved successfully.
2025-08-05 13:50:06.861 22 INFO cinder.api.openstack.wsgi [None req-62726e03-4a04-422b-bd9b-d1a64157abf9 015203aa731943d79810f822ba749c78 206ca16d73374ed4ab628f5056f78c25 - - default default] http://[LB_IP_ADDRESS]:8776/v3/206ca16d73374ed4ab628f5056f78c25/volumes/e52100e6-2e7d-4927-b978-2fdd0ad805da returned with HTTP 200
2025-08-05 13:50:06.879 25 INFO cinder.api.openstack.wsgi [None req-d957a160-1c6a-4a5e-b08c-f622bc4fe8a1 2b3e523bb8e541eabf449b91fc3f37c9 33a9edbede49479cb9dfc8f230bf417e - - default default] GET http://[LB_IP_ADDRESS]:8776/v3/33a9edbede49479cb9dfc8f230bf417e/groups/733eb46d-0ac7-425a-b4c3-f08e28ae9bdc
2025-08-05 13:50:06.905 25 INFO cinder.api.openstack.wsgi [None req-d957a160-1c6a-4a5e-b08c-f622bc4fe8a1 2b3e523bb8e541eabf449b91fc3f37c9 33a9edbede49479cb9dfc8f230bf417e - - default default] http://[LB_IP_ADDRESS]:8776/v3/33a9edbede49479cb9dfc8f230bf417e/groups/733eb46d-0ac7-425a-b4c3-f08e28ae9bdc returned with HTTP 200
2025-08-05 13:50:06.921 21 INFO cinder.api.openstack.wsgi [None req-cc165d6e-5707-4aa9-b37f-da44fcd9fbcb 2b3e523bb8e541eabf449b91fc3f37c9 33a9edbede49479cb9dfc8f230bf417e - - default default] POST http://[LB_IP_ADDRESS]:8776/v3/33a9edbede49479cb9dfc8f230bf417e/volumes
2025-08-05 13:50:06.937 21 INFO cinder.api.v3.volumes [None req-cc165d6e-5707-4aa9-b37f-da44fcd9fbcb 2b3e523bb8e541eabf449b91fc3f37c9 33a9edbede49479cb9dfc8f230bf417e - - default default] Create volume of 1 GB
2025-08-05 13:50:06.948 21 INFO cinder.volume.api [None req-cc165d6e-5707-4aa9-b37f-da44fcd9fbcb 2b3e523bb8e541eabf449b91fc3f37c9 33a9edbede49479cb9dfc8f230bf417e - - default default] Availability Zones retrieved successfully.
2025-08-05 13:50:07.221 21 INFO cinder.volume.api [None req-cc165d6e-5707-4aa9-b37f-da44fcd9fbcb 2b3e523bb8e541eabf449b91fc3f37c9 33a9edbede49479cb9dfc8f230bf417e - - default default] Create volume request issued successfully.
2025-08-05 13:50:07.241 21 INFO cinder.api.openstack.wsgi [None req-cc165d6e-5707-4aa9-b37f-da44fcd9fbcb 2b3e523bb8e541eabf449b91fc3f37c9 33a9edbede49479cb9dfc8f230bf417e - - default default] http://[LB_IP_ADDRESS]:8776/v3/33a9edbede49479cb9dfc8f230bf417e/volumes returned with HTTP 202
2025-08-05 13:50:07.267 24 INFO cinder.api.openstack.wsgi [None req-eab59167-fe38-41ed-9b02-be99a23ff1df 2b3e523bb8e541eabf449b91fc3f37c9 33a9edbede49479cb9dfc8f230bf417e - - default default] GET http://[LB_IP_ADDRESS]:8776/v3/33a9edbede49479cb9dfc8f230bf417e/volumes/26f3b5bd-3480-4710-a6f3-e18bf6d66a46
2025-08-05 13:50:07.291 24 INFO cinder.volume.api [None req-eab59167-fe38-41ed-9b02-be99a23ff1df 2b3e523bb8e541eabf449b91fc3f37c9 33a9edbede49479cb9dfc8f230bf417e - - default default] Volume info retrieved successfully.
2025-08-05 13:50:07.319 24 INFO cinder.api.openstack.wsgi [None req-eab59167-fe38-41ed-9b02-be99a23ff1df 2b3e523bb8e541eabf449b91fc3f37c9 33a9edbede49479cb9dfc8f230bf417e - - default default] http://[LB_IP_ADDRESS]:8776/v3/33a9edbede49479cb9dfc8f230bf417e/volumes/26f3b5bd-3480-4710-a6f3-e18bf6d66a46 returned with HTTP 200
2025-08-05 13:50:07.725 23 INFO cinder.volume.api [None req-7e175d05-a7ca-4543-ae89-2d426905e8d0 2f0d6773474f4ba39ec9b11daa0803ab 4d7b6fad2f854f80b15a5310be6a6568 - - default default] Transfer volume completed successfully.
2025-08-05 13:50:07.833 23 INFO cinder.transfer.api [None req-7e175d05-a7ca-4543-ae89-2d426905e8d0 2f0d6773474f4ba39ec9b11daa0803ab 4d7b6fad2f854f80b15a5310be6a6568 - - default default] Volume 6a16e210-adef-4dfb-8c08-bdfcd38c8fd1 has been transferred.
2025-08-05 13:50:07.849 23 INFO cinder.api.openstack.wsgi [None req-7e175d05-a7ca-4543-ae89-2d426905e8d0 2f0d6773474f4ba39ec9b11daa0803ab 4d7b6fad2f854f80b15a5310be6a6568 - - default default] http://[LB_IP_ADDRESS]:8776/v3/4d7b6fad2f854f80b15a5310be6a6568/os-volume-transfer/6795acd6-e9ee-497b-9d84-aed33d1ad147/accept returned with HTTP 202
2025-08-05 13:50:07.864 22 INFO cinder.api.openstack.wsgi [None req-a7c9fce2-0b8c-4727-b1d7-51bbf4867308 2f0d6773474f4ba39ec9b11daa0803ab 4d7b6fad2f854f80b15a5310be6a6568 - - default default] GET http://[LB_IP_ADDRESS]:8776/v3/4d7b6fad2f854f80b15a5310be6a6568/volumes/6a16e210-adef-4dfb-8c08-bdfcd38c8fd1
2025-08-05 13:50:07.889 25 INFO cinder.api.openstack.wsgi [None req-eac2fac0-ccf0-4200-9889-be6ea9964842 015203aa731943d79810f822ba749c78 206ca16d73374ed4ab628f5056f78c25 - - default default] GET http://[LB_IP_ADDRESS]:8776/v3/206ca16d73374ed4ab628f5056f78c25/volumes/e52100e6-2e7d-4927-b978-2fdd0ad805da
2025-08-05 13:50:07.889 22 INFO cinder.volume.api [None req-a7c9fce2-0b8c-4727-b1d7-51bbf4867308 2f0d6773474f4ba39ec9b11daa0803ab 4d7b6fad2f854f80b15a5310be6a6568 - - default default] Volume info retrieved successfully.
2025-08-05 13:50:07.898 22 INFO cinder.api.openstack.wsgi [None req-a7c9fce2-0b8c-4727-b1d7-51bbf4867308 2f0d6773474f4ba39ec9b11daa0803ab 4d7b6fad2f854f80b15a5310be6a6568 - - default default] http://[LB_IP_ADDRESS]:8776/v3/4d7b6fad2f854f80b15a5310be6a6568/volumes/6a16e210-adef-4dfb-8c08-bdfcd38c8fd1 returned with HTTP 200
2025-08-05 13:50:07.903 25 INFO cinder.api.openstack.wsgi [None req-eac2fac0-ccf0-4200-9889-be6ea9964842 015203aa731943d79810f822ba749c78 206ca16d73374ed4ab628f5056f78c25 - - default default] http://[LB_IP_ADDRESS]:8776/v3/206ca16d73374ed4ab628f5056f78c25/volumes/e52100e6-2e7d-4927-b978-2fdd0ad805da returned with HTTP 404
2025-08-05 13:50:07.927 21 INFO cinder.api.openstack.wsgi [None req-b0c45c4f-60e8-480f-8be5-943930422530 eba63a92aad4475a90d45eeee939317f 17aa33d3558d418d8d4f25da5c145009 - - default default] GET http://[LB_IP_ADDRESS]:8776/v3/17aa33d3558d418d8d4f25da5c145009/os-quota-sets/21076315290d488a9eba9df37148e40d?usage=True
2025-08-05 13:50:08.058 21 INFO cinder.api.openstack.wsgi [None req-b0c45c4f-60e8-480f-8be5-943930422530 eba63a92aad4475a90d45eeee939317f 17aa33d3558d418d8d4f25da5c145009 - - default default] http://[LB_IP_ADDRESS]:8776/v3/17aa33d3558d418d8d4f25da5c145009/os-quota-sets/21076315290d488a9eba9df37148e40d?usage=True returned with HTTP 200
2025-08-05 13:50:08.082 24 INFO cinder.api.openstack.wsgi [None req-027af73b-fe17-47a2-8c53-cf8ae3f2b203 eba63a92aad4475a90d45eeee939317f 17aa33d3558d418d8d4f25da5c145009 - - default default] GET http://[LB_IP_ADDRESS]:8776/v3/17aa33d3558d418d8d4f25da5c145009/os-quota-sets/4d7b6fad2f854f80b15a5310be6a6568?usage=True
2025-08-05 13:50:08.187 24 INFO cinder.api.openstack.wsgi [None req-027af73b-fe17-47a2-8c53-cf8ae3f2b203 eba63a92aad4475a90d45eeee939317f 17aa33d3558d418d8d4f25da5c145009 - - default default] http://[LB_IP_ADDRESS]:8776/v3/17aa33d3558d418d8d4f25da5c145009/os-quota-sets/4d7b6fad2f854f80b15a5310be6a6568?usage=True returned with HTTP 200
2025-08-05 13:50:08.211 23 INFO cinder.api.openstack.wsgi [None req-2ecafa68-c3f3-463b-93b8-0ade11c58721 eba63a92aad4475a90d45eeee939317f 17aa33d3558d418d8d4f25da5c145009 - - default default] DELETE http://[LB_IP_ADDRESS]:8776/v3/17aa33d3558d418d8d4f25da5c145009/volumes/6a16e210-adef-4dfb-8c08-bdfcd38c8fd1
2025-08-05 13:50:08.212 23 INFO cinder.api.v3.volumes [None req-2ecafa68-c3f3-463b-93b8-0ade11c58721 eba63a92aad4475a90d45eeee939317f 17aa33d3558d418d8d4f25da5c145009 - - default default] Delete volume with id: 6a16e210-adef-4dfb-8c08-bdfcd38c8fd1 
2025-08-05 13:50:08.229 23 INFO cinder.volume.api [None req-2ecafa68-c3f3-463b-93b8-0ade11c58721 eba63a92aad4475a90d45eeee939317f 17aa33d3558d418d8d4f25da5c145009 - - default default] Volume info retrieved successfully.
2025-08-05 13:50:08.270 23 INFO cinder.volume.api [None req-2ecafa68-c3f3-463b-93b8-0ade11c58721 eba63a92aad4475a90d45eeee939317f 17aa33d3558d418d8d4f25da5c145009 - - default default] Delete volume request issued successfully.
2025-08-05 13:50:08.271 23 INFO cinder.api.openstack.wsgi [None req-2ecafa68-c3f3-463b-93b8-0ade11c58721 eba63a92aad4475a90d45eeee939317f 17aa33d3558d418d8d4f25da5c145009 - - default default] http://[LB_IP_ADDRESS]:8776/v3/17aa33d3558d418d8d4f25da5c145009/volumes/6a16e210-adef-4dfb-8c08-bdfcd38c8fd1 returned with HTTP 202
2025-08-05 13:50:08.284 22 INFO cinder.api.openstack.wsgi [None req-91b61e49-1091-472d-b51b-1c81b0662fbe eba63a92aad4475a90d45eeee939317f 17aa33d3558d418d8d4f25da5c145009 - - default default] GET http://[LB_IP_ADDRESS]:8776/v3/17aa33d3558d418d8d4f25da5c145009/volumes/6a16e210-adef-4dfb-8c08-bdfcd38c8fd1
2025-08-05 13:50:08.310 22 INFO cinder.volume.api [None req-91b61e49-1091-472d-b51b-1c81b0662fbe eba63a92aad4475a90d45eeee939317f 17aa33d3558d418d8d4f25da5c145009 - - default default] Volume info retrieved successfully.
2025-08-05 13:50:08.319 22 INFO cinder.api.openstack.wsgi [None req-91b61e49-1091-472d-b51b-1c81b0662fbe eba63a92aad4475a90d45eeee939317f 17aa33d3558d418d8d4f25da5c145009 - - default default] http://[LB_IP_ADDRESS]:8776/v3/17aa33d3558d418d8d4f25da5c145009/volumes/6a16e210-adef-4dfb-8c08-bdfcd38c8fd1 returned with HTTP 200
2025-08-05 13:50:08.347 25 INFO cinder.api.openstack.wsgi [None req-0bd5728a-7b49-4d4c-8a4f-b0c616fe07e9 2b3e523bb8e541eabf449b91fc3f37c9 33a9edbede49479cb9dfc8f230bf417e - - default default] GET http://[LB_IP_ADDRESS]:8776/v3/33a9edbede49479cb9dfc8f230bf417e/volumes/26f3b5bd-3480-4710-a6f3-e18bf6d66a46
2025-08-05 13:50:08.372 25 INFO cinder.volume.api [None req-0bd5728a-7b49-4d4c-8a4f-b0c616fe07e9 2b3e523bb8e541eabf449b91fc3f37c9 33a9edbede49479cb9dfc8f230bf417e - - default default] Volume info retrieved successfully.
2025-08-05 13:50:08.402 25 INFO cinder.api.openstack.wsgi [None req-0bd5728a-7b49-4d4c-8a4f-b0c616fe07e9 2b3e523bb8e541eabf449b91fc3f37c9 33a9edbede49479cb9dfc8f230bf417e - - default default] http://[LB_IP_ADDRESS]:8776/v3/33a9edbede49479cb9dfc8f230bf417e/volumes/26f3b5bd-3480-4710-a6f3-e18bf6d66a46 returned with HTTP 200
2025-08-05 13:50:08.430 21 INFO cinder.api.openstack.wsgi [None req-5e4815b7-617f-493f-967d-687da27520f1 2b3e523bb8e541eabf449b91fc3f37c9 33a9edbede49479cb9dfc8f230bf417e - - default default] POST http://[LB_IP_ADDRESS]:8776/v3/33a9edbede49479cb9dfc8f230bf417e/group_snapshots
2025-08-05 13:50:08.448 21 INFO cinder.api.v3.group_snapshots [None req-5e4815b7-617f-493f-967d-687da27520f1 2b3e523bb8e541eabf449b91fc3f37c9 33a9edbede49479cb9dfc8f230bf417e - - default default] Creating group_snapshot tempest-group_snapshot-496349027.
2025-08-05 13:50:08.924 21 INFO cinder.api.openstack.wsgi [None req-5e4815b7-617f-493f-967d-687da27520f1 2b3e523bb8e541eabf449b91fc3f37c9 33a9edbede49479cb9dfc8f230bf417e - - default default] http://[LB_IP_ADDRESS]:8776/v3/33a9edbede49479cb9dfc8f230bf417e/group_snapshots returned with HTTP 202
2025-08-05 13:50:08.938 24 INFO cinder.api.openstack.wsgi [None req-98e310d4-5477-49a3-aa55-51387467e123 2b3e523bb8e541eabf449b91fc3f37c9 33a9edbede49479cb9dfc8f230bf417e - - default default] GET http://[LB_IP_ADDRESS]:8776/v3/33a9edbede49479cb9dfc8f230bf417e/group_snapshots/23e9385f-7781-4fca-8756-9fe9fcecd40c
2025-08-05 13:50:08.953 24 INFO cinder.api.openstack.wsgi [None req-98e310d4-5477-49a3-aa55-51387467e123 2b3e523bb8e541eabf449b91fc3f37c9 33a9edbede49479cb9dfc8f230bf417e - - default default] http://[LB_IP_ADDRESS]:8776/v3/33a9edbede49479cb9dfc8f230bf417e/group_snapshots/23e9385f-7781-4fca-8756-9fe9fcecd40c returned with HTTP 200
2025-08-05 13:50:09.351 23 INFO cinder.api.openstack.wsgi [None req-e7c110d2-6593-49b1-a800-82bbf28d0d10 eba63a92aad4475a90d45eeee939317f 17aa33d3558d418d8d4f25da5c145009 - - default default] GET http://[LB_IP_ADDRESS]:8776/v3/17aa33d3558d418d8d4f25da5c145009/volumes/6a16e210-adef-4dfb-8c08-bdfcd38c8fd1
2025-08-05 13:50:09.367 23 INFO cinder.api.openstack.wsgi [None req-e7c110d2-6593-49b1-a800-82bbf28d0d10 eba63a92aad4475a90d45eeee939317f 17aa33d3558d418d8d4f25da5c145009 - - default default] http://[LB_IP_ADDRESS]:8776/v3/17aa33d3558d418d8d4f25da5c145009/volumes/6a16e210-adef-4dfb-8c08-bdfcd38c8fd1 returned with HTTP 404
2025-08-05 13:50:09.379 22 INFO cinder.api.openstack.wsgi [None req-b000816d-300b-43e4-a90c-a5e3316973d5 04dcf0f5ca72494da2fe56c78bf8d933 21076315290d488a9eba9df37148e40d - - default default] GET http://[LB_IP_ADDRESS]:8776/v3/21076315290d488a9eba9df37148e40d/volumes/6a16e210-adef-4dfb-8c08-bdfcd38c8fd1
2025-08-05 13:50:09.393 22 INFO cinder.api.openstack.wsgi [None req-b000816d-300b-43e4-a90c-a5e3316973d5 04dcf0f5ca72494da2fe56c78bf8d933 21076315290d488a9eba9df37148e40d - - default default] http://[LB_IP_ADDRESS]:8776/v3/21076315290d488a9eba9df37148e40d/volumes/6a16e210-adef-4dfb-8c08-bdfcd38c8fd1 returned with HTTP 404
2025-08-05 13:50:09.404 25 INFO cinder.api.openstack.wsgi [None req-d1dcabe5-769e-44b7-809e-b313db4eafc5 04dcf0f5ca72494da2fe56c78bf8d933 21076315290d488a9eba9df37148e40d - - default default] DELETE http://[LB_IP_ADDRESS]:8776/v3/21076315290d488a9eba9df37148e40d/volumes/6a16e210-adef-4dfb-8c08-bdfcd38c8fd1
2025-08-05 13:50:09.406 25 INFO cinder.api.v3.volumes [None req-d1dcabe5-769e-44b7-809e-b313db4eafc5 04dcf0f5ca72494da2fe56c78bf8d933 21076315290d488a9eba9df37148e40d - - default default] Delete volume with id: 6a16e210-adef-4dfb-8c08-bdfcd38c8fd1 
2025-08-05 13:50:09.419 25 INFO cinder.api.openstack.wsgi [None req-d1dcabe5-769e-44b7-809e-b313db4eafc5 04dcf0f5ca72494da2fe56c78bf8d933 21076315290d488a9eba9df37148e40d - - default default] http://[LB_IP_ADDRESS]:8776/v3/21076315290d488a9eba9df37148e40d/volumes/6a16e210-adef-4dfb-8c08-bdfcd38c8fd1 returned with HTTP 404
2025-08-05 13:50:09.434 21 INFO cinder.api.openstack.wsgi [None req-3806696a-5e78-4a84-80a4-2b58335b5ab5 eba63a92aad4475a90d45eeee939317f 17aa33d3558d418d8d4f25da5c145009 - - default default] GET http://[LB_IP_ADDRESS]:8776/v3/17aa33d3558d418d8d4f25da5c145009/os-quota-sets/17aa33d3558d418d8d4f25da5c145009?usage=True
2025-08-05 13:50:09.537 21 INFO cinder.api.openstack.wsgi [None req-3806696a-5e78-4a84-80a4-2b58335b5ab5 eba63a92aad4475a90d45eeee939317f 17aa33d3558d418d8d4f25da5c145009 - - default default] http://[LB_IP_ADDRESS]:8776/v3/17aa33d3558d418d8d4f25da5c145009/os-quota-sets/17aa33d3558d418d8d4f25da5c145009?usage=True returned with HTTP 200
2025-08-05 13:50:09.563 24 INFO cinder.api.openstack.wsgi [None req-2c80e3f2-154e-48c2-998f-66c8c5ee6be9 eba63a92aad4475a90d45eeee939317f 17aa33d3558d418d8d4f25da5c145009 - - default default] PUT http://[LB_IP_ADDRESS]:8776/v3/17aa33d3558d418d8d4f25da5c145009/os-quota-sets/21076315290d488a9eba9df37148e40d
2025-08-05 13:50:09.835 24 INFO cinder.api.openstack.wsgi [None req-2c80e3f2-154e-48c2-998f-66c8c5ee6be9 eba63a92aad4475a90d45eeee939317f 17aa33d3558d418d8d4f25da5c145009 - - default default] http://[LB_IP_ADDRESS]:8776/v3/17aa33d3558d418d8d4f25da5c145009/os-quota-sets/21076315290d488a9eba9df37148e40d returned with HTTP 200
2025-08-05 13:50:09.851 23 INFO cinder.api.openstack.wsgi [None req-35830c12-10fc-4728-adc1-566446e9e773 eba63a92aad4475a90d45eeee939317f 17aa33d3558d418d8d4f25da5c145009 - - default default] PUT http://[LB_IP_ADDRESS]:8776/v3/17aa33d3558d418d8d4f25da5c145009/os-quota-sets/21076315290d488a9eba9df37148e40d
2025-08-05 13:50:09.968 22 INFO cinder.api.openstack.wsgi [None req-c39427a7-54b5-4f51-a36a-12f81372cbaf 2b3e523bb8e541eabf449b91fc3f37c9 33a9edbede49479cb9dfc8f230bf417e - - default default] GET http://[LB_IP_ADDRESS]:8776/v3/33a9edbede49479cb9dfc8f230bf417e/group_snapshots/23e9385f-7781-4fca-8756-9fe9fcecd40c
2025-08-05 13:50:09.984 22 INFO cinder.api.openstack.wsgi [None req-c39427a7-54b5-4f51-a36a-12f81372cbaf 2b3e523bb8e541eabf449b91fc3f37c9 33a9edbede49479cb9dfc8f230bf417e - - default default] http://[LB_IP_ADDRESS]:8776/v3/33a9edbede49479cb9dfc8f230bf417e/group_snapshots/23e9385f-7781-4fca-8756-9fe9fcecd40c returned with HTTP 200
2025-08-05 13:50:10.078 23 WARNING cinder.quota [None req-35830c12-10fc-4728-adc1-566446e9e773 eba63a92aad4475a90d45eeee939317f 17aa33d3558d418d8d4f25da5c145009 - - default default] Deprecated: Default quota for resource: volumes_tempest-GroupSnapshotsTest-volume-type-436709087 is set by the default quota flag: quota_volumes_tempest-GroupSnapshotsTest-volume-type-436709087, it is now deprecated. Please use the default quota class for default quota.
2025-08-05 13:50:10.079 23 WARNING cinder.quota [None req-35830c12-10fc-4728-adc1-566446e9e773 eba63a92aad4475a90d45eeee939317f 17aa33d3558d418d8d4f25da5c145009 - - default default] Deprecated: Default quota for resource: gigabytes_tempest-GroupSnapshotsTest-volume-type-436709087 is set by the default quota flag: quota_gigabytes_tempest-GroupSnapshotsTest-volume-type-436709087, it is now deprecated. Please use the default quota class for default quota.
2025-08-05 13:50:10.080 23 WARNING cinder.quota [None req-35830c12-10fc-4728-adc1-566446e9e773 eba63a92aad4475a90d45eeee939317f 17aa33d3558d418d8d4f25da5c145009 - - default default] Deprecated: Default quota for resource: snapshots_tempest-GroupSnapshotsTest-volume-type-436709087 is set by the default quota flag: quota_snapshots_tempest-GroupSnapshotsTest-volume-type-436709087, it is now deprecated. Please use the default quota class for default quota.
2025-08-05 13:50:10.130 23 INFO cinder.api.openstack.wsgi [None req-35830c12-10fc-4728-adc1-566446e9e773 eba63a92aad4475a90d45eeee939317f 17aa33d3558d418d8d4f25da5c145009 - - default default] http://[LB_IP_ADDRESS]:8776/v3/17aa33d3558d418d8d4f25da5c145009/os-quota-sets/21076315290d488a9eba9df37148e40d returned with HTTP 200
2025-08-05 13:50:10.999 25 INFO cinder.api.openstack.wsgi [None req-91a5d64c-40aa-4914-bd62-9dfdd9afce43 2b3e523bb8e541eabf449b91fc3f37c9 33a9edbede49479cb9dfc8f230bf417e - - default default] GET http://[LB_IP_ADDRESS]:8776/v3/33a9edbede49479cb9dfc8f230bf417e/group_snapshots/23e9385f-7781-4fca-8756-9fe9fcecd40c
2025-08-05 13:50:11.014 25 INFO cinder.api.openstack.wsgi [None req-91a5d64c-40aa-4914-bd62-9dfdd9afce43 2b3e523bb8e541eabf449b91fc3f37c9 33a9edbede49479cb9dfc8f230bf417e - - default default] http://[LB_IP_ADDRESS]:8776/v3/33a9edbede49479cb9dfc8f230bf417e/group_snapshots/23e9385f-7781-4fca-8756-9fe9fcecd40c returned with HTTP 200
2025-08-05 13:50:11.028 21 INFO cinder.api.openstack.wsgi [None req-effe1379-921b-4e08-85fa-b37f18f8df8a 2b3e523bb8e541eabf449b91fc3f37c9 33a9edbede49479cb9dfc8f230bf417e - - default default] GET http://[LB_IP_ADDRESS]:8776/v3/33a9edbede49479cb9dfc8f230bf417e/snapshots/detail
2025-08-05 13:50:11.037 21 INFO cinder.volume.api [None req-effe1379-921b-4e08-85fa-b37f18f8df8a 2b3e523bb8e541eabf449b91fc3f37c9 33a9edbede49479cb9dfc8f230bf417e - - default default] Get all snapshots completed successfully.
2025-08-05 13:50:11.039 21 INFO cinder.api.openstack.wsgi [None req-effe1379-921b-4e08-85fa-b37f18f8df8a 2b3e523bb8e541eabf449b91fc3f37c9 33a9edbede49479cb9dfc8f230bf417e - - default default] http://[LB_IP_ADDRESS]:8776/v3/33a9edbede49479cb9dfc8f230bf417e/snapshots/detail returned with HTTP 200
2025-08-05 13:50:11.057 24 INFO cinder.api.openstack.wsgi [None req-aba1c9da-beaa-4cdf-a243-23cbedaf46cb 2b3e523bb8e541eabf449b91fc3f37c9 33a9edbede49479cb9dfc8f230bf417e - - default default] GET http://[LB_IP_ADDRESS]:8776/v3/33a9edbede49479cb9dfc8f230bf417e/snapshots/718add9e-e5de-4801-8ffc-3946dba1ca7b
2025-08-05 13:50:11.069 24 INFO cinder.volume.api [None req-aba1c9da-beaa-4cdf-a243-23cbedaf46cb 2b3e523bb8e541eabf449b91fc3f37c9 33a9edbede49479cb9dfc8f230bf417e - - default default] Snapshot retrieved successfully.
2025-08-05 13:50:11.071 24 INFO cinder.api.openstack.wsgi [None req-aba1c9da-beaa-4cdf-a243-23cbedaf46cb 2b3e523bb8e541eabf449b91fc3f37c9 33a9edbede49479cb9dfc8f230bf417e - - default default] http://[LB_IP_ADDRESS]:8776/v3/33a9edbede49479cb9dfc8f230bf417e/snapshots/718add9e-e5de-4801-8ffc-3946dba1ca7b returned with HTTP 200
2025-08-05 13:50:11.087 22 INFO cinder.api.openstack.wsgi [None req-d0bc3ec6-2b48-421e-94bc-6039875a353d 2b3e523bb8e541eabf449b91fc3f37c9 33a9edbede49479cb9dfc8f230bf417e - - default default] GET http://[LB_IP_ADDRESS]:8776/v3/33a9edbede49479cb9dfc8f230bf417e/group_snapshots/23e9385f-7781-4fca-8756-9fe9fcecd40c
2025-08-05 13:50:11.101 22 INFO cinder.api.openstack.wsgi [None req-d0bc3ec6-2b48-421e-94bc-6039875a353d 2b3e523bb8e541eabf449b91fc3f37c9 33a9edbede49479cb9dfc8f230bf417e - - default default] http://[LB_IP_ADDRESS]:8776/v3/33a9edbede49479cb9dfc8f230bf417e/group_snapshots/23e9385f-7781-4fca-8756-9fe9fcecd40c returned with HTTP 200
2025-08-05 13:50:11.114 23 INFO cinder.api.openstack.wsgi [None req-0bda46a5-e107-45fc-a4aa-393181a03d2a 2b3e523bb8e541eabf449b91fc3f37c9 33a9edbede49479cb9dfc8f230bf417e - - default default] GET http://[LB_IP_ADDRESS]:8776/v3/33a9edbede49479cb9dfc8f230bf417e/group_snapshots/detail
2025-08-05 13:50:11.128 23 INFO cinder.api.openstack.wsgi [None req-0bda46a5-e107-45fc-a4aa-393181a03d2a 2b3e523bb8e541eabf449b91fc3f37c9 33a9edbede49479cb9dfc8f230bf417e - - default default] http://[LB_IP_ADDRESS]:8776/v3/33a9edbede49479cb9dfc8f230bf417e/group_snapshots/detail returned with HTTP 200
2025-08-05 13:50:11.142 25 INFO cinder.api.openstack.wsgi [None req-9eb1c8ab-f0c8-41c8-a679-ad33f222b921 2b3e523bb8e541eabf449b91fc3f37c9 33a9edbede49479cb9dfc8f230bf417e - - default default] DELETE http://[LB_IP_ADDRESS]:8776/v3/33a9edbede49479cb9dfc8f230bf417e/group_snapshots/23e9385f-7781-4fca-8756-9fe9fcecd40c
2025-08-05 13:50:11.143 25 INFO cinder.api.v3.group_snapshots [None req-9eb1c8ab-f0c8-41c8-a679-ad33f222b921 2b3e523bb8e541eabf449b91fc3f37c9 33a9edbede49479cb9dfc8f230bf417e - - default default] Delete group_snapshot with id: 23e9385f-7781-4fca-8756-9fe9fcecd40c
2025-08-05 13:50:11.194 25 INFO cinder.api.openstack.wsgi [None req-9eb1c8ab-f0c8-41c8-a679-ad33f222b921 2b3e523bb8e541eabf449b91fc3f37c9 33a9edbede49479cb9dfc8f230bf417e - - default default] http://[LB_IP_ADDRESS]:8776/v3/33a9edbede49479cb9dfc8f230bf417e/group_snapshots/23e9385f-7781-4fca-8756-9fe9fcecd40c returned with HTTP 202
2025-08-05 13:50:11.205 21 INFO cinder.api.openstack.wsgi [None req-dbb372f9-0184-4f32-9381-e1bbbab63d5d 2b3e523bb8e541eabf449b91fc3f37c9 33a9edbede49479cb9dfc8f230bf417e - - default default] GET http://[LB_IP_ADDRESS]:8776/v3/33a9edbede49479cb9dfc8f230bf417e/volumes/detail
2025-08-05 13:50:11.224 21 INFO cinder.volume.api [None req-dbb372f9-0184-4f32-9381-e1bbbab63d5d 2b3e523bb8e541eabf449b91fc3f37c9 33a9edbede49479cb9dfc8f230bf417e - - default default] Get all volumes completed successfully.
2025-08-05 13:50:11.252 21 INFO cinder.api.openstack.wsgi [None req-dbb372f9-0184-4f32-9381-e1bbbab63d5d 2b3e523bb8e541eabf449b91fc3f37c9 33a9edbede49479cb9dfc8f230bf417e - - default default] http://[LB_IP_ADDRESS]:8776/v3/33a9edbede49479cb9dfc8f230bf417e/volumes/detail returned with HTTP 200
2025-08-05 13:50:11.281 24 INFO cinder.api.openstack.wsgi [None req-8f3814f0-b1c0-4b31-abed-47ed89d6455c 2b3e523bb8e541eabf449b91fc3f37c9 33a9edbede49479cb9dfc8f230bf417e - - default default] GET http://[LB_IP_ADDRESS]:8776/v3/33a9edbede49479cb9dfc8f230bf417e/snapshots/detail
2025-08-05 13:50:11.292 24 INFO cinder.volume.api [None req-8f3814f0-b1c0-4b31-abed-47ed89d6455c 2b3e523bb8e541eabf449b91fc3f37c9 33a9edbede49479cb9dfc8f230bf417e - - default default] Get all snapshots completed successfully.
2025-08-05 13:50:11.295 24 INFO cinder.api.openstack.wsgi [None req-8f3814f0-b1c0-4b31-abed-47ed89d6455c 2b3e523bb8e541eabf449b91fc3f37c9 33a9edbede49479cb9dfc8f230bf417e - - default default] http://[LB_IP_ADDRESS]:8776/v3/33a9edbede49479cb9dfc8f230bf417e/snapshots/detail returned with HTTP 200
2025-08-05 13:50:11.312 22 INFO cinder.api.openstack.wsgi [None req-d975ff74-0c4f-4027-a6c4-43a730bcb0dd 2b3e523bb8e541eabf449b91fc3f37c9 33a9edbede49479cb9dfc8f230bf417e - - default default] GET http://[LB_IP_ADDRESS]:8776/v3/33a9edbede49479cb9dfc8f230bf417e/snapshots/718add9e-e5de-4801-8ffc-3946dba1ca7b
2025-08-05 13:50:11.325 22 INFO cinder.volume.api [None req-d975ff74-0c4f-4027-a6c4-43a730bcb0dd 2b3e523bb8e541eabf449b91fc3f37c9 33a9edbede49479cb9dfc8f230bf417e - - default default] Snapshot retrieved successfully.
2025-08-05 13:50:11.327 22 INFO cinder.api.openstack.wsgi [None req-d975ff74-0c4f-4027-a6c4-43a730bcb0dd 2b3e523bb8e541eabf449b91fc3f37c9 33a9edbede49479cb9dfc8f230bf417e - - default default] http://[LB_IP_ADDRESS]:8776/v3/33a9edbede49479cb9dfc8f230bf417e/snapshots/718add9e-e5de-4801-8ffc-3946dba1ca7b returned with HTTP 200
2025-08-05 13:50:12.344 23 INFO cinder.api.openstack.wsgi [None req-a95699e8-9f77-4511-b8c0-7c4dc2246e50 2b3e523bb8e541eabf449b91fc3f37c9 33a9edbede49479cb9dfc8f230bf417e - - default default] GET http://[LB_IP_ADDRESS]:8776/v3/33a9edbede49479cb9dfc8f230bf417e/snapshots/718add9e-e5de-4801-8ffc-3946dba1ca7b
2025-08-05 13:50:12.354 23 INFO cinder.api.openstack.wsgi [None req-a95699e8-9f77-4511-b8c0-7c4dc2246e50 2b3e523bb8e541eabf449b91fc3f37c9 33a9edbede49479cb9dfc8f230bf417e - - default default] http://[LB_IP_ADDRESS]:8776/v3/33a9edbede49479cb9dfc8f230bf417e/snapshots/718add9e-e5de-4801-8ffc-3946dba1ca7b returned with HTTP 404
2025-08-05 13:50:12.365 25 INFO cinder.api.openstack.wsgi [None req-0dc89cec-dde4-4638-8f06-61a453c3fd1d 2b3e523bb8e541eabf449b91fc3f37c9 33a9edbede49479cb9dfc8f230bf417e - - default default] GET http://[LB_IP_ADDRESS]:8776/v3/33a9edbede49479cb9dfc8f230bf417e/group_snapshots/23e9385f-7781-4fca-8756-9fe9fcecd40c
2025-08-05 13:50:12.371 25 INFO cinder.api.openstack.wsgi [None req-0dc89cec-dde4-4638-8f06-61a453c3fd1d 2b3e523bb8e541eabf449b91fc3f37c9 33a9edbede49479cb9dfc8f230bf417e - - default default] http://[LB_IP_ADDRESS]:8776/v3/33a9edbede49479cb9dfc8f230bf417e/group_snapshots/23e9385f-7781-4fca-8756-9fe9fcecd40c returned with HTTP 404
2025-08-05 13:50:12.382 21 INFO cinder.api.openstack.wsgi [None req-decc9b15-4897-479c-b9cb-bfac0eb59fb8 2b3e523bb8e541eabf449b91fc3f37c9 33a9edbede49479cb9dfc8f230bf417e - - default default] GET http://[LB_IP_ADDRESS]:8776/v3/33a9edbede49479cb9dfc8f230bf417e/group_snapshots
2025-08-05 13:50:12.389 21 INFO cinder.api.openstack.wsgi [None req-decc9b15-4897-479c-b9cb-bfac0eb59fb8 2b3e523bb8e541eabf449b91fc3f37c9 33a9edbede49479cb9dfc8f230bf417e - - default default] http://[LB_IP_ADDRESS]:8776/v3/33a9edbede49479cb9dfc8f230bf417e/group_snapshots returned with HTTP 200
2025-08-05 13:50:12.403 24 INFO cinder.api.openstack.wsgi [None req-f017f23a-f9c9-4801-b88d-8199a1bfbf9c 2b3e523bb8e541eabf449b91fc3f37c9 33a9edbede49479cb9dfc8f230bf417e - - default default] DELETE http://[LB_IP_ADDRESS]:8776/v3/33a9edbede49479cb9dfc8f230bf417e/group_snapshots/23e9385f-7781-4fca-8756-9fe9fcecd40c
2025-08-05 13:50:12.404 24 INFO cinder.api.v3.group_snapshots [None req-f017f23a-f9c9-4801-b88d-8199a1bfbf9c 2b3e523bb8e541eabf449b91fc3f37c9 33a9edbede49479cb9dfc8f230bf417e - - default default] Delete group_snapshot with id: 23e9385f-7781-4fca-8756-9fe9fcecd40c
2025-08-05 13:50:12.410 24 INFO cinder.api.openstack.wsgi [None req-f017f23a-f9c9-4801-b88d-8199a1bfbf9c 2b3e523bb8e541eabf449b91fc3f37c9 33a9edbede49479cb9dfc8f230bf417e - - default default] http://[LB_IP_ADDRESS]:8776/v3/33a9edbede49479cb9dfc8f230bf417e/group_snapshots/23e9385f-7781-4fca-8756-9fe9fcecd40c returned with HTTP 404
2025-08-05 13:50:12.421 22 INFO cinder.api.openstack.wsgi [None req-ebfc8b11-3f44-43e0-ad8e-e60a4b64d5d7 2b3e523bb8e541eabf449b91fc3f37c9 33a9edbede49479cb9dfc8f230bf417e - - default default] GET http://[LB_IP_ADDRESS]:8776/v3/33a9edbede49479cb9dfc8f230bf417e/volumes/detail
2025-08-05 13:50:12.441 22 INFO cinder.volume.api [None req-ebfc8b11-3f44-43e0-ad8e-e60a4b64d5d7 2b3e523bb8e541eabf449b91fc3f37c9 33a9edbede49479cb9dfc8f230bf417e - - default default] Get all volumes completed successfully.
2025-08-05 13:50:12.471 22 INFO cinder.api.openstack.wsgi [None req-ebfc8b11-3f44-43e0-ad8e-e60a4b64d5d7 2b3e523bb8e541eabf449b91fc3f37c9 33a9edbede49479cb9dfc8f230bf417e - - default default] http://[LB_IP_ADDRESS]:8776/v3/33a9edbede49479cb9dfc8f230bf417e/volumes/detail returned with HTTP 200
2025-08-05 13:50:12.498 23 INFO cinder.api.openstack.wsgi [None req-7be3798b-a51d-4011-9f0a-7e5fa1e42e10 2b3e523bb8e541eabf449b91fc3f37c9 33a9edbede49479cb9dfc8f230bf417e - - default default] POST http://[LB_IP_ADDRESS]:8776/v3/33a9edbede49479cb9dfc8f230bf417e/groups/733eb46d-0ac7-425a-b4c3-f08e28ae9bdc/action
2025-08-05 13:50:12.501 23 INFO cinder.api.v3.groups [None req-7be3798b-a51d-4011-9f0a-7e5fa1e42e10 2b3e523bb8e541eabf449b91fc3f37c9 33a9edbede49479cb9dfc8f230bf417e - - default default] Delete group with id: 733eb46d-0ac7-425a-b4c3-f08e28ae9bdc
2025-08-05 13:50:12.560 23 INFO cinder.api.openstack.wsgi [None req-7be3798b-a51d-4011-9f0a-7e5fa1e42e10 2b3e523bb8e541eabf449b91fc3f37c9 33a9edbede49479cb9dfc8f230bf417e - - default default] http://[LB_IP_ADDRESS]:8776/v3/33a9edbede49479cb9dfc8f230bf417e/groups/733eb46d-0ac7-425a-b4c3-f08e28ae9bdc/action returned with HTTP 202
2025-08-05 13:50:12.570 25 INFO cinder.api.openstack.wsgi [None req-225d9058-0c6e-4b7c-bc25-fc2bace1da92 2b3e523bb8e541eabf449b91fc3f37c9 33a9edbede49479cb9dfc8f230bf417e - - default default] GET http://[LB_IP_ADDRESS]:8776/v3/33a9edbede49479cb9dfc8f230bf417e/volumes/26f3b5bd-3480-4710-a6f3-e18bf6d66a46
2025-08-05 13:50:12.588 25 INFO cinder.volume.api [None req-225d9058-0c6e-4b7c-bc25-fc2bace1da92 2b3e523bb8e541eabf449b91fc3f37c9 33a9edbede49479cb9dfc8f230bf417e - - default default] Volume info retrieved successfully.
2025-08-05 13:50:12.609 25 INFO cinder.api.openstack.wsgi [None req-225d9058-0c6e-4b7c-bc25-fc2bace1da92 2b3e523bb8e541eabf449b91fc3f37c9 33a9edbede49479cb9dfc8f230bf417e - - default default] http://[LB_IP_ADDRESS]:8776/v3/33a9edbede49479cb9dfc8f230bf417e/volumes/26f3b5bd-3480-4710-a6f3-e18bf6d66a46 returned with HTTP 200
2025-08-05 13:50:13.474 21 INFO cinder.api.openstack.wsgi [None req-47eed8d8-6725-4e7d-a900-69efb3f083da 5d5d754bc537447ea77afacb160d1549 287e6b939e4543ac947bd6a064764512 - - default default] POST http://[LB_IP_ADDRESS]:8776/v3/287e6b939e4543ac947bd6a064764512/types
2025-08-05 13:50:13.507 21 INFO cinder.api.openstack.wsgi [None req-47eed8d8-6725-4e7d-a900-69efb3f083da 5d5d754bc537447ea77afacb160d1549 287e6b939e4543ac947bd6a064764512 - - default default] http://[LB_IP_ADDRESS]:8776/v3/287e6b939e4543ac947bd6a064764512/types returned with HTTP 200
2025-08-05 13:50:13.634 24 INFO cinder.api.openstack.wsgi [None req-4373a4a8-cff4-44eb-a0d1-518f68221bab ad49f3758eea4863b68ca2beb981fb9d cf0f6dc94f0d4fda9aaa75026b3e2782 - - default default] POST http://[LB_IP_ADDRESS]:8776/v3/cf0f6dc94f0d4fda9aaa75026b3e2782/volumes
2025-08-05 13:50:13.637 22 INFO cinder.api.openstack.wsgi [None req-a2cf1a8c-b84b-4c16-b105-ff99cc31d861 2b3e523bb8e541eabf449b91fc3f37c9 33a9edbede49479cb9dfc8f230bf417e - - default default] GET http://[LB_IP_ADDRESS]:8776/v3/33a9edbede49479cb9dfc8f230bf417e/volumes/26f3b5bd-3480-4710-a6f3-e18bf6d66a46
2025-08-05 13:50:13.646 24 INFO cinder.api.v3.volumes [None req-4373a4a8-cff4-44eb-a0d1-518f68221bab ad49f3758eea4863b68ca2beb981fb9d cf0f6dc94f0d4fda9aaa75026b3e2782 - - default default] Create volume of 1 GB
2025-08-05 13:50:13.648 24 INFO cinder.volume.api [None req-4373a4a8-cff4-44eb-a0d1-518f68221bab ad49f3758eea4863b68ca2beb981fb9d cf0f6dc94f0d4fda9aaa75026b3e2782 - - default default] Availability Zones retrieved successfully.
2025-08-05 13:50:13.652 22 INFO cinder.api.openstack.wsgi [None req-a2cf1a8c-b84b-4c16-b105-ff99cc31d861 2b3e523bb8e541eabf449b91fc3f37c9 33a9edbede49479cb9dfc8f230bf417e - - default default] http://[LB_IP_ADDRESS]:8776/v3/33a9edbede49479cb9dfc8f230bf417e/volumes/26f3b5bd-3480-4710-a6f3-e18bf6d66a46 returned with HTTP 404
2025-08-05 13:50:13.665 23 INFO cinder.api.openstack.wsgi [None req-19436161-fc8b-4dc7-a177-3db8f3f05f43 2b3e523bb8e541eabf449b91fc3f37c9 33a9edbede49479cb9dfc8f230bf417e - - default default] GET http://[LB_IP_ADDRESS]:8776/v3/33a9edbede49479cb9dfc8f230bf417e/groups/733eb46d-0ac7-425a-b4c3-f08e28ae9bdc
2025-08-05 13:50:13.673 23 INFO cinder.api.openstack.wsgi [None req-19436161-fc8b-4dc7-a177-3db8f3f05f43 2b3e523bb8e541eabf449b91fc3f37c9 33a9edbede49479cb9dfc8f230bf417e - - default default] http://[LB_IP_ADDRESS]:8776/v3/33a9edbede49479cb9dfc8f230bf417e/groups/733eb46d-0ac7-425a-b4c3-f08e28ae9bdc returned with HTTP 404
2025-08-05 13:50:13.685 25 INFO cinder.api.openstack.wsgi [None req-8df5707a-817a-4fc1-a4a7-87e541c847f3 20695bb49334498cbd9be909cc87e978 607b20e10ea44a42be28662c7b1ac18d - - default default] DELETE http://[LB_IP_ADDRESS]:8776/v3/607b20e10ea44a42be28662c7b1ac18d/group_types/e91f49b4-aa31-4112-a121-9e7fd7904e83
2025-08-05 13:50:13.707 25 INFO cinder.api.openstack.wsgi [None req-8df5707a-817a-4fc1-a4a7-87e541c847f3 20695bb49334498cbd9be909cc87e978 607b20e10ea44a42be28662c7b1ac18d - - default default] http://[LB_IP_ADDRESS]:8776/v3/607b20e10ea44a42be28662c7b1ac18d/group_types/e91f49b4-aa31-4112-a121-9e7fd7904e83 returned with HTTP 202
2025-08-05 13:50:13.718 21 INFO cinder.api.openstack.wsgi [None req-fc3f98f5-6f38-4782-bc84-80d347442fae 20695bb49334498cbd9be909cc87e978 607b20e10ea44a42be28662c7b1ac18d - - default default] DELETE http://[LB_IP_ADDRESS]:8776/v3/607b20e10ea44a42be28662c7b1ac18d/types/f06f37fa-639a-43f6-b3fd-57e63400b3fc
2025-08-05 13:50:13.768 21 INFO cinder.api.openstack.wsgi [None req-fc3f98f5-6f38-4782-bc84-80d347442fae 20695bb49334498cbd9be909cc87e978 607b20e10ea44a42be28662c7b1ac18d - - default default] http://[LB_IP_ADDRESS]:8776/v3/607b20e10ea44a42be28662c7b1ac18d/types/f06f37fa-639a-43f6-b3fd-57e63400b3fc returned with HTTP 202
2025-08-05 13:50:13.780 22 INFO cinder.api.openstack.wsgi [None req-dffb2dcc-ec00-4f97-8c96-ca70aa0e2acb 20695bb49334498cbd9be909cc87e978 607b20e10ea44a42be28662c7b1ac18d - - default default] GET http://[LB_IP_ADDRESS]:8776/v3/607b20e10ea44a42be28662c7b1ac18d/types/f06f37fa-639a-43f6-b3fd-57e63400b3fc
2025-08-05 13:50:13.786 22 INFO cinder.api.openstack.wsgi [None req-dffb2dcc-ec00-4f97-8c96-ca70aa0e2acb 20695bb49334498cbd9be909cc87e978 607b20e10ea44a42be28662c7b1ac18d - - default default] http://[LB_IP_ADDRESS]:8776/v3/607b20e10ea44a42be28662c7b1ac18d/types/f06f37fa-639a-43f6-b3fd-57e63400b3fc returned with HTTP 404
2025-08-05 13:50:13.839 24 WARNING cinder.quota [None req-4373a4a8-cff4-44eb-a0d1-518f68221bab ad49f3758eea4863b68ca2beb981fb9d cf0f6dc94f0d4fda9aaa75026b3e2782 - - default default] Deprecated: Default quota for resource: volumes_tempest-UserMessagesTest-volume-type-880141918 is set by the default quota flag: quota_volumes_tempest-UserMessagesTest-volume-type-880141918, it is now deprecated. Please use the default quota class for default quota.
2025-08-05 13:50:13.841 24 WARNING cinder.quota [None req-4373a4a8-cff4-44eb-a0d1-518f68221bab ad49f3758eea4863b68ca2beb981fb9d cf0f6dc94f0d4fda9aaa75026b3e2782 - - default default] Deprecated: Default quota for resource: gigabytes_tempest-UserMessagesTest-volume-type-880141918 is set by the default quota flag: quota_gigabytes_tempest-UserMessagesTest-volume-type-880141918, it is now deprecated. Please use the default quota class for default quota.
2025-08-05 13:50:13.945 24 INFO cinder.volume.api [None req-4373a4a8-cff4-44eb-a0d1-518f68221bab ad49f3758eea4863b68ca2beb981fb9d cf0f6dc94f0d4fda9aaa75026b3e2782 - - default default] Create volume request issued successfully.
2025-08-05 13:50:13.947 24 INFO cinder.api.openstack.wsgi [None req-4373a4a8-cff4-44eb-a0d1-518f68221bab ad49f3758eea4863b68ca2beb981fb9d cf0f6dc94f0d4fda9aaa75026b3e2782 - - default default] http://[LB_IP_ADDRESS]:8776/v3/cf0f6dc94f0d4fda9aaa75026b3e2782/volumes returned with HTTP 202
2025-08-05 13:50:13.973 23 INFO cinder.api.openstack.wsgi [None req-c11079ab-1237-4d50-b9c1-ac7c105e2521 ad49f3758eea4863b68ca2beb981fb9d cf0f6dc94f0d4fda9aaa75026b3e2782 - - default default] GET http://[LB_IP_ADDRESS]:8776/v3/cf0f6dc94f0d4fda9aaa75026b3e2782/volumes/9a51fc5f-ddf0-41c3-982b-c22342e18291
2025-08-05 13:50:13.999 23 INFO cinder.volume.api [None req-c11079ab-1237-4d50-b9c1-ac7c105e2521 ad49f3758eea4863b68ca2beb981fb9d cf0f6dc94f0d4fda9aaa75026b3e2782 - - default default] Volume info retrieved successfully.
2025-08-05 13:50:14.008 23 INFO cinder.api.openstack.wsgi [None req-c11079ab-1237-4d50-b9c1-ac7c105e2521 ad49f3758eea4863b68ca2beb981fb9d cf0f6dc94f0d4fda9aaa75026b3e2782 - - default default] http://[LB_IP_ADDRESS]:8776/v3/cf0f6dc94f0d4fda9aaa75026b3e2782/volumes/9a51fc5f-ddf0-41c3-982b-c22342e18291 returned with HTTP 200
2025-08-05 13:50:15.036 25 INFO cinder.api.openstack.wsgi [None req-2c0b6a6b-accd-409a-9185-b1e4532605cb ad49f3758eea4863b68ca2beb981fb9d cf0f6dc94f0d4fda9aaa75026b3e2782 - - default default] GET http://[LB_IP_ADDRESS]:8776/v3/cf0f6dc94f0d4fda9aaa75026b3e2782/volumes/9a51fc5f-ddf0-41c3-982b-c22342e18291
2025-08-05 13:50:15.062 25 INFO cinder.volume.api [None req-2c0b6a6b-accd-409a-9185-b1e4532605cb ad49f3758eea4863b68ca2beb981fb9d cf0f6dc94f0d4fda9aaa75026b3e2782 - - default default] Volume info retrieved successfully.
2025-08-05 13:50:15.071 25 INFO cinder.api.openstack.wsgi [None req-2c0b6a6b-accd-409a-9185-b1e4532605cb ad49f3758eea4863b68ca2beb981fb9d cf0f6dc94f0d4fda9aaa75026b3e2782 - - default default] http://[LB_IP_ADDRESS]:8776/v3/cf0f6dc94f0d4fda9aaa75026b3e2782/volumes/9a51fc5f-ddf0-41c3-982b-c22342e18291 returned with HTTP 200
2025-08-05 13:50:15.098 21 INFO cinder.api.openstack.wsgi [None req-91566cab-b19b-486b-915d-9551c9d3f8ea ad49f3758eea4863b68ca2beb981fb9d cf0f6dc94f0d4fda9aaa75026b3e2782 - - default default] GET http://[LB_IP_ADDRESS]:8776/v3/cf0f6dc94f0d4fda9aaa75026b3e2782/messages
2025-08-05 13:50:15.107 21 INFO cinder.api.openstack.wsgi [None req-91566cab-b19b-486b-915d-9551c9d3f8ea ad49f3758eea4863b68ca2beb981fb9d cf0f6dc94f0d4fda9aaa75026b3e2782 - - default default] http://[LB_IP_ADDRESS]:8776/v3/cf0f6dc94f0d4fda9aaa75026b3e2782/messages returned with HTTP 200
2025-08-05 13:50:15.123 22 INFO cinder.api.openstack.wsgi [None req-34535cbc-dca0-4d7f-9367-2312657861f3 ad49f3758eea4863b68ca2beb981fb9d cf0f6dc94f0d4fda9aaa75026b3e2782 - - default default] DELETE http://[LB_IP_ADDRESS]:8776/v3/cf0f6dc94f0d4fda9aaa75026b3e2782/messages/56e90dad-46ab-4c5c-95b7-4c4c0a09d8df
2025-08-05 13:50:15.137 22 INFO cinder.api.openstack.wsgi [None req-34535cbc-dca0-4d7f-9367-2312657861f3 ad49f3758eea4863b68ca2beb981fb9d cf0f6dc94f0d4fda9aaa75026b3e2782 - - default default] http://[LB_IP_ADDRESS]:8776/v3/cf0f6dc94f0d4fda9aaa75026b3e2782/messages/56e90dad-46ab-4c5c-95b7-4c4c0a09d8df returned with HTTP 204
2025-08-05 13:50:15.149 24 INFO cinder.api.openstack.wsgi [None req-e31cb9a5-dd49-4642-b843-f98ff7e2e1c0 ad49f3758eea4863b68ca2beb981fb9d cf0f6dc94f0d4fda9aaa75026b3e2782 - - default default] GET http://[LB_IP_ADDRESS]:8776/v3/cf0f6dc94f0d4fda9aaa75026b3e2782/messages/56e90dad-46ab-4c5c-95b7-4c4c0a09d8df
2025-08-05 13:50:15.154 24 INFO cinder.api.openstack.wsgi [None req-e31cb9a5-dd49-4642-b843-f98ff7e2e1c0 ad49f3758eea4863b68ca2beb981fb9d cf0f6dc94f0d4fda9aaa75026b3e2782 - - default default] http://[LB_IP_ADDRESS]:8776/v3/cf0f6dc94f0d4fda9aaa75026b3e2782/messages/56e90dad-46ab-4c5c-95b7-4c4c0a09d8df returned with HTTP 404
2025-08-05 13:50:15.165 23 INFO cinder.api.openstack.wsgi [None req-5c5816ca-1e91-4823-a332-8a0441d207c6 ad49f3758eea4863b68ca2beb981fb9d cf0f6dc94f0d4fda9aaa75026b3e2782 - - default default] GET http://[LB_IP_ADDRESS]:8776/v3/cf0f6dc94f0d4fda9aaa75026b3e2782/volumes/9a51fc5f-ddf0-41c3-982b-c22342e18291
2025-08-05 13:50:15.188 23 INFO cinder.volume.api [None req-5c5816ca-1e91-4823-a332-8a0441d207c6 ad49f3758eea4863b68ca2beb981fb9d cf0f6dc94f0d4fda9aaa75026b3e2782 - - default default] Volume info retrieved successfully.
2025-08-05 13:50:15.197 23 INFO cinder.api.openstack.wsgi [None req-5c5816ca-1e91-4823-a332-8a0441d207c6 ad49f3758eea4863b68ca2beb981fb9d cf0f6dc94f0d4fda9aaa75026b3e2782 - - default default] http://[LB_IP_ADDRESS]:8776/v3/cf0f6dc94f0d4fda9aaa75026b3e2782/volumes/9a51fc5f-ddf0-41c3-982b-c22342e18291 returned with HTTP 200
2025-08-05 13:50:15.223 25 INFO cinder.api.openstack.wsgi [None req-b8ab9017-cf7c-467e-813d-f7374e3351d9 ad49f3758eea4863b68ca2beb981fb9d cf0f6dc94f0d4fda9aaa75026b3e2782 - - default default] DELETE http://[LB_IP_ADDRESS]:8776/v3/cf0f6dc94f0d4fda9aaa75026b3e2782/volumes/9a51fc5f-ddf0-41c3-982b-c22342e18291
2025-08-05 13:50:15.224 25 INFO cinder.api.v3.volumes [None req-b8ab9017-cf7c-467e-813d-f7374e3351d9 ad49f3758eea4863b68ca2beb981fb9d cf0f6dc94f0d4fda9aaa75026b3e2782 - - default default] Delete volume with id: 9a51fc5f-ddf0-41c3-982b-c22342e18291 
2025-08-05 13:50:15.241 25 INFO cinder.volume.api [None req-b8ab9017-cf7c-467e-813d-f7374e3351d9 ad49f3758eea4863b68ca2beb981fb9d cf0f6dc94f0d4fda9aaa75026b3e2782 - - default default] Volume info retrieved successfully.
2025-08-05 13:50:15.316 25 WARNING cinder.quota [None req-b8ab9017-cf7c-467e-813d-f7374e3351d9 ad49f3758eea4863b68ca2beb981fb9d cf0f6dc94f0d4fda9aaa75026b3e2782 - - default default] Deprecated: Default quota for resource: volumes_tempest-UserMessagesTest-volume-type-880141918 is set by the default quota flag: quota_volumes_tempest-UserMessagesTest-volume-type-880141918, it is now deprecated. Please use the default quota class for default quota.
2025-08-05 13:50:15.317 25 WARNING cinder.quota [None req-b8ab9017-cf7c-467e-813d-f7374e3351d9 ad49f3758eea4863b68ca2beb981fb9d cf0f6dc94f0d4fda9aaa75026b3e2782 - - default default] Deprecated: Default quota for resource: gigabytes_tempest-UserMessagesTest-volume-type-880141918 is set by the default quota flag: quota_gigabytes_tempest-UserMessagesTest-volume-type-880141918, it is now deprecated. Please use the default quota class for default quota.
2025-08-05 13:50:15.369 25 INFO cinder.volume.api [None req-b8ab9017-cf7c-467e-813d-f7374e3351d9 ad49f3758eea4863b68ca2beb981fb9d cf0f6dc94f0d4fda9aaa75026b3e2782 - - default default] Delete volume request issued successfully.
2025-08-05 13:50:15.371 25 INFO cinder.api.openstack.wsgi [None req-b8ab9017-cf7c-467e-813d-f7374e3351d9 ad49f3758eea4863b68ca2beb981fb9d cf0f6dc94f0d4fda9aaa75026b3e2782 - - default default] http://[LB_IP_ADDRESS]:8776/v3/cf0f6dc94f0d4fda9aaa75026b3e2782/volumes/9a51fc5f-ddf0-41c3-982b-c22342e18291 returned with HTTP 202
2025-08-05 13:50:15.381 21 INFO cinder.api.openstack.wsgi [None req-0219b7df-fbaf-414b-9ebe-3536b90dd56d ad49f3758eea4863b68ca2beb981fb9d cf0f6dc94f0d4fda9aaa75026b3e2782 - - default default] GET http://[LB_IP_ADDRESS]:8776/v3/cf0f6dc94f0d4fda9aaa75026b3e2782/volumes/9a51fc5f-ddf0-41c3-982b-c22342e18291
2025-08-05 13:50:15.395 21 INFO cinder.api.openstack.wsgi [None req-0219b7df-fbaf-414b-9ebe-3536b90dd56d ad49f3758eea4863b68ca2beb981fb9d cf0f6dc94f0d4fda9aaa75026b3e2782 - - default default] http://[LB_IP_ADDRESS]:8776/v3/cf0f6dc94f0d4fda9aaa75026b3e2782/volumes/9a51fc5f-ddf0-41c3-982b-c22342e18291 returned with HTTP 404
2025-08-05 13:50:15.405 22 INFO cinder.api.openstack.wsgi [None req-63e9e0f1-a530-4295-8a8b-ace022c88d48 5d5d754bc537447ea77afacb160d1549 287e6b939e4543ac947bd6a064764512 - - default default] DELETE http://[LB_IP_ADDRESS]:8776/v3/287e6b939e4543ac947bd6a064764512/types/4be893a2-efa0-4b58-a3e0-30cb0760b8f3
