Build Started 10_02_2025_12_52_21
2025-02-10 12:53:29.798 23 INFO cinder.api.openstack.wsgi [None req-10e4b176-3c63-4f5f-9d02-1b846e9ca18f 04991d75065340c0bc833e1da2451ad5 53d2b7be4c274c30a62790d913d4c728 - - default default] GET http://[LB_IP_ADDRESS]:8776/v3/53d2b7be4c274c30a62790d913d4c728/volumes/detail
2025-02-10 12:53:29.821 23 INFO cinder.volume.api [None req-10e4b176-3c63-4f5f-9d02-1b846e9ca18f 04991d75065340c0bc833e1da2451ad5 53d2b7be4c274c30a62790d913d4c728 - - default default] Get all volumes completed successfully.
2025-02-10 12:53:29.827 23 INFO cinder.api.openstack.wsgi [None req-10e4b176-3c63-4f5f-9d02-1b846e9ca18f 04991d75065340c0bc833e1da2451ad5 53d2b7be4c274c30a62790d913d4c728 - - default default] http://[LB_IP_ADDRESS]:8776/v3/53d2b7be4c274c30a62790d913d4c728/volumes/detail returned with HTTP 200
2025-02-10 12:53:29.845 21 INFO cinder.api.openstack.wsgi [req-10e4b176-3c63-4f5f-9d02-1b846e9ca18f req-7e2ffe1a-d169-4ced-915d-d25da4e7974d 04991d75065340c0bc833e1da2451ad5 53d2b7be4c274c30a62790d913d4c728 - - default default] GET http://[LB_IP_ADDRESS]:8776/v3/53d2b7be4c274c30a62790d913d4c728/snapshots/detail?all_tenants=True
2025-02-10 12:53:29.869 21 INFO cinder.volume.api [req-10e4b176-3c63-4f5f-9d02-1b846e9ca18f req-7e2ffe1a-d169-4ced-915d-d25da4e7974d 04991d75065340c0bc833e1da2451ad5 53d2b7be4c274c30a62790d913d4c728 - - default default] Get all snapshots completed successfully.
2025-02-10 12:53:29.871 21 INFO cinder.api.openstack.wsgi [req-10e4b176-3c63-4f5f-9d02-1b846e9ca18f req-7e2ffe1a-d169-4ced-915d-d25da4e7974d 04991d75065340c0bc833e1da2451ad5 53d2b7be4c274c30a62790d913d4c728 - - default default] http://[LB_IP_ADDRESS]:8776/v3/53d2b7be4c274c30a62790d913d4c728/snapshots/detail?all_tenants=True returned with HTTP 200
2025-02-10 12:53:31.863 24 INFO cinder.api.openstack.wsgi [None req-7e1b8ec2-2464-47aa-a70f-701194c72952 04991d75065340c0bc833e1da2451ad5 53d2b7be4c274c30a62790d913d4c728 - - default default] GET http://[LB_IP_ADDRESS]:8776/v3/53d2b7be4c274c30a62790d913d4c728/volumes/detail?all_tenants=True
2025-02-10 12:53:31.885 24 INFO cinder.volume.api [None req-7e1b8ec2-2464-47aa-a70f-701194c72952 04991d75065340c0bc833e1da2451ad5 53d2b7be4c274c30a62790d913d4c728 - - default default] Get all volumes completed successfully.
2025-02-10 12:53:31.890 24 INFO cinder.api.openstack.wsgi [None req-7e1b8ec2-2464-47aa-a70f-701194c72952 04991d75065340c0bc833e1da2451ad5 53d2b7be4c274c30a62790d913d4c728 - - default default] http://[LB_IP_ADDRESS]:8776/v3/53d2b7be4c274c30a62790d913d4c728/volumes/detail?all_tenants=True returned with HTTP 200
2025-02-10 12:53:33.812 25 INFO cinder.api.openstack.wsgi [None req-a982eb84-1d41-4b55-9699-4d9998ac0442 04991d75065340c0bc833e1da2451ad5 53d2b7be4c274c30a62790d913d4c728 - - default default] GET http://[LB_IP_ADDRESS]:8776/v3/53d2b7be4c274c30a62790d913d4c728/types?is_public=None
2025-02-10 12:53:33.845 25 INFO cinder.api.openstack.wsgi [None req-a982eb84-1d41-4b55-9699-4d9998ac0442 04991d75065340c0bc833e1da2451ad5 53d2b7be4c274c30a62790d913d4c728 - - default default] http://[LB_IP_ADDRESS]:8776/v3/53d2b7be4c274c30a62790d913d4c728/types?is_public=None returned with HTTP 200
2025-02-10 12:53:37.577 22 INFO cinder.api.openstack.wsgi [None req-8e65c911-413e-4dd0-9cb2-4d97c99d7260 - - - - - -] GET http://[LB_IP_ADDRESS]:8776/
2025-02-10 12:53:37.581 22 INFO cinder.api.openstack.wsgi [None req-8e65c911-413e-4dd0-9cb2-4d97c99d7260 - - - - - -] http://[LB_IP_ADDRESS]:8776/ returned with HTTP 300
2025-02-10 12:53:42.437 23 INFO cinder.api.openstack.wsgi [None req-05dd3c02-e56f-4e69-9ee0-5f49906df68c 04991d75065340c0bc833e1da2451ad5 53d2b7be4c274c30a62790d913d4c728 - - default default] GET http://[LB_IP_ADDRESS]:8776/v3/53d2b7be4c274c30a62790d913d4c728/snapshots
2025-02-10 12:53:42.447 23 INFO cinder.volume.api [None req-05dd3c02-e56f-4e69-9ee0-5f49906df68c 04991d75065340c0bc833e1da2451ad5 53d2b7be4c274c30a62790d913d4c728 - - default default] Get all snapshots completed successfully.
2025-02-10 12:53:42.447 23 INFO cinder.api.openstack.wsgi [None req-05dd3c02-e56f-4e69-9ee0-5f49906df68c 04991d75065340c0bc833e1da2451ad5 53d2b7be4c274c30a62790d913d4c728 - - default default] http://[LB_IP_ADDRESS]:8776/v3/53d2b7be4c274c30a62790d913d4c728/snapshots returned with HTTP 200
2025-02-10 12:53:42.465 21 INFO cinder.api.openstack.wsgi [None req-2b971b28-9a75-4fb7-bb4f-fd4fff15c393 04991d75065340c0bc833e1da2451ad5 53d2b7be4c274c30a62790d913d4c728 - - default default] GET http://[LB_IP_ADDRESS]:8776/v3/53d2b7be4c274c30a62790d913d4c728/volumes
2025-02-10 12:53:42.486 21 INFO cinder.volume.api [None req-2b971b28-9a75-4fb7-bb4f-fd4fff15c393 04991d75065340c0bc833e1da2451ad5 53d2b7be4c274c30a62790d913d4c728 - - default default] Get all volumes completed successfully.
2025-02-10 12:53:42.487 21 INFO cinder.api.openstack.wsgi [None req-2b971b28-9a75-4fb7-bb4f-fd4fff15c393 04991d75065340c0bc833e1da2451ad5 53d2b7be4c274c30a62790d913d4c728 - - default default] http://[LB_IP_ADDRESS]:8776/v3/53d2b7be4c274c30a62790d913d4c728/volumes returned with HTTP 200
2025-02-10 12:53:49.460 24 INFO cinder.api.openstack.wsgi [req-db0d5176-a687-427d-b14a-3810ad5c11aa req-92f5eb56-59fe-461d-9c93-73fd903c44f6 de65d565404c49a5b1e5e9bc09102b54 7f29d590aba9499489748e29760db97a - - default default] POST http://[LB_IP_ADDRESS]:8776/v3/7f29d590aba9499489748e29760db97a/volumes
2025-02-10 12:53:49.466 24 INFO cinder.api.v3.volumes [req-db0d5176-a687-427d-b14a-3810ad5c11aa req-92f5eb56-59fe-461d-9c93-73fd903c44f6 de65d565404c49a5b1e5e9bc09102b54 7f29d590aba9499489748e29760db97a - - default default] Create volume of 1 GB
2025-02-10 12:53:49.469 25 INFO cinder.api.openstack.wsgi [req-b3bf187e-2d86-40e6-8ac1-2c5a13119727 req-3f8fbd33-2851-4cb3-9517-2fc6294d397e dc4f52641c454cde9c2aa2032940265e 884dcd8c965246d8a06b71bdc7ff1670 - - default default] DELETE http://[LB_IP_ADDRESS]:8776/v3/884dcd8c965246d8a06b71bdc7ff1670/volumes/tempest-invalid-1324275323
2025-02-10 12:53:49.469 25 INFO cinder.api.v3.volumes [req-b3bf187e-2d86-40e6-8ac1-2c5a13119727 req-3f8fbd33-2851-4cb3-9517-2fc6294d397e dc4f52641c454cde9c2aa2032940265e 884dcd8c965246d8a06b71bdc7ff1670 - - default default] Delete volume with id: tempest-invalid-1324275323 
2025-02-10 12:53:49.483 24 INFO cinder.volume.api [req-db0d5176-a687-427d-b14a-3810ad5c11aa req-92f5eb56-59fe-461d-9c93-73fd903c44f6 de65d565404c49a5b1e5e9bc09102b54 7f29d590aba9499489748e29760db97a - - default default] Availability Zones retrieved successfully.
2025-02-10 12:53:49.485 25 INFO cinder.api.openstack.wsgi [req-b3bf187e-2d86-40e6-8ac1-2c5a13119727 req-3f8fbd33-2851-4cb3-9517-2fc6294d397e dc4f52641c454cde9c2aa2032940265e 884dcd8c965246d8a06b71bdc7ff1670 - - default default] http://[LB_IP_ADDRESS]:8776/v3/884dcd8c965246d8a06b71bdc7ff1670/volumes/tempest-invalid-1324275323 returned with HTTP 404
2025-02-10 12:53:49.695 22 INFO cinder.api.openstack.wsgi [req-41c47460-6e65-45e5-b618-c73da00483b7 req-8dc3bce9-ea69-4626-a8bb-b10bdfd33ca2 dc4f52641c454cde9c2aa2032940265e 884dcd8c965246d8a06b71bdc7ff1670 - - default default] DELETE http://[LB_IP_ADDRESS]:8776/v3/884dcd8c965246d8a06b71bdc7ff1670/volumes/a2333727-4958-4005-8c44-46779f19b5fb
2025-02-10 12:53:49.696 22 INFO cinder.api.v3.volumes [req-41c47460-6e65-45e5-b618-c73da00483b7 req-8dc3bce9-ea69-4626-a8bb-b10bdfd33ca2 dc4f52641c454cde9c2aa2032940265e 884dcd8c965246d8a06b71bdc7ff1670 - - default default] Delete volume with id: a2333727-4958-4005-8c44-46779f19b5fb 
2025-02-10 12:53:49.707 24 INFO cinder.volume.api [req-db0d5176-a687-427d-b14a-3810ad5c11aa req-92f5eb56-59fe-461d-9c93-73fd903c44f6 de65d565404c49a5b1e5e9bc09102b54 7f29d590aba9499489748e29760db97a - - default default] Create volume request issued successfully.
2025-02-10 12:53:49.708 24 INFO cinder.api.openstack.wsgi [req-db0d5176-a687-427d-b14a-3810ad5c11aa req-92f5eb56-59fe-461d-9c93-73fd903c44f6 de65d565404c49a5b1e5e9bc09102b54 7f29d590aba9499489748e29760db97a - - default default] http://[LB_IP_ADDRESS]:8776/v3/7f29d590aba9499489748e29760db97a/volumes returned with HTTP 202
2025-02-10 12:53:49.712 22 INFO cinder.api.openstack.wsgi [req-41c47460-6e65-45e5-b618-c73da00483b7 req-8dc3bce9-ea69-4626-a8bb-b10bdfd33ca2 dc4f52641c454cde9c2aa2032940265e 884dcd8c965246d8a06b71bdc7ff1670 - - default default] http://[LB_IP_ADDRESS]:8776/v3/884dcd8c965246d8a06b71bdc7ff1670/volumes/a2333727-4958-4005-8c44-46779f19b5fb returned with HTTP 404
2025-02-10 12:53:49.722 23 INFO cinder.api.openstack.wsgi [req-db0d5176-a687-427d-b14a-3810ad5c11aa req-7d0d8b56-ad53-45f7-8caa-59ba67c659d0 de65d565404c49a5b1e5e9bc09102b54 7f29d590aba9499489748e29760db97a - - default default] GET http://[LB_IP_ADDRESS]:8776/v3/7f29d590aba9499489748e29760db97a/volumes/9b0ac40b-76d4-47d2-ae1f-cc29425532b8
2025-02-10 12:53:49.745 21 INFO cinder.api.openstack.wsgi [req-b65a529a-346e-46a9-9e01-d49a76a9c5ea req-d888c028-ef44-48e1-9c28-61c2085a656e dc4f52641c454cde9c2aa2032940265e 884dcd8c965246d8a06b71bdc7ff1670 - - default default] GET http://[LB_IP_ADDRESS]:8776/v3/884dcd8c965246d8a06b71bdc7ff1670/volumes/565453a4-da12-4e83-a1dd-8485f5ebecb8
2025-02-10 12:53:49.746 23 INFO cinder.volume.api [req-db0d5176-a687-427d-b14a-3810ad5c11aa req-7d0d8b56-ad53-45f7-8caa-59ba67c659d0 de65d565404c49a5b1e5e9bc09102b54 7f29d590aba9499489748e29760db97a - - default default] Volume info retrieved successfully.
2025-02-10 12:53:49.755 23 INFO cinder.api.openstack.wsgi [req-db0d5176-a687-427d-b14a-3810ad5c11aa req-7d0d8b56-ad53-45f7-8caa-59ba67c659d0 de65d565404c49a5b1e5e9bc09102b54 7f29d590aba9499489748e29760db97a - - default default] http://[LB_IP_ADDRESS]:8776/v3/7f29d590aba9499489748e29760db97a/volumes/9b0ac40b-76d4-47d2-ae1f-cc29425532b8 returned with HTTP 200
2025-02-10 12:53:49.757 21 INFO cinder.api.openstack.wsgi [req-b65a529a-346e-46a9-9e01-d49a76a9c5ea req-d888c028-ef44-48e1-9c28-61c2085a656e dc4f52641c454cde9c2aa2032940265e 884dcd8c965246d8a06b71bdc7ff1670 - - default default] http://[LB_IP_ADDRESS]:8776/v3/884dcd8c965246d8a06b71bdc7ff1670/volumes/565453a4-da12-4e83-a1dd-8485f5ebecb8 returned with HTTP 404
2025-02-10 12:53:49.841 25 INFO cinder.api.openstack.wsgi [req-2aa18a76-35c0-4a60-ba06-a8a717369ad7 req-42012c88-2c92-444b-a2bc-1b9a6d9ef9e2 de65d565404c49a5b1e5e9bc09102b54 7f29d590aba9499489748e29760db97a - - default default] GET http://[LB_IP_ADDRESS]:8776/v3/7f29d590aba9499489748e29760db97a/volumes/9b0ac40b-76d4-47d2-ae1f-cc29425532b8
2025-02-10 12:53:49.870 25 INFO cinder.volume.api [req-2aa18a76-35c0-4a60-ba06-a8a717369ad7 req-42012c88-2c92-444b-a2bc-1b9a6d9ef9e2 de65d565404c49a5b1e5e9bc09102b54 7f29d590aba9499489748e29760db97a - - default default] Volume info retrieved successfully.
2025-02-10 12:53:49.881 25 INFO cinder.api.openstack.wsgi [req-2aa18a76-35c0-4a60-ba06-a8a717369ad7 req-42012c88-2c92-444b-a2bc-1b9a6d9ef9e2 de65d565404c49a5b1e5e9bc09102b54 7f29d590aba9499489748e29760db97a - - default default] http://[LB_IP_ADDRESS]:8776/v3/7f29d590aba9499489748e29760db97a/volumes/9b0ac40b-76d4-47d2-ae1f-cc29425532b8 returned with HTTP 200
2025-02-10 12:53:50.920 24 INFO cinder.api.openstack.wsgi [req-02164c9e-5f97-49e9-8a9b-7dcdce2f2ad3 req-d68d9fd0-9e19-4697-b7ee-85d3f5fb4fec de65d565404c49a5b1e5e9bc09102b54 7f29d590aba9499489748e29760db97a - - default default] GET http://[LB_IP_ADDRESS]:8776/v3/7f29d590aba9499489748e29760db97a/volumes/9b0ac40b-76d4-47d2-ae1f-cc29425532b8
2025-02-10 12:53:50.945 24 INFO cinder.volume.api [req-02164c9e-5f97-49e9-8a9b-7dcdce2f2ad3 req-d68d9fd0-9e19-4697-b7ee-85d3f5fb4fec de65d565404c49a5b1e5e9bc09102b54 7f29d590aba9499489748e29760db97a - - default default] Volume info retrieved successfully.
2025-02-10 12:53:50.954 24 INFO cinder.api.openstack.wsgi [req-02164c9e-5f97-49e9-8a9b-7dcdce2f2ad3 req-d68d9fd0-9e19-4697-b7ee-85d3f5fb4fec de65d565404c49a5b1e5e9bc09102b54 7f29d590aba9499489748e29760db97a - - default default] http://[LB_IP_ADDRESS]:8776/v3/7f29d590aba9499489748e29760db97a/volumes/9b0ac40b-76d4-47d2-ae1f-cc29425532b8 returned with HTTP 200
2025-02-10 12:53:51.483 22 INFO cinder.api.openstack.wsgi [None req-aef76991-322f-4138-a2aa-6b3a255c02fc b5a76e7333b345158285cb44a5aed8da bebd793a88e54713a129f648b5c0816b - - default default] POST http://[LB_IP_ADDRESS]:8776/v3/bebd793a88e54713a129f648b5c0816b/types
2025-02-10 12:53:51.514 22 INFO cinder.api.openstack.wsgi [None req-aef76991-322f-4138-a2aa-6b3a255c02fc b5a76e7333b345158285cb44a5aed8da bebd793a88e54713a129f648b5c0816b - - default default] http://[LB_IP_ADDRESS]:8776/v3/bebd793a88e54713a129f648b5c0816b/types returned with HTTP 200
2025-02-10 12:53:51.529 23 INFO cinder.api.openstack.wsgi [None req-9523611c-046b-4f6b-afaf-146feb883915 b5a76e7333b345158285cb44a5aed8da bebd793a88e54713a129f648b5c0816b - - default default] POST http://[LB_IP_ADDRESS]:8776/v3/bebd793a88e54713a129f648b5c0816b/group_types
2025-02-10 12:53:51.557 23 INFO cinder.api.openstack.wsgi [None req-9523611c-046b-4f6b-afaf-146feb883915 b5a76e7333b345158285cb44a5aed8da bebd793a88e54713a129f648b5c0816b - - default default] http://[LB_IP_ADDRESS]:8776/v3/bebd793a88e54713a129f648b5c0816b/group_types returned with HTTP 202
2025-02-10 12:53:51.733 21 INFO cinder.api.openstack.wsgi [None req-1fd459e1-95a0-4626-a445-9ddc0deff32d 805046df42cc4522b6ecf65776d21c09 a94fa5e524b942eda199aca910009722 - - default default] POST http://[LB_IP_ADDRESS]:8776/v3/a94fa5e524b942eda199aca910009722/groups
2025-02-10 12:53:51.746 21 INFO cinder.api.v3.groups [None req-1fd459e1-95a0-4626-a445-9ddc0deff32d 805046df42cc4522b6ecf65776d21c09 a94fa5e524b942eda199aca910009722 - - default default] Creating group tempest-GroupSnapshotsTest-Group-1737018683.
2025-02-10 12:53:51.763 21 INFO cinder.volume.api [None req-1fd459e1-95a0-4626-a445-9ddc0deff32d 805046df42cc4522b6ecf65776d21c09 a94fa5e524b942eda199aca910009722 - - default default] Availability Zones retrieved successfully.
2025-02-10 12:53:51.850 21 INFO cinder.api.openstack.wsgi [None req-1fd459e1-95a0-4626-a445-9ddc0deff32d 805046df42cc4522b6ecf65776d21c09 a94fa5e524b942eda199aca910009722 - - default default] http://[LB_IP_ADDRESS]:8776/v3/a94fa5e524b942eda199aca910009722/groups returned with HTTP 202
2025-02-10 12:53:51.865 25 INFO cinder.api.openstack.wsgi [None req-ccfb5ee8-6c4e-451e-9b7b-23c3bbac15ae 805046df42cc4522b6ecf65776d21c09 a94fa5e524b942eda199aca910009722 - - default default] GET http://[LB_IP_ADDRESS]:8776/v3/a94fa5e524b942eda199aca910009722/groups/8204e848-6f8a-4156-ad8a-da7342ab066e
2025-02-10 12:53:51.888 25 INFO cinder.api.openstack.wsgi [None req-ccfb5ee8-6c4e-451e-9b7b-23c3bbac15ae 805046df42cc4522b6ecf65776d21c09 a94fa5e524b942eda199aca910009722 - - default default] http://[LB_IP_ADDRESS]:8776/v3/a94fa5e524b942eda199aca910009722/groups/8204e848-6f8a-4156-ad8a-da7342ab066e returned with HTTP 200
2025-02-10 12:53:51.994 24 INFO cinder.api.openstack.wsgi [req-90f29649-84a7-402d-a852-57d1992099ea req-779b4089-d563-4dd7-aa3f-64465bbfe400 de65d565404c49a5b1e5e9bc09102b54 7f29d590aba9499489748e29760db97a - - default default] GET http://[LB_IP_ADDRESS]:8776/v3/7f29d590aba9499489748e29760db97a/volumes/9b0ac40b-76d4-47d2-ae1f-cc29425532b8
2025-02-10 12:53:52.018 24 INFO cinder.volume.api [req-90f29649-84a7-402d-a852-57d1992099ea req-779b4089-d563-4dd7-aa3f-64465bbfe400 de65d565404c49a5b1e5e9bc09102b54 7f29d590aba9499489748e29760db97a - - default default] Volume info retrieved successfully.
2025-02-10 12:53:52.027 24 INFO cinder.api.openstack.wsgi [req-90f29649-84a7-402d-a852-57d1992099ea req-779b4089-d563-4dd7-aa3f-64465bbfe400 de65d565404c49a5b1e5e9bc09102b54 7f29d590aba9499489748e29760db97a - - default default] http://[LB_IP_ADDRESS]:8776/v3/7f29d590aba9499489748e29760db97a/volumes/9b0ac40b-76d4-47d2-ae1f-cc29425532b8 returned with HTTP 200
2025-02-10 12:53:52.065 22 INFO cinder.api.openstack.wsgi [req-66aac5ef-c9f4-4947-9b98-8ca38f11044c req-0c337677-b36d-4a9f-a795-386fafe75848 de65d565404c49a5b1e5e9bc09102b54 7f29d590aba9499489748e29760db97a - - default default] POST http://[LB_IP_ADDRESS]:8776/v3/7f29d590aba9499489748e29760db97a/snapshots
2025-02-10 12:53:52.088 22 INFO cinder.volume.api [req-66aac5ef-c9f4-4947-9b98-8ca38f11044c req-0c337677-b36d-4a9f-a795-386fafe75848 de65d565404c49a5b1e5e9bc09102b54 7f29d590aba9499489748e29760db97a - - default default] Volume info retrieved successfully.
2025-02-10 12:53:52.089 22 INFO cinder.api.v3.snapshots [req-66aac5ef-c9f4-4947-9b98-8ca38f11044c req-0c337677-b36d-4a9f-a795-386fafe75848 de65d565404c49a5b1e5e9bc09102b54 7f29d590aba9499489748e29760db97a - - default default] Create snapshot from volume 9b0ac40b-76d4-47d2-ae1f-cc29425532b8
2025-02-10 12:53:52.222 22 INFO cinder.volume.api [req-66aac5ef-c9f4-4947-9b98-8ca38f11044c req-0c337677-b36d-4a9f-a795-386fafe75848 de65d565404c49a5b1e5e9bc09102b54 7f29d590aba9499489748e29760db97a - - default default] Snapshot create request issued successfully.
2025-02-10 12:53:52.223 22 INFO cinder.api.openstack.wsgi [req-66aac5ef-c9f4-4947-9b98-8ca38f11044c req-0c337677-b36d-4a9f-a795-386fafe75848 de65d565404c49a5b1e5e9bc09102b54 7f29d590aba9499489748e29760db97a - - default default] http://[LB_IP_ADDRESS]:8776/v3/7f29d590aba9499489748e29760db97a/snapshots returned with HTTP 202
2025-02-10 12:53:52.259 23 INFO cinder.api.openstack.wsgi [req-18d4fe66-0671-480e-9d1e-b5cf644e3368 req-e24b56c0-2d67-41be-b24e-b61006a13643 de65d565404c49a5b1e5e9bc09102b54 7f29d590aba9499489748e29760db97a - - default default] GET http://[LB_IP_ADDRESS]:8776/v3/7f29d590aba9499489748e29760db97a/snapshots/55560285-8504-4342-b799-7d29c95afe11
2025-02-10 12:53:52.270 23 INFO cinder.volume.api [req-18d4fe66-0671-480e-9d1e-b5cf644e3368 req-e24b56c0-2d67-41be-b24e-b61006a13643 de65d565404c49a5b1e5e9bc09102b54 7f29d590aba9499489748e29760db97a - - default default] Snapshot retrieved successfully.
2025-02-10 12:53:52.272 23 INFO cinder.api.openstack.wsgi [req-18d4fe66-0671-480e-9d1e-b5cf644e3368 req-e24b56c0-2d67-41be-b24e-b61006a13643 de65d565404c49a5b1e5e9bc09102b54 7f29d590aba9499489748e29760db97a - - default default] http://[LB_IP_ADDRESS]:8776/v3/7f29d590aba9499489748e29760db97a/snapshots/55560285-8504-4342-b799-7d29c95afe11 returned with HTTP 200
2025-02-10 12:53:52.306 21 INFO cinder.api.openstack.wsgi [req-3767a7e3-d9bd-4ce0-b5b6-49dc22b9212e req-31efb2ce-0f08-4266-8a4c-17f64b565b3d de65d565404c49a5b1e5e9bc09102b54 7f29d590aba9499489748e29760db97a - - default default] GET http://[LB_IP_ADDRESS]:8776/v3/7f29d590aba9499489748e29760db97a/snapshots/detail
2025-02-10 12:53:52.317 21 INFO cinder.volume.api [req-3767a7e3-d9bd-4ce0-b5b6-49dc22b9212e req-31efb2ce-0f08-4266-8a4c-17f64b565b3d de65d565404c49a5b1e5e9bc09102b54 7f29d590aba9499489748e29760db97a - - default default] Get all snapshots completed successfully.
2025-02-10 12:53:52.319 21 INFO cinder.api.openstack.wsgi [req-3767a7e3-d9bd-4ce0-b5b6-49dc22b9212e req-31efb2ce-0f08-4266-8a4c-17f64b565b3d de65d565404c49a5b1e5e9bc09102b54 7f29d590aba9499489748e29760db97a - - default default] http://[LB_IP_ADDRESS]:8776/v3/7f29d590aba9499489748e29760db97a/snapshots/detail returned with HTTP 200
2025-02-10 12:53:52.356 25 INFO cinder.api.openstack.wsgi [req-04da0bfa-b667-4d99-868b-2246e89669a4 req-2aad42e6-36bf-4974-8319-ed7ce7c42f5f de65d565404c49a5b1e5e9bc09102b54 7f29d590aba9499489748e29760db97a - - default default] GET http://[LB_IP_ADDRESS]:8776/v3/7f29d590aba9499489748e29760db97a/snapshots/55560285-8504-4342-b799-7d29c95afe11
2025-02-10 12:53:52.369 25 INFO cinder.volume.api [req-04da0bfa-b667-4d99-868b-2246e89669a4 req-2aad42e6-36bf-4974-8319-ed7ce7c42f5f de65d565404c49a5b1e5e9bc09102b54 7f29d590aba9499489748e29760db97a - - default default] Snapshot retrieved successfully.
2025-02-10 12:53:52.371 25 INFO cinder.api.openstack.wsgi [req-04da0bfa-b667-4d99-868b-2246e89669a4 req-2aad42e6-36bf-4974-8319-ed7ce7c42f5f de65d565404c49a5b1e5e9bc09102b54 7f29d590aba9499489748e29760db97a - - default default] http://[LB_IP_ADDRESS]:8776/v3/7f29d590aba9499489748e29760db97a/snapshots/55560285-8504-4342-b799-7d29c95afe11 returned with HTTP 200
2025-02-10 12:53:52.906 24 INFO cinder.api.openstack.wsgi [None req-d2306952-cc6e-4d41-8340-0084f27a8a26 805046df42cc4522b6ecf65776d21c09 a94fa5e524b942eda199aca910009722 - - default default] GET http://[LB_IP_ADDRESS]:8776/v3/a94fa5e524b942eda199aca910009722/groups/8204e848-6f8a-4156-ad8a-da7342ab066e
2025-02-10 12:53:52.931 24 INFO cinder.api.openstack.wsgi [None req-d2306952-cc6e-4d41-8340-0084f27a8a26 805046df42cc4522b6ecf65776d21c09 a94fa5e524b942eda199aca910009722 - - default default] http://[LB_IP_ADDRESS]:8776/v3/a94fa5e524b942eda199aca910009722/groups/8204e848-6f8a-4156-ad8a-da7342ab066e returned with HTTP 200
2025-02-10 12:53:52.949 22 INFO cinder.api.openstack.wsgi [None req-af57aaee-41a7-45c1-a4f6-db93a709ea0e 805046df42cc4522b6ecf65776d21c09 a94fa5e524b942eda199aca910009722 - - default default] POST http://[LB_IP_ADDRESS]:8776/v3/a94fa5e524b942eda199aca910009722/volumes
2025-02-10 12:53:52.967 22 INFO cinder.api.v3.volumes [None req-af57aaee-41a7-45c1-a4f6-db93a709ea0e 805046df42cc4522b6ecf65776d21c09 a94fa5e524b942eda199aca910009722 - - default default] Create volume of 1 GB
2025-02-10 12:53:52.983 22 INFO cinder.volume.api [None req-af57aaee-41a7-45c1-a4f6-db93a709ea0e 805046df42cc4522b6ecf65776d21c09 a94fa5e524b942eda199aca910009722 - - default default] Availability Zones retrieved successfully.
2025-02-10 12:53:53.085 22 WARNING cinder.quota [None req-af57aaee-41a7-45c1-a4f6-db93a709ea0e 805046df42cc4522b6ecf65776d21c09 a94fa5e524b942eda199aca910009722 - - default default] Deprecated: Default quota for resource: volumes_tempest-GroupSnapshotsTest-volume-type-1122093175 is set by the default quota flag: quota_volumes_tempest-GroupSnapshotsTest-volume-type-1122093175, it is now deprecated. Please use the default quota class for default quota.
2025-02-10 12:53:53.086 22 WARNING cinder.quota [None req-af57aaee-41a7-45c1-a4f6-db93a709ea0e 805046df42cc4522b6ecf65776d21c09 a94fa5e524b942eda199aca910009722 - - default default] Deprecated: Default quota for resource: gigabytes_tempest-GroupSnapshotsTest-volume-type-1122093175 is set by the default quota flag: quota_gigabytes_tempest-GroupSnapshotsTest-volume-type-1122093175, it is now deprecated. Please use the default quota class for default quota.
2025-02-10 12:53:53.200 22 INFO cinder.volume.api [None req-af57aaee-41a7-45c1-a4f6-db93a709ea0e 805046df42cc4522b6ecf65776d21c09 a94fa5e524b942eda199aca910009722 - - default default] Create volume request issued successfully.
2025-02-10 12:53:53.220 22 INFO cinder.api.openstack.wsgi [None req-af57aaee-41a7-45c1-a4f6-db93a709ea0e 805046df42cc4522b6ecf65776d21c09 a94fa5e524b942eda199aca910009722 - - default default] http://[LB_IP_ADDRESS]:8776/v3/a94fa5e524b942eda199aca910009722/volumes returned with HTTP 202
2025-02-10 12:53:53.246 23 INFO cinder.api.openstack.wsgi [None req-40f4897a-2b07-4493-8551-b6625633088c 805046df42cc4522b6ecf65776d21c09 a94fa5e524b942eda199aca910009722 - - default default] GET http://[LB_IP_ADDRESS]:8776/v3/a94fa5e524b942eda199aca910009722/volumes/39bed906-fee4-46ed-b2c7-39aaaa2d281c
2025-02-10 12:53:53.272 23 INFO cinder.volume.api [None req-40f4897a-2b07-4493-8551-b6625633088c 805046df42cc4522b6ecf65776d21c09 a94fa5e524b942eda199aca910009722 - - default default] Volume info retrieved successfully.
2025-02-10 12:53:53.302 23 INFO cinder.api.openstack.wsgi [None req-40f4897a-2b07-4493-8551-b6625633088c 805046df42cc4522b6ecf65776d21c09 a94fa5e524b942eda199aca910009722 - - default default] http://[LB_IP_ADDRESS]:8776/v3/a94fa5e524b942eda199aca910009722/volumes/39bed906-fee4-46ed-b2c7-39aaaa2d281c returned with HTTP 200
2025-02-10 12:53:53.408 21 INFO cinder.api.openstack.wsgi [req-33a93343-8b65-47a2-a39b-7ce9b8efdc2a req-271e06eb-f902-4729-a89e-84605da405d5 de65d565404c49a5b1e5e9bc09102b54 7f29d590aba9499489748e29760db97a - - default default] GET http://[LB_IP_ADDRESS]:8776/v3/7f29d590aba9499489748e29760db97a/snapshots/55560285-8504-4342-b799-7d29c95afe11
2025-02-10 12:53:53.423 21 INFO cinder.volume.api [req-33a93343-8b65-47a2-a39b-7ce9b8efdc2a req-271e06eb-f902-4729-a89e-84605da405d5 de65d565404c49a5b1e5e9bc09102b54 7f29d590aba9499489748e29760db97a - - default default] Snapshot retrieved successfully.
2025-02-10 12:53:53.425 21 INFO cinder.api.openstack.wsgi [req-33a93343-8b65-47a2-a39b-7ce9b8efdc2a req-271e06eb-f902-4729-a89e-84605da405d5 de65d565404c49a5b1e5e9bc09102b54 7f29d590aba9499489748e29760db97a - - default default] http://[LB_IP_ADDRESS]:8776/v3/7f29d590aba9499489748e29760db97a/snapshots/55560285-8504-4342-b799-7d29c95afe11 returned with HTTP 200
2025-02-10 12:53:54.332 25 INFO cinder.api.openstack.wsgi [None req-5bc23cfb-7f16-4ad9-b834-1ed71821db32 805046df42cc4522b6ecf65776d21c09 a94fa5e524b942eda199aca910009722 - - default default] GET http://[LB_IP_ADDRESS]:8776/v3/a94fa5e524b942eda199aca910009722/volumes/39bed906-fee4-46ed-b2c7-39aaaa2d281c
2025-02-10 12:53:54.357 25 INFO cinder.volume.api [None req-5bc23cfb-7f16-4ad9-b834-1ed71821db32 805046df42cc4522b6ecf65776d21c09 a94fa5e524b942eda199aca910009722 - - default default] Volume info retrieved successfully.
2025-02-10 12:53:54.389 25 INFO cinder.api.openstack.wsgi [None req-5bc23cfb-7f16-4ad9-b834-1ed71821db32 805046df42cc4522b6ecf65776d21c09 a94fa5e524b942eda199aca910009722 - - default default] http://[LB_IP_ADDRESS]:8776/v3/a94fa5e524b942eda199aca910009722/volumes/39bed906-fee4-46ed-b2c7-39aaaa2d281c returned with HTTP 200
2025-02-10 12:53:54.460 24 INFO cinder.api.openstack.wsgi [req-4fb893a5-4eae-4686-a067-81e8d43e53f1 req-f87774fb-8489-4ffb-8f16-2e4a79f781fc de65d565404c49a5b1e5e9bc09102b54 7f29d590aba9499489748e29760db97a - - default default] GET http://[LB_IP_ADDRESS]:8776/v3/7f29d590aba9499489748e29760db97a/snapshots/55560285-8504-4342-b799-7d29c95afe11
2025-02-10 12:53:54.474 24 INFO cinder.volume.api [req-4fb893a5-4eae-4686-a067-81e8d43e53f1 req-f87774fb-8489-4ffb-8f16-2e4a79f781fc de65d565404c49a5b1e5e9bc09102b54 7f29d590aba9499489748e29760db97a - - default default] Snapshot retrieved successfully.
2025-02-10 12:53:54.476 24 INFO cinder.api.openstack.wsgi [req-4fb893a5-4eae-4686-a067-81e8d43e53f1 req-f87774fb-8489-4ffb-8f16-2e4a79f781fc de65d565404c49a5b1e5e9bc09102b54 7f29d590aba9499489748e29760db97a - - default default] http://[LB_IP_ADDRESS]:8776/v3/7f29d590aba9499489748e29760db97a/snapshots/55560285-8504-4342-b799-7d29c95afe11 returned with HTTP 200
2025-02-10 12:53:54.510 22 INFO cinder.api.openstack.wsgi [req-8ed81170-d692-4a83-83c1-bf2495402177 req-9f20b56e-64e4-4c85-b035-08cffca5c917 de65d565404c49a5b1e5e9bc09102b54 7f29d590aba9499489748e29760db97a - - default default] DELETE http://[LB_IP_ADDRESS]:8776/v3/7f29d590aba9499489748e29760db97a/snapshots/55560285-8504-4342-b799-7d29c95afe11
2025-02-10 12:53:54.511 22 INFO cinder.api.v2.snapshots [req-8ed81170-d692-4a83-83c1-bf2495402177 req-9f20b56e-64e4-4c85-b035-08cffca5c917 de65d565404c49a5b1e5e9bc09102b54 7f29d590aba9499489748e29760db97a - - default default] Delete snapshot with id: 55560285-8504-4342-b799-7d29c95afe11
2025-02-10 12:53:54.523 22 INFO cinder.volume.api [req-8ed81170-d692-4a83-83c1-bf2495402177 req-9f20b56e-64e4-4c85-b035-08cffca5c917 de65d565404c49a5b1e5e9bc09102b54 7f29d590aba9499489748e29760db97a - - default default] Snapshot retrieved successfully.
2025-02-10 12:53:54.557 22 INFO cinder.volume.api [req-8ed81170-d692-4a83-83c1-bf2495402177 req-9f20b56e-64e4-4c85-b035-08cffca5c917 de65d565404c49a5b1e5e9bc09102b54 7f29d590aba9499489748e29760db97a - - default default] Snapshot delete request issued successfully.
2025-02-10 12:53:54.557 22 INFO cinder.api.openstack.wsgi [req-8ed81170-d692-4a83-83c1-bf2495402177 req-9f20b56e-64e4-4c85-b035-08cffca5c917 de65d565404c49a5b1e5e9bc09102b54 7f29d590aba9499489748e29760db97a - - default default] http://[LB_IP_ADDRESS]:8776/v3/7f29d590aba9499489748e29760db97a/snapshots/55560285-8504-4342-b799-7d29c95afe11 returned with HTTP 202
2025-02-10 12:53:54.589 23 INFO cinder.api.openstack.wsgi [req-2695a0bd-1a4d-4dc6-824d-acacfef967e6 req-a2678ef0-b2f8-484b-90c7-52c8dd9942b5 de65d565404c49a5b1e5e9bc09102b54 7f29d590aba9499489748e29760db97a - - default default] GET http://[LB_IP_ADDRESS]:8776/v3/7f29d590aba9499489748e29760db97a/snapshots/55560285-8504-4342-b799-7d29c95afe11
2025-02-10 12:53:54.602 23 INFO cinder.volume.api [req-2695a0bd-1a4d-4dc6-824d-acacfef967e6 req-a2678ef0-b2f8-484b-90c7-52c8dd9942b5 de65d565404c49a5b1e5e9bc09102b54 7f29d590aba9499489748e29760db97a - - default default] Snapshot retrieved successfully.
2025-02-10 12:53:54.604 23 INFO cinder.api.openstack.wsgi [req-2695a0bd-1a4d-4dc6-824d-acacfef967e6 req-a2678ef0-b2f8-484b-90c7-52c8dd9942b5 de65d565404c49a5b1e5e9bc09102b54 7f29d590aba9499489748e29760db97a - - default default] http://[LB_IP_ADDRESS]:8776/v3/7f29d590aba9499489748e29760db97a/snapshots/55560285-8504-4342-b799-7d29c95afe11 returned with HTTP 200
2025-02-10 12:53:55.016 21 INFO cinder.api.openstack.wsgi [None req-a61524ea-cde5-4b36-aeee-e24b7d9e5da1 7b061043e7074ec6a7e64dce0b3d6018 38e7055f186d4bf592b3444a75825632 - - default default] GET http://[LB_IP_ADDRESS]:8776/v3/38e7055f186d4bf592b3444a75825632/scheduler-stats/get_pools
2025-02-10 12:53:55.420 25 INFO cinder.api.openstack.wsgi [None req-2c89cb71-99cd-41b2-a146-adbb376f3a08 805046df42cc4522b6ecf65776d21c09 a94fa5e524b942eda199aca910009722 - - default default] GET http://[LB_IP_ADDRESS]:8776/v3/a94fa5e524b942eda199aca910009722/volumes/39bed906-fee4-46ed-b2c7-39aaaa2d281c
2025-02-10 12:53:55.447 25 INFO cinder.volume.api [None req-2c89cb71-99cd-41b2-a146-adbb376f3a08 805046df42cc4522b6ecf65776d21c09 a94fa5e524b942eda199aca910009722 - - default default] Volume info retrieved successfully.
2025-02-10 12:53:55.477 25 INFO cinder.api.openstack.wsgi [None req-2c89cb71-99cd-41b2-a146-adbb376f3a08 805046df42cc4522b6ecf65776d21c09 a94fa5e524b942eda199aca910009722 - - default default] http://[LB_IP_ADDRESS]:8776/v3/a94fa5e524b942eda199aca910009722/volumes/39bed906-fee4-46ed-b2c7-39aaaa2d281c returned with HTTP 200
2025-02-10 12:53:55.506 24 INFO cinder.api.openstack.wsgi [None req-b4f575ec-d5e0-4c69-b4bb-4cc43d0b7b4e 805046df42cc4522b6ecf65776d21c09 a94fa5e524b942eda199aca910009722 - - default default] POST http://[LB_IP_ADDRESS]:8776/v3/a94fa5e524b942eda199aca910009722/group_snapshots
2025-02-10 12:53:55.524 24 INFO cinder.api.v3.group_snapshots [None req-b4f575ec-d5e0-4c69-b4bb-4cc43d0b7b4e 805046df42cc4522b6ecf65776d21c09 a94fa5e524b942eda199aca910009722 - - default default] Creating group_snapshot tempest-group_snapshot-1177053758.
2025-02-10 12:53:55.526 21 INFO cinder.api.openstack.wsgi [None req-a61524ea-cde5-4b36-aeee-e24b7d9e5da1 7b061043e7074ec6a7e64dce0b3d6018 38e7055f186d4bf592b3444a75825632 - - default default] http://[LB_IP_ADDRESS]:8776/v3/38e7055f186d4bf592b3444a75825632/scheduler-stats/get_pools returned with HTTP 200
2025-02-10 12:53:55.542 22 INFO cinder.api.openstack.wsgi [None req-042fe133-2cd9-4bc6-8df8-c0f6a203fabd 7b061043e7074ec6a7e64dce0b3d6018 38e7055f186d4bf592b3444a75825632 - - default default] GET http://[LB_IP_ADDRESS]:8776/v3/38e7055f186d4bf592b3444a75825632/scheduler-stats/get_pools?detail=True
2025-02-10 12:53:55.606 24 WARNING cinder.quota [None req-b4f575ec-d5e0-4c69-b4bb-4cc43d0b7b4e 805046df42cc4522b6ecf65776d21c09 a94fa5e524b942eda199aca910009722 - - default default] Deprecated: Default quota for resource: gigabytes_tempest-GroupSnapshotsTest-volume-type-1122093175 is set by the default quota flag: quota_gigabytes_tempest-GroupSnapshotsTest-volume-type-1122093175, it is now deprecated. Please use the default quota class for default quota.
2025-02-10 12:53:55.608 24 WARNING cinder.quota [None req-b4f575ec-d5e0-4c69-b4bb-4cc43d0b7b4e 805046df42cc4522b6ecf65776d21c09 a94fa5e524b942eda199aca910009722 - - default default] Deprecated: Default quota for resource: snapshots_tempest-GroupSnapshotsTest-volume-type-1122093175 is set by the default quota flag: quota_snapshots_tempest-GroupSnapshotsTest-volume-type-1122093175, it is now deprecated. Please use the default quota class for default quota.
2025-02-10 12:53:55.638 23 INFO cinder.api.openstack.wsgi [req-ff96cc9d-8973-4037-bb5f-17c34d863b5e req-60e759dc-d744-4d33-9bb9-ac0ac9cc3818 de65d565404c49a5b1e5e9bc09102b54 7f29d590aba9499489748e29760db97a - - default default] GET http://[LB_IP_ADDRESS]:8776/v3/7f29d590aba9499489748e29760db97a/snapshots/55560285-8504-4342-b799-7d29c95afe11
2025-02-10 12:53:55.650 23 INFO cinder.api.openstack.wsgi [req-ff96cc9d-8973-4037-bb5f-17c34d863b5e req-60e759dc-d744-4d33-9bb9-ac0ac9cc3818 de65d565404c49a5b1e5e9bc09102b54 7f29d590aba9499489748e29760db97a - - default default] http://[LB_IP_ADDRESS]:8776/v3/7f29d590aba9499489748e29760db97a/snapshots/55560285-8504-4342-b799-7d29c95afe11 returned with HTTP 404
2025-02-10 12:53:55.679 25 INFO cinder.api.openstack.wsgi [req-9b530724-bb3b-4ca9-848e-ee2a455691ff req-64c49cf8-8063-4cb8-afcc-fc790fae13b9 de65d565404c49a5b1e5e9bc09102b54 7f29d590aba9499489748e29760db97a - - default default] DELETE http://[LB_IP_ADDRESS]:8776/v3/7f29d590aba9499489748e29760db97a/volumes/9b0ac40b-76d4-47d2-ae1f-cc29425532b8
2025-02-10 12:53:55.680 25 INFO cinder.api.v3.volumes [req-9b530724-bb3b-4ca9-848e-ee2a455691ff req-64c49cf8-8063-4cb8-afcc-fc790fae13b9 de65d565404c49a5b1e5e9bc09102b54 7f29d590aba9499489748e29760db97a - - default default] Delete volume with id: 9b0ac40b-76d4-47d2-ae1f-cc29425532b8 
2025-02-10 12:53:55.695 24 INFO cinder.api.openstack.wsgi [None req-b4f575ec-d5e0-4c69-b4bb-4cc43d0b7b4e 805046df42cc4522b6ecf65776d21c09 a94fa5e524b942eda199aca910009722 - - default default] http://[LB_IP_ADDRESS]:8776/v3/a94fa5e524b942eda199aca910009722/group_snapshots returned with HTTP 202
2025-02-10 12:53:55.699 25 INFO cinder.volume.api [req-9b530724-bb3b-4ca9-848e-ee2a455691ff req-64c49cf8-8063-4cb8-afcc-fc790fae13b9 de65d565404c49a5b1e5e9bc09102b54 7f29d590aba9499489748e29760db97a - - default default] Volume info retrieved successfully.
2025-02-10 12:53:55.709 21 INFO cinder.api.openstack.wsgi [None req-f455ecfe-1ca9-4e34-a3a0-2d34a78ec800 805046df42cc4522b6ecf65776d21c09 a94fa5e524b942eda199aca910009722 - - default default] GET http://[LB_IP_ADDRESS]:8776/v3/a94fa5e524b942eda199aca910009722/group_snapshots/203e7ab8-c285-4104-943f-5935ec19f601
2025-02-10 12:53:55.724 21 INFO cinder.api.openstack.wsgi [None req-f455ecfe-1ca9-4e34-a3a0-2d34a78ec800 805046df42cc4522b6ecf65776d21c09 a94fa5e524b942eda199aca910009722 - - default default] http://[LB_IP_ADDRESS]:8776/v3/a94fa5e524b942eda199aca910009722/group_snapshots/203e7ab8-c285-4104-943f-5935ec19f601 returned with HTTP 200
2025-02-10 12:53:55.736 25 INFO cinder.volume.api [req-9b530724-bb3b-4ca9-848e-ee2a455691ff req-64c49cf8-8063-4cb8-afcc-fc790fae13b9 de65d565404c49a5b1e5e9bc09102b54 7f29d590aba9499489748e29760db97a - - default default] Delete volume request issued successfully.
2025-02-10 12:53:55.737 25 INFO cinder.api.openstack.wsgi [req-9b530724-bb3b-4ca9-848e-ee2a455691ff req-64c49cf8-8063-4cb8-afcc-fc790fae13b9 de65d565404c49a5b1e5e9bc09102b54 7f29d590aba9499489748e29760db97a - - default default] http://[LB_IP_ADDRESS]:8776/v3/7f29d590aba9499489748e29760db97a/volumes/9b0ac40b-76d4-47d2-ae1f-cc29425532b8 returned with HTTP 202
2025-02-10 12:53:55.766 23 INFO cinder.api.openstack.wsgi [req-d49e575d-522b-4aaf-9acd-15db74a0dcb9 req-acd70a19-a7d1-48b4-8e93-a726c61a0d3f de65d565404c49a5b1e5e9bc09102b54 7f29d590aba9499489748e29760db97a - - default default] GET http://[LB_IP_ADDRESS]:8776/v3/7f29d590aba9499489748e29760db97a/volumes/9b0ac40b-76d4-47d2-ae1f-cc29425532b8
2025-02-10 12:53:55.786 23 INFO cinder.volume.api [req-d49e575d-522b-4aaf-9acd-15db74a0dcb9 req-acd70a19-a7d1-48b4-8e93-a726c61a0d3f de65d565404c49a5b1e5e9bc09102b54 7f29d590aba9499489748e29760db97a - - default default] Volume info retrieved successfully.
2025-02-10 12:53:55.795 23 INFO cinder.api.openstack.wsgi [req-d49e575d-522b-4aaf-9acd-15db74a0dcb9 req-acd70a19-a7d1-48b4-8e93-a726c61a0d3f de65d565404c49a5b1e5e9bc09102b54 7f29d590aba9499489748e29760db97a - - default default] http://[LB_IP_ADDRESS]:8776/v3/7f29d590aba9499489748e29760db97a/volumes/9b0ac40b-76d4-47d2-ae1f-cc29425532b8 returned with HTTP 200
2025-02-10 12:53:56.052 22 INFO cinder.api.openstack.wsgi [None req-042fe133-2cd9-4bc6-8df8-c0f6a203fabd 7b061043e7074ec6a7e64dce0b3d6018 38e7055f186d4bf592b3444a75825632 - - default default] http://[LB_IP_ADDRESS]:8776/v3/38e7055f186d4bf592b3444a75825632/scheduler-stats/get_pools?detail=True returned with HTTP 200
2025-02-10 12:53:56.073 24 INFO cinder.api.openstack.wsgi [None req-0f8a98a6-59e9-4b5c-9e0a-6886d7152be3 7b061043e7074ec6a7e64dce0b3d6018 38e7055f186d4bf592b3444a75825632 - - default default] GET http://[LB_IP_ADDRESS]:8776/v3/38e7055f186d4bf592b3444a75825632/capabilities/rack11-server76@LIGHTOShwlzto
2025-02-10 12:53:56.591 24 INFO cinder.api.openstack.wsgi [None req-0f8a98a6-59e9-4b5c-9e0a-6886d7152be3 7b061043e7074ec6a7e64dce0b3d6018 38e7055f186d4bf592b3444a75825632 - - default default] http://[LB_IP_ADDRESS]:8776/v3/38e7055f186d4bf592b3444a75825632/capabilities/rack11-server76@LIGHTOShwlzto returned with HTTP 200
2025-02-10 12:53:56.611 21 INFO cinder.api.openstack.wsgi [None req-d60fe76c-3d67-4614-b72c-9f163611350c 7b061043e7074ec6a7e64dce0b3d6018 38e7055f186d4bf592b3444a75825632 - - default default] GET http://[LB_IP_ADDRESS]:8776/v3/38e7055f186d4bf592b3444a75825632/capabilities/rack11-server76@LIGHTOShwlzto
2025-02-10 12:53:56.741 25 INFO cinder.api.openstack.wsgi [None req-e24420d6-0a0c-49a7-a24b-698b877e8ad9 805046df42cc4522b6ecf65776d21c09 a94fa5e524b942eda199aca910009722 - - default default] GET http://[LB_IP_ADDRESS]:8776/v3/a94fa5e524b942eda199aca910009722/group_snapshots/203e7ab8-c285-4104-943f-5935ec19f601
2025-02-10 12:53:56.756 25 INFO cinder.api.openstack.wsgi [None req-e24420d6-0a0c-49a7-a24b-698b877e8ad9 805046df42cc4522b6ecf65776d21c09 a94fa5e524b942eda199aca910009722 - - default default] http://[LB_IP_ADDRESS]:8776/v3/a94fa5e524b942eda199aca910009722/group_snapshots/203e7ab8-c285-4104-943f-5935ec19f601 returned with HTTP 200
2025-02-10 12:53:56.833 23 INFO cinder.api.openstack.wsgi [req-503db6d9-e298-4999-a678-899ffd144a4a req-89cfbfb2-4b77-45d7-9249-842cf9b9b231 de65d565404c49a5b1e5e9bc09102b54 7f29d590aba9499489748e29760db97a - - default default] GET http://[LB_IP_ADDRESS]:8776/v3/7f29d590aba9499489748e29760db97a/volumes/9b0ac40b-76d4-47d2-ae1f-cc29425532b8
2025-02-10 12:53:56.848 23 INFO cinder.api.openstack.wsgi [req-503db6d9-e298-4999-a678-899ffd144a4a req-89cfbfb2-4b77-45d7-9249-842cf9b9b231 de65d565404c49a5b1e5e9bc09102b54 7f29d590aba9499489748e29760db97a - - default default] http://[LB_IP_ADDRESS]:8776/v3/7f29d590aba9499489748e29760db97a/volumes/9b0ac40b-76d4-47d2-ae1f-cc29425532b8 returned with HTTP 404
2025-02-10 12:53:56.879 22 INFO cinder.api.openstack.wsgi [req-2724beaf-2270-43ec-a9bb-461eaa87643f req-94bea02f-df83-4362-ac5f-b3ba9edb359a de65d565404c49a5b1e5e9bc09102b54 7f29d590aba9499489748e29760db97a - - default default] DELETE http://[LB_IP_ADDRESS]:8776/v3/7f29d590aba9499489748e29760db97a/volumes/9b0ac40b-76d4-47d2-ae1f-cc29425532b8
2025-02-10 12:53:56.880 22 INFO cinder.api.v3.volumes [req-2724beaf-2270-43ec-a9bb-461eaa87643f req-94bea02f-df83-4362-ac5f-b3ba9edb359a de65d565404c49a5b1e5e9bc09102b54 7f29d590aba9499489748e29760db97a - - default default] Delete volume with id: 9b0ac40b-76d4-47d2-ae1f-cc29425532b8 
2025-02-10 12:53:56.896 22 INFO cinder.api.openstack.wsgi [req-2724beaf-2270-43ec-a9bb-461eaa87643f req-94bea02f-df83-4362-ac5f-b3ba9edb359a de65d565404c49a5b1e5e9bc09102b54 7f29d590aba9499489748e29760db97a - - default default] http://[LB_IP_ADDRESS]:8776/v3/7f29d590aba9499489748e29760db97a/volumes/9b0ac40b-76d4-47d2-ae1f-cc29425532b8 returned with HTTP 404
2025-02-10 12:53:56.928 24 INFO cinder.api.openstack.wsgi [req-80858159-0af6-4317-a814-0fb511509788 req-41dc0a24-dae6-4524-a921-457f7267f4aa de65d565404c49a5b1e5e9bc09102b54 7f29d590aba9499489748e29760db97a - - default default] GET http://[LB_IP_ADDRESS]:8776/v3/7f29d590aba9499489748e29760db97a/volumes/9b0ac40b-76d4-47d2-ae1f-cc29425532b8
2025-02-10 12:53:56.944 24 INFO cinder.api.openstack.wsgi [req-80858159-0af6-4317-a814-0fb511509788 req-41dc0a24-dae6-4524-a921-457f7267f4aa de65d565404c49a5b1e5e9bc09102b54 7f29d590aba9499489748e29760db97a - - default default] http://[LB_IP_ADDRESS]:8776/v3/7f29d590aba9499489748e29760db97a/volumes/9b0ac40b-76d4-47d2-ae1f-cc29425532b8 returned with HTTP 404
2025-02-10 12:53:57.130 21 INFO cinder.api.openstack.wsgi [None req-d60fe76c-3d67-4614-b72c-9f163611350c 7b061043e7074ec6a7e64dce0b3d6018 38e7055f186d4bf592b3444a75825632 - - default default] http://[LB_IP_ADDRESS]:8776/v3/38e7055f186d4bf592b3444a75825632/capabilities/rack11-server76@LIGHTOShwlzto returned with HTTP 200
2025-02-10 12:53:57.773 25 INFO cinder.api.openstack.wsgi [None req-9f9522d2-edc6-4aa3-81f4-3117f91ebdc0 805046df42cc4522b6ecf65776d21c09 a94fa5e524b942eda199aca910009722 - - default default] GET http://[LB_IP_ADDRESS]:8776/v3/a94fa5e524b942eda199aca910009722/group_snapshots/203e7ab8-c285-4104-943f-5935ec19f601
2025-02-10 12:53:57.786 25 INFO cinder.api.openstack.wsgi [None req-9f9522d2-edc6-4aa3-81f4-3117f91ebdc0 805046df42cc4522b6ecf65776d21c09 a94fa5e524b942eda199aca910009722 - - default default] http://[LB_IP_ADDRESS]:8776/v3/a94fa5e524b942eda199aca910009722/group_snapshots/203e7ab8-c285-4104-943f-5935ec19f601 returned with HTTP 200
2025-02-10 12:53:57.801 23 INFO cinder.api.openstack.wsgi [None req-c54bca43-c236-426b-bf23-5492fb1934c1 805046df42cc4522b6ecf65776d21c09 a94fa5e524b942eda199aca910009722 - - default default] GET http://[LB_IP_ADDRESS]:8776/v3/a94fa5e524b942eda199aca910009722/snapshots/detail
2025-02-10 12:53:57.811 23 INFO cinder.volume.api [None req-c54bca43-c236-426b-bf23-5492fb1934c1 805046df42cc4522b6ecf65776d21c09 a94fa5e524b942eda199aca910009722 - - default default] Get all snapshots completed successfully.
2025-02-10 12:53:57.813 23 INFO cinder.api.openstack.wsgi [None req-c54bca43-c236-426b-bf23-5492fb1934c1 805046df42cc4522b6ecf65776d21c09 a94fa5e524b942eda199aca910009722 - - default default] http://[LB_IP_ADDRESS]:8776/v3/a94fa5e524b942eda199aca910009722/snapshots/detail returned with HTTP 200
2025-02-10 12:53:57.831 22 INFO cinder.api.openstack.wsgi [None req-a72ace78-fc64-4f13-99e0-9b78b9cf0a47 805046df42cc4522b6ecf65776d21c09 a94fa5e524b942eda199aca910009722 - - default default] GET http://[LB_IP_ADDRESS]:8776/v3/a94fa5e524b942eda199aca910009722/snapshots/0b4bb599-4ef8-44f6-9aca-0ca331d1283d
2025-02-10 12:53:57.844 22 INFO cinder.volume.api [None req-a72ace78-fc64-4f13-99e0-9b78b9cf0a47 805046df42cc4522b6ecf65776d21c09 a94fa5e524b942eda199aca910009722 - - default default] Snapshot retrieved successfully.
2025-02-10 12:53:57.846 22 INFO cinder.api.openstack.wsgi [None req-a72ace78-fc64-4f13-99e0-9b78b9cf0a47 805046df42cc4522b6ecf65776d21c09 a94fa5e524b942eda199aca910009722 - - default default] http://[LB_IP_ADDRESS]:8776/v3/a94fa5e524b942eda199aca910009722/snapshots/0b4bb599-4ef8-44f6-9aca-0ca331d1283d returned with HTTP 200
2025-02-10 12:53:57.862 24 INFO cinder.api.openstack.wsgi [None req-565c2e6c-b0f3-4e4b-96af-616718865326 805046df42cc4522b6ecf65776d21c09 a94fa5e524b942eda199aca910009722 - - default default] POST http://[LB_IP_ADDRESS]:8776/v3/a94fa5e524b942eda199aca910009722/groups/action
2025-02-10 12:53:57.867 24 INFO cinder.api.v3.groups [None req-565c2e6c-b0f3-4e4b-96af-616718865326 805046df42cc4522b6ecf65776d21c09 a94fa5e524b942eda199aca910009722 - - default default] Creating group tempest-Group_from_snap-779234445 from group_snapshot 203e7ab8-c285-4104-943f-5935ec19f601.
2025-02-10 12:53:58.505 24 INFO cinder.group.api [None req-565c2e6c-b0f3-4e4b-96af-616718865326 805046df42cc4522b6ecf65776d21c09 a94fa5e524b942eda199aca910009722 - - default default] A mapping entry already exists for group 4bc02c3e-f7dd-415c-8039-b06b6147fa1f and volume type 25ff5125-ff64-4e46-9879-19d9f9ece9da. Do not need to create again.
2025-02-10 12:53:58.511 24 INFO cinder.volume.api [None req-565c2e6c-b0f3-4e4b-96af-616718865326 805046df42cc4522b6ecf65776d21c09 a94fa5e524b942eda199aca910009722 - - default default] Availability Zones retrieved successfully.
2025-02-10 12:53:58.618 24 WARNING cinder.quota [None req-565c2e6c-b0f3-4e4b-96af-616718865326 805046df42cc4522b6ecf65776d21c09 a94fa5e524b942eda199aca910009722 - - default default] Deprecated: Default quota for resource: volumes_tempest-GroupSnapshotsTest-volume-type-1122093175 is set by the default quota flag: quota_volumes_tempest-GroupSnapshotsTest-volume-type-1122093175, it is now deprecated. Please use the default quota class for default quota.
2025-02-10 12:53:58.689 24 INFO cinder.volume.api [None req-565c2e6c-b0f3-4e4b-96af-616718865326 805046df42cc4522b6ecf65776d21c09 a94fa5e524b942eda199aca910009722 - - default default] Create volume request issued successfully.
2025-02-10 12:53:58.712 24 INFO cinder.api.openstack.wsgi [None req-565c2e6c-b0f3-4e4b-96af-616718865326 805046df42cc4522b6ecf65776d21c09 a94fa5e524b942eda199aca910009722 - - default default] http://[LB_IP_ADDRESS]:8776/v3/a94fa5e524b942eda199aca910009722/groups/action returned with HTTP 202
2025-02-10 12:53:58.725 21 INFO cinder.api.openstack.wsgi [None req-e8ca6343-20c5-4d10-9dec-61fd7df75612 805046df42cc4522b6ecf65776d21c09 a94fa5e524b942eda199aca910009722 - - default default] GET http://[LB_IP_ADDRESS]:8776/v3/a94fa5e524b942eda199aca910009722/volumes/detail
2025-02-10 12:53:58.747 21 INFO cinder.volume.api [None req-e8ca6343-20c5-4d10-9dec-61fd7df75612 805046df42cc4522b6ecf65776d21c09 a94fa5e524b942eda199aca910009722 - - default default] Get all volumes completed successfully.
2025-02-10 12:53:58.796 21 INFO cinder.api.openstack.wsgi [None req-e8ca6343-20c5-4d10-9dec-61fd7df75612 805046df42cc4522b6ecf65776d21c09 a94fa5e524b942eda199aca910009722 - - default default] http://[LB_IP_ADDRESS]:8776/v3/a94fa5e524b942eda199aca910009722/volumes/detail returned with HTTP 200
2025-02-10 12:53:58.826 25 INFO cinder.api.openstack.wsgi [None req-003274be-d6d3-4f1a-8f75-a188db6c3918 805046df42cc4522b6ecf65776d21c09 a94fa5e524b942eda199aca910009722 - - default default] GET http://[LB_IP_ADDRESS]:8776/v3/a94fa5e524b942eda199aca910009722/volumes/1ba21fe1-102d-49ca-a63c-4d7dadc7821e
2025-02-10 12:53:58.851 25 INFO cinder.volume.api [None req-003274be-d6d3-4f1a-8f75-a188db6c3918 805046df42cc4522b6ecf65776d21c09 a94fa5e524b942eda199aca910009722 - - default default] Volume info retrieved successfully.
2025-02-10 12:53:58.880 25 INFO cinder.api.openstack.wsgi [None req-003274be-d6d3-4f1a-8f75-a188db6c3918 805046df42cc4522b6ecf65776d21c09 a94fa5e524b942eda199aca910009722 - - default default] http://[LB_IP_ADDRESS]:8776/v3/a94fa5e524b942eda199aca910009722/volumes/1ba21fe1-102d-49ca-a63c-4d7dadc7821e returned with HTTP 200
2025-02-10 12:53:59.909 23 INFO cinder.api.openstack.wsgi [None req-f40ad1ad-f858-4a09-ba65-f7f959a2912a 805046df42cc4522b6ecf65776d21c09 a94fa5e524b942eda199aca910009722 - - default default] GET http://[LB_IP_ADDRESS]:8776/v3/a94fa5e524b942eda199aca910009722/volumes/1ba21fe1-102d-49ca-a63c-4d7dadc7821e
2025-02-10 12:53:59.933 23 INFO cinder.volume.api [None req-f40ad1ad-f858-4a09-ba65-f7f959a2912a 805046df42cc4522b6ecf65776d21c09 a94fa5e524b942eda199aca910009722 - - default default] Volume info retrieved successfully.
2025-02-10 12:53:59.961 23 INFO cinder.api.openstack.wsgi [None req-f40ad1ad-f858-4a09-ba65-f7f959a2912a 805046df42cc4522b6ecf65776d21c09 a94fa5e524b942eda199aca910009722 - - default default] http://[LB_IP_ADDRESS]:8776/v3/a94fa5e524b942eda199aca910009722/volumes/1ba21fe1-102d-49ca-a63c-4d7dadc7821e returned with HTTP 200
2025-02-10 12:53:59.989 22 INFO cinder.api.openstack.wsgi [None req-4b1db8a3-91ee-44d9-ab1d-cab7d4fd647c 805046df42cc4522b6ecf65776d21c09 a94fa5e524b942eda199aca910009722 - - default default] GET http://[LB_IP_ADDRESS]:8776/v3/a94fa5e524b942eda199aca910009722/groups/4bc02c3e-f7dd-415c-8039-b06b6147fa1f
2025-02-10 12:54:00.011 22 INFO cinder.api.openstack.wsgi [None req-4b1db8a3-91ee-44d9-ab1d-cab7d4fd647c 805046df42cc4522b6ecf65776d21c09 a94fa5e524b942eda199aca910009722 - - default default] http://[LB_IP_ADDRESS]:8776/v3/a94fa5e524b942eda199aca910009722/groups/4bc02c3e-f7dd-415c-8039-b06b6147fa1f returned with HTTP 200
2025-02-10 12:54:00.027 24 INFO cinder.api.openstack.wsgi [None req-1d1a4448-b2a5-450b-a898-9e1ace1416c5 805046df42cc4522b6ecf65776d21c09 a94fa5e524b942eda199aca910009722 - - default default] GET http://[LB_IP_ADDRESS]:8776/v3/a94fa5e524b942eda199aca910009722/volumes/detail
2025-02-10 12:54:00.051 24 INFO cinder.volume.api [None req-1d1a4448-b2a5-450b-a898-9e1ace1416c5 805046df42cc4522b6ecf65776d21c09 a94fa5e524b942eda199aca910009722 - - default default] Get all volumes completed successfully.
2025-02-10 12:54:00.098 24 INFO cinder.api.openstack.wsgi [None req-1d1a4448-b2a5-450b-a898-9e1ace1416c5 805046df42cc4522b6ecf65776d21c09 a94fa5e524b942eda199aca910009722 - - default default] http://[LB_IP_ADDRESS]:8776/v3/a94fa5e524b942eda199aca910009722/volumes/detail returned with HTTP 200
2025-02-10 12:54:00.127 21 INFO cinder.api.openstack.wsgi [None req-538b9a5e-a168-4f99-8a84-a134e36bbf64 805046df42cc4522b6ecf65776d21c09 a94fa5e524b942eda199aca910009722 - - default default] POST http://[LB_IP_ADDRESS]:8776/v3/a94fa5e524b942eda199aca910009722/groups/4bc02c3e-f7dd-415c-8039-b06b6147fa1f/action
2025-02-10 12:54:00.130 21 INFO cinder.api.v3.groups [None req-538b9a5e-a168-4f99-8a84-a134e36bbf64 805046df42cc4522b6ecf65776d21c09 a94fa5e524b942eda199aca910009722 - - default default] Delete group with id: 4bc02c3e-f7dd-415c-8039-b06b6147fa1f
2025-02-10 12:54:00.195 21 INFO cinder.api.openstack.wsgi [None req-538b9a5e-a168-4f99-8a84-a134e36bbf64 805046df42cc4522b6ecf65776d21c09 a94fa5e524b942eda199aca910009722 - - default default] http://[LB_IP_ADDRESS]:8776/v3/a94fa5e524b942eda199aca910009722/groups/4bc02c3e-f7dd-415c-8039-b06b6147fa1f/action returned with HTTP 202
