2025-12-16 11:09:49.926 72 INFO cinder.api.openstack.wsgi [None req-e5e1f71d-69b6-4365-a6a7-2f5e7db83829 295c26e063af4824b08048cd1af02916 d156232958dc496aae8b7d63d579e7a3 - - default default] http://[LB_IP_ADDRESS]:8776/v3/d156232958dc496aae8b7d63d579e7a3/qos-specs/0b243795-3f20-461b-a72f-faeb58172e82 returned with HTTP 200
2025-12-16 11:09:49.943 74 INFO cinder.api.openstack.wsgi [None req-ca42b65a-48cc-4567-8659-1fad6f42918c 295c26e063af4824b08048cd1af02916 d156232958dc496aae8b7d63d579e7a3 - - default default] PUT http://[LB_IP_ADDRESS]:8776/v3/d156232958dc496aae8b7d63d579e7a3/qos-specs/0b243795-3f20-461b-a72f-faeb58172e82/delete_keys
2025-12-16 11:09:49.961 74 INFO cinder.api.openstack.wsgi [None req-ca42b65a-48cc-4567-8659-1fad6f42918c 295c26e063af4824b08048cd1af02916 d156232958dc496aae8b7d63d579e7a3 - - default default] http://[LB_IP_ADDRESS]:8776/v3/d156232958dc496aae8b7d63d579e7a3/qos-specs/0b243795-3f20-461b-a72f-faeb58172e82/delete_keys returned with HTTP 202
2025-12-16 11:09:49.976 75 INFO cinder.api.openstack.wsgi [None req-b6385934-f48f-400d-94df-44ddb2ea978a 295c26e063af4824b08048cd1af02916 d156232958dc496aae8b7d63d579e7a3 - - default default] GET http://[LB_IP_ADDRESS]:8776/v3/d156232958dc496aae8b7d63d579e7a3/qos-specs/0b243795-3f20-461b-a72f-faeb58172e82
2025-12-16 11:09:49.983 75 INFO cinder.api.openstack.wsgi [None req-b6385934-f48f-400d-94df-44ddb2ea978a 295c26e063af4824b08048cd1af02916 d156232958dc496aae8b7d63d579e7a3 - - default default] http://[LB_IP_ADDRESS]:8776/v3/d156232958dc496aae8b7d63d579e7a3/qos-specs/0b243795-3f20-461b-a72f-faeb58172e82 returned with HTTP 200
2025-12-16 11:09:49.997 73 INFO cinder.api.openstack.wsgi [None req-c426b16f-af38-46af-b58b-53efe1c5a1f5 295c26e063af4824b08048cd1af02916 d156232958dc496aae8b7d63d579e7a3 - - default default] GET http://[LB_IP_ADDRESS]:8776/v3/d156232958dc496aae8b7d63d579e7a3/qos-specs/0b243795-3f20-461b-a72f-faeb58172e82
2025-12-16 11:09:50.003 73 INFO cinder.api.openstack.wsgi [None req-c426b16f-af38-46af-b58b-53efe1c5a1f5 295c26e063af4824b08048cd1af02916 d156232958dc496aae8b7d63d579e7a3 - - default default] http://[LB_IP_ADDRESS]:8776/v3/d156232958dc496aae8b7d63d579e7a3/qos-specs/0b243795-3f20-461b-a72f-faeb58172e82 returned with HTTP 200
2025-12-16 11:09:50.020 76 INFO cinder.api.openstack.wsgi [None req-f9a590d7-d956-48a0-b278-9d9552374c61 295c26e063af4824b08048cd1af02916 d156232958dc496aae8b7d63d579e7a3 - - default default] DELETE http://[LB_IP_ADDRESS]:8776/v3/d156232958dc496aae8b7d63d579e7a3/qos-specs/0b243795-3f20-461b-a72f-faeb58172e82?force=False
2025-12-16 11:09:50.040 76 INFO cinder.api.openstack.wsgi [None req-f9a590d7-d956-48a0-b278-9d9552374c61 295c26e063af4824b08048cd1af02916 d156232958dc496aae8b7d63d579e7a3 - - default default] http://[LB_IP_ADDRESS]:8776/v3/d156232958dc496aae8b7d63d579e7a3/qos-specs/0b243795-3f20-461b-a72f-faeb58172e82?force=False returned with HTTP 202
2025-12-16 11:09:50.054 72 INFO cinder.api.openstack.wsgi [None req-706a8dbf-5d2b-430b-bfe1-e3fef1d7522e 295c26e063af4824b08048cd1af02916 d156232958dc496aae8b7d63d579e7a3 - - default default] GET http://[LB_IP_ADDRESS]:8776/v3/d156232958dc496aae8b7d63d579e7a3/qos-specs/0b243795-3f20-461b-a72f-faeb58172e82
2025-12-16 11:09:50.061 72 INFO cinder.api.openstack.wsgi [None req-706a8dbf-5d2b-430b-bfe1-e3fef1d7522e 295c26e063af4824b08048cd1af02916 d156232958dc496aae8b7d63d579e7a3 - - default default] http://[LB_IP_ADDRESS]:8776/v3/d156232958dc496aae8b7d63d579e7a3/qos-specs/0b243795-3f20-461b-a72f-faeb58172e82 returned with HTTP 404
2025-12-16 11:09:50.382 74 INFO cinder.api.openstack.wsgi [None req-23d76786-a4f7-4f57-a1cd-37505a1d99ca c6e86a8b1a9343cdb90e6034fbe87b8a eeefc8c8a9624b7e996cb4333ab793c9 - - default default] GET http://[LB_IP_ADDRESS]:8776/v3/eeefc8c8a9624b7e996cb4333ab793c9/groups/90a9f787-ebde-4058-b4f9-368c5f98a2c1
2025-12-16 11:09:50.401 74 INFO cinder.api.openstack.wsgi [None req-23d76786-a4f7-4f57-a1cd-37505a1d99ca c6e86a8b1a9343cdb90e6034fbe87b8a eeefc8c8a9624b7e996cb4333ab793c9 - - default default] http://[LB_IP_ADDRESS]:8776/v3/eeefc8c8a9624b7e996cb4333ab793c9/groups/90a9f787-ebde-4058-b4f9-368c5f98a2c1 returned with HTTP 200
2025-12-16 11:09:50.414 75 INFO cinder.api.openstack.wsgi [None req-7d510e64-16d7-4799-bc96-dec84529d1e4 c6e86a8b1a9343cdb90e6034fbe87b8a eeefc8c8a9624b7e996cb4333ab793c9 - - default default] GET http://[LB_IP_ADDRESS]:8776/v3/eeefc8c8a9624b7e996cb4333ab793c9/volumes/detail
2025-12-16 11:09:50.431 75 INFO cinder.volume.api [None req-7d510e64-16d7-4799-bc96-dec84529d1e4 c6e86a8b1a9343cdb90e6034fbe87b8a eeefc8c8a9624b7e996cb4333ab793c9 - - default default] Get all volumes completed successfully.
2025-12-16 11:09:50.472 75 INFO cinder.api.openstack.wsgi [None req-7d510e64-16d7-4799-bc96-dec84529d1e4 c6e86a8b1a9343cdb90e6034fbe87b8a eeefc8c8a9624b7e996cb4333ab793c9 - - default default] http://[LB_IP_ADDRESS]:8776/v3/eeefc8c8a9624b7e996cb4333ab793c9/volumes/detail returned with HTTP 200
2025-12-16 11:09:50.491 73 INFO cinder.api.openstack.wsgi [None req-1effd20c-2f5f-4286-8eaf-f9f89fae6c78 c6e86a8b1a9343cdb90e6034fbe87b8a eeefc8c8a9624b7e996cb4333ab793c9 - - default default] POST http://[LB_IP_ADDRESS]:8776/v3/eeefc8c8a9624b7e996cb4333ab793c9/group_snapshots
2025-12-16 11:09:50.513 73 INFO cinder.api.v3.group_snapshots [None req-1effd20c-2f5f-4286-8eaf-f9f89fae6c78 c6e86a8b1a9343cdb90e6034fbe87b8a eeefc8c8a9624b7e996cb4333ab793c9 - - default default] Creating group_snapshot tempest-GroupSnapshotsTest-Group_Snapshot-1308552453.
2025-12-16 11:09:50.653 73 INFO cinder.api.openstack.wsgi [None req-1effd20c-2f5f-4286-8eaf-f9f89fae6c78 c6e86a8b1a9343cdb90e6034fbe87b8a eeefc8c8a9624b7e996cb4333ab793c9 - - default default] http://[LB_IP_ADDRESS]:8776/v3/eeefc8c8a9624b7e996cb4333ab793c9/group_snapshots returned with HTTP 202
2025-12-16 11:09:50.663 76 INFO cinder.api.openstack.wsgi [None req-949d435c-f006-4c52-b1e5-843dadcfac78 c6e86a8b1a9343cdb90e6034fbe87b8a eeefc8c8a9624b7e996cb4333ab793c9 - - default default] GET http://[LB_IP_ADDRESS]:8776/v3/eeefc8c8a9624b7e996cb4333ab793c9/group_snapshots/c552575f-7bf3-49b0-8b4b-22fad97d0115
2025-12-16 11:09:50.677 76 INFO cinder.api.openstack.wsgi [None req-949d435c-f006-4c52-b1e5-843dadcfac78 c6e86a8b1a9343cdb90e6034fbe87b8a eeefc8c8a9624b7e996cb4333ab793c9 - - default default] http://[LB_IP_ADDRESS]:8776/v3/eeefc8c8a9624b7e996cb4333ab793c9/group_snapshots/c552575f-7bf3-49b0-8b4b-22fad97d0115 returned with HTTP 200
2025-12-16 11:09:50.710 72 INFO cinder.api.openstack.wsgi [None req-21b07c8d-1854-41ab-b280-d352d0bce4c3 1aa8649818ac4046bf8683055d8c8d8b 0928ac4d74124bc1938f6e15036ac73f - - default default] GET http://[LB_IP_ADDRESS]:8776/v3/0928ac4d74124bc1938f6e15036ac73f/volumes/98791dd7-a142-46ba-8b39-ea9d5e592b28
2025-12-16 11:09:50.730 72 INFO cinder.volume.api [None req-21b07c8d-1854-41ab-b280-d352d0bce4c3 1aa8649818ac4046bf8683055d8c8d8b 0928ac4d74124bc1938f6e15036ac73f - - default default] Volume info retrieved successfully.
2025-12-16 11:09:50.735 72 INFO cinder.api.openstack.wsgi [None req-21b07c8d-1854-41ab-b280-d352d0bce4c3 1aa8649818ac4046bf8683055d8c8d8b 0928ac4d74124bc1938f6e15036ac73f - - default default] http://[LB_IP_ADDRESS]:8776/v3/0928ac4d74124bc1938f6e15036ac73f/volumes/98791dd7-a142-46ba-8b39-ea9d5e592b28 returned with HTTP 200
2025-12-16 11:09:50.756 74 INFO cinder.api.openstack.wsgi [None req-56e06f98-77ec-467b-b921-097aee245d51 1aa8649818ac4046bf8683055d8c8d8b 0928ac4d74124bc1938f6e15036ac73f - - default default] POST http://[LB_IP_ADDRESS]:8776/v3/0928ac4d74124bc1938f6e15036ac73f/snapshots
2025-12-16 11:09:50.771 74 INFO cinder.volume.api [None req-56e06f98-77ec-467b-b921-097aee245d51 1aa8649818ac4046bf8683055d8c8d8b 0928ac4d74124bc1938f6e15036ac73f - - default default] Volume info retrieved successfully.
2025-12-16 11:09:50.771 74 INFO cinder.api.v3.snapshots [None req-56e06f98-77ec-467b-b921-097aee245d51 1aa8649818ac4046bf8683055d8c8d8b 0928ac4d74124bc1938f6e15036ac73f - - default default] Create snapshot from volume 98791dd7-a142-46ba-8b39-ea9d5e592b28
2025-12-16 11:09:50.928 74 INFO cinder.volume.api [None req-56e06f98-77ec-467b-b921-097aee245d51 1aa8649818ac4046bf8683055d8c8d8b 0928ac4d74124bc1938f6e15036ac73f - - default default] Snapshot create request issued successfully.
2025-12-16 11:09:50.928 74 INFO cinder.api.openstack.wsgi [None req-56e06f98-77ec-467b-b921-097aee245d51 1aa8649818ac4046bf8683055d8c8d8b 0928ac4d74124bc1938f6e15036ac73f - - default default] http://[LB_IP_ADDRESS]:8776/v3/0928ac4d74124bc1938f6e15036ac73f/snapshots returned with HTTP 202
2025-12-16 11:09:50.944 75 INFO cinder.api.openstack.wsgi [None req-7e1eff5b-c89e-4d22-96b0-169e24379600 1aa8649818ac4046bf8683055d8c8d8b 0928ac4d74124bc1938f6e15036ac73f - - default default] GET http://[LB_IP_ADDRESS]:8776/v3/0928ac4d74124bc1938f6e15036ac73f/snapshots/d5ef1375-6f19-44fc-b9df-4f5e297f06a1
2025-12-16 11:09:50.953 75 INFO cinder.volume.api [None req-7e1eff5b-c89e-4d22-96b0-169e24379600 1aa8649818ac4046bf8683055d8c8d8b 0928ac4d74124bc1938f6e15036ac73f - - default default] Snapshot retrieved successfully.
2025-12-16 11:09:50.955 75 INFO cinder.api.openstack.wsgi [None req-7e1eff5b-c89e-4d22-96b0-169e24379600 1aa8649818ac4046bf8683055d8c8d8b 0928ac4d74124bc1938f6e15036ac73f - - default default] http://[LB_IP_ADDRESS]:8776/v3/0928ac4d74124bc1938f6e15036ac73f/snapshots/d5ef1375-6f19-44fc-b9df-4f5e297f06a1 returned with HTTP 200
2025-12-16 11:09:51.691 73 INFO cinder.api.openstack.wsgi [None req-b93c08b2-927c-4b2e-bec0-6fa9be3bd41c c6e86a8b1a9343cdb90e6034fbe87b8a eeefc8c8a9624b7e996cb4333ab793c9 - - default default] GET http://[LB_IP_ADDRESS]:8776/v3/eeefc8c8a9624b7e996cb4333ab793c9/group_snapshots/c552575f-7bf3-49b0-8b4b-22fad97d0115
2025-12-16 11:09:51.707 73 INFO cinder.api.openstack.wsgi [None req-b93c08b2-927c-4b2e-bec0-6fa9be3bd41c c6e86a8b1a9343cdb90e6034fbe87b8a eeefc8c8a9624b7e996cb4333ab793c9 - - default default] http://[LB_IP_ADDRESS]:8776/v3/eeefc8c8a9624b7e996cb4333ab793c9/group_snapshots/c552575f-7bf3-49b0-8b4b-22fad97d0115 returned with HTTP 200
2025-12-16 11:09:51.971 76 INFO cinder.api.openstack.wsgi [None req-82da8a44-9d6e-41a7-99c2-b7c73d9ee848 1aa8649818ac4046bf8683055d8c8d8b 0928ac4d74124bc1938f6e15036ac73f - - default default] GET http://[LB_IP_ADDRESS]:8776/v3/0928ac4d74124bc1938f6e15036ac73f/snapshots/d5ef1375-6f19-44fc-b9df-4f5e297f06a1
2025-12-16 11:09:51.983 76 INFO cinder.volume.api [None req-82da8a44-9d6e-41a7-99c2-b7c73d9ee848 1aa8649818ac4046bf8683055d8c8d8b 0928ac4d74124bc1938f6e15036ac73f - - default default] Snapshot retrieved successfully.
2025-12-16 11:09:51.985 76 INFO cinder.api.openstack.wsgi [None req-82da8a44-9d6e-41a7-99c2-b7c73d9ee848 1aa8649818ac4046bf8683055d8c8d8b 0928ac4d74124bc1938f6e15036ac73f - - default default] http://[LB_IP_ADDRESS]:8776/v3/0928ac4d74124bc1938f6e15036ac73f/snapshots/d5ef1375-6f19-44fc-b9df-4f5e297f06a1 returned with HTTP 200
2025-12-16 11:09:52.721 72 INFO cinder.api.openstack.wsgi [None req-26f0a62a-5fbe-4b12-8a44-fbe5e76feb02 c6e86a8b1a9343cdb90e6034fbe87b8a eeefc8c8a9624b7e996cb4333ab793c9 - - default default] GET http://[LB_IP_ADDRESS]:8776/v3/eeefc8c8a9624b7e996cb4333ab793c9/group_snapshots/c552575f-7bf3-49b0-8b4b-22fad97d0115
2025-12-16 11:09:52.736 72 INFO cinder.api.openstack.wsgi [None req-26f0a62a-5fbe-4b12-8a44-fbe5e76feb02 c6e86a8b1a9343cdb90e6034fbe87b8a eeefc8c8a9624b7e996cb4333ab793c9 - - default default] http://[LB_IP_ADDRESS]:8776/v3/eeefc8c8a9624b7e996cb4333ab793c9/group_snapshots/c552575f-7bf3-49b0-8b4b-22fad97d0115 returned with HTTP 200
2025-12-16 11:09:52.750 74 INFO cinder.api.openstack.wsgi [None req-8c2efe2f-3db4-4a7f-9edb-0cefa58eb197 c6e86a8b1a9343cdb90e6034fbe87b8a eeefc8c8a9624b7e996cb4333ab793c9 - - default default] GET http://[LB_IP_ADDRESS]:8776/v3/eeefc8c8a9624b7e996cb4333ab793c9/snapshots/detail
2025-12-16 11:09:52.760 74 INFO cinder.volume.api [None req-8c2efe2f-3db4-4a7f-9edb-0cefa58eb197 c6e86a8b1a9343cdb90e6034fbe87b8a eeefc8c8a9624b7e996cb4333ab793c9 - - default default] Get all snapshots completed successfully.
2025-12-16 11:09:52.761 74 INFO cinder.api.openstack.wsgi [None req-8c2efe2f-3db4-4a7f-9edb-0cefa58eb197 c6e86a8b1a9343cdb90e6034fbe87b8a eeefc8c8a9624b7e996cb4333ab793c9 - - default default] http://[LB_IP_ADDRESS]:8776/v3/eeefc8c8a9624b7e996cb4333ab793c9/snapshots/detail returned with HTTP 200
2025-12-16 11:09:52.776 75 INFO cinder.api.openstack.wsgi [None req-2aa7cbad-c0eb-4cd9-9789-1552da2cd10c c6e86a8b1a9343cdb90e6034fbe87b8a eeefc8c8a9624b7e996cb4333ab793c9 - - default default] GET http://[LB_IP_ADDRESS]:8776/v3/eeefc8c8a9624b7e996cb4333ab793c9/snapshots/91392ebf-6396-4b2f-9288-8ce839253bd9
2025-12-16 11:09:52.785 75 INFO cinder.volume.api [None req-2aa7cbad-c0eb-4cd9-9789-1552da2cd10c c6e86a8b1a9343cdb90e6034fbe87b8a eeefc8c8a9624b7e996cb4333ab793c9 - - default default] Snapshot retrieved successfully.
2025-12-16 11:09:52.786 75 INFO cinder.api.openstack.wsgi [None req-2aa7cbad-c0eb-4cd9-9789-1552da2cd10c c6e86a8b1a9343cdb90e6034fbe87b8a eeefc8c8a9624b7e996cb4333ab793c9 - - default default] http://[LB_IP_ADDRESS]:8776/v3/eeefc8c8a9624b7e996cb4333ab793c9/snapshots/91392ebf-6396-4b2f-9288-8ce839253bd9 returned with HTTP 200
2025-12-16 11:09:52.800 73 INFO cinder.api.openstack.wsgi [None req-e0c66f05-10db-4da6-a42c-42db23c3c035 c6e86a8b1a9343cdb90e6034fbe87b8a eeefc8c8a9624b7e996cb4333ab793c9 - - default default] GET http://[LB_IP_ADDRESS]:8776/v3/eeefc8c8a9624b7e996cb4333ab793c9/snapshots/67860080-6210-4938-9f23-775f437a0f82
2025-12-16 11:09:52.810 73 INFO cinder.volume.api [None req-e0c66f05-10db-4da6-a42c-42db23c3c035 c6e86a8b1a9343cdb90e6034fbe87b8a eeefc8c8a9624b7e996cb4333ab793c9 - - default default] Snapshot retrieved successfully.
2025-12-16 11:09:52.811 73 INFO cinder.api.openstack.wsgi [None req-e0c66f05-10db-4da6-a42c-42db23c3c035 c6e86a8b1a9343cdb90e6034fbe87b8a eeefc8c8a9624b7e996cb4333ab793c9 - - default default] http://[LB_IP_ADDRESS]:8776/v3/eeefc8c8a9624b7e996cb4333ab793c9/snapshots/67860080-6210-4938-9f23-775f437a0f82 returned with HTTP 200
2025-12-16 11:09:52.826 76 INFO cinder.api.openstack.wsgi [None req-231449b6-d61c-4858-a281-4a6269880470 c6e86a8b1a9343cdb90e6034fbe87b8a eeefc8c8a9624b7e996cb4333ab793c9 - - default default] DELETE http://[LB_IP_ADDRESS]:8776/v3/eeefc8c8a9624b7e996cb4333ab793c9/group_snapshots/c552575f-7bf3-49b0-8b4b-22fad97d0115
2025-12-16 11:09:52.827 76 INFO cinder.api.v3.group_snapshots [None req-231449b6-d61c-4858-a281-4a6269880470 c6e86a8b1a9343cdb90e6034fbe87b8a eeefc8c8a9624b7e996cb4333ab793c9 - - default default] Delete group_snapshot with id: c552575f-7bf3-49b0-8b4b-22fad97d0115
2025-12-16 11:09:52.864 76 INFO cinder.api.openstack.wsgi [None req-231449b6-d61c-4858-a281-4a6269880470 c6e86a8b1a9343cdb90e6034fbe87b8a eeefc8c8a9624b7e996cb4333ab793c9 - - default default] http://[LB_IP_ADDRESS]:8776/v3/eeefc8c8a9624b7e996cb4333ab793c9/group_snapshots/c552575f-7bf3-49b0-8b4b-22fad97d0115 returned with HTTP 202
2025-12-16 11:09:52.875 72 INFO cinder.api.openstack.wsgi [None req-78a5792c-3de8-4214-9467-6ec1cf2ec9f5 c6e86a8b1a9343cdb90e6034fbe87b8a eeefc8c8a9624b7e996cb4333ab793c9 - - default default] GET http://[LB_IP_ADDRESS]:8776/v3/eeefc8c8a9624b7e996cb4333ab793c9/volumes/detail
2025-12-16 11:09:52.890 72 INFO cinder.volume.api [None req-78a5792c-3de8-4214-9467-6ec1cf2ec9f5 c6e86a8b1a9343cdb90e6034fbe87b8a eeefc8c8a9624b7e996cb4333ab793c9 - - default default] Get all volumes completed successfully.
2025-12-16 11:09:52.923 72 INFO cinder.api.openstack.wsgi [None req-78a5792c-3de8-4214-9467-6ec1cf2ec9f5 c6e86a8b1a9343cdb90e6034fbe87b8a eeefc8c8a9624b7e996cb4333ab793c9 - - default default] http://[LB_IP_ADDRESS]:8776/v3/eeefc8c8a9624b7e996cb4333ab793c9/volumes/detail returned with HTTP 200
2025-12-16 11:09:52.942 74 INFO cinder.api.openstack.wsgi [None req-d8449eae-45a4-4ee7-82aa-89d292e23d92 c6e86a8b1a9343cdb90e6034fbe87b8a eeefc8c8a9624b7e996cb4333ab793c9 - - default default] GET http://[LB_IP_ADDRESS]:8776/v3/eeefc8c8a9624b7e996cb4333ab793c9/snapshots/detail
2025-12-16 11:09:52.950 74 INFO cinder.volume.api [None req-d8449eae-45a4-4ee7-82aa-89d292e23d92 c6e86a8b1a9343cdb90e6034fbe87b8a eeefc8c8a9624b7e996cb4333ab793c9 - - default default] Get all snapshots completed successfully.
2025-12-16 11:09:52.951 74 INFO cinder.api.openstack.wsgi [None req-d8449eae-45a4-4ee7-82aa-89d292e23d92 c6e86a8b1a9343cdb90e6034fbe87b8a eeefc8c8a9624b7e996cb4333ab793c9 - - default default] http://[LB_IP_ADDRESS]:8776/v3/eeefc8c8a9624b7e996cb4333ab793c9/snapshots/detail returned with HTTP 200
2025-12-16 11:09:52.966 75 INFO cinder.api.openstack.wsgi [None req-cfa802b9-ff08-4b92-915a-67c3e884573c c6e86a8b1a9343cdb90e6034fbe87b8a eeefc8c8a9624b7e996cb4333ab793c9 - - default default] GET http://[LB_IP_ADDRESS]:8776/v3/eeefc8c8a9624b7e996cb4333ab793c9/snapshots/67860080-6210-4938-9f23-775f437a0f82
2025-12-16 11:09:52.976 75 INFO cinder.volume.api [None req-cfa802b9-ff08-4b92-915a-67c3e884573c c6e86a8b1a9343cdb90e6034fbe87b8a eeefc8c8a9624b7e996cb4333ab793c9 - - default default] Snapshot retrieved successfully.
2025-12-16 11:09:52.977 75 INFO cinder.api.openstack.wsgi [None req-cfa802b9-ff08-4b92-915a-67c3e884573c c6e86a8b1a9343cdb90e6034fbe87b8a eeefc8c8a9624b7e996cb4333ab793c9 - - default default] http://[LB_IP_ADDRESS]:8776/v3/eeefc8c8a9624b7e996cb4333ab793c9/snapshots/67860080-6210-4938-9f23-775f437a0f82 returned with HTTP 200
2025-12-16 11:09:53.001 73 INFO cinder.api.openstack.wsgi [None req-449600a0-604e-4204-a653-e5d1cf088d77 1aa8649818ac4046bf8683055d8c8d8b 0928ac4d74124bc1938f6e15036ac73f - - default default] GET http://[LB_IP_ADDRESS]:8776/v3/0928ac4d74124bc1938f6e15036ac73f/snapshots/d5ef1375-6f19-44fc-b9df-4f5e297f06a1
2025-12-16 11:09:53.011 73 INFO cinder.volume.api [None req-449600a0-604e-4204-a653-e5d1cf088d77 1aa8649818ac4046bf8683055d8c8d8b 0928ac4d74124bc1938f6e15036ac73f - - default default] Snapshot retrieved successfully.
2025-12-16 11:09:53.012 73 INFO cinder.api.openstack.wsgi [None req-449600a0-604e-4204-a653-e5d1cf088d77 1aa8649818ac4046bf8683055d8c8d8b 0928ac4d74124bc1938f6e15036ac73f - - default default] http://[LB_IP_ADDRESS]:8776/v3/0928ac4d74124bc1938f6e15036ac73f/snapshots/d5ef1375-6f19-44fc-b9df-4f5e297f06a1 returned with HTTP 200
2025-12-16 11:09:53.030 76 INFO cinder.api.openstack.wsgi [None req-306b9f82-241d-4d80-bf62-2c554d974744 2110f1606fef4d97a40381c10302076d c9156facf7d34ef5a9c536de8151261e - - default default] PUT http://[LB_IP_ADDRESS]:8776/v3/c9156facf7d34ef5a9c536de8151261e/os-quota-sets/0928ac4d74124bc1938f6e15036ac73f
2025-12-16 11:09:53.196 76 WARNING cinder.quota [None req-306b9f82-241d-4d80-bf62-2c554d974744 2110f1606fef4d97a40381c10302076d c9156facf7d34ef5a9c536de8151261e - - default default] Deprecated: Default quota for resource: volumes_tempest-GroupSnapshotsTest-volume-type-532527852 is set by the default quota flag: quota_volumes_tempest-GroupSnapshotsTest-volume-type-532527852, it is now deprecated. Please use the default quota class for default quota.
2025-12-16 11:09:53.196 76 WARNING cinder.quota [None req-306b9f82-241d-4d80-bf62-2c554d974744 2110f1606fef4d97a40381c10302076d c9156facf7d34ef5a9c536de8151261e - - default default] Deprecated: Default quota for resource: gigabytes_tempest-GroupSnapshotsTest-volume-type-532527852 is set by the default quota flag: quota_gigabytes_tempest-GroupSnapshotsTest-volume-type-532527852, it is now deprecated. Please use the default quota class for default quota.
2025-12-16 11:09:53.197 76 WARNING cinder.quota [None req-306b9f82-241d-4d80-bf62-2c554d974744 2110f1606fef4d97a40381c10302076d c9156facf7d34ef5a9c536de8151261e - - default default] Deprecated: Default quota for resource: snapshots_tempest-GroupSnapshotsTest-volume-type-532527852 is set by the default quota flag: quota_snapshots_tempest-GroupSnapshotsTest-volume-type-532527852, it is now deprecated. Please use the default quota class for default quota.
2025-12-16 11:09:53.242 76 INFO cinder.api.openstack.wsgi [None req-306b9f82-241d-4d80-bf62-2c554d974744 2110f1606fef4d97a40381c10302076d c9156facf7d34ef5a9c536de8151261e - - default default] http://[LB_IP_ADDRESS]:8776/v3/c9156facf7d34ef5a9c536de8151261e/os-quota-sets/0928ac4d74124bc1938f6e15036ac73f returned with HTTP 200
2025-12-16 11:09:53.257 72 INFO cinder.api.openstack.wsgi [None req-ecc68f75-88f6-4489-ba10-da8c64d3f2c5 1aa8649818ac4046bf8683055d8c8d8b 0928ac4d74124bc1938f6e15036ac73f - - default default] POST http://[LB_IP_ADDRESS]:8776/v3/0928ac4d74124bc1938f6e15036ac73f/snapshots
2025-12-16 11:09:53.271 72 INFO cinder.volume.api [None req-ecc68f75-88f6-4489-ba10-da8c64d3f2c5 1aa8649818ac4046bf8683055d8c8d8b 0928ac4d74124bc1938f6e15036ac73f - - default default] Volume info retrieved successfully.
2025-12-16 11:09:53.271 72 INFO cinder.api.v3.snapshots [None req-ecc68f75-88f6-4489-ba10-da8c64d3f2c5 1aa8649818ac4046bf8683055d8c8d8b 0928ac4d74124bc1938f6e15036ac73f - - default default] Create snapshot from volume 98791dd7-a142-46ba-8b39-ea9d5e592b28
2025-12-16 11:09:53.348 72 WARNING cinder.quota_utils [None req-ecc68f75-88f6-4489-ba10-da8c64d3f2c5 1aa8649818ac4046bf8683055d8c8d8b 0928ac4d74124bc1938f6e15036ac73f - - default default] Quota exceeded for 0928ac4d74124bc1938f6e15036ac73f, tried to create 1G snapshot (2G of 2G already consumed).: cinder.exception.OverQuota: Quota exceeded for resources: ['gigabytes']
2025-12-16 11:09:53.349 72 INFO cinder.api.middleware.fault [None req-ecc68f75-88f6-4489-ba10-da8c64d3f2c5 1aa8649818ac4046bf8683055d8c8d8b 0928ac4d74124bc1938f6e15036ac73f - - default default] http://[LB_IP_ADDRESS]:8776/v3/0928ac4d74124bc1938f6e15036ac73f/snapshots returned with HTTP 413
2025-12-16 11:09:53.363 75 INFO cinder.api.openstack.wsgi [None req-f1b23771-491a-459e-a391-78a9a361f7fe 2110f1606fef4d97a40381c10302076d c9156facf7d34ef5a9c536de8151261e - - default default] PUT http://[LB_IP_ADDRESS]:8776/v3/c9156facf7d34ef5a9c536de8151261e/os-quota-sets/0928ac4d74124bc1938f6e15036ac73f
2025-12-16 11:09:53.427 74 INFO cinder.api.openstack.wsgi [None req-cae343f5-6361-4496-aee0-f3087e83503b 9d07c43aa68c4437b7529296069b2065 2a88d583f977462b8d8d5859a07a8263 - - default default] GET http://[LB_IP_ADDRESS]:8776/v3/2a88d583f977462b8d8d5859a07a8263/os-quota-class-sets/default
2025-12-16 11:09:53.566 75 INFO cinder.api.openstack.wsgi [None req-f1b23771-491a-459e-a391-78a9a361f7fe 2110f1606fef4d97a40381c10302076d c9156facf7d34ef5a9c536de8151261e - - default default] http://[LB_IP_ADDRESS]:8776/v3/c9156facf7d34ef5a9c536de8151261e/os-quota-sets/0928ac4d74124bc1938f6e15036ac73f returned with HTTP 200
2025-12-16 11:09:53.582 73 INFO cinder.api.openstack.wsgi [None req-3a7451f5-7469-4f1e-8715-84e3ecf4d95e 1aa8649818ac4046bf8683055d8c8d8b 0928ac4d74124bc1938f6e15036ac73f - - default default] POST http://[LB_IP_ADDRESS]:8776/v3/0928ac4d74124bc1938f6e15036ac73f/snapshots
2025-12-16 11:09:53.597 73 INFO cinder.volume.api [None req-3a7451f5-7469-4f1e-8715-84e3ecf4d95e 1aa8649818ac4046bf8683055d8c8d8b 0928ac4d74124bc1938f6e15036ac73f - - default default] Volume info retrieved successfully.
2025-12-16 11:09:53.597 73 INFO cinder.api.v3.snapshots [None req-3a7451f5-7469-4f1e-8715-84e3ecf4d95e 1aa8649818ac4046bf8683055d8c8d8b 0928ac4d74124bc1938f6e15036ac73f - - default default] Create snapshot from volume 98791dd7-a142-46ba-8b39-ea9d5e592b28
2025-12-16 11:09:53.617 74 INFO cinder.api.openstack.wsgi [None req-cae343f5-6361-4496-aee0-f3087e83503b 9d07c43aa68c4437b7529296069b2065 2a88d583f977462b8d8d5859a07a8263 - - default default] http://[LB_IP_ADDRESS]:8776/v3/2a88d583f977462b8d8d5859a07a8263/os-quota-class-sets/default returned with HTTP 200
2025-12-16 11:09:53.636 76 INFO cinder.api.openstack.wsgi [None req-89296322-f6de-4703-90ee-949d32a3a608 9d07c43aa68c4437b7529296069b2065 2a88d583f977462b8d8d5859a07a8263 - - default default] GET http://[LB_IP_ADDRESS]:8776/v3/2a88d583f977462b8d8d5859a07a8263/os-quota-class-sets/default
2025-12-16 11:09:53.671 73 WARNING cinder.quota_utils [None req-3a7451f5-7469-4f1e-8715-84e3ecf4d95e 1aa8649818ac4046bf8683055d8c8d8b 0928ac4d74124bc1938f6e15036ac73f - - default default] Quota exceeded for 0928ac4d74124bc1938f6e15036ac73f, tried to create snapshot (1 snapshots already consumed).: cinder.exception.OverQuota: Quota exceeded for resources: ['snapshots']
2025-12-16 11:09:53.672 73 INFO cinder.api.middleware.fault [None req-3a7451f5-7469-4f1e-8715-84e3ecf4d95e 1aa8649818ac4046bf8683055d8c8d8b 0928ac4d74124bc1938f6e15036ac73f - - default default] http://[LB_IP_ADDRESS]:8776/v3/0928ac4d74124bc1938f6e15036ac73f/snapshots returned with HTTP 413
2025-12-16 11:09:53.686 72 INFO cinder.api.openstack.wsgi [None req-53a44baf-7e1c-4710-adf9-9bc6cf45c4cd 1aa8649818ac4046bf8683055d8c8d8b 0928ac4d74124bc1938f6e15036ac73f - - default default] DELETE http://[LB_IP_ADDRESS]:8776/v3/0928ac4d74124bc1938f6e15036ac73f/snapshots/d5ef1375-6f19-44fc-b9df-4f5e297f06a1
2025-12-16 11:09:53.687 72 INFO cinder.api.v2.snapshots [None req-53a44baf-7e1c-4710-adf9-9bc6cf45c4cd 1aa8649818ac4046bf8683055d8c8d8b 0928ac4d74124bc1938f6e15036ac73f - - default default] Delete snapshot with id: d5ef1375-6f19-44fc-b9df-4f5e297f06a1
2025-12-16 11:09:53.695 72 INFO cinder.volume.api [None req-53a44baf-7e1c-4710-adf9-9bc6cf45c4cd 1aa8649818ac4046bf8683055d8c8d8b 0928ac4d74124bc1938f6e15036ac73f - - default default] Snapshot retrieved successfully.
2025-12-16 11:09:53.713 72 INFO cinder.volume.api [None req-53a44baf-7e1c-4710-adf9-9bc6cf45c4cd 1aa8649818ac4046bf8683055d8c8d8b 0928ac4d74124bc1938f6e15036ac73f - - default default] Snapshot delete request issued successfully.
2025-12-16 11:09:53.713 72 INFO cinder.api.openstack.wsgi [None req-53a44baf-7e1c-4710-adf9-9bc6cf45c4cd 1aa8649818ac4046bf8683055d8c8d8b 0928ac4d74124bc1938f6e15036ac73f - - default default] http://[LB_IP_ADDRESS]:8776/v3/0928ac4d74124bc1938f6e15036ac73f/snapshots/d5ef1375-6f19-44fc-b9df-4f5e297f06a1 returned with HTTP 202
2025-12-16 11:09:53.722 75 INFO cinder.api.openstack.wsgi [None req-66f292b4-0f3f-4f08-8c82-7ac1a61ed9b7 1aa8649818ac4046bf8683055d8c8d8b 0928ac4d74124bc1938f6e15036ac73f - - default default] GET http://[LB_IP_ADDRESS]:8776/v3/0928ac4d74124bc1938f6e15036ac73f/snapshots/d5ef1375-6f19-44fc-b9df-4f5e297f06a1
2025-12-16 11:09:53.731 75 INFO cinder.volume.api [None req-66f292b4-0f3f-4f08-8c82-7ac1a61ed9b7 1aa8649818ac4046bf8683055d8c8d8b 0928ac4d74124bc1938f6e15036ac73f - - default default] Snapshot retrieved successfully.
2025-12-16 11:09:53.733 75 INFO cinder.api.openstack.wsgi [None req-66f292b4-0f3f-4f08-8c82-7ac1a61ed9b7 1aa8649818ac4046bf8683055d8c8d8b 0928ac4d74124bc1938f6e15036ac73f - - default default] http://[LB_IP_ADDRESS]:8776/v3/0928ac4d74124bc1938f6e15036ac73f/snapshots/d5ef1375-6f19-44fc-b9df-4f5e297f06a1 returned with HTTP 200
2025-12-16 11:09:53.812 76 INFO cinder.api.openstack.wsgi [None req-89296322-f6de-4703-90ee-949d32a3a608 9d07c43aa68c4437b7529296069b2065 2a88d583f977462b8d8d5859a07a8263 - - default default] http://[LB_IP_ADDRESS]:8776/v3/2a88d583f977462b8d8d5859a07a8263/os-quota-class-sets/default returned with HTTP 200
2025-12-16 11:09:53.828 74 INFO cinder.api.openstack.wsgi [None req-16e10c78-af57-4c1d-947f-e4f980754dae 9d07c43aa68c4437b7529296069b2065 2a88d583f977462b8d8d5859a07a8263 - - default default] POST http://[LB_IP_ADDRESS]:8776/v3/2a88d583f977462b8d8d5859a07a8263/types
2025-12-16 11:09:53.860 74 INFO cinder.api.openstack.wsgi [None req-16e10c78-af57-4c1d-947f-e4f980754dae 9d07c43aa68c4437b7529296069b2065 2a88d583f977462b8d8d5859a07a8263 - - default default] http://[LB_IP_ADDRESS]:8776/v3/2a88d583f977462b8d8d5859a07a8263/types returned with HTTP 200
2025-12-16 11:09:53.876 73 INFO cinder.api.openstack.wsgi [None req-e0e97b8b-236f-444f-a960-29a70de4ce71 9d07c43aa68c4437b7529296069b2065 2a88d583f977462b8d8d5859a07a8263 - - default default] PUT http://[LB_IP_ADDRESS]:8776/v3/2a88d583f977462b8d8d5859a07a8263/os-quota-class-sets/default
2025-12-16 11:09:53.991 72 INFO cinder.api.openstack.wsgi [None req-928f9a72-3e7b-4923-bfc7-c1863bdff0fc c6e86a8b1a9343cdb90e6034fbe87b8a eeefc8c8a9624b7e996cb4333ab793c9 - - default default] GET http://[LB_IP_ADDRESS]:8776/v3/eeefc8c8a9624b7e996cb4333ab793c9/snapshots/67860080-6210-4938-9f23-775f437a0f82
2025-12-16 11:09:53.997 72 INFO cinder.api.openstack.wsgi [None req-928f9a72-3e7b-4923-bfc7-c1863bdff0fc c6e86a8b1a9343cdb90e6034fbe87b8a eeefc8c8a9624b7e996cb4333ab793c9 - - default default] http://[LB_IP_ADDRESS]:8776/v3/eeefc8c8a9624b7e996cb4333ab793c9/snapshots/67860080-6210-4938-9f23-775f437a0f82 returned with HTTP 404
2025-12-16 11:09:54.010 75 INFO cinder.api.openstack.wsgi [None req-d065e257-a307-40bf-887b-c6cb96737763 c6e86a8b1a9343cdb90e6034fbe87b8a eeefc8c8a9624b7e996cb4333ab793c9 - - default default] GET http://[LB_IP_ADDRESS]:8776/v3/eeefc8c8a9624b7e996cb4333ab793c9/snapshots/91392ebf-6396-4b2f-9288-8ce839253bd9
2025-12-16 11:09:54.019 75 INFO cinder.volume.api [None req-d065e257-a307-40bf-887b-c6cb96737763 c6e86a8b1a9343cdb90e6034fbe87b8a eeefc8c8a9624b7e996cb4333ab793c9 - - default default] Snapshot retrieved successfully.
2025-12-16 11:09:54.020 75 INFO cinder.api.openstack.wsgi [None req-d065e257-a307-40bf-887b-c6cb96737763 c6e86a8b1a9343cdb90e6034fbe87b8a eeefc8c8a9624b7e996cb4333ab793c9 - - default default] http://[LB_IP_ADDRESS]:8776/v3/eeefc8c8a9624b7e996cb4333ab793c9/snapshots/91392ebf-6396-4b2f-9288-8ce839253bd9 returned with HTTP 200
2025-12-16 11:09:54.186 73 INFO cinder.api.openstack.wsgi [None req-e0e97b8b-236f-444f-a960-29a70de4ce71 9d07c43aa68c4437b7529296069b2065 2a88d583f977462b8d8d5859a07a8263 - - default default] http://[LB_IP_ADDRESS]:8776/v3/2a88d583f977462b8d8d5859a07a8263/os-quota-class-sets/default returned with HTTP 200
2025-12-16 11:09:54.203 76 INFO cinder.api.openstack.wsgi [None req-f6527782-e665-4795-9b70-ce4b4a527bd5 9d07c43aa68c4437b7529296069b2065 2a88d583f977462b8d8d5859a07a8263 - - default default] GET http://[LB_IP_ADDRESS]:8776/v3/2a88d583f977462b8d8d5859a07a8263/os-quota-sets/2a88d583f977462b8d8d5859a07a8263/defaults
2025-12-16 11:09:54.302 76 INFO cinder.api.openstack.wsgi [None req-f6527782-e665-4795-9b70-ce4b4a527bd5 9d07c43aa68c4437b7529296069b2065 2a88d583f977462b8d8d5859a07a8263 - - default default] http://[LB_IP_ADDRESS]:8776/v3/2a88d583f977462b8d8d5859a07a8263/os-quota-sets/2a88d583f977462b8d8d5859a07a8263/defaults returned with HTTP 200
2025-12-16 11:09:54.515 74 INFO cinder.api.openstack.wsgi [None req-54f14ed8-6ea7-4ab6-92b9-d72842e10d9e 9d07c43aa68c4437b7529296069b2065 2a88d583f977462b8d8d5859a07a8263 - - default default] GET http://[LB_IP_ADDRESS]:8776/v3/2a88d583f977462b8d8d5859a07a8263/os-quota-sets/cd7dcf59dd8f4e34af676639e6fb1277/defaults
2025-12-16 11:09:54.575 74 WARNING cinder.quota [None req-54f14ed8-6ea7-4ab6-92b9-d72842e10d9e 9d07c43aa68c4437b7529296069b2065 2a88d583f977462b8d8d5859a07a8263 - - default default] Deprecated: Default quota for resource: snapshots_tempest-GroupSnapshotsTest-volume-type-532527852 is set by the default quota flag: quota_snapshots_tempest-GroupSnapshotsTest-volume-type-532527852, it is now deprecated. Please use the default quota class for default quota.
2025-12-16 11:09:54.609 74 INFO cinder.api.openstack.wsgi [None req-54f14ed8-6ea7-4ab6-92b9-d72842e10d9e 9d07c43aa68c4437b7529296069b2065 2a88d583f977462b8d8d5859a07a8263 - - default default] http://[LB_IP_ADDRESS]:8776/v3/2a88d583f977462b8d8d5859a07a8263/os-quota-sets/cd7dcf59dd8f4e34af676639e6fb1277/defaults returned with HTTP 200
2025-12-16 11:09:54.684 72 INFO cinder.api.openstack.wsgi [None req-aa46cdcd-6600-4bfa-9b47-ef1a54b18fad 9d07c43aa68c4437b7529296069b2065 2a88d583f977462b8d8d5859a07a8263 - - default default] DELETE http://[LB_IP_ADDRESS]:8776/v3/2a88d583f977462b8d8d5859a07a8263/types/6840b3c1-9ffb-40e8-b68a-cc5d038bd0e6
2025-12-16 11:09:54.713 72 INFO cinder.api.openstack.wsgi [None req-aa46cdcd-6600-4bfa-9b47-ef1a54b18fad 9d07c43aa68c4437b7529296069b2065 2a88d583f977462b8d8d5859a07a8263 - - default default] http://[LB_IP_ADDRESS]:8776/v3/2a88d583f977462b8d8d5859a07a8263/types/6840b3c1-9ffb-40e8-b68a-cc5d038bd0e6 returned with HTTP 202
2025-12-16 11:09:54.726 75 INFO cinder.api.openstack.wsgi [None req-47832578-9a40-4c49-9c4f-bd78ae3a1ca6 9d07c43aa68c4437b7529296069b2065 2a88d583f977462b8d8d5859a07a8263 - - default default] GET http://[LB_IP_ADDRESS]:8776/v3/2a88d583f977462b8d8d5859a07a8263/types/6840b3c1-9ffb-40e8-b68a-cc5d038bd0e6
2025-12-16 11:09:54.731 75 INFO cinder.api.openstack.wsgi [None req-47832578-9a40-4c49-9c4f-bd78ae3a1ca6 9d07c43aa68c4437b7529296069b2065 2a88d583f977462b8d8d5859a07a8263 - - default default] http://[LB_IP_ADDRESS]:8776/v3/2a88d583f977462b8d8d5859a07a8263/types/6840b3c1-9ffb-40e8-b68a-cc5d038bd0e6 returned with HTTP 404
2025-12-16 11:09:54.749 73 INFO cinder.api.openstack.wsgi [None req-81f144b2-9854-4c86-9a4d-25347367476c 9d07c43aa68c4437b7529296069b2065 2a88d583f977462b8d8d5859a07a8263 - - default default] PUT http://[LB_IP_ADDRESS]:8776/v3/2a88d583f977462b8d8d5859a07a8263/os-quota-class-sets/default
2025-12-16 11:09:54.750 76 INFO cinder.api.openstack.wsgi [None req-a9fccda2-4aa8-44cf-a41d-7bce1adfb536 1aa8649818ac4046bf8683055d8c8d8b 0928ac4d74124bc1938f6e15036ac73f - - default default] GET http://[LB_IP_ADDRESS]:8776/v3/0928ac4d74124bc1938f6e15036ac73f/snapshots/d5ef1375-6f19-44fc-b9df-4f5e297f06a1
2025-12-16 11:09:54.757 76 INFO cinder.api.openstack.wsgi [None req-a9fccda2-4aa8-44cf-a41d-7bce1adfb536 1aa8649818ac4046bf8683055d8c8d8b 0928ac4d74124bc1938f6e15036ac73f - - default default] http://[LB_IP_ADDRESS]:8776/v3/0928ac4d74124bc1938f6e15036ac73f/snapshots/d5ef1375-6f19-44fc-b9df-4f5e297f06a1 returned with HTTP 404
2025-12-16 11:09:54.769 74 INFO cinder.api.openstack.wsgi [None req-c7fa21f7-defc-4a6d-8b9d-e074405dc10d 1aa8649818ac4046bf8683055d8c8d8b 0928ac4d74124bc1938f6e15036ac73f - - default default] GET http://[LB_IP_ADDRESS]:8776/v3/0928ac4d74124bc1938f6e15036ac73f/volumes/98791dd7-a142-46ba-8b39-ea9d5e592b28
2025-12-16 11:09:54.786 74 INFO cinder.volume.api [None req-c7fa21f7-defc-4a6d-8b9d-e074405dc10d 1aa8649818ac4046bf8683055d8c8d8b 0928ac4d74124bc1938f6e15036ac73f - - default default] Volume info retrieved successfully.
2025-12-16 11:09:54.791 74 INFO cinder.api.openstack.wsgi [None req-c7fa21f7-defc-4a6d-8b9d-e074405dc10d 1aa8649818ac4046bf8683055d8c8d8b 0928ac4d74124bc1938f6e15036ac73f - - default default] http://[LB_IP_ADDRESS]:8776/v3/0928ac4d74124bc1938f6e15036ac73f/volumes/98791dd7-a142-46ba-8b39-ea9d5e592b28 returned with HTTP 200
2025-12-16 11:09:54.811 72 INFO cinder.api.openstack.wsgi [None req-e4faae6f-f5ed-4fdb-ac2a-43a3115ea375 1aa8649818ac4046bf8683055d8c8d8b 0928ac4d74124bc1938f6e15036ac73f - - default default] DELETE http://[LB_IP_ADDRESS]:8776/v3/0928ac4d74124bc1938f6e15036ac73f/volumes/98791dd7-a142-46ba-8b39-ea9d5e592b28
2025-12-16 11:09:54.812 72 INFO cinder.api.v3.volumes [None req-e4faae6f-f5ed-4fdb-ac2a-43a3115ea375 1aa8649818ac4046bf8683055d8c8d8b 0928ac4d74124bc1938f6e15036ac73f - - default default] Delete volume with id: 98791dd7-a142-46ba-8b39-ea9d5e592b28 
2025-12-16 11:09:54.825 72 INFO cinder.volume.api [None req-e4faae6f-f5ed-4fdb-ac2a-43a3115ea375 1aa8649818ac4046bf8683055d8c8d8b 0928ac4d74124bc1938f6e15036ac73f - - default default] Volume info retrieved successfully.
2025-12-16 11:09:54.842 72 INFO cinder.volume.api [None req-e4faae6f-f5ed-4fdb-ac2a-43a3115ea375 1aa8649818ac4046bf8683055d8c8d8b 0928ac4d74124bc1938f6e15036ac73f - - default default] Delete volume request issued successfully.
2025-12-16 11:09:54.842 72 INFO cinder.api.openstack.wsgi [None req-e4faae6f-f5ed-4fdb-ac2a-43a3115ea375 1aa8649818ac4046bf8683055d8c8d8b 0928ac4d74124bc1938f6e15036ac73f - - default default] http://[LB_IP_ADDRESS]:8776/v3/0928ac4d74124bc1938f6e15036ac73f/volumes/98791dd7-a142-46ba-8b39-ea9d5e592b28 returned with HTTP 202
2025-12-16 11:09:54.857 75 INFO cinder.api.openstack.wsgi [None req-b3aa8365-362b-4d1d-b0c5-f52099b96cef 1aa8649818ac4046bf8683055d8c8d8b 0928ac4d74124bc1938f6e15036ac73f - - default default] GET http://[LB_IP_ADDRESS]:8776/v3/0928ac4d74124bc1938f6e15036ac73f/volumes/98791dd7-a142-46ba-8b39-ea9d5e592b28
2025-12-16 11:09:54.871 75 INFO cinder.volume.api [None req-b3aa8365-362b-4d1d-b0c5-f52099b96cef 1aa8649818ac4046bf8683055d8c8d8b 0928ac4d74124bc1938f6e15036ac73f - - default default] Volume info retrieved successfully.
2025-12-16 11:09:54.876 75 INFO cinder.api.openstack.wsgi [None req-b3aa8365-362b-4d1d-b0c5-f52099b96cef 1aa8649818ac4046bf8683055d8c8d8b 0928ac4d74124bc1938f6e15036ac73f - - default default] http://[LB_IP_ADDRESS]:8776/v3/0928ac4d74124bc1938f6e15036ac73f/volumes/98791dd7-a142-46ba-8b39-ea9d5e592b28 returned with HTTP 200
2025-12-16 11:09:55.015 73 INFO cinder.api.openstack.wsgi [None req-81f144b2-9854-4c86-9a4d-25347367476c 9d07c43aa68c4437b7529296069b2065 2a88d583f977462b8d8d5859a07a8263 - - default default] http://[LB_IP_ADDRESS]:8776/v3/2a88d583f977462b8d8d5859a07a8263/os-quota-class-sets/default returned with HTTP 200
2025-12-16 11:09:55.034 76 INFO cinder.api.openstack.wsgi [None req-402d6574-2f8f-4f11-a0d4-460c35e0e435 c6e86a8b1a9343cdb90e6034fbe87b8a eeefc8c8a9624b7e996cb4333ab793c9 - - default default] GET http://[LB_IP_ADDRESS]:8776/v3/eeefc8c8a9624b7e996cb4333ab793c9/snapshots/91392ebf-6396-4b2f-9288-8ce839253bd9
2025-12-16 11:09:55.044 76 INFO cinder.api.openstack.wsgi [None req-402d6574-2f8f-4f11-a0d4-460c35e0e435 c6e86a8b1a9343cdb90e6034fbe87b8a eeefc8c8a9624b7e996cb4333ab793c9 - - default default] http://[LB_IP_ADDRESS]:8776/v3/eeefc8c8a9624b7e996cb4333ab793c9/snapshots/91392ebf-6396-4b2f-9288-8ce839253bd9 returned with HTTP 404
2025-12-16 11:09:55.056 74 INFO cinder.api.openstack.wsgi [None req-abdb975e-cbcd-4f14-bc05-2b0194ea75bf c6e86a8b1a9343cdb90e6034fbe87b8a eeefc8c8a9624b7e996cb4333ab793c9 - - default default] GET http://[LB_IP_ADDRESS]:8776/v3/eeefc8c8a9624b7e996cb4333ab793c9/group_snapshots/c552575f-7bf3-49b0-8b4b-22fad97d0115
2025-12-16 11:09:55.061 74 INFO cinder.api.openstack.wsgi [None req-abdb975e-cbcd-4f14-bc05-2b0194ea75bf c6e86a8b1a9343cdb90e6034fbe87b8a eeefc8c8a9624b7e996cb4333ab793c9 - - default default] http://[LB_IP_ADDRESS]:8776/v3/eeefc8c8a9624b7e996cb4333ab793c9/group_snapshots/c552575f-7bf3-49b0-8b4b-22fad97d0115 returned with HTTP 404
2025-12-16 11:09:55.073 72 INFO cinder.api.openstack.wsgi [None req-532211db-e57d-4e34-a926-74e899fc7f9d c6e86a8b1a9343cdb90e6034fbe87b8a eeefc8c8a9624b7e996cb4333ab793c9 - - default default] DELETE http://[LB_IP_ADDRESS]:8776/v3/eeefc8c8a9624b7e996cb4333ab793c9/group_snapshots/c552575f-7bf3-49b0-8b4b-22fad97d0115
2025-12-16 11:09:55.074 72 INFO cinder.api.v3.group_snapshots [None req-532211db-e57d-4e34-a926-74e899fc7f9d c6e86a8b1a9343cdb90e6034fbe87b8a eeefc8c8a9624b7e996cb4333ab793c9 - - default default] Delete group_snapshot with id: c552575f-7bf3-49b0-8b4b-22fad97d0115
2025-12-16 11:09:55.079 72 INFO cinder.api.openstack.wsgi [None req-532211db-e57d-4e34-a926-74e899fc7f9d c6e86a8b1a9343cdb90e6034fbe87b8a eeefc8c8a9624b7e996cb4333ab793c9 - - default default] http://[LB_IP_ADDRESS]:8776/v3/eeefc8c8a9624b7e996cb4333ab793c9/group_snapshots/c552575f-7bf3-49b0-8b4b-22fad97d0115 returned with HTTP 404
2025-12-16 11:09:55.089 75 INFO cinder.api.openstack.wsgi [None req-c4f1ea20-9359-4d6b-8d31-aac79f1ce2b9 c6e86a8b1a9343cdb90e6034fbe87b8a eeefc8c8a9624b7e996cb4333ab793c9 - - default default] GET http://[LB_IP_ADDRESS]:8776/v3/eeefc8c8a9624b7e996cb4333ab793c9/volumes/detail
2025-12-16 11:09:55.103 75 INFO cinder.volume.api [None req-c4f1ea20-9359-4d6b-8d31-aac79f1ce2b9 c6e86a8b1a9343cdb90e6034fbe87b8a eeefc8c8a9624b7e996cb4333ab793c9 - - default default] Get all volumes completed successfully.
2025-12-16 11:09:55.137 75 INFO cinder.api.openstack.wsgi [None req-c4f1ea20-9359-4d6b-8d31-aac79f1ce2b9 c6e86a8b1a9343cdb90e6034fbe87b8a eeefc8c8a9624b7e996cb4333ab793c9 - - default default] http://[LB_IP_ADDRESS]:8776/v3/eeefc8c8a9624b7e996cb4333ab793c9/volumes/detail returned with HTTP 200
2025-12-16 11:09:55.152 73 INFO cinder.api.openstack.wsgi [None req-4b938c94-8282-4fe8-b6db-2baddd6b8e14 c6e86a8b1a9343cdb90e6034fbe87b8a eeefc8c8a9624b7e996cb4333ab793c9 - - default default] POST http://[LB_IP_ADDRESS]:8776/v3/eeefc8c8a9624b7e996cb4333ab793c9/groups/90a9f787-ebde-4058-b4f9-368c5f98a2c1/action
2025-12-16 11:09:55.154 73 INFO cinder.api.v3.groups [None req-4b938c94-8282-4fe8-b6db-2baddd6b8e14 c6e86a8b1a9343cdb90e6034fbe87b8a eeefc8c8a9624b7e996cb4333ab793c9 - - default default] Delete group with id: 90a9f787-ebde-4058-b4f9-368c5f98a2c1
2025-12-16 11:09:55.205 73 INFO cinder.api.openstack.wsgi [None req-4b938c94-8282-4fe8-b6db-2baddd6b8e14 c6e86a8b1a9343cdb90e6034fbe87b8a eeefc8c8a9624b7e996cb4333ab793c9 - - default default] http://[LB_IP_ADDRESS]:8776/v3/eeefc8c8a9624b7e996cb4333ab793c9/groups/90a9f787-ebde-4058-b4f9-368c5f98a2c1/action returned with HTTP 202
2025-12-16 11:09:55.216 76 INFO cinder.api.openstack.wsgi [None req-65fda8f4-28e2-4e52-a5a2-2298bde4ebf5 c6e86a8b1a9343cdb90e6034fbe87b8a eeefc8c8a9624b7e996cb4333ab793c9 - - default default] GET http://[LB_IP_ADDRESS]:8776/v3/eeefc8c8a9624b7e996cb4333ab793c9/volumes/8fe36b20-f9ee-4a1a-bc20-19fe7558c498
2025-12-16 11:09:55.231 76 INFO cinder.volume.api [None req-65fda8f4-28e2-4e52-a5a2-2298bde4ebf5 c6e86a8b1a9343cdb90e6034fbe87b8a eeefc8c8a9624b7e996cb4333ab793c9 - - default default] Volume info retrieved successfully.
2025-12-16 11:09:55.250 76 INFO cinder.api.openstack.wsgi [None req-65fda8f4-28e2-4e52-a5a2-2298bde4ebf5 c6e86a8b1a9343cdb90e6034fbe87b8a eeefc8c8a9624b7e996cb4333ab793c9 - - default default] http://[LB_IP_ADDRESS]:8776/v3/eeefc8c8a9624b7e996cb4333ab793c9/volumes/8fe36b20-f9ee-4a1a-bc20-19fe7558c498 returned with HTTP 200
2025-12-16 11:09:55.896 74 INFO cinder.api.openstack.wsgi [None req-cdfc272c-a215-4a6c-b604-f80195e2f62d 1aa8649818ac4046bf8683055d8c8d8b 0928ac4d74124bc1938f6e15036ac73f - - default default] GET http://[LB_IP_ADDRESS]:8776/v3/0928ac4d74124bc1938f6e15036ac73f/volumes/98791dd7-a142-46ba-8b39-ea9d5e592b28
2025-12-16 11:09:55.908 74 INFO cinder.api.openstack.wsgi [None req-cdfc272c-a215-4a6c-b604-f80195e2f62d 1aa8649818ac4046bf8683055d8c8d8b 0928ac4d74124bc1938f6e15036ac73f - - default default] http://[LB_IP_ADDRESS]:8776/v3/0928ac4d74124bc1938f6e15036ac73f/volumes/98791dd7-a142-46ba-8b39-ea9d5e592b28 returned with HTTP 404
2025-12-16 11:09:55.922 72 INFO cinder.api.openstack.wsgi [None req-471b7fde-785c-413d-b7fb-2b686bced93b 2110f1606fef4d97a40381c10302076d c9156facf7d34ef5a9c536de8151261e - - default default] PUT http://[LB_IP_ADDRESS]:8776/v3/c9156facf7d34ef5a9c536de8151261e/os-quota-sets/0928ac4d74124bc1938f6e15036ac73f
2025-12-16 11:09:56.268 75 INFO cinder.api.openstack.wsgi [None req-60f25a0b-1bb9-40c6-b82d-b147976bab0a c6e86a8b1a9343cdb90e6034fbe87b8a eeefc8c8a9624b7e996cb4333ab793c9 - - default default] GET http://[LB_IP_ADDRESS]:8776/v3/eeefc8c8a9624b7e996cb4333ab793c9/volumes/8fe36b20-f9ee-4a1a-bc20-19fe7558c498
2025-12-16 11:09:56.286 75 INFO cinder.volume.api [None req-60f25a0b-1bb9-40c6-b82d-b147976bab0a c6e86a8b1a9343cdb90e6034fbe87b8a eeefc8c8a9624b7e996cb4333ab793c9 - - default default] Volume info retrieved successfully.
2025-12-16 11:09:56.309 75 INFO cinder.api.openstack.wsgi [None req-60f25a0b-1bb9-40c6-b82d-b147976bab0a c6e86a8b1a9343cdb90e6034fbe87b8a eeefc8c8a9624b7e996cb4333ab793c9 - - default default] http://[LB_IP_ADDRESS]:8776/v3/eeefc8c8a9624b7e996cb4333ab793c9/volumes/8fe36b20-f9ee-4a1a-bc20-19fe7558c498 returned with HTTP 200
2025-12-16 11:09:56.379 72 INFO cinder.api.openstack.wsgi [None req-471b7fde-785c-413d-b7fb-2b686bced93b 2110f1606fef4d97a40381c10302076d c9156facf7d34ef5a9c536de8151261e - - default default] http://[LB_IP_ADDRESS]:8776/v3/c9156facf7d34ef5a9c536de8151261e/os-quota-sets/0928ac4d74124bc1938f6e15036ac73f returned with HTTP 200
2025-12-16 11:09:57.327 73 INFO cinder.api.openstack.wsgi [None req-bbca540b-27fb-45a4-ba65-65415c416fa4 c6e86a8b1a9343cdb90e6034fbe87b8a eeefc8c8a9624b7e996cb4333ab793c9 - - default default] GET http://[LB_IP_ADDRESS]:8776/v3/eeefc8c8a9624b7e996cb4333ab793c9/volumes/8fe36b20-f9ee-4a1a-bc20-19fe7558c498
2025-12-16 11:09:57.339 73 INFO cinder.api.openstack.wsgi [None req-bbca540b-27fb-45a4-ba65-65415c416fa4 c6e86a8b1a9343cdb90e6034fbe87b8a eeefc8c8a9624b7e996cb4333ab793c9 - - default default] http://[LB_IP_ADDRESS]:8776/v3/eeefc8c8a9624b7e996cb4333ab793c9/volumes/8fe36b20-f9ee-4a1a-bc20-19fe7558c498 returned with HTTP 404
2025-12-16 11:09:57.351 76 INFO cinder.api.openstack.wsgi [None req-0df90ade-437c-4718-9fab-30c1bc2f38bc c6e86a8b1a9343cdb90e6034fbe87b8a eeefc8c8a9624b7e996cb4333ab793c9 - - default default] GET http://[LB_IP_ADDRESS]:8776/v3/eeefc8c8a9624b7e996cb4333ab793c9/volumes/1b849333-3057-4d40-bdea-4df05c39e5d4
2025-12-16 11:09:57.361 76 INFO cinder.api.openstack.wsgi [None req-0df90ade-437c-4718-9fab-30c1bc2f38bc c6e86a8b1a9343cdb90e6034fbe87b8a eeefc8c8a9624b7e996cb4333ab793c9 - - default default] http://[LB_IP_ADDRESS]:8776/v3/eeefc8c8a9624b7e996cb4333ab793c9/volumes/1b849333-3057-4d40-bdea-4df05c39e5d4 returned with HTTP 404
2025-12-16 11:09:57.373 74 INFO cinder.api.openstack.wsgi [None req-e616fa43-3967-4288-84cf-8542c1bcfeea c6e86a8b1a9343cdb90e6034fbe87b8a eeefc8c8a9624b7e996cb4333ab793c9 - - default default] GET http://[LB_IP_ADDRESS]:8776/v3/eeefc8c8a9624b7e996cb4333ab793c9/groups/90a9f787-ebde-4058-b4f9-368c5f98a2c1
2025-12-16 11:09:57.379 74 INFO cinder.api.openstack.wsgi [None req-e616fa43-3967-4288-84cf-8542c1bcfeea c6e86a8b1a9343cdb90e6034fbe87b8a eeefc8c8a9624b7e996cb4333ab793c9 - - default default] http://[LB_IP_ADDRESS]:8776/v3/eeefc8c8a9624b7e996cb4333ab793c9/groups/90a9f787-ebde-4058-b4f9-368c5f98a2c1 returned with HTTP 404
2025-12-16 11:09:57.391 75 INFO cinder.api.openstack.wsgi [None req-55f4541b-fc9a-4f22-a29c-799e360f063f 680670950f30450cad085db56c786789 0b711c413bc74a788e35fdbbf92ace1b - - default default] DELETE http://[LB_IP_ADDRESS]:8776/v3/0b711c413bc74a788e35fdbbf92ace1b/group_types/50515618-417e-4f73-9857-b2c1de2adae6
2025-12-16 11:09:57.407 75 INFO cinder.api.openstack.wsgi [None req-55f4541b-fc9a-4f22-a29c-799e360f063f 680670950f30450cad085db56c786789 0b711c413bc74a788e35fdbbf92ace1b - - default default] http://[LB_IP_ADDRESS]:8776/v3/0b711c413bc74a788e35fdbbf92ace1b/group_types/50515618-417e-4f73-9857-b2c1de2adae6 returned with HTTP 202
2025-12-16 11:09:57.418 72 INFO cinder.api.openstack.wsgi [None req-c4dadbf9-39d1-4a7a-9df6-5963e68b3e03 680670950f30450cad085db56c786789 0b711c413bc74a788e35fdbbf92ace1b - - default default] DELETE http://[LB_IP_ADDRESS]:8776/v3/0b711c413bc74a788e35fdbbf92ace1b/types/7d0e414a-2f02-4201-aaa8-19765927b81b
2025-12-16 11:09:57.461 72 INFO cinder.api.openstack.wsgi [None req-c4dadbf9-39d1-4a7a-9df6-5963e68b3e03 680670950f30450cad085db56c786789 0b711c413bc74a788e35fdbbf92ace1b - - default default] http://[LB_IP_ADDRESS]:8776/v3/0b711c413bc74a788e35fdbbf92ace1b/types/7d0e414a-2f02-4201-aaa8-19765927b81b returned with HTTP 202
2025-12-16 11:09:57.473 73 INFO cinder.api.openstack.wsgi [None req-d73d914c-86a7-4fed-997c-b7f5f8d644b8 680670950f30450cad085db56c786789 0b711c413bc74a788e35fdbbf92ace1b - - default default] GET http://[LB_IP_ADDRESS]:8776/v3/0b711c413bc74a788e35fdbbf92ace1b/types/7d0e414a-2f02-4201-aaa8-19765927b81b
2025-12-16 11:09:57.478 73 INFO cinder.api.openstack.wsgi [None req-d73d914c-86a7-4fed-997c-b7f5f8d644b8 680670950f30450cad085db56c786789 0b711c413bc74a788e35fdbbf92ace1b - - default default] http://[LB_IP_ADDRESS]:8776/v3/0b711c413bc74a788e35fdbbf92ace1b/types/7d0e414a-2f02-4201-aaa8-19765927b81b returned with HTTP 404
2025-12-16 11:09:57.497 76 INFO cinder.api.openstack.wsgi [None req-bc7d3cf8-4617-4605-9bec-0192efedf5cc 680670950f30450cad085db56c786789 0b711c413bc74a788e35fdbbf92ace1b - - default default] POST http://[LB_IP_ADDRESS]:8776/v3/0b711c413bc74a788e35fdbbf92ace1b/types
2025-12-16 11:09:57.536 76 INFO cinder.api.openstack.wsgi [None req-bc7d3cf8-4617-4605-9bec-0192efedf5cc 680670950f30450cad085db56c786789 0b711c413bc74a788e35fdbbf92ace1b - - default default] http://[LB_IP_ADDRESS]:8776/v3/0b711c413bc74a788e35fdbbf92ace1b/types returned with HTTP 200
2025-12-16 11:09:57.548 74 INFO cinder.api.openstack.wsgi [None req-4a64cba8-a3a7-47bb-89a0-c7e93323d2bf 680670950f30450cad085db56c786789 0b711c413bc74a788e35fdbbf92ace1b - - default default] POST http://[LB_IP_ADDRESS]:8776/v3/0b711c413bc74a788e35fdbbf92ace1b/group_types
2025-12-16 11:09:57.572 74 INFO cinder.api.openstack.wsgi [None req-4a64cba8-a3a7-47bb-89a0-c7e93323d2bf 680670950f30450cad085db56c786789 0b711c413bc74a788e35fdbbf92ace1b - - default default] http://[LB_IP_ADDRESS]:8776/v3/0b711c413bc74a788e35fdbbf92ace1b/group_types returned with HTTP 202
2025-12-16 11:09:57.586 75 INFO cinder.api.openstack.wsgi [None req-aaca0adc-a564-4cd3-b1f1-21e9618775a2 c6e86a8b1a9343cdb90e6034fbe87b8a eeefc8c8a9624b7e996cb4333ab793c9 - - default default] POST http://[LB_IP_ADDRESS]:8776/v3/eeefc8c8a9624b7e996cb4333ab793c9/groups
2025-12-16 11:09:57.599 75 INFO cinder.api.v3.groups [None req-aaca0adc-a564-4cd3-b1f1-21e9618775a2 c6e86a8b1a9343cdb90e6034fbe87b8a eeefc8c8a9624b7e996cb4333ab793c9 - - default default] Creating group tempest-GroupSnapshotsTest-Group-1565603621.
2025-12-16 11:09:57.606 75 INFO cinder.volume.api [None req-aaca0adc-a564-4cd3-b1f1-21e9618775a2 c6e86a8b1a9343cdb90e6034fbe87b8a eeefc8c8a9624b7e996cb4333ab793c9 - - default default] Availability Zones retrieved successfully.
2025-12-16 11:09:57.685 75 INFO cinder.api.openstack.wsgi [None req-aaca0adc-a564-4cd3-b1f1-21e9618775a2 c6e86a8b1a9343cdb90e6034fbe87b8a eeefc8c8a9624b7e996cb4333ab793c9 - - default default] http://[LB_IP_ADDRESS]:8776/v3/eeefc8c8a9624b7e996cb4333ab793c9/groups returned with HTTP 202
