2022-04-13 04:17:13.792 19 INFO cinder.api.openstack.wsgi [req-2818cf3c-e8bd-40cb-8a3d-c02d39c31060 5e1d9a325ab14943add143aaf56cbf31 - - default default] http://[LB_IP_ADDRESS]:8776/v3/1721c66885694b47a4b2b137784f6165/types returned with HTTP 200
2022-04-13 04:17:13.807 21 INFO cinder.api.openstack.wsgi [req-884704c5-1708-43b4-86b1-ace342941733 5e1d9a325ab14943add143aaf56cbf31 - - default default] POST http://[LB_IP_ADDRESS]:8776/v3/1721c66885694b47a4b2b137784f6165/types
2022-04-13 04:17:13.838 21 INFO cinder.api.openstack.wsgi [req-884704c5-1708-43b4-86b1-ace342941733 5e1d9a325ab14943add143aaf56cbf31 - - default default] http://[LB_IP_ADDRESS]:8776/v3/1721c66885694b47a4b2b137784f6165/types returned with HTTP 200
2022-04-13 04:17:13.856 22 INFO cinder.api.openstack.wsgi [req-76aaa1bb-6ed9-4011-b7a6-e83a663187a2 5e1d9a325ab14943add143aaf56cbf31 - - default default] GET http://[LB_IP_ADDRESS]:8776/v3/1721c66885694b47a4b2b137784f6165/qos-specs/c33e6e9a-353c-4e0e-acfa-7d72444e8b3b/associate?vol_type_id=3985f99e-0127-4ca9-bf50-189dcf33eee3
2022-04-13 04:17:13.883 22 INFO cinder.api.openstack.wsgi [req-76aaa1bb-6ed9-4011-b7a6-e83a663187a2 5e1d9a325ab14943add143aaf56cbf31 - - default default] http://[LB_IP_ADDRESS]:8776/v3/1721c66885694b47a4b2b137784f6165/qos-specs/c33e6e9a-353c-4e0e-acfa-7d72444e8b3b/associate?vol_type_id=3985f99e-0127-4ca9-bf50-189dcf33eee3 returned with HTTP 202
2022-04-13 04:17:13.897 20 INFO cinder.api.openstack.wsgi [req-f4d51d7f-a274-4025-9581-df33b85fe99a 5e1d9a325ab14943add143aaf56cbf31 - - default default] GET http://[LB_IP_ADDRESS]:8776/v3/1721c66885694b47a4b2b137784f6165/qos-specs/c33e6e9a-353c-4e0e-acfa-7d72444e8b3b/associate?vol_type_id=447dd2c3-365a-4763-871a-0b75cc176cbe
2022-04-13 04:17:13.926 20 INFO cinder.api.openstack.wsgi [req-f4d51d7f-a274-4025-9581-df33b85fe99a 5e1d9a325ab14943add143aaf56cbf31 - - default default] http://[LB_IP_ADDRESS]:8776/v3/1721c66885694b47a4b2b137784f6165/qos-specs/c33e6e9a-353c-4e0e-acfa-7d72444e8b3b/associate?vol_type_id=447dd2c3-365a-4763-871a-0b75cc176cbe returned with HTTP 202
2022-04-13 04:17:13.940 23 INFO cinder.api.openstack.wsgi [req-84c65b98-08a0-4a2a-9d53-9c46b841048b 5e1d9a325ab14943add143aaf56cbf31 - - default default] GET http://[LB_IP_ADDRESS]:8776/v3/1721c66885694b47a4b2b137784f6165/qos-specs/c33e6e9a-353c-4e0e-acfa-7d72444e8b3b/associate?vol_type_id=6dea78b4-4aca-4cd3-bab9-e86c8a6c59b9
2022-04-13 04:17:13.969 23 INFO cinder.api.openstack.wsgi [req-84c65b98-08a0-4a2a-9d53-9c46b841048b 5e1d9a325ab14943add143aaf56cbf31 - - default default] http://[LB_IP_ADDRESS]:8776/v3/1721c66885694b47a4b2b137784f6165/qos-specs/c33e6e9a-353c-4e0e-acfa-7d72444e8b3b/associate?vol_type_id=6dea78b4-4aca-4cd3-bab9-e86c8a6c59b9 returned with HTTP 202
2022-04-13 04:17:13.984 19 INFO cinder.api.openstack.wsgi [req-22d936d3-68bc-4af6-8a2a-b669f921678c 5e1d9a325ab14943add143aaf56cbf31 - - default default] GET http://[LB_IP_ADDRESS]:8776/v3/1721c66885694b47a4b2b137784f6165/qos-specs/c33e6e9a-353c-4e0e-acfa-7d72444e8b3b/associations
2022-04-13 04:17:14.000 19 INFO cinder.api.openstack.wsgi [req-22d936d3-68bc-4af6-8a2a-b669f921678c 5e1d9a325ab14943add143aaf56cbf31 - - default default] http://[LB_IP_ADDRESS]:8776/v3/1721c66885694b47a4b2b137784f6165/qos-specs/c33e6e9a-353c-4e0e-acfa-7d72444e8b3b/associations returned with HTTP 200
2022-04-13 04:17:14.019 21 INFO cinder.api.openstack.wsgi [req-685cee73-66f0-4f05-a35a-ca3f96156d1a 5e1d9a325ab14943add143aaf56cbf31 - - default default] GET http://[LB_IP_ADDRESS]:8776/v3/1721c66885694b47a4b2b137784f6165/qos-specs/c33e6e9a-353c-4e0e-acfa-7d72444e8b3b/disassociate?vol_type_id=3985f99e-0127-4ca9-bf50-189dcf33eee3
2022-04-13 04:17:14.039 21 INFO cinder.api.openstack.wsgi [req-685cee73-66f0-4f05-a35a-ca3f96156d1a 5e1d9a325ab14943add143aaf56cbf31 - - default default] http://[LB_IP_ADDRESS]:8776/v3/1721c66885694b47a4b2b137784f6165/qos-specs/c33e6e9a-353c-4e0e-acfa-7d72444e8b3b/disassociate?vol_type_id=3985f99e-0127-4ca9-bf50-189dcf33eee3 returned with HTTP 202
2022-04-13 04:17:14.053 22 INFO cinder.api.openstack.wsgi [req-4efeb42f-6693-42f2-a736-6bc2bd27c367 5e1d9a325ab14943add143aaf56cbf31 - - default default] GET http://[LB_IP_ADDRESS]:8776/v3/1721c66885694b47a4b2b137784f6165/qos-specs/c33e6e9a-353c-4e0e-acfa-7d72444e8b3b/associations
2022-04-13 04:17:14.069 22 INFO cinder.api.openstack.wsgi [req-4efeb42f-6693-42f2-a736-6bc2bd27c367 5e1d9a325ab14943add143aaf56cbf31 - - default default] http://[LB_IP_ADDRESS]:8776/v3/1721c66885694b47a4b2b137784f6165/qos-specs/c33e6e9a-353c-4e0e-acfa-7d72444e8b3b/associations returned with HTTP 200
2022-04-13 04:17:14.085 20 INFO cinder.api.openstack.wsgi [req-ce771d8b-e510-409f-85e9-34088006d045 5e1d9a325ab14943add143aaf56cbf31 - - default default] GET http://[LB_IP_ADDRESS]:8776/v3/1721c66885694b47a4b2b137784f6165/qos-specs/c33e6e9a-353c-4e0e-acfa-7d72444e8b3b/disassociate_all
2022-04-13 04:17:14.102 20 INFO cinder.api.openstack.wsgi [req-ce771d8b-e510-409f-85e9-34088006d045 5e1d9a325ab14943add143aaf56cbf31 - - default default] http://[LB_IP_ADDRESS]:8776/v3/1721c66885694b47a4b2b137784f6165/qos-specs/c33e6e9a-353c-4e0e-acfa-7d72444e8b3b/disassociate_all returned with HTTP 202
2022-04-13 04:17:14.116 23 INFO cinder.api.openstack.wsgi [req-83fc546c-2f52-4c35-a84b-a7974f663e61 5e1d9a325ab14943add143aaf56cbf31 - - default default] GET http://[LB_IP_ADDRESS]:8776/v3/1721c66885694b47a4b2b137784f6165/qos-specs/c33e6e9a-353c-4e0e-acfa-7d72444e8b3b/associations
2022-04-13 04:17:14.132 23 INFO cinder.api.openstack.wsgi [req-83fc546c-2f52-4c35-a84b-a7974f663e61 5e1d9a325ab14943add143aaf56cbf31 - - default default] http://[LB_IP_ADDRESS]:8776/v3/1721c66885694b47a4b2b137784f6165/qos-specs/c33e6e9a-353c-4e0e-acfa-7d72444e8b3b/associations returned with HTTP 200
2022-04-13 04:17:14.147 19 INFO cinder.api.openstack.wsgi [req-d0db0e55-cbdf-4772-b1d0-2f5aa17a4f88 5e1d9a325ab14943add143aaf56cbf31 - - default default] POST http://[LB_IP_ADDRESS]:8776/v3/1721c66885694b47a4b2b137784f6165/qos-specs
2022-04-13 04:17:14.161 19 INFO cinder.api.openstack.wsgi [req-d0db0e55-cbdf-4772-b1d0-2f5aa17a4f88 5e1d9a325ab14943add143aaf56cbf31 - - default default] http://[LB_IP_ADDRESS]:8776/v3/1721c66885694b47a4b2b137784f6165/qos-specs returned with HTTP 200
2022-04-13 04:17:14.178 21 INFO cinder.api.openstack.wsgi [req-0b494b17-9043-4c48-9cb7-a83de4d97ddb 5e1d9a325ab14943add143aaf56cbf31 - - default default] DELETE http://[LB_IP_ADDRESS]:8776/v3/1721c66885694b47a4b2b137784f6165/qos-specs/b97c7038-a56a-4a0a-acba-492042d197e9?force=False
2022-04-13 04:17:14.208 21 INFO cinder.api.openstack.wsgi [req-0b494b17-9043-4c48-9cb7-a83de4d97ddb 5e1d9a325ab14943add143aaf56cbf31 - - default default] http://[LB_IP_ADDRESS]:8776/v3/1721c66885694b47a4b2b137784f6165/qos-specs/b97c7038-a56a-4a0a-acba-492042d197e9?force=False returned with HTTP 202
2022-04-13 04:17:14.222 22 INFO cinder.api.openstack.wsgi [req-03e82f4a-d0e8-42c1-8fb3-c09be69266e9 5e1d9a325ab14943add143aaf56cbf31 - - default default] GET http://[LB_IP_ADDRESS]:8776/v3/1721c66885694b47a4b2b137784f6165/qos-specs/b97c7038-a56a-4a0a-acba-492042d197e9
2022-04-13 04:17:14.229 22 INFO cinder.api.openstack.wsgi [req-03e82f4a-d0e8-42c1-8fb3-c09be69266e9 5e1d9a325ab14943add143aaf56cbf31 - - default default] http://[LB_IP_ADDRESS]:8776/v3/1721c66885694b47a4b2b137784f6165/qos-specs/b97c7038-a56a-4a0a-acba-492042d197e9 returned with HTTP 404
2022-04-13 04:17:14.243 20 INFO cinder.api.openstack.wsgi [req-3fbf55c6-92a4-45d4-81b3-d04c2059a233 5e1d9a325ab14943add143aaf56cbf31 - - default default] GET http://[LB_IP_ADDRESS]:8776/v3/1721c66885694b47a4b2b137784f6165/qos-specs
2022-04-13 04:17:14.257 20 INFO cinder.api.openstack.wsgi [req-3fbf55c6-92a4-45d4-81b3-d04c2059a233 5e1d9a325ab14943add143aaf56cbf31 - - default default] http://[LB_IP_ADDRESS]:8776/v3/1721c66885694b47a4b2b137784f6165/qos-specs returned with HTTP 200
2022-04-13 04:17:14.275 23 INFO cinder.api.openstack.wsgi [req-33e4a62d-1f19-43a6-9acd-cc1fac63c026 5e1d9a325ab14943add143aaf56cbf31 - - default default] POST http://[LB_IP_ADDRESS]:8776/v3/1721c66885694b47a4b2b137784f6165/qos-specs
2022-04-13 04:17:14.290 23 INFO cinder.api.openstack.wsgi [req-33e4a62d-1f19-43a6-9acd-cc1fac63c026 5e1d9a325ab14943add143aaf56cbf31 - - default default] http://[LB_IP_ADDRESS]:8776/v3/1721c66885694b47a4b2b137784f6165/qos-specs returned with HTTP 200
2022-04-13 04:17:14.307 19 INFO cinder.api.openstack.wsgi [req-f1337c74-9222-4a78-b49a-49e1ea97e0db 5e1d9a325ab14943add143aaf56cbf31 - - default default] DELETE http://[LB_IP_ADDRESS]:8776/v3/1721c66885694b47a4b2b137784f6165/qos-specs/216744fe-ff82-46bd-bc37-6c599a4df82d?force=False
2022-04-13 04:17:14.334 19 INFO cinder.api.openstack.wsgi [req-f1337c74-9222-4a78-b49a-49e1ea97e0db 5e1d9a325ab14943add143aaf56cbf31 - - default default] http://[LB_IP_ADDRESS]:8776/v3/1721c66885694b47a4b2b137784f6165/qos-specs/216744fe-ff82-46bd-bc37-6c599a4df82d?force=False returned with HTTP 202
2022-04-13 04:17:14.349 21 INFO cinder.api.openstack.wsgi [req-7b49e043-0c94-461f-b18b-4f335e8508a4 5e1d9a325ab14943add143aaf56cbf31 - - default default] GET http://[LB_IP_ADDRESS]:8776/v3/1721c66885694b47a4b2b137784f6165/qos-specs/216744fe-ff82-46bd-bc37-6c599a4df82d
2022-04-13 04:17:14.356 21 INFO cinder.api.openstack.wsgi [req-7b49e043-0c94-461f-b18b-4f335e8508a4 5e1d9a325ab14943add143aaf56cbf31 - - default default] http://[LB_IP_ADDRESS]:8776/v3/1721c66885694b47a4b2b137784f6165/qos-specs/216744fe-ff82-46bd-bc37-6c599a4df82d returned with HTTP 404
2022-04-13 04:17:14.370 22 INFO cinder.api.openstack.wsgi [req-0e247523-fc95-45bb-91db-b29f310c8138 5e1d9a325ab14943add143aaf56cbf31 - - default default] GET http://[LB_IP_ADDRESS]:8776/v3/1721c66885694b47a4b2b137784f6165/qos-specs
2022-04-13 04:17:14.383 22 INFO cinder.api.openstack.wsgi [req-0e247523-fc95-45bb-91db-b29f310c8138 5e1d9a325ab14943add143aaf56cbf31 - - default default] http://[LB_IP_ADDRESS]:8776/v3/1721c66885694b47a4b2b137784f6165/qos-specs returned with HTTP 200
2022-04-13 04:17:14.400 20 INFO cinder.api.openstack.wsgi [req-9a791738-b226-4239-8660-7a54d331e45f 5e1d9a325ab14943add143aaf56cbf31 - - default default] POST http://[LB_IP_ADDRESS]:8776/v3/1721c66885694b47a4b2b137784f6165/qos-specs
2022-04-13 04:17:14.416 20 INFO cinder.api.openstack.wsgi [req-9a791738-b226-4239-8660-7a54d331e45f 5e1d9a325ab14943add143aaf56cbf31 - - default default] http://[LB_IP_ADDRESS]:8776/v3/1721c66885694b47a4b2b137784f6165/qos-specs returned with HTTP 200
2022-04-13 04:17:14.432 23 INFO cinder.api.openstack.wsgi [req-4053934f-f78a-4b66-ac19-b45b8b6acfa9 5e1d9a325ab14943add143aaf56cbf31 - - default default] DELETE http://[LB_IP_ADDRESS]:8776/v3/1721c66885694b47a4b2b137784f6165/qos-specs/0aa52d11-7890-4452-8096-52ee380cbb4d?force=False
2022-04-13 04:17:14.460 23 INFO cinder.api.openstack.wsgi [req-4053934f-f78a-4b66-ac19-b45b8b6acfa9 5e1d9a325ab14943add143aaf56cbf31 - - default default] http://[LB_IP_ADDRESS]:8776/v3/1721c66885694b47a4b2b137784f6165/qos-specs/0aa52d11-7890-4452-8096-52ee380cbb4d?force=False returned with HTTP 202
2022-04-13 04:17:14.474 19 INFO cinder.api.openstack.wsgi [req-a32564a3-1413-46ac-babd-84ca2c389ca7 5e1d9a325ab14943add143aaf56cbf31 - - default default] GET http://[LB_IP_ADDRESS]:8776/v3/1721c66885694b47a4b2b137784f6165/qos-specs/0aa52d11-7890-4452-8096-52ee380cbb4d
2022-04-13 04:17:14.482 19 INFO cinder.api.openstack.wsgi [req-a32564a3-1413-46ac-babd-84ca2c389ca7 5e1d9a325ab14943add143aaf56cbf31 - - default default] http://[LB_IP_ADDRESS]:8776/v3/1721c66885694b47a4b2b137784f6165/qos-specs/0aa52d11-7890-4452-8096-52ee380cbb4d returned with HTTP 404
2022-04-13 04:17:14.497 21 INFO cinder.api.openstack.wsgi [req-70a5e194-76ad-4baf-8836-260d00eb898c 5e1d9a325ab14943add143aaf56cbf31 - - default default] GET http://[LB_IP_ADDRESS]:8776/v3/1721c66885694b47a4b2b137784f6165/qos-specs
2022-04-13 04:17:14.509 21 INFO cinder.api.openstack.wsgi [req-70a5e194-76ad-4baf-8836-260d00eb898c 5e1d9a325ab14943add143aaf56cbf31 - - default default] http://[LB_IP_ADDRESS]:8776/v3/1721c66885694b47a4b2b137784f6165/qos-specs returned with HTTP 200
2022-04-13 04:17:14.526 22 INFO cinder.api.openstack.wsgi [req-806b2dc5-acbe-41e6-8fa9-bcd3e9a89b74 5e1d9a325ab14943add143aaf56cbf31 - - default default] GET http://[LB_IP_ADDRESS]:8776/v3/1721c66885694b47a4b2b137784f6165/qos-specs/c33e6e9a-353c-4e0e-acfa-7d72444e8b3b
2022-04-13 04:17:14.534 22 INFO cinder.api.openstack.wsgi [req-806b2dc5-acbe-41e6-8fa9-bcd3e9a89b74 5e1d9a325ab14943add143aaf56cbf31 - - default default] http://[LB_IP_ADDRESS]:8776/v3/1721c66885694b47a4b2b137784f6165/qos-specs/c33e6e9a-353c-4e0e-acfa-7d72444e8b3b returned with HTTP 200
2022-04-13 04:17:14.552 20 INFO cinder.api.openstack.wsgi [req-3247aba9-b19c-4ba2-b2ed-4bc9252d3150 5e1d9a325ab14943add143aaf56cbf31 - - default default] GET http://[LB_IP_ADDRESS]:8776/v3/1721c66885694b47a4b2b137784f6165/qos-specs
2022-04-13 04:17:14.576 20 INFO cinder.api.openstack.wsgi [req-3247aba9-b19c-4ba2-b2ed-4bc9252d3150 5e1d9a325ab14943add143aaf56cbf31 - - default default] http://[LB_IP_ADDRESS]:8776/v3/1721c66885694b47a4b2b137784f6165/qos-specs returned with HTTP 200
2022-04-13 04:17:14.595 23 INFO cinder.api.openstack.wsgi [req-4c66200b-025f-49ee-8a98-a9b37840b1eb 5e1d9a325ab14943add143aaf56cbf31 - - default default] PUT http://[LB_IP_ADDRESS]:8776/v3/1721c66885694b47a4b2b137784f6165/qos-specs/c33e6e9a-353c-4e0e-acfa-7d72444e8b3b
2022-04-13 04:17:14.616 23 INFO cinder.api.openstack.wsgi [req-4c66200b-025f-49ee-8a98-a9b37840b1eb 5e1d9a325ab14943add143aaf56cbf31 - - default default] http://[LB_IP_ADDRESS]:8776/v3/1721c66885694b47a4b2b137784f6165/qos-specs/c33e6e9a-353c-4e0e-acfa-7d72444e8b3b returned with HTTP 200
2022-04-13 04:17:14.632 19 INFO cinder.api.openstack.wsgi [req-8b91b530-dda3-447f-b3c0-bb5692347c49 5e1d9a325ab14943add143aaf56cbf31 - - default default] GET http://[LB_IP_ADDRESS]:8776/v3/1721c66885694b47a4b2b137784f6165/qos-specs/c33e6e9a-353c-4e0e-acfa-7d72444e8b3b
2022-04-13 04:17:14.640 19 INFO cinder.api.openstack.wsgi [req-8b91b530-dda3-447f-b3c0-bb5692347c49 5e1d9a325ab14943add143aaf56cbf31 - - default default] http://[LB_IP_ADDRESS]:8776/v3/1721c66885694b47a4b2b137784f6165/qos-specs/c33e6e9a-353c-4e0e-acfa-7d72444e8b3b returned with HTTP 200
2022-04-13 04:17:14.655 21 INFO cinder.api.openstack.wsgi [req-36471acb-0389-4be8-b391-33b72ed1d2c6 5e1d9a325ab14943add143aaf56cbf31 - - default default] PUT http://[LB_IP_ADDRESS]:8776/v3/1721c66885694b47a4b2b137784f6165/qos-specs/c33e6e9a-353c-4e0e-acfa-7d72444e8b3b/delete_keys
2022-04-13 04:17:14.677 21 INFO cinder.api.openstack.wsgi [req-36471acb-0389-4be8-b391-33b72ed1d2c6 5e1d9a325ab14943add143aaf56cbf31 - - default default] http://[LB_IP_ADDRESS]:8776/v3/1721c66885694b47a4b2b137784f6165/qos-specs/c33e6e9a-353c-4e0e-acfa-7d72444e8b3b/delete_keys returned with HTTP 202
2022-04-13 04:17:14.691 22 INFO cinder.api.openstack.wsgi [req-348f2e20-3f33-474b-81b6-7f5969b60338 5e1d9a325ab14943add143aaf56cbf31 - - default default] GET http://[LB_IP_ADDRESS]:8776/v3/1721c66885694b47a4b2b137784f6165/qos-specs/c33e6e9a-353c-4e0e-acfa-7d72444e8b3b
2022-04-13 04:17:14.699 22 INFO cinder.api.openstack.wsgi [req-348f2e20-3f33-474b-81b6-7f5969b60338 5e1d9a325ab14943add143aaf56cbf31 - - default default] http://[LB_IP_ADDRESS]:8776/v3/1721c66885694b47a4b2b137784f6165/qos-specs/c33e6e9a-353c-4e0e-acfa-7d72444e8b3b returned with HTTP 200
2022-04-13 04:17:14.721 20 INFO cinder.api.openstack.wsgi [req-ab362568-42bd-4d85-8d06-e4517269ffe4 5e1d9a325ab14943add143aaf56cbf31 - - default default] GET http://[LB_IP_ADDRESS]:8776/v3/1721c66885694b47a4b2b137784f6165/qos-specs/c33e6e9a-353c-4e0e-acfa-7d72444e8b3b
2022-04-13 04:17:14.732 20 INFO cinder.api.openstack.wsgi [req-ab362568-42bd-4d85-8d06-e4517269ffe4 5e1d9a325ab14943add143aaf56cbf31 - - default default] http://[LB_IP_ADDRESS]:8776/v3/1721c66885694b47a4b2b137784f6165/qos-specs/c33e6e9a-353c-4e0e-acfa-7d72444e8b3b returned with HTTP 200
2022-04-13 04:17:14.751 23 INFO cinder.api.openstack.wsgi [req-5fb8c0da-de78-4bb8-8a1d-14d0884178a4 5e1d9a325ab14943add143aaf56cbf31 - - default default] DELETE http://[LB_IP_ADDRESS]:8776/v3/1721c66885694b47a4b2b137784f6165/qos-specs/0aa52d11-7890-4452-8096-52ee380cbb4d?force=False
2022-04-13 04:17:14.758 23 INFO cinder.api.openstack.wsgi [req-5fb8c0da-de78-4bb8-8a1d-14d0884178a4 5e1d9a325ab14943add143aaf56cbf31 - - default default] http://[LB_IP_ADDRESS]:8776/v3/1721c66885694b47a4b2b137784f6165/qos-specs/0aa52d11-7890-4452-8096-52ee380cbb4d?force=False returned with HTTP 404
2022-04-13 04:17:14.773 19 INFO cinder.api.openstack.wsgi [req-3415478c-3a27-401c-9822-846ae4d1cbcd 5e1d9a325ab14943add143aaf56cbf31 - - default default] GET http://[LB_IP_ADDRESS]:8776/v3/1721c66885694b47a4b2b137784f6165/qos-specs/0aa52d11-7890-4452-8096-52ee380cbb4d
2022-04-13 04:17:14.780 19 INFO cinder.api.openstack.wsgi [req-3415478c-3a27-401c-9822-846ae4d1cbcd 5e1d9a325ab14943add143aaf56cbf31 - - default default] http://[LB_IP_ADDRESS]:8776/v3/1721c66885694b47a4b2b137784f6165/qos-specs/0aa52d11-7890-4452-8096-52ee380cbb4d returned with HTTP 404
2022-04-13 04:17:14.795 21 INFO cinder.api.openstack.wsgi [req-61f37856-b57c-4807-8627-fc9efdf913ad 5e1d9a325ab14943add143aaf56cbf31 - - default default] DELETE http://[LB_IP_ADDRESS]:8776/v3/1721c66885694b47a4b2b137784f6165/qos-specs/216744fe-ff82-46bd-bc37-6c599a4df82d?force=False
2022-04-13 04:17:14.802 21 INFO cinder.api.openstack.wsgi [req-61f37856-b57c-4807-8627-fc9efdf913ad 5e1d9a325ab14943add143aaf56cbf31 - - default default] http://[LB_IP_ADDRESS]:8776/v3/1721c66885694b47a4b2b137784f6165/qos-specs/216744fe-ff82-46bd-bc37-6c599a4df82d?force=False returned with HTTP 404
2022-04-13 04:17:14.816 22 INFO cinder.api.openstack.wsgi [req-4727cf87-5762-454b-92ac-7b07f9feb9af 5e1d9a325ab14943add143aaf56cbf31 - - default default] GET http://[LB_IP_ADDRESS]:8776/v3/1721c66885694b47a4b2b137784f6165/qos-specs/216744fe-ff82-46bd-bc37-6c599a4df82d
2022-04-13 04:17:14.824 22 INFO cinder.api.openstack.wsgi [req-4727cf87-5762-454b-92ac-7b07f9feb9af 5e1d9a325ab14943add143aaf56cbf31 - - default default] http://[LB_IP_ADDRESS]:8776/v3/1721c66885694b47a4b2b137784f6165/qos-specs/216744fe-ff82-46bd-bc37-6c599a4df82d returned with HTTP 404
2022-04-13 04:17:14.838 20 INFO cinder.api.openstack.wsgi [req-911cb4fd-1866-4450-b439-d8c2ce2c2c30 5e1d9a325ab14943add143aaf56cbf31 - - default default] DELETE http://[LB_IP_ADDRESS]:8776/v3/1721c66885694b47a4b2b137784f6165/qos-specs/b97c7038-a56a-4a0a-acba-492042d197e9?force=False
2022-04-13 04:17:14.847 20 INFO cinder.api.openstack.wsgi [req-911cb4fd-1866-4450-b439-d8c2ce2c2c30 5e1d9a325ab14943add143aaf56cbf31 - - default default] http://[LB_IP_ADDRESS]:8776/v3/1721c66885694b47a4b2b137784f6165/qos-specs/b97c7038-a56a-4a0a-acba-492042d197e9?force=False returned with HTTP 404
2022-04-13 04:17:14.861 23 INFO cinder.api.openstack.wsgi [req-37ecc334-b2cb-4de5-89a3-69c4b56f926c 5e1d9a325ab14943add143aaf56cbf31 - - default default] GET http://[LB_IP_ADDRESS]:8776/v3/1721c66885694b47a4b2b137784f6165/qos-specs/b97c7038-a56a-4a0a-acba-492042d197e9
2022-04-13 04:17:14.869 23 INFO cinder.api.openstack.wsgi [req-37ecc334-b2cb-4de5-89a3-69c4b56f926c 5e1d9a325ab14943add143aaf56cbf31 - - default default] http://[LB_IP_ADDRESS]:8776/v3/1721c66885694b47a4b2b137784f6165/qos-specs/b97c7038-a56a-4a0a-acba-492042d197e9 returned with HTTP 404
2022-04-13 04:17:14.881 19 INFO cinder.api.openstack.wsgi [req-a792b388-3a4c-43aa-9082-602aa4a4f4ad 5e1d9a325ab14943add143aaf56cbf31 - - default default] DELETE http://[LB_IP_ADDRESS]:8776/v3/1721c66885694b47a4b2b137784f6165/types/6dea78b4-4aca-4cd3-bab9-e86c8a6c59b9
2022-04-13 04:17:14.977 19 INFO cinder.api.openstack.wsgi [req-a792b388-3a4c-43aa-9082-602aa4a4f4ad 5e1d9a325ab14943add143aaf56cbf31 - - default default] http://[LB_IP_ADDRESS]:8776/v3/1721c66885694b47a4b2b137784f6165/types/6dea78b4-4aca-4cd3-bab9-e86c8a6c59b9 returned with HTTP 202
2022-04-13 04:17:14.989 21 INFO cinder.api.openstack.wsgi [req-c0a9e486-ca8d-4d55-a7cc-51c55f3e69b3 5e1d9a325ab14943add143aaf56cbf31 - - default default] GET http://[LB_IP_ADDRESS]:8776/v3/1721c66885694b47a4b2b137784f6165/types/6dea78b4-4aca-4cd3-bab9-e86c8a6c59b9
2022-04-13 04:17:14.996 21 INFO cinder.api.openstack.wsgi [req-c0a9e486-ca8d-4d55-a7cc-51c55f3e69b3 5e1d9a325ab14943add143aaf56cbf31 - - default default] http://[LB_IP_ADDRESS]:8776/v3/1721c66885694b47a4b2b137784f6165/types/6dea78b4-4aca-4cd3-bab9-e86c8a6c59b9 returned with HTTP 404
2022-04-13 04:17:15.008 22 INFO cinder.api.openstack.wsgi [req-e73a2944-1515-4b41-bb40-dbf7f11fd633 5e1d9a325ab14943add143aaf56cbf31 - - default default] DELETE http://[LB_IP_ADDRESS]:8776/v3/1721c66885694b47a4b2b137784f6165/types/447dd2c3-365a-4763-871a-0b75cc176cbe
2022-04-13 04:17:15.105 22 INFO cinder.api.openstack.wsgi [req-e73a2944-1515-4b41-bb40-dbf7f11fd633 5e1d9a325ab14943add143aaf56cbf31 - - default default] http://[LB_IP_ADDRESS]:8776/v3/1721c66885694b47a4b2b137784f6165/types/447dd2c3-365a-4763-871a-0b75cc176cbe returned with HTTP 202
2022-04-13 04:17:15.117 20 INFO cinder.api.openstack.wsgi [req-9e4147cc-a930-498d-92cc-0047627a5f3f 5e1d9a325ab14943add143aaf56cbf31 - - default default] GET http://[LB_IP_ADDRESS]:8776/v3/1721c66885694b47a4b2b137784f6165/types/447dd2c3-365a-4763-871a-0b75cc176cbe
2022-04-13 04:17:15.125 20 INFO cinder.api.openstack.wsgi [req-9e4147cc-a930-498d-92cc-0047627a5f3f 5e1d9a325ab14943add143aaf56cbf31 - - default default] http://[LB_IP_ADDRESS]:8776/v3/1721c66885694b47a4b2b137784f6165/types/447dd2c3-365a-4763-871a-0b75cc176cbe returned with HTTP 404
2022-04-13 04:17:15.137 23 INFO cinder.api.openstack.wsgi [req-f5c9e120-8a4e-4ef1-820e-f853173fd7c4 5e1d9a325ab14943add143aaf56cbf31 - - default default] DELETE http://[LB_IP_ADDRESS]:8776/v3/1721c66885694b47a4b2b137784f6165/types/3985f99e-0127-4ca9-bf50-189dcf33eee3
2022-04-13 04:17:15.236 23 INFO cinder.api.openstack.wsgi [req-f5c9e120-8a4e-4ef1-820e-f853173fd7c4 5e1d9a325ab14943add143aaf56cbf31 - - default default] http://[LB_IP_ADDRESS]:8776/v3/1721c66885694b47a4b2b137784f6165/types/3985f99e-0127-4ca9-bf50-189dcf33eee3 returned with HTTP 202
2022-04-13 04:17:15.248 19 INFO cinder.api.openstack.wsgi [req-cbbc93d9-4691-4638-92e1-68444c7834a9 5e1d9a325ab14943add143aaf56cbf31 - - default default] GET http://[LB_IP_ADDRESS]:8776/v3/1721c66885694b47a4b2b137784f6165/types/3985f99e-0127-4ca9-bf50-189dcf33eee3
2022-04-13 04:17:15.255 19 INFO cinder.api.openstack.wsgi [req-cbbc93d9-4691-4638-92e1-68444c7834a9 5e1d9a325ab14943add143aaf56cbf31 - - default default] http://[LB_IP_ADDRESS]:8776/v3/1721c66885694b47a4b2b137784f6165/types/3985f99e-0127-4ca9-bf50-189dcf33eee3 returned with HTTP 404
2022-04-13 04:17:15.270 21 INFO cinder.api.openstack.wsgi [req-946d2e8c-8bfb-4a17-9fb4-de7ae2e83302 5e1d9a325ab14943add143aaf56cbf31 - - default default] DELETE http://[LB_IP_ADDRESS]:8776/v3/1721c66885694b47a4b2b137784f6165/qos-specs/c33e6e9a-353c-4e0e-acfa-7d72444e8b3b?force=False
2022-04-13 04:17:15.297 21 INFO cinder.api.openstack.wsgi [req-946d2e8c-8bfb-4a17-9fb4-de7ae2e83302 5e1d9a325ab14943add143aaf56cbf31 - - default default] http://[LB_IP_ADDRESS]:8776/v3/1721c66885694b47a4b2b137784f6165/qos-specs/c33e6e9a-353c-4e0e-acfa-7d72444e8b3b?force=False returned with HTTP 202
2022-04-13 04:17:15.311 22 INFO cinder.api.openstack.wsgi [req-580b77bd-f2df-4706-9a83-871921f93012 5e1d9a325ab14943add143aaf56cbf31 - - default default] GET http://[LB_IP_ADDRESS]:8776/v3/1721c66885694b47a4b2b137784f6165/qos-specs/c33e6e9a-353c-4e0e-acfa-7d72444e8b3b
2022-04-13 04:17:15.319 22 INFO cinder.api.openstack.wsgi [req-580b77bd-f2df-4706-9a83-871921f93012 5e1d9a325ab14943add143aaf56cbf31 - - default default] http://[LB_IP_ADDRESS]:8776/v3/1721c66885694b47a4b2b137784f6165/qos-specs/c33e6e9a-353c-4e0e-acfa-7d72444e8b3b returned with HTTP 404
2022-04-13 04:17:20.303 20 INFO cinder.api.openstack.wsgi [req-2005eb88-6747-43eb-9c45-71b93f47ae6a 1ee8c296aa55401cac87e082258c4097 - - default default] GET http://[LB_IP_ADDRESS]:8776/v3/81c67f72ecd64ddca5a80108a34ca371/scheduler-stats/get_pools
2022-04-13 04:17:20.326 20 INFO cinder.api.openstack.wsgi [req-2005eb88-6747-43eb-9c45-71b93f47ae6a 1ee8c296aa55401cac87e082258c4097 - - default default] http://[LB_IP_ADDRESS]:8776/v3/81c67f72ecd64ddca5a80108a34ca371/scheduler-stats/get_pools returned with HTTP 200
2022-04-13 04:17:20.531 23 INFO cinder.api.openstack.wsgi [req-119a6a74-4924-4284-b9ff-c6cf617c9c6a - - - - -] GET http://[LB_IP_ADDRESS]:8776/
2022-04-13 04:17:20.532 23 INFO cinder.api.openstack.wsgi [req-119a6a74-4924-4284-b9ff-c6cf617c9c6a - - - - -] http://[LB_IP_ADDRESS]:8776/ returned with HTTP 300
2022-04-13 04:17:26.721 19 INFO cinder.api.openstack.wsgi [req-c982f107-3a7f-4036-a8da-ec9a3057bbb0 99e6ff1e41ce47a98002a3f43a84d548 - - default default] GET http://[LB_IP_ADDRESS]:8776/v3/50285c54177e4e03833db2363a4805e9/os-quota-sets/14467a4054f145598c769191759bf53c
2022-04-13 04:17:26.823 19 INFO cinder.api.openstack.wsgi [req-c982f107-3a7f-4036-a8da-ec9a3057bbb0 99e6ff1e41ce47a98002a3f43a84d548 - - default default] http://[LB_IP_ADDRESS]:8776/v3/50285c54177e4e03833db2363a4805e9/os-quota-sets/14467a4054f145598c769191759bf53c returned with HTTP 200
2022-04-13 04:17:26.840 21 INFO cinder.api.openstack.wsgi [req-7426018e-81bd-4388-a2c0-f0d802e12de0 99e6ff1e41ce47a98002a3f43a84d548 - - default default] GET http://[LB_IP_ADDRESS]:8776/v3/50285c54177e4e03833db2363a4805e9/os-quota-sets/14467a4054f145598c769191759bf53c/defaults
2022-04-13 04:17:26.927 21 INFO cinder.api.openstack.wsgi [req-7426018e-81bd-4388-a2c0-f0d802e12de0 99e6ff1e41ce47a98002a3f43a84d548 - - default default] http://[LB_IP_ADDRESS]:8776/v3/50285c54177e4e03833db2363a4805e9/os-quota-sets/14467a4054f145598c769191759bf53c/defaults returned with HTTP 200
2022-04-13 04:17:26.943 22 INFO cinder.api.openstack.wsgi [req-964bdfb1-d9ec-43d4-82a3-0e18b770b747 99e6ff1e41ce47a98002a3f43a84d548 - - default default] PUT http://[LB_IP_ADDRESS]:8776/v3/50285c54177e4e03833db2363a4805e9/os-quota-sets/14467a4054f145598c769191759bf53c
2022-04-13 04:17:27.102 22 INFO cinder.api.openstack.wsgi [req-964bdfb1-d9ec-43d4-82a3-0e18b770b747 99e6ff1e41ce47a98002a3f43a84d548 - - default default] http://[LB_IP_ADDRESS]:8776/v3/50285c54177e4e03833db2363a4805e9/os-quota-sets/14467a4054f145598c769191759bf53c returned with HTTP 200
2022-04-13 04:17:27.117 20 INFO cinder.api.openstack.wsgi [req-a81c6a65-2cbb-47d8-9d53-5e61cc912b52 99e6ff1e41ce47a98002a3f43a84d548 - - default default] DELETE http://[LB_IP_ADDRESS]:8776/v3/50285c54177e4e03833db2363a4805e9/os-quota-sets/14467a4054f145598c769191759bf53c
2022-04-13 04:17:27.133 20 INFO cinder.api.openstack.wsgi [req-a81c6a65-2cbb-47d8-9d53-5e61cc912b52 99e6ff1e41ce47a98002a3f43a84d548 - - default default] http://[LB_IP_ADDRESS]:8776/v3/50285c54177e4e03833db2363a4805e9/os-quota-sets/14467a4054f145598c769191759bf53c returned with HTTP 200
2022-04-13 04:17:27.146 23 INFO cinder.api.openstack.wsgi [req-160b785d-a3c2-466a-92c2-4a587bc2fe98 99e6ff1e41ce47a98002a3f43a84d548 - - default default] GET http://[LB_IP_ADDRESS]:8776/v3/50285c54177e4e03833db2363a4805e9/os-quota-sets/14467a4054f145598c769191759bf53c
2022-04-13 04:17:27.253 23 INFO cinder.api.openstack.wsgi [req-160b785d-a3c2-466a-92c2-4a587bc2fe98 99e6ff1e41ce47a98002a3f43a84d548 - - default default] http://[LB_IP_ADDRESS]:8776/v3/50285c54177e4e03833db2363a4805e9/os-quota-sets/14467a4054f145598c769191759bf53c returned with HTTP 200
2022-04-13 04:17:27.267 19 INFO cinder.api.openstack.wsgi [req-5c80e44d-535c-43c0-a1d2-03ddf88b05a1 99e6ff1e41ce47a98002a3f43a84d548 - - default default] PUT http://[LB_IP_ADDRESS]:8776/v3/50285c54177e4e03833db2363a4805e9/os-quota-sets/14467a4054f145598c769191759bf53c
2022-04-13 04:17:27.532 19 INFO cinder.api.openstack.wsgi [req-5c80e44d-535c-43c0-a1d2-03ddf88b05a1 99e6ff1e41ce47a98002a3f43a84d548 - - default default] http://[LB_IP_ADDRESS]:8776/v3/50285c54177e4e03833db2363a4805e9/os-quota-sets/14467a4054f145598c769191759bf53c returned with HTTP 200
2022-04-13 04:17:27.551 21 INFO cinder.api.openstack.wsgi [req-a52983e2-73de-40ca-9838-c95759c4595b 99e6ff1e41ce47a98002a3f43a84d548 - - default default] GET http://[LB_IP_ADDRESS]:8776/v3/50285c54177e4e03833db2363a4805e9/os-quota-sets/14467a4054f145598c769191759bf53c/defaults
2022-04-13 04:17:27.637 21 INFO cinder.api.openstack.wsgi [req-a52983e2-73de-40ca-9838-c95759c4595b 99e6ff1e41ce47a98002a3f43a84d548 - - default default] http://[LB_IP_ADDRESS]:8776/v3/50285c54177e4e03833db2363a4805e9/os-quota-sets/14467a4054f145598c769191759bf53c/defaults returned with HTTP 200
2022-04-13 04:17:27.656 22 INFO cinder.api.openstack.wsgi [req-2d7aced7-6118-464a-90fb-a29c6acd3a38 99e6ff1e41ce47a98002a3f43a84d548 - - default default] GET http://[LB_IP_ADDRESS]:8776/v3/50285c54177e4e03833db2363a4805e9/os-quota-sets/14467a4054f145598c769191759bf53c
2022-04-13 04:17:27.752 22 INFO cinder.api.openstack.wsgi [req-2d7aced7-6118-464a-90fb-a29c6acd3a38 99e6ff1e41ce47a98002a3f43a84d548 - - default default] http://[LB_IP_ADDRESS]:8776/v3/50285c54177e4e03833db2363a4805e9/os-quota-sets/14467a4054f145598c769191759bf53c returned with HTTP 200
2022-04-13 04:17:27.770 20 INFO cinder.api.openstack.wsgi [req-807b09ed-3a0b-447e-8b65-28ae9195f589 99e6ff1e41ce47a98002a3f43a84d548 - - default default] GET http://[LB_IP_ADDRESS]:8776/v3/50285c54177e4e03833db2363a4805e9/os-quota-sets/14467a4054f145598c769191759bf53c?usage=True
2022-04-13 04:17:27.880 20 INFO cinder.api.openstack.wsgi [req-807b09ed-3a0b-447e-8b65-28ae9195f589 99e6ff1e41ce47a98002a3f43a84d548 - - default default] http://[LB_IP_ADDRESS]:8776/v3/50285c54177e4e03833db2363a4805e9/os-quota-sets/14467a4054f145598c769191759bf53c?usage=True returned with HTTP 200
2022-04-13 04:17:28.039 23 INFO cinder.api.openstack.wsgi [req-5d54a52a-a324-4028-9f3a-3ed1f5f00ee9 0b1e2e46bf0f4e3ba21a0a43a0a31377 - - default default] POST http://[LB_IP_ADDRESS]:8776/v3/14467a4054f145598c769191759bf53c/volumes
2022-04-13 04:17:28.041 23 INFO cinder.api.v3.volumes [req-5d54a52a-a324-4028-9f3a-3ed1f5f00ee9 0b1e2e46bf0f4e3ba21a0a43a0a31377 - - default default] Create volume of 1 GB
2022-04-13 04:17:28.052 23 INFO cinder.volume.api [req-5d54a52a-a324-4028-9f3a-3ed1f5f00ee9 0b1e2e46bf0f4e3ba21a0a43a0a31377 - - default default] Availability Zones retrieved successfully.
2022-04-13 04:17:28.362 23 INFO cinder.volume.api [req-5d54a52a-a324-4028-9f3a-3ed1f5f00ee9 0b1e2e46bf0f4e3ba21a0a43a0a31377 - - default default] Create volume request issued successfully.
2022-04-13 04:17:28.364 23 INFO cinder.api.openstack.wsgi [req-5d54a52a-a324-4028-9f3a-3ed1f5f00ee9 0b1e2e46bf0f4e3ba21a0a43a0a31377 - - default default] http://[LB_IP_ADDRESS]:8776/v3/14467a4054f145598c769191759bf53c/volumes returned with HTTP 202
2022-04-13 04:17:28.383 19 INFO cinder.api.openstack.wsgi [req-91f80baa-98ee-4a48-b91f-10fa0ccb3d9b 0b1e2e46bf0f4e3ba21a0a43a0a31377 - - default default] GET http://[LB_IP_ADDRESS]:8776/v3/14467a4054f145598c769191759bf53c/volumes/a01570e8-0bc1-48d4-b415-12f1c6482d58
2022-04-13 04:17:28.404 19 INFO cinder.volume.api [req-91f80baa-98ee-4a48-b91f-10fa0ccb3d9b 0b1e2e46bf0f4e3ba21a0a43a0a31377 - - default default] Volume info retrieved successfully.
2022-04-13 04:17:28.411 19 INFO cinder.api.openstack.wsgi [req-91f80baa-98ee-4a48-b91f-10fa0ccb3d9b 0b1e2e46bf0f4e3ba21a0a43a0a31377 - - default default] http://[LB_IP_ADDRESS]:8776/v3/14467a4054f145598c769191759bf53c/volumes/a01570e8-0bc1-48d4-b415-12f1c6482d58 returned with HTTP 200
2022-04-13 04:17:29.434 21 INFO cinder.api.openstack.wsgi [req-eeab2daa-aa04-438a-8a63-bf6d9afa6695 0b1e2e46bf0f4e3ba21a0a43a0a31377 - - default default] GET http://[LB_IP_ADDRESS]:8776/v3/14467a4054f145598c769191759bf53c/volumes/a01570e8-0bc1-48d4-b415-12f1c6482d58
2022-04-13 04:17:29.460 21 INFO cinder.volume.api [req-eeab2daa-aa04-438a-8a63-bf6d9afa6695 0b1e2e46bf0f4e3ba21a0a43a0a31377 - - default default] Volume info retrieved successfully.
2022-04-13 04:17:29.473 21 INFO cinder.api.openstack.wsgi [req-eeab2daa-aa04-438a-8a63-bf6d9afa6695 0b1e2e46bf0f4e3ba21a0a43a0a31377 - - default default] http://[LB_IP_ADDRESS]:8776/v3/14467a4054f145598c769191759bf53c/volumes/a01570e8-0bc1-48d4-b415-12f1c6482d58 returned with HTTP 200
2022-04-13 04:17:29.495 22 INFO cinder.api.openstack.wsgi [req-9777b6a4-0c29-4e35-a86e-a3ec785dd31c 99e6ff1e41ce47a98002a3f43a84d548 - - default default] GET http://[LB_IP_ADDRESS]:8776/v3/50285c54177e4e03833db2363a4805e9/os-quota-sets/14467a4054f145598c769191759bf53c?usage=True
2022-04-13 04:17:29.600 22 INFO cinder.api.openstack.wsgi [req-9777b6a4-0c29-4e35-a86e-a3ec785dd31c 99e6ff1e41ce47a98002a3f43a84d548 - - default default] http://[LB_IP_ADDRESS]:8776/v3/50285c54177e4e03833db2363a4805e9/os-quota-sets/14467a4054f145598c769191759bf53c?usage=True returned with HTTP 200
2022-04-13 04:17:29.619 20 INFO cinder.api.openstack.wsgi [req-e442d2f6-cbbc-4d31-8ff6-b0931380ceaa 0b1e2e46bf0f4e3ba21a0a43a0a31377 - - default default] DELETE http://[LB_IP_ADDRESS]:8776/v3/14467a4054f145598c769191759bf53c/volumes/a01570e8-0bc1-48d4-b415-12f1c6482d58
2022-04-13 04:17:29.620 20 INFO cinder.api.v3.volumes [req-e442d2f6-cbbc-4d31-8ff6-b0931380ceaa 0b1e2e46bf0f4e3ba21a0a43a0a31377 - - default default] Delete volume with id: a01570e8-0bc1-48d4-b415-12f1c6482d58 
2022-04-13 04:17:29.638 20 INFO cinder.volume.api [req-e442d2f6-cbbc-4d31-8ff6-b0931380ceaa 0b1e2e46bf0f4e3ba21a0a43a0a31377 - - default default] Volume info retrieved successfully.
2022-04-13 04:17:29.664 20 INFO cinder.volume.api [req-e442d2f6-cbbc-4d31-8ff6-b0931380ceaa 0b1e2e46bf0f4e3ba21a0a43a0a31377 - - default default] Delete volume request issued successfully.
2022-04-13 04:17:29.665 20 INFO cinder.api.openstack.wsgi [req-e442d2f6-cbbc-4d31-8ff6-b0931380ceaa 0b1e2e46bf0f4e3ba21a0a43a0a31377 - - default default] http://[LB_IP_ADDRESS]:8776/v3/14467a4054f145598c769191759bf53c/volumes/a01570e8-0bc1-48d4-b415-12f1c6482d58 returned with HTTP 202
2022-04-13 04:17:29.677 23 INFO cinder.api.openstack.wsgi [req-2cf72cb4-96c5-41e9-abb6-b1228e0f4578 0b1e2e46bf0f4e3ba21a0a43a0a31377 - - default default] GET http://[LB_IP_ADDRESS]:8776/v3/14467a4054f145598c769191759bf53c/volumes/a01570e8-0bc1-48d4-b415-12f1c6482d58
2022-04-13 04:17:29.698 23 INFO cinder.volume.api [req-2cf72cb4-96c5-41e9-abb6-b1228e0f4578 0b1e2e46bf0f4e3ba21a0a43a0a31377 - - default default] Volume info retrieved successfully.
2022-04-13 04:17:29.705 23 INFO cinder.api.openstack.wsgi [req-2cf72cb4-96c5-41e9-abb6-b1228e0f4578 0b1e2e46bf0f4e3ba21a0a43a0a31377 - - default default] http://[LB_IP_ADDRESS]:8776/v3/14467a4054f145598c769191759bf53c/volumes/a01570e8-0bc1-48d4-b415-12f1c6482d58 returned with HTTP 200
2022-04-13 04:17:30.727 19 INFO cinder.api.openstack.wsgi [req-77081bab-388a-46b3-b93e-7310a87e52d2 0b1e2e46bf0f4e3ba21a0a43a0a31377 - - default default] GET http://[LB_IP_ADDRESS]:8776/v3/14467a4054f145598c769191759bf53c/volumes/a01570e8-0bc1-48d4-b415-12f1c6482d58
2022-04-13 04:17:30.740 19 INFO cinder.api.openstack.wsgi [req-77081bab-388a-46b3-b93e-7310a87e52d2 0b1e2e46bf0f4e3ba21a0a43a0a31377 - - default default] http://[LB_IP_ADDRESS]:8776/v3/14467a4054f145598c769191759bf53c/volumes/a01570e8-0bc1-48d4-b415-12f1c6482d58 returned with HTTP 404
2022-04-13 04:17:30.754 21 INFO cinder.api.openstack.wsgi [req-541d1f6a-af04-4263-ac03-5d9f731108a5 0b1e2e46bf0f4e3ba21a0a43a0a31377 - - default default] POST http://[LB_IP_ADDRESS]:8776/v3/14467a4054f145598c769191759bf53c/volumes
2022-04-13 04:17:30.757 21 INFO cinder.api.v3.volumes [req-541d1f6a-af04-4263-ac03-5d9f731108a5 0b1e2e46bf0f4e3ba21a0a43a0a31377 - - default default] Create volume of 1 GB
2022-04-13 04:17:30.767 21 INFO cinder.volume.api [req-541d1f6a-af04-4263-ac03-5d9f731108a5 0b1e2e46bf0f4e3ba21a0a43a0a31377 - - default default] Availability Zones retrieved successfully.
2022-04-13 04:17:30.976 21 INFO cinder.volume.api [req-541d1f6a-af04-4263-ac03-5d9f731108a5 0b1e2e46bf0f4e3ba21a0a43a0a31377 - - default default] Create volume request issued successfully.
2022-04-13 04:17:30.977 21 INFO cinder.api.openstack.wsgi [req-541d1f6a-af04-4263-ac03-5d9f731108a5 0b1e2e46bf0f4e3ba21a0a43a0a31377 - - default default] http://[LB_IP_ADDRESS]:8776/v3/14467a4054f145598c769191759bf53c/volumes returned with HTTP 202
2022-04-13 04:17:30.998 22 INFO cinder.api.openstack.wsgi [req-f184ea8e-9beb-4fbc-9170-031ba302a272 0b1e2e46bf0f4e3ba21a0a43a0a31377 - - default default] GET http://[LB_IP_ADDRESS]:8776/v3/14467a4054f145598c769191759bf53c/volumes/6c951ede-ca8c-462a-85ab-05c92ce11b30
2022-04-13 04:17:31.020 22 INFO cinder.volume.api [req-f184ea8e-9beb-4fbc-9170-031ba302a272 0b1e2e46bf0f4e3ba21a0a43a0a31377 - - default default] Volume info retrieved successfully.
2022-04-13 04:17:31.028 22 INFO cinder.api.openstack.wsgi [req-f184ea8e-9beb-4fbc-9170-031ba302a272 0b1e2e46bf0f4e3ba21a0a43a0a31377 - - default default] http://[LB_IP_ADDRESS]:8776/v3/14467a4054f145598c769191759bf53c/volumes/6c951ede-ca8c-462a-85ab-05c92ce11b30 returned with HTTP 200
2022-04-13 04:17:32.049 20 INFO cinder.api.openstack.wsgi [req-fe15ac8a-e5cc-4e7c-be3c-ff0721db1142 0b1e2e46bf0f4e3ba21a0a43a0a31377 - - default default] GET http://[LB_IP_ADDRESS]:8776/v3/14467a4054f145598c769191759bf53c/volumes/6c951ede-ca8c-462a-85ab-05c92ce11b30
2022-04-13 04:17:32.073 20 INFO cinder.volume.api [req-fe15ac8a-e5cc-4e7c-be3c-ff0721db1142 0b1e2e46bf0f4e3ba21a0a43a0a31377 - - default default] Volume info retrieved successfully.
2022-04-13 04:17:32.081 20 INFO cinder.api.openstack.wsgi [req-fe15ac8a-e5cc-4e7c-be3c-ff0721db1142 0b1e2e46bf0f4e3ba21a0a43a0a31377 - - default default] http://[LB_IP_ADDRESS]:8776/v3/14467a4054f145598c769191759bf53c/volumes/6c951ede-ca8c-462a-85ab-05c92ce11b30 returned with HTTP 200
2022-04-13 04:17:33.102 23 INFO cinder.api.openstack.wsgi [req-d9001b81-5347-4c06-9b2f-9b1c35fd4d83 0b1e2e46bf0f4e3ba21a0a43a0a31377 - - default default] GET http://[LB_IP_ADDRESS]:8776/v3/14467a4054f145598c769191759bf53c/volumes/6c951ede-ca8c-462a-85ab-05c92ce11b30
2022-04-13 04:17:33.125 23 INFO cinder.volume.api [req-d9001b81-5347-4c06-9b2f-9b1c35fd4d83 0b1e2e46bf0f4e3ba21a0a43a0a31377 - - default default] Volume info retrieved successfully.
2022-04-13 04:17:33.132 23 INFO cinder.api.openstack.wsgi [req-d9001b81-5347-4c06-9b2f-9b1c35fd4d83 0b1e2e46bf0f4e3ba21a0a43a0a31377 - - default default] http://[LB_IP_ADDRESS]:8776/v3/14467a4054f145598c769191759bf53c/volumes/6c951ede-ca8c-462a-85ab-05c92ce11b30 returned with HTTP 200
2022-04-13 04:17:33.154 19 INFO cinder.api.openstack.wsgi [req-77d84ea4-1263-48a3-b67c-13f393110894 99e6ff1e41ce47a98002a3f43a84d548 - - default default] GET http://[LB_IP_ADDRESS]:8776/v3/50285c54177e4e03833db2363a4805e9/os-quota-sets/14467a4054f145598c769191759bf53c?usage=True
2022-04-13 04:17:33.268 19 INFO cinder.api.openstack.wsgi [req-77d84ea4-1263-48a3-b67c-13f393110894 99e6ff1e41ce47a98002a3f43a84d548 - - default default] http://[LB_IP_ADDRESS]:8776/v3/50285c54177e4e03833db2363a4805e9/os-quota-sets/14467a4054f145598c769191759bf53c?usage=True returned with HTTP 200
2022-04-13 04:17:33.289 21 INFO cinder.api.openstack.wsgi [req-7d084e8f-6b23-4b13-94ea-6dd2c538138e 99e6ff1e41ce47a98002a3f43a84d548 - - default default] GET http://[LB_IP_ADDRESS]:8776/v3/50285c54177e4e03833db2363a4805e9/os-quota-sets/455ba71b687943a787b7f5b8dae933cc?usage=True
2022-04-13 04:17:33.399 21 INFO cinder.api.openstack.wsgi [req-7d084e8f-6b23-4b13-94ea-6dd2c538138e 99e6ff1e41ce47a98002a3f43a84d548 - - default default] http://[LB_IP_ADDRESS]:8776/v3/50285c54177e4e03833db2363a4805e9/os-quota-sets/455ba71b687943a787b7f5b8dae933cc?usage=True returned with HTTP 200
2022-04-13 04:17:33.418 22 INFO cinder.api.openstack.wsgi [req-e7a806a9-6821-4125-afee-324fe887a06a 0b1e2e46bf0f4e3ba21a0a43a0a31377 - - default default] POST http://[LB_IP_ADDRESS]:8776/v3/14467a4054f145598c769191759bf53c/os-volume-transfer
2022-04-13 04:17:33.419 22 INFO cinder.api.contrib.volume_transfer [req-e7a806a9-6821-4125-afee-324fe887a06a 0b1e2e46bf0f4e3ba21a0a43a0a31377 - - default default] Creating transfer of volume 6c951ede-ca8c-462a-85ab-05c92ce11b30
2022-04-13 04:17:33.420 22 INFO cinder.transfer.api [req-e7a806a9-6821-4125-afee-324fe887a06a 0b1e2e46bf0f4e3ba21a0a43a0a31377 - - default default] Generating transfer record for volume 6c951ede-ca8c-462a-85ab-05c92ce11b30
2022-04-13 04:17:33.448 22 INFO cinder.api.openstack.wsgi [req-e7a806a9-6821-4125-afee-324fe887a06a 0b1e2e46bf0f4e3ba21a0a43a0a31377 - - default default] http://[LB_IP_ADDRESS]:8776/v3/14467a4054f145598c769191759bf53c/os-volume-transfer returned with HTTP 202
2022-04-13 04:17:33.620 20 INFO cinder.api.openstack.wsgi [req-3f569187-2b56-464e-8a6c-311264d8edb4 d1815922caf349d48cfcddbb69ee8be9 - - default default] POST http://[LB_IP_ADDRESS]:8776/v3/455ba71b687943a787b7f5b8dae933cc/os-volume-transfer/14ff680b-73b2-45f3-a04f-c7b1cf7d5467/accept
2022-04-13 04:17:33.622 20 INFO cinder.api.contrib.volume_transfer [req-3f569187-2b56-464e-8a6c-311264d8edb4 d1815922caf349d48cfcddbb69ee8be9 - - default default] Accepting transfer 14ff680b-73b2-45f3-a04f-c7b1cf7d5467
2022-04-13 04:17:34.139 20 INFO cinder.volume.api [req-3f569187-2b56-464e-8a6c-311264d8edb4 d1815922caf349d48cfcddbb69ee8be9 - - default default] Transfer volume completed successfully.
2022-04-13 04:17:34.239 20 INFO cinder.transfer.api [req-3f569187-2b56-464e-8a6c-311264d8edb4 d1815922caf349d48cfcddbb69ee8be9 - - default default] Volume 6c951ede-ca8c-462a-85ab-05c92ce11b30 has been transferred.
2022-04-13 04:17:34.253 20 INFO cinder.api.openstack.wsgi [req-3f569187-2b56-464e-8a6c-311264d8edb4 d1815922caf349d48cfcddbb69ee8be9 - - default default] http://[LB_IP_ADDRESS]:8776/v3/455ba71b687943a787b7f5b8dae933cc/os-volume-transfer/14ff680b-73b2-45f3-a04f-c7b1cf7d5467/accept returned with HTTP 202
2022-04-13 04:17:34.265 23 INFO cinder.api.openstack.wsgi [req-912075e1-5082-4df4-b39b-ea98b409f915 d1815922caf349d48cfcddbb69ee8be9 - - default default] GET http://[LB_IP_ADDRESS]:8776/v3/455ba71b687943a787b7f5b8dae933cc/volumes/6c951ede-ca8c-462a-85ab-05c92ce11b30
2022-04-13 04:17:34.288 23 INFO cinder.volume.api [req-912075e1-5082-4df4-b39b-ea98b409f915 d1815922caf349d48cfcddbb69ee8be9 - - default default] Volume info retrieved successfully.
2022-04-13 04:17:34.295 23 INFO cinder.api.openstack.wsgi [req-912075e1-5082-4df4-b39b-ea98b409f915 d1815922caf349d48cfcddbb69ee8be9 - - default default] http://[LB_IP_ADDRESS]:8776/v3/455ba71b687943a787b7f5b8dae933cc/volumes/6c951ede-ca8c-462a-85ab-05c92ce11b30 returned with HTTP 200
2022-04-13 04:17:34.318 19 INFO cinder.api.openstack.wsgi [req-5e4b0f43-f0e5-43f4-908e-3a519815b448 99e6ff1e41ce47a98002a3f43a84d548 - - default default] GET http://[LB_IP_ADDRESS]:8776/v3/50285c54177e4e03833db2363a4805e9/os-quota-sets/14467a4054f145598c769191759bf53c?usage=True
2022-04-13 04:17:34.439 19 INFO cinder.api.openstack.wsgi [req-5e4b0f43-f0e5-43f4-908e-3a519815b448 99e6ff1e41ce47a98002a3f43a84d548 - - default default] http://[LB_IP_ADDRESS]:8776/v3/50285c54177e4e03833db2363a4805e9/os-quota-sets/14467a4054f145598c769191759bf53c?usage=True returned with HTTP 200
2022-04-13 04:17:34.461 21 INFO cinder.api.openstack.wsgi [req-a93f9918-537e-4518-93a4-338988e5a5ee 99e6ff1e41ce47a98002a3f43a84d548 - - default default] GET http://[LB_IP_ADDRESS]:8776/v3/50285c54177e4e03833db2363a4805e9/os-quota-sets/455ba71b687943a787b7f5b8dae933cc?usage=True
2022-04-13 04:17:34.575 21 INFO cinder.api.openstack.wsgi [req-a93f9918-537e-4518-93a4-338988e5a5ee 99e6ff1e41ce47a98002a3f43a84d548 - - default default] http://[LB_IP_ADDRESS]:8776/v3/50285c54177e4e03833db2363a4805e9/os-quota-sets/455ba71b687943a787b7f5b8dae933cc?usage=True returned with HTTP 200
2022-04-13 04:17:34.595 22 INFO cinder.api.openstack.wsgi [req-f6ed6af6-74aa-4e93-9ff3-f97e19b05da1 99e6ff1e41ce47a98002a3f43a84d548 - - default default] DELETE http://[LB_IP_ADDRESS]:8776/v3/50285c54177e4e03833db2363a4805e9/volumes/6c951ede-ca8c-462a-85ab-05c92ce11b30
2022-04-13 04:17:34.596 22 INFO cinder.api.v3.volumes [req-f6ed6af6-74aa-4e93-9ff3-f97e19b05da1 99e6ff1e41ce47a98002a3f43a84d548 - - default default] Delete volume with id: 6c951ede-ca8c-462a-85ab-05c92ce11b30 
2022-04-13 04:17:34.615 22 INFO cinder.volume.api [req-f6ed6af6-74aa-4e93-9ff3-f97e19b05da1 99e6ff1e41ce47a98002a3f43a84d548 - - default default] Volume info retrieved successfully.
2022-04-13 04:17:34.637 20 INFO cinder.api.openstack.wsgi [req-a497aa9b-aa6f-4cc7-8b27-073b59009eee 897306c5ae02425a89bd9c45121e6a70 - - default default] DELETE http://[LB_IP_ADDRESS]:8776/v3/fe8d0c4fbaeb4196abf37ae5de0fa965/attachments/9c379337-63f1-4ebb-96ff-66403ce3b7fa
2022-04-13 04:17:34.645 22 INFO cinder.volume.api [req-f6ed6af6-74aa-4e93-9ff3-f97e19b05da1 99e6ff1e41ce47a98002a3f43a84d548 - - default default] Delete volume request issued successfully.
2022-04-13 04:17:34.646 22 INFO cinder.api.openstack.wsgi [req-f6ed6af6-74aa-4e93-9ff3-f97e19b05da1 99e6ff1e41ce47a98002a3f43a84d548 - - default default] http://[LB_IP_ADDRESS]:8776/v3/50285c54177e4e03833db2363a4805e9/volumes/6c951ede-ca8c-462a-85ab-05c92ce11b30 returned with HTTP 202
2022-04-13 04:17:34.656 23 INFO cinder.api.openstack.wsgi [req-1c0e6eb2-e4f8-42db-a151-87588c491130 99e6ff1e41ce47a98002a3f43a84d548 - - default default] GET http://[LB_IP_ADDRESS]:8776/v3/50285c54177e4e03833db2363a4805e9/volumes/6c951ede-ca8c-462a-85ab-05c92ce11b30
2022-04-13 04:17:34.678 23 INFO cinder.volume.api [req-1c0e6eb2-e4f8-42db-a151-87588c491130 99e6ff1e41ce47a98002a3f43a84d548 - - default default] Volume info retrieved successfully.
2022-04-13 04:17:34.685 23 INFO cinder.api.openstack.wsgi [req-1c0e6eb2-e4f8-42db-a151-87588c491130 99e6ff1e41ce47a98002a3f43a84d548 - - default default] http://[LB_IP_ADDRESS]:8776/v3/50285c54177e4e03833db2363a4805e9/volumes/6c951ede-ca8c-462a-85ab-05c92ce11b30 returned with HTTP 200
2022-04-13 04:17:34.694 20 INFO cinder.api.openstack.wsgi [req-a497aa9b-aa6f-4cc7-8b27-073b59009eee 897306c5ae02425a89bd9c45121e6a70 - - default default] http://[LB_IP_ADDRESS]:8776/v3/fe8d0c4fbaeb4196abf37ae5de0fa965/attachments/9c379337-63f1-4ebb-96ff-66403ce3b7fa returned with HTTP 200
2022-04-13 04:17:35.527 19 INFO cinder.api.openstack.wsgi [req-79b5edda-56ed-4496-894d-c49dcab8f719 eb01fdbd6de043d490a5775b04550877 - - default default] POST http://[LB_IP_ADDRESS]:8776/v3/5d10167d080b4d34bded215e23e4af59/volumes
2022-04-13 04:17:35.530 19 INFO cinder.api.v3.volumes [req-79b5edda-56ed-4496-894d-c49dcab8f719 eb01fdbd6de043d490a5775b04550877 - - default default] Create volume of 1 GB
2022-04-13 04:17:35.541 19 INFO cinder.volume.api [req-79b5edda-56ed-4496-894d-c49dcab8f719 eb01fdbd6de043d490a5775b04550877 - - default default] Availability Zones retrieved successfully.
2022-04-13 04:17:35.707 21 INFO cinder.api.openstack.wsgi [req-9997d15b-7ed9-409e-a970-3c5982b96cf5 99e6ff1e41ce47a98002a3f43a84d548 - - default default] GET http://[LB_IP_ADDRESS]:8776/v3/50285c54177e4e03833db2363a4805e9/volumes/6c951ede-ca8c-462a-85ab-05c92ce11b30
2022-04-13 04:17:35.720 21 INFO cinder.api.openstack.wsgi [req-9997d15b-7ed9-409e-a970-3c5982b96cf5 99e6ff1e41ce47a98002a3f43a84d548 - - default default] http://[LB_IP_ADDRESS]:8776/v3/50285c54177e4e03833db2363a4805e9/volumes/6c951ede-ca8c-462a-85ab-05c92ce11b30 returned with HTTP 404
2022-04-13 04:17:35.737 22 INFO cinder.api.openstack.wsgi [req-72d81a75-fdee-4f2f-8ed2-2f56c61a7ab3 99e6ff1e41ce47a98002a3f43a84d548 - - default default] GET http://[LB_IP_ADDRESS]:8776/v3/50285c54177e4e03833db2363a4805e9/os-quota-sets/50285c54177e4e03833db2363a4805e9?usage=True
2022-04-13 04:17:35.859 22 INFO cinder.api.openstack.wsgi [req-72d81a75-fdee-4f2f-8ed2-2f56c61a7ab3 99e6ff1e41ce47a98002a3f43a84d548 - - default default] http://[LB_IP_ADDRESS]:8776/v3/50285c54177e4e03833db2363a4805e9/os-quota-sets/50285c54177e4e03833db2363a4805e9?usage=True returned with HTTP 200
2022-04-13 04:17:35.882 23 INFO cinder.api.openstack.wsgi [req-2f3d2611-3cdf-4965-a095-13ce40c4f48a 99e6ff1e41ce47a98002a3f43a84d548 - - default default] PUT http://[LB_IP_ADDRESS]:8776/v3/50285c54177e4e03833db2363a4805e9/os-quota-sets/14467a4054f145598c769191759bf53c
2022-04-13 04:17:35.909 19 INFO cinder.volume.api [req-79b5edda-56ed-4496-894d-c49dcab8f719 eb01fdbd6de043d490a5775b04550877 - - default default] Create volume request issued successfully.
2022-04-13 04:17:35.912 19 INFO cinder.api.openstack.wsgi [req-79b5edda-56ed-4496-894d-c49dcab8f719 eb01fdbd6de043d490a5775b04550877 - - default default] http://[LB_IP_ADDRESS]:8776/v3/5d10167d080b4d34bded215e23e4af59/volumes returned with HTTP 202
2022-04-13 04:17:35.934 20 INFO cinder.api.openstack.wsgi [req-6d229ed3-7a31-441c-90a9-d9a9f561e51b eb01fdbd6de043d490a5775b04550877 - - default default] GET http://[LB_IP_ADDRESS]:8776/v3/5d10167d080b4d34bded215e23e4af59/volumes/3d6d04bf-cbc1-45b0-8bc2-4de58decf992
2022-04-13 04:17:35.956 20 INFO cinder.volume.api [req-6d229ed3-7a31-441c-90a9-d9a9f561e51b eb01fdbd6de043d490a5775b04550877 - - default default] Volume info retrieved successfully.
2022-04-13 04:17:35.963 20 INFO cinder.api.openstack.wsgi [req-6d229ed3-7a31-441c-90a9-d9a9f561e51b eb01fdbd6de043d490a5775b04550877 - - default default] http://[LB_IP_ADDRESS]:8776/v3/5d10167d080b4d34bded215e23e4af59/volumes/3d6d04bf-cbc1-45b0-8bc2-4de58decf992 returned with HTTP 200
2022-04-13 04:17:36.163 23 INFO cinder.api.openstack.wsgi [req-2f3d2611-3cdf-4965-a095-13ce40c4f48a 99e6ff1e41ce47a98002a3f43a84d548 - - default default] http://[LB_IP_ADDRESS]:8776/v3/50285c54177e4e03833db2363a4805e9/os-quota-sets/14467a4054f145598c769191759bf53c returned with HTTP 200
2022-04-13 04:17:36.180 21 INFO cinder.api.openstack.wsgi [req-7d046ee7-e250-4900-97f4-5ff87df60ef9 99e6ff1e41ce47a98002a3f43a84d548 - - default default] PUT http://[LB_IP_ADDRESS]:8776/v3/50285c54177e4e03833db2363a4805e9/os-quota-sets/14467a4054f145598c769191759bf53c
