2022-03-24 09:38:21.113 21 INFO cinder.api.openstack.wsgi [req-a7c8da91-a28f-4df5-8880-0a782fce7af4 0162d8fe4d9e4d83ba7834efab1f7c88 - - default default] POST http://[LB_IP_ADDRESS]:8776/v3/c8381fe04806454c8750934310f2c051/types
2022-03-24 09:38:21.137 21 INFO cinder.api.openstack.wsgi [req-a7c8da91-a28f-4df5-8880-0a782fce7af4 0162d8fe4d9e4d83ba7834efab1f7c88 - - default default] http://[LB_IP_ADDRESS]:8776/v3/c8381fe04806454c8750934310f2c051/types returned with HTTP 200
2022-03-24 09:38:21.152 19 INFO cinder.api.openstack.wsgi [req-0cab9440-8d8d-4beb-bfb5-f1845886364e 0162d8fe4d9e4d83ba7834efab1f7c88 - - default default] POST http://[LB_IP_ADDRESS]:8776/v3/c8381fe04806454c8750934310f2c051/group_types
2022-03-24 09:38:21.171 19 INFO cinder.api.openstack.wsgi [req-0cab9440-8d8d-4beb-bfb5-f1845886364e 0162d8fe4d9e4d83ba7834efab1f7c88 - - default default] http://[LB_IP_ADDRESS]:8776/v3/c8381fe04806454c8750934310f2c051/group_types returned with HTTP 202
2022-03-24 09:38:21.305 23 INFO cinder.api.openstack.wsgi [req-a87b5f39-bcbd-4dac-b75c-697eb3a3ec6b dc14f5c695e343c493ee66c5098fbed2 - - default default] POST http://[LB_IP_ADDRESS]:8776/v3/b26d31555e06464e8e752916b2889890/groups
2022-03-24 09:38:21.314 23 INFO cinder.api.v3.groups [req-a87b5f39-bcbd-4dac-b75c-697eb3a3ec6b dc14f5c695e343c493ee66c5098fbed2 - - default default] Creating group tempest-GroupsV320Test-Group-1539595872.
2022-03-24 09:38:21.323 23 INFO cinder.volume.api [req-a87b5f39-bcbd-4dac-b75c-697eb3a3ec6b dc14f5c695e343c493ee66c5098fbed2 - - default default] Availability Zones retrieved successfully.
2022-03-24 09:38:21.408 23 INFO cinder.api.openstack.wsgi [req-a87b5f39-bcbd-4dac-b75c-697eb3a3ec6b dc14f5c695e343c493ee66c5098fbed2 - - default default] http://[LB_IP_ADDRESS]:8776/v3/b26d31555e06464e8e752916b2889890/groups returned with HTTP 202
2022-03-24 09:38:21.424 22 INFO cinder.api.openstack.wsgi [req-de36944d-6f7d-4070-b56a-61a5f4396045 dc14f5c695e343c493ee66c5098fbed2 - - default default] GET http://[LB_IP_ADDRESS]:8776/v3/b26d31555e06464e8e752916b2889890/groups/ed7d4c4c-6534-4a2d-a1fb-1b24400bf82b
2022-03-24 09:38:21.445 22 INFO cinder.api.openstack.wsgi [req-de36944d-6f7d-4070-b56a-61a5f4396045 dc14f5c695e343c493ee66c5098fbed2 - - default default] http://[LB_IP_ADDRESS]:8776/v3/b26d31555e06464e8e752916b2889890/groups/ed7d4c4c-6534-4a2d-a1fb-1b24400bf82b returned with HTTP 200
2022-03-24 09:38:22.462 20 INFO cinder.api.openstack.wsgi [req-c2e6f694-3564-4087-8ac9-2987ea9ae303 dc14f5c695e343c493ee66c5098fbed2 - - default default] GET http://[LB_IP_ADDRESS]:8776/v3/b26d31555e06464e8e752916b2889890/groups/ed7d4c4c-6534-4a2d-a1fb-1b24400bf82b
2022-03-24 09:38:22.484 20 INFO cinder.api.openstack.wsgi [req-c2e6f694-3564-4087-8ac9-2987ea9ae303 dc14f5c695e343c493ee66c5098fbed2 - - default default] http://[LB_IP_ADDRESS]:8776/v3/b26d31555e06464e8e752916b2889890/groups/ed7d4c4c-6534-4a2d-a1fb-1b24400bf82b returned with HTTP 200
2022-03-24 09:38:22.500 21 INFO cinder.api.openstack.wsgi [req-57b671d8-cdd7-45cb-b403-76b9adc465c2 0162d8fe4d9e4d83ba7834efab1f7c88 - - default default] POST http://[LB_IP_ADDRESS]:8776/v3/c8381fe04806454c8750934310f2c051/groups/ed7d4c4c-6534-4a2d-a1fb-1b24400bf82b/action
2022-03-24 09:38:22.513 21 INFO cinder.api.openstack.wsgi [req-57b671d8-cdd7-45cb-b403-76b9adc465c2 0162d8fe4d9e4d83ba7834efab1f7c88 - - default default] http://[LB_IP_ADDRESS]:8776/v3/c8381fe04806454c8750934310f2c051/groups/ed7d4c4c-6534-4a2d-a1fb-1b24400bf82b/action returned with HTTP 202
2022-03-24 09:38:22.525 19 INFO cinder.api.openstack.wsgi [req-bce74354-af01-45e6-8680-997b2f0d4937 dc14f5c695e343c493ee66c5098fbed2 - - default default] GET http://[LB_IP_ADDRESS]:8776/v3/b26d31555e06464e8e752916b2889890/groups/ed7d4c4c-6534-4a2d-a1fb-1b24400bf82b
2022-03-24 09:38:22.547 19 INFO cinder.api.openstack.wsgi [req-bce74354-af01-45e6-8680-997b2f0d4937 dc14f5c695e343c493ee66c5098fbed2 - - default default] http://[LB_IP_ADDRESS]:8776/v3/b26d31555e06464e8e752916b2889890/groups/ed7d4c4c-6534-4a2d-a1fb-1b24400bf82b returned with HTTP 200
2022-03-24 09:38:22.567 23 INFO cinder.api.openstack.wsgi [req-d44e1960-42b5-45fc-a1b3-47c5205a3fbc 0162d8fe4d9e4d83ba7834efab1f7c88 - - default default] POST http://[LB_IP_ADDRESS]:8776/v3/c8381fe04806454c8750934310f2c051/groups/ed7d4c4c-6534-4a2d-a1fb-1b24400bf82b/action
2022-03-24 09:38:22.582 23 INFO cinder.api.openstack.wsgi [req-d44e1960-42b5-45fc-a1b3-47c5205a3fbc 0162d8fe4d9e4d83ba7834efab1f7c88 - - default default] http://[LB_IP_ADDRESS]:8776/v3/c8381fe04806454c8750934310f2c051/groups/ed7d4c4c-6534-4a2d-a1fb-1b24400bf82b/action returned with HTTP 202
2022-03-24 09:38:22.594 22 INFO cinder.api.openstack.wsgi [req-0884cdad-c8a7-432d-855f-e6c936077fa1 dc14f5c695e343c493ee66c5098fbed2 - - default default] GET http://[LB_IP_ADDRESS]:8776/v3/b26d31555e06464e8e752916b2889890/groups/ed7d4c4c-6534-4a2d-a1fb-1b24400bf82b
2022-03-24 09:38:22.617 22 INFO cinder.api.openstack.wsgi [req-0884cdad-c8a7-432d-855f-e6c936077fa1 dc14f5c695e343c493ee66c5098fbed2 - - default default] http://[LB_IP_ADDRESS]:8776/v3/b26d31555e06464e8e752916b2889890/groups/ed7d4c4c-6534-4a2d-a1fb-1b24400bf82b returned with HTTP 200
2022-03-24 09:38:22.633 20 INFO cinder.api.openstack.wsgi [req-3e62ebb8-1e69-46c6-860b-ef550bf0e723 0162d8fe4d9e4d83ba7834efab1f7c88 - - default default] POST http://[LB_IP_ADDRESS]:8776/v3/c8381fe04806454c8750934310f2c051/groups/ed7d4c4c-6534-4a2d-a1fb-1b24400bf82b/action
2022-03-24 09:38:22.646 20 INFO cinder.api.openstack.wsgi [req-3e62ebb8-1e69-46c6-860b-ef550bf0e723 0162d8fe4d9e4d83ba7834efab1f7c88 - - default default] http://[LB_IP_ADDRESS]:8776/v3/c8381fe04806454c8750934310f2c051/groups/ed7d4c4c-6534-4a2d-a1fb-1b24400bf82b/action returned with HTTP 202
2022-03-24 09:38:22.659 19 INFO cinder.api.openstack.wsgi [req-b0481e4d-f211-490a-9548-cfbf0685ef95 dc14f5c695e343c493ee66c5098fbed2 - - default default] GET http://[LB_IP_ADDRESS]:8776/v3/b26d31555e06464e8e752916b2889890/groups/ed7d4c4c-6534-4a2d-a1fb-1b24400bf82b
2022-03-24 09:38:22.680 19 INFO cinder.api.openstack.wsgi [req-b0481e4d-f211-490a-9548-cfbf0685ef95 dc14f5c695e343c493ee66c5098fbed2 - - default default] http://[LB_IP_ADDRESS]:8776/v3/b26d31555e06464e8e752916b2889890/groups/ed7d4c4c-6534-4a2d-a1fb-1b24400bf82b returned with HTTP 200
2022-03-24 09:38:22.695 23 INFO cinder.api.openstack.wsgi [req-d8ea3855-6c02-4e2c-aade-7eb0564c8715 0162d8fe4d9e4d83ba7834efab1f7c88 - - default default] POST http://[LB_IP_ADDRESS]:8776/v3/c8381fe04806454c8750934310f2c051/groups/ed7d4c4c-6534-4a2d-a1fb-1b24400bf82b/action
2022-03-24 09:38:22.708 23 INFO cinder.api.openstack.wsgi [req-d8ea3855-6c02-4e2c-aade-7eb0564c8715 0162d8fe4d9e4d83ba7834efab1f7c88 - - default default] http://[LB_IP_ADDRESS]:8776/v3/c8381fe04806454c8750934310f2c051/groups/ed7d4c4c-6534-4a2d-a1fb-1b24400bf82b/action returned with HTTP 202
2022-03-24 09:38:22.721 22 INFO cinder.api.openstack.wsgi [req-88ed1718-3d45-40e4-a7a1-5b0d4cbcfa6e dc14f5c695e343c493ee66c5098fbed2 - - default default] GET http://[LB_IP_ADDRESS]:8776/v3/b26d31555e06464e8e752916b2889890/groups/ed7d4c4c-6534-4a2d-a1fb-1b24400bf82b
2022-03-24 09:38:22.741 22 INFO cinder.api.openstack.wsgi [req-88ed1718-3d45-40e4-a7a1-5b0d4cbcfa6e dc14f5c695e343c493ee66c5098fbed2 - - default default] http://[LB_IP_ADDRESS]:8776/v3/b26d31555e06464e8e752916b2889890/groups/ed7d4c4c-6534-4a2d-a1fb-1b24400bf82b returned with HTTP 200
2022-03-24 09:38:22.757 20 INFO cinder.api.openstack.wsgi [req-ecadc74b-5523-4df6-9d56-463751ac67ff dc14f5c695e343c493ee66c5098fbed2 - - default default] GET http://[LB_IP_ADDRESS]:8776/v3/b26d31555e06464e8e752916b2889890/volumes/detail
2022-03-24 09:38:22.780 20 INFO cinder.volume.api [req-ecadc74b-5523-4df6-9d56-463751ac67ff dc14f5c695e343c493ee66c5098fbed2 - - default default] Get all volumes completed successfully.
2022-03-24 09:38:22.785 20 INFO cinder.api.openstack.wsgi [req-ecadc74b-5523-4df6-9d56-463751ac67ff dc14f5c695e343c493ee66c5098fbed2 - - default default] http://[LB_IP_ADDRESS]:8776/v3/b26d31555e06464e8e752916b2889890/volumes/detail returned with HTTP 200
2022-03-24 09:38:22.790 21 INFO cinder.api.openstack.wsgi [req-3c4aa0e5-b50a-4c5f-93c0-85ed7428e2ca 294e8539f85c4df787c5ec9427c0da44 - - default default] POST http://[LB_IP_ADDRESS]:8776/v3/9e91bcadd7be4891825fbcbd2decabbb/types
2022-03-24 09:38:22.805 19 INFO cinder.api.openstack.wsgi [req-a1ac2b83-9d39-4055-82ef-3f4305a712a2 dc14f5c695e343c493ee66c5098fbed2 - - default default] POST http://[LB_IP_ADDRESS]:8776/v3/b26d31555e06464e8e752916b2889890/groups/ed7d4c4c-6534-4a2d-a1fb-1b24400bf82b/action
2022-03-24 09:38:22.807 19 INFO cinder.api.v3.groups [req-a1ac2b83-9d39-4055-82ef-3f4305a712a2 dc14f5c695e343c493ee66c5098fbed2 - - default default] Delete group with id: ed7d4c4c-6534-4a2d-a1fb-1b24400bf82b
2022-03-24 09:38:22.815 21 INFO cinder.api.openstack.wsgi [req-3c4aa0e5-b50a-4c5f-93c0-85ed7428e2ca 294e8539f85c4df787c5ec9427c0da44 - - default default] http://[LB_IP_ADDRESS]:8776/v3/9e91bcadd7be4891825fbcbd2decabbb/types returned with HTTP 200
2022-03-24 09:38:22.833 23 INFO cinder.api.openstack.wsgi [req-a85351c7-e34c-4585-a8bf-d94a1fb9b73b 294e8539f85c4df787c5ec9427c0da44 - - default default] POST http://[LB_IP_ADDRESS]:8776/v3/9e91bcadd7be4891825fbcbd2decabbb/types/f6c39160-e0b6-436f-a0d2-ce186c230b10/extra_specs
2022-03-24 09:38:22.835 23 INFO cinder.api.openstack.wsgi [req-a85351c7-e34c-4585-a8bf-d94a1fb9b73b 294e8539f85c4df787c5ec9427c0da44 - - default default] http://[LB_IP_ADDRESS]:8776/v3/9e91bcadd7be4891825fbcbd2decabbb/types/f6c39160-e0b6-436f-a0d2-ce186c230b10/extra_specs returned with HTTP 400
2022-03-24 09:38:22.851 22 INFO cinder.api.openstack.wsgi [req-cd5635c1-3241-4030-916a-6f85040e8f2c 294e8539f85c4df787c5ec9427c0da44 - - default default] POST http://[LB_IP_ADDRESS]:8776/v3/9e91bcadd7be4891825fbcbd2decabbb/types/f6c39160-e0b6-436f-a0d2-ce186c230b10/extra_specs
2022-03-24 09:38:22.852 19 INFO cinder.api.openstack.wsgi [req-a1ac2b83-9d39-4055-82ef-3f4305a712a2 dc14f5c695e343c493ee66c5098fbed2 - - default default] http://[LB_IP_ADDRESS]:8776/v3/b26d31555e06464e8e752916b2889890/groups/ed7d4c4c-6534-4a2d-a1fb-1b24400bf82b/action returned with HTTP 202
2022-03-24 09:38:22.853 22 INFO cinder.api.openstack.wsgi [req-cd5635c1-3241-4030-916a-6f85040e8f2c 294e8539f85c4df787c5ec9427c0da44 - - default default] http://[LB_IP_ADDRESS]:8776/v3/9e91bcadd7be4891825fbcbd2decabbb/types/f6c39160-e0b6-436f-a0d2-ce186c230b10/extra_specs returned with HTTP 400
2022-03-24 09:38:22.864 20 INFO cinder.api.openstack.wsgi [req-c8c127e0-355a-41a7-ab3b-d3c2f7267487 dc14f5c695e343c493ee66c5098fbed2 - - default default] GET http://[LB_IP_ADDRESS]:8776/v3/b26d31555e06464e8e752916b2889890/groups/ed7d4c4c-6534-4a2d-a1fb-1b24400bf82b
2022-03-24 09:38:22.868 21 INFO cinder.api.openstack.wsgi [req-bba4e582-24bc-4636-9950-bb49eefa9c2a 294e8539f85c4df787c5ec9427c0da44 - - default default] POST http://[LB_IP_ADDRESS]:8776/v3/9e91bcadd7be4891825fbcbd2decabbb/types/f80b8251-a4b5-4cb8-aafb-d85b8a607a1d/extra_specs
2022-03-24 09:38:22.884 20 INFO cinder.api.openstack.wsgi [req-c8c127e0-355a-41a7-ab3b-d3c2f7267487 dc14f5c695e343c493ee66c5098fbed2 - - default default] http://[LB_IP_ADDRESS]:8776/v3/b26d31555e06464e8e752916b2889890/groups/ed7d4c4c-6534-4a2d-a1fb-1b24400bf82b returned with HTTP 200
2022-03-24 09:38:22.894 21 INFO cinder.api.openstack.wsgi [req-bba4e582-24bc-4636-9950-bb49eefa9c2a 294e8539f85c4df787c5ec9427c0da44 - - default default] http://[LB_IP_ADDRESS]:8776/v3/9e91bcadd7be4891825fbcbd2decabbb/types/f80b8251-a4b5-4cb8-aafb-d85b8a607a1d/extra_specs returned with HTTP 404
2022-03-24 09:38:22.910 23 INFO cinder.api.openstack.wsgi [req-ada074eb-4ce3-4c64-8f64-299b70e79c13 294e8539f85c4df787c5ec9427c0da44 - - default default] DELETE http://[LB_IP_ADDRESS]:8776/v3/9e91bcadd7be4891825fbcbd2decabbb/types/3b7ee738-e015-4764-b186-ad432b6f7c18/extra_specs/spec1
2022-03-24 09:38:22.916 23 INFO cinder.api.openstack.wsgi [req-ada074eb-4ce3-4c64-8f64-299b70e79c13 294e8539f85c4df787c5ec9427c0da44 - - default default] http://[LB_IP_ADDRESS]:8776/v3/9e91bcadd7be4891825fbcbd2decabbb/types/3b7ee738-e015-4764-b186-ad432b6f7c18/extra_specs/spec1 returned with HTTP 404
2022-03-24 09:38:22.932 19 INFO cinder.api.openstack.wsgi [req-f71d0bc6-e946-4e8b-ba0d-adc2991dd106 294e8539f85c4df787c5ec9427c0da44 - - default default] GET http://[LB_IP_ADDRESS]:8776/v3/9e91bcadd7be4891825fbcbd2decabbb/types/f6c39160-e0b6-436f-a0d2-ce186c230b10/extra_specs/nonexistent_extra_spec_name
2022-03-24 09:38:22.944 19 INFO cinder.api.openstack.wsgi [req-f71d0bc6-e946-4e8b-ba0d-adc2991dd106 294e8539f85c4df787c5ec9427c0da44 - - default default] http://[LB_IP_ADDRESS]:8776/v3/9e91bcadd7be4891825fbcbd2decabbb/types/f6c39160-e0b6-436f-a0d2-ce186c230b10/extra_specs/nonexistent_extra_spec_name returned with HTTP 404
2022-03-24 09:38:22.960 22 INFO cinder.api.openstack.wsgi [req-f728dba1-a875-4658-8cec-f6ca0cc13e9e 294e8539f85c4df787c5ec9427c0da44 - - default default] GET http://[LB_IP_ADDRESS]:8776/v3/9e91bcadd7be4891825fbcbd2decabbb/types/91a534b5-292b-440a-8f59-545021e5d3a2/extra_specs/spec1
2022-03-24 09:38:22.969 22 INFO cinder.api.openstack.wsgi [req-f728dba1-a875-4658-8cec-f6ca0cc13e9e 294e8539f85c4df787c5ec9427c0da44 - - default default] http://[LB_IP_ADDRESS]:8776/v3/9e91bcadd7be4891825fbcbd2decabbb/types/91a534b5-292b-440a-8f59-545021e5d3a2/extra_specs/spec1 returned with HTTP 404
2022-03-24 09:38:22.985 20 INFO cinder.api.openstack.wsgi [req-6cfc7265-242e-4f00-ad69-85698fa5a721 294e8539f85c4df787c5ec9427c0da44 - - default default] GET http://[LB_IP_ADDRESS]:8776/v3/9e91bcadd7be4891825fbcbd2decabbb/types/d3f328c0-7a24-4d52-ac78-a0a818bc77d2/extra_specs
2022-03-24 09:38:22.994 20 INFO cinder.api.openstack.wsgi [req-6cfc7265-242e-4f00-ad69-85698fa5a721 294e8539f85c4df787c5ec9427c0da44 - - default default] http://[LB_IP_ADDRESS]:8776/v3/9e91bcadd7be4891825fbcbd2decabbb/types/d3f328c0-7a24-4d52-ac78-a0a818bc77d2/extra_specs returned with HTTP 404
2022-03-24 09:38:23.009 21 INFO cinder.api.openstack.wsgi [req-d7b61c9c-6357-43d5-9450-09ec8f4b44bd 294e8539f85c4df787c5ec9427c0da44 - - default default] PUT http://[LB_IP_ADDRESS]:8776/v3/9e91bcadd7be4891825fbcbd2decabbb/types/f6c39160-e0b6-436f-a0d2-ce186c230b10/extra_specs/spec1
2022-03-24 09:38:23.011 21 INFO cinder.api.openstack.wsgi [req-d7b61c9c-6357-43d5-9450-09ec8f4b44bd 294e8539f85c4df787c5ec9427c0da44 - - default default] http://[LB_IP_ADDRESS]:8776/v3/9e91bcadd7be4891825fbcbd2decabbb/types/f6c39160-e0b6-436f-a0d2-ce186c230b10/extra_specs/spec1 returned with HTTP 400
2022-03-24 09:38:23.026 23 INFO cinder.api.openstack.wsgi [req-ba56a106-643b-480f-a994-c2e225eea576 294e8539f85c4df787c5ec9427c0da44 - - default default] PUT http://[LB_IP_ADDRESS]:8776/v3/9e91bcadd7be4891825fbcbd2decabbb/types/f6c39160-e0b6-436f-a0d2-ce186c230b10/extra_specs/spec1
2022-03-24 09:38:23.029 23 INFO cinder.api.openstack.wsgi [req-ba56a106-643b-480f-a994-c2e225eea576 294e8539f85c4df787c5ec9427c0da44 - - default default] http://[LB_IP_ADDRESS]:8776/v3/9e91bcadd7be4891825fbcbd2decabbb/types/f6c39160-e0b6-436f-a0d2-ce186c230b10/extra_specs/spec1 returned with HTTP 400
2022-03-24 09:38:23.045 19 INFO cinder.api.openstack.wsgi [req-93118290-0dba-42b7-8d5c-b03d72f0c854 294e8539f85c4df787c5ec9427c0da44 - - default default] PUT http://[LB_IP_ADDRESS]:8776/v3/9e91bcadd7be4891825fbcbd2decabbb/types/f6c39160-e0b6-436f-a0d2-ce186c230b10/extra_specs/None
2022-03-24 09:38:23.071 19 INFO cinder.api.openstack.wsgi [req-93118290-0dba-42b7-8d5c-b03d72f0c854 294e8539f85c4df787c5ec9427c0da44 - - default default] HTTP exception thrown: Request body and URI mismatch
2022-03-24 09:38:23.072 19 INFO cinder.api.openstack.wsgi [req-93118290-0dba-42b7-8d5c-b03d72f0c854 294e8539f85c4df787c5ec9427c0da44 - - default default] http://[LB_IP_ADDRESS]:8776/v3/9e91bcadd7be4891825fbcbd2decabbb/types/f6c39160-e0b6-436f-a0d2-ce186c230b10/extra_specs/None returned with HTTP 400
2022-03-24 09:38:23.088 22 INFO cinder.api.openstack.wsgi [req-f6c9d028-799b-4ef6-8815-26e83f6b7b1b 294e8539f85c4df787c5ec9427c0da44 - - default default] PUT http://[LB_IP_ADDRESS]:8776/v3/9e91bcadd7be4891825fbcbd2decabbb/types/f6c39160-e0b6-436f-a0d2-ce186c230b10/extra_specs/0aae23cc-0436-4802-be06-ae5fa8945fae
2022-03-24 09:38:23.115 22 INFO cinder.api.openstack.wsgi [req-f6c9d028-799b-4ef6-8815-26e83f6b7b1b 294e8539f85c4df787c5ec9427c0da44 - - default default] HTTP exception thrown: Request body and URI mismatch
2022-03-24 09:38:23.116 22 INFO cinder.api.openstack.wsgi [req-f6c9d028-799b-4ef6-8815-26e83f6b7b1b 294e8539f85c4df787c5ec9427c0da44 - - default default] http://[LB_IP_ADDRESS]:8776/v3/9e91bcadd7be4891825fbcbd2decabbb/types/f6c39160-e0b6-436f-a0d2-ce186c230b10/extra_specs/0aae23cc-0436-4802-be06-ae5fa8945fae returned with HTTP 400
2022-03-24 09:38:23.132 20 INFO cinder.api.openstack.wsgi [req-1a228e55-90ee-46fb-b077-f708cf401da8 294e8539f85c4df787c5ec9427c0da44 - - default default] PUT http://[LB_IP_ADDRESS]:8776/v3/9e91bcadd7be4891825fbcbd2decabbb/types/31141a4b-6a52-4d84-ace5-7952adfc6c65/extra_specs/spec1
2022-03-24 09:38:23.158 20 INFO cinder.api.openstack.wsgi [req-1a228e55-90ee-46fb-b077-f708cf401da8 294e8539f85c4df787c5ec9427c0da44 - - default default] http://[LB_IP_ADDRESS]:8776/v3/9e91bcadd7be4891825fbcbd2decabbb/types/31141a4b-6a52-4d84-ace5-7952adfc6c65/extra_specs/spec1 returned with HTTP 404
2022-03-24 09:38:23.171 21 INFO cinder.api.openstack.wsgi [req-22c1c0c4-0064-43b3-84e2-97ebe54a1d65 294e8539f85c4df787c5ec9427c0da44 - - default default] DELETE http://[LB_IP_ADDRESS]:8776/v3/9e91bcadd7be4891825fbcbd2decabbb/types/f6c39160-e0b6-436f-a0d2-ce186c230b10
2022-03-24 09:38:23.234 21 INFO cinder.api.openstack.wsgi [req-22c1c0c4-0064-43b3-84e2-97ebe54a1d65 294e8539f85c4df787c5ec9427c0da44 - - default default] http://[LB_IP_ADDRESS]:8776/v3/9e91bcadd7be4891825fbcbd2decabbb/types/f6c39160-e0b6-436f-a0d2-ce186c230b10 returned with HTTP 202
2022-03-24 09:38:23.246 23 INFO cinder.api.openstack.wsgi [req-2a660cc3-b8d0-49a3-b25a-66280d7cc90c 294e8539f85c4df787c5ec9427c0da44 - - default default] GET http://[LB_IP_ADDRESS]:8776/v3/9e91bcadd7be4891825fbcbd2decabbb/types/f6c39160-e0b6-436f-a0d2-ce186c230b10
2022-03-24 09:38:23.253 23 INFO cinder.api.openstack.wsgi [req-2a660cc3-b8d0-49a3-b25a-66280d7cc90c 294e8539f85c4df787c5ec9427c0da44 - - default default] http://[LB_IP_ADDRESS]:8776/v3/9e91bcadd7be4891825fbcbd2decabbb/types/f6c39160-e0b6-436f-a0d2-ce186c230b10 returned with HTTP 404
2022-03-24 09:38:23.900 19 INFO cinder.api.openstack.wsgi [req-5aa3807e-a776-4fd8-b975-c9e5c6f6bfc6 dc14f5c695e343c493ee66c5098fbed2 - - default default] GET http://[LB_IP_ADDRESS]:8776/v3/b26d31555e06464e8e752916b2889890/groups/ed7d4c4c-6534-4a2d-a1fb-1b24400bf82b
2022-03-24 09:38:23.905 19 INFO cinder.api.openstack.wsgi [req-5aa3807e-a776-4fd8-b975-c9e5c6f6bfc6 dc14f5c695e343c493ee66c5098fbed2 - - default default] http://[LB_IP_ADDRESS]:8776/v3/b26d31555e06464e8e752916b2889890/groups/ed7d4c4c-6534-4a2d-a1fb-1b24400bf82b returned with HTTP 404
2022-03-24 09:38:23.917 22 INFO cinder.api.openstack.wsgi [req-92edf087-2d3e-4dd2-8301-c17527bd9c53 0162d8fe4d9e4d83ba7834efab1f7c88 - - default default] DELETE http://[LB_IP_ADDRESS]:8776/v3/c8381fe04806454c8750934310f2c051/group_types/73cac7ca-6ef4-4883-aa36-83e2e3ecb422
2022-03-24 09:38:23.942 22 INFO cinder.api.openstack.wsgi [req-92edf087-2d3e-4dd2-8301-c17527bd9c53 0162d8fe4d9e4d83ba7834efab1f7c88 - - default default] http://[LB_IP_ADDRESS]:8776/v3/c8381fe04806454c8750934310f2c051/group_types/73cac7ca-6ef4-4883-aa36-83e2e3ecb422 returned with HTTP 202
2022-03-24 09:38:23.955 20 INFO cinder.api.openstack.wsgi [req-4f79bc17-564f-47a7-8f59-668f16020bca 0162d8fe4d9e4d83ba7834efab1f7c88 - - default default] DELETE http://[LB_IP_ADDRESS]:8776/v3/c8381fe04806454c8750934310f2c051/types/025288c8-e765-4621-852a-00e48b189747
2022-03-24 09:38:24.014 20 INFO cinder.api.openstack.wsgi [req-4f79bc17-564f-47a7-8f59-668f16020bca 0162d8fe4d9e4d83ba7834efab1f7c88 - - default default] http://[LB_IP_ADDRESS]:8776/v3/c8381fe04806454c8750934310f2c051/types/025288c8-e765-4621-852a-00e48b189747 returned with HTTP 202
2022-03-24 09:38:24.025 21 INFO cinder.api.openstack.wsgi [req-5d19882d-2f4a-472b-ba4e-31893262f755 0162d8fe4d9e4d83ba7834efab1f7c88 - - default default] GET http://[LB_IP_ADDRESS]:8776/v3/c8381fe04806454c8750934310f2c051/types/025288c8-e765-4621-852a-00e48b189747
2022-03-24 09:38:24.031 21 INFO cinder.api.openstack.wsgi [req-5d19882d-2f4a-472b-ba4e-31893262f755 0162d8fe4d9e4d83ba7834efab1f7c88 - - default default] http://[LB_IP_ADDRESS]:8776/v3/c8381fe04806454c8750934310f2c051/types/025288c8-e765-4621-852a-00e48b189747 returned with HTTP 404
2022-03-24 09:38:28.701 23 INFO cinder.api.openstack.wsgi [req-bf7ed7e6-2c81-4a11-afc6-fcebe313a0e3 - - - - -] GET http://[LB_IP_ADDRESS]:8776/
2022-03-24 09:38:28.702 23 INFO cinder.api.openstack.wsgi [req-bf7ed7e6-2c81-4a11-afc6-fcebe313a0e3 - - - - -] http://[LB_IP_ADDRESS]:8776/ returned with HTTP 300
2022-03-24 09:38:29.035 19 INFO cinder.api.openstack.wsgi [req-2484a3c4-402b-4a1b-91dc-150a6cfe8a03 762c944451f6443da34f899d6a012030 - - default default] POST http://[LB_IP_ADDRESS]:8776/v3/33d65a8a378b4023a5972c8b87c839fc/qos-specs
2022-03-24 09:38:29.053 19 INFO cinder.api.openstack.wsgi [req-2484a3c4-402b-4a1b-91dc-150a6cfe8a03 762c944451f6443da34f899d6a012030 - - default default] http://[LB_IP_ADDRESS]:8776/v3/33d65a8a378b4023a5972c8b87c839fc/qos-specs returned with HTTP 200
2022-03-24 09:38:29.069 22 INFO cinder.api.openstack.wsgi [req-2bf8e878-295b-4dab-84d4-3ef4a9468663 762c944451f6443da34f899d6a012030 - - default default] POST http://[LB_IP_ADDRESS]:8776/v3/33d65a8a378b4023a5972c8b87c839fc/types
2022-03-24 09:38:29.096 22 INFO cinder.api.openstack.wsgi [req-2bf8e878-295b-4dab-84d4-3ef4a9468663 762c944451f6443da34f899d6a012030 - - default default] http://[LB_IP_ADDRESS]:8776/v3/33d65a8a378b4023a5972c8b87c839fc/types returned with HTTP 200
2022-03-24 09:38:29.111 20 INFO cinder.api.openstack.wsgi [req-5ecfebc5-dc54-46a7-a081-ab7ebc503c13 762c944451f6443da34f899d6a012030 - - default default] POST http://[LB_IP_ADDRESS]:8776/v3/33d65a8a378b4023a5972c8b87c839fc/types
2022-03-24 09:38:29.137 20 INFO cinder.api.openstack.wsgi [req-5ecfebc5-dc54-46a7-a081-ab7ebc503c13 762c944451f6443da34f899d6a012030 - - default default] http://[LB_IP_ADDRESS]:8776/v3/33d65a8a378b4023a5972c8b87c839fc/types returned with HTTP 200
2022-03-24 09:38:29.155 21 INFO cinder.api.openstack.wsgi [req-252763de-aa04-4f3c-97f6-def58a3fcb3b 762c944451f6443da34f899d6a012030 - - default default] POST http://[LB_IP_ADDRESS]:8776/v3/33d65a8a378b4023a5972c8b87c839fc/types
2022-03-24 09:38:29.185 21 INFO cinder.api.openstack.wsgi [req-252763de-aa04-4f3c-97f6-def58a3fcb3b 762c944451f6443da34f899d6a012030 - - default default] http://[LB_IP_ADDRESS]:8776/v3/33d65a8a378b4023a5972c8b87c839fc/types returned with HTTP 200
2022-03-24 09:38:29.201 23 INFO cinder.api.openstack.wsgi [req-58903c26-08a5-4913-892e-d0c06a2b5dd1 762c944451f6443da34f899d6a012030 - - default default] GET http://[LB_IP_ADDRESS]:8776/v3/33d65a8a378b4023a5972c8b87c839fc/qos-specs/cd3fbcf2-497e-447f-934c-dbe56a9ea343/associate?vol_type_id=0c1381ca-205b-4e51-bf77-59296a64a537
2022-03-24 09:38:29.232 23 INFO cinder.api.openstack.wsgi [req-58903c26-08a5-4913-892e-d0c06a2b5dd1 762c944451f6443da34f899d6a012030 - - default default] http://[LB_IP_ADDRESS]:8776/v3/33d65a8a378b4023a5972c8b87c839fc/qos-specs/cd3fbcf2-497e-447f-934c-dbe56a9ea343/associate?vol_type_id=0c1381ca-205b-4e51-bf77-59296a64a537 returned with HTTP 202
2022-03-24 09:38:29.246 19 INFO cinder.api.openstack.wsgi [req-36f4270f-571a-4af9-af7f-97f611f7ccb0 762c944451f6443da34f899d6a012030 - - default default] GET http://[LB_IP_ADDRESS]:8776/v3/33d65a8a378b4023a5972c8b87c839fc/qos-specs/cd3fbcf2-497e-447f-934c-dbe56a9ea343/associate?vol_type_id=ce1d1fb7-41fe-4453-84c9-fae1eb60b2c1
2022-03-24 09:38:29.273 19 INFO cinder.api.openstack.wsgi [req-36f4270f-571a-4af9-af7f-97f611f7ccb0 762c944451f6443da34f899d6a012030 - - default default] http://[LB_IP_ADDRESS]:8776/v3/33d65a8a378b4023a5972c8b87c839fc/qos-specs/cd3fbcf2-497e-447f-934c-dbe56a9ea343/associate?vol_type_id=ce1d1fb7-41fe-4453-84c9-fae1eb60b2c1 returned with HTTP 202
2022-03-24 09:38:29.288 22 INFO cinder.api.openstack.wsgi [req-5981ee8e-7bd8-4116-8a30-05d3e883be3b 762c944451f6443da34f899d6a012030 - - default default] GET http://[LB_IP_ADDRESS]:8776/v3/33d65a8a378b4023a5972c8b87c839fc/qos-specs/cd3fbcf2-497e-447f-934c-dbe56a9ea343/associate?vol_type_id=f64683d5-7b2d-4ed0-8a00-9b5bf0f3b4c8
2022-03-24 09:38:29.313 22 INFO cinder.api.openstack.wsgi [req-5981ee8e-7bd8-4116-8a30-05d3e883be3b 762c944451f6443da34f899d6a012030 - - default default] http://[LB_IP_ADDRESS]:8776/v3/33d65a8a378b4023a5972c8b87c839fc/qos-specs/cd3fbcf2-497e-447f-934c-dbe56a9ea343/associate?vol_type_id=f64683d5-7b2d-4ed0-8a00-9b5bf0f3b4c8 returned with HTTP 202
2022-03-24 09:38:29.333 20 INFO cinder.api.openstack.wsgi [req-7dc89a5e-cdef-423b-b434-697df1c3c744 762c944451f6443da34f899d6a012030 - - default default] GET http://[LB_IP_ADDRESS]:8776/v3/33d65a8a378b4023a5972c8b87c839fc/qos-specs/cd3fbcf2-497e-447f-934c-dbe56a9ea343/associations
2022-03-24 09:38:29.360 20 INFO cinder.api.openstack.wsgi [req-7dc89a5e-cdef-423b-b434-697df1c3c744 762c944451f6443da34f899d6a012030 - - default default] http://[LB_IP_ADDRESS]:8776/v3/33d65a8a378b4023a5972c8b87c839fc/qos-specs/cd3fbcf2-497e-447f-934c-dbe56a9ea343/associations returned with HTTP 200
2022-03-24 09:38:29.377 21 INFO cinder.api.openstack.wsgi [req-91ee9129-d5ad-457c-9e3f-336b20731a36 762c944451f6443da34f899d6a012030 - - default default] GET http://[LB_IP_ADDRESS]:8776/v3/33d65a8a378b4023a5972c8b87c839fc/qos-specs/cd3fbcf2-497e-447f-934c-dbe56a9ea343/disassociate?vol_type_id=0c1381ca-205b-4e51-bf77-59296a64a537
2022-03-24 09:38:29.398 21 INFO cinder.api.openstack.wsgi [req-91ee9129-d5ad-457c-9e3f-336b20731a36 762c944451f6443da34f899d6a012030 - - default default] http://[LB_IP_ADDRESS]:8776/v3/33d65a8a378b4023a5972c8b87c839fc/qos-specs/cd3fbcf2-497e-447f-934c-dbe56a9ea343/disassociate?vol_type_id=0c1381ca-205b-4e51-bf77-59296a64a537 returned with HTTP 202
2022-03-24 09:38:29.411 23 INFO cinder.api.openstack.wsgi [req-80ca295d-296c-4b9b-be51-0bed37f871e3 762c944451f6443da34f899d6a012030 - - default default] GET http://[LB_IP_ADDRESS]:8776/v3/33d65a8a378b4023a5972c8b87c839fc/qos-specs/cd3fbcf2-497e-447f-934c-dbe56a9ea343/associations
2022-03-24 09:38:29.427 23 INFO cinder.api.openstack.wsgi [req-80ca295d-296c-4b9b-be51-0bed37f871e3 762c944451f6443da34f899d6a012030 - - default default] http://[LB_IP_ADDRESS]:8776/v3/33d65a8a378b4023a5972c8b87c839fc/qos-specs/cd3fbcf2-497e-447f-934c-dbe56a9ea343/associations returned with HTTP 200
2022-03-24 09:38:29.443 19 INFO cinder.api.openstack.wsgi [req-9015ddb5-d9f2-4fa4-b19e-2668379732a9 762c944451f6443da34f899d6a012030 - - default default] GET http://[LB_IP_ADDRESS]:8776/v3/33d65a8a378b4023a5972c8b87c839fc/qos-specs/cd3fbcf2-497e-447f-934c-dbe56a9ea343/disassociate_all
2022-03-24 09:38:29.459 19 INFO cinder.api.openstack.wsgi [req-9015ddb5-d9f2-4fa4-b19e-2668379732a9 762c944451f6443da34f899d6a012030 - - default default] http://[LB_IP_ADDRESS]:8776/v3/33d65a8a378b4023a5972c8b87c839fc/qos-specs/cd3fbcf2-497e-447f-934c-dbe56a9ea343/disassociate_all returned with HTTP 202
2022-03-24 09:38:29.472 22 INFO cinder.api.openstack.wsgi [req-1a0f2dfb-f708-478a-8e7f-d8e0e8f0543d 762c944451f6443da34f899d6a012030 - - default default] GET http://[LB_IP_ADDRESS]:8776/v3/33d65a8a378b4023a5972c8b87c839fc/qos-specs/cd3fbcf2-497e-447f-934c-dbe56a9ea343/associations
2022-03-24 09:38:29.487 22 INFO cinder.api.openstack.wsgi [req-1a0f2dfb-f708-478a-8e7f-d8e0e8f0543d 762c944451f6443da34f899d6a012030 - - default default] http://[LB_IP_ADDRESS]:8776/v3/33d65a8a378b4023a5972c8b87c839fc/qos-specs/cd3fbcf2-497e-447f-934c-dbe56a9ea343/associations returned with HTTP 200
2022-03-24 09:38:29.503 20 INFO cinder.api.openstack.wsgi [req-d57e70fa-e4a2-49ee-86fb-d56d2ae8e598 762c944451f6443da34f899d6a012030 - - default default] POST http://[LB_IP_ADDRESS]:8776/v3/33d65a8a378b4023a5972c8b87c839fc/qos-specs
2022-03-24 09:38:29.519 20 INFO cinder.api.openstack.wsgi [req-d57e70fa-e4a2-49ee-86fb-d56d2ae8e598 762c944451f6443da34f899d6a012030 - - default default] http://[LB_IP_ADDRESS]:8776/v3/33d65a8a378b4023a5972c8b87c839fc/qos-specs returned with HTTP 200
2022-03-24 09:38:29.536 21 INFO cinder.api.openstack.wsgi [req-c4e16b5e-0c8e-4afa-af3e-d87f6a8df85f 762c944451f6443da34f899d6a012030 - - default default] DELETE http://[LB_IP_ADDRESS]:8776/v3/33d65a8a378b4023a5972c8b87c839fc/qos-specs/2416f907-e48a-474a-9763-06f80ba66a7b?force=False
2022-03-24 09:38:29.565 21 INFO cinder.api.openstack.wsgi [req-c4e16b5e-0c8e-4afa-af3e-d87f6a8df85f 762c944451f6443da34f899d6a012030 - - default default] http://[LB_IP_ADDRESS]:8776/v3/33d65a8a378b4023a5972c8b87c839fc/qos-specs/2416f907-e48a-474a-9763-06f80ba66a7b?force=False returned with HTTP 202
2022-03-24 09:38:29.579 23 INFO cinder.api.openstack.wsgi [req-133bd764-a6e2-4d80-9c48-e6f80f13b899 762c944451f6443da34f899d6a012030 - - default default] GET http://[LB_IP_ADDRESS]:8776/v3/33d65a8a378b4023a5972c8b87c839fc/qos-specs/2416f907-e48a-474a-9763-06f80ba66a7b
2022-03-24 09:38:29.586 23 INFO cinder.api.openstack.wsgi [req-133bd764-a6e2-4d80-9c48-e6f80f13b899 762c944451f6443da34f899d6a012030 - - default default] http://[LB_IP_ADDRESS]:8776/v3/33d65a8a378b4023a5972c8b87c839fc/qos-specs/2416f907-e48a-474a-9763-06f80ba66a7b returned with HTTP 404
2022-03-24 09:38:29.599 19 INFO cinder.api.openstack.wsgi [req-8bee621e-73ca-4c50-a9ae-c6174a3cfdbe 762c944451f6443da34f899d6a012030 - - default default] GET http://[LB_IP_ADDRESS]:8776/v3/33d65a8a378b4023a5972c8b87c839fc/qos-specs
2022-03-24 09:38:29.610 19 INFO cinder.api.openstack.wsgi [req-8bee621e-73ca-4c50-a9ae-c6174a3cfdbe 762c944451f6443da34f899d6a012030 - - default default] http://[LB_IP_ADDRESS]:8776/v3/33d65a8a378b4023a5972c8b87c839fc/qos-specs returned with HTTP 200
2022-03-24 09:38:29.628 22 INFO cinder.api.openstack.wsgi [req-31a087bd-e48f-4b1b-9b92-eee32630a4e5 762c944451f6443da34f899d6a012030 - - default default] POST http://[LB_IP_ADDRESS]:8776/v3/33d65a8a378b4023a5972c8b87c839fc/qos-specs
2022-03-24 09:38:29.642 22 INFO cinder.api.openstack.wsgi [req-31a087bd-e48f-4b1b-9b92-eee32630a4e5 762c944451f6443da34f899d6a012030 - - default default] http://[LB_IP_ADDRESS]:8776/v3/33d65a8a378b4023a5972c8b87c839fc/qos-specs returned with HTTP 200
2022-03-24 09:38:29.658 20 INFO cinder.api.openstack.wsgi [req-996e6478-fc83-4529-b02d-a196f498cf32 762c944451f6443da34f899d6a012030 - - default default] DELETE http://[LB_IP_ADDRESS]:8776/v3/33d65a8a378b4023a5972c8b87c839fc/qos-specs/5fb5796f-ed23-470f-ad5c-0d47054bf8bf?force=False
2022-03-24 09:38:29.684 20 INFO cinder.api.openstack.wsgi [req-996e6478-fc83-4529-b02d-a196f498cf32 762c944451f6443da34f899d6a012030 - - default default] http://[LB_IP_ADDRESS]:8776/v3/33d65a8a378b4023a5972c8b87c839fc/qos-specs/5fb5796f-ed23-470f-ad5c-0d47054bf8bf?force=False returned with HTTP 202
2022-03-24 09:38:29.698 21 INFO cinder.api.openstack.wsgi [req-e7035134-583b-4a06-8ba9-5a9a1d341e21 762c944451f6443da34f899d6a012030 - - default default] GET http://[LB_IP_ADDRESS]:8776/v3/33d65a8a378b4023a5972c8b87c839fc/qos-specs/5fb5796f-ed23-470f-ad5c-0d47054bf8bf
2022-03-24 09:38:29.705 21 INFO cinder.api.openstack.wsgi [req-e7035134-583b-4a06-8ba9-5a9a1d341e21 762c944451f6443da34f899d6a012030 - - default default] http://[LB_IP_ADDRESS]:8776/v3/33d65a8a378b4023a5972c8b87c839fc/qos-specs/5fb5796f-ed23-470f-ad5c-0d47054bf8bf returned with HTTP 404
2022-03-24 09:38:29.718 23 INFO cinder.api.openstack.wsgi [req-8ad3668b-87cd-47f5-924c-af72759a6b63 762c944451f6443da34f899d6a012030 - - default default] GET http://[LB_IP_ADDRESS]:8776/v3/33d65a8a378b4023a5972c8b87c839fc/qos-specs
2022-03-24 09:38:29.729 23 INFO cinder.api.openstack.wsgi [req-8ad3668b-87cd-47f5-924c-af72759a6b63 762c944451f6443da34f899d6a012030 - - default default] http://[LB_IP_ADDRESS]:8776/v3/33d65a8a378b4023a5972c8b87c839fc/qos-specs returned with HTTP 200
2022-03-24 09:38:29.746 19 INFO cinder.api.openstack.wsgi [req-501ebedd-2e95-4143-b718-5ffcc6025963 762c944451f6443da34f899d6a012030 - - default default] POST http://[LB_IP_ADDRESS]:8776/v3/33d65a8a378b4023a5972c8b87c839fc/qos-specs
2022-03-24 09:38:29.762 19 INFO cinder.api.openstack.wsgi [req-501ebedd-2e95-4143-b718-5ffcc6025963 762c944451f6443da34f899d6a012030 - - default default] http://[LB_IP_ADDRESS]:8776/v3/33d65a8a378b4023a5972c8b87c839fc/qos-specs returned with HTTP 200
2022-03-24 09:38:29.779 22 INFO cinder.api.openstack.wsgi [req-d5699e6f-1ce4-4794-8459-6446941c6806 762c944451f6443da34f899d6a012030 - - default default] DELETE http://[LB_IP_ADDRESS]:8776/v3/33d65a8a378b4023a5972c8b87c839fc/qos-specs/36dda220-7101-491a-86df-d862a7dc243c?force=False
2022-03-24 09:38:29.805 22 INFO cinder.api.openstack.wsgi [req-d5699e6f-1ce4-4794-8459-6446941c6806 762c944451f6443da34f899d6a012030 - - default default] http://[LB_IP_ADDRESS]:8776/v3/33d65a8a378b4023a5972c8b87c839fc/qos-specs/36dda220-7101-491a-86df-d862a7dc243c?force=False returned with HTTP 202
2022-03-24 09:38:29.817 20 INFO cinder.api.openstack.wsgi [req-b84f29bc-f08d-44d9-9320-d9fdd8ead498 762c944451f6443da34f899d6a012030 - - default default] GET http://[LB_IP_ADDRESS]:8776/v3/33d65a8a378b4023a5972c8b87c839fc/qos-specs/36dda220-7101-491a-86df-d862a7dc243c
2022-03-24 09:38:29.825 20 INFO cinder.api.openstack.wsgi [req-b84f29bc-f08d-44d9-9320-d9fdd8ead498 762c944451f6443da34f899d6a012030 - - default default] http://[LB_IP_ADDRESS]:8776/v3/33d65a8a378b4023a5972c8b87c839fc/qos-specs/36dda220-7101-491a-86df-d862a7dc243c returned with HTTP 404
2022-03-24 09:38:29.840 21 INFO cinder.api.openstack.wsgi [req-28bf9296-7b1f-4dcb-9c34-d6c0035e8d69 762c944451f6443da34f899d6a012030 - - default default] GET http://[LB_IP_ADDRESS]:8776/v3/33d65a8a378b4023a5972c8b87c839fc/qos-specs
2022-03-24 09:38:29.850 21 INFO cinder.api.openstack.wsgi [req-28bf9296-7b1f-4dcb-9c34-d6c0035e8d69 762c944451f6443da34f899d6a012030 - - default default] http://[LB_IP_ADDRESS]:8776/v3/33d65a8a378b4023a5972c8b87c839fc/qos-specs returned with HTTP 200
2022-03-24 09:38:29.867 23 INFO cinder.api.openstack.wsgi [req-664cd1dd-4155-4757-8862-0221f8ac9e3c 762c944451f6443da34f899d6a012030 - - default default] GET http://[LB_IP_ADDRESS]:8776/v3/33d65a8a378b4023a5972c8b87c839fc/qos-specs/cd3fbcf2-497e-447f-934c-dbe56a9ea343
2022-03-24 09:38:29.875 23 INFO cinder.api.openstack.wsgi [req-664cd1dd-4155-4757-8862-0221f8ac9e3c 762c944451f6443da34f899d6a012030 - - default default] http://[LB_IP_ADDRESS]:8776/v3/33d65a8a378b4023a5972c8b87c839fc/qos-specs/cd3fbcf2-497e-447f-934c-dbe56a9ea343 returned with HTTP 200
2022-03-24 09:38:29.893 19 INFO cinder.api.openstack.wsgi [req-eb4399bd-70a5-4255-882c-83a419e18e0b 762c944451f6443da34f899d6a012030 - - default default] GET http://[LB_IP_ADDRESS]:8776/v3/33d65a8a378b4023a5972c8b87c839fc/qos-specs
2022-03-24 09:38:29.904 19 INFO cinder.api.openstack.wsgi [req-eb4399bd-70a5-4255-882c-83a419e18e0b 762c944451f6443da34f899d6a012030 - - default default] http://[LB_IP_ADDRESS]:8776/v3/33d65a8a378b4023a5972c8b87c839fc/qos-specs returned with HTTP 200
2022-03-24 09:38:29.922 22 INFO cinder.api.openstack.wsgi [req-080de0e0-00a9-468b-bc85-c490e8efdecc 762c944451f6443da34f899d6a012030 - - default default] PUT http://[LB_IP_ADDRESS]:8776/v3/33d65a8a378b4023a5972c8b87c839fc/qos-specs/cd3fbcf2-497e-447f-934c-dbe56a9ea343
2022-03-24 09:38:29.943 22 INFO cinder.api.openstack.wsgi [req-080de0e0-00a9-468b-bc85-c490e8efdecc 762c944451f6443da34f899d6a012030 - - default default] http://[LB_IP_ADDRESS]:8776/v3/33d65a8a378b4023a5972c8b87c839fc/qos-specs/cd3fbcf2-497e-447f-934c-dbe56a9ea343 returned with HTTP 200
2022-03-24 09:38:29.959 20 INFO cinder.api.openstack.wsgi [req-bdb014ee-38b7-42b9-b33b-56556e830547 762c944451f6443da34f899d6a012030 - - default default] GET http://[LB_IP_ADDRESS]:8776/v3/33d65a8a378b4023a5972c8b87c839fc/qos-specs/cd3fbcf2-497e-447f-934c-dbe56a9ea343
2022-03-24 09:38:29.968 20 INFO cinder.api.openstack.wsgi [req-bdb014ee-38b7-42b9-b33b-56556e830547 762c944451f6443da34f899d6a012030 - - default default] http://[LB_IP_ADDRESS]:8776/v3/33d65a8a378b4023a5972c8b87c839fc/qos-specs/cd3fbcf2-497e-447f-934c-dbe56a9ea343 returned with HTTP 200
2022-03-24 09:38:29.985 21 INFO cinder.api.openstack.wsgi [req-f63e78e1-27d1-4a36-aa2d-79e4c4c40bc4 762c944451f6443da34f899d6a012030 - - default default] PUT http://[LB_IP_ADDRESS]:8776/v3/33d65a8a378b4023a5972c8b87c839fc/qos-specs/cd3fbcf2-497e-447f-934c-dbe56a9ea343/delete_keys
2022-03-24 09:38:30.007 21 INFO cinder.api.openstack.wsgi [req-f63e78e1-27d1-4a36-aa2d-79e4c4c40bc4 762c944451f6443da34f899d6a012030 - - default default] http://[LB_IP_ADDRESS]:8776/v3/33d65a8a378b4023a5972c8b87c839fc/qos-specs/cd3fbcf2-497e-447f-934c-dbe56a9ea343/delete_keys returned with HTTP 202
2022-03-24 09:38:30.021 23 INFO cinder.api.openstack.wsgi [req-20bb6524-3d1c-4cff-b3ab-380a4209931e 762c944451f6443da34f899d6a012030 - - default default] GET http://[LB_IP_ADDRESS]:8776/v3/33d65a8a378b4023a5972c8b87c839fc/qos-specs/cd3fbcf2-497e-447f-934c-dbe56a9ea343
2022-03-24 09:38:30.029 23 INFO cinder.api.openstack.wsgi [req-20bb6524-3d1c-4cff-b3ab-380a4209931e 762c944451f6443da34f899d6a012030 - - default default] http://[LB_IP_ADDRESS]:8776/v3/33d65a8a378b4023a5972c8b87c839fc/qos-specs/cd3fbcf2-497e-447f-934c-dbe56a9ea343 returned with HTTP 200
2022-03-24 09:38:30.045 19 INFO cinder.api.openstack.wsgi [req-5d37367c-0380-4e04-825a-40f811270aa8 762c944451f6443da34f899d6a012030 - - default default] GET http://[LB_IP_ADDRESS]:8776/v3/33d65a8a378b4023a5972c8b87c839fc/qos-specs/cd3fbcf2-497e-447f-934c-dbe56a9ea343
2022-03-24 09:38:30.054 19 INFO cinder.api.openstack.wsgi [req-5d37367c-0380-4e04-825a-40f811270aa8 762c944451f6443da34f899d6a012030 - - default default] http://[LB_IP_ADDRESS]:8776/v3/33d65a8a378b4023a5972c8b87c839fc/qos-specs/cd3fbcf2-497e-447f-934c-dbe56a9ea343 returned with HTTP 200
2022-03-24 09:38:30.077 22 INFO cinder.api.openstack.wsgi [req-f08ff80a-318b-4fed-a72c-bd7087f8dd38 762c944451f6443da34f899d6a012030 - - default default] DELETE http://[LB_IP_ADDRESS]:8776/v3/33d65a8a378b4023a5972c8b87c839fc/qos-specs/36dda220-7101-491a-86df-d862a7dc243c?force=False
2022-03-24 09:38:30.092 22 INFO cinder.api.openstack.wsgi [req-f08ff80a-318b-4fed-a72c-bd7087f8dd38 762c944451f6443da34f899d6a012030 - - default default] http://[LB_IP_ADDRESS]:8776/v3/33d65a8a378b4023a5972c8b87c839fc/qos-specs/36dda220-7101-491a-86df-d862a7dc243c?force=False returned with HTTP 404
2022-03-24 09:38:30.107 20 INFO cinder.api.openstack.wsgi [req-83975be7-e36c-4355-ac42-0c61bc7eee61 762c944451f6443da34f899d6a012030 - - default default] GET http://[LB_IP_ADDRESS]:8776/v3/33d65a8a378b4023a5972c8b87c839fc/qos-specs/36dda220-7101-491a-86df-d862a7dc243c
2022-03-24 09:38:30.115 20 INFO cinder.api.openstack.wsgi [req-83975be7-e36c-4355-ac42-0c61bc7eee61 762c944451f6443da34f899d6a012030 - - default default] http://[LB_IP_ADDRESS]:8776/v3/33d65a8a378b4023a5972c8b87c839fc/qos-specs/36dda220-7101-491a-86df-d862a7dc243c returned with HTTP 404
2022-03-24 09:38:30.129 21 INFO cinder.api.openstack.wsgi [req-06bae002-5b0e-4878-80b2-a71ba09b3f31 762c944451f6443da34f899d6a012030 - - default default] DELETE http://[LB_IP_ADDRESS]:8776/v3/33d65a8a378b4023a5972c8b87c839fc/qos-specs/5fb5796f-ed23-470f-ad5c-0d47054bf8bf?force=False
2022-03-24 09:38:30.136 21 INFO cinder.api.openstack.wsgi [req-06bae002-5b0e-4878-80b2-a71ba09b3f31 762c944451f6443da34f899d6a012030 - - default default] http://[LB_IP_ADDRESS]:8776/v3/33d65a8a378b4023a5972c8b87c839fc/qos-specs/5fb5796f-ed23-470f-ad5c-0d47054bf8bf?force=False returned with HTTP 404
2022-03-24 09:38:30.150 23 INFO cinder.api.openstack.wsgi [req-4f8c4c94-923b-4a31-95de-a100b3f4ea81 762c944451f6443da34f899d6a012030 - - default default] GET http://[LB_IP_ADDRESS]:8776/v3/33d65a8a378b4023a5972c8b87c839fc/qos-specs/5fb5796f-ed23-470f-ad5c-0d47054bf8bf
2022-03-24 09:38:30.157 23 INFO cinder.api.openstack.wsgi [req-4f8c4c94-923b-4a31-95de-a100b3f4ea81 762c944451f6443da34f899d6a012030 - - default default] http://[LB_IP_ADDRESS]:8776/v3/33d65a8a378b4023a5972c8b87c839fc/qos-specs/5fb5796f-ed23-470f-ad5c-0d47054bf8bf returned with HTTP 404
2022-03-24 09:38:30.172 19 INFO cinder.api.openstack.wsgi [req-bcd4b585-6f2a-4589-850d-2f40e1bc0ab1 762c944451f6443da34f899d6a012030 - - default default] DELETE http://[LB_IP_ADDRESS]:8776/v3/33d65a8a378b4023a5972c8b87c839fc/qos-specs/2416f907-e48a-474a-9763-06f80ba66a7b?force=False
2022-03-24 09:38:30.180 19 INFO cinder.api.openstack.wsgi [req-bcd4b585-6f2a-4589-850d-2f40e1bc0ab1 762c944451f6443da34f899d6a012030 - - default default] http://[LB_IP_ADDRESS]:8776/v3/33d65a8a378b4023a5972c8b87c839fc/qos-specs/2416f907-e48a-474a-9763-06f80ba66a7b?force=False returned with HTTP 404
2022-03-24 09:38:30.199 22 INFO cinder.api.openstack.wsgi [req-47bb54a2-870a-460f-aad5-97e3e53a2c03 762c944451f6443da34f899d6a012030 - - default default] GET http://[LB_IP_ADDRESS]:8776/v3/33d65a8a378b4023a5972c8b87c839fc/qos-specs/2416f907-e48a-474a-9763-06f80ba66a7b
2022-03-24 09:38:30.206 22 INFO cinder.api.openstack.wsgi [req-47bb54a2-870a-460f-aad5-97e3e53a2c03 762c944451f6443da34f899d6a012030 - - default default] http://[LB_IP_ADDRESS]:8776/v3/33d65a8a378b4023a5972c8b87c839fc/qos-specs/2416f907-e48a-474a-9763-06f80ba66a7b returned with HTTP 404
2022-03-24 09:38:30.218 20 INFO cinder.api.openstack.wsgi [req-cb719a7d-2e2e-4a95-805b-06c5bce35c61 762c944451f6443da34f899d6a012030 - - default default] DELETE http://[LB_IP_ADDRESS]:8776/v3/33d65a8a378b4023a5972c8b87c839fc/types/f64683d5-7b2d-4ed0-8a00-9b5bf0f3b4c8
2022-03-24 09:38:30.285 20 INFO cinder.api.openstack.wsgi [req-cb719a7d-2e2e-4a95-805b-06c5bce35c61 762c944451f6443da34f899d6a012030 - - default default] http://[LB_IP_ADDRESS]:8776/v3/33d65a8a378b4023a5972c8b87c839fc/types/f64683d5-7b2d-4ed0-8a00-9b5bf0f3b4c8 returned with HTTP 202
2022-03-24 09:38:30.296 21 INFO cinder.api.openstack.wsgi [req-0356519e-0647-4f24-9bbb-e6591e7fafbf 762c944451f6443da34f899d6a012030 - - default default] GET http://[LB_IP_ADDRESS]:8776/v3/33d65a8a378b4023a5972c8b87c839fc/types/f64683d5-7b2d-4ed0-8a00-9b5bf0f3b4c8
2022-03-24 09:38:30.304 21 INFO cinder.api.openstack.wsgi [req-0356519e-0647-4f24-9bbb-e6591e7fafbf 762c944451f6443da34f899d6a012030 - - default default] http://[LB_IP_ADDRESS]:8776/v3/33d65a8a378b4023a5972c8b87c839fc/types/f64683d5-7b2d-4ed0-8a00-9b5bf0f3b4c8 returned with HTTP 404
2022-03-24 09:38:30.315 23 INFO cinder.api.openstack.wsgi [req-c980f371-167d-47ac-9569-1d3a6e421927 762c944451f6443da34f899d6a012030 - - default default] DELETE http://[LB_IP_ADDRESS]:8776/v3/33d65a8a378b4023a5972c8b87c839fc/types/ce1d1fb7-41fe-4453-84c9-fae1eb60b2c1
2022-03-24 09:38:30.377 23 INFO cinder.api.openstack.wsgi [req-c980f371-167d-47ac-9569-1d3a6e421927 762c944451f6443da34f899d6a012030 - - default default] http://[LB_IP_ADDRESS]:8776/v3/33d65a8a378b4023a5972c8b87c839fc/types/ce1d1fb7-41fe-4453-84c9-fae1eb60b2c1 returned with HTTP 202
2022-03-24 09:38:30.390 19 INFO cinder.api.openstack.wsgi [req-fdb5337c-1214-4b63-8475-0b5c0e61e444 762c944451f6443da34f899d6a012030 - - default default] GET http://[LB_IP_ADDRESS]:8776/v3/33d65a8a378b4023a5972c8b87c839fc/types/ce1d1fb7-41fe-4453-84c9-fae1eb60b2c1
2022-03-24 09:38:30.396 19 INFO cinder.api.openstack.wsgi [req-fdb5337c-1214-4b63-8475-0b5c0e61e444 762c944451f6443da34f899d6a012030 - - default default] http://[LB_IP_ADDRESS]:8776/v3/33d65a8a378b4023a5972c8b87c839fc/types/ce1d1fb7-41fe-4453-84c9-fae1eb60b2c1 returned with HTTP 404
2022-03-24 09:38:30.409 22 INFO cinder.api.openstack.wsgi [req-b194e47a-27f1-42cd-afe6-0a0b779ce14c 762c944451f6443da34f899d6a012030 - - default default] DELETE http://[LB_IP_ADDRESS]:8776/v3/33d65a8a378b4023a5972c8b87c839fc/types/0c1381ca-205b-4e51-bf77-59296a64a537
2022-03-24 09:38:30.483 22 INFO cinder.api.openstack.wsgi [req-b194e47a-27f1-42cd-afe6-0a0b779ce14c 762c944451f6443da34f899d6a012030 - - default default] http://[LB_IP_ADDRESS]:8776/v3/33d65a8a378b4023a5972c8b87c839fc/types/0c1381ca-205b-4e51-bf77-59296a64a537 returned with HTTP 202
2022-03-24 09:38:30.495 20 INFO cinder.api.openstack.wsgi [req-5ee59678-f9b1-41be-8ff4-9e1d1c9f9790 762c944451f6443da34f899d6a012030 - - default default] GET http://[LB_IP_ADDRESS]:8776/v3/33d65a8a378b4023a5972c8b87c839fc/types/0c1381ca-205b-4e51-bf77-59296a64a537
2022-03-24 09:38:30.502 20 INFO cinder.api.openstack.wsgi [req-5ee59678-f9b1-41be-8ff4-9e1d1c9f9790 762c944451f6443da34f899d6a012030 - - default default] http://[LB_IP_ADDRESS]:8776/v3/33d65a8a378b4023a5972c8b87c839fc/types/0c1381ca-205b-4e51-bf77-59296a64a537 returned with HTTP 404
2022-03-24 09:38:30.516 21 INFO cinder.api.openstack.wsgi [req-ad7a8308-d056-4e4b-8073-544b37d92ab2 762c944451f6443da34f899d6a012030 - - default default] DELETE http://[LB_IP_ADDRESS]:8776/v3/33d65a8a378b4023a5972c8b87c839fc/qos-specs/cd3fbcf2-497e-447f-934c-dbe56a9ea343?force=False
2022-03-24 09:38:30.542 21 INFO cinder.api.openstack.wsgi [req-ad7a8308-d056-4e4b-8073-544b37d92ab2 762c944451f6443da34f899d6a012030 - - default default] http://[LB_IP_ADDRESS]:8776/v3/33d65a8a378b4023a5972c8b87c839fc/qos-specs/cd3fbcf2-497e-447f-934c-dbe56a9ea343?force=False returned with HTTP 202
2022-03-24 09:38:30.556 23 INFO cinder.api.openstack.wsgi [req-a37408c4-f1a2-49d1-8fbe-295fed4ce79c 762c944451f6443da34f899d6a012030 - - default default] GET http://[LB_IP_ADDRESS]:8776/v3/33d65a8a378b4023a5972c8b87c839fc/qos-specs/cd3fbcf2-497e-447f-934c-dbe56a9ea343
2022-03-24 09:38:30.563 23 INFO cinder.api.openstack.wsgi [req-a37408c4-f1a2-49d1-8fbe-295fed4ce79c 762c944451f6443da34f899d6a012030 - - default default] http://[LB_IP_ADDRESS]:8776/v3/33d65a8a378b4023a5972c8b87c839fc/qos-specs/cd3fbcf2-497e-447f-934c-dbe56a9ea343 returned with HTTP 404
2022-03-24 09:38:35.443 19 INFO cinder.api.openstack.wsgi [req-18936b41-37ca-4188-8a1d-7df02c047abd 6341e069a8574e1dbb44a5a25bf1a6e6 - - default default] POST http://[LB_IP_ADDRESS]:8776/v3/0a91488a197f46cd9ccc4ca84a1ed7c9/volumes
2022-03-24 09:38:35.445 19 INFO cinder.api.v3.volumes [req-18936b41-37ca-4188-8a1d-7df02c047abd 6341e069a8574e1dbb44a5a25bf1a6e6 - - default default] Create volume of 1 GB
2022-03-24 09:38:35.454 19 INFO cinder.volume.api [req-18936b41-37ca-4188-8a1d-7df02c047abd 6341e069a8574e1dbb44a5a25bf1a6e6 - - default default] Availability Zones retrieved successfully.
2022-03-24 09:38:35.698 19 INFO cinder.volume.api [req-18936b41-37ca-4188-8a1d-7df02c047abd 6341e069a8574e1dbb44a5a25bf1a6e6 - - default default] Create volume request issued successfully.
2022-03-24 09:38:35.700 19 INFO cinder.api.openstack.wsgi [req-18936b41-37ca-4188-8a1d-7df02c047abd 6341e069a8574e1dbb44a5a25bf1a6e6 - - default default] http://[LB_IP_ADDRESS]:8776/v3/0a91488a197f46cd9ccc4ca84a1ed7c9/volumes returned with HTTP 202
2022-03-24 09:38:35.721 22 INFO cinder.api.openstack.wsgi [req-6771f8e5-add2-4328-b2aa-6382bd3212d1 6341e069a8574e1dbb44a5a25bf1a6e6 - - default default] GET http://[LB_IP_ADDRESS]:8776/v3/0a91488a197f46cd9ccc4ca84a1ed7c9/volumes/465646f9-00ab-4d14-b313-5bb51fef9842
2022-03-24 09:38:35.747 22 INFO cinder.volume.api [req-6771f8e5-add2-4328-b2aa-6382bd3212d1 6341e069a8574e1dbb44a5a25bf1a6e6 - - default default] Volume info retrieved successfully.
2022-03-24 09:38:35.755 22 INFO cinder.api.openstack.wsgi [req-6771f8e5-add2-4328-b2aa-6382bd3212d1 6341e069a8574e1dbb44a5a25bf1a6e6 - - default default] http://[LB_IP_ADDRESS]:8776/v3/0a91488a197f46cd9ccc4ca84a1ed7c9/volumes/465646f9-00ab-4d14-b313-5bb51fef9842 returned with HTTP 200
2022-03-24 09:38:36.778 20 INFO cinder.api.openstack.wsgi [req-6ff4bc43-cfeb-4073-bc71-777be7e84c29 6341e069a8574e1dbb44a5a25bf1a6e6 - - default default] GET http://[LB_IP_ADDRESS]:8776/v3/0a91488a197f46cd9ccc4ca84a1ed7c9/volumes/465646f9-00ab-4d14-b313-5bb51fef9842
2022-03-24 09:38:36.809 20 INFO cinder.volume.api [req-6ff4bc43-cfeb-4073-bc71-777be7e84c29 6341e069a8574e1dbb44a5a25bf1a6e6 - - default default] Volume info retrieved successfully.
2022-03-24 09:38:36.818 20 INFO cinder.api.openstack.wsgi [req-6ff4bc43-cfeb-4073-bc71-777be7e84c29 6341e069a8574e1dbb44a5a25bf1a6e6 - - default default] http://[LB_IP_ADDRESS]:8776/v3/0a91488a197f46cd9ccc4ca84a1ed7c9/volumes/465646f9-00ab-4d14-b313-5bb51fef9842 returned with HTTP 200
2022-03-24 09:38:37.840 21 INFO cinder.api.openstack.wsgi [req-d65fb21d-f1b8-4e85-809a-f65f09a32adf 6341e069a8574e1dbb44a5a25bf1a6e6 - - default default] GET http://[LB_IP_ADDRESS]:8776/v3/0a91488a197f46cd9ccc4ca84a1ed7c9/volumes/465646f9-00ab-4d14-b313-5bb51fef9842
2022-03-24 09:38:37.866 21 INFO cinder.volume.api [req-d65fb21d-f1b8-4e85-809a-f65f09a32adf 6341e069a8574e1dbb44a5a25bf1a6e6 - - default default] Volume info retrieved successfully.
2022-03-24 09:38:37.873 21 INFO cinder.api.openstack.wsgi [req-d65fb21d-f1b8-4e85-809a-f65f09a32adf 6341e069a8574e1dbb44a5a25bf1a6e6 - - default default] http://[LB_IP_ADDRESS]:8776/v3/0a91488a197f46cd9ccc4ca84a1ed7c9/volumes/465646f9-00ab-4d14-b313-5bb51fef9842 returned with HTTP 200
2022-03-24 09:38:37.894 23 INFO cinder.api.openstack.wsgi [req-c4d38340-4541-4b8d-8070-8f92bdf39b49 6341e069a8574e1dbb44a5a25bf1a6e6 - - default default] POST http://[LB_IP_ADDRESS]:8776/v3/0a91488a197f46cd9ccc4ca84a1ed7c9/snapshots
2022-03-24 09:38:37.915 23 INFO cinder.volume.api [req-c4d38340-4541-4b8d-8070-8f92bdf39b49 6341e069a8574e1dbb44a5a25bf1a6e6 - - default default] Volume info retrieved successfully.
2022-03-24 09:38:37.916 23 INFO cinder.api.v3.snapshots [req-c4d38340-4541-4b8d-8070-8f92bdf39b49 6341e069a8574e1dbb44a5a25bf1a6e6 - - default default] Create snapshot from volume 465646f9-00ab-4d14-b313-5bb51fef9842
