2022-08-24 01:35:12.480 20 INFO cinder.api.openstack.wsgi [None req-f04fb6ce-d9c5-4e74-94c6-0847014805f5 e79a0e0bf94346dbbc02f5df292ccbb3 f478c23c1862491db0a44b21665f62f3 - - default default] GET http://[LB_IP_ADDRESS]:8776/v3/f478c23c1862491db0a44b21665f62f3/volumes/a21897a0-30a3-49dd-9cc4-d71624415882
2022-08-24 01:35:12.504 20 INFO cinder.volume.api [None req-f04fb6ce-d9c5-4e74-94c6-0847014805f5 e79a0e0bf94346dbbc02f5df292ccbb3 f478c23c1862491db0a44b21665f62f3 - - default default] Volume info retrieved successfully.
2022-08-24 01:35:12.512 20 INFO cinder.api.openstack.wsgi [None req-f04fb6ce-d9c5-4e74-94c6-0847014805f5 e79a0e0bf94346dbbc02f5df292ccbb3 f478c23c1862491db0a44b21665f62f3 - - default default] http://[LB_IP_ADDRESS]:8776/v3/f478c23c1862491db0a44b21665f62f3/volumes/a21897a0-30a3-49dd-9cc4-d71624415882 returned with HTTP 200
2022-08-24 01:35:13.539 19 INFO cinder.api.openstack.wsgi [None req-2fe90052-d40d-4b4f-8910-027f7933ef21 e79a0e0bf94346dbbc02f5df292ccbb3 f478c23c1862491db0a44b21665f62f3 - - default default] GET http://[LB_IP_ADDRESS]:8776/v3/f478c23c1862491db0a44b21665f62f3/volumes/a21897a0-30a3-49dd-9cc4-d71624415882
2022-08-24 01:35:13.564 19 INFO cinder.volume.api [None req-2fe90052-d40d-4b4f-8910-027f7933ef21 e79a0e0bf94346dbbc02f5df292ccbb3 f478c23c1862491db0a44b21665f62f3 - - default default] Volume info retrieved successfully.
2022-08-24 01:35:13.572 19 INFO cinder.api.openstack.wsgi [None req-2fe90052-d40d-4b4f-8910-027f7933ef21 e79a0e0bf94346dbbc02f5df292ccbb3 f478c23c1862491db0a44b21665f62f3 - - default default] http://[LB_IP_ADDRESS]:8776/v3/f478c23c1862491db0a44b21665f62f3/volumes/a21897a0-30a3-49dd-9cc4-d71624415882 returned with HTTP 200
2022-08-24 01:35:13.609 21 INFO cinder.api.openstack.wsgi [req-3d5d7a97-0d38-4004-a9f6-0ab0eaff3aa3 req-3e074b52-7588-4901-a85f-2ffae7cdd74b e79a0e0bf94346dbbc02f5df292ccbb3 f478c23c1862491db0a44b21665f62f3 - - default default] GET http://[LB_IP_ADDRESS]:8776/v3/f478c23c1862491db0a44b21665f62f3/volumes/a21897a0-30a3-49dd-9cc4-d71624415882
2022-08-24 01:35:13.633 21 INFO cinder.volume.api [req-3d5d7a97-0d38-4004-a9f6-0ab0eaff3aa3 req-3e074b52-7588-4901-a85f-2ffae7cdd74b e79a0e0bf94346dbbc02f5df292ccbb3 f478c23c1862491db0a44b21665f62f3 - - default default] Volume info retrieved successfully.
2022-08-24 01:35:13.641 21 INFO cinder.api.openstack.wsgi [req-3d5d7a97-0d38-4004-a9f6-0ab0eaff3aa3 req-3e074b52-7588-4901-a85f-2ffae7cdd74b e79a0e0bf94346dbbc02f5df292ccbb3 f478c23c1862491db0a44b21665f62f3 - - default default] http://[LB_IP_ADDRESS]:8776/v3/f478c23c1862491db0a44b21665f62f3/volumes/a21897a0-30a3-49dd-9cc4-d71624415882 returned with HTTP 200
2022-08-24 01:35:13.660 23 INFO cinder.api.openstack.wsgi [None req-c04e7792-b4eb-4e2b-8a73-832b9b40af89 e79a0e0bf94346dbbc02f5df292ccbb3 f478c23c1862491db0a44b21665f62f3 - - default default] POST http://[LB_IP_ADDRESS]:8776/v3/f478c23c1862491db0a44b21665f62f3/volumes
2022-08-24 01:35:13.664 23 INFO cinder.api.v3.volumes [None req-c04e7792-b4eb-4e2b-8a73-832b9b40af89 e79a0e0bf94346dbbc02f5df292ccbb3 f478c23c1862491db0a44b21665f62f3 - - default default] Create volume of 1 GB
2022-08-24 01:35:13.674 23 INFO cinder.volume.api [None req-c04e7792-b4eb-4e2b-8a73-832b9b40af89 e79a0e0bf94346dbbc02f5df292ccbb3 f478c23c1862491db0a44b21665f62f3 - - default default] Availability Zones retrieved successfully.
2022-08-24 01:35:13.985 23 INFO cinder.volume.api [None req-c04e7792-b4eb-4e2b-8a73-832b9b40af89 e79a0e0bf94346dbbc02f5df292ccbb3 f478c23c1862491db0a44b21665f62f3 - - default default] Create volume request issued successfully.
2022-08-24 01:35:13.988 23 INFO cinder.api.openstack.wsgi [None req-c04e7792-b4eb-4e2b-8a73-832b9b40af89 e79a0e0bf94346dbbc02f5df292ccbb3 f478c23c1862491db0a44b21665f62f3 - - default default] http://[LB_IP_ADDRESS]:8776/v3/f478c23c1862491db0a44b21665f62f3/volumes returned with HTTP 202
2022-08-24 01:35:14.010 22 INFO cinder.api.openstack.wsgi [None req-7711574f-7bcd-4948-b3b5-7465dac8aeee e79a0e0bf94346dbbc02f5df292ccbb3 f478c23c1862491db0a44b21665f62f3 - - default default] GET http://[LB_IP_ADDRESS]:8776/v3/f478c23c1862491db0a44b21665f62f3/volumes/2893e39c-ea9b-4bf0-89ba-18beba596cf3
2022-08-24 01:35:14.034 22 INFO cinder.volume.api [None req-7711574f-7bcd-4948-b3b5-7465dac8aeee e79a0e0bf94346dbbc02f5df292ccbb3 f478c23c1862491db0a44b21665f62f3 - - default default] Volume info retrieved successfully.
2022-08-24 01:35:14.042 22 INFO cinder.api.openstack.wsgi [None req-7711574f-7bcd-4948-b3b5-7465dac8aeee e79a0e0bf94346dbbc02f5df292ccbb3 f478c23c1862491db0a44b21665f62f3 - - default default] http://[LB_IP_ADDRESS]:8776/v3/f478c23c1862491db0a44b21665f62f3/volumes/2893e39c-ea9b-4bf0-89ba-18beba596cf3 returned with HTTP 200
2022-08-24 01:35:15.065 20 INFO cinder.api.openstack.wsgi [None req-f014fb64-1811-4968-b43f-0d99169b08a4 e79a0e0bf94346dbbc02f5df292ccbb3 f478c23c1862491db0a44b21665f62f3 - - default default] GET http://[LB_IP_ADDRESS]:8776/v3/f478c23c1862491db0a44b21665f62f3/volumes/2893e39c-ea9b-4bf0-89ba-18beba596cf3
2022-08-24 01:35:15.090 20 INFO cinder.volume.api [None req-f014fb64-1811-4968-b43f-0d99169b08a4 e79a0e0bf94346dbbc02f5df292ccbb3 f478c23c1862491db0a44b21665f62f3 - - default default] Volume info retrieved successfully.
2022-08-24 01:35:15.098 20 INFO cinder.api.openstack.wsgi [None req-f014fb64-1811-4968-b43f-0d99169b08a4 e79a0e0bf94346dbbc02f5df292ccbb3 f478c23c1862491db0a44b21665f62f3 - - default default] http://[LB_IP_ADDRESS]:8776/v3/f478c23c1862491db0a44b21665f62f3/volumes/2893e39c-ea9b-4bf0-89ba-18beba596cf3 returned with HTTP 200
2022-08-24 01:35:16.120 19 INFO cinder.api.openstack.wsgi [None req-3ef210ca-9fdc-449d-afe1-1bfc651151cc e79a0e0bf94346dbbc02f5df292ccbb3 f478c23c1862491db0a44b21665f62f3 - - default default] GET http://[LB_IP_ADDRESS]:8776/v3/f478c23c1862491db0a44b21665f62f3/volumes/2893e39c-ea9b-4bf0-89ba-18beba596cf3
2022-08-24 01:35:16.146 19 INFO cinder.volume.api [None req-3ef210ca-9fdc-449d-afe1-1bfc651151cc e79a0e0bf94346dbbc02f5df292ccbb3 f478c23c1862491db0a44b21665f62f3 - - default default] Volume info retrieved successfully.
2022-08-24 01:35:16.153 19 INFO cinder.api.openstack.wsgi [None req-3ef210ca-9fdc-449d-afe1-1bfc651151cc e79a0e0bf94346dbbc02f5df292ccbb3 f478c23c1862491db0a44b21665f62f3 - - default default] http://[LB_IP_ADDRESS]:8776/v3/f478c23c1862491db0a44b21665f62f3/volumes/2893e39c-ea9b-4bf0-89ba-18beba596cf3 returned with HTTP 200
2022-08-24 01:35:16.189 21 INFO cinder.api.openstack.wsgi [req-00bb91a6-8b41-4833-8305-bfa6fd3379f3 req-b6f2f85a-c372-4b3f-a8fc-8225f071e847 e79a0e0bf94346dbbc02f5df292ccbb3 f478c23c1862491db0a44b21665f62f3 - - default default] GET http://[LB_IP_ADDRESS]:8776/v3/f478c23c1862491db0a44b21665f62f3/volumes/2893e39c-ea9b-4bf0-89ba-18beba596cf3
2022-08-24 01:35:16.211 21 INFO cinder.volume.api [req-00bb91a6-8b41-4833-8305-bfa6fd3379f3 req-b6f2f85a-c372-4b3f-a8fc-8225f071e847 e79a0e0bf94346dbbc02f5df292ccbb3 f478c23c1862491db0a44b21665f62f3 - - default default] Volume info retrieved successfully.
2022-08-24 01:35:16.219 21 INFO cinder.api.openstack.wsgi [req-00bb91a6-8b41-4833-8305-bfa6fd3379f3 req-b6f2f85a-c372-4b3f-a8fc-8225f071e847 e79a0e0bf94346dbbc02f5df292ccbb3 f478c23c1862491db0a44b21665f62f3 - - default default] http://[LB_IP_ADDRESS]:8776/v3/f478c23c1862491db0a44b21665f62f3/volumes/2893e39c-ea9b-4bf0-89ba-18beba596cf3 returned with HTTP 200
2022-08-24 01:35:16.241 23 INFO cinder.api.openstack.wsgi [None req-8d44a815-17ca-400f-a649-c97cbe3c6d3d e79a0e0bf94346dbbc02f5df292ccbb3 f478c23c1862491db0a44b21665f62f3 - - default default] POST http://[LB_IP_ADDRESS]:8776/v3/f478c23c1862491db0a44b21665f62f3/volumes
2022-08-24 01:35:16.245 23 INFO cinder.api.v3.volumes [None req-8d44a815-17ca-400f-a649-c97cbe3c6d3d e79a0e0bf94346dbbc02f5df292ccbb3 f478c23c1862491db0a44b21665f62f3 - - default default] Create volume of 1 GB
2022-08-24 01:35:16.253 23 INFO cinder.volume.api [None req-8d44a815-17ca-400f-a649-c97cbe3c6d3d e79a0e0bf94346dbbc02f5df292ccbb3 f478c23c1862491db0a44b21665f62f3 - - default default] Availability Zones retrieved successfully.
2022-08-24 01:35:16.496 23 INFO cinder.volume.api [None req-8d44a815-17ca-400f-a649-c97cbe3c6d3d e79a0e0bf94346dbbc02f5df292ccbb3 f478c23c1862491db0a44b21665f62f3 - - default default] Create volume request issued successfully.
2022-08-24 01:35:16.498 23 INFO cinder.api.openstack.wsgi [None req-8d44a815-17ca-400f-a649-c97cbe3c6d3d e79a0e0bf94346dbbc02f5df292ccbb3 f478c23c1862491db0a44b21665f62f3 - - default default] http://[LB_IP_ADDRESS]:8776/v3/f478c23c1862491db0a44b21665f62f3/volumes returned with HTTP 202
2022-08-24 01:35:16.518 22 INFO cinder.api.openstack.wsgi [None req-2e4a025c-819f-4f41-b8a4-62cf362307bf e79a0e0bf94346dbbc02f5df292ccbb3 f478c23c1862491db0a44b21665f62f3 - - default default] GET http://[LB_IP_ADDRESS]:8776/v3/f478c23c1862491db0a44b21665f62f3/volumes/475b19a6-d1e2-40da-84bd-fce86b98722f
2022-08-24 01:35:16.541 22 INFO cinder.volume.api [None req-2e4a025c-819f-4f41-b8a4-62cf362307bf e79a0e0bf94346dbbc02f5df292ccbb3 f478c23c1862491db0a44b21665f62f3 - - default default] Volume info retrieved successfully.
2022-08-24 01:35:16.552 22 INFO cinder.api.openstack.wsgi [None req-2e4a025c-819f-4f41-b8a4-62cf362307bf e79a0e0bf94346dbbc02f5df292ccbb3 f478c23c1862491db0a44b21665f62f3 - - default default] http://[LB_IP_ADDRESS]:8776/v3/f478c23c1862491db0a44b21665f62f3/volumes/475b19a6-d1e2-40da-84bd-fce86b98722f returned with HTTP 200
2022-08-24 01:35:17.576 20 INFO cinder.api.openstack.wsgi [None req-5a6a344e-af36-47ff-90dc-e99db2e04f77 e79a0e0bf94346dbbc02f5df292ccbb3 f478c23c1862491db0a44b21665f62f3 - - default default] GET http://[LB_IP_ADDRESS]:8776/v3/f478c23c1862491db0a44b21665f62f3/volumes/475b19a6-d1e2-40da-84bd-fce86b98722f
2022-08-24 01:35:17.599 20 INFO cinder.volume.api [None req-5a6a344e-af36-47ff-90dc-e99db2e04f77 e79a0e0bf94346dbbc02f5df292ccbb3 f478c23c1862491db0a44b21665f62f3 - - default default] Volume info retrieved successfully.
2022-08-24 01:35:17.606 20 INFO cinder.api.openstack.wsgi [None req-5a6a344e-af36-47ff-90dc-e99db2e04f77 e79a0e0bf94346dbbc02f5df292ccbb3 f478c23c1862491db0a44b21665f62f3 - - default default] http://[LB_IP_ADDRESS]:8776/v3/f478c23c1862491db0a44b21665f62f3/volumes/475b19a6-d1e2-40da-84bd-fce86b98722f returned with HTTP 200
2022-08-24 01:35:18.632 19 INFO cinder.api.openstack.wsgi [None req-742eee97-11fa-4bcd-a173-249255f25a1e e79a0e0bf94346dbbc02f5df292ccbb3 f478c23c1862491db0a44b21665f62f3 - - default default] GET http://[LB_IP_ADDRESS]:8776/v3/f478c23c1862491db0a44b21665f62f3/volumes/475b19a6-d1e2-40da-84bd-fce86b98722f
2022-08-24 01:35:18.658 19 INFO cinder.volume.api [None req-742eee97-11fa-4bcd-a173-249255f25a1e e79a0e0bf94346dbbc02f5df292ccbb3 f478c23c1862491db0a44b21665f62f3 - - default default] Volume info retrieved successfully.
2022-08-24 01:35:18.666 19 INFO cinder.api.openstack.wsgi [None req-742eee97-11fa-4bcd-a173-249255f25a1e e79a0e0bf94346dbbc02f5df292ccbb3 f478c23c1862491db0a44b21665f62f3 - - default default] http://[LB_IP_ADDRESS]:8776/v3/f478c23c1862491db0a44b21665f62f3/volumes/475b19a6-d1e2-40da-84bd-fce86b98722f returned with HTTP 200
2022-08-24 01:35:18.704 21 INFO cinder.api.openstack.wsgi [req-c2747718-ee36-41cd-bf9c-8988b0c9135e req-e4212572-75d5-41ba-b084-eb397b081ac9 e79a0e0bf94346dbbc02f5df292ccbb3 f478c23c1862491db0a44b21665f62f3 - - default default] GET http://[LB_IP_ADDRESS]:8776/v3/f478c23c1862491db0a44b21665f62f3/volumes/475b19a6-d1e2-40da-84bd-fce86b98722f
2022-08-24 01:35:18.728 21 INFO cinder.volume.api [req-c2747718-ee36-41cd-bf9c-8988b0c9135e req-e4212572-75d5-41ba-b084-eb397b081ac9 e79a0e0bf94346dbbc02f5df292ccbb3 f478c23c1862491db0a44b21665f62f3 - - default default] Volume info retrieved successfully.
2022-08-24 01:35:18.736 21 INFO cinder.api.openstack.wsgi [req-c2747718-ee36-41cd-bf9c-8988b0c9135e req-e4212572-75d5-41ba-b084-eb397b081ac9 e79a0e0bf94346dbbc02f5df292ccbb3 f478c23c1862491db0a44b21665f62f3 - - default default] http://[LB_IP_ADDRESS]:8776/v3/f478c23c1862491db0a44b21665f62f3/volumes/475b19a6-d1e2-40da-84bd-fce86b98722f returned with HTTP 200
2022-08-24 01:35:18.774 23 INFO cinder.api.openstack.wsgi [req-d14c96f9-88ef-4e16-a0c6-bcd06e1e96d7 req-c1a5680a-29af-4222-ad87-6bf4461ff6c3 e79a0e0bf94346dbbc02f5df292ccbb3 f478c23c1862491db0a44b21665f62f3 - - default default] GET http://[LB_IP_ADDRESS]:8776/v3/f478c23c1862491db0a44b21665f62f3/volumes/detail
2022-08-24 01:35:18.816 23 INFO cinder.volume.api [req-d14c96f9-88ef-4e16-a0c6-bcd06e1e96d7 req-c1a5680a-29af-4222-ad87-6bf4461ff6c3 e79a0e0bf94346dbbc02f5df292ccbb3 f478c23c1862491db0a44b21665f62f3 - - default default] Get all volumes completed successfully.
2022-08-24 01:35:18.825 23 INFO cinder.api.openstack.wsgi [req-d14c96f9-88ef-4e16-a0c6-bcd06e1e96d7 req-c1a5680a-29af-4222-ad87-6bf4461ff6c3 e79a0e0bf94346dbbc02f5df292ccbb3 f478c23c1862491db0a44b21665f62f3 - - default default] http://[LB_IP_ADDRESS]:8776/v3/f478c23c1862491db0a44b21665f62f3/volumes/detail returned with HTTP 200
2022-08-24 01:35:18.870 22 INFO cinder.api.openstack.wsgi [req-eb096a69-ca18-46a3-8dbb-61c96cfc8ba4 req-e1ba92a8-f75a-49f6-b742-4381de6b9373 e79a0e0bf94346dbbc02f5df292ccbb3 f478c23c1862491db0a44b21665f62f3 - - default default] GET http://[LB_IP_ADDRESS]:8776/v3/f478c23c1862491db0a44b21665f62f3/volumes/detail
2022-08-24 01:35:18.926 22 INFO cinder.volume.api [req-eb096a69-ca18-46a3-8dbb-61c96cfc8ba4 req-e1ba92a8-f75a-49f6-b742-4381de6b9373 e79a0e0bf94346dbbc02f5df292ccbb3 f478c23c1862491db0a44b21665f62f3 - - default default] Get all volumes completed successfully.
2022-08-24 01:35:18.936 22 INFO cinder.api.openstack.wsgi [req-eb096a69-ca18-46a3-8dbb-61c96cfc8ba4 req-e1ba92a8-f75a-49f6-b742-4381de6b9373 e79a0e0bf94346dbbc02f5df292ccbb3 f478c23c1862491db0a44b21665f62f3 - - default default] http://[LB_IP_ADDRESS]:8776/v3/f478c23c1862491db0a44b21665f62f3/volumes/detail returned with HTTP 200
2022-08-24 01:35:18.975 20 INFO cinder.api.openstack.wsgi [req-ccc6a3fc-e3ef-45eb-a3cd-37eb1d956683 req-ec4513b6-e545-4c9c-a168-f3caa6fc4942 e79a0e0bf94346dbbc02f5df292ccbb3 f478c23c1862491db0a44b21665f62f3 - - default default] GET http://[LB_IP_ADDRESS]:8776/v3/f478c23c1862491db0a44b21665f62f3/volumes/detail
2022-08-24 01:35:19.017 20 INFO cinder.volume.api [req-ccc6a3fc-e3ef-45eb-a3cd-37eb1d956683 req-ec4513b6-e545-4c9c-a168-f3caa6fc4942 e79a0e0bf94346dbbc02f5df292ccbb3 f478c23c1862491db0a44b21665f62f3 - - default default] Get all volumes completed successfully.
2022-08-24 01:35:19.027 20 INFO cinder.api.openstack.wsgi [req-ccc6a3fc-e3ef-45eb-a3cd-37eb1d956683 req-ec4513b6-e545-4c9c-a168-f3caa6fc4942 e79a0e0bf94346dbbc02f5df292ccbb3 f478c23c1862491db0a44b21665f62f3 - - default default] http://[LB_IP_ADDRESS]:8776/v3/f478c23c1862491db0a44b21665f62f3/volumes/detail returned with HTTP 200
2022-08-24 01:35:19.065 19 INFO cinder.api.openstack.wsgi [req-dc68a918-4765-464d-b18a-d5df67564094 req-8d7a1040-866f-460a-8d34-459366b1b97f e79a0e0bf94346dbbc02f5df292ccbb3 f478c23c1862491db0a44b21665f62f3 - - default default] GET http://[LB_IP_ADDRESS]:8776/v3/f478c23c1862491db0a44b21665f62f3/volumes/detail
2022-08-24 01:35:19.105 19 INFO cinder.volume.api [req-dc68a918-4765-464d-b18a-d5df67564094 req-8d7a1040-866f-460a-8d34-459366b1b97f e79a0e0bf94346dbbc02f5df292ccbb3 f478c23c1862491db0a44b21665f62f3 - - default default] Get all volumes completed successfully.
2022-08-24 01:35:19.114 19 INFO cinder.api.openstack.wsgi [req-dc68a918-4765-464d-b18a-d5df67564094 req-8d7a1040-866f-460a-8d34-459366b1b97f e79a0e0bf94346dbbc02f5df292ccbb3 f478c23c1862491db0a44b21665f62f3 - - default default] http://[LB_IP_ADDRESS]:8776/v3/f478c23c1862491db0a44b21665f62f3/volumes/detail returned with HTTP 200
2022-08-24 01:35:19.151 21 INFO cinder.api.openstack.wsgi [req-c97d54b5-a3f4-493d-89dc-52cc6bac3ca2 req-e370b021-3002-4e24-b814-0254c64e12da e79a0e0bf94346dbbc02f5df292ccbb3 f478c23c1862491db0a44b21665f62f3 - - default default] GET http://[LB_IP_ADDRESS]:8776/v3/f478c23c1862491db0a44b21665f62f3/volumes/detail
2022-08-24 01:35:19.190 21 INFO cinder.volume.api [req-c97d54b5-a3f4-493d-89dc-52cc6bac3ca2 req-e370b021-3002-4e24-b814-0254c64e12da e79a0e0bf94346dbbc02f5df292ccbb3 f478c23c1862491db0a44b21665f62f3 - - default default] Get all volumes completed successfully.
2022-08-24 01:35:19.200 21 INFO cinder.api.openstack.wsgi [req-c97d54b5-a3f4-493d-89dc-52cc6bac3ca2 req-e370b021-3002-4e24-b814-0254c64e12da e79a0e0bf94346dbbc02f5df292ccbb3 f478c23c1862491db0a44b21665f62f3 - - default default] http://[LB_IP_ADDRESS]:8776/v3/f478c23c1862491db0a44b21665f62f3/volumes/detail returned with HTTP 200
2022-08-24 01:35:19.240 23 INFO cinder.api.openstack.wsgi [req-3e331886-11df-400a-896d-d86cf9041536 req-8d201ed4-f4da-4772-9971-d1d0d689088a e79a0e0bf94346dbbc02f5df292ccbb3 f478c23c1862491db0a44b21665f62f3 - - default default] GET http://[LB_IP_ADDRESS]:8776/v3/f478c23c1862491db0a44b21665f62f3/volumes/detail
2022-08-24 01:35:19.281 23 INFO cinder.volume.api [req-3e331886-11df-400a-896d-d86cf9041536 req-8d201ed4-f4da-4772-9971-d1d0d689088a e79a0e0bf94346dbbc02f5df292ccbb3 f478c23c1862491db0a44b21665f62f3 - - default default] Get all volumes completed successfully.
2022-08-24 01:35:19.290 23 INFO cinder.api.openstack.wsgi [req-3e331886-11df-400a-896d-d86cf9041536 req-8d201ed4-f4da-4772-9971-d1d0d689088a e79a0e0bf94346dbbc02f5df292ccbb3 f478c23c1862491db0a44b21665f62f3 - - default default] http://[LB_IP_ADDRESS]:8776/v3/f478c23c1862491db0a44b21665f62f3/volumes/detail returned with HTTP 200
2022-08-24 01:35:19.327 22 INFO cinder.api.openstack.wsgi [req-4cda5559-b564-4e35-9ca5-2390a867d62f req-eadd76db-3df1-4fa7-80dd-ca0352786dda e79a0e0bf94346dbbc02f5df292ccbb3 f478c23c1862491db0a44b21665f62f3 - - default default] GET http://[LB_IP_ADDRESS]:8776/v3/f478c23c1862491db0a44b21665f62f3/volumes/detail
2022-08-24 01:35:19.370 22 INFO cinder.volume.api [req-4cda5559-b564-4e35-9ca5-2390a867d62f req-eadd76db-3df1-4fa7-80dd-ca0352786dda e79a0e0bf94346dbbc02f5df292ccbb3 f478c23c1862491db0a44b21665f62f3 - - default default] Get all volumes completed successfully.
2022-08-24 01:35:19.379 22 INFO cinder.api.openstack.wsgi [req-4cda5559-b564-4e35-9ca5-2390a867d62f req-eadd76db-3df1-4fa7-80dd-ca0352786dda e79a0e0bf94346dbbc02f5df292ccbb3 f478c23c1862491db0a44b21665f62f3 - - default default] http://[LB_IP_ADDRESS]:8776/v3/f478c23c1862491db0a44b21665f62f3/volumes/detail returned with HTTP 200
2022-08-24 01:35:19.417 20 INFO cinder.api.openstack.wsgi [req-2654f05d-d891-4368-8775-393fb5184d0d req-13d8edc8-c769-4c3b-aecd-cf3cc972aa34 e79a0e0bf94346dbbc02f5df292ccbb3 f478c23c1862491db0a44b21665f62f3 - - default default] GET http://[LB_IP_ADDRESS]:8776/v3/f478c23c1862491db0a44b21665f62f3/volumes/detail
2022-08-24 01:35:19.461 20 INFO cinder.volume.api [req-2654f05d-d891-4368-8775-393fb5184d0d req-13d8edc8-c769-4c3b-aecd-cf3cc972aa34 e79a0e0bf94346dbbc02f5df292ccbb3 f478c23c1862491db0a44b21665f62f3 - - default default] Get all volumes completed successfully.
2022-08-24 01:35:19.470 20 INFO cinder.api.openstack.wsgi [req-2654f05d-d891-4368-8775-393fb5184d0d req-13d8edc8-c769-4c3b-aecd-cf3cc972aa34 e79a0e0bf94346dbbc02f5df292ccbb3 f478c23c1862491db0a44b21665f62f3 - - default default] http://[LB_IP_ADDRESS]:8776/v3/f478c23c1862491db0a44b21665f62f3/volumes/detail returned with HTTP 200
2022-08-24 01:35:19.491 19 INFO cinder.api.openstack.wsgi [None req-1d69b132-0710-4b57-b0c7-e4690da32392 e79a0e0bf94346dbbc02f5df292ccbb3 f478c23c1862491db0a44b21665f62f3 - - default default] DELETE http://[LB_IP_ADDRESS]:8776/v3/f478c23c1862491db0a44b21665f62f3/volumes/475b19a6-d1e2-40da-84bd-fce86b98722f
2022-08-24 01:35:19.493 19 INFO cinder.api.v3.volumes [None req-1d69b132-0710-4b57-b0c7-e4690da32392 e79a0e0bf94346dbbc02f5df292ccbb3 f478c23c1862491db0a44b21665f62f3 - - default default] Delete volume with id: 475b19a6-d1e2-40da-84bd-fce86b98722f 
2022-08-24 01:35:19.510 19 INFO cinder.volume.api [None req-1d69b132-0710-4b57-b0c7-e4690da32392 e79a0e0bf94346dbbc02f5df292ccbb3 f478c23c1862491db0a44b21665f62f3 - - default default] Volume info retrieved successfully.
2022-08-24 01:35:19.535 19 INFO cinder.volume.api [None req-1d69b132-0710-4b57-b0c7-e4690da32392 e79a0e0bf94346dbbc02f5df292ccbb3 f478c23c1862491db0a44b21665f62f3 - - default default] Delete volume request issued successfully.
2022-08-24 01:35:19.536 19 INFO cinder.api.openstack.wsgi [None req-1d69b132-0710-4b57-b0c7-e4690da32392 e79a0e0bf94346dbbc02f5df292ccbb3 f478c23c1862491db0a44b21665f62f3 - - default default] http://[LB_IP_ADDRESS]:8776/v3/f478c23c1862491db0a44b21665f62f3/volumes/475b19a6-d1e2-40da-84bd-fce86b98722f returned with HTTP 202
2022-08-24 01:35:19.548 21 INFO cinder.api.openstack.wsgi [None req-a6210877-7285-4dd4-92af-16e35ced25e5 e79a0e0bf94346dbbc02f5df292ccbb3 f478c23c1862491db0a44b21665f62f3 - - default default] GET http://[LB_IP_ADDRESS]:8776/v3/f478c23c1862491db0a44b21665f62f3/volumes/475b19a6-d1e2-40da-84bd-fce86b98722f
2022-08-24 01:35:19.572 21 INFO cinder.volume.api [None req-a6210877-7285-4dd4-92af-16e35ced25e5 e79a0e0bf94346dbbc02f5df292ccbb3 f478c23c1862491db0a44b21665f62f3 - - default default] Volume info retrieved successfully.
2022-08-24 01:35:19.579 21 INFO cinder.api.openstack.wsgi [None req-a6210877-7285-4dd4-92af-16e35ced25e5 e79a0e0bf94346dbbc02f5df292ccbb3 f478c23c1862491db0a44b21665f62f3 - - default default] http://[LB_IP_ADDRESS]:8776/v3/f478c23c1862491db0a44b21665f62f3/volumes/475b19a6-d1e2-40da-84bd-fce86b98722f returned with HTTP 200
2022-08-24 01:35:20.602 23 INFO cinder.api.openstack.wsgi [None req-cff757c6-ded7-41f4-98a0-13e535940f39 e79a0e0bf94346dbbc02f5df292ccbb3 f478c23c1862491db0a44b21665f62f3 - - default default] GET http://[LB_IP_ADDRESS]:8776/v3/f478c23c1862491db0a44b21665f62f3/volumes/475b19a6-d1e2-40da-84bd-fce86b98722f
2022-08-24 01:35:20.618 23 INFO cinder.api.openstack.wsgi [None req-cff757c6-ded7-41f4-98a0-13e535940f39 e79a0e0bf94346dbbc02f5df292ccbb3 f478c23c1862491db0a44b21665f62f3 - - default default] http://[LB_IP_ADDRESS]:8776/v3/f478c23c1862491db0a44b21665f62f3/volumes/475b19a6-d1e2-40da-84bd-fce86b98722f returned with HTTP 404
2022-08-24 01:35:20.630 22 INFO cinder.api.openstack.wsgi [None req-cea8f178-0322-44dc-9b3b-b746c49e4ecc e79a0e0bf94346dbbc02f5df292ccbb3 f478c23c1862491db0a44b21665f62f3 - - default default] DELETE http://[LB_IP_ADDRESS]:8776/v3/f478c23c1862491db0a44b21665f62f3/volumes/2893e39c-ea9b-4bf0-89ba-18beba596cf3
2022-08-24 01:35:20.632 22 INFO cinder.api.v3.volumes [None req-cea8f178-0322-44dc-9b3b-b746c49e4ecc e79a0e0bf94346dbbc02f5df292ccbb3 f478c23c1862491db0a44b21665f62f3 - - default default] Delete volume with id: 2893e39c-ea9b-4bf0-89ba-18beba596cf3 
2022-08-24 01:35:20.649 22 INFO cinder.volume.api [None req-cea8f178-0322-44dc-9b3b-b746c49e4ecc e79a0e0bf94346dbbc02f5df292ccbb3 f478c23c1862491db0a44b21665f62f3 - - default default] Volume info retrieved successfully.
2022-08-24 01:35:20.678 22 INFO cinder.volume.api [None req-cea8f178-0322-44dc-9b3b-b746c49e4ecc e79a0e0bf94346dbbc02f5df292ccbb3 f478c23c1862491db0a44b21665f62f3 - - default default] Delete volume request issued successfully.
2022-08-24 01:35:20.678 22 INFO cinder.api.openstack.wsgi [None req-cea8f178-0322-44dc-9b3b-b746c49e4ecc e79a0e0bf94346dbbc02f5df292ccbb3 f478c23c1862491db0a44b21665f62f3 - - default default] http://[LB_IP_ADDRESS]:8776/v3/f478c23c1862491db0a44b21665f62f3/volumes/2893e39c-ea9b-4bf0-89ba-18beba596cf3 returned with HTTP 202
2022-08-24 01:35:20.690 20 INFO cinder.api.openstack.wsgi [None req-6d691a17-b9f3-4b5e-a754-82200f5693c6 e79a0e0bf94346dbbc02f5df292ccbb3 f478c23c1862491db0a44b21665f62f3 - - default default] GET http://[LB_IP_ADDRESS]:8776/v3/f478c23c1862491db0a44b21665f62f3/volumes/2893e39c-ea9b-4bf0-89ba-18beba596cf3
2022-08-24 01:35:20.715 20 INFO cinder.volume.api [None req-6d691a17-b9f3-4b5e-a754-82200f5693c6 e79a0e0bf94346dbbc02f5df292ccbb3 f478c23c1862491db0a44b21665f62f3 - - default default] Volume info retrieved successfully.
2022-08-24 01:35:20.723 20 INFO cinder.api.openstack.wsgi [None req-6d691a17-b9f3-4b5e-a754-82200f5693c6 e79a0e0bf94346dbbc02f5df292ccbb3 f478c23c1862491db0a44b21665f62f3 - - default default] http://[LB_IP_ADDRESS]:8776/v3/f478c23c1862491db0a44b21665f62f3/volumes/2893e39c-ea9b-4bf0-89ba-18beba596cf3 returned with HTTP 200
2022-08-24 01:35:21.746 19 INFO cinder.api.openstack.wsgi [None req-d3468845-7e98-44a2-b072-e793340c4aa7 e79a0e0bf94346dbbc02f5df292ccbb3 f478c23c1862491db0a44b21665f62f3 - - default default] GET http://[LB_IP_ADDRESS]:8776/v3/f478c23c1862491db0a44b21665f62f3/volumes/2893e39c-ea9b-4bf0-89ba-18beba596cf3
2022-08-24 01:35:21.761 19 INFO cinder.api.openstack.wsgi [None req-d3468845-7e98-44a2-b072-e793340c4aa7 e79a0e0bf94346dbbc02f5df292ccbb3 f478c23c1862491db0a44b21665f62f3 - - default default] http://[LB_IP_ADDRESS]:8776/v3/f478c23c1862491db0a44b21665f62f3/volumes/2893e39c-ea9b-4bf0-89ba-18beba596cf3 returned with HTTP 404
2022-08-24 01:35:21.773 21 INFO cinder.api.openstack.wsgi [None req-06cbe186-2efd-4f10-b5cd-63535ba2f50e e79a0e0bf94346dbbc02f5df292ccbb3 f478c23c1862491db0a44b21665f62f3 - - default default] DELETE http://[LB_IP_ADDRESS]:8776/v3/f478c23c1862491db0a44b21665f62f3/volumes/a21897a0-30a3-49dd-9cc4-d71624415882
2022-08-24 01:35:21.774 21 INFO cinder.api.v3.volumes [None req-06cbe186-2efd-4f10-b5cd-63535ba2f50e e79a0e0bf94346dbbc02f5df292ccbb3 f478c23c1862491db0a44b21665f62f3 - - default default] Delete volume with id: a21897a0-30a3-49dd-9cc4-d71624415882 
2022-08-24 01:35:21.791 21 INFO cinder.volume.api [None req-06cbe186-2efd-4f10-b5cd-63535ba2f50e e79a0e0bf94346dbbc02f5df292ccbb3 f478c23c1862491db0a44b21665f62f3 - - default default] Volume info retrieved successfully.
2022-08-24 01:35:21.816 21 INFO cinder.volume.api [None req-06cbe186-2efd-4f10-b5cd-63535ba2f50e e79a0e0bf94346dbbc02f5df292ccbb3 f478c23c1862491db0a44b21665f62f3 - - default default] Delete volume request issued successfully.
2022-08-24 01:35:21.817 21 INFO cinder.api.openstack.wsgi [None req-06cbe186-2efd-4f10-b5cd-63535ba2f50e e79a0e0bf94346dbbc02f5df292ccbb3 f478c23c1862491db0a44b21665f62f3 - - default default] http://[LB_IP_ADDRESS]:8776/v3/f478c23c1862491db0a44b21665f62f3/volumes/a21897a0-30a3-49dd-9cc4-d71624415882 returned with HTTP 202
2022-08-24 01:35:21.829 23 INFO cinder.api.openstack.wsgi [None req-adaa1e17-78f3-4379-8682-28a26670a1d4 e79a0e0bf94346dbbc02f5df292ccbb3 f478c23c1862491db0a44b21665f62f3 - - default default] GET http://[LB_IP_ADDRESS]:8776/v3/f478c23c1862491db0a44b21665f62f3/volumes/a21897a0-30a3-49dd-9cc4-d71624415882
2022-08-24 01:35:21.855 23 INFO cinder.volume.api [None req-adaa1e17-78f3-4379-8682-28a26670a1d4 e79a0e0bf94346dbbc02f5df292ccbb3 f478c23c1862491db0a44b21665f62f3 - - default default] Volume info retrieved successfully.
2022-08-24 01:35:21.863 23 INFO cinder.api.openstack.wsgi [None req-adaa1e17-78f3-4379-8682-28a26670a1d4 e79a0e0bf94346dbbc02f5df292ccbb3 f478c23c1862491db0a44b21665f62f3 - - default default] http://[LB_IP_ADDRESS]:8776/v3/f478c23c1862491db0a44b21665f62f3/volumes/a21897a0-30a3-49dd-9cc4-d71624415882 returned with HTTP 200
2022-08-24 01:35:22.887 22 INFO cinder.api.openstack.wsgi [None req-e7c23735-239f-4836-9a21-cca55ffff4b8 e79a0e0bf94346dbbc02f5df292ccbb3 f478c23c1862491db0a44b21665f62f3 - - default default] GET http://[LB_IP_ADDRESS]:8776/v3/f478c23c1862491db0a44b21665f62f3/volumes/a21897a0-30a3-49dd-9cc4-d71624415882
2022-08-24 01:35:22.902 22 INFO cinder.api.openstack.wsgi [None req-e7c23735-239f-4836-9a21-cca55ffff4b8 e79a0e0bf94346dbbc02f5df292ccbb3 f478c23c1862491db0a44b21665f62f3 - - default default] http://[LB_IP_ADDRESS]:8776/v3/f478c23c1862491db0a44b21665f62f3/volumes/a21897a0-30a3-49dd-9cc4-d71624415882 returned with HTTP 404
2022-08-24 01:35:25.439 20 INFO cinder.api.openstack.wsgi [req-8c07df85-3f29-4aef-b996-b46cd89c2c4b req-ee466e75-902a-4e6d-be3d-d07ca0790010 aa2761734c78425c9d17c60197e0db48 b129007e302c4806a208e32b7989d64d - - default default] DELETE http://[LB_IP_ADDRESS]:8776/v3/b129007e302c4806a208e32b7989d64d/volumes/tempest-invalid-387571063
2022-08-24 01:35:25.440 20 INFO cinder.api.v3.volumes [req-8c07df85-3f29-4aef-b996-b46cd89c2c4b req-ee466e75-902a-4e6d-be3d-d07ca0790010 aa2761734c78425c9d17c60197e0db48 b129007e302c4806a208e32b7989d64d - - default default] Delete volume with id: tempest-invalid-387571063 
2022-08-24 01:35:25.459 20 INFO cinder.api.openstack.wsgi [req-8c07df85-3f29-4aef-b996-b46cd89c2c4b req-ee466e75-902a-4e6d-be3d-d07ca0790010 aa2761734c78425c9d17c60197e0db48 b129007e302c4806a208e32b7989d64d - - default default] http://[LB_IP_ADDRESS]:8776/v3/b129007e302c4806a208e32b7989d64d/volumes/tempest-invalid-387571063 returned with HTTP 404
2022-08-24 01:35:25.522 19 INFO cinder.api.openstack.wsgi [req-aec88710-d2af-4c04-9a94-0ee5208c6f39 req-fffac28f-0956-4521-b548-e944e2455e27 aa2761734c78425c9d17c60197e0db48 b129007e302c4806a208e32b7989d64d - - default default] DELETE http://[LB_IP_ADDRESS]:8776/v3/b129007e302c4806a208e32b7989d64d/volumes/83ac90c6-1f8e-4c0b-994e-7454dda93190
2022-08-24 01:35:25.523 19 INFO cinder.api.v3.volumes [req-aec88710-d2af-4c04-9a94-0ee5208c6f39 req-fffac28f-0956-4521-b548-e944e2455e27 aa2761734c78425c9d17c60197e0db48 b129007e302c4806a208e32b7989d64d - - default default] Delete volume with id: 83ac90c6-1f8e-4c0b-994e-7454dda93190 
2022-08-24 01:35:25.536 19 INFO cinder.api.openstack.wsgi [req-aec88710-d2af-4c04-9a94-0ee5208c6f39 req-fffac28f-0956-4521-b548-e944e2455e27 aa2761734c78425c9d17c60197e0db48 b129007e302c4806a208e32b7989d64d - - default default] http://[LB_IP_ADDRESS]:8776/v3/b129007e302c4806a208e32b7989d64d/volumes/83ac90c6-1f8e-4c0b-994e-7454dda93190 returned with HTTP 404
2022-08-24 01:35:25.572 21 INFO cinder.api.openstack.wsgi [req-a4289a91-7e2b-487b-84dd-f0ed26e49821 req-3453cf19-e772-466c-a96b-ce45b96d6c29 aa2761734c78425c9d17c60197e0db48 b129007e302c4806a208e32b7989d64d - - default default] GET http://[LB_IP_ADDRESS]:8776/v3/b129007e302c4806a208e32b7989d64d/volumes/ab5f8da3-84b8-4037-821b-68e3f237c146
2022-08-24 01:35:25.587 21 INFO cinder.api.openstack.wsgi [req-a4289a91-7e2b-487b-84dd-f0ed26e49821 req-3453cf19-e772-466c-a96b-ce45b96d6c29 aa2761734c78425c9d17c60197e0db48 b129007e302c4806a208e32b7989d64d - - default default] http://[LB_IP_ADDRESS]:8776/v3/b129007e302c4806a208e32b7989d64d/volumes/ab5f8da3-84b8-4037-821b-68e3f237c146 returned with HTTP 404
2022-08-24 01:35:25.828 23 INFO cinder.api.openstack.wsgi [None req-095ca102-9230-4a8f-8f5c-52d387279d91 - - - - - -] GET http://[LB_IP_ADDRESS]:8776/
2022-08-24 01:35:25.830 23 INFO cinder.api.openstack.wsgi [None req-095ca102-9230-4a8f-8f5c-52d387279d91 - - - - - -] http://[LB_IP_ADDRESS]:8776/ returned with HTTP 300
2022-08-24 01:35:29.549 22 INFO cinder.api.openstack.wsgi [None req-7cfd49e6-b5eb-4405-9287-71618540b837 f3a4e8f36273493c8c8c6f613cb942c0 8ce3e7bd6a704d93b6432fcdd90e85f7 - - default default] GET http://[LB_IP_ADDRESS]:8776/v3/8ce3e7bd6a704d93b6432fcdd90e85f7/scheduler-stats/get_pools
2022-08-24 01:35:29.570 22 INFO cinder.api.openstack.wsgi [None req-7cfd49e6-b5eb-4405-9287-71618540b837 f3a4e8f36273493c8c8c6f613cb942c0 8ce3e7bd6a704d93b6432fcdd90e85f7 - - default default] http://[LB_IP_ADDRESS]:8776/v3/8ce3e7bd6a704d93b6432fcdd90e85f7/scheduler-stats/get_pools returned with HTTP 200
2022-08-24 01:35:29.589 20 INFO cinder.api.openstack.wsgi [None req-23655942-1e09-404f-96ea-22a843d786cc f3a4e8f36273493c8c8c6f613cb942c0 8ce3e7bd6a704d93b6432fcdd90e85f7 - - default default] GET http://[LB_IP_ADDRESS]:8776/v3/8ce3e7bd6a704d93b6432fcdd90e85f7/scheduler-stats/get_pools?detail=True
2022-08-24 01:35:29.610 20 INFO cinder.api.openstack.wsgi [None req-23655942-1e09-404f-96ea-22a843d786cc f3a4e8f36273493c8c8c6f613cb942c0 8ce3e7bd6a704d93b6432fcdd90e85f7 - - default default] http://[LB_IP_ADDRESS]:8776/v3/8ce3e7bd6a704d93b6432fcdd90e85f7/scheduler-stats/get_pools?detail=True returned with HTTP 200
2022-08-24 01:35:29.632 19 INFO cinder.api.openstack.wsgi [None req-49437797-d554-45b1-a258-805b9249e9df f3a4e8f36273493c8c8c6f613cb942c0 8ce3e7bd6a704d93b6432fcdd90e85f7 - - default default] GET http://[LB_IP_ADDRESS]:8776/v3/8ce3e7bd6a704d93b6432fcdd90e85f7/capabilities/rack08-server59@LIGHTOSyridex
2022-08-24 01:35:29.653 19 INFO cinder.api.openstack.wsgi [None req-49437797-d554-45b1-a258-805b9249e9df f3a4e8f36273493c8c8c6f613cb942c0 8ce3e7bd6a704d93b6432fcdd90e85f7 - - default default] http://[LB_IP_ADDRESS]:8776/v3/8ce3e7bd6a704d93b6432fcdd90e85f7/capabilities/rack08-server59@LIGHTOSyridex returned with HTTP 200
2022-08-24 01:35:29.675 21 INFO cinder.api.openstack.wsgi [None req-b06cdbca-6dca-4d46-b941-a15b783e7285 f3a4e8f36273493c8c8c6f613cb942c0 8ce3e7bd6a704d93b6432fcdd90e85f7 - - default default] GET http://[LB_IP_ADDRESS]:8776/v3/8ce3e7bd6a704d93b6432fcdd90e85f7/capabilities/rack08-server59@LIGHTOSyridex
2022-08-24 01:35:29.696 21 INFO cinder.api.openstack.wsgi [None req-b06cdbca-6dca-4d46-b941-a15b783e7285 f3a4e8f36273493c8c8c6f613cb942c0 8ce3e7bd6a704d93b6432fcdd90e85f7 - - default default] http://[LB_IP_ADDRESS]:8776/v3/8ce3e7bd6a704d93b6432fcdd90e85f7/capabilities/rack08-server59@LIGHTOSyridex returned with HTTP 200
2022-08-24 01:35:37.914 23 INFO cinder.api.openstack.wsgi [None req-c65fabc2-8816-4d7d-9a9c-96fe61327a4e 58c5fac036fc4400ad2981560ed69d68 b2db80cfc205424fb0fd20c2053a35af - - default default] POST http://[LB_IP_ADDRESS]:8776/v3/b2db80cfc205424fb0fd20c2053a35af/types
2022-08-24 01:35:37.949 23 INFO cinder.api.openstack.wsgi [None req-c65fabc2-8816-4d7d-9a9c-96fe61327a4e 58c5fac036fc4400ad2981560ed69d68 b2db80cfc205424fb0fd20c2053a35af - - default default] http://[LB_IP_ADDRESS]:8776/v3/b2db80cfc205424fb0fd20c2053a35af/types returned with HTTP 200
2022-08-24 01:35:37.964 22 INFO cinder.api.openstack.wsgi [None req-ef2c2254-bc7c-4dc8-a2f6-252f63f3425b 58c5fac036fc4400ad2981560ed69d68 b2db80cfc205424fb0fd20c2053a35af - - default default] POST http://[LB_IP_ADDRESS]:8776/v3/b2db80cfc205424fb0fd20c2053a35af/group_types
2022-08-24 01:35:37.990 22 INFO cinder.api.openstack.wsgi [None req-ef2c2254-bc7c-4dc8-a2f6-252f63f3425b 58c5fac036fc4400ad2981560ed69d68 b2db80cfc205424fb0fd20c2053a35af - - default default] http://[LB_IP_ADDRESS]:8776/v3/b2db80cfc205424fb0fd20c2053a35af/group_types returned with HTTP 202
2022-08-24 01:35:38.162 20 INFO cinder.api.openstack.wsgi [None req-564757e4-5234-4aba-b536-b6893e2dc8e1 ca55240cd80345818f9063005207aa57 6cc4fbd584e84f74a2ebcb9efda7639e - - default default] POST http://[LB_IP_ADDRESS]:8776/v3/6cc4fbd584e84f74a2ebcb9efda7639e/groups
2022-08-24 01:35:38.175 20 INFO cinder.api.v3.groups [None req-564757e4-5234-4aba-b536-b6893e2dc8e1 ca55240cd80345818f9063005207aa57 6cc4fbd584e84f74a2ebcb9efda7639e - - default default] Creating group tempest-GroupSnapshotsTest-Group-1178765861.
2022-08-24 01:35:38.189 20 INFO cinder.volume.api [None req-564757e4-5234-4aba-b536-b6893e2dc8e1 ca55240cd80345818f9063005207aa57 6cc4fbd584e84f74a2ebcb9efda7639e - - default default] Availability Zones retrieved successfully.
2022-08-24 01:35:38.284 20 INFO cinder.api.openstack.wsgi [None req-564757e4-5234-4aba-b536-b6893e2dc8e1 ca55240cd80345818f9063005207aa57 6cc4fbd584e84f74a2ebcb9efda7639e - - default default] http://[LB_IP_ADDRESS]:8776/v3/6cc4fbd584e84f74a2ebcb9efda7639e/groups returned with HTTP 202
2022-08-24 01:35:38.299 19 INFO cinder.api.openstack.wsgi [None req-6136bd52-f014-49ad-bd73-63a83490b19f ca55240cd80345818f9063005207aa57 6cc4fbd584e84f74a2ebcb9efda7639e - - default default] GET http://[LB_IP_ADDRESS]:8776/v3/6cc4fbd584e84f74a2ebcb9efda7639e/groups/72014a27-b5b0-4f50-ad02-1c8a22ac1562
2022-08-24 01:35:38.321 19 INFO cinder.api.openstack.wsgi [None req-6136bd52-f014-49ad-bd73-63a83490b19f ca55240cd80345818f9063005207aa57 6cc4fbd584e84f74a2ebcb9efda7639e - - default default] http://[LB_IP_ADDRESS]:8776/v3/6cc4fbd584e84f74a2ebcb9efda7639e/groups/72014a27-b5b0-4f50-ad02-1c8a22ac1562 returned with HTTP 200
2022-08-24 01:35:39.339 21 INFO cinder.api.openstack.wsgi [None req-5922bce0-46e6-423b-974c-befcf2439689 ca55240cd80345818f9063005207aa57 6cc4fbd584e84f74a2ebcb9efda7639e - - default default] GET http://[LB_IP_ADDRESS]:8776/v3/6cc4fbd584e84f74a2ebcb9efda7639e/groups/72014a27-b5b0-4f50-ad02-1c8a22ac1562
2022-08-24 01:35:39.364 21 INFO cinder.api.openstack.wsgi [None req-5922bce0-46e6-423b-974c-befcf2439689 ca55240cd80345818f9063005207aa57 6cc4fbd584e84f74a2ebcb9efda7639e - - default default] http://[LB_IP_ADDRESS]:8776/v3/6cc4fbd584e84f74a2ebcb9efda7639e/groups/72014a27-b5b0-4f50-ad02-1c8a22ac1562 returned with HTTP 200
2022-08-24 01:35:39.380 23 INFO cinder.api.openstack.wsgi [None req-cd72a327-98e7-4171-8157-1fa2a5141ffc ca55240cd80345818f9063005207aa57 6cc4fbd584e84f74a2ebcb9efda7639e - - default default] POST http://[LB_IP_ADDRESS]:8776/v3/6cc4fbd584e84f74a2ebcb9efda7639e/volumes
2022-08-24 01:35:39.396 23 INFO cinder.api.v3.volumes [None req-cd72a327-98e7-4171-8157-1fa2a5141ffc ca55240cd80345818f9063005207aa57 6cc4fbd584e84f74a2ebcb9efda7639e - - default default] Create volume of 1 GB
2022-08-24 01:35:39.406 23 INFO cinder.volume.api [None req-cd72a327-98e7-4171-8157-1fa2a5141ffc ca55240cd80345818f9063005207aa57 6cc4fbd584e84f74a2ebcb9efda7639e - - default default] Availability Zones retrieved successfully.
2022-08-24 01:35:39.569 23 WARNING cinder.quota [None req-cd72a327-98e7-4171-8157-1fa2a5141ffc ca55240cd80345818f9063005207aa57 6cc4fbd584e84f74a2ebcb9efda7639e - - default default] Deprecated: Default quota for resource: volumes_tempest-GroupSnapshotsTest-volume-type-1227754201 is set by the default quota flag: quota_volumes_tempest-GroupSnapshotsTest-volume-type-1227754201, it is now deprecated. Please use the default quota class for default quota.
2022-08-24 01:35:39.570 23 WARNING cinder.quota [None req-cd72a327-98e7-4171-8157-1fa2a5141ffc ca55240cd80345818f9063005207aa57 6cc4fbd584e84f74a2ebcb9efda7639e - - default default] Deprecated: Default quota for resource: gigabytes_tempest-GroupSnapshotsTest-volume-type-1227754201 is set by the default quota flag: quota_gigabytes_tempest-GroupSnapshotsTest-volume-type-1227754201, it is now deprecated. Please use the default quota class for default quota.
2022-08-24 01:35:39.751 23 INFO cinder.volume.api [None req-cd72a327-98e7-4171-8157-1fa2a5141ffc ca55240cd80345818f9063005207aa57 6cc4fbd584e84f74a2ebcb9efda7639e - - default default] Create volume request issued successfully.
2022-08-24 01:35:39.777 23 INFO cinder.api.openstack.wsgi [None req-cd72a327-98e7-4171-8157-1fa2a5141ffc ca55240cd80345818f9063005207aa57 6cc4fbd584e84f74a2ebcb9efda7639e - - default default] http://[LB_IP_ADDRESS]:8776/v3/6cc4fbd584e84f74a2ebcb9efda7639e/volumes returned with HTTP 202
2022-08-24 01:35:39.799 22 INFO cinder.api.openstack.wsgi [None req-3452a278-90ce-4e57-9f9f-1965e9ebf7d7 ca55240cd80345818f9063005207aa57 6cc4fbd584e84f74a2ebcb9efda7639e - - default default] GET http://[LB_IP_ADDRESS]:8776/v3/6cc4fbd584e84f74a2ebcb9efda7639e/volumes/16063821-eb0b-4402-b651-ee720207078f
2022-08-24 01:35:39.822 22 INFO cinder.volume.api [None req-3452a278-90ce-4e57-9f9f-1965e9ebf7d7 ca55240cd80345818f9063005207aa57 6cc4fbd584e84f74a2ebcb9efda7639e - - default default] Volume info retrieved successfully.
2022-08-24 01:35:39.853 22 INFO cinder.api.openstack.wsgi [None req-3452a278-90ce-4e57-9f9f-1965e9ebf7d7 ca55240cd80345818f9063005207aa57 6cc4fbd584e84f74a2ebcb9efda7639e - - default default] http://[LB_IP_ADDRESS]:8776/v3/6cc4fbd584e84f74a2ebcb9efda7639e/volumes/16063821-eb0b-4402-b651-ee720207078f returned with HTTP 200
2022-08-24 01:35:40.876 20 INFO cinder.api.openstack.wsgi [None req-6d207e1e-d390-4cc6-af1d-a4af6bf73efa ca55240cd80345818f9063005207aa57 6cc4fbd584e84f74a2ebcb9efda7639e - - default default] GET http://[LB_IP_ADDRESS]:8776/v3/6cc4fbd584e84f74a2ebcb9efda7639e/volumes/16063821-eb0b-4402-b651-ee720207078f
2022-08-24 01:35:40.913 20 INFO cinder.volume.api [None req-6d207e1e-d390-4cc6-af1d-a4af6bf73efa ca55240cd80345818f9063005207aa57 6cc4fbd584e84f74a2ebcb9efda7639e - - default default] Volume info retrieved successfully.
2022-08-24 01:35:40.943 20 INFO cinder.api.openstack.wsgi [None req-6d207e1e-d390-4cc6-af1d-a4af6bf73efa ca55240cd80345818f9063005207aa57 6cc4fbd584e84f74a2ebcb9efda7639e - - default default] http://[LB_IP_ADDRESS]:8776/v3/6cc4fbd584e84f74a2ebcb9efda7639e/volumes/16063821-eb0b-4402-b651-ee720207078f returned with HTTP 200
2022-08-24 01:35:41.967 19 INFO cinder.api.openstack.wsgi [None req-0a58d23e-fe44-4230-ac86-c9b61a56a13e ca55240cd80345818f9063005207aa57 6cc4fbd584e84f74a2ebcb9efda7639e - - default default] GET http://[LB_IP_ADDRESS]:8776/v3/6cc4fbd584e84f74a2ebcb9efda7639e/volumes/16063821-eb0b-4402-b651-ee720207078f
2022-08-24 01:35:41.992 19 INFO cinder.volume.api [None req-0a58d23e-fe44-4230-ac86-c9b61a56a13e ca55240cd80345818f9063005207aa57 6cc4fbd584e84f74a2ebcb9efda7639e - - default default] Volume info retrieved successfully.
2022-08-24 01:35:42.019 19 INFO cinder.api.openstack.wsgi [None req-0a58d23e-fe44-4230-ac86-c9b61a56a13e ca55240cd80345818f9063005207aa57 6cc4fbd584e84f74a2ebcb9efda7639e - - default default] http://[LB_IP_ADDRESS]:8776/v3/6cc4fbd584e84f74a2ebcb9efda7639e/volumes/16063821-eb0b-4402-b651-ee720207078f returned with HTTP 200
2022-08-24 01:35:42.041 21 INFO cinder.api.openstack.wsgi [None req-927346eb-219b-45c3-84de-aa51309fffcf ca55240cd80345818f9063005207aa57 6cc4fbd584e84f74a2ebcb9efda7639e - - default default] POST http://[LB_IP_ADDRESS]:8776/v3/6cc4fbd584e84f74a2ebcb9efda7639e/group_snapshots
2022-08-24 01:35:42.061 21 INFO cinder.api.v3.group_snapshots [None req-927346eb-219b-45c3-84de-aa51309fffcf ca55240cd80345818f9063005207aa57 6cc4fbd584e84f74a2ebcb9efda7639e - - default default] Creating group_snapshot tempest-group_snapshot-1748025711.
2022-08-24 01:35:42.157 21 WARNING cinder.quota [None req-927346eb-219b-45c3-84de-aa51309fffcf ca55240cd80345818f9063005207aa57 6cc4fbd584e84f74a2ebcb9efda7639e - - default default] Deprecated: Default quota for resource: gigabytes_tempest-GroupSnapshotsTest-volume-type-1227754201 is set by the default quota flag: quota_gigabytes_tempest-GroupSnapshotsTest-volume-type-1227754201, it is now deprecated. Please use the default quota class for default quota.
2022-08-24 01:35:42.158 21 WARNING cinder.quota [None req-927346eb-219b-45c3-84de-aa51309fffcf ca55240cd80345818f9063005207aa57 6cc4fbd584e84f74a2ebcb9efda7639e - - default default] Deprecated: Default quota for resource: snapshots_tempest-GroupSnapshotsTest-volume-type-1227754201 is set by the default quota flag: quota_snapshots_tempest-GroupSnapshotsTest-volume-type-1227754201, it is now deprecated. Please use the default quota class for default quota.
2022-08-24 01:35:42.239 21 INFO cinder.api.openstack.wsgi [None req-927346eb-219b-45c3-84de-aa51309fffcf ca55240cd80345818f9063005207aa57 6cc4fbd584e84f74a2ebcb9efda7639e - - default default] http://[LB_IP_ADDRESS]:8776/v3/6cc4fbd584e84f74a2ebcb9efda7639e/group_snapshots returned with HTTP 202
2022-08-24 01:35:42.253 23 INFO cinder.api.openstack.wsgi [None req-06c31c8e-de23-44df-8a43-4077dba7114f ca55240cd80345818f9063005207aa57 6cc4fbd584e84f74a2ebcb9efda7639e - - default default] GET http://[LB_IP_ADDRESS]:8776/v3/6cc4fbd584e84f74a2ebcb9efda7639e/group_snapshots/9c516a57-68ef-4496-b69e-f73d39ad938f
2022-08-24 01:35:42.267 23 INFO cinder.api.openstack.wsgi [None req-06c31c8e-de23-44df-8a43-4077dba7114f ca55240cd80345818f9063005207aa57 6cc4fbd584e84f74a2ebcb9efda7639e - - default default] http://[LB_IP_ADDRESS]:8776/v3/6cc4fbd584e84f74a2ebcb9efda7639e/group_snapshots/9c516a57-68ef-4496-b69e-f73d39ad938f returned with HTTP 200
2022-08-24 01:35:43.285 22 INFO cinder.api.openstack.wsgi [None req-bbed857e-406e-4fad-9ca8-6e2429653f77 ca55240cd80345818f9063005207aa57 6cc4fbd584e84f74a2ebcb9efda7639e - - default default] GET http://[LB_IP_ADDRESS]:8776/v3/6cc4fbd584e84f74a2ebcb9efda7639e/group_snapshots/9c516a57-68ef-4496-b69e-f73d39ad938f
2022-08-24 01:35:43.301 22 INFO cinder.api.openstack.wsgi [None req-bbed857e-406e-4fad-9ca8-6e2429653f77 ca55240cd80345818f9063005207aa57 6cc4fbd584e84f74a2ebcb9efda7639e - - default default] http://[LB_IP_ADDRESS]:8776/v3/6cc4fbd584e84f74a2ebcb9efda7639e/group_snapshots/9c516a57-68ef-4496-b69e-f73d39ad938f returned with HTTP 200
2022-08-24 01:35:44.322 20 INFO cinder.api.openstack.wsgi [None req-303d2f70-1c01-485d-a3c3-59ad116e3c95 ca55240cd80345818f9063005207aa57 6cc4fbd584e84f74a2ebcb9efda7639e - - default default] GET http://[LB_IP_ADDRESS]:8776/v3/6cc4fbd584e84f74a2ebcb9efda7639e/group_snapshots/9c516a57-68ef-4496-b69e-f73d39ad938f
2022-08-24 01:35:44.337 20 INFO cinder.api.openstack.wsgi [None req-303d2f70-1c01-485d-a3c3-59ad116e3c95 ca55240cd80345818f9063005207aa57 6cc4fbd584e84f74a2ebcb9efda7639e - - default default] http://[LB_IP_ADDRESS]:8776/v3/6cc4fbd584e84f74a2ebcb9efda7639e/group_snapshots/9c516a57-68ef-4496-b69e-f73d39ad938f returned with HTTP 200
2022-08-24 01:35:44.354 19 INFO cinder.api.openstack.wsgi [None req-783cad19-6567-4963-a41a-c513a2a55ab4 ca55240cd80345818f9063005207aa57 6cc4fbd584e84f74a2ebcb9efda7639e - - default default] GET http://[LB_IP_ADDRESS]:8776/v3/6cc4fbd584e84f74a2ebcb9efda7639e/snapshots/detail
2022-08-24 01:35:44.372 19 INFO cinder.volume.api [None req-783cad19-6567-4963-a41a-c513a2a55ab4 ca55240cd80345818f9063005207aa57 6cc4fbd584e84f74a2ebcb9efda7639e - - default default] Get all snapshots completed successfully.
2022-08-24 01:35:44.375 19 INFO cinder.api.openstack.wsgi [None req-783cad19-6567-4963-a41a-c513a2a55ab4 ca55240cd80345818f9063005207aa57 6cc4fbd584e84f74a2ebcb9efda7639e - - default default] http://[LB_IP_ADDRESS]:8776/v3/6cc4fbd584e84f74a2ebcb9efda7639e/snapshots/detail returned with HTTP 200
2022-08-24 01:35:44.393 21 INFO cinder.api.openstack.wsgi [None req-e859e119-e46b-420c-8be6-ce9ab9d4e264 ca55240cd80345818f9063005207aa57 6cc4fbd584e84f74a2ebcb9efda7639e - - default default] GET http://[LB_IP_ADDRESS]:8776/v3/6cc4fbd584e84f74a2ebcb9efda7639e/snapshots/a402936f-2624-4021-a905-ba6e32e3acab
2022-08-24 01:35:44.406 21 INFO cinder.volume.api [None req-e859e119-e46b-420c-8be6-ce9ab9d4e264 ca55240cd80345818f9063005207aa57 6cc4fbd584e84f74a2ebcb9efda7639e - - default default] Snapshot retrieved successfully.
2022-08-24 01:35:44.408 21 INFO cinder.api.openstack.wsgi [None req-e859e119-e46b-420c-8be6-ce9ab9d4e264 ca55240cd80345818f9063005207aa57 6cc4fbd584e84f74a2ebcb9efda7639e - - default default] http://[LB_IP_ADDRESS]:8776/v3/6cc4fbd584e84f74a2ebcb9efda7639e/snapshots/a402936f-2624-4021-a905-ba6e32e3acab returned with HTTP 200
2022-08-24 01:35:44.424 23 INFO cinder.api.openstack.wsgi [None req-987c47ce-465e-49ee-90de-41598d0cd545 ca55240cd80345818f9063005207aa57 6cc4fbd584e84f74a2ebcb9efda7639e - - default default] POST http://[LB_IP_ADDRESS]:8776/v3/6cc4fbd584e84f74a2ebcb9efda7639e/groups/action
2022-08-24 01:35:44.428 23 INFO cinder.api.v3.groups [None req-987c47ce-465e-49ee-90de-41598d0cd545 ca55240cd80345818f9063005207aa57 6cc4fbd584e84f74a2ebcb9efda7639e - - default default] Creating group tempest-Group_from_snap-1975527327 from group_snapshot 9c516a57-68ef-4496-b69e-f73d39ad938f.
2022-08-24 01:35:44.610 23 INFO cinder.group.api [None req-987c47ce-465e-49ee-90de-41598d0cd545 ca55240cd80345818f9063005207aa57 6cc4fbd584e84f74a2ebcb9efda7639e - - default default] A mapping entry already exists for group f4aac080-feb4-4061-9ea7-a7f2a92463be and volume type 484217f0-fb14-420c-938b-800edeff7703. Do not need to create again.
2022-08-24 01:35:44.616 23 INFO cinder.volume.api [None req-987c47ce-465e-49ee-90de-41598d0cd545 ca55240cd80345818f9063005207aa57 6cc4fbd584e84f74a2ebcb9efda7639e - - default default] Availability Zones retrieved successfully.
2022-08-24 01:35:44.879 23 INFO cinder.volume.api [None req-987c47ce-465e-49ee-90de-41598d0cd545 ca55240cd80345818f9063005207aa57 6cc4fbd584e84f74a2ebcb9efda7639e - - default default] Create volume request issued successfully.
2022-08-24 01:35:44.901 23 INFO cinder.api.openstack.wsgi [None req-987c47ce-465e-49ee-90de-41598d0cd545 ca55240cd80345818f9063005207aa57 6cc4fbd584e84f74a2ebcb9efda7639e - - default default] http://[LB_IP_ADDRESS]:8776/v3/6cc4fbd584e84f74a2ebcb9efda7639e/groups/action returned with HTTP 202
2022-08-24 01:35:44.915 22 INFO cinder.api.openstack.wsgi [None req-436e1b61-e4ab-4e80-9529-199b43ad10ea ca55240cd80345818f9063005207aa57 6cc4fbd584e84f74a2ebcb9efda7639e - - default default] GET http://[LB_IP_ADDRESS]:8776/v3/6cc4fbd584e84f74a2ebcb9efda7639e/volumes/detail
2022-08-24 01:35:44.958 22 INFO cinder.volume.api [None req-436e1b61-e4ab-4e80-9529-199b43ad10ea ca55240cd80345818f9063005207aa57 6cc4fbd584e84f74a2ebcb9efda7639e - - default default] Get all volumes completed successfully.
2022-08-24 01:35:45.002 22 INFO cinder.api.openstack.wsgi [None req-436e1b61-e4ab-4e80-9529-199b43ad10ea ca55240cd80345818f9063005207aa57 6cc4fbd584e84f74a2ebcb9efda7639e - - default default] http://[LB_IP_ADDRESS]:8776/v3/6cc4fbd584e84f74a2ebcb9efda7639e/volumes/detail returned with HTTP 200
2022-08-24 01:35:45.025 20 INFO cinder.api.openstack.wsgi [None req-84ab858c-d10c-4ab4-8759-4f2bd8df6020 ca55240cd80345818f9063005207aa57 6cc4fbd584e84f74a2ebcb9efda7639e - - default default] GET http://[LB_IP_ADDRESS]:8776/v3/6cc4fbd584e84f74a2ebcb9efda7639e/volumes/9a33419d-9625-4e63-857c-5bb537275eaa
2022-08-24 01:35:45.049 20 INFO cinder.volume.api [None req-84ab858c-d10c-4ab4-8759-4f2bd8df6020 ca55240cd80345818f9063005207aa57 6cc4fbd584e84f74a2ebcb9efda7639e - - default default] Volume info retrieved successfully.
2022-08-24 01:35:45.075 20 INFO cinder.api.openstack.wsgi [None req-84ab858c-d10c-4ab4-8759-4f2bd8df6020 ca55240cd80345818f9063005207aa57 6cc4fbd584e84f74a2ebcb9efda7639e - - default default] http://[LB_IP_ADDRESS]:8776/v3/6cc4fbd584e84f74a2ebcb9efda7639e/volumes/9a33419d-9625-4e63-857c-5bb537275eaa returned with HTTP 200
