2022-01-27 08:11:45.332 23 INFO cinder.api.openstack.wsgi [req-3acf5ec2-d328-446f-b311-7529637fc163 ecd678f5ab7a421fb61362cfa0d9c03f 655007366545445c87fbb0d19cc87be4 - default default] GET http://[LB_IP_ADDRESS]:8776/v3/655007366545445c87fbb0d19cc87be4/volumes/07c7d257-76e2-4a20-9a9c-e22f2765281c
2022-01-27 08:11:45.354 23 INFO cinder.volume.api [req-3acf5ec2-d328-446f-b311-7529637fc163 ecd678f5ab7a421fb61362cfa0d9c03f 655007366545445c87fbb0d19cc87be4 - default default] Volume info retrieved successfully.
2022-01-27 08:11:45.375 23 INFO cinder.api.openstack.wsgi [req-3acf5ec2-d328-446f-b311-7529637fc163 ecd678f5ab7a421fb61362cfa0d9c03f 655007366545445c87fbb0d19cc87be4 - default default] http://[LB_IP_ADDRESS]:8776/v3/655007366545445c87fbb0d19cc87be4/volumes/07c7d257-76e2-4a20-9a9c-e22f2765281c returned with HTTP 200
2022-01-27 08:11:45.906 19 INFO cinder.api.openstack.wsgi [req-aebe2117-f9c0-4a3e-b3c4-7d4de4e31341 2a3970f80467479997e0604a620944cf 21be8d59152943df9257b90511ad7443 - default default] POST http://[LB_IP_ADDRESS]:8776/v3/21be8d59152943df9257b90511ad7443/qos-specs
2022-01-27 08:11:45.921 19 INFO cinder.api.openstack.wsgi [req-aebe2117-f9c0-4a3e-b3c4-7d4de4e31341 2a3970f80467479997e0604a620944cf 21be8d59152943df9257b90511ad7443 - default default] http://[LB_IP_ADDRESS]:8776/v3/21be8d59152943df9257b90511ad7443/qos-specs returned with HTTP 200
2022-01-27 08:11:45.935 21 INFO cinder.api.openstack.wsgi [req-208f9c86-2024-420a-936b-ffb8f17fc3c0 2a3970f80467479997e0604a620944cf 21be8d59152943df9257b90511ad7443 - default default] POST http://[LB_IP_ADDRESS]:8776/v3/21be8d59152943df9257b90511ad7443/types
2022-01-27 08:11:45.963 21 INFO cinder.api.openstack.wsgi [req-208f9c86-2024-420a-936b-ffb8f17fc3c0 2a3970f80467479997e0604a620944cf 21be8d59152943df9257b90511ad7443 - default default] http://[LB_IP_ADDRESS]:8776/v3/21be8d59152943df9257b90511ad7443/types returned with HTTP 200
2022-01-27 08:11:45.977 20 INFO cinder.api.openstack.wsgi [req-a569fae0-bbe6-4b50-ae0e-fce45402910a 2a3970f80467479997e0604a620944cf 21be8d59152943df9257b90511ad7443 - default default] POST http://[LB_IP_ADDRESS]:8776/v3/21be8d59152943df9257b90511ad7443/types
2022-01-27 08:11:46.004 20 INFO cinder.api.openstack.wsgi [req-a569fae0-bbe6-4b50-ae0e-fce45402910a 2a3970f80467479997e0604a620944cf 21be8d59152943df9257b90511ad7443 - default default] http://[LB_IP_ADDRESS]:8776/v3/21be8d59152943df9257b90511ad7443/types returned with HTTP 200
2022-01-27 08:11:46.018 22 INFO cinder.api.openstack.wsgi [req-c6450ebc-91db-4d6f-919b-aaa65b02c15c 2a3970f80467479997e0604a620944cf 21be8d59152943df9257b90511ad7443 - default default] POST http://[LB_IP_ADDRESS]:8776/v3/21be8d59152943df9257b90511ad7443/types
2022-01-27 08:11:46.044 22 INFO cinder.api.openstack.wsgi [req-c6450ebc-91db-4d6f-919b-aaa65b02c15c 2a3970f80467479997e0604a620944cf 21be8d59152943df9257b90511ad7443 - default default] http://[LB_IP_ADDRESS]:8776/v3/21be8d59152943df9257b90511ad7443/types returned with HTTP 200
2022-01-27 08:11:46.061 23 INFO cinder.api.openstack.wsgi [req-bb3042e2-2ff7-4c47-aa64-b6106e04601f 2a3970f80467479997e0604a620944cf 21be8d59152943df9257b90511ad7443 - default default] GET http://[LB_IP_ADDRESS]:8776/v3/21be8d59152943df9257b90511ad7443/qos-specs/2be0d468-ae35-4fc5-bff1-d16828dfb2b2/associate?vol_type_id=1e12b59c-7d4b-46a0-bf96-35d4b4fef155
2022-01-27 08:11:46.090 23 INFO cinder.api.openstack.wsgi [req-bb3042e2-2ff7-4c47-aa64-b6106e04601f 2a3970f80467479997e0604a620944cf 21be8d59152943df9257b90511ad7443 - default default] http://[LB_IP_ADDRESS]:8776/v3/21be8d59152943df9257b90511ad7443/qos-specs/2be0d468-ae35-4fc5-bff1-d16828dfb2b2/associate?vol_type_id=1e12b59c-7d4b-46a0-bf96-35d4b4fef155 returned with HTTP 202
2022-01-27 08:11:46.104 19 INFO cinder.api.openstack.wsgi [req-1bf0f1b4-91b7-40aa-8dca-90598699e1ea 2a3970f80467479997e0604a620944cf 21be8d59152943df9257b90511ad7443 - default default] GET http://[LB_IP_ADDRESS]:8776/v3/21be8d59152943df9257b90511ad7443/qos-specs/2be0d468-ae35-4fc5-bff1-d16828dfb2b2/associate?vol_type_id=d2890e9f-f96b-44ff-a33c-37f4e3c0ce88
2022-01-27 08:11:46.129 19 INFO cinder.api.openstack.wsgi [req-1bf0f1b4-91b7-40aa-8dca-90598699e1ea 2a3970f80467479997e0604a620944cf 21be8d59152943df9257b90511ad7443 - default default] http://[LB_IP_ADDRESS]:8776/v3/21be8d59152943df9257b90511ad7443/qos-specs/2be0d468-ae35-4fc5-bff1-d16828dfb2b2/associate?vol_type_id=d2890e9f-f96b-44ff-a33c-37f4e3c0ce88 returned with HTTP 202
2022-01-27 08:11:46.143 20 INFO cinder.api.openstack.wsgi [req-f120d4ed-23f5-49db-8221-2beb8b0e9f7a 2a3970f80467479997e0604a620944cf 21be8d59152943df9257b90511ad7443 - default default] GET http://[LB_IP_ADDRESS]:8776/v3/21be8d59152943df9257b90511ad7443/qos-specs/2be0d468-ae35-4fc5-bff1-d16828dfb2b2/associate?vol_type_id=8f0ab982-4f71-4dc1-bfd2-8f3c8fbd04f8
2022-01-27 08:11:46.170 20 INFO cinder.api.openstack.wsgi [req-f120d4ed-23f5-49db-8221-2beb8b0e9f7a 2a3970f80467479997e0604a620944cf 21be8d59152943df9257b90511ad7443 - default default] http://[LB_IP_ADDRESS]:8776/v3/21be8d59152943df9257b90511ad7443/qos-specs/2be0d468-ae35-4fc5-bff1-d16828dfb2b2/associate?vol_type_id=8f0ab982-4f71-4dc1-bfd2-8f3c8fbd04f8 returned with HTTP 202
2022-01-27 08:11:46.183 22 INFO cinder.api.openstack.wsgi [req-1184a398-9fa9-42a8-a4c6-06e4ca5e2c9e 2a3970f80467479997e0604a620944cf 21be8d59152943df9257b90511ad7443 - default default] GET http://[LB_IP_ADDRESS]:8776/v3/21be8d59152943df9257b90511ad7443/qos-specs/2be0d468-ae35-4fc5-bff1-d16828dfb2b2/associations
2022-01-27 08:11:46.200 22 INFO cinder.api.openstack.wsgi [req-1184a398-9fa9-42a8-a4c6-06e4ca5e2c9e 2a3970f80467479997e0604a620944cf 21be8d59152943df9257b90511ad7443 - default default] http://[LB_IP_ADDRESS]:8776/v3/21be8d59152943df9257b90511ad7443/qos-specs/2be0d468-ae35-4fc5-bff1-d16828dfb2b2/associations returned with HTTP 200
2022-01-27 08:11:46.218 23 INFO cinder.api.openstack.wsgi [req-e2c3db06-372b-4a88-a627-cece4ae04601 2a3970f80467479997e0604a620944cf 21be8d59152943df9257b90511ad7443 - default default] GET http://[LB_IP_ADDRESS]:8776/v3/21be8d59152943df9257b90511ad7443/qos-specs/2be0d468-ae35-4fc5-bff1-d16828dfb2b2/disassociate?vol_type_id=1e12b59c-7d4b-46a0-bf96-35d4b4fef155
2022-01-27 08:11:46.237 23 INFO cinder.api.openstack.wsgi [req-e2c3db06-372b-4a88-a627-cece4ae04601 2a3970f80467479997e0604a620944cf 21be8d59152943df9257b90511ad7443 - default default] http://[LB_IP_ADDRESS]:8776/v3/21be8d59152943df9257b90511ad7443/qos-specs/2be0d468-ae35-4fc5-bff1-d16828dfb2b2/disassociate?vol_type_id=1e12b59c-7d4b-46a0-bf96-35d4b4fef155 returned with HTTP 202
2022-01-27 08:11:46.252 19 INFO cinder.api.openstack.wsgi [req-43b14702-cc7c-4251-8634-c9657f1e490a 2a3970f80467479997e0604a620944cf 21be8d59152943df9257b90511ad7443 - default default] GET http://[LB_IP_ADDRESS]:8776/v3/21be8d59152943df9257b90511ad7443/qos-specs/2be0d468-ae35-4fc5-bff1-d16828dfb2b2/associations
2022-01-27 08:11:46.268 19 INFO cinder.api.openstack.wsgi [req-43b14702-cc7c-4251-8634-c9657f1e490a 2a3970f80467479997e0604a620944cf 21be8d59152943df9257b90511ad7443 - default default] http://[LB_IP_ADDRESS]:8776/v3/21be8d59152943df9257b90511ad7443/qos-specs/2be0d468-ae35-4fc5-bff1-d16828dfb2b2/associations returned with HTTP 200
2022-01-27 08:11:46.282 20 INFO cinder.api.openstack.wsgi [req-531a9d75-a64f-4b2b-b849-28c07257b0cd 2a3970f80467479997e0604a620944cf 21be8d59152943df9257b90511ad7443 - default default] GET http://[LB_IP_ADDRESS]:8776/v3/21be8d59152943df9257b90511ad7443/qos-specs/2be0d468-ae35-4fc5-bff1-d16828dfb2b2/disassociate_all
2022-01-27 08:11:46.294 21 INFO cinder.api.openstack.wsgi [req-61c54e76-185e-4522-860a-0be6ce0bed5c e4439857b34c4279970d539b63e86b92 199273a1882342fc9ba36970e35f11fc - default default] POST http://[LB_IP_ADDRESS]:8776/v3/199273a1882342fc9ba36970e35f11fc/types
2022-01-27 08:11:46.299 20 INFO cinder.api.openstack.wsgi [req-531a9d75-a64f-4b2b-b849-28c07257b0cd 2a3970f80467479997e0604a620944cf 21be8d59152943df9257b90511ad7443 - default default] http://[LB_IP_ADDRESS]:8776/v3/21be8d59152943df9257b90511ad7443/qos-specs/2be0d468-ae35-4fc5-bff1-d16828dfb2b2/disassociate_all returned with HTTP 202
2022-01-27 08:11:46.303 22 INFO cinder.api.openstack.wsgi [req-1184a398-9fa9-42a8-a4c6-06e4ca5e2c9e 2a3970f80467479997e0604a620944cf 21be8d59152943df9257b90511ad7443 - default default] GET http://[LB_IP_ADDRESS]:8776/
2022-01-27 08:11:46.306 22 INFO cinder.api.openstack.wsgi [req-1184a398-9fa9-42a8-a4c6-06e4ca5e2c9e 2a3970f80467479997e0604a620944cf 21be8d59152943df9257b90511ad7443 - default default] http://[LB_IP_ADDRESS]:8776/ returned with HTTP 300
2022-01-27 08:11:46.313 23 INFO cinder.api.openstack.wsgi [req-7fc0d362-8e51-4131-b951-56e3e86b1c1e 2a3970f80467479997e0604a620944cf 21be8d59152943df9257b90511ad7443 - default default] GET http://[LB_IP_ADDRESS]:8776/v3/21be8d59152943df9257b90511ad7443/qos-specs/2be0d468-ae35-4fc5-bff1-d16828dfb2b2/associations
2022-01-27 08:11:46.327 21 INFO cinder.api.openstack.wsgi [req-61c54e76-185e-4522-860a-0be6ce0bed5c e4439857b34c4279970d539b63e86b92 199273a1882342fc9ba36970e35f11fc - default default] http://[LB_IP_ADDRESS]:8776/v3/199273a1882342fc9ba36970e35f11fc/types returned with HTTP 200
2022-01-27 08:11:46.330 23 INFO cinder.api.openstack.wsgi [req-7fc0d362-8e51-4131-b951-56e3e86b1c1e 2a3970f80467479997e0604a620944cf 21be8d59152943df9257b90511ad7443 - default default] http://[LB_IP_ADDRESS]:8776/v3/21be8d59152943df9257b90511ad7443/qos-specs/2be0d468-ae35-4fc5-bff1-d16828dfb2b2/associations returned with HTTP 200
2022-01-27 08:11:46.345 20 INFO cinder.api.openstack.wsgi [req-e9f87560-fb29-47fc-b4fc-8996baea7000 2a3970f80467479997e0604a620944cf 21be8d59152943df9257b90511ad7443 - default default] POST http://[LB_IP_ADDRESS]:8776/v3/21be8d59152943df9257b90511ad7443/qos-specs
2022-01-27 08:11:46.348 19 INFO cinder.api.openstack.wsgi [req-eefb0b4d-598a-4d8e-9075-0b2c3914224c e4439857b34c4279970d539b63e86b92 199273a1882342fc9ba36970e35f11fc - default default] POST http://[LB_IP_ADDRESS]:8776/v3/199273a1882342fc9ba36970e35f11fc/types/81fe648f-ca51-4218-9a92-c356765b21dc/extra_specs
2022-01-27 08:11:46.358 20 INFO cinder.api.openstack.wsgi [req-e9f87560-fb29-47fc-b4fc-8996baea7000 2a3970f80467479997e0604a620944cf 21be8d59152943df9257b90511ad7443 - default default] http://[LB_IP_ADDRESS]:8776/v3/21be8d59152943df9257b90511ad7443/qos-specs returned with HTTP 200
2022-01-27 08:11:46.374 22 INFO cinder.api.openstack.wsgi [req-b874d662-5266-48f5-89f7-b9291744abda 2a3970f80467479997e0604a620944cf 21be8d59152943df9257b90511ad7443 - default default] DELETE http://[LB_IP_ADDRESS]:8776/v3/21be8d59152943df9257b90511ad7443/qos-specs/ce98e197-4ab1-421b-a5a9-75cb2e54ce1e?force=False
2022-01-27 08:11:46.394 19 INFO cinder.api.openstack.wsgi [req-eefb0b4d-598a-4d8e-9075-0b2c3914224c e4439857b34c4279970d539b63e86b92 199273a1882342fc9ba36970e35f11fc - default default] http://[LB_IP_ADDRESS]:8776/v3/199273a1882342fc9ba36970e35f11fc/types/81fe648f-ca51-4218-9a92-c356765b21dc/extra_specs returned with HTTP 200
2022-01-27 08:11:46.396 21 INFO cinder.api.openstack.wsgi [req-b8a367e9-36a9-4e6a-8e2a-ff7122688fab ecd678f5ab7a421fb61362cfa0d9c03f 655007366545445c87fbb0d19cc87be4 - default default] GET http://[LB_IP_ADDRESS]:8776/v3/655007366545445c87fbb0d19cc87be4/volumes/07c7d257-76e2-4a20-9a9c-e22f2765281c
2022-01-27 08:11:46.398 22 INFO cinder.api.openstack.wsgi [req-b874d662-5266-48f5-89f7-b9291744abda 2a3970f80467479997e0604a620944cf 21be8d59152943df9257b90511ad7443 - default default] http://[LB_IP_ADDRESS]:8776/v3/21be8d59152943df9257b90511ad7443/qos-specs/ce98e197-4ab1-421b-a5a9-75cb2e54ce1e?force=False returned with HTTP 202
2022-01-27 08:11:46.408 23 INFO cinder.api.openstack.wsgi [req-fe4ef281-7ad7-470b-b29d-f2da5d15d5b5 e4439857b34c4279970d539b63e86b92 199273a1882342fc9ba36970e35f11fc - default default] GET http://[LB_IP_ADDRESS]:8776/v3/199273a1882342fc9ba36970e35f11fc/types/81fe648f-ca51-4218-9a92-c356765b21dc/extra_specs/spec3
2022-01-27 08:11:46.412 20 INFO cinder.api.openstack.wsgi [req-db9832c8-d2bb-45d1-869e-09bd4f11a83f 2a3970f80467479997e0604a620944cf 21be8d59152943df9257b90511ad7443 - default default] GET http://[LB_IP_ADDRESS]:8776/v3/21be8d59152943df9257b90511ad7443/qos-specs/ce98e197-4ab1-421b-a5a9-75cb2e54ce1e
2022-01-27 08:11:46.419 20 INFO cinder.api.openstack.wsgi [req-db9832c8-d2bb-45d1-869e-09bd4f11a83f 2a3970f80467479997e0604a620944cf 21be8d59152943df9257b90511ad7443 - default default] http://[LB_IP_ADDRESS]:8776/v3/21be8d59152943df9257b90511ad7443/qos-specs/ce98e197-4ab1-421b-a5a9-75cb2e54ce1e returned with HTTP 404
2022-01-27 08:11:46.420 23 INFO cinder.api.openstack.wsgi [req-fe4ef281-7ad7-470b-b29d-f2da5d15d5b5 e4439857b34c4279970d539b63e86b92 199273a1882342fc9ba36970e35f11fc - default default] http://[LB_IP_ADDRESS]:8776/v3/199273a1882342fc9ba36970e35f11fc/types/81fe648f-ca51-4218-9a92-c356765b21dc/extra_specs/spec3 returned with HTTP 200
2022-01-27 08:11:46.427 21 INFO cinder.volume.api [req-b8a367e9-36a9-4e6a-8e2a-ff7122688fab ecd678f5ab7a421fb61362cfa0d9c03f 655007366545445c87fbb0d19cc87be4 - default default] Volume info retrieved successfully.
2022-01-27 08:11:46.432 19 INFO cinder.api.openstack.wsgi [req-036b9d60-7c3f-4f7b-90e5-3cbc84478c38 2a3970f80467479997e0604a620944cf 21be8d59152943df9257b90511ad7443 - default default] GET http://[LB_IP_ADDRESS]:8776/v3/21be8d59152943df9257b90511ad7443/qos-specs
2022-01-27 08:11:46.436 22 INFO cinder.api.openstack.wsgi [req-a35fbc45-d01d-438b-bc39-46705c1ef856 e4439857b34c4279970d539b63e86b92 199273a1882342fc9ba36970e35f11fc - default default] DELETE http://[LB_IP_ADDRESS]:8776/v3/199273a1882342fc9ba36970e35f11fc/types/81fe648f-ca51-4218-9a92-c356765b21dc/extra_specs/spec3
2022-01-27 08:11:46.443 19 INFO cinder.api.openstack.wsgi [req-036b9d60-7c3f-4f7b-90e5-3cbc84478c38 2a3970f80467479997e0604a620944cf 21be8d59152943df9257b90511ad7443 - default default] http://[LB_IP_ADDRESS]:8776/v3/21be8d59152943df9257b90511ad7443/qos-specs returned with HTTP 200
2022-01-27 08:11:46.460 20 INFO cinder.api.openstack.wsgi [req-c7876ee1-6832-4e77-9522-b00cb0a10bee 2a3970f80467479997e0604a620944cf 21be8d59152943df9257b90511ad7443 - default default] POST http://[LB_IP_ADDRESS]:8776/v3/21be8d59152943df9257b90511ad7443/qos-specs
2022-01-27 08:11:46.467 21 INFO cinder.api.openstack.wsgi [req-b8a367e9-36a9-4e6a-8e2a-ff7122688fab ecd678f5ab7a421fb61362cfa0d9c03f 655007366545445c87fbb0d19cc87be4 - default default] http://[LB_IP_ADDRESS]:8776/v3/655007366545445c87fbb0d19cc87be4/volumes/07c7d257-76e2-4a20-9a9c-e22f2765281c returned with HTTP 200
2022-01-27 08:11:46.475 20 INFO cinder.api.openstack.wsgi [req-c7876ee1-6832-4e77-9522-b00cb0a10bee 2a3970f80467479997e0604a620944cf 21be8d59152943df9257b90511ad7443 - default default] http://[LB_IP_ADDRESS]:8776/v3/21be8d59152943df9257b90511ad7443/qos-specs returned with HTTP 200
2022-01-27 08:11:46.477 22 INFO cinder.api.openstack.wsgi [req-a35fbc45-d01d-438b-bc39-46705c1ef856 e4439857b34c4279970d539b63e86b92 199273a1882342fc9ba36970e35f11fc - default default] http://[LB_IP_ADDRESS]:8776/v3/199273a1882342fc9ba36970e35f11fc/types/81fe648f-ca51-4218-9a92-c356765b21dc/extra_specs/spec3 returned with HTTP 202
2022-01-27 08:11:46.490 23 INFO cinder.api.openstack.wsgi [req-97ff9d68-5f38-4ba8-88d5-cb57cdb0fc02 2a3970f80467479997e0604a620944cf 21be8d59152943df9257b90511ad7443 - default default] DELETE http://[LB_IP_ADDRESS]:8776/v3/21be8d59152943df9257b90511ad7443/qos-specs/bf2f4bd8-381c-4d3b-95f8-243077c150d6?force=False
2022-01-27 08:11:46.493 19 INFO cinder.api.openstack.wsgi [req-50387258-634b-432f-88bf-71d992dff0eb e4439857b34c4279970d539b63e86b92 199273a1882342fc9ba36970e35f11fc - default default] GET http://[LB_IP_ADDRESS]:8776/v3/199273a1882342fc9ba36970e35f11fc/types/81fe648f-ca51-4218-9a92-c356765b21dc/extra_specs/spec3
2022-01-27 08:11:46.505 19 INFO cinder.api.openstack.wsgi [req-50387258-634b-432f-88bf-71d992dff0eb e4439857b34c4279970d539b63e86b92 199273a1882342fc9ba36970e35f11fc - default default] http://[LB_IP_ADDRESS]:8776/v3/199273a1882342fc9ba36970e35f11fc/types/81fe648f-ca51-4218-9a92-c356765b21dc/extra_specs/spec3 returned with HTTP 404
2022-01-27 08:11:46.513 23 INFO cinder.api.openstack.wsgi [req-97ff9d68-5f38-4ba8-88d5-cb57cdb0fc02 2a3970f80467479997e0604a620944cf 21be8d59152943df9257b90511ad7443 - default default] http://[LB_IP_ADDRESS]:8776/v3/21be8d59152943df9257b90511ad7443/qos-specs/bf2f4bd8-381c-4d3b-95f8-243077c150d6?force=False returned with HTTP 202
2022-01-27 08:11:46.522 21 INFO cinder.api.openstack.wsgi [req-f7789a73-c0d5-4b53-a874-ff564dd6ea67 e4439857b34c4279970d539b63e86b92 199273a1882342fc9ba36970e35f11fc - default default] POST http://[LB_IP_ADDRESS]:8776/v3/199273a1882342fc9ba36970e35f11fc/types/81fe648f-ca51-4218-9a92-c356765b21dc/extra_specs
2022-01-27 08:11:46.527 20 INFO cinder.api.openstack.wsgi [req-d7c9166d-befd-4b91-b7f4-dcefa728f7cb 2a3970f80467479997e0604a620944cf 21be8d59152943df9257b90511ad7443 - default default] GET http://[LB_IP_ADDRESS]:8776/v3/21be8d59152943df9257b90511ad7443/qos-specs/bf2f4bd8-381c-4d3b-95f8-243077c150d6
2022-01-27 08:11:46.534 20 INFO cinder.api.openstack.wsgi [req-d7c9166d-befd-4b91-b7f4-dcefa728f7cb 2a3970f80467479997e0604a620944cf 21be8d59152943df9257b90511ad7443 - default default] http://[LB_IP_ADDRESS]:8776/v3/21be8d59152943df9257b90511ad7443/qos-specs/bf2f4bd8-381c-4d3b-95f8-243077c150d6 returned with HTTP 404
2022-01-27 08:11:46.548 22 INFO cinder.api.openstack.wsgi [req-c2b3d771-ebbf-4805-8e2e-95008416dac6 2a3970f80467479997e0604a620944cf 21be8d59152943df9257b90511ad7443 - default default] GET http://[LB_IP_ADDRESS]:8776/v3/21be8d59152943df9257b90511ad7443/qos-specs
2022-01-27 08:11:46.558 22 INFO cinder.api.openstack.wsgi [req-c2b3d771-ebbf-4805-8e2e-95008416dac6 2a3970f80467479997e0604a620944cf 21be8d59152943df9257b90511ad7443 - default default] http://[LB_IP_ADDRESS]:8776/v3/21be8d59152943df9257b90511ad7443/qos-specs returned with HTTP 200
2022-01-27 08:11:46.575 19 INFO cinder.api.openstack.wsgi [req-9bd43839-cc54-44c8-9175-14aeb47c01f4 2a3970f80467479997e0604a620944cf 21be8d59152943df9257b90511ad7443 - default default] POST http://[LB_IP_ADDRESS]:8776/v3/21be8d59152943df9257b90511ad7443/qos-specs
2022-01-27 08:11:46.577 21 INFO cinder.api.openstack.wsgi [req-f7789a73-c0d5-4b53-a874-ff564dd6ea67 e4439857b34c4279970d539b63e86b92 199273a1882342fc9ba36970e35f11fc - default default] http://[LB_IP_ADDRESS]:8776/v3/199273a1882342fc9ba36970e35f11fc/types/81fe648f-ca51-4218-9a92-c356765b21dc/extra_specs returned with HTTP 200
2022-01-27 08:11:46.589 19 INFO cinder.api.openstack.wsgi [req-9bd43839-cc54-44c8-9175-14aeb47c01f4 2a3970f80467479997e0604a620944cf 21be8d59152943df9257b90511ad7443 - default default] http://[LB_IP_ADDRESS]:8776/v3/21be8d59152943df9257b90511ad7443/qos-specs returned with HTTP 200
2022-01-27 08:11:46.592 23 INFO cinder.api.openstack.wsgi [req-d36f9024-4431-45dc-914b-ba95eb74b034 e4439857b34c4279970d539b63e86b92 199273a1882342fc9ba36970e35f11fc - default default] GET http://[LB_IP_ADDRESS]:8776/v3/199273a1882342fc9ba36970e35f11fc/types/81fe648f-ca51-4218-9a92-c356765b21dc/extra_specs
2022-01-27 08:11:46.603 23 INFO cinder.api.openstack.wsgi [req-d36f9024-4431-45dc-914b-ba95eb74b034 e4439857b34c4279970d539b63e86b92 199273a1882342fc9ba36970e35f11fc - default default] http://[LB_IP_ADDRESS]:8776/v3/199273a1882342fc9ba36970e35f11fc/types/81fe648f-ca51-4218-9a92-c356765b21dc/extra_specs returned with HTTP 200
2022-01-27 08:11:46.606 20 INFO cinder.api.openstack.wsgi [req-54da9656-17d3-4be2-a3f3-1faca297a696 2a3970f80467479997e0604a620944cf 21be8d59152943df9257b90511ad7443 - default default] DELETE http://[LB_IP_ADDRESS]:8776/v3/21be8d59152943df9257b90511ad7443/qos-specs/b696ad20-0d8e-4445-9ad0-9aa4838acfb8?force=False
2022-01-27 08:11:46.621 22 INFO cinder.api.openstack.wsgi [req-bd0a9b74-9b62-4d1e-a84e-a45368713b79 e4439857b34c4279970d539b63e86b92 199273a1882342fc9ba36970e35f11fc - default default] POST http://[LB_IP_ADDRESS]:8776/v3/199273a1882342fc9ba36970e35f11fc/types/81fe648f-ca51-4218-9a92-c356765b21dc/extra_specs
2022-01-27 08:11:46.631 20 INFO cinder.api.openstack.wsgi [req-54da9656-17d3-4be2-a3f3-1faca297a696 2a3970f80467479997e0604a620944cf 21be8d59152943df9257b90511ad7443 - default default] http://[LB_IP_ADDRESS]:8776/v3/21be8d59152943df9257b90511ad7443/qos-specs/b696ad20-0d8e-4445-9ad0-9aa4838acfb8?force=False returned with HTTP 202
2022-01-27 08:11:46.646 21 INFO cinder.api.openstack.wsgi [req-9031d5dd-4ff4-439f-9401-f3a0a71079f0 2a3970f80467479997e0604a620944cf 21be8d59152943df9257b90511ad7443 - default default] GET http://[LB_IP_ADDRESS]:8776/v3/21be8d59152943df9257b90511ad7443/qos-specs/b696ad20-0d8e-4445-9ad0-9aa4838acfb8
2022-01-27 08:11:46.653 21 INFO cinder.api.openstack.wsgi [req-9031d5dd-4ff4-439f-9401-f3a0a71079f0 2a3970f80467479997e0604a620944cf 21be8d59152943df9257b90511ad7443 - default default] http://[LB_IP_ADDRESS]:8776/v3/21be8d59152943df9257b90511ad7443/qos-specs/b696ad20-0d8e-4445-9ad0-9aa4838acfb8 returned with HTTP 404
2022-01-27 08:11:46.667 19 INFO cinder.api.openstack.wsgi [req-a1ccfbe2-db5b-4e78-b6ab-022b073543cb 2a3970f80467479997e0604a620944cf 21be8d59152943df9257b90511ad7443 - default default] GET http://[LB_IP_ADDRESS]:8776/v3/21be8d59152943df9257b90511ad7443/qos-specs
2022-01-27 08:11:46.667 22 INFO cinder.api.openstack.wsgi [req-bd0a9b74-9b62-4d1e-a84e-a45368713b79 e4439857b34c4279970d539b63e86b92 199273a1882342fc9ba36970e35f11fc - default default] http://[LB_IP_ADDRESS]:8776/v3/199273a1882342fc9ba36970e35f11fc/types/81fe648f-ca51-4218-9a92-c356765b21dc/extra_specs returned with HTTP 200
2022-01-27 08:11:46.677 19 INFO cinder.api.openstack.wsgi [req-a1ccfbe2-db5b-4e78-b6ab-022b073543cb 2a3970f80467479997e0604a620944cf 21be8d59152943df9257b90511ad7443 - default default] http://[LB_IP_ADDRESS]:8776/v3/21be8d59152943df9257b90511ad7443/qos-specs returned with HTTP 200
2022-01-27 08:11:46.684 23 INFO cinder.api.openstack.wsgi [req-78d85050-caff-4be1-b23b-f197197db073 e4439857b34c4279970d539b63e86b92 199273a1882342fc9ba36970e35f11fc - default default] PUT http://[LB_IP_ADDRESS]:8776/v3/199273a1882342fc9ba36970e35f11fc/types/81fe648f-ca51-4218-9a92-c356765b21dc/extra_specs/spec2
2022-01-27 08:11:46.694 20 INFO cinder.api.openstack.wsgi [req-0b03c4ae-a6cf-4a11-b13e-1bd1e5426d52 2a3970f80467479997e0604a620944cf 21be8d59152943df9257b90511ad7443 - default default] GET http://[LB_IP_ADDRESS]:8776/v3/21be8d59152943df9257b90511ad7443/qos-specs/2be0d468-ae35-4fc5-bff1-d16828dfb2b2
2022-01-27 08:11:46.702 20 INFO cinder.api.openstack.wsgi [req-0b03c4ae-a6cf-4a11-b13e-1bd1e5426d52 2a3970f80467479997e0604a620944cf 21be8d59152943df9257b90511ad7443 - default default] http://[LB_IP_ADDRESS]:8776/v3/21be8d59152943df9257b90511ad7443/qos-specs/2be0d468-ae35-4fc5-bff1-d16828dfb2b2 returned with HTTP 200
2022-01-27 08:11:46.720 21 INFO cinder.api.openstack.wsgi [req-fbe587ab-472c-4fe8-9ea0-13eda1d340d7 2a3970f80467479997e0604a620944cf 21be8d59152943df9257b90511ad7443 - default default] GET http://[LB_IP_ADDRESS]:8776/v3/21be8d59152943df9257b90511ad7443/qos-specs
2022-01-27 08:11:46.725 23 INFO cinder.api.openstack.wsgi [req-78d85050-caff-4be1-b23b-f197197db073 e4439857b34c4279970d539b63e86b92 199273a1882342fc9ba36970e35f11fc - default default] http://[LB_IP_ADDRESS]:8776/v3/199273a1882342fc9ba36970e35f11fc/types/81fe648f-ca51-4218-9a92-c356765b21dc/extra_specs/spec2 returned with HTTP 200
2022-01-27 08:11:46.731 21 INFO cinder.api.openstack.wsgi [req-fbe587ab-472c-4fe8-9ea0-13eda1d340d7 2a3970f80467479997e0604a620944cf 21be8d59152943df9257b90511ad7443 - default default] http://[LB_IP_ADDRESS]:8776/v3/21be8d59152943df9257b90511ad7443/qos-specs returned with HTTP 200
2022-01-27 08:11:46.742 22 INFO cinder.api.openstack.wsgi [req-4699fa4e-310c-4a20-8d89-7b6da1f776e9 e4439857b34c4279970d539b63e86b92 199273a1882342fc9ba36970e35f11fc - default default] GET http://[LB_IP_ADDRESS]:8776/v3/199273a1882342fc9ba36970e35f11fc/types/81fe648f-ca51-4218-9a92-c356765b21dc/extra_specs/spec2
2022-01-27 08:11:46.748 19 INFO cinder.api.openstack.wsgi [req-5223d5f3-1f2d-49be-8752-7bbd6b3a9d73 2a3970f80467479997e0604a620944cf 21be8d59152943df9257b90511ad7443 - default default] PUT http://[LB_IP_ADDRESS]:8776/v3/21be8d59152943df9257b90511ad7443/qos-specs/2be0d468-ae35-4fc5-bff1-d16828dfb2b2
2022-01-27 08:11:46.754 22 INFO cinder.api.openstack.wsgi [req-4699fa4e-310c-4a20-8d89-7b6da1f776e9 e4439857b34c4279970d539b63e86b92 199273a1882342fc9ba36970e35f11fc - default default] http://[LB_IP_ADDRESS]:8776/v3/199273a1882342fc9ba36970e35f11fc/types/81fe648f-ca51-4218-9a92-c356765b21dc/extra_specs/spec2 returned with HTTP 200
2022-01-27 08:11:46.768 19 INFO cinder.api.openstack.wsgi [req-5223d5f3-1f2d-49be-8752-7bbd6b3a9d73 2a3970f80467479997e0604a620944cf 21be8d59152943df9257b90511ad7443 - default default] http://[LB_IP_ADDRESS]:8776/v3/21be8d59152943df9257b90511ad7443/qos-specs/2be0d468-ae35-4fc5-bff1-d16828dfb2b2 returned with HTTP 200
2022-01-27 08:11:46.771 20 INFO cinder.api.openstack.wsgi [req-e59c77d0-f1f4-47c8-9fdd-d5335d754b09 e4439857b34c4279970d539b63e86b92 199273a1882342fc9ba36970e35f11fc - default default] POST http://[LB_IP_ADDRESS]:8776/v3/199273a1882342fc9ba36970e35f11fc/types/81fe648f-ca51-4218-9a92-c356765b21dc/extra_specs
2022-01-27 08:11:46.783 23 INFO cinder.api.openstack.wsgi [req-abfb3015-88ca-4a3c-81eb-1ee19759014b 2a3970f80467479997e0604a620944cf 21be8d59152943df9257b90511ad7443 - default default] GET http://[LB_IP_ADDRESS]:8776/v3/21be8d59152943df9257b90511ad7443/qos-specs/2be0d468-ae35-4fc5-bff1-d16828dfb2b2
2022-01-27 08:11:46.791 23 INFO cinder.api.openstack.wsgi [req-abfb3015-88ca-4a3c-81eb-1ee19759014b 2a3970f80467479997e0604a620944cf 21be8d59152943df9257b90511ad7443 - default default] http://[LB_IP_ADDRESS]:8776/v3/21be8d59152943df9257b90511ad7443/qos-specs/2be0d468-ae35-4fc5-bff1-d16828dfb2b2 returned with HTTP 200
2022-01-27 08:11:46.808 21 INFO cinder.api.openstack.wsgi [req-9ef5e425-0be6-4aa6-b36c-61611ec592ee 2a3970f80467479997e0604a620944cf 21be8d59152943df9257b90511ad7443 - default default] PUT http://[LB_IP_ADDRESS]:8776/v3/21be8d59152943df9257b90511ad7443/qos-specs/2be0d468-ae35-4fc5-bff1-d16828dfb2b2/delete_keys
2022-01-27 08:11:46.822 20 INFO cinder.api.openstack.wsgi [req-e59c77d0-f1f4-47c8-9fdd-d5335d754b09 e4439857b34c4279970d539b63e86b92 199273a1882342fc9ba36970e35f11fc - default default] http://[LB_IP_ADDRESS]:8776/v3/199273a1882342fc9ba36970e35f11fc/types/81fe648f-ca51-4218-9a92-c356765b21dc/extra_specs returned with HTTP 200
2022-01-27 08:11:46.830 21 INFO cinder.api.openstack.wsgi [req-9ef5e425-0be6-4aa6-b36c-61611ec592ee 2a3970f80467479997e0604a620944cf 21be8d59152943df9257b90511ad7443 - default default] http://[LB_IP_ADDRESS]:8776/v3/21be8d59152943df9257b90511ad7443/qos-specs/2be0d468-ae35-4fc5-bff1-d16828dfb2b2/delete_keys returned with HTTP 202
2022-01-27 08:11:46.838 22 INFO cinder.api.openstack.wsgi [req-5db70e01-b834-4acd-860a-4527f6b5f191 e4439857b34c4279970d539b63e86b92 199273a1882342fc9ba36970e35f11fc - default default] GET http://[LB_IP_ADDRESS]:8776/v3/199273a1882342fc9ba36970e35f11fc/types/81fe648f-ca51-4218-9a92-c356765b21dc/extra_specs
2022-01-27 08:11:46.845 19 INFO cinder.api.openstack.wsgi [req-dbf2a133-0fce-44f5-a10c-c2af01043cdc 2a3970f80467479997e0604a620944cf 21be8d59152943df9257b90511ad7443 - default default] GET http://[LB_IP_ADDRESS]:8776/v3/21be8d59152943df9257b90511ad7443/qos-specs/2be0d468-ae35-4fc5-bff1-d16828dfb2b2
2022-01-27 08:11:46.849 22 INFO cinder.api.openstack.wsgi [req-5db70e01-b834-4acd-860a-4527f6b5f191 e4439857b34c4279970d539b63e86b92 199273a1882342fc9ba36970e35f11fc - default default] http://[LB_IP_ADDRESS]:8776/v3/199273a1882342fc9ba36970e35f11fc/types/81fe648f-ca51-4218-9a92-c356765b21dc/extra_specs returned with HTTP 200
2022-01-27 08:11:46.853 19 INFO cinder.api.openstack.wsgi [req-dbf2a133-0fce-44f5-a10c-c2af01043cdc 2a3970f80467479997e0604a620944cf 21be8d59152943df9257b90511ad7443 - default default] http://[LB_IP_ADDRESS]:8776/v3/21be8d59152943df9257b90511ad7443/qos-specs/2be0d468-ae35-4fc5-bff1-d16828dfb2b2 returned with HTTP 200
2022-01-27 08:11:46.862 23 INFO cinder.api.openstack.wsgi [req-9eb94b86-7c22-462e-a948-7ff5f4399c72 e4439857b34c4279970d539b63e86b92 199273a1882342fc9ba36970e35f11fc - default default] DELETE http://[LB_IP_ADDRESS]:8776/v3/199273a1882342fc9ba36970e35f11fc/types/81fe648f-ca51-4218-9a92-c356765b21dc
2022-01-27 08:11:46.870 20 INFO cinder.api.openstack.wsgi [req-c09cdce7-c9b4-49e1-9188-1e122f554418 2a3970f80467479997e0604a620944cf 21be8d59152943df9257b90511ad7443 - default default] GET http://[LB_IP_ADDRESS]:8776/v3/21be8d59152943df9257b90511ad7443/qos-specs/2be0d468-ae35-4fc5-bff1-d16828dfb2b2
2022-01-27 08:11:46.876 20 INFO cinder.api.openstack.wsgi [req-c09cdce7-c9b4-49e1-9188-1e122f554418 2a3970f80467479997e0604a620944cf 21be8d59152943df9257b90511ad7443 - default default] http://[LB_IP_ADDRESS]:8776/v3/21be8d59152943df9257b90511ad7443/qos-specs/2be0d468-ae35-4fc5-bff1-d16828dfb2b2 returned with HTTP 200
2022-01-27 08:11:46.894 21 INFO cinder.api.openstack.wsgi [req-6a8fa199-3512-455d-ac49-fe0dd5668349 2a3970f80467479997e0604a620944cf 21be8d59152943df9257b90511ad7443 - default default] DELETE http://[LB_IP_ADDRESS]:8776/v3/21be8d59152943df9257b90511ad7443/qos-specs/b696ad20-0d8e-4445-9ad0-9aa4838acfb8?force=False
2022-01-27 08:11:46.902 21 INFO cinder.api.openstack.wsgi [req-6a8fa199-3512-455d-ac49-fe0dd5668349 2a3970f80467479997e0604a620944cf 21be8d59152943df9257b90511ad7443 - default default] http://[LB_IP_ADDRESS]:8776/v3/21be8d59152943df9257b90511ad7443/qos-specs/b696ad20-0d8e-4445-9ad0-9aa4838acfb8?force=False returned with HTTP 404
2022-01-27 08:11:46.916 22 INFO cinder.api.openstack.wsgi [req-7aa7cc86-7ec3-49f0-bc3b-d602acfd2854 2a3970f80467479997e0604a620944cf 21be8d59152943df9257b90511ad7443 - default default] GET http://[LB_IP_ADDRESS]:8776/v3/21be8d59152943df9257b90511ad7443/qos-specs/b696ad20-0d8e-4445-9ad0-9aa4838acfb8
2022-01-27 08:11:46.923 22 INFO cinder.api.openstack.wsgi [req-7aa7cc86-7ec3-49f0-bc3b-d602acfd2854 2a3970f80467479997e0604a620944cf 21be8d59152943df9257b90511ad7443 - default default] http://[LB_IP_ADDRESS]:8776/v3/21be8d59152943df9257b90511ad7443/qos-specs/b696ad20-0d8e-4445-9ad0-9aa4838acfb8 returned with HTTP 404
2022-01-27 08:11:46.937 19 INFO cinder.api.openstack.wsgi [req-8ac3d8bb-4f90-4bec-b294-2cc899bde08b 2a3970f80467479997e0604a620944cf 21be8d59152943df9257b90511ad7443 - default default] DELETE http://[LB_IP_ADDRESS]:8776/v3/21be8d59152943df9257b90511ad7443/qos-specs/bf2f4bd8-381c-4d3b-95f8-243077c150d6?force=False
2022-01-27 08:11:46.944 19 INFO cinder.api.openstack.wsgi [req-8ac3d8bb-4f90-4bec-b294-2cc899bde08b 2a3970f80467479997e0604a620944cf 21be8d59152943df9257b90511ad7443 - default default] http://[LB_IP_ADDRESS]:8776/v3/21be8d59152943df9257b90511ad7443/qos-specs/bf2f4bd8-381c-4d3b-95f8-243077c150d6?force=False returned with HTTP 404
2022-01-27 08:11:46.947 23 INFO cinder.api.openstack.wsgi [req-9eb94b86-7c22-462e-a948-7ff5f4399c72 e4439857b34c4279970d539b63e86b92 199273a1882342fc9ba36970e35f11fc - default default] http://[LB_IP_ADDRESS]:8776/v3/199273a1882342fc9ba36970e35f11fc/types/81fe648f-ca51-4218-9a92-c356765b21dc returned with HTTP 202
2022-01-27 08:11:46.958 21 INFO cinder.api.openstack.wsgi [req-a42bd1b8-e943-48aa-9c3c-e53b01db6713 e4439857b34c4279970d539b63e86b92 199273a1882342fc9ba36970e35f11fc - default default] GET http://[LB_IP_ADDRESS]:8776/v3/199273a1882342fc9ba36970e35f11fc/types/81fe648f-ca51-4218-9a92-c356765b21dc
2022-01-27 08:11:46.959 20 INFO cinder.api.openstack.wsgi [req-a64dc5d7-d81f-465a-9a53-fdb009141e88 2a3970f80467479997e0604a620944cf 21be8d59152943df9257b90511ad7443 - default default] GET http://[LB_IP_ADDRESS]:8776/v3/21be8d59152943df9257b90511ad7443/qos-specs/bf2f4bd8-381c-4d3b-95f8-243077c150d6
2022-01-27 08:11:46.966 20 INFO cinder.api.openstack.wsgi [req-a64dc5d7-d81f-465a-9a53-fdb009141e88 2a3970f80467479997e0604a620944cf 21be8d59152943df9257b90511ad7443 - default default] http://[LB_IP_ADDRESS]:8776/v3/21be8d59152943df9257b90511ad7443/qos-specs/bf2f4bd8-381c-4d3b-95f8-243077c150d6 returned with HTTP 404
2022-01-27 08:11:46.967 21 INFO cinder.api.openstack.wsgi [req-a42bd1b8-e943-48aa-9c3c-e53b01db6713 e4439857b34c4279970d539b63e86b92 199273a1882342fc9ba36970e35f11fc - default default] http://[LB_IP_ADDRESS]:8776/v3/199273a1882342fc9ba36970e35f11fc/types/81fe648f-ca51-4218-9a92-c356765b21dc returned with HTTP 404
2022-01-27 08:11:46.990 22 INFO cinder.api.openstack.wsgi [req-84546d7b-d996-46f2-a4f1-782fdac3f74a 2a3970f80467479997e0604a620944cf 21be8d59152943df9257b90511ad7443 - default default] DELETE http://[LB_IP_ADDRESS]:8776/v3/21be8d59152943df9257b90511ad7443/qos-specs/ce98e197-4ab1-421b-a5a9-75cb2e54ce1e?force=False
2022-01-27 08:11:47.002 22 INFO cinder.api.openstack.wsgi [req-84546d7b-d996-46f2-a4f1-782fdac3f74a 2a3970f80467479997e0604a620944cf 21be8d59152943df9257b90511ad7443 - default default] http://[LB_IP_ADDRESS]:8776/v3/21be8d59152943df9257b90511ad7443/qos-specs/ce98e197-4ab1-421b-a5a9-75cb2e54ce1e?force=False returned with HTTP 404
2022-01-27 08:11:47.017 19 INFO cinder.api.openstack.wsgi [req-111fd5df-43eb-4ff1-b712-6de3fa771581 2a3970f80467479997e0604a620944cf 21be8d59152943df9257b90511ad7443 - default default] GET http://[LB_IP_ADDRESS]:8776/v3/21be8d59152943df9257b90511ad7443/qos-specs/ce98e197-4ab1-421b-a5a9-75cb2e54ce1e
2022-01-27 08:11:47.024 19 INFO cinder.api.openstack.wsgi [req-111fd5df-43eb-4ff1-b712-6de3fa771581 2a3970f80467479997e0604a620944cf 21be8d59152943df9257b90511ad7443 - default default] http://[LB_IP_ADDRESS]:8776/v3/21be8d59152943df9257b90511ad7443/qos-specs/ce98e197-4ab1-421b-a5a9-75cb2e54ce1e returned with HTTP 404
2022-01-27 08:11:47.039 23 INFO cinder.api.openstack.wsgi [req-365f83d9-b423-4a05-abd2-0e71dc159a1a 2a3970f80467479997e0604a620944cf 21be8d59152943df9257b90511ad7443 - default default] DELETE http://[LB_IP_ADDRESS]:8776/v3/21be8d59152943df9257b90511ad7443/types/8f0ab982-4f71-4dc1-bfd2-8f3c8fbd04f8
2022-01-27 08:11:47.106 23 INFO cinder.api.openstack.wsgi [req-365f83d9-b423-4a05-abd2-0e71dc159a1a 2a3970f80467479997e0604a620944cf 21be8d59152943df9257b90511ad7443 - default default] http://[LB_IP_ADDRESS]:8776/v3/21be8d59152943df9257b90511ad7443/types/8f0ab982-4f71-4dc1-bfd2-8f3c8fbd04f8 returned with HTTP 202
2022-01-27 08:11:47.117 20 INFO cinder.api.openstack.wsgi [req-b060ed2b-0341-471b-a40f-351db2722f57 2a3970f80467479997e0604a620944cf 21be8d59152943df9257b90511ad7443 - default default] GET http://[LB_IP_ADDRESS]:8776/v3/21be8d59152943df9257b90511ad7443/types/8f0ab982-4f71-4dc1-bfd2-8f3c8fbd04f8
2022-01-27 08:11:47.124 20 INFO cinder.api.openstack.wsgi [req-b060ed2b-0341-471b-a40f-351db2722f57 2a3970f80467479997e0604a620944cf 21be8d59152943df9257b90511ad7443 - default default] http://[LB_IP_ADDRESS]:8776/v3/21be8d59152943df9257b90511ad7443/types/8f0ab982-4f71-4dc1-bfd2-8f3c8fbd04f8 returned with HTTP 404
2022-01-27 08:11:47.136 21 INFO cinder.api.openstack.wsgi [req-9266bb0c-bf0d-4d2a-bbbf-24b3fcb4184a 2a3970f80467479997e0604a620944cf 21be8d59152943df9257b90511ad7443 - default default] DELETE http://[LB_IP_ADDRESS]:8776/v3/21be8d59152943df9257b90511ad7443/types/d2890e9f-f96b-44ff-a33c-37f4e3c0ce88
2022-01-27 08:11:47.206 21 INFO cinder.api.openstack.wsgi [req-9266bb0c-bf0d-4d2a-bbbf-24b3fcb4184a 2a3970f80467479997e0604a620944cf 21be8d59152943df9257b90511ad7443 - default default] http://[LB_IP_ADDRESS]:8776/v3/21be8d59152943df9257b90511ad7443/types/d2890e9f-f96b-44ff-a33c-37f4e3c0ce88 returned with HTTP 202
2022-01-27 08:11:47.218 22 INFO cinder.api.openstack.wsgi [req-04f4dada-98cb-4a48-9f31-217d3352c42a 2a3970f80467479997e0604a620944cf 21be8d59152943df9257b90511ad7443 - default default] GET http://[LB_IP_ADDRESS]:8776/v3/21be8d59152943df9257b90511ad7443/types/d2890e9f-f96b-44ff-a33c-37f4e3c0ce88
2022-01-27 08:11:47.225 22 INFO cinder.api.openstack.wsgi [req-04f4dada-98cb-4a48-9f31-217d3352c42a 2a3970f80467479997e0604a620944cf 21be8d59152943df9257b90511ad7443 - default default] http://[LB_IP_ADDRESS]:8776/v3/21be8d59152943df9257b90511ad7443/types/d2890e9f-f96b-44ff-a33c-37f4e3c0ce88 returned with HTTP 404
2022-01-27 08:11:47.236 19 INFO cinder.api.openstack.wsgi [req-871a57f4-9878-4cfa-bf2b-761db3d28612 2a3970f80467479997e0604a620944cf 21be8d59152943df9257b90511ad7443 - default default] DELETE http://[LB_IP_ADDRESS]:8776/v3/21be8d59152943df9257b90511ad7443/types/1e12b59c-7d4b-46a0-bf96-35d4b4fef155
2022-01-27 08:11:47.309 19 INFO cinder.api.openstack.wsgi [req-871a57f4-9878-4cfa-bf2b-761db3d28612 2a3970f80467479997e0604a620944cf 21be8d59152943df9257b90511ad7443 - default default] http://[LB_IP_ADDRESS]:8776/v3/21be8d59152943df9257b90511ad7443/types/1e12b59c-7d4b-46a0-bf96-35d4b4fef155 returned with HTTP 202
2022-01-27 08:11:47.319 23 INFO cinder.api.openstack.wsgi [req-9c289ec1-eafa-4f1e-a8da-167df4317c9e 2a3970f80467479997e0604a620944cf 21be8d59152943df9257b90511ad7443 - default default] GET http://[LB_IP_ADDRESS]:8776/v3/21be8d59152943df9257b90511ad7443/types/1e12b59c-7d4b-46a0-bf96-35d4b4fef155
2022-01-27 08:11:47.325 23 INFO cinder.api.openstack.wsgi [req-9c289ec1-eafa-4f1e-a8da-167df4317c9e 2a3970f80467479997e0604a620944cf 21be8d59152943df9257b90511ad7443 - default default] http://[LB_IP_ADDRESS]:8776/v3/21be8d59152943df9257b90511ad7443/types/1e12b59c-7d4b-46a0-bf96-35d4b4fef155 returned with HTTP 404
2022-01-27 08:11:47.340 20 INFO cinder.api.openstack.wsgi [req-fc10ee73-d125-43be-9514-0208b4bb95ea 2a3970f80467479997e0604a620944cf 21be8d59152943df9257b90511ad7443 - default default] DELETE http://[LB_IP_ADDRESS]:8776/v3/21be8d59152943df9257b90511ad7443/qos-specs/2be0d468-ae35-4fc5-bff1-d16828dfb2b2?force=False
2022-01-27 08:11:47.365 20 INFO cinder.api.openstack.wsgi [req-fc10ee73-d125-43be-9514-0208b4bb95ea 2a3970f80467479997e0604a620944cf 21be8d59152943df9257b90511ad7443 - default default] http://[LB_IP_ADDRESS]:8776/v3/21be8d59152943df9257b90511ad7443/qos-specs/2be0d468-ae35-4fc5-bff1-d16828dfb2b2?force=False returned with HTTP 202
2022-01-27 08:11:47.379 21 INFO cinder.api.openstack.wsgi [req-b269c355-3bf3-4b45-a096-fc344e657397 2a3970f80467479997e0604a620944cf 21be8d59152943df9257b90511ad7443 - default default] GET http://[LB_IP_ADDRESS]:8776/v3/21be8d59152943df9257b90511ad7443/qos-specs/2be0d468-ae35-4fc5-bff1-d16828dfb2b2
2022-01-27 08:11:47.387 21 INFO cinder.api.openstack.wsgi [req-b269c355-3bf3-4b45-a096-fc344e657397 2a3970f80467479997e0604a620944cf 21be8d59152943df9257b90511ad7443 - default default] http://[LB_IP_ADDRESS]:8776/v3/21be8d59152943df9257b90511ad7443/qos-specs/2be0d468-ae35-4fc5-bff1-d16828dfb2b2 returned with HTTP 404
2022-01-27 08:11:47.489 22 INFO cinder.api.openstack.wsgi [req-b3926620-1836-45b7-8727-2ab71c405fd3 ecd678f5ab7a421fb61362cfa0d9c03f 655007366545445c87fbb0d19cc87be4 - default default] GET http://[LB_IP_ADDRESS]:8776/v3/655007366545445c87fbb0d19cc87be4/volumes/07c7d257-76e2-4a20-9a9c-e22f2765281c
2022-01-27 08:11:47.515 22 INFO cinder.volume.api [req-b3926620-1836-45b7-8727-2ab71c405fd3 ecd678f5ab7a421fb61362cfa0d9c03f 655007366545445c87fbb0d19cc87be4 - default default] Volume info retrieved successfully.
2022-01-27 08:11:47.551 22 INFO cinder.api.openstack.wsgi [req-b3926620-1836-45b7-8727-2ab71c405fd3 ecd678f5ab7a421fb61362cfa0d9c03f 655007366545445c87fbb0d19cc87be4 - default default] http://[LB_IP_ADDRESS]:8776/v3/655007366545445c87fbb0d19cc87be4/volumes/07c7d257-76e2-4a20-9a9c-e22f2765281c returned with HTTP 200
2022-01-27 08:11:47.572 19 INFO cinder.api.openstack.wsgi [req-6010e27f-f3ed-4d63-a27f-1502f6e2c4d3 ecd678f5ab7a421fb61362cfa0d9c03f 655007366545445c87fbb0d19cc87be4 - default default] POST http://[LB_IP_ADDRESS]:8776/v3/655007366545445c87fbb0d19cc87be4/group_snapshots
2022-01-27 08:11:47.585 19 INFO cinder.api.v3.group_snapshots [req-6010e27f-f3ed-4d63-a27f-1502f6e2c4d3 ecd678f5ab7a421fb61362cfa0d9c03f 655007366545445c87fbb0d19cc87be4 - default default] Creating group_snapshot tempest-group_snapshot-1377673106.
2022-01-27 08:11:47.657 19 WARNING cinder.quota [req-6010e27f-f3ed-4d63-a27f-1502f6e2c4d3 ecd678f5ab7a421fb61362cfa0d9c03f 655007366545445c87fbb0d19cc87be4 - default default] Deprecated: Default quota for resource: gigabytes_tempest-GroupSnapshotsTest-volume-type-881478991 is set by the default quota flag: quota_gigabytes_tempest-GroupSnapshotsTest-volume-type-881478991, it is now deprecated. Please use the default quota class for default quota.
2022-01-27 08:11:47.658 19 WARNING cinder.quota [req-6010e27f-f3ed-4d63-a27f-1502f6e2c4d3 ecd678f5ab7a421fb61362cfa0d9c03f 655007366545445c87fbb0d19cc87be4 - default default] Deprecated: Default quota for resource: snapshots_tempest-GroupSnapshotsTest-volume-type-881478991 is set by the default quota flag: quota_snapshots_tempest-GroupSnapshotsTest-volume-type-881478991, it is now deprecated. Please use the default quota class for default quota.
2022-01-27 08:11:47.729 19 INFO cinder.api.openstack.wsgi [req-6010e27f-f3ed-4d63-a27f-1502f6e2c4d3 ecd678f5ab7a421fb61362cfa0d9c03f 655007366545445c87fbb0d19cc87be4 - default default] http://[LB_IP_ADDRESS]:8776/v3/655007366545445c87fbb0d19cc87be4/group_snapshots returned with HTTP 202
2022-01-27 08:11:47.741 23 INFO cinder.api.openstack.wsgi [req-8df4e3aa-9332-47c9-be57-b3872957ac1d ecd678f5ab7a421fb61362cfa0d9c03f 655007366545445c87fbb0d19cc87be4 - default default] GET http://[LB_IP_ADDRESS]:8776/v3/655007366545445c87fbb0d19cc87be4/group_snapshots/ce17c68e-f45e-4658-9058-4f323e16e927
2022-01-27 08:11:47.754 23 INFO cinder.api.openstack.wsgi [req-8df4e3aa-9332-47c9-be57-b3872957ac1d ecd678f5ab7a421fb61362cfa0d9c03f 655007366545445c87fbb0d19cc87be4 - default default] http://[LB_IP_ADDRESS]:8776/v3/655007366545445c87fbb0d19cc87be4/group_snapshots/ce17c68e-f45e-4658-9058-4f323e16e927 returned with HTTP 200
2022-01-27 08:11:48.768 20 INFO cinder.api.openstack.wsgi [req-117e12a2-419e-4889-a94c-0811c4e64df0 ecd678f5ab7a421fb61362cfa0d9c03f 655007366545445c87fbb0d19cc87be4 - default default] GET http://[LB_IP_ADDRESS]:8776/v3/655007366545445c87fbb0d19cc87be4/group_snapshots/ce17c68e-f45e-4658-9058-4f323e16e927
2022-01-27 08:11:48.781 20 INFO cinder.api.openstack.wsgi [req-117e12a2-419e-4889-a94c-0811c4e64df0 ecd678f5ab7a421fb61362cfa0d9c03f 655007366545445c87fbb0d19cc87be4 - default default] http://[LB_IP_ADDRESS]:8776/v3/655007366545445c87fbb0d19cc87be4/group_snapshots/ce17c68e-f45e-4658-9058-4f323e16e927 returned with HTTP 200
2022-01-27 08:11:49.796 21 INFO cinder.api.openstack.wsgi [req-acfb10b1-a56a-497a-b4eb-07fb3d4adffa ecd678f5ab7a421fb61362cfa0d9c03f 655007366545445c87fbb0d19cc87be4 - default default] GET http://[LB_IP_ADDRESS]:8776/v3/655007366545445c87fbb0d19cc87be4/group_snapshots/ce17c68e-f45e-4658-9058-4f323e16e927
2022-01-27 08:11:49.809 21 INFO cinder.api.openstack.wsgi [req-acfb10b1-a56a-497a-b4eb-07fb3d4adffa ecd678f5ab7a421fb61362cfa0d9c03f 655007366545445c87fbb0d19cc87be4 - default default] http://[LB_IP_ADDRESS]:8776/v3/655007366545445c87fbb0d19cc87be4/group_snapshots/ce17c68e-f45e-4658-9058-4f323e16e927 returned with HTTP 200
2022-01-27 08:11:49.823 22 INFO cinder.api.openstack.wsgi [req-ac4747ab-2d63-4c87-bf5d-adfed0d153fa ecd678f5ab7a421fb61362cfa0d9c03f 655007366545445c87fbb0d19cc87be4 - default default] GET http://[LB_IP_ADDRESS]:8776/v3/655007366545445c87fbb0d19cc87be4/snapshots/detail
2022-01-27 08:11:49.834 22 INFO cinder.volume.api [req-ac4747ab-2d63-4c87-bf5d-adfed0d153fa ecd678f5ab7a421fb61362cfa0d9c03f 655007366545445c87fbb0d19cc87be4 - default default] Get all snapshots completed successfully.
2022-01-27 08:11:49.836 22 INFO cinder.api.openstack.wsgi [req-ac4747ab-2d63-4c87-bf5d-adfed0d153fa ecd678f5ab7a421fb61362cfa0d9c03f 655007366545445c87fbb0d19cc87be4 - default default] http://[LB_IP_ADDRESS]:8776/v3/655007366545445c87fbb0d19cc87be4/snapshots/detail returned with HTTP 200
2022-01-27 08:11:49.852 19 INFO cinder.api.openstack.wsgi [req-33b507d7-bba1-4ebd-b68d-0974252e60dd ecd678f5ab7a421fb61362cfa0d9c03f 655007366545445c87fbb0d19cc87be4 - default default] GET http://[LB_IP_ADDRESS]:8776/v3/655007366545445c87fbb0d19cc87be4/snapshots/ea24bcc2-4658-41d1-b09c-23d627a80cc6
2022-01-27 08:11:49.863 19 INFO cinder.volume.api [req-33b507d7-bba1-4ebd-b68d-0974252e60dd ecd678f5ab7a421fb61362cfa0d9c03f 655007366545445c87fbb0d19cc87be4 - default default] Snapshot retrieved successfully.
2022-01-27 08:11:49.865 19 INFO cinder.api.openstack.wsgi [req-33b507d7-bba1-4ebd-b68d-0974252e60dd ecd678f5ab7a421fb61362cfa0d9c03f 655007366545445c87fbb0d19cc87be4 - default default] http://[LB_IP_ADDRESS]:8776/v3/655007366545445c87fbb0d19cc87be4/snapshots/ea24bcc2-4658-41d1-b09c-23d627a80cc6 returned with HTTP 200
2022-01-27 08:11:49.879 23 INFO cinder.api.openstack.wsgi [req-a7e2bf60-62c0-4954-bac1-11c0899060e6 ecd678f5ab7a421fb61362cfa0d9c03f 655007366545445c87fbb0d19cc87be4 - default default] POST http://[LB_IP_ADDRESS]:8776/v3/655007366545445c87fbb0d19cc87be4/groups/action
2022-01-27 08:11:49.882 23 INFO cinder.api.v3.groups [req-a7e2bf60-62c0-4954-bac1-11c0899060e6 ecd678f5ab7a421fb61362cfa0d9c03f 655007366545445c87fbb0d19cc87be4 - default default] Creating group tempest-Group_from_snap-1951504532 from group_snapshot ce17c68e-f45e-4658-9058-4f323e16e927.
2022-01-27 08:11:50.043 23 INFO cinder.group.api [req-a7e2bf60-62c0-4954-bac1-11c0899060e6 ecd678f5ab7a421fb61362cfa0d9c03f 655007366545445c87fbb0d19cc87be4 - default default] A mapping entry already exists for group e49face6-7058-4e10-8d4e-10491c837d19 and volume type 20fd5be3-d8a8-4927-a471-c59bfe068d0a. Do not need to create again.
2022-01-27 08:11:50.045 23 INFO cinder.volume.api [req-a7e2bf60-62c0-4954-bac1-11c0899060e6 ecd678f5ab7a421fb61362cfa0d9c03f 655007366545445c87fbb0d19cc87be4 - default default] Availability Zones retrieved successfully.
2022-01-27 08:11:50.175 23 WARNING cinder.quota [req-a7e2bf60-62c0-4954-bac1-11c0899060e6 ecd678f5ab7a421fb61362cfa0d9c03f 655007366545445c87fbb0d19cc87be4 - default default] Deprecated: Default quota for resource: volumes_tempest-GroupSnapshotsTest-volume-type-881478991 is set by the default quota flag: quota_volumes_tempest-GroupSnapshotsTest-volume-type-881478991, it is now deprecated. Please use the default quota class for default quota.
2022-01-27 08:11:50.246 23 INFO cinder.volume.api [req-a7e2bf60-62c0-4954-bac1-11c0899060e6 ecd678f5ab7a421fb61362cfa0d9c03f 655007366545445c87fbb0d19cc87be4 - default default] Create volume request issued successfully.
2022-01-27 08:11:50.266 23 INFO cinder.api.openstack.wsgi [req-a7e2bf60-62c0-4954-bac1-11c0899060e6 ecd678f5ab7a421fb61362cfa0d9c03f 655007366545445c87fbb0d19cc87be4 - default default] http://[LB_IP_ADDRESS]:8776/v3/655007366545445c87fbb0d19cc87be4/groups/action returned with HTTP 202
2022-01-27 08:11:50.279 20 INFO cinder.api.openstack.wsgi [req-d4496337-aed4-43c0-baa0-c5dd800967a1 ecd678f5ab7a421fb61362cfa0d9c03f 655007366545445c87fbb0d19cc87be4 - default default] GET http://[LB_IP_ADDRESS]:8776/v3/655007366545445c87fbb0d19cc87be4/volumes/detail
2022-01-27 08:11:50.307 20 INFO cinder.volume.api [req-d4496337-aed4-43c0-baa0-c5dd800967a1 ecd678f5ab7a421fb61362cfa0d9c03f 655007366545445c87fbb0d19cc87be4 - default default] Get all volumes completed successfully.
2022-01-27 08:11:50.345 20 INFO cinder.api.openstack.wsgi [req-d4496337-aed4-43c0-baa0-c5dd800967a1 ecd678f5ab7a421fb61362cfa0d9c03f 655007366545445c87fbb0d19cc87be4 - default default] http://[LB_IP_ADDRESS]:8776/v3/655007366545445c87fbb0d19cc87be4/volumes/detail returned with HTTP 200
2022-01-27 08:11:50.366 21 INFO cinder.api.openstack.wsgi [req-d84deabc-bd08-441c-a6b9-df49bab6d438 ecd678f5ab7a421fb61362cfa0d9c03f 655007366545445c87fbb0d19cc87be4 - default default] GET http://[LB_IP_ADDRESS]:8776/v3/655007366545445c87fbb0d19cc87be4/volumes/d0db73a4-cd0f-427a-8792-68fc327cc290
2022-01-27 08:11:50.390 21 INFO cinder.volume.api [req-d84deabc-bd08-441c-a6b9-df49bab6d438 ecd678f5ab7a421fb61362cfa0d9c03f 655007366545445c87fbb0d19cc87be4 - default default] Volume info retrieved successfully.
2022-01-27 08:11:50.421 21 INFO cinder.api.openstack.wsgi [req-d84deabc-bd08-441c-a6b9-df49bab6d438 ecd678f5ab7a421fb61362cfa0d9c03f 655007366545445c87fbb0d19cc87be4 - default default] http://[LB_IP_ADDRESS]:8776/v3/655007366545445c87fbb0d19cc87be4/volumes/d0db73a4-cd0f-427a-8792-68fc327cc290 returned with HTTP 200
2022-01-27 08:11:51.290 22 INFO cinder.api.openstack.wsgi [req-a2b5f855-ae4e-498f-80f0-71fd38ebd600 e6c630cf4c5544fb8feb6f5c32b32516 55ff92b87013424781c722ac93c85b70 - default default] POST http://[LB_IP_ADDRESS]:8776/v3/55ff92b87013424781c722ac93c85b70/types
2022-01-27 08:11:51.317 22 INFO cinder.api.openstack.wsgi [req-a2b5f855-ae4e-498f-80f0-71fd38ebd600 e6c630cf4c5544fb8feb6f5c32b32516 55ff92b87013424781c722ac93c85b70 - default default] http://[LB_IP_ADDRESS]:8776/v3/55ff92b87013424781c722ac93c85b70/types returned with HTTP 200
2022-01-27 08:11:51.337 19 INFO cinder.api.openstack.wsgi [req-259c672a-7451-4cfe-b7f8-e6bf50519833 e6c630cf4c5544fb8feb6f5c32b32516 55ff92b87013424781c722ac93c85b70 - default default] POST http://[LB_IP_ADDRESS]:8776/v3/55ff92b87013424781c722ac93c85b70/types/2d928387-60a9-46fa-a7f5-c1615067b176/extra_specs
2022-01-27 08:11:51.338 19 INFO cinder.api.openstack.wsgi [req-259c672a-7451-4cfe-b7f8-e6bf50519833 e6c630cf4c5544fb8feb6f5c32b32516 55ff92b87013424781c722ac93c85b70 - default default] http://[LB_IP_ADDRESS]:8776/v3/55ff92b87013424781c722ac93c85b70/types/2d928387-60a9-46fa-a7f5-c1615067b176/extra_specs returned with HTTP 400
2022-01-27 08:11:51.357 23 INFO cinder.api.openstack.wsgi [req-a41f44a1-122d-4c95-9e92-cfe34c617e67 e6c630cf4c5544fb8feb6f5c32b32516 55ff92b87013424781c722ac93c85b70 - default default] POST http://[LB_IP_ADDRESS]:8776/v3/55ff92b87013424781c722ac93c85b70/types/2d928387-60a9-46fa-a7f5-c1615067b176/extra_specs
