2023-05-31 13:04:06.550 21 INFO cinder.api.openstack.wsgi [None req-c36f2e92-e3a1-4c71-9832-3931f02cd138 2aec2b231a6248ac9aad41b3ee3fceef 544cc1cc841a48488096f811257d2297 - - default default] DELETE http://[LB_IP_ADDRESS]:8776/v3/544cc1cc841a48488096f811257d2297/volumes/180edd0f-3a40-433f-ad01-786dabd37b4b
2023-05-31 13:04:06.551 21 INFO cinder.api.v3.volumes [None req-c36f2e92-e3a1-4c71-9832-3931f02cd138 2aec2b231a6248ac9aad41b3ee3fceef 544cc1cc841a48488096f811257d2297 - - default default] Delete volume with id: 180edd0f-3a40-433f-ad01-786dabd37b4b 
2023-05-31 13:04:06.560 18 INFO cinder.api.openstack.wsgi [None req-20fd0196-082a-4ca6-b797-4d7839b85fd8 5c62744391db4be494f71ab85d352aea 5e47605170ea4ecc906964307306edd3 - - default default] GET http://[LB_IP_ADDRESS]:8776/v3/5e47605170ea4ecc906964307306edd3/volumes/detail
2023-05-31 13:04:06.562 21 INFO cinder.api.openstack.wsgi [None req-c36f2e92-e3a1-4c71-9832-3931f02cd138 2aec2b231a6248ac9aad41b3ee3fceef 544cc1cc841a48488096f811257d2297 - - default default] http://[LB_IP_ADDRESS]:8776/v3/544cc1cc841a48488096f811257d2297/volumes/180edd0f-3a40-433f-ad01-786dabd37b4b returned with HTTP 404
2023-05-31 13:04:06.571 22 INFO cinder.api.openstack.wsgi [None req-9954517e-33a8-47b1-9c00-18e24cffb0a8 623a4fc1d03247c79bebba663d07e3d3 ed58f0e276914131aa07d4be478dd8b1 - - default default] DELETE http://[LB_IP_ADDRESS]:8776/v3/ed58f0e276914131aa07d4be478dd8b1/types/fbd8afa4-a106-42ee-947d-53b0b5d79f6c
2023-05-31 13:04:06.573 18 INFO cinder.volume.api [None req-20fd0196-082a-4ca6-b797-4d7839b85fd8 5c62744391db4be494f71ab85d352aea 5e47605170ea4ecc906964307306edd3 - - default default] Get all volumes completed successfully.
2023-05-31 13:04:06.577 18 INFO cinder.api.openstack.wsgi [None req-20fd0196-082a-4ca6-b797-4d7839b85fd8 5c62744391db4be494f71ab85d352aea 5e47605170ea4ecc906964307306edd3 - - default default] http://[LB_IP_ADDRESS]:8776/v3/5e47605170ea4ecc906964307306edd3/volumes/detail returned with HTTP 200
2023-05-31 13:04:06.595 19 INFO cinder.api.openstack.wsgi [None req-a4844a93-eda3-41a5-bef2-30238db2441c 5c62744391db4be494f71ab85d352aea 5e47605170ea4ecc906964307306edd3 - - default default] POST http://[LB_IP_ADDRESS]:8776/v3/5e47605170ea4ecc906964307306edd3/groups/1f1de07c-8748-475a-9138-733815dff80d/action
2023-05-31 13:04:06.598 19 INFO cinder.api.v3.groups [None req-a4844a93-eda3-41a5-bef2-30238db2441c 5c62744391db4be494f71ab85d352aea 5e47605170ea4ecc906964307306edd3 - - default default] Delete group with id: 1f1de07c-8748-475a-9138-733815dff80d
2023-05-31 13:04:06.603 19 INFO cinder.api.openstack.wsgi [None req-a4844a93-eda3-41a5-bef2-30238db2441c 5c62744391db4be494f71ab85d352aea 5e47605170ea4ecc906964307306edd3 - - default default] http://[LB_IP_ADDRESS]:8776/v3/5e47605170ea4ecc906964307306edd3/groups/1f1de07c-8748-475a-9138-733815dff80d/action returned with HTTP 404
2023-05-31 13:04:06.609 22 INFO cinder.api.openstack.wsgi [None req-9954517e-33a8-47b1-9c00-18e24cffb0a8 623a4fc1d03247c79bebba663d07e3d3 ed58f0e276914131aa07d4be478dd8b1 - - default default] http://[LB_IP_ADDRESS]:8776/v3/ed58f0e276914131aa07d4be478dd8b1/types/fbd8afa4-a106-42ee-947d-53b0b5d79f6c returned with HTTP 202
2023-05-31 13:04:06.614 20 INFO cinder.api.openstack.wsgi [None req-6d4d2f51-8bb5-4f16-b226-269fdb5cced6 5c62744391db4be494f71ab85d352aea 5e47605170ea4ecc906964307306edd3 - - default default] GET http://[LB_IP_ADDRESS]:8776/v3/5e47605170ea4ecc906964307306edd3/volumes/detail
2023-05-31 13:04:06.618 21 INFO cinder.api.openstack.wsgi [None req-57021391-a525-4312-8374-6fdc62f864f4 623a4fc1d03247c79bebba663d07e3d3 ed58f0e276914131aa07d4be478dd8b1 - - default default] GET http://[LB_IP_ADDRESS]:8776/v3/ed58f0e276914131aa07d4be478dd8b1/types/fbd8afa4-a106-42ee-947d-53b0b5d79f6c
2023-05-31 13:04:06.624 21 INFO cinder.api.openstack.wsgi [None req-57021391-a525-4312-8374-6fdc62f864f4 623a4fc1d03247c79bebba663d07e3d3 ed58f0e276914131aa07d4be478dd8b1 - - default default] http://[LB_IP_ADDRESS]:8776/v3/ed58f0e276914131aa07d4be478dd8b1/types/fbd8afa4-a106-42ee-947d-53b0b5d79f6c returned with HTTP 404
2023-05-31 13:04:06.628 20 INFO cinder.volume.api [None req-6d4d2f51-8bb5-4f16-b226-269fdb5cced6 5c62744391db4be494f71ab85d352aea 5e47605170ea4ecc906964307306edd3 - - default default] Get all volumes completed successfully.
2023-05-31 13:04:06.632 20 INFO cinder.api.openstack.wsgi [None req-6d4d2f51-8bb5-4f16-b226-269fdb5cced6 5c62744391db4be494f71ab85d352aea 5e47605170ea4ecc906964307306edd3 - - default default] http://[LB_IP_ADDRESS]:8776/v3/5e47605170ea4ecc906964307306edd3/volumes/detail returned with HTTP 200
2023-05-31 13:04:06.633 18 INFO cinder.api.openstack.wsgi [None req-75a46cfa-4d28-4c88-8a2c-4c95e91e8bc7 2aec2b231a6248ac9aad41b3ee3fceef 544cc1cc841a48488096f811257d2297 - - default default] DELETE http://[LB_IP_ADDRESS]:8776/v3/544cc1cc841a48488096f811257d2297/volumes/96106e1c-a579-4055-8f9d-87b40286dcf8
2023-05-31 13:04:06.634 18 INFO cinder.api.v3.volumes [None req-75a46cfa-4d28-4c88-8a2c-4c95e91e8bc7 2aec2b231a6248ac9aad41b3ee3fceef 544cc1cc841a48488096f811257d2297 - - default default] Delete volume with id: 96106e1c-a579-4055-8f9d-87b40286dcf8 
2023-05-31 13:04:06.645 18 INFO cinder.api.openstack.wsgi [None req-75a46cfa-4d28-4c88-8a2c-4c95e91e8bc7 2aec2b231a6248ac9aad41b3ee3fceef 544cc1cc841a48488096f811257d2297 - - default default] http://[LB_IP_ADDRESS]:8776/v3/544cc1cc841a48488096f811257d2297/volumes/96106e1c-a579-4055-8f9d-87b40286dcf8 returned with HTTP 404
2023-05-31 13:04:06.650 19 INFO cinder.api.openstack.wsgi [None req-98282c4a-7eae-47e1-9092-7edeb4d64776 5c62744391db4be494f71ab85d352aea 5e47605170ea4ecc906964307306edd3 - - default default] POST http://[LB_IP_ADDRESS]:8776/v3/5e47605170ea4ecc906964307306edd3/groups/e3bc6d68-7093-421f-88d4-23296d5db8c6/action
2023-05-31 13:04:06.652 19 INFO cinder.api.v3.groups [None req-98282c4a-7eae-47e1-9092-7edeb4d64776 5c62744391db4be494f71ab85d352aea 5e47605170ea4ecc906964307306edd3 - - default default] Delete group with id: e3bc6d68-7093-421f-88d4-23296d5db8c6
2023-05-31 13:04:06.654 22 INFO cinder.api.openstack.wsgi [None req-cc81f1c3-40a0-4071-9716-4dfb4e7e748b 2aec2b231a6248ac9aad41b3ee3fceef 544cc1cc841a48488096f811257d2297 - - default default] DELETE http://[LB_IP_ADDRESS]:8776/v3/544cc1cc841a48488096f811257d2297/volumes/a5f8f327-4303-4262-a29e-de5394d6aa63
2023-05-31 13:04:06.655 22 INFO cinder.api.v3.volumes [None req-cc81f1c3-40a0-4071-9716-4dfb4e7e748b 2aec2b231a6248ac9aad41b3ee3fceef 544cc1cc841a48488096f811257d2297 - - default default] Delete volume with id: a5f8f327-4303-4262-a29e-de5394d6aa63 
2023-05-31 13:04:06.657 19 INFO cinder.api.openstack.wsgi [None req-98282c4a-7eae-47e1-9092-7edeb4d64776 5c62744391db4be494f71ab85d352aea 5e47605170ea4ecc906964307306edd3 - - default default] http://[LB_IP_ADDRESS]:8776/v3/5e47605170ea4ecc906964307306edd3/groups/e3bc6d68-7093-421f-88d4-23296d5db8c6/action returned with HTTP 404
2023-05-31 13:04:06.666 22 INFO cinder.api.openstack.wsgi [None req-cc81f1c3-40a0-4071-9716-4dfb4e7e748b 2aec2b231a6248ac9aad41b3ee3fceef 544cc1cc841a48488096f811257d2297 - - default default] http://[LB_IP_ADDRESS]:8776/v3/544cc1cc841a48488096f811257d2297/volumes/a5f8f327-4303-4262-a29e-de5394d6aa63 returned with HTTP 404
2023-05-31 13:04:06.666 21 INFO cinder.api.openstack.wsgi [None req-0c4149d8-dc05-4ff1-a3b7-09d7aa1eff03 f60672b4956a41b3a537de5399a4d472 d58bd88d038849678f9cc907d0c0126b - - default default] DELETE http://[LB_IP_ADDRESS]:8776/v3/d58bd88d038849678f9cc907d0c0126b/group_types/bfb375cc-30b5-4e72-8df9-a2666ac75b78
2023-05-31 13:04:06.675 20 INFO cinder.api.openstack.wsgi [None req-9193ea2e-cd87-40f6-a7e2-8eca13d8ba76 623a4fc1d03247c79bebba663d07e3d3 ed58f0e276914131aa07d4be478dd8b1 - - default default] DELETE http://[LB_IP_ADDRESS]:8776/v3/ed58f0e276914131aa07d4be478dd8b1/types/42bd45a8-0733-4e9f-8450-e8afbf1f0c9c
2023-05-31 13:04:06.683 21 INFO cinder.api.openstack.wsgi [None req-0c4149d8-dc05-4ff1-a3b7-09d7aa1eff03 f60672b4956a41b3a537de5399a4d472 d58bd88d038849678f9cc907d0c0126b - - default default] http://[LB_IP_ADDRESS]:8776/v3/d58bd88d038849678f9cc907d0c0126b/group_types/bfb375cc-30b5-4e72-8df9-a2666ac75b78 returned with HTTP 202
2023-05-31 13:04:06.694 18 INFO cinder.api.openstack.wsgi [None req-666e4866-aa64-4a96-89c6-aaf235d089a0 f60672b4956a41b3a537de5399a4d472 d58bd88d038849678f9cc907d0c0126b - - default default] POST http://[LB_IP_ADDRESS]:8776/v3/d58bd88d038849678f9cc907d0c0126b/types
2023-05-31 13:04:06.714 20 INFO cinder.api.openstack.wsgi [None req-9193ea2e-cd87-40f6-a7e2-8eca13d8ba76 623a4fc1d03247c79bebba663d07e3d3 ed58f0e276914131aa07d4be478dd8b1 - - default default] http://[LB_IP_ADDRESS]:8776/v3/ed58f0e276914131aa07d4be478dd8b1/types/42bd45a8-0733-4e9f-8450-e8afbf1f0c9c returned with HTTP 202
2023-05-31 13:04:06.715 18 INFO cinder.api.openstack.wsgi [None req-666e4866-aa64-4a96-89c6-aaf235d089a0 f60672b4956a41b3a537de5399a4d472 d58bd88d038849678f9cc907d0c0126b - - default default] http://[LB_IP_ADDRESS]:8776/v3/d58bd88d038849678f9cc907d0c0126b/types returned with HTTP 200
2023-05-31 13:04:06.724 19 INFO cinder.api.openstack.wsgi [None req-af628701-4223-4365-aaba-6fc1b219533d 623a4fc1d03247c79bebba663d07e3d3 ed58f0e276914131aa07d4be478dd8b1 - - default default] GET http://[LB_IP_ADDRESS]:8776/v3/ed58f0e276914131aa07d4be478dd8b1/types/42bd45a8-0733-4e9f-8450-e8afbf1f0c9c
2023-05-31 13:04:06.726 22 INFO cinder.api.openstack.wsgi [None req-cdb9f6f0-f371-4558-bbd1-4e583f62f80a f60672b4956a41b3a537de5399a4d472 d58bd88d038849678f9cc907d0c0126b - - default default] POST http://[LB_IP_ADDRESS]:8776/v3/d58bd88d038849678f9cc907d0c0126b/group_types
2023-05-31 13:04:06.731 19 INFO cinder.api.openstack.wsgi [None req-af628701-4223-4365-aaba-6fc1b219533d 623a4fc1d03247c79bebba663d07e3d3 ed58f0e276914131aa07d4be478dd8b1 - - default default] http://[LB_IP_ADDRESS]:8776/v3/ed58f0e276914131aa07d4be478dd8b1/types/42bd45a8-0733-4e9f-8450-e8afbf1f0c9c returned with HTTP 404
2023-05-31 13:04:06.740 21 INFO cinder.api.openstack.wsgi [None req-bebd4e99-7a33-486a-80b9-5802920aa643 2aec2b231a6248ac9aad41b3ee3fceef 544cc1cc841a48488096f811257d2297 - - default default] DELETE http://[LB_IP_ADDRESS]:8776/v3/544cc1cc841a48488096f811257d2297/volumes/804c25c1-a056-4826-b4de-69f66424baea
2023-05-31 13:04:06.741 21 INFO cinder.api.v3.volumes [None req-bebd4e99-7a33-486a-80b9-5802920aa643 2aec2b231a6248ac9aad41b3ee3fceef 544cc1cc841a48488096f811257d2297 - - default default] Delete volume with id: 804c25c1-a056-4826-b4de-69f66424baea 
2023-05-31 13:04:06.745 22 INFO cinder.api.openstack.wsgi [None req-cdb9f6f0-f371-4558-bbd1-4e583f62f80a f60672b4956a41b3a537de5399a4d472 d58bd88d038849678f9cc907d0c0126b - - default default] http://[LB_IP_ADDRESS]:8776/v3/d58bd88d038849678f9cc907d0c0126b/group_types returned with HTTP 202
2023-05-31 13:04:06.752 21 INFO cinder.api.openstack.wsgi [None req-bebd4e99-7a33-486a-80b9-5802920aa643 2aec2b231a6248ac9aad41b3ee3fceef 544cc1cc841a48488096f811257d2297 - - default default] http://[LB_IP_ADDRESS]:8776/v3/544cc1cc841a48488096f811257d2297/volumes/804c25c1-a056-4826-b4de-69f66424baea returned with HTTP 404
2023-05-31 13:04:06.756 20 INFO cinder.api.openstack.wsgi [None req-f133d26c-16f4-4796-917f-8ddb0b655d95 5c62744391db4be494f71ab85d352aea 5e47605170ea4ecc906964307306edd3 - - default default] POST http://[LB_IP_ADDRESS]:8776/v3/5e47605170ea4ecc906964307306edd3/groups
2023-05-31 13:04:06.761 18 INFO cinder.api.openstack.wsgi [None req-ac54ae6c-c46e-405b-bf28-19e6e0932f4c 623a4fc1d03247c79bebba663d07e3d3 ed58f0e276914131aa07d4be478dd8b1 - - default default] DELETE http://[LB_IP_ADDRESS]:8776/v3/ed58f0e276914131aa07d4be478dd8b1/types/a952284e-c8aa-4dc0-a755-0a011a416ee8
2023-05-31 13:04:06.768 20 INFO cinder.api.v3.groups [None req-f133d26c-16f4-4796-917f-8ddb0b655d95 5c62744391db4be494f71ab85d352aea 5e47605170ea4ecc906964307306edd3 - - default default] Creating group tempest-GroupsTest-Group-915851493.
2023-05-31 13:04:06.778 20 INFO cinder.volume.api [None req-f133d26c-16f4-4796-917f-8ddb0b655d95 5c62744391db4be494f71ab85d352aea 5e47605170ea4ecc906964307306edd3 - - default default] Availability Zones retrieved successfully.
2023-05-31 13:04:06.798 18 INFO cinder.api.openstack.wsgi [None req-ac54ae6c-c46e-405b-bf28-19e6e0932f4c 623a4fc1d03247c79bebba663d07e3d3 ed58f0e276914131aa07d4be478dd8b1 - - default default] http://[LB_IP_ADDRESS]:8776/v3/ed58f0e276914131aa07d4be478dd8b1/types/a952284e-c8aa-4dc0-a755-0a011a416ee8 returned with HTTP 202
2023-05-31 13:04:06.808 19 INFO cinder.api.openstack.wsgi [None req-1efa09f3-445e-423b-899b-5e053a710375 623a4fc1d03247c79bebba663d07e3d3 ed58f0e276914131aa07d4be478dd8b1 - - default default] GET http://[LB_IP_ADDRESS]:8776/v3/ed58f0e276914131aa07d4be478dd8b1/types/a952284e-c8aa-4dc0-a755-0a011a416ee8
2023-05-31 13:04:06.813 19 INFO cinder.api.openstack.wsgi [None req-1efa09f3-445e-423b-899b-5e053a710375 623a4fc1d03247c79bebba663d07e3d3 ed58f0e276914131aa07d4be478dd8b1 - - default default] http://[LB_IP_ADDRESS]:8776/v3/ed58f0e276914131aa07d4be478dd8b1/types/a952284e-c8aa-4dc0-a755-0a011a416ee8 returned with HTTP 404
2023-05-31 13:04:06.845 20 INFO cinder.api.openstack.wsgi [None req-f133d26c-16f4-4796-917f-8ddb0b655d95 5c62744391db4be494f71ab85d352aea 5e47605170ea4ecc906964307306edd3 - - default default] http://[LB_IP_ADDRESS]:8776/v3/5e47605170ea4ecc906964307306edd3/groups returned with HTTP 202
2023-05-31 13:04:06.857 22 INFO cinder.api.openstack.wsgi [None req-0fa50633-1fc8-4210-a74e-39fdf31aabd8 5c62744391db4be494f71ab85d352aea 5e47605170ea4ecc906964307306edd3 - - default default] GET http://[LB_IP_ADDRESS]:8776/v3/5e47605170ea4ecc906964307306edd3/groups/c3ddcf92-960c-4b26-a76a-65c7737a2a07
2023-05-31 13:04:06.876 22 INFO cinder.api.openstack.wsgi [None req-0fa50633-1fc8-4210-a74e-39fdf31aabd8 5c62744391db4be494f71ab85d352aea 5e47605170ea4ecc906964307306edd3 - - default default] http://[LB_IP_ADDRESS]:8776/v3/5e47605170ea4ecc906964307306edd3/groups/c3ddcf92-960c-4b26-a76a-65c7737a2a07 returned with HTTP 200
2023-05-31 13:04:07.890 21 INFO cinder.api.openstack.wsgi [None req-6f402760-8c2c-483c-ae3e-0405622c4ce2 5c62744391db4be494f71ab85d352aea 5e47605170ea4ecc906964307306edd3 - - default default] GET http://[LB_IP_ADDRESS]:8776/v3/5e47605170ea4ecc906964307306edd3/groups/c3ddcf92-960c-4b26-a76a-65c7737a2a07
2023-05-31 13:04:07.910 21 INFO cinder.api.openstack.wsgi [None req-6f402760-8c2c-483c-ae3e-0405622c4ce2 5c62744391db4be494f71ab85d352aea 5e47605170ea4ecc906964307306edd3 - - default default] http://[LB_IP_ADDRESS]:8776/v3/5e47605170ea4ecc906964307306edd3/groups/c3ddcf92-960c-4b26-a76a-65c7737a2a07 returned with HTTP 200
2023-05-31 13:04:07.924 18 INFO cinder.api.openstack.wsgi [None req-217541c4-e1a1-44cc-bc76-5ef278cd1cd7 5c62744391db4be494f71ab85d352aea 5e47605170ea4ecc906964307306edd3 - - default default] POST http://[LB_IP_ADDRESS]:8776/v3/5e47605170ea4ecc906964307306edd3/volumes
2023-05-31 13:04:07.937 18 INFO cinder.api.v3.volumes [None req-217541c4-e1a1-44cc-bc76-5ef278cd1cd7 5c62744391db4be494f71ab85d352aea 5e47605170ea4ecc906964307306edd3 - - default default] Create volume of 1 GB
2023-05-31 13:04:07.945 18 INFO cinder.volume.api [None req-217541c4-e1a1-44cc-bc76-5ef278cd1cd7 5c62744391db4be494f71ab85d352aea 5e47605170ea4ecc906964307306edd3 - - default default] Availability Zones retrieved successfully.
2023-05-31 13:04:08.047 18 WARNING cinder.quota [None req-217541c4-e1a1-44cc-bc76-5ef278cd1cd7 5c62744391db4be494f71ab85d352aea 5e47605170ea4ecc906964307306edd3 - - default default] Deprecated: Default quota for resource: volumes_tempest-GroupsTest-volume-type-53417544 is set by the default quota flag: quota_volumes_tempest-GroupsTest-volume-type-53417544, it is now deprecated. Please use the default quota class for default quota.
2023-05-31 13:04:08.048 18 WARNING cinder.quota [None req-217541c4-e1a1-44cc-bc76-5ef278cd1cd7 5c62744391db4be494f71ab85d352aea 5e47605170ea4ecc906964307306edd3 - - default default] Deprecated: Default quota for resource: gigabytes_tempest-GroupsTest-volume-type-53417544 is set by the default quota flag: quota_gigabytes_tempest-GroupsTest-volume-type-53417544, it is now deprecated. Please use the default quota class for default quota.
2023-05-31 13:04:08.137 18 INFO cinder.volume.api [None req-217541c4-e1a1-44cc-bc76-5ef278cd1cd7 5c62744391db4be494f71ab85d352aea 5e47605170ea4ecc906964307306edd3 - - default default] Create volume request issued successfully.
2023-05-31 13:04:08.154 18 INFO cinder.api.openstack.wsgi [None req-217541c4-e1a1-44cc-bc76-5ef278cd1cd7 5c62744391db4be494f71ab85d352aea 5e47605170ea4ecc906964307306edd3 - - default default] http://[LB_IP_ADDRESS]:8776/v3/5e47605170ea4ecc906964307306edd3/volumes returned with HTTP 202
2023-05-31 13:04:08.172 19 INFO cinder.api.openstack.wsgi [None req-26c58ee5-80ad-437c-bbde-d30e50c66f5c 5c62744391db4be494f71ab85d352aea 5e47605170ea4ecc906964307306edd3 - - default default] GET http://[LB_IP_ADDRESS]:8776/v3/5e47605170ea4ecc906964307306edd3/volumes/ddda7cea-a2b0-4401-bcfb-c4865d8c5b9d
2023-05-31 13:04:08.192 19 INFO cinder.volume.api [None req-26c58ee5-80ad-437c-bbde-d30e50c66f5c 5c62744391db4be494f71ab85d352aea 5e47605170ea4ecc906964307306edd3 - - default default] Volume info retrieved successfully.
2023-05-31 13:04:08.214 19 INFO cinder.api.openstack.wsgi [None req-26c58ee5-80ad-437c-bbde-d30e50c66f5c 5c62744391db4be494f71ab85d352aea 5e47605170ea4ecc906964307306edd3 - - default default] http://[LB_IP_ADDRESS]:8776/v3/5e47605170ea4ecc906964307306edd3/volumes/ddda7cea-a2b0-4401-bcfb-c4865d8c5b9d returned with HTTP 200
2023-05-31 13:04:09.233 20 INFO cinder.api.openstack.wsgi [None req-9f246a09-63d3-4ccb-a2cc-8e48a2e1925f 5c62744391db4be494f71ab85d352aea 5e47605170ea4ecc906964307306edd3 - - default default] GET http://[LB_IP_ADDRESS]:8776/v3/5e47605170ea4ecc906964307306edd3/volumes/ddda7cea-a2b0-4401-bcfb-c4865d8c5b9d
2023-05-31 13:04:09.253 20 INFO cinder.volume.api [None req-9f246a09-63d3-4ccb-a2cc-8e48a2e1925f 5c62744391db4be494f71ab85d352aea 5e47605170ea4ecc906964307306edd3 - - default default] Volume info retrieved successfully.
2023-05-31 13:04:09.276 20 INFO cinder.api.openstack.wsgi [None req-9f246a09-63d3-4ccb-a2cc-8e48a2e1925f 5c62744391db4be494f71ab85d352aea 5e47605170ea4ecc906964307306edd3 - - default default] http://[LB_IP_ADDRESS]:8776/v3/5e47605170ea4ecc906964307306edd3/volumes/ddda7cea-a2b0-4401-bcfb-c4865d8c5b9d returned with HTTP 200
2023-05-31 13:04:09.595 22 INFO cinder.api.openstack.wsgi [None req-72d2cf0d-0c8b-4a41-91c0-132dfd01e933 adc87e09c73a401c881fd59cce0bd90e b7464c4761aa4a36870d8bc23b359868 - - default default] POST http://[LB_IP_ADDRESS]:8776/v3/b7464c4761aa4a36870d8bc23b359868/types
2023-05-31 13:04:09.618 22 INFO cinder.api.openstack.wsgi [None req-72d2cf0d-0c8b-4a41-91c0-132dfd01e933 adc87e09c73a401c881fd59cce0bd90e b7464c4761aa4a36870d8bc23b359868 - - default default] http://[LB_IP_ADDRESS]:8776/v3/b7464c4761aa4a36870d8bc23b359868/types returned with HTTP 200
2023-05-31 13:04:09.631 21 INFO cinder.api.openstack.wsgi [None req-4626950a-cd35-41d3-9596-32091c1226d9 adc87e09c73a401c881fd59cce0bd90e b7464c4761aa4a36870d8bc23b359868 - - default default] GET http://[LB_IP_ADDRESS]:8776/v3/b7464c4761aa4a36870d8bc23b359868/types/3afba044-4e50-4fb1-aabf-d25b043b8957
2023-05-31 13:04:09.641 21 INFO cinder.api.openstack.wsgi [None req-4626950a-cd35-41d3-9596-32091c1226d9 adc87e09c73a401c881fd59cce0bd90e b7464c4761aa4a36870d8bc23b359868 - - default default] http://[LB_IP_ADDRESS]:8776/v3/b7464c4761aa4a36870d8bc23b359868/types/3afba044-4e50-4fb1-aabf-d25b043b8957 returned with HTTP 200
2023-05-31 13:04:09.655 18 INFO cinder.api.openstack.wsgi [None req-b675e6a4-ae73-4a2d-adc8-5941e004719a adc87e09c73a401c881fd59cce0bd90e b7464c4761aa4a36870d8bc23b359868 - - default default] POST http://[LB_IP_ADDRESS]:8776/v3/b7464c4761aa4a36870d8bc23b359868/types
2023-05-31 13:04:09.676 18 INFO cinder.api.openstack.wsgi [None req-b675e6a4-ae73-4a2d-adc8-5941e004719a adc87e09c73a401c881fd59cce0bd90e b7464c4761aa4a36870d8bc23b359868 - - default default] http://[LB_IP_ADDRESS]:8776/v3/b7464c4761aa4a36870d8bc23b359868/types returned with HTTP 200
2023-05-31 13:04:09.690 19 INFO cinder.api.openstack.wsgi [None req-e20eef5e-493e-463b-b3b2-b88ad435f5ec adc87e09c73a401c881fd59cce0bd90e b7464c4761aa4a36870d8bc23b359868 - - default default] POST http://[LB_IP_ADDRESS]:8776/v3/b7464c4761aa4a36870d8bc23b359868/types/d38a5cd9-338a-42ea-8e6b-0c95318cbc82/encryption
2023-05-31 13:04:09.715 19 INFO cinder.api.openstack.wsgi [None req-e20eef5e-493e-463b-b3b2-b88ad435f5ec adc87e09c73a401c881fd59cce0bd90e b7464c4761aa4a36870d8bc23b359868 - - default default] http://[LB_IP_ADDRESS]:8776/v3/b7464c4761aa4a36870d8bc23b359868/types/d38a5cd9-338a-42ea-8e6b-0c95318cbc82/encryption returned with HTTP 200
2023-05-31 13:04:09.729 20 INFO cinder.api.openstack.wsgi [None req-8d6b20a5-33b7-45eb-9768-5e9680299548 adc87e09c73a401c881fd59cce0bd90e b7464c4761aa4a36870d8bc23b359868 - - default default] GET http://[LB_IP_ADDRESS]:8776/v3/b7464c4761aa4a36870d8bc23b359868/types/d38a5cd9-338a-42ea-8e6b-0c95318cbc82/encryption
2023-05-31 13:04:09.739 20 INFO cinder.api.openstack.wsgi [None req-8d6b20a5-33b7-45eb-9768-5e9680299548 adc87e09c73a401c881fd59cce0bd90e b7464c4761aa4a36870d8bc23b359868 - - default default] http://[LB_IP_ADDRESS]:8776/v3/b7464c4761aa4a36870d8bc23b359868/types/d38a5cd9-338a-42ea-8e6b-0c95318cbc82/encryption returned with HTTP 200
2023-05-31 13:04:09.754 22 INFO cinder.api.openstack.wsgi [None req-89f757f5-2f10-48b8-9526-5d6c206f6e44 adc87e09c73a401c881fd59cce0bd90e b7464c4761aa4a36870d8bc23b359868 - - default default] PUT http://[LB_IP_ADDRESS]:8776/v3/b7464c4761aa4a36870d8bc23b359868/types/d38a5cd9-338a-42ea-8e6b-0c95318cbc82/encryption/provider
2023-05-31 13:04:09.775 22 INFO cinder.api.openstack.wsgi [None req-89f757f5-2f10-48b8-9526-5d6c206f6e44 adc87e09c73a401c881fd59cce0bd90e b7464c4761aa4a36870d8bc23b359868 - - default default] http://[LB_IP_ADDRESS]:8776/v3/b7464c4761aa4a36870d8bc23b359868/types/d38a5cd9-338a-42ea-8e6b-0c95318cbc82/encryption/provider returned with HTTP 200
2023-05-31 13:04:09.788 21 INFO cinder.api.openstack.wsgi [None req-45d9d9da-b3c6-41fe-ab1f-3ab3de8c3450 adc87e09c73a401c881fd59cce0bd90e b7464c4761aa4a36870d8bc23b359868 - - default default] GET http://[LB_IP_ADDRESS]:8776/v3/b7464c4761aa4a36870d8bc23b359868/types/d38a5cd9-338a-42ea-8e6b-0c95318cbc82/encryption
2023-05-31 13:04:09.798 21 INFO cinder.api.openstack.wsgi [None req-45d9d9da-b3c6-41fe-ab1f-3ab3de8c3450 adc87e09c73a401c881fd59cce0bd90e b7464c4761aa4a36870d8bc23b359868 - - default default] http://[LB_IP_ADDRESS]:8776/v3/b7464c4761aa4a36870d8bc23b359868/types/d38a5cd9-338a-42ea-8e6b-0c95318cbc82/encryption returned with HTTP 200
2023-05-31 13:04:09.812 18 INFO cinder.api.openstack.wsgi [None req-648586c4-b242-4e49-895c-682e9b4dd199 adc87e09c73a401c881fd59cce0bd90e b7464c4761aa4a36870d8bc23b359868 - - default default] GET http://[LB_IP_ADDRESS]:8776/v3/b7464c4761aa4a36870d8bc23b359868/types/d38a5cd9-338a-42ea-8e6b-0c95318cbc82/encryption/cipher
2023-05-31 13:04:09.823 18 INFO cinder.api.openstack.wsgi [None req-648586c4-b242-4e49-895c-682e9b4dd199 adc87e09c73a401c881fd59cce0bd90e b7464c4761aa4a36870d8bc23b359868 - - default default] http://[LB_IP_ADDRESS]:8776/v3/b7464c4761aa4a36870d8bc23b359868/types/d38a5cd9-338a-42ea-8e6b-0c95318cbc82/encryption/cipher returned with HTTP 200
2023-05-31 13:04:09.836 19 INFO cinder.api.openstack.wsgi [None req-55048f41-5d7b-415e-bdd0-4742d6f753f3 adc87e09c73a401c881fd59cce0bd90e b7464c4761aa4a36870d8bc23b359868 - - default default] DELETE http://[LB_IP_ADDRESS]:8776/v3/b7464c4761aa4a36870d8bc23b359868/types/d38a5cd9-338a-42ea-8e6b-0c95318cbc82/encryption/provider
2023-05-31 13:04:09.853 19 INFO cinder.api.openstack.wsgi [None req-55048f41-5d7b-415e-bdd0-4742d6f753f3 adc87e09c73a401c881fd59cce0bd90e b7464c4761aa4a36870d8bc23b359868 - - default default] http://[LB_IP_ADDRESS]:8776/v3/b7464c4761aa4a36870d8bc23b359868/types/d38a5cd9-338a-42ea-8e6b-0c95318cbc82/encryption/provider returned with HTTP 202
2023-05-31 13:04:09.864 20 INFO cinder.api.openstack.wsgi [None req-13f42884-9c57-4094-9c78-f7ead7177ba6 adc87e09c73a401c881fd59cce0bd90e b7464c4761aa4a36870d8bc23b359868 - - default default] GET http://[LB_IP_ADDRESS]:8776/v3/b7464c4761aa4a36870d8bc23b359868/types/d38a5cd9-338a-42ea-8e6b-0c95318cbc82/encryption
2023-05-31 13:04:09.874 20 INFO cinder.api.openstack.wsgi [None req-13f42884-9c57-4094-9c78-f7ead7177ba6 adc87e09c73a401c881fd59cce0bd90e b7464c4761aa4a36870d8bc23b359868 - - default default] http://[LB_IP_ADDRESS]:8776/v3/b7464c4761aa4a36870d8bc23b359868/types/d38a5cd9-338a-42ea-8e6b-0c95318cbc82/encryption returned with HTTP 200
2023-05-31 13:04:09.887 22 INFO cinder.api.openstack.wsgi [None req-6863f940-a14d-4db1-b2b0-33a9c54dda99 adc87e09c73a401c881fd59cce0bd90e b7464c4761aa4a36870d8bc23b359868 - - default default] GET http://[LB_IP_ADDRESS]:8776/v3/b7464c4761aa4a36870d8bc23b359868/types/d38a5cd9-338a-42ea-8e6b-0c95318cbc82/encryption
2023-05-31 13:04:09.896 22 INFO cinder.api.openstack.wsgi [None req-6863f940-a14d-4db1-b2b0-33a9c54dda99 adc87e09c73a401c881fd59cce0bd90e b7464c4761aa4a36870d8bc23b359868 - - default default] http://[LB_IP_ADDRESS]:8776/v3/b7464c4761aa4a36870d8bc23b359868/types/d38a5cd9-338a-42ea-8e6b-0c95318cbc82/encryption returned with HTTP 200
2023-05-31 13:04:09.909 21 INFO cinder.api.openstack.wsgi [None req-666ac415-76f1-4878-a782-d5a1a2e71426 adc87e09c73a401c881fd59cce0bd90e b7464c4761aa4a36870d8bc23b359868 - - default default] GET http://[LB_IP_ADDRESS]:8776/v3/b7464c4761aa4a36870d8bc23b359868/types
2023-05-31 13:04:09.932 21 INFO cinder.api.openstack.wsgi [None req-666ac415-76f1-4878-a782-d5a1a2e71426 adc87e09c73a401c881fd59cce0bd90e b7464c4761aa4a36870d8bc23b359868 - - default default] http://[LB_IP_ADDRESS]:8776/v3/b7464c4761aa4a36870d8bc23b359868/types returned with HTTP 200
2023-05-31 13:04:09.945 18 INFO cinder.api.openstack.wsgi [None req-d7fa4329-0216-494f-848c-e92d5afc73be adc87e09c73a401c881fd59cce0bd90e b7464c4761aa4a36870d8bc23b359868 - - default default] POST http://[LB_IP_ADDRESS]:8776/v3/b7464c4761aa4a36870d8bc23b359868/types
2023-05-31 13:04:09.964 18 INFO cinder.api.openstack.wsgi [None req-d7fa4329-0216-494f-848c-e92d5afc73be adc87e09c73a401c881fd59cce0bd90e b7464c4761aa4a36870d8bc23b359868 - - default default] http://[LB_IP_ADDRESS]:8776/v3/b7464c4761aa4a36870d8bc23b359868/types returned with HTTP 200
2023-05-31 13:04:09.976 19 INFO cinder.api.openstack.wsgi [None req-48b36f64-05a6-41f3-8fe2-20a9362c2094 adc87e09c73a401c881fd59cce0bd90e b7464c4761aa4a36870d8bc23b359868 - - default default] PUT http://[LB_IP_ADDRESS]:8776/v3/b7464c4761aa4a36870d8bc23b359868/types/218fdaea-ff26-4b96-89a4-3bb348609389
2023-05-31 13:04:10.096 19 INFO cinder.api.openstack.wsgi [None req-48b36f64-05a6-41f3-8fe2-20a9362c2094 adc87e09c73a401c881fd59cce0bd90e b7464c4761aa4a36870d8bc23b359868 - - default default] http://[LB_IP_ADDRESS]:8776/v3/b7464c4761aa4a36870d8bc23b359868/types/218fdaea-ff26-4b96-89a4-3bb348609389 returned with HTTP 200
2023-05-31 13:04:10.108 20 INFO cinder.api.openstack.wsgi [None req-85ff67c8-d50f-454f-bae1-dee5874562cd adc87e09c73a401c881fd59cce0bd90e b7464c4761aa4a36870d8bc23b359868 - - default default] GET http://[LB_IP_ADDRESS]:8776/v3/b7464c4761aa4a36870d8bc23b359868/types/218fdaea-ff26-4b96-89a4-3bb348609389
2023-05-31 13:04:10.117 20 INFO cinder.api.openstack.wsgi [None req-85ff67c8-d50f-454f-bae1-dee5874562cd adc87e09c73a401c881fd59cce0bd90e b7464c4761aa4a36870d8bc23b359868 - - default default] http://[LB_IP_ADDRESS]:8776/v3/b7464c4761aa4a36870d8bc23b359868/types/218fdaea-ff26-4b96-89a4-3bb348609389 returned with HTTP 200
2023-05-31 13:04:10.130 22 INFO cinder.api.openstack.wsgi [None req-d6987b86-674a-4e00-bd2c-3d88a1713c4f adc87e09c73a401c881fd59cce0bd90e b7464c4761aa4a36870d8bc23b359868 - - default default] DELETE http://[LB_IP_ADDRESS]:8776/v3/b7464c4761aa4a36870d8bc23b359868/types/218fdaea-ff26-4b96-89a4-3bb348609389
2023-05-31 13:04:10.167 22 INFO cinder.api.openstack.wsgi [None req-d6987b86-674a-4e00-bd2c-3d88a1713c4f adc87e09c73a401c881fd59cce0bd90e b7464c4761aa4a36870d8bc23b359868 - - default default] http://[LB_IP_ADDRESS]:8776/v3/b7464c4761aa4a36870d8bc23b359868/types/218fdaea-ff26-4b96-89a4-3bb348609389 returned with HTTP 202
2023-05-31 13:04:10.176 21 INFO cinder.api.openstack.wsgi [None req-1b455481-c582-43a5-ad80-e0d391e0d959 adc87e09c73a401c881fd59cce0bd90e b7464c4761aa4a36870d8bc23b359868 - - default default] GET http://[LB_IP_ADDRESS]:8776/v3/b7464c4761aa4a36870d8bc23b359868/types/218fdaea-ff26-4b96-89a4-3bb348609389
2023-05-31 13:04:10.181 21 INFO cinder.api.openstack.wsgi [None req-1b455481-c582-43a5-ad80-e0d391e0d959 adc87e09c73a401c881fd59cce0bd90e b7464c4761aa4a36870d8bc23b359868 - - default default] http://[LB_IP_ADDRESS]:8776/v3/b7464c4761aa4a36870d8bc23b359868/types/218fdaea-ff26-4b96-89a4-3bb348609389 returned with HTTP 404
2023-05-31 13:04:10.191 18 INFO cinder.api.openstack.wsgi [None req-82cb53b3-9ed2-43ab-bc22-d7b459794dba adc87e09c73a401c881fd59cce0bd90e b7464c4761aa4a36870d8bc23b359868 - - default default] DELETE http://[LB_IP_ADDRESS]:8776/v3/b7464c4761aa4a36870d8bc23b359868/types/d38a5cd9-338a-42ea-8e6b-0c95318cbc82
2023-05-31 13:04:10.228 18 INFO cinder.api.openstack.wsgi [None req-82cb53b3-9ed2-43ab-bc22-d7b459794dba adc87e09c73a401c881fd59cce0bd90e b7464c4761aa4a36870d8bc23b359868 - - default default] http://[LB_IP_ADDRESS]:8776/v3/b7464c4761aa4a36870d8bc23b359868/types/d38a5cd9-338a-42ea-8e6b-0c95318cbc82 returned with HTTP 202
2023-05-31 13:04:10.237 19 INFO cinder.api.openstack.wsgi [None req-dde1deba-c91e-4c42-9fcc-ec98a0935396 adc87e09c73a401c881fd59cce0bd90e b7464c4761aa4a36870d8bc23b359868 - - default default] GET http://[LB_IP_ADDRESS]:8776/v3/b7464c4761aa4a36870d8bc23b359868/types/d38a5cd9-338a-42ea-8e6b-0c95318cbc82
2023-05-31 13:04:10.242 19 INFO cinder.api.openstack.wsgi [None req-dde1deba-c91e-4c42-9fcc-ec98a0935396 adc87e09c73a401c881fd59cce0bd90e b7464c4761aa4a36870d8bc23b359868 - - default default] http://[LB_IP_ADDRESS]:8776/v3/b7464c4761aa4a36870d8bc23b359868/types/d38a5cd9-338a-42ea-8e6b-0c95318cbc82 returned with HTTP 404
2023-05-31 13:04:10.252 20 INFO cinder.api.openstack.wsgi [None req-2e15e016-2303-4ee4-ae29-c90bf1cb0562 adc87e09c73a401c881fd59cce0bd90e b7464c4761aa4a36870d8bc23b359868 - - default default] DELETE http://[LB_IP_ADDRESS]:8776/v3/b7464c4761aa4a36870d8bc23b359868/types/3afba044-4e50-4fb1-aabf-d25b043b8957
2023-05-31 13:04:10.289 20 INFO cinder.api.openstack.wsgi [None req-2e15e016-2303-4ee4-ae29-c90bf1cb0562 adc87e09c73a401c881fd59cce0bd90e b7464c4761aa4a36870d8bc23b359868 - - default default] http://[LB_IP_ADDRESS]:8776/v3/b7464c4761aa4a36870d8bc23b359868/types/3afba044-4e50-4fb1-aabf-d25b043b8957 returned with HTTP 202
2023-05-31 13:04:10.295 22 INFO cinder.api.openstack.wsgi [None req-4b91eeb2-e16c-4dfa-bbbf-077c34612452 5c62744391db4be494f71ab85d352aea 5e47605170ea4ecc906964307306edd3 - - default default] GET http://[LB_IP_ADDRESS]:8776/v3/5e47605170ea4ecc906964307306edd3/volumes/ddda7cea-a2b0-4401-bcfb-c4865d8c5b9d
2023-05-31 13:04:10.298 21 INFO cinder.api.openstack.wsgi [None req-a4558e63-b9d9-4c68-8631-02d542d333ae adc87e09c73a401c881fd59cce0bd90e b7464c4761aa4a36870d8bc23b359868 - - default default] GET http://[LB_IP_ADDRESS]:8776/v3/b7464c4761aa4a36870d8bc23b359868/types/3afba044-4e50-4fb1-aabf-d25b043b8957
2023-05-31 13:04:10.303 21 INFO cinder.api.openstack.wsgi [None req-a4558e63-b9d9-4c68-8631-02d542d333ae adc87e09c73a401c881fd59cce0bd90e b7464c4761aa4a36870d8bc23b359868 - - default default] http://[LB_IP_ADDRESS]:8776/v3/b7464c4761aa4a36870d8bc23b359868/types/3afba044-4e50-4fb1-aabf-d25b043b8957 returned with HTTP 404
2023-05-31 13:04:10.316 22 INFO cinder.volume.api [None req-4b91eeb2-e16c-4dfa-bbbf-077c34612452 5c62744391db4be494f71ab85d352aea 5e47605170ea4ecc906964307306edd3 - - default default] Volume info retrieved successfully.
2023-05-31 13:04:10.350 22 INFO cinder.api.openstack.wsgi [None req-4b91eeb2-e16c-4dfa-bbbf-077c34612452 5c62744391db4be494f71ab85d352aea 5e47605170ea4ecc906964307306edd3 - - default default] http://[LB_IP_ADDRESS]:8776/v3/5e47605170ea4ecc906964307306edd3/volumes/ddda7cea-a2b0-4401-bcfb-c4865d8c5b9d returned with HTTP 200
2023-05-31 13:04:10.371 18 INFO cinder.api.openstack.wsgi [None req-fa5495f2-2fa5-47c4-9188-acd47c6c0852 5c62744391db4be494f71ab85d352aea 5e47605170ea4ecc906964307306edd3 - - default default] POST http://[LB_IP_ADDRESS]:8776/v3/5e47605170ea4ecc906964307306edd3/volumes
2023-05-31 13:04:10.383 18 INFO cinder.api.v3.volumes [None req-fa5495f2-2fa5-47c4-9188-acd47c6c0852 5c62744391db4be494f71ab85d352aea 5e47605170ea4ecc906964307306edd3 - - default default] Create volume of 1 GB
2023-05-31 13:04:10.401 18 INFO cinder.volume.api [None req-fa5495f2-2fa5-47c4-9188-acd47c6c0852 5c62744391db4be494f71ab85d352aea 5e47605170ea4ecc906964307306edd3 - - default default] Availability Zones retrieved successfully.
2023-05-31 13:04:10.585 18 INFO cinder.volume.api [None req-fa5495f2-2fa5-47c4-9188-acd47c6c0852 5c62744391db4be494f71ab85d352aea 5e47605170ea4ecc906964307306edd3 - - default default] Create volume request issued successfully.
2023-05-31 13:04:10.603 18 INFO cinder.api.openstack.wsgi [None req-fa5495f2-2fa5-47c4-9188-acd47c6c0852 5c62744391db4be494f71ab85d352aea 5e47605170ea4ecc906964307306edd3 - - default default] http://[LB_IP_ADDRESS]:8776/v3/5e47605170ea4ecc906964307306edd3/volumes returned with HTTP 202
2023-05-31 13:04:10.622 19 INFO cinder.api.openstack.wsgi [None req-f1e699a9-65f3-43e8-959c-0d4769824f7a 5c62744391db4be494f71ab85d352aea 5e47605170ea4ecc906964307306edd3 - - default default] GET http://[LB_IP_ADDRESS]:8776/v3/5e47605170ea4ecc906964307306edd3/volumes/959cb592-aad6-4194-a99a-56cf87c95cd0
2023-05-31 13:04:10.642 19 INFO cinder.volume.api [None req-f1e699a9-65f3-43e8-959c-0d4769824f7a 5c62744391db4be494f71ab85d352aea 5e47605170ea4ecc906964307306edd3 - - default default] Volume info retrieved successfully.
2023-05-31 13:04:10.665 19 INFO cinder.api.openstack.wsgi [None req-f1e699a9-65f3-43e8-959c-0d4769824f7a 5c62744391db4be494f71ab85d352aea 5e47605170ea4ecc906964307306edd3 - - default default] http://[LB_IP_ADDRESS]:8776/v3/5e47605170ea4ecc906964307306edd3/volumes/959cb592-aad6-4194-a99a-56cf87c95cd0 returned with HTTP 200
2023-05-31 13:04:11.684 21 INFO cinder.api.openstack.wsgi [None req-9bb85c83-cf11-483f-8aef-04f5ed92c1f9 5c62744391db4be494f71ab85d352aea 5e47605170ea4ecc906964307306edd3 - - default default] GET http://[LB_IP_ADDRESS]:8776/v3/5e47605170ea4ecc906964307306edd3/volumes/959cb592-aad6-4194-a99a-56cf87c95cd0
2023-05-31 13:04:11.703 21 INFO cinder.volume.api [None req-9bb85c83-cf11-483f-8aef-04f5ed92c1f9 5c62744391db4be494f71ab85d352aea 5e47605170ea4ecc906964307306edd3 - - default default] Volume info retrieved successfully.
2023-05-31 13:04:11.724 21 INFO cinder.api.openstack.wsgi [None req-9bb85c83-cf11-483f-8aef-04f5ed92c1f9 5c62744391db4be494f71ab85d352aea 5e47605170ea4ecc906964307306edd3 - - default default] http://[LB_IP_ADDRESS]:8776/v3/5e47605170ea4ecc906964307306edd3/volumes/959cb592-aad6-4194-a99a-56cf87c95cd0 returned with HTTP 200
2023-05-31 13:04:11.746 22 INFO cinder.api.openstack.wsgi [None req-602b2f55-1213-434a-9235-dcddba2424ba 5c62744391db4be494f71ab85d352aea 5e47605170ea4ecc906964307306edd3 - - default default] PUT http://[LB_IP_ADDRESS]:8776/v3/5e47605170ea4ecc906964307306edd3/groups/c3ddcf92-960c-4b26-a76a-65c7737a2a07
2023-05-31 13:04:11.750 22 INFO cinder.api.v3.groups [None req-602b2f55-1213-434a-9235-dcddba2424ba 5c62744391db4be494f71ab85d352aea 5e47605170ea4ecc906964307306edd3 - - default default] Updating group c3ddcf92-960c-4b26-a76a-65c7737a2a07 with name new_group description: This is a new group add_volumes: None remove_volumes: 959cb592-aad6-4194-a99a-56cf87c95cd0.
2023-05-31 13:04:11.760 20 INFO cinder.api.openstack.wsgi [None req-b07d6c30-485c-4410-a68e-e5c752c53a4a 23c281f9043b4e3d834a59484bfa84ff a4a5ec1ec51e43849ff491b00d233020 - - default default] POST http://[LB_IP_ADDRESS]:8776/v3/a4a5ec1ec51e43849ff491b00d233020/group_types
2023-05-31 13:04:11.781 22 INFO cinder.api.openstack.wsgi [None req-602b2f55-1213-434a-9235-dcddba2424ba 5c62744391db4be494f71ab85d352aea 5e47605170ea4ecc906964307306edd3 - - default default] http://[LB_IP_ADDRESS]:8776/v3/5e47605170ea4ecc906964307306edd3/groups/c3ddcf92-960c-4b26-a76a-65c7737a2a07 returned with HTTP 202
2023-05-31 13:04:11.789 20 INFO cinder.api.openstack.wsgi [None req-b07d6c30-485c-4410-a68e-e5c752c53a4a 23c281f9043b4e3d834a59484bfa84ff a4a5ec1ec51e43849ff491b00d233020 - - default default] http://[LB_IP_ADDRESS]:8776/v3/a4a5ec1ec51e43849ff491b00d233020/group_types returned with HTTP 202
2023-05-31 13:04:11.793 18 INFO cinder.api.openstack.wsgi [None req-d3523442-bc3b-44d8-9e14-94f885da0294 5c62744391db4be494f71ab85d352aea 5e47605170ea4ecc906964307306edd3 - - default default] GET http://[LB_IP_ADDRESS]:8776/v3/5e47605170ea4ecc906964307306edd3/groups/c3ddcf92-960c-4b26-a76a-65c7737a2a07
2023-05-31 13:04:11.802 19 INFO cinder.api.openstack.wsgi [None req-1a207cb0-2f11-4cd2-be52-1077dd845597 23c281f9043b4e3d834a59484bfa84ff a4a5ec1ec51e43849ff491b00d233020 - - default default] GET http://[LB_IP_ADDRESS]:8776/v3/a4a5ec1ec51e43849ff491b00d233020/group_types
2023-05-31 13:04:11.810 18 INFO cinder.api.openstack.wsgi [None req-d3523442-bc3b-44d8-9e14-94f885da0294 5c62744391db4be494f71ab85d352aea 5e47605170ea4ecc906964307306edd3 - - default default] http://[LB_IP_ADDRESS]:8776/v3/5e47605170ea4ecc906964307306edd3/groups/c3ddcf92-960c-4b26-a76a-65c7737a2a07 returned with HTTP 200
2023-05-31 13:04:11.814 19 INFO cinder.api.openstack.wsgi [None req-1a207cb0-2f11-4cd2-be52-1077dd845597 23c281f9043b4e3d834a59484bfa84ff a4a5ec1ec51e43849ff491b00d233020 - - default default] http://[LB_IP_ADDRESS]:8776/v3/a4a5ec1ec51e43849ff491b00d233020/group_types returned with HTTP 200
2023-05-31 13:04:11.827 21 INFO cinder.api.openstack.wsgi [None req-4345f5f7-7905-4584-812e-cb3d8a0b0acb 23c281f9043b4e3d834a59484bfa84ff a4a5ec1ec51e43849ff491b00d233020 - - default default] PUT http://[LB_IP_ADDRESS]:8776/v3/a4a5ec1ec51e43849ff491b00d233020/group_types/9a5ef23b-f5f0-4fd7-8667-f1c7bb109827
2023-05-31 13:04:11.844 21 INFO cinder.api.openstack.wsgi [None req-4345f5f7-7905-4584-812e-cb3d8a0b0acb 23c281f9043b4e3d834a59484bfa84ff a4a5ec1ec51e43849ff491b00d233020 - - default default] http://[LB_IP_ADDRESS]:8776/v3/a4a5ec1ec51e43849ff491b00d233020/group_types/9a5ef23b-f5f0-4fd7-8667-f1c7bb109827 returned with HTTP 200
2023-05-31 13:04:11.856 22 INFO cinder.api.openstack.wsgi [None req-3496c512-0bfc-4c3f-828e-f5415b4d136c 23c281f9043b4e3d834a59484bfa84ff a4a5ec1ec51e43849ff491b00d233020 - - default default] GET http://[LB_IP_ADDRESS]:8776/v3/a4a5ec1ec51e43849ff491b00d233020/group_types/9a5ef23b-f5f0-4fd7-8667-f1c7bb109827
2023-05-31 13:04:11.862 22 INFO cinder.api.openstack.wsgi [None req-3496c512-0bfc-4c3f-828e-f5415b4d136c 23c281f9043b4e3d834a59484bfa84ff a4a5ec1ec51e43849ff491b00d233020 - - default default] http://[LB_IP_ADDRESS]:8776/v3/a4a5ec1ec51e43849ff491b00d233020/group_types/9a5ef23b-f5f0-4fd7-8667-f1c7bb109827 returned with HTTP 200
2023-05-31 13:04:11.874 20 INFO cinder.api.openstack.wsgi [None req-f9226f16-24b8-439c-8104-146137636f0c 23c281f9043b4e3d834a59484bfa84ff a4a5ec1ec51e43849ff491b00d233020 - - default default] DELETE http://[LB_IP_ADDRESS]:8776/v3/a4a5ec1ec51e43849ff491b00d233020/group_types/9a5ef23b-f5f0-4fd7-8667-f1c7bb109827
2023-05-31 13:04:11.891 20 INFO cinder.api.openstack.wsgi [None req-f9226f16-24b8-439c-8104-146137636f0c 23c281f9043b4e3d834a59484bfa84ff a4a5ec1ec51e43849ff491b00d233020 - - default default] http://[LB_IP_ADDRESS]:8776/v3/a4a5ec1ec51e43849ff491b00d233020/group_types/9a5ef23b-f5f0-4fd7-8667-f1c7bb109827 returned with HTTP 202
2023-05-31 13:04:11.900 18 INFO cinder.api.openstack.wsgi [None req-91995dcc-888e-4ddf-a12c-d9e9460517a9 23c281f9043b4e3d834a59484bfa84ff a4a5ec1ec51e43849ff491b00d233020 - - default default] GET http://[LB_IP_ADDRESS]:8776/v3/a4a5ec1ec51e43849ff491b00d233020/group_types
2023-05-31 13:04:11.912 18 INFO cinder.api.openstack.wsgi [None req-91995dcc-888e-4ddf-a12c-d9e9460517a9 23c281f9043b4e3d834a59484bfa84ff a4a5ec1ec51e43849ff491b00d233020 - - default default] http://[LB_IP_ADDRESS]:8776/v3/a4a5ec1ec51e43849ff491b00d233020/group_types returned with HTTP 200
2023-05-31 13:04:11.926 19 INFO cinder.api.openstack.wsgi [None req-ca81555f-4c72-437b-87da-c769181c6895 23c281f9043b4e3d834a59484bfa84ff a4a5ec1ec51e43849ff491b00d233020 - - default default] POST http://[LB_IP_ADDRESS]:8776/v3/a4a5ec1ec51e43849ff491b00d233020/group_types
2023-05-31 13:04:11.945 19 INFO cinder.api.openstack.wsgi [None req-ca81555f-4c72-437b-87da-c769181c6895 23c281f9043b4e3d834a59484bfa84ff a4a5ec1ec51e43849ff491b00d233020 - - default default] http://[LB_IP_ADDRESS]:8776/v3/a4a5ec1ec51e43849ff491b00d233020/group_types returned with HTTP 202
2023-05-31 13:04:11.957 21 INFO cinder.api.openstack.wsgi [None req-fcd910ad-d731-4dac-9c68-bc610f27f291 23c281f9043b4e3d834a59484bfa84ff a4a5ec1ec51e43849ff491b00d233020 - - default default] POST http://[LB_IP_ADDRESS]:8776/v3/a4a5ec1ec51e43849ff491b00d233020/group_types
2023-05-31 13:04:11.976 21 INFO cinder.api.openstack.wsgi [None req-fcd910ad-d731-4dac-9c68-bc610f27f291 23c281f9043b4e3d834a59484bfa84ff a4a5ec1ec51e43849ff491b00d233020 - - default default] http://[LB_IP_ADDRESS]:8776/v3/a4a5ec1ec51e43849ff491b00d233020/group_types returned with HTTP 202
2023-05-31 13:04:11.987 22 INFO cinder.api.openstack.wsgi [None req-eee6e420-dfe7-4a2a-88ca-4018f5562d86 23c281f9043b4e3d834a59484bfa84ff a4a5ec1ec51e43849ff491b00d233020 - - default default] GET http://[LB_IP_ADDRESS]:8776/v3/a4a5ec1ec51e43849ff491b00d233020/group_types?sort=name%3Aasc&is_public=None
2023-05-31 13:04:11.998 22 INFO cinder.api.openstack.wsgi [None req-eee6e420-dfe7-4a2a-88ca-4018f5562d86 23c281f9043b4e3d834a59484bfa84ff a4a5ec1ec51e43849ff491b00d233020 - - default default] http://[LB_IP_ADDRESS]:8776/v3/a4a5ec1ec51e43849ff491b00d233020/group_types?sort=name%3Aasc&is_public=None returned with HTTP 200
2023-05-31 13:04:12.010 20 INFO cinder.api.openstack.wsgi [None req-7d3afb31-37c6-42c0-a8de-9117057f3d27 23c281f9043b4e3d834a59484bfa84ff a4a5ec1ec51e43849ff491b00d233020 - - default default] GET http://[LB_IP_ADDRESS]:8776/v3/a4a5ec1ec51e43849ff491b00d233020/group_types?sort=name%3Adesc&is_public=None
2023-05-31 13:04:12.021 20 INFO cinder.api.openstack.wsgi [None req-7d3afb31-37c6-42c0-a8de-9117057f3d27 23c281f9043b4e3d834a59484bfa84ff a4a5ec1ec51e43849ff491b00d233020 - - default default] http://[LB_IP_ADDRESS]:8776/v3/a4a5ec1ec51e43849ff491b00d233020/group_types?sort=name%3Adesc&is_public=None returned with HTTP 200
2023-05-31 13:04:12.033 18 INFO cinder.api.openstack.wsgi [None req-ddc1bd76-a116-491a-8be0-a2744d995c7c 23c281f9043b4e3d834a59484bfa84ff a4a5ec1ec51e43849ff491b00d233020 - - default default] GET http://[LB_IP_ADDRESS]:8776/v3/a4a5ec1ec51e43849ff491b00d233020/group_types?is_public=False
2023-05-31 13:04:12.041 18 INFO cinder.api.openstack.wsgi [None req-ddc1bd76-a116-491a-8be0-a2744d995c7c 23c281f9043b4e3d834a59484bfa84ff a4a5ec1ec51e43849ff491b00d233020 - - default default] http://[LB_IP_ADDRESS]:8776/v3/a4a5ec1ec51e43849ff491b00d233020/group_types?is_public=False returned with HTTP 200
2023-05-31 13:04:12.053 19 INFO cinder.api.openstack.wsgi [None req-0f919d1f-133e-4e82-8258-c67085a0da8a 23c281f9043b4e3d834a59484bfa84ff a4a5ec1ec51e43849ff491b00d233020 - - default default] GET http://[LB_IP_ADDRESS]:8776/v3/a4a5ec1ec51e43849ff491b00d233020/group_types?is_public=True
2023-05-31 13:04:12.064 19 INFO cinder.api.openstack.wsgi [None req-0f919d1f-133e-4e82-8258-c67085a0da8a 23c281f9043b4e3d834a59484bfa84ff a4a5ec1ec51e43849ff491b00d233020 - - default default] http://[LB_IP_ADDRESS]:8776/v3/a4a5ec1ec51e43849ff491b00d233020/group_types?is_public=True returned with HTTP 200
2023-05-31 13:04:12.076 21 INFO cinder.api.openstack.wsgi [None req-9f4da221-d260-495a-aaaf-2aaf6a6fbdba 23c281f9043b4e3d834a59484bfa84ff a4a5ec1ec51e43849ff491b00d233020 - - default default] DELETE http://[LB_IP_ADDRESS]:8776/v3/a4a5ec1ec51e43849ff491b00d233020/group_types/c9d2b6b3-6358-414b-9c6d-fdaa23cb9e21
2023-05-31 13:04:12.093 21 INFO cinder.api.openstack.wsgi [None req-9f4da221-d260-495a-aaaf-2aaf6a6fbdba 23c281f9043b4e3d834a59484bfa84ff a4a5ec1ec51e43849ff491b00d233020 - - default default] http://[LB_IP_ADDRESS]:8776/v3/a4a5ec1ec51e43849ff491b00d233020/group_types/c9d2b6b3-6358-414b-9c6d-fdaa23cb9e21 returned with HTTP 202
2023-05-31 13:04:12.103 22 INFO cinder.api.openstack.wsgi [None req-bea33027-cd3d-4ab2-aaff-a58a1dd5fa8d 23c281f9043b4e3d834a59484bfa84ff a4a5ec1ec51e43849ff491b00d233020 - - default default] DELETE http://[LB_IP_ADDRESS]:8776/v3/a4a5ec1ec51e43849ff491b00d233020/group_types/dd02392d-72d0-47d8-ae8f-7a12b328761c
2023-05-31 13:04:12.120 22 INFO cinder.api.openstack.wsgi [None req-bea33027-cd3d-4ab2-aaff-a58a1dd5fa8d 23c281f9043b4e3d834a59484bfa84ff a4a5ec1ec51e43849ff491b00d233020 - - default default] http://[LB_IP_ADDRESS]:8776/v3/a4a5ec1ec51e43849ff491b00d233020/group_types/dd02392d-72d0-47d8-ae8f-7a12b328761c returned with HTTP 202
2023-05-31 13:04:12.824 20 INFO cinder.api.openstack.wsgi [None req-e17e7a58-9696-46a3-9531-80942f78353c 5c62744391db4be494f71ab85d352aea 5e47605170ea4ecc906964307306edd3 - - default default] GET http://[LB_IP_ADDRESS]:8776/v3/5e47605170ea4ecc906964307306edd3/groups/c3ddcf92-960c-4b26-a76a-65c7737a2a07
2023-05-31 13:04:12.842 20 INFO cinder.api.openstack.wsgi [None req-e17e7a58-9696-46a3-9531-80942f78353c 5c62744391db4be494f71ab85d352aea 5e47605170ea4ecc906964307306edd3 - - default default] http://[LB_IP_ADDRESS]:8776/v3/5e47605170ea4ecc906964307306edd3/groups/c3ddcf92-960c-4b26-a76a-65c7737a2a07 returned with HTTP 200
2023-05-31 13:04:12.855 18 INFO cinder.api.openstack.wsgi [None req-f1818fc4-5823-4fdd-be93-565a13555292 5c62744391db4be494f71ab85d352aea 5e47605170ea4ecc906964307306edd3 - - default default] GET http://[LB_IP_ADDRESS]:8776/v3/5e47605170ea4ecc906964307306edd3/groups/c3ddcf92-960c-4b26-a76a-65c7737a2a07
2023-05-31 13:04:12.873 18 INFO cinder.api.openstack.wsgi [None req-f1818fc4-5823-4fdd-be93-565a13555292 5c62744391db4be494f71ab85d352aea 5e47605170ea4ecc906964307306edd3 - - default default] http://[LB_IP_ADDRESS]:8776/v3/5e47605170ea4ecc906964307306edd3/groups/c3ddcf92-960c-4b26-a76a-65c7737a2a07 returned with HTTP 200
2023-05-31 13:04:12.886 19 INFO cinder.api.openstack.wsgi [None req-d42f9f84-3685-4746-a79d-de4a0fb578e4 5c62744391db4be494f71ab85d352aea 5e47605170ea4ecc906964307306edd3 - - default default] GET http://[LB_IP_ADDRESS]:8776/v3/5e47605170ea4ecc906964307306edd3/volumes/detail
2023-05-31 13:04:12.901 19 INFO cinder.volume.api [None req-d42f9f84-3685-4746-a79d-de4a0fb578e4 5c62744391db4be494f71ab85d352aea 5e47605170ea4ecc906964307306edd3 - - default default] Get all volumes completed successfully.
2023-05-31 13:04:12.924 19 INFO cinder.api.openstack.wsgi [None req-d42f9f84-3685-4746-a79d-de4a0fb578e4 5c62744391db4be494f71ab85d352aea 5e47605170ea4ecc906964307306edd3 - - default default] http://[LB_IP_ADDRESS]:8776/v3/5e47605170ea4ecc906964307306edd3/volumes/detail returned with HTTP 200
2023-05-31 13:04:12.944 21 INFO cinder.api.openstack.wsgi [None req-d45a6d58-1d84-423a-a596-25bc8747476f 5c62744391db4be494f71ab85d352aea 5e47605170ea4ecc906964307306edd3 - - default default] PUT http://[LB_IP_ADDRESS]:8776/v3/5e47605170ea4ecc906964307306edd3/groups/c3ddcf92-960c-4b26-a76a-65c7737a2a07
2023-05-31 13:04:12.947 21 INFO cinder.api.v3.groups [None req-d45a6d58-1d84-423a-a596-25bc8747476f 5c62744391db4be494f71ab85d352aea 5e47605170ea4ecc906964307306edd3 - - default default] Updating group c3ddcf92-960c-4b26-a76a-65c7737a2a07 with name None description: None add_volumes: 959cb592-aad6-4194-a99a-56cf87c95cd0 remove_volumes: None.
2023-05-31 13:04:12.993 21 INFO cinder.api.openstack.wsgi [None req-d45a6d58-1d84-423a-a596-25bc8747476f 5c62744391db4be494f71ab85d352aea 5e47605170ea4ecc906964307306edd3 - - default default] http://[LB_IP_ADDRESS]:8776/v3/5e47605170ea4ecc906964307306edd3/groups/c3ddcf92-960c-4b26-a76a-65c7737a2a07 returned with HTTP 202
2023-05-31 13:04:13.003 22 INFO cinder.api.openstack.wsgi [None req-76e2ba69-3272-4929-a9df-fdaf115bdf3e 5c62744391db4be494f71ab85d352aea 5e47605170ea4ecc906964307306edd3 - - default default] GET http://[LB_IP_ADDRESS]:8776/v3/5e47605170ea4ecc906964307306edd3/groups/c3ddcf92-960c-4b26-a76a-65c7737a2a07
2023-05-31 13:04:13.021 22 INFO cinder.api.openstack.wsgi [None req-76e2ba69-3272-4929-a9df-fdaf115bdf3e 5c62744391db4be494f71ab85d352aea 5e47605170ea4ecc906964307306edd3 - - default default] http://[LB_IP_ADDRESS]:8776/v3/5e47605170ea4ecc906964307306edd3/groups/c3ddcf92-960c-4b26-a76a-65c7737a2a07 returned with HTTP 200
2023-05-31 13:04:14.035 20 INFO cinder.api.openstack.wsgi [None req-bacb085f-c301-4972-ae57-1e30d2096542 5c62744391db4be494f71ab85d352aea 5e47605170ea4ecc906964307306edd3 - - default default] GET http://[LB_IP_ADDRESS]:8776/v3/5e47605170ea4ecc906964307306edd3/groups/c3ddcf92-960c-4b26-a76a-65c7737a2a07
2023-05-31 13:04:14.053 20 INFO cinder.api.openstack.wsgi [None req-bacb085f-c301-4972-ae57-1e30d2096542 5c62744391db4be494f71ab85d352aea 5e47605170ea4ecc906964307306edd3 - - default default] http://[LB_IP_ADDRESS]:8776/v3/5e47605170ea4ecc906964307306edd3/groups/c3ddcf92-960c-4b26-a76a-65c7737a2a07 returned with HTTP 200
2023-05-31 13:04:14.066 18 INFO cinder.api.openstack.wsgi [None req-4b5c136b-9c93-46cb-93bb-59ac1391ce5a 5c62744391db4be494f71ab85d352aea 5e47605170ea4ecc906964307306edd3 - - default default] GET http://[LB_IP_ADDRESS]:8776/v3/5e47605170ea4ecc906964307306edd3/volumes/detail
