2026-07-06 19:47:18.510 73 INFO cinder.api.openstack.wsgi [None req-f61188a1-17b8-4ea7-b55f-a9ed37ef3164 9e207e3411794e7e8f365b984d7ae963 9bc51f0bf6e04c07b92f9000ce13f33b - - default default] GET http://[LB_IP_ADDRESS]:8776/v3/9bc51f0bf6e04c07b92f9000ce13f33b/snapshots/f35a2371-d2ca-4db8-8e5c-69fa793965e3
2026-07-06 19:47:18.522 73 INFO cinder.volume.api [None req-f61188a1-17b8-4ea7-b55f-a9ed37ef3164 9e207e3411794e7e8f365b984d7ae963 9bc51f0bf6e04c07b92f9000ce13f33b - - default default] Snapshot retrieved successfully.
2026-07-06 19:47:18.524 73 INFO cinder.api.openstack.wsgi [None req-f61188a1-17b8-4ea7-b55f-a9ed37ef3164 9e207e3411794e7e8f365b984d7ae963 9bc51f0bf6e04c07b92f9000ce13f33b - - default default] http://[LB_IP_ADDRESS]:8776/v3/9bc51f0bf6e04c07b92f9000ce13f33b/snapshots/f35a2371-d2ca-4db8-8e5c-69fa793965e3 returned with HTTP 200
2026-07-06 19:47:18.542 72 INFO cinder.api.openstack.wsgi [None req-e22ea3a5-c4c4-4742-82df-606795d01f77 9e207e3411794e7e8f365b984d7ae963 9bc51f0bf6e04c07b92f9000ce13f33b - - default default] POST http://[LB_IP_ADDRESS]:8776/v3/9bc51f0bf6e04c07b92f9000ce13f33b/snapshots
2026-07-06 19:47:18.562 72 INFO cinder.volume.api [None req-e22ea3a5-c4c4-4742-82df-606795d01f77 9e207e3411794e7e8f365b984d7ae963 9bc51f0bf6e04c07b92f9000ce13f33b - - default default] Volume info retrieved successfully.
2026-07-06 19:47:18.562 72 INFO cinder.api.v3.snapshots [None req-e22ea3a5-c4c4-4742-82df-606795d01f77 9e207e3411794e7e8f365b984d7ae963 9bc51f0bf6e04c07b92f9000ce13f33b - - default default] Create snapshot from volume bc900ae4-861d-42b4-8368-1eb434e77cbe
2026-07-06 19:47:18.615 76 INFO cinder.api.openstack.wsgi [None req-4be948e3-a753-4da7-af77-819afd139ae2 3b83be262f2c41fc8cd5b38ad885d9c7 d3d69838ecc14c26b97db8a6bbfeeb90 - - default default] GET http://[LB_IP_ADDRESS]:8776/v3/d3d69838ecc14c26b97db8a6bbfeeb90/volumes/41c4c4d6-628a-4afa-a15c-c6a79f76aff4
2026-07-06 19:47:18.636 76 INFO cinder.volume.api [None req-4be948e3-a753-4da7-af77-819afd139ae2 3b83be262f2c41fc8cd5b38ad885d9c7 d3d69838ecc14c26b97db8a6bbfeeb90 - - default default] Volume info retrieved successfully.
2026-07-06 19:47:18.666 76 INFO cinder.api.openstack.wsgi [None req-4be948e3-a753-4da7-af77-819afd139ae2 3b83be262f2c41fc8cd5b38ad885d9c7 d3d69838ecc14c26b97db8a6bbfeeb90 - - default default] http://[LB_IP_ADDRESS]:8776/v3/d3d69838ecc14c26b97db8a6bbfeeb90/volumes/41c4c4d6-628a-4afa-a15c-c6a79f76aff4 returned with HTTP 200
2026-07-06 19:47:18.689 74 INFO cinder.api.openstack.wsgi [None req-6421751f-0ab1-4e86-93a1-5c160e785fc6 3b83be262f2c41fc8cd5b38ad885d9c7 d3d69838ecc14c26b97db8a6bbfeeb90 - - default default] POST http://[LB_IP_ADDRESS]:8776/v3/d3d69838ecc14c26b97db8a6bbfeeb90/group_snapshots
2026-07-06 19:47:18.709 74 INFO cinder.api.v3.group_snapshots [None req-6421751f-0ab1-4e86-93a1-5c160e785fc6 3b83be262f2c41fc8cd5b38ad885d9c7 d3d69838ecc14c26b97db8a6bbfeeb90 - - default default] Creating group_snapshot tempest-group_snapshot-1698286919.
2026-07-06 19:47:18.785 72 INFO cinder.volume.api [None req-e22ea3a5-c4c4-4742-82df-606795d01f77 9e207e3411794e7e8f365b984d7ae963 9bc51f0bf6e04c07b92f9000ce13f33b - - default default] Snapshot create request issued successfully.
2026-07-06 19:47:18.786 72 INFO cinder.api.openstack.wsgi [None req-e22ea3a5-c4c4-4742-82df-606795d01f77 9e207e3411794e7e8f365b984d7ae963 9bc51f0bf6e04c07b92f9000ce13f33b - - default default] http://[LB_IP_ADDRESS]:8776/v3/9bc51f0bf6e04c07b92f9000ce13f33b/snapshots returned with HTTP 202
2026-07-06 19:47:18.803 73 INFO cinder.api.openstack.wsgi [None req-5c4bee6a-b52b-47bb-bb30-cfe7c57ab61b 9e207e3411794e7e8f365b984d7ae963 9bc51f0bf6e04c07b92f9000ce13f33b - - default default] GET http://[LB_IP_ADDRESS]:8776/v3/9bc51f0bf6e04c07b92f9000ce13f33b/snapshots/0a9fefc2-f234-4c74-a058-0e23ba67c73e
2026-07-06 19:47:18.814 73 INFO cinder.volume.api [None req-5c4bee6a-b52b-47bb-bb30-cfe7c57ab61b 9e207e3411794e7e8f365b984d7ae963 9bc51f0bf6e04c07b92f9000ce13f33b - - default default] Snapshot retrieved successfully.
2026-07-06 19:47:18.816 73 INFO cinder.api.openstack.wsgi [None req-5c4bee6a-b52b-47bb-bb30-cfe7c57ab61b 9e207e3411794e7e8f365b984d7ae963 9bc51f0bf6e04c07b92f9000ce13f33b - - default default] http://[LB_IP_ADDRESS]:8776/v3/9bc51f0bf6e04c07b92f9000ce13f33b/snapshots/0a9fefc2-f234-4c74-a058-0e23ba67c73e returned with HTTP 200
2026-07-06 19:47:18.878 74 WARNING cinder.quota [None req-6421751f-0ab1-4e86-93a1-5c160e785fc6 3b83be262f2c41fc8cd5b38ad885d9c7 d3d69838ecc14c26b97db8a6bbfeeb90 - - default default] Deprecated: Default quota for resource: gigabytes_tempest-GroupSnapshotsTest-volume-type-1386640415 is set by the default quota flag: quota_gigabytes_tempest-GroupSnapshotsTest-volume-type-1386640415, it is now deprecated. Please use the default quota class for default quota.
2026-07-06 19:47:18.879 74 WARNING cinder.quota [None req-6421751f-0ab1-4e86-93a1-5c160e785fc6 3b83be262f2c41fc8cd5b38ad885d9c7 d3d69838ecc14c26b97db8a6bbfeeb90 - - default default] Deprecated: Default quota for resource: snapshots_tempest-GroupSnapshotsTest-volume-type-1386640415 is set by the default quota flag: quota_snapshots_tempest-GroupSnapshotsTest-volume-type-1386640415, it is now deprecated. Please use the default quota class for default quota.
2026-07-06 19:47:18.887 75 INFO cinder.api.openstack.wsgi [None req-8ae164df-677a-4664-b515-e739cc4b88ce 1c31b3faecaf472fa03e4be3df2209f0 0ea20d1471354233a5b9867d72934c05 - - default default] POST http://[LB_IP_ADDRESS]:8776/v3/0ea20d1471354233a5b9867d72934c05/types
2026-07-06 19:47:18.930 75 INFO cinder.api.openstack.wsgi [None req-8ae164df-677a-4664-b515-e739cc4b88ce 1c31b3faecaf472fa03e4be3df2209f0 0ea20d1471354233a5b9867d72934c05 - - default default] http://[LB_IP_ADDRESS]:8776/v3/0ea20d1471354233a5b9867d72934c05/types returned with HTTP 200
2026-07-06 19:47:18.945 76 INFO cinder.api.openstack.wsgi [None req-ab8b3ede-b0cb-4524-adb7-e4aee20eb353 1c31b3faecaf472fa03e4be3df2209f0 0ea20d1471354233a5b9867d72934c05 - - default default] POST http://[LB_IP_ADDRESS]:8776/v3/0ea20d1471354233a5b9867d72934c05/group_types
2026-07-06 19:47:18.956 74 INFO cinder.api.openstack.wsgi [None req-6421751f-0ab1-4e86-93a1-5c160e785fc6 3b83be262f2c41fc8cd5b38ad885d9c7 d3d69838ecc14c26b97db8a6bbfeeb90 - - default default] http://[LB_IP_ADDRESS]:8776/v3/d3d69838ecc14c26b97db8a6bbfeeb90/group_snapshots returned with HTTP 202
2026-07-06 19:47:18.972 72 INFO cinder.api.openstack.wsgi [None req-73f7b8a9-fbea-499a-9191-d5b30cf24cb6 3b83be262f2c41fc8cd5b38ad885d9c7 d3d69838ecc14c26b97db8a6bbfeeb90 - - default default] GET http://[LB_IP_ADDRESS]:8776/v3/d3d69838ecc14c26b97db8a6bbfeeb90/group_snapshots/2f06d77f-7bcf-493d-8f95-a3a6a38272de
2026-07-06 19:47:18.975 76 INFO cinder.api.openstack.wsgi [None req-ab8b3ede-b0cb-4524-adb7-e4aee20eb353 1c31b3faecaf472fa03e4be3df2209f0 0ea20d1471354233a5b9867d72934c05 - - default default] http://[LB_IP_ADDRESS]:8776/v3/0ea20d1471354233a5b9867d72934c05/group_types returned with HTTP 202
2026-07-06 19:47:18.987 72 INFO cinder.api.openstack.wsgi [None req-73f7b8a9-fbea-499a-9191-d5b30cf24cb6 3b83be262f2c41fc8cd5b38ad885d9c7 d3d69838ecc14c26b97db8a6bbfeeb90 - - default default] http://[LB_IP_ADDRESS]:8776/v3/d3d69838ecc14c26b97db8a6bbfeeb90/group_snapshots/2f06d77f-7bcf-493d-8f95-a3a6a38272de returned with HTTP 200
2026-07-06 19:47:19.091 73 INFO cinder.api.openstack.wsgi [None req-01fe7100-6a7b-48e4-86b6-2a1005cac563 013b959f51334dafb8ae1bf6adc8c42c 1314a0f459af41bfbc37eee70c6b5465 - - default default] POST http://[LB_IP_ADDRESS]:8776/v3/1314a0f459af41bfbc37eee70c6b5465/groups
2026-07-06 19:47:19.104 73 INFO cinder.api.v3.groups [None req-01fe7100-6a7b-48e4-86b6-2a1005cac563 013b959f51334dafb8ae1bf6adc8c42c 1314a0f459af41bfbc37eee70c6b5465 - - default default] Creating group tempest-Group1-1662609789.
2026-07-06 19:47:19.119 73 INFO cinder.volume.api [None req-01fe7100-6a7b-48e4-86b6-2a1005cac563 013b959f51334dafb8ae1bf6adc8c42c 1314a0f459af41bfbc37eee70c6b5465 - - default default] Availability Zones retrieved successfully.
2026-07-06 19:47:19.289 73 INFO cinder.api.openstack.wsgi [None req-01fe7100-6a7b-48e4-86b6-2a1005cac563 013b959f51334dafb8ae1bf6adc8c42c 1314a0f459af41bfbc37eee70c6b5465 - - default default] http://[LB_IP_ADDRESS]:8776/v3/1314a0f459af41bfbc37eee70c6b5465/groups returned with HTTP 202
2026-07-06 19:47:19.304 75 INFO cinder.api.openstack.wsgi [None req-6e1dc4ef-5d6b-47f8-8983-8c3f849053a7 013b959f51334dafb8ae1bf6adc8c42c 1314a0f459af41bfbc37eee70c6b5465 - - default default] GET http://[LB_IP_ADDRESS]:8776/v3/1314a0f459af41bfbc37eee70c6b5465/groups/f94c57cc-45d7-4bb3-bd50-419477335aea
2026-07-06 19:47:19.328 75 INFO cinder.api.openstack.wsgi [None req-6e1dc4ef-5d6b-47f8-8983-8c3f849053a7 013b959f51334dafb8ae1bf6adc8c42c 1314a0f459af41bfbc37eee70c6b5465 - - default default] http://[LB_IP_ADDRESS]:8776/v3/1314a0f459af41bfbc37eee70c6b5465/groups/f94c57cc-45d7-4bb3-bd50-419477335aea returned with HTTP 200
2026-07-06 19:47:19.834 74 INFO cinder.api.openstack.wsgi [None req-8f4ab732-065b-4b9b-b428-db5b0faa597b 9e207e3411794e7e8f365b984d7ae963 9bc51f0bf6e04c07b92f9000ce13f33b - - default default] GET http://[LB_IP_ADDRESS]:8776/v3/9bc51f0bf6e04c07b92f9000ce13f33b/snapshots/0a9fefc2-f234-4c74-a058-0e23ba67c73e
2026-07-06 19:47:19.845 74 INFO cinder.volume.api [None req-8f4ab732-065b-4b9b-b428-db5b0faa597b 9e207e3411794e7e8f365b984d7ae963 9bc51f0bf6e04c07b92f9000ce13f33b - - default default] Snapshot retrieved successfully.
2026-07-06 19:47:19.847 74 INFO cinder.api.openstack.wsgi [None req-8f4ab732-065b-4b9b-b428-db5b0faa597b 9e207e3411794e7e8f365b984d7ae963 9bc51f0bf6e04c07b92f9000ce13f33b - - default default] http://[LB_IP_ADDRESS]:8776/v3/9bc51f0bf6e04c07b92f9000ce13f33b/snapshots/0a9fefc2-f234-4c74-a058-0e23ba67c73e returned with HTTP 200
2026-07-06 19:47:20.003 76 INFO cinder.api.openstack.wsgi [None req-701a76fc-4d48-4a63-ac0f-e84dc6a9caf7 3b83be262f2c41fc8cd5b38ad885d9c7 d3d69838ecc14c26b97db8a6bbfeeb90 - - default default] GET http://[LB_IP_ADDRESS]:8776/v3/d3d69838ecc14c26b97db8a6bbfeeb90/group_snapshots/2f06d77f-7bcf-493d-8f95-a3a6a38272de
2026-07-06 19:47:20.018 76 INFO cinder.api.openstack.wsgi [None req-701a76fc-4d48-4a63-ac0f-e84dc6a9caf7 3b83be262f2c41fc8cd5b38ad885d9c7 d3d69838ecc14c26b97db8a6bbfeeb90 - - default default] http://[LB_IP_ADDRESS]:8776/v3/d3d69838ecc14c26b97db8a6bbfeeb90/group_snapshots/2f06d77f-7bcf-493d-8f95-a3a6a38272de returned with HTTP 200
2026-07-06 19:47:20.349 72 INFO cinder.api.openstack.wsgi [None req-1e0ae1a6-dbe8-4d8f-96c9-1211c03f2a99 013b959f51334dafb8ae1bf6adc8c42c 1314a0f459af41bfbc37eee70c6b5465 - - default default] GET http://[LB_IP_ADDRESS]:8776/v3/1314a0f459af41bfbc37eee70c6b5465/groups/f94c57cc-45d7-4bb3-bd50-419477335aea
2026-07-06 19:47:20.374 72 INFO cinder.api.openstack.wsgi [None req-1e0ae1a6-dbe8-4d8f-96c9-1211c03f2a99 013b959f51334dafb8ae1bf6adc8c42c 1314a0f459af41bfbc37eee70c6b5465 - - default default] http://[LB_IP_ADDRESS]:8776/v3/1314a0f459af41bfbc37eee70c6b5465/groups/f94c57cc-45d7-4bb3-bd50-419477335aea returned with HTTP 200
2026-07-06 19:47:20.391 73 INFO cinder.api.openstack.wsgi [None req-09035b4c-419c-4b48-919b-51aed1f37711 013b959f51334dafb8ae1bf6adc8c42c 1314a0f459af41bfbc37eee70c6b5465 - - default default] POST http://[LB_IP_ADDRESS]:8776/v3/1314a0f459af41bfbc37eee70c6b5465/groups
2026-07-06 19:47:20.404 73 INFO cinder.api.v3.groups [None req-09035b4c-419c-4b48-919b-51aed1f37711 013b959f51334dafb8ae1bf6adc8c42c 1314a0f459af41bfbc37eee70c6b5465 - - default default] Creating group tempest-Group2-1658480330.
2026-07-06 19:47:20.415 73 INFO cinder.volume.api [None req-09035b4c-419c-4b48-919b-51aed1f37711 013b959f51334dafb8ae1bf6adc8c42c 1314a0f459af41bfbc37eee70c6b5465 - - default default] Availability Zones retrieved successfully.
2026-07-06 19:47:20.864 75 INFO cinder.api.openstack.wsgi [None req-d3c5713a-2b30-486b-9f2b-e2df1af67a6c 9e207e3411794e7e8f365b984d7ae963 9bc51f0bf6e04c07b92f9000ce13f33b - - default default] GET http://[LB_IP_ADDRESS]:8776/v3/9bc51f0bf6e04c07b92f9000ce13f33b/snapshots/0a9fefc2-f234-4c74-a058-0e23ba67c73e
2026-07-06 19:47:20.874 75 INFO cinder.volume.api [None req-d3c5713a-2b30-486b-9f2b-e2df1af67a6c 9e207e3411794e7e8f365b984d7ae963 9bc51f0bf6e04c07b92f9000ce13f33b - - default default] Snapshot retrieved successfully.
2026-07-06 19:47:20.876 75 INFO cinder.api.openstack.wsgi [None req-d3c5713a-2b30-486b-9f2b-e2df1af67a6c 9e207e3411794e7e8f365b984d7ae963 9bc51f0bf6e04c07b92f9000ce13f33b - - default default] http://[LB_IP_ADDRESS]:8776/v3/9bc51f0bf6e04c07b92f9000ce13f33b/snapshots/0a9fefc2-f234-4c74-a058-0e23ba67c73e returned with HTTP 200
2026-07-06 19:47:20.888 73 INFO cinder.api.openstack.wsgi [None req-09035b4c-419c-4b48-919b-51aed1f37711 013b959f51334dafb8ae1bf6adc8c42c 1314a0f459af41bfbc37eee70c6b5465 - - default default] http://[LB_IP_ADDRESS]:8776/v3/1314a0f459af41bfbc37eee70c6b5465/groups returned with HTTP 202
2026-07-06 19:47:20.893 74 INFO cinder.api.openstack.wsgi [None req-656cf571-8e64-4a44-9ae3-50f354133ffc 97704cf76db94c45937ab0c2216ad9b7 e034ad1a81024ea5a0ff411ef9f6e853 - - default default] POST http://[LB_IP_ADDRESS]:8776/v3/e034ad1a81024ea5a0ff411ef9f6e853/snapshots/0a9fefc2-f234-4c74-a058-0e23ba67c73e/action
2026-07-06 19:47:20.902 76 INFO cinder.api.openstack.wsgi [None req-25d83c19-6002-4303-b155-e038e9d3c1f1 013b959f51334dafb8ae1bf6adc8c42c 1314a0f459af41bfbc37eee70c6b5465 - - default default] GET http://[LB_IP_ADDRESS]:8776/v3/1314a0f459af41bfbc37eee70c6b5465/groups/d753c798-fb6b-4aed-a7c2-fb9f9ec4d373
2026-07-06 19:47:20.926 76 INFO cinder.api.openstack.wsgi [None req-25d83c19-6002-4303-b155-e038e9d3c1f1 013b959f51334dafb8ae1bf6adc8c42c 1314a0f459af41bfbc37eee70c6b5465 - - default default] http://[LB_IP_ADDRESS]:8776/v3/1314a0f459af41bfbc37eee70c6b5465/groups/d753c798-fb6b-4aed-a7c2-fb9f9ec4d373 returned with HTTP 200
2026-07-06 19:47:20.931 74 INFO cinder.api.openstack.wsgi [None req-656cf571-8e64-4a44-9ae3-50f354133ffc 97704cf76db94c45937ab0c2216ad9b7 e034ad1a81024ea5a0ff411ef9f6e853 - - default default] http://[LB_IP_ADDRESS]:8776/v3/e034ad1a81024ea5a0ff411ef9f6e853/snapshots/0a9fefc2-f234-4c74-a058-0e23ba67c73e/action returned with HTTP 202
2026-07-06 19:47:20.943 72 INFO cinder.api.openstack.wsgi [None req-6bfedfd9-047e-444b-8836-d4f83b9072e0 9e207e3411794e7e8f365b984d7ae963 9bc51f0bf6e04c07b92f9000ce13f33b - - default default] GET http://[LB_IP_ADDRESS]:8776/v3/9bc51f0bf6e04c07b92f9000ce13f33b/snapshots/0a9fefc2-f234-4c74-a058-0e23ba67c73e
2026-07-06 19:47:20.954 72 INFO cinder.volume.api [None req-6bfedfd9-047e-444b-8836-d4f83b9072e0 9e207e3411794e7e8f365b984d7ae963 9bc51f0bf6e04c07b92f9000ce13f33b - - default default] Snapshot retrieved successfully.
2026-07-06 19:47:20.956 72 INFO cinder.api.openstack.wsgi [None req-6bfedfd9-047e-444b-8836-d4f83b9072e0 9e207e3411794e7e8f365b984d7ae963 9bc51f0bf6e04c07b92f9000ce13f33b - - default default] http://[LB_IP_ADDRESS]:8776/v3/9bc51f0bf6e04c07b92f9000ce13f33b/snapshots/0a9fefc2-f234-4c74-a058-0e23ba67c73e returned with HTTP 200
2026-07-06 19:47:20.973 75 INFO cinder.api.openstack.wsgi [None req-05a6485d-29fe-4773-bc3e-4dbb6876bbce 97704cf76db94c45937ab0c2216ad9b7 e034ad1a81024ea5a0ff411ef9f6e853 - - default default] POST http://[LB_IP_ADDRESS]:8776/v3/e034ad1a81024ea5a0ff411ef9f6e853/snapshots/0a9fefc2-f234-4c74-a058-0e23ba67c73e/action
2026-07-06 19:47:20.985 75 INFO cinder.volume.api [None req-05a6485d-29fe-4773-bc3e-4dbb6876bbce 97704cf76db94c45937ab0c2216ad9b7 e034ad1a81024ea5a0ff411ef9f6e853 - - default default] Snapshot retrieved successfully.
2026-07-06 19:47:21.018 75 INFO cinder.volume.api [None req-05a6485d-29fe-4773-bc3e-4dbb6876bbce 97704cf76db94c45937ab0c2216ad9b7 e034ad1a81024ea5a0ff411ef9f6e853 - - default default] Snapshot delete request issued successfully.
2026-07-06 19:47:21.019 75 INFO cinder.api.openstack.wsgi [None req-05a6485d-29fe-4773-bc3e-4dbb6876bbce 97704cf76db94c45937ab0c2216ad9b7 e034ad1a81024ea5a0ff411ef9f6e853 - - default default] http://[LB_IP_ADDRESS]:8776/v3/e034ad1a81024ea5a0ff411ef9f6e853/snapshots/0a9fefc2-f234-4c74-a058-0e23ba67c73e/action returned with HTTP 202
2026-07-06 19:47:21.031 73 INFO cinder.api.openstack.wsgi [None req-1aec8e3a-526c-48b2-9683-3795dac5700e 9e207e3411794e7e8f365b984d7ae963 9bc51f0bf6e04c07b92f9000ce13f33b - - default default] GET http://[LB_IP_ADDRESS]:8776/v3/9bc51f0bf6e04c07b92f9000ce13f33b/snapshots/0a9fefc2-f234-4c74-a058-0e23ba67c73e
2026-07-06 19:47:21.034 76 INFO cinder.api.openstack.wsgi [None req-4f03334e-8c01-4f1f-9788-97a0acb20c48 3b83be262f2c41fc8cd5b38ad885d9c7 d3d69838ecc14c26b97db8a6bbfeeb90 - - default default] GET http://[LB_IP_ADDRESS]:8776/v3/d3d69838ecc14c26b97db8a6bbfeeb90/group_snapshots/2f06d77f-7bcf-493d-8f95-a3a6a38272de
2026-07-06 19:47:21.041 73 INFO cinder.volume.api [None req-1aec8e3a-526c-48b2-9683-3795dac5700e 9e207e3411794e7e8f365b984d7ae963 9bc51f0bf6e04c07b92f9000ce13f33b - - default default] Snapshot retrieved successfully.
2026-07-06 19:47:21.042 73 INFO cinder.api.openstack.wsgi [None req-1aec8e3a-526c-48b2-9683-3795dac5700e 9e207e3411794e7e8f365b984d7ae963 9bc51f0bf6e04c07b92f9000ce13f33b - - default default] http://[LB_IP_ADDRESS]:8776/v3/9bc51f0bf6e04c07b92f9000ce13f33b/snapshots/0a9fefc2-f234-4c74-a058-0e23ba67c73e returned with HTTP 200
2026-07-06 19:47:21.050 76 INFO cinder.api.openstack.wsgi [None req-4f03334e-8c01-4f1f-9788-97a0acb20c48 3b83be262f2c41fc8cd5b38ad885d9c7 d3d69838ecc14c26b97db8a6bbfeeb90 - - default default] http://[LB_IP_ADDRESS]:8776/v3/d3d69838ecc14c26b97db8a6bbfeeb90/group_snapshots/2f06d77f-7bcf-493d-8f95-a3a6a38272de returned with HTTP 200
2026-07-06 19:47:21.065 74 INFO cinder.api.openstack.wsgi [None req-5491172d-0d75-48c7-a29b-df6660fd72e2 3b83be262f2c41fc8cd5b38ad885d9c7 d3d69838ecc14c26b97db8a6bbfeeb90 - - default default] GET http://[LB_IP_ADDRESS]:8776/v3/d3d69838ecc14c26b97db8a6bbfeeb90/snapshots/detail
2026-07-06 19:47:21.074 74 INFO cinder.volume.api [None req-5491172d-0d75-48c7-a29b-df6660fd72e2 3b83be262f2c41fc8cd5b38ad885d9c7 d3d69838ecc14c26b97db8a6bbfeeb90 - - default default] Get all snapshots completed successfully.
2026-07-06 19:47:21.077 74 INFO cinder.api.openstack.wsgi [None req-5491172d-0d75-48c7-a29b-df6660fd72e2 3b83be262f2c41fc8cd5b38ad885d9c7 d3d69838ecc14c26b97db8a6bbfeeb90 - - default default] http://[LB_IP_ADDRESS]:8776/v3/d3d69838ecc14c26b97db8a6bbfeeb90/snapshots/detail returned with HTTP 200
2026-07-06 19:47:21.094 72 INFO cinder.api.openstack.wsgi [None req-175fd5e5-0c1e-4578-8071-8c01960afb39 3b83be262f2c41fc8cd5b38ad885d9c7 d3d69838ecc14c26b97db8a6bbfeeb90 - - default default] GET http://[LB_IP_ADDRESS]:8776/v3/d3d69838ecc14c26b97db8a6bbfeeb90/snapshots/ce0b732c-269a-4701-bb82-e1eb88b5bc24
2026-07-06 19:47:21.105 72 INFO cinder.volume.api [None req-175fd5e5-0c1e-4578-8071-8c01960afb39 3b83be262f2c41fc8cd5b38ad885d9c7 d3d69838ecc14c26b97db8a6bbfeeb90 - - default default] Snapshot retrieved successfully.
2026-07-06 19:47:21.107 72 INFO cinder.api.openstack.wsgi [None req-175fd5e5-0c1e-4578-8071-8c01960afb39 3b83be262f2c41fc8cd5b38ad885d9c7 d3d69838ecc14c26b97db8a6bbfeeb90 - - default default] http://[LB_IP_ADDRESS]:8776/v3/d3d69838ecc14c26b97db8a6bbfeeb90/snapshots/ce0b732c-269a-4701-bb82-e1eb88b5bc24 returned with HTTP 200
2026-07-06 19:47:21.123 75 INFO cinder.api.openstack.wsgi [None req-9a223a3d-7a20-43bf-bbbd-b96fca1dc5f8 3b83be262f2c41fc8cd5b38ad885d9c7 d3d69838ecc14c26b97db8a6bbfeeb90 - - default default] POST http://[LB_IP_ADDRESS]:8776/v3/d3d69838ecc14c26b97db8a6bbfeeb90/groups/action
2026-07-06 19:47:21.128 75 INFO cinder.api.v3.groups [None req-9a223a3d-7a20-43bf-bbbd-b96fca1dc5f8 3b83be262f2c41fc8cd5b38ad885d9c7 d3d69838ecc14c26b97db8a6bbfeeb90 - - default default] Creating group tempest-Group_from_snap-790953926 from group_snapshot 2f06d77f-7bcf-493d-8f95-a3a6a38272de.
2026-07-06 19:47:21.865 75 INFO cinder.group.api [None req-9a223a3d-7a20-43bf-bbbd-b96fca1dc5f8 3b83be262f2c41fc8cd5b38ad885d9c7 d3d69838ecc14c26b97db8a6bbfeeb90 - - default default] A mapping entry already exists for group 92c7eb3b-4c8c-4665-a0e0-c48b3686de39 and volume type 5228aaa1-0978-4f34-abf3-4241f6e243ff. Do not need to create again.
2026-07-06 19:47:21.867 75 INFO cinder.volume.api [None req-9a223a3d-7a20-43bf-bbbd-b96fca1dc5f8 3b83be262f2c41fc8cd5b38ad885d9c7 d3d69838ecc14c26b97db8a6bbfeeb90 - - default default] Availability Zones retrieved successfully.
2026-07-06 19:47:21.943 73 INFO cinder.api.openstack.wsgi [None req-118639bf-396b-42f1-bff6-61f21cf6303f 013b959f51334dafb8ae1bf6adc8c42c 1314a0f459af41bfbc37eee70c6b5465 - - default default] GET http://[LB_IP_ADDRESS]:8776/v3/1314a0f459af41bfbc37eee70c6b5465/groups/d753c798-fb6b-4aed-a7c2-fb9f9ec4d373
2026-07-06 19:47:21.966 73 INFO cinder.api.openstack.wsgi [None req-118639bf-396b-42f1-bff6-61f21cf6303f 013b959f51334dafb8ae1bf6adc8c42c 1314a0f459af41bfbc37eee70c6b5465 - - default default] http://[LB_IP_ADDRESS]:8776/v3/1314a0f459af41bfbc37eee70c6b5465/groups/d753c798-fb6b-4aed-a7c2-fb9f9ec4d373 returned with HTTP 200
2026-07-06 19:47:21.983 76 INFO cinder.api.openstack.wsgi [None req-1a6d5c5c-87b4-4f9a-ae62-b084d4ad2f72 013b959f51334dafb8ae1bf6adc8c42c 1314a0f459af41bfbc37eee70c6b5465 - - default default] POST http://[LB_IP_ADDRESS]:8776/v3/1314a0f459af41bfbc37eee70c6b5465/volumes
2026-07-06 19:47:21.999 76 INFO cinder.api.v3.volumes [None req-1a6d5c5c-87b4-4f9a-ae62-b084d4ad2f72 013b959f51334dafb8ae1bf6adc8c42c 1314a0f459af41bfbc37eee70c6b5465 - - default default] Create volume of 1 GB
2026-07-06 19:47:22.013 76 INFO cinder.volume.api [None req-1a6d5c5c-87b4-4f9a-ae62-b084d4ad2f72 013b959f51334dafb8ae1bf6adc8c42c 1314a0f459af41bfbc37eee70c6b5465 - - default default] Availability Zones retrieved successfully.
2026-07-06 19:47:22.059 74 INFO cinder.api.openstack.wsgi [None req-11a0a052-b051-4a0c-a120-762e1e813d57 9e207e3411794e7e8f365b984d7ae963 9bc51f0bf6e04c07b92f9000ce13f33b - - default default] GET http://[LB_IP_ADDRESS]:8776/v3/9bc51f0bf6e04c07b92f9000ce13f33b/snapshots/0a9fefc2-f234-4c74-a058-0e23ba67c73e
2026-07-06 19:47:22.067 74 INFO cinder.api.openstack.wsgi [None req-11a0a052-b051-4a0c-a120-762e1e813d57 9e207e3411794e7e8f365b984d7ae963 9bc51f0bf6e04c07b92f9000ce13f33b - - default default] http://[LB_IP_ADDRESS]:8776/v3/9bc51f0bf6e04c07b92f9000ce13f33b/snapshots/0a9fefc2-f234-4c74-a058-0e23ba67c73e returned with HTTP 404
2026-07-06 19:47:22.080 72 INFO cinder.api.openstack.wsgi [None req-468a12e1-e981-40fd-aca1-6d335b4d0d8b 97704cf76db94c45937ab0c2216ad9b7 e034ad1a81024ea5a0ff411ef9f6e853 - - default default] POST http://[LB_IP_ADDRESS]:8776/v3/e034ad1a81024ea5a0ff411ef9f6e853/snapshots/f35a2371-d2ca-4db8-8e5c-69fa793965e3/action
2026-07-06 19:47:22.116 72 INFO cinder.api.openstack.wsgi [None req-468a12e1-e981-40fd-aca1-6d335b4d0d8b 97704cf76db94c45937ab0c2216ad9b7 e034ad1a81024ea5a0ff411ef9f6e853 - - default default] http://[LB_IP_ADDRESS]:8776/v3/e034ad1a81024ea5a0ff411ef9f6e853/snapshots/f35a2371-d2ca-4db8-8e5c-69fa793965e3/action returned with HTTP 202
2026-07-06 19:47:22.129 73 INFO cinder.api.openstack.wsgi [None req-cc2eadce-2c12-4e5d-aa8f-e335653eb354 9e207e3411794e7e8f365b984d7ae963 9bc51f0bf6e04c07b92f9000ce13f33b - - default default] GET http://[LB_IP_ADDRESS]:8776/v3/9bc51f0bf6e04c07b92f9000ce13f33b/snapshots/f35a2371-d2ca-4db8-8e5c-69fa793965e3
2026-07-06 19:47:22.139 73 INFO cinder.volume.api [None req-cc2eadce-2c12-4e5d-aa8f-e335653eb354 9e207e3411794e7e8f365b984d7ae963 9bc51f0bf6e04c07b92f9000ce13f33b - - default default] Snapshot retrieved successfully.
2026-07-06 19:47:22.141 73 INFO cinder.api.openstack.wsgi [None req-cc2eadce-2c12-4e5d-aa8f-e335653eb354 9e207e3411794e7e8f365b984d7ae963 9bc51f0bf6e04c07b92f9000ce13f33b - - default default] http://[LB_IP_ADDRESS]:8776/v3/9bc51f0bf6e04c07b92f9000ce13f33b/snapshots/f35a2371-d2ca-4db8-8e5c-69fa793965e3 returned with HTTP 200
2026-07-06 19:47:22.158 74 INFO cinder.api.openstack.wsgi [None req-3fa6bcd2-01a7-4889-9f1b-4387fd7072e9 9e207e3411794e7e8f365b984d7ae963 9bc51f0bf6e04c07b92f9000ce13f33b - - default default] DELETE http://[LB_IP_ADDRESS]:8776/v3/9bc51f0bf6e04c07b92f9000ce13f33b/snapshots/0a9fefc2-f234-4c74-a058-0e23ba67c73e
2026-07-06 19:47:22.159 74 INFO cinder.api.v2.snapshots [None req-3fa6bcd2-01a7-4889-9f1b-4387fd7072e9 9e207e3411794e7e8f365b984d7ae963 9bc51f0bf6e04c07b92f9000ce13f33b - - default default] Delete snapshot with id: 0a9fefc2-f234-4c74-a058-0e23ba67c73e
2026-07-06 19:47:22.168 74 INFO cinder.api.openstack.wsgi [None req-3fa6bcd2-01a7-4889-9f1b-4387fd7072e9 9e207e3411794e7e8f365b984d7ae963 9bc51f0bf6e04c07b92f9000ce13f33b - - default default] http://[LB_IP_ADDRESS]:8776/v3/9bc51f0bf6e04c07b92f9000ce13f33b/snapshots/0a9fefc2-f234-4c74-a058-0e23ba67c73e returned with HTTP 404
2026-07-06 19:47:22.181 72 INFO cinder.api.openstack.wsgi [None req-2923c887-b9ee-4fcc-8909-bafa09818e1a 9e207e3411794e7e8f365b984d7ae963 9bc51f0bf6e04c07b92f9000ce13f33b - - default default] POST http://[LB_IP_ADDRESS]:8776/v3/9bc51f0bf6e04c07b92f9000ce13f33b/snapshots
2026-07-06 19:47:22.197 72 INFO cinder.volume.api [None req-2923c887-b9ee-4fcc-8909-bafa09818e1a 9e207e3411794e7e8f365b984d7ae963 9bc51f0bf6e04c07b92f9000ce13f33b - - default default] Volume info retrieved successfully.
2026-07-06 19:47:22.197 72 INFO cinder.api.v3.snapshots [None req-2923c887-b9ee-4fcc-8909-bafa09818e1a 9e207e3411794e7e8f365b984d7ae963 9bc51f0bf6e04c07b92f9000ce13f33b - - default default] Create snapshot from volume bc900ae4-861d-42b4-8368-1eb434e77cbe
2026-07-06 19:47:22.305 75 INFO cinder.volume.api [None req-9a223a3d-7a20-43bf-bbbd-b96fca1dc5f8 3b83be262f2c41fc8cd5b38ad885d9c7 d3d69838ecc14c26b97db8a6bbfeeb90 - - default default] Create volume request issued successfully.
2026-07-06 19:47:22.328 75 INFO cinder.api.openstack.wsgi [None req-9a223a3d-7a20-43bf-bbbd-b96fca1dc5f8 3b83be262f2c41fc8cd5b38ad885d9c7 d3d69838ecc14c26b97db8a6bbfeeb90 - - default default] http://[LB_IP_ADDRESS]:8776/v3/d3d69838ecc14c26b97db8a6bbfeeb90/groups/action returned with HTTP 202
2026-07-06 19:47:22.342 73 INFO cinder.api.openstack.wsgi [None req-9141f525-4ff4-4662-a92e-b40c2e489739 3b83be262f2c41fc8cd5b38ad885d9c7 d3d69838ecc14c26b97db8a6bbfeeb90 - - default default] GET http://[LB_IP_ADDRESS]:8776/v3/d3d69838ecc14c26b97db8a6bbfeeb90/volumes/detail
2026-07-06 19:47:22.358 73 INFO cinder.volume.api [None req-9141f525-4ff4-4662-a92e-b40c2e489739 3b83be262f2c41fc8cd5b38ad885d9c7 d3d69838ecc14c26b97db8a6bbfeeb90 - - default default] Get all volumes completed successfully.
2026-07-06 19:47:22.411 73 INFO cinder.api.openstack.wsgi [None req-9141f525-4ff4-4662-a92e-b40c2e489739 3b83be262f2c41fc8cd5b38ad885d9c7 d3d69838ecc14c26b97db8a6bbfeeb90 - - default default] http://[LB_IP_ADDRESS]:8776/v3/d3d69838ecc14c26b97db8a6bbfeeb90/volumes/detail returned with HTTP 200
2026-07-06 19:47:22.417 72 INFO cinder.volume.api [None req-2923c887-b9ee-4fcc-8909-bafa09818e1a 9e207e3411794e7e8f365b984d7ae963 9bc51f0bf6e04c07b92f9000ce13f33b - - default default] Snapshot create request issued successfully.
2026-07-06 19:47:22.418 72 INFO cinder.api.openstack.wsgi [None req-2923c887-b9ee-4fcc-8909-bafa09818e1a 9e207e3411794e7e8f365b984d7ae963 9bc51f0bf6e04c07b92f9000ce13f33b - - default default] http://[LB_IP_ADDRESS]:8776/v3/9bc51f0bf6e04c07b92f9000ce13f33b/snapshots returned with HTTP 202
2026-07-06 19:47:22.434 74 INFO cinder.api.openstack.wsgi [None req-d719e1e5-6f71-4483-a1e2-479c240cc380 9e207e3411794e7e8f365b984d7ae963 9bc51f0bf6e04c07b92f9000ce13f33b - - default default] GET http://[LB_IP_ADDRESS]:8776/v3/9bc51f0bf6e04c07b92f9000ce13f33b/snapshots/c8aa8bfa-f9c5-43ab-95cd-47ecf807099a
2026-07-06 19:47:22.434 75 INFO cinder.api.openstack.wsgi [None req-9ada644a-c4dc-4494-ada6-90dfbe224164 3b83be262f2c41fc8cd5b38ad885d9c7 d3d69838ecc14c26b97db8a6bbfeeb90 - - default default] GET http://[LB_IP_ADDRESS]:8776/v3/d3d69838ecc14c26b97db8a6bbfeeb90/volumes/647e3de1-634f-4401-8e24-80992b9ce5fb
2026-07-06 19:47:22.444 74 INFO cinder.volume.api [None req-d719e1e5-6f71-4483-a1e2-479c240cc380 9e207e3411794e7e8f365b984d7ae963 9bc51f0bf6e04c07b92f9000ce13f33b - - default default] Snapshot retrieved successfully.
2026-07-06 19:47:22.446 74 INFO cinder.api.openstack.wsgi [None req-d719e1e5-6f71-4483-a1e2-479c240cc380 9e207e3411794e7e8f365b984d7ae963 9bc51f0bf6e04c07b92f9000ce13f33b - - default default] http://[LB_IP_ADDRESS]:8776/v3/9bc51f0bf6e04c07b92f9000ce13f33b/snapshots/c8aa8bfa-f9c5-43ab-95cd-47ecf807099a returned with HTTP 200
2026-07-06 19:47:22.456 75 INFO cinder.volume.api [None req-9ada644a-c4dc-4494-ada6-90dfbe224164 3b83be262f2c41fc8cd5b38ad885d9c7 d3d69838ecc14c26b97db8a6bbfeeb90 - - default default] Volume info retrieved successfully.
2026-07-06 19:47:22.485 75 INFO cinder.api.openstack.wsgi [None req-9ada644a-c4dc-4494-ada6-90dfbe224164 3b83be262f2c41fc8cd5b38ad885d9c7 d3d69838ecc14c26b97db8a6bbfeeb90 - - default default] http://[LB_IP_ADDRESS]:8776/v3/d3d69838ecc14c26b97db8a6bbfeeb90/volumes/647e3de1-634f-4401-8e24-80992b9ce5fb returned with HTTP 200
2026-07-06 19:47:22.603 76 WARNING cinder.quota [None req-1a6d5c5c-87b4-4f9a-ae62-b084d4ad2f72 013b959f51334dafb8ae1bf6adc8c42c 1314a0f459af41bfbc37eee70c6b5465 - - default default] Deprecated: Default quota for resource: volumes_tempest-GroupsTest-volume-type-48532407 is set by the default quota flag: quota_volumes_tempest-GroupsTest-volume-type-48532407, it is now deprecated. Please use the default quota class for default quota.
2026-07-06 19:47:22.604 76 WARNING cinder.quota [None req-1a6d5c5c-87b4-4f9a-ae62-b084d4ad2f72 013b959f51334dafb8ae1bf6adc8c42c 1314a0f459af41bfbc37eee70c6b5465 - - default default] Deprecated: Default quota for resource: gigabytes_tempest-GroupsTest-volume-type-48532407 is set by the default quota flag: quota_gigabytes_tempest-GroupsTest-volume-type-48532407, it is now deprecated. Please use the default quota class for default quota.
2026-07-06 19:47:23.168 76 INFO cinder.volume.api [None req-1a6d5c5c-87b4-4f9a-ae62-b084d4ad2f72 013b959f51334dafb8ae1bf6adc8c42c 1314a0f459af41bfbc37eee70c6b5465 - - default default] Create volume request issued successfully.
2026-07-06 19:47:23.192 76 INFO cinder.api.openstack.wsgi [None req-1a6d5c5c-87b4-4f9a-ae62-b084d4ad2f72 013b959f51334dafb8ae1bf6adc8c42c 1314a0f459af41bfbc37eee70c6b5465 - - default default] http://[LB_IP_ADDRESS]:8776/v3/1314a0f459af41bfbc37eee70c6b5465/volumes returned with HTTP 202
2026-07-06 19:47:23.213 73 INFO cinder.api.openstack.wsgi [None req-b6c8bbbf-db9a-4e97-af70-97ff664244d1 013b959f51334dafb8ae1bf6adc8c42c 1314a0f459af41bfbc37eee70c6b5465 - - default default] GET http://[LB_IP_ADDRESS]:8776/v3/1314a0f459af41bfbc37eee70c6b5465/volumes/a9901437-04d4-43d9-8741-728634b71856
2026-07-06 19:47:23.235 73 INFO cinder.volume.api [None req-b6c8bbbf-db9a-4e97-af70-97ff664244d1 013b959f51334dafb8ae1bf6adc8c42c 1314a0f459af41bfbc37eee70c6b5465 - - default default] Volume info retrieved successfully.
2026-07-06 19:47:23.266 73 INFO cinder.api.openstack.wsgi [None req-b6c8bbbf-db9a-4e97-af70-97ff664244d1 013b959f51334dafb8ae1bf6adc8c42c 1314a0f459af41bfbc37eee70c6b5465 - - default default] http://[LB_IP_ADDRESS]:8776/v3/1314a0f459af41bfbc37eee70c6b5465/volumes/a9901437-04d4-43d9-8741-728634b71856 returned with HTTP 200
2026-07-06 19:47:23.464 72 INFO cinder.api.openstack.wsgi [None req-abc5dfb4-9a92-4951-8a28-826dab974cf5 9e207e3411794e7e8f365b984d7ae963 9bc51f0bf6e04c07b92f9000ce13f33b - - default default] GET http://[LB_IP_ADDRESS]:8776/v3/9bc51f0bf6e04c07b92f9000ce13f33b/snapshots/c8aa8bfa-f9c5-43ab-95cd-47ecf807099a
2026-07-06 19:47:23.475 72 INFO cinder.volume.api [None req-abc5dfb4-9a92-4951-8a28-826dab974cf5 9e207e3411794e7e8f365b984d7ae963 9bc51f0bf6e04c07b92f9000ce13f33b - - default default] Snapshot retrieved successfully.
2026-07-06 19:47:23.477 72 INFO cinder.api.openstack.wsgi [None req-abc5dfb4-9a92-4951-8a28-826dab974cf5 9e207e3411794e7e8f365b984d7ae963 9bc51f0bf6e04c07b92f9000ce13f33b - - default default] http://[LB_IP_ADDRESS]:8776/v3/9bc51f0bf6e04c07b92f9000ce13f33b/snapshots/c8aa8bfa-f9c5-43ab-95cd-47ecf807099a returned with HTTP 200
2026-07-06 19:47:23.508 74 INFO cinder.api.openstack.wsgi [None req-e64f6eec-22a1-439d-8e5b-94ce528dbf4d 3b83be262f2c41fc8cd5b38ad885d9c7 d3d69838ecc14c26b97db8a6bbfeeb90 - - default default] GET http://[LB_IP_ADDRESS]:8776/v3/d3d69838ecc14c26b97db8a6bbfeeb90/volumes/647e3de1-634f-4401-8e24-80992b9ce5fb
2026-07-06 19:47:23.530 74 INFO cinder.volume.api [None req-e64f6eec-22a1-439d-8e5b-94ce528dbf4d 3b83be262f2c41fc8cd5b38ad885d9c7 d3d69838ecc14c26b97db8a6bbfeeb90 - - default default] Volume info retrieved successfully.
2026-07-06 19:47:23.560 74 INFO cinder.api.openstack.wsgi [None req-e64f6eec-22a1-439d-8e5b-94ce528dbf4d 3b83be262f2c41fc8cd5b38ad885d9c7 d3d69838ecc14c26b97db8a6bbfeeb90 - - default default] http://[LB_IP_ADDRESS]:8776/v3/d3d69838ecc14c26b97db8a6bbfeeb90/volumes/647e3de1-634f-4401-8e24-80992b9ce5fb returned with HTTP 200
2026-07-06 19:47:23.583 75 INFO cinder.api.openstack.wsgi [None req-f55db40b-18bb-4b04-b1cf-88a97c11be80 3b83be262f2c41fc8cd5b38ad885d9c7 d3d69838ecc14c26b97db8a6bbfeeb90 - - default default] GET http://[LB_IP_ADDRESS]:8776/v3/d3d69838ecc14c26b97db8a6bbfeeb90/groups/92c7eb3b-4c8c-4665-a0e0-c48b3686de39
2026-07-06 19:47:23.604 75 INFO cinder.api.openstack.wsgi [None req-f55db40b-18bb-4b04-b1cf-88a97c11be80 3b83be262f2c41fc8cd5b38ad885d9c7 d3d69838ecc14c26b97db8a6bbfeeb90 - - default default] http://[LB_IP_ADDRESS]:8776/v3/d3d69838ecc14c26b97db8a6bbfeeb90/groups/92c7eb3b-4c8c-4665-a0e0-c48b3686de39 returned with HTTP 200
2026-07-06 19:47:23.621 76 INFO cinder.api.openstack.wsgi [None req-b6e4f572-2403-4b28-87a7-44a7e793933d 3b83be262f2c41fc8cd5b38ad885d9c7 d3d69838ecc14c26b97db8a6bbfeeb90 - - default default] GET http://[LB_IP_ADDRESS]:8776/v3/d3d69838ecc14c26b97db8a6bbfeeb90/volumes/detail
2026-07-06 19:47:23.638 76 INFO cinder.volume.api [None req-b6e4f572-2403-4b28-87a7-44a7e793933d 3b83be262f2c41fc8cd5b38ad885d9c7 d3d69838ecc14c26b97db8a6bbfeeb90 - - default default] Get all volumes completed successfully.
2026-07-06 19:47:23.691 76 INFO cinder.api.openstack.wsgi [None req-b6e4f572-2403-4b28-87a7-44a7e793933d 3b83be262f2c41fc8cd5b38ad885d9c7 d3d69838ecc14c26b97db8a6bbfeeb90 - - default default] http://[LB_IP_ADDRESS]:8776/v3/d3d69838ecc14c26b97db8a6bbfeeb90/volumes/detail returned with HTTP 200
2026-07-06 19:47:23.717 73 INFO cinder.api.openstack.wsgi [None req-68ce895b-d4b6-4492-89b7-0c4c1cc9d05a 3b83be262f2c41fc8cd5b38ad885d9c7 d3d69838ecc14c26b97db8a6bbfeeb90 - - default default] POST http://[LB_IP_ADDRESS]:8776/v3/d3d69838ecc14c26b97db8a6bbfeeb90/groups/92c7eb3b-4c8c-4665-a0e0-c48b3686de39/action
2026-07-06 19:47:23.721 73 INFO cinder.api.v3.groups [None req-68ce895b-d4b6-4492-89b7-0c4c1cc9d05a 3b83be262f2c41fc8cd5b38ad885d9c7 d3d69838ecc14c26b97db8a6bbfeeb90 - - default default] Delete group with id: 92c7eb3b-4c8c-4665-a0e0-c48b3686de39
2026-07-06 19:47:23.785 73 INFO cinder.api.openstack.wsgi [None req-68ce895b-d4b6-4492-89b7-0c4c1cc9d05a 3b83be262f2c41fc8cd5b38ad885d9c7 d3d69838ecc14c26b97db8a6bbfeeb90 - - default default] http://[LB_IP_ADDRESS]:8776/v3/d3d69838ecc14c26b97db8a6bbfeeb90/groups/92c7eb3b-4c8c-4665-a0e0-c48b3686de39/action returned with HTTP 202
2026-07-06 19:47:23.797 72 INFO cinder.api.openstack.wsgi [None req-1629bf56-3a9e-4e8c-aae5-ddab489c3797 3b83be262f2c41fc8cd5b38ad885d9c7 d3d69838ecc14c26b97db8a6bbfeeb90 - - default default] GET http://[LB_IP_ADDRESS]:8776/v3/d3d69838ecc14c26b97db8a6bbfeeb90/volumes/647e3de1-634f-4401-8e24-80992b9ce5fb
2026-07-06 19:47:23.820 72 INFO cinder.volume.api [None req-1629bf56-3a9e-4e8c-aae5-ddab489c3797 3b83be262f2c41fc8cd5b38ad885d9c7 d3d69838ecc14c26b97db8a6bbfeeb90 - - default default] Volume info retrieved successfully.
2026-07-06 19:47:23.849 72 INFO cinder.api.openstack.wsgi [None req-1629bf56-3a9e-4e8c-aae5-ddab489c3797 3b83be262f2c41fc8cd5b38ad885d9c7 d3d69838ecc14c26b97db8a6bbfeeb90 - - default default] http://[LB_IP_ADDRESS]:8776/v3/d3d69838ecc14c26b97db8a6bbfeeb90/volumes/647e3de1-634f-4401-8e24-80992b9ce5fb returned with HTTP 200
2026-07-06 19:47:24.289 74 INFO cinder.api.openstack.wsgi [None req-112e2255-77cb-4d9d-b1df-905d6d02d509 013b959f51334dafb8ae1bf6adc8c42c 1314a0f459af41bfbc37eee70c6b5465 - - default default] GET http://[LB_IP_ADDRESS]:8776/v3/1314a0f459af41bfbc37eee70c6b5465/volumes/a9901437-04d4-43d9-8741-728634b71856
2026-07-06 19:47:24.309 74 INFO cinder.volume.api [None req-112e2255-77cb-4d9d-b1df-905d6d02d509 013b959f51334dafb8ae1bf6adc8c42c 1314a0f459af41bfbc37eee70c6b5465 - - default default] Volume info retrieved successfully.
2026-07-06 19:47:24.338 74 INFO cinder.api.openstack.wsgi [None req-112e2255-77cb-4d9d-b1df-905d6d02d509 013b959f51334dafb8ae1bf6adc8c42c 1314a0f459af41bfbc37eee70c6b5465 - - default default] http://[LB_IP_ADDRESS]:8776/v3/1314a0f459af41bfbc37eee70c6b5465/volumes/a9901437-04d4-43d9-8741-728634b71856 returned with HTTP 200
2026-07-06 19:47:24.364 75 INFO cinder.api.openstack.wsgi [None req-545e28d7-682d-4180-835c-b1e368661009 013b959f51334dafb8ae1bf6adc8c42c 1314a0f459af41bfbc37eee70c6b5465 - - default default] GET http://[LB_IP_ADDRESS]:8776/v3/1314a0f459af41bfbc37eee70c6b5465/groups/f94c57cc-45d7-4bb3-bd50-419477335aea
2026-07-06 19:47:24.386 75 INFO cinder.api.openstack.wsgi [None req-545e28d7-682d-4180-835c-b1e368661009 013b959f51334dafb8ae1bf6adc8c42c 1314a0f459af41bfbc37eee70c6b5465 - - default default] http://[LB_IP_ADDRESS]:8776/v3/1314a0f459af41bfbc37eee70c6b5465/groups/f94c57cc-45d7-4bb3-bd50-419477335aea returned with HTTP 200
2026-07-06 19:47:24.405 76 INFO cinder.api.openstack.wsgi [None req-d28f5a41-97c1-4a25-8b65-c8dbb80a0654 013b959f51334dafb8ae1bf6adc8c42c 1314a0f459af41bfbc37eee70c6b5465 - - default default] GET http://[LB_IP_ADDRESS]:8776/v3/1314a0f459af41bfbc37eee70c6b5465/groups/d753c798-fb6b-4aed-a7c2-fb9f9ec4d373
2026-07-06 19:47:24.428 76 INFO cinder.api.openstack.wsgi [None req-d28f5a41-97c1-4a25-8b65-c8dbb80a0654 013b959f51334dafb8ae1bf6adc8c42c 1314a0f459af41bfbc37eee70c6b5465 - - default default] http://[LB_IP_ADDRESS]:8776/v3/1314a0f459af41bfbc37eee70c6b5465/groups/d753c798-fb6b-4aed-a7c2-fb9f9ec4d373 returned with HTTP 200
2026-07-06 19:47:24.445 73 INFO cinder.api.openstack.wsgi [None req-002adfc1-28a2-4f69-93fc-1986c4f06e2f 013b959f51334dafb8ae1bf6adc8c42c 1314a0f459af41bfbc37eee70c6b5465 - - default default] GET http://[LB_IP_ADDRESS]:8776/v3/1314a0f459af41bfbc37eee70c6b5465/groups/detail
2026-07-06 19:47:24.484 73 INFO cinder.api.openstack.wsgi [None req-002adfc1-28a2-4f69-93fc-1986c4f06e2f 013b959f51334dafb8ae1bf6adc8c42c 1314a0f459af41bfbc37eee70c6b5465 - - default default] http://[LB_IP_ADDRESS]:8776/v3/1314a0f459af41bfbc37eee70c6b5465/groups/detail returned with HTTP 200
2026-07-06 19:47:24.494 72 INFO cinder.api.openstack.wsgi [None req-44decc32-c65d-49f8-816d-ab47314597fc 9e207e3411794e7e8f365b984d7ae963 9bc51f0bf6e04c07b92f9000ce13f33b - - default default] GET http://[LB_IP_ADDRESS]:8776/v3/9bc51f0bf6e04c07b92f9000ce13f33b/snapshots/c8aa8bfa-f9c5-43ab-95cd-47ecf807099a
2026-07-06 19:47:24.501 74 INFO cinder.api.openstack.wsgi [None req-d18d9048-f92f-4844-b611-354587cbfa08 013b959f51334dafb8ae1bf6adc8c42c 1314a0f459af41bfbc37eee70c6b5465 - - default default] GET http://[LB_IP_ADDRESS]:8776/v3/1314a0f459af41bfbc37eee70c6b5465/volumes/detail
2026-07-06 19:47:24.504 72 INFO cinder.volume.api [None req-44decc32-c65d-49f8-816d-ab47314597fc 9e207e3411794e7e8f365b984d7ae963 9bc51f0bf6e04c07b92f9000ce13f33b - - default default] Snapshot retrieved successfully.
2026-07-06 19:47:24.506 72 INFO cinder.api.openstack.wsgi [None req-44decc32-c65d-49f8-816d-ab47314597fc 9e207e3411794e7e8f365b984d7ae963 9bc51f0bf6e04c07b92f9000ce13f33b - - default default] http://[LB_IP_ADDRESS]:8776/v3/9bc51f0bf6e04c07b92f9000ce13f33b/snapshots/c8aa8bfa-f9c5-43ab-95cd-47ecf807099a returned with HTTP 200
2026-07-06 19:47:24.514 74 INFO cinder.volume.api [None req-d18d9048-f92f-4844-b611-354587cbfa08 013b959f51334dafb8ae1bf6adc8c42c 1314a0f459af41bfbc37eee70c6b5465 - - default default] Get all volumes completed successfully.
2026-07-06 19:47:24.523 75 INFO cinder.api.openstack.wsgi [None req-98d8a4a6-1015-4ab9-9d23-cfd6994b5cd3 97704cf76db94c45937ab0c2216ad9b7 e034ad1a81024ea5a0ff411ef9f6e853 - - default default] POST http://[LB_IP_ADDRESS]:8776/v3/e034ad1a81024ea5a0ff411ef9f6e853/snapshots/c8aa8bfa-f9c5-43ab-95cd-47ecf807099a/action
2026-07-06 19:47:24.546 74 INFO cinder.api.openstack.wsgi [None req-d18d9048-f92f-4844-b611-354587cbfa08 013b959f51334dafb8ae1bf6adc8c42c 1314a0f459af41bfbc37eee70c6b5465 - - default default] http://[LB_IP_ADDRESS]:8776/v3/1314a0f459af41bfbc37eee70c6b5465/volumes/detail returned with HTTP 200
2026-07-06 19:47:24.559 75 INFO cinder.api.openstack.wsgi [None req-98d8a4a6-1015-4ab9-9d23-cfd6994b5cd3 97704cf76db94c45937ab0c2216ad9b7 e034ad1a81024ea5a0ff411ef9f6e853 - - default default] http://[LB_IP_ADDRESS]:8776/v3/e034ad1a81024ea5a0ff411ef9f6e853/snapshots/c8aa8bfa-f9c5-43ab-95cd-47ecf807099a/action returned with HTTP 202
2026-07-06 19:47:24.568 76 INFO cinder.api.openstack.wsgi [None req-de1c8be5-d22a-419b-a2e3-a87a5299a47c 013b959f51334dafb8ae1bf6adc8c42c 1314a0f459af41bfbc37eee70c6b5465 - - default default] GET http://[LB_IP_ADDRESS]:8776/v3/1314a0f459af41bfbc37eee70c6b5465/volumes/detail
2026-07-06 19:47:24.571 73 INFO cinder.api.openstack.wsgi [None req-b093dad5-7e0c-46e4-94ef-e861f31139ac 9e207e3411794e7e8f365b984d7ae963 9bc51f0bf6e04c07b92f9000ce13f33b - - default default] GET http://[LB_IP_ADDRESS]:8776/v3/9bc51f0bf6e04c07b92f9000ce13f33b/snapshots/c8aa8bfa-f9c5-43ab-95cd-47ecf807099a
2026-07-06 19:47:24.583 73 INFO cinder.volume.api [None req-b093dad5-7e0c-46e4-94ef-e861f31139ac 9e207e3411794e7e8f365b984d7ae963 9bc51f0bf6e04c07b92f9000ce13f33b - - default default] Snapshot retrieved successfully.
2026-07-06 19:47:24.584 76 INFO cinder.volume.api [None req-de1c8be5-d22a-419b-a2e3-a87a5299a47c 013b959f51334dafb8ae1bf6adc8c42c 1314a0f459af41bfbc37eee70c6b5465 - - default default] Get all volumes completed successfully.
2026-07-06 19:47:24.585 73 INFO cinder.api.openstack.wsgi [None req-b093dad5-7e0c-46e4-94ef-e861f31139ac 9e207e3411794e7e8f365b984d7ae963 9bc51f0bf6e04c07b92f9000ce13f33b - - default default] http://[LB_IP_ADDRESS]:8776/v3/9bc51f0bf6e04c07b92f9000ce13f33b/snapshots/c8aa8bfa-f9c5-43ab-95cd-47ecf807099a returned with HTTP 200
2026-07-06 19:47:24.600 72 INFO cinder.api.openstack.wsgi [None req-ba66d363-a14c-47e7-9eb7-46f8b9f1399b 97704cf76db94c45937ab0c2216ad9b7 e034ad1a81024ea5a0ff411ef9f6e853 - - default default] POST http://[LB_IP_ADDRESS]:8776/v3/e034ad1a81024ea5a0ff411ef9f6e853/snapshots/c8aa8bfa-f9c5-43ab-95cd-47ecf807099a/action
2026-07-06 19:47:24.610 72 INFO cinder.volume.api [None req-ba66d363-a14c-47e7-9eb7-46f8b9f1399b 97704cf76db94c45937ab0c2216ad9b7 e034ad1a81024ea5a0ff411ef9f6e853 - - default default] Snapshot retrieved successfully.
2026-07-06 19:47:24.615 76 INFO cinder.api.openstack.wsgi [None req-de1c8be5-d22a-419b-a2e3-a87a5299a47c 013b959f51334dafb8ae1bf6adc8c42c 1314a0f459af41bfbc37eee70c6b5465 - - default default] http://[LB_IP_ADDRESS]:8776/v3/1314a0f459af41bfbc37eee70c6b5465/volumes/detail returned with HTTP 200
2026-07-06 19:47:24.637 74 INFO cinder.api.openstack.wsgi [None req-64294634-1d1b-429f-9eb4-3f33f0d4b635 013b959f51334dafb8ae1bf6adc8c42c 1314a0f459af41bfbc37eee70c6b5465 - - default default] POST http://[LB_IP_ADDRESS]:8776/v3/1314a0f459af41bfbc37eee70c6b5465/groups/f94c57cc-45d7-4bb3-bd50-419477335aea/action
2026-07-06 19:47:24.637 72 INFO cinder.volume.api [None req-ba66d363-a14c-47e7-9eb7-46f8b9f1399b 97704cf76db94c45937ab0c2216ad9b7 e034ad1a81024ea5a0ff411ef9f6e853 - - default default] Snapshot delete request issued successfully.
2026-07-06 19:47:24.638 72 INFO cinder.api.openstack.wsgi [None req-ba66d363-a14c-47e7-9eb7-46f8b9f1399b 97704cf76db94c45937ab0c2216ad9b7 e034ad1a81024ea5a0ff411ef9f6e853 - - default default] http://[LB_IP_ADDRESS]:8776/v3/e034ad1a81024ea5a0ff411ef9f6e853/snapshots/c8aa8bfa-f9c5-43ab-95cd-47ecf807099a/action returned with HTTP 202
2026-07-06 19:47:24.641 74 INFO cinder.api.v3.groups [None req-64294634-1d1b-429f-9eb4-3f33f0d4b635 013b959f51334dafb8ae1bf6adc8c42c 1314a0f459af41bfbc37eee70c6b5465 - - default default] Delete group with id: f94c57cc-45d7-4bb3-bd50-419477335aea
2026-07-06 19:47:24.651 75 INFO cinder.api.openstack.wsgi [None req-8482ec53-602e-4d30-83af-258a067e045d 9e207e3411794e7e8f365b984d7ae963 9bc51f0bf6e04c07b92f9000ce13f33b - - default default] GET http://[LB_IP_ADDRESS]:8776/v3/9bc51f0bf6e04c07b92f9000ce13f33b/snapshots/c8aa8bfa-f9c5-43ab-95cd-47ecf807099a
2026-07-06 19:47:24.661 75 INFO cinder.volume.api [None req-8482ec53-602e-4d30-83af-258a067e045d 9e207e3411794e7e8f365b984d7ae963 9bc51f0bf6e04c07b92f9000ce13f33b - - default default] Snapshot retrieved successfully.
2026-07-06 19:47:24.662 75 INFO cinder.api.openstack.wsgi [None req-8482ec53-602e-4d30-83af-258a067e045d 9e207e3411794e7e8f365b984d7ae963 9bc51f0bf6e04c07b92f9000ce13f33b - - default default] http://[LB_IP_ADDRESS]:8776/v3/9bc51f0bf6e04c07b92f9000ce13f33b/snapshots/c8aa8bfa-f9c5-43ab-95cd-47ecf807099a returned with HTTP 200
2026-07-06 19:47:24.707 74 INFO cinder.api.openstack.wsgi [None req-64294634-1d1b-429f-9eb4-3f33f0d4b635 013b959f51334dafb8ae1bf6adc8c42c 1314a0f459af41bfbc37eee70c6b5465 - - default default] http://[LB_IP_ADDRESS]:8776/v3/1314a0f459af41bfbc37eee70c6b5465/groups/f94c57cc-45d7-4bb3-bd50-419477335aea/action returned with HTTP 202
2026-07-06 19:47:24.720 73 INFO cinder.api.openstack.wsgi [None req-813c5d95-6d63-4007-a6f3-59e8c230c7ee 013b959f51334dafb8ae1bf6adc8c42c 1314a0f459af41bfbc37eee70c6b5465 - - default default] GET http://[LB_IP_ADDRESS]:8776/v3/1314a0f459af41bfbc37eee70c6b5465/volumes/a9901437-04d4-43d9-8741-728634b71856
2026-07-06 19:47:24.742 73 INFO cinder.volume.api [None req-813c5d95-6d63-4007-a6f3-59e8c230c7ee 013b959f51334dafb8ae1bf6adc8c42c 1314a0f459af41bfbc37eee70c6b5465 - - default default] Volume info retrieved successfully.
2026-07-06 19:47:24.773 73 INFO cinder.api.openstack.wsgi [None req-813c5d95-6d63-4007-a6f3-59e8c230c7ee 013b959f51334dafb8ae1bf6adc8c42c 1314a0f459af41bfbc37eee70c6b5465 - - default default] http://[LB_IP_ADDRESS]:8776/v3/1314a0f459af41bfbc37eee70c6b5465/volumes/a9901437-04d4-43d9-8741-728634b71856 returned with HTTP 200
2026-07-06 19:47:24.871 76 INFO cinder.api.openstack.wsgi [None req-b967aff3-6b4e-49d0-8175-621900817d68 3b83be262f2c41fc8cd5b38ad885d9c7 d3d69838ecc14c26b97db8a6bbfeeb90 - - default default] GET http://[LB_IP_ADDRESS]:8776/v3/d3d69838ecc14c26b97db8a6bbfeeb90/volumes/647e3de1-634f-4401-8e24-80992b9ce5fb
2026-07-06 19:47:24.884 76 INFO cinder.api.openstack.wsgi [None req-b967aff3-6b4e-49d0-8175-621900817d68 3b83be262f2c41fc8cd5b38ad885d9c7 d3d69838ecc14c26b97db8a6bbfeeb90 - - default default] http://[LB_IP_ADDRESS]:8776/v3/d3d69838ecc14c26b97db8a6bbfeeb90/volumes/647e3de1-634f-4401-8e24-80992b9ce5fb returned with HTTP 404
2026-07-06 19:47:24.896 72 INFO cinder.api.openstack.wsgi [None req-d4c8e57a-7cc6-4ccb-8a74-46b84062675d 3b83be262f2c41fc8cd5b38ad885d9c7 d3d69838ecc14c26b97db8a6bbfeeb90 - - default default] GET http://[LB_IP_ADDRESS]:8776/v3/d3d69838ecc14c26b97db8a6bbfeeb90/groups/92c7eb3b-4c8c-4665-a0e0-c48b3686de39
2026-07-06 19:47:24.902 72 INFO cinder.api.openstack.wsgi [None req-d4c8e57a-7cc6-4ccb-8a74-46b84062675d 3b83be262f2c41fc8cd5b38ad885d9c7 d3d69838ecc14c26b97db8a6bbfeeb90 - - default default] http://[LB_IP_ADDRESS]:8776/v3/d3d69838ecc14c26b97db8a6bbfeeb90/groups/92c7eb3b-4c8c-4665-a0e0-c48b3686de39 returned with HTTP 404
2026-07-06 19:47:24.915 75 INFO cinder.api.openstack.wsgi [None req-acf21ec5-45bc-4523-8cd7-08122bd534d8 3b83be262f2c41fc8cd5b38ad885d9c7 d3d69838ecc14c26b97db8a6bbfeeb90 - - default default] DELETE http://[LB_IP_ADDRESS]:8776/v3/d3d69838ecc14c26b97db8a6bbfeeb90/group_snapshots/2f06d77f-7bcf-493d-8f95-a3a6a38272de
2026-07-06 19:47:24.916 75 INFO cinder.api.v3.group_snapshots [None req-acf21ec5-45bc-4523-8cd7-08122bd534d8 3b83be262f2c41fc8cd5b38ad885d9c7 d3d69838ecc14c26b97db8a6bbfeeb90 - - default default] Delete group_snapshot with id: 2f06d77f-7bcf-493d-8f95-a3a6a38272de
2026-07-06 19:47:24.966 75 INFO cinder.api.openstack.wsgi [None req-acf21ec5-45bc-4523-8cd7-08122bd534d8 3b83be262f2c41fc8cd5b38ad885d9c7 d3d69838ecc14c26b97db8a6bbfeeb90 - - default default] http://[LB_IP_ADDRESS]:8776/v3/d3d69838ecc14c26b97db8a6bbfeeb90/group_snapshots/2f06d77f-7bcf-493d-8f95-a3a6a38272de returned with HTTP 202
2026-07-06 19:47:24.978 74 INFO cinder.api.openstack.wsgi [None req-43e0f229-5257-415c-836b-4fbf225127a5 3b83be262f2c41fc8cd5b38ad885d9c7 d3d69838ecc14c26b97db8a6bbfeeb90 - - default default] GET http://[LB_IP_ADDRESS]:8776/v3/d3d69838ecc14c26b97db8a6bbfeeb90/volumes/detail
2026-07-06 19:47:24.995 74 INFO cinder.volume.api [None req-43e0f229-5257-415c-836b-4fbf225127a5 3b83be262f2c41fc8cd5b38ad885d9c7 d3d69838ecc14c26b97db8a6bbfeeb90 - - default default] Get all volumes completed successfully.
2026-07-06 19:47:25.025 74 INFO cinder.api.openstack.wsgi [None req-43e0f229-5257-415c-836b-4fbf225127a5 3b83be262f2c41fc8cd5b38ad885d9c7 d3d69838ecc14c26b97db8a6bbfeeb90 - - default default] http://[LB_IP_ADDRESS]:8776/v3/d3d69838ecc14c26b97db8a6bbfeeb90/volumes/detail returned with HTTP 200
2026-07-06 19:47:25.048 73 INFO cinder.api.openstack.wsgi [None req-1531dc12-df3b-4249-80aa-1b66920ccf90 3b83be262f2c41fc8cd5b38ad885d9c7 d3d69838ecc14c26b97db8a6bbfeeb90 - - default default] GET http://[LB_IP_ADDRESS]:8776/v3/d3d69838ecc14c26b97db8a6bbfeeb90/snapshots/detail
2026-07-06 19:47:25.058 73 INFO cinder.volume.api [None req-1531dc12-df3b-4249-80aa-1b66920ccf90 3b83be262f2c41fc8cd5b38ad885d9c7 d3d69838ecc14c26b97db8a6bbfeeb90 - - default default] Get all snapshots completed successfully.
