2026-06-16 17:33:10.970 73 INFO cinder.api.openstack.wsgi [None req-0ae1d0b3-d887-4ac0-8639-81d6dfda1065 baa642e69ecb409593e39e3f6f63f34d e0d16594b10e4f379af5ce479c22b7dd - - default default] POST http://[LB_IP_ADDRESS]:8776/v3/e0d16594b10e4f379af5ce479c22b7dd/groups/action
2026-06-16 17:33:10.974 73 INFO cinder.api.v3.groups [None req-0ae1d0b3-d887-4ac0-8639-81d6dfda1065 baa642e69ecb409593e39e3f6f63f34d e0d16594b10e4f379af5ce479c22b7dd - - default default] Creating group tempest-Group_from_grp-979090662 from source group 485ac3d8-4458-4df4-8acb-935e871a5cec.
2026-06-16 17:33:11.044 76 INFO cinder.api.openstack.wsgi [None req-ccd475bb-e36a-4870-94ed-960923302d00 1cffcfa5cb704a0aaf63c0a359a6cedf 2d87c21f8bd64a7fa954aab19b42efa9 - - default default] GET http://[LB_IP_ADDRESS]:8776/v3/2d87c21f8bd64a7fa954aab19b42efa9/volumes/69ef785f-fdd9-4d92-82b4-fbace21cc4e8
2026-06-16 17:33:11.066 76 INFO cinder.volume.api [None req-ccd475bb-e36a-4870-94ed-960923302d00 1cffcfa5cb704a0aaf63c0a359a6cedf 2d87c21f8bd64a7fa954aab19b42efa9 - - default default] Volume info retrieved successfully.
2026-06-16 17:33:11.076 76 INFO cinder.api.openstack.wsgi [None req-ccd475bb-e36a-4870-94ed-960923302d00 1cffcfa5cb704a0aaf63c0a359a6cedf 2d87c21f8bd64a7fa954aab19b42efa9 - - default default] http://[LB_IP_ADDRESS]:8776/v3/2d87c21f8bd64a7fa954aab19b42efa9/volumes/69ef785f-fdd9-4d92-82b4-fbace21cc4e8 returned with HTTP 200
2026-06-16 17:33:11.102 74 INFO cinder.api.openstack.wsgi [None req-39de9fba-ae79-4ca8-9db7-edd006489c92 1cd1d85260d34f3296167696855531ad 860619add98a46b983c761a41a447be9 - - default default] GET http://[LB_IP_ADDRESS]:8776/v3/860619add98a46b983c761a41a447be9/os-quota-sets/2d87c21f8bd64a7fa954aab19b42efa9?usage=True
2026-06-16 17:33:11.218 74 INFO cinder.api.openstack.wsgi [None req-39de9fba-ae79-4ca8-9db7-edd006489c92 1cd1d85260d34f3296167696855531ad 860619add98a46b983c761a41a447be9 - - default default] http://[LB_IP_ADDRESS]:8776/v3/860619add98a46b983c761a41a447be9/os-quota-sets/2d87c21f8bd64a7fa954aab19b42efa9?usage=True returned with HTTP 200
2026-06-16 17:33:11.238 75 INFO cinder.api.openstack.wsgi [None req-1e9cb2ca-b53c-4053-bd2a-377de612903e 1cffcfa5cb704a0aaf63c0a359a6cedf 2d87c21f8bd64a7fa954aab19b42efa9 - - default default] DELETE http://[LB_IP_ADDRESS]:8776/v3/2d87c21f8bd64a7fa954aab19b42efa9/volumes/69ef785f-fdd9-4d92-82b4-fbace21cc4e8
2026-06-16 17:33:11.238 75 INFO cinder.api.v3.volumes [None req-1e9cb2ca-b53c-4053-bd2a-377de612903e 1cffcfa5cb704a0aaf63c0a359a6cedf 2d87c21f8bd64a7fa954aab19b42efa9 - - default default] Delete volume with id: 69ef785f-fdd9-4d92-82b4-fbace21cc4e8 
2026-06-16 17:33:11.251 75 INFO cinder.volume.api [None req-1e9cb2ca-b53c-4053-bd2a-377de612903e 1cffcfa5cb704a0aaf63c0a359a6cedf 2d87c21f8bd64a7fa954aab19b42efa9 - - default default] Volume info retrieved successfully.
2026-06-16 17:33:11.278 75 INFO cinder.volume.api [None req-1e9cb2ca-b53c-4053-bd2a-377de612903e 1cffcfa5cb704a0aaf63c0a359a6cedf 2d87c21f8bd64a7fa954aab19b42efa9 - - default default] Delete volume request issued successfully.
2026-06-16 17:33:11.278 75 INFO cinder.api.openstack.wsgi [None req-1e9cb2ca-b53c-4053-bd2a-377de612903e 1cffcfa5cb704a0aaf63c0a359a6cedf 2d87c21f8bd64a7fa954aab19b42efa9 - - default default] http://[LB_IP_ADDRESS]:8776/v3/2d87c21f8bd64a7fa954aab19b42efa9/volumes/69ef785f-fdd9-4d92-82b4-fbace21cc4e8 returned with HTTP 202
2026-06-16 17:33:11.291 72 INFO cinder.api.openstack.wsgi [None req-1f143c48-2538-4af4-9ce8-76a0135cb131 1cffcfa5cb704a0aaf63c0a359a6cedf 2d87c21f8bd64a7fa954aab19b42efa9 - - default default] GET http://[LB_IP_ADDRESS]:8776/v3/2d87c21f8bd64a7fa954aab19b42efa9/volumes/69ef785f-fdd9-4d92-82b4-fbace21cc4e8
2026-06-16 17:33:11.309 72 INFO cinder.volume.api [None req-1f143c48-2538-4af4-9ce8-76a0135cb131 1cffcfa5cb704a0aaf63c0a359a6cedf 2d87c21f8bd64a7fa954aab19b42efa9 - - default default] Volume info retrieved successfully.
2026-06-16 17:33:11.317 72 INFO cinder.api.openstack.wsgi [None req-1f143c48-2538-4af4-9ce8-76a0135cb131 1cffcfa5cb704a0aaf63c0a359a6cedf 2d87c21f8bd64a7fa954aab19b42efa9 - - default default] http://[LB_IP_ADDRESS]:8776/v3/2d87c21f8bd64a7fa954aab19b42efa9/volumes/69ef785f-fdd9-4d92-82b4-fbace21cc4e8 returned with HTTP 200
2026-06-16 17:33:11.463 76 INFO cinder.api.openstack.wsgi [None req-cc9d7e1d-7463-447c-944b-7ad94a029cc1 09a1f516da2d40978b3b5042ee6bd435 45733985701d4021b0602d0857c6ac53 - - default default] GET http://[LB_IP_ADDRESS]:8776/v3/45733985701d4021b0602d0857c6ac53/os-availability-zone
2026-06-16 17:33:11.469 76 INFO cinder.volume.api [None req-cc9d7e1d-7463-447c-944b-7ad94a029cc1 09a1f516da2d40978b3b5042ee6bd435 45733985701d4021b0602d0857c6ac53 - - default default] Availability Zones retrieved successfully.
2026-06-16 17:33:11.469 76 INFO cinder.api.openstack.wsgi [None req-cc9d7e1d-7463-447c-944b-7ad94a029cc1 09a1f516da2d40978b3b5042ee6bd435 45733985701d4021b0602d0857c6ac53 - - default default] http://[LB_IP_ADDRESS]:8776/v3/45733985701d4021b0602d0857c6ac53/os-availability-zone returned with HTTP 200
2026-06-16 17:33:11.641 73 INFO cinder.group.api [None req-0ae1d0b3-d887-4ac0-8639-81d6dfda1065 baa642e69ecb409593e39e3f6f63f34d e0d16594b10e4f379af5ce479c22b7dd - - default default] A mapping entry already exists for group 58f34a87-9e0a-41da-a59f-17d8fd2e8515 and volume type 878446e9-b6a9-4552-a931-331b2eb37de4. Do not need to create again.
2026-06-16 17:33:11.643 73 INFO cinder.volume.api [None req-0ae1d0b3-d887-4ac0-8639-81d6dfda1065 baa642e69ecb409593e39e3f6f63f34d e0d16594b10e4f379af5ce479c22b7dd - - default default] Availability Zones retrieved successfully.
2026-06-16 17:33:11.940 73 INFO cinder.volume.api [None req-0ae1d0b3-d887-4ac0-8639-81d6dfda1065 baa642e69ecb409593e39e3f6f63f34d e0d16594b10e4f379af5ce479c22b7dd - - default default] Create volume request issued successfully.
2026-06-16 17:33:11.966 73 INFO cinder.api.openstack.wsgi [None req-0ae1d0b3-d887-4ac0-8639-81d6dfda1065 baa642e69ecb409593e39e3f6f63f34d e0d16594b10e4f379af5ce479c22b7dd - - default default] http://[LB_IP_ADDRESS]:8776/v3/e0d16594b10e4f379af5ce479c22b7dd/groups/action returned with HTTP 202
2026-06-16 17:33:11.980 74 INFO cinder.api.openstack.wsgi [None req-b41e40ca-ef2b-479a-963f-85f5e0741c35 baa642e69ecb409593e39e3f6f63f34d e0d16594b10e4f379af5ce479c22b7dd - - default default] GET http://[LB_IP_ADDRESS]:8776/v3/e0d16594b10e4f379af5ce479c22b7dd/volumes/detail
2026-06-16 17:33:11.995 74 INFO cinder.volume.api [None req-b41e40ca-ef2b-479a-963f-85f5e0741c35 baa642e69ecb409593e39e3f6f63f34d e0d16594b10e4f379af5ce479c22b7dd - - default default] Get all volumes completed successfully.
2026-06-16 17:33:12.043 74 INFO cinder.api.openstack.wsgi [None req-b41e40ca-ef2b-479a-963f-85f5e0741c35 baa642e69ecb409593e39e3f6f63f34d e0d16594b10e4f379af5ce479c22b7dd - - default default] http://[LB_IP_ADDRESS]:8776/v3/e0d16594b10e4f379af5ce479c22b7dd/volumes/detail returned with HTTP 200
2026-06-16 17:33:12.068 75 INFO cinder.api.openstack.wsgi [None req-86a821d4-1620-4343-8199-39fa9a2e1826 baa642e69ecb409593e39e3f6f63f34d e0d16594b10e4f379af5ce479c22b7dd - - default default] GET http://[LB_IP_ADDRESS]:8776/v3/e0d16594b10e4f379af5ce479c22b7dd/volumes/1aac90d4-530a-4cd0-91d6-6ccb3d453911
2026-06-16 17:33:12.090 75 INFO cinder.volume.api [None req-86a821d4-1620-4343-8199-39fa9a2e1826 baa642e69ecb409593e39e3f6f63f34d e0d16594b10e4f379af5ce479c22b7dd - - default default] Volume info retrieved successfully.
2026-06-16 17:33:12.119 75 INFO cinder.api.openstack.wsgi [None req-86a821d4-1620-4343-8199-39fa9a2e1826 baa642e69ecb409593e39e3f6f63f34d e0d16594b10e4f379af5ce479c22b7dd - - default default] http://[LB_IP_ADDRESS]:8776/v3/e0d16594b10e4f379af5ce479c22b7dd/volumes/1aac90d4-530a-4cd0-91d6-6ccb3d453911 returned with HTTP 200
2026-06-16 17:33:12.339 72 INFO cinder.api.openstack.wsgi [None req-4f840ac1-07bf-4580-93f4-c5212e927367 1cffcfa5cb704a0aaf63c0a359a6cedf 2d87c21f8bd64a7fa954aab19b42efa9 - - default default] GET http://[LB_IP_ADDRESS]:8776/v3/2d87c21f8bd64a7fa954aab19b42efa9/volumes/69ef785f-fdd9-4d92-82b4-fbace21cc4e8
2026-06-16 17:33:12.350 72 INFO cinder.api.openstack.wsgi [None req-4f840ac1-07bf-4580-93f4-c5212e927367 1cffcfa5cb704a0aaf63c0a359a6cedf 2d87c21f8bd64a7fa954aab19b42efa9 - - default default] http://[LB_IP_ADDRESS]:8776/v3/2d87c21f8bd64a7fa954aab19b42efa9/volumes/69ef785f-fdd9-4d92-82b4-fbace21cc4e8 returned with HTTP 404
2026-06-16 17:33:12.361 76 INFO cinder.api.openstack.wsgi [None req-8b26e532-2935-4f91-bd17-d4d10e7dcc49 1cffcfa5cb704a0aaf63c0a359a6cedf 2d87c21f8bd64a7fa954aab19b42efa9 - - default default] GET http://[LB_IP_ADDRESS]:8776/v3/2d87c21f8bd64a7fa954aab19b42efa9/volumes/69ef785f-fdd9-4d92-82b4-fbace21cc4e8
2026-06-16 17:33:12.374 76 INFO cinder.api.openstack.wsgi [None req-8b26e532-2935-4f91-bd17-d4d10e7dcc49 1cffcfa5cb704a0aaf63c0a359a6cedf 2d87c21f8bd64a7fa954aab19b42efa9 - - default default] http://[LB_IP_ADDRESS]:8776/v3/2d87c21f8bd64a7fa954aab19b42efa9/volumes/69ef785f-fdd9-4d92-82b4-fbace21cc4e8 returned with HTTP 404
2026-06-16 17:33:12.386 73 INFO cinder.api.openstack.wsgi [None req-a8fbf4aa-115c-4255-b865-59faa653d4b9 1cffcfa5cb704a0aaf63c0a359a6cedf 2d87c21f8bd64a7fa954aab19b42efa9 - - default default] DELETE http://[LB_IP_ADDRESS]:8776/v3/2d87c21f8bd64a7fa954aab19b42efa9/volumes/69ef785f-fdd9-4d92-82b4-fbace21cc4e8
2026-06-16 17:33:12.387 73 INFO cinder.api.v3.volumes [None req-a8fbf4aa-115c-4255-b865-59faa653d4b9 1cffcfa5cb704a0aaf63c0a359a6cedf 2d87c21f8bd64a7fa954aab19b42efa9 - - default default] Delete volume with id: 69ef785f-fdd9-4d92-82b4-fbace21cc4e8 
2026-06-16 17:33:12.399 73 INFO cinder.api.openstack.wsgi [None req-a8fbf4aa-115c-4255-b865-59faa653d4b9 1cffcfa5cb704a0aaf63c0a359a6cedf 2d87c21f8bd64a7fa954aab19b42efa9 - - default default] http://[LB_IP_ADDRESS]:8776/v3/2d87c21f8bd64a7fa954aab19b42efa9/volumes/69ef785f-fdd9-4d92-82b4-fbace21cc4e8 returned with HTTP 404
2026-06-16 17:33:12.414 74 INFO cinder.api.openstack.wsgi [None req-bdfa5c9b-b920-44bc-8dd2-b741ef90c5ec 1cffcfa5cb704a0aaf63c0a359a6cedf 2d87c21f8bd64a7fa954aab19b42efa9 - - default default] POST http://[LB_IP_ADDRESS]:8776/v3/2d87c21f8bd64a7fa954aab19b42efa9/volumes
2026-06-16 17:33:12.418 74 INFO cinder.api.v3.volumes [None req-bdfa5c9b-b920-44bc-8dd2-b741ef90c5ec 1cffcfa5cb704a0aaf63c0a359a6cedf 2d87c21f8bd64a7fa954aab19b42efa9 - - default default] Create volume of 1 GB
2026-06-16 17:33:12.427 74 INFO cinder.volume.api [None req-bdfa5c9b-b920-44bc-8dd2-b741ef90c5ec 1cffcfa5cb704a0aaf63c0a359a6cedf 2d87c21f8bd64a7fa954aab19b42efa9 - - default default] Availability Zones retrieved successfully.
2026-06-16 17:33:12.758 74 INFO cinder.volume.api [None req-bdfa5c9b-b920-44bc-8dd2-b741ef90c5ec 1cffcfa5cb704a0aaf63c0a359a6cedf 2d87c21f8bd64a7fa954aab19b42efa9 - - default default] Create volume request issued successfully.
2026-06-16 17:33:12.760 74 INFO cinder.api.openstack.wsgi [None req-bdfa5c9b-b920-44bc-8dd2-b741ef90c5ec 1cffcfa5cb704a0aaf63c0a359a6cedf 2d87c21f8bd64a7fa954aab19b42efa9 - - default default] http://[LB_IP_ADDRESS]:8776/v3/2d87c21f8bd64a7fa954aab19b42efa9/volumes returned with HTTP 202
2026-06-16 17:33:12.783 75 INFO cinder.api.openstack.wsgi [None req-b090c64c-f37e-4201-b736-a5e7aa151fa6 1cffcfa5cb704a0aaf63c0a359a6cedf 2d87c21f8bd64a7fa954aab19b42efa9 - - default default] GET http://[LB_IP_ADDRESS]:8776/v3/2d87c21f8bd64a7fa954aab19b42efa9/volumes/82f1b864-35b4-4d2e-828d-06f3a77d2a8b
2026-06-16 17:33:12.804 75 INFO cinder.volume.api [None req-b090c64c-f37e-4201-b736-a5e7aa151fa6 1cffcfa5cb704a0aaf63c0a359a6cedf 2d87c21f8bd64a7fa954aab19b42efa9 - - default default] Volume info retrieved successfully.
2026-06-16 17:33:12.814 75 INFO cinder.api.openstack.wsgi [None req-b090c64c-f37e-4201-b736-a5e7aa151fa6 1cffcfa5cb704a0aaf63c0a359a6cedf 2d87c21f8bd64a7fa954aab19b42efa9 - - default default] http://[LB_IP_ADDRESS]:8776/v3/2d87c21f8bd64a7fa954aab19b42efa9/volumes/82f1b864-35b4-4d2e-828d-06f3a77d2a8b returned with HTTP 200
2026-06-16 17:33:13.141 72 INFO cinder.api.openstack.wsgi [None req-c3ea632c-b052-4662-b95b-f9b4f29acd1b baa642e69ecb409593e39e3f6f63f34d e0d16594b10e4f379af5ce479c22b7dd - - default default] GET http://[LB_IP_ADDRESS]:8776/v3/e0d16594b10e4f379af5ce479c22b7dd/volumes/1aac90d4-530a-4cd0-91d6-6ccb3d453911
2026-06-16 17:33:13.160 72 INFO cinder.volume.api [None req-c3ea632c-b052-4662-b95b-f9b4f29acd1b baa642e69ecb409593e39e3f6f63f34d e0d16594b10e4f379af5ce479c22b7dd - - default default] Volume info retrieved successfully.
2026-06-16 17:33:13.184 72 INFO cinder.api.openstack.wsgi [None req-c3ea632c-b052-4662-b95b-f9b4f29acd1b baa642e69ecb409593e39e3f6f63f34d e0d16594b10e4f379af5ce479c22b7dd - - default default] http://[LB_IP_ADDRESS]:8776/v3/e0d16594b10e4f379af5ce479c22b7dd/volumes/1aac90d4-530a-4cd0-91d6-6ccb3d453911 returned with HTTP 200
2026-06-16 17:33:13.836 76 INFO cinder.api.openstack.wsgi [None req-bfd176f3-9a7c-435b-927b-e810bac7a5fa 1cffcfa5cb704a0aaf63c0a359a6cedf 2d87c21f8bd64a7fa954aab19b42efa9 - - default default] GET http://[LB_IP_ADDRESS]:8776/v3/2d87c21f8bd64a7fa954aab19b42efa9/volumes/82f1b864-35b4-4d2e-828d-06f3a77d2a8b
2026-06-16 17:33:13.859 76 INFO cinder.volume.api [None req-bfd176f3-9a7c-435b-927b-e810bac7a5fa 1cffcfa5cb704a0aaf63c0a359a6cedf 2d87c21f8bd64a7fa954aab19b42efa9 - - default default] Volume info retrieved successfully.
2026-06-16 17:33:13.868 76 INFO cinder.api.openstack.wsgi [None req-bfd176f3-9a7c-435b-927b-e810bac7a5fa 1cffcfa5cb704a0aaf63c0a359a6cedf 2d87c21f8bd64a7fa954aab19b42efa9 - - default default] http://[LB_IP_ADDRESS]:8776/v3/2d87c21f8bd64a7fa954aab19b42efa9/volumes/82f1b864-35b4-4d2e-828d-06f3a77d2a8b returned with HTTP 200
2026-06-16 17:33:13.893 73 INFO cinder.api.openstack.wsgi [None req-d8a3afd7-e4ec-452a-94ca-3b46d37dc39f 1cd1d85260d34f3296167696855531ad 860619add98a46b983c761a41a447be9 - - default default] GET http://[LB_IP_ADDRESS]:8776/v3/860619add98a46b983c761a41a447be9/os-quota-sets/2d87c21f8bd64a7fa954aab19b42efa9?usage=True
2026-06-16 17:33:14.031 73 INFO cinder.api.openstack.wsgi [None req-d8a3afd7-e4ec-452a-94ca-3b46d37dc39f 1cd1d85260d34f3296167696855531ad 860619add98a46b983c761a41a447be9 - - default default] http://[LB_IP_ADDRESS]:8776/v3/860619add98a46b983c761a41a447be9/os-quota-sets/2d87c21f8bd64a7fa954aab19b42efa9?usage=True returned with HTTP 200
2026-06-16 17:33:14.055 74 INFO cinder.api.openstack.wsgi [None req-5fcf718c-8b43-4289-8182-20f76ea766ef 1cd1d85260d34f3296167696855531ad 860619add98a46b983c761a41a447be9 - - default default] GET http://[LB_IP_ADDRESS]:8776/v3/860619add98a46b983c761a41a447be9/os-quota-sets/dd6ae6520ba34aa1856ffbfa94dba2c1?usage=True
2026-06-16 17:33:14.194 74 INFO cinder.api.openstack.wsgi [None req-5fcf718c-8b43-4289-8182-20f76ea766ef 1cd1d85260d34f3296167696855531ad 860619add98a46b983c761a41a447be9 - - default default] http://[LB_IP_ADDRESS]:8776/v3/860619add98a46b983c761a41a447be9/os-quota-sets/dd6ae6520ba34aa1856ffbfa94dba2c1?usage=True returned with HTTP 200
2026-06-16 17:33:14.208 75 INFO cinder.api.openstack.wsgi [None req-2081d37f-cb41-4782-b051-75e53494c3b2 baa642e69ecb409593e39e3f6f63f34d e0d16594b10e4f379af5ce479c22b7dd - - default default] GET http://[LB_IP_ADDRESS]:8776/v3/e0d16594b10e4f379af5ce479c22b7dd/volumes/1aac90d4-530a-4cd0-91d6-6ccb3d453911
2026-06-16 17:33:14.215 72 INFO cinder.api.openstack.wsgi [None req-58d0882f-16d3-4fa9-bc6b-6081bbd718a5 1cffcfa5cb704a0aaf63c0a359a6cedf 2d87c21f8bd64a7fa954aab19b42efa9 - - default default] POST http://[LB_IP_ADDRESS]:8776/v3/2d87c21f8bd64a7fa954aab19b42efa9/os-volume-transfer
2026-06-16 17:33:14.218 72 INFO cinder.api.contrib.volume_transfer [None req-58d0882f-16d3-4fa9-bc6b-6081bbd718a5 1cffcfa5cb704a0aaf63c0a359a6cedf 2d87c21f8bd64a7fa954aab19b42efa9 - - default default] Creating transfer of volume 82f1b864-35b4-4d2e-828d-06f3a77d2a8b
2026-06-16 17:33:14.219 72 INFO cinder.transfer.api [None req-58d0882f-16d3-4fa9-bc6b-6081bbd718a5 1cffcfa5cb704a0aaf63c0a359a6cedf 2d87c21f8bd64a7fa954aab19b42efa9 - - default default] Generating transfer record for volume 82f1b864-35b4-4d2e-828d-06f3a77d2a8b
2026-06-16 17:33:14.229 75 INFO cinder.volume.api [None req-2081d37f-cb41-4782-b051-75e53494c3b2 baa642e69ecb409593e39e3f6f63f34d e0d16594b10e4f379af5ce479c22b7dd - - default default] Volume info retrieved successfully.
2026-06-16 17:33:14.246 72 INFO cinder.api.openstack.wsgi [None req-58d0882f-16d3-4fa9-bc6b-6081bbd718a5 1cffcfa5cb704a0aaf63c0a359a6cedf 2d87c21f8bd64a7fa954aab19b42efa9 - - default default] http://[LB_IP_ADDRESS]:8776/v3/2d87c21f8bd64a7fa954aab19b42efa9/os-volume-transfer returned with HTTP 202
2026-06-16 17:33:14.256 75 INFO cinder.api.openstack.wsgi [None req-2081d37f-cb41-4782-b051-75e53494c3b2 baa642e69ecb409593e39e3f6f63f34d e0d16594b10e4f379af5ce479c22b7dd - - default default] http://[LB_IP_ADDRESS]:8776/v3/e0d16594b10e4f379af5ce479c22b7dd/volumes/1aac90d4-530a-4cd0-91d6-6ccb3d453911 returned with HTTP 200
2026-06-16 17:33:14.278 73 INFO cinder.api.openstack.wsgi [None req-d3dbb6bd-b781-4e54-ba1d-63e4a7458c30 baa642e69ecb409593e39e3f6f63f34d e0d16594b10e4f379af5ce479c22b7dd - - default default] GET http://[LB_IP_ADDRESS]:8776/v3/e0d16594b10e4f379af5ce479c22b7dd/groups/58f34a87-9e0a-41da-a59f-17d8fd2e8515
2026-06-16 17:33:14.300 73 INFO cinder.api.openstack.wsgi [None req-d3dbb6bd-b781-4e54-ba1d-63e4a7458c30 baa642e69ecb409593e39e3f6f63f34d e0d16594b10e4f379af5ce479c22b7dd - - default default] http://[LB_IP_ADDRESS]:8776/v3/e0d16594b10e4f379af5ce479c22b7dd/groups/58f34a87-9e0a-41da-a59f-17d8fd2e8515 returned with HTTP 200
2026-06-16 17:33:14.317 74 INFO cinder.api.openstack.wsgi [None req-2180d0b6-b0b6-4662-9ba1-91c26819baf9 baa642e69ecb409593e39e3f6f63f34d e0d16594b10e4f379af5ce479c22b7dd - - default default] GET http://[LB_IP_ADDRESS]:8776/v3/e0d16594b10e4f379af5ce479c22b7dd/volumes/detail
2026-06-16 17:33:14.333 74 INFO cinder.volume.api [None req-2180d0b6-b0b6-4662-9ba1-91c26819baf9 baa642e69ecb409593e39e3f6f63f34d e0d16594b10e4f379af5ce479c22b7dd - - default default] Get all volumes completed successfully.
2026-06-16 17:33:14.382 74 INFO cinder.api.openstack.wsgi [None req-2180d0b6-b0b6-4662-9ba1-91c26819baf9 baa642e69ecb409593e39e3f6f63f34d e0d16594b10e4f379af5ce479c22b7dd - - default default] http://[LB_IP_ADDRESS]:8776/v3/e0d16594b10e4f379af5ce479c22b7dd/volumes/detail returned with HTTP 200
2026-06-16 17:33:14.405 72 INFO cinder.api.openstack.wsgi [None req-816dfe81-fb63-4087-9003-f55e6abe4e32 baa642e69ecb409593e39e3f6f63f34d e0d16594b10e4f379af5ce479c22b7dd - - default default] POST http://[LB_IP_ADDRESS]:8776/v3/e0d16594b10e4f379af5ce479c22b7dd/groups/58f34a87-9e0a-41da-a59f-17d8fd2e8515/action
2026-06-16 17:33:14.409 72 INFO cinder.api.v3.groups [None req-816dfe81-fb63-4087-9003-f55e6abe4e32 baa642e69ecb409593e39e3f6f63f34d e0d16594b10e4f379af5ce479c22b7dd - - default default] Delete group with id: 58f34a87-9e0a-41da-a59f-17d8fd2e8515
2026-06-16 17:33:14.471 72 INFO cinder.api.openstack.wsgi [None req-816dfe81-fb63-4087-9003-f55e6abe4e32 baa642e69ecb409593e39e3f6f63f34d e0d16594b10e4f379af5ce479c22b7dd - - default default] http://[LB_IP_ADDRESS]:8776/v3/e0d16594b10e4f379af5ce479c22b7dd/groups/58f34a87-9e0a-41da-a59f-17d8fd2e8515/action returned with HTTP 202
2026-06-16 17:33:14.484 75 INFO cinder.api.openstack.wsgi [None req-506b1d6b-7f64-4a44-ade5-3241b3c1f0a2 baa642e69ecb409593e39e3f6f63f34d e0d16594b10e4f379af5ce479c22b7dd - - default default] GET http://[LB_IP_ADDRESS]:8776/v3/e0d16594b10e4f379af5ce479c22b7dd/volumes/1aac90d4-530a-4cd0-91d6-6ccb3d453911
2026-06-16 17:33:14.503 76 INFO cinder.api.openstack.wsgi [None req-1b705926-489a-43c3-9acb-afdeb0d23356 411a5fda51a54a0eaeac79bbde62a4c2 dd6ae6520ba34aa1856ffbfa94dba2c1 - - default default] POST http://[LB_IP_ADDRESS]:8776/v3/dd6ae6520ba34aa1856ffbfa94dba2c1/os-volume-transfer/1553e577-e5d1-4559-8f8c-b47d4418b93e/accept
2026-06-16 17:33:14.506 75 INFO cinder.volume.api [None req-506b1d6b-7f64-4a44-ade5-3241b3c1f0a2 baa642e69ecb409593e39e3f6f63f34d e0d16594b10e4f379af5ce479c22b7dd - - default default] Volume info retrieved successfully.
2026-06-16 17:33:14.507 76 INFO cinder.api.contrib.volume_transfer [None req-1b705926-489a-43c3-9acb-afdeb0d23356 411a5fda51a54a0eaeac79bbde62a4c2 dd6ae6520ba34aa1856ffbfa94dba2c1 - - default default] Accepting transfer 1553e577-e5d1-4559-8f8c-b47d4418b93e
2026-06-16 17:33:14.535 75 INFO cinder.api.openstack.wsgi [None req-506b1d6b-7f64-4a44-ade5-3241b3c1f0a2 baa642e69ecb409593e39e3f6f63f34d e0d16594b10e4f379af5ce479c22b7dd - - default default] http://[LB_IP_ADDRESS]:8776/v3/e0d16594b10e4f379af5ce479c22b7dd/volumes/1aac90d4-530a-4cd0-91d6-6ccb3d453911 returned with HTTP 200
2026-06-16 17:33:15.114 73 INFO cinder.api.openstack.wsgi [None req-5daa76f2-0d99-4543-952e-b08a8b046634 - - - - - -] GET http://[LB_IP_ADDRESS]:8776/
2026-06-16 17:33:15.116 73 INFO cinder.api.openstack.wsgi [None req-5daa76f2-0d99-4543-952e-b08a8b046634 - - - - - -] http://[LB_IP_ADDRESS]:8776/ returned with HTTP 300
2026-06-16 17:33:15.127 74 INFO cinder.api.openstack.wsgi [None req-0b2ec2d0-fa19-4489-9d1c-c66ec47d608a - - - - - -] GET http://[LB_IP_ADDRESS]:8776/
2026-06-16 17:33:15.128 74 INFO cinder.api.openstack.wsgi [None req-0b2ec2d0-fa19-4489-9d1c-c66ec47d608a - - - - - -] http://[LB_IP_ADDRESS]:8776/ returned with HTTP 300
2026-06-16 17:33:15.249 72 INFO cinder.api.openstack.wsgi [None req-881eb783-85c3-4d51-b31c-0d9e7d887ecd 6c749db0fd3d4388926c734f38a5626f 2ebd10a7f14f4012bc62051260001857 - - default default] GET http://[LB_IP_ADDRESS]:8776/v3/
2026-06-16 17:33:15.250 72 INFO cinder.api.openstack.wsgi [None req-881eb783-85c3-4d51-b31c-0d9e7d887ecd 6c749db0fd3d4388926c734f38a5626f 2ebd10a7f14f4012bc62051260001857 - - default default] http://[LB_IP_ADDRESS]:8776/v3/ returned with HTTP 200
2026-06-16 17:33:15.559 75 INFO cinder.api.openstack.wsgi [None req-95fd79f7-8388-4043-8d72-9e09a41fa7b0 baa642e69ecb409593e39e3f6f63f34d e0d16594b10e4f379af5ce479c22b7dd - - default default] GET http://[LB_IP_ADDRESS]:8776/v3/e0d16594b10e4f379af5ce479c22b7dd/volumes/1aac90d4-530a-4cd0-91d6-6ccb3d453911
2026-06-16 17:33:15.572 75 INFO cinder.api.openstack.wsgi [None req-95fd79f7-8388-4043-8d72-9e09a41fa7b0 baa642e69ecb409593e39e3f6f63f34d e0d16594b10e4f379af5ce479c22b7dd - - default default] http://[LB_IP_ADDRESS]:8776/v3/e0d16594b10e4f379af5ce479c22b7dd/volumes/1aac90d4-530a-4cd0-91d6-6ccb3d453911 returned with HTTP 404
2026-06-16 17:33:15.584 73 INFO cinder.api.openstack.wsgi [None req-86a09d99-a97c-4807-8623-7bfa00e97dfa baa642e69ecb409593e39e3f6f63f34d e0d16594b10e4f379af5ce479c22b7dd - - default default] GET http://[LB_IP_ADDRESS]:8776/v3/e0d16594b10e4f379af5ce479c22b7dd/groups/58f34a87-9e0a-41da-a59f-17d8fd2e8515
2026-06-16 17:33:15.590 73 INFO cinder.api.openstack.wsgi [None req-86a09d99-a97c-4807-8623-7bfa00e97dfa baa642e69ecb409593e39e3f6f63f34d e0d16594b10e4f379af5ce479c22b7dd - - default default] http://[LB_IP_ADDRESS]:8776/v3/e0d16594b10e4f379af5ce479c22b7dd/groups/58f34a87-9e0a-41da-a59f-17d8fd2e8515 returned with HTTP 404
2026-06-16 17:33:15.602 74 INFO cinder.api.openstack.wsgi [None req-90db9685-e5e5-4386-b184-57faac8b71df baa642e69ecb409593e39e3f6f63f34d e0d16594b10e4f379af5ce479c22b7dd - - default default] GET http://[LB_IP_ADDRESS]:8776/v3/e0d16594b10e4f379af5ce479c22b7dd/volumes/detail
2026-06-16 17:33:15.617 74 INFO cinder.volume.api [None req-90db9685-e5e5-4386-b184-57faac8b71df baa642e69ecb409593e39e3f6f63f34d e0d16594b10e4f379af5ce479c22b7dd - - default default] Get all volumes completed successfully.
2026-06-16 17:33:15.646 74 INFO cinder.api.openstack.wsgi [None req-90db9685-e5e5-4386-b184-57faac8b71df baa642e69ecb409593e39e3f6f63f34d e0d16594b10e4f379af5ce479c22b7dd - - default default] http://[LB_IP_ADDRESS]:8776/v3/e0d16594b10e4f379af5ce479c22b7dd/volumes/detail returned with HTTP 200
2026-06-16 17:33:15.667 72 INFO cinder.api.openstack.wsgi [None req-a3011403-b370-4fd9-96b3-ef49b4a1be17 baa642e69ecb409593e39e3f6f63f34d e0d16594b10e4f379af5ce479c22b7dd - - default default] POST http://[LB_IP_ADDRESS]:8776/v3/e0d16594b10e4f379af5ce479c22b7dd/groups/485ac3d8-4458-4df4-8acb-935e871a5cec/action
2026-06-16 17:33:15.671 72 INFO cinder.api.v3.groups [None req-a3011403-b370-4fd9-96b3-ef49b4a1be17 baa642e69ecb409593e39e3f6f63f34d e0d16594b10e4f379af5ce479c22b7dd - - default default] Delete group with id: 485ac3d8-4458-4df4-8acb-935e871a5cec
2026-06-16 17:33:15.727 72 INFO cinder.api.openstack.wsgi [None req-a3011403-b370-4fd9-96b3-ef49b4a1be17 baa642e69ecb409593e39e3f6f63f34d e0d16594b10e4f379af5ce479c22b7dd - - default default] http://[LB_IP_ADDRESS]:8776/v3/e0d16594b10e4f379af5ce479c22b7dd/groups/485ac3d8-4458-4df4-8acb-935e871a5cec/action returned with HTTP 202
2026-06-16 17:33:15.739 75 INFO cinder.api.openstack.wsgi [None req-6b8c20a1-a199-4647-800c-43c5cbee4bfd baa642e69ecb409593e39e3f6f63f34d e0d16594b10e4f379af5ce479c22b7dd - - default default] GET http://[LB_IP_ADDRESS]:8776/v3/e0d16594b10e4f379af5ce479c22b7dd/volumes/3d8aedd2-13ab-421e-9fb7-2ca1fc2d4ff0
2026-06-16 17:33:15.762 75 INFO cinder.volume.api [None req-6b8c20a1-a199-4647-800c-43c5cbee4bfd baa642e69ecb409593e39e3f6f63f34d e0d16594b10e4f379af5ce479c22b7dd - - default default] Volume info retrieved successfully.
2026-06-16 17:33:15.791 75 INFO cinder.api.openstack.wsgi [None req-6b8c20a1-a199-4647-800c-43c5cbee4bfd baa642e69ecb409593e39e3f6f63f34d e0d16594b10e4f379af5ce479c22b7dd - - default default] http://[LB_IP_ADDRESS]:8776/v3/e0d16594b10e4f379af5ce479c22b7dd/volumes/3d8aedd2-13ab-421e-9fb7-2ca1fc2d4ff0 returned with HTTP 200
2026-06-16 17:33:15.925 76 INFO cinder.volume.api [None req-1b705926-489a-43c3-9acb-afdeb0d23356 411a5fda51a54a0eaeac79bbde62a4c2 dd6ae6520ba34aa1856ffbfa94dba2c1 - - default default] Transfer volume completed successfully.
2026-06-16 17:33:16.021 76 INFO cinder.transfer.api [None req-1b705926-489a-43c3-9acb-afdeb0d23356 411a5fda51a54a0eaeac79bbde62a4c2 dd6ae6520ba34aa1856ffbfa94dba2c1 - - default default] Volume 82f1b864-35b4-4d2e-828d-06f3a77d2a8b has been transferred.
2026-06-16 17:33:16.035 76 INFO cinder.api.openstack.wsgi [None req-1b705926-489a-43c3-9acb-afdeb0d23356 411a5fda51a54a0eaeac79bbde62a4c2 dd6ae6520ba34aa1856ffbfa94dba2c1 - - default default] http://[LB_IP_ADDRESS]:8776/v3/dd6ae6520ba34aa1856ffbfa94dba2c1/os-volume-transfer/1553e577-e5d1-4559-8f8c-b47d4418b93e/accept returned with HTTP 202
2026-06-16 17:33:16.053 73 INFO cinder.api.openstack.wsgi [None req-c538c260-d4be-4d9e-8a24-abe7cf2819a7 411a5fda51a54a0eaeac79bbde62a4c2 dd6ae6520ba34aa1856ffbfa94dba2c1 - - default default] GET http://[LB_IP_ADDRESS]:8776/v3/dd6ae6520ba34aa1856ffbfa94dba2c1/volumes/82f1b864-35b4-4d2e-828d-06f3a77d2a8b
2026-06-16 17:33:16.075 73 INFO cinder.volume.api [None req-c538c260-d4be-4d9e-8a24-abe7cf2819a7 411a5fda51a54a0eaeac79bbde62a4c2 dd6ae6520ba34aa1856ffbfa94dba2c1 - - default default] Volume info retrieved successfully.
2026-06-16 17:33:16.084 73 INFO cinder.api.openstack.wsgi [None req-c538c260-d4be-4d9e-8a24-abe7cf2819a7 411a5fda51a54a0eaeac79bbde62a4c2 dd6ae6520ba34aa1856ffbfa94dba2c1 - - default default] http://[LB_IP_ADDRESS]:8776/v3/dd6ae6520ba34aa1856ffbfa94dba2c1/volumes/82f1b864-35b4-4d2e-828d-06f3a77d2a8b returned with HTTP 200
2026-06-16 17:33:16.110 74 INFO cinder.api.openstack.wsgi [None req-97ff472e-1486-4cb9-a318-98ad6a23827c 1cd1d85260d34f3296167696855531ad 860619add98a46b983c761a41a447be9 - - default default] GET http://[LB_IP_ADDRESS]:8776/v3/860619add98a46b983c761a41a447be9/os-quota-sets/2d87c21f8bd64a7fa954aab19b42efa9?usage=True
2026-06-16 17:33:16.249 74 INFO cinder.api.openstack.wsgi [None req-97ff472e-1486-4cb9-a318-98ad6a23827c 1cd1d85260d34f3296167696855531ad 860619add98a46b983c761a41a447be9 - - default default] http://[LB_IP_ADDRESS]:8776/v3/860619add98a46b983c761a41a447be9/os-quota-sets/2d87c21f8bd64a7fa954aab19b42efa9?usage=True returned with HTTP 200
2026-06-16 17:33:16.271 72 INFO cinder.api.openstack.wsgi [None req-b885eaec-5d4f-43c7-be58-d8e003088240 1cd1d85260d34f3296167696855531ad 860619add98a46b983c761a41a447be9 - - default default] GET http://[LB_IP_ADDRESS]:8776/v3/860619add98a46b983c761a41a447be9/os-quota-sets/dd6ae6520ba34aa1856ffbfa94dba2c1?usage=True
2026-06-16 17:33:16.402 72 INFO cinder.api.openstack.wsgi [None req-b885eaec-5d4f-43c7-be58-d8e003088240 1cd1d85260d34f3296167696855531ad 860619add98a46b983c761a41a447be9 - - default default] http://[LB_IP_ADDRESS]:8776/v3/860619add98a46b983c761a41a447be9/os-quota-sets/dd6ae6520ba34aa1856ffbfa94dba2c1?usage=True returned with HTTP 200
2026-06-16 17:33:16.422 75 INFO cinder.api.openstack.wsgi [None req-b6ad9c4c-c4b0-441f-b909-b63ef018b444 1cd1d85260d34f3296167696855531ad 860619add98a46b983c761a41a447be9 - - default default] DELETE http://[LB_IP_ADDRESS]:8776/v3/860619add98a46b983c761a41a447be9/volumes/82f1b864-35b4-4d2e-828d-06f3a77d2a8b
2026-06-16 17:33:16.423 75 INFO cinder.api.v3.volumes [None req-b6ad9c4c-c4b0-441f-b909-b63ef018b444 1cd1d85260d34f3296167696855531ad 860619add98a46b983c761a41a447be9 - - default default] Delete volume with id: 82f1b864-35b4-4d2e-828d-06f3a77d2a8b 
2026-06-16 17:33:16.440 75 INFO cinder.volume.api [None req-b6ad9c4c-c4b0-441f-b909-b63ef018b444 1cd1d85260d34f3296167696855531ad 860619add98a46b983c761a41a447be9 - - default default] Volume info retrieved successfully.
2026-06-16 17:33:16.470 75 INFO cinder.volume.api [None req-b6ad9c4c-c4b0-441f-b909-b63ef018b444 1cd1d85260d34f3296167696855531ad 860619add98a46b983c761a41a447be9 - - default default] Delete volume request issued successfully.
2026-06-16 17:33:16.470 75 INFO cinder.api.openstack.wsgi [None req-b6ad9c4c-c4b0-441f-b909-b63ef018b444 1cd1d85260d34f3296167696855531ad 860619add98a46b983c761a41a447be9 - - default default] http://[LB_IP_ADDRESS]:8776/v3/860619add98a46b983c761a41a447be9/volumes/82f1b864-35b4-4d2e-828d-06f3a77d2a8b returned with HTTP 202
2026-06-16 17:33:16.483 76 INFO cinder.api.openstack.wsgi [None req-31764179-5bea-42df-b2c0-624121725918 1cd1d85260d34f3296167696855531ad 860619add98a46b983c761a41a447be9 - - default default] GET http://[LB_IP_ADDRESS]:8776/v3/860619add98a46b983c761a41a447be9/volumes/82f1b864-35b4-4d2e-828d-06f3a77d2a8b
2026-06-16 17:33:16.505 76 INFO cinder.volume.api [None req-31764179-5bea-42df-b2c0-624121725918 1cd1d85260d34f3296167696855531ad 860619add98a46b983c761a41a447be9 - - default default] Volume info retrieved successfully.
2026-06-16 17:33:16.514 76 INFO cinder.api.openstack.wsgi [None req-31764179-5bea-42df-b2c0-624121725918 1cd1d85260d34f3296167696855531ad 860619add98a46b983c761a41a447be9 - - default default] http://[LB_IP_ADDRESS]:8776/v3/860619add98a46b983c761a41a447be9/volumes/82f1b864-35b4-4d2e-828d-06f3a77d2a8b returned with HTTP 200
2026-06-16 17:33:16.816 73 INFO cinder.api.openstack.wsgi [None req-055af6d2-5ca4-4ae6-9056-344d050613c1 baa642e69ecb409593e39e3f6f63f34d e0d16594b10e4f379af5ce479c22b7dd - - default default] GET http://[LB_IP_ADDRESS]:8776/v3/e0d16594b10e4f379af5ce479c22b7dd/volumes/3d8aedd2-13ab-421e-9fb7-2ca1fc2d4ff0
2026-06-16 17:33:16.827 73 INFO cinder.api.openstack.wsgi [None req-055af6d2-5ca4-4ae6-9056-344d050613c1 baa642e69ecb409593e39e3f6f63f34d e0d16594b10e4f379af5ce479c22b7dd - - default default] http://[LB_IP_ADDRESS]:8776/v3/e0d16594b10e4f379af5ce479c22b7dd/volumes/3d8aedd2-13ab-421e-9fb7-2ca1fc2d4ff0 returned with HTTP 404
2026-06-16 17:33:16.840 74 INFO cinder.api.openstack.wsgi [None req-aae6c07d-4baf-4856-ba00-d2d5a408de9a baa642e69ecb409593e39e3f6f63f34d e0d16594b10e4f379af5ce479c22b7dd - - default default] GET http://[LB_IP_ADDRESS]:8776/v3/e0d16594b10e4f379af5ce479c22b7dd/groups/485ac3d8-4458-4df4-8acb-935e871a5cec
2026-06-16 17:33:16.846 74 INFO cinder.api.openstack.wsgi [None req-aae6c07d-4baf-4856-ba00-d2d5a408de9a baa642e69ecb409593e39e3f6f63f34d e0d16594b10e4f379af5ce479c22b7dd - - default default] http://[LB_IP_ADDRESS]:8776/v3/e0d16594b10e4f379af5ce479c22b7dd/groups/485ac3d8-4458-4df4-8acb-935e871a5cec returned with HTTP 404
2026-06-16 17:33:16.858 72 INFO cinder.api.openstack.wsgi [None req-5799e0be-6b69-4bb1-a5ec-3cb4e16b5dc3 a0b44e886c6c4b84afe876f6ab29c000 8d6c2d8fdc2f42fa9db9f3ec503c88e3 - - default default] DELETE http://[LB_IP_ADDRESS]:8776/v3/8d6c2d8fdc2f42fa9db9f3ec503c88e3/group_types/01c4bdfb-8b5a-4d6c-ab57-4914932f9b14
2026-06-16 17:33:16.879 72 INFO cinder.api.openstack.wsgi [None req-5799e0be-6b69-4bb1-a5ec-3cb4e16b5dc3 a0b44e886c6c4b84afe876f6ab29c000 8d6c2d8fdc2f42fa9db9f3ec503c88e3 - - default default] http://[LB_IP_ADDRESS]:8776/v3/8d6c2d8fdc2f42fa9db9f3ec503c88e3/group_types/01c4bdfb-8b5a-4d6c-ab57-4914932f9b14 returned with HTTP 202
2026-06-16 17:33:16.891 75 INFO cinder.api.openstack.wsgi [None req-999ee8ca-46c5-4b6d-b24a-2335ec28d132 a0b44e886c6c4b84afe876f6ab29c000 8d6c2d8fdc2f42fa9db9f3ec503c88e3 - - default default] DELETE http://[LB_IP_ADDRESS]:8776/v3/8d6c2d8fdc2f42fa9db9f3ec503c88e3/types/878446e9-b6a9-4552-a931-331b2eb37de4
2026-06-16 17:33:16.942 75 INFO cinder.api.openstack.wsgi [None req-999ee8ca-46c5-4b6d-b24a-2335ec28d132 a0b44e886c6c4b84afe876f6ab29c000 8d6c2d8fdc2f42fa9db9f3ec503c88e3 - - default default] http://[LB_IP_ADDRESS]:8776/v3/8d6c2d8fdc2f42fa9db9f3ec503c88e3/types/878446e9-b6a9-4552-a931-331b2eb37de4 returned with HTTP 202
2026-06-16 17:33:16.954 76 INFO cinder.api.openstack.wsgi [None req-758ccfd8-ce67-41d8-8704-9a504244797e a0b44e886c6c4b84afe876f6ab29c000 8d6c2d8fdc2f42fa9db9f3ec503c88e3 - - default default] GET http://[LB_IP_ADDRESS]:8776/v3/8d6c2d8fdc2f42fa9db9f3ec503c88e3/types/878446e9-b6a9-4552-a931-331b2eb37de4
2026-06-16 17:33:16.961 76 INFO cinder.api.openstack.wsgi [None req-758ccfd8-ce67-41d8-8704-9a504244797e a0b44e886c6c4b84afe876f6ab29c000 8d6c2d8fdc2f42fa9db9f3ec503c88e3 - - default default] http://[LB_IP_ADDRESS]:8776/v3/8d6c2d8fdc2f42fa9db9f3ec503c88e3/types/878446e9-b6a9-4552-a931-331b2eb37de4 returned with HTTP 404
2026-06-16 17:33:17.536 73 INFO cinder.api.openstack.wsgi [None req-61d38473-624d-4dc8-914a-95273f5a5bd0 1cd1d85260d34f3296167696855531ad 860619add98a46b983c761a41a447be9 - - default default] GET http://[LB_IP_ADDRESS]:8776/v3/860619add98a46b983c761a41a447be9/volumes/82f1b864-35b4-4d2e-828d-06f3a77d2a8b
2026-06-16 17:33:17.548 73 INFO cinder.api.openstack.wsgi [None req-61d38473-624d-4dc8-914a-95273f5a5bd0 1cd1d85260d34f3296167696855531ad 860619add98a46b983c761a41a447be9 - - default default] http://[LB_IP_ADDRESS]:8776/v3/860619add98a46b983c761a41a447be9/volumes/82f1b864-35b4-4d2e-828d-06f3a77d2a8b returned with HTTP 404
2026-06-16 17:33:17.560 74 INFO cinder.api.openstack.wsgi [None req-52fa6500-9e8a-473a-b585-81f71fc766ea 1cffcfa5cb704a0aaf63c0a359a6cedf 2d87c21f8bd64a7fa954aab19b42efa9 - - default default] GET http://[LB_IP_ADDRESS]:8776/v3/2d87c21f8bd64a7fa954aab19b42efa9/volumes/82f1b864-35b4-4d2e-828d-06f3a77d2a8b
2026-06-16 17:33:17.572 74 INFO cinder.api.openstack.wsgi [None req-52fa6500-9e8a-473a-b585-81f71fc766ea 1cffcfa5cb704a0aaf63c0a359a6cedf 2d87c21f8bd64a7fa954aab19b42efa9 - - default default] http://[LB_IP_ADDRESS]:8776/v3/2d87c21f8bd64a7fa954aab19b42efa9/volumes/82f1b864-35b4-4d2e-828d-06f3a77d2a8b returned with HTTP 404
2026-06-16 17:33:17.585 72 INFO cinder.api.openstack.wsgi [None req-b9964e3f-edbc-4743-8e6e-3dbe9f7f6b30 1cffcfa5cb704a0aaf63c0a359a6cedf 2d87c21f8bd64a7fa954aab19b42efa9 - - default default] DELETE http://[LB_IP_ADDRESS]:8776/v3/2d87c21f8bd64a7fa954aab19b42efa9/volumes/82f1b864-35b4-4d2e-828d-06f3a77d2a8b
2026-06-16 17:33:17.586 72 INFO cinder.api.v3.volumes [None req-b9964e3f-edbc-4743-8e6e-3dbe9f7f6b30 1cffcfa5cb704a0aaf63c0a359a6cedf 2d87c21f8bd64a7fa954aab19b42efa9 - - default default] Delete volume with id: 82f1b864-35b4-4d2e-828d-06f3a77d2a8b 
2026-06-16 17:33:17.598 72 INFO cinder.api.openstack.wsgi [None req-b9964e3f-edbc-4743-8e6e-3dbe9f7f6b30 1cffcfa5cb704a0aaf63c0a359a6cedf 2d87c21f8bd64a7fa954aab19b42efa9 - - default default] http://[LB_IP_ADDRESS]:8776/v3/2d87c21f8bd64a7fa954aab19b42efa9/volumes/82f1b864-35b4-4d2e-828d-06f3a77d2a8b returned with HTTP 404
2026-06-16 17:33:17.615 75 INFO cinder.api.openstack.wsgi [None req-6301d08a-3964-48fd-a3fe-ce8a158a591d 1cd1d85260d34f3296167696855531ad 860619add98a46b983c761a41a447be9 - - default default] GET http://[LB_IP_ADDRESS]:8776/v3/860619add98a46b983c761a41a447be9/os-quota-sets/860619add98a46b983c761a41a447be9?usage=True
2026-06-16 17:33:17.752 75 INFO cinder.api.openstack.wsgi [None req-6301d08a-3964-48fd-a3fe-ce8a158a591d 1cd1d85260d34f3296167696855531ad 860619add98a46b983c761a41a447be9 - - default default] http://[LB_IP_ADDRESS]:8776/v3/860619add98a46b983c761a41a447be9/os-quota-sets/860619add98a46b983c761a41a447be9?usage=True returned with HTTP 200
2026-06-16 17:33:17.775 76 INFO cinder.api.openstack.wsgi [None req-b07590d6-80ed-40ec-be80-9b37a8659238 1cd1d85260d34f3296167696855531ad 860619add98a46b983c761a41a447be9 - - default default] PUT http://[LB_IP_ADDRESS]:8776/v3/860619add98a46b983c761a41a447be9/os-quota-sets/2d87c21f8bd64a7fa954aab19b42efa9
2026-06-16 17:33:18.066 76 INFO cinder.api.openstack.wsgi [None req-b07590d6-80ed-40ec-be80-9b37a8659238 1cd1d85260d34f3296167696855531ad 860619add98a46b983c761a41a447be9 - - default default] http://[LB_IP_ADDRESS]:8776/v3/860619add98a46b983c761a41a447be9/os-quota-sets/2d87c21f8bd64a7fa954aab19b42efa9 returned with HTTP 200
2026-06-16 17:33:18.083 73 INFO cinder.api.openstack.wsgi [None req-e1474c61-2a51-4534-8c84-c6b016eb50a8 1cd1d85260d34f3296167696855531ad 860619add98a46b983c761a41a447be9 - - default default] PUT http://[LB_IP_ADDRESS]:8776/v3/860619add98a46b983c761a41a447be9/os-quota-sets/2d87c21f8bd64a7fa954aab19b42efa9
2026-06-16 17:33:18.378 73 INFO cinder.api.openstack.wsgi [None req-e1474c61-2a51-4534-8c84-c6b016eb50a8 1cd1d85260d34f3296167696855531ad 860619add98a46b983c761a41a447be9 - - default default] http://[LB_IP_ADDRESS]:8776/v3/860619add98a46b983c761a41a447be9/os-quota-sets/2d87c21f8bd64a7fa954aab19b42efa9 returned with HTTP 200
2026-06-16 17:33:19.515 74 INFO cinder.api.openstack.wsgi [None req-1b69ef0c-f148-4372-a932-4164a25130bd 0ddb07d4587f44d8b0c62354e9ee47fd 2e3f0948b17d4c279ec7da97b5800508 - - default default] POST http://[LB_IP_ADDRESS]:8776/v3/2e3f0948b17d4c279ec7da97b5800508/volumes
2026-06-16 17:33:19.519 74 INFO cinder.api.v3.volumes [None req-1b69ef0c-f148-4372-a932-4164a25130bd 0ddb07d4587f44d8b0c62354e9ee47fd 2e3f0948b17d4c279ec7da97b5800508 - - default default] Create volume of 1 GB
2026-06-16 17:33:19.528 74 INFO cinder.volume.api [None req-1b69ef0c-f148-4372-a932-4164a25130bd 0ddb07d4587f44d8b0c62354e9ee47fd 2e3f0948b17d4c279ec7da97b5800508 - - default default] Availability Zones retrieved successfully.
2026-06-16 17:33:19.981 74 INFO cinder.volume.api [None req-1b69ef0c-f148-4372-a932-4164a25130bd 0ddb07d4587f44d8b0c62354e9ee47fd 2e3f0948b17d4c279ec7da97b5800508 - - default default] Create volume request issued successfully.
2026-06-16 17:33:19.983 74 INFO cinder.api.openstack.wsgi [None req-1b69ef0c-f148-4372-a932-4164a25130bd 0ddb07d4587f44d8b0c62354e9ee47fd 2e3f0948b17d4c279ec7da97b5800508 - - default default] http://[LB_IP_ADDRESS]:8776/v3/2e3f0948b17d4c279ec7da97b5800508/volumes returned with HTTP 202
2026-06-16 17:33:20.005 72 INFO cinder.api.openstack.wsgi [None req-8370af24-3707-454d-b212-5a754870bfca 0ddb07d4587f44d8b0c62354e9ee47fd 2e3f0948b17d4c279ec7da97b5800508 - - default default] GET http://[LB_IP_ADDRESS]:8776/v3/2e3f0948b17d4c279ec7da97b5800508/volumes/e6601460-2201-4914-b186-9bc3e0348524
2026-06-16 17:33:20.027 72 INFO cinder.volume.api [None req-8370af24-3707-454d-b212-5a754870bfca 0ddb07d4587f44d8b0c62354e9ee47fd 2e3f0948b17d4c279ec7da97b5800508 - - default default] Volume info retrieved successfully.
2026-06-16 17:33:20.036 72 INFO cinder.api.openstack.wsgi [None req-8370af24-3707-454d-b212-5a754870bfca 0ddb07d4587f44d8b0c62354e9ee47fd 2e3f0948b17d4c279ec7da97b5800508 - - default default] http://[LB_IP_ADDRESS]:8776/v3/2e3f0948b17d4c279ec7da97b5800508/volumes/e6601460-2201-4914-b186-9bc3e0348524 returned with HTTP 200
2026-06-16 17:33:21.059 75 INFO cinder.api.openstack.wsgi [None req-5777ebc1-a8ed-4a53-89b3-ad6ef6d858cb 0ddb07d4587f44d8b0c62354e9ee47fd 2e3f0948b17d4c279ec7da97b5800508 - - default default] GET http://[LB_IP_ADDRESS]:8776/v3/2e3f0948b17d4c279ec7da97b5800508/volumes/e6601460-2201-4914-b186-9bc3e0348524
2026-06-16 17:33:21.083 75 INFO cinder.volume.api [None req-5777ebc1-a8ed-4a53-89b3-ad6ef6d858cb 0ddb07d4587f44d8b0c62354e9ee47fd 2e3f0948b17d4c279ec7da97b5800508 - - default default] Volume info retrieved successfully.
2026-06-16 17:33:21.094 75 INFO cinder.api.openstack.wsgi [None req-5777ebc1-a8ed-4a53-89b3-ad6ef6d858cb 0ddb07d4587f44d8b0c62354e9ee47fd 2e3f0948b17d4c279ec7da97b5800508 - - default default] http://[LB_IP_ADDRESS]:8776/v3/2e3f0948b17d4c279ec7da97b5800508/volumes/e6601460-2201-4914-b186-9bc3e0348524 returned with HTTP 200
2026-06-16 17:33:21.117 76 INFO cinder.api.openstack.wsgi [None req-b6d25855-6d27-4cea-9a70-bda231f46a87 0ddb07d4587f44d8b0c62354e9ee47fd 2e3f0948b17d4c279ec7da97b5800508 - - default default] POST http://[LB_IP_ADDRESS]:8776/v3/2e3f0948b17d4c279ec7da97b5800508/snapshots
2026-06-16 17:33:21.140 76 INFO cinder.volume.api [None req-b6d25855-6d27-4cea-9a70-bda231f46a87 0ddb07d4587f44d8b0c62354e9ee47fd 2e3f0948b17d4c279ec7da97b5800508 - - default default] Volume info retrieved successfully.
2026-06-16 17:33:21.140 76 INFO cinder.api.v3.snapshots [None req-b6d25855-6d27-4cea-9a70-bda231f46a87 0ddb07d4587f44d8b0c62354e9ee47fd 2e3f0948b17d4c279ec7da97b5800508 - - default default] Create snapshot from volume e6601460-2201-4914-b186-9bc3e0348524
2026-06-16 17:33:21.308 76 INFO cinder.volume.api [None req-b6d25855-6d27-4cea-9a70-bda231f46a87 0ddb07d4587f44d8b0c62354e9ee47fd 2e3f0948b17d4c279ec7da97b5800508 - - default default] Snapshot create request issued successfully.
2026-06-16 17:33:21.309 76 INFO cinder.api.openstack.wsgi [None req-b6d25855-6d27-4cea-9a70-bda231f46a87 0ddb07d4587f44d8b0c62354e9ee47fd 2e3f0948b17d4c279ec7da97b5800508 - - default default] http://[LB_IP_ADDRESS]:8776/v3/2e3f0948b17d4c279ec7da97b5800508/snapshots returned with HTTP 202
2026-06-16 17:33:21.325 73 INFO cinder.api.openstack.wsgi [None req-676f6621-e0ab-4051-972d-3ebd0a964c48 0ddb07d4587f44d8b0c62354e9ee47fd 2e3f0948b17d4c279ec7da97b5800508 - - default default] GET http://[LB_IP_ADDRESS]:8776/v3/2e3f0948b17d4c279ec7da97b5800508/snapshots/f274bed7-cae4-4bef-b4ce-029bbae6edd5
2026-06-16 17:33:21.338 73 INFO cinder.volume.api [None req-676f6621-e0ab-4051-972d-3ebd0a964c48 0ddb07d4587f44d8b0c62354e9ee47fd 2e3f0948b17d4c279ec7da97b5800508 - - default default] Snapshot retrieved successfully.
2026-06-16 17:33:21.339 73 INFO cinder.api.openstack.wsgi [None req-676f6621-e0ab-4051-972d-3ebd0a964c48 0ddb07d4587f44d8b0c62354e9ee47fd 2e3f0948b17d4c279ec7da97b5800508 - - default default] http://[LB_IP_ADDRESS]:8776/v3/2e3f0948b17d4c279ec7da97b5800508/snapshots/f274bed7-cae4-4bef-b4ce-029bbae6edd5 returned with HTTP 200
2026-06-16 17:33:22.357 74 INFO cinder.api.openstack.wsgi [None req-3c89d3f6-7b07-459e-b3c4-f512db9886b5 0ddb07d4587f44d8b0c62354e9ee47fd 2e3f0948b17d4c279ec7da97b5800508 - - default default] GET http://[LB_IP_ADDRESS]:8776/v3/2e3f0948b17d4c279ec7da97b5800508/snapshots/f274bed7-cae4-4bef-b4ce-029bbae6edd5
2026-06-16 17:33:22.368 74 INFO cinder.volume.api [None req-3c89d3f6-7b07-459e-b3c4-f512db9886b5 0ddb07d4587f44d8b0c62354e9ee47fd 2e3f0948b17d4c279ec7da97b5800508 - - default default] Snapshot retrieved successfully.
2026-06-16 17:33:22.370 74 INFO cinder.api.openstack.wsgi [None req-3c89d3f6-7b07-459e-b3c4-f512db9886b5 0ddb07d4587f44d8b0c62354e9ee47fd 2e3f0948b17d4c279ec7da97b5800508 - - default default] http://[LB_IP_ADDRESS]:8776/v3/2e3f0948b17d4c279ec7da97b5800508/snapshots/f274bed7-cae4-4bef-b4ce-029bbae6edd5 returned with HTTP 200
2026-06-16 17:33:23.386 75 INFO cinder.api.openstack.wsgi [None req-8d9e569f-1d71-4979-a7bb-2a8f1befceed 0ddb07d4587f44d8b0c62354e9ee47fd 2e3f0948b17d4c279ec7da97b5800508 - - default default] GET http://[LB_IP_ADDRESS]:8776/v3/2e3f0948b17d4c279ec7da97b5800508/snapshots/f274bed7-cae4-4bef-b4ce-029bbae6edd5
2026-06-16 17:33:23.399 75 INFO cinder.volume.api [None req-8d9e569f-1d71-4979-a7bb-2a8f1befceed 0ddb07d4587f44d8b0c62354e9ee47fd 2e3f0948b17d4c279ec7da97b5800508 - - default default] Snapshot retrieved successfully.
2026-06-16 17:33:23.401 75 INFO cinder.api.openstack.wsgi [None req-8d9e569f-1d71-4979-a7bb-2a8f1befceed 0ddb07d4587f44d8b0c62354e9ee47fd 2e3f0948b17d4c279ec7da97b5800508 - - default default] http://[LB_IP_ADDRESS]:8776/v3/2e3f0948b17d4c279ec7da97b5800508/snapshots/f274bed7-cae4-4bef-b4ce-029bbae6edd5 returned with HTTP 200
2026-06-16 17:33:23.418 76 INFO cinder.api.openstack.wsgi [None req-ff9abd18-ee75-48fe-8950-6563aa01a0c6 0ddb07d4587f44d8b0c62354e9ee47fd 2e3f0948b17d4c279ec7da97b5800508 - - default default] POST http://[LB_IP_ADDRESS]:8776/v3/2e3f0948b17d4c279ec7da97b5800508/snapshots
2026-06-16 17:33:23.437 76 INFO cinder.volume.api [None req-ff9abd18-ee75-48fe-8950-6563aa01a0c6 0ddb07d4587f44d8b0c62354e9ee47fd 2e3f0948b17d4c279ec7da97b5800508 - - default default] Volume info retrieved successfully.
2026-06-16 17:33:23.438 76 INFO cinder.api.v3.snapshots [None req-ff9abd18-ee75-48fe-8950-6563aa01a0c6 0ddb07d4587f44d8b0c62354e9ee47fd 2e3f0948b17d4c279ec7da97b5800508 - - default default] Create snapshot from volume e6601460-2201-4914-b186-9bc3e0348524
2026-06-16 17:33:23.586 76 INFO cinder.volume.api [None req-ff9abd18-ee75-48fe-8950-6563aa01a0c6 0ddb07d4587f44d8b0c62354e9ee47fd 2e3f0948b17d4c279ec7da97b5800508 - - default default] Snapshot create request issued successfully.
2026-06-16 17:33:23.587 76 INFO cinder.api.openstack.wsgi [None req-ff9abd18-ee75-48fe-8950-6563aa01a0c6 0ddb07d4587f44d8b0c62354e9ee47fd 2e3f0948b17d4c279ec7da97b5800508 - - default default] http://[LB_IP_ADDRESS]:8776/v3/2e3f0948b17d4c279ec7da97b5800508/snapshots returned with HTTP 202
2026-06-16 17:33:23.587 72 INFO cinder.api.openstack.wsgi [None req-60adafff-9e43-44b2-a84e-5ac88ca9fd0d 8ea8071207634f77950ebacdfabc3039 b6f4e9d363ea4a74a145c005b1f20ba6 - - default default] POST http://[LB_IP_ADDRESS]:8776/v3/b6f4e9d363ea4a74a145c005b1f20ba6/types
2026-06-16 17:33:23.603 73 INFO cinder.api.openstack.wsgi [None req-9788a4f0-363d-4db4-b23a-7fc7b59337b3 0ddb07d4587f44d8b0c62354e9ee47fd 2e3f0948b17d4c279ec7da97b5800508 - - default default] GET http://[LB_IP_ADDRESS]:8776/v3/2e3f0948b17d4c279ec7da97b5800508/snapshots/bee4a64b-3f84-4cec-b48e-2f72255d0018
2026-06-16 17:33:23.614 73 INFO cinder.volume.api [None req-9788a4f0-363d-4db4-b23a-7fc7b59337b3 0ddb07d4587f44d8b0c62354e9ee47fd 2e3f0948b17d4c279ec7da97b5800508 - - default default] Snapshot retrieved successfully.
2026-06-16 17:33:23.616 73 INFO cinder.api.openstack.wsgi [None req-9788a4f0-363d-4db4-b23a-7fc7b59337b3 0ddb07d4587f44d8b0c62354e9ee47fd 2e3f0948b17d4c279ec7da97b5800508 - - default default] http://[LB_IP_ADDRESS]:8776/v3/2e3f0948b17d4c279ec7da97b5800508/snapshots/bee4a64b-3f84-4cec-b48e-2f72255d0018 returned with HTTP 200
2026-06-16 17:33:23.622 72 INFO cinder.api.openstack.wsgi [None req-60adafff-9e43-44b2-a84e-5ac88ca9fd0d 8ea8071207634f77950ebacdfabc3039 b6f4e9d363ea4a74a145c005b1f20ba6 - - default default] http://[LB_IP_ADDRESS]:8776/v3/b6f4e9d363ea4a74a145c005b1f20ba6/types returned with HTTP 200
2026-06-16 17:33:23.805 74 INFO cinder.api.openstack.wsgi [None req-8300cfec-684c-4319-8c61-531f14dd588b b6c75e99c4644fd591c9f8ff26e7f632 f600498da2e84d83997c2e6c65240dfe - - default default] POST http://[LB_IP_ADDRESS]:8776/v3/f600498da2e84d83997c2e6c65240dfe/volumes
2026-06-16 17:33:23.814 74 INFO cinder.api.v3.volumes [None req-8300cfec-684c-4319-8c61-531f14dd588b b6c75e99c4644fd591c9f8ff26e7f632 f600498da2e84d83997c2e6c65240dfe - - default default] Create volume of 1 GB
2026-06-16 17:33:23.816 74 INFO cinder.volume.api [None req-8300cfec-684c-4319-8c61-531f14dd588b b6c75e99c4644fd591c9f8ff26e7f632 f600498da2e84d83997c2e6c65240dfe - - default default] Availability Zones retrieved successfully.
2026-06-16 17:33:24.064 74 WARNING cinder.quota [None req-8300cfec-684c-4319-8c61-531f14dd588b b6c75e99c4644fd591c9f8ff26e7f632 f600498da2e84d83997c2e6c65240dfe - - default default] Deprecated: Default quota for resource: volumes_tempest-UserMessagesTest-volume-type-646395631 is set by the default quota flag: quota_volumes_tempest-UserMessagesTest-volume-type-646395631, it is now deprecated. Please use the default quota class for default quota.
2026-06-16 17:33:24.065 74 WARNING cinder.quota [None req-8300cfec-684c-4319-8c61-531f14dd588b b6c75e99c4644fd591c9f8ff26e7f632 f600498da2e84d83997c2e6c65240dfe - - default default] Deprecated: Default quota for resource: gigabytes_tempest-UserMessagesTest-volume-type-646395631 is set by the default quota flag: quota_gigabytes_tempest-UserMessagesTest-volume-type-646395631, it is now deprecated. Please use the default quota class for default quota.
2026-06-16 17:33:24.183 74 INFO cinder.volume.api [None req-8300cfec-684c-4319-8c61-531f14dd588b b6c75e99c4644fd591c9f8ff26e7f632 f600498da2e84d83997c2e6c65240dfe - - default default] Create volume request issued successfully.
2026-06-16 17:33:24.184 74 INFO cinder.api.openstack.wsgi [None req-8300cfec-684c-4319-8c61-531f14dd588b b6c75e99c4644fd591c9f8ff26e7f632 f600498da2e84d83997c2e6c65240dfe - - default default] http://[LB_IP_ADDRESS]:8776/v3/f600498da2e84d83997c2e6c65240dfe/volumes returned with HTTP 202
2026-06-16 17:33:24.207 75 INFO cinder.api.openstack.wsgi [None req-f78189d1-6019-47ad-82fa-b51739c3303d b6c75e99c4644fd591c9f8ff26e7f632 f600498da2e84d83997c2e6c65240dfe - - default default] GET http://[LB_IP_ADDRESS]:8776/v3/f600498da2e84d83997c2e6c65240dfe/volumes/8c08a9a5-9acd-4269-bd58-918890a0c29b
