2022-05-04 18:20:57.243 22 INFO cinder.api.openstack.wsgi [req-1f3c8103-d75f-4be7-b9fe-73503596fd66 fdd18b42642b455ba4a2497d087570a1 - - default default] GET http://[LB_IP_ADDRESS]:8776/v3/a49bb37843224fe097b34a47a76032c8/group_types
2022-05-04 18:20:57.260 22 INFO cinder.api.openstack.wsgi [req-1f3c8103-d75f-4be7-b9fe-73503596fd66 fdd18b42642b455ba4a2497d087570a1 - - default default] http://[LB_IP_ADDRESS]:8776/v3/a49bb37843224fe097b34a47a76032c8/group_types returned with HTTP 200
2022-05-04 18:20:57.275 20 INFO cinder.api.openstack.wsgi [req-497fb8d6-ae5a-4bdf-83a4-9ac5a560ee40 fdd18b42642b455ba4a2497d087570a1 - - default default] PUT http://[LB_IP_ADDRESS]:8776/v3/a49bb37843224fe097b34a47a76032c8/group_types/c629841f-e170-4df4-be54-325043aa5688
2022-05-04 18:20:57.292 20 INFO cinder.api.openstack.wsgi [req-497fb8d6-ae5a-4bdf-83a4-9ac5a560ee40 fdd18b42642b455ba4a2497d087570a1 - - default default] http://[LB_IP_ADDRESS]:8776/v3/a49bb37843224fe097b34a47a76032c8/group_types/c629841f-e170-4df4-be54-325043aa5688 returned with HTTP 200
2022-05-04 18:20:57.310 19 INFO cinder.api.openstack.wsgi [req-d214b943-cf59-4bfc-a13e-acc4be4a95a8 fdd18b42642b455ba4a2497d087570a1 - - default default] GET http://[LB_IP_ADDRESS]:8776/v3/a49bb37843224fe097b34a47a76032c8/group_types/c629841f-e170-4df4-be54-325043aa5688
2022-05-04 18:20:57.319 19 INFO cinder.api.openstack.wsgi [req-d214b943-cf59-4bfc-a13e-acc4be4a95a8 fdd18b42642b455ba4a2497d087570a1 - - default default] http://[LB_IP_ADDRESS]:8776/v3/a49bb37843224fe097b34a47a76032c8/group_types/c629841f-e170-4df4-be54-325043aa5688 returned with HTTP 200
2022-05-04 18:20:57.332 23 INFO cinder.api.openstack.wsgi [req-5f358753-fc77-4c8e-9f1c-ccd2776cd08b fdd18b42642b455ba4a2497d087570a1 - - default default] DELETE http://[LB_IP_ADDRESS]:8776/v3/a49bb37843224fe097b34a47a76032c8/group_types/c629841f-e170-4df4-be54-325043aa5688
2022-05-04 18:20:57.359 23 INFO cinder.api.openstack.wsgi [req-5f358753-fc77-4c8e-9f1c-ccd2776cd08b fdd18b42642b455ba4a2497d087570a1 - - default default] http://[LB_IP_ADDRESS]:8776/v3/a49bb37843224fe097b34a47a76032c8/group_types/c629841f-e170-4df4-be54-325043aa5688 returned with HTTP 202
2022-05-04 18:20:58.230 21 INFO cinder.api.openstack.wsgi [req-40b21e5f-3fae-47bd-98e6-9cc9648cfb71 835171a48b4040c885dadad72ef3fa79 - - default default] GET http://[LB_IP_ADDRESS]:8776/v3/2ce51d2e5afd4cceb1d5ab473bb75cb7/volumes/02d954da-5ebe-4909-8a95-ae036b7683d5
2022-05-04 18:20:58.258 21 INFO cinder.volume.api [req-40b21e5f-3fae-47bd-98e6-9cc9648cfb71 835171a48b4040c885dadad72ef3fa79 - - default default] Volume info retrieved successfully.
2022-05-04 18:20:58.267 21 INFO cinder.api.openstack.wsgi [req-40b21e5f-3fae-47bd-98e6-9cc9648cfb71 835171a48b4040c885dadad72ef3fa79 - - default default] http://[LB_IP_ADDRESS]:8776/v3/2ce51d2e5afd4cceb1d5ab473bb75cb7/volumes/02d954da-5ebe-4909-8a95-ae036b7683d5 returned with HTTP 200
2022-05-04 18:20:59.288 22 INFO cinder.api.openstack.wsgi [req-9115bc4d-1d53-42a0-bc29-63c849f69dff 835171a48b4040c885dadad72ef3fa79 - - default default] GET http://[LB_IP_ADDRESS]:8776/v3/2ce51d2e5afd4cceb1d5ab473bb75cb7/volumes/02d954da-5ebe-4909-8a95-ae036b7683d5
2022-05-04 18:20:59.309 22 INFO cinder.volume.api [req-9115bc4d-1d53-42a0-bc29-63c849f69dff 835171a48b4040c885dadad72ef3fa79 - - default default] Volume info retrieved successfully.
2022-05-04 18:20:59.316 22 INFO cinder.api.openstack.wsgi [req-9115bc4d-1d53-42a0-bc29-63c849f69dff 835171a48b4040c885dadad72ef3fa79 - - default default] http://[LB_IP_ADDRESS]:8776/v3/2ce51d2e5afd4cceb1d5ab473bb75cb7/volumes/02d954da-5ebe-4909-8a95-ae036b7683d5 returned with HTTP 200
2022-05-04 18:20:59.336 20 INFO cinder.api.openstack.wsgi [req-3ecab292-6449-402b-b862-2918352eaefd 835171a48b4040c885dadad72ef3fa79 - - default default] GET http://[LB_IP_ADDRESS]:8776/v3/2ce51d2e5afd4cceb1d5ab473bb75cb7/volumes/02d954da-5ebe-4909-8a95-ae036b7683d5
2022-05-04 18:20:59.361 20 INFO cinder.volume.api [req-3ecab292-6449-402b-b862-2918352eaefd 835171a48b4040c885dadad72ef3fa79 - - default default] Volume info retrieved successfully.
2022-05-04 18:20:59.368 20 INFO cinder.api.openstack.wsgi [req-3ecab292-6449-402b-b862-2918352eaefd 835171a48b4040c885dadad72ef3fa79 - - default default] http://[LB_IP_ADDRESS]:8776/v3/2ce51d2e5afd4cceb1d5ab473bb75cb7/volumes/02d954da-5ebe-4909-8a95-ae036b7683d5 returned with HTTP 200
2022-05-04 18:20:59.386 23 INFO cinder.api.openstack.wsgi [req-3ee7abb0-237e-4de1-bf9c-b85c2822301a 835171a48b4040c885dadad72ef3fa79 - - default default] POST http://[LB_IP_ADDRESS]:8776/v3/2ce51d2e5afd4cceb1d5ab473bb75cb7/volumes
2022-05-04 18:20:59.388 23 INFO cinder.api.v3.volumes [req-3ee7abb0-237e-4de1-bf9c-b85c2822301a 835171a48b4040c885dadad72ef3fa79 - - default default] Create volume of 1 GB
2022-05-04 18:20:59.400 23 INFO cinder.volume.api [req-3ee7abb0-237e-4de1-bf9c-b85c2822301a 835171a48b4040c885dadad72ef3fa79 - - default default] Availability Zones retrieved successfully.
2022-05-04 18:20:59.447 19 INFO cinder.api.openstack.wsgi [req-0f0bf937-5a42-4ba1-a053-18931acf3c75 7a0d92f0eaca43b0ab704ff2ff222216 - - default default] POST http://[LB_IP_ADDRESS]:8776/v3/fb9afb0ae18742319003f92416cb25f8/types
2022-05-04 18:20:59.484 19 INFO cinder.api.openstack.wsgi [req-0f0bf937-5a42-4ba1-a053-18931acf3c75 7a0d92f0eaca43b0ab704ff2ff222216 - - default default] http://[LB_IP_ADDRESS]:8776/v3/fb9afb0ae18742319003f92416cb25f8/types returned with HTTP 200
2022-05-04 18:20:59.500 21 INFO cinder.api.openstack.wsgi [req-444c4a31-469c-445b-a543-d40709aa886b 7a0d92f0eaca43b0ab704ff2ff222216 - - default default] POST http://[LB_IP_ADDRESS]:8776/v3/fb9afb0ae18742319003f92416cb25f8/types/52a6da46-a6fb-4174-9e37-71f606ec0f1b/action
2022-05-04 18:20:59.516 21 INFO cinder.api.openstack.wsgi [req-444c4a31-469c-445b-a543-d40709aa886b 7a0d92f0eaca43b0ab704ff2ff222216 - - default default] http://[LB_IP_ADDRESS]:8776/v3/fb9afb0ae18742319003f92416cb25f8/types/52a6da46-a6fb-4174-9e37-71f606ec0f1b/action returned with HTTP 202
2022-05-04 18:20:59.528 22 INFO cinder.api.openstack.wsgi [req-000bccc3-9977-46a4-b64c-2e478ef8d59b 7a0d92f0eaca43b0ab704ff2ff222216 - - default default] POST http://[LB_IP_ADDRESS]:8776/v3/fb9afb0ae18742319003f92416cb25f8/types/52a6da46-a6fb-4174-9e37-71f606ec0f1b/action
2022-05-04 18:20:59.543 22 INFO cinder.api.openstack.wsgi [req-000bccc3-9977-46a4-b64c-2e478ef8d59b 7a0d92f0eaca43b0ab704ff2ff222216 - - default default] http://[LB_IP_ADDRESS]:8776/v3/fb9afb0ae18742319003f92416cb25f8/types/52a6da46-a6fb-4174-9e37-71f606ec0f1b/action returned with HTTP 202
2022-05-04 18:20:59.556 20 INFO cinder.api.openstack.wsgi [req-5147cc5f-0cb5-4773-b4c6-010a89795089 7a0d92f0eaca43b0ab704ff2ff222216 - - default default] GET http://[LB_IP_ADDRESS]:8776/v3/fb9afb0ae18742319003f92416cb25f8/types/52a6da46-a6fb-4174-9e37-71f606ec0f1b/os-volume-type-access
2022-05-04 18:20:59.566 20 INFO cinder.api.openstack.wsgi [req-5147cc5f-0cb5-4773-b4c6-010a89795089 7a0d92f0eaca43b0ab704ff2ff222216 - - default default] http://[LB_IP_ADDRESS]:8776/v3/fb9afb0ae18742319003f92416cb25f8/types/52a6da46-a6fb-4174-9e37-71f606ec0f1b/os-volume-type-access returned with HTTP 200
2022-05-04 18:20:59.580 19 INFO cinder.api.openstack.wsgi [req-8225c07c-6ad4-4de9-b193-0112ea3cd7d1 7a0d92f0eaca43b0ab704ff2ff222216 - - default default] POST http://[LB_IP_ADDRESS]:8776/v3/fb9afb0ae18742319003f92416cb25f8/types/52a6da46-a6fb-4174-9e37-71f606ec0f1b/action
2022-05-04 18:20:59.596 19 INFO cinder.api.openstack.wsgi [req-8225c07c-6ad4-4de9-b193-0112ea3cd7d1 7a0d92f0eaca43b0ab704ff2ff222216 - - default default] http://[LB_IP_ADDRESS]:8776/v3/fb9afb0ae18742319003f92416cb25f8/types/52a6da46-a6fb-4174-9e37-71f606ec0f1b/action returned with HTTP 202
2022-05-04 18:20:59.608 21 INFO cinder.api.openstack.wsgi [req-89f0af3f-f562-4c99-91ad-9851406ed9c9 7a0d92f0eaca43b0ab704ff2ff222216 - - default default] POST http://[LB_IP_ADDRESS]:8776/v3/fb9afb0ae18742319003f92416cb25f8/types/52a6da46-a6fb-4174-9e37-71f606ec0f1b/action
2022-05-04 18:20:59.626 21 INFO cinder.api.openstack.wsgi [req-89f0af3f-f562-4c99-91ad-9851406ed9c9 7a0d92f0eaca43b0ab704ff2ff222216 - - default default] http://[LB_IP_ADDRESS]:8776/v3/fb9afb0ae18742319003f92416cb25f8/types/52a6da46-a6fb-4174-9e37-71f606ec0f1b/action returned with HTTP 202
2022-05-04 18:20:59.638 22 INFO cinder.api.openstack.wsgi [req-c50c711b-a978-41cd-a657-62de057b9ccd 7a0d92f0eaca43b0ab704ff2ff222216 - - default default] DELETE http://[LB_IP_ADDRESS]:8776/v3/fb9afb0ae18742319003f92416cb25f8/types/52a6da46-a6fb-4174-9e37-71f606ec0f1b
2022-05-04 18:20:59.763 23 INFO cinder.volume.api [req-3ee7abb0-237e-4de1-bf9c-b85c2822301a 835171a48b4040c885dadad72ef3fa79 - - default default] Create volume request issued successfully.
2022-05-04 18:20:59.765 23 INFO cinder.api.openstack.wsgi [req-3ee7abb0-237e-4de1-bf9c-b85c2822301a 835171a48b4040c885dadad72ef3fa79 - - default default] http://[LB_IP_ADDRESS]:8776/v3/2ce51d2e5afd4cceb1d5ab473bb75cb7/volumes returned with HTTP 202
2022-05-04 18:20:59.785 20 INFO cinder.api.openstack.wsgi [req-96da3dc9-356b-4a15-94c7-49024fc9243d 835171a48b4040c885dadad72ef3fa79 - - default default] GET http://[LB_IP_ADDRESS]:8776/v3/2ce51d2e5afd4cceb1d5ab473bb75cb7/volumes/09015662-04bf-4dd0-824a-8c589126ac0f
2022-05-04 18:20:59.786 22 INFO cinder.api.openstack.wsgi [req-c50c711b-a978-41cd-a657-62de057b9ccd 7a0d92f0eaca43b0ab704ff2ff222216 - - default default] http://[LB_IP_ADDRESS]:8776/v3/fb9afb0ae18742319003f92416cb25f8/types/52a6da46-a6fb-4174-9e37-71f606ec0f1b returned with HTTP 202
2022-05-04 18:20:59.800 19 INFO cinder.api.openstack.wsgi [req-8e3269d6-dbab-4087-b473-e3f22f9eb4d8 7a0d92f0eaca43b0ab704ff2ff222216 - - default default] GET http://[LB_IP_ADDRESS]:8776/v3/fb9afb0ae18742319003f92416cb25f8/types/52a6da46-a6fb-4174-9e37-71f606ec0f1b
2022-05-04 18:20:59.806 19 INFO cinder.api.openstack.wsgi [req-8e3269d6-dbab-4087-b473-e3f22f9eb4d8 7a0d92f0eaca43b0ab704ff2ff222216 - - default default] http://[LB_IP_ADDRESS]:8776/v3/fb9afb0ae18742319003f92416cb25f8/types/52a6da46-a6fb-4174-9e37-71f606ec0f1b returned with HTTP 404
2022-05-04 18:20:59.807 20 INFO cinder.volume.api [req-96da3dc9-356b-4a15-94c7-49024fc9243d 835171a48b4040c885dadad72ef3fa79 - - default default] Volume info retrieved successfully.
2022-05-04 18:20:59.815 20 INFO cinder.api.openstack.wsgi [req-96da3dc9-356b-4a15-94c7-49024fc9243d 835171a48b4040c885dadad72ef3fa79 - - default default] http://[LB_IP_ADDRESS]:8776/v3/2ce51d2e5afd4cceb1d5ab473bb75cb7/volumes/09015662-04bf-4dd0-824a-8c589126ac0f returned with HTTP 200
2022-05-04 18:21:00.835 21 INFO cinder.api.openstack.wsgi [req-933d0398-e39b-4bb2-b4af-b48ec243d201 835171a48b4040c885dadad72ef3fa79 - - default default] GET http://[LB_IP_ADDRESS]:8776/v3/2ce51d2e5afd4cceb1d5ab473bb75cb7/volumes/09015662-04bf-4dd0-824a-8c589126ac0f
2022-05-04 18:21:00.865 21 INFO cinder.volume.api [req-933d0398-e39b-4bb2-b4af-b48ec243d201 835171a48b4040c885dadad72ef3fa79 - - default default] Volume info retrieved successfully.
2022-05-04 18:21:00.873 21 INFO cinder.api.openstack.wsgi [req-933d0398-e39b-4bb2-b4af-b48ec243d201 835171a48b4040c885dadad72ef3fa79 - - default default] http://[LB_IP_ADDRESS]:8776/v3/2ce51d2e5afd4cceb1d5ab473bb75cb7/volumes/09015662-04bf-4dd0-824a-8c589126ac0f returned with HTTP 200
2022-05-04 18:21:01.897 23 INFO cinder.api.openstack.wsgi [req-e3cfc634-2c4e-4de3-81f7-82147c3cb554 835171a48b4040c885dadad72ef3fa79 - - default default] GET http://[LB_IP_ADDRESS]:8776/v3/2ce51d2e5afd4cceb1d5ab473bb75cb7/volumes/09015662-04bf-4dd0-824a-8c589126ac0f
2022-05-04 18:21:01.919 23 INFO cinder.volume.api [req-e3cfc634-2c4e-4de3-81f7-82147c3cb554 835171a48b4040c885dadad72ef3fa79 - - default default] Volume info retrieved successfully.
2022-05-04 18:21:01.927 23 INFO cinder.api.openstack.wsgi [req-e3cfc634-2c4e-4de3-81f7-82147c3cb554 835171a48b4040c885dadad72ef3fa79 - - default default] http://[LB_IP_ADDRESS]:8776/v3/2ce51d2e5afd4cceb1d5ab473bb75cb7/volumes/09015662-04bf-4dd0-824a-8c589126ac0f returned with HTTP 200
2022-05-04 18:21:01.952 22 INFO cinder.api.openstack.wsgi [req-4d0ce151-d07d-4072-bba2-cf34fd118dde 835171a48b4040c885dadad72ef3fa79 - - default default] GET http://[LB_IP_ADDRESS]:8776/v3/2ce51d2e5afd4cceb1d5ab473bb75cb7/volumes/09015662-04bf-4dd0-824a-8c589126ac0f
2022-05-04 18:21:01.984 22 INFO cinder.volume.api [req-4d0ce151-d07d-4072-bba2-cf34fd118dde 835171a48b4040c885dadad72ef3fa79 - - default default] Volume info retrieved successfully.
2022-05-04 18:21:01.993 22 INFO cinder.api.openstack.wsgi [req-4d0ce151-d07d-4072-bba2-cf34fd118dde 835171a48b4040c885dadad72ef3fa79 - - default default] http://[LB_IP_ADDRESS]:8776/v3/2ce51d2e5afd4cceb1d5ab473bb75cb7/volumes/09015662-04bf-4dd0-824a-8c589126ac0f returned with HTTP 200
2022-05-04 18:21:02.165 19 INFO cinder.api.openstack.wsgi [req-97e88dfa-2871-457e-aba5-74ffccf56664 d58c7bbebbe546c3b06c5a60aa2c8900 - - default default] POST http://[LB_IP_ADDRESS]:8776/v3/3b5c253d015c44ab8155278f3f9e4f62/volumes
2022-05-04 18:21:02.167 19 INFO cinder.api.v3.volumes [req-97e88dfa-2871-457e-aba5-74ffccf56664 d58c7bbebbe546c3b06c5a60aa2c8900 - - default default] Create volume of 1 GB
2022-05-04 18:21:02.180 19 INFO cinder.volume.api [req-97e88dfa-2871-457e-aba5-74ffccf56664 d58c7bbebbe546c3b06c5a60aa2c8900 - - default default] Availability Zones retrieved successfully.
2022-05-04 18:21:02.368 20 INFO cinder.api.openstack.wsgi [req-37f42905-fa8d-40bf-90fe-0e7338feea4f 77266a78a4cb49e18a00f7321e982364 - - default default] POST http://[LB_IP_ADDRESS]:8776/v3/558c09e6fe1b40aca623025a80998740/types
2022-05-04 18:21:02.399 20 INFO cinder.api.openstack.wsgi [req-37f42905-fa8d-40bf-90fe-0e7338feea4f 77266a78a4cb49e18a00f7321e982364 - - default default] http://[LB_IP_ADDRESS]:8776/v3/558c09e6fe1b40aca623025a80998740/types returned with HTTP 200
2022-05-04 18:21:02.414 21 INFO cinder.api.openstack.wsgi [req-bbb63d98-d449-48bb-919f-5396586df82e 77266a78a4cb49e18a00f7321e982364 - - default default] POST http://[LB_IP_ADDRESS]:8776/v3/558c09e6fe1b40aca623025a80998740/group_types
2022-05-04 18:21:02.441 21 INFO cinder.api.openstack.wsgi [req-bbb63d98-d449-48bb-919f-5396586df82e 77266a78a4cb49e18a00f7321e982364 - - default default] http://[LB_IP_ADDRESS]:8776/v3/558c09e6fe1b40aca623025a80998740/group_types returned with HTTP 202
2022-05-04 18:21:02.612 23 INFO cinder.api.openstack.wsgi [req-5d39e287-6ee5-42ce-8668-47fadbd46735 04266a8a80214637b4c14cc366e85abd - - default default] POST http://[LB_IP_ADDRESS]:8776/v3/2d6e4edc7d344109a2f9daf8cc4c7f8a/groups
2022-05-04 18:21:02.621 23 INFO cinder.api.v3.groups [req-5d39e287-6ee5-42ce-8668-47fadbd46735 04266a8a80214637b4c14cc366e85abd - - default default] Creating group tempest-GroupsV320Test-Group-317560408.
2022-05-04 18:21:02.631 23 INFO cinder.volume.api [req-5d39e287-6ee5-42ce-8668-47fadbd46735 04266a8a80214637b4c14cc366e85abd - - default default] Availability Zones retrieved successfully.
2022-05-04 18:21:02.683 19 INFO cinder.volume.api [req-97e88dfa-2871-457e-aba5-74ffccf56664 d58c7bbebbe546c3b06c5a60aa2c8900 - - default default] Create volume request issued successfully.
2022-05-04 18:21:02.685 19 INFO cinder.api.openstack.wsgi [req-97e88dfa-2871-457e-aba5-74ffccf56664 d58c7bbebbe546c3b06c5a60aa2c8900 - - default default] http://[LB_IP_ADDRESS]:8776/v3/3b5c253d015c44ab8155278f3f9e4f62/volumes returned with HTTP 202
2022-05-04 18:21:02.703 22 INFO cinder.api.openstack.wsgi [req-4517abd0-9898-40fe-a2bc-67b8f59cdf9d d58c7bbebbe546c3b06c5a60aa2c8900 - - default default] GET http://[LB_IP_ADDRESS]:8776/v3/3b5c253d015c44ab8155278f3f9e4f62/volumes/8dcb5bba-4749-4f32-bbdd-0e4d62c80a1c
2022-05-04 18:21:02.728 22 INFO cinder.volume.api [req-4517abd0-9898-40fe-a2bc-67b8f59cdf9d d58c7bbebbe546c3b06c5a60aa2c8900 - - default default] Volume info retrieved successfully.
2022-05-04 18:21:02.736 22 INFO cinder.api.openstack.wsgi [req-4517abd0-9898-40fe-a2bc-67b8f59cdf9d d58c7bbebbe546c3b06c5a60aa2c8900 - - default default] http://[LB_IP_ADDRESS]:8776/v3/3b5c253d015c44ab8155278f3f9e4f62/volumes/8dcb5bba-4749-4f32-bbdd-0e4d62c80a1c returned with HTTP 200
2022-05-04 18:21:02.765 23 INFO cinder.api.openstack.wsgi [req-5d39e287-6ee5-42ce-8668-47fadbd46735 04266a8a80214637b4c14cc366e85abd - - default default] http://[LB_IP_ADDRESS]:8776/v3/2d6e4edc7d344109a2f9daf8cc4c7f8a/groups returned with HTTP 202
2022-05-04 18:21:02.777 20 INFO cinder.api.openstack.wsgi [req-68237dfc-9481-459c-b19e-08523135117a 04266a8a80214637b4c14cc366e85abd - - default default] GET http://[LB_IP_ADDRESS]:8776/v3/2d6e4edc7d344109a2f9daf8cc4c7f8a/groups/acd7536c-5fc2-49e3-b13e-a8341862d9b9
2022-05-04 18:21:02.798 20 INFO cinder.api.openstack.wsgi [req-68237dfc-9481-459c-b19e-08523135117a 04266a8a80214637b4c14cc366e85abd - - default default] http://[LB_IP_ADDRESS]:8776/v3/2d6e4edc7d344109a2f9daf8cc4c7f8a/groups/acd7536c-5fc2-49e3-b13e-a8341862d9b9 returned with HTTP 200
2022-05-04 18:21:03.756 21 INFO cinder.api.openstack.wsgi [req-f86002a5-0377-4a48-96e1-ba6d740ab921 d58c7bbebbe546c3b06c5a60aa2c8900 - - default default] GET http://[LB_IP_ADDRESS]:8776/v3/3b5c253d015c44ab8155278f3f9e4f62/volumes/8dcb5bba-4749-4f32-bbdd-0e4d62c80a1c
2022-05-04 18:21:03.778 21 INFO cinder.volume.api [req-f86002a5-0377-4a48-96e1-ba6d740ab921 d58c7bbebbe546c3b06c5a60aa2c8900 - - default default] Volume info retrieved successfully.
2022-05-04 18:21:03.785 21 INFO cinder.api.openstack.wsgi [req-f86002a5-0377-4a48-96e1-ba6d740ab921 d58c7bbebbe546c3b06c5a60aa2c8900 - - default default] http://[LB_IP_ADDRESS]:8776/v3/3b5c253d015c44ab8155278f3f9e4f62/volumes/8dcb5bba-4749-4f32-bbdd-0e4d62c80a1c returned with HTTP 200
2022-05-04 18:21:03.815 19 INFO cinder.api.openstack.wsgi [req-0da0218c-56e8-4fdb-aabb-68879c989e52 04266a8a80214637b4c14cc366e85abd - - default default] GET http://[LB_IP_ADDRESS]:8776/v3/2d6e4edc7d344109a2f9daf8cc4c7f8a/groups/acd7536c-5fc2-49e3-b13e-a8341862d9b9
2022-05-04 18:21:03.840 19 INFO cinder.api.openstack.wsgi [req-0da0218c-56e8-4fdb-aabb-68879c989e52 04266a8a80214637b4c14cc366e85abd - - default default] http://[LB_IP_ADDRESS]:8776/v3/2d6e4edc7d344109a2f9daf8cc4c7f8a/groups/acd7536c-5fc2-49e3-b13e-a8341862d9b9 returned with HTTP 200
2022-05-04 18:21:03.856 22 INFO cinder.api.openstack.wsgi [req-e4215520-e0e7-470b-aebc-e92583b65bf0 77266a78a4cb49e18a00f7321e982364 - - default default] POST http://[LB_IP_ADDRESS]:8776/v3/558c09e6fe1b40aca623025a80998740/groups/acd7536c-5fc2-49e3-b13e-a8341862d9b9/action
2022-05-04 18:21:03.873 22 INFO cinder.api.openstack.wsgi [req-e4215520-e0e7-470b-aebc-e92583b65bf0 77266a78a4cb49e18a00f7321e982364 - - default default] http://[LB_IP_ADDRESS]:8776/v3/558c09e6fe1b40aca623025a80998740/groups/acd7536c-5fc2-49e3-b13e-a8341862d9b9/action returned with HTTP 202
2022-05-04 18:21:03.885 23 INFO cinder.api.openstack.wsgi [req-883d2132-42c8-4af5-8697-2369a10211a4 04266a8a80214637b4c14cc366e85abd - - default default] GET http://[LB_IP_ADDRESS]:8776/v3/2d6e4edc7d344109a2f9daf8cc4c7f8a/groups/acd7536c-5fc2-49e3-b13e-a8341862d9b9
2022-05-04 18:21:03.906 23 INFO cinder.api.openstack.wsgi [req-883d2132-42c8-4af5-8697-2369a10211a4 04266a8a80214637b4c14cc366e85abd - - default default] http://[LB_IP_ADDRESS]:8776/v3/2d6e4edc7d344109a2f9daf8cc4c7f8a/groups/acd7536c-5fc2-49e3-b13e-a8341862d9b9 returned with HTTP 200
2022-05-04 18:21:03.921 20 INFO cinder.api.openstack.wsgi [req-c6ea841b-0829-4b7f-82f2-c24039ed19d4 77266a78a4cb49e18a00f7321e982364 - - default default] POST http://[LB_IP_ADDRESS]:8776/v3/558c09e6fe1b40aca623025a80998740/groups/acd7536c-5fc2-49e3-b13e-a8341862d9b9/action
2022-05-04 18:21:03.937 20 INFO cinder.api.openstack.wsgi [req-c6ea841b-0829-4b7f-82f2-c24039ed19d4 77266a78a4cb49e18a00f7321e982364 - - default default] http://[LB_IP_ADDRESS]:8776/v3/558c09e6fe1b40aca623025a80998740/groups/acd7536c-5fc2-49e3-b13e-a8341862d9b9/action returned with HTTP 202
2022-05-04 18:21:03.948 21 INFO cinder.api.openstack.wsgi [req-b3a933a1-8c0e-4219-9e8a-90a0a18c4eee 04266a8a80214637b4c14cc366e85abd - - default default] GET http://[LB_IP_ADDRESS]:8776/v3/2d6e4edc7d344109a2f9daf8cc4c7f8a/groups/acd7536c-5fc2-49e3-b13e-a8341862d9b9
2022-05-04 18:21:03.971 21 INFO cinder.api.openstack.wsgi [req-b3a933a1-8c0e-4219-9e8a-90a0a18c4eee 04266a8a80214637b4c14cc366e85abd - - default default] http://[LB_IP_ADDRESS]:8776/v3/2d6e4edc7d344109a2f9daf8cc4c7f8a/groups/acd7536c-5fc2-49e3-b13e-a8341862d9b9 returned with HTTP 200
2022-05-04 18:21:03.987 19 INFO cinder.api.openstack.wsgi [req-b5d206c5-79c3-4ff0-badb-c65e48903e5e 77266a78a4cb49e18a00f7321e982364 - - default default] POST http://[LB_IP_ADDRESS]:8776/v3/558c09e6fe1b40aca623025a80998740/groups/acd7536c-5fc2-49e3-b13e-a8341862d9b9/action
2022-05-04 18:21:04.001 19 INFO cinder.api.openstack.wsgi [req-b5d206c5-79c3-4ff0-badb-c65e48903e5e 77266a78a4cb49e18a00f7321e982364 - - default default] http://[LB_IP_ADDRESS]:8776/v3/558c09e6fe1b40aca623025a80998740/groups/acd7536c-5fc2-49e3-b13e-a8341862d9b9/action returned with HTTP 202
2022-05-04 18:21:04.013 22 INFO cinder.api.openstack.wsgi [req-7098f61e-fdec-43b5-b69c-c058feb121f9 04266a8a80214637b4c14cc366e85abd - - default default] GET http://[LB_IP_ADDRESS]:8776/v3/2d6e4edc7d344109a2f9daf8cc4c7f8a/groups/acd7536c-5fc2-49e3-b13e-a8341862d9b9
2022-05-04 18:21:04.036 22 INFO cinder.api.openstack.wsgi [req-7098f61e-fdec-43b5-b69c-c058feb121f9 04266a8a80214637b4c14cc366e85abd - - default default] http://[LB_IP_ADDRESS]:8776/v3/2d6e4edc7d344109a2f9daf8cc4c7f8a/groups/acd7536c-5fc2-49e3-b13e-a8341862d9b9 returned with HTTP 200
2022-05-04 18:21:04.051 23 INFO cinder.api.openstack.wsgi [req-924a2ba8-546e-40a2-a2ca-f95e460b4e89 77266a78a4cb49e18a00f7321e982364 - - default default] POST http://[LB_IP_ADDRESS]:8776/v3/558c09e6fe1b40aca623025a80998740/groups/acd7536c-5fc2-49e3-b13e-a8341862d9b9/action
2022-05-04 18:21:04.066 23 INFO cinder.api.openstack.wsgi [req-924a2ba8-546e-40a2-a2ca-f95e460b4e89 77266a78a4cb49e18a00f7321e982364 - - default default] http://[LB_IP_ADDRESS]:8776/v3/558c09e6fe1b40aca623025a80998740/groups/acd7536c-5fc2-49e3-b13e-a8341862d9b9/action returned with HTTP 202
2022-05-04 18:21:04.078 20 INFO cinder.api.openstack.wsgi [req-beba6271-6ba5-4a9d-9529-8d72ba2f6784 04266a8a80214637b4c14cc366e85abd - - default default] GET http://[LB_IP_ADDRESS]:8776/v3/2d6e4edc7d344109a2f9daf8cc4c7f8a/groups/acd7536c-5fc2-49e3-b13e-a8341862d9b9
2022-05-04 18:21:04.101 20 INFO cinder.api.openstack.wsgi [req-beba6271-6ba5-4a9d-9529-8d72ba2f6784 04266a8a80214637b4c14cc366e85abd - - default default] http://[LB_IP_ADDRESS]:8776/v3/2d6e4edc7d344109a2f9daf8cc4c7f8a/groups/acd7536c-5fc2-49e3-b13e-a8341862d9b9 returned with HTTP 200
2022-05-04 18:21:04.117 21 INFO cinder.api.openstack.wsgi [req-11572424-be43-4e32-83d3-86c2a3f5969e 04266a8a80214637b4c14cc366e85abd - - default default] GET http://[LB_IP_ADDRESS]:8776/v3/2d6e4edc7d344109a2f9daf8cc4c7f8a/volumes/detail
2022-05-04 18:21:04.173 21 INFO cinder.volume.api [req-11572424-be43-4e32-83d3-86c2a3f5969e 04266a8a80214637b4c14cc366e85abd - - default default] Get all volumes completed successfully.
2022-05-04 18:21:04.177 21 INFO cinder.api.openstack.wsgi [req-11572424-be43-4e32-83d3-86c2a3f5969e 04266a8a80214637b4c14cc366e85abd - - default default] http://[LB_IP_ADDRESS]:8776/v3/2d6e4edc7d344109a2f9daf8cc4c7f8a/volumes/detail returned with HTTP 200
2022-05-04 18:21:04.197 19 INFO cinder.api.openstack.wsgi [req-db18ee89-3d3f-4e4f-b02b-f66bb9fd8e39 04266a8a80214637b4c14cc366e85abd - - default default] POST http://[LB_IP_ADDRESS]:8776/v3/2d6e4edc7d344109a2f9daf8cc4c7f8a/groups/acd7536c-5fc2-49e3-b13e-a8341862d9b9/action
2022-05-04 18:21:04.200 19 INFO cinder.api.v3.groups [req-db18ee89-3d3f-4e4f-b02b-f66bb9fd8e39 04266a8a80214637b4c14cc366e85abd - - default default] Delete group with id: acd7536c-5fc2-49e3-b13e-a8341862d9b9
2022-05-04 18:21:04.250 19 INFO cinder.api.openstack.wsgi [req-db18ee89-3d3f-4e4f-b02b-f66bb9fd8e39 04266a8a80214637b4c14cc366e85abd - - default default] http://[LB_IP_ADDRESS]:8776/v3/2d6e4edc7d344109a2f9daf8cc4c7f8a/groups/acd7536c-5fc2-49e3-b13e-a8341862d9b9/action returned with HTTP 202
2022-05-04 18:21:04.262 22 INFO cinder.api.openstack.wsgi [req-186f2aa1-705b-4574-b05c-d89b95597816 04266a8a80214637b4c14cc366e85abd - - default default] GET http://[LB_IP_ADDRESS]:8776/v3/2d6e4edc7d344109a2f9daf8cc4c7f8a/groups/acd7536c-5fc2-49e3-b13e-a8341862d9b9
2022-05-04 18:21:04.285 22 INFO cinder.api.openstack.wsgi [req-186f2aa1-705b-4574-b05c-d89b95597816 04266a8a80214637b4c14cc366e85abd - - default default] http://[LB_IP_ADDRESS]:8776/v3/2d6e4edc7d344109a2f9daf8cc4c7f8a/groups/acd7536c-5fc2-49e3-b13e-a8341862d9b9 returned with HTTP 200
2022-05-04 18:21:04.806 23 INFO cinder.api.openstack.wsgi [req-ab327553-b6fa-4bb6-a452-435ce618f57c d58c7bbebbe546c3b06c5a60aa2c8900 - - default default] GET http://[LB_IP_ADDRESS]:8776/v3/3b5c253d015c44ab8155278f3f9e4f62/volumes/8dcb5bba-4749-4f32-bbdd-0e4d62c80a1c
2022-05-04 18:21:04.828 23 INFO cinder.volume.api [req-ab327553-b6fa-4bb6-a452-435ce618f57c d58c7bbebbe546c3b06c5a60aa2c8900 - - default default] Volume info retrieved successfully.
2022-05-04 18:21:04.835 23 INFO cinder.api.openstack.wsgi [req-ab327553-b6fa-4bb6-a452-435ce618f57c d58c7bbebbe546c3b06c5a60aa2c8900 - - default default] http://[LB_IP_ADDRESS]:8776/v3/3b5c253d015c44ab8155278f3f9e4f62/volumes/8dcb5bba-4749-4f32-bbdd-0e4d62c80a1c returned with HTTP 200
2022-05-04 18:21:04.856 20 INFO cinder.api.openstack.wsgi [req-2f8783fe-75d9-4544-b360-27f9e5119aa7 d58c7bbebbe546c3b06c5a60aa2c8900 - - default default] GET http://[LB_IP_ADDRESS]:8776/v3/3b5c253d015c44ab8155278f3f9e4f62/volumes/detail?all_tenants=1&project_id=2ce51d2e5afd4cceb1d5ab473bb75cb7
2022-05-04 18:21:04.915 20 INFO cinder.volume.api [req-2f8783fe-75d9-4544-b360-27f9e5119aa7 d58c7bbebbe546c3b06c5a60aa2c8900 - - default default] Get all volumes completed successfully.
2022-05-04 18:21:04.925 20 INFO cinder.api.openstack.wsgi [req-2f8783fe-75d9-4544-b360-27f9e5119aa7 d58c7bbebbe546c3b06c5a60aa2c8900 - - default default] http://[LB_IP_ADDRESS]:8776/v3/3b5c253d015c44ab8155278f3f9e4f62/volumes/detail?all_tenants=1&project_id=2ce51d2e5afd4cceb1d5ab473bb75cb7 returned with HTTP 200
2022-05-04 18:21:04.947 19 INFO cinder.api.openstack.wsgi [req-c0e23315-d7cf-477a-99d0-f399f221236d d58c7bbebbe546c3b06c5a60aa2c8900 - - default default] DELETE http://[LB_IP_ADDRESS]:8776/v3/3b5c253d015c44ab8155278f3f9e4f62/volumes/8dcb5bba-4749-4f32-bbdd-0e4d62c80a1c
2022-05-04 18:21:04.948 19 INFO cinder.api.v3.volumes [req-c0e23315-d7cf-477a-99d0-f399f221236d d58c7bbebbe546c3b06c5a60aa2c8900 - - default default] Delete volume with id: 8dcb5bba-4749-4f32-bbdd-0e4d62c80a1c 
2022-05-04 18:21:04.964 19 INFO cinder.volume.api [req-c0e23315-d7cf-477a-99d0-f399f221236d d58c7bbebbe546c3b06c5a60aa2c8900 - - default default] Volume info retrieved successfully.
2022-05-04 18:21:04.976 21 INFO cinder.api.openstack.wsgi [req-391a2cdc-1649-4f7a-b620-b70f7bdee22a f429593063be4b6983c1c0d3b6f86119 - - default default] POST http://[LB_IP_ADDRESS]:8776/v3/c9c5448f3bd84d9697bc7e10e6e9dd61/types
2022-05-04 18:21:04.988 19 INFO cinder.volume.api [req-c0e23315-d7cf-477a-99d0-f399f221236d d58c7bbebbe546c3b06c5a60aa2c8900 - - default default] Delete volume request issued successfully.
2022-05-04 18:21:04.988 19 INFO cinder.api.openstack.wsgi [req-c0e23315-d7cf-477a-99d0-f399f221236d d58c7bbebbe546c3b06c5a60aa2c8900 - - default default] http://[LB_IP_ADDRESS]:8776/v3/3b5c253d015c44ab8155278f3f9e4f62/volumes/8dcb5bba-4749-4f32-bbdd-0e4d62c80a1c returned with HTTP 202
2022-05-04 18:21:05.000 22 INFO cinder.api.openstack.wsgi [req-9fc81b42-308e-4484-ab39-7841a5158ff8 835171a48b4040c885dadad72ef3fa79 - - default default] DELETE http://[LB_IP_ADDRESS]:8776/v3/2ce51d2e5afd4cceb1d5ab473bb75cb7/volumes/09015662-04bf-4dd0-824a-8c589126ac0f
2022-05-04 18:21:05.001 22 INFO cinder.api.v3.volumes [req-9fc81b42-308e-4484-ab39-7841a5158ff8 835171a48b4040c885dadad72ef3fa79 - - default default] Delete volume with id: 09015662-04bf-4dd0-824a-8c589126ac0f 
2022-05-04 18:21:05.013 21 INFO cinder.api.openstack.wsgi [req-391a2cdc-1649-4f7a-b620-b70f7bdee22a f429593063be4b6983c1c0d3b6f86119 - - default default] http://[LB_IP_ADDRESS]:8776/v3/c9c5448f3bd84d9697bc7e10e6e9dd61/types returned with HTTP 200
2022-05-04 18:21:05.017 22 INFO cinder.volume.api [req-9fc81b42-308e-4484-ab39-7841a5158ff8 835171a48b4040c885dadad72ef3fa79 - - default default] Volume info retrieved successfully.
2022-05-04 18:21:05.027 23 INFO cinder.api.openstack.wsgi [req-0c82a8be-2227-4a3b-855b-4a916bb1ad5b f429593063be4b6983c1c0d3b6f86119 - - default default] GET http://[LB_IP_ADDRESS]:8776/v3/c9c5448f3bd84d9697bc7e10e6e9dd61/types/1564137e-12ae-41a2-a197-9af67144fc51
2022-05-04 18:21:05.038 23 INFO cinder.api.openstack.wsgi [req-0c82a8be-2227-4a3b-855b-4a916bb1ad5b f429593063be4b6983c1c0d3b6f86119 - - default default] http://[LB_IP_ADDRESS]:8776/v3/c9c5448f3bd84d9697bc7e10e6e9dd61/types/1564137e-12ae-41a2-a197-9af67144fc51 returned with HTTP 200
2022-05-04 18:21:05.043 22 INFO cinder.volume.api [req-9fc81b42-308e-4484-ab39-7841a5158ff8 835171a48b4040c885dadad72ef3fa79 - - default default] Delete volume request issued successfully.
2022-05-04 18:21:05.044 22 INFO cinder.api.openstack.wsgi [req-9fc81b42-308e-4484-ab39-7841a5158ff8 835171a48b4040c885dadad72ef3fa79 - - default default] http://[LB_IP_ADDRESS]:8776/v3/2ce51d2e5afd4cceb1d5ab473bb75cb7/volumes/09015662-04bf-4dd0-824a-8c589126ac0f returned with HTTP 202
2022-05-04 18:21:05.053 20 INFO cinder.api.openstack.wsgi [req-dfe33eb7-eb07-4fff-951d-74c3aaba2ecf f429593063be4b6983c1c0d3b6f86119 - - default default] POST http://[LB_IP_ADDRESS]:8776/v3/c9c5448f3bd84d9697bc7e10e6e9dd61/types
2022-05-04 18:21:05.055 19 INFO cinder.api.openstack.wsgi [req-0ec0943e-2f7a-4aa9-abfe-6e9c5aa19e96 835171a48b4040c885dadad72ef3fa79 - - default default] GET http://[LB_IP_ADDRESS]:8776/v3/2ce51d2e5afd4cceb1d5ab473bb75cb7/volumes/09015662-04bf-4dd0-824a-8c589126ac0f
2022-05-04 18:21:05.078 19 INFO cinder.volume.api [req-0ec0943e-2f7a-4aa9-abfe-6e9c5aa19e96 835171a48b4040c885dadad72ef3fa79 - - default default] Volume info retrieved successfully.
2022-05-04 18:21:05.085 19 INFO cinder.api.openstack.wsgi [req-0ec0943e-2f7a-4aa9-abfe-6e9c5aa19e96 835171a48b4040c885dadad72ef3fa79 - - default default] http://[LB_IP_ADDRESS]:8776/v3/2ce51d2e5afd4cceb1d5ab473bb75cb7/volumes/09015662-04bf-4dd0-824a-8c589126ac0f returned with HTTP 200
2022-05-04 18:21:05.089 20 INFO cinder.api.openstack.wsgi [req-dfe33eb7-eb07-4fff-951d-74c3aaba2ecf f429593063be4b6983c1c0d3b6f86119 - - default default] http://[LB_IP_ADDRESS]:8776/v3/c9c5448f3bd84d9697bc7e10e6e9dd61/types returned with HTTP 200
2022-05-04 18:21:05.107 21 INFO cinder.api.openstack.wsgi [req-f449efee-2fcc-483c-bcbf-13a48d2ffd0d f429593063be4b6983c1c0d3b6f86119 - - default default] POST http://[LB_IP_ADDRESS]:8776/v3/c9c5448f3bd84d9697bc7e10e6e9dd61/types/84e881d2-c9f1-433f-a23a-025ad986d274/encryption
2022-05-04 18:21:05.220 21 INFO cinder.api.openstack.wsgi [req-f449efee-2fcc-483c-bcbf-13a48d2ffd0d f429593063be4b6983c1c0d3b6f86119 - - default default] http://[LB_IP_ADDRESS]:8776/v3/c9c5448f3bd84d9697bc7e10e6e9dd61/types/84e881d2-c9f1-433f-a23a-025ad986d274/encryption returned with HTTP 200
2022-05-04 18:21:05.237 23 INFO cinder.api.openstack.wsgi [req-25f63324-2965-44e3-8abe-2974695c94b1 f429593063be4b6983c1c0d3b6f86119 - - default default] GET http://[LB_IP_ADDRESS]:8776/v3/c9c5448f3bd84d9697bc7e10e6e9dd61/types/84e881d2-c9f1-433f-a23a-025ad986d274/encryption
2022-05-04 18:21:05.249 23 INFO cinder.api.openstack.wsgi [req-25f63324-2965-44e3-8abe-2974695c94b1 f429593063be4b6983c1c0d3b6f86119 - - default default] http://[LB_IP_ADDRESS]:8776/v3/c9c5448f3bd84d9697bc7e10e6e9dd61/types/84e881d2-c9f1-433f-a23a-025ad986d274/encryption returned with HTTP 200
2022-05-04 18:21:05.266 22 INFO cinder.api.openstack.wsgi [req-9cba668b-723d-4ffe-b182-7a1aa565e9fa f429593063be4b6983c1c0d3b6f86119 - - default default] PUT http://[LB_IP_ADDRESS]:8776/v3/c9c5448f3bd84d9697bc7e10e6e9dd61/types/84e881d2-c9f1-433f-a23a-025ad986d274/encryption/provider
2022-05-04 18:21:05.301 19 INFO cinder.api.openstack.wsgi [req-b7df2670-8593-4065-a6f9-bb093c9bace4 04266a8a80214637b4c14cc366e85abd - - default default] GET http://[LB_IP_ADDRESS]:8776/v3/2d6e4edc7d344109a2f9daf8cc4c7f8a/groups/acd7536c-5fc2-49e3-b13e-a8341862d9b9
2022-05-04 18:21:05.307 19 INFO cinder.api.openstack.wsgi [req-b7df2670-8593-4065-a6f9-bb093c9bace4 04266a8a80214637b4c14cc366e85abd - - default default] http://[LB_IP_ADDRESS]:8776/v3/2d6e4edc7d344109a2f9daf8cc4c7f8a/groups/acd7536c-5fc2-49e3-b13e-a8341862d9b9 returned with HTTP 404
2022-05-04 18:21:05.320 20 INFO cinder.api.openstack.wsgi [req-96b79562-cd40-486a-8228-1786caa7918c 77266a78a4cb49e18a00f7321e982364 - - default default] DELETE http://[LB_IP_ADDRESS]:8776/v3/558c09e6fe1b40aca623025a80998740/group_types/93bd6337-b812-4b2a-8dda-fc50158b22d9
2022-05-04 18:21:05.346 20 INFO cinder.api.openstack.wsgi [req-96b79562-cd40-486a-8228-1786caa7918c 77266a78a4cb49e18a00f7321e982364 - - default default] http://[LB_IP_ADDRESS]:8776/v3/558c09e6fe1b40aca623025a80998740/group_types/93bd6337-b812-4b2a-8dda-fc50158b22d9 returned with HTTP 202
2022-05-04 18:21:05.360 21 INFO cinder.api.openstack.wsgi [req-3bea6176-b49e-4480-8a85-74bc7f37b167 77266a78a4cb49e18a00f7321e982364 - - default default] DELETE http://[LB_IP_ADDRESS]:8776/v3/558c09e6fe1b40aca623025a80998740/types/2ef1b1e3-2c02-40b2-a6d6-f0c776d76628
2022-05-04 18:21:05.375 22 INFO cinder.api.openstack.wsgi [req-9cba668b-723d-4ffe-b182-7a1aa565e9fa f429593063be4b6983c1c0d3b6f86119 - - default default] http://[LB_IP_ADDRESS]:8776/v3/c9c5448f3bd84d9697bc7e10e6e9dd61/types/84e881d2-c9f1-433f-a23a-025ad986d274/encryption/provider returned with HTTP 200
2022-05-04 18:21:05.391 23 INFO cinder.api.openstack.wsgi [req-f2708903-d1c5-4cf1-ac6a-b76114d4d6c3 f429593063be4b6983c1c0d3b6f86119 - - default default] GET http://[LB_IP_ADDRESS]:8776/v3/c9c5448f3bd84d9697bc7e10e6e9dd61/types/84e881d2-c9f1-433f-a23a-025ad986d274/encryption
2022-05-04 18:21:05.402 23 INFO cinder.api.openstack.wsgi [req-f2708903-d1c5-4cf1-ac6a-b76114d4d6c3 f429593063be4b6983c1c0d3b6f86119 - - default default] http://[LB_IP_ADDRESS]:8776/v3/c9c5448f3bd84d9697bc7e10e6e9dd61/types/84e881d2-c9f1-433f-a23a-025ad986d274/encryption returned with HTTP 200
2022-05-04 18:21:05.419 19 INFO cinder.api.openstack.wsgi [req-3e7d98f8-ca00-4789-98a7-78d4a3a425f1 f429593063be4b6983c1c0d3b6f86119 - - default default] GET http://[LB_IP_ADDRESS]:8776/v3/c9c5448f3bd84d9697bc7e10e6e9dd61/types/84e881d2-c9f1-433f-a23a-025ad986d274/encryption/cipher
2022-05-04 18:21:05.429 19 INFO cinder.api.openstack.wsgi [req-3e7d98f8-ca00-4789-98a7-78d4a3a425f1 f429593063be4b6983c1c0d3b6f86119 - - default default] http://[LB_IP_ADDRESS]:8776/v3/c9c5448f3bd84d9697bc7e10e6e9dd61/types/84e881d2-c9f1-433f-a23a-025ad986d274/encryption/cipher returned with HTTP 200
2022-05-04 18:21:05.460 20 INFO cinder.api.openstack.wsgi [req-2129a180-b825-4ad7-b12b-fdb4137317ba f429593063be4b6983c1c0d3b6f86119 - - default default] DELETE http://[LB_IP_ADDRESS]:8776/v3/c9c5448f3bd84d9697bc7e10e6e9dd61/types/84e881d2-c9f1-433f-a23a-025ad986d274/encryption/provider
2022-05-04 18:21:05.505 21 INFO cinder.api.openstack.wsgi [req-3bea6176-b49e-4480-8a85-74bc7f37b167 77266a78a4cb49e18a00f7321e982364 - - default default] http://[LB_IP_ADDRESS]:8776/v3/558c09e6fe1b40aca623025a80998740/types/2ef1b1e3-2c02-40b2-a6d6-f0c776d76628 returned with HTTP 202
2022-05-04 18:21:05.516 22 INFO cinder.api.openstack.wsgi [req-8b3133dc-d2e6-4457-99cf-4d0d0507d3aa 77266a78a4cb49e18a00f7321e982364 - - default default] GET http://[LB_IP_ADDRESS]:8776/v3/558c09e6fe1b40aca623025a80998740/types/2ef1b1e3-2c02-40b2-a6d6-f0c776d76628
2022-05-04 18:21:05.522 22 INFO cinder.api.openstack.wsgi [req-8b3133dc-d2e6-4457-99cf-4d0d0507d3aa 77266a78a4cb49e18a00f7321e982364 - - default default] http://[LB_IP_ADDRESS]:8776/v3/558c09e6fe1b40aca623025a80998740/types/2ef1b1e3-2c02-40b2-a6d6-f0c776d76628 returned with HTTP 404
2022-05-04 18:21:05.571 20 INFO cinder.api.openstack.wsgi [req-2129a180-b825-4ad7-b12b-fdb4137317ba f429593063be4b6983c1c0d3b6f86119 - - default default] http://[LB_IP_ADDRESS]:8776/v3/c9c5448f3bd84d9697bc7e10e6e9dd61/types/84e881d2-c9f1-433f-a23a-025ad986d274/encryption/provider returned with HTTP 202
2022-05-04 18:21:05.585 23 INFO cinder.api.openstack.wsgi [req-19e3a4d8-121c-4660-b52d-322bb8f337dd f429593063be4b6983c1c0d3b6f86119 - - default default] GET http://[LB_IP_ADDRESS]:8776/v3/c9c5448f3bd84d9697bc7e10e6e9dd61/types/84e881d2-c9f1-433f-a23a-025ad986d274/encryption
2022-05-04 18:21:05.595 23 INFO cinder.api.openstack.wsgi [req-19e3a4d8-121c-4660-b52d-322bb8f337dd f429593063be4b6983c1c0d3b6f86119 - - default default] http://[LB_IP_ADDRESS]:8776/v3/c9c5448f3bd84d9697bc7e10e6e9dd61/types/84e881d2-c9f1-433f-a23a-025ad986d274/encryption returned with HTTP 200
2022-05-04 18:21:05.611 19 INFO cinder.api.openstack.wsgi [req-d4acb177-87b7-4e2e-90ce-1996f700f11b f429593063be4b6983c1c0d3b6f86119 - - default default] GET http://[LB_IP_ADDRESS]:8776/v3/c9c5448f3bd84d9697bc7e10e6e9dd61/types/84e881d2-c9f1-433f-a23a-025ad986d274/encryption
2022-05-04 18:21:05.622 19 INFO cinder.api.openstack.wsgi [req-d4acb177-87b7-4e2e-90ce-1996f700f11b f429593063be4b6983c1c0d3b6f86119 - - default default] http://[LB_IP_ADDRESS]:8776/v3/c9c5448f3bd84d9697bc7e10e6e9dd61/types/84e881d2-c9f1-433f-a23a-025ad986d274/encryption returned with HTTP 200
2022-05-04 18:21:05.636 21 INFO cinder.api.openstack.wsgi [req-c0c6b9a5-1490-4504-b702-a7833eaed5d4 f429593063be4b6983c1c0d3b6f86119 - - default default] GET http://[LB_IP_ADDRESS]:8776/v3/c9c5448f3bd84d9697bc7e10e6e9dd61/types
2022-05-04 18:21:05.668 21 INFO cinder.api.openstack.wsgi [req-c0c6b9a5-1490-4504-b702-a7833eaed5d4 f429593063be4b6983c1c0d3b6f86119 - - default default] http://[LB_IP_ADDRESS]:8776/v3/c9c5448f3bd84d9697bc7e10e6e9dd61/types returned with HTTP 200
2022-05-04 18:21:05.682 22 INFO cinder.api.openstack.wsgi [req-9aecdbf9-5db6-418b-97a6-f118db004b78 f429593063be4b6983c1c0d3b6f86119 - - default default] POST http://[LB_IP_ADDRESS]:8776/v3/c9c5448f3bd84d9697bc7e10e6e9dd61/types
2022-05-04 18:21:05.720 22 INFO cinder.api.openstack.wsgi [req-9aecdbf9-5db6-418b-97a6-f118db004b78 f429593063be4b6983c1c0d3b6f86119 - - default default] http://[LB_IP_ADDRESS]:8776/v3/c9c5448f3bd84d9697bc7e10e6e9dd61/types returned with HTTP 200
2022-05-04 18:21:05.734 20 INFO cinder.api.openstack.wsgi [req-28c3f763-7aa7-4760-9ddf-e32b50605c85 f429593063be4b6983c1c0d3b6f86119 - - default default] PUT http://[LB_IP_ADDRESS]:8776/v3/c9c5448f3bd84d9697bc7e10e6e9dd61/types/be1dfe6d-bc88-41bb-8f4a-1a99d4462b26
2022-05-04 18:21:06.107 23 INFO cinder.api.openstack.wsgi [req-5cb70b4b-36a3-419a-b1f1-1b95806ccb08 835171a48b4040c885dadad72ef3fa79 - - default default] GET http://[LB_IP_ADDRESS]:8776/v3/2ce51d2e5afd4cceb1d5ab473bb75cb7/volumes/09015662-04bf-4dd0-824a-8c589126ac0f
2022-05-04 18:21:06.125 23 INFO cinder.api.openstack.wsgi [req-5cb70b4b-36a3-419a-b1f1-1b95806ccb08 835171a48b4040c885dadad72ef3fa79 - - default default] http://[LB_IP_ADDRESS]:8776/v3/2ce51d2e5afd4cceb1d5ab473bb75cb7/volumes/09015662-04bf-4dd0-824a-8c589126ac0f returned with HTTP 404
2022-05-04 18:21:06.137 19 INFO cinder.api.openstack.wsgi [req-9271ce30-0630-48ad-958a-032b43be02c5 835171a48b4040c885dadad72ef3fa79 - - default default] DELETE http://[LB_IP_ADDRESS]:8776/v3/2ce51d2e5afd4cceb1d5ab473bb75cb7/volumes/02d954da-5ebe-4909-8a95-ae036b7683d5
2022-05-04 18:21:06.138 19 INFO cinder.api.v3.volumes [req-9271ce30-0630-48ad-958a-032b43be02c5 835171a48b4040c885dadad72ef3fa79 - - default default] Delete volume with id: 02d954da-5ebe-4909-8a95-ae036b7683d5 
2022-05-04 18:21:06.145 20 INFO cinder.api.openstack.wsgi [req-28c3f763-7aa7-4760-9ddf-e32b50605c85 f429593063be4b6983c1c0d3b6f86119 - - default default] http://[LB_IP_ADDRESS]:8776/v3/c9c5448f3bd84d9697bc7e10e6e9dd61/types/be1dfe6d-bc88-41bb-8f4a-1a99d4462b26 returned with HTTP 200
2022-05-04 18:21:06.153 19 INFO cinder.volume.api [req-9271ce30-0630-48ad-958a-032b43be02c5 835171a48b4040c885dadad72ef3fa79 - - default default] Volume info retrieved successfully.
2022-05-04 18:21:06.158 21 INFO cinder.api.openstack.wsgi [req-8129c72c-ff82-4cac-aa5b-024ac78cc31a f429593063be4b6983c1c0d3b6f86119 - - default default] GET http://[LB_IP_ADDRESS]:8776/v3/c9c5448f3bd84d9697bc7e10e6e9dd61/types/be1dfe6d-bc88-41bb-8f4a-1a99d4462b26
2022-05-04 18:21:06.168 21 INFO cinder.api.openstack.wsgi [req-8129c72c-ff82-4cac-aa5b-024ac78cc31a f429593063be4b6983c1c0d3b6f86119 - - default default] http://[LB_IP_ADDRESS]:8776/v3/c9c5448f3bd84d9697bc7e10e6e9dd61/types/be1dfe6d-bc88-41bb-8f4a-1a99d4462b26 returned with HTTP 200
2022-05-04 18:21:06.179 19 INFO cinder.volume.api [req-9271ce30-0630-48ad-958a-032b43be02c5 835171a48b4040c885dadad72ef3fa79 - - default default] Delete volume request issued successfully.
2022-05-04 18:21:06.179 19 INFO cinder.api.openstack.wsgi [req-9271ce30-0630-48ad-958a-032b43be02c5 835171a48b4040c885dadad72ef3fa79 - - default default] http://[LB_IP_ADDRESS]:8776/v3/2ce51d2e5afd4cceb1d5ab473bb75cb7/volumes/02d954da-5ebe-4909-8a95-ae036b7683d5 returned with HTTP 202
2022-05-04 18:21:06.182 22 INFO cinder.api.openstack.wsgi [req-e401e565-e822-4e8d-848d-09c6f24b381b f429593063be4b6983c1c0d3b6f86119 - - default default] DELETE http://[LB_IP_ADDRESS]:8776/v3/c9c5448f3bd84d9697bc7e10e6e9dd61/types/be1dfe6d-bc88-41bb-8f4a-1a99d4462b26
2022-05-04 18:21:06.192 23 INFO cinder.api.openstack.wsgi [req-dc549017-8357-4daa-a5ab-c2c243f8ed86 835171a48b4040c885dadad72ef3fa79 - - default default] GET http://[LB_IP_ADDRESS]:8776/v3/2ce51d2e5afd4cceb1d5ab473bb75cb7/volumes/02d954da-5ebe-4909-8a95-ae036b7683d5
2022-05-04 18:21:06.218 23 INFO cinder.volume.api [req-dc549017-8357-4daa-a5ab-c2c243f8ed86 835171a48b4040c885dadad72ef3fa79 - - default default] Volume info retrieved successfully.
2022-05-04 18:21:06.227 23 INFO cinder.api.openstack.wsgi [req-dc549017-8357-4daa-a5ab-c2c243f8ed86 835171a48b4040c885dadad72ef3fa79 - - default default] http://[LB_IP_ADDRESS]:8776/v3/2ce51d2e5afd4cceb1d5ab473bb75cb7/volumes/02d954da-5ebe-4909-8a95-ae036b7683d5 returned with HTTP 200
2022-05-04 18:21:06.324 22 INFO cinder.api.openstack.wsgi [req-e401e565-e822-4e8d-848d-09c6f24b381b f429593063be4b6983c1c0d3b6f86119 - - default default] http://[LB_IP_ADDRESS]:8776/v3/c9c5448f3bd84d9697bc7e10e6e9dd61/types/be1dfe6d-bc88-41bb-8f4a-1a99d4462b26 returned with HTTP 202
2022-05-04 18:21:06.336 20 INFO cinder.api.openstack.wsgi [req-1381c812-3552-40d4-8146-1e6bdfe21c4f f429593063be4b6983c1c0d3b6f86119 - - default default] GET http://[LB_IP_ADDRESS]:8776/v3/c9c5448f3bd84d9697bc7e10e6e9dd61/types/be1dfe6d-bc88-41bb-8f4a-1a99d4462b26
2022-05-04 18:21:06.344 20 INFO cinder.api.openstack.wsgi [req-1381c812-3552-40d4-8146-1e6bdfe21c4f f429593063be4b6983c1c0d3b6f86119 - - default default] http://[LB_IP_ADDRESS]:8776/v3/c9c5448f3bd84d9697bc7e10e6e9dd61/types/be1dfe6d-bc88-41bb-8f4a-1a99d4462b26 returned with HTTP 404
2022-05-04 18:21:06.356 21 INFO cinder.api.openstack.wsgi [req-9a3a602e-131c-4b10-a519-135304a13929 f429593063be4b6983c1c0d3b6f86119 - - default default] DELETE http://[LB_IP_ADDRESS]:8776/v3/c9c5448f3bd84d9697bc7e10e6e9dd61/types/84e881d2-c9f1-433f-a23a-025ad986d274
2022-05-04 18:21:06.498 21 INFO cinder.api.openstack.wsgi [req-9a3a602e-131c-4b10-a519-135304a13929 f429593063be4b6983c1c0d3b6f86119 - - default default] http://[LB_IP_ADDRESS]:8776/v3/c9c5448f3bd84d9697bc7e10e6e9dd61/types/84e881d2-c9f1-433f-a23a-025ad986d274 returned with HTTP 202
2022-05-04 18:21:06.510 19 INFO cinder.api.openstack.wsgi [req-8e50b457-0b33-4acd-aed7-bf23949cc93b f429593063be4b6983c1c0d3b6f86119 - - default default] GET http://[LB_IP_ADDRESS]:8776/v3/c9c5448f3bd84d9697bc7e10e6e9dd61/types/84e881d2-c9f1-433f-a23a-025ad986d274
2022-05-04 18:21:06.516 19 INFO cinder.api.openstack.wsgi [req-8e50b457-0b33-4acd-aed7-bf23949cc93b f429593063be4b6983c1c0d3b6f86119 - - default default] http://[LB_IP_ADDRESS]:8776/v3/c9c5448f3bd84d9697bc7e10e6e9dd61/types/84e881d2-c9f1-433f-a23a-025ad986d274 returned with HTTP 404
2022-05-04 18:21:06.527 23 INFO cinder.api.openstack.wsgi [req-29426dc0-ca1e-49cc-a0fc-c247aa39c121 f429593063be4b6983c1c0d3b6f86119 - - default default] DELETE http://[LB_IP_ADDRESS]:8776/v3/c9c5448f3bd84d9697bc7e10e6e9dd61/types/1564137e-12ae-41a2-a197-9af67144fc51
2022-05-04 18:21:06.668 23 INFO cinder.api.openstack.wsgi [req-29426dc0-ca1e-49cc-a0fc-c247aa39c121 f429593063be4b6983c1c0d3b6f86119 - - default default] http://[LB_IP_ADDRESS]:8776/v3/c9c5448f3bd84d9697bc7e10e6e9dd61/types/1564137e-12ae-41a2-a197-9af67144fc51 returned with HTTP 202
2022-05-04 18:21:06.679 22 INFO cinder.api.openstack.wsgi [req-cdcb2517-83fd-4e39-9386-9b8f08ea3301 f429593063be4b6983c1c0d3b6f86119 - - default default] GET http://[LB_IP_ADDRESS]:8776/v3/c9c5448f3bd84d9697bc7e10e6e9dd61/types/1564137e-12ae-41a2-a197-9af67144fc51
2022-05-04 18:21:06.687 22 INFO cinder.api.openstack.wsgi [req-cdcb2517-83fd-4e39-9386-9b8f08ea3301 f429593063be4b6983c1c0d3b6f86119 - - default default] http://[LB_IP_ADDRESS]:8776/v3/c9c5448f3bd84d9697bc7e10e6e9dd61/types/1564137e-12ae-41a2-a197-9af67144fc51 returned with HTTP 404
2022-05-04 18:21:07.250 20 INFO cinder.api.openstack.wsgi [req-c2713e84-281c-441a-8be5-56c1b6862975 835171a48b4040c885dadad72ef3fa79 - - default default] GET http://[LB_IP_ADDRESS]:8776/v3/2ce51d2e5afd4cceb1d5ab473bb75cb7/volumes/02d954da-5ebe-4909-8a95-ae036b7683d5
2022-05-04 18:21:07.263 20 INFO cinder.api.openstack.wsgi [req-c2713e84-281c-441a-8be5-56c1b6862975 835171a48b4040c885dadad72ef3fa79 - - default default] http://[LB_IP_ADDRESS]:8776/v3/2ce51d2e5afd4cceb1d5ab473bb75cb7/volumes/02d954da-5ebe-4909-8a95-ae036b7683d5 returned with HTTP 404
2022-05-04 18:21:07.276 21 INFO cinder.api.openstack.wsgi [req-37a19a16-df88-4e88-afdd-0608aa0ba925 835171a48b4040c885dadad72ef3fa79 - - default default] DELETE http://[LB_IP_ADDRESS]:8776/v3/2ce51d2e5afd4cceb1d5ab473bb75cb7/volumes/9d31ef14-ee91-422b-89d3-e293207e7934
2022-05-04 18:21:07.277 21 INFO cinder.api.v3.volumes [req-37a19a16-df88-4e88-afdd-0608aa0ba925 835171a48b4040c885dadad72ef3fa79 - - default default] Delete volume with id: 9d31ef14-ee91-422b-89d3-e293207e7934 
2022-05-04 18:21:07.293 21 INFO cinder.volume.api [req-37a19a16-df88-4e88-afdd-0608aa0ba925 835171a48b4040c885dadad72ef3fa79 - - default default] Volume info retrieved successfully.
2022-05-04 18:21:07.322 21 INFO cinder.volume.api [req-37a19a16-df88-4e88-afdd-0608aa0ba925 835171a48b4040c885dadad72ef3fa79 - - default default] Delete volume request issued successfully.
2022-05-04 18:21:07.322 21 INFO cinder.api.openstack.wsgi [req-37a19a16-df88-4e88-afdd-0608aa0ba925 835171a48b4040c885dadad72ef3fa79 - - default default] http://[LB_IP_ADDRESS]:8776/v3/2ce51d2e5afd4cceb1d5ab473bb75cb7/volumes/9d31ef14-ee91-422b-89d3-e293207e7934 returned with HTTP 202
2022-05-04 18:21:07.332 19 INFO cinder.api.openstack.wsgi [req-f7123317-f433-4991-9d66-3a7596dcd3fd 835171a48b4040c885dadad72ef3fa79 - - default default] GET http://[LB_IP_ADDRESS]:8776/v3/2ce51d2e5afd4cceb1d5ab473bb75cb7/volumes/9d31ef14-ee91-422b-89d3-e293207e7934
2022-05-04 18:21:07.357 19 INFO cinder.volume.api [req-f7123317-f433-4991-9d66-3a7596dcd3fd 835171a48b4040c885dadad72ef3fa79 - - default default] Volume info retrieved successfully.
2022-05-04 18:21:07.364 19 INFO cinder.api.openstack.wsgi [req-f7123317-f433-4991-9d66-3a7596dcd3fd 835171a48b4040c885dadad72ef3fa79 - - default default] http://[LB_IP_ADDRESS]:8776/v3/2ce51d2e5afd4cceb1d5ab473bb75cb7/volumes/9d31ef14-ee91-422b-89d3-e293207e7934 returned with HTTP 200
2022-05-04 18:21:08.386 23 INFO cinder.api.openstack.wsgi [req-6799f0bc-8f61-45a4-9773-ba7cd8272bbc 835171a48b4040c885dadad72ef3fa79 - - default default] GET http://[LB_IP_ADDRESS]:8776/v3/2ce51d2e5afd4cceb1d5ab473bb75cb7/volumes/9d31ef14-ee91-422b-89d3-e293207e7934
2022-05-04 18:21:08.400 23 INFO cinder.api.openstack.wsgi [req-6799f0bc-8f61-45a4-9773-ba7cd8272bbc 835171a48b4040c885dadad72ef3fa79 - - default default] http://[LB_IP_ADDRESS]:8776/v3/2ce51d2e5afd4cceb1d5ab473bb75cb7/volumes/9d31ef14-ee91-422b-89d3-e293207e7934 returned with HTTP 404
2022-05-04 18:21:10.511 22 INFO cinder.api.openstack.wsgi [req-c2059582-f8b1-4ea1-86db-3b4b23a25cb6 0d8b7d6c47c54dd2a414583815e9f157 - - default default] POST http://[LB_IP_ADDRESS]:8776/v3/f33674480c8e47c68d2ea5b3888c153c/types
2022-05-04 18:21:10.551 22 INFO cinder.api.openstack.wsgi [req-c2059582-f8b1-4ea1-86db-3b4b23a25cb6 0d8b7d6c47c54dd2a414583815e9f157 - - default default] http://[LB_IP_ADDRESS]:8776/v3/f33674480c8e47c68d2ea5b3888c153c/types returned with HTTP 200
2022-05-04 18:21:10.789 20 INFO cinder.api.openstack.wsgi [req-9f431797-608c-4edc-aa8b-0ebab9653da6 ce9e3459bd834b38b4aa0c875f3e59f0 - - default default] POST http://[LB_IP_ADDRESS]:8776/v3/93efa7eb33604285b43f529c66fe0cef/volumes
2022-05-04 18:21:10.798 20 INFO cinder.api.v3.volumes [req-9f431797-608c-4edc-aa8b-0ebab9653da6 ce9e3459bd834b38b4aa0c875f3e59f0 - - default default] Create volume of 1 GB
2022-05-04 18:21:10.800 20 INFO cinder.volume.api [req-9f431797-608c-4edc-aa8b-0ebab9653da6 ce9e3459bd834b38b4aa0c875f3e59f0 - - default default] Availability Zones retrieved successfully.
2022-05-04 18:21:11.051 20 WARNING cinder.quota [req-9f431797-608c-4edc-aa8b-0ebab9653da6 ce9e3459bd834b38b4aa0c875f3e59f0 - - default default] Deprecated: Default quota for resource: volumes_tempest-UserMessagesTest-volume-type-1371958042 is set by the default quota flag: quota_volumes_tempest-UserMessagesTest-volume-type-1371958042, it is now deprecated. Please use the default quota class for default quota.
