2025-02-20 23:20:53.095 23 INFO cinder.api.openstack.wsgi [req-4f485819-7df6-4933-9512-ebefa25460ce req-6fa3371d-b665-4e1c-beb3-4fea9a6cd5b5 5f104824ee324f1fac80ce986c7b21c8 b78aa1164b3c46949d7859d28a3e8274 - - default default] GET http://[LB_IP_ADDRESS]:8776/v3/b78aa1164b3c46949d7859d28a3e8274/volumes/detail
2025-02-20 23:20:53.112 23 INFO cinder.volume.api [req-4f485819-7df6-4933-9512-ebefa25460ce req-6fa3371d-b665-4e1c-beb3-4fea9a6cd5b5 5f104824ee324f1fac80ce986c7b21c8 b78aa1164b3c46949d7859d28a3e8274 - - default default] Get all volumes completed successfully.
2025-02-20 23:20:53.120 23 INFO cinder.api.openstack.wsgi [req-4f485819-7df6-4933-9512-ebefa25460ce req-6fa3371d-b665-4e1c-beb3-4fea9a6cd5b5 5f104824ee324f1fac80ce986c7b21c8 b78aa1164b3c46949d7859d28a3e8274 - - default default] http://[LB_IP_ADDRESS]:8776/v3/b78aa1164b3c46949d7859d28a3e8274/volumes/detail returned with HTTP 200
2025-02-20 23:20:53.125 22 INFO cinder.api.openstack.wsgi [req-50356b21-d7df-439f-994a-8ac3f7ad1db5 req-31705f58-0f2f-4677-a5a1-844fc13701b4 e3c57fba637d49948da1f8b35a451787 dbcd417d3c7346bf9d73dc03c498a910 - - default default] DELETE http://[LB_IP_ADDRESS]:8776/v3/dbcd417d3c7346bf9d73dc03c498a910/volumes/1e8d7977-9e42-4e70-bf11-a911c469df80
2025-02-20 23:20:53.126 22 INFO cinder.api.v3.volumes [req-50356b21-d7df-439f-994a-8ac3f7ad1db5 req-31705f58-0f2f-4677-a5a1-844fc13701b4 e3c57fba637d49948da1f8b35a451787 dbcd417d3c7346bf9d73dc03c498a910 - - default default] Delete volume with id: 1e8d7977-9e42-4e70-bf11-a911c469df80 
2025-02-20 23:20:53.140 22 INFO cinder.api.openstack.wsgi [req-50356b21-d7df-439f-994a-8ac3f7ad1db5 req-31705f58-0f2f-4677-a5a1-844fc13701b4 e3c57fba637d49948da1f8b35a451787 dbcd417d3c7346bf9d73dc03c498a910 - - default default] http://[LB_IP_ADDRESS]:8776/v3/dbcd417d3c7346bf9d73dc03c498a910/volumes/1e8d7977-9e42-4e70-bf11-a911c469df80 returned with HTTP 404
2025-02-20 23:20:53.159 24 INFO cinder.api.openstack.wsgi [req-db13b7fe-aa61-4035-bcdd-44d4d3b56261 req-22ecffae-0b8a-4860-ab1c-9d063968c1ec 5f104824ee324f1fac80ce986c7b21c8 b78aa1164b3c46949d7859d28a3e8274 - - default default] GET http://[LB_IP_ADDRESS]:8776/v3/b78aa1164b3c46949d7859d28a3e8274/volumes/detail
2025-02-20 23:20:53.172 21 INFO cinder.api.openstack.wsgi [req-2c343803-24fa-4dc0-a50b-18f608dcc9d3 req-afe741a4-f2a0-4d7c-b635-bcabd1c2cb6e e3c57fba637d49948da1f8b35a451787 dbcd417d3c7346bf9d73dc03c498a910 - - default default] GET http://[LB_IP_ADDRESS]:8776/v3/dbcd417d3c7346bf9d73dc03c498a910/volumes/1e8d7977-9e42-4e70-bf11-a911c469df80
2025-02-20 23:20:53.180 24 INFO cinder.volume.api [req-db13b7fe-aa61-4035-bcdd-44d4d3b56261 req-22ecffae-0b8a-4860-ab1c-9d063968c1ec 5f104824ee324f1fac80ce986c7b21c8 b78aa1164b3c46949d7859d28a3e8274 - - default default] Get all volumes completed successfully.
2025-02-20 23:20:53.187 21 INFO cinder.api.openstack.wsgi [req-2c343803-24fa-4dc0-a50b-18f608dcc9d3 req-afe741a4-f2a0-4d7c-b635-bcabd1c2cb6e e3c57fba637d49948da1f8b35a451787 dbcd417d3c7346bf9d73dc03c498a910 - - default default] http://[LB_IP_ADDRESS]:8776/v3/dbcd417d3c7346bf9d73dc03c498a910/volumes/1e8d7977-9e42-4e70-bf11-a911c469df80 returned with HTTP 404
2025-02-20 23:20:53.191 24 INFO cinder.api.openstack.wsgi [req-db13b7fe-aa61-4035-bcdd-44d4d3b56261 req-22ecffae-0b8a-4860-ab1c-9d063968c1ec 5f104824ee324f1fac80ce986c7b21c8 b78aa1164b3c46949d7859d28a3e8274 - - default default] http://[LB_IP_ADDRESS]:8776/v3/b78aa1164b3c46949d7859d28a3e8274/volumes/detail returned with HTTP 200
2025-02-20 23:20:53.229 25 INFO cinder.api.openstack.wsgi [req-231b2a52-5168-4052-9d7a-3538d28787d8 req-8b93358e-7c4c-4f91-af43-680202893aaf 5f104824ee324f1fac80ce986c7b21c8 b78aa1164b3c46949d7859d28a3e8274 - - default default] GET http://[LB_IP_ADDRESS]:8776/v3/b78aa1164b3c46949d7859d28a3e8274/volumes/detail
2025-02-20 23:20:53.254 25 INFO cinder.volume.api [req-231b2a52-5168-4052-9d7a-3538d28787d8 req-8b93358e-7c4c-4f91-af43-680202893aaf 5f104824ee324f1fac80ce986c7b21c8 b78aa1164b3c46949d7859d28a3e8274 - - default default] Get all volumes completed successfully.
2025-02-20 23:20:53.265 25 INFO cinder.api.openstack.wsgi [req-231b2a52-5168-4052-9d7a-3538d28787d8 req-8b93358e-7c4c-4f91-af43-680202893aaf 5f104824ee324f1fac80ce986c7b21c8 b78aa1164b3c46949d7859d28a3e8274 - - default default] http://[LB_IP_ADDRESS]:8776/v3/b78aa1164b3c46949d7859d28a3e8274/volumes/detail returned with HTTP 200
2025-02-20 23:20:53.304 23 INFO cinder.api.openstack.wsgi [req-f17f4f7b-13d0-40a2-ae01-42674fd97f05 req-4fe18942-6d79-4640-b215-c6831455c3c1 5f104824ee324f1fac80ce986c7b21c8 b78aa1164b3c46949d7859d28a3e8274 - - default default] GET http://[LB_IP_ADDRESS]:8776/v3/b78aa1164b3c46949d7859d28a3e8274/volumes/detail
2025-02-20 23:20:53.325 23 INFO cinder.volume.api [req-f17f4f7b-13d0-40a2-ae01-42674fd97f05 req-4fe18942-6d79-4640-b215-c6831455c3c1 5f104824ee324f1fac80ce986c7b21c8 b78aa1164b3c46949d7859d28a3e8274 - - default default] Get all volumes completed successfully.
2025-02-20 23:20:53.336 23 INFO cinder.api.openstack.wsgi [req-f17f4f7b-13d0-40a2-ae01-42674fd97f05 req-4fe18942-6d79-4640-b215-c6831455c3c1 5f104824ee324f1fac80ce986c7b21c8 b78aa1164b3c46949d7859d28a3e8274 - - default default] http://[LB_IP_ADDRESS]:8776/v3/b78aa1164b3c46949d7859d28a3e8274/volumes/detail returned with HTTP 200
2025-02-20 23:20:53.363 22 INFO cinder.api.openstack.wsgi [None req-bc4efeeb-546c-4672-8aba-5a121b4566be 5f104824ee324f1fac80ce986c7b21c8 b78aa1164b3c46949d7859d28a3e8274 - - default default] DELETE http://[LB_IP_ADDRESS]:8776/v3/b78aa1164b3c46949d7859d28a3e8274/volumes/9b28ec4d-a819-4dbd-a380-2168441c594e
2025-02-20 23:20:53.364 22 INFO cinder.api.v3.volumes [None req-bc4efeeb-546c-4672-8aba-5a121b4566be 5f104824ee324f1fac80ce986c7b21c8 b78aa1164b3c46949d7859d28a3e8274 - - default default] Delete volume with id: 9b28ec4d-a819-4dbd-a380-2168441c594e 
2025-02-20 23:20:53.383 22 INFO cinder.volume.api [None req-bc4efeeb-546c-4672-8aba-5a121b4566be 5f104824ee324f1fac80ce986c7b21c8 b78aa1164b3c46949d7859d28a3e8274 - - default default] Volume info retrieved successfully.
2025-02-20 23:20:53.415 22 INFO cinder.volume.api [None req-bc4efeeb-546c-4672-8aba-5a121b4566be 5f104824ee324f1fac80ce986c7b21c8 b78aa1164b3c46949d7859d28a3e8274 - - default default] Delete volume request issued successfully.
2025-02-20 23:20:53.415 22 INFO cinder.api.openstack.wsgi [None req-bc4efeeb-546c-4672-8aba-5a121b4566be 5f104824ee324f1fac80ce986c7b21c8 b78aa1164b3c46949d7859d28a3e8274 - - default default] http://[LB_IP_ADDRESS]:8776/v3/b78aa1164b3c46949d7859d28a3e8274/volumes/9b28ec4d-a819-4dbd-a380-2168441c594e returned with HTTP 202
2025-02-20 23:20:53.426 21 INFO cinder.api.openstack.wsgi [None req-94bf8b0e-a67c-48ec-a4c2-397c49c4f70e 5f104824ee324f1fac80ce986c7b21c8 b78aa1164b3c46949d7859d28a3e8274 - - default default] GET http://[LB_IP_ADDRESS]:8776/v3/b78aa1164b3c46949d7859d28a3e8274/volumes/9b28ec4d-a819-4dbd-a380-2168441c594e
2025-02-20 23:20:53.451 21 INFO cinder.volume.api [None req-94bf8b0e-a67c-48ec-a4c2-397c49c4f70e 5f104824ee324f1fac80ce986c7b21c8 b78aa1164b3c46949d7859d28a3e8274 - - default default] Volume info retrieved successfully.
2025-02-20 23:20:53.460 21 INFO cinder.api.openstack.wsgi [None req-94bf8b0e-a67c-48ec-a4c2-397c49c4f70e 5f104824ee324f1fac80ce986c7b21c8 b78aa1164b3c46949d7859d28a3e8274 - - default default] http://[LB_IP_ADDRESS]:8776/v3/b78aa1164b3c46949d7859d28a3e8274/volumes/9b28ec4d-a819-4dbd-a380-2168441c594e returned with HTTP 200
2025-02-20 23:20:54.316 24 INFO cinder.api.openstack.wsgi [None req-3e66a489-7282-420d-95d0-0af8ba8acae3 35f749579bbc48fbaea0f21e7ca6c7f3 c1d6bf09203e46538a4d918c29396c8c - - default default] POST http://[LB_IP_ADDRESS]:8776/v3/c1d6bf09203e46538a4d918c29396c8c/types
2025-02-20 23:20:54.352 24 INFO cinder.api.openstack.wsgi [None req-3e66a489-7282-420d-95d0-0af8ba8acae3 35f749579bbc48fbaea0f21e7ca6c7f3 c1d6bf09203e46538a4d918c29396c8c - - default default] http://[LB_IP_ADDRESS]:8776/v3/c1d6bf09203e46538a4d918c29396c8c/types returned with HTTP 200
2025-02-20 23:20:54.367 25 INFO cinder.api.openstack.wsgi [None req-b58fd3bd-6897-44e6-835b-e28e36472610 35f749579bbc48fbaea0f21e7ca6c7f3 c1d6bf09203e46538a4d918c29396c8c - - default default] POST http://[LB_IP_ADDRESS]:8776/v3/c1d6bf09203e46538a4d918c29396c8c/group_types
2025-02-20 23:20:54.394 25 INFO cinder.api.openstack.wsgi [None req-b58fd3bd-6897-44e6-835b-e28e36472610 35f749579bbc48fbaea0f21e7ca6c7f3 c1d6bf09203e46538a4d918c29396c8c - - default default] http://[LB_IP_ADDRESS]:8776/v3/c1d6bf09203e46538a4d918c29396c8c/group_types returned with HTTP 202
2025-02-20 23:20:54.488 22 INFO cinder.api.openstack.wsgi [None req-751eb246-a384-4b28-86df-90fcafdc42d4 5f104824ee324f1fac80ce986c7b21c8 b78aa1164b3c46949d7859d28a3e8274 - - default default] GET http://[LB_IP_ADDRESS]:8776/v3/b78aa1164b3c46949d7859d28a3e8274/volumes/9b28ec4d-a819-4dbd-a380-2168441c594e
2025-02-20 23:20:54.503 22 INFO cinder.api.openstack.wsgi [None req-751eb246-a384-4b28-86df-90fcafdc42d4 5f104824ee324f1fac80ce986c7b21c8 b78aa1164b3c46949d7859d28a3e8274 - - default default] http://[LB_IP_ADDRESS]:8776/v3/b78aa1164b3c46949d7859d28a3e8274/volumes/9b28ec4d-a819-4dbd-a380-2168441c594e returned with HTTP 404
2025-02-20 23:20:54.513 21 INFO cinder.api.openstack.wsgi [None req-cbb674bf-06ff-409f-a99d-87193329939c 5f104824ee324f1fac80ce986c7b21c8 b78aa1164b3c46949d7859d28a3e8274 - - default default] DELETE http://[LB_IP_ADDRESS]:8776/v3/b78aa1164b3c46949d7859d28a3e8274/volumes/f7b5be53-6ad4-4661-9a9d-121d4bc9e6b3
2025-02-20 23:20:54.513 21 INFO cinder.api.v3.volumes [None req-cbb674bf-06ff-409f-a99d-87193329939c 5f104824ee324f1fac80ce986c7b21c8 b78aa1164b3c46949d7859d28a3e8274 - - default default] Delete volume with id: f7b5be53-6ad4-4661-9a9d-121d4bc9e6b3 
2025-02-20 23:20:54.528 21 INFO cinder.volume.api [None req-cbb674bf-06ff-409f-a99d-87193329939c 5f104824ee324f1fac80ce986c7b21c8 b78aa1164b3c46949d7859d28a3e8274 - - default default] Volume info retrieved successfully.
2025-02-20 23:20:54.554 21 INFO cinder.volume.api [None req-cbb674bf-06ff-409f-a99d-87193329939c 5f104824ee324f1fac80ce986c7b21c8 b78aa1164b3c46949d7859d28a3e8274 - - default default] Delete volume request issued successfully.
2025-02-20 23:20:54.555 21 INFO cinder.api.openstack.wsgi [None req-cbb674bf-06ff-409f-a99d-87193329939c 5f104824ee324f1fac80ce986c7b21c8 b78aa1164b3c46949d7859d28a3e8274 - - default default] http://[LB_IP_ADDRESS]:8776/v3/b78aa1164b3c46949d7859d28a3e8274/volumes/f7b5be53-6ad4-4661-9a9d-121d4bc9e6b3 returned with HTTP 202
2025-02-20 23:20:54.566 24 INFO cinder.api.openstack.wsgi [None req-7d7d9d4d-c5dc-4005-82e9-a54d40e6f22c 5f104824ee324f1fac80ce986c7b21c8 b78aa1164b3c46949d7859d28a3e8274 - - default default] GET http://[LB_IP_ADDRESS]:8776/v3/b78aa1164b3c46949d7859d28a3e8274/volumes/f7b5be53-6ad4-4661-9a9d-121d4bc9e6b3
2025-02-20 23:20:54.580 23 INFO cinder.api.openstack.wsgi [None req-3c7cea13-3b1b-4ade-a91e-dd4e66817826 16a36145f47241f5ba3e67904ec3a6d9 b374f92101964f91875979aedccb8665 - - default default] POST http://[LB_IP_ADDRESS]:8776/v3/b374f92101964f91875979aedccb8665/groups
2025-02-20 23:20:54.586 24 INFO cinder.volume.api [None req-7d7d9d4d-c5dc-4005-82e9-a54d40e6f22c 5f104824ee324f1fac80ce986c7b21c8 b78aa1164b3c46949d7859d28a3e8274 - - default default] Volume info retrieved successfully.
2025-02-20 23:20:54.591 23 INFO cinder.api.v3.groups [None req-3c7cea13-3b1b-4ade-a91e-dd4e66817826 16a36145f47241f5ba3e67904ec3a6d9 b374f92101964f91875979aedccb8665 - - default default] Creating group tempest-Group1-1480754428.
2025-02-20 23:20:54.593 24 INFO cinder.api.openstack.wsgi [None req-7d7d9d4d-c5dc-4005-82e9-a54d40e6f22c 5f104824ee324f1fac80ce986c7b21c8 b78aa1164b3c46949d7859d28a3e8274 - - default default] http://[LB_IP_ADDRESS]:8776/v3/b78aa1164b3c46949d7859d28a3e8274/volumes/f7b5be53-6ad4-4661-9a9d-121d4bc9e6b3 returned with HTTP 200
2025-02-20 23:20:54.607 23 INFO cinder.volume.api [None req-3c7cea13-3b1b-4ade-a91e-dd4e66817826 16a36145f47241f5ba3e67904ec3a6d9 b374f92101964f91875979aedccb8665 - - default default] Availability Zones retrieved successfully.
2025-02-20 23:20:54.710 23 INFO cinder.api.openstack.wsgi [None req-3c7cea13-3b1b-4ade-a91e-dd4e66817826 16a36145f47241f5ba3e67904ec3a6d9 b374f92101964f91875979aedccb8665 - - default default] http://[LB_IP_ADDRESS]:8776/v3/b374f92101964f91875979aedccb8665/groups returned with HTTP 202
2025-02-20 23:20:54.723 25 INFO cinder.api.openstack.wsgi [None req-653c613b-bc00-4818-858e-1bcf74c83c8f 16a36145f47241f5ba3e67904ec3a6d9 b374f92101964f91875979aedccb8665 - - default default] GET http://[LB_IP_ADDRESS]:8776/v3/b374f92101964f91875979aedccb8665/groups/3c11fa56-2a11-4832-b6f6-0150bf20feea
2025-02-20 23:20:54.749 25 INFO cinder.api.openstack.wsgi [None req-653c613b-bc00-4818-858e-1bcf74c83c8f 16a36145f47241f5ba3e67904ec3a6d9 b374f92101964f91875979aedccb8665 - - default default] http://[LB_IP_ADDRESS]:8776/v3/b374f92101964f91875979aedccb8665/groups/3c11fa56-2a11-4832-b6f6-0150bf20feea returned with HTTP 200
2025-02-20 23:20:55.622 22 INFO cinder.api.openstack.wsgi [None req-8377d6b3-03c2-4a2e-89f2-cf924359d682 5f104824ee324f1fac80ce986c7b21c8 b78aa1164b3c46949d7859d28a3e8274 - - default default] GET http://[LB_IP_ADDRESS]:8776/v3/b78aa1164b3c46949d7859d28a3e8274/volumes/f7b5be53-6ad4-4661-9a9d-121d4bc9e6b3
2025-02-20 23:20:55.637 22 INFO cinder.api.openstack.wsgi [None req-8377d6b3-03c2-4a2e-89f2-cf924359d682 5f104824ee324f1fac80ce986c7b21c8 b78aa1164b3c46949d7859d28a3e8274 - - default default] http://[LB_IP_ADDRESS]:8776/v3/b78aa1164b3c46949d7859d28a3e8274/volumes/f7b5be53-6ad4-4661-9a9d-121d4bc9e6b3 returned with HTTP 404
2025-02-20 23:20:55.649 21 INFO cinder.api.openstack.wsgi [None req-167afbf0-9c0d-47bd-a7d5-ebf2452084fd 5f104824ee324f1fac80ce986c7b21c8 b78aa1164b3c46949d7859d28a3e8274 - - default default] DELETE http://[LB_IP_ADDRESS]:8776/v3/b78aa1164b3c46949d7859d28a3e8274/volumes/f80bdbd9-ca64-428b-b689-c8a97fd9708e
2025-02-20 23:20:55.650 21 INFO cinder.api.v3.volumes [None req-167afbf0-9c0d-47bd-a7d5-ebf2452084fd 5f104824ee324f1fac80ce986c7b21c8 b78aa1164b3c46949d7859d28a3e8274 - - default default] Delete volume with id: f80bdbd9-ca64-428b-b689-c8a97fd9708e 
2025-02-20 23:20:55.671 21 INFO cinder.volume.api [None req-167afbf0-9c0d-47bd-a7d5-ebf2452084fd 5f104824ee324f1fac80ce986c7b21c8 b78aa1164b3c46949d7859d28a3e8274 - - default default] Volume info retrieved successfully.
2025-02-20 23:20:55.702 21 INFO cinder.volume.api [None req-167afbf0-9c0d-47bd-a7d5-ebf2452084fd 5f104824ee324f1fac80ce986c7b21c8 b78aa1164b3c46949d7859d28a3e8274 - - default default] Delete volume request issued successfully.
2025-02-20 23:20:55.702 21 INFO cinder.api.openstack.wsgi [None req-167afbf0-9c0d-47bd-a7d5-ebf2452084fd 5f104824ee324f1fac80ce986c7b21c8 b78aa1164b3c46949d7859d28a3e8274 - - default default] http://[LB_IP_ADDRESS]:8776/v3/b78aa1164b3c46949d7859d28a3e8274/volumes/f80bdbd9-ca64-428b-b689-c8a97fd9708e returned with HTTP 202
2025-02-20 23:20:55.715 24 INFO cinder.api.openstack.wsgi [None req-db4b7224-d305-4754-b8a7-2787edbd544d 5f104824ee324f1fac80ce986c7b21c8 b78aa1164b3c46949d7859d28a3e8274 - - default default] GET http://[LB_IP_ADDRESS]:8776/v3/b78aa1164b3c46949d7859d28a3e8274/volumes/f80bdbd9-ca64-428b-b689-c8a97fd9708e
2025-02-20 23:20:55.740 24 INFO cinder.volume.api [None req-db4b7224-d305-4754-b8a7-2787edbd544d 5f104824ee324f1fac80ce986c7b21c8 b78aa1164b3c46949d7859d28a3e8274 - - default default] Volume info retrieved successfully.
2025-02-20 23:20:55.749 24 INFO cinder.api.openstack.wsgi [None req-db4b7224-d305-4754-b8a7-2787edbd544d 5f104824ee324f1fac80ce986c7b21c8 b78aa1164b3c46949d7859d28a3e8274 - - default default] http://[LB_IP_ADDRESS]:8776/v3/b78aa1164b3c46949d7859d28a3e8274/volumes/f80bdbd9-ca64-428b-b689-c8a97fd9708e returned with HTTP 200
2025-02-20 23:20:55.767 23 INFO cinder.api.openstack.wsgi [None req-39d382c8-6299-43ec-bb14-d8381189753d 16a36145f47241f5ba3e67904ec3a6d9 b374f92101964f91875979aedccb8665 - - default default] GET http://[LB_IP_ADDRESS]:8776/v3/b374f92101964f91875979aedccb8665/groups/3c11fa56-2a11-4832-b6f6-0150bf20feea
2025-02-20 23:20:55.792 23 INFO cinder.api.openstack.wsgi [None req-39d382c8-6299-43ec-bb14-d8381189753d 16a36145f47241f5ba3e67904ec3a6d9 b374f92101964f91875979aedccb8665 - - default default] http://[LB_IP_ADDRESS]:8776/v3/b374f92101964f91875979aedccb8665/groups/3c11fa56-2a11-4832-b6f6-0150bf20feea returned with HTTP 200
2025-02-20 23:20:55.809 25 INFO cinder.api.openstack.wsgi [None req-60ea7391-a7f9-4c33-90aa-0a60a05ecdc6 16a36145f47241f5ba3e67904ec3a6d9 b374f92101964f91875979aedccb8665 - - default default] POST http://[LB_IP_ADDRESS]:8776/v3/b374f92101964f91875979aedccb8665/groups
2025-02-20 23:20:55.821 25 INFO cinder.api.v3.groups [None req-60ea7391-a7f9-4c33-90aa-0a60a05ecdc6 16a36145f47241f5ba3e67904ec3a6d9 b374f92101964f91875979aedccb8665 - - default default] Creating group tempest-Group2-2018921664.
2025-02-20 23:20:55.837 25 INFO cinder.volume.api [None req-60ea7391-a7f9-4c33-90aa-0a60a05ecdc6 16a36145f47241f5ba3e67904ec3a6d9 b374f92101964f91875979aedccb8665 - - default default] Availability Zones retrieved successfully.
2025-02-20 23:20:55.932 25 INFO cinder.api.openstack.wsgi [None req-60ea7391-a7f9-4c33-90aa-0a60a05ecdc6 16a36145f47241f5ba3e67904ec3a6d9 b374f92101964f91875979aedccb8665 - - default default] http://[LB_IP_ADDRESS]:8776/v3/b374f92101964f91875979aedccb8665/groups returned with HTTP 202
2025-02-20 23:20:55.945 22 INFO cinder.api.openstack.wsgi [None req-152cdc4d-fd65-4a61-855a-a956d6521e2f 16a36145f47241f5ba3e67904ec3a6d9 b374f92101964f91875979aedccb8665 - - default default] GET http://[LB_IP_ADDRESS]:8776/v3/b374f92101964f91875979aedccb8665/groups/3e85562b-0c76-4094-9801-3fb0c2fbeeb0
2025-02-20 23:20:55.968 22 INFO cinder.api.openstack.wsgi [None req-152cdc4d-fd65-4a61-855a-a956d6521e2f 16a36145f47241f5ba3e67904ec3a6d9 b374f92101964f91875979aedccb8665 - - default default] http://[LB_IP_ADDRESS]:8776/v3/b374f92101964f91875979aedccb8665/groups/3e85562b-0c76-4094-9801-3fb0c2fbeeb0 returned with HTTP 200
2025-02-20 23:20:56.550 21 INFO cinder.api.openstack.wsgi [req-03b0d5e0-1e25-4b0d-8abb-1e9b24d544aa req-323e3fcf-4ba6-4566-9d40-2ec3a2697002 404cd46380484a92b8eaa99feb3103b6 22ac12e6d9b14527a87e61365ad9cad8 - - default default] DELETE http://[LB_IP_ADDRESS]:8776/v3/22ac12e6d9b14527a87e61365ad9cad8/volumes/tempest-invalid-12769611
2025-02-20 23:20:56.551 21 INFO cinder.api.v3.volumes [req-03b0d5e0-1e25-4b0d-8abb-1e9b24d544aa req-323e3fcf-4ba6-4566-9d40-2ec3a2697002 404cd46380484a92b8eaa99feb3103b6 22ac12e6d9b14527a87e61365ad9cad8 - - default default] Delete volume with id: tempest-invalid-12769611 
2025-02-20 23:20:56.566 21 INFO cinder.api.openstack.wsgi [req-03b0d5e0-1e25-4b0d-8abb-1e9b24d544aa req-323e3fcf-4ba6-4566-9d40-2ec3a2697002 404cd46380484a92b8eaa99feb3103b6 22ac12e6d9b14527a87e61365ad9cad8 - - default default] http://[LB_IP_ADDRESS]:8776/v3/22ac12e6d9b14527a87e61365ad9cad8/volumes/tempest-invalid-12769611 returned with HTTP 404
2025-02-20 23:20:56.622 24 INFO cinder.api.openstack.wsgi [req-7f1add1e-d81c-4e2c-98b9-97b7a7668fa2 req-22ebc591-5e88-44c9-9731-7ef888f1c825 404cd46380484a92b8eaa99feb3103b6 22ac12e6d9b14527a87e61365ad9cad8 - - default default] DELETE http://[LB_IP_ADDRESS]:8776/v3/22ac12e6d9b14527a87e61365ad9cad8/volumes/cfce47b9-82db-4d29-bb1f-9b7e14a996d2
2025-02-20 23:20:56.623 24 INFO cinder.api.v3.volumes [req-7f1add1e-d81c-4e2c-98b9-97b7a7668fa2 req-22ebc591-5e88-44c9-9731-7ef888f1c825 404cd46380484a92b8eaa99feb3103b6 22ac12e6d9b14527a87e61365ad9cad8 - - default default] Delete volume with id: cfce47b9-82db-4d29-bb1f-9b7e14a996d2 
2025-02-20 23:20:56.638 24 INFO cinder.api.openstack.wsgi [req-7f1add1e-d81c-4e2c-98b9-97b7a7668fa2 req-22ebc591-5e88-44c9-9731-7ef888f1c825 404cd46380484a92b8eaa99feb3103b6 22ac12e6d9b14527a87e61365ad9cad8 - - default default] http://[LB_IP_ADDRESS]:8776/v3/22ac12e6d9b14527a87e61365ad9cad8/volumes/cfce47b9-82db-4d29-bb1f-9b7e14a996d2 returned with HTTP 404
2025-02-20 23:20:56.672 23 INFO cinder.api.openstack.wsgi [req-be11d8c7-f37e-4c1d-b5c0-bd352e3354e8 req-d22040ae-959b-4784-a1a9-093d3080da67 404cd46380484a92b8eaa99feb3103b6 22ac12e6d9b14527a87e61365ad9cad8 - - default default] GET http://[LB_IP_ADDRESS]:8776/v3/22ac12e6d9b14527a87e61365ad9cad8/volumes/41e8c1af-f924-4b10-8558-203d69a13894
2025-02-20 23:20:56.687 23 INFO cinder.api.openstack.wsgi [req-be11d8c7-f37e-4c1d-b5c0-bd352e3354e8 req-d22040ae-959b-4784-a1a9-093d3080da67 404cd46380484a92b8eaa99feb3103b6 22ac12e6d9b14527a87e61365ad9cad8 - - default default] http://[LB_IP_ADDRESS]:8776/v3/22ac12e6d9b14527a87e61365ad9cad8/volumes/41e8c1af-f924-4b10-8558-203d69a13894 returned with HTTP 404
2025-02-20 23:20:56.777 25 INFO cinder.api.openstack.wsgi [None req-20b859f0-ffa1-4b87-bb14-07cff5fb9ddc 5f104824ee324f1fac80ce986c7b21c8 b78aa1164b3c46949d7859d28a3e8274 - - default default] GET http://[LB_IP_ADDRESS]:8776/v3/b78aa1164b3c46949d7859d28a3e8274/volumes/f80bdbd9-ca64-428b-b689-c8a97fd9708e
2025-02-20 23:20:56.791 25 INFO cinder.api.openstack.wsgi [None req-20b859f0-ffa1-4b87-bb14-07cff5fb9ddc 5f104824ee324f1fac80ce986c7b21c8 b78aa1164b3c46949d7859d28a3e8274 - - default default] http://[LB_IP_ADDRESS]:8776/v3/b78aa1164b3c46949d7859d28a3e8274/volumes/f80bdbd9-ca64-428b-b689-c8a97fd9708e returned with HTTP 404
2025-02-20 23:20:56.986 22 INFO cinder.api.openstack.wsgi [None req-b5db083f-46ff-481d-b9e7-4236eda7e9c8 16a36145f47241f5ba3e67904ec3a6d9 b374f92101964f91875979aedccb8665 - - default default] GET http://[LB_IP_ADDRESS]:8776/v3/b374f92101964f91875979aedccb8665/groups/3e85562b-0c76-4094-9801-3fb0c2fbeeb0
2025-02-20 23:20:57.010 22 INFO cinder.api.openstack.wsgi [None req-b5db083f-46ff-481d-b9e7-4236eda7e9c8 16a36145f47241f5ba3e67904ec3a6d9 b374f92101964f91875979aedccb8665 - - default default] http://[LB_IP_ADDRESS]:8776/v3/b374f92101964f91875979aedccb8665/groups/3e85562b-0c76-4094-9801-3fb0c2fbeeb0 returned with HTTP 200
2025-02-20 23:20:57.027 21 INFO cinder.api.openstack.wsgi [None req-77f008f6-972b-4709-8c83-261fcab845f2 16a36145f47241f5ba3e67904ec3a6d9 b374f92101964f91875979aedccb8665 - - default default] POST http://[LB_IP_ADDRESS]:8776/v3/b374f92101964f91875979aedccb8665/volumes
2025-02-20 23:20:57.045 21 INFO cinder.api.v3.volumes [None req-77f008f6-972b-4709-8c83-261fcab845f2 16a36145f47241f5ba3e67904ec3a6d9 b374f92101964f91875979aedccb8665 - - default default] Create volume of 1 GB
2025-02-20 23:20:57.058 21 INFO cinder.volume.api [None req-77f008f6-972b-4709-8c83-261fcab845f2 16a36145f47241f5ba3e67904ec3a6d9 b374f92101964f91875979aedccb8665 - - default default] Availability Zones retrieved successfully.
2025-02-20 23:20:57.206 21 WARNING cinder.quota [None req-77f008f6-972b-4709-8c83-261fcab845f2 16a36145f47241f5ba3e67904ec3a6d9 b374f92101964f91875979aedccb8665 - - default default] Deprecated: Default quota for resource: volumes_tempest-GroupsTest-volume-type-771665217 is set by the default quota flag: quota_volumes_tempest-GroupsTest-volume-type-771665217, it is now deprecated. Please use the default quota class for default quota.
2025-02-20 23:20:57.207 21 WARNING cinder.quota [None req-77f008f6-972b-4709-8c83-261fcab845f2 16a36145f47241f5ba3e67904ec3a6d9 b374f92101964f91875979aedccb8665 - - default default] Deprecated: Default quota for resource: gigabytes_tempest-GroupsTest-volume-type-771665217 is set by the default quota flag: quota_gigabytes_tempest-GroupsTest-volume-type-771665217, it is now deprecated. Please use the default quota class for default quota.
2025-02-20 23:20:57.310 21 INFO cinder.volume.api [None req-77f008f6-972b-4709-8c83-261fcab845f2 16a36145f47241f5ba3e67904ec3a6d9 b374f92101964f91875979aedccb8665 - - default default] Create volume request issued successfully.
2025-02-20 23:20:57.331 21 INFO cinder.api.openstack.wsgi [None req-77f008f6-972b-4709-8c83-261fcab845f2 16a36145f47241f5ba3e67904ec3a6d9 b374f92101964f91875979aedccb8665 - - default default] http://[LB_IP_ADDRESS]:8776/v3/b374f92101964f91875979aedccb8665/volumes returned with HTTP 202
2025-02-20 23:20:57.356 24 INFO cinder.api.openstack.wsgi [None req-f316bbcc-971a-4fab-88b6-ecbc8999edd9 16a36145f47241f5ba3e67904ec3a6d9 b374f92101964f91875979aedccb8665 - - default default] GET http://[LB_IP_ADDRESS]:8776/v3/b374f92101964f91875979aedccb8665/volumes/911e6036-8509-4447-af44-242587a5407f
2025-02-20 23:20:57.381 24 INFO cinder.volume.api [None req-f316bbcc-971a-4fab-88b6-ecbc8999edd9 16a36145f47241f5ba3e67904ec3a6d9 b374f92101964f91875979aedccb8665 - - default default] Volume info retrieved successfully.
2025-02-20 23:20:57.432 24 INFO cinder.api.openstack.wsgi [None req-f316bbcc-971a-4fab-88b6-ecbc8999edd9 16a36145f47241f5ba3e67904ec3a6d9 b374f92101964f91875979aedccb8665 - - default default] http://[LB_IP_ADDRESS]:8776/v3/b374f92101964f91875979aedccb8665/volumes/911e6036-8509-4447-af44-242587a5407f returned with HTTP 200
2025-02-20 23:20:58.466 23 INFO cinder.api.openstack.wsgi [None req-0570bbb4-9a50-4431-ac92-debe08487871 16a36145f47241f5ba3e67904ec3a6d9 b374f92101964f91875979aedccb8665 - - default default] GET http://[LB_IP_ADDRESS]:8776/v3/b374f92101964f91875979aedccb8665/volumes/911e6036-8509-4447-af44-242587a5407f
2025-02-20 23:20:58.502 23 INFO cinder.volume.api [None req-0570bbb4-9a50-4431-ac92-debe08487871 16a36145f47241f5ba3e67904ec3a6d9 b374f92101964f91875979aedccb8665 - - default default] Volume info retrieved successfully.
2025-02-20 23:20:58.546 23 INFO cinder.api.openstack.wsgi [None req-0570bbb4-9a50-4431-ac92-debe08487871 16a36145f47241f5ba3e67904ec3a6d9 b374f92101964f91875979aedccb8665 - - default default] http://[LB_IP_ADDRESS]:8776/v3/b374f92101964f91875979aedccb8665/volumes/911e6036-8509-4447-af44-242587a5407f returned with HTTP 200
2025-02-20 23:20:59.575 25 INFO cinder.api.openstack.wsgi [None req-d85891a6-12dc-4df3-a4e2-0c1b089b8862 16a36145f47241f5ba3e67904ec3a6d9 b374f92101964f91875979aedccb8665 - - default default] GET http://[LB_IP_ADDRESS]:8776/v3/b374f92101964f91875979aedccb8665/volumes/911e6036-8509-4447-af44-242587a5407f
2025-02-20 23:20:59.593 25 INFO cinder.volume.api [None req-d85891a6-12dc-4df3-a4e2-0c1b089b8862 16a36145f47241f5ba3e67904ec3a6d9 b374f92101964f91875979aedccb8665 - - default default] Volume info retrieved successfully.
2025-02-20 23:20:59.614 25 INFO cinder.api.openstack.wsgi [None req-d85891a6-12dc-4df3-a4e2-0c1b089b8862 16a36145f47241f5ba3e67904ec3a6d9 b374f92101964f91875979aedccb8665 - - default default] http://[LB_IP_ADDRESS]:8776/v3/b374f92101964f91875979aedccb8665/volumes/911e6036-8509-4447-af44-242587a5407f returned with HTTP 200
2025-02-20 23:20:59.640 22 INFO cinder.api.openstack.wsgi [None req-a41b2033-3e04-4fb7-be1a-1bd4d3909778 16a36145f47241f5ba3e67904ec3a6d9 b374f92101964f91875979aedccb8665 - - default default] GET http://[LB_IP_ADDRESS]:8776/v3/b374f92101964f91875979aedccb8665/groups/3c11fa56-2a11-4832-b6f6-0150bf20feea
2025-02-20 23:20:59.660 22 INFO cinder.api.openstack.wsgi [None req-a41b2033-3e04-4fb7-be1a-1bd4d3909778 16a36145f47241f5ba3e67904ec3a6d9 b374f92101964f91875979aedccb8665 - - default default] http://[LB_IP_ADDRESS]:8776/v3/b374f92101964f91875979aedccb8665/groups/3c11fa56-2a11-4832-b6f6-0150bf20feea returned with HTTP 200
2025-02-20 23:20:59.677 21 INFO cinder.api.openstack.wsgi [None req-8095c195-2217-4e87-bf06-ea801632144c 16a36145f47241f5ba3e67904ec3a6d9 b374f92101964f91875979aedccb8665 - - default default] GET http://[LB_IP_ADDRESS]:8776/v3/b374f92101964f91875979aedccb8665/groups/3e85562b-0c76-4094-9801-3fb0c2fbeeb0
2025-02-20 23:20:59.699 21 INFO cinder.api.openstack.wsgi [None req-8095c195-2217-4e87-bf06-ea801632144c 16a36145f47241f5ba3e67904ec3a6d9 b374f92101964f91875979aedccb8665 - - default default] http://[LB_IP_ADDRESS]:8776/v3/b374f92101964f91875979aedccb8665/groups/3e85562b-0c76-4094-9801-3fb0c2fbeeb0 returned with HTTP 200
2025-02-20 23:20:59.721 24 INFO cinder.api.openstack.wsgi [None req-212cbdd9-4947-47b5-bd65-a66634de39ef 16a36145f47241f5ba3e67904ec3a6d9 b374f92101964f91875979aedccb8665 - - default default] GET http://[LB_IP_ADDRESS]:8776/v3/b374f92101964f91875979aedccb8665/groups/detail
2025-02-20 23:20:59.771 24 INFO cinder.api.openstack.wsgi [None req-212cbdd9-4947-47b5-bd65-a66634de39ef 16a36145f47241f5ba3e67904ec3a6d9 b374f92101964f91875979aedccb8665 - - default default] http://[LB_IP_ADDRESS]:8776/v3/b374f92101964f91875979aedccb8665/groups/detail returned with HTTP 200
2025-02-20 23:20:59.792 23 INFO cinder.api.openstack.wsgi [None req-9a9ef916-01ee-47b7-aa51-7761b250f72b 16a36145f47241f5ba3e67904ec3a6d9 b374f92101964f91875979aedccb8665 - - default default] GET http://[LB_IP_ADDRESS]:8776/v3/b374f92101964f91875979aedccb8665/volumes/detail
2025-02-20 23:20:59.815 23 INFO cinder.volume.api [None req-9a9ef916-01ee-47b7-aa51-7761b250f72b 16a36145f47241f5ba3e67904ec3a6d9 b374f92101964f91875979aedccb8665 - - default default] Get all volumes completed successfully.
2025-02-20 23:20:59.845 23 INFO cinder.api.openstack.wsgi [None req-9a9ef916-01ee-47b7-aa51-7761b250f72b 16a36145f47241f5ba3e67904ec3a6d9 b374f92101964f91875979aedccb8665 - - default default] http://[LB_IP_ADDRESS]:8776/v3/b374f92101964f91875979aedccb8665/volumes/detail returned with HTTP 200
2025-02-20 23:20:59.873 25 INFO cinder.api.openstack.wsgi [None req-f2d1c8e6-b098-412c-a954-c3a23f7a7830 16a36145f47241f5ba3e67904ec3a6d9 b374f92101964f91875979aedccb8665 - - default default] GET http://[LB_IP_ADDRESS]:8776/v3/b374f92101964f91875979aedccb8665/volumes/detail
2025-02-20 23:20:59.892 25 INFO cinder.volume.api [None req-f2d1c8e6-b098-412c-a954-c3a23f7a7830 16a36145f47241f5ba3e67904ec3a6d9 b374f92101964f91875979aedccb8665 - - default default] Get all volumes completed successfully.
2025-02-20 23:20:59.920 25 INFO cinder.api.openstack.wsgi [None req-f2d1c8e6-b098-412c-a954-c3a23f7a7830 16a36145f47241f5ba3e67904ec3a6d9 b374f92101964f91875979aedccb8665 - - default default] http://[LB_IP_ADDRESS]:8776/v3/b374f92101964f91875979aedccb8665/volumes/detail returned with HTTP 200
2025-02-20 23:20:59.949 22 INFO cinder.api.openstack.wsgi [None req-69b1e202-7820-40b5-814e-ed88de70b13b 16a36145f47241f5ba3e67904ec3a6d9 b374f92101964f91875979aedccb8665 - - default default] POST http://[LB_IP_ADDRESS]:8776/v3/b374f92101964f91875979aedccb8665/groups/3c11fa56-2a11-4832-b6f6-0150bf20feea/action
2025-02-20 23:20:59.953 22 INFO cinder.api.v3.groups [None req-69b1e202-7820-40b5-814e-ed88de70b13b 16a36145f47241f5ba3e67904ec3a6d9 b374f92101964f91875979aedccb8665 - - default default] Delete group with id: 3c11fa56-2a11-4832-b6f6-0150bf20feea
2025-02-20 23:21:00.026 22 INFO cinder.api.openstack.wsgi [None req-69b1e202-7820-40b5-814e-ed88de70b13b 16a36145f47241f5ba3e67904ec3a6d9 b374f92101964f91875979aedccb8665 - - default default] http://[LB_IP_ADDRESS]:8776/v3/b374f92101964f91875979aedccb8665/groups/3c11fa56-2a11-4832-b6f6-0150bf20feea/action returned with HTTP 202
2025-02-20 23:21:00.037 21 INFO cinder.api.openstack.wsgi [None req-be0e037e-22ad-4385-86c5-fff88475d8b3 16a36145f47241f5ba3e67904ec3a6d9 b374f92101964f91875979aedccb8665 - - default default] GET http://[LB_IP_ADDRESS]:8776/v3/b374f92101964f91875979aedccb8665/volumes/911e6036-8509-4447-af44-242587a5407f
2025-02-20 23:21:00.064 21 INFO cinder.volume.api [None req-be0e037e-22ad-4385-86c5-fff88475d8b3 16a36145f47241f5ba3e67904ec3a6d9 b374f92101964f91875979aedccb8665 - - default default] Volume info retrieved successfully.
2025-02-20 23:21:00.089 21 INFO cinder.api.openstack.wsgi [None req-be0e037e-22ad-4385-86c5-fff88475d8b3 16a36145f47241f5ba3e67904ec3a6d9 b374f92101964f91875979aedccb8665 - - default default] http://[LB_IP_ADDRESS]:8776/v3/b374f92101964f91875979aedccb8665/volumes/911e6036-8509-4447-af44-242587a5407f returned with HTTP 200
2025-02-20 23:21:00.857 24 INFO cinder.api.openstack.wsgi [None req-faac9499-5e65-4548-b7fa-08b4da27b953 - - - - - -] GET http://[LB_IP_ADDRESS]:8776/
2025-02-20 23:21:00.858 24 INFO cinder.api.openstack.wsgi [None req-faac9499-5e65-4548-b7fa-08b4da27b953 - - - - - -] http://[LB_IP_ADDRESS]:8776/ returned with HTTP 300
2025-02-20 23:21:01.118 23 INFO cinder.api.openstack.wsgi [None req-fc6be1c4-d7fd-47c8-8c1e-3e2d20332f80 16a36145f47241f5ba3e67904ec3a6d9 b374f92101964f91875979aedccb8665 - - default default] GET http://[LB_IP_ADDRESS]:8776/v3/b374f92101964f91875979aedccb8665/volumes/911e6036-8509-4447-af44-242587a5407f
2025-02-20 23:21:01.134 23 INFO cinder.api.openstack.wsgi [None req-fc6be1c4-d7fd-47c8-8c1e-3e2d20332f80 16a36145f47241f5ba3e67904ec3a6d9 b374f92101964f91875979aedccb8665 - - default default] http://[LB_IP_ADDRESS]:8776/v3/b374f92101964f91875979aedccb8665/volumes/911e6036-8509-4447-af44-242587a5407f returned with HTTP 404
2025-02-20 23:21:01.147 25 INFO cinder.api.openstack.wsgi [None req-1dcb79b6-592e-463b-b4cd-dd4397558333 16a36145f47241f5ba3e67904ec3a6d9 b374f92101964f91875979aedccb8665 - - default default] GET http://[LB_IP_ADDRESS]:8776/v3/b374f92101964f91875979aedccb8665/groups/3c11fa56-2a11-4832-b6f6-0150bf20feea
2025-02-20 23:21:01.154 25 INFO cinder.api.openstack.wsgi [None req-1dcb79b6-592e-463b-b4cd-dd4397558333 16a36145f47241f5ba3e67904ec3a6d9 b374f92101964f91875979aedccb8665 - - default default] http://[LB_IP_ADDRESS]:8776/v3/b374f92101964f91875979aedccb8665/groups/3c11fa56-2a11-4832-b6f6-0150bf20feea returned with HTTP 404
2025-02-20 23:21:01.166 22 INFO cinder.api.openstack.wsgi [None req-ef9ff97b-641b-4d8e-b98d-ab508683a471 16a36145f47241f5ba3e67904ec3a6d9 b374f92101964f91875979aedccb8665 - - default default] POST http://[LB_IP_ADDRESS]:8776/v3/b374f92101964f91875979aedccb8665/groups/3e85562b-0c76-4094-9801-3fb0c2fbeeb0/action
2025-02-20 23:21:01.170 22 INFO cinder.api.v3.groups [None req-ef9ff97b-641b-4d8e-b98d-ab508683a471 16a36145f47241f5ba3e67904ec3a6d9 b374f92101964f91875979aedccb8665 - - default default] Delete group with id: 3e85562b-0c76-4094-9801-3fb0c2fbeeb0
2025-02-20 23:21:01.220 22 INFO cinder.api.openstack.wsgi [None req-ef9ff97b-641b-4d8e-b98d-ab508683a471 16a36145f47241f5ba3e67904ec3a6d9 b374f92101964f91875979aedccb8665 - - default default] http://[LB_IP_ADDRESS]:8776/v3/b374f92101964f91875979aedccb8665/groups/3e85562b-0c76-4094-9801-3fb0c2fbeeb0/action returned with HTTP 202
2025-02-20 23:21:01.232 21 INFO cinder.api.openstack.wsgi [None req-7c5b9cd4-e1ba-4aea-b4c4-36458e5f9da4 16a36145f47241f5ba3e67904ec3a6d9 b374f92101964f91875979aedccb8665 - - default default] GET http://[LB_IP_ADDRESS]:8776/v3/b374f92101964f91875979aedccb8665/groups/3e85562b-0c76-4094-9801-3fb0c2fbeeb0
2025-02-20 23:21:01.255 21 INFO cinder.api.openstack.wsgi [None req-7c5b9cd4-e1ba-4aea-b4c4-36458e5f9da4 16a36145f47241f5ba3e67904ec3a6d9 b374f92101964f91875979aedccb8665 - - default default] http://[LB_IP_ADDRESS]:8776/v3/b374f92101964f91875979aedccb8665/groups/3e85562b-0c76-4094-9801-3fb0c2fbeeb0 returned with HTTP 200
2025-02-20 23:21:01.916 24 INFO cinder.api.openstack.wsgi [None req-3827c996-6c02-4cf2-a75a-2b385a821fb5 5db0b230c8fe4555aae62a9f10fa3263 1f53c07a7cc44ffcb9bdaeedc481c669 - - default default] POST http://[LB_IP_ADDRESS]:8776/v3/1f53c07a7cc44ffcb9bdaeedc481c669/group_types
2025-02-20 23:21:01.941 24 INFO cinder.api.openstack.wsgi [None req-3827c996-6c02-4cf2-a75a-2b385a821fb5 5db0b230c8fe4555aae62a9f10fa3263 1f53c07a7cc44ffcb9bdaeedc481c669 - - default default] http://[LB_IP_ADDRESS]:8776/v3/1f53c07a7cc44ffcb9bdaeedc481c669/group_types returned with HTTP 202
2025-02-20 23:21:01.955 23 INFO cinder.api.openstack.wsgi [None req-b2c87399-04ab-4fff-ac06-0d31e652d63a 5db0b230c8fe4555aae62a9f10fa3263 1f53c07a7cc44ffcb9bdaeedc481c669 - - default default] POST http://[LB_IP_ADDRESS]:8776/v3/1f53c07a7cc44ffcb9bdaeedc481c669/group_types/68f702a5-129b-4add-ab9d-9d634b01eeab/group_specs
2025-02-20 23:21:01.982 23 INFO cinder.api.openstack.wsgi [None req-b2c87399-04ab-4fff-ac06-0d31e652d63a 5db0b230c8fe4555aae62a9f10fa3263 1f53c07a7cc44ffcb9bdaeedc481c669 - - default default] http://[LB_IP_ADDRESS]:8776/v3/1f53c07a7cc44ffcb9bdaeedc481c669/group_types/68f702a5-129b-4add-ab9d-9d634b01eeab/group_specs returned with HTTP 202
2025-02-20 23:21:01.995 22 INFO cinder.api.openstack.wsgi [None req-b1a6369c-92d7-4a4b-9d0f-3b9f4053afe8 5db0b230c8fe4555aae62a9f10fa3263 1f53c07a7cc44ffcb9bdaeedc481c669 - - default default] POST http://[LB_IP_ADDRESS]:8776/v3/1f53c07a7cc44ffcb9bdaeedc481c669/group_types/68f702a5-129b-4add-ab9d-9d634b01eeab/group_specs
2025-02-20 23:21:02.020 22 INFO cinder.api.openstack.wsgi [None req-b1a6369c-92d7-4a4b-9d0f-3b9f4053afe8 5db0b230c8fe4555aae62a9f10fa3263 1f53c07a7cc44ffcb9bdaeedc481c669 - - default default] http://[LB_IP_ADDRESS]:8776/v3/1f53c07a7cc44ffcb9bdaeedc481c669/group_types/68f702a5-129b-4add-ab9d-9d634b01eeab/group_specs returned with HTTP 202
2025-02-20 23:21:02.032 21 INFO cinder.api.openstack.wsgi [None req-039e3fa0-f96f-4a2b-852f-0472f1e39ba9 5db0b230c8fe4555aae62a9f10fa3263 1f53c07a7cc44ffcb9bdaeedc481c669 - - default default] GET http://[LB_IP_ADDRESS]:8776/v3/1f53c07a7cc44ffcb9bdaeedc481c669/group_types/68f702a5-129b-4add-ab9d-9d634b01eeab/group_specs/key2
2025-02-20 23:21:02.045 21 INFO cinder.api.openstack.wsgi [None req-039e3fa0-f96f-4a2b-852f-0472f1e39ba9 5db0b230c8fe4555aae62a9f10fa3263 1f53c07a7cc44ffcb9bdaeedc481c669 - - default default] http://[LB_IP_ADDRESS]:8776/v3/1f53c07a7cc44ffcb9bdaeedc481c669/group_types/68f702a5-129b-4add-ab9d-9d634b01eeab/group_specs/key2 returned with HTTP 200
2025-02-20 23:21:02.058 24 INFO cinder.api.openstack.wsgi [None req-7a683fbc-0cb3-4472-802c-466020d8a3be 5db0b230c8fe4555aae62a9f10fa3263 1f53c07a7cc44ffcb9bdaeedc481c669 - - default default] GET http://[LB_IP_ADDRESS]:8776/v3/1f53c07a7cc44ffcb9bdaeedc481c669/group_types/68f702a5-129b-4add-ab9d-9d634b01eeab/group_specs/key3
2025-02-20 23:21:02.071 24 INFO cinder.api.openstack.wsgi [None req-7a683fbc-0cb3-4472-802c-466020d8a3be 5db0b230c8fe4555aae62a9f10fa3263 1f53c07a7cc44ffcb9bdaeedc481c669 - - default default] http://[LB_IP_ADDRESS]:8776/v3/1f53c07a7cc44ffcb9bdaeedc481c669/group_types/68f702a5-129b-4add-ab9d-9d634b01eeab/group_specs/key3 returned with HTTP 200
2025-02-20 23:21:02.083 23 INFO cinder.api.openstack.wsgi [None req-0bcf1c56-4f47-4a3f-8110-e4d5c1881a2e 5db0b230c8fe4555aae62a9f10fa3263 1f53c07a7cc44ffcb9bdaeedc481c669 - - default default] PUT http://[LB_IP_ADDRESS]:8776/v3/1f53c07a7cc44ffcb9bdaeedc481c669/group_types/68f702a5-129b-4add-ab9d-9d634b01eeab/group_specs/key3
2025-02-20 23:21:02.102 23 INFO cinder.api.openstack.wsgi [None req-0bcf1c56-4f47-4a3f-8110-e4d5c1881a2e 5db0b230c8fe4555aae62a9f10fa3263 1f53c07a7cc44ffcb9bdaeedc481c669 - - default default] http://[LB_IP_ADDRESS]:8776/v3/1f53c07a7cc44ffcb9bdaeedc481c669/group_types/68f702a5-129b-4add-ab9d-9d634b01eeab/group_specs/key3 returned with HTTP 200
2025-02-20 23:21:02.114 22 INFO cinder.api.openstack.wsgi [None req-3f0fb02c-3387-41e8-9015-fcabcc5d2939 5db0b230c8fe4555aae62a9f10fa3263 1f53c07a7cc44ffcb9bdaeedc481c669 - - default default] GET http://[LB_IP_ADDRESS]:8776/v3/1f53c07a7cc44ffcb9bdaeedc481c669/group_types/68f702a5-129b-4add-ab9d-9d634b01eeab/group_specs
2025-02-20 23:21:02.126 22 INFO cinder.api.openstack.wsgi [None req-3f0fb02c-3387-41e8-9015-fcabcc5d2939 5db0b230c8fe4555aae62a9f10fa3263 1f53c07a7cc44ffcb9bdaeedc481c669 - - default default] http://[LB_IP_ADDRESS]:8776/v3/1f53c07a7cc44ffcb9bdaeedc481c669/group_types/68f702a5-129b-4add-ab9d-9d634b01eeab/group_specs returned with HTTP 200
2025-02-20 23:21:02.138 21 INFO cinder.api.openstack.wsgi [None req-6cd6ffd4-0767-4057-a80d-5d0e716b688f 5db0b230c8fe4555aae62a9f10fa3263 1f53c07a7cc44ffcb9bdaeedc481c669 - - default default] DELETE http://[LB_IP_ADDRESS]:8776/v3/1f53c07a7cc44ffcb9bdaeedc481c669/group_types/68f702a5-129b-4add-ab9d-9d634b01eeab/group_specs/key1
2025-02-20 23:21:02.156 21 INFO cinder.api.openstack.wsgi [None req-6cd6ffd4-0767-4057-a80d-5d0e716b688f 5db0b230c8fe4555aae62a9f10fa3263 1f53c07a7cc44ffcb9bdaeedc481c669 - - default default] http://[LB_IP_ADDRESS]:8776/v3/1f53c07a7cc44ffcb9bdaeedc481c669/group_types/68f702a5-129b-4add-ab9d-9d634b01eeab/group_specs/key1 returned with HTTP 202
2025-02-20 23:21:02.167 24 INFO cinder.api.openstack.wsgi [None req-13b6bfab-3eb7-4201-af68-a0ea615ecab5 5db0b230c8fe4555aae62a9f10fa3263 1f53c07a7cc44ffcb9bdaeedc481c669 - - default default] GET http://[LB_IP_ADDRESS]:8776/v3/1f53c07a7cc44ffcb9bdaeedc481c669/group_types/68f702a5-129b-4add-ab9d-9d634b01eeab/group_specs/key1
2025-02-20 23:21:02.180 24 INFO cinder.api.openstack.wsgi [None req-13b6bfab-3eb7-4201-af68-a0ea615ecab5 5db0b230c8fe4555aae62a9f10fa3263 1f53c07a7cc44ffcb9bdaeedc481c669 - - default default] HTTP exception thrown: Group Type 68f702a5-129b-4add-ab9d-9d634b01eeab has no extra spec with key key1.
2025-02-20 23:21:02.180 24 INFO cinder.api.openstack.wsgi [None req-13b6bfab-3eb7-4201-af68-a0ea615ecab5 5db0b230c8fe4555aae62a9f10fa3263 1f53c07a7cc44ffcb9bdaeedc481c669 - - default default] http://[LB_IP_ADDRESS]:8776/v3/1f53c07a7cc44ffcb9bdaeedc481c669/group_types/68f702a5-129b-4add-ab9d-9d634b01eeab/group_specs/key1 returned with HTTP 404
2025-02-20 23:21:02.192 23 INFO cinder.api.openstack.wsgi [None req-57547988-257f-4e6f-803b-e5f8842aad9b 5db0b230c8fe4555aae62a9f10fa3263 1f53c07a7cc44ffcb9bdaeedc481c669 - - default default] DELETE http://[LB_IP_ADDRESS]:8776/v3/1f53c07a7cc44ffcb9bdaeedc481c669/group_types/68f702a5-129b-4add-ab9d-9d634b01eeab/group_specs/key2
2025-02-20 23:21:02.210 23 INFO cinder.api.openstack.wsgi [None req-57547988-257f-4e6f-803b-e5f8842aad9b 5db0b230c8fe4555aae62a9f10fa3263 1f53c07a7cc44ffcb9bdaeedc481c669 - - default default] http://[LB_IP_ADDRESS]:8776/v3/1f53c07a7cc44ffcb9bdaeedc481c669/group_types/68f702a5-129b-4add-ab9d-9d634b01eeab/group_specs/key2 returned with HTTP 202
2025-02-20 23:21:02.221 22 INFO cinder.api.openstack.wsgi [None req-7f11c47f-0703-4209-829f-5b869bedaca3 5db0b230c8fe4555aae62a9f10fa3263 1f53c07a7cc44ffcb9bdaeedc481c669 - - default default] GET http://[LB_IP_ADDRESS]:8776/v3/1f53c07a7cc44ffcb9bdaeedc481c669/group_types/68f702a5-129b-4add-ab9d-9d634b01eeab/group_specs/key2
2025-02-20 23:21:02.233 22 INFO cinder.api.openstack.wsgi [None req-7f11c47f-0703-4209-829f-5b869bedaca3 5db0b230c8fe4555aae62a9f10fa3263 1f53c07a7cc44ffcb9bdaeedc481c669 - - default default] HTTP exception thrown: Group Type 68f702a5-129b-4add-ab9d-9d634b01eeab has no extra spec with key key2.
2025-02-20 23:21:02.234 22 INFO cinder.api.openstack.wsgi [None req-7f11c47f-0703-4209-829f-5b869bedaca3 5db0b230c8fe4555aae62a9f10fa3263 1f53c07a7cc44ffcb9bdaeedc481c669 - - default default] http://[LB_IP_ADDRESS]:8776/v3/1f53c07a7cc44ffcb9bdaeedc481c669/group_types/68f702a5-129b-4add-ab9d-9d634b01eeab/group_specs/key2 returned with HTTP 404
2025-02-20 23:21:02.246 21 INFO cinder.api.openstack.wsgi [None req-dcd6592c-5f30-4d0a-b873-93b250ad5396 5db0b230c8fe4555aae62a9f10fa3263 1f53c07a7cc44ffcb9bdaeedc481c669 - - default default] DELETE http://[LB_IP_ADDRESS]:8776/v3/1f53c07a7cc44ffcb9bdaeedc481c669/group_types/68f702a5-129b-4add-ab9d-9d634b01eeab/group_specs/key3
2025-02-20 23:21:02.272 24 INFO cinder.api.openstack.wsgi [None req-9aa62b5d-a922-4d86-b5e4-26ad2f71058e 16a36145f47241f5ba3e67904ec3a6d9 b374f92101964f91875979aedccb8665 - - default default] GET http://[LB_IP_ADDRESS]:8776/v3/b374f92101964f91875979aedccb8665/groups/3e85562b-0c76-4094-9801-3fb0c2fbeeb0
2025-02-20 23:21:02.275 21 INFO cinder.api.openstack.wsgi [None req-dcd6592c-5f30-4d0a-b873-93b250ad5396 5db0b230c8fe4555aae62a9f10fa3263 1f53c07a7cc44ffcb9bdaeedc481c669 - - default default] http://[LB_IP_ADDRESS]:8776/v3/1f53c07a7cc44ffcb9bdaeedc481c669/group_types/68f702a5-129b-4add-ab9d-9d634b01eeab/group_specs/key3 returned with HTTP 202
2025-02-20 23:21:02.279 24 INFO cinder.api.openstack.wsgi [None req-9aa62b5d-a922-4d86-b5e4-26ad2f71058e 16a36145f47241f5ba3e67904ec3a6d9 b374f92101964f91875979aedccb8665 - - default default] http://[LB_IP_ADDRESS]:8776/v3/b374f92101964f91875979aedccb8665/groups/3e85562b-0c76-4094-9801-3fb0c2fbeeb0 returned with HTTP 404
2025-02-20 23:21:02.289 23 INFO cinder.api.openstack.wsgi [None req-1e4277ba-b651-4c4d-a6f0-c99c7f9de57b 5db0b230c8fe4555aae62a9f10fa3263 1f53c07a7cc44ffcb9bdaeedc481c669 - - default default] GET http://[LB_IP_ADDRESS]:8776/v3/1f53c07a7cc44ffcb9bdaeedc481c669/group_types/68f702a5-129b-4add-ab9d-9d634b01eeab/group_specs/key3
2025-02-20 23:21:02.291 22 INFO cinder.api.openstack.wsgi [None req-70736878-a6ed-40d2-921c-98741bf0fd7d 16a36145f47241f5ba3e67904ec3a6d9 b374f92101964f91875979aedccb8665 - - default default] GET http://[LB_IP_ADDRESS]:8776/v3/b374f92101964f91875979aedccb8665/groups/detail
2025-02-20 23:21:02.301 23 INFO cinder.api.openstack.wsgi [None req-1e4277ba-b651-4c4d-a6f0-c99c7f9de57b 5db0b230c8fe4555aae62a9f10fa3263 1f53c07a7cc44ffcb9bdaeedc481c669 - - default default] HTTP exception thrown: Group Type 68f702a5-129b-4add-ab9d-9d634b01eeab has no extra spec with key key3.
2025-02-20 23:21:02.301 22 INFO cinder.api.openstack.wsgi [None req-70736878-a6ed-40d2-921c-98741bf0fd7d 16a36145f47241f5ba3e67904ec3a6d9 b374f92101964f91875979aedccb8665 - - default default] http://[LB_IP_ADDRESS]:8776/v3/b374f92101964f91875979aedccb8665/groups/detail returned with HTTP 200
2025-02-20 23:21:02.301 23 INFO cinder.api.openstack.wsgi [None req-1e4277ba-b651-4c4d-a6f0-c99c7f9de57b 5db0b230c8fe4555aae62a9f10fa3263 1f53c07a7cc44ffcb9bdaeedc481c669 - - default default] http://[LB_IP_ADDRESS]:8776/v3/1f53c07a7cc44ffcb9bdaeedc481c669/group_types/68f702a5-129b-4add-ab9d-9d634b01eeab/group_specs/key3 returned with HTTP 404
2025-02-20 23:21:02.317 24 INFO cinder.api.openstack.wsgi [None req-c8013152-6676-4573-9b33-9a9a8a634c29 16a36145f47241f5ba3e67904ec3a6d9 b374f92101964f91875979aedccb8665 - - default default] GET http://[LB_IP_ADDRESS]:8776/v3/b374f92101964f91875979aedccb8665/volumes/detail
2025-02-20 23:21:02.317 21 INFO cinder.api.openstack.wsgi [None req-87175d7a-a98e-4fa7-98eb-bb42c3e4e8a9 5db0b230c8fe4555aae62a9f10fa3263 1f53c07a7cc44ffcb9bdaeedc481c669 - - default default] DELETE http://[LB_IP_ADDRESS]:8776/v3/1f53c07a7cc44ffcb9bdaeedc481c669/group_types/68f702a5-129b-4add-ab9d-9d634b01eeab
2025-02-20 23:21:02.336 24 INFO cinder.volume.api [None req-c8013152-6676-4573-9b33-9a9a8a634c29 16a36145f47241f5ba3e67904ec3a6d9 b374f92101964f91875979aedccb8665 - - default default] Get all volumes completed successfully.
2025-02-20 23:21:02.341 24 INFO cinder.api.openstack.wsgi [None req-c8013152-6676-4573-9b33-9a9a8a634c29 16a36145f47241f5ba3e67904ec3a6d9 b374f92101964f91875979aedccb8665 - - default default] http://[LB_IP_ADDRESS]:8776/v3/b374f92101964f91875979aedccb8665/volumes/detail returned with HTTP 200
2025-02-20 23:21:02.343 21 INFO cinder.api.openstack.wsgi [None req-87175d7a-a98e-4fa7-98eb-bb42c3e4e8a9 5db0b230c8fe4555aae62a9f10fa3263 1f53c07a7cc44ffcb9bdaeedc481c669 - - default default] http://[LB_IP_ADDRESS]:8776/v3/1f53c07a7cc44ffcb9bdaeedc481c669/group_types/68f702a5-129b-4add-ab9d-9d634b01eeab returned with HTTP 202
2025-02-20 23:21:02.368 22 INFO cinder.api.openstack.wsgi [None req-a19b025d-4f9c-42ef-94ef-7cef5c515470 16a36145f47241f5ba3e67904ec3a6d9 b374f92101964f91875979aedccb8665 - - default default] POST http://[LB_IP_ADDRESS]:8776/v3/b374f92101964f91875979aedccb8665/groups/3e85562b-0c76-4094-9801-3fb0c2fbeeb0/action
2025-02-20 23:21:02.372 22 INFO cinder.api.v3.groups [None req-a19b025d-4f9c-42ef-94ef-7cef5c515470 16a36145f47241f5ba3e67904ec3a6d9 b374f92101964f91875979aedccb8665 - - default default] Delete group with id: 3e85562b-0c76-4094-9801-3fb0c2fbeeb0
2025-02-20 23:21:02.377 22 INFO cinder.api.openstack.wsgi [None req-a19b025d-4f9c-42ef-94ef-7cef5c515470 16a36145f47241f5ba3e67904ec3a6d9 b374f92101964f91875979aedccb8665 - - default default] http://[LB_IP_ADDRESS]:8776/v3/b374f92101964f91875979aedccb8665/groups/3e85562b-0c76-4094-9801-3fb0c2fbeeb0/action returned with HTTP 404
2025-02-20 23:21:02.388 23 INFO cinder.api.openstack.wsgi [None req-07fce75f-f958-4a25-89d8-b71ceeb6ca23 16a36145f47241f5ba3e67904ec3a6d9 b374f92101964f91875979aedccb8665 - - default default] GET http://[LB_IP_ADDRESS]:8776/v3/b374f92101964f91875979aedccb8665/volumes/detail
2025-02-20 23:21:02.406 23 INFO cinder.volume.api [None req-07fce75f-f958-4a25-89d8-b71ceeb6ca23 16a36145f47241f5ba3e67904ec3a6d9 b374f92101964f91875979aedccb8665 - - default default] Get all volumes completed successfully.
2025-02-20 23:21:02.411 23 INFO cinder.api.openstack.wsgi [None req-07fce75f-f958-4a25-89d8-b71ceeb6ca23 16a36145f47241f5ba3e67904ec3a6d9 b374f92101964f91875979aedccb8665 - - default default] http://[LB_IP_ADDRESS]:8776/v3/b374f92101964f91875979aedccb8665/volumes/detail returned with HTTP 200
2025-02-20 23:21:02.438 24 INFO cinder.api.openstack.wsgi [None req-ca849cc9-6406-48c6-8437-9b03050b6e82 16a36145f47241f5ba3e67904ec3a6d9 b374f92101964f91875979aedccb8665 - - default default] POST http://[LB_IP_ADDRESS]:8776/v3/b374f92101964f91875979aedccb8665/groups/3c11fa56-2a11-4832-b6f6-0150bf20feea/action
2025-02-20 23:21:02.442 24 INFO cinder.api.v3.groups [None req-ca849cc9-6406-48c6-8437-9b03050b6e82 16a36145f47241f5ba3e67904ec3a6d9 b374f92101964f91875979aedccb8665 - - default default] Delete group with id: 3c11fa56-2a11-4832-b6f6-0150bf20feea
2025-02-20 23:21:02.448 24 INFO cinder.api.openstack.wsgi [None req-ca849cc9-6406-48c6-8437-9b03050b6e82 16a36145f47241f5ba3e67904ec3a6d9 b374f92101964f91875979aedccb8665 - - default default] http://[LB_IP_ADDRESS]:8776/v3/b374f92101964f91875979aedccb8665/groups/3c11fa56-2a11-4832-b6f6-0150bf20feea/action returned with HTTP 404
2025-02-20 23:21:02.459 21 INFO cinder.api.openstack.wsgi [None req-8dbab6ed-22c2-4a2b-80b1-8ecc8ebdc797 35f749579bbc48fbaea0f21e7ca6c7f3 c1d6bf09203e46538a4d918c29396c8c - - default default] DELETE http://[LB_IP_ADDRESS]:8776/v3/c1d6bf09203e46538a4d918c29396c8c/group_types/4c887b67-e694-4e0b-9618-7f8ef38d14ee
