2025-10-24 17:08:21.875 76 INFO cinder.api.openstack.wsgi [None req-b9957f54-c779-498b-a2b8-1058280d8153 568e3c4ba9414d039c12264041c73443 925bd031504a48958c072c8875aadcde - - default default] GET http://[LB_IP_ADDRESS]:8776/v3/925bd031504a48958c072c8875aadcde/types/fabddd97-d967-4405-b342-1ce5e30adea2
2025-10-24 17:08:21.879 76 INFO cinder.api.openstack.wsgi [None req-b9957f54-c779-498b-a2b8-1058280d8153 568e3c4ba9414d039c12264041c73443 925bd031504a48958c072c8875aadcde - - default default] http://[LB_IP_ADDRESS]:8776/v3/925bd031504a48958c072c8875aadcde/types/fabddd97-d967-4405-b342-1ce5e30adea2 returned with HTTP 404
2025-10-24 17:08:21.881 75 INFO cinder.api.openstack.wsgi [None req-9088131c-581f-4111-8aaa-082785d3df04 245d0ab59d7a46acbd11b02373fd17d7 b2647b91f6eb4c068aff5e4dc8a0f437 - - default default] POST http://[LB_IP_ADDRESS]:8776/v3/b2647b91f6eb4c068aff5e4dc8a0f437/types/9f0e1a97-f970-4fdd-9ffb-316d22683519/extra_specs
2025-10-24 17:08:21.893 74 INFO cinder.api.openstack.wsgi [None req-9ab3483b-ed93-4c3a-a97e-ecf06092df38 568e3c4ba9414d039c12264041c73443 925bd031504a48958c072c8875aadcde - - default default] POST http://[LB_IP_ADDRESS]:8776/v3/925bd031504a48958c072c8875aadcde/types
2025-10-24 17:08:21.904 75 INFO cinder.api.openstack.wsgi [None req-9088131c-581f-4111-8aaa-082785d3df04 245d0ab59d7a46acbd11b02373fd17d7 b2647b91f6eb4c068aff5e4dc8a0f437 - - default default] http://[LB_IP_ADDRESS]:8776/v3/b2647b91f6eb4c068aff5e4dc8a0f437/types/9f0e1a97-f970-4fdd-9ffb-316d22683519/extra_specs returned with HTTP 200
2025-10-24 17:08:21.919 73 INFO cinder.api.openstack.wsgi [None req-1280c78f-2194-4955-a778-34b43a83b5ba 245d0ab59d7a46acbd11b02373fd17d7 b2647b91f6eb4c068aff5e4dc8a0f437 - - default default] GET http://[LB_IP_ADDRESS]:8776/v3/b2647b91f6eb4c068aff5e4dc8a0f437/types/9f0e1a97-f970-4fdd-9ffb-316d22683519/extra_specs
2025-10-24 17:08:21.920 74 INFO cinder.api.openstack.wsgi [None req-9ab3483b-ed93-4c3a-a97e-ecf06092df38 568e3c4ba9414d039c12264041c73443 925bd031504a48958c072c8875aadcde - - default default] http://[LB_IP_ADDRESS]:8776/v3/925bd031504a48958c072c8875aadcde/types returned with HTTP 200
2025-10-24 17:08:21.927 73 INFO cinder.api.openstack.wsgi [None req-1280c78f-2194-4955-a778-34b43a83b5ba 245d0ab59d7a46acbd11b02373fd17d7 b2647b91f6eb4c068aff5e4dc8a0f437 - - default default] http://[LB_IP_ADDRESS]:8776/v3/b2647b91f6eb4c068aff5e4dc8a0f437/types/9f0e1a97-f970-4fdd-9ffb-316d22683519/extra_specs returned with HTTP 200
2025-10-24 17:08:21.930 72 INFO cinder.api.openstack.wsgi [None req-65b64937-a175-4d2c-833c-e7eba10a9024 bcb86abf07384e47b323fe8f60312995 38b72e5fd1064bfab1fd87c40907990c - - default default] POST http://[LB_IP_ADDRESS]:8776/v3/38b72e5fd1064bfab1fd87c40907990c/volumes
2025-10-24 17:08:21.939 72 INFO cinder.api.v3.volumes [None req-65b64937-a175-4d2c-833c-e7eba10a9024 bcb86abf07384e47b323fe8f60312995 38b72e5fd1064bfab1fd87c40907990c - - default default] Create volume of 1 GB
2025-10-24 17:08:21.940 72 INFO cinder.volume.api [None req-65b64937-a175-4d2c-833c-e7eba10a9024 bcb86abf07384e47b323fe8f60312995 38b72e5fd1064bfab1fd87c40907990c - - default default] Availability Zones retrieved successfully.
2025-10-24 17:08:21.943 76 INFO cinder.api.openstack.wsgi [None req-6c681b7d-c5e5-4427-a570-bc7018a61602 245d0ab59d7a46acbd11b02373fd17d7 b2647b91f6eb4c068aff5e4dc8a0f437 - - default default] POST http://[LB_IP_ADDRESS]:8776/v3/b2647b91f6eb4c068aff5e4dc8a0f437/types/9f0e1a97-f970-4fdd-9ffb-316d22683519/extra_specs
2025-10-24 17:08:21.968 76 INFO cinder.api.openstack.wsgi [None req-6c681b7d-c5e5-4427-a570-bc7018a61602 245d0ab59d7a46acbd11b02373fd17d7 b2647b91f6eb4c068aff5e4dc8a0f437 - - default default] http://[LB_IP_ADDRESS]:8776/v3/b2647b91f6eb4c068aff5e4dc8a0f437/types/9f0e1a97-f970-4fdd-9ffb-316d22683519/extra_specs returned with HTTP 200
2025-10-24 17:08:21.979 75 INFO cinder.api.openstack.wsgi [None req-1b7ef8a5-7c6d-4a0f-a5d7-940cafc18595 245d0ab59d7a46acbd11b02373fd17d7 b2647b91f6eb4c068aff5e4dc8a0f437 - - default default] PUT http://[LB_IP_ADDRESS]:8776/v3/b2647b91f6eb4c068aff5e4dc8a0f437/types/9f0e1a97-f970-4fdd-9ffb-316d22683519/extra_specs/spec2
2025-10-24 17:08:22.004 75 INFO cinder.api.openstack.wsgi [None req-1b7ef8a5-7c6d-4a0f-a5d7-940cafc18595 245d0ab59d7a46acbd11b02373fd17d7 b2647b91f6eb4c068aff5e4dc8a0f437 - - default default] http://[LB_IP_ADDRESS]:8776/v3/b2647b91f6eb4c068aff5e4dc8a0f437/types/9f0e1a97-f970-4fdd-9ffb-316d22683519/extra_specs/spec2 returned with HTTP 200
2025-10-24 17:08:22.019 74 INFO cinder.api.openstack.wsgi [None req-f7da72aa-923a-495d-ab19-d8a667154c22 245d0ab59d7a46acbd11b02373fd17d7 b2647b91f6eb4c068aff5e4dc8a0f437 - - default default] GET http://[LB_IP_ADDRESS]:8776/v3/b2647b91f6eb4c068aff5e4dc8a0f437/types/9f0e1a97-f970-4fdd-9ffb-316d22683519/extra_specs/spec2
2025-10-24 17:08:22.029 74 INFO cinder.api.openstack.wsgi [None req-f7da72aa-923a-495d-ab19-d8a667154c22 245d0ab59d7a46acbd11b02373fd17d7 b2647b91f6eb4c068aff5e4dc8a0f437 - - default default] http://[LB_IP_ADDRESS]:8776/v3/b2647b91f6eb4c068aff5e4dc8a0f437/types/9f0e1a97-f970-4fdd-9ffb-316d22683519/extra_specs/spec2 returned with HTTP 200
2025-10-24 17:08:22.043 73 INFO cinder.api.openstack.wsgi [None req-9edacda2-f4f1-4c24-a665-15db3dd925ce 245d0ab59d7a46acbd11b02373fd17d7 b2647b91f6eb4c068aff5e4dc8a0f437 - - default default] POST http://[LB_IP_ADDRESS]:8776/v3/b2647b91f6eb4c068aff5e4dc8a0f437/types/9f0e1a97-f970-4fdd-9ffb-316d22683519/extra_specs
2025-10-24 17:08:22.072 73 INFO cinder.api.openstack.wsgi [None req-9edacda2-f4f1-4c24-a665-15db3dd925ce 245d0ab59d7a46acbd11b02373fd17d7 b2647b91f6eb4c068aff5e4dc8a0f437 - - default default] http://[LB_IP_ADDRESS]:8776/v3/b2647b91f6eb4c068aff5e4dc8a0f437/types/9f0e1a97-f970-4fdd-9ffb-316d22683519/extra_specs returned with HTTP 200
2025-10-24 17:08:22.087 76 INFO cinder.api.openstack.wsgi [None req-d70789ed-dcfc-4572-8b98-2ac9d73216aa 245d0ab59d7a46acbd11b02373fd17d7 b2647b91f6eb4c068aff5e4dc8a0f437 - - default default] GET http://[LB_IP_ADDRESS]:8776/v3/b2647b91f6eb4c068aff5e4dc8a0f437/types/9f0e1a97-f970-4fdd-9ffb-316d22683519/extra_specs
2025-10-24 17:08:22.095 76 INFO cinder.api.openstack.wsgi [None req-d70789ed-dcfc-4572-8b98-2ac9d73216aa 245d0ab59d7a46acbd11b02373fd17d7 b2647b91f6eb4c068aff5e4dc8a0f437 - - default default] http://[LB_IP_ADDRESS]:8776/v3/b2647b91f6eb4c068aff5e4dc8a0f437/types/9f0e1a97-f970-4fdd-9ffb-316d22683519/extra_specs returned with HTTP 200
2025-10-24 17:08:22.107 75 INFO cinder.api.openstack.wsgi [None req-5bf24569-d48d-438f-8f45-22dfa839e9c4 245d0ab59d7a46acbd11b02373fd17d7 b2647b91f6eb4c068aff5e4dc8a0f437 - - default default] DELETE http://[LB_IP_ADDRESS]:8776/v3/b2647b91f6eb4c068aff5e4dc8a0f437/types/9f0e1a97-f970-4fdd-9ffb-316d22683519
2025-10-24 17:08:22.112 72 WARNING cinder.quota [None req-65b64937-a175-4d2c-833c-e7eba10a9024 bcb86abf07384e47b323fe8f60312995 38b72e5fd1064bfab1fd87c40907990c - - default default] Deprecated: Default quota for resource: volumes_tempest-UserMessagesTest-volume-type-982646629 is set by the default quota flag: quota_volumes_tempest-UserMessagesTest-volume-type-982646629, it is now deprecated. Please use the default quota class for default quota.
2025-10-24 17:08:22.112 72 WARNING cinder.quota [None req-65b64937-a175-4d2c-833c-e7eba10a9024 bcb86abf07384e47b323fe8f60312995 38b72e5fd1064bfab1fd87c40907990c - - default default] Deprecated: Default quota for resource: gigabytes_tempest-UserMessagesTest-volume-type-982646629 is set by the default quota flag: quota_gigabytes_tempest-UserMessagesTest-volume-type-982646629, it is now deprecated. Please use the default quota class for default quota.
2025-10-24 17:08:22.144 75 INFO cinder.api.openstack.wsgi [None req-5bf24569-d48d-438f-8f45-22dfa839e9c4 245d0ab59d7a46acbd11b02373fd17d7 b2647b91f6eb4c068aff5e4dc8a0f437 - - default default] http://[LB_IP_ADDRESS]:8776/v3/b2647b91f6eb4c068aff5e4dc8a0f437/types/9f0e1a97-f970-4fdd-9ffb-316d22683519 returned with HTTP 202
2025-10-24 17:08:22.156 74 INFO cinder.api.openstack.wsgi [None req-2f9d2594-e27b-4c4d-b124-0d6414da45f9 245d0ab59d7a46acbd11b02373fd17d7 b2647b91f6eb4c068aff5e4dc8a0f437 - - default default] GET http://[LB_IP_ADDRESS]:8776/v3/b2647b91f6eb4c068aff5e4dc8a0f437/types/9f0e1a97-f970-4fdd-9ffb-316d22683519
2025-10-24 17:08:22.161 74 INFO cinder.api.openstack.wsgi [None req-2f9d2594-e27b-4c4d-b124-0d6414da45f9 245d0ab59d7a46acbd11b02373fd17d7 b2647b91f6eb4c068aff5e4dc8a0f437 - - default default] http://[LB_IP_ADDRESS]:8776/v3/b2647b91f6eb4c068aff5e4dc8a0f437/types/9f0e1a97-f970-4fdd-9ffb-316d22683519 returned with HTTP 404
2025-10-24 17:08:22.181 72 INFO cinder.volume.api [None req-65b64937-a175-4d2c-833c-e7eba10a9024 bcb86abf07384e47b323fe8f60312995 38b72e5fd1064bfab1fd87c40907990c - - default default] Create volume request issued successfully.
2025-10-24 17:08:22.182 72 INFO cinder.api.openstack.wsgi [None req-65b64937-a175-4d2c-833c-e7eba10a9024 bcb86abf07384e47b323fe8f60312995 38b72e5fd1064bfab1fd87c40907990c - - default default] http://[LB_IP_ADDRESS]:8776/v3/38b72e5fd1064bfab1fd87c40907990c/volumes returned with HTTP 202
2025-10-24 17:08:22.203 73 INFO cinder.api.openstack.wsgi [None req-8e85eb44-b32d-4435-86a1-3a9a6fa6b403 bcb86abf07384e47b323fe8f60312995 38b72e5fd1064bfab1fd87c40907990c - - default default] GET http://[LB_IP_ADDRESS]:8776/v3/38b72e5fd1064bfab1fd87c40907990c/volumes/4b3b4f19-78c5-4133-9b12-42bc1ec630e5
2025-10-24 17:08:22.220 73 INFO cinder.volume.api [None req-8e85eb44-b32d-4435-86a1-3a9a6fa6b403 bcb86abf07384e47b323fe8f60312995 38b72e5fd1064bfab1fd87c40907990c - - default default] Volume info retrieved successfully.
2025-10-24 17:08:22.225 73 INFO cinder.api.openstack.wsgi [None req-8e85eb44-b32d-4435-86a1-3a9a6fa6b403 bcb86abf07384e47b323fe8f60312995 38b72e5fd1064bfab1fd87c40907990c - - default default] http://[LB_IP_ADDRESS]:8776/v3/38b72e5fd1064bfab1fd87c40907990c/volumes/4b3b4f19-78c5-4133-9b12-42bc1ec630e5 returned with HTTP 200
2025-10-24 17:08:22.564 76 INFO cinder.api.openstack.wsgi [None req-4aafed9a-42db-4e6c-bbed-3c48c5aea5ad 01c71c3424b94520b40a94cfde1aa67b dc86459042324043a207ab7999b15c60 - - default default] GET http://[LB_IP_ADDRESS]:8776/v3/dc86459042324043a207ab7999b15c60/group_snapshots/3c93f6dd-4b44-4036-92a5-82d7c85639b9
2025-10-24 17:08:22.578 76 INFO cinder.api.openstack.wsgi [None req-4aafed9a-42db-4e6c-bbed-3c48c5aea5ad 01c71c3424b94520b40a94cfde1aa67b dc86459042324043a207ab7999b15c60 - - default default] http://[LB_IP_ADDRESS]:8776/v3/dc86459042324043a207ab7999b15c60/group_snapshots/3c93f6dd-4b44-4036-92a5-82d7c85639b9 returned with HTTP 200
2025-10-24 17:08:23.096 75 INFO cinder.api.openstack.wsgi [None req-8dfda177-cd4e-45b3-8afc-4b4641a3a24c - - - - - -] GET http://[LB_IP_ADDRESS]:8776/
2025-10-24 17:08:23.099 75 INFO cinder.api.openstack.wsgi [None req-8dfda177-cd4e-45b3-8afc-4b4641a3a24c - - - - - -] http://[LB_IP_ADDRESS]:8776/ returned with HTTP 300
2025-10-24 17:08:23.246 74 INFO cinder.api.openstack.wsgi [None req-a560a1b1-a959-409d-ad04-417d1428726f bcb86abf07384e47b323fe8f60312995 38b72e5fd1064bfab1fd87c40907990c - - default default] GET http://[LB_IP_ADDRESS]:8776/v3/38b72e5fd1064bfab1fd87c40907990c/volumes/4b3b4f19-78c5-4133-9b12-42bc1ec630e5
2025-10-24 17:08:23.269 74 INFO cinder.volume.api [None req-a560a1b1-a959-409d-ad04-417d1428726f bcb86abf07384e47b323fe8f60312995 38b72e5fd1064bfab1fd87c40907990c - - default default] Volume info retrieved successfully.
2025-10-24 17:08:23.277 74 INFO cinder.api.openstack.wsgi [None req-a560a1b1-a959-409d-ad04-417d1428726f bcb86abf07384e47b323fe8f60312995 38b72e5fd1064bfab1fd87c40907990c - - default default] http://[LB_IP_ADDRESS]:8776/v3/38b72e5fd1064bfab1fd87c40907990c/volumes/4b3b4f19-78c5-4133-9b12-42bc1ec630e5 returned with HTTP 200
2025-10-24 17:08:23.299 72 INFO cinder.api.openstack.wsgi [None req-1a21d02d-c880-4f84-a31d-eff26a7694d3 bcb86abf07384e47b323fe8f60312995 38b72e5fd1064bfab1fd87c40907990c - - default default] GET http://[LB_IP_ADDRESS]:8776/v3/38b72e5fd1064bfab1fd87c40907990c/messages
2025-10-24 17:08:23.307 72 INFO cinder.api.openstack.wsgi [None req-1a21d02d-c880-4f84-a31d-eff26a7694d3 bcb86abf07384e47b323fe8f60312995 38b72e5fd1064bfab1fd87c40907990c - - default default] http://[LB_IP_ADDRESS]:8776/v3/38b72e5fd1064bfab1fd87c40907990c/messages returned with HTTP 200
2025-10-24 17:08:23.322 73 INFO cinder.api.openstack.wsgi [None req-acbc4ddb-6026-4936-aebf-39d5b657e6f9 bcb86abf07384e47b323fe8f60312995 38b72e5fd1064bfab1fd87c40907990c - - default default] GET http://[LB_IP_ADDRESS]:8776/v3/38b72e5fd1064bfab1fd87c40907990c/messages/ae15be06-abdd-4af1-a5af-346e46071d24
2025-10-24 17:08:23.329 73 INFO cinder.api.openstack.wsgi [None req-acbc4ddb-6026-4936-aebf-39d5b657e6f9 bcb86abf07384e47b323fe8f60312995 38b72e5fd1064bfab1fd87c40907990c - - default default] http://[LB_IP_ADDRESS]:8776/v3/38b72e5fd1064bfab1fd87c40907990c/messages/ae15be06-abdd-4af1-a5af-346e46071d24 returned with HTTP 200
2025-10-24 17:08:23.343 76 INFO cinder.api.openstack.wsgi [None req-c5827962-43cd-4c20-92c7-886682c9778e bcb86abf07384e47b323fe8f60312995 38b72e5fd1064bfab1fd87c40907990c - - default default] GET http://[LB_IP_ADDRESS]:8776/v3/38b72e5fd1064bfab1fd87c40907990c/messages
2025-10-24 17:08:23.352 76 INFO cinder.api.openstack.wsgi [None req-c5827962-43cd-4c20-92c7-886682c9778e bcb86abf07384e47b323fe8f60312995 38b72e5fd1064bfab1fd87c40907990c - - default default] http://[LB_IP_ADDRESS]:8776/v3/38b72e5fd1064bfab1fd87c40907990c/messages returned with HTTP 200
2025-10-24 17:08:23.365 75 INFO cinder.api.openstack.wsgi [None req-e4eca149-9a0f-4362-b2c8-cccd7a6515a2 bcb86abf07384e47b323fe8f60312995 38b72e5fd1064bfab1fd87c40907990c - - default default] DELETE http://[LB_IP_ADDRESS]:8776/v3/38b72e5fd1064bfab1fd87c40907990c/messages/ae15be06-abdd-4af1-a5af-346e46071d24
2025-10-24 17:08:23.374 75 INFO cinder.api.openstack.wsgi [None req-e4eca149-9a0f-4362-b2c8-cccd7a6515a2 bcb86abf07384e47b323fe8f60312995 38b72e5fd1064bfab1fd87c40907990c - - default default] http://[LB_IP_ADDRESS]:8776/v3/38b72e5fd1064bfab1fd87c40907990c/messages/ae15be06-abdd-4af1-a5af-346e46071d24 returned with HTTP 204
2025-10-24 17:08:23.386 74 INFO cinder.api.openstack.wsgi [None req-2acfcec0-fdd2-44c7-b7a2-d03e9fba14f9 bcb86abf07384e47b323fe8f60312995 38b72e5fd1064bfab1fd87c40907990c - - default default] GET http://[LB_IP_ADDRESS]:8776/v3/38b72e5fd1064bfab1fd87c40907990c/volumes/4b3b4f19-78c5-4133-9b12-42bc1ec630e5
2025-10-24 17:08:23.401 74 INFO cinder.volume.api [None req-2acfcec0-fdd2-44c7-b7a2-d03e9fba14f9 bcb86abf07384e47b323fe8f60312995 38b72e5fd1064bfab1fd87c40907990c - - default default] Volume info retrieved successfully.
2025-10-24 17:08:23.405 74 INFO cinder.api.openstack.wsgi [None req-2acfcec0-fdd2-44c7-b7a2-d03e9fba14f9 bcb86abf07384e47b323fe8f60312995 38b72e5fd1064bfab1fd87c40907990c - - default default] http://[LB_IP_ADDRESS]:8776/v3/38b72e5fd1064bfab1fd87c40907990c/volumes/4b3b4f19-78c5-4133-9b12-42bc1ec630e5 returned with HTTP 200
2025-10-24 17:08:23.426 72 INFO cinder.api.openstack.wsgi [None req-6371251b-73d2-4ade-8d49-2c81f31516fe bcb86abf07384e47b323fe8f60312995 38b72e5fd1064bfab1fd87c40907990c - - default default] DELETE http://[LB_IP_ADDRESS]:8776/v3/38b72e5fd1064bfab1fd87c40907990c/volumes/4b3b4f19-78c5-4133-9b12-42bc1ec630e5
2025-10-24 17:08:23.427 72 INFO cinder.api.v3.volumes [None req-6371251b-73d2-4ade-8d49-2c81f31516fe bcb86abf07384e47b323fe8f60312995 38b72e5fd1064bfab1fd87c40907990c - - default default] Delete volume with id: 4b3b4f19-78c5-4133-9b12-42bc1ec630e5 
2025-10-24 17:08:23.439 72 INFO cinder.volume.api [None req-6371251b-73d2-4ade-8d49-2c81f31516fe bcb86abf07384e47b323fe8f60312995 38b72e5fd1064bfab1fd87c40907990c - - default default] Volume info retrieved successfully.
2025-10-24 17:08:23.516 72 INFO cinder.volume.api [None req-6371251b-73d2-4ade-8d49-2c81f31516fe bcb86abf07384e47b323fe8f60312995 38b72e5fd1064bfab1fd87c40907990c - - default default] Delete volume request issued successfully.
2025-10-24 17:08:23.517 72 INFO cinder.api.openstack.wsgi [None req-6371251b-73d2-4ade-8d49-2c81f31516fe bcb86abf07384e47b323fe8f60312995 38b72e5fd1064bfab1fd87c40907990c - - default default] http://[LB_IP_ADDRESS]:8776/v3/38b72e5fd1064bfab1fd87c40907990c/volumes/4b3b4f19-78c5-4133-9b12-42bc1ec630e5 returned with HTTP 202
2025-10-24 17:08:23.529 73 INFO cinder.api.openstack.wsgi [None req-585ddf57-c23c-43c2-8af4-298dcf8b8c1e bcb86abf07384e47b323fe8f60312995 38b72e5fd1064bfab1fd87c40907990c - - default default] GET http://[LB_IP_ADDRESS]:8776/v3/38b72e5fd1064bfab1fd87c40907990c/volumes/4b3b4f19-78c5-4133-9b12-42bc1ec630e5
2025-10-24 17:08:23.540 73 INFO cinder.api.openstack.wsgi [None req-585ddf57-c23c-43c2-8af4-298dcf8b8c1e bcb86abf07384e47b323fe8f60312995 38b72e5fd1064bfab1fd87c40907990c - - default default] http://[LB_IP_ADDRESS]:8776/v3/38b72e5fd1064bfab1fd87c40907990c/volumes/4b3b4f19-78c5-4133-9b12-42bc1ec630e5 returned with HTTP 404
2025-10-24 17:08:23.552 76 INFO cinder.api.openstack.wsgi [None req-bc4a299a-15ad-4455-853b-26ab942410fa 568e3c4ba9414d039c12264041c73443 925bd031504a48958c072c8875aadcde - - default default] DELETE http://[LB_IP_ADDRESS]:8776/v3/925bd031504a48958c072c8875aadcde/types/4557c77a-2bcd-46f4-8361-bb54d9dff385
2025-10-24 17:08:23.591 76 INFO cinder.api.openstack.wsgi [None req-bc4a299a-15ad-4455-853b-26ab942410fa 568e3c4ba9414d039c12264041c73443 925bd031504a48958c072c8875aadcde - - default default] http://[LB_IP_ADDRESS]:8776/v3/925bd031504a48958c072c8875aadcde/types/4557c77a-2bcd-46f4-8361-bb54d9dff385 returned with HTTP 202
2025-10-24 17:08:23.592 75 INFO cinder.api.openstack.wsgi [None req-066c6e90-8c0b-4025-bee3-4f91147aab8b 01c71c3424b94520b40a94cfde1aa67b dc86459042324043a207ab7999b15c60 - - default default] GET http://[LB_IP_ADDRESS]:8776/v3/dc86459042324043a207ab7999b15c60/group_snapshots/3c93f6dd-4b44-4036-92a5-82d7c85639b9
2025-10-24 17:08:23.605 74 INFO cinder.api.openstack.wsgi [None req-53d1e4e9-4aae-4c52-99e3-bee99c26430e 568e3c4ba9414d039c12264041c73443 925bd031504a48958c072c8875aadcde - - default default] GET http://[LB_IP_ADDRESS]:8776/v3/925bd031504a48958c072c8875aadcde/types/4557c77a-2bcd-46f4-8361-bb54d9dff385
2025-10-24 17:08:23.608 75 INFO cinder.api.openstack.wsgi [None req-066c6e90-8c0b-4025-bee3-4f91147aab8b 01c71c3424b94520b40a94cfde1aa67b dc86459042324043a207ab7999b15c60 - - default default] http://[LB_IP_ADDRESS]:8776/v3/dc86459042324043a207ab7999b15c60/group_snapshots/3c93f6dd-4b44-4036-92a5-82d7c85639b9 returned with HTTP 200
2025-10-24 17:08:23.611 74 INFO cinder.api.openstack.wsgi [None req-53d1e4e9-4aae-4c52-99e3-bee99c26430e 568e3c4ba9414d039c12264041c73443 925bd031504a48958c072c8875aadcde - - default default] http://[LB_IP_ADDRESS]:8776/v3/925bd031504a48958c072c8875aadcde/types/4557c77a-2bcd-46f4-8361-bb54d9dff385 returned with HTTP 404
2025-10-24 17:08:23.624 72 INFO cinder.api.openstack.wsgi [None req-d510d79b-ad8f-4954-958a-d9ccc68c6d00 01c71c3424b94520b40a94cfde1aa67b dc86459042324043a207ab7999b15c60 - - default default] GET http://[LB_IP_ADDRESS]:8776/v3/dc86459042324043a207ab7999b15c60/snapshots/detail
2025-10-24 17:08:23.632 72 INFO cinder.volume.api [None req-d510d79b-ad8f-4954-958a-d9ccc68c6d00 01c71c3424b94520b40a94cfde1aa67b dc86459042324043a207ab7999b15c60 - - default default] Get all snapshots completed successfully.
2025-10-24 17:08:23.633 72 INFO cinder.api.openstack.wsgi [None req-d510d79b-ad8f-4954-958a-d9ccc68c6d00 01c71c3424b94520b40a94cfde1aa67b dc86459042324043a207ab7999b15c60 - - default default] http://[LB_IP_ADDRESS]:8776/v3/dc86459042324043a207ab7999b15c60/snapshots/detail returned with HTTP 200
2025-10-24 17:08:23.648 73 INFO cinder.api.openstack.wsgi [None req-66bae556-50ec-4324-b018-475ad3826905 01c71c3424b94520b40a94cfde1aa67b dc86459042324043a207ab7999b15c60 - - default default] GET http://[LB_IP_ADDRESS]:8776/v3/dc86459042324043a207ab7999b15c60/snapshots/c12e76ad-7a80-4c24-bb04-12d5742d8aaf
2025-10-24 17:08:23.657 73 INFO cinder.volume.api [None req-66bae556-50ec-4324-b018-475ad3826905 01c71c3424b94520b40a94cfde1aa67b dc86459042324043a207ab7999b15c60 - - default default] Snapshot retrieved successfully.
2025-10-24 17:08:23.658 73 INFO cinder.api.openstack.wsgi [None req-66bae556-50ec-4324-b018-475ad3826905 01c71c3424b94520b40a94cfde1aa67b dc86459042324043a207ab7999b15c60 - - default default] http://[LB_IP_ADDRESS]:8776/v3/dc86459042324043a207ab7999b15c60/snapshots/c12e76ad-7a80-4c24-bb04-12d5742d8aaf returned with HTTP 200
2025-10-24 17:08:23.675 76 INFO cinder.api.openstack.wsgi [None req-2dd60719-63b5-4270-a719-e1684eb1f5d6 04466a2fbc1a4728b0424bd0a321286c 469adbb1fe06497884b0a83ad4deb963 - - default default] POST http://[LB_IP_ADDRESS]:8776/v3/469adbb1fe06497884b0a83ad4deb963/group_snapshots/3c93f6dd-4b44-4036-92a5-82d7c85639b9/action
2025-10-24 17:08:23.690 76 INFO cinder.api.openstack.wsgi [None req-2dd60719-63b5-4270-a719-e1684eb1f5d6 04466a2fbc1a4728b0424bd0a321286c 469adbb1fe06497884b0a83ad4deb963 - - default default] http://[LB_IP_ADDRESS]:8776/v3/469adbb1fe06497884b0a83ad4deb963/group_snapshots/3c93f6dd-4b44-4036-92a5-82d7c85639b9/action returned with HTTP 202
2025-10-24 17:08:23.701 75 INFO cinder.api.openstack.wsgi [None req-f9f85527-4dcb-4dc9-b58f-84b60a1bce68 01c71c3424b94520b40a94cfde1aa67b dc86459042324043a207ab7999b15c60 - - default default] GET http://[LB_IP_ADDRESS]:8776/v3/dc86459042324043a207ab7999b15c60/group_snapshots/3c93f6dd-4b44-4036-92a5-82d7c85639b9
2025-10-24 17:08:23.715 75 INFO cinder.api.openstack.wsgi [None req-f9f85527-4dcb-4dc9-b58f-84b60a1bce68 01c71c3424b94520b40a94cfde1aa67b dc86459042324043a207ab7999b15c60 - - default default] http://[LB_IP_ADDRESS]:8776/v3/dc86459042324043a207ab7999b15c60/group_snapshots/3c93f6dd-4b44-4036-92a5-82d7c85639b9 returned with HTTP 200
2025-10-24 17:08:23.730 74 INFO cinder.api.openstack.wsgi [None req-e8b98b59-1e66-4438-a3e7-6bd74f2b727f 04466a2fbc1a4728b0424bd0a321286c 469adbb1fe06497884b0a83ad4deb963 - - default default] POST http://[LB_IP_ADDRESS]:8776/v3/469adbb1fe06497884b0a83ad4deb963/group_snapshots/3c93f6dd-4b44-4036-92a5-82d7c85639b9/action
2025-10-24 17:08:23.745 74 INFO cinder.api.openstack.wsgi [None req-e8b98b59-1e66-4438-a3e7-6bd74f2b727f 04466a2fbc1a4728b0424bd0a321286c 469adbb1fe06497884b0a83ad4deb963 - - default default] http://[LB_IP_ADDRESS]:8776/v3/469adbb1fe06497884b0a83ad4deb963/group_snapshots/3c93f6dd-4b44-4036-92a5-82d7c85639b9/action returned with HTTP 202
2025-10-24 17:08:23.757 72 INFO cinder.api.openstack.wsgi [None req-099e357c-447b-4cdb-8c2a-fc16cd2b0589 01c71c3424b94520b40a94cfde1aa67b dc86459042324043a207ab7999b15c60 - - default default] GET http://[LB_IP_ADDRESS]:8776/v3/dc86459042324043a207ab7999b15c60/group_snapshots/3c93f6dd-4b44-4036-92a5-82d7c85639b9
2025-10-24 17:08:23.769 72 INFO cinder.api.openstack.wsgi [None req-099e357c-447b-4cdb-8c2a-fc16cd2b0589 01c71c3424b94520b40a94cfde1aa67b dc86459042324043a207ab7999b15c60 - - default default] http://[LB_IP_ADDRESS]:8776/v3/dc86459042324043a207ab7999b15c60/group_snapshots/3c93f6dd-4b44-4036-92a5-82d7c85639b9 returned with HTTP 200
2025-10-24 17:08:23.784 73 INFO cinder.api.openstack.wsgi [None req-20c1b11b-600f-418e-a37d-f78911ce90f4 04466a2fbc1a4728b0424bd0a321286c 469adbb1fe06497884b0a83ad4deb963 - - default default] POST http://[LB_IP_ADDRESS]:8776/v3/469adbb1fe06497884b0a83ad4deb963/group_snapshots/3c93f6dd-4b44-4036-92a5-82d7c85639b9/action
2025-10-24 17:08:23.799 73 INFO cinder.api.openstack.wsgi [None req-20c1b11b-600f-418e-a37d-f78911ce90f4 04466a2fbc1a4728b0424bd0a321286c 469adbb1fe06497884b0a83ad4deb963 - - default default] http://[LB_IP_ADDRESS]:8776/v3/469adbb1fe06497884b0a83ad4deb963/group_snapshots/3c93f6dd-4b44-4036-92a5-82d7c85639b9/action returned with HTTP 202
2025-10-24 17:08:23.811 76 INFO cinder.api.openstack.wsgi [None req-c22e89f4-f2ba-4570-baec-a95f191824d7 01c71c3424b94520b40a94cfde1aa67b dc86459042324043a207ab7999b15c60 - - default default] GET http://[LB_IP_ADDRESS]:8776/v3/dc86459042324043a207ab7999b15c60/group_snapshots/3c93f6dd-4b44-4036-92a5-82d7c85639b9
2025-10-24 17:08:23.824 76 INFO cinder.api.openstack.wsgi [None req-c22e89f4-f2ba-4570-baec-a95f191824d7 01c71c3424b94520b40a94cfde1aa67b dc86459042324043a207ab7999b15c60 - - default default] http://[LB_IP_ADDRESS]:8776/v3/dc86459042324043a207ab7999b15c60/group_snapshots/3c93f6dd-4b44-4036-92a5-82d7c85639b9 returned with HTTP 200
2025-10-24 17:08:23.838 75 INFO cinder.api.openstack.wsgi [None req-68d5b9ef-9de1-4e5d-afc5-9b40b7c05c4d 04466a2fbc1a4728b0424bd0a321286c 469adbb1fe06497884b0a83ad4deb963 - - default default] POST http://[LB_IP_ADDRESS]:8776/v3/469adbb1fe06497884b0a83ad4deb963/group_snapshots/3c93f6dd-4b44-4036-92a5-82d7c85639b9/action
2025-10-24 17:08:23.851 75 INFO cinder.api.openstack.wsgi [None req-68d5b9ef-9de1-4e5d-afc5-9b40b7c05c4d 04466a2fbc1a4728b0424bd0a321286c 469adbb1fe06497884b0a83ad4deb963 - - default default] http://[LB_IP_ADDRESS]:8776/v3/469adbb1fe06497884b0a83ad4deb963/group_snapshots/3c93f6dd-4b44-4036-92a5-82d7c85639b9/action returned with HTTP 202
2025-10-24 17:08:23.862 74 INFO cinder.api.openstack.wsgi [None req-2980e821-f409-412a-8838-1e23335d316e 01c71c3424b94520b40a94cfde1aa67b dc86459042324043a207ab7999b15c60 - - default default] GET http://[LB_IP_ADDRESS]:8776/v3/dc86459042324043a207ab7999b15c60/group_snapshots/3c93f6dd-4b44-4036-92a5-82d7c85639b9
2025-10-24 17:08:23.876 74 INFO cinder.api.openstack.wsgi [None req-2980e821-f409-412a-8838-1e23335d316e 01c71c3424b94520b40a94cfde1aa67b dc86459042324043a207ab7999b15c60 - - default default] http://[LB_IP_ADDRESS]:8776/v3/dc86459042324043a207ab7999b15c60/group_snapshots/3c93f6dd-4b44-4036-92a5-82d7c85639b9 returned with HTTP 200
2025-10-24 17:08:23.890 72 INFO cinder.api.openstack.wsgi [None req-c48ad180-fced-411e-b893-09f4074065b1 01c71c3424b94520b40a94cfde1aa67b dc86459042324043a207ab7999b15c60 - - default default] DELETE http://[LB_IP_ADDRESS]:8776/v3/dc86459042324043a207ab7999b15c60/group_snapshots/3c93f6dd-4b44-4036-92a5-82d7c85639b9
2025-10-24 17:08:23.891 72 INFO cinder.api.v3.group_snapshots [None req-c48ad180-fced-411e-b893-09f4074065b1 01c71c3424b94520b40a94cfde1aa67b dc86459042324043a207ab7999b15c60 - - default default] Delete group_snapshot with id: 3c93f6dd-4b44-4036-92a5-82d7c85639b9
2025-10-24 17:08:23.927 72 INFO cinder.api.openstack.wsgi [None req-c48ad180-fced-411e-b893-09f4074065b1 01c71c3424b94520b40a94cfde1aa67b dc86459042324043a207ab7999b15c60 - - default default] http://[LB_IP_ADDRESS]:8776/v3/dc86459042324043a207ab7999b15c60/group_snapshots/3c93f6dd-4b44-4036-92a5-82d7c85639b9 returned with HTTP 202
2025-10-24 17:08:23.939 73 INFO cinder.api.openstack.wsgi [None req-37fb2d2b-3b5e-44e5-98fc-777745e7e2b2 01c71c3424b94520b40a94cfde1aa67b dc86459042324043a207ab7999b15c60 - - default default] GET http://[LB_IP_ADDRESS]:8776/v3/dc86459042324043a207ab7999b15c60/volumes/detail
2025-10-24 17:08:23.952 73 INFO cinder.volume.api [None req-37fb2d2b-3b5e-44e5-98fc-777745e7e2b2 01c71c3424b94520b40a94cfde1aa67b dc86459042324043a207ab7999b15c60 - - default default] Get all volumes completed successfully.
2025-10-24 17:08:23.974 73 INFO cinder.api.openstack.wsgi [None req-37fb2d2b-3b5e-44e5-98fc-777745e7e2b2 01c71c3424b94520b40a94cfde1aa67b dc86459042324043a207ab7999b15c60 - - default default] http://[LB_IP_ADDRESS]:8776/v3/dc86459042324043a207ab7999b15c60/volumes/detail returned with HTTP 200
2025-10-24 17:08:23.997 76 INFO cinder.api.openstack.wsgi [None req-494e374e-5bec-4c40-8e93-d349414d6803 01c71c3424b94520b40a94cfde1aa67b dc86459042324043a207ab7999b15c60 - - default default] GET http://[LB_IP_ADDRESS]:8776/v3/dc86459042324043a207ab7999b15c60/snapshots/detail
2025-10-24 17:08:24.006 76 INFO cinder.volume.api [None req-494e374e-5bec-4c40-8e93-d349414d6803 01c71c3424b94520b40a94cfde1aa67b dc86459042324043a207ab7999b15c60 - - default default] Get all snapshots completed successfully.
2025-10-24 17:08:24.008 76 INFO cinder.api.openstack.wsgi [None req-494e374e-5bec-4c40-8e93-d349414d6803 01c71c3424b94520b40a94cfde1aa67b dc86459042324043a207ab7999b15c60 - - default default] http://[LB_IP_ADDRESS]:8776/v3/dc86459042324043a207ab7999b15c60/snapshots/detail returned with HTTP 200
2025-10-24 17:08:24.025 75 INFO cinder.api.openstack.wsgi [None req-8a78043f-03c9-481c-b68e-109db5bf0c97 01c71c3424b94520b40a94cfde1aa67b dc86459042324043a207ab7999b15c60 - - default default] GET http://[LB_IP_ADDRESS]:8776/v3/dc86459042324043a207ab7999b15c60/snapshots/c12e76ad-7a80-4c24-bb04-12d5742d8aaf
2025-10-24 17:08:24.036 75 INFO cinder.volume.api [None req-8a78043f-03c9-481c-b68e-109db5bf0c97 01c71c3424b94520b40a94cfde1aa67b dc86459042324043a207ab7999b15c60 - - default default] Snapshot retrieved successfully.
2025-10-24 17:08:24.037 75 INFO cinder.api.openstack.wsgi [None req-8a78043f-03c9-481c-b68e-109db5bf0c97 01c71c3424b94520b40a94cfde1aa67b dc86459042324043a207ab7999b15c60 - - default default] http://[LB_IP_ADDRESS]:8776/v3/dc86459042324043a207ab7999b15c60/snapshots/c12e76ad-7a80-4c24-bb04-12d5742d8aaf returned with HTTP 200
2025-10-24 17:08:25.053 74 INFO cinder.api.openstack.wsgi [None req-424432ae-8cd3-41af-9fe4-f59b7d5751ae 01c71c3424b94520b40a94cfde1aa67b dc86459042324043a207ab7999b15c60 - - default default] GET http://[LB_IP_ADDRESS]:8776/v3/dc86459042324043a207ab7999b15c60/snapshots/c12e76ad-7a80-4c24-bb04-12d5742d8aaf
2025-10-24 17:08:25.061 74 INFO cinder.api.openstack.wsgi [None req-424432ae-8cd3-41af-9fe4-f59b7d5751ae 01c71c3424b94520b40a94cfde1aa67b dc86459042324043a207ab7999b15c60 - - default default] http://[LB_IP_ADDRESS]:8776/v3/dc86459042324043a207ab7999b15c60/snapshots/c12e76ad-7a80-4c24-bb04-12d5742d8aaf returned with HTTP 404
2025-10-24 17:08:25.074 72 INFO cinder.api.openstack.wsgi [None req-f4619a97-4e11-4886-b011-e8fa316ca396 01c71c3424b94520b40a94cfde1aa67b dc86459042324043a207ab7999b15c60 - - default default] GET http://[LB_IP_ADDRESS]:8776/v3/dc86459042324043a207ab7999b15c60/group_snapshots/3c93f6dd-4b44-4036-92a5-82d7c85639b9
2025-10-24 17:08:25.079 72 INFO cinder.api.openstack.wsgi [None req-f4619a97-4e11-4886-b011-e8fa316ca396 01c71c3424b94520b40a94cfde1aa67b dc86459042324043a207ab7999b15c60 - - default default] http://[LB_IP_ADDRESS]:8776/v3/dc86459042324043a207ab7999b15c60/group_snapshots/3c93f6dd-4b44-4036-92a5-82d7c85639b9 returned with HTTP 404
2025-10-24 17:08:25.092 73 INFO cinder.api.openstack.wsgi [None req-0e85545c-e4f2-44ea-a1a9-46f88921bc8c 01c71c3424b94520b40a94cfde1aa67b dc86459042324043a207ab7999b15c60 - - default default] GET http://[LB_IP_ADDRESS]:8776/v3/dc86459042324043a207ab7999b15c60/volumes/detail
2025-10-24 17:08:25.107 73 INFO cinder.volume.api [None req-0e85545c-e4f2-44ea-a1a9-46f88921bc8c 01c71c3424b94520b40a94cfde1aa67b dc86459042324043a207ab7999b15c60 - - default default] Get all volumes completed successfully.
2025-10-24 17:08:25.123 73 INFO cinder.api.openstack.wsgi [None req-0e85545c-e4f2-44ea-a1a9-46f88921bc8c 01c71c3424b94520b40a94cfde1aa67b dc86459042324043a207ab7999b15c60 - - default default] http://[LB_IP_ADDRESS]:8776/v3/dc86459042324043a207ab7999b15c60/volumes/detail returned with HTTP 200
2025-10-24 17:08:25.144 76 INFO cinder.api.openstack.wsgi [None req-dd9bdcf9-9be0-4651-9536-c7ef78f0742b 01c71c3424b94520b40a94cfde1aa67b dc86459042324043a207ab7999b15c60 - - default default] POST http://[LB_IP_ADDRESS]:8776/v3/dc86459042324043a207ab7999b15c60/groups/9723f4c8-1a8a-4136-81a3-cedcf634aaa7/action
2025-10-24 17:08:25.149 76 INFO cinder.api.v3.groups [None req-dd9bdcf9-9be0-4651-9536-c7ef78f0742b 01c71c3424b94520b40a94cfde1aa67b dc86459042324043a207ab7999b15c60 - - default default] Delete group with id: 9723f4c8-1a8a-4136-81a3-cedcf634aaa7
2025-10-24 17:08:25.189 76 INFO cinder.api.openstack.wsgi [None req-dd9bdcf9-9be0-4651-9536-c7ef78f0742b 01c71c3424b94520b40a94cfde1aa67b dc86459042324043a207ab7999b15c60 - - default default] http://[LB_IP_ADDRESS]:8776/v3/dc86459042324043a207ab7999b15c60/groups/9723f4c8-1a8a-4136-81a3-cedcf634aaa7/action returned with HTTP 202
2025-10-24 17:08:25.202 75 INFO cinder.api.openstack.wsgi [None req-abd83fd8-2fb0-403b-998e-b23bd02e8693 01c71c3424b94520b40a94cfde1aa67b dc86459042324043a207ab7999b15c60 - - default default] GET http://[LB_IP_ADDRESS]:8776/v3/dc86459042324043a207ab7999b15c60/volumes/dc8b773b-a6b2-42d0-8338-9076f8e93eff
2025-10-24 17:08:25.220 75 INFO cinder.volume.api [None req-abd83fd8-2fb0-403b-998e-b23bd02e8693 01c71c3424b94520b40a94cfde1aa67b dc86459042324043a207ab7999b15c60 - - default default] Volume info retrieved successfully.
2025-10-24 17:08:25.239 75 INFO cinder.api.openstack.wsgi [None req-abd83fd8-2fb0-403b-998e-b23bd02e8693 01c71c3424b94520b40a94cfde1aa67b dc86459042324043a207ab7999b15c60 - - default default] http://[LB_IP_ADDRESS]:8776/v3/dc86459042324043a207ab7999b15c60/volumes/dc8b773b-a6b2-42d0-8338-9076f8e93eff returned with HTTP 200
2025-10-24 17:08:25.635 74 INFO cinder.api.openstack.wsgi [None req-a083065b-b19b-4d53-8ca2-ec6738701112 cf9b04adbdf648e6bb47fff471ff8eea d06353759e424726857c9da45fcd52fa - - default default] POST http://[LB_IP_ADDRESS]:8776/v3/d06353759e424726857c9da45fcd52fa/types
2025-10-24 17:08:25.664 74 INFO cinder.api.openstack.wsgi [None req-a083065b-b19b-4d53-8ca2-ec6738701112 cf9b04adbdf648e6bb47fff471ff8eea d06353759e424726857c9da45fcd52fa - - default default] http://[LB_IP_ADDRESS]:8776/v3/d06353759e424726857c9da45fcd52fa/types returned with HTTP 200
2025-10-24 17:08:25.676 72 INFO cinder.api.openstack.wsgi [None req-f72c1b95-ea98-4f07-8f75-03e717f95f9a cf9b04adbdf648e6bb47fff471ff8eea d06353759e424726857c9da45fcd52fa - - default default] POST http://[LB_IP_ADDRESS]:8776/v3/d06353759e424726857c9da45fcd52fa/types/873571c9-4f92-469e-a458-9684a2527e96/extra_specs
2025-10-24 17:08:25.679 72 INFO cinder.api.openstack.wsgi [None req-f72c1b95-ea98-4f07-8f75-03e717f95f9a cf9b04adbdf648e6bb47fff471ff8eea d06353759e424726857c9da45fcd52fa - - default default] http://[LB_IP_ADDRESS]:8776/v3/d06353759e424726857c9da45fcd52fa/types/873571c9-4f92-469e-a458-9684a2527e96/extra_specs returned with HTTP 400
2025-10-24 17:08:25.695 73 INFO cinder.api.openstack.wsgi [None req-772bd217-bf0f-4bed-b743-2835ffe6c937 cf9b04adbdf648e6bb47fff471ff8eea d06353759e424726857c9da45fcd52fa - - default default] POST http://[LB_IP_ADDRESS]:8776/v3/d06353759e424726857c9da45fcd52fa/types/873571c9-4f92-469e-a458-9684a2527e96/extra_specs
2025-10-24 17:08:25.699 73 INFO cinder.api.openstack.wsgi [None req-772bd217-bf0f-4bed-b743-2835ffe6c937 cf9b04adbdf648e6bb47fff471ff8eea d06353759e424726857c9da45fcd52fa - - default default] http://[LB_IP_ADDRESS]:8776/v3/d06353759e424726857c9da45fcd52fa/types/873571c9-4f92-469e-a458-9684a2527e96/extra_specs returned with HTTP 400
2025-10-24 17:08:25.713 76 INFO cinder.api.openstack.wsgi [None req-fe4932ee-efc9-4593-9e25-cdafd14c330f cf9b04adbdf648e6bb47fff471ff8eea d06353759e424726857c9da45fcd52fa - - default default] POST http://[LB_IP_ADDRESS]:8776/v3/d06353759e424726857c9da45fcd52fa/types/95aabdc1-13d1-4f49-9036-100ee49ee232/extra_specs
2025-10-24 17:08:25.732 76 INFO cinder.api.openstack.wsgi [None req-fe4932ee-efc9-4593-9e25-cdafd14c330f cf9b04adbdf648e6bb47fff471ff8eea d06353759e424726857c9da45fcd52fa - - default default] http://[LB_IP_ADDRESS]:8776/v3/d06353759e424726857c9da45fcd52fa/types/95aabdc1-13d1-4f49-9036-100ee49ee232/extra_specs returned with HTTP 404
2025-10-24 17:08:25.748 75 INFO cinder.api.openstack.wsgi [None req-4c19008e-c556-4d95-ac27-c7407746e316 cf9b04adbdf648e6bb47fff471ff8eea d06353759e424726857c9da45fcd52fa - - default default] DELETE http://[LB_IP_ADDRESS]:8776/v3/d06353759e424726857c9da45fcd52fa/types/819b320b-6f54-42be-832a-a8bdfa2c91b4/extra_specs/spec1
2025-10-24 17:08:25.754 75 INFO cinder.api.openstack.wsgi [None req-4c19008e-c556-4d95-ac27-c7407746e316 cf9b04adbdf648e6bb47fff471ff8eea d06353759e424726857c9da45fcd52fa - - default default] http://[LB_IP_ADDRESS]:8776/v3/d06353759e424726857c9da45fcd52fa/types/819b320b-6f54-42be-832a-a8bdfa2c91b4/extra_specs/spec1 returned with HTTP 404
2025-10-24 17:08:25.768 74 INFO cinder.api.openstack.wsgi [None req-d03acfa9-d47b-433b-909e-4b295f37adf4 cf9b04adbdf648e6bb47fff471ff8eea d06353759e424726857c9da45fcd52fa - - default default] GET http://[LB_IP_ADDRESS]:8776/v3/d06353759e424726857c9da45fcd52fa/types/873571c9-4f92-469e-a458-9684a2527e96/extra_specs/nonexistent_extra_spec_name
2025-10-24 17:08:25.778 74 INFO cinder.api.openstack.wsgi [None req-d03acfa9-d47b-433b-909e-4b295f37adf4 cf9b04adbdf648e6bb47fff471ff8eea d06353759e424726857c9da45fcd52fa - - default default] http://[LB_IP_ADDRESS]:8776/v3/d06353759e424726857c9da45fcd52fa/types/873571c9-4f92-469e-a458-9684a2527e96/extra_specs/nonexistent_extra_spec_name returned with HTTP 404
2025-10-24 17:08:25.794 72 INFO cinder.api.openstack.wsgi [None req-cbeebe27-3269-4d9c-ac34-03e606b11865 cf9b04adbdf648e6bb47fff471ff8eea d06353759e424726857c9da45fcd52fa - - default default] GET http://[LB_IP_ADDRESS]:8776/v3/d06353759e424726857c9da45fcd52fa/types/8e47eb0d-bfe5-40ce-88bc-d5613608086b/extra_specs/spec1
2025-10-24 17:08:25.799 72 INFO cinder.api.openstack.wsgi [None req-cbeebe27-3269-4d9c-ac34-03e606b11865 cf9b04adbdf648e6bb47fff471ff8eea d06353759e424726857c9da45fcd52fa - - default default] http://[LB_IP_ADDRESS]:8776/v3/d06353759e424726857c9da45fcd52fa/types/8e47eb0d-bfe5-40ce-88bc-d5613608086b/extra_specs/spec1 returned with HTTP 404
2025-10-24 17:08:25.814 73 INFO cinder.api.openstack.wsgi [None req-be57e6d6-651d-444d-bcef-71de013757a1 cf9b04adbdf648e6bb47fff471ff8eea d06353759e424726857c9da45fcd52fa - - default default] GET http://[LB_IP_ADDRESS]:8776/v3/d06353759e424726857c9da45fcd52fa/types/84b82323-8514-4ecb-bc6a-89f39ed52e27/extra_specs
2025-10-24 17:08:25.821 73 INFO cinder.api.openstack.wsgi [None req-be57e6d6-651d-444d-bcef-71de013757a1 cf9b04adbdf648e6bb47fff471ff8eea d06353759e424726857c9da45fcd52fa - - default default] http://[LB_IP_ADDRESS]:8776/v3/d06353759e424726857c9da45fcd52fa/types/84b82323-8514-4ecb-bc6a-89f39ed52e27/extra_specs returned with HTTP 404
2025-10-24 17:08:25.836 76 INFO cinder.api.openstack.wsgi [None req-ddf72694-8722-49bd-96d5-b6fa45512571 cf9b04adbdf648e6bb47fff471ff8eea d06353759e424726857c9da45fcd52fa - - default default] PUT http://[LB_IP_ADDRESS]:8776/v3/d06353759e424726857c9da45fcd52fa/types/873571c9-4f92-469e-a458-9684a2527e96/extra_specs/spec1
2025-10-24 17:08:25.841 76 INFO cinder.api.openstack.wsgi [None req-ddf72694-8722-49bd-96d5-b6fa45512571 cf9b04adbdf648e6bb47fff471ff8eea d06353759e424726857c9da45fcd52fa - - default default] http://[LB_IP_ADDRESS]:8776/v3/d06353759e424726857c9da45fcd52fa/types/873571c9-4f92-469e-a458-9684a2527e96/extra_specs/spec1 returned with HTTP 400
2025-10-24 17:08:25.852 75 INFO cinder.api.openstack.wsgi [None req-244f8eb0-1e34-4223-8e8a-458a78919bc0 cf9b04adbdf648e6bb47fff471ff8eea d06353759e424726857c9da45fcd52fa - - default default] PUT http://[LB_IP_ADDRESS]:8776/v3/d06353759e424726857c9da45fcd52fa/types/873571c9-4f92-469e-a458-9684a2527e96/extra_specs/spec1
2025-10-24 17:08:25.855 75 INFO cinder.api.openstack.wsgi [None req-244f8eb0-1e34-4223-8e8a-458a78919bc0 cf9b04adbdf648e6bb47fff471ff8eea d06353759e424726857c9da45fcd52fa - - default default] http://[LB_IP_ADDRESS]:8776/v3/d06353759e424726857c9da45fcd52fa/types/873571c9-4f92-469e-a458-9684a2527e96/extra_specs/spec1 returned with HTTP 400
2025-10-24 17:08:25.869 74 INFO cinder.api.openstack.wsgi [None req-b65de324-5fc5-4bdd-bc13-7749189f6a7e cf9b04adbdf648e6bb47fff471ff8eea d06353759e424726857c9da45fcd52fa - - default default] PUT http://[LB_IP_ADDRESS]:8776/v3/d06353759e424726857c9da45fcd52fa/types/873571c9-4f92-469e-a458-9684a2527e96/extra_specs/None
2025-10-24 17:08:25.887 74 INFO cinder.api.openstack.wsgi [None req-b65de324-5fc5-4bdd-bc13-7749189f6a7e cf9b04adbdf648e6bb47fff471ff8eea d06353759e424726857c9da45fcd52fa - - default default] HTTP exception thrown: Request body and URI mismatch
2025-10-24 17:08:25.887 74 INFO cinder.api.openstack.wsgi [None req-b65de324-5fc5-4bdd-bc13-7749189f6a7e cf9b04adbdf648e6bb47fff471ff8eea d06353759e424726857c9da45fcd52fa - - default default] http://[LB_IP_ADDRESS]:8776/v3/d06353759e424726857c9da45fcd52fa/types/873571c9-4f92-469e-a458-9684a2527e96/extra_specs/None returned with HTTP 400
2025-10-24 17:08:25.902 72 INFO cinder.api.openstack.wsgi [None req-ae32d954-b28b-4d93-a37e-ceb2d93d626a cf9b04adbdf648e6bb47fff471ff8eea d06353759e424726857c9da45fcd52fa - - default default] PUT http://[LB_IP_ADDRESS]:8776/v3/d06353759e424726857c9da45fcd52fa/types/873571c9-4f92-469e-a458-9684a2527e96/extra_specs/ffa8fbb0-5bca-4bc1-a8fc-e06850f0968e
2025-10-24 17:08:25.917 72 INFO cinder.api.openstack.wsgi [None req-ae32d954-b28b-4d93-a37e-ceb2d93d626a cf9b04adbdf648e6bb47fff471ff8eea d06353759e424726857c9da45fcd52fa - - default default] HTTP exception thrown: Request body and URI mismatch
2025-10-24 17:08:25.917 72 INFO cinder.api.openstack.wsgi [None req-ae32d954-b28b-4d93-a37e-ceb2d93d626a cf9b04adbdf648e6bb47fff471ff8eea d06353759e424726857c9da45fcd52fa - - default default] http://[LB_IP_ADDRESS]:8776/v3/d06353759e424726857c9da45fcd52fa/types/873571c9-4f92-469e-a458-9684a2527e96/extra_specs/ffa8fbb0-5bca-4bc1-a8fc-e06850f0968e returned with HTTP 400
2025-10-24 17:08:25.933 73 INFO cinder.api.openstack.wsgi [None req-b6ac0c7c-f82a-461d-9f92-855c5f9a0479 cf9b04adbdf648e6bb47fff471ff8eea d06353759e424726857c9da45fcd52fa - - default default] PUT http://[LB_IP_ADDRESS]:8776/v3/d06353759e424726857c9da45fcd52fa/types/b0c5259a-42cc-4a1d-b925-7b3363528014/extra_specs/spec1
2025-10-24 17:08:25.947 73 INFO cinder.api.openstack.wsgi [None req-b6ac0c7c-f82a-461d-9f92-855c5f9a0479 cf9b04adbdf648e6bb47fff471ff8eea d06353759e424726857c9da45fcd52fa - - default default] http://[LB_IP_ADDRESS]:8776/v3/d06353759e424726857c9da45fcd52fa/types/b0c5259a-42cc-4a1d-b925-7b3363528014/extra_specs/spec1 returned with HTTP 404
2025-10-24 17:08:25.960 76 INFO cinder.api.openstack.wsgi [None req-0282378e-b0bc-4a66-8da1-8c0caf159261 cf9b04adbdf648e6bb47fff471ff8eea d06353759e424726857c9da45fcd52fa - - default default] DELETE http://[LB_IP_ADDRESS]:8776/v3/d06353759e424726857c9da45fcd52fa/types/873571c9-4f92-469e-a458-9684a2527e96
2025-10-24 17:08:25.996 76 INFO cinder.api.openstack.wsgi [None req-0282378e-b0bc-4a66-8da1-8c0caf159261 cf9b04adbdf648e6bb47fff471ff8eea d06353759e424726857c9da45fcd52fa - - default default] http://[LB_IP_ADDRESS]:8776/v3/d06353759e424726857c9da45fcd52fa/types/873571c9-4f92-469e-a458-9684a2527e96 returned with HTTP 202
2025-10-24 17:08:26.009 75 INFO cinder.api.openstack.wsgi [None req-c4a457c8-99ca-45fd-ad45-3f227b5ebc31 cf9b04adbdf648e6bb47fff471ff8eea d06353759e424726857c9da45fcd52fa - - default default] GET http://[LB_IP_ADDRESS]:8776/v3/d06353759e424726857c9da45fcd52fa/types/873571c9-4f92-469e-a458-9684a2527e96
2025-10-24 17:08:26.015 75 INFO cinder.api.openstack.wsgi [None req-c4a457c8-99ca-45fd-ad45-3f227b5ebc31 cf9b04adbdf648e6bb47fff471ff8eea d06353759e424726857c9da45fcd52fa - - default default] http://[LB_IP_ADDRESS]:8776/v3/d06353759e424726857c9da45fcd52fa/types/873571c9-4f92-469e-a458-9684a2527e96 returned with HTTP 404
2025-10-24 17:08:26.257 74 INFO cinder.api.openstack.wsgi [None req-40642054-bb1d-4fda-b4c3-afd96f7250e5 01c71c3424b94520b40a94cfde1aa67b dc86459042324043a207ab7999b15c60 - - default default] GET http://[LB_IP_ADDRESS]:8776/v3/dc86459042324043a207ab7999b15c60/volumes/dc8b773b-a6b2-42d0-8338-9076f8e93eff
2025-10-24 17:08:26.267 74 INFO cinder.api.openstack.wsgi [None req-40642054-bb1d-4fda-b4c3-afd96f7250e5 01c71c3424b94520b40a94cfde1aa67b dc86459042324043a207ab7999b15c60 - - default default] http://[LB_IP_ADDRESS]:8776/v3/dc86459042324043a207ab7999b15c60/volumes/dc8b773b-a6b2-42d0-8338-9076f8e93eff returned with HTTP 404
2025-10-24 17:08:26.280 72 INFO cinder.api.openstack.wsgi [None req-b5230baa-038d-4f57-9f1c-be63900a8f12 01c71c3424b94520b40a94cfde1aa67b dc86459042324043a207ab7999b15c60 - - default default] GET http://[LB_IP_ADDRESS]:8776/v3/dc86459042324043a207ab7999b15c60/groups/9723f4c8-1a8a-4136-81a3-cedcf634aaa7
2025-10-24 17:08:26.286 72 INFO cinder.api.openstack.wsgi [None req-b5230baa-038d-4f57-9f1c-be63900a8f12 01c71c3424b94520b40a94cfde1aa67b dc86459042324043a207ab7999b15c60 - - default default] http://[LB_IP_ADDRESS]:8776/v3/dc86459042324043a207ab7999b15c60/groups/9723f4c8-1a8a-4136-81a3-cedcf634aaa7 returned with HTTP 404
2025-10-24 17:08:26.298 73 INFO cinder.api.openstack.wsgi [None req-d22b7328-eca0-44ae-a021-195a279540fd 04466a2fbc1a4728b0424bd0a321286c 469adbb1fe06497884b0a83ad4deb963 - - default default] DELETE http://[LB_IP_ADDRESS]:8776/v3/469adbb1fe06497884b0a83ad4deb963/group_types/c92c11c0-f828-4cd2-8c8f-0168f4df0882
2025-10-24 17:08:26.315 73 INFO cinder.api.openstack.wsgi [None req-d22b7328-eca0-44ae-a021-195a279540fd 04466a2fbc1a4728b0424bd0a321286c 469adbb1fe06497884b0a83ad4deb963 - - default default] http://[LB_IP_ADDRESS]:8776/v3/469adbb1fe06497884b0a83ad4deb963/group_types/c92c11c0-f828-4cd2-8c8f-0168f4df0882 returned with HTTP 202
2025-10-24 17:08:26.325 76 INFO cinder.api.openstack.wsgi [None req-e59d0a63-0f2a-4842-b59c-a04d86174073 04466a2fbc1a4728b0424bd0a321286c 469adbb1fe06497884b0a83ad4deb963 - - default default] DELETE http://[LB_IP_ADDRESS]:8776/v3/469adbb1fe06497884b0a83ad4deb963/types/814180d8-c98e-4197-99ea-f01cdf69fea2
2025-10-24 17:08:26.361 76 INFO cinder.api.openstack.wsgi [None req-e59d0a63-0f2a-4842-b59c-a04d86174073 04466a2fbc1a4728b0424bd0a321286c 469adbb1fe06497884b0a83ad4deb963 - - default default] http://[LB_IP_ADDRESS]:8776/v3/469adbb1fe06497884b0a83ad4deb963/types/814180d8-c98e-4197-99ea-f01cdf69fea2 returned with HTTP 202
2025-10-24 17:08:26.373 75 INFO cinder.api.openstack.wsgi [None req-9c4e8988-9785-4675-b596-05d7a01d99cc 04466a2fbc1a4728b0424bd0a321286c 469adbb1fe06497884b0a83ad4deb963 - - default default] GET http://[LB_IP_ADDRESS]:8776/v3/469adbb1fe06497884b0a83ad4deb963/types/814180d8-c98e-4197-99ea-f01cdf69fea2
2025-10-24 17:08:26.378 75 INFO cinder.api.openstack.wsgi [None req-9c4e8988-9785-4675-b596-05d7a01d99cc 04466a2fbc1a4728b0424bd0a321286c 469adbb1fe06497884b0a83ad4deb963 - - default default] http://[LB_IP_ADDRESS]:8776/v3/469adbb1fe06497884b0a83ad4deb963/types/814180d8-c98e-4197-99ea-f01cdf69fea2 returned with HTTP 404
2025-10-24 17:08:27.161 74 INFO cinder.api.openstack.wsgi [None req-6ab31d84-7faf-44d4-b8bb-2599ce2013d2 75d97a0c29dc4a2395d46085ddb857fa dfa4853615fe4368b94248949d2280eb - - default default] POST http://[LB_IP_ADDRESS]:8776/v3/dfa4853615fe4368b94248949d2280eb/types/b7182229-4ba0-4fdb-bab4-ce006e3baf62/encryption
2025-10-24 17:08:27.177 74 INFO cinder.api.openstack.wsgi [None req-6ab31d84-7faf-44d4-b8bb-2599ce2013d2 75d97a0c29dc4a2395d46085ddb857fa dfa4853615fe4368b94248949d2280eb - - default default] http://[LB_IP_ADDRESS]:8776/v3/dfa4853615fe4368b94248949d2280eb/types/b7182229-4ba0-4fdb-bab4-ce006e3baf62/encryption returned with HTTP 404
2025-10-24 17:08:27.188 72 INFO cinder.api.openstack.wsgi [None req-bc26ddc5-7dd7-41f1-80c1-905ccc15a3b0 75d97a0c29dc4a2395d46085ddb857fa dfa4853615fe4368b94248949d2280eb - - default default] POST http://[LB_IP_ADDRESS]:8776/v3/dfa4853615fe4368b94248949d2280eb/types
2025-10-24 17:08:27.191 72 INFO cinder.api.openstack.wsgi [None req-bc26ddc5-7dd7-41f1-80c1-905ccc15a3b0 75d97a0c29dc4a2395d46085ddb857fa dfa4853615fe4368b94248949d2280eb - - default default] http://[LB_IP_ADDRESS]:8776/v3/dfa4853615fe4368b94248949d2280eb/types returned with HTTP 400
2025-10-24 17:08:27.205 73 INFO cinder.api.openstack.wsgi [None req-51db0607-7cef-4cf6-b245-d4a3242790ce 75d97a0c29dc4a2395d46085ddb857fa dfa4853615fe4368b94248949d2280eb - - default default] POST http://[LB_IP_ADDRESS]:8776/v3/dfa4853615fe4368b94248949d2280eb/types
2025-10-24 17:08:27.234 73 INFO cinder.api.openstack.wsgi [None req-51db0607-7cef-4cf6-b245-d4a3242790ce 75d97a0c29dc4a2395d46085ddb857fa dfa4853615fe4368b94248949d2280eb - - default default] http://[LB_IP_ADDRESS]:8776/v3/dfa4853615fe4368b94248949d2280eb/types returned with HTTP 200
2025-10-24 17:08:27.249 76 INFO cinder.api.openstack.wsgi [None req-27c7daa6-a7c1-41d0-85d6-c588dbd12ef8 75d97a0c29dc4a2395d46085ddb857fa dfa4853615fe4368b94248949d2280eb - - default default] POST http://[LB_IP_ADDRESS]:8776/v3/dfa4853615fe4368b94248949d2280eb/types
2025-10-24 17:08:27.264 76 INFO cinder.api.openstack.wsgi [None req-27c7daa6-a7c1-41d0-85d6-c588dbd12ef8 75d97a0c29dc4a2395d46085ddb857fa dfa4853615fe4368b94248949d2280eb - - default default] HTTP exception thrown: Volume Type tempest-VolumeTypesNegativeTest-volume-type-218886328 already exists.
2025-10-24 17:08:27.264 76 INFO cinder.api.openstack.wsgi [None req-27c7daa6-a7c1-41d0-85d6-c588dbd12ef8 75d97a0c29dc4a2395d46085ddb857fa dfa4853615fe4368b94248949d2280eb - - default default] http://[LB_IP_ADDRESS]:8776/v3/dfa4853615fe4368b94248949d2280eb/types returned with HTTP 409
2025-10-24 17:08:27.275 75 INFO cinder.api.openstack.wsgi [None req-8db52092-99c8-4f42-9640-f8ac410b43f0 75d97a0c29dc4a2395d46085ddb857fa dfa4853615fe4368b94248949d2280eb - - default default] DELETE http://[LB_IP_ADDRESS]:8776/v3/dfa4853615fe4368b94248949d2280eb/types/f7e2ec7f-9d9e-420a-b1a5-aad281215920
2025-10-24 17:08:27.307 75 INFO cinder.api.openstack.wsgi [None req-8db52092-99c8-4f42-9640-f8ac410b43f0 75d97a0c29dc4a2395d46085ddb857fa dfa4853615fe4368b94248949d2280eb - - default default] http://[LB_IP_ADDRESS]:8776/v3/dfa4853615fe4368b94248949d2280eb/types/f7e2ec7f-9d9e-420a-b1a5-aad281215920 returned with HTTP 202
2025-10-24 17:08:27.319 74 INFO cinder.api.openstack.wsgi [None req-cbf65c83-c871-4a2b-9792-8a30a8d96173 75d97a0c29dc4a2395d46085ddb857fa dfa4853615fe4368b94248949d2280eb - - default default] GET http://[LB_IP_ADDRESS]:8776/v3/dfa4853615fe4368b94248949d2280eb/types/f7e2ec7f-9d9e-420a-b1a5-aad281215920
