2025-10-11 01:59:48.091 72 INFO cinder.api.openstack.wsgi [None req-c5fbfc7c-30e2-4191-92dd-989954b8e8eb 3dc2c113f3bb4e7e9ec6614566040fde d68f2927704044eab5fe437ad929fd3a - - default default] POST http://[LB_IP_ADDRESS]:8776/v3/d68f2927704044eab5fe437ad929fd3a/groups/b1f7dd88-feb1-4d28-b3d7-c47fd4a6aab7/action
2025-10-11 01:59:48.097 75 INFO cinder.api.openstack.wsgi [None req-f1c65c38-1d13-4cf0-939b-a3ad510a964a 34add67e354949de942c47890681cfb6 e52451296a844e78ba1620c352c87e98 - - default default] GET http://[LB_IP_ADDRESS]:8776/v3/e52451296a844e78ba1620c352c87e98/volumes/6c0d8d7a-2202-4e03-8ea9-28821325bcc4
2025-10-11 01:59:48.106 72 INFO cinder.api.openstack.wsgi [None req-c5fbfc7c-30e2-4191-92dd-989954b8e8eb 3dc2c113f3bb4e7e9ec6614566040fde d68f2927704044eab5fe437ad929fd3a - - default default] http://[LB_IP_ADDRESS]:8776/v3/d68f2927704044eab5fe437ad929fd3a/groups/b1f7dd88-feb1-4d28-b3d7-c47fd4a6aab7/action returned with HTTP 202
2025-10-11 01:59:48.115 74 INFO cinder.api.openstack.wsgi [None req-ce150547-4839-40c7-8243-c5ee6548f085 bf32cf8ba767466fa282c5b7b64af9d7 eb711103d84c450996a57d2537a125fb - - default default] GET http://[LB_IP_ADDRESS]:8776/v3/eb711103d84c450996a57d2537a125fb/groups/b1f7dd88-feb1-4d28-b3d7-c47fd4a6aab7
2025-10-11 01:59:48.115 75 INFO cinder.volume.api [None req-f1c65c38-1d13-4cf0-939b-a3ad510a964a 34add67e354949de942c47890681cfb6 e52451296a844e78ba1620c352c87e98 - - default default] Volume info retrieved successfully.
2025-10-11 01:59:48.121 75 INFO cinder.api.openstack.wsgi [None req-f1c65c38-1d13-4cf0-939b-a3ad510a964a 34add67e354949de942c47890681cfb6 e52451296a844e78ba1620c352c87e98 - - default default] http://[LB_IP_ADDRESS]:8776/v3/e52451296a844e78ba1620c352c87e98/volumes/6c0d8d7a-2202-4e03-8ea9-28821325bcc4 returned with HTTP 200
2025-10-11 01:59:48.128 74 INFO cinder.api.openstack.wsgi [None req-ce150547-4839-40c7-8243-c5ee6548f085 bf32cf8ba767466fa282c5b7b64af9d7 eb711103d84c450996a57d2537a125fb - - default default] http://[LB_IP_ADDRESS]:8776/v3/eb711103d84c450996a57d2537a125fb/groups/b1f7dd88-feb1-4d28-b3d7-c47fd4a6aab7 returned with HTTP 200
2025-10-11 01:59:48.142 76 INFO cinder.api.openstack.wsgi [None req-0240e699-0114-4a1e-a6fe-0f1cb76ff17b 34add67e354949de942c47890681cfb6 e52451296a844e78ba1620c352c87e98 - - default default] GET http://[LB_IP_ADDRESS]:8776/v3/e52451296a844e78ba1620c352c87e98/messages
2025-10-11 01:59:48.144 73 INFO cinder.api.openstack.wsgi [None req-343bba76-f06a-4a2c-b187-94992e01fcea 3dc2c113f3bb4e7e9ec6614566040fde d68f2927704044eab5fe437ad929fd3a - - default default] POST http://[LB_IP_ADDRESS]:8776/v3/d68f2927704044eab5fe437ad929fd3a/groups/b1f7dd88-feb1-4d28-b3d7-c47fd4a6aab7/action
2025-10-11 01:59:48.150 76 INFO cinder.api.openstack.wsgi [None req-0240e699-0114-4a1e-a6fe-0f1cb76ff17b 34add67e354949de942c47890681cfb6 e52451296a844e78ba1620c352c87e98 - - default default] http://[LB_IP_ADDRESS]:8776/v3/e52451296a844e78ba1620c352c87e98/messages returned with HTTP 200
2025-10-11 01:59:48.158 73 INFO cinder.api.openstack.wsgi [None req-343bba76-f06a-4a2c-b187-94992e01fcea 3dc2c113f3bb4e7e9ec6614566040fde d68f2927704044eab5fe437ad929fd3a - - default default] http://[LB_IP_ADDRESS]:8776/v3/d68f2927704044eab5fe437ad929fd3a/groups/b1f7dd88-feb1-4d28-b3d7-c47fd4a6aab7/action returned with HTTP 202
2025-10-11 01:59:48.165 72 INFO cinder.api.openstack.wsgi [None req-bddcd1b3-8833-48f5-8676-42524e9bffc2 34add67e354949de942c47890681cfb6 e52451296a844e78ba1620c352c87e98 - - default default] GET http://[LB_IP_ADDRESS]:8776/v3/e52451296a844e78ba1620c352c87e98/messages/2470b9b1-6ad2-457c-a647-751a4d833029
2025-10-11 01:59:48.170 75 INFO cinder.api.openstack.wsgi [None req-f683ea72-628b-4b3a-9a07-cb2328688696 bf32cf8ba767466fa282c5b7b64af9d7 eb711103d84c450996a57d2537a125fb - - default default] GET http://[LB_IP_ADDRESS]:8776/v3/eb711103d84c450996a57d2537a125fb/groups/b1f7dd88-feb1-4d28-b3d7-c47fd4a6aab7
2025-10-11 01:59:48.171 72 INFO cinder.api.openstack.wsgi [None req-bddcd1b3-8833-48f5-8676-42524e9bffc2 34add67e354949de942c47890681cfb6 e52451296a844e78ba1620c352c87e98 - - default default] http://[LB_IP_ADDRESS]:8776/v3/e52451296a844e78ba1620c352c87e98/messages/2470b9b1-6ad2-457c-a647-751a4d833029 returned with HTTP 200
2025-10-11 01:59:48.183 74 INFO cinder.api.openstack.wsgi [None req-9749a66a-b61e-4916-a2b4-bd7f23e09e6d 34add67e354949de942c47890681cfb6 e52451296a844e78ba1620c352c87e98 - - default default] GET http://[LB_IP_ADDRESS]:8776/v3/e52451296a844e78ba1620c352c87e98/messages
2025-10-11 01:59:48.188 75 INFO cinder.api.openstack.wsgi [None req-f683ea72-628b-4b3a-9a07-cb2328688696 bf32cf8ba767466fa282c5b7b64af9d7 eb711103d84c450996a57d2537a125fb - - default default] http://[LB_IP_ADDRESS]:8776/v3/eb711103d84c450996a57d2537a125fb/groups/b1f7dd88-feb1-4d28-b3d7-c47fd4a6aab7 returned with HTTP 200
2025-10-11 01:59:48.188 74 INFO cinder.api.openstack.wsgi [None req-9749a66a-b61e-4916-a2b4-bd7f23e09e6d 34add67e354949de942c47890681cfb6 e52451296a844e78ba1620c352c87e98 - - default default] http://[LB_IP_ADDRESS]:8776/v3/e52451296a844e78ba1620c352c87e98/messages returned with HTTP 200
2025-10-11 01:59:48.199 73 INFO cinder.api.openstack.wsgi [None req-a4790755-5f6f-42e3-be34-efd1a2e3ecea bf32cf8ba767466fa282c5b7b64af9d7 eb711103d84c450996a57d2537a125fb - - default default] GET http://[LB_IP_ADDRESS]:8776/v3/eb711103d84c450996a57d2537a125fb/volumes/detail
2025-10-11 01:59:48.203 76 INFO cinder.api.openstack.wsgi [None req-52765232-e56b-410a-a112-f0e939ced24e 34add67e354949de942c47890681cfb6 e52451296a844e78ba1620c352c87e98 - - default default] DELETE http://[LB_IP_ADDRESS]:8776/v3/e52451296a844e78ba1620c352c87e98/messages/2470b9b1-6ad2-457c-a647-751a4d833029
2025-10-11 01:59:48.209 73 INFO cinder.volume.api [None req-a4790755-5f6f-42e3-be34-efd1a2e3ecea bf32cf8ba767466fa282c5b7b64af9d7 eb711103d84c450996a57d2537a125fb - - default default] Get all volumes completed successfully.
2025-10-11 01:59:48.212 73 INFO cinder.api.openstack.wsgi [None req-a4790755-5f6f-42e3-be34-efd1a2e3ecea bf32cf8ba767466fa282c5b7b64af9d7 eb711103d84c450996a57d2537a125fb - - default default] http://[LB_IP_ADDRESS]:8776/v3/eb711103d84c450996a57d2537a125fb/volumes/detail returned with HTTP 200
2025-10-11 01:59:48.213 76 INFO cinder.api.openstack.wsgi [None req-52765232-e56b-410a-a112-f0e939ced24e 34add67e354949de942c47890681cfb6 e52451296a844e78ba1620c352c87e98 - - default default] http://[LB_IP_ADDRESS]:8776/v3/e52451296a844e78ba1620c352c87e98/messages/2470b9b1-6ad2-457c-a647-751a4d833029 returned with HTTP 204
2025-10-11 01:59:48.225 72 INFO cinder.api.openstack.wsgi [None req-2a55386b-befd-4372-8be7-e98e4750ae84 34add67e354949de942c47890681cfb6 e52451296a844e78ba1620c352c87e98 - - default default] GET http://[LB_IP_ADDRESS]:8776/v3/e52451296a844e78ba1620c352c87e98/volumes/6c0d8d7a-2202-4e03-8ea9-28821325bcc4
2025-10-11 01:59:48.232 75 INFO cinder.api.openstack.wsgi [None req-975aab09-8018-4cef-afe2-58b3e4f744c3 bf32cf8ba767466fa282c5b7b64af9d7 eb711103d84c450996a57d2537a125fb - - default default] POST http://[LB_IP_ADDRESS]:8776/v3/eb711103d84c450996a57d2537a125fb/groups/b1f7dd88-feb1-4d28-b3d7-c47fd4a6aab7/action
2025-10-11 01:59:48.237 75 INFO cinder.api.v3.groups [None req-975aab09-8018-4cef-afe2-58b3e4f744c3 bf32cf8ba767466fa282c5b7b64af9d7 eb711103d84c450996a57d2537a125fb - - default default] Delete group with id: b1f7dd88-feb1-4d28-b3d7-c47fd4a6aab7
2025-10-11 01:59:48.242 72 INFO cinder.volume.api [None req-2a55386b-befd-4372-8be7-e98e4750ae84 34add67e354949de942c47890681cfb6 e52451296a844e78ba1620c352c87e98 - - default default] Volume info retrieved successfully.
2025-10-11 01:59:48.247 72 INFO cinder.api.openstack.wsgi [None req-2a55386b-befd-4372-8be7-e98e4750ae84 34add67e354949de942c47890681cfb6 e52451296a844e78ba1620c352c87e98 - - default default] http://[LB_IP_ADDRESS]:8776/v3/e52451296a844e78ba1620c352c87e98/volumes/6c0d8d7a-2202-4e03-8ea9-28821325bcc4 returned with HTTP 200
2025-10-11 01:59:48.264 75 INFO cinder.api.openstack.wsgi [None req-975aab09-8018-4cef-afe2-58b3e4f744c3 bf32cf8ba767466fa282c5b7b64af9d7 eb711103d84c450996a57d2537a125fb - - default default] http://[LB_IP_ADDRESS]:8776/v3/eb711103d84c450996a57d2537a125fb/groups/b1f7dd88-feb1-4d28-b3d7-c47fd4a6aab7/action returned with HTTP 202
2025-10-11 01:59:48.266 74 INFO cinder.api.openstack.wsgi [None req-0b7bc1c0-44a8-4572-aff5-e9880a057d7b 34add67e354949de942c47890681cfb6 e52451296a844e78ba1620c352c87e98 - - default default] DELETE http://[LB_IP_ADDRESS]:8776/v3/e52451296a844e78ba1620c352c87e98/volumes/6c0d8d7a-2202-4e03-8ea9-28821325bcc4
2025-10-11 01:59:48.267 74 INFO cinder.api.v3.volumes [None req-0b7bc1c0-44a8-4572-aff5-e9880a057d7b 34add67e354949de942c47890681cfb6 e52451296a844e78ba1620c352c87e98 - - default default] Delete volume with id: 6c0d8d7a-2202-4e03-8ea9-28821325bcc4 
2025-10-11 01:59:48.277 73 INFO cinder.api.openstack.wsgi [None req-820f0488-686a-43c6-a7d2-398ffa26b467 bf32cf8ba767466fa282c5b7b64af9d7 eb711103d84c450996a57d2537a125fb - - default default] GET http://[LB_IP_ADDRESS]:8776/v3/eb711103d84c450996a57d2537a125fb/groups/b1f7dd88-feb1-4d28-b3d7-c47fd4a6aab7
2025-10-11 01:59:48.280 74 INFO cinder.volume.api [None req-0b7bc1c0-44a8-4572-aff5-e9880a057d7b 34add67e354949de942c47890681cfb6 e52451296a844e78ba1620c352c87e98 - - default default] Volume info retrieved successfully.
2025-10-11 01:59:48.292 73 INFO cinder.api.openstack.wsgi [None req-820f0488-686a-43c6-a7d2-398ffa26b467 bf32cf8ba767466fa282c5b7b64af9d7 eb711103d84c450996a57d2537a125fb - - default default] http://[LB_IP_ADDRESS]:8776/v3/eb711103d84c450996a57d2537a125fb/groups/b1f7dd88-feb1-4d28-b3d7-c47fd4a6aab7 returned with HTTP 200
2025-10-11 01:59:48.299 74 WARNING cinder.quota [None req-0b7bc1c0-44a8-4572-aff5-e9880a057d7b 34add67e354949de942c47890681cfb6 e52451296a844e78ba1620c352c87e98 - - default default] Deprecated: Default quota for resource: volumes_tempest-UserMessagesTest-volume-type-912962332 is set by the default quota flag: quota_volumes_tempest-UserMessagesTest-volume-type-912962332, it is now deprecated. Please use the default quota class for default quota.
2025-10-11 01:59:48.299 74 WARNING cinder.quota [None req-0b7bc1c0-44a8-4572-aff5-e9880a057d7b 34add67e354949de942c47890681cfb6 e52451296a844e78ba1620c352c87e98 - - default default] Deprecated: Default quota for resource: gigabytes_tempest-UserMessagesTest-volume-type-912962332 is set by the default quota flag: quota_gigabytes_tempest-UserMessagesTest-volume-type-912962332, it is now deprecated. Please use the default quota class for default quota.
2025-10-11 01:59:48.333 74 INFO cinder.volume.api [None req-0b7bc1c0-44a8-4572-aff5-e9880a057d7b 34add67e354949de942c47890681cfb6 e52451296a844e78ba1620c352c87e98 - - default default] Delete volume request issued successfully.
2025-10-11 01:59:48.334 74 INFO cinder.api.openstack.wsgi [None req-0b7bc1c0-44a8-4572-aff5-e9880a057d7b 34add67e354949de942c47890681cfb6 e52451296a844e78ba1620c352c87e98 - - default default] http://[LB_IP_ADDRESS]:8776/v3/e52451296a844e78ba1620c352c87e98/volumes/6c0d8d7a-2202-4e03-8ea9-28821325bcc4 returned with HTTP 202
2025-10-11 01:59:48.346 76 INFO cinder.api.openstack.wsgi [None req-51e6c25c-3acd-4db1-865a-6c1ac315a428 34add67e354949de942c47890681cfb6 e52451296a844e78ba1620c352c87e98 - - default default] GET http://[LB_IP_ADDRESS]:8776/v3/e52451296a844e78ba1620c352c87e98/volumes/6c0d8d7a-2202-4e03-8ea9-28821325bcc4
2025-10-11 01:59:48.357 76 INFO cinder.api.openstack.wsgi [None req-51e6c25c-3acd-4db1-865a-6c1ac315a428 34add67e354949de942c47890681cfb6 e52451296a844e78ba1620c352c87e98 - - default default] http://[LB_IP_ADDRESS]:8776/v3/e52451296a844e78ba1620c352c87e98/volumes/6c0d8d7a-2202-4e03-8ea9-28821325bcc4 returned with HTTP 404
2025-10-11 01:59:48.367 72 INFO cinder.api.openstack.wsgi [None req-460a529d-eb31-47e3-9a6b-00d7b3504224 8e37114d4893423cbd0a3fcbf509603a 92f8296bd28e41069281a6d3e60f0bef - - default default] DELETE http://[LB_IP_ADDRESS]:8776/v3/92f8296bd28e41069281a6d3e60f0bef/types/01d31a97-8bc9-451f-85a5-269a236b3870
2025-10-11 01:59:48.404 72 INFO cinder.api.openstack.wsgi [None req-460a529d-eb31-47e3-9a6b-00d7b3504224 8e37114d4893423cbd0a3fcbf509603a 92f8296bd28e41069281a6d3e60f0bef - - default default] http://[LB_IP_ADDRESS]:8776/v3/92f8296bd28e41069281a6d3e60f0bef/types/01d31a97-8bc9-451f-85a5-269a236b3870 returned with HTTP 202
2025-10-11 01:59:48.417 75 INFO cinder.api.openstack.wsgi [None req-99df7c01-c62f-4d98-aae3-823d57df356d 8e37114d4893423cbd0a3fcbf509603a 92f8296bd28e41069281a6d3e60f0bef - - default default] GET http://[LB_IP_ADDRESS]:8776/v3/92f8296bd28e41069281a6d3e60f0bef/types/01d31a97-8bc9-451f-85a5-269a236b3870
2025-10-11 01:59:48.423 75 INFO cinder.api.openstack.wsgi [None req-99df7c01-c62f-4d98-aae3-823d57df356d 8e37114d4893423cbd0a3fcbf509603a 92f8296bd28e41069281a6d3e60f0bef - - default default] http://[LB_IP_ADDRESS]:8776/v3/92f8296bd28e41069281a6d3e60f0bef/types/01d31a97-8bc9-451f-85a5-269a236b3870 returned with HTTP 404
2025-10-11 01:59:48.887 73 INFO cinder.api.openstack.wsgi [None req-14a8ad38-0995-46e0-86f2-0308f3ad74ba ed06fcfaf0124429806f74d32e1f2fac 387dbb573d05422caf3251c73ceed28c - - default default] GET http://[LB_IP_ADDRESS]:8776/v3/387dbb573d05422caf3251c73ceed28c/volumes/7d02cf0d-a3a4-4d92-905a-2ec13fcb7b5d
2025-10-11 01:59:48.903 73 INFO cinder.volume.api [None req-14a8ad38-0995-46e0-86f2-0308f3ad74ba ed06fcfaf0124429806f74d32e1f2fac 387dbb573d05422caf3251c73ceed28c - - default default] Volume info retrieved successfully.
2025-10-11 01:59:48.928 73 INFO cinder.api.openstack.wsgi [None req-14a8ad38-0995-46e0-86f2-0308f3ad74ba ed06fcfaf0124429806f74d32e1f2fac 387dbb573d05422caf3251c73ceed28c - - default default] http://[LB_IP_ADDRESS]:8776/v3/387dbb573d05422caf3251c73ceed28c/volumes/7d02cf0d-a3a4-4d92-905a-2ec13fcb7b5d returned with HTTP 200
2025-10-11 01:59:48.950 74 INFO cinder.api.openstack.wsgi [None req-fec285f1-6387-472a-bbd6-5acc6cdc0458 ed06fcfaf0124429806f74d32e1f2fac 387dbb573d05422caf3251c73ceed28c - - default default] POST http://[LB_IP_ADDRESS]:8776/v3/387dbb573d05422caf3251c73ceed28c/group_snapshots
2025-10-11 01:59:48.962 74 INFO cinder.api.v3.group_snapshots [None req-fec285f1-6387-472a-bbd6-5acc6cdc0458 ed06fcfaf0124429806f74d32e1f2fac 387dbb573d05422caf3251c73ceed28c - - default default] Creating group_snapshot tempest-group_snapshot-1446721868.
2025-10-11 01:59:48.993 74 WARNING cinder.quota [None req-fec285f1-6387-472a-bbd6-5acc6cdc0458 ed06fcfaf0124429806f74d32e1f2fac 387dbb573d05422caf3251c73ceed28c - - default default] Deprecated: Default quota for resource: snapshots_tempest-GroupSnapshotsTest-volume-type-638578097 is set by the default quota flag: quota_snapshots_tempest-GroupSnapshotsTest-volume-type-638578097, it is now deprecated. Please use the default quota class for default quota.
2025-10-11 01:59:49.031 74 INFO cinder.api.openstack.wsgi [None req-fec285f1-6387-472a-bbd6-5acc6cdc0458 ed06fcfaf0124429806f74d32e1f2fac 387dbb573d05422caf3251c73ceed28c - - default default] http://[LB_IP_ADDRESS]:8776/v3/387dbb573d05422caf3251c73ceed28c/group_snapshots returned with HTTP 202
2025-10-11 01:59:49.044 76 INFO cinder.api.openstack.wsgi [None req-71f602c0-99ef-4634-8002-1693fccfe808 ed06fcfaf0124429806f74d32e1f2fac 387dbb573d05422caf3251c73ceed28c - - default default] GET http://[LB_IP_ADDRESS]:8776/v3/387dbb573d05422caf3251c73ceed28c/group_snapshots/2dd4b89c-762d-43cd-8004-d8acba1d10c5
2025-10-11 01:59:49.055 76 INFO cinder.api.openstack.wsgi [None req-71f602c0-99ef-4634-8002-1693fccfe808 ed06fcfaf0124429806f74d32e1f2fac 387dbb573d05422caf3251c73ceed28c - - default default] http://[LB_IP_ADDRESS]:8776/v3/387dbb573d05422caf3251c73ceed28c/group_snapshots/2dd4b89c-762d-43cd-8004-d8acba1d10c5 returned with HTTP 200
2025-10-11 01:59:49.307 72 INFO cinder.api.openstack.wsgi [None req-e442bec0-d083-4246-8104-e39cb78f2c17 bf32cf8ba767466fa282c5b7b64af9d7 eb711103d84c450996a57d2537a125fb - - default default] GET http://[LB_IP_ADDRESS]:8776/v3/eb711103d84c450996a57d2537a125fb/groups/b1f7dd88-feb1-4d28-b3d7-c47fd4a6aab7
2025-10-11 01:59:49.310 72 INFO cinder.api.openstack.wsgi [None req-e442bec0-d083-4246-8104-e39cb78f2c17 bf32cf8ba767466fa282c5b7b64af9d7 eb711103d84c450996a57d2537a125fb - - default default] http://[LB_IP_ADDRESS]:8776/v3/eb711103d84c450996a57d2537a125fb/groups/b1f7dd88-feb1-4d28-b3d7-c47fd4a6aab7 returned with HTTP 404
2025-10-11 01:59:49.323 75 INFO cinder.api.openstack.wsgi [None req-fd08755b-e06a-4351-8e05-bdb0e389d76f 3dc2c113f3bb4e7e9ec6614566040fde d68f2927704044eab5fe437ad929fd3a - - default default] DELETE http://[LB_IP_ADDRESS]:8776/v3/d68f2927704044eab5fe437ad929fd3a/group_types/df1d8a55-9545-4890-a1a0-84bd757e3580
2025-10-11 01:59:49.339 75 INFO cinder.api.openstack.wsgi [None req-fd08755b-e06a-4351-8e05-bdb0e389d76f 3dc2c113f3bb4e7e9ec6614566040fde d68f2927704044eab5fe437ad929fd3a - - default default] http://[LB_IP_ADDRESS]:8776/v3/d68f2927704044eab5fe437ad929fd3a/group_types/df1d8a55-9545-4890-a1a0-84bd757e3580 returned with HTTP 202
2025-10-11 01:59:49.351 73 INFO cinder.api.openstack.wsgi [None req-bc4a41fc-738f-4883-8dd8-a3dabf8b7302 3dc2c113f3bb4e7e9ec6614566040fde d68f2927704044eab5fe437ad929fd3a - - default default] DELETE http://[LB_IP_ADDRESS]:8776/v3/d68f2927704044eab5fe437ad929fd3a/types/abc55287-c77b-4209-8808-630ed741fa5e
2025-10-11 01:59:49.380 73 INFO cinder.api.openstack.wsgi [None req-bc4a41fc-738f-4883-8dd8-a3dabf8b7302 3dc2c113f3bb4e7e9ec6614566040fde d68f2927704044eab5fe437ad929fd3a - - default default] http://[LB_IP_ADDRESS]:8776/v3/d68f2927704044eab5fe437ad929fd3a/types/abc55287-c77b-4209-8808-630ed741fa5e returned with HTTP 202
2025-10-11 01:59:49.393 74 INFO cinder.api.openstack.wsgi [None req-18171a92-e8f7-4136-b74a-9417600de2f8 3dc2c113f3bb4e7e9ec6614566040fde d68f2927704044eab5fe437ad929fd3a - - default default] GET http://[LB_IP_ADDRESS]:8776/v3/d68f2927704044eab5fe437ad929fd3a/types/abc55287-c77b-4209-8808-630ed741fa5e
2025-10-11 01:59:49.399 74 INFO cinder.api.openstack.wsgi [None req-18171a92-e8f7-4136-b74a-9417600de2f8 3dc2c113f3bb4e7e9ec6614566040fde d68f2927704044eab5fe437ad929fd3a - - default default] http://[LB_IP_ADDRESS]:8776/v3/d68f2927704044eab5fe437ad929fd3a/types/abc55287-c77b-4209-8808-630ed741fa5e returned with HTTP 404
2025-10-11 01:59:50.070 76 INFO cinder.api.openstack.wsgi [None req-5fc6c8c1-bdf2-4f69-b627-3a05591365e5 ed06fcfaf0124429806f74d32e1f2fac 387dbb573d05422caf3251c73ceed28c - - default default] GET http://[LB_IP_ADDRESS]:8776/v3/387dbb573d05422caf3251c73ceed28c/group_snapshots/2dd4b89c-762d-43cd-8004-d8acba1d10c5
2025-10-11 01:59:50.080 76 INFO cinder.api.openstack.wsgi [None req-5fc6c8c1-bdf2-4f69-b627-3a05591365e5 ed06fcfaf0124429806f74d32e1f2fac 387dbb573d05422caf3251c73ceed28c - - default default] http://[LB_IP_ADDRESS]:8776/v3/387dbb573d05422caf3251c73ceed28c/group_snapshots/2dd4b89c-762d-43cd-8004-d8acba1d10c5 returned with HTTP 200
2025-10-11 01:59:51.096 72 INFO cinder.api.openstack.wsgi [None req-4a8c8647-efd2-413d-99e9-ebcafcdffd90 ed06fcfaf0124429806f74d32e1f2fac 387dbb573d05422caf3251c73ceed28c - - default default] GET http://[LB_IP_ADDRESS]:8776/v3/387dbb573d05422caf3251c73ceed28c/group_snapshots/2dd4b89c-762d-43cd-8004-d8acba1d10c5
2025-10-11 01:59:51.106 72 INFO cinder.api.openstack.wsgi [None req-4a8c8647-efd2-413d-99e9-ebcafcdffd90 ed06fcfaf0124429806f74d32e1f2fac 387dbb573d05422caf3251c73ceed28c - - default default] http://[LB_IP_ADDRESS]:8776/v3/387dbb573d05422caf3251c73ceed28c/group_snapshots/2dd4b89c-762d-43cd-8004-d8acba1d10c5 returned with HTTP 200
2025-10-11 01:59:51.121 75 INFO cinder.api.openstack.wsgi [None req-b6fc7b21-9ada-4500-b6b0-6c81afa42649 ed06fcfaf0124429806f74d32e1f2fac 387dbb573d05422caf3251c73ceed28c - - default default] GET http://[LB_IP_ADDRESS]:8776/v3/387dbb573d05422caf3251c73ceed28c/snapshots/detail
2025-10-11 01:59:51.129 75 INFO cinder.volume.api [None req-b6fc7b21-9ada-4500-b6b0-6c81afa42649 ed06fcfaf0124429806f74d32e1f2fac 387dbb573d05422caf3251c73ceed28c - - default default] Get all snapshots completed successfully.
2025-10-11 01:59:51.130 75 INFO cinder.api.openstack.wsgi [None req-b6fc7b21-9ada-4500-b6b0-6c81afa42649 ed06fcfaf0124429806f74d32e1f2fac 387dbb573d05422caf3251c73ceed28c - - default default] http://[LB_IP_ADDRESS]:8776/v3/387dbb573d05422caf3251c73ceed28c/snapshots/detail returned with HTTP 200
2025-10-11 01:59:51.147 73 INFO cinder.api.openstack.wsgi [None req-9059e9d0-62bc-4b89-a26f-8d2f5fb983f2 ed06fcfaf0124429806f74d32e1f2fac 387dbb573d05422caf3251c73ceed28c - - default default] GET http://[LB_IP_ADDRESS]:8776/v3/387dbb573d05422caf3251c73ceed28c/snapshots/b6208385-5a54-4799-8746-04f4c6a3de48
2025-10-11 01:59:51.157 73 INFO cinder.volume.api [None req-9059e9d0-62bc-4b89-a26f-8d2f5fb983f2 ed06fcfaf0124429806f74d32e1f2fac 387dbb573d05422caf3251c73ceed28c - - default default] Snapshot retrieved successfully.
2025-10-11 01:59:51.158 73 INFO cinder.api.openstack.wsgi [None req-9059e9d0-62bc-4b89-a26f-8d2f5fb983f2 ed06fcfaf0124429806f74d32e1f2fac 387dbb573d05422caf3251c73ceed28c - - default default] http://[LB_IP_ADDRESS]:8776/v3/387dbb573d05422caf3251c73ceed28c/snapshots/b6208385-5a54-4799-8746-04f4c6a3de48 returned with HTTP 200
2025-10-11 01:59:51.174 74 INFO cinder.api.openstack.wsgi [None req-beeede50-6381-43a4-b564-c38fc4c06adc ed06fcfaf0124429806f74d32e1f2fac 387dbb573d05422caf3251c73ceed28c - - default default] GET http://[LB_IP_ADDRESS]:8776/v3/387dbb573d05422caf3251c73ceed28c/group_snapshots/2dd4b89c-762d-43cd-8004-d8acba1d10c5
2025-10-11 01:59:51.185 74 INFO cinder.api.openstack.wsgi [None req-beeede50-6381-43a4-b564-c38fc4c06adc ed06fcfaf0124429806f74d32e1f2fac 387dbb573d05422caf3251c73ceed28c - - default default] http://[LB_IP_ADDRESS]:8776/v3/387dbb573d05422caf3251c73ceed28c/group_snapshots/2dd4b89c-762d-43cd-8004-d8acba1d10c5 returned with HTTP 200
2025-10-11 01:59:51.199 76 INFO cinder.api.openstack.wsgi [None req-c7b44697-7f82-48bb-96ec-8193bfd60a29 ed06fcfaf0124429806f74d32e1f2fac 387dbb573d05422caf3251c73ceed28c - - default default] GET http://[LB_IP_ADDRESS]:8776/v3/387dbb573d05422caf3251c73ceed28c/group_snapshots/detail
2025-10-11 01:59:51.211 76 INFO cinder.api.openstack.wsgi [None req-c7b44697-7f82-48bb-96ec-8193bfd60a29 ed06fcfaf0124429806f74d32e1f2fac 387dbb573d05422caf3251c73ceed28c - - default default] http://[LB_IP_ADDRESS]:8776/v3/387dbb573d05422caf3251c73ceed28c/group_snapshots/detail returned with HTTP 200
2025-10-11 01:59:51.225 72 INFO cinder.api.openstack.wsgi [None req-8a98fee9-f120-439f-b578-3e26730530e6 ed06fcfaf0124429806f74d32e1f2fac 387dbb573d05422caf3251c73ceed28c - - default default] DELETE http://[LB_IP_ADDRESS]:8776/v3/387dbb573d05422caf3251c73ceed28c/group_snapshots/2dd4b89c-762d-43cd-8004-d8acba1d10c5
2025-10-11 01:59:51.226 72 INFO cinder.api.v3.group_snapshots [None req-8a98fee9-f120-439f-b578-3e26730530e6 ed06fcfaf0124429806f74d32e1f2fac 387dbb573d05422caf3251c73ceed28c - - default default] Delete group_snapshot with id: 2dd4b89c-762d-43cd-8004-d8acba1d10c5
2025-10-11 01:59:51.255 72 INFO cinder.api.openstack.wsgi [None req-8a98fee9-f120-439f-b578-3e26730530e6 ed06fcfaf0124429806f74d32e1f2fac 387dbb573d05422caf3251c73ceed28c - - default default] http://[LB_IP_ADDRESS]:8776/v3/387dbb573d05422caf3251c73ceed28c/group_snapshots/2dd4b89c-762d-43cd-8004-d8acba1d10c5 returned with HTTP 202
2025-10-11 01:59:51.266 75 INFO cinder.api.openstack.wsgi [None req-a7fd2a8e-bda0-4b2a-b50a-82913b79fe25 ed06fcfaf0124429806f74d32e1f2fac 387dbb573d05422caf3251c73ceed28c - - default default] GET http://[LB_IP_ADDRESS]:8776/v3/387dbb573d05422caf3251c73ceed28c/volumes/detail
2025-10-11 01:59:51.280 75 INFO cinder.volume.api [None req-a7fd2a8e-bda0-4b2a-b50a-82913b79fe25 ed06fcfaf0124429806f74d32e1f2fac 387dbb573d05422caf3251c73ceed28c - - default default] Get all volumes completed successfully.
2025-10-11 01:59:51.296 75 INFO cinder.api.openstack.wsgi [None req-a7fd2a8e-bda0-4b2a-b50a-82913b79fe25 ed06fcfaf0124429806f74d32e1f2fac 387dbb573d05422caf3251c73ceed28c - - default default] http://[LB_IP_ADDRESS]:8776/v3/387dbb573d05422caf3251c73ceed28c/volumes/detail returned with HTTP 200
2025-10-11 01:59:51.326 73 INFO cinder.api.openstack.wsgi [None req-20b5309d-4362-43b9-869c-f9151df57a86 ed06fcfaf0124429806f74d32e1f2fac 387dbb573d05422caf3251c73ceed28c - - default default] GET http://[LB_IP_ADDRESS]:8776/v3/387dbb573d05422caf3251c73ceed28c/snapshots/detail
2025-10-11 01:59:51.334 73 INFO cinder.volume.api [None req-20b5309d-4362-43b9-869c-f9151df57a86 ed06fcfaf0124429806f74d32e1f2fac 387dbb573d05422caf3251c73ceed28c - - default default] Get all snapshots completed successfully.
2025-10-11 01:59:51.335 73 INFO cinder.api.openstack.wsgi [None req-20b5309d-4362-43b9-869c-f9151df57a86 ed06fcfaf0124429806f74d32e1f2fac 387dbb573d05422caf3251c73ceed28c - - default default] http://[LB_IP_ADDRESS]:8776/v3/387dbb573d05422caf3251c73ceed28c/snapshots/detail returned with HTTP 200
2025-10-11 01:59:51.366 74 INFO cinder.api.openstack.wsgi [None req-a3e925e7-a585-400a-a3c0-f58f73f1fc9a ed06fcfaf0124429806f74d32e1f2fac 387dbb573d05422caf3251c73ceed28c - - default default] GET http://[LB_IP_ADDRESS]:8776/v3/387dbb573d05422caf3251c73ceed28c/snapshots/b6208385-5a54-4799-8746-04f4c6a3de48
2025-10-11 01:59:51.375 74 INFO cinder.volume.api [None req-a3e925e7-a585-400a-a3c0-f58f73f1fc9a ed06fcfaf0124429806f74d32e1f2fac 387dbb573d05422caf3251c73ceed28c - - default default] Snapshot retrieved successfully.
2025-10-11 01:59:51.376 74 INFO cinder.api.openstack.wsgi [None req-a3e925e7-a585-400a-a3c0-f58f73f1fc9a ed06fcfaf0124429806f74d32e1f2fac 387dbb573d05422caf3251c73ceed28c - - default default] http://[LB_IP_ADDRESS]:8776/v3/387dbb573d05422caf3251c73ceed28c/snapshots/b6208385-5a54-4799-8746-04f4c6a3de48 returned with HTTP 200
2025-10-11 01:59:51.983 76 INFO cinder.api.openstack.wsgi [None req-11dd323d-a45d-4b7c-90a4-457bafeab423 bf2171834cd74c63ae670252444c9e2c 49c2aa6928384b1d9cf1479c846e2740 - - default default] GET http://[LB_IP_ADDRESS]:8776/v3/49c2aa6928384b1d9cf1479c846e2740/os-quota-sets/1f2eeca037d94ccba97c8fc91afb20e8
2025-10-11 01:59:52.004 76 WARNING cinder.quota [None req-11dd323d-a45d-4b7c-90a4-457bafeab423 bf2171834cd74c63ae670252444c9e2c 49c2aa6928384b1d9cf1479c846e2740 - - default default] Deprecated: Default quota for resource: volumes_tempest-GroupSnapshotsTest-volume-type-638578097 is set by the default quota flag: quota_volumes_tempest-GroupSnapshotsTest-volume-type-638578097, it is now deprecated. Please use the default quota class for default quota.
2025-10-11 01:59:52.004 76 WARNING cinder.quota [None req-11dd323d-a45d-4b7c-90a4-457bafeab423 bf2171834cd74c63ae670252444c9e2c 49c2aa6928384b1d9cf1479c846e2740 - - default default] Deprecated: Default quota for resource: gigabytes_tempest-GroupSnapshotsTest-volume-type-638578097 is set by the default quota flag: quota_gigabytes_tempest-GroupSnapshotsTest-volume-type-638578097, it is now deprecated. Please use the default quota class for default quota.
2025-10-11 01:59:52.005 76 WARNING cinder.quota [None req-11dd323d-a45d-4b7c-90a4-457bafeab423 bf2171834cd74c63ae670252444c9e2c 49c2aa6928384b1d9cf1479c846e2740 - - default default] Deprecated: Default quota for resource: snapshots_tempest-GroupSnapshotsTest-volume-type-638578097 is set by the default quota flag: quota_snapshots_tempest-GroupSnapshotsTest-volume-type-638578097, it is now deprecated. Please use the default quota class for default quota.
2025-10-11 01:59:52.014 76 INFO cinder.api.openstack.wsgi [None req-11dd323d-a45d-4b7c-90a4-457bafeab423 bf2171834cd74c63ae670252444c9e2c 49c2aa6928384b1d9cf1479c846e2740 - - default default] http://[LB_IP_ADDRESS]:8776/v3/49c2aa6928384b1d9cf1479c846e2740/os-quota-sets/1f2eeca037d94ccba97c8fc91afb20e8 returned with HTTP 200
2025-10-11 01:59:52.099 72 INFO cinder.api.openstack.wsgi [None req-25eed29e-bf94-4de9-868f-cd746e71a276 d594a3446ddb44858235b6de90e7d613 1f2eeca037d94ccba97c8fc91afb20e8 - - default default] POST http://[LB_IP_ADDRESS]:8776/v3/1f2eeca037d94ccba97c8fc91afb20e8/volumes
2025-10-11 01:59:52.103 72 INFO cinder.api.v3.volumes [None req-25eed29e-bf94-4de9-868f-cd746e71a276 d594a3446ddb44858235b6de90e7d613 1f2eeca037d94ccba97c8fc91afb20e8 - - default default] Create volume of 1 GB
2025-10-11 01:59:52.110 72 INFO cinder.volume.api [None req-25eed29e-bf94-4de9-868f-cd746e71a276 d594a3446ddb44858235b6de90e7d613 1f2eeca037d94ccba97c8fc91afb20e8 - - default default] Availability Zones retrieved successfully.
2025-10-11 01:59:52.282 72 INFO cinder.volume.api [None req-25eed29e-bf94-4de9-868f-cd746e71a276 d594a3446ddb44858235b6de90e7d613 1f2eeca037d94ccba97c8fc91afb20e8 - - default default] Create volume request issued successfully.
2025-10-11 01:59:52.283 72 INFO cinder.api.openstack.wsgi [None req-25eed29e-bf94-4de9-868f-cd746e71a276 d594a3446ddb44858235b6de90e7d613 1f2eeca037d94ccba97c8fc91afb20e8 - - default default] http://[LB_IP_ADDRESS]:8776/v3/1f2eeca037d94ccba97c8fc91afb20e8/volumes returned with HTTP 202
2025-10-11 01:59:52.303 75 INFO cinder.api.openstack.wsgi [None req-5608cd4e-950c-49e3-bbeb-d686c887614c d594a3446ddb44858235b6de90e7d613 1f2eeca037d94ccba97c8fc91afb20e8 - - default default] GET http://[LB_IP_ADDRESS]:8776/v3/1f2eeca037d94ccba97c8fc91afb20e8/volumes/198f4285-6d17-473f-9b8d-ed6627136fb4
2025-10-11 01:59:52.319 75 INFO cinder.volume.api [None req-5608cd4e-950c-49e3-bbeb-d686c887614c d594a3446ddb44858235b6de90e7d613 1f2eeca037d94ccba97c8fc91afb20e8 - - default default] Volume info retrieved successfully.
2025-10-11 01:59:52.323 75 INFO cinder.api.openstack.wsgi [None req-5608cd4e-950c-49e3-bbeb-d686c887614c d594a3446ddb44858235b6de90e7d613 1f2eeca037d94ccba97c8fc91afb20e8 - - default default] http://[LB_IP_ADDRESS]:8776/v3/1f2eeca037d94ccba97c8fc91afb20e8/volumes/198f4285-6d17-473f-9b8d-ed6627136fb4 returned with HTTP 200
2025-10-11 01:59:52.392 73 INFO cinder.api.openstack.wsgi [None req-a3f22351-488e-4387-a99a-8d42157cbbea ed06fcfaf0124429806f74d32e1f2fac 387dbb573d05422caf3251c73ceed28c - - default default] GET http://[LB_IP_ADDRESS]:8776/v3/387dbb573d05422caf3251c73ceed28c/snapshots/b6208385-5a54-4799-8746-04f4c6a3de48
2025-10-11 01:59:52.399 73 INFO cinder.api.openstack.wsgi [None req-a3f22351-488e-4387-a99a-8d42157cbbea ed06fcfaf0124429806f74d32e1f2fac 387dbb573d05422caf3251c73ceed28c - - default default] http://[LB_IP_ADDRESS]:8776/v3/387dbb573d05422caf3251c73ceed28c/snapshots/b6208385-5a54-4799-8746-04f4c6a3de48 returned with HTTP 404
2025-10-11 01:59:52.412 74 INFO cinder.api.openstack.wsgi [None req-8f4afc42-36b0-4509-b1bc-c813d411f973 ed06fcfaf0124429806f74d32e1f2fac 387dbb573d05422caf3251c73ceed28c - - default default] GET http://[LB_IP_ADDRESS]:8776/v3/387dbb573d05422caf3251c73ceed28c/group_snapshots/2dd4b89c-762d-43cd-8004-d8acba1d10c5
2025-10-11 01:59:52.417 74 INFO cinder.api.openstack.wsgi [None req-8f4afc42-36b0-4509-b1bc-c813d411f973 ed06fcfaf0124429806f74d32e1f2fac 387dbb573d05422caf3251c73ceed28c - - default default] http://[LB_IP_ADDRESS]:8776/v3/387dbb573d05422caf3251c73ceed28c/group_snapshots/2dd4b89c-762d-43cd-8004-d8acba1d10c5 returned with HTTP 404
2025-10-11 01:59:52.431 76 INFO cinder.api.openstack.wsgi [None req-f44bfa0c-633c-4af6-8839-8e4e2398c73b ed06fcfaf0124429806f74d32e1f2fac 387dbb573d05422caf3251c73ceed28c - - default default] GET http://[LB_IP_ADDRESS]:8776/v3/387dbb573d05422caf3251c73ceed28c/group_snapshots
2025-10-11 01:59:52.438 76 INFO cinder.api.openstack.wsgi [None req-f44bfa0c-633c-4af6-8839-8e4e2398c73b ed06fcfaf0124429806f74d32e1f2fac 387dbb573d05422caf3251c73ceed28c - - default default] http://[LB_IP_ADDRESS]:8776/v3/387dbb573d05422caf3251c73ceed28c/group_snapshots returned with HTTP 200
2025-10-11 01:59:52.453 72 INFO cinder.api.openstack.wsgi [None req-20a3d1bb-05bb-4bd4-9f93-06bf72fa255c ed06fcfaf0124429806f74d32e1f2fac 387dbb573d05422caf3251c73ceed28c - - default default] DELETE http://[LB_IP_ADDRESS]:8776/v3/387dbb573d05422caf3251c73ceed28c/group_snapshots/2dd4b89c-762d-43cd-8004-d8acba1d10c5
2025-10-11 01:59:52.454 72 INFO cinder.api.v3.group_snapshots [None req-20a3d1bb-05bb-4bd4-9f93-06bf72fa255c ed06fcfaf0124429806f74d32e1f2fac 387dbb573d05422caf3251c73ceed28c - - default default] Delete group_snapshot with id: 2dd4b89c-762d-43cd-8004-d8acba1d10c5
2025-10-11 01:59:52.458 72 INFO cinder.api.openstack.wsgi [None req-20a3d1bb-05bb-4bd4-9f93-06bf72fa255c ed06fcfaf0124429806f74d32e1f2fac 387dbb573d05422caf3251c73ceed28c - - default default] http://[LB_IP_ADDRESS]:8776/v3/387dbb573d05422caf3251c73ceed28c/group_snapshots/2dd4b89c-762d-43cd-8004-d8acba1d10c5 returned with HTTP 404
2025-10-11 01:59:52.471 75 INFO cinder.api.openstack.wsgi [None req-46699d23-6d55-4d88-a879-d3481ec0fd05 ed06fcfaf0124429806f74d32e1f2fac 387dbb573d05422caf3251c73ceed28c - - default default] GET http://[LB_IP_ADDRESS]:8776/v3/387dbb573d05422caf3251c73ceed28c/volumes/detail
2025-10-11 01:59:52.491 75 INFO cinder.volume.api [None req-46699d23-6d55-4d88-a879-d3481ec0fd05 ed06fcfaf0124429806f74d32e1f2fac 387dbb573d05422caf3251c73ceed28c - - default default] Get all volumes completed successfully.
2025-10-11 01:59:52.517 75 INFO cinder.api.openstack.wsgi [None req-46699d23-6d55-4d88-a879-d3481ec0fd05 ed06fcfaf0124429806f74d32e1f2fac 387dbb573d05422caf3251c73ceed28c - - default default] http://[LB_IP_ADDRESS]:8776/v3/387dbb573d05422caf3251c73ceed28c/volumes/detail returned with HTTP 200
2025-10-11 01:59:52.540 73 INFO cinder.api.openstack.wsgi [None req-b8de59a8-e967-4b8c-ba8c-45725bc8773f ed06fcfaf0124429806f74d32e1f2fac 387dbb573d05422caf3251c73ceed28c - - default default] POST http://[LB_IP_ADDRESS]:8776/v3/387dbb573d05422caf3251c73ceed28c/groups/215e77be-8558-41ce-9bec-d0e5f6159665/action
2025-10-11 01:59:52.546 73 INFO cinder.api.v3.groups [None req-b8de59a8-e967-4b8c-ba8c-45725bc8773f ed06fcfaf0124429806f74d32e1f2fac 387dbb573d05422caf3251c73ceed28c - - default default] Delete group with id: 215e77be-8558-41ce-9bec-d0e5f6159665
2025-10-11 01:59:52.585 73 INFO cinder.api.openstack.wsgi [None req-b8de59a8-e967-4b8c-ba8c-45725bc8773f ed06fcfaf0124429806f74d32e1f2fac 387dbb573d05422caf3251c73ceed28c - - default default] http://[LB_IP_ADDRESS]:8776/v3/387dbb573d05422caf3251c73ceed28c/groups/215e77be-8558-41ce-9bec-d0e5f6159665/action returned with HTTP 202
2025-10-11 01:59:52.599 74 INFO cinder.api.openstack.wsgi [None req-68d92d6b-be38-41ee-914c-414a6123c2ca ed06fcfaf0124429806f74d32e1f2fac 387dbb573d05422caf3251c73ceed28c - - default default] GET http://[LB_IP_ADDRESS]:8776/v3/387dbb573d05422caf3251c73ceed28c/volumes/7d02cf0d-a3a4-4d92-905a-2ec13fcb7b5d
2025-10-11 01:59:52.617 74 INFO cinder.volume.api [None req-68d92d6b-be38-41ee-914c-414a6123c2ca ed06fcfaf0124429806f74d32e1f2fac 387dbb573d05422caf3251c73ceed28c - - default default] Volume info retrieved successfully.
2025-10-11 01:59:52.632 74 INFO cinder.api.openstack.wsgi [None req-68d92d6b-be38-41ee-914c-414a6123c2ca ed06fcfaf0124429806f74d32e1f2fac 387dbb573d05422caf3251c73ceed28c - - default default] http://[LB_IP_ADDRESS]:8776/v3/387dbb573d05422caf3251c73ceed28c/volumes/7d02cf0d-a3a4-4d92-905a-2ec13fcb7b5d returned with HTTP 200
2025-10-11 01:59:52.901 76 INFO cinder.api.openstack.wsgi [None req-c2f20f8f-aeb5-4afb-9158-a7077cd83a4b 70fdc3f3008b43feae8c3024fab3252b b8582970cf7f4c599fb8f89b94a8d3e9 - - default default] GET http://[LB_IP_ADDRESS]:8776/v3/b8582970cf7f4c599fb8f89b94a8d3e9/os-hosts
2025-10-11 01:59:52.912 76 INFO cinder.api.openstack.wsgi [None req-c2f20f8f-aeb5-4afb-9158-a7077cd83a4b 70fdc3f3008b43feae8c3024fab3252b b8582970cf7f4c599fb8f89b94a8d3e9 - - default default] http://[LB_IP_ADDRESS]:8776/v3/b8582970cf7f4c599fb8f89b94a8d3e9/os-hosts returned with HTTP 200
2025-10-11 01:59:52.930 72 INFO cinder.api.openstack.wsgi [None req-abb1e701-81c5-44df-ba41-15d96fec0230 70fdc3f3008b43feae8c3024fab3252b b8582970cf7f4c599fb8f89b94a8d3e9 - - default default] GET http://[LB_IP_ADDRESS]:8776/v3/b8582970cf7f4c599fb8f89b94a8d3e9/os-hosts
2025-10-11 01:59:52.938 72 INFO cinder.api.openstack.wsgi [None req-abb1e701-81c5-44df-ba41-15d96fec0230 70fdc3f3008b43feae8c3024fab3252b b8582970cf7f4c599fb8f89b94a8d3e9 - - default default] http://[LB_IP_ADDRESS]:8776/v3/b8582970cf7f4c599fb8f89b94a8d3e9/os-hosts returned with HTTP 200
2025-10-11 01:59:52.956 75 INFO cinder.api.openstack.wsgi [None req-33e0a9b6-eef7-4aa3-bdaf-230c7700a8a4 70fdc3f3008b43feae8c3024fab3252b b8582970cf7f4c599fb8f89b94a8d3e9 - - default default] GET http://[LB_IP_ADDRESS]:8776/v3/b8582970cf7f4c599fb8f89b94a8d3e9/os-hosts/rack05-server66@LIGHTOSphszul
2025-10-11 01:59:52.980 75 INFO cinder.api.openstack.wsgi [None req-33e0a9b6-eef7-4aa3-bdaf-230c7700a8a4 70fdc3f3008b43feae8c3024fab3252b b8582970cf7f4c599fb8f89b94a8d3e9 - - default default] http://[LB_IP_ADDRESS]:8776/v3/b8582970cf7f4c599fb8f89b94a8d3e9/os-hosts/rack05-server66@LIGHTOSphszul returned with HTTP 200
2025-10-11 01:59:53.344 73 INFO cinder.api.openstack.wsgi [None req-6d890419-fc2a-4aaf-b959-86941b12b0f2 d594a3446ddb44858235b6de90e7d613 1f2eeca037d94ccba97c8fc91afb20e8 - - default default] GET http://[LB_IP_ADDRESS]:8776/v3/1f2eeca037d94ccba97c8fc91afb20e8/volumes/198f4285-6d17-473f-9b8d-ed6627136fb4
2025-10-11 01:59:53.362 73 INFO cinder.volume.api [None req-6d890419-fc2a-4aaf-b959-86941b12b0f2 d594a3446ddb44858235b6de90e7d613 1f2eeca037d94ccba97c8fc91afb20e8 - - default default] Volume info retrieved successfully.
2025-10-11 01:59:53.367 73 INFO cinder.api.openstack.wsgi [None req-6d890419-fc2a-4aaf-b959-86941b12b0f2 d594a3446ddb44858235b6de90e7d613 1f2eeca037d94ccba97c8fc91afb20e8 - - default default] http://[LB_IP_ADDRESS]:8776/v3/1f2eeca037d94ccba97c8fc91afb20e8/volumes/198f4285-6d17-473f-9b8d-ed6627136fb4 returned with HTTP 200
2025-10-11 01:59:53.391 74 INFO cinder.api.openstack.wsgi [None req-664675a3-2f2c-454a-a3b7-cea8d5f9426a bf2171834cd74c63ae670252444c9e2c 49c2aa6928384b1d9cf1479c846e2740 - - default default] PUT http://[LB_IP_ADDRESS]:8776/v3/49c2aa6928384b1d9cf1479c846e2740/os-quota-sets/1f2eeca037d94ccba97c8fc91afb20e8
2025-10-11 01:59:53.468 74 INFO cinder.api.openstack.wsgi [None req-664675a3-2f2c-454a-a3b7-cea8d5f9426a bf2171834cd74c63ae670252444c9e2c 49c2aa6928384b1d9cf1479c846e2740 - - default default] http://[LB_IP_ADDRESS]:8776/v3/49c2aa6928384b1d9cf1479c846e2740/os-quota-sets/1f2eeca037d94ccba97c8fc91afb20e8 returned with HTTP 200
2025-10-11 01:59:53.483 76 INFO cinder.api.openstack.wsgi [None req-e2b4fda0-9fe3-4d74-bd02-920769e6d36c d594a3446ddb44858235b6de90e7d613 1f2eeca037d94ccba97c8fc91afb20e8 - - default default] POST http://[LB_IP_ADDRESS]:8776/v3/1f2eeca037d94ccba97c8fc91afb20e8/volumes
2025-10-11 01:59:53.486 76 INFO cinder.api.v3.volumes [None req-e2b4fda0-9fe3-4d74-bd02-920769e6d36c d594a3446ddb44858235b6de90e7d613 1f2eeca037d94ccba97c8fc91afb20e8 - - default default] Create volume of 2 GB
2025-10-11 01:59:53.495 76 INFO cinder.volume.api [None req-e2b4fda0-9fe3-4d74-bd02-920769e6d36c d594a3446ddb44858235b6de90e7d613 1f2eeca037d94ccba97c8fc91afb20e8 - - default default] Availability Zones retrieved successfully.
2025-10-11 01:59:53.570 76 WARNING cinder.quota_utils [None req-e2b4fda0-9fe3-4d74-bd02-920769e6d36c d594a3446ddb44858235b6de90e7d613 1f2eeca037d94ccba97c8fc91afb20e8 - - default default] Quota exceeded for 1f2eeca037d94ccba97c8fc91afb20e8, tried to create 2G volume (1G of 1G already consumed).: cinder.exception.OverQuota: Quota exceeded for resources: ['gigabytes']
2025-10-11 01:59:53.572 76 WARNING cinder.volume.api [None req-e2b4fda0-9fe3-4d74-bd02-920769e6d36c d594a3446ddb44858235b6de90e7d613 1f2eeca037d94ccba97c8fc91afb20e8 - - default default] Task 'cinder.volume.flows.api.create_volume.QuotaReserveTask;volume:create' (49205f53-47c9-4906-8320-8fbd8ddfab5b) transitioned into state 'FAILURE' from state 'RUNNING'

Failure: cinder.exception.VolumeSizeExceedsAvailableQuota: Requested volume or snapshot exceeds allowed gigabytes quota. Requested 2G, quota is 1G and 1G has been consumed.
2025-10-11 01:59:53.575 76 WARNING cinder.volume.api [None req-e2b4fda0-9fe3-4d74-bd02-920769e6d36c d594a3446ddb44858235b6de90e7d613 1f2eeca037d94ccba97c8fc91afb20e8 - - default default] Task 'cinder.volume.flows.api.create_volume.QuotaReserveTask;volume:create' (49205f53-47c9-4906-8320-8fbd8ddfab5b) transitioned into state 'REVERTED' from state 'REVERTING'
2025-10-11 01:59:53.576 76 WARNING cinder.volume.api [None req-e2b4fda0-9fe3-4d74-bd02-920769e6d36c d594a3446ddb44858235b6de90e7d613 1f2eeca037d94ccba97c8fc91afb20e8 - - default default] Task 'cinder.volume.flows.api.create_volume.ExtractVolumeRequestTask;volume:create' (ad702155-58e2-4b55-a1b9-a31dfdcf3a1c) transitioned into state 'REVERTED' from state 'REVERTING'
2025-10-11 01:59:53.577 76 WARNING cinder.volume.api [None req-e2b4fda0-9fe3-4d74-bd02-920769e6d36c d594a3446ddb44858235b6de90e7d613 1f2eeca037d94ccba97c8fc91afb20e8 - - default default] Flow 'volume_create_api' (4708de39-38a2-4c02-b4e7-fee569b11dbb) transitioned into state 'REVERTED' from state 'RUNNING'
2025-10-11 01:59:53.578 76 INFO cinder.api.middleware.fault [None req-e2b4fda0-9fe3-4d74-bd02-920769e6d36c d594a3446ddb44858235b6de90e7d613 1f2eeca037d94ccba97c8fc91afb20e8 - - default default] http://[LB_IP_ADDRESS]:8776/v3/1f2eeca037d94ccba97c8fc91afb20e8/volumes returned with HTTP 413
2025-10-11 01:59:53.593 72 INFO cinder.api.openstack.wsgi [None req-0d7b1cee-eb60-49f3-862d-bb9d1c042759 bf2171834cd74c63ae670252444c9e2c 49c2aa6928384b1d9cf1479c846e2740 - - default default] PUT http://[LB_IP_ADDRESS]:8776/v3/49c2aa6928384b1d9cf1479c846e2740/os-quota-sets/1f2eeca037d94ccba97c8fc91afb20e8
2025-10-11 01:59:53.639 72 WARNING cinder.quota [None req-0d7b1cee-eb60-49f3-862d-bb9d1c042759 bf2171834cd74c63ae670252444c9e2c 49c2aa6928384b1d9cf1479c846e2740 - - default default] Deprecated: Default quota for resource: volumes_tempest-GroupSnapshotsTest-volume-type-638578097 is set by the default quota flag: quota_volumes_tempest-GroupSnapshotsTest-volume-type-638578097, it is now deprecated. Please use the default quota class for default quota.
2025-10-11 01:59:53.640 72 WARNING cinder.quota [None req-0d7b1cee-eb60-49f3-862d-bb9d1c042759 bf2171834cd74c63ae670252444c9e2c 49c2aa6928384b1d9cf1479c846e2740 - - default default] Deprecated: Default quota for resource: gigabytes_tempest-GroupSnapshotsTest-volume-type-638578097 is set by the default quota flag: quota_gigabytes_tempest-GroupSnapshotsTest-volume-type-638578097, it is now deprecated. Please use the default quota class for default quota.
2025-10-11 01:59:53.640 72 WARNING cinder.quota [None req-0d7b1cee-eb60-49f3-862d-bb9d1c042759 bf2171834cd74c63ae670252444c9e2c 49c2aa6928384b1d9cf1479c846e2740 - - default default] Deprecated: Default quota for resource: snapshots_tempest-GroupSnapshotsTest-volume-type-638578097 is set by the default quota flag: quota_snapshots_tempest-GroupSnapshotsTest-volume-type-638578097, it is now deprecated. Please use the default quota class for default quota.
2025-10-11 01:59:53.650 75 INFO cinder.api.openstack.wsgi [None req-ae131df9-0091-4c93-b823-2566844e7cfa ed06fcfaf0124429806f74d32e1f2fac 387dbb573d05422caf3251c73ceed28c - - default default] GET http://[LB_IP_ADDRESS]:8776/v3/387dbb573d05422caf3251c73ceed28c/volumes/7d02cf0d-a3a4-4d92-905a-2ec13fcb7b5d
2025-10-11 01:59:53.651 72 INFO cinder.api.openstack.wsgi [None req-0d7b1cee-eb60-49f3-862d-bb9d1c042759 bf2171834cd74c63ae670252444c9e2c 49c2aa6928384b1d9cf1479c846e2740 - - default default] http://[LB_IP_ADDRESS]:8776/v3/49c2aa6928384b1d9cf1479c846e2740/os-quota-sets/1f2eeca037d94ccba97c8fc91afb20e8 returned with HTTP 200
2025-10-11 01:59:53.657 75 INFO cinder.api.openstack.wsgi [None req-ae131df9-0091-4c93-b823-2566844e7cfa ed06fcfaf0124429806f74d32e1f2fac 387dbb573d05422caf3251c73ceed28c - - default default] http://[LB_IP_ADDRESS]:8776/v3/387dbb573d05422caf3251c73ceed28c/volumes/7d02cf0d-a3a4-4d92-905a-2ec13fcb7b5d returned with HTTP 404
2025-10-11 01:59:53.664 74 INFO cinder.api.openstack.wsgi [None req-fd5bed7d-5a6d-4a88-baf8-3675acf5c495 ed06fcfaf0124429806f74d32e1f2fac 387dbb573d05422caf3251c73ceed28c - - default default] GET http://[LB_IP_ADDRESS]:8776/v3/387dbb573d05422caf3251c73ceed28c/groups/215e77be-8558-41ce-9bec-d0e5f6159665
2025-10-11 01:59:53.665 73 INFO cinder.api.openstack.wsgi [None req-e1ed73ea-75b4-41bd-9448-ddf3ef8b5875 d594a3446ddb44858235b6de90e7d613 1f2eeca037d94ccba97c8fc91afb20e8 - - default default] POST http://[LB_IP_ADDRESS]:8776/v3/1f2eeca037d94ccba97c8fc91afb20e8/volumes
2025-10-11 01:59:53.670 73 INFO cinder.api.v3.volumes [None req-e1ed73ea-75b4-41bd-9448-ddf3ef8b5875 d594a3446ddb44858235b6de90e7d613 1f2eeca037d94ccba97c8fc91afb20e8 - - default default] Create volume of 1 GB
2025-10-11 01:59:53.670 74 INFO cinder.api.openstack.wsgi [None req-fd5bed7d-5a6d-4a88-baf8-3675acf5c495 ed06fcfaf0124429806f74d32e1f2fac 387dbb573d05422caf3251c73ceed28c - - default default] http://[LB_IP_ADDRESS]:8776/v3/387dbb573d05422caf3251c73ceed28c/groups/215e77be-8558-41ce-9bec-d0e5f6159665 returned with HTTP 404
2025-10-11 01:59:53.677 73 INFO cinder.volume.api [None req-e1ed73ea-75b4-41bd-9448-ddf3ef8b5875 d594a3446ddb44858235b6de90e7d613 1f2eeca037d94ccba97c8fc91afb20e8 - - default default] Availability Zones retrieved successfully.
2025-10-11 01:59:53.684 76 INFO cinder.api.openstack.wsgi [None req-071d1d1c-597e-4e1e-9c17-d51329c4325c ff4d4e9853554dae9c67482c522e2d90 35b914a32c7748b2a82057d66b03c24a - - default default] DELETE http://[LB_IP_ADDRESS]:8776/v3/35b914a32c7748b2a82057d66b03c24a/group_types/ba9e07f1-e1cb-442f-84fb-d776043acf4f
2025-10-11 01:59:53.703 76 INFO cinder.api.openstack.wsgi [None req-071d1d1c-597e-4e1e-9c17-d51329c4325c ff4d4e9853554dae9c67482c522e2d90 35b914a32c7748b2a82057d66b03c24a - - default default] http://[LB_IP_ADDRESS]:8776/v3/35b914a32c7748b2a82057d66b03c24a/group_types/ba9e07f1-e1cb-442f-84fb-d776043acf4f returned with HTTP 202
2025-10-11 01:59:53.711 72 INFO cinder.api.openstack.wsgi [None req-7e2665ce-d5d1-4e9a-820e-0dfc95be0699 ff4d4e9853554dae9c67482c522e2d90 35b914a32c7748b2a82057d66b03c24a - - default default] DELETE http://[LB_IP_ADDRESS]:8776/v3/35b914a32c7748b2a82057d66b03c24a/types/c704c168-f129-43e1-82bb-045392eaf2e6
2025-10-11 01:59:53.737 72 INFO cinder.api.openstack.wsgi [None req-7e2665ce-d5d1-4e9a-820e-0dfc95be0699 ff4d4e9853554dae9c67482c522e2d90 35b914a32c7748b2a82057d66b03c24a - - default default] http://[LB_IP_ADDRESS]:8776/v3/35b914a32c7748b2a82057d66b03c24a/types/c704c168-f129-43e1-82bb-045392eaf2e6 returned with HTTP 202
2025-10-11 01:59:53.745 75 INFO cinder.api.openstack.wsgi [None req-ab51fa13-3e0b-4235-9a24-4c69ab6575c2 ff4d4e9853554dae9c67482c522e2d90 35b914a32c7748b2a82057d66b03c24a - - default default] GET http://[LB_IP_ADDRESS]:8776/v3/35b914a32c7748b2a82057d66b03c24a/types/c704c168-f129-43e1-82bb-045392eaf2e6
2025-10-11 01:59:53.748 75 INFO cinder.api.openstack.wsgi [None req-ab51fa13-3e0b-4235-9a24-4c69ab6575c2 ff4d4e9853554dae9c67482c522e2d90 35b914a32c7748b2a82057d66b03c24a - - default default] http://[LB_IP_ADDRESS]:8776/v3/35b914a32c7748b2a82057d66b03c24a/types/c704c168-f129-43e1-82bb-045392eaf2e6 returned with HTTP 404
2025-10-11 01:59:53.771 73 WARNING cinder.quota_utils [None req-e1ed73ea-75b4-41bd-9448-ddf3ef8b5875 d594a3446ddb44858235b6de90e7d613 1f2eeca037d94ccba97c8fc91afb20e8 - - default default] Quota exceeded for 1f2eeca037d94ccba97c8fc91afb20e8, tried to create volume (1 volumes already consumed).: cinder.exception.OverQuota: Quota exceeded for resources: ['volumes']
2025-10-11 01:59:53.774 73 WARNING cinder.volume.api [None req-e1ed73ea-75b4-41bd-9448-ddf3ef8b5875 d594a3446ddb44858235b6de90e7d613 1f2eeca037d94ccba97c8fc91afb20e8 - - default default] Task 'cinder.volume.flows.api.create_volume.QuotaReserveTask;volume:create' (1b8383bc-4d06-4f5b-bc2b-d618a099303a) transitioned into state 'FAILURE' from state 'RUNNING'

Failure: cinder.exception.VolumeLimitExceeded: Maximum number of volumes allowed (1) exceeded for quota 'volumes'.
2025-10-11 01:59:53.776 73 WARNING cinder.volume.api [None req-e1ed73ea-75b4-41bd-9448-ddf3ef8b5875 d594a3446ddb44858235b6de90e7d613 1f2eeca037d94ccba97c8fc91afb20e8 - - default default] Task 'cinder.volume.flows.api.create_volume.QuotaReserveTask;volume:create' (1b8383bc-4d06-4f5b-bc2b-d618a099303a) transitioned into state 'REVERTED' from state 'REVERTING'
2025-10-11 01:59:53.778 73 WARNING cinder.volume.api [None req-e1ed73ea-75b4-41bd-9448-ddf3ef8b5875 d594a3446ddb44858235b6de90e7d613 1f2eeca037d94ccba97c8fc91afb20e8 - - default default] Task 'cinder.volume.flows.api.create_volume.ExtractVolumeRequestTask;volume:create' (6e9a5aac-4575-49c2-ac5e-7b0c9139ff50) transitioned into state 'REVERTED' from state 'REVERTING'
2025-10-11 01:59:53.779 73 WARNING cinder.volume.api [None req-e1ed73ea-75b4-41bd-9448-ddf3ef8b5875 d594a3446ddb44858235b6de90e7d613 1f2eeca037d94ccba97c8fc91afb20e8 - - default default] Flow 'volume_create_api' (9f9eab13-cd11-4b88-81a7-deefea2125ec) transitioned into state 'REVERTED' from state 'RUNNING'
2025-10-11 01:59:53.779 73 INFO cinder.api.middleware.fault [None req-e1ed73ea-75b4-41bd-9448-ddf3ef8b5875 d594a3446ddb44858235b6de90e7d613 1f2eeca037d94ccba97c8fc91afb20e8 - - default default] http://[LB_IP_ADDRESS]:8776/v3/1f2eeca037d94ccba97c8fc91afb20e8/volumes returned with HTTP 413
2025-10-11 01:59:53.794 74 INFO cinder.api.openstack.wsgi [None req-3b8831ab-aa00-4340-90fe-40cfdc74c0f2 bf2171834cd74c63ae670252444c9e2c 49c2aa6928384b1d9cf1479c846e2740 - - default default] PUT http://[LB_IP_ADDRESS]:8776/v3/49c2aa6928384b1d9cf1479c846e2740/os-quota-sets/1f2eeca037d94ccba97c8fc91afb20e8
