2022-08-24 08:33:36.184 19 INFO cinder.api.openstack.wsgi [None req-d2c56fe9-f5d5-4733-b02e-b3705301a0a3 f13ba3f4d8004c338bd8122c8409a13e ded192bf009b45c2b5f82bbb3597e1e5 - - default default] http://[LB_IP_ADDRESS]:8776/v3/ded192bf009b45c2b5f82bbb3597e1e5/types/7fb07b96-4ae4-4a11-9e8e-2bb94a7bd19c returned with HTTP 404
2022-08-24 08:33:37.127 21 INFO cinder.api.openstack.wsgi [None req-994e2b6b-fee1-45b4-8e85-1c88aabe5ca6 f60bb76c52e1453fb68cf93403a8097a 9d9119e9fe294e08ba4768c0ac93ab81 - - default default] POST http://[LB_IP_ADDRESS]:8776/v3/9d9119e9fe294e08ba4768c0ac93ab81/volumes
2022-08-24 08:33:37.131 21 INFO cinder.api.v3.volumes [None req-994e2b6b-fee1-45b4-8e85-1c88aabe5ca6 f60bb76c52e1453fb68cf93403a8097a 9d9119e9fe294e08ba4768c0ac93ab81 - - default default] Create volume of 1 GB
2022-08-24 08:33:37.140 21 INFO cinder.volume.api [None req-994e2b6b-fee1-45b4-8e85-1c88aabe5ca6 f60bb76c52e1453fb68cf93403a8097a 9d9119e9fe294e08ba4768c0ac93ab81 - - default default] Availability Zones retrieved successfully.
2022-08-24 08:33:37.492 21 INFO cinder.volume.api [None req-994e2b6b-fee1-45b4-8e85-1c88aabe5ca6 f60bb76c52e1453fb68cf93403a8097a 9d9119e9fe294e08ba4768c0ac93ab81 - - default default] Create volume request issued successfully.
2022-08-24 08:33:37.494 21 INFO cinder.api.openstack.wsgi [None req-994e2b6b-fee1-45b4-8e85-1c88aabe5ca6 f60bb76c52e1453fb68cf93403a8097a 9d9119e9fe294e08ba4768c0ac93ab81 - - default default] http://[LB_IP_ADDRESS]:8776/v3/9d9119e9fe294e08ba4768c0ac93ab81/volumes returned with HTTP 202
2022-08-24 08:33:37.514 20 INFO cinder.api.openstack.wsgi [None req-2e7e3aa8-de06-4346-ad9c-4148e342511a f60bb76c52e1453fb68cf93403a8097a 9d9119e9fe294e08ba4768c0ac93ab81 - - default default] GET http://[LB_IP_ADDRESS]:8776/v3/9d9119e9fe294e08ba4768c0ac93ab81/volumes/073d6f39-8808-4bae-a20a-9e406c925812
2022-08-24 08:33:37.554 20 INFO cinder.volume.api [None req-2e7e3aa8-de06-4346-ad9c-4148e342511a f60bb76c52e1453fb68cf93403a8097a 9d9119e9fe294e08ba4768c0ac93ab81 - - default default] Volume info retrieved successfully.
2022-08-24 08:33:37.563 20 INFO cinder.api.openstack.wsgi [None req-2e7e3aa8-de06-4346-ad9c-4148e342511a f60bb76c52e1453fb68cf93403a8097a 9d9119e9fe294e08ba4768c0ac93ab81 - - default default] http://[LB_IP_ADDRESS]:8776/v3/9d9119e9fe294e08ba4768c0ac93ab81/volumes/073d6f39-8808-4bae-a20a-9e406c925812 returned with HTTP 200
2022-08-24 08:33:38.585 23 INFO cinder.api.openstack.wsgi [None req-65dade29-404d-4008-9484-81c31aa902f8 f60bb76c52e1453fb68cf93403a8097a 9d9119e9fe294e08ba4768c0ac93ab81 - - default default] GET http://[LB_IP_ADDRESS]:8776/v3/9d9119e9fe294e08ba4768c0ac93ab81/volumes/073d6f39-8808-4bae-a20a-9e406c925812
2022-08-24 08:33:38.609 23 INFO cinder.volume.api [None req-65dade29-404d-4008-9484-81c31aa902f8 f60bb76c52e1453fb68cf93403a8097a 9d9119e9fe294e08ba4768c0ac93ab81 - - default default] Volume info retrieved successfully.
2022-08-24 08:33:38.616 23 INFO cinder.api.openstack.wsgi [None req-65dade29-404d-4008-9484-81c31aa902f8 f60bb76c52e1453fb68cf93403a8097a 9d9119e9fe294e08ba4768c0ac93ab81 - - default default] http://[LB_IP_ADDRESS]:8776/v3/9d9119e9fe294e08ba4768c0ac93ab81/volumes/073d6f39-8808-4bae-a20a-9e406c925812 returned with HTTP 200
2022-08-24 08:33:38.847 22 INFO cinder.api.openstack.wsgi [None req-8e896556-092c-4bd9-b752-28ffbc9186e6 da92bb7bc5234db5ab232842e85d2dbb b84f298eab27494599a8ec8d057a3c54 - - default default] GET http://[LB_IP_ADDRESS]:8776/v3/b84f298eab27494599a8ec8d057a3c54/os-availability-zone
2022-08-24 08:33:38.856 22 INFO cinder.volume.api [None req-8e896556-092c-4bd9-b752-28ffbc9186e6 da92bb7bc5234db5ab232842e85d2dbb b84f298eab27494599a8ec8d057a3c54 - - default default] Availability Zones retrieved successfully.
2022-08-24 08:33:38.856 22 INFO cinder.api.openstack.wsgi [None req-8e896556-092c-4bd9-b752-28ffbc9186e6 da92bb7bc5234db5ab232842e85d2dbb b84f298eab27494599a8ec8d057a3c54 - - default default] http://[LB_IP_ADDRESS]:8776/v3/b84f298eab27494599a8ec8d057a3c54/os-availability-zone returned with HTTP 200
2022-08-24 08:33:39.638 19 INFO cinder.api.openstack.wsgi [None req-3272d70e-5b97-434c-86f7-bd13ceef1a06 f60bb76c52e1453fb68cf93403a8097a 9d9119e9fe294e08ba4768c0ac93ab81 - - default default] GET http://[LB_IP_ADDRESS]:8776/v3/9d9119e9fe294e08ba4768c0ac93ab81/volumes/073d6f39-8808-4bae-a20a-9e406c925812
2022-08-24 08:33:39.660 19 INFO cinder.volume.api [None req-3272d70e-5b97-434c-86f7-bd13ceef1a06 f60bb76c52e1453fb68cf93403a8097a 9d9119e9fe294e08ba4768c0ac93ab81 - - default default] Volume info retrieved successfully.
2022-08-24 08:33:39.667 19 INFO cinder.api.openstack.wsgi [None req-3272d70e-5b97-434c-86f7-bd13ceef1a06 f60bb76c52e1453fb68cf93403a8097a 9d9119e9fe294e08ba4768c0ac93ab81 - - default default] http://[LB_IP_ADDRESS]:8776/v3/9d9119e9fe294e08ba4768c0ac93ab81/volumes/073d6f39-8808-4bae-a20a-9e406c925812 returned with HTTP 200
2022-08-24 08:33:39.690 21 INFO cinder.api.openstack.wsgi [None req-336c289b-5b6d-490d-9dd0-421465718100 f60bb76c52e1453fb68cf93403a8097a 9d9119e9fe294e08ba4768c0ac93ab81 - - default default] POST http://[LB_IP_ADDRESS]:8776/v3/9d9119e9fe294e08ba4768c0ac93ab81/volumes/073d6f39-8808-4bae-a20a-9e406c925812/metadata
2022-08-24 08:33:39.709 21 INFO cinder.volume.api [None req-336c289b-5b6d-490d-9dd0-421465718100 f60bb76c52e1453fb68cf93403a8097a 9d9119e9fe294e08ba4768c0ac93ab81 - - default default] Volume info retrieved successfully.
2022-08-24 08:33:39.718 21 INFO cinder.volume.api [None req-336c289b-5b6d-490d-9dd0-421465718100 f60bb76c52e1453fb68cf93403a8097a 9d9119e9fe294e08ba4768c0ac93ab81 - - default default] Create volume metadata completed successfully.
2022-08-24 08:33:39.718 21 INFO cinder.api.openstack.wsgi [None req-336c289b-5b6d-490d-9dd0-421465718100 f60bb76c52e1453fb68cf93403a8097a 9d9119e9fe294e08ba4768c0ac93ab81 - - default default] http://[LB_IP_ADDRESS]:8776/v3/9d9119e9fe294e08ba4768c0ac93ab81/volumes/073d6f39-8808-4bae-a20a-9e406c925812/metadata returned with HTTP 200
2022-08-24 08:33:39.736 20 INFO cinder.api.openstack.wsgi [None req-b188d6ff-81d9-443c-add9-4ab1848a3a3a f60bb76c52e1453fb68cf93403a8097a 9d9119e9fe294e08ba4768c0ac93ab81 - - default default] GET http://[LB_IP_ADDRESS]:8776/v3/9d9119e9fe294e08ba4768c0ac93ab81/volumes/073d6f39-8808-4bae-a20a-9e406c925812/metadata
2022-08-24 08:33:39.755 20 INFO cinder.volume.api [None req-b188d6ff-81d9-443c-add9-4ab1848a3a3a f60bb76c52e1453fb68cf93403a8097a 9d9119e9fe294e08ba4768c0ac93ab81 - - default default] Volume info retrieved successfully.
2022-08-24 08:33:39.764 20 INFO cinder.volume.api [None req-b188d6ff-81d9-443c-add9-4ab1848a3a3a f60bb76c52e1453fb68cf93403a8097a 9d9119e9fe294e08ba4768c0ac93ab81 - - default default] Get volume metadata completed successfully.
2022-08-24 08:33:39.764 20 INFO cinder.api.openstack.wsgi [None req-b188d6ff-81d9-443c-add9-4ab1848a3a3a f60bb76c52e1453fb68cf93403a8097a 9d9119e9fe294e08ba4768c0ac93ab81 - - default default] http://[LB_IP_ADDRESS]:8776/v3/9d9119e9fe294e08ba4768c0ac93ab81/volumes/073d6f39-8808-4bae-a20a-9e406c925812/metadata returned with HTTP 200
2022-08-24 08:33:39.778 23 INFO cinder.api.openstack.wsgi [None req-714a2314-b67c-47ca-9c79-6854ca8bc512 f60bb76c52e1453fb68cf93403a8097a 9d9119e9fe294e08ba4768c0ac93ab81 - - default default] PUT http://[LB_IP_ADDRESS]:8776/v3/9d9119e9fe294e08ba4768c0ac93ab81/volumes/073d6f39-8808-4bae-a20a-9e406c925812/metadata
2022-08-24 08:33:39.801 23 INFO cinder.volume.api [None req-714a2314-b67c-47ca-9c79-6854ca8bc512 f60bb76c52e1453fb68cf93403a8097a 9d9119e9fe294e08ba4768c0ac93ab81 - - default default] Volume info retrieved successfully.
2022-08-24 08:33:39.814 23 INFO cinder.volume.api [None req-714a2314-b67c-47ca-9c79-6854ca8bc512 f60bb76c52e1453fb68cf93403a8097a 9d9119e9fe294e08ba4768c0ac93ab81 - - default default] Update volume metadata completed successfully.
2022-08-24 08:33:39.815 23 INFO cinder.api.openstack.wsgi [None req-714a2314-b67c-47ca-9c79-6854ca8bc512 f60bb76c52e1453fb68cf93403a8097a 9d9119e9fe294e08ba4768c0ac93ab81 - - default default] http://[LB_IP_ADDRESS]:8776/v3/9d9119e9fe294e08ba4768c0ac93ab81/volumes/073d6f39-8808-4bae-a20a-9e406c925812/metadata returned with HTTP 200
2022-08-24 08:33:39.827 22 INFO cinder.api.openstack.wsgi [None req-d6f6300e-7278-4c86-a5e5-2f5343ce0434 f60bb76c52e1453fb68cf93403a8097a 9d9119e9fe294e08ba4768c0ac93ab81 - - default default] GET http://[LB_IP_ADDRESS]:8776/v3/9d9119e9fe294e08ba4768c0ac93ab81/volumes/073d6f39-8808-4bae-a20a-9e406c925812/metadata
2022-08-24 08:33:39.849 22 INFO cinder.volume.api [None req-d6f6300e-7278-4c86-a5e5-2f5343ce0434 f60bb76c52e1453fb68cf93403a8097a 9d9119e9fe294e08ba4768c0ac93ab81 - - default default] Volume info retrieved successfully.
2022-08-24 08:33:39.860 22 INFO cinder.volume.api [None req-d6f6300e-7278-4c86-a5e5-2f5343ce0434 f60bb76c52e1453fb68cf93403a8097a 9d9119e9fe294e08ba4768c0ac93ab81 - - default default] Get volume metadata completed successfully.
2022-08-24 08:33:39.861 22 INFO cinder.api.openstack.wsgi [None req-d6f6300e-7278-4c86-a5e5-2f5343ce0434 f60bb76c52e1453fb68cf93403a8097a 9d9119e9fe294e08ba4768c0ac93ab81 - - default default] http://[LB_IP_ADDRESS]:8776/v3/9d9119e9fe294e08ba4768c0ac93ab81/volumes/073d6f39-8808-4bae-a20a-9e406c925812/metadata returned with HTTP 200
2022-08-24 08:33:39.875 19 INFO cinder.api.openstack.wsgi [None req-d1df1fad-688f-4eaa-8807-4d4674357ff0 f60bb76c52e1453fb68cf93403a8097a 9d9119e9fe294e08ba4768c0ac93ab81 - - default default] DELETE http://[LB_IP_ADDRESS]:8776/v3/9d9119e9fe294e08ba4768c0ac93ab81/volumes/073d6f39-8808-4bae-a20a-9e406c925812/metadata/key1
2022-08-24 08:33:39.893 19 INFO cinder.volume.api [None req-d1df1fad-688f-4eaa-8807-4d4674357ff0 f60bb76c52e1453fb68cf93403a8097a 9d9119e9fe294e08ba4768c0ac93ab81 - - default default] Volume info retrieved successfully.
2022-08-24 08:33:39.901 19 INFO cinder.volume.api [None req-d1df1fad-688f-4eaa-8807-4d4674357ff0 f60bb76c52e1453fb68cf93403a8097a 9d9119e9fe294e08ba4768c0ac93ab81 - - default default] Get volume metadata completed successfully.
2022-08-24 08:33:39.910 19 INFO cinder.volume.api [None req-d1df1fad-688f-4eaa-8807-4d4674357ff0 f60bb76c52e1453fb68cf93403a8097a 9d9119e9fe294e08ba4768c0ac93ab81 - - default default] Delete volume metadata completed successfully.
2022-08-24 08:33:39.911 19 INFO cinder.api.openstack.wsgi [None req-d1df1fad-688f-4eaa-8807-4d4674357ff0 f60bb76c52e1453fb68cf93403a8097a 9d9119e9fe294e08ba4768c0ac93ab81 - - default default] http://[LB_IP_ADDRESS]:8776/v3/9d9119e9fe294e08ba4768c0ac93ab81/volumes/073d6f39-8808-4bae-a20a-9e406c925812/metadata/key1 returned with HTTP 200
2022-08-24 08:33:39.924 21 INFO cinder.api.openstack.wsgi [None req-9fccc601-fede-4d24-8a6c-a4db6b46f23e f60bb76c52e1453fb68cf93403a8097a 9d9119e9fe294e08ba4768c0ac93ab81 - - default default] GET http://[LB_IP_ADDRESS]:8776/v3/9d9119e9fe294e08ba4768c0ac93ab81/volumes/073d6f39-8808-4bae-a20a-9e406c925812/metadata
2022-08-24 08:33:39.940 21 INFO cinder.volume.api [None req-9fccc601-fede-4d24-8a6c-a4db6b46f23e f60bb76c52e1453fb68cf93403a8097a 9d9119e9fe294e08ba4768c0ac93ab81 - - default default] Volume info retrieved successfully.
2022-08-24 08:33:39.947 21 INFO cinder.volume.api [None req-9fccc601-fede-4d24-8a6c-a4db6b46f23e f60bb76c52e1453fb68cf93403a8097a 9d9119e9fe294e08ba4768c0ac93ab81 - - default default] Get volume metadata completed successfully.
2022-08-24 08:33:39.948 21 INFO cinder.api.openstack.wsgi [None req-9fccc601-fede-4d24-8a6c-a4db6b46f23e f60bb76c52e1453fb68cf93403a8097a 9d9119e9fe294e08ba4768c0ac93ab81 - - default default] http://[LB_IP_ADDRESS]:8776/v3/9d9119e9fe294e08ba4768c0ac93ab81/volumes/073d6f39-8808-4bae-a20a-9e406c925812/metadata returned with HTTP 200
2022-08-24 08:33:39.962 20 INFO cinder.api.openstack.wsgi [None req-17dd559d-38ee-46bd-a73f-9867bb76a669 f60bb76c52e1453fb68cf93403a8097a 9d9119e9fe294e08ba4768c0ac93ab81 - - default default] PUT http://[LB_IP_ADDRESS]:8776/v3/9d9119e9fe294e08ba4768c0ac93ab81/volumes/073d6f39-8808-4bae-a20a-9e406c925812/metadata
2022-08-24 08:33:39.983 20 INFO cinder.volume.api [None req-17dd559d-38ee-46bd-a73f-9867bb76a669 f60bb76c52e1453fb68cf93403a8097a 9d9119e9fe294e08ba4768c0ac93ab81 - - default default] Volume info retrieved successfully.
2022-08-24 08:33:39.993 20 INFO cinder.volume.api [None req-17dd559d-38ee-46bd-a73f-9867bb76a669 f60bb76c52e1453fb68cf93403a8097a 9d9119e9fe294e08ba4768c0ac93ab81 - - default default] Update volume metadata completed successfully.
2022-08-24 08:33:39.994 20 INFO cinder.api.openstack.wsgi [None req-17dd559d-38ee-46bd-a73f-9867bb76a669 f60bb76c52e1453fb68cf93403a8097a 9d9119e9fe294e08ba4768c0ac93ab81 - - default default] http://[LB_IP_ADDRESS]:8776/v3/9d9119e9fe294e08ba4768c0ac93ab81/volumes/073d6f39-8808-4bae-a20a-9e406c925812/metadata returned with HTTP 200
2022-08-24 08:33:40.009 23 INFO cinder.api.openstack.wsgi [None req-174c4c30-042e-4ee5-aaf2-4691a23e6c11 f60bb76c52e1453fb68cf93403a8097a 9d9119e9fe294e08ba4768c0ac93ab81 - - default default] POST http://[LB_IP_ADDRESS]:8776/v3/9d9119e9fe294e08ba4768c0ac93ab81/volumes/073d6f39-8808-4bae-a20a-9e406c925812/metadata
2022-08-24 08:33:40.028 23 INFO cinder.volume.api [None req-174c4c30-042e-4ee5-aaf2-4691a23e6c11 f60bb76c52e1453fb68cf93403a8097a 9d9119e9fe294e08ba4768c0ac93ab81 - - default default] Volume info retrieved successfully.
2022-08-24 08:33:40.037 23 INFO cinder.volume.api [None req-174c4c30-042e-4ee5-aaf2-4691a23e6c11 f60bb76c52e1453fb68cf93403a8097a 9d9119e9fe294e08ba4768c0ac93ab81 - - default default] Create volume metadata completed successfully.
2022-08-24 08:33:40.038 23 INFO cinder.api.openstack.wsgi [None req-174c4c30-042e-4ee5-aaf2-4691a23e6c11 f60bb76c52e1453fb68cf93403a8097a 9d9119e9fe294e08ba4768c0ac93ab81 - - default default] http://[LB_IP_ADDRESS]:8776/v3/9d9119e9fe294e08ba4768c0ac93ab81/volumes/073d6f39-8808-4bae-a20a-9e406c925812/metadata returned with HTTP 200
2022-08-24 08:33:40.051 22 INFO cinder.api.openstack.wsgi [None req-4413aa7d-ea39-4a92-a145-d7e7d53c579a f60bb76c52e1453fb68cf93403a8097a 9d9119e9fe294e08ba4768c0ac93ab81 - - default default] PUT http://[LB_IP_ADDRESS]:8776/v3/9d9119e9fe294e08ba4768c0ac93ab81/volumes/073d6f39-8808-4bae-a20a-9e406c925812/metadata/key3
2022-08-24 08:33:40.074 22 INFO cinder.volume.api [None req-4413aa7d-ea39-4a92-a145-d7e7d53c579a f60bb76c52e1453fb68cf93403a8097a 9d9119e9fe294e08ba4768c0ac93ab81 - - default default] Volume info retrieved successfully.
2022-08-24 08:33:40.085 22 INFO cinder.volume.api [None req-4413aa7d-ea39-4a92-a145-d7e7d53c579a f60bb76c52e1453fb68cf93403a8097a 9d9119e9fe294e08ba4768c0ac93ab81 - - default default] Update volume metadata completed successfully.
2022-08-24 08:33:40.085 22 INFO cinder.api.openstack.wsgi [None req-4413aa7d-ea39-4a92-a145-d7e7d53c579a f60bb76c52e1453fb68cf93403a8097a 9d9119e9fe294e08ba4768c0ac93ab81 - - default default] http://[LB_IP_ADDRESS]:8776/v3/9d9119e9fe294e08ba4768c0ac93ab81/volumes/073d6f39-8808-4bae-a20a-9e406c925812/metadata/key3 returned with HTTP 200
2022-08-24 08:33:40.099 19 INFO cinder.api.openstack.wsgi [None req-760079ed-6cf1-42cb-886d-5adc9f2eb31a f60bb76c52e1453fb68cf93403a8097a 9d9119e9fe294e08ba4768c0ac93ab81 - - default default] GET http://[LB_IP_ADDRESS]:8776/v3/9d9119e9fe294e08ba4768c0ac93ab81/volumes/073d6f39-8808-4bae-a20a-9e406c925812/metadata/key3
2022-08-24 08:33:40.118 19 INFO cinder.volume.api [None req-760079ed-6cf1-42cb-886d-5adc9f2eb31a f60bb76c52e1453fb68cf93403a8097a 9d9119e9fe294e08ba4768c0ac93ab81 - - default default] Volume info retrieved successfully.
2022-08-24 08:33:40.126 19 INFO cinder.volume.api [None req-760079ed-6cf1-42cb-886d-5adc9f2eb31a f60bb76c52e1453fb68cf93403a8097a 9d9119e9fe294e08ba4768c0ac93ab81 - - default default] Get volume metadata completed successfully.
2022-08-24 08:33:40.127 19 INFO cinder.api.openstack.wsgi [None req-760079ed-6cf1-42cb-886d-5adc9f2eb31a f60bb76c52e1453fb68cf93403a8097a 9d9119e9fe294e08ba4768c0ac93ab81 - - default default] http://[LB_IP_ADDRESS]:8776/v3/9d9119e9fe294e08ba4768c0ac93ab81/volumes/073d6f39-8808-4bae-a20a-9e406c925812/metadata/key3 returned with HTTP 200
2022-08-24 08:33:40.140 21 INFO cinder.api.openstack.wsgi [None req-30e4fdca-4d8a-4759-ae58-54b9d96f2df5 f60bb76c52e1453fb68cf93403a8097a 9d9119e9fe294e08ba4768c0ac93ab81 - - default default] GET http://[LB_IP_ADDRESS]:8776/v3/9d9119e9fe294e08ba4768c0ac93ab81/volumes/073d6f39-8808-4bae-a20a-9e406c925812/metadata
2022-08-24 08:33:40.158 21 INFO cinder.volume.api [None req-30e4fdca-4d8a-4759-ae58-54b9d96f2df5 f60bb76c52e1453fb68cf93403a8097a 9d9119e9fe294e08ba4768c0ac93ab81 - - default default] Volume info retrieved successfully.
2022-08-24 08:33:40.166 21 INFO cinder.volume.api [None req-30e4fdca-4d8a-4759-ae58-54b9d96f2df5 f60bb76c52e1453fb68cf93403a8097a 9d9119e9fe294e08ba4768c0ac93ab81 - - default default] Get volume metadata completed successfully.
2022-08-24 08:33:40.167 21 INFO cinder.api.openstack.wsgi [None req-30e4fdca-4d8a-4759-ae58-54b9d96f2df5 f60bb76c52e1453fb68cf93403a8097a 9d9119e9fe294e08ba4768c0ac93ab81 - - default default] http://[LB_IP_ADDRESS]:8776/v3/9d9119e9fe294e08ba4768c0ac93ab81/volumes/073d6f39-8808-4bae-a20a-9e406c925812/metadata returned with HTTP 200
2022-08-24 08:33:40.181 20 INFO cinder.api.openstack.wsgi [None req-9e2a60d1-4338-447b-939d-154901c156bb f60bb76c52e1453fb68cf93403a8097a 9d9119e9fe294e08ba4768c0ac93ab81 - - default default] PUT http://[LB_IP_ADDRESS]:8776/v3/9d9119e9fe294e08ba4768c0ac93ab81/volumes/073d6f39-8808-4bae-a20a-9e406c925812/metadata
2022-08-24 08:33:40.205 20 INFO cinder.volume.api [None req-9e2a60d1-4338-447b-939d-154901c156bb f60bb76c52e1453fb68cf93403a8097a 9d9119e9fe294e08ba4768c0ac93ab81 - - default default] Volume info retrieved successfully.
2022-08-24 08:33:40.214 20 INFO cinder.volume.api [None req-9e2a60d1-4338-447b-939d-154901c156bb f60bb76c52e1453fb68cf93403a8097a 9d9119e9fe294e08ba4768c0ac93ab81 - - default default] Update volume metadata completed successfully.
2022-08-24 08:33:40.215 20 INFO cinder.api.openstack.wsgi [None req-9e2a60d1-4338-447b-939d-154901c156bb f60bb76c52e1453fb68cf93403a8097a 9d9119e9fe294e08ba4768c0ac93ab81 - - default default] http://[LB_IP_ADDRESS]:8776/v3/9d9119e9fe294e08ba4768c0ac93ab81/volumes/073d6f39-8808-4bae-a20a-9e406c925812/metadata returned with HTTP 200
2022-08-24 08:33:40.228 23 INFO cinder.api.openstack.wsgi [None req-1fb857e4-96eb-46b4-89e7-aacf1393bd19 f60bb76c52e1453fb68cf93403a8097a 9d9119e9fe294e08ba4768c0ac93ab81 - - default default] DELETE http://[LB_IP_ADDRESS]:8776/v3/9d9119e9fe294e08ba4768c0ac93ab81/volumes/073d6f39-8808-4bae-a20a-9e406c925812
2022-08-24 08:33:40.229 23 INFO cinder.api.v3.volumes [None req-1fb857e4-96eb-46b4-89e7-aacf1393bd19 f60bb76c52e1453fb68cf93403a8097a 9d9119e9fe294e08ba4768c0ac93ab81 - - default default] Delete volume with id: 073d6f39-8808-4bae-a20a-9e406c925812 
2022-08-24 08:33:40.246 23 INFO cinder.volume.api [None req-1fb857e4-96eb-46b4-89e7-aacf1393bd19 f60bb76c52e1453fb68cf93403a8097a 9d9119e9fe294e08ba4768c0ac93ab81 - - default default] Volume info retrieved successfully.
2022-08-24 08:33:40.269 23 INFO cinder.volume.api [None req-1fb857e4-96eb-46b4-89e7-aacf1393bd19 f60bb76c52e1453fb68cf93403a8097a 9d9119e9fe294e08ba4768c0ac93ab81 - - default default] Delete volume request issued successfully.
2022-08-24 08:33:40.269 23 INFO cinder.api.openstack.wsgi [None req-1fb857e4-96eb-46b4-89e7-aacf1393bd19 f60bb76c52e1453fb68cf93403a8097a 9d9119e9fe294e08ba4768c0ac93ab81 - - default default] http://[LB_IP_ADDRESS]:8776/v3/9d9119e9fe294e08ba4768c0ac93ab81/volumes/073d6f39-8808-4bae-a20a-9e406c925812 returned with HTTP 202
2022-08-24 08:33:40.280 22 INFO cinder.api.openstack.wsgi [None req-3af703b8-5d30-41d3-abde-0de2a6322081 f60bb76c52e1453fb68cf93403a8097a 9d9119e9fe294e08ba4768c0ac93ab81 - - default default] GET http://[LB_IP_ADDRESS]:8776/v3/9d9119e9fe294e08ba4768c0ac93ab81/volumes/073d6f39-8808-4bae-a20a-9e406c925812
2022-08-24 08:33:40.303 22 INFO cinder.volume.api [None req-3af703b8-5d30-41d3-abde-0de2a6322081 f60bb76c52e1453fb68cf93403a8097a 9d9119e9fe294e08ba4768c0ac93ab81 - - default default] Volume info retrieved successfully.
2022-08-24 08:33:40.310 22 INFO cinder.api.openstack.wsgi [None req-3af703b8-5d30-41d3-abde-0de2a6322081 f60bb76c52e1453fb68cf93403a8097a 9d9119e9fe294e08ba4768c0ac93ab81 - - default default] http://[LB_IP_ADDRESS]:8776/v3/9d9119e9fe294e08ba4768c0ac93ab81/volumes/073d6f39-8808-4bae-a20a-9e406c925812 returned with HTTP 200
2022-08-24 08:33:41.329 19 INFO cinder.api.openstack.wsgi [None req-dbf11501-901d-464a-a24a-5a0a8f6519a8 4ac00c21314a41bfa7af9fe781ac7336 c7e6f4f34e824f5c99fd200ed5c97d15 - - default default] GET http://[LB_IP_ADDRESS]:8776/v3/c7e6f4f34e824f5c99fd200ed5c97d15/extensions
2022-08-24 08:33:41.330 19 INFO cinder.api.openstack.wsgi [None req-dbf11501-901d-464a-a24a-5a0a8f6519a8 4ac00c21314a41bfa7af9fe781ac7336 c7e6f4f34e824f5c99fd200ed5c97d15 - - default default] http://[LB_IP_ADDRESS]:8776/v3/c7e6f4f34e824f5c99fd200ed5c97d15/extensions returned with HTTP 200
2022-08-24 08:33:41.332 21 INFO cinder.api.openstack.wsgi [None req-50c43276-1fea-468c-8a13-3aa3eeb25602 f60bb76c52e1453fb68cf93403a8097a 9d9119e9fe294e08ba4768c0ac93ab81 - - default default] GET http://[LB_IP_ADDRESS]:8776/v3/9d9119e9fe294e08ba4768c0ac93ab81/volumes/073d6f39-8808-4bae-a20a-9e406c925812
2022-08-24 08:33:41.347 21 INFO cinder.api.openstack.wsgi [None req-50c43276-1fea-468c-8a13-3aa3eeb25602 f60bb76c52e1453fb68cf93403a8097a 9d9119e9fe294e08ba4768c0ac93ab81 - - default default] http://[LB_IP_ADDRESS]:8776/v3/9d9119e9fe294e08ba4768c0ac93ab81/volumes/073d6f39-8808-4bae-a20a-9e406c925812 returned with HTTP 404
2022-08-24 08:33:43.677 23 INFO cinder.api.openstack.wsgi [None req-8f0b3e20-61bc-4be9-91d1-f8717a90c189 - - - - - -] GET http://[LB_IP_ADDRESS]:8776/
2022-08-24 08:33:43.678 23 INFO cinder.api.openstack.wsgi [None req-8f0b3e20-61bc-4be9-91d1-f8717a90c189 - - - - - -] http://[LB_IP_ADDRESS]:8776/ returned with HTTP 300
2022-08-24 08:33:43.804 20 INFO cinder.api.openstack.wsgi [None req-d1467adc-0d49-4289-939b-1c71d4485fbe 9a6e918236fb4e11b9449e4b111c8e85 ecb42325ddfb48d79a99dba515ca88fd - - default default] POST http://[LB_IP_ADDRESS]:8776/v3/ecb42325ddfb48d79a99dba515ca88fd/volumes
2022-08-24 08:33:43.807 20 INFO cinder.api.v3.volumes [None req-d1467adc-0d49-4289-939b-1c71d4485fbe 9a6e918236fb4e11b9449e4b111c8e85 ecb42325ddfb48d79a99dba515ca88fd - - default default] Create volume of 1 GB
2022-08-24 08:33:43.815 20 INFO cinder.volume.api [None req-d1467adc-0d49-4289-939b-1c71d4485fbe 9a6e918236fb4e11b9449e4b111c8e85 ecb42325ddfb48d79a99dba515ca88fd - - default default] Availability Zones retrieved successfully.
2022-08-24 08:33:44.154 20 INFO cinder.volume.api [None req-d1467adc-0d49-4289-939b-1c71d4485fbe 9a6e918236fb4e11b9449e4b111c8e85 ecb42325ddfb48d79a99dba515ca88fd - - default default] Create volume request issued successfully.
2022-08-24 08:33:44.156 20 INFO cinder.api.openstack.wsgi [None req-d1467adc-0d49-4289-939b-1c71d4485fbe 9a6e918236fb4e11b9449e4b111c8e85 ecb42325ddfb48d79a99dba515ca88fd - - default default] http://[LB_IP_ADDRESS]:8776/v3/ecb42325ddfb48d79a99dba515ca88fd/volumes returned with HTTP 202
2022-08-24 08:33:44.176 22 INFO cinder.api.openstack.wsgi [None req-f6bfeaa9-c166-4a84-b906-9e4b597d3095 9a6e918236fb4e11b9449e4b111c8e85 ecb42325ddfb48d79a99dba515ca88fd - - default default] GET http://[LB_IP_ADDRESS]:8776/v3/ecb42325ddfb48d79a99dba515ca88fd/volumes/e3fc650d-1b81-4f45-9080-d423a3bb0056
2022-08-24 08:33:44.198 22 INFO cinder.volume.api [None req-f6bfeaa9-c166-4a84-b906-9e4b597d3095 9a6e918236fb4e11b9449e4b111c8e85 ecb42325ddfb48d79a99dba515ca88fd - - default default] Volume info retrieved successfully.
2022-08-24 08:33:44.206 22 INFO cinder.api.openstack.wsgi [None req-f6bfeaa9-c166-4a84-b906-9e4b597d3095 9a6e918236fb4e11b9449e4b111c8e85 ecb42325ddfb48d79a99dba515ca88fd - - default default] http://[LB_IP_ADDRESS]:8776/v3/ecb42325ddfb48d79a99dba515ca88fd/volumes/e3fc650d-1b81-4f45-9080-d423a3bb0056 returned with HTTP 200
2022-08-24 08:33:45.226 19 INFO cinder.api.openstack.wsgi [None req-a44448a1-3936-4c57-82dc-31b222c2af4a 9a6e918236fb4e11b9449e4b111c8e85 ecb42325ddfb48d79a99dba515ca88fd - - default default] GET http://[LB_IP_ADDRESS]:8776/v3/ecb42325ddfb48d79a99dba515ca88fd/volumes/e3fc650d-1b81-4f45-9080-d423a3bb0056
2022-08-24 08:33:45.249 19 INFO cinder.volume.api [None req-a44448a1-3936-4c57-82dc-31b222c2af4a 9a6e918236fb4e11b9449e4b111c8e85 ecb42325ddfb48d79a99dba515ca88fd - - default default] Volume info retrieved successfully.
2022-08-24 08:33:45.255 19 INFO cinder.api.openstack.wsgi [None req-a44448a1-3936-4c57-82dc-31b222c2af4a 9a6e918236fb4e11b9449e4b111c8e85 ecb42325ddfb48d79a99dba515ca88fd - - default default] http://[LB_IP_ADDRESS]:8776/v3/ecb42325ddfb48d79a99dba515ca88fd/volumes/e3fc650d-1b81-4f45-9080-d423a3bb0056 returned with HTTP 200
2022-08-24 08:33:45.277 21 INFO cinder.api.openstack.wsgi [None req-9a8af828-24ec-4aae-bb1c-6ac1cf422eae 9a6e918236fb4e11b9449e4b111c8e85 ecb42325ddfb48d79a99dba515ca88fd - - default default] POST http://[LB_IP_ADDRESS]:8776/v3/ecb42325ddfb48d79a99dba515ca88fd/snapshots
2022-08-24 08:33:45.297 21 INFO cinder.volume.api [None req-9a8af828-24ec-4aae-bb1c-6ac1cf422eae 9a6e918236fb4e11b9449e4b111c8e85 ecb42325ddfb48d79a99dba515ca88fd - - default default] Volume info retrieved successfully.
2022-08-24 08:33:45.297 21 INFO cinder.api.v3.snapshots [None req-9a8af828-24ec-4aae-bb1c-6ac1cf422eae 9a6e918236fb4e11b9449e4b111c8e85 ecb42325ddfb48d79a99dba515ca88fd - - default default] Create snapshot from volume e3fc650d-1b81-4f45-9080-d423a3bb0056
2022-08-24 08:33:45.444 21 INFO cinder.volume.api [None req-9a8af828-24ec-4aae-bb1c-6ac1cf422eae 9a6e918236fb4e11b9449e4b111c8e85 ecb42325ddfb48d79a99dba515ca88fd - - default default] Snapshot create request issued successfully.
2022-08-24 08:33:45.445 21 INFO cinder.api.openstack.wsgi [None req-9a8af828-24ec-4aae-bb1c-6ac1cf422eae 9a6e918236fb4e11b9449e4b111c8e85 ecb42325ddfb48d79a99dba515ca88fd - - default default] http://[LB_IP_ADDRESS]:8776/v3/ecb42325ddfb48d79a99dba515ca88fd/snapshots returned with HTTP 202
2022-08-24 08:33:45.460 23 INFO cinder.api.openstack.wsgi [None req-81c15f25-c88b-432f-86c5-496e7aabb954 9a6e918236fb4e11b9449e4b111c8e85 ecb42325ddfb48d79a99dba515ca88fd - - default default] GET http://[LB_IP_ADDRESS]:8776/v3/ecb42325ddfb48d79a99dba515ca88fd/snapshots/25288ff7-2cfc-407d-a953-042bbdf895cc
2022-08-24 08:33:45.472 23 INFO cinder.volume.api [None req-81c15f25-c88b-432f-86c5-496e7aabb954 9a6e918236fb4e11b9449e4b111c8e85 ecb42325ddfb48d79a99dba515ca88fd - - default default] Snapshot retrieved successfully.
2022-08-24 08:33:45.473 23 INFO cinder.api.openstack.wsgi [None req-81c15f25-c88b-432f-86c5-496e7aabb954 9a6e918236fb4e11b9449e4b111c8e85 ecb42325ddfb48d79a99dba515ca88fd - - default default] http://[LB_IP_ADDRESS]:8776/v3/ecb42325ddfb48d79a99dba515ca88fd/snapshots/25288ff7-2cfc-407d-a953-042bbdf895cc returned with HTTP 200
2022-08-24 08:33:46.394 22 INFO cinder.api.openstack.wsgi [req-166ffbb6-2798-4028-91d5-8584e9d92131 req-3e0e22e6-c199-41e8-867e-13b4a2ad68b2 32153bc2925743c8914fe1b3297b9b95 028ad34a9ff84478a79a19f8af0b844b - - default default] DELETE http://[LB_IP_ADDRESS]:8776/v3/028ad34a9ff84478a79a19f8af0b844b/attachments/dd1a2000-4339-499d-bdd2-41091cb3ddad
2022-08-24 08:33:46.443 22 INFO cinder.api.openstack.wsgi [req-166ffbb6-2798-4028-91d5-8584e9d92131 req-3e0e22e6-c199-41e8-867e-13b4a2ad68b2 32153bc2925743c8914fe1b3297b9b95 028ad34a9ff84478a79a19f8af0b844b - - default default] http://[LB_IP_ADDRESS]:8776/v3/028ad34a9ff84478a79a19f8af0b844b/attachments/dd1a2000-4339-499d-bdd2-41091cb3ddad returned with HTTP 200
2022-08-24 08:33:46.490 19 INFO cinder.api.openstack.wsgi [None req-d75aa184-5abf-41ec-88f9-372608550642 9a6e918236fb4e11b9449e4b111c8e85 ecb42325ddfb48d79a99dba515ca88fd - - default default] GET http://[LB_IP_ADDRESS]:8776/v3/ecb42325ddfb48d79a99dba515ca88fd/snapshots/25288ff7-2cfc-407d-a953-042bbdf895cc
2022-08-24 08:33:46.505 19 INFO cinder.volume.api [None req-d75aa184-5abf-41ec-88f9-372608550642 9a6e918236fb4e11b9449e4b111c8e85 ecb42325ddfb48d79a99dba515ca88fd - - default default] Snapshot retrieved successfully.
2022-08-24 08:33:46.506 19 INFO cinder.api.openstack.wsgi [None req-d75aa184-5abf-41ec-88f9-372608550642 9a6e918236fb4e11b9449e4b111c8e85 ecb42325ddfb48d79a99dba515ca88fd - - default default] http://[LB_IP_ADDRESS]:8776/v3/ecb42325ddfb48d79a99dba515ca88fd/snapshots/25288ff7-2cfc-407d-a953-042bbdf895cc returned with HTTP 200
2022-08-24 08:33:46.565 20 INFO cinder.api.openstack.wsgi [None req-65764ac2-52c0-4404-b07d-210676be6b84 a23e15f738fd4c10b6b3508998ca34d1 2390a7a6dfe44631a31b13d487b7fb95 - - default default] POST http://[LB_IP_ADDRESS]:8776/v3/2390a7a6dfe44631a31b13d487b7fb95/volumes
2022-08-24 08:33:46.569 20 INFO cinder.api.v3.volumes [None req-65764ac2-52c0-4404-b07d-210676be6b84 a23e15f738fd4c10b6b3508998ca34d1 2390a7a6dfe44631a31b13d487b7fb95 - - default default] Create volume of 1 GB
2022-08-24 08:33:46.578 20 INFO cinder.volume.api [None req-65764ac2-52c0-4404-b07d-210676be6b84 a23e15f738fd4c10b6b3508998ca34d1 2390a7a6dfe44631a31b13d487b7fb95 - - default default] Availability Zones retrieved successfully.
2022-08-24 08:33:46.650 21 INFO cinder.api.openstack.wsgi [None req-6e759072-7fdf-4a4c-8135-f95d01f0e934 32153bc2925743c8914fe1b3297b9b95 028ad34a9ff84478a79a19f8af0b844b - - default default] DELETE http://[LB_IP_ADDRESS]:8776/v3/028ad34a9ff84478a79a19f8af0b844b/volumes/5959826c-a440-4750-9032-40e4f461a7da
2022-08-24 08:33:46.651 21 INFO cinder.api.v3.volumes [None req-6e759072-7fdf-4a4c-8135-f95d01f0e934 32153bc2925743c8914fe1b3297b9b95 028ad34a9ff84478a79a19f8af0b844b - - default default] Delete volume with id: 5959826c-a440-4750-9032-40e4f461a7da 
2022-08-24 08:33:46.667 21 INFO cinder.volume.api [None req-6e759072-7fdf-4a4c-8135-f95d01f0e934 32153bc2925743c8914fe1b3297b9b95 028ad34a9ff84478a79a19f8af0b844b - - default default] Volume info retrieved successfully.
2022-08-24 08:33:46.690 21 INFO cinder.volume.api [None req-6e759072-7fdf-4a4c-8135-f95d01f0e934 32153bc2925743c8914fe1b3297b9b95 028ad34a9ff84478a79a19f8af0b844b - - default default] Delete volume request issued successfully.
2022-08-24 08:33:46.690 21 INFO cinder.api.openstack.wsgi [None req-6e759072-7fdf-4a4c-8135-f95d01f0e934 32153bc2925743c8914fe1b3297b9b95 028ad34a9ff84478a79a19f8af0b844b - - default default] http://[LB_IP_ADDRESS]:8776/v3/028ad34a9ff84478a79a19f8af0b844b/volumes/5959826c-a440-4750-9032-40e4f461a7da returned with HTTP 202
2022-08-24 08:33:46.702 23 INFO cinder.api.openstack.wsgi [None req-cd30fbbd-94c2-45b6-8dad-ac4cf3dd1ce0 32153bc2925743c8914fe1b3297b9b95 028ad34a9ff84478a79a19f8af0b844b - - default default] GET http://[LB_IP_ADDRESS]:8776/v3/028ad34a9ff84478a79a19f8af0b844b/volumes/5959826c-a440-4750-9032-40e4f461a7da
2022-08-24 08:33:46.731 23 INFO cinder.volume.api [None req-cd30fbbd-94c2-45b6-8dad-ac4cf3dd1ce0 32153bc2925743c8914fe1b3297b9b95 028ad34a9ff84478a79a19f8af0b844b - - default default] Volume info retrieved successfully.
2022-08-24 08:33:46.740 23 INFO cinder.api.openstack.wsgi [None req-cd30fbbd-94c2-45b6-8dad-ac4cf3dd1ce0 32153bc2925743c8914fe1b3297b9b95 028ad34a9ff84478a79a19f8af0b844b - - default default] http://[LB_IP_ADDRESS]:8776/v3/028ad34a9ff84478a79a19f8af0b844b/volumes/5959826c-a440-4750-9032-40e4f461a7da returned with HTTP 200
2022-08-24 08:33:46.920 20 INFO cinder.volume.api [None req-65764ac2-52c0-4404-b07d-210676be6b84 a23e15f738fd4c10b6b3508998ca34d1 2390a7a6dfe44631a31b13d487b7fb95 - - default default] Create volume request issued successfully.
2022-08-24 08:33:46.922 20 INFO cinder.api.openstack.wsgi [None req-65764ac2-52c0-4404-b07d-210676be6b84 a23e15f738fd4c10b6b3508998ca34d1 2390a7a6dfe44631a31b13d487b7fb95 - - default default] http://[LB_IP_ADDRESS]:8776/v3/2390a7a6dfe44631a31b13d487b7fb95/volumes returned with HTTP 202
2022-08-24 08:33:46.942 22 INFO cinder.api.openstack.wsgi [None req-259b636c-8852-4d72-bfad-d5ffc4f73d16 a23e15f738fd4c10b6b3508998ca34d1 2390a7a6dfe44631a31b13d487b7fb95 - - default default] GET http://[LB_IP_ADDRESS]:8776/v3/2390a7a6dfe44631a31b13d487b7fb95/volumes/9f200ada-247f-4ef6-9853-05582059191c
2022-08-24 08:33:46.965 22 INFO cinder.volume.api [None req-259b636c-8852-4d72-bfad-d5ffc4f73d16 a23e15f738fd4c10b6b3508998ca34d1 2390a7a6dfe44631a31b13d487b7fb95 - - default default] Volume info retrieved successfully.
2022-08-24 08:33:46.972 22 INFO cinder.api.openstack.wsgi [None req-259b636c-8852-4d72-bfad-d5ffc4f73d16 a23e15f738fd4c10b6b3508998ca34d1 2390a7a6dfe44631a31b13d487b7fb95 - - default default] http://[LB_IP_ADDRESS]:8776/v3/2390a7a6dfe44631a31b13d487b7fb95/volumes/9f200ada-247f-4ef6-9853-05582059191c returned with HTTP 200
2022-08-24 08:33:47.524 19 INFO cinder.api.openstack.wsgi [None req-5b56a34a-4cec-4d42-8a96-c5ae18b161c1 9a6e918236fb4e11b9449e4b111c8e85 ecb42325ddfb48d79a99dba515ca88fd - - default default] GET http://[LB_IP_ADDRESS]:8776/v3/ecb42325ddfb48d79a99dba515ca88fd/snapshots/25288ff7-2cfc-407d-a953-042bbdf895cc
2022-08-24 08:33:47.537 19 INFO cinder.volume.api [None req-5b56a34a-4cec-4d42-8a96-c5ae18b161c1 9a6e918236fb4e11b9449e4b111c8e85 ecb42325ddfb48d79a99dba515ca88fd - - default default] Snapshot retrieved successfully.
2022-08-24 08:33:47.538 19 INFO cinder.api.openstack.wsgi [None req-5b56a34a-4cec-4d42-8a96-c5ae18b161c1 9a6e918236fb4e11b9449e4b111c8e85 ecb42325ddfb48d79a99dba515ca88fd - - default default] http://[LB_IP_ADDRESS]:8776/v3/ecb42325ddfb48d79a99dba515ca88fd/snapshots/25288ff7-2cfc-407d-a953-042bbdf895cc returned with HTTP 200
2022-08-24 08:33:47.555 21 INFO cinder.api.openstack.wsgi [None req-14de6cac-f125-4ded-8b9c-d77b340f8173 9a6e918236fb4e11b9449e4b111c8e85 ecb42325ddfb48d79a99dba515ca88fd - - default default] POST http://[LB_IP_ADDRESS]:8776/v3/ecb42325ddfb48d79a99dba515ca88fd/snapshots
2022-08-24 08:33:47.576 21 INFO cinder.volume.api [None req-14de6cac-f125-4ded-8b9c-d77b340f8173 9a6e918236fb4e11b9449e4b111c8e85 ecb42325ddfb48d79a99dba515ca88fd - - default default] Volume info retrieved successfully.
2022-08-24 08:33:47.577 21 INFO cinder.api.v3.snapshots [None req-14de6cac-f125-4ded-8b9c-d77b340f8173 9a6e918236fb4e11b9449e4b111c8e85 ecb42325ddfb48d79a99dba515ca88fd - - default default] Create snapshot from volume e3fc650d-1b81-4f45-9080-d423a3bb0056
2022-08-24 08:33:47.722 21 INFO cinder.volume.api [None req-14de6cac-f125-4ded-8b9c-d77b340f8173 9a6e918236fb4e11b9449e4b111c8e85 ecb42325ddfb48d79a99dba515ca88fd - - default default] Snapshot create request issued successfully.
2022-08-24 08:33:47.723 21 INFO cinder.api.openstack.wsgi [None req-14de6cac-f125-4ded-8b9c-d77b340f8173 9a6e918236fb4e11b9449e4b111c8e85 ecb42325ddfb48d79a99dba515ca88fd - - default default] http://[LB_IP_ADDRESS]:8776/v3/ecb42325ddfb48d79a99dba515ca88fd/snapshots returned with HTTP 202
2022-08-24 08:33:47.741 23 INFO cinder.api.openstack.wsgi [None req-636d5d49-630f-4bc1-addd-4f34d83b92c6 9a6e918236fb4e11b9449e4b111c8e85 ecb42325ddfb48d79a99dba515ca88fd - - default default] GET http://[LB_IP_ADDRESS]:8776/v3/ecb42325ddfb48d79a99dba515ca88fd/snapshots/3e36b4a5-2c54-445f-a3d7-12bc49a5badf
2022-08-24 08:33:47.754 23 INFO cinder.volume.api [None req-636d5d49-630f-4bc1-addd-4f34d83b92c6 9a6e918236fb4e11b9449e4b111c8e85 ecb42325ddfb48d79a99dba515ca88fd - - default default] Snapshot retrieved successfully.
2022-08-24 08:33:47.755 23 INFO cinder.api.openstack.wsgi [None req-636d5d49-630f-4bc1-addd-4f34d83b92c6 9a6e918236fb4e11b9449e4b111c8e85 ecb42325ddfb48d79a99dba515ca88fd - - default default] http://[LB_IP_ADDRESS]:8776/v3/ecb42325ddfb48d79a99dba515ca88fd/snapshots/3e36b4a5-2c54-445f-a3d7-12bc49a5badf returned with HTTP 200
2022-08-24 08:33:47.763 20 INFO cinder.api.openstack.wsgi [None req-e902cdcb-1182-49d5-bb2c-752db7424762 32153bc2925743c8914fe1b3297b9b95 028ad34a9ff84478a79a19f8af0b844b - - default default] GET http://[LB_IP_ADDRESS]:8776/v3/028ad34a9ff84478a79a19f8af0b844b/volumes/5959826c-a440-4750-9032-40e4f461a7da
2022-08-24 08:33:47.784 20 INFO cinder.api.openstack.wsgi [None req-e902cdcb-1182-49d5-bb2c-752db7424762 32153bc2925743c8914fe1b3297b9b95 028ad34a9ff84478a79a19f8af0b844b - - default default] http://[LB_IP_ADDRESS]:8776/v3/028ad34a9ff84478a79a19f8af0b844b/volumes/5959826c-a440-4750-9032-40e4f461a7da returned with HTTP 404
2022-08-24 08:33:47.994 22 INFO cinder.api.openstack.wsgi [None req-aeba7918-7012-4d41-a97f-b095d1319d31 a23e15f738fd4c10b6b3508998ca34d1 2390a7a6dfe44631a31b13d487b7fb95 - - default default] GET http://[LB_IP_ADDRESS]:8776/v3/2390a7a6dfe44631a31b13d487b7fb95/volumes/9f200ada-247f-4ef6-9853-05582059191c
2022-08-24 08:33:48.021 22 INFO cinder.volume.api [None req-aeba7918-7012-4d41-a97f-b095d1319d31 a23e15f738fd4c10b6b3508998ca34d1 2390a7a6dfe44631a31b13d487b7fb95 - - default default] Volume info retrieved successfully.
2022-08-24 08:33:48.029 22 INFO cinder.api.openstack.wsgi [None req-aeba7918-7012-4d41-a97f-b095d1319d31 a23e15f738fd4c10b6b3508998ca34d1 2390a7a6dfe44631a31b13d487b7fb95 - - default default] http://[LB_IP_ADDRESS]:8776/v3/2390a7a6dfe44631a31b13d487b7fb95/volumes/9f200ada-247f-4ef6-9853-05582059191c returned with HTTP 200
2022-08-24 08:33:48.054 19 INFO cinder.api.openstack.wsgi [None req-11ae8656-0fb3-43c1-9728-e96903e1f80a a23e15f738fd4c10b6b3508998ca34d1 2390a7a6dfe44631a31b13d487b7fb95 - - default default] POST http://[LB_IP_ADDRESS]:8776/v3/2390a7a6dfe44631a31b13d487b7fb95/os-volume-transfer
2022-08-24 08:33:48.057 19 INFO cinder.api.contrib.volume_transfer [None req-11ae8656-0fb3-43c1-9728-e96903e1f80a a23e15f738fd4c10b6b3508998ca34d1 2390a7a6dfe44631a31b13d487b7fb95 - - default default] Creating transfer of volume 9f200ada-247f-4ef6-9853-05582059191c
2022-08-24 08:33:48.057 19 INFO cinder.transfer.api [None req-11ae8656-0fb3-43c1-9728-e96903e1f80a a23e15f738fd4c10b6b3508998ca34d1 2390a7a6dfe44631a31b13d487b7fb95 - - default default] Generating transfer record for volume 9f200ada-247f-4ef6-9853-05582059191c
2022-08-24 08:33:48.084 19 INFO cinder.api.openstack.wsgi [None req-11ae8656-0fb3-43c1-9728-e96903e1f80a a23e15f738fd4c10b6b3508998ca34d1 2390a7a6dfe44631a31b13d487b7fb95 - - default default] http://[LB_IP_ADDRESS]:8776/v3/2390a7a6dfe44631a31b13d487b7fb95/os-volume-transfer returned with HTTP 202
2022-08-24 08:33:48.099 21 INFO cinder.api.openstack.wsgi [None req-db9388ee-e317-4c87-acd1-a7ca01d37ceb a23e15f738fd4c10b6b3508998ca34d1 2390a7a6dfe44631a31b13d487b7fb95 - - default default] GET http://[LB_IP_ADDRESS]:8776/v3/2390a7a6dfe44631a31b13d487b7fb95/volumes/9f200ada-247f-4ef6-9853-05582059191c
2022-08-24 08:33:48.121 21 INFO cinder.volume.api [None req-db9388ee-e317-4c87-acd1-a7ca01d37ceb a23e15f738fd4c10b6b3508998ca34d1 2390a7a6dfe44631a31b13d487b7fb95 - - default default] Volume info retrieved successfully.
2022-08-24 08:33:48.129 21 INFO cinder.api.openstack.wsgi [None req-db9388ee-e317-4c87-acd1-a7ca01d37ceb a23e15f738fd4c10b6b3508998ca34d1 2390a7a6dfe44631a31b13d487b7fb95 - - default default] http://[LB_IP_ADDRESS]:8776/v3/2390a7a6dfe44631a31b13d487b7fb95/volumes/9f200ada-247f-4ef6-9853-05582059191c returned with HTTP 200
2022-08-24 08:33:48.155 23 INFO cinder.api.openstack.wsgi [None req-8ef4a027-66fd-4f2e-a28f-85dc14b60819 a23e15f738fd4c10b6b3508998ca34d1 2390a7a6dfe44631a31b13d487b7fb95 - - default default] GET http://[LB_IP_ADDRESS]:8776/v3/2390a7a6dfe44631a31b13d487b7fb95/os-volume-transfer/c1a52a11-68b6-4971-b5c1-7c1fa226d52b
2022-08-24 08:33:48.162 23 INFO cinder.api.openstack.wsgi [None req-8ef4a027-66fd-4f2e-a28f-85dc14b60819 a23e15f738fd4c10b6b3508998ca34d1 2390a7a6dfe44631a31b13d487b7fb95 - - default default] http://[LB_IP_ADDRESS]:8776/v3/2390a7a6dfe44631a31b13d487b7fb95/os-volume-transfer/c1a52a11-68b6-4971-b5c1-7c1fa226d52b returned with HTTP 200
2022-08-24 08:33:48.181 20 INFO cinder.api.openstack.wsgi [None req-de21c316-8a84-4bf1-9393-3e70b3a3ce07 a23e15f738fd4c10b6b3508998ca34d1 2390a7a6dfe44631a31b13d487b7fb95 - - default default] GET http://[LB_IP_ADDRESS]:8776/v3/2390a7a6dfe44631a31b13d487b7fb95/os-volume-transfer
2022-08-24 08:33:48.191 20 INFO cinder.api.openstack.wsgi [None req-de21c316-8a84-4bf1-9393-3e70b3a3ce07 a23e15f738fd4c10b6b3508998ca34d1 2390a7a6dfe44631a31b13d487b7fb95 - - default default] http://[LB_IP_ADDRESS]:8776/v3/2390a7a6dfe44631a31b13d487b7fb95/os-volume-transfer returned with HTTP 200
2022-08-24 08:33:48.388 22 INFO cinder.api.openstack.wsgi [None req-d56b14cf-68d9-4e45-9987-7bda30ba394a 16d79dd715bc43a0aae1a0c8bdbc12a5 bd2bdbf68c8145eea06e570a7c3bb626 - - default default] POST http://[LB_IP_ADDRESS]:8776/v3/bd2bdbf68c8145eea06e570a7c3bb626/os-volume-transfer/c1a52a11-68b6-4971-b5c1-7c1fa226d52b/accept
2022-08-24 08:33:48.391 22 INFO cinder.api.contrib.volume_transfer [None req-d56b14cf-68d9-4e45-9987-7bda30ba394a 16d79dd715bc43a0aae1a0c8bdbc12a5 bd2bdbf68c8145eea06e570a7c3bb626 - - default default] Accepting transfer c1a52a11-68b6-4971-b5c1-7c1fa226d52b
2022-08-24 08:33:48.699 19 INFO cinder.api.openstack.wsgi [None req-e15aaf12-108e-4c80-a4f4-e00b604c91af 32153bc2925743c8914fe1b3297b9b95 028ad34a9ff84478a79a19f8af0b844b - - default default] DELETE http://[LB_IP_ADDRESS]:8776/v3/028ad34a9ff84478a79a19f8af0b844b/volumes/0972f016-96e4-472d-98c0-5c01aec039f1
2022-08-24 08:33:48.700 19 INFO cinder.api.v3.volumes [None req-e15aaf12-108e-4c80-a4f4-e00b604c91af 32153bc2925743c8914fe1b3297b9b95 028ad34a9ff84478a79a19f8af0b844b - - default default] Delete volume with id: 0972f016-96e4-472d-98c0-5c01aec039f1 
2022-08-24 08:33:48.717 19 INFO cinder.volume.api [None req-e15aaf12-108e-4c80-a4f4-e00b604c91af 32153bc2925743c8914fe1b3297b9b95 028ad34a9ff84478a79a19f8af0b844b - - default default] Volume info retrieved successfully.
2022-08-24 08:33:48.740 19 INFO cinder.volume.api [None req-e15aaf12-108e-4c80-a4f4-e00b604c91af 32153bc2925743c8914fe1b3297b9b95 028ad34a9ff84478a79a19f8af0b844b - - default default] Delete volume request issued successfully.
2022-08-24 08:33:48.740 19 INFO cinder.api.openstack.wsgi [None req-e15aaf12-108e-4c80-a4f4-e00b604c91af 32153bc2925743c8914fe1b3297b9b95 028ad34a9ff84478a79a19f8af0b844b - - default default] http://[LB_IP_ADDRESS]:8776/v3/028ad34a9ff84478a79a19f8af0b844b/volumes/0972f016-96e4-472d-98c0-5c01aec039f1 returned with HTTP 202
2022-08-24 08:33:48.753 21 INFO cinder.api.openstack.wsgi [None req-0c0a9d75-23f5-4844-b577-d24fd57297b1 32153bc2925743c8914fe1b3297b9b95 028ad34a9ff84478a79a19f8af0b844b - - default default] GET http://[LB_IP_ADDRESS]:8776/v3/028ad34a9ff84478a79a19f8af0b844b/volumes/0972f016-96e4-472d-98c0-5c01aec039f1
2022-08-24 08:33:48.773 23 INFO cinder.api.openstack.wsgi [None req-21184f5c-e827-4b5a-b546-3128cf537f0f 9a6e918236fb4e11b9449e4b111c8e85 ecb42325ddfb48d79a99dba515ca88fd - - default default] GET http://[LB_IP_ADDRESS]:8776/v3/ecb42325ddfb48d79a99dba515ca88fd/snapshots/3e36b4a5-2c54-445f-a3d7-12bc49a5badf
2022-08-24 08:33:48.775 21 INFO cinder.volume.api [None req-0c0a9d75-23f5-4844-b577-d24fd57297b1 32153bc2925743c8914fe1b3297b9b95 028ad34a9ff84478a79a19f8af0b844b - - default default] Volume info retrieved successfully.
2022-08-24 08:33:48.783 21 INFO cinder.api.openstack.wsgi [None req-0c0a9d75-23f5-4844-b577-d24fd57297b1 32153bc2925743c8914fe1b3297b9b95 028ad34a9ff84478a79a19f8af0b844b - - default default] http://[LB_IP_ADDRESS]:8776/v3/028ad34a9ff84478a79a19f8af0b844b/volumes/0972f016-96e4-472d-98c0-5c01aec039f1 returned with HTTP 200
2022-08-24 08:33:48.790 23 INFO cinder.volume.api [None req-21184f5c-e827-4b5a-b546-3128cf537f0f 9a6e918236fb4e11b9449e4b111c8e85 ecb42325ddfb48d79a99dba515ca88fd - - default default] Snapshot retrieved successfully.
2022-08-24 08:33:48.792 23 INFO cinder.api.openstack.wsgi [None req-21184f5c-e827-4b5a-b546-3128cf537f0f 9a6e918236fb4e11b9449e4b111c8e85 ecb42325ddfb48d79a99dba515ca88fd - - default default] http://[LB_IP_ADDRESS]:8776/v3/ecb42325ddfb48d79a99dba515ca88fd/snapshots/3e36b4a5-2c54-445f-a3d7-12bc49a5badf returned with HTTP 200
2022-08-24 08:33:48.987 22 INFO cinder.volume.api [None req-d56b14cf-68d9-4e45-9987-7bda30ba394a 16d79dd715bc43a0aae1a0c8bdbc12a5 bd2bdbf68c8145eea06e570a7c3bb626 - - default default] Transfer volume completed successfully.
2022-08-24 08:33:49.082 22 INFO cinder.transfer.api [None req-d56b14cf-68d9-4e45-9987-7bda30ba394a 16d79dd715bc43a0aae1a0c8bdbc12a5 bd2bdbf68c8145eea06e570a7c3bb626 - - default default] Volume 9f200ada-247f-4ef6-9853-05582059191c has been transferred.
2022-08-24 08:33:49.097 22 INFO cinder.api.openstack.wsgi [None req-d56b14cf-68d9-4e45-9987-7bda30ba394a 16d79dd715bc43a0aae1a0c8bdbc12a5 bd2bdbf68c8145eea06e570a7c3bb626 - - default default] http://[LB_IP_ADDRESS]:8776/v3/bd2bdbf68c8145eea06e570a7c3bb626/os-volume-transfer/c1a52a11-68b6-4971-b5c1-7c1fa226d52b/accept returned with HTTP 202
2022-08-24 08:33:49.113 20 INFO cinder.api.openstack.wsgi [None req-899ff954-d615-41eb-ab76-2ff6b7a75025 16d79dd715bc43a0aae1a0c8bdbc12a5 bd2bdbf68c8145eea06e570a7c3bb626 - - default default] GET http://[LB_IP_ADDRESS]:8776/v3/bd2bdbf68c8145eea06e570a7c3bb626/volumes/9f200ada-247f-4ef6-9853-05582059191c
2022-08-24 08:33:49.137 20 INFO cinder.volume.api [None req-899ff954-d615-41eb-ab76-2ff6b7a75025 16d79dd715bc43a0aae1a0c8bdbc12a5 bd2bdbf68c8145eea06e570a7c3bb626 - - default default] Volume info retrieved successfully.
2022-08-24 08:33:49.144 20 INFO cinder.api.openstack.wsgi [None req-899ff954-d615-41eb-ab76-2ff6b7a75025 16d79dd715bc43a0aae1a0c8bdbc12a5 bd2bdbf68c8145eea06e570a7c3bb626 - - default default] http://[LB_IP_ADDRESS]:8776/v3/bd2bdbf68c8145eea06e570a7c3bb626/volumes/9f200ada-247f-4ef6-9853-05582059191c returned with HTTP 200
2022-08-24 08:33:49.166 19 INFO cinder.api.openstack.wsgi [None req-6663da31-b7be-4016-a79f-0ecb222e45c5 16d79dd715bc43a0aae1a0c8bdbc12a5 bd2bdbf68c8145eea06e570a7c3bb626 - - default default] GET http://[LB_IP_ADDRESS]:8776/v3/bd2bdbf68c8145eea06e570a7c3bb626/volumes/9f200ada-247f-4ef6-9853-05582059191c
2022-08-24 08:33:49.190 19 INFO cinder.volume.api [None req-6663da31-b7be-4016-a79f-0ecb222e45c5 16d79dd715bc43a0aae1a0c8bdbc12a5 bd2bdbf68c8145eea06e570a7c3bb626 - - default default] Volume info retrieved successfully.
2022-08-24 08:33:49.198 19 INFO cinder.api.openstack.wsgi [None req-6663da31-b7be-4016-a79f-0ecb222e45c5 16d79dd715bc43a0aae1a0c8bdbc12a5 bd2bdbf68c8145eea06e570a7c3bb626 - - default default] http://[LB_IP_ADDRESS]:8776/v3/bd2bdbf68c8145eea06e570a7c3bb626/volumes/9f200ada-247f-4ef6-9853-05582059191c returned with HTTP 200
2022-08-24 08:33:49.222 21 INFO cinder.api.openstack.wsgi [None req-97220358-8ac7-490a-b3eb-5eb63d259c60 a23e15f738fd4c10b6b3508998ca34d1 2390a7a6dfe44631a31b13d487b7fb95 - - default default] DELETE http://[LB_IP_ADDRESS]:8776/v3/2390a7a6dfe44631a31b13d487b7fb95/os-volume-transfer/c1a52a11-68b6-4971-b5c1-7c1fa226d52b
2022-08-24 08:33:49.223 21 INFO cinder.api.contrib.volume_transfer [None req-97220358-8ac7-490a-b3eb-5eb63d259c60 a23e15f738fd4c10b6b3508998ca34d1 2390a7a6dfe44631a31b13d487b7fb95 - - default default] Delete transfer with id: c1a52a11-68b6-4971-b5c1-7c1fa226d52b
2022-08-24 08:33:49.229 21 INFO cinder.api.openstack.wsgi [None req-97220358-8ac7-490a-b3eb-5eb63d259c60 a23e15f738fd4c10b6b3508998ca34d1 2390a7a6dfe44631a31b13d487b7fb95 - - default default] http://[LB_IP_ADDRESS]:8776/v3/2390a7a6dfe44631a31b13d487b7fb95/os-volume-transfer/c1a52a11-68b6-4971-b5c1-7c1fa226d52b returned with HTTP 404
2022-08-24 08:33:49.335 23 INFO cinder.api.openstack.wsgi [None req-48b7eb62-9945-419a-82dd-dfaee63c2815 433ec307278f4072afd6d379e355c955 a1b4d25243ee47b79547941233252925 - - default default] DELETE http://[LB_IP_ADDRESS]:8776/v3/a1b4d25243ee47b79547941233252925/volumes/9f200ada-247f-4ef6-9853-05582059191c
2022-08-24 08:33:49.336 23 INFO cinder.api.v3.volumes [None req-48b7eb62-9945-419a-82dd-dfaee63c2815 433ec307278f4072afd6d379e355c955 a1b4d25243ee47b79547941233252925 - - default default] Delete volume with id: 9f200ada-247f-4ef6-9853-05582059191c 
2022-08-24 08:33:49.354 23 INFO cinder.volume.api [None req-48b7eb62-9945-419a-82dd-dfaee63c2815 433ec307278f4072afd6d379e355c955 a1b4d25243ee47b79547941233252925 - - default default] Volume info retrieved successfully.
2022-08-24 08:33:49.378 23 INFO cinder.volume.api [None req-48b7eb62-9945-419a-82dd-dfaee63c2815 433ec307278f4072afd6d379e355c955 a1b4d25243ee47b79547941233252925 - - default default] Delete volume request issued successfully.
2022-08-24 08:33:49.379 23 INFO cinder.api.openstack.wsgi [None req-48b7eb62-9945-419a-82dd-dfaee63c2815 433ec307278f4072afd6d379e355c955 a1b4d25243ee47b79547941233252925 - - default default] http://[LB_IP_ADDRESS]:8776/v3/a1b4d25243ee47b79547941233252925/volumes/9f200ada-247f-4ef6-9853-05582059191c returned with HTTP 202
2022-08-24 08:33:49.390 22 INFO cinder.api.openstack.wsgi [None req-0e932ca3-bf4f-4b70-af25-226058ba7c83 433ec307278f4072afd6d379e355c955 a1b4d25243ee47b79547941233252925 - - default default] GET http://[LB_IP_ADDRESS]:8776/v3/a1b4d25243ee47b79547941233252925/volumes/9f200ada-247f-4ef6-9853-05582059191c
2022-08-24 08:33:49.413 22 INFO cinder.volume.api [None req-0e932ca3-bf4f-4b70-af25-226058ba7c83 433ec307278f4072afd6d379e355c955 a1b4d25243ee47b79547941233252925 - - default default] Volume info retrieved successfully.
2022-08-24 08:33:49.421 22 INFO cinder.api.openstack.wsgi [None req-0e932ca3-bf4f-4b70-af25-226058ba7c83 433ec307278f4072afd6d379e355c955 a1b4d25243ee47b79547941233252925 - - default default] http://[LB_IP_ADDRESS]:8776/v3/a1b4d25243ee47b79547941233252925/volumes/9f200ada-247f-4ef6-9853-05582059191c returned with HTTP 200
2022-08-24 08:33:49.806 20 INFO cinder.api.openstack.wsgi [None req-33863fd9-56f9-445a-96c5-48434808f3c7 32153bc2925743c8914fe1b3297b9b95 028ad34a9ff84478a79a19f8af0b844b - - default default] GET http://[LB_IP_ADDRESS]:8776/v3/028ad34a9ff84478a79a19f8af0b844b/volumes/0972f016-96e4-472d-98c0-5c01aec039f1
