Build Started 15_10_2025_08_29_03
2025-10-15 08:31:39.761 75 INFO cinder.api.openstack.wsgi [None req-73969b9a-53f7-4f6b-8bd9-45f53cc9a2bc f460cd12b7bf45fdbe1b1c80caa94ead 42542bf38a1440c9ad02047e15dca86a - - default default] GET http://[LB_IP_ADDRESS]:8776/v3/42542bf38a1440c9ad02047e15dca86a/volumes/detail
2025-10-15 08:31:39.776 75 INFO cinder.volume.api [None req-73969b9a-53f7-4f6b-8bd9-45f53cc9a2bc f460cd12b7bf45fdbe1b1c80caa94ead 42542bf38a1440c9ad02047e15dca86a - - default default] Get all volumes completed successfully.
2025-10-15 08:31:39.783 75 INFO cinder.api.openstack.wsgi [None req-73969b9a-53f7-4f6b-8bd9-45f53cc9a2bc f460cd12b7bf45fdbe1b1c80caa94ead 42542bf38a1440c9ad02047e15dca86a - - default default] http://[LB_IP_ADDRESS]:8776/v3/42542bf38a1440c9ad02047e15dca86a/volumes/detail returned with HTTP 200
2025-10-15 08:31:39.796 74 INFO cinder.api.openstack.wsgi [req-73969b9a-53f7-4f6b-8bd9-45f53cc9a2bc req-d3fd78d6-6a89-44a5-9c32-c02d9339056c f460cd12b7bf45fdbe1b1c80caa94ead 42542bf38a1440c9ad02047e15dca86a - - default default] GET http://[LB_IP_ADDRESS]:8776/v3/42542bf38a1440c9ad02047e15dca86a/snapshots/detail?all_tenants=True
2025-10-15 08:31:39.805 74 INFO cinder.volume.api [req-73969b9a-53f7-4f6b-8bd9-45f53cc9a2bc req-d3fd78d6-6a89-44a5-9c32-c02d9339056c f460cd12b7bf45fdbe1b1c80caa94ead 42542bf38a1440c9ad02047e15dca86a - - default default] Get all snapshots completed successfully.
2025-10-15 08:31:39.805 74 INFO cinder.api.openstack.wsgi [req-73969b9a-53f7-4f6b-8bd9-45f53cc9a2bc req-d3fd78d6-6a89-44a5-9c32-c02d9339056c f460cd12b7bf45fdbe1b1c80caa94ead 42542bf38a1440c9ad02047e15dca86a - - default default] http://[LB_IP_ADDRESS]:8776/v3/42542bf38a1440c9ad02047e15dca86a/snapshots/detail?all_tenants=True returned with HTTP 200
2025-10-15 08:31:41.250 76 INFO cinder.api.openstack.wsgi [None req-40e93e1c-99ad-4b01-9622-48c57dea5e95 f460cd12b7bf45fdbe1b1c80caa94ead 42542bf38a1440c9ad02047e15dca86a - - default default] GET http://[LB_IP_ADDRESS]:8776/v3/42542bf38a1440c9ad02047e15dca86a/volumes/detail?all_tenants=True
2025-10-15 08:31:41.270 76 INFO cinder.volume.api [None req-40e93e1c-99ad-4b01-9622-48c57dea5e95 f460cd12b7bf45fdbe1b1c80caa94ead 42542bf38a1440c9ad02047e15dca86a - - default default] Get all volumes completed successfully.
2025-10-15 08:31:41.275 76 INFO cinder.api.openstack.wsgi [None req-40e93e1c-99ad-4b01-9622-48c57dea5e95 f460cd12b7bf45fdbe1b1c80caa94ead 42542bf38a1440c9ad02047e15dca86a - - default default] http://[LB_IP_ADDRESS]:8776/v3/42542bf38a1440c9ad02047e15dca86a/volumes/detail?all_tenants=True returned with HTTP 200
2025-10-15 08:31:42.579 72 INFO cinder.api.openstack.wsgi [None req-ba24e225-74a2-4aef-9bfd-5df5c0d956aa f460cd12b7bf45fdbe1b1c80caa94ead 42542bf38a1440c9ad02047e15dca86a - - default default] GET http://[LB_IP_ADDRESS]:8776/v3/42542bf38a1440c9ad02047e15dca86a/types?is_public=None
2025-10-15 08:31:42.602 72 INFO cinder.api.openstack.wsgi [None req-ba24e225-74a2-4aef-9bfd-5df5c0d956aa f460cd12b7bf45fdbe1b1c80caa94ead 42542bf38a1440c9ad02047e15dca86a - - default default] http://[LB_IP_ADDRESS]:8776/v3/42542bf38a1440c9ad02047e15dca86a/types?is_public=None returned with HTTP 200
2025-10-15 08:31:50.736 73 INFO cinder.api.openstack.wsgi [None req-05a4d345-3bfa-4580-a13a-fee94d191ca7 f460cd12b7bf45fdbe1b1c80caa94ead 42542bf38a1440c9ad02047e15dca86a - - default default] GET http://[LB_IP_ADDRESS]:8776/v3/42542bf38a1440c9ad02047e15dca86a/snapshots
2025-10-15 08:31:50.745 73 INFO cinder.volume.api [None req-05a4d345-3bfa-4580-a13a-fee94d191ca7 f460cd12b7bf45fdbe1b1c80caa94ead 42542bf38a1440c9ad02047e15dca86a - - default default] Get all snapshots completed successfully.
2025-10-15 08:31:50.745 73 INFO cinder.api.openstack.wsgi [None req-05a4d345-3bfa-4580-a13a-fee94d191ca7 f460cd12b7bf45fdbe1b1c80caa94ead 42542bf38a1440c9ad02047e15dca86a - - default default] http://[LB_IP_ADDRESS]:8776/v3/42542bf38a1440c9ad02047e15dca86a/snapshots returned with HTTP 200
2025-10-15 08:31:50.756 75 INFO cinder.api.openstack.wsgi [None req-311c54dc-94bb-4f40-8b8f-6bfe257ad9b7 f460cd12b7bf45fdbe1b1c80caa94ead 42542bf38a1440c9ad02047e15dca86a - - default default] GET http://[LB_IP_ADDRESS]:8776/v3/42542bf38a1440c9ad02047e15dca86a/volumes
2025-10-15 08:31:50.767 75 INFO cinder.volume.api [None req-311c54dc-94bb-4f40-8b8f-6bfe257ad9b7 f460cd12b7bf45fdbe1b1c80caa94ead 42542bf38a1440c9ad02047e15dca86a - - default default] Get all volumes completed successfully.
2025-10-15 08:31:50.768 75 INFO cinder.api.openstack.wsgi [None req-311c54dc-94bb-4f40-8b8f-6bfe257ad9b7 f460cd12b7bf45fdbe1b1c80caa94ead 42542bf38a1440c9ad02047e15dca86a - - default default] http://[LB_IP_ADDRESS]:8776/v3/42542bf38a1440c9ad02047e15dca86a/volumes returned with HTTP 200
2025-10-15 08:31:51.380 74 INFO cinder.api.openstack.wsgi [None req-c8e71a32-037d-4aff-89e9-fe2d6df0ce08 - - - - - -] GET http://[LB_IP_ADDRESS]:8776/
2025-10-15 08:31:51.382 74 INFO cinder.api.openstack.wsgi [None req-c8e71a32-037d-4aff-89e9-fe2d6df0ce08 - - - - - -] http://[LB_IP_ADDRESS]:8776/ returned with HTTP 300
2025-10-15 08:31:59.657 76 INFO cinder.api.openstack.wsgi [req-364c6509-4df9-44b6-b8a4-e56395b9ef6e req-d8d8e4f8-72d6-481e-96b6-dfd9842fcb55 91e6a71d3f824058b5ac7dcee847d396 401110355cd94ab0925eaf96c7d90078 - - default default] POST http://[LB_IP_ADDRESS]:8776/v3/volumes
2025-10-15 08:31:59.661 76 INFO cinder.api.v3.volumes [req-364c6509-4df9-44b6-b8a4-e56395b9ef6e req-d8d8e4f8-72d6-481e-96b6-dfd9842fcb55 91e6a71d3f824058b5ac7dcee847d396 401110355cd94ab0925eaf96c7d90078 - - default default] Create volume of 1 GB
2025-10-15 08:31:59.677 76 INFO cinder.volume.api [req-364c6509-4df9-44b6-b8a4-e56395b9ef6e req-d8d8e4f8-72d6-481e-96b6-dfd9842fcb55 91e6a71d3f824058b5ac7dcee847d396 401110355cd94ab0925eaf96c7d90078 - - default default] Availability Zones retrieved successfully.
2025-10-15 08:31:59.736 72 INFO cinder.api.openstack.wsgi [req-084ce409-2cbc-4009-943b-34440cac9163 req-c64dd4e6-356f-4e51-825c-0ab1aa12a802 1778e35bbfee4921993fec57152acb3b 23e961eec066443789d3fae27badf515 - - default default] POST http://[LB_IP_ADDRESS]:8776/v3/volumes
2025-10-15 08:31:59.740 72 INFO cinder.api.v3.volumes [req-084ce409-2cbc-4009-943b-34440cac9163 req-c64dd4e6-356f-4e51-825c-0ab1aa12a802 1778e35bbfee4921993fec57152acb3b 23e961eec066443789d3fae27badf515 - - default default] Create volume of 1 GB
2025-10-15 08:31:59.751 72 INFO cinder.volume.api [req-084ce409-2cbc-4009-943b-34440cac9163 req-c64dd4e6-356f-4e51-825c-0ab1aa12a802 1778e35bbfee4921993fec57152acb3b 23e961eec066443789d3fae27badf515 - - default default] Availability Zones retrieved successfully.
2025-10-15 08:31:59.859 76 INFO cinder.volume.api [req-364c6509-4df9-44b6-b8a4-e56395b9ef6e req-d8d8e4f8-72d6-481e-96b6-dfd9842fcb55 91e6a71d3f824058b5ac7dcee847d396 401110355cd94ab0925eaf96c7d90078 - - default default] Create volume request issued successfully.
2025-10-15 08:31:59.860 76 INFO cinder.api.openstack.wsgi [req-364c6509-4df9-44b6-b8a4-e56395b9ef6e req-d8d8e4f8-72d6-481e-96b6-dfd9842fcb55 91e6a71d3f824058b5ac7dcee847d396 401110355cd94ab0925eaf96c7d90078 - - default default] http://[LB_IP_ADDRESS]:8776/v3/volumes returned with HTTP 202
2025-10-15 08:31:59.878 73 INFO cinder.api.openstack.wsgi [req-364c6509-4df9-44b6-b8a4-e56395b9ef6e req-80cc5ac3-9316-4ab2-9036-9e633bff8860 91e6a71d3f824058b5ac7dcee847d396 401110355cd94ab0925eaf96c7d90078 - - default default] GET http://[LB_IP_ADDRESS]:8776/v3/volumes/2c45dba4-e143-4e71-aaf3-80c0b53696e8
2025-10-15 08:31:59.892 73 INFO cinder.volume.api [req-364c6509-4df9-44b6-b8a4-e56395b9ef6e req-80cc5ac3-9316-4ab2-9036-9e633bff8860 91e6a71d3f824058b5ac7dcee847d396 401110355cd94ab0925eaf96c7d90078 - - default default] Volume info retrieved successfully.
2025-10-15 08:31:59.896 73 INFO cinder.api.openstack.wsgi [req-364c6509-4df9-44b6-b8a4-e56395b9ef6e req-80cc5ac3-9316-4ab2-9036-9e633bff8860 91e6a71d3f824058b5ac7dcee847d396 401110355cd94ab0925eaf96c7d90078 - - default default] http://[LB_IP_ADDRESS]:8776/v3/volumes/2c45dba4-e143-4e71-aaf3-80c0b53696e8 returned with HTTP 200
2025-10-15 08:31:59.931 72 INFO cinder.volume.api [req-084ce409-2cbc-4009-943b-34440cac9163 req-c64dd4e6-356f-4e51-825c-0ab1aa12a802 1778e35bbfee4921993fec57152acb3b 23e961eec066443789d3fae27badf515 - - default default] Create volume request issued successfully.
2025-10-15 08:31:59.932 72 INFO cinder.api.openstack.wsgi [req-084ce409-2cbc-4009-943b-34440cac9163 req-c64dd4e6-356f-4e51-825c-0ab1aa12a802 1778e35bbfee4921993fec57152acb3b 23e961eec066443789d3fae27badf515 - - default default] http://[LB_IP_ADDRESS]:8776/v3/volumes returned with HTTP 202
2025-10-15 08:31:59.944 76 INFO cinder.api.openstack.wsgi [req-084ce409-2cbc-4009-943b-34440cac9163 req-25f5e924-7403-49bd-978e-86986a73b108 1778e35bbfee4921993fec57152acb3b 23e961eec066443789d3fae27badf515 - - default default] GET http://[LB_IP_ADDRESS]:8776/v3/volumes/3f1bb3ae-ea5a-4438-9549-29b4c53af43d
2025-10-15 08:31:59.955 76 INFO cinder.volume.api [req-084ce409-2cbc-4009-943b-34440cac9163 req-25f5e924-7403-49bd-978e-86986a73b108 1778e35bbfee4921993fec57152acb3b 23e961eec066443789d3fae27badf515 - - default default] Volume info retrieved successfully.
2025-10-15 08:31:59.959 76 INFO cinder.api.openstack.wsgi [req-084ce409-2cbc-4009-943b-34440cac9163 req-25f5e924-7403-49bd-978e-86986a73b108 1778e35bbfee4921993fec57152acb3b 23e961eec066443789d3fae27badf515 - - default default] http://[LB_IP_ADDRESS]:8776/v3/volumes/3f1bb3ae-ea5a-4438-9549-29b4c53af43d returned with HTTP 200
2025-10-15 08:31:59.983 74 INFO cinder.api.openstack.wsgi [None req-fe73777a-ae2f-498a-9fdd-7d4c37f14e0d f191125579b94224bcc79615e118ca05 620868caaa794f94989b5f3d75f8340e - - default default] POST http://[LB_IP_ADDRESS]:8776/v3/620868caaa794f94989b5f3d75f8340e/types
2025-10-15 08:31:59.988 75 INFO cinder.api.openstack.wsgi [req-c36c5fce-1d6d-40db-b9d9-1373e8e1ab54 req-5b1dc615-26c2-4d61-8cb5-a23778ca2994 91e6a71d3f824058b5ac7dcee847d396 401110355cd94ab0925eaf96c7d90078 - - default default] GET http://[LB_IP_ADDRESS]:8776/v3/volumes/2c45dba4-e143-4e71-aaf3-80c0b53696e8
2025-10-15 08:32:00.004 75 INFO cinder.volume.api [req-c36c5fce-1d6d-40db-b9d9-1373e8e1ab54 req-5b1dc615-26c2-4d61-8cb5-a23778ca2994 91e6a71d3f824058b5ac7dcee847d396 401110355cd94ab0925eaf96c7d90078 - - default default] Volume info retrieved successfully.
2025-10-15 08:32:00.007 74 INFO cinder.api.openstack.wsgi [None req-fe73777a-ae2f-498a-9fdd-7d4c37f14e0d f191125579b94224bcc79615e118ca05 620868caaa794f94989b5f3d75f8340e - - default default] http://[LB_IP_ADDRESS]:8776/v3/620868caaa794f94989b5f3d75f8340e/types returned with HTTP 200
2025-10-15 08:32:00.009 75 INFO cinder.api.openstack.wsgi [req-c36c5fce-1d6d-40db-b9d9-1373e8e1ab54 req-5b1dc615-26c2-4d61-8cb5-a23778ca2994 91e6a71d3f824058b5ac7dcee847d396 401110355cd94ab0925eaf96c7d90078 - - default default] http://[LB_IP_ADDRESS]:8776/v3/volumes/2c45dba4-e143-4e71-aaf3-80c0b53696e8 returned with HTTP 200
2025-10-15 08:32:00.017 72 INFO cinder.api.openstack.wsgi [None req-02894b4e-8b3a-44e6-b18d-664bcc81576c f191125579b94224bcc79615e118ca05 620868caaa794f94989b5f3d75f8340e - - default default] POST http://[LB_IP_ADDRESS]:8776/v3/620868caaa794f94989b5f3d75f8340e/group_types
2025-10-15 08:32:00.031 72 INFO cinder.api.openstack.wsgi [None req-02894b4e-8b3a-44e6-b18d-664bcc81576c f191125579b94224bcc79615e118ca05 620868caaa794f94989b5f3d75f8340e - - default default] http://[LB_IP_ADDRESS]:8776/v3/620868caaa794f94989b5f3d75f8340e/group_types returned with HTTP 202
2025-10-15 08:32:00.063 73 INFO cinder.api.openstack.wsgi [req-d9413e63-65c3-413c-9c13-a7b0912a4288 req-07ba4717-699c-4460-83e8-73fd0cfb7b69 1778e35bbfee4921993fec57152acb3b 23e961eec066443789d3fae27badf515 - - default default] GET http://[LB_IP_ADDRESS]:8776/v3/volumes/3f1bb3ae-ea5a-4438-9549-29b4c53af43d
2025-10-15 08:32:00.082 73 INFO cinder.volume.api [req-d9413e63-65c3-413c-9c13-a7b0912a4288 req-07ba4717-699c-4460-83e8-73fd0cfb7b69 1778e35bbfee4921993fec57152acb3b 23e961eec066443789d3fae27badf515 - - default default] Volume info retrieved successfully.
2025-10-15 08:32:00.087 73 INFO cinder.api.openstack.wsgi [req-d9413e63-65c3-413c-9c13-a7b0912a4288 req-07ba4717-699c-4460-83e8-73fd0cfb7b69 1778e35bbfee4921993fec57152acb3b 23e961eec066443789d3fae27badf515 - - default default] http://[LB_IP_ADDRESS]:8776/v3/volumes/3f1bb3ae-ea5a-4438-9549-29b4c53af43d returned with HTTP 200
2025-10-15 08:32:00.118 76 INFO cinder.api.openstack.wsgi [None req-36de835e-6853-48e5-bac8-8149da25ae81 f2ad7c49a54f437d9ddddf6922a2c923 14351d2c827b42b2a02b5c5c71f83c00 - - default default] POST http://[LB_IP_ADDRESS]:8776/v3/14351d2c827b42b2a02b5c5c71f83c00/groups
2025-10-15 08:32:00.128 76 INFO cinder.api.v3.groups [None req-36de835e-6853-48e5-bac8-8149da25ae81 f2ad7c49a54f437d9ddddf6922a2c923 14351d2c827b42b2a02b5c5c71f83c00 - - default default] Creating group tempest-GroupSnapshotsTest-Group-1295699688.
2025-10-15 08:32:00.137 76 INFO cinder.volume.api [None req-36de835e-6853-48e5-bac8-8149da25ae81 f2ad7c49a54f437d9ddddf6922a2c923 14351d2c827b42b2a02b5c5c71f83c00 - - default default] Availability Zones retrieved successfully.
2025-10-15 08:32:00.192 76 INFO cinder.api.openstack.wsgi [None req-36de835e-6853-48e5-bac8-8149da25ae81 f2ad7c49a54f437d9ddddf6922a2c923 14351d2c827b42b2a02b5c5c71f83c00 - - default default] http://[LB_IP_ADDRESS]:8776/v3/14351d2c827b42b2a02b5c5c71f83c00/groups returned with HTTP 202
2025-10-15 08:32:00.205 74 INFO cinder.api.openstack.wsgi [None req-268067e1-66d3-4cf5-970a-f4bfd295885b f2ad7c49a54f437d9ddddf6922a2c923 14351d2c827b42b2a02b5c5c71f83c00 - - default default] GET http://[LB_IP_ADDRESS]:8776/v3/14351d2c827b42b2a02b5c5c71f83c00/groups/c6c961b0-579c-4317-87ae-574e92781001
2025-10-15 08:32:00.222 74 INFO cinder.api.openstack.wsgi [None req-268067e1-66d3-4cf5-970a-f4bfd295885b f2ad7c49a54f437d9ddddf6922a2c923 14351d2c827b42b2a02b5c5c71f83c00 - - default default] http://[LB_IP_ADDRESS]:8776/v3/14351d2c827b42b2a02b5c5c71f83c00/groups/c6c961b0-579c-4317-87ae-574e92781001 returned with HTTP 200
2025-10-15 08:32:01.093 75 INFO cinder.api.openstack.wsgi [req-d247ebb3-7ab2-4336-965d-13dc87eec1e3 req-f8e201ad-e915-48a5-a2e4-49feff18ffbc 91e6a71d3f824058b5ac7dcee847d396 401110355cd94ab0925eaf96c7d90078 - - default default] GET http://[LB_IP_ADDRESS]:8776/v3/volumes/2c45dba4-e143-4e71-aaf3-80c0b53696e8
2025-10-15 08:32:01.111 75 INFO cinder.volume.api [req-d247ebb3-7ab2-4336-965d-13dc87eec1e3 req-f8e201ad-e915-48a5-a2e4-49feff18ffbc 91e6a71d3f824058b5ac7dcee847d396 401110355cd94ab0925eaf96c7d90078 - - default default] Volume info retrieved successfully.
2025-10-15 08:32:01.116 75 INFO cinder.api.openstack.wsgi [req-d247ebb3-7ab2-4336-965d-13dc87eec1e3 req-f8e201ad-e915-48a5-a2e4-49feff18ffbc 91e6a71d3f824058b5ac7dcee847d396 401110355cd94ab0925eaf96c7d90078 - - default default] http://[LB_IP_ADDRESS]:8776/v3/volumes/2c45dba4-e143-4e71-aaf3-80c0b53696e8 returned with HTTP 200
2025-10-15 08:32:01.122 72 INFO cinder.api.openstack.wsgi [req-66b019ee-6975-4527-8065-d12a7fc0a469 req-e1c81c93-547e-4bb6-b8b9-aab1abd0fe76 1778e35bbfee4921993fec57152acb3b 23e961eec066443789d3fae27badf515 - - default default] GET http://[LB_IP_ADDRESS]:8776/v3/volumes/3f1bb3ae-ea5a-4438-9549-29b4c53af43d
2025-10-15 08:32:01.150 72 INFO cinder.volume.api [req-66b019ee-6975-4527-8065-d12a7fc0a469 req-e1c81c93-547e-4bb6-b8b9-aab1abd0fe76 1778e35bbfee4921993fec57152acb3b 23e961eec066443789d3fae27badf515 - - default default] Volume info retrieved successfully.
2025-10-15 08:32:01.155 73 INFO cinder.api.openstack.wsgi [req-f635367d-7a2e-4d75-8f28-ce5fe4e45534 req-232e7e1e-93fc-408b-9f0f-60bf8fdda66e 91e6a71d3f824058b5ac7dcee847d396 401110355cd94ab0925eaf96c7d90078 - - default default] GET http://[LB_IP_ADDRESS]:8776/v3/volumes/2c45dba4-e143-4e71-aaf3-80c0b53696e8
2025-10-15 08:32:01.156 72 INFO cinder.api.openstack.wsgi [req-66b019ee-6975-4527-8065-d12a7fc0a469 req-e1c81c93-547e-4bb6-b8b9-aab1abd0fe76 1778e35bbfee4921993fec57152acb3b 23e961eec066443789d3fae27badf515 - - default default] http://[LB_IP_ADDRESS]:8776/v3/volumes/3f1bb3ae-ea5a-4438-9549-29b4c53af43d returned with HTTP 200
2025-10-15 08:32:01.173 73 INFO cinder.volume.api [req-f635367d-7a2e-4d75-8f28-ce5fe4e45534 req-232e7e1e-93fc-408b-9f0f-60bf8fdda66e 91e6a71d3f824058b5ac7dcee847d396 401110355cd94ab0925eaf96c7d90078 - - default default] Volume info retrieved successfully.
2025-10-15 08:32:01.180 73 INFO cinder.api.openstack.wsgi [req-f635367d-7a2e-4d75-8f28-ce5fe4e45534 req-232e7e1e-93fc-408b-9f0f-60bf8fdda66e 91e6a71d3f824058b5ac7dcee847d396 401110355cd94ab0925eaf96c7d90078 - - default default] http://[LB_IP_ADDRESS]:8776/v3/volumes/2c45dba4-e143-4e71-aaf3-80c0b53696e8 returned with HTTP 200
2025-10-15 08:32:01.189 76 INFO cinder.api.openstack.wsgi [req-7190c2c0-fa35-4c49-8221-0413cdbe99fd req-8bf21409-a6e4-46c0-957e-b22a426615ff 1778e35bbfee4921993fec57152acb3b 23e961eec066443789d3fae27badf515 - - default default] POST http://[LB_IP_ADDRESS]:8776/v3/snapshots
2025-10-15 08:32:01.206 76 INFO cinder.volume.api [req-7190c2c0-fa35-4c49-8221-0413cdbe99fd req-8bf21409-a6e4-46c0-957e-b22a426615ff 1778e35bbfee4921993fec57152acb3b 23e961eec066443789d3fae27badf515 - - default default] Volume info retrieved successfully.
2025-10-15 08:32:01.206 76 INFO cinder.api.v3.snapshots [req-7190c2c0-fa35-4c49-8221-0413cdbe99fd req-8bf21409-a6e4-46c0-957e-b22a426615ff 1778e35bbfee4921993fec57152acb3b 23e961eec066443789d3fae27badf515 - - default default] Create snapshot from volume 3f1bb3ae-ea5a-4438-9549-29b4c53af43d
2025-10-15 08:32:01.227 74 INFO cinder.api.openstack.wsgi [req-4305fb03-29b7-40b9-bd14-a731edfa6044 req-40d6acc9-beb7-48cc-b90f-79a290a8be21 91e6a71d3f824058b5ac7dcee847d396 401110355cd94ab0925eaf96c7d90078 - - default default] DELETE http://[LB_IP_ADDRESS]:8776/v3/volumes/2c45dba4-e143-4e71-aaf3-80c0b53696e8
2025-10-15 08:32:01.228 74 INFO cinder.api.v3.volumes [req-4305fb03-29b7-40b9-bd14-a731edfa6044 req-40d6acc9-beb7-48cc-b90f-79a290a8be21 91e6a71d3f824058b5ac7dcee847d396 401110355cd94ab0925eaf96c7d90078 - - default default] Delete volume with id: 2c45dba4-e143-4e71-aaf3-80c0b53696e8 
2025-10-15 08:32:01.236 75 INFO cinder.api.openstack.wsgi [None req-016b5cb2-79fb-44d0-87a7-503c1c45e897 f2ad7c49a54f437d9ddddf6922a2c923 14351d2c827b42b2a02b5c5c71f83c00 - - default default] GET http://[LB_IP_ADDRESS]:8776/v3/14351d2c827b42b2a02b5c5c71f83c00/groups/c6c961b0-579c-4317-87ae-574e92781001
2025-10-15 08:32:01.240 74 INFO cinder.volume.api [req-4305fb03-29b7-40b9-bd14-a731edfa6044 req-40d6acc9-beb7-48cc-b90f-79a290a8be21 91e6a71d3f824058b5ac7dcee847d396 401110355cd94ab0925eaf96c7d90078 - - default default] Volume info retrieved successfully.
2025-10-15 08:32:01.256 74 INFO cinder.volume.api [req-4305fb03-29b7-40b9-bd14-a731edfa6044 req-40d6acc9-beb7-48cc-b90f-79a290a8be21 91e6a71d3f824058b5ac7dcee847d396 401110355cd94ab0925eaf96c7d90078 - - default default] Delete volume request issued successfully.
2025-10-15 08:32:01.256 74 INFO cinder.api.openstack.wsgi [req-4305fb03-29b7-40b9-bd14-a731edfa6044 req-40d6acc9-beb7-48cc-b90f-79a290a8be21 91e6a71d3f824058b5ac7dcee847d396 401110355cd94ab0925eaf96c7d90078 - - default default] http://[LB_IP_ADDRESS]:8776/v3/volumes/2c45dba4-e143-4e71-aaf3-80c0b53696e8 returned with HTTP 202
2025-10-15 08:32:01.256 75 INFO cinder.api.openstack.wsgi [None req-016b5cb2-79fb-44d0-87a7-503c1c45e897 f2ad7c49a54f437d9ddddf6922a2c923 14351d2c827b42b2a02b5c5c71f83c00 - - default default] http://[LB_IP_ADDRESS]:8776/v3/14351d2c827b42b2a02b5c5c71f83c00/groups/c6c961b0-579c-4317-87ae-574e92781001 returned with HTTP 200
2025-10-15 08:32:01.266 72 INFO cinder.api.openstack.wsgi [None req-6ef245ba-97dd-45c6-931b-cf4d9d8264b6 f2ad7c49a54f437d9ddddf6922a2c923 14351d2c827b42b2a02b5c5c71f83c00 - - default default] POST http://[LB_IP_ADDRESS]:8776/v3/14351d2c827b42b2a02b5c5c71f83c00/volumes
2025-10-15 08:32:01.276 72 INFO cinder.api.v3.volumes [None req-6ef245ba-97dd-45c6-931b-cf4d9d8264b6 f2ad7c49a54f437d9ddddf6922a2c923 14351d2c827b42b2a02b5c5c71f83c00 - - default default] Create volume of 1 GB
2025-10-15 08:32:01.281 72 INFO cinder.volume.api [None req-6ef245ba-97dd-45c6-931b-cf4d9d8264b6 f2ad7c49a54f437d9ddddf6922a2c923 14351d2c827b42b2a02b5c5c71f83c00 - - default default] Availability Zones retrieved successfully.
2025-10-15 08:32:01.287 73 INFO cinder.api.openstack.wsgi [req-9eb2ab70-3f31-4bdd-aa2e-f35026b06988 req-72e7bf4f-6e35-4329-862b-0125c383d695 91e6a71d3f824058b5ac7dcee847d396 401110355cd94ab0925eaf96c7d90078 - - default default] GET http://[LB_IP_ADDRESS]:8776/v3/volumes/2c45dba4-e143-4e71-aaf3-80c0b53696e8
2025-10-15 08:32:01.301 76 INFO cinder.volume.api [req-7190c2c0-fa35-4c49-8221-0413cdbe99fd req-8bf21409-a6e4-46c0-957e-b22a426615ff 1778e35bbfee4921993fec57152acb3b 23e961eec066443789d3fae27badf515 - - default default] Snapshot create request issued successfully.
2025-10-15 08:32:01.301 73 INFO cinder.volume.api [req-9eb2ab70-3f31-4bdd-aa2e-f35026b06988 req-72e7bf4f-6e35-4329-862b-0125c383d695 91e6a71d3f824058b5ac7dcee847d396 401110355cd94ab0925eaf96c7d90078 - - default default] Volume info retrieved successfully.
2025-10-15 08:32:01.302 76 INFO cinder.api.openstack.wsgi [req-7190c2c0-fa35-4c49-8221-0413cdbe99fd req-8bf21409-a6e4-46c0-957e-b22a426615ff 1778e35bbfee4921993fec57152acb3b 23e961eec066443789d3fae27badf515 - - default default] http://[LB_IP_ADDRESS]:8776/v3/snapshots returned with HTTP 202
2025-10-15 08:32:01.307 73 INFO cinder.api.openstack.wsgi [req-9eb2ab70-3f31-4bdd-aa2e-f35026b06988 req-72e7bf4f-6e35-4329-862b-0125c383d695 91e6a71d3f824058b5ac7dcee847d396 401110355cd94ab0925eaf96c7d90078 - - default default] http://[LB_IP_ADDRESS]:8776/v3/volumes/2c45dba4-e143-4e71-aaf3-80c0b53696e8 returned with HTTP 200
2025-10-15 08:32:01.332 75 INFO cinder.api.openstack.wsgi [req-bddc574b-e3bd-404e-a56d-20aac9e78b18 req-84799d63-cd87-4a0b-afde-f7b256f117b9 1778e35bbfee4921993fec57152acb3b 23e961eec066443789d3fae27badf515 - - default default] GET http://[LB_IP_ADDRESS]:8776/v3/snapshots/4bee8bc4-dca7-4e57-ae67-1f4baa866368
2025-10-15 08:32:01.338 75 INFO cinder.volume.api [req-bddc574b-e3bd-404e-a56d-20aac9e78b18 req-84799d63-cd87-4a0b-afde-f7b256f117b9 1778e35bbfee4921993fec57152acb3b 23e961eec066443789d3fae27badf515 - - default default] Snapshot retrieved successfully.
2025-10-15 08:32:01.339 75 INFO cinder.api.openstack.wsgi [req-bddc574b-e3bd-404e-a56d-20aac9e78b18 req-84799d63-cd87-4a0b-afde-f7b256f117b9 1778e35bbfee4921993fec57152acb3b 23e961eec066443789d3fae27badf515 - - default default] http://[LB_IP_ADDRESS]:8776/v3/snapshots/4bee8bc4-dca7-4e57-ae67-1f4baa866368 returned with HTTP 200
2025-10-15 08:32:01.369 74 INFO cinder.api.openstack.wsgi [req-b231be1c-782c-4eb8-85d4-0bbdd562c396 req-dc994e65-dca3-4cd3-ba0a-d39ac3419c12 1778e35bbfee4921993fec57152acb3b 23e961eec066443789d3fae27badf515 - - default default] GET http://[LB_IP_ADDRESS]:8776/v3/snapshots/detail
2025-10-15 08:32:01.374 72 WARNING cinder.quota [None req-6ef245ba-97dd-45c6-931b-cf4d9d8264b6 f2ad7c49a54f437d9ddddf6922a2c923 14351d2c827b42b2a02b5c5c71f83c00 - - default default] Deprecated: Default quota for resource: volumes_tempest-GroupSnapshotsTest-volume-type-684255386 is set by the default quota flag: quota_volumes_tempest-GroupSnapshotsTest-volume-type-684255386, it is now deprecated. Please use the default quota class for default quota.
2025-10-15 08:32:01.375 72 WARNING cinder.quota [None req-6ef245ba-97dd-45c6-931b-cf4d9d8264b6 f2ad7c49a54f437d9ddddf6922a2c923 14351d2c827b42b2a02b5c5c71f83c00 - - default default] Deprecated: Default quota for resource: gigabytes_tempest-GroupSnapshotsTest-volume-type-684255386 is set by the default quota flag: quota_gigabytes_tempest-GroupSnapshotsTest-volume-type-684255386, it is now deprecated. Please use the default quota class for default quota.
2025-10-15 08:32:01.378 74 INFO cinder.volume.api [req-b231be1c-782c-4eb8-85d4-0bbdd562c396 req-dc994e65-dca3-4cd3-ba0a-d39ac3419c12 1778e35bbfee4921993fec57152acb3b 23e961eec066443789d3fae27badf515 - - default default] Get all snapshots completed successfully.
2025-10-15 08:32:01.379 74 INFO cinder.api.openstack.wsgi [req-b231be1c-782c-4eb8-85d4-0bbdd562c396 req-dc994e65-dca3-4cd3-ba0a-d39ac3419c12 1778e35bbfee4921993fec57152acb3b 23e961eec066443789d3fae27badf515 - - default default] http://[LB_IP_ADDRESS]:8776/v3/snapshots/detail returned with HTTP 200
2025-10-15 08:32:01.413 76 INFO cinder.api.openstack.wsgi [req-11c8d27a-a419-4e63-8304-bd0f0e8ab2d5 req-7133a8f6-682a-45fe-afd0-0989c72605f4 1778e35bbfee4921993fec57152acb3b 23e961eec066443789d3fae27badf515 - - default default] GET http://[LB_IP_ADDRESS]:8776/v3/snapshots/4bee8bc4-dca7-4e57-ae67-1f4baa866368
2025-10-15 08:32:01.422 76 INFO cinder.volume.api [req-11c8d27a-a419-4e63-8304-bd0f0e8ab2d5 req-7133a8f6-682a-45fe-afd0-0989c72605f4 1778e35bbfee4921993fec57152acb3b 23e961eec066443789d3fae27badf515 - - default default] Snapshot retrieved successfully.
2025-10-15 08:32:01.423 76 INFO cinder.api.openstack.wsgi [req-11c8d27a-a419-4e63-8304-bd0f0e8ab2d5 req-7133a8f6-682a-45fe-afd0-0989c72605f4 1778e35bbfee4921993fec57152acb3b 23e961eec066443789d3fae27badf515 - - default default] http://[LB_IP_ADDRESS]:8776/v3/snapshots/4bee8bc4-dca7-4e57-ae67-1f4baa866368 returned with HTTP 200
2025-10-15 08:32:01.471 72 INFO cinder.volume.api [None req-6ef245ba-97dd-45c6-931b-cf4d9d8264b6 f2ad7c49a54f437d9ddddf6922a2c923 14351d2c827b42b2a02b5c5c71f83c00 - - default default] Create volume request issued successfully.
2025-10-15 08:32:01.483 72 INFO cinder.api.openstack.wsgi [None req-6ef245ba-97dd-45c6-931b-cf4d9d8264b6 f2ad7c49a54f437d9ddddf6922a2c923 14351d2c827b42b2a02b5c5c71f83c00 - - default default] http://[LB_IP_ADDRESS]:8776/v3/14351d2c827b42b2a02b5c5c71f83c00/volumes returned with HTTP 202
2025-10-15 08:32:01.500 73 INFO cinder.api.openstack.wsgi [None req-bb9ac847-96ea-4714-9d62-287f43edda72 f2ad7c49a54f437d9ddddf6922a2c923 14351d2c827b42b2a02b5c5c71f83c00 - - default default] GET http://[LB_IP_ADDRESS]:8776/v3/14351d2c827b42b2a02b5c5c71f83c00/volumes/4ae7d80a-df5b-4bfb-aba4-641949bd6c8a
2025-10-15 08:32:01.519 73 INFO cinder.volume.api [None req-bb9ac847-96ea-4714-9d62-287f43edda72 f2ad7c49a54f437d9ddddf6922a2c923 14351d2c827b42b2a02b5c5c71f83c00 - - default default] Volume info retrieved successfully.
2025-10-15 08:32:01.534 73 INFO cinder.api.openstack.wsgi [None req-bb9ac847-96ea-4714-9d62-287f43edda72 f2ad7c49a54f437d9ddddf6922a2c923 14351d2c827b42b2a02b5c5c71f83c00 - - default default] http://[LB_IP_ADDRESS]:8776/v3/14351d2c827b42b2a02b5c5c71f83c00/volumes/4ae7d80a-df5b-4bfb-aba4-641949bd6c8a returned with HTTP 200
2025-10-15 08:32:02.341 75 INFO cinder.api.openstack.wsgi [req-5bb69bba-7160-4d59-a2c1-fc216503540c req-4f2b472a-7ade-4fcf-926f-b23281e081aa 91e6a71d3f824058b5ac7dcee847d396 401110355cd94ab0925eaf96c7d90078 - - default default] GET http://[LB_IP_ADDRESS]:8776/v3/volumes/2c45dba4-e143-4e71-aaf3-80c0b53696e8
2025-10-15 08:32:02.357 75 INFO cinder.api.openstack.wsgi [req-5bb69bba-7160-4d59-a2c1-fc216503540c req-4f2b472a-7ade-4fcf-926f-b23281e081aa 91e6a71d3f824058b5ac7dcee847d396 401110355cd94ab0925eaf96c7d90078 - - default default] http://[LB_IP_ADDRESS]:8776/v3/volumes/2c45dba4-e143-4e71-aaf3-80c0b53696e8 returned with HTTP 404
2025-10-15 08:32:02.460 74 INFO cinder.api.openstack.wsgi [req-1f727e8b-f712-43c3-8420-a30b4ecd926b req-4ee6d55b-53c6-48a4-9693-0cfb073cbf9a 1778e35bbfee4921993fec57152acb3b 23e961eec066443789d3fae27badf515 - - default default] GET http://[LB_IP_ADDRESS]:8776/v3/snapshots/4bee8bc4-dca7-4e57-ae67-1f4baa866368
2025-10-15 08:32:02.471 74 INFO cinder.volume.api [req-1f727e8b-f712-43c3-8420-a30b4ecd926b req-4ee6d55b-53c6-48a4-9693-0cfb073cbf9a 1778e35bbfee4921993fec57152acb3b 23e961eec066443789d3fae27badf515 - - default default] Snapshot retrieved successfully.
2025-10-15 08:32:02.473 74 INFO cinder.api.openstack.wsgi [req-1f727e8b-f712-43c3-8420-a30b4ecd926b req-4ee6d55b-53c6-48a4-9693-0cfb073cbf9a 1778e35bbfee4921993fec57152acb3b 23e961eec066443789d3fae27badf515 - - default default] http://[LB_IP_ADDRESS]:8776/v3/snapshots/4bee8bc4-dca7-4e57-ae67-1f4baa866368 returned with HTTP 200
2025-10-15 08:32:02.553 76 INFO cinder.api.openstack.wsgi [None req-17e872c9-dfc4-45e0-a4e6-d1ae84ba5280 f2ad7c49a54f437d9ddddf6922a2c923 14351d2c827b42b2a02b5c5c71f83c00 - - default default] GET http://[LB_IP_ADDRESS]:8776/v3/14351d2c827b42b2a02b5c5c71f83c00/volumes/4ae7d80a-df5b-4bfb-aba4-641949bd6c8a
2025-10-15 08:32:02.571 76 INFO cinder.volume.api [None req-17e872c9-dfc4-45e0-a4e6-d1ae84ba5280 f2ad7c49a54f437d9ddddf6922a2c923 14351d2c827b42b2a02b5c5c71f83c00 - - default default] Volume info retrieved successfully.
2025-10-15 08:32:02.593 76 INFO cinder.api.openstack.wsgi [None req-17e872c9-dfc4-45e0-a4e6-d1ae84ba5280 f2ad7c49a54f437d9ddddf6922a2c923 14351d2c827b42b2a02b5c5c71f83c00 - - default default] http://[LB_IP_ADDRESS]:8776/v3/14351d2c827b42b2a02b5c5c71f83c00/volumes/4ae7d80a-df5b-4bfb-aba4-641949bd6c8a returned with HTTP 200
2025-10-15 08:32:02.612 72 INFO cinder.api.openstack.wsgi [None req-5ec54d14-c1e7-44c0-88df-d0c7a494d2cd f2ad7c49a54f437d9ddddf6922a2c923 14351d2c827b42b2a02b5c5c71f83c00 - - default default] POST http://[LB_IP_ADDRESS]:8776/v3/14351d2c827b42b2a02b5c5c71f83c00/group_snapshots
2025-10-15 08:32:02.625 72 INFO cinder.api.v3.group_snapshots [None req-5ec54d14-c1e7-44c0-88df-d0c7a494d2cd f2ad7c49a54f437d9ddddf6922a2c923 14351d2c827b42b2a02b5c5c71f83c00 - - default default] Creating group_snapshot tempest-group_snapshot-1856709163.
2025-10-15 08:32:02.666 72 WARNING cinder.quota [None req-5ec54d14-c1e7-44c0-88df-d0c7a494d2cd f2ad7c49a54f437d9ddddf6922a2c923 14351d2c827b42b2a02b5c5c71f83c00 - - default default] Deprecated: Default quota for resource: snapshots_tempest-GroupSnapshotsTest-volume-type-684255386 is set by the default quota flag: quota_snapshots_tempest-GroupSnapshotsTest-volume-type-684255386, it is now deprecated. Please use the default quota class for default quota.
2025-10-15 08:32:02.708 72 INFO cinder.api.openstack.wsgi [None req-5ec54d14-c1e7-44c0-88df-d0c7a494d2cd f2ad7c49a54f437d9ddddf6922a2c923 14351d2c827b42b2a02b5c5c71f83c00 - - default default] http://[LB_IP_ADDRESS]:8776/v3/14351d2c827b42b2a02b5c5c71f83c00/group_snapshots returned with HTTP 202
2025-10-15 08:32:02.721 73 INFO cinder.api.openstack.wsgi [None req-62e9f7be-1ff1-415b-be60-4c23f4bd0352 f2ad7c49a54f437d9ddddf6922a2c923 14351d2c827b42b2a02b5c5c71f83c00 - - default default] GET http://[LB_IP_ADDRESS]:8776/v3/14351d2c827b42b2a02b5c5c71f83c00/group_snapshots/76fe6dd9-266d-40d8-8912-cff282de0be8
2025-10-15 08:32:02.733 73 INFO cinder.api.openstack.wsgi [None req-62e9f7be-1ff1-415b-be60-4c23f4bd0352 f2ad7c49a54f437d9ddddf6922a2c923 14351d2c827b42b2a02b5c5c71f83c00 - - default default] http://[LB_IP_ADDRESS]:8776/v3/14351d2c827b42b2a02b5c5c71f83c00/group_snapshots/76fe6dd9-266d-40d8-8912-cff282de0be8 returned with HTTP 200
2025-10-15 08:32:03.510 75 INFO cinder.api.openstack.wsgi [req-91398087-7113-499d-a413-f330e59206ab req-8070aace-568b-4126-b6d5-5dd4f53943ff 1778e35bbfee4921993fec57152acb3b 23e961eec066443789d3fae27badf515 - - default default] GET http://[LB_IP_ADDRESS]:8776/v3/snapshots/4bee8bc4-dca7-4e57-ae67-1f4baa866368
2025-10-15 08:32:03.521 75 INFO cinder.volume.api [req-91398087-7113-499d-a413-f330e59206ab req-8070aace-568b-4126-b6d5-5dd4f53943ff 1778e35bbfee4921993fec57152acb3b 23e961eec066443789d3fae27badf515 - - default default] Snapshot retrieved successfully.
2025-10-15 08:32:03.522 75 INFO cinder.api.openstack.wsgi [req-91398087-7113-499d-a413-f330e59206ab req-8070aace-568b-4126-b6d5-5dd4f53943ff 1778e35bbfee4921993fec57152acb3b 23e961eec066443789d3fae27badf515 - - default default] http://[LB_IP_ADDRESS]:8776/v3/snapshots/4bee8bc4-dca7-4e57-ae67-1f4baa866368 returned with HTTP 200
2025-10-15 08:32:03.554 74 INFO cinder.api.openstack.wsgi [req-7d5d232b-07c3-4cd6-bc3a-526e423dda5c req-262259df-b318-4268-b402-61cc8a334ded 1778e35bbfee4921993fec57152acb3b 23e961eec066443789d3fae27badf515 - - default default] DELETE http://[LB_IP_ADDRESS]:8776/v3/snapshots/4bee8bc4-dca7-4e57-ae67-1f4baa866368
2025-10-15 08:32:03.554 74 INFO cinder.api.v2.snapshots [req-7d5d232b-07c3-4cd6-bc3a-526e423dda5c req-262259df-b318-4268-b402-61cc8a334ded 1778e35bbfee4921993fec57152acb3b 23e961eec066443789d3fae27badf515 - - default default] Delete snapshot with id: 4bee8bc4-dca7-4e57-ae67-1f4baa866368
2025-10-15 08:32:03.564 74 INFO cinder.volume.api [req-7d5d232b-07c3-4cd6-bc3a-526e423dda5c req-262259df-b318-4268-b402-61cc8a334ded 1778e35bbfee4921993fec57152acb3b 23e961eec066443789d3fae27badf515 - - default default] Snapshot retrieved successfully.
2025-10-15 08:32:03.584 74 INFO cinder.volume.api [req-7d5d232b-07c3-4cd6-bc3a-526e423dda5c req-262259df-b318-4268-b402-61cc8a334ded 1778e35bbfee4921993fec57152acb3b 23e961eec066443789d3fae27badf515 - - default default] Snapshot delete request issued successfully.
2025-10-15 08:32:03.584 74 INFO cinder.api.openstack.wsgi [req-7d5d232b-07c3-4cd6-bc3a-526e423dda5c req-262259df-b318-4268-b402-61cc8a334ded 1778e35bbfee4921993fec57152acb3b 23e961eec066443789d3fae27badf515 - - default default] http://[LB_IP_ADDRESS]:8776/v3/snapshots/4bee8bc4-dca7-4e57-ae67-1f4baa866368 returned with HTTP 202
2025-10-15 08:32:03.617 76 INFO cinder.api.openstack.wsgi [req-cca7d5cf-d7a7-4442-8547-24d5823caed6 req-98b76129-0dd9-40fd-a4bc-637219b2d84b 1778e35bbfee4921993fec57152acb3b 23e961eec066443789d3fae27badf515 - - default default] GET http://[LB_IP_ADDRESS]:8776/v3/snapshots/4bee8bc4-dca7-4e57-ae67-1f4baa866368
2025-10-15 08:32:03.626 76 INFO cinder.volume.api [req-cca7d5cf-d7a7-4442-8547-24d5823caed6 req-98b76129-0dd9-40fd-a4bc-637219b2d84b 1778e35bbfee4921993fec57152acb3b 23e961eec066443789d3fae27badf515 - - default default] Snapshot retrieved successfully.
2025-10-15 08:32:03.628 76 INFO cinder.api.openstack.wsgi [req-cca7d5cf-d7a7-4442-8547-24d5823caed6 req-98b76129-0dd9-40fd-a4bc-637219b2d84b 1778e35bbfee4921993fec57152acb3b 23e961eec066443789d3fae27badf515 - - default default] http://[LB_IP_ADDRESS]:8776/v3/snapshots/4bee8bc4-dca7-4e57-ae67-1f4baa866368 returned with HTTP 200
2025-10-15 08:32:03.747 72 INFO cinder.api.openstack.wsgi [None req-cfeb87f0-a8e4-4854-9b1f-f0b1f19d522e f2ad7c49a54f437d9ddddf6922a2c923 14351d2c827b42b2a02b5c5c71f83c00 - - default default] GET http://[LB_IP_ADDRESS]:8776/v3/14351d2c827b42b2a02b5c5c71f83c00/group_snapshots/76fe6dd9-266d-40d8-8912-cff282de0be8
2025-10-15 08:32:03.759 72 INFO cinder.api.openstack.wsgi [None req-cfeb87f0-a8e4-4854-9b1f-f0b1f19d522e f2ad7c49a54f437d9ddddf6922a2c923 14351d2c827b42b2a02b5c5c71f83c00 - - default default] http://[LB_IP_ADDRESS]:8776/v3/14351d2c827b42b2a02b5c5c71f83c00/group_snapshots/76fe6dd9-266d-40d8-8912-cff282de0be8 returned with HTTP 200
2025-10-15 08:32:04.657 73 INFO cinder.api.openstack.wsgi [req-5d1ed044-8b1b-4cdd-a50c-a41404b0c8d8 req-944d1681-0c23-4931-89e7-6c1d671aecab 1778e35bbfee4921993fec57152acb3b 23e961eec066443789d3fae27badf515 - - default default] GET http://[LB_IP_ADDRESS]:8776/v3/snapshots/4bee8bc4-dca7-4e57-ae67-1f4baa866368
2025-10-15 08:32:04.662 73 INFO cinder.api.openstack.wsgi [req-5d1ed044-8b1b-4cdd-a50c-a41404b0c8d8 req-944d1681-0c23-4931-89e7-6c1d671aecab 1778e35bbfee4921993fec57152acb3b 23e961eec066443789d3fae27badf515 - - default default] http://[LB_IP_ADDRESS]:8776/v3/snapshots/4bee8bc4-dca7-4e57-ae67-1f4baa866368 returned with HTTP 404
2025-10-15 08:32:04.693 75 INFO cinder.api.openstack.wsgi [req-51221137-1246-4e5d-a549-fb2978bd2f76 req-9b658de6-edc0-433f-a8d4-ae85829ed2eb 1778e35bbfee4921993fec57152acb3b 23e961eec066443789d3fae27badf515 - - default default] DELETE http://[LB_IP_ADDRESS]:8776/v3/volumes/3f1bb3ae-ea5a-4438-9549-29b4c53af43d
2025-10-15 08:32:04.694 75 INFO cinder.api.v3.volumes [req-51221137-1246-4e5d-a549-fb2978bd2f76 req-9b658de6-edc0-433f-a8d4-ae85829ed2eb 1778e35bbfee4921993fec57152acb3b 23e961eec066443789d3fae27badf515 - - default default] Delete volume with id: 3f1bb3ae-ea5a-4438-9549-29b4c53af43d 
2025-10-15 08:32:04.711 75 INFO cinder.volume.api [req-51221137-1246-4e5d-a549-fb2978bd2f76 req-9b658de6-edc0-433f-a8d4-ae85829ed2eb 1778e35bbfee4921993fec57152acb3b 23e961eec066443789d3fae27badf515 - - default default] Volume info retrieved successfully.
2025-10-15 08:32:04.731 75 INFO cinder.volume.api [req-51221137-1246-4e5d-a549-fb2978bd2f76 req-9b658de6-edc0-433f-a8d4-ae85829ed2eb 1778e35bbfee4921993fec57152acb3b 23e961eec066443789d3fae27badf515 - - default default] Delete volume request issued successfully.
2025-10-15 08:32:04.731 75 INFO cinder.api.openstack.wsgi [req-51221137-1246-4e5d-a549-fb2978bd2f76 req-9b658de6-edc0-433f-a8d4-ae85829ed2eb 1778e35bbfee4921993fec57152acb3b 23e961eec066443789d3fae27badf515 - - default default] http://[LB_IP_ADDRESS]:8776/v3/volumes/3f1bb3ae-ea5a-4438-9549-29b4c53af43d returned with HTTP 202
2025-10-15 08:32:04.760 74 INFO cinder.api.openstack.wsgi [req-a6a8e8d8-b19e-4aa2-bd9d-21b53b0916d8 req-a056aec2-e983-4dbd-b4d3-e31f2bd17e91 1778e35bbfee4921993fec57152acb3b 23e961eec066443789d3fae27badf515 - - default default] GET http://[LB_IP_ADDRESS]:8776/v3/volumes/3f1bb3ae-ea5a-4438-9549-29b4c53af43d
2025-10-15 08:32:04.773 76 INFO cinder.api.openstack.wsgi [None req-7362bd5e-671e-48cd-b33e-5bf2549b1826 f2ad7c49a54f437d9ddddf6922a2c923 14351d2c827b42b2a02b5c5c71f83c00 - - default default] GET http://[LB_IP_ADDRESS]:8776/v3/14351d2c827b42b2a02b5c5c71f83c00/group_snapshots/76fe6dd9-266d-40d8-8912-cff282de0be8
2025-10-15 08:32:04.777 74 INFO cinder.volume.api [req-a6a8e8d8-b19e-4aa2-bd9d-21b53b0916d8 req-a056aec2-e983-4dbd-b4d3-e31f2bd17e91 1778e35bbfee4921993fec57152acb3b 23e961eec066443789d3fae27badf515 - - default default] Volume info retrieved successfully.
2025-10-15 08:32:04.781 74 INFO cinder.api.openstack.wsgi [req-a6a8e8d8-b19e-4aa2-bd9d-21b53b0916d8 req-a056aec2-e983-4dbd-b4d3-e31f2bd17e91 1778e35bbfee4921993fec57152acb3b 23e961eec066443789d3fae27badf515 - - default default] http://[LB_IP_ADDRESS]:8776/v3/volumes/3f1bb3ae-ea5a-4438-9549-29b4c53af43d returned with HTTP 200
2025-10-15 08:32:04.784 76 INFO cinder.api.openstack.wsgi [None req-7362bd5e-671e-48cd-b33e-5bf2549b1826 f2ad7c49a54f437d9ddddf6922a2c923 14351d2c827b42b2a02b5c5c71f83c00 - - default default] http://[LB_IP_ADDRESS]:8776/v3/14351d2c827b42b2a02b5c5c71f83c00/group_snapshots/76fe6dd9-266d-40d8-8912-cff282de0be8 returned with HTTP 200
2025-10-15 08:32:04.797 72 INFO cinder.api.openstack.wsgi [None req-034ba4b2-5d76-4b19-968e-014f855bab9b f2ad7c49a54f437d9ddddf6922a2c923 14351d2c827b42b2a02b5c5c71f83c00 - - default default] GET http://[LB_IP_ADDRESS]:8776/v3/14351d2c827b42b2a02b5c5c71f83c00/snapshots/detail
2025-10-15 08:32:04.805 72 INFO cinder.volume.api [None req-034ba4b2-5d76-4b19-968e-014f855bab9b f2ad7c49a54f437d9ddddf6922a2c923 14351d2c827b42b2a02b5c5c71f83c00 - - default default] Get all snapshots completed successfully.
2025-10-15 08:32:04.806 72 INFO cinder.api.openstack.wsgi [None req-034ba4b2-5d76-4b19-968e-014f855bab9b f2ad7c49a54f437d9ddddf6922a2c923 14351d2c827b42b2a02b5c5c71f83c00 - - default default] http://[LB_IP_ADDRESS]:8776/v3/14351d2c827b42b2a02b5c5c71f83c00/snapshots/detail returned with HTTP 200
2025-10-15 08:32:04.820 73 INFO cinder.api.openstack.wsgi [None req-ad11cb13-3c78-4c7e-ba90-8805ddeac531 f2ad7c49a54f437d9ddddf6922a2c923 14351d2c827b42b2a02b5c5c71f83c00 - - default default] GET http://[LB_IP_ADDRESS]:8776/v3/14351d2c827b42b2a02b5c5c71f83c00/snapshots/145401c1-fcd3-4074-ba95-16ff1882d47c
2025-10-15 08:32:04.830 73 INFO cinder.volume.api [None req-ad11cb13-3c78-4c7e-ba90-8805ddeac531 f2ad7c49a54f437d9ddddf6922a2c923 14351d2c827b42b2a02b5c5c71f83c00 - - default default] Snapshot retrieved successfully.
2025-10-15 08:32:04.831 73 INFO cinder.api.openstack.wsgi [None req-ad11cb13-3c78-4c7e-ba90-8805ddeac531 f2ad7c49a54f437d9ddddf6922a2c923 14351d2c827b42b2a02b5c5c71f83c00 - - default default] http://[LB_IP_ADDRESS]:8776/v3/14351d2c827b42b2a02b5c5c71f83c00/snapshots/145401c1-fcd3-4074-ba95-16ff1882d47c returned with HTTP 200
2025-10-15 08:32:04.845 75 INFO cinder.api.openstack.wsgi [None req-2b7533a0-d254-440a-9a4a-32d1366d9406 f2ad7c49a54f437d9ddddf6922a2c923 14351d2c827b42b2a02b5c5c71f83c00 - - default default] POST http://[LB_IP_ADDRESS]:8776/v3/14351d2c827b42b2a02b5c5c71f83c00/groups/action
2025-10-15 08:32:04.850 75 INFO cinder.api.v3.groups [None req-2b7533a0-d254-440a-9a4a-32d1366d9406 f2ad7c49a54f437d9ddddf6922a2c923 14351d2c827b42b2a02b5c5c71f83c00 - - default default] Creating group tempest-Group_from_snap-1074107311 from group_snapshot 76fe6dd9-266d-40d8-8912-cff282de0be8.
2025-10-15 08:32:05.440 75 INFO cinder.group.api [None req-2b7533a0-d254-440a-9a4a-32d1366d9406 f2ad7c49a54f437d9ddddf6922a2c923 14351d2c827b42b2a02b5c5c71f83c00 - - default default] A mapping entry already exists for group 77c3dd1d-18c3-4b94-ab73-6aee38ce02bd and volume type 9557f661-6d60-4ea9-8a18-a8e02cc254a4. Do not need to create again.
2025-10-15 08:32:05.443 75 INFO cinder.volume.api [None req-2b7533a0-d254-440a-9a4a-32d1366d9406 f2ad7c49a54f437d9ddddf6922a2c923 14351d2c827b42b2a02b5c5c71f83c00 - - default default] Availability Zones retrieved successfully.
2025-10-15 08:32:05.522 75 WARNING cinder.quota [None req-2b7533a0-d254-440a-9a4a-32d1366d9406 f2ad7c49a54f437d9ddddf6922a2c923 14351d2c827b42b2a02b5c5c71f83c00 - - default default] Deprecated: Default quota for resource: volumes_tempest-GroupSnapshotsTest-volume-type-684255386 is set by the default quota flag: quota_volumes_tempest-GroupSnapshotsTest-volume-type-684255386, it is now deprecated. Please use the default quota class for default quota.
2025-10-15 08:32:05.571 75 INFO cinder.volume.api [None req-2b7533a0-d254-440a-9a4a-32d1366d9406 f2ad7c49a54f437d9ddddf6922a2c923 14351d2c827b42b2a02b5c5c71f83c00 - - default default] Create volume request issued successfully.
2025-10-15 08:32:05.586 75 INFO cinder.api.openstack.wsgi [None req-2b7533a0-d254-440a-9a4a-32d1366d9406 f2ad7c49a54f437d9ddddf6922a2c923 14351d2c827b42b2a02b5c5c71f83c00 - - default default] http://[LB_IP_ADDRESS]:8776/v3/14351d2c827b42b2a02b5c5c71f83c00/groups/action returned with HTTP 202
2025-10-15 08:32:05.599 76 INFO cinder.api.openstack.wsgi [None req-d82ff0b6-07eb-4449-a9af-e977e13d70fe f2ad7c49a54f437d9ddddf6922a2c923 14351d2c827b42b2a02b5c5c71f83c00 - - default default] GET http://[LB_IP_ADDRESS]:8776/v3/14351d2c827b42b2a02b5c5c71f83c00/volumes/detail
2025-10-15 08:32:05.614 76 INFO cinder.volume.api [None req-d82ff0b6-07eb-4449-a9af-e977e13d70fe f2ad7c49a54f437d9ddddf6922a2c923 14351d2c827b42b2a02b5c5c71f83c00 - - default default] Get all volumes completed successfully.
2025-10-15 08:32:05.644 74 INFO cinder.api.openstack.wsgi [None req-210028a8-2a73-4dae-81be-a0f6ceccd136 17896bddaff8437d862ed6a905aa76f4 53240fca47914a8eae38ec497fdce23d - - default default] GET http://[LB_IP_ADDRESS]:8776/v3/53240fca47914a8eae38ec497fdce23d/scheduler-stats/get_pools
2025-10-15 08:32:05.652 76 INFO cinder.api.openstack.wsgi [None req-d82ff0b6-07eb-4449-a9af-e977e13d70fe f2ad7c49a54f437d9ddddf6922a2c923 14351d2c827b42b2a02b5c5c71f83c00 - - default default] http://[LB_IP_ADDRESS]:8776/v3/14351d2c827b42b2a02b5c5c71f83c00/volumes/detail returned with HTTP 200
2025-10-15 08:32:05.674 72 INFO cinder.api.openstack.wsgi [None req-f33f4868-5ec6-4523-bef6-ee4cb6ba454f f2ad7c49a54f437d9ddddf6922a2c923 14351d2c827b42b2a02b5c5c71f83c00 - - default default] GET http://[LB_IP_ADDRESS]:8776/v3/14351d2c827b42b2a02b5c5c71f83c00/volumes/4f3f7bdb-e260-40dd-b5d2-887a5e90ac65
2025-10-15 08:32:05.690 72 INFO cinder.volume.api [None req-f33f4868-5ec6-4523-bef6-ee4cb6ba454f f2ad7c49a54f437d9ddddf6922a2c923 14351d2c827b42b2a02b5c5c71f83c00 - - default default] Volume info retrieved successfully.
2025-10-15 08:32:05.705 72 INFO cinder.api.openstack.wsgi [None req-f33f4868-5ec6-4523-bef6-ee4cb6ba454f f2ad7c49a54f437d9ddddf6922a2c923 14351d2c827b42b2a02b5c5c71f83c00 - - default default] http://[LB_IP_ADDRESS]:8776/v3/14351d2c827b42b2a02b5c5c71f83c00/volumes/4f3f7bdb-e260-40dd-b5d2-887a5e90ac65 returned with HTTP 200
2025-10-15 08:32:05.817 73 INFO cinder.api.openstack.wsgi [req-09422d2a-fd25-48cc-af75-2729cc0531ac req-42c2c368-6830-4222-b58d-d13493caa939 1778e35bbfee4921993fec57152acb3b 23e961eec066443789d3fae27badf515 - - default default] GET http://[LB_IP_ADDRESS]:8776/v3/volumes/3f1bb3ae-ea5a-4438-9549-29b4c53af43d
2025-10-15 08:32:05.828 73 INFO cinder.api.openstack.wsgi [req-09422d2a-fd25-48cc-af75-2729cc0531ac req-42c2c368-6830-4222-b58d-d13493caa939 1778e35bbfee4921993fec57152acb3b 23e961eec066443789d3fae27badf515 - - default default] http://[LB_IP_ADDRESS]:8776/v3/volumes/3f1bb3ae-ea5a-4438-9549-29b4c53af43d returned with HTTP 404
2025-10-15 08:32:05.868 75 INFO cinder.api.openstack.wsgi [req-17c47881-c767-4da9-8cd7-882fd3c431e3 req-a74c4299-4826-41d6-95f6-0ff9002dc491 1778e35bbfee4921993fec57152acb3b 23e961eec066443789d3fae27badf515 - - default default] DELETE http://[LB_IP_ADDRESS]:8776/v3/volumes/3f1bb3ae-ea5a-4438-9549-29b4c53af43d
2025-10-15 08:32:05.869 75 INFO cinder.api.v3.volumes [req-17c47881-c767-4da9-8cd7-882fd3c431e3 req-a74c4299-4826-41d6-95f6-0ff9002dc491 1778e35bbfee4921993fec57152acb3b 23e961eec066443789d3fae27badf515 - - default default] Delete volume with id: 3f1bb3ae-ea5a-4438-9549-29b4c53af43d 
2025-10-15 08:32:05.884 75 INFO cinder.api.openstack.wsgi [req-17c47881-c767-4da9-8cd7-882fd3c431e3 req-a74c4299-4826-41d6-95f6-0ff9002dc491 1778e35bbfee4921993fec57152acb3b 23e961eec066443789d3fae27badf515 - - default default] http://[LB_IP_ADDRESS]:8776/v3/volumes/3f1bb3ae-ea5a-4438-9549-29b4c53af43d returned with HTTP 404
2025-10-15 08:32:05.917 76 INFO cinder.api.openstack.wsgi [req-4eeb9aef-7ab1-4ab8-b6b2-025eeefc05d0 req-bfcceb51-30e3-45a2-b67b-52dda8ce59f4 1778e35bbfee4921993fec57152acb3b 23e961eec066443789d3fae27badf515 - - default default] GET http://[LB_IP_ADDRESS]:8776/v3/volumes/3f1bb3ae-ea5a-4438-9549-29b4c53af43d
2025-10-15 08:32:05.927 76 INFO cinder.api.openstack.wsgi [req-4eeb9aef-7ab1-4ab8-b6b2-025eeefc05d0 req-bfcceb51-30e3-45a2-b67b-52dda8ce59f4 1778e35bbfee4921993fec57152acb3b 23e961eec066443789d3fae27badf515 - - default default] http://[LB_IP_ADDRESS]:8776/v3/volumes/3f1bb3ae-ea5a-4438-9549-29b4c53af43d returned with HTTP 404
2025-10-15 08:32:06.151 74 INFO cinder.api.openstack.wsgi [None req-210028a8-2a73-4dae-81be-a0f6ceccd136 17896bddaff8437d862ed6a905aa76f4 53240fca47914a8eae38ec497fdce23d - - default default] http://[LB_IP_ADDRESS]:8776/v3/53240fca47914a8eae38ec497fdce23d/scheduler-stats/get_pools returned with HTTP 200
2025-10-15 08:32:06.170 72 INFO cinder.api.openstack.wsgi [None req-f36721b6-d969-4949-8967-31dbfc7f636e 17896bddaff8437d862ed6a905aa76f4 53240fca47914a8eae38ec497fdce23d - - default default] GET http://[LB_IP_ADDRESS]:8776/v3/53240fca47914a8eae38ec497fdce23d/scheduler-stats/get_pools?detail=True
2025-10-15 08:32:06.677 72 INFO cinder.api.openstack.wsgi [None req-f36721b6-d969-4949-8967-31dbfc7f636e 17896bddaff8437d862ed6a905aa76f4 53240fca47914a8eae38ec497fdce23d - - default default] http://[LB_IP_ADDRESS]:8776/v3/53240fca47914a8eae38ec497fdce23d/scheduler-stats/get_pools?detail=True returned with HTTP 200
2025-10-15 08:32:06.696 73 INFO cinder.api.openstack.wsgi [None req-4f17f528-d873-423a-b2c4-856793ad770a 17896bddaff8437d862ed6a905aa76f4 53240fca47914a8eae38ec497fdce23d - - default default] GET http://[LB_IP_ADDRESS]:8776/v3/53240fca47914a8eae38ec497fdce23d/capabilities/rack05-server66@LIGHTOSphszul
2025-10-15 08:32:06.723 75 INFO cinder.api.openstack.wsgi [None req-22c05379-5fce-4d61-b837-d47ca8826b98 f2ad7c49a54f437d9ddddf6922a2c923 14351d2c827b42b2a02b5c5c71f83c00 - - default default] GET http://[LB_IP_ADDRESS]:8776/v3/14351d2c827b42b2a02b5c5c71f83c00/volumes/4f3f7bdb-e260-40dd-b5d2-887a5e90ac65
2025-10-15 08:32:06.741 75 INFO cinder.volume.api [None req-22c05379-5fce-4d61-b837-d47ca8826b98 f2ad7c49a54f437d9ddddf6922a2c923 14351d2c827b42b2a02b5c5c71f83c00 - - default default] Volume info retrieved successfully.
2025-10-15 08:32:06.756 75 INFO cinder.api.openstack.wsgi [None req-22c05379-5fce-4d61-b837-d47ca8826b98 f2ad7c49a54f437d9ddddf6922a2c923 14351d2c827b42b2a02b5c5c71f83c00 - - default default] http://[LB_IP_ADDRESS]:8776/v3/14351d2c827b42b2a02b5c5c71f83c00/volumes/4f3f7bdb-e260-40dd-b5d2-887a5e90ac65 returned with HTTP 200
2025-10-15 08:32:06.774 76 INFO cinder.api.openstack.wsgi [None req-36b77c5d-a67d-4dd9-9168-a79e7680dd60 f2ad7c49a54f437d9ddddf6922a2c923 14351d2c827b42b2a02b5c5c71f83c00 - - default default] GET http://[LB_IP_ADDRESS]:8776/v3/14351d2c827b42b2a02b5c5c71f83c00/groups/77c3dd1d-18c3-4b94-ab73-6aee38ce02bd
2025-10-15 08:32:06.790 76 INFO cinder.api.openstack.wsgi [None req-36b77c5d-a67d-4dd9-9168-a79e7680dd60 f2ad7c49a54f437d9ddddf6922a2c923 14351d2c827b42b2a02b5c5c71f83c00 - - default default] http://[LB_IP_ADDRESS]:8776/v3/14351d2c827b42b2a02b5c5c71f83c00/groups/77c3dd1d-18c3-4b94-ab73-6aee38ce02bd returned with HTTP 200
2025-10-15 08:32:06.803 74 INFO cinder.api.openstack.wsgi [None req-2067b9d1-6a2f-4b37-b8e2-c4d41175ad8f f2ad7c49a54f437d9ddddf6922a2c923 14351d2c827b42b2a02b5c5c71f83c00 - - default default] GET http://[LB_IP_ADDRESS]:8776/v3/14351d2c827b42b2a02b5c5c71f83c00/volumes/detail
2025-10-15 08:32:06.817 74 INFO cinder.volume.api [None req-2067b9d1-6a2f-4b37-b8e2-c4d41175ad8f f2ad7c49a54f437d9ddddf6922a2c923 14351d2c827b42b2a02b5c5c71f83c00 - - default default] Get all volumes completed successfully.
2025-10-15 08:32:06.844 74 INFO cinder.api.openstack.wsgi [None req-2067b9d1-6a2f-4b37-b8e2-c4d41175ad8f f2ad7c49a54f437d9ddddf6922a2c923 14351d2c827b42b2a02b5c5c71f83c00 - - default default] http://[LB_IP_ADDRESS]:8776/v3/14351d2c827b42b2a02b5c5c71f83c00/volumes/detail returned with HTTP 200
