2026-01-24 16:08:57.630 74 INFO cinder.api.openstack.wsgi [None req-b381747d-d993-4f8c-9d07-fddf7d0c5ee9 600c549e58c640e2bd92d60229f9d106 326ddb235a48424499aae246a148d13f - - default default] http://[LB_IP_ADDRESS]:8776/v3/326ddb235a48424499aae246a148d13f/messages/3a8137b7-6126-4a22-96b6-36b2cdc02e38 returned with HTTP 404
2026-01-24 16:08:57.642 72 INFO cinder.api.openstack.wsgi [None req-6e1fccb8-fc28-46bf-81bf-6b7a6e98fcfd 600c549e58c640e2bd92d60229f9d106 326ddb235a48424499aae246a148d13f - - default default] GET http://[LB_IP_ADDRESS]:8776/v3/326ddb235a48424499aae246a148d13f/volumes/5fbd5200-934f-4114-9862-a58814151ed4
2026-01-24 16:08:57.659 72 INFO cinder.volume.api [None req-6e1fccb8-fc28-46bf-81bf-6b7a6e98fcfd 600c549e58c640e2bd92d60229f9d106 326ddb235a48424499aae246a148d13f - - default default] Volume info retrieved successfully.
2026-01-24 16:08:57.663 72 INFO cinder.api.openstack.wsgi [None req-6e1fccb8-fc28-46bf-81bf-6b7a6e98fcfd 600c549e58c640e2bd92d60229f9d106 326ddb235a48424499aae246a148d13f - - default default] http://[LB_IP_ADDRESS]:8776/v3/326ddb235a48424499aae246a148d13f/volumes/5fbd5200-934f-4114-9862-a58814151ed4 returned with HTTP 200
2026-01-24 16:08:57.684 75 INFO cinder.api.openstack.wsgi [None req-f249daf1-9ae3-4399-8948-a74ac863f149 600c549e58c640e2bd92d60229f9d106 326ddb235a48424499aae246a148d13f - - default default] DELETE http://[LB_IP_ADDRESS]:8776/v3/326ddb235a48424499aae246a148d13f/volumes/5fbd5200-934f-4114-9862-a58814151ed4
2026-01-24 16:08:57.685 75 INFO cinder.api.v3.volumes [None req-f249daf1-9ae3-4399-8948-a74ac863f149 600c549e58c640e2bd92d60229f9d106 326ddb235a48424499aae246a148d13f - - default default] Delete volume with id: 5fbd5200-934f-4114-9862-a58814151ed4 
2026-01-24 16:08:57.698 75 INFO cinder.volume.api [None req-f249daf1-9ae3-4399-8948-a74ac863f149 600c549e58c640e2bd92d60229f9d106 326ddb235a48424499aae246a148d13f - - default default] Volume info retrieved successfully.
2026-01-24 16:08:57.767 73 INFO cinder.api.openstack.wsgi [None req-00cbba6f-523a-4c94-b1d3-183f0b400b23 542a2c0bf620476daa5865777da41a20 76c6047b5ea04908bd02466dc5003590 - - default default] GET http://[LB_IP_ADDRESS]:8776/v3/76c6047b5ea04908bd02466dc5003590/snapshots/cca9be64-26ec-4e5f-9225-41b19cb8cdc2
2026-01-24 16:08:57.776 73 INFO cinder.volume.api [None req-00cbba6f-523a-4c94-b1d3-183f0b400b23 542a2c0bf620476daa5865777da41a20 76c6047b5ea04908bd02466dc5003590 - - default default] Snapshot retrieved successfully.
2026-01-24 16:08:57.777 73 INFO cinder.api.openstack.wsgi [None req-00cbba6f-523a-4c94-b1d3-183f0b400b23 542a2c0bf620476daa5865777da41a20 76c6047b5ea04908bd02466dc5003590 - - default default] http://[LB_IP_ADDRESS]:8776/v3/76c6047b5ea04908bd02466dc5003590/snapshots/cca9be64-26ec-4e5f-9225-41b19cb8cdc2 returned with HTTP 200
2026-01-24 16:08:57.828 75 INFO cinder.volume.api [None req-f249daf1-9ae3-4399-8948-a74ac863f149 600c549e58c640e2bd92d60229f9d106 326ddb235a48424499aae246a148d13f - - default default] Delete volume request issued successfully.
2026-01-24 16:08:57.830 75 INFO cinder.api.openstack.wsgi [None req-f249daf1-9ae3-4399-8948-a74ac863f149 600c549e58c640e2bd92d60229f9d106 326ddb235a48424499aae246a148d13f - - default default] http://[LB_IP_ADDRESS]:8776/v3/326ddb235a48424499aae246a148d13f/volumes/5fbd5200-934f-4114-9862-a58814151ed4 returned with HTTP 202
2026-01-24 16:08:57.843 76 INFO cinder.api.openstack.wsgi [None req-3037dafe-de9f-497d-b9d0-64829f9f5d07 600c549e58c640e2bd92d60229f9d106 326ddb235a48424499aae246a148d13f - - default default] GET http://[LB_IP_ADDRESS]:8776/v3/326ddb235a48424499aae246a148d13f/volumes/5fbd5200-934f-4114-9862-a58814151ed4
2026-01-24 16:08:57.854 76 INFO cinder.api.openstack.wsgi [None req-3037dafe-de9f-497d-b9d0-64829f9f5d07 600c549e58c640e2bd92d60229f9d106 326ddb235a48424499aae246a148d13f - - default default] http://[LB_IP_ADDRESS]:8776/v3/326ddb235a48424499aae246a148d13f/volumes/5fbd5200-934f-4114-9862-a58814151ed4 returned with HTTP 404
2026-01-24 16:08:57.866 74 INFO cinder.api.openstack.wsgi [None req-86e46eb3-68b9-478f-88c4-94f8c697c110 0094b258324747eca645a91d153f15ce 3da201b72a9646eaacc4954594015cd6 - - default default] DELETE http://[LB_IP_ADDRESS]:8776/v3/3da201b72a9646eaacc4954594015cd6/types/ffe8f391-753a-459d-a4ef-8880a8436199
2026-01-24 16:08:57.929 74 INFO cinder.api.openstack.wsgi [None req-86e46eb3-68b9-478f-88c4-94f8c697c110 0094b258324747eca645a91d153f15ce 3da201b72a9646eaacc4954594015cd6 - - default default] http://[LB_IP_ADDRESS]:8776/v3/3da201b72a9646eaacc4954594015cd6/types/ffe8f391-753a-459d-a4ef-8880a8436199 returned with HTTP 202
2026-01-24 16:08:57.938 72 INFO cinder.api.openstack.wsgi [None req-385b3a3e-c9c2-4629-9946-d9b066568ebd 0094b258324747eca645a91d153f15ce 3da201b72a9646eaacc4954594015cd6 - - default default] GET http://[LB_IP_ADDRESS]:8776/v3/3da201b72a9646eaacc4954594015cd6/types/ffe8f391-753a-459d-a4ef-8880a8436199
2026-01-24 16:08:57.942 72 INFO cinder.api.openstack.wsgi [None req-385b3a3e-c9c2-4629-9946-d9b066568ebd 0094b258324747eca645a91d153f15ce 3da201b72a9646eaacc4954594015cd6 - - default default] http://[LB_IP_ADDRESS]:8776/v3/3da201b72a9646eaacc4954594015cd6/types/ffe8f391-753a-459d-a4ef-8880a8436199 returned with HTTP 404
2026-01-24 16:08:57.955 73 INFO cinder.api.openstack.wsgi [None req-f4d513cf-192f-4c9f-b395-b9c06a7bed84 0094b258324747eca645a91d153f15ce 3da201b72a9646eaacc4954594015cd6 - - default default] POST http://[LB_IP_ADDRESS]:8776/v3/3da201b72a9646eaacc4954594015cd6/types
2026-01-24 16:08:57.995 73 INFO cinder.api.openstack.wsgi [None req-f4d513cf-192f-4c9f-b395-b9c06a7bed84 0094b258324747eca645a91d153f15ce 3da201b72a9646eaacc4954594015cd6 - - default default] http://[LB_IP_ADDRESS]:8776/v3/3da201b72a9646eaacc4954594015cd6/types returned with HTTP 200
2026-01-24 16:08:58.010 75 INFO cinder.api.openstack.wsgi [None req-4a422036-acde-4aa7-bc0c-25a849079038 600c549e58c640e2bd92d60229f9d106 326ddb235a48424499aae246a148d13f - - default default] POST http://[LB_IP_ADDRESS]:8776/v3/326ddb235a48424499aae246a148d13f/volumes
2026-01-24 16:08:58.019 75 INFO cinder.api.v3.volumes [None req-4a422036-acde-4aa7-bc0c-25a849079038 600c549e58c640e2bd92d60229f9d106 326ddb235a48424499aae246a148d13f - - default default] Create volume of 1 GB
2026-01-24 16:08:58.020 75 INFO cinder.volume.api [None req-4a422036-acde-4aa7-bc0c-25a849079038 600c549e58c640e2bd92d60229f9d106 326ddb235a48424499aae246a148d13f - - default default] Availability Zones retrieved successfully.
2026-01-24 16:08:58.558 75 WARNING cinder.quota [None req-4a422036-acde-4aa7-bc0c-25a849079038 600c549e58c640e2bd92d60229f9d106 326ddb235a48424499aae246a148d13f - - default default] Deprecated: Default quota for resource: volumes_tempest-UserMessagesTest-volume-type-709653715 is set by the default quota flag: quota_volumes_tempest-UserMessagesTest-volume-type-709653715, it is now deprecated. Please use the default quota class for default quota.
2026-01-24 16:08:58.558 75 WARNING cinder.quota [None req-4a422036-acde-4aa7-bc0c-25a849079038 600c549e58c640e2bd92d60229f9d106 326ddb235a48424499aae246a148d13f - - default default] Deprecated: Default quota for resource: gigabytes_tempest-UserMessagesTest-volume-type-709653715 is set by the default quota flag: quota_gigabytes_tempest-UserMessagesTest-volume-type-709653715, it is now deprecated. Please use the default quota class for default quota.
2026-01-24 16:08:58.585 76 INFO cinder.api.openstack.wsgi [None req-42e9e984-bbe4-458e-8b34-9888e256d9d2 cf0805da87d44ee0b4dcdb75dbb9e003 96510d28ba4946c9bdaeff474f52d290 - - default default] GET http://[LB_IP_ADDRESS]:8776/v3/96510d28ba4946c9bdaeff474f52d290/groups/8895a490-5587-42ec-bdd6-338ed7298d86
2026-01-24 16:08:58.591 76 INFO cinder.api.openstack.wsgi [None req-42e9e984-bbe4-458e-8b34-9888e256d9d2 cf0805da87d44ee0b4dcdb75dbb9e003 96510d28ba4946c9bdaeff474f52d290 - - default default] http://[LB_IP_ADDRESS]:8776/v3/96510d28ba4946c9bdaeff474f52d290/groups/8895a490-5587-42ec-bdd6-338ed7298d86 returned with HTTP 404
2026-01-24 16:08:58.604 74 INFO cinder.api.openstack.wsgi [None req-9d28c264-a303-492e-bdac-858042361075 cf0805da87d44ee0b4dcdb75dbb9e003 96510d28ba4946c9bdaeff474f52d290 - - default default] DELETE http://[LB_IP_ADDRESS]:8776/v3/96510d28ba4946c9bdaeff474f52d290/group_snapshots/48516399-f09d-4589-9f72-ede6a5262866
2026-01-24 16:08:58.605 74 INFO cinder.api.v3.group_snapshots [None req-9d28c264-a303-492e-bdac-858042361075 cf0805da87d44ee0b4dcdb75dbb9e003 96510d28ba4946c9bdaeff474f52d290 - - default default] Delete group_snapshot with id: 48516399-f09d-4589-9f72-ede6a5262866
2026-01-24 16:08:58.629 75 INFO cinder.volume.api [None req-4a422036-acde-4aa7-bc0c-25a849079038 600c549e58c640e2bd92d60229f9d106 326ddb235a48424499aae246a148d13f - - default default] Create volume request issued successfully.
2026-01-24 16:08:58.629 75 INFO cinder.api.openstack.wsgi [None req-4a422036-acde-4aa7-bc0c-25a849079038 600c549e58c640e2bd92d60229f9d106 326ddb235a48424499aae246a148d13f - - default default] http://[LB_IP_ADDRESS]:8776/v3/326ddb235a48424499aae246a148d13f/volumes returned with HTTP 202
2026-01-24 16:08:58.644 74 INFO cinder.api.openstack.wsgi [None req-9d28c264-a303-492e-bdac-858042361075 cf0805da87d44ee0b4dcdb75dbb9e003 96510d28ba4946c9bdaeff474f52d290 - - default default] http://[LB_IP_ADDRESS]:8776/v3/96510d28ba4946c9bdaeff474f52d290/group_snapshots/48516399-f09d-4589-9f72-ede6a5262866 returned with HTTP 202
2026-01-24 16:08:58.649 72 INFO cinder.api.openstack.wsgi [None req-e6deb614-7109-414e-8ea3-d3bed1e8b8e1 600c549e58c640e2bd92d60229f9d106 326ddb235a48424499aae246a148d13f - - default default] GET http://[LB_IP_ADDRESS]:8776/v3/326ddb235a48424499aae246a148d13f/volumes/367bc585-c74f-4419-9055-a29dae50948a
2026-01-24 16:08:58.656 73 INFO cinder.api.openstack.wsgi [None req-0ae8d2de-1eb2-4175-bb5d-04e4f2d79d49 cf0805da87d44ee0b4dcdb75dbb9e003 96510d28ba4946c9bdaeff474f52d290 - - default default] GET http://[LB_IP_ADDRESS]:8776/v3/96510d28ba4946c9bdaeff474f52d290/volumes/detail
2026-01-24 16:08:58.666 72 INFO cinder.volume.api [None req-e6deb614-7109-414e-8ea3-d3bed1e8b8e1 600c549e58c640e2bd92d60229f9d106 326ddb235a48424499aae246a148d13f - - default default] Volume info retrieved successfully.
2026-01-24 16:08:58.672 72 INFO cinder.api.openstack.wsgi [None req-e6deb614-7109-414e-8ea3-d3bed1e8b8e1 600c549e58c640e2bd92d60229f9d106 326ddb235a48424499aae246a148d13f - - default default] http://[LB_IP_ADDRESS]:8776/v3/326ddb235a48424499aae246a148d13f/volumes/367bc585-c74f-4419-9055-a29dae50948a returned with HTTP 200
2026-01-24 16:08:58.672 73 INFO cinder.volume.api [None req-0ae8d2de-1eb2-4175-bb5d-04e4f2d79d49 cf0805da87d44ee0b4dcdb75dbb9e003 96510d28ba4946c9bdaeff474f52d290 - - default default] Get all volumes completed successfully.
2026-01-24 16:08:58.695 73 INFO cinder.api.openstack.wsgi [None req-0ae8d2de-1eb2-4175-bb5d-04e4f2d79d49 cf0805da87d44ee0b4dcdb75dbb9e003 96510d28ba4946c9bdaeff474f52d290 - - default default] http://[LB_IP_ADDRESS]:8776/v3/96510d28ba4946c9bdaeff474f52d290/volumes/detail returned with HTTP 200
2026-01-24 16:08:58.717 76 INFO cinder.api.openstack.wsgi [None req-738e0b23-9992-4bef-811c-624f13e418de cf0805da87d44ee0b4dcdb75dbb9e003 96510d28ba4946c9bdaeff474f52d290 - - default default] GET http://[LB_IP_ADDRESS]:8776/v3/96510d28ba4946c9bdaeff474f52d290/snapshots/detail
2026-01-24 16:08:58.727 76 INFO cinder.volume.api [None req-738e0b23-9992-4bef-811c-624f13e418de cf0805da87d44ee0b4dcdb75dbb9e003 96510d28ba4946c9bdaeff474f52d290 - - default default] Get all snapshots completed successfully.
2026-01-24 16:08:58.728 76 INFO cinder.api.openstack.wsgi [None req-738e0b23-9992-4bef-811c-624f13e418de cf0805da87d44ee0b4dcdb75dbb9e003 96510d28ba4946c9bdaeff474f52d290 - - default default] http://[LB_IP_ADDRESS]:8776/v3/96510d28ba4946c9bdaeff474f52d290/snapshots/detail returned with HTTP 200
2026-01-24 16:08:58.745 75 INFO cinder.api.openstack.wsgi [None req-384798a1-aacf-4c8b-b3c3-141eabb0a53b cf0805da87d44ee0b4dcdb75dbb9e003 96510d28ba4946c9bdaeff474f52d290 - - default default] GET http://[LB_IP_ADDRESS]:8776/v3/96510d28ba4946c9bdaeff474f52d290/snapshots/f11fff91-078c-4f46-b045-cc05bdfc7b24
2026-01-24 16:08:58.755 75 INFO cinder.volume.api [None req-384798a1-aacf-4c8b-b3c3-141eabb0a53b cf0805da87d44ee0b4dcdb75dbb9e003 96510d28ba4946c9bdaeff474f52d290 - - default default] Snapshot retrieved successfully.
2026-01-24 16:08:58.755 75 INFO cinder.api.openstack.wsgi [None req-384798a1-aacf-4c8b-b3c3-141eabb0a53b cf0805da87d44ee0b4dcdb75dbb9e003 96510d28ba4946c9bdaeff474f52d290 - - default default] http://[LB_IP_ADDRESS]:8776/v3/96510d28ba4946c9bdaeff474f52d290/snapshots/f11fff91-078c-4f46-b045-cc05bdfc7b24 returned with HTTP 200
2026-01-24 16:08:58.793 74 INFO cinder.api.openstack.wsgi [None req-4e58ae4b-3231-462d-8ef9-4545916ea231 542a2c0bf620476daa5865777da41a20 76c6047b5ea04908bd02466dc5003590 - - default default] GET http://[LB_IP_ADDRESS]:8776/v3/76c6047b5ea04908bd02466dc5003590/snapshots/cca9be64-26ec-4e5f-9225-41b19cb8cdc2
2026-01-24 16:08:58.802 74 INFO cinder.volume.api [None req-4e58ae4b-3231-462d-8ef9-4545916ea231 542a2c0bf620476daa5865777da41a20 76c6047b5ea04908bd02466dc5003590 - - default default] Snapshot retrieved successfully.
2026-01-24 16:08:58.803 74 INFO cinder.api.openstack.wsgi [None req-4e58ae4b-3231-462d-8ef9-4545916ea231 542a2c0bf620476daa5865777da41a20 76c6047b5ea04908bd02466dc5003590 - - default default] http://[LB_IP_ADDRESS]:8776/v3/76c6047b5ea04908bd02466dc5003590/snapshots/cca9be64-26ec-4e5f-9225-41b19cb8cdc2 returned with HTTP 200
2026-01-24 16:08:58.819 72 INFO cinder.api.openstack.wsgi [None req-24dd310c-e5a5-4ed9-92c6-c28a137b5cfc 840e896927b746c88ffbe1bdaa9e10a6 90fa0c7e91014c4282a66291810816dc - - default default] POST http://[LB_IP_ADDRESS]:8776/v3/90fa0c7e91014c4282a66291810816dc/snapshots/cca9be64-26ec-4e5f-9225-41b19cb8cdc2/action
2026-01-24 16:08:58.848 72 INFO cinder.api.openstack.wsgi [None req-24dd310c-e5a5-4ed9-92c6-c28a137b5cfc 840e896927b746c88ffbe1bdaa9e10a6 90fa0c7e91014c4282a66291810816dc - - default default] http://[LB_IP_ADDRESS]:8776/v3/90fa0c7e91014c4282a66291810816dc/snapshots/cca9be64-26ec-4e5f-9225-41b19cb8cdc2/action returned with HTTP 202
2026-01-24 16:08:58.861 73 INFO cinder.api.openstack.wsgi [None req-80c33ac5-73ea-48f5-bb7a-12f030876f4b 542a2c0bf620476daa5865777da41a20 76c6047b5ea04908bd02466dc5003590 - - default default] GET http://[LB_IP_ADDRESS]:8776/v3/76c6047b5ea04908bd02466dc5003590/snapshots/cca9be64-26ec-4e5f-9225-41b19cb8cdc2
2026-01-24 16:08:58.870 73 INFO cinder.volume.api [None req-80c33ac5-73ea-48f5-bb7a-12f030876f4b 542a2c0bf620476daa5865777da41a20 76c6047b5ea04908bd02466dc5003590 - - default default] Snapshot retrieved successfully.
2026-01-24 16:08:58.871 73 INFO cinder.api.openstack.wsgi [None req-80c33ac5-73ea-48f5-bb7a-12f030876f4b 542a2c0bf620476daa5865777da41a20 76c6047b5ea04908bd02466dc5003590 - - default default] http://[LB_IP_ADDRESS]:8776/v3/76c6047b5ea04908bd02466dc5003590/snapshots/cca9be64-26ec-4e5f-9225-41b19cb8cdc2 returned with HTTP 200
2026-01-24 16:08:58.887 76 INFO cinder.api.openstack.wsgi [None req-e6c236da-4194-495c-92a3-6ec0447fc19c 840e896927b746c88ffbe1bdaa9e10a6 90fa0c7e91014c4282a66291810816dc - - default default] POST http://[LB_IP_ADDRESS]:8776/v3/90fa0c7e91014c4282a66291810816dc/snapshots/cca9be64-26ec-4e5f-9225-41b19cb8cdc2/action
2026-01-24 16:08:58.897 76 INFO cinder.volume.api [None req-e6c236da-4194-495c-92a3-6ec0447fc19c 840e896927b746c88ffbe1bdaa9e10a6 90fa0c7e91014c4282a66291810816dc - - default default] Snapshot retrieved successfully.
2026-01-24 16:08:58.916 76 INFO cinder.volume.api [None req-e6c236da-4194-495c-92a3-6ec0447fc19c 840e896927b746c88ffbe1bdaa9e10a6 90fa0c7e91014c4282a66291810816dc - - default default] Snapshot delete request issued successfully.
2026-01-24 16:08:58.917 76 INFO cinder.api.openstack.wsgi [None req-e6c236da-4194-495c-92a3-6ec0447fc19c 840e896927b746c88ffbe1bdaa9e10a6 90fa0c7e91014c4282a66291810816dc - - default default] http://[LB_IP_ADDRESS]:8776/v3/90fa0c7e91014c4282a66291810816dc/snapshots/cca9be64-26ec-4e5f-9225-41b19cb8cdc2/action returned with HTTP 202
2026-01-24 16:08:58.931 75 INFO cinder.api.openstack.wsgi [None req-84f5a752-7b3c-4c52-9632-2aac3ac3f9a1 542a2c0bf620476daa5865777da41a20 76c6047b5ea04908bd02466dc5003590 - - default default] GET http://[LB_IP_ADDRESS]:8776/v3/76c6047b5ea04908bd02466dc5003590/snapshots/cca9be64-26ec-4e5f-9225-41b19cb8cdc2
2026-01-24 16:08:58.940 75 INFO cinder.volume.api [None req-84f5a752-7b3c-4c52-9632-2aac3ac3f9a1 542a2c0bf620476daa5865777da41a20 76c6047b5ea04908bd02466dc5003590 - - default default] Snapshot retrieved successfully.
2026-01-24 16:08:58.941 75 INFO cinder.api.openstack.wsgi [None req-84f5a752-7b3c-4c52-9632-2aac3ac3f9a1 542a2c0bf620476daa5865777da41a20 76c6047b5ea04908bd02466dc5003590 - - default default] http://[LB_IP_ADDRESS]:8776/v3/76c6047b5ea04908bd02466dc5003590/snapshots/cca9be64-26ec-4e5f-9225-41b19cb8cdc2 returned with HTTP 200
2026-01-24 16:08:59.692 74 INFO cinder.api.openstack.wsgi [None req-c15f614c-6e77-4c34-afdc-d86a72ba9e4d 600c549e58c640e2bd92d60229f9d106 326ddb235a48424499aae246a148d13f - - default default] GET http://[LB_IP_ADDRESS]:8776/v3/326ddb235a48424499aae246a148d13f/volumes/367bc585-c74f-4419-9055-a29dae50948a
2026-01-24 16:08:59.711 74 INFO cinder.volume.api [None req-c15f614c-6e77-4c34-afdc-d86a72ba9e4d 600c549e58c640e2bd92d60229f9d106 326ddb235a48424499aae246a148d13f - - default default] Volume info retrieved successfully.
2026-01-24 16:08:59.716 74 INFO cinder.api.openstack.wsgi [None req-c15f614c-6e77-4c34-afdc-d86a72ba9e4d 600c549e58c640e2bd92d60229f9d106 326ddb235a48424499aae246a148d13f - - default default] http://[LB_IP_ADDRESS]:8776/v3/326ddb235a48424499aae246a148d13f/volumes/367bc585-c74f-4419-9055-a29dae50948a returned with HTTP 200
2026-01-24 16:08:59.737 72 INFO cinder.api.openstack.wsgi [None req-b5516dbf-4716-49ac-bbcd-80a1cba74692 600c549e58c640e2bd92d60229f9d106 326ddb235a48424499aae246a148d13f - - default default] GET http://[LB_IP_ADDRESS]:8776/v3/326ddb235a48424499aae246a148d13f/messages
2026-01-24 16:08:59.744 72 INFO cinder.api.openstack.wsgi [None req-b5516dbf-4716-49ac-bbcd-80a1cba74692 600c549e58c640e2bd92d60229f9d106 326ddb235a48424499aae246a148d13f - - default default] http://[LB_IP_ADDRESS]:8776/v3/326ddb235a48424499aae246a148d13f/messages returned with HTTP 200
2026-01-24 16:08:59.760 73 INFO cinder.api.openstack.wsgi [None req-99ecd208-e83a-4154-819a-e258ccc9cbec 600c549e58c640e2bd92d60229f9d106 326ddb235a48424499aae246a148d13f - - default default] GET http://[LB_IP_ADDRESS]:8776/v3/326ddb235a48424499aae246a148d13f/messages/4ab951ea-74d9-4533-83be-07294c0c9c75
2026-01-24 16:08:59.766 73 INFO cinder.api.openstack.wsgi [None req-99ecd208-e83a-4154-819a-e258ccc9cbec 600c549e58c640e2bd92d60229f9d106 326ddb235a48424499aae246a148d13f - - default default] http://[LB_IP_ADDRESS]:8776/v3/326ddb235a48424499aae246a148d13f/messages/4ab951ea-74d9-4533-83be-07294c0c9c75 returned with HTTP 200
2026-01-24 16:08:59.771 76 INFO cinder.api.openstack.wsgi [None req-4e357133-6524-4701-b7a9-fc7ec222b503 cf0805da87d44ee0b4dcdb75dbb9e003 96510d28ba4946c9bdaeff474f52d290 - - default default] GET http://[LB_IP_ADDRESS]:8776/v3/96510d28ba4946c9bdaeff474f52d290/snapshots/f11fff91-078c-4f46-b045-cc05bdfc7b24
2026-01-24 16:08:59.779 76 INFO cinder.api.openstack.wsgi [None req-4e357133-6524-4701-b7a9-fc7ec222b503 cf0805da87d44ee0b4dcdb75dbb9e003 96510d28ba4946c9bdaeff474f52d290 - - default default] http://[LB_IP_ADDRESS]:8776/v3/96510d28ba4946c9bdaeff474f52d290/snapshots/f11fff91-078c-4f46-b045-cc05bdfc7b24 returned with HTTP 404
2026-01-24 16:08:59.781 75 INFO cinder.api.openstack.wsgi [None req-ac8fc33d-4f6a-4208-86d5-b251776fa681 600c549e58c640e2bd92d60229f9d106 326ddb235a48424499aae246a148d13f - - default default] GET http://[LB_IP_ADDRESS]:8776/v3/326ddb235a48424499aae246a148d13f/messages
2026-01-24 16:08:59.789 75 INFO cinder.api.openstack.wsgi [None req-ac8fc33d-4f6a-4208-86d5-b251776fa681 600c549e58c640e2bd92d60229f9d106 326ddb235a48424499aae246a148d13f - - default default] http://[LB_IP_ADDRESS]:8776/v3/326ddb235a48424499aae246a148d13f/messages returned with HTTP 200
2026-01-24 16:08:59.792 74 INFO cinder.api.openstack.wsgi [None req-4c90bc85-308d-449c-a455-9bab286f46a9 cf0805da87d44ee0b4dcdb75dbb9e003 96510d28ba4946c9bdaeff474f52d290 - - default default] GET http://[LB_IP_ADDRESS]:8776/v3/96510d28ba4946c9bdaeff474f52d290/group_snapshots/48516399-f09d-4589-9f72-ede6a5262866
2026-01-24 16:08:59.796 74 INFO cinder.api.openstack.wsgi [None req-4c90bc85-308d-449c-a455-9bab286f46a9 cf0805da87d44ee0b4dcdb75dbb9e003 96510d28ba4946c9bdaeff474f52d290 - - default default] http://[LB_IP_ADDRESS]:8776/v3/96510d28ba4946c9bdaeff474f52d290/group_snapshots/48516399-f09d-4589-9f72-ede6a5262866 returned with HTTP 404
2026-01-24 16:08:59.802 72 INFO cinder.api.openstack.wsgi [None req-738c5b7d-83f3-46e7-a1bf-59d305eedf5c 600c549e58c640e2bd92d60229f9d106 326ddb235a48424499aae246a148d13f - - default default] DELETE http://[LB_IP_ADDRESS]:8776/v3/326ddb235a48424499aae246a148d13f/messages/4ab951ea-74d9-4533-83be-07294c0c9c75
2026-01-24 16:08:59.807 73 INFO cinder.api.openstack.wsgi [None req-115e8736-3998-417e-bb8d-c366ea0c52d7 cf0805da87d44ee0b4dcdb75dbb9e003 96510d28ba4946c9bdaeff474f52d290 - - default default] GET http://[LB_IP_ADDRESS]:8776/v3/96510d28ba4946c9bdaeff474f52d290/volumes/detail
2026-01-24 16:08:59.810 72 INFO cinder.api.openstack.wsgi [None req-738c5b7d-83f3-46e7-a1bf-59d305eedf5c 600c549e58c640e2bd92d60229f9d106 326ddb235a48424499aae246a148d13f - - default default] http://[LB_IP_ADDRESS]:8776/v3/326ddb235a48424499aae246a148d13f/messages/4ab951ea-74d9-4533-83be-07294c0c9c75 returned with HTTP 204
2026-01-24 16:08:59.821 76 INFO cinder.api.openstack.wsgi [None req-6f46795e-008a-4fa5-9d86-0e819ceafb7e 600c549e58c640e2bd92d60229f9d106 326ddb235a48424499aae246a148d13f - - default default] GET http://[LB_IP_ADDRESS]:8776/v3/326ddb235a48424499aae246a148d13f/volumes/367bc585-c74f-4419-9055-a29dae50948a
2026-01-24 16:08:59.821 73 INFO cinder.volume.api [None req-115e8736-3998-417e-bb8d-c366ea0c52d7 cf0805da87d44ee0b4dcdb75dbb9e003 96510d28ba4946c9bdaeff474f52d290 - - default default] Get all volumes completed successfully.
2026-01-24 16:08:59.838 76 INFO cinder.volume.api [None req-6f46795e-008a-4fa5-9d86-0e819ceafb7e 600c549e58c640e2bd92d60229f9d106 326ddb235a48424499aae246a148d13f - - default default] Volume info retrieved successfully.
2026-01-24 16:08:59.843 76 INFO cinder.api.openstack.wsgi [None req-6f46795e-008a-4fa5-9d86-0e819ceafb7e 600c549e58c640e2bd92d60229f9d106 326ddb235a48424499aae246a148d13f - - default default] http://[LB_IP_ADDRESS]:8776/v3/326ddb235a48424499aae246a148d13f/volumes/367bc585-c74f-4419-9055-a29dae50948a returned with HTTP 200
2026-01-24 16:08:59.857 73 INFO cinder.api.openstack.wsgi [None req-115e8736-3998-417e-bb8d-c366ea0c52d7 cf0805da87d44ee0b4dcdb75dbb9e003 96510d28ba4946c9bdaeff474f52d290 - - default default] http://[LB_IP_ADDRESS]:8776/v3/96510d28ba4946c9bdaeff474f52d290/volumes/detail returned with HTTP 200
2026-01-24 16:08:59.864 75 INFO cinder.api.openstack.wsgi [None req-ac2431b7-1334-4621-a054-3ae5f52df967 600c549e58c640e2bd92d60229f9d106 326ddb235a48424499aae246a148d13f - - default default] DELETE http://[LB_IP_ADDRESS]:8776/v3/326ddb235a48424499aae246a148d13f/volumes/367bc585-c74f-4419-9055-a29dae50948a
2026-01-24 16:08:59.865 75 INFO cinder.api.v3.volumes [None req-ac2431b7-1334-4621-a054-3ae5f52df967 600c549e58c640e2bd92d60229f9d106 326ddb235a48424499aae246a148d13f - - default default] Delete volume with id: 367bc585-c74f-4419-9055-a29dae50948a 
2026-01-24 16:08:59.879 75 INFO cinder.volume.api [None req-ac2431b7-1334-4621-a054-3ae5f52df967 600c549e58c640e2bd92d60229f9d106 326ddb235a48424499aae246a148d13f - - default default] Volume info retrieved successfully.
2026-01-24 16:08:59.880 74 INFO cinder.api.openstack.wsgi [None req-a83fc496-936b-44df-8eed-159d2a1c3bc1 cf0805da87d44ee0b4dcdb75dbb9e003 96510d28ba4946c9bdaeff474f52d290 - - default default] POST http://[LB_IP_ADDRESS]:8776/v3/96510d28ba4946c9bdaeff474f52d290/groups/7e0f0a85-4a23-4484-9d68-04cae9564629/action
2026-01-24 16:08:59.884 74 INFO cinder.api.v3.groups [None req-a83fc496-936b-44df-8eed-159d2a1c3bc1 cf0805da87d44ee0b4dcdb75dbb9e003 96510d28ba4946c9bdaeff474f52d290 - - default default] Delete group with id: 7e0f0a85-4a23-4484-9d68-04cae9564629
2026-01-24 16:08:59.932 74 INFO cinder.api.openstack.wsgi [None req-a83fc496-936b-44df-8eed-159d2a1c3bc1 cf0805da87d44ee0b4dcdb75dbb9e003 96510d28ba4946c9bdaeff474f52d290 - - default default] http://[LB_IP_ADDRESS]:8776/v3/96510d28ba4946c9bdaeff474f52d290/groups/7e0f0a85-4a23-4484-9d68-04cae9564629/action returned with HTTP 202
2026-01-24 16:08:59.943 72 INFO cinder.api.openstack.wsgi [None req-732be2a8-e125-4a26-b80c-15d20433722f cf0805da87d44ee0b4dcdb75dbb9e003 96510d28ba4946c9bdaeff474f52d290 - - default default] GET http://[LB_IP_ADDRESS]:8776/v3/96510d28ba4946c9bdaeff474f52d290/volumes/cb8c7cc3-8cf0-499b-b630-7c6aa0cad9f8
2026-01-24 16:08:59.956 72 INFO cinder.volume.api [None req-732be2a8-e125-4a26-b80c-15d20433722f cf0805da87d44ee0b4dcdb75dbb9e003 96510d28ba4946c9bdaeff474f52d290 - - default default] Volume info retrieved successfully.
2026-01-24 16:08:59.957 76 INFO cinder.api.openstack.wsgi [None req-ee36f354-e64a-47e0-af01-7cd7b5033abf 542a2c0bf620476daa5865777da41a20 76c6047b5ea04908bd02466dc5003590 - - default default] GET http://[LB_IP_ADDRESS]:8776/v3/76c6047b5ea04908bd02466dc5003590/snapshots/cca9be64-26ec-4e5f-9225-41b19cb8cdc2
2026-01-24 16:08:59.964 76 INFO cinder.api.openstack.wsgi [None req-ee36f354-e64a-47e0-af01-7cd7b5033abf 542a2c0bf620476daa5865777da41a20 76c6047b5ea04908bd02466dc5003590 - - default default] http://[LB_IP_ADDRESS]:8776/v3/76c6047b5ea04908bd02466dc5003590/snapshots/cca9be64-26ec-4e5f-9225-41b19cb8cdc2 returned with HTTP 404
2026-01-24 16:08:59.978 73 INFO cinder.api.openstack.wsgi [None req-d25f6b0b-a133-46ad-b8ef-6ada4d69d547 840e896927b746c88ffbe1bdaa9e10a6 90fa0c7e91014c4282a66291810816dc - - default default] POST http://[LB_IP_ADDRESS]:8776/v3/90fa0c7e91014c4282a66291810816dc/snapshots/7b8d9fa5-7b3f-4627-9b7c-4608b251ab49/action
2026-01-24 16:08:59.979 72 INFO cinder.api.openstack.wsgi [None req-732be2a8-e125-4a26-b80c-15d20433722f cf0805da87d44ee0b4dcdb75dbb9e003 96510d28ba4946c9bdaeff474f52d290 - - default default] http://[LB_IP_ADDRESS]:8776/v3/96510d28ba4946c9bdaeff474f52d290/volumes/cb8c7cc3-8cf0-499b-b630-7c6aa0cad9f8 returned with HTTP 200
2026-01-24 16:09:00.001 73 INFO cinder.api.openstack.wsgi [None req-d25f6b0b-a133-46ad-b8ef-6ada4d69d547 840e896927b746c88ffbe1bdaa9e10a6 90fa0c7e91014c4282a66291810816dc - - default default] http://[LB_IP_ADDRESS]:8776/v3/90fa0c7e91014c4282a66291810816dc/snapshots/7b8d9fa5-7b3f-4627-9b7c-4608b251ab49/action returned with HTTP 202
2026-01-24 16:09:00.013 74 INFO cinder.api.openstack.wsgi [None req-b2f718c9-c3a2-49ef-931b-dc618ac32a98 542a2c0bf620476daa5865777da41a20 76c6047b5ea04908bd02466dc5003590 - - default default] GET http://[LB_IP_ADDRESS]:8776/v3/76c6047b5ea04908bd02466dc5003590/snapshots/7b8d9fa5-7b3f-4627-9b7c-4608b251ab49
2026-01-24 16:09:00.022 75 INFO cinder.volume.api [None req-ac2431b7-1334-4621-a054-3ae5f52df967 600c549e58c640e2bd92d60229f9d106 326ddb235a48424499aae246a148d13f - - default default] Delete volume request issued successfully.
2026-01-24 16:09:00.022 75 INFO cinder.api.openstack.wsgi [None req-ac2431b7-1334-4621-a054-3ae5f52df967 600c549e58c640e2bd92d60229f9d106 326ddb235a48424499aae246a148d13f - - default default] http://[LB_IP_ADDRESS]:8776/v3/326ddb235a48424499aae246a148d13f/volumes/367bc585-c74f-4419-9055-a29dae50948a returned with HTTP 202
2026-01-24 16:09:00.022 74 INFO cinder.volume.api [None req-b2f718c9-c3a2-49ef-931b-dc618ac32a98 542a2c0bf620476daa5865777da41a20 76c6047b5ea04908bd02466dc5003590 - - default default] Snapshot retrieved successfully.
2026-01-24 16:09:00.023 74 INFO cinder.api.openstack.wsgi [None req-b2f718c9-c3a2-49ef-931b-dc618ac32a98 542a2c0bf620476daa5865777da41a20 76c6047b5ea04908bd02466dc5003590 - - default default] http://[LB_IP_ADDRESS]:8776/v3/76c6047b5ea04908bd02466dc5003590/snapshots/7b8d9fa5-7b3f-4627-9b7c-4608b251ab49 returned with HTTP 200
2026-01-24 16:09:00.034 76 INFO cinder.api.openstack.wsgi [None req-fe256057-a81d-4757-bd85-309290e416e6 600c549e58c640e2bd92d60229f9d106 326ddb235a48424499aae246a148d13f - - default default] GET http://[LB_IP_ADDRESS]:8776/v3/326ddb235a48424499aae246a148d13f/volumes/367bc585-c74f-4419-9055-a29dae50948a
2026-01-24 16:09:00.039 72 INFO cinder.api.openstack.wsgi [None req-95269e9d-5665-4d0e-8c42-c299d3bdb714 542a2c0bf620476daa5865777da41a20 76c6047b5ea04908bd02466dc5003590 - - default default] DELETE http://[LB_IP_ADDRESS]:8776/v3/76c6047b5ea04908bd02466dc5003590/snapshots/cca9be64-26ec-4e5f-9225-41b19cb8cdc2
2026-01-24 16:09:00.041 72 INFO cinder.api.v2.snapshots [None req-95269e9d-5665-4d0e-8c42-c299d3bdb714 542a2c0bf620476daa5865777da41a20 76c6047b5ea04908bd02466dc5003590 - - default default] Delete snapshot with id: cca9be64-26ec-4e5f-9225-41b19cb8cdc2
2026-01-24 16:09:00.047 72 INFO cinder.api.openstack.wsgi [None req-95269e9d-5665-4d0e-8c42-c299d3bdb714 542a2c0bf620476daa5865777da41a20 76c6047b5ea04908bd02466dc5003590 - - default default] http://[LB_IP_ADDRESS]:8776/v3/76c6047b5ea04908bd02466dc5003590/snapshots/cca9be64-26ec-4e5f-9225-41b19cb8cdc2 returned with HTTP 404
2026-01-24 16:09:00.051 76 INFO cinder.api.openstack.wsgi [None req-fe256057-a81d-4757-bd85-309290e416e6 600c549e58c640e2bd92d60229f9d106 326ddb235a48424499aae246a148d13f - - default default] http://[LB_IP_ADDRESS]:8776/v3/326ddb235a48424499aae246a148d13f/volumes/367bc585-c74f-4419-9055-a29dae50948a returned with HTTP 404
2026-01-24 16:09:00.061 73 INFO cinder.api.openstack.wsgi [None req-ece7e87f-be08-451c-88a3-2270150993b5 542a2c0bf620476daa5865777da41a20 76c6047b5ea04908bd02466dc5003590 - - default default] POST http://[LB_IP_ADDRESS]:8776/v3/76c6047b5ea04908bd02466dc5003590/snapshots
2026-01-24 16:09:00.063 75 INFO cinder.api.openstack.wsgi [None req-68eb7612-7352-4f66-8e95-44bc5505807e 0094b258324747eca645a91d153f15ce 3da201b72a9646eaacc4954594015cd6 - - default default] DELETE http://[LB_IP_ADDRESS]:8776/v3/3da201b72a9646eaacc4954594015cd6/types/9bcde971-58e3-4559-8396-3dc461c01fe5
2026-01-24 16:09:00.074 73 INFO cinder.volume.api [None req-ece7e87f-be08-451c-88a3-2270150993b5 542a2c0bf620476daa5865777da41a20 76c6047b5ea04908bd02466dc5003590 - - default default] Volume info retrieved successfully.
2026-01-24 16:09:00.075 73 INFO cinder.api.v3.snapshots [None req-ece7e87f-be08-451c-88a3-2270150993b5 542a2c0bf620476daa5865777da41a20 76c6047b5ea04908bd02466dc5003590 - - default default] Create snapshot from volume 3ac31a92-9167-4b8e-a4ae-d6deef224c20
2026-01-24 16:09:00.107 75 INFO cinder.api.openstack.wsgi [None req-68eb7612-7352-4f66-8e95-44bc5505807e 0094b258324747eca645a91d153f15ce 3da201b72a9646eaacc4954594015cd6 - - default default] http://[LB_IP_ADDRESS]:8776/v3/3da201b72a9646eaacc4954594015cd6/types/9bcde971-58e3-4559-8396-3dc461c01fe5 returned with HTTP 202
2026-01-24 16:09:00.117 74 INFO cinder.api.openstack.wsgi [None req-1ba81579-7fbd-43a9-806e-cea87a92a61e 0094b258324747eca645a91d153f15ce 3da201b72a9646eaacc4954594015cd6 - - default default] GET http://[LB_IP_ADDRESS]:8776/v3/3da201b72a9646eaacc4954594015cd6/types/9bcde971-58e3-4559-8396-3dc461c01fe5
2026-01-24 16:09:00.121 74 INFO cinder.api.openstack.wsgi [None req-1ba81579-7fbd-43a9-806e-cea87a92a61e 0094b258324747eca645a91d153f15ce 3da201b72a9646eaacc4954594015cd6 - - default default] http://[LB_IP_ADDRESS]:8776/v3/3da201b72a9646eaacc4954594015cd6/types/9bcde971-58e3-4559-8396-3dc461c01fe5 returned with HTTP 404
2026-01-24 16:09:00.230 73 INFO cinder.volume.api [None req-ece7e87f-be08-451c-88a3-2270150993b5 542a2c0bf620476daa5865777da41a20 76c6047b5ea04908bd02466dc5003590 - - default default] Snapshot create request issued successfully.
2026-01-24 16:09:00.230 73 INFO cinder.api.openstack.wsgi [None req-ece7e87f-be08-451c-88a3-2270150993b5 542a2c0bf620476daa5865777da41a20 76c6047b5ea04908bd02466dc5003590 - - default default] http://[LB_IP_ADDRESS]:8776/v3/76c6047b5ea04908bd02466dc5003590/snapshots returned with HTTP 202
2026-01-24 16:09:00.245 72 INFO cinder.api.openstack.wsgi [None req-a800aaec-055a-4a5e-9ea3-a747942e27f1 542a2c0bf620476daa5865777da41a20 76c6047b5ea04908bd02466dc5003590 - - default default] GET http://[LB_IP_ADDRESS]:8776/v3/76c6047b5ea04908bd02466dc5003590/snapshots/91f574fb-fbc9-4278-b012-7cafa72e0b1b
2026-01-24 16:09:00.254 72 INFO cinder.volume.api [None req-a800aaec-055a-4a5e-9ea3-a747942e27f1 542a2c0bf620476daa5865777da41a20 76c6047b5ea04908bd02466dc5003590 - - default default] Snapshot retrieved successfully.
2026-01-24 16:09:00.255 72 INFO cinder.api.openstack.wsgi [None req-a800aaec-055a-4a5e-9ea3-a747942e27f1 542a2c0bf620476daa5865777da41a20 76c6047b5ea04908bd02466dc5003590 - - default default] http://[LB_IP_ADDRESS]:8776/v3/76c6047b5ea04908bd02466dc5003590/snapshots/91f574fb-fbc9-4278-b012-7cafa72e0b1b returned with HTTP 200
2026-01-24 16:09:01.000 76 INFO cinder.api.openstack.wsgi [None req-39c6b4f7-acba-4430-89ad-feba49169a82 cf0805da87d44ee0b4dcdb75dbb9e003 96510d28ba4946c9bdaeff474f52d290 - - default default] GET http://[LB_IP_ADDRESS]:8776/v3/96510d28ba4946c9bdaeff474f52d290/volumes/cb8c7cc3-8cf0-499b-b630-7c6aa0cad9f8
2026-01-24 16:09:01.011 76 INFO cinder.api.openstack.wsgi [None req-39c6b4f7-acba-4430-89ad-feba49169a82 cf0805da87d44ee0b4dcdb75dbb9e003 96510d28ba4946c9bdaeff474f52d290 - - default default] http://[LB_IP_ADDRESS]:8776/v3/96510d28ba4946c9bdaeff474f52d290/volumes/cb8c7cc3-8cf0-499b-b630-7c6aa0cad9f8 returned with HTTP 404
2026-01-24 16:09:01.025 75 INFO cinder.api.openstack.wsgi [None req-fcac402f-6f5e-441f-b926-bad6bf78f77a cf0805da87d44ee0b4dcdb75dbb9e003 96510d28ba4946c9bdaeff474f52d290 - - default default] GET http://[LB_IP_ADDRESS]:8776/v3/96510d28ba4946c9bdaeff474f52d290/groups/7e0f0a85-4a23-4484-9d68-04cae9564629
2026-01-24 16:09:01.031 75 INFO cinder.api.openstack.wsgi [None req-fcac402f-6f5e-441f-b926-bad6bf78f77a cf0805da87d44ee0b4dcdb75dbb9e003 96510d28ba4946c9bdaeff474f52d290 - - default default] http://[LB_IP_ADDRESS]:8776/v3/96510d28ba4946c9bdaeff474f52d290/groups/7e0f0a85-4a23-4484-9d68-04cae9564629 returned with HTTP 404
2026-01-24 16:09:01.043 74 INFO cinder.api.openstack.wsgi [None req-cc4ea136-3252-4b00-8096-888bf9f4b32b 78ae91a143ed4c0caca83e7dade98f46 4cd5108419234e9fa13afc759b575edc - - default default] DELETE http://[LB_IP_ADDRESS]:8776/v3/4cd5108419234e9fa13afc759b575edc/group_types/944e1c86-ca08-4d3a-8692-46aa8dd0dc02
2026-01-24 16:09:01.059 74 INFO cinder.api.openstack.wsgi [None req-cc4ea136-3252-4b00-8096-888bf9f4b32b 78ae91a143ed4c0caca83e7dade98f46 4cd5108419234e9fa13afc759b575edc - - default default] http://[LB_IP_ADDRESS]:8776/v3/4cd5108419234e9fa13afc759b575edc/group_types/944e1c86-ca08-4d3a-8692-46aa8dd0dc02 returned with HTTP 202
2026-01-24 16:09:01.071 73 INFO cinder.api.openstack.wsgi [None req-5ef51c52-7800-48c4-9052-216193ccad23 78ae91a143ed4c0caca83e7dade98f46 4cd5108419234e9fa13afc759b575edc - - default default] DELETE http://[LB_IP_ADDRESS]:8776/v3/4cd5108419234e9fa13afc759b575edc/types/e8d86f75-25df-49f5-9a42-92f492cb6f45
2026-01-24 16:09:01.124 73 INFO cinder.api.openstack.wsgi [None req-5ef51c52-7800-48c4-9052-216193ccad23 78ae91a143ed4c0caca83e7dade98f46 4cd5108419234e9fa13afc759b575edc - - default default] http://[LB_IP_ADDRESS]:8776/v3/4cd5108419234e9fa13afc759b575edc/types/e8d86f75-25df-49f5-9a42-92f492cb6f45 returned with HTTP 202
2026-01-24 16:09:01.136 72 INFO cinder.api.openstack.wsgi [None req-e7ce26bb-77ef-4df2-85f3-c01c79ad1771 78ae91a143ed4c0caca83e7dade98f46 4cd5108419234e9fa13afc759b575edc - - default default] GET http://[LB_IP_ADDRESS]:8776/v3/4cd5108419234e9fa13afc759b575edc/types/e8d86f75-25df-49f5-9a42-92f492cb6f45
2026-01-24 16:09:01.142 72 INFO cinder.api.openstack.wsgi [None req-e7ce26bb-77ef-4df2-85f3-c01c79ad1771 78ae91a143ed4c0caca83e7dade98f46 4cd5108419234e9fa13afc759b575edc - - default default] http://[LB_IP_ADDRESS]:8776/v3/4cd5108419234e9fa13afc759b575edc/types/e8d86f75-25df-49f5-9a42-92f492cb6f45 returned with HTTP 404
2026-01-24 16:09:01.160 76 INFO cinder.api.openstack.wsgi [None req-2d23d920-6bd0-4dc4-b431-e11367b573c1 78ae91a143ed4c0caca83e7dade98f46 4cd5108419234e9fa13afc759b575edc - - default default] POST http://[LB_IP_ADDRESS]:8776/v3/4cd5108419234e9fa13afc759b575edc/types
2026-01-24 16:09:01.200 76 INFO cinder.api.openstack.wsgi [None req-2d23d920-6bd0-4dc4-b431-e11367b573c1 78ae91a143ed4c0caca83e7dade98f46 4cd5108419234e9fa13afc759b575edc - - default default] http://[LB_IP_ADDRESS]:8776/v3/4cd5108419234e9fa13afc759b575edc/types returned with HTTP 200
2026-01-24 16:09:01.215 75 INFO cinder.api.openstack.wsgi [None req-0bc69aa3-185d-4210-b1f1-e8cf28b78eec 78ae91a143ed4c0caca83e7dade98f46 4cd5108419234e9fa13afc759b575edc - - default default] POST http://[LB_IP_ADDRESS]:8776/v3/4cd5108419234e9fa13afc759b575edc/group_types
2026-01-24 16:09:01.241 75 INFO cinder.api.openstack.wsgi [None req-0bc69aa3-185d-4210-b1f1-e8cf28b78eec 78ae91a143ed4c0caca83e7dade98f46 4cd5108419234e9fa13afc759b575edc - - default default] http://[LB_IP_ADDRESS]:8776/v3/4cd5108419234e9fa13afc759b575edc/group_types returned with HTTP 202
2026-01-24 16:09:01.256 74 INFO cinder.api.openstack.wsgi [None req-ea6aaab9-766f-4eee-b8ef-4db4055fe956 cf0805da87d44ee0b4dcdb75dbb9e003 96510d28ba4946c9bdaeff474f52d290 - - default default] POST http://[LB_IP_ADDRESS]:8776/v3/96510d28ba4946c9bdaeff474f52d290/groups
2026-01-24 16:09:01.270 73 INFO cinder.api.openstack.wsgi [None req-70c678d1-4dfc-4245-bebc-6ccb8dc79a24 542a2c0bf620476daa5865777da41a20 76c6047b5ea04908bd02466dc5003590 - - default default] GET http://[LB_IP_ADDRESS]:8776/v3/76c6047b5ea04908bd02466dc5003590/snapshots/91f574fb-fbc9-4278-b012-7cafa72e0b1b
2026-01-24 16:09:01.273 74 INFO cinder.api.v3.groups [None req-ea6aaab9-766f-4eee-b8ef-4db4055fe956 cf0805da87d44ee0b4dcdb75dbb9e003 96510d28ba4946c9bdaeff474f52d290 - - default default] Creating group tempest-GroupSnapshotsTest-Group-767088018.
2026-01-24 16:09:01.279 73 INFO cinder.volume.api [None req-70c678d1-4dfc-4245-bebc-6ccb8dc79a24 542a2c0bf620476daa5865777da41a20 76c6047b5ea04908bd02466dc5003590 - - default default] Snapshot retrieved successfully.
2026-01-24 16:09:01.281 73 INFO cinder.api.openstack.wsgi [None req-70c678d1-4dfc-4245-bebc-6ccb8dc79a24 542a2c0bf620476daa5865777da41a20 76c6047b5ea04908bd02466dc5003590 - - default default] http://[LB_IP_ADDRESS]:8776/v3/76c6047b5ea04908bd02466dc5003590/snapshots/91f574fb-fbc9-4278-b012-7cafa72e0b1b returned with HTTP 200
2026-01-24 16:09:01.281 74 INFO cinder.volume.api [None req-ea6aaab9-766f-4eee-b8ef-4db4055fe956 cf0805da87d44ee0b4dcdb75dbb9e003 96510d28ba4946c9bdaeff474f52d290 - - default default] Availability Zones retrieved successfully.
2026-01-24 16:09:01.296 72 INFO cinder.api.openstack.wsgi [None req-7d0618e6-dd82-4922-94db-233b9eb55449 840e896927b746c88ffbe1bdaa9e10a6 90fa0c7e91014c4282a66291810816dc - - default default] POST http://[LB_IP_ADDRESS]:8776/v3/90fa0c7e91014c4282a66291810816dc/snapshots/91f574fb-fbc9-4278-b012-7cafa72e0b1b/action
2026-01-24 16:09:01.322 72 INFO cinder.api.openstack.wsgi [None req-7d0618e6-dd82-4922-94db-233b9eb55449 840e896927b746c88ffbe1bdaa9e10a6 90fa0c7e91014c4282a66291810816dc - - default default] http://[LB_IP_ADDRESS]:8776/v3/90fa0c7e91014c4282a66291810816dc/snapshots/91f574fb-fbc9-4278-b012-7cafa72e0b1b/action returned with HTTP 202
2026-01-24 16:09:01.334 76 INFO cinder.api.openstack.wsgi [None req-cd28a74c-3900-4d69-bdf7-bbfac7242f37 542a2c0bf620476daa5865777da41a20 76c6047b5ea04908bd02466dc5003590 - - default default] GET http://[LB_IP_ADDRESS]:8776/v3/76c6047b5ea04908bd02466dc5003590/snapshots/91f574fb-fbc9-4278-b012-7cafa72e0b1b
2026-01-24 16:09:01.344 76 INFO cinder.volume.api [None req-cd28a74c-3900-4d69-bdf7-bbfac7242f37 542a2c0bf620476daa5865777da41a20 76c6047b5ea04908bd02466dc5003590 - - default default] Snapshot retrieved successfully.
2026-01-24 16:09:01.345 76 INFO cinder.api.openstack.wsgi [None req-cd28a74c-3900-4d69-bdf7-bbfac7242f37 542a2c0bf620476daa5865777da41a20 76c6047b5ea04908bd02466dc5003590 - - default default] http://[LB_IP_ADDRESS]:8776/v3/76c6047b5ea04908bd02466dc5003590/snapshots/91f574fb-fbc9-4278-b012-7cafa72e0b1b returned with HTTP 200
2026-01-24 16:09:01.361 75 INFO cinder.api.openstack.wsgi [None req-5c9d8897-2b58-47a1-878e-ac79a456c5ce 840e896927b746c88ffbe1bdaa9e10a6 90fa0c7e91014c4282a66291810816dc - - default default] POST http://[LB_IP_ADDRESS]:8776/v3/90fa0c7e91014c4282a66291810816dc/snapshots/91f574fb-fbc9-4278-b012-7cafa72e0b1b/action
2026-01-24 16:09:01.369 75 INFO cinder.volume.api [None req-5c9d8897-2b58-47a1-878e-ac79a456c5ce 840e896927b746c88ffbe1bdaa9e10a6 90fa0c7e91014c4282a66291810816dc - - default default] Snapshot retrieved successfully.
2026-01-24 16:09:01.387 75 INFO cinder.volume.api [None req-5c9d8897-2b58-47a1-878e-ac79a456c5ce 840e896927b746c88ffbe1bdaa9e10a6 90fa0c7e91014c4282a66291810816dc - - default default] Snapshot delete request issued successfully.
2026-01-24 16:09:01.388 75 INFO cinder.api.openstack.wsgi [None req-5c9d8897-2b58-47a1-878e-ac79a456c5ce 840e896927b746c88ffbe1bdaa9e10a6 90fa0c7e91014c4282a66291810816dc - - default default] http://[LB_IP_ADDRESS]:8776/v3/90fa0c7e91014c4282a66291810816dc/snapshots/91f574fb-fbc9-4278-b012-7cafa72e0b1b/action returned with HTTP 202
2026-01-24 16:09:01.395 74 INFO cinder.api.openstack.wsgi [None req-ea6aaab9-766f-4eee-b8ef-4db4055fe956 cf0805da87d44ee0b4dcdb75dbb9e003 96510d28ba4946c9bdaeff474f52d290 - - default default] http://[LB_IP_ADDRESS]:8776/v3/96510d28ba4946c9bdaeff474f52d290/groups returned with HTTP 202
2026-01-24 16:09:01.400 73 INFO cinder.api.openstack.wsgi [None req-cd09c40f-1570-4216-86e8-3b1c24b571da 542a2c0bf620476daa5865777da41a20 76c6047b5ea04908bd02466dc5003590 - - default default] GET http://[LB_IP_ADDRESS]:8776/v3/76c6047b5ea04908bd02466dc5003590/snapshots/91f574fb-fbc9-4278-b012-7cafa72e0b1b
2026-01-24 16:09:01.408 73 INFO cinder.volume.api [None req-cd09c40f-1570-4216-86e8-3b1c24b571da 542a2c0bf620476daa5865777da41a20 76c6047b5ea04908bd02466dc5003590 - - default default] Snapshot retrieved successfully.
2026-01-24 16:09:01.409 72 INFO cinder.api.openstack.wsgi [None req-5229a645-4beb-4358-887e-3e96c6352e2e cf0805da87d44ee0b4dcdb75dbb9e003 96510d28ba4946c9bdaeff474f52d290 - - default default] GET http://[LB_IP_ADDRESS]:8776/v3/96510d28ba4946c9bdaeff474f52d290/groups/45ba7d3e-6755-4887-82b8-25c6b295aab4
2026-01-24 16:09:01.409 73 INFO cinder.api.openstack.wsgi [None req-cd09c40f-1570-4216-86e8-3b1c24b571da 542a2c0bf620476daa5865777da41a20 76c6047b5ea04908bd02466dc5003590 - - default default] http://[LB_IP_ADDRESS]:8776/v3/76c6047b5ea04908bd02466dc5003590/snapshots/91f574fb-fbc9-4278-b012-7cafa72e0b1b returned with HTTP 200
2026-01-24 16:09:01.424 72 INFO cinder.api.openstack.wsgi [None req-5229a645-4beb-4358-887e-3e96c6352e2e cf0805da87d44ee0b4dcdb75dbb9e003 96510d28ba4946c9bdaeff474f52d290 - - default default] http://[LB_IP_ADDRESS]:8776/v3/96510d28ba4946c9bdaeff474f52d290/groups/45ba7d3e-6755-4887-82b8-25c6b295aab4 returned with HTTP 200
2026-01-24 16:09:02.425 76 INFO cinder.api.openstack.wsgi [None req-7183903a-86db-441d-bc58-60f059c2a81e 542a2c0bf620476daa5865777da41a20 76c6047b5ea04908bd02466dc5003590 - - default default] GET http://[LB_IP_ADDRESS]:8776/v3/76c6047b5ea04908bd02466dc5003590/snapshots/91f574fb-fbc9-4278-b012-7cafa72e0b1b
2026-01-24 16:09:02.433 76 INFO cinder.api.openstack.wsgi [None req-7183903a-86db-441d-bc58-60f059c2a81e 542a2c0bf620476daa5865777da41a20 76c6047b5ea04908bd02466dc5003590 - - default default] http://[LB_IP_ADDRESS]:8776/v3/76c6047b5ea04908bd02466dc5003590/snapshots/91f574fb-fbc9-4278-b012-7cafa72e0b1b returned with HTTP 404
2026-01-24 16:09:02.439 75 INFO cinder.api.openstack.wsgi [None req-3d81f40c-6d39-4362-9cc2-5f0dbcb34f2e cf0805da87d44ee0b4dcdb75dbb9e003 96510d28ba4946c9bdaeff474f52d290 - - default default] GET http://[LB_IP_ADDRESS]:8776/v3/96510d28ba4946c9bdaeff474f52d290/groups/45ba7d3e-6755-4887-82b8-25c6b295aab4
2026-01-24 16:09:02.446 74 INFO cinder.api.openstack.wsgi [None req-bd5c0286-10e4-49f4-869d-2111c74900c3 840e896927b746c88ffbe1bdaa9e10a6 90fa0c7e91014c4282a66291810816dc - - default default] POST http://[LB_IP_ADDRESS]:8776/v3/90fa0c7e91014c4282a66291810816dc/snapshots/7b8d9fa5-7b3f-4627-9b7c-4608b251ab49/action
2026-01-24 16:09:02.460 75 INFO cinder.api.openstack.wsgi [None req-3d81f40c-6d39-4362-9cc2-5f0dbcb34f2e cf0805da87d44ee0b4dcdb75dbb9e003 96510d28ba4946c9bdaeff474f52d290 - - default default] http://[LB_IP_ADDRESS]:8776/v3/96510d28ba4946c9bdaeff474f52d290/groups/45ba7d3e-6755-4887-82b8-25c6b295aab4 returned with HTTP 200
2026-01-24 16:09:02.473 74 INFO cinder.api.openstack.wsgi [None req-bd5c0286-10e4-49f4-869d-2111c74900c3 840e896927b746c88ffbe1bdaa9e10a6 90fa0c7e91014c4282a66291810816dc - - default default] http://[LB_IP_ADDRESS]:8776/v3/90fa0c7e91014c4282a66291810816dc/snapshots/7b8d9fa5-7b3f-4627-9b7c-4608b251ab49/action returned with HTTP 202
2026-01-24 16:09:02.475 73 INFO cinder.api.openstack.wsgi [None req-808d97cf-b411-4ce9-bb2c-456001aa3a27 cf0805da87d44ee0b4dcdb75dbb9e003 96510d28ba4946c9bdaeff474f52d290 - - default default] POST http://[LB_IP_ADDRESS]:8776/v3/96510d28ba4946c9bdaeff474f52d290/volumes
2026-01-24 16:09:02.485 72 INFO cinder.api.openstack.wsgi [None req-4645cb9f-27af-415c-9cd5-621a12f26ab0 542a2c0bf620476daa5865777da41a20 76c6047b5ea04908bd02466dc5003590 - - default default] GET http://[LB_IP_ADDRESS]:8776/v3/76c6047b5ea04908bd02466dc5003590/snapshots/7b8d9fa5-7b3f-4627-9b7c-4608b251ab49
2026-01-24 16:09:02.486 73 INFO cinder.api.v3.volumes [None req-808d97cf-b411-4ce9-bb2c-456001aa3a27 cf0805da87d44ee0b4dcdb75dbb9e003 96510d28ba4946c9bdaeff474f52d290 - - default default] Create volume of 1 GB
2026-01-24 16:09:02.491 73 INFO cinder.volume.api [None req-808d97cf-b411-4ce9-bb2c-456001aa3a27 cf0805da87d44ee0b4dcdb75dbb9e003 96510d28ba4946c9bdaeff474f52d290 - - default default] Availability Zones retrieved successfully.
2026-01-24 16:09:02.494 72 INFO cinder.volume.api [None req-4645cb9f-27af-415c-9cd5-621a12f26ab0 542a2c0bf620476daa5865777da41a20 76c6047b5ea04908bd02466dc5003590 - - default default] Snapshot retrieved successfully.
2026-01-24 16:09:02.495 72 INFO cinder.api.openstack.wsgi [None req-4645cb9f-27af-415c-9cd5-621a12f26ab0 542a2c0bf620476daa5865777da41a20 76c6047b5ea04908bd02466dc5003590 - - default default] http://[LB_IP_ADDRESS]:8776/v3/76c6047b5ea04908bd02466dc5003590/snapshots/7b8d9fa5-7b3f-4627-9b7c-4608b251ab49 returned with HTTP 200
2026-01-24 16:09:02.510 76 INFO cinder.api.openstack.wsgi [None req-286a8cc7-fd23-4a8e-8a33-2e9f402e91b5 542a2c0bf620476daa5865777da41a20 76c6047b5ea04908bd02466dc5003590 - - default default] DELETE http://[LB_IP_ADDRESS]:8776/v3/76c6047b5ea04908bd02466dc5003590/snapshots/91f574fb-fbc9-4278-b012-7cafa72e0b1b
2026-01-24 16:09:02.511 76 INFO cinder.api.v2.snapshots [None req-286a8cc7-fd23-4a8e-8a33-2e9f402e91b5 542a2c0bf620476daa5865777da41a20 76c6047b5ea04908bd02466dc5003590 - - default default] Delete snapshot with id: 91f574fb-fbc9-4278-b012-7cafa72e0b1b
2026-01-24 16:09:02.519 76 INFO cinder.api.openstack.wsgi [None req-286a8cc7-fd23-4a8e-8a33-2e9f402e91b5 542a2c0bf620476daa5865777da41a20 76c6047b5ea04908bd02466dc5003590 - - default default] http://[LB_IP_ADDRESS]:8776/v3/76c6047b5ea04908bd02466dc5003590/snapshots/91f574fb-fbc9-4278-b012-7cafa72e0b1b returned with HTTP 404
2026-01-24 16:09:02.530 75 INFO cinder.api.openstack.wsgi [None req-0135e987-a4a7-463c-8be4-ae846f1d3d97 542a2c0bf620476daa5865777da41a20 76c6047b5ea04908bd02466dc5003590 - - default default] POST http://[LB_IP_ADDRESS]:8776/v3/76c6047b5ea04908bd02466dc5003590/snapshots
2026-01-24 16:09:02.543 75 INFO cinder.volume.api [None req-0135e987-a4a7-463c-8be4-ae846f1d3d97 542a2c0bf620476daa5865777da41a20 76c6047b5ea04908bd02466dc5003590 - - default default] Volume info retrieved successfully.
2026-01-24 16:09:02.543 75 INFO cinder.api.v3.snapshots [None req-0135e987-a4a7-463c-8be4-ae846f1d3d97 542a2c0bf620476daa5865777da41a20 76c6047b5ea04908bd02466dc5003590 - - default default] Create snapshot from volume 3ac31a92-9167-4b8e-a4ae-d6deef224c20
2026-01-24 16:09:02.695 75 INFO cinder.volume.api [None req-0135e987-a4a7-463c-8be4-ae846f1d3d97 542a2c0bf620476daa5865777da41a20 76c6047b5ea04908bd02466dc5003590 - - default default] Snapshot create request issued successfully.
2026-01-24 16:09:02.696 75 INFO cinder.api.openstack.wsgi [None req-0135e987-a4a7-463c-8be4-ae846f1d3d97 542a2c0bf620476daa5865777da41a20 76c6047b5ea04908bd02466dc5003590 - - default default] http://[LB_IP_ADDRESS]:8776/v3/76c6047b5ea04908bd02466dc5003590/snapshots returned with HTTP 202
2026-01-24 16:09:02.707 74 INFO cinder.api.openstack.wsgi [None req-78e06df4-33d7-4ea7-bbd3-9376e4501c82 542a2c0bf620476daa5865777da41a20 76c6047b5ea04908bd02466dc5003590 - - default default] GET http://[LB_IP_ADDRESS]:8776/v3/76c6047b5ea04908bd02466dc5003590/snapshots/7e070785-3664-4144-9816-a402ccb89557
2026-01-24 16:09:02.715 74 INFO cinder.volume.api [None req-78e06df4-33d7-4ea7-bbd3-9376e4501c82 542a2c0bf620476daa5865777da41a20 76c6047b5ea04908bd02466dc5003590 - - default default] Snapshot retrieved successfully.
2026-01-24 16:09:02.716 74 INFO cinder.api.openstack.wsgi [None req-78e06df4-33d7-4ea7-bbd3-9376e4501c82 542a2c0bf620476daa5865777da41a20 76c6047b5ea04908bd02466dc5003590 - - default default] http://[LB_IP_ADDRESS]:8776/v3/76c6047b5ea04908bd02466dc5003590/snapshots/7e070785-3664-4144-9816-a402ccb89557 returned with HTTP 200
