2025-10-22 13:29:58.010 76 INFO cinder.api.openstack.wsgi [None req-bed8ed24-1232-40f1-b4c9-7b2200eeae48 c36aca991ed2436c8b14357c62d649ea 4ab4ffef8f684f4285f1a04eadfd1ebf - - default default] GET http://[LB_IP_ADDRESS]:8776/v3/4ab4ffef8f684f4285f1a04eadfd1ebf/volumes/351b8da4-84ce-4f71-abe8-06889503423c
2025-10-22 13:29:58.017 75 INFO cinder.api.openstack.wsgi [None req-64c3ae60-96e6-466b-9e03-4e6503a26ca7 a2ea0515291f494894fb2a8afdededaa 5736f047eb0841f1b5efd003761702a7 - - default default] http://[LB_IP_ADDRESS]:8776/v3/5736f047eb0841f1b5efd003761702a7/types/b4434489-6e1a-4f51-a8b6-d1310ca0b15b/extra_specs/spec3 returned with HTTP 404
2025-10-22 13:29:58.028 72 INFO cinder.api.openstack.wsgi [None req-f3883479-7f30-465f-ad79-9f9dc5702ce5 a2ea0515291f494894fb2a8afdededaa 5736f047eb0841f1b5efd003761702a7 - - default default] POST http://[LB_IP_ADDRESS]:8776/v3/5736f047eb0841f1b5efd003761702a7/types/b4434489-6e1a-4f51-a8b6-d1310ca0b15b/extra_specs
2025-10-22 13:29:58.029 76 INFO cinder.volume.api [None req-bed8ed24-1232-40f1-b4c9-7b2200eeae48 c36aca991ed2436c8b14357c62d649ea 4ab4ffef8f684f4285f1a04eadfd1ebf - - default default] Volume info retrieved successfully.
2025-10-22 13:29:58.035 76 INFO cinder.api.openstack.wsgi [None req-bed8ed24-1232-40f1-b4c9-7b2200eeae48 c36aca991ed2436c8b14357c62d649ea 4ab4ffef8f684f4285f1a04eadfd1ebf - - default default] http://[LB_IP_ADDRESS]:8776/v3/4ab4ffef8f684f4285f1a04eadfd1ebf/volumes/351b8da4-84ce-4f71-abe8-06889503423c returned with HTTP 200
2025-10-22 13:29:58.058 72 INFO cinder.api.openstack.wsgi [None req-f3883479-7f30-465f-ad79-9f9dc5702ce5 a2ea0515291f494894fb2a8afdededaa 5736f047eb0841f1b5efd003761702a7 - - default default] http://[LB_IP_ADDRESS]:8776/v3/5736f047eb0841f1b5efd003761702a7/types/b4434489-6e1a-4f51-a8b6-d1310ca0b15b/extra_specs returned with HTTP 200
2025-10-22 13:29:58.071 73 INFO cinder.api.openstack.wsgi [None req-30bd1de0-ebc0-454f-8da2-875f418d5bb1 a2ea0515291f494894fb2a8afdededaa 5736f047eb0841f1b5efd003761702a7 - - default default] GET http://[LB_IP_ADDRESS]:8776/v3/5736f047eb0841f1b5efd003761702a7/types/b4434489-6e1a-4f51-a8b6-d1310ca0b15b/extra_specs
2025-10-22 13:29:58.079 73 INFO cinder.api.openstack.wsgi [None req-30bd1de0-ebc0-454f-8da2-875f418d5bb1 a2ea0515291f494894fb2a8afdededaa 5736f047eb0841f1b5efd003761702a7 - - default default] http://[LB_IP_ADDRESS]:8776/v3/5736f047eb0841f1b5efd003761702a7/types/b4434489-6e1a-4f51-a8b6-d1310ca0b15b/extra_specs returned with HTTP 200
2025-10-22 13:29:58.094 74 INFO cinder.api.openstack.wsgi [None req-b1fec501-cc9f-4b7a-a73f-1c38b3d3ebd5 a2ea0515291f494894fb2a8afdededaa 5736f047eb0841f1b5efd003761702a7 - - default default] POST http://[LB_IP_ADDRESS]:8776/v3/5736f047eb0841f1b5efd003761702a7/types/b4434489-6e1a-4f51-a8b6-d1310ca0b15b/extra_specs
2025-10-22 13:29:58.119 74 INFO cinder.api.openstack.wsgi [None req-b1fec501-cc9f-4b7a-a73f-1c38b3d3ebd5 a2ea0515291f494894fb2a8afdededaa 5736f047eb0841f1b5efd003761702a7 - - default default] http://[LB_IP_ADDRESS]:8776/v3/5736f047eb0841f1b5efd003761702a7/types/b4434489-6e1a-4f51-a8b6-d1310ca0b15b/extra_specs returned with HTTP 200
2025-10-22 13:29:58.133 75 INFO cinder.api.openstack.wsgi [None req-59e609d2-d00c-4a8a-b3b3-12324dd23718 a2ea0515291f494894fb2a8afdededaa 5736f047eb0841f1b5efd003761702a7 - - default default] PUT http://[LB_IP_ADDRESS]:8776/v3/5736f047eb0841f1b5efd003761702a7/types/b4434489-6e1a-4f51-a8b6-d1310ca0b15b/extra_specs/spec2
2025-10-22 13:29:58.155 75 INFO cinder.api.openstack.wsgi [None req-59e609d2-d00c-4a8a-b3b3-12324dd23718 a2ea0515291f494894fb2a8afdededaa 5736f047eb0841f1b5efd003761702a7 - - default default] http://[LB_IP_ADDRESS]:8776/v3/5736f047eb0841f1b5efd003761702a7/types/b4434489-6e1a-4f51-a8b6-d1310ca0b15b/extra_specs/spec2 returned with HTTP 200
2025-10-22 13:29:58.169 76 INFO cinder.api.openstack.wsgi [None req-e7e33232-44d2-49dd-af7c-07ee9a6119fd a2ea0515291f494894fb2a8afdededaa 5736f047eb0841f1b5efd003761702a7 - - default default] GET http://[LB_IP_ADDRESS]:8776/v3/5736f047eb0841f1b5efd003761702a7/types/b4434489-6e1a-4f51-a8b6-d1310ca0b15b/extra_specs/spec2
2025-10-22 13:29:58.180 76 INFO cinder.api.openstack.wsgi [None req-e7e33232-44d2-49dd-af7c-07ee9a6119fd a2ea0515291f494894fb2a8afdededaa 5736f047eb0841f1b5efd003761702a7 - - default default] http://[LB_IP_ADDRESS]:8776/v3/5736f047eb0841f1b5efd003761702a7/types/b4434489-6e1a-4f51-a8b6-d1310ca0b15b/extra_specs/spec2 returned with HTTP 200
2025-10-22 13:29:58.192 72 INFO cinder.api.openstack.wsgi [None req-b5ec845e-aa02-4643-9bb0-7449aed2033b a2ea0515291f494894fb2a8afdededaa 5736f047eb0841f1b5efd003761702a7 - - default default] POST http://[LB_IP_ADDRESS]:8776/v3/5736f047eb0841f1b5efd003761702a7/types/b4434489-6e1a-4f51-a8b6-d1310ca0b15b/extra_specs
2025-10-22 13:29:58.218 72 INFO cinder.api.openstack.wsgi [None req-b5ec845e-aa02-4643-9bb0-7449aed2033b a2ea0515291f494894fb2a8afdededaa 5736f047eb0841f1b5efd003761702a7 - - default default] http://[LB_IP_ADDRESS]:8776/v3/5736f047eb0841f1b5efd003761702a7/types/b4434489-6e1a-4f51-a8b6-d1310ca0b15b/extra_specs returned with HTTP 200
2025-10-22 13:29:58.233 73 INFO cinder.api.openstack.wsgi [None req-c7e9b207-9b47-4735-86f7-ba08a6c4796d a2ea0515291f494894fb2a8afdededaa 5736f047eb0841f1b5efd003761702a7 - - default default] GET http://[LB_IP_ADDRESS]:8776/v3/5736f047eb0841f1b5efd003761702a7/types/b4434489-6e1a-4f51-a8b6-d1310ca0b15b/extra_specs
2025-10-22 13:29:58.242 73 INFO cinder.api.openstack.wsgi [None req-c7e9b207-9b47-4735-86f7-ba08a6c4796d a2ea0515291f494894fb2a8afdededaa 5736f047eb0841f1b5efd003761702a7 - - default default] http://[LB_IP_ADDRESS]:8776/v3/5736f047eb0841f1b5efd003761702a7/types/b4434489-6e1a-4f51-a8b6-d1310ca0b15b/extra_specs returned with HTTP 200
2025-10-22 13:29:58.255 74 INFO cinder.api.openstack.wsgi [None req-414ba353-f360-4b46-af44-6ba6cdc679dc a2ea0515291f494894fb2a8afdededaa 5736f047eb0841f1b5efd003761702a7 - - default default] DELETE http://[LB_IP_ADDRESS]:8776/v3/5736f047eb0841f1b5efd003761702a7/types/b4434489-6e1a-4f51-a8b6-d1310ca0b15b
2025-10-22 13:29:58.290 74 INFO cinder.api.openstack.wsgi [None req-414ba353-f360-4b46-af44-6ba6cdc679dc a2ea0515291f494894fb2a8afdededaa 5736f047eb0841f1b5efd003761702a7 - - default default] http://[LB_IP_ADDRESS]:8776/v3/5736f047eb0841f1b5efd003761702a7/types/b4434489-6e1a-4f51-a8b6-d1310ca0b15b returned with HTTP 202
2025-10-22 13:29:58.297 75 INFO cinder.api.openstack.wsgi [None req-ac552805-2c34-4136-b2d5-68bd865d3c37 a2ea0515291f494894fb2a8afdededaa 5736f047eb0841f1b5efd003761702a7 - - default default] GET http://[LB_IP_ADDRESS]:8776/v3/5736f047eb0841f1b5efd003761702a7/types/b4434489-6e1a-4f51-a8b6-d1310ca0b15b
2025-10-22 13:29:58.300 75 INFO cinder.api.openstack.wsgi [None req-ac552805-2c34-4136-b2d5-68bd865d3c37 a2ea0515291f494894fb2a8afdededaa 5736f047eb0841f1b5efd003761702a7 - - default default] http://[LB_IP_ADDRESS]:8776/v3/5736f047eb0841f1b5efd003761702a7/types/b4434489-6e1a-4f51-a8b6-d1310ca0b15b returned with HTTP 404
2025-10-22 13:29:58.376 76 INFO cinder.api.openstack.wsgi [None req-af6e2181-d2be-42a5-b76d-16cbc46cba12 a4c1ca76253b4b47b5430e6f0d8f10f4 ef1e5e72e8e34be2a84ee16ed2fcb1d9 - - default default] GET http://[LB_IP_ADDRESS]:8776/v3/ef1e5e72e8e34be2a84ee16ed2fcb1d9/volumes/93f79fcb-c2d5-4209-ac13-e336d60281e0
2025-10-22 13:29:58.393 76 INFO cinder.volume.api [None req-af6e2181-d2be-42a5-b76d-16cbc46cba12 a4c1ca76253b4b47b5430e6f0d8f10f4 ef1e5e72e8e34be2a84ee16ed2fcb1d9 - - default default] Volume info retrieved successfully.
2025-10-22 13:29:58.410 76 INFO cinder.api.openstack.wsgi [None req-af6e2181-d2be-42a5-b76d-16cbc46cba12 a4c1ca76253b4b47b5430e6f0d8f10f4 ef1e5e72e8e34be2a84ee16ed2fcb1d9 - - default default] http://[LB_IP_ADDRESS]:8776/v3/ef1e5e72e8e34be2a84ee16ed2fcb1d9/volumes/93f79fcb-c2d5-4209-ac13-e336d60281e0 returned with HTTP 200
2025-10-22 13:29:58.427 72 INFO cinder.api.openstack.wsgi [None req-db5f8af8-422e-41d0-bad4-c1d8f3ae1573 a4c1ca76253b4b47b5430e6f0d8f10f4 ef1e5e72e8e34be2a84ee16ed2fcb1d9 - - default default] POST http://[LB_IP_ADDRESS]:8776/v3/ef1e5e72e8e34be2a84ee16ed2fcb1d9/group_snapshots
2025-10-22 13:29:58.438 72 INFO cinder.api.v3.group_snapshots [None req-db5f8af8-422e-41d0-bad4-c1d8f3ae1573 a4c1ca76253b4b47b5430e6f0d8f10f4 ef1e5e72e8e34be2a84ee16ed2fcb1d9 - - default default] Creating group_snapshot tempest-GroupSnapshotsV319Test-Group_Snapshot-1861114664.
2025-10-22 13:29:58.515 72 WARNING cinder.quota [None req-db5f8af8-422e-41d0-bad4-c1d8f3ae1573 a4c1ca76253b4b47b5430e6f0d8f10f4 ef1e5e72e8e34be2a84ee16ed2fcb1d9 - - default default] Deprecated: Default quota for resource: snapshots_tempest-GroupSnapshotsV319Test-volume-type-1803801230 is set by the default quota flag: quota_snapshots_tempest-GroupSnapshotsV319Test-volume-type-1803801230, it is now deprecated. Please use the default quota class for default quota.
2025-10-22 13:29:58.577 72 INFO cinder.api.openstack.wsgi [None req-db5f8af8-422e-41d0-bad4-c1d8f3ae1573 a4c1ca76253b4b47b5430e6f0d8f10f4 ef1e5e72e8e34be2a84ee16ed2fcb1d9 - - default default] http://[LB_IP_ADDRESS]:8776/v3/ef1e5e72e8e34be2a84ee16ed2fcb1d9/group_snapshots returned with HTTP 202
2025-10-22 13:29:58.589 73 INFO cinder.api.openstack.wsgi [None req-818741bc-c820-4410-ba06-6af1c17708c4 a4c1ca76253b4b47b5430e6f0d8f10f4 ef1e5e72e8e34be2a84ee16ed2fcb1d9 - - default default] GET http://[LB_IP_ADDRESS]:8776/v3/ef1e5e72e8e34be2a84ee16ed2fcb1d9/group_snapshots/d8cbb02f-2e3c-4d8a-8ec3-5cf16aed7d62
2025-10-22 13:29:58.602 73 INFO cinder.api.openstack.wsgi [None req-818741bc-c820-4410-ba06-6af1c17708c4 a4c1ca76253b4b47b5430e6f0d8f10f4 ef1e5e72e8e34be2a84ee16ed2fcb1d9 - - default default] http://[LB_IP_ADDRESS]:8776/v3/ef1e5e72e8e34be2a84ee16ed2fcb1d9/group_snapshots/d8cbb02f-2e3c-4d8a-8ec3-5cf16aed7d62 returned with HTTP 200
2025-10-22 13:29:59.052 74 INFO cinder.api.openstack.wsgi [None req-9d0cafcf-e79f-453c-8398-78c1b893ee42 c36aca991ed2436c8b14357c62d649ea 4ab4ffef8f684f4285f1a04eadfd1ebf - - default default] GET http://[LB_IP_ADDRESS]:8776/v3/4ab4ffef8f684f4285f1a04eadfd1ebf/volumes/351b8da4-84ce-4f71-abe8-06889503423c
2025-10-22 13:29:59.071 74 INFO cinder.volume.api [None req-9d0cafcf-e79f-453c-8398-78c1b893ee42 c36aca991ed2436c8b14357c62d649ea 4ab4ffef8f684f4285f1a04eadfd1ebf - - default default] Volume info retrieved successfully.
2025-10-22 13:29:59.075 74 INFO cinder.api.openstack.wsgi [None req-9d0cafcf-e79f-453c-8398-78c1b893ee42 c36aca991ed2436c8b14357c62d649ea 4ab4ffef8f684f4285f1a04eadfd1ebf - - default default] http://[LB_IP_ADDRESS]:8776/v3/4ab4ffef8f684f4285f1a04eadfd1ebf/volumes/351b8da4-84ce-4f71-abe8-06889503423c returned with HTTP 200
2025-10-22 13:29:59.091 75 INFO cinder.api.openstack.wsgi [None req-4609a30d-ec4a-4e3d-af10-05ab640ad1bd c36aca991ed2436c8b14357c62d649ea 4ab4ffef8f684f4285f1a04eadfd1ebf - - default default] GET http://[LB_IP_ADDRESS]:8776/v3/4ab4ffef8f684f4285f1a04eadfd1ebf/messages
2025-10-22 13:29:59.099 75 INFO cinder.api.openstack.wsgi [None req-4609a30d-ec4a-4e3d-af10-05ab640ad1bd c36aca991ed2436c8b14357c62d649ea 4ab4ffef8f684f4285f1a04eadfd1ebf - - default default] http://[LB_IP_ADDRESS]:8776/v3/4ab4ffef8f684f4285f1a04eadfd1ebf/messages returned with HTTP 200
2025-10-22 13:29:59.112 76 INFO cinder.api.openstack.wsgi [None req-06df57d8-e18e-42b2-ac62-0765be514891 c36aca991ed2436c8b14357c62d649ea 4ab4ffef8f684f4285f1a04eadfd1ebf - - default default] GET http://[LB_IP_ADDRESS]:8776/v3/4ab4ffef8f684f4285f1a04eadfd1ebf/messages/eccf9b58-0e5e-4a0d-af74-1d116c3a39d9
2025-10-22 13:29:59.120 76 INFO cinder.api.openstack.wsgi [None req-06df57d8-e18e-42b2-ac62-0765be514891 c36aca991ed2436c8b14357c62d649ea 4ab4ffef8f684f4285f1a04eadfd1ebf - - default default] http://[LB_IP_ADDRESS]:8776/v3/4ab4ffef8f684f4285f1a04eadfd1ebf/messages/eccf9b58-0e5e-4a0d-af74-1d116c3a39d9 returned with HTTP 200
2025-10-22 13:29:59.134 72 INFO cinder.api.openstack.wsgi [None req-ab0ad5f3-39a9-45a6-babb-01b9e7e2b017 c36aca991ed2436c8b14357c62d649ea 4ab4ffef8f684f4285f1a04eadfd1ebf - - default default] GET http://[LB_IP_ADDRESS]:8776/v3/4ab4ffef8f684f4285f1a04eadfd1ebf/messages
2025-10-22 13:29:59.142 72 INFO cinder.api.openstack.wsgi [None req-ab0ad5f3-39a9-45a6-babb-01b9e7e2b017 c36aca991ed2436c8b14357c62d649ea 4ab4ffef8f684f4285f1a04eadfd1ebf - - default default] http://[LB_IP_ADDRESS]:8776/v3/4ab4ffef8f684f4285f1a04eadfd1ebf/messages returned with HTTP 200
2025-10-22 13:29:59.156 73 INFO cinder.api.openstack.wsgi [None req-86550eab-b54d-4226-8eb7-4fffa34daf5f c36aca991ed2436c8b14357c62d649ea 4ab4ffef8f684f4285f1a04eadfd1ebf - - default default] DELETE http://[LB_IP_ADDRESS]:8776/v3/4ab4ffef8f684f4285f1a04eadfd1ebf/messages/eccf9b58-0e5e-4a0d-af74-1d116c3a39d9
2025-10-22 13:29:59.172 73 INFO cinder.api.openstack.wsgi [None req-86550eab-b54d-4226-8eb7-4fffa34daf5f c36aca991ed2436c8b14357c62d649ea 4ab4ffef8f684f4285f1a04eadfd1ebf - - default default] http://[LB_IP_ADDRESS]:8776/v3/4ab4ffef8f684f4285f1a04eadfd1ebf/messages/eccf9b58-0e5e-4a0d-af74-1d116c3a39d9 returned with HTTP 204
2025-10-22 13:29:59.183 74 INFO cinder.api.openstack.wsgi [None req-d4069c23-3100-430a-a5a9-8e7b476ba8b7 c36aca991ed2436c8b14357c62d649ea 4ab4ffef8f684f4285f1a04eadfd1ebf - - default default] GET http://[LB_IP_ADDRESS]:8776/v3/4ab4ffef8f684f4285f1a04eadfd1ebf/volumes/351b8da4-84ce-4f71-abe8-06889503423c
2025-10-22 13:29:59.202 74 INFO cinder.volume.api [None req-d4069c23-3100-430a-a5a9-8e7b476ba8b7 c36aca991ed2436c8b14357c62d649ea 4ab4ffef8f684f4285f1a04eadfd1ebf - - default default] Volume info retrieved successfully.
2025-10-22 13:29:59.206 74 INFO cinder.api.openstack.wsgi [None req-d4069c23-3100-430a-a5a9-8e7b476ba8b7 c36aca991ed2436c8b14357c62d649ea 4ab4ffef8f684f4285f1a04eadfd1ebf - - default default] http://[LB_IP_ADDRESS]:8776/v3/4ab4ffef8f684f4285f1a04eadfd1ebf/volumes/351b8da4-84ce-4f71-abe8-06889503423c returned with HTTP 200
2025-10-22 13:29:59.222 75 INFO cinder.api.openstack.wsgi [None req-25f7d47e-594c-45d2-a3ce-fc66f49de816 c36aca991ed2436c8b14357c62d649ea 4ab4ffef8f684f4285f1a04eadfd1ebf - - default default] DELETE http://[LB_IP_ADDRESS]:8776/v3/4ab4ffef8f684f4285f1a04eadfd1ebf/volumes/351b8da4-84ce-4f71-abe8-06889503423c
2025-10-22 13:29:59.222 75 INFO cinder.api.v3.volumes [None req-25f7d47e-594c-45d2-a3ce-fc66f49de816 c36aca991ed2436c8b14357c62d649ea 4ab4ffef8f684f4285f1a04eadfd1ebf - - default default] Delete volume with id: 351b8da4-84ce-4f71-abe8-06889503423c 
2025-10-22 13:29:59.236 75 INFO cinder.volume.api [None req-25f7d47e-594c-45d2-a3ce-fc66f49de816 c36aca991ed2436c8b14357c62d649ea 4ab4ffef8f684f4285f1a04eadfd1ebf - - default default] Volume info retrieved successfully.
2025-10-22 13:29:59.270 75 WARNING cinder.quota [None req-25f7d47e-594c-45d2-a3ce-fc66f49de816 c36aca991ed2436c8b14357c62d649ea 4ab4ffef8f684f4285f1a04eadfd1ebf - - default default] Deprecated: Default quota for resource: volumes_tempest-UserMessagesTest-volume-type-201329393 is set by the default quota flag: quota_volumes_tempest-UserMessagesTest-volume-type-201329393, it is now deprecated. Please use the default quota class for default quota.
2025-10-22 13:29:59.271 75 WARNING cinder.quota [None req-25f7d47e-594c-45d2-a3ce-fc66f49de816 c36aca991ed2436c8b14357c62d649ea 4ab4ffef8f684f4285f1a04eadfd1ebf - - default default] Deprecated: Default quota for resource: gigabytes_tempest-UserMessagesTest-volume-type-201329393 is set by the default quota flag: quota_gigabytes_tempest-UserMessagesTest-volume-type-201329393, it is now deprecated. Please use the default quota class for default quota.
2025-10-22 13:29:59.299 75 INFO cinder.volume.api [None req-25f7d47e-594c-45d2-a3ce-fc66f49de816 c36aca991ed2436c8b14357c62d649ea 4ab4ffef8f684f4285f1a04eadfd1ebf - - default default] Delete volume request issued successfully.
2025-10-22 13:29:59.300 75 INFO cinder.api.openstack.wsgi [None req-25f7d47e-594c-45d2-a3ce-fc66f49de816 c36aca991ed2436c8b14357c62d649ea 4ab4ffef8f684f4285f1a04eadfd1ebf - - default default] http://[LB_IP_ADDRESS]:8776/v3/4ab4ffef8f684f4285f1a04eadfd1ebf/volumes/351b8da4-84ce-4f71-abe8-06889503423c returned with HTTP 202
2025-10-22 13:29:59.311 76 INFO cinder.api.openstack.wsgi [None req-96947ac7-32a7-4d9c-a645-14c4e07db124 c36aca991ed2436c8b14357c62d649ea 4ab4ffef8f684f4285f1a04eadfd1ebf - - default default] GET http://[LB_IP_ADDRESS]:8776/v3/4ab4ffef8f684f4285f1a04eadfd1ebf/volumes/351b8da4-84ce-4f71-abe8-06889503423c
2025-10-22 13:29:59.321 76 INFO cinder.api.openstack.wsgi [None req-96947ac7-32a7-4d9c-a645-14c4e07db124 c36aca991ed2436c8b14357c62d649ea 4ab4ffef8f684f4285f1a04eadfd1ebf - - default default] http://[LB_IP_ADDRESS]:8776/v3/4ab4ffef8f684f4285f1a04eadfd1ebf/volumes/351b8da4-84ce-4f71-abe8-06889503423c returned with HTTP 404
2025-10-22 13:29:59.332 72 INFO cinder.api.openstack.wsgi [None req-3a953779-cc91-4144-acf9-c4efe07e7fd3 0aba0ef564ee4fc5b64ff5f52447c3ca fe671616d0ec42129c86d43a34dec3e3 - - default default] DELETE http://[LB_IP_ADDRESS]:8776/v3/fe671616d0ec42129c86d43a34dec3e3/types/88a707fd-a6ad-4a77-bc53-61b708e6070b
2025-10-22 13:29:59.369 72 INFO cinder.api.openstack.wsgi [None req-3a953779-cc91-4144-acf9-c4efe07e7fd3 0aba0ef564ee4fc5b64ff5f52447c3ca fe671616d0ec42129c86d43a34dec3e3 - - default default] http://[LB_IP_ADDRESS]:8776/v3/fe671616d0ec42129c86d43a34dec3e3/types/88a707fd-a6ad-4a77-bc53-61b708e6070b returned with HTTP 202
2025-10-22 13:29:59.381 73 INFO cinder.api.openstack.wsgi [None req-e1f6a89f-e0c0-451c-bb3a-b4d341e2aab0 0aba0ef564ee4fc5b64ff5f52447c3ca fe671616d0ec42129c86d43a34dec3e3 - - default default] GET http://[LB_IP_ADDRESS]:8776/v3/fe671616d0ec42129c86d43a34dec3e3/types/88a707fd-a6ad-4a77-bc53-61b708e6070b
2025-10-22 13:29:59.386 73 INFO cinder.api.openstack.wsgi [None req-e1f6a89f-e0c0-451c-bb3a-b4d341e2aab0 0aba0ef564ee4fc5b64ff5f52447c3ca fe671616d0ec42129c86d43a34dec3e3 - - default default] http://[LB_IP_ADDRESS]:8776/v3/fe671616d0ec42129c86d43a34dec3e3/types/88a707fd-a6ad-4a77-bc53-61b708e6070b returned with HTTP 404
2025-10-22 13:29:59.617 74 INFO cinder.api.openstack.wsgi [None req-fe9d9a12-ad79-428a-8afd-6a6f7900a143 a4c1ca76253b4b47b5430e6f0d8f10f4 ef1e5e72e8e34be2a84ee16ed2fcb1d9 - - default default] GET http://[LB_IP_ADDRESS]:8776/v3/ef1e5e72e8e34be2a84ee16ed2fcb1d9/group_snapshots/d8cbb02f-2e3c-4d8a-8ec3-5cf16aed7d62
2025-10-22 13:29:59.630 74 INFO cinder.api.openstack.wsgi [None req-fe9d9a12-ad79-428a-8afd-6a6f7900a143 a4c1ca76253b4b47b5430e6f0d8f10f4 ef1e5e72e8e34be2a84ee16ed2fcb1d9 - - default default] http://[LB_IP_ADDRESS]:8776/v3/ef1e5e72e8e34be2a84ee16ed2fcb1d9/group_snapshots/d8cbb02f-2e3c-4d8a-8ec3-5cf16aed7d62 returned with HTTP 200
2025-10-22 13:30:00.646 75 INFO cinder.api.openstack.wsgi [None req-29199a13-2915-4645-b33e-71896d90c4a2 a4c1ca76253b4b47b5430e6f0d8f10f4 ef1e5e72e8e34be2a84ee16ed2fcb1d9 - - default default] GET http://[LB_IP_ADDRESS]:8776/v3/ef1e5e72e8e34be2a84ee16ed2fcb1d9/group_snapshots/d8cbb02f-2e3c-4d8a-8ec3-5cf16aed7d62
2025-10-22 13:30:00.658 75 INFO cinder.api.openstack.wsgi [None req-29199a13-2915-4645-b33e-71896d90c4a2 a4c1ca76253b4b47b5430e6f0d8f10f4 ef1e5e72e8e34be2a84ee16ed2fcb1d9 - - default default] http://[LB_IP_ADDRESS]:8776/v3/ef1e5e72e8e34be2a84ee16ed2fcb1d9/group_snapshots/d8cbb02f-2e3c-4d8a-8ec3-5cf16aed7d62 returned with HTTP 200
2025-10-22 13:30:00.673 76 INFO cinder.api.openstack.wsgi [None req-c5ee9f62-15aa-4171-9c7b-c8e3420db0b5 a4c1ca76253b4b47b5430e6f0d8f10f4 ef1e5e72e8e34be2a84ee16ed2fcb1d9 - - default default] GET http://[LB_IP_ADDRESS]:8776/v3/ef1e5e72e8e34be2a84ee16ed2fcb1d9/snapshots/detail
2025-10-22 13:30:00.682 76 INFO cinder.volume.api [None req-c5ee9f62-15aa-4171-9c7b-c8e3420db0b5 a4c1ca76253b4b47b5430e6f0d8f10f4 ef1e5e72e8e34be2a84ee16ed2fcb1d9 - - default default] Get all snapshots completed successfully.
2025-10-22 13:30:00.684 76 INFO cinder.api.openstack.wsgi [None req-c5ee9f62-15aa-4171-9c7b-c8e3420db0b5 a4c1ca76253b4b47b5430e6f0d8f10f4 ef1e5e72e8e34be2a84ee16ed2fcb1d9 - - default default] http://[LB_IP_ADDRESS]:8776/v3/ef1e5e72e8e34be2a84ee16ed2fcb1d9/snapshots/detail returned with HTTP 200
2025-10-22 13:30:00.700 72 INFO cinder.api.openstack.wsgi [None req-7b87a4c3-34c9-40b1-bd43-2ea1c0d8c81c a4c1ca76253b4b47b5430e6f0d8f10f4 ef1e5e72e8e34be2a84ee16ed2fcb1d9 - - default default] GET http://[LB_IP_ADDRESS]:8776/v3/ef1e5e72e8e34be2a84ee16ed2fcb1d9/snapshots/7124b347-ae41-48da-be17-9c44c62a11b2
2025-10-22 13:30:00.709 72 INFO cinder.volume.api [None req-7b87a4c3-34c9-40b1-bd43-2ea1c0d8c81c a4c1ca76253b4b47b5430e6f0d8f10f4 ef1e5e72e8e34be2a84ee16ed2fcb1d9 - - default default] Snapshot retrieved successfully.
2025-10-22 13:30:00.710 72 INFO cinder.api.openstack.wsgi [None req-7b87a4c3-34c9-40b1-bd43-2ea1c0d8c81c a4c1ca76253b4b47b5430e6f0d8f10f4 ef1e5e72e8e34be2a84ee16ed2fcb1d9 - - default default] http://[LB_IP_ADDRESS]:8776/v3/ef1e5e72e8e34be2a84ee16ed2fcb1d9/snapshots/7124b347-ae41-48da-be17-9c44c62a11b2 returned with HTTP 200
2025-10-22 13:30:00.726 73 INFO cinder.api.openstack.wsgi [None req-ad573691-8e36-4469-83e7-1ea71dd4dc5c fcbce417f6fd4d46bd7a5e370e0d0d98 9f74a5421d9f4a29ac0073acf0a933ad - - default default] POST http://[LB_IP_ADDRESS]:8776/v3/9f74a5421d9f4a29ac0073acf0a933ad/group_snapshots/d8cbb02f-2e3c-4d8a-8ec3-5cf16aed7d62/action
2025-10-22 13:30:00.743 73 INFO cinder.api.openstack.wsgi [None req-ad573691-8e36-4469-83e7-1ea71dd4dc5c fcbce417f6fd4d46bd7a5e370e0d0d98 9f74a5421d9f4a29ac0073acf0a933ad - - default default] http://[LB_IP_ADDRESS]:8776/v3/9f74a5421d9f4a29ac0073acf0a933ad/group_snapshots/d8cbb02f-2e3c-4d8a-8ec3-5cf16aed7d62/action returned with HTTP 202
2025-10-22 13:30:00.756 74 INFO cinder.api.openstack.wsgi [None req-d33b00f5-8367-46d5-8663-43356cbcaca4 a4c1ca76253b4b47b5430e6f0d8f10f4 ef1e5e72e8e34be2a84ee16ed2fcb1d9 - - default default] GET http://[LB_IP_ADDRESS]:8776/v3/ef1e5e72e8e34be2a84ee16ed2fcb1d9/group_snapshots/d8cbb02f-2e3c-4d8a-8ec3-5cf16aed7d62
2025-10-22 13:30:00.768 74 INFO cinder.api.openstack.wsgi [None req-d33b00f5-8367-46d5-8663-43356cbcaca4 a4c1ca76253b4b47b5430e6f0d8f10f4 ef1e5e72e8e34be2a84ee16ed2fcb1d9 - - default default] http://[LB_IP_ADDRESS]:8776/v3/ef1e5e72e8e34be2a84ee16ed2fcb1d9/group_snapshots/d8cbb02f-2e3c-4d8a-8ec3-5cf16aed7d62 returned with HTTP 200
2025-10-22 13:30:00.779 75 INFO cinder.api.openstack.wsgi [None req-6c347aa4-9549-44dc-ad0e-9657cbcc1e7e fcbce417f6fd4d46bd7a5e370e0d0d98 9f74a5421d9f4a29ac0073acf0a933ad - - default default] POST http://[LB_IP_ADDRESS]:8776/v3/9f74a5421d9f4a29ac0073acf0a933ad/group_snapshots/d8cbb02f-2e3c-4d8a-8ec3-5cf16aed7d62/action
2025-10-22 13:30:00.790 75 INFO cinder.api.openstack.wsgi [None req-6c347aa4-9549-44dc-ad0e-9657cbcc1e7e fcbce417f6fd4d46bd7a5e370e0d0d98 9f74a5421d9f4a29ac0073acf0a933ad - - default default] http://[LB_IP_ADDRESS]:8776/v3/9f74a5421d9f4a29ac0073acf0a933ad/group_snapshots/d8cbb02f-2e3c-4d8a-8ec3-5cf16aed7d62/action returned with HTTP 202
2025-10-22 13:30:00.802 76 INFO cinder.api.openstack.wsgi [None req-7c5fc86f-971b-4f5d-937c-b7ad21da66ea a4c1ca76253b4b47b5430e6f0d8f10f4 ef1e5e72e8e34be2a84ee16ed2fcb1d9 - - default default] GET http://[LB_IP_ADDRESS]:8776/v3/ef1e5e72e8e34be2a84ee16ed2fcb1d9/group_snapshots/d8cbb02f-2e3c-4d8a-8ec3-5cf16aed7d62
2025-10-22 13:30:00.813 76 INFO cinder.api.openstack.wsgi [None req-7c5fc86f-971b-4f5d-937c-b7ad21da66ea a4c1ca76253b4b47b5430e6f0d8f10f4 ef1e5e72e8e34be2a84ee16ed2fcb1d9 - - default default] http://[LB_IP_ADDRESS]:8776/v3/ef1e5e72e8e34be2a84ee16ed2fcb1d9/group_snapshots/d8cbb02f-2e3c-4d8a-8ec3-5cf16aed7d62 returned with HTTP 200
2025-10-22 13:30:00.828 72 INFO cinder.api.openstack.wsgi [None req-bb9a39bc-54a5-4d9f-8abe-412fcf432976 fcbce417f6fd4d46bd7a5e370e0d0d98 9f74a5421d9f4a29ac0073acf0a933ad - - default default] POST http://[LB_IP_ADDRESS]:8776/v3/9f74a5421d9f4a29ac0073acf0a933ad/group_snapshots/d8cbb02f-2e3c-4d8a-8ec3-5cf16aed7d62/action
2025-10-22 13:30:00.842 72 INFO cinder.api.openstack.wsgi [None req-bb9a39bc-54a5-4d9f-8abe-412fcf432976 fcbce417f6fd4d46bd7a5e370e0d0d98 9f74a5421d9f4a29ac0073acf0a933ad - - default default] http://[LB_IP_ADDRESS]:8776/v3/9f74a5421d9f4a29ac0073acf0a933ad/group_snapshots/d8cbb02f-2e3c-4d8a-8ec3-5cf16aed7d62/action returned with HTTP 202
2025-10-22 13:30:00.854 73 INFO cinder.api.openstack.wsgi [None req-bf874fc3-2bad-406c-867e-55c19864bed3 a4c1ca76253b4b47b5430e6f0d8f10f4 ef1e5e72e8e34be2a84ee16ed2fcb1d9 - - default default] GET http://[LB_IP_ADDRESS]:8776/v3/ef1e5e72e8e34be2a84ee16ed2fcb1d9/group_snapshots/d8cbb02f-2e3c-4d8a-8ec3-5cf16aed7d62
2025-10-22 13:30:00.867 73 INFO cinder.api.openstack.wsgi [None req-bf874fc3-2bad-406c-867e-55c19864bed3 a4c1ca76253b4b47b5430e6f0d8f10f4 ef1e5e72e8e34be2a84ee16ed2fcb1d9 - - default default] http://[LB_IP_ADDRESS]:8776/v3/ef1e5e72e8e34be2a84ee16ed2fcb1d9/group_snapshots/d8cbb02f-2e3c-4d8a-8ec3-5cf16aed7d62 returned with HTTP 200
2025-10-22 13:30:00.882 74 INFO cinder.api.openstack.wsgi [None req-2844205f-4e63-4d51-aa97-8433b9aba6d5 fcbce417f6fd4d46bd7a5e370e0d0d98 9f74a5421d9f4a29ac0073acf0a933ad - - default default] POST http://[LB_IP_ADDRESS]:8776/v3/9f74a5421d9f4a29ac0073acf0a933ad/group_snapshots/d8cbb02f-2e3c-4d8a-8ec3-5cf16aed7d62/action
2025-10-22 13:30:00.896 74 INFO cinder.api.openstack.wsgi [None req-2844205f-4e63-4d51-aa97-8433b9aba6d5 fcbce417f6fd4d46bd7a5e370e0d0d98 9f74a5421d9f4a29ac0073acf0a933ad - - default default] http://[LB_IP_ADDRESS]:8776/v3/9f74a5421d9f4a29ac0073acf0a933ad/group_snapshots/d8cbb02f-2e3c-4d8a-8ec3-5cf16aed7d62/action returned with HTTP 202
2025-10-22 13:30:00.904 75 INFO cinder.api.openstack.wsgi [None req-7432964e-06c0-41b1-b22b-a70f8cc8125e a4c1ca76253b4b47b5430e6f0d8f10f4 ef1e5e72e8e34be2a84ee16ed2fcb1d9 - - default default] GET http://[LB_IP_ADDRESS]:8776/v3/ef1e5e72e8e34be2a84ee16ed2fcb1d9/group_snapshots/d8cbb02f-2e3c-4d8a-8ec3-5cf16aed7d62
2025-10-22 13:30:00.911 75 INFO cinder.api.openstack.wsgi [None req-7432964e-06c0-41b1-b22b-a70f8cc8125e a4c1ca76253b4b47b5430e6f0d8f10f4 ef1e5e72e8e34be2a84ee16ed2fcb1d9 - - default default] http://[LB_IP_ADDRESS]:8776/v3/ef1e5e72e8e34be2a84ee16ed2fcb1d9/group_snapshots/d8cbb02f-2e3c-4d8a-8ec3-5cf16aed7d62 returned with HTTP 200
2025-10-22 13:30:00.926 76 INFO cinder.api.openstack.wsgi [None req-a2b2a71d-7731-4c89-b15b-64a3481b047f a4c1ca76253b4b47b5430e6f0d8f10f4 ef1e5e72e8e34be2a84ee16ed2fcb1d9 - - default default] DELETE http://[LB_IP_ADDRESS]:8776/v3/ef1e5e72e8e34be2a84ee16ed2fcb1d9/group_snapshots/d8cbb02f-2e3c-4d8a-8ec3-5cf16aed7d62
2025-10-22 13:30:00.927 76 INFO cinder.api.v3.group_snapshots [None req-a2b2a71d-7731-4c89-b15b-64a3481b047f a4c1ca76253b4b47b5430e6f0d8f10f4 ef1e5e72e8e34be2a84ee16ed2fcb1d9 - - default default] Delete group_snapshot with id: d8cbb02f-2e3c-4d8a-8ec3-5cf16aed7d62
2025-10-22 13:30:00.958 76 INFO cinder.api.openstack.wsgi [None req-a2b2a71d-7731-4c89-b15b-64a3481b047f a4c1ca76253b4b47b5430e6f0d8f10f4 ef1e5e72e8e34be2a84ee16ed2fcb1d9 - - default default] http://[LB_IP_ADDRESS]:8776/v3/ef1e5e72e8e34be2a84ee16ed2fcb1d9/group_snapshots/d8cbb02f-2e3c-4d8a-8ec3-5cf16aed7d62 returned with HTTP 202
2025-10-22 13:30:00.970 72 INFO cinder.api.openstack.wsgi [None req-971e12e7-beca-4cef-ad5d-f8cf3d4e837e a4c1ca76253b4b47b5430e6f0d8f10f4 ef1e5e72e8e34be2a84ee16ed2fcb1d9 - - default default] GET http://[LB_IP_ADDRESS]:8776/v3/ef1e5e72e8e34be2a84ee16ed2fcb1d9/volumes/detail
2025-10-22 13:30:00.989 72 INFO cinder.volume.api [None req-971e12e7-beca-4cef-ad5d-f8cf3d4e837e a4c1ca76253b4b47b5430e6f0d8f10f4 ef1e5e72e8e34be2a84ee16ed2fcb1d9 - - default default] Get all volumes completed successfully.
2025-10-22 13:30:01.009 72 INFO cinder.api.openstack.wsgi [None req-971e12e7-beca-4cef-ad5d-f8cf3d4e837e a4c1ca76253b4b47b5430e6f0d8f10f4 ef1e5e72e8e34be2a84ee16ed2fcb1d9 - - default default] http://[LB_IP_ADDRESS]:8776/v3/ef1e5e72e8e34be2a84ee16ed2fcb1d9/volumes/detail returned with HTTP 200
2025-10-22 13:30:01.031 73 INFO cinder.api.openstack.wsgi [None req-5239d7fd-3c1d-49ee-8940-44d39fc4da5d a4c1ca76253b4b47b5430e6f0d8f10f4 ef1e5e72e8e34be2a84ee16ed2fcb1d9 - - default default] GET http://[LB_IP_ADDRESS]:8776/v3/ef1e5e72e8e34be2a84ee16ed2fcb1d9/snapshots/detail
2025-10-22 13:30:01.038 73 INFO cinder.volume.api [None req-5239d7fd-3c1d-49ee-8940-44d39fc4da5d a4c1ca76253b4b47b5430e6f0d8f10f4 ef1e5e72e8e34be2a84ee16ed2fcb1d9 - - default default] Get all snapshots completed successfully.
2025-10-22 13:30:01.040 73 INFO cinder.api.openstack.wsgi [None req-5239d7fd-3c1d-49ee-8940-44d39fc4da5d a4c1ca76253b4b47b5430e6f0d8f10f4 ef1e5e72e8e34be2a84ee16ed2fcb1d9 - - default default] http://[LB_IP_ADDRESS]:8776/v3/ef1e5e72e8e34be2a84ee16ed2fcb1d9/snapshots/detail returned with HTTP 200
2025-10-22 13:30:01.056 74 INFO cinder.api.openstack.wsgi [None req-c2ad2b2d-ef43-4d7a-8cc8-0b5dedfba5dd a4c1ca76253b4b47b5430e6f0d8f10f4 ef1e5e72e8e34be2a84ee16ed2fcb1d9 - - default default] GET http://[LB_IP_ADDRESS]:8776/v3/ef1e5e72e8e34be2a84ee16ed2fcb1d9/snapshots/7124b347-ae41-48da-be17-9c44c62a11b2
2025-10-22 13:30:01.067 74 INFO cinder.volume.api [None req-c2ad2b2d-ef43-4d7a-8cc8-0b5dedfba5dd a4c1ca76253b4b47b5430e6f0d8f10f4 ef1e5e72e8e34be2a84ee16ed2fcb1d9 - - default default] Snapshot retrieved successfully.
2025-10-22 13:30:01.069 74 INFO cinder.api.openstack.wsgi [None req-c2ad2b2d-ef43-4d7a-8cc8-0b5dedfba5dd a4c1ca76253b4b47b5430e6f0d8f10f4 ef1e5e72e8e34be2a84ee16ed2fcb1d9 - - default default] http://[LB_IP_ADDRESS]:8776/v3/ef1e5e72e8e34be2a84ee16ed2fcb1d9/snapshots/7124b347-ae41-48da-be17-9c44c62a11b2 returned with HTTP 200
2025-10-22 13:30:01.766 75 INFO cinder.api.openstack.wsgi [None req-96173b13-ecd5-442e-a7ad-5493665655a5 21dcd2dbaf4540179cbcff733d8ced73 b1efefb670974566b0be5b1b672282f5 - - default default] POST http://[LB_IP_ADDRESS]:8776/v3/b1efefb670974566b0be5b1b672282f5/types/d92fbe20-3260-46bf-a0b8-b03ecb00f86a/encryption
2025-10-22 13:30:01.781 75 INFO cinder.api.openstack.wsgi [None req-96173b13-ecd5-442e-a7ad-5493665655a5 21dcd2dbaf4540179cbcff733d8ced73 b1efefb670974566b0be5b1b672282f5 - - default default] http://[LB_IP_ADDRESS]:8776/v3/b1efefb670974566b0be5b1b672282f5/types/d92fbe20-3260-46bf-a0b8-b03ecb00f86a/encryption returned with HTTP 404
2025-10-22 13:30:01.795 76 INFO cinder.api.openstack.wsgi [None req-d5ca38b7-777d-4737-b00b-c66c76fe3918 21dcd2dbaf4540179cbcff733d8ced73 b1efefb670974566b0be5b1b672282f5 - - default default] POST http://[LB_IP_ADDRESS]:8776/v3/b1efefb670974566b0be5b1b672282f5/types
2025-10-22 13:30:01.799 76 INFO cinder.api.openstack.wsgi [None req-d5ca38b7-777d-4737-b00b-c66c76fe3918 21dcd2dbaf4540179cbcff733d8ced73 b1efefb670974566b0be5b1b672282f5 - - default default] http://[LB_IP_ADDRESS]:8776/v3/b1efefb670974566b0be5b1b672282f5/types returned with HTTP 400
2025-10-22 13:30:01.813 72 INFO cinder.api.openstack.wsgi [None req-5dd308c4-e352-4974-8314-8af0806bf39d 21dcd2dbaf4540179cbcff733d8ced73 b1efefb670974566b0be5b1b672282f5 - - default default] POST http://[LB_IP_ADDRESS]:8776/v3/b1efefb670974566b0be5b1b672282f5/types
2025-10-22 13:30:01.840 72 INFO cinder.api.openstack.wsgi [None req-5dd308c4-e352-4974-8314-8af0806bf39d 21dcd2dbaf4540179cbcff733d8ced73 b1efefb670974566b0be5b1b672282f5 - - default default] http://[LB_IP_ADDRESS]:8776/v3/b1efefb670974566b0be5b1b672282f5/types returned with HTTP 200
2025-10-22 13:30:01.854 73 INFO cinder.api.openstack.wsgi [None req-39a3e5b7-37cc-4721-b25c-774965b26128 21dcd2dbaf4540179cbcff733d8ced73 b1efefb670974566b0be5b1b672282f5 - - default default] POST http://[LB_IP_ADDRESS]:8776/v3/b1efefb670974566b0be5b1b672282f5/types
2025-10-22 13:30:01.868 73 INFO cinder.api.openstack.wsgi [None req-39a3e5b7-37cc-4721-b25c-774965b26128 21dcd2dbaf4540179cbcff733d8ced73 b1efefb670974566b0be5b1b672282f5 - - default default] HTTP exception thrown: Volume Type tempest-VolumeTypesNegativeTest-volume-type-998485330 already exists.
2025-10-22 13:30:01.868 73 INFO cinder.api.openstack.wsgi [None req-39a3e5b7-37cc-4721-b25c-774965b26128 21dcd2dbaf4540179cbcff733d8ced73 b1efefb670974566b0be5b1b672282f5 - - default default] http://[LB_IP_ADDRESS]:8776/v3/b1efefb670974566b0be5b1b672282f5/types returned with HTTP 409
2025-10-22 13:30:01.880 74 INFO cinder.api.openstack.wsgi [None req-7bf37d9e-8158-4abd-9f56-acd5e3d7a9a0 21dcd2dbaf4540179cbcff733d8ced73 b1efefb670974566b0be5b1b672282f5 - - default default] DELETE http://[LB_IP_ADDRESS]:8776/v3/b1efefb670974566b0be5b1b672282f5/types/e496eb12-d0b6-417f-8c32-3fc6ed937851
2025-10-22 13:30:01.915 74 INFO cinder.api.openstack.wsgi [None req-7bf37d9e-8158-4abd-9f56-acd5e3d7a9a0 21dcd2dbaf4540179cbcff733d8ced73 b1efefb670974566b0be5b1b672282f5 - - default default] http://[LB_IP_ADDRESS]:8776/v3/b1efefb670974566b0be5b1b672282f5/types/e496eb12-d0b6-417f-8c32-3fc6ed937851 returned with HTTP 202
2025-10-22 13:30:01.926 75 INFO cinder.api.openstack.wsgi [None req-5fcd8f2f-0fc5-4ce9-b933-3afcca4f74cd 21dcd2dbaf4540179cbcff733d8ced73 b1efefb670974566b0be5b1b672282f5 - - default default] GET http://[LB_IP_ADDRESS]:8776/v3/b1efefb670974566b0be5b1b672282f5/types/e496eb12-d0b6-417f-8c32-3fc6ed937851
2025-10-22 13:30:01.930 75 INFO cinder.api.openstack.wsgi [None req-5fcd8f2f-0fc5-4ce9-b933-3afcca4f74cd 21dcd2dbaf4540179cbcff733d8ced73 b1efefb670974566b0be5b1b672282f5 - - default default] http://[LB_IP_ADDRESS]:8776/v3/b1efefb670974566b0be5b1b672282f5/types/e496eb12-d0b6-417f-8c32-3fc6ed937851 returned with HTTP 404
2025-10-22 13:30:01.947 76 INFO cinder.api.openstack.wsgi [None req-9ad66a2c-5a6d-4de4-9726-79b9590f274f 21dcd2dbaf4540179cbcff733d8ced73 b1efefb670974566b0be5b1b672282f5 - - default default] DELETE http://[LB_IP_ADDRESS]:8776/v3/b1efefb670974566b0be5b1b672282f5/types/76c1d835-fcfe-4102-aa69-0f41719b951a
2025-10-22 13:30:01.953 76 INFO cinder.api.openstack.wsgi [None req-9ad66a2c-5a6d-4de4-9726-79b9590f274f 21dcd2dbaf4540179cbcff733d8ced73 b1efefb670974566b0be5b1b672282f5 - - default default] http://[LB_IP_ADDRESS]:8776/v3/b1efefb670974566b0be5b1b672282f5/types/76c1d835-fcfe-4102-aa69-0f41719b951a returned with HTTP 404
2025-10-22 13:30:01.967 72 INFO cinder.api.openstack.wsgi [None req-907302e1-6106-4bdd-8561-e4763346107a 21dcd2dbaf4540179cbcff733d8ced73 b1efefb670974566b0be5b1b672282f5 - - default default] GET http://[LB_IP_ADDRESS]:8776/v3/b1efefb670974566b0be5b1b672282f5/types/93489770-4507-4bcf-9178-cd8064539354
2025-10-22 13:30:01.973 72 INFO cinder.api.openstack.wsgi [None req-907302e1-6106-4bdd-8561-e4763346107a 21dcd2dbaf4540179cbcff733d8ced73 b1efefb670974566b0be5b1b672282f5 - - default default] http://[LB_IP_ADDRESS]:8776/v3/b1efefb670974566b0be5b1b672282f5/types/93489770-4507-4bcf-9178-cd8064539354 returned with HTTP 404
2025-10-22 13:30:02.085 73 INFO cinder.api.openstack.wsgi [None req-f5c56bda-19a0-4efe-8032-160019590e71 a4c1ca76253b4b47b5430e6f0d8f10f4 ef1e5e72e8e34be2a84ee16ed2fcb1d9 - - default default] GET http://[LB_IP_ADDRESS]:8776/v3/ef1e5e72e8e34be2a84ee16ed2fcb1d9/snapshots/7124b347-ae41-48da-be17-9c44c62a11b2
2025-10-22 13:30:02.094 73 INFO cinder.api.openstack.wsgi [None req-f5c56bda-19a0-4efe-8032-160019590e71 a4c1ca76253b4b47b5430e6f0d8f10f4 ef1e5e72e8e34be2a84ee16ed2fcb1d9 - - default default] http://[LB_IP_ADDRESS]:8776/v3/ef1e5e72e8e34be2a84ee16ed2fcb1d9/snapshots/7124b347-ae41-48da-be17-9c44c62a11b2 returned with HTTP 404
2025-10-22 13:30:02.106 74 INFO cinder.api.openstack.wsgi [None req-98c76e67-87e0-4bf6-a5b2-70376f7a23ab a4c1ca76253b4b47b5430e6f0d8f10f4 ef1e5e72e8e34be2a84ee16ed2fcb1d9 - - default default] GET http://[LB_IP_ADDRESS]:8776/v3/ef1e5e72e8e34be2a84ee16ed2fcb1d9/group_snapshots/d8cbb02f-2e3c-4d8a-8ec3-5cf16aed7d62
2025-10-22 13:30:02.112 74 INFO cinder.api.openstack.wsgi [None req-98c76e67-87e0-4bf6-a5b2-70376f7a23ab a4c1ca76253b4b47b5430e6f0d8f10f4 ef1e5e72e8e34be2a84ee16ed2fcb1d9 - - default default] http://[LB_IP_ADDRESS]:8776/v3/ef1e5e72e8e34be2a84ee16ed2fcb1d9/group_snapshots/d8cbb02f-2e3c-4d8a-8ec3-5cf16aed7d62 returned with HTTP 404
2025-10-22 13:30:02.120 75 INFO cinder.api.openstack.wsgi [None req-5f74c3d1-15ee-49a8-8efb-b89e001a5e0a a4c1ca76253b4b47b5430e6f0d8f10f4 ef1e5e72e8e34be2a84ee16ed2fcb1d9 - - default default] GET http://[LB_IP_ADDRESS]:8776/v3/ef1e5e72e8e34be2a84ee16ed2fcb1d9/volumes/detail
2025-10-22 13:30:02.132 75 INFO cinder.volume.api [None req-5f74c3d1-15ee-49a8-8efb-b89e001a5e0a a4c1ca76253b4b47b5430e6f0d8f10f4 ef1e5e72e8e34be2a84ee16ed2fcb1d9 - - default default] Get all volumes completed successfully.
2025-10-22 13:30:02.149 75 INFO cinder.api.openstack.wsgi [None req-5f74c3d1-15ee-49a8-8efb-b89e001a5e0a a4c1ca76253b4b47b5430e6f0d8f10f4 ef1e5e72e8e34be2a84ee16ed2fcb1d9 - - default default] http://[LB_IP_ADDRESS]:8776/v3/ef1e5e72e8e34be2a84ee16ed2fcb1d9/volumes/detail returned with HTTP 200
2025-10-22 13:30:02.170 76 INFO cinder.api.openstack.wsgi [None req-23fc9c54-8738-4227-a277-7b5e10b0d61d a4c1ca76253b4b47b5430e6f0d8f10f4 ef1e5e72e8e34be2a84ee16ed2fcb1d9 - - default default] POST http://[LB_IP_ADDRESS]:8776/v3/ef1e5e72e8e34be2a84ee16ed2fcb1d9/groups/45156b75-e011-421e-89ff-b215f0f6aca9/action
2025-10-22 13:30:02.173 76 INFO cinder.api.v3.groups [None req-23fc9c54-8738-4227-a277-7b5e10b0d61d a4c1ca76253b4b47b5430e6f0d8f10f4 ef1e5e72e8e34be2a84ee16ed2fcb1d9 - - default default] Delete group with id: 45156b75-e011-421e-89ff-b215f0f6aca9
2025-10-22 13:30:02.216 76 INFO cinder.api.openstack.wsgi [None req-23fc9c54-8738-4227-a277-7b5e10b0d61d a4c1ca76253b4b47b5430e6f0d8f10f4 ef1e5e72e8e34be2a84ee16ed2fcb1d9 - - default default] http://[LB_IP_ADDRESS]:8776/v3/ef1e5e72e8e34be2a84ee16ed2fcb1d9/groups/45156b75-e011-421e-89ff-b215f0f6aca9/action returned with HTTP 202
2025-10-22 13:30:02.229 72 INFO cinder.api.openstack.wsgi [None req-4d16f9bf-5931-4c28-93d1-989ba9fc392d a4c1ca76253b4b47b5430e6f0d8f10f4 ef1e5e72e8e34be2a84ee16ed2fcb1d9 - - default default] GET http://[LB_IP_ADDRESS]:8776/v3/ef1e5e72e8e34be2a84ee16ed2fcb1d9/volumes/93f79fcb-c2d5-4209-ac13-e336d60281e0
2025-10-22 13:30:02.245 72 INFO cinder.volume.api [None req-4d16f9bf-5931-4c28-93d1-989ba9fc392d a4c1ca76253b4b47b5430e6f0d8f10f4 ef1e5e72e8e34be2a84ee16ed2fcb1d9 - - default default] Volume info retrieved successfully.
2025-10-22 13:30:02.261 72 INFO cinder.api.openstack.wsgi [None req-4d16f9bf-5931-4c28-93d1-989ba9fc392d a4c1ca76253b4b47b5430e6f0d8f10f4 ef1e5e72e8e34be2a84ee16ed2fcb1d9 - - default default] http://[LB_IP_ADDRESS]:8776/v3/ef1e5e72e8e34be2a84ee16ed2fcb1d9/volumes/93f79fcb-c2d5-4209-ac13-e336d60281e0 returned with HTTP 200
2025-10-22 13:30:02.660 73 INFO cinder.api.openstack.wsgi [None req-295e7184-2542-4d0f-afea-a5c0287a7b82 db15a3c7101940809dadb4950657b2bd 2a40c6febdc74825aa50e5b60dd4fdbf - - default default] GET http://[LB_IP_ADDRESS]:8776/v3/2a40c6febdc74825aa50e5b60dd4fdbf/os-hosts
2025-10-22 13:30:02.665 73 INFO cinder.api.openstack.wsgi [None req-295e7184-2542-4d0f-afea-a5c0287a7b82 db15a3c7101940809dadb4950657b2bd 2a40c6febdc74825aa50e5b60dd4fdbf - - default default] http://[LB_IP_ADDRESS]:8776/v3/2a40c6febdc74825aa50e5b60dd4fdbf/os-hosts returned with HTTP 200
2025-10-22 13:30:02.675 74 INFO cinder.api.openstack.wsgi [None req-6b657e66-5fae-49f9-b499-285449cc20b2 db15a3c7101940809dadb4950657b2bd 2a40c6febdc74825aa50e5b60dd4fdbf - - default default] GET http://[LB_IP_ADDRESS]:8776/v3/2a40c6febdc74825aa50e5b60dd4fdbf/os-hosts
2025-10-22 13:30:02.682 74 INFO cinder.api.openstack.wsgi [None req-6b657e66-5fae-49f9-b499-285449cc20b2 db15a3c7101940809dadb4950657b2bd 2a40c6febdc74825aa50e5b60dd4fdbf - - default default] http://[LB_IP_ADDRESS]:8776/v3/2a40c6febdc74825aa50e5b60dd4fdbf/os-hosts returned with HTTP 200
2025-10-22 13:30:02.691 75 INFO cinder.api.openstack.wsgi [None req-f0245606-7c7a-4415-a166-1991ee944ede db15a3c7101940809dadb4950657b2bd 2a40c6febdc74825aa50e5b60dd4fdbf - - default default] GET http://[LB_IP_ADDRESS]:8776/v3/2a40c6febdc74825aa50e5b60dd4fdbf/os-hosts/rack05-server66@LIGHTOSphszul
2025-10-22 13:30:02.708 75 INFO cinder.api.openstack.wsgi [None req-f0245606-7c7a-4415-a166-1991ee944ede db15a3c7101940809dadb4950657b2bd 2a40c6febdc74825aa50e5b60dd4fdbf - - default default] http://[LB_IP_ADDRESS]:8776/v3/2a40c6febdc74825aa50e5b60dd4fdbf/os-hosts/rack05-server66@LIGHTOSphszul returned with HTTP 200
2025-10-22 13:30:03.282 76 INFO cinder.api.openstack.wsgi [None req-a2a82259-3ba6-482f-9b19-56015e9217bc a4c1ca76253b4b47b5430e6f0d8f10f4 ef1e5e72e8e34be2a84ee16ed2fcb1d9 - - default default] GET http://[LB_IP_ADDRESS]:8776/v3/ef1e5e72e8e34be2a84ee16ed2fcb1d9/volumes/93f79fcb-c2d5-4209-ac13-e336d60281e0
2025-10-22 13:30:03.293 76 INFO cinder.api.openstack.wsgi [None req-a2a82259-3ba6-482f-9b19-56015e9217bc a4c1ca76253b4b47b5430e6f0d8f10f4 ef1e5e72e8e34be2a84ee16ed2fcb1d9 - - default default] http://[LB_IP_ADDRESS]:8776/v3/ef1e5e72e8e34be2a84ee16ed2fcb1d9/volumes/93f79fcb-c2d5-4209-ac13-e336d60281e0 returned with HTTP 404
2025-10-22 13:30:03.306 72 INFO cinder.api.openstack.wsgi [None req-fa41e765-bd61-4bbe-8620-45837aaa91b2 a4c1ca76253b4b47b5430e6f0d8f10f4 ef1e5e72e8e34be2a84ee16ed2fcb1d9 - - default default] GET http://[LB_IP_ADDRESS]:8776/v3/ef1e5e72e8e34be2a84ee16ed2fcb1d9/groups/45156b75-e011-421e-89ff-b215f0f6aca9
2025-10-22 13:30:03.311 72 INFO cinder.api.openstack.wsgi [None req-fa41e765-bd61-4bbe-8620-45837aaa91b2 a4c1ca76253b4b47b5430e6f0d8f10f4 ef1e5e72e8e34be2a84ee16ed2fcb1d9 - - default default] http://[LB_IP_ADDRESS]:8776/v3/ef1e5e72e8e34be2a84ee16ed2fcb1d9/groups/45156b75-e011-421e-89ff-b215f0f6aca9 returned with HTTP 404
2025-10-22 13:30:03.323 73 INFO cinder.api.openstack.wsgi [None req-50148ee4-731e-46c0-a72e-97d8afc0e7fd fcbce417f6fd4d46bd7a5e370e0d0d98 9f74a5421d9f4a29ac0073acf0a933ad - - default default] DELETE http://[LB_IP_ADDRESS]:8776/v3/9f74a5421d9f4a29ac0073acf0a933ad/group_types/0ae670c6-d883-439c-8d19-44158a8b3973
2025-10-22 13:30:03.339 73 INFO cinder.api.openstack.wsgi [None req-50148ee4-731e-46c0-a72e-97d8afc0e7fd fcbce417f6fd4d46bd7a5e370e0d0d98 9f74a5421d9f4a29ac0073acf0a933ad - - default default] http://[LB_IP_ADDRESS]:8776/v3/9f74a5421d9f4a29ac0073acf0a933ad/group_types/0ae670c6-d883-439c-8d19-44158a8b3973 returned with HTTP 202
2025-10-22 13:30:03.347 74 INFO cinder.api.openstack.wsgi [None req-a8d602f5-64f4-41cd-b7b1-453ffba63059 fcbce417f6fd4d46bd7a5e370e0d0d98 9f74a5421d9f4a29ac0073acf0a933ad - - default default] DELETE http://[LB_IP_ADDRESS]:8776/v3/9f74a5421d9f4a29ac0073acf0a933ad/types/21e39503-525b-4057-b726-02a0a232c005
2025-10-22 13:30:03.378 74 INFO cinder.api.openstack.wsgi [None req-a8d602f5-64f4-41cd-b7b1-453ffba63059 fcbce417f6fd4d46bd7a5e370e0d0d98 9f74a5421d9f4a29ac0073acf0a933ad - - default default] http://[LB_IP_ADDRESS]:8776/v3/9f74a5421d9f4a29ac0073acf0a933ad/types/21e39503-525b-4057-b726-02a0a232c005 returned with HTTP 202
2025-10-22 13:30:03.388 75 INFO cinder.api.openstack.wsgi [None req-a4728a38-1ffe-4414-b703-8197ee363c9b fcbce417f6fd4d46bd7a5e370e0d0d98 9f74a5421d9f4a29ac0073acf0a933ad - - default default] GET http://[LB_IP_ADDRESS]:8776/v3/9f74a5421d9f4a29ac0073acf0a933ad/types/21e39503-525b-4057-b726-02a0a232c005
2025-10-22 13:30:03.393 75 INFO cinder.api.openstack.wsgi [None req-a4728a38-1ffe-4414-b703-8197ee363c9b fcbce417f6fd4d46bd7a5e370e0d0d98 9f74a5421d9f4a29ac0073acf0a933ad - - default default] http://[LB_IP_ADDRESS]:8776/v3/9f74a5421d9f4a29ac0073acf0a933ad/types/21e39503-525b-4057-b726-02a0a232c005 returned with HTTP 404
2025-10-22 13:30:03.971 76 INFO cinder.api.openstack.wsgi [None req-6ea24b74-9231-4968-9995-ce02315088e4 - - - - - -] GET http://[LB_IP_ADDRESS]:8776/
2025-10-22 13:30:03.972 76 INFO cinder.api.openstack.wsgi [None req-6ea24b74-9231-4968-9995-ce02315088e4 - - - - - -] http://[LB_IP_ADDRESS]:8776/ returned with HTTP 300
2025-10-22 13:30:05.451 72 INFO cinder.api.openstack.wsgi [None req-63a6db80-c95f-46f8-a147-4d6e4ea38dd5 74a300bf3bf94a47929d9b99491bb67d 6e6f056cd6be4d8ba081f60cceda1518 - - default default] GET http://[LB_IP_ADDRESS]:8776/v3/6e6f056cd6be4d8ba081f60cceda1518/volumes
2025-10-22 13:30:05.464 72 INFO cinder.volume.api [None req-63a6db80-c95f-46f8-a147-4d6e4ea38dd5 74a300bf3bf94a47929d9b99491bb67d 6e6f056cd6be4d8ba081f60cceda1518 - - default default] Get all volumes completed successfully.
2025-10-22 13:30:05.465 72 INFO cinder.api.openstack.wsgi [None req-63a6db80-c95f-46f8-a147-4d6e4ea38dd5 74a300bf3bf94a47929d9b99491bb67d 6e6f056cd6be4d8ba081f60cceda1518 - - default default] http://[LB_IP_ADDRESS]:8776/v3/6e6f056cd6be4d8ba081f60cceda1518/volumes returned with HTTP 200
2025-10-22 13:30:05.479 73 INFO cinder.api.openstack.wsgi [None req-e20fbf9d-fabb-4883-8a5c-9de6726fa7e7 74a300bf3bf94a47929d9b99491bb67d 6e6f056cd6be4d8ba081f60cceda1518 - - default default] POST http://[LB_IP_ADDRESS]:8776/v3/6e6f056cd6be4d8ba081f60cceda1518/volumes
2025-10-22 13:30:05.483 73 INFO cinder.api.v3.volumes [None req-e20fbf9d-fabb-4883-8a5c-9de6726fa7e7 74a300bf3bf94a47929d9b99491bb67d 6e6f056cd6be4d8ba081f60cceda1518 - - default default] Create volume of 1 GB
2025-10-22 13:30:05.491 73 INFO cinder.volume.api [None req-e20fbf9d-fabb-4883-8a5c-9de6726fa7e7 74a300bf3bf94a47929d9b99491bb67d 6e6f056cd6be4d8ba081f60cceda1518 - - default default] Availability Zones retrieved successfully.
2025-10-22 13:30:05.703 73 INFO cinder.volume.api [None req-e20fbf9d-fabb-4883-8a5c-9de6726fa7e7 74a300bf3bf94a47929d9b99491bb67d 6e6f056cd6be4d8ba081f60cceda1518 - - default default] Create volume request issued successfully.
2025-10-22 13:30:05.705 73 INFO cinder.api.openstack.wsgi [None req-e20fbf9d-fabb-4883-8a5c-9de6726fa7e7 74a300bf3bf94a47929d9b99491bb67d 6e6f056cd6be4d8ba081f60cceda1518 - - default default] http://[LB_IP_ADDRESS]:8776/v3/6e6f056cd6be4d8ba081f60cceda1518/volumes returned with HTTP 202
2025-10-22 13:30:05.720 74 INFO cinder.api.openstack.wsgi [None req-28cf93f8-42cc-43da-8ec4-e0db542f1f7d 74a300bf3bf94a47929d9b99491bb67d 6e6f056cd6be4d8ba081f60cceda1518 - - default default] GET http://[LB_IP_ADDRESS]:8776/v3/6e6f056cd6be4d8ba081f60cceda1518/volumes/37ee6fa3-b85d-4327-a672-060ddd20a028
2025-10-22 13:30:05.732 74 INFO cinder.volume.api [None req-28cf93f8-42cc-43da-8ec4-e0db542f1f7d 74a300bf3bf94a47929d9b99491bb67d 6e6f056cd6be4d8ba081f60cceda1518 - - default default] Volume info retrieved successfully.
2025-10-22 13:30:05.737 74 INFO cinder.api.openstack.wsgi [None req-28cf93f8-42cc-43da-8ec4-e0db542f1f7d 74a300bf3bf94a47929d9b99491bb67d 6e6f056cd6be4d8ba081f60cceda1518 - - default default] http://[LB_IP_ADDRESS]:8776/v3/6e6f056cd6be4d8ba081f60cceda1518/volumes/37ee6fa3-b85d-4327-a672-060ddd20a028 returned with HTTP 200
2025-10-22 13:30:06.201 75 INFO cinder.api.openstack.wsgi [None req-264e57b9-bf20-42d7-8056-282f898552fa 80a1d0ddfe594ebfb4576262ac79939c 384f9913682448efaa9030940699de84 - - default default] GET http://[LB_IP_ADDRESS]:8776/v3/384f9913682448efaa9030940699de84/os-quota-sets/c95b23cf8f0340ec822147b63d083662
2025-10-22 13:30:06.266 75 INFO cinder.api.openstack.wsgi [None req-264e57b9-bf20-42d7-8056-282f898552fa 80a1d0ddfe594ebfb4576262ac79939c 384f9913682448efaa9030940699de84 - - default default] http://[LB_IP_ADDRESS]:8776/v3/384f9913682448efaa9030940699de84/os-quota-sets/c95b23cf8f0340ec822147b63d083662 returned with HTTP 200
2025-10-22 13:30:06.432 76 INFO cinder.api.openstack.wsgi [None req-8f71b97c-19b2-4580-91e0-43b7c1b40b15 767947d885664598b0a6058373c9d27b c95b23cf8f0340ec822147b63d083662 - - default default] POST http://[LB_IP_ADDRESS]:8776/v3/c95b23cf8f0340ec822147b63d083662/volumes
2025-10-22 13:30:06.437 76 INFO cinder.api.v3.volumes [None req-8f71b97c-19b2-4580-91e0-43b7c1b40b15 767947d885664598b0a6058373c9d27b c95b23cf8f0340ec822147b63d083662 - - default default] Create volume of 1 GB
2025-10-22 13:30:06.445 76 INFO cinder.volume.api [None req-8f71b97c-19b2-4580-91e0-43b7c1b40b15 767947d885664598b0a6058373c9d27b c95b23cf8f0340ec822147b63d083662 - - default default] Availability Zones retrieved successfully.
2025-10-22 13:30:06.664 76 INFO cinder.volume.api [None req-8f71b97c-19b2-4580-91e0-43b7c1b40b15 767947d885664598b0a6058373c9d27b c95b23cf8f0340ec822147b63d083662 - - default default] Create volume request issued successfully.
2025-10-22 13:30:06.666 76 INFO cinder.api.openstack.wsgi [None req-8f71b97c-19b2-4580-91e0-43b7c1b40b15 767947d885664598b0a6058373c9d27b c95b23cf8f0340ec822147b63d083662 - - default default] http://[LB_IP_ADDRESS]:8776/v3/c95b23cf8f0340ec822147b63d083662/volumes returned with HTTP 202
2025-10-22 13:30:06.683 72 INFO cinder.api.openstack.wsgi [None req-b20dfba7-c0aa-4893-a51d-73d394e5e073 767947d885664598b0a6058373c9d27b c95b23cf8f0340ec822147b63d083662 - - default default] GET http://[LB_IP_ADDRESS]:8776/v3/c95b23cf8f0340ec822147b63d083662/volumes/77e28eda-bed6-4427-83ce-4972bc2bb886
2025-10-22 13:30:06.706 72 INFO cinder.volume.api [None req-b20dfba7-c0aa-4893-a51d-73d394e5e073 767947d885664598b0a6058373c9d27b c95b23cf8f0340ec822147b63d083662 - - default default] Volume info retrieved successfully.
2025-10-22 13:30:06.711 72 INFO cinder.api.openstack.wsgi [None req-b20dfba7-c0aa-4893-a51d-73d394e5e073 767947d885664598b0a6058373c9d27b c95b23cf8f0340ec822147b63d083662 - - default default] http://[LB_IP_ADDRESS]:8776/v3/c95b23cf8f0340ec822147b63d083662/volumes/77e28eda-bed6-4427-83ce-4972bc2bb886 returned with HTTP 200
2025-10-22 13:30:06.758 74 INFO cinder.api.openstack.wsgi [None req-48cfb610-7bd6-4d11-b533-c2e41f349d0a 74a300bf3bf94a47929d9b99491bb67d 6e6f056cd6be4d8ba081f60cceda1518 - - default default] GET http://[LB_IP_ADDRESS]:8776/v3/6e6f056cd6be4d8ba081f60cceda1518/volumes/37ee6fa3-b85d-4327-a672-060ddd20a028
2025-10-22 13:30:06.774 74 INFO cinder.volume.api [None req-48cfb610-7bd6-4d11-b533-c2e41f349d0a 74a300bf3bf94a47929d9b99491bb67d 6e6f056cd6be4d8ba081f60cceda1518 - - default default] Volume info retrieved successfully.
