2025-01-14 15:11:30.403 22 INFO cinder.api.openstack.wsgi [None req-1b95dfd6-3bbe-4c00-93c9-7f64f01124b2 e9057204d35f41058b0abd78dfc13422 a6ff64e493e24dbe94b72bdcecd94ca8 - - default default] PUT http://[LB_IP_ADDRESS]:8776/v3/a6ff64e493e24dbe94b72bdcecd94ca8/groups/f1a9427d-cfd7-4e54-8fae-89c2b096d087
2025-01-14 15:11:30.407 22 INFO cinder.api.v3.groups [None req-1b95dfd6-3bbe-4c00-93c9-7f64f01124b2 e9057204d35f41058b0abd78dfc13422 a6ff64e493e24dbe94b72bdcecd94ca8 - - default default] Updating group f1a9427d-cfd7-4e54-8fae-89c2b096d087 with name new_group description: This is a new group add_volumes: None remove_volumes: 7ab12340-9045-4e15-807d-50c03089945e.
2025-01-14 15:11:30.445 22 INFO cinder.api.openstack.wsgi [None req-1b95dfd6-3bbe-4c00-93c9-7f64f01124b2 e9057204d35f41058b0abd78dfc13422 a6ff64e493e24dbe94b72bdcecd94ca8 - - default default] http://[LB_IP_ADDRESS]:8776/v3/a6ff64e493e24dbe94b72bdcecd94ca8/groups/f1a9427d-cfd7-4e54-8fae-89c2b096d087 returned with HTTP 202
2025-01-14 15:11:30.457 24 INFO cinder.api.openstack.wsgi [None req-1077434a-c9b4-4250-9fb1-3e767f8203ef e9057204d35f41058b0abd78dfc13422 a6ff64e493e24dbe94b72bdcecd94ca8 - - default default] GET http://[LB_IP_ADDRESS]:8776/v3/a6ff64e493e24dbe94b72bdcecd94ca8/groups/f1a9427d-cfd7-4e54-8fae-89c2b096d087
2025-01-14 15:11:30.479 24 INFO cinder.api.openstack.wsgi [None req-1077434a-c9b4-4250-9fb1-3e767f8203ef e9057204d35f41058b0abd78dfc13422 a6ff64e493e24dbe94b72bdcecd94ca8 - - default default] http://[LB_IP_ADDRESS]:8776/v3/a6ff64e493e24dbe94b72bdcecd94ca8/groups/f1a9427d-cfd7-4e54-8fae-89c2b096d087 returned with HTTP 200
2025-01-14 15:11:30.542 23 INFO cinder.api.openstack.wsgi [None req-bdc8a5db-302b-497b-a097-cb9a7d8b455b 7218774f8e6b49d1a76de5e1de6cf4f1 89643d8a125e432f83c3136bfdc7a92d - - default default] http://[LB_IP_ADDRESS]:8776/v3/89643d8a125e432f83c3136bfdc7a92d/limits returned with HTTP 200
2025-01-14 15:11:30.558 21 INFO cinder.api.openstack.wsgi [None req-eea914aa-cb40-4697-9e5c-ab87aa03535f 7218774f8e6b49d1a76de5e1de6cf4f1 89643d8a125e432f83c3136bfdc7a92d - - default default] GET http://[LB_IP_ADDRESS]:8776/v3/89643d8a125e432f83c3136bfdc7a92d/volumes/48f9ab47-411a-4dae-994c-2fa94fee94ff
2025-01-14 15:11:30.578 21 INFO cinder.volume.api [None req-eea914aa-cb40-4697-9e5c-ab87aa03535f 7218774f8e6b49d1a76de5e1de6cf4f1 89643d8a125e432f83c3136bfdc7a92d - - default default] Volume info retrieved successfully.
2025-01-14 15:11:30.584 21 INFO cinder.api.openstack.wsgi [None req-eea914aa-cb40-4697-9e5c-ab87aa03535f 7218774f8e6b49d1a76de5e1de6cf4f1 89643d8a125e432f83c3136bfdc7a92d - - default default] http://[LB_IP_ADDRESS]:8776/v3/89643d8a125e432f83c3136bfdc7a92d/volumes/48f9ab47-411a-4dae-994c-2fa94fee94ff returned with HTTP 200
2025-01-14 15:11:30.612 25 INFO cinder.api.openstack.wsgi [None req-755e6589-0ca1-46e3-9542-041a5c915bda 7218774f8e6b49d1a76de5e1de6cf4f1 89643d8a125e432f83c3136bfdc7a92d - - default default] DELETE http://[LB_IP_ADDRESS]:8776/v3/89643d8a125e432f83c3136bfdc7a92d/volumes/48f9ab47-411a-4dae-994c-2fa94fee94ff
2025-01-14 15:11:30.613 25 INFO cinder.api.v3.volumes [None req-755e6589-0ca1-46e3-9542-041a5c915bda 7218774f8e6b49d1a76de5e1de6cf4f1 89643d8a125e432f83c3136bfdc7a92d - - default default] Delete volume with id: 48f9ab47-411a-4dae-994c-2fa94fee94ff 
2025-01-14 15:11:30.632 25 INFO cinder.volume.api [None req-755e6589-0ca1-46e3-9542-041a5c915bda 7218774f8e6b49d1a76de5e1de6cf4f1 89643d8a125e432f83c3136bfdc7a92d - - default default] Volume info retrieved successfully.
2025-01-14 15:11:30.664 25 INFO cinder.volume.api [None req-755e6589-0ca1-46e3-9542-041a5c915bda 7218774f8e6b49d1a76de5e1de6cf4f1 89643d8a125e432f83c3136bfdc7a92d - - default default] Delete volume request issued successfully.
2025-01-14 15:11:30.665 25 INFO cinder.api.openstack.wsgi [None req-755e6589-0ca1-46e3-9542-041a5c915bda 7218774f8e6b49d1a76de5e1de6cf4f1 89643d8a125e432f83c3136bfdc7a92d - - default default] http://[LB_IP_ADDRESS]:8776/v3/89643d8a125e432f83c3136bfdc7a92d/volumes/48f9ab47-411a-4dae-994c-2fa94fee94ff returned with HTTP 202
2025-01-14 15:11:30.676 22 INFO cinder.api.openstack.wsgi [None req-f28a35fa-8079-4319-8731-e1c94ce4b766 7218774f8e6b49d1a76de5e1de6cf4f1 89643d8a125e432f83c3136bfdc7a92d - - default default] GET http://[LB_IP_ADDRESS]:8776/v3/89643d8a125e432f83c3136bfdc7a92d/volumes/48f9ab47-411a-4dae-994c-2fa94fee94ff
2025-01-14 15:11:30.701 22 INFO cinder.volume.api [None req-f28a35fa-8079-4319-8731-e1c94ce4b766 7218774f8e6b49d1a76de5e1de6cf4f1 89643d8a125e432f83c3136bfdc7a92d - - default default] Volume info retrieved successfully.
2025-01-14 15:11:30.703 24 INFO cinder.api.openstack.wsgi [None req-2f223fe1-18dc-46c6-a7b0-8e9a707b7749 3d0effa2148948dc921973cb21415965 d4981e092f904d5d92e3be77a9f119a1 - - default default] GET http://[LB_IP_ADDRESS]:8776/v3/d4981e092f904d5d92e3be77a9f119a1/snapshots/8e73d491-c627-42f8-b46a-9162629e5eb7
2025-01-14 15:11:30.710 22 INFO cinder.api.openstack.wsgi [None req-f28a35fa-8079-4319-8731-e1c94ce4b766 7218774f8e6b49d1a76de5e1de6cf4f1 89643d8a125e432f83c3136bfdc7a92d - - default default] http://[LB_IP_ADDRESS]:8776/v3/89643d8a125e432f83c3136bfdc7a92d/volumes/48f9ab47-411a-4dae-994c-2fa94fee94ff returned with HTTP 200
2025-01-14 15:11:30.714 24 INFO cinder.api.openstack.wsgi [None req-2f223fe1-18dc-46c6-a7b0-8e9a707b7749 3d0effa2148948dc921973cb21415965 d4981e092f904d5d92e3be77a9f119a1 - - default default] http://[LB_IP_ADDRESS]:8776/v3/d4981e092f904d5d92e3be77a9f119a1/snapshots/8e73d491-c627-42f8-b46a-9162629e5eb7 returned with HTTP 404
2025-01-14 15:11:30.726 23 INFO cinder.api.openstack.wsgi [None req-24b55bad-1fef-4096-ab14-32eb198eb816 3d0effa2148948dc921973cb21415965 d4981e092f904d5d92e3be77a9f119a1 - - default default] GET http://[LB_IP_ADDRESS]:8776/v3/d4981e092f904d5d92e3be77a9f119a1/volumes/22cbadb9-b565-4bed-8aed-4d31fd46603f
2025-01-14 15:11:30.751 23 INFO cinder.volume.api [None req-24b55bad-1fef-4096-ab14-32eb198eb816 3d0effa2148948dc921973cb21415965 d4981e092f904d5d92e3be77a9f119a1 - - default default] Volume info retrieved successfully.
2025-01-14 15:11:30.760 23 INFO cinder.api.openstack.wsgi [None req-24b55bad-1fef-4096-ab14-32eb198eb816 3d0effa2148948dc921973cb21415965 d4981e092f904d5d92e3be77a9f119a1 - - default default] http://[LB_IP_ADDRESS]:8776/v3/d4981e092f904d5d92e3be77a9f119a1/volumes/22cbadb9-b565-4bed-8aed-4d31fd46603f returned with HTTP 200
2025-01-14 15:11:30.788 21 INFO cinder.api.openstack.wsgi [None req-30c5a2fa-c392-4b41-85ab-b6d98e950885 3d0effa2148948dc921973cb21415965 d4981e092f904d5d92e3be77a9f119a1 - - default default] DELETE http://[LB_IP_ADDRESS]:8776/v3/d4981e092f904d5d92e3be77a9f119a1/volumes/22cbadb9-b565-4bed-8aed-4d31fd46603f
2025-01-14 15:11:30.789 21 INFO cinder.api.v3.volumes [None req-30c5a2fa-c392-4b41-85ab-b6d98e950885 3d0effa2148948dc921973cb21415965 d4981e092f904d5d92e3be77a9f119a1 - - default default] Delete volume with id: 22cbadb9-b565-4bed-8aed-4d31fd46603f 
2025-01-14 15:11:30.808 21 INFO cinder.volume.api [None req-30c5a2fa-c392-4b41-85ab-b6d98e950885 3d0effa2148948dc921973cb21415965 d4981e092f904d5d92e3be77a9f119a1 - - default default] Volume info retrieved successfully.
2025-01-14 15:11:30.846 21 INFO cinder.volume.api [None req-30c5a2fa-c392-4b41-85ab-b6d98e950885 3d0effa2148948dc921973cb21415965 d4981e092f904d5d92e3be77a9f119a1 - - default default] Delete volume request issued successfully.
2025-01-14 15:11:30.847 21 INFO cinder.api.openstack.wsgi [None req-30c5a2fa-c392-4b41-85ab-b6d98e950885 3d0effa2148948dc921973cb21415965 d4981e092f904d5d92e3be77a9f119a1 - - default default] http://[LB_IP_ADDRESS]:8776/v3/d4981e092f904d5d92e3be77a9f119a1/volumes/22cbadb9-b565-4bed-8aed-4d31fd46603f returned with HTTP 202
2025-01-14 15:11:30.859 25 INFO cinder.api.openstack.wsgi [None req-6d1036ed-b100-4478-97b5-7ab9623bd61f 3d0effa2148948dc921973cb21415965 d4981e092f904d5d92e3be77a9f119a1 - - default default] GET http://[LB_IP_ADDRESS]:8776/v3/d4981e092f904d5d92e3be77a9f119a1/volumes/22cbadb9-b565-4bed-8aed-4d31fd46603f
2025-01-14 15:11:30.884 25 INFO cinder.volume.api [None req-6d1036ed-b100-4478-97b5-7ab9623bd61f 3d0effa2148948dc921973cb21415965 d4981e092f904d5d92e3be77a9f119a1 - - default default] Volume info retrieved successfully.
2025-01-14 15:11:30.893 25 INFO cinder.api.openstack.wsgi [None req-6d1036ed-b100-4478-97b5-7ab9623bd61f 3d0effa2148948dc921973cb21415965 d4981e092f904d5d92e3be77a9f119a1 - - default default] http://[LB_IP_ADDRESS]:8776/v3/d4981e092f904d5d92e3be77a9f119a1/volumes/22cbadb9-b565-4bed-8aed-4d31fd46603f returned with HTTP 200
2025-01-14 15:11:31.498 22 INFO cinder.api.openstack.wsgi [None req-95c20367-3b30-4bcb-b772-747175cf4e72 e9057204d35f41058b0abd78dfc13422 a6ff64e493e24dbe94b72bdcecd94ca8 - - default default] GET http://[LB_IP_ADDRESS]:8776/v3/a6ff64e493e24dbe94b72bdcecd94ca8/groups/f1a9427d-cfd7-4e54-8fae-89c2b096d087
2025-01-14 15:11:31.520 22 INFO cinder.api.openstack.wsgi [None req-95c20367-3b30-4bcb-b772-747175cf4e72 e9057204d35f41058b0abd78dfc13422 a6ff64e493e24dbe94b72bdcecd94ca8 - - default default] http://[LB_IP_ADDRESS]:8776/v3/a6ff64e493e24dbe94b72bdcecd94ca8/groups/f1a9427d-cfd7-4e54-8fae-89c2b096d087 returned with HTTP 200
2025-01-14 15:11:31.538 24 INFO cinder.api.openstack.wsgi [None req-c8bd2038-b704-406c-bffa-f99cac0bc74c e9057204d35f41058b0abd78dfc13422 a6ff64e493e24dbe94b72bdcecd94ca8 - - default default] GET http://[LB_IP_ADDRESS]:8776/v3/a6ff64e493e24dbe94b72bdcecd94ca8/groups/f1a9427d-cfd7-4e54-8fae-89c2b096d087
2025-01-14 15:11:31.561 24 INFO cinder.api.openstack.wsgi [None req-c8bd2038-b704-406c-bffa-f99cac0bc74c e9057204d35f41058b0abd78dfc13422 a6ff64e493e24dbe94b72bdcecd94ca8 - - default default] http://[LB_IP_ADDRESS]:8776/v3/a6ff64e493e24dbe94b72bdcecd94ca8/groups/f1a9427d-cfd7-4e54-8fae-89c2b096d087 returned with HTTP 200
2025-01-14 15:11:31.577 23 INFO cinder.api.openstack.wsgi [None req-05d3c76b-fa82-4ca7-84c1-a8cc3d83376d e9057204d35f41058b0abd78dfc13422 a6ff64e493e24dbe94b72bdcecd94ca8 - - default default] GET http://[LB_IP_ADDRESS]:8776/v3/a6ff64e493e24dbe94b72bdcecd94ca8/volumes/detail
2025-01-14 15:11:31.598 23 INFO cinder.volume.api [None req-05d3c76b-fa82-4ca7-84c1-a8cc3d83376d e9057204d35f41058b0abd78dfc13422 a6ff64e493e24dbe94b72bdcecd94ca8 - - default default] Get all volumes completed successfully.
2025-01-14 15:11:31.629 23 INFO cinder.api.openstack.wsgi [None req-05d3c76b-fa82-4ca7-84c1-a8cc3d83376d e9057204d35f41058b0abd78dfc13422 a6ff64e493e24dbe94b72bdcecd94ca8 - - default default] http://[LB_IP_ADDRESS]:8776/v3/a6ff64e493e24dbe94b72bdcecd94ca8/volumes/detail returned with HTTP 200
2025-01-14 15:11:31.660 21 INFO cinder.api.openstack.wsgi [None req-dda488dd-3a65-4894-890c-57529d404a08 e9057204d35f41058b0abd78dfc13422 a6ff64e493e24dbe94b72bdcecd94ca8 - - default default] PUT http://[LB_IP_ADDRESS]:8776/v3/a6ff64e493e24dbe94b72bdcecd94ca8/groups/f1a9427d-cfd7-4e54-8fae-89c2b096d087
2025-01-14 15:11:31.679 21 INFO cinder.api.v3.groups [None req-dda488dd-3a65-4894-890c-57529d404a08 e9057204d35f41058b0abd78dfc13422 a6ff64e493e24dbe94b72bdcecd94ca8 - - default default] Updating group f1a9427d-cfd7-4e54-8fae-89c2b096d087 with name None description: None add_volumes: 7ab12340-9045-4e15-807d-50c03089945e remove_volumes: None.
2025-01-14 15:11:31.739 25 INFO cinder.api.openstack.wsgi [None req-9003d3db-4aed-414f-88c8-0c9ff241a23c 7218774f8e6b49d1a76de5e1de6cf4f1 89643d8a125e432f83c3136bfdc7a92d - - default default] GET http://[LB_IP_ADDRESS]:8776/v3/89643d8a125e432f83c3136bfdc7a92d/volumes/48f9ab47-411a-4dae-994c-2fa94fee94ff
2025-01-14 15:11:31.744 21 INFO cinder.api.openstack.wsgi [None req-dda488dd-3a65-4894-890c-57529d404a08 e9057204d35f41058b0abd78dfc13422 a6ff64e493e24dbe94b72bdcecd94ca8 - - default default] http://[LB_IP_ADDRESS]:8776/v3/a6ff64e493e24dbe94b72bdcecd94ca8/groups/f1a9427d-cfd7-4e54-8fae-89c2b096d087 returned with HTTP 202
2025-01-14 15:11:31.754 25 INFO cinder.api.openstack.wsgi [None req-9003d3db-4aed-414f-88c8-0c9ff241a23c 7218774f8e6b49d1a76de5e1de6cf4f1 89643d8a125e432f83c3136bfdc7a92d - - default default] http://[LB_IP_ADDRESS]:8776/v3/89643d8a125e432f83c3136bfdc7a92d/volumes/48f9ab47-411a-4dae-994c-2fa94fee94ff returned with HTTP 404
2025-01-14 15:11:31.756 22 INFO cinder.api.openstack.wsgi [None req-06eecede-e3fe-4bf1-8eb7-ea2afcf76921 e9057204d35f41058b0abd78dfc13422 a6ff64e493e24dbe94b72bdcecd94ca8 - - default default] GET http://[LB_IP_ADDRESS]:8776/v3/a6ff64e493e24dbe94b72bdcecd94ca8/groups/f1a9427d-cfd7-4e54-8fae-89c2b096d087
2025-01-14 15:11:31.779 22 INFO cinder.api.openstack.wsgi [None req-06eecede-e3fe-4bf1-8eb7-ea2afcf76921 e9057204d35f41058b0abd78dfc13422 a6ff64e493e24dbe94b72bdcecd94ca8 - - default default] http://[LB_IP_ADDRESS]:8776/v3/a6ff64e493e24dbe94b72bdcecd94ca8/groups/f1a9427d-cfd7-4e54-8fae-89c2b096d087 returned with HTTP 200
2025-01-14 15:11:31.922 24 INFO cinder.api.openstack.wsgi [None req-31ff43e9-2d18-41a7-946e-e3606f8b1323 3d0effa2148948dc921973cb21415965 d4981e092f904d5d92e3be77a9f119a1 - - default default] GET http://[LB_IP_ADDRESS]:8776/v3/d4981e092f904d5d92e3be77a9f119a1/volumes/22cbadb9-b565-4bed-8aed-4d31fd46603f
2025-01-14 15:11:31.938 24 INFO cinder.api.openstack.wsgi [None req-31ff43e9-2d18-41a7-946e-e3606f8b1323 3d0effa2148948dc921973cb21415965 d4981e092f904d5d92e3be77a9f119a1 - - default default] http://[LB_IP_ADDRESS]:8776/v3/d4981e092f904d5d92e3be77a9f119a1/volumes/22cbadb9-b565-4bed-8aed-4d31fd46603f returned with HTTP 404
2025-01-14 15:11:31.952 23 INFO cinder.api.openstack.wsgi [None req-d6edc5dc-3ecc-4d72-a73f-c5b69a7ac0fc 5ba46f8f6aab4a1faaf66ec3d4dce8f3 5f770b1618d242a78308ab90375a1996 - - default default] PUT http://[LB_IP_ADDRESS]:8776/v3/5f770b1618d242a78308ab90375a1996/os-quota-sets/d4981e092f904d5d92e3be77a9f119a1
2025-01-14 15:11:32.256 23 INFO cinder.api.openstack.wsgi [None req-d6edc5dc-3ecc-4d72-a73f-c5b69a7ac0fc 5ba46f8f6aab4a1faaf66ec3d4dce8f3 5f770b1618d242a78308ab90375a1996 - - default default] http://[LB_IP_ADDRESS]:8776/v3/5f770b1618d242a78308ab90375a1996/os-quota-sets/d4981e092f904d5d92e3be77a9f119a1 returned with HTTP 200
2025-01-14 15:11:32.797 21 INFO cinder.api.openstack.wsgi [None req-3ee5ada4-4e2c-43ee-aba0-597b62cc8982 e9057204d35f41058b0abd78dfc13422 a6ff64e493e24dbe94b72bdcecd94ca8 - - default default] GET http://[LB_IP_ADDRESS]:8776/v3/a6ff64e493e24dbe94b72bdcecd94ca8/groups/f1a9427d-cfd7-4e54-8fae-89c2b096d087
2025-01-14 15:11:32.820 21 INFO cinder.api.openstack.wsgi [None req-3ee5ada4-4e2c-43ee-aba0-597b62cc8982 e9057204d35f41058b0abd78dfc13422 a6ff64e493e24dbe94b72bdcecd94ca8 - - default default] http://[LB_IP_ADDRESS]:8776/v3/a6ff64e493e24dbe94b72bdcecd94ca8/groups/f1a9427d-cfd7-4e54-8fae-89c2b096d087 returned with HTTP 200
2025-01-14 15:11:32.836 25 INFO cinder.api.openstack.wsgi [None req-5c237b5a-11db-4cc2-945e-901267cd4e8e e9057204d35f41058b0abd78dfc13422 a6ff64e493e24dbe94b72bdcecd94ca8 - - default default] GET http://[LB_IP_ADDRESS]:8776/v3/a6ff64e493e24dbe94b72bdcecd94ca8/volumes/detail
2025-01-14 15:11:32.857 25 INFO cinder.volume.api [None req-5c237b5a-11db-4cc2-945e-901267cd4e8e e9057204d35f41058b0abd78dfc13422 a6ff64e493e24dbe94b72bdcecd94ca8 - - default default] Get all volumes completed successfully.
2025-01-14 15:11:32.905 25 INFO cinder.api.openstack.wsgi [None req-5c237b5a-11db-4cc2-945e-901267cd4e8e e9057204d35f41058b0abd78dfc13422 a6ff64e493e24dbe94b72bdcecd94ca8 - - default default] http://[LB_IP_ADDRESS]:8776/v3/a6ff64e493e24dbe94b72bdcecd94ca8/volumes/detail returned with HTTP 200
2025-01-14 15:11:32.935 22 INFO cinder.api.openstack.wsgi [None req-abe590d1-5ec3-46e4-b258-496de50091d7 e9057204d35f41058b0abd78dfc13422 a6ff64e493e24dbe94b72bdcecd94ca8 - - default default] GET http://[LB_IP_ADDRESS]:8776/v3/a6ff64e493e24dbe94b72bdcecd94ca8/volumes/detail
2025-01-14 15:11:32.955 22 INFO cinder.volume.api [None req-abe590d1-5ec3-46e4-b258-496de50091d7 e9057204d35f41058b0abd78dfc13422 a6ff64e493e24dbe94b72bdcecd94ca8 - - default default] Get all volumes completed successfully.
2025-01-14 15:11:33.001 22 INFO cinder.api.openstack.wsgi [None req-abe590d1-5ec3-46e4-b258-496de50091d7 e9057204d35f41058b0abd78dfc13422 a6ff64e493e24dbe94b72bdcecd94ca8 - - default default] http://[LB_IP_ADDRESS]:8776/v3/a6ff64e493e24dbe94b72bdcecd94ca8/volumes/detail returned with HTTP 200
2025-01-14 15:11:33.032 24 INFO cinder.api.openstack.wsgi [None req-53776335-38ef-4059-a8eb-5bec94e5d4c1 e9057204d35f41058b0abd78dfc13422 a6ff64e493e24dbe94b72bdcecd94ca8 - - default default] POST http://[LB_IP_ADDRESS]:8776/v3/a6ff64e493e24dbe94b72bdcecd94ca8/groups/f1a9427d-cfd7-4e54-8fae-89c2b096d087/action
2025-01-14 15:11:33.036 24 INFO cinder.api.v3.groups [None req-53776335-38ef-4059-a8eb-5bec94e5d4c1 e9057204d35f41058b0abd78dfc13422 a6ff64e493e24dbe94b72bdcecd94ca8 - - default default] Delete group with id: f1a9427d-cfd7-4e54-8fae-89c2b096d087
2025-01-14 15:11:33.126 24 INFO cinder.api.openstack.wsgi [None req-53776335-38ef-4059-a8eb-5bec94e5d4c1 e9057204d35f41058b0abd78dfc13422 a6ff64e493e24dbe94b72bdcecd94ca8 - - default default] http://[LB_IP_ADDRESS]:8776/v3/a6ff64e493e24dbe94b72bdcecd94ca8/groups/f1a9427d-cfd7-4e54-8fae-89c2b096d087/action returned with HTTP 202
2025-01-14 15:11:33.138 23 INFO cinder.api.openstack.wsgi [None req-361f3cca-e4d6-4d9e-bdb8-af0faf12bc97 e9057204d35f41058b0abd78dfc13422 a6ff64e493e24dbe94b72bdcecd94ca8 - - default default] GET http://[LB_IP_ADDRESS]:8776/v3/a6ff64e493e24dbe94b72bdcecd94ca8/volumes/7ab12340-9045-4e15-807d-50c03089945e
2025-01-14 15:11:33.161 23 INFO cinder.volume.api [None req-361f3cca-e4d6-4d9e-bdb8-af0faf12bc97 e9057204d35f41058b0abd78dfc13422 a6ff64e493e24dbe94b72bdcecd94ca8 - - default default] Volume info retrieved successfully.
2025-01-14 15:11:33.187 23 INFO cinder.api.openstack.wsgi [None req-361f3cca-e4d6-4d9e-bdb8-af0faf12bc97 e9057204d35f41058b0abd78dfc13422 a6ff64e493e24dbe94b72bdcecd94ca8 - - default default] http://[LB_IP_ADDRESS]:8776/v3/a6ff64e493e24dbe94b72bdcecd94ca8/volumes/7ab12340-9045-4e15-807d-50c03089945e returned with HTTP 200
2025-01-14 15:11:34.215 21 INFO cinder.api.openstack.wsgi [None req-2bb0434c-2c28-4650-b4bd-c8c341361499 e9057204d35f41058b0abd78dfc13422 a6ff64e493e24dbe94b72bdcecd94ca8 - - default default] GET http://[LB_IP_ADDRESS]:8776/v3/a6ff64e493e24dbe94b72bdcecd94ca8/volumes/7ab12340-9045-4e15-807d-50c03089945e
2025-01-14 15:11:34.230 21 INFO cinder.api.openstack.wsgi [None req-2bb0434c-2c28-4650-b4bd-c8c341361499 e9057204d35f41058b0abd78dfc13422 a6ff64e493e24dbe94b72bdcecd94ca8 - - default default] http://[LB_IP_ADDRESS]:8776/v3/a6ff64e493e24dbe94b72bdcecd94ca8/volumes/7ab12340-9045-4e15-807d-50c03089945e returned with HTTP 404
2025-01-14 15:11:34.243 25 INFO cinder.api.openstack.wsgi [None req-a5775bcb-b0e1-469e-bea9-f6c1e6101ca6 e9057204d35f41058b0abd78dfc13422 a6ff64e493e24dbe94b72bdcecd94ca8 - - default default] GET http://[LB_IP_ADDRESS]:8776/v3/a6ff64e493e24dbe94b72bdcecd94ca8/volumes/7251ed68-c2b6-49eb-8546-2bc46e3a28be
2025-01-14 15:11:34.257 25 INFO cinder.api.openstack.wsgi [None req-a5775bcb-b0e1-469e-bea9-f6c1e6101ca6 e9057204d35f41058b0abd78dfc13422 a6ff64e493e24dbe94b72bdcecd94ca8 - - default default] http://[LB_IP_ADDRESS]:8776/v3/a6ff64e493e24dbe94b72bdcecd94ca8/volumes/7251ed68-c2b6-49eb-8546-2bc46e3a28be returned with HTTP 404
2025-01-14 15:11:34.270 22 INFO cinder.api.openstack.wsgi [None req-c932d357-dd92-4e42-9e26-f3fcaa43f72b e9057204d35f41058b0abd78dfc13422 a6ff64e493e24dbe94b72bdcecd94ca8 - - default default] GET http://[LB_IP_ADDRESS]:8776/v3/a6ff64e493e24dbe94b72bdcecd94ca8/groups/f1a9427d-cfd7-4e54-8fae-89c2b096d087
2025-01-14 15:11:34.276 22 INFO cinder.api.openstack.wsgi [None req-c932d357-dd92-4e42-9e26-f3fcaa43f72b e9057204d35f41058b0abd78dfc13422 a6ff64e493e24dbe94b72bdcecd94ca8 - - default default] http://[LB_IP_ADDRESS]:8776/v3/a6ff64e493e24dbe94b72bdcecd94ca8/groups/f1a9427d-cfd7-4e54-8fae-89c2b096d087 returned with HTTP 404
2025-01-14 15:11:34.289 24 INFO cinder.api.openstack.wsgi [None req-59b51c98-a287-411a-8632-f3dfa7471ccd 9acc2e06fb6a43cb8481cdedc53ab4b8 c9376c13b53542cca42f698c3b3163d1 - - default default] DELETE http://[LB_IP_ADDRESS]:8776/v3/c9376c13b53542cca42f698c3b3163d1/group_types/5a6ab339-9118-4b3d-a4b0-288654d25a88
2025-01-14 15:11:34.315 24 INFO cinder.api.openstack.wsgi [None req-59b51c98-a287-411a-8632-f3dfa7471ccd 9acc2e06fb6a43cb8481cdedc53ab4b8 c9376c13b53542cca42f698c3b3163d1 - - default default] http://[LB_IP_ADDRESS]:8776/v3/c9376c13b53542cca42f698c3b3163d1/group_types/5a6ab339-9118-4b3d-a4b0-288654d25a88 returned with HTTP 202
2025-01-14 15:11:34.327 23 INFO cinder.api.openstack.wsgi [None req-c0cf7b91-fbcc-41c4-b7e3-8202a30df5ff 9acc2e06fb6a43cb8481cdedc53ab4b8 c9376c13b53542cca42f698c3b3163d1 - - default default] DELETE http://[LB_IP_ADDRESS]:8776/v3/c9376c13b53542cca42f698c3b3163d1/types/6f84d3c9-5ba2-4389-8a06-6456a0846808
2025-01-14 15:11:34.373 23 INFO cinder.api.openstack.wsgi [None req-c0cf7b91-fbcc-41c4-b7e3-8202a30df5ff 9acc2e06fb6a43cb8481cdedc53ab4b8 c9376c13b53542cca42f698c3b3163d1 - - default default] http://[LB_IP_ADDRESS]:8776/v3/c9376c13b53542cca42f698c3b3163d1/types/6f84d3c9-5ba2-4389-8a06-6456a0846808 returned with HTTP 202
2025-01-14 15:11:34.385 21 INFO cinder.api.openstack.wsgi [None req-9af8abeb-5439-4ec2-b9db-d1ac1f26cfe2 9acc2e06fb6a43cb8481cdedc53ab4b8 c9376c13b53542cca42f698c3b3163d1 - - default default] GET http://[LB_IP_ADDRESS]:8776/v3/c9376c13b53542cca42f698c3b3163d1/types/6f84d3c9-5ba2-4389-8a06-6456a0846808
2025-01-14 15:11:34.393 21 INFO cinder.api.openstack.wsgi [None req-9af8abeb-5439-4ec2-b9db-d1ac1f26cfe2 9acc2e06fb6a43cb8481cdedc53ab4b8 c9376c13b53542cca42f698c3b3163d1 - - default default] http://[LB_IP_ADDRESS]:8776/v3/c9376c13b53542cca42f698c3b3163d1/types/6f84d3c9-5ba2-4389-8a06-6456a0846808 returned with HTTP 404
2025-01-14 15:11:35.355 25 INFO cinder.api.openstack.wsgi [None req-43235b69-d27d-4e11-b459-e6f16fc430b5 57ba310175bd493592933d01b7896dc4 97fe459d322c482cb2bfa751a715ff1c - - default default] POST http://[LB_IP_ADDRESS]:8776/v3/97fe459d322c482cb2bfa751a715ff1c/volumes
2025-01-14 15:11:35.359 25 INFO cinder.api.v3.volumes [None req-43235b69-d27d-4e11-b459-e6f16fc430b5 57ba310175bd493592933d01b7896dc4 97fe459d322c482cb2bfa751a715ff1c - - default default] Create volume of 1 GB
2025-01-14 15:11:35.367 25 INFO cinder.volume.api [None req-43235b69-d27d-4e11-b459-e6f16fc430b5 57ba310175bd493592933d01b7896dc4 97fe459d322c482cb2bfa751a715ff1c - - default default] Availability Zones retrieved successfully.
2025-01-14 15:11:35.646 25 INFO cinder.volume.api [None req-43235b69-d27d-4e11-b459-e6f16fc430b5 57ba310175bd493592933d01b7896dc4 97fe459d322c482cb2bfa751a715ff1c - - default default] Create volume request issued successfully.
2025-01-14 15:11:35.647 25 INFO cinder.api.openstack.wsgi [None req-43235b69-d27d-4e11-b459-e6f16fc430b5 57ba310175bd493592933d01b7896dc4 97fe459d322c482cb2bfa751a715ff1c - - default default] http://[LB_IP_ADDRESS]:8776/v3/97fe459d322c482cb2bfa751a715ff1c/volumes returned with HTTP 202
2025-01-14 15:11:35.672 22 INFO cinder.api.openstack.wsgi [None req-0fe9a55f-9db1-4ec7-acb7-51d823331ddb 57ba310175bd493592933d01b7896dc4 97fe459d322c482cb2bfa751a715ff1c - - default default] GET http://[LB_IP_ADDRESS]:8776/v3/97fe459d322c482cb2bfa751a715ff1c/volumes/60f8b533-da41-4baf-be94-1644cdf197ca
2025-01-14 15:11:35.697 22 INFO cinder.volume.api [None req-0fe9a55f-9db1-4ec7-acb7-51d823331ddb 57ba310175bd493592933d01b7896dc4 97fe459d322c482cb2bfa751a715ff1c - - default default] Volume info retrieved successfully.
2025-01-14 15:11:35.706 22 INFO cinder.api.openstack.wsgi [None req-0fe9a55f-9db1-4ec7-acb7-51d823331ddb 57ba310175bd493592933d01b7896dc4 97fe459d322c482cb2bfa751a715ff1c - - default default] http://[LB_IP_ADDRESS]:8776/v3/97fe459d322c482cb2bfa751a715ff1c/volumes/60f8b533-da41-4baf-be94-1644cdf197ca returned with HTTP 200
2025-01-14 15:11:36.734 24 INFO cinder.api.openstack.wsgi [None req-d534312b-b7f3-4fe9-89e2-32d1228ac9f4 57ba310175bd493592933d01b7896dc4 97fe459d322c482cb2bfa751a715ff1c - - default default] GET http://[LB_IP_ADDRESS]:8776/v3/97fe459d322c482cb2bfa751a715ff1c/volumes/60f8b533-da41-4baf-be94-1644cdf197ca
2025-01-14 15:11:36.758 24 INFO cinder.volume.api [None req-d534312b-b7f3-4fe9-89e2-32d1228ac9f4 57ba310175bd493592933d01b7896dc4 97fe459d322c482cb2bfa751a715ff1c - - default default] Volume info retrieved successfully.
2025-01-14 15:11:36.767 24 INFO cinder.api.openstack.wsgi [None req-d534312b-b7f3-4fe9-89e2-32d1228ac9f4 57ba310175bd493592933d01b7896dc4 97fe459d322c482cb2bfa751a715ff1c - - default default] http://[LB_IP_ADDRESS]:8776/v3/97fe459d322c482cb2bfa751a715ff1c/volumes/60f8b533-da41-4baf-be94-1644cdf197ca returned with HTTP 200
2025-01-14 15:11:37.795 23 INFO cinder.api.openstack.wsgi [None req-f093995c-6bc6-43d8-b832-caa7c9832f59 57ba310175bd493592933d01b7896dc4 97fe459d322c482cb2bfa751a715ff1c - - default default] GET http://[LB_IP_ADDRESS]:8776/v3/97fe459d322c482cb2bfa751a715ff1c/volumes/60f8b533-da41-4baf-be94-1644cdf197ca
2025-01-14 15:11:37.818 23 INFO cinder.volume.api [None req-f093995c-6bc6-43d8-b832-caa7c9832f59 57ba310175bd493592933d01b7896dc4 97fe459d322c482cb2bfa751a715ff1c - - default default] Volume info retrieved successfully.
2025-01-14 15:11:37.827 23 INFO cinder.api.openstack.wsgi [None req-f093995c-6bc6-43d8-b832-caa7c9832f59 57ba310175bd493592933d01b7896dc4 97fe459d322c482cb2bfa751a715ff1c - - default default] http://[LB_IP_ADDRESS]:8776/v3/97fe459d322c482cb2bfa751a715ff1c/volumes/60f8b533-da41-4baf-be94-1644cdf197ca returned with HTTP 200
2025-01-14 15:11:37.855 21 INFO cinder.api.openstack.wsgi [None req-59c3d094-c101-443a-8468-dfbc5e20c66a 57ba310175bd493592933d01b7896dc4 97fe459d322c482cb2bfa751a715ff1c - - default default] POST http://[LB_IP_ADDRESS]:8776/v3/97fe459d322c482cb2bfa751a715ff1c/snapshots
2025-01-14 15:11:37.876 21 INFO cinder.volume.api [None req-59c3d094-c101-443a-8468-dfbc5e20c66a 57ba310175bd493592933d01b7896dc4 97fe459d322c482cb2bfa751a715ff1c - - default default] Volume info retrieved successfully.
2025-01-14 15:11:37.877 21 INFO cinder.api.v3.snapshots [None req-59c3d094-c101-443a-8468-dfbc5e20c66a 57ba310175bd493592933d01b7896dc4 97fe459d322c482cb2bfa751a715ff1c - - default default] Create snapshot from volume 60f8b533-da41-4baf-be94-1644cdf197ca
2025-01-14 15:11:38.016 21 INFO cinder.volume.api [None req-59c3d094-c101-443a-8468-dfbc5e20c66a 57ba310175bd493592933d01b7896dc4 97fe459d322c482cb2bfa751a715ff1c - - default default] Snapshot create request issued successfully.
2025-01-14 15:11:38.017 21 INFO cinder.api.openstack.wsgi [None req-59c3d094-c101-443a-8468-dfbc5e20c66a 57ba310175bd493592933d01b7896dc4 97fe459d322c482cb2bfa751a715ff1c - - default default] http://[LB_IP_ADDRESS]:8776/v3/97fe459d322c482cb2bfa751a715ff1c/snapshots returned with HTTP 202
2025-01-14 15:11:38.031 25 INFO cinder.api.openstack.wsgi [None req-29fcbf69-b436-445c-a19a-22b99e7e536b 57ba310175bd493592933d01b7896dc4 97fe459d322c482cb2bfa751a715ff1c - - default default] GET http://[LB_IP_ADDRESS]:8776/v3/97fe459d322c482cb2bfa751a715ff1c/snapshots/aab267ae-2222-46ed-b9c1-8526704ada0c
2025-01-14 15:11:38.041 25 INFO cinder.volume.api [None req-29fcbf69-b436-445c-a19a-22b99e7e536b 57ba310175bd493592933d01b7896dc4 97fe459d322c482cb2bfa751a715ff1c - - default default] Snapshot retrieved successfully.
2025-01-14 15:11:38.042 25 INFO cinder.api.openstack.wsgi [None req-29fcbf69-b436-445c-a19a-22b99e7e536b 57ba310175bd493592933d01b7896dc4 97fe459d322c482cb2bfa751a715ff1c - - default default] http://[LB_IP_ADDRESS]:8776/v3/97fe459d322c482cb2bfa751a715ff1c/snapshots/aab267ae-2222-46ed-b9c1-8526704ada0c returned with HTTP 200
2025-01-14 15:11:39.058 24 INFO cinder.api.openstack.wsgi [None req-75cb5c83-cab0-4825-a671-5c14f847ffe6 57ba310175bd493592933d01b7896dc4 97fe459d322c482cb2bfa751a715ff1c - - default default] GET http://[LB_IP_ADDRESS]:8776/v3/97fe459d322c482cb2bfa751a715ff1c/snapshots/aab267ae-2222-46ed-b9c1-8526704ada0c
2025-01-14 15:11:39.072 24 INFO cinder.volume.api [None req-75cb5c83-cab0-4825-a671-5c14f847ffe6 57ba310175bd493592933d01b7896dc4 97fe459d322c482cb2bfa751a715ff1c - - default default] Snapshot retrieved successfully.
2025-01-14 15:11:39.073 22 INFO cinder.api.openstack.wsgi [None req-1be219a7-a4a2-4c5f-b5f0-c3ca59d28aac a2759c7aca2042db9f68003eb8164490 4e9ee4cdc044416592290bbcd9338907 - - default default] POST http://[LB_IP_ADDRESS]:8776/v3/4e9ee4cdc044416592290bbcd9338907/types
2025-01-14 15:11:39.074 24 INFO cinder.api.openstack.wsgi [None req-75cb5c83-cab0-4825-a671-5c14f847ffe6 57ba310175bd493592933d01b7896dc4 97fe459d322c482cb2bfa751a715ff1c - - default default] http://[LB_IP_ADDRESS]:8776/v3/97fe459d322c482cb2bfa751a715ff1c/snapshots/aab267ae-2222-46ed-b9c1-8526704ada0c returned with HTTP 200
2025-01-14 15:11:39.100 22 INFO cinder.api.openstack.wsgi [None req-1be219a7-a4a2-4c5f-b5f0-c3ca59d28aac a2759c7aca2042db9f68003eb8164490 4e9ee4cdc044416592290bbcd9338907 - - default default] http://[LB_IP_ADDRESS]:8776/v3/4e9ee4cdc044416592290bbcd9338907/types returned with HTTP 200
2025-01-14 15:11:39.113 23 INFO cinder.api.openstack.wsgi [None req-d9cb1e12-7ab8-46ef-8417-2591e5169360 a2759c7aca2042db9f68003eb8164490 4e9ee4cdc044416592290bbcd9338907 - - default default] POST http://[LB_IP_ADDRESS]:8776/v3/4e9ee4cdc044416592290bbcd9338907/types/5ec90088-cdd4-4faa-a02b-57387ba89f56/action
2025-01-14 15:11:39.126 23 INFO cinder.api.openstack.wsgi [None req-d9cb1e12-7ab8-46ef-8417-2591e5169360 a2759c7aca2042db9f68003eb8164490 4e9ee4cdc044416592290bbcd9338907 - - default default] http://[LB_IP_ADDRESS]:8776/v3/4e9ee4cdc044416592290bbcd9338907/types/5ec90088-cdd4-4faa-a02b-57387ba89f56/action returned with HTTP 202
2025-01-14 15:11:39.137 21 INFO cinder.api.openstack.wsgi [None req-0bee2a4a-cb3b-41e0-89c6-048b666d76c9 a2759c7aca2042db9f68003eb8164490 4e9ee4cdc044416592290bbcd9338907 - - default default] POST http://[LB_IP_ADDRESS]:8776/v3/4e9ee4cdc044416592290bbcd9338907/types/5ec90088-cdd4-4faa-a02b-57387ba89f56/action
2025-01-14 15:11:39.151 21 INFO cinder.api.openstack.wsgi [None req-0bee2a4a-cb3b-41e0-89c6-048b666d76c9 a2759c7aca2042db9f68003eb8164490 4e9ee4cdc044416592290bbcd9338907 - - default default] http://[LB_IP_ADDRESS]:8776/v3/4e9ee4cdc044416592290bbcd9338907/types/5ec90088-cdd4-4faa-a02b-57387ba89f56/action returned with HTTP 202
2025-01-14 15:11:39.164 25 INFO cinder.api.openstack.wsgi [None req-ac0bd52a-fd9a-4dfb-8e68-ab0ae98e0dc2 a2759c7aca2042db9f68003eb8164490 4e9ee4cdc044416592290bbcd9338907 - - default default] GET http://[LB_IP_ADDRESS]:8776/v3/4e9ee4cdc044416592290bbcd9338907/types/5ec90088-cdd4-4faa-a02b-57387ba89f56/os-volume-type-access
2025-01-14 15:11:39.173 25 INFO cinder.api.openstack.wsgi [None req-ac0bd52a-fd9a-4dfb-8e68-ab0ae98e0dc2 a2759c7aca2042db9f68003eb8164490 4e9ee4cdc044416592290bbcd9338907 - - default default] http://[LB_IP_ADDRESS]:8776/v3/4e9ee4cdc044416592290bbcd9338907/types/5ec90088-cdd4-4faa-a02b-57387ba89f56/os-volume-type-access returned with HTTP 200
2025-01-14 15:11:39.186 24 INFO cinder.api.openstack.wsgi [None req-02a06fd5-d2d0-44f6-9432-de74fe85745c a2759c7aca2042db9f68003eb8164490 4e9ee4cdc044416592290bbcd9338907 - - default default] POST http://[LB_IP_ADDRESS]:8776/v3/4e9ee4cdc044416592290bbcd9338907/types/5ec90088-cdd4-4faa-a02b-57387ba89f56/action
2025-01-14 15:11:39.203 24 INFO cinder.api.openstack.wsgi [None req-02a06fd5-d2d0-44f6-9432-de74fe85745c a2759c7aca2042db9f68003eb8164490 4e9ee4cdc044416592290bbcd9338907 - - default default] http://[LB_IP_ADDRESS]:8776/v3/4e9ee4cdc044416592290bbcd9338907/types/5ec90088-cdd4-4faa-a02b-57387ba89f56/action returned with HTTP 202
2025-01-14 15:11:39.213 22 INFO cinder.api.openstack.wsgi [None req-7883c481-f34f-4411-afcb-006257d7acd2 a2759c7aca2042db9f68003eb8164490 4e9ee4cdc044416592290bbcd9338907 - - default default] POST http://[LB_IP_ADDRESS]:8776/v3/4e9ee4cdc044416592290bbcd9338907/types/5ec90088-cdd4-4faa-a02b-57387ba89f56/action
2025-01-14 15:11:39.229 22 INFO cinder.api.openstack.wsgi [None req-7883c481-f34f-4411-afcb-006257d7acd2 a2759c7aca2042db9f68003eb8164490 4e9ee4cdc044416592290bbcd9338907 - - default default] http://[LB_IP_ADDRESS]:8776/v3/4e9ee4cdc044416592290bbcd9338907/types/5ec90088-cdd4-4faa-a02b-57387ba89f56/action returned with HTTP 202
2025-01-14 15:11:39.238 23 INFO cinder.api.openstack.wsgi [None req-b7eec657-ecd2-4ed8-9a4b-661eeb99168d a2759c7aca2042db9f68003eb8164490 4e9ee4cdc044416592290bbcd9338907 - - default default] DELETE http://[LB_IP_ADDRESS]:8776/v3/4e9ee4cdc044416592290bbcd9338907/types/5ec90088-cdd4-4faa-a02b-57387ba89f56
2025-01-14 15:11:39.280 23 INFO cinder.api.openstack.wsgi [None req-b7eec657-ecd2-4ed8-9a4b-661eeb99168d a2759c7aca2042db9f68003eb8164490 4e9ee4cdc044416592290bbcd9338907 - - default default] http://[LB_IP_ADDRESS]:8776/v3/4e9ee4cdc044416592290bbcd9338907/types/5ec90088-cdd4-4faa-a02b-57387ba89f56 returned with HTTP 202
2025-01-14 15:11:39.290 21 INFO cinder.api.openstack.wsgi [None req-c5e8dd78-cea7-4f13-a859-4c33a8513797 a2759c7aca2042db9f68003eb8164490 4e9ee4cdc044416592290bbcd9338907 - - default default] GET http://[LB_IP_ADDRESS]:8776/v3/4e9ee4cdc044416592290bbcd9338907/types/5ec90088-cdd4-4faa-a02b-57387ba89f56
2025-01-14 15:11:39.297 21 INFO cinder.api.openstack.wsgi [None req-c5e8dd78-cea7-4f13-a859-4c33a8513797 a2759c7aca2042db9f68003eb8164490 4e9ee4cdc044416592290bbcd9338907 - - default default] http://[LB_IP_ADDRESS]:8776/v3/4e9ee4cdc044416592290bbcd9338907/types/5ec90088-cdd4-4faa-a02b-57387ba89f56 returned with HTTP 404
2025-01-14 15:11:39.611 25 INFO cinder.api.openstack.wsgi [None req-ea95b1b0-9084-49dd-b4e3-13b87b0cb6cb 815e730c62bc42fabb9e9ba5e41a1879 fb2125e5d5294f81934fc46eafd41d93 - - default default] POST http://[LB_IP_ADDRESS]:8776/v3/fb2125e5d5294f81934fc46eafd41d93/qos-specs
2025-01-14 15:11:39.629 25 INFO cinder.api.openstack.wsgi [None req-ea95b1b0-9084-49dd-b4e3-13b87b0cb6cb 815e730c62bc42fabb9e9ba5e41a1879 fb2125e5d5294f81934fc46eafd41d93 - - default default] http://[LB_IP_ADDRESS]:8776/v3/fb2125e5d5294f81934fc46eafd41d93/qos-specs returned with HTTP 200
2025-01-14 15:11:39.646 24 INFO cinder.api.openstack.wsgi [None req-318ec851-a226-4792-bb0f-73df2d7bfed7 815e730c62bc42fabb9e9ba5e41a1879 fb2125e5d5294f81934fc46eafd41d93 - - default default] POST http://[LB_IP_ADDRESS]:8776/v3/fb2125e5d5294f81934fc46eafd41d93/types
2025-01-14 15:11:39.671 24 INFO cinder.api.openstack.wsgi [None req-318ec851-a226-4792-bb0f-73df2d7bfed7 815e730c62bc42fabb9e9ba5e41a1879 fb2125e5d5294f81934fc46eafd41d93 - - default default] http://[LB_IP_ADDRESS]:8776/v3/fb2125e5d5294f81934fc46eafd41d93/types returned with HTTP 200
2025-01-14 15:11:39.684 22 INFO cinder.api.openstack.wsgi [None req-0430801e-4ccd-4a61-9d4a-cccdfb2d5f1b 815e730c62bc42fabb9e9ba5e41a1879 fb2125e5d5294f81934fc46eafd41d93 - - default default] POST http://[LB_IP_ADDRESS]:8776/v3/fb2125e5d5294f81934fc46eafd41d93/types
2025-01-14 15:11:39.709 22 INFO cinder.api.openstack.wsgi [None req-0430801e-4ccd-4a61-9d4a-cccdfb2d5f1b 815e730c62bc42fabb9e9ba5e41a1879 fb2125e5d5294f81934fc46eafd41d93 - - default default] http://[LB_IP_ADDRESS]:8776/v3/fb2125e5d5294f81934fc46eafd41d93/types returned with HTTP 200
2025-01-14 15:11:39.722 23 INFO cinder.api.openstack.wsgi [None req-7440cacd-fa79-4bd6-afc4-3b443114afd2 815e730c62bc42fabb9e9ba5e41a1879 fb2125e5d5294f81934fc46eafd41d93 - - default default] POST http://[LB_IP_ADDRESS]:8776/v3/fb2125e5d5294f81934fc46eafd41d93/types
2025-01-14 15:11:39.747 23 INFO cinder.api.openstack.wsgi [None req-7440cacd-fa79-4bd6-afc4-3b443114afd2 815e730c62bc42fabb9e9ba5e41a1879 fb2125e5d5294f81934fc46eafd41d93 - - default default] http://[LB_IP_ADDRESS]:8776/v3/fb2125e5d5294f81934fc46eafd41d93/types returned with HTTP 200
2025-01-14 15:11:39.764 21 INFO cinder.api.openstack.wsgi [None req-766d81dd-74c8-4c11-a02c-06bd24d0374f 815e730c62bc42fabb9e9ba5e41a1879 fb2125e5d5294f81934fc46eafd41d93 - - default default] GET http://[LB_IP_ADDRESS]:8776/v3/fb2125e5d5294f81934fc46eafd41d93/qos-specs/4891f48e-2ef0-4228-936c-6a7855db047d/associate?vol_type_id=5dbcae6a-8016-454b-9a41-0d9d2fd5294d
2025-01-14 15:11:39.795 21 INFO cinder.api.openstack.wsgi [None req-766d81dd-74c8-4c11-a02c-06bd24d0374f 815e730c62bc42fabb9e9ba5e41a1879 fb2125e5d5294f81934fc46eafd41d93 - - default default] http://[LB_IP_ADDRESS]:8776/v3/fb2125e5d5294f81934fc46eafd41d93/qos-specs/4891f48e-2ef0-4228-936c-6a7855db047d/associate?vol_type_id=5dbcae6a-8016-454b-9a41-0d9d2fd5294d returned with HTTP 202
2025-01-14 15:11:39.809 25 INFO cinder.api.openstack.wsgi [None req-5c0d39d3-e9b3-41a7-a33b-165b181242c6 815e730c62bc42fabb9e9ba5e41a1879 fb2125e5d5294f81934fc46eafd41d93 - - default default] GET http://[LB_IP_ADDRESS]:8776/v3/fb2125e5d5294f81934fc46eafd41d93/qos-specs/4891f48e-2ef0-4228-936c-6a7855db047d/associate?vol_type_id=3c5aba4b-92b5-4499-8a00-5c618c69a1fd
2025-01-14 15:11:39.833 25 INFO cinder.api.openstack.wsgi [None req-5c0d39d3-e9b3-41a7-a33b-165b181242c6 815e730c62bc42fabb9e9ba5e41a1879 fb2125e5d5294f81934fc46eafd41d93 - - default default] http://[LB_IP_ADDRESS]:8776/v3/fb2125e5d5294f81934fc46eafd41d93/qos-specs/4891f48e-2ef0-4228-936c-6a7855db047d/associate?vol_type_id=3c5aba4b-92b5-4499-8a00-5c618c69a1fd returned with HTTP 202
2025-01-14 15:11:39.846 24 INFO cinder.api.openstack.wsgi [None req-f7bdf9b5-5217-40a9-86e2-917d04c9698a 815e730c62bc42fabb9e9ba5e41a1879 fb2125e5d5294f81934fc46eafd41d93 - - default default] GET http://[LB_IP_ADDRESS]:8776/v3/fb2125e5d5294f81934fc46eafd41d93/qos-specs/4891f48e-2ef0-4228-936c-6a7855db047d/associate?vol_type_id=4c01ce15-f6db-4a59-ab69-b09ac27019b5
2025-01-14 15:11:39.875 24 INFO cinder.api.openstack.wsgi [None req-f7bdf9b5-5217-40a9-86e2-917d04c9698a 815e730c62bc42fabb9e9ba5e41a1879 fb2125e5d5294f81934fc46eafd41d93 - - default default] http://[LB_IP_ADDRESS]:8776/v3/fb2125e5d5294f81934fc46eafd41d93/qos-specs/4891f48e-2ef0-4228-936c-6a7855db047d/associate?vol_type_id=4c01ce15-f6db-4a59-ab69-b09ac27019b5 returned with HTTP 202
2025-01-14 15:11:39.887 22 INFO cinder.api.openstack.wsgi [None req-d9d08e9e-7692-40c0-9af6-f573c1216044 815e730c62bc42fabb9e9ba5e41a1879 fb2125e5d5294f81934fc46eafd41d93 - - default default] GET http://[LB_IP_ADDRESS]:8776/v3/fb2125e5d5294f81934fc46eafd41d93/qos-specs/4891f48e-2ef0-4228-936c-6a7855db047d/associations
2025-01-14 15:11:39.901 22 INFO cinder.api.openstack.wsgi [None req-d9d08e9e-7692-40c0-9af6-f573c1216044 815e730c62bc42fabb9e9ba5e41a1879 fb2125e5d5294f81934fc46eafd41d93 - - default default] http://[LB_IP_ADDRESS]:8776/v3/fb2125e5d5294f81934fc46eafd41d93/qos-specs/4891f48e-2ef0-4228-936c-6a7855db047d/associations returned with HTTP 200
2025-01-14 15:11:39.915 23 INFO cinder.api.openstack.wsgi [None req-e4dd2b3f-37a4-44c2-95f5-2c00815ecf98 815e730c62bc42fabb9e9ba5e41a1879 fb2125e5d5294f81934fc46eafd41d93 - - default default] GET http://[LB_IP_ADDRESS]:8776/v3/fb2125e5d5294f81934fc46eafd41d93/qos-specs/4891f48e-2ef0-4228-936c-6a7855db047d/disassociate?vol_type_id=5dbcae6a-8016-454b-9a41-0d9d2fd5294d
2025-01-14 15:11:39.933 23 INFO cinder.api.openstack.wsgi [None req-e4dd2b3f-37a4-44c2-95f5-2c00815ecf98 815e730c62bc42fabb9e9ba5e41a1879 fb2125e5d5294f81934fc46eafd41d93 - - default default] http://[LB_IP_ADDRESS]:8776/v3/fb2125e5d5294f81934fc46eafd41d93/qos-specs/4891f48e-2ef0-4228-936c-6a7855db047d/disassociate?vol_type_id=5dbcae6a-8016-454b-9a41-0d9d2fd5294d returned with HTTP 202
2025-01-14 15:11:39.945 21 INFO cinder.api.openstack.wsgi [None req-ffff439d-7c11-4f2a-a246-cdec726c2275 815e730c62bc42fabb9e9ba5e41a1879 fb2125e5d5294f81934fc46eafd41d93 - - default default] GET http://[LB_IP_ADDRESS]:8776/v3/fb2125e5d5294f81934fc46eafd41d93/qos-specs/4891f48e-2ef0-4228-936c-6a7855db047d/associations
2025-01-14 15:11:39.961 21 INFO cinder.api.openstack.wsgi [None req-ffff439d-7c11-4f2a-a246-cdec726c2275 815e730c62bc42fabb9e9ba5e41a1879 fb2125e5d5294f81934fc46eafd41d93 - - default default] http://[LB_IP_ADDRESS]:8776/v3/fb2125e5d5294f81934fc46eafd41d93/qos-specs/4891f48e-2ef0-4228-936c-6a7855db047d/associations returned with HTTP 200
2025-01-14 15:11:39.977 25 INFO cinder.api.openstack.wsgi [None req-82a0f618-8443-42e0-98bd-e4cb7a71c7be 815e730c62bc42fabb9e9ba5e41a1879 fb2125e5d5294f81934fc46eafd41d93 - - default default] GET http://[LB_IP_ADDRESS]:8776/v3/fb2125e5d5294f81934fc46eafd41d93/qos-specs/4891f48e-2ef0-4228-936c-6a7855db047d/disassociate_all
2025-01-14 15:11:39.995 25 INFO cinder.api.openstack.wsgi [None req-82a0f618-8443-42e0-98bd-e4cb7a71c7be 815e730c62bc42fabb9e9ba5e41a1879 fb2125e5d5294f81934fc46eafd41d93 - - default default] http://[LB_IP_ADDRESS]:8776/v3/fb2125e5d5294f81934fc46eafd41d93/qos-specs/4891f48e-2ef0-4228-936c-6a7855db047d/disassociate_all returned with HTTP 202
2025-01-14 15:11:40.008 24 INFO cinder.api.openstack.wsgi [None req-7fa4d2cd-389a-4fa8-a54c-6c7385101e2f 815e730c62bc42fabb9e9ba5e41a1879 fb2125e5d5294f81934fc46eafd41d93 - - default default] GET http://[LB_IP_ADDRESS]:8776/v3/fb2125e5d5294f81934fc46eafd41d93/qos-specs/4891f48e-2ef0-4228-936c-6a7855db047d/associations
2025-01-14 15:11:40.020 24 INFO cinder.api.openstack.wsgi [None req-7fa4d2cd-389a-4fa8-a54c-6c7385101e2f 815e730c62bc42fabb9e9ba5e41a1879 fb2125e5d5294f81934fc46eafd41d93 - - default default] http://[LB_IP_ADDRESS]:8776/v3/fb2125e5d5294f81934fc46eafd41d93/qos-specs/4891f48e-2ef0-4228-936c-6a7855db047d/associations returned with HTTP 200
2025-01-14 15:11:40.033 22 INFO cinder.api.openstack.wsgi [None req-2146196f-e699-47ed-88e6-1f4a1af37b6a 815e730c62bc42fabb9e9ba5e41a1879 fb2125e5d5294f81934fc46eafd41d93 - - default default] DELETE http://[LB_IP_ADDRESS]:8776/v3/fb2125e5d5294f81934fc46eafd41d93/types/4c01ce15-f6db-4a59-ab69-b09ac27019b5
2025-01-14 15:11:40.073 22 INFO cinder.api.openstack.wsgi [None req-2146196f-e699-47ed-88e6-1f4a1af37b6a 815e730c62bc42fabb9e9ba5e41a1879 fb2125e5d5294f81934fc46eafd41d93 - - default default] http://[LB_IP_ADDRESS]:8776/v3/fb2125e5d5294f81934fc46eafd41d93/types/4c01ce15-f6db-4a59-ab69-b09ac27019b5 returned with HTTP 202
2025-01-14 15:11:40.083 23 INFO cinder.api.openstack.wsgi [None req-e1a113c8-4999-4d18-96ba-efdde8bfb0af 815e730c62bc42fabb9e9ba5e41a1879 fb2125e5d5294f81934fc46eafd41d93 - - default default] GET http://[LB_IP_ADDRESS]:8776/v3/fb2125e5d5294f81934fc46eafd41d93/types/4c01ce15-f6db-4a59-ab69-b09ac27019b5
2025-01-14 15:11:40.088 23 INFO cinder.api.openstack.wsgi [None req-e1a113c8-4999-4d18-96ba-efdde8bfb0af 815e730c62bc42fabb9e9ba5e41a1879 fb2125e5d5294f81934fc46eafd41d93 - - default default] http://[LB_IP_ADDRESS]:8776/v3/fb2125e5d5294f81934fc46eafd41d93/types/4c01ce15-f6db-4a59-ab69-b09ac27019b5 returned with HTTP 404
2025-01-14 15:11:40.091 21 INFO cinder.api.openstack.wsgi [None req-4c09cba7-abbe-4871-b4dd-0a4a2b6fb5aa 57ba310175bd493592933d01b7896dc4 97fe459d322c482cb2bfa751a715ff1c - - default default] GET http://[LB_IP_ADDRESS]:8776/v3/97fe459d322c482cb2bfa751a715ff1c/snapshots/aab267ae-2222-46ed-b9c1-8526704ada0c
2025-01-14 15:11:40.098 25 INFO cinder.api.openstack.wsgi [None req-3a26c643-1e8a-485f-8d32-1b4b4625c58b 815e730c62bc42fabb9e9ba5e41a1879 fb2125e5d5294f81934fc46eafd41d93 - - default default] DELETE http://[LB_IP_ADDRESS]:8776/v3/fb2125e5d5294f81934fc46eafd41d93/types/3c5aba4b-92b5-4499-8a00-5c618c69a1fd
2025-01-14 15:11:40.103 21 INFO cinder.volume.api [None req-4c09cba7-abbe-4871-b4dd-0a4a2b6fb5aa 57ba310175bd493592933d01b7896dc4 97fe459d322c482cb2bfa751a715ff1c - - default default] Snapshot retrieved successfully.
2025-01-14 15:11:40.105 21 INFO cinder.api.openstack.wsgi [None req-4c09cba7-abbe-4871-b4dd-0a4a2b6fb5aa 57ba310175bd493592933d01b7896dc4 97fe459d322c482cb2bfa751a715ff1c - - default default] http://[LB_IP_ADDRESS]:8776/v3/97fe459d322c482cb2bfa751a715ff1c/snapshots/aab267ae-2222-46ed-b9c1-8526704ada0c returned with HTTP 200
2025-01-14 15:11:40.120 24 INFO cinder.api.openstack.wsgi [None req-a2d37252-2d7c-4503-b160-f35d3afd32cd 57ba310175bd493592933d01b7896dc4 97fe459d322c482cb2bfa751a715ff1c - - default default] POST http://[LB_IP_ADDRESS]:8776/v3/97fe459d322c482cb2bfa751a715ff1c/snapshots
2025-01-14 15:11:40.137 24 INFO cinder.volume.api [None req-a2d37252-2d7c-4503-b160-f35d3afd32cd 57ba310175bd493592933d01b7896dc4 97fe459d322c482cb2bfa751a715ff1c - - default default] Volume info retrieved successfully.
2025-01-14 15:11:40.137 24 INFO cinder.api.v3.snapshots [None req-a2d37252-2d7c-4503-b160-f35d3afd32cd 57ba310175bd493592933d01b7896dc4 97fe459d322c482cb2bfa751a715ff1c - - default default] Create snapshot from volume 60f8b533-da41-4baf-be94-1644cdf197ca
2025-01-14 15:11:40.150 25 INFO cinder.api.openstack.wsgi [None req-3a26c643-1e8a-485f-8d32-1b4b4625c58b 815e730c62bc42fabb9e9ba5e41a1879 fb2125e5d5294f81934fc46eafd41d93 - - default default] http://[LB_IP_ADDRESS]:8776/v3/fb2125e5d5294f81934fc46eafd41d93/types/3c5aba4b-92b5-4499-8a00-5c618c69a1fd returned with HTTP 202
2025-01-14 15:11:40.161 22 INFO cinder.api.openstack.wsgi [None req-4ce72e93-e866-45ae-9e0e-4e293040d3e7 815e730c62bc42fabb9e9ba5e41a1879 fb2125e5d5294f81934fc46eafd41d93 - - default default] GET http://[LB_IP_ADDRESS]:8776/v3/fb2125e5d5294f81934fc46eafd41d93/types/3c5aba4b-92b5-4499-8a00-5c618c69a1fd
2025-01-14 15:11:40.168 22 INFO cinder.api.openstack.wsgi [None req-4ce72e93-e866-45ae-9e0e-4e293040d3e7 815e730c62bc42fabb9e9ba5e41a1879 fb2125e5d5294f81934fc46eafd41d93 - - default default] http://[LB_IP_ADDRESS]:8776/v3/fb2125e5d5294f81934fc46eafd41d93/types/3c5aba4b-92b5-4499-8a00-5c618c69a1fd returned with HTTP 404
2025-01-14 15:11:40.178 23 INFO cinder.api.openstack.wsgi [None req-c418586c-bcc6-4bea-a581-4fd7b446b93d 815e730c62bc42fabb9e9ba5e41a1879 fb2125e5d5294f81934fc46eafd41d93 - - default default] DELETE http://[LB_IP_ADDRESS]:8776/v3/fb2125e5d5294f81934fc46eafd41d93/types/5dbcae6a-8016-454b-9a41-0d9d2fd5294d
2025-01-14 15:11:40.217 23 INFO cinder.api.openstack.wsgi [None req-c418586c-bcc6-4bea-a581-4fd7b446b93d 815e730c62bc42fabb9e9ba5e41a1879 fb2125e5d5294f81934fc46eafd41d93 - - default default] http://[LB_IP_ADDRESS]:8776/v3/fb2125e5d5294f81934fc46eafd41d93/types/5dbcae6a-8016-454b-9a41-0d9d2fd5294d returned with HTTP 202
2025-01-14 15:11:40.228 21 INFO cinder.api.openstack.wsgi [None req-84bbb01f-ead7-43e7-ab32-1a7ab262396b 815e730c62bc42fabb9e9ba5e41a1879 fb2125e5d5294f81934fc46eafd41d93 - - default default] GET http://[LB_IP_ADDRESS]:8776/v3/fb2125e5d5294f81934fc46eafd41d93/types/5dbcae6a-8016-454b-9a41-0d9d2fd5294d
2025-01-14 15:11:40.235 21 INFO cinder.api.openstack.wsgi [None req-84bbb01f-ead7-43e7-ab32-1a7ab262396b 815e730c62bc42fabb9e9ba5e41a1879 fb2125e5d5294f81934fc46eafd41d93 - - default default] http://[LB_IP_ADDRESS]:8776/v3/fb2125e5d5294f81934fc46eafd41d93/types/5dbcae6a-8016-454b-9a41-0d9d2fd5294d returned with HTTP 404
2025-01-14 15:11:40.250 25 INFO cinder.api.openstack.wsgi [None req-75368bc6-b4f3-4b98-9d99-d18b41fdb289 815e730c62bc42fabb9e9ba5e41a1879 fb2125e5d5294f81934fc46eafd41d93 - - default default] POST http://[LB_IP_ADDRESS]:8776/v3/fb2125e5d5294f81934fc46eafd41d93/qos-specs
2025-01-14 15:11:40.268 25 INFO cinder.api.openstack.wsgi [None req-75368bc6-b4f3-4b98-9d99-d18b41fdb289 815e730c62bc42fabb9e9ba5e41a1879 fb2125e5d5294f81934fc46eafd41d93 - - default default] http://[LB_IP_ADDRESS]:8776/v3/fb2125e5d5294f81934fc46eafd41d93/qos-specs returned with HTTP 200
2025-01-14 15:11:40.284 22 INFO cinder.api.openstack.wsgi [None req-dd230269-38c8-4f23-90fd-21d0c000f435 815e730c62bc42fabb9e9ba5e41a1879 fb2125e5d5294f81934fc46eafd41d93 - - default default] DELETE http://[LB_IP_ADDRESS]:8776/v3/fb2125e5d5294f81934fc46eafd41d93/qos-specs/35b4ac47-66ec-4e9d-96d2-d0c7fd04b0be?force=False
2025-01-14 15:11:40.293 24 INFO cinder.volume.api [None req-a2d37252-2d7c-4503-b160-f35d3afd32cd 57ba310175bd493592933d01b7896dc4 97fe459d322c482cb2bfa751a715ff1c - - default default] Snapshot create request issued successfully.
2025-01-14 15:11:40.296 24 INFO cinder.api.openstack.wsgi [None req-a2d37252-2d7c-4503-b160-f35d3afd32cd 57ba310175bd493592933d01b7896dc4 97fe459d322c482cb2bfa751a715ff1c - - default default] http://[LB_IP_ADDRESS]:8776/v3/97fe459d322c482cb2bfa751a715ff1c/snapshots returned with HTTP 202
2025-01-14 15:11:40.311 23 INFO cinder.api.openstack.wsgi [None req-3222c28a-76c3-4c06-b3d3-6a17a1173948 57ba310175bd493592933d01b7896dc4 97fe459d322c482cb2bfa751a715ff1c - - default default] GET http://[LB_IP_ADDRESS]:8776/v3/97fe459d322c482cb2bfa751a715ff1c/snapshots/665c9812-af7d-4df6-a0cb-8eac3d3c3f73
2025-01-14 15:11:40.312 22 INFO cinder.api.openstack.wsgi [None req-dd230269-38c8-4f23-90fd-21d0c000f435 815e730c62bc42fabb9e9ba5e41a1879 fb2125e5d5294f81934fc46eafd41d93 - - default default] http://[LB_IP_ADDRESS]:8776/v3/fb2125e5d5294f81934fc46eafd41d93/qos-specs/35b4ac47-66ec-4e9d-96d2-d0c7fd04b0be?force=False returned with HTTP 202
2025-01-14 15:11:40.321 23 INFO cinder.volume.api [None req-3222c28a-76c3-4c06-b3d3-6a17a1173948 57ba310175bd493592933d01b7896dc4 97fe459d322c482cb2bfa751a715ff1c - - default default] Snapshot retrieved successfully.
2025-01-14 15:11:40.323 23 INFO cinder.api.openstack.wsgi [None req-3222c28a-76c3-4c06-b3d3-6a17a1173948 57ba310175bd493592933d01b7896dc4 97fe459d322c482cb2bfa751a715ff1c - - default default] http://[LB_IP_ADDRESS]:8776/v3/97fe459d322c482cb2bfa751a715ff1c/snapshots/665c9812-af7d-4df6-a0cb-8eac3d3c3f73 returned with HTTP 200
2025-01-14 15:11:40.325 21 INFO cinder.api.openstack.wsgi [None req-144bb6ea-a92c-48bc-a048-b8e964afa9cd 815e730c62bc42fabb9e9ba5e41a1879 fb2125e5d5294f81934fc46eafd41d93 - - default default] GET http://[LB_IP_ADDRESS]:8776/v3/fb2125e5d5294f81934fc46eafd41d93/qos-specs/35b4ac47-66ec-4e9d-96d2-d0c7fd04b0be
