2024-05-10 20:07:29.212 23 INFO cinder.api.openstack.wsgi [None req-6d95b911-6ac0-464f-91de-0bde9485218b 5630cd7a48f3486ea6e0a5e79215c3d2 8cf85c812f1b424c9a8b45c12e734088 - - default default] http://[LB_IP_ADDRESS]:8776/v3/8cf85c812f1b424c9a8b45c12e734088/volumes/3ca3a847-a05d-40bb-8beb-bd0ae6bdea5c returned with HTTP 404
2024-05-10 20:07:29.232 22 INFO cinder.api.openstack.wsgi [None req-2b513144-d44d-4d61-b59c-164d71aac403 5630cd7a48f3486ea6e0a5e79215c3d2 8cf85c812f1b424c9a8b45c12e734088 - - default default] POST http://[LB_IP_ADDRESS]:8776/v3/8cf85c812f1b424c9a8b45c12e734088/volumes
2024-05-10 20:07:29.240 22 INFO cinder.api.v3.volumes [None req-2b513144-d44d-4d61-b59c-164d71aac403 5630cd7a48f3486ea6e0a5e79215c3d2 8cf85c812f1b424c9a8b45c12e734088 - - default default] Create volume of 1 GB
2024-05-10 20:07:29.252 22 INFO cinder.volume.api [None req-2b513144-d44d-4d61-b59c-164d71aac403 5630cd7a48f3486ea6e0a5e79215c3d2 8cf85c812f1b424c9a8b45c12e734088 - - default default] Availability Zones retrieved successfully.
2024-05-10 20:07:29.458 22 INFO cinder.volume.api [None req-2b513144-d44d-4d61-b59c-164d71aac403 5630cd7a48f3486ea6e0a5e79215c3d2 8cf85c812f1b424c9a8b45c12e734088 - - default default] Create volume request issued successfully.
2024-05-10 20:07:29.459 22 INFO cinder.api.openstack.wsgi [None req-2b513144-d44d-4d61-b59c-164d71aac403 5630cd7a48f3486ea6e0a5e79215c3d2 8cf85c812f1b424c9a8b45c12e734088 - - default default] http://[LB_IP_ADDRESS]:8776/v3/8cf85c812f1b424c9a8b45c12e734088/volumes returned with HTTP 202
2024-05-10 20:07:29.485 20 INFO cinder.api.openstack.wsgi [None req-23f84f68-375e-48ea-b7c4-9eb7ccccfe52 5630cd7a48f3486ea6e0a5e79215c3d2 8cf85c812f1b424c9a8b45c12e734088 - - default default] GET http://[LB_IP_ADDRESS]:8776/v3/8cf85c812f1b424c9a8b45c12e734088/volumes/8bed76d4-f7c5-42ce-badf-c759cfd93a94
2024-05-10 20:07:29.513 20 INFO cinder.volume.api [None req-23f84f68-375e-48ea-b7c4-9eb7ccccfe52 5630cd7a48f3486ea6e0a5e79215c3d2 8cf85c812f1b424c9a8b45c12e734088 - - default default] Volume info retrieved successfully.
2024-05-10 20:07:29.524 20 INFO cinder.api.openstack.wsgi [None req-23f84f68-375e-48ea-b7c4-9eb7ccccfe52 5630cd7a48f3486ea6e0a5e79215c3d2 8cf85c812f1b424c9a8b45c12e734088 - - default default] http://[LB_IP_ADDRESS]:8776/v3/8cf85c812f1b424c9a8b45c12e734088/volumes/8bed76d4-f7c5-42ce-badf-c759cfd93a94 returned with HTTP 200
2024-05-10 20:07:29.694 21 INFO cinder.api.openstack.wsgi [None req-094f4db8-e96d-4df7-bcb5-599175b53612 926583604f2e460590773da45fa7992a c7bc02f429b8403ab2a0237c6bfbf101 - - default default] GET http://[LB_IP_ADDRESS]:8776/v3/c7bc02f429b8403ab2a0237c6bfbf101/volumes/b7da2343-88be-4b65-b1e6-0c366555bd76
2024-05-10 20:07:29.720 21 INFO cinder.volume.api [None req-094f4db8-e96d-4df7-bcb5-599175b53612 926583604f2e460590773da45fa7992a c7bc02f429b8403ab2a0237c6bfbf101 - - default default] Volume info retrieved successfully.
2024-05-10 20:07:29.750 21 INFO cinder.api.openstack.wsgi [None req-094f4db8-e96d-4df7-bcb5-599175b53612 926583604f2e460590773da45fa7992a c7bc02f429b8403ab2a0237c6bfbf101 - - default default] http://[LB_IP_ADDRESS]:8776/v3/c7bc02f429b8403ab2a0237c6bfbf101/volumes/b7da2343-88be-4b65-b1e6-0c366555bd76 returned with HTTP 200
2024-05-10 20:07:30.553 19 INFO cinder.api.openstack.wsgi [None req-326f205a-1fbb-4607-98e6-c088fb838924 5630cd7a48f3486ea6e0a5e79215c3d2 8cf85c812f1b424c9a8b45c12e734088 - - default default] GET http://[LB_IP_ADDRESS]:8776/v3/8cf85c812f1b424c9a8b45c12e734088/volumes/8bed76d4-f7c5-42ce-badf-c759cfd93a94
2024-05-10 20:07:30.574 19 INFO cinder.volume.api [None req-326f205a-1fbb-4607-98e6-c088fb838924 5630cd7a48f3486ea6e0a5e79215c3d2 8cf85c812f1b424c9a8b45c12e734088 - - default default] Volume info retrieved successfully.
2024-05-10 20:07:30.581 19 INFO cinder.api.openstack.wsgi [None req-326f205a-1fbb-4607-98e6-c088fb838924 5630cd7a48f3486ea6e0a5e79215c3d2 8cf85c812f1b424c9a8b45c12e734088 - - default default] http://[LB_IP_ADDRESS]:8776/v3/8cf85c812f1b424c9a8b45c12e734088/volumes/8bed76d4-f7c5-42ce-badf-c759cfd93a94 returned with HTTP 200
2024-05-10 20:07:30.778 23 INFO cinder.api.openstack.wsgi [None req-8065bced-7573-4710-b164-e29d32aa1cf6 926583604f2e460590773da45fa7992a c7bc02f429b8403ab2a0237c6bfbf101 - - default default] GET http://[LB_IP_ADDRESS]:8776/v3/c7bc02f429b8403ab2a0237c6bfbf101/volumes/b7da2343-88be-4b65-b1e6-0c366555bd76
2024-05-10 20:07:30.806 23 INFO cinder.volume.api [None req-8065bced-7573-4710-b164-e29d32aa1cf6 926583604f2e460590773da45fa7992a c7bc02f429b8403ab2a0237c6bfbf101 - - default default] Volume info retrieved successfully.
2024-05-10 20:07:30.837 23 INFO cinder.api.openstack.wsgi [None req-8065bced-7573-4710-b164-e29d32aa1cf6 926583604f2e460590773da45fa7992a c7bc02f429b8403ab2a0237c6bfbf101 - - default default] http://[LB_IP_ADDRESS]:8776/v3/c7bc02f429b8403ab2a0237c6bfbf101/volumes/b7da2343-88be-4b65-b1e6-0c366555bd76 returned with HTTP 200
2024-05-10 20:07:30.864 22 INFO cinder.api.openstack.wsgi [None req-8293a0c1-5921-4559-ac26-9d72dbb353e0 926583604f2e460590773da45fa7992a c7bc02f429b8403ab2a0237c6bfbf101 - - default default] PUT http://[LB_IP_ADDRESS]:8776/v3/c7bc02f429b8403ab2a0237c6bfbf101/groups/736c8c7e-93f1-46de-941c-b98b06491df8
2024-05-10 20:07:30.869 22 INFO cinder.api.v3.groups [None req-8293a0c1-5921-4559-ac26-9d72dbb353e0 926583604f2e460590773da45fa7992a c7bc02f429b8403ab2a0237c6bfbf101 - - default default] Updating group 736c8c7e-93f1-46de-941c-b98b06491df8 with name new_group description: This is a new group add_volumes: None remove_volumes: b7da2343-88be-4b65-b1e6-0c366555bd76.
2024-05-10 20:07:30.910 22 INFO cinder.api.openstack.wsgi [None req-8293a0c1-5921-4559-ac26-9d72dbb353e0 926583604f2e460590773da45fa7992a c7bc02f429b8403ab2a0237c6bfbf101 - - default default] http://[LB_IP_ADDRESS]:8776/v3/c7bc02f429b8403ab2a0237c6bfbf101/groups/736c8c7e-93f1-46de-941c-b98b06491df8 returned with HTTP 202
2024-05-10 20:07:30.923 20 INFO cinder.api.openstack.wsgi [None req-2c4bbbf5-d420-4054-b80a-74667ad525e8 926583604f2e460590773da45fa7992a c7bc02f429b8403ab2a0237c6bfbf101 - - default default] GET http://[LB_IP_ADDRESS]:8776/v3/c7bc02f429b8403ab2a0237c6bfbf101/groups/736c8c7e-93f1-46de-941c-b98b06491df8
2024-05-10 20:07:30.948 20 INFO cinder.api.openstack.wsgi [None req-2c4bbbf5-d420-4054-b80a-74667ad525e8 926583604f2e460590773da45fa7992a c7bc02f429b8403ab2a0237c6bfbf101 - - default default] http://[LB_IP_ADDRESS]:8776/v3/c7bc02f429b8403ab2a0237c6bfbf101/groups/736c8c7e-93f1-46de-941c-b98b06491df8 returned with HTTP 200
2024-05-10 20:07:31.612 21 INFO cinder.api.openstack.wsgi [None req-a0daf8c1-c7c2-414c-b9f2-4bdde817683f 5630cd7a48f3486ea6e0a5e79215c3d2 8cf85c812f1b424c9a8b45c12e734088 - - default default] GET http://[LB_IP_ADDRESS]:8776/v3/8cf85c812f1b424c9a8b45c12e734088/volumes/8bed76d4-f7c5-42ce-badf-c759cfd93a94
2024-05-10 20:07:31.640 21 INFO cinder.volume.api [None req-a0daf8c1-c7c2-414c-b9f2-4bdde817683f 5630cd7a48f3486ea6e0a5e79215c3d2 8cf85c812f1b424c9a8b45c12e734088 - - default default] Volume info retrieved successfully.
2024-05-10 20:07:31.650 21 INFO cinder.api.openstack.wsgi [None req-a0daf8c1-c7c2-414c-b9f2-4bdde817683f 5630cd7a48f3486ea6e0a5e79215c3d2 8cf85c812f1b424c9a8b45c12e734088 - - default default] http://[LB_IP_ADDRESS]:8776/v3/8cf85c812f1b424c9a8b45c12e734088/volumes/8bed76d4-f7c5-42ce-badf-c759cfd93a94 returned with HTTP 200
2024-05-10 20:07:31.681 19 INFO cinder.api.openstack.wsgi [None req-c2c5cbb5-e32d-46bf-8ba9-6c8547296cf0 94d776bbc58e4668abf571ce4dd7af17 d31f4ddc87dc473e9173fe7061abf895 - - default default] GET http://[LB_IP_ADDRESS]:8776/v3/d31f4ddc87dc473e9173fe7061abf895/os-quota-sets/8cf85c812f1b424c9a8b45c12e734088?usage=True
2024-05-10 20:07:31.762 19 INFO cinder.api.openstack.wsgi [None req-c2c5cbb5-e32d-46bf-8ba9-6c8547296cf0 94d776bbc58e4668abf571ce4dd7af17 d31f4ddc87dc473e9173fe7061abf895 - - default default] http://[LB_IP_ADDRESS]:8776/v3/d31f4ddc87dc473e9173fe7061abf895/os-quota-sets/8cf85c812f1b424c9a8b45c12e734088?usage=True returned with HTTP 200
2024-05-10 20:07:31.789 23 INFO cinder.api.openstack.wsgi [None req-630e9ee8-6f22-4d38-a3a2-6a39b8669b1f 94d776bbc58e4668abf571ce4dd7af17 d31f4ddc87dc473e9173fe7061abf895 - - default default] GET http://[LB_IP_ADDRESS]:8776/v3/d31f4ddc87dc473e9173fe7061abf895/os-quota-sets/dff2c5cf40b44ec9afee7b8c1086286e?usage=True
2024-05-10 20:07:31.862 23 INFO cinder.api.openstack.wsgi [None req-630e9ee8-6f22-4d38-a3a2-6a39b8669b1f 94d776bbc58e4668abf571ce4dd7af17 d31f4ddc87dc473e9173fe7061abf895 - - default default] http://[LB_IP_ADDRESS]:8776/v3/d31f4ddc87dc473e9173fe7061abf895/os-quota-sets/dff2c5cf40b44ec9afee7b8c1086286e?usage=True returned with HTTP 200
2024-05-10 20:07:31.891 22 INFO cinder.api.openstack.wsgi [None req-2b694613-d5f2-4664-9ac2-4ad73588c4b3 5630cd7a48f3486ea6e0a5e79215c3d2 8cf85c812f1b424c9a8b45c12e734088 - - default default] POST http://[LB_IP_ADDRESS]:8776/v3/8cf85c812f1b424c9a8b45c12e734088/os-volume-transfer
2024-05-10 20:07:31.895 22 INFO cinder.api.contrib.volume_transfer [None req-2b694613-d5f2-4664-9ac2-4ad73588c4b3 5630cd7a48f3486ea6e0a5e79215c3d2 8cf85c812f1b424c9a8b45c12e734088 - - default default] Creating transfer of volume 8bed76d4-f7c5-42ce-badf-c759cfd93a94
2024-05-10 20:07:31.896 22 INFO cinder.transfer.api [None req-2b694613-d5f2-4664-9ac2-4ad73588c4b3 5630cd7a48f3486ea6e0a5e79215c3d2 8cf85c812f1b424c9a8b45c12e734088 - - default default] Generating transfer record for volume 8bed76d4-f7c5-42ce-badf-c759cfd93a94
2024-05-10 20:07:31.934 22 INFO cinder.api.openstack.wsgi [None req-2b694613-d5f2-4664-9ac2-4ad73588c4b3 5630cd7a48f3486ea6e0a5e79215c3d2 8cf85c812f1b424c9a8b45c12e734088 - - default default] http://[LB_IP_ADDRESS]:8776/v3/8cf85c812f1b424c9a8b45c12e734088/os-volume-transfer returned with HTTP 202
2024-05-10 20:07:31.970 21 INFO cinder.api.openstack.wsgi [None req-97c58530-7bb1-4e64-ab33-a8c9605f9d46 926583604f2e460590773da45fa7992a c7bc02f429b8403ab2a0237c6bfbf101 - - default default] GET http://[LB_IP_ADDRESS]:8776/v3/c7bc02f429b8403ab2a0237c6bfbf101/groups/736c8c7e-93f1-46de-941c-b98b06491df8
2024-05-10 20:07:31.995 21 INFO cinder.api.openstack.wsgi [None req-97c58530-7bb1-4e64-ab33-a8c9605f9d46 926583604f2e460590773da45fa7992a c7bc02f429b8403ab2a0237c6bfbf101 - - default default] http://[LB_IP_ADDRESS]:8776/v3/c7bc02f429b8403ab2a0237c6bfbf101/groups/736c8c7e-93f1-46de-941c-b98b06491df8 returned with HTTP 200
2024-05-10 20:07:32.016 19 INFO cinder.api.openstack.wsgi [None req-57e02f60-2f71-4316-83e0-03855180f1c2 926583604f2e460590773da45fa7992a c7bc02f429b8403ab2a0237c6bfbf101 - - default default] GET http://[LB_IP_ADDRESS]:8776/v3/c7bc02f429b8403ab2a0237c6bfbf101/groups/736c8c7e-93f1-46de-941c-b98b06491df8
2024-05-10 20:07:32.045 19 INFO cinder.api.openstack.wsgi [None req-57e02f60-2f71-4316-83e0-03855180f1c2 926583604f2e460590773da45fa7992a c7bc02f429b8403ab2a0237c6bfbf101 - - default default] http://[LB_IP_ADDRESS]:8776/v3/c7bc02f429b8403ab2a0237c6bfbf101/groups/736c8c7e-93f1-46de-941c-b98b06491df8 returned with HTTP 200
2024-05-10 20:07:32.065 23 INFO cinder.api.openstack.wsgi [None req-c1734773-e2b6-45a3-b75d-7d75695b0ddb 926583604f2e460590773da45fa7992a c7bc02f429b8403ab2a0237c6bfbf101 - - default default] GET http://[LB_IP_ADDRESS]:8776/v3/c7bc02f429b8403ab2a0237c6bfbf101/volumes/detail
2024-05-10 20:07:32.087 23 INFO cinder.volume.api [None req-c1734773-e2b6-45a3-b75d-7d75695b0ddb 926583604f2e460590773da45fa7992a c7bc02f429b8403ab2a0237c6bfbf101 - - default default] Get all volumes completed successfully.
2024-05-10 20:07:32.160 23 INFO cinder.api.openstack.wsgi [None req-c1734773-e2b6-45a3-b75d-7d75695b0ddb 926583604f2e460590773da45fa7992a c7bc02f429b8403ab2a0237c6bfbf101 - - default default] http://[LB_IP_ADDRESS]:8776/v3/c7bc02f429b8403ab2a0237c6bfbf101/volumes/detail returned with HTTP 200
2024-05-10 20:07:32.191 22 INFO cinder.api.openstack.wsgi [None req-36ff5e6a-1c5e-4d66-a40e-3551fa581bd4 926583604f2e460590773da45fa7992a c7bc02f429b8403ab2a0237c6bfbf101 - - default default] PUT http://[LB_IP_ADDRESS]:8776/v3/c7bc02f429b8403ab2a0237c6bfbf101/groups/736c8c7e-93f1-46de-941c-b98b06491df8
2024-05-10 20:07:32.196 22 INFO cinder.api.v3.groups [None req-36ff5e6a-1c5e-4d66-a40e-3551fa581bd4 926583604f2e460590773da45fa7992a c7bc02f429b8403ab2a0237c6bfbf101 - - default default] Updating group 736c8c7e-93f1-46de-941c-b98b06491df8 with name None description: None add_volumes: b7da2343-88be-4b65-b1e6-0c366555bd76 remove_volumes: None.
2024-05-10 20:07:32.213 20 INFO cinder.api.openstack.wsgi [None req-32c3ec2f-9f23-418c-bac9-587ee978d8bd 59c4ab4de48546a9bc90827dce5d43d9 dff2c5cf40b44ec9afee7b8c1086286e - - default default] POST http://[LB_IP_ADDRESS]:8776/v3/dff2c5cf40b44ec9afee7b8c1086286e/os-volume-transfer/964d5b95-c5d0-4a5b-81e9-0e7e72e7bc4a/accept
2024-05-10 20:07:32.217 20 INFO cinder.api.contrib.volume_transfer [None req-32c3ec2f-9f23-418c-bac9-587ee978d8bd 59c4ab4de48546a9bc90827dce5d43d9 dff2c5cf40b44ec9afee7b8c1086286e - - default default] Accepting transfer 964d5b95-c5d0-4a5b-81e9-0e7e72e7bc4a
2024-05-10 20:07:32.254 22 INFO cinder.api.openstack.wsgi [None req-36ff5e6a-1c5e-4d66-a40e-3551fa581bd4 926583604f2e460590773da45fa7992a c7bc02f429b8403ab2a0237c6bfbf101 - - default default] http://[LB_IP_ADDRESS]:8776/v3/c7bc02f429b8403ab2a0237c6bfbf101/groups/736c8c7e-93f1-46de-941c-b98b06491df8 returned with HTTP 202
2024-05-10 20:07:32.266 21 INFO cinder.api.openstack.wsgi [None req-19e87a9d-582b-4f6d-883e-6c86de4d391d 926583604f2e460590773da45fa7992a c7bc02f429b8403ab2a0237c6bfbf101 - - default default] GET http://[LB_IP_ADDRESS]:8776/v3/c7bc02f429b8403ab2a0237c6bfbf101/groups/736c8c7e-93f1-46de-941c-b98b06491df8
2024-05-10 20:07:32.285 21 INFO cinder.api.openstack.wsgi [None req-19e87a9d-582b-4f6d-883e-6c86de4d391d 926583604f2e460590773da45fa7992a c7bc02f429b8403ab2a0237c6bfbf101 - - default default] http://[LB_IP_ADDRESS]:8776/v3/c7bc02f429b8403ab2a0237c6bfbf101/groups/736c8c7e-93f1-46de-941c-b98b06491df8 returned with HTTP 200
2024-05-10 20:07:32.482 20 INFO oslo_messaging._drivers.amqpdriver [None req-32c3ec2f-9f23-418c-bac9-587ee978d8bd 59c4ab4de48546a9bc90827dce5d43d9 dff2c5cf40b44ec9afee7b8c1086286e - - default default] Expecting reply to msg 81ed9ac63d644f28a0a34f1444e9a168 in queue reply_58d97e0fabb64b9c93bb25e4c38ea6af
2024-05-10 20:07:32.503 20 INFO oslo_messaging._drivers.amqpdriver [-] Received RPC response for msg 81ed9ac63d644f28a0a34f1444e9a168
2024-05-10 20:07:32.504 20 INFO cinder.volume.api [None req-32c3ec2f-9f23-418c-bac9-587ee978d8bd 59c4ab4de48546a9bc90827dce5d43d9 dff2c5cf40b44ec9afee7b8c1086286e - - default default] Transfer volume completed successfully.
2024-05-10 20:07:32.600 20 INFO cinder.transfer.api [None req-32c3ec2f-9f23-418c-bac9-587ee978d8bd 59c4ab4de48546a9bc90827dce5d43d9 dff2c5cf40b44ec9afee7b8c1086286e - - default default] Volume 8bed76d4-f7c5-42ce-badf-c759cfd93a94 has been transferred.
2024-05-10 20:07:32.615 20 INFO cinder.api.openstack.wsgi [None req-32c3ec2f-9f23-418c-bac9-587ee978d8bd 59c4ab4de48546a9bc90827dce5d43d9 dff2c5cf40b44ec9afee7b8c1086286e - - default default] http://[LB_IP_ADDRESS]:8776/v3/dff2c5cf40b44ec9afee7b8c1086286e/os-volume-transfer/964d5b95-c5d0-4a5b-81e9-0e7e72e7bc4a/accept returned with HTTP 202
2024-05-10 20:07:32.633 19 INFO cinder.api.openstack.wsgi [None req-b173423c-99ba-4d10-94c7-c49d4a297d92 59c4ab4de48546a9bc90827dce5d43d9 dff2c5cf40b44ec9afee7b8c1086286e - - default default] GET http://[LB_IP_ADDRESS]:8776/v3/dff2c5cf40b44ec9afee7b8c1086286e/volumes/8bed76d4-f7c5-42ce-badf-c759cfd93a94
2024-05-10 20:07:32.659 19 INFO cinder.volume.api [None req-b173423c-99ba-4d10-94c7-c49d4a297d92 59c4ab4de48546a9bc90827dce5d43d9 dff2c5cf40b44ec9afee7b8c1086286e - - default default] Volume info retrieved successfully.
2024-05-10 20:07:32.669 19 INFO cinder.api.openstack.wsgi [None req-b173423c-99ba-4d10-94c7-c49d4a297d92 59c4ab4de48546a9bc90827dce5d43d9 dff2c5cf40b44ec9afee7b8c1086286e - - default default] http://[LB_IP_ADDRESS]:8776/v3/dff2c5cf40b44ec9afee7b8c1086286e/volumes/8bed76d4-f7c5-42ce-badf-c759cfd93a94 returned with HTTP 200
2024-05-10 20:07:32.703 23 INFO cinder.api.openstack.wsgi [None req-b5790494-1411-44a8-b940-ac700dc8c579 94d776bbc58e4668abf571ce4dd7af17 d31f4ddc87dc473e9173fe7061abf895 - - default default] GET http://[LB_IP_ADDRESS]:8776/v3/d31f4ddc87dc473e9173fe7061abf895/os-quota-sets/8cf85c812f1b424c9a8b45c12e734088?usage=True
2024-05-10 20:07:32.781 23 INFO cinder.api.openstack.wsgi [None req-b5790494-1411-44a8-b940-ac700dc8c579 94d776bbc58e4668abf571ce4dd7af17 d31f4ddc87dc473e9173fe7061abf895 - - default default] http://[LB_IP_ADDRESS]:8776/v3/d31f4ddc87dc473e9173fe7061abf895/os-quota-sets/8cf85c812f1b424c9a8b45c12e734088?usage=True returned with HTTP 200
2024-05-10 20:07:32.808 22 INFO cinder.api.openstack.wsgi [None req-7cfa45a5-914d-49f9-8c66-4c1a816de6b5 94d776bbc58e4668abf571ce4dd7af17 d31f4ddc87dc473e9173fe7061abf895 - - default default] GET http://[LB_IP_ADDRESS]:8776/v3/d31f4ddc87dc473e9173fe7061abf895/os-quota-sets/dff2c5cf40b44ec9afee7b8c1086286e?usage=True
2024-05-10 20:07:32.884 22 INFO cinder.api.openstack.wsgi [None req-7cfa45a5-914d-49f9-8c66-4c1a816de6b5 94d776bbc58e4668abf571ce4dd7af17 d31f4ddc87dc473e9173fe7061abf895 - - default default] http://[LB_IP_ADDRESS]:8776/v3/d31f4ddc87dc473e9173fe7061abf895/os-quota-sets/dff2c5cf40b44ec9afee7b8c1086286e?usage=True returned with HTTP 200
2024-05-10 20:07:32.907 21 INFO cinder.api.openstack.wsgi [None req-36c6e376-ec02-494c-945f-69a27ad3183a 94d776bbc58e4668abf571ce4dd7af17 d31f4ddc87dc473e9173fe7061abf895 - - default default] DELETE http://[LB_IP_ADDRESS]:8776/v3/d31f4ddc87dc473e9173fe7061abf895/volumes/8bed76d4-f7c5-42ce-badf-c759cfd93a94
2024-05-10 20:07:32.909 21 INFO cinder.api.v3.volumes [None req-36c6e376-ec02-494c-945f-69a27ad3183a 94d776bbc58e4668abf571ce4dd7af17 d31f4ddc87dc473e9173fe7061abf895 - - default default] Delete volume with id: 8bed76d4-f7c5-42ce-badf-c759cfd93a94 
2024-05-10 20:07:32.928 21 INFO cinder.volume.api [None req-36c6e376-ec02-494c-945f-69a27ad3183a 94d776bbc58e4668abf571ce4dd7af17 d31f4ddc87dc473e9173fe7061abf895 - - default default] Volume info retrieved successfully.
2024-05-10 20:07:32.957 21 INFO cinder.volume.api [None req-36c6e376-ec02-494c-945f-69a27ad3183a 94d776bbc58e4668abf571ce4dd7af17 d31f4ddc87dc473e9173fe7061abf895 - - default default] Delete volume request issued successfully.
2024-05-10 20:07:32.958 21 INFO cinder.api.openstack.wsgi [None req-36c6e376-ec02-494c-945f-69a27ad3183a 94d776bbc58e4668abf571ce4dd7af17 d31f4ddc87dc473e9173fe7061abf895 - - default default] http://[LB_IP_ADDRESS]:8776/v3/d31f4ddc87dc473e9173fe7061abf895/volumes/8bed76d4-f7c5-42ce-badf-c759cfd93a94 returned with HTTP 202
2024-05-10 20:07:32.971 20 INFO cinder.api.openstack.wsgi [None req-222801b6-e7dd-496a-9564-37e95a929cd2 94d776bbc58e4668abf571ce4dd7af17 d31f4ddc87dc473e9173fe7061abf895 - - default default] GET http://[LB_IP_ADDRESS]:8776/v3/d31f4ddc87dc473e9173fe7061abf895/volumes/8bed76d4-f7c5-42ce-badf-c759cfd93a94
2024-05-10 20:07:32.997 20 INFO cinder.volume.api [None req-222801b6-e7dd-496a-9564-37e95a929cd2 94d776bbc58e4668abf571ce4dd7af17 d31f4ddc87dc473e9173fe7061abf895 - - default default] Volume info retrieved successfully.
2024-05-10 20:07:33.006 20 INFO cinder.api.openstack.wsgi [None req-222801b6-e7dd-496a-9564-37e95a929cd2 94d776bbc58e4668abf571ce4dd7af17 d31f4ddc87dc473e9173fe7061abf895 - - default default] http://[LB_IP_ADDRESS]:8776/v3/d31f4ddc87dc473e9173fe7061abf895/volumes/8bed76d4-f7c5-42ce-badf-c759cfd93a94 returned with HTTP 200
2024-05-10 20:07:33.306 19 INFO cinder.api.openstack.wsgi [None req-cae269ef-4239-492a-bbee-40ab98269b67 926583604f2e460590773da45fa7992a c7bc02f429b8403ab2a0237c6bfbf101 - - default default] GET http://[LB_IP_ADDRESS]:8776/v3/c7bc02f429b8403ab2a0237c6bfbf101/groups/736c8c7e-93f1-46de-941c-b98b06491df8
2024-05-10 20:07:33.333 19 INFO cinder.api.openstack.wsgi [None req-cae269ef-4239-492a-bbee-40ab98269b67 926583604f2e460590773da45fa7992a c7bc02f429b8403ab2a0237c6bfbf101 - - default default] http://[LB_IP_ADDRESS]:8776/v3/c7bc02f429b8403ab2a0237c6bfbf101/groups/736c8c7e-93f1-46de-941c-b98b06491df8 returned with HTTP 200
2024-05-10 20:07:33.354 23 INFO cinder.api.openstack.wsgi [None req-90ea2c42-9e0c-488d-85a2-3cffb4bf035d 926583604f2e460590773da45fa7992a c7bc02f429b8403ab2a0237c6bfbf101 - - default default] GET http://[LB_IP_ADDRESS]:8776/v3/c7bc02f429b8403ab2a0237c6bfbf101/volumes/detail
2024-05-10 20:07:33.380 23 INFO cinder.volume.api [None req-90ea2c42-9e0c-488d-85a2-3cffb4bf035d 926583604f2e460590773da45fa7992a c7bc02f429b8403ab2a0237c6bfbf101 - - default default] Get all volumes completed successfully.
2024-05-10 20:07:33.441 23 INFO cinder.api.openstack.wsgi [None req-90ea2c42-9e0c-488d-85a2-3cffb4bf035d 926583604f2e460590773da45fa7992a c7bc02f429b8403ab2a0237c6bfbf101 - - default default] http://[LB_IP_ADDRESS]:8776/v3/c7bc02f429b8403ab2a0237c6bfbf101/volumes/detail returned with HTTP 200
2024-05-10 20:07:33.470 22 INFO cinder.api.openstack.wsgi [None req-c9d8d3a9-f5fe-46a1-b8de-4a16291ef94c 926583604f2e460590773da45fa7992a c7bc02f429b8403ab2a0237c6bfbf101 - - default default] GET http://[LB_IP_ADDRESS]:8776/v3/c7bc02f429b8403ab2a0237c6bfbf101/volumes/detail
2024-05-10 20:07:33.493 22 INFO cinder.volume.api [None req-c9d8d3a9-f5fe-46a1-b8de-4a16291ef94c 926583604f2e460590773da45fa7992a c7bc02f429b8403ab2a0237c6bfbf101 - - default default] Get all volumes completed successfully.
2024-05-10 20:07:33.547 22 INFO cinder.api.openstack.wsgi [None req-c9d8d3a9-f5fe-46a1-b8de-4a16291ef94c 926583604f2e460590773da45fa7992a c7bc02f429b8403ab2a0237c6bfbf101 - - default default] http://[LB_IP_ADDRESS]:8776/v3/c7bc02f429b8403ab2a0237c6bfbf101/volumes/detail returned with HTTP 200
2024-05-10 20:07:33.575 21 INFO cinder.api.openstack.wsgi [None req-924f52b8-c4ea-4f53-9cb5-c66e952108b3 926583604f2e460590773da45fa7992a c7bc02f429b8403ab2a0237c6bfbf101 - - default default] POST http://[LB_IP_ADDRESS]:8776/v3/c7bc02f429b8403ab2a0237c6bfbf101/groups/736c8c7e-93f1-46de-941c-b98b06491df8/action
2024-05-10 20:07:33.579 21 INFO cinder.api.v3.groups [None req-924f52b8-c4ea-4f53-9cb5-c66e952108b3 926583604f2e460590773da45fa7992a c7bc02f429b8403ab2a0237c6bfbf101 - - default default] Delete group with id: 736c8c7e-93f1-46de-941c-b98b06491df8
2024-05-10 20:07:33.672 21 INFO cinder.api.openstack.wsgi [None req-924f52b8-c4ea-4f53-9cb5-c66e952108b3 926583604f2e460590773da45fa7992a c7bc02f429b8403ab2a0237c6bfbf101 - - default default] http://[LB_IP_ADDRESS]:8776/v3/c7bc02f429b8403ab2a0237c6bfbf101/groups/736c8c7e-93f1-46de-941c-b98b06491df8/action returned with HTTP 202
2024-05-10 20:07:33.685 20 INFO cinder.api.openstack.wsgi [None req-faa0e5b6-6337-457f-a3a1-b5d8e5c2bc21 926583604f2e460590773da45fa7992a c7bc02f429b8403ab2a0237c6bfbf101 - - default default] GET http://[LB_IP_ADDRESS]:8776/v3/c7bc02f429b8403ab2a0237c6bfbf101/volumes/b7da2343-88be-4b65-b1e6-0c366555bd76
2024-05-10 20:07:33.709 20 INFO cinder.volume.api [None req-faa0e5b6-6337-457f-a3a1-b5d8e5c2bc21 926583604f2e460590773da45fa7992a c7bc02f429b8403ab2a0237c6bfbf101 - - default default] Volume info retrieved successfully.
2024-05-10 20:07:33.740 20 INFO cinder.api.openstack.wsgi [None req-faa0e5b6-6337-457f-a3a1-b5d8e5c2bc21 926583604f2e460590773da45fa7992a c7bc02f429b8403ab2a0237c6bfbf101 - - default default] http://[LB_IP_ADDRESS]:8776/v3/c7bc02f429b8403ab2a0237c6bfbf101/volumes/b7da2343-88be-4b65-b1e6-0c366555bd76 returned with HTTP 200
2024-05-10 20:07:34.036 19 INFO cinder.api.openstack.wsgi [None req-13d69a6b-2eda-486c-af95-b1661dfde937 94d776bbc58e4668abf571ce4dd7af17 d31f4ddc87dc473e9173fe7061abf895 - - default default] GET http://[LB_IP_ADDRESS]:8776/v3/d31f4ddc87dc473e9173fe7061abf895/volumes/8bed76d4-f7c5-42ce-badf-c759cfd93a94
2024-05-10 20:07:34.052 19 INFO cinder.api.openstack.wsgi [None req-13d69a6b-2eda-486c-af95-b1661dfde937 94d776bbc58e4668abf571ce4dd7af17 d31f4ddc87dc473e9173fe7061abf895 - - default default] http://[LB_IP_ADDRESS]:8776/v3/d31f4ddc87dc473e9173fe7061abf895/volumes/8bed76d4-f7c5-42ce-badf-c759cfd93a94 returned with HTTP 404
2024-05-10 20:07:34.065 23 INFO cinder.api.openstack.wsgi [None req-6ab123c3-342c-4167-8f89-ab8b93d60684 5630cd7a48f3486ea6e0a5e79215c3d2 8cf85c812f1b424c9a8b45c12e734088 - - default default] GET http://[LB_IP_ADDRESS]:8776/v3/8cf85c812f1b424c9a8b45c12e734088/volumes/8bed76d4-f7c5-42ce-badf-c759cfd93a94
2024-05-10 20:07:34.081 23 INFO cinder.api.openstack.wsgi [None req-6ab123c3-342c-4167-8f89-ab8b93d60684 5630cd7a48f3486ea6e0a5e79215c3d2 8cf85c812f1b424c9a8b45c12e734088 - - default default] http://[LB_IP_ADDRESS]:8776/v3/8cf85c812f1b424c9a8b45c12e734088/volumes/8bed76d4-f7c5-42ce-badf-c759cfd93a94 returned with HTTP 404
2024-05-10 20:07:34.095 22 INFO cinder.api.openstack.wsgi [None req-c0dd2da1-25b6-473f-ab5a-a7b7a99982b6 5630cd7a48f3486ea6e0a5e79215c3d2 8cf85c812f1b424c9a8b45c12e734088 - - default default] DELETE http://[LB_IP_ADDRESS]:8776/v3/8cf85c812f1b424c9a8b45c12e734088/volumes/8bed76d4-f7c5-42ce-badf-c759cfd93a94
2024-05-10 20:07:34.096 22 INFO cinder.api.v3.volumes [None req-c0dd2da1-25b6-473f-ab5a-a7b7a99982b6 5630cd7a48f3486ea6e0a5e79215c3d2 8cf85c812f1b424c9a8b45c12e734088 - - default default] Delete volume with id: 8bed76d4-f7c5-42ce-badf-c759cfd93a94 
2024-05-10 20:07:34.110 22 INFO cinder.api.openstack.wsgi [None req-c0dd2da1-25b6-473f-ab5a-a7b7a99982b6 5630cd7a48f3486ea6e0a5e79215c3d2 8cf85c812f1b424c9a8b45c12e734088 - - default default] http://[LB_IP_ADDRESS]:8776/v3/8cf85c812f1b424c9a8b45c12e734088/volumes/8bed76d4-f7c5-42ce-badf-c759cfd93a94 returned with HTTP 404
2024-05-10 20:07:34.130 21 INFO cinder.api.openstack.wsgi [None req-1df0e4a4-0aa6-4fb8-88fe-22e67cec047d 94d776bbc58e4668abf571ce4dd7af17 d31f4ddc87dc473e9173fe7061abf895 - - default default] GET http://[LB_IP_ADDRESS]:8776/v3/d31f4ddc87dc473e9173fe7061abf895/os-quota-sets/d31f4ddc87dc473e9173fe7061abf895?usage=True
2024-05-10 20:07:34.203 21 INFO cinder.api.openstack.wsgi [None req-1df0e4a4-0aa6-4fb8-88fe-22e67cec047d 94d776bbc58e4668abf571ce4dd7af17 d31f4ddc87dc473e9173fe7061abf895 - - default default] http://[LB_IP_ADDRESS]:8776/v3/d31f4ddc87dc473e9173fe7061abf895/os-quota-sets/d31f4ddc87dc473e9173fe7061abf895?usage=True returned with HTTP 200
2024-05-10 20:07:34.231 19 INFO cinder.api.openstack.wsgi [None req-d601e8bc-8a75-4be9-8755-7f9a80cc3b60 94d776bbc58e4668abf571ce4dd7af17 d31f4ddc87dc473e9173fe7061abf895 - - default default] PUT http://[LB_IP_ADDRESS]:8776/v3/d31f4ddc87dc473e9173fe7061abf895/os-quota-sets/8cf85c812f1b424c9a8b45c12e734088
2024-05-10 20:07:34.415 19 INFO cinder.api.openstack.wsgi [None req-d601e8bc-8a75-4be9-8755-7f9a80cc3b60 94d776bbc58e4668abf571ce4dd7af17 d31f4ddc87dc473e9173fe7061abf895 - - default default] http://[LB_IP_ADDRESS]:8776/v3/d31f4ddc87dc473e9173fe7061abf895/os-quota-sets/8cf85c812f1b424c9a8b45c12e734088 returned with HTTP 200
2024-05-10 20:07:34.422 20 INFO cinder.api.openstack.wsgi [None req-5efa6e98-eb98-4445-baef-7420e4d81381 d13b099c71f64656a086e44d813af96f b6fe14b8c2314178bd78c7dc7c7be9a0 - - default default] POST http://[LB_IP_ADDRESS]:8776/v3/b6fe14b8c2314178bd78c7dc7c7be9a0/types
2024-05-10 20:07:34.436 23 INFO cinder.api.openstack.wsgi [None req-7070c52b-5faf-416a-ae46-370f2063fb2e 94d776bbc58e4668abf571ce4dd7af17 d31f4ddc87dc473e9173fe7061abf895 - - default default] PUT http://[LB_IP_ADDRESS]:8776/v3/d31f4ddc87dc473e9173fe7061abf895/os-quota-sets/8cf85c812f1b424c9a8b45c12e734088
2024-05-10 20:07:34.451 20 INFO cinder.api.openstack.wsgi [None req-5efa6e98-eb98-4445-baef-7420e4d81381 d13b099c71f64656a086e44d813af96f b6fe14b8c2314178bd78c7dc7c7be9a0 - - default default] http://[LB_IP_ADDRESS]:8776/v3/b6fe14b8c2314178bd78c7dc7c7be9a0/types returned with HTTP 200
2024-05-10 20:07:34.470 22 INFO cinder.api.openstack.wsgi [None req-2db5fab7-e761-4f96-afb9-ba4a3031bd7e d13b099c71f64656a086e44d813af96f b6fe14b8c2314178bd78c7dc7c7be9a0 - - default default] POST http://[LB_IP_ADDRESS]:8776/v3/b6fe14b8c2314178bd78c7dc7c7be9a0/types/c1730ceb-8add-4f61-a8b3-1f90ce1913cf/extra_specs
2024-05-10 20:07:34.524 22 INFO cinder.api.openstack.wsgi [None req-2db5fab7-e761-4f96-afb9-ba4a3031bd7e d13b099c71f64656a086e44d813af96f b6fe14b8c2314178bd78c7dc7c7be9a0 - - default default] http://[LB_IP_ADDRESS]:8776/v3/b6fe14b8c2314178bd78c7dc7c7be9a0/types/c1730ceb-8add-4f61-a8b3-1f90ce1913cf/extra_specs returned with HTTP 200
2024-05-10 20:07:34.540 21 INFO cinder.api.openstack.wsgi [None req-8fc7edb0-893f-4469-9ef4-523f0a3933df d13b099c71f64656a086e44d813af96f b6fe14b8c2314178bd78c7dc7c7be9a0 - - default default] GET http://[LB_IP_ADDRESS]:8776/v3/b6fe14b8c2314178bd78c7dc7c7be9a0/types/c1730ceb-8add-4f61-a8b3-1f90ce1913cf/extra_specs/spec3
2024-05-10 20:07:34.555 21 INFO cinder.api.openstack.wsgi [None req-8fc7edb0-893f-4469-9ef4-523f0a3933df d13b099c71f64656a086e44d813af96f b6fe14b8c2314178bd78c7dc7c7be9a0 - - default default] http://[LB_IP_ADDRESS]:8776/v3/b6fe14b8c2314178bd78c7dc7c7be9a0/types/c1730ceb-8add-4f61-a8b3-1f90ce1913cf/extra_specs/spec3 returned with HTTP 200
2024-05-10 20:07:34.571 19 INFO cinder.api.openstack.wsgi [None req-6fd830a4-6dda-4e94-aa49-4f1b25aec7e0 d13b099c71f64656a086e44d813af96f b6fe14b8c2314178bd78c7dc7c7be9a0 - - default default] DELETE http://[LB_IP_ADDRESS]:8776/v3/b6fe14b8c2314178bd78c7dc7c7be9a0/types/c1730ceb-8add-4f61-a8b3-1f90ce1913cf/extra_specs/spec3
2024-05-10 20:07:34.603 23 WARNING cinder.quota [None req-7070c52b-5faf-416a-ae46-370f2063fb2e 94d776bbc58e4668abf571ce4dd7af17 d31f4ddc87dc473e9173fe7061abf895 - - default default] Deprecated: Default quota for resource: volumes_tempest-VolumeTypesExtraSpecsTest-volume-type-113721683 is set by the default quota flag: quota_volumes_tempest-VolumeTypesExtraSpecsTest-volume-type-113721683, it is now deprecated. Please use the default quota class for default quota.
2024-05-10 20:07:34.604 23 WARNING cinder.quota [None req-7070c52b-5faf-416a-ae46-370f2063fb2e 94d776bbc58e4668abf571ce4dd7af17 d31f4ddc87dc473e9173fe7061abf895 - - default default] Deprecated: Default quota for resource: gigabytes_tempest-VolumeTypesExtraSpecsTest-volume-type-113721683 is set by the default quota flag: quota_gigabytes_tempest-VolumeTypesExtraSpecsTest-volume-type-113721683, it is now deprecated. Please use the default quota class for default quota.
2024-05-10 20:07:34.605 23 WARNING cinder.quota [None req-7070c52b-5faf-416a-ae46-370f2063fb2e 94d776bbc58e4668abf571ce4dd7af17 d31f4ddc87dc473e9173fe7061abf895 - - default default] Deprecated: Default quota for resource: snapshots_tempest-VolumeTypesExtraSpecsTest-volume-type-113721683 is set by the default quota flag: quota_snapshots_tempest-VolumeTypesExtraSpecsTest-volume-type-113721683, it is now deprecated. Please use the default quota class for default quota.
2024-05-10 20:07:34.613 19 INFO cinder.api.openstack.wsgi [None req-6fd830a4-6dda-4e94-aa49-4f1b25aec7e0 d13b099c71f64656a086e44d813af96f b6fe14b8c2314178bd78c7dc7c7be9a0 - - default default] http://[LB_IP_ADDRESS]:8776/v3/b6fe14b8c2314178bd78c7dc7c7be9a0/types/c1730ceb-8add-4f61-a8b3-1f90ce1913cf/extra_specs/spec3 returned with HTTP 202
2024-05-10 20:07:34.627 20 INFO cinder.api.openstack.wsgi [None req-c95d51c8-1530-4320-9a10-e2c3c8831891 d13b099c71f64656a086e44d813af96f b6fe14b8c2314178bd78c7dc7c7be9a0 - - default default] GET http://[LB_IP_ADDRESS]:8776/v3/b6fe14b8c2314178bd78c7dc7c7be9a0/types/c1730ceb-8add-4f61-a8b3-1f90ce1913cf/extra_specs/spec3
2024-05-10 20:07:34.632 23 INFO cinder.api.openstack.wsgi [None req-7070c52b-5faf-416a-ae46-370f2063fb2e 94d776bbc58e4668abf571ce4dd7af17 d31f4ddc87dc473e9173fe7061abf895 - - default default] http://[LB_IP_ADDRESS]:8776/v3/d31f4ddc87dc473e9173fe7061abf895/os-quota-sets/8cf85c812f1b424c9a8b45c12e734088 returned with HTTP 200
2024-05-10 20:07:34.643 20 INFO cinder.api.openstack.wsgi [None req-c95d51c8-1530-4320-9a10-e2c3c8831891 d13b099c71f64656a086e44d813af96f b6fe14b8c2314178bd78c7dc7c7be9a0 - - default default] http://[LB_IP_ADDRESS]:8776/v3/b6fe14b8c2314178bd78c7dc7c7be9a0/types/c1730ceb-8add-4f61-a8b3-1f90ce1913cf/extra_specs/spec3 returned with HTTP 404
2024-05-10 20:07:34.659 22 INFO cinder.api.openstack.wsgi [None req-4a3a9dd2-dd3e-4244-875d-28e041d87950 d13b099c71f64656a086e44d813af96f b6fe14b8c2314178bd78c7dc7c7be9a0 - - default default] POST http://[LB_IP_ADDRESS]:8776/v3/b6fe14b8c2314178bd78c7dc7c7be9a0/types/c1730ceb-8add-4f61-a8b3-1f90ce1913cf/extra_specs
2024-05-10 20:07:34.710 22 INFO cinder.api.openstack.wsgi [None req-4a3a9dd2-dd3e-4244-875d-28e041d87950 d13b099c71f64656a086e44d813af96f b6fe14b8c2314178bd78c7dc7c7be9a0 - - default default] http://[LB_IP_ADDRESS]:8776/v3/b6fe14b8c2314178bd78c7dc7c7be9a0/types/c1730ceb-8add-4f61-a8b3-1f90ce1913cf/extra_specs returned with HTTP 200
2024-05-10 20:07:34.725 21 INFO cinder.api.openstack.wsgi [None req-4d047a74-44ca-4436-87ca-95fc32efd633 d13b099c71f64656a086e44d813af96f b6fe14b8c2314178bd78c7dc7c7be9a0 - - default default] GET http://[LB_IP_ADDRESS]:8776/v3/b6fe14b8c2314178bd78c7dc7c7be9a0/types/c1730ceb-8add-4f61-a8b3-1f90ce1913cf/extra_specs
2024-05-10 20:07:34.739 21 INFO cinder.api.openstack.wsgi [None req-4d047a74-44ca-4436-87ca-95fc32efd633 d13b099c71f64656a086e44d813af96f b6fe14b8c2314178bd78c7dc7c7be9a0 - - default default] http://[LB_IP_ADDRESS]:8776/v3/b6fe14b8c2314178bd78c7dc7c7be9a0/types/c1730ceb-8add-4f61-a8b3-1f90ce1913cf/extra_specs returned with HTTP 200
2024-05-10 20:07:34.757 19 INFO cinder.api.openstack.wsgi [None req-69151a42-647f-464e-a65f-8f078a031484 d13b099c71f64656a086e44d813af96f b6fe14b8c2314178bd78c7dc7c7be9a0 - - default default] POST http://[LB_IP_ADDRESS]:8776/v3/b6fe14b8c2314178bd78c7dc7c7be9a0/types/c1730ceb-8add-4f61-a8b3-1f90ce1913cf/extra_specs
2024-05-10 20:07:34.769 23 INFO cinder.api.openstack.wsgi [None req-721780a2-66eb-411b-a494-00d43f6d3b48 926583604f2e460590773da45fa7992a c7bc02f429b8403ab2a0237c6bfbf101 - - default default] GET http://[LB_IP_ADDRESS]:8776/v3/c7bc02f429b8403ab2a0237c6bfbf101/volumes/b7da2343-88be-4b65-b1e6-0c366555bd76
2024-05-10 20:07:34.785 23 INFO cinder.api.openstack.wsgi [None req-721780a2-66eb-411b-a494-00d43f6d3b48 926583604f2e460590773da45fa7992a c7bc02f429b8403ab2a0237c6bfbf101 - - default default] http://[LB_IP_ADDRESS]:8776/v3/c7bc02f429b8403ab2a0237c6bfbf101/volumes/b7da2343-88be-4b65-b1e6-0c366555bd76 returned with HTTP 404
2024-05-10 20:07:34.797 20 INFO cinder.api.openstack.wsgi [None req-847c9eab-6cea-4bde-9760-253864a2b1e2 926583604f2e460590773da45fa7992a c7bc02f429b8403ab2a0237c6bfbf101 - - default default] GET http://[LB_IP_ADDRESS]:8776/v3/c7bc02f429b8403ab2a0237c6bfbf101/volumes/63f839c1-6560-4356-ab31-d11fc5203bb7
2024-05-10 20:07:34.813 19 INFO cinder.api.openstack.wsgi [None req-69151a42-647f-464e-a65f-8f078a031484 d13b099c71f64656a086e44d813af96f b6fe14b8c2314178bd78c7dc7c7be9a0 - - default default] http://[LB_IP_ADDRESS]:8776/v3/b6fe14b8c2314178bd78c7dc7c7be9a0/types/c1730ceb-8add-4f61-a8b3-1f90ce1913cf/extra_specs returned with HTTP 200
2024-05-10 20:07:34.813 20 INFO cinder.api.openstack.wsgi [None req-847c9eab-6cea-4bde-9760-253864a2b1e2 926583604f2e460590773da45fa7992a c7bc02f429b8403ab2a0237c6bfbf101 - - default default] http://[LB_IP_ADDRESS]:8776/v3/c7bc02f429b8403ab2a0237c6bfbf101/volumes/63f839c1-6560-4356-ab31-d11fc5203bb7 returned with HTTP 404
2024-05-10 20:07:34.826 22 INFO cinder.api.openstack.wsgi [None req-319544b4-77bd-4000-8486-b6c4d67d0668 926583604f2e460590773da45fa7992a c7bc02f429b8403ab2a0237c6bfbf101 - - default default] GET http://[LB_IP_ADDRESS]:8776/v3/c7bc02f429b8403ab2a0237c6bfbf101/groups/736c8c7e-93f1-46de-941c-b98b06491df8
2024-05-10 20:07:34.828 21 INFO cinder.api.openstack.wsgi [None req-392ded7d-0f98-47fc-b739-fe86fd2e1fe0 d13b099c71f64656a086e44d813af96f b6fe14b8c2314178bd78c7dc7c7be9a0 - - default default] PUT http://[LB_IP_ADDRESS]:8776/v3/b6fe14b8c2314178bd78c7dc7c7be9a0/types/c1730ceb-8add-4f61-a8b3-1f90ce1913cf/extra_specs/spec2
2024-05-10 20:07:34.834 22 INFO cinder.api.openstack.wsgi [None req-319544b4-77bd-4000-8486-b6c4d67d0668 926583604f2e460590773da45fa7992a c7bc02f429b8403ab2a0237c6bfbf101 - - default default] http://[LB_IP_ADDRESS]:8776/v3/c7bc02f429b8403ab2a0237c6bfbf101/groups/736c8c7e-93f1-46de-941c-b98b06491df8 returned with HTTP 404
2024-05-10 20:07:34.847 23 INFO cinder.api.openstack.wsgi [None req-8c9d5c89-0da5-4854-a4fb-0d1455dee1d5 348c7123bb9a44ceb3ce8d7cdb85baca e26213ec1038483aa32ffac134799a99 - - default default] DELETE http://[LB_IP_ADDRESS]:8776/v3/e26213ec1038483aa32ffac134799a99/group_types/12e5082b-a431-4abb-adc3-06112b1866d0
2024-05-10 20:07:34.869 21 INFO cinder.api.openstack.wsgi [None req-392ded7d-0f98-47fc-b739-fe86fd2e1fe0 d13b099c71f64656a086e44d813af96f b6fe14b8c2314178bd78c7dc7c7be9a0 - - default default] http://[LB_IP_ADDRESS]:8776/v3/b6fe14b8c2314178bd78c7dc7c7be9a0/types/c1730ceb-8add-4f61-a8b3-1f90ce1913cf/extra_specs/spec2 returned with HTTP 200
2024-05-10 20:07:34.873 23 INFO cinder.api.openstack.wsgi [None req-8c9d5c89-0da5-4854-a4fb-0d1455dee1d5 348c7123bb9a44ceb3ce8d7cdb85baca e26213ec1038483aa32ffac134799a99 - - default default] http://[LB_IP_ADDRESS]:8776/v3/e26213ec1038483aa32ffac134799a99/group_types/12e5082b-a431-4abb-adc3-06112b1866d0 returned with HTTP 202
2024-05-10 20:07:34.884 19 INFO cinder.api.openstack.wsgi [None req-6c428af4-af40-45b4-9c4b-00dfb67c763f d13b099c71f64656a086e44d813af96f b6fe14b8c2314178bd78c7dc7c7be9a0 - - default default] GET http://[LB_IP_ADDRESS]:8776/v3/b6fe14b8c2314178bd78c7dc7c7be9a0/types/c1730ceb-8add-4f61-a8b3-1f90ce1913cf/extra_specs/spec2
2024-05-10 20:07:34.886 20 INFO cinder.api.openstack.wsgi [None req-51cec1cb-8c6b-46a0-b672-56da6cbbfa28 348c7123bb9a44ceb3ce8d7cdb85baca e26213ec1038483aa32ffac134799a99 - - default default] DELETE http://[LB_IP_ADDRESS]:8776/v3/e26213ec1038483aa32ffac134799a99/types/b47ecefc-d210-4ada-8a5e-28a438b3b67c
2024-05-10 20:07:34.898 19 INFO cinder.api.openstack.wsgi [None req-6c428af4-af40-45b4-9c4b-00dfb67c763f d13b099c71f64656a086e44d813af96f b6fe14b8c2314178bd78c7dc7c7be9a0 - - default default] http://[LB_IP_ADDRESS]:8776/v3/b6fe14b8c2314178bd78c7dc7c7be9a0/types/c1730ceb-8add-4f61-a8b3-1f90ce1913cf/extra_specs/spec2 returned with HTTP 200
2024-05-10 20:07:34.912 22 INFO cinder.api.openstack.wsgi [None req-339c40a2-c033-4ff1-8483-d4676f9b3933 d13b099c71f64656a086e44d813af96f b6fe14b8c2314178bd78c7dc7c7be9a0 - - default default] POST http://[LB_IP_ADDRESS]:8776/v3/b6fe14b8c2314178bd78c7dc7c7be9a0/types/c1730ceb-8add-4f61-a8b3-1f90ce1913cf/extra_specs
2024-05-10 20:07:34.938 20 INFO cinder.api.openstack.wsgi [None req-51cec1cb-8c6b-46a0-b672-56da6cbbfa28 348c7123bb9a44ceb3ce8d7cdb85baca e26213ec1038483aa32ffac134799a99 - - default default] http://[LB_IP_ADDRESS]:8776/v3/e26213ec1038483aa32ffac134799a99/types/b47ecefc-d210-4ada-8a5e-28a438b3b67c returned with HTTP 202
2024-05-10 20:07:34.951 21 INFO cinder.api.openstack.wsgi [None req-a4088064-1b3a-4168-ad56-e0bfe0ad291f 348c7123bb9a44ceb3ce8d7cdb85baca e26213ec1038483aa32ffac134799a99 - - default default] GET http://[LB_IP_ADDRESS]:8776/v3/e26213ec1038483aa32ffac134799a99/types/b47ecefc-d210-4ada-8a5e-28a438b3b67c
2024-05-10 20:07:34.958 21 INFO cinder.api.openstack.wsgi [None req-a4088064-1b3a-4168-ad56-e0bfe0ad291f 348c7123bb9a44ceb3ce8d7cdb85baca e26213ec1038483aa32ffac134799a99 - - default default] http://[LB_IP_ADDRESS]:8776/v3/e26213ec1038483aa32ffac134799a99/types/b47ecefc-d210-4ada-8a5e-28a438b3b67c returned with HTTP 404
2024-05-10 20:07:34.969 22 INFO cinder.api.openstack.wsgi [None req-339c40a2-c033-4ff1-8483-d4676f9b3933 d13b099c71f64656a086e44d813af96f b6fe14b8c2314178bd78c7dc7c7be9a0 - - default default] http://[LB_IP_ADDRESS]:8776/v3/b6fe14b8c2314178bd78c7dc7c7be9a0/types/c1730ceb-8add-4f61-a8b3-1f90ce1913cf/extra_specs returned with HTTP 200
2024-05-10 20:07:34.984 23 INFO cinder.api.openstack.wsgi [None req-7d5f9fd5-8354-40c0-bf55-e6a1bd7b8399 d13b099c71f64656a086e44d813af96f b6fe14b8c2314178bd78c7dc7c7be9a0 - - default default] GET http://[LB_IP_ADDRESS]:8776/v3/b6fe14b8c2314178bd78c7dc7c7be9a0/types/c1730ceb-8add-4f61-a8b3-1f90ce1913cf/extra_specs
2024-05-10 20:07:35.002 23 INFO cinder.api.openstack.wsgi [None req-7d5f9fd5-8354-40c0-bf55-e6a1bd7b8399 d13b099c71f64656a086e44d813af96f b6fe14b8c2314178bd78c7dc7c7be9a0 - - default default] http://[LB_IP_ADDRESS]:8776/v3/b6fe14b8c2314178bd78c7dc7c7be9a0/types/c1730ceb-8add-4f61-a8b3-1f90ce1913cf/extra_specs returned with HTTP 200
2024-05-10 20:07:35.018 19 INFO cinder.api.openstack.wsgi [None req-0e218555-abfb-4855-bd9d-0e82ac08eb83 d13b099c71f64656a086e44d813af96f b6fe14b8c2314178bd78c7dc7c7be9a0 - - default default] DELETE http://[LB_IP_ADDRESS]:8776/v3/b6fe14b8c2314178bd78c7dc7c7be9a0/types/c1730ceb-8add-4f61-a8b3-1f90ce1913cf
2024-05-10 20:07:35.074 19 INFO cinder.api.openstack.wsgi [None req-0e218555-abfb-4855-bd9d-0e82ac08eb83 d13b099c71f64656a086e44d813af96f b6fe14b8c2314178bd78c7dc7c7be9a0 - - default default] http://[LB_IP_ADDRESS]:8776/v3/b6fe14b8c2314178bd78c7dc7c7be9a0/types/c1730ceb-8add-4f61-a8b3-1f90ce1913cf returned with HTTP 202
2024-05-10 20:07:35.087 20 INFO cinder.api.openstack.wsgi [None req-bc94ac70-91f1-4bd9-8925-5b8246bf144c d13b099c71f64656a086e44d813af96f b6fe14b8c2314178bd78c7dc7c7be9a0 - - default default] GET http://[LB_IP_ADDRESS]:8776/v3/b6fe14b8c2314178bd78c7dc7c7be9a0/types/c1730ceb-8add-4f61-a8b3-1f90ce1913cf
2024-05-10 20:07:35.095 20 INFO cinder.api.openstack.wsgi [None req-bc94ac70-91f1-4bd9-8925-5b8246bf144c d13b099c71f64656a086e44d813af96f b6fe14b8c2314178bd78c7dc7c7be9a0 - - default default] http://[LB_IP_ADDRESS]:8776/v3/b6fe14b8c2314178bd78c7dc7c7be9a0/types/c1730ceb-8add-4f61-a8b3-1f90ce1913cf returned with HTTP 404
2024-05-10 20:07:40.628 21 INFO cinder.api.openstack.wsgi [None req-edb16af3-489a-4518-8a12-4554ecf833c8 4f3ea3f4d6264d7cb85aa17ba0303dd2 b970ae6d3ed84c99a6e51e394582ae7e - - default default] POST http://[LB_IP_ADDRESS]:8776/v3/b970ae6d3ed84c99a6e51e394582ae7e/types
2024-05-10 20:07:40.650 21 INFO cinder.api.openstack.wsgi [None req-edb16af3-489a-4518-8a12-4554ecf833c8 4f3ea3f4d6264d7cb85aa17ba0303dd2 b970ae6d3ed84c99a6e51e394582ae7e - - default default] http://[LB_IP_ADDRESS]:8776/v3/b970ae6d3ed84c99a6e51e394582ae7e/types returned with HTTP 200
2024-05-10 20:07:40.667 23 INFO cinder.api.openstack.wsgi [None req-fd1d52a8-8af0-41bc-a783-eb18c76121bb 4f3ea3f4d6264d7cb85aa17ba0303dd2 b970ae6d3ed84c99a6e51e394582ae7e - - default default] POST http://[LB_IP_ADDRESS]:8776/v3/b970ae6d3ed84c99a6e51e394582ae7e/group_types
2024-05-10 20:07:40.694 23 INFO cinder.api.openstack.wsgi [None req-fd1d52a8-8af0-41bc-a783-eb18c76121bb 4f3ea3f4d6264d7cb85aa17ba0303dd2 b970ae6d3ed84c99a6e51e394582ae7e - - default default] http://[LB_IP_ADDRESS]:8776/v3/b970ae6d3ed84c99a6e51e394582ae7e/group_types returned with HTTP 202
2024-05-10 20:07:40.696 22 INFO cinder.api.openstack.wsgi [None req-e53deca0-bfd9-47f4-bea7-a7ea9f4f9be7 23e080a4d03b4ae987783591763b1266 e6cbc8472c414c3e96cf2d081c834643 - - default default] GET http://[LB_IP_ADDRESS]:8776/v3/e6cbc8472c414c3e96cf2d081c834643/os-services
2024-05-10 20:07:40.706 22 INFO cinder.api.openstack.wsgi [None req-e53deca0-bfd9-47f4-bea7-a7ea9f4f9be7 23e080a4d03b4ae987783591763b1266 e6cbc8472c414c3e96cf2d081c834643 - - default default] http://[LB_IP_ADDRESS]:8776/v3/e6cbc8472c414c3e96cf2d081c834643/os-services returned with HTTP 200
2024-05-10 20:07:40.727 20 INFO cinder.api.openstack.wsgi [None req-18f84657-b473-446e-b574-3790a4d69592 23e080a4d03b4ae987783591763b1266 e6cbc8472c414c3e96cf2d081c834643 - - default default] GET http://[LB_IP_ADDRESS]:8776/v3/e6cbc8472c414c3e96cf2d081c834643/os-services?host=rack02-server65
2024-05-10 20:07:40.738 20 INFO cinder.api.openstack.wsgi [None req-18f84657-b473-446e-b574-3790a4d69592 23e080a4d03b4ae987783591763b1266 e6cbc8472c414c3e96cf2d081c834643 - - default default] http://[LB_IP_ADDRESS]:8776/v3/e6cbc8472c414c3e96cf2d081c834643/os-services?host=rack02-server65 returned with HTTP 200
2024-05-10 20:07:40.765 21 INFO cinder.api.openstack.wsgi [None req-388e5f18-637d-47f1-adf5-c3cda7b804fb 23e080a4d03b4ae987783591763b1266 e6cbc8472c414c3e96cf2d081c834643 - - default default] GET http://[LB_IP_ADDRESS]:8776/v3/e6cbc8472c414c3e96cf2d081c834643/os-services?host=rack02-server65&binary=cinder-scheduler
2024-05-10 20:07:40.787 21 INFO cinder.api.openstack.wsgi [None req-388e5f18-637d-47f1-adf5-c3cda7b804fb 23e080a4d03b4ae987783591763b1266 e6cbc8472c414c3e96cf2d081c834643 - - default default] http://[LB_IP_ADDRESS]:8776/v3/e6cbc8472c414c3e96cf2d081c834643/os-services?host=rack02-server65&binary=cinder-scheduler returned with HTTP 200
2024-05-10 20:07:40.810 23 INFO cinder.api.openstack.wsgi [None req-71fee400-d995-4a19-b396-599cd92c9861 23e080a4d03b4ae987783591763b1266 e6cbc8472c414c3e96cf2d081c834643 - - default default] GET http://[LB_IP_ADDRESS]:8776/v3/e6cbc8472c414c3e96cf2d081c834643/os-services?binary=cinder-scheduler
2024-05-10 20:07:40.820 23 INFO cinder.api.openstack.wsgi [None req-71fee400-d995-4a19-b396-599cd92c9861 23e080a4d03b4ae987783591763b1266 e6cbc8472c414c3e96cf2d081c834643 - - default default] http://[LB_IP_ADDRESS]:8776/v3/e6cbc8472c414c3e96cf2d081c834643/os-services?binary=cinder-scheduler returned with HTTP 200
2024-05-10 20:07:40.844 19 INFO cinder.api.openstack.wsgi [None req-a8d78787-1008-4d7c-ac53-39436bec6362 c6dbe17e747c42538a71483f4d76dc33 1b574f9d94ca4e4aa039d8cae5fef4ab - - default default] POST http://[LB_IP_ADDRESS]:8776/v3/1b574f9d94ca4e4aa039d8cae5fef4ab/groups
2024-05-10 20:07:40.857 19 INFO cinder.api.v3.groups [None req-a8d78787-1008-4d7c-ac53-39436bec6362 c6dbe17e747c42538a71483f4d76dc33 1b574f9d94ca4e4aa039d8cae5fef4ab - - default default] Creating group tempest-GroupsV314Test-Group-605930995.
2024-05-10 20:07:40.871 19 INFO cinder.volume.api [None req-a8d78787-1008-4d7c-ac53-39436bec6362 c6dbe17e747c42538a71483f4d76dc33 1b574f9d94ca4e4aa039d8cae5fef4ab - - default default] Availability Zones retrieved successfully.
2024-05-10 20:07:40.928 22 INFO cinder.api.openstack.wsgi [None req-3a9e9103-d889-48a5-b55d-416696045659 95a079b1c401455f84fa570c6933a41f 3a15badc2c29435e80942083211b7025 - - default default] GET http://[LB_IP_ADDRESS]:8776/v3/3a15badc2c29435e80942083211b7025/volumes
2024-05-10 20:07:40.946 22 INFO cinder.volume.api [None req-3a9e9103-d889-48a5-b55d-416696045659 95a079b1c401455f84fa570c6933a41f 3a15badc2c29435e80942083211b7025 - - default default] Get all volumes completed successfully.
2024-05-10 20:07:40.947 22 INFO cinder.api.openstack.wsgi [None req-3a9e9103-d889-48a5-b55d-416696045659 95a079b1c401455f84fa570c6933a41f 3a15badc2c29435e80942083211b7025 - - default default] http://[LB_IP_ADDRESS]:8776/v3/3a15badc2c29435e80942083211b7025/volumes returned with HTTP 200
2024-05-10 20:07:40.964 20 INFO cinder.api.openstack.wsgi [None req-27b347a3-0f7f-46b9-aab2-c6d27b1887bc 92ab4d5f142a49498d447152efdc764a 240843a931954eb09481c7f3623f3f3b - - default default] POST http://[LB_IP_ADDRESS]:8776/v3/240843a931954eb09481c7f3623f3f3b/volumes
2024-05-10 20:07:40.967 21 INFO cinder.api.openstack.wsgi [None req-9ed9c6e9-b7ea-412d-a64b-94d72f447864 95a079b1c401455f84fa570c6933a41f 3a15badc2c29435e80942083211b7025 - - default default] POST http://[LB_IP_ADDRESS]:8776/v3/3a15badc2c29435e80942083211b7025/volumes
2024-05-10 20:07:40.968 20 INFO cinder.api.v3.volumes [None req-27b347a3-0f7f-46b9-aab2-c6d27b1887bc 92ab4d5f142a49498d447152efdc764a 240843a931954eb09481c7f3623f3f3b - - default default] Create volume of 1 GB
2024-05-10 20:07:40.973 21 INFO cinder.api.v3.volumes [None req-9ed9c6e9-b7ea-412d-a64b-94d72f447864 95a079b1c401455f84fa570c6933a41f 3a15badc2c29435e80942083211b7025 - - default default] Create volume of 1 GB
2024-05-10 20:07:40.979 20 INFO cinder.volume.api [None req-27b347a3-0f7f-46b9-aab2-c6d27b1887bc 92ab4d5f142a49498d447152efdc764a 240843a931954eb09481c7f3623f3f3b - - default default] Availability Zones retrieved successfully.
2024-05-10 20:07:40.984 21 INFO cinder.volume.api [None req-9ed9c6e9-b7ea-412d-a64b-94d72f447864 95a079b1c401455f84fa570c6933a41f 3a15badc2c29435e80942083211b7025 - - default default] Availability Zones retrieved successfully.
2024-05-10 20:07:41.002 19 INFO cinder.api.openstack.wsgi [None req-a8d78787-1008-4d7c-ac53-39436bec6362 c6dbe17e747c42538a71483f4d76dc33 1b574f9d94ca4e4aa039d8cae5fef4ab - - default default] http://[LB_IP_ADDRESS]:8776/v3/1b574f9d94ca4e4aa039d8cae5fef4ab/groups returned with HTTP 202
2024-05-10 20:07:41.020 23 INFO cinder.api.openstack.wsgi [None req-3e838496-7270-476e-b67f-335b18e77ed9 c6dbe17e747c42538a71483f4d76dc33 1b574f9d94ca4e4aa039d8cae5fef4ab - - default default] GET http://[LB_IP_ADDRESS]:8776/v3/1b574f9d94ca4e4aa039d8cae5fef4ab/groups/1c3d7cf7-0ab4-4477-9823-3604f4caeeff
2024-05-10 20:07:41.045 23 INFO cinder.api.openstack.wsgi [None req-3e838496-7270-476e-b67f-335b18e77ed9 c6dbe17e747c42538a71483f4d76dc33 1b574f9d94ca4e4aa039d8cae5fef4ab - - default default] http://[LB_IP_ADDRESS]:8776/v3/1b574f9d94ca4e4aa039d8cae5fef4ab/groups/1c3d7cf7-0ab4-4477-9823-3604f4caeeff returned with HTTP 200
2024-05-10 20:07:41.216 20 INFO cinder.volume.api [None req-27b347a3-0f7f-46b9-aab2-c6d27b1887bc 92ab4d5f142a49498d447152efdc764a 240843a931954eb09481c7f3623f3f3b - - default default] Create volume request issued successfully.
2024-05-10 20:07:41.218 20 INFO cinder.api.openstack.wsgi [None req-27b347a3-0f7f-46b9-aab2-c6d27b1887bc 92ab4d5f142a49498d447152efdc764a 240843a931954eb09481c7f3623f3f3b - - default default] http://[LB_IP_ADDRESS]:8776/v3/240843a931954eb09481c7f3623f3f3b/volumes returned with HTTP 202
2024-05-10 20:07:41.224 21 INFO cinder.volume.api [None req-9ed9c6e9-b7ea-412d-a64b-94d72f447864 95a079b1c401455f84fa570c6933a41f 3a15badc2c29435e80942083211b7025 - - default default] Create volume request issued successfully.
