2025-09-10 20:33:33.060 21 INFO cinder.api.openstack.wsgi [None req-be0eac4b-b602-44f5-975a-550f05725279 72c43f49910e456cb84ca2ea6483dfa0 4676c300683c40519e51b8760c234085 - - default default] http://[LB_IP_ADDRESS]:8776/v3/4676c300683c40519e51b8760c234085/types/f3653e95-61af-4119-afcb-5cdcd6a0d98d returned with HTTP 202
2025-09-10 20:33:33.071 22 INFO cinder.api.openstack.wsgi [None req-645536f3-3db1-43b6-aa4b-04a12bf3a1d1 72c43f49910e456cb84ca2ea6483dfa0 4676c300683c40519e51b8760c234085 - - default default] GET http://[LB_IP_ADDRESS]:8776/v3/4676c300683c40519e51b8760c234085/types/f3653e95-61af-4119-afcb-5cdcd6a0d98d
2025-09-10 20:33:33.078 22 INFO cinder.api.openstack.wsgi [None req-645536f3-3db1-43b6-aa4b-04a12bf3a1d1 72c43f49910e456cb84ca2ea6483dfa0 4676c300683c40519e51b8760c234085 - - default default] http://[LB_IP_ADDRESS]:8776/v3/4676c300683c40519e51b8760c234085/types/f3653e95-61af-4119-afcb-5cdcd6a0d98d returned with HTTP 404
2025-09-10 20:33:33.443 25 INFO cinder.group.api [None req-4a8dd444-5e9b-404d-a216-8ce77ac90334 eb102940d1f14d389f5dd3e60a29dffe 30f424cf744c4f47afca65f04abc259a - - default default] A mapping entry already exists for group 3b4dd622-9e71-4ecd-a847-9206e06ba437 and volume type a3f3cb81-20c9-41a6-baa3-68d8838c35c6. Do not need to create again.
2025-09-10 20:33:33.446 25 INFO cinder.volume.api [None req-4a8dd444-5e9b-404d-a216-8ce77ac90334 eb102940d1f14d389f5dd3e60a29dffe 30f424cf744c4f47afca65f04abc259a - - default default] Availability Zones retrieved successfully.
2025-09-10 20:33:33.697 25 WARNING cinder.quota [None req-4a8dd444-5e9b-404d-a216-8ce77ac90334 eb102940d1f14d389f5dd3e60a29dffe 30f424cf744c4f47afca65f04abc259a - - default default] Deprecated: Default quota for resource: volumes_tempest-GroupsV314Test-volume-type-1823370988 is set by the default quota flag: quota_volumes_tempest-GroupsV314Test-volume-type-1823370988, it is now deprecated. Please use the default quota class for default quota.
2025-09-10 20:33:33.697 25 WARNING cinder.quota [None req-4a8dd444-5e9b-404d-a216-8ce77ac90334 eb102940d1f14d389f5dd3e60a29dffe 30f424cf744c4f47afca65f04abc259a - - default default] Deprecated: Default quota for resource: gigabytes_tempest-GroupsV314Test-volume-type-1823370988 is set by the default quota flag: quota_gigabytes_tempest-GroupsV314Test-volume-type-1823370988, it is now deprecated. Please use the default quota class for default quota.
2025-09-10 20:33:33.755 24 INFO cinder.api.openstack.wsgi [None req-7a6ec528-bd25-4e9a-b569-4dba699ffdce be3ce770ec374cb4ae340955f545cf79 83ebd87106ae435dad1cc3d6a1547caa - - default default] GET http://[LB_IP_ADDRESS]:8776/v3/83ebd87106ae435dad1cc3d6a1547caa/os-quota-sets/5a333583d4fc41d09d126a465b2e8b34
2025-09-10 20:33:33.767 25 INFO cinder.volume.api [None req-4a8dd444-5e9b-404d-a216-8ce77ac90334 eb102940d1f14d389f5dd3e60a29dffe 30f424cf744c4f47afca65f04abc259a - - default default] Create volume request issued successfully.
2025-09-10 20:33:33.790 25 INFO cinder.api.openstack.wsgi [None req-4a8dd444-5e9b-404d-a216-8ce77ac90334 eb102940d1f14d389f5dd3e60a29dffe 30f424cf744c4f47afca65f04abc259a - - default default] http://[LB_IP_ADDRESS]:8776/v3/30f424cf744c4f47afca65f04abc259a/groups/action returned with HTTP 202
2025-09-10 20:33:33.801 23 INFO cinder.api.openstack.wsgi [None req-1ac4562c-e334-4f61-8685-b8bf178bd359 eb102940d1f14d389f5dd3e60a29dffe 30f424cf744c4f47afca65f04abc259a - - default default] GET http://[LB_IP_ADDRESS]:8776/v3/30f424cf744c4f47afca65f04abc259a/volumes/detail
2025-09-10 20:33:33.819 23 INFO cinder.volume.api [None req-1ac4562c-e334-4f61-8685-b8bf178bd359 eb102940d1f14d389f5dd3e60a29dffe 30f424cf744c4f47afca65f04abc259a - - default default] Get all volumes completed successfully.
2025-09-10 20:33:33.862 23 INFO cinder.api.openstack.wsgi [None req-1ac4562c-e334-4f61-8685-b8bf178bd359 eb102940d1f14d389f5dd3e60a29dffe 30f424cf744c4f47afca65f04abc259a - - default default] http://[LB_IP_ADDRESS]:8776/v3/30f424cf744c4f47afca65f04abc259a/volumes/detail returned with HTTP 200
2025-09-10 20:33:33.868 24 WARNING cinder.quota [None req-7a6ec528-bd25-4e9a-b569-4dba699ffdce be3ce770ec374cb4ae340955f545cf79 83ebd87106ae435dad1cc3d6a1547caa - - default default] Deprecated: Default quota for resource: volumes_tempest-GroupsV314Test-volume-type-1823370988 is set by the default quota flag: quota_volumes_tempest-GroupsV314Test-volume-type-1823370988, it is now deprecated. Please use the default quota class for default quota.
2025-09-10 20:33:33.869 24 WARNING cinder.quota [None req-7a6ec528-bd25-4e9a-b569-4dba699ffdce be3ce770ec374cb4ae340955f545cf79 83ebd87106ae435dad1cc3d6a1547caa - - default default] Deprecated: Default quota for resource: gigabytes_tempest-GroupsV314Test-volume-type-1823370988 is set by the default quota flag: quota_gigabytes_tempest-GroupsV314Test-volume-type-1823370988, it is now deprecated. Please use the default quota class for default quota.
2025-09-10 20:33:33.870 24 WARNING cinder.quota [None req-7a6ec528-bd25-4e9a-b569-4dba699ffdce be3ce770ec374cb4ae340955f545cf79 83ebd87106ae435dad1cc3d6a1547caa - - default default] Deprecated: Default quota for resource: snapshots_tempest-GroupsV314Test-volume-type-1823370988 is set by the default quota flag: quota_snapshots_tempest-GroupsV314Test-volume-type-1823370988, it is now deprecated. Please use the default quota class for default quota.
2025-09-10 20:33:33.889 21 INFO cinder.api.openstack.wsgi [None req-96ec5d67-a7d3-4677-849e-c808bbd7970f eb102940d1f14d389f5dd3e60a29dffe 30f424cf744c4f47afca65f04abc259a - - default default] GET http://[LB_IP_ADDRESS]:8776/v3/30f424cf744c4f47afca65f04abc259a/volumes/e1d4be7e-06f0-4d10-a1f6-160c4af14ade
2025-09-10 20:33:33.908 21 INFO cinder.volume.api [None req-96ec5d67-a7d3-4677-849e-c808bbd7970f eb102940d1f14d389f5dd3e60a29dffe 30f424cf744c4f47afca65f04abc259a - - default default] Volume info retrieved successfully.
2025-09-10 20:33:33.929 21 INFO cinder.api.openstack.wsgi [None req-96ec5d67-a7d3-4677-849e-c808bbd7970f eb102940d1f14d389f5dd3e60a29dffe 30f424cf744c4f47afca65f04abc259a - - default default] http://[LB_IP_ADDRESS]:8776/v3/30f424cf744c4f47afca65f04abc259a/volumes/e1d4be7e-06f0-4d10-a1f6-160c4af14ade returned with HTTP 200
2025-09-10 20:33:33.956 24 INFO cinder.api.openstack.wsgi [None req-7a6ec528-bd25-4e9a-b569-4dba699ffdce be3ce770ec374cb4ae340955f545cf79 83ebd87106ae435dad1cc3d6a1547caa - - default default] http://[LB_IP_ADDRESS]:8776/v3/83ebd87106ae435dad1cc3d6a1547caa/os-quota-sets/5a333583d4fc41d09d126a465b2e8b34 returned with HTTP 200
2025-09-10 20:33:34.201 22 INFO cinder.api.openstack.wsgi [None req-8e37dc95-6a64-417f-9eae-db0878ce32cd 92607242f0344952953db7ecace99f65 5a333583d4fc41d09d126a465b2e8b34 - - default default] POST http://[LB_IP_ADDRESS]:8776/v3/5a333583d4fc41d09d126a465b2e8b34/volumes
2025-09-10 20:33:34.205 22 INFO cinder.api.v3.volumes [None req-8e37dc95-6a64-417f-9eae-db0878ce32cd 92607242f0344952953db7ecace99f65 5a333583d4fc41d09d126a465b2e8b34 - - default default] Create volume of 1 GB
2025-09-10 20:33:34.217 22 INFO cinder.volume.api [None req-8e37dc95-6a64-417f-9eae-db0878ce32cd 92607242f0344952953db7ecace99f65 5a333583d4fc41d09d126a465b2e8b34 - - default default] Availability Zones retrieved successfully.
2025-09-10 20:33:34.593 22 INFO cinder.volume.api [None req-8e37dc95-6a64-417f-9eae-db0878ce32cd 92607242f0344952953db7ecace99f65 5a333583d4fc41d09d126a465b2e8b34 - - default default] Create volume request issued successfully.
2025-09-10 20:33:34.595 22 INFO cinder.api.openstack.wsgi [None req-8e37dc95-6a64-417f-9eae-db0878ce32cd 92607242f0344952953db7ecace99f65 5a333583d4fc41d09d126a465b2e8b34 - - default default] http://[LB_IP_ADDRESS]:8776/v3/5a333583d4fc41d09d126a465b2e8b34/volumes returned with HTTP 202
2025-09-10 20:33:34.619 25 INFO cinder.api.openstack.wsgi [None req-e48acc2c-69c4-4f93-aacd-c267acbf063d 92607242f0344952953db7ecace99f65 5a333583d4fc41d09d126a465b2e8b34 - - default default] GET http://[LB_IP_ADDRESS]:8776/v3/5a333583d4fc41d09d126a465b2e8b34/volumes/b9a8866e-80b8-46f6-bfba-dff589dcf897
2025-09-10 20:33:34.638 25 INFO cinder.volume.api [None req-e48acc2c-69c4-4f93-aacd-c267acbf063d 92607242f0344952953db7ecace99f65 5a333583d4fc41d09d126a465b2e8b34 - - default default] Volume info retrieved successfully.
2025-09-10 20:33:34.647 25 INFO cinder.api.openstack.wsgi [None req-e48acc2c-69c4-4f93-aacd-c267acbf063d 92607242f0344952953db7ecace99f65 5a333583d4fc41d09d126a465b2e8b34 - - default default] http://[LB_IP_ADDRESS]:8776/v3/5a333583d4fc41d09d126a465b2e8b34/volumes/b9a8866e-80b8-46f6-bfba-dff589dcf897 returned with HTTP 200
2025-09-10 20:33:34.958 23 INFO cinder.api.openstack.wsgi [None req-cb0b17a2-1da9-4b96-adf9-28a34ba2e703 eb102940d1f14d389f5dd3e60a29dffe 30f424cf744c4f47afca65f04abc259a - - default default] GET http://[LB_IP_ADDRESS]:8776/v3/30f424cf744c4f47afca65f04abc259a/volumes/e1d4be7e-06f0-4d10-a1f6-160c4af14ade
2025-09-10 20:33:34.983 23 INFO cinder.volume.api [None req-cb0b17a2-1da9-4b96-adf9-28a34ba2e703 eb102940d1f14d389f5dd3e60a29dffe 30f424cf744c4f47afca65f04abc259a - - default default] Volume info retrieved successfully.
2025-09-10 20:33:35.013 23 INFO cinder.api.openstack.wsgi [None req-cb0b17a2-1da9-4b96-adf9-28a34ba2e703 eb102940d1f14d389f5dd3e60a29dffe 30f424cf744c4f47afca65f04abc259a - - default default] http://[LB_IP_ADDRESS]:8776/v3/30f424cf744c4f47afca65f04abc259a/volumes/e1d4be7e-06f0-4d10-a1f6-160c4af14ade returned with HTTP 200
2025-09-10 20:33:35.676 21 INFO cinder.api.openstack.wsgi [None req-53066fe0-9b73-497f-90d9-c74a2e25e6c8 92607242f0344952953db7ecace99f65 5a333583d4fc41d09d126a465b2e8b34 - - default default] GET http://[LB_IP_ADDRESS]:8776/v3/5a333583d4fc41d09d126a465b2e8b34/volumes/b9a8866e-80b8-46f6-bfba-dff589dcf897
2025-09-10 20:33:35.698 21 INFO cinder.volume.api [None req-53066fe0-9b73-497f-90d9-c74a2e25e6c8 92607242f0344952953db7ecace99f65 5a333583d4fc41d09d126a465b2e8b34 - - default default] Volume info retrieved successfully.
2025-09-10 20:33:35.706 21 INFO cinder.api.openstack.wsgi [None req-53066fe0-9b73-497f-90d9-c74a2e25e6c8 92607242f0344952953db7ecace99f65 5a333583d4fc41d09d126a465b2e8b34 - - default default] http://[LB_IP_ADDRESS]:8776/v3/5a333583d4fc41d09d126a465b2e8b34/volumes/b9a8866e-80b8-46f6-bfba-dff589dcf897 returned with HTTP 200
2025-09-10 20:33:36.040 24 INFO cinder.api.openstack.wsgi [None req-25c25cad-8276-4f65-a153-1108bdd2c1b5 eb102940d1f14d389f5dd3e60a29dffe 30f424cf744c4f47afca65f04abc259a - - default default] GET http://[LB_IP_ADDRESS]:8776/v3/30f424cf744c4f47afca65f04abc259a/volumes/e1d4be7e-06f0-4d10-a1f6-160c4af14ade
2025-09-10 20:33:36.062 24 INFO cinder.volume.api [None req-25c25cad-8276-4f65-a153-1108bdd2c1b5 eb102940d1f14d389f5dd3e60a29dffe 30f424cf744c4f47afca65f04abc259a - - default default] Volume info retrieved successfully.
2025-09-10 20:33:36.091 24 INFO cinder.api.openstack.wsgi [None req-25c25cad-8276-4f65-a153-1108bdd2c1b5 eb102940d1f14d389f5dd3e60a29dffe 30f424cf744c4f47afca65f04abc259a - - default default] http://[LB_IP_ADDRESS]:8776/v3/30f424cf744c4f47afca65f04abc259a/volumes/e1d4be7e-06f0-4d10-a1f6-160c4af14ade returned with HTTP 200
2025-09-10 20:33:36.119 22 INFO cinder.api.openstack.wsgi [None req-324d51d4-8412-48dc-b9f9-a8918e2a9092 eb102940d1f14d389f5dd3e60a29dffe 30f424cf744c4f47afca65f04abc259a - - default default] GET http://[LB_IP_ADDRESS]:8776/v3/30f424cf744c4f47afca65f04abc259a/groups/3b4dd622-9e71-4ecd-a847-9206e06ba437
2025-09-10 20:33:36.144 22 INFO cinder.api.openstack.wsgi [None req-324d51d4-8412-48dc-b9f9-a8918e2a9092 eb102940d1f14d389f5dd3e60a29dffe 30f424cf744c4f47afca65f04abc259a - - default default] http://[LB_IP_ADDRESS]:8776/v3/30f424cf744c4f47afca65f04abc259a/groups/3b4dd622-9e71-4ecd-a847-9206e06ba437 returned with HTTP 200
2025-09-10 20:33:36.160 25 INFO cinder.api.openstack.wsgi [None req-2cc9eb03-dc6a-4dc7-a2dd-d8ba5404ec83 eb102940d1f14d389f5dd3e60a29dffe 30f424cf744c4f47afca65f04abc259a - - default default] GET http://[LB_IP_ADDRESS]:8776/v3/30f424cf744c4f47afca65f04abc259a/volumes/detail
2025-09-10 20:33:36.180 25 INFO cinder.volume.api [None req-2cc9eb03-dc6a-4dc7-a2dd-d8ba5404ec83 eb102940d1f14d389f5dd3e60a29dffe 30f424cf744c4f47afca65f04abc259a - - default default] Get all volumes completed successfully.
2025-09-10 20:33:36.234 25 INFO cinder.api.openstack.wsgi [None req-2cc9eb03-dc6a-4dc7-a2dd-d8ba5404ec83 eb102940d1f14d389f5dd3e60a29dffe 30f424cf744c4f47afca65f04abc259a - - default default] http://[LB_IP_ADDRESS]:8776/v3/30f424cf744c4f47afca65f04abc259a/volumes/detail returned with HTTP 200
2025-09-10 20:33:36.264 23 INFO cinder.api.openstack.wsgi [None req-78abfdfb-5c30-40cf-89ca-9d70c83331ef eb102940d1f14d389f5dd3e60a29dffe 30f424cf744c4f47afca65f04abc259a - - default default] POST http://[LB_IP_ADDRESS]:8776/v3/30f424cf744c4f47afca65f04abc259a/groups/3b4dd622-9e71-4ecd-a847-9206e06ba437/action
2025-09-10 20:33:36.269 23 INFO cinder.api.v3.groups [None req-78abfdfb-5c30-40cf-89ca-9d70c83331ef eb102940d1f14d389f5dd3e60a29dffe 30f424cf744c4f47afca65f04abc259a - - default default] Delete group with id: 3b4dd622-9e71-4ecd-a847-9206e06ba437
2025-09-10 20:33:36.344 23 INFO cinder.api.openstack.wsgi [None req-78abfdfb-5c30-40cf-89ca-9d70c83331ef eb102940d1f14d389f5dd3e60a29dffe 30f424cf744c4f47afca65f04abc259a - - default default] http://[LB_IP_ADDRESS]:8776/v3/30f424cf744c4f47afca65f04abc259a/groups/3b4dd622-9e71-4ecd-a847-9206e06ba437/action returned with HTTP 202
2025-09-10 20:33:36.356 21 INFO cinder.api.openstack.wsgi [None req-b122ee1e-64de-4b2c-aed1-840d09a5669d eb102940d1f14d389f5dd3e60a29dffe 30f424cf744c4f47afca65f04abc259a - - default default] GET http://[LB_IP_ADDRESS]:8776/v3/30f424cf744c4f47afca65f04abc259a/volumes/e1d4be7e-06f0-4d10-a1f6-160c4af14ade
2025-09-10 20:33:36.379 21 INFO cinder.volume.api [None req-b122ee1e-64de-4b2c-aed1-840d09a5669d eb102940d1f14d389f5dd3e60a29dffe 30f424cf744c4f47afca65f04abc259a - - default default] Volume info retrieved successfully.
2025-09-10 20:33:36.461 21 INFO cinder.api.openstack.wsgi [None req-b122ee1e-64de-4b2c-aed1-840d09a5669d eb102940d1f14d389f5dd3e60a29dffe 30f424cf744c4f47afca65f04abc259a - - default default] http://[LB_IP_ADDRESS]:8776/v3/30f424cf744c4f47afca65f04abc259a/volumes/e1d4be7e-06f0-4d10-a1f6-160c4af14ade returned with HTTP 200
2025-09-10 20:33:36.735 24 INFO cinder.api.openstack.wsgi [None req-f1abfe34-c4af-4d1c-8f60-218f24e0a2a4 92607242f0344952953db7ecace99f65 5a333583d4fc41d09d126a465b2e8b34 - - default default] GET http://[LB_IP_ADDRESS]:8776/v3/5a333583d4fc41d09d126a465b2e8b34/volumes/b9a8866e-80b8-46f6-bfba-dff589dcf897
2025-09-10 20:33:36.760 24 INFO cinder.volume.api [None req-f1abfe34-c4af-4d1c-8f60-218f24e0a2a4 92607242f0344952953db7ecace99f65 5a333583d4fc41d09d126a465b2e8b34 - - default default] Volume info retrieved successfully.
2025-09-10 20:33:36.769 24 INFO cinder.api.openstack.wsgi [None req-f1abfe34-c4af-4d1c-8f60-218f24e0a2a4 92607242f0344952953db7ecace99f65 5a333583d4fc41d09d126a465b2e8b34 - - default default] http://[LB_IP_ADDRESS]:8776/v3/5a333583d4fc41d09d126a465b2e8b34/volumes/b9a8866e-80b8-46f6-bfba-dff589dcf897 returned with HTTP 200
2025-09-10 20:33:36.799 22 INFO cinder.api.openstack.wsgi [None req-d822e6c0-cb30-4f89-a573-2c289e7fb6b7 be3ce770ec374cb4ae340955f545cf79 83ebd87106ae435dad1cc3d6a1547caa - - default default] PUT http://[LB_IP_ADDRESS]:8776/v3/83ebd87106ae435dad1cc3d6a1547caa/os-quota-sets/5a333583d4fc41d09d126a465b2e8b34
2025-09-10 20:33:37.019 22 WARNING cinder.quota [None req-d822e6c0-cb30-4f89-a573-2c289e7fb6b7 be3ce770ec374cb4ae340955f545cf79 83ebd87106ae435dad1cc3d6a1547caa - - default default] Deprecated: Default quota for resource: volumes_tempest-GroupsV314Test-volume-type-1823370988 is set by the default quota flag: quota_volumes_tempest-GroupsV314Test-volume-type-1823370988, it is now deprecated. Please use the default quota class for default quota.
2025-09-10 20:33:37.019 22 WARNING cinder.quota [None req-d822e6c0-cb30-4f89-a573-2c289e7fb6b7 be3ce770ec374cb4ae340955f545cf79 83ebd87106ae435dad1cc3d6a1547caa - - default default] Deprecated: Default quota for resource: gigabytes_tempest-GroupsV314Test-volume-type-1823370988 is set by the default quota flag: quota_gigabytes_tempest-GroupsV314Test-volume-type-1823370988, it is now deprecated. Please use the default quota class for default quota.
2025-09-10 20:33:37.020 22 WARNING cinder.quota [None req-d822e6c0-cb30-4f89-a573-2c289e7fb6b7 be3ce770ec374cb4ae340955f545cf79 83ebd87106ae435dad1cc3d6a1547caa - - default default] Deprecated: Default quota for resource: snapshots_tempest-GroupsV314Test-volume-type-1823370988 is set by the default quota flag: quota_snapshots_tempest-GroupsV314Test-volume-type-1823370988, it is now deprecated. Please use the default quota class for default quota.
2025-09-10 20:33:37.106 22 INFO cinder.api.openstack.wsgi [None req-d822e6c0-cb30-4f89-a573-2c289e7fb6b7 be3ce770ec374cb4ae340955f545cf79 83ebd87106ae435dad1cc3d6a1547caa - - default default] http://[LB_IP_ADDRESS]:8776/v3/83ebd87106ae435dad1cc3d6a1547caa/os-quota-sets/5a333583d4fc41d09d126a465b2e8b34 returned with HTTP 200
2025-09-10 20:33:37.120 25 INFO cinder.api.openstack.wsgi [None req-38fc5f5f-b76b-41fb-91e0-e034be33fdfd 92607242f0344952953db7ecace99f65 5a333583d4fc41d09d126a465b2e8b34 - - default default] POST http://[LB_IP_ADDRESS]:8776/v3/5a333583d4fc41d09d126a465b2e8b34/volumes
2025-09-10 20:33:37.125 25 INFO cinder.api.v3.volumes [None req-38fc5f5f-b76b-41fb-91e0-e034be33fdfd 92607242f0344952953db7ecace99f65 5a333583d4fc41d09d126a465b2e8b34 - - default default] Create volume of 2 GB
2025-09-10 20:33:37.134 25 INFO cinder.volume.api [None req-38fc5f5f-b76b-41fb-91e0-e034be33fdfd 92607242f0344952953db7ecace99f65 5a333583d4fc41d09d126a465b2e8b34 - - default default] Availability Zones retrieved successfully.
2025-09-10 20:33:37.417 25 WARNING cinder.quota_utils [None req-38fc5f5f-b76b-41fb-91e0-e034be33fdfd 92607242f0344952953db7ecace99f65 5a333583d4fc41d09d126a465b2e8b34 - - default default] Quota exceeded for 5a333583d4fc41d09d126a465b2e8b34, tried to create 2G volume (1G of 1G already consumed).: cinder.exception.OverQuota: Quota exceeded for resources: ['gigabytes']
2025-09-10 20:33:37.419 25 WARNING cinder.volume.api [None req-38fc5f5f-b76b-41fb-91e0-e034be33fdfd 92607242f0344952953db7ecace99f65 5a333583d4fc41d09d126a465b2e8b34 - - default default] Task 'cinder.volume.flows.api.create_volume.QuotaReserveTask;volume:create' (8b98caba-bc19-4f65-a0e3-9f0e29b39ce4) transitioned into state 'FAILURE' from state 'RUNNING'

Failure: cinder.exception.VolumeSizeExceedsAvailableQuota: Requested volume or snapshot exceeds allowed gigabytes quota. Requested 2G, quota is 1G and 1G has been consumed.
2025-09-10 20:33:37.424 25 WARNING cinder.volume.api [None req-38fc5f5f-b76b-41fb-91e0-e034be33fdfd 92607242f0344952953db7ecace99f65 5a333583d4fc41d09d126a465b2e8b34 - - default default] Task 'cinder.volume.flows.api.create_volume.QuotaReserveTask;volume:create' (8b98caba-bc19-4f65-a0e3-9f0e29b39ce4) transitioned into state 'REVERTED' from state 'REVERTING'
2025-09-10 20:33:37.427 25 WARNING cinder.volume.api [None req-38fc5f5f-b76b-41fb-91e0-e034be33fdfd 92607242f0344952953db7ecace99f65 5a333583d4fc41d09d126a465b2e8b34 - - default default] Task 'cinder.volume.flows.api.create_volume.ExtractVolumeRequestTask;volume:create' (f7abbbd9-a699-4b7a-8630-4710ea7c5bbb) transitioned into state 'REVERTED' from state 'REVERTING'
2025-09-10 20:33:37.429 25 WARNING cinder.volume.api [None req-38fc5f5f-b76b-41fb-91e0-e034be33fdfd 92607242f0344952953db7ecace99f65 5a333583d4fc41d09d126a465b2e8b34 - - default default] Flow 'volume_create_api' (cda90ebb-ff2a-478c-b32a-af075dc02ea6) transitioned into state 'REVERTED' from state 'RUNNING'
2025-09-10 20:33:37.429 25 INFO cinder.api.middleware.fault [None req-38fc5f5f-b76b-41fb-91e0-e034be33fdfd 92607242f0344952953db7ecace99f65 5a333583d4fc41d09d126a465b2e8b34 - - default default] http://[LB_IP_ADDRESS]:8776/v3/5a333583d4fc41d09d126a465b2e8b34/volumes returned with HTTP 413
2025-09-10 20:33:37.445 23 INFO cinder.api.openstack.wsgi [None req-48e46bf8-da8a-4de5-a21e-d6acaf0d5ec9 be3ce770ec374cb4ae340955f545cf79 83ebd87106ae435dad1cc3d6a1547caa - - default default] PUT http://[LB_IP_ADDRESS]:8776/v3/83ebd87106ae435dad1cc3d6a1547caa/os-quota-sets/5a333583d4fc41d09d126a465b2e8b34
2025-09-10 20:33:37.495 21 INFO cinder.api.openstack.wsgi [None req-8b9c2f10-899f-42e9-aee5-0b0af4e0fe7f eb102940d1f14d389f5dd3e60a29dffe 30f424cf744c4f47afca65f04abc259a - - default default] GET http://[LB_IP_ADDRESS]:8776/v3/30f424cf744c4f47afca65f04abc259a/volumes/e1d4be7e-06f0-4d10-a1f6-160c4af14ade
2025-09-10 20:33:37.513 21 INFO cinder.api.openstack.wsgi [None req-8b9c2f10-899f-42e9-aee5-0b0af4e0fe7f eb102940d1f14d389f5dd3e60a29dffe 30f424cf744c4f47afca65f04abc259a - - default default] http://[LB_IP_ADDRESS]:8776/v3/30f424cf744c4f47afca65f04abc259a/volumes/e1d4be7e-06f0-4d10-a1f6-160c4af14ade returned with HTTP 404
2025-09-10 20:33:37.524 24 INFO cinder.api.openstack.wsgi [None req-a8fd2314-6672-4728-aba4-cbc3975990d8 eb102940d1f14d389f5dd3e60a29dffe 30f424cf744c4f47afca65f04abc259a - - default default] GET http://[LB_IP_ADDRESS]:8776/v3/30f424cf744c4f47afca65f04abc259a/groups/3b4dd622-9e71-4ecd-a847-9206e06ba437
2025-09-10 20:33:37.531 24 INFO cinder.api.openstack.wsgi [None req-a8fd2314-6672-4728-aba4-cbc3975990d8 eb102940d1f14d389f5dd3e60a29dffe 30f424cf744c4f47afca65f04abc259a - - default default] http://[LB_IP_ADDRESS]:8776/v3/30f424cf744c4f47afca65f04abc259a/groups/3b4dd622-9e71-4ecd-a847-9206e06ba437 returned with HTTP 404
2025-09-10 20:33:37.542 22 INFO cinder.api.openstack.wsgi [None req-e0282385-01e0-460f-b8cd-93f5ff9f7ef5 eb102940d1f14d389f5dd3e60a29dffe 30f424cf744c4f47afca65f04abc259a - - default default] GET http://[LB_IP_ADDRESS]:8776/v3/30f424cf744c4f47afca65f04abc259a/volumes/detail
2025-09-10 20:33:37.562 22 INFO cinder.volume.api [None req-e0282385-01e0-460f-b8cd-93f5ff9f7ef5 eb102940d1f14d389f5dd3e60a29dffe 30f424cf744c4f47afca65f04abc259a - - default default] Get all volumes completed successfully.
2025-09-10 20:33:37.594 22 INFO cinder.api.openstack.wsgi [None req-e0282385-01e0-460f-b8cd-93f5ff9f7ef5 eb102940d1f14d389f5dd3e60a29dffe 30f424cf744c4f47afca65f04abc259a - - default default] http://[LB_IP_ADDRESS]:8776/v3/30f424cf744c4f47afca65f04abc259a/volumes/detail returned with HTTP 200
2025-09-10 20:33:37.623 25 INFO cinder.api.openstack.wsgi [None req-e495fa6a-60ac-4ad2-8d2d-2b58a3513257 eb102940d1f14d389f5dd3e60a29dffe 30f424cf744c4f47afca65f04abc259a - - default default] POST http://[LB_IP_ADDRESS]:8776/v3/30f424cf744c4f47afca65f04abc259a/groups/1171195d-8786-4c55-841e-b249398dbc2e/action
2025-09-10 20:33:37.627 25 INFO cinder.api.v3.groups [None req-e495fa6a-60ac-4ad2-8d2d-2b58a3513257 eb102940d1f14d389f5dd3e60a29dffe 30f424cf744c4f47afca65f04abc259a - - default default] Delete group with id: 1171195d-8786-4c55-841e-b249398dbc2e
2025-09-10 20:33:37.670 23 WARNING cinder.quota [None req-48e46bf8-da8a-4de5-a21e-d6acaf0d5ec9 be3ce770ec374cb4ae340955f545cf79 83ebd87106ae435dad1cc3d6a1547caa - - default default] Deprecated: Default quota for resource: snapshots_tempest-GroupsV314Test-volume-type-1823370988 is set by the default quota flag: quota_snapshots_tempest-GroupsV314Test-volume-type-1823370988, it is now deprecated. Please use the default quota class for default quota.
2025-09-10 20:33:37.719 25 INFO cinder.api.openstack.wsgi [None req-e495fa6a-60ac-4ad2-8d2d-2b58a3513257 eb102940d1f14d389f5dd3e60a29dffe 30f424cf744c4f47afca65f04abc259a - - default default] http://[LB_IP_ADDRESS]:8776/v3/30f424cf744c4f47afca65f04abc259a/groups/1171195d-8786-4c55-841e-b249398dbc2e/action returned with HTTP 202
2025-09-10 20:33:37.732 21 INFO cinder.api.openstack.wsgi [None req-0d5339a1-cc29-495e-80b1-55c24a19f67e eb102940d1f14d389f5dd3e60a29dffe 30f424cf744c4f47afca65f04abc259a - - default default] GET http://[LB_IP_ADDRESS]:8776/v3/30f424cf744c4f47afca65f04abc259a/volumes/45aba613-0fa2-45ba-9db4-a317e6f712c0
2025-09-10 20:33:37.758 21 INFO cinder.volume.api [None req-0d5339a1-cc29-495e-80b1-55c24a19f67e eb102940d1f14d389f5dd3e60a29dffe 30f424cf744c4f47afca65f04abc259a - - default default] Volume info retrieved successfully.
2025-09-10 20:33:37.761 23 INFO cinder.api.openstack.wsgi [None req-48e46bf8-da8a-4de5-a21e-d6acaf0d5ec9 be3ce770ec374cb4ae340955f545cf79 83ebd87106ae435dad1cc3d6a1547caa - - default default] http://[LB_IP_ADDRESS]:8776/v3/83ebd87106ae435dad1cc3d6a1547caa/os-quota-sets/5a333583d4fc41d09d126a465b2e8b34 returned with HTTP 200
2025-09-10 20:33:37.775 24 INFO cinder.api.openstack.wsgi [None req-c2ea235d-53f3-4a63-90b1-94191330e9fb 92607242f0344952953db7ecace99f65 5a333583d4fc41d09d126a465b2e8b34 - - default default] POST http://[LB_IP_ADDRESS]:8776/v3/5a333583d4fc41d09d126a465b2e8b34/volumes
2025-09-10 20:33:37.779 24 INFO cinder.api.v3.volumes [None req-c2ea235d-53f3-4a63-90b1-94191330e9fb 92607242f0344952953db7ecace99f65 5a333583d4fc41d09d126a465b2e8b34 - - default default] Create volume of 1 GB
2025-09-10 20:33:37.790 24 INFO cinder.volume.api [None req-c2ea235d-53f3-4a63-90b1-94191330e9fb 92607242f0344952953db7ecace99f65 5a333583d4fc41d09d126a465b2e8b34 - - default default] Availability Zones retrieved successfully.
2025-09-10 20:33:37.792 21 INFO cinder.api.openstack.wsgi [None req-0d5339a1-cc29-495e-80b1-55c24a19f67e eb102940d1f14d389f5dd3e60a29dffe 30f424cf744c4f47afca65f04abc259a - - default default] http://[LB_IP_ADDRESS]:8776/v3/30f424cf744c4f47afca65f04abc259a/volumes/45aba613-0fa2-45ba-9db4-a317e6f712c0 returned with HTTP 200
2025-09-10 20:33:38.071 24 WARNING cinder.quota_utils [None req-c2ea235d-53f3-4a63-90b1-94191330e9fb 92607242f0344952953db7ecace99f65 5a333583d4fc41d09d126a465b2e8b34 - - default default] Quota exceeded for 5a333583d4fc41d09d126a465b2e8b34, tried to create volume (1 volumes already consumed).: cinder.exception.OverQuota: Quota exceeded for resources: ['volumes']
2025-09-10 20:33:38.073 24 WARNING cinder.volume.api [None req-c2ea235d-53f3-4a63-90b1-94191330e9fb 92607242f0344952953db7ecace99f65 5a333583d4fc41d09d126a465b2e8b34 - - default default] Task 'cinder.volume.flows.api.create_volume.QuotaReserveTask;volume:create' (3f5bb60e-641c-47c8-97c3-d3576d0277e5) transitioned into state 'FAILURE' from state 'RUNNING'

Failure: cinder.exception.VolumeLimitExceeded: Maximum number of volumes allowed (1) exceeded for quota 'volumes'.
2025-09-10 20:33:38.077 24 WARNING cinder.volume.api [None req-c2ea235d-53f3-4a63-90b1-94191330e9fb 92607242f0344952953db7ecace99f65 5a333583d4fc41d09d126a465b2e8b34 - - default default] Task 'cinder.volume.flows.api.create_volume.QuotaReserveTask;volume:create' (3f5bb60e-641c-47c8-97c3-d3576d0277e5) transitioned into state 'REVERTED' from state 'REVERTING'
2025-09-10 20:33:38.080 24 WARNING cinder.volume.api [None req-c2ea235d-53f3-4a63-90b1-94191330e9fb 92607242f0344952953db7ecace99f65 5a333583d4fc41d09d126a465b2e8b34 - - default default] Task 'cinder.volume.flows.api.create_volume.ExtractVolumeRequestTask;volume:create' (7da5d802-ee42-4025-b28c-22ac4bd97290) transitioned into state 'REVERTED' from state 'REVERTING'
2025-09-10 20:33:38.082 24 WARNING cinder.volume.api [None req-c2ea235d-53f3-4a63-90b1-94191330e9fb 92607242f0344952953db7ecace99f65 5a333583d4fc41d09d126a465b2e8b34 - - default default] Flow 'volume_create_api' (464684b1-68c3-482d-813f-1856495a0d46) transitioned into state 'REVERTED' from state 'RUNNING'
2025-09-10 20:33:38.082 24 INFO cinder.api.middleware.fault [None req-c2ea235d-53f3-4a63-90b1-94191330e9fb 92607242f0344952953db7ecace99f65 5a333583d4fc41d09d126a465b2e8b34 - - default default] http://[LB_IP_ADDRESS]:8776/v3/5a333583d4fc41d09d126a465b2e8b34/volumes returned with HTTP 413
2025-09-10 20:33:38.095 22 INFO cinder.api.openstack.wsgi [None req-2dca1b3b-209b-4813-bfbe-33aa92b071b7 be3ce770ec374cb4ae340955f545cf79 83ebd87106ae435dad1cc3d6a1547caa - - default default] PUT http://[LB_IP_ADDRESS]:8776/v3/83ebd87106ae435dad1cc3d6a1547caa/os-quota-sets/5a333583d4fc41d09d126a465b2e8b34
2025-09-10 20:33:38.411 22 INFO cinder.api.openstack.wsgi [None req-2dca1b3b-209b-4813-bfbe-33aa92b071b7 be3ce770ec374cb4ae340955f545cf79 83ebd87106ae435dad1cc3d6a1547caa - - default default] http://[LB_IP_ADDRESS]:8776/v3/83ebd87106ae435dad1cc3d6a1547caa/os-quota-sets/5a333583d4fc41d09d126a465b2e8b34 returned with HTTP 200
2025-09-10 20:33:38.418 25 INFO cinder.api.openstack.wsgi [None req-9cad7e76-bdda-46b8-826b-bed8ca62ce7d 8bcbe4d6f96c41aaaf087f2d6e64da84 55d850e374ff4ba48f130437093cac57 - - default default] POST http://[LB_IP_ADDRESS]:8776/v3/55d850e374ff4ba48f130437093cac57/types
2025-09-10 20:33:38.431 23 INFO cinder.api.openstack.wsgi [None req-f4a9bfd0-1539-4ca2-afad-eb6036b5b4ca 92607242f0344952953db7ecace99f65 5a333583d4fc41d09d126a465b2e8b34 - - default default] POST http://[LB_IP_ADDRESS]:8776/v3/5a333583d4fc41d09d126a465b2e8b34/volumes/b9a8866e-80b8-46f6-bfba-dff589dcf897/action
2025-09-10 20:33:38.451 23 INFO cinder.volume.api [None req-f4a9bfd0-1539-4ca2-afad-eb6036b5b4ca 92607242f0344952953db7ecace99f65 5a333583d4fc41d09d126a465b2e8b34 - - default default] Volume info retrieved successfully.
2025-09-10 20:33:38.468 25 INFO cinder.api.openstack.wsgi [None req-9cad7e76-bdda-46b8-826b-bed8ca62ce7d 8bcbe4d6f96c41aaaf087f2d6e64da84 55d850e374ff4ba48f130437093cac57 - - default default] http://[LB_IP_ADDRESS]:8776/v3/55d850e374ff4ba48f130437093cac57/types returned with HTTP 200
2025-09-10 20:33:38.487 21 INFO cinder.api.openstack.wsgi [None req-a343b6e7-292a-4a57-9c62-903292c6441a 8bcbe4d6f96c41aaaf087f2d6e64da84 55d850e374ff4ba48f130437093cac57 - - default default] POST http://[LB_IP_ADDRESS]:8776/v3/55d850e374ff4ba48f130437093cac57/types/a8b19083-f5d4-4705-a0ad-0ff91f7f57a3/extra_specs
2025-09-10 20:33:38.538 21 INFO cinder.api.openstack.wsgi [None req-a343b6e7-292a-4a57-9c62-903292c6441a 8bcbe4d6f96c41aaaf087f2d6e64da84 55d850e374ff4ba48f130437093cac57 - - default default] http://[LB_IP_ADDRESS]:8776/v3/55d850e374ff4ba48f130437093cac57/types/a8b19083-f5d4-4705-a0ad-0ff91f7f57a3/extra_specs returned with HTTP 200
2025-09-10 20:33:38.554 24 INFO cinder.api.openstack.wsgi [None req-601788cd-1a80-4172-9401-890c09430a8f 8bcbe4d6f96c41aaaf087f2d6e64da84 55d850e374ff4ba48f130437093cac57 - - default default] GET http://[LB_IP_ADDRESS]:8776/v3/55d850e374ff4ba48f130437093cac57/types/a8b19083-f5d4-4705-a0ad-0ff91f7f57a3/extra_specs/spec3
2025-09-10 20:33:38.567 24 INFO cinder.api.openstack.wsgi [None req-601788cd-1a80-4172-9401-890c09430a8f 8bcbe4d6f96c41aaaf087f2d6e64da84 55d850e374ff4ba48f130437093cac57 - - default default] http://[LB_IP_ADDRESS]:8776/v3/55d850e374ff4ba48f130437093cac57/types/a8b19083-f5d4-4705-a0ad-0ff91f7f57a3/extra_specs/spec3 returned with HTTP 200
2025-09-10 20:33:38.595 22 INFO cinder.api.openstack.wsgi [None req-f8e828d4-d3cd-48c2-b43f-60061b7bac8b 8bcbe4d6f96c41aaaf087f2d6e64da84 55d850e374ff4ba48f130437093cac57 - - default default] DELETE http://[LB_IP_ADDRESS]:8776/v3/55d850e374ff4ba48f130437093cac57/types/a8b19083-f5d4-4705-a0ad-0ff91f7f57a3/extra_specs/spec3
2025-09-10 20:33:38.635 22 INFO cinder.api.openstack.wsgi [None req-f8e828d4-d3cd-48c2-b43f-60061b7bac8b 8bcbe4d6f96c41aaaf087f2d6e64da84 55d850e374ff4ba48f130437093cac57 - - default default] http://[LB_IP_ADDRESS]:8776/v3/55d850e374ff4ba48f130437093cac57/types/a8b19083-f5d4-4705-a0ad-0ff91f7f57a3/extra_specs/spec3 returned with HTTP 202
2025-09-10 20:33:38.652 25 INFO cinder.api.openstack.wsgi [None req-0efd8170-ae89-42ec-abed-90e7ecfd2ad1 8bcbe4d6f96c41aaaf087f2d6e64da84 55d850e374ff4ba48f130437093cac57 - - default default] GET http://[LB_IP_ADDRESS]:8776/v3/55d850e374ff4ba48f130437093cac57/types/a8b19083-f5d4-4705-a0ad-0ff91f7f57a3/extra_specs/spec3
2025-09-10 20:33:38.665 25 INFO cinder.api.openstack.wsgi [None req-0efd8170-ae89-42ec-abed-90e7ecfd2ad1 8bcbe4d6f96c41aaaf087f2d6e64da84 55d850e374ff4ba48f130437093cac57 - - default default] http://[LB_IP_ADDRESS]:8776/v3/55d850e374ff4ba48f130437093cac57/types/a8b19083-f5d4-4705-a0ad-0ff91f7f57a3/extra_specs/spec3 returned with HTTP 404
2025-09-10 20:33:38.680 21 INFO cinder.api.openstack.wsgi [None req-e30cbc1c-5eeb-4f20-bace-b3449dc4148a 8bcbe4d6f96c41aaaf087f2d6e64da84 55d850e374ff4ba48f130437093cac57 - - default default] POST http://[LB_IP_ADDRESS]:8776/v3/55d850e374ff4ba48f130437093cac57/types/a8b19083-f5d4-4705-a0ad-0ff91f7f57a3/extra_specs
2025-09-10 20:33:38.690 23 ERROR cinder.volume.api [None req-f4a9bfd0-1539-4ca2-afad-eb6036b5b4ca 92607242f0344952953db7ecace99f65 5a333583d4fc41d09d126a465b2e8b34 - - default default] Quota exceeded for 5a333583d4fc41d09d126a465b2e8b34, tried to extend volume by 1G, (1G of 1G already consumed).: cinder.exception.OverQuota: Quota exceeded for resources: ['gigabytes']
2025-09-10 20:33:38.695 23 INFO cinder.api.middleware.fault [None req-f4a9bfd0-1539-4ca2-afad-eb6036b5b4ca 92607242f0344952953db7ecace99f65 5a333583d4fc41d09d126a465b2e8b34 - - default default] http://[LB_IP_ADDRESS]:8776/v3/5a333583d4fc41d09d126a465b2e8b34/volumes/b9a8866e-80b8-46f6-bfba-dff589dcf897/action returned with HTTP 413
2025-09-10 20:33:38.707 24 INFO cinder.api.openstack.wsgi [None req-13fa7042-dd82-41bc-8cc6-23a8337b4fe6 92607242f0344952953db7ecace99f65 5a333583d4fc41d09d126a465b2e8b34 - - default default] GET http://[LB_IP_ADDRESS]:8776/v3/5a333583d4fc41d09d126a465b2e8b34/volumes/b9a8866e-80b8-46f6-bfba-dff589dcf897
2025-09-10 20:33:38.722 21 INFO cinder.api.openstack.wsgi [None req-e30cbc1c-5eeb-4f20-bace-b3449dc4148a 8bcbe4d6f96c41aaaf087f2d6e64da84 55d850e374ff4ba48f130437093cac57 - - default default] http://[LB_IP_ADDRESS]:8776/v3/55d850e374ff4ba48f130437093cac57/types/a8b19083-f5d4-4705-a0ad-0ff91f7f57a3/extra_specs returned with HTTP 200
2025-09-10 20:33:38.732 24 INFO cinder.volume.api [None req-13fa7042-dd82-41bc-8cc6-23a8337b4fe6 92607242f0344952953db7ecace99f65 5a333583d4fc41d09d126a465b2e8b34 - - default default] Volume info retrieved successfully.
2025-09-10 20:33:38.737 22 INFO cinder.api.openstack.wsgi [None req-16001c77-43b6-4492-89dd-25d5ea35b86b 8bcbe4d6f96c41aaaf087f2d6e64da84 55d850e374ff4ba48f130437093cac57 - - default default] GET http://[LB_IP_ADDRESS]:8776/v3/55d850e374ff4ba48f130437093cac57/types/a8b19083-f5d4-4705-a0ad-0ff91f7f57a3/extra_specs
2025-09-10 20:33:38.742 24 INFO cinder.api.openstack.wsgi [None req-13fa7042-dd82-41bc-8cc6-23a8337b4fe6 92607242f0344952953db7ecace99f65 5a333583d4fc41d09d126a465b2e8b34 - - default default] http://[LB_IP_ADDRESS]:8776/v3/5a333583d4fc41d09d126a465b2e8b34/volumes/b9a8866e-80b8-46f6-bfba-dff589dcf897 returned with HTTP 200
2025-09-10 20:33:38.751 22 INFO cinder.api.openstack.wsgi [None req-16001c77-43b6-4492-89dd-25d5ea35b86b 8bcbe4d6f96c41aaaf087f2d6e64da84 55d850e374ff4ba48f130437093cac57 - - default default] http://[LB_IP_ADDRESS]:8776/v3/55d850e374ff4ba48f130437093cac57/types/a8b19083-f5d4-4705-a0ad-0ff91f7f57a3/extra_specs returned with HTTP 200
2025-09-10 20:33:38.768 25 INFO cinder.api.openstack.wsgi [None req-bfa54860-300d-4fb3-bc33-ab414516bf2a 8bcbe4d6f96c41aaaf087f2d6e64da84 55d850e374ff4ba48f130437093cac57 - - default default] POST http://[LB_IP_ADDRESS]:8776/v3/55d850e374ff4ba48f130437093cac57/types/a8b19083-f5d4-4705-a0ad-0ff91f7f57a3/extra_specs
2025-09-10 20:33:38.770 23 INFO cinder.api.openstack.wsgi [None req-0db0e0a1-da4f-4ad7-8c99-6efe1d2f9319 92607242f0344952953db7ecace99f65 5a333583d4fc41d09d126a465b2e8b34 - - default default] DELETE http://[LB_IP_ADDRESS]:8776/v3/5a333583d4fc41d09d126a465b2e8b34/volumes/b9a8866e-80b8-46f6-bfba-dff589dcf897
2025-09-10 20:33:38.771 23 INFO cinder.api.v3.volumes [None req-0db0e0a1-da4f-4ad7-8c99-6efe1d2f9319 92607242f0344952953db7ecace99f65 5a333583d4fc41d09d126a465b2e8b34 - - default default] Delete volume with id: b9a8866e-80b8-46f6-bfba-dff589dcf897 
2025-09-10 20:33:38.788 23 INFO cinder.volume.api [None req-0db0e0a1-da4f-4ad7-8c99-6efe1d2f9319 92607242f0344952953db7ecace99f65 5a333583d4fc41d09d126a465b2e8b34 - - default default] Volume info retrieved successfully.
2025-09-10 20:33:38.814 25 INFO cinder.api.openstack.wsgi [None req-bfa54860-300d-4fb3-bc33-ab414516bf2a 8bcbe4d6f96c41aaaf087f2d6e64da84 55d850e374ff4ba48f130437093cac57 - - default default] http://[LB_IP_ADDRESS]:8776/v3/55d850e374ff4ba48f130437093cac57/types/a8b19083-f5d4-4705-a0ad-0ff91f7f57a3/extra_specs returned with HTTP 200
2025-09-10 20:33:38.817 23 INFO cinder.volume.api [None req-0db0e0a1-da4f-4ad7-8c99-6efe1d2f9319 92607242f0344952953db7ecace99f65 5a333583d4fc41d09d126a465b2e8b34 - - default default] Delete volume request issued successfully.
2025-09-10 20:33:38.818 23 INFO cinder.api.openstack.wsgi [None req-0db0e0a1-da4f-4ad7-8c99-6efe1d2f9319 92607242f0344952953db7ecace99f65 5a333583d4fc41d09d126a465b2e8b34 - - default default] http://[LB_IP_ADDRESS]:8776/v3/5a333583d4fc41d09d126a465b2e8b34/volumes/b9a8866e-80b8-46f6-bfba-dff589dcf897 returned with HTTP 202
2025-09-10 20:33:38.820 21 INFO cinder.api.openstack.wsgi [None req-37f4a353-206e-44b2-b602-36d86c5c649c eb102940d1f14d389f5dd3e60a29dffe 30f424cf744c4f47afca65f04abc259a - - default default] GET http://[LB_IP_ADDRESS]:8776/v3/30f424cf744c4f47afca65f04abc259a/volumes/45aba613-0fa2-45ba-9db4-a317e6f712c0
2025-09-10 20:33:38.829 22 INFO cinder.api.openstack.wsgi [None req-ce3bf721-40c0-4d71-a058-afa1c8b51496 92607242f0344952953db7ecace99f65 5a333583d4fc41d09d126a465b2e8b34 - - default default] GET http://[LB_IP_ADDRESS]:8776/v3/5a333583d4fc41d09d126a465b2e8b34/volumes/b9a8866e-80b8-46f6-bfba-dff589dcf897
2025-09-10 20:33:38.830 24 INFO cinder.api.openstack.wsgi [None req-f489fde8-0ade-40a1-903b-519282c0d293 8bcbe4d6f96c41aaaf087f2d6e64da84 55d850e374ff4ba48f130437093cac57 - - default default] PUT http://[LB_IP_ADDRESS]:8776/v3/55d850e374ff4ba48f130437093cac57/types/a8b19083-f5d4-4705-a0ad-0ff91f7f57a3/extra_specs/spec2
2025-09-10 20:33:38.835 21 INFO cinder.api.openstack.wsgi [None req-37f4a353-206e-44b2-b602-36d86c5c649c eb102940d1f14d389f5dd3e60a29dffe 30f424cf744c4f47afca65f04abc259a - - default default] http://[LB_IP_ADDRESS]:8776/v3/30f424cf744c4f47afca65f04abc259a/volumes/45aba613-0fa2-45ba-9db4-a317e6f712c0 returned with HTTP 404
2025-09-10 20:33:38.847 25 INFO cinder.api.openstack.wsgi [None req-493c3f1e-1bd8-4a60-ad4f-049611b1f7e2 eb102940d1f14d389f5dd3e60a29dffe 30f424cf744c4f47afca65f04abc259a - - default default] GET http://[LB_IP_ADDRESS]:8776/v3/30f424cf744c4f47afca65f04abc259a/groups/1171195d-8786-4c55-841e-b249398dbc2e
2025-09-10 20:33:38.854 25 INFO cinder.api.openstack.wsgi [None req-493c3f1e-1bd8-4a60-ad4f-049611b1f7e2 eb102940d1f14d389f5dd3e60a29dffe 30f424cf744c4f47afca65f04abc259a - - default default] http://[LB_IP_ADDRESS]:8776/v3/30f424cf744c4f47afca65f04abc259a/groups/1171195d-8786-4c55-841e-b249398dbc2e returned with HTTP 404
2025-09-10 20:33:38.857 22 INFO cinder.volume.api [None req-ce3bf721-40c0-4d71-a058-afa1c8b51496 92607242f0344952953db7ecace99f65 5a333583d4fc41d09d126a465b2e8b34 - - default default] Volume info retrieved successfully.
2025-09-10 20:33:38.866 23 INFO cinder.api.openstack.wsgi [None req-1c0dec7a-5f56-4e68-b410-c233753d881c 0477ba8de0f64d5cbff22fd2dc34f9cb f2430eeb74274fdebd6b2dc172001c86 - - default default] DELETE http://[LB_IP_ADDRESS]:8776/v3/f2430eeb74274fdebd6b2dc172001c86/group_types/60212aac-9437-4014-8541-772b6f7857c8
2025-09-10 20:33:38.867 24 INFO cinder.api.openstack.wsgi [None req-f489fde8-0ade-40a1-903b-519282c0d293 8bcbe4d6f96c41aaaf087f2d6e64da84 55d850e374ff4ba48f130437093cac57 - - default default] http://[LB_IP_ADDRESS]:8776/v3/55d850e374ff4ba48f130437093cac57/types/a8b19083-f5d4-4705-a0ad-0ff91f7f57a3/extra_specs/spec2 returned with HTTP 200
2025-09-10 20:33:38.867 22 INFO cinder.api.openstack.wsgi [None req-ce3bf721-40c0-4d71-a058-afa1c8b51496 92607242f0344952953db7ecace99f65 5a333583d4fc41d09d126a465b2e8b34 - - default default] http://[LB_IP_ADDRESS]:8776/v3/5a333583d4fc41d09d126a465b2e8b34/volumes/b9a8866e-80b8-46f6-bfba-dff589dcf897 returned with HTTP 200
2025-09-10 20:33:38.882 21 INFO cinder.api.openstack.wsgi [None req-856c2e2e-de2b-4245-87be-0f333617bcf9 8bcbe4d6f96c41aaaf087f2d6e64da84 55d850e374ff4ba48f130437093cac57 - - default default] GET http://[LB_IP_ADDRESS]:8776/v3/55d850e374ff4ba48f130437093cac57/types/a8b19083-f5d4-4705-a0ad-0ff91f7f57a3/extra_specs/spec2
2025-09-10 20:33:38.888 23 INFO cinder.api.openstack.wsgi [None req-1c0dec7a-5f56-4e68-b410-c233753d881c 0477ba8de0f64d5cbff22fd2dc34f9cb f2430eeb74274fdebd6b2dc172001c86 - - default default] http://[LB_IP_ADDRESS]:8776/v3/f2430eeb74274fdebd6b2dc172001c86/group_types/60212aac-9437-4014-8541-772b6f7857c8 returned with HTTP 202
2025-09-10 20:33:38.896 21 INFO cinder.api.openstack.wsgi [None req-856c2e2e-de2b-4245-87be-0f333617bcf9 8bcbe4d6f96c41aaaf087f2d6e64da84 55d850e374ff4ba48f130437093cac57 - - default default] http://[LB_IP_ADDRESS]:8776/v3/55d850e374ff4ba48f130437093cac57/types/a8b19083-f5d4-4705-a0ad-0ff91f7f57a3/extra_specs/spec2 returned with HTTP 200
2025-09-10 20:33:38.899 25 INFO cinder.api.openstack.wsgi [None req-f91ce46b-44e8-4484-ac5b-8d9bece2c9c4 0477ba8de0f64d5cbff22fd2dc34f9cb f2430eeb74274fdebd6b2dc172001c86 - - default default] DELETE http://[LB_IP_ADDRESS]:8776/v3/f2430eeb74274fdebd6b2dc172001c86/types/a3f3cb81-20c9-41a6-baa3-68d8838c35c6
2025-09-10 20:33:38.910 24 INFO cinder.api.openstack.wsgi [None req-8bd1ba6f-660f-439c-922f-286ac4b18e21 8bcbe4d6f96c41aaaf087f2d6e64da84 55d850e374ff4ba48f130437093cac57 - - default default] POST http://[LB_IP_ADDRESS]:8776/v3/55d850e374ff4ba48f130437093cac57/types/a8b19083-f5d4-4705-a0ad-0ff91f7f57a3/extra_specs
2025-09-10 20:33:38.956 24 INFO cinder.api.openstack.wsgi [None req-8bd1ba6f-660f-439c-922f-286ac4b18e21 8bcbe4d6f96c41aaaf087f2d6e64da84 55d850e374ff4ba48f130437093cac57 - - default default] http://[LB_IP_ADDRESS]:8776/v3/55d850e374ff4ba48f130437093cac57/types/a8b19083-f5d4-4705-a0ad-0ff91f7f57a3/extra_specs returned with HTTP 200
2025-09-10 20:33:38.968 25 INFO cinder.api.openstack.wsgi [None req-f91ce46b-44e8-4484-ac5b-8d9bece2c9c4 0477ba8de0f64d5cbff22fd2dc34f9cb f2430eeb74274fdebd6b2dc172001c86 - - default default] http://[LB_IP_ADDRESS]:8776/v3/f2430eeb74274fdebd6b2dc172001c86/types/a3f3cb81-20c9-41a6-baa3-68d8838c35c6 returned with HTTP 202
2025-09-10 20:33:38.971 22 INFO cinder.api.openstack.wsgi [None req-aa35555c-f02b-4cc8-97a0-e545e30dcad7 8bcbe4d6f96c41aaaf087f2d6e64da84 55d850e374ff4ba48f130437093cac57 - - default default] GET http://[LB_IP_ADDRESS]:8776/v3/55d850e374ff4ba48f130437093cac57/types/a8b19083-f5d4-4705-a0ad-0ff91f7f57a3/extra_specs
2025-09-10 20:33:38.980 23 INFO cinder.api.openstack.wsgi [None req-d8081f9a-87a0-42da-97c7-1fcaceb38da0 0477ba8de0f64d5cbff22fd2dc34f9cb f2430eeb74274fdebd6b2dc172001c86 - - default default] GET http://[LB_IP_ADDRESS]:8776/v3/f2430eeb74274fdebd6b2dc172001c86/types/a3f3cb81-20c9-41a6-baa3-68d8838c35c6
2025-09-10 20:33:38.985 22 INFO cinder.api.openstack.wsgi [None req-aa35555c-f02b-4cc8-97a0-e545e30dcad7 8bcbe4d6f96c41aaaf087f2d6e64da84 55d850e374ff4ba48f130437093cac57 - - default default] http://[LB_IP_ADDRESS]:8776/v3/55d850e374ff4ba48f130437093cac57/types/a8b19083-f5d4-4705-a0ad-0ff91f7f57a3/extra_specs returned with HTTP 200
2025-09-10 20:33:38.988 23 INFO cinder.api.openstack.wsgi [None req-d8081f9a-87a0-42da-97c7-1fcaceb38da0 0477ba8de0f64d5cbff22fd2dc34f9cb f2430eeb74274fdebd6b2dc172001c86 - - default default] http://[LB_IP_ADDRESS]:8776/v3/f2430eeb74274fdebd6b2dc172001c86/types/a3f3cb81-20c9-41a6-baa3-68d8838c35c6 returned with HTTP 404
2025-09-10 20:33:39.000 21 INFO cinder.api.openstack.wsgi [None req-bd32c3c9-5654-461a-b0c3-3b4878eb9239 8bcbe4d6f96c41aaaf087f2d6e64da84 55d850e374ff4ba48f130437093cac57 - - default default] DELETE http://[LB_IP_ADDRESS]:8776/v3/55d850e374ff4ba48f130437093cac57/types/a8b19083-f5d4-4705-a0ad-0ff91f7f57a3
2025-09-10 20:33:39.071 21 INFO cinder.api.openstack.wsgi [None req-bd32c3c9-5654-461a-b0c3-3b4878eb9239 8bcbe4d6f96c41aaaf087f2d6e64da84 55d850e374ff4ba48f130437093cac57 - - default default] http://[LB_IP_ADDRESS]:8776/v3/55d850e374ff4ba48f130437093cac57/types/a8b19083-f5d4-4705-a0ad-0ff91f7f57a3 returned with HTTP 202
2025-09-10 20:33:39.083 24 INFO cinder.api.openstack.wsgi [None req-00a85f8c-fd04-413e-99b6-eda42ad121ee 8bcbe4d6f96c41aaaf087f2d6e64da84 55d850e374ff4ba48f130437093cac57 - - default default] GET http://[LB_IP_ADDRESS]:8776/v3/55d850e374ff4ba48f130437093cac57/types/a8b19083-f5d4-4705-a0ad-0ff91f7f57a3
2025-09-10 20:33:39.089 24 INFO cinder.api.openstack.wsgi [None req-00a85f8c-fd04-413e-99b6-eda42ad121ee 8bcbe4d6f96c41aaaf087f2d6e64da84 55d850e374ff4ba48f130437093cac57 - - default default] http://[LB_IP_ADDRESS]:8776/v3/55d850e374ff4ba48f130437093cac57/types/a8b19083-f5d4-4705-a0ad-0ff91f7f57a3 returned with HTTP 404
2025-09-10 20:33:39.895 25 INFO cinder.api.openstack.wsgi [None req-659f50f1-6614-4012-a22c-ef22c9ae9234 92607242f0344952953db7ecace99f65 5a333583d4fc41d09d126a465b2e8b34 - - default default] GET http://[LB_IP_ADDRESS]:8776/v3/5a333583d4fc41d09d126a465b2e8b34/volumes/b9a8866e-80b8-46f6-bfba-dff589dcf897
2025-09-10 20:33:39.911 25 INFO cinder.api.openstack.wsgi [None req-659f50f1-6614-4012-a22c-ef22c9ae9234 92607242f0344952953db7ecace99f65 5a333583d4fc41d09d126a465b2e8b34 - - default default] http://[LB_IP_ADDRESS]:8776/v3/5a333583d4fc41d09d126a465b2e8b34/volumes/b9a8866e-80b8-46f6-bfba-dff589dcf897 returned with HTTP 404
2025-09-10 20:33:39.923 22 INFO cinder.api.openstack.wsgi [None req-9944ce49-8213-48d3-88ae-e59c3ac8b8c4 be3ce770ec374cb4ae340955f545cf79 83ebd87106ae435dad1cc3d6a1547caa - - default default] PUT http://[LB_IP_ADDRESS]:8776/v3/83ebd87106ae435dad1cc3d6a1547caa/os-quota-sets/5a333583d4fc41d09d126a465b2e8b34
2025-09-10 20:33:40.348 22 INFO cinder.api.openstack.wsgi [None req-9944ce49-8213-48d3-88ae-e59c3ac8b8c4 be3ce770ec374cb4ae340955f545cf79 83ebd87106ae435dad1cc3d6a1547caa - - default default] http://[LB_IP_ADDRESS]:8776/v3/83ebd87106ae435dad1cc3d6a1547caa/os-quota-sets/5a333583d4fc41d09d126a465b2e8b34 returned with HTTP 200
2025-09-10 20:33:44.250 23 INFO cinder.api.openstack.wsgi [None req-72c5f793-a3b7-49f0-918d-8d91e5490669 c4e79ac8734245bf8de31703938551ba c839b991de944209b6cb48f2b7d95ca1 - - default default] POST http://[LB_IP_ADDRESS]:8776/v3/c839b991de944209b6cb48f2b7d95ca1/types/4613f810-9cab-403d-8368-603d72e5c834/encryption
2025-09-10 20:33:44.269 23 INFO cinder.api.openstack.wsgi [None req-72c5f793-a3b7-49f0-918d-8d91e5490669 c4e79ac8734245bf8de31703938551ba c839b991de944209b6cb48f2b7d95ca1 - - default default] http://[LB_IP_ADDRESS]:8776/v3/c839b991de944209b6cb48f2b7d95ca1/types/4613f810-9cab-403d-8368-603d72e5c834/encryption returned with HTTP 404
2025-09-10 20:33:44.280 21 INFO cinder.api.openstack.wsgi [None req-43909a36-c66c-45a5-98fb-71d3dfccb148 c4e79ac8734245bf8de31703938551ba c839b991de944209b6cb48f2b7d95ca1 - - default default] POST http://[LB_IP_ADDRESS]:8776/v3/c839b991de944209b6cb48f2b7d95ca1/types
2025-09-10 20:33:44.284 21 INFO cinder.api.openstack.wsgi [None req-43909a36-c66c-45a5-98fb-71d3dfccb148 c4e79ac8734245bf8de31703938551ba c839b991de944209b6cb48f2b7d95ca1 - - default default] http://[LB_IP_ADDRESS]:8776/v3/c839b991de944209b6cb48f2b7d95ca1/types returned with HTTP 400
2025-09-10 20:33:44.296 24 INFO cinder.api.openstack.wsgi [None req-430332e3-2684-4657-8d66-76119003680e c4e79ac8734245bf8de31703938551ba c839b991de944209b6cb48f2b7d95ca1 - - default default] POST http://[LB_IP_ADDRESS]:8776/v3/c839b991de944209b6cb48f2b7d95ca1/types
2025-09-10 20:33:44.326 24 INFO cinder.api.openstack.wsgi [None req-430332e3-2684-4657-8d66-76119003680e c4e79ac8734245bf8de31703938551ba c839b991de944209b6cb48f2b7d95ca1 - - default default] http://[LB_IP_ADDRESS]:8776/v3/c839b991de944209b6cb48f2b7d95ca1/types returned with HTTP 200
2025-09-10 20:33:44.339 25 INFO cinder.api.openstack.wsgi [None req-328f116b-1486-4add-afdf-a81d0f162914 c4e79ac8734245bf8de31703938551ba c839b991de944209b6cb48f2b7d95ca1 - - default default] POST http://[LB_IP_ADDRESS]:8776/v3/c839b991de944209b6cb48f2b7d95ca1/types
2025-09-10 20:33:44.354 25 INFO cinder.api.openstack.wsgi [None req-328f116b-1486-4add-afdf-a81d0f162914 c4e79ac8734245bf8de31703938551ba c839b991de944209b6cb48f2b7d95ca1 - - default default] HTTP exception thrown: Volume Type tempest-VolumeTypesNegativeTest-volume-type-1220641480 already exists.
2025-09-10 20:33:44.355 25 INFO cinder.api.openstack.wsgi [None req-328f116b-1486-4add-afdf-a81d0f162914 c4e79ac8734245bf8de31703938551ba c839b991de944209b6cb48f2b7d95ca1 - - default default] http://[LB_IP_ADDRESS]:8776/v3/c839b991de944209b6cb48f2b7d95ca1/types returned with HTTP 409
2025-09-10 20:33:44.364 22 INFO cinder.api.openstack.wsgi [None req-d5b54d7e-baa8-4227-9934-f13bf883bfd4 c4e79ac8734245bf8de31703938551ba c839b991de944209b6cb48f2b7d95ca1 - - default default] DELETE http://[LB_IP_ADDRESS]:8776/v3/c839b991de944209b6cb48f2b7d95ca1/types/99c28fc0-d444-420b-a742-db901820dd1a
2025-09-10 20:33:44.416 22 INFO cinder.api.openstack.wsgi [None req-d5b54d7e-baa8-4227-9934-f13bf883bfd4 c4e79ac8734245bf8de31703938551ba c839b991de944209b6cb48f2b7d95ca1 - - default default] http://[LB_IP_ADDRESS]:8776/v3/c839b991de944209b6cb48f2b7d95ca1/types/99c28fc0-d444-420b-a742-db901820dd1a returned with HTTP 202
2025-09-10 20:33:44.427 23 INFO cinder.api.openstack.wsgi [None req-de9a6cef-fe8b-484c-ab06-e9965603bb9d c4e79ac8734245bf8de31703938551ba c839b991de944209b6cb48f2b7d95ca1 - - default default] GET http://[LB_IP_ADDRESS]:8776/v3/c839b991de944209b6cb48f2b7d95ca1/types/99c28fc0-d444-420b-a742-db901820dd1a
