2025-01-13 18:12:24.766 21 INFO cinder.api.openstack.wsgi [None req-9ef28cae-03b6-4c4e-93fb-c547906ca5ea 1959a4d65ad740b6bed000a0b63ea3ab 9e2ec710d3d64f8086ce2e00e8ac8fb1 - - default default] POST http://[LB_IP_ADDRESS]:8776/v3/9e2ec710d3d64f8086ce2e00e8ac8fb1/group_snapshots
2025-01-13 18:12:24.797 21 INFO cinder.api.v3.group_snapshots [None req-9ef28cae-03b6-4c4e-93fb-c547906ca5ea 1959a4d65ad740b6bed000a0b63ea3ab 9e2ec710d3d64f8086ce2e00e8ac8fb1 - - default default] Creating group_snapshot tempest-group_snapshot-1697159402.
2025-01-13 18:12:24.872 21 WARNING cinder.quota [None req-9ef28cae-03b6-4c4e-93fb-c547906ca5ea 1959a4d65ad740b6bed000a0b63ea3ab 9e2ec710d3d64f8086ce2e00e8ac8fb1 - - default default] Deprecated: Default quota for resource: gigabytes_tempest-GroupSnapshotsTest-volume-type-1925408424 is set by the default quota flag: quota_gigabytes_tempest-GroupSnapshotsTest-volume-type-1925408424, it is now deprecated. Please use the default quota class for default quota.
2025-01-13 18:12:24.873 21 WARNING cinder.quota [None req-9ef28cae-03b6-4c4e-93fb-c547906ca5ea 1959a4d65ad740b6bed000a0b63ea3ab 9e2ec710d3d64f8086ce2e00e8ac8fb1 - - default default] Deprecated: Default quota for resource: snapshots_tempest-GroupSnapshotsTest-volume-type-1925408424 is set by the default quota flag: quota_snapshots_tempest-GroupSnapshotsTest-volume-type-1925408424, it is now deprecated. Please use the default quota class for default quota.
2025-01-13 18:12:24.955 21 INFO cinder.api.openstack.wsgi [None req-9ef28cae-03b6-4c4e-93fb-c547906ca5ea 1959a4d65ad740b6bed000a0b63ea3ab 9e2ec710d3d64f8086ce2e00e8ac8fb1 - - default default] http://[LB_IP_ADDRESS]:8776/v3/9e2ec710d3d64f8086ce2e00e8ac8fb1/group_snapshots returned with HTTP 202
2025-01-13 18:12:24.971 23 INFO cinder.api.openstack.wsgi [None req-697c0c27-bd30-4c1e-908f-9b376f5c17bd 1959a4d65ad740b6bed000a0b63ea3ab 9e2ec710d3d64f8086ce2e00e8ac8fb1 - - default default] GET http://[LB_IP_ADDRESS]:8776/v3/9e2ec710d3d64f8086ce2e00e8ac8fb1/group_snapshots/6090e039-9a41-4648-8965-7d531497f1cf
2025-01-13 18:12:24.986 23 INFO cinder.api.openstack.wsgi [None req-697c0c27-bd30-4c1e-908f-9b376f5c17bd 1959a4d65ad740b6bed000a0b63ea3ab 9e2ec710d3d64f8086ce2e00e8ac8fb1 - - default default] http://[LB_IP_ADDRESS]:8776/v3/9e2ec710d3d64f8086ce2e00e8ac8fb1/group_snapshots/6090e039-9a41-4648-8965-7d531497f1cf returned with HTTP 200
2025-01-13 18:12:25.027 25 INFO cinder.api.openstack.wsgi [None req-c0dacef3-a501-4a06-8411-8e721eebdba3 c72ae70c062d4eb4aa06971a2feb5839 b988a62a859a4fd78339ea331a3f44e3 - - default default] POST http://[LB_IP_ADDRESS]:8776/v3/b988a62a859a4fd78339ea331a3f44e3/types
2025-01-13 18:12:25.054 25 INFO cinder.api.openstack.wsgi [None req-c0dacef3-a501-4a06-8411-8e721eebdba3 c72ae70c062d4eb4aa06971a2feb5839 b988a62a859a4fd78339ea331a3f44e3 - - default default] http://[LB_IP_ADDRESS]:8776/v3/b988a62a859a4fd78339ea331a3f44e3/types returned with HTTP 200
2025-01-13 18:12:25.065 24 INFO cinder.api.openstack.wsgi [None req-e1aa1d28-bb0d-45f6-90f6-2057cf2f2d04 890343181334460b8b8bc81db4e77279 17ec6bf9d94348088ffae8942996c7a1 - - default default] GET http://[LB_IP_ADDRESS]:8776/v3/17ec6bf9d94348088ffae8942996c7a1/volumes/d0d53190-6ed8-4435-8013-7e48f0efa2ec
2025-01-13 18:12:25.070 22 INFO cinder.api.openstack.wsgi [None req-27d9a595-2d11-4687-80a4-0b127d74ec8e c72ae70c062d4eb4aa06971a2feb5839 b988a62a859a4fd78339ea331a3f44e3 - - default default] POST http://[LB_IP_ADDRESS]:8776/v3/b988a62a859a4fd78339ea331a3f44e3/group_types
2025-01-13 18:12:25.091 24 INFO cinder.volume.api [None req-e1aa1d28-bb0d-45f6-90f6-2057cf2f2d04 890343181334460b8b8bc81db4e77279 17ec6bf9d94348088ffae8942996c7a1 - - default default] Volume info retrieved successfully.
2025-01-13 18:12:25.095 22 INFO cinder.api.openstack.wsgi [None req-27d9a595-2d11-4687-80a4-0b127d74ec8e c72ae70c062d4eb4aa06971a2feb5839 b988a62a859a4fd78339ea331a3f44e3 - - default default] http://[LB_IP_ADDRESS]:8776/v3/b988a62a859a4fd78339ea331a3f44e3/group_types returned with HTTP 202
2025-01-13 18:12:25.100 24 INFO cinder.api.openstack.wsgi [None req-e1aa1d28-bb0d-45f6-90f6-2057cf2f2d04 890343181334460b8b8bc81db4e77279 17ec6bf9d94348088ffae8942996c7a1 - - default default] http://[LB_IP_ADDRESS]:8776/v3/17ec6bf9d94348088ffae8942996c7a1/volumes/d0d53190-6ed8-4435-8013-7e48f0efa2ec returned with HTTP 200
2025-01-13 18:12:25.146 23 INFO cinder.api.openstack.wsgi [req-a0614faa-0bf1-498d-ba4f-5f304149b249 req-33f8ef41-3ceb-4fd2-a0be-47e36c0fdbf0 890343181334460b8b8bc81db4e77279 17ec6bf9d94348088ffae8942996c7a1 - - default default] GET http://[LB_IP_ADDRESS]:8776/v3/17ec6bf9d94348088ffae8942996c7a1/volumes/d0d53190-6ed8-4435-8013-7e48f0efa2ec
2025-01-13 18:12:25.172 23 INFO cinder.volume.api [req-a0614faa-0bf1-498d-ba4f-5f304149b249 req-33f8ef41-3ceb-4fd2-a0be-47e36c0fdbf0 890343181334460b8b8bc81db4e77279 17ec6bf9d94348088ffae8942996c7a1 - - default default] Volume info retrieved successfully.
2025-01-13 18:12:25.182 23 INFO cinder.api.openstack.wsgi [req-a0614faa-0bf1-498d-ba4f-5f304149b249 req-33f8ef41-3ceb-4fd2-a0be-47e36c0fdbf0 890343181334460b8b8bc81db4e77279 17ec6bf9d94348088ffae8942996c7a1 - - default default] http://[LB_IP_ADDRESS]:8776/v3/17ec6bf9d94348088ffae8942996c7a1/volumes/d0d53190-6ed8-4435-8013-7e48f0efa2ec returned with HTTP 200
2025-01-13 18:12:25.202 25 INFO cinder.api.openstack.wsgi [None req-1ee1ac81-7185-4c76-9d5d-a8f0092160ba 890343181334460b8b8bc81db4e77279 17ec6bf9d94348088ffae8942996c7a1 - - default default] POST http://[LB_IP_ADDRESS]:8776/v3/17ec6bf9d94348088ffae8942996c7a1/volumes
2025-01-13 18:12:25.207 25 INFO cinder.api.v3.volumes [None req-1ee1ac81-7185-4c76-9d5d-a8f0092160ba 890343181334460b8b8bc81db4e77279 17ec6bf9d94348088ffae8942996c7a1 - - default default] Create volume of 1 GB
2025-01-13 18:12:25.215 25 INFO cinder.volume.api [None req-1ee1ac81-7185-4c76-9d5d-a8f0092160ba 890343181334460b8b8bc81db4e77279 17ec6bf9d94348088ffae8942996c7a1 - - default default] Availability Zones retrieved successfully.
2025-01-13 18:12:25.321 21 INFO cinder.api.openstack.wsgi [None req-3c3dfa1d-d43a-48bd-a4e2-7c665f8d243e 48fd0744ff224d588e04a251d62860f2 fabaf728fdd54106b9e5df52e0077d0c - - default default] POST http://[LB_IP_ADDRESS]:8776/v3/fabaf728fdd54106b9e5df52e0077d0c/groups
2025-01-13 18:12:25.329 21 INFO cinder.api.v3.groups [None req-3c3dfa1d-d43a-48bd-a4e2-7c665f8d243e 48fd0744ff224d588e04a251d62860f2 fabaf728fdd54106b9e5df52e0077d0c - - default default] Creating group tempest-GroupSnapshotsV319Test-Group-51720567.
2025-01-13 18:12:25.339 21 INFO cinder.volume.api [None req-3c3dfa1d-d43a-48bd-a4e2-7c665f8d243e 48fd0744ff224d588e04a251d62860f2 fabaf728fdd54106b9e5df52e0077d0c - - default default] Availability Zones retrieved successfully.
2025-01-13 18:12:25.413 25 INFO cinder.volume.api [None req-1ee1ac81-7185-4c76-9d5d-a8f0092160ba 890343181334460b8b8bc81db4e77279 17ec6bf9d94348088ffae8942996c7a1 - - default default] Create volume request issued successfully.
2025-01-13 18:12:25.415 25 INFO cinder.api.openstack.wsgi [None req-1ee1ac81-7185-4c76-9d5d-a8f0092160ba 890343181334460b8b8bc81db4e77279 17ec6bf9d94348088ffae8942996c7a1 - - default default] http://[LB_IP_ADDRESS]:8776/v3/17ec6bf9d94348088ffae8942996c7a1/volumes returned with HTTP 202
2025-01-13 18:12:25.417 21 INFO cinder.api.openstack.wsgi [None req-3c3dfa1d-d43a-48bd-a4e2-7c665f8d243e 48fd0744ff224d588e04a251d62860f2 fabaf728fdd54106b9e5df52e0077d0c - - default default] http://[LB_IP_ADDRESS]:8776/v3/fabaf728fdd54106b9e5df52e0077d0c/groups returned with HTTP 202
2025-01-13 18:12:25.431 22 INFO cinder.api.openstack.wsgi [None req-053b1b91-3ba7-441f-bd51-42f03e757cc6 48fd0744ff224d588e04a251d62860f2 fabaf728fdd54106b9e5df52e0077d0c - - default default] GET http://[LB_IP_ADDRESS]:8776/v3/fabaf728fdd54106b9e5df52e0077d0c/groups/d1de7f28-e609-4c3d-a8a4-5dac341e9cd9
2025-01-13 18:12:25.440 24 INFO cinder.api.openstack.wsgi [None req-cdf8f741-78b1-409b-be44-2c4b3dcfea09 890343181334460b8b8bc81db4e77279 17ec6bf9d94348088ffae8942996c7a1 - - default default] GET http://[LB_IP_ADDRESS]:8776/v3/17ec6bf9d94348088ffae8942996c7a1/volumes/f32b0855-c2f2-4ade-955b-67aaefa425cd
2025-01-13 18:12:25.457 22 INFO cinder.api.openstack.wsgi [None req-053b1b91-3ba7-441f-bd51-42f03e757cc6 48fd0744ff224d588e04a251d62860f2 fabaf728fdd54106b9e5df52e0077d0c - - default default] http://[LB_IP_ADDRESS]:8776/v3/fabaf728fdd54106b9e5df52e0077d0c/groups/d1de7f28-e609-4c3d-a8a4-5dac341e9cd9 returned with HTTP 200
2025-01-13 18:12:25.468 24 INFO cinder.volume.api [None req-cdf8f741-78b1-409b-be44-2c4b3dcfea09 890343181334460b8b8bc81db4e77279 17ec6bf9d94348088ffae8942996c7a1 - - default default] Volume info retrieved successfully.
2025-01-13 18:12:25.477 24 INFO cinder.api.openstack.wsgi [None req-cdf8f741-78b1-409b-be44-2c4b3dcfea09 890343181334460b8b8bc81db4e77279 17ec6bf9d94348088ffae8942996c7a1 - - default default] http://[LB_IP_ADDRESS]:8776/v3/17ec6bf9d94348088ffae8942996c7a1/volumes/f32b0855-c2f2-4ade-955b-67aaefa425cd returned with HTTP 200
2025-01-13 18:12:26.003 23 INFO cinder.api.openstack.wsgi [None req-385741f4-ac05-4c77-884a-80eceafd07c7 1959a4d65ad740b6bed000a0b63ea3ab 9e2ec710d3d64f8086ce2e00e8ac8fb1 - - default default] GET http://[LB_IP_ADDRESS]:8776/v3/9e2ec710d3d64f8086ce2e00e8ac8fb1/group_snapshots/6090e039-9a41-4648-8965-7d531497f1cf
2025-01-13 18:12:26.017 23 INFO cinder.api.openstack.wsgi [None req-385741f4-ac05-4c77-884a-80eceafd07c7 1959a4d65ad740b6bed000a0b63ea3ab 9e2ec710d3d64f8086ce2e00e8ac8fb1 - - default default] http://[LB_IP_ADDRESS]:8776/v3/9e2ec710d3d64f8086ce2e00e8ac8fb1/group_snapshots/6090e039-9a41-4648-8965-7d531497f1cf returned with HTTP 200
2025-01-13 18:12:26.476 25 INFO cinder.api.openstack.wsgi [None req-f1131a62-d758-474b-9ebe-6c39798d0b9b 48fd0744ff224d588e04a251d62860f2 fabaf728fdd54106b9e5df52e0077d0c - - default default] GET http://[LB_IP_ADDRESS]:8776/v3/fabaf728fdd54106b9e5df52e0077d0c/groups/d1de7f28-e609-4c3d-a8a4-5dac341e9cd9
2025-01-13 18:12:26.499 25 INFO cinder.api.openstack.wsgi [None req-f1131a62-d758-474b-9ebe-6c39798d0b9b 48fd0744ff224d588e04a251d62860f2 fabaf728fdd54106b9e5df52e0077d0c - - default default] http://[LB_IP_ADDRESS]:8776/v3/fabaf728fdd54106b9e5df52e0077d0c/groups/d1de7f28-e609-4c3d-a8a4-5dac341e9cd9 returned with HTTP 200
2025-01-13 18:12:26.505 21 INFO cinder.api.openstack.wsgi [None req-df1e2dc0-dc30-479c-88e2-af6db88b29c5 890343181334460b8b8bc81db4e77279 17ec6bf9d94348088ffae8942996c7a1 - - default default] GET http://[LB_IP_ADDRESS]:8776/v3/17ec6bf9d94348088ffae8942996c7a1/volumes/f32b0855-c2f2-4ade-955b-67aaefa425cd
2025-01-13 18:12:26.516 22 INFO cinder.api.openstack.wsgi [None req-81e3ebdb-6c5c-4916-bf80-2c2485f9b2a4 48fd0744ff224d588e04a251d62860f2 fabaf728fdd54106b9e5df52e0077d0c - - default default] POST http://[LB_IP_ADDRESS]:8776/v3/fabaf728fdd54106b9e5df52e0077d0c/volumes
2025-01-13 18:12:26.531 21 INFO cinder.volume.api [None req-df1e2dc0-dc30-479c-88e2-af6db88b29c5 890343181334460b8b8bc81db4e77279 17ec6bf9d94348088ffae8942996c7a1 - - default default] Volume info retrieved successfully.
2025-01-13 18:12:26.534 22 INFO cinder.api.v3.volumes [None req-81e3ebdb-6c5c-4916-bf80-2c2485f9b2a4 48fd0744ff224d588e04a251d62860f2 fabaf728fdd54106b9e5df52e0077d0c - - default default] Create volume of 1 GB
2025-01-13 18:12:26.541 21 INFO cinder.api.openstack.wsgi [None req-df1e2dc0-dc30-479c-88e2-af6db88b29c5 890343181334460b8b8bc81db4e77279 17ec6bf9d94348088ffae8942996c7a1 - - default default] http://[LB_IP_ADDRESS]:8776/v3/17ec6bf9d94348088ffae8942996c7a1/volumes/f32b0855-c2f2-4ade-955b-67aaefa425cd returned with HTTP 200
2025-01-13 18:12:26.545 22 INFO cinder.volume.api [None req-81e3ebdb-6c5c-4916-bf80-2c2485f9b2a4 48fd0744ff224d588e04a251d62860f2 fabaf728fdd54106b9e5df52e0077d0c - - default default] Availability Zones retrieved successfully.
2025-01-13 18:12:26.652 22 WARNING cinder.quota [None req-81e3ebdb-6c5c-4916-bf80-2c2485f9b2a4 48fd0744ff224d588e04a251d62860f2 fabaf728fdd54106b9e5df52e0077d0c - - default default] Deprecated: Default quota for resource: volumes_tempest-GroupSnapshotsV319Test-volume-type-1777758942 is set by the default quota flag: quota_volumes_tempest-GroupSnapshotsV319Test-volume-type-1777758942, it is now deprecated. Please use the default quota class for default quota.
2025-01-13 18:12:26.652 22 WARNING cinder.quota [None req-81e3ebdb-6c5c-4916-bf80-2c2485f9b2a4 48fd0744ff224d588e04a251d62860f2 fabaf728fdd54106b9e5df52e0077d0c - - default default] Deprecated: Default quota for resource: gigabytes_tempest-GroupSnapshotsV319Test-volume-type-1777758942 is set by the default quota flag: quota_gigabytes_tempest-GroupSnapshotsV319Test-volume-type-1777758942, it is now deprecated. Please use the default quota class for default quota.
2025-01-13 18:12:26.769 22 INFO cinder.volume.api [None req-81e3ebdb-6c5c-4916-bf80-2c2485f9b2a4 48fd0744ff224d588e04a251d62860f2 fabaf728fdd54106b9e5df52e0077d0c - - default default] Create volume request issued successfully.
2025-01-13 18:12:26.787 22 INFO cinder.api.openstack.wsgi [None req-81e3ebdb-6c5c-4916-bf80-2c2485f9b2a4 48fd0744ff224d588e04a251d62860f2 fabaf728fdd54106b9e5df52e0077d0c - - default default] http://[LB_IP_ADDRESS]:8776/v3/fabaf728fdd54106b9e5df52e0077d0c/volumes returned with HTTP 202
2025-01-13 18:12:26.814 24 INFO cinder.api.openstack.wsgi [None req-47c9ca93-5354-4739-8c1c-d9ecfb6b12ce 48fd0744ff224d588e04a251d62860f2 fabaf728fdd54106b9e5df52e0077d0c - - default default] GET http://[LB_IP_ADDRESS]:8776/v3/fabaf728fdd54106b9e5df52e0077d0c/volumes/7651b54b-6271-4c9d-834f-12f494c120e7
2025-01-13 18:12:26.839 24 INFO cinder.volume.api [None req-47c9ca93-5354-4739-8c1c-d9ecfb6b12ce 48fd0744ff224d588e04a251d62860f2 fabaf728fdd54106b9e5df52e0077d0c - - default default] Volume info retrieved successfully.
2025-01-13 18:12:26.864 24 INFO cinder.api.openstack.wsgi [None req-47c9ca93-5354-4739-8c1c-d9ecfb6b12ce 48fd0744ff224d588e04a251d62860f2 fabaf728fdd54106b9e5df52e0077d0c - - default default] http://[LB_IP_ADDRESS]:8776/v3/fabaf728fdd54106b9e5df52e0077d0c/volumes/7651b54b-6271-4c9d-834f-12f494c120e7 returned with HTTP 200
2025-01-13 18:12:27.032 23 INFO cinder.api.openstack.wsgi [None req-ca676212-78ad-406d-b599-3f59a2204e8c 1959a4d65ad740b6bed000a0b63ea3ab 9e2ec710d3d64f8086ce2e00e8ac8fb1 - - default default] GET http://[LB_IP_ADDRESS]:8776/v3/9e2ec710d3d64f8086ce2e00e8ac8fb1/group_snapshots/6090e039-9a41-4648-8965-7d531497f1cf
2025-01-13 18:12:27.044 23 INFO cinder.api.openstack.wsgi [None req-ca676212-78ad-406d-b599-3f59a2204e8c 1959a4d65ad740b6bed000a0b63ea3ab 9e2ec710d3d64f8086ce2e00e8ac8fb1 - - default default] http://[LB_IP_ADDRESS]:8776/v3/9e2ec710d3d64f8086ce2e00e8ac8fb1/group_snapshots/6090e039-9a41-4648-8965-7d531497f1cf returned with HTTP 200
2025-01-13 18:12:27.058 25 INFO cinder.api.openstack.wsgi [None req-b844abf4-825e-4397-8319-20c3cc16791e 1959a4d65ad740b6bed000a0b63ea3ab 9e2ec710d3d64f8086ce2e00e8ac8fb1 - - default default] GET http://[LB_IP_ADDRESS]:8776/v3/9e2ec710d3d64f8086ce2e00e8ac8fb1/snapshots/detail
2025-01-13 18:12:27.069 25 INFO cinder.volume.api [None req-b844abf4-825e-4397-8319-20c3cc16791e 1959a4d65ad740b6bed000a0b63ea3ab 9e2ec710d3d64f8086ce2e00e8ac8fb1 - - default default] Get all snapshots completed successfully.
2025-01-13 18:12:27.071 25 INFO cinder.api.openstack.wsgi [None req-b844abf4-825e-4397-8319-20c3cc16791e 1959a4d65ad740b6bed000a0b63ea3ab 9e2ec710d3d64f8086ce2e00e8ac8fb1 - - default default] http://[LB_IP_ADDRESS]:8776/v3/9e2ec710d3d64f8086ce2e00e8ac8fb1/snapshots/detail returned with HTTP 200
2025-01-13 18:12:27.089 21 INFO cinder.api.openstack.wsgi [None req-05fc76a6-4c9a-4043-859d-722f1ac4889c 1959a4d65ad740b6bed000a0b63ea3ab 9e2ec710d3d64f8086ce2e00e8ac8fb1 - - default default] GET http://[LB_IP_ADDRESS]:8776/v3/9e2ec710d3d64f8086ce2e00e8ac8fb1/snapshots/c305f664-38c5-4d26-9c82-7f01e507afac
2025-01-13 18:12:27.103 21 INFO cinder.volume.api [None req-05fc76a6-4c9a-4043-859d-722f1ac4889c 1959a4d65ad740b6bed000a0b63ea3ab 9e2ec710d3d64f8086ce2e00e8ac8fb1 - - default default] Snapshot retrieved successfully.
2025-01-13 18:12:27.104 21 INFO cinder.api.openstack.wsgi [None req-05fc76a6-4c9a-4043-859d-722f1ac4889c 1959a4d65ad740b6bed000a0b63ea3ab 9e2ec710d3d64f8086ce2e00e8ac8fb1 - - default default] http://[LB_IP_ADDRESS]:8776/v3/9e2ec710d3d64f8086ce2e00e8ac8fb1/snapshots/c305f664-38c5-4d26-9c82-7f01e507afac returned with HTTP 200
2025-01-13 18:12:27.121 22 INFO cinder.api.openstack.wsgi [None req-8bd20e56-6a07-47c2-8b9c-b49c41111b7a 1959a4d65ad740b6bed000a0b63ea3ab 9e2ec710d3d64f8086ce2e00e8ac8fb1 - - default default] POST http://[LB_IP_ADDRESS]:8776/v3/9e2ec710d3d64f8086ce2e00e8ac8fb1/groups/action
2025-01-13 18:12:27.124 22 INFO cinder.api.v3.groups [None req-8bd20e56-6a07-47c2-8b9c-b49c41111b7a 1959a4d65ad740b6bed000a0b63ea3ab 9e2ec710d3d64f8086ce2e00e8ac8fb1 - - default default] Creating group tempest-Group_from_snap-451255393 from group_snapshot 6090e039-9a41-4648-8965-7d531497f1cf.
2025-01-13 18:12:27.570 24 INFO cinder.api.openstack.wsgi [None req-88b5ffaf-96ec-44f2-929f-ea037d7dce2c 890343181334460b8b8bc81db4e77279 17ec6bf9d94348088ffae8942996c7a1 - - default default] GET http://[LB_IP_ADDRESS]:8776/v3/17ec6bf9d94348088ffae8942996c7a1/volumes/f32b0855-c2f2-4ade-955b-67aaefa425cd
2025-01-13 18:12:27.595 24 INFO cinder.volume.api [None req-88b5ffaf-96ec-44f2-929f-ea037d7dce2c 890343181334460b8b8bc81db4e77279 17ec6bf9d94348088ffae8942996c7a1 - - default default] Volume info retrieved successfully.
2025-01-13 18:12:27.603 24 INFO cinder.api.openstack.wsgi [None req-88b5ffaf-96ec-44f2-929f-ea037d7dce2c 890343181334460b8b8bc81db4e77279 17ec6bf9d94348088ffae8942996c7a1 - - default default] http://[LB_IP_ADDRESS]:8776/v3/17ec6bf9d94348088ffae8942996c7a1/volumes/f32b0855-c2f2-4ade-955b-67aaefa425cd returned with HTTP 200
2025-01-13 18:12:27.645 23 INFO cinder.api.openstack.wsgi [req-1e69b78c-75c2-4195-a59c-8ce11a8f9d08 req-76ddea7e-35ea-4c62-99e3-80f6bf2c6b2a 890343181334460b8b8bc81db4e77279 17ec6bf9d94348088ffae8942996c7a1 - - default default] GET http://[LB_IP_ADDRESS]:8776/v3/17ec6bf9d94348088ffae8942996c7a1/volumes/f32b0855-c2f2-4ade-955b-67aaefa425cd
2025-01-13 18:12:27.665 23 INFO cinder.volume.api [req-1e69b78c-75c2-4195-a59c-8ce11a8f9d08 req-76ddea7e-35ea-4c62-99e3-80f6bf2c6b2a 890343181334460b8b8bc81db4e77279 17ec6bf9d94348088ffae8942996c7a1 - - default default] Volume info retrieved successfully.
2025-01-13 18:12:27.672 23 INFO cinder.api.openstack.wsgi [req-1e69b78c-75c2-4195-a59c-8ce11a8f9d08 req-76ddea7e-35ea-4c62-99e3-80f6bf2c6b2a 890343181334460b8b8bc81db4e77279 17ec6bf9d94348088ffae8942996c7a1 - - default default] http://[LB_IP_ADDRESS]:8776/v3/17ec6bf9d94348088ffae8942996c7a1/volumes/f32b0855-c2f2-4ade-955b-67aaefa425cd returned with HTTP 200
2025-01-13 18:12:27.691 25 INFO cinder.api.openstack.wsgi [None req-f622f047-a9e3-4102-8385-bbcdc5f013a7 890343181334460b8b8bc81db4e77279 17ec6bf9d94348088ffae8942996c7a1 - - default default] POST http://[LB_IP_ADDRESS]:8776/v3/17ec6bf9d94348088ffae8942996c7a1/volumes
2025-01-13 18:12:27.695 25 INFO cinder.api.v3.volumes [None req-f622f047-a9e3-4102-8385-bbcdc5f013a7 890343181334460b8b8bc81db4e77279 17ec6bf9d94348088ffae8942996c7a1 - - default default] Create volume of 1 GB
2025-01-13 18:12:27.703 25 INFO cinder.volume.api [None req-f622f047-a9e3-4102-8385-bbcdc5f013a7 890343181334460b8b8bc81db4e77279 17ec6bf9d94348088ffae8942996c7a1 - - default default] Availability Zones retrieved successfully.
2025-01-13 18:12:27.753 22 INFO cinder.group.api [None req-8bd20e56-6a07-47c2-8b9c-b49c41111b7a 1959a4d65ad740b6bed000a0b63ea3ab 9e2ec710d3d64f8086ce2e00e8ac8fb1 - - default default] A mapping entry already exists for group 3d5d0ee7-d2a8-4f31-b2a9-6356ecfb21b9 and volume type 614f2e63-6ad3-4310-915a-cc395870f913. Do not need to create again.
2025-01-13 18:12:27.756 22 INFO cinder.volume.api [None req-8bd20e56-6a07-47c2-8b9c-b49c41111b7a 1959a4d65ad740b6bed000a0b63ea3ab 9e2ec710d3d64f8086ce2e00e8ac8fb1 - - default default] Availability Zones retrieved successfully.
2025-01-13 18:12:27.846 22 WARNING cinder.quota [None req-8bd20e56-6a07-47c2-8b9c-b49c41111b7a 1959a4d65ad740b6bed000a0b63ea3ab 9e2ec710d3d64f8086ce2e00e8ac8fb1 - - default default] Deprecated: Default quota for resource: volumes_tempest-GroupSnapshotsTest-volume-type-1925408424 is set by the default quota flag: quota_volumes_tempest-GroupSnapshotsTest-volume-type-1925408424, it is now deprecated. Please use the default quota class for default quota.
2025-01-13 18:12:27.894 21 INFO cinder.api.openstack.wsgi [None req-b080882e-3527-40a9-8cbd-6c9fde9a1f5a 48fd0744ff224d588e04a251d62860f2 fabaf728fdd54106b9e5df52e0077d0c - - default default] GET http://[LB_IP_ADDRESS]:8776/v3/fabaf728fdd54106b9e5df52e0077d0c/volumes/7651b54b-6271-4c9d-834f-12f494c120e7
2025-01-13 18:12:27.910 22 INFO cinder.volume.api [None req-8bd20e56-6a07-47c2-8b9c-b49c41111b7a 1959a4d65ad740b6bed000a0b63ea3ab 9e2ec710d3d64f8086ce2e00e8ac8fb1 - - default default] Create volume request issued successfully.
2025-01-13 18:12:27.911 25 INFO cinder.volume.api [None req-f622f047-a9e3-4102-8385-bbcdc5f013a7 890343181334460b8b8bc81db4e77279 17ec6bf9d94348088ffae8942996c7a1 - - default default] Create volume request issued successfully.
2025-01-13 18:12:27.914 25 INFO cinder.api.openstack.wsgi [None req-f622f047-a9e3-4102-8385-bbcdc5f013a7 890343181334460b8b8bc81db4e77279 17ec6bf9d94348088ffae8942996c7a1 - - default default] http://[LB_IP_ADDRESS]:8776/v3/17ec6bf9d94348088ffae8942996c7a1/volumes returned with HTTP 202
2025-01-13 18:12:27.914 21 INFO cinder.volume.api [None req-b080882e-3527-40a9-8cbd-6c9fde9a1f5a 48fd0744ff224d588e04a251d62860f2 fabaf728fdd54106b9e5df52e0077d0c - - default default] Volume info retrieved successfully.
2025-01-13 18:12:27.931 22 INFO cinder.api.openstack.wsgi [None req-8bd20e56-6a07-47c2-8b9c-b49c41111b7a 1959a4d65ad740b6bed000a0b63ea3ab 9e2ec710d3d64f8086ce2e00e8ac8fb1 - - default default] http://[LB_IP_ADDRESS]:8776/v3/9e2ec710d3d64f8086ce2e00e8ac8fb1/groups/action returned with HTTP 202
2025-01-13 18:12:27.938 24 INFO cinder.api.openstack.wsgi [None req-618d6ca3-773a-4322-9406-f32e550e2e99 890343181334460b8b8bc81db4e77279 17ec6bf9d94348088ffae8942996c7a1 - - default default] GET http://[LB_IP_ADDRESS]:8776/v3/17ec6bf9d94348088ffae8942996c7a1/volumes/36e34562-3b14-4f53-a0cb-cfdf69fccded
2025-01-13 18:12:27.941 21 INFO cinder.api.openstack.wsgi [None req-b080882e-3527-40a9-8cbd-6c9fde9a1f5a 48fd0744ff224d588e04a251d62860f2 fabaf728fdd54106b9e5df52e0077d0c - - default default] http://[LB_IP_ADDRESS]:8776/v3/fabaf728fdd54106b9e5df52e0077d0c/volumes/7651b54b-6271-4c9d-834f-12f494c120e7 returned with HTTP 200
2025-01-13 18:12:27.942 23 INFO cinder.api.openstack.wsgi [None req-0d5f647f-4046-449a-8541-32747fea7beb 1959a4d65ad740b6bed000a0b63ea3ab 9e2ec710d3d64f8086ce2e00e8ac8fb1 - - default default] GET http://[LB_IP_ADDRESS]:8776/v3/9e2ec710d3d64f8086ce2e00e8ac8fb1/volumes/detail
2025-01-13 18:12:27.957 24 INFO cinder.volume.api [None req-618d6ca3-773a-4322-9406-f32e550e2e99 890343181334460b8b8bc81db4e77279 17ec6bf9d94348088ffae8942996c7a1 - - default default] Volume info retrieved successfully.
2025-01-13 18:12:27.958 23 INFO cinder.volume.api [None req-0d5f647f-4046-449a-8541-32747fea7beb 1959a4d65ad740b6bed000a0b63ea3ab 9e2ec710d3d64f8086ce2e00e8ac8fb1 - - default default] Get all volumes completed successfully.
2025-01-13 18:12:27.964 24 INFO cinder.api.openstack.wsgi [None req-618d6ca3-773a-4322-9406-f32e550e2e99 890343181334460b8b8bc81db4e77279 17ec6bf9d94348088ffae8942996c7a1 - - default default] http://[LB_IP_ADDRESS]:8776/v3/17ec6bf9d94348088ffae8942996c7a1/volumes/36e34562-3b14-4f53-a0cb-cfdf69fccded returned with HTTP 200
2025-01-13 18:12:27.993 23 INFO cinder.api.openstack.wsgi [None req-0d5f647f-4046-449a-8541-32747fea7beb 1959a4d65ad740b6bed000a0b63ea3ab 9e2ec710d3d64f8086ce2e00e8ac8fb1 - - default default] http://[LB_IP_ADDRESS]:8776/v3/9e2ec710d3d64f8086ce2e00e8ac8fb1/volumes/detail returned with HTTP 200
2025-01-13 18:12:28.024 25 INFO cinder.api.openstack.wsgi [None req-942b34bf-602f-44e3-8390-856481ecb532 1959a4d65ad740b6bed000a0b63ea3ab 9e2ec710d3d64f8086ce2e00e8ac8fb1 - - default default] GET http://[LB_IP_ADDRESS]:8776/v3/9e2ec710d3d64f8086ce2e00e8ac8fb1/volumes/b3e0f9b5-ad94-4d7c-bae2-e581452928ad
2025-01-13 18:12:28.043 25 INFO cinder.volume.api [None req-942b34bf-602f-44e3-8390-856481ecb532 1959a4d65ad740b6bed000a0b63ea3ab 9e2ec710d3d64f8086ce2e00e8ac8fb1 - - default default] Volume info retrieved successfully.
2025-01-13 18:12:28.068 25 INFO cinder.api.openstack.wsgi [None req-942b34bf-602f-44e3-8390-856481ecb532 1959a4d65ad740b6bed000a0b63ea3ab 9e2ec710d3d64f8086ce2e00e8ac8fb1 - - default default] http://[LB_IP_ADDRESS]:8776/v3/9e2ec710d3d64f8086ce2e00e8ac8fb1/volumes/b3e0f9b5-ad94-4d7c-bae2-e581452928ad returned with HTTP 200
2025-01-13 18:12:28.971 22 INFO cinder.api.openstack.wsgi [None req-da9be988-c8d7-4644-aa73-c4696f6c0749 48fd0744ff224d588e04a251d62860f2 fabaf728fdd54106b9e5df52e0077d0c - - default default] GET http://[LB_IP_ADDRESS]:8776/v3/fabaf728fdd54106b9e5df52e0077d0c/volumes/7651b54b-6271-4c9d-834f-12f494c120e7
2025-01-13 18:12:28.990 21 INFO cinder.api.openstack.wsgi [None req-beaf885d-eadf-4338-86d5-f8bed64f5c06 890343181334460b8b8bc81db4e77279 17ec6bf9d94348088ffae8942996c7a1 - - default default] GET http://[LB_IP_ADDRESS]:8776/v3/17ec6bf9d94348088ffae8942996c7a1/volumes/36e34562-3b14-4f53-a0cb-cfdf69fccded
2025-01-13 18:12:28.991 22 INFO cinder.volume.api [None req-da9be988-c8d7-4644-aa73-c4696f6c0749 48fd0744ff224d588e04a251d62860f2 fabaf728fdd54106b9e5df52e0077d0c - - default default] Volume info retrieved successfully.
2025-01-13 18:12:29.012 21 INFO cinder.volume.api [None req-beaf885d-eadf-4338-86d5-f8bed64f5c06 890343181334460b8b8bc81db4e77279 17ec6bf9d94348088ffae8942996c7a1 - - default default] Volume info retrieved successfully.
2025-01-13 18:12:29.018 22 INFO cinder.api.openstack.wsgi [None req-da9be988-c8d7-4644-aa73-c4696f6c0749 48fd0744ff224d588e04a251d62860f2 fabaf728fdd54106b9e5df52e0077d0c - - default default] http://[LB_IP_ADDRESS]:8776/v3/fabaf728fdd54106b9e5df52e0077d0c/volumes/7651b54b-6271-4c9d-834f-12f494c120e7 returned with HTTP 200
2025-01-13 18:12:29.019 21 INFO cinder.api.openstack.wsgi [None req-beaf885d-eadf-4338-86d5-f8bed64f5c06 890343181334460b8b8bc81db4e77279 17ec6bf9d94348088ffae8942996c7a1 - - default default] http://[LB_IP_ADDRESS]:8776/v3/17ec6bf9d94348088ffae8942996c7a1/volumes/36e34562-3b14-4f53-a0cb-cfdf69fccded returned with HTTP 200
2025-01-13 18:12:29.047 24 INFO cinder.api.openstack.wsgi [None req-1ad55564-75e8-4dee-9226-abd21273abdd 48fd0744ff224d588e04a251d62860f2 fabaf728fdd54106b9e5df52e0077d0c - - default default] POST http://[LB_IP_ADDRESS]:8776/v3/fabaf728fdd54106b9e5df52e0077d0c/group_snapshots
2025-01-13 18:12:29.064 24 INFO cinder.api.v3.group_snapshots [None req-1ad55564-75e8-4dee-9226-abd21273abdd 48fd0744ff224d588e04a251d62860f2 fabaf728fdd54106b9e5df52e0077d0c - - default default] Creating group_snapshot tempest-GroupSnapshotsV319Test-Group_Snapshot-1627143839.
2025-01-13 18:12:29.099 23 INFO cinder.api.openstack.wsgi [None req-5322a392-3568-4f6d-97f2-dcf6a87d30a8 1959a4d65ad740b6bed000a0b63ea3ab 9e2ec710d3d64f8086ce2e00e8ac8fb1 - - default default] GET http://[LB_IP_ADDRESS]:8776/v3/9e2ec710d3d64f8086ce2e00e8ac8fb1/volumes/b3e0f9b5-ad94-4d7c-bae2-e581452928ad
2025-01-13 18:12:29.119 24 WARNING cinder.quota [None req-1ad55564-75e8-4dee-9226-abd21273abdd 48fd0744ff224d588e04a251d62860f2 fabaf728fdd54106b9e5df52e0077d0c - - default default] Deprecated: Default quota for resource: gigabytes_tempest-GroupSnapshotsV319Test-volume-type-1777758942 is set by the default quota flag: quota_gigabytes_tempest-GroupSnapshotsV319Test-volume-type-1777758942, it is now deprecated. Please use the default quota class for default quota.
2025-01-13 18:12:29.120 24 WARNING cinder.quota [None req-1ad55564-75e8-4dee-9226-abd21273abdd 48fd0744ff224d588e04a251d62860f2 fabaf728fdd54106b9e5df52e0077d0c - - default default] Deprecated: Default quota for resource: snapshots_tempest-GroupSnapshotsV319Test-volume-type-1777758942 is set by the default quota flag: quota_snapshots_tempest-GroupSnapshotsV319Test-volume-type-1777758942, it is now deprecated. Please use the default quota class for default quota.
2025-01-13 18:12:29.124 23 INFO cinder.volume.api [None req-5322a392-3568-4f6d-97f2-dcf6a87d30a8 1959a4d65ad740b6bed000a0b63ea3ab 9e2ec710d3d64f8086ce2e00e8ac8fb1 - - default default] Volume info retrieved successfully.
2025-01-13 18:12:29.145 23 INFO cinder.api.openstack.wsgi [None req-5322a392-3568-4f6d-97f2-dcf6a87d30a8 1959a4d65ad740b6bed000a0b63ea3ab 9e2ec710d3d64f8086ce2e00e8ac8fb1 - - default default] http://[LB_IP_ADDRESS]:8776/v3/9e2ec710d3d64f8086ce2e00e8ac8fb1/volumes/b3e0f9b5-ad94-4d7c-bae2-e581452928ad returned with HTTP 200
2025-01-13 18:12:29.199 24 INFO cinder.api.openstack.wsgi [None req-1ad55564-75e8-4dee-9226-abd21273abdd 48fd0744ff224d588e04a251d62860f2 fabaf728fdd54106b9e5df52e0077d0c - - default default] http://[LB_IP_ADDRESS]:8776/v3/fabaf728fdd54106b9e5df52e0077d0c/group_snapshots returned with HTTP 202
2025-01-13 18:12:29.213 25 INFO cinder.api.openstack.wsgi [None req-7b86aa2b-0510-4bdd-aa9c-8dee85fa0575 48fd0744ff224d588e04a251d62860f2 fabaf728fdd54106b9e5df52e0077d0c - - default default] GET http://[LB_IP_ADDRESS]:8776/v3/fabaf728fdd54106b9e5df52e0077d0c/group_snapshots/a8389155-f84c-4523-aae1-b0de3a3e9cf2
2025-01-13 18:12:29.227 25 INFO cinder.api.openstack.wsgi [None req-7b86aa2b-0510-4bdd-aa9c-8dee85fa0575 48fd0744ff224d588e04a251d62860f2 fabaf728fdd54106b9e5df52e0077d0c - - default default] http://[LB_IP_ADDRESS]:8776/v3/fabaf728fdd54106b9e5df52e0077d0c/group_snapshots/a8389155-f84c-4523-aae1-b0de3a3e9cf2 returned with HTTP 200
2025-01-13 18:12:30.047 22 INFO cinder.api.openstack.wsgi [None req-88f0fad8-ba08-4abe-8257-3019f01f2bba 890343181334460b8b8bc81db4e77279 17ec6bf9d94348088ffae8942996c7a1 - - default default] GET http://[LB_IP_ADDRESS]:8776/v3/17ec6bf9d94348088ffae8942996c7a1/volumes/36e34562-3b14-4f53-a0cb-cfdf69fccded
2025-01-13 18:12:30.072 22 INFO cinder.volume.api [None req-88f0fad8-ba08-4abe-8257-3019f01f2bba 890343181334460b8b8bc81db4e77279 17ec6bf9d94348088ffae8942996c7a1 - - default default] Volume info retrieved successfully.
2025-01-13 18:12:30.081 22 INFO cinder.api.openstack.wsgi [None req-88f0fad8-ba08-4abe-8257-3019f01f2bba 890343181334460b8b8bc81db4e77279 17ec6bf9d94348088ffae8942996c7a1 - - default default] http://[LB_IP_ADDRESS]:8776/v3/17ec6bf9d94348088ffae8942996c7a1/volumes/36e34562-3b14-4f53-a0cb-cfdf69fccded returned with HTTP 200
2025-01-13 18:12:30.126 21 INFO cinder.api.openstack.wsgi [req-14848e7e-1ea0-4ca5-b46a-412f6ab88dd6 req-2c185ecd-02a5-49f5-8f17-3f8f76f5c2a4 890343181334460b8b8bc81db4e77279 17ec6bf9d94348088ffae8942996c7a1 - - default default] GET http://[LB_IP_ADDRESS]:8776/v3/17ec6bf9d94348088ffae8942996c7a1/volumes/36e34562-3b14-4f53-a0cb-cfdf69fccded
2025-01-13 18:12:30.151 21 INFO cinder.volume.api [req-14848e7e-1ea0-4ca5-b46a-412f6ab88dd6 req-2c185ecd-02a5-49f5-8f17-3f8f76f5c2a4 890343181334460b8b8bc81db4e77279 17ec6bf9d94348088ffae8942996c7a1 - - default default] Volume info retrieved successfully.
2025-01-13 18:12:30.160 21 INFO cinder.api.openstack.wsgi [req-14848e7e-1ea0-4ca5-b46a-412f6ab88dd6 req-2c185ecd-02a5-49f5-8f17-3f8f76f5c2a4 890343181334460b8b8bc81db4e77279 17ec6bf9d94348088ffae8942996c7a1 - - default default] http://[LB_IP_ADDRESS]:8776/v3/17ec6bf9d94348088ffae8942996c7a1/volumes/36e34562-3b14-4f53-a0cb-cfdf69fccded returned with HTTP 200
2025-01-13 18:12:30.175 23 INFO cinder.api.openstack.wsgi [None req-9825ac51-269d-4e6f-b714-5e4a43700ab3 1959a4d65ad740b6bed000a0b63ea3ab 9e2ec710d3d64f8086ce2e00e8ac8fb1 - - default default] GET http://[LB_IP_ADDRESS]:8776/v3/9e2ec710d3d64f8086ce2e00e8ac8fb1/volumes/b3e0f9b5-ad94-4d7c-bae2-e581452928ad
2025-01-13 18:12:30.196 24 INFO cinder.api.openstack.wsgi [req-bacec966-cc1f-4091-8fbc-54fdc1570b57 req-c10fa4a7-a096-4cad-b065-dcd499918da7 890343181334460b8b8bc81db4e77279 17ec6bf9d94348088ffae8942996c7a1 - - default default] GET http://[LB_IP_ADDRESS]:8776/v3/17ec6bf9d94348088ffae8942996c7a1/volumes/detail
2025-01-13 18:12:30.200 23 INFO cinder.volume.api [None req-9825ac51-269d-4e6f-b714-5e4a43700ab3 1959a4d65ad740b6bed000a0b63ea3ab 9e2ec710d3d64f8086ce2e00e8ac8fb1 - - default default] Volume info retrieved successfully.
2025-01-13 18:12:30.219 24 INFO cinder.volume.api [req-bacec966-cc1f-4091-8fbc-54fdc1570b57 req-c10fa4a7-a096-4cad-b065-dcd499918da7 890343181334460b8b8bc81db4e77279 17ec6bf9d94348088ffae8942996c7a1 - - default default] Get all volumes completed successfully.
2025-01-13 18:12:30.227 23 INFO cinder.api.openstack.wsgi [None req-9825ac51-269d-4e6f-b714-5e4a43700ab3 1959a4d65ad740b6bed000a0b63ea3ab 9e2ec710d3d64f8086ce2e00e8ac8fb1 - - default default] http://[LB_IP_ADDRESS]:8776/v3/9e2ec710d3d64f8086ce2e00e8ac8fb1/volumes/b3e0f9b5-ad94-4d7c-bae2-e581452928ad returned with HTTP 200
2025-01-13 18:12:30.230 24 INFO cinder.api.openstack.wsgi [req-bacec966-cc1f-4091-8fbc-54fdc1570b57 req-c10fa4a7-a096-4cad-b065-dcd499918da7 890343181334460b8b8bc81db4e77279 17ec6bf9d94348088ffae8942996c7a1 - - default default] http://[LB_IP_ADDRESS]:8776/v3/17ec6bf9d94348088ffae8942996c7a1/volumes/detail returned with HTTP 200
2025-01-13 18:12:30.243 25 INFO cinder.api.openstack.wsgi [None req-c17b3c83-269f-455b-8976-922d928ddeb6 48fd0744ff224d588e04a251d62860f2 fabaf728fdd54106b9e5df52e0077d0c - - default default] GET http://[LB_IP_ADDRESS]:8776/v3/fabaf728fdd54106b9e5df52e0077d0c/group_snapshots/a8389155-f84c-4523-aae1-b0de3a3e9cf2
2025-01-13 18:12:30.256 22 INFO cinder.api.openstack.wsgi [None req-70948323-bbea-4803-ac29-2921b66554cd 1959a4d65ad740b6bed000a0b63ea3ab 9e2ec710d3d64f8086ce2e00e8ac8fb1 - - default default] GET http://[LB_IP_ADDRESS]:8776/v3/9e2ec710d3d64f8086ce2e00e8ac8fb1/groups/3d5d0ee7-d2a8-4f31-b2a9-6356ecfb21b9
2025-01-13 18:12:30.257 25 INFO cinder.api.openstack.wsgi [None req-c17b3c83-269f-455b-8976-922d928ddeb6 48fd0744ff224d588e04a251d62860f2 fabaf728fdd54106b9e5df52e0077d0c - - default default] http://[LB_IP_ADDRESS]:8776/v3/fabaf728fdd54106b9e5df52e0077d0c/group_snapshots/a8389155-f84c-4523-aae1-b0de3a3e9cf2 returned with HTTP 200
2025-01-13 18:12:30.269 21 INFO cinder.api.openstack.wsgi [req-32c91d45-3fd2-4b64-a9fe-874392ac6cbd req-598af7a3-f50a-4a4a-80b5-04f00c22a1f6 890343181334460b8b8bc81db4e77279 17ec6bf9d94348088ffae8942996c7a1 - - default default] GET http://[LB_IP_ADDRESS]:8776/v3/17ec6bf9d94348088ffae8942996c7a1/volumes/detail
2025-01-13 18:12:30.278 22 INFO cinder.api.openstack.wsgi [None req-70948323-bbea-4803-ac29-2921b66554cd 1959a4d65ad740b6bed000a0b63ea3ab 9e2ec710d3d64f8086ce2e00e8ac8fb1 - - default default] http://[LB_IP_ADDRESS]:8776/v3/9e2ec710d3d64f8086ce2e00e8ac8fb1/groups/3d5d0ee7-d2a8-4f31-b2a9-6356ecfb21b9 returned with HTTP 200
2025-01-13 18:12:30.292 21 INFO cinder.volume.api [req-32c91d45-3fd2-4b64-a9fe-874392ac6cbd req-598af7a3-f50a-4a4a-80b5-04f00c22a1f6 890343181334460b8b8bc81db4e77279 17ec6bf9d94348088ffae8942996c7a1 - - default default] Get all volumes completed successfully.
2025-01-13 18:12:30.295 23 INFO cinder.api.openstack.wsgi [None req-331e1bb1-3aa6-448d-b4cf-db0d9a8bb7b2 1959a4d65ad740b6bed000a0b63ea3ab 9e2ec710d3d64f8086ce2e00e8ac8fb1 - - default default] GET http://[LB_IP_ADDRESS]:8776/v3/9e2ec710d3d64f8086ce2e00e8ac8fb1/volumes/detail
2025-01-13 18:12:30.304 21 INFO cinder.api.openstack.wsgi [req-32c91d45-3fd2-4b64-a9fe-874392ac6cbd req-598af7a3-f50a-4a4a-80b5-04f00c22a1f6 890343181334460b8b8bc81db4e77279 17ec6bf9d94348088ffae8942996c7a1 - - default default] http://[LB_IP_ADDRESS]:8776/v3/17ec6bf9d94348088ffae8942996c7a1/volumes/detail returned with HTTP 200
2025-01-13 18:12:30.311 23 INFO cinder.volume.api [None req-331e1bb1-3aa6-448d-b4cf-db0d9a8bb7b2 1959a4d65ad740b6bed000a0b63ea3ab 9e2ec710d3d64f8086ce2e00e8ac8fb1 - - default default] Get all volumes completed successfully.
2025-01-13 18:12:30.336 24 INFO cinder.api.openstack.wsgi [req-4908d048-3709-4d7b-af61-1ff33b997dd3 req-9219a675-dc1e-4e7d-9d2b-60f4fe72b83c 890343181334460b8b8bc81db4e77279 17ec6bf9d94348088ffae8942996c7a1 - - default default] GET http://[LB_IP_ADDRESS]:8776/v3/17ec6bf9d94348088ffae8942996c7a1/volumes/detail
2025-01-13 18:12:30.350 23 INFO cinder.api.openstack.wsgi [None req-331e1bb1-3aa6-448d-b4cf-db0d9a8bb7b2 1959a4d65ad740b6bed000a0b63ea3ab 9e2ec710d3d64f8086ce2e00e8ac8fb1 - - default default] http://[LB_IP_ADDRESS]:8776/v3/9e2ec710d3d64f8086ce2e00e8ac8fb1/volumes/detail returned with HTTP 200
2025-01-13 18:12:30.353 24 INFO cinder.volume.api [req-4908d048-3709-4d7b-af61-1ff33b997dd3 req-9219a675-dc1e-4e7d-9d2b-60f4fe72b83c 890343181334460b8b8bc81db4e77279 17ec6bf9d94348088ffae8942996c7a1 - - default default] Get all volumes completed successfully.
2025-01-13 18:12:30.362 24 INFO cinder.api.openstack.wsgi [req-4908d048-3709-4d7b-af61-1ff33b997dd3 req-9219a675-dc1e-4e7d-9d2b-60f4fe72b83c 890343181334460b8b8bc81db4e77279 17ec6bf9d94348088ffae8942996c7a1 - - default default] http://[LB_IP_ADDRESS]:8776/v3/17ec6bf9d94348088ffae8942996c7a1/volumes/detail returned with HTTP 200
2025-01-13 18:12:30.381 25 INFO cinder.api.openstack.wsgi [None req-d92f381e-70fc-475f-8c8f-ca9c7c2f4697 1959a4d65ad740b6bed000a0b63ea3ab 9e2ec710d3d64f8086ce2e00e8ac8fb1 - - default default] POST http://[LB_IP_ADDRESS]:8776/v3/9e2ec710d3d64f8086ce2e00e8ac8fb1/groups/3d5d0ee7-d2a8-4f31-b2a9-6356ecfb21b9/action
2025-01-13 18:12:30.386 25 INFO cinder.api.v3.groups [None req-d92f381e-70fc-475f-8c8f-ca9c7c2f4697 1959a4d65ad740b6bed000a0b63ea3ab 9e2ec710d3d64f8086ce2e00e8ac8fb1 - - default default] Delete group with id: 3d5d0ee7-d2a8-4f31-b2a9-6356ecfb21b9
2025-01-13 18:12:30.399 22 INFO cinder.api.openstack.wsgi [req-52295f68-be55-44f3-82ea-97c7169a8d92 req-f2c2a6f7-e993-4067-873c-78d05429932e 890343181334460b8b8bc81db4e77279 17ec6bf9d94348088ffae8942996c7a1 - - default default] GET http://[LB_IP_ADDRESS]:8776/v3/17ec6bf9d94348088ffae8942996c7a1/volumes/detail
2025-01-13 18:12:30.418 22 INFO cinder.volume.api [req-52295f68-be55-44f3-82ea-97c7169a8d92 req-f2c2a6f7-e993-4067-873c-78d05429932e 890343181334460b8b8bc81db4e77279 17ec6bf9d94348088ffae8942996c7a1 - - default default] Get all volumes completed successfully.
2025-01-13 18:12:30.427 22 INFO cinder.api.openstack.wsgi [req-52295f68-be55-44f3-82ea-97c7169a8d92 req-f2c2a6f7-e993-4067-873c-78d05429932e 890343181334460b8b8bc81db4e77279 17ec6bf9d94348088ffae8942996c7a1 - - default default] http://[LB_IP_ADDRESS]:8776/v3/17ec6bf9d94348088ffae8942996c7a1/volumes/detail returned with HTTP 200
2025-01-13 18:12:30.453 25 INFO cinder.api.openstack.wsgi [None req-d92f381e-70fc-475f-8c8f-ca9c7c2f4697 1959a4d65ad740b6bed000a0b63ea3ab 9e2ec710d3d64f8086ce2e00e8ac8fb1 - - default default] http://[LB_IP_ADDRESS]:8776/v3/9e2ec710d3d64f8086ce2e00e8ac8fb1/groups/3d5d0ee7-d2a8-4f31-b2a9-6356ecfb21b9/action returned with HTTP 202
2025-01-13 18:12:30.462 21 INFO cinder.api.openstack.wsgi [None req-a8911c60-2e3f-4c96-833a-1212d2d6ef2d 1959a4d65ad740b6bed000a0b63ea3ab 9e2ec710d3d64f8086ce2e00e8ac8fb1 - - default default] GET http://[LB_IP_ADDRESS]:8776/v3/9e2ec710d3d64f8086ce2e00e8ac8fb1/volumes/b3e0f9b5-ad94-4d7c-bae2-e581452928ad
2025-01-13 18:12:30.465 23 INFO cinder.api.openstack.wsgi [req-d4b478e9-1a49-4c94-8378-f64cbb2ef7fd req-23fae5b2-04fe-43f8-ac80-28641cff44a3 890343181334460b8b8bc81db4e77279 17ec6bf9d94348088ffae8942996c7a1 - - default default] GET http://[LB_IP_ADDRESS]:8776/v3/17ec6bf9d94348088ffae8942996c7a1/volumes/detail
2025-01-13 18:12:30.483 21 INFO cinder.volume.api [None req-a8911c60-2e3f-4c96-833a-1212d2d6ef2d 1959a4d65ad740b6bed000a0b63ea3ab 9e2ec710d3d64f8086ce2e00e8ac8fb1 - - default default] Volume info retrieved successfully.
2025-01-13 18:12:30.487 23 INFO cinder.volume.api [req-d4b478e9-1a49-4c94-8378-f64cbb2ef7fd req-23fae5b2-04fe-43f8-ac80-28641cff44a3 890343181334460b8b8bc81db4e77279 17ec6bf9d94348088ffae8942996c7a1 - - default default] Get all volumes completed successfully.
2025-01-13 18:12:30.497 23 INFO cinder.api.openstack.wsgi [req-d4b478e9-1a49-4c94-8378-f64cbb2ef7fd req-23fae5b2-04fe-43f8-ac80-28641cff44a3 890343181334460b8b8bc81db4e77279 17ec6bf9d94348088ffae8942996c7a1 - - default default] http://[LB_IP_ADDRESS]:8776/v3/17ec6bf9d94348088ffae8942996c7a1/volumes/detail returned with HTTP 200
2025-01-13 18:12:30.506 21 INFO cinder.api.openstack.wsgi [None req-a8911c60-2e3f-4c96-833a-1212d2d6ef2d 1959a4d65ad740b6bed000a0b63ea3ab 9e2ec710d3d64f8086ce2e00e8ac8fb1 - - default default] http://[LB_IP_ADDRESS]:8776/v3/9e2ec710d3d64f8086ce2e00e8ac8fb1/volumes/b3e0f9b5-ad94-4d7c-bae2-e581452928ad returned with HTTP 200
2025-01-13 18:12:30.534 24 INFO cinder.api.openstack.wsgi [req-e0a8c0de-5a0a-4f8c-9cd9-51135533cc0e req-aad0e5f4-07d1-4ec3-8ebe-bd974f5abde4 890343181334460b8b8bc81db4e77279 17ec6bf9d94348088ffae8942996c7a1 - - default default] GET http://[LB_IP_ADDRESS]:8776/v3/17ec6bf9d94348088ffae8942996c7a1/volumes/detail
2025-01-13 18:12:30.551 24 INFO cinder.volume.api [req-e0a8c0de-5a0a-4f8c-9cd9-51135533cc0e req-aad0e5f4-07d1-4ec3-8ebe-bd974f5abde4 890343181334460b8b8bc81db4e77279 17ec6bf9d94348088ffae8942996c7a1 - - default default] Get all volumes completed successfully.
2025-01-13 18:12:30.560 24 INFO cinder.api.openstack.wsgi [req-e0a8c0de-5a0a-4f8c-9cd9-51135533cc0e req-aad0e5f4-07d1-4ec3-8ebe-bd974f5abde4 890343181334460b8b8bc81db4e77279 17ec6bf9d94348088ffae8942996c7a1 - - default default] http://[LB_IP_ADDRESS]:8776/v3/17ec6bf9d94348088ffae8942996c7a1/volumes/detail returned with HTTP 200
2025-01-13 18:12:30.593 22 INFO cinder.api.openstack.wsgi [req-9884c9ad-15b7-4bfb-aac9-88549a90c439 req-0a3dc26c-b588-4906-acdc-db65e6a79c18 890343181334460b8b8bc81db4e77279 17ec6bf9d94348088ffae8942996c7a1 - - default default] GET http://[LB_IP_ADDRESS]:8776/v3/17ec6bf9d94348088ffae8942996c7a1/volumes/detail
2025-01-13 18:12:30.647 22 INFO cinder.volume.api [req-9884c9ad-15b7-4bfb-aac9-88549a90c439 req-0a3dc26c-b588-4906-acdc-db65e6a79c18 890343181334460b8b8bc81db4e77279 17ec6bf9d94348088ffae8942996c7a1 - - default default] Get all volumes completed successfully.
2025-01-13 18:12:30.661 22 INFO cinder.api.openstack.wsgi [req-9884c9ad-15b7-4bfb-aac9-88549a90c439 req-0a3dc26c-b588-4906-acdc-db65e6a79c18 890343181334460b8b8bc81db4e77279 17ec6bf9d94348088ffae8942996c7a1 - - default default] http://[LB_IP_ADDRESS]:8776/v3/17ec6bf9d94348088ffae8942996c7a1/volumes/detail returned with HTTP 200
2025-01-13 18:12:30.698 25 INFO cinder.api.openstack.wsgi [req-3eae815c-a130-4db2-a16a-7dd291fe041e req-816d992b-545c-41ed-8ee6-41ee759a38eb 890343181334460b8b8bc81db4e77279 17ec6bf9d94348088ffae8942996c7a1 - - default default] GET http://[LB_IP_ADDRESS]:8776/v3/17ec6bf9d94348088ffae8942996c7a1/volumes/detail
2025-01-13 18:12:30.721 25 INFO cinder.volume.api [req-3eae815c-a130-4db2-a16a-7dd291fe041e req-816d992b-545c-41ed-8ee6-41ee759a38eb 890343181334460b8b8bc81db4e77279 17ec6bf9d94348088ffae8942996c7a1 - - default default] Get all volumes completed successfully.
2025-01-13 18:12:30.732 25 INFO cinder.api.openstack.wsgi [req-3eae815c-a130-4db2-a16a-7dd291fe041e req-816d992b-545c-41ed-8ee6-41ee759a38eb 890343181334460b8b8bc81db4e77279 17ec6bf9d94348088ffae8942996c7a1 - - default default] http://[LB_IP_ADDRESS]:8776/v3/17ec6bf9d94348088ffae8942996c7a1/volumes/detail returned with HTTP 200
2025-01-13 18:12:30.758 23 INFO cinder.api.openstack.wsgi [None req-1c901dc8-c681-429d-8ff5-cb19b601d63a 890343181334460b8b8bc81db4e77279 17ec6bf9d94348088ffae8942996c7a1 - - default default] DELETE http://[LB_IP_ADDRESS]:8776/v3/17ec6bf9d94348088ffae8942996c7a1/volumes/36e34562-3b14-4f53-a0cb-cfdf69fccded
2025-01-13 18:12:30.759 23 INFO cinder.api.v3.volumes [None req-1c901dc8-c681-429d-8ff5-cb19b601d63a 890343181334460b8b8bc81db4e77279 17ec6bf9d94348088ffae8942996c7a1 - - default default] Delete volume with id: 36e34562-3b14-4f53-a0cb-cfdf69fccded 
2025-01-13 18:12:30.773 23 INFO cinder.volume.api [None req-1c901dc8-c681-429d-8ff5-cb19b601d63a 890343181334460b8b8bc81db4e77279 17ec6bf9d94348088ffae8942996c7a1 - - default default] Volume info retrieved successfully.
2025-01-13 18:12:30.798 23 INFO cinder.volume.api [None req-1c901dc8-c681-429d-8ff5-cb19b601d63a 890343181334460b8b8bc81db4e77279 17ec6bf9d94348088ffae8942996c7a1 - - default default] Delete volume request issued successfully.
2025-01-13 18:12:30.799 23 INFO cinder.api.openstack.wsgi [None req-1c901dc8-c681-429d-8ff5-cb19b601d63a 890343181334460b8b8bc81db4e77279 17ec6bf9d94348088ffae8942996c7a1 - - default default] http://[LB_IP_ADDRESS]:8776/v3/17ec6bf9d94348088ffae8942996c7a1/volumes/36e34562-3b14-4f53-a0cb-cfdf69fccded returned with HTTP 202
2025-01-13 18:12:30.810 21 INFO cinder.api.openstack.wsgi [None req-3e8667e7-ee43-4003-9457-bc696e767fba 890343181334460b8b8bc81db4e77279 17ec6bf9d94348088ffae8942996c7a1 - - default default] GET http://[LB_IP_ADDRESS]:8776/v3/17ec6bf9d94348088ffae8942996c7a1/volumes/36e34562-3b14-4f53-a0cb-cfdf69fccded
2025-01-13 18:12:30.830 21 INFO cinder.volume.api [None req-3e8667e7-ee43-4003-9457-bc696e767fba 890343181334460b8b8bc81db4e77279 17ec6bf9d94348088ffae8942996c7a1 - - default default] Volume info retrieved successfully.
2025-01-13 18:12:30.837 21 INFO cinder.api.openstack.wsgi [None req-3e8667e7-ee43-4003-9457-bc696e767fba 890343181334460b8b8bc81db4e77279 17ec6bf9d94348088ffae8942996c7a1 - - default default] http://[LB_IP_ADDRESS]:8776/v3/17ec6bf9d94348088ffae8942996c7a1/volumes/36e34562-3b14-4f53-a0cb-cfdf69fccded returned with HTTP 200
2025-01-13 18:12:31.272 24 INFO cinder.api.openstack.wsgi [None req-3b633e43-b87f-479d-979a-d8646f4dcafc 48fd0744ff224d588e04a251d62860f2 fabaf728fdd54106b9e5df52e0077d0c - - default default] GET http://[LB_IP_ADDRESS]:8776/v3/fabaf728fdd54106b9e5df52e0077d0c/group_snapshots/a8389155-f84c-4523-aae1-b0de3a3e9cf2
2025-01-13 18:12:31.284 24 INFO cinder.api.openstack.wsgi [None req-3b633e43-b87f-479d-979a-d8646f4dcafc 48fd0744ff224d588e04a251d62860f2 fabaf728fdd54106b9e5df52e0077d0c - - default default] http://[LB_IP_ADDRESS]:8776/v3/fabaf728fdd54106b9e5df52e0077d0c/group_snapshots/a8389155-f84c-4523-aae1-b0de3a3e9cf2 returned with HTTP 200
2025-01-13 18:12:31.305 22 INFO cinder.api.openstack.wsgi [None req-e316e021-d11b-4c2d-aade-b35d754024fd 48fd0744ff224d588e04a251d62860f2 fabaf728fdd54106b9e5df52e0077d0c - - default default] GET http://[LB_IP_ADDRESS]:8776/v3/fabaf728fdd54106b9e5df52e0077d0c/snapshots/detail
2025-01-13 18:12:31.317 22 INFO cinder.volume.api [None req-e316e021-d11b-4c2d-aade-b35d754024fd 48fd0744ff224d588e04a251d62860f2 fabaf728fdd54106b9e5df52e0077d0c - - default default] Get all snapshots completed successfully.
2025-01-13 18:12:31.320 22 INFO cinder.api.openstack.wsgi [None req-e316e021-d11b-4c2d-aade-b35d754024fd 48fd0744ff224d588e04a251d62860f2 fabaf728fdd54106b9e5df52e0077d0c - - default default] http://[LB_IP_ADDRESS]:8776/v3/fabaf728fdd54106b9e5df52e0077d0c/snapshots/detail returned with HTTP 200
2025-01-13 18:12:31.340 25 INFO cinder.api.openstack.wsgi [None req-5d5563b7-7d1f-4c4c-ae53-2b61a118fefe 48fd0744ff224d588e04a251d62860f2 fabaf728fdd54106b9e5df52e0077d0c - - default default] GET http://[LB_IP_ADDRESS]:8776/v3/fabaf728fdd54106b9e5df52e0077d0c/snapshots/53c674c1-bd82-43ac-89f1-08ebcc6bd6b0
2025-01-13 18:12:31.353 25 INFO cinder.volume.api [None req-5d5563b7-7d1f-4c4c-ae53-2b61a118fefe 48fd0744ff224d588e04a251d62860f2 fabaf728fdd54106b9e5df52e0077d0c - - default default] Snapshot retrieved successfully.
2025-01-13 18:12:31.356 25 INFO cinder.api.openstack.wsgi [None req-5d5563b7-7d1f-4c4c-ae53-2b61a118fefe 48fd0744ff224d588e04a251d62860f2 fabaf728fdd54106b9e5df52e0077d0c - - default default] http://[LB_IP_ADDRESS]:8776/v3/fabaf728fdd54106b9e5df52e0077d0c/snapshots/53c674c1-bd82-43ac-89f1-08ebcc6bd6b0 returned with HTTP 200
2025-01-13 18:12:31.373 23 INFO cinder.api.openstack.wsgi [None req-6288ad76-4023-460b-98f0-714d48ced06a c72ae70c062d4eb4aa06971a2feb5839 b988a62a859a4fd78339ea331a3f44e3 - - default default] POST http://[LB_IP_ADDRESS]:8776/v3/b988a62a859a4fd78339ea331a3f44e3/group_snapshots/a8389155-f84c-4523-aae1-b0de3a3e9cf2/action
2025-01-13 18:12:31.393 23 INFO cinder.api.openstack.wsgi [None req-6288ad76-4023-460b-98f0-714d48ced06a c72ae70c062d4eb4aa06971a2feb5839 b988a62a859a4fd78339ea331a3f44e3 - - default default] http://[LB_IP_ADDRESS]:8776/v3/b988a62a859a4fd78339ea331a3f44e3/group_snapshots/a8389155-f84c-4523-aae1-b0de3a3e9cf2/action returned with HTTP 202
2025-01-13 18:12:31.405 21 INFO cinder.api.openstack.wsgi [None req-50b08eec-4bec-471c-bdc2-9a75cb08d9b9 48fd0744ff224d588e04a251d62860f2 fabaf728fdd54106b9e5df52e0077d0c - - default default] GET http://[LB_IP_ADDRESS]:8776/v3/fabaf728fdd54106b9e5df52e0077d0c/group_snapshots/a8389155-f84c-4523-aae1-b0de3a3e9cf2
2025-01-13 18:12:31.419 21 INFO cinder.api.openstack.wsgi [None req-50b08eec-4bec-471c-bdc2-9a75cb08d9b9 48fd0744ff224d588e04a251d62860f2 fabaf728fdd54106b9e5df52e0077d0c - - default default] http://[LB_IP_ADDRESS]:8776/v3/fabaf728fdd54106b9e5df52e0077d0c/group_snapshots/a8389155-f84c-4523-aae1-b0de3a3e9cf2 returned with HTTP 200
2025-01-13 18:12:31.434 24 INFO cinder.api.openstack.wsgi [None req-57068d04-b854-42a4-aa89-ebc3d4cd2e96 c72ae70c062d4eb4aa06971a2feb5839 b988a62a859a4fd78339ea331a3f44e3 - - default default] POST http://[LB_IP_ADDRESS]:8776/v3/b988a62a859a4fd78339ea331a3f44e3/group_snapshots/a8389155-f84c-4523-aae1-b0de3a3e9cf2/action
