2026-06-08 12:36:40.573 75 INFO cinder.api.openstack.wsgi [None req-2f2da9ce-4ef8-44c9-a637-f56814788387 e6e7d9ee2fc247ed8bb19ca07c0773b7 a400e771e89744058fee9fe3f97d9b44 - - default default] http://[LB_IP_ADDRESS]:8776/v3/a400e771e89744058fee9fe3f97d9b44/volumes/b0b18a9d-7ecd-4737-b8ce-8ac47b27d464 returned with HTTP 200
2026-06-08 12:36:40.593 72 INFO cinder.api.openstack.wsgi [None req-cde26252-5b79-4fc9-a36f-339df697a3f5 e6e7d9ee2fc247ed8bb19ca07c0773b7 a400e771e89744058fee9fe3f97d9b44 - - default default] GET http://[LB_IP_ADDRESS]:8776/v3/a400e771e89744058fee9fe3f97d9b44/volumes?all_tenants=True&name=tempest-VolumeRetypeWithoutMigrationTest-Volume-2047506806
2026-06-08 12:36:40.608 72 INFO cinder.volume.api [None req-cde26252-5b79-4fc9-a36f-339df697a3f5 e6e7d9ee2fc247ed8bb19ca07c0773b7 a400e771e89744058fee9fe3f97d9b44 - - default default] Get all volumes completed successfully.
2026-06-08 12:36:40.610 72 INFO cinder.api.openstack.wsgi [None req-cde26252-5b79-4fc9-a36f-339df697a3f5 e6e7d9ee2fc247ed8bb19ca07c0773b7 a400e771e89744058fee9fe3f97d9b44 - - default default] http://[LB_IP_ADDRESS]:8776/v3/a400e771e89744058fee9fe3f97d9b44/volumes?all_tenants=True&name=tempest-VolumeRetypeWithoutMigrationTest-Volume-2047506806 returned with HTTP 200
2026-06-08 12:36:40.625 73 INFO cinder.api.openstack.wsgi [None req-ea02b146-d7ab-4d01-a14f-0e3bf675799a 936e32272abf43e5a84c787bab8edff9 b03e4737afef43c7be2bce352048414a - - default default] GET http://[LB_IP_ADDRESS]:8776/v3/b03e4737afef43c7be2bce352048414a/volumes/b0b18a9d-7ecd-4737-b8ce-8ac47b27d464
2026-06-08 12:36:40.647 73 INFO cinder.volume.api [None req-ea02b146-d7ab-4d01-a14f-0e3bf675799a 936e32272abf43e5a84c787bab8edff9 b03e4737afef43c7be2bce352048414a - - default default] Volume info retrieved successfully.
2026-06-08 12:36:40.656 73 INFO cinder.api.openstack.wsgi [None req-ea02b146-d7ab-4d01-a14f-0e3bf675799a 936e32272abf43e5a84c787bab8edff9 b03e4737afef43c7be2bce352048414a - - default default] http://[LB_IP_ADDRESS]:8776/v3/b03e4737afef43c7be2bce352048414a/volumes/b0b18a9d-7ecd-4737-b8ce-8ac47b27d464 returned with HTTP 200
2026-06-08 12:36:40.677 74 INFO cinder.api.openstack.wsgi [None req-75fb98f3-e7c3-4ca7-bd16-c8b82535d47d 936e32272abf43e5a84c787bab8edff9 b03e4737afef43c7be2bce352048414a - - default default] DELETE http://[LB_IP_ADDRESS]:8776/v3/b03e4737afef43c7be2bce352048414a/volumes/b0b18a9d-7ecd-4737-b8ce-8ac47b27d464
2026-06-08 12:36:40.678 74 INFO cinder.api.v3.volumes [None req-75fb98f3-e7c3-4ca7-bd16-c8b82535d47d 936e32272abf43e5a84c787bab8edff9 b03e4737afef43c7be2bce352048414a - - default default] Delete volume with id: b0b18a9d-7ecd-4737-b8ce-8ac47b27d464 
2026-06-08 12:36:40.694 74 INFO cinder.volume.api [None req-75fb98f3-e7c3-4ca7-bd16-c8b82535d47d 936e32272abf43e5a84c787bab8edff9 b03e4737afef43c7be2bce352048414a - - default default] Volume info retrieved successfully.
2026-06-08 12:36:40.724 74 INFO cinder.volume.api [None req-75fb98f3-e7c3-4ca7-bd16-c8b82535d47d 936e32272abf43e5a84c787bab8edff9 b03e4737afef43c7be2bce352048414a - - default default] Delete volume request issued successfully.
2026-06-08 12:36:40.725 74 INFO cinder.api.openstack.wsgi [None req-75fb98f3-e7c3-4ca7-bd16-c8b82535d47d 936e32272abf43e5a84c787bab8edff9 b03e4737afef43c7be2bce352048414a - - default default] http://[LB_IP_ADDRESS]:8776/v3/b03e4737afef43c7be2bce352048414a/volumes/b0b18a9d-7ecd-4737-b8ce-8ac47b27d464 returned with HTTP 202
2026-06-08 12:36:40.737 76 INFO cinder.api.openstack.wsgi [None req-b2cc765d-c7d4-4279-9e6c-6b962aca070a 936e32272abf43e5a84c787bab8edff9 b03e4737afef43c7be2bce352048414a - - default default] GET http://[LB_IP_ADDRESS]:8776/v3/b03e4737afef43c7be2bce352048414a/volumes/b0b18a9d-7ecd-4737-b8ce-8ac47b27d464
2026-06-08 12:36:40.758 76 INFO cinder.volume.api [None req-b2cc765d-c7d4-4279-9e6c-6b962aca070a 936e32272abf43e5a84c787bab8edff9 b03e4737afef43c7be2bce352048414a - - default default] Volume info retrieved successfully.
2026-06-08 12:36:40.768 76 INFO cinder.api.openstack.wsgi [None req-b2cc765d-c7d4-4279-9e6c-6b962aca070a 936e32272abf43e5a84c787bab8edff9 b03e4737afef43c7be2bce352048414a - - default default] http://[LB_IP_ADDRESS]:8776/v3/b03e4737afef43c7be2bce352048414a/volumes/b0b18a9d-7ecd-4737-b8ce-8ac47b27d464 returned with HTTP 200
2026-06-08 12:36:40.828 75 INFO cinder.api.openstack.wsgi [None req-82098b29-c83d-44d2-bd08-3ccca3f56d8a 52fd72f61e9843cf88a5c1a3795c1d1f 53f80745014c4527a7f4b9dbc0f8d377 - - default default] GET http://[LB_IP_ADDRESS]:8776/v3/53f80745014c4527a7f4b9dbc0f8d377/volumes/750f1aa6-bc58-4a84-983a-e8a019d3179c
2026-06-08 12:36:40.850 75 INFO cinder.volume.api [None req-82098b29-c83d-44d2-bd08-3ccca3f56d8a 52fd72f61e9843cf88a5c1a3795c1d1f 53f80745014c4527a7f4b9dbc0f8d377 - - default default] Volume info retrieved successfully.
2026-06-08 12:36:40.860 75 INFO cinder.api.openstack.wsgi [None req-82098b29-c83d-44d2-bd08-3ccca3f56d8a 52fd72f61e9843cf88a5c1a3795c1d1f 53f80745014c4527a7f4b9dbc0f8d377 - - default default] http://[LB_IP_ADDRESS]:8776/v3/53f80745014c4527a7f4b9dbc0f8d377/volumes/750f1aa6-bc58-4a84-983a-e8a019d3179c returned with HTTP 200
2026-06-08 12:36:40.884 72 INFO cinder.api.openstack.wsgi [None req-7279907f-e1e5-4d23-9923-bd43e41cca24 52fd72f61e9843cf88a5c1a3795c1d1f 53f80745014c4527a7f4b9dbc0f8d377 - - default default] POST http://[LB_IP_ADDRESS]:8776/v3/53f80745014c4527a7f4b9dbc0f8d377/snapshots
2026-06-08 12:36:40.903 72 INFO cinder.volume.api [None req-7279907f-e1e5-4d23-9923-bd43e41cca24 52fd72f61e9843cf88a5c1a3795c1d1f 53f80745014c4527a7f4b9dbc0f8d377 - - default default] Volume info retrieved successfully.
2026-06-08 12:36:40.904 72 INFO cinder.api.v3.snapshots [None req-7279907f-e1e5-4d23-9923-bd43e41cca24 52fd72f61e9843cf88a5c1a3795c1d1f 53f80745014c4527a7f4b9dbc0f8d377 - - default default] Create snapshot from volume 750f1aa6-bc58-4a84-983a-e8a019d3179c
2026-06-08 12:36:41.045 72 INFO cinder.volume.api [None req-7279907f-e1e5-4d23-9923-bd43e41cca24 52fd72f61e9843cf88a5c1a3795c1d1f 53f80745014c4527a7f4b9dbc0f8d377 - - default default] Snapshot create request issued successfully.
2026-06-08 12:36:41.046 72 INFO cinder.api.openstack.wsgi [None req-7279907f-e1e5-4d23-9923-bd43e41cca24 52fd72f61e9843cf88a5c1a3795c1d1f 53f80745014c4527a7f4b9dbc0f8d377 - - default default] http://[LB_IP_ADDRESS]:8776/v3/53f80745014c4527a7f4b9dbc0f8d377/snapshots returned with HTTP 202
2026-06-08 12:36:41.062 73 INFO cinder.api.openstack.wsgi [None req-519856f9-4bce-4e26-a401-114f6eef0946 52fd72f61e9843cf88a5c1a3795c1d1f 53f80745014c4527a7f4b9dbc0f8d377 - - default default] GET http://[LB_IP_ADDRESS]:8776/v3/53f80745014c4527a7f4b9dbc0f8d377/snapshots/b0b1ab53-2dba-4ed0-9d04-98cca3dd23ab
2026-06-08 12:36:41.073 73 INFO cinder.volume.api [None req-519856f9-4bce-4e26-a401-114f6eef0946 52fd72f61e9843cf88a5c1a3795c1d1f 53f80745014c4527a7f4b9dbc0f8d377 - - default default] Snapshot retrieved successfully.
2026-06-08 12:36:41.075 73 INFO cinder.api.openstack.wsgi [None req-519856f9-4bce-4e26-a401-114f6eef0946 52fd72f61e9843cf88a5c1a3795c1d1f 53f80745014c4527a7f4b9dbc0f8d377 - - default default] http://[LB_IP_ADDRESS]:8776/v3/53f80745014c4527a7f4b9dbc0f8d377/snapshots/b0b1ab53-2dba-4ed0-9d04-98cca3dd23ab returned with HTTP 200
2026-06-08 12:36:41.351 74 INFO cinder.api.openstack.wsgi [None req-9030b295-048b-4d71-8ec7-b27894f52885 415e87de0ecb4d968790abd4a9d20bad b209dc0ea08f41a59ce38cfa698e4546 - - default default] GET http://[LB_IP_ADDRESS]:8776/v3/b209dc0ea08f41a59ce38cfa698e4546/group_snapshots/e03f484d-878d-4166-8488-f5cc535bf1e2
2026-06-08 12:36:41.365 74 INFO cinder.api.openstack.wsgi [None req-9030b295-048b-4d71-8ec7-b27894f52885 415e87de0ecb4d968790abd4a9d20bad b209dc0ea08f41a59ce38cfa698e4546 - - default default] http://[LB_IP_ADDRESS]:8776/v3/b209dc0ea08f41a59ce38cfa698e4546/group_snapshots/e03f484d-878d-4166-8488-f5cc535bf1e2 returned with HTTP 200
2026-06-08 12:36:41.380 76 INFO cinder.api.openstack.wsgi [None req-77ab700d-0afa-4b76-a32c-7f8c8429b178 415e87de0ecb4d968790abd4a9d20bad b209dc0ea08f41a59ce38cfa698e4546 - - default default] GET http://[LB_IP_ADDRESS]:8776/v3/b209dc0ea08f41a59ce38cfa698e4546/snapshots/detail
2026-06-08 12:36:41.389 76 INFO cinder.volume.api [None req-77ab700d-0afa-4b76-a32c-7f8c8429b178 415e87de0ecb4d968790abd4a9d20bad b209dc0ea08f41a59ce38cfa698e4546 - - default default] Get all snapshots completed successfully.
2026-06-08 12:36:41.392 76 INFO cinder.api.openstack.wsgi [None req-77ab700d-0afa-4b76-a32c-7f8c8429b178 415e87de0ecb4d968790abd4a9d20bad b209dc0ea08f41a59ce38cfa698e4546 - - default default] http://[LB_IP_ADDRESS]:8776/v3/b209dc0ea08f41a59ce38cfa698e4546/snapshots/detail returned with HTTP 200
2026-06-08 12:36:41.408 75 INFO cinder.api.openstack.wsgi [None req-90bffce1-5975-4189-838c-da741396a6c2 415e87de0ecb4d968790abd4a9d20bad b209dc0ea08f41a59ce38cfa698e4546 - - default default] GET http://[LB_IP_ADDRESS]:8776/v3/b209dc0ea08f41a59ce38cfa698e4546/snapshots/b03d4535-4934-4087-9606-755a64f8deec
2026-06-08 12:36:41.419 75 INFO cinder.volume.api [None req-90bffce1-5975-4189-838c-da741396a6c2 415e87de0ecb4d968790abd4a9d20bad b209dc0ea08f41a59ce38cfa698e4546 - - default default] Snapshot retrieved successfully.
2026-06-08 12:36:41.421 75 INFO cinder.api.openstack.wsgi [None req-90bffce1-5975-4189-838c-da741396a6c2 415e87de0ecb4d968790abd4a9d20bad b209dc0ea08f41a59ce38cfa698e4546 - - default default] http://[LB_IP_ADDRESS]:8776/v3/b209dc0ea08f41a59ce38cfa698e4546/snapshots/b03d4535-4934-4087-9606-755a64f8deec returned with HTTP 200
2026-06-08 12:36:41.438 72 INFO cinder.api.openstack.wsgi [None req-eb263977-2483-47a5-ba9c-16123b432d0b d28f806cd1be4a029c25c9736018533f 998de2ba95794b058f7096abf81b2202 - - default default] POST http://[LB_IP_ADDRESS]:8776/v3/998de2ba95794b058f7096abf81b2202/group_snapshots/e03f484d-878d-4166-8488-f5cc535bf1e2/action
2026-06-08 12:36:41.457 72 INFO cinder.api.openstack.wsgi [None req-eb263977-2483-47a5-ba9c-16123b432d0b d28f806cd1be4a029c25c9736018533f 998de2ba95794b058f7096abf81b2202 - - default default] http://[LB_IP_ADDRESS]:8776/v3/998de2ba95794b058f7096abf81b2202/group_snapshots/e03f484d-878d-4166-8488-f5cc535bf1e2/action returned with HTTP 202
2026-06-08 12:36:41.469 73 INFO cinder.api.openstack.wsgi [None req-4e2602e0-a253-4b66-b415-8e540ff814fe 415e87de0ecb4d968790abd4a9d20bad b209dc0ea08f41a59ce38cfa698e4546 - - default default] GET http://[LB_IP_ADDRESS]:8776/v3/b209dc0ea08f41a59ce38cfa698e4546/group_snapshots/e03f484d-878d-4166-8488-f5cc535bf1e2
2026-06-08 12:36:41.482 73 INFO cinder.api.openstack.wsgi [None req-4e2602e0-a253-4b66-b415-8e540ff814fe 415e87de0ecb4d968790abd4a9d20bad b209dc0ea08f41a59ce38cfa698e4546 - - default default] http://[LB_IP_ADDRESS]:8776/v3/b209dc0ea08f41a59ce38cfa698e4546/group_snapshots/e03f484d-878d-4166-8488-f5cc535bf1e2 returned with HTTP 200
2026-06-08 12:36:41.497 74 INFO cinder.api.openstack.wsgi [None req-de202e34-0e49-450f-9eb8-be5115d74fdc d28f806cd1be4a029c25c9736018533f 998de2ba95794b058f7096abf81b2202 - - default default] POST http://[LB_IP_ADDRESS]:8776/v3/998de2ba95794b058f7096abf81b2202/group_snapshots/e03f484d-878d-4166-8488-f5cc535bf1e2/action
2026-06-08 12:36:41.515 74 INFO cinder.api.openstack.wsgi [None req-de202e34-0e49-450f-9eb8-be5115d74fdc d28f806cd1be4a029c25c9736018533f 998de2ba95794b058f7096abf81b2202 - - default default] http://[LB_IP_ADDRESS]:8776/v3/998de2ba95794b058f7096abf81b2202/group_snapshots/e03f484d-878d-4166-8488-f5cc535bf1e2/action returned with HTTP 202
2026-06-08 12:36:41.527 76 INFO cinder.api.openstack.wsgi [None req-358ad2b6-cadd-49d0-bead-6c8cd8d33169 415e87de0ecb4d968790abd4a9d20bad b209dc0ea08f41a59ce38cfa698e4546 - - default default] GET http://[LB_IP_ADDRESS]:8776/v3/b209dc0ea08f41a59ce38cfa698e4546/group_snapshots/e03f484d-878d-4166-8488-f5cc535bf1e2
2026-06-08 12:36:41.540 76 INFO cinder.api.openstack.wsgi [None req-358ad2b6-cadd-49d0-bead-6c8cd8d33169 415e87de0ecb4d968790abd4a9d20bad b209dc0ea08f41a59ce38cfa698e4546 - - default default] http://[LB_IP_ADDRESS]:8776/v3/b209dc0ea08f41a59ce38cfa698e4546/group_snapshots/e03f484d-878d-4166-8488-f5cc535bf1e2 returned with HTTP 200
2026-06-08 12:36:41.556 75 INFO cinder.api.openstack.wsgi [None req-6e25c033-b5da-4297-a158-f00cc8e103b0 d28f806cd1be4a029c25c9736018533f 998de2ba95794b058f7096abf81b2202 - - default default] POST http://[LB_IP_ADDRESS]:8776/v3/998de2ba95794b058f7096abf81b2202/group_snapshots/e03f484d-878d-4166-8488-f5cc535bf1e2/action
2026-06-08 12:36:41.574 75 INFO cinder.api.openstack.wsgi [None req-6e25c033-b5da-4297-a158-f00cc8e103b0 d28f806cd1be4a029c25c9736018533f 998de2ba95794b058f7096abf81b2202 - - default default] http://[LB_IP_ADDRESS]:8776/v3/998de2ba95794b058f7096abf81b2202/group_snapshots/e03f484d-878d-4166-8488-f5cc535bf1e2/action returned with HTTP 202
2026-06-08 12:36:41.586 72 INFO cinder.api.openstack.wsgi [None req-4493fa4e-f636-4685-9130-9df885d475ed 415e87de0ecb4d968790abd4a9d20bad b209dc0ea08f41a59ce38cfa698e4546 - - default default] GET http://[LB_IP_ADDRESS]:8776/v3/b209dc0ea08f41a59ce38cfa698e4546/group_snapshots/e03f484d-878d-4166-8488-f5cc535bf1e2
2026-06-08 12:36:41.600 72 INFO cinder.api.openstack.wsgi [None req-4493fa4e-f636-4685-9130-9df885d475ed 415e87de0ecb4d968790abd4a9d20bad b209dc0ea08f41a59ce38cfa698e4546 - - default default] http://[LB_IP_ADDRESS]:8776/v3/b209dc0ea08f41a59ce38cfa698e4546/group_snapshots/e03f484d-878d-4166-8488-f5cc535bf1e2 returned with HTTP 200
2026-06-08 12:36:41.616 73 INFO cinder.api.openstack.wsgi [None req-0ef99282-f525-493d-b8cb-e420fefe9a8c d28f806cd1be4a029c25c9736018533f 998de2ba95794b058f7096abf81b2202 - - default default] POST http://[LB_IP_ADDRESS]:8776/v3/998de2ba95794b058f7096abf81b2202/group_snapshots/e03f484d-878d-4166-8488-f5cc535bf1e2/action
2026-06-08 12:36:41.635 73 INFO cinder.api.openstack.wsgi [None req-0ef99282-f525-493d-b8cb-e420fefe9a8c d28f806cd1be4a029c25c9736018533f 998de2ba95794b058f7096abf81b2202 - - default default] http://[LB_IP_ADDRESS]:8776/v3/998de2ba95794b058f7096abf81b2202/group_snapshots/e03f484d-878d-4166-8488-f5cc535bf1e2/action returned with HTTP 202
2026-06-08 12:36:41.647 74 INFO cinder.api.openstack.wsgi [None req-80c6f5e9-7f99-4322-9920-2b170e07c576 415e87de0ecb4d968790abd4a9d20bad b209dc0ea08f41a59ce38cfa698e4546 - - default default] GET http://[LB_IP_ADDRESS]:8776/v3/b209dc0ea08f41a59ce38cfa698e4546/group_snapshots/e03f484d-878d-4166-8488-f5cc535bf1e2
2026-06-08 12:36:41.661 74 INFO cinder.api.openstack.wsgi [None req-80c6f5e9-7f99-4322-9920-2b170e07c576 415e87de0ecb4d968790abd4a9d20bad b209dc0ea08f41a59ce38cfa698e4546 - - default default] http://[LB_IP_ADDRESS]:8776/v3/b209dc0ea08f41a59ce38cfa698e4546/group_snapshots/e03f484d-878d-4166-8488-f5cc535bf1e2 returned with HTTP 200
2026-06-08 12:36:41.676 76 INFO cinder.api.openstack.wsgi [None req-bfc5f2f4-6dff-4633-8891-c40b3234722d 415e87de0ecb4d968790abd4a9d20bad b209dc0ea08f41a59ce38cfa698e4546 - - default default] DELETE http://[LB_IP_ADDRESS]:8776/v3/b209dc0ea08f41a59ce38cfa698e4546/group_snapshots/e03f484d-878d-4166-8488-f5cc535bf1e2
2026-06-08 12:36:41.678 76 INFO cinder.api.v3.group_snapshots [None req-bfc5f2f4-6dff-4633-8891-c40b3234722d 415e87de0ecb4d968790abd4a9d20bad b209dc0ea08f41a59ce38cfa698e4546 - - default default] Delete group_snapshot with id: e03f484d-878d-4166-8488-f5cc535bf1e2
2026-06-08 12:36:41.726 76 INFO cinder.api.openstack.wsgi [None req-bfc5f2f4-6dff-4633-8891-c40b3234722d 415e87de0ecb4d968790abd4a9d20bad b209dc0ea08f41a59ce38cfa698e4546 - - default default] http://[LB_IP_ADDRESS]:8776/v3/b209dc0ea08f41a59ce38cfa698e4546/group_snapshots/e03f484d-878d-4166-8488-f5cc535bf1e2 returned with HTTP 202
2026-06-08 12:36:41.738 75 INFO cinder.api.openstack.wsgi [None req-61051598-36f4-47ef-b260-d99e25f83a8e 415e87de0ecb4d968790abd4a9d20bad b209dc0ea08f41a59ce38cfa698e4546 - - default default] GET http://[LB_IP_ADDRESS]:8776/v3/b209dc0ea08f41a59ce38cfa698e4546/volumes/detail
2026-06-08 12:36:41.754 75 INFO cinder.volume.api [None req-61051598-36f4-47ef-b260-d99e25f83a8e 415e87de0ecb4d968790abd4a9d20bad b209dc0ea08f41a59ce38cfa698e4546 - - default default] Get all volumes completed successfully.
2026-06-08 12:36:41.781 75 INFO cinder.api.openstack.wsgi [None req-61051598-36f4-47ef-b260-d99e25f83a8e 415e87de0ecb4d968790abd4a9d20bad b209dc0ea08f41a59ce38cfa698e4546 - - default default] http://[LB_IP_ADDRESS]:8776/v3/b209dc0ea08f41a59ce38cfa698e4546/volumes/detail returned with HTTP 200
2026-06-08 12:36:41.790 72 INFO cinder.api.openstack.wsgi [None req-bd762a0c-2d58-43ab-98f0-18e6a2b9fae2 936e32272abf43e5a84c787bab8edff9 b03e4737afef43c7be2bce352048414a - - default default] GET http://[LB_IP_ADDRESS]:8776/v3/b03e4737afef43c7be2bce352048414a/volumes/b0b18a9d-7ecd-4737-b8ce-8ac47b27d464
2026-06-08 12:36:41.803 72 INFO cinder.api.openstack.wsgi [None req-bd762a0c-2d58-43ab-98f0-18e6a2b9fae2 936e32272abf43e5a84c787bab8edff9 b03e4737afef43c7be2bce352048414a - - default default] http://[LB_IP_ADDRESS]:8776/v3/b03e4737afef43c7be2bce352048414a/volumes/b0b18a9d-7ecd-4737-b8ce-8ac47b27d464 returned with HTTP 404
2026-06-08 12:36:41.803 73 INFO cinder.api.openstack.wsgi [None req-d2f739c6-7243-46e6-ba72-ed3e8aa8bb98 415e87de0ecb4d968790abd4a9d20bad b209dc0ea08f41a59ce38cfa698e4546 - - default default] GET http://[LB_IP_ADDRESS]:8776/v3/b209dc0ea08f41a59ce38cfa698e4546/snapshots/detail
2026-06-08 12:36:41.813 73 INFO cinder.volume.api [None req-d2f739c6-7243-46e6-ba72-ed3e8aa8bb98 415e87de0ecb4d968790abd4a9d20bad b209dc0ea08f41a59ce38cfa698e4546 - - default default] Get all snapshots completed successfully.
2026-06-08 12:36:41.815 73 INFO cinder.api.openstack.wsgi [None req-d2f739c6-7243-46e6-ba72-ed3e8aa8bb98 415e87de0ecb4d968790abd4a9d20bad b209dc0ea08f41a59ce38cfa698e4546 - - default default] http://[LB_IP_ADDRESS]:8776/v3/b209dc0ea08f41a59ce38cfa698e4546/snapshots/detail returned with HTTP 200
2026-06-08 12:36:41.817 74 INFO cinder.api.openstack.wsgi [None req-9bdaaf6c-86d7-4e05-8c16-a43cc4f93313 e6e7d9ee2fc247ed8bb19ca07c0773b7 a400e771e89744058fee9fe3f97d9b44 - - default default] DELETE http://[LB_IP_ADDRESS]:8776/v3/a400e771e89744058fee9fe3f97d9b44/types/a5b935c3-87c3-487f-be69-900a4a8f3ca2
2026-06-08 12:36:41.831 76 INFO cinder.api.openstack.wsgi [None req-75b5507d-586e-48e0-be0a-3ef8d2f43a2b 415e87de0ecb4d968790abd4a9d20bad b209dc0ea08f41a59ce38cfa698e4546 - - default default] GET http://[LB_IP_ADDRESS]:8776/v3/b209dc0ea08f41a59ce38cfa698e4546/snapshots/b03d4535-4934-4087-9606-755a64f8deec
2026-06-08 12:36:41.844 76 INFO cinder.volume.api [None req-75b5507d-586e-48e0-be0a-3ef8d2f43a2b 415e87de0ecb4d968790abd4a9d20bad b209dc0ea08f41a59ce38cfa698e4546 - - default default] Snapshot retrieved successfully.
2026-06-08 12:36:41.846 76 INFO cinder.api.openstack.wsgi [None req-75b5507d-586e-48e0-be0a-3ef8d2f43a2b 415e87de0ecb4d968790abd4a9d20bad b209dc0ea08f41a59ce38cfa698e4546 - - default default] http://[LB_IP_ADDRESS]:8776/v3/b209dc0ea08f41a59ce38cfa698e4546/snapshots/b03d4535-4934-4087-9606-755a64f8deec returned with HTTP 200
2026-06-08 12:36:41.862 74 INFO cinder.api.openstack.wsgi [None req-9bdaaf6c-86d7-4e05-8c16-a43cc4f93313 e6e7d9ee2fc247ed8bb19ca07c0773b7 a400e771e89744058fee9fe3f97d9b44 - - default default] http://[LB_IP_ADDRESS]:8776/v3/a400e771e89744058fee9fe3f97d9b44/types/a5b935c3-87c3-487f-be69-900a4a8f3ca2 returned with HTTP 202
2026-06-08 12:36:41.875 75 INFO cinder.api.openstack.wsgi [None req-ec69d047-e669-42c0-b196-b52c00970715 e6e7d9ee2fc247ed8bb19ca07c0773b7 a400e771e89744058fee9fe3f97d9b44 - - default default] GET http://[LB_IP_ADDRESS]:8776/v3/a400e771e89744058fee9fe3f97d9b44/types/a5b935c3-87c3-487f-be69-900a4a8f3ca2
2026-06-08 12:36:41.881 75 INFO cinder.api.openstack.wsgi [None req-ec69d047-e669-42c0-b196-b52c00970715 e6e7d9ee2fc247ed8bb19ca07c0773b7 a400e771e89744058fee9fe3f97d9b44 - - default default] http://[LB_IP_ADDRESS]:8776/v3/a400e771e89744058fee9fe3f97d9b44/types/a5b935c3-87c3-487f-be69-900a4a8f3ca2 returned with HTTP 404
2026-06-08 12:36:41.893 72 INFO cinder.api.openstack.wsgi [None req-39d6ae75-1472-48e7-8318-edeacac2f213 e6e7d9ee2fc247ed8bb19ca07c0773b7 a400e771e89744058fee9fe3f97d9b44 - - default default] DELETE http://[LB_IP_ADDRESS]:8776/v3/a400e771e89744058fee9fe3f97d9b44/types/117b5025-9230-4219-8c9c-83c59f26478f
2026-06-08 12:36:41.939 72 INFO cinder.api.openstack.wsgi [None req-39d6ae75-1472-48e7-8318-edeacac2f213 e6e7d9ee2fc247ed8bb19ca07c0773b7 a400e771e89744058fee9fe3f97d9b44 - - default default] http://[LB_IP_ADDRESS]:8776/v3/a400e771e89744058fee9fe3f97d9b44/types/117b5025-9230-4219-8c9c-83c59f26478f returned with HTTP 202
2026-06-08 12:36:41.951 73 INFO cinder.api.openstack.wsgi [None req-e082d682-d676-4739-8251-95b0003bcd3c e6e7d9ee2fc247ed8bb19ca07c0773b7 a400e771e89744058fee9fe3f97d9b44 - - default default] GET http://[LB_IP_ADDRESS]:8776/v3/a400e771e89744058fee9fe3f97d9b44/types/117b5025-9230-4219-8c9c-83c59f26478f
2026-06-08 12:36:41.957 73 INFO cinder.api.openstack.wsgi [None req-e082d682-d676-4739-8251-95b0003bcd3c e6e7d9ee2fc247ed8bb19ca07c0773b7 a400e771e89744058fee9fe3f97d9b44 - - default default] http://[LB_IP_ADDRESS]:8776/v3/a400e771e89744058fee9fe3f97d9b44/types/117b5025-9230-4219-8c9c-83c59f26478f returned with HTTP 404
2026-06-08 12:36:42.092 76 INFO cinder.api.openstack.wsgi [None req-0c417e24-83d8-44d9-bcd8-3ce9a130cf36 52fd72f61e9843cf88a5c1a3795c1d1f 53f80745014c4527a7f4b9dbc0f8d377 - - default default] GET http://[LB_IP_ADDRESS]:8776/v3/53f80745014c4527a7f4b9dbc0f8d377/snapshots/b0b1ab53-2dba-4ed0-9d04-98cca3dd23ab
2026-06-08 12:36:42.103 76 INFO cinder.volume.api [None req-0c417e24-83d8-44d9-bcd8-3ce9a130cf36 52fd72f61e9843cf88a5c1a3795c1d1f 53f80745014c4527a7f4b9dbc0f8d377 - - default default] Snapshot retrieved successfully.
2026-06-08 12:36:42.105 76 INFO cinder.api.openstack.wsgi [None req-0c417e24-83d8-44d9-bcd8-3ce9a130cf36 52fd72f61e9843cf88a5c1a3795c1d1f 53f80745014c4527a7f4b9dbc0f8d377 - - default default] http://[LB_IP_ADDRESS]:8776/v3/53f80745014c4527a7f4b9dbc0f8d377/snapshots/b0b1ab53-2dba-4ed0-9d04-98cca3dd23ab returned with HTTP 200
2026-06-08 12:36:42.863 74 INFO cinder.api.openstack.wsgi [None req-edb7f7d8-409a-461a-becc-cb5b1e51e278 415e87de0ecb4d968790abd4a9d20bad b209dc0ea08f41a59ce38cfa698e4546 - - default default] GET http://[LB_IP_ADDRESS]:8776/v3/b209dc0ea08f41a59ce38cfa698e4546/snapshots/b03d4535-4934-4087-9606-755a64f8deec
2026-06-08 12:36:42.873 74 INFO cinder.api.openstack.wsgi [None req-edb7f7d8-409a-461a-becc-cb5b1e51e278 415e87de0ecb4d968790abd4a9d20bad b209dc0ea08f41a59ce38cfa698e4546 - - default default] http://[LB_IP_ADDRESS]:8776/v3/b209dc0ea08f41a59ce38cfa698e4546/snapshots/b03d4535-4934-4087-9606-755a64f8deec returned with HTTP 404
2026-06-08 12:36:42.885 75 INFO cinder.api.openstack.wsgi [None req-453ece22-51d7-4cd1-a3cf-b6f074dc0bed 415e87de0ecb4d968790abd4a9d20bad b209dc0ea08f41a59ce38cfa698e4546 - - default default] GET http://[LB_IP_ADDRESS]:8776/v3/b209dc0ea08f41a59ce38cfa698e4546/group_snapshots/e03f484d-878d-4166-8488-f5cc535bf1e2
2026-06-08 12:36:42.891 75 INFO cinder.api.openstack.wsgi [None req-453ece22-51d7-4cd1-a3cf-b6f074dc0bed 415e87de0ecb4d968790abd4a9d20bad b209dc0ea08f41a59ce38cfa698e4546 - - default default] http://[LB_IP_ADDRESS]:8776/v3/b209dc0ea08f41a59ce38cfa698e4546/group_snapshots/e03f484d-878d-4166-8488-f5cc535bf1e2 returned with HTTP 404
2026-06-08 12:36:42.902 72 INFO cinder.api.openstack.wsgi [None req-6aa6a5de-dd65-4a08-8a50-12d6e06f87fb 415e87de0ecb4d968790abd4a9d20bad b209dc0ea08f41a59ce38cfa698e4546 - - default default] GET http://[LB_IP_ADDRESS]:8776/v3/b209dc0ea08f41a59ce38cfa698e4546/volumes/detail
2026-06-08 12:36:42.918 72 INFO cinder.volume.api [None req-6aa6a5de-dd65-4a08-8a50-12d6e06f87fb 415e87de0ecb4d968790abd4a9d20bad b209dc0ea08f41a59ce38cfa698e4546 - - default default] Get all volumes completed successfully.
2026-06-08 12:36:42.946 72 INFO cinder.api.openstack.wsgi [None req-6aa6a5de-dd65-4a08-8a50-12d6e06f87fb 415e87de0ecb4d968790abd4a9d20bad b209dc0ea08f41a59ce38cfa698e4546 - - default default] http://[LB_IP_ADDRESS]:8776/v3/b209dc0ea08f41a59ce38cfa698e4546/volumes/detail returned with HTTP 200
2026-06-08 12:36:42.969 73 INFO cinder.api.openstack.wsgi [None req-5caea3b8-4ed2-4a93-9036-220e5aa7de31 415e87de0ecb4d968790abd4a9d20bad b209dc0ea08f41a59ce38cfa698e4546 - - default default] POST http://[LB_IP_ADDRESS]:8776/v3/b209dc0ea08f41a59ce38cfa698e4546/groups/e4310674-b2ba-4e7e-bb77-48bf8fd04a39/action
2026-06-08 12:36:42.973 73 INFO cinder.api.v3.groups [None req-5caea3b8-4ed2-4a93-9036-220e5aa7de31 415e87de0ecb4d968790abd4a9d20bad b209dc0ea08f41a59ce38cfa698e4546 - - default default] Delete group with id: e4310674-b2ba-4e7e-bb77-48bf8fd04a39
2026-06-08 12:36:43.039 73 INFO cinder.api.openstack.wsgi [None req-5caea3b8-4ed2-4a93-9036-220e5aa7de31 415e87de0ecb4d968790abd4a9d20bad b209dc0ea08f41a59ce38cfa698e4546 - - default default] http://[LB_IP_ADDRESS]:8776/v3/b209dc0ea08f41a59ce38cfa698e4546/groups/e4310674-b2ba-4e7e-bb77-48bf8fd04a39/action returned with HTTP 202
2026-06-08 12:36:43.051 76 INFO cinder.api.openstack.wsgi [None req-d42a046d-8829-4d6b-9017-775d4fd9af70 415e87de0ecb4d968790abd4a9d20bad b209dc0ea08f41a59ce38cfa698e4546 - - default default] GET http://[LB_IP_ADDRESS]:8776/v3/b209dc0ea08f41a59ce38cfa698e4546/volumes/8e63c5aa-b010-484c-88b4-664d0cf94526
2026-06-08 12:36:43.073 76 INFO cinder.volume.api [None req-d42a046d-8829-4d6b-9017-775d4fd9af70 415e87de0ecb4d968790abd4a9d20bad b209dc0ea08f41a59ce38cfa698e4546 - - default default] Volume info retrieved successfully.
2026-06-08 12:36:43.100 76 INFO cinder.api.openstack.wsgi [None req-d42a046d-8829-4d6b-9017-775d4fd9af70 415e87de0ecb4d968790abd4a9d20bad b209dc0ea08f41a59ce38cfa698e4546 - - default default] http://[LB_IP_ADDRESS]:8776/v3/b209dc0ea08f41a59ce38cfa698e4546/volumes/8e63c5aa-b010-484c-88b4-664d0cf94526 returned with HTTP 200
2026-06-08 12:36:43.122 74 INFO cinder.api.openstack.wsgi [None req-ab5107aa-66b9-49ec-ba0f-7ff1a8960a35 52fd72f61e9843cf88a5c1a3795c1d1f 53f80745014c4527a7f4b9dbc0f8d377 - - default default] GET http://[LB_IP_ADDRESS]:8776/v3/53f80745014c4527a7f4b9dbc0f8d377/snapshots/b0b1ab53-2dba-4ed0-9d04-98cca3dd23ab
2026-06-08 12:36:43.132 74 INFO cinder.volume.api [None req-ab5107aa-66b9-49ec-ba0f-7ff1a8960a35 52fd72f61e9843cf88a5c1a3795c1d1f 53f80745014c4527a7f4b9dbc0f8d377 - - default default] Snapshot retrieved successfully.
2026-06-08 12:36:43.134 74 INFO cinder.api.openstack.wsgi [None req-ab5107aa-66b9-49ec-ba0f-7ff1a8960a35 52fd72f61e9843cf88a5c1a3795c1d1f 53f80745014c4527a7f4b9dbc0f8d377 - - default default] http://[LB_IP_ADDRESS]:8776/v3/53f80745014c4527a7f4b9dbc0f8d377/snapshots/b0b1ab53-2dba-4ed0-9d04-98cca3dd23ab returned with HTTP 200
2026-06-08 12:36:43.152 75 INFO cinder.api.openstack.wsgi [None req-52b53354-69b9-450b-8be5-44c0152b3758 15d990a7b81347d2828f9723bbf7214e 3f1add1d538147a2bd06c02cd7e42976 - - default default] PUT http://[LB_IP_ADDRESS]:8776/v3/3f1add1d538147a2bd06c02cd7e42976/os-quota-sets/53f80745014c4527a7f4b9dbc0f8d377
2026-06-08 12:36:43.301 75 INFO cinder.api.openstack.wsgi [None req-52b53354-69b9-450b-8be5-44c0152b3758 15d990a7b81347d2828f9723bbf7214e 3f1add1d538147a2bd06c02cd7e42976 - - default default] http://[LB_IP_ADDRESS]:8776/v3/3f1add1d538147a2bd06c02cd7e42976/os-quota-sets/53f80745014c4527a7f4b9dbc0f8d377 returned with HTTP 200
2026-06-08 12:36:43.317 72 INFO cinder.api.openstack.wsgi [None req-761d7bc2-ca6e-4fd4-b6d8-41c820c67b32 52fd72f61e9843cf88a5c1a3795c1d1f 53f80745014c4527a7f4b9dbc0f8d377 - - default default] POST http://[LB_IP_ADDRESS]:8776/v3/53f80745014c4527a7f4b9dbc0f8d377/snapshots
2026-06-08 12:36:43.337 72 INFO cinder.volume.api [None req-761d7bc2-ca6e-4fd4-b6d8-41c820c67b32 52fd72f61e9843cf88a5c1a3795c1d1f 53f80745014c4527a7f4b9dbc0f8d377 - - default default] Volume info retrieved successfully.
2026-06-08 12:36:43.338 72 INFO cinder.api.v3.snapshots [None req-761d7bc2-ca6e-4fd4-b6d8-41c820c67b32 52fd72f61e9843cf88a5c1a3795c1d1f 53f80745014c4527a7f4b9dbc0f8d377 - - default default] Create snapshot from volume 750f1aa6-bc58-4a84-983a-e8a019d3179c
2026-06-08 12:36:43.398 72 WARNING cinder.quota_utils [None req-761d7bc2-ca6e-4fd4-b6d8-41c820c67b32 52fd72f61e9843cf88a5c1a3795c1d1f 53f80745014c4527a7f4b9dbc0f8d377 - - default default] Quota exceeded for 53f80745014c4527a7f4b9dbc0f8d377, tried to create 1G snapshot (2G of 2G already consumed).: cinder.exception.OverQuota: Quota exceeded for resources: ['gigabytes']
2026-06-08 12:36:43.398 72 INFO cinder.api.middleware.fault [None req-761d7bc2-ca6e-4fd4-b6d8-41c820c67b32 52fd72f61e9843cf88a5c1a3795c1d1f 53f80745014c4527a7f4b9dbc0f8d377 - - default default] http://[LB_IP_ADDRESS]:8776/v3/53f80745014c4527a7f4b9dbc0f8d377/snapshots returned with HTTP 413
2026-06-08 12:36:43.414 73 INFO cinder.api.openstack.wsgi [None req-4f909977-8b2a-4165-a504-174b417cb028 15d990a7b81347d2828f9723bbf7214e 3f1add1d538147a2bd06c02cd7e42976 - - default default] PUT http://[LB_IP_ADDRESS]:8776/v3/3f1add1d538147a2bd06c02cd7e42976/os-quota-sets/53f80745014c4527a7f4b9dbc0f8d377
2026-06-08 12:36:43.540 73 WARNING cinder.quota [None req-4f909977-8b2a-4165-a504-174b417cb028 15d990a7b81347d2828f9723bbf7214e 3f1add1d538147a2bd06c02cd7e42976 - - default default] Deprecated: Default quota for resource: volumes_tempest-GroupSnapshotsV319Test-volume-type-1672902845 is set by the default quota flag: quota_volumes_tempest-GroupSnapshotsV319Test-volume-type-1672902845, it is now deprecated. Please use the default quota class for default quota.
2026-06-08 12:36:43.540 73 WARNING cinder.quota [None req-4f909977-8b2a-4165-a504-174b417cb028 15d990a7b81347d2828f9723bbf7214e 3f1add1d538147a2bd06c02cd7e42976 - - default default] Deprecated: Default quota for resource: gigabytes_tempest-GroupSnapshotsV319Test-volume-type-1672902845 is set by the default quota flag: quota_gigabytes_tempest-GroupSnapshotsV319Test-volume-type-1672902845, it is now deprecated. Please use the default quota class for default quota.
2026-06-08 12:36:43.541 73 WARNING cinder.quota [None req-4f909977-8b2a-4165-a504-174b417cb028 15d990a7b81347d2828f9723bbf7214e 3f1add1d538147a2bd06c02cd7e42976 - - default default] Deprecated: Default quota for resource: snapshots_tempest-GroupSnapshotsV319Test-volume-type-1672902845 is set by the default quota flag: quota_snapshots_tempest-GroupSnapshotsV319Test-volume-type-1672902845, it is now deprecated. Please use the default quota class for default quota.
2026-06-08 12:36:43.571 73 INFO cinder.api.openstack.wsgi [None req-4f909977-8b2a-4165-a504-174b417cb028 15d990a7b81347d2828f9723bbf7214e 3f1add1d538147a2bd06c02cd7e42976 - - default default] http://[LB_IP_ADDRESS]:8776/v3/3f1add1d538147a2bd06c02cd7e42976/os-quota-sets/53f80745014c4527a7f4b9dbc0f8d377 returned with HTTP 200
2026-06-08 12:36:43.589 76 INFO cinder.api.openstack.wsgi [None req-5dcc56a9-96df-4ac1-97a4-de6921bf382a 52fd72f61e9843cf88a5c1a3795c1d1f 53f80745014c4527a7f4b9dbc0f8d377 - - default default] POST http://[LB_IP_ADDRESS]:8776/v3/53f80745014c4527a7f4b9dbc0f8d377/snapshots
2026-06-08 12:36:43.609 76 INFO cinder.volume.api [None req-5dcc56a9-96df-4ac1-97a4-de6921bf382a 52fd72f61e9843cf88a5c1a3795c1d1f 53f80745014c4527a7f4b9dbc0f8d377 - - default default] Volume info retrieved successfully.
2026-06-08 12:36:43.610 76 INFO cinder.api.v3.snapshots [None req-5dcc56a9-96df-4ac1-97a4-de6921bf382a 52fd72f61e9843cf88a5c1a3795c1d1f 53f80745014c4527a7f4b9dbc0f8d377 - - default default] Create snapshot from volume 750f1aa6-bc58-4a84-983a-e8a019d3179c
2026-06-08 12:36:43.667 76 WARNING cinder.quota_utils [None req-5dcc56a9-96df-4ac1-97a4-de6921bf382a 52fd72f61e9843cf88a5c1a3795c1d1f 53f80745014c4527a7f4b9dbc0f8d377 - - default default] Quota exceeded for 53f80745014c4527a7f4b9dbc0f8d377, tried to create snapshot (1 snapshots already consumed).: cinder.exception.OverQuota: Quota exceeded for resources: ['snapshots']
2026-06-08 12:36:43.668 76 INFO cinder.api.middleware.fault [None req-5dcc56a9-96df-4ac1-97a4-de6921bf382a 52fd72f61e9843cf88a5c1a3795c1d1f 53f80745014c4527a7f4b9dbc0f8d377 - - default default] http://[LB_IP_ADDRESS]:8776/v3/53f80745014c4527a7f4b9dbc0f8d377/snapshots returned with HTTP 413
2026-06-08 12:36:43.682 74 INFO cinder.api.openstack.wsgi [None req-26bf7eeb-1cf3-48c4-8511-8429db58f0a4 52fd72f61e9843cf88a5c1a3795c1d1f 53f80745014c4527a7f4b9dbc0f8d377 - - default default] DELETE http://[LB_IP_ADDRESS]:8776/v3/53f80745014c4527a7f4b9dbc0f8d377/snapshots/b0b1ab53-2dba-4ed0-9d04-98cca3dd23ab
2026-06-08 12:36:43.683 74 INFO cinder.api.v2.snapshots [None req-26bf7eeb-1cf3-48c4-8511-8429db58f0a4 52fd72f61e9843cf88a5c1a3795c1d1f 53f80745014c4527a7f4b9dbc0f8d377 - - default default] Delete snapshot with id: b0b1ab53-2dba-4ed0-9d04-98cca3dd23ab
2026-06-08 12:36:43.693 74 INFO cinder.volume.api [None req-26bf7eeb-1cf3-48c4-8511-8429db58f0a4 52fd72f61e9843cf88a5c1a3795c1d1f 53f80745014c4527a7f4b9dbc0f8d377 - - default default] Snapshot retrieved successfully.
2026-06-08 12:36:43.724 74 INFO cinder.volume.api [None req-26bf7eeb-1cf3-48c4-8511-8429db58f0a4 52fd72f61e9843cf88a5c1a3795c1d1f 53f80745014c4527a7f4b9dbc0f8d377 - - default default] Snapshot delete request issued successfully.
2026-06-08 12:36:43.724 74 INFO cinder.api.openstack.wsgi [None req-26bf7eeb-1cf3-48c4-8511-8429db58f0a4 52fd72f61e9843cf88a5c1a3795c1d1f 53f80745014c4527a7f4b9dbc0f8d377 - - default default] http://[LB_IP_ADDRESS]:8776/v3/53f80745014c4527a7f4b9dbc0f8d377/snapshots/b0b1ab53-2dba-4ed0-9d04-98cca3dd23ab returned with HTTP 202
2026-06-08 12:36:43.737 75 INFO cinder.api.openstack.wsgi [None req-36619b98-b688-4fd5-9679-d91b761b19b3 52fd72f61e9843cf88a5c1a3795c1d1f 53f80745014c4527a7f4b9dbc0f8d377 - - default default] GET http://[LB_IP_ADDRESS]:8776/v3/53f80745014c4527a7f4b9dbc0f8d377/snapshots/b0b1ab53-2dba-4ed0-9d04-98cca3dd23ab
2026-06-08 12:36:43.747 75 INFO cinder.volume.api [None req-36619b98-b688-4fd5-9679-d91b761b19b3 52fd72f61e9843cf88a5c1a3795c1d1f 53f80745014c4527a7f4b9dbc0f8d377 - - default default] Snapshot retrieved successfully.
2026-06-08 12:36:43.749 75 INFO cinder.api.openstack.wsgi [None req-36619b98-b688-4fd5-9679-d91b761b19b3 52fd72f61e9843cf88a5c1a3795c1d1f 53f80745014c4527a7f4b9dbc0f8d377 - - default default] http://[LB_IP_ADDRESS]:8776/v3/53f80745014c4527a7f4b9dbc0f8d377/snapshots/b0b1ab53-2dba-4ed0-9d04-98cca3dd23ab returned with HTTP 200
2026-06-08 12:36:44.124 72 INFO cinder.api.openstack.wsgi [None req-c0a0caed-dc8d-4223-85d6-b7c7afef6dc4 415e87de0ecb4d968790abd4a9d20bad b209dc0ea08f41a59ce38cfa698e4546 - - default default] GET http://[LB_IP_ADDRESS]:8776/v3/b209dc0ea08f41a59ce38cfa698e4546/volumes/8e63c5aa-b010-484c-88b4-664d0cf94526
2026-06-08 12:36:44.136 72 INFO cinder.api.openstack.wsgi [None req-c0a0caed-dc8d-4223-85d6-b7c7afef6dc4 415e87de0ecb4d968790abd4a9d20bad b209dc0ea08f41a59ce38cfa698e4546 - - default default] http://[LB_IP_ADDRESS]:8776/v3/b209dc0ea08f41a59ce38cfa698e4546/volumes/8e63c5aa-b010-484c-88b4-664d0cf94526 returned with HTTP 404
2026-06-08 12:36:44.149 73 INFO cinder.api.openstack.wsgi [None req-576e694b-6fed-4e0d-952d-26e7c2655da8 415e87de0ecb4d968790abd4a9d20bad b209dc0ea08f41a59ce38cfa698e4546 - - default default] GET http://[LB_IP_ADDRESS]:8776/v3/b209dc0ea08f41a59ce38cfa698e4546/groups/e4310674-b2ba-4e7e-bb77-48bf8fd04a39
2026-06-08 12:36:44.155 73 INFO cinder.api.openstack.wsgi [None req-576e694b-6fed-4e0d-952d-26e7c2655da8 415e87de0ecb4d968790abd4a9d20bad b209dc0ea08f41a59ce38cfa698e4546 - - default default] http://[LB_IP_ADDRESS]:8776/v3/b209dc0ea08f41a59ce38cfa698e4546/groups/e4310674-b2ba-4e7e-bb77-48bf8fd04a39 returned with HTTP 404
2026-06-08 12:36:44.168 76 INFO cinder.api.openstack.wsgi [None req-66585483-9242-43ba-99ff-2020268fb9f4 d28f806cd1be4a029c25c9736018533f 998de2ba95794b058f7096abf81b2202 - - default default] DELETE http://[LB_IP_ADDRESS]:8776/v3/998de2ba95794b058f7096abf81b2202/group_types/a4d6875b-2ea9-40ca-a874-768752156119
2026-06-08 12:36:44.189 76 INFO cinder.api.openstack.wsgi [None req-66585483-9242-43ba-99ff-2020268fb9f4 d28f806cd1be4a029c25c9736018533f 998de2ba95794b058f7096abf81b2202 - - default default] http://[LB_IP_ADDRESS]:8776/v3/998de2ba95794b058f7096abf81b2202/group_types/a4d6875b-2ea9-40ca-a874-768752156119 returned with HTTP 202
2026-06-08 12:36:44.202 74 INFO cinder.api.openstack.wsgi [None req-0c1e61e1-0413-4018-a2f7-078b9ddf5398 d28f806cd1be4a029c25c9736018533f 998de2ba95794b058f7096abf81b2202 - - default default] DELETE http://[LB_IP_ADDRESS]:8776/v3/998de2ba95794b058f7096abf81b2202/types/da533733-3c9e-4c97-9219-55a07e07c43d
2026-06-08 12:36:44.247 74 INFO cinder.api.openstack.wsgi [None req-0c1e61e1-0413-4018-a2f7-078b9ddf5398 d28f806cd1be4a029c25c9736018533f 998de2ba95794b058f7096abf81b2202 - - default default] http://[LB_IP_ADDRESS]:8776/v3/998de2ba95794b058f7096abf81b2202/types/da533733-3c9e-4c97-9219-55a07e07c43d returned with HTTP 202
2026-06-08 12:36:44.259 75 INFO cinder.api.openstack.wsgi [None req-85b2ad2f-53c5-45f3-92aa-e14d1d004e93 d28f806cd1be4a029c25c9736018533f 998de2ba95794b058f7096abf81b2202 - - default default] GET http://[LB_IP_ADDRESS]:8776/v3/998de2ba95794b058f7096abf81b2202/types/da533733-3c9e-4c97-9219-55a07e07c43d
2026-06-08 12:36:44.265 75 INFO cinder.api.openstack.wsgi [None req-85b2ad2f-53c5-45f3-92aa-e14d1d004e93 d28f806cd1be4a029c25c9736018533f 998de2ba95794b058f7096abf81b2202 - - default default] http://[LB_IP_ADDRESS]:8776/v3/998de2ba95794b058f7096abf81b2202/types/da533733-3c9e-4c97-9219-55a07e07c43d returned with HTTP 404
2026-06-08 12:36:44.766 72 INFO cinder.api.openstack.wsgi [None req-35e5070e-2b70-448d-94ba-407f587eec7d 52fd72f61e9843cf88a5c1a3795c1d1f 53f80745014c4527a7f4b9dbc0f8d377 - - default default] GET http://[LB_IP_ADDRESS]:8776/v3/53f80745014c4527a7f4b9dbc0f8d377/snapshots/b0b1ab53-2dba-4ed0-9d04-98cca3dd23ab
2026-06-08 12:36:44.774 72 INFO cinder.api.openstack.wsgi [None req-35e5070e-2b70-448d-94ba-407f587eec7d 52fd72f61e9843cf88a5c1a3795c1d1f 53f80745014c4527a7f4b9dbc0f8d377 - - default default] http://[LB_IP_ADDRESS]:8776/v3/53f80745014c4527a7f4b9dbc0f8d377/snapshots/b0b1ab53-2dba-4ed0-9d04-98cca3dd23ab returned with HTTP 404
2026-06-08 12:36:44.786 73 INFO cinder.api.openstack.wsgi [None req-b7eac1e3-530d-412a-9eae-c932b852edb6 52fd72f61e9843cf88a5c1a3795c1d1f 53f80745014c4527a7f4b9dbc0f8d377 - - default default] GET http://[LB_IP_ADDRESS]:8776/v3/53f80745014c4527a7f4b9dbc0f8d377/volumes/750f1aa6-bc58-4a84-983a-e8a019d3179c
2026-06-08 12:36:44.806 73 INFO cinder.volume.api [None req-b7eac1e3-530d-412a-9eae-c932b852edb6 52fd72f61e9843cf88a5c1a3795c1d1f 53f80745014c4527a7f4b9dbc0f8d377 - - default default] Volume info retrieved successfully.
2026-06-08 12:36:44.814 73 INFO cinder.api.openstack.wsgi [None req-b7eac1e3-530d-412a-9eae-c932b852edb6 52fd72f61e9843cf88a5c1a3795c1d1f 53f80745014c4527a7f4b9dbc0f8d377 - - default default] http://[LB_IP_ADDRESS]:8776/v3/53f80745014c4527a7f4b9dbc0f8d377/volumes/750f1aa6-bc58-4a84-983a-e8a019d3179c returned with HTTP 200
2026-06-08 12:36:44.834 76 INFO cinder.api.openstack.wsgi [None req-e4f810c5-84b1-4702-932d-d540ef705a59 52fd72f61e9843cf88a5c1a3795c1d1f 53f80745014c4527a7f4b9dbc0f8d377 - - default default] DELETE http://[LB_IP_ADDRESS]:8776/v3/53f80745014c4527a7f4b9dbc0f8d377/volumes/750f1aa6-bc58-4a84-983a-e8a019d3179c
2026-06-08 12:36:44.835 76 INFO cinder.api.v3.volumes [None req-e4f810c5-84b1-4702-932d-d540ef705a59 52fd72f61e9843cf88a5c1a3795c1d1f 53f80745014c4527a7f4b9dbc0f8d377 - - default default] Delete volume with id: 750f1aa6-bc58-4a84-983a-e8a019d3179c 
2026-06-08 12:36:44.851 76 INFO cinder.volume.api [None req-e4f810c5-84b1-4702-932d-d540ef705a59 52fd72f61e9843cf88a5c1a3795c1d1f 53f80745014c4527a7f4b9dbc0f8d377 - - default default] Volume info retrieved successfully.
2026-06-08 12:36:44.900 76 INFO cinder.volume.api [None req-e4f810c5-84b1-4702-932d-d540ef705a59 52fd72f61e9843cf88a5c1a3795c1d1f 53f80745014c4527a7f4b9dbc0f8d377 - - default default] Delete volume request issued successfully.
2026-06-08 12:36:44.902 76 INFO cinder.api.openstack.wsgi [None req-e4f810c5-84b1-4702-932d-d540ef705a59 52fd72f61e9843cf88a5c1a3795c1d1f 53f80745014c4527a7f4b9dbc0f8d377 - - default default] http://[LB_IP_ADDRESS]:8776/v3/53f80745014c4527a7f4b9dbc0f8d377/volumes/750f1aa6-bc58-4a84-983a-e8a019d3179c returned with HTTP 202
2026-06-08 12:36:44.914 74 INFO cinder.api.openstack.wsgi [None req-75258f52-ad82-4a5d-88d0-2009cf530982 52fd72f61e9843cf88a5c1a3795c1d1f 53f80745014c4527a7f4b9dbc0f8d377 - - default default] GET http://[LB_IP_ADDRESS]:8776/v3/53f80745014c4527a7f4b9dbc0f8d377/volumes/750f1aa6-bc58-4a84-983a-e8a019d3179c
2026-06-08 12:36:44.938 74 INFO cinder.volume.api [None req-75258f52-ad82-4a5d-88d0-2009cf530982 52fd72f61e9843cf88a5c1a3795c1d1f 53f80745014c4527a7f4b9dbc0f8d377 - - default default] Volume info retrieved successfully.
2026-06-08 12:36:44.947 74 INFO cinder.api.openstack.wsgi [None req-75258f52-ad82-4a5d-88d0-2009cf530982 52fd72f61e9843cf88a5c1a3795c1d1f 53f80745014c4527a7f4b9dbc0f8d377 - - default default] http://[LB_IP_ADDRESS]:8776/v3/53f80745014c4527a7f4b9dbc0f8d377/volumes/750f1aa6-bc58-4a84-983a-e8a019d3179c returned with HTTP 200
2026-06-08 12:36:45.973 75 INFO cinder.api.openstack.wsgi [None req-70bcea1b-b0d7-4cba-9471-4facb039cfd6 52fd72f61e9843cf88a5c1a3795c1d1f 53f80745014c4527a7f4b9dbc0f8d377 - - default default] GET http://[LB_IP_ADDRESS]:8776/v3/53f80745014c4527a7f4b9dbc0f8d377/volumes/750f1aa6-bc58-4a84-983a-e8a019d3179c
2026-06-08 12:36:45.985 75 INFO cinder.api.openstack.wsgi [None req-70bcea1b-b0d7-4cba-9471-4facb039cfd6 52fd72f61e9843cf88a5c1a3795c1d1f 53f80745014c4527a7f4b9dbc0f8d377 - - default default] http://[LB_IP_ADDRESS]:8776/v3/53f80745014c4527a7f4b9dbc0f8d377/volumes/750f1aa6-bc58-4a84-983a-e8a019d3179c returned with HTTP 404
2026-06-08 12:36:45.997 72 INFO cinder.api.openstack.wsgi [None req-550a020a-e4a7-4908-b0b9-716d782c7aae 15d990a7b81347d2828f9723bbf7214e 3f1add1d538147a2bd06c02cd7e42976 - - default default] PUT http://[LB_IP_ADDRESS]:8776/v3/3f1add1d538147a2bd06c02cd7e42976/os-quota-sets/53f80745014c4527a7f4b9dbc0f8d377
2026-06-08 12:36:46.206 72 INFO cinder.api.openstack.wsgi [None req-550a020a-e4a7-4908-b0b9-716d782c7aae 15d990a7b81347d2828f9723bbf7214e 3f1add1d538147a2bd06c02cd7e42976 - - default default] http://[LB_IP_ADDRESS]:8776/v3/3f1add1d538147a2bd06c02cd7e42976/os-quota-sets/53f80745014c4527a7f4b9dbc0f8d377 returned with HTTP 200
2026-06-08 12:36:47.668 73 INFO cinder.api.openstack.wsgi [None req-4d82fa4c-d3ff-40ec-9ebb-d7b5d52d2a7b - - - - - -] GET http://[LB_IP_ADDRESS]:8776/
2026-06-08 12:36:47.669 73 INFO cinder.api.openstack.wsgi [None req-4d82fa4c-d3ff-40ec-9ebb-d7b5d52d2a7b - - - - - -] http://[LB_IP_ADDRESS]:8776/ returned with HTTP 300
2026-06-08 12:36:48.049 76 INFO cinder.api.openstack.wsgi [None req-f2155cc9-604e-4cdc-b6e1-a97acab9e101 fb6734f388c242edbffddce3bbca71f5 07f1596cb2ba41df86b7fca8776461dd - - default default] GET http://[LB_IP_ADDRESS]:8776/v3/07f1596cb2ba41df86b7fca8776461dd/os-services
2026-06-08 12:36:48.058 76 INFO cinder.api.openstack.wsgi [None req-f2155cc9-604e-4cdc-b6e1-a97acab9e101 fb6734f388c242edbffddce3bbca71f5 07f1596cb2ba41df86b7fca8776461dd - - default default] http://[LB_IP_ADDRESS]:8776/v3/07f1596cb2ba41df86b7fca8776461dd/os-services returned with HTTP 200
2026-06-08 12:36:48.077 74 INFO cinder.api.openstack.wsgi [None req-ebba3bd3-733b-47f0-90d3-fd093b2255f0 fb6734f388c242edbffddce3bbca71f5 07f1596cb2ba41df86b7fca8776461dd - - default default] GET http://[LB_IP_ADDRESS]:8776/v3/07f1596cb2ba41df86b7fca8776461dd/os-services?host=rack05-server64
2026-06-08 12:36:48.086 74 INFO cinder.api.openstack.wsgi [None req-ebba3bd3-733b-47f0-90d3-fd093b2255f0 fb6734f388c242edbffddce3bbca71f5 07f1596cb2ba41df86b7fca8776461dd - - default default] http://[LB_IP_ADDRESS]:8776/v3/07f1596cb2ba41df86b7fca8776461dd/os-services?host=rack05-server64 returned with HTTP 200
2026-06-08 12:36:48.106 75 INFO cinder.api.openstack.wsgi [None req-83c1c727-0190-4cc6-8404-cbd2b8f00893 fb6734f388c242edbffddce3bbca71f5 07f1596cb2ba41df86b7fca8776461dd - - default default] GET http://[LB_IP_ADDRESS]:8776/v3/07f1596cb2ba41df86b7fca8776461dd/os-services?host=rack05-server64&binary=cinder-scheduler
2026-06-08 12:36:48.114 75 INFO cinder.api.openstack.wsgi [None req-83c1c727-0190-4cc6-8404-cbd2b8f00893 fb6734f388c242edbffddce3bbca71f5 07f1596cb2ba41df86b7fca8776461dd - - default default] http://[LB_IP_ADDRESS]:8776/v3/07f1596cb2ba41df86b7fca8776461dd/os-services?host=rack05-server64&binary=cinder-scheduler returned with HTTP 200
2026-06-08 12:36:48.133 72 INFO cinder.api.openstack.wsgi [None req-0f1cdfb6-9d39-4615-89dd-7077146426f4 fb6734f388c242edbffddce3bbca71f5 07f1596cb2ba41df86b7fca8776461dd - - default default] GET http://[LB_IP_ADDRESS]:8776/v3/07f1596cb2ba41df86b7fca8776461dd/os-services?binary=cinder-scheduler
2026-06-08 12:36:48.141 72 INFO cinder.api.openstack.wsgi [None req-0f1cdfb6-9d39-4615-89dd-7077146426f4 fb6734f388c242edbffddce3bbca71f5 07f1596cb2ba41df86b7fca8776461dd - - default default] http://[LB_IP_ADDRESS]:8776/v3/07f1596cb2ba41df86b7fca8776461dd/os-services?binary=cinder-scheduler returned with HTTP 200
2026-06-08 12:36:48.274 73 INFO cinder.api.openstack.wsgi [None req-9fbba71a-be77-4c3b-9986-6fc236b0ced1 68750d2f9f49406aa57aa53588710b61 6454dfec3a494ae2b518d582a328a434 - - default default] POST http://[LB_IP_ADDRESS]:8776/v3/6454dfec3a494ae2b518d582a328a434/volumes
2026-06-08 12:36:48.278 73 INFO cinder.api.v3.volumes [None req-9fbba71a-be77-4c3b-9986-6fc236b0ced1 68750d2f9f49406aa57aa53588710b61 6454dfec3a494ae2b518d582a328a434 - - default default] Create volume of 1 GB
2026-06-08 12:36:48.288 73 INFO cinder.volume.api [None req-9fbba71a-be77-4c3b-9986-6fc236b0ced1 68750d2f9f49406aa57aa53588710b61 6454dfec3a494ae2b518d582a328a434 - - default default] Availability Zones retrieved successfully.
2026-06-08 12:36:48.645 73 INFO cinder.volume.api [None req-9fbba71a-be77-4c3b-9986-6fc236b0ced1 68750d2f9f49406aa57aa53588710b61 6454dfec3a494ae2b518d582a328a434 - - default default] Create volume request issued successfully.
2026-06-08 12:36:48.647 73 INFO cinder.api.openstack.wsgi [None req-9fbba71a-be77-4c3b-9986-6fc236b0ced1 68750d2f9f49406aa57aa53588710b61 6454dfec3a494ae2b518d582a328a434 - - default default] http://[LB_IP_ADDRESS]:8776/v3/6454dfec3a494ae2b518d582a328a434/volumes returned with HTTP 202
2026-06-08 12:36:48.668 76 INFO cinder.api.openstack.wsgi [None req-5b203c0f-14af-48a9-acf3-c64b9cc6ee21 68750d2f9f49406aa57aa53588710b61 6454dfec3a494ae2b518d582a328a434 - - default default] GET http://[LB_IP_ADDRESS]:8776/v3/6454dfec3a494ae2b518d582a328a434/volumes/b0d59854-07bd-4cad-a836-ec28ab07ab43
2026-06-08 12:36:48.693 76 INFO cinder.volume.api [None req-5b203c0f-14af-48a9-acf3-c64b9cc6ee21 68750d2f9f49406aa57aa53588710b61 6454dfec3a494ae2b518d582a328a434 - - default default] Volume info retrieved successfully.
2026-06-08 12:36:48.703 76 INFO cinder.api.openstack.wsgi [None req-5b203c0f-14af-48a9-acf3-c64b9cc6ee21 68750d2f9f49406aa57aa53588710b61 6454dfec3a494ae2b518d582a328a434 - - default default] http://[LB_IP_ADDRESS]:8776/v3/6454dfec3a494ae2b518d582a328a434/volumes/b0d59854-07bd-4cad-a836-ec28ab07ab43 returned with HTTP 200
2026-06-08 12:36:49.725 74 INFO cinder.api.openstack.wsgi [None req-d4cf6687-32ca-43bf-8b7f-c6728e2b0b5e 68750d2f9f49406aa57aa53588710b61 6454dfec3a494ae2b518d582a328a434 - - default default] GET http://[LB_IP_ADDRESS]:8776/v3/6454dfec3a494ae2b518d582a328a434/volumes/b0d59854-07bd-4cad-a836-ec28ab07ab43
2026-06-08 12:36:49.747 74 INFO cinder.volume.api [None req-d4cf6687-32ca-43bf-8b7f-c6728e2b0b5e 68750d2f9f49406aa57aa53588710b61 6454dfec3a494ae2b518d582a328a434 - - default default] Volume info retrieved successfully.
2026-06-08 12:36:49.757 74 INFO cinder.api.openstack.wsgi [None req-d4cf6687-32ca-43bf-8b7f-c6728e2b0b5e 68750d2f9f49406aa57aa53588710b61 6454dfec3a494ae2b518d582a328a434 - - default default] http://[LB_IP_ADDRESS]:8776/v3/6454dfec3a494ae2b518d582a328a434/volumes/b0d59854-07bd-4cad-a836-ec28ab07ab43 returned with HTTP 200
2026-06-08 12:36:49.780 75 INFO cinder.api.openstack.wsgi [None req-ade0f65c-91a0-43ff-accc-b6a42e745436 fb6734f388c242edbffddce3bbca71f5 07f1596cb2ba41df86b7fca8776461dd - - default default] GET http://[LB_IP_ADDRESS]:8776/v3/07f1596cb2ba41df86b7fca8776461dd/volumes/b0d59854-07bd-4cad-a836-ec28ab07ab43
2026-06-08 12:36:49.801 75 INFO cinder.volume.api [None req-ade0f65c-91a0-43ff-accc-b6a42e745436 fb6734f388c242edbffddce3bbca71f5 07f1596cb2ba41df86b7fca8776461dd - - default default] Volume info retrieved successfully.
2026-06-08 12:36:49.811 75 INFO cinder.api.openstack.wsgi [None req-ade0f65c-91a0-43ff-accc-b6a42e745436 fb6734f388c242edbffddce3bbca71f5 07f1596cb2ba41df86b7fca8776461dd - - default default] http://[LB_IP_ADDRESS]:8776/v3/07f1596cb2ba41df86b7fca8776461dd/volumes/b0d59854-07bd-4cad-a836-ec28ab07ab43 returned with HTTP 200
2026-06-08 12:36:49.833 72 INFO cinder.api.openstack.wsgi [None req-8e0b6428-fa73-4319-bc33-b1426cfc61f4 fb6734f388c242edbffddce3bbca71f5 07f1596cb2ba41df86b7fca8776461dd - - default default] GET http://[LB_IP_ADDRESS]:8776/v3/07f1596cb2ba41df86b7fca8776461dd/os-services?host=rack04-server61&binary=cinder-volume
2026-06-08 12:36:49.841 72 INFO cinder.api.openstack.wsgi [None req-8e0b6428-fa73-4319-bc33-b1426cfc61f4 fb6734f388c242edbffddce3bbca71f5 07f1596cb2ba41df86b7fca8776461dd - - default default] http://[LB_IP_ADDRESS]:8776/v3/07f1596cb2ba41df86b7fca8776461dd/os-services?host=rack04-server61&binary=cinder-volume returned with HTTP 200
2026-06-08 12:36:49.857 73 INFO cinder.api.openstack.wsgi [None req-27c65c95-fa3c-481b-a03a-8bd6d1c9a692 68750d2f9f49406aa57aa53588710b61 6454dfec3a494ae2b518d582a328a434 - - default default] GET http://[LB_IP_ADDRESS]:8776/v3/6454dfec3a494ae2b518d582a328a434/volumes/b0d59854-07bd-4cad-a836-ec28ab07ab43
