2025-03-04 19:37:55.928 22 INFO cinder.api.openstack.wsgi [None req-2ea4cbb7-e490-4337-b03a-dbc6c4ef865e 2630b41677134a639e8c1e331a557d7d 1482ff0ffa35494c88cee5f998adc3fb - - default default] GET http://[LB_IP_ADDRESS]:8776/v3/1482ff0ffa35494c88cee5f998adc3fb/groups/a0652a15-b0d1-493d-bb6b-ac3ff7b24d3a
2025-03-04 19:37:55.952 22 INFO cinder.api.openstack.wsgi [None req-2ea4cbb7-e490-4337-b03a-dbc6c4ef865e 2630b41677134a639e8c1e331a557d7d 1482ff0ffa35494c88cee5f998adc3fb - - default default] http://[LB_IP_ADDRESS]:8776/v3/1482ff0ffa35494c88cee5f998adc3fb/groups/a0652a15-b0d1-493d-bb6b-ac3ff7b24d3a returned with HTTP 200
2025-03-04 19:37:55.968 24 INFO cinder.api.openstack.wsgi [None req-7a96b528-5276-4d0d-a0a9-f4c56beba00b 2630b41677134a639e8c1e331a557d7d 1482ff0ffa35494c88cee5f998adc3fb - - default default] GET http://[LB_IP_ADDRESS]:8776/v3/1482ff0ffa35494c88cee5f998adc3fb/groups/detail
2025-03-04 19:37:56.007 24 INFO cinder.api.openstack.wsgi [None req-7a96b528-5276-4d0d-a0a9-f4c56beba00b 2630b41677134a639e8c1e331a557d7d 1482ff0ffa35494c88cee5f998adc3fb - - default default] http://[LB_IP_ADDRESS]:8776/v3/1482ff0ffa35494c88cee5f998adc3fb/groups/detail returned with HTTP 200
2025-03-04 19:37:56.023 25 INFO cinder.api.openstack.wsgi [None req-fe9173ad-3371-42ea-b251-2be6bcd4bcbf 2630b41677134a639e8c1e331a557d7d 1482ff0ffa35494c88cee5f998adc3fb - - default default] GET http://[LB_IP_ADDRESS]:8776/v3/1482ff0ffa35494c88cee5f998adc3fb/volumes/detail
2025-03-04 19:37:56.042 25 INFO cinder.volume.api [None req-fe9173ad-3371-42ea-b251-2be6bcd4bcbf 2630b41677134a639e8c1e331a557d7d 1482ff0ffa35494c88cee5f998adc3fb - - default default] Get all volumes completed successfully.
2025-03-04 19:37:56.075 25 INFO cinder.api.openstack.wsgi [None req-fe9173ad-3371-42ea-b251-2be6bcd4bcbf 2630b41677134a639e8c1e331a557d7d 1482ff0ffa35494c88cee5f998adc3fb - - default default] http://[LB_IP_ADDRESS]:8776/v3/1482ff0ffa35494c88cee5f998adc3fb/volumes/detail returned with HTTP 200
2025-03-04 19:37:56.104 23 INFO cinder.api.openstack.wsgi [None req-f8afafb6-dd46-4764-9e70-cfec5e2c24a8 2630b41677134a639e8c1e331a557d7d 1482ff0ffa35494c88cee5f998adc3fb - - default default] GET http://[LB_IP_ADDRESS]:8776/v3/1482ff0ffa35494c88cee5f998adc3fb/volumes/detail
2025-03-04 19:37:56.125 23 INFO cinder.volume.api [None req-f8afafb6-dd46-4764-9e70-cfec5e2c24a8 2630b41677134a639e8c1e331a557d7d 1482ff0ffa35494c88cee5f998adc3fb - - default default] Get all volumes completed successfully.
2025-03-04 19:37:56.152 21 INFO cinder.api.openstack.wsgi [None req-86a1f809-f5cd-43d4-82ef-4dbc8261b4bd e77f55e510014ed382d32090a11ef481 605c0f09d2f04096b61372a1f9ca0cf6 - - default default] GET http://[LB_IP_ADDRESS]:8776/v3/605c0f09d2f04096b61372a1f9ca0cf6/groups/ebdd3d3e-71a6-430a-81a1-e377775c33e5
2025-03-04 19:37:56.156 23 INFO cinder.api.openstack.wsgi [None req-f8afafb6-dd46-4764-9e70-cfec5e2c24a8 2630b41677134a639e8c1e331a557d7d 1482ff0ffa35494c88cee5f998adc3fb - - default default] http://[LB_IP_ADDRESS]:8776/v3/1482ff0ffa35494c88cee5f998adc3fb/volumes/detail returned with HTTP 200
2025-03-04 19:37:56.176 21 INFO cinder.api.openstack.wsgi [None req-86a1f809-f5cd-43d4-82ef-4dbc8261b4bd e77f55e510014ed382d32090a11ef481 605c0f09d2f04096b61372a1f9ca0cf6 - - default default] http://[LB_IP_ADDRESS]:8776/v3/605c0f09d2f04096b61372a1f9ca0cf6/groups/ebdd3d3e-71a6-430a-81a1-e377775c33e5 returned with HTTP 200
2025-03-04 19:37:56.185 22 INFO cinder.api.openstack.wsgi [None req-20b9c0dc-3bde-4d2f-88b5-1cf8179c998b 2630b41677134a639e8c1e331a557d7d 1482ff0ffa35494c88cee5f998adc3fb - - default default] POST http://[LB_IP_ADDRESS]:8776/v3/1482ff0ffa35494c88cee5f998adc3fb/groups/671d4a98-7cb7-4f2c-b1c0-59af83d3da4d/action
2025-03-04 19:37:56.189 22 INFO cinder.api.v3.groups [None req-20b9c0dc-3bde-4d2f-88b5-1cf8179c998b 2630b41677134a639e8c1e331a557d7d 1482ff0ffa35494c88cee5f998adc3fb - - default default] Delete group with id: 671d4a98-7cb7-4f2c-b1c0-59af83d3da4d
2025-03-04 19:37:56.193 24 INFO cinder.api.openstack.wsgi [None req-29d83de9-e499-4031-ad14-fc93207a83a2 e77f55e510014ed382d32090a11ef481 605c0f09d2f04096b61372a1f9ca0cf6 - - default default] GET http://[LB_IP_ADDRESS]:8776/v3/605c0f09d2f04096b61372a1f9ca0cf6/volumes/detail
2025-03-04 19:37:56.214 24 INFO cinder.volume.api [None req-29d83de9-e499-4031-ad14-fc93207a83a2 e77f55e510014ed382d32090a11ef481 605c0f09d2f04096b61372a1f9ca0cf6 - - default default] Get all volumes completed successfully.
2025-03-04 19:37:56.263 24 INFO cinder.api.openstack.wsgi [None req-29d83de9-e499-4031-ad14-fc93207a83a2 e77f55e510014ed382d32090a11ef481 605c0f09d2f04096b61372a1f9ca0cf6 - - default default] http://[LB_IP_ADDRESS]:8776/v3/605c0f09d2f04096b61372a1f9ca0cf6/volumes/detail returned with HTTP 200
2025-03-04 19:37:56.267 22 INFO cinder.api.openstack.wsgi [None req-20b9c0dc-3bde-4d2f-88b5-1cf8179c998b 2630b41677134a639e8c1e331a557d7d 1482ff0ffa35494c88cee5f998adc3fb - - default default] http://[LB_IP_ADDRESS]:8776/v3/1482ff0ffa35494c88cee5f998adc3fb/groups/671d4a98-7cb7-4f2c-b1c0-59af83d3da4d/action returned with HTTP 202
2025-03-04 19:37:56.279 25 INFO cinder.api.openstack.wsgi [None req-158a55b7-24a1-47f6-8eb7-878e03234c06 2630b41677134a639e8c1e331a557d7d 1482ff0ffa35494c88cee5f998adc3fb - - default default] GET http://[LB_IP_ADDRESS]:8776/v3/1482ff0ffa35494c88cee5f998adc3fb/volumes/a58b2757-e6e0-49f0-bb9d-5afcc0d60fcc
2025-03-04 19:37:56.294 23 INFO cinder.api.openstack.wsgi [None req-dc1d09e4-04cc-4e81-83a2-56f97b56595e e77f55e510014ed382d32090a11ef481 605c0f09d2f04096b61372a1f9ca0cf6 - - default default] POST http://[LB_IP_ADDRESS]:8776/v3/605c0f09d2f04096b61372a1f9ca0cf6/group_snapshots
2025-03-04 19:37:56.306 25 INFO cinder.volume.api [None req-158a55b7-24a1-47f6-8eb7-878e03234c06 2630b41677134a639e8c1e331a557d7d 1482ff0ffa35494c88cee5f998adc3fb - - default default] Volume info retrieved successfully.
2025-03-04 19:37:56.313 23 INFO cinder.api.v3.group_snapshots [None req-dc1d09e4-04cc-4e81-83a2-56f97b56595e e77f55e510014ed382d32090a11ef481 605c0f09d2f04096b61372a1f9ca0cf6 - - default default] Creating group_snapshot tempest-GroupSnapshotsTest-Group_Snapshot-1045595187.
2025-03-04 19:37:56.336 25 INFO cinder.api.openstack.wsgi [None req-158a55b7-24a1-47f6-8eb7-878e03234c06 2630b41677134a639e8c1e331a557d7d 1482ff0ffa35494c88cee5f998adc3fb - - default default] http://[LB_IP_ADDRESS]:8776/v3/1482ff0ffa35494c88cee5f998adc3fb/volumes/a58b2757-e6e0-49f0-bb9d-5afcc0d60fcc returned with HTTP 200
2025-03-04 19:37:56.445 23 WARNING cinder.quota [None req-dc1d09e4-04cc-4e81-83a2-56f97b56595e e77f55e510014ed382d32090a11ef481 605c0f09d2f04096b61372a1f9ca0cf6 - - default default] Deprecated: Default quota for resource: gigabytes_tempest-GroupSnapshotsTest-volume-type-2107005897 is set by the default quota flag: quota_gigabytes_tempest-GroupSnapshotsTest-volume-type-2107005897, it is now deprecated. Please use the default quota class for default quota.
2025-03-04 19:37:56.445 23 WARNING cinder.quota [None req-dc1d09e4-04cc-4e81-83a2-56f97b56595e e77f55e510014ed382d32090a11ef481 605c0f09d2f04096b61372a1f9ca0cf6 - - default default] Deprecated: Default quota for resource: snapshots_tempest-GroupSnapshotsTest-volume-type-2107005897 is set by the default quota flag: quota_snapshots_tempest-GroupSnapshotsTest-volume-type-2107005897, it is now deprecated. Please use the default quota class for default quota.
2025-03-04 19:37:56.524 23 INFO cinder.api.openstack.wsgi [None req-dc1d09e4-04cc-4e81-83a2-56f97b56595e e77f55e510014ed382d32090a11ef481 605c0f09d2f04096b61372a1f9ca0cf6 - - default default] http://[LB_IP_ADDRESS]:8776/v3/605c0f09d2f04096b61372a1f9ca0cf6/group_snapshots returned with HTTP 202
2025-03-04 19:37:56.537 21 INFO cinder.api.openstack.wsgi [None req-cdb9c5a0-fd6e-4b0f-9e3c-fe956ab7672e e77f55e510014ed382d32090a11ef481 605c0f09d2f04096b61372a1f9ca0cf6 - - default default] GET http://[LB_IP_ADDRESS]:8776/v3/605c0f09d2f04096b61372a1f9ca0cf6/group_snapshots/2025334c-8a05-43bb-b23e-9327313b94ae
2025-03-04 19:37:56.552 21 INFO cinder.api.openstack.wsgi [None req-cdb9c5a0-fd6e-4b0f-9e3c-fe956ab7672e e77f55e510014ed382d32090a11ef481 605c0f09d2f04096b61372a1f9ca0cf6 - - default default] http://[LB_IP_ADDRESS]:8776/v3/605c0f09d2f04096b61372a1f9ca0cf6/group_snapshots/2025334c-8a05-43bb-b23e-9327313b94ae returned with HTTP 200
2025-03-04 19:37:57.364 24 INFO cinder.api.openstack.wsgi [None req-8de012e8-9b61-4bef-a444-624d7414e57d 2630b41677134a639e8c1e331a557d7d 1482ff0ffa35494c88cee5f998adc3fb - - default default] GET http://[LB_IP_ADDRESS]:8776/v3/1482ff0ffa35494c88cee5f998adc3fb/volumes/a58b2757-e6e0-49f0-bb9d-5afcc0d60fcc
2025-03-04 19:37:57.378 24 INFO cinder.api.openstack.wsgi [None req-8de012e8-9b61-4bef-a444-624d7414e57d 2630b41677134a639e8c1e331a557d7d 1482ff0ffa35494c88cee5f998adc3fb - - default default] http://[LB_IP_ADDRESS]:8776/v3/1482ff0ffa35494c88cee5f998adc3fb/volumes/a58b2757-e6e0-49f0-bb9d-5afcc0d60fcc returned with HTTP 404
2025-03-04 19:37:57.391 22 INFO cinder.api.openstack.wsgi [None req-30678f7b-d8bd-4b65-87d1-a00fb6dad43c 2630b41677134a639e8c1e331a557d7d 1482ff0ffa35494c88cee5f998adc3fb - - default default] GET http://[LB_IP_ADDRESS]:8776/v3/1482ff0ffa35494c88cee5f998adc3fb/groups/671d4a98-7cb7-4f2c-b1c0-59af83d3da4d
2025-03-04 19:37:57.397 22 INFO cinder.api.openstack.wsgi [None req-30678f7b-d8bd-4b65-87d1-a00fb6dad43c 2630b41677134a639e8c1e331a557d7d 1482ff0ffa35494c88cee5f998adc3fb - - default default] http://[LB_IP_ADDRESS]:8776/v3/1482ff0ffa35494c88cee5f998adc3fb/groups/671d4a98-7cb7-4f2c-b1c0-59af83d3da4d returned with HTTP 404
2025-03-04 19:37:57.410 25 INFO cinder.api.openstack.wsgi [None req-bfae7f72-16be-4974-ac1a-36c37454802f 2630b41677134a639e8c1e331a557d7d 1482ff0ffa35494c88cee5f998adc3fb - - default default] POST http://[LB_IP_ADDRESS]:8776/v3/1482ff0ffa35494c88cee5f998adc3fb/groups/a0652a15-b0d1-493d-bb6b-ac3ff7b24d3a/action
2025-03-04 19:37:57.414 25 INFO cinder.api.v3.groups [None req-bfae7f72-16be-4974-ac1a-36c37454802f 2630b41677134a639e8c1e331a557d7d 1482ff0ffa35494c88cee5f998adc3fb - - default default] Delete group with id: a0652a15-b0d1-493d-bb6b-ac3ff7b24d3a
2025-03-04 19:37:57.467 25 INFO cinder.api.openstack.wsgi [None req-bfae7f72-16be-4974-ac1a-36c37454802f 2630b41677134a639e8c1e331a557d7d 1482ff0ffa35494c88cee5f998adc3fb - - default default] http://[LB_IP_ADDRESS]:8776/v3/1482ff0ffa35494c88cee5f998adc3fb/groups/a0652a15-b0d1-493d-bb6b-ac3ff7b24d3a/action returned with HTTP 202
2025-03-04 19:37:57.480 23 INFO cinder.api.openstack.wsgi [None req-39c61b10-4a02-4340-82b5-74925c0e6e88 2630b41677134a639e8c1e331a557d7d 1482ff0ffa35494c88cee5f998adc3fb - - default default] GET http://[LB_IP_ADDRESS]:8776/v3/1482ff0ffa35494c88cee5f998adc3fb/groups/a0652a15-b0d1-493d-bb6b-ac3ff7b24d3a
2025-03-04 19:37:57.504 23 INFO cinder.api.openstack.wsgi [None req-39c61b10-4a02-4340-82b5-74925c0e6e88 2630b41677134a639e8c1e331a557d7d 1482ff0ffa35494c88cee5f998adc3fb - - default default] http://[LB_IP_ADDRESS]:8776/v3/1482ff0ffa35494c88cee5f998adc3fb/groups/a0652a15-b0d1-493d-bb6b-ac3ff7b24d3a returned with HTTP 200
2025-03-04 19:37:57.567 21 INFO cinder.api.openstack.wsgi [None req-b8bc0bfc-d784-4e9d-8f77-96551adef284 e77f55e510014ed382d32090a11ef481 605c0f09d2f04096b61372a1f9ca0cf6 - - default default] GET http://[LB_IP_ADDRESS]:8776/v3/605c0f09d2f04096b61372a1f9ca0cf6/group_snapshots/2025334c-8a05-43bb-b23e-9327313b94ae
2025-03-04 19:37:57.582 21 INFO cinder.api.openstack.wsgi [None req-b8bc0bfc-d784-4e9d-8f77-96551adef284 e77f55e510014ed382d32090a11ef481 605c0f09d2f04096b61372a1f9ca0cf6 - - default default] http://[LB_IP_ADDRESS]:8776/v3/605c0f09d2f04096b61372a1f9ca0cf6/group_snapshots/2025334c-8a05-43bb-b23e-9327313b94ae returned with HTTP 200
2025-03-04 19:37:57.978 24 INFO cinder.api.openstack.wsgi [None req-fa87867a-15f2-4c60-b323-2789817e5652 72e3714eead447f08962edd916b3a600 b52b1c28ef1c4d1cb3d1a07739119fc6 - - default default] POST http://[LB_IP_ADDRESS]:8776/v3/b52b1c28ef1c4d1cb3d1a07739119fc6/types
2025-03-04 19:37:58.010 24 INFO cinder.api.openstack.wsgi [None req-fa87867a-15f2-4c60-b323-2789817e5652 72e3714eead447f08962edd916b3a600 b52b1c28ef1c4d1cb3d1a07739119fc6 - - default default] http://[LB_IP_ADDRESS]:8776/v3/b52b1c28ef1c4d1cb3d1a07739119fc6/types returned with HTTP 200
2025-03-04 19:37:58.025 22 INFO cinder.api.openstack.wsgi [None req-57878ecd-5004-40ee-81e0-fca8be9eedfc 72e3714eead447f08962edd916b3a600 b52b1c28ef1c4d1cb3d1a07739119fc6 - - default default] POST http://[LB_IP_ADDRESS]:8776/v3/b52b1c28ef1c4d1cb3d1a07739119fc6/group_types
2025-03-04 19:37:58.052 22 INFO cinder.api.openstack.wsgi [None req-57878ecd-5004-40ee-81e0-fca8be9eedfc 72e3714eead447f08962edd916b3a600 b52b1c28ef1c4d1cb3d1a07739119fc6 - - default default] http://[LB_IP_ADDRESS]:8776/v3/b52b1c28ef1c4d1cb3d1a07739119fc6/group_types returned with HTTP 202
2025-03-04 19:37:58.251 25 INFO cinder.api.openstack.wsgi [None req-9327482d-1333-4d82-8c32-b24985810690 27f7fe6d6c3644c6878e634245513eb4 670a860b342a431380f62c51209ea72e - - default default] POST http://[LB_IP_ADDRESS]:8776/v3/670a860b342a431380f62c51209ea72e/groups
2025-03-04 19:37:58.265 25 INFO cinder.api.v3.groups [None req-9327482d-1333-4d82-8c32-b24985810690 27f7fe6d6c3644c6878e634245513eb4 670a860b342a431380f62c51209ea72e - - default default] Creating group tempest-GroupsV314Test-Group-1550098776.
2025-03-04 19:37:58.283 25 INFO cinder.volume.api [None req-9327482d-1333-4d82-8c32-b24985810690 27f7fe6d6c3644c6878e634245513eb4 670a860b342a431380f62c51209ea72e - - default default] Availability Zones retrieved successfully.
2025-03-04 19:37:58.416 25 INFO cinder.api.openstack.wsgi [None req-9327482d-1333-4d82-8c32-b24985810690 27f7fe6d6c3644c6878e634245513eb4 670a860b342a431380f62c51209ea72e - - default default] http://[LB_IP_ADDRESS]:8776/v3/670a860b342a431380f62c51209ea72e/groups returned with HTTP 202
2025-03-04 19:37:58.429 23 INFO cinder.api.openstack.wsgi [None req-8328208f-c908-4be7-95c4-a88d18140295 27f7fe6d6c3644c6878e634245513eb4 670a860b342a431380f62c51209ea72e - - default default] GET http://[LB_IP_ADDRESS]:8776/v3/670a860b342a431380f62c51209ea72e/groups/c3b8ffa6-73ca-45aa-b77c-8045f6a493cb
2025-03-04 19:37:58.455 23 INFO cinder.api.openstack.wsgi [None req-8328208f-c908-4be7-95c4-a88d18140295 27f7fe6d6c3644c6878e634245513eb4 670a860b342a431380f62c51209ea72e - - default default] http://[LB_IP_ADDRESS]:8776/v3/670a860b342a431380f62c51209ea72e/groups/c3b8ffa6-73ca-45aa-b77c-8045f6a493cb returned with HTTP 200
2025-03-04 19:37:58.522 21 INFO cinder.api.openstack.wsgi [None req-1928e67d-6803-4f5d-9a38-cdbb972818b6 2630b41677134a639e8c1e331a557d7d 1482ff0ffa35494c88cee5f998adc3fb - - default default] GET http://[LB_IP_ADDRESS]:8776/v3/1482ff0ffa35494c88cee5f998adc3fb/groups/a0652a15-b0d1-493d-bb6b-ac3ff7b24d3a
2025-03-04 19:37:58.528 21 INFO cinder.api.openstack.wsgi [None req-1928e67d-6803-4f5d-9a38-cdbb972818b6 2630b41677134a639e8c1e331a557d7d 1482ff0ffa35494c88cee5f998adc3fb - - default default] http://[LB_IP_ADDRESS]:8776/v3/1482ff0ffa35494c88cee5f998adc3fb/groups/a0652a15-b0d1-493d-bb6b-ac3ff7b24d3a returned with HTTP 404
2025-03-04 19:37:58.540 24 INFO cinder.api.openstack.wsgi [None req-98695008-9977-4905-a69d-e33d634352f3 2630b41677134a639e8c1e331a557d7d 1482ff0ffa35494c88cee5f998adc3fb - - default default] GET http://[LB_IP_ADDRESS]:8776/v3/1482ff0ffa35494c88cee5f998adc3fb/groups/detail
2025-03-04 19:37:58.549 24 INFO cinder.api.openstack.wsgi [None req-98695008-9977-4905-a69d-e33d634352f3 2630b41677134a639e8c1e331a557d7d 1482ff0ffa35494c88cee5f998adc3fb - - default default] http://[LB_IP_ADDRESS]:8776/v3/1482ff0ffa35494c88cee5f998adc3fb/groups/detail returned with HTTP 200
2025-03-04 19:37:58.565 22 INFO cinder.api.openstack.wsgi [None req-cc3a2c67-1927-40da-a742-6c2b1f6fa576 2630b41677134a639e8c1e331a557d7d 1482ff0ffa35494c88cee5f998adc3fb - - default default] GET http://[LB_IP_ADDRESS]:8776/v3/1482ff0ffa35494c88cee5f998adc3fb/volumes/detail
2025-03-04 19:37:58.583 22 INFO cinder.volume.api [None req-cc3a2c67-1927-40da-a742-6c2b1f6fa576 2630b41677134a639e8c1e331a557d7d 1482ff0ffa35494c88cee5f998adc3fb - - default default] Get all volumes completed successfully.
2025-03-04 19:37:58.588 22 INFO cinder.api.openstack.wsgi [None req-cc3a2c67-1927-40da-a742-6c2b1f6fa576 2630b41677134a639e8c1e331a557d7d 1482ff0ffa35494c88cee5f998adc3fb - - default default] http://[LB_IP_ADDRESS]:8776/v3/1482ff0ffa35494c88cee5f998adc3fb/volumes/detail returned with HTTP 200
2025-03-04 19:37:58.599 25 INFO cinder.api.openstack.wsgi [None req-ae323cb3-c44c-4894-8348-13c6eaf57ce3 e77f55e510014ed382d32090a11ef481 605c0f09d2f04096b61372a1f9ca0cf6 - - default default] GET http://[LB_IP_ADDRESS]:8776/v3/605c0f09d2f04096b61372a1f9ca0cf6/group_snapshots/2025334c-8a05-43bb-b23e-9327313b94ae
2025-03-04 19:37:58.615 25 INFO cinder.api.openstack.wsgi [None req-ae323cb3-c44c-4894-8348-13c6eaf57ce3 e77f55e510014ed382d32090a11ef481 605c0f09d2f04096b61372a1f9ca0cf6 - - default default] http://[LB_IP_ADDRESS]:8776/v3/605c0f09d2f04096b61372a1f9ca0cf6/group_snapshots/2025334c-8a05-43bb-b23e-9327313b94ae returned with HTTP 200
2025-03-04 19:37:58.615 23 INFO cinder.api.openstack.wsgi [None req-9c2cce10-e5ba-4a5a-9f6b-a2c1cee1c8e5 2630b41677134a639e8c1e331a557d7d 1482ff0ffa35494c88cee5f998adc3fb - - default default] POST http://[LB_IP_ADDRESS]:8776/v3/1482ff0ffa35494c88cee5f998adc3fb/groups/a0652a15-b0d1-493d-bb6b-ac3ff7b24d3a/action
2025-03-04 19:37:58.619 23 INFO cinder.api.v3.groups [None req-9c2cce10-e5ba-4a5a-9f6b-a2c1cee1c8e5 2630b41677134a639e8c1e331a557d7d 1482ff0ffa35494c88cee5f998adc3fb - - default default] Delete group with id: a0652a15-b0d1-493d-bb6b-ac3ff7b24d3a
2025-03-04 19:37:58.625 23 INFO cinder.api.openstack.wsgi [None req-9c2cce10-e5ba-4a5a-9f6b-a2c1cee1c8e5 2630b41677134a639e8c1e331a557d7d 1482ff0ffa35494c88cee5f998adc3fb - - default default] http://[LB_IP_ADDRESS]:8776/v3/1482ff0ffa35494c88cee5f998adc3fb/groups/a0652a15-b0d1-493d-bb6b-ac3ff7b24d3a/action returned with HTTP 404
2025-03-04 19:37:58.637 21 INFO cinder.api.openstack.wsgi [None req-9b325e60-d83d-47f7-807e-8b1003fc922a 2630b41677134a639e8c1e331a557d7d 1482ff0ffa35494c88cee5f998adc3fb - - default default] GET http://[LB_IP_ADDRESS]:8776/v3/1482ff0ffa35494c88cee5f998adc3fb/volumes/detail
2025-03-04 19:37:58.654 21 INFO cinder.volume.api [None req-9b325e60-d83d-47f7-807e-8b1003fc922a 2630b41677134a639e8c1e331a557d7d 1482ff0ffa35494c88cee5f998adc3fb - - default default] Get all volumes completed successfully.
2025-03-04 19:37:58.659 21 INFO cinder.api.openstack.wsgi [None req-9b325e60-d83d-47f7-807e-8b1003fc922a 2630b41677134a639e8c1e331a557d7d 1482ff0ffa35494c88cee5f998adc3fb - - default default] http://[LB_IP_ADDRESS]:8776/v3/1482ff0ffa35494c88cee5f998adc3fb/volumes/detail returned with HTTP 200
2025-03-04 19:37:58.686 24 INFO cinder.api.openstack.wsgi [None req-8d678a58-7ad9-4dc7-bbef-471a23e1352c 2630b41677134a639e8c1e331a557d7d 1482ff0ffa35494c88cee5f998adc3fb - - default default] POST http://[LB_IP_ADDRESS]:8776/v3/1482ff0ffa35494c88cee5f998adc3fb/groups/671d4a98-7cb7-4f2c-b1c0-59af83d3da4d/action
2025-03-04 19:37:58.690 24 INFO cinder.api.v3.groups [None req-8d678a58-7ad9-4dc7-bbef-471a23e1352c 2630b41677134a639e8c1e331a557d7d 1482ff0ffa35494c88cee5f998adc3fb - - default default] Delete group with id: 671d4a98-7cb7-4f2c-b1c0-59af83d3da4d
2025-03-04 19:37:58.696 24 INFO cinder.api.openstack.wsgi [None req-8d678a58-7ad9-4dc7-bbef-471a23e1352c 2630b41677134a639e8c1e331a557d7d 1482ff0ffa35494c88cee5f998adc3fb - - default default] http://[LB_IP_ADDRESS]:8776/v3/1482ff0ffa35494c88cee5f998adc3fb/groups/671d4a98-7cb7-4f2c-b1c0-59af83d3da4d/action returned with HTTP 404
2025-03-04 19:37:58.708 22 INFO cinder.api.openstack.wsgi [None req-03b9aa23-6acb-4e2f-bbbf-c01ad44ced04 af4b13bea24344e09c16b8ccb6316822 5b9363b24a664f78b6394505090288d5 - - default default] DELETE http://[LB_IP_ADDRESS]:8776/v3/5b9363b24a664f78b6394505090288d5/group_types/148455a1-8b2a-43df-82c5-37bf1f886e30
2025-03-04 19:37:58.730 22 INFO cinder.api.openstack.wsgi [None req-03b9aa23-6acb-4e2f-bbbf-c01ad44ced04 af4b13bea24344e09c16b8ccb6316822 5b9363b24a664f78b6394505090288d5 - - default default] http://[LB_IP_ADDRESS]:8776/v3/5b9363b24a664f78b6394505090288d5/group_types/148455a1-8b2a-43df-82c5-37bf1f886e30 returned with HTTP 202
2025-03-04 19:37:58.741 25 INFO cinder.api.openstack.wsgi [None req-3ca68b9b-cfab-4a56-9529-33f37df4a07d af4b13bea24344e09c16b8ccb6316822 5b9363b24a664f78b6394505090288d5 - - default default] DELETE http://[LB_IP_ADDRESS]:8776/v3/5b9363b24a664f78b6394505090288d5/types/e87a565d-6783-4735-a7c6-c1f8545cf2e2
2025-03-04 19:37:58.799 25 INFO cinder.api.openstack.wsgi [None req-3ca68b9b-cfab-4a56-9529-33f37df4a07d af4b13bea24344e09c16b8ccb6316822 5b9363b24a664f78b6394505090288d5 - - default default] http://[LB_IP_ADDRESS]:8776/v3/5b9363b24a664f78b6394505090288d5/types/e87a565d-6783-4735-a7c6-c1f8545cf2e2 returned with HTTP 202
2025-03-04 19:37:58.811 23 INFO cinder.api.openstack.wsgi [None req-3d90e7e5-19ed-41ee-8935-6ab0eccca033 af4b13bea24344e09c16b8ccb6316822 5b9363b24a664f78b6394505090288d5 - - default default] GET http://[LB_IP_ADDRESS]:8776/v3/5b9363b24a664f78b6394505090288d5/types/e87a565d-6783-4735-a7c6-c1f8545cf2e2
2025-03-04 19:37:58.819 23 INFO cinder.api.openstack.wsgi [None req-3d90e7e5-19ed-41ee-8935-6ab0eccca033 af4b13bea24344e09c16b8ccb6316822 5b9363b24a664f78b6394505090288d5 - - default default] http://[LB_IP_ADDRESS]:8776/v3/5b9363b24a664f78b6394505090288d5/types/e87a565d-6783-4735-a7c6-c1f8545cf2e2 returned with HTTP 404
2025-03-04 19:37:58.832 21 INFO cinder.api.openstack.wsgi [None req-6f12e7b5-8e5f-497e-9300-15c41621bec9 af4b13bea24344e09c16b8ccb6316822 5b9363b24a664f78b6394505090288d5 - - default default] POST http://[LB_IP_ADDRESS]:8776/v3/5b9363b24a664f78b6394505090288d5/types
2025-03-04 19:37:58.866 21 INFO cinder.api.openstack.wsgi [None req-6f12e7b5-8e5f-497e-9300-15c41621bec9 af4b13bea24344e09c16b8ccb6316822 5b9363b24a664f78b6394505090288d5 - - default default] http://[LB_IP_ADDRESS]:8776/v3/5b9363b24a664f78b6394505090288d5/types returned with HTTP 200
2025-03-04 19:37:58.881 24 INFO cinder.api.openstack.wsgi [None req-fad7a4e9-3c92-4a3f-b541-8f0b654c7a5f af4b13bea24344e09c16b8ccb6316822 5b9363b24a664f78b6394505090288d5 - - default default] POST http://[LB_IP_ADDRESS]:8776/v3/5b9363b24a664f78b6394505090288d5/group_types
2025-03-04 19:37:58.909 24 INFO cinder.api.openstack.wsgi [None req-fad7a4e9-3c92-4a3f-b541-8f0b654c7a5f af4b13bea24344e09c16b8ccb6316822 5b9363b24a664f78b6394505090288d5 - - default default] http://[LB_IP_ADDRESS]:8776/v3/5b9363b24a664f78b6394505090288d5/group_types returned with HTTP 202
2025-03-04 19:37:58.923 22 INFO cinder.api.openstack.wsgi [None req-0d563932-f1e2-4098-aaf0-c46ad854b030 2630b41677134a639e8c1e331a557d7d 1482ff0ffa35494c88cee5f998adc3fb - - default default] POST http://[LB_IP_ADDRESS]:8776/v3/1482ff0ffa35494c88cee5f998adc3fb/groups
2025-03-04 19:37:58.937 22 INFO cinder.api.v3.groups [None req-0d563932-f1e2-4098-aaf0-c46ad854b030 2630b41677134a639e8c1e331a557d7d 1482ff0ffa35494c88cee5f998adc3fb - - default default] Creating group tempest-GroupsTest-Group-447424617.
2025-03-04 19:37:58.948 22 INFO cinder.volume.api [None req-0d563932-f1e2-4098-aaf0-c46ad854b030 2630b41677134a639e8c1e331a557d7d 1482ff0ffa35494c88cee5f998adc3fb - - default default] Availability Zones retrieved successfully.
2025-03-04 19:37:59.065 22 INFO cinder.api.openstack.wsgi [None req-0d563932-f1e2-4098-aaf0-c46ad854b030 2630b41677134a639e8c1e331a557d7d 1482ff0ffa35494c88cee5f998adc3fb - - default default] http://[LB_IP_ADDRESS]:8776/v3/1482ff0ffa35494c88cee5f998adc3fb/groups returned with HTTP 202
2025-03-04 19:37:59.079 25 INFO cinder.api.openstack.wsgi [None req-ee9e2c4b-9953-488e-94c3-78dafa202d3b 2630b41677134a639e8c1e331a557d7d 1482ff0ffa35494c88cee5f998adc3fb - - default default] GET http://[LB_IP_ADDRESS]:8776/v3/1482ff0ffa35494c88cee5f998adc3fb/groups/b5de7bef-60a2-4cb9-bbb0-28c7b0c8526b
2025-03-04 19:37:59.103 25 INFO cinder.api.openstack.wsgi [None req-ee9e2c4b-9953-488e-94c3-78dafa202d3b 2630b41677134a639e8c1e331a557d7d 1482ff0ffa35494c88cee5f998adc3fb - - default default] http://[LB_IP_ADDRESS]:8776/v3/1482ff0ffa35494c88cee5f998adc3fb/groups/b5de7bef-60a2-4cb9-bbb0-28c7b0c8526b returned with HTTP 200
2025-03-04 19:37:59.473 23 INFO cinder.api.openstack.wsgi [None req-625e6e21-7ed2-485b-86f5-9b076b898361 27f7fe6d6c3644c6878e634245513eb4 670a860b342a431380f62c51209ea72e - - default default] GET http://[LB_IP_ADDRESS]:8776/v3/670a860b342a431380f62c51209ea72e/groups/c3b8ffa6-73ca-45aa-b77c-8045f6a493cb
2025-03-04 19:37:59.498 23 INFO cinder.api.openstack.wsgi [None req-625e6e21-7ed2-485b-86f5-9b076b898361 27f7fe6d6c3644c6878e634245513eb4 670a860b342a431380f62c51209ea72e - - default default] http://[LB_IP_ADDRESS]:8776/v3/670a860b342a431380f62c51209ea72e/groups/c3b8ffa6-73ca-45aa-b77c-8045f6a493cb returned with HTTP 200
2025-03-04 19:37:59.515 21 INFO cinder.api.openstack.wsgi [None req-a0b95d23-9976-4cb3-90ab-fa7ae3cac41d 27f7fe6d6c3644c6878e634245513eb4 670a860b342a431380f62c51209ea72e - - default default] POST http://[LB_IP_ADDRESS]:8776/v3/670a860b342a431380f62c51209ea72e/volumes
2025-03-04 19:37:59.533 21 INFO cinder.api.v3.volumes [None req-a0b95d23-9976-4cb3-90ab-fa7ae3cac41d 27f7fe6d6c3644c6878e634245513eb4 670a860b342a431380f62c51209ea72e - - default default] Create volume of 1 GB
2025-03-04 19:37:59.542 21 INFO cinder.volume.api [None req-a0b95d23-9976-4cb3-90ab-fa7ae3cac41d 27f7fe6d6c3644c6878e634245513eb4 670a860b342a431380f62c51209ea72e - - default default] Availability Zones retrieved successfully.
2025-03-04 19:37:59.631 24 INFO cinder.api.openstack.wsgi [None req-dce3e6fc-8e43-41e4-80dd-162ac4df6a16 e77f55e510014ed382d32090a11ef481 605c0f09d2f04096b61372a1f9ca0cf6 - - default default] GET http://[LB_IP_ADDRESS]:8776/v3/605c0f09d2f04096b61372a1f9ca0cf6/group_snapshots/2025334c-8a05-43bb-b23e-9327313b94ae
2025-03-04 19:37:59.647 24 INFO cinder.api.openstack.wsgi [None req-dce3e6fc-8e43-41e4-80dd-162ac4df6a16 e77f55e510014ed382d32090a11ef481 605c0f09d2f04096b61372a1f9ca0cf6 - - default default] http://[LB_IP_ADDRESS]:8776/v3/605c0f09d2f04096b61372a1f9ca0cf6/group_snapshots/2025334c-8a05-43bb-b23e-9327313b94ae returned with HTTP 200
2025-03-04 19:37:59.663 22 INFO cinder.api.openstack.wsgi [None req-d4007446-0504-4640-9503-7165e4070ca1 e77f55e510014ed382d32090a11ef481 605c0f09d2f04096b61372a1f9ca0cf6 - - default default] GET http://[LB_IP_ADDRESS]:8776/v3/605c0f09d2f04096b61372a1f9ca0cf6/snapshots/detail
2025-03-04 19:37:59.674 22 INFO cinder.volume.api [None req-d4007446-0504-4640-9503-7165e4070ca1 e77f55e510014ed382d32090a11ef481 605c0f09d2f04096b61372a1f9ca0cf6 - - default default] Get all snapshots completed successfully.
2025-03-04 19:37:59.676 22 INFO cinder.api.openstack.wsgi [None req-d4007446-0504-4640-9503-7165e4070ca1 e77f55e510014ed382d32090a11ef481 605c0f09d2f04096b61372a1f9ca0cf6 - - default default] http://[LB_IP_ADDRESS]:8776/v3/605c0f09d2f04096b61372a1f9ca0cf6/snapshots/detail returned with HTTP 200
2025-03-04 19:37:59.694 25 INFO cinder.api.openstack.wsgi [None req-6ce8b206-173b-4da9-b429-f53f9589f93c e77f55e510014ed382d32090a11ef481 605c0f09d2f04096b61372a1f9ca0cf6 - - default default] GET http://[LB_IP_ADDRESS]:8776/v3/605c0f09d2f04096b61372a1f9ca0cf6/snapshots/ad08a07e-8c0a-4996-8bce-b48fe8485b85
2025-03-04 19:37:59.708 25 INFO cinder.volume.api [None req-6ce8b206-173b-4da9-b429-f53f9589f93c e77f55e510014ed382d32090a11ef481 605c0f09d2f04096b61372a1f9ca0cf6 - - default default] Snapshot retrieved successfully.
2025-03-04 19:37:59.710 25 INFO cinder.api.openstack.wsgi [None req-6ce8b206-173b-4da9-b429-f53f9589f93c e77f55e510014ed382d32090a11ef481 605c0f09d2f04096b61372a1f9ca0cf6 - - default default] http://[LB_IP_ADDRESS]:8776/v3/605c0f09d2f04096b61372a1f9ca0cf6/snapshots/ad08a07e-8c0a-4996-8bce-b48fe8485b85 returned with HTTP 200
2025-03-04 19:37:59.726 23 INFO cinder.api.openstack.wsgi [None req-6aebbe11-fcf1-4bb6-a569-6b7dbab2aa95 e77f55e510014ed382d32090a11ef481 605c0f09d2f04096b61372a1f9ca0cf6 - - default default] GET http://[LB_IP_ADDRESS]:8776/v3/605c0f09d2f04096b61372a1f9ca0cf6/snapshots/a2d7c5ee-3928-40fe-95ae-b785c56ed48e
2025-03-04 19:37:59.739 23 INFO cinder.volume.api [None req-6aebbe11-fcf1-4bb6-a569-6b7dbab2aa95 e77f55e510014ed382d32090a11ef481 605c0f09d2f04096b61372a1f9ca0cf6 - - default default] Snapshot retrieved successfully.
2025-03-04 19:37:59.741 23 INFO cinder.api.openstack.wsgi [None req-6aebbe11-fcf1-4bb6-a569-6b7dbab2aa95 e77f55e510014ed382d32090a11ef481 605c0f09d2f04096b61372a1f9ca0cf6 - - default default] http://[LB_IP_ADDRESS]:8776/v3/605c0f09d2f04096b61372a1f9ca0cf6/snapshots/a2d7c5ee-3928-40fe-95ae-b785c56ed48e returned with HTTP 200
2025-03-04 19:37:59.755 21 WARNING cinder.quota [None req-a0b95d23-9976-4cb3-90ab-fa7ae3cac41d 27f7fe6d6c3644c6878e634245513eb4 670a860b342a431380f62c51209ea72e - - default default] Deprecated: Default quota for resource: volumes_tempest-GroupsV314Test-volume-type-1684378532 is set by the default quota flag: quota_volumes_tempest-GroupsV314Test-volume-type-1684378532, it is now deprecated. Please use the default quota class for default quota.
2025-03-04 19:37:59.756 21 WARNING cinder.quota [None req-a0b95d23-9976-4cb3-90ab-fa7ae3cac41d 27f7fe6d6c3644c6878e634245513eb4 670a860b342a431380f62c51209ea72e - - default default] Deprecated: Default quota for resource: gigabytes_tempest-GroupsV314Test-volume-type-1684378532 is set by the default quota flag: quota_gigabytes_tempest-GroupsV314Test-volume-type-1684378532, it is now deprecated. Please use the default quota class for default quota.
2025-03-04 19:37:59.757 24 INFO cinder.api.openstack.wsgi [None req-296b6e88-66e2-4cdc-9ef5-c5d4f2763aed e77f55e510014ed382d32090a11ef481 605c0f09d2f04096b61372a1f9ca0cf6 - - default default] DELETE http://[LB_IP_ADDRESS]:8776/v3/605c0f09d2f04096b61372a1f9ca0cf6/group_snapshots/2025334c-8a05-43bb-b23e-9327313b94ae
2025-03-04 19:37:59.758 24 INFO cinder.api.v3.group_snapshots [None req-296b6e88-66e2-4cdc-9ef5-c5d4f2763aed e77f55e510014ed382d32090a11ef481 605c0f09d2f04096b61372a1f9ca0cf6 - - default default] Delete group_snapshot with id: 2025334c-8a05-43bb-b23e-9327313b94ae
2025-03-04 19:37:59.819 24 INFO cinder.api.openstack.wsgi [None req-296b6e88-66e2-4cdc-9ef5-c5d4f2763aed e77f55e510014ed382d32090a11ef481 605c0f09d2f04096b61372a1f9ca0cf6 - - default default] http://[LB_IP_ADDRESS]:8776/v3/605c0f09d2f04096b61372a1f9ca0cf6/group_snapshots/2025334c-8a05-43bb-b23e-9327313b94ae returned with HTTP 202
2025-03-04 19:37:59.830 22 INFO cinder.api.openstack.wsgi [None req-a3e6a15d-a4ae-499b-a504-aa17fa3df2bc e77f55e510014ed382d32090a11ef481 605c0f09d2f04096b61372a1f9ca0cf6 - - default default] GET http://[LB_IP_ADDRESS]:8776/v3/605c0f09d2f04096b61372a1f9ca0cf6/volumes/detail
2025-03-04 19:37:59.850 22 INFO cinder.volume.api [None req-a3e6a15d-a4ae-499b-a504-aa17fa3df2bc e77f55e510014ed382d32090a11ef481 605c0f09d2f04096b61372a1f9ca0cf6 - - default default] Get all volumes completed successfully.
2025-03-04 19:37:59.859 21 INFO cinder.volume.api [None req-a0b95d23-9976-4cb3-90ab-fa7ae3cac41d 27f7fe6d6c3644c6878e634245513eb4 670a860b342a431380f62c51209ea72e - - default default] Create volume request issued successfully.
2025-03-04 19:37:59.880 21 INFO cinder.api.openstack.wsgi [None req-a0b95d23-9976-4cb3-90ab-fa7ae3cac41d 27f7fe6d6c3644c6878e634245513eb4 670a860b342a431380f62c51209ea72e - - default default] http://[LB_IP_ADDRESS]:8776/v3/670a860b342a431380f62c51209ea72e/volumes returned with HTTP 202
2025-03-04 19:37:59.903 22 INFO cinder.api.openstack.wsgi [None req-a3e6a15d-a4ae-499b-a504-aa17fa3df2bc e77f55e510014ed382d32090a11ef481 605c0f09d2f04096b61372a1f9ca0cf6 - - default default] http://[LB_IP_ADDRESS]:8776/v3/605c0f09d2f04096b61372a1f9ca0cf6/volumes/detail returned with HTTP 200
2025-03-04 19:37:59.904 25 INFO cinder.api.openstack.wsgi [None req-aa4b95db-1b2d-4baa-b7b4-75708bc8706a 27f7fe6d6c3644c6878e634245513eb4 670a860b342a431380f62c51209ea72e - - default default] GET http://[LB_IP_ADDRESS]:8776/v3/670a860b342a431380f62c51209ea72e/volumes/b56a0740-d4ae-49bc-8c6c-b8dff42041a7
2025-03-04 19:37:59.933 23 INFO cinder.api.openstack.wsgi [None req-30b2165d-9374-4632-b75f-31fed0ff2aca e77f55e510014ed382d32090a11ef481 605c0f09d2f04096b61372a1f9ca0cf6 - - default default] GET http://[LB_IP_ADDRESS]:8776/v3/605c0f09d2f04096b61372a1f9ca0cf6/snapshots/detail
2025-03-04 19:37:59.935 25 INFO cinder.volume.api [None req-aa4b95db-1b2d-4baa-b7b4-75708bc8706a 27f7fe6d6c3644c6878e634245513eb4 670a860b342a431380f62c51209ea72e - - default default] Volume info retrieved successfully.
2025-03-04 19:37:59.944 23 INFO cinder.volume.api [None req-30b2165d-9374-4632-b75f-31fed0ff2aca e77f55e510014ed382d32090a11ef481 605c0f09d2f04096b61372a1f9ca0cf6 - - default default] Get all snapshots completed successfully.
2025-03-04 19:37:59.946 23 INFO cinder.api.openstack.wsgi [None req-30b2165d-9374-4632-b75f-31fed0ff2aca e77f55e510014ed382d32090a11ef481 605c0f09d2f04096b61372a1f9ca0cf6 - - default default] http://[LB_IP_ADDRESS]:8776/v3/605c0f09d2f04096b61372a1f9ca0cf6/snapshots/detail returned with HTTP 200
2025-03-04 19:37:59.963 24 INFO cinder.api.openstack.wsgi [None req-a481dfba-39ae-4cd1-acbf-dc2edcb88659 e77f55e510014ed382d32090a11ef481 605c0f09d2f04096b61372a1f9ca0cf6 - - default default] GET http://[LB_IP_ADDRESS]:8776/v3/605c0f09d2f04096b61372a1f9ca0cf6/snapshots/a2d7c5ee-3928-40fe-95ae-b785c56ed48e
2025-03-04 19:37:59.973 24 INFO cinder.volume.api [None req-a481dfba-39ae-4cd1-acbf-dc2edcb88659 e77f55e510014ed382d32090a11ef481 605c0f09d2f04096b61372a1f9ca0cf6 - - default default] Snapshot retrieved successfully.
2025-03-04 19:37:59.975 24 INFO cinder.api.openstack.wsgi [None req-a481dfba-39ae-4cd1-acbf-dc2edcb88659 e77f55e510014ed382d32090a11ef481 605c0f09d2f04096b61372a1f9ca0cf6 - - default default] http://[LB_IP_ADDRESS]:8776/v3/605c0f09d2f04096b61372a1f9ca0cf6/snapshots/a2d7c5ee-3928-40fe-95ae-b785c56ed48e returned with HTTP 200
2025-03-04 19:37:59.975 25 INFO cinder.api.openstack.wsgi [None req-aa4b95db-1b2d-4baa-b7b4-75708bc8706a 27f7fe6d6c3644c6878e634245513eb4 670a860b342a431380f62c51209ea72e - - default default] http://[LB_IP_ADDRESS]:8776/v3/670a860b342a431380f62c51209ea72e/volumes/b56a0740-d4ae-49bc-8c6c-b8dff42041a7 returned with HTTP 200
2025-03-04 19:38:00.121 21 INFO cinder.api.openstack.wsgi [None req-6a81a65c-0bc7-47d4-84cc-f71edca4daf8 2630b41677134a639e8c1e331a557d7d 1482ff0ffa35494c88cee5f998adc3fb - - default default] GET http://[LB_IP_ADDRESS]:8776/v3/1482ff0ffa35494c88cee5f998adc3fb/groups/b5de7bef-60a2-4cb9-bbb0-28c7b0c8526b
2025-03-04 19:38:00.145 21 INFO cinder.api.openstack.wsgi [None req-6a81a65c-0bc7-47d4-84cc-f71edca4daf8 2630b41677134a639e8c1e331a557d7d 1482ff0ffa35494c88cee5f998adc3fb - - default default] http://[LB_IP_ADDRESS]:8776/v3/1482ff0ffa35494c88cee5f998adc3fb/groups/b5de7bef-60a2-4cb9-bbb0-28c7b0c8526b returned with HTTP 200
2025-03-04 19:38:00.163 22 INFO cinder.api.openstack.wsgi [None req-7f20d105-bda2-410b-ad35-76f39147b0d4 2630b41677134a639e8c1e331a557d7d 1482ff0ffa35494c88cee5f998adc3fb - - default default] POST http://[LB_IP_ADDRESS]:8776/v3/1482ff0ffa35494c88cee5f998adc3fb/volumes
2025-03-04 19:38:00.180 22 INFO cinder.api.v3.volumes [None req-7f20d105-bda2-410b-ad35-76f39147b0d4 2630b41677134a639e8c1e331a557d7d 1482ff0ffa35494c88cee5f998adc3fb - - default default] Create volume of 1 GB
2025-03-04 19:38:00.191 22 INFO cinder.volume.api [None req-7f20d105-bda2-410b-ad35-76f39147b0d4 2630b41677134a639e8c1e331a557d7d 1482ff0ffa35494c88cee5f998adc3fb - - default default] Availability Zones retrieved successfully.
2025-03-04 19:38:00.409 22 WARNING cinder.quota [None req-7f20d105-bda2-410b-ad35-76f39147b0d4 2630b41677134a639e8c1e331a557d7d 1482ff0ffa35494c88cee5f998adc3fb - - default default] Deprecated: Default quota for resource: volumes_tempest-GroupsTest-volume-type-1420010103 is set by the default quota flag: quota_volumes_tempest-GroupsTest-volume-type-1420010103, it is now deprecated. Please use the default quota class for default quota.
2025-03-04 19:38:00.410 22 WARNING cinder.quota [None req-7f20d105-bda2-410b-ad35-76f39147b0d4 2630b41677134a639e8c1e331a557d7d 1482ff0ffa35494c88cee5f998adc3fb - - default default] Deprecated: Default quota for resource: gigabytes_tempest-GroupsTest-volume-type-1420010103 is set by the default quota flag: quota_gigabytes_tempest-GroupsTest-volume-type-1420010103, it is now deprecated. Please use the default quota class for default quota.
2025-03-04 19:38:00.513 22 INFO cinder.volume.api [None req-7f20d105-bda2-410b-ad35-76f39147b0d4 2630b41677134a639e8c1e331a557d7d 1482ff0ffa35494c88cee5f998adc3fb - - default default] Create volume request issued successfully.
2025-03-04 19:38:00.540 22 INFO cinder.api.openstack.wsgi [None req-7f20d105-bda2-410b-ad35-76f39147b0d4 2630b41677134a639e8c1e331a557d7d 1482ff0ffa35494c88cee5f998adc3fb - - default default] http://[LB_IP_ADDRESS]:8776/v3/1482ff0ffa35494c88cee5f998adc3fb/volumes returned with HTTP 202
2025-03-04 19:38:00.565 23 INFO cinder.api.openstack.wsgi [None req-cf563e0a-e00e-49f4-926d-d5e553144b24 2630b41677134a639e8c1e331a557d7d 1482ff0ffa35494c88cee5f998adc3fb - - default default] GET http://[LB_IP_ADDRESS]:8776/v3/1482ff0ffa35494c88cee5f998adc3fb/volumes/4f269efc-073f-4ea0-9822-b50887f610bf
2025-03-04 19:38:00.590 23 INFO cinder.volume.api [None req-cf563e0a-e00e-49f4-926d-d5e553144b24 2630b41677134a639e8c1e331a557d7d 1482ff0ffa35494c88cee5f998adc3fb - - default default] Volume info retrieved successfully.
2025-03-04 19:38:00.619 23 INFO cinder.api.openstack.wsgi [None req-cf563e0a-e00e-49f4-926d-d5e553144b24 2630b41677134a639e8c1e331a557d7d 1482ff0ffa35494c88cee5f998adc3fb - - default default] http://[LB_IP_ADDRESS]:8776/v3/1482ff0ffa35494c88cee5f998adc3fb/volumes/4f269efc-073f-4ea0-9822-b50887f610bf returned with HTTP 200
2025-03-04 19:38:00.992 24 INFO cinder.api.openstack.wsgi [None req-460a5d74-6fdb-4b5a-b76f-003870d15f6c e77f55e510014ed382d32090a11ef481 605c0f09d2f04096b61372a1f9ca0cf6 - - default default] GET http://[LB_IP_ADDRESS]:8776/v3/605c0f09d2f04096b61372a1f9ca0cf6/snapshots/a2d7c5ee-3928-40fe-95ae-b785c56ed48e
2025-03-04 19:38:01.003 24 INFO cinder.api.openstack.wsgi [None req-460a5d74-6fdb-4b5a-b76f-003870d15f6c e77f55e510014ed382d32090a11ef481 605c0f09d2f04096b61372a1f9ca0cf6 - - default default] http://[LB_IP_ADDRESS]:8776/v3/605c0f09d2f04096b61372a1f9ca0cf6/snapshots/a2d7c5ee-3928-40fe-95ae-b785c56ed48e returned with HTTP 404
2025-03-04 19:38:01.011 25 INFO cinder.api.openstack.wsgi [None req-afe5f3d6-d43e-4c98-b8db-692f44835bf4 27f7fe6d6c3644c6878e634245513eb4 670a860b342a431380f62c51209ea72e - - default default] GET http://[LB_IP_ADDRESS]:8776/v3/670a860b342a431380f62c51209ea72e/volumes/b56a0740-d4ae-49bc-8c6c-b8dff42041a7
2025-03-04 19:38:01.015 21 INFO cinder.api.openstack.wsgi [None req-a187636e-99ae-409e-bf5f-71f4006b5124 e77f55e510014ed382d32090a11ef481 605c0f09d2f04096b61372a1f9ca0cf6 - - default default] GET http://[LB_IP_ADDRESS]:8776/v3/605c0f09d2f04096b61372a1f9ca0cf6/snapshots/ad08a07e-8c0a-4996-8bce-b48fe8485b85
2025-03-04 19:38:01.025 21 INFO cinder.api.openstack.wsgi [None req-a187636e-99ae-409e-bf5f-71f4006b5124 e77f55e510014ed382d32090a11ef481 605c0f09d2f04096b61372a1f9ca0cf6 - - default default] http://[LB_IP_ADDRESS]:8776/v3/605c0f09d2f04096b61372a1f9ca0cf6/snapshots/ad08a07e-8c0a-4996-8bce-b48fe8485b85 returned with HTTP 404
2025-03-04 19:38:01.040 22 INFO cinder.api.openstack.wsgi [None req-b651918d-44d9-4637-8670-120c30dfc4b6 e77f55e510014ed382d32090a11ef481 605c0f09d2f04096b61372a1f9ca0cf6 - - default default] GET http://[LB_IP_ADDRESS]:8776/v3/605c0f09d2f04096b61372a1f9ca0cf6/group_snapshots/2025334c-8a05-43bb-b23e-9327313b94ae
2025-03-04 19:38:01.041 25 INFO cinder.volume.api [None req-afe5f3d6-d43e-4c98-b8db-692f44835bf4 27f7fe6d6c3644c6878e634245513eb4 670a860b342a431380f62c51209ea72e - - default default] Volume info retrieved successfully.
2025-03-04 19:38:01.046 22 INFO cinder.api.openstack.wsgi [None req-b651918d-44d9-4637-8670-120c30dfc4b6 e77f55e510014ed382d32090a11ef481 605c0f09d2f04096b61372a1f9ca0cf6 - - default default] http://[LB_IP_ADDRESS]:8776/v3/605c0f09d2f04096b61372a1f9ca0cf6/group_snapshots/2025334c-8a05-43bb-b23e-9327313b94ae returned with HTTP 404
2025-03-04 19:38:01.058 23 INFO cinder.api.openstack.wsgi [None req-3aaeef65-12fd-4e55-a5eb-1c809f5d2304 e77f55e510014ed382d32090a11ef481 605c0f09d2f04096b61372a1f9ca0cf6 - - default default] DELETE http://[LB_IP_ADDRESS]:8776/v3/605c0f09d2f04096b61372a1f9ca0cf6/group_snapshots/2025334c-8a05-43bb-b23e-9327313b94ae
2025-03-04 19:38:01.059 23 INFO cinder.api.v3.group_snapshots [None req-3aaeef65-12fd-4e55-a5eb-1c809f5d2304 e77f55e510014ed382d32090a11ef481 605c0f09d2f04096b61372a1f9ca0cf6 - - default default] Delete group_snapshot with id: 2025334c-8a05-43bb-b23e-9327313b94ae
2025-03-04 19:38:01.064 23 INFO cinder.api.openstack.wsgi [None req-3aaeef65-12fd-4e55-a5eb-1c809f5d2304 e77f55e510014ed382d32090a11ef481 605c0f09d2f04096b61372a1f9ca0cf6 - - default default] http://[LB_IP_ADDRESS]:8776/v3/605c0f09d2f04096b61372a1f9ca0cf6/group_snapshots/2025334c-8a05-43bb-b23e-9327313b94ae returned with HTTP 404
2025-03-04 19:38:01.072 25 INFO cinder.api.openstack.wsgi [None req-afe5f3d6-d43e-4c98-b8db-692f44835bf4 27f7fe6d6c3644c6878e634245513eb4 670a860b342a431380f62c51209ea72e - - default default] http://[LB_IP_ADDRESS]:8776/v3/670a860b342a431380f62c51209ea72e/volumes/b56a0740-d4ae-49bc-8c6c-b8dff42041a7 returned with HTTP 200
2025-03-04 19:38:01.075 24 INFO cinder.api.openstack.wsgi [None req-55e90625-cf46-4bb1-a1b5-19679891a256 e77f55e510014ed382d32090a11ef481 605c0f09d2f04096b61372a1f9ca0cf6 - - default default] GET http://[LB_IP_ADDRESS]:8776/v3/605c0f09d2f04096b61372a1f9ca0cf6/volumes/detail
2025-03-04 19:38:01.096 24 INFO cinder.volume.api [None req-55e90625-cf46-4bb1-a1b5-19679891a256 e77f55e510014ed382d32090a11ef481 605c0f09d2f04096b61372a1f9ca0cf6 - - default default] Get all volumes completed successfully.
2025-03-04 19:38:01.149 24 INFO cinder.api.openstack.wsgi [None req-55e90625-cf46-4bb1-a1b5-19679891a256 e77f55e510014ed382d32090a11ef481 605c0f09d2f04096b61372a1f9ca0cf6 - - default default] http://[LB_IP_ADDRESS]:8776/v3/605c0f09d2f04096b61372a1f9ca0cf6/volumes/detail returned with HTTP 200
2025-03-04 19:38:01.179 21 INFO cinder.api.openstack.wsgi [None req-aa918dfa-90b1-479e-b031-1da69fee567d e77f55e510014ed382d32090a11ef481 605c0f09d2f04096b61372a1f9ca0cf6 - - default default] POST http://[LB_IP_ADDRESS]:8776/v3/605c0f09d2f04096b61372a1f9ca0cf6/groups/ebdd3d3e-71a6-430a-81a1-e377775c33e5/action
2025-03-04 19:38:01.184 21 INFO cinder.api.v3.groups [None req-aa918dfa-90b1-479e-b031-1da69fee567d e77f55e510014ed382d32090a11ef481 605c0f09d2f04096b61372a1f9ca0cf6 - - default default] Delete group with id: ebdd3d3e-71a6-430a-81a1-e377775c33e5
2025-03-04 19:38:01.278 21 INFO cinder.api.openstack.wsgi [None req-aa918dfa-90b1-479e-b031-1da69fee567d e77f55e510014ed382d32090a11ef481 605c0f09d2f04096b61372a1f9ca0cf6 - - default default] http://[LB_IP_ADDRESS]:8776/v3/605c0f09d2f04096b61372a1f9ca0cf6/groups/ebdd3d3e-71a6-430a-81a1-e377775c33e5/action returned with HTTP 202
2025-03-04 19:38:01.290 22 INFO cinder.api.openstack.wsgi [None req-66dcfc83-8a4c-45df-967b-2823f84d834c e77f55e510014ed382d32090a11ef481 605c0f09d2f04096b61372a1f9ca0cf6 - - default default] GET http://[LB_IP_ADDRESS]:8776/v3/605c0f09d2f04096b61372a1f9ca0cf6/volumes/f22adcbe-eb67-4388-9339-69e13652131a
2025-03-04 19:38:01.316 22 INFO cinder.volume.api [None req-66dcfc83-8a4c-45df-967b-2823f84d834c e77f55e510014ed382d32090a11ef481 605c0f09d2f04096b61372a1f9ca0cf6 - - default default] Volume info retrieved successfully.
2025-03-04 19:38:01.346 22 INFO cinder.api.openstack.wsgi [None req-66dcfc83-8a4c-45df-967b-2823f84d834c e77f55e510014ed382d32090a11ef481 605c0f09d2f04096b61372a1f9ca0cf6 - - default default] http://[LB_IP_ADDRESS]:8776/v3/605c0f09d2f04096b61372a1f9ca0cf6/volumes/f22adcbe-eb67-4388-9339-69e13652131a returned with HTTP 200
2025-03-04 19:38:01.648 23 INFO cinder.api.openstack.wsgi [None req-20c1ec28-04bb-42b0-aa8a-a69d06b6422d 2630b41677134a639e8c1e331a557d7d 1482ff0ffa35494c88cee5f998adc3fb - - default default] GET http://[LB_IP_ADDRESS]:8776/v3/1482ff0ffa35494c88cee5f998adc3fb/volumes/4f269efc-073f-4ea0-9822-b50887f610bf
2025-03-04 19:38:01.673 23 INFO cinder.volume.api [None req-20c1ec28-04bb-42b0-aa8a-a69d06b6422d 2630b41677134a639e8c1e331a557d7d 1482ff0ffa35494c88cee5f998adc3fb - - default default] Volume info retrieved successfully.
2025-03-04 19:38:01.706 23 INFO cinder.api.openstack.wsgi [None req-20c1ec28-04bb-42b0-aa8a-a69d06b6422d 2630b41677134a639e8c1e331a557d7d 1482ff0ffa35494c88cee5f998adc3fb - - default default] http://[LB_IP_ADDRESS]:8776/v3/1482ff0ffa35494c88cee5f998adc3fb/volumes/4f269efc-073f-4ea0-9822-b50887f610bf returned with HTTP 200
2025-03-04 19:38:02.100 25 INFO cinder.api.openstack.wsgi [None req-6d3429a1-3f45-4f27-8a13-49bfd62a1d77 27f7fe6d6c3644c6878e634245513eb4 670a860b342a431380f62c51209ea72e - - default default] GET http://[LB_IP_ADDRESS]:8776/v3/670a860b342a431380f62c51209ea72e/volumes/b56a0740-d4ae-49bc-8c6c-b8dff42041a7
2025-03-04 19:38:02.121 25 INFO cinder.volume.api [None req-6d3429a1-3f45-4f27-8a13-49bfd62a1d77 27f7fe6d6c3644c6878e634245513eb4 670a860b342a431380f62c51209ea72e - - default default] Volume info retrieved successfully.
2025-03-04 19:38:02.145 25 INFO cinder.api.openstack.wsgi [None req-6d3429a1-3f45-4f27-8a13-49bfd62a1d77 27f7fe6d6c3644c6878e634245513eb4 670a860b342a431380f62c51209ea72e - - default default] http://[LB_IP_ADDRESS]:8776/v3/670a860b342a431380f62c51209ea72e/volumes/b56a0740-d4ae-49bc-8c6c-b8dff42041a7 returned with HTTP 200
2025-03-04 19:38:02.174 24 INFO cinder.api.openstack.wsgi [None req-0886eea4-5b2a-41c5-99c0-df16b9e0a566 27f7fe6d6c3644c6878e634245513eb4 670a860b342a431380f62c51209ea72e - - default default] POST http://[LB_IP_ADDRESS]:8776/v3/670a860b342a431380f62c51209ea72e/groups/action
2025-03-04 19:38:02.178 24 INFO cinder.api.v3.groups [None req-0886eea4-5b2a-41c5-99c0-df16b9e0a566 27f7fe6d6c3644c6878e634245513eb4 670a860b342a431380f62c51209ea72e - - default default] Creating group tempest-Group_from_grp-1968784643 from source group c3b8ffa6-73ca-45aa-b77c-8045f6a493cb.
2025-03-04 19:38:02.375 21 INFO cinder.api.openstack.wsgi [None req-1a943b09-de3c-4dbb-9bf2-6e097d84b8e2 e77f55e510014ed382d32090a11ef481 605c0f09d2f04096b61372a1f9ca0cf6 - - default default] GET http://[LB_IP_ADDRESS]:8776/v3/605c0f09d2f04096b61372a1f9ca0cf6/volumes/f22adcbe-eb67-4388-9339-69e13652131a
2025-03-04 19:38:02.390 21 INFO cinder.api.openstack.wsgi [None req-1a943b09-de3c-4dbb-9bf2-6e097d84b8e2 e77f55e510014ed382d32090a11ef481 605c0f09d2f04096b61372a1f9ca0cf6 - - default default] http://[LB_IP_ADDRESS]:8776/v3/605c0f09d2f04096b61372a1f9ca0cf6/volumes/f22adcbe-eb67-4388-9339-69e13652131a returned with HTTP 404
2025-03-04 19:38:02.403 22 INFO cinder.api.openstack.wsgi [None req-00be6116-5408-4bf1-b71a-e4abbd096b5b e77f55e510014ed382d32090a11ef481 605c0f09d2f04096b61372a1f9ca0cf6 - - default default] GET http://[LB_IP_ADDRESS]:8776/v3/605c0f09d2f04096b61372a1f9ca0cf6/volumes/33130ed0-476c-4236-bfd1-872cc419bbe1
2025-03-04 19:38:02.417 22 INFO cinder.api.openstack.wsgi [None req-00be6116-5408-4bf1-b71a-e4abbd096b5b e77f55e510014ed382d32090a11ef481 605c0f09d2f04096b61372a1f9ca0cf6 - - default default] http://[LB_IP_ADDRESS]:8776/v3/605c0f09d2f04096b61372a1f9ca0cf6/volumes/33130ed0-476c-4236-bfd1-872cc419bbe1 returned with HTTP 404
2025-03-04 19:38:02.430 23 INFO cinder.api.openstack.wsgi [None req-331be553-50af-4961-8440-a0520b0e9fa3 e77f55e510014ed382d32090a11ef481 605c0f09d2f04096b61372a1f9ca0cf6 - - default default] GET http://[LB_IP_ADDRESS]:8776/v3/605c0f09d2f04096b61372a1f9ca0cf6/groups/ebdd3d3e-71a6-430a-81a1-e377775c33e5
2025-03-04 19:38:02.436 23 INFO cinder.api.openstack.wsgi [None req-331be553-50af-4961-8440-a0520b0e9fa3 e77f55e510014ed382d32090a11ef481 605c0f09d2f04096b61372a1f9ca0cf6 - - default default] http://[LB_IP_ADDRESS]:8776/v3/605c0f09d2f04096b61372a1f9ca0cf6/groups/ebdd3d3e-71a6-430a-81a1-e377775c33e5 returned with HTTP 404
2025-03-04 19:38:02.449 25 INFO cinder.api.openstack.wsgi [None req-22b5291b-034b-4729-a662-1f8f0e0fb368 e6b322feb9974892b8429b1eb796ce41 b55548791f77400086794e00676bfbd4 - - default default] DELETE http://[LB_IP_ADDRESS]:8776/v3/b55548791f77400086794e00676bfbd4/group_types/51c867a4-6dea-4d4f-8713-ec6ed14f6d77
2025-03-04 19:38:02.476 25 INFO cinder.api.openstack.wsgi [None req-22b5291b-034b-4729-a662-1f8f0e0fb368 e6b322feb9974892b8429b1eb796ce41 b55548791f77400086794e00676bfbd4 - - default default] http://[LB_IP_ADDRESS]:8776/v3/b55548791f77400086794e00676bfbd4/group_types/51c867a4-6dea-4d4f-8713-ec6ed14f6d77 returned with HTTP 202
2025-03-04 19:38:02.487 21 INFO cinder.api.openstack.wsgi [None req-cc9cef91-3190-4f05-a251-1a5d5ad7c488 e6b322feb9974892b8429b1eb796ce41 b55548791f77400086794e00676bfbd4 - - default default] DELETE http://[LB_IP_ADDRESS]:8776/v3/b55548791f77400086794e00676bfbd4/types/20aa5bb3-62ea-4d0e-a7d7-50586279a3c2
2025-03-04 19:38:02.541 21 INFO cinder.api.openstack.wsgi [None req-cc9cef91-3190-4f05-a251-1a5d5ad7c488 e6b322feb9974892b8429b1eb796ce41 b55548791f77400086794e00676bfbd4 - - default default] http://[LB_IP_ADDRESS]:8776/v3/b55548791f77400086794e00676bfbd4/types/20aa5bb3-62ea-4d0e-a7d7-50586279a3c2 returned with HTTP 202
2025-03-04 19:38:02.552 22 INFO cinder.api.openstack.wsgi [None req-86b37876-8cdd-4c9f-908d-9d817f0ec64f e6b322feb9974892b8429b1eb796ce41 b55548791f77400086794e00676bfbd4 - - default default] GET http://[LB_IP_ADDRESS]:8776/v3/b55548791f77400086794e00676bfbd4/types/20aa5bb3-62ea-4d0e-a7d7-50586279a3c2
