2022-08-03 08:51:52.894 18 INFO cinder.api.openstack.wsgi [req-377551cc-06b1-4d51-b4aa-68444125ebee 7acb05286e7548fc94c0ed24dd36adf4 ea8dc89127864fddb7cb09befc758939 - default default] http://[LB_IP_ADDRESS]:8776/v3/ea8dc89127864fddb7cb09befc758939/os-quota-sets/ca1cb919396c4ea8b8b6ed27584109ca?usage=True returned with HTTP 200
2022-08-03 08:51:52.920 19 INFO cinder.api.openstack.wsgi [req-e9ba4312-be54-426b-aa9d-25a58843083f 7acb05286e7548fc94c0ed24dd36adf4 ea8dc89127864fddb7cb09befc758939 - default default] GET http://[LB_IP_ADDRESS]:8776/v3/ea8dc89127864fddb7cb09befc758939/os-quota-sets/f16f84aab3ad49f1b37bb66ab4bf62bf?usage=True
2022-08-03 08:51:53.036 19 INFO cinder.api.openstack.wsgi [req-e9ba4312-be54-426b-aa9d-25a58843083f 7acb05286e7548fc94c0ed24dd36adf4 ea8dc89127864fddb7cb09befc758939 - default default] http://[LB_IP_ADDRESS]:8776/v3/ea8dc89127864fddb7cb09befc758939/os-quota-sets/f16f84aab3ad49f1b37bb66ab4bf62bf?usage=True returned with HTTP 200
2022-08-03 08:51:53.059 22 INFO cinder.api.openstack.wsgi [req-dc72077e-2f28-4040-8c10-f380caf9fdae 7acb05286e7548fc94c0ed24dd36adf4 ea8dc89127864fddb7cb09befc758939 - default default] DELETE http://[LB_IP_ADDRESS]:8776/v3/ea8dc89127864fddb7cb09befc758939/volumes/363f896e-7d8d-4c03-9a04-97b480dbba55
2022-08-03 08:51:53.060 22 INFO cinder.api.v3.volumes [req-dc72077e-2f28-4040-8c10-f380caf9fdae 7acb05286e7548fc94c0ed24dd36adf4 ea8dc89127864fddb7cb09befc758939 - default default] Delete volume with id: 363f896e-7d8d-4c03-9a04-97b480dbba55 
2022-08-03 08:51:53.078 22 INFO cinder.volume.api [req-dc72077e-2f28-4040-8c10-f380caf9fdae 7acb05286e7548fc94c0ed24dd36adf4 ea8dc89127864fddb7cb09befc758939 - default default] Volume info retrieved successfully.
2022-08-03 08:51:53.104 22 INFO cinder.volume.api [req-dc72077e-2f28-4040-8c10-f380caf9fdae 7acb05286e7548fc94c0ed24dd36adf4 ea8dc89127864fddb7cb09befc758939 - default default] Delete volume request issued successfully.
2022-08-03 08:51:53.105 22 INFO cinder.api.openstack.wsgi [req-dc72077e-2f28-4040-8c10-f380caf9fdae 7acb05286e7548fc94c0ed24dd36adf4 ea8dc89127864fddb7cb09befc758939 - default default] http://[LB_IP_ADDRESS]:8776/v3/ea8dc89127864fddb7cb09befc758939/volumes/363f896e-7d8d-4c03-9a04-97b480dbba55 returned with HTTP 202
2022-08-03 08:51:53.120 20 INFO cinder.api.openstack.wsgi [req-91f28ffe-a0fc-488a-b9cf-696188bb5019 7acb05286e7548fc94c0ed24dd36adf4 ea8dc89127864fddb7cb09befc758939 - default default] GET http://[LB_IP_ADDRESS]:8776/v3/ea8dc89127864fddb7cb09befc758939/volumes/363f896e-7d8d-4c03-9a04-97b480dbba55
2022-08-03 08:51:53.147 20 INFO cinder.volume.api [req-91f28ffe-a0fc-488a-b9cf-696188bb5019 7acb05286e7548fc94c0ed24dd36adf4 ea8dc89127864fddb7cb09befc758939 - default default] Volume info retrieved successfully.
2022-08-03 08:51:53.155 20 INFO cinder.api.openstack.wsgi [req-91f28ffe-a0fc-488a-b9cf-696188bb5019 7acb05286e7548fc94c0ed24dd36adf4 ea8dc89127864fddb7cb09befc758939 - default default] http://[LB_IP_ADDRESS]:8776/v3/ea8dc89127864fddb7cb09befc758939/volumes/363f896e-7d8d-4c03-9a04-97b480dbba55 returned with HTTP 200
2022-08-03 08:51:53.972 21 INFO cinder.api.openstack.wsgi [req-01bc3e01-c082-4ed9-93bd-f8b075ddaa89 3a1b8576421c4cc0a4810fc54cb1df11 d187bb4015014489a5f2ef210944c53a - default default] GET http://[LB_IP_ADDRESS]:8776/v3/d187bb4015014489a5f2ef210944c53a/os-hosts
2022-08-03 08:51:53.984 21 INFO cinder.api.openstack.wsgi [req-01bc3e01-c082-4ed9-93bd-f8b075ddaa89 3a1b8576421c4cc0a4810fc54cb1df11 d187bb4015014489a5f2ef210944c53a - default default] http://[LB_IP_ADDRESS]:8776/v3/d187bb4015014489a5f2ef210944c53a/os-hosts returned with HTTP 200
2022-08-03 08:51:54.006 18 INFO cinder.api.openstack.wsgi [req-f156516a-6cc5-46ee-aceb-d86a4f38b0b7 3a1b8576421c4cc0a4810fc54cb1df11 d187bb4015014489a5f2ef210944c53a - default default] GET http://[LB_IP_ADDRESS]:8776/v3/d187bb4015014489a5f2ef210944c53a/os-hosts
2022-08-03 08:51:54.016 18 INFO cinder.api.openstack.wsgi [req-f156516a-6cc5-46ee-aceb-d86a4f38b0b7 3a1b8576421c4cc0a4810fc54cb1df11 d187bb4015014489a5f2ef210944c53a - default default] http://[LB_IP_ADDRESS]:8776/v3/d187bb4015014489a5f2ef210944c53a/os-hosts returned with HTTP 200
2022-08-03 08:51:54.033 19 INFO cinder.api.openstack.wsgi [req-bbffcea5-f148-4a60-bdfd-1e9f886bb8f0 3a1b8576421c4cc0a4810fc54cb1df11 d187bb4015014489a5f2ef210944c53a - default default] GET http://[LB_IP_ADDRESS]:8776/v3/d187bb4015014489a5f2ef210944c53a/os-hosts/rack03-server59@lvm-1
2022-08-03 08:51:54.145 19 INFO cinder.api.openstack.wsgi [req-bbffcea5-f148-4a60-bdfd-1e9f886bb8f0 3a1b8576421c4cc0a4810fc54cb1df11 d187bb4015014489a5f2ef210944c53a - default default] http://[LB_IP_ADDRESS]:8776/v3/d187bb4015014489a5f2ef210944c53a/os-hosts/rack03-server59@lvm-1 returned with HTTP 200
2022-08-03 08:51:54.169 22 INFO cinder.api.openstack.wsgi [req-c55c0505-967a-41fd-a759-43b26d78a7bf 3a1b8576421c4cc0a4810fc54cb1df11 d187bb4015014489a5f2ef210944c53a - default default] GET http://[LB_IP_ADDRESS]:8776/v3/d187bb4015014489a5f2ef210944c53a/os-hosts/rack03-server59@LIGHTOSsetykm
2022-08-03 08:51:54.183 20 INFO cinder.api.openstack.wsgi [req-ac94efa0-6f78-4582-a1df-52c2e37ca8ed 7acb05286e7548fc94c0ed24dd36adf4 ea8dc89127864fddb7cb09befc758939 - default default] GET http://[LB_IP_ADDRESS]:8776/v3/ea8dc89127864fddb7cb09befc758939/volumes/363f896e-7d8d-4c03-9a04-97b480dbba55
2022-08-03 08:51:54.198 20 INFO cinder.api.openstack.wsgi [req-ac94efa0-6f78-4582-a1df-52c2e37ca8ed 7acb05286e7548fc94c0ed24dd36adf4 ea8dc89127864fddb7cb09befc758939 - default default] http://[LB_IP_ADDRESS]:8776/v3/ea8dc89127864fddb7cb09befc758939/volumes/363f896e-7d8d-4c03-9a04-97b480dbba55 returned with HTTP 404
2022-08-03 08:51:54.218 21 INFO cinder.api.openstack.wsgi [req-eb7948cb-3652-45ed-a6e4-407cbe1e89ca 7acb05286e7548fc94c0ed24dd36adf4 ea8dc89127864fddb7cb09befc758939 - default default] GET http://[LB_IP_ADDRESS]:8776/v3/ea8dc89127864fddb7cb09befc758939/os-quota-sets/ea8dc89127864fddb7cb09befc758939?usage=True
2022-08-03 08:51:54.314 22 INFO cinder.api.openstack.wsgi [req-c55c0505-967a-41fd-a759-43b26d78a7bf 3a1b8576421c4cc0a4810fc54cb1df11 d187bb4015014489a5f2ef210944c53a - default default] http://[LB_IP_ADDRESS]:8776/v3/d187bb4015014489a5f2ef210944c53a/os-hosts/rack03-server59@LIGHTOSsetykm returned with HTTP 200
2022-08-03 08:51:54.343 21 INFO cinder.api.openstack.wsgi [req-eb7948cb-3652-45ed-a6e4-407cbe1e89ca 7acb05286e7548fc94c0ed24dd36adf4 ea8dc89127864fddb7cb09befc758939 - default default] http://[LB_IP_ADDRESS]:8776/v3/ea8dc89127864fddb7cb09befc758939/os-quota-sets/ea8dc89127864fddb7cb09befc758939?usage=True returned with HTTP 200
2022-08-03 08:51:54.369 18 INFO cinder.api.openstack.wsgi [req-36052960-e38c-42e3-834a-4915f68ec3a3 7acb05286e7548fc94c0ed24dd36adf4 ea8dc89127864fddb7cb09befc758939 - default default] PUT http://[LB_IP_ADDRESS]:8776/v3/ea8dc89127864fddb7cb09befc758939/os-quota-sets/ca1cb919396c4ea8b8b6ed27584109ca
2022-08-03 08:51:54.644 18 INFO cinder.api.openstack.wsgi [req-36052960-e38c-42e3-834a-4915f68ec3a3 7acb05286e7548fc94c0ed24dd36adf4 ea8dc89127864fddb7cb09befc758939 - default default] http://[LB_IP_ADDRESS]:8776/v3/ea8dc89127864fddb7cb09befc758939/os-quota-sets/ca1cb919396c4ea8b8b6ed27584109ca returned with HTTP 200
2022-08-03 08:51:54.663 19 INFO cinder.api.openstack.wsgi [req-421b1a61-2d66-4332-8643-c0df2deee3b8 7acb05286e7548fc94c0ed24dd36adf4 ea8dc89127864fddb7cb09befc758939 - default default] PUT http://[LB_IP_ADDRESS]:8776/v3/ea8dc89127864fddb7cb09befc758939/os-quota-sets/ca1cb919396c4ea8b8b6ed27584109ca
2022-08-03 08:51:55.210 19 INFO cinder.api.openstack.wsgi [req-421b1a61-2d66-4332-8643-c0df2deee3b8 7acb05286e7548fc94c0ed24dd36adf4 ea8dc89127864fddb7cb09befc758939 - default default] http://[LB_IP_ADDRESS]:8776/v3/ea8dc89127864fddb7cb09befc758939/os-quota-sets/ca1cb919396c4ea8b8b6ed27584109ca returned with HTTP 200
2022-08-03 08:51:55.228 20 INFO cinder.api.openstack.wsgi [req-469b875b-6064-44b9-9fce-c49773d0badd dd73006a641248b0b4f16628e036dc3e ca1cb919396c4ea8b8b6ed27584109ca - default default] DELETE http://[LB_IP_ADDRESS]:8776/v3/ca1cb919396c4ea8b8b6ed27584109ca/volumes/363f896e-7d8d-4c03-9a04-97b480dbba55
2022-08-03 08:51:55.229 20 INFO cinder.api.v3.volumes [req-469b875b-6064-44b9-9fce-c49773d0badd dd73006a641248b0b4f16628e036dc3e ca1cb919396c4ea8b8b6ed27584109ca - default default] Delete volume with id: 363f896e-7d8d-4c03-9a04-97b480dbba55 
2022-08-03 08:51:55.242 20 INFO cinder.api.openstack.wsgi [req-469b875b-6064-44b9-9fce-c49773d0badd dd73006a641248b0b4f16628e036dc3e ca1cb919396c4ea8b8b6ed27584109ca - default default] http://[LB_IP_ADDRESS]:8776/v3/ca1cb919396c4ea8b8b6ed27584109ca/volumes/363f896e-7d8d-4c03-9a04-97b480dbba55 returned with HTTP 404
2022-08-03 08:51:55.253 22 INFO cinder.api.openstack.wsgi [req-22708868-4cee-4cd3-91ae-0abe40985cf0 dd73006a641248b0b4f16628e036dc3e ca1cb919396c4ea8b8b6ed27584109ca - default default] DELETE http://[LB_IP_ADDRESS]:8776/v3/ca1cb919396c4ea8b8b6ed27584109ca/volumes/732e6100-f380-4385-b20b-d62eb3bcdc3e
2022-08-03 08:51:55.254 22 INFO cinder.api.v3.volumes [req-22708868-4cee-4cd3-91ae-0abe40985cf0 dd73006a641248b0b4f16628e036dc3e ca1cb919396c4ea8b8b6ed27584109ca - default default] Delete volume with id: 732e6100-f380-4385-b20b-d62eb3bcdc3e 
2022-08-03 08:51:55.267 22 INFO cinder.api.openstack.wsgi [req-22708868-4cee-4cd3-91ae-0abe40985cf0 dd73006a641248b0b4f16628e036dc3e ca1cb919396c4ea8b8b6ed27584109ca - default default] http://[LB_IP_ADDRESS]:8776/v3/ca1cb919396c4ea8b8b6ed27584109ca/volumes/732e6100-f380-4385-b20b-d62eb3bcdc3e returned with HTTP 404
2022-08-03 08:51:55.960 21 INFO cinder.api.openstack.wsgi [req-000688ba-1fd8-4dff-9303-576c04b5baa9 - - - - -] GET http://[LB_IP_ADDRESS]:8776/
2022-08-03 08:51:55.961 21 INFO cinder.api.openstack.wsgi [req-000688ba-1fd8-4dff-9303-576c04b5baa9 - - - - -] http://[LB_IP_ADDRESS]:8776/ returned with HTTP 300
2022-08-03 08:51:59.557 18 INFO cinder.api.openstack.wsgi [req-e66bcf77-a582-4514-a3be-a8401f3cf51f 1fe0a09f2835428b937e3980e90a07f2 cfaa81b5937c42a189206c01d3e8cad8 - default default] GET http://[LB_IP_ADDRESS]:8776/v3/cfaa81b5937c42a189206c01d3e8cad8/scheduler-stats/get_pools
2022-08-03 08:51:59.578 18 INFO cinder.api.openstack.wsgi [req-e66bcf77-a582-4514-a3be-a8401f3cf51f 1fe0a09f2835428b937e3980e90a07f2 cfaa81b5937c42a189206c01d3e8cad8 - default default] http://[LB_IP_ADDRESS]:8776/v3/cfaa81b5937c42a189206c01d3e8cad8/scheduler-stats/get_pools returned with HTTP 200
2022-08-03 08:52:00.715 19 INFO cinder.api.openstack.wsgi [req-9cb586d1-5514-48e8-8e56-cc74a7cacb80 b06de24583bf4d87b6e8183fc2cb1696 aa6e80af6489497b9b3d22b4dfb50469 - default default] POST http://[LB_IP_ADDRESS]:8776/v3/aa6e80af6489497b9b3d22b4dfb50469/types
2022-08-03 08:52:00.748 19 INFO cinder.api.openstack.wsgi [req-9cb586d1-5514-48e8-8e56-cc74a7cacb80 b06de24583bf4d87b6e8183fc2cb1696 aa6e80af6489497b9b3d22b4dfb50469 - default default] http://[LB_IP_ADDRESS]:8776/v3/aa6e80af6489497b9b3d22b4dfb50469/types returned with HTTP 200
2022-08-03 08:52:00.765 20 INFO cinder.api.openstack.wsgi [req-524bb247-4956-482f-bf16-05afc58abeda b06de24583bf4d87b6e8183fc2cb1696 aa6e80af6489497b9b3d22b4dfb50469 - default default] POST http://[LB_IP_ADDRESS]:8776/v3/aa6e80af6489497b9b3d22b4dfb50469/types
2022-08-03 08:52:00.790 20 INFO cinder.api.openstack.wsgi [req-524bb247-4956-482f-bf16-05afc58abeda b06de24583bf4d87b6e8183fc2cb1696 aa6e80af6489497b9b3d22b4dfb50469 - default default] http://[LB_IP_ADDRESS]:8776/v3/aa6e80af6489497b9b3d22b4dfb50469/types returned with HTTP 200
2022-08-03 08:52:00.923 22 INFO cinder.api.openstack.wsgi [req-1a54e797-20fd-44fa-9acb-f94cf1663911 724a4dcd0985461f8c2272a68a2e5365 ca222b066f4040eb91f69f847293dac6 - default default] POST http://[LB_IP_ADDRESS]:8776/v3/ca222b066f4040eb91f69f847293dac6/volumes
2022-08-03 08:52:00.937 22 INFO cinder.api.v3.volumes [req-1a54e797-20fd-44fa-9acb-f94cf1663911 724a4dcd0985461f8c2272a68a2e5365 ca222b066f4040eb91f69f847293dac6 - default default] Create volume of 1 GB
2022-08-03 08:52:00.939 22 INFO cinder.volume.api [req-1a54e797-20fd-44fa-9acb-f94cf1663911 724a4dcd0985461f8c2272a68a2e5365 ca222b066f4040eb91f69f847293dac6 - default default] Availability Zones retrieved successfully.
2022-08-03 08:52:01.275 22 INFO cinder.volume.api [req-1a54e797-20fd-44fa-9acb-f94cf1663911 724a4dcd0985461f8c2272a68a2e5365 ca222b066f4040eb91f69f847293dac6 - default default] Create volume request issued successfully.
2022-08-03 08:52:01.277 22 INFO cinder.api.openstack.wsgi [req-1a54e797-20fd-44fa-9acb-f94cf1663911 724a4dcd0985461f8c2272a68a2e5365 ca222b066f4040eb91f69f847293dac6 - default default] http://[LB_IP_ADDRESS]:8776/v3/ca222b066f4040eb91f69f847293dac6/volumes returned with HTTP 202
2022-08-03 08:52:01.300 21 INFO cinder.api.openstack.wsgi [req-f4b7c20c-7a71-4114-bdfb-a552df3043a2 724a4dcd0985461f8c2272a68a2e5365 ca222b066f4040eb91f69f847293dac6 - default default] GET http://[LB_IP_ADDRESS]:8776/v3/ca222b066f4040eb91f69f847293dac6/volumes/03f37c5a-bbdb-4e48-b0a6-171d01c186ec
2022-08-03 08:52:01.329 21 INFO cinder.volume.api [req-f4b7c20c-7a71-4114-bdfb-a552df3043a2 724a4dcd0985461f8c2272a68a2e5365 ca222b066f4040eb91f69f847293dac6 - default default] Volume info retrieved successfully.
2022-08-03 08:52:01.336 21 INFO cinder.api.openstack.wsgi [req-f4b7c20c-7a71-4114-bdfb-a552df3043a2 724a4dcd0985461f8c2272a68a2e5365 ca222b066f4040eb91f69f847293dac6 - default default] http://[LB_IP_ADDRESS]:8776/v3/ca222b066f4040eb91f69f847293dac6/volumes/03f37c5a-bbdb-4e48-b0a6-171d01c186ec returned with HTTP 200
2022-08-03 08:52:02.363 18 INFO cinder.api.openstack.wsgi [req-e37b6636-2ae7-4ced-994a-d396f6e8a30b 724a4dcd0985461f8c2272a68a2e5365 ca222b066f4040eb91f69f847293dac6 - default default] GET http://[LB_IP_ADDRESS]:8776/v3/ca222b066f4040eb91f69f847293dac6/volumes/03f37c5a-bbdb-4e48-b0a6-171d01c186ec
2022-08-03 08:52:02.391 18 INFO cinder.volume.api [req-e37b6636-2ae7-4ced-994a-d396f6e8a30b 724a4dcd0985461f8c2272a68a2e5365 ca222b066f4040eb91f69f847293dac6 - default default] Volume info retrieved successfully.
2022-08-03 08:52:02.399 18 INFO cinder.api.openstack.wsgi [req-e37b6636-2ae7-4ced-994a-d396f6e8a30b 724a4dcd0985461f8c2272a68a2e5365 ca222b066f4040eb91f69f847293dac6 - default default] http://[LB_IP_ADDRESS]:8776/v3/ca222b066f4040eb91f69f847293dac6/volumes/03f37c5a-bbdb-4e48-b0a6-171d01c186ec returned with HTTP 200
2022-08-03 08:52:03.422 19 INFO cinder.api.openstack.wsgi [req-e89be333-a535-471c-9d23-f4f620c7caeb 724a4dcd0985461f8c2272a68a2e5365 ca222b066f4040eb91f69f847293dac6 - default default] GET http://[LB_IP_ADDRESS]:8776/v3/ca222b066f4040eb91f69f847293dac6/volumes/03f37c5a-bbdb-4e48-b0a6-171d01c186ec
2022-08-03 08:52:03.450 19 INFO cinder.volume.api [req-e89be333-a535-471c-9d23-f4f620c7caeb 724a4dcd0985461f8c2272a68a2e5365 ca222b066f4040eb91f69f847293dac6 - default default] Volume info retrieved successfully.
2022-08-03 08:52:03.458 19 INFO cinder.api.openstack.wsgi [req-e89be333-a535-471c-9d23-f4f620c7caeb 724a4dcd0985461f8c2272a68a2e5365 ca222b066f4040eb91f69f847293dac6 - default default] http://[LB_IP_ADDRESS]:8776/v3/ca222b066f4040eb91f69f847293dac6/volumes/03f37c5a-bbdb-4e48-b0a6-171d01c186ec returned with HTTP 200
2022-08-03 08:52:03.482 20 INFO cinder.api.openstack.wsgi [req-2cc4b7c0-1c76-43ab-a80f-cbea506dd48a b06de24583bf4d87b6e8183fc2cb1696 aa6e80af6489497b9b3d22b4dfb50469 - default default] GET http://[LB_IP_ADDRESS]:8776/v3/aa6e80af6489497b9b3d22b4dfb50469/volumes/03f37c5a-bbdb-4e48-b0a6-171d01c186ec
2022-08-03 08:52:03.509 20 INFO cinder.volume.api [req-2cc4b7c0-1c76-43ab-a80f-cbea506dd48a b06de24583bf4d87b6e8183fc2cb1696 aa6e80af6489497b9b3d22b4dfb50469 - default default] Volume info retrieved successfully.
2022-08-03 08:52:03.518 20 INFO cinder.api.openstack.wsgi [req-2cc4b7c0-1c76-43ab-a80f-cbea506dd48a b06de24583bf4d87b6e8183fc2cb1696 aa6e80af6489497b9b3d22b4dfb50469 - default default] http://[LB_IP_ADDRESS]:8776/v3/aa6e80af6489497b9b3d22b4dfb50469/volumes/03f37c5a-bbdb-4e48-b0a6-171d01c186ec returned with HTTP 200
2022-08-03 08:52:03.545 22 INFO cinder.api.openstack.wsgi [req-e42d4ddc-c992-426b-9c67-53b3d66450a5 724a4dcd0985461f8c2272a68a2e5365 ca222b066f4040eb91f69f847293dac6 - default default] POST http://[LB_IP_ADDRESS]:8776/v3/ca222b066f4040eb91f69f847293dac6/volumes/03f37c5a-bbdb-4e48-b0a6-171d01c186ec/action
2022-08-03 08:52:03.562 22 INFO cinder.volume.api [req-e42d4ddc-c992-426b-9c67-53b3d66450a5 724a4dcd0985461f8c2272a68a2e5365 ca222b066f4040eb91f69f847293dac6 - default default] Volume info retrieved successfully.
2022-08-03 08:52:03.829 22 INFO cinder.volume.api [req-e42d4ddc-c992-426b-9c67-53b3d66450a5 724a4dcd0985461f8c2272a68a2e5365 ca222b066f4040eb91f69f847293dac6 - default default] Retype volume request issued successfully.
2022-08-03 08:52:03.830 22 INFO cinder.api.openstack.wsgi [req-e42d4ddc-c992-426b-9c67-53b3d66450a5 724a4dcd0985461f8c2272a68a2e5365 ca222b066f4040eb91f69f847293dac6 - default default] http://[LB_IP_ADDRESS]:8776/v3/ca222b066f4040eb91f69f847293dac6/volumes/03f37c5a-bbdb-4e48-b0a6-171d01c186ec/action returned with HTTP 202
2022-08-03 08:52:03.844 21 INFO cinder.api.openstack.wsgi [req-35f9d145-ad0c-40df-9f10-6ac131ba7031 724a4dcd0985461f8c2272a68a2e5365 ca222b066f4040eb91f69f847293dac6 - default default] GET http://[LB_IP_ADDRESS]:8776/v3/ca222b066f4040eb91f69f847293dac6/volumes/03f37c5a-bbdb-4e48-b0a6-171d01c186ec
2022-08-03 08:52:03.868 21 INFO cinder.volume.api [req-35f9d145-ad0c-40df-9f10-6ac131ba7031 724a4dcd0985461f8c2272a68a2e5365 ca222b066f4040eb91f69f847293dac6 - default default] Volume info retrieved successfully.
2022-08-03 08:52:03.875 21 INFO cinder.api.openstack.wsgi [req-35f9d145-ad0c-40df-9f10-6ac131ba7031 724a4dcd0985461f8c2272a68a2e5365 ca222b066f4040eb91f69f847293dac6 - default default] http://[LB_IP_ADDRESS]:8776/v3/ca222b066f4040eb91f69f847293dac6/volumes/03f37c5a-bbdb-4e48-b0a6-171d01c186ec returned with HTTP 200
2022-08-03 08:52:04.654 18 INFO cinder.api.openstack.wsgi [req-464b2012-358f-4577-9b94-7ea35a25adb7 925784bb2e3a4db88d5c26f21cb8386f e16fb4a3bf4c4c87aef3e968b809673f - default default] GET http://[LB_IP_ADDRESS]:8776/v3/e16fb4a3bf4c4c87aef3e968b809673f/os-quota-class-sets/default
2022-08-03 08:52:04.829 18 INFO cinder.api.openstack.wsgi [req-464b2012-358f-4577-9b94-7ea35a25adb7 925784bb2e3a4db88d5c26f21cb8386f e16fb4a3bf4c4c87aef3e968b809673f - default default] http://[LB_IP_ADDRESS]:8776/v3/e16fb4a3bf4c4c87aef3e968b809673f/os-quota-class-sets/default returned with HTTP 200
2022-08-03 08:52:04.853 19 INFO cinder.api.openstack.wsgi [req-d7e1af10-caac-4e21-bc5c-23ee4a824f3d 925784bb2e3a4db88d5c26f21cb8386f e16fb4a3bf4c4c87aef3e968b809673f - default default] GET http://[LB_IP_ADDRESS]:8776/v3/e16fb4a3bf4c4c87aef3e968b809673f/os-quota-class-sets/default
2022-08-03 08:52:04.908 20 INFO cinder.api.openstack.wsgi [req-db116f44-9660-4e94-8029-ea9892de0b1f 724a4dcd0985461f8c2272a68a2e5365 ca222b066f4040eb91f69f847293dac6 - default default] GET http://[LB_IP_ADDRESS]:8776/v3/ca222b066f4040eb91f69f847293dac6/volumes/03f37c5a-bbdb-4e48-b0a6-171d01c186ec
2022-08-03 08:52:04.941 20 INFO cinder.volume.api [req-db116f44-9660-4e94-8029-ea9892de0b1f 724a4dcd0985461f8c2272a68a2e5365 ca222b066f4040eb91f69f847293dac6 - default default] Volume info retrieved successfully.
2022-08-03 08:52:04.949 20 INFO cinder.api.openstack.wsgi [req-db116f44-9660-4e94-8029-ea9892de0b1f 724a4dcd0985461f8c2272a68a2e5365 ca222b066f4040eb91f69f847293dac6 - default default] http://[LB_IP_ADDRESS]:8776/v3/ca222b066f4040eb91f69f847293dac6/volumes/03f37c5a-bbdb-4e48-b0a6-171d01c186ec returned with HTTP 200
2022-08-03 08:52:04.977 22 INFO cinder.api.openstack.wsgi [req-636b06e7-561e-44cc-a8b7-4004133d4ec1 b06de24583bf4d87b6e8183fc2cb1696 aa6e80af6489497b9b3d22b4dfb50469 - default default] GET http://[LB_IP_ADDRESS]:8776/v3/aa6e80af6489497b9b3d22b4dfb50469/volumes/03f37c5a-bbdb-4e48-b0a6-171d01c186ec
2022-08-03 08:52:05.007 22 INFO cinder.volume.api [req-636b06e7-561e-44cc-a8b7-4004133d4ec1 b06de24583bf4d87b6e8183fc2cb1696 aa6e80af6489497b9b3d22b4dfb50469 - default default] Volume info retrieved successfully.
2022-08-03 08:52:05.016 22 INFO cinder.api.openstack.wsgi [req-636b06e7-561e-44cc-a8b7-4004133d4ec1 b06de24583bf4d87b6e8183fc2cb1696 aa6e80af6489497b9b3d22b4dfb50469 - default default] http://[LB_IP_ADDRESS]:8776/v3/aa6e80af6489497b9b3d22b4dfb50469/volumes/03f37c5a-bbdb-4e48-b0a6-171d01c186ec returned with HTTP 200
2022-08-03 08:52:05.037 19 INFO cinder.api.openstack.wsgi [req-d7e1af10-caac-4e21-bc5c-23ee4a824f3d 925784bb2e3a4db88d5c26f21cb8386f e16fb4a3bf4c4c87aef3e968b809673f - default default] http://[LB_IP_ADDRESS]:8776/v3/e16fb4a3bf4c4c87aef3e968b809673f/os-quota-class-sets/default returned with HTTP 200
2022-08-03 08:52:05.040 21 INFO cinder.api.openstack.wsgi [req-07c1140f-89a7-416e-bfbd-3521c453fe7f b06de24583bf4d87b6e8183fc2cb1696 aa6e80af6489497b9b3d22b4dfb50469 - default default] GET http://[LB_IP_ADDRESS]:8776/v3/aa6e80af6489497b9b3d22b4dfb50469/volumes?all_tenants=True&name=tempest-VolumeRetypeWithoutMigrationTest-Volume-270856861
2022-08-03 08:52:05.057 18 INFO cinder.api.openstack.wsgi [req-11cb0728-6147-425d-9cd7-8ca7ed982bf2 925784bb2e3a4db88d5c26f21cb8386f e16fb4a3bf4c4c87aef3e968b809673f - default default] POST http://[LB_IP_ADDRESS]:8776/v3/e16fb4a3bf4c4c87aef3e968b809673f/types
2022-08-03 08:52:05.078 21 INFO cinder.volume.api [req-07c1140f-89a7-416e-bfbd-3521c453fe7f b06de24583bf4d87b6e8183fc2cb1696 aa6e80af6489497b9b3d22b4dfb50469 - default default] Get all volumes completed successfully.
2022-08-03 08:52:05.080 21 INFO cinder.api.openstack.wsgi [req-07c1140f-89a7-416e-bfbd-3521c453fe7f b06de24583bf4d87b6e8183fc2cb1696 aa6e80af6489497b9b3d22b4dfb50469 - default default] http://[LB_IP_ADDRESS]:8776/v3/aa6e80af6489497b9b3d22b4dfb50469/volumes?all_tenants=True&name=tempest-VolumeRetypeWithoutMigrationTest-Volume-270856861 returned with HTTP 200
2022-08-03 08:52:05.087 18 INFO cinder.api.openstack.wsgi [req-11cb0728-6147-425d-9cd7-8ca7ed982bf2 925784bb2e3a4db88d5c26f21cb8386f e16fb4a3bf4c4c87aef3e968b809673f - default default] http://[LB_IP_ADDRESS]:8776/v3/e16fb4a3bf4c4c87aef3e968b809673f/types returned with HTTP 200
2022-08-03 08:52:05.099 20 INFO cinder.api.openstack.wsgi [req-0990a890-ff63-43f6-b00f-a92a410467ea 724a4dcd0985461f8c2272a68a2e5365 ca222b066f4040eb91f69f847293dac6 - default default] DELETE http://[LB_IP_ADDRESS]:8776/v3/ca222b066f4040eb91f69f847293dac6/volumes/03f37c5a-bbdb-4e48-b0a6-171d01c186ec
2022-08-03 08:52:05.100 20 INFO cinder.api.v3.volumes [req-0990a890-ff63-43f6-b00f-a92a410467ea 724a4dcd0985461f8c2272a68a2e5365 ca222b066f4040eb91f69f847293dac6 - default default] Delete volume with id: 03f37c5a-bbdb-4e48-b0a6-171d01c186ec 
2022-08-03 08:52:05.106 22 INFO cinder.api.openstack.wsgi [req-4d148280-cba4-4ea3-941f-3e08dfc8a853 925784bb2e3a4db88d5c26f21cb8386f e16fb4a3bf4c4c87aef3e968b809673f - default default] PUT http://[LB_IP_ADDRESS]:8776/v3/e16fb4a3bf4c4c87aef3e968b809673f/os-quota-class-sets/default
2022-08-03 08:52:05.117 20 INFO cinder.volume.api [req-0990a890-ff63-43f6-b00f-a92a410467ea 724a4dcd0985461f8c2272a68a2e5365 ca222b066f4040eb91f69f847293dac6 - default default] Volume info retrieved successfully.
2022-08-03 08:52:05.147 20 INFO cinder.volume.api [req-0990a890-ff63-43f6-b00f-a92a410467ea 724a4dcd0985461f8c2272a68a2e5365 ca222b066f4040eb91f69f847293dac6 - default default] Delete volume request issued successfully.
2022-08-03 08:52:05.148 20 INFO cinder.api.openstack.wsgi [req-0990a890-ff63-43f6-b00f-a92a410467ea 724a4dcd0985461f8c2272a68a2e5365 ca222b066f4040eb91f69f847293dac6 - default default] http://[LB_IP_ADDRESS]:8776/v3/ca222b066f4040eb91f69f847293dac6/volumes/03f37c5a-bbdb-4e48-b0a6-171d01c186ec returned with HTTP 202
2022-08-03 08:52:05.159 19 INFO cinder.api.openstack.wsgi [req-8f03390b-3098-46e5-9988-2bfa96330516 724a4dcd0985461f8c2272a68a2e5365 ca222b066f4040eb91f69f847293dac6 - default default] GET http://[LB_IP_ADDRESS]:8776/v3/ca222b066f4040eb91f69f847293dac6/volumes/03f37c5a-bbdb-4e48-b0a6-171d01c186ec
2022-08-03 08:52:05.183 19 INFO cinder.volume.api [req-8f03390b-3098-46e5-9988-2bfa96330516 724a4dcd0985461f8c2272a68a2e5365 ca222b066f4040eb91f69f847293dac6 - default default] Volume info retrieved successfully.
2022-08-03 08:52:05.191 19 INFO cinder.api.openstack.wsgi [req-8f03390b-3098-46e5-9988-2bfa96330516 724a4dcd0985461f8c2272a68a2e5365 ca222b066f4040eb91f69f847293dac6 - default default] http://[LB_IP_ADDRESS]:8776/v3/ca222b066f4040eb91f69f847293dac6/volumes/03f37c5a-bbdb-4e48-b0a6-171d01c186ec returned with HTTP 200
2022-08-03 08:52:05.700 22 INFO cinder.api.openstack.wsgi [req-4d148280-cba4-4ea3-941f-3e08dfc8a853 925784bb2e3a4db88d5c26f21cb8386f e16fb4a3bf4c4c87aef3e968b809673f - default default] http://[LB_IP_ADDRESS]:8776/v3/e16fb4a3bf4c4c87aef3e968b809673f/os-quota-class-sets/default returned with HTTP 200
2022-08-03 08:52:05.719 21 INFO cinder.api.openstack.wsgi [req-f3094b4a-3116-4d34-8ef6-84498b8f8956 925784bb2e3a4db88d5c26f21cb8386f e16fb4a3bf4c4c87aef3e968b809673f - default default] GET http://[LB_IP_ADDRESS]:8776/v3/e16fb4a3bf4c4c87aef3e968b809673f/os-quota-sets/e16fb4a3bf4c4c87aef3e968b809673f/defaults
2022-08-03 08:52:05.774 21 WARNING cinder.quota [req-f3094b4a-3116-4d34-8ef6-84498b8f8956 925784bb2e3a4db88d5c26f21cb8386f e16fb4a3bf4c4c87aef3e968b809673f - default default] Deprecated: Default quota for resource: snapshots_volume-type-1 is set by the default quota flag: quota_snapshots_volume-type-1, it is now deprecated. Please use the default quota class for default quota.
2022-08-03 08:52:05.775 21 WARNING cinder.quota [req-f3094b4a-3116-4d34-8ef6-84498b8f8956 925784bb2e3a4db88d5c26f21cb8386f e16fb4a3bf4c4c87aef3e968b809673f - default default] Deprecated: Default quota for resource: snapshots_volume-type-2 is set by the default quota flag: quota_snapshots_volume-type-2, it is now deprecated. Please use the default quota class for default quota.
2022-08-03 08:52:05.814 21 INFO cinder.api.openstack.wsgi [req-f3094b4a-3116-4d34-8ef6-84498b8f8956 925784bb2e3a4db88d5c26f21cb8386f e16fb4a3bf4c4c87aef3e968b809673f - default default] http://[LB_IP_ADDRESS]:8776/v3/e16fb4a3bf4c4c87aef3e968b809673f/os-quota-sets/e16fb4a3bf4c4c87aef3e968b809673f/defaults returned with HTTP 200
2022-08-03 08:52:06.121 18 INFO cinder.api.openstack.wsgi [req-64950d8c-1b3e-4756-a249-ae66538a3c16 925784bb2e3a4db88d5c26f21cb8386f e16fb4a3bf4c4c87aef3e968b809673f - default default] GET http://[LB_IP_ADDRESS]:8776/v3/e16fb4a3bf4c4c87aef3e968b809673f/os-quota-sets/4ec4905b95824ac792bfef7591b93b9d/defaults
2022-08-03 08:52:06.176 18 WARNING cinder.quota [req-64950d8c-1b3e-4756-a249-ae66538a3c16 925784bb2e3a4db88d5c26f21cb8386f e16fb4a3bf4c4c87aef3e968b809673f - default default] Deprecated: Default quota for resource: snapshots_volume-type-1 is set by the default quota flag: quota_snapshots_volume-type-1, it is now deprecated. Please use the default quota class for default quota.
2022-08-03 08:52:06.178 18 WARNING cinder.quota [req-64950d8c-1b3e-4756-a249-ae66538a3c16 925784bb2e3a4db88d5c26f21cb8386f e16fb4a3bf4c4c87aef3e968b809673f - default default] Deprecated: Default quota for resource: snapshots_volume-type-2 is set by the default quota flag: quota_snapshots_volume-type-2, it is now deprecated. Please use the default quota class for default quota.
2022-08-03 08:52:06.216 20 INFO cinder.api.openstack.wsgi [req-fafcd62d-f6fc-4eea-bc21-6b940a5167af 724a4dcd0985461f8c2272a68a2e5365 ca222b066f4040eb91f69f847293dac6 - default default] GET http://[LB_IP_ADDRESS]:8776/v3/ca222b066f4040eb91f69f847293dac6/volumes/03f37c5a-bbdb-4e48-b0a6-171d01c186ec
2022-08-03 08:52:06.217 18 INFO cinder.api.openstack.wsgi [req-64950d8c-1b3e-4756-a249-ae66538a3c16 925784bb2e3a4db88d5c26f21cb8386f e16fb4a3bf4c4c87aef3e968b809673f - default default] http://[LB_IP_ADDRESS]:8776/v3/e16fb4a3bf4c4c87aef3e968b809673f/os-quota-sets/4ec4905b95824ac792bfef7591b93b9d/defaults returned with HTTP 200
2022-08-03 08:52:06.232 20 INFO cinder.api.openstack.wsgi [req-fafcd62d-f6fc-4eea-bc21-6b940a5167af 724a4dcd0985461f8c2272a68a2e5365 ca222b066f4040eb91f69f847293dac6 - default default] http://[LB_IP_ADDRESS]:8776/v3/ca222b066f4040eb91f69f847293dac6/volumes/03f37c5a-bbdb-4e48-b0a6-171d01c186ec returned with HTTP 404
2022-08-03 08:52:06.245 19 INFO cinder.api.openstack.wsgi [req-3accc0d7-fd6c-4db3-8270-c733b105e114 b06de24583bf4d87b6e8183fc2cb1696 aa6e80af6489497b9b3d22b4dfb50469 - default default] DELETE http://[LB_IP_ADDRESS]:8776/v3/aa6e80af6489497b9b3d22b4dfb50469/types/206c395a-3f73-4d26-ae0b-c0ed717ce8a3
2022-08-03 08:52:06.338 22 INFO cinder.api.openstack.wsgi [req-bdfbb033-aa28-43f0-96c6-34dd28bba8de 925784bb2e3a4db88d5c26f21cb8386f e16fb4a3bf4c4c87aef3e968b809673f - default default] PUT http://[LB_IP_ADDRESS]:8776/v3/e16fb4a3bf4c4c87aef3e968b809673f/os-quota-class-sets/default
2022-08-03 08:52:06.347 19 INFO cinder.api.openstack.wsgi [req-3accc0d7-fd6c-4db3-8270-c733b105e114 b06de24583bf4d87b6e8183fc2cb1696 aa6e80af6489497b9b3d22b4dfb50469 - default default] http://[LB_IP_ADDRESS]:8776/v3/aa6e80af6489497b9b3d22b4dfb50469/types/206c395a-3f73-4d26-ae0b-c0ed717ce8a3 returned with HTTP 202
2022-08-03 08:52:06.359 21 INFO cinder.api.openstack.wsgi [req-9fd34048-77c9-4fd1-9114-1802a2e49e1d b06de24583bf4d87b6e8183fc2cb1696 aa6e80af6489497b9b3d22b4dfb50469 - default default] GET http://[LB_IP_ADDRESS]:8776/v3/aa6e80af6489497b9b3d22b4dfb50469/types/206c395a-3f73-4d26-ae0b-c0ed717ce8a3
2022-08-03 08:52:06.367 21 INFO cinder.api.openstack.wsgi [req-9fd34048-77c9-4fd1-9114-1802a2e49e1d b06de24583bf4d87b6e8183fc2cb1696 aa6e80af6489497b9b3d22b4dfb50469 - default default] http://[LB_IP_ADDRESS]:8776/v3/aa6e80af6489497b9b3d22b4dfb50469/types/206c395a-3f73-4d26-ae0b-c0ed717ce8a3 returned with HTTP 404
2022-08-03 08:52:06.379 18 INFO cinder.api.openstack.wsgi [req-b175e8ef-8f6f-4267-8bd9-515bd959cf98 b06de24583bf4d87b6e8183fc2cb1696 aa6e80af6489497b9b3d22b4dfb50469 - default default] DELETE http://[LB_IP_ADDRESS]:8776/v3/aa6e80af6489497b9b3d22b4dfb50469/types/95560d0d-b876-4838-9b7f-64b8e2f7bf47
2022-08-03 08:52:06.480 18 INFO cinder.api.openstack.wsgi [req-b175e8ef-8f6f-4267-8bd9-515bd959cf98 b06de24583bf4d87b6e8183fc2cb1696 aa6e80af6489497b9b3d22b4dfb50469 - default default] http://[LB_IP_ADDRESS]:8776/v3/aa6e80af6489497b9b3d22b4dfb50469/types/95560d0d-b876-4838-9b7f-64b8e2f7bf47 returned with HTTP 202
2022-08-03 08:52:06.493 20 INFO cinder.api.openstack.wsgi [req-201fa348-746b-44d0-a43e-abb9bdbe4836 b06de24583bf4d87b6e8183fc2cb1696 aa6e80af6489497b9b3d22b4dfb50469 - default default] GET http://[LB_IP_ADDRESS]:8776/v3/aa6e80af6489497b9b3d22b4dfb50469/types/95560d0d-b876-4838-9b7f-64b8e2f7bf47
2022-08-03 08:52:06.500 20 INFO cinder.api.openstack.wsgi [req-201fa348-746b-44d0-a43e-abb9bdbe4836 b06de24583bf4d87b6e8183fc2cb1696 aa6e80af6489497b9b3d22b4dfb50469 - default default] http://[LB_IP_ADDRESS]:8776/v3/aa6e80af6489497b9b3d22b4dfb50469/types/95560d0d-b876-4838-9b7f-64b8e2f7bf47 returned with HTTP 404
2022-08-03 08:52:06.613 22 INFO cinder.api.openstack.wsgi [req-bdfbb033-aa28-43f0-96c6-34dd28bba8de 925784bb2e3a4db88d5c26f21cb8386f e16fb4a3bf4c4c87aef3e968b809673f - default default] http://[LB_IP_ADDRESS]:8776/v3/e16fb4a3bf4c4c87aef3e968b809673f/os-quota-class-sets/default returned with HTTP 200
2022-08-03 08:52:06.632 19 INFO cinder.api.openstack.wsgi [req-dc6d473f-94fe-4192-840a-41f889b2cfa6 925784bb2e3a4db88d5c26f21cb8386f e16fb4a3bf4c4c87aef3e968b809673f - default default] DELETE http://[LB_IP_ADDRESS]:8776/v3/e16fb4a3bf4c4c87aef3e968b809673f/types/190c1156-aebc-4946-874c-8710de041efe
2022-08-03 08:52:06.735 19 INFO cinder.api.openstack.wsgi [req-dc6d473f-94fe-4192-840a-41f889b2cfa6 925784bb2e3a4db88d5c26f21cb8386f e16fb4a3bf4c4c87aef3e968b809673f - default default] http://[LB_IP_ADDRESS]:8776/v3/e16fb4a3bf4c4c87aef3e968b809673f/types/190c1156-aebc-4946-874c-8710de041efe returned with HTTP 202
2022-08-03 08:52:06.748 21 INFO cinder.api.openstack.wsgi [req-31aba61e-f79b-4e82-bdc3-15d70904783a 925784bb2e3a4db88d5c26f21cb8386f e16fb4a3bf4c4c87aef3e968b809673f - default default] GET http://[LB_IP_ADDRESS]:8776/v3/e16fb4a3bf4c4c87aef3e968b809673f/types/190c1156-aebc-4946-874c-8710de041efe
2022-08-03 08:52:06.756 21 INFO cinder.api.openstack.wsgi [req-31aba61e-f79b-4e82-bdc3-15d70904783a 925784bb2e3a4db88d5c26f21cb8386f e16fb4a3bf4c4c87aef3e968b809673f - default default] http://[LB_IP_ADDRESS]:8776/v3/e16fb4a3bf4c4c87aef3e968b809673f/types/190c1156-aebc-4946-874c-8710de041efe returned with HTTP 404
2022-08-03 08:52:11.740 18 INFO cinder.api.openstack.wsgi [req-2265a664-3ea0-434a-9aba-e05eef50d5f2 efc13a1018be41d2ab58f22ea7480998 615cd5b135a14300bf17177f92b9035f - default default] GET http://[LB_IP_ADDRESS]:8776/v3/615cd5b135a14300bf17177f92b9035f/os-quota-sets/520ea2cea81341f4b54aaa0b03d0435d
2022-08-03 08:52:11.859 18 INFO cinder.api.openstack.wsgi [req-2265a664-3ea0-434a-9aba-e05eef50d5f2 efc13a1018be41d2ab58f22ea7480998 615cd5b135a14300bf17177f92b9035f - default default] http://[LB_IP_ADDRESS]:8776/v3/615cd5b135a14300bf17177f92b9035f/os-quota-sets/520ea2cea81341f4b54aaa0b03d0435d returned with HTTP 200
2022-08-03 08:52:11.877 22 INFO cinder.api.openstack.wsgi [req-386d60b8-9a1a-40eb-9ecd-63a2d817dc03 efc13a1018be41d2ab58f22ea7480998 615cd5b135a14300bf17177f92b9035f - default default] PUT http://[LB_IP_ADDRESS]:8776/v3/615cd5b135a14300bf17177f92b9035f/os-quota-sets/520ea2cea81341f4b54aaa0b03d0435d
2022-08-03 08:52:11.894 20 INFO cinder.api.openstack.wsgi [req-cd2d0205-7e33-49e2-8af6-a39476c600e0 4126a1e11d694c4a9a01b111b2c5aafa 3207003ef937483097e0e76d4b045a0a - default default] GET http://[LB_IP_ADDRESS]:8776/v3/3207003ef937483097e0e76d4b045a0a/os-quota-sets/30a09deff2d24aa2bd6dc35baca9a504
2022-08-03 08:52:12.016 20 INFO cinder.api.openstack.wsgi [req-cd2d0205-7e33-49e2-8af6-a39476c600e0 4126a1e11d694c4a9a01b111b2c5aafa 3207003ef937483097e0e76d4b045a0a - default default] http://[LB_IP_ADDRESS]:8776/v3/3207003ef937483097e0e76d4b045a0a/os-quota-sets/30a09deff2d24aa2bd6dc35baca9a504 returned with HTTP 200
2022-08-03 08:52:12.089 22 INFO cinder.api.openstack.wsgi [req-386d60b8-9a1a-40eb-9ecd-63a2d817dc03 efc13a1018be41d2ab58f22ea7480998 615cd5b135a14300bf17177f92b9035f - default default] http://[LB_IP_ADDRESS]:8776/v3/615cd5b135a14300bf17177f92b9035f/os-quota-sets/520ea2cea81341f4b54aaa0b03d0435d returned with HTTP 200
2022-08-03 08:52:12.205 19 INFO cinder.api.openstack.wsgi [req-897c741f-608a-4004-ad20-27c8919f66fc 6e59abc8b7644073a137accad59fe5bd 30a09deff2d24aa2bd6dc35baca9a504 - default default] POST http://[LB_IP_ADDRESS]:8776/v3/30a09deff2d24aa2bd6dc35baca9a504/volumes
2022-08-03 08:52:12.208 19 INFO cinder.api.v3.volumes [req-897c741f-608a-4004-ad20-27c8919f66fc 6e59abc8b7644073a137accad59fe5bd 30a09deff2d24aa2bd6dc35baca9a504 - default default] Create volume of 1 GB
2022-08-03 08:52:12.221 19 INFO cinder.volume.api [req-897c741f-608a-4004-ad20-27c8919f66fc 6e59abc8b7644073a137accad59fe5bd 30a09deff2d24aa2bd6dc35baca9a504 - default default] Availability Zones retrieved successfully.
2022-08-03 08:52:12.229 21 INFO cinder.api.openstack.wsgi [req-b558adf7-2acf-4163-862c-3bc0d1ca19c1 d271aca03a9149df8793f5ee553acbe8 520ea2cea81341f4b54aaa0b03d0435d - default default] POST http://[LB_IP_ADDRESS]:8776/v3/520ea2cea81341f4b54aaa0b03d0435d/volumes
2022-08-03 08:52:12.231 21 INFO cinder.api.v3.volumes [req-b558adf7-2acf-4163-862c-3bc0d1ca19c1 d271aca03a9149df8793f5ee553acbe8 520ea2cea81341f4b54aaa0b03d0435d - default default] Create volume of 1 GB
2022-08-03 08:52:12.243 21 INFO cinder.volume.api [req-b558adf7-2acf-4163-862c-3bc0d1ca19c1 d271aca03a9149df8793f5ee553acbe8 520ea2cea81341f4b54aaa0b03d0435d - default default] Availability Zones retrieved successfully.
2022-08-03 08:52:12.580 19 INFO cinder.volume.api [req-897c741f-608a-4004-ad20-27c8919f66fc 6e59abc8b7644073a137accad59fe5bd 30a09deff2d24aa2bd6dc35baca9a504 - default default] Create volume request issued successfully.
2022-08-03 08:52:12.582 19 INFO cinder.api.openstack.wsgi [req-897c741f-608a-4004-ad20-27c8919f66fc 6e59abc8b7644073a137accad59fe5bd 30a09deff2d24aa2bd6dc35baca9a504 - default default] http://[LB_IP_ADDRESS]:8776/v3/30a09deff2d24aa2bd6dc35baca9a504/volumes returned with HTTP 202
2022-08-03 08:52:12.604 21 INFO cinder.volume.api [req-b558adf7-2acf-4163-862c-3bc0d1ca19c1 d271aca03a9149df8793f5ee553acbe8 520ea2cea81341f4b54aaa0b03d0435d - default default] Create volume request issued successfully.
2022-08-03 08:52:12.605 21 INFO cinder.api.openstack.wsgi [req-b558adf7-2acf-4163-862c-3bc0d1ca19c1 d271aca03a9149df8793f5ee553acbe8 520ea2cea81341f4b54aaa0b03d0435d - default default] http://[LB_IP_ADDRESS]:8776/v3/520ea2cea81341f4b54aaa0b03d0435d/volumes returned with HTTP 202
2022-08-03 08:52:12.610 18 INFO cinder.api.openstack.wsgi [req-4e2a9323-c8d3-4b24-8656-1fb0919f447a 6e59abc8b7644073a137accad59fe5bd 30a09deff2d24aa2bd6dc35baca9a504 - default default] GET http://[LB_IP_ADDRESS]:8776/v3/30a09deff2d24aa2bd6dc35baca9a504/volumes/b1625e71-4d92-4811-b3d6-ab9e343214eb
2022-08-03 08:52:12.629 20 INFO cinder.api.openstack.wsgi [req-4beb1c08-b400-46a4-9351-bbe321d100ef d271aca03a9149df8793f5ee553acbe8 520ea2cea81341f4b54aaa0b03d0435d - default default] GET http://[LB_IP_ADDRESS]:8776/v3/520ea2cea81341f4b54aaa0b03d0435d/volumes/79dd08a5-3193-4861-b93c-94386ac0e08a
2022-08-03 08:52:12.641 18 INFO cinder.volume.api [req-4e2a9323-c8d3-4b24-8656-1fb0919f447a 6e59abc8b7644073a137accad59fe5bd 30a09deff2d24aa2bd6dc35baca9a504 - default default] Volume info retrieved successfully.
2022-08-03 08:52:12.649 18 INFO cinder.api.openstack.wsgi [req-4e2a9323-c8d3-4b24-8656-1fb0919f447a 6e59abc8b7644073a137accad59fe5bd 30a09deff2d24aa2bd6dc35baca9a504 - default default] http://[LB_IP_ADDRESS]:8776/v3/30a09deff2d24aa2bd6dc35baca9a504/volumes/b1625e71-4d92-4811-b3d6-ab9e343214eb returned with HTTP 200
2022-08-03 08:52:12.656 20 INFO cinder.volume.api [req-4beb1c08-b400-46a4-9351-bbe321d100ef d271aca03a9149df8793f5ee553acbe8 520ea2cea81341f4b54aaa0b03d0435d - default default] Volume info retrieved successfully.
2022-08-03 08:52:12.663 20 INFO cinder.api.openstack.wsgi [req-4beb1c08-b400-46a4-9351-bbe321d100ef d271aca03a9149df8793f5ee553acbe8 520ea2cea81341f4b54aaa0b03d0435d - default default] http://[LB_IP_ADDRESS]:8776/v3/520ea2cea81341f4b54aaa0b03d0435d/volumes/79dd08a5-3193-4861-b93c-94386ac0e08a returned with HTTP 200
2022-08-03 08:52:13.686 22 INFO cinder.api.openstack.wsgi [req-d8314ed9-fc3a-44a7-bfc2-879a41562443 6e59abc8b7644073a137accad59fe5bd 30a09deff2d24aa2bd6dc35baca9a504 - default default] GET http://[LB_IP_ADDRESS]:8776/v3/30a09deff2d24aa2bd6dc35baca9a504/volumes/b1625e71-4d92-4811-b3d6-ab9e343214eb
2022-08-03 08:52:13.697 19 INFO cinder.api.openstack.wsgi [req-6c348dd0-4cf4-4189-bad4-9877540aecfe d271aca03a9149df8793f5ee553acbe8 520ea2cea81341f4b54aaa0b03d0435d - default default] GET http://[LB_IP_ADDRESS]:8776/v3/520ea2cea81341f4b54aaa0b03d0435d/volumes/79dd08a5-3193-4861-b93c-94386ac0e08a
2022-08-03 08:52:13.716 22 INFO cinder.volume.api [req-d8314ed9-fc3a-44a7-bfc2-879a41562443 6e59abc8b7644073a137accad59fe5bd 30a09deff2d24aa2bd6dc35baca9a504 - default default] Volume info retrieved successfully.
2022-08-03 08:52:13.726 22 INFO cinder.api.openstack.wsgi [req-d8314ed9-fc3a-44a7-bfc2-879a41562443 6e59abc8b7644073a137accad59fe5bd 30a09deff2d24aa2bd6dc35baca9a504 - default default] http://[LB_IP_ADDRESS]:8776/v3/30a09deff2d24aa2bd6dc35baca9a504/volumes/b1625e71-4d92-4811-b3d6-ab9e343214eb returned with HTTP 200
2022-08-03 08:52:13.730 19 INFO cinder.volume.api [req-6c348dd0-4cf4-4189-bad4-9877540aecfe d271aca03a9149df8793f5ee553acbe8 520ea2cea81341f4b54aaa0b03d0435d - default default] Volume info retrieved successfully.
2022-08-03 08:52:13.739 19 INFO cinder.api.openstack.wsgi [req-6c348dd0-4cf4-4189-bad4-9877540aecfe d271aca03a9149df8793f5ee553acbe8 520ea2cea81341f4b54aaa0b03d0435d - default default] http://[LB_IP_ADDRESS]:8776/v3/520ea2cea81341f4b54aaa0b03d0435d/volumes/79dd08a5-3193-4861-b93c-94386ac0e08a returned with HTTP 200
2022-08-03 08:52:13.752 21 INFO cinder.api.openstack.wsgi [req-3c50eaa8-88c0-406a-9736-bc9b68d0b030 4126a1e11d694c4a9a01b111b2c5aafa 3207003ef937483097e0e76d4b045a0a - default default] PUT http://[LB_IP_ADDRESS]:8776/v3/3207003ef937483097e0e76d4b045a0a/os-quota-sets/30a09deff2d24aa2bd6dc35baca9a504
2022-08-03 08:52:13.763 18 INFO cinder.api.openstack.wsgi [req-5e2c0d90-86d8-40ae-bb00-2d06ee9b6e84 d271aca03a9149df8793f5ee553acbe8 520ea2cea81341f4b54aaa0b03d0435d - default default] POST http://[LB_IP_ADDRESS]:8776/v3/520ea2cea81341f4b54aaa0b03d0435d/snapshots
2022-08-03 08:52:13.785 18 INFO cinder.volume.api [req-5e2c0d90-86d8-40ae-bb00-2d06ee9b6e84 d271aca03a9149df8793f5ee553acbe8 520ea2cea81341f4b54aaa0b03d0435d - default default] Volume info retrieved successfully.
2022-08-03 08:52:13.786 18 INFO cinder.api.v3.snapshots [req-5e2c0d90-86d8-40ae-bb00-2d06ee9b6e84 d271aca03a9149df8793f5ee553acbe8 520ea2cea81341f4b54aaa0b03d0435d - default default] Create snapshot from volume 79dd08a5-3193-4861-b93c-94386ac0e08a
2022-08-03 08:52:13.950 21 INFO cinder.api.openstack.wsgi [req-3c50eaa8-88c0-406a-9736-bc9b68d0b030 4126a1e11d694c4a9a01b111b2c5aafa 3207003ef937483097e0e76d4b045a0a - default default] http://[LB_IP_ADDRESS]:8776/v3/3207003ef937483097e0e76d4b045a0a/os-quota-sets/30a09deff2d24aa2bd6dc35baca9a504 returned with HTTP 200
2022-08-03 08:52:13.957 18 INFO cinder.volume.api [req-5e2c0d90-86d8-40ae-bb00-2d06ee9b6e84 d271aca03a9149df8793f5ee553acbe8 520ea2cea81341f4b54aaa0b03d0435d - default default] Snapshot create request issued successfully.
2022-08-03 08:52:13.958 18 INFO cinder.api.openstack.wsgi [req-5e2c0d90-86d8-40ae-bb00-2d06ee9b6e84 d271aca03a9149df8793f5ee553acbe8 520ea2cea81341f4b54aaa0b03d0435d - default default] http://[LB_IP_ADDRESS]:8776/v3/520ea2cea81341f4b54aaa0b03d0435d/snapshots returned with HTTP 202
2022-08-03 08:52:13.967 20 INFO cinder.api.openstack.wsgi [req-bede31c0-9e5c-4876-9d41-a4ea22bc3898 6e59abc8b7644073a137accad59fe5bd 30a09deff2d24aa2bd6dc35baca9a504 - default default] POST http://[LB_IP_ADDRESS]:8776/v3/30a09deff2d24aa2bd6dc35baca9a504/volumes
2022-08-03 08:52:13.969 20 INFO cinder.api.v3.volumes [req-bede31c0-9e5c-4876-9d41-a4ea22bc3898 6e59abc8b7644073a137accad59fe5bd 30a09deff2d24aa2bd6dc35baca9a504 - default default] Create volume of 2 GB
2022-08-03 08:52:13.977 22 INFO cinder.api.openstack.wsgi [req-29eddd8a-0e53-422c-9c3d-f0250360c25c d271aca03a9149df8793f5ee553acbe8 520ea2cea81341f4b54aaa0b03d0435d - default default] GET http://[LB_IP_ADDRESS]:8776/v3/520ea2cea81341f4b54aaa0b03d0435d/snapshots/6e858122-d8f8-41d9-801e-c0ec1b92c914
2022-08-03 08:52:13.982 20 INFO cinder.volume.api [req-bede31c0-9e5c-4876-9d41-a4ea22bc3898 6e59abc8b7644073a137accad59fe5bd 30a09deff2d24aa2bd6dc35baca9a504 - default default] Availability Zones retrieved successfully.
2022-08-03 08:52:13.989 22 INFO cinder.volume.api [req-29eddd8a-0e53-422c-9c3d-f0250360c25c d271aca03a9149df8793f5ee553acbe8 520ea2cea81341f4b54aaa0b03d0435d - default default] Snapshot retrieved successfully.
2022-08-03 08:52:13.990 22 INFO cinder.api.openstack.wsgi [req-29eddd8a-0e53-422c-9c3d-f0250360c25c d271aca03a9149df8793f5ee553acbe8 520ea2cea81341f4b54aaa0b03d0435d - default default] http://[LB_IP_ADDRESS]:8776/v3/520ea2cea81341f4b54aaa0b03d0435d/snapshots/6e858122-d8f8-41d9-801e-c0ec1b92c914 returned with HTTP 200
2022-08-03 08:52:14.169 20 WARNING cinder.quota_utils [req-bede31c0-9e5c-4876-9d41-a4ea22bc3898 6e59abc8b7644073a137accad59fe5bd 30a09deff2d24aa2bd6dc35baca9a504 - default default] Quota exceeded for 30a09deff2d24aa2bd6dc35baca9a504, tried to create 2G volume (1G of 1G already consumed).: cinder.exception.OverQuota: Quota exceeded for resources: ['gigabytes']
2022-08-03 08:52:14.172 20 WARNING cinder.volume.api [req-bede31c0-9e5c-4876-9d41-a4ea22bc3898 6e59abc8b7644073a137accad59fe5bd 30a09deff2d24aa2bd6dc35baca9a504 - default default] Task 'cinder.volume.flows.api.create_volume.QuotaReserveTask;volume:create' (a6c0b00b-8b25-498e-9897-2cb992042dcb) transitioned into state 'FAILURE' from state 'RUNNING'

Failure: cinder.exception.VolumeSizeExceedsAvailableQuota: Requested volume or snapshot exceeds allowed gigabytes quota. Requested 2G, quota is 1G and 1G has been consumed.
2022-08-03 08:52:14.177 20 WARNING cinder.volume.api [req-bede31c0-9e5c-4876-9d41-a4ea22bc3898 6e59abc8b7644073a137accad59fe5bd 30a09deff2d24aa2bd6dc35baca9a504 - default default] Task 'cinder.volume.flows.api.create_volume.QuotaReserveTask;volume:create' (a6c0b00b-8b25-498e-9897-2cb992042dcb) transitioned into state 'REVERTED' from state 'REVERTING'
2022-08-03 08:52:14.180 20 WARNING cinder.volume.api [req-bede31c0-9e5c-4876-9d41-a4ea22bc3898 6e59abc8b7644073a137accad59fe5bd 30a09deff2d24aa2bd6dc35baca9a504 - default default] Task 'cinder.volume.flows.api.create_volume.ExtractVolumeRequestTask;volume:create' (b59196c8-6114-4af7-9352-db926f4e0d92) transitioned into state 'REVERTED' from state 'REVERTING'
2022-08-03 08:52:14.182 20 WARNING cinder.volume.api [req-bede31c0-9e5c-4876-9d41-a4ea22bc3898 6e59abc8b7644073a137accad59fe5bd 30a09deff2d24aa2bd6dc35baca9a504 - default default] Flow 'volume_create_api' (447616e8-07aa-4a12-986d-baf7c8a51a01) transitioned into state 'REVERTED' from state 'RUNNING'
2022-08-03 08:52:14.183 20 INFO cinder.api.middleware.fault [req-bede31c0-9e5c-4876-9d41-a4ea22bc3898 6e59abc8b7644073a137accad59fe5bd 30a09deff2d24aa2bd6dc35baca9a504 - default default] http://[LB_IP_ADDRESS]:8776/v3/30a09deff2d24aa2bd6dc35baca9a504/volumes returned with HTTP 413
2022-08-03 08:52:14.201 19 INFO cinder.api.openstack.wsgi [req-a526d4ab-2f97-4fb6-9264-59199ffbb0fa 4126a1e11d694c4a9a01b111b2c5aafa 3207003ef937483097e0e76d4b045a0a - default default] PUT http://[LB_IP_ADDRESS]:8776/v3/3207003ef937483097e0e76d4b045a0a/os-quota-sets/30a09deff2d24aa2bd6dc35baca9a504
2022-08-03 08:52:14.397 19 INFO cinder.api.openstack.wsgi [req-a526d4ab-2f97-4fb6-9264-59199ffbb0fa 4126a1e11d694c4a9a01b111b2c5aafa 3207003ef937483097e0e76d4b045a0a - default default] http://[LB_IP_ADDRESS]:8776/v3/3207003ef937483097e0e76d4b045a0a/os-quota-sets/30a09deff2d24aa2bd6dc35baca9a504 returned with HTTP 200
2022-08-03 08:52:14.415 21 INFO cinder.api.openstack.wsgi [req-9859b698-019f-4605-abf2-295bd6ce60c9 6e59abc8b7644073a137accad59fe5bd 30a09deff2d24aa2bd6dc35baca9a504 - default default] POST http://[LB_IP_ADDRESS]:8776/v3/30a09deff2d24aa2bd6dc35baca9a504/volumes
2022-08-03 08:52:14.417 21 INFO cinder.api.v3.volumes [req-9859b698-019f-4605-abf2-295bd6ce60c9 6e59abc8b7644073a137accad59fe5bd 30a09deff2d24aa2bd6dc35baca9a504 - default default] Create volume of 1 GB
2022-08-03 08:52:14.428 21 INFO cinder.volume.api [req-9859b698-019f-4605-abf2-295bd6ce60c9 6e59abc8b7644073a137accad59fe5bd 30a09deff2d24aa2bd6dc35baca9a504 - default default] Availability Zones retrieved successfully.
2022-08-03 08:52:14.635 21 WARNING cinder.quota_utils [req-9859b698-019f-4605-abf2-295bd6ce60c9 6e59abc8b7644073a137accad59fe5bd 30a09deff2d24aa2bd6dc35baca9a504 - default default] Quota exceeded for 30a09deff2d24aa2bd6dc35baca9a504, tried to create volume (1 volumes already consumed).: cinder.exception.OverQuota: Quota exceeded for resources: ['volumes']
2022-08-03 08:52:14.639 21 WARNING cinder.volume.api [req-9859b698-019f-4605-abf2-295bd6ce60c9 6e59abc8b7644073a137accad59fe5bd 30a09deff2d24aa2bd6dc35baca9a504 - default default] Task 'cinder.volume.flows.api.create_volume.QuotaReserveTask;volume:create' (228e7475-d5b9-4d31-bdda-9a0b7ff3d1f6) transitioned into state 'FAILURE' from state 'RUNNING'

Failure: cinder.exception.VolumeLimitExceeded: Maximum number of volumes allowed (1) exceeded for quota 'volumes'.
2022-08-03 08:52:14.645 21 WARNING cinder.volume.api [req-9859b698-019f-4605-abf2-295bd6ce60c9 6e59abc8b7644073a137accad59fe5bd 30a09deff2d24aa2bd6dc35baca9a504 - default default] Task 'cinder.volume.flows.api.create_volume.QuotaReserveTask;volume:create' (228e7475-d5b9-4d31-bdda-9a0b7ff3d1f6) transitioned into state 'REVERTED' from state 'REVERTING'
2022-08-03 08:52:14.648 21 WARNING cinder.volume.api [req-9859b698-019f-4605-abf2-295bd6ce60c9 6e59abc8b7644073a137accad59fe5bd 30a09deff2d24aa2bd6dc35baca9a504 - default default] Task 'cinder.volume.flows.api.create_volume.ExtractVolumeRequestTask;volume:create' (128a9a6d-216f-4644-8aaf-a0b7a2d7027c) transitioned into state 'REVERTED' from state 'REVERTING'
2022-08-03 08:52:14.650 21 WARNING cinder.volume.api [req-9859b698-019f-4605-abf2-295bd6ce60c9 6e59abc8b7644073a137accad59fe5bd 30a09deff2d24aa2bd6dc35baca9a504 - default default] Flow 'volume_create_api' (4555e6af-855c-4dc1-97c5-861a0cfdead4) transitioned into state 'REVERTED' from state 'RUNNING'
2022-08-03 08:52:14.651 21 INFO cinder.api.middleware.fault [req-9859b698-019f-4605-abf2-295bd6ce60c9 6e59abc8b7644073a137accad59fe5bd 30a09deff2d24aa2bd6dc35baca9a504 - default default] http://[LB_IP_ADDRESS]:8776/v3/30a09deff2d24aa2bd6dc35baca9a504/volumes returned with HTTP 413
2022-08-03 08:52:14.673 18 INFO cinder.api.openstack.wsgi [req-57695539-c58d-468c-bf90-66e9f9fba2ec 4126a1e11d694c4a9a01b111b2c5aafa 3207003ef937483097e0e76d4b045a0a - default default] PUT http://[LB_IP_ADDRESS]:8776/v3/3207003ef937483097e0e76d4b045a0a/os-quota-sets/30a09deff2d24aa2bd6dc35baca9a504
2022-08-03 08:52:14.840 18 INFO cinder.api.openstack.wsgi [req-57695539-c58d-468c-bf90-66e9f9fba2ec 4126a1e11d694c4a9a01b111b2c5aafa 3207003ef937483097e0e76d4b045a0a - default default] http://[LB_IP_ADDRESS]:8776/v3/3207003ef937483097e0e76d4b045a0a/os-quota-sets/30a09deff2d24aa2bd6dc35baca9a504 returned with HTTP 200
