2022-08-03 08:50:54.605 18 INFO cinder.api.v3.volumes [req-97a02c40-d2bd-4726-b4fb-d18cb1fd7bf5 cb03bbb1e96b4875bf4d63ffea0d862b 0ef101439ec7489ebbd7ae9b98ceb324 - default default] Delete volume with id: 898b43c7-a3c7-4122-8093-8e492be9be1b 
2022-08-03 08:50:54.619 18 INFO cinder.api.openstack.wsgi [req-97a02c40-d2bd-4726-b4fb-d18cb1fd7bf5 cb03bbb1e96b4875bf4d63ffea0d862b 0ef101439ec7489ebbd7ae9b98ceb324 - default default] http://[LB_IP_ADDRESS]:8776/v3/0ef101439ec7489ebbd7ae9b98ceb324/volumes/898b43c7-a3c7-4122-8093-8e492be9be1b returned with HTTP 404
2022-08-03 08:50:54.632 22 INFO cinder.api.openstack.wsgi [req-4e9f397d-0e0d-49d7-b8a0-0a7c9b9c1e15 a887b03834da48f69716c30e7ddfd365 1c90c52965364997bbc0d4862aa7e84f - default default] DELETE http://[LB_IP_ADDRESS]:8776/v3/1c90c52965364997bbc0d4862aa7e84f/types/3834870f-5cc1-4004-83fa-d1f6215cab5e
2022-08-03 08:50:54.733 22 INFO cinder.api.openstack.wsgi [req-4e9f397d-0e0d-49d7-b8a0-0a7c9b9c1e15 a887b03834da48f69716c30e7ddfd365 1c90c52965364997bbc0d4862aa7e84f - default default] http://[LB_IP_ADDRESS]:8776/v3/1c90c52965364997bbc0d4862aa7e84f/types/3834870f-5cc1-4004-83fa-d1f6215cab5e returned with HTTP 202
2022-08-03 08:50:54.745 19 INFO cinder.api.openstack.wsgi [req-a5f0a240-e097-4187-92f0-1ca76cb15d1e a887b03834da48f69716c30e7ddfd365 1c90c52965364997bbc0d4862aa7e84f - default default] GET http://[LB_IP_ADDRESS]:8776/v3/1c90c52965364997bbc0d4862aa7e84f/types/3834870f-5cc1-4004-83fa-d1f6215cab5e
2022-08-03 08:50:54.752 19 INFO cinder.api.openstack.wsgi [req-a5f0a240-e097-4187-92f0-1ca76cb15d1e a887b03834da48f69716c30e7ddfd365 1c90c52965364997bbc0d4862aa7e84f - default default] http://[LB_IP_ADDRESS]:8776/v3/1c90c52965364997bbc0d4862aa7e84f/types/3834870f-5cc1-4004-83fa-d1f6215cab5e returned with HTTP 404
2022-08-03 08:50:54.765 20 INFO cinder.api.openstack.wsgi [req-12cd4ee8-d5af-48a1-9eba-bd0007afc9f8 a887b03834da48f69716c30e7ddfd365 1c90c52965364997bbc0d4862aa7e84f - default default] DELETE http://[LB_IP_ADDRESS]:8776/v3/1c90c52965364997bbc0d4862aa7e84f/types/57d23ee0-4d78-487b-b439-1d6e1f669b9c
2022-08-03 08:50:54.861 21 INFO cinder.api.openstack.wsgi [req-3a1d9690-4f29-4e15-84bd-eafa781fcce3 4451047b25d24e2e965008b1eb7f4830 b3f2310d892748939ef17ca1bb5af997 - default default] GET http://[LB_IP_ADDRESS]:8776/v3/b3f2310d892748939ef17ca1bb5af997/volumes/6d2a95b3-ab31-4f2d-882a-7a84c9ee9619
2022-08-03 08:50:54.864 20 INFO cinder.api.openstack.wsgi [req-12cd4ee8-d5af-48a1-9eba-bd0007afc9f8 a887b03834da48f69716c30e7ddfd365 1c90c52965364997bbc0d4862aa7e84f - default default] http://[LB_IP_ADDRESS]:8776/v3/1c90c52965364997bbc0d4862aa7e84f/types/57d23ee0-4d78-487b-b439-1d6e1f669b9c returned with HTTP 202
2022-08-03 08:50:54.875 18 INFO cinder.api.openstack.wsgi [req-c3dd46ac-1c00-42cd-a341-003ee41dd4f7 a887b03834da48f69716c30e7ddfd365 1c90c52965364997bbc0d4862aa7e84f - default default] GET http://[LB_IP_ADDRESS]:8776/v3/1c90c52965364997bbc0d4862aa7e84f/types/57d23ee0-4d78-487b-b439-1d6e1f669b9c
2022-08-03 08:50:54.881 18 INFO cinder.api.openstack.wsgi [req-c3dd46ac-1c00-42cd-a341-003ee41dd4f7 a887b03834da48f69716c30e7ddfd365 1c90c52965364997bbc0d4862aa7e84f - default default] http://[LB_IP_ADDRESS]:8776/v3/1c90c52965364997bbc0d4862aa7e84f/types/57d23ee0-4d78-487b-b439-1d6e1f669b9c returned with HTTP 404
2022-08-03 08:50:54.885 21 INFO cinder.volume.api [req-3a1d9690-4f29-4e15-84bd-eafa781fcce3 4451047b25d24e2e965008b1eb7f4830 b3f2310d892748939ef17ca1bb5af997 - default default] Volume info retrieved successfully.
2022-08-03 08:50:54.914 21 INFO cinder.api.openstack.wsgi [req-3a1d9690-4f29-4e15-84bd-eafa781fcce3 4451047b25d24e2e965008b1eb7f4830 b3f2310d892748939ef17ca1bb5af997 - default default] http://[LB_IP_ADDRESS]:8776/v3/b3f2310d892748939ef17ca1bb5af997/volumes/6d2a95b3-ab31-4f2d-882a-7a84c9ee9619 returned with HTTP 200
2022-08-03 08:50:54.936 22 INFO cinder.api.openstack.wsgi [req-5a9ca561-2592-410e-b6cf-684bd79e7f4e 4451047b25d24e2e965008b1eb7f4830 b3f2310d892748939ef17ca1bb5af997 - default default] POST http://[LB_IP_ADDRESS]:8776/v3/b3f2310d892748939ef17ca1bb5af997/volumes
2022-08-03 08:50:54.950 22 INFO cinder.api.v3.volumes [req-5a9ca561-2592-410e-b6cf-684bd79e7f4e 4451047b25d24e2e965008b1eb7f4830 b3f2310d892748939ef17ca1bb5af997 - default default] Create volume of 1 GB
2022-08-03 08:50:54.959 22 INFO cinder.volume.api [req-5a9ca561-2592-410e-b6cf-684bd79e7f4e 4451047b25d24e2e965008b1eb7f4830 b3f2310d892748939ef17ca1bb5af997 - default default] Availability Zones retrieved successfully.
2022-08-03 08:50:55.126 22 WARNING cinder.quota [req-5a9ca561-2592-410e-b6cf-684bd79e7f4e 4451047b25d24e2e965008b1eb7f4830 b3f2310d892748939ef17ca1bb5af997 - default default] Deprecated: Default quota for resource: volumes_tempest-GroupSnapshotsTest-volume-type-197867118 is set by the default quota flag: quota_volumes_tempest-GroupSnapshotsTest-volume-type-197867118, it is now deprecated. Please use the default quota class for default quota.
2022-08-03 08:50:55.127 22 WARNING cinder.quota [req-5a9ca561-2592-410e-b6cf-684bd79e7f4e 4451047b25d24e2e965008b1eb7f4830 b3f2310d892748939ef17ca1bb5af997 - default default] Deprecated: Default quota for resource: gigabytes_tempest-GroupSnapshotsTest-volume-type-197867118 is set by the default quota flag: quota_gigabytes_tempest-GroupSnapshotsTest-volume-type-197867118, it is now deprecated. Please use the default quota class for default quota.
2022-08-03 08:50:55.214 22 INFO cinder.volume.api [req-5a9ca561-2592-410e-b6cf-684bd79e7f4e 4451047b25d24e2e965008b1eb7f4830 b3f2310d892748939ef17ca1bb5af997 - default default] Create volume request issued successfully.
2022-08-03 08:50:55.232 22 INFO cinder.api.openstack.wsgi [req-5a9ca561-2592-410e-b6cf-684bd79e7f4e 4451047b25d24e2e965008b1eb7f4830 b3f2310d892748939ef17ca1bb5af997 - default default] http://[LB_IP_ADDRESS]:8776/v3/b3f2310d892748939ef17ca1bb5af997/volumes returned with HTTP 202
2022-08-03 08:50:55.256 19 INFO cinder.api.openstack.wsgi [req-832fadb4-e848-412a-8ae9-19453dbaae51 4451047b25d24e2e965008b1eb7f4830 b3f2310d892748939ef17ca1bb5af997 - default default] GET http://[LB_IP_ADDRESS]:8776/v3/b3f2310d892748939ef17ca1bb5af997/volumes/cfafe473-136f-4f8f-af7d-e181b4fa3fd6
2022-08-03 08:50:55.282 19 INFO cinder.volume.api [req-832fadb4-e848-412a-8ae9-19453dbaae51 4451047b25d24e2e965008b1eb7f4830 b3f2310d892748939ef17ca1bb5af997 - default default] Volume info retrieved successfully.
2022-08-03 08:50:55.308 19 INFO cinder.api.openstack.wsgi [req-832fadb4-e848-412a-8ae9-19453dbaae51 4451047b25d24e2e965008b1eb7f4830 b3f2310d892748939ef17ca1bb5af997 - default default] http://[LB_IP_ADDRESS]:8776/v3/b3f2310d892748939ef17ca1bb5af997/volumes/cfafe473-136f-4f8f-af7d-e181b4fa3fd6 returned with HTTP 200
2022-08-03 08:50:55.698 20 INFO cinder.api.openstack.wsgi [req-0a6da4a3-5399-49ad-8929-298a4ddab837 - - - - -] GET http://[LB_IP_ADDRESS]:8776/
2022-08-03 08:50:55.700 20 INFO cinder.api.openstack.wsgi [req-0a6da4a3-5399-49ad-8929-298a4ddab837 - - - - -] http://[LB_IP_ADDRESS]:8776/ returned with HTTP 300
2022-08-03 08:50:56.333 18 INFO cinder.api.openstack.wsgi [req-911050bd-cb88-4e03-ae39-562054161f75 4451047b25d24e2e965008b1eb7f4830 b3f2310d892748939ef17ca1bb5af997 - default default] GET http://[LB_IP_ADDRESS]:8776/v3/b3f2310d892748939ef17ca1bb5af997/volumes/cfafe473-136f-4f8f-af7d-e181b4fa3fd6
2022-08-03 08:50:56.358 18 INFO cinder.volume.api [req-911050bd-cb88-4e03-ae39-562054161f75 4451047b25d24e2e965008b1eb7f4830 b3f2310d892748939ef17ca1bb5af997 - default default] Volume info retrieved successfully.
2022-08-03 08:50:56.385 18 INFO cinder.api.openstack.wsgi [req-911050bd-cb88-4e03-ae39-562054161f75 4451047b25d24e2e965008b1eb7f4830 b3f2310d892748939ef17ca1bb5af997 - default default] http://[LB_IP_ADDRESS]:8776/v3/b3f2310d892748939ef17ca1bb5af997/volumes/cfafe473-136f-4f8f-af7d-e181b4fa3fd6 returned with HTTP 200
2022-08-03 08:50:56.830 21 INFO cinder.api.openstack.wsgi [req-7f083e67-9e63-4d36-8493-350ab7c823bb - - - - -] GET http://[LB_IP_ADDRESS]:8776/
2022-08-03 08:50:56.832 21 INFO cinder.api.openstack.wsgi [req-7f083e67-9e63-4d36-8493-350ab7c823bb - - - - -] http://[LB_IP_ADDRESS]:8776/ returned with HTTP 300
2022-08-03 08:50:56.865 22 INFO cinder.api.openstack.wsgi [req-02648e97-8260-403f-a8ac-4686f73b6378 8ed335b78dc04b68be0396d67d6a4e23 99f3b2e463bc46a8a3b4f1316d9315b8 - default default] GET http://[LB_IP_ADDRESS]:8776/v3/99f3b2e463bc46a8a3b4f1316d9315b8/volumes/7707d10a-f064-4ce8-b46a-47f1f034d398
2022-08-03 08:50:56.893 22 INFO cinder.volume.api [req-02648e97-8260-403f-a8ac-4686f73b6378 8ed335b78dc04b68be0396d67d6a4e23 99f3b2e463bc46a8a3b4f1316d9315b8 - default default] Volume info retrieved successfully.
2022-08-03 08:50:56.902 22 INFO cinder.api.openstack.wsgi [req-02648e97-8260-403f-a8ac-4686f73b6378 8ed335b78dc04b68be0396d67d6a4e23 99f3b2e463bc46a8a3b4f1316d9315b8 - default default] http://[LB_IP_ADDRESS]:8776/v3/99f3b2e463bc46a8a3b4f1316d9315b8/volumes/7707d10a-f064-4ce8-b46a-47f1f034d398 returned with HTTP 200
2022-08-03 08:50:57.410 19 INFO cinder.api.openstack.wsgi [req-8f4a49dd-0a5d-4fcb-9351-ec3eb9420c3c 4451047b25d24e2e965008b1eb7f4830 b3f2310d892748939ef17ca1bb5af997 - default default] GET http://[LB_IP_ADDRESS]:8776/v3/b3f2310d892748939ef17ca1bb5af997/volumes/cfafe473-136f-4f8f-af7d-e181b4fa3fd6
2022-08-03 08:50:57.434 19 INFO cinder.volume.api [req-8f4a49dd-0a5d-4fcb-9351-ec3eb9420c3c 4451047b25d24e2e965008b1eb7f4830 b3f2310d892748939ef17ca1bb5af997 - default default] Volume info retrieved successfully.
2022-08-03 08:50:57.458 19 INFO cinder.api.openstack.wsgi [req-8f4a49dd-0a5d-4fcb-9351-ec3eb9420c3c 4451047b25d24e2e965008b1eb7f4830 b3f2310d892748939ef17ca1bb5af997 - default default] http://[LB_IP_ADDRESS]:8776/v3/b3f2310d892748939ef17ca1bb5af997/volumes/cfafe473-136f-4f8f-af7d-e181b4fa3fd6 returned with HTTP 200
2022-08-03 08:50:57.481 20 INFO cinder.api.openstack.wsgi [req-6a00c3a5-dbb4-437a-8d97-e34b07a92824 4451047b25d24e2e965008b1eb7f4830 b3f2310d892748939ef17ca1bb5af997 - default default] PUT http://[LB_IP_ADDRESS]:8776/v3/b3f2310d892748939ef17ca1bb5af997/groups/42d3b01f-5205-483a-a99c-6f614ea3c459
2022-08-03 08:50:57.484 20 INFO cinder.api.v3.groups [req-6a00c3a5-dbb4-437a-8d97-e34b07a92824 4451047b25d24e2e965008b1eb7f4830 b3f2310d892748939ef17ca1bb5af997 - default default] Updating group 42d3b01f-5205-483a-a99c-6f614ea3c459 with name None description: None add_volumes: None remove_volumes: 6d2a95b3-ab31-4f2d-882a-7a84c9ee9619.
2022-08-03 08:50:57.516 20 INFO cinder.api.openstack.wsgi [req-6a00c3a5-dbb4-437a-8d97-e34b07a92824 4451047b25d24e2e965008b1eb7f4830 b3f2310d892748939ef17ca1bb5af997 - default default] http://[LB_IP_ADDRESS]:8776/v3/b3f2310d892748939ef17ca1bb5af997/groups/42d3b01f-5205-483a-a99c-6f614ea3c459 returned with HTTP 202
2022-08-03 08:50:57.529 18 INFO cinder.api.openstack.wsgi [req-adaf50b1-67c5-4449-8ca1-2c63513caadc 4451047b25d24e2e965008b1eb7f4830 b3f2310d892748939ef17ca1bb5af997 - default default] GET http://[LB_IP_ADDRESS]:8776/v3/b3f2310d892748939ef17ca1bb5af997/groups/42d3b01f-5205-483a-a99c-6f614ea3c459
2022-08-03 08:50:57.549 18 INFO cinder.api.openstack.wsgi [req-adaf50b1-67c5-4449-8ca1-2c63513caadc 4451047b25d24e2e965008b1eb7f4830 b3f2310d892748939ef17ca1bb5af997 - default default] http://[LB_IP_ADDRESS]:8776/v3/b3f2310d892748939ef17ca1bb5af997/groups/42d3b01f-5205-483a-a99c-6f614ea3c459 returned with HTTP 200
2022-08-03 08:50:58.425 21 INFO cinder.api.openstack.wsgi [req-4cb5fa13-76db-460f-86e5-cb829412d636 8ed335b78dc04b68be0396d67d6a4e23 99f3b2e463bc46a8a3b4f1316d9315b8 - default default] PUT http://[LB_IP_ADDRESS]:8776/v3/99f3b2e463bc46a8a3b4f1316d9315b8/attachments/d8cd1935-de5f-4f8b-a5ba-1a4346e3e8e2
2022-08-03 08:50:58.568 22 INFO cinder.api.openstack.wsgi [req-f7d957de-0c27-47e0-8f70-dff4a6c6ebfb 4451047b25d24e2e965008b1eb7f4830 b3f2310d892748939ef17ca1bb5af997 - default default] GET http://[LB_IP_ADDRESS]:8776/v3/b3f2310d892748939ef17ca1bb5af997/groups/42d3b01f-5205-483a-a99c-6f614ea3c459
2022-08-03 08:50:58.587 22 INFO cinder.api.openstack.wsgi [req-f7d957de-0c27-47e0-8f70-dff4a6c6ebfb 4451047b25d24e2e965008b1eb7f4830 b3f2310d892748939ef17ca1bb5af997 - default default] http://[LB_IP_ADDRESS]:8776/v3/b3f2310d892748939ef17ca1bb5af997/groups/42d3b01f-5205-483a-a99c-6f614ea3c459 returned with HTTP 200
2022-08-03 08:50:58.606 19 INFO cinder.api.openstack.wsgi [req-252313b6-1e2a-4281-bca8-6f6baeb2b1fa 4451047b25d24e2e965008b1eb7f4830 b3f2310d892748939ef17ca1bb5af997 - default default] PUT http://[LB_IP_ADDRESS]:8776/v3/b3f2310d892748939ef17ca1bb5af997/groups/42d3b01f-5205-483a-a99c-6f614ea3c459
2022-08-03 08:50:58.608 19 INFO cinder.api.v3.groups [req-252313b6-1e2a-4281-bca8-6f6baeb2b1fa 4451047b25d24e2e965008b1eb7f4830 b3f2310d892748939ef17ca1bb5af997 - default default] Updating group 42d3b01f-5205-483a-a99c-6f614ea3c459 with name None description: None add_volumes: 6d2a95b3-ab31-4f2d-882a-7a84c9ee9619 remove_volumes: None.
2022-08-03 08:50:58.656 19 INFO cinder.api.openstack.wsgi [req-252313b6-1e2a-4281-bca8-6f6baeb2b1fa 4451047b25d24e2e965008b1eb7f4830 b3f2310d892748939ef17ca1bb5af997 - default default] http://[LB_IP_ADDRESS]:8776/v3/b3f2310d892748939ef17ca1bb5af997/groups/42d3b01f-5205-483a-a99c-6f614ea3c459 returned with HTTP 202
2022-08-03 08:50:58.670 20 INFO cinder.api.openstack.wsgi [req-1549ee2c-0c0a-4e9b-a056-d3d0dea66086 4451047b25d24e2e965008b1eb7f4830 b3f2310d892748939ef17ca1bb5af997 - default default] GET http://[LB_IP_ADDRESS]:8776/v3/b3f2310d892748939ef17ca1bb5af997/groups/42d3b01f-5205-483a-a99c-6f614ea3c459
2022-08-03 08:50:58.690 20 INFO cinder.api.openstack.wsgi [req-1549ee2c-0c0a-4e9b-a056-d3d0dea66086 4451047b25d24e2e965008b1eb7f4830 b3f2310d892748939ef17ca1bb5af997 - default default] http://[LB_IP_ADDRESS]:8776/v3/b3f2310d892748939ef17ca1bb5af997/groups/42d3b01f-5205-483a-a99c-6f614ea3c459 returned with HTTP 200
2022-08-03 08:50:59.710 18 INFO cinder.api.openstack.wsgi [req-d32d1bee-dba8-460d-9f31-c9cc6ae36d54 4451047b25d24e2e965008b1eb7f4830 b3f2310d892748939ef17ca1bb5af997 - default default] GET http://[LB_IP_ADDRESS]:8776/v3/b3f2310d892748939ef17ca1bb5af997/groups/42d3b01f-5205-483a-a99c-6f614ea3c459
2022-08-03 08:50:59.732 18 INFO cinder.api.openstack.wsgi [req-d32d1bee-dba8-460d-9f31-c9cc6ae36d54 4451047b25d24e2e965008b1eb7f4830 b3f2310d892748939ef17ca1bb5af997 - default default] http://[LB_IP_ADDRESS]:8776/v3/b3f2310d892748939ef17ca1bb5af997/groups/42d3b01f-5205-483a-a99c-6f614ea3c459 returned with HTTP 200
2022-08-03 08:50:59.750 22 INFO cinder.api.openstack.wsgi [req-5d17b7d5-602a-409e-8014-7c0de78d71c1 4451047b25d24e2e965008b1eb7f4830 b3f2310d892748939ef17ca1bb5af997 - default default] PUT http://[LB_IP_ADDRESS]:8776/v3/b3f2310d892748939ef17ca1bb5af997/groups/42d3b01f-5205-483a-a99c-6f614ea3c459
2022-08-03 08:50:59.752 22 INFO cinder.api.v3.groups [req-5d17b7d5-602a-409e-8014-7c0de78d71c1 4451047b25d24e2e965008b1eb7f4830 b3f2310d892748939ef17ca1bb5af997 - default default] Updating group 42d3b01f-5205-483a-a99c-6f614ea3c459 with name None description: None add_volumes: None remove_volumes: cfafe473-136f-4f8f-af7d-e181b4fa3fd6.
2022-08-03 08:50:59.759 21 INFO cinder.api.openstack.wsgi [req-4cb5fa13-76db-460f-86e5-cb829412d636 8ed335b78dc04b68be0396d67d6a4e23 99f3b2e463bc46a8a3b4f1316d9315b8 - default default] http://[LB_IP_ADDRESS]:8776/v3/99f3b2e463bc46a8a3b4f1316d9315b8/attachments/d8cd1935-de5f-4f8b-a5ba-1a4346e3e8e2 returned with HTTP 200
2022-08-03 08:50:59.783 22 INFO cinder.api.openstack.wsgi [req-5d17b7d5-602a-409e-8014-7c0de78d71c1 4451047b25d24e2e965008b1eb7f4830 b3f2310d892748939ef17ca1bb5af997 - default default] http://[LB_IP_ADDRESS]:8776/v3/b3f2310d892748939ef17ca1bb5af997/groups/42d3b01f-5205-483a-a99c-6f614ea3c459 returned with HTTP 202
2022-08-03 08:50:59.797 20 INFO cinder.api.openstack.wsgi [req-3524e512-7349-4a72-80d6-734f55661fa0 4451047b25d24e2e965008b1eb7f4830 b3f2310d892748939ef17ca1bb5af997 - default default] GET http://[LB_IP_ADDRESS]:8776/v3/b3f2310d892748939ef17ca1bb5af997/groups/42d3b01f-5205-483a-a99c-6f614ea3c459
2022-08-03 08:50:59.811 19 INFO cinder.api.openstack.wsgi [req-84898f86-f881-40bc-9fdc-50f1230815e8 8ed335b78dc04b68be0396d67d6a4e23 99f3b2e463bc46a8a3b4f1316d9315b8 - default default] POST http://[LB_IP_ADDRESS]:8776/v3/99f3b2e463bc46a8a3b4f1316d9315b8/attachments/d8cd1935-de5f-4f8b-a5ba-1a4346e3e8e2/action
2022-08-03 08:50:59.818 20 INFO cinder.api.openstack.wsgi [req-3524e512-7349-4a72-80d6-734f55661fa0 4451047b25d24e2e965008b1eb7f4830 b3f2310d892748939ef17ca1bb5af997 - default default] http://[LB_IP_ADDRESS]:8776/v3/b3f2310d892748939ef17ca1bb5af997/groups/42d3b01f-5205-483a-a99c-6f614ea3c459 returned with HTTP 200
2022-08-03 08:50:59.863 19 INFO cinder.api.openstack.wsgi [req-84898f86-f881-40bc-9fdc-50f1230815e8 8ed335b78dc04b68be0396d67d6a4e23 99f3b2e463bc46a8a3b4f1316d9315b8 - default default] http://[LB_IP_ADDRESS]:8776/v3/99f3b2e463bc46a8a3b4f1316d9315b8/attachments/d8cd1935-de5f-4f8b-a5ba-1a4346e3e8e2/action returned with HTTP 204
2022-08-03 08:50:59.953 18 INFO cinder.api.openstack.wsgi [req-1961ab66-1e43-47a5-8344-c2c9cd4520d5 90c269c090f846b2a835bebb5379719b 0d4b93c54e134c018b2f959190bf01e3 - default default] POST http://[LB_IP_ADDRESS]:8776/v3/0d4b93c54e134c018b2f959190bf01e3/types
2022-08-03 08:50:59.986 18 INFO cinder.api.openstack.wsgi [req-1961ab66-1e43-47a5-8344-c2c9cd4520d5 90c269c090f846b2a835bebb5379719b 0d4b93c54e134c018b2f959190bf01e3 - default default] http://[LB_IP_ADDRESS]:8776/v3/0d4b93c54e134c018b2f959190bf01e3/types returned with HTTP 200
2022-08-03 08:51:00.004 21 INFO cinder.api.openstack.wsgi [req-ad62eb65-31a0-43b8-b1ee-d35c96cd480a 90c269c090f846b2a835bebb5379719b 0d4b93c54e134c018b2f959190bf01e3 - default default] POST http://[LB_IP_ADDRESS]:8776/v3/0d4b93c54e134c018b2f959190bf01e3/group_types
2022-08-03 08:51:00.033 21 INFO cinder.api.openstack.wsgi [req-ad62eb65-31a0-43b8-b1ee-d35c96cd480a 90c269c090f846b2a835bebb5379719b 0d4b93c54e134c018b2f959190bf01e3 - default default] http://[LB_IP_ADDRESS]:8776/v3/0d4b93c54e134c018b2f959190bf01e3/group_types returned with HTTP 202
2022-08-03 08:51:00.227 22 INFO cinder.api.openstack.wsgi [req-5d472f15-4a0a-4daf-8e13-adc1f79dde63 9db057a674e34b2c9a3f7e600752a33f 82fa539efd5a408e89b425336bd2a076 - default default] POST http://[LB_IP_ADDRESS]:8776/v3/82fa539efd5a408e89b425336bd2a076/groups
2022-08-03 08:51:00.237 22 INFO cinder.api.v3.groups [req-5d472f15-4a0a-4daf-8e13-adc1f79dde63 9db057a674e34b2c9a3f7e600752a33f 82fa539efd5a408e89b425336bd2a076 - default default] Creating group tempest-GroupsV320Test-Group-1003354756.
2022-08-03 08:51:00.254 22 INFO cinder.volume.api [req-5d472f15-4a0a-4daf-8e13-adc1f79dde63 9db057a674e34b2c9a3f7e600752a33f 82fa539efd5a408e89b425336bd2a076 - default default] Availability Zones retrieved successfully.
2022-08-03 08:51:00.376 22 INFO cinder.api.openstack.wsgi [req-5d472f15-4a0a-4daf-8e13-adc1f79dde63 9db057a674e34b2c9a3f7e600752a33f 82fa539efd5a408e89b425336bd2a076 - default default] http://[LB_IP_ADDRESS]:8776/v3/82fa539efd5a408e89b425336bd2a076/groups returned with HTTP 202
2022-08-03 08:51:00.393 20 INFO cinder.api.openstack.wsgi [req-f0b7aa0b-5ce2-4fc7-b5fa-9d7ab5546784 9db057a674e34b2c9a3f7e600752a33f 82fa539efd5a408e89b425336bd2a076 - default default] GET http://[LB_IP_ADDRESS]:8776/v3/82fa539efd5a408e89b425336bd2a076/groups/1d6e6511-782b-4d1c-9116-c4a396f28864
2022-08-03 08:51:00.413 20 INFO cinder.api.openstack.wsgi [req-f0b7aa0b-5ce2-4fc7-b5fa-9d7ab5546784 9db057a674e34b2c9a3f7e600752a33f 82fa539efd5a408e89b425336bd2a076 - default default] http://[LB_IP_ADDRESS]:8776/v3/82fa539efd5a408e89b425336bd2a076/groups/1d6e6511-782b-4d1c-9116-c4a396f28864 returned with HTTP 200
2022-08-03 08:51:00.838 19 INFO cinder.api.openstack.wsgi [req-b5f2a692-9dd4-46ad-9180-7373be68fe1e 4451047b25d24e2e965008b1eb7f4830 b3f2310d892748939ef17ca1bb5af997 - default default] GET http://[LB_IP_ADDRESS]:8776/v3/b3f2310d892748939ef17ca1bb5af997/groups/42d3b01f-5205-483a-a99c-6f614ea3c459
2022-08-03 08:51:00.867 19 INFO cinder.api.openstack.wsgi [req-b5f2a692-9dd4-46ad-9180-7373be68fe1e 4451047b25d24e2e965008b1eb7f4830 b3f2310d892748939ef17ca1bb5af997 - default default] http://[LB_IP_ADDRESS]:8776/v3/b3f2310d892748939ef17ca1bb5af997/groups/42d3b01f-5205-483a-a99c-6f614ea3c459 returned with HTTP 200
2022-08-03 08:51:00.887 18 INFO cinder.api.openstack.wsgi [req-e1417e32-9c0c-44af-805b-395f44598415 4451047b25d24e2e965008b1eb7f4830 b3f2310d892748939ef17ca1bb5af997 - default default] PUT http://[LB_IP_ADDRESS]:8776/v3/b3f2310d892748939ef17ca1bb5af997/groups/42d3b01f-5205-483a-a99c-6f614ea3c459
2022-08-03 08:51:00.889 18 INFO cinder.api.v3.groups [req-e1417e32-9c0c-44af-805b-395f44598415 4451047b25d24e2e965008b1eb7f4830 b3f2310d892748939ef17ca1bb5af997 - default default] Updating group 42d3b01f-5205-483a-a99c-6f614ea3c459 with name None description: None add_volumes: cfafe473-136f-4f8f-af7d-e181b4fa3fd6 remove_volumes: None.
2022-08-03 08:51:00.949 18 INFO cinder.api.openstack.wsgi [req-e1417e32-9c0c-44af-805b-395f44598415 4451047b25d24e2e965008b1eb7f4830 b3f2310d892748939ef17ca1bb5af997 - default default] http://[LB_IP_ADDRESS]:8776/v3/b3f2310d892748939ef17ca1bb5af997/groups/42d3b01f-5205-483a-a99c-6f614ea3c459 returned with HTTP 202
2022-08-03 08:51:00.964 21 INFO cinder.api.openstack.wsgi [req-afdf8917-d5ca-4b99-bb49-921deb1d4dfe 4451047b25d24e2e965008b1eb7f4830 b3f2310d892748939ef17ca1bb5af997 - default default] GET http://[LB_IP_ADDRESS]:8776/v3/b3f2310d892748939ef17ca1bb5af997/groups/42d3b01f-5205-483a-a99c-6f614ea3c459
2022-08-03 08:51:00.988 21 INFO cinder.api.openstack.wsgi [req-afdf8917-d5ca-4b99-bb49-921deb1d4dfe 4451047b25d24e2e965008b1eb7f4830 b3f2310d892748939ef17ca1bb5af997 - default default] http://[LB_IP_ADDRESS]:8776/v3/b3f2310d892748939ef17ca1bb5af997/groups/42d3b01f-5205-483a-a99c-6f614ea3c459 returned with HTTP 200
2022-08-03 08:51:01.441 22 INFO cinder.api.openstack.wsgi [req-e3d8694b-a309-4360-bee0-d7c30b4b9570 9db057a674e34b2c9a3f7e600752a33f 82fa539efd5a408e89b425336bd2a076 - default default] GET http://[LB_IP_ADDRESS]:8776/v3/82fa539efd5a408e89b425336bd2a076/groups/1d6e6511-782b-4d1c-9116-c4a396f28864
2022-08-03 08:51:01.463 22 INFO cinder.api.openstack.wsgi [req-e3d8694b-a309-4360-bee0-d7c30b4b9570 9db057a674e34b2c9a3f7e600752a33f 82fa539efd5a408e89b425336bd2a076 - default default] http://[LB_IP_ADDRESS]:8776/v3/82fa539efd5a408e89b425336bd2a076/groups/1d6e6511-782b-4d1c-9116-c4a396f28864 returned with HTTP 200
2022-08-03 08:51:01.482 20 INFO cinder.api.openstack.wsgi [req-1ba14d05-537f-4107-919c-dff4a9974f8a 90c269c090f846b2a835bebb5379719b 0d4b93c54e134c018b2f959190bf01e3 - default default] POST http://[LB_IP_ADDRESS]:8776/v3/0d4b93c54e134c018b2f959190bf01e3/groups/1d6e6511-782b-4d1c-9116-c4a396f28864/action
2022-08-03 08:51:01.498 20 INFO cinder.api.openstack.wsgi [req-1ba14d05-537f-4107-919c-dff4a9974f8a 90c269c090f846b2a835bebb5379719b 0d4b93c54e134c018b2f959190bf01e3 - default default] http://[LB_IP_ADDRESS]:8776/v3/0d4b93c54e134c018b2f959190bf01e3/groups/1d6e6511-782b-4d1c-9116-c4a396f28864/action returned with HTTP 202
2022-08-03 08:51:01.510 19 INFO cinder.api.openstack.wsgi [req-580c0c12-8b20-479c-87b8-6740cc5e0ea5 9db057a674e34b2c9a3f7e600752a33f 82fa539efd5a408e89b425336bd2a076 - default default] GET http://[LB_IP_ADDRESS]:8776/v3/82fa539efd5a408e89b425336bd2a076/groups/1d6e6511-782b-4d1c-9116-c4a396f28864
2022-08-03 08:51:01.531 19 INFO cinder.api.openstack.wsgi [req-580c0c12-8b20-479c-87b8-6740cc5e0ea5 9db057a674e34b2c9a3f7e600752a33f 82fa539efd5a408e89b425336bd2a076 - default default] http://[LB_IP_ADDRESS]:8776/v3/82fa539efd5a408e89b425336bd2a076/groups/1d6e6511-782b-4d1c-9116-c4a396f28864 returned with HTTP 200
2022-08-03 08:51:01.551 18 INFO cinder.api.openstack.wsgi [req-6a624aa1-8134-4b8d-8890-328d54655fdc 90c269c090f846b2a835bebb5379719b 0d4b93c54e134c018b2f959190bf01e3 - default default] POST http://[LB_IP_ADDRESS]:8776/v3/0d4b93c54e134c018b2f959190bf01e3/groups/1d6e6511-782b-4d1c-9116-c4a396f28864/action
2022-08-03 08:51:01.567 18 INFO cinder.api.openstack.wsgi [req-6a624aa1-8134-4b8d-8890-328d54655fdc 90c269c090f846b2a835bebb5379719b 0d4b93c54e134c018b2f959190bf01e3 - default default] http://[LB_IP_ADDRESS]:8776/v3/0d4b93c54e134c018b2f959190bf01e3/groups/1d6e6511-782b-4d1c-9116-c4a396f28864/action returned with HTTP 202
2022-08-03 08:51:01.581 21 INFO cinder.api.openstack.wsgi [req-68d2debd-1d4e-47b2-8032-1165f20999f9 9db057a674e34b2c9a3f7e600752a33f 82fa539efd5a408e89b425336bd2a076 - default default] GET http://[LB_IP_ADDRESS]:8776/v3/82fa539efd5a408e89b425336bd2a076/groups/1d6e6511-782b-4d1c-9116-c4a396f28864
2022-08-03 08:51:01.602 21 INFO cinder.api.openstack.wsgi [req-68d2debd-1d4e-47b2-8032-1165f20999f9 9db057a674e34b2c9a3f7e600752a33f 82fa539efd5a408e89b425336bd2a076 - default default] http://[LB_IP_ADDRESS]:8776/v3/82fa539efd5a408e89b425336bd2a076/groups/1d6e6511-782b-4d1c-9116-c4a396f28864 returned with HTTP 200
2022-08-03 08:51:01.620 22 INFO cinder.api.openstack.wsgi [req-39279531-aa8b-4f21-9bb3-7248326df076 90c269c090f846b2a835bebb5379719b 0d4b93c54e134c018b2f959190bf01e3 - default default] POST http://[LB_IP_ADDRESS]:8776/v3/0d4b93c54e134c018b2f959190bf01e3/groups/1d6e6511-782b-4d1c-9116-c4a396f28864/action
2022-08-03 08:51:01.640 22 INFO cinder.api.openstack.wsgi [req-39279531-aa8b-4f21-9bb3-7248326df076 90c269c090f846b2a835bebb5379719b 0d4b93c54e134c018b2f959190bf01e3 - default default] http://[LB_IP_ADDRESS]:8776/v3/0d4b93c54e134c018b2f959190bf01e3/groups/1d6e6511-782b-4d1c-9116-c4a396f28864/action returned with HTTP 202
2022-08-03 08:51:01.654 20 INFO cinder.api.openstack.wsgi [req-6647c79d-4548-428a-9334-e84ab84f40ad 9db057a674e34b2c9a3f7e600752a33f 82fa539efd5a408e89b425336bd2a076 - default default] GET http://[LB_IP_ADDRESS]:8776/v3/82fa539efd5a408e89b425336bd2a076/groups/1d6e6511-782b-4d1c-9116-c4a396f28864
2022-08-03 08:51:01.676 20 INFO cinder.api.openstack.wsgi [req-6647c79d-4548-428a-9334-e84ab84f40ad 9db057a674e34b2c9a3f7e600752a33f 82fa539efd5a408e89b425336bd2a076 - default default] http://[LB_IP_ADDRESS]:8776/v3/82fa539efd5a408e89b425336bd2a076/groups/1d6e6511-782b-4d1c-9116-c4a396f28864 returned with HTTP 200
2022-08-03 08:51:01.695 19 INFO cinder.api.openstack.wsgi [req-083becf7-6c53-4b22-8d14-7b3c2554a494 90c269c090f846b2a835bebb5379719b 0d4b93c54e134c018b2f959190bf01e3 - default default] POST http://[LB_IP_ADDRESS]:8776/v3/0d4b93c54e134c018b2f959190bf01e3/groups/1d6e6511-782b-4d1c-9116-c4a396f28864/action
2022-08-03 08:51:01.713 19 INFO cinder.api.openstack.wsgi [req-083becf7-6c53-4b22-8d14-7b3c2554a494 90c269c090f846b2a835bebb5379719b 0d4b93c54e134c018b2f959190bf01e3 - default default] http://[LB_IP_ADDRESS]:8776/v3/0d4b93c54e134c018b2f959190bf01e3/groups/1d6e6511-782b-4d1c-9116-c4a396f28864/action returned with HTTP 202
2022-08-03 08:51:01.728 18 INFO cinder.api.openstack.wsgi [req-5ee4e68e-1619-4281-a5e4-8f3c813f2563 9db057a674e34b2c9a3f7e600752a33f 82fa539efd5a408e89b425336bd2a076 - default default] GET http://[LB_IP_ADDRESS]:8776/v3/82fa539efd5a408e89b425336bd2a076/groups/1d6e6511-782b-4d1c-9116-c4a396f28864
2022-08-03 08:51:01.751 18 INFO cinder.api.openstack.wsgi [req-5ee4e68e-1619-4281-a5e4-8f3c813f2563 9db057a674e34b2c9a3f7e600752a33f 82fa539efd5a408e89b425336bd2a076 - default default] http://[LB_IP_ADDRESS]:8776/v3/82fa539efd5a408e89b425336bd2a076/groups/1d6e6511-782b-4d1c-9116-c4a396f28864 returned with HTTP 200
2022-08-03 08:51:01.770 21 INFO cinder.api.openstack.wsgi [req-db968a14-7941-42ba-97c8-6bf440fa7607 9db057a674e34b2c9a3f7e600752a33f 82fa539efd5a408e89b425336bd2a076 - default default] GET http://[LB_IP_ADDRESS]:8776/v3/82fa539efd5a408e89b425336bd2a076/volumes/detail
2022-08-03 08:51:01.810 21 INFO cinder.volume.api [req-db968a14-7941-42ba-97c8-6bf440fa7607 9db057a674e34b2c9a3f7e600752a33f 82fa539efd5a408e89b425336bd2a076 - default default] Get all volumes completed successfully.
2022-08-03 08:51:01.815 21 INFO cinder.api.openstack.wsgi [req-db968a14-7941-42ba-97c8-6bf440fa7607 9db057a674e34b2c9a3f7e600752a33f 82fa539efd5a408e89b425336bd2a076 - default default] http://[LB_IP_ADDRESS]:8776/v3/82fa539efd5a408e89b425336bd2a076/volumes/detail returned with HTTP 200
2022-08-03 08:51:01.838 22 INFO cinder.api.openstack.wsgi [req-d6d88e38-10e6-42ff-8e01-210afc6a5afd 9db057a674e34b2c9a3f7e600752a33f 82fa539efd5a408e89b425336bd2a076 - default default] POST http://[LB_IP_ADDRESS]:8776/v3/82fa539efd5a408e89b425336bd2a076/groups/1d6e6511-782b-4d1c-9116-c4a396f28864/action
2022-08-03 08:51:01.841 22 INFO cinder.api.v3.groups [req-d6d88e38-10e6-42ff-8e01-210afc6a5afd 9db057a674e34b2c9a3f7e600752a33f 82fa539efd5a408e89b425336bd2a076 - default default] Delete group with id: 1d6e6511-782b-4d1c-9116-c4a396f28864
2022-08-03 08:51:01.894 22 INFO cinder.api.openstack.wsgi [req-d6d88e38-10e6-42ff-8e01-210afc6a5afd 9db057a674e34b2c9a3f7e600752a33f 82fa539efd5a408e89b425336bd2a076 - default default] http://[LB_IP_ADDRESS]:8776/v3/82fa539efd5a408e89b425336bd2a076/groups/1d6e6511-782b-4d1c-9116-c4a396f28864/action returned with HTTP 202
2022-08-03 08:51:01.909 20 INFO cinder.api.openstack.wsgi [req-0a877819-50da-4412-9ebb-d3f5abf50a9c 9db057a674e34b2c9a3f7e600752a33f 82fa539efd5a408e89b425336bd2a076 - default default] GET http://[LB_IP_ADDRESS]:8776/v3/82fa539efd5a408e89b425336bd2a076/groups/1d6e6511-782b-4d1c-9116-c4a396f28864
2022-08-03 08:51:01.930 20 INFO cinder.api.openstack.wsgi [req-0a877819-50da-4412-9ebb-d3f5abf50a9c 9db057a674e34b2c9a3f7e600752a33f 82fa539efd5a408e89b425336bd2a076 - default default] http://[LB_IP_ADDRESS]:8776/v3/82fa539efd5a408e89b425336bd2a076/groups/1d6e6511-782b-4d1c-9116-c4a396f28864 returned with HTTP 200
2022-08-03 08:51:02.009 19 INFO cinder.api.openstack.wsgi [req-e90607d7-827a-41cb-9088-96a2f562d6a9 4451047b25d24e2e965008b1eb7f4830 b3f2310d892748939ef17ca1bb5af997 - default default] GET http://[LB_IP_ADDRESS]:8776/v3/b3f2310d892748939ef17ca1bb5af997/groups/42d3b01f-5205-483a-a99c-6f614ea3c459
2022-08-03 08:51:02.031 19 INFO cinder.api.openstack.wsgi [req-e90607d7-827a-41cb-9088-96a2f562d6a9 4451047b25d24e2e965008b1eb7f4830 b3f2310d892748939ef17ca1bb5af997 - default default] http://[LB_IP_ADDRESS]:8776/v3/b3f2310d892748939ef17ca1bb5af997/groups/42d3b01f-5205-483a-a99c-6f614ea3c459 returned with HTTP 200
2022-08-03 08:51:02.048 18 INFO cinder.api.openstack.wsgi [req-cbd6bbbb-b6b7-49c7-8d0f-45a6fa43f7da 4451047b25d24e2e965008b1eb7f4830 b3f2310d892748939ef17ca1bb5af997 - default default] GET http://[LB_IP_ADDRESS]:8776/v3/b3f2310d892748939ef17ca1bb5af997/volumes/detail
2022-08-03 08:51:02.091 18 INFO cinder.volume.api [req-cbd6bbbb-b6b7-49c7-8d0f-45a6fa43f7da 4451047b25d24e2e965008b1eb7f4830 b3f2310d892748939ef17ca1bb5af997 - default default] Get all volumes completed successfully.
2022-08-03 08:51:02.139 18 INFO cinder.api.openstack.wsgi [req-cbd6bbbb-b6b7-49c7-8d0f-45a6fa43f7da 4451047b25d24e2e965008b1eb7f4830 b3f2310d892748939ef17ca1bb5af997 - default default] http://[LB_IP_ADDRESS]:8776/v3/b3f2310d892748939ef17ca1bb5af997/volumes/detail returned with HTTP 200
2022-08-03 08:51:02.164 21 INFO cinder.api.openstack.wsgi [req-5dc00506-b332-48c5-b5d5-d66939cbd405 4451047b25d24e2e965008b1eb7f4830 b3f2310d892748939ef17ca1bb5af997 - default default] POST http://[LB_IP_ADDRESS]:8776/v3/b3f2310d892748939ef17ca1bb5af997/group_snapshots
2022-08-03 08:51:02.179 21 INFO cinder.api.v3.group_snapshots [req-5dc00506-b332-48c5-b5d5-d66939cbd405 4451047b25d24e2e965008b1eb7f4830 b3f2310d892748939ef17ca1bb5af997 - default default] Creating group_snapshot tempest-GroupSnapshotsTest-Group_Snapshot-1167811382.
2022-08-03 08:51:02.290 21 WARNING cinder.quota [req-5dc00506-b332-48c5-b5d5-d66939cbd405 4451047b25d24e2e965008b1eb7f4830 b3f2310d892748939ef17ca1bb5af997 - default default] Deprecated: Default quota for resource: gigabytes_tempest-GroupSnapshotsTest-volume-type-197867118 is set by the default quota flag: quota_gigabytes_tempest-GroupSnapshotsTest-volume-type-197867118, it is now deprecated. Please use the default quota class for default quota.
2022-08-03 08:51:02.291 21 WARNING cinder.quota [req-5dc00506-b332-48c5-b5d5-d66939cbd405 4451047b25d24e2e965008b1eb7f4830 b3f2310d892748939ef17ca1bb5af997 - default default] Deprecated: Default quota for resource: snapshots_tempest-GroupSnapshotsTest-volume-type-197867118 is set by the default quota flag: quota_snapshots_tempest-GroupSnapshotsTest-volume-type-197867118, it is now deprecated. Please use the default quota class for default quota.
2022-08-03 08:51:02.380 21 INFO cinder.api.openstack.wsgi [req-5dc00506-b332-48c5-b5d5-d66939cbd405 4451047b25d24e2e965008b1eb7f4830 b3f2310d892748939ef17ca1bb5af997 - default default] http://[LB_IP_ADDRESS]:8776/v3/b3f2310d892748939ef17ca1bb5af997/group_snapshots returned with HTTP 202
2022-08-03 08:51:02.397 22 INFO cinder.api.openstack.wsgi [req-5d5cf4a5-3be4-4d8c-9421-311a7aa9c77c 4451047b25d24e2e965008b1eb7f4830 b3f2310d892748939ef17ca1bb5af997 - default default] GET http://[LB_IP_ADDRESS]:8776/v3/b3f2310d892748939ef17ca1bb5af997/group_snapshots/5a54b4d5-ce11-4de6-809a-553ee37c45fb
2022-08-03 08:51:02.411 22 INFO cinder.api.openstack.wsgi [req-5d5cf4a5-3be4-4d8c-9421-311a7aa9c77c 4451047b25d24e2e965008b1eb7f4830 b3f2310d892748939ef17ca1bb5af997 - default default] http://[LB_IP_ADDRESS]:8776/v3/b3f2310d892748939ef17ca1bb5af997/group_snapshots/5a54b4d5-ce11-4de6-809a-553ee37c45fb returned with HTTP 200
2022-08-03 08:51:02.951 20 INFO cinder.api.openstack.wsgi [req-20fe4282-888d-4514-8e2d-27d1befa5d87 9db057a674e34b2c9a3f7e600752a33f 82fa539efd5a408e89b425336bd2a076 - default default] GET http://[LB_IP_ADDRESS]:8776/v3/82fa539efd5a408e89b425336bd2a076/groups/1d6e6511-782b-4d1c-9116-c4a396f28864
2022-08-03 08:51:02.958 20 INFO cinder.api.openstack.wsgi [req-20fe4282-888d-4514-8e2d-27d1befa5d87 9db057a674e34b2c9a3f7e600752a33f 82fa539efd5a408e89b425336bd2a076 - default default] http://[LB_IP_ADDRESS]:8776/v3/82fa539efd5a408e89b425336bd2a076/groups/1d6e6511-782b-4d1c-9116-c4a396f28864 returned with HTTP 404
2022-08-03 08:51:02.973 19 INFO cinder.api.openstack.wsgi [req-89439699-0440-4130-9357-068719ef8f89 90c269c090f846b2a835bebb5379719b 0d4b93c54e134c018b2f959190bf01e3 - default default] DELETE http://[LB_IP_ADDRESS]:8776/v3/0d4b93c54e134c018b2f959190bf01e3/group_types/ae6ce70a-6635-4798-97d7-c53e4e0a1b50
2022-08-03 08:51:02.998 19 INFO cinder.api.openstack.wsgi [req-89439699-0440-4130-9357-068719ef8f89 90c269c090f846b2a835bebb5379719b 0d4b93c54e134c018b2f959190bf01e3 - default default] http://[LB_IP_ADDRESS]:8776/v3/0d4b93c54e134c018b2f959190bf01e3/group_types/ae6ce70a-6635-4798-97d7-c53e4e0a1b50 returned with HTTP 202
2022-08-03 08:51:03.014 18 INFO cinder.api.openstack.wsgi [req-86ef5f07-b8de-4ad5-a604-81881635266c 90c269c090f846b2a835bebb5379719b 0d4b93c54e134c018b2f959190bf01e3 - default default] DELETE http://[LB_IP_ADDRESS]:8776/v3/0d4b93c54e134c018b2f959190bf01e3/types/dc6946c7-709c-4a14-90c3-ea8926867f03
2022-08-03 08:51:03.121 18 INFO cinder.api.openstack.wsgi [req-86ef5f07-b8de-4ad5-a604-81881635266c 90c269c090f846b2a835bebb5379719b 0d4b93c54e134c018b2f959190bf01e3 - default default] http://[LB_IP_ADDRESS]:8776/v3/0d4b93c54e134c018b2f959190bf01e3/types/dc6946c7-709c-4a14-90c3-ea8926867f03 returned with HTTP 202
2022-08-03 08:51:03.139 21 INFO cinder.api.openstack.wsgi [req-18ae8d2f-8f54-41db-bd55-4b6ce596190d 90c269c090f846b2a835bebb5379719b 0d4b93c54e134c018b2f959190bf01e3 - default default] GET http://[LB_IP_ADDRESS]:8776/v3/0d4b93c54e134c018b2f959190bf01e3/types/dc6946c7-709c-4a14-90c3-ea8926867f03
2022-08-03 08:51:03.146 21 INFO cinder.api.openstack.wsgi [req-18ae8d2f-8f54-41db-bd55-4b6ce596190d 90c269c090f846b2a835bebb5379719b 0d4b93c54e134c018b2f959190bf01e3 - default default] http://[LB_IP_ADDRESS]:8776/v3/0d4b93c54e134c018b2f959190bf01e3/types/dc6946c7-709c-4a14-90c3-ea8926867f03 returned with HTTP 404
2022-08-03 08:51:03.429 22 INFO cinder.api.openstack.wsgi [req-b872147e-869d-4121-b315-2086f6dfee5e 4451047b25d24e2e965008b1eb7f4830 b3f2310d892748939ef17ca1bb5af997 - default default] GET http://[LB_IP_ADDRESS]:8776/v3/b3f2310d892748939ef17ca1bb5af997/group_snapshots/5a54b4d5-ce11-4de6-809a-553ee37c45fb
2022-08-03 08:51:03.443 22 INFO cinder.api.openstack.wsgi [req-b872147e-869d-4121-b315-2086f6dfee5e 4451047b25d24e2e965008b1eb7f4830 b3f2310d892748939ef17ca1bb5af997 - default default] http://[LB_IP_ADDRESS]:8776/v3/b3f2310d892748939ef17ca1bb5af997/group_snapshots/5a54b4d5-ce11-4de6-809a-553ee37c45fb returned with HTTP 200
2022-08-03 08:51:04.461 20 INFO cinder.api.openstack.wsgi [req-e321aabd-9237-49bd-9564-62a92be68f76 4451047b25d24e2e965008b1eb7f4830 b3f2310d892748939ef17ca1bb5af997 - default default] GET http://[LB_IP_ADDRESS]:8776/v3/b3f2310d892748939ef17ca1bb5af997/group_snapshots/5a54b4d5-ce11-4de6-809a-553ee37c45fb
2022-08-03 08:51:04.486 20 INFO cinder.api.openstack.wsgi [req-e321aabd-9237-49bd-9564-62a92be68f76 4451047b25d24e2e965008b1eb7f4830 b3f2310d892748939ef17ca1bb5af997 - default default] http://[LB_IP_ADDRESS]:8776/v3/b3f2310d892748939ef17ca1bb5af997/group_snapshots/5a54b4d5-ce11-4de6-809a-553ee37c45fb returned with HTTP 200
2022-08-03 08:51:05.506 19 INFO cinder.api.openstack.wsgi [req-7fe48ce4-fddc-4a90-8bb7-812a1c1a1e9b 4451047b25d24e2e965008b1eb7f4830 b3f2310d892748939ef17ca1bb5af997 - default default] GET http://[LB_IP_ADDRESS]:8776/v3/b3f2310d892748939ef17ca1bb5af997/group_snapshots/5a54b4d5-ce11-4de6-809a-553ee37c45fb
2022-08-03 08:51:05.519 19 INFO cinder.api.openstack.wsgi [req-7fe48ce4-fddc-4a90-8bb7-812a1c1a1e9b 4451047b25d24e2e965008b1eb7f4830 b3f2310d892748939ef17ca1bb5af997 - default default] http://[LB_IP_ADDRESS]:8776/v3/b3f2310d892748939ef17ca1bb5af997/group_snapshots/5a54b4d5-ce11-4de6-809a-553ee37c45fb returned with HTTP 200
2022-08-03 08:51:05.537 18 INFO cinder.api.openstack.wsgi [req-b57ae4fc-5890-4f65-80e5-273b48babe89 4451047b25d24e2e965008b1eb7f4830 b3f2310d892748939ef17ca1bb5af997 - default default] GET http://[LB_IP_ADDRESS]:8776/v3/b3f2310d892748939ef17ca1bb5af997/snapshots/detail
2022-08-03 08:51:05.555 18 INFO cinder.volume.api [req-b57ae4fc-5890-4f65-80e5-273b48babe89 4451047b25d24e2e965008b1eb7f4830 b3f2310d892748939ef17ca1bb5af997 - default default] Get all snapshots completed successfully.
2022-08-03 08:51:05.558 18 INFO cinder.api.openstack.wsgi [req-b57ae4fc-5890-4f65-80e5-273b48babe89 4451047b25d24e2e965008b1eb7f4830 b3f2310d892748939ef17ca1bb5af997 - default default] http://[LB_IP_ADDRESS]:8776/v3/b3f2310d892748939ef17ca1bb5af997/snapshots/detail returned with HTTP 200
2022-08-03 08:51:05.577 21 INFO cinder.api.openstack.wsgi [req-ffe85be7-33eb-4475-a244-2a8d526073f3 4451047b25d24e2e965008b1eb7f4830 b3f2310d892748939ef17ca1bb5af997 - default default] GET http://[LB_IP_ADDRESS]:8776/v3/b3f2310d892748939ef17ca1bb5af997/snapshots/b1251bc6-e48b-464f-9f51-40009a9ecf29
2022-08-03 08:51:05.594 21 INFO cinder.volume.api [req-ffe85be7-33eb-4475-a244-2a8d526073f3 4451047b25d24e2e965008b1eb7f4830 b3f2310d892748939ef17ca1bb5af997 - default default] Snapshot retrieved successfully.
2022-08-03 08:51:05.596 21 INFO cinder.api.openstack.wsgi [req-ffe85be7-33eb-4475-a244-2a8d526073f3 4451047b25d24e2e965008b1eb7f4830 b3f2310d892748939ef17ca1bb5af997 - default default] http://[LB_IP_ADDRESS]:8776/v3/b3f2310d892748939ef17ca1bb5af997/snapshots/b1251bc6-e48b-464f-9f51-40009a9ecf29 returned with HTTP 200
2022-08-03 08:51:05.613 22 INFO cinder.api.openstack.wsgi [req-d609e31a-4c8f-4a8a-ae7b-d820ddcc6e12 4451047b25d24e2e965008b1eb7f4830 b3f2310d892748939ef17ca1bb5af997 - default default] GET http://[LB_IP_ADDRESS]:8776/v3/b3f2310d892748939ef17ca1bb5af997/snapshots/08407221-5ef9-4f1f-baa0-d922f90b04bd
2022-08-03 08:51:05.630 22 INFO cinder.volume.api [req-d609e31a-4c8f-4a8a-ae7b-d820ddcc6e12 4451047b25d24e2e965008b1eb7f4830 b3f2310d892748939ef17ca1bb5af997 - default default] Snapshot retrieved successfully.
2022-08-03 08:51:05.632 22 INFO cinder.api.openstack.wsgi [req-d609e31a-4c8f-4a8a-ae7b-d820ddcc6e12 4451047b25d24e2e965008b1eb7f4830 b3f2310d892748939ef17ca1bb5af997 - default default] http://[LB_IP_ADDRESS]:8776/v3/b3f2310d892748939ef17ca1bb5af997/snapshots/08407221-5ef9-4f1f-baa0-d922f90b04bd returned with HTTP 200
2022-08-03 08:51:05.654 20 INFO cinder.api.openstack.wsgi [req-b4ed2369-4450-4d0e-80ad-f8da6d17c3e6 4451047b25d24e2e965008b1eb7f4830 b3f2310d892748939ef17ca1bb5af997 - default default] DELETE http://[LB_IP_ADDRESS]:8776/v3/b3f2310d892748939ef17ca1bb5af997/group_snapshots/5a54b4d5-ce11-4de6-809a-553ee37c45fb
2022-08-03 08:51:05.655 20 INFO cinder.api.v3.group_snapshots [req-b4ed2369-4450-4d0e-80ad-f8da6d17c3e6 4451047b25d24e2e965008b1eb7f4830 b3f2310d892748939ef17ca1bb5af997 - default default] Delete group_snapshot with id: 5a54b4d5-ce11-4de6-809a-553ee37c45fb
2022-08-03 08:51:05.722 20 INFO cinder.api.openstack.wsgi [req-b4ed2369-4450-4d0e-80ad-f8da6d17c3e6 4451047b25d24e2e965008b1eb7f4830 b3f2310d892748939ef17ca1bb5af997 - default default] http://[LB_IP_ADDRESS]:8776/v3/b3f2310d892748939ef17ca1bb5af997/group_snapshots/5a54b4d5-ce11-4de6-809a-553ee37c45fb returned with HTTP 202
2022-08-03 08:51:05.735 19 INFO cinder.api.openstack.wsgi [req-f360bf08-8ea6-4165-afa0-36b99a7d9162 4451047b25d24e2e965008b1eb7f4830 b3f2310d892748939ef17ca1bb5af997 - default default] GET http://[LB_IP_ADDRESS]:8776/v3/b3f2310d892748939ef17ca1bb5af997/volumes/detail
2022-08-03 08:51:05.778 19 INFO cinder.volume.api [req-f360bf08-8ea6-4165-afa0-36b99a7d9162 4451047b25d24e2e965008b1eb7f4830 b3f2310d892748939ef17ca1bb5af997 - default default] Get all volumes completed successfully.
2022-08-03 08:51:05.820 19 INFO cinder.api.openstack.wsgi [req-f360bf08-8ea6-4165-afa0-36b99a7d9162 4451047b25d24e2e965008b1eb7f4830 b3f2310d892748939ef17ca1bb5af997 - default default] http://[LB_IP_ADDRESS]:8776/v3/b3f2310d892748939ef17ca1bb5af997/volumes/detail returned with HTTP 200
2022-08-03 08:51:05.845 18 INFO cinder.api.openstack.wsgi [req-7d1536b7-c392-454e-b340-67b20375e7b1 4451047b25d24e2e965008b1eb7f4830 b3f2310d892748939ef17ca1bb5af997 - default default] GET http://[LB_IP_ADDRESS]:8776/v3/b3f2310d892748939ef17ca1bb5af997/snapshots/detail
2022-08-03 08:51:05.864 18 INFO cinder.volume.api [req-7d1536b7-c392-454e-b340-67b20375e7b1 4451047b25d24e2e965008b1eb7f4830 b3f2310d892748939ef17ca1bb5af997 - default default] Get all snapshots completed successfully.
2022-08-03 08:51:05.867 18 INFO cinder.api.openstack.wsgi [req-7d1536b7-c392-454e-b340-67b20375e7b1 4451047b25d24e2e965008b1eb7f4830 b3f2310d892748939ef17ca1bb5af997 - default default] http://[LB_IP_ADDRESS]:8776/v3/b3f2310d892748939ef17ca1bb5af997/snapshots/detail returned with HTTP 200
2022-08-03 08:51:05.884 21 INFO cinder.api.openstack.wsgi [req-9e3e738d-7bff-445f-9d54-573a0dab88a6 4451047b25d24e2e965008b1eb7f4830 b3f2310d892748939ef17ca1bb5af997 - default default] GET http://[LB_IP_ADDRESS]:8776/v3/b3f2310d892748939ef17ca1bb5af997/snapshots/b1251bc6-e48b-464f-9f51-40009a9ecf29
2022-08-03 08:51:05.901 21 INFO cinder.volume.api [req-9e3e738d-7bff-445f-9d54-573a0dab88a6 4451047b25d24e2e965008b1eb7f4830 b3f2310d892748939ef17ca1bb5af997 - default default] Snapshot retrieved successfully.
2022-08-03 08:51:05.905 21 INFO cinder.api.openstack.wsgi [req-9e3e738d-7bff-445f-9d54-573a0dab88a6 4451047b25d24e2e965008b1eb7f4830 b3f2310d892748939ef17ca1bb5af997 - default default] http://[LB_IP_ADDRESS]:8776/v3/b3f2310d892748939ef17ca1bb5af997/snapshots/b1251bc6-e48b-464f-9f51-40009a9ecf29 returned with HTTP 200
2022-08-03 08:51:06.922 22 INFO cinder.api.openstack.wsgi [req-d4a67395-2672-4e4c-be8c-2bc9065df151 4451047b25d24e2e965008b1eb7f4830 b3f2310d892748939ef17ca1bb5af997 - default default] GET http://[LB_IP_ADDRESS]:8776/v3/b3f2310d892748939ef17ca1bb5af997/snapshots/b1251bc6-e48b-464f-9f51-40009a9ecf29
2022-08-03 08:51:06.931 22 INFO cinder.api.openstack.wsgi [req-d4a67395-2672-4e4c-be8c-2bc9065df151 4451047b25d24e2e965008b1eb7f4830 b3f2310d892748939ef17ca1bb5af997 - default default] http://[LB_IP_ADDRESS]:8776/v3/b3f2310d892748939ef17ca1bb5af997/snapshots/b1251bc6-e48b-464f-9f51-40009a9ecf29 returned with HTTP 404
2022-08-03 08:51:06.945 20 INFO cinder.api.openstack.wsgi [req-ebb93bc5-fefe-49ec-ac9c-aa0512daab85 4451047b25d24e2e965008b1eb7f4830 b3f2310d892748939ef17ca1bb5af997 - default default] GET http://[LB_IP_ADDRESS]:8776/v3/b3f2310d892748939ef17ca1bb5af997/snapshots/08407221-5ef9-4f1f-baa0-d922f90b04bd
2022-08-03 08:51:06.956 20 INFO cinder.api.openstack.wsgi [req-ebb93bc5-fefe-49ec-ac9c-aa0512daab85 4451047b25d24e2e965008b1eb7f4830 b3f2310d892748939ef17ca1bb5af997 - default default] http://[LB_IP_ADDRESS]:8776/v3/b3f2310d892748939ef17ca1bb5af997/snapshots/08407221-5ef9-4f1f-baa0-d922f90b04bd returned with HTTP 404
2022-08-03 08:51:06.970 19 INFO cinder.api.openstack.wsgi [req-11d1eb1b-8af2-4333-9ed7-786d1f203f88 4451047b25d24e2e965008b1eb7f4830 b3f2310d892748939ef17ca1bb5af997 - default default] GET http://[LB_IP_ADDRESS]:8776/v3/b3f2310d892748939ef17ca1bb5af997/group_snapshots/5a54b4d5-ce11-4de6-809a-553ee37c45fb
2022-08-03 08:51:06.976 19 INFO cinder.api.openstack.wsgi [req-11d1eb1b-8af2-4333-9ed7-786d1f203f88 4451047b25d24e2e965008b1eb7f4830 b3f2310d892748939ef17ca1bb5af997 - default default] http://[LB_IP_ADDRESS]:8776/v3/b3f2310d892748939ef17ca1bb5af997/group_snapshots/5a54b4d5-ce11-4de6-809a-553ee37c45fb returned with HTTP 404
2022-08-03 08:51:06.990 18 INFO cinder.api.openstack.wsgi [req-443fe668-2a7b-46de-8648-120a38d3c74e 4451047b25d24e2e965008b1eb7f4830 b3f2310d892748939ef17ca1bb5af997 - default default] DELETE http://[LB_IP_ADDRESS]:8776/v3/b3f2310d892748939ef17ca1bb5af997/group_snapshots/5a54b4d5-ce11-4de6-809a-553ee37c45fb
2022-08-03 08:51:06.992 18 INFO cinder.api.v3.group_snapshots [req-443fe668-2a7b-46de-8648-120a38d3c74e 4451047b25d24e2e965008b1eb7f4830 b3f2310d892748939ef17ca1bb5af997 - default default] Delete group_snapshot with id: 5a54b4d5-ce11-4de6-809a-553ee37c45fb
2022-08-03 08:51:06.997 18 INFO cinder.api.openstack.wsgi [req-443fe668-2a7b-46de-8648-120a38d3c74e 4451047b25d24e2e965008b1eb7f4830 b3f2310d892748939ef17ca1bb5af997 - default default] http://[LB_IP_ADDRESS]:8776/v3/b3f2310d892748939ef17ca1bb5af997/group_snapshots/5a54b4d5-ce11-4de6-809a-553ee37c45fb returned with HTTP 404
2022-08-03 08:51:07.013 21 INFO cinder.api.openstack.wsgi [req-e7e5f193-849d-49ee-9299-35f6cb091a8f 4451047b25d24e2e965008b1eb7f4830 b3f2310d892748939ef17ca1bb5af997 - default default] GET http://[LB_IP_ADDRESS]:8776/v3/b3f2310d892748939ef17ca1bb5af997/volumes/detail
2022-08-03 08:51:07.061 21 INFO cinder.volume.api [req-e7e5f193-849d-49ee-9299-35f6cb091a8f 4451047b25d24e2e965008b1eb7f4830 b3f2310d892748939ef17ca1bb5af997 - default default] Get all volumes completed successfully.
2022-08-03 08:51:07.112 21 INFO cinder.api.openstack.wsgi [req-e7e5f193-849d-49ee-9299-35f6cb091a8f 4451047b25d24e2e965008b1eb7f4830 b3f2310d892748939ef17ca1bb5af997 - default default] http://[LB_IP_ADDRESS]:8776/v3/b3f2310d892748939ef17ca1bb5af997/volumes/detail returned with HTTP 200
2022-08-03 08:51:07.137 22 INFO cinder.api.openstack.wsgi [req-fcce85e6-3665-44a4-b9b6-a418d87e2ac9 4451047b25d24e2e965008b1eb7f4830 b3f2310d892748939ef17ca1bb5af997 - default default] POST http://[LB_IP_ADDRESS]:8776/v3/b3f2310d892748939ef17ca1bb5af997/groups/42d3b01f-5205-483a-a99c-6f614ea3c459/action
2022-08-03 08:51:07.139 22 INFO cinder.api.v3.groups [req-fcce85e6-3665-44a4-b9b6-a418d87e2ac9 4451047b25d24e2e965008b1eb7f4830 b3f2310d892748939ef17ca1bb5af997 - default default] Delete group with id: 42d3b01f-5205-483a-a99c-6f614ea3c459
2022-08-03 08:51:07.223 22 INFO cinder.api.openstack.wsgi [req-fcce85e6-3665-44a4-b9b6-a418d87e2ac9 4451047b25d24e2e965008b1eb7f4830 b3f2310d892748939ef17ca1bb5af997 - default default] http://[LB_IP_ADDRESS]:8776/v3/b3f2310d892748939ef17ca1bb5af997/groups/42d3b01f-5205-483a-a99c-6f614ea3c459/action returned with HTTP 202
2022-08-03 08:51:07.237 20 INFO cinder.api.openstack.wsgi [req-d728aced-9412-4808-a14f-d09a4b4a1635 4451047b25d24e2e965008b1eb7f4830 b3f2310d892748939ef17ca1bb5af997 - default default] GET http://[LB_IP_ADDRESS]:8776/v3/b3f2310d892748939ef17ca1bb5af997/volumes/cfafe473-136f-4f8f-af7d-e181b4fa3fd6
2022-08-03 08:51:07.264 20 INFO cinder.volume.api [req-d728aced-9412-4808-a14f-d09a4b4a1635 4451047b25d24e2e965008b1eb7f4830 b3f2310d892748939ef17ca1bb5af997 - default default] Volume info retrieved successfully.
2022-08-03 08:51:07.294 20 INFO cinder.api.openstack.wsgi [req-d728aced-9412-4808-a14f-d09a4b4a1635 4451047b25d24e2e965008b1eb7f4830 b3f2310d892748939ef17ca1bb5af997 - default default] http://[LB_IP_ADDRESS]:8776/v3/b3f2310d892748939ef17ca1bb5af997/volumes/cfafe473-136f-4f8f-af7d-e181b4fa3fd6 returned with HTTP 200
2022-08-03 08:51:08.241 19 INFO cinder.api.openstack.wsgi [req-4ade3ec3-fcdc-4097-b864-6f251fce822a 19b7f34bd0764c45a2d2000915485161 a1d2e1df8cab43338e674ed78b008e34 - default default] POST http://[LB_IP_ADDRESS]:8776/v3/a1d2e1df8cab43338e674ed78b008e34/qos-specs
2022-08-03 08:51:08.264 19 INFO cinder.api.openstack.wsgi [req-4ade3ec3-fcdc-4097-b864-6f251fce822a 19b7f34bd0764c45a2d2000915485161 a1d2e1df8cab43338e674ed78b008e34 - default default] http://[LB_IP_ADDRESS]:8776/v3/a1d2e1df8cab43338e674ed78b008e34/qos-specs returned with HTTP 200
2022-08-03 08:51:08.286 18 INFO cinder.api.openstack.wsgi [req-b4cf9fd9-6a3d-423b-bdaa-61780387a031 19b7f34bd0764c45a2d2000915485161 a1d2e1df8cab43338e674ed78b008e34 - default default] POST http://[LB_IP_ADDRESS]:8776/v3/a1d2e1df8cab43338e674ed78b008e34/types
2022-08-03 08:51:08.317 18 INFO cinder.api.openstack.wsgi [req-b4cf9fd9-6a3d-423b-bdaa-61780387a031 19b7f34bd0764c45a2d2000915485161 a1d2e1df8cab43338e674ed78b008e34 - default default] http://[LB_IP_ADDRESS]:8776/v3/a1d2e1df8cab43338e674ed78b008e34/types returned with HTTP 200
