Build Started 13_01_2025_17_18_10
2025-01-13 17:19:20.515 23 INFO cinder.api.openstack.wsgi [None req-e3af8e60-e275-48da-9c1e-f25f6d5cb089 6fe6c2fe6e3441f5990cbdcf6413e924 0eac1ff84c4b4af5a7e389a9fdfa4f07 - - default default] GET http://[LB_IP_ADDRESS]:8776/v3/0eac1ff84c4b4af5a7e389a9fdfa4f07/volumes/detail
2025-01-13 17:19:20.537 23 INFO cinder.volume.api [None req-e3af8e60-e275-48da-9c1e-f25f6d5cb089 6fe6c2fe6e3441f5990cbdcf6413e924 0eac1ff84c4b4af5a7e389a9fdfa4f07 - - default default] Get all volumes completed successfully.
2025-01-13 17:19:20.542 23 INFO cinder.api.openstack.wsgi [None req-e3af8e60-e275-48da-9c1e-f25f6d5cb089 6fe6c2fe6e3441f5990cbdcf6413e924 0eac1ff84c4b4af5a7e389a9fdfa4f07 - - default default] http://[LB_IP_ADDRESS]:8776/v3/0eac1ff84c4b4af5a7e389a9fdfa4f07/volumes/detail returned with HTTP 200
2025-01-13 17:19:20.555 24 INFO cinder.api.openstack.wsgi [req-e3af8e60-e275-48da-9c1e-f25f6d5cb089 req-5f7ab882-c193-4229-9424-fab8f912d655 6fe6c2fe6e3441f5990cbdcf6413e924 0eac1ff84c4b4af5a7e389a9fdfa4f07 - - default default] GET http://[LB_IP_ADDRESS]:8776/v3/0eac1ff84c4b4af5a7e389a9fdfa4f07/snapshots/detail?all_tenants=True
2025-01-13 17:19:20.568 24 INFO cinder.volume.api [req-e3af8e60-e275-48da-9c1e-f25f6d5cb089 req-5f7ab882-c193-4229-9424-fab8f912d655 6fe6c2fe6e3441f5990cbdcf6413e924 0eac1ff84c4b4af5a7e389a9fdfa4f07 - - default default] Get all snapshots completed successfully.
2025-01-13 17:19:20.570 24 INFO cinder.api.openstack.wsgi [req-e3af8e60-e275-48da-9c1e-f25f6d5cb089 req-5f7ab882-c193-4229-9424-fab8f912d655 6fe6c2fe6e3441f5990cbdcf6413e924 0eac1ff84c4b4af5a7e389a9fdfa4f07 - - default default] http://[LB_IP_ADDRESS]:8776/v3/0eac1ff84c4b4af5a7e389a9fdfa4f07/snapshots/detail?all_tenants=True returned with HTTP 200
2025-01-13 17:19:22.482 21 INFO cinder.api.openstack.wsgi [None req-dd6b7627-0558-428a-b817-2315b9f64c1a 6fe6c2fe6e3441f5990cbdcf6413e924 0eac1ff84c4b4af5a7e389a9fdfa4f07 - - default default] GET http://[LB_IP_ADDRESS]:8776/v3/0eac1ff84c4b4af5a7e389a9fdfa4f07/volumes/detail?all_tenants=True
2025-01-13 17:19:22.499 21 INFO cinder.volume.api [None req-dd6b7627-0558-428a-b817-2315b9f64c1a 6fe6c2fe6e3441f5990cbdcf6413e924 0eac1ff84c4b4af5a7e389a9fdfa4f07 - - default default] Get all volumes completed successfully.
2025-01-13 17:19:22.504 21 INFO cinder.api.openstack.wsgi [None req-dd6b7627-0558-428a-b817-2315b9f64c1a 6fe6c2fe6e3441f5990cbdcf6413e924 0eac1ff84c4b4af5a7e389a9fdfa4f07 - - default default] http://[LB_IP_ADDRESS]:8776/v3/0eac1ff84c4b4af5a7e389a9fdfa4f07/volumes/detail?all_tenants=True returned with HTTP 200
2025-01-13 17:19:24.384 22 INFO cinder.api.openstack.wsgi [None req-76a9ccf6-9149-4b1b-add0-8c678cbd28d9 6fe6c2fe6e3441f5990cbdcf6413e924 0eac1ff84c4b4af5a7e389a9fdfa4f07 - - default default] GET http://[LB_IP_ADDRESS]:8776/v3/0eac1ff84c4b4af5a7e389a9fdfa4f07/types?is_public=None
2025-01-13 17:19:24.402 22 INFO cinder.api.openstack.wsgi [None req-76a9ccf6-9149-4b1b-add0-8c678cbd28d9 6fe6c2fe6e3441f5990cbdcf6413e924 0eac1ff84c4b4af5a7e389a9fdfa4f07 - - default default] http://[LB_IP_ADDRESS]:8776/v3/0eac1ff84c4b4af5a7e389a9fdfa4f07/types?is_public=None returned with HTTP 200
2025-01-13 17:19:31.483 25 INFO cinder.api.openstack.wsgi [None req-b4cef316-4fd3-4efa-ba75-b267d997f9d7 6fe6c2fe6e3441f5990cbdcf6413e924 0eac1ff84c4b4af5a7e389a9fdfa4f07 - - default default] GET http://[LB_IP_ADDRESS]:8776/v3/0eac1ff84c4b4af5a7e389a9fdfa4f07/snapshots
2025-01-13 17:19:31.515 25 INFO cinder.volume.api [None req-b4cef316-4fd3-4efa-ba75-b267d997f9d7 6fe6c2fe6e3441f5990cbdcf6413e924 0eac1ff84c4b4af5a7e389a9fdfa4f07 - - default default] Get all snapshots completed successfully.
2025-01-13 17:19:31.516 25 INFO cinder.api.openstack.wsgi [None req-b4cef316-4fd3-4efa-ba75-b267d997f9d7 6fe6c2fe6e3441f5990cbdcf6413e924 0eac1ff84c4b4af5a7e389a9fdfa4f07 - - default default] http://[LB_IP_ADDRESS]:8776/v3/0eac1ff84c4b4af5a7e389a9fdfa4f07/snapshots returned with HTTP 200
2025-01-13 17:19:31.534 23 INFO cinder.api.openstack.wsgi [None req-d439c609-118f-4de7-a56b-fbc4391a60fb 6fe6c2fe6e3441f5990cbdcf6413e924 0eac1ff84c4b4af5a7e389a9fdfa4f07 - - default default] GET http://[LB_IP_ADDRESS]:8776/v3/0eac1ff84c4b4af5a7e389a9fdfa4f07/volumes
2025-01-13 17:19:31.554 23 INFO cinder.volume.api [None req-d439c609-118f-4de7-a56b-fbc4391a60fb 6fe6c2fe6e3441f5990cbdcf6413e924 0eac1ff84c4b4af5a7e389a9fdfa4f07 - - default default] Get all volumes completed successfully.
2025-01-13 17:19:31.555 23 INFO cinder.api.openstack.wsgi [None req-d439c609-118f-4de7-a56b-fbc4391a60fb 6fe6c2fe6e3441f5990cbdcf6413e924 0eac1ff84c4b4af5a7e389a9fdfa4f07 - - default default] http://[LB_IP_ADDRESS]:8776/v3/0eac1ff84c4b4af5a7e389a9fdfa4f07/volumes returned with HTTP 200
2025-01-13 17:19:37.101 24 INFO cinder.api.openstack.wsgi [None req-ec3c9655-9254-44b4-b005-6a72ddc334b9 - - - - - -] GET http://[LB_IP_ADDRESS]:8776/
2025-01-13 17:19:37.102 24 INFO cinder.api.openstack.wsgi [None req-ec3c9655-9254-44b4-b005-6a72ddc334b9 - - - - - -] http://[LB_IP_ADDRESS]:8776/ returned with HTTP 300
2025-01-13 17:19:38.364 21 INFO cinder.api.openstack.wsgi [req-02594106-220d-4d88-9697-96bc7cfb0d1c req-b3d04cd6-4c6f-484f-8751-0a06197a692e d577c6ef3b8b4d56be091662846be25c e5bfd1101059450da04715269c799598 - - default default] POST http://[LB_IP_ADDRESS]:8776/v3/e5bfd1101059450da04715269c799598/volumes
2025-01-13 17:19:38.367 21 INFO cinder.api.v3.volumes [req-02594106-220d-4d88-9697-96bc7cfb0d1c req-b3d04cd6-4c6f-484f-8751-0a06197a692e d577c6ef3b8b4d56be091662846be25c e5bfd1101059450da04715269c799598 - - default default] Create volume of 1 GB
2025-01-13 17:19:38.377 21 INFO cinder.volume.api [req-02594106-220d-4d88-9697-96bc7cfb0d1c req-b3d04cd6-4c6f-484f-8751-0a06197a692e d577c6ef3b8b4d56be091662846be25c e5bfd1101059450da04715269c799598 - - default default] Availability Zones retrieved successfully.
2025-01-13 17:19:38.400 22 INFO cinder.api.openstack.wsgi [req-8e5c55dd-5023-4fb8-8953-3c6f8c7f5bb1 req-1ce89448-6345-4518-8cd7-9258eb4477eb 94ea1e612d9d4e1cacbdfb353435c877 30ef233c9f0c419c8fd5bfdeb675a15b - - default default] DELETE http://[LB_IP_ADDRESS]:8776/v3/30ef233c9f0c419c8fd5bfdeb675a15b/volumes/tempest-invalid-919229086
2025-01-13 17:19:38.401 22 INFO cinder.api.v3.volumes [req-8e5c55dd-5023-4fb8-8953-3c6f8c7f5bb1 req-1ce89448-6345-4518-8cd7-9258eb4477eb 94ea1e612d9d4e1cacbdfb353435c877 30ef233c9f0c419c8fd5bfdeb675a15b - - default default] Delete volume with id: tempest-invalid-919229086 
2025-01-13 17:19:38.416 22 INFO cinder.api.openstack.wsgi [req-8e5c55dd-5023-4fb8-8953-3c6f8c7f5bb1 req-1ce89448-6345-4518-8cd7-9258eb4477eb 94ea1e612d9d4e1cacbdfb353435c877 30ef233c9f0c419c8fd5bfdeb675a15b - - default default] http://[LB_IP_ADDRESS]:8776/v3/30ef233c9f0c419c8fd5bfdeb675a15b/volumes/tempest-invalid-919229086 returned with HTTP 404
2025-01-13 17:19:38.474 25 INFO cinder.api.openstack.wsgi [req-66293e0c-caf7-4b5e-8384-8176e1860c29 req-b6946957-fe42-4462-8643-fef02eb84aca 94ea1e612d9d4e1cacbdfb353435c877 30ef233c9f0c419c8fd5bfdeb675a15b - - default default] DELETE http://[LB_IP_ADDRESS]:8776/v3/30ef233c9f0c419c8fd5bfdeb675a15b/volumes/789675c2-8abf-43cd-b752-0b8fdc3abd36
2025-01-13 17:19:38.475 25 INFO cinder.api.v3.volumes [req-66293e0c-caf7-4b5e-8384-8176e1860c29 req-b6946957-fe42-4462-8643-fef02eb84aca 94ea1e612d9d4e1cacbdfb353435c877 30ef233c9f0c419c8fd5bfdeb675a15b - - default default] Delete volume with id: 789675c2-8abf-43cd-b752-0b8fdc3abd36 
2025-01-13 17:19:38.489 25 INFO cinder.api.openstack.wsgi [req-66293e0c-caf7-4b5e-8384-8176e1860c29 req-b6946957-fe42-4462-8643-fef02eb84aca 94ea1e612d9d4e1cacbdfb353435c877 30ef233c9f0c419c8fd5bfdeb675a15b - - default default] http://[LB_IP_ADDRESS]:8776/v3/30ef233c9f0c419c8fd5bfdeb675a15b/volumes/789675c2-8abf-43cd-b752-0b8fdc3abd36 returned with HTTP 404
2025-01-13 17:19:38.528 23 INFO cinder.api.openstack.wsgi [req-d301b123-9564-4a15-b97c-3a50bf69ae96 req-f2da83a3-5c21-4fb1-90d3-a3c0a020b9c6 94ea1e612d9d4e1cacbdfb353435c877 30ef233c9f0c419c8fd5bfdeb675a15b - - default default] GET http://[LB_IP_ADDRESS]:8776/v3/30ef233c9f0c419c8fd5bfdeb675a15b/volumes/f7f1d987-66f4-4bb9-b6a0-fc13dcb0fea3
2025-01-13 17:19:38.532 24 INFO cinder.api.openstack.wsgi [req-3a405dc2-b626-49c6-b1ea-4e2c675aaca2 req-3818518c-4294-4fd9-af9b-a125c5badc13 4c911a8d3f8e4745853dab06ef05676e 558faf30979842c5871f7718e6f49cae - - default default] POST http://[LB_IP_ADDRESS]:8776/v3/558faf30979842c5871f7718e6f49cae/volumes
2025-01-13 17:19:38.538 24 INFO cinder.api.v3.volumes [req-3a405dc2-b626-49c6-b1ea-4e2c675aaca2 req-3818518c-4294-4fd9-af9b-a125c5badc13 4c911a8d3f8e4745853dab06ef05676e 558faf30979842c5871f7718e6f49cae - - default default] Create volume of 1 GB
2025-01-13 17:19:38.543 23 INFO cinder.api.openstack.wsgi [req-d301b123-9564-4a15-b97c-3a50bf69ae96 req-f2da83a3-5c21-4fb1-90d3-a3c0a020b9c6 94ea1e612d9d4e1cacbdfb353435c877 30ef233c9f0c419c8fd5bfdeb675a15b - - default default] http://[LB_IP_ADDRESS]:8776/v3/30ef233c9f0c419c8fd5bfdeb675a15b/volumes/f7f1d987-66f4-4bb9-b6a0-fc13dcb0fea3 returned with HTTP 404
2025-01-13 17:19:38.548 24 INFO cinder.volume.api [req-3a405dc2-b626-49c6-b1ea-4e2c675aaca2 req-3818518c-4294-4fd9-af9b-a125c5badc13 4c911a8d3f8e4745853dab06ef05676e 558faf30979842c5871f7718e6f49cae - - default default] Availability Zones retrieved successfully.
2025-01-13 17:19:38.576 21 INFO cinder.volume.api [req-02594106-220d-4d88-9697-96bc7cfb0d1c req-b3d04cd6-4c6f-484f-8751-0a06197a692e d577c6ef3b8b4d56be091662846be25c e5bfd1101059450da04715269c799598 - - default default] Create volume request issued successfully.
2025-01-13 17:19:38.578 21 INFO cinder.api.openstack.wsgi [req-02594106-220d-4d88-9697-96bc7cfb0d1c req-b3d04cd6-4c6f-484f-8751-0a06197a692e d577c6ef3b8b4d56be091662846be25c e5bfd1101059450da04715269c799598 - - default default] http://[LB_IP_ADDRESS]:8776/v3/e5bfd1101059450da04715269c799598/volumes returned with HTTP 202
2025-01-13 17:19:38.592 22 INFO cinder.api.openstack.wsgi [req-02594106-220d-4d88-9697-96bc7cfb0d1c req-5bc93502-d6bf-4320-8b1e-44249eb67691 d577c6ef3b8b4d56be091662846be25c e5bfd1101059450da04715269c799598 - - default default] GET http://[LB_IP_ADDRESS]:8776/v3/e5bfd1101059450da04715269c799598/volumes/5459f779-160a-4f94-a335-c34384f6dda1
2025-01-13 17:19:38.617 22 INFO cinder.volume.api [req-02594106-220d-4d88-9697-96bc7cfb0d1c req-5bc93502-d6bf-4320-8b1e-44249eb67691 d577c6ef3b8b4d56be091662846be25c e5bfd1101059450da04715269c799598 - - default default] Volume info retrieved successfully.
2025-01-13 17:19:38.626 22 INFO cinder.api.openstack.wsgi [req-02594106-220d-4d88-9697-96bc7cfb0d1c req-5bc93502-d6bf-4320-8b1e-44249eb67691 d577c6ef3b8b4d56be091662846be25c e5bfd1101059450da04715269c799598 - - default default] http://[LB_IP_ADDRESS]:8776/v3/e5bfd1101059450da04715269c799598/volumes/5459f779-160a-4f94-a335-c34384f6dda1 returned with HTTP 200
2025-01-13 17:19:38.689 25 INFO cinder.api.openstack.wsgi [req-88eec24f-25bd-4994-8877-f4b98bca92ae req-de556dd1-3424-4c58-aebc-0777a70472a5 d577c6ef3b8b4d56be091662846be25c e5bfd1101059450da04715269c799598 - - default default] GET http://[LB_IP_ADDRESS]:8776/v3/e5bfd1101059450da04715269c799598/volumes/5459f779-160a-4f94-a335-c34384f6dda1
2025-01-13 17:19:38.733 25 INFO cinder.volume.api [req-88eec24f-25bd-4994-8877-f4b98bca92ae req-de556dd1-3424-4c58-aebc-0777a70472a5 d577c6ef3b8b4d56be091662846be25c e5bfd1101059450da04715269c799598 - - default default] Volume info retrieved successfully.
2025-01-13 17:19:38.745 25 INFO cinder.api.openstack.wsgi [req-88eec24f-25bd-4994-8877-f4b98bca92ae req-de556dd1-3424-4c58-aebc-0777a70472a5 d577c6ef3b8b4d56be091662846be25c e5bfd1101059450da04715269c799598 - - default default] http://[LB_IP_ADDRESS]:8776/v3/e5bfd1101059450da04715269c799598/volumes/5459f779-160a-4f94-a335-c34384f6dda1 returned with HTTP 200
2025-01-13 17:19:38.761 24 INFO cinder.volume.api [req-3a405dc2-b626-49c6-b1ea-4e2c675aaca2 req-3818518c-4294-4fd9-af9b-a125c5badc13 4c911a8d3f8e4745853dab06ef05676e 558faf30979842c5871f7718e6f49cae - - default default] Create volume request issued successfully.
2025-01-13 17:19:38.763 24 INFO cinder.api.openstack.wsgi [req-3a405dc2-b626-49c6-b1ea-4e2c675aaca2 req-3818518c-4294-4fd9-af9b-a125c5badc13 4c911a8d3f8e4745853dab06ef05676e 558faf30979842c5871f7718e6f49cae - - default default] http://[LB_IP_ADDRESS]:8776/v3/558faf30979842c5871f7718e6f49cae/volumes returned with HTTP 202
2025-01-13 17:19:38.777 23 INFO cinder.api.openstack.wsgi [req-3a405dc2-b626-49c6-b1ea-4e2c675aaca2 req-9a39c363-eedd-4051-b45b-15d69f90e535 4c911a8d3f8e4745853dab06ef05676e 558faf30979842c5871f7718e6f49cae - - default default] GET http://[LB_IP_ADDRESS]:8776/v3/558faf30979842c5871f7718e6f49cae/volumes/af6fdf52-5438-4b25-a042-7ec844180095
2025-01-13 17:19:38.802 23 INFO cinder.volume.api [req-3a405dc2-b626-49c6-b1ea-4e2c675aaca2 req-9a39c363-eedd-4051-b45b-15d69f90e535 4c911a8d3f8e4745853dab06ef05676e 558faf30979842c5871f7718e6f49cae - - default default] Volume info retrieved successfully.
2025-01-13 17:19:38.811 23 INFO cinder.api.openstack.wsgi [req-3a405dc2-b626-49c6-b1ea-4e2c675aaca2 req-9a39c363-eedd-4051-b45b-15d69f90e535 4c911a8d3f8e4745853dab06ef05676e 558faf30979842c5871f7718e6f49cae - - default default] http://[LB_IP_ADDRESS]:8776/v3/558faf30979842c5871f7718e6f49cae/volumes/af6fdf52-5438-4b25-a042-7ec844180095 returned with HTTP 200
2025-01-13 17:19:38.851 21 INFO cinder.api.openstack.wsgi [req-85c0e2f6-ea5e-420c-baa5-75259fc2c301 req-ffcb0308-3d56-477a-8c46-0cfc334637fd 4c911a8d3f8e4745853dab06ef05676e 558faf30979842c5871f7718e6f49cae - - default default] GET http://[LB_IP_ADDRESS]:8776/v3/558faf30979842c5871f7718e6f49cae/volumes/af6fdf52-5438-4b25-a042-7ec844180095
2025-01-13 17:19:38.874 21 INFO cinder.volume.api [req-85c0e2f6-ea5e-420c-baa5-75259fc2c301 req-ffcb0308-3d56-477a-8c46-0cfc334637fd 4c911a8d3f8e4745853dab06ef05676e 558faf30979842c5871f7718e6f49cae - - default default] Volume info retrieved successfully.
2025-01-13 17:19:38.882 21 INFO cinder.api.openstack.wsgi [req-85c0e2f6-ea5e-420c-baa5-75259fc2c301 req-ffcb0308-3d56-477a-8c46-0cfc334637fd 4c911a8d3f8e4745853dab06ef05676e 558faf30979842c5871f7718e6f49cae - - default default] http://[LB_IP_ADDRESS]:8776/v3/558faf30979842c5871f7718e6f49cae/volumes/af6fdf52-5438-4b25-a042-7ec844180095 returned with HTTP 200
2025-01-13 17:19:39.787 22 INFO cinder.api.openstack.wsgi [req-1959db33-171c-4060-a04b-912639f12004 req-9f062874-040e-4a55-9d02-bb9855225d39 d577c6ef3b8b4d56be091662846be25c e5bfd1101059450da04715269c799598 - - default default] GET http://[LB_IP_ADDRESS]:8776/v3/e5bfd1101059450da04715269c799598/volumes/5459f779-160a-4f94-a335-c34384f6dda1
2025-01-13 17:19:39.811 22 INFO cinder.volume.api [req-1959db33-171c-4060-a04b-912639f12004 req-9f062874-040e-4a55-9d02-bb9855225d39 d577c6ef3b8b4d56be091662846be25c e5bfd1101059450da04715269c799598 - - default default] Volume info retrieved successfully.
2025-01-13 17:19:39.820 22 INFO cinder.api.openstack.wsgi [req-1959db33-171c-4060-a04b-912639f12004 req-9f062874-040e-4a55-9d02-bb9855225d39 d577c6ef3b8b4d56be091662846be25c e5bfd1101059450da04715269c799598 - - default default] http://[LB_IP_ADDRESS]:8776/v3/e5bfd1101059450da04715269c799598/volumes/5459f779-160a-4f94-a335-c34384f6dda1 returned with HTTP 200
2025-01-13 17:19:39.921 25 INFO cinder.api.openstack.wsgi [req-caaf3329-8fbe-490c-9a76-6e36618a6009 req-87419e46-70f9-4105-9b1f-1564cc372113 4c911a8d3f8e4745853dab06ef05676e 558faf30979842c5871f7718e6f49cae - - default default] GET http://[LB_IP_ADDRESS]:8776/v3/558faf30979842c5871f7718e6f49cae/volumes/af6fdf52-5438-4b25-a042-7ec844180095
2025-01-13 17:19:39.946 25 INFO cinder.volume.api [req-caaf3329-8fbe-490c-9a76-6e36618a6009 req-87419e46-70f9-4105-9b1f-1564cc372113 4c911a8d3f8e4745853dab06ef05676e 558faf30979842c5871f7718e6f49cae - - default default] Volume info retrieved successfully.
2025-01-13 17:19:39.954 25 INFO cinder.api.openstack.wsgi [req-caaf3329-8fbe-490c-9a76-6e36618a6009 req-87419e46-70f9-4105-9b1f-1564cc372113 4c911a8d3f8e4745853dab06ef05676e 558faf30979842c5871f7718e6f49cae - - default default] http://[LB_IP_ADDRESS]:8776/v3/558faf30979842c5871f7718e6f49cae/volumes/af6fdf52-5438-4b25-a042-7ec844180095 returned with HTTP 200
2025-01-13 17:19:40.859 24 INFO cinder.api.openstack.wsgi [req-942c38ed-3600-4d5f-80ca-accaec646d49 req-991c63a9-854b-446a-b111-3c29068bd85a d577c6ef3b8b4d56be091662846be25c e5bfd1101059450da04715269c799598 - - default default] GET http://[LB_IP_ADDRESS]:8776/v3/e5bfd1101059450da04715269c799598/volumes/5459f779-160a-4f94-a335-c34384f6dda1
2025-01-13 17:19:40.884 24 INFO cinder.volume.api [req-942c38ed-3600-4d5f-80ca-accaec646d49 req-991c63a9-854b-446a-b111-3c29068bd85a d577c6ef3b8b4d56be091662846be25c e5bfd1101059450da04715269c799598 - - default default] Volume info retrieved successfully.
2025-01-13 17:19:40.893 24 INFO cinder.api.openstack.wsgi [req-942c38ed-3600-4d5f-80ca-accaec646d49 req-991c63a9-854b-446a-b111-3c29068bd85a d577c6ef3b8b4d56be091662846be25c e5bfd1101059450da04715269c799598 - - default default] http://[LB_IP_ADDRESS]:8776/v3/e5bfd1101059450da04715269c799598/volumes/5459f779-160a-4f94-a335-c34384f6dda1 returned with HTTP 200
2025-01-13 17:19:40.930 23 INFO cinder.api.openstack.wsgi [req-7cac4b40-cca1-4b43-882d-3df55e8fc841 req-4e8f1775-9d4b-4642-9b49-d3b9c9dcdca8 d577c6ef3b8b4d56be091662846be25c e5bfd1101059450da04715269c799598 - - default default] GET http://[LB_IP_ADDRESS]:8776/v3/e5bfd1101059450da04715269c799598/volumes/5459f779-160a-4f94-a335-c34384f6dda1
2025-01-13 17:19:40.954 23 INFO cinder.volume.api [req-7cac4b40-cca1-4b43-882d-3df55e8fc841 req-4e8f1775-9d4b-4642-9b49-d3b9c9dcdca8 d577c6ef3b8b4d56be091662846be25c e5bfd1101059450da04715269c799598 - - default default] Volume info retrieved successfully.
2025-01-13 17:19:40.963 23 INFO cinder.api.openstack.wsgi [req-7cac4b40-cca1-4b43-882d-3df55e8fc841 req-4e8f1775-9d4b-4642-9b49-d3b9c9dcdca8 d577c6ef3b8b4d56be091662846be25c e5bfd1101059450da04715269c799598 - - default default] http://[LB_IP_ADDRESS]:8776/v3/e5bfd1101059450da04715269c799598/volumes/5459f779-160a-4f94-a335-c34384f6dda1 returned with HTTP 200
2025-01-13 17:19:40.993 21 INFO cinder.api.openstack.wsgi [req-9cbe6a14-31cd-44a1-bbc8-fcb243c1a39a req-5cb56b63-350c-47f5-ad18-fcd0c4019a02 4c911a8d3f8e4745853dab06ef05676e 558faf30979842c5871f7718e6f49cae - - default default] GET http://[LB_IP_ADDRESS]:8776/v3/558faf30979842c5871f7718e6f49cae/volumes/af6fdf52-5438-4b25-a042-7ec844180095
2025-01-13 17:19:41.008 22 INFO cinder.api.openstack.wsgi [req-f6d045dc-a07f-41c0-bba3-4251153e39eb req-b2a22c47-91f8-4e91-9a79-5ab846d21dcb d577c6ef3b8b4d56be091662846be25c e5bfd1101059450da04715269c799598 - - default default] DELETE http://[LB_IP_ADDRESS]:8776/v3/e5bfd1101059450da04715269c799598/volumes/5459f779-160a-4f94-a335-c34384f6dda1
2025-01-13 17:19:41.009 22 INFO cinder.api.v3.volumes [req-f6d045dc-a07f-41c0-bba3-4251153e39eb req-b2a22c47-91f8-4e91-9a79-5ab846d21dcb d577c6ef3b8b4d56be091662846be25c e5bfd1101059450da04715269c799598 - - default default] Delete volume with id: 5459f779-160a-4f94-a335-c34384f6dda1 
2025-01-13 17:19:41.018 21 INFO cinder.volume.api [req-9cbe6a14-31cd-44a1-bbc8-fcb243c1a39a req-5cb56b63-350c-47f5-ad18-fcd0c4019a02 4c911a8d3f8e4745853dab06ef05676e 558faf30979842c5871f7718e6f49cae - - default default] Volume info retrieved successfully.
2025-01-13 17:19:41.027 21 INFO cinder.api.openstack.wsgi [req-9cbe6a14-31cd-44a1-bbc8-fcb243c1a39a req-5cb56b63-350c-47f5-ad18-fcd0c4019a02 4c911a8d3f8e4745853dab06ef05676e 558faf30979842c5871f7718e6f49cae - - default default] http://[LB_IP_ADDRESS]:8776/v3/558faf30979842c5871f7718e6f49cae/volumes/af6fdf52-5438-4b25-a042-7ec844180095 returned with HTTP 200
2025-01-13 17:19:41.028 22 INFO cinder.volume.api [req-f6d045dc-a07f-41c0-bba3-4251153e39eb req-b2a22c47-91f8-4e91-9a79-5ab846d21dcb d577c6ef3b8b4d56be091662846be25c e5bfd1101059450da04715269c799598 - - default default] Volume info retrieved successfully.
2025-01-13 17:19:41.060 22 INFO cinder.volume.api [req-f6d045dc-a07f-41c0-bba3-4251153e39eb req-b2a22c47-91f8-4e91-9a79-5ab846d21dcb d577c6ef3b8b4d56be091662846be25c e5bfd1101059450da04715269c799598 - - default default] Delete volume request issued successfully.
2025-01-13 17:19:41.060 22 INFO cinder.api.openstack.wsgi [req-f6d045dc-a07f-41c0-bba3-4251153e39eb req-b2a22c47-91f8-4e91-9a79-5ab846d21dcb d577c6ef3b8b4d56be091662846be25c e5bfd1101059450da04715269c799598 - - default default] http://[LB_IP_ADDRESS]:8776/v3/e5bfd1101059450da04715269c799598/volumes/5459f779-160a-4f94-a335-c34384f6dda1 returned with HTTP 202
2025-01-13 17:19:41.067 25 INFO cinder.api.openstack.wsgi [req-2565e9d5-76a1-4d3c-9a0f-c25153550856 req-95f17aed-228f-40c9-92b3-242fe94a4062 4c911a8d3f8e4745853dab06ef05676e 558faf30979842c5871f7718e6f49cae - - default default] POST http://[LB_IP_ADDRESS]:8776/v3/558faf30979842c5871f7718e6f49cae/snapshots
2025-01-13 17:19:41.095 24 INFO cinder.api.openstack.wsgi [req-9487a0b5-1840-4f1c-a4fa-7abf2d80e39d req-c056f67e-10b4-4a5b-b701-949e1030f605 d577c6ef3b8b4d56be091662846be25c e5bfd1101059450da04715269c799598 - - default default] GET http://[LB_IP_ADDRESS]:8776/v3/e5bfd1101059450da04715269c799598/volumes/5459f779-160a-4f94-a335-c34384f6dda1
2025-01-13 17:19:41.095 25 INFO cinder.volume.api [req-2565e9d5-76a1-4d3c-9a0f-c25153550856 req-95f17aed-228f-40c9-92b3-242fe94a4062 4c911a8d3f8e4745853dab06ef05676e 558faf30979842c5871f7718e6f49cae - - default default] Volume info retrieved successfully.
2025-01-13 17:19:41.096 25 INFO cinder.api.v3.snapshots [req-2565e9d5-76a1-4d3c-9a0f-c25153550856 req-95f17aed-228f-40c9-92b3-242fe94a4062 4c911a8d3f8e4745853dab06ef05676e 558faf30979842c5871f7718e6f49cae - - default default] Create snapshot from volume af6fdf52-5438-4b25-a042-7ec844180095
2025-01-13 17:19:41.120 24 INFO cinder.volume.api [req-9487a0b5-1840-4f1c-a4fa-7abf2d80e39d req-c056f67e-10b4-4a5b-b701-949e1030f605 d577c6ef3b8b4d56be091662846be25c e5bfd1101059450da04715269c799598 - - default default] Volume info retrieved successfully.
2025-01-13 17:19:41.129 24 INFO cinder.api.openstack.wsgi [req-9487a0b5-1840-4f1c-a4fa-7abf2d80e39d req-c056f67e-10b4-4a5b-b701-949e1030f605 d577c6ef3b8b4d56be091662846be25c e5bfd1101059450da04715269c799598 - - default default] http://[LB_IP_ADDRESS]:8776/v3/e5bfd1101059450da04715269c799598/volumes/5459f779-160a-4f94-a335-c34384f6dda1 returned with HTTP 200
2025-01-13 17:19:41.232 25 INFO cinder.volume.api [req-2565e9d5-76a1-4d3c-9a0f-c25153550856 req-95f17aed-228f-40c9-92b3-242fe94a4062 4c911a8d3f8e4745853dab06ef05676e 558faf30979842c5871f7718e6f49cae - - default default] Snapshot create request issued successfully.
2025-01-13 17:19:41.234 25 INFO cinder.api.openstack.wsgi [req-2565e9d5-76a1-4d3c-9a0f-c25153550856 req-95f17aed-228f-40c9-92b3-242fe94a4062 4c911a8d3f8e4745853dab06ef05676e 558faf30979842c5871f7718e6f49cae - - default default] http://[LB_IP_ADDRESS]:8776/v3/558faf30979842c5871f7718e6f49cae/snapshots returned with HTTP 202
2025-01-13 17:19:41.270 23 INFO cinder.api.openstack.wsgi [req-01a6e574-9132-4c73-a785-5d1c22c08bcf req-65f60db8-1be1-4345-974b-357d2a75da6a 4c911a8d3f8e4745853dab06ef05676e 558faf30979842c5871f7718e6f49cae - - default default] GET http://[LB_IP_ADDRESS]:8776/v3/558faf30979842c5871f7718e6f49cae/snapshots/f3039374-4799-4467-b427-05672c698ab2
2025-01-13 17:19:41.282 23 INFO cinder.volume.api [req-01a6e574-9132-4c73-a785-5d1c22c08bcf req-65f60db8-1be1-4345-974b-357d2a75da6a 4c911a8d3f8e4745853dab06ef05676e 558faf30979842c5871f7718e6f49cae - - default default] Snapshot retrieved successfully.
2025-01-13 17:19:41.284 23 INFO cinder.api.openstack.wsgi [req-01a6e574-9132-4c73-a785-5d1c22c08bcf req-65f60db8-1be1-4345-974b-357d2a75da6a 4c911a8d3f8e4745853dab06ef05676e 558faf30979842c5871f7718e6f49cae - - default default] http://[LB_IP_ADDRESS]:8776/v3/558faf30979842c5871f7718e6f49cae/snapshots/f3039374-4799-4467-b427-05672c698ab2 returned with HTTP 200
2025-01-13 17:19:41.319 21 INFO cinder.api.openstack.wsgi [req-c20832bd-79f1-481c-8838-a232178fbf6d req-913415a2-dc34-4f2a-9cd3-f2aa9be81a00 4c911a8d3f8e4745853dab06ef05676e 558faf30979842c5871f7718e6f49cae - - default default] GET http://[LB_IP_ADDRESS]:8776/v3/558faf30979842c5871f7718e6f49cae/snapshots/detail
2025-01-13 17:19:41.329 21 INFO cinder.volume.api [req-c20832bd-79f1-481c-8838-a232178fbf6d req-913415a2-dc34-4f2a-9cd3-f2aa9be81a00 4c911a8d3f8e4745853dab06ef05676e 558faf30979842c5871f7718e6f49cae - - default default] Get all snapshots completed successfully.
2025-01-13 17:19:41.331 21 INFO cinder.api.openstack.wsgi [req-c20832bd-79f1-481c-8838-a232178fbf6d req-913415a2-dc34-4f2a-9cd3-f2aa9be81a00 4c911a8d3f8e4745853dab06ef05676e 558faf30979842c5871f7718e6f49cae - - default default] http://[LB_IP_ADDRESS]:8776/v3/558faf30979842c5871f7718e6f49cae/snapshots/detail returned with HTTP 200
2025-01-13 17:19:41.367 22 INFO cinder.api.openstack.wsgi [req-6bd0429c-716e-4656-819d-5f1d5f9e1dfd req-d998d78b-9ce2-4406-a9f1-67a9a20ebecf 4c911a8d3f8e4745853dab06ef05676e 558faf30979842c5871f7718e6f49cae - - default default] GET http://[LB_IP_ADDRESS]:8776/v3/558faf30979842c5871f7718e6f49cae/snapshots/f3039374-4799-4467-b427-05672c698ab2
2025-01-13 17:19:41.380 22 INFO cinder.volume.api [req-6bd0429c-716e-4656-819d-5f1d5f9e1dfd req-d998d78b-9ce2-4406-a9f1-67a9a20ebecf 4c911a8d3f8e4745853dab06ef05676e 558faf30979842c5871f7718e6f49cae - - default default] Snapshot retrieved successfully.
2025-01-13 17:19:41.382 22 INFO cinder.api.openstack.wsgi [req-6bd0429c-716e-4656-819d-5f1d5f9e1dfd req-d998d78b-9ce2-4406-a9f1-67a9a20ebecf 4c911a8d3f8e4745853dab06ef05676e 558faf30979842c5871f7718e6f49cae - - default default] http://[LB_IP_ADDRESS]:8776/v3/558faf30979842c5871f7718e6f49cae/snapshots/f3039374-4799-4467-b427-05672c698ab2 returned with HTTP 200
2025-01-13 17:19:42.168 24 INFO cinder.api.openstack.wsgi [req-33d71020-b03c-4ab7-a0f8-fd94e167f1a8 req-a6b8440e-85e9-430e-b3ae-debade111266 d577c6ef3b8b4d56be091662846be25c e5bfd1101059450da04715269c799598 - - default default] GET http://[LB_IP_ADDRESS]:8776/v3/e5bfd1101059450da04715269c799598/volumes/5459f779-160a-4f94-a335-c34384f6dda1
2025-01-13 17:19:42.182 24 INFO cinder.api.openstack.wsgi [req-33d71020-b03c-4ab7-a0f8-fd94e167f1a8 req-a6b8440e-85e9-430e-b3ae-debade111266 d577c6ef3b8b4d56be091662846be25c e5bfd1101059450da04715269c799598 - - default default] http://[LB_IP_ADDRESS]:8776/v3/e5bfd1101059450da04715269c799598/volumes/5459f779-160a-4f94-a335-c34384f6dda1 returned with HTTP 404
2025-01-13 17:19:42.418 25 INFO cinder.api.openstack.wsgi [req-12152e91-3d60-47fc-b287-20b2b33a3019 req-4ab4d749-3538-47ed-a5e9-dd6c41d434db 4c911a8d3f8e4745853dab06ef05676e 558faf30979842c5871f7718e6f49cae - - default default] GET http://[LB_IP_ADDRESS]:8776/v3/558faf30979842c5871f7718e6f49cae/snapshots/f3039374-4799-4467-b427-05672c698ab2
2025-01-13 17:19:42.432 25 INFO cinder.volume.api [req-12152e91-3d60-47fc-b287-20b2b33a3019 req-4ab4d749-3538-47ed-a5e9-dd6c41d434db 4c911a8d3f8e4745853dab06ef05676e 558faf30979842c5871f7718e6f49cae - - default default] Snapshot retrieved successfully.
2025-01-13 17:19:42.434 25 INFO cinder.api.openstack.wsgi [req-12152e91-3d60-47fc-b287-20b2b33a3019 req-4ab4d749-3538-47ed-a5e9-dd6c41d434db 4c911a8d3f8e4745853dab06ef05676e 558faf30979842c5871f7718e6f49cae - - default default] http://[LB_IP_ADDRESS]:8776/v3/558faf30979842c5871f7718e6f49cae/snapshots/f3039374-4799-4467-b427-05672c698ab2 returned with HTTP 200
2025-01-13 17:19:43.469 23 INFO cinder.api.openstack.wsgi [req-6fd395cf-1be3-4522-b61e-1c34b86628dd req-dc7c1532-aa01-43ac-92b4-d8388dbe47bf 4c911a8d3f8e4745853dab06ef05676e 558faf30979842c5871f7718e6f49cae - - default default] GET http://[LB_IP_ADDRESS]:8776/v3/558faf30979842c5871f7718e6f49cae/snapshots/f3039374-4799-4467-b427-05672c698ab2
2025-01-13 17:19:43.484 23 INFO cinder.volume.api [req-6fd395cf-1be3-4522-b61e-1c34b86628dd req-dc7c1532-aa01-43ac-92b4-d8388dbe47bf 4c911a8d3f8e4745853dab06ef05676e 558faf30979842c5871f7718e6f49cae - - default default] Snapshot retrieved successfully.
2025-01-13 17:19:43.486 23 INFO cinder.api.openstack.wsgi [req-6fd395cf-1be3-4522-b61e-1c34b86628dd req-dc7c1532-aa01-43ac-92b4-d8388dbe47bf 4c911a8d3f8e4745853dab06ef05676e 558faf30979842c5871f7718e6f49cae - - default default] http://[LB_IP_ADDRESS]:8776/v3/558faf30979842c5871f7718e6f49cae/snapshots/f3039374-4799-4467-b427-05672c698ab2 returned with HTTP 200
2025-01-13 17:19:43.518 21 INFO cinder.api.openstack.wsgi [req-4b871af5-18ae-4cc3-bdfa-d4dfae5e6de0 req-c0be71bb-d0c1-4511-a921-831236a0eaac 4c911a8d3f8e4745853dab06ef05676e 558faf30979842c5871f7718e6f49cae - - default default] DELETE http://[LB_IP_ADDRESS]:8776/v3/558faf30979842c5871f7718e6f49cae/snapshots/f3039374-4799-4467-b427-05672c698ab2
2025-01-13 17:19:43.519 21 INFO cinder.api.v2.snapshots [req-4b871af5-18ae-4cc3-bdfa-d4dfae5e6de0 req-c0be71bb-d0c1-4511-a921-831236a0eaac 4c911a8d3f8e4745853dab06ef05676e 558faf30979842c5871f7718e6f49cae - - default default] Delete snapshot with id: f3039374-4799-4467-b427-05672c698ab2
2025-01-13 17:19:43.532 21 INFO cinder.volume.api [req-4b871af5-18ae-4cc3-bdfa-d4dfae5e6de0 req-c0be71bb-d0c1-4511-a921-831236a0eaac 4c911a8d3f8e4745853dab06ef05676e 558faf30979842c5871f7718e6f49cae - - default default] Snapshot retrieved successfully.
2025-01-13 17:19:43.568 21 INFO cinder.volume.api [req-4b871af5-18ae-4cc3-bdfa-d4dfae5e6de0 req-c0be71bb-d0c1-4511-a921-831236a0eaac 4c911a8d3f8e4745853dab06ef05676e 558faf30979842c5871f7718e6f49cae - - default default] Snapshot delete request issued successfully.
2025-01-13 17:19:43.568 21 INFO cinder.api.openstack.wsgi [req-4b871af5-18ae-4cc3-bdfa-d4dfae5e6de0 req-c0be71bb-d0c1-4511-a921-831236a0eaac 4c911a8d3f8e4745853dab06ef05676e 558faf30979842c5871f7718e6f49cae - - default default] http://[LB_IP_ADDRESS]:8776/v3/558faf30979842c5871f7718e6f49cae/snapshots/f3039374-4799-4467-b427-05672c698ab2 returned with HTTP 202
2025-01-13 17:19:43.602 22 INFO cinder.api.openstack.wsgi [req-e5b6fc5e-ef14-44e6-a5c0-e7d615bb29fb req-8be99cd9-23a5-4683-a8fe-424cd4d7f997 4c911a8d3f8e4745853dab06ef05676e 558faf30979842c5871f7718e6f49cae - - default default] GET http://[LB_IP_ADDRESS]:8776/v3/558faf30979842c5871f7718e6f49cae/snapshots/f3039374-4799-4467-b427-05672c698ab2
2025-01-13 17:19:43.616 22 INFO cinder.volume.api [req-e5b6fc5e-ef14-44e6-a5c0-e7d615bb29fb req-8be99cd9-23a5-4683-a8fe-424cd4d7f997 4c911a8d3f8e4745853dab06ef05676e 558faf30979842c5871f7718e6f49cae - - default default] Snapshot retrieved successfully.
2025-01-13 17:19:43.618 22 INFO cinder.api.openstack.wsgi [req-e5b6fc5e-ef14-44e6-a5c0-e7d615bb29fb req-8be99cd9-23a5-4683-a8fe-424cd4d7f997 4c911a8d3f8e4745853dab06ef05676e 558faf30979842c5871f7718e6f49cae - - default default] http://[LB_IP_ADDRESS]:8776/v3/558faf30979842c5871f7718e6f49cae/snapshots/f3039374-4799-4467-b427-05672c698ab2 returned with HTTP 200
2025-01-13 17:19:43.855 24 INFO cinder.api.openstack.wsgi [None req-77cae87a-b9ac-4d0b-88d0-149660822f4e 85494c6bce44472b82a561a80cd6b2bb 1191e268c3b34e3ca135a654eca46437 - - default default] POST http://[LB_IP_ADDRESS]:8776/v3/1191e268c3b34e3ca135a654eca46437/group_types
2025-01-13 17:19:43.883 24 INFO cinder.api.openstack.wsgi [None req-77cae87a-b9ac-4d0b-88d0-149660822f4e 85494c6bce44472b82a561a80cd6b2bb 1191e268c3b34e3ca135a654eca46437 - - default default] http://[LB_IP_ADDRESS]:8776/v3/1191e268c3b34e3ca135a654eca46437/group_types returned with HTTP 202
2025-01-13 17:19:43.898 25 INFO cinder.api.openstack.wsgi [None req-4de3eda7-ad86-487d-a77d-f2287cfbab2a 85494c6bce44472b82a561a80cd6b2bb 1191e268c3b34e3ca135a654eca46437 - - default default] POST http://[LB_IP_ADDRESS]:8776/v3/1191e268c3b34e3ca135a654eca46437/group_types/d044fcdc-c3d3-4cc1-857c-2791a9f0d607/group_specs
2025-01-13 17:19:43.926 25 INFO cinder.api.openstack.wsgi [None req-4de3eda7-ad86-487d-a77d-f2287cfbab2a 85494c6bce44472b82a561a80cd6b2bb 1191e268c3b34e3ca135a654eca46437 - - default default] http://[LB_IP_ADDRESS]:8776/v3/1191e268c3b34e3ca135a654eca46437/group_types/d044fcdc-c3d3-4cc1-857c-2791a9f0d607/group_specs returned with HTTP 202
2025-01-13 17:19:43.940 23 INFO cinder.api.openstack.wsgi [None req-1f57e7e0-c695-4bd0-9cad-0014d616285b 85494c6bce44472b82a561a80cd6b2bb 1191e268c3b34e3ca135a654eca46437 - - default default] POST http://[LB_IP_ADDRESS]:8776/v3/1191e268c3b34e3ca135a654eca46437/group_types/d044fcdc-c3d3-4cc1-857c-2791a9f0d607/group_specs
2025-01-13 17:19:43.971 23 INFO cinder.api.openstack.wsgi [None req-1f57e7e0-c695-4bd0-9cad-0014d616285b 85494c6bce44472b82a561a80cd6b2bb 1191e268c3b34e3ca135a654eca46437 - - default default] http://[LB_IP_ADDRESS]:8776/v3/1191e268c3b34e3ca135a654eca46437/group_types/d044fcdc-c3d3-4cc1-857c-2791a9f0d607/group_specs returned with HTTP 202
2025-01-13 17:19:43.984 21 INFO cinder.api.openstack.wsgi [None req-a5eaaef5-3713-48c6-b6f7-35efdf5eacc1 85494c6bce44472b82a561a80cd6b2bb 1191e268c3b34e3ca135a654eca46437 - - default default] GET http://[LB_IP_ADDRESS]:8776/v3/1191e268c3b34e3ca135a654eca46437/group_types/d044fcdc-c3d3-4cc1-857c-2791a9f0d607/group_specs/key2
2025-01-13 17:19:43.997 21 INFO cinder.api.openstack.wsgi [None req-a5eaaef5-3713-48c6-b6f7-35efdf5eacc1 85494c6bce44472b82a561a80cd6b2bb 1191e268c3b34e3ca135a654eca46437 - - default default] http://[LB_IP_ADDRESS]:8776/v3/1191e268c3b34e3ca135a654eca46437/group_types/d044fcdc-c3d3-4cc1-857c-2791a9f0d607/group_specs/key2 returned with HTTP 200
2025-01-13 17:19:44.009 22 INFO cinder.api.openstack.wsgi [None req-30691ca0-fb76-4295-8623-8777f9119c19 85494c6bce44472b82a561a80cd6b2bb 1191e268c3b34e3ca135a654eca46437 - - default default] GET http://[LB_IP_ADDRESS]:8776/v3/1191e268c3b34e3ca135a654eca46437/group_types/d044fcdc-c3d3-4cc1-857c-2791a9f0d607/group_specs/key3
2025-01-13 17:19:44.022 22 INFO cinder.api.openstack.wsgi [None req-30691ca0-fb76-4295-8623-8777f9119c19 85494c6bce44472b82a561a80cd6b2bb 1191e268c3b34e3ca135a654eca46437 - - default default] http://[LB_IP_ADDRESS]:8776/v3/1191e268c3b34e3ca135a654eca46437/group_types/d044fcdc-c3d3-4cc1-857c-2791a9f0d607/group_specs/key3 returned with HTTP 200
2025-01-13 17:19:44.035 24 INFO cinder.api.openstack.wsgi [None req-8e603e32-fd6a-4c8e-8b3a-2bd368b3b064 85494c6bce44472b82a561a80cd6b2bb 1191e268c3b34e3ca135a654eca46437 - - default default] PUT http://[LB_IP_ADDRESS]:8776/v3/1191e268c3b34e3ca135a654eca46437/group_types/d044fcdc-c3d3-4cc1-857c-2791a9f0d607/group_specs/key3
2025-01-13 17:19:44.061 24 INFO cinder.api.openstack.wsgi [None req-8e603e32-fd6a-4c8e-8b3a-2bd368b3b064 85494c6bce44472b82a561a80cd6b2bb 1191e268c3b34e3ca135a654eca46437 - - default default] http://[LB_IP_ADDRESS]:8776/v3/1191e268c3b34e3ca135a654eca46437/group_types/d044fcdc-c3d3-4cc1-857c-2791a9f0d607/group_specs/key3 returned with HTTP 200
2025-01-13 17:19:44.073 25 INFO cinder.api.openstack.wsgi [None req-1e17712b-51fe-4322-aa50-9a00aec1eac5 85494c6bce44472b82a561a80cd6b2bb 1191e268c3b34e3ca135a654eca46437 - - default default] GET http://[LB_IP_ADDRESS]:8776/v3/1191e268c3b34e3ca135a654eca46437/group_types/d044fcdc-c3d3-4cc1-857c-2791a9f0d607/group_specs
2025-01-13 17:19:44.086 25 INFO cinder.api.openstack.wsgi [None req-1e17712b-51fe-4322-aa50-9a00aec1eac5 85494c6bce44472b82a561a80cd6b2bb 1191e268c3b34e3ca135a654eca46437 - - default default] http://[LB_IP_ADDRESS]:8776/v3/1191e268c3b34e3ca135a654eca46437/group_types/d044fcdc-c3d3-4cc1-857c-2791a9f0d607/group_specs returned with HTTP 200
2025-01-13 17:19:44.099 23 INFO cinder.api.openstack.wsgi [None req-a68f4ca4-7913-42dc-9457-4dc8f2151e5a 85494c6bce44472b82a561a80cd6b2bb 1191e268c3b34e3ca135a654eca46437 - - default default] DELETE http://[LB_IP_ADDRESS]:8776/v3/1191e268c3b34e3ca135a654eca46437/group_types/d044fcdc-c3d3-4cc1-857c-2791a9f0d607/group_specs/key1
2025-01-13 17:19:44.121 23 INFO cinder.api.openstack.wsgi [None req-a68f4ca4-7913-42dc-9457-4dc8f2151e5a 85494c6bce44472b82a561a80cd6b2bb 1191e268c3b34e3ca135a654eca46437 - - default default] http://[LB_IP_ADDRESS]:8776/v3/1191e268c3b34e3ca135a654eca46437/group_types/d044fcdc-c3d3-4cc1-857c-2791a9f0d607/group_specs/key1 returned with HTTP 202
2025-01-13 17:19:44.133 21 INFO cinder.api.openstack.wsgi [None req-6d6162dd-6a77-4e13-b9f3-ceaf9df18e8e 85494c6bce44472b82a561a80cd6b2bb 1191e268c3b34e3ca135a654eca46437 - - default default] GET http://[LB_IP_ADDRESS]:8776/v3/1191e268c3b34e3ca135a654eca46437/group_types/d044fcdc-c3d3-4cc1-857c-2791a9f0d607/group_specs/key1
2025-01-13 17:19:44.144 21 INFO cinder.api.openstack.wsgi [None req-6d6162dd-6a77-4e13-b9f3-ceaf9df18e8e 85494c6bce44472b82a561a80cd6b2bb 1191e268c3b34e3ca135a654eca46437 - - default default] HTTP exception thrown: Group Type d044fcdc-c3d3-4cc1-857c-2791a9f0d607 has no extra spec with key key1.
2025-01-13 17:19:44.145 21 INFO cinder.api.openstack.wsgi [None req-6d6162dd-6a77-4e13-b9f3-ceaf9df18e8e 85494c6bce44472b82a561a80cd6b2bb 1191e268c3b34e3ca135a654eca46437 - - default default] http://[LB_IP_ADDRESS]:8776/v3/1191e268c3b34e3ca135a654eca46437/group_types/d044fcdc-c3d3-4cc1-857c-2791a9f0d607/group_specs/key1 returned with HTTP 404
2025-01-13 17:19:44.157 22 INFO cinder.api.openstack.wsgi [None req-6b6cbe63-a13a-4572-8744-1027f43d803d 85494c6bce44472b82a561a80cd6b2bb 1191e268c3b34e3ca135a654eca46437 - - default default] DELETE http://[LB_IP_ADDRESS]:8776/v3/1191e268c3b34e3ca135a654eca46437/group_types/d044fcdc-c3d3-4cc1-857c-2791a9f0d607/group_specs/key2
2025-01-13 17:19:44.175 22 INFO cinder.api.openstack.wsgi [None req-6b6cbe63-a13a-4572-8744-1027f43d803d 85494c6bce44472b82a561a80cd6b2bb 1191e268c3b34e3ca135a654eca46437 - - default default] http://[LB_IP_ADDRESS]:8776/v3/1191e268c3b34e3ca135a654eca46437/group_types/d044fcdc-c3d3-4cc1-857c-2791a9f0d607/group_specs/key2 returned with HTTP 202
2025-01-13 17:19:44.187 24 INFO cinder.api.openstack.wsgi [None req-75006e4f-cd5b-484c-9342-e290623a5222 85494c6bce44472b82a561a80cd6b2bb 1191e268c3b34e3ca135a654eca46437 - - default default] GET http://[LB_IP_ADDRESS]:8776/v3/1191e268c3b34e3ca135a654eca46437/group_types/d044fcdc-c3d3-4cc1-857c-2791a9f0d607/group_specs/key2
2025-01-13 17:19:44.199 24 INFO cinder.api.openstack.wsgi [None req-75006e4f-cd5b-484c-9342-e290623a5222 85494c6bce44472b82a561a80cd6b2bb 1191e268c3b34e3ca135a654eca46437 - - default default] HTTP exception thrown: Group Type d044fcdc-c3d3-4cc1-857c-2791a9f0d607 has no extra spec with key key2.
2025-01-13 17:19:44.200 24 INFO cinder.api.openstack.wsgi [None req-75006e4f-cd5b-484c-9342-e290623a5222 85494c6bce44472b82a561a80cd6b2bb 1191e268c3b34e3ca135a654eca46437 - - default default] http://[LB_IP_ADDRESS]:8776/v3/1191e268c3b34e3ca135a654eca46437/group_types/d044fcdc-c3d3-4cc1-857c-2791a9f0d607/group_specs/key2 returned with HTTP 404
2025-01-13 17:19:44.212 25 INFO cinder.api.openstack.wsgi [None req-61943121-0547-41b7-bd43-ca87c9596ea3 85494c6bce44472b82a561a80cd6b2bb 1191e268c3b34e3ca135a654eca46437 - - default default] DELETE http://[LB_IP_ADDRESS]:8776/v3/1191e268c3b34e3ca135a654eca46437/group_types/d044fcdc-c3d3-4cc1-857c-2791a9f0d607/group_specs/key3
2025-01-13 17:19:44.230 25 INFO cinder.api.openstack.wsgi [None req-61943121-0547-41b7-bd43-ca87c9596ea3 85494c6bce44472b82a561a80cd6b2bb 1191e268c3b34e3ca135a654eca46437 - - default default] http://[LB_IP_ADDRESS]:8776/v3/1191e268c3b34e3ca135a654eca46437/group_types/d044fcdc-c3d3-4cc1-857c-2791a9f0d607/group_specs/key3 returned with HTTP 202
2025-01-13 17:19:44.242 23 INFO cinder.api.openstack.wsgi [None req-f2df5c4f-17ae-4608-8959-1d7221b070d3 85494c6bce44472b82a561a80cd6b2bb 1191e268c3b34e3ca135a654eca46437 - - default default] GET http://[LB_IP_ADDRESS]:8776/v3/1191e268c3b34e3ca135a654eca46437/group_types/d044fcdc-c3d3-4cc1-857c-2791a9f0d607/group_specs/key3
2025-01-13 17:19:44.253 23 INFO cinder.api.openstack.wsgi [None req-f2df5c4f-17ae-4608-8959-1d7221b070d3 85494c6bce44472b82a561a80cd6b2bb 1191e268c3b34e3ca135a654eca46437 - - default default] HTTP exception thrown: Group Type d044fcdc-c3d3-4cc1-857c-2791a9f0d607 has no extra spec with key key3.
2025-01-13 17:19:44.254 23 INFO cinder.api.openstack.wsgi [None req-f2df5c4f-17ae-4608-8959-1d7221b070d3 85494c6bce44472b82a561a80cd6b2bb 1191e268c3b34e3ca135a654eca46437 - - default default] http://[LB_IP_ADDRESS]:8776/v3/1191e268c3b34e3ca135a654eca46437/group_types/d044fcdc-c3d3-4cc1-857c-2791a9f0d607/group_specs/key3 returned with HTTP 404
2025-01-13 17:19:44.266 21 INFO cinder.api.openstack.wsgi [None req-788ffac7-b8e2-4543-a698-aaa9386eb584 85494c6bce44472b82a561a80cd6b2bb 1191e268c3b34e3ca135a654eca46437 - - default default] DELETE http://[LB_IP_ADDRESS]:8776/v3/1191e268c3b34e3ca135a654eca46437/group_types/d044fcdc-c3d3-4cc1-857c-2791a9f0d607
2025-01-13 17:19:44.291 21 INFO cinder.api.openstack.wsgi [None req-788ffac7-b8e2-4543-a698-aaa9386eb584 85494c6bce44472b82a561a80cd6b2bb 1191e268c3b34e3ca135a654eca46437 - - default default] http://[LB_IP_ADDRESS]:8776/v3/1191e268c3b34e3ca135a654eca46437/group_types/d044fcdc-c3d3-4cc1-857c-2791a9f0d607 returned with HTTP 202
2025-01-13 17:19:44.655 22 INFO cinder.api.openstack.wsgi [req-0afee2ca-0cd5-49d1-a57c-a802b3b792bd req-a3fc08ce-7925-47d6-abf6-df3d7381bc2e 4c911a8d3f8e4745853dab06ef05676e 558faf30979842c5871f7718e6f49cae - - default default] GET http://[LB_IP_ADDRESS]:8776/v3/558faf30979842c5871f7718e6f49cae/snapshots/f3039374-4799-4467-b427-05672c698ab2
2025-01-13 17:19:44.666 22 INFO cinder.api.openstack.wsgi [req-0afee2ca-0cd5-49d1-a57c-a802b3b792bd req-a3fc08ce-7925-47d6-abf6-df3d7381bc2e 4c911a8d3f8e4745853dab06ef05676e 558faf30979842c5871f7718e6f49cae - - default default] http://[LB_IP_ADDRESS]:8776/v3/558faf30979842c5871f7718e6f49cae/snapshots/f3039374-4799-4467-b427-05672c698ab2 returned with HTTP 404
2025-01-13 17:19:44.696 24 INFO cinder.api.openstack.wsgi [req-31e30947-6327-4f86-83be-22c1f3481d8a req-cdcd9b7a-86cd-45b0-b29e-45d543a4b527 4c911a8d3f8e4745853dab06ef05676e 558faf30979842c5871f7718e6f49cae - - default default] DELETE http://[LB_IP_ADDRESS]:8776/v3/558faf30979842c5871f7718e6f49cae/volumes/af6fdf52-5438-4b25-a042-7ec844180095
2025-01-13 17:19:44.697 24 INFO cinder.api.v3.volumes [req-31e30947-6327-4f86-83be-22c1f3481d8a req-cdcd9b7a-86cd-45b0-b29e-45d543a4b527 4c911a8d3f8e4745853dab06ef05676e 558faf30979842c5871f7718e6f49cae - - default default] Delete volume with id: af6fdf52-5438-4b25-a042-7ec844180095 
2025-01-13 17:19:44.715 24 INFO cinder.volume.api [req-31e30947-6327-4f86-83be-22c1f3481d8a req-cdcd9b7a-86cd-45b0-b29e-45d543a4b527 4c911a8d3f8e4745853dab06ef05676e 558faf30979842c5871f7718e6f49cae - - default default] Volume info retrieved successfully.
2025-01-13 17:19:44.746 24 INFO cinder.volume.api [req-31e30947-6327-4f86-83be-22c1f3481d8a req-cdcd9b7a-86cd-45b0-b29e-45d543a4b527 4c911a8d3f8e4745853dab06ef05676e 558faf30979842c5871f7718e6f49cae - - default default] Delete volume request issued successfully.
2025-01-13 17:19:44.747 24 INFO cinder.api.openstack.wsgi [req-31e30947-6327-4f86-83be-22c1f3481d8a req-cdcd9b7a-86cd-45b0-b29e-45d543a4b527 4c911a8d3f8e4745853dab06ef05676e 558faf30979842c5871f7718e6f49cae - - default default] http://[LB_IP_ADDRESS]:8776/v3/558faf30979842c5871f7718e6f49cae/volumes/af6fdf52-5438-4b25-a042-7ec844180095 returned with HTTP 202
2025-01-13 17:19:44.777 25 INFO cinder.api.openstack.wsgi [req-5601d9da-63bf-4e17-8178-559115cb8951 req-d5521b7a-e3e3-4f33-82e4-f36e33ecbd2c 4c911a8d3f8e4745853dab06ef05676e 558faf30979842c5871f7718e6f49cae - - default default] GET http://[LB_IP_ADDRESS]:8776/v3/558faf30979842c5871f7718e6f49cae/volumes/af6fdf52-5438-4b25-a042-7ec844180095
2025-01-13 17:19:44.802 25 INFO cinder.volume.api [req-5601d9da-63bf-4e17-8178-559115cb8951 req-d5521b7a-e3e3-4f33-82e4-f36e33ecbd2c 4c911a8d3f8e4745853dab06ef05676e 558faf30979842c5871f7718e6f49cae - - default default] Volume info retrieved successfully.
2025-01-13 17:19:44.811 25 INFO cinder.api.openstack.wsgi [req-5601d9da-63bf-4e17-8178-559115cb8951 req-d5521b7a-e3e3-4f33-82e4-f36e33ecbd2c 4c911a8d3f8e4745853dab06ef05676e 558faf30979842c5871f7718e6f49cae - - default default] http://[LB_IP_ADDRESS]:8776/v3/558faf30979842c5871f7718e6f49cae/volumes/af6fdf52-5438-4b25-a042-7ec844180095 returned with HTTP 200
2025-01-13 17:19:45.680 23 INFO cinder.api.openstack.wsgi [None req-472a4779-0323-4383-943a-4a4befa8f03a 98a10f97b4f642b1881596bf23e3bf88 ba49797f43be427a82d5118ba7555fb7 - - default default] POST http://[LB_IP_ADDRESS]:8776/v3/ba49797f43be427a82d5118ba7555fb7/volumes
2025-01-13 17:19:45.684 23 INFO cinder.api.v3.volumes [None req-472a4779-0323-4383-943a-4a4befa8f03a 98a10f97b4f642b1881596bf23e3bf88 ba49797f43be427a82d5118ba7555fb7 - - default default] Create volume of 1 GB
2025-01-13 17:19:45.693 23 INFO cinder.volume.api [None req-472a4779-0323-4383-943a-4a4befa8f03a 98a10f97b4f642b1881596bf23e3bf88 ba49797f43be427a82d5118ba7555fb7 - - default default] Availability Zones retrieved successfully.
2025-01-13 17:19:45.850 21 INFO cinder.api.openstack.wsgi [req-51facecd-e412-487c-9bea-dd87a7fa618d req-d03e20d9-e443-43c0-9618-85a4768de59a 4c911a8d3f8e4745853dab06ef05676e 558faf30979842c5871f7718e6f49cae - - default default] GET http://[LB_IP_ADDRESS]:8776/v3/558faf30979842c5871f7718e6f49cae/volumes/af6fdf52-5438-4b25-a042-7ec844180095
2025-01-13 17:19:45.865 21 INFO cinder.api.openstack.wsgi [req-51facecd-e412-487c-9bea-dd87a7fa618d req-d03e20d9-e443-43c0-9618-85a4768de59a 4c911a8d3f8e4745853dab06ef05676e 558faf30979842c5871f7718e6f49cae - - default default] http://[LB_IP_ADDRESS]:8776/v3/558faf30979842c5871f7718e6f49cae/volumes/af6fdf52-5438-4b25-a042-7ec844180095 returned with HTTP 404
2025-01-13 17:19:45.908 22 INFO cinder.api.openstack.wsgi [req-039288a8-556b-4870-a0d7-10ce69cd183b req-33dfbdb2-a20d-45cc-bae5-ef02defe6d01 4c911a8d3f8e4745853dab06ef05676e 558faf30979842c5871f7718e6f49cae - - default default] DELETE http://[LB_IP_ADDRESS]:8776/v3/558faf30979842c5871f7718e6f49cae/volumes/af6fdf52-5438-4b25-a042-7ec844180095
2025-01-13 17:19:45.909 22 INFO cinder.api.v3.volumes [req-039288a8-556b-4870-a0d7-10ce69cd183b req-33dfbdb2-a20d-45cc-bae5-ef02defe6d01 4c911a8d3f8e4745853dab06ef05676e 558faf30979842c5871f7718e6f49cae - - default default] Delete volume with id: af6fdf52-5438-4b25-a042-7ec844180095 
2025-01-13 17:19:45.915 23 INFO cinder.volume.api [None req-472a4779-0323-4383-943a-4a4befa8f03a 98a10f97b4f642b1881596bf23e3bf88 ba49797f43be427a82d5118ba7555fb7 - - default default] Create volume request issued successfully.
2025-01-13 17:19:45.917 23 INFO cinder.api.openstack.wsgi [None req-472a4779-0323-4383-943a-4a4befa8f03a 98a10f97b4f642b1881596bf23e3bf88 ba49797f43be427a82d5118ba7555fb7 - - default default] http://[LB_IP_ADDRESS]:8776/v3/ba49797f43be427a82d5118ba7555fb7/volumes returned with HTTP 202
2025-01-13 17:19:45.923 22 INFO cinder.api.openstack.wsgi [req-039288a8-556b-4870-a0d7-10ce69cd183b req-33dfbdb2-a20d-45cc-bae5-ef02defe6d01 4c911a8d3f8e4745853dab06ef05676e 558faf30979842c5871f7718e6f49cae - - default default] http://[LB_IP_ADDRESS]:8776/v3/558faf30979842c5871f7718e6f49cae/volumes/af6fdf52-5438-4b25-a042-7ec844180095 returned with HTTP 404
2025-01-13 17:19:45.942 24 INFO cinder.api.openstack.wsgi [None req-e654da17-b49a-45f3-87fd-ecef31dfb47b 98a10f97b4f642b1881596bf23e3bf88 ba49797f43be427a82d5118ba7555fb7 - - default default] GET http://[LB_IP_ADDRESS]:8776/v3/ba49797f43be427a82d5118ba7555fb7/volumes/72def1e8-042f-4a5c-b051-4895e96f62d2
2025-01-13 17:19:45.956 25 INFO cinder.api.openstack.wsgi [req-a512c868-d8db-4722-ac17-509d28c2e2db req-bdb255fa-9538-4006-851e-12e242484852 4c911a8d3f8e4745853dab06ef05676e 558faf30979842c5871f7718e6f49cae - - default default] GET http://[LB_IP_ADDRESS]:8776/v3/558faf30979842c5871f7718e6f49cae/volumes/af6fdf52-5438-4b25-a042-7ec844180095
2025-01-13 17:19:45.966 24 INFO cinder.volume.api [None req-e654da17-b49a-45f3-87fd-ecef31dfb47b 98a10f97b4f642b1881596bf23e3bf88 ba49797f43be427a82d5118ba7555fb7 - - default default] Volume info retrieved successfully.
2025-01-13 17:19:45.971 25 INFO cinder.api.openstack.wsgi [req-a512c868-d8db-4722-ac17-509d28c2e2db req-bdb255fa-9538-4006-851e-12e242484852 4c911a8d3f8e4745853dab06ef05676e 558faf30979842c5871f7718e6f49cae - - default default] http://[LB_IP_ADDRESS]:8776/v3/558faf30979842c5871f7718e6f49cae/volumes/af6fdf52-5438-4b25-a042-7ec844180095 returned with HTTP 404
2025-01-13 17:19:45.975 24 INFO cinder.api.openstack.wsgi [None req-e654da17-b49a-45f3-87fd-ecef31dfb47b 98a10f97b4f642b1881596bf23e3bf88 ba49797f43be427a82d5118ba7555fb7 - - default default] http://[LB_IP_ADDRESS]:8776/v3/ba49797f43be427a82d5118ba7555fb7/volumes/72def1e8-042f-4a5c-b051-4895e96f62d2 returned with HTTP 200
2025-01-13 17:19:47.003 21 INFO cinder.api.openstack.wsgi [None req-9ea9c089-f6c7-46fb-a004-6ddcbec43cc6 98a10f97b4f642b1881596bf23e3bf88 ba49797f43be427a82d5118ba7555fb7 - - default default] GET http://[LB_IP_ADDRESS]:8776/v3/ba49797f43be427a82d5118ba7555fb7/volumes/72def1e8-042f-4a5c-b051-4895e96f62d2
2025-01-13 17:19:47.028 21 INFO cinder.volume.api [None req-9ea9c089-f6c7-46fb-a004-6ddcbec43cc6 98a10f97b4f642b1881596bf23e3bf88 ba49797f43be427a82d5118ba7555fb7 - - default default] Volume info retrieved successfully.
2025-01-13 17:19:47.037 21 INFO cinder.api.openstack.wsgi [None req-9ea9c089-f6c7-46fb-a004-6ddcbec43cc6 98a10f97b4f642b1881596bf23e3bf88 ba49797f43be427a82d5118ba7555fb7 - - default default] http://[LB_IP_ADDRESS]:8776/v3/ba49797f43be427a82d5118ba7555fb7/volumes/72def1e8-042f-4a5c-b051-4895e96f62d2 returned with HTTP 200
2025-01-13 17:19:48.075 23 INFO cinder.api.openstack.wsgi [None req-7245a4d7-5348-4acc-80f8-4cfe7fd448f3 98a10f97b4f642b1881596bf23e3bf88 ba49797f43be427a82d5118ba7555fb7 - - default default] GET http://[LB_IP_ADDRESS]:8776/v3/ba49797f43be427a82d5118ba7555fb7/volumes/72def1e8-042f-4a5c-b051-4895e96f62d2
