2026-02-20 03:48:00.157 73 INFO cinder.api.openstack.wsgi [None req-e1da8956-17d9-4aee-a3b1-d543debbcb9c ca30eeefa32a447882b94a55dc769400 8c299100fb324af8b7fc0722636db6da - - default default] GET http://[LB_IP_ADDRESS]:8776/v3/8c299100fb324af8b7fc0722636db6da/group_snapshots/542b00bf-4ce9-4edd-a7bb-432a8e6a3e32
2026-02-20 03:48:00.173 73 INFO cinder.api.openstack.wsgi [None req-e1da8956-17d9-4aee-a3b1-d543debbcb9c ca30eeefa32a447882b94a55dc769400 8c299100fb324af8b7fc0722636db6da - - default default] http://[LB_IP_ADDRESS]:8776/v3/8c299100fb324af8b7fc0722636db6da/group_snapshots/542b00bf-4ce9-4edd-a7bb-432a8e6a3e32 returned with HTTP 200
2026-02-20 03:48:00.184 72 INFO cinder.api.openstack.wsgi [None req-92739219-f68e-4781-9c2e-7f235d9c2ac2 ca30eeefa32a447882b94a55dc769400 8c299100fb324af8b7fc0722636db6da - - default default] DELETE http://[LB_IP_ADDRESS]:8776/v3/8c299100fb324af8b7fc0722636db6da/group_snapshots/542b00bf-4ce9-4edd-a7bb-432a8e6a3e32
2026-02-20 03:48:00.184 72 INFO cinder.api.v3.group_snapshots [None req-92739219-f68e-4781-9c2e-7f235d9c2ac2 ca30eeefa32a447882b94a55dc769400 8c299100fb324af8b7fc0722636db6da - - default default] Delete group_snapshot with id: 542b00bf-4ce9-4edd-a7bb-432a8e6a3e32
2026-02-20 03:48:00.215 72 INFO cinder.api.openstack.wsgi [None req-92739219-f68e-4781-9c2e-7f235d9c2ac2 ca30eeefa32a447882b94a55dc769400 8c299100fb324af8b7fc0722636db6da - - default default] http://[LB_IP_ADDRESS]:8776/v3/8c299100fb324af8b7fc0722636db6da/group_snapshots/542b00bf-4ce9-4edd-a7bb-432a8e6a3e32 returned with HTTP 202
2026-02-20 03:48:00.225 76 INFO cinder.api.openstack.wsgi [None req-f2ef4ea9-696c-495e-93ff-304595e99e81 ca30eeefa32a447882b94a55dc769400 8c299100fb324af8b7fc0722636db6da - - default default] GET http://[LB_IP_ADDRESS]:8776/v3/8c299100fb324af8b7fc0722636db6da/volumes/detail
2026-02-20 03:48:00.240 76 INFO cinder.volume.api [None req-f2ef4ea9-696c-495e-93ff-304595e99e81 ca30eeefa32a447882b94a55dc769400 8c299100fb324af8b7fc0722636db6da - - default default] Get all volumes completed successfully.
2026-02-20 03:48:00.259 76 INFO cinder.api.openstack.wsgi [None req-f2ef4ea9-696c-495e-93ff-304595e99e81 ca30eeefa32a447882b94a55dc769400 8c299100fb324af8b7fc0722636db6da - - default default] http://[LB_IP_ADDRESS]:8776/v3/8c299100fb324af8b7fc0722636db6da/volumes/detail returned with HTTP 200
2026-02-20 03:48:00.281 74 INFO cinder.api.openstack.wsgi [None req-32cc9ce8-9f29-41ca-89d0-31aa7185aa12 ca30eeefa32a447882b94a55dc769400 8c299100fb324af8b7fc0722636db6da - - default default] GET http://[LB_IP_ADDRESS]:8776/v3/8c299100fb324af8b7fc0722636db6da/snapshots/detail
2026-02-20 03:48:00.287 74 INFO cinder.volume.api [None req-32cc9ce8-9f29-41ca-89d0-31aa7185aa12 ca30eeefa32a447882b94a55dc769400 8c299100fb324af8b7fc0722636db6da - - default default] Get all snapshots completed successfully.
2026-02-20 03:48:00.288 74 INFO cinder.api.openstack.wsgi [None req-32cc9ce8-9f29-41ca-89d0-31aa7185aa12 ca30eeefa32a447882b94a55dc769400 8c299100fb324af8b7fc0722636db6da - - default default] http://[LB_IP_ADDRESS]:8776/v3/8c299100fb324af8b7fc0722636db6da/snapshots/detail returned with HTTP 200
2026-02-20 03:48:00.304 75 INFO cinder.api.openstack.wsgi [None req-91df909e-ef29-4bc6-a7ba-ecc462b9e627 ca30eeefa32a447882b94a55dc769400 8c299100fb324af8b7fc0722636db6da - - default default] GET http://[LB_IP_ADDRESS]:8776/v3/8c299100fb324af8b7fc0722636db6da/snapshots/4eda76c7-c1a6-43f3-8e51-3eb1af621994
2026-02-20 03:48:00.314 75 INFO cinder.volume.api [None req-91df909e-ef29-4bc6-a7ba-ecc462b9e627 ca30eeefa32a447882b94a55dc769400 8c299100fb324af8b7fc0722636db6da - - default default] Snapshot retrieved successfully.
2026-02-20 03:48:00.315 75 INFO cinder.api.openstack.wsgi [None req-91df909e-ef29-4bc6-a7ba-ecc462b9e627 ca30eeefa32a447882b94a55dc769400 8c299100fb324af8b7fc0722636db6da - - default default] http://[LB_IP_ADDRESS]:8776/v3/8c299100fb324af8b7fc0722636db6da/snapshots/4eda76c7-c1a6-43f3-8e51-3eb1af621994 returned with HTTP 200
2026-02-20 03:48:01.328 73 INFO cinder.api.openstack.wsgi [None req-5a288228-8a29-4d42-a727-b1d9078fd407 ca30eeefa32a447882b94a55dc769400 8c299100fb324af8b7fc0722636db6da - - default default] GET http://[LB_IP_ADDRESS]:8776/v3/8c299100fb324af8b7fc0722636db6da/snapshots/4eda76c7-c1a6-43f3-8e51-3eb1af621994
2026-02-20 03:48:01.334 73 INFO cinder.api.openstack.wsgi [None req-5a288228-8a29-4d42-a727-b1d9078fd407 ca30eeefa32a447882b94a55dc769400 8c299100fb324af8b7fc0722636db6da - - default default] http://[LB_IP_ADDRESS]:8776/v3/8c299100fb324af8b7fc0722636db6da/snapshots/4eda76c7-c1a6-43f3-8e51-3eb1af621994 returned with HTTP 404
2026-02-20 03:48:01.344 72 INFO cinder.api.openstack.wsgi [None req-20d65d14-316a-49ed-b7f3-7287ef78339c ca30eeefa32a447882b94a55dc769400 8c299100fb324af8b7fc0722636db6da - - default default] GET http://[LB_IP_ADDRESS]:8776/v3/8c299100fb324af8b7fc0722636db6da/group_snapshots/542b00bf-4ce9-4edd-a7bb-432a8e6a3e32
2026-02-20 03:48:01.349 72 INFO cinder.api.openstack.wsgi [None req-20d65d14-316a-49ed-b7f3-7287ef78339c ca30eeefa32a447882b94a55dc769400 8c299100fb324af8b7fc0722636db6da - - default default] http://[LB_IP_ADDRESS]:8776/v3/8c299100fb324af8b7fc0722636db6da/group_snapshots/542b00bf-4ce9-4edd-a7bb-432a8e6a3e32 returned with HTTP 404
2026-02-20 03:48:01.358 76 INFO cinder.api.openstack.wsgi [None req-a1cf524b-f094-45ec-a0a9-b692da6914e8 ca30eeefa32a447882b94a55dc769400 8c299100fb324af8b7fc0722636db6da - - default default] GET http://[LB_IP_ADDRESS]:8776/v3/8c299100fb324af8b7fc0722636db6da/volumes/detail
2026-02-20 03:48:01.370 76 INFO cinder.volume.api [None req-a1cf524b-f094-45ec-a0a9-b692da6914e8 ca30eeefa32a447882b94a55dc769400 8c299100fb324af8b7fc0722636db6da - - default default] Get all volumes completed successfully.
2026-02-20 03:48:01.398 76 INFO cinder.api.openstack.wsgi [None req-a1cf524b-f094-45ec-a0a9-b692da6914e8 ca30eeefa32a447882b94a55dc769400 8c299100fb324af8b7fc0722636db6da - - default default] http://[LB_IP_ADDRESS]:8776/v3/8c299100fb324af8b7fc0722636db6da/volumes/detail returned with HTTP 200
2026-02-20 03:48:01.419 74 INFO cinder.api.openstack.wsgi [None req-54daf840-1723-41d0-8dbf-869c45fa7ab2 ca30eeefa32a447882b94a55dc769400 8c299100fb324af8b7fc0722636db6da - - default default] POST http://[LB_IP_ADDRESS]:8776/v3/8c299100fb324af8b7fc0722636db6da/groups/e819d18e-c116-4038-b879-afda5ee00cab/action
2026-02-20 03:48:01.423 74 INFO cinder.api.v3.groups [None req-54daf840-1723-41d0-8dbf-869c45fa7ab2 ca30eeefa32a447882b94a55dc769400 8c299100fb324af8b7fc0722636db6da - - default default] Delete group with id: e819d18e-c116-4038-b879-afda5ee00cab
2026-02-20 03:48:01.471 74 INFO cinder.api.openstack.wsgi [None req-54daf840-1723-41d0-8dbf-869c45fa7ab2 ca30eeefa32a447882b94a55dc769400 8c299100fb324af8b7fc0722636db6da - - default default] http://[LB_IP_ADDRESS]:8776/v3/8c299100fb324af8b7fc0722636db6da/groups/e819d18e-c116-4038-b879-afda5ee00cab/action returned with HTTP 202
2026-02-20 03:48:01.480 75 INFO cinder.api.openstack.wsgi [None req-f4a870d7-5eaa-4442-b914-426c8dc4a181 ca30eeefa32a447882b94a55dc769400 8c299100fb324af8b7fc0722636db6da - - default default] GET http://[LB_IP_ADDRESS]:8776/v3/8c299100fb324af8b7fc0722636db6da/volumes/8d4c426b-86f8-4c7c-815f-a2e5b43cb615
2026-02-20 03:48:01.496 75 INFO cinder.volume.api [None req-f4a870d7-5eaa-4442-b914-426c8dc4a181 ca30eeefa32a447882b94a55dc769400 8c299100fb324af8b7fc0722636db6da - - default default] Volume info retrieved successfully.
2026-02-20 03:48:01.520 75 INFO cinder.api.openstack.wsgi [None req-f4a870d7-5eaa-4442-b914-426c8dc4a181 ca30eeefa32a447882b94a55dc769400 8c299100fb324af8b7fc0722636db6da - - default default] http://[LB_IP_ADDRESS]:8776/v3/8c299100fb324af8b7fc0722636db6da/volumes/8d4c426b-86f8-4c7c-815f-a2e5b43cb615 returned with HTTP 200
2026-02-20 03:48:01.615 73 INFO cinder.api.openstack.wsgi [None req-d7d127a8-4727-463c-9249-961abb60a0b1 c8493a3b0fbc4503942714a52da79cc5 4fb3777c43ef4a3a8a50c8df8ba5b636 - - default default] POST http://[LB_IP_ADDRESS]:8776/v3/4fb3777c43ef4a3a8a50c8df8ba5b636/volumes
2026-02-20 03:48:01.619 73 INFO cinder.api.v3.volumes [None req-d7d127a8-4727-463c-9249-961abb60a0b1 c8493a3b0fbc4503942714a52da79cc5 4fb3777c43ef4a3a8a50c8df8ba5b636 - - default default] Create volume of 1 GB
2026-02-20 03:48:01.635 73 INFO cinder.volume.api [None req-d7d127a8-4727-463c-9249-961abb60a0b1 c8493a3b0fbc4503942714a52da79cc5 4fb3777c43ef4a3a8a50c8df8ba5b636 - - default default] Availability Zones retrieved successfully.
2026-02-20 03:48:02.532 73 INFO cinder.volume.api [None req-d7d127a8-4727-463c-9249-961abb60a0b1 c8493a3b0fbc4503942714a52da79cc5 4fb3777c43ef4a3a8a50c8df8ba5b636 - - default default] Create volume request issued successfully.
2026-02-20 03:48:02.533 73 INFO cinder.api.openstack.wsgi [None req-d7d127a8-4727-463c-9249-961abb60a0b1 c8493a3b0fbc4503942714a52da79cc5 4fb3777c43ef4a3a8a50c8df8ba5b636 - - default default] http://[LB_IP_ADDRESS]:8776/v3/4fb3777c43ef4a3a8a50c8df8ba5b636/volumes returned with HTTP 202
2026-02-20 03:48:02.541 72 INFO cinder.api.openstack.wsgi [None req-532d0790-4d82-47b8-945a-86ec35767ed7 ca30eeefa32a447882b94a55dc769400 8c299100fb324af8b7fc0722636db6da - - default default] GET http://[LB_IP_ADDRESS]:8776/v3/8c299100fb324af8b7fc0722636db6da/volumes/8d4c426b-86f8-4c7c-815f-a2e5b43cb615
2026-02-20 03:48:02.553 76 INFO cinder.api.openstack.wsgi [None req-7e88048d-bed4-4356-92d0-99db5830671e c8493a3b0fbc4503942714a52da79cc5 4fb3777c43ef4a3a8a50c8df8ba5b636 - - default default] GET http://[LB_IP_ADDRESS]:8776/v3/4fb3777c43ef4a3a8a50c8df8ba5b636/volumes/d338fbc1-39bd-4886-85cc-9465af2b0769
2026-02-20 03:48:02.558 72 INFO cinder.api.openstack.wsgi [None req-532d0790-4d82-47b8-945a-86ec35767ed7 ca30eeefa32a447882b94a55dc769400 8c299100fb324af8b7fc0722636db6da - - default default] http://[LB_IP_ADDRESS]:8776/v3/8c299100fb324af8b7fc0722636db6da/volumes/8d4c426b-86f8-4c7c-815f-a2e5b43cb615 returned with HTTP 404
2026-02-20 03:48:02.566 74 INFO cinder.api.openstack.wsgi [None req-c46de179-f831-4b65-9a94-e1d7fc088075 ca30eeefa32a447882b94a55dc769400 8c299100fb324af8b7fc0722636db6da - - default default] GET http://[LB_IP_ADDRESS]:8776/v3/8c299100fb324af8b7fc0722636db6da/groups/e819d18e-c116-4038-b879-afda5ee00cab
2026-02-20 03:48:02.568 76 INFO cinder.volume.api [None req-7e88048d-bed4-4356-92d0-99db5830671e c8493a3b0fbc4503942714a52da79cc5 4fb3777c43ef4a3a8a50c8df8ba5b636 - - default default] Volume info retrieved successfully.
2026-02-20 03:48:02.569 74 INFO cinder.api.openstack.wsgi [None req-c46de179-f831-4b65-9a94-e1d7fc088075 ca30eeefa32a447882b94a55dc769400 8c299100fb324af8b7fc0722636db6da - - default default] http://[LB_IP_ADDRESS]:8776/v3/8c299100fb324af8b7fc0722636db6da/groups/e819d18e-c116-4038-b879-afda5ee00cab returned with HTTP 404
2026-02-20 03:48:02.574 76 INFO cinder.api.openstack.wsgi [None req-7e88048d-bed4-4356-92d0-99db5830671e c8493a3b0fbc4503942714a52da79cc5 4fb3777c43ef4a3a8a50c8df8ba5b636 - - default default] http://[LB_IP_ADDRESS]:8776/v3/4fb3777c43ef4a3a8a50c8df8ba5b636/volumes/d338fbc1-39bd-4886-85cc-9465af2b0769 returned with HTTP 200
2026-02-20 03:48:02.577 75 INFO cinder.api.openstack.wsgi [None req-b878df11-5ebb-4c12-917e-a928640aa4e4 c93ed8c74d3146a8b90c9bdddc3ffef2 0ea7838dd18448edbdaf989f77ccc93e - - default default] DELETE http://[LB_IP_ADDRESS]:8776/v3/0ea7838dd18448edbdaf989f77ccc93e/group_types/a5659f80-2182-4d67-86c0-95d51802a831
2026-02-20 03:48:02.589 75 INFO cinder.api.openstack.wsgi [None req-b878df11-5ebb-4c12-917e-a928640aa4e4 c93ed8c74d3146a8b90c9bdddc3ffef2 0ea7838dd18448edbdaf989f77ccc93e - - default default] http://[LB_IP_ADDRESS]:8776/v3/0ea7838dd18448edbdaf989f77ccc93e/group_types/a5659f80-2182-4d67-86c0-95d51802a831 returned with HTTP 202
2026-02-20 03:48:02.598 73 INFO cinder.api.openstack.wsgi [None req-7395cb01-baaf-4775-99b0-ba651ee8acc8 c93ed8c74d3146a8b90c9bdddc3ffef2 0ea7838dd18448edbdaf989f77ccc93e - - default default] DELETE http://[LB_IP_ADDRESS]:8776/v3/0ea7838dd18448edbdaf989f77ccc93e/types/b904444e-0026-482d-a371-4d7155efa295
2026-02-20 03:48:02.652 73 INFO cinder.api.openstack.wsgi [None req-7395cb01-baaf-4775-99b0-ba651ee8acc8 c93ed8c74d3146a8b90c9bdddc3ffef2 0ea7838dd18448edbdaf989f77ccc93e - - default default] http://[LB_IP_ADDRESS]:8776/v3/0ea7838dd18448edbdaf989f77ccc93e/types/b904444e-0026-482d-a371-4d7155efa295 returned with HTTP 202
2026-02-20 03:48:02.660 72 INFO cinder.api.openstack.wsgi [None req-f7338e0d-4f62-4683-91c9-d8d891f2dc35 c93ed8c74d3146a8b90c9bdddc3ffef2 0ea7838dd18448edbdaf989f77ccc93e - - default default] GET http://[LB_IP_ADDRESS]:8776/v3/0ea7838dd18448edbdaf989f77ccc93e/types/b904444e-0026-482d-a371-4d7155efa295
2026-02-20 03:48:02.665 72 INFO cinder.api.openstack.wsgi [None req-f7338e0d-4f62-4683-91c9-d8d891f2dc35 c93ed8c74d3146a8b90c9bdddc3ffef2 0ea7838dd18448edbdaf989f77ccc93e - - default default] http://[LB_IP_ADDRESS]:8776/v3/0ea7838dd18448edbdaf989f77ccc93e/types/b904444e-0026-482d-a371-4d7155efa295 returned with HTTP 404
2026-02-20 03:48:03.594 76 INFO cinder.api.openstack.wsgi [None req-e4011ffa-a487-4a8b-b136-62e7f2a09885 c8493a3b0fbc4503942714a52da79cc5 4fb3777c43ef4a3a8a50c8df8ba5b636 - - default default] GET http://[LB_IP_ADDRESS]:8776/v3/4fb3777c43ef4a3a8a50c8df8ba5b636/volumes/d338fbc1-39bd-4886-85cc-9465af2b0769
2026-02-20 03:48:03.609 76 INFO cinder.volume.api [None req-e4011ffa-a487-4a8b-b136-62e7f2a09885 c8493a3b0fbc4503942714a52da79cc5 4fb3777c43ef4a3a8a50c8df8ba5b636 - - default default] Volume info retrieved successfully.
2026-02-20 03:48:03.613 76 INFO cinder.api.openstack.wsgi [None req-e4011ffa-a487-4a8b-b136-62e7f2a09885 c8493a3b0fbc4503942714a52da79cc5 4fb3777c43ef4a3a8a50c8df8ba5b636 - - default default] http://[LB_IP_ADDRESS]:8776/v3/4fb3777c43ef4a3a8a50c8df8ba5b636/volumes/d338fbc1-39bd-4886-85cc-9465af2b0769 returned with HTTP 200
2026-02-20 03:48:03.645 75 INFO cinder.api.openstack.wsgi [req-f4b43f75-42c9-44c8-9201-9bc9d6dc3a0f req-a38577f3-b1fb-49e8-85ab-9a47428dca27 c8493a3b0fbc4503942714a52da79cc5 4fb3777c43ef4a3a8a50c8df8ba5b636 - - default default] GET http://[LB_IP_ADDRESS]:8776/v3/volumes/d338fbc1-39bd-4886-85cc-9465af2b0769
2026-02-20 03:48:03.657 75 INFO cinder.volume.api [req-f4b43f75-42c9-44c8-9201-9bc9d6dc3a0f req-a38577f3-b1fb-49e8-85ab-9a47428dca27 c8493a3b0fbc4503942714a52da79cc5 4fb3777c43ef4a3a8a50c8df8ba5b636 - - default default] Volume info retrieved successfully.
2026-02-20 03:48:03.662 75 INFO cinder.api.openstack.wsgi [req-f4b43f75-42c9-44c8-9201-9bc9d6dc3a0f req-a38577f3-b1fb-49e8-85ab-9a47428dca27 c8493a3b0fbc4503942714a52da79cc5 4fb3777c43ef4a3a8a50c8df8ba5b636 - - default default] http://[LB_IP_ADDRESS]:8776/v3/volumes/d338fbc1-39bd-4886-85cc-9465af2b0769 returned with HTTP 200
2026-02-20 03:48:03.676 74 INFO cinder.api.openstack.wsgi [None req-e20f84fc-0541-4275-8412-0303ad68a827 f334425fb5374cf182d5c737465db847 6ccfe64ae407405fb0c0a73f2d93fd97 - - default default] POST http://[LB_IP_ADDRESS]:8776/v3/6ccfe64ae407405fb0c0a73f2d93fd97/types
2026-02-20 03:48:03.676 73 INFO cinder.api.openstack.wsgi [None req-d0440b97-4cd9-4995-8e9e-e22fddea0f1f c8493a3b0fbc4503942714a52da79cc5 4fb3777c43ef4a3a8a50c8df8ba5b636 - - default default] POST http://[LB_IP_ADDRESS]:8776/v3/4fb3777c43ef4a3a8a50c8df8ba5b636/volumes
2026-02-20 03:48:03.679 73 INFO cinder.api.v3.volumes [None req-d0440b97-4cd9-4995-8e9e-e22fddea0f1f c8493a3b0fbc4503942714a52da79cc5 4fb3777c43ef4a3a8a50c8df8ba5b636 - - default default] Create volume of 1 GB
2026-02-20 03:48:03.695 73 INFO cinder.volume.api [None req-d0440b97-4cd9-4995-8e9e-e22fddea0f1f c8493a3b0fbc4503942714a52da79cc5 4fb3777c43ef4a3a8a50c8df8ba5b636 - - default default] Availability Zones retrieved successfully.
2026-02-20 03:48:03.721 74 INFO cinder.api.openstack.wsgi [None req-e20f84fc-0541-4275-8412-0303ad68a827 f334425fb5374cf182d5c737465db847 6ccfe64ae407405fb0c0a73f2d93fd97 - - default default] http://[LB_IP_ADDRESS]:8776/v3/6ccfe64ae407405fb0c0a73f2d93fd97/types returned with HTTP 200
2026-02-20 03:48:03.734 72 INFO cinder.api.openstack.wsgi [None req-bca6fd9e-db53-4f2c-b4f1-ad9d8816a835 f334425fb5374cf182d5c737465db847 6ccfe64ae407405fb0c0a73f2d93fd97 - - default default] POST http://[LB_IP_ADDRESS]:8776/v3/6ccfe64ae407405fb0c0a73f2d93fd97/group_types
2026-02-20 03:48:03.765 72 INFO cinder.api.openstack.wsgi [None req-bca6fd9e-db53-4f2c-b4f1-ad9d8816a835 f334425fb5374cf182d5c737465db847 6ccfe64ae407405fb0c0a73f2d93fd97 - - default default] http://[LB_IP_ADDRESS]:8776/v3/6ccfe64ae407405fb0c0a73f2d93fd97/group_types returned with HTTP 202
2026-02-20 03:48:03.854 76 INFO cinder.api.openstack.wsgi [None req-f4d32e0e-eb1f-4205-bde9-c99e48d3c2dc bbbfcc1f22974e30bce1d415e53f40d2 f1f7645d2a4a443fbf370c20fa880016 - - default default] POST http://[LB_IP_ADDRESS]:8776/v3/f1f7645d2a4a443fbf370c20fa880016/groups
2026-02-20 03:48:03.869 76 INFO cinder.api.v3.groups [None req-f4d32e0e-eb1f-4205-bde9-c99e48d3c2dc bbbfcc1f22974e30bce1d415e53f40d2 f1f7645d2a4a443fbf370c20fa880016 - - default default] Creating group tempest-GroupSnapshotsTest-Group-584268645.
2026-02-20 03:48:03.878 76 INFO cinder.volume.api [None req-f4d32e0e-eb1f-4205-bde9-c99e48d3c2dc bbbfcc1f22974e30bce1d415e53f40d2 f1f7645d2a4a443fbf370c20fa880016 - - default default] Availability Zones retrieved successfully.
2026-02-20 03:48:04.288 76 INFO cinder.api.openstack.wsgi [None req-f4d32e0e-eb1f-4205-bde9-c99e48d3c2dc bbbfcc1f22974e30bce1d415e53f40d2 f1f7645d2a4a443fbf370c20fa880016 - - default default] http://[LB_IP_ADDRESS]:8776/v3/f1f7645d2a4a443fbf370c20fa880016/groups returned with HTTP 202
2026-02-20 03:48:04.298 75 INFO cinder.api.openstack.wsgi [None req-97495209-f06c-46d2-9054-245195028e15 bbbfcc1f22974e30bce1d415e53f40d2 f1f7645d2a4a443fbf370c20fa880016 - - default default] GET http://[LB_IP_ADDRESS]:8776/v3/f1f7645d2a4a443fbf370c20fa880016/groups/6a5e2417-5cf2-4bfa-8d96-5a4e5afb5ad2
2026-02-20 03:48:04.316 75 INFO cinder.api.openstack.wsgi [None req-97495209-f06c-46d2-9054-245195028e15 bbbfcc1f22974e30bce1d415e53f40d2 f1f7645d2a4a443fbf370c20fa880016 - - default default] http://[LB_IP_ADDRESS]:8776/v3/f1f7645d2a4a443fbf370c20fa880016/groups/6a5e2417-5cf2-4bfa-8d96-5a4e5afb5ad2 returned with HTTP 200
2026-02-20 03:48:04.333 73 INFO cinder.volume.api [None req-d0440b97-4cd9-4995-8e9e-e22fddea0f1f c8493a3b0fbc4503942714a52da79cc5 4fb3777c43ef4a3a8a50c8df8ba5b636 - - default default] Create volume request issued successfully.
2026-02-20 03:48:04.334 73 INFO cinder.api.openstack.wsgi [None req-d0440b97-4cd9-4995-8e9e-e22fddea0f1f c8493a3b0fbc4503942714a52da79cc5 4fb3777c43ef4a3a8a50c8df8ba5b636 - - default default] http://[LB_IP_ADDRESS]:8776/v3/4fb3777c43ef4a3a8a50c8df8ba5b636/volumes returned with HTTP 202
2026-02-20 03:48:04.350 74 INFO cinder.api.openstack.wsgi [None req-3c7230dd-830a-48b5-b70a-1583d4fa4eff c8493a3b0fbc4503942714a52da79cc5 4fb3777c43ef4a3a8a50c8df8ba5b636 - - default default] GET http://[LB_IP_ADDRESS]:8776/v3/4fb3777c43ef4a3a8a50c8df8ba5b636/volumes/572687c6-4fc4-4e22-8d7d-0f31529bfce4
2026-02-20 03:48:04.363 74 INFO cinder.volume.api [None req-3c7230dd-830a-48b5-b70a-1583d4fa4eff c8493a3b0fbc4503942714a52da79cc5 4fb3777c43ef4a3a8a50c8df8ba5b636 - - default default] Volume info retrieved successfully.
2026-02-20 03:48:04.368 74 INFO cinder.api.openstack.wsgi [None req-3c7230dd-830a-48b5-b70a-1583d4fa4eff c8493a3b0fbc4503942714a52da79cc5 4fb3777c43ef4a3a8a50c8df8ba5b636 - - default default] http://[LB_IP_ADDRESS]:8776/v3/4fb3777c43ef4a3a8a50c8df8ba5b636/volumes/572687c6-4fc4-4e22-8d7d-0f31529bfce4 returned with HTTP 200
2026-02-20 03:48:05.330 72 INFO cinder.api.openstack.wsgi [None req-db942671-52a0-4270-b0de-d285e7c413f2 bbbfcc1f22974e30bce1d415e53f40d2 f1f7645d2a4a443fbf370c20fa880016 - - default default] GET http://[LB_IP_ADDRESS]:8776/v3/f1f7645d2a4a443fbf370c20fa880016/groups/6a5e2417-5cf2-4bfa-8d96-5a4e5afb5ad2
2026-02-20 03:48:05.352 72 INFO cinder.api.openstack.wsgi [None req-db942671-52a0-4270-b0de-d285e7c413f2 bbbfcc1f22974e30bce1d415e53f40d2 f1f7645d2a4a443fbf370c20fa880016 - - default default] http://[LB_IP_ADDRESS]:8776/v3/f1f7645d2a4a443fbf370c20fa880016/groups/6a5e2417-5cf2-4bfa-8d96-5a4e5afb5ad2 returned with HTTP 200
2026-02-20 03:48:05.366 76 INFO cinder.api.openstack.wsgi [None req-f40643b6-7692-4d4b-a5bf-be58342567fe bbbfcc1f22974e30bce1d415e53f40d2 f1f7645d2a4a443fbf370c20fa880016 - - default default] POST http://[LB_IP_ADDRESS]:8776/v3/f1f7645d2a4a443fbf370c20fa880016/volumes
2026-02-20 03:48:05.377 76 INFO cinder.api.v3.volumes [None req-f40643b6-7692-4d4b-a5bf-be58342567fe bbbfcc1f22974e30bce1d415e53f40d2 f1f7645d2a4a443fbf370c20fa880016 - - default default] Create volume of 1 GB
2026-02-20 03:48:05.383 76 INFO cinder.volume.api [None req-f40643b6-7692-4d4b-a5bf-be58342567fe bbbfcc1f22974e30bce1d415e53f40d2 f1f7645d2a4a443fbf370c20fa880016 - - default default] Availability Zones retrieved successfully.
2026-02-20 03:48:05.384 75 INFO cinder.api.openstack.wsgi [None req-bae44dbd-534b-49d9-bb3d-392ab779f7bb c8493a3b0fbc4503942714a52da79cc5 4fb3777c43ef4a3a8a50c8df8ba5b636 - - default default] GET http://[LB_IP_ADDRESS]:8776/v3/4fb3777c43ef4a3a8a50c8df8ba5b636/volumes/572687c6-4fc4-4e22-8d7d-0f31529bfce4
2026-02-20 03:48:05.400 75 INFO cinder.volume.api [None req-bae44dbd-534b-49d9-bb3d-392ab779f7bb c8493a3b0fbc4503942714a52da79cc5 4fb3777c43ef4a3a8a50c8df8ba5b636 - - default default] Volume info retrieved successfully.
2026-02-20 03:48:05.406 75 INFO cinder.api.openstack.wsgi [None req-bae44dbd-534b-49d9-bb3d-392ab779f7bb c8493a3b0fbc4503942714a52da79cc5 4fb3777c43ef4a3a8a50c8df8ba5b636 - - default default] http://[LB_IP_ADDRESS]:8776/v3/4fb3777c43ef4a3a8a50c8df8ba5b636/volumes/572687c6-4fc4-4e22-8d7d-0f31529bfce4 returned with HTTP 200
2026-02-20 03:48:05.438 73 INFO cinder.api.openstack.wsgi [req-62381a12-209a-4bac-b283-2fd58ef31b9a req-e735ae84-de1a-4bd0-bef5-647e59e3cf7a c8493a3b0fbc4503942714a52da79cc5 4fb3777c43ef4a3a8a50c8df8ba5b636 - - default default] GET http://[LB_IP_ADDRESS]:8776/v3/volumes/572687c6-4fc4-4e22-8d7d-0f31529bfce4
2026-02-20 03:48:05.453 73 INFO cinder.volume.api [req-62381a12-209a-4bac-b283-2fd58ef31b9a req-e735ae84-de1a-4bd0-bef5-647e59e3cf7a c8493a3b0fbc4503942714a52da79cc5 4fb3777c43ef4a3a8a50c8df8ba5b636 - - default default] Volume info retrieved successfully.
2026-02-20 03:48:05.458 73 INFO cinder.api.openstack.wsgi [req-62381a12-209a-4bac-b283-2fd58ef31b9a req-e735ae84-de1a-4bd0-bef5-647e59e3cf7a c8493a3b0fbc4503942714a52da79cc5 4fb3777c43ef4a3a8a50c8df8ba5b636 - - default default] http://[LB_IP_ADDRESS]:8776/v3/volumes/572687c6-4fc4-4e22-8d7d-0f31529bfce4 returned with HTTP 200
2026-02-20 03:48:05.473 74 INFO cinder.api.openstack.wsgi [None req-9c1f7287-4b8b-4781-8d34-11f09c0c602f c8493a3b0fbc4503942714a52da79cc5 4fb3777c43ef4a3a8a50c8df8ba5b636 - - default default] POST http://[LB_IP_ADDRESS]:8776/v3/4fb3777c43ef4a3a8a50c8df8ba5b636/volumes
2026-02-20 03:48:05.476 74 INFO cinder.api.v3.volumes [None req-9c1f7287-4b8b-4781-8d34-11f09c0c602f c8493a3b0fbc4503942714a52da79cc5 4fb3777c43ef4a3a8a50c8df8ba5b636 - - default default] Create volume of 1 GB
2026-02-20 03:48:05.485 74 INFO cinder.volume.api [None req-9c1f7287-4b8b-4781-8d34-11f09c0c602f c8493a3b0fbc4503942714a52da79cc5 4fb3777c43ef4a3a8a50c8df8ba5b636 - - default default] Availability Zones retrieved successfully.
2026-02-20 03:48:05.949 76 WARNING cinder.quota [None req-f40643b6-7692-4d4b-a5bf-be58342567fe bbbfcc1f22974e30bce1d415e53f40d2 f1f7645d2a4a443fbf370c20fa880016 - - default default] Deprecated: Default quota for resource: volumes_tempest-GroupSnapshotsTest-volume-type-1998749016 is set by the default quota flag: quota_volumes_tempest-GroupSnapshotsTest-volume-type-1998749016, it is now deprecated. Please use the default quota class for default quota.
2026-02-20 03:48:05.950 76 WARNING cinder.quota [None req-f40643b6-7692-4d4b-a5bf-be58342567fe bbbfcc1f22974e30bce1d415e53f40d2 f1f7645d2a4a443fbf370c20fa880016 - - default default] Deprecated: Default quota for resource: gigabytes_tempest-GroupSnapshotsTest-volume-type-1998749016 is set by the default quota flag: quota_gigabytes_tempest-GroupSnapshotsTest-volume-type-1998749016, it is now deprecated. Please use the default quota class for default quota.
2026-02-20 03:48:06.036 76 INFO cinder.volume.api [None req-f40643b6-7692-4d4b-a5bf-be58342567fe bbbfcc1f22974e30bce1d415e53f40d2 f1f7645d2a4a443fbf370c20fa880016 - - default default] Create volume request issued successfully.
2026-02-20 03:48:06.055 76 INFO cinder.api.openstack.wsgi [None req-f40643b6-7692-4d4b-a5bf-be58342567fe bbbfcc1f22974e30bce1d415e53f40d2 f1f7645d2a4a443fbf370c20fa880016 - - default default] http://[LB_IP_ADDRESS]:8776/v3/f1f7645d2a4a443fbf370c20fa880016/volumes returned with HTTP 202
2026-02-20 03:48:06.071 72 INFO cinder.api.openstack.wsgi [None req-31ef2841-6784-46cc-bd7f-a56164cd5ab0 bbbfcc1f22974e30bce1d415e53f40d2 f1f7645d2a4a443fbf370c20fa880016 - - default default] GET http://[LB_IP_ADDRESS]:8776/v3/f1f7645d2a4a443fbf370c20fa880016/volumes/6fa02bf7-f814-4ece-a5bc-10a541c3f248
2026-02-20 03:48:06.092 72 INFO cinder.volume.api [None req-31ef2841-6784-46cc-bd7f-a56164cd5ab0 bbbfcc1f22974e30bce1d415e53f40d2 f1f7645d2a4a443fbf370c20fa880016 - - default default] Volume info retrieved successfully.
2026-02-20 03:48:06.119 72 INFO cinder.api.openstack.wsgi [None req-31ef2841-6784-46cc-bd7f-a56164cd5ab0 bbbfcc1f22974e30bce1d415e53f40d2 f1f7645d2a4a443fbf370c20fa880016 - - default default] http://[LB_IP_ADDRESS]:8776/v3/f1f7645d2a4a443fbf370c20fa880016/volumes/6fa02bf7-f814-4ece-a5bc-10a541c3f248 returned with HTTP 200
2026-02-20 03:48:06.232 75 INFO cinder.api.openstack.wsgi [None req-18ca6269-353c-489e-931c-ab17e762b74a 55032840066a4e1092f62eb171abdc31 46f72d202ce547fba471024582b3e3c2 - - default default] POST http://[LB_IP_ADDRESS]:8776/v3/46f72d202ce547fba471024582b3e3c2/group_types
2026-02-20 03:48:06.270 75 INFO cinder.api.openstack.wsgi [None req-18ca6269-353c-489e-931c-ab17e762b74a 55032840066a4e1092f62eb171abdc31 46f72d202ce547fba471024582b3e3c2 - - default default] http://[LB_IP_ADDRESS]:8776/v3/46f72d202ce547fba471024582b3e3c2/group_types returned with HTTP 202
2026-02-20 03:48:06.281 73 INFO cinder.api.openstack.wsgi [None req-13cdc65b-2c46-4978-8f68-9567643cda0d 55032840066a4e1092f62eb171abdc31 46f72d202ce547fba471024582b3e3c2 - - default default] POST http://[LB_IP_ADDRESS]:8776/v3/46f72d202ce547fba471024582b3e3c2/group_types/eb34ddfa-e80e-42cc-8140-80b9b9e855ba/group_specs
2026-02-20 03:48:06.293 73 INFO cinder.api.openstack.wsgi [None req-13cdc65b-2c46-4978-8f68-9567643cda0d 55032840066a4e1092f62eb171abdc31 46f72d202ce547fba471024582b3e3c2 - - default default] http://[LB_IP_ADDRESS]:8776/v3/46f72d202ce547fba471024582b3e3c2/group_types/eb34ddfa-e80e-42cc-8140-80b9b9e855ba/group_specs returned with HTTP 202
2026-02-20 03:48:06.303 76 INFO cinder.api.openstack.wsgi [None req-2e425050-339b-4952-8d69-4f0dc9738864 55032840066a4e1092f62eb171abdc31 46f72d202ce547fba471024582b3e3c2 - - default default] POST http://[LB_IP_ADDRESS]:8776/v3/46f72d202ce547fba471024582b3e3c2/group_types/eb34ddfa-e80e-42cc-8140-80b9b9e855ba/group_specs
2026-02-20 03:48:06.318 76 INFO cinder.api.openstack.wsgi [None req-2e425050-339b-4952-8d69-4f0dc9738864 55032840066a4e1092f62eb171abdc31 46f72d202ce547fba471024582b3e3c2 - - default default] http://[LB_IP_ADDRESS]:8776/v3/46f72d202ce547fba471024582b3e3c2/group_types/eb34ddfa-e80e-42cc-8140-80b9b9e855ba/group_specs returned with HTTP 202
2026-02-20 03:48:06.327 72 INFO cinder.api.openstack.wsgi [None req-8f5642b4-0262-4c2f-aece-5ad5e6fe4727 55032840066a4e1092f62eb171abdc31 46f72d202ce547fba471024582b3e3c2 - - default default] GET http://[LB_IP_ADDRESS]:8776/v3/46f72d202ce547fba471024582b3e3c2/group_types/eb34ddfa-e80e-42cc-8140-80b9b9e855ba/group_specs/key2
2026-02-20 03:48:06.334 72 INFO cinder.api.openstack.wsgi [None req-8f5642b4-0262-4c2f-aece-5ad5e6fe4727 55032840066a4e1092f62eb171abdc31 46f72d202ce547fba471024582b3e3c2 - - default default] http://[LB_IP_ADDRESS]:8776/v3/46f72d202ce547fba471024582b3e3c2/group_types/eb34ddfa-e80e-42cc-8140-80b9b9e855ba/group_specs/key2 returned with HTTP 200
2026-02-20 03:48:06.343 75 INFO cinder.api.openstack.wsgi [None req-74a0cfd6-96b3-48f7-b1de-4f1023a84a02 55032840066a4e1092f62eb171abdc31 46f72d202ce547fba471024582b3e3c2 - - default default] GET http://[LB_IP_ADDRESS]:8776/v3/46f72d202ce547fba471024582b3e3c2/group_types/eb34ddfa-e80e-42cc-8140-80b9b9e855ba/group_specs/key3
2026-02-20 03:48:06.350 75 INFO cinder.api.openstack.wsgi [None req-74a0cfd6-96b3-48f7-b1de-4f1023a84a02 55032840066a4e1092f62eb171abdc31 46f72d202ce547fba471024582b3e3c2 - - default default] http://[LB_IP_ADDRESS]:8776/v3/46f72d202ce547fba471024582b3e3c2/group_types/eb34ddfa-e80e-42cc-8140-80b9b9e855ba/group_specs/key3 returned with HTTP 200
2026-02-20 03:48:06.360 73 INFO cinder.api.openstack.wsgi [None req-f2b63a01-b652-459c-b7fe-168695284d72 55032840066a4e1092f62eb171abdc31 46f72d202ce547fba471024582b3e3c2 - - default default] PUT http://[LB_IP_ADDRESS]:8776/v3/46f72d202ce547fba471024582b3e3c2/group_types/eb34ddfa-e80e-42cc-8140-80b9b9e855ba/group_specs/key3
2026-02-20 03:48:06.362 74 INFO cinder.volume.api [None req-9c1f7287-4b8b-4781-8d34-11f09c0c602f c8493a3b0fbc4503942714a52da79cc5 4fb3777c43ef4a3a8a50c8df8ba5b636 - - default default] Create volume request issued successfully.
2026-02-20 03:48:06.363 74 INFO cinder.api.openstack.wsgi [None req-9c1f7287-4b8b-4781-8d34-11f09c0c602f c8493a3b0fbc4503942714a52da79cc5 4fb3777c43ef4a3a8a50c8df8ba5b636 - - default default] http://[LB_IP_ADDRESS]:8776/v3/4fb3777c43ef4a3a8a50c8df8ba5b636/volumes returned with HTTP 202
2026-02-20 03:48:06.371 73 INFO cinder.api.openstack.wsgi [None req-f2b63a01-b652-459c-b7fe-168695284d72 55032840066a4e1092f62eb171abdc31 46f72d202ce547fba471024582b3e3c2 - - default default] http://[LB_IP_ADDRESS]:8776/v3/46f72d202ce547fba471024582b3e3c2/group_types/eb34ddfa-e80e-42cc-8140-80b9b9e855ba/group_specs/key3 returned with HTTP 200
2026-02-20 03:48:06.378 76 INFO cinder.api.openstack.wsgi [None req-17a20d58-891c-4a83-b528-c48da3901016 c8493a3b0fbc4503942714a52da79cc5 4fb3777c43ef4a3a8a50c8df8ba5b636 - - default default] GET http://[LB_IP_ADDRESS]:8776/v3/4fb3777c43ef4a3a8a50c8df8ba5b636/volumes/7d6a51a0-0c94-4102-a211-157d9086bd9e
2026-02-20 03:48:06.379 72 INFO cinder.api.openstack.wsgi [None req-850e5273-7868-4e6a-8994-1f1913689b59 55032840066a4e1092f62eb171abdc31 46f72d202ce547fba471024582b3e3c2 - - default default] GET http://[LB_IP_ADDRESS]:8776/v3/46f72d202ce547fba471024582b3e3c2/group_types/eb34ddfa-e80e-42cc-8140-80b9b9e855ba/group_specs
2026-02-20 03:48:06.386 72 INFO cinder.api.openstack.wsgi [None req-850e5273-7868-4e6a-8994-1f1913689b59 55032840066a4e1092f62eb171abdc31 46f72d202ce547fba471024582b3e3c2 - - default default] http://[LB_IP_ADDRESS]:8776/v3/46f72d202ce547fba471024582b3e3c2/group_types/eb34ddfa-e80e-42cc-8140-80b9b9e855ba/group_specs returned with HTTP 200
2026-02-20 03:48:06.393 76 INFO cinder.volume.api [None req-17a20d58-891c-4a83-b528-c48da3901016 c8493a3b0fbc4503942714a52da79cc5 4fb3777c43ef4a3a8a50c8df8ba5b636 - - default default] Volume info retrieved successfully.
2026-02-20 03:48:06.396 75 INFO cinder.api.openstack.wsgi [None req-dcb9d8a9-41d1-4173-856c-7b69afb06f6a 55032840066a4e1092f62eb171abdc31 46f72d202ce547fba471024582b3e3c2 - - default default] DELETE http://[LB_IP_ADDRESS]:8776/v3/46f72d202ce547fba471024582b3e3c2/group_types/eb34ddfa-e80e-42cc-8140-80b9b9e855ba/group_specs/key1
2026-02-20 03:48:06.398 76 INFO cinder.api.openstack.wsgi [None req-17a20d58-891c-4a83-b528-c48da3901016 c8493a3b0fbc4503942714a52da79cc5 4fb3777c43ef4a3a8a50c8df8ba5b636 - - default default] http://[LB_IP_ADDRESS]:8776/v3/4fb3777c43ef4a3a8a50c8df8ba5b636/volumes/7d6a51a0-0c94-4102-a211-157d9086bd9e returned with HTTP 200
2026-02-20 03:48:06.407 75 INFO cinder.api.openstack.wsgi [None req-dcb9d8a9-41d1-4173-856c-7b69afb06f6a 55032840066a4e1092f62eb171abdc31 46f72d202ce547fba471024582b3e3c2 - - default default] http://[LB_IP_ADDRESS]:8776/v3/46f72d202ce547fba471024582b3e3c2/group_types/eb34ddfa-e80e-42cc-8140-80b9b9e855ba/group_specs/key1 returned with HTTP 202
2026-02-20 03:48:06.415 74 INFO cinder.api.openstack.wsgi [None req-97a52c5c-dace-4adc-acd9-afe591485c6a 55032840066a4e1092f62eb171abdc31 46f72d202ce547fba471024582b3e3c2 - - default default] GET http://[LB_IP_ADDRESS]:8776/v3/46f72d202ce547fba471024582b3e3c2/group_types/eb34ddfa-e80e-42cc-8140-80b9b9e855ba/group_specs/key1
2026-02-20 03:48:06.422 74 INFO cinder.api.openstack.wsgi [None req-97a52c5c-dace-4adc-acd9-afe591485c6a 55032840066a4e1092f62eb171abdc31 46f72d202ce547fba471024582b3e3c2 - - default default] HTTP exception thrown: Group Type eb34ddfa-e80e-42cc-8140-80b9b9e855ba has no extra spec with key key1.
2026-02-20 03:48:06.423 74 INFO cinder.api.openstack.wsgi [None req-97a52c5c-dace-4adc-acd9-afe591485c6a 55032840066a4e1092f62eb171abdc31 46f72d202ce547fba471024582b3e3c2 - - default default] http://[LB_IP_ADDRESS]:8776/v3/46f72d202ce547fba471024582b3e3c2/group_types/eb34ddfa-e80e-42cc-8140-80b9b9e855ba/group_specs/key1 returned with HTTP 404
2026-02-20 03:48:06.432 73 INFO cinder.api.openstack.wsgi [None req-2c290a7c-e575-49c1-ab09-5f1e0b382877 55032840066a4e1092f62eb171abdc31 46f72d202ce547fba471024582b3e3c2 - - default default] DELETE http://[LB_IP_ADDRESS]:8776/v3/46f72d202ce547fba471024582b3e3c2/group_types/eb34ddfa-e80e-42cc-8140-80b9b9e855ba/group_specs/key2
2026-02-20 03:48:06.442 73 INFO cinder.api.openstack.wsgi [None req-2c290a7c-e575-49c1-ab09-5f1e0b382877 55032840066a4e1092f62eb171abdc31 46f72d202ce547fba471024582b3e3c2 - - default default] http://[LB_IP_ADDRESS]:8776/v3/46f72d202ce547fba471024582b3e3c2/group_types/eb34ddfa-e80e-42cc-8140-80b9b9e855ba/group_specs/key2 returned with HTTP 202
2026-02-20 03:48:06.452 72 INFO cinder.api.openstack.wsgi [None req-3325ba09-921e-48e5-91e3-05f339e30e19 55032840066a4e1092f62eb171abdc31 46f72d202ce547fba471024582b3e3c2 - - default default] GET http://[LB_IP_ADDRESS]:8776/v3/46f72d202ce547fba471024582b3e3c2/group_types/eb34ddfa-e80e-42cc-8140-80b9b9e855ba/group_specs/key2
2026-02-20 03:48:06.459 72 INFO cinder.api.openstack.wsgi [None req-3325ba09-921e-48e5-91e3-05f339e30e19 55032840066a4e1092f62eb171abdc31 46f72d202ce547fba471024582b3e3c2 - - default default] HTTP exception thrown: Group Type eb34ddfa-e80e-42cc-8140-80b9b9e855ba has no extra spec with key key2.
2026-02-20 03:48:06.459 72 INFO cinder.api.openstack.wsgi [None req-3325ba09-921e-48e5-91e3-05f339e30e19 55032840066a4e1092f62eb171abdc31 46f72d202ce547fba471024582b3e3c2 - - default default] http://[LB_IP_ADDRESS]:8776/v3/46f72d202ce547fba471024582b3e3c2/group_types/eb34ddfa-e80e-42cc-8140-80b9b9e855ba/group_specs/key2 returned with HTTP 404
2026-02-20 03:48:06.467 76 INFO cinder.api.openstack.wsgi [None req-9dd5e782-5214-4859-8ca8-845e8bf239a3 55032840066a4e1092f62eb171abdc31 46f72d202ce547fba471024582b3e3c2 - - default default] DELETE http://[LB_IP_ADDRESS]:8776/v3/46f72d202ce547fba471024582b3e3c2/group_types/eb34ddfa-e80e-42cc-8140-80b9b9e855ba/group_specs/key3
2026-02-20 03:48:06.476 76 INFO cinder.api.openstack.wsgi [None req-9dd5e782-5214-4859-8ca8-845e8bf239a3 55032840066a4e1092f62eb171abdc31 46f72d202ce547fba471024582b3e3c2 - - default default] http://[LB_IP_ADDRESS]:8776/v3/46f72d202ce547fba471024582b3e3c2/group_types/eb34ddfa-e80e-42cc-8140-80b9b9e855ba/group_specs/key3 returned with HTTP 202
2026-02-20 03:48:06.486 75 INFO cinder.api.openstack.wsgi [None req-9e098462-5c58-4c75-abdc-2a74b90cdcf1 55032840066a4e1092f62eb171abdc31 46f72d202ce547fba471024582b3e3c2 - - default default] GET http://[LB_IP_ADDRESS]:8776/v3/46f72d202ce547fba471024582b3e3c2/group_types/eb34ddfa-e80e-42cc-8140-80b9b9e855ba/group_specs/key3
2026-02-20 03:48:06.494 75 INFO cinder.api.openstack.wsgi [None req-9e098462-5c58-4c75-abdc-2a74b90cdcf1 55032840066a4e1092f62eb171abdc31 46f72d202ce547fba471024582b3e3c2 - - default default] HTTP exception thrown: Group Type eb34ddfa-e80e-42cc-8140-80b9b9e855ba has no extra spec with key key3.
2026-02-20 03:48:06.494 75 INFO cinder.api.openstack.wsgi [None req-9e098462-5c58-4c75-abdc-2a74b90cdcf1 55032840066a4e1092f62eb171abdc31 46f72d202ce547fba471024582b3e3c2 - - default default] http://[LB_IP_ADDRESS]:8776/v3/46f72d202ce547fba471024582b3e3c2/group_types/eb34ddfa-e80e-42cc-8140-80b9b9e855ba/group_specs/key3 returned with HTTP 404
2026-02-20 03:48:06.502 74 INFO cinder.api.openstack.wsgi [None req-39079bed-3989-4ba8-b64c-82cf9c39e536 55032840066a4e1092f62eb171abdc31 46f72d202ce547fba471024582b3e3c2 - - default default] DELETE http://[LB_IP_ADDRESS]:8776/v3/46f72d202ce547fba471024582b3e3c2/group_types/eb34ddfa-e80e-42cc-8140-80b9b9e855ba
2026-02-20 03:48:06.513 74 INFO cinder.api.openstack.wsgi [None req-39079bed-3989-4ba8-b64c-82cf9c39e536 55032840066a4e1092f62eb171abdc31 46f72d202ce547fba471024582b3e3c2 - - default default] http://[LB_IP_ADDRESS]:8776/v3/46f72d202ce547fba471024582b3e3c2/group_types/eb34ddfa-e80e-42cc-8140-80b9b9e855ba returned with HTTP 202
2026-02-20 03:48:07.141 73 INFO cinder.api.openstack.wsgi [None req-49b65893-fc52-4b0e-8e4b-6092eeb9b0b4 bbbfcc1f22974e30bce1d415e53f40d2 f1f7645d2a4a443fbf370c20fa880016 - - default default] GET http://[LB_IP_ADDRESS]:8776/v3/f1f7645d2a4a443fbf370c20fa880016/volumes/6fa02bf7-f814-4ece-a5bc-10a541c3f248
2026-02-20 03:48:07.159 73 INFO cinder.volume.api [None req-49b65893-fc52-4b0e-8e4b-6092eeb9b0b4 bbbfcc1f22974e30bce1d415e53f40d2 f1f7645d2a4a443fbf370c20fa880016 - - default default] Volume info retrieved successfully.
2026-02-20 03:48:07.191 73 INFO cinder.api.openstack.wsgi [None req-49b65893-fc52-4b0e-8e4b-6092eeb9b0b4 bbbfcc1f22974e30bce1d415e53f40d2 f1f7645d2a4a443fbf370c20fa880016 - - default default] http://[LB_IP_ADDRESS]:8776/v3/f1f7645d2a4a443fbf370c20fa880016/volumes/6fa02bf7-f814-4ece-a5bc-10a541c3f248 returned with HTTP 200
2026-02-20 03:48:07.209 72 INFO cinder.api.openstack.wsgi [None req-37156ff7-b491-40cc-8d94-dda9d0879bf7 bbbfcc1f22974e30bce1d415e53f40d2 f1f7645d2a4a443fbf370c20fa880016 - - default default] POST http://[LB_IP_ADDRESS]:8776/v3/f1f7645d2a4a443fbf370c20fa880016/group_snapshots
2026-02-20 03:48:07.231 72 INFO cinder.api.v3.group_snapshots [None req-37156ff7-b491-40cc-8d94-dda9d0879bf7 bbbfcc1f22974e30bce1d415e53f40d2 f1f7645d2a4a443fbf370c20fa880016 - - default default] Creating group_snapshot tempest-group_snapshot-1316666472.
2026-02-20 03:48:07.378 72 WARNING cinder.quota [None req-37156ff7-b491-40cc-8d94-dda9d0879bf7 bbbfcc1f22974e30bce1d415e53f40d2 f1f7645d2a4a443fbf370c20fa880016 - - default default] Deprecated: Default quota for resource: gigabytes_tempest-GroupSnapshotsTest-volume-type-1998749016 is set by the default quota flag: quota_gigabytes_tempest-GroupSnapshotsTest-volume-type-1998749016, it is now deprecated. Please use the default quota class for default quota.
2026-02-20 03:48:07.378 72 WARNING cinder.quota [None req-37156ff7-b491-40cc-8d94-dda9d0879bf7 bbbfcc1f22974e30bce1d415e53f40d2 f1f7645d2a4a443fbf370c20fa880016 - - default default] Deprecated: Default quota for resource: snapshots_tempest-GroupSnapshotsTest-volume-type-1998749016 is set by the default quota flag: quota_snapshots_tempest-GroupSnapshotsTest-volume-type-1998749016, it is now deprecated. Please use the default quota class for default quota.
2026-02-20 03:48:07.415 76 INFO cinder.api.openstack.wsgi [None req-84ed1769-0304-402a-ab4f-ec5e71a6d85d c8493a3b0fbc4503942714a52da79cc5 4fb3777c43ef4a3a8a50c8df8ba5b636 - - default default] GET http://[LB_IP_ADDRESS]:8776/v3/4fb3777c43ef4a3a8a50c8df8ba5b636/volumes/7d6a51a0-0c94-4102-a211-157d9086bd9e
2026-02-20 03:48:07.423 72 INFO cinder.api.openstack.wsgi [None req-37156ff7-b491-40cc-8d94-dda9d0879bf7 bbbfcc1f22974e30bce1d415e53f40d2 f1f7645d2a4a443fbf370c20fa880016 - - default default] http://[LB_IP_ADDRESS]:8776/v3/f1f7645d2a4a443fbf370c20fa880016/group_snapshots returned with HTTP 202
2026-02-20 03:48:07.431 76 INFO cinder.volume.api [None req-84ed1769-0304-402a-ab4f-ec5e71a6d85d c8493a3b0fbc4503942714a52da79cc5 4fb3777c43ef4a3a8a50c8df8ba5b636 - - default default] Volume info retrieved successfully.
2026-02-20 03:48:07.437 76 INFO cinder.api.openstack.wsgi [None req-84ed1769-0304-402a-ab4f-ec5e71a6d85d c8493a3b0fbc4503942714a52da79cc5 4fb3777c43ef4a3a8a50c8df8ba5b636 - - default default] http://[LB_IP_ADDRESS]:8776/v3/4fb3777c43ef4a3a8a50c8df8ba5b636/volumes/7d6a51a0-0c94-4102-a211-157d9086bd9e returned with HTTP 200
2026-02-20 03:48:07.439 75 INFO cinder.api.openstack.wsgi [None req-a2a8eebc-cd6c-46e5-a0ec-5cf5c8786446 bbbfcc1f22974e30bce1d415e53f40d2 f1f7645d2a4a443fbf370c20fa880016 - - default default] GET http://[LB_IP_ADDRESS]:8776/v3/f1f7645d2a4a443fbf370c20fa880016/group_snapshots/ed08f3c0-11cc-436f-828a-f0ccaf44c052
2026-02-20 03:48:07.462 75 INFO cinder.api.openstack.wsgi [None req-a2a8eebc-cd6c-46e5-a0ec-5cf5c8786446 bbbfcc1f22974e30bce1d415e53f40d2 f1f7645d2a4a443fbf370c20fa880016 - - default default] http://[LB_IP_ADDRESS]:8776/v3/f1f7645d2a4a443fbf370c20fa880016/group_snapshots/ed08f3c0-11cc-436f-828a-f0ccaf44c052 returned with HTTP 200
2026-02-20 03:48:07.474 74 INFO cinder.api.openstack.wsgi [req-94dd049f-1e6d-4b62-9d9a-e98bd667f0fc req-dd4d87da-38c9-4a15-8846-846f7860808d c8493a3b0fbc4503942714a52da79cc5 4fb3777c43ef4a3a8a50c8df8ba5b636 - - default default] GET http://[LB_IP_ADDRESS]:8776/v3/volumes/7d6a51a0-0c94-4102-a211-157d9086bd9e
2026-02-20 03:48:07.492 74 INFO cinder.volume.api [req-94dd049f-1e6d-4b62-9d9a-e98bd667f0fc req-dd4d87da-38c9-4a15-8846-846f7860808d c8493a3b0fbc4503942714a52da79cc5 4fb3777c43ef4a3a8a50c8df8ba5b636 - - default default] Volume info retrieved successfully.
2026-02-20 03:48:07.497 74 INFO cinder.api.openstack.wsgi [req-94dd049f-1e6d-4b62-9d9a-e98bd667f0fc req-dd4d87da-38c9-4a15-8846-846f7860808d c8493a3b0fbc4503942714a52da79cc5 4fb3777c43ef4a3a8a50c8df8ba5b636 - - default default] http://[LB_IP_ADDRESS]:8776/v3/volumes/7d6a51a0-0c94-4102-a211-157d9086bd9e returned with HTTP 200
2026-02-20 03:48:07.529 73 INFO cinder.api.openstack.wsgi [req-12ecdfbc-ad9e-4cca-959e-3f3ad8eda9a0 req-ceaa30b4-f120-47ee-9806-74155ea3faae c8493a3b0fbc4503942714a52da79cc5 4fb3777c43ef4a3a8a50c8df8ba5b636 - - default default] GET http://[LB_IP_ADDRESS]:8776/v3/volumes/detail
2026-02-20 03:48:07.541 73 INFO cinder.volume.api [req-12ecdfbc-ad9e-4cca-959e-3f3ad8eda9a0 req-ceaa30b4-f120-47ee-9806-74155ea3faae c8493a3b0fbc4503942714a52da79cc5 4fb3777c43ef4a3a8a50c8df8ba5b636 - - default default] Get all volumes completed successfully.
2026-02-20 03:48:07.548 73 INFO cinder.api.openstack.wsgi [req-12ecdfbc-ad9e-4cca-959e-3f3ad8eda9a0 req-ceaa30b4-f120-47ee-9806-74155ea3faae c8493a3b0fbc4503942714a52da79cc5 4fb3777c43ef4a3a8a50c8df8ba5b636 - - default default] http://[LB_IP_ADDRESS]:8776/v3/volumes/detail returned with HTTP 200
2026-02-20 03:48:07.584 72 INFO cinder.api.openstack.wsgi [req-52b9dca0-10b0-47d0-855c-849e9d6b801c req-e53acfe0-edf9-46ba-b204-7249693763b0 c8493a3b0fbc4503942714a52da79cc5 4fb3777c43ef4a3a8a50c8df8ba5b636 - - default default] GET http://[LB_IP_ADDRESS]:8776/v3/volumes/detail
2026-02-20 03:48:07.600 72 INFO cinder.volume.api [req-52b9dca0-10b0-47d0-855c-849e9d6b801c req-e53acfe0-edf9-46ba-b204-7249693763b0 c8493a3b0fbc4503942714a52da79cc5 4fb3777c43ef4a3a8a50c8df8ba5b636 - - default default] Get all volumes completed successfully.
2026-02-20 03:48:07.605 72 INFO cinder.api.openstack.wsgi [req-52b9dca0-10b0-47d0-855c-849e9d6b801c req-e53acfe0-edf9-46ba-b204-7249693763b0 c8493a3b0fbc4503942714a52da79cc5 4fb3777c43ef4a3a8a50c8df8ba5b636 - - default default] http://[LB_IP_ADDRESS]:8776/v3/volumes/detail returned with HTTP 200
2026-02-20 03:48:07.649 76 INFO cinder.api.openstack.wsgi [req-d660b276-d8c2-425b-b878-fbe1c8a98a1f req-18ee5b32-023b-4ef2-9c99-34f0dcce16ed c8493a3b0fbc4503942714a52da79cc5 4fb3777c43ef4a3a8a50c8df8ba5b636 - - default default] GET http://[LB_IP_ADDRESS]:8776/v3/volumes/detail
2026-02-20 03:48:07.665 76 INFO cinder.volume.api [req-d660b276-d8c2-425b-b878-fbe1c8a98a1f req-18ee5b32-023b-4ef2-9c99-34f0dcce16ed c8493a3b0fbc4503942714a52da79cc5 4fb3777c43ef4a3a8a50c8df8ba5b636 - - default default] Get all volumes completed successfully.
2026-02-20 03:48:07.671 76 INFO cinder.api.openstack.wsgi [req-d660b276-d8c2-425b-b878-fbe1c8a98a1f req-18ee5b32-023b-4ef2-9c99-34f0dcce16ed c8493a3b0fbc4503942714a52da79cc5 4fb3777c43ef4a3a8a50c8df8ba5b636 - - default default] http://[LB_IP_ADDRESS]:8776/v3/volumes/detail returned with HTTP 200
2026-02-20 03:48:07.702 75 INFO cinder.api.openstack.wsgi [req-3f6675ea-dacb-4ac9-9bb8-01605853e8e9 req-f8a339e3-9ec0-41d8-bcd4-07d66f361c42 c8493a3b0fbc4503942714a52da79cc5 4fb3777c43ef4a3a8a50c8df8ba5b636 - - default default] GET http://[LB_IP_ADDRESS]:8776/v3/volumes/detail
2026-02-20 03:48:07.717 75 INFO cinder.volume.api [req-3f6675ea-dacb-4ac9-9bb8-01605853e8e9 req-f8a339e3-9ec0-41d8-bcd4-07d66f361c42 c8493a3b0fbc4503942714a52da79cc5 4fb3777c43ef4a3a8a50c8df8ba5b636 - - default default] Get all volumes completed successfully.
2026-02-20 03:48:07.723 75 INFO cinder.api.openstack.wsgi [req-3f6675ea-dacb-4ac9-9bb8-01605853e8e9 req-f8a339e3-9ec0-41d8-bcd4-07d66f361c42 c8493a3b0fbc4503942714a52da79cc5 4fb3777c43ef4a3a8a50c8df8ba5b636 - - default default] http://[LB_IP_ADDRESS]:8776/v3/volumes/detail returned with HTTP 200
2026-02-20 03:48:07.759 74 INFO cinder.api.openstack.wsgi [req-81d4aa51-d417-421f-a3a9-1237a42234d0 req-f20c71de-6f4d-4425-9286-25b4e77b1c43 c8493a3b0fbc4503942714a52da79cc5 4fb3777c43ef4a3a8a50c8df8ba5b636 - - default default] GET http://[LB_IP_ADDRESS]:8776/v3/volumes/detail
2026-02-20 03:48:07.776 74 INFO cinder.volume.api [req-81d4aa51-d417-421f-a3a9-1237a42234d0 req-f20c71de-6f4d-4425-9286-25b4e77b1c43 c8493a3b0fbc4503942714a52da79cc5 4fb3777c43ef4a3a8a50c8df8ba5b636 - - default default] Get all volumes completed successfully.
2026-02-20 03:48:07.781 74 INFO cinder.api.openstack.wsgi [req-81d4aa51-d417-421f-a3a9-1237a42234d0 req-f20c71de-6f4d-4425-9286-25b4e77b1c43 c8493a3b0fbc4503942714a52da79cc5 4fb3777c43ef4a3a8a50c8df8ba5b636 - - default default] http://[LB_IP_ADDRESS]:8776/v3/volumes/detail returned with HTTP 200
2026-02-20 03:48:07.821 73 INFO cinder.api.openstack.wsgi [req-952a8189-55db-4a8d-96dd-b25e48921d2d req-a7e82c17-d202-45b1-9445-b05fe296680a c8493a3b0fbc4503942714a52da79cc5 4fb3777c43ef4a3a8a50c8df8ba5b636 - - default default] GET http://[LB_IP_ADDRESS]:8776/v3/volumes/detail
2026-02-20 03:48:07.836 73 INFO cinder.volume.api [req-952a8189-55db-4a8d-96dd-b25e48921d2d req-a7e82c17-d202-45b1-9445-b05fe296680a c8493a3b0fbc4503942714a52da79cc5 4fb3777c43ef4a3a8a50c8df8ba5b636 - - default default] Get all volumes completed successfully.
2026-02-20 03:48:07.848 73 INFO cinder.api.openstack.wsgi [req-952a8189-55db-4a8d-96dd-b25e48921d2d req-a7e82c17-d202-45b1-9445-b05fe296680a c8493a3b0fbc4503942714a52da79cc5 4fb3777c43ef4a3a8a50c8df8ba5b636 - - default default] http://[LB_IP_ADDRESS]:8776/v3/volumes/detail returned with HTTP 200
2026-02-20 03:48:07.880 72 INFO cinder.api.openstack.wsgi [req-2e18ab4b-d70e-47ba-847e-ff216ceb41fe req-57957faf-b1d6-4d65-8858-7977a907df40 c8493a3b0fbc4503942714a52da79cc5 4fb3777c43ef4a3a8a50c8df8ba5b636 - - default default] GET http://[LB_IP_ADDRESS]:8776/v3/volumes/detail
2026-02-20 03:48:07.892 72 INFO cinder.volume.api [req-2e18ab4b-d70e-47ba-847e-ff216ceb41fe req-57957faf-b1d6-4d65-8858-7977a907df40 c8493a3b0fbc4503942714a52da79cc5 4fb3777c43ef4a3a8a50c8df8ba5b636 - - default default] Get all volumes completed successfully.
2026-02-20 03:48:07.897 72 INFO cinder.api.openstack.wsgi [req-2e18ab4b-d70e-47ba-847e-ff216ceb41fe req-57957faf-b1d6-4d65-8858-7977a907df40 c8493a3b0fbc4503942714a52da79cc5 4fb3777c43ef4a3a8a50c8df8ba5b636 - - default default] http://[LB_IP_ADDRESS]:8776/v3/volumes/detail returned with HTTP 200
2026-02-20 03:48:07.932 76 INFO cinder.api.openstack.wsgi [req-bd23c4a0-df33-45b8-a8c4-4a688c701990 req-2dc0385a-f1fc-493e-9f52-0230c02ea10f c8493a3b0fbc4503942714a52da79cc5 4fb3777c43ef4a3a8a50c8df8ba5b636 - - default default] GET http://[LB_IP_ADDRESS]:8776/v3/volumes/detail
2026-02-20 03:48:07.947 76 INFO cinder.volume.api [req-bd23c4a0-df33-45b8-a8c4-4a688c701990 req-2dc0385a-f1fc-493e-9f52-0230c02ea10f c8493a3b0fbc4503942714a52da79cc5 4fb3777c43ef4a3a8a50c8df8ba5b636 - - default default] Get all volumes completed successfully.
2026-02-20 03:48:07.953 76 INFO cinder.api.openstack.wsgi [req-bd23c4a0-df33-45b8-a8c4-4a688c701990 req-2dc0385a-f1fc-493e-9f52-0230c02ea10f c8493a3b0fbc4503942714a52da79cc5 4fb3777c43ef4a3a8a50c8df8ba5b636 - - default default] http://[LB_IP_ADDRESS]:8776/v3/volumes/detail returned with HTTP 200
2026-02-20 03:48:07.978 75 INFO cinder.api.openstack.wsgi [None req-cce8f374-3c83-43f1-bba4-f80e247af53a c8493a3b0fbc4503942714a52da79cc5 4fb3777c43ef4a3a8a50c8df8ba5b636 - - default default] DELETE http://[LB_IP_ADDRESS]:8776/v3/4fb3777c43ef4a3a8a50c8df8ba5b636/volumes/7d6a51a0-0c94-4102-a211-157d9086bd9e
2026-02-20 03:48:07.979 75 INFO cinder.api.v3.volumes [None req-cce8f374-3c83-43f1-bba4-f80e247af53a c8493a3b0fbc4503942714a52da79cc5 4fb3777c43ef4a3a8a50c8df8ba5b636 - - default default] Delete volume with id: 7d6a51a0-0c94-4102-a211-157d9086bd9e 
2026-02-20 03:48:07.992 75 INFO cinder.volume.api [None req-cce8f374-3c83-43f1-bba4-f80e247af53a c8493a3b0fbc4503942714a52da79cc5 4fb3777c43ef4a3a8a50c8df8ba5b636 - - default default] Volume info retrieved successfully.
2026-02-20 03:48:08.011 75 INFO cinder.volume.api [None req-cce8f374-3c83-43f1-bba4-f80e247af53a c8493a3b0fbc4503942714a52da79cc5 4fb3777c43ef4a3a8a50c8df8ba5b636 - - default default] Delete volume request issued successfully.
