2026-01-26 12:35:12.805 75 INFO cinder.api.openstack.wsgi [None req-aef4d27e-8b73-48ba-ac87-fdebfa9cb937 de8fb47bd8fe4882a5bce737e151fc27 82b0f3f993a848b58d3e8357a12a8181 - - default default] GET http://[LB_IP_ADDRESS]:8776/v3/82b0f3f993a848b58d3e8357a12a8181/volumes/b1d9fd73-5b32-4554-ad48-2defdf1a59ee
2026-01-26 12:35:12.816 75 INFO cinder.api.openstack.wsgi [None req-aef4d27e-8b73-48ba-ac87-fdebfa9cb937 de8fb47bd8fe4882a5bce737e151fc27 82b0f3f993a848b58d3e8357a12a8181 - - default default] http://[LB_IP_ADDRESS]:8776/v3/82b0f3f993a848b58d3e8357a12a8181/volumes/b1d9fd73-5b32-4554-ad48-2defdf1a59ee returned with HTTP 404
2026-01-26 12:35:12.823 72 INFO cinder.api.openstack.wsgi [None req-203e13bd-cbad-40b4-81e8-9e389da050e8 de8fb47bd8fe4882a5bce737e151fc27 82b0f3f993a848b58d3e8357a12a8181 - - default default] DELETE http://[LB_IP_ADDRESS]:8776/v3/82b0f3f993a848b58d3e8357a12a8181/volumes/2528607a-fc77-4673-b083-e92dbd5b719a
2026-01-26 12:35:12.824 72 INFO cinder.api.v3.volumes [None req-203e13bd-cbad-40b4-81e8-9e389da050e8 de8fb47bd8fe4882a5bce737e151fc27 82b0f3f993a848b58d3e8357a12a8181 - - default default] Delete volume with id: 2528607a-fc77-4673-b083-e92dbd5b719a 
2026-01-26 12:35:12.834 72 INFO cinder.volume.api [None req-203e13bd-cbad-40b4-81e8-9e389da050e8 de8fb47bd8fe4882a5bce737e151fc27 82b0f3f993a848b58d3e8357a12a8181 - - default default] Volume info retrieved successfully.
2026-01-26 12:35:12.871 72 INFO cinder.volume.api [None req-203e13bd-cbad-40b4-81e8-9e389da050e8 de8fb47bd8fe4882a5bce737e151fc27 82b0f3f993a848b58d3e8357a12a8181 - - default default] Delete volume request issued successfully.
2026-01-26 12:35:12.872 72 INFO cinder.api.openstack.wsgi [None req-203e13bd-cbad-40b4-81e8-9e389da050e8 de8fb47bd8fe4882a5bce737e151fc27 82b0f3f993a848b58d3e8357a12a8181 - - default default] http://[LB_IP_ADDRESS]:8776/v3/82b0f3f993a848b58d3e8357a12a8181/volumes/2528607a-fc77-4673-b083-e92dbd5b719a returned with HTTP 202
2026-01-26 12:35:12.884 76 INFO cinder.api.openstack.wsgi [None req-fb6b9359-f578-4790-ab25-8594a6f97eb7 de8fb47bd8fe4882a5bce737e151fc27 82b0f3f993a848b58d3e8357a12a8181 - - default default] GET http://[LB_IP_ADDRESS]:8776/v3/82b0f3f993a848b58d3e8357a12a8181/volumes/2528607a-fc77-4673-b083-e92dbd5b719a
2026-01-26 12:35:12.901 76 INFO cinder.volume.api [None req-fb6b9359-f578-4790-ab25-8594a6f97eb7 de8fb47bd8fe4882a5bce737e151fc27 82b0f3f993a848b58d3e8357a12a8181 - - default default] Volume info retrieved successfully.
2026-01-26 12:35:12.905 76 INFO cinder.api.openstack.wsgi [None req-fb6b9359-f578-4790-ab25-8594a6f97eb7 de8fb47bd8fe4882a5bce737e151fc27 82b0f3f993a848b58d3e8357a12a8181 - - default default] http://[LB_IP_ADDRESS]:8776/v3/82b0f3f993a848b58d3e8357a12a8181/volumes/2528607a-fc77-4673-b083-e92dbd5b719a returned with HTTP 200
2026-01-26 12:35:13.034 73 INFO cinder.api.openstack.wsgi [None req-08c04142-5729-4515-8f48-1e30d36a4669 3414c730ca1a4b508bb65808721a7701 51e5cda6dd1c4a5fb99fe504e194793a - - default default] http://[LB_IP_ADDRESS]:8776/v3/51e5cda6dd1c4a5fb99fe504e194793a/scheduler-stats/get_pools returned with HTTP 200
2026-01-26 12:35:13.051 74 INFO cinder.api.openstack.wsgi [None req-7c690b9b-e650-4d6f-94e8-0747e13d0e64 3414c730ca1a4b508bb65808721a7701 51e5cda6dd1c4a5fb99fe504e194793a - - default default] GET http://[LB_IP_ADDRESS]:8776/v3/51e5cda6dd1c4a5fb99fe504e194793a/scheduler-stats/get_pools?detail=True
2026-01-26 12:35:13.559 74 INFO cinder.api.openstack.wsgi [None req-7c690b9b-e650-4d6f-94e8-0747e13d0e64 3414c730ca1a4b508bb65808721a7701 51e5cda6dd1c4a5fb99fe504e194793a - - default default] http://[LB_IP_ADDRESS]:8776/v3/51e5cda6dd1c4a5fb99fe504e194793a/scheduler-stats/get_pools?detail=True returned with HTTP 200
2026-01-26 12:35:13.577 75 INFO cinder.api.openstack.wsgi [None req-0b5115bf-f7cd-4144-91b9-fe8424fe301e 3414c730ca1a4b508bb65808721a7701 51e5cda6dd1c4a5fb99fe504e194793a - - default default] GET http://[LB_IP_ADDRESS]:8776/v3/51e5cda6dd1c4a5fb99fe504e194793a/capabilities/rack05-server66@LIGHTOSphszul
2026-01-26 12:35:13.928 72 INFO cinder.api.openstack.wsgi [None req-2f5f144c-0070-45f5-a628-55aacb569839 de8fb47bd8fe4882a5bce737e151fc27 82b0f3f993a848b58d3e8357a12a8181 - - default default] GET http://[LB_IP_ADDRESS]:8776/v3/82b0f3f993a848b58d3e8357a12a8181/volumes/2528607a-fc77-4673-b083-e92dbd5b719a
2026-01-26 12:35:13.940 72 INFO cinder.api.openstack.wsgi [None req-2f5f144c-0070-45f5-a628-55aacb569839 de8fb47bd8fe4882a5bce737e151fc27 82b0f3f993a848b58d3e8357a12a8181 - - default default] http://[LB_IP_ADDRESS]:8776/v3/82b0f3f993a848b58d3e8357a12a8181/volumes/2528607a-fc77-4673-b083-e92dbd5b719a returned with HTTP 404
2026-01-26 12:35:13.952 76 INFO cinder.api.openstack.wsgi [None req-11ac23b1-d20c-46f6-93bb-1d76b9984c4a de8fb47bd8fe4882a5bce737e151fc27 82b0f3f993a848b58d3e8357a12a8181 - - default default] DELETE http://[LB_IP_ADDRESS]:8776/v3/82b0f3f993a848b58d3e8357a12a8181/volumes/d7307046-0343-4f9d-ba23-78e55ca58a43
2026-01-26 12:35:13.953 76 INFO cinder.api.v3.volumes [None req-11ac23b1-d20c-46f6-93bb-1d76b9984c4a de8fb47bd8fe4882a5bce737e151fc27 82b0f3f993a848b58d3e8357a12a8181 - - default default] Delete volume with id: d7307046-0343-4f9d-ba23-78e55ca58a43 
2026-01-26 12:35:13.965 76 INFO cinder.volume.api [None req-11ac23b1-d20c-46f6-93bb-1d76b9984c4a de8fb47bd8fe4882a5bce737e151fc27 82b0f3f993a848b58d3e8357a12a8181 - - default default] Volume info retrieved successfully.
2026-01-26 12:35:13.985 76 INFO cinder.volume.api [None req-11ac23b1-d20c-46f6-93bb-1d76b9984c4a de8fb47bd8fe4882a5bce737e151fc27 82b0f3f993a848b58d3e8357a12a8181 - - default default] Delete volume request issued successfully.
2026-01-26 12:35:13.986 76 INFO cinder.api.openstack.wsgi [None req-11ac23b1-d20c-46f6-93bb-1d76b9984c4a de8fb47bd8fe4882a5bce737e151fc27 82b0f3f993a848b58d3e8357a12a8181 - - default default] http://[LB_IP_ADDRESS]:8776/v3/82b0f3f993a848b58d3e8357a12a8181/volumes/d7307046-0343-4f9d-ba23-78e55ca58a43 returned with HTTP 202
2026-01-26 12:35:13.999 73 INFO cinder.api.openstack.wsgi [None req-8a8ac350-536c-4779-8a66-89c1666913ff de8fb47bd8fe4882a5bce737e151fc27 82b0f3f993a848b58d3e8357a12a8181 - - default default] GET http://[LB_IP_ADDRESS]:8776/v3/82b0f3f993a848b58d3e8357a12a8181/volumes/d7307046-0343-4f9d-ba23-78e55ca58a43
2026-01-26 12:35:14.015 73 INFO cinder.volume.api [None req-8a8ac350-536c-4779-8a66-89c1666913ff de8fb47bd8fe4882a5bce737e151fc27 82b0f3f993a848b58d3e8357a12a8181 - - default default] Volume info retrieved successfully.
2026-01-26 12:35:14.020 73 INFO cinder.api.openstack.wsgi [None req-8a8ac350-536c-4779-8a66-89c1666913ff de8fb47bd8fe4882a5bce737e151fc27 82b0f3f993a848b58d3e8357a12a8181 - - default default] http://[LB_IP_ADDRESS]:8776/v3/82b0f3f993a848b58d3e8357a12a8181/volumes/d7307046-0343-4f9d-ba23-78e55ca58a43 returned with HTTP 200
2026-01-26 12:35:14.088 75 INFO cinder.api.openstack.wsgi [None req-0b5115bf-f7cd-4144-91b9-fe8424fe301e 3414c730ca1a4b508bb65808721a7701 51e5cda6dd1c4a5fb99fe504e194793a - - default default] http://[LB_IP_ADDRESS]:8776/v3/51e5cda6dd1c4a5fb99fe504e194793a/capabilities/rack05-server66@LIGHTOSphszul returned with HTTP 200
2026-01-26 12:35:14.107 74 INFO cinder.api.openstack.wsgi [None req-40390631-77a3-4297-88fb-b356654a6c36 3414c730ca1a4b508bb65808721a7701 51e5cda6dd1c4a5fb99fe504e194793a - - default default] GET http://[LB_IP_ADDRESS]:8776/v3/51e5cda6dd1c4a5fb99fe504e194793a/capabilities/rack05-server66@LIGHTOSphszul
2026-01-26 12:35:14.622 74 INFO cinder.api.openstack.wsgi [None req-40390631-77a3-4297-88fb-b356654a6c36 3414c730ca1a4b508bb65808721a7701 51e5cda6dd1c4a5fb99fe504e194793a - - default default] http://[LB_IP_ADDRESS]:8776/v3/51e5cda6dd1c4a5fb99fe504e194793a/capabilities/rack05-server66@LIGHTOSphszul returned with HTTP 200
2026-01-26 12:35:15.040 76 INFO cinder.api.openstack.wsgi [None req-6f9d861f-d068-461a-bb94-c4bb0772503f de8fb47bd8fe4882a5bce737e151fc27 82b0f3f993a848b58d3e8357a12a8181 - - default default] GET http://[LB_IP_ADDRESS]:8776/v3/82b0f3f993a848b58d3e8357a12a8181/volumes/d7307046-0343-4f9d-ba23-78e55ca58a43
2026-01-26 12:35:15.051 76 INFO cinder.api.openstack.wsgi [None req-6f9d861f-d068-461a-bb94-c4bb0772503f de8fb47bd8fe4882a5bce737e151fc27 82b0f3f993a848b58d3e8357a12a8181 - - default default] http://[LB_IP_ADDRESS]:8776/v3/82b0f3f993a848b58d3e8357a12a8181/volumes/d7307046-0343-4f9d-ba23-78e55ca58a43 returned with HTTP 404
2026-01-26 12:35:15.100 72 INFO cinder.api.openstack.wsgi [None req-4f404bff-2ae0-4c9d-9ac8-462c021a4625 53e2ce8448774a7e94ccee6e49029da7 7f65f3a1b0a84e98af06c392517cf9bb - - default default] POST http://[LB_IP_ADDRESS]:8776/v3/7f65f3a1b0a84e98af06c392517cf9bb/types
2026-01-26 12:35:15.148 72 INFO cinder.api.openstack.wsgi [None req-4f404bff-2ae0-4c9d-9ac8-462c021a4625 53e2ce8448774a7e94ccee6e49029da7 7f65f3a1b0a84e98af06c392517cf9bb - - default default] http://[LB_IP_ADDRESS]:8776/v3/7f65f3a1b0a84e98af06c392517cf9bb/types returned with HTTP 200
2026-01-26 12:35:15.160 73 INFO cinder.api.openstack.wsgi [None req-9e139cf1-988e-41bc-adec-1cb37436a31f 53e2ce8448774a7e94ccee6e49029da7 7f65f3a1b0a84e98af06c392517cf9bb - - default default] POST http://[LB_IP_ADDRESS]:8776/v3/7f65f3a1b0a84e98af06c392517cf9bb/group_types
2026-01-26 12:35:15.194 73 INFO cinder.api.openstack.wsgi [None req-9e139cf1-988e-41bc-adec-1cb37436a31f 53e2ce8448774a7e94ccee6e49029da7 7f65f3a1b0a84e98af06c392517cf9bb - - default default] http://[LB_IP_ADDRESS]:8776/v3/7f65f3a1b0a84e98af06c392517cf9bb/group_types returned with HTTP 202
2026-01-26 12:35:15.387 75 INFO cinder.api.openstack.wsgi [None req-af2dae1f-6714-4ae1-8f36-6dace757ca8d f052818a9a7b418cb0781fff598fd5f5 703094168f5d4236bafbe798ea937b9b - - default default] POST http://[LB_IP_ADDRESS]:8776/v3/703094168f5d4236bafbe798ea937b9b/groups
2026-01-26 12:35:15.402 75 INFO cinder.api.v3.groups [None req-af2dae1f-6714-4ae1-8f36-6dace757ca8d f052818a9a7b418cb0781fff598fd5f5 703094168f5d4236bafbe798ea937b9b - - default default] Creating group tempest-GroupSnapshotsTest-Group-879524208.
2026-01-26 12:35:15.409 75 INFO cinder.volume.api [None req-af2dae1f-6714-4ae1-8f36-6dace757ca8d f052818a9a7b418cb0781fff598fd5f5 703094168f5d4236bafbe798ea937b9b - - default default] Availability Zones retrieved successfully.
2026-01-26 12:35:15.521 75 INFO cinder.api.openstack.wsgi [None req-af2dae1f-6714-4ae1-8f36-6dace757ca8d f052818a9a7b418cb0781fff598fd5f5 703094168f5d4236bafbe798ea937b9b - - default default] http://[LB_IP_ADDRESS]:8776/v3/703094168f5d4236bafbe798ea937b9b/groups returned with HTTP 202
2026-01-26 12:35:15.534 74 INFO cinder.api.openstack.wsgi [None req-a084e763-a2a7-4148-8f1b-bb756e0c0e10 f052818a9a7b418cb0781fff598fd5f5 703094168f5d4236bafbe798ea937b9b - - default default] GET http://[LB_IP_ADDRESS]:8776/v3/703094168f5d4236bafbe798ea937b9b/groups/1e5668e8-e6af-4a8e-b39e-2be2925f9520
2026-01-26 12:35:15.564 74 INFO cinder.api.openstack.wsgi [None req-a084e763-a2a7-4148-8f1b-bb756e0c0e10 f052818a9a7b418cb0781fff598fd5f5 703094168f5d4236bafbe798ea937b9b - - default default] http://[LB_IP_ADDRESS]:8776/v3/703094168f5d4236bafbe798ea937b9b/groups/1e5668e8-e6af-4a8e-b39e-2be2925f9520 returned with HTTP 200
2026-01-26 12:35:16.581 76 INFO cinder.api.openstack.wsgi [None req-8c688b48-c31e-46ea-bb3c-0af2e60632f1 f052818a9a7b418cb0781fff598fd5f5 703094168f5d4236bafbe798ea937b9b - - default default] GET http://[LB_IP_ADDRESS]:8776/v3/703094168f5d4236bafbe798ea937b9b/groups/1e5668e8-e6af-4a8e-b39e-2be2925f9520
2026-01-26 12:35:16.604 76 INFO cinder.api.openstack.wsgi [None req-8c688b48-c31e-46ea-bb3c-0af2e60632f1 f052818a9a7b418cb0781fff598fd5f5 703094168f5d4236bafbe798ea937b9b - - default default] http://[LB_IP_ADDRESS]:8776/v3/703094168f5d4236bafbe798ea937b9b/groups/1e5668e8-e6af-4a8e-b39e-2be2925f9520 returned with HTTP 200
2026-01-26 12:35:16.620 72 INFO cinder.api.openstack.wsgi [None req-bbbfb458-b306-464c-a9c9-7f5f957f2f27 f052818a9a7b418cb0781fff598fd5f5 703094168f5d4236bafbe798ea937b9b - - default default] POST http://[LB_IP_ADDRESS]:8776/v3/703094168f5d4236bafbe798ea937b9b/volumes
2026-01-26 12:35:16.637 72 INFO cinder.api.v3.volumes [None req-bbbfb458-b306-464c-a9c9-7f5f957f2f27 f052818a9a7b418cb0781fff598fd5f5 703094168f5d4236bafbe798ea937b9b - - default default] Create volume of 1 GB
2026-01-26 12:35:16.643 72 INFO cinder.volume.api [None req-bbbfb458-b306-464c-a9c9-7f5f957f2f27 f052818a9a7b418cb0781fff598fd5f5 703094168f5d4236bafbe798ea937b9b - - default default] Availability Zones retrieved successfully.
2026-01-26 12:35:17.147 73 INFO cinder.api.openstack.wsgi [req-4da88722-31ff-4b0e-9dd1-6670882514db req-f04745e4-2bfd-46e1-bcb8-2ff5a5fe2337 ac256780b42d4d8390014a4d2fe01b5e 06c25e2d37f3414ab2718b1e19910942 - - default default] DELETE http://[LB_IP_ADDRESS]:8776/v3/volumes/tempest-invalid-1480017541
2026-01-26 12:35:17.148 73 INFO cinder.api.v3.volumes [req-4da88722-31ff-4b0e-9dd1-6670882514db req-f04745e4-2bfd-46e1-bcb8-2ff5a5fe2337 ac256780b42d4d8390014a4d2fe01b5e 06c25e2d37f3414ab2718b1e19910942 - - default default] Delete volume with id: tempest-invalid-1480017541 
2026-01-26 12:35:17.157 73 INFO cinder.api.openstack.wsgi [req-4da88722-31ff-4b0e-9dd1-6670882514db req-f04745e4-2bfd-46e1-bcb8-2ff5a5fe2337 ac256780b42d4d8390014a4d2fe01b5e 06c25e2d37f3414ab2718b1e19910942 - - default default] http://[LB_IP_ADDRESS]:8776/v3/volumes/tempest-invalid-1480017541 returned with HTTP 404
2026-01-26 12:35:17.199 75 INFO cinder.api.openstack.wsgi [req-8e411195-9ea7-43d9-8604-e1bac0c56357 req-b7546d0f-cca2-4312-892c-2ea0b75ed94a ac256780b42d4d8390014a4d2fe01b5e 06c25e2d37f3414ab2718b1e19910942 - - default default] DELETE http://[LB_IP_ADDRESS]:8776/v3/volumes/89e050f4-df3e-43b6-8818-03f38d997638
2026-01-26 12:35:17.200 75 INFO cinder.api.v3.volumes [req-8e411195-9ea7-43d9-8604-e1bac0c56357 req-b7546d0f-cca2-4312-892c-2ea0b75ed94a ac256780b42d4d8390014a4d2fe01b5e 06c25e2d37f3414ab2718b1e19910942 - - default default] Delete volume with id: 89e050f4-df3e-43b6-8818-03f38d997638 
2026-01-26 12:35:17.211 75 INFO cinder.api.openstack.wsgi [req-8e411195-9ea7-43d9-8604-e1bac0c56357 req-b7546d0f-cca2-4312-892c-2ea0b75ed94a ac256780b42d4d8390014a4d2fe01b5e 06c25e2d37f3414ab2718b1e19910942 - - default default] http://[LB_IP_ADDRESS]:8776/v3/volumes/89e050f4-df3e-43b6-8818-03f38d997638 returned with HTTP 404
2026-01-26 12:35:17.243 74 INFO cinder.api.openstack.wsgi [req-35ba52c9-4d7e-46b0-8179-1c381d4ad651 req-faeee21b-e2e6-4339-816a-fa20b9813e25 ac256780b42d4d8390014a4d2fe01b5e 06c25e2d37f3414ab2718b1e19910942 - - default default] GET http://[LB_IP_ADDRESS]:8776/v3/volumes/e2bceda8-2be2-4a1c-b69c-892507c89475
2026-01-26 12:35:17.247 72 WARNING cinder.quota [None req-bbbfb458-b306-464c-a9c9-7f5f957f2f27 f052818a9a7b418cb0781fff598fd5f5 703094168f5d4236bafbe798ea937b9b - - default default] Deprecated: Default quota for resource: volumes_tempest-GroupSnapshotsTest-volume-type-1303460527 is set by the default quota flag: quota_volumes_tempest-GroupSnapshotsTest-volume-type-1303460527, it is now deprecated. Please use the default quota class for default quota.
2026-01-26 12:35:17.248 72 WARNING cinder.quota [None req-bbbfb458-b306-464c-a9c9-7f5f957f2f27 f052818a9a7b418cb0781fff598fd5f5 703094168f5d4236bafbe798ea937b9b - - default default] Deprecated: Default quota for resource: gigabytes_tempest-GroupSnapshotsTest-volume-type-1303460527 is set by the default quota flag: quota_gigabytes_tempest-GroupSnapshotsTest-volume-type-1303460527, it is now deprecated. Please use the default quota class for default quota.
2026-01-26 12:35:17.255 74 INFO cinder.api.openstack.wsgi [req-35ba52c9-4d7e-46b0-8179-1c381d4ad651 req-faeee21b-e2e6-4339-816a-fa20b9813e25 ac256780b42d4d8390014a4d2fe01b5e 06c25e2d37f3414ab2718b1e19910942 - - default default] http://[LB_IP_ADDRESS]:8776/v3/volumes/e2bceda8-2be2-4a1c-b69c-892507c89475 returned with HTTP 404
2026-01-26 12:35:17.327 72 INFO cinder.volume.api [None req-bbbfb458-b306-464c-a9c9-7f5f957f2f27 f052818a9a7b418cb0781fff598fd5f5 703094168f5d4236bafbe798ea937b9b - - default default] Create volume request issued successfully.
2026-01-26 12:35:17.348 72 INFO cinder.api.openstack.wsgi [None req-bbbfb458-b306-464c-a9c9-7f5f957f2f27 f052818a9a7b418cb0781fff598fd5f5 703094168f5d4236bafbe798ea937b9b - - default default] http://[LB_IP_ADDRESS]:8776/v3/703094168f5d4236bafbe798ea937b9b/volumes returned with HTTP 202
2026-01-26 12:35:17.368 76 INFO cinder.api.openstack.wsgi [None req-e8256a48-dc43-4d1d-aa03-39dc94fdc360 f052818a9a7b418cb0781fff598fd5f5 703094168f5d4236bafbe798ea937b9b - - default default] GET http://[LB_IP_ADDRESS]:8776/v3/703094168f5d4236bafbe798ea937b9b/volumes/9b504fff-b2c1-4843-bbf5-a30f082ec18a
2026-01-26 12:35:17.386 76 INFO cinder.volume.api [None req-e8256a48-dc43-4d1d-aa03-39dc94fdc360 f052818a9a7b418cb0781fff598fd5f5 703094168f5d4236bafbe798ea937b9b - - default default] Volume info retrieved successfully.
2026-01-26 12:35:17.420 76 INFO cinder.api.openstack.wsgi [None req-e8256a48-dc43-4d1d-aa03-39dc94fdc360 f052818a9a7b418cb0781fff598fd5f5 703094168f5d4236bafbe798ea937b9b - - default default] http://[LB_IP_ADDRESS]:8776/v3/703094168f5d4236bafbe798ea937b9b/volumes/9b504fff-b2c1-4843-bbf5-a30f082ec18a returned with HTTP 200
2026-01-26 12:35:18.030 73 INFO cinder.api.openstack.wsgi [None req-f03a35fb-af42-4bcf-92b1-3754b8213c40 6e3540fcafeb4e5481c83d986aac4d7c ec2521134b5d48b7b4dcdef04a460edb - - default default] POST http://[LB_IP_ADDRESS]:8776/v3/ec2521134b5d48b7b4dcdef04a460edb/types
2026-01-26 12:35:18.069 73 INFO cinder.api.openstack.wsgi [None req-f03a35fb-af42-4bcf-92b1-3754b8213c40 6e3540fcafeb4e5481c83d986aac4d7c ec2521134b5d48b7b4dcdef04a460edb - - default default] http://[LB_IP_ADDRESS]:8776/v3/ec2521134b5d48b7b4dcdef04a460edb/types returned with HTTP 200
2026-01-26 12:35:18.083 75 INFO cinder.api.openstack.wsgi [None req-c7ef8028-f0e7-4c05-ad41-fd7b5809573f 6e3540fcafeb4e5481c83d986aac4d7c ec2521134b5d48b7b4dcdef04a460edb - - default default] POST http://[LB_IP_ADDRESS]:8776/v3/ec2521134b5d48b7b4dcdef04a460edb/group_types
2026-01-26 12:35:18.118 75 INFO cinder.api.openstack.wsgi [None req-c7ef8028-f0e7-4c05-ad41-fd7b5809573f 6e3540fcafeb4e5481c83d986aac4d7c ec2521134b5d48b7b4dcdef04a460edb - - default default] http://[LB_IP_ADDRESS]:8776/v3/ec2521134b5d48b7b4dcdef04a460edb/group_types returned with HTTP 202
2026-01-26 12:35:18.209 74 INFO cinder.api.openstack.wsgi [None req-34fd081e-233d-49ae-b1fe-62b40ee650f6 4b6089661b6d475298d32c9933b230d9 15c23e9433a648ad977211f4f183049e - - default default] POST http://[LB_IP_ADDRESS]:8776/v3/15c23e9433a648ad977211f4f183049e/groups
2026-01-26 12:35:18.230 74 INFO cinder.api.v3.groups [None req-34fd081e-233d-49ae-b1fe-62b40ee650f6 4b6089661b6d475298d32c9933b230d9 15c23e9433a648ad977211f4f183049e - - default default] Creating group tempest-GroupSnapshotsV319Test-Group-2066354523.
2026-01-26 12:35:18.240 74 INFO cinder.volume.api [None req-34fd081e-233d-49ae-b1fe-62b40ee650f6 4b6089661b6d475298d32c9933b230d9 15c23e9433a648ad977211f4f183049e - - default default] Availability Zones retrieved successfully.
2026-01-26 12:35:18.357 74 INFO cinder.api.openstack.wsgi [None req-34fd081e-233d-49ae-b1fe-62b40ee650f6 4b6089661b6d475298d32c9933b230d9 15c23e9433a648ad977211f4f183049e - - default default] http://[LB_IP_ADDRESS]:8776/v3/15c23e9433a648ad977211f4f183049e/groups returned with HTTP 202
2026-01-26 12:35:18.372 72 INFO cinder.api.openstack.wsgi [None req-ace58d75-d9d4-43ec-b610-94034934c764 4b6089661b6d475298d32c9933b230d9 15c23e9433a648ad977211f4f183049e - - default default] GET http://[LB_IP_ADDRESS]:8776/v3/15c23e9433a648ad977211f4f183049e/groups/1f3750fd-7c3c-4d9e-880f-22589bab05c8
2026-01-26 12:35:18.396 72 INFO cinder.api.openstack.wsgi [None req-ace58d75-d9d4-43ec-b610-94034934c764 4b6089661b6d475298d32c9933b230d9 15c23e9433a648ad977211f4f183049e - - default default] http://[LB_IP_ADDRESS]:8776/v3/15c23e9433a648ad977211f4f183049e/groups/1f3750fd-7c3c-4d9e-880f-22589bab05c8 returned with HTTP 200
2026-01-26 12:35:18.442 76 INFO cinder.api.openstack.wsgi [None req-8cd75a4c-6614-4860-b631-b0a406a7642a f052818a9a7b418cb0781fff598fd5f5 703094168f5d4236bafbe798ea937b9b - - default default] GET http://[LB_IP_ADDRESS]:8776/v3/703094168f5d4236bafbe798ea937b9b/volumes/9b504fff-b2c1-4843-bbf5-a30f082ec18a
2026-01-26 12:35:18.465 76 INFO cinder.volume.api [None req-8cd75a4c-6614-4860-b631-b0a406a7642a f052818a9a7b418cb0781fff598fd5f5 703094168f5d4236bafbe798ea937b9b - - default default] Volume info retrieved successfully.
2026-01-26 12:35:18.489 76 INFO cinder.api.openstack.wsgi [None req-8cd75a4c-6614-4860-b631-b0a406a7642a f052818a9a7b418cb0781fff598fd5f5 703094168f5d4236bafbe798ea937b9b - - default default] http://[LB_IP_ADDRESS]:8776/v3/703094168f5d4236bafbe798ea937b9b/volumes/9b504fff-b2c1-4843-bbf5-a30f082ec18a returned with HTTP 200
2026-01-26 12:35:18.511 73 INFO cinder.api.openstack.wsgi [None req-5bdd4090-f0ea-4c2d-b564-190216782543 f052818a9a7b418cb0781fff598fd5f5 703094168f5d4236bafbe798ea937b9b - - default default] POST http://[LB_IP_ADDRESS]:8776/v3/703094168f5d4236bafbe798ea937b9b/group_snapshots
2026-01-26 12:35:18.533 73 INFO cinder.api.v3.group_snapshots [None req-5bdd4090-f0ea-4c2d-b564-190216782543 f052818a9a7b418cb0781fff598fd5f5 703094168f5d4236bafbe798ea937b9b - - default default] Creating group_snapshot tempest-group_snapshot-747043630.
2026-01-26 12:35:18.647 73 WARNING cinder.quota [None req-5bdd4090-f0ea-4c2d-b564-190216782543 f052818a9a7b418cb0781fff598fd5f5 703094168f5d4236bafbe798ea937b9b - - default default] Deprecated: Default quota for resource: gigabytes_tempest-GroupSnapshotsTest-volume-type-1303460527 is set by the default quota flag: quota_gigabytes_tempest-GroupSnapshotsTest-volume-type-1303460527, it is now deprecated. Please use the default quota class for default quota.
2026-01-26 12:35:18.647 73 WARNING cinder.quota [None req-5bdd4090-f0ea-4c2d-b564-190216782543 f052818a9a7b418cb0781fff598fd5f5 703094168f5d4236bafbe798ea937b9b - - default default] Deprecated: Default quota for resource: snapshots_tempest-GroupSnapshotsTest-volume-type-1303460527 is set by the default quota flag: quota_snapshots_tempest-GroupSnapshotsTest-volume-type-1303460527, it is now deprecated. Please use the default quota class for default quota.
2026-01-26 12:35:18.698 73 INFO cinder.api.openstack.wsgi [None req-5bdd4090-f0ea-4c2d-b564-190216782543 f052818a9a7b418cb0781fff598fd5f5 703094168f5d4236bafbe798ea937b9b - - default default] http://[LB_IP_ADDRESS]:8776/v3/703094168f5d4236bafbe798ea937b9b/group_snapshots returned with HTTP 202
2026-01-26 12:35:18.712 75 INFO cinder.api.openstack.wsgi [None req-743ed04a-7d44-4f76-b2dc-596f44e444ff f052818a9a7b418cb0781fff598fd5f5 703094168f5d4236bafbe798ea937b9b - - default default] GET http://[LB_IP_ADDRESS]:8776/v3/703094168f5d4236bafbe798ea937b9b/group_snapshots/b68950fc-79a7-4c60-8039-d24989eb53b6
2026-01-26 12:35:18.731 75 INFO cinder.api.openstack.wsgi [None req-743ed04a-7d44-4f76-b2dc-596f44e444ff f052818a9a7b418cb0781fff598fd5f5 703094168f5d4236bafbe798ea937b9b - - default default] http://[LB_IP_ADDRESS]:8776/v3/703094168f5d4236bafbe798ea937b9b/group_snapshots/b68950fc-79a7-4c60-8039-d24989eb53b6 returned with HTTP 200
2026-01-26 12:35:19.410 74 INFO cinder.api.openstack.wsgi [None req-5dd7e9b4-7e83-4583-b939-f9ebee632c45 4b6089661b6d475298d32c9933b230d9 15c23e9433a648ad977211f4f183049e - - default default] GET http://[LB_IP_ADDRESS]:8776/v3/15c23e9433a648ad977211f4f183049e/groups/1f3750fd-7c3c-4d9e-880f-22589bab05c8
2026-01-26 12:35:19.436 74 INFO cinder.api.openstack.wsgi [None req-5dd7e9b4-7e83-4583-b939-f9ebee632c45 4b6089661b6d475298d32c9933b230d9 15c23e9433a648ad977211f4f183049e - - default default] http://[LB_IP_ADDRESS]:8776/v3/15c23e9433a648ad977211f4f183049e/groups/1f3750fd-7c3c-4d9e-880f-22589bab05c8 returned with HTTP 200
2026-01-26 12:35:19.448 72 INFO cinder.api.openstack.wsgi [None req-37201093-4a06-4ceb-8b37-7fd02e3f6403 4b6089661b6d475298d32c9933b230d9 15c23e9433a648ad977211f4f183049e - - default default] POST http://[LB_IP_ADDRESS]:8776/v3/15c23e9433a648ad977211f4f183049e/volumes
2026-01-26 12:35:19.460 72 INFO cinder.api.v3.volumes [None req-37201093-4a06-4ceb-8b37-7fd02e3f6403 4b6089661b6d475298d32c9933b230d9 15c23e9433a648ad977211f4f183049e - - default default] Create volume of 1 GB
2026-01-26 12:35:19.466 72 INFO cinder.volume.api [None req-37201093-4a06-4ceb-8b37-7fd02e3f6403 4b6089661b6d475298d32c9933b230d9 15c23e9433a648ad977211f4f183049e - - default default] Availability Zones retrieved successfully.
2026-01-26 12:35:19.747 76 INFO cinder.api.openstack.wsgi [None req-c157c2e4-7202-477d-bcef-22b6b3dffb96 f052818a9a7b418cb0781fff598fd5f5 703094168f5d4236bafbe798ea937b9b - - default default] GET http://[LB_IP_ADDRESS]:8776/v3/703094168f5d4236bafbe798ea937b9b/group_snapshots/b68950fc-79a7-4c60-8039-d24989eb53b6
2026-01-26 12:35:19.764 76 INFO cinder.api.openstack.wsgi [None req-c157c2e4-7202-477d-bcef-22b6b3dffb96 f052818a9a7b418cb0781fff598fd5f5 703094168f5d4236bafbe798ea937b9b - - default default] http://[LB_IP_ADDRESS]:8776/v3/703094168f5d4236bafbe798ea937b9b/group_snapshots/b68950fc-79a7-4c60-8039-d24989eb53b6 returned with HTTP 200
2026-01-26 12:35:19.830 72 WARNING cinder.quota [None req-37201093-4a06-4ceb-8b37-7fd02e3f6403 4b6089661b6d475298d32c9933b230d9 15c23e9433a648ad977211f4f183049e - - default default] Deprecated: Default quota for resource: volumes_tempest-GroupSnapshotsV319Test-volume-type-1097561511 is set by the default quota flag: quota_volumes_tempest-GroupSnapshotsV319Test-volume-type-1097561511, it is now deprecated. Please use the default quota class for default quota.
2026-01-26 12:35:19.830 72 WARNING cinder.quota [None req-37201093-4a06-4ceb-8b37-7fd02e3f6403 4b6089661b6d475298d32c9933b230d9 15c23e9433a648ad977211f4f183049e - - default default] Deprecated: Default quota for resource: gigabytes_tempest-GroupSnapshotsV319Test-volume-type-1097561511 is set by the default quota flag: quota_gigabytes_tempest-GroupSnapshotsV319Test-volume-type-1097561511, it is now deprecated. Please use the default quota class for default quota.
2026-01-26 12:35:19.909 72 INFO cinder.volume.api [None req-37201093-4a06-4ceb-8b37-7fd02e3f6403 4b6089661b6d475298d32c9933b230d9 15c23e9433a648ad977211f4f183049e - - default default] Create volume request issued successfully.
2026-01-26 12:35:19.927 72 INFO cinder.api.openstack.wsgi [None req-37201093-4a06-4ceb-8b37-7fd02e3f6403 4b6089661b6d475298d32c9933b230d9 15c23e9433a648ad977211f4f183049e - - default default] http://[LB_IP_ADDRESS]:8776/v3/15c23e9433a648ad977211f4f183049e/volumes returned with HTTP 202
2026-01-26 12:35:19.946 73 INFO cinder.api.openstack.wsgi [None req-0f028ce8-9c5f-4c20-a095-bac00c5f2020 4b6089661b6d475298d32c9933b230d9 15c23e9433a648ad977211f4f183049e - - default default] GET http://[LB_IP_ADDRESS]:8776/v3/15c23e9433a648ad977211f4f183049e/volumes/4998feba-0ec2-4cdb-bc7e-3c789ebef248
2026-01-26 12:35:19.962 73 INFO cinder.volume.api [None req-0f028ce8-9c5f-4c20-a095-bac00c5f2020 4b6089661b6d475298d32c9933b230d9 15c23e9433a648ad977211f4f183049e - - default default] Volume info retrieved successfully.
2026-01-26 12:35:19.997 73 INFO cinder.api.openstack.wsgi [None req-0f028ce8-9c5f-4c20-a095-bac00c5f2020 4b6089661b6d475298d32c9933b230d9 15c23e9433a648ad977211f4f183049e - - default default] http://[LB_IP_ADDRESS]:8776/v3/15c23e9433a648ad977211f4f183049e/volumes/4998feba-0ec2-4cdb-bc7e-3c789ebef248 returned with HTTP 200
2026-01-26 12:35:20.397 75 INFO cinder.api.openstack.wsgi [None req-22e02881-98b9-4c6c-86b1-5afd96f716a3 4aa76ae964bb4305849a2d6130eb1bb2 0aaba38ea8fc46e0949d00e820e26b80 - - default default] POST http://[LB_IP_ADDRESS]:8776/v3/0aaba38ea8fc46e0949d00e820e26b80/types
2026-01-26 12:35:20.441 75 INFO cinder.api.openstack.wsgi [None req-22e02881-98b9-4c6c-86b1-5afd96f716a3 4aa76ae964bb4305849a2d6130eb1bb2 0aaba38ea8fc46e0949d00e820e26b80 - - default default] http://[LB_IP_ADDRESS]:8776/v3/0aaba38ea8fc46e0949d00e820e26b80/types returned with HTTP 200
2026-01-26 12:35:20.455 74 INFO cinder.api.openstack.wsgi [None req-ab2d5ec3-2c39-460a-b208-48a10b42140a 4aa76ae964bb4305849a2d6130eb1bb2 0aaba38ea8fc46e0949d00e820e26b80 - - default default] POST http://[LB_IP_ADDRESS]:8776/v3/0aaba38ea8fc46e0949d00e820e26b80/group_types
2026-01-26 12:35:20.493 74 INFO cinder.api.openstack.wsgi [None req-ab2d5ec3-2c39-460a-b208-48a10b42140a 4aa76ae964bb4305849a2d6130eb1bb2 0aaba38ea8fc46e0949d00e820e26b80 - - default default] http://[LB_IP_ADDRESS]:8776/v3/0aaba38ea8fc46e0949d00e820e26b80/group_types returned with HTTP 202
2026-01-26 12:35:20.612 76 INFO cinder.api.openstack.wsgi [None req-e0791428-a6b1-4a44-a566-4a6930549138 4f1e6c361ba04b15a1a88866e6dac234 2d7c51e1620e40fe90cf037099e50161 - - default default] POST http://[LB_IP_ADDRESS]:8776/v3/2d7c51e1620e40fe90cf037099e50161/groups
2026-01-26 12:35:20.622 76 INFO cinder.api.v3.groups [None req-e0791428-a6b1-4a44-a566-4a6930549138 4f1e6c361ba04b15a1a88866e6dac234 2d7c51e1620e40fe90cf037099e50161 - - default default] Creating group tempest-GroupsV320Test-Group-1482235280.
2026-01-26 12:35:20.628 76 INFO cinder.volume.api [None req-e0791428-a6b1-4a44-a566-4a6930549138 4f1e6c361ba04b15a1a88866e6dac234 2d7c51e1620e40fe90cf037099e50161 - - default default] Availability Zones retrieved successfully.
2026-01-26 12:35:20.732 76 INFO cinder.api.openstack.wsgi [None req-e0791428-a6b1-4a44-a566-4a6930549138 4f1e6c361ba04b15a1a88866e6dac234 2d7c51e1620e40fe90cf037099e50161 - - default default] http://[LB_IP_ADDRESS]:8776/v3/2d7c51e1620e40fe90cf037099e50161/groups returned with HTTP 202
2026-01-26 12:35:20.747 72 INFO cinder.api.openstack.wsgi [None req-f1b6b009-cec8-4899-b4e2-cff03e04692a 4f1e6c361ba04b15a1a88866e6dac234 2d7c51e1620e40fe90cf037099e50161 - - default default] GET http://[LB_IP_ADDRESS]:8776/v3/2d7c51e1620e40fe90cf037099e50161/groups/3135b61a-2029-49bb-96c4-cbbc21a16f28
2026-01-26 12:35:20.770 72 INFO cinder.api.openstack.wsgi [None req-f1b6b009-cec8-4899-b4e2-cff03e04692a 4f1e6c361ba04b15a1a88866e6dac234 2d7c51e1620e40fe90cf037099e50161 - - default default] http://[LB_IP_ADDRESS]:8776/v3/2d7c51e1620e40fe90cf037099e50161/groups/3135b61a-2029-49bb-96c4-cbbc21a16f28 returned with HTTP 200
2026-01-26 12:35:20.775 73 INFO cinder.api.openstack.wsgi [None req-ebc8361f-e191-4209-bd11-32440c5374ea f052818a9a7b418cb0781fff598fd5f5 703094168f5d4236bafbe798ea937b9b - - default default] GET http://[LB_IP_ADDRESS]:8776/v3/703094168f5d4236bafbe798ea937b9b/group_snapshots/b68950fc-79a7-4c60-8039-d24989eb53b6
2026-01-26 12:35:20.790 73 INFO cinder.api.openstack.wsgi [None req-ebc8361f-e191-4209-bd11-32440c5374ea f052818a9a7b418cb0781fff598fd5f5 703094168f5d4236bafbe798ea937b9b - - default default] http://[LB_IP_ADDRESS]:8776/v3/703094168f5d4236bafbe798ea937b9b/group_snapshots/b68950fc-79a7-4c60-8039-d24989eb53b6 returned with HTTP 200
2026-01-26 12:35:20.804 75 INFO cinder.api.openstack.wsgi [None req-6374a1ce-38d6-47d0-9da9-b82b395ee02a f052818a9a7b418cb0781fff598fd5f5 703094168f5d4236bafbe798ea937b9b - - default default] GET http://[LB_IP_ADDRESS]:8776/v3/703094168f5d4236bafbe798ea937b9b/snapshots/detail
2026-01-26 12:35:20.812 75 INFO cinder.volume.api [None req-6374a1ce-38d6-47d0-9da9-b82b395ee02a f052818a9a7b418cb0781fff598fd5f5 703094168f5d4236bafbe798ea937b9b - - default default] Get all snapshots completed successfully.
2026-01-26 12:35:20.813 75 INFO cinder.api.openstack.wsgi [None req-6374a1ce-38d6-47d0-9da9-b82b395ee02a f052818a9a7b418cb0781fff598fd5f5 703094168f5d4236bafbe798ea937b9b - - default default] http://[LB_IP_ADDRESS]:8776/v3/703094168f5d4236bafbe798ea937b9b/snapshots/detail returned with HTTP 200
2026-01-26 12:35:20.829 74 INFO cinder.api.openstack.wsgi [None req-636f593d-a9f7-4f4c-8b1a-15ce6df2cd96 f052818a9a7b418cb0781fff598fd5f5 703094168f5d4236bafbe798ea937b9b - - default default] GET http://[LB_IP_ADDRESS]:8776/v3/703094168f5d4236bafbe798ea937b9b/snapshots/d1cfea2f-b418-4792-bda2-e6da1bcd01e5
2026-01-26 12:35:20.839 74 INFO cinder.volume.api [None req-636f593d-a9f7-4f4c-8b1a-15ce6df2cd96 f052818a9a7b418cb0781fff598fd5f5 703094168f5d4236bafbe798ea937b9b - - default default] Snapshot retrieved successfully.
2026-01-26 12:35:20.840 74 INFO cinder.api.openstack.wsgi [None req-636f593d-a9f7-4f4c-8b1a-15ce6df2cd96 f052818a9a7b418cb0781fff598fd5f5 703094168f5d4236bafbe798ea937b9b - - default default] http://[LB_IP_ADDRESS]:8776/v3/703094168f5d4236bafbe798ea937b9b/snapshots/d1cfea2f-b418-4792-bda2-e6da1bcd01e5 returned with HTTP 200
2026-01-26 12:35:20.856 76 INFO cinder.api.openstack.wsgi [None req-8b7e881c-2ee8-4db6-863a-3911470353c0 f052818a9a7b418cb0781fff598fd5f5 703094168f5d4236bafbe798ea937b9b - - default default] POST http://[LB_IP_ADDRESS]:8776/v3/703094168f5d4236bafbe798ea937b9b/groups/action
2026-01-26 12:35:20.860 76 INFO cinder.api.v3.groups [None req-8b7e881c-2ee8-4db6-863a-3911470353c0 f052818a9a7b418cb0781fff598fd5f5 703094168f5d4236bafbe798ea937b9b - - default default] Creating group tempest-Group_from_snap-999153350 from group_snapshot b68950fc-79a7-4c60-8039-d24989eb53b6.
2026-01-26 12:35:21.015 72 INFO cinder.api.openstack.wsgi [None req-0b9a5785-1673-47ae-9f94-4c96e1876089 4b6089661b6d475298d32c9933b230d9 15c23e9433a648ad977211f4f183049e - - default default] GET http://[LB_IP_ADDRESS]:8776/v3/15c23e9433a648ad977211f4f183049e/volumes/4998feba-0ec2-4cdb-bc7e-3c789ebef248
2026-01-26 12:35:21.033 72 INFO cinder.volume.api [None req-0b9a5785-1673-47ae-9f94-4c96e1876089 4b6089661b6d475298d32c9933b230d9 15c23e9433a648ad977211f4f183049e - - default default] Volume info retrieved successfully.
2026-01-26 12:35:21.066 72 INFO cinder.api.openstack.wsgi [None req-0b9a5785-1673-47ae-9f94-4c96e1876089 4b6089661b6d475298d32c9933b230d9 15c23e9433a648ad977211f4f183049e - - default default] http://[LB_IP_ADDRESS]:8776/v3/15c23e9433a648ad977211f4f183049e/volumes/4998feba-0ec2-4cdb-bc7e-3c789ebef248 returned with HTTP 200
2026-01-26 12:35:21.545 76 INFO cinder.group.api [None req-8b7e881c-2ee8-4db6-863a-3911470353c0 f052818a9a7b418cb0781fff598fd5f5 703094168f5d4236bafbe798ea937b9b - - default default] A mapping entry already exists for group 0f1a364e-d621-4248-adc3-51c36594af57 and volume type c12f8150-2dae-4087-a0a5-36d7a2b66258. Do not need to create again.
2026-01-26 12:35:21.546 76 INFO cinder.volume.api [None req-8b7e881c-2ee8-4db6-863a-3911470353c0 f052818a9a7b418cb0781fff598fd5f5 703094168f5d4236bafbe798ea937b9b - - default default] Availability Zones retrieved successfully.
2026-01-26 12:35:21.777 76 WARNING cinder.quota [None req-8b7e881c-2ee8-4db6-863a-3911470353c0 f052818a9a7b418cb0781fff598fd5f5 703094168f5d4236bafbe798ea937b9b - - default default] Deprecated: Default quota for resource: volumes_tempest-GroupSnapshotsTest-volume-type-1303460527 is set by the default quota flag: quota_volumes_tempest-GroupSnapshotsTest-volume-type-1303460527, it is now deprecated. Please use the default quota class for default quota.
2026-01-26 12:35:21.787 73 INFO cinder.api.openstack.wsgi [None req-2206d964-b656-43fa-b717-c8afbcd42f1e 4f1e6c361ba04b15a1a88866e6dac234 2d7c51e1620e40fe90cf037099e50161 - - default default] GET http://[LB_IP_ADDRESS]:8776/v3/2d7c51e1620e40fe90cf037099e50161/groups/3135b61a-2029-49bb-96c4-cbbc21a16f28
2026-01-26 12:35:21.811 73 INFO cinder.api.openstack.wsgi [None req-2206d964-b656-43fa-b717-c8afbcd42f1e 4f1e6c361ba04b15a1a88866e6dac234 2d7c51e1620e40fe90cf037099e50161 - - default default] http://[LB_IP_ADDRESS]:8776/v3/2d7c51e1620e40fe90cf037099e50161/groups/3135b61a-2029-49bb-96c4-cbbc21a16f28 returned with HTTP 200
2026-01-26 12:35:21.827 75 INFO cinder.api.openstack.wsgi [None req-e7b20091-2462-45e4-a56a-659b0f601972 4aa76ae964bb4305849a2d6130eb1bb2 0aaba38ea8fc46e0949d00e820e26b80 - - default default] POST http://[LB_IP_ADDRESS]:8776/v3/0aaba38ea8fc46e0949d00e820e26b80/groups/3135b61a-2029-49bb-96c4-cbbc21a16f28/action
2026-01-26 12:35:21.842 75 INFO cinder.api.openstack.wsgi [None req-e7b20091-2462-45e4-a56a-659b0f601972 4aa76ae964bb4305849a2d6130eb1bb2 0aaba38ea8fc46e0949d00e820e26b80 - - default default] http://[LB_IP_ADDRESS]:8776/v3/0aaba38ea8fc46e0949d00e820e26b80/groups/3135b61a-2029-49bb-96c4-cbbc21a16f28/action returned with HTTP 202
2026-01-26 12:35:21.848 76 INFO cinder.volume.api [None req-8b7e881c-2ee8-4db6-863a-3911470353c0 f052818a9a7b418cb0781fff598fd5f5 703094168f5d4236bafbe798ea937b9b - - default default] Create volume request issued successfully.
2026-01-26 12:35:21.855 74 INFO cinder.api.openstack.wsgi [None req-b7fbb4a0-0a6f-45c1-85ca-574c225ded62 4f1e6c361ba04b15a1a88866e6dac234 2d7c51e1620e40fe90cf037099e50161 - - default default] GET http://[LB_IP_ADDRESS]:8776/v3/2d7c51e1620e40fe90cf037099e50161/groups/3135b61a-2029-49bb-96c4-cbbc21a16f28
2026-01-26 12:35:21.864 76 INFO cinder.api.openstack.wsgi [None req-8b7e881c-2ee8-4db6-863a-3911470353c0 f052818a9a7b418cb0781fff598fd5f5 703094168f5d4236bafbe798ea937b9b - - default default] http://[LB_IP_ADDRESS]:8776/v3/703094168f5d4236bafbe798ea937b9b/groups/action returned with HTTP 202
2026-01-26 12:35:21.879 72 INFO cinder.api.openstack.wsgi [None req-4178b496-5722-4ce0-9346-b0f5410d8892 f052818a9a7b418cb0781fff598fd5f5 703094168f5d4236bafbe798ea937b9b - - default default] GET http://[LB_IP_ADDRESS]:8776/v3/703094168f5d4236bafbe798ea937b9b/volumes/detail
2026-01-26 12:35:21.885 74 INFO cinder.api.openstack.wsgi [None req-b7fbb4a0-0a6f-45c1-85ca-574c225ded62 4f1e6c361ba04b15a1a88866e6dac234 2d7c51e1620e40fe90cf037099e50161 - - default default] http://[LB_IP_ADDRESS]:8776/v3/2d7c51e1620e40fe90cf037099e50161/groups/3135b61a-2029-49bb-96c4-cbbc21a16f28 returned with HTTP 200
2026-01-26 12:35:21.895 72 INFO cinder.volume.api [None req-4178b496-5722-4ce0-9346-b0f5410d8892 f052818a9a7b418cb0781fff598fd5f5 703094168f5d4236bafbe798ea937b9b - - default default] Get all volumes completed successfully.
2026-01-26 12:35:21.902 73 INFO cinder.api.openstack.wsgi [None req-a2e63f49-292f-4338-a020-3e8c79fc9505 4aa76ae964bb4305849a2d6130eb1bb2 0aaba38ea8fc46e0949d00e820e26b80 - - default default] POST http://[LB_IP_ADDRESS]:8776/v3/0aaba38ea8fc46e0949d00e820e26b80/groups/3135b61a-2029-49bb-96c4-cbbc21a16f28/action
2026-01-26 12:35:21.917 73 INFO cinder.api.openstack.wsgi [None req-a2e63f49-292f-4338-a020-3e8c79fc9505 4aa76ae964bb4305849a2d6130eb1bb2 0aaba38ea8fc46e0949d00e820e26b80 - - default default] http://[LB_IP_ADDRESS]:8776/v3/0aaba38ea8fc46e0949d00e820e26b80/groups/3135b61a-2029-49bb-96c4-cbbc21a16f28/action returned with HTTP 202
2026-01-26 12:35:21.927 75 INFO cinder.api.openstack.wsgi [None req-1f8b94e3-ddd8-4665-adb2-ef177e585d0a 4f1e6c361ba04b15a1a88866e6dac234 2d7c51e1620e40fe90cf037099e50161 - - default default] GET http://[LB_IP_ADDRESS]:8776/v3/2d7c51e1620e40fe90cf037099e50161/groups/3135b61a-2029-49bb-96c4-cbbc21a16f28
2026-01-26 12:35:21.938 72 INFO cinder.api.openstack.wsgi [None req-4178b496-5722-4ce0-9346-b0f5410d8892 f052818a9a7b418cb0781fff598fd5f5 703094168f5d4236bafbe798ea937b9b - - default default] http://[LB_IP_ADDRESS]:8776/v3/703094168f5d4236bafbe798ea937b9b/volumes/detail returned with HTTP 200
2026-01-26 12:35:21.951 75 INFO cinder.api.openstack.wsgi [None req-1f8b94e3-ddd8-4665-adb2-ef177e585d0a 4f1e6c361ba04b15a1a88866e6dac234 2d7c51e1620e40fe90cf037099e50161 - - default default] http://[LB_IP_ADDRESS]:8776/v3/2d7c51e1620e40fe90cf037099e50161/groups/3135b61a-2029-49bb-96c4-cbbc21a16f28 returned with HTTP 200
2026-01-26 12:35:21.961 76 INFO cinder.api.openstack.wsgi [None req-7184d6e5-cbc4-4395-8179-762c6b1f680f f052818a9a7b418cb0781fff598fd5f5 703094168f5d4236bafbe798ea937b9b - - default default] GET http://[LB_IP_ADDRESS]:8776/v3/703094168f5d4236bafbe798ea937b9b/volumes/90a841d9-62b7-4be7-9a82-73345c3ca283
2026-01-26 12:35:21.966 74 INFO cinder.api.openstack.wsgi [None req-a028a286-5635-4e82-8989-9df21095fbc6 4aa76ae964bb4305849a2d6130eb1bb2 0aaba38ea8fc46e0949d00e820e26b80 - - default default] POST http://[LB_IP_ADDRESS]:8776/v3/0aaba38ea8fc46e0949d00e820e26b80/groups/3135b61a-2029-49bb-96c4-cbbc21a16f28/action
2026-01-26 12:35:21.978 76 INFO cinder.volume.api [None req-7184d6e5-cbc4-4395-8179-762c6b1f680f f052818a9a7b418cb0781fff598fd5f5 703094168f5d4236bafbe798ea937b9b - - default default] Volume info retrieved successfully.
2026-01-26 12:35:21.981 74 INFO cinder.api.openstack.wsgi [None req-a028a286-5635-4e82-8989-9df21095fbc6 4aa76ae964bb4305849a2d6130eb1bb2 0aaba38ea8fc46e0949d00e820e26b80 - - default default] http://[LB_IP_ADDRESS]:8776/v3/0aaba38ea8fc46e0949d00e820e26b80/groups/3135b61a-2029-49bb-96c4-cbbc21a16f28/action returned with HTTP 202
2026-01-26 12:35:21.993 73 INFO cinder.api.openstack.wsgi [None req-d0851a7a-f755-410d-8c16-849f1e8c8b3b 4f1e6c361ba04b15a1a88866e6dac234 2d7c51e1620e40fe90cf037099e50161 - - default default] GET http://[LB_IP_ADDRESS]:8776/v3/2d7c51e1620e40fe90cf037099e50161/groups/3135b61a-2029-49bb-96c4-cbbc21a16f28
2026-01-26 12:35:22.001 76 INFO cinder.api.openstack.wsgi [None req-7184d6e5-cbc4-4395-8179-762c6b1f680f f052818a9a7b418cb0781fff598fd5f5 703094168f5d4236bafbe798ea937b9b - - default default] http://[LB_IP_ADDRESS]:8776/v3/703094168f5d4236bafbe798ea937b9b/volumes/90a841d9-62b7-4be7-9a82-73345c3ca283 returned with HTTP 200
2026-01-26 12:35:22.013 73 INFO cinder.api.openstack.wsgi [None req-d0851a7a-f755-410d-8c16-849f1e8c8b3b 4f1e6c361ba04b15a1a88866e6dac234 2d7c51e1620e40fe90cf037099e50161 - - default default] http://[LB_IP_ADDRESS]:8776/v3/2d7c51e1620e40fe90cf037099e50161/groups/3135b61a-2029-49bb-96c4-cbbc21a16f28 returned with HTTP 200
2026-01-26 12:35:22.029 72 INFO cinder.api.openstack.wsgi [None req-838bdb54-d4c2-4767-9818-47cf0fe18d06 4aa76ae964bb4305849a2d6130eb1bb2 0aaba38ea8fc46e0949d00e820e26b80 - - default default] POST http://[LB_IP_ADDRESS]:8776/v3/0aaba38ea8fc46e0949d00e820e26b80/groups/3135b61a-2029-49bb-96c4-cbbc21a16f28/action
2026-01-26 12:35:22.043 72 INFO cinder.api.openstack.wsgi [None req-838bdb54-d4c2-4767-9818-47cf0fe18d06 4aa76ae964bb4305849a2d6130eb1bb2 0aaba38ea8fc46e0949d00e820e26b80 - - default default] http://[LB_IP_ADDRESS]:8776/v3/0aaba38ea8fc46e0949d00e820e26b80/groups/3135b61a-2029-49bb-96c4-cbbc21a16f28/action returned with HTTP 202
2026-01-26 12:35:22.056 75 INFO cinder.api.openstack.wsgi [None req-92972aaf-171c-441a-91cd-8706c2ce1097 4f1e6c361ba04b15a1a88866e6dac234 2d7c51e1620e40fe90cf037099e50161 - - default default] GET http://[LB_IP_ADDRESS]:8776/v3/2d7c51e1620e40fe90cf037099e50161/groups/3135b61a-2029-49bb-96c4-cbbc21a16f28
2026-01-26 12:35:22.084 74 INFO cinder.api.openstack.wsgi [None req-5397901e-279f-4344-afad-e1b4206ae290 4b6089661b6d475298d32c9933b230d9 15c23e9433a648ad977211f4f183049e - - default default] GET http://[LB_IP_ADDRESS]:8776/v3/15c23e9433a648ad977211f4f183049e/volumes/4998feba-0ec2-4cdb-bc7e-3c789ebef248
2026-01-26 12:35:22.086 75 INFO cinder.api.openstack.wsgi [None req-92972aaf-171c-441a-91cd-8706c2ce1097 4f1e6c361ba04b15a1a88866e6dac234 2d7c51e1620e40fe90cf037099e50161 - - default default] http://[LB_IP_ADDRESS]:8776/v3/2d7c51e1620e40fe90cf037099e50161/groups/3135b61a-2029-49bb-96c4-cbbc21a16f28 returned with HTTP 200
2026-01-26 12:35:22.099 76 INFO cinder.api.openstack.wsgi [None req-c7f05eaa-d639-4125-8236-9533642c0427 4f1e6c361ba04b15a1a88866e6dac234 2d7c51e1620e40fe90cf037099e50161 - - default default] GET http://[LB_IP_ADDRESS]:8776/v3/2d7c51e1620e40fe90cf037099e50161/volumes/detail
2026-01-26 12:35:22.102 74 INFO cinder.volume.api [None req-5397901e-279f-4344-afad-e1b4206ae290 4b6089661b6d475298d32c9933b230d9 15c23e9433a648ad977211f4f183049e - - default default] Volume info retrieved successfully.
2026-01-26 12:35:22.113 76 INFO cinder.volume.api [None req-c7f05eaa-d639-4125-8236-9533642c0427 4f1e6c361ba04b15a1a88866e6dac234 2d7c51e1620e40fe90cf037099e50161 - - default default] Get all volumes completed successfully.
2026-01-26 12:35:22.115 76 INFO cinder.api.openstack.wsgi [None req-c7f05eaa-d639-4125-8236-9533642c0427 4f1e6c361ba04b15a1a88866e6dac234 2d7c51e1620e40fe90cf037099e50161 - - default default] http://[LB_IP_ADDRESS]:8776/v3/2d7c51e1620e40fe90cf037099e50161/volumes/detail returned with HTTP 200
2026-01-26 12:35:22.125 74 INFO cinder.api.openstack.wsgi [None req-5397901e-279f-4344-afad-e1b4206ae290 4b6089661b6d475298d32c9933b230d9 15c23e9433a648ad977211f4f183049e - - default default] http://[LB_IP_ADDRESS]:8776/v3/15c23e9433a648ad977211f4f183049e/volumes/4998feba-0ec2-4cdb-bc7e-3c789ebef248 returned with HTTP 200
2026-01-26 12:35:22.136 73 INFO cinder.api.openstack.wsgi [None req-4ac37b86-df72-4136-ae34-78516c0990d2 4f1e6c361ba04b15a1a88866e6dac234 2d7c51e1620e40fe90cf037099e50161 - - default default] POST http://[LB_IP_ADDRESS]:8776/v3/2d7c51e1620e40fe90cf037099e50161/groups/3135b61a-2029-49bb-96c4-cbbc21a16f28/action
2026-01-26 12:35:22.139 73 INFO cinder.api.v3.groups [None req-4ac37b86-df72-4136-ae34-78516c0990d2 4f1e6c361ba04b15a1a88866e6dac234 2d7c51e1620e40fe90cf037099e50161 - - default default] Delete group with id: 3135b61a-2029-49bb-96c4-cbbc21a16f28
2026-01-26 12:35:22.144 72 INFO cinder.api.openstack.wsgi [None req-0f18691c-a0e3-4e76-8b21-0e98e6d66697 4b6089661b6d475298d32c9933b230d9 15c23e9433a648ad977211f4f183049e - - default default] POST http://[LB_IP_ADDRESS]:8776/v3/15c23e9433a648ad977211f4f183049e/group_snapshots
2026-01-26 12:35:22.165 72 INFO cinder.api.v3.group_snapshots [None req-0f18691c-a0e3-4e76-8b21-0e98e6d66697 4b6089661b6d475298d32c9933b230d9 15c23e9433a648ad977211f4f183049e - - default default] Creating group_snapshot tempest-GroupSnapshotsV319Test-Group_Snapshot-1692393886.
2026-01-26 12:35:22.179 73 INFO cinder.api.openstack.wsgi [None req-4ac37b86-df72-4136-ae34-78516c0990d2 4f1e6c361ba04b15a1a88866e6dac234 2d7c51e1620e40fe90cf037099e50161 - - default default] http://[LB_IP_ADDRESS]:8776/v3/2d7c51e1620e40fe90cf037099e50161/groups/3135b61a-2029-49bb-96c4-cbbc21a16f28/action returned with HTTP 202
2026-01-26 12:35:22.193 75 INFO cinder.api.openstack.wsgi [None req-6cc29cce-0dee-48f1-8c49-5e6b2d47019c 4f1e6c361ba04b15a1a88866e6dac234 2d7c51e1620e40fe90cf037099e50161 - - default default] GET http://[LB_IP_ADDRESS]:8776/v3/2d7c51e1620e40fe90cf037099e50161/groups/3135b61a-2029-49bb-96c4-cbbc21a16f28
2026-01-26 12:35:22.217 75 INFO cinder.api.openstack.wsgi [None req-6cc29cce-0dee-48f1-8c49-5e6b2d47019c 4f1e6c361ba04b15a1a88866e6dac234 2d7c51e1620e40fe90cf037099e50161 - - default default] http://[LB_IP_ADDRESS]:8776/v3/2d7c51e1620e40fe90cf037099e50161/groups/3135b61a-2029-49bb-96c4-cbbc21a16f28 returned with HTTP 200
2026-01-26 12:35:22.289 72 WARNING cinder.quota [None req-0f18691c-a0e3-4e76-8b21-0e98e6d66697 4b6089661b6d475298d32c9933b230d9 15c23e9433a648ad977211f4f183049e - - default default] Deprecated: Default quota for resource: snapshots_tempest-GroupSnapshotsV319Test-volume-type-1097561511 is set by the default quota flag: quota_snapshots_tempest-GroupSnapshotsV319Test-volume-type-1097561511, it is now deprecated. Please use the default quota class for default quota.
2026-01-26 12:35:22.343 72 INFO cinder.api.openstack.wsgi [None req-0f18691c-a0e3-4e76-8b21-0e98e6d66697 4b6089661b6d475298d32c9933b230d9 15c23e9433a648ad977211f4f183049e - - default default] http://[LB_IP_ADDRESS]:8776/v3/15c23e9433a648ad977211f4f183049e/group_snapshots returned with HTTP 202
2026-01-26 12:35:22.352 76 INFO cinder.api.openstack.wsgi [None req-8ab61b58-034b-4bdf-bfa2-1e50bf4f552e 4b6089661b6d475298d32c9933b230d9 15c23e9433a648ad977211f4f183049e - - default default] GET http://[LB_IP_ADDRESS]:8776/v3/15c23e9433a648ad977211f4f183049e/group_snapshots/37da544f-84e0-4011-af5a-fd7e8dd2c5a8
2026-01-26 12:35:22.372 76 INFO cinder.api.openstack.wsgi [None req-8ab61b58-034b-4bdf-bfa2-1e50bf4f552e 4b6089661b6d475298d32c9933b230d9 15c23e9433a648ad977211f4f183049e - - default default] http://[LB_IP_ADDRESS]:8776/v3/15c23e9433a648ad977211f4f183049e/group_snapshots/37da544f-84e0-4011-af5a-fd7e8dd2c5a8 returned with HTTP 200
2026-01-26 12:35:23.023 74 INFO cinder.api.openstack.wsgi [None req-d26adec9-0e6a-45d3-909d-0c1d76d45d83 f052818a9a7b418cb0781fff598fd5f5 703094168f5d4236bafbe798ea937b9b - - default default] GET http://[LB_IP_ADDRESS]:8776/v3/703094168f5d4236bafbe798ea937b9b/volumes/90a841d9-62b7-4be7-9a82-73345c3ca283
2026-01-26 12:35:23.040 74 INFO cinder.volume.api [None req-d26adec9-0e6a-45d3-909d-0c1d76d45d83 f052818a9a7b418cb0781fff598fd5f5 703094168f5d4236bafbe798ea937b9b - - default default] Volume info retrieved successfully.
2026-01-26 12:35:23.062 74 INFO cinder.api.openstack.wsgi [None req-d26adec9-0e6a-45d3-909d-0c1d76d45d83 f052818a9a7b418cb0781fff598fd5f5 703094168f5d4236bafbe798ea937b9b - - default default] http://[LB_IP_ADDRESS]:8776/v3/703094168f5d4236bafbe798ea937b9b/volumes/90a841d9-62b7-4be7-9a82-73345c3ca283 returned with HTTP 200
2026-01-26 12:35:23.083 73 INFO cinder.api.openstack.wsgi [None req-df917bb2-62a6-42b8-a782-a42d1649e8cd f052818a9a7b418cb0781fff598fd5f5 703094168f5d4236bafbe798ea937b9b - - default default] GET http://[LB_IP_ADDRESS]:8776/v3/703094168f5d4236bafbe798ea937b9b/groups/0f1a364e-d621-4248-adc3-51c36594af57
2026-01-26 12:35:23.108 73 INFO cinder.api.openstack.wsgi [None req-df917bb2-62a6-42b8-a782-a42d1649e8cd f052818a9a7b418cb0781fff598fd5f5 703094168f5d4236bafbe798ea937b9b - - default default] http://[LB_IP_ADDRESS]:8776/v3/703094168f5d4236bafbe798ea937b9b/groups/0f1a364e-d621-4248-adc3-51c36594af57 returned with HTTP 200
2026-01-26 12:35:23.123 75 INFO cinder.api.openstack.wsgi [None req-db164d2e-21df-4b39-ab5f-67064792278f f052818a9a7b418cb0781fff598fd5f5 703094168f5d4236bafbe798ea937b9b - - default default] GET http://[LB_IP_ADDRESS]:8776/v3/703094168f5d4236bafbe798ea937b9b/volumes/detail
2026-01-26 12:35:23.139 75 INFO cinder.volume.api [None req-db164d2e-21df-4b39-ab5f-67064792278f f052818a9a7b418cb0781fff598fd5f5 703094168f5d4236bafbe798ea937b9b - - default default] Get all volumes completed successfully.
