2023-02-15 15:54:36.644 21 INFO cinder.api.openstack.wsgi [None req-b59c2b20-147a-4792-93e5-cd3a5ba65c77 92e16d3bf8da4f908d463b3da6d27d88 b86bd095999e46ce8422ed9243a58f1d - - default default] POST http://[LB_IP_ADDRESS]:8776/v3/b86bd095999e46ce8422ed9243a58f1d/qos-specs
2023-02-15 15:54:36.661 21 INFO cinder.api.openstack.wsgi [None req-b59c2b20-147a-4792-93e5-cd3a5ba65c77 92e16d3bf8da4f908d463b3da6d27d88 b86bd095999e46ce8422ed9243a58f1d - - default default] http://[LB_IP_ADDRESS]:8776/v3/b86bd095999e46ce8422ed9243a58f1d/qos-specs returned with HTTP 200
2023-02-15 15:54:36.679 19 INFO cinder.api.openstack.wsgi [None req-366d2be4-06b9-4ffc-9b05-3a669d567ac1 92e16d3bf8da4f908d463b3da6d27d88 b86bd095999e46ce8422ed9243a58f1d - - default default] DELETE http://[LB_IP_ADDRESS]:8776/v3/b86bd095999e46ce8422ed9243a58f1d/qos-specs/a2908a33-26dd-4c8d-8132-4f32ffce1b16?force=False
2023-02-15 15:54:36.705 19 INFO cinder.api.openstack.wsgi [None req-366d2be4-06b9-4ffc-9b05-3a669d567ac1 92e16d3bf8da4f908d463b3da6d27d88 b86bd095999e46ce8422ed9243a58f1d - - default default] http://[LB_IP_ADDRESS]:8776/v3/b86bd095999e46ce8422ed9243a58f1d/qos-specs/a2908a33-26dd-4c8d-8132-4f32ffce1b16?force=False returned with HTTP 202
2023-02-15 15:54:36.722 23 INFO cinder.api.openstack.wsgi [None req-bcef14f1-e2b1-47c0-bbdd-e42a80d487cc 92e16d3bf8da4f908d463b3da6d27d88 b86bd095999e46ce8422ed9243a58f1d - - default default] GET http://[LB_IP_ADDRESS]:8776/v3/b86bd095999e46ce8422ed9243a58f1d/qos-specs/a2908a33-26dd-4c8d-8132-4f32ffce1b16
2023-02-15 15:54:36.729 23 INFO cinder.api.openstack.wsgi [None req-bcef14f1-e2b1-47c0-bbdd-e42a80d487cc 92e16d3bf8da4f908d463b3da6d27d88 b86bd095999e46ce8422ed9243a58f1d - - default default] http://[LB_IP_ADDRESS]:8776/v3/b86bd095999e46ce8422ed9243a58f1d/qos-specs/a2908a33-26dd-4c8d-8132-4f32ffce1b16 returned with HTTP 404
2023-02-15 15:54:36.743 22 INFO cinder.api.openstack.wsgi [None req-dfabf97f-4d90-4854-b20f-12ffe16d2abe 92e16d3bf8da4f908d463b3da6d27d88 b86bd095999e46ce8422ed9243a58f1d - - default default] GET http://[LB_IP_ADDRESS]:8776/v3/b86bd095999e46ce8422ed9243a58f1d/qos-specs
2023-02-15 15:54:36.756 22 INFO cinder.api.openstack.wsgi [None req-dfabf97f-4d90-4854-b20f-12ffe16d2abe 92e16d3bf8da4f908d463b3da6d27d88 b86bd095999e46ce8422ed9243a58f1d - - default default] http://[LB_IP_ADDRESS]:8776/v3/b86bd095999e46ce8422ed9243a58f1d/qos-specs returned with HTTP 200
2023-02-15 15:54:36.781 20 INFO cinder.api.openstack.wsgi [None req-d653c58e-11c2-478d-9213-dece6b25e29d 92e16d3bf8da4f908d463b3da6d27d88 b86bd095999e46ce8422ed9243a58f1d - - default default] POST http://[LB_IP_ADDRESS]:8776/v3/b86bd095999e46ce8422ed9243a58f1d/qos-specs
2023-02-15 15:54:36.810 20 INFO cinder.api.openstack.wsgi [None req-d653c58e-11c2-478d-9213-dece6b25e29d 92e16d3bf8da4f908d463b3da6d27d88 b86bd095999e46ce8422ed9243a58f1d - - default default] http://[LB_IP_ADDRESS]:8776/v3/b86bd095999e46ce8422ed9243a58f1d/qos-specs returned with HTTP 200
2023-02-15 15:54:36.829 21 INFO cinder.api.openstack.wsgi [None req-e0b0910f-670c-4f21-af54-880987e3cfdd 92e16d3bf8da4f908d463b3da6d27d88 b86bd095999e46ce8422ed9243a58f1d - - default default] DELETE http://[LB_IP_ADDRESS]:8776/v3/b86bd095999e46ce8422ed9243a58f1d/qos-specs/2b634a4b-acf5-45cc-874e-001fa6b17116?force=False
2023-02-15 15:54:36.851 21 INFO cinder.api.openstack.wsgi [None req-e0b0910f-670c-4f21-af54-880987e3cfdd 92e16d3bf8da4f908d463b3da6d27d88 b86bd095999e46ce8422ed9243a58f1d - - default default] http://[LB_IP_ADDRESS]:8776/v3/b86bd095999e46ce8422ed9243a58f1d/qos-specs/2b634a4b-acf5-45cc-874e-001fa6b17116?force=False returned with HTTP 202
2023-02-15 15:54:36.866 19 INFO cinder.api.openstack.wsgi [None req-976a5424-53fa-425c-aac8-5f1135245054 92e16d3bf8da4f908d463b3da6d27d88 b86bd095999e46ce8422ed9243a58f1d - - default default] GET http://[LB_IP_ADDRESS]:8776/v3/b86bd095999e46ce8422ed9243a58f1d/qos-specs/2b634a4b-acf5-45cc-874e-001fa6b17116
2023-02-15 15:54:36.875 19 INFO cinder.api.openstack.wsgi [None req-976a5424-53fa-425c-aac8-5f1135245054 92e16d3bf8da4f908d463b3da6d27d88 b86bd095999e46ce8422ed9243a58f1d - - default default] http://[LB_IP_ADDRESS]:8776/v3/b86bd095999e46ce8422ed9243a58f1d/qos-specs/2b634a4b-acf5-45cc-874e-001fa6b17116 returned with HTTP 404
2023-02-15 15:54:36.890 23 INFO cinder.api.openstack.wsgi [None req-447f74ef-aa23-46c9-9dc1-2421dc2d1b31 92e16d3bf8da4f908d463b3da6d27d88 b86bd095999e46ce8422ed9243a58f1d - - default default] GET http://[LB_IP_ADDRESS]:8776/v3/b86bd095999e46ce8422ed9243a58f1d/qos-specs
2023-02-15 15:54:36.903 23 INFO cinder.api.openstack.wsgi [None req-447f74ef-aa23-46c9-9dc1-2421dc2d1b31 92e16d3bf8da4f908d463b3da6d27d88 b86bd095999e46ce8422ed9243a58f1d - - default default] http://[LB_IP_ADDRESS]:8776/v3/b86bd095999e46ce8422ed9243a58f1d/qos-specs returned with HTTP 200
2023-02-15 15:54:36.921 22 INFO cinder.api.openstack.wsgi [None req-679d82b9-bf93-416a-8365-cfb9f34bfa36 92e16d3bf8da4f908d463b3da6d27d88 b86bd095999e46ce8422ed9243a58f1d - - default default] GET http://[LB_IP_ADDRESS]:8776/v3/b86bd095999e46ce8422ed9243a58f1d/qos-specs/488eac31-fefc-4637-84f5-fb0f951b8e34
2023-02-15 15:54:36.929 22 INFO cinder.api.openstack.wsgi [None req-679d82b9-bf93-416a-8365-cfb9f34bfa36 92e16d3bf8da4f908d463b3da6d27d88 b86bd095999e46ce8422ed9243a58f1d - - default default] http://[LB_IP_ADDRESS]:8776/v3/b86bd095999e46ce8422ed9243a58f1d/qos-specs/488eac31-fefc-4637-84f5-fb0f951b8e34 returned with HTTP 200
2023-02-15 15:54:36.951 20 INFO cinder.api.openstack.wsgi [None req-236d17e3-a326-4e1f-9555-bc1a53f27f09 92e16d3bf8da4f908d463b3da6d27d88 b86bd095999e46ce8422ed9243a58f1d - - default default] GET http://[LB_IP_ADDRESS]:8776/v3/b86bd095999e46ce8422ed9243a58f1d/qos-specs
2023-02-15 15:54:36.963 20 INFO cinder.api.openstack.wsgi [None req-236d17e3-a326-4e1f-9555-bc1a53f27f09 92e16d3bf8da4f908d463b3da6d27d88 b86bd095999e46ce8422ed9243a58f1d - - default default] http://[LB_IP_ADDRESS]:8776/v3/b86bd095999e46ce8422ed9243a58f1d/qos-specs returned with HTTP 200
2023-02-15 15:54:36.981 21 INFO cinder.api.openstack.wsgi [None req-7f10da66-7401-48da-84c0-0cc6b2fd1160 92e16d3bf8da4f908d463b3da6d27d88 b86bd095999e46ce8422ed9243a58f1d - - default default] PUT http://[LB_IP_ADDRESS]:8776/v3/b86bd095999e46ce8422ed9243a58f1d/qos-specs/488eac31-fefc-4637-84f5-fb0f951b8e34
2023-02-15 15:54:37.007 21 INFO cinder.api.openstack.wsgi [None req-7f10da66-7401-48da-84c0-0cc6b2fd1160 92e16d3bf8da4f908d463b3da6d27d88 b86bd095999e46ce8422ed9243a58f1d - - default default] http://[LB_IP_ADDRESS]:8776/v3/b86bd095999e46ce8422ed9243a58f1d/qos-specs/488eac31-fefc-4637-84f5-fb0f951b8e34 returned with HTTP 200
2023-02-15 15:54:37.023 19 INFO cinder.api.openstack.wsgi [None req-6c3969f1-5079-4503-87d8-6468df8073bf 92e16d3bf8da4f908d463b3da6d27d88 b86bd095999e46ce8422ed9243a58f1d - - default default] GET http://[LB_IP_ADDRESS]:8776/v3/b86bd095999e46ce8422ed9243a58f1d/qos-specs/488eac31-fefc-4637-84f5-fb0f951b8e34
2023-02-15 15:54:37.031 19 INFO cinder.api.openstack.wsgi [None req-6c3969f1-5079-4503-87d8-6468df8073bf 92e16d3bf8da4f908d463b3da6d27d88 b86bd095999e46ce8422ed9243a58f1d - - default default] http://[LB_IP_ADDRESS]:8776/v3/b86bd095999e46ce8422ed9243a58f1d/qos-specs/488eac31-fefc-4637-84f5-fb0f951b8e34 returned with HTTP 200
2023-02-15 15:54:37.049 23 INFO cinder.api.openstack.wsgi [None req-0b254027-5af2-4875-98ff-d537910481b9 92e16d3bf8da4f908d463b3da6d27d88 b86bd095999e46ce8422ed9243a58f1d - - default default] PUT http://[LB_IP_ADDRESS]:8776/v3/b86bd095999e46ce8422ed9243a58f1d/qos-specs/488eac31-fefc-4637-84f5-fb0f951b8e34/delete_keys
2023-02-15 15:54:37.076 23 INFO cinder.api.openstack.wsgi [None req-0b254027-5af2-4875-98ff-d537910481b9 92e16d3bf8da4f908d463b3da6d27d88 b86bd095999e46ce8422ed9243a58f1d - - default default] http://[LB_IP_ADDRESS]:8776/v3/b86bd095999e46ce8422ed9243a58f1d/qos-specs/488eac31-fefc-4637-84f5-fb0f951b8e34/delete_keys returned with HTTP 202
2023-02-15 15:54:37.092 22 INFO cinder.api.openstack.wsgi [None req-b9f58f5d-bcee-48f5-b258-799f979f7a48 92e16d3bf8da4f908d463b3da6d27d88 b86bd095999e46ce8422ed9243a58f1d - - default default] GET http://[LB_IP_ADDRESS]:8776/v3/b86bd095999e46ce8422ed9243a58f1d/qos-specs/488eac31-fefc-4637-84f5-fb0f951b8e34
2023-02-15 15:54:37.099 22 INFO cinder.api.openstack.wsgi [None req-b9f58f5d-bcee-48f5-b258-799f979f7a48 92e16d3bf8da4f908d463b3da6d27d88 b86bd095999e46ce8422ed9243a58f1d - - default default] http://[LB_IP_ADDRESS]:8776/v3/b86bd095999e46ce8422ed9243a58f1d/qos-specs/488eac31-fefc-4637-84f5-fb0f951b8e34 returned with HTTP 200
2023-02-15 15:54:37.117 20 INFO cinder.api.openstack.wsgi [None req-ef0088ca-74e9-4631-9ed0-edf019e0a043 92e16d3bf8da4f908d463b3da6d27d88 b86bd095999e46ce8422ed9243a58f1d - - default default] GET http://[LB_IP_ADDRESS]:8776/v3/b86bd095999e46ce8422ed9243a58f1d/qos-specs/488eac31-fefc-4637-84f5-fb0f951b8e34
2023-02-15 15:54:37.126 20 INFO cinder.api.openstack.wsgi [None req-ef0088ca-74e9-4631-9ed0-edf019e0a043 92e16d3bf8da4f908d463b3da6d27d88 b86bd095999e46ce8422ed9243a58f1d - - default default] http://[LB_IP_ADDRESS]:8776/v3/b86bd095999e46ce8422ed9243a58f1d/qos-specs/488eac31-fefc-4637-84f5-fb0f951b8e34 returned with HTTP 200
2023-02-15 15:54:37.144 21 INFO cinder.api.openstack.wsgi [None req-f2a791d3-9839-4fed-b672-12971c77d5bb 92e16d3bf8da4f908d463b3da6d27d88 b86bd095999e46ce8422ed9243a58f1d - - default default] DELETE http://[LB_IP_ADDRESS]:8776/v3/b86bd095999e46ce8422ed9243a58f1d/qos-specs/2b634a4b-acf5-45cc-874e-001fa6b17116?force=False
2023-02-15 15:54:37.151 21 INFO cinder.api.openstack.wsgi [None req-f2a791d3-9839-4fed-b672-12971c77d5bb 92e16d3bf8da4f908d463b3da6d27d88 b86bd095999e46ce8422ed9243a58f1d - - default default] http://[LB_IP_ADDRESS]:8776/v3/b86bd095999e46ce8422ed9243a58f1d/qos-specs/2b634a4b-acf5-45cc-874e-001fa6b17116?force=False returned with HTTP 404
2023-02-15 15:54:37.166 19 INFO cinder.api.openstack.wsgi [None req-3fb3d3fd-0e4f-42f5-b7f4-22fb2b1c3af4 92e16d3bf8da4f908d463b3da6d27d88 b86bd095999e46ce8422ed9243a58f1d - - default default] GET http://[LB_IP_ADDRESS]:8776/v3/b86bd095999e46ce8422ed9243a58f1d/qos-specs/2b634a4b-acf5-45cc-874e-001fa6b17116
2023-02-15 15:54:37.173 19 INFO cinder.api.openstack.wsgi [None req-3fb3d3fd-0e4f-42f5-b7f4-22fb2b1c3af4 92e16d3bf8da4f908d463b3da6d27d88 b86bd095999e46ce8422ed9243a58f1d - - default default] http://[LB_IP_ADDRESS]:8776/v3/b86bd095999e46ce8422ed9243a58f1d/qos-specs/2b634a4b-acf5-45cc-874e-001fa6b17116 returned with HTTP 404
2023-02-15 15:54:37.188 23 INFO cinder.api.openstack.wsgi [None req-b1dd4714-5236-440f-bc65-4a05755a1d5f 92e16d3bf8da4f908d463b3da6d27d88 b86bd095999e46ce8422ed9243a58f1d - - default default] DELETE http://[LB_IP_ADDRESS]:8776/v3/b86bd095999e46ce8422ed9243a58f1d/qos-specs/a2908a33-26dd-4c8d-8132-4f32ffce1b16?force=False
2023-02-15 15:54:37.196 23 INFO cinder.api.openstack.wsgi [None req-b1dd4714-5236-440f-bc65-4a05755a1d5f 92e16d3bf8da4f908d463b3da6d27d88 b86bd095999e46ce8422ed9243a58f1d - - default default] http://[LB_IP_ADDRESS]:8776/v3/b86bd095999e46ce8422ed9243a58f1d/qos-specs/a2908a33-26dd-4c8d-8132-4f32ffce1b16?force=False returned with HTTP 404
2023-02-15 15:54:37.210 22 INFO cinder.api.openstack.wsgi [None req-43592bd1-339c-4cf7-8184-581579a940e5 92e16d3bf8da4f908d463b3da6d27d88 b86bd095999e46ce8422ed9243a58f1d - - default default] GET http://[LB_IP_ADDRESS]:8776/v3/b86bd095999e46ce8422ed9243a58f1d/qos-specs/a2908a33-26dd-4c8d-8132-4f32ffce1b16
2023-02-15 15:54:37.218 22 INFO cinder.api.openstack.wsgi [None req-43592bd1-339c-4cf7-8184-581579a940e5 92e16d3bf8da4f908d463b3da6d27d88 b86bd095999e46ce8422ed9243a58f1d - - default default] http://[LB_IP_ADDRESS]:8776/v3/b86bd095999e46ce8422ed9243a58f1d/qos-specs/a2908a33-26dd-4c8d-8132-4f32ffce1b16 returned with HTTP 404
2023-02-15 15:54:37.233 20 INFO cinder.api.openstack.wsgi [None req-27ad5769-ff3d-4ca8-bbdd-5f16acf6f485 92e16d3bf8da4f908d463b3da6d27d88 b86bd095999e46ce8422ed9243a58f1d - - default default] DELETE http://[LB_IP_ADDRESS]:8776/v3/b86bd095999e46ce8422ed9243a58f1d/qos-specs/7a2ba9e5-91dc-42aa-a3e2-117c48fed118?force=False
2023-02-15 15:54:37.241 20 INFO cinder.api.openstack.wsgi [None req-27ad5769-ff3d-4ca8-bbdd-5f16acf6f485 92e16d3bf8da4f908d463b3da6d27d88 b86bd095999e46ce8422ed9243a58f1d - - default default] http://[LB_IP_ADDRESS]:8776/v3/b86bd095999e46ce8422ed9243a58f1d/qos-specs/7a2ba9e5-91dc-42aa-a3e2-117c48fed118?force=False returned with HTTP 404
2023-02-15 15:54:37.257 21 INFO cinder.api.openstack.wsgi [None req-ca369633-aee6-4cbe-a207-2b264432a8ac 92e16d3bf8da4f908d463b3da6d27d88 b86bd095999e46ce8422ed9243a58f1d - - default default] GET http://[LB_IP_ADDRESS]:8776/v3/b86bd095999e46ce8422ed9243a58f1d/qos-specs/7a2ba9e5-91dc-42aa-a3e2-117c48fed118
2023-02-15 15:54:37.263 21 INFO cinder.api.openstack.wsgi [None req-ca369633-aee6-4cbe-a207-2b264432a8ac 92e16d3bf8da4f908d463b3da6d27d88 b86bd095999e46ce8422ed9243a58f1d - - default default] http://[LB_IP_ADDRESS]:8776/v3/b86bd095999e46ce8422ed9243a58f1d/qos-specs/7a2ba9e5-91dc-42aa-a3e2-117c48fed118 returned with HTTP 404
2023-02-15 15:54:37.275 19 INFO cinder.api.openstack.wsgi [None req-6708f7fa-5235-41fc-a9aa-cf59c4b7bbd6 92e16d3bf8da4f908d463b3da6d27d88 b86bd095999e46ce8422ed9243a58f1d - - default default] DELETE http://[LB_IP_ADDRESS]:8776/v3/b86bd095999e46ce8422ed9243a58f1d/types/9e62e9a3-7345-4feb-834c-4f3e9980e705
2023-02-15 15:54:37.380 19 INFO cinder.api.openstack.wsgi [None req-6708f7fa-5235-41fc-a9aa-cf59c4b7bbd6 92e16d3bf8da4f908d463b3da6d27d88 b86bd095999e46ce8422ed9243a58f1d - - default default] http://[LB_IP_ADDRESS]:8776/v3/b86bd095999e46ce8422ed9243a58f1d/types/9e62e9a3-7345-4feb-834c-4f3e9980e705 returned with HTTP 202
2023-02-15 15:54:37.392 23 INFO cinder.api.openstack.wsgi [None req-b4629465-9a7e-47f2-a7e0-ea824299ea0c 92e16d3bf8da4f908d463b3da6d27d88 b86bd095999e46ce8422ed9243a58f1d - - default default] GET http://[LB_IP_ADDRESS]:8776/v3/b86bd095999e46ce8422ed9243a58f1d/types/9e62e9a3-7345-4feb-834c-4f3e9980e705
2023-02-15 15:54:37.399 23 INFO cinder.api.openstack.wsgi [None req-b4629465-9a7e-47f2-a7e0-ea824299ea0c 92e16d3bf8da4f908d463b3da6d27d88 b86bd095999e46ce8422ed9243a58f1d - - default default] http://[LB_IP_ADDRESS]:8776/v3/b86bd095999e46ce8422ed9243a58f1d/types/9e62e9a3-7345-4feb-834c-4f3e9980e705 returned with HTTP 404
2023-02-15 15:54:37.411 22 INFO cinder.api.openstack.wsgi [None req-ea355b3c-c7e3-4078-817d-5728e7443e16 92e16d3bf8da4f908d463b3da6d27d88 b86bd095999e46ce8422ed9243a58f1d - - default default] DELETE http://[LB_IP_ADDRESS]:8776/v3/b86bd095999e46ce8422ed9243a58f1d/types/77d52329-c421-4495-b9c5-cb0199bcc1b5
2023-02-15 15:54:37.522 22 INFO cinder.api.openstack.wsgi [None req-ea355b3c-c7e3-4078-817d-5728e7443e16 92e16d3bf8da4f908d463b3da6d27d88 b86bd095999e46ce8422ed9243a58f1d - - default default] http://[LB_IP_ADDRESS]:8776/v3/b86bd095999e46ce8422ed9243a58f1d/types/77d52329-c421-4495-b9c5-cb0199bcc1b5 returned with HTTP 202
2023-02-15 15:54:37.534 20 INFO cinder.api.openstack.wsgi [None req-00da0453-1c96-499e-80e7-0288739a4839 92e16d3bf8da4f908d463b3da6d27d88 b86bd095999e46ce8422ed9243a58f1d - - default default] GET http://[LB_IP_ADDRESS]:8776/v3/b86bd095999e46ce8422ed9243a58f1d/types/77d52329-c421-4495-b9c5-cb0199bcc1b5
2023-02-15 15:54:37.541 20 INFO cinder.api.openstack.wsgi [None req-00da0453-1c96-499e-80e7-0288739a4839 92e16d3bf8da4f908d463b3da6d27d88 b86bd095999e46ce8422ed9243a58f1d - - default default] http://[LB_IP_ADDRESS]:8776/v3/b86bd095999e46ce8422ed9243a58f1d/types/77d52329-c421-4495-b9c5-cb0199bcc1b5 returned with HTTP 404
2023-02-15 15:54:37.553 21 INFO cinder.api.openstack.wsgi [None req-d45cb82a-a584-400a-9306-3b3cd7dbf2ae 92e16d3bf8da4f908d463b3da6d27d88 b86bd095999e46ce8422ed9243a58f1d - - default default] DELETE http://[LB_IP_ADDRESS]:8776/v3/b86bd095999e46ce8422ed9243a58f1d/types/8bdebcd6-7c74-4724-896f-8a80debe7a20
2023-02-15 15:54:37.647 21 INFO cinder.api.openstack.wsgi [None req-d45cb82a-a584-400a-9306-3b3cd7dbf2ae 92e16d3bf8da4f908d463b3da6d27d88 b86bd095999e46ce8422ed9243a58f1d - - default default] http://[LB_IP_ADDRESS]:8776/v3/b86bd095999e46ce8422ed9243a58f1d/types/8bdebcd6-7c74-4724-896f-8a80debe7a20 returned with HTTP 202
2023-02-15 15:54:37.661 19 INFO cinder.api.openstack.wsgi [None req-e6c6e8aa-a5f7-4987-abe9-1bbe71aa4564 92e16d3bf8da4f908d463b3da6d27d88 b86bd095999e46ce8422ed9243a58f1d - - default default] GET http://[LB_IP_ADDRESS]:8776/v3/b86bd095999e46ce8422ed9243a58f1d/types/8bdebcd6-7c74-4724-896f-8a80debe7a20
2023-02-15 15:54:37.668 19 INFO cinder.api.openstack.wsgi [None req-e6c6e8aa-a5f7-4987-abe9-1bbe71aa4564 92e16d3bf8da4f908d463b3da6d27d88 b86bd095999e46ce8422ed9243a58f1d - - default default] http://[LB_IP_ADDRESS]:8776/v3/b86bd095999e46ce8422ed9243a58f1d/types/8bdebcd6-7c74-4724-896f-8a80debe7a20 returned with HTTP 404
2023-02-15 15:54:37.684 23 INFO cinder.api.openstack.wsgi [None req-d4bc5b3f-2051-4912-be1a-10106f2f2241 92e16d3bf8da4f908d463b3da6d27d88 b86bd095999e46ce8422ed9243a58f1d - - default default] DELETE http://[LB_IP_ADDRESS]:8776/v3/b86bd095999e46ce8422ed9243a58f1d/qos-specs/488eac31-fefc-4637-84f5-fb0f951b8e34?force=False
2023-02-15 15:54:37.710 23 INFO cinder.api.openstack.wsgi [None req-d4bc5b3f-2051-4912-be1a-10106f2f2241 92e16d3bf8da4f908d463b3da6d27d88 b86bd095999e46ce8422ed9243a58f1d - - default default] http://[LB_IP_ADDRESS]:8776/v3/b86bd095999e46ce8422ed9243a58f1d/qos-specs/488eac31-fefc-4637-84f5-fb0f951b8e34?force=False returned with HTTP 202
2023-02-15 15:54:37.726 22 INFO cinder.api.openstack.wsgi [None req-2427273d-8630-44df-ad38-a5f49775d209 92e16d3bf8da4f908d463b3da6d27d88 b86bd095999e46ce8422ed9243a58f1d - - default default] GET http://[LB_IP_ADDRESS]:8776/v3/b86bd095999e46ce8422ed9243a58f1d/qos-specs/488eac31-fefc-4637-84f5-fb0f951b8e34
2023-02-15 15:54:37.734 22 INFO cinder.api.openstack.wsgi [None req-2427273d-8630-44df-ad38-a5f49775d209 92e16d3bf8da4f908d463b3da6d27d88 b86bd095999e46ce8422ed9243a58f1d - - default default] http://[LB_IP_ADDRESS]:8776/v3/b86bd095999e46ce8422ed9243a58f1d/qos-specs/488eac31-fefc-4637-84f5-fb0f951b8e34 returned with HTTP 404
2023-02-15 15:54:39.960 20 INFO cinder.api.openstack.wsgi [None req-777087c9-e916-4833-8598-abbbf2cfd535 d7709b574e274a0a90e4e2c461a838ed d92a3441f2cf442b816597c72bf774c2 - - default default] GET http://[LB_IP_ADDRESS]:8776/v3/d92a3441f2cf442b816597c72bf774c2/os-quota-sets/329defb3115a43328b398351c294b958
2023-02-15 15:54:40.095 20 INFO cinder.api.openstack.wsgi [None req-777087c9-e916-4833-8598-abbbf2cfd535 d7709b574e274a0a90e4e2c461a838ed d92a3441f2cf442b816597c72bf774c2 - - default default] http://[LB_IP_ADDRESS]:8776/v3/d92a3441f2cf442b816597c72bf774c2/os-quota-sets/329defb3115a43328b398351c294b958 returned with HTTP 200
2023-02-15 15:54:40.113 21 INFO cinder.api.openstack.wsgi [None req-0b3dc36a-56a8-4fcb-9e17-f573d8bf4213 d7709b574e274a0a90e4e2c461a838ed d92a3441f2cf442b816597c72bf774c2 - - default default] PUT http://[LB_IP_ADDRESS]:8776/v3/d92a3441f2cf442b816597c72bf774c2/os-quota-sets/329defb3115a43328b398351c294b958
2023-02-15 15:54:40.358 21 INFO cinder.api.openstack.wsgi [None req-0b3dc36a-56a8-4fcb-9e17-f573d8bf4213 d7709b574e274a0a90e4e2c461a838ed d92a3441f2cf442b816597c72bf774c2 - - default default] http://[LB_IP_ADDRESS]:8776/v3/d92a3441f2cf442b816597c72bf774c2/os-quota-sets/329defb3115a43328b398351c294b958 returned with HTTP 200
2023-02-15 15:54:40.563 19 INFO cinder.api.openstack.wsgi [None req-5d8b534d-9c75-4047-b719-5a56d3fad0f4 f217dede777a4a58bcbb0064a421822d 329defb3115a43328b398351c294b958 - - default default] POST http://[LB_IP_ADDRESS]:8776/v3/329defb3115a43328b398351c294b958/volumes
2023-02-15 15:54:40.567 19 INFO cinder.api.v3.volumes [None req-5d8b534d-9c75-4047-b719-5a56d3fad0f4 f217dede777a4a58bcbb0064a421822d 329defb3115a43328b398351c294b958 - - default default] Create volume of 1 GB
2023-02-15 15:54:40.577 19 INFO cinder.volume.api [None req-5d8b534d-9c75-4047-b719-5a56d3fad0f4 f217dede777a4a58bcbb0064a421822d 329defb3115a43328b398351c294b958 - - default default] Availability Zones retrieved successfully.
2023-02-15 15:54:40.933 19 INFO cinder.volume.api [None req-5d8b534d-9c75-4047-b719-5a56d3fad0f4 f217dede777a4a58bcbb0064a421822d 329defb3115a43328b398351c294b958 - - default default] Create volume request issued successfully.
2023-02-15 15:54:40.935 19 INFO cinder.api.openstack.wsgi [None req-5d8b534d-9c75-4047-b719-5a56d3fad0f4 f217dede777a4a58bcbb0064a421822d 329defb3115a43328b398351c294b958 - - default default] http://[LB_IP_ADDRESS]:8776/v3/329defb3115a43328b398351c294b958/volumes returned with HTTP 202
2023-02-15 15:54:40.956 22 INFO cinder.api.openstack.wsgi [None req-0626726f-09f8-44c2-9ae2-06b741c5485b f217dede777a4a58bcbb0064a421822d 329defb3115a43328b398351c294b958 - - default default] GET http://[LB_IP_ADDRESS]:8776/v3/329defb3115a43328b398351c294b958/volumes/a1b8ff96-ba53-478f-8f2e-868c07d6228a
2023-02-15 15:54:40.986 22 INFO cinder.volume.api [None req-0626726f-09f8-44c2-9ae2-06b741c5485b f217dede777a4a58bcbb0064a421822d 329defb3115a43328b398351c294b958 - - default default] Volume info retrieved successfully.
2023-02-15 15:54:40.994 22 INFO cinder.api.openstack.wsgi [None req-0626726f-09f8-44c2-9ae2-06b741c5485b f217dede777a4a58bcbb0064a421822d 329defb3115a43328b398351c294b958 - - default default] http://[LB_IP_ADDRESS]:8776/v3/329defb3115a43328b398351c294b958/volumes/a1b8ff96-ba53-478f-8f2e-868c07d6228a returned with HTTP 200
2023-02-15 15:54:41.021 23 INFO cinder.api.openstack.wsgi [None req-8fc8f224-c15f-4575-b462-dec819b4cdfe a8cc18b56c7747babd21acf82a874000 60512d5660654b7dbbc991b4db23c8e9 - - default default] POST http://[LB_IP_ADDRESS]:8776/v3/60512d5660654b7dbbc991b4db23c8e9/types
2023-02-15 15:54:41.059 23 INFO cinder.api.openstack.wsgi [None req-8fc8f224-c15f-4575-b462-dec819b4cdfe a8cc18b56c7747babd21acf82a874000 60512d5660654b7dbbc991b4db23c8e9 - - default default] http://[LB_IP_ADDRESS]:8776/v3/60512d5660654b7dbbc991b4db23c8e9/types returned with HTTP 200
2023-02-15 15:54:41.076 20 INFO cinder.api.openstack.wsgi [None req-f87bee4c-061a-424a-bbcb-83cf9df6c201 a8cc18b56c7747babd21acf82a874000 60512d5660654b7dbbc991b4db23c8e9 - - default default] GET http://[LB_IP_ADDRESS]:8776/v3/60512d5660654b7dbbc991b4db23c8e9/types/84a77913-15e8-45c3-b2f6-18dd692097f2
2023-02-15 15:54:41.088 20 INFO cinder.api.openstack.wsgi [None req-f87bee4c-061a-424a-bbcb-83cf9df6c201 a8cc18b56c7747babd21acf82a874000 60512d5660654b7dbbc991b4db23c8e9 - - default default] http://[LB_IP_ADDRESS]:8776/v3/60512d5660654b7dbbc991b4db23c8e9/types/84a77913-15e8-45c3-b2f6-18dd692097f2 returned with HTTP 200
2023-02-15 15:54:41.104 21 INFO cinder.api.openstack.wsgi [None req-3dd90a0b-1b0d-448f-8dea-df4a3197603b a8cc18b56c7747babd21acf82a874000 60512d5660654b7dbbc991b4db23c8e9 - - default default] POST http://[LB_IP_ADDRESS]:8776/v3/60512d5660654b7dbbc991b4db23c8e9/types
2023-02-15 15:54:41.135 21 INFO cinder.api.openstack.wsgi [None req-3dd90a0b-1b0d-448f-8dea-df4a3197603b a8cc18b56c7747babd21acf82a874000 60512d5660654b7dbbc991b4db23c8e9 - - default default] http://[LB_IP_ADDRESS]:8776/v3/60512d5660654b7dbbc991b4db23c8e9/types returned with HTTP 200
2023-02-15 15:54:41.154 19 INFO cinder.api.openstack.wsgi [None req-a4c2b6a2-af71-4560-b049-d861ded94bf9 a8cc18b56c7747babd21acf82a874000 60512d5660654b7dbbc991b4db23c8e9 - - default default] POST http://[LB_IP_ADDRESS]:8776/v3/60512d5660654b7dbbc991b4db23c8e9/types/d2352c22-eba8-4c29-9015-3ff0bd305e4d/encryption
2023-02-15 15:54:41.235 19 INFO cinder.api.openstack.wsgi [None req-a4c2b6a2-af71-4560-b049-d861ded94bf9 a8cc18b56c7747babd21acf82a874000 60512d5660654b7dbbc991b4db23c8e9 - - default default] http://[LB_IP_ADDRESS]:8776/v3/60512d5660654b7dbbc991b4db23c8e9/types/d2352c22-eba8-4c29-9015-3ff0bd305e4d/encryption returned with HTTP 200
2023-02-15 15:54:41.252 22 INFO cinder.api.openstack.wsgi [None req-0bcd09f5-7bc7-458e-8c92-f86a16a15b23 a8cc18b56c7747babd21acf82a874000 60512d5660654b7dbbc991b4db23c8e9 - - default default] GET http://[LB_IP_ADDRESS]:8776/v3/60512d5660654b7dbbc991b4db23c8e9/types/d2352c22-eba8-4c29-9015-3ff0bd305e4d/encryption
2023-02-15 15:54:41.263 22 INFO cinder.api.openstack.wsgi [None req-0bcd09f5-7bc7-458e-8c92-f86a16a15b23 a8cc18b56c7747babd21acf82a874000 60512d5660654b7dbbc991b4db23c8e9 - - default default] http://[LB_IP_ADDRESS]:8776/v3/60512d5660654b7dbbc991b4db23c8e9/types/d2352c22-eba8-4c29-9015-3ff0bd305e4d/encryption returned with HTTP 200
2023-02-15 15:54:41.281 23 INFO cinder.api.openstack.wsgi [None req-acb0c553-2e20-40ce-8798-061e8de49fb6 a8cc18b56c7747babd21acf82a874000 60512d5660654b7dbbc991b4db23c8e9 - - default default] PUT http://[LB_IP_ADDRESS]:8776/v3/60512d5660654b7dbbc991b4db23c8e9/types/d2352c22-eba8-4c29-9015-3ff0bd305e4d/encryption/provider
2023-02-15 15:54:41.366 23 INFO cinder.api.openstack.wsgi [None req-acb0c553-2e20-40ce-8798-061e8de49fb6 a8cc18b56c7747babd21acf82a874000 60512d5660654b7dbbc991b4db23c8e9 - - default default] http://[LB_IP_ADDRESS]:8776/v3/60512d5660654b7dbbc991b4db23c8e9/types/d2352c22-eba8-4c29-9015-3ff0bd305e4d/encryption/provider returned with HTTP 200
2023-02-15 15:54:41.383 20 INFO cinder.api.openstack.wsgi [None req-3e4c43b1-8c87-460e-9ac4-c3f7f7746f3f a8cc18b56c7747babd21acf82a874000 60512d5660654b7dbbc991b4db23c8e9 - - default default] GET http://[LB_IP_ADDRESS]:8776/v3/60512d5660654b7dbbc991b4db23c8e9/types/d2352c22-eba8-4c29-9015-3ff0bd305e4d/encryption
2023-02-15 15:54:41.394 20 INFO cinder.api.openstack.wsgi [None req-3e4c43b1-8c87-460e-9ac4-c3f7f7746f3f a8cc18b56c7747babd21acf82a874000 60512d5660654b7dbbc991b4db23c8e9 - - default default] http://[LB_IP_ADDRESS]:8776/v3/60512d5660654b7dbbc991b4db23c8e9/types/d2352c22-eba8-4c29-9015-3ff0bd305e4d/encryption returned with HTTP 200
2023-02-15 15:54:41.411 21 INFO cinder.api.openstack.wsgi [None req-af911587-a927-49d7-b328-d3760eb576c7 a8cc18b56c7747babd21acf82a874000 60512d5660654b7dbbc991b4db23c8e9 - - default default] GET http://[LB_IP_ADDRESS]:8776/v3/60512d5660654b7dbbc991b4db23c8e9/types/d2352c22-eba8-4c29-9015-3ff0bd305e4d/encryption/cipher
2023-02-15 15:54:41.423 21 INFO cinder.api.openstack.wsgi [None req-af911587-a927-49d7-b328-d3760eb576c7 a8cc18b56c7747babd21acf82a874000 60512d5660654b7dbbc991b4db23c8e9 - - default default] http://[LB_IP_ADDRESS]:8776/v3/60512d5660654b7dbbc991b4db23c8e9/types/d2352c22-eba8-4c29-9015-3ff0bd305e4d/encryption/cipher returned with HTTP 200
2023-02-15 15:54:41.439 19 INFO cinder.api.openstack.wsgi [None req-40402248-0197-45e6-a1e8-dedda00a6ad2 a8cc18b56c7747babd21acf82a874000 60512d5660654b7dbbc991b4db23c8e9 - - default default] DELETE http://[LB_IP_ADDRESS]:8776/v3/60512d5660654b7dbbc991b4db23c8e9/types/d2352c22-eba8-4c29-9015-3ff0bd305e4d/encryption/provider
2023-02-15 15:54:41.510 19 INFO cinder.api.openstack.wsgi [None req-40402248-0197-45e6-a1e8-dedda00a6ad2 a8cc18b56c7747babd21acf82a874000 60512d5660654b7dbbc991b4db23c8e9 - - default default] http://[LB_IP_ADDRESS]:8776/v3/60512d5660654b7dbbc991b4db23c8e9/types/d2352c22-eba8-4c29-9015-3ff0bd305e4d/encryption/provider returned with HTTP 202
2023-02-15 15:54:41.525 22 INFO cinder.api.openstack.wsgi [None req-526e3c34-e4cc-4420-934e-7a80a3538f59 a8cc18b56c7747babd21acf82a874000 60512d5660654b7dbbc991b4db23c8e9 - - default default] GET http://[LB_IP_ADDRESS]:8776/v3/60512d5660654b7dbbc991b4db23c8e9/types/d2352c22-eba8-4c29-9015-3ff0bd305e4d/encryption
2023-02-15 15:54:41.537 22 INFO cinder.api.openstack.wsgi [None req-526e3c34-e4cc-4420-934e-7a80a3538f59 a8cc18b56c7747babd21acf82a874000 60512d5660654b7dbbc991b4db23c8e9 - - default default] http://[LB_IP_ADDRESS]:8776/v3/60512d5660654b7dbbc991b4db23c8e9/types/d2352c22-eba8-4c29-9015-3ff0bd305e4d/encryption returned with HTTP 200
2023-02-15 15:54:41.555 23 INFO cinder.api.openstack.wsgi [None req-e5bbae77-00d7-462f-a39f-c6a1290ff1bc a8cc18b56c7747babd21acf82a874000 60512d5660654b7dbbc991b4db23c8e9 - - default default] GET http://[LB_IP_ADDRESS]:8776/v3/60512d5660654b7dbbc991b4db23c8e9/types/d2352c22-eba8-4c29-9015-3ff0bd305e4d/encryption
2023-02-15 15:54:41.565 23 INFO cinder.api.openstack.wsgi [None req-e5bbae77-00d7-462f-a39f-c6a1290ff1bc a8cc18b56c7747babd21acf82a874000 60512d5660654b7dbbc991b4db23c8e9 - - default default] http://[LB_IP_ADDRESS]:8776/v3/60512d5660654b7dbbc991b4db23c8e9/types/d2352c22-eba8-4c29-9015-3ff0bd305e4d/encryption returned with HTTP 200
2023-02-15 15:54:41.584 20 INFO cinder.api.openstack.wsgi [None req-df183467-c341-4a1c-ac5b-d079aeb63c30 a8cc18b56c7747babd21acf82a874000 60512d5660654b7dbbc991b4db23c8e9 - - default default] GET http://[LB_IP_ADDRESS]:8776/v3/60512d5660654b7dbbc991b4db23c8e9/types
2023-02-15 15:54:41.619 20 INFO cinder.api.openstack.wsgi [None req-df183467-c341-4a1c-ac5b-d079aeb63c30 a8cc18b56c7747babd21acf82a874000 60512d5660654b7dbbc991b4db23c8e9 - - default default] http://[LB_IP_ADDRESS]:8776/v3/60512d5660654b7dbbc991b4db23c8e9/types returned with HTTP 200
2023-02-15 15:54:41.636 21 INFO cinder.api.openstack.wsgi [None req-e7bd6c32-82b9-42a1-bbff-7023319ae09e a8cc18b56c7747babd21acf82a874000 60512d5660654b7dbbc991b4db23c8e9 - - default default] POST http://[LB_IP_ADDRESS]:8776/v3/60512d5660654b7dbbc991b4db23c8e9/types
2023-02-15 15:54:41.650 19 INFO cinder.api.openstack.wsgi [None req-f6eb76d7-be91-4c85-8f7b-118de43f403b - - - - - -] GET http://[LB_IP_ADDRESS]:8776/
2023-02-15 15:54:41.652 19 INFO cinder.api.openstack.wsgi [None req-f6eb76d7-be91-4c85-8f7b-118de43f403b - - - - - -] http://[LB_IP_ADDRESS]:8776/ returned with HTTP 300
2023-02-15 15:54:41.668 21 INFO cinder.api.openstack.wsgi [None req-e7bd6c32-82b9-42a1-bbff-7023319ae09e a8cc18b56c7747babd21acf82a874000 60512d5660654b7dbbc991b4db23c8e9 - - default default] http://[LB_IP_ADDRESS]:8776/v3/60512d5660654b7dbbc991b4db23c8e9/types returned with HTTP 200
2023-02-15 15:54:41.682 22 INFO cinder.api.openstack.wsgi [None req-d5a13062-5fe9-42e9-bef0-724f76c5c847 a8cc18b56c7747babd21acf82a874000 60512d5660654b7dbbc991b4db23c8e9 - - default default] PUT http://[LB_IP_ADDRESS]:8776/v3/60512d5660654b7dbbc991b4db23c8e9/types/0f95bc16-7a03-4c19-a483-fe070ab90d3f
2023-02-15 15:54:41.925 22 INFO cinder.api.openstack.wsgi [None req-d5a13062-5fe9-42e9-bef0-724f76c5c847 a8cc18b56c7747babd21acf82a874000 60512d5660654b7dbbc991b4db23c8e9 - - default default] http://[LB_IP_ADDRESS]:8776/v3/60512d5660654b7dbbc991b4db23c8e9/types/0f95bc16-7a03-4c19-a483-fe070ab90d3f returned with HTTP 200
2023-02-15 15:54:41.940 23 INFO cinder.api.openstack.wsgi [None req-c7f59ea9-1e6d-4d0e-a082-0e528f7c99da a8cc18b56c7747babd21acf82a874000 60512d5660654b7dbbc991b4db23c8e9 - - default default] GET http://[LB_IP_ADDRESS]:8776/v3/60512d5660654b7dbbc991b4db23c8e9/types/0f95bc16-7a03-4c19-a483-fe070ab90d3f
2023-02-15 15:54:41.951 23 INFO cinder.api.openstack.wsgi [None req-c7f59ea9-1e6d-4d0e-a082-0e528f7c99da a8cc18b56c7747babd21acf82a874000 60512d5660654b7dbbc991b4db23c8e9 - - default default] http://[LB_IP_ADDRESS]:8776/v3/60512d5660654b7dbbc991b4db23c8e9/types/0f95bc16-7a03-4c19-a483-fe070ab90d3f returned with HTTP 200
2023-02-15 15:54:41.968 20 INFO cinder.api.openstack.wsgi [None req-c58ebfc2-2355-4386-a56a-e83e05dcf0cb a8cc18b56c7747babd21acf82a874000 60512d5660654b7dbbc991b4db23c8e9 - - default default] DELETE http://[LB_IP_ADDRESS]:8776/v3/60512d5660654b7dbbc991b4db23c8e9/types/0f95bc16-7a03-4c19-a483-fe070ab90d3f
2023-02-15 15:54:42.016 21 INFO cinder.api.openstack.wsgi [None req-d6e02502-a040-41de-a971-4269a000da49 f217dede777a4a58bcbb0064a421822d 329defb3115a43328b398351c294b958 - - default default] GET http://[LB_IP_ADDRESS]:8776/v3/329defb3115a43328b398351c294b958/volumes/a1b8ff96-ba53-478f-8f2e-868c07d6228a
2023-02-15 15:54:42.040 21 INFO cinder.volume.api [None req-d6e02502-a040-41de-a971-4269a000da49 f217dede777a4a58bcbb0064a421822d 329defb3115a43328b398351c294b958 - - default default] Volume info retrieved successfully.
2023-02-15 15:54:42.048 21 INFO cinder.api.openstack.wsgi [None req-d6e02502-a040-41de-a971-4269a000da49 f217dede777a4a58bcbb0064a421822d 329defb3115a43328b398351c294b958 - - default default] http://[LB_IP_ADDRESS]:8776/v3/329defb3115a43328b398351c294b958/volumes/a1b8ff96-ba53-478f-8f2e-868c07d6228a returned with HTTP 200
2023-02-15 15:54:42.071 22 INFO cinder.api.openstack.wsgi [None req-ecb66e57-7012-403f-aae5-ceb251c1062b f217dede777a4a58bcbb0064a421822d 329defb3115a43328b398351c294b958 - - default default] DELETE http://[LB_IP_ADDRESS]:8776/v3/329defb3115a43328b398351c294b958/volumes/a1b8ff96-ba53-478f-8f2e-868c07d6228a
2023-02-15 15:54:42.072 22 INFO cinder.api.v3.volumes [None req-ecb66e57-7012-403f-aae5-ceb251c1062b f217dede777a4a58bcbb0064a421822d 329defb3115a43328b398351c294b958 - - default default] Delete volume with id: a1b8ff96-ba53-478f-8f2e-868c07d6228a 
2023-02-15 15:54:42.073 20 INFO cinder.api.openstack.wsgi [None req-c58ebfc2-2355-4386-a56a-e83e05dcf0cb a8cc18b56c7747babd21acf82a874000 60512d5660654b7dbbc991b4db23c8e9 - - default default] http://[LB_IP_ADDRESS]:8776/v3/60512d5660654b7dbbc991b4db23c8e9/types/0f95bc16-7a03-4c19-a483-fe070ab90d3f returned with HTTP 202
2023-02-15 15:54:42.085 23 INFO cinder.api.openstack.wsgi [None req-c79e2ec8-6508-4b7a-90ec-50c14109f9b8 a8cc18b56c7747babd21acf82a874000 60512d5660654b7dbbc991b4db23c8e9 - - default default] GET http://[LB_IP_ADDRESS]:8776/v3/60512d5660654b7dbbc991b4db23c8e9/types/0f95bc16-7a03-4c19-a483-fe070ab90d3f
2023-02-15 15:54:42.092 23 INFO cinder.api.openstack.wsgi [None req-c79e2ec8-6508-4b7a-90ec-50c14109f9b8 a8cc18b56c7747babd21acf82a874000 60512d5660654b7dbbc991b4db23c8e9 - - default default] http://[LB_IP_ADDRESS]:8776/v3/60512d5660654b7dbbc991b4db23c8e9/types/0f95bc16-7a03-4c19-a483-fe070ab90d3f returned with HTTP 404
2023-02-15 15:54:42.094 22 INFO cinder.volume.api [None req-ecb66e57-7012-403f-aae5-ceb251c1062b f217dede777a4a58bcbb0064a421822d 329defb3115a43328b398351c294b958 - - default default] Volume info retrieved successfully.
2023-02-15 15:54:42.104 21 INFO cinder.api.openstack.wsgi [None req-6252c987-aef7-4bc9-be09-a767d4486131 a8cc18b56c7747babd21acf82a874000 60512d5660654b7dbbc991b4db23c8e9 - - default default] DELETE http://[LB_IP_ADDRESS]:8776/v3/60512d5660654b7dbbc991b4db23c8e9/types/d2352c22-eba8-4c29-9015-3ff0bd305e4d
2023-02-15 15:54:42.151 19 INFO cinder.api.openstack.wsgi [None req-9a9e8e58-434c-45d2-a54f-3c004d22966c 5f1a714439ce49369f0eecbe1b0715ab b7cbffc4af494bdaafb283c4c0976896 - - default default] POST http://[LB_IP_ADDRESS]:8776/v3/b7cbffc4af494bdaafb283c4c0976896/types
2023-02-15 15:54:42.182 19 INFO cinder.api.openstack.wsgi [None req-9a9e8e58-434c-45d2-a54f-3c004d22966c 5f1a714439ce49369f0eecbe1b0715ab b7cbffc4af494bdaafb283c4c0976896 - - default default] http://[LB_IP_ADDRESS]:8776/v3/b7cbffc4af494bdaafb283c4c0976896/types returned with HTTP 200
2023-02-15 15:54:42.218 21 INFO cinder.api.openstack.wsgi [None req-6252c987-aef7-4bc9-be09-a767d4486131 a8cc18b56c7747babd21acf82a874000 60512d5660654b7dbbc991b4db23c8e9 - - default default] http://[LB_IP_ADDRESS]:8776/v3/60512d5660654b7dbbc991b4db23c8e9/types/d2352c22-eba8-4c29-9015-3ff0bd305e4d returned with HTTP 202
2023-02-15 15:54:42.231 23 INFO cinder.api.openstack.wsgi [None req-78370957-9d75-47d8-90c9-899c24860a16 a8cc18b56c7747babd21acf82a874000 60512d5660654b7dbbc991b4db23c8e9 - - default default] GET http://[LB_IP_ADDRESS]:8776/v3/60512d5660654b7dbbc991b4db23c8e9/types/d2352c22-eba8-4c29-9015-3ff0bd305e4d
2023-02-15 15:54:42.237 22 INFO cinder.volume.api [None req-ecb66e57-7012-403f-aae5-ceb251c1062b f217dede777a4a58bcbb0064a421822d 329defb3115a43328b398351c294b958 - - default default] Delete volume request issued successfully.
2023-02-15 15:54:42.239 23 INFO cinder.api.openstack.wsgi [None req-78370957-9d75-47d8-90c9-899c24860a16 a8cc18b56c7747babd21acf82a874000 60512d5660654b7dbbc991b4db23c8e9 - - default default] http://[LB_IP_ADDRESS]:8776/v3/60512d5660654b7dbbc991b4db23c8e9/types/d2352c22-eba8-4c29-9015-3ff0bd305e4d returned with HTTP 404
2023-02-15 15:54:42.239 22 INFO cinder.api.openstack.wsgi [None req-ecb66e57-7012-403f-aae5-ceb251c1062b f217dede777a4a58bcbb0064a421822d 329defb3115a43328b398351c294b958 - - default default] http://[LB_IP_ADDRESS]:8776/v3/329defb3115a43328b398351c294b958/volumes/a1b8ff96-ba53-478f-8f2e-868c07d6228a returned with HTTP 202
2023-02-15 15:54:42.251 19 INFO cinder.api.openstack.wsgi [None req-30b697a3-fb6d-40b3-acca-efd72d9240c6 a8cc18b56c7747babd21acf82a874000 60512d5660654b7dbbc991b4db23c8e9 - - default default] DELETE http://[LB_IP_ADDRESS]:8776/v3/60512d5660654b7dbbc991b4db23c8e9/types/84a77913-15e8-45c3-b2f6-18dd692097f2
2023-02-15 15:54:42.252 21 INFO cinder.api.openstack.wsgi [None req-402ec2c2-0533-4f78-85a0-1c4a1f0afbd9 f217dede777a4a58bcbb0064a421822d 329defb3115a43328b398351c294b958 - - default default] GET http://[LB_IP_ADDRESS]:8776/v3/329defb3115a43328b398351c294b958/volumes/a1b8ff96-ba53-478f-8f2e-868c07d6228a
2023-02-15 15:54:42.267 21 INFO cinder.api.openstack.wsgi [None req-402ec2c2-0533-4f78-85a0-1c4a1f0afbd9 f217dede777a4a58bcbb0064a421822d 329defb3115a43328b398351c294b958 - - default default] http://[LB_IP_ADDRESS]:8776/v3/329defb3115a43328b398351c294b958/volumes/a1b8ff96-ba53-478f-8f2e-868c07d6228a returned with HTTP 404
2023-02-15 15:54:42.282 23 INFO cinder.api.openstack.wsgi [None req-c01dc055-9e11-40fb-a7ca-5d941d43037a d7709b574e274a0a90e4e2c461a838ed d92a3441f2cf442b816597c72bf774c2 - - default default] PUT http://[LB_IP_ADDRESS]:8776/v3/d92a3441f2cf442b816597c72bf774c2/os-quota-sets/329defb3115a43328b398351c294b958
2023-02-15 15:54:42.305 20 INFO cinder.api.openstack.wsgi [None req-1361e25f-5e17-494a-be6f-6af0d4550bb3 a701fbd1a6814470a3a59ca9c0c4f8cc 97137729dadc442c93d57aa500dfaa5a - - default default] POST http://[LB_IP_ADDRESS]:8776/v3/97137729dadc442c93d57aa500dfaa5a/volumes
2023-02-15 15:54:42.316 20 INFO cinder.api.v3.volumes [None req-1361e25f-5e17-494a-be6f-6af0d4550bb3 a701fbd1a6814470a3a59ca9c0c4f8cc 97137729dadc442c93d57aa500dfaa5a - - default default] Create volume of 1 GB
2023-02-15 15:54:42.317 20 INFO cinder.volume.api [None req-1361e25f-5e17-494a-be6f-6af0d4550bb3 a701fbd1a6814470a3a59ca9c0c4f8cc 97137729dadc442c93d57aa500dfaa5a - - default default] Availability Zones retrieved successfully.
2023-02-15 15:54:42.354 19 INFO cinder.api.openstack.wsgi [None req-30b697a3-fb6d-40b3-acca-efd72d9240c6 a8cc18b56c7747babd21acf82a874000 60512d5660654b7dbbc991b4db23c8e9 - - default default] http://[LB_IP_ADDRESS]:8776/v3/60512d5660654b7dbbc991b4db23c8e9/types/84a77913-15e8-45c3-b2f6-18dd692097f2 returned with HTTP 202
2023-02-15 15:54:42.368 22 INFO cinder.api.openstack.wsgi [None req-ceb637b2-2b16-4448-8ec5-101649110df9 a8cc18b56c7747babd21acf82a874000 60512d5660654b7dbbc991b4db23c8e9 - - default default] GET http://[LB_IP_ADDRESS]:8776/v3/60512d5660654b7dbbc991b4db23c8e9/types/84a77913-15e8-45c3-b2f6-18dd692097f2
2023-02-15 15:54:42.375 22 INFO cinder.api.openstack.wsgi [None req-ceb637b2-2b16-4448-8ec5-101649110df9 a8cc18b56c7747babd21acf82a874000 60512d5660654b7dbbc991b4db23c8e9 - - default default] http://[LB_IP_ADDRESS]:8776/v3/60512d5660654b7dbbc991b4db23c8e9/types/84a77913-15e8-45c3-b2f6-18dd692097f2 returned with HTTP 404
2023-02-15 15:54:42.495 20 WARNING cinder.quota [None req-1361e25f-5e17-494a-be6f-6af0d4550bb3 a701fbd1a6814470a3a59ca9c0c4f8cc 97137729dadc442c93d57aa500dfaa5a - - default default] Deprecated: Default quota for resource: volumes_tempest-UserMessagesTest-volume-type-174818676 is set by the default quota flag: quota_volumes_tempest-UserMessagesTest-volume-type-174818676, it is now deprecated. Please use the default quota class for default quota.
2023-02-15 15:54:42.496 20 WARNING cinder.quota [None req-1361e25f-5e17-494a-be6f-6af0d4550bb3 a701fbd1a6814470a3a59ca9c0c4f8cc 97137729dadc442c93d57aa500dfaa5a - - default default] Deprecated: Default quota for resource: gigabytes_tempest-UserMessagesTest-volume-type-174818676 is set by the default quota flag: quota_gigabytes_tempest-UserMessagesTest-volume-type-174818676, it is now deprecated. Please use the default quota class for default quota.
2023-02-15 15:54:42.532 23 WARNING cinder.quota [None req-c01dc055-9e11-40fb-a7ca-5d941d43037a d7709b574e274a0a90e4e2c461a838ed d92a3441f2cf442b816597c72bf774c2 - - default default] Deprecated: Default quota for resource: volumes_tempest-UserMessagesTest-volume-type-174818676 is set by the default quota flag: quota_volumes_tempest-UserMessagesTest-volume-type-174818676, it is now deprecated. Please use the default quota class for default quota.
2023-02-15 15:54:42.533 23 WARNING cinder.quota [None req-c01dc055-9e11-40fb-a7ca-5d941d43037a d7709b574e274a0a90e4e2c461a838ed d92a3441f2cf442b816597c72bf774c2 - - default default] Deprecated: Default quota for resource: gigabytes_tempest-UserMessagesTest-volume-type-174818676 is set by the default quota flag: quota_gigabytes_tempest-UserMessagesTest-volume-type-174818676, it is now deprecated. Please use the default quota class for default quota.
2023-02-15 15:54:42.533 23 WARNING cinder.quota [None req-c01dc055-9e11-40fb-a7ca-5d941d43037a d7709b574e274a0a90e4e2c461a838ed d92a3441f2cf442b816597c72bf774c2 - - default default] Deprecated: Default quota for resource: snapshots_tempest-UserMessagesTest-volume-type-174818676 is set by the default quota flag: quota_snapshots_tempest-UserMessagesTest-volume-type-174818676, it is now deprecated. Please use the default quota class for default quota.
2023-02-15 15:54:42.587 23 INFO cinder.api.openstack.wsgi [None req-c01dc055-9e11-40fb-a7ca-5d941d43037a d7709b574e274a0a90e4e2c461a838ed d92a3441f2cf442b816597c72bf774c2 - - default default] http://[LB_IP_ADDRESS]:8776/v3/d92a3441f2cf442b816597c72bf774c2/os-quota-sets/329defb3115a43328b398351c294b958 returned with HTTP 200
2023-02-15 15:54:42.693 20 INFO cinder.volume.api [None req-1361e25f-5e17-494a-be6f-6af0d4550bb3 a701fbd1a6814470a3a59ca9c0c4f8cc 97137729dadc442c93d57aa500dfaa5a - - default default] Create volume request issued successfully.
2023-02-15 15:54:42.695 20 INFO cinder.api.openstack.wsgi [None req-1361e25f-5e17-494a-be6f-6af0d4550bb3 a701fbd1a6814470a3a59ca9c0c4f8cc 97137729dadc442c93d57aa500dfaa5a - - default default] http://[LB_IP_ADDRESS]:8776/v3/97137729dadc442c93d57aa500dfaa5a/volumes returned with HTTP 202
2023-02-15 15:54:42.717 21 INFO cinder.api.openstack.wsgi [None req-88691d63-ce0a-4a61-bb02-6580e347b856 a701fbd1a6814470a3a59ca9c0c4f8cc 97137729dadc442c93d57aa500dfaa5a - - default default] GET http://[LB_IP_ADDRESS]:8776/v3/97137729dadc442c93d57aa500dfaa5a/volumes/8dc198f8-f597-45ec-bbcd-16fa6b9537c5
2023-02-15 15:54:42.742 21 INFO cinder.volume.api [None req-88691d63-ce0a-4a61-bb02-6580e347b856 a701fbd1a6814470a3a59ca9c0c4f8cc 97137729dadc442c93d57aa500dfaa5a - - default default] Volume info retrieved successfully.
2023-02-15 15:54:42.752 21 INFO cinder.api.openstack.wsgi [None req-88691d63-ce0a-4a61-bb02-6580e347b856 a701fbd1a6814470a3a59ca9c0c4f8cc 97137729dadc442c93d57aa500dfaa5a - - default default] http://[LB_IP_ADDRESS]:8776/v3/97137729dadc442c93d57aa500dfaa5a/volumes/8dc198f8-f597-45ec-bbcd-16fa6b9537c5 returned with HTTP 200
2023-02-15 15:54:43.774 19 INFO cinder.api.openstack.wsgi [None req-4fab9949-f7ab-4e9d-9ef4-420992f3b9b0 a701fbd1a6814470a3a59ca9c0c4f8cc 97137729dadc442c93d57aa500dfaa5a - - default default] GET http://[LB_IP_ADDRESS]:8776/v3/97137729dadc442c93d57aa500dfaa5a/volumes/8dc198f8-f597-45ec-bbcd-16fa6b9537c5
2023-02-15 15:54:43.797 19 INFO cinder.volume.api [None req-4fab9949-f7ab-4e9d-9ef4-420992f3b9b0 a701fbd1a6814470a3a59ca9c0c4f8cc 97137729dadc442c93d57aa500dfaa5a - - default default] Volume info retrieved successfully.
2023-02-15 15:54:43.804 19 INFO cinder.api.openstack.wsgi [None req-4fab9949-f7ab-4e9d-9ef4-420992f3b9b0 a701fbd1a6814470a3a59ca9c0c4f8cc 97137729dadc442c93d57aa500dfaa5a - - default default] http://[LB_IP_ADDRESS]:8776/v3/97137729dadc442c93d57aa500dfaa5a/volumes/8dc198f8-f597-45ec-bbcd-16fa6b9537c5 returned with HTTP 200
2023-02-15 15:54:43.823 22 INFO cinder.api.openstack.wsgi [None req-40079a16-c956-41bb-a96d-9fd3eeaf825a a701fbd1a6814470a3a59ca9c0c4f8cc 97137729dadc442c93d57aa500dfaa5a - - default default] GET http://[LB_IP_ADDRESS]:8776/v3/97137729dadc442c93d57aa500dfaa5a/messages
2023-02-15 15:54:43.852 22 INFO cinder.api.openstack.wsgi [None req-40079a16-c956-41bb-a96d-9fd3eeaf825a a701fbd1a6814470a3a59ca9c0c4f8cc 97137729dadc442c93d57aa500dfaa5a - - default default] http://[LB_IP_ADDRESS]:8776/v3/97137729dadc442c93d57aa500dfaa5a/messages returned with HTTP 200
2023-02-15 15:54:43.890 23 INFO cinder.api.openstack.wsgi [None req-58ba20a7-3331-4676-928a-d22a7eff1f35 a701fbd1a6814470a3a59ca9c0c4f8cc 97137729dadc442c93d57aa500dfaa5a - - default default] DELETE http://[LB_IP_ADDRESS]:8776/v3/97137729dadc442c93d57aa500dfaa5a/messages/4cdccd9d-6bf4-4f64-a37e-89f4b80b76ed
2023-02-15 15:54:43.903 23 INFO cinder.api.openstack.wsgi [None req-58ba20a7-3331-4676-928a-d22a7eff1f35 a701fbd1a6814470a3a59ca9c0c4f8cc 97137729dadc442c93d57aa500dfaa5a - - default default] http://[LB_IP_ADDRESS]:8776/v3/97137729dadc442c93d57aa500dfaa5a/messages/4cdccd9d-6bf4-4f64-a37e-89f4b80b76ed returned with HTTP 204
2023-02-15 15:54:43.916 20 INFO cinder.api.openstack.wsgi [None req-c8a364d8-90d8-4c8b-ba9c-bf731506b133 a701fbd1a6814470a3a59ca9c0c4f8cc 97137729dadc442c93d57aa500dfaa5a - - default default] GET http://[LB_IP_ADDRESS]:8776/v3/97137729dadc442c93d57aa500dfaa5a/messages/4cdccd9d-6bf4-4f64-a37e-89f4b80b76ed
2023-02-15 15:54:43.922 20 INFO cinder.api.openstack.wsgi [None req-c8a364d8-90d8-4c8b-ba9c-bf731506b133 a701fbd1a6814470a3a59ca9c0c4f8cc 97137729dadc442c93d57aa500dfaa5a - - default default] http://[LB_IP_ADDRESS]:8776/v3/97137729dadc442c93d57aa500dfaa5a/messages/4cdccd9d-6bf4-4f64-a37e-89f4b80b76ed returned with HTTP 404
2023-02-15 15:54:43.933 21 INFO cinder.api.openstack.wsgi [None req-2b867697-3b2e-48ae-98c9-8c43c0d4a04b 5f1a714439ce49369f0eecbe1b0715ab b7cbffc4af494bdaafb283c4c0976896 - - default default] POST http://[LB_IP_ADDRESS]:8776/v3/b7cbffc4af494bdaafb283c4c0976896/types
2023-02-15 15:54:43.964 21 INFO cinder.api.openstack.wsgi [None req-2b867697-3b2e-48ae-98c9-8c43c0d4a04b 5f1a714439ce49369f0eecbe1b0715ab b7cbffc4af494bdaafb283c4c0976896 - - default default] http://[LB_IP_ADDRESS]:8776/v3/b7cbffc4af494bdaafb283c4c0976896/types returned with HTTP 200
2023-02-15 15:54:43.977 19 INFO cinder.api.openstack.wsgi [None req-3369ef94-a8e5-4829-ab5a-1b15de90b64f a701fbd1a6814470a3a59ca9c0c4f8cc 97137729dadc442c93d57aa500dfaa5a - - default default] POST http://[LB_IP_ADDRESS]:8776/v3/97137729dadc442c93d57aa500dfaa5a/volumes
2023-02-15 15:54:43.987 19 INFO cinder.api.v3.volumes [None req-3369ef94-a8e5-4829-ab5a-1b15de90b64f a701fbd1a6814470a3a59ca9c0c4f8cc 97137729dadc442c93d57aa500dfaa5a - - default default] Create volume of 1 GB
2023-02-15 15:54:43.989 19 INFO cinder.volume.api [None req-3369ef94-a8e5-4829-ab5a-1b15de90b64f a701fbd1a6814470a3a59ca9c0c4f8cc 97137729dadc442c93d57aa500dfaa5a - - default default] Availability Zones retrieved successfully.
2023-02-15 15:54:44.159 19 WARNING cinder.quota [None req-3369ef94-a8e5-4829-ab5a-1b15de90b64f a701fbd1a6814470a3a59ca9c0c4f8cc 97137729dadc442c93d57aa500dfaa5a - - default default] Deprecated: Default quota for resource: volumes_tempest-UserMessagesTest-volume-type-324022763 is set by the default quota flag: quota_volumes_tempest-UserMessagesTest-volume-type-324022763, it is now deprecated. Please use the default quota class for default quota.
2023-02-15 15:54:44.160 19 WARNING cinder.quota [None req-3369ef94-a8e5-4829-ab5a-1b15de90b64f a701fbd1a6814470a3a59ca9c0c4f8cc 97137729dadc442c93d57aa500dfaa5a - - default default] Deprecated: Default quota for resource: gigabytes_tempest-UserMessagesTest-volume-type-324022763 is set by the default quota flag: quota_gigabytes_tempest-UserMessagesTest-volume-type-324022763, it is now deprecated. Please use the default quota class for default quota.
2023-02-15 15:54:44.291 19 INFO cinder.volume.api [None req-3369ef94-a8e5-4829-ab5a-1b15de90b64f a701fbd1a6814470a3a59ca9c0c4f8cc 97137729dadc442c93d57aa500dfaa5a - - default default] Create volume request issued successfully.
2023-02-15 15:54:44.293 19 INFO cinder.api.openstack.wsgi [None req-3369ef94-a8e5-4829-ab5a-1b15de90b64f a701fbd1a6814470a3a59ca9c0c4f8cc 97137729dadc442c93d57aa500dfaa5a - - default default] http://[LB_IP_ADDRESS]:8776/v3/97137729dadc442c93d57aa500dfaa5a/volumes returned with HTTP 202
2023-02-15 15:54:44.313 22 INFO cinder.api.openstack.wsgi [None req-a679c722-d5e8-4b20-a85f-75549df25e7b a701fbd1a6814470a3a59ca9c0c4f8cc 97137729dadc442c93d57aa500dfaa5a - - default default] GET http://[LB_IP_ADDRESS]:8776/v3/97137729dadc442c93d57aa500dfaa5a/volumes/e98835be-683a-4af6-8466-4d5bf89dfd29
2023-02-15 15:54:44.336 22 INFO cinder.volume.api [None req-a679c722-d5e8-4b20-a85f-75549df25e7b a701fbd1a6814470a3a59ca9c0c4f8cc 97137729dadc442c93d57aa500dfaa5a - - default default] Volume info retrieved successfully.
2023-02-15 15:54:44.343 22 INFO cinder.api.openstack.wsgi [None req-a679c722-d5e8-4b20-a85f-75549df25e7b a701fbd1a6814470a3a59ca9c0c4f8cc 97137729dadc442c93d57aa500dfaa5a - - default default] http://[LB_IP_ADDRESS]:8776/v3/97137729dadc442c93d57aa500dfaa5a/volumes/e98835be-683a-4af6-8466-4d5bf89dfd29 returned with HTTP 200
2023-02-15 15:54:45.275 23 INFO cinder.api.openstack.wsgi [None req-b9a9c2b7-d394-42ab-b07d-6ac1b03d15ae ff3a78eaaf5e4031b1f472b8e72b4527 ab3a720218bb4aba83e653b4223f7671 - - default default] POST http://[LB_IP_ADDRESS]:8776/v3/ab3a720218bb4aba83e653b4223f7671/volumes
2023-02-15 15:54:45.352 23 INFO cinder.api.v3.volumes [None req-b9a9c2b7-d394-42ab-b07d-6ac1b03d15ae ff3a78eaaf5e4031b1f472b8e72b4527 ab3a720218bb4aba83e653b4223f7671 - - default default] Create volume of 1 GB
