2026-04-28 15:24:41.851 73 INFO cinder.api.v3.volumes [None req-e56aaa22-e6ae-4a04-bf51-53392434ee01 de9656607a2e42bda5be7a3deb25b353 b6554b3dfdd24602ad6785c58309dbb0 - - default default] Delete volume with id: 017f0c7e-2390-4a61-a97a-a52f1d3f721d 
2026-04-28 15:24:41.869 73 INFO cinder.volume.api [None req-e56aaa22-e6ae-4a04-bf51-53392434ee01 de9656607a2e42bda5be7a3deb25b353 b6554b3dfdd24602ad6785c58309dbb0 - - default default] Volume info retrieved successfully.
2026-04-28 15:24:41.889 76 INFO cinder.api.openstack.wsgi [req-c588704a-10c7-454c-a984-d990381d85c9 req-94347903-0ad4-4304-8b66-d9dfd11e6c24 74b0287e0aab4531b6d4a8da3288dd94 ddeaa4dc7c7a4d48bf45d96b406bb6ec - - default default] GET http://[LB_IP_ADDRESS]:8776/v3/volumes/acf81136-afdb-4d8f-a4ff-1f86e1ac4e7c
2026-04-28 15:24:41.903 76 INFO cinder.api.openstack.wsgi [req-c588704a-10c7-454c-a984-d990381d85c9 req-94347903-0ad4-4304-8b66-d9dfd11e6c24 74b0287e0aab4531b6d4a8da3288dd94 ddeaa4dc7c7a4d48bf45d96b406bb6ec - - default default] http://[LB_IP_ADDRESS]:8776/v3/volumes/acf81136-afdb-4d8f-a4ff-1f86e1ac4e7c returned with HTTP 404
2026-04-28 15:24:41.903 73 INFO cinder.volume.api [None req-e56aaa22-e6ae-4a04-bf51-53392434ee01 de9656607a2e42bda5be7a3deb25b353 b6554b3dfdd24602ad6785c58309dbb0 - - default default] Delete volume request issued successfully.
2026-04-28 15:24:41.904 73 INFO cinder.api.openstack.wsgi [None req-e56aaa22-e6ae-4a04-bf51-53392434ee01 de9656607a2e42bda5be7a3deb25b353 b6554b3dfdd24602ad6785c58309dbb0 - - default default] http://[LB_IP_ADDRESS]:8776/v3/b6554b3dfdd24602ad6785c58309dbb0/volumes/017f0c7e-2390-4a61-a97a-a52f1d3f721d returned with HTTP 202
2026-04-28 15:24:41.916 75 INFO cinder.api.openstack.wsgi [None req-0b27de6a-39de-4897-8cd4-6f6a7ceefae0 de9656607a2e42bda5be7a3deb25b353 b6554b3dfdd24602ad6785c58309dbb0 - - default default] GET http://[LB_IP_ADDRESS]:8776/v3/b6554b3dfdd24602ad6785c58309dbb0/volumes/017f0c7e-2390-4a61-a97a-a52f1d3f721d
2026-04-28 15:24:41.927 74 WARNING cinder.quota [None req-e8f0000e-d559-4798-80e8-5da5f4513dd0 89dcd13d806d468bace412a6eb4bbdc7 ce9cb42587c24c2e82789bacb17a8f41 - - default default] Deprecated: Default quota for resource: volumes_tempest-GroupsV314Test-volume-type-4698020 is set by the default quota flag: quota_volumes_tempest-GroupsV314Test-volume-type-4698020, it is now deprecated. Please use the default quota class for default quota.
2026-04-28 15:24:41.927 74 WARNING cinder.quota [None req-e8f0000e-d559-4798-80e8-5da5f4513dd0 89dcd13d806d468bace412a6eb4bbdc7 ce9cb42587c24c2e82789bacb17a8f41 - - default default] Deprecated: Default quota for resource: gigabytes_tempest-GroupsV314Test-volume-type-4698020 is set by the default quota flag: quota_gigabytes_tempest-GroupsV314Test-volume-type-4698020, it is now deprecated. Please use the default quota class for default quota.
2026-04-28 15:24:41.932 75 INFO cinder.volume.api [None req-0b27de6a-39de-4897-8cd4-6f6a7ceefae0 de9656607a2e42bda5be7a3deb25b353 b6554b3dfdd24602ad6785c58309dbb0 - - default default] Volume info retrieved successfully.
2026-04-28 15:24:41.938 75 INFO cinder.api.openstack.wsgi [None req-0b27de6a-39de-4897-8cd4-6f6a7ceefae0 de9656607a2e42bda5be7a3deb25b353 b6554b3dfdd24602ad6785c58309dbb0 - - default default] http://[LB_IP_ADDRESS]:8776/v3/b6554b3dfdd24602ad6785c58309dbb0/volumes/017f0c7e-2390-4a61-a97a-a52f1d3f721d returned with HTTP 200
2026-04-28 15:24:41.945 72 INFO cinder.api.openstack.wsgi [req-50ec1f70-6f47-4fac-8cf8-7559a8894490 req-835fe4d9-6aa4-4467-9a78-1375290150ba 74b0287e0aab4531b6d4a8da3288dd94 ddeaa4dc7c7a4d48bf45d96b406bb6ec - - default default] DELETE http://[LB_IP_ADDRESS]:8776/v3/volumes/acf81136-afdb-4d8f-a4ff-1f86e1ac4e7c
2026-04-28 15:24:41.946 72 INFO cinder.api.v3.volumes [req-50ec1f70-6f47-4fac-8cf8-7559a8894490 req-835fe4d9-6aa4-4467-9a78-1375290150ba 74b0287e0aab4531b6d4a8da3288dd94 ddeaa4dc7c7a4d48bf45d96b406bb6ec - - default default] Delete volume with id: acf81136-afdb-4d8f-a4ff-1f86e1ac4e7c 
2026-04-28 15:24:41.959 72 INFO cinder.api.openstack.wsgi [req-50ec1f70-6f47-4fac-8cf8-7559a8894490 req-835fe4d9-6aa4-4467-9a78-1375290150ba 74b0287e0aab4531b6d4a8da3288dd94 ddeaa4dc7c7a4d48bf45d96b406bb6ec - - default default] http://[LB_IP_ADDRESS]:8776/v3/volumes/acf81136-afdb-4d8f-a4ff-1f86e1ac4e7c returned with HTTP 404
2026-04-28 15:24:41.993 76 INFO cinder.api.openstack.wsgi [req-1608377a-d9d7-4189-a0bc-dd1b31c99a75 req-2501f7f1-5f12-4bf3-a1b3-bacdd8212d61 74b0287e0aab4531b6d4a8da3288dd94 ddeaa4dc7c7a4d48bf45d96b406bb6ec - - default default] GET http://[LB_IP_ADDRESS]:8776/v3/volumes/acf81136-afdb-4d8f-a4ff-1f86e1ac4e7c
2026-04-28 15:24:42.007 76 INFO cinder.api.openstack.wsgi [req-1608377a-d9d7-4189-a0bc-dd1b31c99a75 req-2501f7f1-5f12-4bf3-a1b3-bacdd8212d61 74b0287e0aab4531b6d4a8da3288dd94 ddeaa4dc7c7a4d48bf45d96b406bb6ec - - default default] http://[LB_IP_ADDRESS]:8776/v3/volumes/acf81136-afdb-4d8f-a4ff-1f86e1ac4e7c returned with HTTP 404
2026-04-28 15:24:42.037 74 INFO cinder.volume.api [None req-e8f0000e-d559-4798-80e8-5da5f4513dd0 89dcd13d806d468bace412a6eb4bbdc7 ce9cb42587c24c2e82789bacb17a8f41 - - default default] Create volume request issued successfully.
2026-04-28 15:24:42.054 74 INFO cinder.api.openstack.wsgi [None req-e8f0000e-d559-4798-80e8-5da5f4513dd0 89dcd13d806d468bace412a6eb4bbdc7 ce9cb42587c24c2e82789bacb17a8f41 - - default default] http://[LB_IP_ADDRESS]:8776/v3/ce9cb42587c24c2e82789bacb17a8f41/volumes returned with HTTP 202
2026-04-28 15:24:42.076 73 INFO cinder.api.openstack.wsgi [None req-0d1edab2-9736-44de-9e2e-e34fbfb3025c 89dcd13d806d468bace412a6eb4bbdc7 ce9cb42587c24c2e82789bacb17a8f41 - - default default] GET http://[LB_IP_ADDRESS]:8776/v3/ce9cb42587c24c2e82789bacb17a8f41/volumes/f56af6fc-78dd-4818-8d52-c2209a513133
2026-04-28 15:24:42.101 73 INFO cinder.volume.api [None req-0d1edab2-9736-44de-9e2e-e34fbfb3025c 89dcd13d806d468bace412a6eb4bbdc7 ce9cb42587c24c2e82789bacb17a8f41 - - default default] Volume info retrieved successfully.
2026-04-28 15:24:42.133 73 INFO cinder.api.openstack.wsgi [None req-0d1edab2-9736-44de-9e2e-e34fbfb3025c 89dcd13d806d468bace412a6eb4bbdc7 ce9cb42587c24c2e82789bacb17a8f41 - - default default] http://[LB_IP_ADDRESS]:8776/v3/ce9cb42587c24c2e82789bacb17a8f41/volumes/f56af6fc-78dd-4818-8d52-c2209a513133 returned with HTTP 200
2026-04-28 15:24:42.962 75 INFO cinder.api.openstack.wsgi [None req-b4b0b956-c3fd-46bf-a602-cee2be2aabe1 de9656607a2e42bda5be7a3deb25b353 b6554b3dfdd24602ad6785c58309dbb0 - - default default] GET http://[LB_IP_ADDRESS]:8776/v3/b6554b3dfdd24602ad6785c58309dbb0/volumes/017f0c7e-2390-4a61-a97a-a52f1d3f721d
2026-04-28 15:24:42.977 75 INFO cinder.api.openstack.wsgi [None req-b4b0b956-c3fd-46bf-a602-cee2be2aabe1 de9656607a2e42bda5be7a3deb25b353 b6554b3dfdd24602ad6785c58309dbb0 - - default default] http://[LB_IP_ADDRESS]:8776/v3/b6554b3dfdd24602ad6785c58309dbb0/volumes/017f0c7e-2390-4a61-a97a-a52f1d3f721d returned with HTTP 404
2026-04-28 15:24:42.990 72 INFO cinder.api.openstack.wsgi [None req-c5a4c60a-14d6-4e25-bcc4-15dac7eaf351 de9656607a2e42bda5be7a3deb25b353 b6554b3dfdd24602ad6785c58309dbb0 - - default default] DELETE http://[LB_IP_ADDRESS]:8776/v3/b6554b3dfdd24602ad6785c58309dbb0/volumes/4127a845-8430-4810-bb83-91fc46a535c4
2026-04-28 15:24:42.991 72 INFO cinder.api.v3.volumes [None req-c5a4c60a-14d6-4e25-bcc4-15dac7eaf351 de9656607a2e42bda5be7a3deb25b353 b6554b3dfdd24602ad6785c58309dbb0 - - default default] Delete volume with id: 4127a845-8430-4810-bb83-91fc46a535c4 
2026-04-28 15:24:43.010 72 INFO cinder.volume.api [None req-c5a4c60a-14d6-4e25-bcc4-15dac7eaf351 de9656607a2e42bda5be7a3deb25b353 b6554b3dfdd24602ad6785c58309dbb0 - - default default] Volume info retrieved successfully.
2026-04-28 15:24:43.042 72 INFO cinder.volume.api [None req-c5a4c60a-14d6-4e25-bcc4-15dac7eaf351 de9656607a2e42bda5be7a3deb25b353 b6554b3dfdd24602ad6785c58309dbb0 - - default default] Delete volume request issued successfully.
2026-04-28 15:24:43.042 72 INFO cinder.api.openstack.wsgi [None req-c5a4c60a-14d6-4e25-bcc4-15dac7eaf351 de9656607a2e42bda5be7a3deb25b353 b6554b3dfdd24602ad6785c58309dbb0 - - default default] http://[LB_IP_ADDRESS]:8776/v3/b6554b3dfdd24602ad6785c58309dbb0/volumes/4127a845-8430-4810-bb83-91fc46a535c4 returned with HTTP 202
2026-04-28 15:24:43.056 76 INFO cinder.api.openstack.wsgi [None req-63052722-4ea8-42d7-ad9c-ded6766b898e de9656607a2e42bda5be7a3deb25b353 b6554b3dfdd24602ad6785c58309dbb0 - - default default] GET http://[LB_IP_ADDRESS]:8776/v3/b6554b3dfdd24602ad6785c58309dbb0/volumes/4127a845-8430-4810-bb83-91fc46a535c4
2026-04-28 15:24:43.082 76 INFO cinder.volume.api [None req-63052722-4ea8-42d7-ad9c-ded6766b898e de9656607a2e42bda5be7a3deb25b353 b6554b3dfdd24602ad6785c58309dbb0 - - default default] Volume info retrieved successfully.
2026-04-28 15:24:43.093 76 INFO cinder.api.openstack.wsgi [None req-63052722-4ea8-42d7-ad9c-ded6766b898e de9656607a2e42bda5be7a3deb25b353 b6554b3dfdd24602ad6785c58309dbb0 - - default default] http://[LB_IP_ADDRESS]:8776/v3/b6554b3dfdd24602ad6785c58309dbb0/volumes/4127a845-8430-4810-bb83-91fc46a535c4 returned with HTTP 200
2026-04-28 15:24:43.155 74 INFO cinder.api.openstack.wsgi [None req-e766956b-ee33-405c-a4b7-ae12745ef397 89dcd13d806d468bace412a6eb4bbdc7 ce9cb42587c24c2e82789bacb17a8f41 - - default default] GET http://[LB_IP_ADDRESS]:8776/v3/ce9cb42587c24c2e82789bacb17a8f41/volumes/f56af6fc-78dd-4818-8d52-c2209a513133
2026-04-28 15:24:43.174 74 INFO cinder.volume.api [None req-e766956b-ee33-405c-a4b7-ae12745ef397 89dcd13d806d468bace412a6eb4bbdc7 ce9cb42587c24c2e82789bacb17a8f41 - - default default] Volume info retrieved successfully.
2026-04-28 15:24:43.204 74 INFO cinder.api.openstack.wsgi [None req-e766956b-ee33-405c-a4b7-ae12745ef397 89dcd13d806d468bace412a6eb4bbdc7 ce9cb42587c24c2e82789bacb17a8f41 - - default default] http://[LB_IP_ADDRESS]:8776/v3/ce9cb42587c24c2e82789bacb17a8f41/volumes/f56af6fc-78dd-4818-8d52-c2209a513133 returned with HTTP 200
2026-04-28 15:24:43.231 73 INFO cinder.api.openstack.wsgi [None req-a6a01a32-3aa8-42a3-b249-ecebbc30d789 89dcd13d806d468bace412a6eb4bbdc7 ce9cb42587c24c2e82789bacb17a8f41 - - default default] POST http://[LB_IP_ADDRESS]:8776/v3/ce9cb42587c24c2e82789bacb17a8f41/groups/action
2026-04-28 15:24:43.236 73 INFO cinder.api.v3.groups [None req-a6a01a32-3aa8-42a3-b249-ecebbc30d789 89dcd13d806d468bace412a6eb4bbdc7 ce9cb42587c24c2e82789bacb17a8f41 - - default default] Creating group tempest-Group_from_grp-457731600 from source group 5756e70d-a0f2-402c-9719-5d65359c91a4.
2026-04-28 15:24:43.910 73 INFO cinder.group.api [None req-a6a01a32-3aa8-42a3-b249-ecebbc30d789 89dcd13d806d468bace412a6eb4bbdc7 ce9cb42587c24c2e82789bacb17a8f41 - - default default] A mapping entry already exists for group 8c8853a2-e5c2-4a5e-a5a4-79712c051ab9 and volume type af4f68b7-e16a-4fa1-b72d-a52d4cedca61. Do not need to create again.
2026-04-28 15:24:43.917 73 INFO cinder.volume.api [None req-a6a01a32-3aa8-42a3-b249-ecebbc30d789 89dcd13d806d468bace412a6eb4bbdc7 ce9cb42587c24c2e82789bacb17a8f41 - - default default] Availability Zones retrieved successfully.
2026-04-28 15:24:44.096 73 WARNING cinder.quota [None req-a6a01a32-3aa8-42a3-b249-ecebbc30d789 89dcd13d806d468bace412a6eb4bbdc7 ce9cb42587c24c2e82789bacb17a8f41 - - default default] Deprecated: Default quota for resource: volumes_tempest-GroupsV314Test-volume-type-4698020 is set by the default quota flag: quota_volumes_tempest-GroupsV314Test-volume-type-4698020, it is now deprecated. Please use the default quota class for default quota.
2026-04-28 15:24:44.096 73 WARNING cinder.quota [None req-a6a01a32-3aa8-42a3-b249-ecebbc30d789 89dcd13d806d468bace412a6eb4bbdc7 ce9cb42587c24c2e82789bacb17a8f41 - - default default] Deprecated: Default quota for resource: gigabytes_tempest-GroupsV314Test-volume-type-4698020 is set by the default quota flag: quota_gigabytes_tempest-GroupsV314Test-volume-type-4698020, it is now deprecated. Please use the default quota class for default quota.
2026-04-28 15:24:44.119 75 INFO cinder.api.openstack.wsgi [None req-06000199-5b2c-463f-aaa7-0dfbf1f92c6f de9656607a2e42bda5be7a3deb25b353 b6554b3dfdd24602ad6785c58309dbb0 - - default default] GET http://[LB_IP_ADDRESS]:8776/v3/b6554b3dfdd24602ad6785c58309dbb0/volumes/4127a845-8430-4810-bb83-91fc46a535c4
2026-04-28 15:24:44.133 75 INFO cinder.api.openstack.wsgi [None req-06000199-5b2c-463f-aaa7-0dfbf1f92c6f de9656607a2e42bda5be7a3deb25b353 b6554b3dfdd24602ad6785c58309dbb0 - - default default] http://[LB_IP_ADDRESS]:8776/v3/b6554b3dfdd24602ad6785c58309dbb0/volumes/4127a845-8430-4810-bb83-91fc46a535c4 returned with HTTP 404
2026-04-28 15:24:44.172 73 INFO cinder.volume.api [None req-a6a01a32-3aa8-42a3-b249-ecebbc30d789 89dcd13d806d468bace412a6eb4bbdc7 ce9cb42587c24c2e82789bacb17a8f41 - - default default] Create volume request issued successfully.
2026-04-28 15:24:44.191 73 INFO cinder.api.openstack.wsgi [None req-a6a01a32-3aa8-42a3-b249-ecebbc30d789 89dcd13d806d468bace412a6eb4bbdc7 ce9cb42587c24c2e82789bacb17a8f41 - - default default] http://[LB_IP_ADDRESS]:8776/v3/ce9cb42587c24c2e82789bacb17a8f41/groups/action returned with HTTP 202
2026-04-28 15:24:44.205 72 INFO cinder.api.openstack.wsgi [None req-65b27e75-9a0b-4792-ad14-baba3cc2f3bd 89dcd13d806d468bace412a6eb4bbdc7 ce9cb42587c24c2e82789bacb17a8f41 - - default default] GET http://[LB_IP_ADDRESS]:8776/v3/ce9cb42587c24c2e82789bacb17a8f41/volumes/detail
2026-04-28 15:24:44.223 72 INFO cinder.volume.api [None req-65b27e75-9a0b-4792-ad14-baba3cc2f3bd 89dcd13d806d468bace412a6eb4bbdc7 ce9cb42587c24c2e82789bacb17a8f41 - - default default] Get all volumes completed successfully.
2026-04-28 15:24:44.276 72 INFO cinder.api.openstack.wsgi [None req-65b27e75-9a0b-4792-ad14-baba3cc2f3bd 89dcd13d806d468bace412a6eb4bbdc7 ce9cb42587c24c2e82789bacb17a8f41 - - default default] http://[LB_IP_ADDRESS]:8776/v3/ce9cb42587c24c2e82789bacb17a8f41/volumes/detail returned with HTTP 200
2026-04-28 15:24:44.298 76 INFO cinder.api.openstack.wsgi [None req-0824836c-1bb6-47bf-aa22-d223bbdc8bc9 89dcd13d806d468bace412a6eb4bbdc7 ce9cb42587c24c2e82789bacb17a8f41 - - default default] GET http://[LB_IP_ADDRESS]:8776/v3/ce9cb42587c24c2e82789bacb17a8f41/volumes/44fa8eba-fc80-4abf-bc76-27ff65d28a3a
2026-04-28 15:24:44.319 76 INFO cinder.volume.api [None req-0824836c-1bb6-47bf-aa22-d223bbdc8bc9 89dcd13d806d468bace412a6eb4bbdc7 ce9cb42587c24c2e82789bacb17a8f41 - - default default] Volume info retrieved successfully.
2026-04-28 15:24:44.353 76 INFO cinder.api.openstack.wsgi [None req-0824836c-1bb6-47bf-aa22-d223bbdc8bc9 89dcd13d806d468bace412a6eb4bbdc7 ce9cb42587c24c2e82789bacb17a8f41 - - default default] http://[LB_IP_ADDRESS]:8776/v3/ce9cb42587c24c2e82789bacb17a8f41/volumes/44fa8eba-fc80-4abf-bc76-27ff65d28a3a returned with HTTP 200
2026-04-28 15:24:44.919 74 INFO cinder.api.openstack.wsgi [req-ed06351f-0df9-4203-874d-2e9073308a75 req-b3b7345e-9b60-4bda-acf3-4f37b852f523 84e5bb839ea04bce8f0eb8c2c96b73a5 70c1702d87444b9cafb534dfa27d3d0a - - default default] POST http://[LB_IP_ADDRESS]:8776/v3/volumes
2026-04-28 15:24:44.923 74 INFO cinder.api.v3.volumes [req-ed06351f-0df9-4203-874d-2e9073308a75 req-b3b7345e-9b60-4bda-acf3-4f37b852f523 84e5bb839ea04bce8f0eb8c2c96b73a5 70c1702d87444b9cafb534dfa27d3d0a - - default default] Create volume of 1 GB
2026-04-28 15:24:44.930 74 INFO cinder.volume.api [req-ed06351f-0df9-4203-874d-2e9073308a75 req-b3b7345e-9b60-4bda-acf3-4f37b852f523 84e5bb839ea04bce8f0eb8c2c96b73a5 70c1702d87444b9cafb534dfa27d3d0a - - default default] Availability Zones retrieved successfully.
2026-04-28 15:24:45.377 75 INFO cinder.api.openstack.wsgi [None req-423f92a8-79b3-4ced-943c-97a8ca76932b 89dcd13d806d468bace412a6eb4bbdc7 ce9cb42587c24c2e82789bacb17a8f41 - - default default] GET http://[LB_IP_ADDRESS]:8776/v3/ce9cb42587c24c2e82789bacb17a8f41/volumes/44fa8eba-fc80-4abf-bc76-27ff65d28a3a
2026-04-28 15:24:45.401 75 INFO cinder.volume.api [None req-423f92a8-79b3-4ced-943c-97a8ca76932b 89dcd13d806d468bace412a6eb4bbdc7 ce9cb42587c24c2e82789bacb17a8f41 - - default default] Volume info retrieved successfully.
2026-04-28 15:24:45.440 75 INFO cinder.api.openstack.wsgi [None req-423f92a8-79b3-4ced-943c-97a8ca76932b 89dcd13d806d468bace412a6eb4bbdc7 ce9cb42587c24c2e82789bacb17a8f41 - - default default] http://[LB_IP_ADDRESS]:8776/v3/ce9cb42587c24c2e82789bacb17a8f41/volumes/44fa8eba-fc80-4abf-bc76-27ff65d28a3a returned with HTTP 200
2026-04-28 15:24:45.523 74 INFO cinder.volume.api [req-ed06351f-0df9-4203-874d-2e9073308a75 req-b3b7345e-9b60-4bda-acf3-4f37b852f523 84e5bb839ea04bce8f0eb8c2c96b73a5 70c1702d87444b9cafb534dfa27d3d0a - - default default] Create volume request issued successfully.
2026-04-28 15:24:45.524 74 INFO cinder.api.openstack.wsgi [req-ed06351f-0df9-4203-874d-2e9073308a75 req-b3b7345e-9b60-4bda-acf3-4f37b852f523 84e5bb839ea04bce8f0eb8c2c96b73a5 70c1702d87444b9cafb534dfa27d3d0a - - default default] http://[LB_IP_ADDRESS]:8776/v3/volumes returned with HTTP 202
2026-04-28 15:24:45.540 73 INFO cinder.api.openstack.wsgi [req-ed06351f-0df9-4203-874d-2e9073308a75 req-0b949954-3301-4c07-a02b-63fe4c3f0d24 84e5bb839ea04bce8f0eb8c2c96b73a5 70c1702d87444b9cafb534dfa27d3d0a - - default default] GET http://[LB_IP_ADDRESS]:8776/v3/volumes/c549ef74-38fd-468a-bd48-8b673ce9d9a1
2026-04-28 15:24:45.561 73 INFO cinder.volume.api [req-ed06351f-0df9-4203-874d-2e9073308a75 req-0b949954-3301-4c07-a02b-63fe4c3f0d24 84e5bb839ea04bce8f0eb8c2c96b73a5 70c1702d87444b9cafb534dfa27d3d0a - - default default] Volume info retrieved successfully.
2026-04-28 15:24:45.571 73 INFO cinder.api.openstack.wsgi [req-ed06351f-0df9-4203-874d-2e9073308a75 req-0b949954-3301-4c07-a02b-63fe4c3f0d24 84e5bb839ea04bce8f0eb8c2c96b73a5 70c1702d87444b9cafb534dfa27d3d0a - - default default] http://[LB_IP_ADDRESS]:8776/v3/volumes/c549ef74-38fd-468a-bd48-8b673ce9d9a1 returned with HTTP 200
2026-04-28 15:24:45.608 72 INFO cinder.api.openstack.wsgi [req-8d0bf065-cb96-402a-b839-e13371978d52 req-9cb365fb-f333-4c2c-b3dd-44251c896907 84e5bb839ea04bce8f0eb8c2c96b73a5 70c1702d87444b9cafb534dfa27d3d0a - - default default] GET http://[LB_IP_ADDRESS]:8776/v3/volumes/c549ef74-38fd-468a-bd48-8b673ce9d9a1
2026-04-28 15:24:45.628 72 INFO cinder.volume.api [req-8d0bf065-cb96-402a-b839-e13371978d52 req-9cb365fb-f333-4c2c-b3dd-44251c896907 84e5bb839ea04bce8f0eb8c2c96b73a5 70c1702d87444b9cafb534dfa27d3d0a - - default default] Volume info retrieved successfully.
2026-04-28 15:24:45.637 72 INFO cinder.api.openstack.wsgi [req-8d0bf065-cb96-402a-b839-e13371978d52 req-9cb365fb-f333-4c2c-b3dd-44251c896907 84e5bb839ea04bce8f0eb8c2c96b73a5 70c1702d87444b9cafb534dfa27d3d0a - - default default] http://[LB_IP_ADDRESS]:8776/v3/volumes/c549ef74-38fd-468a-bd48-8b673ce9d9a1 returned with HTTP 200
2026-04-28 15:24:46.466 76 INFO cinder.api.openstack.wsgi [None req-88e9ed7c-e00a-4e36-b1c2-26ab797cb834 89dcd13d806d468bace412a6eb4bbdc7 ce9cb42587c24c2e82789bacb17a8f41 - - default default] GET http://[LB_IP_ADDRESS]:8776/v3/ce9cb42587c24c2e82789bacb17a8f41/volumes/44fa8eba-fc80-4abf-bc76-27ff65d28a3a
2026-04-28 15:24:46.484 76 INFO cinder.volume.api [None req-88e9ed7c-e00a-4e36-b1c2-26ab797cb834 89dcd13d806d468bace412a6eb4bbdc7 ce9cb42587c24c2e82789bacb17a8f41 - - default default] Volume info retrieved successfully.
2026-04-28 15:24:46.512 76 INFO cinder.api.openstack.wsgi [None req-88e9ed7c-e00a-4e36-b1c2-26ab797cb834 89dcd13d806d468bace412a6eb4bbdc7 ce9cb42587c24c2e82789bacb17a8f41 - - default default] http://[LB_IP_ADDRESS]:8776/v3/ce9cb42587c24c2e82789bacb17a8f41/volumes/44fa8eba-fc80-4abf-bc76-27ff65d28a3a returned with HTTP 200
2026-04-28 15:24:46.534 75 INFO cinder.api.openstack.wsgi [None req-24ad21a0-5e8b-4ca4-8f2f-8c1fc30bedc6 89dcd13d806d468bace412a6eb4bbdc7 ce9cb42587c24c2e82789bacb17a8f41 - - default default] GET http://[LB_IP_ADDRESS]:8776/v3/ce9cb42587c24c2e82789bacb17a8f41/groups/8c8853a2-e5c2-4a5e-a5a4-79712c051ab9
2026-04-28 15:24:46.559 75 INFO cinder.api.openstack.wsgi [None req-24ad21a0-5e8b-4ca4-8f2f-8c1fc30bedc6 89dcd13d806d468bace412a6eb4bbdc7 ce9cb42587c24c2e82789bacb17a8f41 - - default default] http://[LB_IP_ADDRESS]:8776/v3/ce9cb42587c24c2e82789bacb17a8f41/groups/8c8853a2-e5c2-4a5e-a5a4-79712c051ab9 returned with HTTP 200
2026-04-28 15:24:46.575 74 INFO cinder.api.openstack.wsgi [None req-0685f0ba-398a-462b-ad9d-1233da0faf78 89dcd13d806d468bace412a6eb4bbdc7 ce9cb42587c24c2e82789bacb17a8f41 - - default default] GET http://[LB_IP_ADDRESS]:8776/v3/ce9cb42587c24c2e82789bacb17a8f41/volumes/detail
2026-04-28 15:24:46.591 74 INFO cinder.volume.api [None req-0685f0ba-398a-462b-ad9d-1233da0faf78 89dcd13d806d468bace412a6eb4bbdc7 ce9cb42587c24c2e82789bacb17a8f41 - - default default] Get all volumes completed successfully.
2026-04-28 15:24:46.642 74 INFO cinder.api.openstack.wsgi [None req-0685f0ba-398a-462b-ad9d-1233da0faf78 89dcd13d806d468bace412a6eb4bbdc7 ce9cb42587c24c2e82789bacb17a8f41 - - default default] http://[LB_IP_ADDRESS]:8776/v3/ce9cb42587c24c2e82789bacb17a8f41/volumes/detail returned with HTTP 200
2026-04-28 15:24:46.672 73 INFO cinder.api.openstack.wsgi [None req-ee28c8f2-2c1a-44e1-9947-f1206b56c8d4 89dcd13d806d468bace412a6eb4bbdc7 ce9cb42587c24c2e82789bacb17a8f41 - - default default] POST http://[LB_IP_ADDRESS]:8776/v3/ce9cb42587c24c2e82789bacb17a8f41/groups/8c8853a2-e5c2-4a5e-a5a4-79712c051ab9/action
2026-04-28 15:24:46.680 73 INFO cinder.api.v3.groups [None req-ee28c8f2-2c1a-44e1-9947-f1206b56c8d4 89dcd13d806d468bace412a6eb4bbdc7 ce9cb42587c24c2e82789bacb17a8f41 - - default default] Delete group with id: 8c8853a2-e5c2-4a5e-a5a4-79712c051ab9
2026-04-28 15:24:46.687 72 INFO cinder.api.openstack.wsgi [req-fe5e48c7-4ead-4402-bc88-beebb8ff38a8 req-88dc4954-7973-4219-bc17-70b77aeadd60 84e5bb839ea04bce8f0eb8c2c96b73a5 70c1702d87444b9cafb534dfa27d3d0a - - default default] GET http://[LB_IP_ADDRESS]:8776/v3/volumes/c549ef74-38fd-468a-bd48-8b673ce9d9a1
2026-04-28 15:24:46.715 72 INFO cinder.volume.api [req-fe5e48c7-4ead-4402-bc88-beebb8ff38a8 req-88dc4954-7973-4219-bc17-70b77aeadd60 84e5bb839ea04bce8f0eb8c2c96b73a5 70c1702d87444b9cafb534dfa27d3d0a - - default default] Volume info retrieved successfully.
2026-04-28 15:24:46.727 72 INFO cinder.api.openstack.wsgi [req-fe5e48c7-4ead-4402-bc88-beebb8ff38a8 req-88dc4954-7973-4219-bc17-70b77aeadd60 84e5bb839ea04bce8f0eb8c2c96b73a5 70c1702d87444b9cafb534dfa27d3d0a - - default default] http://[LB_IP_ADDRESS]:8776/v3/volumes/c549ef74-38fd-468a-bd48-8b673ce9d9a1 returned with HTTP 200
2026-04-28 15:24:46.754 73 INFO cinder.api.openstack.wsgi [None req-ee28c8f2-2c1a-44e1-9947-f1206b56c8d4 89dcd13d806d468bace412a6eb4bbdc7 ce9cb42587c24c2e82789bacb17a8f41 - - default default] http://[LB_IP_ADDRESS]:8776/v3/ce9cb42587c24c2e82789bacb17a8f41/groups/8c8853a2-e5c2-4a5e-a5a4-79712c051ab9/action returned with HTTP 202
2026-04-28 15:24:46.767 76 INFO cinder.api.openstack.wsgi [None req-7f275d68-29f4-492c-ac71-9c41a68f9bf6 89dcd13d806d468bace412a6eb4bbdc7 ce9cb42587c24c2e82789bacb17a8f41 - - default default] GET http://[LB_IP_ADDRESS]:8776/v3/ce9cb42587c24c2e82789bacb17a8f41/volumes/44fa8eba-fc80-4abf-bc76-27ff65d28a3a
2026-04-28 15:24:46.769 75 INFO cinder.api.openstack.wsgi [req-92de7c17-280d-444d-a6a8-ebdd0820412c req-fd40e653-09da-40ca-82a9-970989d78952 84e5bb839ea04bce8f0eb8c2c96b73a5 70c1702d87444b9cafb534dfa27d3d0a - - default default] GET http://[LB_IP_ADDRESS]:8776/v3/volumes/c549ef74-38fd-468a-bd48-8b673ce9d9a1
2026-04-28 15:24:46.791 76 INFO cinder.volume.api [None req-7f275d68-29f4-492c-ac71-9c41a68f9bf6 89dcd13d806d468bace412a6eb4bbdc7 ce9cb42587c24c2e82789bacb17a8f41 - - default default] Volume info retrieved successfully.
2026-04-28 15:24:46.794 75 INFO cinder.volume.api [req-92de7c17-280d-444d-a6a8-ebdd0820412c req-fd40e653-09da-40ca-82a9-970989d78952 84e5bb839ea04bce8f0eb8c2c96b73a5 70c1702d87444b9cafb534dfa27d3d0a - - default default] Volume info retrieved successfully.
2026-04-28 15:24:46.804 75 INFO cinder.api.openstack.wsgi [req-92de7c17-280d-444d-a6a8-ebdd0820412c req-fd40e653-09da-40ca-82a9-970989d78952 84e5bb839ea04bce8f0eb8c2c96b73a5 70c1702d87444b9cafb534dfa27d3d0a - - default default] http://[LB_IP_ADDRESS]:8776/v3/volumes/c549ef74-38fd-468a-bd48-8b673ce9d9a1 returned with HTTP 200
2026-04-28 15:24:46.814 76 INFO cinder.api.openstack.wsgi [None req-7f275d68-29f4-492c-ac71-9c41a68f9bf6 89dcd13d806d468bace412a6eb4bbdc7 ce9cb42587c24c2e82789bacb17a8f41 - - default default] http://[LB_IP_ADDRESS]:8776/v3/ce9cb42587c24c2e82789bacb17a8f41/volumes/44fa8eba-fc80-4abf-bc76-27ff65d28a3a returned with HTTP 200
2026-04-28 15:24:46.850 74 INFO cinder.api.openstack.wsgi [req-2408d869-40f5-4b6a-bdd4-475682bc3400 req-e4cdf1f3-1ee1-4ef5-bffa-b13c786fe5a4 84e5bb839ea04bce8f0eb8c2c96b73a5 70c1702d87444b9cafb534dfa27d3d0a - - default default] DELETE http://[LB_IP_ADDRESS]:8776/v3/volumes/c549ef74-38fd-468a-bd48-8b673ce9d9a1
2026-04-28 15:24:46.850 74 INFO cinder.api.v3.volumes [req-2408d869-40f5-4b6a-bdd4-475682bc3400 req-e4cdf1f3-1ee1-4ef5-bffa-b13c786fe5a4 84e5bb839ea04bce8f0eb8c2c96b73a5 70c1702d87444b9cafb534dfa27d3d0a - - default default] Delete volume with id: c549ef74-38fd-468a-bd48-8b673ce9d9a1 
2026-04-28 15:24:46.866 74 INFO cinder.volume.api [req-2408d869-40f5-4b6a-bdd4-475682bc3400 req-e4cdf1f3-1ee1-4ef5-bffa-b13c786fe5a4 84e5bb839ea04bce8f0eb8c2c96b73a5 70c1702d87444b9cafb534dfa27d3d0a - - default default] Volume info retrieved successfully.
2026-04-28 15:24:46.894 74 INFO cinder.volume.api [req-2408d869-40f5-4b6a-bdd4-475682bc3400 req-e4cdf1f3-1ee1-4ef5-bffa-b13c786fe5a4 84e5bb839ea04bce8f0eb8c2c96b73a5 70c1702d87444b9cafb534dfa27d3d0a - - default default] Delete volume request issued successfully.
2026-04-28 15:24:46.894 74 INFO cinder.api.openstack.wsgi [req-2408d869-40f5-4b6a-bdd4-475682bc3400 req-e4cdf1f3-1ee1-4ef5-bffa-b13c786fe5a4 84e5bb839ea04bce8f0eb8c2c96b73a5 70c1702d87444b9cafb534dfa27d3d0a - - default default] http://[LB_IP_ADDRESS]:8776/v3/volumes/c549ef74-38fd-468a-bd48-8b673ce9d9a1 returned with HTTP 202
2026-04-28 15:24:46.928 72 INFO cinder.api.openstack.wsgi [req-1a9caea3-5af1-4c34-acd6-2d8ed0aeb281 req-fafeef3f-1598-420f-a001-a53bf98f9c7f 84e5bb839ea04bce8f0eb8c2c96b73a5 70c1702d87444b9cafb534dfa27d3d0a - - default default] GET http://[LB_IP_ADDRESS]:8776/v3/volumes/c549ef74-38fd-468a-bd48-8b673ce9d9a1
2026-04-28 15:24:46.948 72 INFO cinder.volume.api [req-1a9caea3-5af1-4c34-acd6-2d8ed0aeb281 req-fafeef3f-1598-420f-a001-a53bf98f9c7f 84e5bb839ea04bce8f0eb8c2c96b73a5 70c1702d87444b9cafb534dfa27d3d0a - - default default] Volume info retrieved successfully.
2026-04-28 15:24:46.956 72 INFO cinder.api.openstack.wsgi [req-1a9caea3-5af1-4c34-acd6-2d8ed0aeb281 req-fafeef3f-1598-420f-a001-a53bf98f9c7f 84e5bb839ea04bce8f0eb8c2c96b73a5 70c1702d87444b9cafb534dfa27d3d0a - - default default] http://[LB_IP_ADDRESS]:8776/v3/volumes/c549ef74-38fd-468a-bd48-8b673ce9d9a1 returned with HTTP 200
2026-04-28 15:24:47.838 73 INFO cinder.api.openstack.wsgi [None req-5101e4ca-dc82-4101-9890-a0b8a0b78c73 89dcd13d806d468bace412a6eb4bbdc7 ce9cb42587c24c2e82789bacb17a8f41 - - default default] GET http://[LB_IP_ADDRESS]:8776/v3/ce9cb42587c24c2e82789bacb17a8f41/volumes/44fa8eba-fc80-4abf-bc76-27ff65d28a3a
2026-04-28 15:24:47.854 73 INFO cinder.api.openstack.wsgi [None req-5101e4ca-dc82-4101-9890-a0b8a0b78c73 89dcd13d806d468bace412a6eb4bbdc7 ce9cb42587c24c2e82789bacb17a8f41 - - default default] http://[LB_IP_ADDRESS]:8776/v3/ce9cb42587c24c2e82789bacb17a8f41/volumes/44fa8eba-fc80-4abf-bc76-27ff65d28a3a returned with HTTP 404
2026-04-28 15:24:47.867 75 INFO cinder.api.openstack.wsgi [None req-db310451-3170-45ed-b409-ad6dfc861192 89dcd13d806d468bace412a6eb4bbdc7 ce9cb42587c24c2e82789bacb17a8f41 - - default default] GET http://[LB_IP_ADDRESS]:8776/v3/ce9cb42587c24c2e82789bacb17a8f41/groups/8c8853a2-e5c2-4a5e-a5a4-79712c051ab9
2026-04-28 15:24:47.873 75 INFO cinder.api.openstack.wsgi [None req-db310451-3170-45ed-b409-ad6dfc861192 89dcd13d806d468bace412a6eb4bbdc7 ce9cb42587c24c2e82789bacb17a8f41 - - default default] http://[LB_IP_ADDRESS]:8776/v3/ce9cb42587c24c2e82789bacb17a8f41/groups/8c8853a2-e5c2-4a5e-a5a4-79712c051ab9 returned with HTTP 404
2026-04-28 15:24:47.885 76 INFO cinder.api.openstack.wsgi [None req-d1f6c336-ac61-44bf-8436-439396d8cd3f 89dcd13d806d468bace412a6eb4bbdc7 ce9cb42587c24c2e82789bacb17a8f41 - - default default] GET http://[LB_IP_ADDRESS]:8776/v3/ce9cb42587c24c2e82789bacb17a8f41/volumes/detail
2026-04-28 15:24:47.900 76 INFO cinder.volume.api [None req-d1f6c336-ac61-44bf-8436-439396d8cd3f 89dcd13d806d468bace412a6eb4bbdc7 ce9cb42587c24c2e82789bacb17a8f41 - - default default] Get all volumes completed successfully.
2026-04-28 15:24:47.924 76 INFO cinder.api.openstack.wsgi [None req-d1f6c336-ac61-44bf-8436-439396d8cd3f 89dcd13d806d468bace412a6eb4bbdc7 ce9cb42587c24c2e82789bacb17a8f41 - - default default] http://[LB_IP_ADDRESS]:8776/v3/ce9cb42587c24c2e82789bacb17a8f41/volumes/detail returned with HTTP 200
2026-04-28 15:24:47.947 74 INFO cinder.api.openstack.wsgi [None req-407f9c47-990c-42cd-b4c6-1e7300b85479 89dcd13d806d468bace412a6eb4bbdc7 ce9cb42587c24c2e82789bacb17a8f41 - - default default] POST http://[LB_IP_ADDRESS]:8776/v3/ce9cb42587c24c2e82789bacb17a8f41/groups/5756e70d-a0f2-402c-9719-5d65359c91a4/action
2026-04-28 15:24:47.951 74 INFO cinder.api.v3.groups [None req-407f9c47-990c-42cd-b4c6-1e7300b85479 89dcd13d806d468bace412a6eb4bbdc7 ce9cb42587c24c2e82789bacb17a8f41 - - default default] Delete group with id: 5756e70d-a0f2-402c-9719-5d65359c91a4
2026-04-28 15:24:47.999 72 INFO cinder.api.openstack.wsgi [req-b61c8282-277a-4b13-8174-4833fa00cf5d req-ad0130ea-9568-4782-b77e-f1606ed440bd 84e5bb839ea04bce8f0eb8c2c96b73a5 70c1702d87444b9cafb534dfa27d3d0a - - default default] GET http://[LB_IP_ADDRESS]:8776/v3/volumes/c549ef74-38fd-468a-bd48-8b673ce9d9a1
2026-04-28 15:24:48.012 72 INFO cinder.api.openstack.wsgi [req-b61c8282-277a-4b13-8174-4833fa00cf5d req-ad0130ea-9568-4782-b77e-f1606ed440bd 84e5bb839ea04bce8f0eb8c2c96b73a5 70c1702d87444b9cafb534dfa27d3d0a - - default default] http://[LB_IP_ADDRESS]:8776/v3/volumes/c549ef74-38fd-468a-bd48-8b673ce9d9a1 returned with HTTP 404
2026-04-28 15:24:48.024 74 INFO cinder.api.openstack.wsgi [None req-407f9c47-990c-42cd-b4c6-1e7300b85479 89dcd13d806d468bace412a6eb4bbdc7 ce9cb42587c24c2e82789bacb17a8f41 - - default default] http://[LB_IP_ADDRESS]:8776/v3/ce9cb42587c24c2e82789bacb17a8f41/groups/5756e70d-a0f2-402c-9719-5d65359c91a4/action returned with HTTP 202
2026-04-28 15:24:48.038 73 INFO cinder.api.openstack.wsgi [None req-a9849bff-b4b2-43e0-b122-f0eba70db618 89dcd13d806d468bace412a6eb4bbdc7 ce9cb42587c24c2e82789bacb17a8f41 - - default default] GET http://[LB_IP_ADDRESS]:8776/v3/ce9cb42587c24c2e82789bacb17a8f41/volumes/f56af6fc-78dd-4818-8d52-c2209a513133
2026-04-28 15:24:48.066 73 INFO cinder.volume.api [None req-a9849bff-b4b2-43e0-b122-f0eba70db618 89dcd13d806d468bace412a6eb4bbdc7 ce9cb42587c24c2e82789bacb17a8f41 - - default default] Volume info retrieved successfully.
2026-04-28 15:24:48.091 73 INFO cinder.api.openstack.wsgi [None req-a9849bff-b4b2-43e0-b122-f0eba70db618 89dcd13d806d468bace412a6eb4bbdc7 ce9cb42587c24c2e82789bacb17a8f41 - - default default] http://[LB_IP_ADDRESS]:8776/v3/ce9cb42587c24c2e82789bacb17a8f41/volumes/f56af6fc-78dd-4818-8d52-c2209a513133 returned with HTTP 200
2026-04-28 15:24:48.668 75 INFO cinder.api.openstack.wsgi [None req-04bcd54d-c9f1-49b7-8cde-87714b80c208 1cf71e08f33948ca87c0ebb2c4f1fd39 2db89bcb687b4385b26493d4171b41a3 - - default default] GET http://[LB_IP_ADDRESS]:8776/v3/2db89bcb687b4385b26493d4171b41a3/scheduler-stats/get_pools
2026-04-28 15:24:49.114 76 INFO cinder.api.openstack.wsgi [None req-9e686dee-ace1-411e-a380-af6444c82e98 89dcd13d806d468bace412a6eb4bbdc7 ce9cb42587c24c2e82789bacb17a8f41 - - default default] GET http://[LB_IP_ADDRESS]:8776/v3/ce9cb42587c24c2e82789bacb17a8f41/volumes/f56af6fc-78dd-4818-8d52-c2209a513133
2026-04-28 15:24:49.128 76 INFO cinder.api.openstack.wsgi [None req-9e686dee-ace1-411e-a380-af6444c82e98 89dcd13d806d468bace412a6eb4bbdc7 ce9cb42587c24c2e82789bacb17a8f41 - - default default] http://[LB_IP_ADDRESS]:8776/v3/ce9cb42587c24c2e82789bacb17a8f41/volumes/f56af6fc-78dd-4818-8d52-c2209a513133 returned with HTTP 404
2026-04-28 15:24:49.141 72 INFO cinder.api.openstack.wsgi [None req-abd322e8-c52e-4acd-b652-296dcd15e405 89dcd13d806d468bace412a6eb4bbdc7 ce9cb42587c24c2e82789bacb17a8f41 - - default default] GET http://[LB_IP_ADDRESS]:8776/v3/ce9cb42587c24c2e82789bacb17a8f41/groups/5756e70d-a0f2-402c-9719-5d65359c91a4
2026-04-28 15:24:49.147 72 INFO cinder.api.openstack.wsgi [None req-abd322e8-c52e-4acd-b652-296dcd15e405 89dcd13d806d468bace412a6eb4bbdc7 ce9cb42587c24c2e82789bacb17a8f41 - - default default] http://[LB_IP_ADDRESS]:8776/v3/ce9cb42587c24c2e82789bacb17a8f41/groups/5756e70d-a0f2-402c-9719-5d65359c91a4 returned with HTTP 404
2026-04-28 15:24:49.160 74 INFO cinder.api.openstack.wsgi [None req-63794de3-743c-48ce-b60c-023c939b24d5 513dad18c6114ad48ba46ea21890b846 e9c6bc7378d944b498208591704f9c09 - - default default] DELETE http://[LB_IP_ADDRESS]:8776/v3/e9c6bc7378d944b498208591704f9c09/group_types/59056196-fd3b-4dd3-85e7-717520eb80fb
2026-04-28 15:24:49.179 75 INFO cinder.api.openstack.wsgi [None req-04bcd54d-c9f1-49b7-8cde-87714b80c208 1cf71e08f33948ca87c0ebb2c4f1fd39 2db89bcb687b4385b26493d4171b41a3 - - default default] http://[LB_IP_ADDRESS]:8776/v3/2db89bcb687b4385b26493d4171b41a3/scheduler-stats/get_pools returned with HTTP 200
2026-04-28 15:24:49.183 74 INFO cinder.api.openstack.wsgi [None req-63794de3-743c-48ce-b60c-023c939b24d5 513dad18c6114ad48ba46ea21890b846 e9c6bc7378d944b498208591704f9c09 - - default default] http://[LB_IP_ADDRESS]:8776/v3/e9c6bc7378d944b498208591704f9c09/group_types/59056196-fd3b-4dd3-85e7-717520eb80fb returned with HTTP 202
2026-04-28 15:24:49.197 76 INFO cinder.api.openstack.wsgi [None req-501f31ac-016c-4423-ab3f-172b2ea06815 513dad18c6114ad48ba46ea21890b846 e9c6bc7378d944b498208591704f9c09 - - default default] DELETE http://[LB_IP_ADDRESS]:8776/v3/e9c6bc7378d944b498208591704f9c09/types/af4f68b7-e16a-4fa1-b72d-a52d4cedca61
2026-04-28 15:24:49.198 73 INFO cinder.api.openstack.wsgi [None req-7065d33d-3dc4-41d4-beac-830a3f6a1fd5 1cf71e08f33948ca87c0ebb2c4f1fd39 2db89bcb687b4385b26493d4171b41a3 - - default default] GET http://[LB_IP_ADDRESS]:8776/v3/2db89bcb687b4385b26493d4171b41a3/scheduler-stats/get_pools?detail=True
2026-04-28 15:24:49.255 76 INFO cinder.api.openstack.wsgi [None req-501f31ac-016c-4423-ab3f-172b2ea06815 513dad18c6114ad48ba46ea21890b846 e9c6bc7378d944b498208591704f9c09 - - default default] http://[LB_IP_ADDRESS]:8776/v3/e9c6bc7378d944b498208591704f9c09/types/af4f68b7-e16a-4fa1-b72d-a52d4cedca61 returned with HTTP 202
2026-04-28 15:24:49.268 72 INFO cinder.api.openstack.wsgi [None req-3f2dc6eb-28f0-4d9c-ac40-3986ce9562bb 513dad18c6114ad48ba46ea21890b846 e9c6bc7378d944b498208591704f9c09 - - default default] GET http://[LB_IP_ADDRESS]:8776/v3/e9c6bc7378d944b498208591704f9c09/types/af4f68b7-e16a-4fa1-b72d-a52d4cedca61
2026-04-28 15:24:49.276 72 INFO cinder.api.openstack.wsgi [None req-3f2dc6eb-28f0-4d9c-ac40-3986ce9562bb 513dad18c6114ad48ba46ea21890b846 e9c6bc7378d944b498208591704f9c09 - - default default] http://[LB_IP_ADDRESS]:8776/v3/e9c6bc7378d944b498208591704f9c09/types/af4f68b7-e16a-4fa1-b72d-a52d4cedca61 returned with HTTP 404
2026-04-28 15:24:49.707 73 INFO cinder.api.openstack.wsgi [None req-7065d33d-3dc4-41d4-beac-830a3f6a1fd5 1cf71e08f33948ca87c0ebb2c4f1fd39 2db89bcb687b4385b26493d4171b41a3 - - default default] http://[LB_IP_ADDRESS]:8776/v3/2db89bcb687b4385b26493d4171b41a3/scheduler-stats/get_pools?detail=True returned with HTTP 200
2026-04-28 15:24:49.724 75 INFO cinder.api.openstack.wsgi [None req-ebe4f69b-0447-46d6-a10b-ed0abe0859bc 1cf71e08f33948ca87c0ebb2c4f1fd39 2db89bcb687b4385b26493d4171b41a3 - - default default] GET http://[LB_IP_ADDRESS]:8776/v3/2db89bcb687b4385b26493d4171b41a3/capabilities/rack11-server76@LIGHTOSefxxli
2026-04-28 15:24:50.238 75 INFO cinder.api.openstack.wsgi [None req-ebe4f69b-0447-46d6-a10b-ed0abe0859bc 1cf71e08f33948ca87c0ebb2c4f1fd39 2db89bcb687b4385b26493d4171b41a3 - - default default] http://[LB_IP_ADDRESS]:8776/v3/2db89bcb687b4385b26493d4171b41a3/capabilities/rack11-server76@LIGHTOSefxxli returned with HTTP 200
2026-04-28 15:24:50.258 74 INFO cinder.api.openstack.wsgi [None req-e4b453a0-c06f-4536-8786-c84a8f0d9089 1cf71e08f33948ca87c0ebb2c4f1fd39 2db89bcb687b4385b26493d4171b41a3 - - default default] GET http://[LB_IP_ADDRESS]:8776/v3/2db89bcb687b4385b26493d4171b41a3/capabilities/rack11-server76@LIGHTOSefxxli
2026-04-28 15:24:50.771 74 INFO cinder.api.openstack.wsgi [None req-e4b453a0-c06f-4536-8786-c84a8f0d9089 1cf71e08f33948ca87c0ebb2c4f1fd39 2db89bcb687b4385b26493d4171b41a3 - - default default] http://[LB_IP_ADDRESS]:8776/v3/2db89bcb687b4385b26493d4171b41a3/capabilities/rack11-server76@LIGHTOSefxxli returned with HTTP 200
2026-04-28 15:24:52.919 76 INFO cinder.api.openstack.wsgi [None req-05ff277d-907d-4ae0-96d6-bd8f54b1597b 61cff3dcb03a40fca8db8dee88f1eead 1f8fdb75d9e742cb9f6757bdc46bccfc - - default default] POST http://[LB_IP_ADDRESS]:8776/v3/1f8fdb75d9e742cb9f6757bdc46bccfc/types
2026-04-28 15:24:52.959 76 INFO cinder.api.openstack.wsgi [None req-05ff277d-907d-4ae0-96d6-bd8f54b1597b 61cff3dcb03a40fca8db8dee88f1eead 1f8fdb75d9e742cb9f6757bdc46bccfc - - default default] http://[LB_IP_ADDRESS]:8776/v3/1f8fdb75d9e742cb9f6757bdc46bccfc/types returned with HTTP 200
2026-04-28 15:24:52.978 72 INFO cinder.api.openstack.wsgi [None req-fd2009d3-8de4-4f41-ac82-f0826492cee4 61cff3dcb03a40fca8db8dee88f1eead 1f8fdb75d9e742cb9f6757bdc46bccfc - - default default] POST http://[LB_IP_ADDRESS]:8776/v3/1f8fdb75d9e742cb9f6757bdc46bccfc/group_types
2026-04-28 15:24:53.011 72 INFO cinder.api.openstack.wsgi [None req-fd2009d3-8de4-4f41-ac82-f0826492cee4 61cff3dcb03a40fca8db8dee88f1eead 1f8fdb75d9e742cb9f6757bdc46bccfc - - default default] http://[LB_IP_ADDRESS]:8776/v3/1f8fdb75d9e742cb9f6757bdc46bccfc/group_types returned with HTTP 202
2026-04-28 15:24:53.142 73 INFO cinder.api.openstack.wsgi [None req-334e5ba8-a210-449c-8a97-8b95ff963163 c5b43faf4783460baa16f09733f900ff bb0c9d3eadb54507a08fea627dece021 - - default default] POST http://[LB_IP_ADDRESS]:8776/v3/bb0c9d3eadb54507a08fea627dece021/groups
2026-04-28 15:24:53.155 73 INFO cinder.api.v3.groups [None req-334e5ba8-a210-449c-8a97-8b95ff963163 c5b43faf4783460baa16f09733f900ff bb0c9d3eadb54507a08fea627dece021 - - default default] Creating group tempest-GroupSnapshotsV319Test-Group-636782361.
2026-04-28 15:24:53.169 73 INFO cinder.volume.api [None req-334e5ba8-a210-449c-8a97-8b95ff963163 c5b43faf4783460baa16f09733f900ff bb0c9d3eadb54507a08fea627dece021 - - default default] Availability Zones retrieved successfully.
2026-04-28 15:24:53.280 73 INFO cinder.api.openstack.wsgi [None req-334e5ba8-a210-449c-8a97-8b95ff963163 c5b43faf4783460baa16f09733f900ff bb0c9d3eadb54507a08fea627dece021 - - default default] http://[LB_IP_ADDRESS]:8776/v3/bb0c9d3eadb54507a08fea627dece021/groups returned with HTTP 202
2026-04-28 15:24:53.296 75 INFO cinder.api.openstack.wsgi [None req-4535918e-5819-4830-bdef-246e9208690b c5b43faf4783460baa16f09733f900ff bb0c9d3eadb54507a08fea627dece021 - - default default] GET http://[LB_IP_ADDRESS]:8776/v3/bb0c9d3eadb54507a08fea627dece021/groups/6bb1d4fd-441f-4496-aa94-ef4844f6e09b
2026-04-28 15:24:53.323 75 INFO cinder.api.openstack.wsgi [None req-4535918e-5819-4830-bdef-246e9208690b c5b43faf4783460baa16f09733f900ff bb0c9d3eadb54507a08fea627dece021 - - default default] http://[LB_IP_ADDRESS]:8776/v3/bb0c9d3eadb54507a08fea627dece021/groups/6bb1d4fd-441f-4496-aa94-ef4844f6e09b returned with HTTP 200
2026-04-28 15:24:54.234 74 INFO cinder.api.openstack.wsgi [None req-939263cb-3682-47a8-83b0-a3409fbb0537 b4d67fc53e444011ab5215ca63d2f769 c0ecede9e2284b65bd008c080e32776e - - default default] POST http://[LB_IP_ADDRESS]:8776/v3/c0ecede9e2284b65bd008c080e32776e/qos-specs
2026-04-28 15:24:54.262 74 INFO cinder.api.openstack.wsgi [None req-939263cb-3682-47a8-83b0-a3409fbb0537 b4d67fc53e444011ab5215ca63d2f769 c0ecede9e2284b65bd008c080e32776e - - default default] http://[LB_IP_ADDRESS]:8776/v3/c0ecede9e2284b65bd008c080e32776e/qos-specs returned with HTTP 200
2026-04-28 15:24:54.277 76 INFO cinder.api.openstack.wsgi [None req-f4941419-87a0-44f5-9a75-ae8af4056e85 b4d67fc53e444011ab5215ca63d2f769 c0ecede9e2284b65bd008c080e32776e - - default default] POST http://[LB_IP_ADDRESS]:8776/v3/c0ecede9e2284b65bd008c080e32776e/types
2026-04-28 15:24:54.310 76 INFO cinder.api.openstack.wsgi [None req-f4941419-87a0-44f5-9a75-ae8af4056e85 b4d67fc53e444011ab5215ca63d2f769 c0ecede9e2284b65bd008c080e32776e - - default default] http://[LB_IP_ADDRESS]:8776/v3/c0ecede9e2284b65bd008c080e32776e/types returned with HTTP 200
2026-04-28 15:24:54.326 72 INFO cinder.api.openstack.wsgi [None req-e9a8877a-e36e-4e94-a551-2f0703d70aef b4d67fc53e444011ab5215ca63d2f769 c0ecede9e2284b65bd008c080e32776e - - default default] POST http://[LB_IP_ADDRESS]:8776/v3/c0ecede9e2284b65bd008c080e32776e/types
2026-04-28 15:24:54.341 73 INFO cinder.api.openstack.wsgi [None req-d737d3fa-43cc-444c-9d5e-ecbc1dc73b31 c5b43faf4783460baa16f09733f900ff bb0c9d3eadb54507a08fea627dece021 - - default default] GET http://[LB_IP_ADDRESS]:8776/v3/bb0c9d3eadb54507a08fea627dece021/groups/6bb1d4fd-441f-4496-aa94-ef4844f6e09b
2026-04-28 15:24:54.361 72 INFO cinder.api.openstack.wsgi [None req-e9a8877a-e36e-4e94-a551-2f0703d70aef b4d67fc53e444011ab5215ca63d2f769 c0ecede9e2284b65bd008c080e32776e - - default default] http://[LB_IP_ADDRESS]:8776/v3/c0ecede9e2284b65bd008c080e32776e/types returned with HTTP 200
2026-04-28 15:24:54.363 73 INFO cinder.api.openstack.wsgi [None req-d737d3fa-43cc-444c-9d5e-ecbc1dc73b31 c5b43faf4783460baa16f09733f900ff bb0c9d3eadb54507a08fea627dece021 - - default default] http://[LB_IP_ADDRESS]:8776/v3/bb0c9d3eadb54507a08fea627dece021/groups/6bb1d4fd-441f-4496-aa94-ef4844f6e09b returned with HTTP 200
2026-04-28 15:24:54.378 75 INFO cinder.api.openstack.wsgi [None req-a5e930f0-63e5-412b-9cd9-78361e7d36d7 b4d67fc53e444011ab5215ca63d2f769 c0ecede9e2284b65bd008c080e32776e - - default default] POST http://[LB_IP_ADDRESS]:8776/v3/c0ecede9e2284b65bd008c080e32776e/types
2026-04-28 15:24:54.381 74 INFO cinder.api.openstack.wsgi [None req-2a81121b-f0d1-4fd6-b1a3-e24d0ed90644 c5b43faf4783460baa16f09733f900ff bb0c9d3eadb54507a08fea627dece021 - - default default] POST http://[LB_IP_ADDRESS]:8776/v3/bb0c9d3eadb54507a08fea627dece021/volumes
2026-04-28 15:24:54.400 74 INFO cinder.api.v3.volumes [None req-2a81121b-f0d1-4fd6-b1a3-e24d0ed90644 c5b43faf4783460baa16f09733f900ff bb0c9d3eadb54507a08fea627dece021 - - default default] Create volume of 1 GB
2026-04-28 15:24:54.409 74 INFO cinder.volume.api [None req-2a81121b-f0d1-4fd6-b1a3-e24d0ed90644 c5b43faf4783460baa16f09733f900ff bb0c9d3eadb54507a08fea627dece021 - - default default] Availability Zones retrieved successfully.
2026-04-28 15:24:54.411 75 INFO cinder.api.openstack.wsgi [None req-a5e930f0-63e5-412b-9cd9-78361e7d36d7 b4d67fc53e444011ab5215ca63d2f769 c0ecede9e2284b65bd008c080e32776e - - default default] http://[LB_IP_ADDRESS]:8776/v3/c0ecede9e2284b65bd008c080e32776e/types returned with HTTP 200
2026-04-28 15:24:54.429 76 INFO cinder.api.openstack.wsgi [None req-688cfa35-3323-479a-94ed-2a22d251d3c0 b4d67fc53e444011ab5215ca63d2f769 c0ecede9e2284b65bd008c080e32776e - - default default] GET http://[LB_IP_ADDRESS]:8776/v3/c0ecede9e2284b65bd008c080e32776e/qos-specs/5c099597-b456-4313-996d-aeea0d72bc97/associate?vol_type_id=06e81344-7f3a-4b91-baa3-c0f8c488bf11
2026-04-28 15:24:54.465 76 INFO cinder.api.openstack.wsgi [None req-688cfa35-3323-479a-94ed-2a22d251d3c0 b4d67fc53e444011ab5215ca63d2f769 c0ecede9e2284b65bd008c080e32776e - - default default] http://[LB_IP_ADDRESS]:8776/v3/c0ecede9e2284b65bd008c080e32776e/qos-specs/5c099597-b456-4313-996d-aeea0d72bc97/associate?vol_type_id=06e81344-7f3a-4b91-baa3-c0f8c488bf11 returned with HTTP 202
2026-04-28 15:24:54.479 72 INFO cinder.api.openstack.wsgi [None req-a523d73a-17e9-4278-913c-bb4bde2ffe5a b4d67fc53e444011ab5215ca63d2f769 c0ecede9e2284b65bd008c080e32776e - - default default] GET http://[LB_IP_ADDRESS]:8776/v3/c0ecede9e2284b65bd008c080e32776e/qos-specs/5c099597-b456-4313-996d-aeea0d72bc97/associate?vol_type_id=27e5b0d9-8442-42d3-a7d9-457e26c8fd27
2026-04-28 15:24:54.511 72 INFO cinder.api.openstack.wsgi [None req-a523d73a-17e9-4278-913c-bb4bde2ffe5a b4d67fc53e444011ab5215ca63d2f769 c0ecede9e2284b65bd008c080e32776e - - default default] http://[LB_IP_ADDRESS]:8776/v3/c0ecede9e2284b65bd008c080e32776e/qos-specs/5c099597-b456-4313-996d-aeea0d72bc97/associate?vol_type_id=27e5b0d9-8442-42d3-a7d9-457e26c8fd27 returned with HTTP 202
2026-04-28 15:24:54.526 73 INFO cinder.api.openstack.wsgi [None req-edb7a43e-2078-412e-836e-9d9927f56201 b4d67fc53e444011ab5215ca63d2f769 c0ecede9e2284b65bd008c080e32776e - - default default] GET http://[LB_IP_ADDRESS]:8776/v3/c0ecede9e2284b65bd008c080e32776e/qos-specs/5c099597-b456-4313-996d-aeea0d72bc97/associate?vol_type_id=5916fe80-8b8a-4119-b927-348802860192
2026-04-28 15:24:54.556 73 INFO cinder.api.openstack.wsgi [None req-edb7a43e-2078-412e-836e-9d9927f56201 b4d67fc53e444011ab5215ca63d2f769 c0ecede9e2284b65bd008c080e32776e - - default default] http://[LB_IP_ADDRESS]:8776/v3/c0ecede9e2284b65bd008c080e32776e/qos-specs/5c099597-b456-4313-996d-aeea0d72bc97/associate?vol_type_id=5916fe80-8b8a-4119-b927-348802860192 returned with HTTP 202
2026-04-28 15:24:54.572 75 INFO cinder.api.openstack.wsgi [None req-9b6352c3-27b8-40ab-b3a7-bf8f68a1b2ed b4d67fc53e444011ab5215ca63d2f769 c0ecede9e2284b65bd008c080e32776e - - default default] GET http://[LB_IP_ADDRESS]:8776/v3/c0ecede9e2284b65bd008c080e32776e/qos-specs/5c099597-b456-4313-996d-aeea0d72bc97/associations
2026-04-28 15:24:54.591 75 INFO cinder.api.openstack.wsgi [None req-9b6352c3-27b8-40ab-b3a7-bf8f68a1b2ed b4d67fc53e444011ab5215ca63d2f769 c0ecede9e2284b65bd008c080e32776e - - default default] http://[LB_IP_ADDRESS]:8776/v3/c0ecede9e2284b65bd008c080e32776e/qos-specs/5c099597-b456-4313-996d-aeea0d72bc97/associations returned with HTTP 200
2026-04-28 15:24:54.608 76 INFO cinder.api.openstack.wsgi [None req-a82188da-23b5-41b8-8f09-ebbbea1fcc38 b4d67fc53e444011ab5215ca63d2f769 c0ecede9e2284b65bd008c080e32776e - - default default] GET http://[LB_IP_ADDRESS]:8776/v3/c0ecede9e2284b65bd008c080e32776e/qos-specs/5c099597-b456-4313-996d-aeea0d72bc97/disassociate?vol_type_id=06e81344-7f3a-4b91-baa3-c0f8c488bf11
2026-04-28 15:24:54.632 76 INFO cinder.api.openstack.wsgi [None req-a82188da-23b5-41b8-8f09-ebbbea1fcc38 b4d67fc53e444011ab5215ca63d2f769 c0ecede9e2284b65bd008c080e32776e - - default default] http://[LB_IP_ADDRESS]:8776/v3/c0ecede9e2284b65bd008c080e32776e/qos-specs/5c099597-b456-4313-996d-aeea0d72bc97/disassociate?vol_type_id=06e81344-7f3a-4b91-baa3-c0f8c488bf11 returned with HTTP 202
2026-04-28 15:24:54.643 72 INFO cinder.api.openstack.wsgi [None req-cb98e666-666b-4610-971d-dfbe9c3a4dbf b4d67fc53e444011ab5215ca63d2f769 c0ecede9e2284b65bd008c080e32776e - - default default] GET http://[LB_IP_ADDRESS]:8776/v3/c0ecede9e2284b65bd008c080e32776e/qos-specs/5c099597-b456-4313-996d-aeea0d72bc97/associations
2026-04-28 15:24:54.660 72 INFO cinder.api.openstack.wsgi [None req-cb98e666-666b-4610-971d-dfbe9c3a4dbf b4d67fc53e444011ab5215ca63d2f769 c0ecede9e2284b65bd008c080e32776e - - default default] http://[LB_IP_ADDRESS]:8776/v3/c0ecede9e2284b65bd008c080e32776e/qos-specs/5c099597-b456-4313-996d-aeea0d72bc97/associations returned with HTTP 200
2026-04-28 15:24:54.666 74 WARNING cinder.quota [None req-2a81121b-f0d1-4fd6-b1a3-e24d0ed90644 c5b43faf4783460baa16f09733f900ff bb0c9d3eadb54507a08fea627dece021 - - default default] Deprecated: Default quota for resource: volumes_tempest-GroupSnapshotsV319Test-volume-type-159920422 is set by the default quota flag: quota_volumes_tempest-GroupSnapshotsV319Test-volume-type-159920422, it is now deprecated. Please use the default quota class for default quota.
2026-04-28 15:24:54.667 74 WARNING cinder.quota [None req-2a81121b-f0d1-4fd6-b1a3-e24d0ed90644 c5b43faf4783460baa16f09733f900ff bb0c9d3eadb54507a08fea627dece021 - - default default] Deprecated: Default quota for resource: gigabytes_tempest-GroupSnapshotsV319Test-volume-type-159920422 is set by the default quota flag: quota_gigabytes_tempest-GroupSnapshotsV319Test-volume-type-159920422, it is now deprecated. Please use the default quota class for default quota.
2026-04-28 15:24:54.677 73 INFO cinder.api.openstack.wsgi [None req-52254dac-6e54-4a6c-9078-4c9e5a6b5173 b4d67fc53e444011ab5215ca63d2f769 c0ecede9e2284b65bd008c080e32776e - - default default] GET http://[LB_IP_ADDRESS]:8776/v3/c0ecede9e2284b65bd008c080e32776e/qos-specs/5c099597-b456-4313-996d-aeea0d72bc97/disassociate_all
2026-04-28 15:24:54.695 73 INFO cinder.api.openstack.wsgi [None req-52254dac-6e54-4a6c-9078-4c9e5a6b5173 b4d67fc53e444011ab5215ca63d2f769 c0ecede9e2284b65bd008c080e32776e - - default default] http://[LB_IP_ADDRESS]:8776/v3/c0ecede9e2284b65bd008c080e32776e/qos-specs/5c099597-b456-4313-996d-aeea0d72bc97/disassociate_all returned with HTTP 202
2026-04-28 15:24:54.711 75 INFO cinder.api.openstack.wsgi [None req-200735f1-c8dc-4764-8d28-baefa0900b61 b4d67fc53e444011ab5215ca63d2f769 c0ecede9e2284b65bd008c080e32776e - - default default] GET http://[LB_IP_ADDRESS]:8776/v3/c0ecede9e2284b65bd008c080e32776e/qos-specs/5c099597-b456-4313-996d-aeea0d72bc97/associations
2026-04-28 15:24:54.733 75 INFO cinder.api.openstack.wsgi [None req-200735f1-c8dc-4764-8d28-baefa0900b61 b4d67fc53e444011ab5215ca63d2f769 c0ecede9e2284b65bd008c080e32776e - - default default] http://[LB_IP_ADDRESS]:8776/v3/c0ecede9e2284b65bd008c080e32776e/qos-specs/5c099597-b456-4313-996d-aeea0d72bc97/associations returned with HTTP 200
