Build Started 09_01_2026_12_22_52
2026-01-09 12:25:25.326 75 INFO cinder.api.openstack.wsgi [None req-9b430b69-17e4-48bc-bfbc-b9deae5e64ba f460cd12b7bf45fdbe1b1c80caa94ead 42542bf38a1440c9ad02047e15dca86a - - default default] GET http://[LB_IP_ADDRESS]:8776/v3/42542bf38a1440c9ad02047e15dca86a/volumes/detail
2026-01-09 12:25:25.359 75 INFO cinder.volume.api [None req-9b430b69-17e4-48bc-bfbc-b9deae5e64ba f460cd12b7bf45fdbe1b1c80caa94ead 42542bf38a1440c9ad02047e15dca86a - - default default] Get all volumes completed successfully.
2026-01-09 12:25:25.364 75 INFO cinder.api.openstack.wsgi [None req-9b430b69-17e4-48bc-bfbc-b9deae5e64ba f460cd12b7bf45fdbe1b1c80caa94ead 42542bf38a1440c9ad02047e15dca86a - - default default] http://[LB_IP_ADDRESS]:8776/v3/42542bf38a1440c9ad02047e15dca86a/volumes/detail returned with HTTP 200
2026-01-09 12:25:25.380 76 INFO cinder.api.openstack.wsgi [req-9b430b69-17e4-48bc-bfbc-b9deae5e64ba req-b187d0c8-a684-425c-b619-79c569d3a920 f460cd12b7bf45fdbe1b1c80caa94ead 42542bf38a1440c9ad02047e15dca86a - - default default] GET http://[LB_IP_ADDRESS]:8776/v3/42542bf38a1440c9ad02047e15dca86a/snapshots/detail?all_tenants=True
2026-01-09 12:25:25.391 76 INFO cinder.volume.api [req-9b430b69-17e4-48bc-bfbc-b9deae5e64ba req-b187d0c8-a684-425c-b619-79c569d3a920 f460cd12b7bf45fdbe1b1c80caa94ead 42542bf38a1440c9ad02047e15dca86a - - default default] Get all snapshots completed successfully.
2026-01-09 12:25:25.392 76 INFO cinder.api.openstack.wsgi [req-9b430b69-17e4-48bc-bfbc-b9deae5e64ba req-b187d0c8-a684-425c-b619-79c569d3a920 f460cd12b7bf45fdbe1b1c80caa94ead 42542bf38a1440c9ad02047e15dca86a - - default default] http://[LB_IP_ADDRESS]:8776/v3/42542bf38a1440c9ad02047e15dca86a/snapshots/detail?all_tenants=True returned with HTTP 200
2026-01-09 12:25:27.332 74 INFO cinder.api.openstack.wsgi [None req-292b96a9-370a-405c-a562-49afc8048b36 f460cd12b7bf45fdbe1b1c80caa94ead 42542bf38a1440c9ad02047e15dca86a - - default default] GET http://[LB_IP_ADDRESS]:8776/v3/42542bf38a1440c9ad02047e15dca86a/volumes/detail?all_tenants=True
2026-01-09 12:25:27.352 74 INFO cinder.volume.api [None req-292b96a9-370a-405c-a562-49afc8048b36 f460cd12b7bf45fdbe1b1c80caa94ead 42542bf38a1440c9ad02047e15dca86a - - default default] Get all volumes completed successfully.
2026-01-09 12:25:27.357 74 INFO cinder.api.openstack.wsgi [None req-292b96a9-370a-405c-a562-49afc8048b36 f460cd12b7bf45fdbe1b1c80caa94ead 42542bf38a1440c9ad02047e15dca86a - - default default] http://[LB_IP_ADDRESS]:8776/v3/42542bf38a1440c9ad02047e15dca86a/volumes/detail?all_tenants=True returned with HTTP 200
2026-01-09 12:25:29.083 72 INFO cinder.api.openstack.wsgi [None req-d1c8dcef-02f3-4cb0-b51c-629612139368 f460cd12b7bf45fdbe1b1c80caa94ead 42542bf38a1440c9ad02047e15dca86a - - default default] GET http://[LB_IP_ADDRESS]:8776/v3/42542bf38a1440c9ad02047e15dca86a/types?is_public=None
2026-01-09 12:25:29.122 72 INFO cinder.api.openstack.wsgi [None req-d1c8dcef-02f3-4cb0-b51c-629612139368 f460cd12b7bf45fdbe1b1c80caa94ead 42542bf38a1440c9ad02047e15dca86a - - default default] http://[LB_IP_ADDRESS]:8776/v3/42542bf38a1440c9ad02047e15dca86a/types?is_public=None returned with HTTP 200
2026-01-09 12:25:37.592 73 INFO cinder.api.openstack.wsgi [None req-75b6fbd0-98e0-4415-b3fe-f3366e26a50c f460cd12b7bf45fdbe1b1c80caa94ead 42542bf38a1440c9ad02047e15dca86a - - default default] GET http://[LB_IP_ADDRESS]:8776/v3/42542bf38a1440c9ad02047e15dca86a/snapshots
2026-01-09 12:25:37.607 73 INFO cinder.volume.api [None req-75b6fbd0-98e0-4415-b3fe-f3366e26a50c f460cd12b7bf45fdbe1b1c80caa94ead 42542bf38a1440c9ad02047e15dca86a - - default default] Get all snapshots completed successfully.
2026-01-09 12:25:37.608 73 INFO cinder.api.openstack.wsgi [None req-75b6fbd0-98e0-4415-b3fe-f3366e26a50c f460cd12b7bf45fdbe1b1c80caa94ead 42542bf38a1440c9ad02047e15dca86a - - default default] http://[LB_IP_ADDRESS]:8776/v3/42542bf38a1440c9ad02047e15dca86a/snapshots returned with HTTP 200
2026-01-09 12:25:37.624 75 INFO cinder.api.openstack.wsgi [None req-f8d2136d-3df3-4475-82e0-1340dc01e633 f460cd12b7bf45fdbe1b1c80caa94ead 42542bf38a1440c9ad02047e15dca86a - - default default] GET http://[LB_IP_ADDRESS]:8776/v3/42542bf38a1440c9ad02047e15dca86a/volumes
2026-01-09 12:25:37.645 75 INFO cinder.volume.api [None req-f8d2136d-3df3-4475-82e0-1340dc01e633 f460cd12b7bf45fdbe1b1c80caa94ead 42542bf38a1440c9ad02047e15dca86a - - default default] Get all volumes completed successfully.
2026-01-09 12:25:37.646 75 INFO cinder.api.openstack.wsgi [None req-f8d2136d-3df3-4475-82e0-1340dc01e633 f460cd12b7bf45fdbe1b1c80caa94ead 42542bf38a1440c9ad02047e15dca86a - - default default] http://[LB_IP_ADDRESS]:8776/v3/42542bf38a1440c9ad02047e15dca86a/volumes returned with HTTP 200
2026-01-09 12:25:43.461 76 INFO cinder.api.openstack.wsgi [None req-3ed58ad5-80aa-4402-9b36-0b0e83ee80c8 - - - - - -] GET http://[LB_IP_ADDRESS]:8776/
2026-01-09 12:25:43.462 76 INFO cinder.api.openstack.wsgi [None req-3ed58ad5-80aa-4402-9b36-0b0e83ee80c8 - - - - - -] http://[LB_IP_ADDRESS]:8776/ returned with HTTP 300
2026-01-09 12:25:46.800 72 INFO cinder.api.openstack.wsgi [req-7b30af75-fcf8-43bf-bd36-7d515cd84ce5 req-d5825814-6113-45b5-ad85-8a2843c413f1 812a74da642d47dab86c588b83f542b2 3362fb5f4cb34754acd5b9579097b39d - - default default] POST http://[LB_IP_ADDRESS]:8776/v3/volumes
2026-01-09 12:25:46.803 72 INFO cinder.api.v3.volumes [req-7b30af75-fcf8-43bf-bd36-7d515cd84ce5 req-d5825814-6113-45b5-ad85-8a2843c413f1 812a74da642d47dab86c588b83f542b2 3362fb5f4cb34754acd5b9579097b39d - - default default] Create volume of 1 GB
2026-01-09 12:25:46.819 72 INFO cinder.volume.api [req-7b30af75-fcf8-43bf-bd36-7d515cd84ce5 req-d5825814-6113-45b5-ad85-8a2843c413f1 812a74da642d47dab86c588b83f542b2 3362fb5f4cb34754acd5b9579097b39d - - default default] Availability Zones retrieved successfully.
2026-01-09 12:25:47.073 74 INFO cinder.api.openstack.wsgi [req-67560e37-e652-411a-ae0b-7aea7ca1107e req-e473caa8-de5a-4232-b9aa-f555f6d0c346 fcb3c20b8de848e1a37e8a5bc4c99b21 356bed2e2d1048f68784909b5b9e3646 - - default default] POST http://[LB_IP_ADDRESS]:8776/v3/volumes
2026-01-09 12:25:47.079 74 INFO cinder.api.v3.volumes [req-67560e37-e652-411a-ae0b-7aea7ca1107e req-e473caa8-de5a-4232-b9aa-f555f6d0c346 fcb3c20b8de848e1a37e8a5bc4c99b21 356bed2e2d1048f68784909b5b9e3646 - - default default] Create volume of 1 GB
2026-01-09 12:25:47.101 74 INFO cinder.volume.api [req-67560e37-e652-411a-ae0b-7aea7ca1107e req-e473caa8-de5a-4232-b9aa-f555f6d0c346 fcb3c20b8de848e1a37e8a5bc4c99b21 356bed2e2d1048f68784909b5b9e3646 - - default default] Availability Zones retrieved successfully.
2026-01-09 12:25:47.408 72 INFO cinder.volume.api [req-7b30af75-fcf8-43bf-bd36-7d515cd84ce5 req-d5825814-6113-45b5-ad85-8a2843c413f1 812a74da642d47dab86c588b83f542b2 3362fb5f4cb34754acd5b9579097b39d - - default default] Create volume request issued successfully.
2026-01-09 12:25:47.409 72 INFO cinder.api.openstack.wsgi [req-7b30af75-fcf8-43bf-bd36-7d515cd84ce5 req-d5825814-6113-45b5-ad85-8a2843c413f1 812a74da642d47dab86c588b83f542b2 3362fb5f4cb34754acd5b9579097b39d - - default default] http://[LB_IP_ADDRESS]:8776/v3/volumes returned with HTTP 202
2026-01-09 12:25:47.427 75 INFO cinder.api.openstack.wsgi [req-7b30af75-fcf8-43bf-bd36-7d515cd84ce5 req-6799fa5e-7efe-4ee0-96a3-202f82c6e95c 812a74da642d47dab86c588b83f542b2 3362fb5f4cb34754acd5b9579097b39d - - default default] GET http://[LB_IP_ADDRESS]:8776/v3/volumes/4b0db62b-6180-4cb5-ad77-7a7b04db7b00
2026-01-09 12:25:47.447 75 INFO cinder.volume.api [req-7b30af75-fcf8-43bf-bd36-7d515cd84ce5 req-6799fa5e-7efe-4ee0-96a3-202f82c6e95c 812a74da642d47dab86c588b83f542b2 3362fb5f4cb34754acd5b9579097b39d - - default default] Volume info retrieved successfully.
2026-01-09 12:25:47.452 75 INFO cinder.api.openstack.wsgi [req-7b30af75-fcf8-43bf-bd36-7d515cd84ce5 req-6799fa5e-7efe-4ee0-96a3-202f82c6e95c 812a74da642d47dab86c588b83f542b2 3362fb5f4cb34754acd5b9579097b39d - - default default] http://[LB_IP_ADDRESS]:8776/v3/volumes/4b0db62b-6180-4cb5-ad77-7a7b04db7b00 returned with HTTP 200
2026-01-09 12:25:47.513 73 INFO cinder.api.openstack.wsgi [req-db892bcf-c4c6-496a-ae97-d27c9b92ccde req-f135a126-7a7d-4627-923f-5dcf98122e7a e200e371272c4ee589c76bbcf59ddaea e8a3526c0c364c11bb1ed4ca178efd21 - - default default] DELETE http://[LB_IP_ADDRESS]:8776/v3/volumes/tempest-invalid-729842933
2026-01-09 12:25:47.514 73 INFO cinder.api.v3.volumes [req-db892bcf-c4c6-496a-ae97-d27c9b92ccde req-f135a126-7a7d-4627-923f-5dcf98122e7a e200e371272c4ee589c76bbcf59ddaea e8a3526c0c364c11bb1ed4ca178efd21 - - default default] Delete volume with id: tempest-invalid-729842933 
2026-01-09 12:25:47.523 73 INFO cinder.api.openstack.wsgi [req-db892bcf-c4c6-496a-ae97-d27c9b92ccde req-f135a126-7a7d-4627-923f-5dcf98122e7a e200e371272c4ee589c76bbcf59ddaea e8a3526c0c364c11bb1ed4ca178efd21 - - default default] http://[LB_IP_ADDRESS]:8776/v3/volumes/tempest-invalid-729842933 returned with HTTP 404
2026-01-09 12:25:47.577 76 INFO cinder.api.openstack.wsgi [req-7714ddf5-a7a4-4722-a0c3-f3479b4cf65a req-e1ca2eed-17d0-4d28-811b-1f1d40dd0ade e200e371272c4ee589c76bbcf59ddaea e8a3526c0c364c11bb1ed4ca178efd21 - - default default] DELETE http://[LB_IP_ADDRESS]:8776/v3/volumes/0feb2ee0-382a-4675-9a1d-54812dac6a4d
2026-01-09 12:25:47.577 76 INFO cinder.api.v3.volumes [req-7714ddf5-a7a4-4722-a0c3-f3479b4cf65a req-e1ca2eed-17d0-4d28-811b-1f1d40dd0ade e200e371272c4ee589c76bbcf59ddaea e8a3526c0c364c11bb1ed4ca178efd21 - - default default] Delete volume with id: 0feb2ee0-382a-4675-9a1d-54812dac6a4d 
2026-01-09 12:25:47.592 76 INFO cinder.api.openstack.wsgi [req-7714ddf5-a7a4-4722-a0c3-f3479b4cf65a req-e1ca2eed-17d0-4d28-811b-1f1d40dd0ade e200e371272c4ee589c76bbcf59ddaea e8a3526c0c364c11bb1ed4ca178efd21 - - default default] http://[LB_IP_ADDRESS]:8776/v3/volumes/0feb2ee0-382a-4675-9a1d-54812dac6a4d returned with HTTP 404
2026-01-09 12:25:47.711 74 INFO cinder.volume.api [req-67560e37-e652-411a-ae0b-7aea7ca1107e req-e473caa8-de5a-4232-b9aa-f555f6d0c346 fcb3c20b8de848e1a37e8a5bc4c99b21 356bed2e2d1048f68784909b5b9e3646 - - default default] Create volume request issued successfully.
2026-01-09 12:25:47.712 74 INFO cinder.api.openstack.wsgi [req-67560e37-e652-411a-ae0b-7aea7ca1107e req-e473caa8-de5a-4232-b9aa-f555f6d0c346 fcb3c20b8de848e1a37e8a5bc4c99b21 356bed2e2d1048f68784909b5b9e3646 - - default default] http://[LB_IP_ADDRESS]:8776/v3/volumes returned with HTTP 202
2026-01-09 12:25:47.726 72 INFO cinder.api.openstack.wsgi [req-67560e37-e652-411a-ae0b-7aea7ca1107e req-b9d50562-7a71-471d-9ca0-645a6092f09e fcb3c20b8de848e1a37e8a5bc4c99b21 356bed2e2d1048f68784909b5b9e3646 - - default default] GET http://[LB_IP_ADDRESS]:8776/v3/volumes/98c8315f-df19-4928-bf71-90caa9fc45c3
2026-01-09 12:25:47.742 72 INFO cinder.volume.api [req-67560e37-e652-411a-ae0b-7aea7ca1107e req-b9d50562-7a71-471d-9ca0-645a6092f09e fcb3c20b8de848e1a37e8a5bc4c99b21 356bed2e2d1048f68784909b5b9e3646 - - default default] Volume info retrieved successfully.
2026-01-09 12:25:47.747 72 INFO cinder.api.openstack.wsgi [req-67560e37-e652-411a-ae0b-7aea7ca1107e req-b9d50562-7a71-471d-9ca0-645a6092f09e fcb3c20b8de848e1a37e8a5bc4c99b21 356bed2e2d1048f68784909b5b9e3646 - - default default] http://[LB_IP_ADDRESS]:8776/v3/volumes/98c8315f-df19-4928-bf71-90caa9fc45c3 returned with HTTP 200
2026-01-09 12:25:47.777 75 INFO cinder.api.openstack.wsgi [req-ef35cc04-b47e-4bf3-b659-27b618a93d9a req-507ce23e-bc79-4559-8bf1-e8c365ee8dc5 fcb3c20b8de848e1a37e8a5bc4c99b21 356bed2e2d1048f68784909b5b9e3646 - - default default] GET http://[LB_IP_ADDRESS]:8776/v3/volumes/98c8315f-df19-4928-bf71-90caa9fc45c3
2026-01-09 12:25:47.797 75 INFO cinder.volume.api [req-ef35cc04-b47e-4bf3-b659-27b618a93d9a req-507ce23e-bc79-4559-8bf1-e8c365ee8dc5 fcb3c20b8de848e1a37e8a5bc4c99b21 356bed2e2d1048f68784909b5b9e3646 - - default default] Volume info retrieved successfully.
2026-01-09 12:25:47.801 75 INFO cinder.api.openstack.wsgi [req-ef35cc04-b47e-4bf3-b659-27b618a93d9a req-507ce23e-bc79-4559-8bf1-e8c365ee8dc5 fcb3c20b8de848e1a37e8a5bc4c99b21 356bed2e2d1048f68784909b5b9e3646 - - default default] http://[LB_IP_ADDRESS]:8776/v3/volumes/98c8315f-df19-4928-bf71-90caa9fc45c3 returned with HTTP 200
2026-01-09 12:25:48.167 73 INFO cinder.api.openstack.wsgi [req-f1f30f4b-d316-4d39-9ae7-3d1ab0e81561 req-4a10be33-3a95-46e2-b0d1-ac3d4331f9bd 812a74da642d47dab86c588b83f542b2 3362fb5f4cb34754acd5b9579097b39d - - default default] GET http://[LB_IP_ADDRESS]:8776/v3/volumes/4b0db62b-6180-4cb5-ad77-7a7b04db7b00
2026-01-09 12:25:48.193 73 INFO cinder.volume.api [req-f1f30f4b-d316-4d39-9ae7-3d1ab0e81561 req-4a10be33-3a95-46e2-b0d1-ac3d4331f9bd 812a74da642d47dab86c588b83f542b2 3362fb5f4cb34754acd5b9579097b39d - - default default] Volume info retrieved successfully.
2026-01-09 12:25:48.198 73 INFO cinder.api.openstack.wsgi [req-f1f30f4b-d316-4d39-9ae7-3d1ab0e81561 req-4a10be33-3a95-46e2-b0d1-ac3d4331f9bd 812a74da642d47dab86c588b83f542b2 3362fb5f4cb34754acd5b9579097b39d - - default default] http://[LB_IP_ADDRESS]:8776/v3/volumes/4b0db62b-6180-4cb5-ad77-7a7b04db7b00 returned with HTTP 200
2026-01-09 12:25:48.239 76 INFO cinder.api.openstack.wsgi [req-f0046d0a-9bd5-4f8d-ad2e-43c2fd2666d1 req-af7bb9cc-c4c7-43f0-8466-0201a9c0ca0e 812a74da642d47dab86c588b83f542b2 3362fb5f4cb34754acd5b9579097b39d - - default default] POST http://[LB_IP_ADDRESS]:8776/v3/snapshots
2026-01-09 12:25:48.254 76 INFO cinder.volume.api [req-f0046d0a-9bd5-4f8d-ad2e-43c2fd2666d1 req-af7bb9cc-c4c7-43f0-8466-0201a9c0ca0e 812a74da642d47dab86c588b83f542b2 3362fb5f4cb34754acd5b9579097b39d - - default default] Volume info retrieved successfully.
2026-01-09 12:25:48.254 76 INFO cinder.api.v3.snapshots [req-f0046d0a-9bd5-4f8d-ad2e-43c2fd2666d1 req-af7bb9cc-c4c7-43f0-8466-0201a9c0ca0e 812a74da642d47dab86c588b83f542b2 3362fb5f4cb34754acd5b9579097b39d - - default default] Create snapshot from volume 4b0db62b-6180-4cb5-ad77-7a7b04db7b00
2026-01-09 12:25:48.370 74 INFO cinder.api.openstack.wsgi [req-6e6e5120-1e10-4100-bd2d-bfa8c3b5220c req-5333ac63-862f-4d32-8378-ce2275737ec8 e200e371272c4ee589c76bbcf59ddaea e8a3526c0c364c11bb1ed4ca178efd21 - - default default] GET http://[LB_IP_ADDRESS]:8776/v3/volumes/f61f16bf-d945-4be9-bf08-34add6b02ceb
2026-01-09 12:25:48.381 74 INFO cinder.api.openstack.wsgi [req-6e6e5120-1e10-4100-bd2d-bfa8c3b5220c req-5333ac63-862f-4d32-8378-ce2275737ec8 e200e371272c4ee589c76bbcf59ddaea e8a3526c0c364c11bb1ed4ca178efd21 - - default default] http://[LB_IP_ADDRESS]:8776/v3/volumes/f61f16bf-d945-4be9-bf08-34add6b02ceb returned with HTTP 404
2026-01-09 12:25:48.392 76 INFO cinder.volume.api [req-f0046d0a-9bd5-4f8d-ad2e-43c2fd2666d1 req-af7bb9cc-c4c7-43f0-8466-0201a9c0ca0e 812a74da642d47dab86c588b83f542b2 3362fb5f4cb34754acd5b9579097b39d - - default default] Snapshot create request issued successfully.
2026-01-09 12:25:48.394 76 INFO cinder.api.openstack.wsgi [req-f0046d0a-9bd5-4f8d-ad2e-43c2fd2666d1 req-af7bb9cc-c4c7-43f0-8466-0201a9c0ca0e 812a74da642d47dab86c588b83f542b2 3362fb5f4cb34754acd5b9579097b39d - - default default] http://[LB_IP_ADDRESS]:8776/v3/snapshots returned with HTTP 202
2026-01-09 12:25:48.423 72 INFO cinder.api.openstack.wsgi [req-f1460452-e602-4527-8ec8-58d24d64be1e req-b3f7ff65-90f2-4380-b72d-db5ed00f7829 812a74da642d47dab86c588b83f542b2 3362fb5f4cb34754acd5b9579097b39d - - default default] GET http://[LB_IP_ADDRESS]:8776/v3/snapshots/10270e0b-6dab-4789-a80c-6e2ab0a1d104
2026-01-09 12:25:48.433 72 INFO cinder.volume.api [req-f1460452-e602-4527-8ec8-58d24d64be1e req-b3f7ff65-90f2-4380-b72d-db5ed00f7829 812a74da642d47dab86c588b83f542b2 3362fb5f4cb34754acd5b9579097b39d - - default default] Snapshot retrieved successfully.
2026-01-09 12:25:48.435 72 INFO cinder.api.openstack.wsgi [req-f1460452-e602-4527-8ec8-58d24d64be1e req-b3f7ff65-90f2-4380-b72d-db5ed00f7829 812a74da642d47dab86c588b83f542b2 3362fb5f4cb34754acd5b9579097b39d - - default default] http://[LB_IP_ADDRESS]:8776/v3/snapshots/10270e0b-6dab-4789-a80c-6e2ab0a1d104 returned with HTTP 200
2026-01-09 12:25:48.469 75 INFO cinder.api.openstack.wsgi [req-28ce7672-ede7-46eb-a7a9-a5c3ac339cc9 req-0bbafce6-9b37-425e-be3f-44b0d6c632f1 812a74da642d47dab86c588b83f542b2 3362fb5f4cb34754acd5b9579097b39d - - default default] GET http://[LB_IP_ADDRESS]:8776/v3/snapshots/detail
2026-01-09 12:25:48.477 75 INFO cinder.volume.api [req-28ce7672-ede7-46eb-a7a9-a5c3ac339cc9 req-0bbafce6-9b37-425e-be3f-44b0d6c632f1 812a74da642d47dab86c588b83f542b2 3362fb5f4cb34754acd5b9579097b39d - - default default] Get all snapshots completed successfully.
2026-01-09 12:25:48.478 75 INFO cinder.api.openstack.wsgi [req-28ce7672-ede7-46eb-a7a9-a5c3ac339cc9 req-0bbafce6-9b37-425e-be3f-44b0d6c632f1 812a74da642d47dab86c588b83f542b2 3362fb5f4cb34754acd5b9579097b39d - - default default] http://[LB_IP_ADDRESS]:8776/v3/snapshots/detail returned with HTTP 200
2026-01-09 12:25:48.501 73 INFO cinder.api.openstack.wsgi [req-7f3e4b6d-3a45-4166-9437-de7d95f0e573 req-7ec5c7cf-595e-49fc-aaa5-0c024551cb56 812a74da642d47dab86c588b83f542b2 3362fb5f4cb34754acd5b9579097b39d - - default default] GET http://[LB_IP_ADDRESS]:8776/v3/snapshots/10270e0b-6dab-4789-a80c-6e2ab0a1d104
2026-01-09 12:25:48.508 73 INFO cinder.volume.api [req-7f3e4b6d-3a45-4166-9437-de7d95f0e573 req-7ec5c7cf-595e-49fc-aaa5-0c024551cb56 812a74da642d47dab86c588b83f542b2 3362fb5f4cb34754acd5b9579097b39d - - default default] Snapshot retrieved successfully.
2026-01-09 12:25:48.509 73 INFO cinder.api.openstack.wsgi [req-7f3e4b6d-3a45-4166-9437-de7d95f0e573 req-7ec5c7cf-595e-49fc-aaa5-0c024551cb56 812a74da642d47dab86c588b83f542b2 3362fb5f4cb34754acd5b9579097b39d - - default default] http://[LB_IP_ADDRESS]:8776/v3/snapshots/10270e0b-6dab-4789-a80c-6e2ab0a1d104 returned with HTTP 200
2026-01-09 12:25:48.838 74 INFO cinder.api.openstack.wsgi [req-f83ba9e8-691a-4228-bc5e-bfd68d7382f9 req-92e835a2-442f-48fa-98da-fd431eb41ee9 fcb3c20b8de848e1a37e8a5bc4c99b21 356bed2e2d1048f68784909b5b9e3646 - - default default] GET http://[LB_IP_ADDRESS]:8776/v3/volumes/98c8315f-df19-4928-bf71-90caa9fc45c3
2026-01-09 12:25:48.855 74 INFO cinder.volume.api [req-f83ba9e8-691a-4228-bc5e-bfd68d7382f9 req-92e835a2-442f-48fa-98da-fd431eb41ee9 fcb3c20b8de848e1a37e8a5bc4c99b21 356bed2e2d1048f68784909b5b9e3646 - - default default] Volume info retrieved successfully.
2026-01-09 12:25:48.860 74 INFO cinder.api.openstack.wsgi [req-f83ba9e8-691a-4228-bc5e-bfd68d7382f9 req-92e835a2-442f-48fa-98da-fd431eb41ee9 fcb3c20b8de848e1a37e8a5bc4c99b21 356bed2e2d1048f68784909b5b9e3646 - - default default] http://[LB_IP_ADDRESS]:8776/v3/volumes/98c8315f-df19-4928-bf71-90caa9fc45c3 returned with HTTP 200
2026-01-09 12:25:48.897 76 INFO cinder.api.openstack.wsgi [req-37a41998-ff30-4f98-8317-475c1365e664 req-51b4befb-5cd1-4239-811d-3437d7126235 fcb3c20b8de848e1a37e8a5bc4c99b21 356bed2e2d1048f68784909b5b9e3646 - - default default] GET http://[LB_IP_ADDRESS]:8776/v3/volumes/98c8315f-df19-4928-bf71-90caa9fc45c3
2026-01-09 12:25:48.915 76 INFO cinder.volume.api [req-37a41998-ff30-4f98-8317-475c1365e664 req-51b4befb-5cd1-4239-811d-3437d7126235 fcb3c20b8de848e1a37e8a5bc4c99b21 356bed2e2d1048f68784909b5b9e3646 - - default default] Volume info retrieved successfully.
2026-01-09 12:25:48.920 76 INFO cinder.api.openstack.wsgi [req-37a41998-ff30-4f98-8317-475c1365e664 req-51b4befb-5cd1-4239-811d-3437d7126235 fcb3c20b8de848e1a37e8a5bc4c99b21 356bed2e2d1048f68784909b5b9e3646 - - default default] http://[LB_IP_ADDRESS]:8776/v3/volumes/98c8315f-df19-4928-bf71-90caa9fc45c3 returned with HTTP 200
2026-01-09 12:25:48.971 72 INFO cinder.api.openstack.wsgi [req-a2d8a2cf-f352-4962-a330-96f0f72dd4e0 req-376f11f2-2823-4931-a190-05046cd74faa fcb3c20b8de848e1a37e8a5bc4c99b21 356bed2e2d1048f68784909b5b9e3646 - - default default] DELETE http://[LB_IP_ADDRESS]:8776/v3/volumes/98c8315f-df19-4928-bf71-90caa9fc45c3
2026-01-09 12:25:48.972 72 INFO cinder.api.v3.volumes [req-a2d8a2cf-f352-4962-a330-96f0f72dd4e0 req-376f11f2-2823-4931-a190-05046cd74faa fcb3c20b8de848e1a37e8a5bc4c99b21 356bed2e2d1048f68784909b5b9e3646 - - default default] Delete volume with id: 98c8315f-df19-4928-bf71-90caa9fc45c3 
2026-01-09 12:25:48.986 72 INFO cinder.volume.api [req-a2d8a2cf-f352-4962-a330-96f0f72dd4e0 req-376f11f2-2823-4931-a190-05046cd74faa fcb3c20b8de848e1a37e8a5bc4c99b21 356bed2e2d1048f68784909b5b9e3646 - - default default] Volume info retrieved successfully.
2026-01-09 12:25:49.015 72 INFO cinder.volume.api [req-a2d8a2cf-f352-4962-a330-96f0f72dd4e0 req-376f11f2-2823-4931-a190-05046cd74faa fcb3c20b8de848e1a37e8a5bc4c99b21 356bed2e2d1048f68784909b5b9e3646 - - default default] Delete volume request issued successfully.
2026-01-09 12:25:49.016 72 INFO cinder.api.openstack.wsgi [req-a2d8a2cf-f352-4962-a330-96f0f72dd4e0 req-376f11f2-2823-4931-a190-05046cd74faa fcb3c20b8de848e1a37e8a5bc4c99b21 356bed2e2d1048f68784909b5b9e3646 - - default default] http://[LB_IP_ADDRESS]:8776/v3/volumes/98c8315f-df19-4928-bf71-90caa9fc45c3 returned with HTTP 202
2026-01-09 12:25:49.050 75 INFO cinder.api.openstack.wsgi [req-1d2a1478-fbc5-4bf4-86f9-d398216f18d8 req-03814dd6-7466-44f7-ad42-f1ea155423ab fcb3c20b8de848e1a37e8a5bc4c99b21 356bed2e2d1048f68784909b5b9e3646 - - default default] GET http://[LB_IP_ADDRESS]:8776/v3/volumes/98c8315f-df19-4928-bf71-90caa9fc45c3
2026-01-09 12:25:49.069 75 INFO cinder.volume.api [req-1d2a1478-fbc5-4bf4-86f9-d398216f18d8 req-03814dd6-7466-44f7-ad42-f1ea155423ab fcb3c20b8de848e1a37e8a5bc4c99b21 356bed2e2d1048f68784909b5b9e3646 - - default default] Volume info retrieved successfully.
2026-01-09 12:25:49.074 75 INFO cinder.api.openstack.wsgi [req-1d2a1478-fbc5-4bf4-86f9-d398216f18d8 req-03814dd6-7466-44f7-ad42-f1ea155423ab fcb3c20b8de848e1a37e8a5bc4c99b21 356bed2e2d1048f68784909b5b9e3646 - - default default] http://[LB_IP_ADDRESS]:8776/v3/volumes/98c8315f-df19-4928-bf71-90caa9fc45c3 returned with HTTP 200
2026-01-09 12:25:49.546 73 INFO cinder.api.openstack.wsgi [req-2c516323-6751-40b7-b8a4-ec15526c5b05 req-6026514f-ac31-4281-a373-2b6e06120fea 812a74da642d47dab86c588b83f542b2 3362fb5f4cb34754acd5b9579097b39d - - default default] GET http://[LB_IP_ADDRESS]:8776/v3/snapshots/10270e0b-6dab-4789-a80c-6e2ab0a1d104
2026-01-09 12:25:49.555 73 INFO cinder.volume.api [req-2c516323-6751-40b7-b8a4-ec15526c5b05 req-6026514f-ac31-4281-a373-2b6e06120fea 812a74da642d47dab86c588b83f542b2 3362fb5f4cb34754acd5b9579097b39d - - default default] Snapshot retrieved successfully.
2026-01-09 12:25:49.556 73 INFO cinder.api.openstack.wsgi [req-2c516323-6751-40b7-b8a4-ec15526c5b05 req-6026514f-ac31-4281-a373-2b6e06120fea 812a74da642d47dab86c588b83f542b2 3362fb5f4cb34754acd5b9579097b39d - - default default] http://[LB_IP_ADDRESS]:8776/v3/snapshots/10270e0b-6dab-4789-a80c-6e2ab0a1d104 returned with HTTP 200
2026-01-09 12:25:50.116 74 INFO cinder.api.openstack.wsgi [req-6f8dcb65-c129-46e4-b4cd-aa247f5dec4c req-350588a5-cfef-4954-88cb-16b8f84a924d fcb3c20b8de848e1a37e8a5bc4c99b21 356bed2e2d1048f68784909b5b9e3646 - - default default] GET http://[LB_IP_ADDRESS]:8776/v3/volumes/98c8315f-df19-4928-bf71-90caa9fc45c3
2026-01-09 12:25:50.127 74 INFO cinder.api.openstack.wsgi [req-6f8dcb65-c129-46e4-b4cd-aa247f5dec4c req-350588a5-cfef-4954-88cb-16b8f84a924d fcb3c20b8de848e1a37e8a5bc4c99b21 356bed2e2d1048f68784909b5b9e3646 - - default default] http://[LB_IP_ADDRESS]:8776/v3/volumes/98c8315f-df19-4928-bf71-90caa9fc45c3 returned with HTTP 404
2026-01-09 12:25:50.587 76 INFO cinder.api.openstack.wsgi [req-d0550ca8-c631-4d72-9ce5-c47ed0e28a96 req-348d3a23-9b82-45b6-ad38-6a0c6a978b85 812a74da642d47dab86c588b83f542b2 3362fb5f4cb34754acd5b9579097b39d - - default default] GET http://[LB_IP_ADDRESS]:8776/v3/snapshots/10270e0b-6dab-4789-a80c-6e2ab0a1d104
2026-01-09 12:25:50.597 76 INFO cinder.volume.api [req-d0550ca8-c631-4d72-9ce5-c47ed0e28a96 req-348d3a23-9b82-45b6-ad38-6a0c6a978b85 812a74da642d47dab86c588b83f542b2 3362fb5f4cb34754acd5b9579097b39d - - default default] Snapshot retrieved successfully.
2026-01-09 12:25:50.598 76 INFO cinder.api.openstack.wsgi [req-d0550ca8-c631-4d72-9ce5-c47ed0e28a96 req-348d3a23-9b82-45b6-ad38-6a0c6a978b85 812a74da642d47dab86c588b83f542b2 3362fb5f4cb34754acd5b9579097b39d - - default default] http://[LB_IP_ADDRESS]:8776/v3/snapshots/10270e0b-6dab-4789-a80c-6e2ab0a1d104 returned with HTTP 200
2026-01-09 12:25:50.623 72 INFO cinder.api.openstack.wsgi [req-7209e61f-02f8-4b3a-83ad-d30b3301712c req-353433c5-aada-4d65-b37a-152d82191fd4 812a74da642d47dab86c588b83f542b2 3362fb5f4cb34754acd5b9579097b39d - - default default] DELETE http://[LB_IP_ADDRESS]:8776/v3/snapshots/10270e0b-6dab-4789-a80c-6e2ab0a1d104
2026-01-09 12:25:50.624 72 INFO cinder.api.v2.snapshots [req-7209e61f-02f8-4b3a-83ad-d30b3301712c req-353433c5-aada-4d65-b37a-152d82191fd4 812a74da642d47dab86c588b83f542b2 3362fb5f4cb34754acd5b9579097b39d - - default default] Delete snapshot with id: 10270e0b-6dab-4789-a80c-6e2ab0a1d104
2026-01-09 12:25:50.630 72 INFO cinder.volume.api [req-7209e61f-02f8-4b3a-83ad-d30b3301712c req-353433c5-aada-4d65-b37a-152d82191fd4 812a74da642d47dab86c588b83f542b2 3362fb5f4cb34754acd5b9579097b39d - - default default] Snapshot retrieved successfully.
2026-01-09 12:25:50.649 72 INFO cinder.volume.api [req-7209e61f-02f8-4b3a-83ad-d30b3301712c req-353433c5-aada-4d65-b37a-152d82191fd4 812a74da642d47dab86c588b83f542b2 3362fb5f4cb34754acd5b9579097b39d - - default default] Snapshot delete request issued successfully.
2026-01-09 12:25:50.649 72 INFO cinder.api.openstack.wsgi [req-7209e61f-02f8-4b3a-83ad-d30b3301712c req-353433c5-aada-4d65-b37a-152d82191fd4 812a74da642d47dab86c588b83f542b2 3362fb5f4cb34754acd5b9579097b39d - - default default] http://[LB_IP_ADDRESS]:8776/v3/snapshots/10270e0b-6dab-4789-a80c-6e2ab0a1d104 returned with HTTP 202
2026-01-09 12:25:50.675 75 INFO cinder.api.openstack.wsgi [req-99575045-79c5-420b-8f75-262b0dd06c83 req-95f01ea6-d403-4817-9cf4-1e3b5b204e6d 812a74da642d47dab86c588b83f542b2 3362fb5f4cb34754acd5b9579097b39d - - default default] GET http://[LB_IP_ADDRESS]:8776/v3/snapshots/10270e0b-6dab-4789-a80c-6e2ab0a1d104
2026-01-09 12:25:50.686 75 INFO cinder.volume.api [req-99575045-79c5-420b-8f75-262b0dd06c83 req-95f01ea6-d403-4817-9cf4-1e3b5b204e6d 812a74da642d47dab86c588b83f542b2 3362fb5f4cb34754acd5b9579097b39d - - default default] Snapshot retrieved successfully.
2026-01-09 12:25:50.687 75 INFO cinder.api.openstack.wsgi [req-99575045-79c5-420b-8f75-262b0dd06c83 req-95f01ea6-d403-4817-9cf4-1e3b5b204e6d 812a74da642d47dab86c588b83f542b2 3362fb5f4cb34754acd5b9579097b39d - - default default] http://[LB_IP_ADDRESS]:8776/v3/snapshots/10270e0b-6dab-4789-a80c-6e2ab0a1d104 returned with HTTP 200
2026-01-09 12:25:51.722 74 INFO cinder.api.openstack.wsgi [req-86b0d8c9-d069-4210-bdea-cefea84ada5f req-c2ada535-9e2a-4de9-addd-38ae0f172412 812a74da642d47dab86c588b83f542b2 3362fb5f4cb34754acd5b9579097b39d - - default default] GET http://[LB_IP_ADDRESS]:8776/v3/snapshots/10270e0b-6dab-4789-a80c-6e2ab0a1d104
2026-01-09 12:25:51.731 74 INFO cinder.api.openstack.wsgi [req-86b0d8c9-d069-4210-bdea-cefea84ada5f req-c2ada535-9e2a-4de9-addd-38ae0f172412 812a74da642d47dab86c588b83f542b2 3362fb5f4cb34754acd5b9579097b39d - - default default] http://[LB_IP_ADDRESS]:8776/v3/snapshots/10270e0b-6dab-4789-a80c-6e2ab0a1d104 returned with HTTP 404
2026-01-09 12:25:51.759 76 INFO cinder.api.openstack.wsgi [req-1df2446f-2288-4704-bc27-0dcae802c309 req-3eaa3ee3-3d60-49a7-a659-538c33423976 812a74da642d47dab86c588b83f542b2 3362fb5f4cb34754acd5b9579097b39d - - default default] DELETE http://[LB_IP_ADDRESS]:8776/v3/volumes/4b0db62b-6180-4cb5-ad77-7a7b04db7b00
2026-01-09 12:25:51.760 76 INFO cinder.api.v3.volumes [req-1df2446f-2288-4704-bc27-0dcae802c309 req-3eaa3ee3-3d60-49a7-a659-538c33423976 812a74da642d47dab86c588b83f542b2 3362fb5f4cb34754acd5b9579097b39d - - default default] Delete volume with id: 4b0db62b-6180-4cb5-ad77-7a7b04db7b00 
2026-01-09 12:25:51.768 76 INFO cinder.volume.api [req-1df2446f-2288-4704-bc27-0dcae802c309 req-3eaa3ee3-3d60-49a7-a659-538c33423976 812a74da642d47dab86c588b83f542b2 3362fb5f4cb34754acd5b9579097b39d - - default default] Volume info retrieved successfully.
2026-01-09 12:25:51.793 76 INFO cinder.volume.api [req-1df2446f-2288-4704-bc27-0dcae802c309 req-3eaa3ee3-3d60-49a7-a659-538c33423976 812a74da642d47dab86c588b83f542b2 3362fb5f4cb34754acd5b9579097b39d - - default default] Delete volume request issued successfully.
2026-01-09 12:25:51.794 76 INFO cinder.api.openstack.wsgi [req-1df2446f-2288-4704-bc27-0dcae802c309 req-3eaa3ee3-3d60-49a7-a659-538c33423976 812a74da642d47dab86c588b83f542b2 3362fb5f4cb34754acd5b9579097b39d - - default default] http://[LB_IP_ADDRESS]:8776/v3/volumes/4b0db62b-6180-4cb5-ad77-7a7b04db7b00 returned with HTTP 202
2026-01-09 12:25:51.823 72 INFO cinder.api.openstack.wsgi [req-80f3fbcd-5926-4769-b56e-b44371599c96 req-6ace180d-dca6-4060-823d-d9313d7a6f23 812a74da642d47dab86c588b83f542b2 3362fb5f4cb34754acd5b9579097b39d - - default default] GET http://[LB_IP_ADDRESS]:8776/v3/volumes/4b0db62b-6180-4cb5-ad77-7a7b04db7b00
2026-01-09 12:25:51.843 72 INFO cinder.volume.api [req-80f3fbcd-5926-4769-b56e-b44371599c96 req-6ace180d-dca6-4060-823d-d9313d7a6f23 812a74da642d47dab86c588b83f542b2 3362fb5f4cb34754acd5b9579097b39d - - default default] Volume info retrieved successfully.
2026-01-09 12:25:51.849 72 INFO cinder.api.openstack.wsgi [req-80f3fbcd-5926-4769-b56e-b44371599c96 req-6ace180d-dca6-4060-823d-d9313d7a6f23 812a74da642d47dab86c588b83f542b2 3362fb5f4cb34754acd5b9579097b39d - - default default] http://[LB_IP_ADDRESS]:8776/v3/volumes/4b0db62b-6180-4cb5-ad77-7a7b04db7b00 returned with HTTP 200
2026-01-09 12:25:51.854 73 INFO cinder.api.openstack.wsgi [None req-d471695d-ac1a-4a6d-8667-cfc1817a6c01 a0254c0052364638a0773016d00e2134 4ce3c5c10051486fa18369be69576375 - - default default] POST http://[LB_IP_ADDRESS]:8776/v3/4ce3c5c10051486fa18369be69576375/types
2026-01-09 12:25:51.887 73 INFO cinder.api.openstack.wsgi [None req-d471695d-ac1a-4a6d-8667-cfc1817a6c01 a0254c0052364638a0773016d00e2134 4ce3c5c10051486fa18369be69576375 - - default default] http://[LB_IP_ADDRESS]:8776/v3/4ce3c5c10051486fa18369be69576375/types returned with HTTP 200
2026-01-09 12:25:51.903 75 INFO cinder.api.openstack.wsgi [None req-31f74ae7-3dbb-4c8c-8d05-52e598eab6fd a0254c0052364638a0773016d00e2134 4ce3c5c10051486fa18369be69576375 - - default default] POST http://[LB_IP_ADDRESS]:8776/v3/4ce3c5c10051486fa18369be69576375/group_types
2026-01-09 12:25:51.934 75 INFO cinder.api.openstack.wsgi [None req-31f74ae7-3dbb-4c8c-8d05-52e598eab6fd a0254c0052364638a0773016d00e2134 4ce3c5c10051486fa18369be69576375 - - default default] http://[LB_IP_ADDRESS]:8776/v3/4ce3c5c10051486fa18369be69576375/group_types returned with HTTP 202
2026-01-09 12:25:52.055 74 INFO cinder.api.openstack.wsgi [None req-b4691d7a-1d17-44b3-a1a2-6db5d395a15b f9a08222efae460c81051f87e56d97e2 1edabc675fca4ca4b4f6ddb6700e52ca - - default default] POST http://[LB_IP_ADDRESS]:8776/v3/1edabc675fca4ca4b4f6ddb6700e52ca/groups
2026-01-09 12:25:52.070 74 INFO cinder.api.v3.groups [None req-b4691d7a-1d17-44b3-a1a2-6db5d395a15b f9a08222efae460c81051f87e56d97e2 1edabc675fca4ca4b4f6ddb6700e52ca - - default default] Creating group tempest-GroupSnapshotsTest-Group-313369993.
2026-01-09 12:25:52.083 74 INFO cinder.volume.api [None req-b4691d7a-1d17-44b3-a1a2-6db5d395a15b f9a08222efae460c81051f87e56d97e2 1edabc675fca4ca4b4f6ddb6700e52ca - - default default] Availability Zones retrieved successfully.
2026-01-09 12:25:52.184 74 INFO cinder.api.openstack.wsgi [None req-b4691d7a-1d17-44b3-a1a2-6db5d395a15b f9a08222efae460c81051f87e56d97e2 1edabc675fca4ca4b4f6ddb6700e52ca - - default default] http://[LB_IP_ADDRESS]:8776/v3/1edabc675fca4ca4b4f6ddb6700e52ca/groups returned with HTTP 202
2026-01-09 12:25:52.197 76 INFO cinder.api.openstack.wsgi [None req-d8e0a65b-6792-46dc-ad74-33128755d767 f9a08222efae460c81051f87e56d97e2 1edabc675fca4ca4b4f6ddb6700e52ca - - default default] GET http://[LB_IP_ADDRESS]:8776/v3/1edabc675fca4ca4b4f6ddb6700e52ca/groups/70f56432-95fa-40a7-8a62-55f55c5c6e01
2026-01-09 12:25:52.212 76 INFO cinder.api.openstack.wsgi [None req-d8e0a65b-6792-46dc-ad74-33128755d767 f9a08222efae460c81051f87e56d97e2 1edabc675fca4ca4b4f6ddb6700e52ca - - default default] http://[LB_IP_ADDRESS]:8776/v3/1edabc675fca4ca4b4f6ddb6700e52ca/groups/70f56432-95fa-40a7-8a62-55f55c5c6e01 returned with HTTP 200
2026-01-09 12:25:52.880 72 INFO cinder.api.openstack.wsgi [req-86f5cc93-e0a2-470e-8d0f-0eef190e3f2d req-5d0ca372-82f3-4e6a-9d01-cd95bf96cfbb 812a74da642d47dab86c588b83f542b2 3362fb5f4cb34754acd5b9579097b39d - - default default] GET http://[LB_IP_ADDRESS]:8776/v3/volumes/4b0db62b-6180-4cb5-ad77-7a7b04db7b00
2026-01-09 12:25:52.890 72 INFO cinder.api.openstack.wsgi [req-86f5cc93-e0a2-470e-8d0f-0eef190e3f2d req-5d0ca372-82f3-4e6a-9d01-cd95bf96cfbb 812a74da642d47dab86c588b83f542b2 3362fb5f4cb34754acd5b9579097b39d - - default default] http://[LB_IP_ADDRESS]:8776/v3/volumes/4b0db62b-6180-4cb5-ad77-7a7b04db7b00 returned with HTTP 404
2026-01-09 12:25:52.921 73 INFO cinder.api.openstack.wsgi [req-ce65641b-ff97-4e4b-aeee-f32e9775c85c req-a60ea635-66e3-4565-816b-89a4a3f3fa47 812a74da642d47dab86c588b83f542b2 3362fb5f4cb34754acd5b9579097b39d - - default default] DELETE http://[LB_IP_ADDRESS]:8776/v3/volumes/4b0db62b-6180-4cb5-ad77-7a7b04db7b00
2026-01-09 12:25:52.922 73 INFO cinder.api.v3.volumes [req-ce65641b-ff97-4e4b-aeee-f32e9775c85c req-a60ea635-66e3-4565-816b-89a4a3f3fa47 812a74da642d47dab86c588b83f542b2 3362fb5f4cb34754acd5b9579097b39d - - default default] Delete volume with id: 4b0db62b-6180-4cb5-ad77-7a7b04db7b00 
2026-01-09 12:25:52.931 73 INFO cinder.api.openstack.wsgi [req-ce65641b-ff97-4e4b-aeee-f32e9775c85c req-a60ea635-66e3-4565-816b-89a4a3f3fa47 812a74da642d47dab86c588b83f542b2 3362fb5f4cb34754acd5b9579097b39d - - default default] http://[LB_IP_ADDRESS]:8776/v3/volumes/4b0db62b-6180-4cb5-ad77-7a7b04db7b00 returned with HTTP 404
2026-01-09 12:25:52.958 75 INFO cinder.api.openstack.wsgi [req-5856eeeb-9328-4d96-8fe8-8f1f23910b48 req-856040aa-b75b-49ad-9646-f5f6381d4954 812a74da642d47dab86c588b83f542b2 3362fb5f4cb34754acd5b9579097b39d - - default default] GET http://[LB_IP_ADDRESS]:8776/v3/volumes/4b0db62b-6180-4cb5-ad77-7a7b04db7b00
2026-01-09 12:25:52.966 75 INFO cinder.api.openstack.wsgi [req-5856eeeb-9328-4d96-8fe8-8f1f23910b48 req-856040aa-b75b-49ad-9646-f5f6381d4954 812a74da642d47dab86c588b83f542b2 3362fb5f4cb34754acd5b9579097b39d - - default default] http://[LB_IP_ADDRESS]:8776/v3/volumes/4b0db62b-6180-4cb5-ad77-7a7b04db7b00 returned with HTTP 404
2026-01-09 12:25:53.228 74 INFO cinder.api.openstack.wsgi [None req-7ad53216-2d7a-4e79-aff9-6f2957e46d62 f9a08222efae460c81051f87e56d97e2 1edabc675fca4ca4b4f6ddb6700e52ca - - default default] GET http://[LB_IP_ADDRESS]:8776/v3/1edabc675fca4ca4b4f6ddb6700e52ca/groups/70f56432-95fa-40a7-8a62-55f55c5c6e01
2026-01-09 12:25:53.246 74 INFO cinder.api.openstack.wsgi [None req-7ad53216-2d7a-4e79-aff9-6f2957e46d62 f9a08222efae460c81051f87e56d97e2 1edabc675fca4ca4b4f6ddb6700e52ca - - default default] http://[LB_IP_ADDRESS]:8776/v3/1edabc675fca4ca4b4f6ddb6700e52ca/groups/70f56432-95fa-40a7-8a62-55f55c5c6e01 returned with HTTP 200
2026-01-09 12:25:53.259 76 INFO cinder.api.openstack.wsgi [None req-509d00f2-16ef-46fb-abc7-3e4c5003121e f9a08222efae460c81051f87e56d97e2 1edabc675fca4ca4b4f6ddb6700e52ca - - default default] POST http://[LB_IP_ADDRESS]:8776/v3/1edabc675fca4ca4b4f6ddb6700e52ca/volumes
2026-01-09 12:25:53.269 76 INFO cinder.api.v3.volumes [None req-509d00f2-16ef-46fb-abc7-3e4c5003121e f9a08222efae460c81051f87e56d97e2 1edabc675fca4ca4b4f6ddb6700e52ca - - default default] Create volume of 1 GB
2026-01-09 12:25:53.277 76 INFO cinder.volume.api [None req-509d00f2-16ef-46fb-abc7-3e4c5003121e f9a08222efae460c81051f87e56d97e2 1edabc675fca4ca4b4f6ddb6700e52ca - - default default] Availability Zones retrieved successfully.
2026-01-09 12:25:53.554 72 INFO cinder.api.openstack.wsgi [None req-00fda149-21f2-448f-87fb-af5d5b3128ab 2212fb28eba9405da69ba7d538d8d4ee e27d7f4f9fa742d4bca5d4666451b36d - - default default] POST http://[LB_IP_ADDRESS]:8776/v3/e27d7f4f9fa742d4bca5d4666451b36d/group_types
2026-01-09 12:25:53.575 72 INFO cinder.api.openstack.wsgi [None req-00fda149-21f2-448f-87fb-af5d5b3128ab 2212fb28eba9405da69ba7d538d8d4ee e27d7f4f9fa742d4bca5d4666451b36d - - default default] http://[LB_IP_ADDRESS]:8776/v3/e27d7f4f9fa742d4bca5d4666451b36d/group_types returned with HTTP 202
2026-01-09 12:25:53.590 73 INFO cinder.api.openstack.wsgi [None req-a6a9ff98-627b-4d87-bee0-fad26870ff84 2212fb28eba9405da69ba7d538d8d4ee e27d7f4f9fa742d4bca5d4666451b36d - - default default] POST http://[LB_IP_ADDRESS]:8776/v3/e27d7f4f9fa742d4bca5d4666451b36d/group_types/b8aea218-54a9-4ca8-9a0e-e6b0c0122662/group_specs
2026-01-09 12:25:53.612 73 INFO cinder.api.openstack.wsgi [None req-a6a9ff98-627b-4d87-bee0-fad26870ff84 2212fb28eba9405da69ba7d538d8d4ee e27d7f4f9fa742d4bca5d4666451b36d - - default default] http://[LB_IP_ADDRESS]:8776/v3/e27d7f4f9fa742d4bca5d4666451b36d/group_types/b8aea218-54a9-4ca8-9a0e-e6b0c0122662/group_specs returned with HTTP 202
2026-01-09 12:25:53.626 75 INFO cinder.api.openstack.wsgi [None req-0366608f-e9f7-43af-90f9-3fa71c057b8f 2212fb28eba9405da69ba7d538d8d4ee e27d7f4f9fa742d4bca5d4666451b36d - - default default] POST http://[LB_IP_ADDRESS]:8776/v3/e27d7f4f9fa742d4bca5d4666451b36d/group_types/b8aea218-54a9-4ca8-9a0e-e6b0c0122662/group_specs
2026-01-09 12:25:53.643 75 INFO cinder.api.openstack.wsgi [None req-0366608f-e9f7-43af-90f9-3fa71c057b8f 2212fb28eba9405da69ba7d538d8d4ee e27d7f4f9fa742d4bca5d4666451b36d - - default default] http://[LB_IP_ADDRESS]:8776/v3/e27d7f4f9fa742d4bca5d4666451b36d/group_types/b8aea218-54a9-4ca8-9a0e-e6b0c0122662/group_specs returned with HTTP 202
2026-01-09 12:25:53.656 74 INFO cinder.api.openstack.wsgi [None req-23ebd853-4347-4e14-b13e-75bc9a075a89 2212fb28eba9405da69ba7d538d8d4ee e27d7f4f9fa742d4bca5d4666451b36d - - default default] GET http://[LB_IP_ADDRESS]:8776/v3/e27d7f4f9fa742d4bca5d4666451b36d/group_types/b8aea218-54a9-4ca8-9a0e-e6b0c0122662/group_specs/key2
2026-01-09 12:25:53.666 74 INFO cinder.api.openstack.wsgi [None req-23ebd853-4347-4e14-b13e-75bc9a075a89 2212fb28eba9405da69ba7d538d8d4ee e27d7f4f9fa742d4bca5d4666451b36d - - default default] http://[LB_IP_ADDRESS]:8776/v3/e27d7f4f9fa742d4bca5d4666451b36d/group_types/b8aea218-54a9-4ca8-9a0e-e6b0c0122662/group_specs/key2 returned with HTTP 200
2026-01-09 12:25:53.676 72 INFO cinder.api.openstack.wsgi [None req-8e3ac47b-b4a3-4e26-b934-281f9c4a4be6 2212fb28eba9405da69ba7d538d8d4ee e27d7f4f9fa742d4bca5d4666451b36d - - default default] GET http://[LB_IP_ADDRESS]:8776/v3/e27d7f4f9fa742d4bca5d4666451b36d/group_types/b8aea218-54a9-4ca8-9a0e-e6b0c0122662/group_specs/key3
2026-01-09 12:25:53.685 72 INFO cinder.api.openstack.wsgi [None req-8e3ac47b-b4a3-4e26-b934-281f9c4a4be6 2212fb28eba9405da69ba7d538d8d4ee e27d7f4f9fa742d4bca5d4666451b36d - - default default] http://[LB_IP_ADDRESS]:8776/v3/e27d7f4f9fa742d4bca5d4666451b36d/group_types/b8aea218-54a9-4ca8-9a0e-e6b0c0122662/group_specs/key3 returned with HTTP 200
2026-01-09 12:25:53.699 73 INFO cinder.api.openstack.wsgi [None req-b5b93834-bfee-4576-a9fe-d0912f4d9f34 2212fb28eba9405da69ba7d538d8d4ee e27d7f4f9fa742d4bca5d4666451b36d - - default default] PUT http://[LB_IP_ADDRESS]:8776/v3/e27d7f4f9fa742d4bca5d4666451b36d/group_types/b8aea218-54a9-4ca8-9a0e-e6b0c0122662/group_specs/key3
2026-01-09 12:25:53.716 73 INFO cinder.api.openstack.wsgi [None req-b5b93834-bfee-4576-a9fe-d0912f4d9f34 2212fb28eba9405da69ba7d538d8d4ee e27d7f4f9fa742d4bca5d4666451b36d - - default default] http://[LB_IP_ADDRESS]:8776/v3/e27d7f4f9fa742d4bca5d4666451b36d/group_types/b8aea218-54a9-4ca8-9a0e-e6b0c0122662/group_specs/key3 returned with HTTP 200
2026-01-09 12:25:53.725 75 INFO cinder.api.openstack.wsgi [None req-28019385-6bc4-4d15-8e2e-f5963bd30586 2212fb28eba9405da69ba7d538d8d4ee e27d7f4f9fa742d4bca5d4666451b36d - - default default] GET http://[LB_IP_ADDRESS]:8776/v3/e27d7f4f9fa742d4bca5d4666451b36d/group_types/b8aea218-54a9-4ca8-9a0e-e6b0c0122662/group_specs
2026-01-09 12:25:53.732 75 INFO cinder.api.openstack.wsgi [None req-28019385-6bc4-4d15-8e2e-f5963bd30586 2212fb28eba9405da69ba7d538d8d4ee e27d7f4f9fa742d4bca5d4666451b36d - - default default] http://[LB_IP_ADDRESS]:8776/v3/e27d7f4f9fa742d4bca5d4666451b36d/group_types/b8aea218-54a9-4ca8-9a0e-e6b0c0122662/group_specs returned with HTTP 200
2026-01-09 12:25:53.741 74 INFO cinder.api.openstack.wsgi [None req-d251a20a-605b-4e75-978b-05cfc772fb31 2212fb28eba9405da69ba7d538d8d4ee e27d7f4f9fa742d4bca5d4666451b36d - - default default] DELETE http://[LB_IP_ADDRESS]:8776/v3/e27d7f4f9fa742d4bca5d4666451b36d/group_types/b8aea218-54a9-4ca8-9a0e-e6b0c0122662/group_specs/key1
2026-01-09 12:25:53.751 74 INFO cinder.api.openstack.wsgi [None req-d251a20a-605b-4e75-978b-05cfc772fb31 2212fb28eba9405da69ba7d538d8d4ee e27d7f4f9fa742d4bca5d4666451b36d - - default default] http://[LB_IP_ADDRESS]:8776/v3/e27d7f4f9fa742d4bca5d4666451b36d/group_types/b8aea218-54a9-4ca8-9a0e-e6b0c0122662/group_specs/key1 returned with HTTP 202
2026-01-09 12:25:53.760 72 INFO cinder.api.openstack.wsgi [None req-bd1580ff-e8ab-4338-b1de-508fab2343fb 2212fb28eba9405da69ba7d538d8d4ee e27d7f4f9fa742d4bca5d4666451b36d - - default default] GET http://[LB_IP_ADDRESS]:8776/v3/e27d7f4f9fa742d4bca5d4666451b36d/group_types/b8aea218-54a9-4ca8-9a0e-e6b0c0122662/group_specs/key1
2026-01-09 12:25:53.766 72 INFO cinder.api.openstack.wsgi [None req-bd1580ff-e8ab-4338-b1de-508fab2343fb 2212fb28eba9405da69ba7d538d8d4ee e27d7f4f9fa742d4bca5d4666451b36d - - default default] HTTP exception thrown: Group Type b8aea218-54a9-4ca8-9a0e-e6b0c0122662 has no extra spec with key key1.
2026-01-09 12:25:53.766 72 INFO cinder.api.openstack.wsgi [None req-bd1580ff-e8ab-4338-b1de-508fab2343fb 2212fb28eba9405da69ba7d538d8d4ee e27d7f4f9fa742d4bca5d4666451b36d - - default default] http://[LB_IP_ADDRESS]:8776/v3/e27d7f4f9fa742d4bca5d4666451b36d/group_types/b8aea218-54a9-4ca8-9a0e-e6b0c0122662/group_specs/key1 returned with HTTP 404
2026-01-09 12:25:53.774 73 INFO cinder.api.openstack.wsgi [None req-1347ce67-ad6a-463e-b526-394fcc701362 2212fb28eba9405da69ba7d538d8d4ee e27d7f4f9fa742d4bca5d4666451b36d - - default default] DELETE http://[LB_IP_ADDRESS]:8776/v3/e27d7f4f9fa742d4bca5d4666451b36d/group_types/b8aea218-54a9-4ca8-9a0e-e6b0c0122662/group_specs/key2
2026-01-09 12:25:53.782 73 INFO cinder.api.openstack.wsgi [None req-1347ce67-ad6a-463e-b526-394fcc701362 2212fb28eba9405da69ba7d538d8d4ee e27d7f4f9fa742d4bca5d4666451b36d - - default default] http://[LB_IP_ADDRESS]:8776/v3/e27d7f4f9fa742d4bca5d4666451b36d/group_types/b8aea218-54a9-4ca8-9a0e-e6b0c0122662/group_specs/key2 returned with HTTP 202
2026-01-09 12:25:53.789 76 WARNING cinder.quota [None req-509d00f2-16ef-46fb-abc7-3e4c5003121e f9a08222efae460c81051f87e56d97e2 1edabc675fca4ca4b4f6ddb6700e52ca - - default default] Deprecated: Default quota for resource: volumes_tempest-GroupSnapshotsTest-volume-type-147808164 is set by the default quota flag: quota_volumes_tempest-GroupSnapshotsTest-volume-type-147808164, it is now deprecated. Please use the default quota class for default quota.
2026-01-09 12:25:53.789 76 WARNING cinder.quota [None req-509d00f2-16ef-46fb-abc7-3e4c5003121e f9a08222efae460c81051f87e56d97e2 1edabc675fca4ca4b4f6ddb6700e52ca - - default default] Deprecated: Default quota for resource: gigabytes_tempest-GroupSnapshotsTest-volume-type-147808164 is set by the default quota flag: quota_gigabytes_tempest-GroupSnapshotsTest-volume-type-147808164, it is now deprecated. Please use the default quota class for default quota.
2026-01-09 12:25:53.792 75 INFO cinder.api.openstack.wsgi [None req-7fd15dc8-1e7b-42f8-8c82-b9116ebb3c07 2212fb28eba9405da69ba7d538d8d4ee e27d7f4f9fa742d4bca5d4666451b36d - - default default] GET http://[LB_IP_ADDRESS]:8776/v3/e27d7f4f9fa742d4bca5d4666451b36d/group_types/b8aea218-54a9-4ca8-9a0e-e6b0c0122662/group_specs/key2
2026-01-09 12:25:53.803 75 INFO cinder.api.openstack.wsgi [None req-7fd15dc8-1e7b-42f8-8c82-b9116ebb3c07 2212fb28eba9405da69ba7d538d8d4ee e27d7f4f9fa742d4bca5d4666451b36d - - default default] HTTP exception thrown: Group Type b8aea218-54a9-4ca8-9a0e-e6b0c0122662 has no extra spec with key key2.
2026-01-09 12:25:53.804 75 INFO cinder.api.openstack.wsgi [None req-7fd15dc8-1e7b-42f8-8c82-b9116ebb3c07 2212fb28eba9405da69ba7d538d8d4ee e27d7f4f9fa742d4bca5d4666451b36d - - default default] http://[LB_IP_ADDRESS]:8776/v3/e27d7f4f9fa742d4bca5d4666451b36d/group_types/b8aea218-54a9-4ca8-9a0e-e6b0c0122662/group_specs/key2 returned with HTTP 404
2026-01-09 12:25:53.813 74 INFO cinder.api.openstack.wsgi [None req-ec71f127-3ff8-413e-aa16-e84ac4adef27 2212fb28eba9405da69ba7d538d8d4ee e27d7f4f9fa742d4bca5d4666451b36d - - default default] DELETE http://[LB_IP_ADDRESS]:8776/v3/e27d7f4f9fa742d4bca5d4666451b36d/group_types/b8aea218-54a9-4ca8-9a0e-e6b0c0122662/group_specs/key3
2026-01-09 12:25:53.822 74 INFO cinder.api.openstack.wsgi [None req-ec71f127-3ff8-413e-aa16-e84ac4adef27 2212fb28eba9405da69ba7d538d8d4ee e27d7f4f9fa742d4bca5d4666451b36d - - default default] http://[LB_IP_ADDRESS]:8776/v3/e27d7f4f9fa742d4bca5d4666451b36d/group_types/b8aea218-54a9-4ca8-9a0e-e6b0c0122662/group_specs/key3 returned with HTTP 202
2026-01-09 12:25:53.831 72 INFO cinder.api.openstack.wsgi [None req-75978440-fc7e-4380-9b73-3d22ad9b859f 2212fb28eba9405da69ba7d538d8d4ee e27d7f4f9fa742d4bca5d4666451b36d - - default default] GET http://[LB_IP_ADDRESS]:8776/v3/e27d7f4f9fa742d4bca5d4666451b36d/group_types/b8aea218-54a9-4ca8-9a0e-e6b0c0122662/group_specs/key3
2026-01-09 12:25:53.840 72 INFO cinder.api.openstack.wsgi [None req-75978440-fc7e-4380-9b73-3d22ad9b859f 2212fb28eba9405da69ba7d538d8d4ee e27d7f4f9fa742d4bca5d4666451b36d - - default default] HTTP exception thrown: Group Type b8aea218-54a9-4ca8-9a0e-e6b0c0122662 has no extra spec with key key3.
2026-01-09 12:25:53.840 72 INFO cinder.api.openstack.wsgi [None req-75978440-fc7e-4380-9b73-3d22ad9b859f 2212fb28eba9405da69ba7d538d8d4ee e27d7f4f9fa742d4bca5d4666451b36d - - default default] http://[LB_IP_ADDRESS]:8776/v3/e27d7f4f9fa742d4bca5d4666451b36d/group_types/b8aea218-54a9-4ca8-9a0e-e6b0c0122662/group_specs/key3 returned with HTTP 404
2026-01-09 12:25:53.850 73 INFO cinder.api.openstack.wsgi [None req-2bce1572-9623-4746-8140-057026323a82 2212fb28eba9405da69ba7d538d8d4ee e27d7f4f9fa742d4bca5d4666451b36d - - default default] DELETE http://[LB_IP_ADDRESS]:8776/v3/e27d7f4f9fa742d4bca5d4666451b36d/group_types/b8aea218-54a9-4ca8-9a0e-e6b0c0122662
2026-01-09 12:25:53.863 73 INFO cinder.api.openstack.wsgi [None req-2bce1572-9623-4746-8140-057026323a82 2212fb28eba9405da69ba7d538d8d4ee e27d7f4f9fa742d4bca5d4666451b36d - - default default] http://[LB_IP_ADDRESS]:8776/v3/e27d7f4f9fa742d4bca5d4666451b36d/group_types/b8aea218-54a9-4ca8-9a0e-e6b0c0122662 returned with HTTP 202
2026-01-09 12:25:53.871 76 INFO cinder.volume.api [None req-509d00f2-16ef-46fb-abc7-3e4c5003121e f9a08222efae460c81051f87e56d97e2 1edabc675fca4ca4b4f6ddb6700e52ca - - default default] Create volume request issued successfully.
2026-01-09 12:25:53.891 76 INFO cinder.api.openstack.wsgi [None req-509d00f2-16ef-46fb-abc7-3e4c5003121e f9a08222efae460c81051f87e56d97e2 1edabc675fca4ca4b4f6ddb6700e52ca - - default default] http://[LB_IP_ADDRESS]:8776/v3/1edabc675fca4ca4b4f6ddb6700e52ca/volumes returned with HTTP 202
2026-01-09 12:25:53.911 75 INFO cinder.api.openstack.wsgi [None req-d4a0bcaf-075c-474a-b3d7-9aed64b40a03 f9a08222efae460c81051f87e56d97e2 1edabc675fca4ca4b4f6ddb6700e52ca - - default default] GET http://[LB_IP_ADDRESS]:8776/v3/1edabc675fca4ca4b4f6ddb6700e52ca/volumes/86cc237e-238d-4f27-bc2a-8c498c25d1cf
2026-01-09 12:25:53.927 75 INFO cinder.volume.api [None req-d4a0bcaf-075c-474a-b3d7-9aed64b40a03 f9a08222efae460c81051f87e56d97e2 1edabc675fca4ca4b4f6ddb6700e52ca - - default default] Volume info retrieved successfully.
2026-01-09 12:25:53.949 75 INFO cinder.api.openstack.wsgi [None req-d4a0bcaf-075c-474a-b3d7-9aed64b40a03 f9a08222efae460c81051f87e56d97e2 1edabc675fca4ca4b4f6ddb6700e52ca - - default default] http://[LB_IP_ADDRESS]:8776/v3/1edabc675fca4ca4b4f6ddb6700e52ca/volumes/86cc237e-238d-4f27-bc2a-8c498c25d1cf returned with HTTP 200
2026-01-09 12:25:54.970 74 INFO cinder.api.openstack.wsgi [None req-44e237af-ff99-4471-8c09-f1655774c66b f9a08222efae460c81051f87e56d97e2 1edabc675fca4ca4b4f6ddb6700e52ca - - default default] GET http://[LB_IP_ADDRESS]:8776/v3/1edabc675fca4ca4b4f6ddb6700e52ca/volumes/86cc237e-238d-4f27-bc2a-8c498c25d1cf
2026-01-09 12:25:54.984 74 INFO cinder.volume.api [None req-44e237af-ff99-4471-8c09-f1655774c66b f9a08222efae460c81051f87e56d97e2 1edabc675fca4ca4b4f6ddb6700e52ca - - default default] Volume info retrieved successfully.
2026-01-09 12:25:54.999 74 INFO cinder.api.openstack.wsgi [None req-44e237af-ff99-4471-8c09-f1655774c66b f9a08222efae460c81051f87e56d97e2 1edabc675fca4ca4b4f6ddb6700e52ca - - default default] http://[LB_IP_ADDRESS]:8776/v3/1edabc675fca4ca4b4f6ddb6700e52ca/volumes/86cc237e-238d-4f27-bc2a-8c498c25d1cf returned with HTTP 200
2026-01-09 12:25:55.021 72 INFO cinder.api.openstack.wsgi [None req-3cca7bb8-1cf2-4696-9c0d-c032a1523954 f9a08222efae460c81051f87e56d97e2 1edabc675fca4ca4b4f6ddb6700e52ca - - default default] POST http://[LB_IP_ADDRESS]:8776/v3/1edabc675fca4ca4b4f6ddb6700e52ca/group_snapshots
2026-01-09 12:25:55.035 72 INFO cinder.api.v3.group_snapshots [None req-3cca7bb8-1cf2-4696-9c0d-c032a1523954 f9a08222efae460c81051f87e56d97e2 1edabc675fca4ca4b4f6ddb6700e52ca - - default default] Creating group_snapshot tempest-group_snapshot-1024416571.
