2026-01-14 09:49:04.229 75 INFO cinder.api.openstack.wsgi [None req-c21c94e2-c975-4863-866c-0cd6e5315178 8926a9c9dd55456e833079fd5e1afd84 66ab669509b042d19d3988f7ad5908ef - - default default] DELETE http://[LB_IP_ADDRESS]:8776/v3/66ab669509b042d19d3988f7ad5908ef/volumes/ce48db9f-b663-4a7e-a59b-8a19ea5018bf
2026-01-14 09:49:04.230 75 INFO cinder.api.v3.volumes [None req-c21c94e2-c975-4863-866c-0cd6e5315178 8926a9c9dd55456e833079fd5e1afd84 66ab669509b042d19d3988f7ad5908ef - - default default] Delete volume with id: ce48db9f-b663-4a7e-a59b-8a19ea5018bf 
2026-01-14 09:49:04.242 75 INFO cinder.volume.api [None req-c21c94e2-c975-4863-866c-0cd6e5315178 8926a9c9dd55456e833079fd5e1afd84 66ab669509b042d19d3988f7ad5908ef - - default default] Volume info retrieved successfully.
2026-01-14 09:49:04.259 75 INFO cinder.volume.api [None req-c21c94e2-c975-4863-866c-0cd6e5315178 8926a9c9dd55456e833079fd5e1afd84 66ab669509b042d19d3988f7ad5908ef - - default default] Delete volume request issued successfully.
2026-01-14 09:49:04.260 75 INFO cinder.api.openstack.wsgi [None req-c21c94e2-c975-4863-866c-0cd6e5315178 8926a9c9dd55456e833079fd5e1afd84 66ab669509b042d19d3988f7ad5908ef - - default default] http://[LB_IP_ADDRESS]:8776/v3/66ab669509b042d19d3988f7ad5908ef/volumes/ce48db9f-b663-4a7e-a59b-8a19ea5018bf returned with HTTP 202
2026-01-14 09:49:04.272 76 INFO cinder.api.openstack.wsgi [None req-20568884-b147-45b7-a1c5-1d0cf4669bb7 8926a9c9dd55456e833079fd5e1afd84 66ab669509b042d19d3988f7ad5908ef - - default default] GET http://[LB_IP_ADDRESS]:8776/v3/66ab669509b042d19d3988f7ad5908ef/volumes/ce48db9f-b663-4a7e-a59b-8a19ea5018bf
2026-01-14 09:49:04.289 76 INFO cinder.volume.api [None req-20568884-b147-45b7-a1c5-1d0cf4669bb7 8926a9c9dd55456e833079fd5e1afd84 66ab669509b042d19d3988f7ad5908ef - - default default] Volume info retrieved successfully.
2026-01-14 09:49:04.294 76 INFO cinder.api.openstack.wsgi [None req-20568884-b147-45b7-a1c5-1d0cf4669bb7 8926a9c9dd55456e833079fd5e1afd84 66ab669509b042d19d3988f7ad5908ef - - default default] http://[LB_IP_ADDRESS]:8776/v3/66ab669509b042d19d3988f7ad5908ef/volumes/ce48db9f-b663-4a7e-a59b-8a19ea5018bf returned with HTTP 200
2026-01-14 09:49:04.850 73 INFO cinder.api.openstack.wsgi [None req-5d4a9693-6c7e-400f-83c4-7009a15ff33c c6ea9d71867246df8da63158e8316103 8aa0020277b6401b97766b7f118cda4d - - default default] GET http://[LB_IP_ADDRESS]:8776/v3/8aa0020277b6401b97766b7f118cda4d/volumes/a2c9370a-1176-4a69-a697-cf11dc524e25
2026-01-14 09:49:04.867 73 INFO cinder.volume.api [None req-5d4a9693-6c7e-400f-83c4-7009a15ff33c c6ea9d71867246df8da63158e8316103 8aa0020277b6401b97766b7f118cda4d - - default default] Volume info retrieved successfully.
2026-01-14 09:49:04.898 73 INFO cinder.api.openstack.wsgi [None req-5d4a9693-6c7e-400f-83c4-7009a15ff33c c6ea9d71867246df8da63158e8316103 8aa0020277b6401b97766b7f118cda4d - - default default] http://[LB_IP_ADDRESS]:8776/v3/8aa0020277b6401b97766b7f118cda4d/volumes/a2c9370a-1176-4a69-a697-cf11dc524e25 returned with HTTP 200
2026-01-14 09:49:04.920 72 INFO cinder.api.openstack.wsgi [None req-4e3af8ab-3bf5-4d93-a6ff-b6e038b3c7ce c6ea9d71867246df8da63158e8316103 8aa0020277b6401b97766b7f118cda4d - - default default] POST http://[LB_IP_ADDRESS]:8776/v3/8aa0020277b6401b97766b7f118cda4d/group_snapshots
2026-01-14 09:49:04.939 72 INFO cinder.api.v3.group_snapshots [None req-4e3af8ab-3bf5-4d93-a6ff-b6e038b3c7ce c6ea9d71867246df8da63158e8316103 8aa0020277b6401b97766b7f118cda4d - - default default] Creating group_snapshot tempest-group_snapshot-467992877.
2026-01-14 09:49:05.283 72 INFO cinder.api.openstack.wsgi [None req-4e3af8ab-3bf5-4d93-a6ff-b6e038b3c7ce c6ea9d71867246df8da63158e8316103 8aa0020277b6401b97766b7f118cda4d - - default default] http://[LB_IP_ADDRESS]:8776/v3/8aa0020277b6401b97766b7f118cda4d/group_snapshots returned with HTTP 202
2026-01-14 09:49:05.299 74 INFO cinder.api.openstack.wsgi [None req-d8a0d1cc-055a-4df6-a089-7acb11b4466e c6ea9d71867246df8da63158e8316103 8aa0020277b6401b97766b7f118cda4d - - default default] GET http://[LB_IP_ADDRESS]:8776/v3/8aa0020277b6401b97766b7f118cda4d/group_snapshots/232c1cc7-214a-423b-b8c8-3f3874107c96
2026-01-14 09:49:05.314 75 INFO cinder.api.openstack.wsgi [None req-7ec5f18d-8397-40cb-af24-1abe28a3f974 8926a9c9dd55456e833079fd5e1afd84 66ab669509b042d19d3988f7ad5908ef - - default default] GET http://[LB_IP_ADDRESS]:8776/v3/66ab669509b042d19d3988f7ad5908ef/volumes/ce48db9f-b663-4a7e-a59b-8a19ea5018bf
2026-01-14 09:49:05.315 74 INFO cinder.api.openstack.wsgi [None req-d8a0d1cc-055a-4df6-a089-7acb11b4466e c6ea9d71867246df8da63158e8316103 8aa0020277b6401b97766b7f118cda4d - - default default] http://[LB_IP_ADDRESS]:8776/v3/8aa0020277b6401b97766b7f118cda4d/group_snapshots/232c1cc7-214a-423b-b8c8-3f3874107c96 returned with HTTP 200
2026-01-14 09:49:05.326 75 INFO cinder.api.openstack.wsgi [None req-7ec5f18d-8397-40cb-af24-1abe28a3f974 8926a9c9dd55456e833079fd5e1afd84 66ab669509b042d19d3988f7ad5908ef - - default default] http://[LB_IP_ADDRESS]:8776/v3/66ab669509b042d19d3988f7ad5908ef/volumes/ce48db9f-b663-4a7e-a59b-8a19ea5018bf returned with HTTP 404
2026-01-14 09:49:05.338 76 INFO cinder.api.openstack.wsgi [None req-fcf723ff-5a38-43e1-8d29-8e3c458462cb e2f21772fccf4d069c890870f2e74a00 9ca8ae7d77754db38a29f086ec85e7fc - - default default] GET http://[LB_IP_ADDRESS]:8776/v3/9ca8ae7d77754db38a29f086ec85e7fc/volumes/ce48db9f-b663-4a7e-a59b-8a19ea5018bf
2026-01-14 09:49:05.349 76 INFO cinder.api.openstack.wsgi [None req-fcf723ff-5a38-43e1-8d29-8e3c458462cb e2f21772fccf4d069c890870f2e74a00 9ca8ae7d77754db38a29f086ec85e7fc - - default default] http://[LB_IP_ADDRESS]:8776/v3/9ca8ae7d77754db38a29f086ec85e7fc/volumes/ce48db9f-b663-4a7e-a59b-8a19ea5018bf returned with HTTP 404
2026-01-14 09:49:05.356 73 INFO cinder.api.openstack.wsgi [None req-08af7f40-b47b-4c55-bec7-f81fa1589f50 e2f21772fccf4d069c890870f2e74a00 9ca8ae7d77754db38a29f086ec85e7fc - - default default] DELETE http://[LB_IP_ADDRESS]:8776/v3/9ca8ae7d77754db38a29f086ec85e7fc/volumes/ce48db9f-b663-4a7e-a59b-8a19ea5018bf
2026-01-14 09:49:05.357 73 INFO cinder.api.v3.volumes [None req-08af7f40-b47b-4c55-bec7-f81fa1589f50 e2f21772fccf4d069c890870f2e74a00 9ca8ae7d77754db38a29f086ec85e7fc - - default default] Delete volume with id: ce48db9f-b663-4a7e-a59b-8a19ea5018bf 
2026-01-14 09:49:05.364 73 INFO cinder.api.openstack.wsgi [None req-08af7f40-b47b-4c55-bec7-f81fa1589f50 e2f21772fccf4d069c890870f2e74a00 9ca8ae7d77754db38a29f086ec85e7fc - - default default] http://[LB_IP_ADDRESS]:8776/v3/9ca8ae7d77754db38a29f086ec85e7fc/volumes/ce48db9f-b663-4a7e-a59b-8a19ea5018bf returned with HTTP 404
2026-01-14 09:49:05.382 72 INFO cinder.api.openstack.wsgi [None req-f555096d-4f2a-4924-907f-375ebcb84b25 8926a9c9dd55456e833079fd5e1afd84 66ab669509b042d19d3988f7ad5908ef - - default default] GET http://[LB_IP_ADDRESS]:8776/v3/66ab669509b042d19d3988f7ad5908ef/os-quota-sets/66ab669509b042d19d3988f7ad5908ef?usage=True
2026-01-14 09:49:05.532 72 INFO cinder.api.openstack.wsgi [None req-f555096d-4f2a-4924-907f-375ebcb84b25 8926a9c9dd55456e833079fd5e1afd84 66ab669509b042d19d3988f7ad5908ef - - default default] http://[LB_IP_ADDRESS]:8776/v3/66ab669509b042d19d3988f7ad5908ef/os-quota-sets/66ab669509b042d19d3988f7ad5908ef?usage=True returned with HTTP 200
2026-01-14 09:49:05.555 74 INFO cinder.api.openstack.wsgi [None req-76ee6354-90b0-4c5f-8210-3ac9d085b86a 8926a9c9dd55456e833079fd5e1afd84 66ab669509b042d19d3988f7ad5908ef - - default default] PUT http://[LB_IP_ADDRESS]:8776/v3/66ab669509b042d19d3988f7ad5908ef/os-quota-sets/9ca8ae7d77754db38a29f086ec85e7fc
2026-01-14 09:49:05.876 74 INFO cinder.api.openstack.wsgi [None req-76ee6354-90b0-4c5f-8210-3ac9d085b86a 8926a9c9dd55456e833079fd5e1afd84 66ab669509b042d19d3988f7ad5908ef - - default default] http://[LB_IP_ADDRESS]:8776/v3/66ab669509b042d19d3988f7ad5908ef/os-quota-sets/9ca8ae7d77754db38a29f086ec85e7fc returned with HTTP 200
2026-01-14 09:49:05.892 75 INFO cinder.api.openstack.wsgi [None req-a63376ec-93d0-4691-adfc-c5750318dc6b 8926a9c9dd55456e833079fd5e1afd84 66ab669509b042d19d3988f7ad5908ef - - default default] PUT http://[LB_IP_ADDRESS]:8776/v3/66ab669509b042d19d3988f7ad5908ef/os-quota-sets/9ca8ae7d77754db38a29f086ec85e7fc
2026-01-14 09:49:06.193 75 INFO cinder.api.openstack.wsgi [None req-a63376ec-93d0-4691-adfc-c5750318dc6b 8926a9c9dd55456e833079fd5e1afd84 66ab669509b042d19d3988f7ad5908ef - - default default] http://[LB_IP_ADDRESS]:8776/v3/66ab669509b042d19d3988f7ad5908ef/os-quota-sets/9ca8ae7d77754db38a29f086ec85e7fc returned with HTTP 200
2026-01-14 09:49:06.330 76 INFO cinder.api.openstack.wsgi [None req-45fb3af0-e424-4f6f-ab19-9bfd756d9a62 c6ea9d71867246df8da63158e8316103 8aa0020277b6401b97766b7f118cda4d - - default default] GET http://[LB_IP_ADDRESS]:8776/v3/8aa0020277b6401b97766b7f118cda4d/group_snapshots/232c1cc7-214a-423b-b8c8-3f3874107c96
2026-01-14 09:49:06.347 76 INFO cinder.api.openstack.wsgi [None req-45fb3af0-e424-4f6f-ab19-9bfd756d9a62 c6ea9d71867246df8da63158e8316103 8aa0020277b6401b97766b7f118cda4d - - default default] http://[LB_IP_ADDRESS]:8776/v3/8aa0020277b6401b97766b7f118cda4d/group_snapshots/232c1cc7-214a-423b-b8c8-3f3874107c96 returned with HTTP 200
2026-01-14 09:49:07.136 73 INFO cinder.api.openstack.wsgi [None req-155bebba-ddba-4255-8359-a8f936121009 aa57f4c9c0b245459ae8e173ed0cb22a 9943d5844c6e422aabc28876abca54ca - - default default] GET http://[LB_IP_ADDRESS]:8776/v3/9943d5844c6e422aabc28876abca54ca/os-services
2026-01-14 09:49:07.141 73 INFO cinder.api.openstack.wsgi [None req-155bebba-ddba-4255-8359-a8f936121009 aa57f4c9c0b245459ae8e173ed0cb22a 9943d5844c6e422aabc28876abca54ca - - default default] http://[LB_IP_ADDRESS]:8776/v3/9943d5844c6e422aabc28876abca54ca/os-services returned with HTTP 200
2026-01-14 09:49:07.157 72 INFO cinder.api.openstack.wsgi [None req-c87dbe45-a30d-4f74-89e2-718913c9f54f aa57f4c9c0b245459ae8e173ed0cb22a 9943d5844c6e422aabc28876abca54ca - - default default] PUT http://[LB_IP_ADDRESS]:8776/v3/9943d5844c6e422aabc28876abca54ca/os-services/disable-log-reason
2026-01-14 09:49:07.162 72 INFO cinder.api.openstack.wsgi [None req-c87dbe45-a30d-4f74-89e2-718913c9f54f aa57f4c9c0b245459ae8e173ed0cb22a 9943d5844c6e422aabc28876abca54ca - - default default] http://[LB_IP_ADDRESS]:8776/v3/9943d5844c6e422aabc28876abca54ca/os-services/disable-log-reason returned with HTTP 400
2026-01-14 09:49:07.177 74 INFO cinder.api.openstack.wsgi [None req-ea357459-624f-4485-ab71-f0f5316f352d aa57f4c9c0b245459ae8e173ed0cb22a 9943d5844c6e422aabc28876abca54ca - - default default] PUT http://[LB_IP_ADDRESS]:8776/v3/9943d5844c6e422aabc28876abca54ca/os-services/disable
2026-01-14 09:49:07.187 74 INFO cinder.api.openstack.wsgi [None req-ea357459-624f-4485-ab71-f0f5316f352d aa57f4c9c0b245459ae8e173ed0cb22a 9943d5844c6e422aabc28876abca54ca - - default default] http://[LB_IP_ADDRESS]:8776/v3/9943d5844c6e422aabc28876abca54ca/os-services/disable returned with HTTP 404
2026-01-14 09:49:07.202 75 INFO cinder.api.openstack.wsgi [None req-a7895a5f-0dde-422f-a925-cf8c4fa7b190 aa57f4c9c0b245459ae8e173ed0cb22a 9943d5844c6e422aabc28876abca54ca - - default default] PUT http://[LB_IP_ADDRESS]:8776/v3/9943d5844c6e422aabc28876abca54ca/os-services/enable
2026-01-14 09:49:07.211 75 INFO cinder.api.openstack.wsgi [None req-a7895a5f-0dde-422f-a925-cf8c4fa7b190 aa57f4c9c0b245459ae8e173ed0cb22a 9943d5844c6e422aabc28876abca54ca - - default default] http://[LB_IP_ADDRESS]:8776/v3/9943d5844c6e422aabc28876abca54ca/os-services/enable returned with HTTP 404
2026-01-14 09:49:07.225 76 INFO cinder.api.openstack.wsgi [None req-41063332-8092-4658-b757-e717c837be62 aa57f4c9c0b245459ae8e173ed0cb22a 9943d5844c6e422aabc28876abca54ca - - default default] PUT http://[LB_IP_ADDRESS]:8776/v3/9943d5844c6e422aabc28876abca54ca/os-services/freeze
2026-01-14 09:49:07.235 76 INFO cinder.api.openstack.wsgi [None req-41063332-8092-4658-b757-e717c837be62 aa57f4c9c0b245459ae8e173ed0cb22a 9943d5844c6e422aabc28876abca54ca - - default default] http://[LB_IP_ADDRESS]:8776/v3/9943d5844c6e422aabc28876abca54ca/os-services/freeze returned with HTTP 400
2026-01-14 09:49:07.249 73 INFO cinder.api.openstack.wsgi [None req-d90af702-5fe0-44fc-83b6-24ce8d7755dd aa57f4c9c0b245459ae8e173ed0cb22a 9943d5844c6e422aabc28876abca54ca - - default default] PUT http://[LB_IP_ADDRESS]:8776/v3/9943d5844c6e422aabc28876abca54ca/os-services/thaw
2026-01-14 09:49:07.259 73 INFO cinder.api.openstack.wsgi [None req-d90af702-5fe0-44fc-83b6-24ce8d7755dd aa57f4c9c0b245459ae8e173ed0cb22a 9943d5844c6e422aabc28876abca54ca - - default default] http://[LB_IP_ADDRESS]:8776/v3/9943d5844c6e422aabc28876abca54ca/os-services/thaw returned with HTTP 400
2026-01-14 09:49:07.362 72 INFO cinder.api.openstack.wsgi [None req-27258973-8a68-4054-96a6-8e160531854c c6ea9d71867246df8da63158e8316103 8aa0020277b6401b97766b7f118cda4d - - default default] GET http://[LB_IP_ADDRESS]:8776/v3/8aa0020277b6401b97766b7f118cda4d/group_snapshots/232c1cc7-214a-423b-b8c8-3f3874107c96
2026-01-14 09:49:07.375 72 INFO cinder.api.openstack.wsgi [None req-27258973-8a68-4054-96a6-8e160531854c c6ea9d71867246df8da63158e8316103 8aa0020277b6401b97766b7f118cda4d - - default default] http://[LB_IP_ADDRESS]:8776/v3/8aa0020277b6401b97766b7f118cda4d/group_snapshots/232c1cc7-214a-423b-b8c8-3f3874107c96 returned with HTTP 200
2026-01-14 09:49:07.386 74 INFO cinder.api.openstack.wsgi [None req-01ef2359-58d6-4104-aaf8-e740365b2977 c6ea9d71867246df8da63158e8316103 8aa0020277b6401b97766b7f118cda4d - - default default] GET http://[LB_IP_ADDRESS]:8776/v3/8aa0020277b6401b97766b7f118cda4d/snapshots/detail
2026-01-14 09:49:07.393 74 INFO cinder.volume.api [None req-01ef2359-58d6-4104-aaf8-e740365b2977 c6ea9d71867246df8da63158e8316103 8aa0020277b6401b97766b7f118cda4d - - default default] Get all snapshots completed successfully.
2026-01-14 09:49:07.395 74 INFO cinder.api.openstack.wsgi [None req-01ef2359-58d6-4104-aaf8-e740365b2977 c6ea9d71867246df8da63158e8316103 8aa0020277b6401b97766b7f118cda4d - - default default] http://[LB_IP_ADDRESS]:8776/v3/8aa0020277b6401b97766b7f118cda4d/snapshots/detail returned with HTTP 200
2026-01-14 09:49:07.411 75 INFO cinder.api.openstack.wsgi [None req-1e9b9ba4-3620-46aa-b8bd-183a571bc7df c6ea9d71867246df8da63158e8316103 8aa0020277b6401b97766b7f118cda4d - - default default] GET http://[LB_IP_ADDRESS]:8776/v3/8aa0020277b6401b97766b7f118cda4d/snapshots/1f03c4ff-51bf-4d20-97e3-92d280753837
2026-01-14 09:49:07.421 75 INFO cinder.volume.api [None req-1e9b9ba4-3620-46aa-b8bd-183a571bc7df c6ea9d71867246df8da63158e8316103 8aa0020277b6401b97766b7f118cda4d - - default default] Snapshot retrieved successfully.
2026-01-14 09:49:07.422 75 INFO cinder.api.openstack.wsgi [None req-1e9b9ba4-3620-46aa-b8bd-183a571bc7df c6ea9d71867246df8da63158e8316103 8aa0020277b6401b97766b7f118cda4d - - default default] http://[LB_IP_ADDRESS]:8776/v3/8aa0020277b6401b97766b7f118cda4d/snapshots/1f03c4ff-51bf-4d20-97e3-92d280753837 returned with HTTP 200
2026-01-14 09:49:07.438 76 INFO cinder.api.openstack.wsgi [None req-c08d21b0-c88a-4fa2-83cd-0727aff4e498 c6ea9d71867246df8da63158e8316103 8aa0020277b6401b97766b7f118cda4d - - default default] GET http://[LB_IP_ADDRESS]:8776/v3/8aa0020277b6401b97766b7f118cda4d/group_snapshots/232c1cc7-214a-423b-b8c8-3f3874107c96
2026-01-14 09:49:07.454 76 INFO cinder.api.openstack.wsgi [None req-c08d21b0-c88a-4fa2-83cd-0727aff4e498 c6ea9d71867246df8da63158e8316103 8aa0020277b6401b97766b7f118cda4d - - default default] http://[LB_IP_ADDRESS]:8776/v3/8aa0020277b6401b97766b7f118cda4d/group_snapshots/232c1cc7-214a-423b-b8c8-3f3874107c96 returned with HTTP 200
2026-01-14 09:49:07.471 73 INFO cinder.api.openstack.wsgi [None req-fe1b1919-0269-4611-a1db-c76abc58c3e1 c6ea9d71867246df8da63158e8316103 8aa0020277b6401b97766b7f118cda4d - - default default] GET http://[LB_IP_ADDRESS]:8776/v3/8aa0020277b6401b97766b7f118cda4d/group_snapshots/detail
2026-01-14 09:49:07.488 73 INFO cinder.api.openstack.wsgi [None req-fe1b1919-0269-4611-a1db-c76abc58c3e1 c6ea9d71867246df8da63158e8316103 8aa0020277b6401b97766b7f118cda4d - - default default] http://[LB_IP_ADDRESS]:8776/v3/8aa0020277b6401b97766b7f118cda4d/group_snapshots/detail returned with HTTP 200
2026-01-14 09:49:07.502 72 INFO cinder.api.openstack.wsgi [None req-c9dccdb9-be5f-4689-b87f-945bd00e1330 c6ea9d71867246df8da63158e8316103 8aa0020277b6401b97766b7f118cda4d - - default default] DELETE http://[LB_IP_ADDRESS]:8776/v3/8aa0020277b6401b97766b7f118cda4d/group_snapshots/232c1cc7-214a-423b-b8c8-3f3874107c96
2026-01-14 09:49:07.503 72 INFO cinder.api.v3.group_snapshots [None req-c9dccdb9-be5f-4689-b87f-945bd00e1330 c6ea9d71867246df8da63158e8316103 8aa0020277b6401b97766b7f118cda4d - - default default] Delete group_snapshot with id: 232c1cc7-214a-423b-b8c8-3f3874107c96
2026-01-14 09:49:07.553 72 INFO cinder.api.openstack.wsgi [None req-c9dccdb9-be5f-4689-b87f-945bd00e1330 c6ea9d71867246df8da63158e8316103 8aa0020277b6401b97766b7f118cda4d - - default default] http://[LB_IP_ADDRESS]:8776/v3/8aa0020277b6401b97766b7f118cda4d/group_snapshots/232c1cc7-214a-423b-b8c8-3f3874107c96 returned with HTTP 202
2026-01-14 09:49:07.565 74 INFO cinder.api.openstack.wsgi [None req-a3c0291a-9ead-45c2-94c8-95fee3c95eac c6ea9d71867246df8da63158e8316103 8aa0020277b6401b97766b7f118cda4d - - default default] GET http://[LB_IP_ADDRESS]:8776/v3/8aa0020277b6401b97766b7f118cda4d/volumes/detail
2026-01-14 09:49:07.578 74 INFO cinder.volume.api [None req-a3c0291a-9ead-45c2-94c8-95fee3c95eac c6ea9d71867246df8da63158e8316103 8aa0020277b6401b97766b7f118cda4d - - default default] Get all volumes completed successfully.
2026-01-14 09:49:07.593 74 INFO cinder.api.openstack.wsgi [None req-a3c0291a-9ead-45c2-94c8-95fee3c95eac c6ea9d71867246df8da63158e8316103 8aa0020277b6401b97766b7f118cda4d - - default default] http://[LB_IP_ADDRESS]:8776/v3/8aa0020277b6401b97766b7f118cda4d/volumes/detail returned with HTTP 200
2026-01-14 09:49:07.615 75 INFO cinder.api.openstack.wsgi [None req-e1d16a72-78c9-4ee4-9d81-b5ba338b407c c6ea9d71867246df8da63158e8316103 8aa0020277b6401b97766b7f118cda4d - - default default] GET http://[LB_IP_ADDRESS]:8776/v3/8aa0020277b6401b97766b7f118cda4d/snapshots/detail
2026-01-14 09:49:07.623 75 INFO cinder.volume.api [None req-e1d16a72-78c9-4ee4-9d81-b5ba338b407c c6ea9d71867246df8da63158e8316103 8aa0020277b6401b97766b7f118cda4d - - default default] Get all snapshots completed successfully.
2026-01-14 09:49:07.624 75 INFO cinder.api.openstack.wsgi [None req-e1d16a72-78c9-4ee4-9d81-b5ba338b407c c6ea9d71867246df8da63158e8316103 8aa0020277b6401b97766b7f118cda4d - - default default] http://[LB_IP_ADDRESS]:8776/v3/8aa0020277b6401b97766b7f118cda4d/snapshots/detail returned with HTTP 200
2026-01-14 09:49:07.635 76 INFO cinder.api.openstack.wsgi [None req-09a2bc5a-1e0b-4011-a2e3-e962c1a91c0a c6ea9d71867246df8da63158e8316103 8aa0020277b6401b97766b7f118cda4d - - default default] GET http://[LB_IP_ADDRESS]:8776/v3/8aa0020277b6401b97766b7f118cda4d/snapshots/1f03c4ff-51bf-4d20-97e3-92d280753837
2026-01-14 09:49:07.641 76 INFO cinder.volume.api [None req-09a2bc5a-1e0b-4011-a2e3-e962c1a91c0a c6ea9d71867246df8da63158e8316103 8aa0020277b6401b97766b7f118cda4d - - default default] Snapshot retrieved successfully.
2026-01-14 09:49:07.642 76 INFO cinder.api.openstack.wsgi [None req-09a2bc5a-1e0b-4011-a2e3-e962c1a91c0a c6ea9d71867246df8da63158e8316103 8aa0020277b6401b97766b7f118cda4d - - default default] http://[LB_IP_ADDRESS]:8776/v3/8aa0020277b6401b97766b7f118cda4d/snapshots/1f03c4ff-51bf-4d20-97e3-92d280753837 returned with HTTP 200
2026-01-14 09:49:08.654 73 INFO cinder.api.openstack.wsgi [None req-9018cfb9-0252-47c8-a437-31d61b129dbd c6ea9d71867246df8da63158e8316103 8aa0020277b6401b97766b7f118cda4d - - default default] GET http://[LB_IP_ADDRESS]:8776/v3/8aa0020277b6401b97766b7f118cda4d/snapshots/1f03c4ff-51bf-4d20-97e3-92d280753837
2026-01-14 09:49:08.659 73 INFO cinder.api.openstack.wsgi [None req-9018cfb9-0252-47c8-a437-31d61b129dbd c6ea9d71867246df8da63158e8316103 8aa0020277b6401b97766b7f118cda4d - - default default] http://[LB_IP_ADDRESS]:8776/v3/8aa0020277b6401b97766b7f118cda4d/snapshots/1f03c4ff-51bf-4d20-97e3-92d280753837 returned with HTTP 404
2026-01-14 09:49:08.671 72 INFO cinder.api.openstack.wsgi [None req-e2a27e9e-08c7-45b5-988a-b349e75c9bc0 c6ea9d71867246df8da63158e8316103 8aa0020277b6401b97766b7f118cda4d - - default default] GET http://[LB_IP_ADDRESS]:8776/v3/8aa0020277b6401b97766b7f118cda4d/group_snapshots/232c1cc7-214a-423b-b8c8-3f3874107c96
2026-01-14 09:49:08.676 72 INFO cinder.api.openstack.wsgi [None req-e2a27e9e-08c7-45b5-988a-b349e75c9bc0 c6ea9d71867246df8da63158e8316103 8aa0020277b6401b97766b7f118cda4d - - default default] http://[LB_IP_ADDRESS]:8776/v3/8aa0020277b6401b97766b7f118cda4d/group_snapshots/232c1cc7-214a-423b-b8c8-3f3874107c96 returned with HTTP 404
2026-01-14 09:49:08.685 74 INFO cinder.api.openstack.wsgi [None req-1a0ff344-bedd-4c4c-92f7-e25cdea9b789 c6ea9d71867246df8da63158e8316103 8aa0020277b6401b97766b7f118cda4d - - default default] GET http://[LB_IP_ADDRESS]:8776/v3/8aa0020277b6401b97766b7f118cda4d/group_snapshots
2026-01-14 09:49:08.689 74 INFO cinder.api.openstack.wsgi [None req-1a0ff344-bedd-4c4c-92f7-e25cdea9b789 c6ea9d71867246df8da63158e8316103 8aa0020277b6401b97766b7f118cda4d - - default default] http://[LB_IP_ADDRESS]:8776/v3/8aa0020277b6401b97766b7f118cda4d/group_snapshots returned with HTTP 200
2026-01-14 09:49:08.702 75 INFO cinder.api.openstack.wsgi [None req-4077640a-aa25-46a6-81e4-9bb6392657c9 c6ea9d71867246df8da63158e8316103 8aa0020277b6401b97766b7f118cda4d - - default default] DELETE http://[LB_IP_ADDRESS]:8776/v3/8aa0020277b6401b97766b7f118cda4d/group_snapshots/232c1cc7-214a-423b-b8c8-3f3874107c96
2026-01-14 09:49:08.703 75 INFO cinder.api.v3.group_snapshots [None req-4077640a-aa25-46a6-81e4-9bb6392657c9 c6ea9d71867246df8da63158e8316103 8aa0020277b6401b97766b7f118cda4d - - default default] Delete group_snapshot with id: 232c1cc7-214a-423b-b8c8-3f3874107c96
2026-01-14 09:49:08.706 75 INFO cinder.api.openstack.wsgi [None req-4077640a-aa25-46a6-81e4-9bb6392657c9 c6ea9d71867246df8da63158e8316103 8aa0020277b6401b97766b7f118cda4d - - default default] http://[LB_IP_ADDRESS]:8776/v3/8aa0020277b6401b97766b7f118cda4d/group_snapshots/232c1cc7-214a-423b-b8c8-3f3874107c96 returned with HTTP 404
2026-01-14 09:49:08.714 76 INFO cinder.api.openstack.wsgi [None req-b9866d81-67c5-4943-a9dc-33e7292d9aa5 c6ea9d71867246df8da63158e8316103 8aa0020277b6401b97766b7f118cda4d - - default default] GET http://[LB_IP_ADDRESS]:8776/v3/8aa0020277b6401b97766b7f118cda4d/volumes/detail
2026-01-14 09:49:08.723 76 INFO cinder.volume.api [None req-b9866d81-67c5-4943-a9dc-33e7292d9aa5 c6ea9d71867246df8da63158e8316103 8aa0020277b6401b97766b7f118cda4d - - default default] Get all volumes completed successfully.
2026-01-14 09:49:08.745 76 INFO cinder.api.openstack.wsgi [None req-b9866d81-67c5-4943-a9dc-33e7292d9aa5 c6ea9d71867246df8da63158e8316103 8aa0020277b6401b97766b7f118cda4d - - default default] http://[LB_IP_ADDRESS]:8776/v3/8aa0020277b6401b97766b7f118cda4d/volumes/detail returned with HTTP 200
2026-01-14 09:49:08.763 73 INFO cinder.api.openstack.wsgi [None req-c911dc6e-3814-4d07-8363-08f25639e712 c6ea9d71867246df8da63158e8316103 8aa0020277b6401b97766b7f118cda4d - - default default] POST http://[LB_IP_ADDRESS]:8776/v3/8aa0020277b6401b97766b7f118cda4d/groups/75ded39c-c5e3-4b23-b6e0-da1faeb5a5bb/action
2026-01-14 09:49:08.766 73 INFO cinder.api.v3.groups [None req-c911dc6e-3814-4d07-8363-08f25639e712 c6ea9d71867246df8da63158e8316103 8aa0020277b6401b97766b7f118cda4d - - default default] Delete group with id: 75ded39c-c5e3-4b23-b6e0-da1faeb5a5bb
2026-01-14 09:49:08.805 73 INFO cinder.api.openstack.wsgi [None req-c911dc6e-3814-4d07-8363-08f25639e712 c6ea9d71867246df8da63158e8316103 8aa0020277b6401b97766b7f118cda4d - - default default] http://[LB_IP_ADDRESS]:8776/v3/8aa0020277b6401b97766b7f118cda4d/groups/75ded39c-c5e3-4b23-b6e0-da1faeb5a5bb/action returned with HTTP 202
2026-01-14 09:49:08.813 72 INFO cinder.api.openstack.wsgi [None req-ade306e0-08f3-462b-a118-6eb8dec9b296 c6ea9d71867246df8da63158e8316103 8aa0020277b6401b97766b7f118cda4d - - default default] GET http://[LB_IP_ADDRESS]:8776/v3/8aa0020277b6401b97766b7f118cda4d/volumes/a2c9370a-1176-4a69-a697-cf11dc524e25
2026-01-14 09:49:08.825 72 INFO cinder.volume.api [None req-ade306e0-08f3-462b-a118-6eb8dec9b296 c6ea9d71867246df8da63158e8316103 8aa0020277b6401b97766b7f118cda4d - - default default] Volume info retrieved successfully.
2026-01-14 09:49:08.847 72 INFO cinder.api.openstack.wsgi [None req-ade306e0-08f3-462b-a118-6eb8dec9b296 c6ea9d71867246df8da63158e8316103 8aa0020277b6401b97766b7f118cda4d - - default default] http://[LB_IP_ADDRESS]:8776/v3/8aa0020277b6401b97766b7f118cda4d/volumes/a2c9370a-1176-4a69-a697-cf11dc524e25 returned with HTTP 200
2026-01-14 09:49:09.866 74 INFO cinder.api.openstack.wsgi [None req-3a5dc7e1-c8a7-429e-8b37-ee7307f319fb c6ea9d71867246df8da63158e8316103 8aa0020277b6401b97766b7f118cda4d - - default default] GET http://[LB_IP_ADDRESS]:8776/v3/8aa0020277b6401b97766b7f118cda4d/volumes/a2c9370a-1176-4a69-a697-cf11dc524e25
2026-01-14 09:49:09.974 75 INFO cinder.api.openstack.wsgi [None req-ae88bd65-1b72-4014-8f19-52889b4f19fe 14f5112decc045d6b4df834568238a33 75c01131cac642b49e5f67f3ac05f21e - - default default] GET http://[LB_IP_ADDRESS]:8776/v3/75c01131cac642b49e5f67f3ac05f21e/os-quota-sets/25547e1253754020be5b979f3f78d4e1
2026-01-14 09:49:10.143 75 INFO cinder.api.openstack.wsgi [None req-ae88bd65-1b72-4014-8f19-52889b4f19fe 14f5112decc045d6b4df834568238a33 75c01131cac642b49e5f67f3ac05f21e - - default default] http://[LB_IP_ADDRESS]:8776/v3/75c01131cac642b49e5f67f3ac05f21e/os-quota-sets/25547e1253754020be5b979f3f78d4e1 returned with HTTP 200
2026-01-14 09:49:10.154 76 INFO cinder.api.openstack.wsgi [None req-dd80be00-eb9d-4598-a74c-dd75dccadf36 14f5112decc045d6b4df834568238a33 75c01131cac642b49e5f67f3ac05f21e - - default default] PUT http://[LB_IP_ADDRESS]:8776/v3/75c01131cac642b49e5f67f3ac05f21e/os-quota-sets/25547e1253754020be5b979f3f78d4e1
2026-01-14 09:49:10.159 74 INFO cinder.api.openstack.wsgi [None req-3a5dc7e1-c8a7-429e-8b37-ee7307f319fb c6ea9d71867246df8da63158e8316103 8aa0020277b6401b97766b7f118cda4d - - default default] http://[LB_IP_ADDRESS]:8776/v3/8aa0020277b6401b97766b7f118cda4d/volumes/a2c9370a-1176-4a69-a697-cf11dc524e25 returned with HTTP 404
2026-01-14 09:49:10.170 73 INFO cinder.api.openstack.wsgi [None req-7f606322-2ebf-464a-96b4-751627e27703 c6ea9d71867246df8da63158e8316103 8aa0020277b6401b97766b7f118cda4d - - default default] GET http://[LB_IP_ADDRESS]:8776/v3/8aa0020277b6401b97766b7f118cda4d/groups/75ded39c-c5e3-4b23-b6e0-da1faeb5a5bb
2026-01-14 09:49:10.175 73 INFO cinder.api.openstack.wsgi [None req-7f606322-2ebf-464a-96b4-751627e27703 c6ea9d71867246df8da63158e8316103 8aa0020277b6401b97766b7f118cda4d - - default default] http://[LB_IP_ADDRESS]:8776/v3/8aa0020277b6401b97766b7f118cda4d/groups/75ded39c-c5e3-4b23-b6e0-da1faeb5a5bb returned with HTTP 404
2026-01-14 09:49:10.187 72 INFO cinder.api.openstack.wsgi [None req-e113a9c0-29df-46af-8926-6677e83f582c 60f9549fa65a49f4a2ba80901d2b3cde 1344e7633d934971a3bafa58bbbb4e47 - - default default] DELETE http://[LB_IP_ADDRESS]:8776/v3/1344e7633d934971a3bafa58bbbb4e47/group_types/9e1d60ef-b857-43b1-909f-3eb88427d74c
2026-01-14 09:49:10.202 72 INFO cinder.api.openstack.wsgi [None req-e113a9c0-29df-46af-8926-6677e83f582c 60f9549fa65a49f4a2ba80901d2b3cde 1344e7633d934971a3bafa58bbbb4e47 - - default default] http://[LB_IP_ADDRESS]:8776/v3/1344e7633d934971a3bafa58bbbb4e47/group_types/9e1d60ef-b857-43b1-909f-3eb88427d74c returned with HTTP 202
2026-01-14 09:49:10.210 75 INFO cinder.api.openstack.wsgi [None req-9aac2738-5176-48e9-a04c-423ea3a00370 60f9549fa65a49f4a2ba80901d2b3cde 1344e7633d934971a3bafa58bbbb4e47 - - default default] DELETE http://[LB_IP_ADDRESS]:8776/v3/1344e7633d934971a3bafa58bbbb4e47/types/b16c2653-424e-49db-ac67-aaa8fd4c59e9
2026-01-14 09:49:10.248 75 INFO cinder.api.openstack.wsgi [None req-9aac2738-5176-48e9-a04c-423ea3a00370 60f9549fa65a49f4a2ba80901d2b3cde 1344e7633d934971a3bafa58bbbb4e47 - - default default] http://[LB_IP_ADDRESS]:8776/v3/1344e7633d934971a3bafa58bbbb4e47/types/b16c2653-424e-49db-ac67-aaa8fd4c59e9 returned with HTTP 202
2026-01-14 09:49:10.258 74 INFO cinder.api.openstack.wsgi [None req-02099f9f-fbfa-4621-aa0d-7504d5af7f7c 60f9549fa65a49f4a2ba80901d2b3cde 1344e7633d934971a3bafa58bbbb4e47 - - default default] GET http://[LB_IP_ADDRESS]:8776/v3/1344e7633d934971a3bafa58bbbb4e47/types/b16c2653-424e-49db-ac67-aaa8fd4c59e9
2026-01-14 09:49:10.262 74 INFO cinder.api.openstack.wsgi [None req-02099f9f-fbfa-4621-aa0d-7504d5af7f7c 60f9549fa65a49f4a2ba80901d2b3cde 1344e7633d934971a3bafa58bbbb4e47 - - default default] http://[LB_IP_ADDRESS]:8776/v3/1344e7633d934971a3bafa58bbbb4e47/types/b16c2653-424e-49db-ac67-aaa8fd4c59e9 returned with HTTP 404
2026-01-14 09:49:10.403 76 INFO cinder.api.openstack.wsgi [None req-dd80be00-eb9d-4598-a74c-dd75dccadf36 14f5112decc045d6b4df834568238a33 75c01131cac642b49e5f67f3ac05f21e - - default default] http://[LB_IP_ADDRESS]:8776/v3/75c01131cac642b49e5f67f3ac05f21e/os-quota-sets/25547e1253754020be5b979f3f78d4e1 returned with HTTP 200
2026-01-14 09:49:10.570 73 INFO cinder.api.openstack.wsgi [None req-771ae067-ee77-4296-926e-024325b8d7e9 51e8b50c3de64b9787cf4b70aae31a88 25547e1253754020be5b979f3f78d4e1 - - default default] POST http://[LB_IP_ADDRESS]:8776/v3/25547e1253754020be5b979f3f78d4e1/volumes
2026-01-14 09:49:10.573 73 INFO cinder.api.v3.volumes [None req-771ae067-ee77-4296-926e-024325b8d7e9 51e8b50c3de64b9787cf4b70aae31a88 25547e1253754020be5b979f3f78d4e1 - - default default] Create volume of 1 GB
2026-01-14 09:49:10.586 73 INFO cinder.volume.api [None req-771ae067-ee77-4296-926e-024325b8d7e9 51e8b50c3de64b9787cf4b70aae31a88 25547e1253754020be5b979f3f78d4e1 - - default default] Availability Zones retrieved successfully.
2026-01-14 09:49:10.872 72 INFO cinder.api.openstack.wsgi [None req-61a19aa4-52ae-46c2-8da3-b538445b2f80 06ec60b050754cde839a0059b11a21e4 939d01f958334d3386ea9d9c75fcdc66 - - default default] POST http://[LB_IP_ADDRESS]:8776/v3/939d01f958334d3386ea9d9c75fcdc66/types
2026-01-14 09:49:10.912 72 INFO cinder.api.openstack.wsgi [None req-61a19aa4-52ae-46c2-8da3-b538445b2f80 06ec60b050754cde839a0059b11a21e4 939d01f958334d3386ea9d9c75fcdc66 - - default default] http://[LB_IP_ADDRESS]:8776/v3/939d01f958334d3386ea9d9c75fcdc66/types returned with HTTP 200
2026-01-14 09:49:10.922 75 INFO cinder.api.openstack.wsgi [None req-6e06def1-61a9-4a12-909a-ce023d8c1960 06ec60b050754cde839a0059b11a21e4 939d01f958334d3386ea9d9c75fcdc66 - - default default] POST http://[LB_IP_ADDRESS]:8776/v3/939d01f958334d3386ea9d9c75fcdc66/types/e9bc26f0-6372-444b-883f-67dff24426fb/extra_specs
2026-01-14 09:49:10.925 75 INFO cinder.api.openstack.wsgi [None req-6e06def1-61a9-4a12-909a-ce023d8c1960 06ec60b050754cde839a0059b11a21e4 939d01f958334d3386ea9d9c75fcdc66 - - default default] http://[LB_IP_ADDRESS]:8776/v3/939d01f958334d3386ea9d9c75fcdc66/types/e9bc26f0-6372-444b-883f-67dff24426fb/extra_specs returned with HTTP 400
2026-01-14 09:49:10.935 74 INFO cinder.api.openstack.wsgi [None req-1a452406-ec44-48ca-b9b1-b450b0a119bc 06ec60b050754cde839a0059b11a21e4 939d01f958334d3386ea9d9c75fcdc66 - - default default] POST http://[LB_IP_ADDRESS]:8776/v3/939d01f958334d3386ea9d9c75fcdc66/types/e9bc26f0-6372-444b-883f-67dff24426fb/extra_specs
2026-01-14 09:49:10.937 74 INFO cinder.api.openstack.wsgi [None req-1a452406-ec44-48ca-b9b1-b450b0a119bc 06ec60b050754cde839a0059b11a21e4 939d01f958334d3386ea9d9c75fcdc66 - - default default] http://[LB_IP_ADDRESS]:8776/v3/939d01f958334d3386ea9d9c75fcdc66/types/e9bc26f0-6372-444b-883f-67dff24426fb/extra_specs returned with HTTP 400
2026-01-14 09:49:10.946 76 INFO cinder.api.openstack.wsgi [None req-34319fbb-3b8c-4262-b34e-b64b98836f31 06ec60b050754cde839a0059b11a21e4 939d01f958334d3386ea9d9c75fcdc66 - - default default] POST http://[LB_IP_ADDRESS]:8776/v3/939d01f958334d3386ea9d9c75fcdc66/types/76cf67db-07d1-405a-9dc6-1d9aae32251a/extra_specs
2026-01-14 09:49:10.961 76 INFO cinder.api.openstack.wsgi [None req-34319fbb-3b8c-4262-b34e-b64b98836f31 06ec60b050754cde839a0059b11a21e4 939d01f958334d3386ea9d9c75fcdc66 - - default default] http://[LB_IP_ADDRESS]:8776/v3/939d01f958334d3386ea9d9c75fcdc66/types/76cf67db-07d1-405a-9dc6-1d9aae32251a/extra_specs returned with HTTP 404
2026-01-14 09:49:10.972 72 INFO cinder.api.openstack.wsgi [None req-09d78bff-9e8e-4e98-b11c-824920d073b0 06ec60b050754cde839a0059b11a21e4 939d01f958334d3386ea9d9c75fcdc66 - - default default] DELETE http://[LB_IP_ADDRESS]:8776/v3/939d01f958334d3386ea9d9c75fcdc66/types/be7edcb7-5464-4cf3-b5da-d80e6b0b711b/extra_specs/spec1
2026-01-14 09:49:10.978 72 INFO cinder.api.openstack.wsgi [None req-09d78bff-9e8e-4e98-b11c-824920d073b0 06ec60b050754cde839a0059b11a21e4 939d01f958334d3386ea9d9c75fcdc66 - - default default] http://[LB_IP_ADDRESS]:8776/v3/939d01f958334d3386ea9d9c75fcdc66/types/be7edcb7-5464-4cf3-b5da-d80e6b0b711b/extra_specs/spec1 returned with HTTP 404
2026-01-14 09:49:10.988 75 INFO cinder.api.openstack.wsgi [None req-0b2635fc-e5b9-4559-acdd-107c5a98c8c6 06ec60b050754cde839a0059b11a21e4 939d01f958334d3386ea9d9c75fcdc66 - - default default] GET http://[LB_IP_ADDRESS]:8776/v3/939d01f958334d3386ea9d9c75fcdc66/types/e9bc26f0-6372-444b-883f-67dff24426fb/extra_specs/nonexistent_extra_spec_name
2026-01-14 09:49:10.995 75 INFO cinder.api.openstack.wsgi [None req-0b2635fc-e5b9-4559-acdd-107c5a98c8c6 06ec60b050754cde839a0059b11a21e4 939d01f958334d3386ea9d9c75fcdc66 - - default default] http://[LB_IP_ADDRESS]:8776/v3/939d01f958334d3386ea9d9c75fcdc66/types/e9bc26f0-6372-444b-883f-67dff24426fb/extra_specs/nonexistent_extra_spec_name returned with HTTP 404
2026-01-14 09:49:11.008 74 INFO cinder.api.openstack.wsgi [None req-1fb3ab89-913c-417e-98a1-85ccda4a1ba1 06ec60b050754cde839a0059b11a21e4 939d01f958334d3386ea9d9c75fcdc66 - - default default] GET http://[LB_IP_ADDRESS]:8776/v3/939d01f958334d3386ea9d9c75fcdc66/types/acbf3df1-5972-4aa5-bc02-f3640b5a41c5/extra_specs/spec1
2026-01-14 09:49:11.012 74 INFO cinder.api.openstack.wsgi [None req-1fb3ab89-913c-417e-98a1-85ccda4a1ba1 06ec60b050754cde839a0059b11a21e4 939d01f958334d3386ea9d9c75fcdc66 - - default default] http://[LB_IP_ADDRESS]:8776/v3/939d01f958334d3386ea9d9c75fcdc66/types/acbf3df1-5972-4aa5-bc02-f3640b5a41c5/extra_specs/spec1 returned with HTTP 404
2026-01-14 09:49:11.021 76 INFO cinder.api.openstack.wsgi [None req-1d2bc407-8eec-442f-9c9b-d674eb699e40 06ec60b050754cde839a0059b11a21e4 939d01f958334d3386ea9d9c75fcdc66 - - default default] GET http://[LB_IP_ADDRESS]:8776/v3/939d01f958334d3386ea9d9c75fcdc66/types/56db4a70-a49b-4e5a-9bb6-b26765029924/extra_specs
2026-01-14 09:49:11.025 76 INFO cinder.api.openstack.wsgi [None req-1d2bc407-8eec-442f-9c9b-d674eb699e40 06ec60b050754cde839a0059b11a21e4 939d01f958334d3386ea9d9c75fcdc66 - - default default] http://[LB_IP_ADDRESS]:8776/v3/939d01f958334d3386ea9d9c75fcdc66/types/56db4a70-a49b-4e5a-9bb6-b26765029924/extra_specs returned with HTTP 404
2026-01-14 09:49:11.035 72 INFO cinder.api.openstack.wsgi [None req-1ebfff24-61a2-48a7-8dfd-5ee0b1d611d3 06ec60b050754cde839a0059b11a21e4 939d01f958334d3386ea9d9c75fcdc66 - - default default] PUT http://[LB_IP_ADDRESS]:8776/v3/939d01f958334d3386ea9d9c75fcdc66/types/e9bc26f0-6372-444b-883f-67dff24426fb/extra_specs/spec1
2026-01-14 09:49:11.039 72 INFO cinder.api.openstack.wsgi [None req-1ebfff24-61a2-48a7-8dfd-5ee0b1d611d3 06ec60b050754cde839a0059b11a21e4 939d01f958334d3386ea9d9c75fcdc66 - - default default] http://[LB_IP_ADDRESS]:8776/v3/939d01f958334d3386ea9d9c75fcdc66/types/e9bc26f0-6372-444b-883f-67dff24426fb/extra_specs/spec1 returned with HTTP 400
2026-01-14 09:49:11.050 75 INFO cinder.api.openstack.wsgi [None req-2a467d48-12f7-45c2-b6bc-cc44d8e6f6b8 06ec60b050754cde839a0059b11a21e4 939d01f958334d3386ea9d9c75fcdc66 - - default default] PUT http://[LB_IP_ADDRESS]:8776/v3/939d01f958334d3386ea9d9c75fcdc66/types/e9bc26f0-6372-444b-883f-67dff24426fb/extra_specs/spec1
2026-01-14 09:49:11.052 75 INFO cinder.api.openstack.wsgi [None req-2a467d48-12f7-45c2-b6bc-cc44d8e6f6b8 06ec60b050754cde839a0059b11a21e4 939d01f958334d3386ea9d9c75fcdc66 - - default default] http://[LB_IP_ADDRESS]:8776/v3/939d01f958334d3386ea9d9c75fcdc66/types/e9bc26f0-6372-444b-883f-67dff24426fb/extra_specs/spec1 returned with HTTP 400
2026-01-14 09:49:11.053 73 INFO cinder.volume.api [None req-771ae067-ee77-4296-926e-024325b8d7e9 51e8b50c3de64b9787cf4b70aae31a88 25547e1253754020be5b979f3f78d4e1 - - default default] Create volume request issued successfully.
2026-01-14 09:49:11.054 73 INFO cinder.api.openstack.wsgi [None req-771ae067-ee77-4296-926e-024325b8d7e9 51e8b50c3de64b9787cf4b70aae31a88 25547e1253754020be5b979f3f78d4e1 - - default default] http://[LB_IP_ADDRESS]:8776/v3/25547e1253754020be5b979f3f78d4e1/volumes returned with HTTP 202
2026-01-14 09:49:11.061 74 INFO cinder.api.openstack.wsgi [None req-0f48180b-eed5-4752-8c24-85a0cd3d6c1a 06ec60b050754cde839a0059b11a21e4 939d01f958334d3386ea9d9c75fcdc66 - - default default] PUT http://[LB_IP_ADDRESS]:8776/v3/939d01f958334d3386ea9d9c75fcdc66/types/e9bc26f0-6372-444b-883f-67dff24426fb/extra_specs/None
2026-01-14 09:49:11.069 76 INFO cinder.api.openstack.wsgi [None req-0798f8c6-f5ca-44bb-aaf3-7d8a340bd6d6 51e8b50c3de64b9787cf4b70aae31a88 25547e1253754020be5b979f3f78d4e1 - - default default] GET http://[LB_IP_ADDRESS]:8776/v3/25547e1253754020be5b979f3f78d4e1/volumes/35e11490-976f-461f-a3eb-157dd1a5c0b6
2026-01-14 09:49:11.075 74 INFO cinder.api.openstack.wsgi [None req-0f48180b-eed5-4752-8c24-85a0cd3d6c1a 06ec60b050754cde839a0059b11a21e4 939d01f958334d3386ea9d9c75fcdc66 - - default default] HTTP exception thrown: Request body and URI mismatch
2026-01-14 09:49:11.076 74 INFO cinder.api.openstack.wsgi [None req-0f48180b-eed5-4752-8c24-85a0cd3d6c1a 06ec60b050754cde839a0059b11a21e4 939d01f958334d3386ea9d9c75fcdc66 - - default default] http://[LB_IP_ADDRESS]:8776/v3/939d01f958334d3386ea9d9c75fcdc66/types/e9bc26f0-6372-444b-883f-67dff24426fb/extra_specs/None returned with HTTP 400
2026-01-14 09:49:11.083 76 INFO cinder.volume.api [None req-0798f8c6-f5ca-44bb-aaf3-7d8a340bd6d6 51e8b50c3de64b9787cf4b70aae31a88 25547e1253754020be5b979f3f78d4e1 - - default default] Volume info retrieved successfully.
2026-01-14 09:49:11.087 72 INFO cinder.api.openstack.wsgi [None req-4cdadbe1-5457-44ab-ac58-6137be0f5700 06ec60b050754cde839a0059b11a21e4 939d01f958334d3386ea9d9c75fcdc66 - - default default] PUT http://[LB_IP_ADDRESS]:8776/v3/939d01f958334d3386ea9d9c75fcdc66/types/e9bc26f0-6372-444b-883f-67dff24426fb/extra_specs/ff64e469-767c-426f-b299-8bef22b4c31a
2026-01-14 09:49:11.089 76 INFO cinder.api.openstack.wsgi [None req-0798f8c6-f5ca-44bb-aaf3-7d8a340bd6d6 51e8b50c3de64b9787cf4b70aae31a88 25547e1253754020be5b979f3f78d4e1 - - default default] http://[LB_IP_ADDRESS]:8776/v3/25547e1253754020be5b979f3f78d4e1/volumes/35e11490-976f-461f-a3eb-157dd1a5c0b6 returned with HTTP 200
2026-01-14 09:49:11.101 72 INFO cinder.api.openstack.wsgi [None req-4cdadbe1-5457-44ab-ac58-6137be0f5700 06ec60b050754cde839a0059b11a21e4 939d01f958334d3386ea9d9c75fcdc66 - - default default] HTTP exception thrown: Request body and URI mismatch
2026-01-14 09:49:11.101 72 INFO cinder.api.openstack.wsgi [None req-4cdadbe1-5457-44ab-ac58-6137be0f5700 06ec60b050754cde839a0059b11a21e4 939d01f958334d3386ea9d9c75fcdc66 - - default default] http://[LB_IP_ADDRESS]:8776/v3/939d01f958334d3386ea9d9c75fcdc66/types/e9bc26f0-6372-444b-883f-67dff24426fb/extra_specs/ff64e469-767c-426f-b299-8bef22b4c31a returned with HTTP 400
2026-01-14 09:49:11.110 75 INFO cinder.api.openstack.wsgi [None req-7e105146-22c3-4254-bd66-7eb46931f634 06ec60b050754cde839a0059b11a21e4 939d01f958334d3386ea9d9c75fcdc66 - - default default] PUT http://[LB_IP_ADDRESS]:8776/v3/939d01f958334d3386ea9d9c75fcdc66/types/72e38080-3afd-4889-8666-47ef7957a645/extra_specs/spec1
2026-01-14 09:49:11.124 75 INFO cinder.api.openstack.wsgi [None req-7e105146-22c3-4254-bd66-7eb46931f634 06ec60b050754cde839a0059b11a21e4 939d01f958334d3386ea9d9c75fcdc66 - - default default] http://[LB_IP_ADDRESS]:8776/v3/939d01f958334d3386ea9d9c75fcdc66/types/72e38080-3afd-4889-8666-47ef7957a645/extra_specs/spec1 returned with HTTP 404
2026-01-14 09:49:11.136 73 INFO cinder.api.openstack.wsgi [None req-650e13f1-68de-4242-af62-be6a5f35f761 06ec60b050754cde839a0059b11a21e4 939d01f958334d3386ea9d9c75fcdc66 - - default default] DELETE http://[LB_IP_ADDRESS]:8776/v3/939d01f958334d3386ea9d9c75fcdc66/types/e9bc26f0-6372-444b-883f-67dff24426fb
2026-01-14 09:49:11.171 73 INFO cinder.api.openstack.wsgi [None req-650e13f1-68de-4242-af62-be6a5f35f761 06ec60b050754cde839a0059b11a21e4 939d01f958334d3386ea9d9c75fcdc66 - - default default] http://[LB_IP_ADDRESS]:8776/v3/939d01f958334d3386ea9d9c75fcdc66/types/e9bc26f0-6372-444b-883f-67dff24426fb returned with HTTP 202
2026-01-14 09:49:11.177 74 INFO cinder.api.openstack.wsgi [None req-e5b45126-bace-441b-89d7-90bfbd8dd40a 06ec60b050754cde839a0059b11a21e4 939d01f958334d3386ea9d9c75fcdc66 - - default default] GET http://[LB_IP_ADDRESS]:8776/v3/939d01f958334d3386ea9d9c75fcdc66/types/e9bc26f0-6372-444b-883f-67dff24426fb
2026-01-14 09:49:11.181 74 INFO cinder.api.openstack.wsgi [None req-e5b45126-bace-441b-89d7-90bfbd8dd40a 06ec60b050754cde839a0059b11a21e4 939d01f958334d3386ea9d9c75fcdc66 - - default default] http://[LB_IP_ADDRESS]:8776/v3/939d01f958334d3386ea9d9c75fcdc66/types/e9bc26f0-6372-444b-883f-67dff24426fb returned with HTTP 404
2026-01-14 09:49:12.107 76 INFO cinder.api.openstack.wsgi [None req-ced81cff-a785-43c8-8c58-783f8f7d877c 51e8b50c3de64b9787cf4b70aae31a88 25547e1253754020be5b979f3f78d4e1 - - default default] GET http://[LB_IP_ADDRESS]:8776/v3/25547e1253754020be5b979f3f78d4e1/volumes/35e11490-976f-461f-a3eb-157dd1a5c0b6
2026-01-14 09:49:12.121 76 INFO cinder.volume.api [None req-ced81cff-a785-43c8-8c58-783f8f7d877c 51e8b50c3de64b9787cf4b70aae31a88 25547e1253754020be5b979f3f78d4e1 - - default default] Volume info retrieved successfully.
2026-01-14 09:49:12.127 76 INFO cinder.api.openstack.wsgi [None req-ced81cff-a785-43c8-8c58-783f8f7d877c 51e8b50c3de64b9787cf4b70aae31a88 25547e1253754020be5b979f3f78d4e1 - - default default] http://[LB_IP_ADDRESS]:8776/v3/25547e1253754020be5b979f3f78d4e1/volumes/35e11490-976f-461f-a3eb-157dd1a5c0b6 returned with HTTP 200
2026-01-14 09:49:12.143 72 INFO cinder.api.openstack.wsgi [None req-7e1fb9fc-f6d7-4bf2-817f-0026d6d5376a 51e8b50c3de64b9787cf4b70aae31a88 25547e1253754020be5b979f3f78d4e1 - - default default] POST http://[LB_IP_ADDRESS]:8776/v3/25547e1253754020be5b979f3f78d4e1/snapshots
2026-01-14 09:49:12.156 72 INFO cinder.volume.api [None req-7e1fb9fc-f6d7-4bf2-817f-0026d6d5376a 51e8b50c3de64b9787cf4b70aae31a88 25547e1253754020be5b979f3f78d4e1 - - default default] Volume info retrieved successfully.
2026-01-14 09:49:12.156 72 INFO cinder.api.v3.snapshots [None req-7e1fb9fc-f6d7-4bf2-817f-0026d6d5376a 51e8b50c3de64b9787cf4b70aae31a88 25547e1253754020be5b979f3f78d4e1 - - default default] Create snapshot from volume 35e11490-976f-461f-a3eb-157dd1a5c0b6
2026-01-14 09:49:12.301 72 INFO cinder.volume.api [None req-7e1fb9fc-f6d7-4bf2-817f-0026d6d5376a 51e8b50c3de64b9787cf4b70aae31a88 25547e1253754020be5b979f3f78d4e1 - - default default] Snapshot create request issued successfully.
2026-01-14 09:49:12.302 72 INFO cinder.api.openstack.wsgi [None req-7e1fb9fc-f6d7-4bf2-817f-0026d6d5376a 51e8b50c3de64b9787cf4b70aae31a88 25547e1253754020be5b979f3f78d4e1 - - default default] http://[LB_IP_ADDRESS]:8776/v3/25547e1253754020be5b979f3f78d4e1/snapshots returned with HTTP 202
2026-01-14 09:49:12.312 75 INFO cinder.api.openstack.wsgi [None req-5c4f37af-0fba-498d-9400-d45c78fd64bd 51e8b50c3de64b9787cf4b70aae31a88 25547e1253754020be5b979f3f78d4e1 - - default default] GET http://[LB_IP_ADDRESS]:8776/v3/25547e1253754020be5b979f3f78d4e1/snapshots/a918abc1-0d83-4401-a6c3-f109fbc4b6d7
2026-01-14 09:49:12.318 75 INFO cinder.volume.api [None req-5c4f37af-0fba-498d-9400-d45c78fd64bd 51e8b50c3de64b9787cf4b70aae31a88 25547e1253754020be5b979f3f78d4e1 - - default default] Snapshot retrieved successfully.
2026-01-14 09:49:12.319 75 INFO cinder.api.openstack.wsgi [None req-5c4f37af-0fba-498d-9400-d45c78fd64bd 51e8b50c3de64b9787cf4b70aae31a88 25547e1253754020be5b979f3f78d4e1 - - default default] http://[LB_IP_ADDRESS]:8776/v3/25547e1253754020be5b979f3f78d4e1/snapshots/a918abc1-0d83-4401-a6c3-f109fbc4b6d7 returned with HTTP 200
2026-01-14 09:49:13.335 73 INFO cinder.api.openstack.wsgi [None req-85b586b4-27f8-433a-b307-b31fa4145282 51e8b50c3de64b9787cf4b70aae31a88 25547e1253754020be5b979f3f78d4e1 - - default default] GET http://[LB_IP_ADDRESS]:8776/v3/25547e1253754020be5b979f3f78d4e1/snapshots/a918abc1-0d83-4401-a6c3-f109fbc4b6d7
2026-01-14 09:49:13.343 73 INFO cinder.volume.api [None req-85b586b4-27f8-433a-b307-b31fa4145282 51e8b50c3de64b9787cf4b70aae31a88 25547e1253754020be5b979f3f78d4e1 - - default default] Snapshot retrieved successfully.
2026-01-14 09:49:13.344 73 INFO cinder.api.openstack.wsgi [None req-85b586b4-27f8-433a-b307-b31fa4145282 51e8b50c3de64b9787cf4b70aae31a88 25547e1253754020be5b979f3f78d4e1 - - default default] http://[LB_IP_ADDRESS]:8776/v3/25547e1253754020be5b979f3f78d4e1/snapshots/a918abc1-0d83-4401-a6c3-f109fbc4b6d7 returned with HTTP 200
2026-01-14 09:49:13.522 74 INFO cinder.api.openstack.wsgi [None req-8cea0d48-af67-498d-8e1c-2b0f3111a6c1 c623ef15dc84449ba502b5f622f88395 99502b83b11d4aa491d790c71d36d7cd - - default default] POST http://[LB_IP_ADDRESS]:8776/v3/99502b83b11d4aa491d790c71d36d7cd/volumes
2026-01-14 09:49:13.571 74 INFO cinder.api.v3.volumes [None req-8cea0d48-af67-498d-8e1c-2b0f3111a6c1 c623ef15dc84449ba502b5f622f88395 99502b83b11d4aa491d790c71d36d7cd - - default default] Create volume of 1 GB
2026-01-14 09:49:13.577 74 INFO cinder.volume.api [None req-8cea0d48-af67-498d-8e1c-2b0f3111a6c1 c623ef15dc84449ba502b5f622f88395 99502b83b11d4aa491d790c71d36d7cd - - default default] Availability Zones retrieved successfully.
2026-01-14 09:49:13.884 76 INFO cinder.api.openstack.wsgi [None req-181a06d8-291a-44ab-930c-54e512e687ae e0e0f8f2066f4b8ebfb4c95354553f4f bb6eda0309e24fb391912c48eeb74ec5 - - default default] POST http://[LB_IP_ADDRESS]:8776/v3/bb6eda0309e24fb391912c48eeb74ec5/group_types
2026-01-14 09:49:13.916 76 INFO cinder.api.openstack.wsgi [None req-181a06d8-291a-44ab-930c-54e512e687ae e0e0f8f2066f4b8ebfb4c95354553f4f bb6eda0309e24fb391912c48eeb74ec5 - - default default] http://[LB_IP_ADDRESS]:8776/v3/bb6eda0309e24fb391912c48eeb74ec5/group_types returned with HTTP 202
2026-01-14 09:49:13.928 72 INFO cinder.api.openstack.wsgi [None req-186c2b33-cc75-4153-8675-4402374059ce e0e0f8f2066f4b8ebfb4c95354553f4f bb6eda0309e24fb391912c48eeb74ec5 - - default default] GET http://[LB_IP_ADDRESS]:8776/v3/bb6eda0309e24fb391912c48eeb74ec5/group_types
2026-01-14 09:49:13.953 72 INFO cinder.api.openstack.wsgi [None req-186c2b33-cc75-4153-8675-4402374059ce e0e0f8f2066f4b8ebfb4c95354553f4f bb6eda0309e24fb391912c48eeb74ec5 - - default default] http://[LB_IP_ADDRESS]:8776/v3/bb6eda0309e24fb391912c48eeb74ec5/group_types returned with HTTP 200
2026-01-14 09:49:13.965 75 INFO cinder.api.openstack.wsgi [None req-0bf18e28-0904-4e9b-a62b-6c7b9d099db4 e0e0f8f2066f4b8ebfb4c95354553f4f bb6eda0309e24fb391912c48eeb74ec5 - - default default] PUT http://[LB_IP_ADDRESS]:8776/v3/bb6eda0309e24fb391912c48eeb74ec5/group_types/9623856a-c1ba-41d7-b660-417d4deee22d
2026-01-14 09:49:13.990 75 INFO cinder.api.openstack.wsgi [None req-0bf18e28-0904-4e9b-a62b-6c7b9d099db4 e0e0f8f2066f4b8ebfb4c95354553f4f bb6eda0309e24fb391912c48eeb74ec5 - - default default] http://[LB_IP_ADDRESS]:8776/v3/bb6eda0309e24fb391912c48eeb74ec5/group_types/9623856a-c1ba-41d7-b660-417d4deee22d returned with HTTP 200
2026-01-14 09:49:13.996 74 INFO cinder.volume.api [None req-8cea0d48-af67-498d-8e1c-2b0f3111a6c1 c623ef15dc84449ba502b5f622f88395 99502b83b11d4aa491d790c71d36d7cd - - default default] Create volume request issued successfully.
2026-01-14 09:49:13.997 74 INFO cinder.api.openstack.wsgi [None req-8cea0d48-af67-498d-8e1c-2b0f3111a6c1 c623ef15dc84449ba502b5f622f88395 99502b83b11d4aa491d790c71d36d7cd - - default default] http://[LB_IP_ADDRESS]:8776/v3/99502b83b11d4aa491d790c71d36d7cd/volumes returned with HTTP 202
2026-01-14 09:49:14.000 73 INFO cinder.api.openstack.wsgi [None req-98262133-de75-4c54-9092-3bdc427fee53 e0e0f8f2066f4b8ebfb4c95354553f4f bb6eda0309e24fb391912c48eeb74ec5 - - default default] GET http://[LB_IP_ADDRESS]:8776/v3/bb6eda0309e24fb391912c48eeb74ec5/group_types/9623856a-c1ba-41d7-b660-417d4deee22d
2026-01-14 09:49:14.004 73 INFO cinder.api.openstack.wsgi [None req-98262133-de75-4c54-9092-3bdc427fee53 e0e0f8f2066f4b8ebfb4c95354553f4f bb6eda0309e24fb391912c48eeb74ec5 - - default default] http://[LB_IP_ADDRESS]:8776/v3/bb6eda0309e24fb391912c48eeb74ec5/group_types/9623856a-c1ba-41d7-b660-417d4deee22d returned with HTTP 200
2026-01-14 09:49:14.011 76 INFO cinder.api.openstack.wsgi [None req-374c8eac-6d90-4e67-8f1d-d35605820703 c623ef15dc84449ba502b5f622f88395 99502b83b11d4aa491d790c71d36d7cd - - default default] GET http://[LB_IP_ADDRESS]:8776/v3/99502b83b11d4aa491d790c71d36d7cd/volumes/57e43ab9-017f-4079-8793-48e4888b1af0
2026-01-14 09:49:14.016 72 INFO cinder.api.openstack.wsgi [None req-6dfb2bae-d549-4277-b90e-e4bfb7612482 e0e0f8f2066f4b8ebfb4c95354553f4f bb6eda0309e24fb391912c48eeb74ec5 - - default default] DELETE http://[LB_IP_ADDRESS]:8776/v3/bb6eda0309e24fb391912c48eeb74ec5/group_types/9623856a-c1ba-41d7-b660-417d4deee22d
2026-01-14 09:49:14.027 76 INFO cinder.volume.api [None req-374c8eac-6d90-4e67-8f1d-d35605820703 c623ef15dc84449ba502b5f622f88395 99502b83b11d4aa491d790c71d36d7cd - - default default] Volume info retrieved successfully.
