2026-04-02 22:10:35.324 76 INFO cinder.api.openstack.wsgi [None req-c9dc7739-62f8-4f11-84da-3d92cab5adf7 e638742d62844ee4b3b8aa606d60be2e 8fcb20ee125147268bd693152a303f44 - - default default] GET http://[LB_IP_ADDRESS]:8776/v3/8fcb20ee125147268bd693152a303f44/os-quota-sets/88ded9bb5a9b4bc1b931b578f2f59ad9?usage=True
2026-04-02 22:10:35.375 76 INFO cinder.api.openstack.wsgi [None req-c9dc7739-62f8-4f11-84da-3d92cab5adf7 e638742d62844ee4b3b8aa606d60be2e 8fcb20ee125147268bd693152a303f44 - - default default] http://[LB_IP_ADDRESS]:8776/v3/8fcb20ee125147268bd693152a303f44/os-quota-sets/88ded9bb5a9b4bc1b931b578f2f59ad9?usage=True returned with HTTP 200
2026-04-02 22:10:35.394 73 INFO cinder.api.openstack.wsgi [None req-971a97e7-8cb1-43c6-a7ee-8593732e79ed 738074e97f3a4260ba891e92d71dc88e 88ded9bb5a9b4bc1b931b578f2f59ad9 - - default default] DELETE http://[LB_IP_ADDRESS]:8776/v3/88ded9bb5a9b4bc1b931b578f2f59ad9/volumes/6dce02a4-61c4-44c8-bd33-4e742e39fb86
2026-04-02 22:10:35.395 73 INFO cinder.api.v3.volumes [None req-971a97e7-8cb1-43c6-a7ee-8593732e79ed 738074e97f3a4260ba891e92d71dc88e 88ded9bb5a9b4bc1b931b578f2f59ad9 - - default default] Delete volume with id: 6dce02a4-61c4-44c8-bd33-4e742e39fb86 
2026-04-02 22:10:35.410 73 INFO cinder.volume.api [None req-971a97e7-8cb1-43c6-a7ee-8593732e79ed 738074e97f3a4260ba891e92d71dc88e 88ded9bb5a9b4bc1b931b578f2f59ad9 - - default default] Volume info retrieved successfully.
2026-04-02 22:10:35.440 73 INFO cinder.volume.api [None req-971a97e7-8cb1-43c6-a7ee-8593732e79ed 738074e97f3a4260ba891e92d71dc88e 88ded9bb5a9b4bc1b931b578f2f59ad9 - - default default] Delete volume request issued successfully.
2026-04-02 22:10:35.441 73 INFO cinder.api.openstack.wsgi [None req-971a97e7-8cb1-43c6-a7ee-8593732e79ed 738074e97f3a4260ba891e92d71dc88e 88ded9bb5a9b4bc1b931b578f2f59ad9 - - default default] http://[LB_IP_ADDRESS]:8776/v3/88ded9bb5a9b4bc1b931b578f2f59ad9/volumes/6dce02a4-61c4-44c8-bd33-4e742e39fb86 returned with HTTP 202
2026-04-02 22:10:35.453 75 INFO cinder.api.openstack.wsgi [None req-b3308a0e-80fb-408e-9035-3e46caf0dfa8 738074e97f3a4260ba891e92d71dc88e 88ded9bb5a9b4bc1b931b578f2f59ad9 - - default default] GET http://[LB_IP_ADDRESS]:8776/v3/88ded9bb5a9b4bc1b931b578f2f59ad9/volumes/6dce02a4-61c4-44c8-bd33-4e742e39fb86
2026-04-02 22:10:35.475 75 INFO cinder.volume.api [None req-b3308a0e-80fb-408e-9035-3e46caf0dfa8 738074e97f3a4260ba891e92d71dc88e 88ded9bb5a9b4bc1b931b578f2f59ad9 - - default default] Volume info retrieved successfully.
2026-04-02 22:10:35.486 75 INFO cinder.api.openstack.wsgi [None req-b3308a0e-80fb-408e-9035-3e46caf0dfa8 738074e97f3a4260ba891e92d71dc88e 88ded9bb5a9b4bc1b931b578f2f59ad9 - - default default] http://[LB_IP_ADDRESS]:8776/v3/88ded9bb5a9b4bc1b931b578f2f59ad9/volumes/6dce02a4-61c4-44c8-bd33-4e742e39fb86 returned with HTTP 200
2026-04-02 22:10:35.636 74 INFO cinder.api.openstack.wsgi [None req-95b844ae-4197-4e4b-a36f-226721ecf344 10a55cb3e401482ab16c37fae1b17032 efb42e8eeb154bbc9cc97648adf51f56 - - default default] GET http://[LB_IP_ADDRESS]:8776/v3/efb42e8eeb154bbc9cc97648adf51f56/group_snapshots/9683a017-f44d-4ebd-90c3-fa9318a867ef
2026-04-02 22:10:35.647 74 INFO cinder.api.openstack.wsgi [None req-95b844ae-4197-4e4b-a36f-226721ecf344 10a55cb3e401482ab16c37fae1b17032 efb42e8eeb154bbc9cc97648adf51f56 - - default default] http://[LB_IP_ADDRESS]:8776/v3/efb42e8eeb154bbc9cc97648adf51f56/group_snapshots/9683a017-f44d-4ebd-90c3-fa9318a867ef returned with HTTP 200
2026-04-02 22:10:35.771 72 INFO cinder.api.openstack.wsgi [None req-3142518d-f48a-40a4-8f77-0b665ddbfb07 041d96687362412da9d1c10d179cad7f 191d4f6378114ad8985311cd3185fecb - - default default] GET http://[LB_IP_ADDRESS]:8776/v3/191d4f6378114ad8985311cd3185fecb/volumes/907ccded-da79-44d9-a784-26059f0c9a17
2026-04-02 22:10:35.783 72 INFO cinder.api.openstack.wsgi [None req-3142518d-f48a-40a4-8f77-0b665ddbfb07 041d96687362412da9d1c10d179cad7f 191d4f6378114ad8985311cd3185fecb - - default default] http://[LB_IP_ADDRESS]:8776/v3/191d4f6378114ad8985311cd3185fecb/volumes/907ccded-da79-44d9-a784-26059f0c9a17 returned with HTTP 404
2026-04-02 22:10:36.507 76 INFO cinder.api.openstack.wsgi [None req-6aad4fdd-c168-4123-86c1-fe9b1cbb4489 738074e97f3a4260ba891e92d71dc88e 88ded9bb5a9b4bc1b931b578f2f59ad9 - - default default] GET http://[LB_IP_ADDRESS]:8776/v3/88ded9bb5a9b4bc1b931b578f2f59ad9/volumes/6dce02a4-61c4-44c8-bd33-4e742e39fb86
2026-04-02 22:10:36.515 76 INFO cinder.api.openstack.wsgi [None req-6aad4fdd-c168-4123-86c1-fe9b1cbb4489 738074e97f3a4260ba891e92d71dc88e 88ded9bb5a9b4bc1b931b578f2f59ad9 - - default default] http://[LB_IP_ADDRESS]:8776/v3/88ded9bb5a9b4bc1b931b578f2f59ad9/volumes/6dce02a4-61c4-44c8-bd33-4e742e39fb86 returned with HTTP 404
2026-04-02 22:10:36.527 73 INFO cinder.api.openstack.wsgi [None req-1af87539-13e4-4af8-aad5-bad104c08d4c 738074e97f3a4260ba891e92d71dc88e 88ded9bb5a9b4bc1b931b578f2f59ad9 - - default default] GET http://[LB_IP_ADDRESS]:8776/v3/88ded9bb5a9b4bc1b931b578f2f59ad9/volumes/6dce02a4-61c4-44c8-bd33-4e742e39fb86
2026-04-02 22:10:36.538 73 INFO cinder.api.openstack.wsgi [None req-1af87539-13e4-4af8-aad5-bad104c08d4c 738074e97f3a4260ba891e92d71dc88e 88ded9bb5a9b4bc1b931b578f2f59ad9 - - default default] http://[LB_IP_ADDRESS]:8776/v3/88ded9bb5a9b4bc1b931b578f2f59ad9/volumes/6dce02a4-61c4-44c8-bd33-4e742e39fb86 returned with HTTP 404
2026-04-02 22:10:36.550 75 INFO cinder.api.openstack.wsgi [None req-e511b58d-7087-41e7-8cdc-90f70acb5ff2 738074e97f3a4260ba891e92d71dc88e 88ded9bb5a9b4bc1b931b578f2f59ad9 - - default default] DELETE http://[LB_IP_ADDRESS]:8776/v3/88ded9bb5a9b4bc1b931b578f2f59ad9/volumes/6dce02a4-61c4-44c8-bd33-4e742e39fb86
2026-04-02 22:10:36.551 75 INFO cinder.api.v3.volumes [None req-e511b58d-7087-41e7-8cdc-90f70acb5ff2 738074e97f3a4260ba891e92d71dc88e 88ded9bb5a9b4bc1b931b578f2f59ad9 - - default default] Delete volume with id: 6dce02a4-61c4-44c8-bd33-4e742e39fb86 
2026-04-02 22:10:36.562 75 INFO cinder.api.openstack.wsgi [None req-e511b58d-7087-41e7-8cdc-90f70acb5ff2 738074e97f3a4260ba891e92d71dc88e 88ded9bb5a9b4bc1b931b578f2f59ad9 - - default default] http://[LB_IP_ADDRESS]:8776/v3/88ded9bb5a9b4bc1b931b578f2f59ad9/volumes/6dce02a4-61c4-44c8-bd33-4e742e39fb86 returned with HTTP 404
2026-04-02 22:10:36.577 74 INFO cinder.api.openstack.wsgi [None req-80d93868-44bb-4ed3-89c8-7b3de6ec267d 738074e97f3a4260ba891e92d71dc88e 88ded9bb5a9b4bc1b931b578f2f59ad9 - - default default] POST http://[LB_IP_ADDRESS]:8776/v3/88ded9bb5a9b4bc1b931b578f2f59ad9/volumes
2026-04-02 22:10:36.580 74 INFO cinder.api.v3.volumes [None req-80d93868-44bb-4ed3-89c8-7b3de6ec267d 738074e97f3a4260ba891e92d71dc88e 88ded9bb5a9b4bc1b931b578f2f59ad9 - - default default] Create volume of 1 GB
2026-04-02 22:10:36.589 74 INFO cinder.volume.api [None req-80d93868-44bb-4ed3-89c8-7b3de6ec267d 738074e97f3a4260ba891e92d71dc88e 88ded9bb5a9b4bc1b931b578f2f59ad9 - - default default] Availability Zones retrieved successfully.
2026-04-02 22:10:36.662 72 INFO cinder.api.openstack.wsgi [None req-0e0c0ad4-d79b-4e91-a9b0-443cbf91cb67 10a55cb3e401482ab16c37fae1b17032 efb42e8eeb154bbc9cc97648adf51f56 - - default default] GET http://[LB_IP_ADDRESS]:8776/v3/efb42e8eeb154bbc9cc97648adf51f56/group_snapshots/9683a017-f44d-4ebd-90c3-fa9318a867ef
2026-04-02 22:10:36.675 72 INFO cinder.api.openstack.wsgi [None req-0e0c0ad4-d79b-4e91-a9b0-443cbf91cb67 10a55cb3e401482ab16c37fae1b17032 efb42e8eeb154bbc9cc97648adf51f56 - - default default] http://[LB_IP_ADDRESS]:8776/v3/efb42e8eeb154bbc9cc97648adf51f56/group_snapshots/9683a017-f44d-4ebd-90c3-fa9318a867ef returned with HTTP 200
2026-04-02 22:10:36.689 76 INFO cinder.api.openstack.wsgi [None req-c7f59f0e-d335-4579-9f49-0c65a4472e4f 10a55cb3e401482ab16c37fae1b17032 efb42e8eeb154bbc9cc97648adf51f56 - - default default] GET http://[LB_IP_ADDRESS]:8776/v3/efb42e8eeb154bbc9cc97648adf51f56/snapshots/detail
2026-04-02 22:10:36.696 76 INFO cinder.volume.api [None req-c7f59f0e-d335-4579-9f49-0c65a4472e4f 10a55cb3e401482ab16c37fae1b17032 efb42e8eeb154bbc9cc97648adf51f56 - - default default] Get all snapshots completed successfully.
2026-04-02 22:10:36.698 76 INFO cinder.api.openstack.wsgi [None req-c7f59f0e-d335-4579-9f49-0c65a4472e4f 10a55cb3e401482ab16c37fae1b17032 efb42e8eeb154bbc9cc97648adf51f56 - - default default] http://[LB_IP_ADDRESS]:8776/v3/efb42e8eeb154bbc9cc97648adf51f56/snapshots/detail returned with HTTP 200
2026-04-02 22:10:36.715 73 INFO cinder.api.openstack.wsgi [None req-3d5e8201-ea8a-4b77-bb5b-5f6567682b61 10a55cb3e401482ab16c37fae1b17032 efb42e8eeb154bbc9cc97648adf51f56 - - default default] GET http://[LB_IP_ADDRESS]:8776/v3/efb42e8eeb154bbc9cc97648adf51f56/snapshots/bf58478e-ad75-4b32-9566-5858c9e9e805
2026-04-02 22:10:36.725 73 INFO cinder.volume.api [None req-3d5e8201-ea8a-4b77-bb5b-5f6567682b61 10a55cb3e401482ab16c37fae1b17032 efb42e8eeb154bbc9cc97648adf51f56 - - default default] Snapshot retrieved successfully.
2026-04-02 22:10:36.727 73 INFO cinder.api.openstack.wsgi [None req-3d5e8201-ea8a-4b77-bb5b-5f6567682b61 10a55cb3e401482ab16c37fae1b17032 efb42e8eeb154bbc9cc97648adf51f56 - - default default] http://[LB_IP_ADDRESS]:8776/v3/efb42e8eeb154bbc9cc97648adf51f56/snapshots/bf58478e-ad75-4b32-9566-5858c9e9e805 returned with HTTP 200
2026-04-02 22:10:36.743 75 INFO cinder.api.openstack.wsgi [None req-cd71ea70-eefc-44ff-b6ce-8395c824ba53 10a55cb3e401482ab16c37fae1b17032 efb42e8eeb154bbc9cc97648adf51f56 - - default default] GET http://[LB_IP_ADDRESS]:8776/v3/efb42e8eeb154bbc9cc97648adf51f56/snapshots/6b461d75-e51d-450f-80a3-80cba71767cf
2026-04-02 22:10:36.753 75 INFO cinder.volume.api [None req-cd71ea70-eefc-44ff-b6ce-8395c824ba53 10a55cb3e401482ab16c37fae1b17032 efb42e8eeb154bbc9cc97648adf51f56 - - default default] Snapshot retrieved successfully.
2026-04-02 22:10:36.755 75 INFO cinder.api.openstack.wsgi [None req-cd71ea70-eefc-44ff-b6ce-8395c824ba53 10a55cb3e401482ab16c37fae1b17032 efb42e8eeb154bbc9cc97648adf51f56 - - default default] http://[LB_IP_ADDRESS]:8776/v3/efb42e8eeb154bbc9cc97648adf51f56/snapshots/6b461d75-e51d-450f-80a3-80cba71767cf returned with HTTP 200
2026-04-02 22:10:36.765 74 INFO cinder.volume.api [None req-80d93868-44bb-4ed3-89c8-7b3de6ec267d 738074e97f3a4260ba891e92d71dc88e 88ded9bb5a9b4bc1b931b578f2f59ad9 - - default default] Create volume request issued successfully.
2026-04-02 22:10:36.766 74 INFO cinder.api.openstack.wsgi [None req-80d93868-44bb-4ed3-89c8-7b3de6ec267d 738074e97f3a4260ba891e92d71dc88e 88ded9bb5a9b4bc1b931b578f2f59ad9 - - default default] http://[LB_IP_ADDRESS]:8776/v3/88ded9bb5a9b4bc1b931b578f2f59ad9/volumes returned with HTTP 202
2026-04-02 22:10:36.772 72 INFO cinder.api.openstack.wsgi [None req-f84c2a6a-74f8-49a0-a44e-4666d5d2a96c 10a55cb3e401482ab16c37fae1b17032 efb42e8eeb154bbc9cc97648adf51f56 - - default default] DELETE http://[LB_IP_ADDRESS]:8776/v3/efb42e8eeb154bbc9cc97648adf51f56/group_snapshots/9683a017-f44d-4ebd-90c3-fa9318a867ef
2026-04-02 22:10:36.772 72 INFO cinder.api.v3.group_snapshots [None req-f84c2a6a-74f8-49a0-a44e-4666d5d2a96c 10a55cb3e401482ab16c37fae1b17032 efb42e8eeb154bbc9cc97648adf51f56 - - default default] Delete group_snapshot with id: 9683a017-f44d-4ebd-90c3-fa9318a867ef
2026-04-02 22:10:36.785 76 INFO cinder.api.openstack.wsgi [None req-4454bfb1-78e0-4221-89f6-f02ee1598c87 738074e97f3a4260ba891e92d71dc88e 88ded9bb5a9b4bc1b931b578f2f59ad9 - - default default] GET http://[LB_IP_ADDRESS]:8776/v3/88ded9bb5a9b4bc1b931b578f2f59ad9/volumes/c4595651-c3a7-46a6-9dd0-fd2a73ae5824
2026-04-02 22:10:36.803 76 INFO cinder.volume.api [None req-4454bfb1-78e0-4221-89f6-f02ee1598c87 738074e97f3a4260ba891e92d71dc88e 88ded9bb5a9b4bc1b931b578f2f59ad9 - - default default] Volume info retrieved successfully.
2026-04-02 22:10:36.811 76 INFO cinder.api.openstack.wsgi [None req-4454bfb1-78e0-4221-89f6-f02ee1598c87 738074e97f3a4260ba891e92d71dc88e 88ded9bb5a9b4bc1b931b578f2f59ad9 - - default default] http://[LB_IP_ADDRESS]:8776/v3/88ded9bb5a9b4bc1b931b578f2f59ad9/volumes/c4595651-c3a7-46a6-9dd0-fd2a73ae5824 returned with HTTP 200
2026-04-02 22:10:36.823 72 INFO cinder.api.openstack.wsgi [None req-f84c2a6a-74f8-49a0-a44e-4666d5d2a96c 10a55cb3e401482ab16c37fae1b17032 efb42e8eeb154bbc9cc97648adf51f56 - - default default] http://[LB_IP_ADDRESS]:8776/v3/efb42e8eeb154bbc9cc97648adf51f56/group_snapshots/9683a017-f44d-4ebd-90c3-fa9318a867ef returned with HTTP 202
2026-04-02 22:10:36.834 73 INFO cinder.api.openstack.wsgi [None req-5d87a811-ee1c-4583-a08b-cca228dae336 10a55cb3e401482ab16c37fae1b17032 efb42e8eeb154bbc9cc97648adf51f56 - - default default] GET http://[LB_IP_ADDRESS]:8776/v3/efb42e8eeb154bbc9cc97648adf51f56/volumes/detail
2026-04-02 22:10:36.847 73 INFO cinder.volume.api [None req-5d87a811-ee1c-4583-a08b-cca228dae336 10a55cb3e401482ab16c37fae1b17032 efb42e8eeb154bbc9cc97648adf51f56 - - default default] Get all volumes completed successfully.
2026-04-02 22:10:36.889 73 INFO cinder.api.openstack.wsgi [None req-5d87a811-ee1c-4583-a08b-cca228dae336 10a55cb3e401482ab16c37fae1b17032 efb42e8eeb154bbc9cc97648adf51f56 - - default default] http://[LB_IP_ADDRESS]:8776/v3/efb42e8eeb154bbc9cc97648adf51f56/volumes/detail returned with HTTP 200
2026-04-02 22:10:36.915 75 INFO cinder.api.openstack.wsgi [None req-769de8fa-62f9-4f1c-8e94-83396e3a1f4f 10a55cb3e401482ab16c37fae1b17032 efb42e8eeb154bbc9cc97648adf51f56 - - default default] GET http://[LB_IP_ADDRESS]:8776/v3/efb42e8eeb154bbc9cc97648adf51f56/snapshots/detail
2026-04-02 22:10:36.924 75 INFO cinder.volume.api [None req-769de8fa-62f9-4f1c-8e94-83396e3a1f4f 10a55cb3e401482ab16c37fae1b17032 efb42e8eeb154bbc9cc97648adf51f56 - - default default] Get all snapshots completed successfully.
2026-04-02 22:10:36.926 75 INFO cinder.api.openstack.wsgi [None req-769de8fa-62f9-4f1c-8e94-83396e3a1f4f 10a55cb3e401482ab16c37fae1b17032 efb42e8eeb154bbc9cc97648adf51f56 - - default default] http://[LB_IP_ADDRESS]:8776/v3/efb42e8eeb154bbc9cc97648adf51f56/snapshots/detail returned with HTTP 200
2026-04-02 22:10:36.942 74 INFO cinder.api.openstack.wsgi [None req-52e382b3-faf2-48f9-8e7b-04d625c86c2c 10a55cb3e401482ab16c37fae1b17032 efb42e8eeb154bbc9cc97648adf51f56 - - default default] GET http://[LB_IP_ADDRESS]:8776/v3/efb42e8eeb154bbc9cc97648adf51f56/snapshots/6b461d75-e51d-450f-80a3-80cba71767cf
2026-04-02 22:10:36.952 74 INFO cinder.volume.api [None req-52e382b3-faf2-48f9-8e7b-04d625c86c2c 10a55cb3e401482ab16c37fae1b17032 efb42e8eeb154bbc9cc97648adf51f56 - - default default] Snapshot retrieved successfully.
2026-04-02 22:10:36.954 74 INFO cinder.api.openstack.wsgi [None req-52e382b3-faf2-48f9-8e7b-04d625c86c2c 10a55cb3e401482ab16c37fae1b17032 efb42e8eeb154bbc9cc97648adf51f56 - - default default] http://[LB_IP_ADDRESS]:8776/v3/efb42e8eeb154bbc9cc97648adf51f56/snapshots/6b461d75-e51d-450f-80a3-80cba71767cf returned with HTTP 200
2026-04-02 22:10:37.834 76 INFO cinder.api.openstack.wsgi [None req-c9e52d71-9bd0-4b1a-b46d-a42acc13a6ae 738074e97f3a4260ba891e92d71dc88e 88ded9bb5a9b4bc1b931b578f2f59ad9 - - default default] GET http://[LB_IP_ADDRESS]:8776/v3/88ded9bb5a9b4bc1b931b578f2f59ad9/volumes/c4595651-c3a7-46a6-9dd0-fd2a73ae5824
2026-04-02 22:10:37.857 76 INFO cinder.volume.api [None req-c9e52d71-9bd0-4b1a-b46d-a42acc13a6ae 738074e97f3a4260ba891e92d71dc88e 88ded9bb5a9b4bc1b931b578f2f59ad9 - - default default] Volume info retrieved successfully.
2026-04-02 22:10:37.866 76 INFO cinder.api.openstack.wsgi [None req-c9e52d71-9bd0-4b1a-b46d-a42acc13a6ae 738074e97f3a4260ba891e92d71dc88e 88ded9bb5a9b4bc1b931b578f2f59ad9 - - default default] http://[LB_IP_ADDRESS]:8776/v3/88ded9bb5a9b4bc1b931b578f2f59ad9/volumes/c4595651-c3a7-46a6-9dd0-fd2a73ae5824 returned with HTTP 200
2026-04-02 22:10:37.891 72 INFO cinder.api.openstack.wsgi [None req-d3264053-2cbd-4a41-95c7-0a739625cefd e638742d62844ee4b3b8aa606d60be2e 8fcb20ee125147268bd693152a303f44 - - default default] GET http://[LB_IP_ADDRESS]:8776/v3/8fcb20ee125147268bd693152a303f44/os-quota-sets/88ded9bb5a9b4bc1b931b578f2f59ad9?usage=True
2026-04-02 22:10:37.961 72 INFO cinder.api.openstack.wsgi [None req-d3264053-2cbd-4a41-95c7-0a739625cefd e638742d62844ee4b3b8aa606d60be2e 8fcb20ee125147268bd693152a303f44 - - default default] http://[LB_IP_ADDRESS]:8776/v3/8fcb20ee125147268bd693152a303f44/os-quota-sets/88ded9bb5a9b4bc1b931b578f2f59ad9?usage=True returned with HTTP 200
2026-04-02 22:10:37.969 73 INFO cinder.api.openstack.wsgi [None req-88a96f6a-6f1e-40e7-bbdb-7c7a01c1a04c 10a55cb3e401482ab16c37fae1b17032 efb42e8eeb154bbc9cc97648adf51f56 - - default default] GET http://[LB_IP_ADDRESS]:8776/v3/efb42e8eeb154bbc9cc97648adf51f56/snapshots/6b461d75-e51d-450f-80a3-80cba71767cf
2026-04-02 22:10:37.976 73 INFO cinder.api.openstack.wsgi [None req-88a96f6a-6f1e-40e7-bbdb-7c7a01c1a04c 10a55cb3e401482ab16c37fae1b17032 efb42e8eeb154bbc9cc97648adf51f56 - - default default] http://[LB_IP_ADDRESS]:8776/v3/efb42e8eeb154bbc9cc97648adf51f56/snapshots/6b461d75-e51d-450f-80a3-80cba71767cf returned with HTTP 404
2026-04-02 22:10:37.981 75 INFO cinder.api.openstack.wsgi [None req-dbd6faed-8371-452f-9f8b-1ecaccbdc80b e638742d62844ee4b3b8aa606d60be2e 8fcb20ee125147268bd693152a303f44 - - default default] GET http://[LB_IP_ADDRESS]:8776/v3/8fcb20ee125147268bd693152a303f44/os-quota-sets/7d67aabc710542929f0c748a122c1396?usage=True
2026-04-02 22:10:37.988 74 INFO cinder.api.openstack.wsgi [None req-06ccf1f3-92f1-44b7-bbb1-10da13f4b9e0 10a55cb3e401482ab16c37fae1b17032 efb42e8eeb154bbc9cc97648adf51f56 - - default default] GET http://[LB_IP_ADDRESS]:8776/v3/efb42e8eeb154bbc9cc97648adf51f56/snapshots/bf58478e-ad75-4b32-9566-5858c9e9e805
2026-04-02 22:10:37.998 74 INFO cinder.api.openstack.wsgi [None req-06ccf1f3-92f1-44b7-bbb1-10da13f4b9e0 10a55cb3e401482ab16c37fae1b17032 efb42e8eeb154bbc9cc97648adf51f56 - - default default] http://[LB_IP_ADDRESS]:8776/v3/efb42e8eeb154bbc9cc97648adf51f56/snapshots/bf58478e-ad75-4b32-9566-5858c9e9e805 returned with HTTP 404
2026-04-02 22:10:38.011 76 INFO cinder.api.openstack.wsgi [None req-cd81d6b2-b2d8-4c79-b8a6-b506ef9daba7 10a55cb3e401482ab16c37fae1b17032 efb42e8eeb154bbc9cc97648adf51f56 - - default default] GET http://[LB_IP_ADDRESS]:8776/v3/efb42e8eeb154bbc9cc97648adf51f56/group_snapshots/9683a017-f44d-4ebd-90c3-fa9318a867ef
2026-04-02 22:10:38.017 76 INFO cinder.api.openstack.wsgi [None req-cd81d6b2-b2d8-4c79-b8a6-b506ef9daba7 10a55cb3e401482ab16c37fae1b17032 efb42e8eeb154bbc9cc97648adf51f56 - - default default] http://[LB_IP_ADDRESS]:8776/v3/efb42e8eeb154bbc9cc97648adf51f56/group_snapshots/9683a017-f44d-4ebd-90c3-fa9318a867ef returned with HTTP 404
2026-04-02 22:10:38.029 72 INFO cinder.api.openstack.wsgi [None req-90ece845-d873-45eb-a807-061835108ba2 10a55cb3e401482ab16c37fae1b17032 efb42e8eeb154bbc9cc97648adf51f56 - - default default] DELETE http://[LB_IP_ADDRESS]:8776/v3/efb42e8eeb154bbc9cc97648adf51f56/group_snapshots/9683a017-f44d-4ebd-90c3-fa9318a867ef
2026-04-02 22:10:38.030 72 INFO cinder.api.v3.group_snapshots [None req-90ece845-d873-45eb-a807-061835108ba2 10a55cb3e401482ab16c37fae1b17032 efb42e8eeb154bbc9cc97648adf51f56 - - default default] Delete group_snapshot with id: 9683a017-f44d-4ebd-90c3-fa9318a867ef
2026-04-02 22:10:38.034 72 INFO cinder.api.openstack.wsgi [None req-90ece845-d873-45eb-a807-061835108ba2 10a55cb3e401482ab16c37fae1b17032 efb42e8eeb154bbc9cc97648adf51f56 - - default default] http://[LB_IP_ADDRESS]:8776/v3/efb42e8eeb154bbc9cc97648adf51f56/group_snapshots/9683a017-f44d-4ebd-90c3-fa9318a867ef returned with HTTP 404
2026-04-02 22:10:38.045 75 INFO cinder.api.openstack.wsgi [None req-dbd6faed-8371-452f-9f8b-1ecaccbdc80b e638742d62844ee4b3b8aa606d60be2e 8fcb20ee125147268bd693152a303f44 - - default default] http://[LB_IP_ADDRESS]:8776/v3/8fcb20ee125147268bd693152a303f44/os-quota-sets/7d67aabc710542929f0c748a122c1396?usage=True returned with HTTP 200
2026-04-02 22:10:38.046 73 INFO cinder.api.openstack.wsgi [None req-9af69734-34b9-493d-bb10-1fbcd52e0a46 10a55cb3e401482ab16c37fae1b17032 efb42e8eeb154bbc9cc97648adf51f56 - - default default] GET http://[LB_IP_ADDRESS]:8776/v3/efb42e8eeb154bbc9cc97648adf51f56/volumes/detail
2026-04-02 22:10:38.061 73 INFO cinder.volume.api [None req-9af69734-34b9-493d-bb10-1fbcd52e0a46 10a55cb3e401482ab16c37fae1b17032 efb42e8eeb154bbc9cc97648adf51f56 - - default default] Get all volumes completed successfully.
2026-04-02 22:10:38.065 74 INFO cinder.api.openstack.wsgi [None req-64fa09b9-0480-4176-a67e-8ee6029a7d94 738074e97f3a4260ba891e92d71dc88e 88ded9bb5a9b4bc1b931b578f2f59ad9 - - default default] POST http://[LB_IP_ADDRESS]:8776/v3/88ded9bb5a9b4bc1b931b578f2f59ad9/os-volume-transfer
2026-04-02 22:10:38.070 74 INFO cinder.api.contrib.volume_transfer [None req-64fa09b9-0480-4176-a67e-8ee6029a7d94 738074e97f3a4260ba891e92d71dc88e 88ded9bb5a9b4bc1b931b578f2f59ad9 - - default default] Creating transfer of volume c4595651-c3a7-46a6-9dd0-fd2a73ae5824
2026-04-02 22:10:38.071 74 INFO cinder.transfer.api [None req-64fa09b9-0480-4176-a67e-8ee6029a7d94 738074e97f3a4260ba891e92d71dc88e 88ded9bb5a9b4bc1b931b578f2f59ad9 - - default default] Generating transfer record for volume c4595651-c3a7-46a6-9dd0-fd2a73ae5824
2026-04-02 22:10:38.093 74 INFO cinder.api.openstack.wsgi [None req-64fa09b9-0480-4176-a67e-8ee6029a7d94 738074e97f3a4260ba891e92d71dc88e 88ded9bb5a9b4bc1b931b578f2f59ad9 - - default default] http://[LB_IP_ADDRESS]:8776/v3/88ded9bb5a9b4bc1b931b578f2f59ad9/os-volume-transfer returned with HTTP 202
2026-04-02 22:10:38.096 73 INFO cinder.api.openstack.wsgi [None req-9af69734-34b9-493d-bb10-1fbcd52e0a46 10a55cb3e401482ab16c37fae1b17032 efb42e8eeb154bbc9cc97648adf51f56 - - default default] http://[LB_IP_ADDRESS]:8776/v3/efb42e8eeb154bbc9cc97648adf51f56/volumes/detail returned with HTTP 200
2026-04-02 22:10:38.118 72 INFO cinder.api.openstack.wsgi [None req-08357165-b33a-4c72-bcd5-1054071191b8 10a55cb3e401482ab16c37fae1b17032 efb42e8eeb154bbc9cc97648adf51f56 - - default default] POST http://[LB_IP_ADDRESS]:8776/v3/efb42e8eeb154bbc9cc97648adf51f56/groups/5834c7fd-f4ca-4814-b672-f0bc7cacc493/action
2026-04-02 22:10:38.121 72 INFO cinder.api.v3.groups [None req-08357165-b33a-4c72-bcd5-1054071191b8 10a55cb3e401482ab16c37fae1b17032 efb42e8eeb154bbc9cc97648adf51f56 - - default default] Delete group with id: 5834c7fd-f4ca-4814-b672-f0bc7cacc493
2026-04-02 22:10:38.189 72 INFO cinder.api.openstack.wsgi [None req-08357165-b33a-4c72-bcd5-1054071191b8 10a55cb3e401482ab16c37fae1b17032 efb42e8eeb154bbc9cc97648adf51f56 - - default default] http://[LB_IP_ADDRESS]:8776/v3/efb42e8eeb154bbc9cc97648adf51f56/groups/5834c7fd-f4ca-4814-b672-f0bc7cacc493/action returned with HTTP 202
2026-04-02 22:10:38.201 75 INFO cinder.api.openstack.wsgi [None req-e84f48c0-e292-4c95-8214-2303ed1d2cfb 10a55cb3e401482ab16c37fae1b17032 efb42e8eeb154bbc9cc97648adf51f56 - - default default] GET http://[LB_IP_ADDRESS]:8776/v3/efb42e8eeb154bbc9cc97648adf51f56/volumes/87d9635a-fdd0-4db2-a2d0-03db3f4018e1
2026-04-02 22:10:38.221 75 INFO cinder.volume.api [None req-e84f48c0-e292-4c95-8214-2303ed1d2cfb 10a55cb3e401482ab16c37fae1b17032 efb42e8eeb154bbc9cc97648adf51f56 - - default default] Volume info retrieved successfully.
2026-04-02 22:10:38.243 75 INFO cinder.api.openstack.wsgi [None req-e84f48c0-e292-4c95-8214-2303ed1d2cfb 10a55cb3e401482ab16c37fae1b17032 efb42e8eeb154bbc9cc97648adf51f56 - - default default] http://[LB_IP_ADDRESS]:8776/v3/efb42e8eeb154bbc9cc97648adf51f56/volumes/87d9635a-fdd0-4db2-a2d0-03db3f4018e1 returned with HTTP 200
2026-04-02 22:10:38.298 76 INFO cinder.api.openstack.wsgi [None req-4c240921-0533-4856-a98b-bb706a75d6ff f6787989e60d4832b9ccb04862e7da88 7d67aabc710542929f0c748a122c1396 - - default default] POST http://[LB_IP_ADDRESS]:8776/v3/7d67aabc710542929f0c748a122c1396/os-volume-transfer/29afca8d-8db2-4008-acba-988b3c030973/accept
2026-04-02 22:10:38.300 76 INFO cinder.api.contrib.volume_transfer [None req-4c240921-0533-4856-a98b-bb706a75d6ff f6787989e60d4832b9ccb04862e7da88 7d67aabc710542929f0c748a122c1396 - - default default] Accepting transfer 29afca8d-8db2-4008-acba-988b3c030973
2026-04-02 22:10:39.018 76 INFO cinder.volume.api [None req-4c240921-0533-4856-a98b-bb706a75d6ff f6787989e60d4832b9ccb04862e7da88 7d67aabc710542929f0c748a122c1396 - - default default] Transfer volume completed successfully.
2026-04-02 22:10:39.099 76 INFO cinder.transfer.api [None req-4c240921-0533-4856-a98b-bb706a75d6ff f6787989e60d4832b9ccb04862e7da88 7d67aabc710542929f0c748a122c1396 - - default default] Volume c4595651-c3a7-46a6-9dd0-fd2a73ae5824 has been transferred.
2026-04-02 22:10:39.108 76 INFO cinder.api.openstack.wsgi [None req-4c240921-0533-4856-a98b-bb706a75d6ff f6787989e60d4832b9ccb04862e7da88 7d67aabc710542929f0c748a122c1396 - - default default] http://[LB_IP_ADDRESS]:8776/v3/7d67aabc710542929f0c748a122c1396/os-volume-transfer/29afca8d-8db2-4008-acba-988b3c030973/accept returned with HTTP 202
2026-04-02 22:10:39.124 74 INFO cinder.api.openstack.wsgi [None req-67eaf085-9f4f-47ec-b119-649efc1a59a1 f6787989e60d4832b9ccb04862e7da88 7d67aabc710542929f0c748a122c1396 - - default default] GET http://[LB_IP_ADDRESS]:8776/v3/7d67aabc710542929f0c748a122c1396/volumes/c4595651-c3a7-46a6-9dd0-fd2a73ae5824
2026-04-02 22:10:39.141 74 INFO cinder.volume.api [None req-67eaf085-9f4f-47ec-b119-649efc1a59a1 f6787989e60d4832b9ccb04862e7da88 7d67aabc710542929f0c748a122c1396 - - default default] Volume info retrieved successfully.
2026-04-02 22:10:39.150 74 INFO cinder.api.openstack.wsgi [None req-67eaf085-9f4f-47ec-b119-649efc1a59a1 f6787989e60d4832b9ccb04862e7da88 7d67aabc710542929f0c748a122c1396 - - default default] http://[LB_IP_ADDRESS]:8776/v3/7d67aabc710542929f0c748a122c1396/volumes/c4595651-c3a7-46a6-9dd0-fd2a73ae5824 returned with HTTP 200
2026-04-02 22:10:39.173 73 INFO cinder.api.openstack.wsgi [None req-800071f1-3e60-478f-974f-881c24721ec0 e638742d62844ee4b3b8aa606d60be2e 8fcb20ee125147268bd693152a303f44 - - default default] GET http://[LB_IP_ADDRESS]:8776/v3/8fcb20ee125147268bd693152a303f44/os-quota-sets/88ded9bb5a9b4bc1b931b578f2f59ad9?usage=True
2026-04-02 22:10:39.238 73 INFO cinder.api.openstack.wsgi [None req-800071f1-3e60-478f-974f-881c24721ec0 e638742d62844ee4b3b8aa606d60be2e 8fcb20ee125147268bd693152a303f44 - - default default] http://[LB_IP_ADDRESS]:8776/v3/8fcb20ee125147268bd693152a303f44/os-quota-sets/88ded9bb5a9b4bc1b931b578f2f59ad9?usage=True returned with HTTP 200
2026-04-02 22:10:39.257 72 INFO cinder.api.openstack.wsgi [None req-5964ceec-b1dd-4d93-a560-f724fa359d69 e638742d62844ee4b3b8aa606d60be2e 8fcb20ee125147268bd693152a303f44 - - default default] GET http://[LB_IP_ADDRESS]:8776/v3/8fcb20ee125147268bd693152a303f44/os-quota-sets/7d67aabc710542929f0c748a122c1396?usage=True
2026-04-02 22:10:39.265 75 INFO cinder.api.openstack.wsgi [None req-c9051729-3691-4a3f-8e8f-d79777830b78 10a55cb3e401482ab16c37fae1b17032 efb42e8eeb154bbc9cc97648adf51f56 - - default default] GET http://[LB_IP_ADDRESS]:8776/v3/efb42e8eeb154bbc9cc97648adf51f56/volumes/87d9635a-fdd0-4db2-a2d0-03db3f4018e1
2026-04-02 22:10:39.274 75 INFO cinder.api.openstack.wsgi [None req-c9051729-3691-4a3f-8e8f-d79777830b78 10a55cb3e401482ab16c37fae1b17032 efb42e8eeb154bbc9cc97648adf51f56 - - default default] http://[LB_IP_ADDRESS]:8776/v3/efb42e8eeb154bbc9cc97648adf51f56/volumes/87d9635a-fdd0-4db2-a2d0-03db3f4018e1 returned with HTTP 404
2026-04-02 22:10:39.285 76 INFO cinder.api.openstack.wsgi [None req-87c7e60f-e456-41d9-8079-65f9772aecb2 10a55cb3e401482ab16c37fae1b17032 efb42e8eeb154bbc9cc97648adf51f56 - - default default] GET http://[LB_IP_ADDRESS]:8776/v3/efb42e8eeb154bbc9cc97648adf51f56/volumes/55d02ca3-b54c-40d3-b63e-0be3131702b3
2026-04-02 22:10:39.294 76 INFO cinder.api.openstack.wsgi [None req-87c7e60f-e456-41d9-8079-65f9772aecb2 10a55cb3e401482ab16c37fae1b17032 efb42e8eeb154bbc9cc97648adf51f56 - - default default] http://[LB_IP_ADDRESS]:8776/v3/efb42e8eeb154bbc9cc97648adf51f56/volumes/55d02ca3-b54c-40d3-b63e-0be3131702b3 returned with HTTP 404
2026-04-02 22:10:39.305 74 INFO cinder.api.openstack.wsgi [None req-7a879ad6-35f7-46d7-aae2-dee30a16a678 10a55cb3e401482ab16c37fae1b17032 efb42e8eeb154bbc9cc97648adf51f56 - - default default] GET http://[LB_IP_ADDRESS]:8776/v3/efb42e8eeb154bbc9cc97648adf51f56/groups/5834c7fd-f4ca-4814-b672-f0bc7cacc493
2026-04-02 22:10:39.309 74 INFO cinder.api.openstack.wsgi [None req-7a879ad6-35f7-46d7-aae2-dee30a16a678 10a55cb3e401482ab16c37fae1b17032 efb42e8eeb154bbc9cc97648adf51f56 - - default default] http://[LB_IP_ADDRESS]:8776/v3/efb42e8eeb154bbc9cc97648adf51f56/groups/5834c7fd-f4ca-4814-b672-f0bc7cacc493 returned with HTTP 404
2026-04-02 22:10:39.311 72 INFO cinder.api.openstack.wsgi [None req-5964ceec-b1dd-4d93-a560-f724fa359d69 e638742d62844ee4b3b8aa606d60be2e 8fcb20ee125147268bd693152a303f44 - - default default] http://[LB_IP_ADDRESS]:8776/v3/8fcb20ee125147268bd693152a303f44/os-quota-sets/7d67aabc710542929f0c748a122c1396?usage=True returned with HTTP 200
2026-04-02 22:10:39.320 73 INFO cinder.api.openstack.wsgi [None req-f6a0c59d-82ad-4fd3-9678-24c594883c2f da2d052245954bbab4922f65c80c440c 5467a1b6cd1742a69b446524b9c6622d - - default default] DELETE http://[LB_IP_ADDRESS]:8776/v3/5467a1b6cd1742a69b446524b9c6622d/group_types/0bdd1eb3-51ac-4d53-8cfb-a0e89241f48d
2026-04-02 22:10:39.330 75 INFO cinder.api.openstack.wsgi [None req-31ed8f77-b866-4231-ba28-1326c66571c0 e638742d62844ee4b3b8aa606d60be2e 8fcb20ee125147268bd693152a303f44 - - default default] DELETE http://[LB_IP_ADDRESS]:8776/v3/8fcb20ee125147268bd693152a303f44/volumes/c4595651-c3a7-46a6-9dd0-fd2a73ae5824
2026-04-02 22:10:39.331 75 INFO cinder.api.v3.volumes [None req-31ed8f77-b866-4231-ba28-1326c66571c0 e638742d62844ee4b3b8aa606d60be2e 8fcb20ee125147268bd693152a303f44 - - default default] Delete volume with id: c4595651-c3a7-46a6-9dd0-fd2a73ae5824 
2026-04-02 22:10:39.337 73 INFO cinder.api.openstack.wsgi [None req-f6a0c59d-82ad-4fd3-9678-24c594883c2f da2d052245954bbab4922f65c80c440c 5467a1b6cd1742a69b446524b9c6622d - - default default] http://[LB_IP_ADDRESS]:8776/v3/5467a1b6cd1742a69b446524b9c6622d/group_types/0bdd1eb3-51ac-4d53-8cfb-a0e89241f48d returned with HTTP 202
2026-04-02 22:10:39.344 75 INFO cinder.volume.api [None req-31ed8f77-b866-4231-ba28-1326c66571c0 e638742d62844ee4b3b8aa606d60be2e 8fcb20ee125147268bd693152a303f44 - - default default] Volume info retrieved successfully.
2026-04-02 22:10:39.346 76 INFO cinder.api.openstack.wsgi [None req-1ddcf516-4470-4371-adcb-018b08a6d4ce da2d052245954bbab4922f65c80c440c 5467a1b6cd1742a69b446524b9c6622d - - default default] DELETE http://[LB_IP_ADDRESS]:8776/v3/5467a1b6cd1742a69b446524b9c6622d/types/f8dbfbc6-0ec0-4903-994a-0acca6dd9b57
2026-04-02 22:10:39.366 75 INFO cinder.volume.api [None req-31ed8f77-b866-4231-ba28-1326c66571c0 e638742d62844ee4b3b8aa606d60be2e 8fcb20ee125147268bd693152a303f44 - - default default] Delete volume request issued successfully.
2026-04-02 22:10:39.366 75 INFO cinder.api.openstack.wsgi [None req-31ed8f77-b866-4231-ba28-1326c66571c0 e638742d62844ee4b3b8aa606d60be2e 8fcb20ee125147268bd693152a303f44 - - default default] http://[LB_IP_ADDRESS]:8776/v3/8fcb20ee125147268bd693152a303f44/volumes/c4595651-c3a7-46a6-9dd0-fd2a73ae5824 returned with HTTP 202
2026-04-02 22:10:39.377 76 INFO cinder.api.openstack.wsgi [None req-1ddcf516-4470-4371-adcb-018b08a6d4ce da2d052245954bbab4922f65c80c440c 5467a1b6cd1742a69b446524b9c6622d - - default default] http://[LB_IP_ADDRESS]:8776/v3/5467a1b6cd1742a69b446524b9c6622d/types/f8dbfbc6-0ec0-4903-994a-0acca6dd9b57 returned with HTTP 202
2026-04-02 22:10:39.378 74 INFO cinder.api.openstack.wsgi [None req-9bca1174-49e1-45b0-b25c-1b5d7671f583 e638742d62844ee4b3b8aa606d60be2e 8fcb20ee125147268bd693152a303f44 - - default default] GET http://[LB_IP_ADDRESS]:8776/v3/8fcb20ee125147268bd693152a303f44/volumes/c4595651-c3a7-46a6-9dd0-fd2a73ae5824
2026-04-02 22:10:39.387 72 INFO cinder.api.openstack.wsgi [None req-efbdcb7c-53a1-4922-86a0-df2f0afd2982 da2d052245954bbab4922f65c80c440c 5467a1b6cd1742a69b446524b9c6622d - - default default] GET http://[LB_IP_ADDRESS]:8776/v3/5467a1b6cd1742a69b446524b9c6622d/types/f8dbfbc6-0ec0-4903-994a-0acca6dd9b57
2026-04-02 22:10:39.392 72 INFO cinder.api.openstack.wsgi [None req-efbdcb7c-53a1-4922-86a0-df2f0afd2982 da2d052245954bbab4922f65c80c440c 5467a1b6cd1742a69b446524b9c6622d - - default default] http://[LB_IP_ADDRESS]:8776/v3/5467a1b6cd1742a69b446524b9c6622d/types/f8dbfbc6-0ec0-4903-994a-0acca6dd9b57 returned with HTTP 404
2026-04-02 22:10:39.398 74 INFO cinder.volume.api [None req-9bca1174-49e1-45b0-b25c-1b5d7671f583 e638742d62844ee4b3b8aa606d60be2e 8fcb20ee125147268bd693152a303f44 - - default default] Volume info retrieved successfully.
2026-04-02 22:10:39.408 74 INFO cinder.api.openstack.wsgi [None req-9bca1174-49e1-45b0-b25c-1b5d7671f583 e638742d62844ee4b3b8aa606d60be2e 8fcb20ee125147268bd693152a303f44 - - default default] http://[LB_IP_ADDRESS]:8776/v3/8fcb20ee125147268bd693152a303f44/volumes/c4595651-c3a7-46a6-9dd0-fd2a73ae5824 returned with HTTP 200
2026-04-02 22:10:39.411 73 INFO cinder.api.openstack.wsgi [None req-862bb8eb-612e-464a-8c4f-1d49e47e378e da2d052245954bbab4922f65c80c440c 5467a1b6cd1742a69b446524b9c6622d - - default default] POST http://[LB_IP_ADDRESS]:8776/v3/5467a1b6cd1742a69b446524b9c6622d/types
2026-04-02 22:10:39.429 73 INFO cinder.api.openstack.wsgi [None req-862bb8eb-612e-464a-8c4f-1d49e47e378e da2d052245954bbab4922f65c80c440c 5467a1b6cd1742a69b446524b9c6622d - - default default] http://[LB_IP_ADDRESS]:8776/v3/5467a1b6cd1742a69b446524b9c6622d/types returned with HTTP 200
2026-04-02 22:10:39.442 75 INFO cinder.api.openstack.wsgi [None req-e7c0faa4-926f-4294-a0ae-47b805b567ca da2d052245954bbab4922f65c80c440c 5467a1b6cd1742a69b446524b9c6622d - - default default] POST http://[LB_IP_ADDRESS]:8776/v3/5467a1b6cd1742a69b446524b9c6622d/group_types
2026-04-02 22:10:39.465 75 INFO cinder.api.openstack.wsgi [None req-e7c0faa4-926f-4294-a0ae-47b805b567ca da2d052245954bbab4922f65c80c440c 5467a1b6cd1742a69b446524b9c6622d - - default default] http://[LB_IP_ADDRESS]:8776/v3/5467a1b6cd1742a69b446524b9c6622d/group_types returned with HTTP 202
2026-04-02 22:10:39.478 76 INFO cinder.api.openstack.wsgi [None req-f55e9cd3-d693-4d1e-b8c6-f5f6e228e032 10a55cb3e401482ab16c37fae1b17032 efb42e8eeb154bbc9cc97648adf51f56 - - default default] POST http://[LB_IP_ADDRESS]:8776/v3/efb42e8eeb154bbc9cc97648adf51f56/groups
2026-04-02 22:10:39.486 76 INFO cinder.api.v3.groups [None req-f55e9cd3-d693-4d1e-b8c6-f5f6e228e032 10a55cb3e401482ab16c37fae1b17032 efb42e8eeb154bbc9cc97648adf51f56 - - default default] Creating group tempest-GroupSnapshotsTest-Group-841536981.
2026-04-02 22:10:39.495 76 INFO cinder.volume.api [None req-f55e9cd3-d693-4d1e-b8c6-f5f6e228e032 10a55cb3e401482ab16c37fae1b17032 efb42e8eeb154bbc9cc97648adf51f56 - - default default] Availability Zones retrieved successfully.
2026-04-02 22:10:39.554 76 INFO cinder.api.openstack.wsgi [None req-f55e9cd3-d693-4d1e-b8c6-f5f6e228e032 10a55cb3e401482ab16c37fae1b17032 efb42e8eeb154bbc9cc97648adf51f56 - - default default] http://[LB_IP_ADDRESS]:8776/v3/efb42e8eeb154bbc9cc97648adf51f56/groups returned with HTTP 202
2026-04-02 22:10:39.568 72 INFO cinder.api.openstack.wsgi [None req-129ce7fc-90bf-40f4-b338-409123c53e87 10a55cb3e401482ab16c37fae1b17032 efb42e8eeb154bbc9cc97648adf51f56 - - default default] GET http://[LB_IP_ADDRESS]:8776/v3/efb42e8eeb154bbc9cc97648adf51f56/groups/17957f5d-3cb1-4e68-9e66-680553f22059
2026-04-02 22:10:39.588 72 INFO cinder.api.openstack.wsgi [None req-129ce7fc-90bf-40f4-b338-409123c53e87 10a55cb3e401482ab16c37fae1b17032 efb42e8eeb154bbc9cc97648adf51f56 - - default default] http://[LB_IP_ADDRESS]:8776/v3/efb42e8eeb154bbc9cc97648adf51f56/groups/17957f5d-3cb1-4e68-9e66-680553f22059 returned with HTTP 200
2026-04-02 22:10:40.433 74 INFO cinder.api.openstack.wsgi [None req-2700e797-f887-4a8c-b3f3-890d89510a27 e638742d62844ee4b3b8aa606d60be2e 8fcb20ee125147268bd693152a303f44 - - default default] GET http://[LB_IP_ADDRESS]:8776/v3/8fcb20ee125147268bd693152a303f44/volumes/c4595651-c3a7-46a6-9dd0-fd2a73ae5824
2026-04-02 22:10:40.447 74 INFO cinder.api.openstack.wsgi [None req-2700e797-f887-4a8c-b3f3-890d89510a27 e638742d62844ee4b3b8aa606d60be2e 8fcb20ee125147268bd693152a303f44 - - default default] http://[LB_IP_ADDRESS]:8776/v3/8fcb20ee125147268bd693152a303f44/volumes/c4595651-c3a7-46a6-9dd0-fd2a73ae5824 returned with HTTP 404
2026-04-02 22:10:40.460 73 INFO cinder.api.openstack.wsgi [None req-49265a38-0af4-4cd6-af0d-b4c2c3565b6a 738074e97f3a4260ba891e92d71dc88e 88ded9bb5a9b4bc1b931b578f2f59ad9 - - default default] GET http://[LB_IP_ADDRESS]:8776/v3/88ded9bb5a9b4bc1b931b578f2f59ad9/volumes/c4595651-c3a7-46a6-9dd0-fd2a73ae5824
2026-04-02 22:10:40.472 73 INFO cinder.api.openstack.wsgi [None req-49265a38-0af4-4cd6-af0d-b4c2c3565b6a 738074e97f3a4260ba891e92d71dc88e 88ded9bb5a9b4bc1b931b578f2f59ad9 - - default default] http://[LB_IP_ADDRESS]:8776/v3/88ded9bb5a9b4bc1b931b578f2f59ad9/volumes/c4595651-c3a7-46a6-9dd0-fd2a73ae5824 returned with HTTP 404
2026-04-02 22:10:40.485 75 INFO cinder.api.openstack.wsgi [None req-04e77c3f-ac07-49e2-90ae-3f12efb0e350 738074e97f3a4260ba891e92d71dc88e 88ded9bb5a9b4bc1b931b578f2f59ad9 - - default default] DELETE http://[LB_IP_ADDRESS]:8776/v3/88ded9bb5a9b4bc1b931b578f2f59ad9/volumes/c4595651-c3a7-46a6-9dd0-fd2a73ae5824
2026-04-02 22:10:40.486 75 INFO cinder.api.v3.volumes [None req-04e77c3f-ac07-49e2-90ae-3f12efb0e350 738074e97f3a4260ba891e92d71dc88e 88ded9bb5a9b4bc1b931b578f2f59ad9 - - default default] Delete volume with id: c4595651-c3a7-46a6-9dd0-fd2a73ae5824 
2026-04-02 22:10:40.498 75 INFO cinder.api.openstack.wsgi [None req-04e77c3f-ac07-49e2-90ae-3f12efb0e350 738074e97f3a4260ba891e92d71dc88e 88ded9bb5a9b4bc1b931b578f2f59ad9 - - default default] http://[LB_IP_ADDRESS]:8776/v3/88ded9bb5a9b4bc1b931b578f2f59ad9/volumes/c4595651-c3a7-46a6-9dd0-fd2a73ae5824 returned with HTTP 404
2026-04-02 22:10:40.517 76 INFO cinder.api.openstack.wsgi [None req-a58d1072-69bb-4f9e-9be2-76257251a53a e638742d62844ee4b3b8aa606d60be2e 8fcb20ee125147268bd693152a303f44 - - default default] GET http://[LB_IP_ADDRESS]:8776/v3/8fcb20ee125147268bd693152a303f44/os-quota-sets/8fcb20ee125147268bd693152a303f44?usage=True
2026-04-02 22:10:40.554 76 WARNING cinder.quota [None req-a58d1072-69bb-4f9e-9be2-76257251a53a e638742d62844ee4b3b8aa606d60be2e 8fcb20ee125147268bd693152a303f44 - - default default] Deprecated: Default quota for resource: volumes_tempest-GroupSnapshotsTest-volume-type-998296971 is set by the default quota flag: quota_volumes_tempest-GroupSnapshotsTest-volume-type-998296971, it is now deprecated. Please use the default quota class for default quota.
2026-04-02 22:10:40.555 76 WARNING cinder.quota [None req-a58d1072-69bb-4f9e-9be2-76257251a53a e638742d62844ee4b3b8aa606d60be2e 8fcb20ee125147268bd693152a303f44 - - default default] Deprecated: Default quota for resource: gigabytes_tempest-GroupSnapshotsTest-volume-type-998296971 is set by the default quota flag: quota_gigabytes_tempest-GroupSnapshotsTest-volume-type-998296971, it is now deprecated. Please use the default quota class for default quota.
2026-04-02 22:10:40.556 76 WARNING cinder.quota [None req-a58d1072-69bb-4f9e-9be2-76257251a53a e638742d62844ee4b3b8aa606d60be2e 8fcb20ee125147268bd693152a303f44 - - default default] Deprecated: Default quota for resource: snapshots_tempest-GroupSnapshotsTest-volume-type-998296971 is set by the default quota flag: quota_snapshots_tempest-GroupSnapshotsTest-volume-type-998296971, it is now deprecated. Please use the default quota class for default quota.
2026-04-02 22:10:40.577 76 INFO cinder.api.openstack.wsgi [None req-a58d1072-69bb-4f9e-9be2-76257251a53a e638742d62844ee4b3b8aa606d60be2e 8fcb20ee125147268bd693152a303f44 - - default default] http://[LB_IP_ADDRESS]:8776/v3/8fcb20ee125147268bd693152a303f44/os-quota-sets/8fcb20ee125147268bd693152a303f44?usage=True returned with HTTP 200
2026-04-02 22:10:40.601 72 INFO cinder.api.openstack.wsgi [None req-8b8fda50-6e28-48aa-81d4-4045c5b7bf64 e638742d62844ee4b3b8aa606d60be2e 8fcb20ee125147268bd693152a303f44 - - default default] PUT http://[LB_IP_ADDRESS]:8776/v3/8fcb20ee125147268bd693152a303f44/os-quota-sets/88ded9bb5a9b4bc1b931b578f2f59ad9
2026-04-02 22:10:40.605 74 INFO cinder.api.openstack.wsgi [None req-f0e173b9-efa5-45e8-b6da-17aa749f5bdb 10a55cb3e401482ab16c37fae1b17032 efb42e8eeb154bbc9cc97648adf51f56 - - default default] GET http://[LB_IP_ADDRESS]:8776/v3/efb42e8eeb154bbc9cc97648adf51f56/groups/17957f5d-3cb1-4e68-9e66-680553f22059
2026-04-02 22:10:40.625 74 INFO cinder.api.openstack.wsgi [None req-f0e173b9-efa5-45e8-b6da-17aa749f5bdb 10a55cb3e401482ab16c37fae1b17032 efb42e8eeb154bbc9cc97648adf51f56 - - default default] http://[LB_IP_ADDRESS]:8776/v3/efb42e8eeb154bbc9cc97648adf51f56/groups/17957f5d-3cb1-4e68-9e66-680553f22059 returned with HTTP 200
2026-04-02 22:10:40.643 73 INFO cinder.api.openstack.wsgi [None req-a1b08084-45f0-493e-9326-461cba3a287d 10a55cb3e401482ab16c37fae1b17032 efb42e8eeb154bbc9cc97648adf51f56 - - default default] POST http://[LB_IP_ADDRESS]:8776/v3/efb42e8eeb154bbc9cc97648adf51f56/volumes
2026-04-02 22:10:40.659 73 INFO cinder.api.v3.volumes [None req-a1b08084-45f0-493e-9326-461cba3a287d 10a55cb3e401482ab16c37fae1b17032 efb42e8eeb154bbc9cc97648adf51f56 - - default default] Create volume of 1 GB
2026-04-02 22:10:40.667 73 INFO cinder.volume.api [None req-a1b08084-45f0-493e-9326-461cba3a287d 10a55cb3e401482ab16c37fae1b17032 efb42e8eeb154bbc9cc97648adf51f56 - - default default] Availability Zones retrieved successfully.
2026-04-02 22:10:40.755 72 WARNING cinder.quota [None req-8b8fda50-6e28-48aa-81d4-4045c5b7bf64 e638742d62844ee4b3b8aa606d60be2e 8fcb20ee125147268bd693152a303f44 - - default default] Deprecated: Default quota for resource: volumes_tempest-GroupSnapshotsTest-volume-type-998296971 is set by the default quota flag: quota_volumes_tempest-GroupSnapshotsTest-volume-type-998296971, it is now deprecated. Please use the default quota class for default quota.
2026-04-02 22:10:40.755 72 WARNING cinder.quota [None req-8b8fda50-6e28-48aa-81d4-4045c5b7bf64 e638742d62844ee4b3b8aa606d60be2e 8fcb20ee125147268bd693152a303f44 - - default default] Deprecated: Default quota for resource: gigabytes_tempest-GroupSnapshotsTest-volume-type-998296971 is set by the default quota flag: quota_gigabytes_tempest-GroupSnapshotsTest-volume-type-998296971, it is now deprecated. Please use the default quota class for default quota.
2026-04-02 22:10:40.756 72 WARNING cinder.quota [None req-8b8fda50-6e28-48aa-81d4-4045c5b7bf64 e638742d62844ee4b3b8aa606d60be2e 8fcb20ee125147268bd693152a303f44 - - default default] Deprecated: Default quota for resource: snapshots_tempest-GroupSnapshotsTest-volume-type-998296971 is set by the default quota flag: quota_snapshots_tempest-GroupSnapshotsTest-volume-type-998296971, it is now deprecated. Please use the default quota class for default quota.
2026-04-02 22:10:40.776 72 INFO cinder.api.openstack.wsgi [None req-8b8fda50-6e28-48aa-81d4-4045c5b7bf64 e638742d62844ee4b3b8aa606d60be2e 8fcb20ee125147268bd693152a303f44 - - default default] http://[LB_IP_ADDRESS]:8776/v3/8fcb20ee125147268bd693152a303f44/os-quota-sets/88ded9bb5a9b4bc1b931b578f2f59ad9 returned with HTTP 200
2026-04-02 22:10:40.780 73 WARNING cinder.quota [None req-a1b08084-45f0-493e-9326-461cba3a287d 10a55cb3e401482ab16c37fae1b17032 efb42e8eeb154bbc9cc97648adf51f56 - - default default] Deprecated: Default quota for resource: volumes_tempest-GroupSnapshotsTest-volume-type-998296971 is set by the default quota flag: quota_volumes_tempest-GroupSnapshotsTest-volume-type-998296971, it is now deprecated. Please use the default quota class for default quota.
2026-04-02 22:10:40.780 73 WARNING cinder.quota [None req-a1b08084-45f0-493e-9326-461cba3a287d 10a55cb3e401482ab16c37fae1b17032 efb42e8eeb154bbc9cc97648adf51f56 - - default default] Deprecated: Default quota for resource: gigabytes_tempest-GroupSnapshotsTest-volume-type-998296971 is set by the default quota flag: quota_gigabytes_tempest-GroupSnapshotsTest-volume-type-998296971, it is now deprecated. Please use the default quota class for default quota.
2026-04-02 22:10:40.797 75 INFO cinder.api.openstack.wsgi [None req-5153cfe4-2a43-4874-91b8-e90d0baa3caf e638742d62844ee4b3b8aa606d60be2e 8fcb20ee125147268bd693152a303f44 - - default default] PUT http://[LB_IP_ADDRESS]:8776/v3/8fcb20ee125147268bd693152a303f44/os-quota-sets/88ded9bb5a9b4bc1b931b578f2f59ad9
2026-04-02 22:10:40.870 73 INFO cinder.volume.api [None req-a1b08084-45f0-493e-9326-461cba3a287d 10a55cb3e401482ab16c37fae1b17032 efb42e8eeb154bbc9cc97648adf51f56 - - default default] Create volume request issued successfully.
2026-04-02 22:10:40.883 73 INFO cinder.api.openstack.wsgi [None req-a1b08084-45f0-493e-9326-461cba3a287d 10a55cb3e401482ab16c37fae1b17032 efb42e8eeb154bbc9cc97648adf51f56 - - default default] http://[LB_IP_ADDRESS]:8776/v3/efb42e8eeb154bbc9cc97648adf51f56/volumes returned with HTTP 202
2026-04-02 22:10:40.902 76 INFO cinder.api.openstack.wsgi [None req-1a7a5e7f-0ff5-4769-afec-c9eacafb9579 10a55cb3e401482ab16c37fae1b17032 efb42e8eeb154bbc9cc97648adf51f56 - - default default] GET http://[LB_IP_ADDRESS]:8776/v3/efb42e8eeb154bbc9cc97648adf51f56/volumes/25bc8df6-0f07-40b4-8a33-7886cec3b15c
2026-04-02 22:10:40.917 76 INFO cinder.volume.api [None req-1a7a5e7f-0ff5-4769-afec-c9eacafb9579 10a55cb3e401482ab16c37fae1b17032 efb42e8eeb154bbc9cc97648adf51f56 - - default default] Volume info retrieved successfully.
2026-04-02 22:10:40.942 76 INFO cinder.api.openstack.wsgi [None req-1a7a5e7f-0ff5-4769-afec-c9eacafb9579 10a55cb3e401482ab16c37fae1b17032 efb42e8eeb154bbc9cc97648adf51f56 - - default default] http://[LB_IP_ADDRESS]:8776/v3/efb42e8eeb154bbc9cc97648adf51f56/volumes/25bc8df6-0f07-40b4-8a33-7886cec3b15c returned with HTTP 200
2026-04-02 22:10:40.946 75 WARNING cinder.quota [None req-5153cfe4-2a43-4874-91b8-e90d0baa3caf e638742d62844ee4b3b8aa606d60be2e 8fcb20ee125147268bd693152a303f44 - - default default] Deprecated: Default quota for resource: volumes_tempest-GroupSnapshotsTest-volume-type-998296971 is set by the default quota flag: quota_volumes_tempest-GroupSnapshotsTest-volume-type-998296971, it is now deprecated. Please use the default quota class for default quota.
2026-04-02 22:10:40.946 75 WARNING cinder.quota [None req-5153cfe4-2a43-4874-91b8-e90d0baa3caf e638742d62844ee4b3b8aa606d60be2e 8fcb20ee125147268bd693152a303f44 - - default default] Deprecated: Default quota for resource: gigabytes_tempest-GroupSnapshotsTest-volume-type-998296971 is set by the default quota flag: quota_gigabytes_tempest-GroupSnapshotsTest-volume-type-998296971, it is now deprecated. Please use the default quota class for default quota.
2026-04-02 22:10:40.947 75 WARNING cinder.quota [None req-5153cfe4-2a43-4874-91b8-e90d0baa3caf e638742d62844ee4b3b8aa606d60be2e 8fcb20ee125147268bd693152a303f44 - - default default] Deprecated: Default quota for resource: snapshots_tempest-GroupSnapshotsTest-volume-type-998296971 is set by the default quota flag: quota_snapshots_tempest-GroupSnapshotsTest-volume-type-998296971, it is now deprecated. Please use the default quota class for default quota.
2026-04-02 22:10:40.966 75 INFO cinder.api.openstack.wsgi [None req-5153cfe4-2a43-4874-91b8-e90d0baa3caf e638742d62844ee4b3b8aa606d60be2e 8fcb20ee125147268bd693152a303f44 - - default default] http://[LB_IP_ADDRESS]:8776/v3/8fcb20ee125147268bd693152a303f44/os-quota-sets/88ded9bb5a9b4bc1b931b578f2f59ad9 returned with HTTP 200
2026-04-02 22:10:41.213 74 INFO cinder.api.openstack.wsgi [None req-f0092ad2-a8ca-4382-b44c-d3a06fd212bf 273a0d10d3e34ec0874f52ec79a684d1 04453c616a0e4bf0817adcd7aa1d9008 - - default default] GET http://[LB_IP_ADDRESS]:8776/v3/04453c616a0e4bf0817adcd7aa1d9008/os-quota-class-sets/default
2026-04-02 22:10:41.292 74 INFO cinder.api.openstack.wsgi [None req-f0092ad2-a8ca-4382-b44c-d3a06fd212bf 273a0d10d3e34ec0874f52ec79a684d1 04453c616a0e4bf0817adcd7aa1d9008 - - default default] http://[LB_IP_ADDRESS]:8776/v3/04453c616a0e4bf0817adcd7aa1d9008/os-quota-class-sets/default returned with HTTP 200
2026-04-02 22:10:41.312 72 INFO cinder.api.openstack.wsgi [None req-0e96ed8e-a99d-4653-bbda-1d5249cecc6a 273a0d10d3e34ec0874f52ec79a684d1 04453c616a0e4bf0817adcd7aa1d9008 - - default default] GET http://[LB_IP_ADDRESS]:8776/v3/04453c616a0e4bf0817adcd7aa1d9008/os-quota-class-sets/default
2026-04-02 22:10:41.389 72 INFO cinder.api.openstack.wsgi [None req-0e96ed8e-a99d-4653-bbda-1d5249cecc6a 273a0d10d3e34ec0874f52ec79a684d1 04453c616a0e4bf0817adcd7aa1d9008 - - default default] http://[LB_IP_ADDRESS]:8776/v3/04453c616a0e4bf0817adcd7aa1d9008/os-quota-class-sets/default returned with HTTP 200
2026-04-02 22:10:41.402 73 INFO cinder.api.openstack.wsgi [None req-b4aa7af4-0209-4b62-972a-1e65fc7bf7ef 273a0d10d3e34ec0874f52ec79a684d1 04453c616a0e4bf0817adcd7aa1d9008 - - default default] POST http://[LB_IP_ADDRESS]:8776/v3/04453c616a0e4bf0817adcd7aa1d9008/types
2026-04-02 22:10:41.424 73 INFO cinder.api.openstack.wsgi [None req-b4aa7af4-0209-4b62-972a-1e65fc7bf7ef 273a0d10d3e34ec0874f52ec79a684d1 04453c616a0e4bf0817adcd7aa1d9008 - - default default] http://[LB_IP_ADDRESS]:8776/v3/04453c616a0e4bf0817adcd7aa1d9008/types returned with HTTP 200
2026-04-02 22:10:41.441 76 INFO cinder.api.openstack.wsgi [None req-b83ab468-ccf5-42cc-b730-28301ccf334a 273a0d10d3e34ec0874f52ec79a684d1 04453c616a0e4bf0817adcd7aa1d9008 - - default default] PUT http://[LB_IP_ADDRESS]:8776/v3/04453c616a0e4bf0817adcd7aa1d9008/os-quota-class-sets/default
2026-04-02 22:10:41.630 76 INFO cinder.api.openstack.wsgi [None req-b83ab468-ccf5-42cc-b730-28301ccf334a 273a0d10d3e34ec0874f52ec79a684d1 04453c616a0e4bf0817adcd7aa1d9008 - - default default] http://[LB_IP_ADDRESS]:8776/v3/04453c616a0e4bf0817adcd7aa1d9008/os-quota-class-sets/default returned with HTTP 200
