2023-07-18 03:37:51.831 20 INFO cinder.api.v2.snapshots [None req-5fa1a06e-b5d2-40e5-bbc0-12f03f557699 7322dffe1d434916a7d4bf4026085e48 e7bbbaec2d7b4c768de9ffca32ad2aae - - default default] Delete snapshot with id: 1896ea69-58ee-4817-b03e-5868876aae68
2023-07-18 03:37:51.839 20 INFO cinder.api.openstack.wsgi [None req-5fa1a06e-b5d2-40e5-bbc0-12f03f557699 7322dffe1d434916a7d4bf4026085e48 e7bbbaec2d7b4c768de9ffca32ad2aae - - default default] http://[LB_IP_ADDRESS]:8776/v3/e7bbbaec2d7b4c768de9ffca32ad2aae/snapshots/1896ea69-58ee-4817-b03e-5868876aae68 returned with HTTP 404
2023-07-18 03:37:51.849 18 INFO cinder.api.openstack.wsgi [None req-5fd8e071-2a69-4a10-a2fc-42bec394466f 7322dffe1d434916a7d4bf4026085e48 e7bbbaec2d7b4c768de9ffca32ad2aae - - default default] DELETE http://[LB_IP_ADDRESS]:8776/v3/e7bbbaec2d7b4c768de9ffca32ad2aae/snapshots/f3788a64-8248-4b5a-9d20-d20847250eae
2023-07-18 03:37:51.849 18 INFO cinder.api.v2.snapshots [None req-5fd8e071-2a69-4a10-a2fc-42bec394466f 7322dffe1d434916a7d4bf4026085e48 e7bbbaec2d7b4c768de9ffca32ad2aae - - default default] Delete snapshot with id: f3788a64-8248-4b5a-9d20-d20847250eae
2023-07-18 03:37:51.857 18 INFO cinder.api.openstack.wsgi [None req-5fd8e071-2a69-4a10-a2fc-42bec394466f 7322dffe1d434916a7d4bf4026085e48 e7bbbaec2d7b4c768de9ffca32ad2aae - - default default] http://[LB_IP_ADDRESS]:8776/v3/e7bbbaec2d7b4c768de9ffca32ad2aae/snapshots/f3788a64-8248-4b5a-9d20-d20847250eae returned with HTTP 404
2023-07-18 03:37:51.866 21 INFO cinder.api.openstack.wsgi [None req-d423e8ba-860d-4f49-92f6-52b6d0baff64 7322dffe1d434916a7d4bf4026085e48 e7bbbaec2d7b4c768de9ffca32ad2aae - - default default] DELETE http://[LB_IP_ADDRESS]:8776/v3/e7bbbaec2d7b4c768de9ffca32ad2aae/snapshots/09348833-23e0-449e-8058-0c80c44b270c
2023-07-18 03:37:51.867 21 INFO cinder.api.v2.snapshots [None req-d423e8ba-860d-4f49-92f6-52b6d0baff64 7322dffe1d434916a7d4bf4026085e48 e7bbbaec2d7b4c768de9ffca32ad2aae - - default default] Delete snapshot with id: 09348833-23e0-449e-8058-0c80c44b270c
2023-07-18 03:37:51.877 21 INFO cinder.volume.api [None req-d423e8ba-860d-4f49-92f6-52b6d0baff64 7322dffe1d434916a7d4bf4026085e48 e7bbbaec2d7b4c768de9ffca32ad2aae - - default default] Snapshot retrieved successfully.
2023-07-18 03:37:51.903 21 INFO cinder.volume.api [None req-d423e8ba-860d-4f49-92f6-52b6d0baff64 7322dffe1d434916a7d4bf4026085e48 e7bbbaec2d7b4c768de9ffca32ad2aae - - default default] Snapshot delete request issued successfully.
2023-07-18 03:37:51.904 21 INFO cinder.api.openstack.wsgi [None req-d423e8ba-860d-4f49-92f6-52b6d0baff64 7322dffe1d434916a7d4bf4026085e48 e7bbbaec2d7b4c768de9ffca32ad2aae - - default default] http://[LB_IP_ADDRESS]:8776/v3/e7bbbaec2d7b4c768de9ffca32ad2aae/snapshots/09348833-23e0-449e-8058-0c80c44b270c returned with HTTP 202
2023-07-18 03:37:51.913 22 INFO cinder.api.openstack.wsgi [None req-a555531c-623e-475c-832f-f31170cfe22e 7322dffe1d434916a7d4bf4026085e48 e7bbbaec2d7b4c768de9ffca32ad2aae - - default default] GET http://[LB_IP_ADDRESS]:8776/v3/e7bbbaec2d7b4c768de9ffca32ad2aae/snapshots/09348833-23e0-449e-8058-0c80c44b270c
2023-07-18 03:37:51.923 22 INFO cinder.volume.api [None req-a555531c-623e-475c-832f-f31170cfe22e 7322dffe1d434916a7d4bf4026085e48 e7bbbaec2d7b4c768de9ffca32ad2aae - - default default] Snapshot retrieved successfully.
2023-07-18 03:37:51.924 22 INFO cinder.api.openstack.wsgi [None req-a555531c-623e-475c-832f-f31170cfe22e 7322dffe1d434916a7d4bf4026085e48 e7bbbaec2d7b4c768de9ffca32ad2aae - - default default] http://[LB_IP_ADDRESS]:8776/v3/e7bbbaec2d7b4c768de9ffca32ad2aae/snapshots/09348833-23e0-449e-8058-0c80c44b270c returned with HTTP 200
2023-07-18 03:37:52.621 19 INFO cinder.api.openstack.wsgi [None req-2474883d-8d35-43e5-b49c-b70f16c706ee 04d3fb13359f4b94a549d0fe623dc328 a4dcdae24c2c4a62b51ad3824dbd5720 - - default default] GET http://[LB_IP_ADDRESS]:8776/v3/a4dcdae24c2c4a62b51ad3824dbd5720/volumes/2a62a4e7-df1d-4943-8dd4-c0c0fcfa77d2
2023-07-18 03:37:52.633 19 INFO cinder.api.openstack.wsgi [None req-2474883d-8d35-43e5-b49c-b70f16c706ee 04d3fb13359f4b94a549d0fe623dc328 a4dcdae24c2c4a62b51ad3824dbd5720 - - default default] http://[LB_IP_ADDRESS]:8776/v3/a4dcdae24c2c4a62b51ad3824dbd5720/volumes/2a62a4e7-df1d-4943-8dd4-c0c0fcfa77d2 returned with HTTP 404
2023-07-18 03:37:52.642 20 INFO cinder.api.openstack.wsgi [None req-712ee463-9a3e-40d2-a5d1-e4829bee7a30 04d3fb13359f4b94a549d0fe623dc328 a4dcdae24c2c4a62b51ad3824dbd5720 - - default default] GET http://[LB_IP_ADDRESS]:8776/v3/a4dcdae24c2c4a62b51ad3824dbd5720/volumes/f686e044-cae1-4b7b-8002-5294a3580042
2023-07-18 03:37:52.654 20 INFO cinder.api.openstack.wsgi [None req-712ee463-9a3e-40d2-a5d1-e4829bee7a30 04d3fb13359f4b94a549d0fe623dc328 a4dcdae24c2c4a62b51ad3824dbd5720 - - default default] http://[LB_IP_ADDRESS]:8776/v3/a4dcdae24c2c4a62b51ad3824dbd5720/volumes/f686e044-cae1-4b7b-8002-5294a3580042 returned with HTTP 404
2023-07-18 03:37:52.664 18 INFO cinder.api.openstack.wsgi [None req-08bd65c0-5c50-4045-8f42-be7642c00c4d 04d3fb13359f4b94a549d0fe623dc328 a4dcdae24c2c4a62b51ad3824dbd5720 - - default default] GET http://[LB_IP_ADDRESS]:8776/v3/a4dcdae24c2c4a62b51ad3824dbd5720/groups/f5dff895-7348-4de3-aeca-925883f84e92
2023-07-18 03:37:52.671 18 INFO cinder.api.openstack.wsgi [None req-08bd65c0-5c50-4045-8f42-be7642c00c4d 04d3fb13359f4b94a549d0fe623dc328 a4dcdae24c2c4a62b51ad3824dbd5720 - - default default] http://[LB_IP_ADDRESS]:8776/v3/a4dcdae24c2c4a62b51ad3824dbd5720/groups/f5dff895-7348-4de3-aeca-925883f84e92 returned with HTTP 404
2023-07-18 03:37:52.682 21 INFO cinder.api.openstack.wsgi [None req-e5a57b74-2105-41c8-9857-b67cec569e40 1ce7837f27764a6fa74e8e94ad839e5c 07785974af7e40b2b919d526e2d165e9 - - default default] DELETE http://[LB_IP_ADDRESS]:8776/v3/07785974af7e40b2b919d526e2d165e9/group_types/b923e36d-9c4f-4aab-827b-46276cd143e5
2023-07-18 03:37:52.698 21 INFO cinder.api.openstack.wsgi [None req-e5a57b74-2105-41c8-9857-b67cec569e40 1ce7837f27764a6fa74e8e94ad839e5c 07785974af7e40b2b919d526e2d165e9 - - default default] http://[LB_IP_ADDRESS]:8776/v3/07785974af7e40b2b919d526e2d165e9/group_types/b923e36d-9c4f-4aab-827b-46276cd143e5 returned with HTTP 202
2023-07-18 03:37:52.713 22 INFO cinder.api.openstack.wsgi [None req-309f6fd1-e617-450c-ab95-b96788533c27 1ce7837f27764a6fa74e8e94ad839e5c 07785974af7e40b2b919d526e2d165e9 - - default default] POST http://[LB_IP_ADDRESS]:8776/v3/07785974af7e40b2b919d526e2d165e9/types
2023-07-18 03:37:52.737 22 INFO cinder.api.openstack.wsgi [None req-309f6fd1-e617-450c-ab95-b96788533c27 1ce7837f27764a6fa74e8e94ad839e5c 07785974af7e40b2b919d526e2d165e9 - - default default] http://[LB_IP_ADDRESS]:8776/v3/07785974af7e40b2b919d526e2d165e9/types returned with HTTP 200
2023-07-18 03:37:52.749 19 INFO cinder.api.openstack.wsgi [None req-4b2d7101-eb81-4c87-bac4-9e179c737aec 1ce7837f27764a6fa74e8e94ad839e5c 07785974af7e40b2b919d526e2d165e9 - - default default] POST http://[LB_IP_ADDRESS]:8776/v3/07785974af7e40b2b919d526e2d165e9/group_types
2023-07-18 03:37:52.770 19 INFO cinder.api.openstack.wsgi [None req-4b2d7101-eb81-4c87-bac4-9e179c737aec 1ce7837f27764a6fa74e8e94ad839e5c 07785974af7e40b2b919d526e2d165e9 - - default default] http://[LB_IP_ADDRESS]:8776/v3/07785974af7e40b2b919d526e2d165e9/group_types returned with HTTP 202
2023-07-18 03:37:52.782 20 INFO cinder.api.openstack.wsgi [None req-56f69da8-af2a-49d7-baeb-11636437d388 04d3fb13359f4b94a549d0fe623dc328 a4dcdae24c2c4a62b51ad3824dbd5720 - - default default] POST http://[LB_IP_ADDRESS]:8776/v3/a4dcdae24c2c4a62b51ad3824dbd5720/groups
2023-07-18 03:37:52.791 20 INFO cinder.api.v3.groups [None req-56f69da8-af2a-49d7-baeb-11636437d388 04d3fb13359f4b94a549d0fe623dc328 a4dcdae24c2c4a62b51ad3824dbd5720 - - default default] Creating group tempest-GroupSnapshotsTest-Group-1165642487.
2023-07-18 03:37:52.801 20 INFO cinder.volume.api [None req-56f69da8-af2a-49d7-baeb-11636437d388 04d3fb13359f4b94a549d0fe623dc328 a4dcdae24c2c4a62b51ad3824dbd5720 - - default default] Availability Zones retrieved successfully.
2023-07-18 03:37:52.902 20 INFO cinder.api.openstack.wsgi [None req-56f69da8-af2a-49d7-baeb-11636437d388 04d3fb13359f4b94a549d0fe623dc328 a4dcdae24c2c4a62b51ad3824dbd5720 - - default default] http://[LB_IP_ADDRESS]:8776/v3/a4dcdae24c2c4a62b51ad3824dbd5720/groups returned with HTTP 202
2023-07-18 03:37:52.914 18 INFO cinder.api.openstack.wsgi [None req-cb26870b-3e0b-4f62-91a7-b65eb41c15e6 04d3fb13359f4b94a549d0fe623dc328 a4dcdae24c2c4a62b51ad3824dbd5720 - - default default] GET http://[LB_IP_ADDRESS]:8776/v3/a4dcdae24c2c4a62b51ad3824dbd5720/groups/c1f71d00-877f-49cf-8895-9f26f94524a3
2023-07-18 03:37:52.933 18 INFO cinder.api.openstack.wsgi [None req-cb26870b-3e0b-4f62-91a7-b65eb41c15e6 04d3fb13359f4b94a549d0fe623dc328 a4dcdae24c2c4a62b51ad3824dbd5720 - - default default] http://[LB_IP_ADDRESS]:8776/v3/a4dcdae24c2c4a62b51ad3824dbd5720/groups/c1f71d00-877f-49cf-8895-9f26f94524a3 returned with HTTP 200
2023-07-18 03:37:52.939 21 INFO cinder.api.openstack.wsgi [None req-f1966ef1-6784-4c5b-943c-7d63773cfcf1 7322dffe1d434916a7d4bf4026085e48 e7bbbaec2d7b4c768de9ffca32ad2aae - - default default] GET http://[LB_IP_ADDRESS]:8776/v3/e7bbbaec2d7b4c768de9ffca32ad2aae/snapshots/09348833-23e0-449e-8058-0c80c44b270c
2023-07-18 03:37:52.947 21 INFO cinder.api.openstack.wsgi [None req-f1966ef1-6784-4c5b-943c-7d63773cfcf1 7322dffe1d434916a7d4bf4026085e48 e7bbbaec2d7b4c768de9ffca32ad2aae - - default default] http://[LB_IP_ADDRESS]:8776/v3/e7bbbaec2d7b4c768de9ffca32ad2aae/snapshots/09348833-23e0-449e-8058-0c80c44b270c returned with HTTP 404
2023-07-18 03:37:52.957 22 INFO cinder.api.openstack.wsgi [None req-192c3c27-302b-4714-99a8-b51471bb9e44 7322dffe1d434916a7d4bf4026085e48 e7bbbaec2d7b4c768de9ffca32ad2aae - - default default] DELETE http://[LB_IP_ADDRESS]:8776/v3/e7bbbaec2d7b4c768de9ffca32ad2aae/volumes/499afdfb-690c-4f56-81c9-791c63564fbb
2023-07-18 03:37:52.957 22 INFO cinder.api.v3.volumes [None req-192c3c27-302b-4714-99a8-b51471bb9e44 7322dffe1d434916a7d4bf4026085e48 e7bbbaec2d7b4c768de9ffca32ad2aae - - default default] Delete volume with id: 499afdfb-690c-4f56-81c9-791c63564fbb 
2023-07-18 03:37:52.971 22 INFO cinder.volume.api [None req-192c3c27-302b-4714-99a8-b51471bb9e44 7322dffe1d434916a7d4bf4026085e48 e7bbbaec2d7b4c768de9ffca32ad2aae - - default default] Volume info retrieved successfully.
2023-07-18 03:37:52.993 22 INFO cinder.volume.api [None req-192c3c27-302b-4714-99a8-b51471bb9e44 7322dffe1d434916a7d4bf4026085e48 e7bbbaec2d7b4c768de9ffca32ad2aae - - default default] Delete volume request issued successfully.
2023-07-18 03:37:52.993 22 INFO cinder.api.openstack.wsgi [None req-192c3c27-302b-4714-99a8-b51471bb9e44 7322dffe1d434916a7d4bf4026085e48 e7bbbaec2d7b4c768de9ffca32ad2aae - - default default] http://[LB_IP_ADDRESS]:8776/v3/e7bbbaec2d7b4c768de9ffca32ad2aae/volumes/499afdfb-690c-4f56-81c9-791c63564fbb returned with HTTP 202
2023-07-18 03:37:53.003 19 INFO cinder.api.openstack.wsgi [None req-6e5d16a2-9468-4309-bf07-aa6f00665e58 7322dffe1d434916a7d4bf4026085e48 e7bbbaec2d7b4c768de9ffca32ad2aae - - default default] GET http://[LB_IP_ADDRESS]:8776/v3/e7bbbaec2d7b4c768de9ffca32ad2aae/volumes/499afdfb-690c-4f56-81c9-791c63564fbb
2023-07-18 03:37:53.022 19 INFO cinder.volume.api [None req-6e5d16a2-9468-4309-bf07-aa6f00665e58 7322dffe1d434916a7d4bf4026085e48 e7bbbaec2d7b4c768de9ffca32ad2aae - - default default] Volume info retrieved successfully.
2023-07-18 03:37:53.030 19 INFO cinder.api.openstack.wsgi [None req-6e5d16a2-9468-4309-bf07-aa6f00665e58 7322dffe1d434916a7d4bf4026085e48 e7bbbaec2d7b4c768de9ffca32ad2aae - - default default] http://[LB_IP_ADDRESS]:8776/v3/e7bbbaec2d7b4c768de9ffca32ad2aae/volumes/499afdfb-690c-4f56-81c9-791c63564fbb returned with HTTP 200
2023-07-18 03:37:53.947 20 INFO cinder.api.openstack.wsgi [None req-68c8696b-ee51-4859-ac0f-a82b0e45f041 04d3fb13359f4b94a549d0fe623dc328 a4dcdae24c2c4a62b51ad3824dbd5720 - - default default] GET http://[LB_IP_ADDRESS]:8776/v3/a4dcdae24c2c4a62b51ad3824dbd5720/groups/c1f71d00-877f-49cf-8895-9f26f94524a3
2023-07-18 03:37:53.966 20 INFO cinder.api.openstack.wsgi [None req-68c8696b-ee51-4859-ac0f-a82b0e45f041 04d3fb13359f4b94a549d0fe623dc328 a4dcdae24c2c4a62b51ad3824dbd5720 - - default default] http://[LB_IP_ADDRESS]:8776/v3/a4dcdae24c2c4a62b51ad3824dbd5720/groups/c1f71d00-877f-49cf-8895-9f26f94524a3 returned with HTTP 200
2023-07-18 03:37:53.979 18 INFO cinder.api.openstack.wsgi [None req-09134cf2-76b7-45df-b13d-51524c0ea329 04d3fb13359f4b94a549d0fe623dc328 a4dcdae24c2c4a62b51ad3824dbd5720 - - default default] POST http://[LB_IP_ADDRESS]:8776/v3/a4dcdae24c2c4a62b51ad3824dbd5720/volumes
2023-07-18 03:37:53.992 18 INFO cinder.api.v3.volumes [None req-09134cf2-76b7-45df-b13d-51524c0ea329 04d3fb13359f4b94a549d0fe623dc328 a4dcdae24c2c4a62b51ad3824dbd5720 - - default default] Create volume of 1 GB
2023-07-18 03:37:54.001 18 INFO cinder.volume.api [None req-09134cf2-76b7-45df-b13d-51524c0ea329 04d3fb13359f4b94a549d0fe623dc328 a4dcdae24c2c4a62b51ad3824dbd5720 - - default default] Availability Zones retrieved successfully.
2023-07-18 03:37:54.049 21 INFO cinder.api.openstack.wsgi [None req-63421b47-bdf8-4c45-b68f-3f042e30d09f 7322dffe1d434916a7d4bf4026085e48 e7bbbaec2d7b4c768de9ffca32ad2aae - - default default] GET http://[LB_IP_ADDRESS]:8776/v3/e7bbbaec2d7b4c768de9ffca32ad2aae/volumes/499afdfb-690c-4f56-81c9-791c63564fbb
2023-07-18 03:37:54.060 21 INFO cinder.api.openstack.wsgi [None req-63421b47-bdf8-4c45-b68f-3f042e30d09f 7322dffe1d434916a7d4bf4026085e48 e7bbbaec2d7b4c768de9ffca32ad2aae - - default default] http://[LB_IP_ADDRESS]:8776/v3/e7bbbaec2d7b4c768de9ffca32ad2aae/volumes/499afdfb-690c-4f56-81c9-791c63564fbb returned with HTTP 404
2023-07-18 03:37:54.183 18 WARNING cinder.quota [None req-09134cf2-76b7-45df-b13d-51524c0ea329 04d3fb13359f4b94a549d0fe623dc328 a4dcdae24c2c4a62b51ad3824dbd5720 - - default default] Deprecated: Default quota for resource: volumes_tempest-GroupSnapshotsTest-volume-type-2018190169 is set by the default quota flag: quota_volumes_tempest-GroupSnapshotsTest-volume-type-2018190169, it is now deprecated. Please use the default quota class for default quota.
2023-07-18 03:37:54.184 18 WARNING cinder.quota [None req-09134cf2-76b7-45df-b13d-51524c0ea329 04d3fb13359f4b94a549d0fe623dc328 a4dcdae24c2c4a62b51ad3824dbd5720 - - default default] Deprecated: Default quota for resource: gigabytes_tempest-GroupSnapshotsTest-volume-type-2018190169 is set by the default quota flag: quota_gigabytes_tempest-GroupSnapshotsTest-volume-type-2018190169, it is now deprecated. Please use the default quota class for default quota.
2023-07-18 03:37:54.293 18 INFO cinder.volume.api [None req-09134cf2-76b7-45df-b13d-51524c0ea329 04d3fb13359f4b94a549d0fe623dc328 a4dcdae24c2c4a62b51ad3824dbd5720 - - default default] Create volume request issued successfully.
2023-07-18 03:37:54.315 18 INFO cinder.api.openstack.wsgi [None req-09134cf2-76b7-45df-b13d-51524c0ea329 04d3fb13359f4b94a549d0fe623dc328 a4dcdae24c2c4a62b51ad3824dbd5720 - - default default] http://[LB_IP_ADDRESS]:8776/v3/a4dcdae24c2c4a62b51ad3824dbd5720/volumes returned with HTTP 202
2023-07-18 03:37:54.334 22 INFO cinder.api.openstack.wsgi [None req-30ff994f-ee54-43b5-99e4-1aa082e99cc9 04d3fb13359f4b94a549d0fe623dc328 a4dcdae24c2c4a62b51ad3824dbd5720 - - default default] GET http://[LB_IP_ADDRESS]:8776/v3/a4dcdae24c2c4a62b51ad3824dbd5720/volumes/3bd06994-1b94-47dc-ab20-6a57accde2c8
2023-07-18 03:37:54.353 22 INFO cinder.volume.api [None req-30ff994f-ee54-43b5-99e4-1aa082e99cc9 04d3fb13359f4b94a549d0fe623dc328 a4dcdae24c2c4a62b51ad3824dbd5720 - - default default] Volume info retrieved successfully.
2023-07-18 03:37:54.375 22 INFO cinder.api.openstack.wsgi [None req-30ff994f-ee54-43b5-99e4-1aa082e99cc9 04d3fb13359f4b94a549d0fe623dc328 a4dcdae24c2c4a62b51ad3824dbd5720 - - default default] http://[LB_IP_ADDRESS]:8776/v3/a4dcdae24c2c4a62b51ad3824dbd5720/volumes/3bd06994-1b94-47dc-ab20-6a57accde2c8 returned with HTTP 200
2023-07-18 03:37:54.633 19 INFO cinder.api.openstack.wsgi [None req-a24909fc-3c77-4f5a-b3bc-fbfe558d11b9 - - - - - -] GET http://[LB_IP_ADDRESS]:8776/
2023-07-18 03:37:54.634 19 INFO cinder.api.openstack.wsgi [None req-a24909fc-3c77-4f5a-b3bc-fbfe558d11b9 - - - - - -] http://[LB_IP_ADDRESS]:8776/ returned with HTTP 300
2023-07-18 03:37:55.395 20 INFO cinder.api.openstack.wsgi [None req-65f45a6d-0139-4301-aa29-b1425bf23c7b 04d3fb13359f4b94a549d0fe623dc328 a4dcdae24c2c4a62b51ad3824dbd5720 - - default default] GET http://[LB_IP_ADDRESS]:8776/v3/a4dcdae24c2c4a62b51ad3824dbd5720/volumes/3bd06994-1b94-47dc-ab20-6a57accde2c8
2023-07-18 03:37:55.415 20 INFO cinder.volume.api [None req-65f45a6d-0139-4301-aa29-b1425bf23c7b 04d3fb13359f4b94a549d0fe623dc328 a4dcdae24c2c4a62b51ad3824dbd5720 - - default default] Volume info retrieved successfully.
2023-07-18 03:37:55.439 20 INFO cinder.api.openstack.wsgi [None req-65f45a6d-0139-4301-aa29-b1425bf23c7b 04d3fb13359f4b94a549d0fe623dc328 a4dcdae24c2c4a62b51ad3824dbd5720 - - default default] http://[LB_IP_ADDRESS]:8776/v3/a4dcdae24c2c4a62b51ad3824dbd5720/volumes/3bd06994-1b94-47dc-ab20-6a57accde2c8 returned with HTTP 200
2023-07-18 03:37:56.461 18 INFO cinder.api.openstack.wsgi [None req-ee4a2bc7-ae86-4a1b-86fa-9008990da591 04d3fb13359f4b94a549d0fe623dc328 a4dcdae24c2c4a62b51ad3824dbd5720 - - default default] GET http://[LB_IP_ADDRESS]:8776/v3/a4dcdae24c2c4a62b51ad3824dbd5720/volumes/3bd06994-1b94-47dc-ab20-6a57accde2c8
2023-07-18 03:37:56.483 18 INFO cinder.volume.api [None req-ee4a2bc7-ae86-4a1b-86fa-9008990da591 04d3fb13359f4b94a549d0fe623dc328 a4dcdae24c2c4a62b51ad3824dbd5720 - - default default] Volume info retrieved successfully.
2023-07-18 03:37:56.498 21 INFO cinder.api.openstack.wsgi [None req-a03c9472-a65a-43f7-a340-da09e973f703 daba01f95c56474ea0be8b286075f1c8 3a07a74a7e9a40609cd145e4a304401a - - default default] POST http://[LB_IP_ADDRESS]:8776/v3/3a07a74a7e9a40609cd145e4a304401a/types
2023-07-18 03:37:56.507 18 INFO cinder.api.openstack.wsgi [None req-ee4a2bc7-ae86-4a1b-86fa-9008990da591 04d3fb13359f4b94a549d0fe623dc328 a4dcdae24c2c4a62b51ad3824dbd5720 - - default default] http://[LB_IP_ADDRESS]:8776/v3/a4dcdae24c2c4a62b51ad3824dbd5720/volumes/3bd06994-1b94-47dc-ab20-6a57accde2c8 returned with HTTP 200
2023-07-18 03:37:56.527 22 INFO cinder.api.openstack.wsgi [None req-f49ca75a-489c-4267-a344-9ab2c05ab108 04d3fb13359f4b94a549d0fe623dc328 a4dcdae24c2c4a62b51ad3824dbd5720 - - default default] POST http://[LB_IP_ADDRESS]:8776/v3/a4dcdae24c2c4a62b51ad3824dbd5720/group_snapshots
2023-07-18 03:37:56.528 21 INFO cinder.api.openstack.wsgi [None req-a03c9472-a65a-43f7-a340-da09e973f703 daba01f95c56474ea0be8b286075f1c8 3a07a74a7e9a40609cd145e4a304401a - - default default] http://[LB_IP_ADDRESS]:8776/v3/3a07a74a7e9a40609cd145e4a304401a/types returned with HTTP 200
2023-07-18 03:37:56.542 22 INFO cinder.api.v3.group_snapshots [None req-f49ca75a-489c-4267-a344-9ab2c05ab108 04d3fb13359f4b94a549d0fe623dc328 a4dcdae24c2c4a62b51ad3824dbd5720 - - default default] Creating group_snapshot tempest-group_snapshot-701856932.
2023-07-18 03:37:56.647 22 WARNING cinder.quota [None req-f49ca75a-489c-4267-a344-9ab2c05ab108 04d3fb13359f4b94a549d0fe623dc328 a4dcdae24c2c4a62b51ad3824dbd5720 - - default default] Deprecated: Default quota for resource: gigabytes_tempest-GroupSnapshotsTest-volume-type-2018190169 is set by the default quota flag: quota_gigabytes_tempest-GroupSnapshotsTest-volume-type-2018190169, it is now deprecated. Please use the default quota class for default quota.
2023-07-18 03:37:56.648 22 WARNING cinder.quota [None req-f49ca75a-489c-4267-a344-9ab2c05ab108 04d3fb13359f4b94a549d0fe623dc328 a4dcdae24c2c4a62b51ad3824dbd5720 - - default default] Deprecated: Default quota for resource: snapshots_tempest-GroupSnapshotsTest-volume-type-2018190169 is set by the default quota flag: quota_snapshots_tempest-GroupSnapshotsTest-volume-type-2018190169, it is now deprecated. Please use the default quota class for default quota.
2023-07-18 03:37:56.668 19 INFO cinder.api.openstack.wsgi [None req-618d7efa-80a7-4812-9006-afb80368dcd6 0835e25ddeb94852b14115fed6d68be4 e72eff0e53094d408b79176bab4d32d3 - - default default] POST http://[LB_IP_ADDRESS]:8776/v3/e72eff0e53094d408b79176bab4d32d3/volumes
2023-07-18 03:37:56.678 19 INFO cinder.api.v3.volumes [None req-618d7efa-80a7-4812-9006-afb80368dcd6 0835e25ddeb94852b14115fed6d68be4 e72eff0e53094d408b79176bab4d32d3 - - default default] Create volume of 1 GB
2023-07-18 03:37:56.679 19 INFO cinder.volume.api [None req-618d7efa-80a7-4812-9006-afb80368dcd6 0835e25ddeb94852b14115fed6d68be4 e72eff0e53094d408b79176bab4d32d3 - - default default] Availability Zones retrieved successfully.
2023-07-18 03:37:56.705 22 INFO cinder.api.openstack.wsgi [None req-f49ca75a-489c-4267-a344-9ab2c05ab108 04d3fb13359f4b94a549d0fe623dc328 a4dcdae24c2c4a62b51ad3824dbd5720 - - default default] http://[LB_IP_ADDRESS]:8776/v3/a4dcdae24c2c4a62b51ad3824dbd5720/group_snapshots returned with HTTP 202
2023-07-18 03:37:56.717 20 INFO cinder.api.openstack.wsgi [None req-92cb0f28-6be9-4948-879b-7136cc867416 04d3fb13359f4b94a549d0fe623dc328 a4dcdae24c2c4a62b51ad3824dbd5720 - - default default] GET http://[LB_IP_ADDRESS]:8776/v3/a4dcdae24c2c4a62b51ad3824dbd5720/group_snapshots/a5bc5026-6be3-4cf5-a5d5-2f74b0cff923
2023-07-18 03:37:56.729 20 INFO cinder.api.openstack.wsgi [None req-92cb0f28-6be9-4948-879b-7136cc867416 04d3fb13359f4b94a549d0fe623dc328 a4dcdae24c2c4a62b51ad3824dbd5720 - - default default] http://[LB_IP_ADDRESS]:8776/v3/a4dcdae24c2c4a62b51ad3824dbd5720/group_snapshots/a5bc5026-6be3-4cf5-a5d5-2f74b0cff923 returned with HTTP 200
2023-07-18 03:37:56.862 19 WARNING cinder.quota [None req-618d7efa-80a7-4812-9006-afb80368dcd6 0835e25ddeb94852b14115fed6d68be4 e72eff0e53094d408b79176bab4d32d3 - - default default] Deprecated: Default quota for resource: volumes_tempest-UserMessagesTest-volume-type-2109049834 is set by the default quota flag: quota_volumes_tempest-UserMessagesTest-volume-type-2109049834, it is now deprecated. Please use the default quota class for default quota.
2023-07-18 03:37:56.863 19 WARNING cinder.quota [None req-618d7efa-80a7-4812-9006-afb80368dcd6 0835e25ddeb94852b14115fed6d68be4 e72eff0e53094d408b79176bab4d32d3 - - default default] Deprecated: Default quota for resource: gigabytes_tempest-UserMessagesTest-volume-type-2109049834 is set by the default quota flag: quota_gigabytes_tempest-UserMessagesTest-volume-type-2109049834, it is now deprecated. Please use the default quota class for default quota.
2023-07-18 03:37:56.954 19 INFO cinder.volume.api [None req-618d7efa-80a7-4812-9006-afb80368dcd6 0835e25ddeb94852b14115fed6d68be4 e72eff0e53094d408b79176bab4d32d3 - - default default] Create volume request issued successfully.
2023-07-18 03:37:56.955 19 INFO cinder.api.openstack.wsgi [None req-618d7efa-80a7-4812-9006-afb80368dcd6 0835e25ddeb94852b14115fed6d68be4 e72eff0e53094d408b79176bab4d32d3 - - default default] http://[LB_IP_ADDRESS]:8776/v3/e72eff0e53094d408b79176bab4d32d3/volumes returned with HTTP 202
2023-07-18 03:37:56.973 18 INFO cinder.api.openstack.wsgi [None req-437a86d5-da46-4fa1-9916-a8deaea16fb7 0835e25ddeb94852b14115fed6d68be4 e72eff0e53094d408b79176bab4d32d3 - - default default] GET http://[LB_IP_ADDRESS]:8776/v3/e72eff0e53094d408b79176bab4d32d3/volumes/81b24369-5407-484f-9ca9-7be1ae70f8ea
2023-07-18 03:37:56.992 18 INFO cinder.volume.api [None req-437a86d5-da46-4fa1-9916-a8deaea16fb7 0835e25ddeb94852b14115fed6d68be4 e72eff0e53094d408b79176bab4d32d3 - - default default] Volume info retrieved successfully.
2023-07-18 03:37:56.999 18 INFO cinder.api.openstack.wsgi [None req-437a86d5-da46-4fa1-9916-a8deaea16fb7 0835e25ddeb94852b14115fed6d68be4 e72eff0e53094d408b79176bab4d32d3 - - default default] http://[LB_IP_ADDRESS]:8776/v3/e72eff0e53094d408b79176bab4d32d3/volumes/81b24369-5407-484f-9ca9-7be1ae70f8ea returned with HTTP 200
2023-07-18 03:37:57.743 21 INFO cinder.api.openstack.wsgi [None req-8069c552-0206-460c-add9-b37821759d24 04d3fb13359f4b94a549d0fe623dc328 a4dcdae24c2c4a62b51ad3824dbd5720 - - default default] GET http://[LB_IP_ADDRESS]:8776/v3/a4dcdae24c2c4a62b51ad3824dbd5720/group_snapshots/a5bc5026-6be3-4cf5-a5d5-2f74b0cff923
2023-07-18 03:37:57.755 21 INFO cinder.api.openstack.wsgi [None req-8069c552-0206-460c-add9-b37821759d24 04d3fb13359f4b94a549d0fe623dc328 a4dcdae24c2c4a62b51ad3824dbd5720 - - default default] http://[LB_IP_ADDRESS]:8776/v3/a4dcdae24c2c4a62b51ad3824dbd5720/group_snapshots/a5bc5026-6be3-4cf5-a5d5-2f74b0cff923 returned with HTTP 200
2023-07-18 03:37:58.018 22 INFO cinder.api.openstack.wsgi [None req-3b9990d8-214f-4bb8-aaef-2d2500fef0e7 0835e25ddeb94852b14115fed6d68be4 e72eff0e53094d408b79176bab4d32d3 - - default default] GET http://[LB_IP_ADDRESS]:8776/v3/e72eff0e53094d408b79176bab4d32d3/volumes/81b24369-5407-484f-9ca9-7be1ae70f8ea
2023-07-18 03:37:58.037 22 INFO cinder.volume.api [None req-3b9990d8-214f-4bb8-aaef-2d2500fef0e7 0835e25ddeb94852b14115fed6d68be4 e72eff0e53094d408b79176bab4d32d3 - - default default] Volume info retrieved successfully.
2023-07-18 03:37:58.045 22 INFO cinder.api.openstack.wsgi [None req-3b9990d8-214f-4bb8-aaef-2d2500fef0e7 0835e25ddeb94852b14115fed6d68be4 e72eff0e53094d408b79176bab4d32d3 - - default default] http://[LB_IP_ADDRESS]:8776/v3/e72eff0e53094d408b79176bab4d32d3/volumes/81b24369-5407-484f-9ca9-7be1ae70f8ea returned with HTTP 200
2023-07-18 03:37:58.063 20 INFO cinder.api.openstack.wsgi [None req-24303f98-732a-429f-8e93-a3596adb1162 0835e25ddeb94852b14115fed6d68be4 e72eff0e53094d408b79176bab4d32d3 - - default default] GET http://[LB_IP_ADDRESS]:8776/v3/e72eff0e53094d408b79176bab4d32d3/messages
2023-07-18 03:37:58.157 20 INFO cinder.api.openstack.wsgi [None req-24303f98-732a-429f-8e93-a3596adb1162 0835e25ddeb94852b14115fed6d68be4 e72eff0e53094d408b79176bab4d32d3 - - default default] http://[LB_IP_ADDRESS]:8776/v3/e72eff0e53094d408b79176bab4d32d3/messages returned with HTTP 200
2023-07-18 03:37:58.272 19 INFO cinder.api.openstack.wsgi [None req-a6d0f019-a013-4745-8464-e759434cf488 0835e25ddeb94852b14115fed6d68be4 e72eff0e53094d408b79176bab4d32d3 - - default default] DELETE http://[LB_IP_ADDRESS]:8776/v3/e72eff0e53094d408b79176bab4d32d3/messages/8c7f2319-4664-455b-8440-fa53edd41ab6
2023-07-18 03:37:58.282 19 INFO cinder.api.openstack.wsgi [None req-a6d0f019-a013-4745-8464-e759434cf488 0835e25ddeb94852b14115fed6d68be4 e72eff0e53094d408b79176bab4d32d3 - - default default] http://[LB_IP_ADDRESS]:8776/v3/e72eff0e53094d408b79176bab4d32d3/messages/8c7f2319-4664-455b-8440-fa53edd41ab6 returned with HTTP 204
2023-07-18 03:37:58.291 18 INFO cinder.api.openstack.wsgi [None req-2fbc3334-c343-45b8-bc27-8f8a4c984fcd 0835e25ddeb94852b14115fed6d68be4 e72eff0e53094d408b79176bab4d32d3 - - default default] GET http://[LB_IP_ADDRESS]:8776/v3/e72eff0e53094d408b79176bab4d32d3/messages/8c7f2319-4664-455b-8440-fa53edd41ab6
2023-07-18 03:37:58.296 18 INFO cinder.api.openstack.wsgi [None req-2fbc3334-c343-45b8-bc27-8f8a4c984fcd 0835e25ddeb94852b14115fed6d68be4 e72eff0e53094d408b79176bab4d32d3 - - default default] http://[LB_IP_ADDRESS]:8776/v3/e72eff0e53094d408b79176bab4d32d3/messages/8c7f2319-4664-455b-8440-fa53edd41ab6 returned with HTTP 404
2023-07-18 03:37:58.307 21 INFO cinder.api.openstack.wsgi [None req-e98dd1b3-e14a-461f-afe7-f64a4a0f2acc daba01f95c56474ea0be8b286075f1c8 3a07a74a7e9a40609cd145e4a304401a - - default default] POST http://[LB_IP_ADDRESS]:8776/v3/3a07a74a7e9a40609cd145e4a304401a/types
2023-07-18 03:37:58.334 21 INFO cinder.api.openstack.wsgi [None req-e98dd1b3-e14a-461f-afe7-f64a4a0f2acc daba01f95c56474ea0be8b286075f1c8 3a07a74a7e9a40609cd145e4a304401a - - default default] http://[LB_IP_ADDRESS]:8776/v3/3a07a74a7e9a40609cd145e4a304401a/types returned with HTTP 200
2023-07-18 03:37:58.346 22 INFO cinder.api.openstack.wsgi [None req-23c922ba-e160-42e8-a0fc-8126fb5ff8ee 0835e25ddeb94852b14115fed6d68be4 e72eff0e53094d408b79176bab4d32d3 - - default default] POST http://[LB_IP_ADDRESS]:8776/v3/e72eff0e53094d408b79176bab4d32d3/volumes
2023-07-18 03:37:58.354 22 INFO cinder.api.v3.volumes [None req-23c922ba-e160-42e8-a0fc-8126fb5ff8ee 0835e25ddeb94852b14115fed6d68be4 e72eff0e53094d408b79176bab4d32d3 - - default default] Create volume of 1 GB
2023-07-18 03:37:58.355 22 INFO cinder.volume.api [None req-23c922ba-e160-42e8-a0fc-8126fb5ff8ee 0835e25ddeb94852b14115fed6d68be4 e72eff0e53094d408b79176bab4d32d3 - - default default] Availability Zones retrieved successfully.
2023-07-18 03:37:58.539 22 WARNING cinder.quota [None req-23c922ba-e160-42e8-a0fc-8126fb5ff8ee 0835e25ddeb94852b14115fed6d68be4 e72eff0e53094d408b79176bab4d32d3 - - default default] Deprecated: Default quota for resource: volumes_tempest-UserMessagesTest-volume-type-1418217096 is set by the default quota flag: quota_volumes_tempest-UserMessagesTest-volume-type-1418217096, it is now deprecated. Please use the default quota class for default quota.
2023-07-18 03:37:58.540 22 WARNING cinder.quota [None req-23c922ba-e160-42e8-a0fc-8126fb5ff8ee 0835e25ddeb94852b14115fed6d68be4 e72eff0e53094d408b79176bab4d32d3 - - default default] Deprecated: Default quota for resource: gigabytes_tempest-UserMessagesTest-volume-type-1418217096 is set by the default quota flag: quota_gigabytes_tempest-UserMessagesTest-volume-type-1418217096, it is now deprecated. Please use the default quota class for default quota.
2023-07-18 03:37:58.628 22 INFO cinder.volume.api [None req-23c922ba-e160-42e8-a0fc-8126fb5ff8ee 0835e25ddeb94852b14115fed6d68be4 e72eff0e53094d408b79176bab4d32d3 - - default default] Create volume request issued successfully.
2023-07-18 03:37:58.629 22 INFO cinder.api.openstack.wsgi [None req-23c922ba-e160-42e8-a0fc-8126fb5ff8ee 0835e25ddeb94852b14115fed6d68be4 e72eff0e53094d408b79176bab4d32d3 - - default default] http://[LB_IP_ADDRESS]:8776/v3/e72eff0e53094d408b79176bab4d32d3/volumes returned with HTTP 202
2023-07-18 03:37:58.646 20 INFO cinder.api.openstack.wsgi [None req-1961c6d5-d8d6-4975-84c1-2303f58d8de1 0835e25ddeb94852b14115fed6d68be4 e72eff0e53094d408b79176bab4d32d3 - - default default] GET http://[LB_IP_ADDRESS]:8776/v3/e72eff0e53094d408b79176bab4d32d3/volumes/847c743b-2e0a-42c2-b384-7e3b47f95de4
2023-07-18 03:37:58.666 20 INFO cinder.volume.api [None req-1961c6d5-d8d6-4975-84c1-2303f58d8de1 0835e25ddeb94852b14115fed6d68be4 e72eff0e53094d408b79176bab4d32d3 - - default default] Volume info retrieved successfully.
2023-07-18 03:37:58.673 20 INFO cinder.api.openstack.wsgi [None req-1961c6d5-d8d6-4975-84c1-2303f58d8de1 0835e25ddeb94852b14115fed6d68be4 e72eff0e53094d408b79176bab4d32d3 - - default default] http://[LB_IP_ADDRESS]:8776/v3/e72eff0e53094d408b79176bab4d32d3/volumes/847c743b-2e0a-42c2-b384-7e3b47f95de4 returned with HTTP 200
2023-07-18 03:37:58.769 18 INFO cinder.api.openstack.wsgi [None req-67336da5-d7e3-4ada-a280-efb2183ab121 04d3fb13359f4b94a549d0fe623dc328 a4dcdae24c2c4a62b51ad3824dbd5720 - - default default] GET http://[LB_IP_ADDRESS]:8776/v3/a4dcdae24c2c4a62b51ad3824dbd5720/group_snapshots/a5bc5026-6be3-4cf5-a5d5-2f74b0cff923
2023-07-18 03:37:58.782 18 INFO cinder.api.openstack.wsgi [None req-67336da5-d7e3-4ada-a280-efb2183ab121 04d3fb13359f4b94a549d0fe623dc328 a4dcdae24c2c4a62b51ad3824dbd5720 - - default default] http://[LB_IP_ADDRESS]:8776/v3/a4dcdae24c2c4a62b51ad3824dbd5720/group_snapshots/a5bc5026-6be3-4cf5-a5d5-2f74b0cff923 returned with HTTP 200
2023-07-18 03:37:58.794 21 INFO cinder.api.openstack.wsgi [None req-a1fbea4a-bc1d-4bd1-ad9f-1fadaafc3766 04d3fb13359f4b94a549d0fe623dc328 a4dcdae24c2c4a62b51ad3824dbd5720 - - default default] GET http://[LB_IP_ADDRESS]:8776/v3/a4dcdae24c2c4a62b51ad3824dbd5720/snapshots/detail
2023-07-18 03:37:58.802 21 INFO cinder.volume.api [None req-a1fbea4a-bc1d-4bd1-ad9f-1fadaafc3766 04d3fb13359f4b94a549d0fe623dc328 a4dcdae24c2c4a62b51ad3824dbd5720 - - default default] Get all snapshots completed successfully.
2023-07-18 03:37:58.804 21 INFO cinder.api.openstack.wsgi [None req-a1fbea4a-bc1d-4bd1-ad9f-1fadaafc3766 04d3fb13359f4b94a549d0fe623dc328 a4dcdae24c2c4a62b51ad3824dbd5720 - - default default] http://[LB_IP_ADDRESS]:8776/v3/a4dcdae24c2c4a62b51ad3824dbd5720/snapshots/detail returned with HTTP 200
2023-07-18 03:37:58.818 22 INFO cinder.api.openstack.wsgi [None req-e4dcd00f-ce1d-4562-bca7-539dd459720c 04d3fb13359f4b94a549d0fe623dc328 a4dcdae24c2c4a62b51ad3824dbd5720 - - default default] GET http://[LB_IP_ADDRESS]:8776/v3/a4dcdae24c2c4a62b51ad3824dbd5720/snapshots/7ea69f2f-d732-4f1b-becf-4e4906e5f8e9
2023-07-18 03:37:58.828 22 INFO cinder.volume.api [None req-e4dcd00f-ce1d-4562-bca7-539dd459720c 04d3fb13359f4b94a549d0fe623dc328 a4dcdae24c2c4a62b51ad3824dbd5720 - - default default] Snapshot retrieved successfully.
2023-07-18 03:37:58.829 22 INFO cinder.api.openstack.wsgi [None req-e4dcd00f-ce1d-4562-bca7-539dd459720c 04d3fb13359f4b94a549d0fe623dc328 a4dcdae24c2c4a62b51ad3824dbd5720 - - default default] http://[LB_IP_ADDRESS]:8776/v3/a4dcdae24c2c4a62b51ad3824dbd5720/snapshots/7ea69f2f-d732-4f1b-becf-4e4906e5f8e9 returned with HTTP 200
2023-07-18 03:37:58.842 20 INFO cinder.api.openstack.wsgi [None req-9ca061d2-7c70-4965-b7b8-b19cf834e8d5 04d3fb13359f4b94a549d0fe623dc328 a4dcdae24c2c4a62b51ad3824dbd5720 - - default default] GET http://[LB_IP_ADDRESS]:8776/v3/a4dcdae24c2c4a62b51ad3824dbd5720/group_snapshots/a5bc5026-6be3-4cf5-a5d5-2f74b0cff923
2023-07-18 03:37:58.854 20 INFO cinder.api.openstack.wsgi [None req-9ca061d2-7c70-4965-b7b8-b19cf834e8d5 04d3fb13359f4b94a549d0fe623dc328 a4dcdae24c2c4a62b51ad3824dbd5720 - - default default] http://[LB_IP_ADDRESS]:8776/v3/a4dcdae24c2c4a62b51ad3824dbd5720/group_snapshots/a5bc5026-6be3-4cf5-a5d5-2f74b0cff923 returned with HTTP 200
2023-07-18 03:37:58.866 18 INFO cinder.api.openstack.wsgi [None req-3071a16f-91a4-435e-a369-51adff668125 04d3fb13359f4b94a549d0fe623dc328 a4dcdae24c2c4a62b51ad3824dbd5720 - - default default] GET http://[LB_IP_ADDRESS]:8776/v3/a4dcdae24c2c4a62b51ad3824dbd5720/group_snapshots/detail
2023-07-18 03:37:58.873 19 INFO cinder.api.openstack.wsgi [None req-afc07ca7-6391-4114-9561-294f6f4affad 67c075ee2aa946a29960f667f1889e5d 1a356d0a72064f998b0aa580222727b4 - - default default] GET http://[LB_IP_ADDRESS]:8776/v3/1a356d0a72064f998b0aa580222727b4/os-hosts
2023-07-18 03:37:58.879 18 INFO cinder.api.openstack.wsgi [None req-3071a16f-91a4-435e-a369-51adff668125 04d3fb13359f4b94a549d0fe623dc328 a4dcdae24c2c4a62b51ad3824dbd5720 - - default default] http://[LB_IP_ADDRESS]:8776/v3/a4dcdae24c2c4a62b51ad3824dbd5720/group_snapshots/detail returned with HTTP 200
2023-07-18 03:37:58.882 19 INFO cinder.api.openstack.wsgi [None req-afc07ca7-6391-4114-9561-294f6f4affad 67c075ee2aa946a29960f667f1889e5d 1a356d0a72064f998b0aa580222727b4 - - default default] http://[LB_IP_ADDRESS]:8776/v3/1a356d0a72064f998b0aa580222727b4/os-hosts returned with HTTP 200
2023-07-18 03:37:58.891 21 INFO cinder.api.openstack.wsgi [None req-34135d03-d101-4c41-b95d-87688954f0f7 04d3fb13359f4b94a549d0fe623dc328 a4dcdae24c2c4a62b51ad3824dbd5720 - - default default] DELETE http://[LB_IP_ADDRESS]:8776/v3/a4dcdae24c2c4a62b51ad3824dbd5720/group_snapshots/a5bc5026-6be3-4cf5-a5d5-2f74b0cff923
2023-07-18 03:37:58.892 21 INFO cinder.api.v3.group_snapshots [None req-34135d03-d101-4c41-b95d-87688954f0f7 04d3fb13359f4b94a549d0fe623dc328 a4dcdae24c2c4a62b51ad3824dbd5720 - - default default] Delete group_snapshot with id: a5bc5026-6be3-4cf5-a5d5-2f74b0cff923
2023-07-18 03:37:58.896 22 INFO cinder.api.openstack.wsgi [None req-cf8e0391-640f-427a-8463-a3371484e810 67c075ee2aa946a29960f667f1889e5d 1a356d0a72064f998b0aa580222727b4 - - default default] GET http://[LB_IP_ADDRESS]:8776/v3/1a356d0a72064f998b0aa580222727b4/os-hosts
2023-07-18 03:37:58.905 22 INFO cinder.api.openstack.wsgi [None req-cf8e0391-640f-427a-8463-a3371484e810 67c075ee2aa946a29960f667f1889e5d 1a356d0a72064f998b0aa580222727b4 - - default default] http://[LB_IP_ADDRESS]:8776/v3/1a356d0a72064f998b0aa580222727b4/os-hosts returned with HTTP 200
2023-07-18 03:37:58.919 20 INFO cinder.api.openstack.wsgi [None req-06a853e8-9321-4815-8434-447f2f1cf557 67c075ee2aa946a29960f667f1889e5d 1a356d0a72064f998b0aa580222727b4 - - default default] GET http://[LB_IP_ADDRESS]:8776/v3/1a356d0a72064f998b0aa580222727b4/os-hosts/rack02-server70@lvm-1
2023-07-18 03:37:58.931 21 INFO cinder.api.openstack.wsgi [None req-34135d03-d101-4c41-b95d-87688954f0f7 04d3fb13359f4b94a549d0fe623dc328 a4dcdae24c2c4a62b51ad3824dbd5720 - - default default] http://[LB_IP_ADDRESS]:8776/v3/a4dcdae24c2c4a62b51ad3824dbd5720/group_snapshots/a5bc5026-6be3-4cf5-a5d5-2f74b0cff923 returned with HTTP 202
2023-07-18 03:37:58.941 18 INFO cinder.api.openstack.wsgi [None req-bcbc80d5-0c4f-4bba-a9a9-8059e6821297 04d3fb13359f4b94a549d0fe623dc328 a4dcdae24c2c4a62b51ad3824dbd5720 - - default default] GET http://[LB_IP_ADDRESS]:8776/v3/a4dcdae24c2c4a62b51ad3824dbd5720/volumes/detail
2023-07-18 03:37:58.955 18 INFO cinder.volume.api [None req-bcbc80d5-0c4f-4bba-a9a9-8059e6821297 04d3fb13359f4b94a549d0fe623dc328 a4dcdae24c2c4a62b51ad3824dbd5720 - - default default] Get all volumes completed successfully.
2023-07-18 03:37:58.959 20 INFO cinder.api.openstack.wsgi [None req-06a853e8-9321-4815-8434-447f2f1cf557 67c075ee2aa946a29960f667f1889e5d 1a356d0a72064f998b0aa580222727b4 - - default default] http://[LB_IP_ADDRESS]:8776/v3/1a356d0a72064f998b0aa580222727b4/os-hosts/rack02-server70@lvm-1 returned with HTTP 200
2023-07-18 03:37:58.973 19 INFO cinder.api.openstack.wsgi [None req-ae86ee03-97ab-4db8-96b2-425d22b3be48 67c075ee2aa946a29960f667f1889e5d 1a356d0a72064f998b0aa580222727b4 - - default default] GET http://[LB_IP_ADDRESS]:8776/v3/1a356d0a72064f998b0aa580222727b4/os-hosts/rack02-server70@LIGHTOSiptkjp
2023-07-18 03:37:58.978 18 INFO cinder.api.openstack.wsgi [None req-bcbc80d5-0c4f-4bba-a9a9-8059e6821297 04d3fb13359f4b94a549d0fe623dc328 a4dcdae24c2c4a62b51ad3824dbd5720 - - default default] http://[LB_IP_ADDRESS]:8776/v3/a4dcdae24c2c4a62b51ad3824dbd5720/volumes/detail returned with HTTP 200
2023-07-18 03:37:58.998 22 INFO cinder.api.openstack.wsgi [None req-efef7a44-4cea-4e76-aabe-bba289e6f1c7 04d3fb13359f4b94a549d0fe623dc328 a4dcdae24c2c4a62b51ad3824dbd5720 - - default default] GET http://[LB_IP_ADDRESS]:8776/v3/a4dcdae24c2c4a62b51ad3824dbd5720/snapshots/detail
2023-07-18 03:37:59.006 22 INFO cinder.volume.api [None req-efef7a44-4cea-4e76-aabe-bba289e6f1c7 04d3fb13359f4b94a549d0fe623dc328 a4dcdae24c2c4a62b51ad3824dbd5720 - - default default] Get all snapshots completed successfully.
2023-07-18 03:37:59.007 22 INFO cinder.api.openstack.wsgi [None req-efef7a44-4cea-4e76-aabe-bba289e6f1c7 04d3fb13359f4b94a549d0fe623dc328 a4dcdae24c2c4a62b51ad3824dbd5720 - - default default] http://[LB_IP_ADDRESS]:8776/v3/a4dcdae24c2c4a62b51ad3824dbd5720/snapshots/detail returned with HTTP 200
2023-07-18 03:37:59.020 21 INFO cinder.api.openstack.wsgi [None req-bb32cf38-436f-462d-9daa-6545d4ea9c25 04d3fb13359f4b94a549d0fe623dc328 a4dcdae24c2c4a62b51ad3824dbd5720 - - default default] GET http://[LB_IP_ADDRESS]:8776/v3/a4dcdae24c2c4a62b51ad3824dbd5720/snapshots/7ea69f2f-d732-4f1b-becf-4e4906e5f8e9
2023-07-18 03:37:59.023 19 INFO cinder.api.openstack.wsgi [None req-ae86ee03-97ab-4db8-96b2-425d22b3be48 67c075ee2aa946a29960f667f1889e5d 1a356d0a72064f998b0aa580222727b4 - - default default] http://[LB_IP_ADDRESS]:8776/v3/1a356d0a72064f998b0aa580222727b4/os-hosts/rack02-server70@LIGHTOSiptkjp returned with HTTP 200
2023-07-18 03:37:59.030 21 INFO cinder.volume.api [None req-bb32cf38-436f-462d-9daa-6545d4ea9c25 04d3fb13359f4b94a549d0fe623dc328 a4dcdae24c2c4a62b51ad3824dbd5720 - - default default] Snapshot retrieved successfully.
2023-07-18 03:37:59.031 21 INFO cinder.api.openstack.wsgi [None req-bb32cf38-436f-462d-9daa-6545d4ea9c25 04d3fb13359f4b94a549d0fe623dc328 a4dcdae24c2c4a62b51ad3824dbd5720 - - default default] http://[LB_IP_ADDRESS]:8776/v3/a4dcdae24c2c4a62b51ad3824dbd5720/snapshots/7ea69f2f-d732-4f1b-becf-4e4906e5f8e9 returned with HTTP 200
2023-07-18 03:37:59.692 20 INFO cinder.api.openstack.wsgi [None req-ea041975-f57c-4d6a-886a-1ea152c8a7df 0835e25ddeb94852b14115fed6d68be4 e72eff0e53094d408b79176bab4d32d3 - - default default] GET http://[LB_IP_ADDRESS]:8776/v3/e72eff0e53094d408b79176bab4d32d3/volumes/847c743b-2e0a-42c2-b384-7e3b47f95de4
2023-07-18 03:37:59.711 20 INFO cinder.volume.api [None req-ea041975-f57c-4d6a-886a-1ea152c8a7df 0835e25ddeb94852b14115fed6d68be4 e72eff0e53094d408b79176bab4d32d3 - - default default] Volume info retrieved successfully.
2023-07-18 03:37:59.719 20 INFO cinder.api.openstack.wsgi [None req-ea041975-f57c-4d6a-886a-1ea152c8a7df 0835e25ddeb94852b14115fed6d68be4 e72eff0e53094d408b79176bab4d32d3 - - default default] http://[LB_IP_ADDRESS]:8776/v3/e72eff0e53094d408b79176bab4d32d3/volumes/847c743b-2e0a-42c2-b384-7e3b47f95de4 returned with HTTP 200
2023-07-18 03:37:59.737 18 INFO cinder.api.openstack.wsgi [None req-8aae7e49-3b37-4327-ab2b-c3a81b99a768 0835e25ddeb94852b14115fed6d68be4 e72eff0e53094d408b79176bab4d32d3 - - default default] GET http://[LB_IP_ADDRESS]:8776/v3/e72eff0e53094d408b79176bab4d32d3/messages
2023-07-18 03:37:59.832 18 INFO cinder.api.openstack.wsgi [None req-8aae7e49-3b37-4327-ab2b-c3a81b99a768 0835e25ddeb94852b14115fed6d68be4 e72eff0e53094d408b79176bab4d32d3 - - default default] http://[LB_IP_ADDRESS]:8776/v3/e72eff0e53094d408b79176bab4d32d3/messages returned with HTTP 200
2023-07-18 03:37:59.947 22 INFO cinder.api.openstack.wsgi [None req-6bcd1de0-244d-40eb-bb9d-77b7e03f8dac 0835e25ddeb94852b14115fed6d68be4 e72eff0e53094d408b79176bab4d32d3 - - default default] GET http://[LB_IP_ADDRESS]:8776/v3/e72eff0e53094d408b79176bab4d32d3/messages/5d6c0d8f-5d35-4d15-a629-369322282903
2023-07-18 03:37:59.953 22 INFO cinder.api.openstack.wsgi [None req-6bcd1de0-244d-40eb-bb9d-77b7e03f8dac 0835e25ddeb94852b14115fed6d68be4 e72eff0e53094d408b79176bab4d32d3 - - default default] http://[LB_IP_ADDRESS]:8776/v3/e72eff0e53094d408b79176bab4d32d3/messages/5d6c0d8f-5d35-4d15-a629-369322282903 returned with HTTP 200
2023-07-18 03:37:59.964 19 INFO cinder.api.openstack.wsgi [None req-4809ac4e-6126-4e76-a0cf-50cc68e570ca 0835e25ddeb94852b14115fed6d68be4 e72eff0e53094d408b79176bab4d32d3 - - default default] GET http://[LB_IP_ADDRESS]:8776/v3/e72eff0e53094d408b79176bab4d32d3/messages
2023-07-18 03:38:00.044 21 INFO cinder.api.openstack.wsgi [None req-2d4f8e21-6eae-4ef8-821e-e037816cced3 04d3fb13359f4b94a549d0fe623dc328 a4dcdae24c2c4a62b51ad3824dbd5720 - - default default] GET http://[LB_IP_ADDRESS]:8776/v3/a4dcdae24c2c4a62b51ad3824dbd5720/snapshots/7ea69f2f-d732-4f1b-becf-4e4906e5f8e9
2023-07-18 03:38:00.052 21 INFO cinder.api.openstack.wsgi [None req-2d4f8e21-6eae-4ef8-821e-e037816cced3 04d3fb13359f4b94a549d0fe623dc328 a4dcdae24c2c4a62b51ad3824dbd5720 - - default default] http://[LB_IP_ADDRESS]:8776/v3/a4dcdae24c2c4a62b51ad3824dbd5720/snapshots/7ea69f2f-d732-4f1b-becf-4e4906e5f8e9 returned with HTTP 404
2023-07-18 03:38:00.062 20 INFO cinder.api.openstack.wsgi [None req-cc76a941-dd57-44dd-9b1e-b52e9eecbd87 04d3fb13359f4b94a549d0fe623dc328 a4dcdae24c2c4a62b51ad3824dbd5720 - - default default] GET http://[LB_IP_ADDRESS]:8776/v3/a4dcdae24c2c4a62b51ad3824dbd5720/group_snapshots/a5bc5026-6be3-4cf5-a5d5-2f74b0cff923
2023-07-18 03:38:00.064 19 INFO cinder.api.openstack.wsgi [None req-4809ac4e-6126-4e76-a0cf-50cc68e570ca 0835e25ddeb94852b14115fed6d68be4 e72eff0e53094d408b79176bab4d32d3 - - default default] http://[LB_IP_ADDRESS]:8776/v3/e72eff0e53094d408b79176bab4d32d3/messages returned with HTTP 200
2023-07-18 03:38:00.066 20 INFO cinder.api.openstack.wsgi [None req-cc76a941-dd57-44dd-9b1e-b52e9eecbd87 04d3fb13359f4b94a549d0fe623dc328 a4dcdae24c2c4a62b51ad3824dbd5720 - - default default] http://[LB_IP_ADDRESS]:8776/v3/a4dcdae24c2c4a62b51ad3824dbd5720/group_snapshots/a5bc5026-6be3-4cf5-a5d5-2f74b0cff923 returned with HTTP 404
2023-07-18 03:38:00.076 18 INFO cinder.api.openstack.wsgi [None req-b35dd842-8b6c-46c6-8bc6-9e03ef0272ff 04d3fb13359f4b94a549d0fe623dc328 a4dcdae24c2c4a62b51ad3824dbd5720 - - default default] GET http://[LB_IP_ADDRESS]:8776/v3/a4dcdae24c2c4a62b51ad3824dbd5720/group_snapshots
2023-07-18 03:38:00.082 18 INFO cinder.api.openstack.wsgi [None req-b35dd842-8b6c-46c6-8bc6-9e03ef0272ff 04d3fb13359f4b94a549d0fe623dc328 a4dcdae24c2c4a62b51ad3824dbd5720 - - default default] http://[LB_IP_ADDRESS]:8776/v3/a4dcdae24c2c4a62b51ad3824dbd5720/group_snapshots returned with HTTP 200
2023-07-18 03:38:00.094 22 INFO cinder.api.openstack.wsgi [None req-7aabf995-d7d1-40ba-aa85-69478a30a3e1 04d3fb13359f4b94a549d0fe623dc328 a4dcdae24c2c4a62b51ad3824dbd5720 - - default default] DELETE http://[LB_IP_ADDRESS]:8776/v3/a4dcdae24c2c4a62b51ad3824dbd5720/group_snapshots/a5bc5026-6be3-4cf5-a5d5-2f74b0cff923
2023-07-18 03:38:00.095 22 INFO cinder.api.v3.group_snapshots [None req-7aabf995-d7d1-40ba-aa85-69478a30a3e1 04d3fb13359f4b94a549d0fe623dc328 a4dcdae24c2c4a62b51ad3824dbd5720 - - default default] Delete group_snapshot with id: a5bc5026-6be3-4cf5-a5d5-2f74b0cff923
2023-07-18 03:38:00.099 22 INFO cinder.api.openstack.wsgi [None req-7aabf995-d7d1-40ba-aa85-69478a30a3e1 04d3fb13359f4b94a549d0fe623dc328 a4dcdae24c2c4a62b51ad3824dbd5720 - - default default] http://[LB_IP_ADDRESS]:8776/v3/a4dcdae24c2c4a62b51ad3824dbd5720/group_snapshots/a5bc5026-6be3-4cf5-a5d5-2f74b0cff923 returned with HTTP 404
2023-07-18 03:38:00.108 21 INFO cinder.api.openstack.wsgi [None req-ab56bfa1-abd1-41f2-8682-68809be8f4e3 04d3fb13359f4b94a549d0fe623dc328 a4dcdae24c2c4a62b51ad3824dbd5720 - - default default] GET http://[LB_IP_ADDRESS]:8776/v3/a4dcdae24c2c4a62b51ad3824dbd5720/volumes/detail
2023-07-18 03:38:00.122 21 INFO cinder.volume.api [None req-ab56bfa1-abd1-41f2-8682-68809be8f4e3 04d3fb13359f4b94a549d0fe623dc328 a4dcdae24c2c4a62b51ad3824dbd5720 - - default default] Get all volumes completed successfully.
2023-07-18 03:38:00.145 21 INFO cinder.api.openstack.wsgi [None req-ab56bfa1-abd1-41f2-8682-68809be8f4e3 04d3fb13359f4b94a549d0fe623dc328 a4dcdae24c2c4a62b51ad3824dbd5720 - - default default] http://[LB_IP_ADDRESS]:8776/v3/a4dcdae24c2c4a62b51ad3824dbd5720/volumes/detail returned with HTTP 200
2023-07-18 03:38:00.164 19 INFO cinder.api.openstack.wsgi [None req-09e3dbb3-894d-4a90-a8bf-73fa81b330a6 04d3fb13359f4b94a549d0fe623dc328 a4dcdae24c2c4a62b51ad3824dbd5720 - - default default] POST http://[LB_IP_ADDRESS]:8776/v3/a4dcdae24c2c4a62b51ad3824dbd5720/groups/c1f71d00-877f-49cf-8895-9f26f94524a3/action
2023-07-18 03:38:00.167 19 INFO cinder.api.v3.groups [None req-09e3dbb3-894d-4a90-a8bf-73fa81b330a6 04d3fb13359f4b94a549d0fe623dc328 a4dcdae24c2c4a62b51ad3824dbd5720 - - default default] Delete group with id: c1f71d00-877f-49cf-8895-9f26f94524a3
2023-07-18 03:38:00.178 20 INFO cinder.api.openstack.wsgi [None req-96be19f3-4bb3-4133-8469-9228daff52d4 0835e25ddeb94852b14115fed6d68be4 e72eff0e53094d408b79176bab4d32d3 - - default default] DELETE http://[LB_IP_ADDRESS]:8776/v3/e72eff0e53094d408b79176bab4d32d3/messages/5d6c0d8f-5d35-4d15-a629-369322282903
2023-07-18 03:38:00.189 20 INFO cinder.api.openstack.wsgi [None req-96be19f3-4bb3-4133-8469-9228daff52d4 0835e25ddeb94852b14115fed6d68be4 e72eff0e53094d408b79176bab4d32d3 - - default default] http://[LB_IP_ADDRESS]:8776/v3/e72eff0e53094d408b79176bab4d32d3/messages/5d6c0d8f-5d35-4d15-a629-369322282903 returned with HTTP 204
2023-07-18 03:38:00.199 18 INFO cinder.api.openstack.wsgi [None req-3f33458f-0c51-4d37-9e1d-7b8686324419 0835e25ddeb94852b14115fed6d68be4 e72eff0e53094d408b79176bab4d32d3 - - default default] DELETE http://[LB_IP_ADDRESS]:8776/v3/e72eff0e53094d408b79176bab4d32d3/volumes/847c743b-2e0a-42c2-b384-7e3b47f95de4
2023-07-18 03:38:00.199 18 INFO cinder.api.v3.volumes [None req-3f33458f-0c51-4d37-9e1d-7b8686324419 0835e25ddeb94852b14115fed6d68be4 e72eff0e53094d408b79176bab4d32d3 - - default default] Delete volume with id: 847c743b-2e0a-42c2-b384-7e3b47f95de4 
2023-07-18 03:38:00.213 18 INFO cinder.volume.api [None req-3f33458f-0c51-4d37-9e1d-7b8686324419 0835e25ddeb94852b14115fed6d68be4 e72eff0e53094d408b79176bab4d32d3 - - default default] Volume info retrieved successfully.
2023-07-18 03:38:00.245 19 INFO cinder.api.openstack.wsgi [None req-09e3dbb3-894d-4a90-a8bf-73fa81b330a6 04d3fb13359f4b94a549d0fe623dc328 a4dcdae24c2c4a62b51ad3824dbd5720 - - default default] http://[LB_IP_ADDRESS]:8776/v3/a4dcdae24c2c4a62b51ad3824dbd5720/groups/c1f71d00-877f-49cf-8895-9f26f94524a3/action returned with HTTP 202
2023-07-18 03:38:00.256 22 INFO cinder.api.openstack.wsgi [None req-d11dd0e8-c6c4-4193-b147-7b76099b37c9 04d3fb13359f4b94a549d0fe623dc328 a4dcdae24c2c4a62b51ad3824dbd5720 - - default default] GET http://[LB_IP_ADDRESS]:8776/v3/a4dcdae24c2c4a62b51ad3824dbd5720/volumes/3bd06994-1b94-47dc-ab20-6a57accde2c8
2023-07-18 03:38:00.275 22 INFO cinder.volume.api [None req-d11dd0e8-c6c4-4193-b147-7b76099b37c9 04d3fb13359f4b94a549d0fe623dc328 a4dcdae24c2c4a62b51ad3824dbd5720 - - default default] Volume info retrieved successfully.
2023-07-18 03:38:00.293 18 WARNING cinder.quota [None req-3f33458f-0c51-4d37-9e1d-7b8686324419 0835e25ddeb94852b14115fed6d68be4 e72eff0e53094d408b79176bab4d32d3 - - default default] Deprecated: Default quota for resource: volumes_tempest-UserMessagesTest-volume-type-1418217096 is set by the default quota flag: quota_volumes_tempest-UserMessagesTest-volume-type-1418217096, it is now deprecated. Please use the default quota class for default quota.
2023-07-18 03:38:00.294 18 WARNING cinder.quota [None req-3f33458f-0c51-4d37-9e1d-7b8686324419 0835e25ddeb94852b14115fed6d68be4 e72eff0e53094d408b79176bab4d32d3 - - default default] Deprecated: Default quota for resource: gigabytes_tempest-UserMessagesTest-volume-type-1418217096 is set by the default quota flag: quota_gigabytes_tempest-UserMessagesTest-volume-type-1418217096, it is now deprecated. Please use the default quota class for default quota.
