2025-02-25 21:29:42.996 24 INFO cinder.api.openstack.wsgi [None req-2f979890-6de0-43a8-8ee8-e77e3ff659fe b98b14ba49684c0781cf6a6143d33cef 7634e4c10d9344feae9ed6c0bcd529d2 - - default default] GET http://[LB_IP_ADDRESS]:8776/v3/7634e4c10d9344feae9ed6c0bcd529d2/volumes/detail
2025-02-25 21:29:43.012 24 INFO cinder.volume.api [None req-2f979890-6de0-43a8-8ee8-e77e3ff659fe b98b14ba49684c0781cf6a6143d33cef 7634e4c10d9344feae9ed6c0bcd529d2 - - default default] Get all volumes completed successfully.
2025-02-25 21:29:43.046 22 INFO cinder.api.openstack.wsgi [None req-60440e5a-90fb-4c36-8ad6-cede270e3990 c3d8baf8e68746df9fa59b6f0d111b30 2d23e24aff0040a595ccfe6ff6fa340a - - default default] GET http://[LB_IP_ADDRESS]:8776/v3/2d23e24aff0040a595ccfe6ff6fa340a/groups/6dce39a6-796e-4d2b-80a0-c92dc0b65fe3
2025-02-25 21:29:43.058 24 INFO cinder.api.openstack.wsgi [None req-2f979890-6de0-43a8-8ee8-e77e3ff659fe b98b14ba49684c0781cf6a6143d33cef 7634e4c10d9344feae9ed6c0bcd529d2 - - default default] http://[LB_IP_ADDRESS]:8776/v3/7634e4c10d9344feae9ed6c0bcd529d2/volumes/detail returned with HTTP 200
2025-02-25 21:29:43.069 22 INFO cinder.api.openstack.wsgi [None req-60440e5a-90fb-4c36-8ad6-cede270e3990 c3d8baf8e68746df9fa59b6f0d111b30 2d23e24aff0040a595ccfe6ff6fa340a - - default default] http://[LB_IP_ADDRESS]:8776/v3/2d23e24aff0040a595ccfe6ff6fa340a/groups/6dce39a6-796e-4d2b-80a0-c92dc0b65fe3 returned with HTTP 200
2025-02-25 21:29:43.083 25 INFO cinder.api.openstack.wsgi [None req-a9f6f78c-7120-40d5-8342-eb4a6b873517 c3d8baf8e68746df9fa59b6f0d111b30 2d23e24aff0040a595ccfe6ff6fa340a - - default default] PUT http://[LB_IP_ADDRESS]:8776/v3/2d23e24aff0040a595ccfe6ff6fa340a/groups/6dce39a6-796e-4d2b-80a0-c92dc0b65fe3
2025-02-25 21:29:43.086 25 INFO cinder.api.v3.groups [None req-a9f6f78c-7120-40d5-8342-eb4a6b873517 c3d8baf8e68746df9fa59b6f0d111b30 2d23e24aff0040a595ccfe6ff6fa340a - - default default] Updating group 6dce39a6-796e-4d2b-80a0-c92dc0b65fe3 with name None description: None add_volumes: 1e363fba-450a-4681-844e-5ebe5658b362 remove_volumes: None.
2025-02-25 21:29:43.087 21 INFO cinder.api.openstack.wsgi [None req-fb07cbf8-d50b-40c4-81f9-8ad6001701c4 b98b14ba49684c0781cf6a6143d33cef 7634e4c10d9344feae9ed6c0bcd529d2 - - default default] POST http://[LB_IP_ADDRESS]:8776/v3/7634e4c10d9344feae9ed6c0bcd529d2/groups/41950f1b-50c8-4711-b794-6b0dad7efcce/action
2025-02-25 21:29:43.090 21 INFO cinder.api.v3.groups [None req-fb07cbf8-d50b-40c4-81f9-8ad6001701c4 b98b14ba49684c0781cf6a6143d33cef 7634e4c10d9344feae9ed6c0bcd529d2 - - default default] Delete group with id: 41950f1b-50c8-4711-b794-6b0dad7efcce
2025-02-25 21:29:43.137 25 INFO cinder.api.openstack.wsgi [None req-a9f6f78c-7120-40d5-8342-eb4a6b873517 c3d8baf8e68746df9fa59b6f0d111b30 2d23e24aff0040a595ccfe6ff6fa340a - - default default] http://[LB_IP_ADDRESS]:8776/v3/2d23e24aff0040a595ccfe6ff6fa340a/groups/6dce39a6-796e-4d2b-80a0-c92dc0b65fe3 returned with HTTP 202
2025-02-25 21:29:43.148 23 INFO cinder.api.openstack.wsgi [None req-42562d7e-7793-4739-90b6-19b224cb6414 c3d8baf8e68746df9fa59b6f0d111b30 2d23e24aff0040a595ccfe6ff6fa340a - - default default] GET http://[LB_IP_ADDRESS]:8776/v3/2d23e24aff0040a595ccfe6ff6fa340a/groups/6dce39a6-796e-4d2b-80a0-c92dc0b65fe3
2025-02-25 21:29:43.150 21 INFO cinder.api.openstack.wsgi [None req-fb07cbf8-d50b-40c4-81f9-8ad6001701c4 b98b14ba49684c0781cf6a6143d33cef 7634e4c10d9344feae9ed6c0bcd529d2 - - default default] http://[LB_IP_ADDRESS]:8776/v3/7634e4c10d9344feae9ed6c0bcd529d2/groups/41950f1b-50c8-4711-b794-6b0dad7efcce/action returned with HTTP 202
2025-02-25 21:29:43.159 24 INFO cinder.api.openstack.wsgi [None req-df3c49e2-47fd-4fc5-932e-97e1438e17f6 b98b14ba49684c0781cf6a6143d33cef 7634e4c10d9344feae9ed6c0bcd529d2 - - default default] GET http://[LB_IP_ADDRESS]:8776/v3/7634e4c10d9344feae9ed6c0bcd529d2/volumes/8f01c09b-c592-4ddd-8dda-35fdf105f991
2025-02-25 21:29:43.168 23 INFO cinder.api.openstack.wsgi [None req-42562d7e-7793-4739-90b6-19b224cb6414 c3d8baf8e68746df9fa59b6f0d111b30 2d23e24aff0040a595ccfe6ff6fa340a - - default default] http://[LB_IP_ADDRESS]:8776/v3/2d23e24aff0040a595ccfe6ff6fa340a/groups/6dce39a6-796e-4d2b-80a0-c92dc0b65fe3 returned with HTTP 200
2025-02-25 21:29:43.176 24 INFO cinder.volume.api [None req-df3c49e2-47fd-4fc5-932e-97e1438e17f6 b98b14ba49684c0781cf6a6143d33cef 7634e4c10d9344feae9ed6c0bcd529d2 - - default default] Volume info retrieved successfully.
2025-02-25 21:29:43.196 24 INFO cinder.api.openstack.wsgi [None req-df3c49e2-47fd-4fc5-932e-97e1438e17f6 b98b14ba49684c0781cf6a6143d33cef 7634e4c10d9344feae9ed6c0bcd529d2 - - default default] http://[LB_IP_ADDRESS]:8776/v3/7634e4c10d9344feae9ed6c0bcd529d2/volumes/8f01c09b-c592-4ddd-8dda-35fdf105f991 returned with HTTP 200
2025-02-25 21:29:43.882 22 INFO cinder.api.openstack.wsgi [None req-502c2e99-c900-4c57-98be-4f455d7910cb - - - - - -] GET http://[LB_IP_ADDRESS]:8776/
2025-02-25 21:29:43.883 22 INFO cinder.api.openstack.wsgi [None req-502c2e99-c900-4c57-98be-4f455d7910cb - - - - - -] http://[LB_IP_ADDRESS]:8776/ returned with HTTP 300
2025-02-25 21:29:44.185 25 INFO cinder.api.openstack.wsgi [None req-ed683dcd-0874-41a1-8799-5f81b2ab493f c3d8baf8e68746df9fa59b6f0d111b30 2d23e24aff0040a595ccfe6ff6fa340a - - default default] GET http://[LB_IP_ADDRESS]:8776/v3/2d23e24aff0040a595ccfe6ff6fa340a/groups/6dce39a6-796e-4d2b-80a0-c92dc0b65fe3
2025-02-25 21:29:44.225 21 INFO cinder.api.openstack.wsgi [None req-ba251845-2b31-49d9-bdc5-632e10c52a83 b98b14ba49684c0781cf6a6143d33cef 7634e4c10d9344feae9ed6c0bcd529d2 - - default default] GET http://[LB_IP_ADDRESS]:8776/v3/7634e4c10d9344feae9ed6c0bcd529d2/volumes/8f01c09b-c592-4ddd-8dda-35fdf105f991
2025-02-25 21:29:44.226 25 INFO cinder.api.openstack.wsgi [None req-ed683dcd-0874-41a1-8799-5f81b2ab493f c3d8baf8e68746df9fa59b6f0d111b30 2d23e24aff0040a595ccfe6ff6fa340a - - default default] http://[LB_IP_ADDRESS]:8776/v3/2d23e24aff0040a595ccfe6ff6fa340a/groups/6dce39a6-796e-4d2b-80a0-c92dc0b65fe3 returned with HTTP 200
2025-02-25 21:29:44.240 21 INFO cinder.api.openstack.wsgi [None req-ba251845-2b31-49d9-bdc5-632e10c52a83 b98b14ba49684c0781cf6a6143d33cef 7634e4c10d9344feae9ed6c0bcd529d2 - - default default] http://[LB_IP_ADDRESS]:8776/v3/7634e4c10d9344feae9ed6c0bcd529d2/volumes/8f01c09b-c592-4ddd-8dda-35fdf105f991 returned with HTTP 404
2025-02-25 21:29:44.245 23 INFO cinder.api.openstack.wsgi [None req-feb3ef20-6fba-44d5-a36a-c5ba4207c842 c3d8baf8e68746df9fa59b6f0d111b30 2d23e24aff0040a595ccfe6ff6fa340a - - default default] PUT http://[LB_IP_ADDRESS]:8776/v3/2d23e24aff0040a595ccfe6ff6fa340a/groups/6dce39a6-796e-4d2b-80a0-c92dc0b65fe3
2025-02-25 21:29:44.249 23 INFO cinder.api.v3.groups [None req-feb3ef20-6fba-44d5-a36a-c5ba4207c842 c3d8baf8e68746df9fa59b6f0d111b30 2d23e24aff0040a595ccfe6ff6fa340a - - default default] Updating group 6dce39a6-796e-4d2b-80a0-c92dc0b65fe3 with name None description: None add_volumes: None remove_volumes: bc1ab121-04cb-4e31-a00c-6b9107627102.
2025-02-25 21:29:44.253 24 INFO cinder.api.openstack.wsgi [None req-22b15e3f-ba86-44d6-ba7e-17732aaf11e0 b98b14ba49684c0781cf6a6143d33cef 7634e4c10d9344feae9ed6c0bcd529d2 - - default default] GET http://[LB_IP_ADDRESS]:8776/v3/7634e4c10d9344feae9ed6c0bcd529d2/groups/41950f1b-50c8-4711-b794-6b0dad7efcce
2025-02-25 21:29:44.260 24 INFO cinder.api.openstack.wsgi [None req-22b15e3f-ba86-44d6-ba7e-17732aaf11e0 b98b14ba49684c0781cf6a6143d33cef 7634e4c10d9344feae9ed6c0bcd529d2 - - default default] http://[LB_IP_ADDRESS]:8776/v3/7634e4c10d9344feae9ed6c0bcd529d2/groups/41950f1b-50c8-4711-b794-6b0dad7efcce returned with HTTP 404
2025-02-25 21:29:44.273 22 INFO cinder.api.openstack.wsgi [None req-09b9b6e2-6612-4dbd-b08a-8ebd2bd8d6fe b98b14ba49684c0781cf6a6143d33cef 7634e4c10d9344feae9ed6c0bcd529d2 - - default default] GET http://[LB_IP_ADDRESS]:8776/v3/7634e4c10d9344feae9ed6c0bcd529d2/volumes/detail
2025-02-25 21:29:44.290 23 INFO cinder.api.openstack.wsgi [None req-feb3ef20-6fba-44d5-a36a-c5ba4207c842 c3d8baf8e68746df9fa59b6f0d111b30 2d23e24aff0040a595ccfe6ff6fa340a - - default default] http://[LB_IP_ADDRESS]:8776/v3/2d23e24aff0040a595ccfe6ff6fa340a/groups/6dce39a6-796e-4d2b-80a0-c92dc0b65fe3 returned with HTTP 202
2025-02-25 21:29:44.294 22 INFO cinder.volume.api [None req-09b9b6e2-6612-4dbd-b08a-8ebd2bd8d6fe b98b14ba49684c0781cf6a6143d33cef 7634e4c10d9344feae9ed6c0bcd529d2 - - default default] Get all volumes completed successfully.
2025-02-25 21:29:44.305 25 INFO cinder.api.openstack.wsgi [None req-b1e099b1-0f66-405c-9fd2-0c3101d267e2 c3d8baf8e68746df9fa59b6f0d111b30 2d23e24aff0040a595ccfe6ff6fa340a - - default default] GET http://[LB_IP_ADDRESS]:8776/v3/2d23e24aff0040a595ccfe6ff6fa340a/groups/6dce39a6-796e-4d2b-80a0-c92dc0b65fe3
2025-02-25 21:29:44.326 22 INFO cinder.api.openstack.wsgi [None req-09b9b6e2-6612-4dbd-b08a-8ebd2bd8d6fe b98b14ba49684c0781cf6a6143d33cef 7634e4c10d9344feae9ed6c0bcd529d2 - - default default] http://[LB_IP_ADDRESS]:8776/v3/7634e4c10d9344feae9ed6c0bcd529d2/volumes/detail returned with HTTP 200
2025-02-25 21:29:44.332 25 INFO cinder.api.openstack.wsgi [None req-b1e099b1-0f66-405c-9fd2-0c3101d267e2 c3d8baf8e68746df9fa59b6f0d111b30 2d23e24aff0040a595ccfe6ff6fa340a - - default default] http://[LB_IP_ADDRESS]:8776/v3/2d23e24aff0040a595ccfe6ff6fa340a/groups/6dce39a6-796e-4d2b-80a0-c92dc0b65fe3 returned with HTTP 200
2025-02-25 21:29:44.356 21 INFO cinder.api.openstack.wsgi [None req-41eb0cb7-dd65-469b-853a-d8af261a71b8 b98b14ba49684c0781cf6a6143d33cef 7634e4c10d9344feae9ed6c0bcd529d2 - - default default] POST http://[LB_IP_ADDRESS]:8776/v3/7634e4c10d9344feae9ed6c0bcd529d2/groups/65e845bd-3d47-4ae3-8fa8-b46c6bcb336d/action
2025-02-25 21:29:44.360 21 INFO cinder.api.v3.groups [None req-41eb0cb7-dd65-469b-853a-d8af261a71b8 b98b14ba49684c0781cf6a6143d33cef 7634e4c10d9344feae9ed6c0bcd529d2 - - default default] Delete group with id: 65e845bd-3d47-4ae3-8fa8-b46c6bcb336d
2025-02-25 21:29:44.433 21 INFO cinder.api.openstack.wsgi [None req-41eb0cb7-dd65-469b-853a-d8af261a71b8 b98b14ba49684c0781cf6a6143d33cef 7634e4c10d9344feae9ed6c0bcd529d2 - - default default] http://[LB_IP_ADDRESS]:8776/v3/7634e4c10d9344feae9ed6c0bcd529d2/groups/65e845bd-3d47-4ae3-8fa8-b46c6bcb336d/action returned with HTTP 202
2025-02-25 21:29:44.445 24 INFO cinder.api.openstack.wsgi [None req-2c1db475-40ab-4fc6-b584-e168068ef25b b98b14ba49684c0781cf6a6143d33cef 7634e4c10d9344feae9ed6c0bcd529d2 - - default default] GET http://[LB_IP_ADDRESS]:8776/v3/7634e4c10d9344feae9ed6c0bcd529d2/volumes/80fcc73a-10fe-4b88-a57b-b702c2bcc049
2025-02-25 21:29:44.469 24 INFO cinder.volume.api [None req-2c1db475-40ab-4fc6-b584-e168068ef25b b98b14ba49684c0781cf6a6143d33cef 7634e4c10d9344feae9ed6c0bcd529d2 - - default default] Volume info retrieved successfully.
2025-02-25 21:29:44.498 24 INFO cinder.api.openstack.wsgi [None req-2c1db475-40ab-4fc6-b584-e168068ef25b b98b14ba49684c0781cf6a6143d33cef 7634e4c10d9344feae9ed6c0bcd529d2 - - default default] http://[LB_IP_ADDRESS]:8776/v3/7634e4c10d9344feae9ed6c0bcd529d2/volumes/80fcc73a-10fe-4b88-a57b-b702c2bcc049 returned with HTTP 200
2025-02-25 21:29:45.350 23 INFO cinder.api.openstack.wsgi [None req-66474ff5-f598-47c5-a49c-99c9d41d7849 c3d8baf8e68746df9fa59b6f0d111b30 2d23e24aff0040a595ccfe6ff6fa340a - - default default] GET http://[LB_IP_ADDRESS]:8776/v3/2d23e24aff0040a595ccfe6ff6fa340a/groups/6dce39a6-796e-4d2b-80a0-c92dc0b65fe3
2025-02-25 21:29:45.374 23 INFO cinder.api.openstack.wsgi [None req-66474ff5-f598-47c5-a49c-99c9d41d7849 c3d8baf8e68746df9fa59b6f0d111b30 2d23e24aff0040a595ccfe6ff6fa340a - - default default] http://[LB_IP_ADDRESS]:8776/v3/2d23e24aff0040a595ccfe6ff6fa340a/groups/6dce39a6-796e-4d2b-80a0-c92dc0b65fe3 returned with HTTP 200
2025-02-25 21:29:45.392 22 INFO cinder.api.openstack.wsgi [None req-7557f7f3-e3f0-4d76-8575-a54c3c4f4912 c3d8baf8e68746df9fa59b6f0d111b30 2d23e24aff0040a595ccfe6ff6fa340a - - default default] PUT http://[LB_IP_ADDRESS]:8776/v3/2d23e24aff0040a595ccfe6ff6fa340a/groups/6dce39a6-796e-4d2b-80a0-c92dc0b65fe3
2025-02-25 21:29:45.397 22 INFO cinder.api.v3.groups [None req-7557f7f3-e3f0-4d76-8575-a54c3c4f4912 c3d8baf8e68746df9fa59b6f0d111b30 2d23e24aff0040a595ccfe6ff6fa340a - - default default] Updating group 6dce39a6-796e-4d2b-80a0-c92dc0b65fe3 with name None description: None add_volumes: bc1ab121-04cb-4e31-a00c-6b9107627102 remove_volumes: None.
2025-02-25 21:29:45.453 22 INFO cinder.api.openstack.wsgi [None req-7557f7f3-e3f0-4d76-8575-a54c3c4f4912 c3d8baf8e68746df9fa59b6f0d111b30 2d23e24aff0040a595ccfe6ff6fa340a - - default default] http://[LB_IP_ADDRESS]:8776/v3/2d23e24aff0040a595ccfe6ff6fa340a/groups/6dce39a6-796e-4d2b-80a0-c92dc0b65fe3 returned with HTTP 202
2025-02-25 21:29:45.465 25 INFO cinder.api.openstack.wsgi [None req-55fd6fe9-1cdc-4131-852d-100fed088920 c3d8baf8e68746df9fa59b6f0d111b30 2d23e24aff0040a595ccfe6ff6fa340a - - default default] GET http://[LB_IP_ADDRESS]:8776/v3/2d23e24aff0040a595ccfe6ff6fa340a/groups/6dce39a6-796e-4d2b-80a0-c92dc0b65fe3
2025-02-25 21:29:45.488 25 INFO cinder.api.openstack.wsgi [None req-55fd6fe9-1cdc-4131-852d-100fed088920 c3d8baf8e68746df9fa59b6f0d111b30 2d23e24aff0040a595ccfe6ff6fa340a - - default default] http://[LB_IP_ADDRESS]:8776/v3/2d23e24aff0040a595ccfe6ff6fa340a/groups/6dce39a6-796e-4d2b-80a0-c92dc0b65fe3 returned with HTTP 200
2025-02-25 21:29:45.526 21 INFO cinder.api.openstack.wsgi [None req-a4357a47-e80d-4a90-b3d2-37dae4830b8e b98b14ba49684c0781cf6a6143d33cef 7634e4c10d9344feae9ed6c0bcd529d2 - - default default] GET http://[LB_IP_ADDRESS]:8776/v3/7634e4c10d9344feae9ed6c0bcd529d2/volumes/80fcc73a-10fe-4b88-a57b-b702c2bcc049
2025-02-25 21:29:45.542 21 INFO cinder.api.openstack.wsgi [None req-a4357a47-e80d-4a90-b3d2-37dae4830b8e b98b14ba49684c0781cf6a6143d33cef 7634e4c10d9344feae9ed6c0bcd529d2 - - default default] http://[LB_IP_ADDRESS]:8776/v3/7634e4c10d9344feae9ed6c0bcd529d2/volumes/80fcc73a-10fe-4b88-a57b-b702c2bcc049 returned with HTTP 404
2025-02-25 21:29:45.554 24 INFO cinder.api.openstack.wsgi [None req-faeeb469-b0ea-430f-837a-fba73b0644d1 b98b14ba49684c0781cf6a6143d33cef 7634e4c10d9344feae9ed6c0bcd529d2 - - default default] GET http://[LB_IP_ADDRESS]:8776/v3/7634e4c10d9344feae9ed6c0bcd529d2/groups/65e845bd-3d47-4ae3-8fa8-b46c6bcb336d
2025-02-25 21:29:45.560 24 INFO cinder.api.openstack.wsgi [None req-faeeb469-b0ea-430f-837a-fba73b0644d1 b98b14ba49684c0781cf6a6143d33cef 7634e4c10d9344feae9ed6c0bcd529d2 - - default default] http://[LB_IP_ADDRESS]:8776/v3/7634e4c10d9344feae9ed6c0bcd529d2/groups/65e845bd-3d47-4ae3-8fa8-b46c6bcb336d returned with HTTP 404
2025-02-25 21:29:45.571 23 INFO cinder.api.openstack.wsgi [None req-5c772509-0a93-4ed2-ba7e-e0779dfed3f7 eb5c1d754dc34c6f8f6e6ade32041037 607e35e1d7bc482e9f635386d8e85aa7 - - default default] DELETE http://[LB_IP_ADDRESS]:8776/v3/607e35e1d7bc482e9f635386d8e85aa7/group_types/df58d1e8-4197-4639-8004-bf12302838f8
2025-02-25 21:29:45.594 23 INFO cinder.api.openstack.wsgi [None req-5c772509-0a93-4ed2-ba7e-e0779dfed3f7 eb5c1d754dc34c6f8f6e6ade32041037 607e35e1d7bc482e9f635386d8e85aa7 - - default default] http://[LB_IP_ADDRESS]:8776/v3/607e35e1d7bc482e9f635386d8e85aa7/group_types/df58d1e8-4197-4639-8004-bf12302838f8 returned with HTTP 202
2025-02-25 21:29:45.606 22 INFO cinder.api.openstack.wsgi [None req-87e6069c-ace4-4e4d-9f9e-b107d019c294 eb5c1d754dc34c6f8f6e6ade32041037 607e35e1d7bc482e9f635386d8e85aa7 - - default default] DELETE http://[LB_IP_ADDRESS]:8776/v3/607e35e1d7bc482e9f635386d8e85aa7/types/d7766e5e-d700-4eb0-855a-988bf6ac19d8
2025-02-25 21:29:45.658 22 INFO cinder.api.openstack.wsgi [None req-87e6069c-ace4-4e4d-9f9e-b107d019c294 eb5c1d754dc34c6f8f6e6ade32041037 607e35e1d7bc482e9f635386d8e85aa7 - - default default] http://[LB_IP_ADDRESS]:8776/v3/607e35e1d7bc482e9f635386d8e85aa7/types/d7766e5e-d700-4eb0-855a-988bf6ac19d8 returned with HTTP 202
2025-02-25 21:29:45.669 25 INFO cinder.api.openstack.wsgi [None req-431410d1-6e8d-450a-bf87-1a00e010453c eb5c1d754dc34c6f8f6e6ade32041037 607e35e1d7bc482e9f635386d8e85aa7 - - default default] GET http://[LB_IP_ADDRESS]:8776/v3/607e35e1d7bc482e9f635386d8e85aa7/types/d7766e5e-d700-4eb0-855a-988bf6ac19d8
2025-02-25 21:29:45.676 25 INFO cinder.api.openstack.wsgi [None req-431410d1-6e8d-450a-bf87-1a00e010453c eb5c1d754dc34c6f8f6e6ade32041037 607e35e1d7bc482e9f635386d8e85aa7 - - default default] http://[LB_IP_ADDRESS]:8776/v3/607e35e1d7bc482e9f635386d8e85aa7/types/d7766e5e-d700-4eb0-855a-988bf6ac19d8 returned with HTTP 404
2025-02-25 21:29:46.261 21 INFO cinder.api.openstack.wsgi [None req-66801f98-7409-44e8-ad97-b5252ccde95b c9af7622cf644c5facc8ed1ddaf18356 c1e88a03ad104857b77330d5535a4b70 - - default default] POST http://[LB_IP_ADDRESS]:8776/v3/c1e88a03ad104857b77330d5535a4b70/qos-specs
2025-02-25 21:29:46.283 21 INFO cinder.api.openstack.wsgi [None req-66801f98-7409-44e8-ad97-b5252ccde95b c9af7622cf644c5facc8ed1ddaf18356 c1e88a03ad104857b77330d5535a4b70 - - default default] http://[LB_IP_ADDRESS]:8776/v3/c1e88a03ad104857b77330d5535a4b70/qos-specs returned with HTTP 200
2025-02-25 21:29:46.300 24 INFO cinder.api.openstack.wsgi [None req-b21382ef-981f-4c69-8c13-18bb47a5a78a c9af7622cf644c5facc8ed1ddaf18356 c1e88a03ad104857b77330d5535a4b70 - - default default] POST http://[LB_IP_ADDRESS]:8776/v3/c1e88a03ad104857b77330d5535a4b70/types
2025-02-25 21:29:46.334 24 INFO cinder.api.openstack.wsgi [None req-b21382ef-981f-4c69-8c13-18bb47a5a78a c9af7622cf644c5facc8ed1ddaf18356 c1e88a03ad104857b77330d5535a4b70 - - default default] http://[LB_IP_ADDRESS]:8776/v3/c1e88a03ad104857b77330d5535a4b70/types returned with HTTP 200
2025-02-25 21:29:46.349 23 INFO cinder.api.openstack.wsgi [None req-23d8c404-5571-49ff-8c74-9c8e442e2967 c9af7622cf644c5facc8ed1ddaf18356 c1e88a03ad104857b77330d5535a4b70 - - default default] POST http://[LB_IP_ADDRESS]:8776/v3/c1e88a03ad104857b77330d5535a4b70/types
2025-02-25 21:29:46.379 23 INFO cinder.api.openstack.wsgi [None req-23d8c404-5571-49ff-8c74-9c8e442e2967 c9af7622cf644c5facc8ed1ddaf18356 c1e88a03ad104857b77330d5535a4b70 - - default default] http://[LB_IP_ADDRESS]:8776/v3/c1e88a03ad104857b77330d5535a4b70/types returned with HTTP 200
2025-02-25 21:29:46.393 22 INFO cinder.api.openstack.wsgi [None req-2316b10a-155e-402e-9f84-88f20682676c c9af7622cf644c5facc8ed1ddaf18356 c1e88a03ad104857b77330d5535a4b70 - - default default] POST http://[LB_IP_ADDRESS]:8776/v3/c1e88a03ad104857b77330d5535a4b70/types
2025-02-25 21:29:46.425 22 INFO cinder.api.openstack.wsgi [None req-2316b10a-155e-402e-9f84-88f20682676c c9af7622cf644c5facc8ed1ddaf18356 c1e88a03ad104857b77330d5535a4b70 - - default default] http://[LB_IP_ADDRESS]:8776/v3/c1e88a03ad104857b77330d5535a4b70/types returned with HTTP 200
2025-02-25 21:29:46.442 25 INFO cinder.api.openstack.wsgi [None req-a39d6fd8-3048-499a-a6df-d34249409758 c9af7622cf644c5facc8ed1ddaf18356 c1e88a03ad104857b77330d5535a4b70 - - default default] GET http://[LB_IP_ADDRESS]:8776/v3/c1e88a03ad104857b77330d5535a4b70/qos-specs/5930f034-e565-4b40-a94f-1ad6cb532e9a/associate?vol_type_id=60472f93-25d5-45fc-a5d5-4522c911047c
2025-02-25 21:29:46.475 25 INFO cinder.api.openstack.wsgi [None req-a39d6fd8-3048-499a-a6df-d34249409758 c9af7622cf644c5facc8ed1ddaf18356 c1e88a03ad104857b77330d5535a4b70 - - default default] http://[LB_IP_ADDRESS]:8776/v3/c1e88a03ad104857b77330d5535a4b70/qos-specs/5930f034-e565-4b40-a94f-1ad6cb532e9a/associate?vol_type_id=60472f93-25d5-45fc-a5d5-4522c911047c returned with HTTP 202
2025-02-25 21:29:46.488 21 INFO cinder.api.openstack.wsgi [None req-ecbb377d-992a-4370-bc40-5bb3224c306f c9af7622cf644c5facc8ed1ddaf18356 c1e88a03ad104857b77330d5535a4b70 - - default default] GET http://[LB_IP_ADDRESS]:8776/v3/c1e88a03ad104857b77330d5535a4b70/qos-specs/5930f034-e565-4b40-a94f-1ad6cb532e9a/associate?vol_type_id=63018acd-9305-40df-a615-3d6428d471ca
2025-02-25 21:29:46.506 24 INFO cinder.api.openstack.wsgi [None req-7d58d75b-3ed3-4772-93cb-1ca99aae08a1 c3d8baf8e68746df9fa59b6f0d111b30 2d23e24aff0040a595ccfe6ff6fa340a - - default default] GET http://[LB_IP_ADDRESS]:8776/v3/2d23e24aff0040a595ccfe6ff6fa340a/groups/6dce39a6-796e-4d2b-80a0-c92dc0b65fe3
2025-02-25 21:29:46.518 21 INFO cinder.api.openstack.wsgi [None req-ecbb377d-992a-4370-bc40-5bb3224c306f c9af7622cf644c5facc8ed1ddaf18356 c1e88a03ad104857b77330d5535a4b70 - - default default] http://[LB_IP_ADDRESS]:8776/v3/c1e88a03ad104857b77330d5535a4b70/qos-specs/5930f034-e565-4b40-a94f-1ad6cb532e9a/associate?vol_type_id=63018acd-9305-40df-a615-3d6428d471ca returned with HTTP 202
2025-02-25 21:29:46.530 24 INFO cinder.api.openstack.wsgi [None req-7d58d75b-3ed3-4772-93cb-1ca99aae08a1 c3d8baf8e68746df9fa59b6f0d111b30 2d23e24aff0040a595ccfe6ff6fa340a - - default default] http://[LB_IP_ADDRESS]:8776/v3/2d23e24aff0040a595ccfe6ff6fa340a/groups/6dce39a6-796e-4d2b-80a0-c92dc0b65fe3 returned with HTTP 200
2025-02-25 21:29:46.532 23 INFO cinder.api.openstack.wsgi [None req-c4165b2e-3098-41e7-b4aa-c07c5150127e c9af7622cf644c5facc8ed1ddaf18356 c1e88a03ad104857b77330d5535a4b70 - - default default] GET http://[LB_IP_ADDRESS]:8776/v3/c1e88a03ad104857b77330d5535a4b70/qos-specs/5930f034-e565-4b40-a94f-1ad6cb532e9a/associate?vol_type_id=d40aafd5-bc8b-4d18-a605-09d2032c5ca9
2025-02-25 21:29:46.546 22 INFO cinder.api.openstack.wsgi [None req-440e5734-b35d-46b0-bd26-706d9a7ae4c2 c3d8baf8e68746df9fa59b6f0d111b30 2d23e24aff0040a595ccfe6ff6fa340a - - default default] GET http://[LB_IP_ADDRESS]:8776/v3/2d23e24aff0040a595ccfe6ff6fa340a/volumes/detail
2025-02-25 21:29:46.562 23 INFO cinder.api.openstack.wsgi [None req-c4165b2e-3098-41e7-b4aa-c07c5150127e c9af7622cf644c5facc8ed1ddaf18356 c1e88a03ad104857b77330d5535a4b70 - - default default] http://[LB_IP_ADDRESS]:8776/v3/c1e88a03ad104857b77330d5535a4b70/qos-specs/5930f034-e565-4b40-a94f-1ad6cb532e9a/associate?vol_type_id=d40aafd5-bc8b-4d18-a605-09d2032c5ca9 returned with HTTP 202
2025-02-25 21:29:46.567 22 INFO cinder.volume.api [None req-440e5734-b35d-46b0-bd26-706d9a7ae4c2 c3d8baf8e68746df9fa59b6f0d111b30 2d23e24aff0040a595ccfe6ff6fa340a - - default default] Get all volumes completed successfully.
2025-02-25 21:29:46.575 25 INFO cinder.api.openstack.wsgi [None req-4fe99236-b922-47be-98ac-c14cf233531c c9af7622cf644c5facc8ed1ddaf18356 c1e88a03ad104857b77330d5535a4b70 - - default default] GET http://[LB_IP_ADDRESS]:8776/v3/c1e88a03ad104857b77330d5535a4b70/qos-specs/5930f034-e565-4b40-a94f-1ad6cb532e9a/associations
2025-02-25 21:29:46.591 25 INFO cinder.api.openstack.wsgi [None req-4fe99236-b922-47be-98ac-c14cf233531c c9af7622cf644c5facc8ed1ddaf18356 c1e88a03ad104857b77330d5535a4b70 - - default default] http://[LB_IP_ADDRESS]:8776/v3/c1e88a03ad104857b77330d5535a4b70/qos-specs/5930f034-e565-4b40-a94f-1ad6cb532e9a/associations returned with HTTP 200
2025-02-25 21:29:46.607 21 INFO cinder.api.openstack.wsgi [None req-6bc4ea0d-6e84-4c83-956d-53ac5152bdff c9af7622cf644c5facc8ed1ddaf18356 c1e88a03ad104857b77330d5535a4b70 - - default default] GET http://[LB_IP_ADDRESS]:8776/v3/c1e88a03ad104857b77330d5535a4b70/qos-specs/5930f034-e565-4b40-a94f-1ad6cb532e9a/disassociate?vol_type_id=60472f93-25d5-45fc-a5d5-4522c911047c
2025-02-25 21:29:46.615 22 INFO cinder.api.openstack.wsgi [None req-440e5734-b35d-46b0-bd26-706d9a7ae4c2 c3d8baf8e68746df9fa59b6f0d111b30 2d23e24aff0040a595ccfe6ff6fa340a - - default default] http://[LB_IP_ADDRESS]:8776/v3/2d23e24aff0040a595ccfe6ff6fa340a/volumes/detail returned with HTTP 200
2025-02-25 21:29:46.629 21 INFO cinder.api.openstack.wsgi [None req-6bc4ea0d-6e84-4c83-956d-53ac5152bdff c9af7622cf644c5facc8ed1ddaf18356 c1e88a03ad104857b77330d5535a4b70 - - default default] http://[LB_IP_ADDRESS]:8776/v3/c1e88a03ad104857b77330d5535a4b70/qos-specs/5930f034-e565-4b40-a94f-1ad6cb532e9a/disassociate?vol_type_id=60472f93-25d5-45fc-a5d5-4522c911047c returned with HTTP 202
2025-02-25 21:29:46.643 24 INFO cinder.api.openstack.wsgi [None req-ed882c5b-6c12-4e8e-9bf8-902e7d1df63e c9af7622cf644c5facc8ed1ddaf18356 c1e88a03ad104857b77330d5535a4b70 - - default default] GET http://[LB_IP_ADDRESS]:8776/v3/c1e88a03ad104857b77330d5535a4b70/qos-specs/5930f034-e565-4b40-a94f-1ad6cb532e9a/associations
2025-02-25 21:29:46.644 23 INFO cinder.api.openstack.wsgi [None req-b56eff37-0489-454d-91f0-b281cf5fee0b c3d8baf8e68746df9fa59b6f0d111b30 2d23e24aff0040a595ccfe6ff6fa340a - - default default] POST http://[LB_IP_ADDRESS]:8776/v3/2d23e24aff0040a595ccfe6ff6fa340a/group_snapshots
2025-02-25 21:29:46.661 24 INFO cinder.api.openstack.wsgi [None req-ed882c5b-6c12-4e8e-9bf8-902e7d1df63e c9af7622cf644c5facc8ed1ddaf18356 c1e88a03ad104857b77330d5535a4b70 - - default default] http://[LB_IP_ADDRESS]:8776/v3/c1e88a03ad104857b77330d5535a4b70/qos-specs/5930f034-e565-4b40-a94f-1ad6cb532e9a/associations returned with HTTP 200
2025-02-25 21:29:46.664 23 INFO cinder.api.v3.group_snapshots [None req-b56eff37-0489-454d-91f0-b281cf5fee0b c3d8baf8e68746df9fa59b6f0d111b30 2d23e24aff0040a595ccfe6ff6fa340a - - default default] Creating group_snapshot tempest-GroupSnapshotsTest-Group_Snapshot-1066089675.
2025-02-25 21:29:46.675 25 INFO cinder.api.openstack.wsgi [None req-7c630c03-9acd-4ecd-885d-3b29cb010fc7 c9af7622cf644c5facc8ed1ddaf18356 c1e88a03ad104857b77330d5535a4b70 - - default default] GET http://[LB_IP_ADDRESS]:8776/v3/c1e88a03ad104857b77330d5535a4b70/qos-specs/5930f034-e565-4b40-a94f-1ad6cb532e9a/disassociate_all
2025-02-25 21:29:46.691 25 INFO cinder.api.openstack.wsgi [None req-7c630c03-9acd-4ecd-885d-3b29cb010fc7 c9af7622cf644c5facc8ed1ddaf18356 c1e88a03ad104857b77330d5535a4b70 - - default default] http://[LB_IP_ADDRESS]:8776/v3/c1e88a03ad104857b77330d5535a4b70/qos-specs/5930f034-e565-4b40-a94f-1ad6cb532e9a/disassociate_all returned with HTTP 202
2025-02-25 21:29:46.705 22 INFO cinder.api.openstack.wsgi [None req-fd2ed5db-4b12-43cd-8f78-20d840ab64bb c9af7622cf644c5facc8ed1ddaf18356 c1e88a03ad104857b77330d5535a4b70 - - default default] GET http://[LB_IP_ADDRESS]:8776/v3/c1e88a03ad104857b77330d5535a4b70/qos-specs/5930f034-e565-4b40-a94f-1ad6cb532e9a/associations
2025-02-25 21:29:46.721 22 INFO cinder.api.openstack.wsgi [None req-fd2ed5db-4b12-43cd-8f78-20d840ab64bb c9af7622cf644c5facc8ed1ddaf18356 c1e88a03ad104857b77330d5535a4b70 - - default default] http://[LB_IP_ADDRESS]:8776/v3/c1e88a03ad104857b77330d5535a4b70/qos-specs/5930f034-e565-4b40-a94f-1ad6cb532e9a/associations returned with HTTP 200
2025-02-25 21:29:46.734 21 INFO cinder.api.openstack.wsgi [None req-ab56f811-8390-46b6-beae-651402e4500d c9af7622cf644c5facc8ed1ddaf18356 c1e88a03ad104857b77330d5535a4b70 - - default default] DELETE http://[LB_IP_ADDRESS]:8776/v3/c1e88a03ad104857b77330d5535a4b70/types/d40aafd5-bc8b-4d18-a605-09d2032c5ca9
2025-02-25 21:29:46.772 23 WARNING cinder.quota [None req-b56eff37-0489-454d-91f0-b281cf5fee0b c3d8baf8e68746df9fa59b6f0d111b30 2d23e24aff0040a595ccfe6ff6fa340a - - default default] Deprecated: Default quota for resource: gigabytes_tempest-GroupSnapshotsTest-volume-type-759996215 is set by the default quota flag: quota_gigabytes_tempest-GroupSnapshotsTest-volume-type-759996215, it is now deprecated. Please use the default quota class for default quota.
2025-02-25 21:29:46.773 23 WARNING cinder.quota [None req-b56eff37-0489-454d-91f0-b281cf5fee0b c3d8baf8e68746df9fa59b6f0d111b30 2d23e24aff0040a595ccfe6ff6fa340a - - default default] Deprecated: Default quota for resource: snapshots_tempest-GroupSnapshotsTest-volume-type-759996215 is set by the default quota flag: quota_snapshots_tempest-GroupSnapshotsTest-volume-type-759996215, it is now deprecated. Please use the default quota class for default quota.
2025-02-25 21:29:46.787 21 INFO cinder.api.openstack.wsgi [None req-ab56f811-8390-46b6-beae-651402e4500d c9af7622cf644c5facc8ed1ddaf18356 c1e88a03ad104857b77330d5535a4b70 - - default default] http://[LB_IP_ADDRESS]:8776/v3/c1e88a03ad104857b77330d5535a4b70/types/d40aafd5-bc8b-4d18-a605-09d2032c5ca9 returned with HTTP 202
2025-02-25 21:29:46.797 24 INFO cinder.api.openstack.wsgi [None req-629c5535-8e5d-4224-bfff-fb2a1064563e c9af7622cf644c5facc8ed1ddaf18356 c1e88a03ad104857b77330d5535a4b70 - - default default] GET http://[LB_IP_ADDRESS]:8776/v3/c1e88a03ad104857b77330d5535a4b70/types/d40aafd5-bc8b-4d18-a605-09d2032c5ca9
2025-02-25 21:29:46.803 24 INFO cinder.api.openstack.wsgi [None req-629c5535-8e5d-4224-bfff-fb2a1064563e c9af7622cf644c5facc8ed1ddaf18356 c1e88a03ad104857b77330d5535a4b70 - - default default] http://[LB_IP_ADDRESS]:8776/v3/c1e88a03ad104857b77330d5535a4b70/types/d40aafd5-bc8b-4d18-a605-09d2032c5ca9 returned with HTTP 404
2025-02-25 21:29:46.814 25 INFO cinder.api.openstack.wsgi [None req-c2a33d73-6a3d-462c-ade7-d39ffd8708d4 c9af7622cf644c5facc8ed1ddaf18356 c1e88a03ad104857b77330d5535a4b70 - - default default] DELETE http://[LB_IP_ADDRESS]:8776/v3/c1e88a03ad104857b77330d5535a4b70/types/63018acd-9305-40df-a615-3d6428d471ca
2025-02-25 21:29:46.858 23 INFO cinder.api.openstack.wsgi [None req-b56eff37-0489-454d-91f0-b281cf5fee0b c3d8baf8e68746df9fa59b6f0d111b30 2d23e24aff0040a595ccfe6ff6fa340a - - default default] http://[LB_IP_ADDRESS]:8776/v3/2d23e24aff0040a595ccfe6ff6fa340a/group_snapshots returned with HTTP 202
2025-02-25 21:29:46.868 25 INFO cinder.api.openstack.wsgi [None req-c2a33d73-6a3d-462c-ade7-d39ffd8708d4 c9af7622cf644c5facc8ed1ddaf18356 c1e88a03ad104857b77330d5535a4b70 - - default default] http://[LB_IP_ADDRESS]:8776/v3/c1e88a03ad104857b77330d5535a4b70/types/63018acd-9305-40df-a615-3d6428d471ca returned with HTTP 202
2025-02-25 21:29:46.872 22 INFO cinder.api.openstack.wsgi [None req-67d478cf-3f95-471a-90f5-da9a6888c310 c3d8baf8e68746df9fa59b6f0d111b30 2d23e24aff0040a595ccfe6ff6fa340a - - default default] GET http://[LB_IP_ADDRESS]:8776/v3/2d23e24aff0040a595ccfe6ff6fa340a/group_snapshots/a2f6b0d4-3500-43f3-832c-a6977200fe20
2025-02-25 21:29:46.879 21 INFO cinder.api.openstack.wsgi [None req-3caaefe2-36f5-4c3a-82bc-724bfb4249b5 c9af7622cf644c5facc8ed1ddaf18356 c1e88a03ad104857b77330d5535a4b70 - - default default] GET http://[LB_IP_ADDRESS]:8776/v3/c1e88a03ad104857b77330d5535a4b70/types/63018acd-9305-40df-a615-3d6428d471ca
2025-02-25 21:29:46.886 21 INFO cinder.api.openstack.wsgi [None req-3caaefe2-36f5-4c3a-82bc-724bfb4249b5 c9af7622cf644c5facc8ed1ddaf18356 c1e88a03ad104857b77330d5535a4b70 - - default default] http://[LB_IP_ADDRESS]:8776/v3/c1e88a03ad104857b77330d5535a4b70/types/63018acd-9305-40df-a615-3d6428d471ca returned with HTTP 404
2025-02-25 21:29:46.896 24 INFO cinder.api.openstack.wsgi [None req-6210851e-ab7c-41a8-b8b5-e51cd77c42a5 c9af7622cf644c5facc8ed1ddaf18356 c1e88a03ad104857b77330d5535a4b70 - - default default] DELETE http://[LB_IP_ADDRESS]:8776/v3/c1e88a03ad104857b77330d5535a4b70/types/60472f93-25d5-45fc-a5d5-4522c911047c
2025-02-25 21:29:46.901 22 INFO cinder.api.openstack.wsgi [None req-67d478cf-3f95-471a-90f5-da9a6888c310 c3d8baf8e68746df9fa59b6f0d111b30 2d23e24aff0040a595ccfe6ff6fa340a - - default default] http://[LB_IP_ADDRESS]:8776/v3/2d23e24aff0040a595ccfe6ff6fa340a/group_snapshots/a2f6b0d4-3500-43f3-832c-a6977200fe20 returned with HTTP 200
2025-02-25 21:29:46.946 24 INFO cinder.api.openstack.wsgi [None req-6210851e-ab7c-41a8-b8b5-e51cd77c42a5 c9af7622cf644c5facc8ed1ddaf18356 c1e88a03ad104857b77330d5535a4b70 - - default default] http://[LB_IP_ADDRESS]:8776/v3/c1e88a03ad104857b77330d5535a4b70/types/60472f93-25d5-45fc-a5d5-4522c911047c returned with HTTP 202
2025-02-25 21:29:46.958 23 INFO cinder.api.openstack.wsgi [None req-2c5e96f8-678d-4c1d-a84b-035047bcbcd9 c9af7622cf644c5facc8ed1ddaf18356 c1e88a03ad104857b77330d5535a4b70 - - default default] GET http://[LB_IP_ADDRESS]:8776/v3/c1e88a03ad104857b77330d5535a4b70/types/60472f93-25d5-45fc-a5d5-4522c911047c
2025-02-25 21:29:46.965 23 INFO cinder.api.openstack.wsgi [None req-2c5e96f8-678d-4c1d-a84b-035047bcbcd9 c9af7622cf644c5facc8ed1ddaf18356 c1e88a03ad104857b77330d5535a4b70 - - default default] http://[LB_IP_ADDRESS]:8776/v3/c1e88a03ad104857b77330d5535a4b70/types/60472f93-25d5-45fc-a5d5-4522c911047c returned with HTTP 404
2025-02-25 21:29:46.979 25 INFO cinder.api.openstack.wsgi [None req-ebeea1f3-2be4-4ee4-8c2b-402faaacba17 c9af7622cf644c5facc8ed1ddaf18356 c1e88a03ad104857b77330d5535a4b70 - - default default] POST http://[LB_IP_ADDRESS]:8776/v3/c1e88a03ad104857b77330d5535a4b70/qos-specs
2025-02-25 21:29:46.997 25 INFO cinder.api.openstack.wsgi [None req-ebeea1f3-2be4-4ee4-8c2b-402faaacba17 c9af7622cf644c5facc8ed1ddaf18356 c1e88a03ad104857b77330d5535a4b70 - - default default] http://[LB_IP_ADDRESS]:8776/v3/c1e88a03ad104857b77330d5535a4b70/qos-specs returned with HTTP 200
2025-02-25 21:29:47.013 21 INFO cinder.api.openstack.wsgi [None req-03f06b23-2849-4367-a527-7ecd1b7b561f c9af7622cf644c5facc8ed1ddaf18356 c1e88a03ad104857b77330d5535a4b70 - - default default] DELETE http://[LB_IP_ADDRESS]:8776/v3/c1e88a03ad104857b77330d5535a4b70/qos-specs/21962822-03c1-45a6-90af-99cd432c917d?force=False
2025-02-25 21:29:47.042 21 INFO cinder.api.openstack.wsgi [None req-03f06b23-2849-4367-a527-7ecd1b7b561f c9af7622cf644c5facc8ed1ddaf18356 c1e88a03ad104857b77330d5535a4b70 - - default default] http://[LB_IP_ADDRESS]:8776/v3/c1e88a03ad104857b77330d5535a4b70/qos-specs/21962822-03c1-45a6-90af-99cd432c917d?force=False returned with HTTP 202
2025-02-25 21:29:47.062 22 INFO cinder.api.openstack.wsgi [None req-96e3cf0f-ef1e-4ebb-a990-6c5f3d7d9ef5 c9af7622cf644c5facc8ed1ddaf18356 c1e88a03ad104857b77330d5535a4b70 - - default default] GET http://[LB_IP_ADDRESS]:8776/v3/c1e88a03ad104857b77330d5535a4b70/qos-specs/21962822-03c1-45a6-90af-99cd432c917d
2025-02-25 21:29:47.071 22 INFO cinder.api.openstack.wsgi [None req-96e3cf0f-ef1e-4ebb-a990-6c5f3d7d9ef5 c9af7622cf644c5facc8ed1ddaf18356 c1e88a03ad104857b77330d5535a4b70 - - default default] http://[LB_IP_ADDRESS]:8776/v3/c1e88a03ad104857b77330d5535a4b70/qos-specs/21962822-03c1-45a6-90af-99cd432c917d returned with HTTP 404
2025-02-25 21:29:47.084 24 INFO cinder.api.openstack.wsgi [None req-29d265d2-4713-41ab-9327-358b0983907e c9af7622cf644c5facc8ed1ddaf18356 c1e88a03ad104857b77330d5535a4b70 - - default default] GET http://[LB_IP_ADDRESS]:8776/v3/c1e88a03ad104857b77330d5535a4b70/qos-specs
2025-02-25 21:29:47.096 24 INFO cinder.api.openstack.wsgi [None req-29d265d2-4713-41ab-9327-358b0983907e c9af7622cf644c5facc8ed1ddaf18356 c1e88a03ad104857b77330d5535a4b70 - - default default] http://[LB_IP_ADDRESS]:8776/v3/c1e88a03ad104857b77330d5535a4b70/qos-specs returned with HTTP 200
2025-02-25 21:29:47.112 23 INFO cinder.api.openstack.wsgi [None req-70de3d6d-a463-42f8-a9ab-00e01213ab98 c9af7622cf644c5facc8ed1ddaf18356 c1e88a03ad104857b77330d5535a4b70 - - default default] DELETE http://[LB_IP_ADDRESS]:8776/v3/c1e88a03ad104857b77330d5535a4b70/qos-specs/21962822-03c1-45a6-90af-99cd432c917d?force=False
2025-02-25 21:29:47.121 23 INFO cinder.api.openstack.wsgi [None req-70de3d6d-a463-42f8-a9ab-00e01213ab98 c9af7622cf644c5facc8ed1ddaf18356 c1e88a03ad104857b77330d5535a4b70 - - default default] http://[LB_IP_ADDRESS]:8776/v3/c1e88a03ad104857b77330d5535a4b70/qos-specs/21962822-03c1-45a6-90af-99cd432c917d?force=False returned with HTTP 404
2025-02-25 21:29:47.134 25 INFO cinder.api.openstack.wsgi [None req-71063b81-b67b-491e-b249-125e8fe369f7 c9af7622cf644c5facc8ed1ddaf18356 c1e88a03ad104857b77330d5535a4b70 - - default default] GET http://[LB_IP_ADDRESS]:8776/v3/c1e88a03ad104857b77330d5535a4b70/qos-specs/21962822-03c1-45a6-90af-99cd432c917d
2025-02-25 21:29:47.141 25 INFO cinder.api.openstack.wsgi [None req-71063b81-b67b-491e-b249-125e8fe369f7 c9af7622cf644c5facc8ed1ddaf18356 c1e88a03ad104857b77330d5535a4b70 - - default default] http://[LB_IP_ADDRESS]:8776/v3/c1e88a03ad104857b77330d5535a4b70/qos-specs/21962822-03c1-45a6-90af-99cd432c917d returned with HTTP 404
2025-02-25 21:29:47.156 21 INFO cinder.api.openstack.wsgi [None req-d6c4eb4f-0cf2-464a-b5d4-c583134fdb89 c9af7622cf644c5facc8ed1ddaf18356 c1e88a03ad104857b77330d5535a4b70 - - default default] POST http://[LB_IP_ADDRESS]:8776/v3/c1e88a03ad104857b77330d5535a4b70/qos-specs
2025-02-25 21:29:47.174 21 INFO cinder.api.openstack.wsgi [None req-d6c4eb4f-0cf2-464a-b5d4-c583134fdb89 c9af7622cf644c5facc8ed1ddaf18356 c1e88a03ad104857b77330d5535a4b70 - - default default] http://[LB_IP_ADDRESS]:8776/v3/c1e88a03ad104857b77330d5535a4b70/qos-specs returned with HTTP 200
2025-02-25 21:29:47.190 22 INFO cinder.api.openstack.wsgi [None req-67c35cc9-e0e4-484a-b6f0-7bdc7a0052ea c9af7622cf644c5facc8ed1ddaf18356 c1e88a03ad104857b77330d5535a4b70 - - default default] DELETE http://[LB_IP_ADDRESS]:8776/v3/c1e88a03ad104857b77330d5535a4b70/qos-specs/403e6868-100e-4833-bcd2-4900bfc56d73?force=False
2025-02-25 21:29:47.223 22 INFO cinder.api.openstack.wsgi [None req-67c35cc9-e0e4-484a-b6f0-7bdc7a0052ea c9af7622cf644c5facc8ed1ddaf18356 c1e88a03ad104857b77330d5535a4b70 - - default default] http://[LB_IP_ADDRESS]:8776/v3/c1e88a03ad104857b77330d5535a4b70/qos-specs/403e6868-100e-4833-bcd2-4900bfc56d73?force=False returned with HTTP 202
2025-02-25 21:29:47.236 24 INFO cinder.api.openstack.wsgi [None req-daecf009-d125-4862-be87-741eff0fc839 c9af7622cf644c5facc8ed1ddaf18356 c1e88a03ad104857b77330d5535a4b70 - - default default] GET http://[LB_IP_ADDRESS]:8776/v3/c1e88a03ad104857b77330d5535a4b70/qos-specs/403e6868-100e-4833-bcd2-4900bfc56d73
2025-02-25 21:29:47.243 24 INFO cinder.api.openstack.wsgi [None req-daecf009-d125-4862-be87-741eff0fc839 c9af7622cf644c5facc8ed1ddaf18356 c1e88a03ad104857b77330d5535a4b70 - - default default] http://[LB_IP_ADDRESS]:8776/v3/c1e88a03ad104857b77330d5535a4b70/qos-specs/403e6868-100e-4833-bcd2-4900bfc56d73 returned with HTTP 404
2025-02-25 21:29:47.256 23 INFO cinder.api.openstack.wsgi [None req-596a9711-114b-4ca9-98c0-48b743d25fd9 c9af7622cf644c5facc8ed1ddaf18356 c1e88a03ad104857b77330d5535a4b70 - - default default] GET http://[LB_IP_ADDRESS]:8776/v3/c1e88a03ad104857b77330d5535a4b70/qos-specs
2025-02-25 21:29:47.268 23 INFO cinder.api.openstack.wsgi [None req-596a9711-114b-4ca9-98c0-48b743d25fd9 c9af7622cf644c5facc8ed1ddaf18356 c1e88a03ad104857b77330d5535a4b70 - - default default] http://[LB_IP_ADDRESS]:8776/v3/c1e88a03ad104857b77330d5535a4b70/qos-specs returned with HTTP 200
2025-02-25 21:29:47.283 25 INFO cinder.api.openstack.wsgi [None req-ab97425c-4999-4461-ba4a-407e02e01354 c9af7622cf644c5facc8ed1ddaf18356 c1e88a03ad104857b77330d5535a4b70 - - default default] DELETE http://[LB_IP_ADDRESS]:8776/v3/c1e88a03ad104857b77330d5535a4b70/qos-specs/403e6868-100e-4833-bcd2-4900bfc56d73?force=False
2025-02-25 21:29:47.292 25 INFO cinder.api.openstack.wsgi [None req-ab97425c-4999-4461-ba4a-407e02e01354 c9af7622cf644c5facc8ed1ddaf18356 c1e88a03ad104857b77330d5535a4b70 - - default default] http://[LB_IP_ADDRESS]:8776/v3/c1e88a03ad104857b77330d5535a4b70/qos-specs/403e6868-100e-4833-bcd2-4900bfc56d73?force=False returned with HTTP 404
2025-02-25 21:29:47.305 21 INFO cinder.api.openstack.wsgi [None req-05fdd7c9-d6b3-430b-819d-2295973ced2f c9af7622cf644c5facc8ed1ddaf18356 c1e88a03ad104857b77330d5535a4b70 - - default default] GET http://[LB_IP_ADDRESS]:8776/v3/c1e88a03ad104857b77330d5535a4b70/qos-specs/403e6868-100e-4833-bcd2-4900bfc56d73
2025-02-25 21:29:47.313 21 INFO cinder.api.openstack.wsgi [None req-05fdd7c9-d6b3-430b-819d-2295973ced2f c9af7622cf644c5facc8ed1ddaf18356 c1e88a03ad104857b77330d5535a4b70 - - default default] http://[LB_IP_ADDRESS]:8776/v3/c1e88a03ad104857b77330d5535a4b70/qos-specs/403e6868-100e-4833-bcd2-4900bfc56d73 returned with HTTP 404
2025-02-25 21:29:47.327 22 INFO cinder.api.openstack.wsgi [None req-e8052643-b15e-48a2-9fee-932df2994f23 c9af7622cf644c5facc8ed1ddaf18356 c1e88a03ad104857b77330d5535a4b70 - - default default] POST http://[LB_IP_ADDRESS]:8776/v3/c1e88a03ad104857b77330d5535a4b70/qos-specs
2025-02-25 21:29:47.349 22 INFO cinder.api.openstack.wsgi [None req-e8052643-b15e-48a2-9fee-932df2994f23 c9af7622cf644c5facc8ed1ddaf18356 c1e88a03ad104857b77330d5535a4b70 - - default default] http://[LB_IP_ADDRESS]:8776/v3/c1e88a03ad104857b77330d5535a4b70/qos-specs returned with HTTP 200
2025-02-25 21:29:47.365 24 INFO cinder.api.openstack.wsgi [None req-53d98249-dcff-49f3-98b2-cd62c2ef0045 c9af7622cf644c5facc8ed1ddaf18356 c1e88a03ad104857b77330d5535a4b70 - - default default] DELETE http://[LB_IP_ADDRESS]:8776/v3/c1e88a03ad104857b77330d5535a4b70/qos-specs/e5e02cc0-5c6b-475c-9518-087925ed5f99?force=False
2025-02-25 21:29:47.396 24 INFO cinder.api.openstack.wsgi [None req-53d98249-dcff-49f3-98b2-cd62c2ef0045 c9af7622cf644c5facc8ed1ddaf18356 c1e88a03ad104857b77330d5535a4b70 - - default default] http://[LB_IP_ADDRESS]:8776/v3/c1e88a03ad104857b77330d5535a4b70/qos-specs/e5e02cc0-5c6b-475c-9518-087925ed5f99?force=False returned with HTTP 202
2025-02-25 21:29:47.409 23 INFO cinder.api.openstack.wsgi [None req-d14d64c2-6620-4f8f-8a04-fa2d63f98e4c c9af7622cf644c5facc8ed1ddaf18356 c1e88a03ad104857b77330d5535a4b70 - - default default] GET http://[LB_IP_ADDRESS]:8776/v3/c1e88a03ad104857b77330d5535a4b70/qos-specs/e5e02cc0-5c6b-475c-9518-087925ed5f99
2025-02-25 21:29:47.417 23 INFO cinder.api.openstack.wsgi [None req-d14d64c2-6620-4f8f-8a04-fa2d63f98e4c c9af7622cf644c5facc8ed1ddaf18356 c1e88a03ad104857b77330d5535a4b70 - - default default] http://[LB_IP_ADDRESS]:8776/v3/c1e88a03ad104857b77330d5535a4b70/qos-specs/e5e02cc0-5c6b-475c-9518-087925ed5f99 returned with HTTP 404
2025-02-25 21:29:47.429 25 INFO cinder.api.openstack.wsgi [None req-01cf0034-b2eb-4762-bddf-5b8a246f10f1 c9af7622cf644c5facc8ed1ddaf18356 c1e88a03ad104857b77330d5535a4b70 - - default default] GET http://[LB_IP_ADDRESS]:8776/v3/c1e88a03ad104857b77330d5535a4b70/qos-specs
2025-02-25 21:29:47.441 25 INFO cinder.api.openstack.wsgi [None req-01cf0034-b2eb-4762-bddf-5b8a246f10f1 c9af7622cf644c5facc8ed1ddaf18356 c1e88a03ad104857b77330d5535a4b70 - - default default] http://[LB_IP_ADDRESS]:8776/v3/c1e88a03ad104857b77330d5535a4b70/qos-specs returned with HTTP 200
2025-02-25 21:29:47.456 21 INFO cinder.api.openstack.wsgi [None req-c605249b-c302-4ccd-bd94-e6217a4fbb1f c9af7622cf644c5facc8ed1ddaf18356 c1e88a03ad104857b77330d5535a4b70 - - default default] DELETE http://[LB_IP_ADDRESS]:8776/v3/c1e88a03ad104857b77330d5535a4b70/qos-specs/e5e02cc0-5c6b-475c-9518-087925ed5f99?force=False
2025-02-25 21:29:47.465 21 INFO cinder.api.openstack.wsgi [None req-c605249b-c302-4ccd-bd94-e6217a4fbb1f c9af7622cf644c5facc8ed1ddaf18356 c1e88a03ad104857b77330d5535a4b70 - - default default] http://[LB_IP_ADDRESS]:8776/v3/c1e88a03ad104857b77330d5535a4b70/qos-specs/e5e02cc0-5c6b-475c-9518-087925ed5f99?force=False returned with HTTP 404
2025-02-25 21:29:47.478 22 INFO cinder.api.openstack.wsgi [None req-e558faf9-ae47-4228-9a71-4d691b1c8938 c9af7622cf644c5facc8ed1ddaf18356 c1e88a03ad104857b77330d5535a4b70 - - default default] GET http://[LB_IP_ADDRESS]:8776/v3/c1e88a03ad104857b77330d5535a4b70/qos-specs/e5e02cc0-5c6b-475c-9518-087925ed5f99
2025-02-25 21:29:47.485 22 INFO cinder.api.openstack.wsgi [None req-e558faf9-ae47-4228-9a71-4d691b1c8938 c9af7622cf644c5facc8ed1ddaf18356 c1e88a03ad104857b77330d5535a4b70 - - default default] http://[LB_IP_ADDRESS]:8776/v3/c1e88a03ad104857b77330d5535a4b70/qos-specs/e5e02cc0-5c6b-475c-9518-087925ed5f99 returned with HTTP 404
2025-02-25 21:29:47.499 24 INFO cinder.api.openstack.wsgi [None req-0a3fb936-ea51-46d0-9616-5f97004740a6 c9af7622cf644c5facc8ed1ddaf18356 c1e88a03ad104857b77330d5535a4b70 - - default default] GET http://[LB_IP_ADDRESS]:8776/v3/c1e88a03ad104857b77330d5535a4b70/qos-specs/5930f034-e565-4b40-a94f-1ad6cb532e9a
2025-02-25 21:29:47.508 24 INFO cinder.api.openstack.wsgi [None req-0a3fb936-ea51-46d0-9616-5f97004740a6 c9af7622cf644c5facc8ed1ddaf18356 c1e88a03ad104857b77330d5535a4b70 - - default default] http://[LB_IP_ADDRESS]:8776/v3/c1e88a03ad104857b77330d5535a4b70/qos-specs/5930f034-e565-4b40-a94f-1ad6cb532e9a returned with HTTP 200
2025-02-25 21:29:47.525 23 INFO cinder.api.openstack.wsgi [None req-58bdfec3-4ca0-45c9-8b5a-873a3fb6d14f c9af7622cf644c5facc8ed1ddaf18356 c1e88a03ad104857b77330d5535a4b70 - - default default] GET http://[LB_IP_ADDRESS]:8776/v3/c1e88a03ad104857b77330d5535a4b70/qos-specs
2025-02-25 21:29:47.537 23 INFO cinder.api.openstack.wsgi [None req-58bdfec3-4ca0-45c9-8b5a-873a3fb6d14f c9af7622cf644c5facc8ed1ddaf18356 c1e88a03ad104857b77330d5535a4b70 - - default default] http://[LB_IP_ADDRESS]:8776/v3/c1e88a03ad104857b77330d5535a4b70/qos-specs returned with HTTP 200
2025-02-25 21:29:47.554 25 INFO cinder.api.openstack.wsgi [None req-da0e7000-e879-4335-9fee-b3facfeaa3ee c9af7622cf644c5facc8ed1ddaf18356 c1e88a03ad104857b77330d5535a4b70 - - default default] PUT http://[LB_IP_ADDRESS]:8776/v3/c1e88a03ad104857b77330d5535a4b70/qos-specs/5930f034-e565-4b40-a94f-1ad6cb532e9a
2025-02-25 21:29:47.580 25 INFO cinder.api.openstack.wsgi [None req-da0e7000-e879-4335-9fee-b3facfeaa3ee c9af7622cf644c5facc8ed1ddaf18356 c1e88a03ad104857b77330d5535a4b70 - - default default] http://[LB_IP_ADDRESS]:8776/v3/c1e88a03ad104857b77330d5535a4b70/qos-specs/5930f034-e565-4b40-a94f-1ad6cb532e9a returned with HTTP 200
2025-02-25 21:29:47.595 21 INFO cinder.api.openstack.wsgi [None req-92ebc3a8-976b-4059-894e-cddd85a5ff72 c9af7622cf644c5facc8ed1ddaf18356 c1e88a03ad104857b77330d5535a4b70 - - default default] GET http://[LB_IP_ADDRESS]:8776/v3/c1e88a03ad104857b77330d5535a4b70/qos-specs/5930f034-e565-4b40-a94f-1ad6cb532e9a
2025-02-25 21:29:47.625 21 INFO cinder.api.openstack.wsgi [None req-92ebc3a8-976b-4059-894e-cddd85a5ff72 c9af7622cf644c5facc8ed1ddaf18356 c1e88a03ad104857b77330d5535a4b70 - - default default] http://[LB_IP_ADDRESS]:8776/v3/c1e88a03ad104857b77330d5535a4b70/qos-specs/5930f034-e565-4b40-a94f-1ad6cb532e9a returned with HTTP 200
2025-02-25 21:29:47.644 22 INFO cinder.api.openstack.wsgi [None req-12fe5f24-7f4a-490f-854f-06f96f44009e c9af7622cf644c5facc8ed1ddaf18356 c1e88a03ad104857b77330d5535a4b70 - - default default] PUT http://[LB_IP_ADDRESS]:8776/v3/c1e88a03ad104857b77330d5535a4b70/qos-specs/5930f034-e565-4b40-a94f-1ad6cb532e9a/delete_keys
2025-02-25 21:29:47.671 22 INFO cinder.api.openstack.wsgi [None req-12fe5f24-7f4a-490f-854f-06f96f44009e c9af7622cf644c5facc8ed1ddaf18356 c1e88a03ad104857b77330d5535a4b70 - - default default] http://[LB_IP_ADDRESS]:8776/v3/c1e88a03ad104857b77330d5535a4b70/qos-specs/5930f034-e565-4b40-a94f-1ad6cb532e9a/delete_keys returned with HTTP 202
2025-02-25 21:29:47.685 24 INFO cinder.api.openstack.wsgi [None req-bc6853d7-8e35-4dba-9d69-91f12a5d2a15 c9af7622cf644c5facc8ed1ddaf18356 c1e88a03ad104857b77330d5535a4b70 - - default default] GET http://[LB_IP_ADDRESS]:8776/v3/c1e88a03ad104857b77330d5535a4b70/qos-specs/5930f034-e565-4b40-a94f-1ad6cb532e9a
2025-02-25 21:29:47.693 24 INFO cinder.api.openstack.wsgi [None req-bc6853d7-8e35-4dba-9d69-91f12a5d2a15 c9af7622cf644c5facc8ed1ddaf18356 c1e88a03ad104857b77330d5535a4b70 - - default default] http://[LB_IP_ADDRESS]:8776/v3/c1e88a03ad104857b77330d5535a4b70/qos-specs/5930f034-e565-4b40-a94f-1ad6cb532e9a returned with HTTP 200
2025-02-25 21:29:47.710 23 INFO cinder.api.openstack.wsgi [None req-302f95ca-7421-49e6-bcb3-b94eec195e78 c9af7622cf644c5facc8ed1ddaf18356 c1e88a03ad104857b77330d5535a4b70 - - default default] GET http://[LB_IP_ADDRESS]:8776/v3/c1e88a03ad104857b77330d5535a4b70/qos-specs/5930f034-e565-4b40-a94f-1ad6cb532e9a
2025-02-25 21:29:47.719 23 INFO cinder.api.openstack.wsgi [None req-302f95ca-7421-49e6-bcb3-b94eec195e78 c9af7622cf644c5facc8ed1ddaf18356 c1e88a03ad104857b77330d5535a4b70 - - default default] http://[LB_IP_ADDRESS]:8776/v3/c1e88a03ad104857b77330d5535a4b70/qos-specs/5930f034-e565-4b40-a94f-1ad6cb532e9a returned with HTTP 200
2025-02-25 21:29:47.737 25 INFO cinder.api.openstack.wsgi [None req-3d8aab4e-0f76-448c-8afb-cc5fc781c5d7 c9af7622cf644c5facc8ed1ddaf18356 c1e88a03ad104857b77330d5535a4b70 - - default default] DELETE http://[LB_IP_ADDRESS]:8776/v3/c1e88a03ad104857b77330d5535a4b70/qos-specs/5930f034-e565-4b40-a94f-1ad6cb532e9a?force=False
2025-02-25 21:29:47.766 25 INFO cinder.api.openstack.wsgi [None req-3d8aab4e-0f76-448c-8afb-cc5fc781c5d7 c9af7622cf644c5facc8ed1ddaf18356 c1e88a03ad104857b77330d5535a4b70 - - default default] http://[LB_IP_ADDRESS]:8776/v3/c1e88a03ad104857b77330d5535a4b70/qos-specs/5930f034-e565-4b40-a94f-1ad6cb532e9a?force=False returned with HTTP 202
2025-02-25 21:29:47.785 21 INFO cinder.api.openstack.wsgi [None req-c73c8c79-542c-4c9e-a7e9-628d128d7508 c9af7622cf644c5facc8ed1ddaf18356 c1e88a03ad104857b77330d5535a4b70 - - default default] GET http://[LB_IP_ADDRESS]:8776/v3/c1e88a03ad104857b77330d5535a4b70/qos-specs/5930f034-e565-4b40-a94f-1ad6cb532e9a
2025-02-25 21:29:47.794 21 INFO cinder.api.openstack.wsgi [None req-c73c8c79-542c-4c9e-a7e9-628d128d7508 c9af7622cf644c5facc8ed1ddaf18356 c1e88a03ad104857b77330d5535a4b70 - - default default] http://[LB_IP_ADDRESS]:8776/v3/c1e88a03ad104857b77330d5535a4b70/qos-specs/5930f034-e565-4b40-a94f-1ad6cb532e9a returned with HTTP 404
2025-02-25 21:29:47.918 22 INFO cinder.api.openstack.wsgi [None req-f046d34b-9251-4133-91b1-5d46c0bf225f c3d8baf8e68746df9fa59b6f0d111b30 2d23e24aff0040a595ccfe6ff6fa340a - - default default] GET http://[LB_IP_ADDRESS]:8776/v3/2d23e24aff0040a595ccfe6ff6fa340a/group_snapshots/a2f6b0d4-3500-43f3-832c-a6977200fe20
2025-02-25 21:29:47.933 22 INFO cinder.api.openstack.wsgi [None req-f046d34b-9251-4133-91b1-5d46c0bf225f c3d8baf8e68746df9fa59b6f0d111b30 2d23e24aff0040a595ccfe6ff6fa340a - - default default] http://[LB_IP_ADDRESS]:8776/v3/2d23e24aff0040a595ccfe6ff6fa340a/group_snapshots/a2f6b0d4-3500-43f3-832c-a6977200fe20 returned with HTTP 200
2025-02-25 21:29:48.949 24 INFO cinder.api.openstack.wsgi [None req-ea220212-703d-4fd1-92ef-09bc2e4ea4f3 c3d8baf8e68746df9fa59b6f0d111b30 2d23e24aff0040a595ccfe6ff6fa340a - - default default] GET http://[LB_IP_ADDRESS]:8776/v3/2d23e24aff0040a595ccfe6ff6fa340a/group_snapshots/a2f6b0d4-3500-43f3-832c-a6977200fe20
2025-02-25 21:29:48.964 24 INFO cinder.api.openstack.wsgi [None req-ea220212-703d-4fd1-92ef-09bc2e4ea4f3 c3d8baf8e68746df9fa59b6f0d111b30 2d23e24aff0040a595ccfe6ff6fa340a - - default default] http://[LB_IP_ADDRESS]:8776/v3/2d23e24aff0040a595ccfe6ff6fa340a/group_snapshots/a2f6b0d4-3500-43f3-832c-a6977200fe20 returned with HTTP 200
