2026-05-28 03:25:27.730 76 INFO cinder.api.openstack.wsgi [None req-2819e635-652c-4aa3-ad01-fb1f74e78ebc 3b4fb6b91d1243f78b638c80197e9ce2 a46fa8f641d2404ab3c93635b25fdede - - default default] GET http://[LB_IP_ADDRESS]:8776/v3/a46fa8f641d2404ab3c93635b25fdede/groups/bdec2758-16e9-4bbc-a8f7-1e9201e8122e
2026-05-28 03:25:27.750 76 INFO cinder.api.openstack.wsgi [None req-2819e635-652c-4aa3-ad01-fb1f74e78ebc 3b4fb6b91d1243f78b638c80197e9ce2 a46fa8f641d2404ab3c93635b25fdede - - default default] http://[LB_IP_ADDRESS]:8776/v3/a46fa8f641d2404ab3c93635b25fdede/groups/bdec2758-16e9-4bbc-a8f7-1e9201e8122e returned with HTTP 200
2026-05-28 03:25:28.767 75 INFO cinder.api.openstack.wsgi [None req-3148cf96-3889-427e-b5d4-021bd4d04e2c 3b4fb6b91d1243f78b638c80197e9ce2 a46fa8f641d2404ab3c93635b25fdede - - default default] GET http://[LB_IP_ADDRESS]:8776/v3/a46fa8f641d2404ab3c93635b25fdede/groups/bdec2758-16e9-4bbc-a8f7-1e9201e8122e
2026-05-28 03:25:28.787 75 INFO cinder.api.openstack.wsgi [None req-3148cf96-3889-427e-b5d4-021bd4d04e2c 3b4fb6b91d1243f78b638c80197e9ce2 a46fa8f641d2404ab3c93635b25fdede - - default default] http://[LB_IP_ADDRESS]:8776/v3/a46fa8f641d2404ab3c93635b25fdede/groups/bdec2758-16e9-4bbc-a8f7-1e9201e8122e returned with HTTP 200
2026-05-28 03:25:28.804 74 INFO cinder.api.openstack.wsgi [None req-e7c6ab76-8364-4059-b21b-a199bf2eec9f 3b4fb6b91d1243f78b638c80197e9ce2 a46fa8f641d2404ab3c93635b25fdede - - default default] PUT http://[LB_IP_ADDRESS]:8776/v3/a46fa8f641d2404ab3c93635b25fdede/groups/bdec2758-16e9-4bbc-a8f7-1e9201e8122e
2026-05-28 03:25:28.808 74 INFO cinder.api.v3.groups [None req-e7c6ab76-8364-4059-b21b-a199bf2eec9f 3b4fb6b91d1243f78b638c80197e9ce2 a46fa8f641d2404ab3c93635b25fdede - - default default] Updating group bdec2758-16e9-4bbc-a8f7-1e9201e8122e with name None description: None add_volumes: 818c47dd-597a-47cc-96c1-4b11b848505d remove_volumes: None.
2026-05-28 03:25:28.863 74 INFO cinder.api.openstack.wsgi [None req-e7c6ab76-8364-4059-b21b-a199bf2eec9f 3b4fb6b91d1243f78b638c80197e9ce2 a46fa8f641d2404ab3c93635b25fdede - - default default] http://[LB_IP_ADDRESS]:8776/v3/a46fa8f641d2404ab3c93635b25fdede/groups/bdec2758-16e9-4bbc-a8f7-1e9201e8122e returned with HTTP 202
2026-05-28 03:25:28.875 73 INFO cinder.api.openstack.wsgi [None req-45f8ba3f-4897-4c68-9acb-a32ccc5eb7f8 3b4fb6b91d1243f78b638c80197e9ce2 a46fa8f641d2404ab3c93635b25fdede - - default default] GET http://[LB_IP_ADDRESS]:8776/v3/a46fa8f641d2404ab3c93635b25fdede/groups/bdec2758-16e9-4bbc-a8f7-1e9201e8122e
2026-05-28 03:25:28.896 73 INFO cinder.api.openstack.wsgi [None req-45f8ba3f-4897-4c68-9acb-a32ccc5eb7f8 3b4fb6b91d1243f78b638c80197e9ce2 a46fa8f641d2404ab3c93635b25fdede - - default default] http://[LB_IP_ADDRESS]:8776/v3/a46fa8f641d2404ab3c93635b25fdede/groups/bdec2758-16e9-4bbc-a8f7-1e9201e8122e returned with HTTP 200
2026-05-28 03:25:29.912 72 INFO cinder.api.openstack.wsgi [None req-07a6146a-8c1f-453c-a50f-524ee9047b06 3b4fb6b91d1243f78b638c80197e9ce2 a46fa8f641d2404ab3c93635b25fdede - - default default] GET http://[LB_IP_ADDRESS]:8776/v3/a46fa8f641d2404ab3c93635b25fdede/groups/bdec2758-16e9-4bbc-a8f7-1e9201e8122e
2026-05-28 03:25:29.932 72 INFO cinder.api.openstack.wsgi [None req-07a6146a-8c1f-453c-a50f-524ee9047b06 3b4fb6b91d1243f78b638c80197e9ce2 a46fa8f641d2404ab3c93635b25fdede - - default default] http://[LB_IP_ADDRESS]:8776/v3/a46fa8f641d2404ab3c93635b25fdede/groups/bdec2758-16e9-4bbc-a8f7-1e9201e8122e returned with HTTP 200
2026-05-28 03:25:29.948 76 INFO cinder.api.openstack.wsgi [None req-65cd0bf0-db43-40a0-8b2a-02f9528688a6 3b4fb6b91d1243f78b638c80197e9ce2 a46fa8f641d2404ab3c93635b25fdede - - default default] GET http://[LB_IP_ADDRESS]:8776/v3/a46fa8f641d2404ab3c93635b25fdede/volumes/detail
2026-05-28 03:25:29.964 76 INFO cinder.volume.api [None req-65cd0bf0-db43-40a0-8b2a-02f9528688a6 3b4fb6b91d1243f78b638c80197e9ce2 a46fa8f641d2404ab3c93635b25fdede - - default default] Get all volumes completed successfully.
2026-05-28 03:25:30.011 76 INFO cinder.api.openstack.wsgi [None req-65cd0bf0-db43-40a0-8b2a-02f9528688a6 3b4fb6b91d1243f78b638c80197e9ce2 a46fa8f641d2404ab3c93635b25fdede - - default default] http://[LB_IP_ADDRESS]:8776/v3/a46fa8f641d2404ab3c93635b25fdede/volumes/detail returned with HTTP 200
2026-05-28 03:25:30.032 75 INFO cinder.api.openstack.wsgi [None req-3250dc9b-25c4-47df-8e8b-b64eecf3f18d 3b4fb6b91d1243f78b638c80197e9ce2 a46fa8f641d2404ab3c93635b25fdede - - default default] POST http://[LB_IP_ADDRESS]:8776/v3/a46fa8f641d2404ab3c93635b25fdede/group_snapshots
2026-05-28 03:25:30.047 75 INFO cinder.api.v3.group_snapshots [None req-3250dc9b-25c4-47df-8e8b-b64eecf3f18d 3b4fb6b91d1243f78b638c80197e9ce2 a46fa8f641d2404ab3c93635b25fdede - - default default] Creating group_snapshot tempest-GroupSnapshotsTest-Group_Snapshot-1296611541.
2026-05-28 03:25:30.103 75 WARNING cinder.quota [None req-3250dc9b-25c4-47df-8e8b-b64eecf3f18d 3b4fb6b91d1243f78b638c80197e9ce2 a46fa8f641d2404ab3c93635b25fdede - - default default] Deprecated: Default quota for resource: gigabytes_tempest-GroupSnapshotsTest-volume-type-466035350 is set by the default quota flag: quota_gigabytes_tempest-GroupSnapshotsTest-volume-type-466035350, it is now deprecated. Please use the default quota class for default quota.
2026-05-28 03:25:30.104 75 WARNING cinder.quota [None req-3250dc9b-25c4-47df-8e8b-b64eecf3f18d 3b4fb6b91d1243f78b638c80197e9ce2 a46fa8f641d2404ab3c93635b25fdede - - default default] Deprecated: Default quota for resource: snapshots_tempest-GroupSnapshotsTest-volume-type-466035350 is set by the default quota flag: quota_snapshots_tempest-GroupSnapshotsTest-volume-type-466035350, it is now deprecated. Please use the default quota class for default quota.
2026-05-28 03:25:30.190 75 INFO cinder.api.openstack.wsgi [None req-3250dc9b-25c4-47df-8e8b-b64eecf3f18d 3b4fb6b91d1243f78b638c80197e9ce2 a46fa8f641d2404ab3c93635b25fdede - - default default] http://[LB_IP_ADDRESS]:8776/v3/a46fa8f641d2404ab3c93635b25fdede/group_snapshots returned with HTTP 202
2026-05-28 03:25:30.204 73 INFO cinder.api.openstack.wsgi [None req-2f870f2a-5540-4ba2-b0a8-fac3b21088f8 3b4fb6b91d1243f78b638c80197e9ce2 a46fa8f641d2404ab3c93635b25fdede - - default default] GET http://[LB_IP_ADDRESS]:8776/v3/a46fa8f641d2404ab3c93635b25fdede/group_snapshots/5e4e05c5-2866-4a75-a623-aa1da11a7356
2026-05-28 03:25:30.217 73 INFO cinder.api.openstack.wsgi [None req-2f870f2a-5540-4ba2-b0a8-fac3b21088f8 3b4fb6b91d1243f78b638c80197e9ce2 a46fa8f641d2404ab3c93635b25fdede - - default default] http://[LB_IP_ADDRESS]:8776/v3/a46fa8f641d2404ab3c93635b25fdede/group_snapshots/5e4e05c5-2866-4a75-a623-aa1da11a7356 returned with HTTP 200
2026-05-28 03:25:30.225 74 INFO cinder.api.openstack.wsgi [None req-b54d16ad-2c76-434c-88d6-e42e31d82ff1 78eebb818c314f16aacdd972e44397a0 4348a89d09024324b7c6a9714df08625 - - default default] POST http://[LB_IP_ADDRESS]:8776/v3/4348a89d09024324b7c6a9714df08625/group_types
2026-05-28 03:25:30.257 74 INFO cinder.api.openstack.wsgi [None req-b54d16ad-2c76-434c-88d6-e42e31d82ff1 78eebb818c314f16aacdd972e44397a0 4348a89d09024324b7c6a9714df08625 - - default default] http://[LB_IP_ADDRESS]:8776/v3/4348a89d09024324b7c6a9714df08625/group_types returned with HTTP 202
2026-05-28 03:25:30.272 72 INFO cinder.api.openstack.wsgi [None req-87000080-bba6-4595-ad2c-76ed392fa25b 78eebb818c314f16aacdd972e44397a0 4348a89d09024324b7c6a9714df08625 - - default default] GET http://[LB_IP_ADDRESS]:8776/v3/4348a89d09024324b7c6a9714df08625/group_types
2026-05-28 03:25:30.284 72 INFO cinder.api.openstack.wsgi [None req-87000080-bba6-4595-ad2c-76ed392fa25b 78eebb818c314f16aacdd972e44397a0 4348a89d09024324b7c6a9714df08625 - - default default] http://[LB_IP_ADDRESS]:8776/v3/4348a89d09024324b7c6a9714df08625/group_types returned with HTTP 200
2026-05-28 03:25:30.300 76 INFO cinder.api.openstack.wsgi [None req-464391a0-b8ec-486e-b2b7-70ac3bfe0b7b 78eebb818c314f16aacdd972e44397a0 4348a89d09024324b7c6a9714df08625 - - default default] PUT http://[LB_IP_ADDRESS]:8776/v3/4348a89d09024324b7c6a9714df08625/group_types/599c365b-1ceb-4cfe-a93a-ecd37715b201
2026-05-28 03:25:30.321 76 INFO cinder.api.openstack.wsgi [None req-464391a0-b8ec-486e-b2b7-70ac3bfe0b7b 78eebb818c314f16aacdd972e44397a0 4348a89d09024324b7c6a9714df08625 - - default default] http://[LB_IP_ADDRESS]:8776/v3/4348a89d09024324b7c6a9714df08625/group_types/599c365b-1ceb-4cfe-a93a-ecd37715b201 returned with HTTP 200
2026-05-28 03:25:30.336 75 INFO cinder.api.openstack.wsgi [None req-5d01e538-11ed-4d08-a73b-101cadf3b23d 78eebb818c314f16aacdd972e44397a0 4348a89d09024324b7c6a9714df08625 - - default default] GET http://[LB_IP_ADDRESS]:8776/v3/4348a89d09024324b7c6a9714df08625/group_types/599c365b-1ceb-4cfe-a93a-ecd37715b201
2026-05-28 03:25:30.344 75 INFO cinder.api.openstack.wsgi [None req-5d01e538-11ed-4d08-a73b-101cadf3b23d 78eebb818c314f16aacdd972e44397a0 4348a89d09024324b7c6a9714df08625 - - default default] http://[LB_IP_ADDRESS]:8776/v3/4348a89d09024324b7c6a9714df08625/group_types/599c365b-1ceb-4cfe-a93a-ecd37715b201 returned with HTTP 200
2026-05-28 03:25:30.358 73 INFO cinder.api.openstack.wsgi [None req-278876f2-4712-43e4-9a76-a70fc740a97e 78eebb818c314f16aacdd972e44397a0 4348a89d09024324b7c6a9714df08625 - - default default] DELETE http://[LB_IP_ADDRESS]:8776/v3/4348a89d09024324b7c6a9714df08625/group_types/599c365b-1ceb-4cfe-a93a-ecd37715b201
2026-05-28 03:25:30.384 73 INFO cinder.api.openstack.wsgi [None req-278876f2-4712-43e4-9a76-a70fc740a97e 78eebb818c314f16aacdd972e44397a0 4348a89d09024324b7c6a9714df08625 - - default default] http://[LB_IP_ADDRESS]:8776/v3/4348a89d09024324b7c6a9714df08625/group_types/599c365b-1ceb-4cfe-a93a-ecd37715b201 returned with HTTP 202
2026-05-28 03:25:30.397 74 INFO cinder.api.openstack.wsgi [None req-d6178010-c02b-4629-8cdb-310f6543cb66 78eebb818c314f16aacdd972e44397a0 4348a89d09024324b7c6a9714df08625 - - default default] GET http://[LB_IP_ADDRESS]:8776/v3/4348a89d09024324b7c6a9714df08625/group_types
2026-05-28 03:25:30.413 74 INFO cinder.api.openstack.wsgi [None req-d6178010-c02b-4629-8cdb-310f6543cb66 78eebb818c314f16aacdd972e44397a0 4348a89d09024324b7c6a9714df08625 - - default default] http://[LB_IP_ADDRESS]:8776/v3/4348a89d09024324b7c6a9714df08625/group_types returned with HTTP 200
2026-05-28 03:25:30.429 72 INFO cinder.api.openstack.wsgi [None req-d0f5deb9-8892-459e-87eb-452da60c50db 78eebb818c314f16aacdd972e44397a0 4348a89d09024324b7c6a9714df08625 - - default default] POST http://[LB_IP_ADDRESS]:8776/v3/4348a89d09024324b7c6a9714df08625/group_types
2026-05-28 03:25:30.452 72 INFO cinder.api.openstack.wsgi [None req-d0f5deb9-8892-459e-87eb-452da60c50db 78eebb818c314f16aacdd972e44397a0 4348a89d09024324b7c6a9714df08625 - - default default] http://[LB_IP_ADDRESS]:8776/v3/4348a89d09024324b7c6a9714df08625/group_types returned with HTTP 202
2026-05-28 03:25:30.466 76 INFO cinder.api.openstack.wsgi [None req-043d6522-9cf3-4516-89b3-1e9248e2f78a 78eebb818c314f16aacdd972e44397a0 4348a89d09024324b7c6a9714df08625 - - default default] POST http://[LB_IP_ADDRESS]:8776/v3/4348a89d09024324b7c6a9714df08625/group_types
2026-05-28 03:25:30.492 76 INFO cinder.api.openstack.wsgi [None req-043d6522-9cf3-4516-89b3-1e9248e2f78a 78eebb818c314f16aacdd972e44397a0 4348a89d09024324b7c6a9714df08625 - - default default] http://[LB_IP_ADDRESS]:8776/v3/4348a89d09024324b7c6a9714df08625/group_types returned with HTTP 202
2026-05-28 03:25:30.507 75 INFO cinder.api.openstack.wsgi [None req-ef01bb6a-7029-44fc-acd1-3868357754b8 78eebb818c314f16aacdd972e44397a0 4348a89d09024324b7c6a9714df08625 - - default default] GET http://[LB_IP_ADDRESS]:8776/v3/4348a89d09024324b7c6a9714df08625/group_types?sort=name%3Aasc&is_public=None
2026-05-28 03:25:30.519 75 INFO cinder.api.openstack.wsgi [None req-ef01bb6a-7029-44fc-acd1-3868357754b8 78eebb818c314f16aacdd972e44397a0 4348a89d09024324b7c6a9714df08625 - - default default] http://[LB_IP_ADDRESS]:8776/v3/4348a89d09024324b7c6a9714df08625/group_types?sort=name%3Aasc&is_public=None returned with HTTP 200
2026-05-28 03:25:30.534 73 INFO cinder.api.openstack.wsgi [None req-6213924c-9063-4eee-817f-287355c1d645 78eebb818c314f16aacdd972e44397a0 4348a89d09024324b7c6a9714df08625 - - default default] GET http://[LB_IP_ADDRESS]:8776/v3/4348a89d09024324b7c6a9714df08625/group_types?sort=name%3Adesc&is_public=None
2026-05-28 03:25:30.546 73 INFO cinder.api.openstack.wsgi [None req-6213924c-9063-4eee-817f-287355c1d645 78eebb818c314f16aacdd972e44397a0 4348a89d09024324b7c6a9714df08625 - - default default] http://[LB_IP_ADDRESS]:8776/v3/4348a89d09024324b7c6a9714df08625/group_types?sort=name%3Adesc&is_public=None returned with HTTP 200
2026-05-28 03:25:30.561 74 INFO cinder.api.openstack.wsgi [None req-58fc8291-7b41-4798-851e-7cd45fe5634b 78eebb818c314f16aacdd972e44397a0 4348a89d09024324b7c6a9714df08625 - - default default] GET http://[LB_IP_ADDRESS]:8776/v3/4348a89d09024324b7c6a9714df08625/group_types?is_public=False
2026-05-28 03:25:30.569 74 INFO cinder.api.openstack.wsgi [None req-58fc8291-7b41-4798-851e-7cd45fe5634b 78eebb818c314f16aacdd972e44397a0 4348a89d09024324b7c6a9714df08625 - - default default] http://[LB_IP_ADDRESS]:8776/v3/4348a89d09024324b7c6a9714df08625/group_types?is_public=False returned with HTTP 200
2026-05-28 03:25:30.584 72 INFO cinder.api.openstack.wsgi [None req-f523515b-abfb-47a5-99d3-aeacbb26a06f 78eebb818c314f16aacdd972e44397a0 4348a89d09024324b7c6a9714df08625 - - default default] GET http://[LB_IP_ADDRESS]:8776/v3/4348a89d09024324b7c6a9714df08625/group_types?is_public=True
2026-05-28 03:25:30.596 72 INFO cinder.api.openstack.wsgi [None req-f523515b-abfb-47a5-99d3-aeacbb26a06f 78eebb818c314f16aacdd972e44397a0 4348a89d09024324b7c6a9714df08625 - - default default] http://[LB_IP_ADDRESS]:8776/v3/4348a89d09024324b7c6a9714df08625/group_types?is_public=True returned with HTTP 200
2026-05-28 03:25:30.612 76 INFO cinder.api.openstack.wsgi [None req-2c9a56f4-e622-4198-8957-f43e8571f053 78eebb818c314f16aacdd972e44397a0 4348a89d09024324b7c6a9714df08625 - - default default] DELETE http://[LB_IP_ADDRESS]:8776/v3/4348a89d09024324b7c6a9714df08625/group_types/c250abaa-6a16-41a7-aa47-4fc6a7a5070a
2026-05-28 03:25:30.633 76 INFO cinder.api.openstack.wsgi [None req-2c9a56f4-e622-4198-8957-f43e8571f053 78eebb818c314f16aacdd972e44397a0 4348a89d09024324b7c6a9714df08625 - - default default] http://[LB_IP_ADDRESS]:8776/v3/4348a89d09024324b7c6a9714df08625/group_types/c250abaa-6a16-41a7-aa47-4fc6a7a5070a returned with HTTP 202
2026-05-28 03:25:30.646 75 INFO cinder.api.openstack.wsgi [None req-2211a170-baef-4452-a7b0-b79b63931cc2 78eebb818c314f16aacdd972e44397a0 4348a89d09024324b7c6a9714df08625 - - default default] DELETE http://[LB_IP_ADDRESS]:8776/v3/4348a89d09024324b7c6a9714df08625/group_types/c45dd5f5-4e3f-4e9a-bd7f-efb6e649b2ba
2026-05-28 03:25:30.667 75 INFO cinder.api.openstack.wsgi [None req-2211a170-baef-4452-a7b0-b79b63931cc2 78eebb818c314f16aacdd972e44397a0 4348a89d09024324b7c6a9714df08625 - - default default] http://[LB_IP_ADDRESS]:8776/v3/4348a89d09024324b7c6a9714df08625/group_types/c45dd5f5-4e3f-4e9a-bd7f-efb6e649b2ba returned with HTTP 202
2026-05-28 03:25:31.232 73 INFO cinder.api.openstack.wsgi [None req-fbf2a614-1824-459e-9678-ea0e54d34e8a 3b4fb6b91d1243f78b638c80197e9ce2 a46fa8f641d2404ab3c93635b25fdede - - default default] GET http://[LB_IP_ADDRESS]:8776/v3/a46fa8f641d2404ab3c93635b25fdede/group_snapshots/5e4e05c5-2866-4a75-a623-aa1da11a7356
2026-05-28 03:25:31.244 73 INFO cinder.api.openstack.wsgi [None req-fbf2a614-1824-459e-9678-ea0e54d34e8a 3b4fb6b91d1243f78b638c80197e9ce2 a46fa8f641d2404ab3c93635b25fdede - - default default] http://[LB_IP_ADDRESS]:8776/v3/a46fa8f641d2404ab3c93635b25fdede/group_snapshots/5e4e05c5-2866-4a75-a623-aa1da11a7356 returned with HTTP 200
2026-05-28 03:25:31.827 74 INFO cinder.api.openstack.wsgi [None req-c7b5ea5a-74d0-42e3-88ed-2373ae330b57 cea6d03145c64feda7a0f830474dbfa2 bc0b116983f141438b487c9ace360653 - - default default] GET http://[LB_IP_ADDRESS]:8776/v3/bc0b116983f141438b487c9ace360653/scheduler-stats/get_pools
2026-05-28 03:25:32.260 72 INFO cinder.api.openstack.wsgi [None req-37627dcb-41f5-4ebd-8f8b-dcc21b8adfcc 3b4fb6b91d1243f78b638c80197e9ce2 a46fa8f641d2404ab3c93635b25fdede - - default default] GET http://[LB_IP_ADDRESS]:8776/v3/a46fa8f641d2404ab3c93635b25fdede/group_snapshots/5e4e05c5-2866-4a75-a623-aa1da11a7356
2026-05-28 03:25:32.272 72 INFO cinder.api.openstack.wsgi [None req-37627dcb-41f5-4ebd-8f8b-dcc21b8adfcc 3b4fb6b91d1243f78b638c80197e9ce2 a46fa8f641d2404ab3c93635b25fdede - - default default] http://[LB_IP_ADDRESS]:8776/v3/a46fa8f641d2404ab3c93635b25fdede/group_snapshots/5e4e05c5-2866-4a75-a623-aa1da11a7356 returned with HTTP 200
2026-05-28 03:25:32.337 74 INFO cinder.api.openstack.wsgi [None req-c7b5ea5a-74d0-42e3-88ed-2373ae330b57 cea6d03145c64feda7a0f830474dbfa2 bc0b116983f141438b487c9ace360653 - - default default] http://[LB_IP_ADDRESS]:8776/v3/bc0b116983f141438b487c9ace360653/scheduler-stats/get_pools returned with HTTP 200
2026-05-28 03:25:33.287 76 INFO cinder.api.openstack.wsgi [None req-a2e815bc-d74b-4efa-b4af-8ecb833f9535 3b4fb6b91d1243f78b638c80197e9ce2 a46fa8f641d2404ab3c93635b25fdede - - default default] GET http://[LB_IP_ADDRESS]:8776/v3/a46fa8f641d2404ab3c93635b25fdede/group_snapshots/5e4e05c5-2866-4a75-a623-aa1da11a7356
2026-05-28 03:25:33.299 76 INFO cinder.api.openstack.wsgi [None req-a2e815bc-d74b-4efa-b4af-8ecb833f9535 3b4fb6b91d1243f78b638c80197e9ce2 a46fa8f641d2404ab3c93635b25fdede - - default default] http://[LB_IP_ADDRESS]:8776/v3/a46fa8f641d2404ab3c93635b25fdede/group_snapshots/5e4e05c5-2866-4a75-a623-aa1da11a7356 returned with HTTP 200
2026-05-28 03:25:33.315 75 INFO cinder.api.openstack.wsgi [None req-72c6944e-dda8-4696-aee1-59708c10d0ce 3b4fb6b91d1243f78b638c80197e9ce2 a46fa8f641d2404ab3c93635b25fdede - - default default] GET http://[LB_IP_ADDRESS]:8776/v3/a46fa8f641d2404ab3c93635b25fdede/snapshots/detail
2026-05-28 03:25:33.325 75 INFO cinder.volume.api [None req-72c6944e-dda8-4696-aee1-59708c10d0ce 3b4fb6b91d1243f78b638c80197e9ce2 a46fa8f641d2404ab3c93635b25fdede - - default default] Get all snapshots completed successfully.
2026-05-28 03:25:33.327 75 INFO cinder.api.openstack.wsgi [None req-72c6944e-dda8-4696-aee1-59708c10d0ce 3b4fb6b91d1243f78b638c80197e9ce2 a46fa8f641d2404ab3c93635b25fdede - - default default] http://[LB_IP_ADDRESS]:8776/v3/a46fa8f641d2404ab3c93635b25fdede/snapshots/detail returned with HTTP 200
2026-05-28 03:25:33.344 73 INFO cinder.api.openstack.wsgi [None req-61ca8e55-a65a-4e76-b6e9-402b7915e6f5 3b4fb6b91d1243f78b638c80197e9ce2 a46fa8f641d2404ab3c93635b25fdede - - default default] GET http://[LB_IP_ADDRESS]:8776/v3/a46fa8f641d2404ab3c93635b25fdede/snapshots/ebe8177e-585c-4749-b02c-7dc57eb6883a
2026-05-28 03:25:33.356 73 INFO cinder.volume.api [None req-61ca8e55-a65a-4e76-b6e9-402b7915e6f5 3b4fb6b91d1243f78b638c80197e9ce2 a46fa8f641d2404ab3c93635b25fdede - - default default] Snapshot retrieved successfully.
2026-05-28 03:25:33.358 73 INFO cinder.api.openstack.wsgi [None req-61ca8e55-a65a-4e76-b6e9-402b7915e6f5 3b4fb6b91d1243f78b638c80197e9ce2 a46fa8f641d2404ab3c93635b25fdede - - default default] http://[LB_IP_ADDRESS]:8776/v3/a46fa8f641d2404ab3c93635b25fdede/snapshots/ebe8177e-585c-4749-b02c-7dc57eb6883a returned with HTTP 200
2026-05-28 03:25:33.374 72 INFO cinder.api.openstack.wsgi [None req-eeb8fe08-2249-44f4-ac01-288eb3266b9d 3b4fb6b91d1243f78b638c80197e9ce2 a46fa8f641d2404ab3c93635b25fdede - - default default] GET http://[LB_IP_ADDRESS]:8776/v3/a46fa8f641d2404ab3c93635b25fdede/snapshots/968737ed-3aa5-4f3d-a364-577ddee25758
2026-05-28 03:25:33.384 72 INFO cinder.volume.api [None req-eeb8fe08-2249-44f4-ac01-288eb3266b9d 3b4fb6b91d1243f78b638c80197e9ce2 a46fa8f641d2404ab3c93635b25fdede - - default default] Snapshot retrieved successfully.
2026-05-28 03:25:33.386 72 INFO cinder.api.openstack.wsgi [None req-eeb8fe08-2249-44f4-ac01-288eb3266b9d 3b4fb6b91d1243f78b638c80197e9ce2 a46fa8f641d2404ab3c93635b25fdede - - default default] http://[LB_IP_ADDRESS]:8776/v3/a46fa8f641d2404ab3c93635b25fdede/snapshots/968737ed-3aa5-4f3d-a364-577ddee25758 returned with HTTP 200
2026-05-28 03:25:33.403 74 INFO cinder.api.openstack.wsgi [None req-2689c328-0848-4507-b0f9-ec2cecc1bf58 3b4fb6b91d1243f78b638c80197e9ce2 a46fa8f641d2404ab3c93635b25fdede - - default default] DELETE http://[LB_IP_ADDRESS]:8776/v3/a46fa8f641d2404ab3c93635b25fdede/group_snapshots/5e4e05c5-2866-4a75-a623-aa1da11a7356
2026-05-28 03:25:33.404 74 INFO cinder.api.v3.group_snapshots [None req-2689c328-0848-4507-b0f9-ec2cecc1bf58 3b4fb6b91d1243f78b638c80197e9ce2 a46fa8f641d2404ab3c93635b25fdede - - default default] Delete group_snapshot with id: 5e4e05c5-2866-4a75-a623-aa1da11a7356
2026-05-28 03:25:33.459 74 INFO cinder.api.openstack.wsgi [None req-2689c328-0848-4507-b0f9-ec2cecc1bf58 3b4fb6b91d1243f78b638c80197e9ce2 a46fa8f641d2404ab3c93635b25fdede - - default default] http://[LB_IP_ADDRESS]:8776/v3/a46fa8f641d2404ab3c93635b25fdede/group_snapshots/5e4e05c5-2866-4a75-a623-aa1da11a7356 returned with HTTP 202
2026-05-28 03:25:33.470 76 INFO cinder.api.openstack.wsgi [None req-74662e55-9fc2-4e13-b89a-db12a733661e 3b4fb6b91d1243f78b638c80197e9ce2 a46fa8f641d2404ab3c93635b25fdede - - default default] GET http://[LB_IP_ADDRESS]:8776/v3/a46fa8f641d2404ab3c93635b25fdede/volumes/detail
2026-05-28 03:25:33.486 76 INFO cinder.volume.api [None req-74662e55-9fc2-4e13-b89a-db12a733661e 3b4fb6b91d1243f78b638c80197e9ce2 a46fa8f641d2404ab3c93635b25fdede - - default default] Get all volumes completed successfully.
2026-05-28 03:25:33.530 76 INFO cinder.api.openstack.wsgi [None req-74662e55-9fc2-4e13-b89a-db12a733661e 3b4fb6b91d1243f78b638c80197e9ce2 a46fa8f641d2404ab3c93635b25fdede - - default default] http://[LB_IP_ADDRESS]:8776/v3/a46fa8f641d2404ab3c93635b25fdede/volumes/detail returned with HTTP 200
2026-05-28 03:25:33.554 75 INFO cinder.api.openstack.wsgi [None req-23223441-ffea-4ea8-aac9-8ddcc86e6279 3b4fb6b91d1243f78b638c80197e9ce2 a46fa8f641d2404ab3c93635b25fdede - - default default] GET http://[LB_IP_ADDRESS]:8776/v3/a46fa8f641d2404ab3c93635b25fdede/snapshots/detail
2026-05-28 03:25:33.564 75 INFO cinder.volume.api [None req-23223441-ffea-4ea8-aac9-8ddcc86e6279 3b4fb6b91d1243f78b638c80197e9ce2 a46fa8f641d2404ab3c93635b25fdede - - default default] Get all snapshots completed successfully.
2026-05-28 03:25:33.567 75 INFO cinder.api.openstack.wsgi [None req-23223441-ffea-4ea8-aac9-8ddcc86e6279 3b4fb6b91d1243f78b638c80197e9ce2 a46fa8f641d2404ab3c93635b25fdede - - default default] http://[LB_IP_ADDRESS]:8776/v3/a46fa8f641d2404ab3c93635b25fdede/snapshots/detail returned with HTTP 200
2026-05-28 03:25:33.584 73 INFO cinder.api.openstack.wsgi [None req-83b2fbd6-9148-409b-9d9f-6cf35c93616b 3b4fb6b91d1243f78b638c80197e9ce2 a46fa8f641d2404ab3c93635b25fdede - - default default] GET http://[LB_IP_ADDRESS]:8776/v3/a46fa8f641d2404ab3c93635b25fdede/snapshots/968737ed-3aa5-4f3d-a364-577ddee25758
2026-05-28 03:25:33.595 73 INFO cinder.volume.api [None req-83b2fbd6-9148-409b-9d9f-6cf35c93616b 3b4fb6b91d1243f78b638c80197e9ce2 a46fa8f641d2404ab3c93635b25fdede - - default default] Snapshot retrieved successfully.
2026-05-28 03:25:33.597 73 INFO cinder.api.openstack.wsgi [None req-83b2fbd6-9148-409b-9d9f-6cf35c93616b 3b4fb6b91d1243f78b638c80197e9ce2 a46fa8f641d2404ab3c93635b25fdede - - default default] http://[LB_IP_ADDRESS]:8776/v3/a46fa8f641d2404ab3c93635b25fdede/snapshots/968737ed-3aa5-4f3d-a364-577ddee25758 returned with HTTP 200
2026-05-28 03:25:34.613 72 INFO cinder.api.openstack.wsgi [None req-15c131f8-1438-49f5-8b09-7dc4ba106da9 3b4fb6b91d1243f78b638c80197e9ce2 a46fa8f641d2404ab3c93635b25fdede - - default default] GET http://[LB_IP_ADDRESS]:8776/v3/a46fa8f641d2404ab3c93635b25fdede/snapshots/968737ed-3aa5-4f3d-a364-577ddee25758
2026-05-28 03:25:34.623 72 INFO cinder.api.openstack.wsgi [None req-15c131f8-1438-49f5-8b09-7dc4ba106da9 3b4fb6b91d1243f78b638c80197e9ce2 a46fa8f641d2404ab3c93635b25fdede - - default default] http://[LB_IP_ADDRESS]:8776/v3/a46fa8f641d2404ab3c93635b25fdede/snapshots/968737ed-3aa5-4f3d-a364-577ddee25758 returned with HTTP 404
2026-05-28 03:25:34.637 74 INFO cinder.api.openstack.wsgi [None req-c8f27763-906e-4bfc-bd61-3a0afd9d131c 3b4fb6b91d1243f78b638c80197e9ce2 a46fa8f641d2404ab3c93635b25fdede - - default default] GET http://[LB_IP_ADDRESS]:8776/v3/a46fa8f641d2404ab3c93635b25fdede/snapshots/ebe8177e-585c-4749-b02c-7dc57eb6883a
2026-05-28 03:25:34.647 74 INFO cinder.api.openstack.wsgi [None req-c8f27763-906e-4bfc-bd61-3a0afd9d131c 3b4fb6b91d1243f78b638c80197e9ce2 a46fa8f641d2404ab3c93635b25fdede - - default default] http://[LB_IP_ADDRESS]:8776/v3/a46fa8f641d2404ab3c93635b25fdede/snapshots/ebe8177e-585c-4749-b02c-7dc57eb6883a returned with HTTP 404
2026-05-28 03:25:34.659 76 INFO cinder.api.openstack.wsgi [None req-db2a3cb4-b1e3-4831-99d9-cd6a76caf90c 3b4fb6b91d1243f78b638c80197e9ce2 a46fa8f641d2404ab3c93635b25fdede - - default default] GET http://[LB_IP_ADDRESS]:8776/v3/a46fa8f641d2404ab3c93635b25fdede/group_snapshots/5e4e05c5-2866-4a75-a623-aa1da11a7356
2026-05-28 03:25:34.664 76 INFO cinder.api.openstack.wsgi [None req-db2a3cb4-b1e3-4831-99d9-cd6a76caf90c 3b4fb6b91d1243f78b638c80197e9ce2 a46fa8f641d2404ab3c93635b25fdede - - default default] http://[LB_IP_ADDRESS]:8776/v3/a46fa8f641d2404ab3c93635b25fdede/group_snapshots/5e4e05c5-2866-4a75-a623-aa1da11a7356 returned with HTTP 404
2026-05-28 03:25:34.677 75 INFO cinder.api.openstack.wsgi [None req-929680ec-5957-4827-842e-d45d62eb49fa 3b4fb6b91d1243f78b638c80197e9ce2 a46fa8f641d2404ab3c93635b25fdede - - default default] DELETE http://[LB_IP_ADDRESS]:8776/v3/a46fa8f641d2404ab3c93635b25fdede/group_snapshots/5e4e05c5-2866-4a75-a623-aa1da11a7356
2026-05-28 03:25:34.678 75 INFO cinder.api.v3.group_snapshots [None req-929680ec-5957-4827-842e-d45d62eb49fa 3b4fb6b91d1243f78b638c80197e9ce2 a46fa8f641d2404ab3c93635b25fdede - - default default] Delete group_snapshot with id: 5e4e05c5-2866-4a75-a623-aa1da11a7356
2026-05-28 03:25:34.683 75 INFO cinder.api.openstack.wsgi [None req-929680ec-5957-4827-842e-d45d62eb49fa 3b4fb6b91d1243f78b638c80197e9ce2 a46fa8f641d2404ab3c93635b25fdede - - default default] http://[LB_IP_ADDRESS]:8776/v3/a46fa8f641d2404ab3c93635b25fdede/group_snapshots/5e4e05c5-2866-4a75-a623-aa1da11a7356 returned with HTTP 404
2026-05-28 03:25:34.695 73 INFO cinder.api.openstack.wsgi [None req-fd5b2e7d-b58b-440d-9bca-5268dcef4c68 3b4fb6b91d1243f78b638c80197e9ce2 a46fa8f641d2404ab3c93635b25fdede - - default default] GET http://[LB_IP_ADDRESS]:8776/v3/a46fa8f641d2404ab3c93635b25fdede/volumes/detail
2026-05-28 03:25:34.711 73 INFO cinder.volume.api [None req-fd5b2e7d-b58b-440d-9bca-5268dcef4c68 3b4fb6b91d1243f78b638c80197e9ce2 a46fa8f641d2404ab3c93635b25fdede - - default default] Get all volumes completed successfully.
2026-05-28 03:25:34.757 73 INFO cinder.api.openstack.wsgi [None req-fd5b2e7d-b58b-440d-9bca-5268dcef4c68 3b4fb6b91d1243f78b638c80197e9ce2 a46fa8f641d2404ab3c93635b25fdede - - default default] http://[LB_IP_ADDRESS]:8776/v3/a46fa8f641d2404ab3c93635b25fdede/volumes/detail returned with HTTP 200
2026-05-28 03:25:34.780 72 INFO cinder.api.openstack.wsgi [None req-d83cc8df-863c-40d2-9d2f-0b722c63e459 3b4fb6b91d1243f78b638c80197e9ce2 a46fa8f641d2404ab3c93635b25fdede - - default default] POST http://[LB_IP_ADDRESS]:8776/v3/a46fa8f641d2404ab3c93635b25fdede/groups/bdec2758-16e9-4bbc-a8f7-1e9201e8122e/action
2026-05-28 03:25:34.784 72 INFO cinder.api.v3.groups [None req-d83cc8df-863c-40d2-9d2f-0b722c63e459 3b4fb6b91d1243f78b638c80197e9ce2 a46fa8f641d2404ab3c93635b25fdede - - default default] Delete group with id: bdec2758-16e9-4bbc-a8f7-1e9201e8122e
2026-05-28 03:25:34.864 72 INFO cinder.api.openstack.wsgi [None req-d83cc8df-863c-40d2-9d2f-0b722c63e459 3b4fb6b91d1243f78b638c80197e9ce2 a46fa8f641d2404ab3c93635b25fdede - - default default] http://[LB_IP_ADDRESS]:8776/v3/a46fa8f641d2404ab3c93635b25fdede/groups/bdec2758-16e9-4bbc-a8f7-1e9201e8122e/action returned with HTTP 202
2026-05-28 03:25:34.876 74 INFO cinder.api.openstack.wsgi [None req-10411a12-338b-4180-bcee-cb8be77b43b8 3b4fb6b91d1243f78b638c80197e9ce2 a46fa8f641d2404ab3c93635b25fdede - - default default] GET http://[LB_IP_ADDRESS]:8776/v3/a46fa8f641d2404ab3c93635b25fdede/volumes/818c47dd-597a-47cc-96c1-4b11b848505d
2026-05-28 03:25:34.898 74 INFO cinder.volume.api [None req-10411a12-338b-4180-bcee-cb8be77b43b8 3b4fb6b91d1243f78b638c80197e9ce2 a46fa8f641d2404ab3c93635b25fdede - - default default] Volume info retrieved successfully.
2026-05-28 03:25:34.928 74 INFO cinder.api.openstack.wsgi [None req-10411a12-338b-4180-bcee-cb8be77b43b8 3b4fb6b91d1243f78b638c80197e9ce2 a46fa8f641d2404ab3c93635b25fdede - - default default] http://[LB_IP_ADDRESS]:8776/v3/a46fa8f641d2404ab3c93635b25fdede/volumes/818c47dd-597a-47cc-96c1-4b11b848505d returned with HTTP 200
2026-05-28 03:25:35.950 76 INFO cinder.api.openstack.wsgi [None req-47426e80-bce3-4019-81a8-b1a8efa83484 3b4fb6b91d1243f78b638c80197e9ce2 a46fa8f641d2404ab3c93635b25fdede - - default default] GET http://[LB_IP_ADDRESS]:8776/v3/a46fa8f641d2404ab3c93635b25fdede/volumes/818c47dd-597a-47cc-96c1-4b11b848505d
2026-05-28 03:25:35.963 76 INFO cinder.api.openstack.wsgi [None req-47426e80-bce3-4019-81a8-b1a8efa83484 3b4fb6b91d1243f78b638c80197e9ce2 a46fa8f641d2404ab3c93635b25fdede - - default default] http://[LB_IP_ADDRESS]:8776/v3/a46fa8f641d2404ab3c93635b25fdede/volumes/818c47dd-597a-47cc-96c1-4b11b848505d returned with HTTP 404
2026-05-28 03:25:35.977 75 INFO cinder.api.openstack.wsgi [None req-144b0d8a-bd9e-43d6-8e09-ee22faf6e3a5 3b4fb6b91d1243f78b638c80197e9ce2 a46fa8f641d2404ab3c93635b25fdede - - default default] GET http://[LB_IP_ADDRESS]:8776/v3/a46fa8f641d2404ab3c93635b25fdede/volumes/b36e3961-c83d-4ce1-9a78-827f431d1990
2026-05-28 03:25:35.988 75 INFO cinder.api.openstack.wsgi [None req-144b0d8a-bd9e-43d6-8e09-ee22faf6e3a5 3b4fb6b91d1243f78b638c80197e9ce2 a46fa8f641d2404ab3c93635b25fdede - - default default] http://[LB_IP_ADDRESS]:8776/v3/a46fa8f641d2404ab3c93635b25fdede/volumes/b36e3961-c83d-4ce1-9a78-827f431d1990 returned with HTTP 404
2026-05-28 03:25:36.001 73 INFO cinder.api.openstack.wsgi [None req-fe042244-6161-486e-a9fc-1cf71ed0deea 3b4fb6b91d1243f78b638c80197e9ce2 a46fa8f641d2404ab3c93635b25fdede - - default default] GET http://[LB_IP_ADDRESS]:8776/v3/a46fa8f641d2404ab3c93635b25fdede/groups/bdec2758-16e9-4bbc-a8f7-1e9201e8122e
2026-05-28 03:25:36.008 73 INFO cinder.api.openstack.wsgi [None req-fe042244-6161-486e-a9fc-1cf71ed0deea 3b4fb6b91d1243f78b638c80197e9ce2 a46fa8f641d2404ab3c93635b25fdede - - default default] http://[LB_IP_ADDRESS]:8776/v3/a46fa8f641d2404ab3c93635b25fdede/groups/bdec2758-16e9-4bbc-a8f7-1e9201e8122e returned with HTTP 404
2026-05-28 03:25:36.020 72 INFO cinder.api.openstack.wsgi [None req-951536ec-cc27-4cfd-8c2d-f2f048cc7bdd 45ee43a0c7a14a85892b808fdbac92b3 8374a1c7a8cb4d6eb2569880b0f340d8 - - default default] DELETE http://[LB_IP_ADDRESS]:8776/v3/8374a1c7a8cb4d6eb2569880b0f340d8/group_types/30f9121b-6dc4-47c1-b67a-0e053fd5f2a0
2026-05-28 03:25:36.042 72 INFO cinder.api.openstack.wsgi [None req-951536ec-cc27-4cfd-8c2d-f2f048cc7bdd 45ee43a0c7a14a85892b808fdbac92b3 8374a1c7a8cb4d6eb2569880b0f340d8 - - default default] http://[LB_IP_ADDRESS]:8776/v3/8374a1c7a8cb4d6eb2569880b0f340d8/group_types/30f9121b-6dc4-47c1-b67a-0e053fd5f2a0 returned with HTTP 202
2026-05-28 03:25:36.054 74 INFO cinder.api.openstack.wsgi [None req-bf1cab5f-edf3-4f1a-8e37-f2a965cfb705 45ee43a0c7a14a85892b808fdbac92b3 8374a1c7a8cb4d6eb2569880b0f340d8 - - default default] DELETE http://[LB_IP_ADDRESS]:8776/v3/8374a1c7a8cb4d6eb2569880b0f340d8/types/22100592-0d77-4169-bd2c-87922bbebc94
2026-05-28 03:25:36.097 74 INFO cinder.api.openstack.wsgi [None req-bf1cab5f-edf3-4f1a-8e37-f2a965cfb705 45ee43a0c7a14a85892b808fdbac92b3 8374a1c7a8cb4d6eb2569880b0f340d8 - - default default] http://[LB_IP_ADDRESS]:8776/v3/8374a1c7a8cb4d6eb2569880b0f340d8/types/22100592-0d77-4169-bd2c-87922bbebc94 returned with HTTP 202
2026-05-28 03:25:36.108 76 INFO cinder.api.openstack.wsgi [None req-68cd288c-21ce-49cd-bd43-5aeb6ad75cc0 45ee43a0c7a14a85892b808fdbac92b3 8374a1c7a8cb4d6eb2569880b0f340d8 - - default default] GET http://[LB_IP_ADDRESS]:8776/v3/8374a1c7a8cb4d6eb2569880b0f340d8/types/22100592-0d77-4169-bd2c-87922bbebc94
2026-05-28 03:25:36.114 76 INFO cinder.api.openstack.wsgi [None req-68cd288c-21ce-49cd-bd43-5aeb6ad75cc0 45ee43a0c7a14a85892b808fdbac92b3 8374a1c7a8cb4d6eb2569880b0f340d8 - - default default] http://[LB_IP_ADDRESS]:8776/v3/8374a1c7a8cb4d6eb2569880b0f340d8/types/22100592-0d77-4169-bd2c-87922bbebc94 returned with HTTP 404
2026-05-28 03:25:36.134 75 INFO cinder.api.openstack.wsgi [None req-42272399-a06e-415d-ad8d-25ea835a1b80 45ee43a0c7a14a85892b808fdbac92b3 8374a1c7a8cb4d6eb2569880b0f340d8 - - default default] POST http://[LB_IP_ADDRESS]:8776/v3/8374a1c7a8cb4d6eb2569880b0f340d8/types
2026-05-28 03:25:36.157 75 INFO cinder.api.openstack.wsgi [None req-42272399-a06e-415d-ad8d-25ea835a1b80 45ee43a0c7a14a85892b808fdbac92b3 8374a1c7a8cb4d6eb2569880b0f340d8 - - default default] http://[LB_IP_ADDRESS]:8776/v3/8374a1c7a8cb4d6eb2569880b0f340d8/types returned with HTTP 200
2026-05-28 03:25:36.172 73 INFO cinder.api.openstack.wsgi [None req-454a7037-7890-45cd-b0f6-133bd506f4a3 45ee43a0c7a14a85892b808fdbac92b3 8374a1c7a8cb4d6eb2569880b0f340d8 - - default default] POST http://[LB_IP_ADDRESS]:8776/v3/8374a1c7a8cb4d6eb2569880b0f340d8/group_types
2026-05-28 03:25:36.195 73 INFO cinder.api.openstack.wsgi [None req-454a7037-7890-45cd-b0f6-133bd506f4a3 45ee43a0c7a14a85892b808fdbac92b3 8374a1c7a8cb4d6eb2569880b0f340d8 - - default default] http://[LB_IP_ADDRESS]:8776/v3/8374a1c7a8cb4d6eb2569880b0f340d8/group_types returned with HTTP 202
2026-05-28 03:25:36.210 72 INFO cinder.api.openstack.wsgi [None req-2cbf4a02-8f06-4ee4-90f5-1a5315b9608f 3b4fb6b91d1243f78b638c80197e9ce2 a46fa8f641d2404ab3c93635b25fdede - - default default] POST http://[LB_IP_ADDRESS]:8776/v3/a46fa8f641d2404ab3c93635b25fdede/groups
2026-05-28 03:25:36.219 72 INFO cinder.api.v3.groups [None req-2cbf4a02-8f06-4ee4-90f5-1a5315b9608f 3b4fb6b91d1243f78b638c80197e9ce2 a46fa8f641d2404ab3c93635b25fdede - - default default] Creating group tempest-GroupSnapshotsTest-Group-1114650788.
2026-05-28 03:25:36.233 72 INFO cinder.volume.api [None req-2cbf4a02-8f06-4ee4-90f5-1a5315b9608f 3b4fb6b91d1243f78b638c80197e9ce2 a46fa8f641d2404ab3c93635b25fdede - - default default] Availability Zones retrieved successfully.
2026-05-28 03:25:36.290 72 INFO cinder.api.openstack.wsgi [None req-2cbf4a02-8f06-4ee4-90f5-1a5315b9608f 3b4fb6b91d1243f78b638c80197e9ce2 a46fa8f641d2404ab3c93635b25fdede - - default default] http://[LB_IP_ADDRESS]:8776/v3/a46fa8f641d2404ab3c93635b25fdede/groups returned with HTTP 202
2026-05-28 03:25:36.304 74 INFO cinder.api.openstack.wsgi [None req-1a81fc7f-1970-4dcc-8f82-c4d0419afd20 3b4fb6b91d1243f78b638c80197e9ce2 a46fa8f641d2404ab3c93635b25fdede - - default default] GET http://[LB_IP_ADDRESS]:8776/v3/a46fa8f641d2404ab3c93635b25fdede/groups/2146969b-24de-45b1-9941-a7736b832828
2026-05-28 03:25:36.325 74 INFO cinder.api.openstack.wsgi [None req-1a81fc7f-1970-4dcc-8f82-c4d0419afd20 3b4fb6b91d1243f78b638c80197e9ce2 a46fa8f641d2404ab3c93635b25fdede - - default default] http://[LB_IP_ADDRESS]:8776/v3/a46fa8f641d2404ab3c93635b25fdede/groups/2146969b-24de-45b1-9941-a7736b832828 returned with HTTP 200
2026-05-28 03:25:37.261 76 INFO cinder.api.openstack.wsgi [None req-4b5fd80a-267e-43e9-95a7-c7dca09d6918 bf183de0ca4f47aba37bd59fdb3c426f df31ac5833464545bd8b7eb96557a498 - - default default] POST http://[LB_IP_ADDRESS]:8776/v3/df31ac5833464545bd8b7eb96557a498/volumes
2026-05-28 03:25:37.265 76 INFO cinder.api.v3.volumes [None req-4b5fd80a-267e-43e9-95a7-c7dca09d6918 bf183de0ca4f47aba37bd59fdb3c426f df31ac5833464545bd8b7eb96557a498 - - default default] Create volume of 1 GB
2026-05-28 03:25:37.275 76 INFO cinder.volume.api [None req-4b5fd80a-267e-43e9-95a7-c7dca09d6918 bf183de0ca4f47aba37bd59fdb3c426f df31ac5833464545bd8b7eb96557a498 - - default default] Availability Zones retrieved successfully.
2026-05-28 03:25:37.341 75 INFO cinder.api.openstack.wsgi [None req-1297f9ed-87bb-4306-9616-efe076f01b59 3b4fb6b91d1243f78b638c80197e9ce2 a46fa8f641d2404ab3c93635b25fdede - - default default] GET http://[LB_IP_ADDRESS]:8776/v3/a46fa8f641d2404ab3c93635b25fdede/groups/2146969b-24de-45b1-9941-a7736b832828
2026-05-28 03:25:37.362 75 INFO cinder.api.openstack.wsgi [None req-1297f9ed-87bb-4306-9616-efe076f01b59 3b4fb6b91d1243f78b638c80197e9ce2 a46fa8f641d2404ab3c93635b25fdede - - default default] http://[LB_IP_ADDRESS]:8776/v3/a46fa8f641d2404ab3c93635b25fdede/groups/2146969b-24de-45b1-9941-a7736b832828 returned with HTTP 200
2026-05-28 03:25:37.379 73 INFO cinder.api.openstack.wsgi [None req-e566752e-6d81-439c-9016-05e3da1e20e2 3b4fb6b91d1243f78b638c80197e9ce2 a46fa8f641d2404ab3c93635b25fdede - - default default] POST http://[LB_IP_ADDRESS]:8776/v3/a46fa8f641d2404ab3c93635b25fdede/volumes
2026-05-28 03:25:37.394 73 INFO cinder.api.v3.volumes [None req-e566752e-6d81-439c-9016-05e3da1e20e2 3b4fb6b91d1243f78b638c80197e9ce2 a46fa8f641d2404ab3c93635b25fdede - - default default] Create volume of 1 GB
2026-05-28 03:25:37.403 73 INFO cinder.volume.api [None req-e566752e-6d81-439c-9016-05e3da1e20e2 3b4fb6b91d1243f78b638c80197e9ce2 a46fa8f641d2404ab3c93635b25fdede - - default default] Availability Zones retrieved successfully.
2026-05-28 03:25:37.476 76 INFO cinder.volume.api [None req-4b5fd80a-267e-43e9-95a7-c7dca09d6918 bf183de0ca4f47aba37bd59fdb3c426f df31ac5833464545bd8b7eb96557a498 - - default default] Create volume request issued successfully.
2026-05-28 03:25:37.478 76 INFO cinder.api.openstack.wsgi [None req-4b5fd80a-267e-43e9-95a7-c7dca09d6918 bf183de0ca4f47aba37bd59fdb3c426f df31ac5833464545bd8b7eb96557a498 - - default default] http://[LB_IP_ADDRESS]:8776/v3/df31ac5833464545bd8b7eb96557a498/volumes returned with HTTP 202
2026-05-28 03:25:37.498 73 WARNING cinder.quota [None req-e566752e-6d81-439c-9016-05e3da1e20e2 3b4fb6b91d1243f78b638c80197e9ce2 a46fa8f641d2404ab3c93635b25fdede - - default default] Deprecated: Default quota for resource: volumes_tempest-GroupSnapshotsTest-volume-type-1990916778 is set by the default quota flag: quota_volumes_tempest-GroupSnapshotsTest-volume-type-1990916778, it is now deprecated. Please use the default quota class for default quota.
2026-05-28 03:25:37.499 73 WARNING cinder.quota [None req-e566752e-6d81-439c-9016-05e3da1e20e2 3b4fb6b91d1243f78b638c80197e9ce2 a46fa8f641d2404ab3c93635b25fdede - - default default] Deprecated: Default quota for resource: gigabytes_tempest-GroupSnapshotsTest-volume-type-1990916778 is set by the default quota flag: quota_gigabytes_tempest-GroupSnapshotsTest-volume-type-1990916778, it is now deprecated. Please use the default quota class for default quota.
2026-05-28 03:25:37.500 72 INFO cinder.api.openstack.wsgi [None req-3e815212-0188-4184-865d-8295a30ff2a3 bf183de0ca4f47aba37bd59fdb3c426f df31ac5833464545bd8b7eb96557a498 - - default default] GET http://[LB_IP_ADDRESS]:8776/v3/df31ac5833464545bd8b7eb96557a498/volumes/519617df-c996-42c7-8562-1639996434de
2026-05-28 03:25:37.521 72 INFO cinder.volume.api [None req-3e815212-0188-4184-865d-8295a30ff2a3 bf183de0ca4f47aba37bd59fdb3c426f df31ac5833464545bd8b7eb96557a498 - - default default] Volume info retrieved successfully.
2026-05-28 03:25:37.531 72 INFO cinder.api.openstack.wsgi [None req-3e815212-0188-4184-865d-8295a30ff2a3 bf183de0ca4f47aba37bd59fdb3c426f df31ac5833464545bd8b7eb96557a498 - - default default] http://[LB_IP_ADDRESS]:8776/v3/df31ac5833464545bd8b7eb96557a498/volumes/519617df-c996-42c7-8562-1639996434de returned with HTTP 200
2026-05-28 03:25:37.633 73 INFO cinder.volume.api [None req-e566752e-6d81-439c-9016-05e3da1e20e2 3b4fb6b91d1243f78b638c80197e9ce2 a46fa8f641d2404ab3c93635b25fdede - - default default] Create volume request issued successfully.
2026-05-28 03:25:37.653 73 INFO cinder.api.openstack.wsgi [None req-e566752e-6d81-439c-9016-05e3da1e20e2 3b4fb6b91d1243f78b638c80197e9ce2 a46fa8f641d2404ab3c93635b25fdede - - default default] http://[LB_IP_ADDRESS]:8776/v3/a46fa8f641d2404ab3c93635b25fdede/volumes returned with HTTP 202
2026-05-28 03:25:37.674 74 INFO cinder.api.openstack.wsgi [None req-9dd638ca-599a-4db2-907e-beda954b370f 3b4fb6b91d1243f78b638c80197e9ce2 a46fa8f641d2404ab3c93635b25fdede - - default default] GET http://[LB_IP_ADDRESS]:8776/v3/a46fa8f641d2404ab3c93635b25fdede/volumes/807d13f6-ff66-4299-9491-5bb2755d027a
2026-05-28 03:25:37.696 74 INFO cinder.volume.api [None req-9dd638ca-599a-4db2-907e-beda954b370f 3b4fb6b91d1243f78b638c80197e9ce2 a46fa8f641d2404ab3c93635b25fdede - - default default] Volume info retrieved successfully.
2026-05-28 03:25:37.722 74 INFO cinder.api.openstack.wsgi [None req-9dd638ca-599a-4db2-907e-beda954b370f 3b4fb6b91d1243f78b638c80197e9ce2 a46fa8f641d2404ab3c93635b25fdede - - default default] http://[LB_IP_ADDRESS]:8776/v3/a46fa8f641d2404ab3c93635b25fdede/volumes/807d13f6-ff66-4299-9491-5bb2755d027a returned with HTTP 200
2026-05-28 03:25:38.553 75 INFO cinder.api.openstack.wsgi [None req-b76a85bf-a91a-4e84-a4cf-dfedb749cdbf bf183de0ca4f47aba37bd59fdb3c426f df31ac5833464545bd8b7eb96557a498 - - default default] GET http://[LB_IP_ADDRESS]:8776/v3/df31ac5833464545bd8b7eb96557a498/volumes/519617df-c996-42c7-8562-1639996434de
2026-05-28 03:25:38.576 75 INFO cinder.volume.api [None req-b76a85bf-a91a-4e84-a4cf-dfedb749cdbf bf183de0ca4f47aba37bd59fdb3c426f df31ac5833464545bd8b7eb96557a498 - - default default] Volume info retrieved successfully.
2026-05-28 03:25:38.586 75 INFO cinder.api.openstack.wsgi [None req-b76a85bf-a91a-4e84-a4cf-dfedb749cdbf bf183de0ca4f47aba37bd59fdb3c426f df31ac5833464545bd8b7eb96557a498 - - default default] http://[LB_IP_ADDRESS]:8776/v3/df31ac5833464545bd8b7eb96557a498/volumes/519617df-c996-42c7-8562-1639996434de returned with HTTP 200
2026-05-28 03:25:38.610 76 INFO cinder.api.openstack.wsgi [None req-8cbafbb3-f684-4d03-b105-3e6c7df995f9 bf183de0ca4f47aba37bd59fdb3c426f df31ac5833464545bd8b7eb96557a498 - - default default] POST http://[LB_IP_ADDRESS]:8776/v3/df31ac5833464545bd8b7eb96557a498/snapshots
2026-05-28 03:25:38.630 76 INFO cinder.volume.api [None req-8cbafbb3-f684-4d03-b105-3e6c7df995f9 bf183de0ca4f47aba37bd59fdb3c426f df31ac5833464545bd8b7eb96557a498 - - default default] Volume info retrieved successfully.
2026-05-28 03:25:38.631 76 INFO cinder.api.v3.snapshots [None req-8cbafbb3-f684-4d03-b105-3e6c7df995f9 bf183de0ca4f47aba37bd59fdb3c426f df31ac5833464545bd8b7eb96557a498 - - default default] Create snapshot from volume 519617df-c996-42c7-8562-1639996434de
2026-05-28 03:25:38.746 72 INFO cinder.api.openstack.wsgi [None req-102bf4b3-4a5b-425c-bdb5-ef78ed76b81e 3b4fb6b91d1243f78b638c80197e9ce2 a46fa8f641d2404ab3c93635b25fdede - - default default] GET http://[LB_IP_ADDRESS]:8776/v3/a46fa8f641d2404ab3c93635b25fdede/volumes/807d13f6-ff66-4299-9491-5bb2755d027a
2026-05-28 03:25:38.767 72 INFO cinder.volume.api [None req-102bf4b3-4a5b-425c-bdb5-ef78ed76b81e 3b4fb6b91d1243f78b638c80197e9ce2 a46fa8f641d2404ab3c93635b25fdede - - default default] Volume info retrieved successfully.
2026-05-28 03:25:38.792 72 INFO cinder.api.openstack.wsgi [None req-102bf4b3-4a5b-425c-bdb5-ef78ed76b81e 3b4fb6b91d1243f78b638c80197e9ce2 a46fa8f641d2404ab3c93635b25fdede - - default default] http://[LB_IP_ADDRESS]:8776/v3/a46fa8f641d2404ab3c93635b25fdede/volumes/807d13f6-ff66-4299-9491-5bb2755d027a returned with HTTP 200
2026-05-28 03:25:38.812 76 INFO cinder.volume.api [None req-8cbafbb3-f684-4d03-b105-3e6c7df995f9 bf183de0ca4f47aba37bd59fdb3c426f df31ac5833464545bd8b7eb96557a498 - - default default] Snapshot create request issued successfully.
2026-05-28 03:25:38.813 76 INFO cinder.api.openstack.wsgi [None req-8cbafbb3-f684-4d03-b105-3e6c7df995f9 bf183de0ca4f47aba37bd59fdb3c426f df31ac5833464545bd8b7eb96557a498 - - default default] http://[LB_IP_ADDRESS]:8776/v3/df31ac5833464545bd8b7eb96557a498/snapshots returned with HTTP 202
2026-05-28 03:25:38.815 73 INFO cinder.api.openstack.wsgi [None req-f1b9c33b-463f-4907-b2ac-1447f5447b47 3b4fb6b91d1243f78b638c80197e9ce2 a46fa8f641d2404ab3c93635b25fdede - - default default] POST http://[LB_IP_ADDRESS]:8776/v3/a46fa8f641d2404ab3c93635b25fdede/group_snapshots
2026-05-28 03:25:38.831 74 INFO cinder.api.openstack.wsgi [None req-2ba16595-5290-4bde-93cb-058569743355 bf183de0ca4f47aba37bd59fdb3c426f df31ac5833464545bd8b7eb96557a498 - - default default] GET http://[LB_IP_ADDRESS]:8776/v3/df31ac5833464545bd8b7eb96557a498/snapshots/042e9f3d-73ce-46f5-8bc5-c79f2553c9dc
2026-05-28 03:25:38.831 73 INFO cinder.api.v3.group_snapshots [None req-f1b9c33b-463f-4907-b2ac-1447f5447b47 3b4fb6b91d1243f78b638c80197e9ce2 a46fa8f641d2404ab3c93635b25fdede - - default default] Creating group_snapshot tempest-group_snapshot-1390450508.
2026-05-28 03:25:38.843 74 INFO cinder.volume.api [None req-2ba16595-5290-4bde-93cb-058569743355 bf183de0ca4f47aba37bd59fdb3c426f df31ac5833464545bd8b7eb96557a498 - - default default] Snapshot retrieved successfully.
2026-05-28 03:25:38.845 74 INFO cinder.api.openstack.wsgi [None req-2ba16595-5290-4bde-93cb-058569743355 bf183de0ca4f47aba37bd59fdb3c426f df31ac5833464545bd8b7eb96557a498 - - default default] http://[LB_IP_ADDRESS]:8776/v3/df31ac5833464545bd8b7eb96557a498/snapshots/042e9f3d-73ce-46f5-8bc5-c79f2553c9dc returned with HTTP 200
2026-05-28 03:25:38.879 73 WARNING cinder.quota [None req-f1b9c33b-463f-4907-b2ac-1447f5447b47 3b4fb6b91d1243f78b638c80197e9ce2 a46fa8f641d2404ab3c93635b25fdede - - default default] Deprecated: Default quota for resource: snapshots_tempest-GroupSnapshotsTest-volume-type-1990916778 is set by the default quota flag: quota_snapshots_tempest-GroupSnapshotsTest-volume-type-1990916778, it is now deprecated. Please use the default quota class for default quota.
2026-05-28 03:25:38.954 73 INFO cinder.api.openstack.wsgi [None req-f1b9c33b-463f-4907-b2ac-1447f5447b47 3b4fb6b91d1243f78b638c80197e9ce2 a46fa8f641d2404ab3c93635b25fdede - - default default] http://[LB_IP_ADDRESS]:8776/v3/a46fa8f641d2404ab3c93635b25fdede/group_snapshots returned with HTTP 202
2026-05-28 03:25:38.969 75 INFO cinder.api.openstack.wsgi [None req-4e2f2303-e81f-4215-87c3-1549713a57e5 3b4fb6b91d1243f78b638c80197e9ce2 a46fa8f641d2404ab3c93635b25fdede - - default default] GET http://[LB_IP_ADDRESS]:8776/v3/a46fa8f641d2404ab3c93635b25fdede/group_snapshots/f9747657-1e27-4ebd-ae28-c3347da86c1e
2026-05-28 03:25:38.981 75 INFO cinder.api.openstack.wsgi [None req-4e2f2303-e81f-4215-87c3-1549713a57e5 3b4fb6b91d1243f78b638c80197e9ce2 a46fa8f641d2404ab3c93635b25fdede - - default default] http://[LB_IP_ADDRESS]:8776/v3/a46fa8f641d2404ab3c93635b25fdede/group_snapshots/f9747657-1e27-4ebd-ae28-c3347da86c1e returned with HTTP 200
2026-05-28 03:25:39.862 72 INFO cinder.api.openstack.wsgi [None req-0faa1c50-e375-4eaf-8446-f52c3e067dee bf183de0ca4f47aba37bd59fdb3c426f df31ac5833464545bd8b7eb96557a498 - - default default] GET http://[LB_IP_ADDRESS]:8776/v3/df31ac5833464545bd8b7eb96557a498/snapshots/042e9f3d-73ce-46f5-8bc5-c79f2553c9dc
2026-05-28 03:25:39.873 72 INFO cinder.volume.api [None req-0faa1c50-e375-4eaf-8446-f52c3e067dee bf183de0ca4f47aba37bd59fdb3c426f df31ac5833464545bd8b7eb96557a498 - - default default] Snapshot retrieved successfully.
2026-05-28 03:25:39.875 72 INFO cinder.api.openstack.wsgi [None req-0faa1c50-e375-4eaf-8446-f52c3e067dee bf183de0ca4f47aba37bd59fdb3c426f df31ac5833464545bd8b7eb96557a498 - - default default] http://[LB_IP_ADDRESS]:8776/v3/df31ac5833464545bd8b7eb96557a498/snapshots/042e9f3d-73ce-46f5-8bc5-c79f2553c9dc returned with HTTP 200
2026-05-28 03:25:39.997 76 INFO cinder.api.openstack.wsgi [None req-7548f1b0-ccfe-4bdd-90ca-17c2257c6cde 3b4fb6b91d1243f78b638c80197e9ce2 a46fa8f641d2404ab3c93635b25fdede - - default default] GET http://[LB_IP_ADDRESS]:8776/v3/a46fa8f641d2404ab3c93635b25fdede/group_snapshots/f9747657-1e27-4ebd-ae28-c3347da86c1e
2026-05-28 03:25:40.010 76 INFO cinder.api.openstack.wsgi [None req-7548f1b0-ccfe-4bdd-90ca-17c2257c6cde 3b4fb6b91d1243f78b638c80197e9ce2 a46fa8f641d2404ab3c93635b25fdede - - default default] http://[LB_IP_ADDRESS]:8776/v3/a46fa8f641d2404ab3c93635b25fdede/group_snapshots/f9747657-1e27-4ebd-ae28-c3347da86c1e returned with HTTP 200
2026-05-28 03:25:40.477 74 INFO cinder.api.openstack.wsgi [None req-674d494d-72e8-4664-87a9-467d127c6dec ff595ddddb154f2d8af532a3027e8ee8 655ac35742814c879e879d29a5aabb7a - - default default] GET http://[LB_IP_ADDRESS]:8776/v3/655ac35742814c879e879d29a5aabb7a/os-quota-sets/d97abd94faec49138d4fc80373e7f4b8
2026-05-28 03:25:40.495 74 WARNING cinder.quota [None req-674d494d-72e8-4664-87a9-467d127c6dec ff595ddddb154f2d8af532a3027e8ee8 655ac35742814c879e879d29a5aabb7a - - default default] Deprecated: Default quota for resource: volumes_tempest-GroupSnapshotsTest-volume-type-1990916778 is set by the default quota flag: quota_volumes_tempest-GroupSnapshotsTest-volume-type-1990916778, it is now deprecated. Please use the default quota class for default quota.
2026-05-28 03:25:40.496 74 WARNING cinder.quota [None req-674d494d-72e8-4664-87a9-467d127c6dec ff595ddddb154f2d8af532a3027e8ee8 655ac35742814c879e879d29a5aabb7a - - default default] Deprecated: Default quota for resource: gigabytes_tempest-GroupSnapshotsTest-volume-type-1990916778 is set by the default quota flag: quota_gigabytes_tempest-GroupSnapshotsTest-volume-type-1990916778, it is now deprecated. Please use the default quota class for default quota.
