2025-01-14 08:53:06.468 23 INFO cinder.volume.api [None req-b41b856a-c369-4667-bad8-b1b3dc1d95fa 898b1819e3954d8cb47f6cd25397917e 34d4c2be6b344d1686486b4fee0679cb - - default default] Volume info retrieved successfully.
2025-01-14 08:53:06.497 23 INFO cinder.api.openstack.wsgi [None req-b41b856a-c369-4667-bad8-b1b3dc1d95fa 898b1819e3954d8cb47f6cd25397917e 34d4c2be6b344d1686486b4fee0679cb - - default default] http://[LB_IP_ADDRESS]:8776/v3/34d4c2be6b344d1686486b4fee0679cb/volumes/9a680da7-520e-4e16-aa8f-ca6ba66c5827 returned with HTTP 200
2025-01-14 08:53:07.285 21 INFO cinder.api.openstack.wsgi [None req-6df03ff6-62ba-4ae1-9b4d-aa38aec705de 02c5fb0d3f4c422aa2716c410b67e374 c9ab7f637d464e368483c614e7f66c53 - - default default] GET http://[LB_IP_ADDRESS]:8776/v3/c9ab7f637d464e368483c614e7f66c53/volumes/f04083e3-2ebb-4d05-a94c-054618ef8e8c
2025-01-14 08:53:07.299 24 INFO cinder.api.openstack.wsgi [None req-116b6efb-d0c5-4a33-ab78-8ceae0b42701 4ff3d74c32614fbbb77aeae3c0268b31 2f112033537e4cd19e0fe18186107b6d - - default default] GET http://[LB_IP_ADDRESS]:8776/v3/2f112033537e4cd19e0fe18186107b6d/snapshots/3b03ab5b-e981-4d91-adb8-7b06b0263d30
2025-01-14 08:53:07.312 21 INFO cinder.volume.api [None req-6df03ff6-62ba-4ae1-9b4d-aa38aec705de 02c5fb0d3f4c422aa2716c410b67e374 c9ab7f637d464e368483c614e7f66c53 - - default default] Volume info retrieved successfully.
2025-01-14 08:53:07.313 24 INFO cinder.volume.api [None req-116b6efb-d0c5-4a33-ab78-8ceae0b42701 4ff3d74c32614fbbb77aeae3c0268b31 2f112033537e4cd19e0fe18186107b6d - - default default] Snapshot retrieved successfully.
2025-01-14 08:53:07.315 24 INFO cinder.api.openstack.wsgi [None req-116b6efb-d0c5-4a33-ab78-8ceae0b42701 4ff3d74c32614fbbb77aeae3c0268b31 2f112033537e4cd19e0fe18186107b6d - - default default] http://[LB_IP_ADDRESS]:8776/v3/2f112033537e4cd19e0fe18186107b6d/snapshots/3b03ab5b-e981-4d91-adb8-7b06b0263d30 returned with HTTP 200
2025-01-14 08:53:07.321 21 INFO cinder.api.openstack.wsgi [None req-6df03ff6-62ba-4ae1-9b4d-aa38aec705de 02c5fb0d3f4c422aa2716c410b67e374 c9ab7f637d464e368483c614e7f66c53 - - default default] http://[LB_IP_ADDRESS]:8776/v3/c9ab7f637d464e368483c614e7f66c53/volumes/f04083e3-2ebb-4d05-a94c-054618ef8e8c returned with HTTP 200
2025-01-14 08:53:07.527 25 INFO cinder.api.openstack.wsgi [None req-b3c450bc-c0b7-4b71-933e-3ba14d7644c5 898b1819e3954d8cb47f6cd25397917e 34d4c2be6b344d1686486b4fee0679cb - - default default] GET http://[LB_IP_ADDRESS]:8776/v3/34d4c2be6b344d1686486b4fee0679cb/volumes/9a680da7-520e-4e16-aa8f-ca6ba66c5827
2025-01-14 08:53:07.543 25 INFO cinder.api.openstack.wsgi [None req-b3c450bc-c0b7-4b71-933e-3ba14d7644c5 898b1819e3954d8cb47f6cd25397917e 34d4c2be6b344d1686486b4fee0679cb - - default default] http://[LB_IP_ADDRESS]:8776/v3/34d4c2be6b344d1686486b4fee0679cb/volumes/9a680da7-520e-4e16-aa8f-ca6ba66c5827 returned with HTTP 404
2025-01-14 08:53:07.556 22 INFO cinder.api.openstack.wsgi [None req-f235e7d8-a6aa-4128-96a6-c0fa9fcab01e 898b1819e3954d8cb47f6cd25397917e 34d4c2be6b344d1686486b4fee0679cb - - default default] GET http://[LB_IP_ADDRESS]:8776/v3/34d4c2be6b344d1686486b4fee0679cb/groups/94354e23-9669-401e-9362-85a692709041
2025-01-14 08:53:07.563 22 INFO cinder.api.openstack.wsgi [None req-f235e7d8-a6aa-4128-96a6-c0fa9fcab01e 898b1819e3954d8cb47f6cd25397917e 34d4c2be6b344d1686486b4fee0679cb - - default default] http://[LB_IP_ADDRESS]:8776/v3/34d4c2be6b344d1686486b4fee0679cb/groups/94354e23-9669-401e-9362-85a692709041 returned with HTTP 404
2025-01-14 08:53:07.576 23 INFO cinder.api.openstack.wsgi [None req-d66417ca-2c8b-4716-8c2f-f1179fc9c16d 53d9b8661f8a41be8626a3b81fe8aa1c 175c888ac52642679718371e1009e38e - - default default] DELETE http://[LB_IP_ADDRESS]:8776/v3/175c888ac52642679718371e1009e38e/group_types/40c049ba-c132-4c38-8568-7f478ad17fd8
2025-01-14 08:53:07.599 23 INFO cinder.api.openstack.wsgi [None req-d66417ca-2c8b-4716-8c2f-f1179fc9c16d 53d9b8661f8a41be8626a3b81fe8aa1c 175c888ac52642679718371e1009e38e - - default default] http://[LB_IP_ADDRESS]:8776/v3/175c888ac52642679718371e1009e38e/group_types/40c049ba-c132-4c38-8568-7f478ad17fd8 returned with HTTP 202
2025-01-14 08:53:07.611 24 INFO cinder.api.openstack.wsgi [None req-fdf7a88e-0aa2-45d5-9734-ea8dd78668c3 53d9b8661f8a41be8626a3b81fe8aa1c 175c888ac52642679718371e1009e38e - - default default] DELETE http://[LB_IP_ADDRESS]:8776/v3/175c888ac52642679718371e1009e38e/types/634db97e-2fd3-44a4-8491-004020983fa4
2025-01-14 08:53:07.663 24 INFO cinder.api.openstack.wsgi [None req-fdf7a88e-0aa2-45d5-9734-ea8dd78668c3 53d9b8661f8a41be8626a3b81fe8aa1c 175c888ac52642679718371e1009e38e - - default default] http://[LB_IP_ADDRESS]:8776/v3/175c888ac52642679718371e1009e38e/types/634db97e-2fd3-44a4-8491-004020983fa4 returned with HTTP 202
2025-01-14 08:53:07.675 21 INFO cinder.api.openstack.wsgi [None req-9c6bce95-6327-41c4-a31e-5e3122648c04 53d9b8661f8a41be8626a3b81fe8aa1c 175c888ac52642679718371e1009e38e - - default default] GET http://[LB_IP_ADDRESS]:8776/v3/175c888ac52642679718371e1009e38e/types/634db97e-2fd3-44a4-8491-004020983fa4
2025-01-14 08:53:07.683 21 INFO cinder.api.openstack.wsgi [None req-9c6bce95-6327-41c4-a31e-5e3122648c04 53d9b8661f8a41be8626a3b81fe8aa1c 175c888ac52642679718371e1009e38e - - default default] http://[LB_IP_ADDRESS]:8776/v3/175c888ac52642679718371e1009e38e/types/634db97e-2fd3-44a4-8491-004020983fa4 returned with HTTP 404
2025-01-14 08:53:08.333 25 INFO cinder.api.openstack.wsgi [None req-32470b2b-ca33-434f-8271-5ee52f742bd8 4ff3d74c32614fbbb77aeae3c0268b31 2f112033537e4cd19e0fe18186107b6d - - default default] GET http://[LB_IP_ADDRESS]:8776/v3/2f112033537e4cd19e0fe18186107b6d/snapshots/3b03ab5b-e981-4d91-adb8-7b06b0263d30
2025-01-14 08:53:08.346 25 INFO cinder.volume.api [None req-32470b2b-ca33-434f-8271-5ee52f742bd8 4ff3d74c32614fbbb77aeae3c0268b31 2f112033537e4cd19e0fe18186107b6d - - default default] Snapshot retrieved successfully.
2025-01-14 08:53:08.348 25 INFO cinder.api.openstack.wsgi [None req-32470b2b-ca33-434f-8271-5ee52f742bd8 4ff3d74c32614fbbb77aeae3c0268b31 2f112033537e4cd19e0fe18186107b6d - - default default] http://[LB_IP_ADDRESS]:8776/v3/2f112033537e4cd19e0fe18186107b6d/snapshots/3b03ab5b-e981-4d91-adb8-7b06b0263d30 returned with HTTP 200
2025-01-14 08:53:08.349 22 INFO cinder.api.openstack.wsgi [None req-bedd01d1-24a0-490f-94f2-ed79bc37125d 02c5fb0d3f4c422aa2716c410b67e374 c9ab7f637d464e368483c614e7f66c53 - - default default] GET http://[LB_IP_ADDRESS]:8776/v3/c9ab7f637d464e368483c614e7f66c53/volumes/f04083e3-2ebb-4d05-a94c-054618ef8e8c
2025-01-14 08:53:08.367 23 INFO cinder.api.openstack.wsgi [None req-1dfa28dd-ca2a-4019-b099-d9aaf6131893 c84372d458e344c9a5739e6df7266338 02807611ba8e4b03b8dc8f364f9ed4f2 - - default default] PUT http://[LB_IP_ADDRESS]:8776/v3/02807611ba8e4b03b8dc8f364f9ed4f2/os-quota-sets/2f112033537e4cd19e0fe18186107b6d
2025-01-14 08:53:08.375 22 INFO cinder.volume.api [None req-bedd01d1-24a0-490f-94f2-ed79bc37125d 02c5fb0d3f4c422aa2716c410b67e374 c9ab7f637d464e368483c614e7f66c53 - - default default] Volume info retrieved successfully.
2025-01-14 08:53:08.387 22 INFO cinder.api.openstack.wsgi [None req-bedd01d1-24a0-490f-94f2-ed79bc37125d 02c5fb0d3f4c422aa2716c410b67e374 c9ab7f637d464e368483c614e7f66c53 - - default default] http://[LB_IP_ADDRESS]:8776/v3/c9ab7f637d464e368483c614e7f66c53/volumes/f04083e3-2ebb-4d05-a94c-054618ef8e8c returned with HTTP 200
2025-01-14 08:53:08.418 24 INFO cinder.api.openstack.wsgi [None req-e31f55e6-0903-4532-a943-2a927cde4418 373ef018012d409d8362bdff7543b21e ce3d08c120ef4ba3af31788516e2e465 - - default default] PUT http://[LB_IP_ADDRESS]:8776/v3/ce3d08c120ef4ba3af31788516e2e465/os-quota-sets/c9ab7f637d464e368483c614e7f66c53
2025-01-14 08:53:08.567 23 INFO cinder.api.openstack.wsgi [None req-1dfa28dd-ca2a-4019-b099-d9aaf6131893 c84372d458e344c9a5739e6df7266338 02807611ba8e4b03b8dc8f364f9ed4f2 - - default default] http://[LB_IP_ADDRESS]:8776/v3/02807611ba8e4b03b8dc8f364f9ed4f2/os-quota-sets/2f112033537e4cd19e0fe18186107b6d returned with HTTP 200
2025-01-14 08:53:08.584 21 INFO cinder.api.openstack.wsgi [None req-d3447024-f07c-4f7f-a64b-4c48cec093b2 4ff3d74c32614fbbb77aeae3c0268b31 2f112033537e4cd19e0fe18186107b6d - - default default] POST http://[LB_IP_ADDRESS]:8776/v3/2f112033537e4cd19e0fe18186107b6d/snapshots
2025-01-14 08:53:08.604 24 INFO cinder.api.openstack.wsgi [None req-e31f55e6-0903-4532-a943-2a927cde4418 373ef018012d409d8362bdff7543b21e ce3d08c120ef4ba3af31788516e2e465 - - default default] http://[LB_IP_ADDRESS]:8776/v3/ce3d08c120ef4ba3af31788516e2e465/os-quota-sets/c9ab7f637d464e368483c614e7f66c53 returned with HTTP 200
2025-01-14 08:53:08.607 21 INFO cinder.volume.api [None req-d3447024-f07c-4f7f-a64b-4c48cec093b2 4ff3d74c32614fbbb77aeae3c0268b31 2f112033537e4cd19e0fe18186107b6d - - default default] Volume info retrieved successfully.
2025-01-14 08:53:08.608 21 INFO cinder.api.v3.snapshots [None req-d3447024-f07c-4f7f-a64b-4c48cec093b2 4ff3d74c32614fbbb77aeae3c0268b31 2f112033537e4cd19e0fe18186107b6d - - default default] Create snapshot from volume 36638438-edc1-4690-8145-9ef9f3d04eea
2025-01-14 08:53:08.619 25 INFO cinder.api.openstack.wsgi [None req-bf1a3807-9eba-4bad-98a6-5213ca7b4657 02c5fb0d3f4c422aa2716c410b67e374 c9ab7f637d464e368483c614e7f66c53 - - default default] POST http://[LB_IP_ADDRESS]:8776/v3/c9ab7f637d464e368483c614e7f66c53/volumes
2025-01-14 08:53:08.623 25 INFO cinder.api.v3.volumes [None req-bf1a3807-9eba-4bad-98a6-5213ca7b4657 02c5fb0d3f4c422aa2716c410b67e374 c9ab7f637d464e368483c614e7f66c53 - - default default] Create volume of 2 GB
2025-01-14 08:53:08.631 25 INFO cinder.volume.api [None req-bf1a3807-9eba-4bad-98a6-5213ca7b4657 02c5fb0d3f4c422aa2716c410b67e374 c9ab7f637d464e368483c614e7f66c53 - - default default] Availability Zones retrieved successfully.
2025-01-14 08:53:08.688 21 WARNING cinder.quota_utils [None req-d3447024-f07c-4f7f-a64b-4c48cec093b2 4ff3d74c32614fbbb77aeae3c0268b31 2f112033537e4cd19e0fe18186107b6d - - default default] Quota exceeded for 2f112033537e4cd19e0fe18186107b6d, tried to create 1G snapshot (2G of 2G already consumed).: cinder.exception.OverQuota: Quota exceeded for resources: ['gigabytes']
2025-01-14 08:53:08.689 21 INFO cinder.api.middleware.fault [None req-d3447024-f07c-4f7f-a64b-4c48cec093b2 4ff3d74c32614fbbb77aeae3c0268b31 2f112033537e4cd19e0fe18186107b6d - - default default] http://[LB_IP_ADDRESS]:8776/v3/2f112033537e4cd19e0fe18186107b6d/snapshots returned with HTTP 413
2025-01-14 08:53:08.703 22 INFO cinder.api.openstack.wsgi [None req-a2706d2e-1b05-43a2-aa46-a29a4a98827c c84372d458e344c9a5739e6df7266338 02807611ba8e4b03b8dc8f364f9ed4f2 - - default default] PUT http://[LB_IP_ADDRESS]:8776/v3/02807611ba8e4b03b8dc8f364f9ed4f2/os-quota-sets/2f112033537e4cd19e0fe18186107b6d
2025-01-14 08:53:08.897 22 INFO cinder.api.openstack.wsgi [None req-a2706d2e-1b05-43a2-aa46-a29a4a98827c c84372d458e344c9a5739e6df7266338 02807611ba8e4b03b8dc8f364f9ed4f2 - - default default] http://[LB_IP_ADDRESS]:8776/v3/02807611ba8e4b03b8dc8f364f9ed4f2/os-quota-sets/2f112033537e4cd19e0fe18186107b6d returned with HTTP 200
2025-01-14 08:53:08.914 23 INFO cinder.api.openstack.wsgi [None req-ac0a203b-47b1-491b-bd33-282d84b5b094 4ff3d74c32614fbbb77aeae3c0268b31 2f112033537e4cd19e0fe18186107b6d - - default default] POST http://[LB_IP_ADDRESS]:8776/v3/2f112033537e4cd19e0fe18186107b6d/snapshots
2025-01-14 08:53:08.935 23 INFO cinder.volume.api [None req-ac0a203b-47b1-491b-bd33-282d84b5b094 4ff3d74c32614fbbb77aeae3c0268b31 2f112033537e4cd19e0fe18186107b6d - - default default] Volume info retrieved successfully.
2025-01-14 08:53:08.936 23 INFO cinder.api.v3.snapshots [None req-ac0a203b-47b1-491b-bd33-282d84b5b094 4ff3d74c32614fbbb77aeae3c0268b31 2f112033537e4cd19e0fe18186107b6d - - default default] Create snapshot from volume 36638438-edc1-4690-8145-9ef9f3d04eea
2025-01-14 08:53:09.030 23 WARNING cinder.quota_utils [None req-ac0a203b-47b1-491b-bd33-282d84b5b094 4ff3d74c32614fbbb77aeae3c0268b31 2f112033537e4cd19e0fe18186107b6d - - default default] Quota exceeded for 2f112033537e4cd19e0fe18186107b6d, tried to create snapshot (1 snapshots already consumed).: cinder.exception.OverQuota: Quota exceeded for resources: ['snapshots']
2025-01-14 08:53:09.032 23 INFO cinder.api.middleware.fault [None req-ac0a203b-47b1-491b-bd33-282d84b5b094 4ff3d74c32614fbbb77aeae3c0268b31 2f112033537e4cd19e0fe18186107b6d - - default default] http://[LB_IP_ADDRESS]:8776/v3/2f112033537e4cd19e0fe18186107b6d/snapshots returned with HTTP 413
2025-01-14 08:53:09.047 24 INFO cinder.api.openstack.wsgi [None req-8db558f5-83a2-4815-8e6f-a04517d7a725 4ff3d74c32614fbbb77aeae3c0268b31 2f112033537e4cd19e0fe18186107b6d - - default default] DELETE http://[LB_IP_ADDRESS]:8776/v3/2f112033537e4cd19e0fe18186107b6d/snapshots/3b03ab5b-e981-4d91-adb8-7b06b0263d30
2025-01-14 08:53:09.048 24 INFO cinder.api.v2.snapshots [None req-8db558f5-83a2-4815-8e6f-a04517d7a725 4ff3d74c32614fbbb77aeae3c0268b31 2f112033537e4cd19e0fe18186107b6d - - default default] Delete snapshot with id: 3b03ab5b-e981-4d91-adb8-7b06b0263d30
2025-01-14 08:53:09.060 24 INFO cinder.volume.api [None req-8db558f5-83a2-4815-8e6f-a04517d7a725 4ff3d74c32614fbbb77aeae3c0268b31 2f112033537e4cd19e0fe18186107b6d - - default default] Snapshot retrieved successfully.
2025-01-14 08:53:09.089 25 WARNING cinder.quota_utils [None req-bf1a3807-9eba-4bad-98a6-5213ca7b4657 02c5fb0d3f4c422aa2716c410b67e374 c9ab7f637d464e368483c614e7f66c53 - - default default] Quota exceeded for c9ab7f637d464e368483c614e7f66c53, tried to create 2G volume (1G of 1G already consumed).: cinder.exception.OverQuota: Quota exceeded for resources: ['gigabytes']
2025-01-14 08:53:09.091 25 WARNING cinder.volume.api [None req-bf1a3807-9eba-4bad-98a6-5213ca7b4657 02c5fb0d3f4c422aa2716c410b67e374 c9ab7f637d464e368483c614e7f66c53 - - default default] Task 'cinder.volume.flows.api.create_volume.QuotaReserveTask;volume:create' (f59a86ee-d49b-4944-992f-dc1231c38917) transitioned into state 'FAILURE' from state 'RUNNING'

Failure: cinder.exception.VolumeSizeExceedsAvailableQuota: Requested volume or snapshot exceeds allowed gigabytes quota. Requested 2G, quota is 1G and 1G has been consumed.
2025-01-14 08:53:09.094 24 INFO cinder.volume.api [None req-8db558f5-83a2-4815-8e6f-a04517d7a725 4ff3d74c32614fbbb77aeae3c0268b31 2f112033537e4cd19e0fe18186107b6d - - default default] Snapshot delete request issued successfully.
2025-01-14 08:53:09.095 24 INFO cinder.api.openstack.wsgi [None req-8db558f5-83a2-4815-8e6f-a04517d7a725 4ff3d74c32614fbbb77aeae3c0268b31 2f112033537e4cd19e0fe18186107b6d - - default default] http://[LB_IP_ADDRESS]:8776/v3/2f112033537e4cd19e0fe18186107b6d/snapshots/3b03ab5b-e981-4d91-adb8-7b06b0263d30 returned with HTTP 202
2025-01-14 08:53:09.096 25 WARNING cinder.volume.api [None req-bf1a3807-9eba-4bad-98a6-5213ca7b4657 02c5fb0d3f4c422aa2716c410b67e374 c9ab7f637d464e368483c614e7f66c53 - - default default] Task 'cinder.volume.flows.api.create_volume.QuotaReserveTask;volume:create' (f59a86ee-d49b-4944-992f-dc1231c38917) transitioned into state 'REVERTED' from state 'REVERTING'
2025-01-14 08:53:09.098 25 WARNING cinder.volume.api [None req-bf1a3807-9eba-4bad-98a6-5213ca7b4657 02c5fb0d3f4c422aa2716c410b67e374 c9ab7f637d464e368483c614e7f66c53 - - default default] Task 'cinder.volume.flows.api.create_volume.ExtractVolumeRequestTask;volume:create' (aeadc73a-ed8d-43e9-a88e-09e3669bb6db) transitioned into state 'REVERTED' from state 'REVERTING'
2025-01-14 08:53:09.100 25 WARNING cinder.volume.api [None req-bf1a3807-9eba-4bad-98a6-5213ca7b4657 02c5fb0d3f4c422aa2716c410b67e374 c9ab7f637d464e368483c614e7f66c53 - - default default] Flow 'volume_create_api' (a13c4343-aa59-4ae3-9aa2-42026c3e7cd0) transitioned into state 'REVERTED' from state 'RUNNING'
2025-01-14 08:53:09.101 25 INFO cinder.api.middleware.fault [None req-bf1a3807-9eba-4bad-98a6-5213ca7b4657 02c5fb0d3f4c422aa2716c410b67e374 c9ab7f637d464e368483c614e7f66c53 - - default default] http://[LB_IP_ADDRESS]:8776/v3/c9ab7f637d464e368483c614e7f66c53/volumes returned with HTTP 413
2025-01-14 08:53:09.108 21 INFO cinder.api.openstack.wsgi [None req-043b63c4-8e58-403a-af6f-da6d36bfb10a 4ff3d74c32614fbbb77aeae3c0268b31 2f112033537e4cd19e0fe18186107b6d - - default default] GET http://[LB_IP_ADDRESS]:8776/v3/2f112033537e4cd19e0fe18186107b6d/snapshots/3b03ab5b-e981-4d91-adb8-7b06b0263d30
2025-01-14 08:53:09.116 22 INFO cinder.api.openstack.wsgi [None req-79165be1-f379-4445-ae98-f8d5121c7bcb 373ef018012d409d8362bdff7543b21e ce3d08c120ef4ba3af31788516e2e465 - - default default] PUT http://[LB_IP_ADDRESS]:8776/v3/ce3d08c120ef4ba3af31788516e2e465/os-quota-sets/c9ab7f637d464e368483c614e7f66c53
2025-01-14 08:53:09.120 21 INFO cinder.volume.api [None req-043b63c4-8e58-403a-af6f-da6d36bfb10a 4ff3d74c32614fbbb77aeae3c0268b31 2f112033537e4cd19e0fe18186107b6d - - default default] Snapshot retrieved successfully.
2025-01-14 08:53:09.123 21 INFO cinder.api.openstack.wsgi [None req-043b63c4-8e58-403a-af6f-da6d36bfb10a 4ff3d74c32614fbbb77aeae3c0268b31 2f112033537e4cd19e0fe18186107b6d - - default default] http://[LB_IP_ADDRESS]:8776/v3/2f112033537e4cd19e0fe18186107b6d/snapshots/3b03ab5b-e981-4d91-adb8-7b06b0263d30 returned with HTTP 200
2025-01-14 08:53:09.298 22 INFO cinder.api.openstack.wsgi [None req-79165be1-f379-4445-ae98-f8d5121c7bcb 373ef018012d409d8362bdff7543b21e ce3d08c120ef4ba3af31788516e2e465 - - default default] http://[LB_IP_ADDRESS]:8776/v3/ce3d08c120ef4ba3af31788516e2e465/os-quota-sets/c9ab7f637d464e368483c614e7f66c53 returned with HTTP 200
2025-01-14 08:53:09.316 23 INFO cinder.api.openstack.wsgi [None req-12ae116f-2266-4a1a-a25c-3cda0d654780 02c5fb0d3f4c422aa2716c410b67e374 c9ab7f637d464e368483c614e7f66c53 - - default default] POST http://[LB_IP_ADDRESS]:8776/v3/c9ab7f637d464e368483c614e7f66c53/volumes
2025-01-14 08:53:09.322 23 INFO cinder.api.v3.volumes [None req-12ae116f-2266-4a1a-a25c-3cda0d654780 02c5fb0d3f4c422aa2716c410b67e374 c9ab7f637d464e368483c614e7f66c53 - - default default] Create volume of 1 GB
2025-01-14 08:53:09.331 23 INFO cinder.volume.api [None req-12ae116f-2266-4a1a-a25c-3cda0d654780 02c5fb0d3f4c422aa2716c410b67e374 c9ab7f637d464e368483c614e7f66c53 - - default default] Availability Zones retrieved successfully.
2025-01-14 08:53:09.518 23 WARNING cinder.quota_utils [None req-12ae116f-2266-4a1a-a25c-3cda0d654780 02c5fb0d3f4c422aa2716c410b67e374 c9ab7f637d464e368483c614e7f66c53 - - default default] Quota exceeded for c9ab7f637d464e368483c614e7f66c53, tried to create volume (1 volumes already consumed).: cinder.exception.OverQuota: Quota exceeded for resources: ['volumes']
2025-01-14 08:53:09.520 23 WARNING cinder.volume.api [None req-12ae116f-2266-4a1a-a25c-3cda0d654780 02c5fb0d3f4c422aa2716c410b67e374 c9ab7f637d464e368483c614e7f66c53 - - default default] Task 'cinder.volume.flows.api.create_volume.QuotaReserveTask;volume:create' (e10e7cad-3d3b-412c-98bf-b99f19541654) transitioned into state 'FAILURE' from state 'RUNNING'

Failure: cinder.exception.VolumeLimitExceeded: Maximum number of volumes allowed (1) exceeded for quota 'volumes'.
2025-01-14 08:53:09.525 23 WARNING cinder.volume.api [None req-12ae116f-2266-4a1a-a25c-3cda0d654780 02c5fb0d3f4c422aa2716c410b67e374 c9ab7f637d464e368483c614e7f66c53 - - default default] Task 'cinder.volume.flows.api.create_volume.QuotaReserveTask;volume:create' (e10e7cad-3d3b-412c-98bf-b99f19541654) transitioned into state 'REVERTED' from state 'REVERTING'
2025-01-14 08:53:09.528 23 WARNING cinder.volume.api [None req-12ae116f-2266-4a1a-a25c-3cda0d654780 02c5fb0d3f4c422aa2716c410b67e374 c9ab7f637d464e368483c614e7f66c53 - - default default] Task 'cinder.volume.flows.api.create_volume.ExtractVolumeRequestTask;volume:create' (9c146d22-a4cd-4e9e-924d-afa49567c06c) transitioned into state 'REVERTED' from state 'REVERTING'
2025-01-14 08:53:09.530 23 WARNING cinder.volume.api [None req-12ae116f-2266-4a1a-a25c-3cda0d654780 02c5fb0d3f4c422aa2716c410b67e374 c9ab7f637d464e368483c614e7f66c53 - - default default] Flow 'volume_create_api' (44d91e0c-567d-4598-a888-c475b6edf242) transitioned into state 'REVERTED' from state 'RUNNING'
2025-01-14 08:53:09.531 23 INFO cinder.api.middleware.fault [None req-12ae116f-2266-4a1a-a25c-3cda0d654780 02c5fb0d3f4c422aa2716c410b67e374 c9ab7f637d464e368483c614e7f66c53 - - default default] http://[LB_IP_ADDRESS]:8776/v3/c9ab7f637d464e368483c614e7f66c53/volumes returned with HTTP 413
2025-01-14 08:53:09.544 24 INFO cinder.api.openstack.wsgi [None req-b9a15a3f-e7ad-4895-999a-2969484c5dda 373ef018012d409d8362bdff7543b21e ce3d08c120ef4ba3af31788516e2e465 - - default default] PUT http://[LB_IP_ADDRESS]:8776/v3/ce3d08c120ef4ba3af31788516e2e465/os-quota-sets/c9ab7f637d464e368483c614e7f66c53
2025-01-14 08:53:09.694 24 INFO cinder.api.openstack.wsgi [None req-b9a15a3f-e7ad-4895-999a-2969484c5dda 373ef018012d409d8362bdff7543b21e ce3d08c120ef4ba3af31788516e2e465 - - default default] http://[LB_IP_ADDRESS]:8776/v3/ce3d08c120ef4ba3af31788516e2e465/os-quota-sets/c9ab7f637d464e368483c614e7f66c53 returned with HTTP 200
2025-01-14 08:53:09.707 25 INFO cinder.api.openstack.wsgi [None req-8269c136-b431-471c-a3e3-84d37c1feb60 02c5fb0d3f4c422aa2716c410b67e374 c9ab7f637d464e368483c614e7f66c53 - - default default] POST http://[LB_IP_ADDRESS]:8776/v3/c9ab7f637d464e368483c614e7f66c53/volumes/f04083e3-2ebb-4d05-a94c-054618ef8e8c/action
2025-01-14 08:53:09.726 25 INFO cinder.volume.api [None req-8269c136-b431-471c-a3e3-84d37c1feb60 02c5fb0d3f4c422aa2716c410b67e374 c9ab7f637d464e368483c614e7f66c53 - - default default] Volume info retrieved successfully.
2025-01-14 08:53:09.732 21 INFO cinder.api.openstack.wsgi [None req-66b396cc-1406-43b9-ac03-3ed4dfdf58e7 - - - - - -] GET http://[LB_IP_ADDRESS]:8776/
2025-01-14 08:53:09.733 21 INFO cinder.api.openstack.wsgi [None req-66b396cc-1406-43b9-ac03-3ed4dfdf58e7 - - - - - -] http://[LB_IP_ADDRESS]:8776/ returned with HTTP 300
2025-01-14 08:53:09.833 25 ERROR cinder.volume.api [None req-8269c136-b431-471c-a3e3-84d37c1feb60 02c5fb0d3f4c422aa2716c410b67e374 c9ab7f637d464e368483c614e7f66c53 - - default default] Quota exceeded for c9ab7f637d464e368483c614e7f66c53, tried to extend volume by 1G, (1G of 1G already consumed).: cinder.exception.OverQuota: Quota exceeded for resources: ['gigabytes']
2025-01-14 08:53:09.839 25 INFO cinder.api.middleware.fault [None req-8269c136-b431-471c-a3e3-84d37c1feb60 02c5fb0d3f4c422aa2716c410b67e374 c9ab7f637d464e368483c614e7f66c53 - - default default] http://[LB_IP_ADDRESS]:8776/v3/c9ab7f637d464e368483c614e7f66c53/volumes/f04083e3-2ebb-4d05-a94c-054618ef8e8c/action returned with HTTP 413
2025-01-14 08:53:09.852 22 INFO cinder.api.openstack.wsgi [None req-553124cb-5da2-424d-ae60-f8c667fe7977 02c5fb0d3f4c422aa2716c410b67e374 c9ab7f637d464e368483c614e7f66c53 - - default default] GET http://[LB_IP_ADDRESS]:8776/v3/c9ab7f637d464e368483c614e7f66c53/volumes/f04083e3-2ebb-4d05-a94c-054618ef8e8c
2025-01-14 08:53:09.871 22 INFO cinder.volume.api [None req-553124cb-5da2-424d-ae60-f8c667fe7977 02c5fb0d3f4c422aa2716c410b67e374 c9ab7f637d464e368483c614e7f66c53 - - default default] Volume info retrieved successfully.
2025-01-14 08:53:09.878 22 INFO cinder.api.openstack.wsgi [None req-553124cb-5da2-424d-ae60-f8c667fe7977 02c5fb0d3f4c422aa2716c410b67e374 c9ab7f637d464e368483c614e7f66c53 - - default default] http://[LB_IP_ADDRESS]:8776/v3/c9ab7f637d464e368483c614e7f66c53/volumes/f04083e3-2ebb-4d05-a94c-054618ef8e8c returned with HTTP 200
2025-01-14 08:53:09.905 23 INFO cinder.api.openstack.wsgi [None req-6143a385-7a0b-436f-9391-dc9a609ed337 02c5fb0d3f4c422aa2716c410b67e374 c9ab7f637d464e368483c614e7f66c53 - - default default] DELETE http://[LB_IP_ADDRESS]:8776/v3/c9ab7f637d464e368483c614e7f66c53/volumes/f04083e3-2ebb-4d05-a94c-054618ef8e8c
2025-01-14 08:53:09.906 23 INFO cinder.api.v3.volumes [None req-6143a385-7a0b-436f-9391-dc9a609ed337 02c5fb0d3f4c422aa2716c410b67e374 c9ab7f637d464e368483c614e7f66c53 - - default default] Delete volume with id: f04083e3-2ebb-4d05-a94c-054618ef8e8c 
2025-01-14 08:53:09.921 23 INFO cinder.volume.api [None req-6143a385-7a0b-436f-9391-dc9a609ed337 02c5fb0d3f4c422aa2716c410b67e374 c9ab7f637d464e368483c614e7f66c53 - - default default] Volume info retrieved successfully.
2025-01-14 08:53:09.950 23 INFO cinder.volume.api [None req-6143a385-7a0b-436f-9391-dc9a609ed337 02c5fb0d3f4c422aa2716c410b67e374 c9ab7f637d464e368483c614e7f66c53 - - default default] Delete volume request issued successfully.
2025-01-14 08:53:09.950 23 INFO cinder.api.openstack.wsgi [None req-6143a385-7a0b-436f-9391-dc9a609ed337 02c5fb0d3f4c422aa2716c410b67e374 c9ab7f637d464e368483c614e7f66c53 - - default default] http://[LB_IP_ADDRESS]:8776/v3/c9ab7f637d464e368483c614e7f66c53/volumes/f04083e3-2ebb-4d05-a94c-054618ef8e8c returned with HTTP 202
2025-01-14 08:53:09.961 24 INFO cinder.api.openstack.wsgi [None req-aa0bf719-c5e4-498c-9539-baf84b8dda69 02c5fb0d3f4c422aa2716c410b67e374 c9ab7f637d464e368483c614e7f66c53 - - default default] GET http://[LB_IP_ADDRESS]:8776/v3/c9ab7f637d464e368483c614e7f66c53/volumes/f04083e3-2ebb-4d05-a94c-054618ef8e8c
2025-01-14 08:53:09.986 24 INFO cinder.volume.api [None req-aa0bf719-c5e4-498c-9539-baf84b8dda69 02c5fb0d3f4c422aa2716c410b67e374 c9ab7f637d464e368483c614e7f66c53 - - default default] Volume info retrieved successfully.
2025-01-14 08:53:09.996 24 INFO cinder.api.openstack.wsgi [None req-aa0bf719-c5e4-498c-9539-baf84b8dda69 02c5fb0d3f4c422aa2716c410b67e374 c9ab7f637d464e368483c614e7f66c53 - - default default] http://[LB_IP_ADDRESS]:8776/v3/c9ab7f637d464e368483c614e7f66c53/volumes/f04083e3-2ebb-4d05-a94c-054618ef8e8c returned with HTTP 200
2025-01-14 08:53:10.140 21 INFO cinder.api.openstack.wsgi [None req-4b8392fd-c834-40fb-a4ef-6b01cfcf48ab 4ff3d74c32614fbbb77aeae3c0268b31 2f112033537e4cd19e0fe18186107b6d - - default default] GET http://[LB_IP_ADDRESS]:8776/v3/2f112033537e4cd19e0fe18186107b6d/snapshots/3b03ab5b-e981-4d91-adb8-7b06b0263d30
2025-01-14 08:53:10.151 21 INFO cinder.api.openstack.wsgi [None req-4b8392fd-c834-40fb-a4ef-6b01cfcf48ab 4ff3d74c32614fbbb77aeae3c0268b31 2f112033537e4cd19e0fe18186107b6d - - default default] http://[LB_IP_ADDRESS]:8776/v3/2f112033537e4cd19e0fe18186107b6d/snapshots/3b03ab5b-e981-4d91-adb8-7b06b0263d30 returned with HTTP 404
2025-01-14 08:53:10.163 25 INFO cinder.api.openstack.wsgi [None req-5db19efc-64db-4523-a6f0-ed2909436b3d 4ff3d74c32614fbbb77aeae3c0268b31 2f112033537e4cd19e0fe18186107b6d - - default default] GET http://[LB_IP_ADDRESS]:8776/v3/2f112033537e4cd19e0fe18186107b6d/volumes/36638438-edc1-4690-8145-9ef9f3d04eea
2025-01-14 08:53:10.186 25 INFO cinder.volume.api [None req-5db19efc-64db-4523-a6f0-ed2909436b3d 4ff3d74c32614fbbb77aeae3c0268b31 2f112033537e4cd19e0fe18186107b6d - - default default] Volume info retrieved successfully.
2025-01-14 08:53:10.195 25 INFO cinder.api.openstack.wsgi [None req-5db19efc-64db-4523-a6f0-ed2909436b3d 4ff3d74c32614fbbb77aeae3c0268b31 2f112033537e4cd19e0fe18186107b6d - - default default] http://[LB_IP_ADDRESS]:8776/v3/2f112033537e4cd19e0fe18186107b6d/volumes/36638438-edc1-4690-8145-9ef9f3d04eea returned with HTTP 200
2025-01-14 08:53:10.221 22 INFO cinder.api.openstack.wsgi [None req-5a734ac8-bafc-4e22-9eb5-b0fc4785c7aa 4ff3d74c32614fbbb77aeae3c0268b31 2f112033537e4cd19e0fe18186107b6d - - default default] DELETE http://[LB_IP_ADDRESS]:8776/v3/2f112033537e4cd19e0fe18186107b6d/volumes/36638438-edc1-4690-8145-9ef9f3d04eea
2025-01-14 08:53:10.222 22 INFO cinder.api.v3.volumes [None req-5a734ac8-bafc-4e22-9eb5-b0fc4785c7aa 4ff3d74c32614fbbb77aeae3c0268b31 2f112033537e4cd19e0fe18186107b6d - - default default] Delete volume with id: 36638438-edc1-4690-8145-9ef9f3d04eea 
2025-01-14 08:53:10.243 22 INFO cinder.volume.api [None req-5a734ac8-bafc-4e22-9eb5-b0fc4785c7aa 4ff3d74c32614fbbb77aeae3c0268b31 2f112033537e4cd19e0fe18186107b6d - - default default] Volume info retrieved successfully.
2025-01-14 08:53:10.274 22 INFO cinder.volume.api [None req-5a734ac8-bafc-4e22-9eb5-b0fc4785c7aa 4ff3d74c32614fbbb77aeae3c0268b31 2f112033537e4cd19e0fe18186107b6d - - default default] Delete volume request issued successfully.
2025-01-14 08:53:10.275 22 INFO cinder.api.openstack.wsgi [None req-5a734ac8-bafc-4e22-9eb5-b0fc4785c7aa 4ff3d74c32614fbbb77aeae3c0268b31 2f112033537e4cd19e0fe18186107b6d - - default default] http://[LB_IP_ADDRESS]:8776/v3/2f112033537e4cd19e0fe18186107b6d/volumes/36638438-edc1-4690-8145-9ef9f3d04eea returned with HTTP 202
2025-01-14 08:53:10.286 23 INFO cinder.api.openstack.wsgi [None req-8eb4a5b1-b006-4d5f-9aab-67c3ce2b54ed 4ff3d74c32614fbbb77aeae3c0268b31 2f112033537e4cd19e0fe18186107b6d - - default default] GET http://[LB_IP_ADDRESS]:8776/v3/2f112033537e4cd19e0fe18186107b6d/volumes/36638438-edc1-4690-8145-9ef9f3d04eea
2025-01-14 08:53:10.311 23 INFO cinder.volume.api [None req-8eb4a5b1-b006-4d5f-9aab-67c3ce2b54ed 4ff3d74c32614fbbb77aeae3c0268b31 2f112033537e4cd19e0fe18186107b6d - - default default] Volume info retrieved successfully.
2025-01-14 08:53:10.321 23 INFO cinder.api.openstack.wsgi [None req-8eb4a5b1-b006-4d5f-9aab-67c3ce2b54ed 4ff3d74c32614fbbb77aeae3c0268b31 2f112033537e4cd19e0fe18186107b6d - - default default] http://[LB_IP_ADDRESS]:8776/v3/2f112033537e4cd19e0fe18186107b6d/volumes/36638438-edc1-4690-8145-9ef9f3d04eea returned with HTTP 200
2025-01-14 08:53:11.025 24 INFO cinder.api.openstack.wsgi [None req-19a523f4-6594-458b-9e93-0dfec42f4670 02c5fb0d3f4c422aa2716c410b67e374 c9ab7f637d464e368483c614e7f66c53 - - default default] GET http://[LB_IP_ADDRESS]:8776/v3/c9ab7f637d464e368483c614e7f66c53/volumes/f04083e3-2ebb-4d05-a94c-054618ef8e8c
2025-01-14 08:53:11.040 24 INFO cinder.api.openstack.wsgi [None req-19a523f4-6594-458b-9e93-0dfec42f4670 02c5fb0d3f4c422aa2716c410b67e374 c9ab7f637d464e368483c614e7f66c53 - - default default] http://[LB_IP_ADDRESS]:8776/v3/c9ab7f637d464e368483c614e7f66c53/volumes/f04083e3-2ebb-4d05-a94c-054618ef8e8c returned with HTTP 404
2025-01-14 08:53:11.055 21 INFO cinder.api.openstack.wsgi [None req-86cae4ea-b970-482d-96b3-d776bae2fd8a 373ef018012d409d8362bdff7543b21e ce3d08c120ef4ba3af31788516e2e465 - - default default] PUT http://[LB_IP_ADDRESS]:8776/v3/ce3d08c120ef4ba3af31788516e2e465/os-quota-sets/c9ab7f637d464e368483c614e7f66c53
2025-01-14 08:53:11.321 21 INFO cinder.api.openstack.wsgi [None req-86cae4ea-b970-482d-96b3-d776bae2fd8a 373ef018012d409d8362bdff7543b21e ce3d08c120ef4ba3af31788516e2e465 - - default default] http://[LB_IP_ADDRESS]:8776/v3/ce3d08c120ef4ba3af31788516e2e465/os-quota-sets/c9ab7f637d464e368483c614e7f66c53 returned with HTTP 200
2025-01-14 08:53:11.350 25 INFO cinder.api.openstack.wsgi [None req-b43f3717-92f2-4ae4-9098-7febadc13662 4ff3d74c32614fbbb77aeae3c0268b31 2f112033537e4cd19e0fe18186107b6d - - default default] GET http://[LB_IP_ADDRESS]:8776/v3/2f112033537e4cd19e0fe18186107b6d/volumes/36638438-edc1-4690-8145-9ef9f3d04eea
2025-01-14 08:53:11.364 25 INFO cinder.api.openstack.wsgi [None req-b43f3717-92f2-4ae4-9098-7febadc13662 4ff3d74c32614fbbb77aeae3c0268b31 2f112033537e4cd19e0fe18186107b6d - - default default] http://[LB_IP_ADDRESS]:8776/v3/2f112033537e4cd19e0fe18186107b6d/volumes/36638438-edc1-4690-8145-9ef9f3d04eea returned with HTTP 404
2025-01-14 08:53:11.378 22 INFO cinder.api.openstack.wsgi [None req-7ad5bfb3-9abc-4de7-a391-fba33ee7491c c84372d458e344c9a5739e6df7266338 02807611ba8e4b03b8dc8f364f9ed4f2 - - default default] PUT http://[LB_IP_ADDRESS]:8776/v3/02807611ba8e4b03b8dc8f364f9ed4f2/os-quota-sets/2f112033537e4cd19e0fe18186107b6d
2025-01-14 08:53:11.644 22 INFO cinder.api.openstack.wsgi [None req-7ad5bfb3-9abc-4de7-a391-fba33ee7491c c84372d458e344c9a5739e6df7266338 02807611ba8e4b03b8dc8f364f9ed4f2 - - default default] http://[LB_IP_ADDRESS]:8776/v3/02807611ba8e4b03b8dc8f364f9ed4f2/os-quota-sets/2f112033537e4cd19e0fe18186107b6d returned with HTTP 200
2025-01-14 08:53:13.578 23 INFO cinder.api.openstack.wsgi [None req-3609a1f9-9cd8-489d-a750-33152c5f2f5d 711a9e790e084e2c83eb7c1c2ebbcedb 90d68f80e2f945d6a64ec101a355af28 - - default default] POST http://[LB_IP_ADDRESS]:8776/v3/90d68f80e2f945d6a64ec101a355af28/group_types
2025-01-14 08:53:13.608 23 INFO cinder.api.openstack.wsgi [None req-3609a1f9-9cd8-489d-a750-33152c5f2f5d 711a9e790e084e2c83eb7c1c2ebbcedb 90d68f80e2f945d6a64ec101a355af28 - - default default] http://[LB_IP_ADDRESS]:8776/v3/90d68f80e2f945d6a64ec101a355af28/group_types returned with HTTP 202
2025-01-14 08:53:13.623 24 INFO cinder.api.openstack.wsgi [None req-d0609f98-698f-46f5-957b-b9b272385f42 711a9e790e084e2c83eb7c1c2ebbcedb 90d68f80e2f945d6a64ec101a355af28 - - default default] GET http://[LB_IP_ADDRESS]:8776/v3/90d68f80e2f945d6a64ec101a355af28/group_types
2025-01-14 08:53:13.642 24 INFO cinder.api.openstack.wsgi [None req-d0609f98-698f-46f5-957b-b9b272385f42 711a9e790e084e2c83eb7c1c2ebbcedb 90d68f80e2f945d6a64ec101a355af28 - - default default] http://[LB_IP_ADDRESS]:8776/v3/90d68f80e2f945d6a64ec101a355af28/group_types returned with HTTP 200
2025-01-14 08:53:13.673 21 INFO cinder.api.openstack.wsgi [None req-d498cbf8-22e2-4182-b88a-c7f1465b921f 711a9e790e084e2c83eb7c1c2ebbcedb 90d68f80e2f945d6a64ec101a355af28 - - default default] PUT http://[LB_IP_ADDRESS]:8776/v3/90d68f80e2f945d6a64ec101a355af28/group_types/45c6a195-23f3-4679-98f1-785fd931ea28
2025-01-14 08:53:13.696 21 INFO cinder.api.openstack.wsgi [None req-d498cbf8-22e2-4182-b88a-c7f1465b921f 711a9e790e084e2c83eb7c1c2ebbcedb 90d68f80e2f945d6a64ec101a355af28 - - default default] http://[LB_IP_ADDRESS]:8776/v3/90d68f80e2f945d6a64ec101a355af28/group_types/45c6a195-23f3-4679-98f1-785fd931ea28 returned with HTTP 200
2025-01-14 08:53:13.715 25 INFO cinder.api.openstack.wsgi [None req-21325e54-16c4-4dc4-86a7-4d68e7a69cbb 711a9e790e084e2c83eb7c1c2ebbcedb 90d68f80e2f945d6a64ec101a355af28 - - default default] GET http://[LB_IP_ADDRESS]:8776/v3/90d68f80e2f945d6a64ec101a355af28/group_types/45c6a195-23f3-4679-98f1-785fd931ea28
2025-01-14 08:53:13.723 25 INFO cinder.api.openstack.wsgi [None req-21325e54-16c4-4dc4-86a7-4d68e7a69cbb 711a9e790e084e2c83eb7c1c2ebbcedb 90d68f80e2f945d6a64ec101a355af28 - - default default] http://[LB_IP_ADDRESS]:8776/v3/90d68f80e2f945d6a64ec101a355af28/group_types/45c6a195-23f3-4679-98f1-785fd931ea28 returned with HTTP 200
2025-01-14 08:53:13.738 22 INFO cinder.api.openstack.wsgi [None req-37632242-1f90-44dd-8380-2b1585ad18d2 711a9e790e084e2c83eb7c1c2ebbcedb 90d68f80e2f945d6a64ec101a355af28 - - default default] DELETE http://[LB_IP_ADDRESS]:8776/v3/90d68f80e2f945d6a64ec101a355af28/group_types/45c6a195-23f3-4679-98f1-785fd931ea28
2025-01-14 08:53:13.760 22 INFO cinder.api.openstack.wsgi [None req-37632242-1f90-44dd-8380-2b1585ad18d2 711a9e790e084e2c83eb7c1c2ebbcedb 90d68f80e2f945d6a64ec101a355af28 - - default default] http://[LB_IP_ADDRESS]:8776/v3/90d68f80e2f945d6a64ec101a355af28/group_types/45c6a195-23f3-4679-98f1-785fd931ea28 returned with HTTP 202
2025-01-14 08:53:13.771 23 INFO cinder.api.openstack.wsgi [None req-b2039464-0ec2-4531-9dac-45ef1a79ab03 711a9e790e084e2c83eb7c1c2ebbcedb 90d68f80e2f945d6a64ec101a355af28 - - default default] GET http://[LB_IP_ADDRESS]:8776/v3/90d68f80e2f945d6a64ec101a355af28/group_types
2025-01-14 08:53:13.785 23 INFO cinder.api.openstack.wsgi [None req-b2039464-0ec2-4531-9dac-45ef1a79ab03 711a9e790e084e2c83eb7c1c2ebbcedb 90d68f80e2f945d6a64ec101a355af28 - - default default] http://[LB_IP_ADDRESS]:8776/v3/90d68f80e2f945d6a64ec101a355af28/group_types returned with HTTP 200
2025-01-14 08:53:13.805 24 INFO cinder.api.openstack.wsgi [None req-b05d1980-debe-4560-ac2d-772aac355aae 711a9e790e084e2c83eb7c1c2ebbcedb 90d68f80e2f945d6a64ec101a355af28 - - default default] POST http://[LB_IP_ADDRESS]:8776/v3/90d68f80e2f945d6a64ec101a355af28/group_types
2025-01-14 08:53:13.831 24 INFO cinder.api.openstack.wsgi [None req-b05d1980-debe-4560-ac2d-772aac355aae 711a9e790e084e2c83eb7c1c2ebbcedb 90d68f80e2f945d6a64ec101a355af28 - - default default] http://[LB_IP_ADDRESS]:8776/v3/90d68f80e2f945d6a64ec101a355af28/group_types returned with HTTP 202
2025-01-14 08:53:13.844 21 INFO cinder.api.openstack.wsgi [None req-1c8e935c-101e-41b8-8ce1-6329d5103660 711a9e790e084e2c83eb7c1c2ebbcedb 90d68f80e2f945d6a64ec101a355af28 - - default default] POST http://[LB_IP_ADDRESS]:8776/v3/90d68f80e2f945d6a64ec101a355af28/group_types
2025-01-14 08:53:13.870 21 INFO cinder.api.openstack.wsgi [None req-1c8e935c-101e-41b8-8ce1-6329d5103660 711a9e790e084e2c83eb7c1c2ebbcedb 90d68f80e2f945d6a64ec101a355af28 - - default default] http://[LB_IP_ADDRESS]:8776/v3/90d68f80e2f945d6a64ec101a355af28/group_types returned with HTTP 202
2025-01-14 08:53:13.885 25 INFO cinder.api.openstack.wsgi [None req-22d5eb84-a639-4f13-8f6c-575d6a7bee45 711a9e790e084e2c83eb7c1c2ebbcedb 90d68f80e2f945d6a64ec101a355af28 - - default default] GET http://[LB_IP_ADDRESS]:8776/v3/90d68f80e2f945d6a64ec101a355af28/group_types?sort=name%3Aasc&is_public=None
2025-01-14 08:53:13.899 25 INFO cinder.api.openstack.wsgi [None req-22d5eb84-a639-4f13-8f6c-575d6a7bee45 711a9e790e084e2c83eb7c1c2ebbcedb 90d68f80e2f945d6a64ec101a355af28 - - default default] http://[LB_IP_ADDRESS]:8776/v3/90d68f80e2f945d6a64ec101a355af28/group_types?sort=name%3Aasc&is_public=None returned with HTTP 200
2025-01-14 08:53:13.914 22 INFO cinder.api.openstack.wsgi [None req-a512959a-a643-43d7-9dcc-14877959b343 711a9e790e084e2c83eb7c1c2ebbcedb 90d68f80e2f945d6a64ec101a355af28 - - default default] GET http://[LB_IP_ADDRESS]:8776/v3/90d68f80e2f945d6a64ec101a355af28/group_types?sort=name%3Adesc&is_public=None
2025-01-14 08:53:13.928 22 INFO cinder.api.openstack.wsgi [None req-a512959a-a643-43d7-9dcc-14877959b343 711a9e790e084e2c83eb7c1c2ebbcedb 90d68f80e2f945d6a64ec101a355af28 - - default default] http://[LB_IP_ADDRESS]:8776/v3/90d68f80e2f945d6a64ec101a355af28/group_types?sort=name%3Adesc&is_public=None returned with HTTP 200
2025-01-14 08:53:13.943 23 INFO cinder.api.openstack.wsgi [None req-9fb73c37-be85-480d-acde-477a8538e4cf 711a9e790e084e2c83eb7c1c2ebbcedb 90d68f80e2f945d6a64ec101a355af28 - - default default] GET http://[LB_IP_ADDRESS]:8776/v3/90d68f80e2f945d6a64ec101a355af28/group_types?is_public=False
2025-01-14 08:53:13.953 23 INFO cinder.api.openstack.wsgi [None req-9fb73c37-be85-480d-acde-477a8538e4cf 711a9e790e084e2c83eb7c1c2ebbcedb 90d68f80e2f945d6a64ec101a355af28 - - default default] http://[LB_IP_ADDRESS]:8776/v3/90d68f80e2f945d6a64ec101a355af28/group_types?is_public=False returned with HTTP 200
2025-01-14 08:53:13.967 24 INFO cinder.api.openstack.wsgi [None req-9f8c7547-db58-44ee-95f7-fe3a2d088366 711a9e790e084e2c83eb7c1c2ebbcedb 90d68f80e2f945d6a64ec101a355af28 - - default default] GET http://[LB_IP_ADDRESS]:8776/v3/90d68f80e2f945d6a64ec101a355af28/group_types?is_public=True
2025-01-14 08:53:13.980 24 INFO cinder.api.openstack.wsgi [None req-9f8c7547-db58-44ee-95f7-fe3a2d088366 711a9e790e084e2c83eb7c1c2ebbcedb 90d68f80e2f945d6a64ec101a355af28 - - default default] http://[LB_IP_ADDRESS]:8776/v3/90d68f80e2f945d6a64ec101a355af28/group_types?is_public=True returned with HTTP 200
2025-01-14 08:53:13.995 21 INFO cinder.api.openstack.wsgi [None req-5826a853-5045-4879-9672-27eba9966bde 711a9e790e084e2c83eb7c1c2ebbcedb 90d68f80e2f945d6a64ec101a355af28 - - default default] DELETE http://[LB_IP_ADDRESS]:8776/v3/90d68f80e2f945d6a64ec101a355af28/group_types/f8b5d8d7-09c7-47d2-be4e-51b1ee6d3d55
2025-01-14 08:53:14.018 21 INFO cinder.api.openstack.wsgi [None req-5826a853-5045-4879-9672-27eba9966bde 711a9e790e084e2c83eb7c1c2ebbcedb 90d68f80e2f945d6a64ec101a355af28 - - default default] http://[LB_IP_ADDRESS]:8776/v3/90d68f80e2f945d6a64ec101a355af28/group_types/f8b5d8d7-09c7-47d2-be4e-51b1ee6d3d55 returned with HTTP 202
2025-01-14 08:53:14.029 25 INFO cinder.api.openstack.wsgi [None req-41291a6b-8582-4f64-8654-10f8ad058a4b 711a9e790e084e2c83eb7c1c2ebbcedb 90d68f80e2f945d6a64ec101a355af28 - - default default] DELETE http://[LB_IP_ADDRESS]:8776/v3/90d68f80e2f945d6a64ec101a355af28/group_types/2199567e-d368-4f07-bcec-454215c916f0
2025-01-14 08:53:14.050 25 INFO cinder.api.openstack.wsgi [None req-41291a6b-8582-4f64-8654-10f8ad058a4b 711a9e790e084e2c83eb7c1c2ebbcedb 90d68f80e2f945d6a64ec101a355af28 - - default default] http://[LB_IP_ADDRESS]:8776/v3/90d68f80e2f945d6a64ec101a355af28/group_types/2199567e-d368-4f07-bcec-454215c916f0 returned with HTTP 202
2025-01-14 08:53:16.867 22 INFO cinder.api.openstack.wsgi [None req-de740aa3-0f89-4374-b09a-486e7a518a3c 874932c617cb4e118319a0a88a550eaa 501f9849fa944089a2294a433d09a198 - - default default] POST http://[LB_IP_ADDRESS]:8776/v3/501f9849fa944089a2294a433d09a198/types
2025-01-14 08:53:16.896 22 INFO cinder.api.openstack.wsgi [None req-de740aa3-0f89-4374-b09a-486e7a518a3c 874932c617cb4e118319a0a88a550eaa 501f9849fa944089a2294a433d09a198 - - default default] http://[LB_IP_ADDRESS]:8776/v3/501f9849fa944089a2294a433d09a198/types returned with HTTP 200
2025-01-14 08:53:16.912 23 INFO cinder.api.openstack.wsgi [None req-07531681-a348-44b3-89ce-2c1ee7f767b1 874932c617cb4e118319a0a88a550eaa 501f9849fa944089a2294a433d09a198 - - default default] POST http://[LB_IP_ADDRESS]:8776/v3/501f9849fa944089a2294a433d09a198/types
2025-01-14 08:53:16.943 23 INFO cinder.api.openstack.wsgi [None req-07531681-a348-44b3-89ce-2c1ee7f767b1 874932c617cb4e118319a0a88a550eaa 501f9849fa944089a2294a433d09a198 - - default default] http://[LB_IP_ADDRESS]:8776/v3/501f9849fa944089a2294a433d09a198/types returned with HTTP 200
2025-01-14 08:53:17.229 24 INFO cinder.api.openstack.wsgi [None req-901b92cd-860a-4ff7-8f75-25eb29f2892b dfe92692f88a4ddba764767caeb354d2 49bed9114697402382296c1fd954008d - - default default] POST http://[LB_IP_ADDRESS]:8776/v3/49bed9114697402382296c1fd954008d/volumes
2025-01-14 08:53:17.240 24 INFO cinder.api.v3.volumes [None req-901b92cd-860a-4ff7-8f75-25eb29f2892b dfe92692f88a4ddba764767caeb354d2 49bed9114697402382296c1fd954008d - - default default] Create volume of 1 GB
2025-01-14 08:53:17.242 24 INFO cinder.volume.api [None req-901b92cd-860a-4ff7-8f75-25eb29f2892b dfe92692f88a4ddba764767caeb354d2 49bed9114697402382296c1fd954008d - - default default] Availability Zones retrieved successfully.
2025-01-14 08:53:17.332 21 INFO cinder.api.openstack.wsgi [None req-03b2b3b7-b81a-442b-9394-d0f34b60ea8a f32726614f9f4159a882d30e9babd547 67e799d81caf4e2996f2bace67681c8f - - default default] POST http://[LB_IP_ADDRESS]:8776/v3/67e799d81caf4e2996f2bace67681c8f/types
2025-01-14 08:53:17.369 21 INFO cinder.api.openstack.wsgi [None req-03b2b3b7-b81a-442b-9394-d0f34b60ea8a f32726614f9f4159a882d30e9babd547 67e799d81caf4e2996f2bace67681c8f - - default default] http://[LB_IP_ADDRESS]:8776/v3/67e799d81caf4e2996f2bace67681c8f/types returned with HTTP 200
2025-01-14 08:53:17.383 25 INFO cinder.api.openstack.wsgi [None req-a62a264b-d309-46a0-8da7-9889e45026ed f32726614f9f4159a882d30e9babd547 67e799d81caf4e2996f2bace67681c8f - - default default] GET http://[LB_IP_ADDRESS]:8776/v3/67e799d81caf4e2996f2bace67681c8f/types/bd672e47-7fe0-40d0-9e8d-9c5ed799fe91
2025-01-14 08:53:17.397 25 INFO cinder.api.openstack.wsgi [None req-a62a264b-d309-46a0-8da7-9889e45026ed f32726614f9f4159a882d30e9babd547 67e799d81caf4e2996f2bace67681c8f - - default default] http://[LB_IP_ADDRESS]:8776/v3/67e799d81caf4e2996f2bace67681c8f/types/bd672e47-7fe0-40d0-9e8d-9c5ed799fe91 returned with HTTP 200
2025-01-14 08:53:17.413 22 INFO cinder.api.openstack.wsgi [None req-486c1f6f-c009-4321-94b6-f7bd92f2957b f32726614f9f4159a882d30e9babd547 67e799d81caf4e2996f2bace67681c8f - - default default] DELETE http://[LB_IP_ADDRESS]:8776/v3/67e799d81caf4e2996f2bace67681c8f/types/bd672e47-7fe0-40d0-9e8d-9c5ed799fe91
2025-01-14 08:53:17.465 22 INFO cinder.api.openstack.wsgi [None req-486c1f6f-c009-4321-94b6-f7bd92f2957b f32726614f9f4159a882d30e9babd547 67e799d81caf4e2996f2bace67681c8f - - default default] http://[LB_IP_ADDRESS]:8776/v3/67e799d81caf4e2996f2bace67681c8f/types/bd672e47-7fe0-40d0-9e8d-9c5ed799fe91 returned with HTTP 202
2025-01-14 08:53:17.477 23 INFO cinder.api.openstack.wsgi [None req-c37cf6f8-127c-4f93-acea-e13bccdd2428 f32726614f9f4159a882d30e9babd547 67e799d81caf4e2996f2bace67681c8f - - default default] GET http://[LB_IP_ADDRESS]:8776/v3/67e799d81caf4e2996f2bace67681c8f/types/bd672e47-7fe0-40d0-9e8d-9c5ed799fe91
2025-01-14 08:53:17.484 23 INFO cinder.api.openstack.wsgi [None req-c37cf6f8-127c-4f93-acea-e13bccdd2428 f32726614f9f4159a882d30e9babd547 67e799d81caf4e2996f2bace67681c8f - - default default] http://[LB_IP_ADDRESS]:8776/v3/67e799d81caf4e2996f2bace67681c8f/types/bd672e47-7fe0-40d0-9e8d-9c5ed799fe91 returned with HTTP 404
2025-01-14 08:53:17.495 21 INFO cinder.api.openstack.wsgi [None req-3cf9eaf1-8bbf-4b8d-b3f9-35f44e665bc5 f32726614f9f4159a882d30e9babd547 67e799d81caf4e2996f2bace67681c8f - - default default] POST http://[LB_IP_ADDRESS]:8776/v3/67e799d81caf4e2996f2bace67681c8f/types
2025-01-14 08:53:17.523 21 INFO cinder.api.openstack.wsgi [None req-3cf9eaf1-8bbf-4b8d-b3f9-35f44e665bc5 f32726614f9f4159a882d30e9babd547 67e799d81caf4e2996f2bace67681c8f - - default default] http://[LB_IP_ADDRESS]:8776/v3/67e799d81caf4e2996f2bace67681c8f/types returned with HTTP 200
2025-01-14 08:53:17.523 24 INFO cinder.volume.api [None req-901b92cd-860a-4ff7-8f75-25eb29f2892b dfe92692f88a4ddba764767caeb354d2 49bed9114697402382296c1fd954008d - - default default] Create volume request issued successfully.
2025-01-14 08:53:17.525 24 INFO cinder.api.openstack.wsgi [None req-901b92cd-860a-4ff7-8f75-25eb29f2892b dfe92692f88a4ddba764767caeb354d2 49bed9114697402382296c1fd954008d - - default default] http://[LB_IP_ADDRESS]:8776/v3/49bed9114697402382296c1fd954008d/volumes returned with HTTP 202
2025-01-14 08:53:17.539 25 INFO cinder.api.openstack.wsgi [None req-28c33f9d-5b68-4799-9c22-d4488b5ec03f f32726614f9f4159a882d30e9babd547 67e799d81caf4e2996f2bace67681c8f - - default default] POST http://[LB_IP_ADDRESS]:8776/v3/67e799d81caf4e2996f2bace67681c8f/types/938e9a06-560f-4398-9ce7-0a44d41993ca/encryption
2025-01-14 08:53:17.551 22 INFO cinder.api.openstack.wsgi [None req-5beb3152-7b09-4faf-ab2c-31e244dc04ba dfe92692f88a4ddba764767caeb354d2 49bed9114697402382296c1fd954008d - - default default] GET http://[LB_IP_ADDRESS]:8776/v3/49bed9114697402382296c1fd954008d/volumes/15cf45fe-ee9d-488d-8f75-7c2ca0980fcf
2025-01-14 08:53:17.571 25 INFO cinder.api.openstack.wsgi [None req-28c33f9d-5b68-4799-9c22-d4488b5ec03f f32726614f9f4159a882d30e9babd547 67e799d81caf4e2996f2bace67681c8f - - default default] http://[LB_IP_ADDRESS]:8776/v3/67e799d81caf4e2996f2bace67681c8f/types/938e9a06-560f-4398-9ce7-0a44d41993ca/encryption returned with HTTP 200
2025-01-14 08:53:17.576 22 INFO cinder.volume.api [None req-5beb3152-7b09-4faf-ab2c-31e244dc04ba dfe92692f88a4ddba764767caeb354d2 49bed9114697402382296c1fd954008d - - default default] Volume info retrieved successfully.
2025-01-14 08:53:17.585 22 INFO cinder.api.openstack.wsgi [None req-5beb3152-7b09-4faf-ab2c-31e244dc04ba dfe92692f88a4ddba764767caeb354d2 49bed9114697402382296c1fd954008d - - default default] http://[LB_IP_ADDRESS]:8776/v3/49bed9114697402382296c1fd954008d/volumes/15cf45fe-ee9d-488d-8f75-7c2ca0980fcf returned with HTTP 200
2025-01-14 08:53:17.587 23 INFO cinder.api.openstack.wsgi [None req-d595388a-43c3-4347-ba60-9fe37c306501 f32726614f9f4159a882d30e9babd547 67e799d81caf4e2996f2bace67681c8f - - default default] GET http://[LB_IP_ADDRESS]:8776/v3/67e799d81caf4e2996f2bace67681c8f/types/938e9a06-560f-4398-9ce7-0a44d41993ca/encryption
2025-01-14 08:53:17.601 23 INFO cinder.api.openstack.wsgi [None req-d595388a-43c3-4347-ba60-9fe37c306501 f32726614f9f4159a882d30e9babd547 67e799d81caf4e2996f2bace67681c8f - - default default] http://[LB_IP_ADDRESS]:8776/v3/67e799d81caf4e2996f2bace67681c8f/types/938e9a06-560f-4398-9ce7-0a44d41993ca/encryption returned with HTTP 200
2025-01-14 08:53:17.618 21 INFO cinder.api.openstack.wsgi [None req-f082da5f-beb4-4f5e-acaf-f737833f97a1 f32726614f9f4159a882d30e9babd547 67e799d81caf4e2996f2bace67681c8f - - default default] PUT http://[LB_IP_ADDRESS]:8776/v3/67e799d81caf4e2996f2bace67681c8f/types/938e9a06-560f-4398-9ce7-0a44d41993ca/encryption/provider
2025-01-14 08:53:17.648 21 INFO cinder.api.openstack.wsgi [None req-f082da5f-beb4-4f5e-acaf-f737833f97a1 f32726614f9f4159a882d30e9babd547 67e799d81caf4e2996f2bace67681c8f - - default default] http://[LB_IP_ADDRESS]:8776/v3/67e799d81caf4e2996f2bace67681c8f/types/938e9a06-560f-4398-9ce7-0a44d41993ca/encryption/provider returned with HTTP 200
2025-01-14 08:53:17.672 24 INFO cinder.api.openstack.wsgi [None req-bd7209fe-4183-4fc6-a3e8-0f7ee949683c f32726614f9f4159a882d30e9babd547 67e799d81caf4e2996f2bace67681c8f - - default default] GET http://[LB_IP_ADDRESS]:8776/v3/67e799d81caf4e2996f2bace67681c8f/types/938e9a06-560f-4398-9ce7-0a44d41993ca/encryption
2025-01-14 08:53:17.687 24 INFO cinder.api.openstack.wsgi [None req-bd7209fe-4183-4fc6-a3e8-0f7ee949683c f32726614f9f4159a882d30e9babd547 67e799d81caf4e2996f2bace67681c8f - - default default] http://[LB_IP_ADDRESS]:8776/v3/67e799d81caf4e2996f2bace67681c8f/types/938e9a06-560f-4398-9ce7-0a44d41993ca/encryption returned with HTTP 200
2025-01-14 08:53:17.704 25 INFO cinder.api.openstack.wsgi [None req-b6e0548e-1b66-4e48-82aa-ef685b204220 f32726614f9f4159a882d30e9babd547 67e799d81caf4e2996f2bace67681c8f - - default default] GET http://[LB_IP_ADDRESS]:8776/v3/67e799d81caf4e2996f2bace67681c8f/types/938e9a06-560f-4398-9ce7-0a44d41993ca/encryption/cipher
2025-01-14 08:53:17.716 25 INFO cinder.api.openstack.wsgi [None req-b6e0548e-1b66-4e48-82aa-ef685b204220 f32726614f9f4159a882d30e9babd547 67e799d81caf4e2996f2bace67681c8f - - default default] http://[LB_IP_ADDRESS]:8776/v3/67e799d81caf4e2996f2bace67681c8f/types/938e9a06-560f-4398-9ce7-0a44d41993ca/encryption/cipher returned with HTTP 200
