2023-02-22 22:35:50.624 23 INFO cinder.api.openstack.wsgi [None req-9bfaf3f0-fd96-4479-b56f-e11d489852ba 787d7c1aa0834233b9f3cff01773252f 2ab78e6293664d4d8fa9975e251bf483 - - default default] GET http://[LB_IP_ADDRESS]:8776/v3/2ab78e6293664d4d8fa9975e251bf483/os-quota-sets/ca26281cff6246df9058e95a39c84c28
2023-02-22 22:35:50.643 20 INFO cinder.api.openstack.wsgi [None req-8394238e-3c30-4669-b53b-b9333f389c19 74d47945d1614f7391e5d36bce366fcf 9079f2fc285a42be83b788547f92776a - - default default] GET http://[LB_IP_ADDRESS]:8776/v3/9079f2fc285a42be83b788547f92776a/volumes/024b9db6-425b-42f4-9ced-e7aea944d3b8
2023-02-22 22:35:50.672 20 INFO cinder.volume.api [None req-8394238e-3c30-4669-b53b-b9333f389c19 74d47945d1614f7391e5d36bce366fcf 9079f2fc285a42be83b788547f92776a - - default default] Volume info retrieved successfully.
2023-02-22 22:35:50.680 20 INFO cinder.api.openstack.wsgi [None req-8394238e-3c30-4669-b53b-b9333f389c19 74d47945d1614f7391e5d36bce366fcf 9079f2fc285a42be83b788547f92776a - - default default] http://[LB_IP_ADDRESS]:8776/v3/9079f2fc285a42be83b788547f92776a/volumes/024b9db6-425b-42f4-9ced-e7aea944d3b8 returned with HTTP 200
2023-02-22 22:35:50.739 23 WARNING cinder.quota [None req-9bfaf3f0-fd96-4479-b56f-e11d489852ba 787d7c1aa0834233b9f3cff01773252f 2ab78e6293664d4d8fa9975e251bf483 - - default default] Deprecated: Default quota for resource: volumes_tempest-GroupSnapshotsTest-volume-type-130205877 is set by the default quota flag: quota_volumes_tempest-GroupSnapshotsTest-volume-type-130205877, it is now deprecated. Please use the default quota class for default quota.
2023-02-22 22:35:50.740 23 WARNING cinder.quota [None req-9bfaf3f0-fd96-4479-b56f-e11d489852ba 787d7c1aa0834233b9f3cff01773252f 2ab78e6293664d4d8fa9975e251bf483 - - default default] Deprecated: Default quota for resource: gigabytes_tempest-GroupSnapshotsTest-volume-type-130205877 is set by the default quota flag: quota_gigabytes_tempest-GroupSnapshotsTest-volume-type-130205877, it is now deprecated. Please use the default quota class for default quota.
2023-02-22 22:35:50.741 23 WARNING cinder.quota [None req-9bfaf3f0-fd96-4479-b56f-e11d489852ba 787d7c1aa0834233b9f3cff01773252f 2ab78e6293664d4d8fa9975e251bf483 - - default default] Deprecated: Default quota for resource: snapshots_tempest-GroupSnapshotsTest-volume-type-130205877 is set by the default quota flag: quota_snapshots_tempest-GroupSnapshotsTest-volume-type-130205877, it is now deprecated. Please use the default quota class for default quota.
2023-02-22 22:35:50.742 23 WARNING cinder.quota [None req-9bfaf3f0-fd96-4479-b56f-e11d489852ba 787d7c1aa0834233b9f3cff01773252f 2ab78e6293664d4d8fa9975e251bf483 - - default default] Deprecated: Default quota for resource: volumes_tempest-GroupSnapshotsTest-volume-type-819801673 is set by the default quota flag: quota_volumes_tempest-GroupSnapshotsTest-volume-type-819801673, it is now deprecated. Please use the default quota class for default quota.
2023-02-22 22:35:50.746 22 INFO cinder.api.openstack.wsgi [req-2aa7cde3-4590-4798-8e14-3ce06525bbf4 req-98ed3354-b491-41d8-a900-a05d01f60044 74d47945d1614f7391e5d36bce366fcf 9079f2fc285a42be83b788547f92776a - - default default] GET http://[LB_IP_ADDRESS]:8776/v3/9079f2fc285a42be83b788547f92776a/volumes/024b9db6-425b-42f4-9ced-e7aea944d3b8
2023-02-22 22:35:50.752 19 INFO cinder.api.openstack.wsgi [None req-e0a33f72-2648-4ec5-bd4c-39d6032220eb 3412466c92f64fed8187632ddcaf3b4f c2955e19f9bf4d3a9871c728cdcc58ab - - default default] GET http://[LB_IP_ADDRESS]:8776/v3/c2955e19f9bf4d3a9871c728cdcc58ab/groups/2d3a38c3-8100-4721-bbef-8c70df7d83db
2023-02-22 22:35:50.771 22 INFO cinder.volume.api [req-2aa7cde3-4590-4798-8e14-3ce06525bbf4 req-98ed3354-b491-41d8-a900-a05d01f60044 74d47945d1614f7391e5d36bce366fcf 9079f2fc285a42be83b788547f92776a - - default default] Volume info retrieved successfully.
2023-02-22 22:35:50.772 19 INFO cinder.api.openstack.wsgi [None req-e0a33f72-2648-4ec5-bd4c-39d6032220eb 3412466c92f64fed8187632ddcaf3b4f c2955e19f9bf4d3a9871c728cdcc58ab - - default default] http://[LB_IP_ADDRESS]:8776/v3/c2955e19f9bf4d3a9871c728cdcc58ab/groups/2d3a38c3-8100-4721-bbef-8c70df7d83db returned with HTTP 200
2023-02-22 22:35:50.779 22 INFO cinder.api.openstack.wsgi [req-2aa7cde3-4590-4798-8e14-3ce06525bbf4 req-98ed3354-b491-41d8-a900-a05d01f60044 74d47945d1614f7391e5d36bce366fcf 9079f2fc285a42be83b788547f92776a - - default default] http://[LB_IP_ADDRESS]:8776/v3/9079f2fc285a42be83b788547f92776a/volumes/024b9db6-425b-42f4-9ced-e7aea944d3b8 returned with HTTP 200
2023-02-22 22:35:50.794 21 INFO cinder.api.openstack.wsgi [None req-b8ae61b4-1755-48c2-b4ba-e39a25069021 3412466c92f64fed8187632ddcaf3b4f c2955e19f9bf4d3a9871c728cdcc58ab - - default default] PUT http://[LB_IP_ADDRESS]:8776/v3/c2955e19f9bf4d3a9871c728cdcc58ab/groups/2d3a38c3-8100-4721-bbef-8c70df7d83db
2023-02-22 22:35:50.798 21 INFO cinder.api.v3.groups [None req-b8ae61b4-1755-48c2-b4ba-e39a25069021 3412466c92f64fed8187632ddcaf3b4f c2955e19f9bf4d3a9871c728cdcc58ab - - default default] Updating group 2d3a38c3-8100-4721-bbef-8c70df7d83db with name None description: None add_volumes: None remove_volumes: 79d6ee03-c7b5-4425-a1c9-3ae4ad725e6e.
2023-02-22 22:35:50.813 20 INFO cinder.api.openstack.wsgi [req-2aa7cde3-4590-4798-8e14-3ce06525bbf4 req-923b24bd-83b2-4e4b-a42e-45a85faa765d 74d47945d1614f7391e5d36bce366fcf 9079f2fc285a42be83b788547f92776a - - default default] POST http://[LB_IP_ADDRESS]:8776/v3/9079f2fc285a42be83b788547f92776a/volumes/024b9db6-425b-42f4-9ced-e7aea944d3b8/action
2023-02-22 22:35:50.815 23 INFO cinder.api.openstack.wsgi [None req-9bfaf3f0-fd96-4479-b56f-e11d489852ba 787d7c1aa0834233b9f3cff01773252f 2ab78e6293664d4d8fa9975e251bf483 - - default default] http://[LB_IP_ADDRESS]:8776/v3/2ab78e6293664d4d8fa9975e251bf483/os-quota-sets/ca26281cff6246df9058e95a39c84c28 returned with HTTP 200
2023-02-22 22:35:50.835 20 INFO cinder.volume.api [req-2aa7cde3-4590-4798-8e14-3ce06525bbf4 req-923b24bd-83b2-4e4b-a42e-45a85faa765d 74d47945d1614f7391e5d36bce366fcf 9079f2fc285a42be83b788547f92776a - - default default] Volume info retrieved successfully.
2023-02-22 22:35:50.836 19 INFO cinder.api.openstack.wsgi [None req-e8b2c525-39ae-4367-8a53-7987869098d5 787d7c1aa0834233b9f3cff01773252f 2ab78e6293664d4d8fa9975e251bf483 - - default default] GET http://[LB_IP_ADDRESS]:8776/v3/2ab78e6293664d4d8fa9975e251bf483/os-quota-sets/ca26281cff6246df9058e95a39c84c28?usage=True
2023-02-22 22:35:50.843 20 INFO cinder.volume.api [req-2aa7cde3-4590-4798-8e14-3ce06525bbf4 req-923b24bd-83b2-4e4b-a42e-45a85faa765d 74d47945d1614f7391e5d36bce366fcf 9079f2fc285a42be83b788547f92776a - - default default] Begin detaching volume completed successfully.
2023-02-22 22:35:50.844 20 INFO cinder.api.openstack.wsgi [req-2aa7cde3-4590-4798-8e14-3ce06525bbf4 req-923b24bd-83b2-4e4b-a42e-45a85faa765d 74d47945d1614f7391e5d36bce366fcf 9079f2fc285a42be83b788547f92776a - - default default] http://[LB_IP_ADDRESS]:8776/v3/9079f2fc285a42be83b788547f92776a/volumes/024b9db6-425b-42f4-9ced-e7aea944d3b8/action returned with HTTP 202
2023-02-22 22:35:50.843 21 INFO cinder.api.openstack.wsgi [None req-b8ae61b4-1755-48c2-b4ba-e39a25069021 3412466c92f64fed8187632ddcaf3b4f c2955e19f9bf4d3a9871c728cdcc58ab - - default default] http://[LB_IP_ADDRESS]:8776/v3/c2955e19f9bf4d3a9871c728cdcc58ab/groups/2d3a38c3-8100-4721-bbef-8c70df7d83db returned with HTTP 202
2023-02-22 22:35:50.854 22 INFO cinder.api.openstack.wsgi [None req-348d35f8-a189-4dcc-ae7c-b9a8d283afa8 3412466c92f64fed8187632ddcaf3b4f c2955e19f9bf4d3a9871c728cdcc58ab - - default default] GET http://[LB_IP_ADDRESS]:8776/v3/c2955e19f9bf4d3a9871c728cdcc58ab/groups/2d3a38c3-8100-4721-bbef-8c70df7d83db
2023-02-22 22:35:50.873 22 INFO cinder.api.openstack.wsgi [None req-348d35f8-a189-4dcc-ae7c-b9a8d283afa8 3412466c92f64fed8187632ddcaf3b4f c2955e19f9bf4d3a9871c728cdcc58ab - - default default] http://[LB_IP_ADDRESS]:8776/v3/c2955e19f9bf4d3a9871c728cdcc58ab/groups/2d3a38c3-8100-4721-bbef-8c70df7d83db returned with HTTP 200
2023-02-22 22:35:50.876 23 INFO cinder.api.openstack.wsgi [None req-8bbc67d0-b397-446e-97c6-6cf2aa01f2c0 74d47945d1614f7391e5d36bce366fcf 9079f2fc285a42be83b788547f92776a - - default default] GET http://[LB_IP_ADDRESS]:8776/v3/9079f2fc285a42be83b788547f92776a/volumes/024b9db6-425b-42f4-9ced-e7aea944d3b8
2023-02-22 22:35:50.905 23 INFO cinder.volume.api [None req-8bbc67d0-b397-446e-97c6-6cf2aa01f2c0 74d47945d1614f7391e5d36bce366fcf 9079f2fc285a42be83b788547f92776a - - default default] Volume info retrieved successfully.
2023-02-22 22:35:50.908 21 INFO cinder.api.openstack.wsgi [None req-daaa08a4-fc75-4ba0-9fda-fd1435cead64 - - - - - -] GET http://[LB_IP_ADDRESS]:8776/
2023-02-22 22:35:50.910 21 INFO cinder.api.openstack.wsgi [None req-daaa08a4-fc75-4ba0-9fda-fd1435cead64 - - - - - -] http://[LB_IP_ADDRESS]:8776/ returned with HTTP 300
2023-02-22 22:35:50.913 23 INFO cinder.api.openstack.wsgi [None req-8bbc67d0-b397-446e-97c6-6cf2aa01f2c0 74d47945d1614f7391e5d36bce366fcf 9079f2fc285a42be83b788547f92776a - - default default] http://[LB_IP_ADDRESS]:8776/v3/9079f2fc285a42be83b788547f92776a/volumes/024b9db6-425b-42f4-9ced-e7aea944d3b8 returned with HTTP 200
2023-02-22 22:35:50.923 20 INFO cinder.api.openstack.wsgi [req-2aa7cde3-4590-4798-8e14-3ce06525bbf4 req-ce659704-5bc2-4d01-97f7-991ad3d21dbe 74d47945d1614f7391e5d36bce366fcf 9079f2fc285a42be83b788547f92776a - - default default] GET http://[LB_IP_ADDRESS]:8776/v3/9079f2fc285a42be83b788547f92776a/volumes/024b9db6-425b-42f4-9ced-e7aea944d3b8
2023-02-22 22:35:50.948 20 INFO cinder.volume.api [req-2aa7cde3-4590-4798-8e14-3ce06525bbf4 req-ce659704-5bc2-4d01-97f7-991ad3d21dbe 74d47945d1614f7391e5d36bce366fcf 9079f2fc285a42be83b788547f92776a - - default default] Volume info retrieved successfully.
2023-02-22 22:35:50.955 20 INFO cinder.api.openstack.wsgi [req-2aa7cde3-4590-4798-8e14-3ce06525bbf4 req-ce659704-5bc2-4d01-97f7-991ad3d21dbe 74d47945d1614f7391e5d36bce366fcf 9079f2fc285a42be83b788547f92776a - - default default] http://[LB_IP_ADDRESS]:8776/v3/9079f2fc285a42be83b788547f92776a/volumes/024b9db6-425b-42f4-9ced-e7aea944d3b8 returned with HTTP 200
2023-02-22 22:35:50.995 19 INFO cinder.api.openstack.wsgi [None req-e8b2c525-39ae-4367-8a53-7987869098d5 787d7c1aa0834233b9f3cff01773252f 2ab78e6293664d4d8fa9975e251bf483 - - default default] http://[LB_IP_ADDRESS]:8776/v3/2ab78e6293664d4d8fa9975e251bf483/os-quota-sets/ca26281cff6246df9058e95a39c84c28?usage=True returned with HTTP 200
2023-02-22 22:35:51.168 22 INFO cinder.api.openstack.wsgi [None req-37e4ddc2-75d5-4b1f-a984-11ded8157cb7 150827f1a2e3445ea53ecf02b8781f4e ca26281cff6246df9058e95a39c84c28 - - default default] POST http://[LB_IP_ADDRESS]:8776/v3/ca26281cff6246df9058e95a39c84c28/volumes
2023-02-22 22:35:51.172 22 INFO cinder.api.v3.volumes [None req-37e4ddc2-75d5-4b1f-a984-11ded8157cb7 150827f1a2e3445ea53ecf02b8781f4e ca26281cff6246df9058e95a39c84c28 - - default default] Create volume of 1 GB
2023-02-22 22:35:51.176 21 INFO cinder.api.openstack.wsgi [req-2aa7cde3-4590-4798-8e14-3ce06525bbf4 req-8d5c76dd-6873-438a-b07b-3bfde9ab3f60 74d47945d1614f7391e5d36bce366fcf 9079f2fc285a42be83b788547f92776a - - default default] GET http://[LB_IP_ADDRESS]:8776/v3/9079f2fc285a42be83b788547f92776a/volumes/024b9db6-425b-42f4-9ced-e7aea944d3b8
2023-02-22 22:35:51.182 22 INFO cinder.volume.api [None req-37e4ddc2-75d5-4b1f-a984-11ded8157cb7 150827f1a2e3445ea53ecf02b8781f4e ca26281cff6246df9058e95a39c84c28 - - default default] Availability Zones retrieved successfully.
2023-02-22 22:35:51.205 21 INFO cinder.volume.api [req-2aa7cde3-4590-4798-8e14-3ce06525bbf4 req-8d5c76dd-6873-438a-b07b-3bfde9ab3f60 74d47945d1614f7391e5d36bce366fcf 9079f2fc285a42be83b788547f92776a - - default default] Volume info retrieved successfully.
2023-02-22 22:35:51.214 21 INFO cinder.api.openstack.wsgi [req-2aa7cde3-4590-4798-8e14-3ce06525bbf4 req-8d5c76dd-6873-438a-b07b-3bfde9ab3f60 74d47945d1614f7391e5d36bce366fcf 9079f2fc285a42be83b788547f92776a - - default default] http://[LB_IP_ADDRESS]:8776/v3/9079f2fc285a42be83b788547f92776a/volumes/024b9db6-425b-42f4-9ced-e7aea944d3b8 returned with HTTP 200
2023-02-22 22:35:51.570 22 INFO cinder.volume.api [None req-37e4ddc2-75d5-4b1f-a984-11ded8157cb7 150827f1a2e3445ea53ecf02b8781f4e ca26281cff6246df9058e95a39c84c28 - - default default] Create volume request issued successfully.
2023-02-22 22:35:51.572 22 INFO cinder.api.openstack.wsgi [None req-37e4ddc2-75d5-4b1f-a984-11ded8157cb7 150827f1a2e3445ea53ecf02b8781f4e ca26281cff6246df9058e95a39c84c28 - - default default] http://[LB_IP_ADDRESS]:8776/v3/ca26281cff6246df9058e95a39c84c28/volumes returned with HTTP 202
2023-02-22 22:35:51.593 23 INFO cinder.api.openstack.wsgi [None req-e455a411-1e60-4379-a7f5-c4396983ae4d 150827f1a2e3445ea53ecf02b8781f4e ca26281cff6246df9058e95a39c84c28 - - default default] GET http://[LB_IP_ADDRESS]:8776/v3/ca26281cff6246df9058e95a39c84c28/volumes/3a7f2683-ecf8-457d-9413-d5d4ac87271d
2023-02-22 22:35:51.617 23 INFO cinder.volume.api [None req-e455a411-1e60-4379-a7f5-c4396983ae4d 150827f1a2e3445ea53ecf02b8781f4e ca26281cff6246df9058e95a39c84c28 - - default default] Volume info retrieved successfully.
2023-02-22 22:35:51.625 23 INFO cinder.api.openstack.wsgi [None req-e455a411-1e60-4379-a7f5-c4396983ae4d 150827f1a2e3445ea53ecf02b8781f4e ca26281cff6246df9058e95a39c84c28 - - default default] http://[LB_IP_ADDRESS]:8776/v3/ca26281cff6246df9058e95a39c84c28/volumes/3a7f2683-ecf8-457d-9413-d5d4ac87271d returned with HTTP 200
2023-02-22 22:35:51.892 20 INFO cinder.api.openstack.wsgi [None req-24bde0ba-17f9-41f4-b93e-ceead9646f0d 3412466c92f64fed8187632ddcaf3b4f c2955e19f9bf4d3a9871c728cdcc58ab - - default default] GET http://[LB_IP_ADDRESS]:8776/v3/c2955e19f9bf4d3a9871c728cdcc58ab/groups/2d3a38c3-8100-4721-bbef-8c70df7d83db
2023-02-22 22:35:51.915 20 INFO cinder.api.openstack.wsgi [None req-24bde0ba-17f9-41f4-b93e-ceead9646f0d 3412466c92f64fed8187632ddcaf3b4f c2955e19f9bf4d3a9871c728cdcc58ab - - default default] http://[LB_IP_ADDRESS]:8776/v3/c2955e19f9bf4d3a9871c728cdcc58ab/groups/2d3a38c3-8100-4721-bbef-8c70df7d83db returned with HTTP 200
2023-02-22 22:35:51.932 19 INFO cinder.api.openstack.wsgi [None req-de8ead55-08a5-4ed7-9ffb-c0ae34c124e7 3412466c92f64fed8187632ddcaf3b4f c2955e19f9bf4d3a9871c728cdcc58ab - - default default] PUT http://[LB_IP_ADDRESS]:8776/v3/c2955e19f9bf4d3a9871c728cdcc58ab/groups/2d3a38c3-8100-4721-bbef-8c70df7d83db
2023-02-22 22:35:51.935 21 INFO cinder.api.openstack.wsgi [None req-cdfeada8-6772-4216-9c4f-bf629b868cae 74d47945d1614f7391e5d36bce366fcf 9079f2fc285a42be83b788547f92776a - - default default] GET http://[LB_IP_ADDRESS]:8776/v3/9079f2fc285a42be83b788547f92776a/volumes/024b9db6-425b-42f4-9ced-e7aea944d3b8
2023-02-22 22:35:51.938 19 INFO cinder.api.v3.groups [None req-de8ead55-08a5-4ed7-9ffb-c0ae34c124e7 3412466c92f64fed8187632ddcaf3b4f c2955e19f9bf4d3a9871c728cdcc58ab - - default default] Updating group 2d3a38c3-8100-4721-bbef-8c70df7d83db with name None description: None add_volumes: 79d6ee03-c7b5-4425-a1c9-3ae4ad725e6e remove_volumes: None.
2023-02-22 22:35:51.962 21 INFO cinder.volume.api [None req-cdfeada8-6772-4216-9c4f-bf629b868cae 74d47945d1614f7391e5d36bce366fcf 9079f2fc285a42be83b788547f92776a - - default default] Volume info retrieved successfully.
2023-02-22 22:35:51.970 21 INFO cinder.api.openstack.wsgi [None req-cdfeada8-6772-4216-9c4f-bf629b868cae 74d47945d1614f7391e5d36bce366fcf 9079f2fc285a42be83b788547f92776a - - default default] http://[LB_IP_ADDRESS]:8776/v3/9079f2fc285a42be83b788547f92776a/volumes/024b9db6-425b-42f4-9ced-e7aea944d3b8 returned with HTTP 200
2023-02-22 22:35:52.004 19 INFO cinder.api.openstack.wsgi [None req-de8ead55-08a5-4ed7-9ffb-c0ae34c124e7 3412466c92f64fed8187632ddcaf3b4f c2955e19f9bf4d3a9871c728cdcc58ab - - default default] http://[LB_IP_ADDRESS]:8776/v3/c2955e19f9bf4d3a9871c728cdcc58ab/groups/2d3a38c3-8100-4721-bbef-8c70df7d83db returned with HTTP 202
2023-02-22 22:35:52.020 22 INFO cinder.api.openstack.wsgi [None req-16e11b5c-f9c1-4b38-bb0e-e0eede5a2965 3412466c92f64fed8187632ddcaf3b4f c2955e19f9bf4d3a9871c728cdcc58ab - - default default] GET http://[LB_IP_ADDRESS]:8776/v3/c2955e19f9bf4d3a9871c728cdcc58ab/groups/2d3a38c3-8100-4721-bbef-8c70df7d83db
2023-02-22 22:35:52.054 22 INFO cinder.api.openstack.wsgi [None req-16e11b5c-f9c1-4b38-bb0e-e0eede5a2965 3412466c92f64fed8187632ddcaf3b4f c2955e19f9bf4d3a9871c728cdcc58ab - - default default] http://[LB_IP_ADDRESS]:8776/v3/c2955e19f9bf4d3a9871c728cdcc58ab/groups/2d3a38c3-8100-4721-bbef-8c70df7d83db returned with HTTP 200
2023-02-22 22:35:52.269 23 INFO cinder.api.openstack.wsgi [None req-f867288c-515f-4e51-9f7e-56651e8ffdb7 - - - - - -] GET http://[LB_IP_ADDRESS]:8776/
2023-02-22 22:35:52.270 23 INFO cinder.api.openstack.wsgi [None req-f867288c-515f-4e51-9f7e-56651e8ffdb7 - - - - - -] http://[LB_IP_ADDRESS]:8776/ returned with HTTP 300
2023-02-22 22:35:52.647 20 INFO cinder.api.openstack.wsgi [None req-164de4be-022e-40c3-8a28-d15c9d0065d9 150827f1a2e3445ea53ecf02b8781f4e ca26281cff6246df9058e95a39c84c28 - - default default] GET http://[LB_IP_ADDRESS]:8776/v3/ca26281cff6246df9058e95a39c84c28/volumes/3a7f2683-ecf8-457d-9413-d5d4ac87271d
2023-02-22 22:35:52.671 20 INFO cinder.volume.api [None req-164de4be-022e-40c3-8a28-d15c9d0065d9 150827f1a2e3445ea53ecf02b8781f4e ca26281cff6246df9058e95a39c84c28 - - default default] Volume info retrieved successfully.
2023-02-22 22:35:52.679 20 INFO cinder.api.openstack.wsgi [None req-164de4be-022e-40c3-8a28-d15c9d0065d9 150827f1a2e3445ea53ecf02b8781f4e ca26281cff6246df9058e95a39c84c28 - - default default] http://[LB_IP_ADDRESS]:8776/v3/ca26281cff6246df9058e95a39c84c28/volumes/3a7f2683-ecf8-457d-9413-d5d4ac87271d returned with HTTP 200
2023-02-22 22:35:52.992 21 INFO cinder.api.openstack.wsgi [None req-7e57a3eb-76f3-4b92-ab67-beeb4bd72fe5 74d47945d1614f7391e5d36bce366fcf 9079f2fc285a42be83b788547f92776a - - default default] GET http://[LB_IP_ADDRESS]:8776/v3/9079f2fc285a42be83b788547f92776a/volumes/024b9db6-425b-42f4-9ced-e7aea944d3b8
2023-02-22 22:35:53.020 21 INFO cinder.volume.api [None req-7e57a3eb-76f3-4b92-ab67-beeb4bd72fe5 74d47945d1614f7391e5d36bce366fcf 9079f2fc285a42be83b788547f92776a - - default default] Volume info retrieved successfully.
2023-02-22 22:35:53.028 21 INFO cinder.api.openstack.wsgi [None req-7e57a3eb-76f3-4b92-ab67-beeb4bd72fe5 74d47945d1614f7391e5d36bce366fcf 9079f2fc285a42be83b788547f92776a - - default default] http://[LB_IP_ADDRESS]:8776/v3/9079f2fc285a42be83b788547f92776a/volumes/024b9db6-425b-42f4-9ced-e7aea944d3b8 returned with HTTP 200
2023-02-22 22:35:53.075 19 INFO cinder.api.openstack.wsgi [None req-12916ab9-ec83-4346-ba44-c7be9b85518e 3412466c92f64fed8187632ddcaf3b4f c2955e19f9bf4d3a9871c728cdcc58ab - - default default] GET http://[LB_IP_ADDRESS]:8776/v3/c2955e19f9bf4d3a9871c728cdcc58ab/groups/2d3a38c3-8100-4721-bbef-8c70df7d83db
2023-02-22 22:35:53.097 19 INFO cinder.api.openstack.wsgi [None req-12916ab9-ec83-4346-ba44-c7be9b85518e 3412466c92f64fed8187632ddcaf3b4f c2955e19f9bf4d3a9871c728cdcc58ab - - default default] http://[LB_IP_ADDRESS]:8776/v3/c2955e19f9bf4d3a9871c728cdcc58ab/groups/2d3a38c3-8100-4721-bbef-8c70df7d83db returned with HTTP 200
2023-02-22 22:35:53.118 22 INFO cinder.api.openstack.wsgi [None req-e672c89c-8cbc-4a6f-a4d2-1a930af48257 3412466c92f64fed8187632ddcaf3b4f c2955e19f9bf4d3a9871c728cdcc58ab - - default default] GET http://[LB_IP_ADDRESS]:8776/v3/c2955e19f9bf4d3a9871c728cdcc58ab/volumes/detail
2023-02-22 22:35:53.180 22 INFO cinder.volume.api [None req-e672c89c-8cbc-4a6f-a4d2-1a930af48257 3412466c92f64fed8187632ddcaf3b4f c2955e19f9bf4d3a9871c728cdcc58ab - - default default] Get all volumes completed successfully.
2023-02-22 22:35:53.182 22 WARNING oslo_messaging.rpc.client [None req-e672c89c-8cbc-4a6f-a4d2-1a930af48257 3412466c92f64fed8187632ddcaf3b4f c2955e19f9bf4d3a9871c728cdcc58ab - - default default] Using RPCClient manually to instantiate client. Please use get_rpc_client to obtain an RPC client instance.
2023-02-22 22:35:53.182 22 WARNING oslo_messaging.rpc.client [None req-e672c89c-8cbc-4a6f-a4d2-1a930af48257 3412466c92f64fed8187632ddcaf3b4f c2955e19f9bf4d3a9871c728cdcc58ab - - default default] Using RPCClient manually to instantiate client. Please use get_rpc_client to obtain an RPC client instance.
2023-02-22 22:35:53.183 22 WARNING oslo_messaging.rpc.client [None req-e672c89c-8cbc-4a6f-a4d2-1a930af48257 3412466c92f64fed8187632ddcaf3b4f c2955e19f9bf4d3a9871c728cdcc58ab - - default default] Using RPCClient manually to instantiate client. Please use get_rpc_client to obtain an RPC client instance.
2023-02-22 22:35:53.184 22 WARNING oslo_messaging.rpc.client [None req-e672c89c-8cbc-4a6f-a4d2-1a930af48257 3412466c92f64fed8187632ddcaf3b4f c2955e19f9bf4d3a9871c728cdcc58ab - - default default] Using RPCClient manually to instantiate client. Please use get_rpc_client to obtain an RPC client instance.
2023-02-22 22:35:53.209 22 WARNING oslo_messaging.rpc.client [None req-e672c89c-8cbc-4a6f-a4d2-1a930af48257 3412466c92f64fed8187632ddcaf3b4f c2955e19f9bf4d3a9871c728cdcc58ab - - default default] Using RPCClient manually to instantiate client. Please use get_rpc_client to obtain an RPC client instance.
2023-02-22 22:35:53.209 22 WARNING oslo_messaging.rpc.client [None req-e672c89c-8cbc-4a6f-a4d2-1a930af48257 3412466c92f64fed8187632ddcaf3b4f c2955e19f9bf4d3a9871c728cdcc58ab - - default default] Using RPCClient manually to instantiate client. Please use get_rpc_client to obtain an RPC client instance.
2023-02-22 22:35:53.210 22 WARNING oslo_messaging.rpc.client [None req-e672c89c-8cbc-4a6f-a4d2-1a930af48257 3412466c92f64fed8187632ddcaf3b4f c2955e19f9bf4d3a9871c728cdcc58ab - - default default] Using RPCClient manually to instantiate client. Please use get_rpc_client to obtain an RPC client instance.
2023-02-22 22:35:53.210 22 WARNING oslo_messaging.rpc.client [None req-e672c89c-8cbc-4a6f-a4d2-1a930af48257 3412466c92f64fed8187632ddcaf3b4f c2955e19f9bf4d3a9871c728cdcc58ab - - default default] Using RPCClient manually to instantiate client. Please use get_rpc_client to obtain an RPC client instance.
2023-02-22 22:35:53.238 22 INFO cinder.api.openstack.wsgi [None req-e672c89c-8cbc-4a6f-a4d2-1a930af48257 3412466c92f64fed8187632ddcaf3b4f c2955e19f9bf4d3a9871c728cdcc58ab - - default default] http://[LB_IP_ADDRESS]:8776/v3/c2955e19f9bf4d3a9871c728cdcc58ab/volumes/detail returned with HTTP 200
2023-02-22 22:35:53.261 23 INFO cinder.api.openstack.wsgi [None req-22cde081-f201-4fd7-b87b-095f61254234 3412466c92f64fed8187632ddcaf3b4f c2955e19f9bf4d3a9871c728cdcc58ab - - default default] POST http://[LB_IP_ADDRESS]:8776/v3/c2955e19f9bf4d3a9871c728cdcc58ab/group_snapshots
2023-02-22 22:35:53.279 23 INFO cinder.api.v3.group_snapshots [None req-22cde081-f201-4fd7-b87b-095f61254234 3412466c92f64fed8187632ddcaf3b4f c2955e19f9bf4d3a9871c728cdcc58ab - - default default] Creating group_snapshot tempest-GroupSnapshotsTest-Group_Snapshot-1716559606.
2023-02-22 22:35:53.493 23 INFO cinder.api.openstack.wsgi [None req-22cde081-f201-4fd7-b87b-095f61254234 3412466c92f64fed8187632ddcaf3b4f c2955e19f9bf4d3a9871c728cdcc58ab - - default default] http://[LB_IP_ADDRESS]:8776/v3/c2955e19f9bf4d3a9871c728cdcc58ab/group_snapshots returned with HTTP 202
2023-02-22 22:35:53.510 20 INFO cinder.api.openstack.wsgi [None req-0e6ff58e-c004-4c0e-84bc-2cbd3260be85 3412466c92f64fed8187632ddcaf3b4f c2955e19f9bf4d3a9871c728cdcc58ab - - default default] GET http://[LB_IP_ADDRESS]:8776/v3/c2955e19f9bf4d3a9871c728cdcc58ab/group_snapshots/404a84d7-4c97-4bb8-b56c-73a8e1732861
2023-02-22 22:35:53.523 20 INFO cinder.api.openstack.wsgi [None req-0e6ff58e-c004-4c0e-84bc-2cbd3260be85 3412466c92f64fed8187632ddcaf3b4f c2955e19f9bf4d3a9871c728cdcc58ab - - default default] http://[LB_IP_ADDRESS]:8776/v3/c2955e19f9bf4d3a9871c728cdcc58ab/group_snapshots/404a84d7-4c97-4bb8-b56c-73a8e1732861 returned with HTTP 200
2023-02-22 22:35:53.701 21 INFO cinder.api.openstack.wsgi [None req-f6065b95-0db3-403d-9b95-e7f0f3495378 150827f1a2e3445ea53ecf02b8781f4e ca26281cff6246df9058e95a39c84c28 - - default default] GET http://[LB_IP_ADDRESS]:8776/v3/ca26281cff6246df9058e95a39c84c28/volumes/3a7f2683-ecf8-457d-9413-d5d4ac87271d
2023-02-22 22:35:53.725 21 INFO cinder.volume.api [None req-f6065b95-0db3-403d-9b95-e7f0f3495378 150827f1a2e3445ea53ecf02b8781f4e ca26281cff6246df9058e95a39c84c28 - - default default] Volume info retrieved successfully.
2023-02-22 22:35:53.732 21 INFO cinder.api.openstack.wsgi [None req-f6065b95-0db3-403d-9b95-e7f0f3495378 150827f1a2e3445ea53ecf02b8781f4e ca26281cff6246df9058e95a39c84c28 - - default default] http://[LB_IP_ADDRESS]:8776/v3/ca26281cff6246df9058e95a39c84c28/volumes/3a7f2683-ecf8-457d-9413-d5d4ac87271d returned with HTTP 200
2023-02-22 22:35:53.757 19 INFO cinder.api.openstack.wsgi [None req-372bd9e9-2cb0-4d35-85bf-c78633d73882 787d7c1aa0834233b9f3cff01773252f 2ab78e6293664d4d8fa9975e251bf483 - - default default] GET http://[LB_IP_ADDRESS]:8776/v3/2ab78e6293664d4d8fa9975e251bf483/os-quota-sets/ca26281cff6246df9058e95a39c84c28?usage=True
2023-02-22 22:35:53.918 19 INFO cinder.api.openstack.wsgi [None req-372bd9e9-2cb0-4d35-85bf-c78633d73882 787d7c1aa0834233b9f3cff01773252f 2ab78e6293664d4d8fa9975e251bf483 - - default default] http://[LB_IP_ADDRESS]:8776/v3/2ab78e6293664d4d8fa9975e251bf483/os-quota-sets/ca26281cff6246df9058e95a39c84c28?usage=True returned with HTTP 200
2023-02-22 22:35:53.937 22 INFO cinder.api.openstack.wsgi [None req-d6403535-38ff-48b6-aa3b-80b190406714 150827f1a2e3445ea53ecf02b8781f4e ca26281cff6246df9058e95a39c84c28 - - default default] DELETE http://[LB_IP_ADDRESS]:8776/v3/ca26281cff6246df9058e95a39c84c28/volumes/3a7f2683-ecf8-457d-9413-d5d4ac87271d
2023-02-22 22:35:53.938 22 INFO cinder.api.v3.volumes [None req-d6403535-38ff-48b6-aa3b-80b190406714 150827f1a2e3445ea53ecf02b8781f4e ca26281cff6246df9058e95a39c84c28 - - default default] Delete volume with id: 3a7f2683-ecf8-457d-9413-d5d4ac87271d 
2023-02-22 22:35:53.955 22 INFO cinder.volume.api [None req-d6403535-38ff-48b6-aa3b-80b190406714 150827f1a2e3445ea53ecf02b8781f4e ca26281cff6246df9058e95a39c84c28 - - default default] Volume info retrieved successfully.
2023-02-22 22:35:53.989 22 INFO cinder.volume.api [None req-d6403535-38ff-48b6-aa3b-80b190406714 150827f1a2e3445ea53ecf02b8781f4e ca26281cff6246df9058e95a39c84c28 - - default default] Delete volume request issued successfully.
2023-02-22 22:35:53.990 22 INFO cinder.api.openstack.wsgi [None req-d6403535-38ff-48b6-aa3b-80b190406714 150827f1a2e3445ea53ecf02b8781f4e ca26281cff6246df9058e95a39c84c28 - - default default] http://[LB_IP_ADDRESS]:8776/v3/ca26281cff6246df9058e95a39c84c28/volumes/3a7f2683-ecf8-457d-9413-d5d4ac87271d returned with HTTP 202
2023-02-22 22:35:54.004 23 INFO cinder.api.openstack.wsgi [None req-4230389e-fbbc-4e96-b745-3da95da8d479 150827f1a2e3445ea53ecf02b8781f4e ca26281cff6246df9058e95a39c84c28 - - default default] GET http://[LB_IP_ADDRESS]:8776/v3/ca26281cff6246df9058e95a39c84c28/volumes/3a7f2683-ecf8-457d-9413-d5d4ac87271d
2023-02-22 22:35:54.029 23 INFO cinder.volume.api [None req-4230389e-fbbc-4e96-b745-3da95da8d479 150827f1a2e3445ea53ecf02b8781f4e ca26281cff6246df9058e95a39c84c28 - - default default] Volume info retrieved successfully.
2023-02-22 22:35:54.037 23 INFO cinder.api.openstack.wsgi [None req-4230389e-fbbc-4e96-b745-3da95da8d479 150827f1a2e3445ea53ecf02b8781f4e ca26281cff6246df9058e95a39c84c28 - - default default] http://[LB_IP_ADDRESS]:8776/v3/ca26281cff6246df9058e95a39c84c28/volumes/3a7f2683-ecf8-457d-9413-d5d4ac87271d returned with HTTP 200
2023-02-22 22:35:54.050 20 INFO cinder.api.openstack.wsgi [None req-316a8883-f061-43ef-b045-b5009dd1eb9d 74d47945d1614f7391e5d36bce366fcf 9079f2fc285a42be83b788547f92776a - - default default] GET http://[LB_IP_ADDRESS]:8776/v3/9079f2fc285a42be83b788547f92776a/volumes/024b9db6-425b-42f4-9ced-e7aea944d3b8
2023-02-22 22:35:54.080 20 INFO cinder.volume.api [None req-316a8883-f061-43ef-b045-b5009dd1eb9d 74d47945d1614f7391e5d36bce366fcf 9079f2fc285a42be83b788547f92776a - - default default] Volume info retrieved successfully.
2023-02-22 22:35:54.088 20 INFO cinder.api.openstack.wsgi [None req-316a8883-f061-43ef-b045-b5009dd1eb9d 74d47945d1614f7391e5d36bce366fcf 9079f2fc285a42be83b788547f92776a - - default default] http://[LB_IP_ADDRESS]:8776/v3/9079f2fc285a42be83b788547f92776a/volumes/024b9db6-425b-42f4-9ced-e7aea944d3b8 returned with HTTP 200
2023-02-22 22:35:54.540 21 INFO cinder.api.openstack.wsgi [None req-ff60bb37-4a57-4f98-8588-d90b5939b88f 3412466c92f64fed8187632ddcaf3b4f c2955e19f9bf4d3a9871c728cdcc58ab - - default default] GET http://[LB_IP_ADDRESS]:8776/v3/c2955e19f9bf4d3a9871c728cdcc58ab/group_snapshots/404a84d7-4c97-4bb8-b56c-73a8e1732861
2023-02-22 22:35:54.554 21 INFO cinder.api.openstack.wsgi [None req-ff60bb37-4a57-4f98-8588-d90b5939b88f 3412466c92f64fed8187632ddcaf3b4f c2955e19f9bf4d3a9871c728cdcc58ab - - default default] http://[LB_IP_ADDRESS]:8776/v3/c2955e19f9bf4d3a9871c728cdcc58ab/group_snapshots/404a84d7-4c97-4bb8-b56c-73a8e1732861 returned with HTTP 200
2023-02-22 22:35:55.060 19 INFO cinder.api.openstack.wsgi [None req-571b33d3-50a5-46fe-8917-30773895ecad 150827f1a2e3445ea53ecf02b8781f4e ca26281cff6246df9058e95a39c84c28 - - default default] GET http://[LB_IP_ADDRESS]:8776/v3/ca26281cff6246df9058e95a39c84c28/volumes/3a7f2683-ecf8-457d-9413-d5d4ac87271d
2023-02-22 22:35:55.075 19 INFO cinder.api.openstack.wsgi [None req-571b33d3-50a5-46fe-8917-30773895ecad 150827f1a2e3445ea53ecf02b8781f4e ca26281cff6246df9058e95a39c84c28 - - default default] http://[LB_IP_ADDRESS]:8776/v3/ca26281cff6246df9058e95a39c84c28/volumes/3a7f2683-ecf8-457d-9413-d5d4ac87271d returned with HTTP 404
2023-02-22 22:35:55.089 22 INFO cinder.api.openstack.wsgi [None req-047dba1d-eac4-4000-a97f-e9b3579f2f15 150827f1a2e3445ea53ecf02b8781f4e ca26281cff6246df9058e95a39c84c28 - - default default] POST http://[LB_IP_ADDRESS]:8776/v3/ca26281cff6246df9058e95a39c84c28/volumes
2023-02-22 22:35:55.094 22 INFO cinder.api.v3.volumes [None req-047dba1d-eac4-4000-a97f-e9b3579f2f15 150827f1a2e3445ea53ecf02b8781f4e ca26281cff6246df9058e95a39c84c28 - - default default] Create volume of 1 GB
2023-02-22 22:35:55.104 22 INFO cinder.volume.api [None req-047dba1d-eac4-4000-a97f-e9b3579f2f15 150827f1a2e3445ea53ecf02b8781f4e ca26281cff6246df9058e95a39c84c28 - - default default] Availability Zones retrieved successfully.
2023-02-22 22:35:55.110 23 INFO cinder.api.openstack.wsgi [None req-f9529396-3987-4866-9447-dd88df9b6a1f 74d47945d1614f7391e5d36bce366fcf 9079f2fc285a42be83b788547f92776a - - default default] GET http://[LB_IP_ADDRESS]:8776/v3/9079f2fc285a42be83b788547f92776a/volumes/024b9db6-425b-42f4-9ced-e7aea944d3b8
2023-02-22 22:35:55.138 23 INFO cinder.volume.api [None req-f9529396-3987-4866-9447-dd88df9b6a1f 74d47945d1614f7391e5d36bce366fcf 9079f2fc285a42be83b788547f92776a - - default default] Volume info retrieved successfully.
2023-02-22 22:35:55.146 23 INFO cinder.api.openstack.wsgi [None req-f9529396-3987-4866-9447-dd88df9b6a1f 74d47945d1614f7391e5d36bce366fcf 9079f2fc285a42be83b788547f92776a - - default default] http://[LB_IP_ADDRESS]:8776/v3/9079f2fc285a42be83b788547f92776a/volumes/024b9db6-425b-42f4-9ced-e7aea944d3b8 returned with HTTP 200
2023-02-22 22:35:55.358 22 INFO cinder.volume.api [None req-047dba1d-eac4-4000-a97f-e9b3579f2f15 150827f1a2e3445ea53ecf02b8781f4e ca26281cff6246df9058e95a39c84c28 - - default default] Create volume request issued successfully.
2023-02-22 22:35:55.361 22 INFO cinder.api.openstack.wsgi [None req-047dba1d-eac4-4000-a97f-e9b3579f2f15 150827f1a2e3445ea53ecf02b8781f4e ca26281cff6246df9058e95a39c84c28 - - default default] http://[LB_IP_ADDRESS]:8776/v3/ca26281cff6246df9058e95a39c84c28/volumes returned with HTTP 202
2023-02-22 22:35:55.382 20 INFO cinder.api.openstack.wsgi [None req-48ceb1f1-a307-4177-9900-db34d85e669f 150827f1a2e3445ea53ecf02b8781f4e ca26281cff6246df9058e95a39c84c28 - - default default] GET http://[LB_IP_ADDRESS]:8776/v3/ca26281cff6246df9058e95a39c84c28/volumes/e5858202-c757-4aa6-a36f-2a581d765fda
2023-02-22 22:35:55.407 20 INFO cinder.volume.api [None req-48ceb1f1-a307-4177-9900-db34d85e669f 150827f1a2e3445ea53ecf02b8781f4e ca26281cff6246df9058e95a39c84c28 - - default default] Volume info retrieved successfully.
2023-02-22 22:35:55.414 20 INFO cinder.api.openstack.wsgi [None req-48ceb1f1-a307-4177-9900-db34d85e669f 150827f1a2e3445ea53ecf02b8781f4e ca26281cff6246df9058e95a39c84c28 - - default default] http://[LB_IP_ADDRESS]:8776/v3/ca26281cff6246df9058e95a39c84c28/volumes/e5858202-c757-4aa6-a36f-2a581d765fda returned with HTTP 200
2023-02-22 22:35:55.571 21 INFO cinder.api.openstack.wsgi [None req-c592f583-108a-4f3d-ad72-5ddcb52e7a30 3412466c92f64fed8187632ddcaf3b4f c2955e19f9bf4d3a9871c728cdcc58ab - - default default] GET http://[LB_IP_ADDRESS]:8776/v3/c2955e19f9bf4d3a9871c728cdcc58ab/group_snapshots/404a84d7-4c97-4bb8-b56c-73a8e1732861
2023-02-22 22:35:55.584 21 INFO cinder.api.openstack.wsgi [None req-c592f583-108a-4f3d-ad72-5ddcb52e7a30 3412466c92f64fed8187632ddcaf3b4f c2955e19f9bf4d3a9871c728cdcc58ab - - default default] http://[LB_IP_ADDRESS]:8776/v3/c2955e19f9bf4d3a9871c728cdcc58ab/group_snapshots/404a84d7-4c97-4bb8-b56c-73a8e1732861 returned with HTTP 200
2023-02-22 22:35:56.168 19 INFO cinder.api.openstack.wsgi [None req-133bc8b6-2497-462a-9b79-9934e3a77893 74d47945d1614f7391e5d36bce366fcf 9079f2fc285a42be83b788547f92776a - - default default] GET http://[LB_IP_ADDRESS]:8776/v3/9079f2fc285a42be83b788547f92776a/volumes/024b9db6-425b-42f4-9ced-e7aea944d3b8
2023-02-22 22:35:56.195 19 INFO cinder.volume.api [None req-133bc8b6-2497-462a-9b79-9934e3a77893 74d47945d1614f7391e5d36bce366fcf 9079f2fc285a42be83b788547f92776a - - default default] Volume info retrieved successfully.
2023-02-22 22:35:56.202 19 INFO cinder.api.openstack.wsgi [None req-133bc8b6-2497-462a-9b79-9934e3a77893 74d47945d1614f7391e5d36bce366fcf 9079f2fc285a42be83b788547f92776a - - default default] http://[LB_IP_ADDRESS]:8776/v3/9079f2fc285a42be83b788547f92776a/volumes/024b9db6-425b-42f4-9ced-e7aea944d3b8 returned with HTTP 200
2023-02-22 22:35:56.436 23 INFO cinder.api.openstack.wsgi [None req-edcb9917-b33f-40b9-aa7e-4b49534a8ced 150827f1a2e3445ea53ecf02b8781f4e ca26281cff6246df9058e95a39c84c28 - - default default] GET http://[LB_IP_ADDRESS]:8776/v3/ca26281cff6246df9058e95a39c84c28/volumes/e5858202-c757-4aa6-a36f-2a581d765fda
2023-02-22 22:35:56.458 23 INFO cinder.volume.api [None req-edcb9917-b33f-40b9-aa7e-4b49534a8ced 150827f1a2e3445ea53ecf02b8781f4e ca26281cff6246df9058e95a39c84c28 - - default default] Volume info retrieved successfully.
2023-02-22 22:35:56.465 23 INFO cinder.api.openstack.wsgi [None req-edcb9917-b33f-40b9-aa7e-4b49534a8ced 150827f1a2e3445ea53ecf02b8781f4e ca26281cff6246df9058e95a39c84c28 - - default default] http://[LB_IP_ADDRESS]:8776/v3/ca26281cff6246df9058e95a39c84c28/volumes/e5858202-c757-4aa6-a36f-2a581d765fda returned with HTTP 200
2023-02-22 22:35:56.601 22 INFO cinder.api.openstack.wsgi [None req-d64184e4-2cc9-46fb-8554-ec518ca6baf5 3412466c92f64fed8187632ddcaf3b4f c2955e19f9bf4d3a9871c728cdcc58ab - - default default] GET http://[LB_IP_ADDRESS]:8776/v3/c2955e19f9bf4d3a9871c728cdcc58ab/group_snapshots/404a84d7-4c97-4bb8-b56c-73a8e1732861
2023-02-22 22:35:56.614 22 INFO cinder.api.openstack.wsgi [None req-d64184e4-2cc9-46fb-8554-ec518ca6baf5 3412466c92f64fed8187632ddcaf3b4f c2955e19f9bf4d3a9871c728cdcc58ab - - default default] http://[LB_IP_ADDRESS]:8776/v3/c2955e19f9bf4d3a9871c728cdcc58ab/group_snapshots/404a84d7-4c97-4bb8-b56c-73a8e1732861 returned with HTTP 200
2023-02-22 22:35:56.629 20 INFO cinder.api.openstack.wsgi [None req-5561d4dc-2bc7-4aa7-bfc4-c024b92a0d50 3412466c92f64fed8187632ddcaf3b4f c2955e19f9bf4d3a9871c728cdcc58ab - - default default] GET http://[LB_IP_ADDRESS]:8776/v3/c2955e19f9bf4d3a9871c728cdcc58ab/snapshots/detail
2023-02-22 22:35:56.657 20 INFO cinder.volume.api [None req-5561d4dc-2bc7-4aa7-bfc4-c024b92a0d50 3412466c92f64fed8187632ddcaf3b4f c2955e19f9bf4d3a9871c728cdcc58ab - - default default] Get all snapshots completed successfully.
2023-02-22 22:35:56.660 20 INFO cinder.api.openstack.wsgi [None req-5561d4dc-2bc7-4aa7-bfc4-c024b92a0d50 3412466c92f64fed8187632ddcaf3b4f c2955e19f9bf4d3a9871c728cdcc58ab - - default default] http://[LB_IP_ADDRESS]:8776/v3/c2955e19f9bf4d3a9871c728cdcc58ab/snapshots/detail returned with HTTP 200
2023-02-22 22:35:56.677 21 INFO cinder.api.openstack.wsgi [None req-b558b355-c9c2-4108-8f44-5d89ec7b6caa 3412466c92f64fed8187632ddcaf3b4f c2955e19f9bf4d3a9871c728cdcc58ab - - default default] GET http://[LB_IP_ADDRESS]:8776/v3/c2955e19f9bf4d3a9871c728cdcc58ab/snapshots/859728b9-2f09-4382-aeae-b6fd5fb2eef7
2023-02-22 22:35:56.691 21 INFO cinder.volume.api [None req-b558b355-c9c2-4108-8f44-5d89ec7b6caa 3412466c92f64fed8187632ddcaf3b4f c2955e19f9bf4d3a9871c728cdcc58ab - - default default] Snapshot retrieved successfully.
2023-02-22 22:35:56.692 21 INFO cinder.api.openstack.wsgi [None req-b558b355-c9c2-4108-8f44-5d89ec7b6caa 3412466c92f64fed8187632ddcaf3b4f c2955e19f9bf4d3a9871c728cdcc58ab - - default default] http://[LB_IP_ADDRESS]:8776/v3/c2955e19f9bf4d3a9871c728cdcc58ab/snapshots/859728b9-2f09-4382-aeae-b6fd5fb2eef7 returned with HTTP 200
2023-02-22 22:35:56.708 19 INFO cinder.api.openstack.wsgi [None req-1bdff139-d790-4d13-be31-59f28d2ac2a6 3412466c92f64fed8187632ddcaf3b4f c2955e19f9bf4d3a9871c728cdcc58ab - - default default] GET http://[LB_IP_ADDRESS]:8776/v3/c2955e19f9bf4d3a9871c728cdcc58ab/snapshots/3d16e95c-a7d3-4d77-8e24-bb200bb0d614
2023-02-22 22:35:56.720 19 INFO cinder.volume.api [None req-1bdff139-d790-4d13-be31-59f28d2ac2a6 3412466c92f64fed8187632ddcaf3b4f c2955e19f9bf4d3a9871c728cdcc58ab - - default default] Snapshot retrieved successfully.
2023-02-22 22:35:56.721 19 INFO cinder.api.openstack.wsgi [None req-1bdff139-d790-4d13-be31-59f28d2ac2a6 3412466c92f64fed8187632ddcaf3b4f c2955e19f9bf4d3a9871c728cdcc58ab - - default default] http://[LB_IP_ADDRESS]:8776/v3/c2955e19f9bf4d3a9871c728cdcc58ab/snapshots/3d16e95c-a7d3-4d77-8e24-bb200bb0d614 returned with HTTP 200
2023-02-22 22:35:56.737 23 INFO cinder.api.openstack.wsgi [None req-d9decdc3-9067-4ef5-8dc0-a7e614fecb94 3412466c92f64fed8187632ddcaf3b4f c2955e19f9bf4d3a9871c728cdcc58ab - - default default] DELETE http://[LB_IP_ADDRESS]:8776/v3/c2955e19f9bf4d3a9871c728cdcc58ab/group_snapshots/404a84d7-4c97-4bb8-b56c-73a8e1732861
2023-02-22 22:35:56.738 23 INFO cinder.api.v3.group_snapshots [None req-d9decdc3-9067-4ef5-8dc0-a7e614fecb94 3412466c92f64fed8187632ddcaf3b4f c2955e19f9bf4d3a9871c728cdcc58ab - - default default] Delete group_snapshot with id: 404a84d7-4c97-4bb8-b56c-73a8e1732861
2023-02-22 22:35:56.797 23 INFO cinder.api.openstack.wsgi [None req-d9decdc3-9067-4ef5-8dc0-a7e614fecb94 3412466c92f64fed8187632ddcaf3b4f c2955e19f9bf4d3a9871c728cdcc58ab - - default default] http://[LB_IP_ADDRESS]:8776/v3/c2955e19f9bf4d3a9871c728cdcc58ab/group_snapshots/404a84d7-4c97-4bb8-b56c-73a8e1732861 returned with HTTP 202
2023-02-22 22:35:56.809 22 INFO cinder.api.openstack.wsgi [None req-55f86d89-3fb2-485a-9b6d-06e0e16e00db 3412466c92f64fed8187632ddcaf3b4f c2955e19f9bf4d3a9871c728cdcc58ab - - default default] GET http://[LB_IP_ADDRESS]:8776/v3/c2955e19f9bf4d3a9871c728cdcc58ab/volumes/detail
2023-02-22 22:35:56.862 22 INFO cinder.volume.api [None req-55f86d89-3fb2-485a-9b6d-06e0e16e00db 3412466c92f64fed8187632ddcaf3b4f c2955e19f9bf4d3a9871c728cdcc58ab - - default default] Get all volumes completed successfully.
2023-02-22 22:35:56.863 22 WARNING oslo_messaging.rpc.client [None req-55f86d89-3fb2-485a-9b6d-06e0e16e00db 3412466c92f64fed8187632ddcaf3b4f c2955e19f9bf4d3a9871c728cdcc58ab - - default default] Using RPCClient manually to instantiate client. Please use get_rpc_client to obtain an RPC client instance.
2023-02-22 22:35:56.864 22 WARNING oslo_messaging.rpc.client [None req-55f86d89-3fb2-485a-9b6d-06e0e16e00db 3412466c92f64fed8187632ddcaf3b4f c2955e19f9bf4d3a9871c728cdcc58ab - - default default] Using RPCClient manually to instantiate client. Please use get_rpc_client to obtain an RPC client instance.
2023-02-22 22:35:56.864 22 WARNING oslo_messaging.rpc.client [None req-55f86d89-3fb2-485a-9b6d-06e0e16e00db 3412466c92f64fed8187632ddcaf3b4f c2955e19f9bf4d3a9871c728cdcc58ab - - default default] Using RPCClient manually to instantiate client. Please use get_rpc_client to obtain an RPC client instance.
2023-02-22 22:35:56.865 22 WARNING oslo_messaging.rpc.client [None req-55f86d89-3fb2-485a-9b6d-06e0e16e00db 3412466c92f64fed8187632ddcaf3b4f c2955e19f9bf4d3a9871c728cdcc58ab - - default default] Using RPCClient manually to instantiate client. Please use get_rpc_client to obtain an RPC client instance.
2023-02-22 22:35:56.887 22 WARNING oslo_messaging.rpc.client [None req-55f86d89-3fb2-485a-9b6d-06e0e16e00db 3412466c92f64fed8187632ddcaf3b4f c2955e19f9bf4d3a9871c728cdcc58ab - - default default] Using RPCClient manually to instantiate client. Please use get_rpc_client to obtain an RPC client instance.
2023-02-22 22:35:56.888 22 WARNING oslo_messaging.rpc.client [None req-55f86d89-3fb2-485a-9b6d-06e0e16e00db 3412466c92f64fed8187632ddcaf3b4f c2955e19f9bf4d3a9871c728cdcc58ab - - default default] Using RPCClient manually to instantiate client. Please use get_rpc_client to obtain an RPC client instance.
2023-02-22 22:35:56.888 22 WARNING oslo_messaging.rpc.client [None req-55f86d89-3fb2-485a-9b6d-06e0e16e00db 3412466c92f64fed8187632ddcaf3b4f c2955e19f9bf4d3a9871c728cdcc58ab - - default default] Using RPCClient manually to instantiate client. Please use get_rpc_client to obtain an RPC client instance.
2023-02-22 22:35:56.889 22 WARNING oslo_messaging.rpc.client [None req-55f86d89-3fb2-485a-9b6d-06e0e16e00db 3412466c92f64fed8187632ddcaf3b4f c2955e19f9bf4d3a9871c728cdcc58ab - - default default] Using RPCClient manually to instantiate client. Please use get_rpc_client to obtain an RPC client instance.
2023-02-22 22:35:56.913 22 INFO cinder.api.openstack.wsgi [None req-55f86d89-3fb2-485a-9b6d-06e0e16e00db 3412466c92f64fed8187632ddcaf3b4f c2955e19f9bf4d3a9871c728cdcc58ab - - default default] http://[LB_IP_ADDRESS]:8776/v3/c2955e19f9bf4d3a9871c728cdcc58ab/volumes/detail returned with HTTP 200
2023-02-22 22:35:56.937 20 INFO cinder.api.openstack.wsgi [None req-0d06e607-036f-4859-9ea9-c1242e9ae57f 3412466c92f64fed8187632ddcaf3b4f c2955e19f9bf4d3a9871c728cdcc58ab - - default default] GET http://[LB_IP_ADDRESS]:8776/v3/c2955e19f9bf4d3a9871c728cdcc58ab/snapshots/detail
2023-02-22 22:35:56.959 20 INFO cinder.volume.api [None req-0d06e607-036f-4859-9ea9-c1242e9ae57f 3412466c92f64fed8187632ddcaf3b4f c2955e19f9bf4d3a9871c728cdcc58ab - - default default] Get all snapshots completed successfully.
2023-02-22 22:35:56.962 20 INFO cinder.api.openstack.wsgi [None req-0d06e607-036f-4859-9ea9-c1242e9ae57f 3412466c92f64fed8187632ddcaf3b4f c2955e19f9bf4d3a9871c728cdcc58ab - - default default] http://[LB_IP_ADDRESS]:8776/v3/c2955e19f9bf4d3a9871c728cdcc58ab/snapshots/detail returned with HTTP 200
2023-02-22 22:35:56.978 21 INFO cinder.api.openstack.wsgi [None req-a375a2f7-a898-4494-b998-a2cc5aa3d033 3412466c92f64fed8187632ddcaf3b4f c2955e19f9bf4d3a9871c728cdcc58ab - - default default] GET http://[LB_IP_ADDRESS]:8776/v3/c2955e19f9bf4d3a9871c728cdcc58ab/snapshots/3d16e95c-a7d3-4d77-8e24-bb200bb0d614
2023-02-22 22:35:56.992 21 INFO cinder.volume.api [None req-a375a2f7-a898-4494-b998-a2cc5aa3d033 3412466c92f64fed8187632ddcaf3b4f c2955e19f9bf4d3a9871c728cdcc58ab - - default default] Snapshot retrieved successfully.
2023-02-22 22:35:56.993 21 INFO cinder.api.openstack.wsgi [None req-a375a2f7-a898-4494-b998-a2cc5aa3d033 3412466c92f64fed8187632ddcaf3b4f c2955e19f9bf4d3a9871c728cdcc58ab - - default default] http://[LB_IP_ADDRESS]:8776/v3/c2955e19f9bf4d3a9871c728cdcc58ab/snapshots/3d16e95c-a7d3-4d77-8e24-bb200bb0d614 returned with HTTP 200
2023-02-22 22:35:57.224 19 INFO cinder.api.openstack.wsgi [None req-6b86f2dc-75a1-477f-a6c9-9441b9778ecd 74d47945d1614f7391e5d36bce366fcf 9079f2fc285a42be83b788547f92776a - - default default] GET http://[LB_IP_ADDRESS]:8776/v3/9079f2fc285a42be83b788547f92776a/volumes/024b9db6-425b-42f4-9ced-e7aea944d3b8
2023-02-22 22:35:57.251 19 INFO cinder.volume.api [None req-6b86f2dc-75a1-477f-a6c9-9441b9778ecd 74d47945d1614f7391e5d36bce366fcf 9079f2fc285a42be83b788547f92776a - - default default] Volume info retrieved successfully.
2023-02-22 22:35:57.258 19 INFO cinder.api.openstack.wsgi [None req-6b86f2dc-75a1-477f-a6c9-9441b9778ecd 74d47945d1614f7391e5d36bce366fcf 9079f2fc285a42be83b788547f92776a - - default default] http://[LB_IP_ADDRESS]:8776/v3/9079f2fc285a42be83b788547f92776a/volumes/024b9db6-425b-42f4-9ced-e7aea944d3b8 returned with HTTP 200
2023-02-22 22:35:57.488 23 INFO cinder.api.openstack.wsgi [None req-3a4c283e-8cb9-4953-a79b-42761fae4ea1 150827f1a2e3445ea53ecf02b8781f4e ca26281cff6246df9058e95a39c84c28 - - default default] GET http://[LB_IP_ADDRESS]:8776/v3/ca26281cff6246df9058e95a39c84c28/volumes/e5858202-c757-4aa6-a36f-2a581d765fda
2023-02-22 22:35:57.510 23 INFO cinder.volume.api [None req-3a4c283e-8cb9-4953-a79b-42761fae4ea1 150827f1a2e3445ea53ecf02b8781f4e ca26281cff6246df9058e95a39c84c28 - - default default] Volume info retrieved successfully.
2023-02-22 22:35:57.521 23 INFO cinder.api.openstack.wsgi [None req-3a4c283e-8cb9-4953-a79b-42761fae4ea1 150827f1a2e3445ea53ecf02b8781f4e ca26281cff6246df9058e95a39c84c28 - - default default] http://[LB_IP_ADDRESS]:8776/v3/ca26281cff6246df9058e95a39c84c28/volumes/e5858202-c757-4aa6-a36f-2a581d765fda returned with HTTP 200
2023-02-22 22:35:57.544 22 INFO cinder.api.openstack.wsgi [None req-e7d7fece-bbde-416f-978b-2018e5d986e5 787d7c1aa0834233b9f3cff01773252f 2ab78e6293664d4d8fa9975e251bf483 - - default default] GET http://[LB_IP_ADDRESS]:8776/v3/2ab78e6293664d4d8fa9975e251bf483/os-quota-sets/ca26281cff6246df9058e95a39c84c28?usage=True
2023-02-22 22:35:57.703 22 INFO cinder.api.openstack.wsgi [None req-e7d7fece-bbde-416f-978b-2018e5d986e5 787d7c1aa0834233b9f3cff01773252f 2ab78e6293664d4d8fa9975e251bf483 - - default default] http://[LB_IP_ADDRESS]:8776/v3/2ab78e6293664d4d8fa9975e251bf483/os-quota-sets/ca26281cff6246df9058e95a39c84c28?usage=True returned with HTTP 200
2023-02-22 22:35:57.727 20 INFO cinder.api.openstack.wsgi [None req-6c159b15-75e3-4ca2-a818-963dc1a6f60f 787d7c1aa0834233b9f3cff01773252f 2ab78e6293664d4d8fa9975e251bf483 - - default default] GET http://[LB_IP_ADDRESS]:8776/v3/2ab78e6293664d4d8fa9975e251bf483/os-quota-sets/bfedaba69af745fc8d897c806ad010ed?usage=True
2023-02-22 22:35:57.895 20 INFO cinder.api.openstack.wsgi [None req-6c159b15-75e3-4ca2-a818-963dc1a6f60f 787d7c1aa0834233b9f3cff01773252f 2ab78e6293664d4d8fa9975e251bf483 - - default default] http://[LB_IP_ADDRESS]:8776/v3/2ab78e6293664d4d8fa9975e251bf483/os-quota-sets/bfedaba69af745fc8d897c806ad010ed?usage=True returned with HTTP 200
2023-02-22 22:35:57.918 21 INFO cinder.api.openstack.wsgi [None req-f6d2710f-3e75-45a0-b891-7e1982c42691 150827f1a2e3445ea53ecf02b8781f4e ca26281cff6246df9058e95a39c84c28 - - default default] POST http://[LB_IP_ADDRESS]:8776/v3/ca26281cff6246df9058e95a39c84c28/os-volume-transfer
2023-02-22 22:35:57.921 21 INFO cinder.api.contrib.volume_transfer [None req-f6d2710f-3e75-45a0-b891-7e1982c42691 150827f1a2e3445ea53ecf02b8781f4e ca26281cff6246df9058e95a39c84c28 - - default default] Creating transfer of volume e5858202-c757-4aa6-a36f-2a581d765fda
2023-02-22 22:35:57.921 21 INFO cinder.transfer.api [None req-f6d2710f-3e75-45a0-b891-7e1982c42691 150827f1a2e3445ea53ecf02b8781f4e ca26281cff6246df9058e95a39c84c28 - - default default] Generating transfer record for volume e5858202-c757-4aa6-a36f-2a581d765fda
2023-02-22 22:35:57.950 21 INFO cinder.api.openstack.wsgi [None req-f6d2710f-3e75-45a0-b891-7e1982c42691 150827f1a2e3445ea53ecf02b8781f4e ca26281cff6246df9058e95a39c84c28 - - default default] http://[LB_IP_ADDRESS]:8776/v3/ca26281cff6246df9058e95a39c84c28/os-volume-transfer returned with HTTP 202
2023-02-22 22:35:58.010 23 INFO cinder.api.openstack.wsgi [None req-3f02b1be-d1a0-4e27-be01-9a3693afec91 3412466c92f64fed8187632ddcaf3b4f c2955e19f9bf4d3a9871c728cdcc58ab - - default default] GET http://[LB_IP_ADDRESS]:8776/v3/c2955e19f9bf4d3a9871c728cdcc58ab/snapshots/3d16e95c-a7d3-4d77-8e24-bb200bb0d614
2023-02-22 22:35:58.020 23 INFO cinder.api.openstack.wsgi [None req-3f02b1be-d1a0-4e27-be01-9a3693afec91 3412466c92f64fed8187632ddcaf3b4f c2955e19f9bf4d3a9871c728cdcc58ab - - default default] http://[LB_IP_ADDRESS]:8776/v3/c2955e19f9bf4d3a9871c728cdcc58ab/snapshots/3d16e95c-a7d3-4d77-8e24-bb200bb0d614 returned with HTTP 404
2023-02-22 22:35:58.032 22 INFO cinder.api.openstack.wsgi [None req-4e5fbdd3-e9a9-4f28-9e7c-e840cb6279c8 3412466c92f64fed8187632ddcaf3b4f c2955e19f9bf4d3a9871c728cdcc58ab - - default default] GET http://[LB_IP_ADDRESS]:8776/v3/c2955e19f9bf4d3a9871c728cdcc58ab/snapshots/859728b9-2f09-4382-aeae-b6fd5fb2eef7
2023-02-22 22:35:58.042 22 INFO cinder.api.openstack.wsgi [None req-4e5fbdd3-e9a9-4f28-9e7c-e840cb6279c8 3412466c92f64fed8187632ddcaf3b4f c2955e19f9bf4d3a9871c728cdcc58ab - - default default] http://[LB_IP_ADDRESS]:8776/v3/c2955e19f9bf4d3a9871c728cdcc58ab/snapshots/859728b9-2f09-4382-aeae-b6fd5fb2eef7 returned with HTTP 404
2023-02-22 22:35:58.054 20 INFO cinder.api.openstack.wsgi [None req-2c212c1e-7cdd-4e01-823f-9453cbe5aebf 3412466c92f64fed8187632ddcaf3b4f c2955e19f9bf4d3a9871c728cdcc58ab - - default default] GET http://[LB_IP_ADDRESS]:8776/v3/c2955e19f9bf4d3a9871c728cdcc58ab/group_snapshots/404a84d7-4c97-4bb8-b56c-73a8e1732861
2023-02-22 22:35:58.060 20 INFO cinder.api.openstack.wsgi [None req-2c212c1e-7cdd-4e01-823f-9453cbe5aebf 3412466c92f64fed8187632ddcaf3b4f c2955e19f9bf4d3a9871c728cdcc58ab - - default default] http://[LB_IP_ADDRESS]:8776/v3/c2955e19f9bf4d3a9871c728cdcc58ab/group_snapshots/404a84d7-4c97-4bb8-b56c-73a8e1732861 returned with HTTP 404
