2024-04-30 12:11:54.695 19 INFO cinder.api.middleware.fault [None req-a8fc30c8-a6b7-4608-ae94-709d2c196675 65a040301a024b178c620fb59a75c27a 0bc95e6827db403484348536f778eb8c - - default default] http://[LB_IP_ADDRESS]:8776/v3/0bc95e6827db403484348536f778eb8c/volumes/764ce17d-1c75-4ac9-8d05-3a1eda59985e/action returned with HTTP 413
2024-04-30 12:11:54.709 20 INFO cinder.api.openstack.wsgi [None req-e5db33cd-0310-4213-9fb4-cf14f64e5490 65a040301a024b178c620fb59a75c27a 0bc95e6827db403484348536f778eb8c - - default default] GET http://[LB_IP_ADDRESS]:8776/v3/0bc95e6827db403484348536f778eb8c/volumes/764ce17d-1c75-4ac9-8d05-3a1eda59985e
2024-04-30 12:11:54.737 20 INFO cinder.volume.api [None req-e5db33cd-0310-4213-9fb4-cf14f64e5490 65a040301a024b178c620fb59a75c27a 0bc95e6827db403484348536f778eb8c - - default default] Volume info retrieved successfully.
2024-04-30 12:11:54.748 20 INFO cinder.api.openstack.wsgi [None req-e5db33cd-0310-4213-9fb4-cf14f64e5490 65a040301a024b178c620fb59a75c27a 0bc95e6827db403484348536f778eb8c - - default default] http://[LB_IP_ADDRESS]:8776/v3/0bc95e6827db403484348536f778eb8c/volumes/764ce17d-1c75-4ac9-8d05-3a1eda59985e returned with HTTP 200
2024-04-30 12:11:54.775 23 INFO cinder.api.openstack.wsgi [None req-a39a7ab8-4e98-48db-a0e5-bd30ae0744c9 65a040301a024b178c620fb59a75c27a 0bc95e6827db403484348536f778eb8c - - default default] DELETE http://[LB_IP_ADDRESS]:8776/v3/0bc95e6827db403484348536f778eb8c/volumes/764ce17d-1c75-4ac9-8d05-3a1eda59985e
2024-04-30 12:11:54.776 23 INFO cinder.api.v3.volumes [None req-a39a7ab8-4e98-48db-a0e5-bd30ae0744c9 65a040301a024b178c620fb59a75c27a 0bc95e6827db403484348536f778eb8c - - default default] Delete volume with id: 764ce17d-1c75-4ac9-8d05-3a1eda59985e 
2024-04-30 12:11:54.796 23 INFO cinder.volume.api [None req-a39a7ab8-4e98-48db-a0e5-bd30ae0744c9 65a040301a024b178c620fb59a75c27a 0bc95e6827db403484348536f778eb8c - - default default] Volume info retrieved successfully.
2024-04-30 12:11:54.835 23 INFO cinder.volume.api [None req-a39a7ab8-4e98-48db-a0e5-bd30ae0744c9 65a040301a024b178c620fb59a75c27a 0bc95e6827db403484348536f778eb8c - - default default] Delete volume request issued successfully.
2024-04-30 12:11:54.836 23 INFO cinder.api.openstack.wsgi [None req-a39a7ab8-4e98-48db-a0e5-bd30ae0744c9 65a040301a024b178c620fb59a75c27a 0bc95e6827db403484348536f778eb8c - - default default] http://[LB_IP_ADDRESS]:8776/v3/0bc95e6827db403484348536f778eb8c/volumes/764ce17d-1c75-4ac9-8d05-3a1eda59985e returned with HTTP 202
2024-04-30 12:11:54.847 21 INFO cinder.api.openstack.wsgi [None req-0caea6d5-4d0f-4555-8cf0-701d24b4f8cf 65a040301a024b178c620fb59a75c27a 0bc95e6827db403484348536f778eb8c - - default default] GET http://[LB_IP_ADDRESS]:8776/v3/0bc95e6827db403484348536f778eb8c/volumes/764ce17d-1c75-4ac9-8d05-3a1eda59985e
2024-04-30 12:11:54.871 21 INFO cinder.volume.api [None req-0caea6d5-4d0f-4555-8cf0-701d24b4f8cf 65a040301a024b178c620fb59a75c27a 0bc95e6827db403484348536f778eb8c - - default default] Volume info retrieved successfully.
2024-04-30 12:11:54.879 21 INFO cinder.api.openstack.wsgi [None req-0caea6d5-4d0f-4555-8cf0-701d24b4f8cf 65a040301a024b178c620fb59a75c27a 0bc95e6827db403484348536f778eb8c - - default default] http://[LB_IP_ADDRESS]:8776/v3/0bc95e6827db403484348536f778eb8c/volumes/764ce17d-1c75-4ac9-8d05-3a1eda59985e returned with HTTP 200
2024-04-30 12:11:55.441 22 INFO cinder.api.openstack.wsgi [None req-ace32d28-8abc-42fb-a996-c772311a14e7 2fd2a838c9d841038e23c9eea0147d03 f8116de236804019afcdc6d5dae5543e - - default default] GET http://[LB_IP_ADDRESS]:8776/v3/f8116de236804019afcdc6d5dae5543e/volumes/bc036eae-0e88-47c5-9ea2-f22a3993b52a
2024-04-30 12:11:55.470 22 INFO cinder.volume.api [None req-ace32d28-8abc-42fb-a996-c772311a14e7 2fd2a838c9d841038e23c9eea0147d03 f8116de236804019afcdc6d5dae5543e - - default default] Volume info retrieved successfully.
2024-04-30 12:11:55.502 22 INFO cinder.api.openstack.wsgi [None req-ace32d28-8abc-42fb-a996-c772311a14e7 2fd2a838c9d841038e23c9eea0147d03 f8116de236804019afcdc6d5dae5543e - - default default] http://[LB_IP_ADDRESS]:8776/v3/f8116de236804019afcdc6d5dae5543e/volumes/bc036eae-0e88-47c5-9ea2-f22a3993b52a returned with HTTP 200
2024-04-30 12:11:55.531 20 INFO cinder.api.openstack.wsgi [None req-d4f6e715-db6a-4d4a-aba5-e7581cc1206e 2fd2a838c9d841038e23c9eea0147d03 f8116de236804019afcdc6d5dae5543e - - default default] POST http://[LB_IP_ADDRESS]:8776/v3/f8116de236804019afcdc6d5dae5543e/volumes
2024-04-30 12:11:55.550 20 INFO cinder.api.v3.volumes [None req-d4f6e715-db6a-4d4a-aba5-e7581cc1206e 2fd2a838c9d841038e23c9eea0147d03 f8116de236804019afcdc6d5dae5543e - - default default] Create volume of 1 GB
2024-04-30 12:11:55.562 20 INFO cinder.volume.api [None req-d4f6e715-db6a-4d4a-aba5-e7581cc1206e 2fd2a838c9d841038e23c9eea0147d03 f8116de236804019afcdc6d5dae5543e - - default default] Availability Zones retrieved successfully.
2024-04-30 12:11:55.693 19 INFO cinder.api.openstack.wsgi [None req-7ed226b6-f4d8-4470-917c-e7b9a67e8ffd 4709067f31314bfeada77b06b5b2f570 dfb9d5decc774eca8ff104cf2854b551 - - default default] POST http://[LB_IP_ADDRESS]:8776/v3/dfb9d5decc774eca8ff104cf2854b551/qos-specs
2024-04-30 12:11:55.716 19 INFO cinder.api.openstack.wsgi [None req-7ed226b6-f4d8-4470-917c-e7b9a67e8ffd 4709067f31314bfeada77b06b5b2f570 dfb9d5decc774eca8ff104cf2854b551 - - default default] http://[LB_IP_ADDRESS]:8776/v3/dfb9d5decc774eca8ff104cf2854b551/qos-specs returned with HTTP 200
2024-04-30 12:11:55.732 23 INFO cinder.api.openstack.wsgi [None req-48baa679-afb5-4fbe-9ac5-fe7952527945 4709067f31314bfeada77b06b5b2f570 dfb9d5decc774eca8ff104cf2854b551 - - default default] POST http://[LB_IP_ADDRESS]:8776/v3/dfb9d5decc774eca8ff104cf2854b551/types
2024-04-30 12:11:55.758 23 INFO cinder.api.openstack.wsgi [None req-48baa679-afb5-4fbe-9ac5-fe7952527945 4709067f31314bfeada77b06b5b2f570 dfb9d5decc774eca8ff104cf2854b551 - - default default] http://[LB_IP_ADDRESS]:8776/v3/dfb9d5decc774eca8ff104cf2854b551/types returned with HTTP 200
2024-04-30 12:11:55.768 20 INFO cinder.volume.api [None req-d4f6e715-db6a-4d4a-aba5-e7581cc1206e 2fd2a838c9d841038e23c9eea0147d03 f8116de236804019afcdc6d5dae5543e - - default default] Create volume request issued successfully.
2024-04-30 12:11:55.773 21 INFO cinder.api.openstack.wsgi [None req-061fefc0-b58f-401c-b9a9-ee6c039b9a96 4709067f31314bfeada77b06b5b2f570 dfb9d5decc774eca8ff104cf2854b551 - - default default] POST http://[LB_IP_ADDRESS]:8776/v3/dfb9d5decc774eca8ff104cf2854b551/types
2024-04-30 12:11:55.788 20 INFO cinder.api.openstack.wsgi [None req-d4f6e715-db6a-4d4a-aba5-e7581cc1206e 2fd2a838c9d841038e23c9eea0147d03 f8116de236804019afcdc6d5dae5543e - - default default] http://[LB_IP_ADDRESS]:8776/v3/f8116de236804019afcdc6d5dae5543e/volumes returned with HTTP 202
2024-04-30 12:11:55.802 21 INFO cinder.api.openstack.wsgi [None req-061fefc0-b58f-401c-b9a9-ee6c039b9a96 4709067f31314bfeada77b06b5b2f570 dfb9d5decc774eca8ff104cf2854b551 - - default default] http://[LB_IP_ADDRESS]:8776/v3/dfb9d5decc774eca8ff104cf2854b551/types returned with HTTP 200
2024-04-30 12:11:55.813 22 INFO cinder.api.openstack.wsgi [None req-7600fa56-63bc-4f86-888f-2022c2471d9a 2fd2a838c9d841038e23c9eea0147d03 f8116de236804019afcdc6d5dae5543e - - default default] GET http://[LB_IP_ADDRESS]:8776/v3/f8116de236804019afcdc6d5dae5543e/volumes/b0e18708-14b8-4fe4-bcfd-3b95e98132ba
2024-04-30 12:11:55.816 19 INFO cinder.api.openstack.wsgi [None req-8db1d768-84de-47a0-8059-71897319bdb3 4709067f31314bfeada77b06b5b2f570 dfb9d5decc774eca8ff104cf2854b551 - - default default] POST http://[LB_IP_ADDRESS]:8776/v3/dfb9d5decc774eca8ff104cf2854b551/types
2024-04-30 12:11:55.841 22 INFO cinder.volume.api [None req-7600fa56-63bc-4f86-888f-2022c2471d9a 2fd2a838c9d841038e23c9eea0147d03 f8116de236804019afcdc6d5dae5543e - - default default] Volume info retrieved successfully.
2024-04-30 12:11:55.845 19 INFO cinder.api.openstack.wsgi [None req-8db1d768-84de-47a0-8059-71897319bdb3 4709067f31314bfeada77b06b5b2f570 dfb9d5decc774eca8ff104cf2854b551 - - default default] http://[LB_IP_ADDRESS]:8776/v3/dfb9d5decc774eca8ff104cf2854b551/types returned with HTTP 200
2024-04-30 12:11:55.863 23 INFO cinder.api.openstack.wsgi [None req-9f8fecf7-d673-4247-b314-2c7b24acece3 4709067f31314bfeada77b06b5b2f570 dfb9d5decc774eca8ff104cf2854b551 - - default default] GET http://[LB_IP_ADDRESS]:8776/v3/dfb9d5decc774eca8ff104cf2854b551/qos-specs/f9c56863-208a-40ce-961c-2da760a4293c/associate?vol_type_id=5350bcb1-7f2d-41da-8328-d9ead9d4b840
2024-04-30 12:11:55.875 22 INFO cinder.api.openstack.wsgi [None req-7600fa56-63bc-4f86-888f-2022c2471d9a 2fd2a838c9d841038e23c9eea0147d03 f8116de236804019afcdc6d5dae5543e - - default default] http://[LB_IP_ADDRESS]:8776/v3/f8116de236804019afcdc6d5dae5543e/volumes/b0e18708-14b8-4fe4-bcfd-3b95e98132ba returned with HTTP 200
2024-04-30 12:11:55.900 23 INFO cinder.api.openstack.wsgi [None req-9f8fecf7-d673-4247-b314-2c7b24acece3 4709067f31314bfeada77b06b5b2f570 dfb9d5decc774eca8ff104cf2854b551 - - default default] http://[LB_IP_ADDRESS]:8776/v3/dfb9d5decc774eca8ff104cf2854b551/qos-specs/f9c56863-208a-40ce-961c-2da760a4293c/associate?vol_type_id=5350bcb1-7f2d-41da-8328-d9ead9d4b840 returned with HTTP 202
2024-04-30 12:11:55.908 20 INFO cinder.api.openstack.wsgi [None req-0605487c-3766-4c4a-95c2-69c9417ef8a4 65a040301a024b178c620fb59a75c27a 0bc95e6827db403484348536f778eb8c - - default default] GET http://[LB_IP_ADDRESS]:8776/v3/0bc95e6827db403484348536f778eb8c/volumes/764ce17d-1c75-4ac9-8d05-3a1eda59985e
2024-04-30 12:11:55.914 21 INFO cinder.api.openstack.wsgi [None req-2b11f0d7-ecec-449c-819d-074a3662e02d 4709067f31314bfeada77b06b5b2f570 dfb9d5decc774eca8ff104cf2854b551 - - default default] GET http://[LB_IP_ADDRESS]:8776/v3/dfb9d5decc774eca8ff104cf2854b551/qos-specs/f9c56863-208a-40ce-961c-2da760a4293c/associate?vol_type_id=cea2fa9e-427b-4feb-94e3-d0d8445b509d
2024-04-30 12:11:55.924 20 INFO cinder.api.openstack.wsgi [None req-0605487c-3766-4c4a-95c2-69c9417ef8a4 65a040301a024b178c620fb59a75c27a 0bc95e6827db403484348536f778eb8c - - default default] http://[LB_IP_ADDRESS]:8776/v3/0bc95e6827db403484348536f778eb8c/volumes/764ce17d-1c75-4ac9-8d05-3a1eda59985e returned with HTTP 404
2024-04-30 12:11:55.939 19 INFO cinder.api.openstack.wsgi [None req-f5db9cf3-1b4b-4bd3-9bf7-1cfc677311f0 50bea91936d14453bb401b90e05afe70 5955c2ae266f4d6fa65f5a688707a2e5 - - default default] PUT http://[LB_IP_ADDRESS]:8776/v3/5955c2ae266f4d6fa65f5a688707a2e5/os-quota-sets/0bc95e6827db403484348536f778eb8c
2024-04-30 12:11:55.949 21 INFO cinder.api.openstack.wsgi [None req-2b11f0d7-ecec-449c-819d-074a3662e02d 4709067f31314bfeada77b06b5b2f570 dfb9d5decc774eca8ff104cf2854b551 - - default default] http://[LB_IP_ADDRESS]:8776/v3/dfb9d5decc774eca8ff104cf2854b551/qos-specs/f9c56863-208a-40ce-961c-2da760a4293c/associate?vol_type_id=cea2fa9e-427b-4feb-94e3-d0d8445b509d returned with HTTP 202
2024-04-30 12:11:55.963 22 INFO cinder.api.openstack.wsgi [None req-24eca6f8-a439-4f36-a1cb-d5146c851e66 4709067f31314bfeada77b06b5b2f570 dfb9d5decc774eca8ff104cf2854b551 - - default default] GET http://[LB_IP_ADDRESS]:8776/v3/dfb9d5decc774eca8ff104cf2854b551/qos-specs/f9c56863-208a-40ce-961c-2da760a4293c/associate?vol_type_id=ecd298c4-404a-4cd9-9cc8-fc0814958cdf
2024-04-30 12:11:55.999 22 INFO cinder.api.openstack.wsgi [None req-24eca6f8-a439-4f36-a1cb-d5146c851e66 4709067f31314bfeada77b06b5b2f570 dfb9d5decc774eca8ff104cf2854b551 - - default default] http://[LB_IP_ADDRESS]:8776/v3/dfb9d5decc774eca8ff104cf2854b551/qos-specs/f9c56863-208a-40ce-961c-2da760a4293c/associate?vol_type_id=ecd298c4-404a-4cd9-9cc8-fc0814958cdf returned with HTTP 202
2024-04-30 12:11:56.013 23 INFO cinder.api.openstack.wsgi [None req-fe8d3329-f989-43cf-88e0-11b90ec82c5c 4709067f31314bfeada77b06b5b2f570 dfb9d5decc774eca8ff104cf2854b551 - - default default] GET http://[LB_IP_ADDRESS]:8776/v3/dfb9d5decc774eca8ff104cf2854b551/qos-specs/f9c56863-208a-40ce-961c-2da760a4293c/associations
2024-04-30 12:11:56.033 23 INFO cinder.api.openstack.wsgi [None req-fe8d3329-f989-43cf-88e0-11b90ec82c5c 4709067f31314bfeada77b06b5b2f570 dfb9d5decc774eca8ff104cf2854b551 - - default default] http://[LB_IP_ADDRESS]:8776/v3/dfb9d5decc774eca8ff104cf2854b551/qos-specs/f9c56863-208a-40ce-961c-2da760a4293c/associations returned with HTTP 200
2024-04-30 12:11:56.049 20 INFO cinder.api.openstack.wsgi [None req-cdbcf512-54ff-48da-9065-db2a95a15efd 4709067f31314bfeada77b06b5b2f570 dfb9d5decc774eca8ff104cf2854b551 - - default default] GET http://[LB_IP_ADDRESS]:8776/v3/dfb9d5decc774eca8ff104cf2854b551/qos-specs/f9c56863-208a-40ce-961c-2da760a4293c/disassociate?vol_type_id=5350bcb1-7f2d-41da-8328-d9ead9d4b840
2024-04-30 12:11:56.076 20 INFO cinder.api.openstack.wsgi [None req-cdbcf512-54ff-48da-9065-db2a95a15efd 4709067f31314bfeada77b06b5b2f570 dfb9d5decc774eca8ff104cf2854b551 - - default default] http://[LB_IP_ADDRESS]:8776/v3/dfb9d5decc774eca8ff104cf2854b551/qos-specs/f9c56863-208a-40ce-961c-2da760a4293c/disassociate?vol_type_id=5350bcb1-7f2d-41da-8328-d9ead9d4b840 returned with HTTP 202
2024-04-30 12:11:56.090 21 INFO cinder.api.openstack.wsgi [None req-a5dcc7c2-bf56-4584-9e81-aecfce52de04 4709067f31314bfeada77b06b5b2f570 dfb9d5decc774eca8ff104cf2854b551 - - default default] GET http://[LB_IP_ADDRESS]:8776/v3/dfb9d5decc774eca8ff104cf2854b551/qos-specs/f9c56863-208a-40ce-961c-2da760a4293c/associations
2024-04-30 12:11:56.109 21 INFO cinder.api.openstack.wsgi [None req-a5dcc7c2-bf56-4584-9e81-aecfce52de04 4709067f31314bfeada77b06b5b2f570 dfb9d5decc774eca8ff104cf2854b551 - - default default] http://[LB_IP_ADDRESS]:8776/v3/dfb9d5decc774eca8ff104cf2854b551/qos-specs/f9c56863-208a-40ce-961c-2da760a4293c/associations returned with HTTP 200
2024-04-30 12:11:56.120 19 WARNING cinder.quota [None req-f5db9cf3-1b4b-4bd3-9bf7-1cfc677311f0 50bea91936d14453bb401b90e05afe70 5955c2ae266f4d6fa65f5a688707a2e5 - - default default] Deprecated: Default quota for resource: volumes_tempest-QosSpecsTestJSON-volume-type-1839318301 is set by the default quota flag: quota_volumes_tempest-QosSpecsTestJSON-volume-type-1839318301, it is now deprecated. Please use the default quota class for default quota.
2024-04-30 12:11:56.121 19 WARNING cinder.quota [None req-f5db9cf3-1b4b-4bd3-9bf7-1cfc677311f0 50bea91936d14453bb401b90e05afe70 5955c2ae266f4d6fa65f5a688707a2e5 - - default default] Deprecated: Default quota for resource: gigabytes_tempest-QosSpecsTestJSON-volume-type-1839318301 is set by the default quota flag: quota_gigabytes_tempest-QosSpecsTestJSON-volume-type-1839318301, it is now deprecated. Please use the default quota class for default quota.
2024-04-30 12:11:56.122 19 WARNING cinder.quota [None req-f5db9cf3-1b4b-4bd3-9bf7-1cfc677311f0 50bea91936d14453bb401b90e05afe70 5955c2ae266f4d6fa65f5a688707a2e5 - - default default] Deprecated: Default quota for resource: snapshots_tempest-QosSpecsTestJSON-volume-type-1839318301 is set by the default quota flag: quota_snapshots_tempest-QosSpecsTestJSON-volume-type-1839318301, it is now deprecated. Please use the default quota class for default quota.
2024-04-30 12:11:56.123 19 WARNING cinder.quota [None req-f5db9cf3-1b4b-4bd3-9bf7-1cfc677311f0 50bea91936d14453bb401b90e05afe70 5955c2ae266f4d6fa65f5a688707a2e5 - - default default] Deprecated: Default quota for resource: volumes_tempest-QosSpecsTestJSON-volume-type-1113590803 is set by the default quota flag: quota_volumes_tempest-QosSpecsTestJSON-volume-type-1113590803, it is now deprecated. Please use the default quota class for default quota.
2024-04-30 12:11:56.124 19 WARNING cinder.quota [None req-f5db9cf3-1b4b-4bd3-9bf7-1cfc677311f0 50bea91936d14453bb401b90e05afe70 5955c2ae266f4d6fa65f5a688707a2e5 - - default default] Deprecated: Default quota for resource: gigabytes_tempest-QosSpecsTestJSON-volume-type-1113590803 is set by the default quota flag: quota_gigabytes_tempest-QosSpecsTestJSON-volume-type-1113590803, it is now deprecated. Please use the default quota class for default quota.
2024-04-30 12:11:56.124 22 INFO cinder.api.openstack.wsgi [None req-271bb927-b0f5-4d98-a20b-ab2ceafbc1dd 4709067f31314bfeada77b06b5b2f570 dfb9d5decc774eca8ff104cf2854b551 - - default default] GET http://[LB_IP_ADDRESS]:8776/v3/dfb9d5decc774eca8ff104cf2854b551/qos-specs/f9c56863-208a-40ce-961c-2da760a4293c/disassociate_all
2024-04-30 12:11:56.124 19 WARNING cinder.quota [None req-f5db9cf3-1b4b-4bd3-9bf7-1cfc677311f0 50bea91936d14453bb401b90e05afe70 5955c2ae266f4d6fa65f5a688707a2e5 - - default default] Deprecated: Default quota for resource: snapshots_tempest-QosSpecsTestJSON-volume-type-1113590803 is set by the default quota flag: quota_snapshots_tempest-QosSpecsTestJSON-volume-type-1113590803, it is now deprecated. Please use the default quota class for default quota.
2024-04-30 12:11:56.125 19 WARNING cinder.quota [None req-f5db9cf3-1b4b-4bd3-9bf7-1cfc677311f0 50bea91936d14453bb401b90e05afe70 5955c2ae266f4d6fa65f5a688707a2e5 - - default default] Deprecated: Default quota for resource: volumes_tempest-QosSpecsTestJSON-volume-type-448412387 is set by the default quota flag: quota_volumes_tempest-QosSpecsTestJSON-volume-type-448412387, it is now deprecated. Please use the default quota class for default quota.
2024-04-30 12:11:56.126 19 WARNING cinder.quota [None req-f5db9cf3-1b4b-4bd3-9bf7-1cfc677311f0 50bea91936d14453bb401b90e05afe70 5955c2ae266f4d6fa65f5a688707a2e5 - - default default] Deprecated: Default quota for resource: gigabytes_tempest-QosSpecsTestJSON-volume-type-448412387 is set by the default quota flag: quota_gigabytes_tempest-QosSpecsTestJSON-volume-type-448412387, it is now deprecated. Please use the default quota class for default quota.
2024-04-30 12:11:56.127 19 WARNING cinder.quota [None req-f5db9cf3-1b4b-4bd3-9bf7-1cfc677311f0 50bea91936d14453bb401b90e05afe70 5955c2ae266f4d6fa65f5a688707a2e5 - - default default] Deprecated: Default quota for resource: snapshots_tempest-QosSpecsTestJSON-volume-type-448412387 is set by the default quota flag: quota_snapshots_tempest-QosSpecsTestJSON-volume-type-448412387, it is now deprecated. Please use the default quota class for default quota.
2024-04-30 12:11:56.128 19 WARNING cinder.quota [None req-f5db9cf3-1b4b-4bd3-9bf7-1cfc677311f0 50bea91936d14453bb401b90e05afe70 5955c2ae266f4d6fa65f5a688707a2e5 - - default default] Deprecated: Default quota for resource: volumes_tempest-GroupSnapshotsTest-volume-type-1745795444 is set by the default quota flag: quota_volumes_tempest-GroupSnapshotsTest-volume-type-1745795444, it is now deprecated. Please use the default quota class for default quota.
2024-04-30 12:11:56.128 19 WARNING cinder.quota [None req-f5db9cf3-1b4b-4bd3-9bf7-1cfc677311f0 50bea91936d14453bb401b90e05afe70 5955c2ae266f4d6fa65f5a688707a2e5 - - default default] Deprecated: Default quota for resource: gigabytes_tempest-GroupSnapshotsTest-volume-type-1745795444 is set by the default quota flag: quota_gigabytes_tempest-GroupSnapshotsTest-volume-type-1745795444, it is now deprecated. Please use the default quota class for default quota.
2024-04-30 12:11:56.129 19 WARNING cinder.quota [None req-f5db9cf3-1b4b-4bd3-9bf7-1cfc677311f0 50bea91936d14453bb401b90e05afe70 5955c2ae266f4d6fa65f5a688707a2e5 - - default default] Deprecated: Default quota for resource: snapshots_tempest-GroupSnapshotsTest-volume-type-1745795444 is set by the default quota flag: quota_snapshots_tempest-GroupSnapshotsTest-volume-type-1745795444, it is now deprecated. Please use the default quota class for default quota.
2024-04-30 12:11:56.145 22 INFO cinder.api.openstack.wsgi [None req-271bb927-b0f5-4d98-a20b-ab2ceafbc1dd 4709067f31314bfeada77b06b5b2f570 dfb9d5decc774eca8ff104cf2854b551 - - default default] http://[LB_IP_ADDRESS]:8776/v3/dfb9d5decc774eca8ff104cf2854b551/qos-specs/f9c56863-208a-40ce-961c-2da760a4293c/disassociate_all returned with HTTP 202
2024-04-30 12:11:56.156 19 INFO cinder.api.openstack.wsgi [None req-f5db9cf3-1b4b-4bd3-9bf7-1cfc677311f0 50bea91936d14453bb401b90e05afe70 5955c2ae266f4d6fa65f5a688707a2e5 - - default default] http://[LB_IP_ADDRESS]:8776/v3/5955c2ae266f4d6fa65f5a688707a2e5/os-quota-sets/0bc95e6827db403484348536f778eb8c returned with HTTP 200
2024-04-30 12:11:56.159 23 INFO cinder.api.openstack.wsgi [None req-115d42c0-4d65-4b74-b722-d1a8ffb6ad2c 4709067f31314bfeada77b06b5b2f570 dfb9d5decc774eca8ff104cf2854b551 - - default default] GET http://[LB_IP_ADDRESS]:8776/v3/dfb9d5decc774eca8ff104cf2854b551/qos-specs/f9c56863-208a-40ce-961c-2da760a4293c/associations
2024-04-30 12:11:56.178 23 INFO cinder.api.openstack.wsgi [None req-115d42c0-4d65-4b74-b722-d1a8ffb6ad2c 4709067f31314bfeada77b06b5b2f570 dfb9d5decc774eca8ff104cf2854b551 - - default default] http://[LB_IP_ADDRESS]:8776/v3/dfb9d5decc774eca8ff104cf2854b551/qos-specs/f9c56863-208a-40ce-961c-2da760a4293c/associations returned with HTTP 200
2024-04-30 12:11:56.191 20 INFO cinder.api.openstack.wsgi [None req-b613c0d0-a3da-4c31-a5f0-563857c2c41f 4709067f31314bfeada77b06b5b2f570 dfb9d5decc774eca8ff104cf2854b551 - - default default] DELETE http://[LB_IP_ADDRESS]:8776/v3/dfb9d5decc774eca8ff104cf2854b551/types/ecd298c4-404a-4cd9-9cc8-fc0814958cdf
2024-04-30 12:11:56.247 20 INFO cinder.api.openstack.wsgi [None req-b613c0d0-a3da-4c31-a5f0-563857c2c41f 4709067f31314bfeada77b06b5b2f570 dfb9d5decc774eca8ff104cf2854b551 - - default default] http://[LB_IP_ADDRESS]:8776/v3/dfb9d5decc774eca8ff104cf2854b551/types/ecd298c4-404a-4cd9-9cc8-fc0814958cdf returned with HTTP 202
2024-04-30 12:11:56.259 21 INFO cinder.api.openstack.wsgi [None req-bba696b8-82d4-41b0-ba87-3534785d89ad 4709067f31314bfeada77b06b5b2f570 dfb9d5decc774eca8ff104cf2854b551 - - default default] GET http://[LB_IP_ADDRESS]:8776/v3/dfb9d5decc774eca8ff104cf2854b551/types/ecd298c4-404a-4cd9-9cc8-fc0814958cdf
2024-04-30 12:11:56.267 21 INFO cinder.api.openstack.wsgi [None req-bba696b8-82d4-41b0-ba87-3534785d89ad 4709067f31314bfeada77b06b5b2f570 dfb9d5decc774eca8ff104cf2854b551 - - default default] http://[LB_IP_ADDRESS]:8776/v3/dfb9d5decc774eca8ff104cf2854b551/types/ecd298c4-404a-4cd9-9cc8-fc0814958cdf returned with HTTP 404
2024-04-30 12:11:56.279 22 INFO cinder.api.openstack.wsgi [None req-455d98b7-0bb6-4f0f-b211-70c52549b711 4709067f31314bfeada77b06b5b2f570 dfb9d5decc774eca8ff104cf2854b551 - - default default] DELETE http://[LB_IP_ADDRESS]:8776/v3/dfb9d5decc774eca8ff104cf2854b551/types/cea2fa9e-427b-4feb-94e3-d0d8445b509d
2024-04-30 12:11:56.331 22 INFO cinder.api.openstack.wsgi [None req-455d98b7-0bb6-4f0f-b211-70c52549b711 4709067f31314bfeada77b06b5b2f570 dfb9d5decc774eca8ff104cf2854b551 - - default default] http://[LB_IP_ADDRESS]:8776/v3/dfb9d5decc774eca8ff104cf2854b551/types/cea2fa9e-427b-4feb-94e3-d0d8445b509d returned with HTTP 202
2024-04-30 12:11:56.343 19 INFO cinder.api.openstack.wsgi [None req-5ec15f2f-37f9-4853-8db7-2e9189655864 4709067f31314bfeada77b06b5b2f570 dfb9d5decc774eca8ff104cf2854b551 - - default default] GET http://[LB_IP_ADDRESS]:8776/v3/dfb9d5decc774eca8ff104cf2854b551/types/cea2fa9e-427b-4feb-94e3-d0d8445b509d
2024-04-30 12:11:56.351 19 INFO cinder.api.openstack.wsgi [None req-5ec15f2f-37f9-4853-8db7-2e9189655864 4709067f31314bfeada77b06b5b2f570 dfb9d5decc774eca8ff104cf2854b551 - - default default] http://[LB_IP_ADDRESS]:8776/v3/dfb9d5decc774eca8ff104cf2854b551/types/cea2fa9e-427b-4feb-94e3-d0d8445b509d returned with HTTP 404
2024-04-30 12:11:56.363 23 INFO cinder.api.openstack.wsgi [None req-57038708-dd9a-4d28-86cd-1b928c9bae15 4709067f31314bfeada77b06b5b2f570 dfb9d5decc774eca8ff104cf2854b551 - - default default] DELETE http://[LB_IP_ADDRESS]:8776/v3/dfb9d5decc774eca8ff104cf2854b551/types/5350bcb1-7f2d-41da-8328-d9ead9d4b840
2024-04-30 12:11:56.415 23 INFO cinder.api.openstack.wsgi [None req-57038708-dd9a-4d28-86cd-1b928c9bae15 4709067f31314bfeada77b06b5b2f570 dfb9d5decc774eca8ff104cf2854b551 - - default default] http://[LB_IP_ADDRESS]:8776/v3/dfb9d5decc774eca8ff104cf2854b551/types/5350bcb1-7f2d-41da-8328-d9ead9d4b840 returned with HTTP 202
2024-04-30 12:11:56.427 20 INFO cinder.api.openstack.wsgi [None req-866865d2-817f-4ab2-bdf6-99ad8af62d5f 4709067f31314bfeada77b06b5b2f570 dfb9d5decc774eca8ff104cf2854b551 - - default default] GET http://[LB_IP_ADDRESS]:8776/v3/dfb9d5decc774eca8ff104cf2854b551/types/5350bcb1-7f2d-41da-8328-d9ead9d4b840
2024-04-30 12:11:56.435 20 INFO cinder.api.openstack.wsgi [None req-866865d2-817f-4ab2-bdf6-99ad8af62d5f 4709067f31314bfeada77b06b5b2f570 dfb9d5decc774eca8ff104cf2854b551 - - default default] http://[LB_IP_ADDRESS]:8776/v3/dfb9d5decc774eca8ff104cf2854b551/types/5350bcb1-7f2d-41da-8328-d9ead9d4b840 returned with HTTP 404
2024-04-30 12:11:56.450 21 INFO cinder.api.openstack.wsgi [None req-b452d8dd-08ed-4325-9332-cd29d5c728a1 4709067f31314bfeada77b06b5b2f570 dfb9d5decc774eca8ff104cf2854b551 - - default default] POST http://[LB_IP_ADDRESS]:8776/v3/dfb9d5decc774eca8ff104cf2854b551/qos-specs
2024-04-30 12:11:56.470 21 INFO cinder.api.openstack.wsgi [None req-b452d8dd-08ed-4325-9332-cd29d5c728a1 4709067f31314bfeada77b06b5b2f570 dfb9d5decc774eca8ff104cf2854b551 - - default default] http://[LB_IP_ADDRESS]:8776/v3/dfb9d5decc774eca8ff104cf2854b551/qos-specs returned with HTTP 200
2024-04-30 12:11:56.485 22 INFO cinder.api.openstack.wsgi [None req-f44d6764-a89a-444c-9999-1c0515b91ce8 4709067f31314bfeada77b06b5b2f570 dfb9d5decc774eca8ff104cf2854b551 - - default default] DELETE http://[LB_IP_ADDRESS]:8776/v3/dfb9d5decc774eca8ff104cf2854b551/qos-specs/76693d40-2cc0-4e79-a3cf-f3bbb909a9d8?force=False
2024-04-30 12:11:56.517 22 INFO cinder.api.openstack.wsgi [None req-f44d6764-a89a-444c-9999-1c0515b91ce8 4709067f31314bfeada77b06b5b2f570 dfb9d5decc774eca8ff104cf2854b551 - - default default] http://[LB_IP_ADDRESS]:8776/v3/dfb9d5decc774eca8ff104cf2854b551/qos-specs/76693d40-2cc0-4e79-a3cf-f3bbb909a9d8?force=False returned with HTTP 202
2024-04-30 12:11:56.531 19 INFO cinder.api.openstack.wsgi [None req-bd7ceb81-1618-4a71-91bc-02077ebdc7ad 4709067f31314bfeada77b06b5b2f570 dfb9d5decc774eca8ff104cf2854b551 - - default default] GET http://[LB_IP_ADDRESS]:8776/v3/dfb9d5decc774eca8ff104cf2854b551/qos-specs/76693d40-2cc0-4e79-a3cf-f3bbb909a9d8
2024-04-30 12:11:56.540 19 INFO cinder.api.openstack.wsgi [None req-bd7ceb81-1618-4a71-91bc-02077ebdc7ad 4709067f31314bfeada77b06b5b2f570 dfb9d5decc774eca8ff104cf2854b551 - - default default] http://[LB_IP_ADDRESS]:8776/v3/dfb9d5decc774eca8ff104cf2854b551/qos-specs/76693d40-2cc0-4e79-a3cf-f3bbb909a9d8 returned with HTTP 404
2024-04-30 12:11:56.553 23 INFO cinder.api.openstack.wsgi [None req-4f72b57c-546a-4c47-8c8e-778f3c140143 4709067f31314bfeada77b06b5b2f570 dfb9d5decc774eca8ff104cf2854b551 - - default default] GET http://[LB_IP_ADDRESS]:8776/v3/dfb9d5decc774eca8ff104cf2854b551/qos-specs
2024-04-30 12:11:56.566 23 INFO cinder.api.openstack.wsgi [None req-4f72b57c-546a-4c47-8c8e-778f3c140143 4709067f31314bfeada77b06b5b2f570 dfb9d5decc774eca8ff104cf2854b551 - - default default] http://[LB_IP_ADDRESS]:8776/v3/dfb9d5decc774eca8ff104cf2854b551/qos-specs returned with HTTP 200
2024-04-30 12:11:56.583 20 INFO cinder.api.openstack.wsgi [None req-21e5b59c-4466-4378-868f-0aedb238c160 4709067f31314bfeada77b06b5b2f570 dfb9d5decc774eca8ff104cf2854b551 - - default default] DELETE http://[LB_IP_ADDRESS]:8776/v3/dfb9d5decc774eca8ff104cf2854b551/qos-specs/76693d40-2cc0-4e79-a3cf-f3bbb909a9d8?force=False
2024-04-30 12:11:56.593 20 INFO cinder.api.openstack.wsgi [None req-21e5b59c-4466-4378-868f-0aedb238c160 4709067f31314bfeada77b06b5b2f570 dfb9d5decc774eca8ff104cf2854b551 - - default default] http://[LB_IP_ADDRESS]:8776/v3/dfb9d5decc774eca8ff104cf2854b551/qos-specs/76693d40-2cc0-4e79-a3cf-f3bbb909a9d8?force=False returned with HTTP 404
2024-04-30 12:11:56.606 21 INFO cinder.api.openstack.wsgi [None req-24ab4af2-60c9-4c50-ad42-4f1b8166d5f0 4709067f31314bfeada77b06b5b2f570 dfb9d5decc774eca8ff104cf2854b551 - - default default] GET http://[LB_IP_ADDRESS]:8776/v3/dfb9d5decc774eca8ff104cf2854b551/qos-specs/76693d40-2cc0-4e79-a3cf-f3bbb909a9d8
2024-04-30 12:11:56.615 21 INFO cinder.api.openstack.wsgi [None req-24ab4af2-60c9-4c50-ad42-4f1b8166d5f0 4709067f31314bfeada77b06b5b2f570 dfb9d5decc774eca8ff104cf2854b551 - - default default] http://[LB_IP_ADDRESS]:8776/v3/dfb9d5decc774eca8ff104cf2854b551/qos-specs/76693d40-2cc0-4e79-a3cf-f3bbb909a9d8 returned with HTTP 404
2024-04-30 12:11:56.630 22 INFO cinder.api.openstack.wsgi [None req-02818ed2-ad6e-425c-85a2-9c5ce1eac5f1 4709067f31314bfeada77b06b5b2f570 dfb9d5decc774eca8ff104cf2854b551 - - default default] POST http://[LB_IP_ADDRESS]:8776/v3/dfb9d5decc774eca8ff104cf2854b551/qos-specs
2024-04-30 12:11:56.650 22 INFO cinder.api.openstack.wsgi [None req-02818ed2-ad6e-425c-85a2-9c5ce1eac5f1 4709067f31314bfeada77b06b5b2f570 dfb9d5decc774eca8ff104cf2854b551 - - default default] http://[LB_IP_ADDRESS]:8776/v3/dfb9d5decc774eca8ff104cf2854b551/qos-specs returned with HTTP 200
2024-04-30 12:11:56.666 19 INFO cinder.api.openstack.wsgi [None req-0d99897e-651b-449e-8c46-cef5cbfaecd6 4709067f31314bfeada77b06b5b2f570 dfb9d5decc774eca8ff104cf2854b551 - - default default] DELETE http://[LB_IP_ADDRESS]:8776/v3/dfb9d5decc774eca8ff104cf2854b551/qos-specs/4d317c67-bc70-4e7d-b5e3-af9a2a71def6?force=False
2024-04-30 12:11:56.699 19 INFO cinder.api.openstack.wsgi [None req-0d99897e-651b-449e-8c46-cef5cbfaecd6 4709067f31314bfeada77b06b5b2f570 dfb9d5decc774eca8ff104cf2854b551 - - default default] http://[LB_IP_ADDRESS]:8776/v3/dfb9d5decc774eca8ff104cf2854b551/qos-specs/4d317c67-bc70-4e7d-b5e3-af9a2a71def6?force=False returned with HTTP 202
2024-04-30 12:11:56.710 23 INFO cinder.api.openstack.wsgi [None req-e98b470c-3e98-4026-b3ce-a2ca69feb9b9 4709067f31314bfeada77b06b5b2f570 dfb9d5decc774eca8ff104cf2854b551 - - default default] GET http://[LB_IP_ADDRESS]:8776/v3/dfb9d5decc774eca8ff104cf2854b551/qos-specs/4d317c67-bc70-4e7d-b5e3-af9a2a71def6
2024-04-30 12:11:56.718 23 INFO cinder.api.openstack.wsgi [None req-e98b470c-3e98-4026-b3ce-a2ca69feb9b9 4709067f31314bfeada77b06b5b2f570 dfb9d5decc774eca8ff104cf2854b551 - - default default] http://[LB_IP_ADDRESS]:8776/v3/dfb9d5decc774eca8ff104cf2854b551/qos-specs/4d317c67-bc70-4e7d-b5e3-af9a2a71def6 returned with HTTP 404
2024-04-30 12:11:56.731 20 INFO cinder.api.openstack.wsgi [None req-bc590c69-8c9a-49d3-ba22-3de863d826bf 4709067f31314bfeada77b06b5b2f570 dfb9d5decc774eca8ff104cf2854b551 - - default default] GET http://[LB_IP_ADDRESS]:8776/v3/dfb9d5decc774eca8ff104cf2854b551/qos-specs
2024-04-30 12:11:56.743 20 INFO cinder.api.openstack.wsgi [None req-bc590c69-8c9a-49d3-ba22-3de863d826bf 4709067f31314bfeada77b06b5b2f570 dfb9d5decc774eca8ff104cf2854b551 - - default default] http://[LB_IP_ADDRESS]:8776/v3/dfb9d5decc774eca8ff104cf2854b551/qos-specs returned with HTTP 200
2024-04-30 12:11:56.759 21 INFO cinder.api.openstack.wsgi [None req-1ee6cd34-35ea-4317-80bd-8d49ad279d67 4709067f31314bfeada77b06b5b2f570 dfb9d5decc774eca8ff104cf2854b551 - - default default] DELETE http://[LB_IP_ADDRESS]:8776/v3/dfb9d5decc774eca8ff104cf2854b551/qos-specs/4d317c67-bc70-4e7d-b5e3-af9a2a71def6?force=False
2024-04-30 12:11:56.768 21 INFO cinder.api.openstack.wsgi [None req-1ee6cd34-35ea-4317-80bd-8d49ad279d67 4709067f31314bfeada77b06b5b2f570 dfb9d5decc774eca8ff104cf2854b551 - - default default] http://[LB_IP_ADDRESS]:8776/v3/dfb9d5decc774eca8ff104cf2854b551/qos-specs/4d317c67-bc70-4e7d-b5e3-af9a2a71def6?force=False returned with HTTP 404
2024-04-30 12:11:56.782 22 INFO cinder.api.openstack.wsgi [None req-ae876a45-833e-494c-8a81-754f88d7b33e 4709067f31314bfeada77b06b5b2f570 dfb9d5decc774eca8ff104cf2854b551 - - default default] GET http://[LB_IP_ADDRESS]:8776/v3/dfb9d5decc774eca8ff104cf2854b551/qos-specs/4d317c67-bc70-4e7d-b5e3-af9a2a71def6
2024-04-30 12:11:56.790 22 INFO cinder.api.openstack.wsgi [None req-ae876a45-833e-494c-8a81-754f88d7b33e 4709067f31314bfeada77b06b5b2f570 dfb9d5decc774eca8ff104cf2854b551 - - default default] http://[LB_IP_ADDRESS]:8776/v3/dfb9d5decc774eca8ff104cf2854b551/qos-specs/4d317c67-bc70-4e7d-b5e3-af9a2a71def6 returned with HTTP 404
2024-04-30 12:11:56.805 19 INFO cinder.api.openstack.wsgi [None req-7154c9c1-89aa-4caa-a61e-5d869f0ee13e 4709067f31314bfeada77b06b5b2f570 dfb9d5decc774eca8ff104cf2854b551 - - default default] POST http://[LB_IP_ADDRESS]:8776/v3/dfb9d5decc774eca8ff104cf2854b551/qos-specs
2024-04-30 12:11:56.830 19 INFO cinder.api.openstack.wsgi [None req-7154c9c1-89aa-4caa-a61e-5d869f0ee13e 4709067f31314bfeada77b06b5b2f570 dfb9d5decc774eca8ff104cf2854b551 - - default default] http://[LB_IP_ADDRESS]:8776/v3/dfb9d5decc774eca8ff104cf2854b551/qos-specs returned with HTTP 200
2024-04-30 12:11:56.849 23 INFO cinder.api.openstack.wsgi [None req-ff502e5d-bd8b-4dac-8c49-594fede7a886 4709067f31314bfeada77b06b5b2f570 dfb9d5decc774eca8ff104cf2854b551 - - default default] DELETE http://[LB_IP_ADDRESS]:8776/v3/dfb9d5decc774eca8ff104cf2854b551/qos-specs/ac9e14cd-d06e-4d88-a325-c0ea32b74770?force=False
2024-04-30 12:11:56.884 23 INFO cinder.api.openstack.wsgi [None req-ff502e5d-bd8b-4dac-8c49-594fede7a886 4709067f31314bfeada77b06b5b2f570 dfb9d5decc774eca8ff104cf2854b551 - - default default] http://[LB_IP_ADDRESS]:8776/v3/dfb9d5decc774eca8ff104cf2854b551/qos-specs/ac9e14cd-d06e-4d88-a325-c0ea32b74770?force=False returned with HTTP 202
2024-04-30 12:11:56.897 20 INFO cinder.api.openstack.wsgi [None req-38919f49-a8a0-4f8d-9b2d-7cd945939b8a 4709067f31314bfeada77b06b5b2f570 dfb9d5decc774eca8ff104cf2854b551 - - default default] GET http://[LB_IP_ADDRESS]:8776/v3/dfb9d5decc774eca8ff104cf2854b551/qos-specs/ac9e14cd-d06e-4d88-a325-c0ea32b74770
2024-04-30 12:11:56.903 21 INFO cinder.api.openstack.wsgi [None req-5213b941-f8ba-4be5-ac34-bf581e07e324 2fd2a838c9d841038e23c9eea0147d03 f8116de236804019afcdc6d5dae5543e - - default default] GET http://[LB_IP_ADDRESS]:8776/v3/f8116de236804019afcdc6d5dae5543e/volumes/b0e18708-14b8-4fe4-bcfd-3b95e98132ba
2024-04-30 12:11:56.907 20 INFO cinder.api.openstack.wsgi [None req-38919f49-a8a0-4f8d-9b2d-7cd945939b8a 4709067f31314bfeada77b06b5b2f570 dfb9d5decc774eca8ff104cf2854b551 - - default default] http://[LB_IP_ADDRESS]:8776/v3/dfb9d5decc774eca8ff104cf2854b551/qos-specs/ac9e14cd-d06e-4d88-a325-c0ea32b74770 returned with HTTP 404
2024-04-30 12:11:56.921 22 INFO cinder.api.openstack.wsgi [None req-96e65bb1-e371-47d6-8c3d-cd2e2141b856 4709067f31314bfeada77b06b5b2f570 dfb9d5decc774eca8ff104cf2854b551 - - default default] GET http://[LB_IP_ADDRESS]:8776/v3/dfb9d5decc774eca8ff104cf2854b551/qos-specs
2024-04-30 12:11:56.930 21 INFO cinder.volume.api [None req-5213b941-f8ba-4be5-ac34-bf581e07e324 2fd2a838c9d841038e23c9eea0147d03 f8116de236804019afcdc6d5dae5543e - - default default] Volume info retrieved successfully.
2024-04-30 12:11:56.933 22 INFO cinder.api.openstack.wsgi [None req-96e65bb1-e371-47d6-8c3d-cd2e2141b856 4709067f31314bfeada77b06b5b2f570 dfb9d5decc774eca8ff104cf2854b551 - - default default] http://[LB_IP_ADDRESS]:8776/v3/dfb9d5decc774eca8ff104cf2854b551/qos-specs returned with HTTP 200
2024-04-30 12:11:56.954 19 INFO cinder.api.openstack.wsgi [None req-580a36d2-c253-4c62-8771-62902757109a 4709067f31314bfeada77b06b5b2f570 dfb9d5decc774eca8ff104cf2854b551 - - default default] DELETE http://[LB_IP_ADDRESS]:8776/v3/dfb9d5decc774eca8ff104cf2854b551/qos-specs/ac9e14cd-d06e-4d88-a325-c0ea32b74770?force=False
2024-04-30 12:11:56.971 19 INFO cinder.api.openstack.wsgi [None req-580a36d2-c253-4c62-8771-62902757109a 4709067f31314bfeada77b06b5b2f570 dfb9d5decc774eca8ff104cf2854b551 - - default default] http://[LB_IP_ADDRESS]:8776/v3/dfb9d5decc774eca8ff104cf2854b551/qos-specs/ac9e14cd-d06e-4d88-a325-c0ea32b74770?force=False returned with HTTP 404
2024-04-30 12:11:56.986 23 INFO cinder.api.openstack.wsgi [None req-594a2f7e-4e9c-440d-9496-824e91c48e31 4709067f31314bfeada77b06b5b2f570 dfb9d5decc774eca8ff104cf2854b551 - - default default] GET http://[LB_IP_ADDRESS]:8776/v3/dfb9d5decc774eca8ff104cf2854b551/qos-specs/ac9e14cd-d06e-4d88-a325-c0ea32b74770
2024-04-30 12:11:56.988 21 INFO cinder.api.openstack.wsgi [None req-5213b941-f8ba-4be5-ac34-bf581e07e324 2fd2a838c9d841038e23c9eea0147d03 f8116de236804019afcdc6d5dae5543e - - default default] http://[LB_IP_ADDRESS]:8776/v3/f8116de236804019afcdc6d5dae5543e/volumes/b0e18708-14b8-4fe4-bcfd-3b95e98132ba returned with HTTP 200
2024-04-30 12:11:56.994 23 INFO cinder.api.openstack.wsgi [None req-594a2f7e-4e9c-440d-9496-824e91c48e31 4709067f31314bfeada77b06b5b2f570 dfb9d5decc774eca8ff104cf2854b551 - - default default] http://[LB_IP_ADDRESS]:8776/v3/dfb9d5decc774eca8ff104cf2854b551/qos-specs/ac9e14cd-d06e-4d88-a325-c0ea32b74770 returned with HTTP 404
2024-04-30 12:11:57.010 20 INFO cinder.api.openstack.wsgi [None req-9ab53ee4-b092-4b9f-a25a-7bc121622f2b 4709067f31314bfeada77b06b5b2f570 dfb9d5decc774eca8ff104cf2854b551 - - default default] GET http://[LB_IP_ADDRESS]:8776/v3/dfb9d5decc774eca8ff104cf2854b551/qos-specs/f9c56863-208a-40ce-961c-2da760a4293c
2024-04-30 12:11:57.021 20 INFO cinder.api.openstack.wsgi [None req-9ab53ee4-b092-4b9f-a25a-7bc121622f2b 4709067f31314bfeada77b06b5b2f570 dfb9d5decc774eca8ff104cf2854b551 - - default default] http://[LB_IP_ADDRESS]:8776/v3/dfb9d5decc774eca8ff104cf2854b551/qos-specs/f9c56863-208a-40ce-961c-2da760a4293c returned with HTTP 200
2024-04-30 12:11:57.038 22 INFO cinder.api.openstack.wsgi [None req-e3298dde-f3e7-41d9-abc9-287af8a39b1d 4709067f31314bfeada77b06b5b2f570 dfb9d5decc774eca8ff104cf2854b551 - - default default] GET http://[LB_IP_ADDRESS]:8776/v3/dfb9d5decc774eca8ff104cf2854b551/qos-specs
2024-04-30 12:11:57.048 22 INFO cinder.api.openstack.wsgi [None req-e3298dde-f3e7-41d9-abc9-287af8a39b1d 4709067f31314bfeada77b06b5b2f570 dfb9d5decc774eca8ff104cf2854b551 - - default default] http://[LB_IP_ADDRESS]:8776/v3/dfb9d5decc774eca8ff104cf2854b551/qos-specs returned with HTTP 200
2024-04-30 12:11:57.065 19 INFO cinder.api.openstack.wsgi [None req-023b4ce7-958c-4f7e-9b6a-bc32cb92e317 4709067f31314bfeada77b06b5b2f570 dfb9d5decc774eca8ff104cf2854b551 - - default default] PUT http://[LB_IP_ADDRESS]:8776/v3/dfb9d5decc774eca8ff104cf2854b551/qos-specs/f9c56863-208a-40ce-961c-2da760a4293c
2024-04-30 12:11:57.100 19 INFO cinder.api.openstack.wsgi [None req-023b4ce7-958c-4f7e-9b6a-bc32cb92e317 4709067f31314bfeada77b06b5b2f570 dfb9d5decc774eca8ff104cf2854b551 - - default default] http://[LB_IP_ADDRESS]:8776/v3/dfb9d5decc774eca8ff104cf2854b551/qos-specs/f9c56863-208a-40ce-961c-2da760a4293c returned with HTTP 200
2024-04-30 12:11:57.121 21 INFO cinder.api.openstack.wsgi [None req-cf2f8165-8caa-45e5-9920-90e954060441 4709067f31314bfeada77b06b5b2f570 dfb9d5decc774eca8ff104cf2854b551 - - default default] GET http://[LB_IP_ADDRESS]:8776/v3/dfb9d5decc774eca8ff104cf2854b551/qos-specs/f9c56863-208a-40ce-961c-2da760a4293c
2024-04-30 12:11:57.133 21 INFO cinder.api.openstack.wsgi [None req-cf2f8165-8caa-45e5-9920-90e954060441 4709067f31314bfeada77b06b5b2f570 dfb9d5decc774eca8ff104cf2854b551 - - default default] http://[LB_IP_ADDRESS]:8776/v3/dfb9d5decc774eca8ff104cf2854b551/qos-specs/f9c56863-208a-40ce-961c-2da760a4293c returned with HTTP 200
2024-04-30 12:11:57.150 23 INFO cinder.api.openstack.wsgi [None req-de6e36c7-eed8-47cf-b3d3-155e675d46d8 4709067f31314bfeada77b06b5b2f570 dfb9d5decc774eca8ff104cf2854b551 - - default default] PUT http://[LB_IP_ADDRESS]:8776/v3/dfb9d5decc774eca8ff104cf2854b551/qos-specs/f9c56863-208a-40ce-961c-2da760a4293c/delete_keys
2024-04-30 12:11:57.182 23 INFO cinder.api.openstack.wsgi [None req-de6e36c7-eed8-47cf-b3d3-155e675d46d8 4709067f31314bfeada77b06b5b2f570 dfb9d5decc774eca8ff104cf2854b551 - - default default] http://[LB_IP_ADDRESS]:8776/v3/dfb9d5decc774eca8ff104cf2854b551/qos-specs/f9c56863-208a-40ce-961c-2da760a4293c/delete_keys returned with HTTP 202
2024-04-30 12:11:57.196 20 INFO cinder.api.openstack.wsgi [None req-3b2f9781-31eb-4a6d-8aee-26020ac31857 4709067f31314bfeada77b06b5b2f570 dfb9d5decc774eca8ff104cf2854b551 - - default default] GET http://[LB_IP_ADDRESS]:8776/v3/dfb9d5decc774eca8ff104cf2854b551/qos-specs/f9c56863-208a-40ce-961c-2da760a4293c
2024-04-30 12:11:57.206 20 INFO cinder.api.openstack.wsgi [None req-3b2f9781-31eb-4a6d-8aee-26020ac31857 4709067f31314bfeada77b06b5b2f570 dfb9d5decc774eca8ff104cf2854b551 - - default default] http://[LB_IP_ADDRESS]:8776/v3/dfb9d5decc774eca8ff104cf2854b551/qos-specs/f9c56863-208a-40ce-961c-2da760a4293c returned with HTTP 200
2024-04-30 12:11:57.221 22 INFO cinder.api.openstack.wsgi [None req-9de1d1d9-2737-4b27-b834-8c2830e9afc0 4709067f31314bfeada77b06b5b2f570 dfb9d5decc774eca8ff104cf2854b551 - - default default] GET http://[LB_IP_ADDRESS]:8776/v3/dfb9d5decc774eca8ff104cf2854b551/qos-specs/f9c56863-208a-40ce-961c-2da760a4293c
2024-04-30 12:11:57.231 22 INFO cinder.api.openstack.wsgi [None req-9de1d1d9-2737-4b27-b834-8c2830e9afc0 4709067f31314bfeada77b06b5b2f570 dfb9d5decc774eca8ff104cf2854b551 - - default default] http://[LB_IP_ADDRESS]:8776/v3/dfb9d5decc774eca8ff104cf2854b551/qos-specs/f9c56863-208a-40ce-961c-2da760a4293c returned with HTTP 200
2024-04-30 12:11:57.248 19 INFO cinder.api.openstack.wsgi [None req-816d4748-1ae7-4a73-a5e9-f9a36049af5e 4709067f31314bfeada77b06b5b2f570 dfb9d5decc774eca8ff104cf2854b551 - - default default] DELETE http://[LB_IP_ADDRESS]:8776/v3/dfb9d5decc774eca8ff104cf2854b551/qos-specs/f9c56863-208a-40ce-961c-2da760a4293c?force=False
2024-04-30 12:11:57.282 19 INFO cinder.api.openstack.wsgi [None req-816d4748-1ae7-4a73-a5e9-f9a36049af5e 4709067f31314bfeada77b06b5b2f570 dfb9d5decc774eca8ff104cf2854b551 - - default default] http://[LB_IP_ADDRESS]:8776/v3/dfb9d5decc774eca8ff104cf2854b551/qos-specs/f9c56863-208a-40ce-961c-2da760a4293c?force=False returned with HTTP 202
2024-04-30 12:11:57.295 21 INFO cinder.api.openstack.wsgi [None req-e3c2be41-55c5-4068-b644-dff693cd73c4 4709067f31314bfeada77b06b5b2f570 dfb9d5decc774eca8ff104cf2854b551 - - default default] GET http://[LB_IP_ADDRESS]:8776/v3/dfb9d5decc774eca8ff104cf2854b551/qos-specs/f9c56863-208a-40ce-961c-2da760a4293c
2024-04-30 12:11:57.305 21 INFO cinder.api.openstack.wsgi [None req-e3c2be41-55c5-4068-b644-dff693cd73c4 4709067f31314bfeada77b06b5b2f570 dfb9d5decc774eca8ff104cf2854b551 - - default default] http://[LB_IP_ADDRESS]:8776/v3/dfb9d5decc774eca8ff104cf2854b551/qos-specs/f9c56863-208a-40ce-961c-2da760a4293c returned with HTTP 404
2024-04-30 12:11:58.019 23 INFO cinder.api.openstack.wsgi [None req-5eff6889-1d78-4ba8-9415-9fbd89946d21 2fd2a838c9d841038e23c9eea0147d03 f8116de236804019afcdc6d5dae5543e - - default default] GET http://[LB_IP_ADDRESS]:8776/v3/f8116de236804019afcdc6d5dae5543e/volumes/b0e18708-14b8-4fe4-bcfd-3b95e98132ba
2024-04-30 12:11:58.046 23 INFO cinder.volume.api [None req-5eff6889-1d78-4ba8-9415-9fbd89946d21 2fd2a838c9d841038e23c9eea0147d03 f8116de236804019afcdc6d5dae5543e - - default default] Volume info retrieved successfully.
2024-04-30 12:11:58.078 23 INFO cinder.api.openstack.wsgi [None req-5eff6889-1d78-4ba8-9415-9fbd89946d21 2fd2a838c9d841038e23c9eea0147d03 f8116de236804019afcdc6d5dae5543e - - default default] http://[LB_IP_ADDRESS]:8776/v3/f8116de236804019afcdc6d5dae5543e/volumes/b0e18708-14b8-4fe4-bcfd-3b95e98132ba returned with HTTP 200
2024-04-30 12:11:58.105 20 INFO cinder.api.openstack.wsgi [None req-94614647-fadf-4e63-948b-9731a5ee95ed 2fd2a838c9d841038e23c9eea0147d03 f8116de236804019afcdc6d5dae5543e - - default default] PUT http://[LB_IP_ADDRESS]:8776/v3/f8116de236804019afcdc6d5dae5543e/groups/6c537fd5-dbcc-483e-81a5-bab55b382358
2024-04-30 12:11:58.110 20 INFO cinder.api.v3.groups [None req-94614647-fadf-4e63-948b-9731a5ee95ed 2fd2a838c9d841038e23c9eea0147d03 f8116de236804019afcdc6d5dae5543e - - default default] Updating group 6c537fd5-dbcc-483e-81a5-bab55b382358 with name None description: None add_volumes: None remove_volumes: bc036eae-0e88-47c5-9ea2-f22a3993b52a.
2024-04-30 12:11:58.151 20 INFO cinder.api.openstack.wsgi [None req-94614647-fadf-4e63-948b-9731a5ee95ed 2fd2a838c9d841038e23c9eea0147d03 f8116de236804019afcdc6d5dae5543e - - default default] http://[LB_IP_ADDRESS]:8776/v3/f8116de236804019afcdc6d5dae5543e/groups/6c537fd5-dbcc-483e-81a5-bab55b382358 returned with HTTP 202
2024-04-30 12:11:58.163 22 INFO cinder.api.openstack.wsgi [None req-f4754125-b25c-4ab0-8235-83f5dea8656c 2fd2a838c9d841038e23c9eea0147d03 f8116de236804019afcdc6d5dae5543e - - default default] GET http://[LB_IP_ADDRESS]:8776/v3/f8116de236804019afcdc6d5dae5543e/groups/6c537fd5-dbcc-483e-81a5-bab55b382358
2024-04-30 12:11:58.211 22 INFO cinder.api.openstack.wsgi [None req-f4754125-b25c-4ab0-8235-83f5dea8656c 2fd2a838c9d841038e23c9eea0147d03 f8116de236804019afcdc6d5dae5543e - - default default] http://[LB_IP_ADDRESS]:8776/v3/f8116de236804019afcdc6d5dae5543e/groups/6c537fd5-dbcc-483e-81a5-bab55b382358 returned with HTTP 200
2024-04-30 12:11:59.020 19 INFO cinder.api.openstack.wsgi [None req-64493afb-6bc1-4935-b535-0ca7dbd01fd2 - - - - - -] GET http://[LB_IP_ADDRESS]:8776/
2024-04-30 12:11:59.021 19 INFO cinder.api.openstack.wsgi [None req-64493afb-6bc1-4935-b535-0ca7dbd01fd2 - - - - - -] http://[LB_IP_ADDRESS]:8776/ returned with HTTP 300
2024-04-30 12:11:59.231 21 INFO cinder.api.openstack.wsgi [None req-89bde89c-6cd9-4b7f-ba72-7be58cc071b7 2fd2a838c9d841038e23c9eea0147d03 f8116de236804019afcdc6d5dae5543e - - default default] GET http://[LB_IP_ADDRESS]:8776/v3/f8116de236804019afcdc6d5dae5543e/groups/6c537fd5-dbcc-483e-81a5-bab55b382358
2024-04-30 12:11:59.264 21 INFO cinder.api.openstack.wsgi [None req-89bde89c-6cd9-4b7f-ba72-7be58cc071b7 2fd2a838c9d841038e23c9eea0147d03 f8116de236804019afcdc6d5dae5543e - - default default] http://[LB_IP_ADDRESS]:8776/v3/f8116de236804019afcdc6d5dae5543e/groups/6c537fd5-dbcc-483e-81a5-bab55b382358 returned with HTTP 200
2024-04-30 12:11:59.281 23 INFO cinder.api.openstack.wsgi [None req-8b8c2e3e-cc11-4506-89cd-4ce504fb51cb 2fd2a838c9d841038e23c9eea0147d03 f8116de236804019afcdc6d5dae5543e - - default default] PUT http://[LB_IP_ADDRESS]:8776/v3/f8116de236804019afcdc6d5dae5543e/groups/6c537fd5-dbcc-483e-81a5-bab55b382358
2024-04-30 12:11:59.286 23 INFO cinder.api.v3.groups [None req-8b8c2e3e-cc11-4506-89cd-4ce504fb51cb 2fd2a838c9d841038e23c9eea0147d03 f8116de236804019afcdc6d5dae5543e - - default default] Updating group 6c537fd5-dbcc-483e-81a5-bab55b382358 with name None description: None add_volumes: bc036eae-0e88-47c5-9ea2-f22a3993b52a remove_volumes: None.
2024-04-30 12:11:59.349 23 INFO cinder.api.openstack.wsgi [None req-8b8c2e3e-cc11-4506-89cd-4ce504fb51cb 2fd2a838c9d841038e23c9eea0147d03 f8116de236804019afcdc6d5dae5543e - - default default] http://[LB_IP_ADDRESS]:8776/v3/f8116de236804019afcdc6d5dae5543e/groups/6c537fd5-dbcc-483e-81a5-bab55b382358 returned with HTTP 202
2024-04-30 12:11:59.362 20 INFO cinder.api.openstack.wsgi [None req-0d36e330-26e7-4f82-8202-58fe3930b011 2fd2a838c9d841038e23c9eea0147d03 f8116de236804019afcdc6d5dae5543e - - default default] GET http://[LB_IP_ADDRESS]:8776/v3/f8116de236804019afcdc6d5dae5543e/groups/6c537fd5-dbcc-483e-81a5-bab55b382358
2024-04-30 12:11:59.388 20 INFO cinder.api.openstack.wsgi [None req-0d36e330-26e7-4f82-8202-58fe3930b011 2fd2a838c9d841038e23c9eea0147d03 f8116de236804019afcdc6d5dae5543e - - default default] http://[LB_IP_ADDRESS]:8776/v3/f8116de236804019afcdc6d5dae5543e/groups/6c537fd5-dbcc-483e-81a5-bab55b382358 returned with HTTP 200
2024-04-30 12:12:00.412 22 INFO cinder.api.openstack.wsgi [None req-c2382f06-99a6-4408-967b-a0bb52286263 2fd2a838c9d841038e23c9eea0147d03 f8116de236804019afcdc6d5dae5543e - - default default] GET http://[LB_IP_ADDRESS]:8776/v3/f8116de236804019afcdc6d5dae5543e/groups/6c537fd5-dbcc-483e-81a5-bab55b382358
2024-04-30 12:12:00.439 22 INFO cinder.api.openstack.wsgi [None req-c2382f06-99a6-4408-967b-a0bb52286263 2fd2a838c9d841038e23c9eea0147d03 f8116de236804019afcdc6d5dae5543e - - default default] http://[LB_IP_ADDRESS]:8776/v3/f8116de236804019afcdc6d5dae5543e/groups/6c537fd5-dbcc-483e-81a5-bab55b382358 returned with HTTP 200
2024-04-30 12:12:00.456 19 INFO cinder.api.openstack.wsgi [None req-570730e2-dbc3-4578-84cc-a22a0061cc73 2fd2a838c9d841038e23c9eea0147d03 f8116de236804019afcdc6d5dae5543e - - default default] PUT http://[LB_IP_ADDRESS]:8776/v3/f8116de236804019afcdc6d5dae5543e/groups/6c537fd5-dbcc-483e-81a5-bab55b382358
2024-04-30 12:12:00.461 19 INFO cinder.api.v3.groups [None req-570730e2-dbc3-4578-84cc-a22a0061cc73 2fd2a838c9d841038e23c9eea0147d03 f8116de236804019afcdc6d5dae5543e - - default default] Updating group 6c537fd5-dbcc-483e-81a5-bab55b382358 with name None description: None add_volumes: None remove_volumes: b0e18708-14b8-4fe4-bcfd-3b95e98132ba.
2024-04-30 12:12:00.511 19 INFO cinder.api.openstack.wsgi [None req-570730e2-dbc3-4578-84cc-a22a0061cc73 2fd2a838c9d841038e23c9eea0147d03 f8116de236804019afcdc6d5dae5543e - - default default] http://[LB_IP_ADDRESS]:8776/v3/f8116de236804019afcdc6d5dae5543e/groups/6c537fd5-dbcc-483e-81a5-bab55b382358 returned with HTTP 202
2024-04-30 12:12:00.523 21 INFO cinder.api.openstack.wsgi [None req-276fd288-2e2c-4c6f-9bd9-6166a46b6cd9 2fd2a838c9d841038e23c9eea0147d03 f8116de236804019afcdc6d5dae5543e - - default default] GET http://[LB_IP_ADDRESS]:8776/v3/f8116de236804019afcdc6d5dae5543e/groups/6c537fd5-dbcc-483e-81a5-bab55b382358
2024-04-30 12:12:00.549 21 INFO cinder.api.openstack.wsgi [None req-276fd288-2e2c-4c6f-9bd9-6166a46b6cd9 2fd2a838c9d841038e23c9eea0147d03 f8116de236804019afcdc6d5dae5543e - - default default] http://[LB_IP_ADDRESS]:8776/v3/f8116de236804019afcdc6d5dae5543e/groups/6c537fd5-dbcc-483e-81a5-bab55b382358 returned with HTTP 200
2024-04-30 12:12:01.567 23 INFO cinder.api.openstack.wsgi [None req-7e30bb8e-0fe9-44a9-9c47-1dbfd0792880 2fd2a838c9d841038e23c9eea0147d03 f8116de236804019afcdc6d5dae5543e - - default default] GET http://[LB_IP_ADDRESS]:8776/v3/f8116de236804019afcdc6d5dae5543e/groups/6c537fd5-dbcc-483e-81a5-bab55b382358
