2026-06-04 18:03:54.728 76 INFO cinder.api.openstack.wsgi [None req-4bd89831-f2a9-4726-9dc1-a205abf04183 4f8532b0b6e5423bbb69e24c8fdbb676 a7641fbdd6124be4baf8b353273b130d - - default default] GET http://[LB_IP_ADDRESS]:8776/v3/a7641fbdd6124be4baf8b353273b130d/types/429c0dfc-d298-4c70-9563-cce60476f31f
2026-06-04 18:03:54.734 76 INFO cinder.api.openstack.wsgi [None req-4bd89831-f2a9-4726-9dc1-a205abf04183 4f8532b0b6e5423bbb69e24c8fdbb676 a7641fbdd6124be4baf8b353273b130d - - default default] http://[LB_IP_ADDRESS]:8776/v3/a7641fbdd6124be4baf8b353273b130d/types/429c0dfc-d298-4c70-9563-cce60476f31f returned with HTTP 404
2026-06-04 18:03:54.746 73 INFO cinder.api.openstack.wsgi [None req-e8c69b67-712b-4ad8-84c0-884b47a310ed 4f8532b0b6e5423bbb69e24c8fdbb676 a7641fbdd6124be4baf8b353273b130d - - default default] DELETE http://[LB_IP_ADDRESS]:8776/v3/a7641fbdd6124be4baf8b353273b130d/types/709a5b83-060d-49d7-9574-501967dfe0e5
2026-06-04 18:03:54.792 73 INFO cinder.api.openstack.wsgi [None req-e8c69b67-712b-4ad8-84c0-884b47a310ed 4f8532b0b6e5423bbb69e24c8fdbb676 a7641fbdd6124be4baf8b353273b130d - - default default] http://[LB_IP_ADDRESS]:8776/v3/a7641fbdd6124be4baf8b353273b130d/types/709a5b83-060d-49d7-9574-501967dfe0e5 returned with HTTP 202
2026-06-04 18:03:54.804 74 INFO cinder.api.openstack.wsgi [None req-09a58c95-8e10-4792-b435-1c0f09336308 4f8532b0b6e5423bbb69e24c8fdbb676 a7641fbdd6124be4baf8b353273b130d - - default default] GET http://[LB_IP_ADDRESS]:8776/v3/a7641fbdd6124be4baf8b353273b130d/types/709a5b83-060d-49d7-9574-501967dfe0e5
2026-06-04 18:03:54.810 74 INFO cinder.api.openstack.wsgi [None req-09a58c95-8e10-4792-b435-1c0f09336308 4f8532b0b6e5423bbb69e24c8fdbb676 a7641fbdd6124be4baf8b353273b130d - - default default] http://[LB_IP_ADDRESS]:8776/v3/a7641fbdd6124be4baf8b353273b130d/types/709a5b83-060d-49d7-9574-501967dfe0e5 returned with HTTP 404
2026-06-04 18:03:54.825 72 INFO cinder.api.openstack.wsgi [None req-0f52db20-250c-48a5-b638-df74a4f9cda5 4f8532b0b6e5423bbb69e24c8fdbb676 a7641fbdd6124be4baf8b353273b130d - - default default] POST http://[LB_IP_ADDRESS]:8776/v3/a7641fbdd6124be4baf8b353273b130d/qos-specs
2026-06-04 18:03:54.843 72 INFO cinder.api.openstack.wsgi [None req-0f52db20-250c-48a5-b638-df74a4f9cda5 4f8532b0b6e5423bbb69e24c8fdbb676 a7641fbdd6124be4baf8b353273b130d - - default default] http://[LB_IP_ADDRESS]:8776/v3/a7641fbdd6124be4baf8b353273b130d/qos-specs returned with HTTP 200
2026-06-04 18:03:54.860 75 INFO cinder.api.openstack.wsgi [None req-7b53af15-7044-4a11-b6d6-e15b65e5e5c0 4f8532b0b6e5423bbb69e24c8fdbb676 a7641fbdd6124be4baf8b353273b130d - - default default] DELETE http://[LB_IP_ADDRESS]:8776/v3/a7641fbdd6124be4baf8b353273b130d/qos-specs/7bf24e93-2ab2-4310-82f1-97cccf36b950?force=False
2026-06-04 18:03:54.885 76 INFO cinder.api.openstack.wsgi [None req-fdba0878-df0b-4dbd-9801-d019868b8dac b39381847b3049eb951345c1567db280 6562eb3ec860418fb85bdbd185e183bc - - default default] GET http://[LB_IP_ADDRESS]:8776/v3/6562eb3ec860418fb85bdbd185e183bc/volumes/f8588329-aa68-4c1d-8f9e-d9068a569b9e
2026-06-04 18:03:54.887 75 INFO cinder.api.openstack.wsgi [None req-7b53af15-7044-4a11-b6d6-e15b65e5e5c0 4f8532b0b6e5423bbb69e24c8fdbb676 a7641fbdd6124be4baf8b353273b130d - - default default] http://[LB_IP_ADDRESS]:8776/v3/a7641fbdd6124be4baf8b353273b130d/qos-specs/7bf24e93-2ab2-4310-82f1-97cccf36b950?force=False returned with HTTP 202
2026-06-04 18:03:54.900 73 INFO cinder.api.openstack.wsgi [None req-069cd79e-c15c-4835-8892-6e97cba89a2c 4f8532b0b6e5423bbb69e24c8fdbb676 a7641fbdd6124be4baf8b353273b130d - - default default] GET http://[LB_IP_ADDRESS]:8776/v3/a7641fbdd6124be4baf8b353273b130d/qos-specs/7bf24e93-2ab2-4310-82f1-97cccf36b950
2026-06-04 18:03:54.906 76 INFO cinder.volume.api [None req-fdba0878-df0b-4dbd-9801-d019868b8dac b39381847b3049eb951345c1567db280 6562eb3ec860418fb85bdbd185e183bc - - default default] Volume info retrieved successfully.
2026-06-04 18:03:54.908 73 INFO cinder.api.openstack.wsgi [None req-069cd79e-c15c-4835-8892-6e97cba89a2c 4f8532b0b6e5423bbb69e24c8fdbb676 a7641fbdd6124be4baf8b353273b130d - - default default] http://[LB_IP_ADDRESS]:8776/v3/a7641fbdd6124be4baf8b353273b130d/qos-specs/7bf24e93-2ab2-4310-82f1-97cccf36b950 returned with HTTP 404
2026-06-04 18:03:54.921 74 INFO cinder.api.openstack.wsgi [None req-115f89bb-aa7c-4e2c-a88c-ff57951a88d2 4f8532b0b6e5423bbb69e24c8fdbb676 a7641fbdd6124be4baf8b353273b130d - - default default] GET http://[LB_IP_ADDRESS]:8776/v3/a7641fbdd6124be4baf8b353273b130d/qos-specs
2026-06-04 18:03:54.931 74 INFO cinder.api.openstack.wsgi [None req-115f89bb-aa7c-4e2c-a88c-ff57951a88d2 4f8532b0b6e5423bbb69e24c8fdbb676 a7641fbdd6124be4baf8b353273b130d - - default default] http://[LB_IP_ADDRESS]:8776/v3/a7641fbdd6124be4baf8b353273b130d/qos-specs returned with HTTP 200
2026-06-04 18:03:54.932 76 INFO cinder.api.openstack.wsgi [None req-fdba0878-df0b-4dbd-9801-d019868b8dac b39381847b3049eb951345c1567db280 6562eb3ec860418fb85bdbd185e183bc - - default default] http://[LB_IP_ADDRESS]:8776/v3/6562eb3ec860418fb85bdbd185e183bc/volumes/f8588329-aa68-4c1d-8f9e-d9068a569b9e returned with HTTP 200
2026-06-04 18:03:54.948 72 INFO cinder.api.openstack.wsgi [None req-e91216ed-7157-4709-a825-6073e7b04075 4f8532b0b6e5423bbb69e24c8fdbb676 a7641fbdd6124be4baf8b353273b130d - - default default] DELETE http://[LB_IP_ADDRESS]:8776/v3/a7641fbdd6124be4baf8b353273b130d/qos-specs/7bf24e93-2ab2-4310-82f1-97cccf36b950?force=False
2026-06-04 18:03:54.954 75 INFO cinder.api.openstack.wsgi [None req-a30b5faa-470c-402d-86b7-5022879576a8 b39381847b3049eb951345c1567db280 6562eb3ec860418fb85bdbd185e183bc - - default default] GET http://[LB_IP_ADDRESS]:8776/v3/6562eb3ec860418fb85bdbd185e183bc/groups/aebcecbe-f166-4c1d-b2b1-591bf3eaedfa
2026-06-04 18:03:54.955 72 INFO cinder.api.openstack.wsgi [None req-e91216ed-7157-4709-a825-6073e7b04075 4f8532b0b6e5423bbb69e24c8fdbb676 a7641fbdd6124be4baf8b353273b130d - - default default] http://[LB_IP_ADDRESS]:8776/v3/a7641fbdd6124be4baf8b353273b130d/qos-specs/7bf24e93-2ab2-4310-82f1-97cccf36b950?force=False returned with HTTP 404
2026-06-04 18:03:54.968 73 INFO cinder.api.openstack.wsgi [None req-877b20dc-2ade-446d-9cec-6f4aa4fdb684 4f8532b0b6e5423bbb69e24c8fdbb676 a7641fbdd6124be4baf8b353273b130d - - default default] GET http://[LB_IP_ADDRESS]:8776/v3/a7641fbdd6124be4baf8b353273b130d/qos-specs/7bf24e93-2ab2-4310-82f1-97cccf36b950
2026-06-04 18:03:54.974 75 INFO cinder.api.openstack.wsgi [None req-a30b5faa-470c-402d-86b7-5022879576a8 b39381847b3049eb951345c1567db280 6562eb3ec860418fb85bdbd185e183bc - - default default] http://[LB_IP_ADDRESS]:8776/v3/6562eb3ec860418fb85bdbd185e183bc/groups/aebcecbe-f166-4c1d-b2b1-591bf3eaedfa returned with HTTP 200
2026-06-04 18:03:54.976 73 INFO cinder.api.openstack.wsgi [None req-877b20dc-2ade-446d-9cec-6f4aa4fdb684 4f8532b0b6e5423bbb69e24c8fdbb676 a7641fbdd6124be4baf8b353273b130d - - default default] http://[LB_IP_ADDRESS]:8776/v3/a7641fbdd6124be4baf8b353273b130d/qos-specs/7bf24e93-2ab2-4310-82f1-97cccf36b950 returned with HTTP 404
2026-06-04 18:03:54.991 76 INFO cinder.api.openstack.wsgi [None req-8cfa683a-02c5-45df-a8cc-42a5e48c4058 b39381847b3049eb951345c1567db280 6562eb3ec860418fb85bdbd185e183bc - - default default] GET http://[LB_IP_ADDRESS]:8776/v3/6562eb3ec860418fb85bdbd185e183bc/volumes/detail
2026-06-04 18:03:54.991 74 INFO cinder.api.openstack.wsgi [None req-bef84a82-cce0-4866-8d9d-7b960577d262 4f8532b0b6e5423bbb69e24c8fdbb676 a7641fbdd6124be4baf8b353273b130d - - default default] POST http://[LB_IP_ADDRESS]:8776/v3/a7641fbdd6124be4baf8b353273b130d/qos-specs
2026-06-04 18:03:55.008 76 INFO cinder.volume.api [None req-8cfa683a-02c5-45df-a8cc-42a5e48c4058 b39381847b3049eb951345c1567db280 6562eb3ec860418fb85bdbd185e183bc - - default default] Get all volumes completed successfully.
2026-06-04 18:03:55.009 74 INFO cinder.api.openstack.wsgi [None req-bef84a82-cce0-4866-8d9d-7b960577d262 4f8532b0b6e5423bbb69e24c8fdbb676 a7641fbdd6124be4baf8b353273b130d - - default default] http://[LB_IP_ADDRESS]:8776/v3/a7641fbdd6124be4baf8b353273b130d/qos-specs returned with HTTP 200
2026-06-04 18:03:55.025 72 INFO cinder.api.openstack.wsgi [None req-72bdc185-8814-4055-8ad1-25b11c01cfe4 4f8532b0b6e5423bbb69e24c8fdbb676 a7641fbdd6124be4baf8b353273b130d - - default default] DELETE http://[LB_IP_ADDRESS]:8776/v3/a7641fbdd6124be4baf8b353273b130d/qos-specs/54491e0f-b954-4a6f-9409-65cbfcd7eb19?force=False
2026-06-04 18:03:55.052 72 INFO cinder.api.openstack.wsgi [None req-72bdc185-8814-4055-8ad1-25b11c01cfe4 4f8532b0b6e5423bbb69e24c8fdbb676 a7641fbdd6124be4baf8b353273b130d - - default default] http://[LB_IP_ADDRESS]:8776/v3/a7641fbdd6124be4baf8b353273b130d/qos-specs/54491e0f-b954-4a6f-9409-65cbfcd7eb19?force=False returned with HTTP 202
2026-06-04 18:03:55.052 76 INFO cinder.api.openstack.wsgi [None req-8cfa683a-02c5-45df-a8cc-42a5e48c4058 b39381847b3049eb951345c1567db280 6562eb3ec860418fb85bdbd185e183bc - - default default] http://[LB_IP_ADDRESS]:8776/v3/6562eb3ec860418fb85bdbd185e183bc/volumes/detail returned with HTTP 200
2026-06-04 18:03:55.066 75 INFO cinder.api.openstack.wsgi [None req-8114a323-65ea-41aa-90b1-4f611e9379b0 4f8532b0b6e5423bbb69e24c8fdbb676 a7641fbdd6124be4baf8b353273b130d - - default default] GET http://[LB_IP_ADDRESS]:8776/v3/a7641fbdd6124be4baf8b353273b130d/qos-specs/54491e0f-b954-4a6f-9409-65cbfcd7eb19
2026-06-04 18:03:55.073 75 INFO cinder.api.openstack.wsgi [None req-8114a323-65ea-41aa-90b1-4f611e9379b0 4f8532b0b6e5423bbb69e24c8fdbb676 a7641fbdd6124be4baf8b353273b130d - - default default] http://[LB_IP_ADDRESS]:8776/v3/a7641fbdd6124be4baf8b353273b130d/qos-specs/54491e0f-b954-4a6f-9409-65cbfcd7eb19 returned with HTTP 404
2026-06-04 18:03:55.074 73 INFO cinder.api.openstack.wsgi [None req-6207c817-b8a0-418f-a17d-b3bfb3e377be b39381847b3049eb951345c1567db280 6562eb3ec860418fb85bdbd185e183bc - - default default] POST http://[LB_IP_ADDRESS]:8776/v3/6562eb3ec860418fb85bdbd185e183bc/groups/aebcecbe-f166-4c1d-b2b1-591bf3eaedfa/action
2026-06-04 18:03:55.078 73 INFO cinder.api.v3.groups [None req-6207c817-b8a0-418f-a17d-b3bfb3e377be b39381847b3049eb951345c1567db280 6562eb3ec860418fb85bdbd185e183bc - - default default] Delete group with id: aebcecbe-f166-4c1d-b2b1-591bf3eaedfa
2026-06-04 18:03:55.086 74 INFO cinder.api.openstack.wsgi [None req-17887ecf-a0fe-4343-b442-80f2dd7eb185 4f8532b0b6e5423bbb69e24c8fdbb676 a7641fbdd6124be4baf8b353273b130d - - default default] GET http://[LB_IP_ADDRESS]:8776/v3/a7641fbdd6124be4baf8b353273b130d/qos-specs
2026-06-04 18:03:55.096 74 INFO cinder.api.openstack.wsgi [None req-17887ecf-a0fe-4343-b442-80f2dd7eb185 4f8532b0b6e5423bbb69e24c8fdbb676 a7641fbdd6124be4baf8b353273b130d - - default default] http://[LB_IP_ADDRESS]:8776/v3/a7641fbdd6124be4baf8b353273b130d/qos-specs returned with HTTP 200
2026-06-04 18:03:55.112 72 INFO cinder.api.openstack.wsgi [None req-5d498955-17a6-49ef-ad1d-1668df4170ed 4f8532b0b6e5423bbb69e24c8fdbb676 a7641fbdd6124be4baf8b353273b130d - - default default] DELETE http://[LB_IP_ADDRESS]:8776/v3/a7641fbdd6124be4baf8b353273b130d/qos-specs/54491e0f-b954-4a6f-9409-65cbfcd7eb19?force=False
2026-06-04 18:03:55.119 72 INFO cinder.api.openstack.wsgi [None req-5d498955-17a6-49ef-ad1d-1668df4170ed 4f8532b0b6e5423bbb69e24c8fdbb676 a7641fbdd6124be4baf8b353273b130d - - default default] http://[LB_IP_ADDRESS]:8776/v3/a7641fbdd6124be4baf8b353273b130d/qos-specs/54491e0f-b954-4a6f-9409-65cbfcd7eb19?force=False returned with HTTP 404
2026-06-04 18:03:55.133 76 INFO cinder.api.openstack.wsgi [None req-227b0764-c44b-4121-806a-8c604a1bf0b5 4f8532b0b6e5423bbb69e24c8fdbb676 a7641fbdd6124be4baf8b353273b130d - - default default] GET http://[LB_IP_ADDRESS]:8776/v3/a7641fbdd6124be4baf8b353273b130d/qos-specs/54491e0f-b954-4a6f-9409-65cbfcd7eb19
2026-06-04 18:03:55.140 76 INFO cinder.api.openstack.wsgi [None req-227b0764-c44b-4121-806a-8c604a1bf0b5 4f8532b0b6e5423bbb69e24c8fdbb676 a7641fbdd6124be4baf8b353273b130d - - default default] http://[LB_IP_ADDRESS]:8776/v3/a7641fbdd6124be4baf8b353273b130d/qos-specs/54491e0f-b954-4a6f-9409-65cbfcd7eb19 returned with HTTP 404
2026-06-04 18:03:55.144 73 INFO cinder.api.openstack.wsgi [None req-6207c817-b8a0-418f-a17d-b3bfb3e377be b39381847b3049eb951345c1567db280 6562eb3ec860418fb85bdbd185e183bc - - default default] http://[LB_IP_ADDRESS]:8776/v3/6562eb3ec860418fb85bdbd185e183bc/groups/aebcecbe-f166-4c1d-b2b1-591bf3eaedfa/action returned with HTTP 202
2026-06-04 18:03:55.155 75 INFO cinder.api.openstack.wsgi [None req-836b1017-56a5-45cc-a268-ac440319680e 4f8532b0b6e5423bbb69e24c8fdbb676 a7641fbdd6124be4baf8b353273b130d - - default default] POST http://[LB_IP_ADDRESS]:8776/v3/a7641fbdd6124be4baf8b353273b130d/qos-specs
2026-06-04 18:03:55.155 74 INFO cinder.api.openstack.wsgi [None req-35e3f9c2-3fd8-4820-b924-7fc65117b5c7 b39381847b3049eb951345c1567db280 6562eb3ec860418fb85bdbd185e183bc - - default default] GET http://[LB_IP_ADDRESS]:8776/v3/6562eb3ec860418fb85bdbd185e183bc/volumes/f8588329-aa68-4c1d-8f9e-d9068a569b9e
2026-06-04 18:03:55.172 75 INFO cinder.api.openstack.wsgi [None req-836b1017-56a5-45cc-a268-ac440319680e 4f8532b0b6e5423bbb69e24c8fdbb676 a7641fbdd6124be4baf8b353273b130d - - default default] http://[LB_IP_ADDRESS]:8776/v3/a7641fbdd6124be4baf8b353273b130d/qos-specs returned with HTTP 200
2026-06-04 18:03:55.177 74 INFO cinder.volume.api [None req-35e3f9c2-3fd8-4820-b924-7fc65117b5c7 b39381847b3049eb951345c1567db280 6562eb3ec860418fb85bdbd185e183bc - - default default] Volume info retrieved successfully.
2026-06-04 18:03:55.189 72 INFO cinder.api.openstack.wsgi [None req-5847a7e8-a387-4ad4-b9ea-9ebcc8d8bc50 4f8532b0b6e5423bbb69e24c8fdbb676 a7641fbdd6124be4baf8b353273b130d - - default default] DELETE http://[LB_IP_ADDRESS]:8776/v3/a7641fbdd6124be4baf8b353273b130d/qos-specs/fe006fe4-5a39-427a-a27d-07bacdab31a0?force=False
2026-06-04 18:03:55.202 74 INFO cinder.api.openstack.wsgi [None req-35e3f9c2-3fd8-4820-b924-7fc65117b5c7 b39381847b3049eb951345c1567db280 6562eb3ec860418fb85bdbd185e183bc - - default default] http://[LB_IP_ADDRESS]:8776/v3/6562eb3ec860418fb85bdbd185e183bc/volumes/f8588329-aa68-4c1d-8f9e-d9068a569b9e returned with HTTP 200
2026-06-04 18:03:55.217 72 INFO cinder.api.openstack.wsgi [None req-5847a7e8-a387-4ad4-b9ea-9ebcc8d8bc50 4f8532b0b6e5423bbb69e24c8fdbb676 a7641fbdd6124be4baf8b353273b130d - - default default] http://[LB_IP_ADDRESS]:8776/v3/a7641fbdd6124be4baf8b353273b130d/qos-specs/fe006fe4-5a39-427a-a27d-07bacdab31a0?force=False returned with HTTP 202
2026-06-04 18:03:55.230 76 INFO cinder.api.openstack.wsgi [None req-2ce943b1-c35a-48e8-bbc3-0142f4fe8795 4f8532b0b6e5423bbb69e24c8fdbb676 a7641fbdd6124be4baf8b353273b130d - - default default] GET http://[LB_IP_ADDRESS]:8776/v3/a7641fbdd6124be4baf8b353273b130d/qos-specs/fe006fe4-5a39-427a-a27d-07bacdab31a0
2026-06-04 18:03:55.237 76 INFO cinder.api.openstack.wsgi [None req-2ce943b1-c35a-48e8-bbc3-0142f4fe8795 4f8532b0b6e5423bbb69e24c8fdbb676 a7641fbdd6124be4baf8b353273b130d - - default default] http://[LB_IP_ADDRESS]:8776/v3/a7641fbdd6124be4baf8b353273b130d/qos-specs/fe006fe4-5a39-427a-a27d-07bacdab31a0 returned with HTTP 404
2026-06-04 18:03:55.250 73 INFO cinder.api.openstack.wsgi [None req-005e6fc0-0862-4e05-9596-b4cb4b179fc3 4f8532b0b6e5423bbb69e24c8fdbb676 a7641fbdd6124be4baf8b353273b130d - - default default] GET http://[LB_IP_ADDRESS]:8776/v3/a7641fbdd6124be4baf8b353273b130d/qos-specs
2026-06-04 18:03:55.260 73 INFO cinder.api.openstack.wsgi [None req-005e6fc0-0862-4e05-9596-b4cb4b179fc3 4f8532b0b6e5423bbb69e24c8fdbb676 a7641fbdd6124be4baf8b353273b130d - - default default] http://[LB_IP_ADDRESS]:8776/v3/a7641fbdd6124be4baf8b353273b130d/qos-specs returned with HTTP 200
2026-06-04 18:03:55.276 75 INFO cinder.api.openstack.wsgi [None req-77df80ef-8280-4341-8fdc-864ff18b7451 4f8532b0b6e5423bbb69e24c8fdbb676 a7641fbdd6124be4baf8b353273b130d - - default default] DELETE http://[LB_IP_ADDRESS]:8776/v3/a7641fbdd6124be4baf8b353273b130d/qos-specs/fe006fe4-5a39-427a-a27d-07bacdab31a0?force=False
2026-06-04 18:03:55.283 75 INFO cinder.api.openstack.wsgi [None req-77df80ef-8280-4341-8fdc-864ff18b7451 4f8532b0b6e5423bbb69e24c8fdbb676 a7641fbdd6124be4baf8b353273b130d - - default default] http://[LB_IP_ADDRESS]:8776/v3/a7641fbdd6124be4baf8b353273b130d/qos-specs/fe006fe4-5a39-427a-a27d-07bacdab31a0?force=False returned with HTTP 404
2026-06-04 18:03:55.297 74 INFO cinder.api.openstack.wsgi [None req-2e25526e-e9fd-4108-9ff1-ca81d4de2305 4f8532b0b6e5423bbb69e24c8fdbb676 a7641fbdd6124be4baf8b353273b130d - - default default] GET http://[LB_IP_ADDRESS]:8776/v3/a7641fbdd6124be4baf8b353273b130d/qos-specs/fe006fe4-5a39-427a-a27d-07bacdab31a0
2026-06-04 18:03:55.304 74 INFO cinder.api.openstack.wsgi [None req-2e25526e-e9fd-4108-9ff1-ca81d4de2305 4f8532b0b6e5423bbb69e24c8fdbb676 a7641fbdd6124be4baf8b353273b130d - - default default] http://[LB_IP_ADDRESS]:8776/v3/a7641fbdd6124be4baf8b353273b130d/qos-specs/fe006fe4-5a39-427a-a27d-07bacdab31a0 returned with HTTP 404
2026-06-04 18:03:55.319 72 INFO cinder.api.openstack.wsgi [None req-427be6c1-b4b8-4c12-aa37-9aa1850fee04 4f8532b0b6e5423bbb69e24c8fdbb676 a7641fbdd6124be4baf8b353273b130d - - default default] GET http://[LB_IP_ADDRESS]:8776/v3/a7641fbdd6124be4baf8b353273b130d/qos-specs/8087ad0f-fe94-4910-a7cd-409593fd6179
2026-06-04 18:03:55.327 72 INFO cinder.api.openstack.wsgi [None req-427be6c1-b4b8-4c12-aa37-9aa1850fee04 4f8532b0b6e5423bbb69e24c8fdbb676 a7641fbdd6124be4baf8b353273b130d - - default default] http://[LB_IP_ADDRESS]:8776/v3/a7641fbdd6124be4baf8b353273b130d/qos-specs/8087ad0f-fe94-4910-a7cd-409593fd6179 returned with HTTP 200
2026-06-04 18:03:55.344 76 INFO cinder.api.openstack.wsgi [None req-0ad17c6a-342a-4c1c-b366-afa6f266fa1d 4f8532b0b6e5423bbb69e24c8fdbb676 a7641fbdd6124be4baf8b353273b130d - - default default] GET http://[LB_IP_ADDRESS]:8776/v3/a7641fbdd6124be4baf8b353273b130d/qos-specs
2026-06-04 18:03:55.355 76 INFO cinder.api.openstack.wsgi [None req-0ad17c6a-342a-4c1c-b366-afa6f266fa1d 4f8532b0b6e5423bbb69e24c8fdbb676 a7641fbdd6124be4baf8b353273b130d - - default default] http://[LB_IP_ADDRESS]:8776/v3/a7641fbdd6124be4baf8b353273b130d/qos-specs returned with HTTP 200
2026-06-04 18:03:55.372 73 INFO cinder.api.openstack.wsgi [None req-ea817586-33bb-4dfd-b6ce-5c45fd82485a 4f8532b0b6e5423bbb69e24c8fdbb676 a7641fbdd6124be4baf8b353273b130d - - default default] PUT http://[LB_IP_ADDRESS]:8776/v3/a7641fbdd6124be4baf8b353273b130d/qos-specs/8087ad0f-fe94-4910-a7cd-409593fd6179
2026-06-04 18:03:55.397 73 INFO cinder.api.openstack.wsgi [None req-ea817586-33bb-4dfd-b6ce-5c45fd82485a 4f8532b0b6e5423bbb69e24c8fdbb676 a7641fbdd6124be4baf8b353273b130d - - default default] http://[LB_IP_ADDRESS]:8776/v3/a7641fbdd6124be4baf8b353273b130d/qos-specs/8087ad0f-fe94-4910-a7cd-409593fd6179 returned with HTTP 200
2026-06-04 18:03:55.412 75 INFO cinder.api.openstack.wsgi [None req-2ee0ab4f-ce49-452a-953d-2a88c529e5cf 4f8532b0b6e5423bbb69e24c8fdbb676 a7641fbdd6124be4baf8b353273b130d - - default default] GET http://[LB_IP_ADDRESS]:8776/v3/a7641fbdd6124be4baf8b353273b130d/qos-specs/8087ad0f-fe94-4910-a7cd-409593fd6179
2026-06-04 18:03:55.421 75 INFO cinder.api.openstack.wsgi [None req-2ee0ab4f-ce49-452a-953d-2a88c529e5cf 4f8532b0b6e5423bbb69e24c8fdbb676 a7641fbdd6124be4baf8b353273b130d - - default default] http://[LB_IP_ADDRESS]:8776/v3/a7641fbdd6124be4baf8b353273b130d/qos-specs/8087ad0f-fe94-4910-a7cd-409593fd6179 returned with HTTP 200
2026-06-04 18:03:55.438 74 INFO cinder.api.openstack.wsgi [None req-9bf09eb6-3073-434a-93c7-bbdb679a028f 4f8532b0b6e5423bbb69e24c8fdbb676 a7641fbdd6124be4baf8b353273b130d - - default default] PUT http://[LB_IP_ADDRESS]:8776/v3/a7641fbdd6124be4baf8b353273b130d/qos-specs/8087ad0f-fe94-4910-a7cd-409593fd6179/delete_keys
2026-06-04 18:03:55.463 74 INFO cinder.api.openstack.wsgi [None req-9bf09eb6-3073-434a-93c7-bbdb679a028f 4f8532b0b6e5423bbb69e24c8fdbb676 a7641fbdd6124be4baf8b353273b130d - - default default] http://[LB_IP_ADDRESS]:8776/v3/a7641fbdd6124be4baf8b353273b130d/qos-specs/8087ad0f-fe94-4910-a7cd-409593fd6179/delete_keys returned with HTTP 202
2026-06-04 18:03:55.476 72 INFO cinder.api.openstack.wsgi [None req-0c40ad96-9460-4311-86c8-e08a312f423c 4f8532b0b6e5423bbb69e24c8fdbb676 a7641fbdd6124be4baf8b353273b130d - - default default] GET http://[LB_IP_ADDRESS]:8776/v3/a7641fbdd6124be4baf8b353273b130d/qos-specs/8087ad0f-fe94-4910-a7cd-409593fd6179
2026-06-04 18:03:55.484 72 INFO cinder.api.openstack.wsgi [None req-0c40ad96-9460-4311-86c8-e08a312f423c 4f8532b0b6e5423bbb69e24c8fdbb676 a7641fbdd6124be4baf8b353273b130d - - default default] http://[LB_IP_ADDRESS]:8776/v3/a7641fbdd6124be4baf8b353273b130d/qos-specs/8087ad0f-fe94-4910-a7cd-409593fd6179 returned with HTTP 200
2026-06-04 18:03:55.500 76 INFO cinder.api.openstack.wsgi [None req-e5b59c21-3856-4dc7-9157-01daa0847866 4f8532b0b6e5423bbb69e24c8fdbb676 a7641fbdd6124be4baf8b353273b130d - - default default] GET http://[LB_IP_ADDRESS]:8776/v3/a7641fbdd6124be4baf8b353273b130d/qos-specs/8087ad0f-fe94-4910-a7cd-409593fd6179
2026-06-04 18:03:55.508 76 INFO cinder.api.openstack.wsgi [None req-e5b59c21-3856-4dc7-9157-01daa0847866 4f8532b0b6e5423bbb69e24c8fdbb676 a7641fbdd6124be4baf8b353273b130d - - default default] http://[LB_IP_ADDRESS]:8776/v3/a7641fbdd6124be4baf8b353273b130d/qos-specs/8087ad0f-fe94-4910-a7cd-409593fd6179 returned with HTTP 200
2026-06-04 18:03:55.526 73 INFO cinder.api.openstack.wsgi [None req-2e04245e-0f9c-43a0-a489-e008c4dee7c4 4f8532b0b6e5423bbb69e24c8fdbb676 a7641fbdd6124be4baf8b353273b130d - - default default] DELETE http://[LB_IP_ADDRESS]:8776/v3/a7641fbdd6124be4baf8b353273b130d/qos-specs/8087ad0f-fe94-4910-a7cd-409593fd6179?force=False
2026-06-04 18:03:55.554 73 INFO cinder.api.openstack.wsgi [None req-2e04245e-0f9c-43a0-a489-e008c4dee7c4 4f8532b0b6e5423bbb69e24c8fdbb676 a7641fbdd6124be4baf8b353273b130d - - default default] http://[LB_IP_ADDRESS]:8776/v3/a7641fbdd6124be4baf8b353273b130d/qos-specs/8087ad0f-fe94-4910-a7cd-409593fd6179?force=False returned with HTTP 202
2026-06-04 18:03:55.567 75 INFO cinder.api.openstack.wsgi [None req-9f073e23-c5e9-4b5e-9135-23b556246544 4f8532b0b6e5423bbb69e24c8fdbb676 a7641fbdd6124be4baf8b353273b130d - - default default] GET http://[LB_IP_ADDRESS]:8776/v3/a7641fbdd6124be4baf8b353273b130d/qos-specs/8087ad0f-fe94-4910-a7cd-409593fd6179
2026-06-04 18:03:55.574 75 INFO cinder.api.openstack.wsgi [None req-9f073e23-c5e9-4b5e-9135-23b556246544 4f8532b0b6e5423bbb69e24c8fdbb676 a7641fbdd6124be4baf8b353273b130d - - default default] http://[LB_IP_ADDRESS]:8776/v3/a7641fbdd6124be4baf8b353273b130d/qos-specs/8087ad0f-fe94-4910-a7cd-409593fd6179 returned with HTTP 404
2026-06-04 18:03:56.225 74 INFO cinder.api.openstack.wsgi [None req-4be6c3cf-cf1f-4cbf-9767-13effbe3947f b39381847b3049eb951345c1567db280 6562eb3ec860418fb85bdbd185e183bc - - default default] GET http://[LB_IP_ADDRESS]:8776/v3/6562eb3ec860418fb85bdbd185e183bc/volumes/f8588329-aa68-4c1d-8f9e-d9068a569b9e
2026-06-04 18:03:56.237 74 INFO cinder.api.openstack.wsgi [None req-4be6c3cf-cf1f-4cbf-9767-13effbe3947f b39381847b3049eb951345c1567db280 6562eb3ec860418fb85bdbd185e183bc - - default default] http://[LB_IP_ADDRESS]:8776/v3/6562eb3ec860418fb85bdbd185e183bc/volumes/f8588329-aa68-4c1d-8f9e-d9068a569b9e returned with HTTP 404
2026-06-04 18:03:56.249 72 INFO cinder.api.openstack.wsgi [None req-f83a9e7c-c56f-440d-ad46-de16e3d49160 b39381847b3049eb951345c1567db280 6562eb3ec860418fb85bdbd185e183bc - - default default] GET http://[LB_IP_ADDRESS]:8776/v3/6562eb3ec860418fb85bdbd185e183bc/groups/aebcecbe-f166-4c1d-b2b1-591bf3eaedfa
2026-06-04 18:03:56.255 72 INFO cinder.api.openstack.wsgi [None req-f83a9e7c-c56f-440d-ad46-de16e3d49160 b39381847b3049eb951345c1567db280 6562eb3ec860418fb85bdbd185e183bc - - default default] http://[LB_IP_ADDRESS]:8776/v3/6562eb3ec860418fb85bdbd185e183bc/groups/aebcecbe-f166-4c1d-b2b1-591bf3eaedfa returned with HTTP 404
2026-06-04 18:03:56.268 76 INFO cinder.api.openstack.wsgi [None req-e2474799-bffd-44a3-8806-0682e7de311f b39381847b3049eb951345c1567db280 6562eb3ec860418fb85bdbd185e183bc - - default default] DELETE http://[LB_IP_ADDRESS]:8776/v3/6562eb3ec860418fb85bdbd185e183bc/group_snapshots/e544026a-d21d-4460-92e3-02bdd855c10f
2026-06-04 18:03:56.269 76 INFO cinder.api.v3.group_snapshots [None req-e2474799-bffd-44a3-8806-0682e7de311f b39381847b3049eb951345c1567db280 6562eb3ec860418fb85bdbd185e183bc - - default default] Delete group_snapshot with id: e544026a-d21d-4460-92e3-02bdd855c10f
2026-06-04 18:03:56.317 76 INFO cinder.api.openstack.wsgi [None req-e2474799-bffd-44a3-8806-0682e7de311f b39381847b3049eb951345c1567db280 6562eb3ec860418fb85bdbd185e183bc - - default default] http://[LB_IP_ADDRESS]:8776/v3/6562eb3ec860418fb85bdbd185e183bc/group_snapshots/e544026a-d21d-4460-92e3-02bdd855c10f returned with HTTP 202
2026-06-04 18:03:56.328 73 INFO cinder.api.openstack.wsgi [None req-a2ef603f-a146-473c-9395-236b1f20744b b39381847b3049eb951345c1567db280 6562eb3ec860418fb85bdbd185e183bc - - default default] GET http://[LB_IP_ADDRESS]:8776/v3/6562eb3ec860418fb85bdbd185e183bc/volumes/detail
2026-06-04 18:03:56.343 73 INFO cinder.volume.api [None req-a2ef603f-a146-473c-9395-236b1f20744b b39381847b3049eb951345c1567db280 6562eb3ec860418fb85bdbd185e183bc - - default default] Get all volumes completed successfully.
2026-06-04 18:03:56.370 73 INFO cinder.api.openstack.wsgi [None req-a2ef603f-a146-473c-9395-236b1f20744b b39381847b3049eb951345c1567db280 6562eb3ec860418fb85bdbd185e183bc - - default default] http://[LB_IP_ADDRESS]:8776/v3/6562eb3ec860418fb85bdbd185e183bc/volumes/detail returned with HTTP 200
2026-06-04 18:03:56.393 75 INFO cinder.api.openstack.wsgi [None req-75516d92-7f66-46b3-90c3-a1a04ee42270 b39381847b3049eb951345c1567db280 6562eb3ec860418fb85bdbd185e183bc - - default default] GET http://[LB_IP_ADDRESS]:8776/v3/6562eb3ec860418fb85bdbd185e183bc/snapshots/detail
2026-06-04 18:03:56.402 75 INFO cinder.volume.api [None req-75516d92-7f66-46b3-90c3-a1a04ee42270 b39381847b3049eb951345c1567db280 6562eb3ec860418fb85bdbd185e183bc - - default default] Get all snapshots completed successfully.
2026-06-04 18:03:56.404 75 INFO cinder.api.openstack.wsgi [None req-75516d92-7f66-46b3-90c3-a1a04ee42270 b39381847b3049eb951345c1567db280 6562eb3ec860418fb85bdbd185e183bc - - default default] http://[LB_IP_ADDRESS]:8776/v3/6562eb3ec860418fb85bdbd185e183bc/snapshots/detail returned with HTTP 200
2026-06-04 18:03:56.421 74 INFO cinder.api.openstack.wsgi [None req-51458865-b8fd-4d6a-a8c8-92391c74d200 b39381847b3049eb951345c1567db280 6562eb3ec860418fb85bdbd185e183bc - - default default] GET http://[LB_IP_ADDRESS]:8776/v3/6562eb3ec860418fb85bdbd185e183bc/snapshots/0227cd11-15b7-4b24-a820-06c507121c5d
2026-06-04 18:03:56.432 74 INFO cinder.volume.api [None req-51458865-b8fd-4d6a-a8c8-92391c74d200 b39381847b3049eb951345c1567db280 6562eb3ec860418fb85bdbd185e183bc - - default default] Snapshot retrieved successfully.
2026-06-04 18:03:56.434 74 INFO cinder.api.openstack.wsgi [None req-51458865-b8fd-4d6a-a8c8-92391c74d200 b39381847b3049eb951345c1567db280 6562eb3ec860418fb85bdbd185e183bc - - default default] http://[LB_IP_ADDRESS]:8776/v3/6562eb3ec860418fb85bdbd185e183bc/snapshots/0227cd11-15b7-4b24-a820-06c507121c5d returned with HTTP 200
2026-06-04 18:03:57.451 72 INFO cinder.api.openstack.wsgi [None req-3a7b317c-88b6-4b02-910d-8e0871da2f0b b39381847b3049eb951345c1567db280 6562eb3ec860418fb85bdbd185e183bc - - default default] GET http://[LB_IP_ADDRESS]:8776/v3/6562eb3ec860418fb85bdbd185e183bc/snapshots/0227cd11-15b7-4b24-a820-06c507121c5d
2026-06-04 18:03:57.460 72 INFO cinder.api.openstack.wsgi [None req-3a7b317c-88b6-4b02-910d-8e0871da2f0b b39381847b3049eb951345c1567db280 6562eb3ec860418fb85bdbd185e183bc - - default default] http://[LB_IP_ADDRESS]:8776/v3/6562eb3ec860418fb85bdbd185e183bc/snapshots/0227cd11-15b7-4b24-a820-06c507121c5d returned with HTTP 404
2026-06-04 18:03:57.472 76 INFO cinder.api.openstack.wsgi [None req-6cc75cea-4033-402f-851e-c49998c79310 b39381847b3049eb951345c1567db280 6562eb3ec860418fb85bdbd185e183bc - - default default] GET http://[LB_IP_ADDRESS]:8776/v3/6562eb3ec860418fb85bdbd185e183bc/group_snapshots/e544026a-d21d-4460-92e3-02bdd855c10f
2026-06-04 18:03:57.478 76 INFO cinder.api.openstack.wsgi [None req-6cc75cea-4033-402f-851e-c49998c79310 b39381847b3049eb951345c1567db280 6562eb3ec860418fb85bdbd185e183bc - - default default] http://[LB_IP_ADDRESS]:8776/v3/6562eb3ec860418fb85bdbd185e183bc/group_snapshots/e544026a-d21d-4460-92e3-02bdd855c10f returned with HTTP 404
2026-06-04 18:03:57.490 73 INFO cinder.api.openstack.wsgi [None req-83d51791-cc4b-41e1-94bb-804c5f175f73 b39381847b3049eb951345c1567db280 6562eb3ec860418fb85bdbd185e183bc - - default default] GET http://[LB_IP_ADDRESS]:8776/v3/6562eb3ec860418fb85bdbd185e183bc/volumes/detail
2026-06-04 18:03:57.505 73 INFO cinder.volume.api [None req-83d51791-cc4b-41e1-94bb-804c5f175f73 b39381847b3049eb951345c1567db280 6562eb3ec860418fb85bdbd185e183bc - - default default] Get all volumes completed successfully.
2026-06-04 18:03:57.531 73 INFO cinder.api.openstack.wsgi [None req-83d51791-cc4b-41e1-94bb-804c5f175f73 b39381847b3049eb951345c1567db280 6562eb3ec860418fb85bdbd185e183bc - - default default] http://[LB_IP_ADDRESS]:8776/v3/6562eb3ec860418fb85bdbd185e183bc/volumes/detail returned with HTTP 200
2026-06-04 18:03:57.553 75 INFO cinder.api.openstack.wsgi [None req-bfce36c8-5dcb-47d6-9ff3-2ca3def8534f b39381847b3049eb951345c1567db280 6562eb3ec860418fb85bdbd185e183bc - - default default] POST http://[LB_IP_ADDRESS]:8776/v3/6562eb3ec860418fb85bdbd185e183bc/groups/9b3ab731-fd82-44cd-bc70-d5596a45fed5/action
2026-06-04 18:03:57.557 75 INFO cinder.api.v3.groups [None req-bfce36c8-5dcb-47d6-9ff3-2ca3def8534f b39381847b3049eb951345c1567db280 6562eb3ec860418fb85bdbd185e183bc - - default default] Delete group with id: 9b3ab731-fd82-44cd-bc70-d5596a45fed5
2026-06-04 18:03:57.620 75 INFO cinder.api.openstack.wsgi [None req-bfce36c8-5dcb-47d6-9ff3-2ca3def8534f b39381847b3049eb951345c1567db280 6562eb3ec860418fb85bdbd185e183bc - - default default] http://[LB_IP_ADDRESS]:8776/v3/6562eb3ec860418fb85bdbd185e183bc/groups/9b3ab731-fd82-44cd-bc70-d5596a45fed5/action returned with HTTP 202
2026-06-04 18:03:57.632 74 INFO cinder.api.openstack.wsgi [None req-2008f191-5ad2-4e72-95dc-f05cea344b6e b39381847b3049eb951345c1567db280 6562eb3ec860418fb85bdbd185e183bc - - default default] GET http://[LB_IP_ADDRESS]:8776/v3/6562eb3ec860418fb85bdbd185e183bc/volumes/c3c85aa6-0b70-4920-965d-78d28837987f
2026-06-04 18:03:57.653 74 INFO cinder.volume.api [None req-2008f191-5ad2-4e72-95dc-f05cea344b6e b39381847b3049eb951345c1567db280 6562eb3ec860418fb85bdbd185e183bc - - default default] Volume info retrieved successfully.
2026-06-04 18:03:57.681 74 INFO cinder.api.openstack.wsgi [None req-2008f191-5ad2-4e72-95dc-f05cea344b6e b39381847b3049eb951345c1567db280 6562eb3ec860418fb85bdbd185e183bc - - default default] http://[LB_IP_ADDRESS]:8776/v3/6562eb3ec860418fb85bdbd185e183bc/volumes/c3c85aa6-0b70-4920-965d-78d28837987f returned with HTTP 200
2026-06-04 18:03:58.557 72 INFO cinder.api.openstack.wsgi [None req-50466c54-b6b3-4f31-adbf-ecce4602b677 e1afbfa8a6614929ae8156af9e829836 a4d7f777a8cc46deaec227c9b9516613 - - default default] POST http://[LB_IP_ADDRESS]:8776/v3/a4d7f777a8cc46deaec227c9b9516613/types
2026-06-04 18:03:58.583 72 INFO cinder.api.openstack.wsgi [None req-50466c54-b6b3-4f31-adbf-ecce4602b677 e1afbfa8a6614929ae8156af9e829836 a4d7f777a8cc46deaec227c9b9516613 - - default default] http://[LB_IP_ADDRESS]:8776/v3/a4d7f777a8cc46deaec227c9b9516613/types returned with HTTP 200
2026-06-04 18:03:58.597 76 INFO cinder.api.openstack.wsgi [None req-dcf051dd-b75e-4a01-8d4a-be8a034d71fa e1afbfa8a6614929ae8156af9e829836 a4d7f777a8cc46deaec227c9b9516613 - - default default] POST http://[LB_IP_ADDRESS]:8776/v3/a4d7f777a8cc46deaec227c9b9516613/group_types
2026-06-04 18:03:58.622 76 INFO cinder.api.openstack.wsgi [None req-dcf051dd-b75e-4a01-8d4a-be8a034d71fa e1afbfa8a6614929ae8156af9e829836 a4d7f777a8cc46deaec227c9b9516613 - - default default] http://[LB_IP_ADDRESS]:8776/v3/a4d7f777a8cc46deaec227c9b9516613/group_types returned with HTTP 202
2026-06-04 18:03:58.704 75 INFO cinder.api.openstack.wsgi [None req-a3e6e589-ff58-4665-8821-017553573aaf b39381847b3049eb951345c1567db280 6562eb3ec860418fb85bdbd185e183bc - - default default] GET http://[LB_IP_ADDRESS]:8776/v3/6562eb3ec860418fb85bdbd185e183bc/volumes/c3c85aa6-0b70-4920-965d-78d28837987f
2026-06-04 18:03:58.716 75 INFO cinder.api.openstack.wsgi [None req-a3e6e589-ff58-4665-8821-017553573aaf b39381847b3049eb951345c1567db280 6562eb3ec860418fb85bdbd185e183bc - - default default] http://[LB_IP_ADDRESS]:8776/v3/6562eb3ec860418fb85bdbd185e183bc/volumes/c3c85aa6-0b70-4920-965d-78d28837987f returned with HTTP 404
2026-06-04 18:03:58.729 74 INFO cinder.api.openstack.wsgi [None req-dd917eb6-425f-4b3f-a476-b9198348e035 b39381847b3049eb951345c1567db280 6562eb3ec860418fb85bdbd185e183bc - - default default] GET http://[LB_IP_ADDRESS]:8776/v3/6562eb3ec860418fb85bdbd185e183bc/groups/9b3ab731-fd82-44cd-bc70-d5596a45fed5
2026-06-04 18:03:58.734 74 INFO cinder.api.openstack.wsgi [None req-dd917eb6-425f-4b3f-a476-b9198348e035 b39381847b3049eb951345c1567db280 6562eb3ec860418fb85bdbd185e183bc - - default default] http://[LB_IP_ADDRESS]:8776/v3/6562eb3ec860418fb85bdbd185e183bc/groups/9b3ab731-fd82-44cd-bc70-d5596a45fed5 returned with HTTP 404
2026-06-04 18:03:58.746 72 INFO cinder.api.openstack.wsgi [None req-73cd768e-cd78-465a-8797-b677aab6174e 8f62ceb82b114655bd34de0f7d256118 ace1d1078a1346d0b99e72ef296751a4 - - default default] DELETE http://[LB_IP_ADDRESS]:8776/v3/ace1d1078a1346d0b99e72ef296751a4/group_types/301ee00d-8edb-4b46-8d62-5247d15a737e
2026-06-04 18:03:58.767 72 INFO cinder.api.openstack.wsgi [None req-73cd768e-cd78-465a-8797-b677aab6174e 8f62ceb82b114655bd34de0f7d256118 ace1d1078a1346d0b99e72ef296751a4 - - default default] http://[LB_IP_ADDRESS]:8776/v3/ace1d1078a1346d0b99e72ef296751a4/group_types/301ee00d-8edb-4b46-8d62-5247d15a737e returned with HTTP 202
2026-06-04 18:03:58.779 76 INFO cinder.api.openstack.wsgi [None req-a4de574d-3c60-4ef3-9a0d-c17c01f6c639 8f62ceb82b114655bd34de0f7d256118 ace1d1078a1346d0b99e72ef296751a4 - - default default] DELETE http://[LB_IP_ADDRESS]:8776/v3/ace1d1078a1346d0b99e72ef296751a4/types/8adc16f9-7801-4249-a990-8029d0564469
2026-06-04 18:03:58.819 73 INFO cinder.api.openstack.wsgi [None req-8e525e0d-396e-4644-ad60-ce5add830857 75c6fe68676642e483496d635b6c0ed6 69edb33ec5a34345aa4bed03470508fe - - default default] POST http://[LB_IP_ADDRESS]:8776/v3/69edb33ec5a34345aa4bed03470508fe/groups
2026-06-04 18:03:58.824 76 INFO cinder.api.openstack.wsgi [None req-a4de574d-3c60-4ef3-9a0d-c17c01f6c639 8f62ceb82b114655bd34de0f7d256118 ace1d1078a1346d0b99e72ef296751a4 - - default default] http://[LB_IP_ADDRESS]:8776/v3/ace1d1078a1346d0b99e72ef296751a4/types/8adc16f9-7801-4249-a990-8029d0564469 returned with HTTP 202
2026-06-04 18:03:58.829 73 INFO cinder.api.v3.groups [None req-8e525e0d-396e-4644-ad60-ce5add830857 75c6fe68676642e483496d635b6c0ed6 69edb33ec5a34345aa4bed03470508fe - - default default] Creating group tempest-GroupSnapshotsV319Test-Group-554706466.
2026-06-04 18:03:58.836 75 INFO cinder.api.openstack.wsgi [None req-54f278af-7cb2-47fc-a24c-3b2dd7e48e4b 8f62ceb82b114655bd34de0f7d256118 ace1d1078a1346d0b99e72ef296751a4 - - default default] GET http://[LB_IP_ADDRESS]:8776/v3/ace1d1078a1346d0b99e72ef296751a4/types/8adc16f9-7801-4249-a990-8029d0564469
2026-06-04 18:03:58.840 73 INFO cinder.volume.api [None req-8e525e0d-396e-4644-ad60-ce5add830857 75c6fe68676642e483496d635b6c0ed6 69edb33ec5a34345aa4bed03470508fe - - default default] Availability Zones retrieved successfully.
2026-06-04 18:03:58.842 75 INFO cinder.api.openstack.wsgi [None req-54f278af-7cb2-47fc-a24c-3b2dd7e48e4b 8f62ceb82b114655bd34de0f7d256118 ace1d1078a1346d0b99e72ef296751a4 - - default default] http://[LB_IP_ADDRESS]:8776/v3/ace1d1078a1346d0b99e72ef296751a4/types/8adc16f9-7801-4249-a990-8029d0564469 returned with HTTP 404
2026-06-04 18:03:58.861 74 INFO cinder.api.openstack.wsgi [None req-9e82a717-9e68-4291-87eb-258cfdb7fa5e 8f62ceb82b114655bd34de0f7d256118 ace1d1078a1346d0b99e72ef296751a4 - - default default] POST http://[LB_IP_ADDRESS]:8776/v3/ace1d1078a1346d0b99e72ef296751a4/types
2026-06-04 18:03:58.888 74 INFO cinder.api.openstack.wsgi [None req-9e82a717-9e68-4291-87eb-258cfdb7fa5e 8f62ceb82b114655bd34de0f7d256118 ace1d1078a1346d0b99e72ef296751a4 - - default default] http://[LB_IP_ADDRESS]:8776/v3/ace1d1078a1346d0b99e72ef296751a4/types returned with HTTP 200
2026-06-04 18:03:58.903 72 INFO cinder.api.openstack.wsgi [None req-2d3f9d56-cc46-411c-a78e-6d40a59e1087 8f62ceb82b114655bd34de0f7d256118 ace1d1078a1346d0b99e72ef296751a4 - - default default] POST http://[LB_IP_ADDRESS]:8776/v3/ace1d1078a1346d0b99e72ef296751a4/group_types
2026-06-04 18:03:58.926 72 INFO cinder.api.openstack.wsgi [None req-2d3f9d56-cc46-411c-a78e-6d40a59e1087 8f62ceb82b114655bd34de0f7d256118 ace1d1078a1346d0b99e72ef296751a4 - - default default] http://[LB_IP_ADDRESS]:8776/v3/ace1d1078a1346d0b99e72ef296751a4/group_types returned with HTTP 202
2026-06-04 18:03:58.927 73 INFO cinder.api.openstack.wsgi [None req-8e525e0d-396e-4644-ad60-ce5add830857 75c6fe68676642e483496d635b6c0ed6 69edb33ec5a34345aa4bed03470508fe - - default default] http://[LB_IP_ADDRESS]:8776/v3/69edb33ec5a34345aa4bed03470508fe/groups returned with HTTP 202
2026-06-04 18:03:58.941 76 INFO cinder.api.openstack.wsgi [None req-6b212645-e934-482b-9e5a-f28defb512bc b39381847b3049eb951345c1567db280 6562eb3ec860418fb85bdbd185e183bc - - default default] POST http://[LB_IP_ADDRESS]:8776/v3/6562eb3ec860418fb85bdbd185e183bc/groups
2026-06-04 18:03:58.941 75 INFO cinder.api.openstack.wsgi [None req-d90fc850-37da-43cf-8bcc-a7b94f91267a 75c6fe68676642e483496d635b6c0ed6 69edb33ec5a34345aa4bed03470508fe - - default default] GET http://[LB_IP_ADDRESS]:8776/v3/69edb33ec5a34345aa4bed03470508fe/groups/79d0001c-3343-4dcb-b60d-433da6635287
2026-06-04 18:03:58.951 76 INFO cinder.api.v3.groups [None req-6b212645-e934-482b-9e5a-f28defb512bc b39381847b3049eb951345c1567db280 6562eb3ec860418fb85bdbd185e183bc - - default default] Creating group tempest-GroupSnapshotsTest-Group-1399810302.
2026-06-04 18:03:58.962 75 INFO cinder.api.openstack.wsgi [None req-d90fc850-37da-43cf-8bcc-a7b94f91267a 75c6fe68676642e483496d635b6c0ed6 69edb33ec5a34345aa4bed03470508fe - - default default] http://[LB_IP_ADDRESS]:8776/v3/69edb33ec5a34345aa4bed03470508fe/groups/79d0001c-3343-4dcb-b60d-433da6635287 returned with HTTP 200
2026-06-04 18:03:58.967 76 INFO cinder.volume.api [None req-6b212645-e934-482b-9e5a-f28defb512bc b39381847b3049eb951345c1567db280 6562eb3ec860418fb85bdbd185e183bc - - default default] Availability Zones retrieved successfully.
2026-06-04 18:03:58.998 74 INFO cinder.api.openstack.wsgi [None req-bf8269b7-d47b-4346-92c1-76b68ee9f202 - - - - - -] GET http://[LB_IP_ADDRESS]:8776/
2026-06-04 18:03:58.999 74 INFO cinder.api.openstack.wsgi [None req-bf8269b7-d47b-4346-92c1-76b68ee9f202 - - - - - -] http://[LB_IP_ADDRESS]:8776/ returned with HTTP 300
2026-06-04 18:03:59.043 76 INFO cinder.api.openstack.wsgi [None req-6b212645-e934-482b-9e5a-f28defb512bc b39381847b3049eb951345c1567db280 6562eb3ec860418fb85bdbd185e183bc - - default default] http://[LB_IP_ADDRESS]:8776/v3/6562eb3ec860418fb85bdbd185e183bc/groups returned with HTTP 202
2026-06-04 18:03:59.057 72 INFO cinder.api.openstack.wsgi [None req-ef2feb09-2470-49f5-914e-3ef96579fc8e b39381847b3049eb951345c1567db280 6562eb3ec860418fb85bdbd185e183bc - - default default] GET http://[LB_IP_ADDRESS]:8776/v3/6562eb3ec860418fb85bdbd185e183bc/groups/ae91bad5-b7c5-4a5f-9d42-1a575222b3e1
2026-06-04 18:03:59.077 72 INFO cinder.api.openstack.wsgi [None req-ef2feb09-2470-49f5-914e-3ef96579fc8e b39381847b3049eb951345c1567db280 6562eb3ec860418fb85bdbd185e183bc - - default default] http://[LB_IP_ADDRESS]:8776/v3/6562eb3ec860418fb85bdbd185e183bc/groups/ae91bad5-b7c5-4a5f-9d42-1a575222b3e1 returned with HTTP 200
2026-06-04 18:03:59.979 73 INFO cinder.api.openstack.wsgi [None req-c8de1729-ce13-4ac1-9681-ccccab4f8a95 75c6fe68676642e483496d635b6c0ed6 69edb33ec5a34345aa4bed03470508fe - - default default] GET http://[LB_IP_ADDRESS]:8776/v3/69edb33ec5a34345aa4bed03470508fe/groups/79d0001c-3343-4dcb-b60d-433da6635287
2026-06-04 18:04:00.000 73 INFO cinder.api.openstack.wsgi [None req-c8de1729-ce13-4ac1-9681-ccccab4f8a95 75c6fe68676642e483496d635b6c0ed6 69edb33ec5a34345aa4bed03470508fe - - default default] http://[LB_IP_ADDRESS]:8776/v3/69edb33ec5a34345aa4bed03470508fe/groups/79d0001c-3343-4dcb-b60d-433da6635287 returned with HTTP 200
2026-06-04 18:04:00.016 75 INFO cinder.api.openstack.wsgi [None req-16aa0dc6-8397-4757-af27-c279f40c6e97 75c6fe68676642e483496d635b6c0ed6 69edb33ec5a34345aa4bed03470508fe - - default default] POST http://[LB_IP_ADDRESS]:8776/v3/69edb33ec5a34345aa4bed03470508fe/volumes
2026-06-04 18:04:00.031 75 INFO cinder.api.v3.volumes [None req-16aa0dc6-8397-4757-af27-c279f40c6e97 75c6fe68676642e483496d635b6c0ed6 69edb33ec5a34345aa4bed03470508fe - - default default] Create volume of 1 GB
2026-06-04 18:04:00.040 75 INFO cinder.volume.api [None req-16aa0dc6-8397-4757-af27-c279f40c6e97 75c6fe68676642e483496d635b6c0ed6 69edb33ec5a34345aa4bed03470508fe - - default default] Availability Zones retrieved successfully.
2026-06-04 18:04:00.094 74 INFO cinder.api.openstack.wsgi [None req-3ac3b722-027d-4d2a-8b06-3fc04adf5d87 b39381847b3049eb951345c1567db280 6562eb3ec860418fb85bdbd185e183bc - - default default] GET http://[LB_IP_ADDRESS]:8776/v3/6562eb3ec860418fb85bdbd185e183bc/groups/ae91bad5-b7c5-4a5f-9d42-1a575222b3e1
2026-06-04 18:04:00.115 74 INFO cinder.api.openstack.wsgi [None req-3ac3b722-027d-4d2a-8b06-3fc04adf5d87 b39381847b3049eb951345c1567db280 6562eb3ec860418fb85bdbd185e183bc - - default default] http://[LB_IP_ADDRESS]:8776/v3/6562eb3ec860418fb85bdbd185e183bc/groups/ae91bad5-b7c5-4a5f-9d42-1a575222b3e1 returned with HTTP 200
2026-06-04 18:04:00.131 76 INFO cinder.api.openstack.wsgi [None req-ec7399ec-63ef-418e-8432-ea9024ba360e b39381847b3049eb951345c1567db280 6562eb3ec860418fb85bdbd185e183bc - - default default] POST http://[LB_IP_ADDRESS]:8776/v3/6562eb3ec860418fb85bdbd185e183bc/volumes
2026-06-04 18:04:00.146 76 INFO cinder.api.v3.volumes [None req-ec7399ec-63ef-418e-8432-ea9024ba360e b39381847b3049eb951345c1567db280 6562eb3ec860418fb85bdbd185e183bc - - default default] Create volume of 1 GB
2026-06-04 18:04:00.155 76 INFO cinder.volume.api [None req-ec7399ec-63ef-418e-8432-ea9024ba360e b39381847b3049eb951345c1567db280 6562eb3ec860418fb85bdbd185e183bc - - default default] Availability Zones retrieved successfully.
2026-06-04 18:04:00.231 75 WARNING cinder.quota [None req-16aa0dc6-8397-4757-af27-c279f40c6e97 75c6fe68676642e483496d635b6c0ed6 69edb33ec5a34345aa4bed03470508fe - - default default] Deprecated: Default quota for resource: volumes_tempest-GroupSnapshotsV319Test-volume-type-1689113907 is set by the default quota flag: quota_volumes_tempest-GroupSnapshotsV319Test-volume-type-1689113907, it is now deprecated. Please use the default quota class for default quota.
2026-06-04 18:04:00.232 75 WARNING cinder.quota [None req-16aa0dc6-8397-4757-af27-c279f40c6e97 75c6fe68676642e483496d635b6c0ed6 69edb33ec5a34345aa4bed03470508fe - - default default] Deprecated: Default quota for resource: gigabytes_tempest-GroupSnapshotsV319Test-volume-type-1689113907 is set by the default quota flag: quota_gigabytes_tempest-GroupSnapshotsV319Test-volume-type-1689113907, it is now deprecated. Please use the default quota class for default quota.
2026-06-04 18:04:00.324 76 WARNING cinder.quota [None req-ec7399ec-63ef-418e-8432-ea9024ba360e b39381847b3049eb951345c1567db280 6562eb3ec860418fb85bdbd185e183bc - - default default] Deprecated: Default quota for resource: volumes_tempest-GroupSnapshotsTest-volume-type-2018900049 is set by the default quota flag: quota_volumes_tempest-GroupSnapshotsTest-volume-type-2018900049, it is now deprecated. Please use the default quota class for default quota.
2026-06-04 18:04:00.325 76 WARNING cinder.quota [None req-ec7399ec-63ef-418e-8432-ea9024ba360e b39381847b3049eb951345c1567db280 6562eb3ec860418fb85bdbd185e183bc - - default default] Deprecated: Default quota for resource: gigabytes_tempest-GroupSnapshotsTest-volume-type-2018900049 is set by the default quota flag: quota_gigabytes_tempest-GroupSnapshotsTest-volume-type-2018900049, it is now deprecated. Please use the default quota class for default quota.
2026-06-04 18:04:00.377 75 INFO cinder.volume.api [None req-16aa0dc6-8397-4757-af27-c279f40c6e97 75c6fe68676642e483496d635b6c0ed6 69edb33ec5a34345aa4bed03470508fe - - default default] Create volume request issued successfully.
2026-06-04 18:04:00.396 75 INFO cinder.api.openstack.wsgi [None req-16aa0dc6-8397-4757-af27-c279f40c6e97 75c6fe68676642e483496d635b6c0ed6 69edb33ec5a34345aa4bed03470508fe - - default default] http://[LB_IP_ADDRESS]:8776/v3/69edb33ec5a34345aa4bed03470508fe/volumes returned with HTTP 202
2026-06-04 18:04:00.419 72 INFO cinder.api.openstack.wsgi [None req-533d0606-c52d-4c2d-a959-496932bc5c1a 75c6fe68676642e483496d635b6c0ed6 69edb33ec5a34345aa4bed03470508fe - - default default] GET http://[LB_IP_ADDRESS]:8776/v3/69edb33ec5a34345aa4bed03470508fe/volumes/abbaf171-be89-43b8-9138-9a40386ddc3d
2026-06-04 18:04:00.441 72 INFO cinder.volume.api [None req-533d0606-c52d-4c2d-a959-496932bc5c1a 75c6fe68676642e483496d635b6c0ed6 69edb33ec5a34345aa4bed03470508fe - - default default] Volume info retrieved successfully.
2026-06-04 18:04:00.450 76 INFO cinder.volume.api [None req-ec7399ec-63ef-418e-8432-ea9024ba360e b39381847b3049eb951345c1567db280 6562eb3ec860418fb85bdbd185e183bc - - default default] Create volume request issued successfully.
2026-06-04 18:04:00.468 72 INFO cinder.api.openstack.wsgi [None req-533d0606-c52d-4c2d-a959-496932bc5c1a 75c6fe68676642e483496d635b6c0ed6 69edb33ec5a34345aa4bed03470508fe - - default default] http://[LB_IP_ADDRESS]:8776/v3/69edb33ec5a34345aa4bed03470508fe/volumes/abbaf171-be89-43b8-9138-9a40386ddc3d returned with HTTP 200
2026-06-04 18:04:00.470 76 INFO cinder.api.openstack.wsgi [None req-ec7399ec-63ef-418e-8432-ea9024ba360e b39381847b3049eb951345c1567db280 6562eb3ec860418fb85bdbd185e183bc - - default default] http://[LB_IP_ADDRESS]:8776/v3/6562eb3ec860418fb85bdbd185e183bc/volumes returned with HTTP 202
2026-06-04 18:04:00.491 73 INFO cinder.api.openstack.wsgi [None req-819faff1-d52d-444d-8f51-fdcd7828fc4f b39381847b3049eb951345c1567db280 6562eb3ec860418fb85bdbd185e183bc - - default default] GET http://[LB_IP_ADDRESS]:8776/v3/6562eb3ec860418fb85bdbd185e183bc/volumes/411586ef-6096-4ea2-9af8-2f9a8d9840a6
2026-06-04 18:04:00.531 73 INFO cinder.volume.api [None req-819faff1-d52d-444d-8f51-fdcd7828fc4f b39381847b3049eb951345c1567db280 6562eb3ec860418fb85bdbd185e183bc - - default default] Volume info retrieved successfully.
2026-06-04 18:04:00.563 73 INFO cinder.api.openstack.wsgi [None req-819faff1-d52d-444d-8f51-fdcd7828fc4f b39381847b3049eb951345c1567db280 6562eb3ec860418fb85bdbd185e183bc - - default default] http://[LB_IP_ADDRESS]:8776/v3/6562eb3ec860418fb85bdbd185e183bc/volumes/411586ef-6096-4ea2-9af8-2f9a8d9840a6 returned with HTTP 200
2026-06-04 18:04:01.492 74 INFO cinder.api.openstack.wsgi [None req-6d71f44b-6f49-4a56-8717-2b6158962cc0 75c6fe68676642e483496d635b6c0ed6 69edb33ec5a34345aa4bed03470508fe - - default default] GET http://[LB_IP_ADDRESS]:8776/v3/69edb33ec5a34345aa4bed03470508fe/volumes/abbaf171-be89-43b8-9138-9a40386ddc3d
2026-06-04 18:04:01.513 74 INFO cinder.volume.api [None req-6d71f44b-6f49-4a56-8717-2b6158962cc0 75c6fe68676642e483496d635b6c0ed6 69edb33ec5a34345aa4bed03470508fe - - default default] Volume info retrieved successfully.
2026-06-04 18:04:01.540 74 INFO cinder.api.openstack.wsgi [None req-6d71f44b-6f49-4a56-8717-2b6158962cc0 75c6fe68676642e483496d635b6c0ed6 69edb33ec5a34345aa4bed03470508fe - - default default] http://[LB_IP_ADDRESS]:8776/v3/69edb33ec5a34345aa4bed03470508fe/volumes/abbaf171-be89-43b8-9138-9a40386ddc3d returned with HTTP 200
2026-06-04 18:04:01.562 75 INFO cinder.api.openstack.wsgi [None req-bb6aaacf-8c2c-4d59-b535-eb1a13f30c3f 75c6fe68676642e483496d635b6c0ed6 69edb33ec5a34345aa4bed03470508fe - - default default] POST http://[LB_IP_ADDRESS]:8776/v3/69edb33ec5a34345aa4bed03470508fe/group_snapshots
2026-06-04 18:04:01.577 75 INFO cinder.api.v3.group_snapshots [None req-bb6aaacf-8c2c-4d59-b535-eb1a13f30c3f 75c6fe68676642e483496d635b6c0ed6 69edb33ec5a34345aa4bed03470508fe - - default default] Creating group_snapshot tempest-GroupSnapshotsV319Test-Group_Snapshot-1609773435.
2026-06-04 18:04:01.585 72 INFO cinder.api.openstack.wsgi [None req-88967e4a-3f54-4b42-bdd4-f4c9eaa8cf85 b39381847b3049eb951345c1567db280 6562eb3ec860418fb85bdbd185e183bc - - default default] GET http://[LB_IP_ADDRESS]:8776/v3/6562eb3ec860418fb85bdbd185e183bc/volumes/411586ef-6096-4ea2-9af8-2f9a8d9840a6
2026-06-04 18:04:01.607 72 INFO cinder.volume.api [None req-88967e4a-3f54-4b42-bdd4-f4c9eaa8cf85 b39381847b3049eb951345c1567db280 6562eb3ec860418fb85bdbd185e183bc - - default default] Volume info retrieved successfully.
2026-06-04 18:04:01.633 72 INFO cinder.api.openstack.wsgi [None req-88967e4a-3f54-4b42-bdd4-f4c9eaa8cf85 b39381847b3049eb951345c1567db280 6562eb3ec860418fb85bdbd185e183bc - - default default] http://[LB_IP_ADDRESS]:8776/v3/6562eb3ec860418fb85bdbd185e183bc/volumes/411586ef-6096-4ea2-9af8-2f9a8d9840a6 returned with HTTP 200
