2025-12-09 14:42:18.367 72 INFO cinder.volume.api [None req-368f7344-7f56-4fb8-9618-8704bc7a61f1 84851714b67545bd9de03c1080d2646d 4c85143f29a541348deda0e168ab479d - - default default] Volume info retrieved successfully.
2025-12-09 14:42:18.372 72 INFO cinder.api.openstack.wsgi [None req-368f7344-7f56-4fb8-9618-8704bc7a61f1 84851714b67545bd9de03c1080d2646d 4c85143f29a541348deda0e168ab479d - - default default] http://[LB_IP_ADDRESS]:8776/v3/4c85143f29a541348deda0e168ab479d/volumes/76c0b02d-0b12-4852-ad72-e44fdb743675 returned with HTTP 200
2025-12-09 14:42:18.700 73 INFO cinder.api.openstack.wsgi [None req-4e46fc0b-2383-4832-a2fa-5faf639341fa dd0bacc001f841c1b8743b6e6fced73e c6afe0386d5d469fae87de7b006cd284 - - default default] POST http://[LB_IP_ADDRESS]:8776/v3/c6afe0386d5d469fae87de7b006cd284/types
2025-12-09 14:42:18.731 73 INFO cinder.api.openstack.wsgi [None req-4e46fc0b-2383-4832-a2fa-5faf639341fa dd0bacc001f841c1b8743b6e6fced73e c6afe0386d5d469fae87de7b006cd284 - - default default] http://[LB_IP_ADDRESS]:8776/v3/c6afe0386d5d469fae87de7b006cd284/types returned with HTTP 200
2025-12-09 14:42:18.744 74 INFO cinder.api.openstack.wsgi [None req-0a9fe8e8-592e-4a1c-8a33-c8b4265cab02 dd0bacc001f841c1b8743b6e6fced73e c6afe0386d5d469fae87de7b006cd284 - - default default] POST http://[LB_IP_ADDRESS]:8776/v3/c6afe0386d5d469fae87de7b006cd284/group_types
2025-12-09 14:42:18.771 74 INFO cinder.api.openstack.wsgi [None req-0a9fe8e8-592e-4a1c-8a33-c8b4265cab02 dd0bacc001f841c1b8743b6e6fced73e c6afe0386d5d469fae87de7b006cd284 - - default default] http://[LB_IP_ADDRESS]:8776/v3/c6afe0386d5d469fae87de7b006cd284/group_types returned with HTTP 202
2025-12-09 14:42:18.852 75 INFO cinder.api.openstack.wsgi [None req-df65d645-0309-4b4a-9a9c-5a13d573f1b3 6d09641ed19641c187997fbac0f7567a a74a877c04604703962d46daa982ebd6 - - default default] POST http://[LB_IP_ADDRESS]:8776/v3/a74a877c04604703962d46daa982ebd6/groups
2025-12-09 14:42:18.862 75 INFO cinder.api.v3.groups [None req-df65d645-0309-4b4a-9a9c-5a13d573f1b3 6d09641ed19641c187997fbac0f7567a a74a877c04604703962d46daa982ebd6 - - default default] Creating group tempest-GroupSnapshotsTest-Group-418727232.
2025-12-09 14:42:18.870 75 INFO cinder.volume.api [None req-df65d645-0309-4b4a-9a9c-5a13d573f1b3 6d09641ed19641c187997fbac0f7567a a74a877c04604703962d46daa982ebd6 - - default default] Availability Zones retrieved successfully.
2025-12-09 14:42:18.953 75 INFO cinder.api.openstack.wsgi [None req-df65d645-0309-4b4a-9a9c-5a13d573f1b3 6d09641ed19641c187997fbac0f7567a a74a877c04604703962d46daa982ebd6 - - default default] http://[LB_IP_ADDRESS]:8776/v3/a74a877c04604703962d46daa982ebd6/groups returned with HTTP 202
2025-12-09 14:42:18.966 76 INFO cinder.api.openstack.wsgi [None req-2e9d5f18-04ff-4ab3-8396-346646d1a3b6 6d09641ed19641c187997fbac0f7567a a74a877c04604703962d46daa982ebd6 - - default default] GET http://[LB_IP_ADDRESS]:8776/v3/a74a877c04604703962d46daa982ebd6/groups/ae6b908b-e054-4166-9424-5e175b9675bb
2025-12-09 14:42:18.988 76 INFO cinder.api.openstack.wsgi [None req-2e9d5f18-04ff-4ab3-8396-346646d1a3b6 6d09641ed19641c187997fbac0f7567a a74a877c04604703962d46daa982ebd6 - - default default] http://[LB_IP_ADDRESS]:8776/v3/a74a877c04604703962d46daa982ebd6/groups/ae6b908b-e054-4166-9424-5e175b9675bb returned with HTTP 200
2025-12-09 14:42:19.392 72 INFO cinder.api.openstack.wsgi [None req-642a7bf9-3a2a-42b6-91a3-3a893d519ce8 84851714b67545bd9de03c1080d2646d 4c85143f29a541348deda0e168ab479d - - default default] GET http://[LB_IP_ADDRESS]:8776/v3/4c85143f29a541348deda0e168ab479d/volumes/76c0b02d-0b12-4852-ad72-e44fdb743675
2025-12-09 14:42:19.403 72 INFO cinder.api.openstack.wsgi [None req-642a7bf9-3a2a-42b6-91a3-3a893d519ce8 84851714b67545bd9de03c1080d2646d 4c85143f29a541348deda0e168ab479d - - default default] http://[LB_IP_ADDRESS]:8776/v3/4c85143f29a541348deda0e168ab479d/volumes/76c0b02d-0b12-4852-ad72-e44fdb743675 returned with HTTP 404
2025-12-09 14:42:19.415 73 INFO cinder.api.openstack.wsgi [None req-bb94b0ff-7b65-420c-b0bc-7a51dec092fa 84851714b67545bd9de03c1080d2646d 4c85143f29a541348deda0e168ab479d - - default default] DELETE http://[LB_IP_ADDRESS]:8776/v3/4c85143f29a541348deda0e168ab479d/volumes/f435d77b-5bcf-4c96-a35e-e16298c0faf5
2025-12-09 14:42:19.416 73 INFO cinder.api.v3.volumes [None req-bb94b0ff-7b65-420c-b0bc-7a51dec092fa 84851714b67545bd9de03c1080d2646d 4c85143f29a541348deda0e168ab479d - - default default] Delete volume with id: f435d77b-5bcf-4c96-a35e-e16298c0faf5 
2025-12-09 14:42:19.428 73 INFO cinder.volume.api [None req-bb94b0ff-7b65-420c-b0bc-7a51dec092fa 84851714b67545bd9de03c1080d2646d 4c85143f29a541348deda0e168ab479d - - default default] Volume info retrieved successfully.
2025-12-09 14:42:19.447 73 INFO cinder.volume.api [None req-bb94b0ff-7b65-420c-b0bc-7a51dec092fa 84851714b67545bd9de03c1080d2646d 4c85143f29a541348deda0e168ab479d - - default default] Delete volume request issued successfully.
2025-12-09 14:42:19.448 73 INFO cinder.api.openstack.wsgi [None req-bb94b0ff-7b65-420c-b0bc-7a51dec092fa 84851714b67545bd9de03c1080d2646d 4c85143f29a541348deda0e168ab479d - - default default] http://[LB_IP_ADDRESS]:8776/v3/4c85143f29a541348deda0e168ab479d/volumes/f435d77b-5bcf-4c96-a35e-e16298c0faf5 returned with HTTP 202
2025-12-09 14:42:19.460 74 INFO cinder.api.openstack.wsgi [None req-e9d660b0-11c6-4243-a403-8ca3aaa3bb00 84851714b67545bd9de03c1080d2646d 4c85143f29a541348deda0e168ab479d - - default default] GET http://[LB_IP_ADDRESS]:8776/v3/4c85143f29a541348deda0e168ab479d/volumes/f435d77b-5bcf-4c96-a35e-e16298c0faf5
2025-12-09 14:42:19.475 74 INFO cinder.volume.api [None req-e9d660b0-11c6-4243-a403-8ca3aaa3bb00 84851714b67545bd9de03c1080d2646d 4c85143f29a541348deda0e168ab479d - - default default] Volume info retrieved successfully.
2025-12-09 14:42:19.480 74 INFO cinder.api.openstack.wsgi [None req-e9d660b0-11c6-4243-a403-8ca3aaa3bb00 84851714b67545bd9de03c1080d2646d 4c85143f29a541348deda0e168ab479d - - default default] http://[LB_IP_ADDRESS]:8776/v3/4c85143f29a541348deda0e168ab479d/volumes/f435d77b-5bcf-4c96-a35e-e16298c0faf5 returned with HTTP 200
2025-12-09 14:42:20.005 75 INFO cinder.api.openstack.wsgi [None req-63d16284-8285-4c30-93d9-d2dc90ebaba1 6d09641ed19641c187997fbac0f7567a a74a877c04604703962d46daa982ebd6 - - default default] GET http://[LB_IP_ADDRESS]:8776/v3/a74a877c04604703962d46daa982ebd6/groups/ae6b908b-e054-4166-9424-5e175b9675bb
2025-12-09 14:42:20.024 75 INFO cinder.api.openstack.wsgi [None req-63d16284-8285-4c30-93d9-d2dc90ebaba1 6d09641ed19641c187997fbac0f7567a a74a877c04604703962d46daa982ebd6 - - default default] http://[LB_IP_ADDRESS]:8776/v3/a74a877c04604703962d46daa982ebd6/groups/ae6b908b-e054-4166-9424-5e175b9675bb returned with HTTP 200
2025-12-09 14:42:20.039 76 INFO cinder.api.openstack.wsgi [None req-3708a783-e32a-4675-80e6-b33ec3506262 6d09641ed19641c187997fbac0f7567a a74a877c04604703962d46daa982ebd6 - - default default] POST http://[LB_IP_ADDRESS]:8776/v3/a74a877c04604703962d46daa982ebd6/volumes
2025-12-09 14:42:20.052 76 INFO cinder.api.v3.volumes [None req-3708a783-e32a-4675-80e6-b33ec3506262 6d09641ed19641c187997fbac0f7567a a74a877c04604703962d46daa982ebd6 - - default default] Create volume of 1 GB
2025-12-09 14:42:20.058 76 INFO cinder.volume.api [None req-3708a783-e32a-4675-80e6-b33ec3506262 6d09641ed19641c187997fbac0f7567a a74a877c04604703962d46daa982ebd6 - - default default] Availability Zones retrieved successfully.
2025-12-09 14:42:20.290 76 WARNING cinder.quota [None req-3708a783-e32a-4675-80e6-b33ec3506262 6d09641ed19641c187997fbac0f7567a a74a877c04604703962d46daa982ebd6 - - default default] Deprecated: Default quota for resource: volumes_tempest-GroupSnapshotsTest-volume-type-407869363 is set by the default quota flag: quota_volumes_tempest-GroupSnapshotsTest-volume-type-407869363, it is now deprecated. Please use the default quota class for default quota.
2025-12-09 14:42:20.290 76 WARNING cinder.quota [None req-3708a783-e32a-4675-80e6-b33ec3506262 6d09641ed19641c187997fbac0f7567a a74a877c04604703962d46daa982ebd6 - - default default] Deprecated: Default quota for resource: gigabytes_tempest-GroupSnapshotsTest-volume-type-407869363 is set by the default quota flag: quota_gigabytes_tempest-GroupSnapshotsTest-volume-type-407869363, it is now deprecated. Please use the default quota class for default quota.
2025-12-09 14:42:20.392 76 INFO cinder.volume.api [None req-3708a783-e32a-4675-80e6-b33ec3506262 6d09641ed19641c187997fbac0f7567a a74a877c04604703962d46daa982ebd6 - - default default] Create volume request issued successfully.
2025-12-09 14:42:20.417 76 INFO cinder.api.openstack.wsgi [None req-3708a783-e32a-4675-80e6-b33ec3506262 6d09641ed19641c187997fbac0f7567a a74a877c04604703962d46daa982ebd6 - - default default] http://[LB_IP_ADDRESS]:8776/v3/a74a877c04604703962d46daa982ebd6/volumes returned with HTTP 202
2025-12-09 14:42:20.433 72 INFO cinder.api.openstack.wsgi [None req-9da6fa95-5fd0-4672-8787-5d1899908ad0 6d09641ed19641c187997fbac0f7567a a74a877c04604703962d46daa982ebd6 - - default default] GET http://[LB_IP_ADDRESS]:8776/v3/a74a877c04604703962d46daa982ebd6/volumes/5b972447-46ea-4798-9b95-a3eff5fcce15
2025-12-09 14:42:20.458 72 INFO cinder.volume.api [None req-9da6fa95-5fd0-4672-8787-5d1899908ad0 6d09641ed19641c187997fbac0f7567a a74a877c04604703962d46daa982ebd6 - - default default] Volume info retrieved successfully.
2025-12-09 14:42:20.473 72 INFO cinder.api.openstack.wsgi [None req-9da6fa95-5fd0-4672-8787-5d1899908ad0 6d09641ed19641c187997fbac0f7567a a74a877c04604703962d46daa982ebd6 - - default default] http://[LB_IP_ADDRESS]:8776/v3/a74a877c04604703962d46daa982ebd6/volumes/5b972447-46ea-4798-9b95-a3eff5fcce15 returned with HTTP 200
2025-12-09 14:42:20.496 73 INFO cinder.api.openstack.wsgi [None req-50e911e7-d703-4df0-907a-266b4975e950 84851714b67545bd9de03c1080d2646d 4c85143f29a541348deda0e168ab479d - - default default] GET http://[LB_IP_ADDRESS]:8776/v3/4c85143f29a541348deda0e168ab479d/volumes/f435d77b-5bcf-4c96-a35e-e16298c0faf5
2025-12-09 14:42:20.503 73 INFO cinder.api.openstack.wsgi [None req-50e911e7-d703-4df0-907a-266b4975e950 84851714b67545bd9de03c1080d2646d 4c85143f29a541348deda0e168ab479d - - default default] http://[LB_IP_ADDRESS]:8776/v3/4c85143f29a541348deda0e168ab479d/volumes/f435d77b-5bcf-4c96-a35e-e16298c0faf5 returned with HTTP 404
2025-12-09 14:42:20.510 74 INFO cinder.api.openstack.wsgi [None req-7f70fd47-6513-4a37-af97-010573075eb2 84851714b67545bd9de03c1080d2646d 4c85143f29a541348deda0e168ab479d - - default default] DELETE http://[LB_IP_ADDRESS]:8776/v3/4c85143f29a541348deda0e168ab479d/volumes/c59baafc-b055-4245-bc2f-d69c69357fc1
2025-12-09 14:42:20.511 74 INFO cinder.api.v3.volumes [None req-7f70fd47-6513-4a37-af97-010573075eb2 84851714b67545bd9de03c1080d2646d 4c85143f29a541348deda0e168ab479d - - default default] Delete volume with id: c59baafc-b055-4245-bc2f-d69c69357fc1 
2025-12-09 14:42:20.519 74 INFO cinder.volume.api [None req-7f70fd47-6513-4a37-af97-010573075eb2 84851714b67545bd9de03c1080d2646d 4c85143f29a541348deda0e168ab479d - - default default] Volume info retrieved successfully.
2025-12-09 14:42:20.535 74 INFO cinder.volume.api [None req-7f70fd47-6513-4a37-af97-010573075eb2 84851714b67545bd9de03c1080d2646d 4c85143f29a541348deda0e168ab479d - - default default] Delete volume request issued successfully.
2025-12-09 14:42:20.535 74 INFO cinder.api.openstack.wsgi [None req-7f70fd47-6513-4a37-af97-010573075eb2 84851714b67545bd9de03c1080d2646d 4c85143f29a541348deda0e168ab479d - - default default] http://[LB_IP_ADDRESS]:8776/v3/4c85143f29a541348deda0e168ab479d/volumes/c59baafc-b055-4245-bc2f-d69c69357fc1 returned with HTTP 202
2025-12-09 14:42:20.547 75 INFO cinder.api.openstack.wsgi [None req-8af62514-81f8-480c-ad38-90a6d3565d60 84851714b67545bd9de03c1080d2646d 4c85143f29a541348deda0e168ab479d - - default default] GET http://[LB_IP_ADDRESS]:8776/v3/4c85143f29a541348deda0e168ab479d/volumes/c59baafc-b055-4245-bc2f-d69c69357fc1
2025-12-09 14:42:20.563 75 INFO cinder.volume.api [None req-8af62514-81f8-480c-ad38-90a6d3565d60 84851714b67545bd9de03c1080d2646d 4c85143f29a541348deda0e168ab479d - - default default] Volume info retrieved successfully.
2025-12-09 14:42:20.567 75 INFO cinder.api.openstack.wsgi [None req-8af62514-81f8-480c-ad38-90a6d3565d60 84851714b67545bd9de03c1080d2646d 4c85143f29a541348deda0e168ab479d - - default default] http://[LB_IP_ADDRESS]:8776/v3/4c85143f29a541348deda0e168ab479d/volumes/c59baafc-b055-4245-bc2f-d69c69357fc1 returned with HTTP 200
2025-12-09 14:42:20.800 76 INFO cinder.api.openstack.wsgi [None req-c779aad7-2c50-42ba-b4c0-6100675bec7c 0af17e936d84454c9f11cefe4e8cbedc 7794ee4d75d14192b85c850edbfd6929 - - default default] GET http://[LB_IP_ADDRESS]:8776/v3/7794ee4d75d14192b85c850edbfd6929/scheduler-stats/get_pools
2025-12-09 14:42:21.308 76 INFO cinder.api.openstack.wsgi [None req-c779aad7-2c50-42ba-b4c0-6100675bec7c 0af17e936d84454c9f11cefe4e8cbedc 7794ee4d75d14192b85c850edbfd6929 - - default default] http://[LB_IP_ADDRESS]:8776/v3/7794ee4d75d14192b85c850edbfd6929/scheduler-stats/get_pools returned with HTTP 200
2025-12-09 14:42:21.327 72 INFO cinder.api.openstack.wsgi [None req-a4ded304-f4af-4088-a7dd-640bb4dff61b 0af17e936d84454c9f11cefe4e8cbedc 7794ee4d75d14192b85c850edbfd6929 - - default default] GET http://[LB_IP_ADDRESS]:8776/v3/7794ee4d75d14192b85c850edbfd6929/scheduler-stats/get_pools?detail=True
2025-12-09 14:42:21.496 73 INFO cinder.api.openstack.wsgi [None req-d90b4886-9043-4392-960d-64cd7ea4d7d7 6d09641ed19641c187997fbac0f7567a a74a877c04604703962d46daa982ebd6 - - default default] GET http://[LB_IP_ADDRESS]:8776/v3/a74a877c04604703962d46daa982ebd6/volumes/5b972447-46ea-4798-9b95-a3eff5fcce15
2025-12-09 14:42:21.512 73 INFO cinder.volume.api [None req-d90b4886-9043-4392-960d-64cd7ea4d7d7 6d09641ed19641c187997fbac0f7567a a74a877c04604703962d46daa982ebd6 - - default default] Volume info retrieved successfully.
2025-12-09 14:42:21.531 73 INFO cinder.api.openstack.wsgi [None req-d90b4886-9043-4392-960d-64cd7ea4d7d7 6d09641ed19641c187997fbac0f7567a a74a877c04604703962d46daa982ebd6 - - default default] http://[LB_IP_ADDRESS]:8776/v3/a74a877c04604703962d46daa982ebd6/volumes/5b972447-46ea-4798-9b95-a3eff5fcce15 returned with HTTP 200
2025-12-09 14:42:21.554 74 INFO cinder.api.openstack.wsgi [None req-d31604c3-1535-4b22-9c4f-7c55e626beaf 6d09641ed19641c187997fbac0f7567a a74a877c04604703962d46daa982ebd6 - - default default] POST http://[LB_IP_ADDRESS]:8776/v3/a74a877c04604703962d46daa982ebd6/group_snapshots
2025-12-09 14:42:21.568 74 INFO cinder.api.v3.group_snapshots [None req-d31604c3-1535-4b22-9c4f-7c55e626beaf 6d09641ed19641c187997fbac0f7567a a74a877c04604703962d46daa982ebd6 - - default default] Creating group_snapshot tempest-group_snapshot-304933847.
2025-12-09 14:42:21.589 75 INFO cinder.api.openstack.wsgi [None req-4874463c-e68f-4b62-a4c0-7e9b9bc9125f 84851714b67545bd9de03c1080d2646d 4c85143f29a541348deda0e168ab479d - - default default] GET http://[LB_IP_ADDRESS]:8776/v3/4c85143f29a541348deda0e168ab479d/volumes/c59baafc-b055-4245-bc2f-d69c69357fc1
2025-12-09 14:42:21.600 75 INFO cinder.api.openstack.wsgi [None req-4874463c-e68f-4b62-a4c0-7e9b9bc9125f 84851714b67545bd9de03c1080d2646d 4c85143f29a541348deda0e168ab479d - - default default] http://[LB_IP_ADDRESS]:8776/v3/4c85143f29a541348deda0e168ab479d/volumes/c59baafc-b055-4245-bc2f-d69c69357fc1 returned with HTTP 404
2025-12-09 14:42:21.637 74 WARNING cinder.quota [None req-d31604c3-1535-4b22-9c4f-7c55e626beaf 6d09641ed19641c187997fbac0f7567a a74a877c04604703962d46daa982ebd6 - - default default] Deprecated: Default quota for resource: gigabytes_tempest-GroupSnapshotsTest-volume-type-407869363 is set by the default quota flag: quota_gigabytes_tempest-GroupSnapshotsTest-volume-type-407869363, it is now deprecated. Please use the default quota class for default quota.
2025-12-09 14:42:21.637 74 WARNING cinder.quota [None req-d31604c3-1535-4b22-9c4f-7c55e626beaf 6d09641ed19641c187997fbac0f7567a a74a877c04604703962d46daa982ebd6 - - default default] Deprecated: Default quota for resource: snapshots_tempest-GroupSnapshotsTest-volume-type-407869363 is set by the default quota flag: quota_snapshots_tempest-GroupSnapshotsTest-volume-type-407869363, it is now deprecated. Please use the default quota class for default quota.
2025-12-09 14:42:21.692 74 INFO cinder.api.openstack.wsgi [None req-d31604c3-1535-4b22-9c4f-7c55e626beaf 6d09641ed19641c187997fbac0f7567a a74a877c04604703962d46daa982ebd6 - - default default] http://[LB_IP_ADDRESS]:8776/v3/a74a877c04604703962d46daa982ebd6/group_snapshots returned with HTTP 202
2025-12-09 14:42:21.707 76 INFO cinder.api.openstack.wsgi [None req-133afc32-a2d3-4f11-8b1c-4d2b21f2a771 6d09641ed19641c187997fbac0f7567a a74a877c04604703962d46daa982ebd6 - - default default] GET http://[LB_IP_ADDRESS]:8776/v3/a74a877c04604703962d46daa982ebd6/group_snapshots/f9ac8719-05c9-4bf3-bb22-5b09afca3fa6
2025-12-09 14:42:21.718 76 INFO cinder.api.openstack.wsgi [None req-133afc32-a2d3-4f11-8b1c-4d2b21f2a771 6d09641ed19641c187997fbac0f7567a a74a877c04604703962d46daa982ebd6 - - default default] http://[LB_IP_ADDRESS]:8776/v3/a74a877c04604703962d46daa982ebd6/group_snapshots/f9ac8719-05c9-4bf3-bb22-5b09afca3fa6 returned with HTTP 200
2025-12-09 14:42:21.835 72 INFO cinder.api.openstack.wsgi [None req-a4ded304-f4af-4088-a7dd-640bb4dff61b 0af17e936d84454c9f11cefe4e8cbedc 7794ee4d75d14192b85c850edbfd6929 - - default default] http://[LB_IP_ADDRESS]:8776/v3/7794ee4d75d14192b85c850edbfd6929/scheduler-stats/get_pools?detail=True returned with HTTP 200
2025-12-09 14:42:21.856 73 INFO cinder.api.openstack.wsgi [None req-cc83511f-6b11-4734-b658-1a0ea57c4e1d 0af17e936d84454c9f11cefe4e8cbedc 7794ee4d75d14192b85c850edbfd6929 - - default default] GET http://[LB_IP_ADDRESS]:8776/v3/7794ee4d75d14192b85c850edbfd6929/capabilities/rack05-server66@LIGHTOSphszul
2025-12-09 14:42:22.369 73 INFO cinder.api.openstack.wsgi [None req-cc83511f-6b11-4734-b658-1a0ea57c4e1d 0af17e936d84454c9f11cefe4e8cbedc 7794ee4d75d14192b85c850edbfd6929 - - default default] http://[LB_IP_ADDRESS]:8776/v3/7794ee4d75d14192b85c850edbfd6929/capabilities/rack05-server66@LIGHTOSphszul returned with HTTP 200
2025-12-09 14:42:22.390 75 INFO cinder.api.openstack.wsgi [None req-4e84ccc6-c5a8-4136-add6-1820d6434f99 0af17e936d84454c9f11cefe4e8cbedc 7794ee4d75d14192b85c850edbfd6929 - - default default] GET http://[LB_IP_ADDRESS]:8776/v3/7794ee4d75d14192b85c850edbfd6929/capabilities/rack05-server66@LIGHTOSphszul
2025-12-09 14:42:22.733 74 INFO cinder.api.openstack.wsgi [None req-ccfd43a0-19e8-43c8-b9e5-a7048dacf3f1 6d09641ed19641c187997fbac0f7567a a74a877c04604703962d46daa982ebd6 - - default default] GET http://[LB_IP_ADDRESS]:8776/v3/a74a877c04604703962d46daa982ebd6/group_snapshots/f9ac8719-05c9-4bf3-bb22-5b09afca3fa6
2025-12-09 14:42:22.747 74 INFO cinder.api.openstack.wsgi [None req-ccfd43a0-19e8-43c8-b9e5-a7048dacf3f1 6d09641ed19641c187997fbac0f7567a a74a877c04604703962d46daa982ebd6 - - default default] http://[LB_IP_ADDRESS]:8776/v3/a74a877c04604703962d46daa982ebd6/group_snapshots/f9ac8719-05c9-4bf3-bb22-5b09afca3fa6 returned with HTTP 200
2025-12-09 14:42:22.901 75 INFO cinder.api.openstack.wsgi [None req-4e84ccc6-c5a8-4136-add6-1820d6434f99 0af17e936d84454c9f11cefe4e8cbedc 7794ee4d75d14192b85c850edbfd6929 - - default default] http://[LB_IP_ADDRESS]:8776/v3/7794ee4d75d14192b85c850edbfd6929/capabilities/rack05-server66@LIGHTOSphszul returned with HTTP 200
2025-12-09 14:42:23.546 76 INFO cinder.api.openstack.wsgi [None req-2df713d0-bff0-459a-8b40-dcf487a6f997 - - - - - -] GET http://[LB_IP_ADDRESS]:8776/
2025-12-09 14:42:23.546 76 INFO cinder.api.openstack.wsgi [None req-2df713d0-bff0-459a-8b40-dcf487a6f997 - - - - - -] http://[LB_IP_ADDRESS]:8776/ returned with HTTP 300
2025-12-09 14:42:23.762 72 INFO cinder.api.openstack.wsgi [None req-de0c9628-8e44-4ff6-9608-8a07432e8783 6d09641ed19641c187997fbac0f7567a a74a877c04604703962d46daa982ebd6 - - default default] GET http://[LB_IP_ADDRESS]:8776/v3/a74a877c04604703962d46daa982ebd6/group_snapshots/f9ac8719-05c9-4bf3-bb22-5b09afca3fa6
2025-12-09 14:42:23.774 72 INFO cinder.api.openstack.wsgi [None req-de0c9628-8e44-4ff6-9608-8a07432e8783 6d09641ed19641c187997fbac0f7567a a74a877c04604703962d46daa982ebd6 - - default default] http://[LB_IP_ADDRESS]:8776/v3/a74a877c04604703962d46daa982ebd6/group_snapshots/f9ac8719-05c9-4bf3-bb22-5b09afca3fa6 returned with HTTP 200
2025-12-09 14:42:23.787 73 INFO cinder.api.openstack.wsgi [None req-5b232b87-3825-45a0-96c0-fc00a1ff3685 6d09641ed19641c187997fbac0f7567a a74a877c04604703962d46daa982ebd6 - - default default] GET http://[LB_IP_ADDRESS]:8776/v3/a74a877c04604703962d46daa982ebd6/snapshots/detail
2025-12-09 14:42:23.795 73 INFO cinder.volume.api [None req-5b232b87-3825-45a0-96c0-fc00a1ff3685 6d09641ed19641c187997fbac0f7567a a74a877c04604703962d46daa982ebd6 - - default default] Get all snapshots completed successfully.
2025-12-09 14:42:23.797 73 INFO cinder.api.openstack.wsgi [None req-5b232b87-3825-45a0-96c0-fc00a1ff3685 6d09641ed19641c187997fbac0f7567a a74a877c04604703962d46daa982ebd6 - - default default] http://[LB_IP_ADDRESS]:8776/v3/a74a877c04604703962d46daa982ebd6/snapshots/detail returned with HTTP 200
2025-12-09 14:42:23.808 74 INFO cinder.api.openstack.wsgi [None req-d7a84630-683a-4ee8-bee5-1982cab31739 6d09641ed19641c187997fbac0f7567a a74a877c04604703962d46daa982ebd6 - - default default] GET http://[LB_IP_ADDRESS]:8776/v3/a74a877c04604703962d46daa982ebd6/snapshots/0b2856a4-f3c4-401f-bf6a-e14cbec5541b
2025-12-09 14:42:23.814 75 INFO cinder.api.openstack.wsgi [req-4ca2dabf-9f3a-43a0-acc7-758bc64ae840 req-d06287c4-8c59-4922-8a9a-05a22b4674b6 f803b37a40814c75aeb3d3a00e394633 3b31744f2341425ea40edcaeecb675f0 - - default default] DELETE http://[LB_IP_ADDRESS]:8776/v3/volumes/tempest-invalid-267243377
2025-12-09 14:42:23.815 74 INFO cinder.volume.api [None req-d7a84630-683a-4ee8-bee5-1982cab31739 6d09641ed19641c187997fbac0f7567a a74a877c04604703962d46daa982ebd6 - - default default] Snapshot retrieved successfully.
2025-12-09 14:42:23.815 75 INFO cinder.api.v3.volumes [req-4ca2dabf-9f3a-43a0-acc7-758bc64ae840 req-d06287c4-8c59-4922-8a9a-05a22b4674b6 f803b37a40814c75aeb3d3a00e394633 3b31744f2341425ea40edcaeecb675f0 - - default default] Delete volume with id: tempest-invalid-267243377 
2025-12-09 14:42:23.816 74 INFO cinder.api.openstack.wsgi [None req-d7a84630-683a-4ee8-bee5-1982cab31739 6d09641ed19641c187997fbac0f7567a a74a877c04604703962d46daa982ebd6 - - default default] http://[LB_IP_ADDRESS]:8776/v3/a74a877c04604703962d46daa982ebd6/snapshots/0b2856a4-f3c4-401f-bf6a-e14cbec5541b returned with HTTP 200
2025-12-09 14:42:23.825 75 INFO cinder.api.openstack.wsgi [req-4ca2dabf-9f3a-43a0-acc7-758bc64ae840 req-d06287c4-8c59-4922-8a9a-05a22b4674b6 f803b37a40814c75aeb3d3a00e394633 3b31744f2341425ea40edcaeecb675f0 - - default default] http://[LB_IP_ADDRESS]:8776/v3/volumes/tempest-invalid-267243377 returned with HTTP 404
2025-12-09 14:42:23.831 76 INFO cinder.api.openstack.wsgi [None req-d79d28c9-2447-412b-a096-974e5cc4c862 6d09641ed19641c187997fbac0f7567a a74a877c04604703962d46daa982ebd6 - - default default] POST http://[LB_IP_ADDRESS]:8776/v3/a74a877c04604703962d46daa982ebd6/groups/action
2025-12-09 14:42:23.835 76 INFO cinder.api.v3.groups [None req-d79d28c9-2447-412b-a096-974e5cc4c862 6d09641ed19641c187997fbac0f7567a a74a877c04604703962d46daa982ebd6 - - default default] Creating group tempest-Group_from_snap-423546118 from group_snapshot f9ac8719-05c9-4bf3-bb22-5b09afca3fa6.
2025-12-09 14:42:23.880 72 INFO cinder.api.openstack.wsgi [req-78215c99-9e73-49b4-9758-99b0bc321297 req-d1684e66-fc5a-4edf-b98f-6305e47d76a2 f803b37a40814c75aeb3d3a00e394633 3b31744f2341425ea40edcaeecb675f0 - - default default] DELETE http://[LB_IP_ADDRESS]:8776/v3/volumes/556a2b36-8fa6-4a87-a733-442139b0c203
2025-12-09 14:42:23.881 72 INFO cinder.api.v3.volumes [req-78215c99-9e73-49b4-9758-99b0bc321297 req-d1684e66-fc5a-4edf-b98f-6305e47d76a2 f803b37a40814c75aeb3d3a00e394633 3b31744f2341425ea40edcaeecb675f0 - - default default] Delete volume with id: 556a2b36-8fa6-4a87-a733-442139b0c203 
2025-12-09 14:42:23.894 72 INFO cinder.api.openstack.wsgi [req-78215c99-9e73-49b4-9758-99b0bc321297 req-d1684e66-fc5a-4edf-b98f-6305e47d76a2 f803b37a40814c75aeb3d3a00e394633 3b31744f2341425ea40edcaeecb675f0 - - default default] http://[LB_IP_ADDRESS]:8776/v3/volumes/556a2b36-8fa6-4a87-a733-442139b0c203 returned with HTTP 404
2025-12-09 14:42:23.921 73 INFO cinder.api.openstack.wsgi [req-7af582a8-9098-4fed-99ad-ddab5dff015f req-88185a11-cbd8-4332-8cf7-048ef29fd69f f803b37a40814c75aeb3d3a00e394633 3b31744f2341425ea40edcaeecb675f0 - - default default] GET http://[LB_IP_ADDRESS]:8776/v3/volumes/9b469a6d-23dd-43bf-acb5-3547559a194c
2025-12-09 14:42:23.929 73 INFO cinder.api.openstack.wsgi [req-7af582a8-9098-4fed-99ad-ddab5dff015f req-88185a11-cbd8-4332-8cf7-048ef29fd69f f803b37a40814c75aeb3d3a00e394633 3b31744f2341425ea40edcaeecb675f0 - - default default] http://[LB_IP_ADDRESS]:8776/v3/volumes/9b469a6d-23dd-43bf-acb5-3547559a194c returned with HTTP 404
2025-12-09 14:42:24.477 76 INFO cinder.group.api [None req-d79d28c9-2447-412b-a096-974e5cc4c862 6d09641ed19641c187997fbac0f7567a a74a877c04604703962d46daa982ebd6 - - default default] A mapping entry already exists for group 990bacfc-3e53-4b95-8772-b071aea0387d and volume type 59fd29b4-ab62-4120-9aa8-5db0b2908751. Do not need to create again.
2025-12-09 14:42:24.480 76 INFO cinder.volume.api [None req-d79d28c9-2447-412b-a096-974e5cc4c862 6d09641ed19641c187997fbac0f7567a a74a877c04604703962d46daa982ebd6 - - default default] Availability Zones retrieved successfully.
2025-12-09 14:42:24.851 76 INFO cinder.volume.api [None req-d79d28c9-2447-412b-a096-974e5cc4c862 6d09641ed19641c187997fbac0f7567a a74a877c04604703962d46daa982ebd6 - - default default] Create volume request issued successfully.
2025-12-09 14:42:24.869 76 INFO cinder.api.openstack.wsgi [None req-d79d28c9-2447-412b-a096-974e5cc4c862 6d09641ed19641c187997fbac0f7567a a74a877c04604703962d46daa982ebd6 - - default default] http://[LB_IP_ADDRESS]:8776/v3/a74a877c04604703962d46daa982ebd6/groups/action returned with HTTP 202
2025-12-09 14:42:24.883 74 INFO cinder.api.openstack.wsgi [None req-a43862ac-f015-47c6-927b-e6478c18fa79 6d09641ed19641c187997fbac0f7567a a74a877c04604703962d46daa982ebd6 - - default default] GET http://[LB_IP_ADDRESS]:8776/v3/a74a877c04604703962d46daa982ebd6/volumes/detail
2025-12-09 14:42:24.897 74 INFO cinder.volume.api [None req-a43862ac-f015-47c6-927b-e6478c18fa79 6d09641ed19641c187997fbac0f7567a a74a877c04604703962d46daa982ebd6 - - default default] Get all volumes completed successfully.
2025-12-09 14:42:24.945 74 INFO cinder.api.openstack.wsgi [None req-a43862ac-f015-47c6-927b-e6478c18fa79 6d09641ed19641c187997fbac0f7567a a74a877c04604703962d46daa982ebd6 - - default default] http://[LB_IP_ADDRESS]:8776/v3/a74a877c04604703962d46daa982ebd6/volumes/detail returned with HTTP 200
2025-12-09 14:42:24.967 75 INFO cinder.api.openstack.wsgi [None req-9b55474f-a98d-43af-9d89-24f1cf784e63 6d09641ed19641c187997fbac0f7567a a74a877c04604703962d46daa982ebd6 - - default default] GET http://[LB_IP_ADDRESS]:8776/v3/a74a877c04604703962d46daa982ebd6/volumes/bfcd46b3-9acf-4bef-a5c6-04ba40c52b09
2025-12-09 14:42:24.984 75 INFO cinder.volume.api [None req-9b55474f-a98d-43af-9d89-24f1cf784e63 6d09641ed19641c187997fbac0f7567a a74a877c04604703962d46daa982ebd6 - - default default] Volume info retrieved successfully.
2025-12-09 14:42:25.003 75 INFO cinder.api.openstack.wsgi [None req-9b55474f-a98d-43af-9d89-24f1cf784e63 6d09641ed19641c187997fbac0f7567a a74a877c04604703962d46daa982ebd6 - - default default] http://[LB_IP_ADDRESS]:8776/v3/a74a877c04604703962d46daa982ebd6/volumes/bfcd46b3-9acf-4bef-a5c6-04ba40c52b09 returned with HTTP 200
2025-12-09 14:42:26.023 72 INFO cinder.api.openstack.wsgi [None req-69302611-cff9-4c64-94b5-674336de628d 6d09641ed19641c187997fbac0f7567a a74a877c04604703962d46daa982ebd6 - - default default] GET http://[LB_IP_ADDRESS]:8776/v3/a74a877c04604703962d46daa982ebd6/volumes/bfcd46b3-9acf-4bef-a5c6-04ba40c52b09
2025-12-09 14:42:26.039 72 INFO cinder.volume.api [None req-69302611-cff9-4c64-94b5-674336de628d 6d09641ed19641c187997fbac0f7567a a74a877c04604703962d46daa982ebd6 - - default default] Volume info retrieved successfully.
2025-12-09 14:42:26.057 72 INFO cinder.api.openstack.wsgi [None req-69302611-cff9-4c64-94b5-674336de628d 6d09641ed19641c187997fbac0f7567a a74a877c04604703962d46daa982ebd6 - - default default] http://[LB_IP_ADDRESS]:8776/v3/a74a877c04604703962d46daa982ebd6/volumes/bfcd46b3-9acf-4bef-a5c6-04ba40c52b09 returned with HTTP 200
2025-12-09 14:42:26.073 73 INFO cinder.api.openstack.wsgi [None req-569b021c-8053-44a1-a8cd-9aad00e93d96 6d09641ed19641c187997fbac0f7567a a74a877c04604703962d46daa982ebd6 - - default default] GET http://[LB_IP_ADDRESS]:8776/v3/a74a877c04604703962d46daa982ebd6/groups/990bacfc-3e53-4b95-8772-b071aea0387d
2025-12-09 14:42:26.088 73 INFO cinder.api.openstack.wsgi [None req-569b021c-8053-44a1-a8cd-9aad00e93d96 6d09641ed19641c187997fbac0f7567a a74a877c04604703962d46daa982ebd6 - - default default] http://[LB_IP_ADDRESS]:8776/v3/a74a877c04604703962d46daa982ebd6/groups/990bacfc-3e53-4b95-8772-b071aea0387d returned with HTTP 200
2025-12-09 14:42:26.104 76 INFO cinder.api.openstack.wsgi [None req-78d68958-cc03-4c9d-b059-1b6c85e688a0 6d09641ed19641c187997fbac0f7567a a74a877c04604703962d46daa982ebd6 - - default default] GET http://[LB_IP_ADDRESS]:8776/v3/a74a877c04604703962d46daa982ebd6/volumes/detail
2025-12-09 14:42:26.118 76 INFO cinder.volume.api [None req-78d68958-cc03-4c9d-b059-1b6c85e688a0 6d09641ed19641c187997fbac0f7567a a74a877c04604703962d46daa982ebd6 - - default default] Get all volumes completed successfully.
2025-12-09 14:42:26.165 76 INFO cinder.api.openstack.wsgi [None req-78d68958-cc03-4c9d-b059-1b6c85e688a0 6d09641ed19641c187997fbac0f7567a a74a877c04604703962d46daa982ebd6 - - default default] http://[LB_IP_ADDRESS]:8776/v3/a74a877c04604703962d46daa982ebd6/volumes/detail returned with HTTP 200
2025-12-09 14:42:26.186 74 INFO cinder.api.openstack.wsgi [None req-6e209f52-e711-49fb-b8b1-bc043ca33c4b 6d09641ed19641c187997fbac0f7567a a74a877c04604703962d46daa982ebd6 - - default default] POST http://[LB_IP_ADDRESS]:8776/v3/a74a877c04604703962d46daa982ebd6/groups/990bacfc-3e53-4b95-8772-b071aea0387d/action
2025-12-09 14:42:26.190 74 INFO cinder.api.v3.groups [None req-6e209f52-e711-49fb-b8b1-bc043ca33c4b 6d09641ed19641c187997fbac0f7567a a74a877c04604703962d46daa982ebd6 - - default default] Delete group with id: 990bacfc-3e53-4b95-8772-b071aea0387d
2025-12-09 14:42:26.231 74 INFO cinder.api.openstack.wsgi [None req-6e209f52-e711-49fb-b8b1-bc043ca33c4b 6d09641ed19641c187997fbac0f7567a a74a877c04604703962d46daa982ebd6 - - default default] http://[LB_IP_ADDRESS]:8776/v3/a74a877c04604703962d46daa982ebd6/groups/990bacfc-3e53-4b95-8772-b071aea0387d/action returned with HTTP 202
2025-12-09 14:42:26.244 75 INFO cinder.api.openstack.wsgi [None req-9744cf93-2201-4985-991a-bdb0d9c9de0d 6d09641ed19641c187997fbac0f7567a a74a877c04604703962d46daa982ebd6 - - default default] GET http://[LB_IP_ADDRESS]:8776/v3/a74a877c04604703962d46daa982ebd6/volumes/bfcd46b3-9acf-4bef-a5c6-04ba40c52b09
2025-12-09 14:42:26.258 75 INFO cinder.volume.api [None req-9744cf93-2201-4985-991a-bdb0d9c9de0d 6d09641ed19641c187997fbac0f7567a a74a877c04604703962d46daa982ebd6 - - default default] Volume info retrieved successfully.
2025-12-09 14:42:26.277 75 INFO cinder.api.openstack.wsgi [None req-9744cf93-2201-4985-991a-bdb0d9c9de0d 6d09641ed19641c187997fbac0f7567a a74a877c04604703962d46daa982ebd6 - - default default] http://[LB_IP_ADDRESS]:8776/v3/a74a877c04604703962d46daa982ebd6/volumes/bfcd46b3-9acf-4bef-a5c6-04ba40c52b09 returned with HTTP 200
2025-12-09 14:42:26.473 72 INFO cinder.api.openstack.wsgi [None req-9e6eec64-a17a-4dfc-a880-917798d4b68a 9e07cc745dc942debe92045f0054a429 b6b570151baa4ddcacf434ee950fc068 - - default default] POST http://[LB_IP_ADDRESS]:8776/v3/b6b570151baa4ddcacf434ee950fc068/types
2025-12-09 14:42:26.510 72 INFO cinder.api.openstack.wsgi [None req-9e6eec64-a17a-4dfc-a880-917798d4b68a 9e07cc745dc942debe92045f0054a429 b6b570151baa4ddcacf434ee950fc068 - - default default] http://[LB_IP_ADDRESS]:8776/v3/b6b570151baa4ddcacf434ee950fc068/types returned with HTTP 200
2025-12-09 14:42:26.525 73 INFO cinder.api.openstack.wsgi [None req-0f52ad50-0c33-46ea-bd4a-27c30afbcf9e 9e07cc745dc942debe92045f0054a429 b6b570151baa4ddcacf434ee950fc068 - - default default] POST http://[LB_IP_ADDRESS]:8776/v3/b6b570151baa4ddcacf434ee950fc068/group_types
2025-12-09 14:42:26.557 73 INFO cinder.api.openstack.wsgi [None req-0f52ad50-0c33-46ea-bd4a-27c30afbcf9e 9e07cc745dc942debe92045f0054a429 b6b570151baa4ddcacf434ee950fc068 - - default default] http://[LB_IP_ADDRESS]:8776/v3/b6b570151baa4ddcacf434ee950fc068/group_types returned with HTTP 202
2025-12-09 14:42:26.705 76 INFO cinder.api.openstack.wsgi [None req-7c52dd9a-e8fb-4522-9480-7084bff8862a 3503cd0814624853bc64960d8580fb92 9dbf579f386947cca0dcd609ecc9f81b - - default default] POST http://[LB_IP_ADDRESS]:8776/v3/9dbf579f386947cca0dcd609ecc9f81b/groups
2025-12-09 14:42:26.718 76 INFO cinder.api.v3.groups [None req-7c52dd9a-e8fb-4522-9480-7084bff8862a 3503cd0814624853bc64960d8580fb92 9dbf579f386947cca0dcd609ecc9f81b - - default default] Creating group tempest-GroupSnapshotsV319Test-Group-1824167711.
2025-12-09 14:42:26.727 76 INFO cinder.volume.api [None req-7c52dd9a-e8fb-4522-9480-7084bff8862a 3503cd0814624853bc64960d8580fb92 9dbf579f386947cca0dcd609ecc9f81b - - default default] Availability Zones retrieved successfully.
2025-12-09 14:42:26.825 76 INFO cinder.api.openstack.wsgi [None req-7c52dd9a-e8fb-4522-9480-7084bff8862a 3503cd0814624853bc64960d8580fb92 9dbf579f386947cca0dcd609ecc9f81b - - default default] http://[LB_IP_ADDRESS]:8776/v3/9dbf579f386947cca0dcd609ecc9f81b/groups returned with HTTP 202
2025-12-09 14:42:26.839 74 INFO cinder.api.openstack.wsgi [None req-82d9a69c-f894-45b2-9c11-725e91592db2 3503cd0814624853bc64960d8580fb92 9dbf579f386947cca0dcd609ecc9f81b - - default default] GET http://[LB_IP_ADDRESS]:8776/v3/9dbf579f386947cca0dcd609ecc9f81b/groups/12f4a1e5-47d8-442f-a9ce-2d89379c357e
2025-12-09 14:42:26.855 74 INFO cinder.api.openstack.wsgi [None req-82d9a69c-f894-45b2-9c11-725e91592db2 3503cd0814624853bc64960d8580fb92 9dbf579f386947cca0dcd609ecc9f81b - - default default] http://[LB_IP_ADDRESS]:8776/v3/9dbf579f386947cca0dcd609ecc9f81b/groups/12f4a1e5-47d8-442f-a9ce-2d89379c357e returned with HTTP 200
2025-12-09 14:42:26.924 75 INFO cinder.api.openstack.wsgi [None req-d250a316-8d4c-48ea-8f23-d69bea108eba 5f799926ecd745059045982bb78c1c41 0460054f2cd748a29caea7a523079dd2 - - default default] POST http://[LB_IP_ADDRESS]:8776/v3/0460054f2cd748a29caea7a523079dd2/group_types
2025-12-09 14:42:26.957 75 INFO cinder.api.openstack.wsgi [None req-d250a316-8d4c-48ea-8f23-d69bea108eba 5f799926ecd745059045982bb78c1c41 0460054f2cd748a29caea7a523079dd2 - - default default] http://[LB_IP_ADDRESS]:8776/v3/0460054f2cd748a29caea7a523079dd2/group_types returned with HTTP 202
2025-12-09 14:42:26.972 72 INFO cinder.api.openstack.wsgi [None req-bd7994fd-4cda-4935-a8d6-2b301453eafc 5f799926ecd745059045982bb78c1c41 0460054f2cd748a29caea7a523079dd2 - - default default] GET http://[LB_IP_ADDRESS]:8776/v3/0460054f2cd748a29caea7a523079dd2/group_types
2025-12-09 14:42:26.994 72 INFO cinder.api.openstack.wsgi [None req-bd7994fd-4cda-4935-a8d6-2b301453eafc 5f799926ecd745059045982bb78c1c41 0460054f2cd748a29caea7a523079dd2 - - default default] http://[LB_IP_ADDRESS]:8776/v3/0460054f2cd748a29caea7a523079dd2/group_types returned with HTTP 200
2025-12-09 14:42:27.007 73 INFO cinder.api.openstack.wsgi [None req-be77c3bb-b76a-4588-a7ff-7fb511f8af4a 5f799926ecd745059045982bb78c1c41 0460054f2cd748a29caea7a523079dd2 - - default default] PUT http://[LB_IP_ADDRESS]:8776/v3/0460054f2cd748a29caea7a523079dd2/group_types/08c0f526-db85-4ad9-974f-7c975c5b957b
2025-12-09 14:42:27.025 73 INFO cinder.api.openstack.wsgi [None req-be77c3bb-b76a-4588-a7ff-7fb511f8af4a 5f799926ecd745059045982bb78c1c41 0460054f2cd748a29caea7a523079dd2 - - default default] http://[LB_IP_ADDRESS]:8776/v3/0460054f2cd748a29caea7a523079dd2/group_types/08c0f526-db85-4ad9-974f-7c975c5b957b returned with HTTP 200
2025-12-09 14:42:27.039 76 INFO cinder.api.openstack.wsgi [None req-a028ec64-74cd-4faa-929e-c034e7e743a3 5f799926ecd745059045982bb78c1c41 0460054f2cd748a29caea7a523079dd2 - - default default] GET http://[LB_IP_ADDRESS]:8776/v3/0460054f2cd748a29caea7a523079dd2/group_types/08c0f526-db85-4ad9-974f-7c975c5b957b
2025-12-09 14:42:27.046 76 INFO cinder.api.openstack.wsgi [None req-a028ec64-74cd-4faa-929e-c034e7e743a3 5f799926ecd745059045982bb78c1c41 0460054f2cd748a29caea7a523079dd2 - - default default] http://[LB_IP_ADDRESS]:8776/v3/0460054f2cd748a29caea7a523079dd2/group_types/08c0f526-db85-4ad9-974f-7c975c5b957b returned with HTTP 200
2025-12-09 14:42:27.061 74 INFO cinder.api.openstack.wsgi [None req-bc2405c9-41ed-4193-b1b3-5a31512d1510 5f799926ecd745059045982bb78c1c41 0460054f2cd748a29caea7a523079dd2 - - default default] DELETE http://[LB_IP_ADDRESS]:8776/v3/0460054f2cd748a29caea7a523079dd2/group_types/08c0f526-db85-4ad9-974f-7c975c5b957b
2025-12-09 14:42:27.077 74 INFO cinder.api.openstack.wsgi [None req-bc2405c9-41ed-4193-b1b3-5a31512d1510 5f799926ecd745059045982bb78c1c41 0460054f2cd748a29caea7a523079dd2 - - default default] http://[LB_IP_ADDRESS]:8776/v3/0460054f2cd748a29caea7a523079dd2/group_types/08c0f526-db85-4ad9-974f-7c975c5b957b returned with HTTP 202
2025-12-09 14:42:27.090 75 INFO cinder.api.openstack.wsgi [None req-303c3ded-69cd-43ee-af6b-4c610775c3ee 5f799926ecd745059045982bb78c1c41 0460054f2cd748a29caea7a523079dd2 - - default default] GET http://[LB_IP_ADDRESS]:8776/v3/0460054f2cd748a29caea7a523079dd2/group_types
2025-12-09 14:42:27.108 75 INFO cinder.api.openstack.wsgi [None req-303c3ded-69cd-43ee-af6b-4c610775c3ee 5f799926ecd745059045982bb78c1c41 0460054f2cd748a29caea7a523079dd2 - - default default] http://[LB_IP_ADDRESS]:8776/v3/0460054f2cd748a29caea7a523079dd2/group_types returned with HTTP 200
2025-12-09 14:42:27.124 72 INFO cinder.api.openstack.wsgi [None req-548c8aa1-6422-4f4b-9c12-c6bddf9420d3 5f799926ecd745059045982bb78c1c41 0460054f2cd748a29caea7a523079dd2 - - default default] POST http://[LB_IP_ADDRESS]:8776/v3/0460054f2cd748a29caea7a523079dd2/group_types
2025-12-09 14:42:27.150 72 INFO cinder.api.openstack.wsgi [None req-548c8aa1-6422-4f4b-9c12-c6bddf9420d3 5f799926ecd745059045982bb78c1c41 0460054f2cd748a29caea7a523079dd2 - - default default] http://[LB_IP_ADDRESS]:8776/v3/0460054f2cd748a29caea7a523079dd2/group_types returned with HTTP 202
2025-12-09 14:42:27.164 73 INFO cinder.api.openstack.wsgi [None req-ca07d2ed-a3a4-4648-b3fa-a427931b5688 5f799926ecd745059045982bb78c1c41 0460054f2cd748a29caea7a523079dd2 - - default default] POST http://[LB_IP_ADDRESS]:8776/v3/0460054f2cd748a29caea7a523079dd2/group_types
2025-12-09 14:42:27.191 73 INFO cinder.api.openstack.wsgi [None req-ca07d2ed-a3a4-4648-b3fa-a427931b5688 5f799926ecd745059045982bb78c1c41 0460054f2cd748a29caea7a523079dd2 - - default default] http://[LB_IP_ADDRESS]:8776/v3/0460054f2cd748a29caea7a523079dd2/group_types returned with HTTP 202
2025-12-09 14:42:27.205 76 INFO cinder.api.openstack.wsgi [None req-96810012-8e07-453e-a110-5551facfced1 5f799926ecd745059045982bb78c1c41 0460054f2cd748a29caea7a523079dd2 - - default default] GET http://[LB_IP_ADDRESS]:8776/v3/0460054f2cd748a29caea7a523079dd2/group_types?sort=name%3Aasc&is_public=None
2025-12-09 14:42:27.226 76 INFO cinder.api.openstack.wsgi [None req-96810012-8e07-453e-a110-5551facfced1 5f799926ecd745059045982bb78c1c41 0460054f2cd748a29caea7a523079dd2 - - default default] http://[LB_IP_ADDRESS]:8776/v3/0460054f2cd748a29caea7a523079dd2/group_types?sort=name%3Aasc&is_public=None returned with HTTP 200
2025-12-09 14:42:27.241 74 INFO cinder.api.openstack.wsgi [None req-6750712e-ebc0-498b-9088-fa7b37b3b890 5f799926ecd745059045982bb78c1c41 0460054f2cd748a29caea7a523079dd2 - - default default] GET http://[LB_IP_ADDRESS]:8776/v3/0460054f2cd748a29caea7a523079dd2/group_types?sort=name%3Adesc&is_public=None
2025-12-09 14:42:27.260 74 INFO cinder.api.openstack.wsgi [None req-6750712e-ebc0-498b-9088-fa7b37b3b890 5f799926ecd745059045982bb78c1c41 0460054f2cd748a29caea7a523079dd2 - - default default] http://[LB_IP_ADDRESS]:8776/v3/0460054f2cd748a29caea7a523079dd2/group_types?sort=name%3Adesc&is_public=None returned with HTTP 200
2025-12-09 14:42:27.275 75 INFO cinder.api.openstack.wsgi [None req-f4640e13-b529-4628-88de-f6470471f37d 5f799926ecd745059045982bb78c1c41 0460054f2cd748a29caea7a523079dd2 - - default default] GET http://[LB_IP_ADDRESS]:8776/v3/0460054f2cd748a29caea7a523079dd2/group_types?is_public=False
2025-12-09 14:42:27.292 75 INFO cinder.api.openstack.wsgi [None req-f4640e13-b529-4628-88de-f6470471f37d 5f799926ecd745059045982bb78c1c41 0460054f2cd748a29caea7a523079dd2 - - default default] http://[LB_IP_ADDRESS]:8776/v3/0460054f2cd748a29caea7a523079dd2/group_types?is_public=False returned with HTTP 200
2025-12-09 14:42:27.299 72 INFO cinder.api.openstack.wsgi [None req-bdb67f0d-cb0a-44c4-8034-733a6d30e82b 6d09641ed19641c187997fbac0f7567a a74a877c04604703962d46daa982ebd6 - - default default] GET http://[LB_IP_ADDRESS]:8776/v3/a74a877c04604703962d46daa982ebd6/volumes/bfcd46b3-9acf-4bef-a5c6-04ba40c52b09
2025-12-09 14:42:27.307 73 INFO cinder.api.openstack.wsgi [None req-c26322af-e698-4aff-b765-99e2d7cd1848 5f799926ecd745059045982bb78c1c41 0460054f2cd748a29caea7a523079dd2 - - default default] GET http://[LB_IP_ADDRESS]:8776/v3/0460054f2cd748a29caea7a523079dd2/group_types?is_public=True
2025-12-09 14:42:27.309 72 INFO cinder.api.openstack.wsgi [None req-bdb67f0d-cb0a-44c4-8034-733a6d30e82b 6d09641ed19641c187997fbac0f7567a a74a877c04604703962d46daa982ebd6 - - default default] http://[LB_IP_ADDRESS]:8776/v3/a74a877c04604703962d46daa982ebd6/volumes/bfcd46b3-9acf-4bef-a5c6-04ba40c52b09 returned with HTTP 404
2025-12-09 14:42:27.321 76 INFO cinder.api.openstack.wsgi [None req-92c425a8-dc16-4fab-9575-79f27a8a9f6f 6d09641ed19641c187997fbac0f7567a a74a877c04604703962d46daa982ebd6 - - default default] GET http://[LB_IP_ADDRESS]:8776/v3/a74a877c04604703962d46daa982ebd6/groups/990bacfc-3e53-4b95-8772-b071aea0387d
2025-12-09 14:42:27.326 76 INFO cinder.api.openstack.wsgi [None req-92c425a8-dc16-4fab-9575-79f27a8a9f6f 6d09641ed19641c187997fbac0f7567a a74a877c04604703962d46daa982ebd6 - - default default] http://[LB_IP_ADDRESS]:8776/v3/a74a877c04604703962d46daa982ebd6/groups/990bacfc-3e53-4b95-8772-b071aea0387d returned with HTTP 404
2025-12-09 14:42:27.328 73 INFO cinder.api.openstack.wsgi [None req-c26322af-e698-4aff-b765-99e2d7cd1848 5f799926ecd745059045982bb78c1c41 0460054f2cd748a29caea7a523079dd2 - - default default] http://[LB_IP_ADDRESS]:8776/v3/0460054f2cd748a29caea7a523079dd2/group_types?is_public=True returned with HTTP 200
2025-12-09 14:42:27.339 74 INFO cinder.api.openstack.wsgi [None req-6ec7b5d3-aab8-4f0b-b957-efad52f363a8 6d09641ed19641c187997fbac0f7567a a74a877c04604703962d46daa982ebd6 - - default default] DELETE http://[LB_IP_ADDRESS]:8776/v3/a74a877c04604703962d46daa982ebd6/group_snapshots/f9ac8719-05c9-4bf3-bb22-5b09afca3fa6
2025-12-09 14:42:27.340 74 INFO cinder.api.v3.group_snapshots [None req-6ec7b5d3-aab8-4f0b-b957-efad52f363a8 6d09641ed19641c187997fbac0f7567a a74a877c04604703962d46daa982ebd6 - - default default] Delete group_snapshot with id: f9ac8719-05c9-4bf3-bb22-5b09afca3fa6
2025-12-09 14:42:27.343 75 INFO cinder.api.openstack.wsgi [None req-8464c9ba-da5d-480a-ac2d-0b13f8914b75 5f799926ecd745059045982bb78c1c41 0460054f2cd748a29caea7a523079dd2 - - default default] DELETE http://[LB_IP_ADDRESS]:8776/v3/0460054f2cd748a29caea7a523079dd2/group_types/764faf02-eec2-456c-819d-45df608427c3
2025-12-09 14:42:27.359 75 INFO cinder.api.openstack.wsgi [None req-8464c9ba-da5d-480a-ac2d-0b13f8914b75 5f799926ecd745059045982bb78c1c41 0460054f2cd748a29caea7a523079dd2 - - default default] http://[LB_IP_ADDRESS]:8776/v3/0460054f2cd748a29caea7a523079dd2/group_types/764faf02-eec2-456c-819d-45df608427c3 returned with HTTP 202
2025-12-09 14:42:27.371 72 INFO cinder.api.openstack.wsgi [None req-f275e78e-879c-40df-a34a-24078fe5b91e 5f799926ecd745059045982bb78c1c41 0460054f2cd748a29caea7a523079dd2 - - default default] DELETE http://[LB_IP_ADDRESS]:8776/v3/0460054f2cd748a29caea7a523079dd2/group_types/55e5206a-0dad-45c9-9f28-b4d0c5eef52f
2025-12-09 14:42:27.378 74 INFO cinder.api.openstack.wsgi [None req-6ec7b5d3-aab8-4f0b-b957-efad52f363a8 6d09641ed19641c187997fbac0f7567a a74a877c04604703962d46daa982ebd6 - - default default] http://[LB_IP_ADDRESS]:8776/v3/a74a877c04604703962d46daa982ebd6/group_snapshots/f9ac8719-05c9-4bf3-bb22-5b09afca3fa6 returned with HTTP 202
2025-12-09 14:42:27.389 76 INFO cinder.api.openstack.wsgi [None req-4741635f-ec2f-4f6f-afcd-bb07720c8c61 6d09641ed19641c187997fbac0f7567a a74a877c04604703962d46daa982ebd6 - - default default] GET http://[LB_IP_ADDRESS]:8776/v3/a74a877c04604703962d46daa982ebd6/volumes/detail
2025-12-09 14:42:27.392 72 INFO cinder.api.openstack.wsgi [None req-f275e78e-879c-40df-a34a-24078fe5b91e 5f799926ecd745059045982bb78c1c41 0460054f2cd748a29caea7a523079dd2 - - default default] http://[LB_IP_ADDRESS]:8776/v3/0460054f2cd748a29caea7a523079dd2/group_types/55e5206a-0dad-45c9-9f28-b4d0c5eef52f returned with HTTP 202
2025-12-09 14:42:27.404 76 INFO cinder.volume.api [None req-4741635f-ec2f-4f6f-afcd-bb07720c8c61 6d09641ed19641c187997fbac0f7567a a74a877c04604703962d46daa982ebd6 - - default default] Get all volumes completed successfully.
2025-12-09 14:42:27.422 76 INFO cinder.api.openstack.wsgi [None req-4741635f-ec2f-4f6f-afcd-bb07720c8c61 6d09641ed19641c187997fbac0f7567a a74a877c04604703962d46daa982ebd6 - - default default] http://[LB_IP_ADDRESS]:8776/v3/a74a877c04604703962d46daa982ebd6/volumes/detail returned with HTTP 200
2025-12-09 14:42:27.443 73 INFO cinder.api.openstack.wsgi [None req-90e696e1-ec60-4657-a00c-455f9202f14e 6d09641ed19641c187997fbac0f7567a a74a877c04604703962d46daa982ebd6 - - default default] GET http://[LB_IP_ADDRESS]:8776/v3/a74a877c04604703962d46daa982ebd6/snapshots/detail
2025-12-09 14:42:27.451 73 INFO cinder.volume.api [None req-90e696e1-ec60-4657-a00c-455f9202f14e 6d09641ed19641c187997fbac0f7567a a74a877c04604703962d46daa982ebd6 - - default default] Get all snapshots completed successfully.
2025-12-09 14:42:27.453 73 INFO cinder.api.openstack.wsgi [None req-90e696e1-ec60-4657-a00c-455f9202f14e 6d09641ed19641c187997fbac0f7567a a74a877c04604703962d46daa982ebd6 - - default default] http://[LB_IP_ADDRESS]:8776/v3/a74a877c04604703962d46daa982ebd6/snapshots/detail returned with HTTP 200
2025-12-09 14:42:27.469 75 INFO cinder.api.openstack.wsgi [None req-87c94928-4f65-4ad2-bf4d-3f8bc5bac274 6d09641ed19641c187997fbac0f7567a a74a877c04604703962d46daa982ebd6 - - default default] GET http://[LB_IP_ADDRESS]:8776/v3/a74a877c04604703962d46daa982ebd6/snapshots/0b2856a4-f3c4-401f-bf6a-e14cbec5541b
2025-12-09 14:42:27.478 75 INFO cinder.volume.api [None req-87c94928-4f65-4ad2-bf4d-3f8bc5bac274 6d09641ed19641c187997fbac0f7567a a74a877c04604703962d46daa982ebd6 - - default default] Snapshot retrieved successfully.
2025-12-09 14:42:27.479 75 INFO cinder.api.openstack.wsgi [None req-87c94928-4f65-4ad2-bf4d-3f8bc5bac274 6d09641ed19641c187997fbac0f7567a a74a877c04604703962d46daa982ebd6 - - default default] http://[LB_IP_ADDRESS]:8776/v3/a74a877c04604703962d46daa982ebd6/snapshots/0b2856a4-f3c4-401f-bf6a-e14cbec5541b returned with HTTP 200
2025-12-09 14:42:27.870 74 INFO cinder.api.openstack.wsgi [None req-13a965e5-06e5-4d53-9acd-7edc3fbec1ef 3503cd0814624853bc64960d8580fb92 9dbf579f386947cca0dcd609ecc9f81b - - default default] GET http://[LB_IP_ADDRESS]:8776/v3/9dbf579f386947cca0dcd609ecc9f81b/groups/12f4a1e5-47d8-442f-a9ce-2d89379c357e
2025-12-09 14:42:27.890 74 INFO cinder.api.openstack.wsgi [None req-13a965e5-06e5-4d53-9acd-7edc3fbec1ef 3503cd0814624853bc64960d8580fb92 9dbf579f386947cca0dcd609ecc9f81b - - default default] http://[LB_IP_ADDRESS]:8776/v3/9dbf579f386947cca0dcd609ecc9f81b/groups/12f4a1e5-47d8-442f-a9ce-2d89379c357e returned with HTTP 200
2025-12-09 14:42:27.906 72 INFO cinder.api.openstack.wsgi [None req-66eeb846-d045-4c3f-8105-0aed46e3a51b 3503cd0814624853bc64960d8580fb92 9dbf579f386947cca0dcd609ecc9f81b - - default default] POST http://[LB_IP_ADDRESS]:8776/v3/9dbf579f386947cca0dcd609ecc9f81b/volumes
2025-12-09 14:42:27.917 72 INFO cinder.api.v3.volumes [None req-66eeb846-d045-4c3f-8105-0aed46e3a51b 3503cd0814624853bc64960d8580fb92 9dbf579f386947cca0dcd609ecc9f81b - - default default] Create volume of 1 GB
2025-12-09 14:42:27.923 72 INFO cinder.volume.api [None req-66eeb846-d045-4c3f-8105-0aed46e3a51b 3503cd0814624853bc64960d8580fb92 9dbf579f386947cca0dcd609ecc9f81b - - default default] Availability Zones retrieved successfully.
2025-12-09 14:42:28.141 72 WARNING cinder.quota [None req-66eeb846-d045-4c3f-8105-0aed46e3a51b 3503cd0814624853bc64960d8580fb92 9dbf579f386947cca0dcd609ecc9f81b - - default default] Deprecated: Default quota for resource: volumes_tempest-GroupSnapshotsV319Test-volume-type-808972506 is set by the default quota flag: quota_volumes_tempest-GroupSnapshotsV319Test-volume-type-808972506, it is now deprecated. Please use the default quota class for default quota.
2025-12-09 14:42:28.142 72 WARNING cinder.quota [None req-66eeb846-d045-4c3f-8105-0aed46e3a51b 3503cd0814624853bc64960d8580fb92 9dbf579f386947cca0dcd609ecc9f81b - - default default] Deprecated: Default quota for resource: gigabytes_tempest-GroupSnapshotsV319Test-volume-type-808972506 is set by the default quota flag: quota_gigabytes_tempest-GroupSnapshotsV319Test-volume-type-808972506, it is now deprecated. Please use the default quota class for default quota.
