Build Started 10_07_2026_20_21_57
2026-07-10 20:24:34.867 74 INFO cinder.api.openstack.wsgi [None req-969dc2de-9141-4f4d-bdbf-791b361fb210 - - - - - -] GET http://[LB_IP_ADDRESS]:8776/
2026-07-10 20:24:34.869 74 INFO cinder.api.openstack.wsgi [None req-969dc2de-9141-4f4d-bdbf-791b361fb210 - - - - - -] http://[LB_IP_ADDRESS]:8776/ returned with HTTP 300
2026-07-10 20:24:36.891 72 INFO cinder.api.openstack.wsgi [None req-6ca3db69-557f-4801-94b7-a95b8eecfe3e 837fac21229a4256ab6a5f1bc04603ad 132ec085d3e2423dbe5f9f986177be69 - - default default] GET http://[LB_IP_ADDRESS]:8776/v3/132ec085d3e2423dbe5f9f986177be69/volumes/detail
2026-07-10 20:24:36.902 72 INFO cinder.volume.api [None req-6ca3db69-557f-4801-94b7-a95b8eecfe3e 837fac21229a4256ab6a5f1bc04603ad 132ec085d3e2423dbe5f9f986177be69 - - default default] Get all volumes completed successfully.
2026-07-10 20:24:36.906 72 INFO cinder.api.openstack.wsgi [None req-6ca3db69-557f-4801-94b7-a95b8eecfe3e 837fac21229a4256ab6a5f1bc04603ad 132ec085d3e2423dbe5f9f986177be69 - - default default] http://[LB_IP_ADDRESS]:8776/v3/132ec085d3e2423dbe5f9f986177be69/volumes/detail returned with HTTP 200
2026-07-10 20:24:36.915 73 INFO cinder.api.openstack.wsgi [req-6ca3db69-557f-4801-94b7-a95b8eecfe3e req-1c00537b-6cc1-414f-92c9-f5653f5873a4 837fac21229a4256ab6a5f1bc04603ad 132ec085d3e2423dbe5f9f986177be69 - - default default] GET http://[LB_IP_ADDRESS]:8776/v3/132ec085d3e2423dbe5f9f986177be69/snapshots/detail?all_tenants=True
2026-07-10 20:24:36.922 73 INFO cinder.volume.api [req-6ca3db69-557f-4801-94b7-a95b8eecfe3e req-1c00537b-6cc1-414f-92c9-f5653f5873a4 837fac21229a4256ab6a5f1bc04603ad 132ec085d3e2423dbe5f9f986177be69 - - default default] Get all snapshots completed successfully.
2026-07-10 20:24:36.924 73 INFO cinder.api.openstack.wsgi [req-6ca3db69-557f-4801-94b7-a95b8eecfe3e req-1c00537b-6cc1-414f-92c9-f5653f5873a4 837fac21229a4256ab6a5f1bc04603ad 132ec085d3e2423dbe5f9f986177be69 - - default default] http://[LB_IP_ADDRESS]:8776/v3/132ec085d3e2423dbe5f9f986177be69/snapshots/detail?all_tenants=True returned with HTTP 200
2026-07-10 20:24:39.087 76 INFO cinder.api.openstack.wsgi [None req-865009bb-d119-49bb-9916-919032314a73 837fac21229a4256ab6a5f1bc04603ad 132ec085d3e2423dbe5f9f986177be69 - - default default] GET http://[LB_IP_ADDRESS]:8776/v3/132ec085d3e2423dbe5f9f986177be69/volumes/detail?all_tenants=True
2026-07-10 20:24:39.098 76 INFO cinder.volume.api [None req-865009bb-d119-49bb-9916-919032314a73 837fac21229a4256ab6a5f1bc04603ad 132ec085d3e2423dbe5f9f986177be69 - - default default] Get all volumes completed successfully.
2026-07-10 20:24:39.101 76 INFO cinder.api.openstack.wsgi [None req-865009bb-d119-49bb-9916-919032314a73 837fac21229a4256ab6a5f1bc04603ad 132ec085d3e2423dbe5f9f986177be69 - - default default] http://[LB_IP_ADDRESS]:8776/v3/132ec085d3e2423dbe5f9f986177be69/volumes/detail?all_tenants=True returned with HTTP 200
2026-07-10 20:24:40.474 75 INFO cinder.api.openstack.wsgi [None req-86fd1550-48a2-4587-a996-80535d74b2c5 - - - - - -] GET http://[LB_IP_ADDRESS]:8776/
2026-07-10 20:24:40.476 75 INFO cinder.api.openstack.wsgi [None req-86fd1550-48a2-4587-a996-80535d74b2c5 - - - - - -] http://[LB_IP_ADDRESS]:8776/ returned with HTTP 300
2026-07-10 20:24:40.543 74 INFO cinder.api.openstack.wsgi [None req-76a059a5-4aa1-4f60-a873-6e930b6be2a3 837fac21229a4256ab6a5f1bc04603ad 132ec085d3e2423dbe5f9f986177be69 - - default default] GET http://[LB_IP_ADDRESS]:8776/v3/132ec085d3e2423dbe5f9f986177be69/groups/detail?all_tenants=1
2026-07-10 20:24:40.552 74 INFO cinder.api.openstack.wsgi [None req-76a059a5-4aa1-4f60-a873-6e930b6be2a3 837fac21229a4256ab6a5f1bc04603ad 132ec085d3e2423dbe5f9f986177be69 - - default default] http://[LB_IP_ADDRESS]:8776/v3/132ec085d3e2423dbe5f9f986177be69/groups/detail?all_tenants=1 returned with HTTP 200
2026-07-10 20:24:41.748 72 INFO cinder.api.openstack.wsgi [None req-a2a260a3-42f4-4efa-9131-4a9cbbe69616 - - - - - -] GET http://[LB_IP_ADDRESS]:8776/
2026-07-10 20:24:41.749 72 INFO cinder.api.openstack.wsgi [None req-a2a260a3-42f4-4efa-9131-4a9cbbe69616 - - - - - -] http://[LB_IP_ADDRESS]:8776/ returned with HTTP 300
2026-07-10 20:24:41.809 73 INFO cinder.api.openstack.wsgi [None req-df99cfa3-27f2-4915-906e-f4c4f3051085 837fac21229a4256ab6a5f1bc04603ad 132ec085d3e2423dbe5f9f986177be69 - - default default] GET http://[LB_IP_ADDRESS]:8776/v3/132ec085d3e2423dbe5f9f986177be69/group_types?is_public=None
2026-07-10 20:24:41.818 73 INFO cinder.api.openstack.wsgi [None req-df99cfa3-27f2-4915-906e-f4c4f3051085 837fac21229a4256ab6a5f1bc04603ad 132ec085d3e2423dbe5f9f986177be69 - - default default] http://[LB_IP_ADDRESS]:8776/v3/132ec085d3e2423dbe5f9f986177be69/group_types?is_public=None returned with HTTP 200
2026-07-10 20:24:43.606 76 INFO cinder.api.openstack.wsgi [None req-b945c104-ee6b-4181-893e-bd39ec4a48b2 837fac21229a4256ab6a5f1bc04603ad 132ec085d3e2423dbe5f9f986177be69 - - default default] GET http://[LB_IP_ADDRESS]:8776/v3/132ec085d3e2423dbe5f9f986177be69/types?is_public=None
2026-07-10 20:24:43.623 76 INFO cinder.api.openstack.wsgi [None req-b945c104-ee6b-4181-893e-bd39ec4a48b2 837fac21229a4256ab6a5f1bc04603ad 132ec085d3e2423dbe5f9f986177be69 - - default default] http://[LB_IP_ADDRESS]:8776/v3/132ec085d3e2423dbe5f9f986177be69/types?is_public=None returned with HTTP 200
2026-07-10 20:24:50.799 75 INFO cinder.api.openstack.wsgi [None req-ff4494d3-e21d-4d90-85c0-be5d245bb5d2 837fac21229a4256ab6a5f1bc04603ad 132ec085d3e2423dbe5f9f986177be69 - - default default] GET http://[LB_IP_ADDRESS]:8776/v3/132ec085d3e2423dbe5f9f986177be69/snapshots
2026-07-10 20:24:50.807 75 INFO cinder.volume.api [None req-ff4494d3-e21d-4d90-85c0-be5d245bb5d2 837fac21229a4256ab6a5f1bc04603ad 132ec085d3e2423dbe5f9f986177be69 - - default default] Get all snapshots completed successfully.
2026-07-10 20:24:50.808 75 INFO cinder.api.openstack.wsgi [None req-ff4494d3-e21d-4d90-85c0-be5d245bb5d2 837fac21229a4256ab6a5f1bc04603ad 132ec085d3e2423dbe5f9f986177be69 - - default default] http://[LB_IP_ADDRESS]:8776/v3/132ec085d3e2423dbe5f9f986177be69/snapshots returned with HTTP 200
2026-07-10 20:24:50.821 74 INFO cinder.api.openstack.wsgi [None req-8e29b29e-4da3-4778-ac97-4fa6ebbac43a 837fac21229a4256ab6a5f1bc04603ad 132ec085d3e2423dbe5f9f986177be69 - - default default] GET http://[LB_IP_ADDRESS]:8776/v3/132ec085d3e2423dbe5f9f986177be69/volumes
2026-07-10 20:24:50.836 74 INFO cinder.volume.api [None req-8e29b29e-4da3-4778-ac97-4fa6ebbac43a 837fac21229a4256ab6a5f1bc04603ad 132ec085d3e2423dbe5f9f986177be69 - - default default] Get all volumes completed successfully.
2026-07-10 20:24:50.837 74 INFO cinder.api.openstack.wsgi [None req-8e29b29e-4da3-4778-ac97-4fa6ebbac43a 837fac21229a4256ab6a5f1bc04603ad 132ec085d3e2423dbe5f9f986177be69 - - default default] http://[LB_IP_ADDRESS]:8776/v3/132ec085d3e2423dbe5f9f986177be69/volumes returned with HTTP 200
2026-07-10 20:24:57.481 72 INFO cinder.api.openstack.wsgi [req-fde68379-65f4-41cd-afa9-169a504a4622 req-c1298a37-ff6a-45f8-bc8b-d02de725fcd9 6800d95731d0439dab58581f08bd7e41 1f65cccec8b74c89b64e5c16469b3ea6 - - default default] POST http://[LB_IP_ADDRESS]:8776/v3/volumes
2026-07-10 20:24:57.485 72 INFO cinder.api.v3.volumes [req-fde68379-65f4-41cd-afa9-169a504a4622 req-c1298a37-ff6a-45f8-bc8b-d02de725fcd9 6800d95731d0439dab58581f08bd7e41 1f65cccec8b74c89b64e5c16469b3ea6 - - default default] Create volume of 1 GB
2026-07-10 20:24:57.494 72 INFO cinder.volume.api [req-fde68379-65f4-41cd-afa9-169a504a4622 req-c1298a37-ff6a-45f8-bc8b-d02de725fcd9 6800d95731d0439dab58581f08bd7e41 1f65cccec8b74c89b64e5c16469b3ea6 - - default default] Availability Zones retrieved successfully.
2026-07-10 20:24:57.540 73 INFO cinder.api.openstack.wsgi [req-ece4cc26-b83a-4b8e-a936-f178b0297d86 req-12336406-a5d0-4845-b33a-f441e3f01bd6 52d36e4a535b40a9940a28bf95171a1f 842611b1e12c49b081f673835c22aa69 - - default default] POST http://[LB_IP_ADDRESS]:8776/v3/volumes
2026-07-10 20:24:57.544 73 INFO cinder.api.v3.volumes [req-ece4cc26-b83a-4b8e-a936-f178b0297d86 req-12336406-a5d0-4845-b33a-f441e3f01bd6 52d36e4a535b40a9940a28bf95171a1f 842611b1e12c49b081f673835c22aa69 - - default default] Create volume of 1 GB
2026-07-10 20:24:57.557 73 INFO cinder.volume.api [req-ece4cc26-b83a-4b8e-a936-f178b0297d86 req-12336406-a5d0-4845-b33a-f441e3f01bd6 52d36e4a535b40a9940a28bf95171a1f 842611b1e12c49b081f673835c22aa69 - - default default] Availability Zones retrieved successfully.
2026-07-10 20:24:57.674 72 INFO cinder.volume.api [req-fde68379-65f4-41cd-afa9-169a504a4622 req-c1298a37-ff6a-45f8-bc8b-d02de725fcd9 6800d95731d0439dab58581f08bd7e41 1f65cccec8b74c89b64e5c16469b3ea6 - - default default] Create volume request issued successfully.
2026-07-10 20:24:57.675 72 INFO cinder.api.openstack.wsgi [req-fde68379-65f4-41cd-afa9-169a504a4622 req-c1298a37-ff6a-45f8-bc8b-d02de725fcd9 6800d95731d0439dab58581f08bd7e41 1f65cccec8b74c89b64e5c16469b3ea6 - - default default] http://[LB_IP_ADDRESS]:8776/v3/volumes returned with HTTP 202
2026-07-10 20:24:57.684 76 INFO cinder.api.openstack.wsgi [req-fde68379-65f4-41cd-afa9-169a504a4622 req-019a14ab-c5b0-49e7-99be-f03acd000ce2 6800d95731d0439dab58581f08bd7e41 1f65cccec8b74c89b64e5c16469b3ea6 - - default default] GET http://[LB_IP_ADDRESS]:8776/v3/volumes/f7fb6056-559c-4361-9246-e49a88d19e16
2026-07-10 20:24:57.698 76 INFO cinder.volume.api [req-fde68379-65f4-41cd-afa9-169a504a4622 req-019a14ab-c5b0-49e7-99be-f03acd000ce2 6800d95731d0439dab58581f08bd7e41 1f65cccec8b74c89b64e5c16469b3ea6 - - default default] Volume info retrieved successfully.
2026-07-10 20:24:57.704 76 INFO cinder.api.openstack.wsgi [req-fde68379-65f4-41cd-afa9-169a504a4622 req-019a14ab-c5b0-49e7-99be-f03acd000ce2 6800d95731d0439dab58581f08bd7e41 1f65cccec8b74c89b64e5c16469b3ea6 - - default default] http://[LB_IP_ADDRESS]:8776/v3/volumes/f7fb6056-559c-4361-9246-e49a88d19e16 returned with HTTP 200
2026-07-10 20:24:57.730 73 INFO cinder.volume.api [req-ece4cc26-b83a-4b8e-a936-f178b0297d86 req-12336406-a5d0-4845-b33a-f441e3f01bd6 52d36e4a535b40a9940a28bf95171a1f 842611b1e12c49b081f673835c22aa69 - - default default] Create volume request issued successfully.
2026-07-10 20:24:57.731 73 INFO cinder.api.openstack.wsgi [req-ece4cc26-b83a-4b8e-a936-f178b0297d86 req-12336406-a5d0-4845-b33a-f441e3f01bd6 52d36e4a535b40a9940a28bf95171a1f 842611b1e12c49b081f673835c22aa69 - - default default] http://[LB_IP_ADDRESS]:8776/v3/volumes returned with HTTP 202
2026-07-10 20:24:57.746 74 INFO cinder.api.openstack.wsgi [req-ece4cc26-b83a-4b8e-a936-f178b0297d86 req-6b3517e9-cd9e-4326-858e-baa0ff4dd68a 52d36e4a535b40a9940a28bf95171a1f 842611b1e12c49b081f673835c22aa69 - - default default] GET http://[LB_IP_ADDRESS]:8776/v3/volumes/5ef7d592-1caa-42d6-b52e-c4a7077934c2
2026-07-10 20:24:57.770 74 INFO cinder.volume.api [req-ece4cc26-b83a-4b8e-a936-f178b0297d86 req-6b3517e9-cd9e-4326-858e-baa0ff4dd68a 52d36e4a535b40a9940a28bf95171a1f 842611b1e12c49b081f673835c22aa69 - - default default] Volume info retrieved successfully.
2026-07-10 20:24:57.779 74 INFO cinder.api.openstack.wsgi [req-ece4cc26-b83a-4b8e-a936-f178b0297d86 req-6b3517e9-cd9e-4326-858e-baa0ff4dd68a 52d36e4a535b40a9940a28bf95171a1f 842611b1e12c49b081f673835c22aa69 - - default default] http://[LB_IP_ADDRESS]:8776/v3/volumes/5ef7d592-1caa-42d6-b52e-c4a7077934c2 returned with HTTP 200
2026-07-10 20:24:57.800 75 INFO cinder.api.openstack.wsgi [req-8ff84277-6444-47c8-a1e0-3c5241004b8f req-cdf47ae7-76cb-4bd0-b70d-da1a2e363932 6800d95731d0439dab58581f08bd7e41 1f65cccec8b74c89b64e5c16469b3ea6 - - default default] GET http://[LB_IP_ADDRESS]:8776/v3/volumes/f7fb6056-559c-4361-9246-e49a88d19e16
2026-07-10 20:24:57.821 75 INFO cinder.volume.api [req-8ff84277-6444-47c8-a1e0-3c5241004b8f req-cdf47ae7-76cb-4bd0-b70d-da1a2e363932 6800d95731d0439dab58581f08bd7e41 1f65cccec8b74c89b64e5c16469b3ea6 - - default default] Volume info retrieved successfully.
2026-07-10 20:24:57.829 75 INFO cinder.api.openstack.wsgi [req-8ff84277-6444-47c8-a1e0-3c5241004b8f req-cdf47ae7-76cb-4bd0-b70d-da1a2e363932 6800d95731d0439dab58581f08bd7e41 1f65cccec8b74c89b64e5c16469b3ea6 - - default default] http://[LB_IP_ADDRESS]:8776/v3/volumes/f7fb6056-559c-4361-9246-e49a88d19e16 returned with HTTP 200
2026-07-10 20:24:57.844 72 INFO cinder.api.openstack.wsgi [req-d079dfdb-68e0-434e-b7b3-a8c30b044d48 req-ade1d51c-2111-439a-959b-9649979f465c 52d36e4a535b40a9940a28bf95171a1f 842611b1e12c49b081f673835c22aa69 - - default default] GET http://[LB_IP_ADDRESS]:8776/v3/volumes/5ef7d592-1caa-42d6-b52e-c4a7077934c2
2026-07-10 20:24:57.860 72 INFO cinder.volume.api [req-d079dfdb-68e0-434e-b7b3-a8c30b044d48 req-ade1d51c-2111-439a-959b-9649979f465c 52d36e4a535b40a9940a28bf95171a1f 842611b1e12c49b081f673835c22aa69 - - default default] Volume info retrieved successfully.
2026-07-10 20:24:57.869 72 INFO cinder.api.openstack.wsgi [req-d079dfdb-68e0-434e-b7b3-a8c30b044d48 req-ade1d51c-2111-439a-959b-9649979f465c 52d36e4a535b40a9940a28bf95171a1f 842611b1e12c49b081f673835c22aa69 - - default default] http://[LB_IP_ADDRESS]:8776/v3/volumes/5ef7d592-1caa-42d6-b52e-c4a7077934c2 returned with HTTP 200
2026-07-10 20:24:58.908 74 INFO cinder.api.openstack.wsgi [req-738ba96f-b60b-42a4-a0ed-d007b93c98fd req-d3dc7621-17e6-4b0f-a3a2-7d9156cd3327 52d36e4a535b40a9940a28bf95171a1f 842611b1e12c49b081f673835c22aa69 - - default default] GET http://[LB_IP_ADDRESS]:8776/v3/volumes/5ef7d592-1caa-42d6-b52e-c4a7077934c2
2026-07-10 20:24:58.930 74 INFO cinder.volume.api [req-738ba96f-b60b-42a4-a0ed-d007b93c98fd req-d3dc7621-17e6-4b0f-a3a2-7d9156cd3327 52d36e4a535b40a9940a28bf95171a1f 842611b1e12c49b081f673835c22aa69 - - default default] Volume info retrieved successfully.
2026-07-10 20:24:58.939 74 INFO cinder.api.openstack.wsgi [req-738ba96f-b60b-42a4-a0ed-d007b93c98fd req-d3dc7621-17e6-4b0f-a3a2-7d9156cd3327 52d36e4a535b40a9940a28bf95171a1f 842611b1e12c49b081f673835c22aa69 - - default default] http://[LB_IP_ADDRESS]:8776/v3/volumes/5ef7d592-1caa-42d6-b52e-c4a7077934c2 returned with HTTP 200
2026-07-10 20:24:58.972 75 INFO cinder.api.openstack.wsgi [req-42b576d5-ecee-4ec4-88c6-868bc6f8b294 req-143b4290-5b9e-4a5b-a815-d2029a53167a 52d36e4a535b40a9940a28bf95171a1f 842611b1e12c49b081f673835c22aa69 - - default default] GET http://[LB_IP_ADDRESS]:8776/v3/volumes/5ef7d592-1caa-42d6-b52e-c4a7077934c2
2026-07-10 20:24:58.979 76 INFO cinder.api.openstack.wsgi [None req-d1c40c16-0661-49a4-9b0f-ea5c1a707669 85617397c20a42809752023da894b6e3 9c884a8d4e954468ac2e11afdfbe349d - - default default] POST http://[LB_IP_ADDRESS]:8776/v3/9c884a8d4e954468ac2e11afdfbe349d/types
2026-07-10 20:24:58.994 75 INFO cinder.volume.api [req-42b576d5-ecee-4ec4-88c6-868bc6f8b294 req-143b4290-5b9e-4a5b-a815-d2029a53167a 52d36e4a535b40a9940a28bf95171a1f 842611b1e12c49b081f673835c22aa69 - - default default] Volume info retrieved successfully.
2026-07-10 20:24:58.996 76 INFO cinder.api.openstack.wsgi [None req-d1c40c16-0661-49a4-9b0f-ea5c1a707669 85617397c20a42809752023da894b6e3 9c884a8d4e954468ac2e11afdfbe349d - - default default] http://[LB_IP_ADDRESS]:8776/v3/9c884a8d4e954468ac2e11afdfbe349d/types returned with HTTP 200
2026-07-10 20:24:59.003 75 INFO cinder.api.openstack.wsgi [req-42b576d5-ecee-4ec4-88c6-868bc6f8b294 req-143b4290-5b9e-4a5b-a815-d2029a53167a 52d36e4a535b40a9940a28bf95171a1f 842611b1e12c49b081f673835c22aa69 - - default default] http://[LB_IP_ADDRESS]:8776/v3/volumes/5ef7d592-1caa-42d6-b52e-c4a7077934c2 returned with HTTP 200
2026-07-10 20:24:59.011 72 INFO cinder.api.openstack.wsgi [None req-41c3fc87-9548-4116-9839-5b67ddfb4f68 85617397c20a42809752023da894b6e3 9c884a8d4e954468ac2e11afdfbe349d - - default default] POST http://[LB_IP_ADDRESS]:8776/v3/9c884a8d4e954468ac2e11afdfbe349d/group_types
2026-07-10 20:24:59.032 72 INFO cinder.api.openstack.wsgi [None req-41c3fc87-9548-4116-9839-5b67ddfb4f68 85617397c20a42809752023da894b6e3 9c884a8d4e954468ac2e11afdfbe349d - - default default] http://[LB_IP_ADDRESS]:8776/v3/9c884a8d4e954468ac2e11afdfbe349d/group_types returned with HTTP 202
2026-07-10 20:24:59.034 74 INFO cinder.api.openstack.wsgi [req-9b1bde10-8300-4578-8c8b-c124ad52ae23 req-129cf26c-2f9f-452d-bf7a-c1c280be7778 52d36e4a535b40a9940a28bf95171a1f 842611b1e12c49b081f673835c22aa69 - - default default] DELETE http://[LB_IP_ADDRESS]:8776/v3/volumes/5ef7d592-1caa-42d6-b52e-c4a7077934c2
2026-07-10 20:24:59.035 74 INFO cinder.api.v3.volumes [req-9b1bde10-8300-4578-8c8b-c124ad52ae23 req-129cf26c-2f9f-452d-bf7a-c1c280be7778 52d36e4a535b40a9940a28bf95171a1f 842611b1e12c49b081f673835c22aa69 - - default default] Delete volume with id: 5ef7d592-1caa-42d6-b52e-c4a7077934c2 
2026-07-10 20:24:59.051 74 INFO cinder.volume.api [req-9b1bde10-8300-4578-8c8b-c124ad52ae23 req-129cf26c-2f9f-452d-bf7a-c1c280be7778 52d36e4a535b40a9940a28bf95171a1f 842611b1e12c49b081f673835c22aa69 - - default default] Volume info retrieved successfully.
2026-07-10 20:24:59.059 73 INFO cinder.api.openstack.wsgi [req-8785191d-aab6-4be3-8d9e-1f801f2c5522 req-caf6a2bb-7b71-46b6-9e54-ff175801640b 6800d95731d0439dab58581f08bd7e41 1f65cccec8b74c89b64e5c16469b3ea6 - - default default] GET http://[LB_IP_ADDRESS]:8776/v3/volumes/f7fb6056-559c-4361-9246-e49a88d19e16
2026-07-10 20:24:59.081 73 INFO cinder.volume.api [req-8785191d-aab6-4be3-8d9e-1f801f2c5522 req-caf6a2bb-7b71-46b6-9e54-ff175801640b 6800d95731d0439dab58581f08bd7e41 1f65cccec8b74c89b64e5c16469b3ea6 - - default default] Volume info retrieved successfully.
2026-07-10 20:24:59.082 74 INFO cinder.volume.api [req-9b1bde10-8300-4578-8c8b-c124ad52ae23 req-129cf26c-2f9f-452d-bf7a-c1c280be7778 52d36e4a535b40a9940a28bf95171a1f 842611b1e12c49b081f673835c22aa69 - - default default] Delete volume request issued successfully.
2026-07-10 20:24:59.083 74 INFO cinder.api.openstack.wsgi [req-9b1bde10-8300-4578-8c8b-c124ad52ae23 req-129cf26c-2f9f-452d-bf7a-c1c280be7778 52d36e4a535b40a9940a28bf95171a1f 842611b1e12c49b081f673835c22aa69 - - default default] http://[LB_IP_ADDRESS]:8776/v3/volumes/5ef7d592-1caa-42d6-b52e-c4a7077934c2 returned with HTTP 202
2026-07-10 20:24:59.092 73 INFO cinder.api.openstack.wsgi [req-8785191d-aab6-4be3-8d9e-1f801f2c5522 req-caf6a2bb-7b71-46b6-9e54-ff175801640b 6800d95731d0439dab58581f08bd7e41 1f65cccec8b74c89b64e5c16469b3ea6 - - default default] http://[LB_IP_ADDRESS]:8776/v3/volumes/f7fb6056-559c-4361-9246-e49a88d19e16 returned with HTTP 200
2026-07-10 20:24:59.114 75 INFO cinder.api.openstack.wsgi [req-20b2584a-2dc5-4d48-ab7b-593dfb591086 req-cb73aa34-5772-462a-9757-642b7acbedcf 52d36e4a535b40a9940a28bf95171a1f 842611b1e12c49b081f673835c22aa69 - - default default] GET http://[LB_IP_ADDRESS]:8776/v3/volumes/5ef7d592-1caa-42d6-b52e-c4a7077934c2
2026-07-10 20:24:59.127 72 INFO cinder.api.openstack.wsgi [req-9986b810-8a75-4bdf-ba85-2820b8ee4a28 req-d16b1d2d-ef83-4e37-91fe-ea8ab3ca5588 6800d95731d0439dab58581f08bd7e41 1f65cccec8b74c89b64e5c16469b3ea6 - - default default] POST http://[LB_IP_ADDRESS]:8776/v3/snapshots
2026-07-10 20:24:59.128 76 INFO cinder.api.openstack.wsgi [None req-a830cb4f-9a02-446e-831f-88ba19b42fcc cde5cd72b10f44d897502cb072fbf1cf ef99777d8ab045f59c7adc0b9d9414b2 - - default default] POST http://[LB_IP_ADDRESS]:8776/v3/ef99777d8ab045f59c7adc0b9d9414b2/groups
2026-07-10 20:24:59.136 76 INFO cinder.api.v3.groups [None req-a830cb4f-9a02-446e-831f-88ba19b42fcc cde5cd72b10f44d897502cb072fbf1cf ef99777d8ab045f59c7adc0b9d9414b2 - - default default] Creating group tempest-GroupSnapshotsV319Test-Group-477854368.
2026-07-10 20:24:59.137 75 INFO cinder.volume.api [req-20b2584a-2dc5-4d48-ab7b-593dfb591086 req-cb73aa34-5772-462a-9757-642b7acbedcf 52d36e4a535b40a9940a28bf95171a1f 842611b1e12c49b081f673835c22aa69 - - default default] Volume info retrieved successfully.
2026-07-10 20:24:59.143 76 INFO cinder.volume.api [None req-a830cb4f-9a02-446e-831f-88ba19b42fcc cde5cd72b10f44d897502cb072fbf1cf ef99777d8ab045f59c7adc0b9d9414b2 - - default default] Availability Zones retrieved successfully.
2026-07-10 20:24:59.147 72 INFO cinder.volume.api [req-9986b810-8a75-4bdf-ba85-2820b8ee4a28 req-d16b1d2d-ef83-4e37-91fe-ea8ab3ca5588 6800d95731d0439dab58581f08bd7e41 1f65cccec8b74c89b64e5c16469b3ea6 - - default default] Volume info retrieved successfully.
2026-07-10 20:24:59.147 75 INFO cinder.api.openstack.wsgi [req-20b2584a-2dc5-4d48-ab7b-593dfb591086 req-cb73aa34-5772-462a-9757-642b7acbedcf 52d36e4a535b40a9940a28bf95171a1f 842611b1e12c49b081f673835c22aa69 - - default default] http://[LB_IP_ADDRESS]:8776/v3/volumes/5ef7d592-1caa-42d6-b52e-c4a7077934c2 returned with HTTP 200
2026-07-10 20:24:59.147 72 INFO cinder.api.v3.snapshots [req-9986b810-8a75-4bdf-ba85-2820b8ee4a28 req-d16b1d2d-ef83-4e37-91fe-ea8ab3ca5588 6800d95731d0439dab58581f08bd7e41 1f65cccec8b74c89b64e5c16469b3ea6 - - default default] Create snapshot from volume f7fb6056-559c-4361-9246-e49a88d19e16
2026-07-10 20:24:59.191 76 INFO cinder.api.openstack.wsgi [None req-a830cb4f-9a02-446e-831f-88ba19b42fcc cde5cd72b10f44d897502cb072fbf1cf ef99777d8ab045f59c7adc0b9d9414b2 - - default default] http://[LB_IP_ADDRESS]:8776/v3/ef99777d8ab045f59c7adc0b9d9414b2/groups returned with HTTP 202
2026-07-10 20:24:59.203 74 INFO cinder.api.openstack.wsgi [None req-cd0c480e-e0d5-4f14-a0fb-fe99dbd96ecf cde5cd72b10f44d897502cb072fbf1cf ef99777d8ab045f59c7adc0b9d9414b2 - - default default] GET http://[LB_IP_ADDRESS]:8776/v3/ef99777d8ab045f59c7adc0b9d9414b2/groups/d54177a0-5254-41a2-9428-117013f960e1
2026-07-10 20:24:59.225 74 INFO cinder.api.openstack.wsgi [None req-cd0c480e-e0d5-4f14-a0fb-fe99dbd96ecf cde5cd72b10f44d897502cb072fbf1cf ef99777d8ab045f59c7adc0b9d9414b2 - - default default] http://[LB_IP_ADDRESS]:8776/v3/ef99777d8ab045f59c7adc0b9d9414b2/groups/d54177a0-5254-41a2-9428-117013f960e1 returned with HTTP 200
2026-07-10 20:24:59.249 72 INFO cinder.volume.api [req-9986b810-8a75-4bdf-ba85-2820b8ee4a28 req-d16b1d2d-ef83-4e37-91fe-ea8ab3ca5588 6800d95731d0439dab58581f08bd7e41 1f65cccec8b74c89b64e5c16469b3ea6 - - default default] Snapshot create request issued successfully.
2026-07-10 20:24:59.250 72 INFO cinder.api.openstack.wsgi [req-9986b810-8a75-4bdf-ba85-2820b8ee4a28 req-d16b1d2d-ef83-4e37-91fe-ea8ab3ca5588 6800d95731d0439dab58581f08bd7e41 1f65cccec8b74c89b64e5c16469b3ea6 - - default default] http://[LB_IP_ADDRESS]:8776/v3/snapshots returned with HTTP 202
2026-07-10 20:24:59.283 73 INFO cinder.api.openstack.wsgi [req-5b8d278c-4b85-46bb-8510-69a04b59ea12 req-4850984a-af5c-4b3b-9264-696baebaecf4 6800d95731d0439dab58581f08bd7e41 1f65cccec8b74c89b64e5c16469b3ea6 - - default default] GET http://[LB_IP_ADDRESS]:8776/v3/snapshots/92f19444-6aa7-4ced-813b-6074235bd947
2026-07-10 20:24:59.294 73 INFO cinder.volume.api [req-5b8d278c-4b85-46bb-8510-69a04b59ea12 req-4850984a-af5c-4b3b-9264-696baebaecf4 6800d95731d0439dab58581f08bd7e41 1f65cccec8b74c89b64e5c16469b3ea6 - - default default] Snapshot retrieved successfully.
2026-07-10 20:24:59.296 73 INFO cinder.api.openstack.wsgi [req-5b8d278c-4b85-46bb-8510-69a04b59ea12 req-4850984a-af5c-4b3b-9264-696baebaecf4 6800d95731d0439dab58581f08bd7e41 1f65cccec8b74c89b64e5c16469b3ea6 - - default default] http://[LB_IP_ADDRESS]:8776/v3/snapshots/92f19444-6aa7-4ced-813b-6074235bd947 returned with HTTP 200
2026-07-10 20:24:59.329 75 INFO cinder.api.openstack.wsgi [req-b84de748-dde5-47c2-a76c-3b10c20ea817 req-553af052-f44e-4140-ad0d-29d1df3dbad4 6800d95731d0439dab58581f08bd7e41 1f65cccec8b74c89b64e5c16469b3ea6 - - default default] GET http://[LB_IP_ADDRESS]:8776/v3/snapshots/detail
2026-07-10 20:24:59.338 75 INFO cinder.volume.api [req-b84de748-dde5-47c2-a76c-3b10c20ea817 req-553af052-f44e-4140-ad0d-29d1df3dbad4 6800d95731d0439dab58581f08bd7e41 1f65cccec8b74c89b64e5c16469b3ea6 - - default default] Get all snapshots completed successfully.
2026-07-10 20:24:59.341 75 INFO cinder.api.openstack.wsgi [req-b84de748-dde5-47c2-a76c-3b10c20ea817 req-553af052-f44e-4140-ad0d-29d1df3dbad4 6800d95731d0439dab58581f08bd7e41 1f65cccec8b74c89b64e5c16469b3ea6 - - default default] http://[LB_IP_ADDRESS]:8776/v3/snapshots/detail returned with HTTP 200
2026-07-10 20:24:59.374 76 INFO cinder.api.openstack.wsgi [req-aa75a46a-2e50-4e29-b33d-7731d7c9cdc2 req-6c670a50-4b34-4755-82bc-bb9e2754b412 6800d95731d0439dab58581f08bd7e41 1f65cccec8b74c89b64e5c16469b3ea6 - - default default] GET http://[LB_IP_ADDRESS]:8776/v3/snapshots/92f19444-6aa7-4ced-813b-6074235bd947
2026-07-10 20:24:59.385 76 INFO cinder.volume.api [req-aa75a46a-2e50-4e29-b33d-7731d7c9cdc2 req-6c670a50-4b34-4755-82bc-bb9e2754b412 6800d95731d0439dab58581f08bd7e41 1f65cccec8b74c89b64e5c16469b3ea6 - - default default] Snapshot retrieved successfully.
2026-07-10 20:24:59.387 76 INFO cinder.api.openstack.wsgi [req-aa75a46a-2e50-4e29-b33d-7731d7c9cdc2 req-6c670a50-4b34-4755-82bc-bb9e2754b412 6800d95731d0439dab58581f08bd7e41 1f65cccec8b74c89b64e5c16469b3ea6 - - default default] http://[LB_IP_ADDRESS]:8776/v3/snapshots/92f19444-6aa7-4ced-813b-6074235bd947 returned with HTTP 200
2026-07-10 20:25:00.180 74 INFO cinder.api.openstack.wsgi [req-4a355468-77b2-4c96-9f97-cd2a62dde3cc req-c8bb2c27-0f98-4db4-8ab8-0392e62daf77 52d36e4a535b40a9940a28bf95171a1f 842611b1e12c49b081f673835c22aa69 - - default default] GET http://[LB_IP_ADDRESS]:8776/v3/volumes/5ef7d592-1caa-42d6-b52e-c4a7077934c2
2026-07-10 20:25:00.192 74 INFO cinder.api.openstack.wsgi [req-4a355468-77b2-4c96-9f97-cd2a62dde3cc req-c8bb2c27-0f98-4db4-8ab8-0392e62daf77 52d36e4a535b40a9940a28bf95171a1f 842611b1e12c49b081f673835c22aa69 - - default default] http://[LB_IP_ADDRESS]:8776/v3/volumes/5ef7d592-1caa-42d6-b52e-c4a7077934c2 returned with HTTP 404
2026-07-10 20:25:00.242 72 INFO cinder.api.openstack.wsgi [None req-544e47e3-b300-413c-801e-f3b867c47c64 cde5cd72b10f44d897502cb072fbf1cf ef99777d8ab045f59c7adc0b9d9414b2 - - default default] GET http://[LB_IP_ADDRESS]:8776/v3/ef99777d8ab045f59c7adc0b9d9414b2/groups/d54177a0-5254-41a2-9428-117013f960e1
2026-07-10 20:25:00.265 72 INFO cinder.api.openstack.wsgi [None req-544e47e3-b300-413c-801e-f3b867c47c64 cde5cd72b10f44d897502cb072fbf1cf ef99777d8ab045f59c7adc0b9d9414b2 - - default default] http://[LB_IP_ADDRESS]:8776/v3/ef99777d8ab045f59c7adc0b9d9414b2/groups/d54177a0-5254-41a2-9428-117013f960e1 returned with HTTP 200
2026-07-10 20:25:00.279 73 INFO cinder.api.openstack.wsgi [None req-cf0fd9e4-07b4-4f14-a76c-fa99db28b7a6 cde5cd72b10f44d897502cb072fbf1cf ef99777d8ab045f59c7adc0b9d9414b2 - - default default] POST http://[LB_IP_ADDRESS]:8776/v3/ef99777d8ab045f59c7adc0b9d9414b2/volumes
2026-07-10 20:25:00.295 73 INFO cinder.api.v3.volumes [None req-cf0fd9e4-07b4-4f14-a76c-fa99db28b7a6 cde5cd72b10f44d897502cb072fbf1cf ef99777d8ab045f59c7adc0b9d9414b2 - - default default] Create volume of 1 GB
2026-07-10 20:25:00.306 73 INFO cinder.volume.api [None req-cf0fd9e4-07b4-4f14-a76c-fa99db28b7a6 cde5cd72b10f44d897502cb072fbf1cf ef99777d8ab045f59c7adc0b9d9414b2 - - default default] Availability Zones retrieved successfully.
2026-07-10 20:25:00.389 73 WARNING cinder.quota [None req-cf0fd9e4-07b4-4f14-a76c-fa99db28b7a6 cde5cd72b10f44d897502cb072fbf1cf ef99777d8ab045f59c7adc0b9d9414b2 - - default default] Deprecated: Default quota for resource: volumes_tempest-GroupSnapshotsV319Test-volume-type-2103023213 is set by the default quota flag: quota_volumes_tempest-GroupSnapshotsV319Test-volume-type-2103023213, it is now deprecated. Please use the default quota class for default quota.
2026-07-10 20:25:00.389 73 WARNING cinder.quota [None req-cf0fd9e4-07b4-4f14-a76c-fa99db28b7a6 cde5cd72b10f44d897502cb072fbf1cf ef99777d8ab045f59c7adc0b9d9414b2 - - default default] Deprecated: Default quota for resource: gigabytes_tempest-GroupSnapshotsV319Test-volume-type-2103023213 is set by the default quota flag: quota_gigabytes_tempest-GroupSnapshotsV319Test-volume-type-2103023213, it is now deprecated. Please use the default quota class for default quota.
2026-07-10 20:25:00.419 75 INFO cinder.api.openstack.wsgi [req-2df431f4-ab06-4ba0-8a2e-e1bcca412210 req-432643bc-8caf-4169-907d-25e764841837 6800d95731d0439dab58581f08bd7e41 1f65cccec8b74c89b64e5c16469b3ea6 - - default default] GET http://[LB_IP_ADDRESS]:8776/v3/snapshots/92f19444-6aa7-4ced-813b-6074235bd947
2026-07-10 20:25:00.431 75 INFO cinder.volume.api [req-2df431f4-ab06-4ba0-8a2e-e1bcca412210 req-432643bc-8caf-4169-907d-25e764841837 6800d95731d0439dab58581f08bd7e41 1f65cccec8b74c89b64e5c16469b3ea6 - - default default] Snapshot retrieved successfully.
2026-07-10 20:25:00.432 75 INFO cinder.api.openstack.wsgi [req-2df431f4-ab06-4ba0-8a2e-e1bcca412210 req-432643bc-8caf-4169-907d-25e764841837 6800d95731d0439dab58581f08bd7e41 1f65cccec8b74c89b64e5c16469b3ea6 - - default default] http://[LB_IP_ADDRESS]:8776/v3/snapshots/92f19444-6aa7-4ced-813b-6074235bd947 returned with HTTP 200
2026-07-10 20:25:00.485 73 INFO cinder.volume.api [None req-cf0fd9e4-07b4-4f14-a76c-fa99db28b7a6 cde5cd72b10f44d897502cb072fbf1cf ef99777d8ab045f59c7adc0b9d9414b2 - - default default] Create volume request issued successfully.
2026-07-10 20:25:00.499 73 INFO cinder.api.openstack.wsgi [None req-cf0fd9e4-07b4-4f14-a76c-fa99db28b7a6 cde5cd72b10f44d897502cb072fbf1cf ef99777d8ab045f59c7adc0b9d9414b2 - - default default] http://[LB_IP_ADDRESS]:8776/v3/ef99777d8ab045f59c7adc0b9d9414b2/volumes returned with HTTP 202
2026-07-10 20:25:00.517 76 INFO cinder.api.openstack.wsgi [None req-a5df96ee-095c-449a-bd95-d9aaa4b688c8 cde5cd72b10f44d897502cb072fbf1cf ef99777d8ab045f59c7adc0b9d9414b2 - - default default] GET http://[LB_IP_ADDRESS]:8776/v3/ef99777d8ab045f59c7adc0b9d9414b2/volumes/5ab5994e-7914-48c9-b8ba-90ca5ead4c25
2026-07-10 20:25:00.539 76 INFO cinder.volume.api [None req-a5df96ee-095c-449a-bd95-d9aaa4b688c8 cde5cd72b10f44d897502cb072fbf1cf ef99777d8ab045f59c7adc0b9d9414b2 - - default default] Volume info retrieved successfully.
2026-07-10 20:25:00.566 76 INFO cinder.api.openstack.wsgi [None req-a5df96ee-095c-449a-bd95-d9aaa4b688c8 cde5cd72b10f44d897502cb072fbf1cf ef99777d8ab045f59c7adc0b9d9414b2 - - default default] http://[LB_IP_ADDRESS]:8776/v3/ef99777d8ab045f59c7adc0b9d9414b2/volumes/5ab5994e-7914-48c9-b8ba-90ca5ead4c25 returned with HTTP 200
2026-07-10 20:25:01.464 74 INFO cinder.api.openstack.wsgi [req-be6efffa-57ac-45db-a00d-fa60b2c3553a req-eda3597e-b2af-4d29-986c-3c544bdd4eaf 6800d95731d0439dab58581f08bd7e41 1f65cccec8b74c89b64e5c16469b3ea6 - - default default] GET http://[LB_IP_ADDRESS]:8776/v3/snapshots/92f19444-6aa7-4ced-813b-6074235bd947
2026-07-10 20:25:01.478 74 INFO cinder.volume.api [req-be6efffa-57ac-45db-a00d-fa60b2c3553a req-eda3597e-b2af-4d29-986c-3c544bdd4eaf 6800d95731d0439dab58581f08bd7e41 1f65cccec8b74c89b64e5c16469b3ea6 - - default default] Snapshot retrieved successfully.
2026-07-10 20:25:01.480 74 INFO cinder.api.openstack.wsgi [req-be6efffa-57ac-45db-a00d-fa60b2c3553a req-eda3597e-b2af-4d29-986c-3c544bdd4eaf 6800d95731d0439dab58581f08bd7e41 1f65cccec8b74c89b64e5c16469b3ea6 - - default default] http://[LB_IP_ADDRESS]:8776/v3/snapshots/92f19444-6aa7-4ced-813b-6074235bd947 returned with HTTP 200
2026-07-10 20:25:01.510 72 INFO cinder.api.openstack.wsgi [req-ff392aa1-8ed4-4ad5-bec6-5f7fe84d7625 req-24e296af-3338-4cb7-a1d6-c1e646bfdfe0 6800d95731d0439dab58581f08bd7e41 1f65cccec8b74c89b64e5c16469b3ea6 - - default default] DELETE http://[LB_IP_ADDRESS]:8776/v3/snapshots/92f19444-6aa7-4ced-813b-6074235bd947
2026-07-10 20:25:01.511 72 INFO cinder.api.v2.snapshots [req-ff392aa1-8ed4-4ad5-bec6-5f7fe84d7625 req-24e296af-3338-4cb7-a1d6-c1e646bfdfe0 6800d95731d0439dab58581f08bd7e41 1f65cccec8b74c89b64e5c16469b3ea6 - - default default] Delete snapshot with id: 92f19444-6aa7-4ced-813b-6074235bd947
2026-07-10 20:25:01.521 72 INFO cinder.volume.api [req-ff392aa1-8ed4-4ad5-bec6-5f7fe84d7625 req-24e296af-3338-4cb7-a1d6-c1e646bfdfe0 6800d95731d0439dab58581f08bd7e41 1f65cccec8b74c89b64e5c16469b3ea6 - - default default] Snapshot retrieved successfully.
2026-07-10 20:25:01.554 72 INFO cinder.volume.api [req-ff392aa1-8ed4-4ad5-bec6-5f7fe84d7625 req-24e296af-3338-4cb7-a1d6-c1e646bfdfe0 6800d95731d0439dab58581f08bd7e41 1f65cccec8b74c89b64e5c16469b3ea6 - - default default] Snapshot delete request issued successfully.
2026-07-10 20:25:01.555 72 INFO cinder.api.openstack.wsgi [req-ff392aa1-8ed4-4ad5-bec6-5f7fe84d7625 req-24e296af-3338-4cb7-a1d6-c1e646bfdfe0 6800d95731d0439dab58581f08bd7e41 1f65cccec8b74c89b64e5c16469b3ea6 - - default default] http://[LB_IP_ADDRESS]:8776/v3/snapshots/92f19444-6aa7-4ced-813b-6074235bd947 returned with HTTP 202
2026-07-10 20:25:01.585 73 INFO cinder.api.openstack.wsgi [None req-1c686f21-30b2-4d75-b4c7-0acd81d83e03 cde5cd72b10f44d897502cb072fbf1cf ef99777d8ab045f59c7adc0b9d9414b2 - - default default] GET http://[LB_IP_ADDRESS]:8776/v3/ef99777d8ab045f59c7adc0b9d9414b2/volumes/5ab5994e-7914-48c9-b8ba-90ca5ead4c25
2026-07-10 20:25:01.586 75 INFO cinder.api.openstack.wsgi [req-683b2584-0ea3-4d19-a21f-d44de6075255 req-e0786ce7-2f8c-48bf-82ac-caab3f3b2626 6800d95731d0439dab58581f08bd7e41 1f65cccec8b74c89b64e5c16469b3ea6 - - default default] GET http://[LB_IP_ADDRESS]:8776/v3/snapshots/92f19444-6aa7-4ced-813b-6074235bd947
2026-07-10 20:25:01.598 75 INFO cinder.volume.api [req-683b2584-0ea3-4d19-a21f-d44de6075255 req-e0786ce7-2f8c-48bf-82ac-caab3f3b2626 6800d95731d0439dab58581f08bd7e41 1f65cccec8b74c89b64e5c16469b3ea6 - - default default] Snapshot retrieved successfully.
2026-07-10 20:25:01.600 75 INFO cinder.api.openstack.wsgi [req-683b2584-0ea3-4d19-a21f-d44de6075255 req-e0786ce7-2f8c-48bf-82ac-caab3f3b2626 6800d95731d0439dab58581f08bd7e41 1f65cccec8b74c89b64e5c16469b3ea6 - - default default] http://[LB_IP_ADDRESS]:8776/v3/snapshots/92f19444-6aa7-4ced-813b-6074235bd947 returned with HTTP 200
2026-07-10 20:25:01.608 73 INFO cinder.volume.api [None req-1c686f21-30b2-4d75-b4c7-0acd81d83e03 cde5cd72b10f44d897502cb072fbf1cf ef99777d8ab045f59c7adc0b9d9414b2 - - default default] Volume info retrieved successfully.
2026-07-10 20:25:01.634 73 INFO cinder.api.openstack.wsgi [None req-1c686f21-30b2-4d75-b4c7-0acd81d83e03 cde5cd72b10f44d897502cb072fbf1cf ef99777d8ab045f59c7adc0b9d9414b2 - - default default] http://[LB_IP_ADDRESS]:8776/v3/ef99777d8ab045f59c7adc0b9d9414b2/volumes/5ab5994e-7914-48c9-b8ba-90ca5ead4c25 returned with HTTP 200
2026-07-10 20:25:01.655 76 INFO cinder.api.openstack.wsgi [None req-ad648589-d6a2-46d2-a3f2-c10044e1e483 cde5cd72b10f44d897502cb072fbf1cf ef99777d8ab045f59c7adc0b9d9414b2 - - default default] POST http://[LB_IP_ADDRESS]:8776/v3/ef99777d8ab045f59c7adc0b9d9414b2/group_snapshots
2026-07-10 20:25:01.669 76 INFO cinder.api.v3.group_snapshots [None req-ad648589-d6a2-46d2-a3f2-c10044e1e483 cde5cd72b10f44d897502cb072fbf1cf ef99777d8ab045f59c7adc0b9d9414b2 - - default default] Creating group_snapshot tempest-GroupSnapshotsV319Test-Group_Snapshot-1170530610.
2026-07-10 20:25:01.719 76 WARNING cinder.quota [None req-ad648589-d6a2-46d2-a3f2-c10044e1e483 cde5cd72b10f44d897502cb072fbf1cf ef99777d8ab045f59c7adc0b9d9414b2 - - default default] Deprecated: Default quota for resource: gigabytes_tempest-GroupSnapshotsV319Test-volume-type-2103023213 is set by the default quota flag: quota_gigabytes_tempest-GroupSnapshotsV319Test-volume-type-2103023213, it is now deprecated. Please use the default quota class for default quota.
2026-07-10 20:25:01.720 76 WARNING cinder.quota [None req-ad648589-d6a2-46d2-a3f2-c10044e1e483 cde5cd72b10f44d897502cb072fbf1cf ef99777d8ab045f59c7adc0b9d9414b2 - - default default] Deprecated: Default quota for resource: snapshots_tempest-GroupSnapshotsV319Test-volume-type-2103023213 is set by the default quota flag: quota_snapshots_tempest-GroupSnapshotsV319Test-volume-type-2103023213, it is now deprecated. Please use the default quota class for default quota.
2026-07-10 20:25:01.779 76 INFO cinder.api.openstack.wsgi [None req-ad648589-d6a2-46d2-a3f2-c10044e1e483 cde5cd72b10f44d897502cb072fbf1cf ef99777d8ab045f59c7adc0b9d9414b2 - - default default] http://[LB_IP_ADDRESS]:8776/v3/ef99777d8ab045f59c7adc0b9d9414b2/group_snapshots returned with HTTP 202
2026-07-10 20:25:01.791 74 INFO cinder.api.openstack.wsgi [None req-b924877c-6f84-4088-bd47-692524a8a02c cde5cd72b10f44d897502cb072fbf1cf ef99777d8ab045f59c7adc0b9d9414b2 - - default default] GET http://[LB_IP_ADDRESS]:8776/v3/ef99777d8ab045f59c7adc0b9d9414b2/group_snapshots/ff975d9a-e564-49b9-a333-d5b93112e1a5
2026-07-10 20:25:01.803 74 INFO cinder.api.openstack.wsgi [None req-b924877c-6f84-4088-bd47-692524a8a02c cde5cd72b10f44d897502cb072fbf1cf ef99777d8ab045f59c7adc0b9d9414b2 - - default default] http://[LB_IP_ADDRESS]:8776/v3/ef99777d8ab045f59c7adc0b9d9414b2/group_snapshots/ff975d9a-e564-49b9-a333-d5b93112e1a5 returned with HTTP 200
2026-07-10 20:25:02.634 72 INFO cinder.api.openstack.wsgi [req-8cb81b2b-27bd-49dd-89c7-ab028fa75312 req-89595c37-6ec0-4c31-b55d-bbca3dafa553 6800d95731d0439dab58581f08bd7e41 1f65cccec8b74c89b64e5c16469b3ea6 - - default default] GET http://[LB_IP_ADDRESS]:8776/v3/snapshots/92f19444-6aa7-4ced-813b-6074235bd947
2026-07-10 20:25:02.643 72 INFO cinder.api.openstack.wsgi [req-8cb81b2b-27bd-49dd-89c7-ab028fa75312 req-89595c37-6ec0-4c31-b55d-bbca3dafa553 6800d95731d0439dab58581f08bd7e41 1f65cccec8b74c89b64e5c16469b3ea6 - - default default] http://[LB_IP_ADDRESS]:8776/v3/snapshots/92f19444-6aa7-4ced-813b-6074235bd947 returned with HTTP 404
2026-07-10 20:25:02.671 75 INFO cinder.api.openstack.wsgi [req-7a605a3c-3c57-4c84-b5e2-8f71d12df84a req-5fab1acb-bab0-478e-b680-23b5a3665c09 6800d95731d0439dab58581f08bd7e41 1f65cccec8b74c89b64e5c16469b3ea6 - - default default] DELETE http://[LB_IP_ADDRESS]:8776/v3/volumes/f7fb6056-559c-4361-9246-e49a88d19e16
2026-07-10 20:25:02.671 75 INFO cinder.api.v3.volumes [req-7a605a3c-3c57-4c84-b5e2-8f71d12df84a req-5fab1acb-bab0-478e-b680-23b5a3665c09 6800d95731d0439dab58581f08bd7e41 1f65cccec8b74c89b64e5c16469b3ea6 - - default default] Delete volume with id: f7fb6056-559c-4361-9246-e49a88d19e16 
2026-07-10 20:25:02.688 75 INFO cinder.volume.api [req-7a605a3c-3c57-4c84-b5e2-8f71d12df84a req-5fab1acb-bab0-478e-b680-23b5a3665c09 6800d95731d0439dab58581f08bd7e41 1f65cccec8b74c89b64e5c16469b3ea6 - - default default] Volume info retrieved successfully.
2026-07-10 20:25:02.719 75 INFO cinder.volume.api [req-7a605a3c-3c57-4c84-b5e2-8f71d12df84a req-5fab1acb-bab0-478e-b680-23b5a3665c09 6800d95731d0439dab58581f08bd7e41 1f65cccec8b74c89b64e5c16469b3ea6 - - default default] Delete volume request issued successfully.
2026-07-10 20:25:02.720 75 INFO cinder.api.openstack.wsgi [req-7a605a3c-3c57-4c84-b5e2-8f71d12df84a req-5fab1acb-bab0-478e-b680-23b5a3665c09 6800d95731d0439dab58581f08bd7e41 1f65cccec8b74c89b64e5c16469b3ea6 - - default default] http://[LB_IP_ADDRESS]:8776/v3/volumes/f7fb6056-559c-4361-9246-e49a88d19e16 returned with HTTP 202
2026-07-10 20:25:02.750 73 INFO cinder.api.openstack.wsgi [req-1fa3d482-6507-4d70-a29b-118fb66daef8 req-d5596c07-0eff-43ff-a7ae-71be2df1809f 6800d95731d0439dab58581f08bd7e41 1f65cccec8b74c89b64e5c16469b3ea6 - - default default] GET http://[LB_IP_ADDRESS]:8776/v3/volumes/f7fb6056-559c-4361-9246-e49a88d19e16
2026-07-10 20:25:02.772 73 INFO cinder.volume.api [req-1fa3d482-6507-4d70-a29b-118fb66daef8 req-d5596c07-0eff-43ff-a7ae-71be2df1809f 6800d95731d0439dab58581f08bd7e41 1f65cccec8b74c89b64e5c16469b3ea6 - - default default] Volume info retrieved successfully.
2026-07-10 20:25:02.781 73 INFO cinder.api.openstack.wsgi [req-1fa3d482-6507-4d70-a29b-118fb66daef8 req-d5596c07-0eff-43ff-a7ae-71be2df1809f 6800d95731d0439dab58581f08bd7e41 1f65cccec8b74c89b64e5c16469b3ea6 - - default default] http://[LB_IP_ADDRESS]:8776/v3/volumes/f7fb6056-559c-4361-9246-e49a88d19e16 returned with HTTP 200
2026-07-10 20:25:02.819 76 INFO cinder.api.openstack.wsgi [None req-bbc73c31-6b25-47fb-b1a1-2d3dcc1a8921 cde5cd72b10f44d897502cb072fbf1cf ef99777d8ab045f59c7adc0b9d9414b2 - - default default] GET http://[LB_IP_ADDRESS]:8776/v3/ef99777d8ab045f59c7adc0b9d9414b2/group_snapshots/ff975d9a-e564-49b9-a333-d5b93112e1a5
2026-07-10 20:25:02.834 76 INFO cinder.api.openstack.wsgi [None req-bbc73c31-6b25-47fb-b1a1-2d3dcc1a8921 cde5cd72b10f44d897502cb072fbf1cf ef99777d8ab045f59c7adc0b9d9414b2 - - default default] http://[LB_IP_ADDRESS]:8776/v3/ef99777d8ab045f59c7adc0b9d9414b2/group_snapshots/ff975d9a-e564-49b9-a333-d5b93112e1a5 returned with HTTP 200
2026-07-10 20:25:02.966 74 INFO cinder.api.openstack.wsgi [req-7e47ab52-5f7c-4c6f-ab3a-8899e0f591d8 req-d988472e-5049-4a17-9e84-78968130ef91 47dafbdce1b743ccab374c88b12b7b08 9ebadc08a36e4f4d8c8ed4f4ea78af1e - - default default] DELETE http://[LB_IP_ADDRESS]:8776/v3/volumes/tempest-invalid-1212441658
2026-07-10 20:25:02.967 74 INFO cinder.api.v3.volumes [req-7e47ab52-5f7c-4c6f-ab3a-8899e0f591d8 req-d988472e-5049-4a17-9e84-78968130ef91 47dafbdce1b743ccab374c88b12b7b08 9ebadc08a36e4f4d8c8ed4f4ea78af1e - - default default] Delete volume with id: tempest-invalid-1212441658 
2026-07-10 20:25:02.978 74 INFO cinder.api.openstack.wsgi [req-7e47ab52-5f7c-4c6f-ab3a-8899e0f591d8 req-d988472e-5049-4a17-9e84-78968130ef91 47dafbdce1b743ccab374c88b12b7b08 9ebadc08a36e4f4d8c8ed4f4ea78af1e - - default default] http://[LB_IP_ADDRESS]:8776/v3/volumes/tempest-invalid-1212441658 returned with HTTP 404
2026-07-10 20:25:03.031 72 INFO cinder.api.openstack.wsgi [req-98750f3d-6c7e-4b38-b61c-0a317c82e1e2 req-13a8159d-0aa6-477d-8993-f7df36a958fb 47dafbdce1b743ccab374c88b12b7b08 9ebadc08a36e4f4d8c8ed4f4ea78af1e - - default default] DELETE http://[LB_IP_ADDRESS]:8776/v3/volumes/b85cc65e-de0e-44e3-baf8-22fb8119552d
2026-07-10 20:25:03.032 72 INFO cinder.api.v3.volumes [req-98750f3d-6c7e-4b38-b61c-0a317c82e1e2 req-13a8159d-0aa6-477d-8993-f7df36a958fb 47dafbdce1b743ccab374c88b12b7b08 9ebadc08a36e4f4d8c8ed4f4ea78af1e - - default default] Delete volume with id: b85cc65e-de0e-44e3-baf8-22fb8119552d 
2026-07-10 20:25:03.043 72 INFO cinder.api.openstack.wsgi [req-98750f3d-6c7e-4b38-b61c-0a317c82e1e2 req-13a8159d-0aa6-477d-8993-f7df36a958fb 47dafbdce1b743ccab374c88b12b7b08 9ebadc08a36e4f4d8c8ed4f4ea78af1e - - default default] http://[LB_IP_ADDRESS]:8776/v3/volumes/b85cc65e-de0e-44e3-baf8-22fb8119552d returned with HTTP 404
2026-07-10 20:25:03.075 75 INFO cinder.api.openstack.wsgi [req-5c7a76d4-2678-4f1f-aeea-118138b9645c req-ec93f921-4fba-4bff-8364-2327352d9370 47dafbdce1b743ccab374c88b12b7b08 9ebadc08a36e4f4d8c8ed4f4ea78af1e - - default default] GET http://[LB_IP_ADDRESS]:8776/v3/volumes/a2f95e67-bbbd-4617-b8ba-8f2f5e434920
2026-07-10 20:25:03.087 75 INFO cinder.api.openstack.wsgi [req-5c7a76d4-2678-4f1f-aeea-118138b9645c req-ec93f921-4fba-4bff-8364-2327352d9370 47dafbdce1b743ccab374c88b12b7b08 9ebadc08a36e4f4d8c8ed4f4ea78af1e - - default default] http://[LB_IP_ADDRESS]:8776/v3/volumes/a2f95e67-bbbd-4617-b8ba-8f2f5e434920 returned with HTTP 404
2026-07-10 20:25:03.815 73 INFO cinder.api.openstack.wsgi [req-e33814b3-68b9-48ce-8303-308d14f2d2aa req-e01a1b46-c27c-4489-bea7-db87ff9ea255 6800d95731d0439dab58581f08bd7e41 1f65cccec8b74c89b64e5c16469b3ea6 - - default default] GET http://[LB_IP_ADDRESS]:8776/v3/volumes/f7fb6056-559c-4361-9246-e49a88d19e16
2026-07-10 20:25:03.827 73 INFO cinder.api.openstack.wsgi [req-e33814b3-68b9-48ce-8303-308d14f2d2aa req-e01a1b46-c27c-4489-bea7-db87ff9ea255 6800d95731d0439dab58581f08bd7e41 1f65cccec8b74c89b64e5c16469b3ea6 - - default default] http://[LB_IP_ADDRESS]:8776/v3/volumes/f7fb6056-559c-4361-9246-e49a88d19e16 returned with HTTP 404
2026-07-10 20:25:03.847 76 INFO cinder.api.openstack.wsgi [None req-5372b578-85fb-4fbc-b693-5cd091b6a331 cde5cd72b10f44d897502cb072fbf1cf ef99777d8ab045f59c7adc0b9d9414b2 - - default default] GET http://[LB_IP_ADDRESS]:8776/v3/ef99777d8ab045f59c7adc0b9d9414b2/group_snapshots/ff975d9a-e564-49b9-a333-d5b93112e1a5
2026-07-10 20:25:03.860 76 INFO cinder.api.openstack.wsgi [None req-5372b578-85fb-4fbc-b693-5cd091b6a331 cde5cd72b10f44d897502cb072fbf1cf ef99777d8ab045f59c7adc0b9d9414b2 - - default default] http://[LB_IP_ADDRESS]:8776/v3/ef99777d8ab045f59c7adc0b9d9414b2/group_snapshots/ff975d9a-e564-49b9-a333-d5b93112e1a5 returned with HTTP 200
2026-07-10 20:25:03.866 74 INFO cinder.api.openstack.wsgi [req-5f67a30c-b5d4-40b7-bfb5-5bc2430e77f0 req-19da58a4-38e2-460f-bb53-3f7e78903ae7 6800d95731d0439dab58581f08bd7e41 1f65cccec8b74c89b64e5c16469b3ea6 - - default default] DELETE http://[LB_IP_ADDRESS]:8776/v3/volumes/f7fb6056-559c-4361-9246-e49a88d19e16
2026-07-10 20:25:03.867 74 INFO cinder.api.v3.volumes [req-5f67a30c-b5d4-40b7-bfb5-5bc2430e77f0 req-19da58a4-38e2-460f-bb53-3f7e78903ae7 6800d95731d0439dab58581f08bd7e41 1f65cccec8b74c89b64e5c16469b3ea6 - - default default] Delete volume with id: f7fb6056-559c-4361-9246-e49a88d19e16 
2026-07-10 20:25:03.873 72 INFO cinder.api.openstack.wsgi [None req-045c674f-4419-4980-9c6b-8a90b9b7f870 cde5cd72b10f44d897502cb072fbf1cf ef99777d8ab045f59c7adc0b9d9414b2 - - default default] GET http://[LB_IP_ADDRESS]:8776/v3/ef99777d8ab045f59c7adc0b9d9414b2/snapshots/detail
2026-07-10 20:25:03.879 74 INFO cinder.api.openstack.wsgi [req-5f67a30c-b5d4-40b7-bfb5-5bc2430e77f0 req-19da58a4-38e2-460f-bb53-3f7e78903ae7 6800d95731d0439dab58581f08bd7e41 1f65cccec8b74c89b64e5c16469b3ea6 - - default default] http://[LB_IP_ADDRESS]:8776/v3/volumes/f7fb6056-559c-4361-9246-e49a88d19e16 returned with HTTP 404
2026-07-10 20:25:03.883 72 INFO cinder.volume.api [None req-045c674f-4419-4980-9c6b-8a90b9b7f870 cde5cd72b10f44d897502cb072fbf1cf ef99777d8ab045f59c7adc0b9d9414b2 - - default default] Get all snapshots completed successfully.
2026-07-10 20:25:03.886 72 INFO cinder.api.openstack.wsgi [None req-045c674f-4419-4980-9c6b-8a90b9b7f870 cde5cd72b10f44d897502cb072fbf1cf ef99777d8ab045f59c7adc0b9d9414b2 - - default default] http://[LB_IP_ADDRESS]:8776/v3/ef99777d8ab045f59c7adc0b9d9414b2/snapshots/detail returned with HTTP 200
2026-07-10 20:25:03.904 75 INFO cinder.api.openstack.wsgi [None req-6fde1994-dfe8-414a-88b4-b873a8ccf45a cde5cd72b10f44d897502cb072fbf1cf ef99777d8ab045f59c7adc0b9d9414b2 - - default default] GET http://[LB_IP_ADDRESS]:8776/v3/ef99777d8ab045f59c7adc0b9d9414b2/snapshots/88c58307-478b-43f5-8f9d-f3da5aba1443
2026-07-10 20:25:03.913 73 INFO cinder.api.openstack.wsgi [req-d68b2652-251d-4256-a386-d4eee633a418 req-db46c783-60b3-44a1-be62-c95af60ae1bb 6800d95731d0439dab58581f08bd7e41 1f65cccec8b74c89b64e5c16469b3ea6 - - default default] GET http://[LB_IP_ADDRESS]:8776/v3/volumes/f7fb6056-559c-4361-9246-e49a88d19e16
2026-07-10 20:25:03.916 75 INFO cinder.volume.api [None req-6fde1994-dfe8-414a-88b4-b873a8ccf45a cde5cd72b10f44d897502cb072fbf1cf ef99777d8ab045f59c7adc0b9d9414b2 - - default default] Snapshot retrieved successfully.
2026-07-10 20:25:03.918 75 INFO cinder.api.openstack.wsgi [None req-6fde1994-dfe8-414a-88b4-b873a8ccf45a cde5cd72b10f44d897502cb072fbf1cf ef99777d8ab045f59c7adc0b9d9414b2 - - default default] http://[LB_IP_ADDRESS]:8776/v3/ef99777d8ab045f59c7adc0b9d9414b2/snapshots/88c58307-478b-43f5-8f9d-f3da5aba1443 returned with HTTP 200
2026-07-10 20:25:03.926 73 INFO cinder.api.openstack.wsgi [req-d68b2652-251d-4256-a386-d4eee633a418 req-db46c783-60b3-44a1-be62-c95af60ae1bb 6800d95731d0439dab58581f08bd7e41 1f65cccec8b74c89b64e5c16469b3ea6 - - default default] http://[LB_IP_ADDRESS]:8776/v3/volumes/f7fb6056-559c-4361-9246-e49a88d19e16 returned with HTTP 404
2026-07-10 20:25:03.932 76 INFO cinder.api.openstack.wsgi [None req-40581046-46c3-4941-850d-6a2ce292df1a 85617397c20a42809752023da894b6e3 9c884a8d4e954468ac2e11afdfbe349d - - default default] POST http://[LB_IP_ADDRESS]:8776/v3/9c884a8d4e954468ac2e11afdfbe349d/group_snapshots/ff975d9a-e564-49b9-a333-d5b93112e1a5/action
2026-07-10 20:25:03.952 76 INFO cinder.api.openstack.wsgi [None req-40581046-46c3-4941-850d-6a2ce292df1a 85617397c20a42809752023da894b6e3 9c884a8d4e954468ac2e11afdfbe349d - - default default] http://[LB_IP_ADDRESS]:8776/v3/9c884a8d4e954468ac2e11afdfbe349d/group_snapshots/ff975d9a-e564-49b9-a333-d5b93112e1a5/action returned with HTTP 202
2026-07-10 20:25:03.963 74 INFO cinder.api.openstack.wsgi [None req-752cb10c-c65f-4d53-aeff-fee104794b78 cde5cd72b10f44d897502cb072fbf1cf ef99777d8ab045f59c7adc0b9d9414b2 - - default default] GET http://[LB_IP_ADDRESS]:8776/v3/ef99777d8ab045f59c7adc0b9d9414b2/group_snapshots/ff975d9a-e564-49b9-a333-d5b93112e1a5
2026-07-10 20:25:03.976 74 INFO cinder.api.openstack.wsgi [None req-752cb10c-c65f-4d53-aeff-fee104794b78 cde5cd72b10f44d897502cb072fbf1cf ef99777d8ab045f59c7adc0b9d9414b2 - - default default] http://[LB_IP_ADDRESS]:8776/v3/ef99777d8ab045f59c7adc0b9d9414b2/group_snapshots/ff975d9a-e564-49b9-a333-d5b93112e1a5 returned with HTTP 200
2026-07-10 20:25:03.989 72 INFO cinder.api.openstack.wsgi [None req-508db772-b92f-4871-a9a3-7eec1febb2ea 85617397c20a42809752023da894b6e3 9c884a8d4e954468ac2e11afdfbe349d - - default default] POST http://[LB_IP_ADDRESS]:8776/v3/9c884a8d4e954468ac2e11afdfbe349d/group_snapshots/ff975d9a-e564-49b9-a333-d5b93112e1a5/action
2026-07-10 20:25:04.010 72 INFO cinder.api.openstack.wsgi [None req-508db772-b92f-4871-a9a3-7eec1febb2ea 85617397c20a42809752023da894b6e3 9c884a8d4e954468ac2e11afdfbe349d - - default default] http://[LB_IP_ADDRESS]:8776/v3/9c884a8d4e954468ac2e11afdfbe349d/group_snapshots/ff975d9a-e564-49b9-a333-d5b93112e1a5/action returned with HTTP 202
2026-07-10 20:25:04.021 75 INFO cinder.api.openstack.wsgi [None req-ac2e80d3-da73-46a1-bfdc-aab57809431b cde5cd72b10f44d897502cb072fbf1cf ef99777d8ab045f59c7adc0b9d9414b2 - - default default] GET http://[LB_IP_ADDRESS]:8776/v3/ef99777d8ab045f59c7adc0b9d9414b2/group_snapshots/ff975d9a-e564-49b9-a333-d5b93112e1a5
2026-07-10 20:25:04.033 75 INFO cinder.api.openstack.wsgi [None req-ac2e80d3-da73-46a1-bfdc-aab57809431b cde5cd72b10f44d897502cb072fbf1cf ef99777d8ab045f59c7adc0b9d9414b2 - - default default] http://[LB_IP_ADDRESS]:8776/v3/ef99777d8ab045f59c7adc0b9d9414b2/group_snapshots/ff975d9a-e564-49b9-a333-d5b93112e1a5 returned with HTTP 200
