Build Started 21_03_2024_16_24_29
2024-03-21 18:26:02.551 20 INFO cinder.api.openstack.wsgi [None req-43cefef4-a801-4a25-8e6a-dad62c77222e 9b5c72e61a2343adb019cb4a562af8e6 364eea60db644a4f9fca32333943f2ef - - default default] GET http://[LB_IP_ADDRESS]:8776/v3/364eea60db644a4f9fca32333943f2ef/volumes/detail
2024-03-21 18:26:02.577 20 INFO cinder.volume.api [None req-43cefef4-a801-4a25-8e6a-dad62c77222e 9b5c72e61a2343adb019cb4a562af8e6 364eea60db644a4f9fca32333943f2ef - - default default] Get all volumes completed successfully.
2024-03-21 18:26:02.583 20 INFO cinder.api.openstack.wsgi [None req-43cefef4-a801-4a25-8e6a-dad62c77222e 9b5c72e61a2343adb019cb4a562af8e6 364eea60db644a4f9fca32333943f2ef - - default default] http://[LB_IP_ADDRESS]:8776/v3/364eea60db644a4f9fca32333943f2ef/volumes/detail returned with HTTP 200
2024-03-21 18:26:02.597 21 INFO cinder.api.openstack.wsgi [req-43cefef4-a801-4a25-8e6a-dad62c77222e req-9b70699b-16fb-48c4-bda6-dcd98fb0e3ed 9b5c72e61a2343adb019cb4a562af8e6 364eea60db644a4f9fca32333943f2ef - - default default] GET http://[LB_IP_ADDRESS]:8776/v3/364eea60db644a4f9fca32333943f2ef/snapshots/detail?all_tenants=True
2024-03-21 18:26:02.611 21 INFO cinder.volume.api [req-43cefef4-a801-4a25-8e6a-dad62c77222e req-9b70699b-16fb-48c4-bda6-dcd98fb0e3ed 9b5c72e61a2343adb019cb4a562af8e6 364eea60db644a4f9fca32333943f2ef - - default default] Get all snapshots completed successfully.
2024-03-21 18:26:02.613 21 INFO cinder.api.openstack.wsgi [req-43cefef4-a801-4a25-8e6a-dad62c77222e req-9b70699b-16fb-48c4-bda6-dcd98fb0e3ed 9b5c72e61a2343adb019cb4a562af8e6 364eea60db644a4f9fca32333943f2ef - - default default] http://[LB_IP_ADDRESS]:8776/v3/364eea60db644a4f9fca32333943f2ef/snapshots/detail?all_tenants=True returned with HTTP 200
2024-03-21 18:26:04.567 23 INFO cinder.api.openstack.wsgi [None req-52b6bbf3-ad4d-4cdf-824a-e9d4dedeec40 9b5c72e61a2343adb019cb4a562af8e6 364eea60db644a4f9fca32333943f2ef - - default default] GET http://[LB_IP_ADDRESS]:8776/v3/364eea60db644a4f9fca32333943f2ef/volumes/detail?all_tenants=True
2024-03-21 18:26:04.588 23 INFO cinder.volume.api [None req-52b6bbf3-ad4d-4cdf-824a-e9d4dedeec40 9b5c72e61a2343adb019cb4a562af8e6 364eea60db644a4f9fca32333943f2ef - - default default] Get all volumes completed successfully.
2024-03-21 18:26:04.594 23 INFO cinder.api.openstack.wsgi [None req-52b6bbf3-ad4d-4cdf-824a-e9d4dedeec40 9b5c72e61a2343adb019cb4a562af8e6 364eea60db644a4f9fca32333943f2ef - - default default] http://[LB_IP_ADDRESS]:8776/v3/364eea60db644a4f9fca32333943f2ef/volumes/detail?all_tenants=True returned with HTTP 200
2024-03-21 18:26:06.294 22 INFO cinder.api.openstack.wsgi [None req-b01e7b93-3f16-42bd-93c6-38fc36953b40 9b5c72e61a2343adb019cb4a562af8e6 364eea60db644a4f9fca32333943f2ef - - default default] GET http://[LB_IP_ADDRESS]:8776/v3/364eea60db644a4f9fca32333943f2ef/types?is_public=None
2024-03-21 18:26:06.315 22 INFO cinder.api.openstack.wsgi [None req-b01e7b93-3f16-42bd-93c6-38fc36953b40 9b5c72e61a2343adb019cb4a562af8e6 364eea60db644a4f9fca32333943f2ef - - default default] http://[LB_IP_ADDRESS]:8776/v3/364eea60db644a4f9fca32333943f2ef/types?is_public=None returned with HTTP 200
2024-03-21 18:26:19.351 19 INFO cinder.api.openstack.wsgi [req-4899650e-5cdc-42e3-8a01-149c5dded30c req-6aced85a-b8c3-426f-9e71-0a8f0387c339 04356828de424d949aa7817d0b067427 a1b7114b61ef413b8f2b6910d3fc165e - - default default] POST http://[LB_IP_ADDRESS]:8776/v3/a1b7114b61ef413b8f2b6910d3fc165e/volumes
2024-03-21 18:26:19.370 19 INFO cinder.api.v3.volumes [req-4899650e-5cdc-42e3-8a01-149c5dded30c req-6aced85a-b8c3-426f-9e71-0a8f0387c339 04356828de424d949aa7817d0b067427 a1b7114b61ef413b8f2b6910d3fc165e - - default default] Create volume of 1 GB
2024-03-21 18:26:19.372 20 INFO cinder.api.openstack.wsgi [None req-9f2b9ac0-8752-47d4-8867-45f6dea77918 - - - - - -] GET http://[LB_IP_ADDRESS]:8776/
2024-03-21 18:26:19.374 20 INFO cinder.api.openstack.wsgi [None req-9f2b9ac0-8752-47d4-8867-45f6dea77918 - - - - - -] http://[LB_IP_ADDRESS]:8776/ returned with HTTP 300
2024-03-21 18:26:19.379 19 INFO cinder.volume.api [req-4899650e-5cdc-42e3-8a01-149c5dded30c req-6aced85a-b8c3-426f-9e71-0a8f0387c339 04356828de424d949aa7817d0b067427 a1b7114b61ef413b8f2b6910d3fc165e - - default default] Availability Zones retrieved successfully.
2024-03-21 18:26:19.449 21 INFO cinder.api.openstack.wsgi [req-4e4afe50-1fa9-4510-8720-75390b320761 req-7fbeb530-67c6-4533-b65c-1d50df83a725 2e873b582879462d9070e0cb94b409c6 22ed89add84143f3aa57533c73c58a01 - - default default] POST http://[LB_IP_ADDRESS]:8776/v3/22ed89add84143f3aa57533c73c58a01/volumes
2024-03-21 18:26:19.454 21 INFO cinder.api.v3.volumes [req-4e4afe50-1fa9-4510-8720-75390b320761 req-7fbeb530-67c6-4533-b65c-1d50df83a725 2e873b582879462d9070e0cb94b409c6 22ed89add84143f3aa57533c73c58a01 - - default default] Create volume of 1 GB
2024-03-21 18:26:19.463 21 INFO cinder.volume.api [req-4e4afe50-1fa9-4510-8720-75390b320761 req-7fbeb530-67c6-4533-b65c-1d50df83a725 2e873b582879462d9070e0cb94b409c6 22ed89add84143f3aa57533c73c58a01 - - default default] Availability Zones retrieved successfully.
2024-03-21 18:26:19.563 19 INFO cinder.volume.api [req-4899650e-5cdc-42e3-8a01-149c5dded30c req-6aced85a-b8c3-426f-9e71-0a8f0387c339 04356828de424d949aa7817d0b067427 a1b7114b61ef413b8f2b6910d3fc165e - - default default] Create volume request issued successfully.
2024-03-21 18:26:19.564 19 INFO cinder.api.openstack.wsgi [req-4899650e-5cdc-42e3-8a01-149c5dded30c req-6aced85a-b8c3-426f-9e71-0a8f0387c339 04356828de424d949aa7817d0b067427 a1b7114b61ef413b8f2b6910d3fc165e - - default default] http://[LB_IP_ADDRESS]:8776/v3/a1b7114b61ef413b8f2b6910d3fc165e/volumes returned with HTTP 202
2024-03-21 18:26:19.578 23 INFO cinder.api.openstack.wsgi [req-4899650e-5cdc-42e3-8a01-149c5dded30c req-7943e1db-8ede-4150-a381-dbe52c7c685f 04356828de424d949aa7817d0b067427 a1b7114b61ef413b8f2b6910d3fc165e - - default default] GET http://[LB_IP_ADDRESS]:8776/v3/a1b7114b61ef413b8f2b6910d3fc165e/volumes/3a2f626c-03ac-4fc5-b5bb-da833589771a
2024-03-21 18:26:19.605 23 INFO cinder.volume.api [req-4899650e-5cdc-42e3-8a01-149c5dded30c req-7943e1db-8ede-4150-a381-dbe52c7c685f 04356828de424d949aa7817d0b067427 a1b7114b61ef413b8f2b6910d3fc165e - - default default] Volume info retrieved successfully.
2024-03-21 18:26:19.615 23 INFO cinder.api.openstack.wsgi [req-4899650e-5cdc-42e3-8a01-149c5dded30c req-7943e1db-8ede-4150-a381-dbe52c7c685f 04356828de424d949aa7817d0b067427 a1b7114b61ef413b8f2b6910d3fc165e - - default default] http://[LB_IP_ADDRESS]:8776/v3/a1b7114b61ef413b8f2b6910d3fc165e/volumes/3a2f626c-03ac-4fc5-b5bb-da833589771a returned with HTTP 200
2024-03-21 18:26:19.659 21 INFO cinder.volume.api [req-4e4afe50-1fa9-4510-8720-75390b320761 req-7fbeb530-67c6-4533-b65c-1d50df83a725 2e873b582879462d9070e0cb94b409c6 22ed89add84143f3aa57533c73c58a01 - - default default] Create volume request issued successfully.
2024-03-21 18:26:19.660 21 INFO cinder.api.openstack.wsgi [req-4e4afe50-1fa9-4510-8720-75390b320761 req-7fbeb530-67c6-4533-b65c-1d50df83a725 2e873b582879462d9070e0cb94b409c6 22ed89add84143f3aa57533c73c58a01 - - default default] http://[LB_IP_ADDRESS]:8776/v3/22ed89add84143f3aa57533c73c58a01/volumes returned with HTTP 202
2024-03-21 18:26:19.675 20 INFO cinder.api.openstack.wsgi [req-4e4afe50-1fa9-4510-8720-75390b320761 req-4b2668b8-c082-40fb-93c3-17a0f272a34a 2e873b582879462d9070e0cb94b409c6 22ed89add84143f3aa57533c73c58a01 - - default default] GET http://[LB_IP_ADDRESS]:8776/v3/22ed89add84143f3aa57533c73c58a01/volumes/08d6ea4c-26b4-41ad-aab1-a73ff937ed74
2024-03-21 18:26:19.699 22 INFO cinder.api.openstack.wsgi [req-7c638afc-4afd-4a59-8550-344a41a59fca req-75fdfb00-8931-4104-bd46-541a1abfb2c6 04356828de424d949aa7817d0b067427 a1b7114b61ef413b8f2b6910d3fc165e - - default default] GET http://[LB_IP_ADDRESS]:8776/v3/a1b7114b61ef413b8f2b6910d3fc165e/volumes/3a2f626c-03ac-4fc5-b5bb-da833589771a
2024-03-21 18:26:19.704 20 INFO cinder.volume.api [req-4e4afe50-1fa9-4510-8720-75390b320761 req-4b2668b8-c082-40fb-93c3-17a0f272a34a 2e873b582879462d9070e0cb94b409c6 22ed89add84143f3aa57533c73c58a01 - - default default] Volume info retrieved successfully.
2024-03-21 18:26:19.714 20 INFO cinder.api.openstack.wsgi [req-4e4afe50-1fa9-4510-8720-75390b320761 req-4b2668b8-c082-40fb-93c3-17a0f272a34a 2e873b582879462d9070e0cb94b409c6 22ed89add84143f3aa57533c73c58a01 - - default default] http://[LB_IP_ADDRESS]:8776/v3/22ed89add84143f3aa57533c73c58a01/volumes/08d6ea4c-26b4-41ad-aab1-a73ff937ed74 returned with HTTP 200
2024-03-21 18:26:19.727 22 INFO cinder.volume.api [req-7c638afc-4afd-4a59-8550-344a41a59fca req-75fdfb00-8931-4104-bd46-541a1abfb2c6 04356828de424d949aa7817d0b067427 a1b7114b61ef413b8f2b6910d3fc165e - - default default] Volume info retrieved successfully.
2024-03-21 18:26:19.738 22 INFO cinder.api.openstack.wsgi [req-7c638afc-4afd-4a59-8550-344a41a59fca req-75fdfb00-8931-4104-bd46-541a1abfb2c6 04356828de424d949aa7817d0b067427 a1b7114b61ef413b8f2b6910d3fc165e - - default default] http://[LB_IP_ADDRESS]:8776/v3/a1b7114b61ef413b8f2b6910d3fc165e/volumes/3a2f626c-03ac-4fc5-b5bb-da833589771a returned with HTTP 200
2024-03-21 18:26:19.794 19 INFO cinder.api.openstack.wsgi [req-78ca2177-f3f7-45c5-99b9-0ea39a7909a6 req-b31c38a6-6dee-4791-9b72-300b7192db82 2e873b582879462d9070e0cb94b409c6 22ed89add84143f3aa57533c73c58a01 - - default default] GET http://[LB_IP_ADDRESS]:8776/v3/22ed89add84143f3aa57533c73c58a01/volumes/08d6ea4c-26b4-41ad-aab1-a73ff937ed74
2024-03-21 18:26:19.822 19 INFO cinder.volume.api [req-78ca2177-f3f7-45c5-99b9-0ea39a7909a6 req-b31c38a6-6dee-4791-9b72-300b7192db82 2e873b582879462d9070e0cb94b409c6 22ed89add84143f3aa57533c73c58a01 - - default default] Volume info retrieved successfully.
2024-03-21 18:26:19.832 19 INFO cinder.api.openstack.wsgi [req-78ca2177-f3f7-45c5-99b9-0ea39a7909a6 req-b31c38a6-6dee-4791-9b72-300b7192db82 2e873b582879462d9070e0cb94b409c6 22ed89add84143f3aa57533c73c58a01 - - default default] http://[LB_IP_ADDRESS]:8776/v3/22ed89add84143f3aa57533c73c58a01/volumes/08d6ea4c-26b4-41ad-aab1-a73ff937ed74 returned with HTTP 200
2024-03-21 18:26:20.863 21 INFO cinder.api.openstack.wsgi [req-a80a9a19-3b1b-46e5-9e63-1f078c96cc2a req-0b39d501-236d-4194-b3bf-48b158fdcedb 2e873b582879462d9070e0cb94b409c6 22ed89add84143f3aa57533c73c58a01 - - default default] GET http://[LB_IP_ADDRESS]:8776/v3/22ed89add84143f3aa57533c73c58a01/volumes/08d6ea4c-26b4-41ad-aab1-a73ff937ed74
2024-03-21 18:26:20.883 21 INFO cinder.volume.api [req-a80a9a19-3b1b-46e5-9e63-1f078c96cc2a req-0b39d501-236d-4194-b3bf-48b158fdcedb 2e873b582879462d9070e0cb94b409c6 22ed89add84143f3aa57533c73c58a01 - - default default] Volume info retrieved successfully.
2024-03-21 18:26:20.890 21 INFO cinder.api.openstack.wsgi [req-a80a9a19-3b1b-46e5-9e63-1f078c96cc2a req-0b39d501-236d-4194-b3bf-48b158fdcedb 2e873b582879462d9070e0cb94b409c6 22ed89add84143f3aa57533c73c58a01 - - default default] http://[LB_IP_ADDRESS]:8776/v3/22ed89add84143f3aa57533c73c58a01/volumes/08d6ea4c-26b4-41ad-aab1-a73ff937ed74 returned with HTTP 200
2024-03-21 18:26:21.005 23 INFO cinder.api.openstack.wsgi [req-294223b4-262a-44f8-8703-2f4e3cdce338 req-cf8eebc1-f259-44bd-863c-812acd14cdce 04356828de424d949aa7817d0b067427 a1b7114b61ef413b8f2b6910d3fc165e - - default default] GET http://[LB_IP_ADDRESS]:8776/v3/a1b7114b61ef413b8f2b6910d3fc165e/volumes/3a2f626c-03ac-4fc5-b5bb-da833589771a
2024-03-21 18:26:21.033 23 INFO cinder.volume.api [req-294223b4-262a-44f8-8703-2f4e3cdce338 req-cf8eebc1-f259-44bd-863c-812acd14cdce 04356828de424d949aa7817d0b067427 a1b7114b61ef413b8f2b6910d3fc165e - - default default] Volume info retrieved successfully.
2024-03-21 18:26:21.044 23 INFO cinder.api.openstack.wsgi [req-294223b4-262a-44f8-8703-2f4e3cdce338 req-cf8eebc1-f259-44bd-863c-812acd14cdce 04356828de424d949aa7817d0b067427 a1b7114b61ef413b8f2b6910d3fc165e - - default default] http://[LB_IP_ADDRESS]:8776/v3/a1b7114b61ef413b8f2b6910d3fc165e/volumes/3a2f626c-03ac-4fc5-b5bb-da833589771a returned with HTTP 200
2024-03-21 18:26:21.083 22 INFO cinder.api.openstack.wsgi [req-64178a41-04d7-4269-be7e-7a6c716ac06b req-39e58427-467f-40ce-abe4-7fed4e770bee 04356828de424d949aa7817d0b067427 a1b7114b61ef413b8f2b6910d3fc165e - - default default] POST http://[LB_IP_ADDRESS]:8776/v3/a1b7114b61ef413b8f2b6910d3fc165e/snapshots
2024-03-21 18:26:21.108 22 INFO cinder.volume.api [req-64178a41-04d7-4269-be7e-7a6c716ac06b req-39e58427-467f-40ce-abe4-7fed4e770bee 04356828de424d949aa7817d0b067427 a1b7114b61ef413b8f2b6910d3fc165e - - default default] Volume info retrieved successfully.
2024-03-21 18:26:21.109 22 INFO cinder.api.v3.snapshots [req-64178a41-04d7-4269-be7e-7a6c716ac06b req-39e58427-467f-40ce-abe4-7fed4e770bee 04356828de424d949aa7817d0b067427 a1b7114b61ef413b8f2b6910d3fc165e - - default default] Create snapshot from volume 3a2f626c-03ac-4fc5-b5bb-da833589771a
2024-03-21 18:26:21.139 20 INFO cinder.api.openstack.wsgi [None req-b65bfb03-6750-4643-87e9-650a92dc860d 331bb94b92e74fdb8715f32ae855e462 c70e288e57c94a73ab0b7c8aacae48b2 - - default default] GET http://[LB_IP_ADDRESS]:8776/v3/c70e288e57c94a73ab0b7c8aacae48b2/scheduler-stats/get_pools
2024-03-21 18:26:21.163 20 INFO cinder.api.openstack.wsgi [None req-b65bfb03-6750-4643-87e9-650a92dc860d 331bb94b92e74fdb8715f32ae855e462 c70e288e57c94a73ab0b7c8aacae48b2 - - default default] http://[LB_IP_ADDRESS]:8776/v3/c70e288e57c94a73ab0b7c8aacae48b2/scheduler-stats/get_pools returned with HTTP 200
2024-03-21 18:26:21.180 19 INFO cinder.api.openstack.wsgi [None req-b1957a50-7db2-4605-b99b-1fa2cb31963d 331bb94b92e74fdb8715f32ae855e462 c70e288e57c94a73ab0b7c8aacae48b2 - - default default] GET http://[LB_IP_ADDRESS]:8776/v3/c70e288e57c94a73ab0b7c8aacae48b2/scheduler-stats/get_pools?detail=True
2024-03-21 18:26:21.201 19 INFO cinder.api.openstack.wsgi [None req-b1957a50-7db2-4605-b99b-1fa2cb31963d 331bb94b92e74fdb8715f32ae855e462 c70e288e57c94a73ab0b7c8aacae48b2 - - default default] http://[LB_IP_ADDRESS]:8776/v3/c70e288e57c94a73ab0b7c8aacae48b2/scheduler-stats/get_pools?detail=True returned with HTTP 200
2024-03-21 18:26:21.221 21 INFO cinder.api.openstack.wsgi [None req-d1bcc199-b283-46ae-8f16-0519c742c82a 331bb94b92e74fdb8715f32ae855e462 c70e288e57c94a73ab0b7c8aacae48b2 - - default default] GET http://[LB_IP_ADDRESS]:8776/v3/c70e288e57c94a73ab0b7c8aacae48b2/capabilities/lightos_cinder_cluster@LIGHTOSajsvhm
2024-03-21 18:26:21.241 21 INFO cinder.api.openstack.wsgi [None req-d1bcc199-b283-46ae-8f16-0519c742c82a 331bb94b92e74fdb8715f32ae855e462 c70e288e57c94a73ab0b7c8aacae48b2 - - default default] http://[LB_IP_ADDRESS]:8776/v3/c70e288e57c94a73ab0b7c8aacae48b2/capabilities/lightos_cinder_cluster@LIGHTOSajsvhm returned with HTTP 200
2024-03-21 18:26:21.242 22 INFO cinder.volume.api [req-64178a41-04d7-4269-be7e-7a6c716ac06b req-39e58427-467f-40ce-abe4-7fed4e770bee 04356828de424d949aa7817d0b067427 a1b7114b61ef413b8f2b6910d3fc165e - - default default] Snapshot create request issued successfully.
2024-03-21 18:26:21.244 22 INFO cinder.api.openstack.wsgi [req-64178a41-04d7-4269-be7e-7a6c716ac06b req-39e58427-467f-40ce-abe4-7fed4e770bee 04356828de424d949aa7817d0b067427 a1b7114b61ef413b8f2b6910d3fc165e - - default default] http://[LB_IP_ADDRESS]:8776/v3/a1b7114b61ef413b8f2b6910d3fc165e/snapshots returned with HTTP 202
2024-03-21 18:26:21.278 23 INFO cinder.api.openstack.wsgi [req-bab3c98f-6e6a-4cca-806a-95a8e515c657 req-7e7a6f60-9089-4233-9c9d-aa373075575c 04356828de424d949aa7817d0b067427 a1b7114b61ef413b8f2b6910d3fc165e - - default default] GET http://[LB_IP_ADDRESS]:8776/v3/a1b7114b61ef413b8f2b6910d3fc165e/snapshots/dfa76ec2-2fbd-4711-8778-427cab2ce405
2024-03-21 18:26:21.292 23 INFO cinder.volume.api [req-bab3c98f-6e6a-4cca-806a-95a8e515c657 req-7e7a6f60-9089-4233-9c9d-aa373075575c 04356828de424d949aa7817d0b067427 a1b7114b61ef413b8f2b6910d3fc165e - - default default] Snapshot retrieved successfully.
2024-03-21 18:26:21.294 23 INFO cinder.api.openstack.wsgi [req-bab3c98f-6e6a-4cca-806a-95a8e515c657 req-7e7a6f60-9089-4233-9c9d-aa373075575c 04356828de424d949aa7817d0b067427 a1b7114b61ef413b8f2b6910d3fc165e - - default default] http://[LB_IP_ADDRESS]:8776/v3/a1b7114b61ef413b8f2b6910d3fc165e/snapshots/dfa76ec2-2fbd-4711-8778-427cab2ce405 returned with HTTP 200
2024-03-21 18:26:21.308 20 INFO cinder.api.openstack.wsgi [None req-b27ad3e5-08ff-4929-96c4-ca52e8556bb0 331bb94b92e74fdb8715f32ae855e462 c70e288e57c94a73ab0b7c8aacae48b2 - - default default] GET http://[LB_IP_ADDRESS]:8776/v3/c70e288e57c94a73ab0b7c8aacae48b2/capabilities/lightos_cinder_cluster@LIGHTOSajsvhm
2024-03-21 18:26:21.328 20 INFO cinder.api.openstack.wsgi [None req-b27ad3e5-08ff-4929-96c4-ca52e8556bb0 331bb94b92e74fdb8715f32ae855e462 c70e288e57c94a73ab0b7c8aacae48b2 - - default default] http://[LB_IP_ADDRESS]:8776/v3/c70e288e57c94a73ab0b7c8aacae48b2/capabilities/lightos_cinder_cluster@LIGHTOSajsvhm returned with HTTP 200
2024-03-21 18:26:21.332 19 INFO cinder.api.openstack.wsgi [req-ee4bfa7b-bbed-45ba-9358-3052d0e0ca7d req-6b5ae2e5-59c1-4d60-a6fc-30326989b755 04356828de424d949aa7817d0b067427 a1b7114b61ef413b8f2b6910d3fc165e - - default default] GET http://[LB_IP_ADDRESS]:8776/v3/a1b7114b61ef413b8f2b6910d3fc165e/snapshots/detail
2024-03-21 18:26:21.345 19 INFO cinder.volume.api [req-ee4bfa7b-bbed-45ba-9358-3052d0e0ca7d req-6b5ae2e5-59c1-4d60-a6fc-30326989b755 04356828de424d949aa7817d0b067427 a1b7114b61ef413b8f2b6910d3fc165e - - default default] Get all snapshots completed successfully.
2024-03-21 18:26:21.348 19 INFO cinder.api.openstack.wsgi [req-ee4bfa7b-bbed-45ba-9358-3052d0e0ca7d req-6b5ae2e5-59c1-4d60-a6fc-30326989b755 04356828de424d949aa7817d0b067427 a1b7114b61ef413b8f2b6910d3fc165e - - default default] http://[LB_IP_ADDRESS]:8776/v3/a1b7114b61ef413b8f2b6910d3fc165e/snapshots/detail returned with HTTP 200
2024-03-21 18:26:21.382 21 INFO cinder.api.openstack.wsgi [req-ce8f0b1b-2fa7-4c37-a1a2-10ca15bdc7de req-6eb9a4b3-97e8-41ef-9079-fc4b5ca5d99a 04356828de424d949aa7817d0b067427 a1b7114b61ef413b8f2b6910d3fc165e - - default default] GET http://[LB_IP_ADDRESS]:8776/v3/a1b7114b61ef413b8f2b6910d3fc165e/snapshots/dfa76ec2-2fbd-4711-8778-427cab2ce405
2024-03-21 18:26:21.396 21 INFO cinder.volume.api [req-ce8f0b1b-2fa7-4c37-a1a2-10ca15bdc7de req-6eb9a4b3-97e8-41ef-9079-fc4b5ca5d99a 04356828de424d949aa7817d0b067427 a1b7114b61ef413b8f2b6910d3fc165e - - default default] Snapshot retrieved successfully.
2024-03-21 18:26:21.398 21 INFO cinder.api.openstack.wsgi [req-ce8f0b1b-2fa7-4c37-a1a2-10ca15bdc7de req-6eb9a4b3-97e8-41ef-9079-fc4b5ca5d99a 04356828de424d949aa7817d0b067427 a1b7114b61ef413b8f2b6910d3fc165e - - default default] http://[LB_IP_ADDRESS]:8776/v3/a1b7114b61ef413b8f2b6910d3fc165e/snapshots/dfa76ec2-2fbd-4711-8778-427cab2ce405 returned with HTTP 200
2024-03-21 18:26:21.926 22 INFO cinder.api.openstack.wsgi [req-3f343596-f16f-4e16-b8f6-0819b089382a req-c3088769-dbd8-4443-9643-61861117d8de 2e873b582879462d9070e0cb94b409c6 22ed89add84143f3aa57533c73c58a01 - - default default] GET http://[LB_IP_ADDRESS]:8776/v3/22ed89add84143f3aa57533c73c58a01/volumes/08d6ea4c-26b4-41ad-aab1-a73ff937ed74
2024-03-21 18:26:21.954 22 INFO cinder.volume.api [req-3f343596-f16f-4e16-b8f6-0819b089382a req-c3088769-dbd8-4443-9643-61861117d8de 2e873b582879462d9070e0cb94b409c6 22ed89add84143f3aa57533c73c58a01 - - default default] Volume info retrieved successfully.
2024-03-21 18:26:21.965 22 INFO cinder.api.openstack.wsgi [req-3f343596-f16f-4e16-b8f6-0819b089382a req-c3088769-dbd8-4443-9643-61861117d8de 2e873b582879462d9070e0cb94b409c6 22ed89add84143f3aa57533c73c58a01 - - default default] http://[LB_IP_ADDRESS]:8776/v3/22ed89add84143f3aa57533c73c58a01/volumes/08d6ea4c-26b4-41ad-aab1-a73ff937ed74 returned with HTTP 200
2024-03-21 18:26:21.999 23 INFO cinder.api.openstack.wsgi [req-ef834b4e-ebd0-4313-9975-31d4133a5b82 req-12ed31d9-3501-4e75-a062-11f5f179d103 2e873b582879462d9070e0cb94b409c6 22ed89add84143f3aa57533c73c58a01 - - default default] GET http://[LB_IP_ADDRESS]:8776/v3/22ed89add84143f3aa57533c73c58a01/volumes/08d6ea4c-26b4-41ad-aab1-a73ff937ed74
2024-03-21 18:26:22.027 23 INFO cinder.volume.api [req-ef834b4e-ebd0-4313-9975-31d4133a5b82 req-12ed31d9-3501-4e75-a062-11f5f179d103 2e873b582879462d9070e0cb94b409c6 22ed89add84143f3aa57533c73c58a01 - - default default] Volume info retrieved successfully.
2024-03-21 18:26:22.038 23 INFO cinder.api.openstack.wsgi [req-ef834b4e-ebd0-4313-9975-31d4133a5b82 req-12ed31d9-3501-4e75-a062-11f5f179d103 2e873b582879462d9070e0cb94b409c6 22ed89add84143f3aa57533c73c58a01 - - default default] http://[LB_IP_ADDRESS]:8776/v3/22ed89add84143f3aa57533c73c58a01/volumes/08d6ea4c-26b4-41ad-aab1-a73ff937ed74 returned with HTTP 200
2024-03-21 18:26:22.073 20 INFO cinder.api.openstack.wsgi [req-1e882616-7faf-41db-a711-7ed694418f7b req-c6c182ab-98e9-4306-9d07-70a2b70d816f 2e873b582879462d9070e0cb94b409c6 22ed89add84143f3aa57533c73c58a01 - - default default] DELETE http://[LB_IP_ADDRESS]:8776/v3/22ed89add84143f3aa57533c73c58a01/volumes/08d6ea4c-26b4-41ad-aab1-a73ff937ed74
2024-03-21 18:26:22.075 20 INFO cinder.api.v3.volumes [req-1e882616-7faf-41db-a711-7ed694418f7b req-c6c182ab-98e9-4306-9d07-70a2b70d816f 2e873b582879462d9070e0cb94b409c6 22ed89add84143f3aa57533c73c58a01 - - default default] Delete volume with id: 08d6ea4c-26b4-41ad-aab1-a73ff937ed74 
2024-03-21 18:26:22.093 20 INFO cinder.volume.api [req-1e882616-7faf-41db-a711-7ed694418f7b req-c6c182ab-98e9-4306-9d07-70a2b70d816f 2e873b582879462d9070e0cb94b409c6 22ed89add84143f3aa57533c73c58a01 - - default default] Volume info retrieved successfully.
2024-03-21 18:26:22.123 20 INFO cinder.volume.api [req-1e882616-7faf-41db-a711-7ed694418f7b req-c6c182ab-98e9-4306-9d07-70a2b70d816f 2e873b582879462d9070e0cb94b409c6 22ed89add84143f3aa57533c73c58a01 - - default default] Delete volume request issued successfully.
2024-03-21 18:26:22.124 20 INFO cinder.api.openstack.wsgi [req-1e882616-7faf-41db-a711-7ed694418f7b req-c6c182ab-98e9-4306-9d07-70a2b70d816f 2e873b582879462d9070e0cb94b409c6 22ed89add84143f3aa57533c73c58a01 - - default default] http://[LB_IP_ADDRESS]:8776/v3/22ed89add84143f3aa57533c73c58a01/volumes/08d6ea4c-26b4-41ad-aab1-a73ff937ed74 returned with HTTP 202
2024-03-21 18:26:22.154 19 INFO cinder.api.openstack.wsgi [req-c5aeea0e-0f2f-4639-b3c0-1df855b9a1ae req-51168d81-8aef-4153-80af-1c1181cc760c 2e873b582879462d9070e0cb94b409c6 22ed89add84143f3aa57533c73c58a01 - - default default] GET http://[LB_IP_ADDRESS]:8776/v3/22ed89add84143f3aa57533c73c58a01/volumes/08d6ea4c-26b4-41ad-aab1-a73ff937ed74
2024-03-21 18:26:22.181 19 INFO cinder.volume.api [req-c5aeea0e-0f2f-4639-b3c0-1df855b9a1ae req-51168d81-8aef-4153-80af-1c1181cc760c 2e873b582879462d9070e0cb94b409c6 22ed89add84143f3aa57533c73c58a01 - - default default] Volume info retrieved successfully.
2024-03-21 18:26:22.192 19 INFO cinder.api.openstack.wsgi [req-c5aeea0e-0f2f-4639-b3c0-1df855b9a1ae req-51168d81-8aef-4153-80af-1c1181cc760c 2e873b582879462d9070e0cb94b409c6 22ed89add84143f3aa57533c73c58a01 - - default default] http://[LB_IP_ADDRESS]:8776/v3/22ed89add84143f3aa57533c73c58a01/volumes/08d6ea4c-26b4-41ad-aab1-a73ff937ed74 returned with HTTP 200
2024-03-21 18:26:22.431 21 INFO cinder.api.openstack.wsgi [req-4582c0e1-be4e-4899-99c2-3d959665f29d req-d953142b-d16b-46de-9ec4-510e2d4cf4a4 04356828de424d949aa7817d0b067427 a1b7114b61ef413b8f2b6910d3fc165e - - default default] GET http://[LB_IP_ADDRESS]:8776/v3/a1b7114b61ef413b8f2b6910d3fc165e/snapshots/dfa76ec2-2fbd-4711-8778-427cab2ce405
2024-03-21 18:26:22.444 21 INFO cinder.volume.api [req-4582c0e1-be4e-4899-99c2-3d959665f29d req-d953142b-d16b-46de-9ec4-510e2d4cf4a4 04356828de424d949aa7817d0b067427 a1b7114b61ef413b8f2b6910d3fc165e - - default default] Snapshot retrieved successfully.
2024-03-21 18:26:22.446 21 INFO cinder.api.openstack.wsgi [req-4582c0e1-be4e-4899-99c2-3d959665f29d req-d953142b-d16b-46de-9ec4-510e2d4cf4a4 04356828de424d949aa7817d0b067427 a1b7114b61ef413b8f2b6910d3fc165e - - default default] http://[LB_IP_ADDRESS]:8776/v3/a1b7114b61ef413b8f2b6910d3fc165e/snapshots/dfa76ec2-2fbd-4711-8778-427cab2ce405 returned with HTTP 200
2024-03-21 18:26:22.478 22 INFO cinder.api.openstack.wsgi [req-e21fbc3e-a17b-4af2-8a7c-9f56c4f9ca4f req-9a6219ee-025a-4d6c-a0e0-7a65a7d8eb5b 04356828de424d949aa7817d0b067427 a1b7114b61ef413b8f2b6910d3fc165e - - default default] DELETE http://[LB_IP_ADDRESS]:8776/v3/a1b7114b61ef413b8f2b6910d3fc165e/snapshots/dfa76ec2-2fbd-4711-8778-427cab2ce405
2024-03-21 18:26:22.479 22 INFO cinder.api.v2.snapshots [req-e21fbc3e-a17b-4af2-8a7c-9f56c4f9ca4f req-9a6219ee-025a-4d6c-a0e0-7a65a7d8eb5b 04356828de424d949aa7817d0b067427 a1b7114b61ef413b8f2b6910d3fc165e - - default default] Delete snapshot with id: dfa76ec2-2fbd-4711-8778-427cab2ce405
2024-03-21 18:26:22.492 22 INFO cinder.volume.api [req-e21fbc3e-a17b-4af2-8a7c-9f56c4f9ca4f req-9a6219ee-025a-4d6c-a0e0-7a65a7d8eb5b 04356828de424d949aa7817d0b067427 a1b7114b61ef413b8f2b6910d3fc165e - - default default] Snapshot retrieved successfully.
2024-03-21 18:26:22.525 22 INFO cinder.volume.api [req-e21fbc3e-a17b-4af2-8a7c-9f56c4f9ca4f req-9a6219ee-025a-4d6c-a0e0-7a65a7d8eb5b 04356828de424d949aa7817d0b067427 a1b7114b61ef413b8f2b6910d3fc165e - - default default] Snapshot delete request issued successfully.
2024-03-21 18:26:22.526 22 INFO cinder.api.openstack.wsgi [req-e21fbc3e-a17b-4af2-8a7c-9f56c4f9ca4f req-9a6219ee-025a-4d6c-a0e0-7a65a7d8eb5b 04356828de424d949aa7817d0b067427 a1b7114b61ef413b8f2b6910d3fc165e - - default default] http://[LB_IP_ADDRESS]:8776/v3/a1b7114b61ef413b8f2b6910d3fc165e/snapshots/dfa76ec2-2fbd-4711-8778-427cab2ce405 returned with HTTP 202
2024-03-21 18:26:22.554 23 INFO cinder.api.openstack.wsgi [req-14126072-d180-4499-bffa-85e598c216e9 req-0250fe35-1c53-4d9c-8627-0c5a817b9747 04356828de424d949aa7817d0b067427 a1b7114b61ef413b8f2b6910d3fc165e - - default default] GET http://[LB_IP_ADDRESS]:8776/v3/a1b7114b61ef413b8f2b6910d3fc165e/snapshots/dfa76ec2-2fbd-4711-8778-427cab2ce405
2024-03-21 18:26:22.568 23 INFO cinder.volume.api [req-14126072-d180-4499-bffa-85e598c216e9 req-0250fe35-1c53-4d9c-8627-0c5a817b9747 04356828de424d949aa7817d0b067427 a1b7114b61ef413b8f2b6910d3fc165e - - default default] Snapshot retrieved successfully.
2024-03-21 18:26:22.570 23 INFO cinder.api.openstack.wsgi [req-14126072-d180-4499-bffa-85e598c216e9 req-0250fe35-1c53-4d9c-8627-0c5a817b9747 04356828de424d949aa7817d0b067427 a1b7114b61ef413b8f2b6910d3fc165e - - default default] http://[LB_IP_ADDRESS]:8776/v3/a1b7114b61ef413b8f2b6910d3fc165e/snapshots/dfa76ec2-2fbd-4711-8778-427cab2ce405 returned with HTTP 200
2024-03-21 18:26:23.227 20 INFO cinder.api.openstack.wsgi [req-1a72032b-35ae-4cf4-8ab0-b7f110b97918 req-7669c5c6-8c9f-4915-9e30-e537172ce07f 2e873b582879462d9070e0cb94b409c6 22ed89add84143f3aa57533c73c58a01 - - default default] GET http://[LB_IP_ADDRESS]:8776/v3/22ed89add84143f3aa57533c73c58a01/volumes/08d6ea4c-26b4-41ad-aab1-a73ff937ed74
2024-03-21 18:26:23.243 20 INFO cinder.api.openstack.wsgi [req-1a72032b-35ae-4cf4-8ab0-b7f110b97918 req-7669c5c6-8c9f-4915-9e30-e537172ce07f 2e873b582879462d9070e0cb94b409c6 22ed89add84143f3aa57533c73c58a01 - - default default] http://[LB_IP_ADDRESS]:8776/v3/22ed89add84143f3aa57533c73c58a01/volumes/08d6ea4c-26b4-41ad-aab1-a73ff937ed74 returned with HTTP 404
2024-03-21 18:26:23.604 19 INFO cinder.api.openstack.wsgi [req-a4da4f36-c07d-4a28-8a20-21fb29e700b6 req-eabea246-a4e9-4e44-bd85-f1e19daa6a28 04356828de424d949aa7817d0b067427 a1b7114b61ef413b8f2b6910d3fc165e - - default default] GET http://[LB_IP_ADDRESS]:8776/v3/a1b7114b61ef413b8f2b6910d3fc165e/snapshots/dfa76ec2-2fbd-4711-8778-427cab2ce405
2024-03-21 18:26:23.615 19 INFO cinder.api.openstack.wsgi [req-a4da4f36-c07d-4a28-8a20-21fb29e700b6 req-eabea246-a4e9-4e44-bd85-f1e19daa6a28 04356828de424d949aa7817d0b067427 a1b7114b61ef413b8f2b6910d3fc165e - - default default] http://[LB_IP_ADDRESS]:8776/v3/a1b7114b61ef413b8f2b6910d3fc165e/snapshots/dfa76ec2-2fbd-4711-8778-427cab2ce405 returned with HTTP 404
2024-03-21 18:26:23.644 21 INFO cinder.api.openstack.wsgi [req-7deda0a5-4435-4fd1-a523-1c47090dd411 req-f227860a-15c7-418c-9f6b-5b02c28f9569 04356828de424d949aa7817d0b067427 a1b7114b61ef413b8f2b6910d3fc165e - - default default] DELETE http://[LB_IP_ADDRESS]:8776/v3/a1b7114b61ef413b8f2b6910d3fc165e/volumes/3a2f626c-03ac-4fc5-b5bb-da833589771a
2024-03-21 18:26:23.645 21 INFO cinder.api.v3.volumes [req-7deda0a5-4435-4fd1-a523-1c47090dd411 req-f227860a-15c7-418c-9f6b-5b02c28f9569 04356828de424d949aa7817d0b067427 a1b7114b61ef413b8f2b6910d3fc165e - - default default] Delete volume with id: 3a2f626c-03ac-4fc5-b5bb-da833589771a 
2024-03-21 18:26:23.664 21 INFO cinder.volume.api [req-7deda0a5-4435-4fd1-a523-1c47090dd411 req-f227860a-15c7-418c-9f6b-5b02c28f9569 04356828de424d949aa7817d0b067427 a1b7114b61ef413b8f2b6910d3fc165e - - default default] Volume info retrieved successfully.
2024-03-21 18:26:23.693 21 INFO cinder.volume.api [req-7deda0a5-4435-4fd1-a523-1c47090dd411 req-f227860a-15c7-418c-9f6b-5b02c28f9569 04356828de424d949aa7817d0b067427 a1b7114b61ef413b8f2b6910d3fc165e - - default default] Delete volume request issued successfully.
2024-03-21 18:26:23.694 21 INFO cinder.api.openstack.wsgi [req-7deda0a5-4435-4fd1-a523-1c47090dd411 req-f227860a-15c7-418c-9f6b-5b02c28f9569 04356828de424d949aa7817d0b067427 a1b7114b61ef413b8f2b6910d3fc165e - - default default] http://[LB_IP_ADDRESS]:8776/v3/a1b7114b61ef413b8f2b6910d3fc165e/volumes/3a2f626c-03ac-4fc5-b5bb-da833589771a returned with HTTP 202
2024-03-21 18:26:23.722 22 INFO cinder.api.openstack.wsgi [req-f86f2785-2e36-42bf-b2d0-af1abe5f1087 req-a686d3c6-1142-4b5d-a666-19bba8987218 04356828de424d949aa7817d0b067427 a1b7114b61ef413b8f2b6910d3fc165e - - default default] GET http://[LB_IP_ADDRESS]:8776/v3/a1b7114b61ef413b8f2b6910d3fc165e/volumes/3a2f626c-03ac-4fc5-b5bb-da833589771a
2024-03-21 18:26:23.748 22 INFO cinder.volume.api [req-f86f2785-2e36-42bf-b2d0-af1abe5f1087 req-a686d3c6-1142-4b5d-a666-19bba8987218 04356828de424d949aa7817d0b067427 a1b7114b61ef413b8f2b6910d3fc165e - - default default] Volume info retrieved successfully.
2024-03-21 18:26:23.765 22 INFO cinder.api.openstack.wsgi [req-f86f2785-2e36-42bf-b2d0-af1abe5f1087 req-a686d3c6-1142-4b5d-a666-19bba8987218 04356828de424d949aa7817d0b067427 a1b7114b61ef413b8f2b6910d3fc165e - - default default] http://[LB_IP_ADDRESS]:8776/v3/a1b7114b61ef413b8f2b6910d3fc165e/volumes/3a2f626c-03ac-4fc5-b5bb-da833589771a returned with HTTP 200
2024-03-21 18:26:24.801 23 INFO cinder.api.openstack.wsgi [req-6635cc06-94ba-45c3-8f2e-d58d735c4eec req-d1b1e2b2-8923-4c28-b9bd-59850e694870 04356828de424d949aa7817d0b067427 a1b7114b61ef413b8f2b6910d3fc165e - - default default] GET http://[LB_IP_ADDRESS]:8776/v3/a1b7114b61ef413b8f2b6910d3fc165e/volumes/3a2f626c-03ac-4fc5-b5bb-da833589771a
2024-03-21 18:26:24.816 23 INFO cinder.api.openstack.wsgi [req-6635cc06-94ba-45c3-8f2e-d58d735c4eec req-d1b1e2b2-8923-4c28-b9bd-59850e694870 04356828de424d949aa7817d0b067427 a1b7114b61ef413b8f2b6910d3fc165e - - default default] http://[LB_IP_ADDRESS]:8776/v3/a1b7114b61ef413b8f2b6910d3fc165e/volumes/3a2f626c-03ac-4fc5-b5bb-da833589771a returned with HTTP 404
2024-03-21 18:26:24.852 20 INFO cinder.api.openstack.wsgi [req-3030c7fe-0403-4e9f-a5d5-3ddd4037d1a2 req-36adce24-88e0-45ef-9cf8-9813b0378026 04356828de424d949aa7817d0b067427 a1b7114b61ef413b8f2b6910d3fc165e - - default default] DELETE http://[LB_IP_ADDRESS]:8776/v3/a1b7114b61ef413b8f2b6910d3fc165e/volumes/3a2f626c-03ac-4fc5-b5bb-da833589771a
2024-03-21 18:26:24.854 20 INFO cinder.api.v3.volumes [req-3030c7fe-0403-4e9f-a5d5-3ddd4037d1a2 req-36adce24-88e0-45ef-9cf8-9813b0378026 04356828de424d949aa7817d0b067427 a1b7114b61ef413b8f2b6910d3fc165e - - default default] Delete volume with id: 3a2f626c-03ac-4fc5-b5bb-da833589771a 
2024-03-21 18:26:24.869 20 INFO cinder.api.openstack.wsgi [req-3030c7fe-0403-4e9f-a5d5-3ddd4037d1a2 req-36adce24-88e0-45ef-9cf8-9813b0378026 04356828de424d949aa7817d0b067427 a1b7114b61ef413b8f2b6910d3fc165e - - default default] http://[LB_IP_ADDRESS]:8776/v3/a1b7114b61ef413b8f2b6910d3fc165e/volumes/3a2f626c-03ac-4fc5-b5bb-da833589771a returned with HTTP 404
2024-03-21 18:26:24.894 19 INFO cinder.api.openstack.wsgi [req-68fb2311-e846-4a5a-a2d5-28fcdaa20105 req-5e1970df-1ee5-4681-adf9-20c0643a566d 04356828de424d949aa7817d0b067427 a1b7114b61ef413b8f2b6910d3fc165e - - default default] GET http://[LB_IP_ADDRESS]:8776/v3/a1b7114b61ef413b8f2b6910d3fc165e/volumes/3a2f626c-03ac-4fc5-b5bb-da833589771a
2024-03-21 18:26:24.909 19 INFO cinder.api.openstack.wsgi [req-68fb2311-e846-4a5a-a2d5-28fcdaa20105 req-5e1970df-1ee5-4681-adf9-20c0643a566d 04356828de424d949aa7817d0b067427 a1b7114b61ef413b8f2b6910d3fc165e - - default default] http://[LB_IP_ADDRESS]:8776/v3/a1b7114b61ef413b8f2b6910d3fc165e/volumes/3a2f626c-03ac-4fc5-b5bb-da833589771a returned with HTTP 404
2024-03-21 18:26:26.881 21 INFO cinder.api.openstack.wsgi [req-ac2119e3-a2dd-4df4-b176-5d448f0148dd req-5369cced-ea25-47b2-a450-512a25b163f6 55c4fbea573a4c60a1daa7dde155258f df291d9c14154d50929571de7ef2b251 - - default default] DELETE http://[LB_IP_ADDRESS]:8776/v3/df291d9c14154d50929571de7ef2b251/volumes/tempest-invalid-713467452
2024-03-21 18:26:26.885 21 INFO cinder.api.v3.volumes [req-ac2119e3-a2dd-4df4-b176-5d448f0148dd req-5369cced-ea25-47b2-a450-512a25b163f6 55c4fbea573a4c60a1daa7dde155258f df291d9c14154d50929571de7ef2b251 - - default default] Delete volume with id: tempest-invalid-713467452 
2024-03-21 18:26:26.909 21 INFO cinder.api.openstack.wsgi [req-ac2119e3-a2dd-4df4-b176-5d448f0148dd req-5369cced-ea25-47b2-a450-512a25b163f6 55c4fbea573a4c60a1daa7dde155258f df291d9c14154d50929571de7ef2b251 - - default default] http://[LB_IP_ADDRESS]:8776/v3/df291d9c14154d50929571de7ef2b251/volumes/tempest-invalid-713467452 returned with HTTP 404
2024-03-21 18:26:26.969 22 INFO cinder.api.openstack.wsgi [req-31d6aa03-2c5c-4195-9bd2-eed9439a25c8 req-dff38c4a-9ac4-4a20-97d6-8449502fd85f 55c4fbea573a4c60a1daa7dde155258f df291d9c14154d50929571de7ef2b251 - - default default] DELETE http://[LB_IP_ADDRESS]:8776/v3/df291d9c14154d50929571de7ef2b251/volumes/1fb0cf1f-7589-4213-b8c4-14b370a6e2ab
2024-03-21 18:26:26.970 22 INFO cinder.api.v3.volumes [req-31d6aa03-2c5c-4195-9bd2-eed9439a25c8 req-dff38c4a-9ac4-4a20-97d6-8449502fd85f 55c4fbea573a4c60a1daa7dde155258f df291d9c14154d50929571de7ef2b251 - - default default] Delete volume with id: 1fb0cf1f-7589-4213-b8c4-14b370a6e2ab 
2024-03-21 18:26:26.995 22 INFO cinder.api.openstack.wsgi [req-31d6aa03-2c5c-4195-9bd2-eed9439a25c8 req-dff38c4a-9ac4-4a20-97d6-8449502fd85f 55c4fbea573a4c60a1daa7dde155258f df291d9c14154d50929571de7ef2b251 - - default default] http://[LB_IP_ADDRESS]:8776/v3/df291d9c14154d50929571de7ef2b251/volumes/1fb0cf1f-7589-4213-b8c4-14b370a6e2ab returned with HTTP 404
2024-03-21 18:26:27.025 23 INFO cinder.api.openstack.wsgi [req-453d7676-a063-44c8-9cbb-1772d1bd7a1a req-c736a00d-afe1-4b50-a73d-b817ceadf39b 55c4fbea573a4c60a1daa7dde155258f df291d9c14154d50929571de7ef2b251 - - default default] GET http://[LB_IP_ADDRESS]:8776/v3/df291d9c14154d50929571de7ef2b251/volumes/57618baa-e158-4b90-9a28-5af882379403
2024-03-21 18:26:27.040 23 INFO cinder.api.openstack.wsgi [req-453d7676-a063-44c8-9cbb-1772d1bd7a1a req-c736a00d-afe1-4b50-a73d-b817ceadf39b 55c4fbea573a4c60a1daa7dde155258f df291d9c14154d50929571de7ef2b251 - - default default] http://[LB_IP_ADDRESS]:8776/v3/df291d9c14154d50929571de7ef2b251/volumes/57618baa-e158-4b90-9a28-5af882379403 returned with HTTP 404
2024-03-21 18:26:27.279 20 INFO cinder.api.openstack.wsgi [None req-dba882ef-7d8e-4858-badf-a34f6b35901a b4c48b1495a64c399c1af996280e6937 36bfe00f0f4545c98fd880a4cb9b160f - - default default] POST http://[LB_IP_ADDRESS]:8776/v3/36bfe00f0f4545c98fd880a4cb9b160f/group_types
2024-03-21 18:26:27.308 20 INFO cinder.api.openstack.wsgi [None req-dba882ef-7d8e-4858-badf-a34f6b35901a b4c48b1495a64c399c1af996280e6937 36bfe00f0f4545c98fd880a4cb9b160f - - default default] http://[LB_IP_ADDRESS]:8776/v3/36bfe00f0f4545c98fd880a4cb9b160f/group_types returned with HTTP 202
2024-03-21 18:26:27.322 19 INFO cinder.api.openstack.wsgi [None req-4fab78d6-ef9a-4c1f-b24a-ae9ad5ad8e1a b4c48b1495a64c399c1af996280e6937 36bfe00f0f4545c98fd880a4cb9b160f - - default default] POST http://[LB_IP_ADDRESS]:8776/v3/36bfe00f0f4545c98fd880a4cb9b160f/group_types/9397724d-fec3-43e3-8752-6de01a7656ea/group_specs
2024-03-21 18:26:27.345 19 INFO cinder.api.openstack.wsgi [None req-4fab78d6-ef9a-4c1f-b24a-ae9ad5ad8e1a b4c48b1495a64c399c1af996280e6937 36bfe00f0f4545c98fd880a4cb9b160f - - default default] http://[LB_IP_ADDRESS]:8776/v3/36bfe00f0f4545c98fd880a4cb9b160f/group_types/9397724d-fec3-43e3-8752-6de01a7656ea/group_specs returned with HTTP 202
2024-03-21 18:26:27.358 21 INFO cinder.api.openstack.wsgi [None req-51feeebd-debd-4aa8-83ed-fcd1efb40253 b4c48b1495a64c399c1af996280e6937 36bfe00f0f4545c98fd880a4cb9b160f - - default default] POST http://[LB_IP_ADDRESS]:8776/v3/36bfe00f0f4545c98fd880a4cb9b160f/group_types/9397724d-fec3-43e3-8752-6de01a7656ea/group_specs
2024-03-21 18:26:27.386 21 INFO cinder.api.openstack.wsgi [None req-51feeebd-debd-4aa8-83ed-fcd1efb40253 b4c48b1495a64c399c1af996280e6937 36bfe00f0f4545c98fd880a4cb9b160f - - default default] http://[LB_IP_ADDRESS]:8776/v3/36bfe00f0f4545c98fd880a4cb9b160f/group_types/9397724d-fec3-43e3-8752-6de01a7656ea/group_specs returned with HTTP 202
2024-03-21 18:26:27.400 22 INFO cinder.api.openstack.wsgi [None req-87c2c995-c793-4bc5-871f-8ebbfcb3fe59 b4c48b1495a64c399c1af996280e6937 36bfe00f0f4545c98fd880a4cb9b160f - - default default] GET http://[LB_IP_ADDRESS]:8776/v3/36bfe00f0f4545c98fd880a4cb9b160f/group_types/9397724d-fec3-43e3-8752-6de01a7656ea/group_specs/key2
2024-03-21 18:26:27.416 22 INFO cinder.api.openstack.wsgi [None req-87c2c995-c793-4bc5-871f-8ebbfcb3fe59 b4c48b1495a64c399c1af996280e6937 36bfe00f0f4545c98fd880a4cb9b160f - - default default] http://[LB_IP_ADDRESS]:8776/v3/36bfe00f0f4545c98fd880a4cb9b160f/group_types/9397724d-fec3-43e3-8752-6de01a7656ea/group_specs/key2 returned with HTTP 200
2024-03-21 18:26:27.429 23 INFO cinder.api.openstack.wsgi [None req-b49cef88-a5d7-4bd3-9e3a-02cb004b75d6 b4c48b1495a64c399c1af996280e6937 36bfe00f0f4545c98fd880a4cb9b160f - - default default] GET http://[LB_IP_ADDRESS]:8776/v3/36bfe00f0f4545c98fd880a4cb9b160f/group_types/9397724d-fec3-43e3-8752-6de01a7656ea/group_specs/key3
2024-03-21 18:26:27.442 23 INFO cinder.api.openstack.wsgi [None req-b49cef88-a5d7-4bd3-9e3a-02cb004b75d6 b4c48b1495a64c399c1af996280e6937 36bfe00f0f4545c98fd880a4cb9b160f - - default default] http://[LB_IP_ADDRESS]:8776/v3/36bfe00f0f4545c98fd880a4cb9b160f/group_types/9397724d-fec3-43e3-8752-6de01a7656ea/group_specs/key3 returned with HTTP 200
2024-03-21 18:26:27.455 20 INFO cinder.api.openstack.wsgi [None req-7af0d64e-9e95-44fc-9136-fac9b2e73146 b4c48b1495a64c399c1af996280e6937 36bfe00f0f4545c98fd880a4cb9b160f - - default default] PUT http://[LB_IP_ADDRESS]:8776/v3/36bfe00f0f4545c98fd880a4cb9b160f/group_types/9397724d-fec3-43e3-8752-6de01a7656ea/group_specs/key3
2024-03-21 18:26:27.474 20 INFO cinder.api.openstack.wsgi [None req-7af0d64e-9e95-44fc-9136-fac9b2e73146 b4c48b1495a64c399c1af996280e6937 36bfe00f0f4545c98fd880a4cb9b160f - - default default] http://[LB_IP_ADDRESS]:8776/v3/36bfe00f0f4545c98fd880a4cb9b160f/group_types/9397724d-fec3-43e3-8752-6de01a7656ea/group_specs/key3 returned with HTTP 200
2024-03-21 18:26:27.486 19 INFO cinder.api.openstack.wsgi [None req-58a744ce-b698-42f5-aaae-61cae610f4fb b4c48b1495a64c399c1af996280e6937 36bfe00f0f4545c98fd880a4cb9b160f - - default default] GET http://[LB_IP_ADDRESS]:8776/v3/36bfe00f0f4545c98fd880a4cb9b160f/group_types/9397724d-fec3-43e3-8752-6de01a7656ea/group_specs
2024-03-21 18:26:27.501 19 INFO cinder.api.openstack.wsgi [None req-58a744ce-b698-42f5-aaae-61cae610f4fb b4c48b1495a64c399c1af996280e6937 36bfe00f0f4545c98fd880a4cb9b160f - - default default] http://[LB_IP_ADDRESS]:8776/v3/36bfe00f0f4545c98fd880a4cb9b160f/group_types/9397724d-fec3-43e3-8752-6de01a7656ea/group_specs returned with HTTP 200
2024-03-21 18:26:27.513 21 INFO cinder.api.openstack.wsgi [None req-f3609cb1-d5d7-4c3e-860b-415357a71c7b b4c48b1495a64c399c1af996280e6937 36bfe00f0f4545c98fd880a4cb9b160f - - default default] DELETE http://[LB_IP_ADDRESS]:8776/v3/36bfe00f0f4545c98fd880a4cb9b160f/group_types/9397724d-fec3-43e3-8752-6de01a7656ea/group_specs/key1
2024-03-21 18:26:27.532 21 INFO cinder.api.openstack.wsgi [None req-f3609cb1-d5d7-4c3e-860b-415357a71c7b b4c48b1495a64c399c1af996280e6937 36bfe00f0f4545c98fd880a4cb9b160f - - default default] http://[LB_IP_ADDRESS]:8776/v3/36bfe00f0f4545c98fd880a4cb9b160f/group_types/9397724d-fec3-43e3-8752-6de01a7656ea/group_specs/key1 returned with HTTP 202
2024-03-21 18:26:27.544 22 INFO cinder.api.openstack.wsgi [None req-c2751459-f93a-4121-adde-413766540d00 b4c48b1495a64c399c1af996280e6937 36bfe00f0f4545c98fd880a4cb9b160f - - default default] GET http://[LB_IP_ADDRESS]:8776/v3/36bfe00f0f4545c98fd880a4cb9b160f/group_types/9397724d-fec3-43e3-8752-6de01a7656ea/group_specs/key1
2024-03-21 18:26:27.558 22 INFO cinder.api.openstack.wsgi [None req-c2751459-f93a-4121-adde-413766540d00 b4c48b1495a64c399c1af996280e6937 36bfe00f0f4545c98fd880a4cb9b160f - - default default] HTTP exception thrown: Group Type 9397724d-fec3-43e3-8752-6de01a7656ea has no extra spec with key key1.
2024-03-21 18:26:27.558 22 INFO cinder.api.openstack.wsgi [None req-c2751459-f93a-4121-adde-413766540d00 b4c48b1495a64c399c1af996280e6937 36bfe00f0f4545c98fd880a4cb9b160f - - default default] http://[LB_IP_ADDRESS]:8776/v3/36bfe00f0f4545c98fd880a4cb9b160f/group_types/9397724d-fec3-43e3-8752-6de01a7656ea/group_specs/key1 returned with HTTP 404
2024-03-21 18:26:27.570 23 INFO cinder.api.openstack.wsgi [None req-c9a5d738-354b-42b1-94c9-aad57f8678e5 b4c48b1495a64c399c1af996280e6937 36bfe00f0f4545c98fd880a4cb9b160f - - default default] DELETE http://[LB_IP_ADDRESS]:8776/v3/36bfe00f0f4545c98fd880a4cb9b160f/group_types/9397724d-fec3-43e3-8752-6de01a7656ea/group_specs/key2
2024-03-21 18:26:27.588 23 INFO cinder.api.openstack.wsgi [None req-c9a5d738-354b-42b1-94c9-aad57f8678e5 b4c48b1495a64c399c1af996280e6937 36bfe00f0f4545c98fd880a4cb9b160f - - default default] http://[LB_IP_ADDRESS]:8776/v3/36bfe00f0f4545c98fd880a4cb9b160f/group_types/9397724d-fec3-43e3-8752-6de01a7656ea/group_specs/key2 returned with HTTP 202
2024-03-21 18:26:27.600 20 INFO cinder.api.openstack.wsgi [None req-9529a0a8-c108-410b-b2ac-ad567c422944 b4c48b1495a64c399c1af996280e6937 36bfe00f0f4545c98fd880a4cb9b160f - - default default] GET http://[LB_IP_ADDRESS]:8776/v3/36bfe00f0f4545c98fd880a4cb9b160f/group_types/9397724d-fec3-43e3-8752-6de01a7656ea/group_specs/key2
2024-03-21 18:26:27.613 20 INFO cinder.api.openstack.wsgi [None req-9529a0a8-c108-410b-b2ac-ad567c422944 b4c48b1495a64c399c1af996280e6937 36bfe00f0f4545c98fd880a4cb9b160f - - default default] HTTP exception thrown: Group Type 9397724d-fec3-43e3-8752-6de01a7656ea has no extra spec with key key2.
2024-03-21 18:26:27.614 20 INFO cinder.api.openstack.wsgi [None req-9529a0a8-c108-410b-b2ac-ad567c422944 b4c48b1495a64c399c1af996280e6937 36bfe00f0f4545c98fd880a4cb9b160f - - default default] http://[LB_IP_ADDRESS]:8776/v3/36bfe00f0f4545c98fd880a4cb9b160f/group_types/9397724d-fec3-43e3-8752-6de01a7656ea/group_specs/key2 returned with HTTP 404
2024-03-21 18:26:27.626 19 INFO cinder.api.openstack.wsgi [None req-e227153f-9e31-4247-9ca9-1fc323d46f01 b4c48b1495a64c399c1af996280e6937 36bfe00f0f4545c98fd880a4cb9b160f - - default default] DELETE http://[LB_IP_ADDRESS]:8776/v3/36bfe00f0f4545c98fd880a4cb9b160f/group_types/9397724d-fec3-43e3-8752-6de01a7656ea/group_specs/key3
2024-03-21 18:26:27.644 19 INFO cinder.api.openstack.wsgi [None req-e227153f-9e31-4247-9ca9-1fc323d46f01 b4c48b1495a64c399c1af996280e6937 36bfe00f0f4545c98fd880a4cb9b160f - - default default] http://[LB_IP_ADDRESS]:8776/v3/36bfe00f0f4545c98fd880a4cb9b160f/group_types/9397724d-fec3-43e3-8752-6de01a7656ea/group_specs/key3 returned with HTTP 202
2024-03-21 18:26:27.655 21 INFO cinder.api.openstack.wsgi [None req-e65fcb6a-eb69-48c5-b5ae-fbddaa85927d b4c48b1495a64c399c1af996280e6937 36bfe00f0f4545c98fd880a4cb9b160f - - default default] GET http://[LB_IP_ADDRESS]:8776/v3/36bfe00f0f4545c98fd880a4cb9b160f/group_types/9397724d-fec3-43e3-8752-6de01a7656ea/group_specs/key3
2024-03-21 18:26:27.668 21 INFO cinder.api.openstack.wsgi [None req-e65fcb6a-eb69-48c5-b5ae-fbddaa85927d b4c48b1495a64c399c1af996280e6937 36bfe00f0f4545c98fd880a4cb9b160f - - default default] HTTP exception thrown: Group Type 9397724d-fec3-43e3-8752-6de01a7656ea has no extra spec with key key3.
2024-03-21 18:26:27.668 21 INFO cinder.api.openstack.wsgi [None req-e65fcb6a-eb69-48c5-b5ae-fbddaa85927d b4c48b1495a64c399c1af996280e6937 36bfe00f0f4545c98fd880a4cb9b160f - - default default] http://[LB_IP_ADDRESS]:8776/v3/36bfe00f0f4545c98fd880a4cb9b160f/group_types/9397724d-fec3-43e3-8752-6de01a7656ea/group_specs/key3 returned with HTTP 404
2024-03-21 18:26:27.681 22 INFO cinder.api.openstack.wsgi [None req-cc5c7cac-d358-4edd-b778-d4b1b68d847d b4c48b1495a64c399c1af996280e6937 36bfe00f0f4545c98fd880a4cb9b160f - - default default] DELETE http://[LB_IP_ADDRESS]:8776/v3/36bfe00f0f4545c98fd880a4cb9b160f/group_types/9397724d-fec3-43e3-8752-6de01a7656ea
2024-03-21 18:26:27.710 22 INFO cinder.api.openstack.wsgi [None req-cc5c7cac-d358-4edd-b778-d4b1b68d847d b4c48b1495a64c399c1af996280e6937 36bfe00f0f4545c98fd880a4cb9b160f - - default default] http://[LB_IP_ADDRESS]:8776/v3/36bfe00f0f4545c98fd880a4cb9b160f/group_types/9397724d-fec3-43e3-8752-6de01a7656ea returned with HTTP 202
2024-03-21 18:26:28.495 23 INFO cinder.api.openstack.wsgi [None req-dbaa4057-0df9-4f56-8c2a-811d0c335e1c 8c91a56e065b418ca6752d6d54ba4793 3f7e14173f694c8589f4e84d5106c8ea - - default default] POST http://[LB_IP_ADDRESS]:8776/v3/3f7e14173f694c8589f4e84d5106c8ea/volumes
2024-03-21 18:26:28.500 23 INFO cinder.api.v3.volumes [None req-dbaa4057-0df9-4f56-8c2a-811d0c335e1c 8c91a56e065b418ca6752d6d54ba4793 3f7e14173f694c8589f4e84d5106c8ea - - default default] Create volume of 1 GB
2024-03-21 18:26:28.509 23 INFO cinder.volume.api [None req-dbaa4057-0df9-4f56-8c2a-811d0c335e1c 8c91a56e065b418ca6752d6d54ba4793 3f7e14173f694c8589f4e84d5106c8ea - - default default] Availability Zones retrieved successfully.
2024-03-21 18:26:28.739 23 INFO cinder.volume.api [None req-dbaa4057-0df9-4f56-8c2a-811d0c335e1c 8c91a56e065b418ca6752d6d54ba4793 3f7e14173f694c8589f4e84d5106c8ea - - default default] Create volume request issued successfully.
2024-03-21 18:26:28.742 23 INFO cinder.api.openstack.wsgi [None req-dbaa4057-0df9-4f56-8c2a-811d0c335e1c 8c91a56e065b418ca6752d6d54ba4793 3f7e14173f694c8589f4e84d5106c8ea - - default default] http://[LB_IP_ADDRESS]:8776/v3/3f7e14173f694c8589f4e84d5106c8ea/volumes returned with HTTP 202
2024-03-21 18:26:28.765 20 INFO cinder.api.openstack.wsgi [None req-0998e2e4-4ff9-4c38-a3e1-228571e548e7 8c91a56e065b418ca6752d6d54ba4793 3f7e14173f694c8589f4e84d5106c8ea - - default default] GET http://[LB_IP_ADDRESS]:8776/v3/3f7e14173f694c8589f4e84d5106c8ea/volumes/6e747500-71d1-4dfe-b322-2939a29aeeac
2024-03-21 18:26:28.787 20 INFO cinder.volume.api [None req-0998e2e4-4ff9-4c38-a3e1-228571e548e7 8c91a56e065b418ca6752d6d54ba4793 3f7e14173f694c8589f4e84d5106c8ea - - default default] Volume info retrieved successfully.
2024-03-21 18:26:28.795 20 INFO cinder.api.openstack.wsgi [None req-0998e2e4-4ff9-4c38-a3e1-228571e548e7 8c91a56e065b418ca6752d6d54ba4793 3f7e14173f694c8589f4e84d5106c8ea - - default default] http://[LB_IP_ADDRESS]:8776/v3/3f7e14173f694c8589f4e84d5106c8ea/volumes/6e747500-71d1-4dfe-b322-2939a29aeeac returned with HTTP 200
2024-03-21 18:26:29.822 19 INFO cinder.api.openstack.wsgi [None req-965843ad-6be8-4d1c-bc64-bac80764dab7 8c91a56e065b418ca6752d6d54ba4793 3f7e14173f694c8589f4e84d5106c8ea - - default default] GET http://[LB_IP_ADDRESS]:8776/v3/3f7e14173f694c8589f4e84d5106c8ea/volumes/6e747500-71d1-4dfe-b322-2939a29aeeac
2024-03-21 18:26:29.879 19 INFO cinder.volume.api [None req-965843ad-6be8-4d1c-bc64-bac80764dab7 8c91a56e065b418ca6752d6d54ba4793 3f7e14173f694c8589f4e84d5106c8ea - - default default] Volume info retrieved successfully.
2024-03-21 18:26:29.903 19 INFO cinder.api.openstack.wsgi [None req-965843ad-6be8-4d1c-bc64-bac80764dab7 8c91a56e065b418ca6752d6d54ba4793 3f7e14173f694c8589f4e84d5106c8ea - - default default] http://[LB_IP_ADDRESS]:8776/v3/3f7e14173f694c8589f4e84d5106c8ea/volumes/6e747500-71d1-4dfe-b322-2939a29aeeac returned with HTTP 200
2024-03-21 18:26:30.932 21 INFO cinder.api.openstack.wsgi [None req-608ccf97-c878-491a-bbfd-00a71f71057b 8c91a56e065b418ca6752d6d54ba4793 3f7e14173f694c8589f4e84d5106c8ea - - default default] GET http://[LB_IP_ADDRESS]:8776/v3/3f7e14173f694c8589f4e84d5106c8ea/volumes/6e747500-71d1-4dfe-b322-2939a29aeeac
2024-03-21 18:26:30.964 21 INFO cinder.volume.api [None req-608ccf97-c878-491a-bbfd-00a71f71057b 8c91a56e065b418ca6752d6d54ba4793 3f7e14173f694c8589f4e84d5106c8ea - - default default] Volume info retrieved successfully.
2024-03-21 18:26:30.975 21 INFO cinder.api.openstack.wsgi [None req-608ccf97-c878-491a-bbfd-00a71f71057b 8c91a56e065b418ca6752d6d54ba4793 3f7e14173f694c8589f4e84d5106c8ea - - default default] http://[LB_IP_ADDRESS]:8776/v3/3f7e14173f694c8589f4e84d5106c8ea/volumes/6e747500-71d1-4dfe-b322-2939a29aeeac returned with HTTP 200
2024-03-21 18:26:31.016 22 INFO cinder.api.openstack.wsgi [req-72ee3a07-a073-4ad9-acbf-4a434edb41ca req-6f67ee03-272e-4429-bba9-3c98b912a0d3 8c91a56e065b418ca6752d6d54ba4793 3f7e14173f694c8589f4e84d5106c8ea - - default default] GET http://[LB_IP_ADDRESS]:8776/v3/3f7e14173f694c8589f4e84d5106c8ea/volumes/6e747500-71d1-4dfe-b322-2939a29aeeac
2024-03-21 18:26:31.046 22 INFO cinder.volume.api [req-72ee3a07-a073-4ad9-acbf-4a434edb41ca req-6f67ee03-272e-4429-bba9-3c98b912a0d3 8c91a56e065b418ca6752d6d54ba4793 3f7e14173f694c8589f4e84d5106c8ea - - default default] Volume info retrieved successfully.
