2025-08-18 20:57:43.748 24 INFO cinder.api.openstack.wsgi [None req-80bfdee2-414c-4173-8cde-732159b71925 8f8cb1b9d7854e7e816acc177e165def b316f74cf1e04639828281cb66080f33 - - default default] POST http://[LB_IP_ADDRESS]:8776/v3/b316f74cf1e04639828281cb66080f33/group_snapshots/ab7e2065-8867-4191-b365-8d05e57db495/action
2025-08-18 20:57:43.769 24 INFO cinder.api.openstack.wsgi [None req-80bfdee2-414c-4173-8cde-732159b71925 8f8cb1b9d7854e7e816acc177e165def b316f74cf1e04639828281cb66080f33 - - default default] http://[LB_IP_ADDRESS]:8776/v3/b316f74cf1e04639828281cb66080f33/group_snapshots/ab7e2065-8867-4191-b365-8d05e57db495/action returned with HTTP 202
2025-08-18 20:57:43.780 25 INFO cinder.api.openstack.wsgi [None req-9827d526-fe9f-40e4-95c8-d52bfad244ef 106c8842d238440a927d07d8846e8c5c fac1c23583e24c0680dff2dc3c3497d1 - - default default] GET http://[LB_IP_ADDRESS]:8776/v3/fac1c23583e24c0680dff2dc3c3497d1/group_snapshots/ab7e2065-8867-4191-b365-8d05e57db495
2025-08-18 20:57:43.795 25 INFO cinder.api.openstack.wsgi [None req-9827d526-fe9f-40e4-95c8-d52bfad244ef 106c8842d238440a927d07d8846e8c5c fac1c23583e24c0680dff2dc3c3497d1 - - default default] http://[LB_IP_ADDRESS]:8776/v3/fac1c23583e24c0680dff2dc3c3497d1/group_snapshots/ab7e2065-8867-4191-b365-8d05e57db495 returned with HTTP 200
2025-08-18 20:57:43.811 21 INFO cinder.api.openstack.wsgi [None req-4869bbf2-1167-4092-aa62-b02d57d514a4 106c8842d238440a927d07d8846e8c5c fac1c23583e24c0680dff2dc3c3497d1 - - default default] DELETE http://[LB_IP_ADDRESS]:8776/v3/fac1c23583e24c0680dff2dc3c3497d1/group_snapshots/ab7e2065-8867-4191-b365-8d05e57db495
2025-08-18 20:57:43.812 21 INFO cinder.api.v3.group_snapshots [None req-4869bbf2-1167-4092-aa62-b02d57d514a4 106c8842d238440a927d07d8846e8c5c fac1c23583e24c0680dff2dc3c3497d1 - - default default] Delete group_snapshot with id: ab7e2065-8867-4191-b365-8d05e57db495
2025-08-18 20:57:43.870 21 INFO cinder.api.openstack.wsgi [None req-4869bbf2-1167-4092-aa62-b02d57d514a4 106c8842d238440a927d07d8846e8c5c fac1c23583e24c0680dff2dc3c3497d1 - - default default] http://[LB_IP_ADDRESS]:8776/v3/fac1c23583e24c0680dff2dc3c3497d1/group_snapshots/ab7e2065-8867-4191-b365-8d05e57db495 returned with HTTP 202
2025-08-18 20:57:43.881 22 INFO cinder.api.openstack.wsgi [None req-526ca2db-f6e2-4d4d-883b-2eefe595a837 106c8842d238440a927d07d8846e8c5c fac1c23583e24c0680dff2dc3c3497d1 - - default default] GET http://[LB_IP_ADDRESS]:8776/v3/fac1c23583e24c0680dff2dc3c3497d1/volumes/detail
2025-08-18 20:57:43.903 22 INFO cinder.volume.api [None req-526ca2db-f6e2-4d4d-883b-2eefe595a837 106c8842d238440a927d07d8846e8c5c fac1c23583e24c0680dff2dc3c3497d1 - - default default] Get all volumes completed successfully.
2025-08-18 20:57:43.940 22 INFO cinder.api.openstack.wsgi [None req-526ca2db-f6e2-4d4d-883b-2eefe595a837 106c8842d238440a927d07d8846e8c5c fac1c23583e24c0680dff2dc3c3497d1 - - default default] http://[LB_IP_ADDRESS]:8776/v3/fac1c23583e24c0680dff2dc3c3497d1/volumes/detail returned with HTTP 200
2025-08-18 20:57:43.970 23 INFO cinder.api.openstack.wsgi [None req-5d752733-edac-41e1-8795-b715420b1faa 106c8842d238440a927d07d8846e8c5c fac1c23583e24c0680dff2dc3c3497d1 - - default default] GET http://[LB_IP_ADDRESS]:8776/v3/fac1c23583e24c0680dff2dc3c3497d1/snapshots/detail
2025-08-18 20:57:43.983 23 INFO cinder.volume.api [None req-5d752733-edac-41e1-8795-b715420b1faa 106c8842d238440a927d07d8846e8c5c fac1c23583e24c0680dff2dc3c3497d1 - - default default] Get all snapshots completed successfully.
2025-08-18 20:57:43.985 23 INFO cinder.api.openstack.wsgi [None req-5d752733-edac-41e1-8795-b715420b1faa 106c8842d238440a927d07d8846e8c5c fac1c23583e24c0680dff2dc3c3497d1 - - default default] http://[LB_IP_ADDRESS]:8776/v3/fac1c23583e24c0680dff2dc3c3497d1/snapshots/detail returned with HTTP 200
2025-08-18 20:57:44.003 24 INFO cinder.api.openstack.wsgi [None req-262dc58d-5826-4cb4-8bc1-3b8bffe9b494 106c8842d238440a927d07d8846e8c5c fac1c23583e24c0680dff2dc3c3497d1 - - default default] GET http://[LB_IP_ADDRESS]:8776/v3/fac1c23583e24c0680dff2dc3c3497d1/snapshots/e5f0a63a-3141-401a-bb5e-7e27b64bbf70
2025-08-18 20:57:44.017 24 INFO cinder.volume.api [None req-262dc58d-5826-4cb4-8bc1-3b8bffe9b494 106c8842d238440a927d07d8846e8c5c fac1c23583e24c0680dff2dc3c3497d1 - - default default] Snapshot retrieved successfully.
2025-08-18 20:57:44.019 24 INFO cinder.api.openstack.wsgi [None req-262dc58d-5826-4cb4-8bc1-3b8bffe9b494 106c8842d238440a927d07d8846e8c5c fac1c23583e24c0680dff2dc3c3497d1 - - default default] http://[LB_IP_ADDRESS]:8776/v3/fac1c23583e24c0680dff2dc3c3497d1/snapshots/e5f0a63a-3141-401a-bb5e-7e27b64bbf70 returned with HTTP 200
2025-08-18 20:57:44.176 25 INFO cinder.api.openstack.wsgi [None req-57787101-9eb0-47e4-9f85-d7293f1bbfb7 f2418cb7e83e47439de11d5b347dd964 3eb8ca6f322b48da8a4ceb2825b56649 - - default default] GET http://[LB_IP_ADDRESS]:8776/v3/3eb8ca6f322b48da8a4ceb2825b56649/groups/643b743a-17d5-4004-80cd-28f243ffbc1f
2025-08-18 20:57:44.201 25 INFO cinder.api.openstack.wsgi [None req-57787101-9eb0-47e4-9f85-d7293f1bbfb7 f2418cb7e83e47439de11d5b347dd964 3eb8ca6f322b48da8a4ceb2825b56649 - - default default] http://[LB_IP_ADDRESS]:8776/v3/3eb8ca6f322b48da8a4ceb2825b56649/groups/643b743a-17d5-4004-80cd-28f243ffbc1f returned with HTTP 200
2025-08-18 20:57:44.218 21 INFO cinder.api.openstack.wsgi [None req-4516c478-85bf-4a60-b8a0-0fc0d3b0e1e9 f2418cb7e83e47439de11d5b347dd964 3eb8ca6f322b48da8a4ceb2825b56649 - - default default] POST http://[LB_IP_ADDRESS]:8776/v3/3eb8ca6f322b48da8a4ceb2825b56649/volumes
2025-08-18 20:57:44.236 21 INFO cinder.api.v3.volumes [None req-4516c478-85bf-4a60-b8a0-0fc0d3b0e1e9 f2418cb7e83e47439de11d5b347dd964 3eb8ca6f322b48da8a4ceb2825b56649 - - default default] Create volume of 1 GB
2025-08-18 20:57:44.252 21 INFO cinder.volume.api [None req-4516c478-85bf-4a60-b8a0-0fc0d3b0e1e9 f2418cb7e83e47439de11d5b347dd964 3eb8ca6f322b48da8a4ceb2825b56649 - - default default] Availability Zones retrieved successfully.
2025-08-18 20:57:44.488 21 WARNING cinder.quota [None req-4516c478-85bf-4a60-b8a0-0fc0d3b0e1e9 f2418cb7e83e47439de11d5b347dd964 3eb8ca6f322b48da8a4ceb2825b56649 - - default default] Deprecated: Default quota for resource: volumes_tempest-GroupSnapshotsTest-volume-type-1772005553 is set by the default quota flag: quota_volumes_tempest-GroupSnapshotsTest-volume-type-1772005553, it is now deprecated. Please use the default quota class for default quota.
2025-08-18 20:57:44.489 21 WARNING cinder.quota [None req-4516c478-85bf-4a60-b8a0-0fc0d3b0e1e9 f2418cb7e83e47439de11d5b347dd964 3eb8ca6f322b48da8a4ceb2825b56649 - - default default] Deprecated: Default quota for resource: gigabytes_tempest-GroupSnapshotsTest-volume-type-1772005553 is set by the default quota flag: quota_gigabytes_tempest-GroupSnapshotsTest-volume-type-1772005553, it is now deprecated. Please use the default quota class for default quota.
2025-08-18 20:57:44.578 22 INFO cinder.api.openstack.wsgi [None req-3a33bb75-c28d-42b8-9e1e-7c2ddca21db7 1766e99cdd6145128941ea3463625489 817d33e83d65460da583c9ec5cac90ac - - default default] GET http://[LB_IP_ADDRESS]:8776/v3/817d33e83d65460da583c9ec5cac90ac/volumes/4ab94325-6898-4a0c-a0db-83443ca4e8e1
2025-08-18 20:57:44.587 21 INFO cinder.volume.api [None req-4516c478-85bf-4a60-b8a0-0fc0d3b0e1e9 f2418cb7e83e47439de11d5b347dd964 3eb8ca6f322b48da8a4ceb2825b56649 - - default default] Create volume request issued successfully.
2025-08-18 20:57:44.605 22 INFO cinder.volume.api [None req-3a33bb75-c28d-42b8-9e1e-7c2ddca21db7 1766e99cdd6145128941ea3463625489 817d33e83d65460da583c9ec5cac90ac - - default default] Volume info retrieved successfully.
2025-08-18 20:57:44.608 21 INFO cinder.api.openstack.wsgi [None req-4516c478-85bf-4a60-b8a0-0fc0d3b0e1e9 f2418cb7e83e47439de11d5b347dd964 3eb8ca6f322b48da8a4ceb2825b56649 - - default default] http://[LB_IP_ADDRESS]:8776/v3/3eb8ca6f322b48da8a4ceb2825b56649/volumes returned with HTTP 202
2025-08-18 20:57:44.614 22 INFO cinder.api.openstack.wsgi [None req-3a33bb75-c28d-42b8-9e1e-7c2ddca21db7 1766e99cdd6145128941ea3463625489 817d33e83d65460da583c9ec5cac90ac - - default default] http://[LB_IP_ADDRESS]:8776/v3/817d33e83d65460da583c9ec5cac90ac/volumes/4ab94325-6898-4a0c-a0db-83443ca4e8e1 returned with HTTP 200
2025-08-18 20:57:44.632 23 INFO cinder.api.openstack.wsgi [None req-984211a7-f38e-473d-833d-4d3d95807859 f2418cb7e83e47439de11d5b347dd964 3eb8ca6f322b48da8a4ceb2825b56649 - - default default] GET http://[LB_IP_ADDRESS]:8776/v3/3eb8ca6f322b48da8a4ceb2825b56649/volumes/754d8136-b5b6-42de-b51e-53d9801a3206
2025-08-18 20:57:44.652 23 INFO cinder.volume.api [None req-984211a7-f38e-473d-833d-4d3d95807859 f2418cb7e83e47439de11d5b347dd964 3eb8ca6f322b48da8a4ceb2825b56649 - - default default] Volume info retrieved successfully.
2025-08-18 20:57:44.677 23 INFO cinder.api.openstack.wsgi [None req-984211a7-f38e-473d-833d-4d3d95807859 f2418cb7e83e47439de11d5b347dd964 3eb8ca6f322b48da8a4ceb2825b56649 - - default default] http://[LB_IP_ADDRESS]:8776/v3/3eb8ca6f322b48da8a4ceb2825b56649/volumes/754d8136-b5b6-42de-b51e-53d9801a3206 returned with HTTP 200
2025-08-18 20:57:45.037 24 INFO cinder.api.openstack.wsgi [None req-bd0446db-1e1a-45d5-a84a-ed821a53ef9b 106c8842d238440a927d07d8846e8c5c fac1c23583e24c0680dff2dc3c3497d1 - - default default] GET http://[LB_IP_ADDRESS]:8776/v3/fac1c23583e24c0680dff2dc3c3497d1/snapshots/e5f0a63a-3141-401a-bb5e-7e27b64bbf70
2025-08-18 20:57:45.048 24 INFO cinder.api.openstack.wsgi [None req-bd0446db-1e1a-45d5-a84a-ed821a53ef9b 106c8842d238440a927d07d8846e8c5c fac1c23583e24c0680dff2dc3c3497d1 - - default default] http://[LB_IP_ADDRESS]:8776/v3/fac1c23583e24c0680dff2dc3c3497d1/snapshots/e5f0a63a-3141-401a-bb5e-7e27b64bbf70 returned with HTTP 404
2025-08-18 20:57:45.060 25 INFO cinder.api.openstack.wsgi [None req-d44e4d17-3b5c-43f1-92a1-d7060725e5eb 106c8842d238440a927d07d8846e8c5c fac1c23583e24c0680dff2dc3c3497d1 - - default default] GET http://[LB_IP_ADDRESS]:8776/v3/fac1c23583e24c0680dff2dc3c3497d1/group_snapshots/ab7e2065-8867-4191-b365-8d05e57db495
2025-08-18 20:57:45.066 25 INFO cinder.api.openstack.wsgi [None req-d44e4d17-3b5c-43f1-92a1-d7060725e5eb 106c8842d238440a927d07d8846e8c5c fac1c23583e24c0680dff2dc3c3497d1 - - default default] http://[LB_IP_ADDRESS]:8776/v3/fac1c23583e24c0680dff2dc3c3497d1/group_snapshots/ab7e2065-8867-4191-b365-8d05e57db495 returned with HTTP 404
2025-08-18 20:57:45.077 21 INFO cinder.api.openstack.wsgi [None req-ed23972e-7cf9-4b1d-8677-acfa9a7adb9a 106c8842d238440a927d07d8846e8c5c fac1c23583e24c0680dff2dc3c3497d1 - - default default] GET http://[LB_IP_ADDRESS]:8776/v3/fac1c23583e24c0680dff2dc3c3497d1/volumes/detail
2025-08-18 20:57:45.095 21 INFO cinder.volume.api [None req-ed23972e-7cf9-4b1d-8677-acfa9a7adb9a 106c8842d238440a927d07d8846e8c5c fac1c23583e24c0680dff2dc3c3497d1 - - default default] Get all volumes completed successfully.
2025-08-18 20:57:45.126 21 INFO cinder.api.openstack.wsgi [None req-ed23972e-7cf9-4b1d-8677-acfa9a7adb9a 106c8842d238440a927d07d8846e8c5c fac1c23583e24c0680dff2dc3c3497d1 - - default default] http://[LB_IP_ADDRESS]:8776/v3/fac1c23583e24c0680dff2dc3c3497d1/volumes/detail returned with HTTP 200
2025-08-18 20:57:45.157 22 INFO cinder.api.openstack.wsgi [None req-2e9967c3-7e3f-44ed-a32c-dca7c49f2800 106c8842d238440a927d07d8846e8c5c fac1c23583e24c0680dff2dc3c3497d1 - - default default] POST http://[LB_IP_ADDRESS]:8776/v3/fac1c23583e24c0680dff2dc3c3497d1/groups/51760eb6-a72a-44d7-8d83-4d70c41a25b8/action
2025-08-18 20:57:45.161 22 INFO cinder.api.v3.groups [None req-2e9967c3-7e3f-44ed-a32c-dca7c49f2800 106c8842d238440a927d07d8846e8c5c fac1c23583e24c0680dff2dc3c3497d1 - - default default] Delete group with id: 51760eb6-a72a-44d7-8d83-4d70c41a25b8
2025-08-18 20:57:45.241 22 INFO cinder.api.openstack.wsgi [None req-2e9967c3-7e3f-44ed-a32c-dca7c49f2800 106c8842d238440a927d07d8846e8c5c fac1c23583e24c0680dff2dc3c3497d1 - - default default] http://[LB_IP_ADDRESS]:8776/v3/fac1c23583e24c0680dff2dc3c3497d1/groups/51760eb6-a72a-44d7-8d83-4d70c41a25b8/action returned with HTTP 202
2025-08-18 20:57:45.254 23 INFO cinder.api.openstack.wsgi [None req-e18aa9fb-dc99-4583-a801-a8883e0b3274 106c8842d238440a927d07d8846e8c5c fac1c23583e24c0680dff2dc3c3497d1 - - default default] GET http://[LB_IP_ADDRESS]:8776/v3/fac1c23583e24c0680dff2dc3c3497d1/volumes/07a1e9be-f109-45db-9d8a-41e212cf2ce8
2025-08-18 20:57:45.279 23 INFO cinder.volume.api [None req-e18aa9fb-dc99-4583-a801-a8883e0b3274 106c8842d238440a927d07d8846e8c5c fac1c23583e24c0680dff2dc3c3497d1 - - default default] Volume info retrieved successfully.
2025-08-18 20:57:45.310 23 INFO cinder.api.openstack.wsgi [None req-e18aa9fb-dc99-4583-a801-a8883e0b3274 106c8842d238440a927d07d8846e8c5c fac1c23583e24c0680dff2dc3c3497d1 - - default default] http://[LB_IP_ADDRESS]:8776/v3/fac1c23583e24c0680dff2dc3c3497d1/volumes/07a1e9be-f109-45db-9d8a-41e212cf2ce8 returned with HTTP 200
2025-08-18 20:57:45.644 24 INFO cinder.api.openstack.wsgi [None req-a98806b1-bc23-440c-acec-f1b961a239e7 1766e99cdd6145128941ea3463625489 817d33e83d65460da583c9ec5cac90ac - - default default] GET http://[LB_IP_ADDRESS]:8776/v3/817d33e83d65460da583c9ec5cac90ac/volumes/4ab94325-6898-4a0c-a0db-83443ca4e8e1
2025-08-18 20:57:45.670 24 INFO cinder.volume.api [None req-a98806b1-bc23-440c-acec-f1b961a239e7 1766e99cdd6145128941ea3463625489 817d33e83d65460da583c9ec5cac90ac - - default default] Volume info retrieved successfully.
2025-08-18 20:57:45.679 24 INFO cinder.api.openstack.wsgi [None req-a98806b1-bc23-440c-acec-f1b961a239e7 1766e99cdd6145128941ea3463625489 817d33e83d65460da583c9ec5cac90ac - - default default] http://[LB_IP_ADDRESS]:8776/v3/817d33e83d65460da583c9ec5cac90ac/volumes/4ab94325-6898-4a0c-a0db-83443ca4e8e1 returned with HTTP 200
2025-08-18 20:57:45.706 25 INFO cinder.api.openstack.wsgi [None req-6b0e6d20-3092-488f-8145-c169e971ffc0 f2418cb7e83e47439de11d5b347dd964 3eb8ca6f322b48da8a4ceb2825b56649 - - default default] GET http://[LB_IP_ADDRESS]:8776/v3/3eb8ca6f322b48da8a4ceb2825b56649/volumes/754d8136-b5b6-42de-b51e-53d9801a3206
2025-08-18 20:57:45.711 21 INFO cinder.api.openstack.wsgi [None req-b437bb7f-22af-48c7-a994-9ffc64fbbcc3 379331630b9042c58e9307fc01fa9be3 b80419b04b3d4a9a89fb553082541be2 - - default default] GET http://[LB_IP_ADDRESS]:8776/v3/b80419b04b3d4a9a89fb553082541be2/os-quota-sets/817d33e83d65460da583c9ec5cac90ac?usage=True
2025-08-18 20:57:45.732 25 INFO cinder.volume.api [None req-6b0e6d20-3092-488f-8145-c169e971ffc0 f2418cb7e83e47439de11d5b347dd964 3eb8ca6f322b48da8a4ceb2825b56649 - - default default] Volume info retrieved successfully.
2025-08-18 20:57:45.761 25 INFO cinder.api.openstack.wsgi [None req-6b0e6d20-3092-488f-8145-c169e971ffc0 f2418cb7e83e47439de11d5b347dd964 3eb8ca6f322b48da8a4ceb2825b56649 - - default default] http://[LB_IP_ADDRESS]:8776/v3/3eb8ca6f322b48da8a4ceb2825b56649/volumes/754d8136-b5b6-42de-b51e-53d9801a3206 returned with HTTP 200
2025-08-18 20:57:45.820 21 WARNING cinder.quota [None req-b437bb7f-22af-48c7-a994-9ffc64fbbcc3 379331630b9042c58e9307fc01fa9be3 b80419b04b3d4a9a89fb553082541be2 - - default default] Deprecated: Default quota for resource: snapshots_tempest-GroupSnapshotsTest-volume-type-1772005553 is set by the default quota flag: quota_snapshots_tempest-GroupSnapshotsTest-volume-type-1772005553, it is now deprecated. Please use the default quota class for default quota.
2025-08-18 20:57:45.899 21 INFO cinder.api.openstack.wsgi [None req-b437bb7f-22af-48c7-a994-9ffc64fbbcc3 379331630b9042c58e9307fc01fa9be3 b80419b04b3d4a9a89fb553082541be2 - - default default] http://[LB_IP_ADDRESS]:8776/v3/b80419b04b3d4a9a89fb553082541be2/os-quota-sets/817d33e83d65460da583c9ec5cac90ac?usage=True returned with HTTP 200
2025-08-18 20:57:45.922 22 INFO cinder.api.openstack.wsgi [None req-995e4a9f-b768-41df-ba4c-91f724f74b7d 1766e99cdd6145128941ea3463625489 817d33e83d65460da583c9ec5cac90ac - - default default] DELETE http://[LB_IP_ADDRESS]:8776/v3/817d33e83d65460da583c9ec5cac90ac/volumes/4ab94325-6898-4a0c-a0db-83443ca4e8e1
2025-08-18 20:57:45.923 22 INFO cinder.api.v3.volumes [None req-995e4a9f-b768-41df-ba4c-91f724f74b7d 1766e99cdd6145128941ea3463625489 817d33e83d65460da583c9ec5cac90ac - - default default] Delete volume with id: 4ab94325-6898-4a0c-a0db-83443ca4e8e1 
2025-08-18 20:57:45.941 22 INFO cinder.volume.api [None req-995e4a9f-b768-41df-ba4c-91f724f74b7d 1766e99cdd6145128941ea3463625489 817d33e83d65460da583c9ec5cac90ac - - default default] Volume info retrieved successfully.
2025-08-18 20:57:45.974 22 INFO cinder.volume.api [None req-995e4a9f-b768-41df-ba4c-91f724f74b7d 1766e99cdd6145128941ea3463625489 817d33e83d65460da583c9ec5cac90ac - - default default] Delete volume request issued successfully.
2025-08-18 20:57:45.975 22 INFO cinder.api.openstack.wsgi [None req-995e4a9f-b768-41df-ba4c-91f724f74b7d 1766e99cdd6145128941ea3463625489 817d33e83d65460da583c9ec5cac90ac - - default default] http://[LB_IP_ADDRESS]:8776/v3/817d33e83d65460da583c9ec5cac90ac/volumes/4ab94325-6898-4a0c-a0db-83443ca4e8e1 returned with HTTP 202
2025-08-18 20:57:45.987 23 INFO cinder.api.openstack.wsgi [None req-b034f18b-9af1-4207-b7f2-03c33c0fe367 1766e99cdd6145128941ea3463625489 817d33e83d65460da583c9ec5cac90ac - - default default] GET http://[LB_IP_ADDRESS]:8776/v3/817d33e83d65460da583c9ec5cac90ac/volumes/4ab94325-6898-4a0c-a0db-83443ca4e8e1
2025-08-18 20:57:46.013 23 INFO cinder.volume.api [None req-b034f18b-9af1-4207-b7f2-03c33c0fe367 1766e99cdd6145128941ea3463625489 817d33e83d65460da583c9ec5cac90ac - - default default] Volume info retrieved successfully.
2025-08-18 20:57:46.022 23 INFO cinder.api.openstack.wsgi [None req-b034f18b-9af1-4207-b7f2-03c33c0fe367 1766e99cdd6145128941ea3463625489 817d33e83d65460da583c9ec5cac90ac - - default default] http://[LB_IP_ADDRESS]:8776/v3/817d33e83d65460da583c9ec5cac90ac/volumes/4ab94325-6898-4a0c-a0db-83443ca4e8e1 returned with HTTP 200
2025-08-18 20:57:46.340 24 INFO cinder.api.openstack.wsgi [None req-22a9f5b2-5684-4112-a236-777bc9acd63d 106c8842d238440a927d07d8846e8c5c fac1c23583e24c0680dff2dc3c3497d1 - - default default] GET http://[LB_IP_ADDRESS]:8776/v3/fac1c23583e24c0680dff2dc3c3497d1/volumes/07a1e9be-f109-45db-9d8a-41e212cf2ce8
2025-08-18 20:57:46.355 24 INFO cinder.api.openstack.wsgi [None req-22a9f5b2-5684-4112-a236-777bc9acd63d 106c8842d238440a927d07d8846e8c5c fac1c23583e24c0680dff2dc3c3497d1 - - default default] http://[LB_IP_ADDRESS]:8776/v3/fac1c23583e24c0680dff2dc3c3497d1/volumes/07a1e9be-f109-45db-9d8a-41e212cf2ce8 returned with HTTP 404
2025-08-18 20:57:46.368 25 INFO cinder.api.openstack.wsgi [None req-8e319a7f-7eec-4eb6-ae16-0d5f46faed99 106c8842d238440a927d07d8846e8c5c fac1c23583e24c0680dff2dc3c3497d1 - - default default] GET http://[LB_IP_ADDRESS]:8776/v3/fac1c23583e24c0680dff2dc3c3497d1/groups/51760eb6-a72a-44d7-8d83-4d70c41a25b8
2025-08-18 20:57:46.374 25 INFO cinder.api.openstack.wsgi [None req-8e319a7f-7eec-4eb6-ae16-0d5f46faed99 106c8842d238440a927d07d8846e8c5c fac1c23583e24c0680dff2dc3c3497d1 - - default default] http://[LB_IP_ADDRESS]:8776/v3/fac1c23583e24c0680dff2dc3c3497d1/groups/51760eb6-a72a-44d7-8d83-4d70c41a25b8 returned with HTTP 404
2025-08-18 20:57:46.386 21 INFO cinder.api.openstack.wsgi [None req-0e427bfb-a634-4a48-9b24-87a1722c7f9b 8f8cb1b9d7854e7e816acc177e165def b316f74cf1e04639828281cb66080f33 - - default default] DELETE http://[LB_IP_ADDRESS]:8776/v3/b316f74cf1e04639828281cb66080f33/group_types/7f18932a-0aec-4067-9bda-098367a32207
2025-08-18 20:57:46.409 21 INFO cinder.api.openstack.wsgi [None req-0e427bfb-a634-4a48-9b24-87a1722c7f9b 8f8cb1b9d7854e7e816acc177e165def b316f74cf1e04639828281cb66080f33 - - default default] http://[LB_IP_ADDRESS]:8776/v3/b316f74cf1e04639828281cb66080f33/group_types/7f18932a-0aec-4067-9bda-098367a32207 returned with HTTP 202
2025-08-18 20:57:46.421 22 INFO cinder.api.openstack.wsgi [None req-29bc40e8-e7a0-4498-8746-3bf5dee657bd 8f8cb1b9d7854e7e816acc177e165def b316f74cf1e04639828281cb66080f33 - - default default] DELETE http://[LB_IP_ADDRESS]:8776/v3/b316f74cf1e04639828281cb66080f33/types/a4223a1a-ed74-456d-9dc1-5ce8655f2a04
2025-08-18 20:57:46.481 22 INFO cinder.api.openstack.wsgi [None req-29bc40e8-e7a0-4498-8746-3bf5dee657bd 8f8cb1b9d7854e7e816acc177e165def b316f74cf1e04639828281cb66080f33 - - default default] http://[LB_IP_ADDRESS]:8776/v3/b316f74cf1e04639828281cb66080f33/types/a4223a1a-ed74-456d-9dc1-5ce8655f2a04 returned with HTTP 202
2025-08-18 20:57:46.493 23 INFO cinder.api.openstack.wsgi [None req-cb850a40-1b9b-46fd-97cf-27deba29039d 8f8cb1b9d7854e7e816acc177e165def b316f74cf1e04639828281cb66080f33 - - default default] GET http://[LB_IP_ADDRESS]:8776/v3/b316f74cf1e04639828281cb66080f33/types/a4223a1a-ed74-456d-9dc1-5ce8655f2a04
2025-08-18 20:57:46.501 23 INFO cinder.api.openstack.wsgi [None req-cb850a40-1b9b-46fd-97cf-27deba29039d 8f8cb1b9d7854e7e816acc177e165def b316f74cf1e04639828281cb66080f33 - - default default] http://[LB_IP_ADDRESS]:8776/v3/b316f74cf1e04639828281cb66080f33/types/a4223a1a-ed74-456d-9dc1-5ce8655f2a04 returned with HTTP 404
2025-08-18 20:57:46.788 24 INFO cinder.api.openstack.wsgi [None req-1cf50a9f-ef31-41d4-9c46-94a1ebb6034d f2418cb7e83e47439de11d5b347dd964 3eb8ca6f322b48da8a4ceb2825b56649 - - default default] GET http://[LB_IP_ADDRESS]:8776/v3/3eb8ca6f322b48da8a4ceb2825b56649/volumes/754d8136-b5b6-42de-b51e-53d9801a3206
2025-08-18 20:57:46.809 24 INFO cinder.volume.api [None req-1cf50a9f-ef31-41d4-9c46-94a1ebb6034d f2418cb7e83e47439de11d5b347dd964 3eb8ca6f322b48da8a4ceb2825b56649 - - default default] Volume info retrieved successfully.
2025-08-18 20:57:46.840 24 INFO cinder.api.openstack.wsgi [None req-1cf50a9f-ef31-41d4-9c46-94a1ebb6034d f2418cb7e83e47439de11d5b347dd964 3eb8ca6f322b48da8a4ceb2825b56649 - - default default] http://[LB_IP_ADDRESS]:8776/v3/3eb8ca6f322b48da8a4ceb2825b56649/volumes/754d8136-b5b6-42de-b51e-53d9801a3206 returned with HTTP 200
2025-08-18 20:57:46.868 25 INFO cinder.api.openstack.wsgi [None req-93ac7fbb-c8a6-4f48-be0c-a5f912555226 f2418cb7e83e47439de11d5b347dd964 3eb8ca6f322b48da8a4ceb2825b56649 - - default default] POST http://[LB_IP_ADDRESS]:8776/v3/3eb8ca6f322b48da8a4ceb2825b56649/volumes
2025-08-18 20:57:46.887 25 INFO cinder.api.v3.volumes [None req-93ac7fbb-c8a6-4f48-be0c-a5f912555226 f2418cb7e83e47439de11d5b347dd964 3eb8ca6f322b48da8a4ceb2825b56649 - - default default] Create volume of 1 GB
2025-08-18 20:57:46.897 25 INFO cinder.volume.api [None req-93ac7fbb-c8a6-4f48-be0c-a5f912555226 f2418cb7e83e47439de11d5b347dd964 3eb8ca6f322b48da8a4ceb2825b56649 - - default default] Availability Zones retrieved successfully.
2025-08-18 20:57:47.052 21 INFO cinder.api.openstack.wsgi [None req-9726d240-c054-4a44-a061-52441ffdf53f 1766e99cdd6145128941ea3463625489 817d33e83d65460da583c9ec5cac90ac - - default default] GET http://[LB_IP_ADDRESS]:8776/v3/817d33e83d65460da583c9ec5cac90ac/volumes/4ab94325-6898-4a0c-a0db-83443ca4e8e1
2025-08-18 20:57:47.067 21 INFO cinder.api.openstack.wsgi [None req-9726d240-c054-4a44-a061-52441ffdf53f 1766e99cdd6145128941ea3463625489 817d33e83d65460da583c9ec5cac90ac - - default default] http://[LB_IP_ADDRESS]:8776/v3/817d33e83d65460da583c9ec5cac90ac/volumes/4ab94325-6898-4a0c-a0db-83443ca4e8e1 returned with HTTP 404
2025-08-18 20:57:47.078 22 INFO cinder.api.openstack.wsgi [None req-a2964740-7f94-45d2-8011-5cc444ec89b8 1766e99cdd6145128941ea3463625489 817d33e83d65460da583c9ec5cac90ac - - default default] GET http://[LB_IP_ADDRESS]:8776/v3/817d33e83d65460da583c9ec5cac90ac/volumes/4ab94325-6898-4a0c-a0db-83443ca4e8e1
2025-08-18 20:57:47.095 22 INFO cinder.api.openstack.wsgi [None req-a2964740-7f94-45d2-8011-5cc444ec89b8 1766e99cdd6145128941ea3463625489 817d33e83d65460da583c9ec5cac90ac - - default default] http://[LB_IP_ADDRESS]:8776/v3/817d33e83d65460da583c9ec5cac90ac/volumes/4ab94325-6898-4a0c-a0db-83443ca4e8e1 returned with HTTP 404
2025-08-18 20:57:47.106 23 INFO cinder.api.openstack.wsgi [None req-41f16166-4a31-4e58-ae45-3f138c3702c6 1766e99cdd6145128941ea3463625489 817d33e83d65460da583c9ec5cac90ac - - default default] DELETE http://[LB_IP_ADDRESS]:8776/v3/817d33e83d65460da583c9ec5cac90ac/volumes/4ab94325-6898-4a0c-a0db-83443ca4e8e1
2025-08-18 20:57:47.107 23 INFO cinder.api.v3.volumes [None req-41f16166-4a31-4e58-ae45-3f138c3702c6 1766e99cdd6145128941ea3463625489 817d33e83d65460da583c9ec5cac90ac - - default default] Delete volume with id: 4ab94325-6898-4a0c-a0db-83443ca4e8e1 
2025-08-18 20:57:47.122 23 INFO cinder.api.openstack.wsgi [None req-41f16166-4a31-4e58-ae45-3f138c3702c6 1766e99cdd6145128941ea3463625489 817d33e83d65460da583c9ec5cac90ac - - default default] http://[LB_IP_ADDRESS]:8776/v3/817d33e83d65460da583c9ec5cac90ac/volumes/4ab94325-6898-4a0c-a0db-83443ca4e8e1 returned with HTTP 404
2025-08-18 20:57:47.126 25 WARNING cinder.quota [None req-93ac7fbb-c8a6-4f48-be0c-a5f912555226 f2418cb7e83e47439de11d5b347dd964 3eb8ca6f322b48da8a4ceb2825b56649 - - default default] Deprecated: Default quota for resource: volumes_tempest-GroupSnapshotsTest-volume-type-1772005553 is set by the default quota flag: quota_volumes_tempest-GroupSnapshotsTest-volume-type-1772005553, it is now deprecated. Please use the default quota class for default quota.
2025-08-18 20:57:47.128 25 WARNING cinder.quota [None req-93ac7fbb-c8a6-4f48-be0c-a5f912555226 f2418cb7e83e47439de11d5b347dd964 3eb8ca6f322b48da8a4ceb2825b56649 - - default default] Deprecated: Default quota for resource: gigabytes_tempest-GroupSnapshotsTest-volume-type-1772005553 is set by the default quota flag: quota_gigabytes_tempest-GroupSnapshotsTest-volume-type-1772005553, it is now deprecated. Please use the default quota class for default quota.
2025-08-18 20:57:47.137 24 INFO cinder.api.openstack.wsgi [None req-1c96f17a-5d83-4c21-817d-fe8910d6f04c 1766e99cdd6145128941ea3463625489 817d33e83d65460da583c9ec5cac90ac - - default default] POST http://[LB_IP_ADDRESS]:8776/v3/817d33e83d65460da583c9ec5cac90ac/volumes
2025-08-18 20:57:47.142 24 INFO cinder.api.v3.volumes [None req-1c96f17a-5d83-4c21-817d-fe8910d6f04c 1766e99cdd6145128941ea3463625489 817d33e83d65460da583c9ec5cac90ac - - default default] Create volume of 1 GB
2025-08-18 20:57:47.158 24 INFO cinder.volume.api [None req-1c96f17a-5d83-4c21-817d-fe8910d6f04c 1766e99cdd6145128941ea3463625489 817d33e83d65460da583c9ec5cac90ac - - default default] Availability Zones retrieved successfully.
2025-08-18 20:57:47.215 25 INFO cinder.volume.api [None req-93ac7fbb-c8a6-4f48-be0c-a5f912555226 f2418cb7e83e47439de11d5b347dd964 3eb8ca6f322b48da8a4ceb2825b56649 - - default default] Create volume request issued successfully.
2025-08-18 20:57:47.241 25 INFO cinder.api.openstack.wsgi [None req-93ac7fbb-c8a6-4f48-be0c-a5f912555226 f2418cb7e83e47439de11d5b347dd964 3eb8ca6f322b48da8a4ceb2825b56649 - - default default] http://[LB_IP_ADDRESS]:8776/v3/3eb8ca6f322b48da8a4ceb2825b56649/volumes returned with HTTP 202
2025-08-18 20:57:47.267 21 INFO cinder.api.openstack.wsgi [None req-c2178a11-1831-4837-944b-7734a2f142e3 f2418cb7e83e47439de11d5b347dd964 3eb8ca6f322b48da8a4ceb2825b56649 - - default default] GET http://[LB_IP_ADDRESS]:8776/v3/3eb8ca6f322b48da8a4ceb2825b56649/volumes/cebd9695-8816-44bc-80b3-4bc254e27809
2025-08-18 20:57:47.291 21 INFO cinder.volume.api [None req-c2178a11-1831-4837-944b-7734a2f142e3 f2418cb7e83e47439de11d5b347dd964 3eb8ca6f322b48da8a4ceb2825b56649 - - default default] Volume info retrieved successfully.
2025-08-18 20:57:47.363 21 INFO cinder.api.openstack.wsgi [None req-c2178a11-1831-4837-944b-7734a2f142e3 f2418cb7e83e47439de11d5b347dd964 3eb8ca6f322b48da8a4ceb2825b56649 - - default default] http://[LB_IP_ADDRESS]:8776/v3/3eb8ca6f322b48da8a4ceb2825b56649/volumes/cebd9695-8816-44bc-80b3-4bc254e27809 returned with HTTP 200
2025-08-18 20:57:47.428 24 INFO cinder.volume.api [None req-1c96f17a-5d83-4c21-817d-fe8910d6f04c 1766e99cdd6145128941ea3463625489 817d33e83d65460da583c9ec5cac90ac - - default default] Create volume request issued successfully.
2025-08-18 20:57:47.430 24 INFO cinder.api.openstack.wsgi [None req-1c96f17a-5d83-4c21-817d-fe8910d6f04c 1766e99cdd6145128941ea3463625489 817d33e83d65460da583c9ec5cac90ac - - default default] http://[LB_IP_ADDRESS]:8776/v3/817d33e83d65460da583c9ec5cac90ac/volumes returned with HTTP 202
2025-08-18 20:57:47.455 22 INFO cinder.api.openstack.wsgi [None req-bede5d0f-1d48-4fd6-9d59-e2265596bc38 1766e99cdd6145128941ea3463625489 817d33e83d65460da583c9ec5cac90ac - - default default] GET http://[LB_IP_ADDRESS]:8776/v3/817d33e83d65460da583c9ec5cac90ac/volumes/621c92ee-72b0-4f53-bb98-f0d244130f5e
2025-08-18 20:57:47.480 22 INFO cinder.volume.api [None req-bede5d0f-1d48-4fd6-9d59-e2265596bc38 1766e99cdd6145128941ea3463625489 817d33e83d65460da583c9ec5cac90ac - - default default] Volume info retrieved successfully.
2025-08-18 20:57:47.489 22 INFO cinder.api.openstack.wsgi [None req-bede5d0f-1d48-4fd6-9d59-e2265596bc38 1766e99cdd6145128941ea3463625489 817d33e83d65460da583c9ec5cac90ac - - default default] http://[LB_IP_ADDRESS]:8776/v3/817d33e83d65460da583c9ec5cac90ac/volumes/621c92ee-72b0-4f53-bb98-f0d244130f5e returned with HTTP 200
2025-08-18 20:57:48.396 23 INFO cinder.api.openstack.wsgi [None req-ae693f55-e302-47a1-b152-da839cd097b5 f2418cb7e83e47439de11d5b347dd964 3eb8ca6f322b48da8a4ceb2825b56649 - - default default] GET http://[LB_IP_ADDRESS]:8776/v3/3eb8ca6f322b48da8a4ceb2825b56649/volumes/cebd9695-8816-44bc-80b3-4bc254e27809
2025-08-18 20:57:48.422 23 INFO cinder.volume.api [None req-ae693f55-e302-47a1-b152-da839cd097b5 f2418cb7e83e47439de11d5b347dd964 3eb8ca6f322b48da8a4ceb2825b56649 - - default default] Volume info retrieved successfully.
2025-08-18 20:57:48.452 23 INFO cinder.api.openstack.wsgi [None req-ae693f55-e302-47a1-b152-da839cd097b5 f2418cb7e83e47439de11d5b347dd964 3eb8ca6f322b48da8a4ceb2825b56649 - - default default] http://[LB_IP_ADDRESS]:8776/v3/3eb8ca6f322b48da8a4ceb2825b56649/volumes/cebd9695-8816-44bc-80b3-4bc254e27809 returned with HTTP 200
2025-08-18 20:57:48.521 25 INFO cinder.api.openstack.wsgi [None req-332422e2-9acd-423b-a7be-462c4685b5fd 1766e99cdd6145128941ea3463625489 817d33e83d65460da583c9ec5cac90ac - - default default] GET http://[LB_IP_ADDRESS]:8776/v3/817d33e83d65460da583c9ec5cac90ac/volumes/621c92ee-72b0-4f53-bb98-f0d244130f5e
2025-08-18 20:57:48.546 25 INFO cinder.volume.api [None req-332422e2-9acd-423b-a7be-462c4685b5fd 1766e99cdd6145128941ea3463625489 817d33e83d65460da583c9ec5cac90ac - - default default] Volume info retrieved successfully.
2025-08-18 20:57:48.555 25 INFO cinder.api.openstack.wsgi [None req-332422e2-9acd-423b-a7be-462c4685b5fd 1766e99cdd6145128941ea3463625489 817d33e83d65460da583c9ec5cac90ac - - default default] http://[LB_IP_ADDRESS]:8776/v3/817d33e83d65460da583c9ec5cac90ac/volumes/621c92ee-72b0-4f53-bb98-f0d244130f5e returned with HTTP 200
2025-08-18 20:57:49.110 21 INFO cinder.api.openstack.wsgi [None req-0ef7d309-b629-4692-aa2b-eba19755e5c6 - - - - - -] GET http://[LB_IP_ADDRESS]:8776/
2025-08-18 20:57:49.112 21 INFO cinder.api.openstack.wsgi [None req-0ef7d309-b629-4692-aa2b-eba19755e5c6 - - - - - -] http://[LB_IP_ADDRESS]:8776/ returned with HTTP 300
2025-08-18 20:57:49.481 24 INFO cinder.api.openstack.wsgi [None req-e9f09ec5-cd6e-4fd1-8eff-926e20e49992 f2418cb7e83e47439de11d5b347dd964 3eb8ca6f322b48da8a4ceb2825b56649 - - default default] GET http://[LB_IP_ADDRESS]:8776/v3/3eb8ca6f322b48da8a4ceb2825b56649/volumes/cebd9695-8816-44bc-80b3-4bc254e27809
2025-08-18 20:57:49.506 24 INFO cinder.volume.api [None req-e9f09ec5-cd6e-4fd1-8eff-926e20e49992 f2418cb7e83e47439de11d5b347dd964 3eb8ca6f322b48da8a4ceb2825b56649 - - default default] Volume info retrieved successfully.
2025-08-18 20:57:49.536 24 INFO cinder.api.openstack.wsgi [None req-e9f09ec5-cd6e-4fd1-8eff-926e20e49992 f2418cb7e83e47439de11d5b347dd964 3eb8ca6f322b48da8a4ceb2825b56649 - - default default] http://[LB_IP_ADDRESS]:8776/v3/3eb8ca6f322b48da8a4ceb2825b56649/volumes/cebd9695-8816-44bc-80b3-4bc254e27809 returned with HTTP 200
2025-08-18 20:57:49.565 22 INFO cinder.api.openstack.wsgi [None req-772f3478-5f97-4a88-bf15-89a20739f54c f2418cb7e83e47439de11d5b347dd964 3eb8ca6f322b48da8a4ceb2825b56649 - - default default] PUT http://[LB_IP_ADDRESS]:8776/v3/3eb8ca6f322b48da8a4ceb2825b56649/groups/643b743a-17d5-4004-80cd-28f243ffbc1f
2025-08-18 20:57:49.570 22 INFO cinder.api.v3.groups [None req-772f3478-5f97-4a88-bf15-89a20739f54c f2418cb7e83e47439de11d5b347dd964 3eb8ca6f322b48da8a4ceb2825b56649 - - default default] Updating group 643b743a-17d5-4004-80cd-28f243ffbc1f with name None description: None add_volumes: None remove_volumes: 754d8136-b5b6-42de-b51e-53d9801a3206.
2025-08-18 20:57:49.584 23 INFO cinder.api.openstack.wsgi [None req-e700d1e2-313a-4622-9898-d6e3d0227182 1766e99cdd6145128941ea3463625489 817d33e83d65460da583c9ec5cac90ac - - default default] GET http://[LB_IP_ADDRESS]:8776/v3/817d33e83d65460da583c9ec5cac90ac/volumes/621c92ee-72b0-4f53-bb98-f0d244130f5e
2025-08-18 20:57:49.608 23 INFO cinder.volume.api [None req-e700d1e2-313a-4622-9898-d6e3d0227182 1766e99cdd6145128941ea3463625489 817d33e83d65460da583c9ec5cac90ac - - default default] Volume info retrieved successfully.
2025-08-18 20:57:49.611 22 INFO cinder.api.openstack.wsgi [None req-772f3478-5f97-4a88-bf15-89a20739f54c f2418cb7e83e47439de11d5b347dd964 3eb8ca6f322b48da8a4ceb2825b56649 - - default default] http://[LB_IP_ADDRESS]:8776/v3/3eb8ca6f322b48da8a4ceb2825b56649/groups/643b743a-17d5-4004-80cd-28f243ffbc1f returned with HTTP 202
2025-08-18 20:57:49.618 23 INFO cinder.api.openstack.wsgi [None req-e700d1e2-313a-4622-9898-d6e3d0227182 1766e99cdd6145128941ea3463625489 817d33e83d65460da583c9ec5cac90ac - - default default] http://[LB_IP_ADDRESS]:8776/v3/817d33e83d65460da583c9ec5cac90ac/volumes/621c92ee-72b0-4f53-bb98-f0d244130f5e returned with HTTP 200
2025-08-18 20:57:49.623 25 INFO cinder.api.openstack.wsgi [None req-184bef29-15b8-4370-a64e-ca91f4f4ced6 f2418cb7e83e47439de11d5b347dd964 3eb8ca6f322b48da8a4ceb2825b56649 - - default default] GET http://[LB_IP_ADDRESS]:8776/v3/3eb8ca6f322b48da8a4ceb2825b56649/groups/643b743a-17d5-4004-80cd-28f243ffbc1f
2025-08-18 20:57:49.647 25 INFO cinder.api.openstack.wsgi [None req-184bef29-15b8-4370-a64e-ca91f4f4ced6 f2418cb7e83e47439de11d5b347dd964 3eb8ca6f322b48da8a4ceb2825b56649 - - default default] http://[LB_IP_ADDRESS]:8776/v3/3eb8ca6f322b48da8a4ceb2825b56649/groups/643b743a-17d5-4004-80cd-28f243ffbc1f returned with HTTP 200
2025-08-18 20:57:49.667 21 INFO cinder.api.openstack.wsgi [None req-9d2368b1-c538-4660-b12d-630059a1eecb 379331630b9042c58e9307fc01fa9be3 b80419b04b3d4a9a89fb553082541be2 - - default default] GET http://[LB_IP_ADDRESS]:8776/v3/b80419b04b3d4a9a89fb553082541be2/os-quota-sets/817d33e83d65460da583c9ec5cac90ac?usage=True
2025-08-18 20:57:49.855 21 INFO cinder.api.openstack.wsgi [None req-9d2368b1-c538-4660-b12d-630059a1eecb 379331630b9042c58e9307fc01fa9be3 b80419b04b3d4a9a89fb553082541be2 - - default default] http://[LB_IP_ADDRESS]:8776/v3/b80419b04b3d4a9a89fb553082541be2/os-quota-sets/817d33e83d65460da583c9ec5cac90ac?usage=True returned with HTTP 200
2025-08-18 20:57:49.885 24 INFO cinder.api.openstack.wsgi [None req-5ad152ad-14aa-4577-bc51-fa15055cf19f 379331630b9042c58e9307fc01fa9be3 b80419b04b3d4a9a89fb553082541be2 - - default default] GET http://[LB_IP_ADDRESS]:8776/v3/b80419b04b3d4a9a89fb553082541be2/os-quota-sets/3b858640cec746ffbdf2c0ab2b9f2827?usage=True
2025-08-18 20:57:49.975 24 WARNING cinder.quota [None req-5ad152ad-14aa-4577-bc51-fa15055cf19f 379331630b9042c58e9307fc01fa9be3 b80419b04b3d4a9a89fb553082541be2 - - default default] Deprecated: Default quota for resource: volumes_tempest-GroupSnapshotsTest-volume-type-1772005553 is set by the default quota flag: quota_volumes_tempest-GroupSnapshotsTest-volume-type-1772005553, it is now deprecated. Please use the default quota class for default quota.
2025-08-18 20:57:49.976 24 WARNING cinder.quota [None req-5ad152ad-14aa-4577-bc51-fa15055cf19f 379331630b9042c58e9307fc01fa9be3 b80419b04b3d4a9a89fb553082541be2 - - default default] Deprecated: Default quota for resource: gigabytes_tempest-GroupSnapshotsTest-volume-type-1772005553 is set by the default quota flag: quota_gigabytes_tempest-GroupSnapshotsTest-volume-type-1772005553, it is now deprecated. Please use the default quota class for default quota.
2025-08-18 20:57:49.976 24 WARNING cinder.quota [None req-5ad152ad-14aa-4577-bc51-fa15055cf19f 379331630b9042c58e9307fc01fa9be3 b80419b04b3d4a9a89fb553082541be2 - - default default] Deprecated: Default quota for resource: snapshots_tempest-GroupSnapshotsTest-volume-type-1772005553 is set by the default quota flag: quota_snapshots_tempest-GroupSnapshotsTest-volume-type-1772005553, it is now deprecated. Please use the default quota class for default quota.
2025-08-18 20:57:50.047 24 INFO cinder.api.openstack.wsgi [None req-5ad152ad-14aa-4577-bc51-fa15055cf19f 379331630b9042c58e9307fc01fa9be3 b80419b04b3d4a9a89fb553082541be2 - - default default] http://[LB_IP_ADDRESS]:8776/v3/b80419b04b3d4a9a89fb553082541be2/os-quota-sets/3b858640cec746ffbdf2c0ab2b9f2827?usage=True returned with HTTP 200
2025-08-18 20:57:50.075 22 INFO cinder.api.openstack.wsgi [None req-6645c503-5412-4aaa-bf8c-4ac250795b5a 1766e99cdd6145128941ea3463625489 817d33e83d65460da583c9ec5cac90ac - - default default] POST http://[LB_IP_ADDRESS]:8776/v3/817d33e83d65460da583c9ec5cac90ac/os-volume-transfer
2025-08-18 20:57:50.079 22 INFO cinder.api.contrib.volume_transfer [None req-6645c503-5412-4aaa-bf8c-4ac250795b5a 1766e99cdd6145128941ea3463625489 817d33e83d65460da583c9ec5cac90ac - - default default] Creating transfer of volume 621c92ee-72b0-4f53-bb98-f0d244130f5e
2025-08-18 20:57:50.080 22 INFO cinder.transfer.api [None req-6645c503-5412-4aaa-bf8c-4ac250795b5a 1766e99cdd6145128941ea3463625489 817d33e83d65460da583c9ec5cac90ac - - default default] Generating transfer record for volume 621c92ee-72b0-4f53-bb98-f0d244130f5e
2025-08-18 20:57:50.112 22 INFO cinder.api.openstack.wsgi [None req-6645c503-5412-4aaa-bf8c-4ac250795b5a 1766e99cdd6145128941ea3463625489 817d33e83d65460da583c9ec5cac90ac - - default default] http://[LB_IP_ADDRESS]:8776/v3/817d33e83d65460da583c9ec5cac90ac/os-volume-transfer returned with HTTP 202
2025-08-18 20:57:50.364 23 INFO cinder.api.openstack.wsgi [None req-0c1fd412-f71d-4351-a32b-213d97c8bd0f 528c783eea7e4c96aa5223f96dfc0d86 3b858640cec746ffbdf2c0ab2b9f2827 - - default default] POST http://[LB_IP_ADDRESS]:8776/v3/3b858640cec746ffbdf2c0ab2b9f2827/os-volume-transfer/8fd81935-32d7-4626-b18f-1c0234f4c714/accept
2025-08-18 20:57:50.368 23 INFO cinder.api.contrib.volume_transfer [None req-0c1fd412-f71d-4351-a32b-213d97c8bd0f 528c783eea7e4c96aa5223f96dfc0d86 3b858640cec746ffbdf2c0ab2b9f2827 - - default default] Accepting transfer 8fd81935-32d7-4626-b18f-1c0234f4c714
2025-08-18 20:57:50.665 25 INFO cinder.api.openstack.wsgi [None req-8d884861-dbb5-454c-a15d-e319eab9bd0e f2418cb7e83e47439de11d5b347dd964 3eb8ca6f322b48da8a4ceb2825b56649 - - default default] GET http://[LB_IP_ADDRESS]:8776/v3/3eb8ca6f322b48da8a4ceb2825b56649/groups/643b743a-17d5-4004-80cd-28f243ffbc1f
2025-08-18 20:57:50.686 25 INFO cinder.api.openstack.wsgi [None req-8d884861-dbb5-454c-a15d-e319eab9bd0e f2418cb7e83e47439de11d5b347dd964 3eb8ca6f322b48da8a4ceb2825b56649 - - default default] http://[LB_IP_ADDRESS]:8776/v3/3eb8ca6f322b48da8a4ceb2825b56649/groups/643b743a-17d5-4004-80cd-28f243ffbc1f returned with HTTP 200
2025-08-18 20:57:50.702 21 INFO cinder.api.openstack.wsgi [None req-6221195c-5445-44c1-85ad-112924bc9873 f2418cb7e83e47439de11d5b347dd964 3eb8ca6f322b48da8a4ceb2825b56649 - - default default] PUT http://[LB_IP_ADDRESS]:8776/v3/3eb8ca6f322b48da8a4ceb2825b56649/groups/643b743a-17d5-4004-80cd-28f243ffbc1f
2025-08-18 20:57:50.707 21 INFO cinder.api.v3.groups [None req-6221195c-5445-44c1-85ad-112924bc9873 f2418cb7e83e47439de11d5b347dd964 3eb8ca6f322b48da8a4ceb2825b56649 - - default default] Updating group 643b743a-17d5-4004-80cd-28f243ffbc1f with name None description: None add_volumes: 754d8136-b5b6-42de-b51e-53d9801a3206 remove_volumes: None.
2025-08-18 20:57:50.766 21 INFO cinder.api.openstack.wsgi [None req-6221195c-5445-44c1-85ad-112924bc9873 f2418cb7e83e47439de11d5b347dd964 3eb8ca6f322b48da8a4ceb2825b56649 - - default default] http://[LB_IP_ADDRESS]:8776/v3/3eb8ca6f322b48da8a4ceb2825b56649/groups/643b743a-17d5-4004-80cd-28f243ffbc1f returned with HTTP 202
2025-08-18 20:57:50.777 24 INFO cinder.api.openstack.wsgi [None req-b785623c-5e3a-4976-aff8-b37be327284d f2418cb7e83e47439de11d5b347dd964 3eb8ca6f322b48da8a4ceb2825b56649 - - default default] GET http://[LB_IP_ADDRESS]:8776/v3/3eb8ca6f322b48da8a4ceb2825b56649/groups/643b743a-17d5-4004-80cd-28f243ffbc1f
2025-08-18 20:57:50.800 24 INFO cinder.api.openstack.wsgi [None req-b785623c-5e3a-4976-aff8-b37be327284d f2418cb7e83e47439de11d5b347dd964 3eb8ca6f322b48da8a4ceb2825b56649 - - default default] http://[LB_IP_ADDRESS]:8776/v3/3eb8ca6f322b48da8a4ceb2825b56649/groups/643b743a-17d5-4004-80cd-28f243ffbc1f returned with HTTP 200
2025-08-18 20:57:51.456 23 INFO cinder.volume.api [None req-0c1fd412-f71d-4351-a32b-213d97c8bd0f 528c783eea7e4c96aa5223f96dfc0d86 3b858640cec746ffbdf2c0ab2b9f2827 - - default default] Transfer volume completed successfully.
2025-08-18 20:57:51.562 23 INFO cinder.transfer.api [None req-0c1fd412-f71d-4351-a32b-213d97c8bd0f 528c783eea7e4c96aa5223f96dfc0d86 3b858640cec746ffbdf2c0ab2b9f2827 - - default default] Volume 621c92ee-72b0-4f53-bb98-f0d244130f5e has been transferred.
2025-08-18 20:57:51.578 23 INFO cinder.api.openstack.wsgi [None req-0c1fd412-f71d-4351-a32b-213d97c8bd0f 528c783eea7e4c96aa5223f96dfc0d86 3b858640cec746ffbdf2c0ab2b9f2827 - - default default] http://[LB_IP_ADDRESS]:8776/v3/3b858640cec746ffbdf2c0ab2b9f2827/os-volume-transfer/8fd81935-32d7-4626-b18f-1c0234f4c714/accept returned with HTTP 202
2025-08-18 20:57:51.592 25 INFO cinder.api.openstack.wsgi [None req-6dcdf2bb-9ced-4349-b5ff-3e2b3fc420b4 528c783eea7e4c96aa5223f96dfc0d86 3b858640cec746ffbdf2c0ab2b9f2827 - - default default] GET http://[LB_IP_ADDRESS]:8776/v3/3b858640cec746ffbdf2c0ab2b9f2827/volumes/621c92ee-72b0-4f53-bb98-f0d244130f5e
2025-08-18 20:57:51.612 25 INFO cinder.volume.api [None req-6dcdf2bb-9ced-4349-b5ff-3e2b3fc420b4 528c783eea7e4c96aa5223f96dfc0d86 3b858640cec746ffbdf2c0ab2b9f2827 - - default default] Volume info retrieved successfully.
2025-08-18 20:57:51.619 25 INFO cinder.api.openstack.wsgi [None req-6dcdf2bb-9ced-4349-b5ff-3e2b3fc420b4 528c783eea7e4c96aa5223f96dfc0d86 3b858640cec746ffbdf2c0ab2b9f2827 - - default default] http://[LB_IP_ADDRESS]:8776/v3/3b858640cec746ffbdf2c0ab2b9f2827/volumes/621c92ee-72b0-4f53-bb98-f0d244130f5e returned with HTTP 200
2025-08-18 20:57:51.648 21 INFO cinder.api.openstack.wsgi [None req-f0a16945-daf6-40df-a090-5b0edb8ecf29 379331630b9042c58e9307fc01fa9be3 b80419b04b3d4a9a89fb553082541be2 - - default default] GET http://[LB_IP_ADDRESS]:8776/v3/b80419b04b3d4a9a89fb553082541be2/os-quota-sets/817d33e83d65460da583c9ec5cac90ac?usage=True
2025-08-18 20:57:51.739 22 INFO cinder.api.openstack.wsgi [None req-aa62fce0-9489-4053-a941-0135c7b3bb74 bf81f7c1062648aeb66516ec551cc90b 8280e144537d4d82941e92298d868af0 - - default default] POST http://[LB_IP_ADDRESS]:8776/v3/8280e144537d4d82941e92298d868af0/types
2025-08-18 20:57:51.771 22 INFO cinder.api.openstack.wsgi [None req-aa62fce0-9489-4053-a941-0135c7b3bb74 bf81f7c1062648aeb66516ec551cc90b 8280e144537d4d82941e92298d868af0 - - default default] http://[LB_IP_ADDRESS]:8776/v3/8280e144537d4d82941e92298d868af0/types returned with HTTP 200
2025-08-18 20:57:51.786 24 INFO cinder.api.openstack.wsgi [None req-e4bb6a98-7cfb-4cd9-b04d-5459e7fa9575 bf81f7c1062648aeb66516ec551cc90b 8280e144537d4d82941e92298d868af0 - - default default] POST http://[LB_IP_ADDRESS]:8776/v3/8280e144537d4d82941e92298d868af0/group_types
2025-08-18 20:57:51.813 24 INFO cinder.api.openstack.wsgi [None req-e4bb6a98-7cfb-4cd9-b04d-5459e7fa9575 bf81f7c1062648aeb66516ec551cc90b 8280e144537d4d82941e92298d868af0 - - default default] http://[LB_IP_ADDRESS]:8776/v3/8280e144537d4d82941e92298d868af0/group_types returned with HTTP 202
2025-08-18 20:57:51.818 23 INFO cinder.api.openstack.wsgi [None req-590b33a7-159f-4e4c-bd0a-9d5b367574f3 f2418cb7e83e47439de11d5b347dd964 3eb8ca6f322b48da8a4ceb2825b56649 - - default default] GET http://[LB_IP_ADDRESS]:8776/v3/3eb8ca6f322b48da8a4ceb2825b56649/groups/643b743a-17d5-4004-80cd-28f243ffbc1f
2025-08-18 20:57:51.870 23 INFO cinder.api.openstack.wsgi [None req-590b33a7-159f-4e4c-bd0a-9d5b367574f3 f2418cb7e83e47439de11d5b347dd964 3eb8ca6f322b48da8a4ceb2825b56649 - - default default] http://[LB_IP_ADDRESS]:8776/v3/3eb8ca6f322b48da8a4ceb2825b56649/groups/643b743a-17d5-4004-80cd-28f243ffbc1f returned with HTTP 200
2025-08-18 20:57:51.890 22 INFO cinder.api.openstack.wsgi [None req-fc47dda0-023f-4acb-974c-80c8d1c8dd63 f2418cb7e83e47439de11d5b347dd964 3eb8ca6f322b48da8a4ceb2825b56649 - - default default] PUT http://[LB_IP_ADDRESS]:8776/v3/3eb8ca6f322b48da8a4ceb2825b56649/groups/643b743a-17d5-4004-80cd-28f243ffbc1f
2025-08-18 20:57:51.895 22 INFO cinder.api.v3.groups [None req-fc47dda0-023f-4acb-974c-80c8d1c8dd63 f2418cb7e83e47439de11d5b347dd964 3eb8ca6f322b48da8a4ceb2825b56649 - - default default] Updating group 643b743a-17d5-4004-80cd-28f243ffbc1f with name None description: None add_volumes: None remove_volumes: cebd9695-8816-44bc-80b3-4bc254e27809.
2025-08-18 20:57:51.928 22 INFO cinder.api.openstack.wsgi [None req-fc47dda0-023f-4acb-974c-80c8d1c8dd63 f2418cb7e83e47439de11d5b347dd964 3eb8ca6f322b48da8a4ceb2825b56649 - - default default] http://[LB_IP_ADDRESS]:8776/v3/3eb8ca6f322b48da8a4ceb2825b56649/groups/643b743a-17d5-4004-80cd-28f243ffbc1f returned with HTTP 202
2025-08-18 20:57:51.938 24 INFO cinder.api.openstack.wsgi [None req-1b1d7a03-5356-42a9-b9db-f35a3f453c44 f2418cb7e83e47439de11d5b347dd964 3eb8ca6f322b48da8a4ceb2825b56649 - - default default] GET http://[LB_IP_ADDRESS]:8776/v3/3eb8ca6f322b48da8a4ceb2825b56649/groups/643b743a-17d5-4004-80cd-28f243ffbc1f
2025-08-18 20:57:51.957 24 INFO cinder.api.openstack.wsgi [None req-1b1d7a03-5356-42a9-b9db-f35a3f453c44 f2418cb7e83e47439de11d5b347dd964 3eb8ca6f322b48da8a4ceb2825b56649 - - default default] http://[LB_IP_ADDRESS]:8776/v3/3eb8ca6f322b48da8a4ceb2825b56649/groups/643b743a-17d5-4004-80cd-28f243ffbc1f returned with HTTP 200
2025-08-18 20:57:51.989 25 INFO cinder.api.openstack.wsgi [None req-544ab1ed-9e40-410c-889a-018d7422cdcc e4c8e2f533824aeab6406a0078255a34 a92a62935ea14a9db7ab4c620709e865 - - default default] POST http://[LB_IP_ADDRESS]:8776/v3/a92a62935ea14a9db7ab4c620709e865/groups
2025-08-18 20:57:52.002 25 INFO cinder.api.v3.groups [None req-544ab1ed-9e40-410c-889a-018d7422cdcc e4c8e2f533824aeab6406a0078255a34 a92a62935ea14a9db7ab4c620709e865 - - default default] Creating group tempest-GroupsV314Test-Group-547425464.
2025-08-18 20:57:52.020 25 INFO cinder.volume.api [None req-544ab1ed-9e40-410c-889a-018d7422cdcc e4c8e2f533824aeab6406a0078255a34 a92a62935ea14a9db7ab4c620709e865 - - default default] Availability Zones retrieved successfully.
2025-08-18 20:57:52.103 21 INFO cinder.api.openstack.wsgi [None req-f0a16945-daf6-40df-a090-5b0edb8ecf29 379331630b9042c58e9307fc01fa9be3 b80419b04b3d4a9a89fb553082541be2 - - default default] http://[LB_IP_ADDRESS]:8776/v3/b80419b04b3d4a9a89fb553082541be2/os-quota-sets/817d33e83d65460da583c9ec5cac90ac?usage=True returned with HTTP 200
2025-08-18 20:57:52.132 23 INFO cinder.api.openstack.wsgi [None req-5bd0312d-2bfa-44b4-a60c-bc9319f9e651 379331630b9042c58e9307fc01fa9be3 b80419b04b3d4a9a89fb553082541be2 - - default default] GET http://[LB_IP_ADDRESS]:8776/v3/b80419b04b3d4a9a89fb553082541be2/os-quota-sets/3b858640cec746ffbdf2c0ab2b9f2827?usage=True
2025-08-18 20:57:52.152 25 INFO cinder.api.openstack.wsgi [None req-544ab1ed-9e40-410c-889a-018d7422cdcc e4c8e2f533824aeab6406a0078255a34 a92a62935ea14a9db7ab4c620709e865 - - default default] http://[LB_IP_ADDRESS]:8776/v3/a92a62935ea14a9db7ab4c620709e865/groups returned with HTTP 202
2025-08-18 20:57:52.166 22 INFO cinder.api.openstack.wsgi [None req-8ebc660c-9fa8-483f-9179-fea7785b1cf0 e4c8e2f533824aeab6406a0078255a34 a92a62935ea14a9db7ab4c620709e865 - - default default] GET http://[LB_IP_ADDRESS]:8776/v3/a92a62935ea14a9db7ab4c620709e865/groups/a4a1293e-526f-4541-af71-1dca97222d2d
2025-08-18 20:57:52.191 22 INFO cinder.api.openstack.wsgi [None req-8ebc660c-9fa8-483f-9179-fea7785b1cf0 e4c8e2f533824aeab6406a0078255a34 a92a62935ea14a9db7ab4c620709e865 - - default default] http://[LB_IP_ADDRESS]:8776/v3/a92a62935ea14a9db7ab4c620709e865/groups/a4a1293e-526f-4541-af71-1dca97222d2d returned with HTTP 200
2025-08-18 20:57:52.234 23 WARNING cinder.quota [None req-5bd0312d-2bfa-44b4-a60c-bc9319f9e651 379331630b9042c58e9307fc01fa9be3 b80419b04b3d4a9a89fb553082541be2 - - default default] Deprecated: Default quota for resource: volumes_tempest-GroupsV314Test-volume-type-820266556 is set by the default quota flag: quota_volumes_tempest-GroupsV314Test-volume-type-820266556, it is now deprecated. Please use the default quota class for default quota.
2025-08-18 20:57:52.235 23 WARNING cinder.quota [None req-5bd0312d-2bfa-44b4-a60c-bc9319f9e651 379331630b9042c58e9307fc01fa9be3 b80419b04b3d4a9a89fb553082541be2 - - default default] Deprecated: Default quota for resource: gigabytes_tempest-GroupsV314Test-volume-type-820266556 is set by the default quota flag: quota_gigabytes_tempest-GroupsV314Test-volume-type-820266556, it is now deprecated. Please use the default quota class for default quota.
2025-08-18 20:57:52.236 23 WARNING cinder.quota [None req-5bd0312d-2bfa-44b4-a60c-bc9319f9e651 379331630b9042c58e9307fc01fa9be3 b80419b04b3d4a9a89fb553082541be2 - - default default] Deprecated: Default quota for resource: snapshots_tempest-GroupsV314Test-volume-type-820266556 is set by the default quota flag: quota_snapshots_tempest-GroupsV314Test-volume-type-820266556, it is now deprecated. Please use the default quota class for default quota.
