2026-04-17 14:55:40.631 73 INFO cinder.api.openstack.wsgi [None req-c002c9b4-5010-4c10-a48f-a3ade3779f00 1e6316bd281f456b9970d47b3a2ddf1c d64a757d3df3491fbafd98aeef610358 - - default default] GET http://[LB_IP_ADDRESS]:8776/v3/d64a757d3df3491fbafd98aeef610358/volumes/4e335914-8f7d-4cf2-b5af-05031dc339f9
2026-04-17 14:55:40.654 73 INFO cinder.volume.api [None req-c002c9b4-5010-4c10-a48f-a3ade3779f00 1e6316bd281f456b9970d47b3a2ddf1c d64a757d3df3491fbafd98aeef610358 - - default default] Volume info retrieved successfully.
2026-04-17 14:55:40.664 73 INFO cinder.api.openstack.wsgi [None req-c002c9b4-5010-4c10-a48f-a3ade3779f00 1e6316bd281f456b9970d47b3a2ddf1c d64a757d3df3491fbafd98aeef610358 - - default default] http://[LB_IP_ADDRESS]:8776/v3/d64a757d3df3491fbafd98aeef610358/volumes/4e335914-8f7d-4cf2-b5af-05031dc339f9 returned with HTTP 200
2026-04-17 14:55:40.688 76 INFO cinder.api.openstack.wsgi [None req-983c251d-0f04-41b2-a104-8c1ec8c365c2 cf4914a42b574731bbdea6024cd1c26d 89838540e7a64696b9861381414bdbc3 - - default default] PUT http://[LB_IP_ADDRESS]:8776/v3/89838540e7a64696b9861381414bdbc3/os-quota-sets/d64a757d3df3491fbafd98aeef610358
2026-04-17 14:55:40.812 76 WARNING cinder.quota [None req-983c251d-0f04-41b2-a104-8c1ec8c365c2 cf4914a42b574731bbdea6024cd1c26d 89838540e7a64696b9861381414bdbc3 - - default default] Deprecated: Default quota for resource: volumes_tempest-UserMessagesTest-volume-type-50459536 is set by the default quota flag: quota_volumes_tempest-UserMessagesTest-volume-type-50459536, it is now deprecated. Please use the default quota class for default quota.
2026-04-17 14:55:40.813 76 WARNING cinder.quota [None req-983c251d-0f04-41b2-a104-8c1ec8c365c2 cf4914a42b574731bbdea6024cd1c26d 89838540e7a64696b9861381414bdbc3 - - default default] Deprecated: Default quota for resource: gigabytes_tempest-UserMessagesTest-volume-type-50459536 is set by the default quota flag: quota_gigabytes_tempest-UserMessagesTest-volume-type-50459536, it is now deprecated. Please use the default quota class for default quota.
2026-04-17 14:55:40.814 76 WARNING cinder.quota [None req-983c251d-0f04-41b2-a104-8c1ec8c365c2 cf4914a42b574731bbdea6024cd1c26d 89838540e7a64696b9861381414bdbc3 - - default default] Deprecated: Default quota for resource: snapshots_tempest-UserMessagesTest-volume-type-50459536 is set by the default quota flag: quota_snapshots_tempest-UserMessagesTest-volume-type-50459536, it is now deprecated. Please use the default quota class for default quota.
2026-04-17 14:55:40.847 76 INFO cinder.api.openstack.wsgi [None req-983c251d-0f04-41b2-a104-8c1ec8c365c2 cf4914a42b574731bbdea6024cd1c26d 89838540e7a64696b9861381414bdbc3 - - default default] http://[LB_IP_ADDRESS]:8776/v3/89838540e7a64696b9861381414bdbc3/os-quota-sets/d64a757d3df3491fbafd98aeef610358 returned with HTTP 200
2026-04-17 14:55:40.861 74 INFO cinder.api.openstack.wsgi [None req-48ad559b-91cc-4e3d-ac8a-8051d2ff6fc3 1e6316bd281f456b9970d47b3a2ddf1c d64a757d3df3491fbafd98aeef610358 - - default default] POST http://[LB_IP_ADDRESS]:8776/v3/d64a757d3df3491fbafd98aeef610358/volumes
2026-04-17 14:55:40.864 74 INFO cinder.api.v3.volumes [None req-48ad559b-91cc-4e3d-ac8a-8051d2ff6fc3 1e6316bd281f456b9970d47b3a2ddf1c d64a757d3df3491fbafd98aeef610358 - - default default] Create volume of 2 GB
2026-04-17 14:55:40.879 74 INFO cinder.volume.api [None req-48ad559b-91cc-4e3d-ac8a-8051d2ff6fc3 1e6316bd281f456b9970d47b3a2ddf1c d64a757d3df3491fbafd98aeef610358 - - default default] Availability Zones retrieved successfully.
2026-04-17 14:55:40.971 72 INFO cinder.api.openstack.wsgi [None req-d8be4371-4b5b-4ab9-9089-37b24135021b 9bea973ac3c644939e4b266f062511f2 c061117b32ae4fe3869160babe1320b5 - - default default] GET http://[LB_IP_ADDRESS]:8776/v3/c061117b32ae4fe3869160babe1320b5/volumes/d0156e35-f247-47f9-9ea2-2387a8a1ef09
2026-04-17 14:55:40.993 72 INFO cinder.volume.api [None req-d8be4371-4b5b-4ab9-9089-37b24135021b 9bea973ac3c644939e4b266f062511f2 c061117b32ae4fe3869160babe1320b5 - - default default] Volume info retrieved successfully.
2026-04-17 14:55:41.003 72 INFO cinder.api.openstack.wsgi [None req-d8be4371-4b5b-4ab9-9089-37b24135021b 9bea973ac3c644939e4b266f062511f2 c061117b32ae4fe3869160babe1320b5 - - default default] http://[LB_IP_ADDRESS]:8776/v3/c061117b32ae4fe3869160babe1320b5/volumes/d0156e35-f247-47f9-9ea2-2387a8a1ef09 returned with HTTP 200
2026-04-17 14:55:41.025 75 INFO cinder.api.openstack.wsgi [None req-53a01844-cc34-43f5-885f-16ac0e48513a 9bea973ac3c644939e4b266f062511f2 c061117b32ae4fe3869160babe1320b5 - - default default] GET http://[LB_IP_ADDRESS]:8776/v3/c061117b32ae4fe3869160babe1320b5/messages
2026-04-17 14:55:41.033 75 INFO cinder.api.openstack.wsgi [None req-53a01844-cc34-43f5-885f-16ac0e48513a 9bea973ac3c644939e4b266f062511f2 c061117b32ae4fe3869160babe1320b5 - - default default] http://[LB_IP_ADDRESS]:8776/v3/c061117b32ae4fe3869160babe1320b5/messages returned with HTTP 200
2026-04-17 14:55:41.049 73 INFO cinder.api.openstack.wsgi [None req-52102f72-6f5f-4ee9-a28d-f0804923cc9c 9bea973ac3c644939e4b266f062511f2 c061117b32ae4fe3869160babe1320b5 - - default default] DELETE http://[LB_IP_ADDRESS]:8776/v3/c061117b32ae4fe3869160babe1320b5/messages/42fe59d7-ff3d-470f-b19e-d14417e3dcc9
2026-04-17 14:55:41.061 73 INFO cinder.api.openstack.wsgi [None req-52102f72-6f5f-4ee9-a28d-f0804923cc9c 9bea973ac3c644939e4b266f062511f2 c061117b32ae4fe3869160babe1320b5 - - default default] http://[LB_IP_ADDRESS]:8776/v3/c061117b32ae4fe3869160babe1320b5/messages/42fe59d7-ff3d-470f-b19e-d14417e3dcc9 returned with HTTP 204
2026-04-17 14:55:41.072 76 INFO cinder.api.openstack.wsgi [None req-cda5b1ca-0d38-4ce2-b8c1-5367ce7f4052 9bea973ac3c644939e4b266f062511f2 c061117b32ae4fe3869160babe1320b5 - - default default] GET http://[LB_IP_ADDRESS]:8776/v3/c061117b32ae4fe3869160babe1320b5/messages/42fe59d7-ff3d-470f-b19e-d14417e3dcc9
2026-04-17 14:55:41.078 76 INFO cinder.api.openstack.wsgi [None req-cda5b1ca-0d38-4ce2-b8c1-5367ce7f4052 9bea973ac3c644939e4b266f062511f2 c061117b32ae4fe3869160babe1320b5 - - default default] http://[LB_IP_ADDRESS]:8776/v3/c061117b32ae4fe3869160babe1320b5/messages/42fe59d7-ff3d-470f-b19e-d14417e3dcc9 returned with HTTP 404
2026-04-17 14:55:41.089 74 WARNING cinder.quota_utils [None req-48ad559b-91cc-4e3d-ac8a-8051d2ff6fc3 1e6316bd281f456b9970d47b3a2ddf1c d64a757d3df3491fbafd98aeef610358 - - default default] Quota exceeded for d64a757d3df3491fbafd98aeef610358, tried to create 2G volume (1G of 1G already consumed).: cinder.exception.OverQuota: Quota exceeded for resources: ['gigabytes']
2026-04-17 14:55:41.090 72 INFO cinder.api.openstack.wsgi [None req-f70ef61c-6469-492b-8d7e-72523cfe8580 9bea973ac3c644939e4b266f062511f2 c061117b32ae4fe3869160babe1320b5 - - default default] GET http://[LB_IP_ADDRESS]:8776/v3/c061117b32ae4fe3869160babe1320b5/volumes/d0156e35-f247-47f9-9ea2-2387a8a1ef09
2026-04-17 14:55:41.092 74 WARNING cinder.volume.api [None req-48ad559b-91cc-4e3d-ac8a-8051d2ff6fc3 1e6316bd281f456b9970d47b3a2ddf1c d64a757d3df3491fbafd98aeef610358 - - default default] Task 'cinder.volume.flows.api.create_volume.QuotaReserveTask;volume:create' (65d00279-3311-4fa8-ac57-4386a869867a) transitioned into state 'FAILURE' from state 'RUNNING'

Failure: cinder.exception.VolumeSizeExceedsAvailableQuota: Requested volume or snapshot exceeds allowed gigabytes quota. Requested 2G, quota is 1G and 1G has been consumed.
2026-04-17 14:55:41.096 74 WARNING cinder.volume.api [None req-48ad559b-91cc-4e3d-ac8a-8051d2ff6fc3 1e6316bd281f456b9970d47b3a2ddf1c d64a757d3df3491fbafd98aeef610358 - - default default] Task 'cinder.volume.flows.api.create_volume.QuotaReserveTask;volume:create' (65d00279-3311-4fa8-ac57-4386a869867a) transitioned into state 'REVERTED' from state 'REVERTING'
2026-04-17 14:55:41.098 74 WARNING cinder.volume.api [None req-48ad559b-91cc-4e3d-ac8a-8051d2ff6fc3 1e6316bd281f456b9970d47b3a2ddf1c d64a757d3df3491fbafd98aeef610358 - - default default] Task 'cinder.volume.flows.api.create_volume.ExtractVolumeRequestTask;volume:create' (522b8120-a1d2-49a0-b800-e660dc0c4277) transitioned into state 'REVERTED' from state 'REVERTING'
2026-04-17 14:55:41.099 74 WARNING cinder.volume.api [None req-48ad559b-91cc-4e3d-ac8a-8051d2ff6fc3 1e6316bd281f456b9970d47b3a2ddf1c d64a757d3df3491fbafd98aeef610358 - - default default] Flow 'volume_create_api' (0d8616a4-fb75-40b6-a620-504ab965d5bf) transitioned into state 'REVERTED' from state 'RUNNING'
2026-04-17 14:55:41.099 74 INFO cinder.api.middleware.fault [None req-48ad559b-91cc-4e3d-ac8a-8051d2ff6fc3 1e6316bd281f456b9970d47b3a2ddf1c d64a757d3df3491fbafd98aeef610358 - - default default] http://[LB_IP_ADDRESS]:8776/v3/d64a757d3df3491fbafd98aeef610358/volumes returned with HTTP 413
2026-04-17 14:55:41.111 72 INFO cinder.volume.api [None req-f70ef61c-6469-492b-8d7e-72523cfe8580 9bea973ac3c644939e4b266f062511f2 c061117b32ae4fe3869160babe1320b5 - - default default] Volume info retrieved successfully.
2026-04-17 14:55:41.115 75 INFO cinder.api.openstack.wsgi [None req-3a453520-da23-45bd-b85d-ca00978c2e55 cf4914a42b574731bbdea6024cd1c26d 89838540e7a64696b9861381414bdbc3 - - default default] PUT http://[LB_IP_ADDRESS]:8776/v3/89838540e7a64696b9861381414bdbc3/os-quota-sets/d64a757d3df3491fbafd98aeef610358
2026-04-17 14:55:41.120 72 INFO cinder.api.openstack.wsgi [None req-f70ef61c-6469-492b-8d7e-72523cfe8580 9bea973ac3c644939e4b266f062511f2 c061117b32ae4fe3869160babe1320b5 - - default default] http://[LB_IP_ADDRESS]:8776/v3/c061117b32ae4fe3869160babe1320b5/volumes/d0156e35-f247-47f9-9ea2-2387a8a1ef09 returned with HTTP 200
2026-04-17 14:55:41.140 73 INFO cinder.api.openstack.wsgi [None req-76f752ed-0fc3-4d11-ba68-8e6c761cc2fe 9bea973ac3c644939e4b266f062511f2 c061117b32ae4fe3869160babe1320b5 - - default default] DELETE http://[LB_IP_ADDRESS]:8776/v3/c061117b32ae4fe3869160babe1320b5/volumes/d0156e35-f247-47f9-9ea2-2387a8a1ef09
2026-04-17 14:55:41.141 73 INFO cinder.api.v3.volumes [None req-76f752ed-0fc3-4d11-ba68-8e6c761cc2fe 9bea973ac3c644939e4b266f062511f2 c061117b32ae4fe3869160babe1320b5 - - default default] Delete volume with id: d0156e35-f247-47f9-9ea2-2387a8a1ef09 
2026-04-17 14:55:41.158 73 INFO cinder.volume.api [None req-76f752ed-0fc3-4d11-ba68-8e6c761cc2fe 9bea973ac3c644939e4b266f062511f2 c061117b32ae4fe3869160babe1320b5 - - default default] Volume info retrieved successfully.
2026-04-17 14:55:41.219 73 WARNING cinder.quota [None req-76f752ed-0fc3-4d11-ba68-8e6c761cc2fe 9bea973ac3c644939e4b266f062511f2 c061117b32ae4fe3869160babe1320b5 - - default default] Deprecated: Default quota for resource: volumes_tempest-UserMessagesTest-volume-type-50459536 is set by the default quota flag: quota_volumes_tempest-UserMessagesTest-volume-type-50459536, it is now deprecated. Please use the default quota class for default quota.
2026-04-17 14:55:41.220 73 WARNING cinder.quota [None req-76f752ed-0fc3-4d11-ba68-8e6c761cc2fe 9bea973ac3c644939e4b266f062511f2 c061117b32ae4fe3869160babe1320b5 - - default default] Deprecated: Default quota for resource: gigabytes_tempest-UserMessagesTest-volume-type-50459536 is set by the default quota flag: quota_gigabytes_tempest-UserMessagesTest-volume-type-50459536, it is now deprecated. Please use the default quota class for default quota.
2026-04-17 14:55:41.247 75 WARNING cinder.quota [None req-3a453520-da23-45bd-b85d-ca00978c2e55 cf4914a42b574731bbdea6024cd1c26d 89838540e7a64696b9861381414bdbc3 - - default default] Deprecated: Default quota for resource: volumes_tempest-UserMessagesTest-volume-type-50459536 is set by the default quota flag: quota_volumes_tempest-UserMessagesTest-volume-type-50459536, it is now deprecated. Please use the default quota class for default quota.
2026-04-17 14:55:41.247 75 WARNING cinder.quota [None req-3a453520-da23-45bd-b85d-ca00978c2e55 cf4914a42b574731bbdea6024cd1c26d 89838540e7a64696b9861381414bdbc3 - - default default] Deprecated: Default quota for resource: gigabytes_tempest-UserMessagesTest-volume-type-50459536 is set by the default quota flag: quota_gigabytes_tempest-UserMessagesTest-volume-type-50459536, it is now deprecated. Please use the default quota class for default quota.
2026-04-17 14:55:41.248 75 WARNING cinder.quota [None req-3a453520-da23-45bd-b85d-ca00978c2e55 cf4914a42b574731bbdea6024cd1c26d 89838540e7a64696b9861381414bdbc3 - - default default] Deprecated: Default quota for resource: snapshots_tempest-UserMessagesTest-volume-type-50459536 is set by the default quota flag: quota_snapshots_tempest-UserMessagesTest-volume-type-50459536, it is now deprecated. Please use the default quota class for default quota.
2026-04-17 14:55:41.262 73 INFO cinder.volume.api [None req-76f752ed-0fc3-4d11-ba68-8e6c761cc2fe 9bea973ac3c644939e4b266f062511f2 c061117b32ae4fe3869160babe1320b5 - - default default] Delete volume request issued successfully.
2026-04-17 14:55:41.263 73 INFO cinder.api.openstack.wsgi [None req-76f752ed-0fc3-4d11-ba68-8e6c761cc2fe 9bea973ac3c644939e4b266f062511f2 c061117b32ae4fe3869160babe1320b5 - - default default] http://[LB_IP_ADDRESS]:8776/v3/c061117b32ae4fe3869160babe1320b5/volumes/d0156e35-f247-47f9-9ea2-2387a8a1ef09 returned with HTTP 202
2026-04-17 14:55:41.274 76 INFO cinder.api.openstack.wsgi [None req-5beffe88-7dc3-47e2-bc8b-32a034b21a27 9bea973ac3c644939e4b266f062511f2 c061117b32ae4fe3869160babe1320b5 - - default default] GET http://[LB_IP_ADDRESS]:8776/v3/c061117b32ae4fe3869160babe1320b5/volumes/d0156e35-f247-47f9-9ea2-2387a8a1ef09
2026-04-17 14:55:41.282 75 INFO cinder.api.openstack.wsgi [None req-3a453520-da23-45bd-b85d-ca00978c2e55 cf4914a42b574731bbdea6024cd1c26d 89838540e7a64696b9861381414bdbc3 - - default default] http://[LB_IP_ADDRESS]:8776/v3/89838540e7a64696b9861381414bdbc3/os-quota-sets/d64a757d3df3491fbafd98aeef610358 returned with HTTP 200
2026-04-17 14:55:41.287 76 INFO cinder.api.openstack.wsgi [None req-5beffe88-7dc3-47e2-bc8b-32a034b21a27 9bea973ac3c644939e4b266f062511f2 c061117b32ae4fe3869160babe1320b5 - - default default] http://[LB_IP_ADDRESS]:8776/v3/c061117b32ae4fe3869160babe1320b5/volumes/d0156e35-f247-47f9-9ea2-2387a8a1ef09 returned with HTTP 404
2026-04-17 14:55:41.296 74 INFO cinder.api.openstack.wsgi [None req-307ea801-b7ff-4e42-9669-f0cda38ad97a 1e6316bd281f456b9970d47b3a2ddf1c d64a757d3df3491fbafd98aeef610358 - - default default] POST http://[LB_IP_ADDRESS]:8776/v3/d64a757d3df3491fbafd98aeef610358/volumes
2026-04-17 14:55:41.299 72 INFO cinder.api.openstack.wsgi [None req-541a8d8a-109f-4eec-beae-05bd1c87f23a 8c311de81ebb4cc898d4a74a86f9b960 1a5aac2410ef465baa95db05d5dba233 - - default default] DELETE http://[LB_IP_ADDRESS]:8776/v3/1a5aac2410ef465baa95db05d5dba233/types/7f366e61-52ed-4ab7-ad09-05c2d4953af6
2026-04-17 14:55:41.300 74 INFO cinder.api.v3.volumes [None req-307ea801-b7ff-4e42-9669-f0cda38ad97a 1e6316bd281f456b9970d47b3a2ddf1c d64a757d3df3491fbafd98aeef610358 - - default default] Create volume of 1 GB
2026-04-17 14:55:41.309 74 INFO cinder.volume.api [None req-307ea801-b7ff-4e42-9669-f0cda38ad97a 1e6316bd281f456b9970d47b3a2ddf1c d64a757d3df3491fbafd98aeef610358 - - default default] Availability Zones retrieved successfully.
2026-04-17 14:55:41.350 72 INFO cinder.api.openstack.wsgi [None req-541a8d8a-109f-4eec-beae-05bd1c87f23a 8c311de81ebb4cc898d4a74a86f9b960 1a5aac2410ef465baa95db05d5dba233 - - default default] http://[LB_IP_ADDRESS]:8776/v3/1a5aac2410ef465baa95db05d5dba233/types/7f366e61-52ed-4ab7-ad09-05c2d4953af6 returned with HTTP 202
2026-04-17 14:55:41.360 73 INFO cinder.api.openstack.wsgi [None req-9e10283a-df75-490c-9e3d-b2d2e0897d2b 8c311de81ebb4cc898d4a74a86f9b960 1a5aac2410ef465baa95db05d5dba233 - - default default] GET http://[LB_IP_ADDRESS]:8776/v3/1a5aac2410ef465baa95db05d5dba233/types/7f366e61-52ed-4ab7-ad09-05c2d4953af6
2026-04-17 14:55:41.364 73 INFO cinder.api.openstack.wsgi [None req-9e10283a-df75-490c-9e3d-b2d2e0897d2b 8c311de81ebb4cc898d4a74a86f9b960 1a5aac2410ef465baa95db05d5dba233 - - default default] http://[LB_IP_ADDRESS]:8776/v3/1a5aac2410ef465baa95db05d5dba233/types/7f366e61-52ed-4ab7-ad09-05c2d4953af6 returned with HTTP 404
2026-04-17 14:55:41.377 75 INFO cinder.api.openstack.wsgi [None req-ddd7b0cf-f9fa-4d6c-8145-406de9771037 8c311de81ebb4cc898d4a74a86f9b960 1a5aac2410ef465baa95db05d5dba233 - - default default] POST http://[LB_IP_ADDRESS]:8776/v3/1a5aac2410ef465baa95db05d5dba233/types
2026-04-17 14:55:41.405 75 INFO cinder.api.openstack.wsgi [None req-ddd7b0cf-f9fa-4d6c-8145-406de9771037 8c311de81ebb4cc898d4a74a86f9b960 1a5aac2410ef465baa95db05d5dba233 - - default default] http://[LB_IP_ADDRESS]:8776/v3/1a5aac2410ef465baa95db05d5dba233/types returned with HTTP 200
2026-04-17 14:55:41.420 76 INFO cinder.api.openstack.wsgi [None req-da1ae357-f26a-4aab-a46a-a12bef227fe3 9bea973ac3c644939e4b266f062511f2 c061117b32ae4fe3869160babe1320b5 - - default default] POST http://[LB_IP_ADDRESS]:8776/v3/c061117b32ae4fe3869160babe1320b5/volumes
2026-04-17 14:55:41.429 76 INFO cinder.api.v3.volumes [None req-da1ae357-f26a-4aab-a46a-a12bef227fe3 9bea973ac3c644939e4b266f062511f2 c061117b32ae4fe3869160babe1320b5 - - default default] Create volume of 1 GB
2026-04-17 14:55:41.431 76 INFO cinder.volume.api [None req-da1ae357-f26a-4aab-a46a-a12bef227fe3 9bea973ac3c644939e4b266f062511f2 c061117b32ae4fe3869160babe1320b5 - - default default] Availability Zones retrieved successfully.
2026-04-17 14:55:41.497 74 WARNING cinder.quota_utils [None req-307ea801-b7ff-4e42-9669-f0cda38ad97a 1e6316bd281f456b9970d47b3a2ddf1c d64a757d3df3491fbafd98aeef610358 - - default default] Quota exceeded for d64a757d3df3491fbafd98aeef610358, tried to create volume (1 volumes already consumed).: cinder.exception.OverQuota: Quota exceeded for resources: ['volumes']
2026-04-17 14:55:41.500 74 WARNING cinder.volume.api [None req-307ea801-b7ff-4e42-9669-f0cda38ad97a 1e6316bd281f456b9970d47b3a2ddf1c d64a757d3df3491fbafd98aeef610358 - - default default] Task 'cinder.volume.flows.api.create_volume.QuotaReserveTask;volume:create' (3ef9ff6f-df96-413a-a75c-d9830d40b296) transitioned into state 'FAILURE' from state 'RUNNING'

Failure: cinder.exception.VolumeLimitExceeded: Maximum number of volumes allowed (1) exceeded for quota 'volumes'.
2026-04-17 14:55:41.503 74 WARNING cinder.volume.api [None req-307ea801-b7ff-4e42-9669-f0cda38ad97a 1e6316bd281f456b9970d47b3a2ddf1c d64a757d3df3491fbafd98aeef610358 - - default default] Task 'cinder.volume.flows.api.create_volume.QuotaReserveTask;volume:create' (3ef9ff6f-df96-413a-a75c-d9830d40b296) transitioned into state 'REVERTED' from state 'REVERTING'
2026-04-17 14:55:41.505 74 WARNING cinder.volume.api [None req-307ea801-b7ff-4e42-9669-f0cda38ad97a 1e6316bd281f456b9970d47b3a2ddf1c d64a757d3df3491fbafd98aeef610358 - - default default] Task 'cinder.volume.flows.api.create_volume.ExtractVolumeRequestTask;volume:create' (6e5d6d22-3455-4ef3-9443-85742e0a0d7c) transitioned into state 'REVERTED' from state 'REVERTING'
2026-04-17 14:55:41.506 74 WARNING cinder.volume.api [None req-307ea801-b7ff-4e42-9669-f0cda38ad97a 1e6316bd281f456b9970d47b3a2ddf1c d64a757d3df3491fbafd98aeef610358 - - default default] Flow 'volume_create_api' (0941c7d8-7691-456f-82c6-cb4a242c3a79) transitioned into state 'REVERTED' from state 'RUNNING'
2026-04-17 14:55:41.507 74 INFO cinder.api.middleware.fault [None req-307ea801-b7ff-4e42-9669-f0cda38ad97a 1e6316bd281f456b9970d47b3a2ddf1c d64a757d3df3491fbafd98aeef610358 - - default default] http://[LB_IP_ADDRESS]:8776/v3/d64a757d3df3491fbafd98aeef610358/volumes returned with HTTP 413
2026-04-17 14:55:41.522 72 INFO cinder.api.openstack.wsgi [None req-fb2d7430-1abb-46eb-99e5-56ff249f2f87 cf4914a42b574731bbdea6024cd1c26d 89838540e7a64696b9861381414bdbc3 - - default default] PUT http://[LB_IP_ADDRESS]:8776/v3/89838540e7a64696b9861381414bdbc3/os-quota-sets/d64a757d3df3491fbafd98aeef610358
2026-04-17 14:55:41.626 76 WARNING cinder.quota [None req-da1ae357-f26a-4aab-a46a-a12bef227fe3 9bea973ac3c644939e4b266f062511f2 c061117b32ae4fe3869160babe1320b5 - - default default] Deprecated: Default quota for resource: volumes_tempest-UserMessagesTest-volume-type-845548637 is set by the default quota flag: quota_volumes_tempest-UserMessagesTest-volume-type-845548637, it is now deprecated. Please use the default quota class for default quota.
2026-04-17 14:55:41.627 76 WARNING cinder.quota [None req-da1ae357-f26a-4aab-a46a-a12bef227fe3 9bea973ac3c644939e4b266f062511f2 c061117b32ae4fe3869160babe1320b5 - - default default] Deprecated: Default quota for resource: gigabytes_tempest-UserMessagesTest-volume-type-845548637 is set by the default quota flag: quota_gigabytes_tempest-UserMessagesTest-volume-type-845548637, it is now deprecated. Please use the default quota class for default quota.
2026-04-17 14:55:41.631 72 WARNING cinder.quota [None req-fb2d7430-1abb-46eb-99e5-56ff249f2f87 cf4914a42b574731bbdea6024cd1c26d 89838540e7a64696b9861381414bdbc3 - - default default] Deprecated: Default quota for resource: volumes_tempest-UserMessagesTest-volume-type-845548637 is set by the default quota flag: quota_volumes_tempest-UserMessagesTest-volume-type-845548637, it is now deprecated. Please use the default quota class for default quota.
2026-04-17 14:55:41.632 72 WARNING cinder.quota [None req-fb2d7430-1abb-46eb-99e5-56ff249f2f87 cf4914a42b574731bbdea6024cd1c26d 89838540e7a64696b9861381414bdbc3 - - default default] Deprecated: Default quota for resource: gigabytes_tempest-UserMessagesTest-volume-type-845548637 is set by the default quota flag: quota_gigabytes_tempest-UserMessagesTest-volume-type-845548637, it is now deprecated. Please use the default quota class for default quota.
2026-04-17 14:55:41.632 72 WARNING cinder.quota [None req-fb2d7430-1abb-46eb-99e5-56ff249f2f87 cf4914a42b574731bbdea6024cd1c26d 89838540e7a64696b9861381414bdbc3 - - default default] Deprecated: Default quota for resource: snapshots_tempest-UserMessagesTest-volume-type-845548637 is set by the default quota flag: quota_snapshots_tempest-UserMessagesTest-volume-type-845548637, it is now deprecated. Please use the default quota class for default quota.
2026-04-17 14:55:41.666 72 INFO cinder.api.openstack.wsgi [None req-fb2d7430-1abb-46eb-99e5-56ff249f2f87 cf4914a42b574731bbdea6024cd1c26d 89838540e7a64696b9861381414bdbc3 - - default default] http://[LB_IP_ADDRESS]:8776/v3/89838540e7a64696b9861381414bdbc3/os-quota-sets/d64a757d3df3491fbafd98aeef610358 returned with HTTP 200
2026-04-17 14:55:41.681 75 INFO cinder.api.openstack.wsgi [None req-62f43c49-96bb-4957-a641-e135765b1bcc 1e6316bd281f456b9970d47b3a2ddf1c d64a757d3df3491fbafd98aeef610358 - - default default] POST http://[LB_IP_ADDRESS]:8776/v3/d64a757d3df3491fbafd98aeef610358/volumes/4e335914-8f7d-4cf2-b5af-05031dc339f9/action
2026-04-17 14:55:41.700 75 INFO cinder.volume.api [None req-62f43c49-96bb-4957-a641-e135765b1bcc 1e6316bd281f456b9970d47b3a2ddf1c d64a757d3df3491fbafd98aeef610358 - - default default] Volume info retrieved successfully.
2026-04-17 14:55:41.718 76 INFO cinder.volume.api [None req-da1ae357-f26a-4aab-a46a-a12bef227fe3 9bea973ac3c644939e4b266f062511f2 c061117b32ae4fe3869160babe1320b5 - - default default] Create volume request issued successfully.
2026-04-17 14:55:41.720 76 INFO cinder.api.openstack.wsgi [None req-da1ae357-f26a-4aab-a46a-a12bef227fe3 9bea973ac3c644939e4b266f062511f2 c061117b32ae4fe3869160babe1320b5 - - default default] http://[LB_IP_ADDRESS]:8776/v3/c061117b32ae4fe3869160babe1320b5/volumes returned with HTTP 202
2026-04-17 14:55:41.739 74 INFO cinder.api.openstack.wsgi [None req-44e90fc1-2087-4816-900a-935a00135aea 9bea973ac3c644939e4b266f062511f2 c061117b32ae4fe3869160babe1320b5 - - default default] GET http://[LB_IP_ADDRESS]:8776/v3/c061117b32ae4fe3869160babe1320b5/volumes/5d6d0733-adc5-4e0e-a593-e7151ee87351
2026-04-17 14:55:41.759 74 INFO cinder.volume.api [None req-44e90fc1-2087-4816-900a-935a00135aea 9bea973ac3c644939e4b266f062511f2 c061117b32ae4fe3869160babe1320b5 - - default default] Volume info retrieved successfully.
2026-04-17 14:55:41.769 74 INFO cinder.api.openstack.wsgi [None req-44e90fc1-2087-4816-900a-935a00135aea 9bea973ac3c644939e4b266f062511f2 c061117b32ae4fe3869160babe1320b5 - - default default] http://[LB_IP_ADDRESS]:8776/v3/c061117b32ae4fe3869160babe1320b5/volumes/5d6d0733-adc5-4e0e-a593-e7151ee87351 returned with HTTP 200
2026-04-17 14:55:41.783 73 INFO cinder.api.openstack.wsgi [None req-bcc517a1-9175-47bb-b03c-edc8a1220698 a0c8547d0bd34a4eb1c124bb214b74ed d7126823ffc24d6faf3130873bee1ec3 - - default default] POST http://[LB_IP_ADDRESS]:8776/v3/d7126823ffc24d6faf3130873bee1ec3/types
2026-04-17 14:55:41.815 73 INFO cinder.api.openstack.wsgi [None req-bcc517a1-9175-47bb-b03c-edc8a1220698 a0c8547d0bd34a4eb1c124bb214b74ed d7126823ffc24d6faf3130873bee1ec3 - - default default] http://[LB_IP_ADDRESS]:8776/v3/d7126823ffc24d6faf3130873bee1ec3/types returned with HTTP 200
2026-04-17 14:55:41.815 75 ERROR cinder.volume.api [None req-62f43c49-96bb-4957-a641-e135765b1bcc 1e6316bd281f456b9970d47b3a2ddf1c d64a757d3df3491fbafd98aeef610358 - - default default] Quota exceeded for d64a757d3df3491fbafd98aeef610358, tried to extend volume by 1G, (1G of 1G already consumed).: cinder.exception.OverQuota: Quota exceeded for resources: ['gigabytes']
2026-04-17 14:55:41.820 75 INFO cinder.api.middleware.fault [None req-62f43c49-96bb-4957-a641-e135765b1bcc 1e6316bd281f456b9970d47b3a2ddf1c d64a757d3df3491fbafd98aeef610358 - - default default] http://[LB_IP_ADDRESS]:8776/v3/d64a757d3df3491fbafd98aeef610358/volumes/4e335914-8f7d-4cf2-b5af-05031dc339f9/action returned with HTTP 413
2026-04-17 14:55:41.829 72 INFO cinder.api.openstack.wsgi [None req-c1c30b5f-7a9f-40c0-a69b-26953c39d0f3 a0c8547d0bd34a4eb1c124bb214b74ed d7126823ffc24d6faf3130873bee1ec3 - - default default] POST http://[LB_IP_ADDRESS]:8776/v3/d7126823ffc24d6faf3130873bee1ec3/group_types
2026-04-17 14:55:41.832 76 INFO cinder.api.openstack.wsgi [None req-d3caa215-4454-4268-9d6e-461f4b10ba2c 1e6316bd281f456b9970d47b3a2ddf1c d64a757d3df3491fbafd98aeef610358 - - default default] GET http://[LB_IP_ADDRESS]:8776/v3/d64a757d3df3491fbafd98aeef610358/volumes/4e335914-8f7d-4cf2-b5af-05031dc339f9
2026-04-17 14:55:41.847 72 INFO cinder.api.openstack.wsgi [None req-c1c30b5f-7a9f-40c0-a69b-26953c39d0f3 a0c8547d0bd34a4eb1c124bb214b74ed d7126823ffc24d6faf3130873bee1ec3 - - default default] http://[LB_IP_ADDRESS]:8776/v3/d7126823ffc24d6faf3130873bee1ec3/group_types returned with HTTP 202
2026-04-17 14:55:41.850 76 INFO cinder.volume.api [None req-d3caa215-4454-4268-9d6e-461f4b10ba2c 1e6316bd281f456b9970d47b3a2ddf1c d64a757d3df3491fbafd98aeef610358 - - default default] Volume info retrieved successfully.
2026-04-17 14:55:41.858 76 INFO cinder.api.openstack.wsgi [None req-d3caa215-4454-4268-9d6e-461f4b10ba2c 1e6316bd281f456b9970d47b3a2ddf1c d64a757d3df3491fbafd98aeef610358 - - default default] http://[LB_IP_ADDRESS]:8776/v3/d64a757d3df3491fbafd98aeef610358/volumes/4e335914-8f7d-4cf2-b5af-05031dc339f9 returned with HTTP 200
2026-04-17 14:55:41.881 73 INFO cinder.api.openstack.wsgi [None req-0c54cb75-8a94-4eb9-b475-d5ea09d78d08 1e6316bd281f456b9970d47b3a2ddf1c d64a757d3df3491fbafd98aeef610358 - - default default] DELETE http://[LB_IP_ADDRESS]:8776/v3/d64a757d3df3491fbafd98aeef610358/volumes/4e335914-8f7d-4cf2-b5af-05031dc339f9
2026-04-17 14:55:41.883 73 INFO cinder.api.v3.volumes [None req-0c54cb75-8a94-4eb9-b475-d5ea09d78d08 1e6316bd281f456b9970d47b3a2ddf1c d64a757d3df3491fbafd98aeef610358 - - default default] Delete volume with id: 4e335914-8f7d-4cf2-b5af-05031dc339f9 
2026-04-17 14:55:41.906 73 INFO cinder.volume.api [None req-0c54cb75-8a94-4eb9-b475-d5ea09d78d08 1e6316bd281f456b9970d47b3a2ddf1c d64a757d3df3491fbafd98aeef610358 - - default default] Volume info retrieved successfully.
2026-04-17 14:55:41.950 73 INFO cinder.volume.api [None req-0c54cb75-8a94-4eb9-b475-d5ea09d78d08 1e6316bd281f456b9970d47b3a2ddf1c d64a757d3df3491fbafd98aeef610358 - - default default] Delete volume request issued successfully.
2026-04-17 14:55:41.951 73 INFO cinder.api.openstack.wsgi [None req-0c54cb75-8a94-4eb9-b475-d5ea09d78d08 1e6316bd281f456b9970d47b3a2ddf1c d64a757d3df3491fbafd98aeef610358 - - default default] http://[LB_IP_ADDRESS]:8776/v3/d64a757d3df3491fbafd98aeef610358/volumes/4e335914-8f7d-4cf2-b5af-05031dc339f9 returned with HTTP 202
2026-04-17 14:55:41.961 75 INFO cinder.api.openstack.wsgi [None req-8bddd000-ac43-4f91-88a4-1391e2b36b18 1e6316bd281f456b9970d47b3a2ddf1c d64a757d3df3491fbafd98aeef610358 - - default default] GET http://[LB_IP_ADDRESS]:8776/v3/d64a757d3df3491fbafd98aeef610358/volumes/4e335914-8f7d-4cf2-b5af-05031dc339f9
2026-04-17 14:55:41.979 75 INFO cinder.volume.api [None req-8bddd000-ac43-4f91-88a4-1391e2b36b18 1e6316bd281f456b9970d47b3a2ddf1c d64a757d3df3491fbafd98aeef610358 - - default default] Volume info retrieved successfully.
2026-04-17 14:55:41.986 75 INFO cinder.api.openstack.wsgi [None req-8bddd000-ac43-4f91-88a4-1391e2b36b18 1e6316bd281f456b9970d47b3a2ddf1c d64a757d3df3491fbafd98aeef610358 - - default default] http://[LB_IP_ADDRESS]:8776/v3/d64a757d3df3491fbafd98aeef610358/volumes/4e335914-8f7d-4cf2-b5af-05031dc339f9 returned with HTTP 200
2026-04-17 14:55:42.021 74 INFO cinder.api.openstack.wsgi [None req-f4c52f00-d5ad-4fea-b15d-a276a7fcbc48 b8612cebbf494b31bde10c872fe7196e f15dbdeaf95449b4882827a59151213f - - default default] POST http://[LB_IP_ADDRESS]:8776/v3/f15dbdeaf95449b4882827a59151213f/groups
2026-04-17 14:55:42.032 74 INFO cinder.api.v3.groups [None req-f4c52f00-d5ad-4fea-b15d-a276a7fcbc48 b8612cebbf494b31bde10c872fe7196e f15dbdeaf95449b4882827a59151213f - - default default] Creating group tempest-GroupsV320Test-Group-304142747.
2026-04-17 14:55:42.043 74 INFO cinder.volume.api [None req-f4c52f00-d5ad-4fea-b15d-a276a7fcbc48 b8612cebbf494b31bde10c872fe7196e f15dbdeaf95449b4882827a59151213f - - default default] Availability Zones retrieved successfully.
2026-04-17 14:55:42.135 74 INFO cinder.api.openstack.wsgi [None req-f4c52f00-d5ad-4fea-b15d-a276a7fcbc48 b8612cebbf494b31bde10c872fe7196e f15dbdeaf95449b4882827a59151213f - - default default] http://[LB_IP_ADDRESS]:8776/v3/f15dbdeaf95449b4882827a59151213f/groups returned with HTTP 202
2026-04-17 14:55:42.149 72 INFO cinder.api.openstack.wsgi [None req-86cfde99-80a7-43a6-a06a-134724c4a37d b8612cebbf494b31bde10c872fe7196e f15dbdeaf95449b4882827a59151213f - - default default] GET http://[LB_IP_ADDRESS]:8776/v3/f15dbdeaf95449b4882827a59151213f/groups/b687d989-b722-409b-a7a0-51e0e93fb15c
2026-04-17 14:55:42.171 72 INFO cinder.api.openstack.wsgi [None req-86cfde99-80a7-43a6-a06a-134724c4a37d b8612cebbf494b31bde10c872fe7196e f15dbdeaf95449b4882827a59151213f - - default default] http://[LB_IP_ADDRESS]:8776/v3/f15dbdeaf95449b4882827a59151213f/groups/b687d989-b722-409b-a7a0-51e0e93fb15c returned with HTTP 200
2026-04-17 14:55:42.791 76 INFO cinder.api.openstack.wsgi [None req-9ba22d2b-1bb7-42fb-bd14-892443588974 9bea973ac3c644939e4b266f062511f2 c061117b32ae4fe3869160babe1320b5 - - default default] GET http://[LB_IP_ADDRESS]:8776/v3/c061117b32ae4fe3869160babe1320b5/volumes/5d6d0733-adc5-4e0e-a593-e7151ee87351
2026-04-17 14:55:42.814 76 INFO cinder.volume.api [None req-9ba22d2b-1bb7-42fb-bd14-892443588974 9bea973ac3c644939e4b266f062511f2 c061117b32ae4fe3869160babe1320b5 - - default default] Volume info retrieved successfully.
2026-04-17 14:55:42.823 76 INFO cinder.api.openstack.wsgi [None req-9ba22d2b-1bb7-42fb-bd14-892443588974 9bea973ac3c644939e4b266f062511f2 c061117b32ae4fe3869160babe1320b5 - - default default] http://[LB_IP_ADDRESS]:8776/v3/c061117b32ae4fe3869160babe1320b5/volumes/5d6d0733-adc5-4e0e-a593-e7151ee87351 returned with HTTP 200
2026-04-17 14:55:42.845 73 INFO cinder.api.openstack.wsgi [None req-947ca191-f6ea-4d0d-90e3-40c6c1063651 9bea973ac3c644939e4b266f062511f2 c061117b32ae4fe3869160babe1320b5 - - default default] GET http://[LB_IP_ADDRESS]:8776/v3/c061117b32ae4fe3869160babe1320b5/messages
2026-04-17 14:55:42.855 73 INFO cinder.api.openstack.wsgi [None req-947ca191-f6ea-4d0d-90e3-40c6c1063651 9bea973ac3c644939e4b266f062511f2 c061117b32ae4fe3869160babe1320b5 - - default default] http://[LB_IP_ADDRESS]:8776/v3/c061117b32ae4fe3869160babe1320b5/messages returned with HTTP 200
2026-04-17 14:55:42.870 75 INFO cinder.api.openstack.wsgi [None req-66e4b196-e3e2-47c0-97ee-3d6cad4bfcd1 9bea973ac3c644939e4b266f062511f2 c061117b32ae4fe3869160babe1320b5 - - default default] GET http://[LB_IP_ADDRESS]:8776/v3/c061117b32ae4fe3869160babe1320b5/messages/ea66a7f2-d647-40b3-971f-9df4659b937e
2026-04-17 14:55:42.876 75 INFO cinder.api.openstack.wsgi [None req-66e4b196-e3e2-47c0-97ee-3d6cad4bfcd1 9bea973ac3c644939e4b266f062511f2 c061117b32ae4fe3869160babe1320b5 - - default default] http://[LB_IP_ADDRESS]:8776/v3/c061117b32ae4fe3869160babe1320b5/messages/ea66a7f2-d647-40b3-971f-9df4659b937e returned with HTTP 200
2026-04-17 14:55:42.890 74 INFO cinder.api.openstack.wsgi [None req-cf69959f-5100-4342-85e7-b4cf54221e4c 9bea973ac3c644939e4b266f062511f2 c061117b32ae4fe3869160babe1320b5 - - default default] GET http://[LB_IP_ADDRESS]:8776/v3/c061117b32ae4fe3869160babe1320b5/messages
2026-04-17 14:55:42.896 74 INFO cinder.api.openstack.wsgi [None req-cf69959f-5100-4342-85e7-b4cf54221e4c 9bea973ac3c644939e4b266f062511f2 c061117b32ae4fe3869160babe1320b5 - - default default] http://[LB_IP_ADDRESS]:8776/v3/c061117b32ae4fe3869160babe1320b5/messages returned with HTTP 200
2026-04-17 14:55:42.909 72 INFO cinder.api.openstack.wsgi [None req-f2d8164a-f74d-4460-9c37-a5700df0a2c2 9bea973ac3c644939e4b266f062511f2 c061117b32ae4fe3869160babe1320b5 - - default default] DELETE http://[LB_IP_ADDRESS]:8776/v3/c061117b32ae4fe3869160babe1320b5/messages/ea66a7f2-d647-40b3-971f-9df4659b937e
2026-04-17 14:55:42.918 72 INFO cinder.api.openstack.wsgi [None req-f2d8164a-f74d-4460-9c37-a5700df0a2c2 9bea973ac3c644939e4b266f062511f2 c061117b32ae4fe3869160babe1320b5 - - default default] http://[LB_IP_ADDRESS]:8776/v3/c061117b32ae4fe3869160babe1320b5/messages/ea66a7f2-d647-40b3-971f-9df4659b937e returned with HTTP 204
2026-04-17 14:55:42.929 76 INFO cinder.api.openstack.wsgi [None req-f1468da4-d19d-4660-bf3a-55281aff5c30 9bea973ac3c644939e4b266f062511f2 c061117b32ae4fe3869160babe1320b5 - - default default] GET http://[LB_IP_ADDRESS]:8776/v3/c061117b32ae4fe3869160babe1320b5/volumes/5d6d0733-adc5-4e0e-a593-e7151ee87351
2026-04-17 14:55:42.946 76 INFO cinder.volume.api [None req-f1468da4-d19d-4660-bf3a-55281aff5c30 9bea973ac3c644939e4b266f062511f2 c061117b32ae4fe3869160babe1320b5 - - default default] Volume info retrieved successfully.
2026-04-17 14:55:42.956 76 INFO cinder.api.openstack.wsgi [None req-f1468da4-d19d-4660-bf3a-55281aff5c30 9bea973ac3c644939e4b266f062511f2 c061117b32ae4fe3869160babe1320b5 - - default default] http://[LB_IP_ADDRESS]:8776/v3/c061117b32ae4fe3869160babe1320b5/volumes/5d6d0733-adc5-4e0e-a593-e7151ee87351 returned with HTTP 200
2026-04-17 14:55:42.976 73 INFO cinder.api.openstack.wsgi [None req-a6089799-76ad-4355-8eb0-c5985f665aa3 9bea973ac3c644939e4b266f062511f2 c061117b32ae4fe3869160babe1320b5 - - default default] DELETE http://[LB_IP_ADDRESS]:8776/v3/c061117b32ae4fe3869160babe1320b5/volumes/5d6d0733-adc5-4e0e-a593-e7151ee87351
2026-04-17 14:55:42.977 73 INFO cinder.api.v3.volumes [None req-a6089799-76ad-4355-8eb0-c5985f665aa3 9bea973ac3c644939e4b266f062511f2 c061117b32ae4fe3869160babe1320b5 - - default default] Delete volume with id: 5d6d0733-adc5-4e0e-a593-e7151ee87351 
2026-04-17 14:55:42.993 73 INFO cinder.volume.api [None req-a6089799-76ad-4355-8eb0-c5985f665aa3 9bea973ac3c644939e4b266f062511f2 c061117b32ae4fe3869160babe1320b5 - - default default] Volume info retrieved successfully.
2026-04-17 14:55:43.008 75 INFO cinder.api.openstack.wsgi [None req-38c44ae6-e4d2-4084-b9f8-a63b5bcb4d9a 1e6316bd281f456b9970d47b3a2ddf1c d64a757d3df3491fbafd98aeef610358 - - default default] GET http://[LB_IP_ADDRESS]:8776/v3/d64a757d3df3491fbafd98aeef610358/volumes/4e335914-8f7d-4cf2-b5af-05031dc339f9
2026-04-17 14:55:43.021 75 INFO cinder.api.openstack.wsgi [None req-38c44ae6-e4d2-4084-b9f8-a63b5bcb4d9a 1e6316bd281f456b9970d47b3a2ddf1c d64a757d3df3491fbafd98aeef610358 - - default default] http://[LB_IP_ADDRESS]:8776/v3/d64a757d3df3491fbafd98aeef610358/volumes/4e335914-8f7d-4cf2-b5af-05031dc339f9 returned with HTTP 404
2026-04-17 14:55:43.035 74 INFO cinder.api.openstack.wsgi [None req-6584389c-35a7-407a-8903-d8c1e8ba4fd0 cf4914a42b574731bbdea6024cd1c26d 89838540e7a64696b9861381414bdbc3 - - default default] PUT http://[LB_IP_ADDRESS]:8776/v3/89838540e7a64696b9861381414bdbc3/os-quota-sets/d64a757d3df3491fbafd98aeef610358
2026-04-17 14:55:43.056 73 WARNING cinder.quota [None req-a6089799-76ad-4355-8eb0-c5985f665aa3 9bea973ac3c644939e4b266f062511f2 c061117b32ae4fe3869160babe1320b5 - - default default] Deprecated: Default quota for resource: volumes_tempest-UserMessagesTest-volume-type-845548637 is set by the default quota flag: quota_volumes_tempest-UserMessagesTest-volume-type-845548637, it is now deprecated. Please use the default quota class for default quota.
2026-04-17 14:55:43.056 73 WARNING cinder.quota [None req-a6089799-76ad-4355-8eb0-c5985f665aa3 9bea973ac3c644939e4b266f062511f2 c061117b32ae4fe3869160babe1320b5 - - default default] Deprecated: Default quota for resource: gigabytes_tempest-UserMessagesTest-volume-type-845548637 is set by the default quota flag: quota_gigabytes_tempest-UserMessagesTest-volume-type-845548637, it is now deprecated. Please use the default quota class for default quota.
2026-04-17 14:55:43.102 73 INFO cinder.volume.api [None req-a6089799-76ad-4355-8eb0-c5985f665aa3 9bea973ac3c644939e4b266f062511f2 c061117b32ae4fe3869160babe1320b5 - - default default] Delete volume request issued successfully.
2026-04-17 14:55:43.102 73 INFO cinder.api.openstack.wsgi [None req-a6089799-76ad-4355-8eb0-c5985f665aa3 9bea973ac3c644939e4b266f062511f2 c061117b32ae4fe3869160babe1320b5 - - default default] http://[LB_IP_ADDRESS]:8776/v3/c061117b32ae4fe3869160babe1320b5/volumes/5d6d0733-adc5-4e0e-a593-e7151ee87351 returned with HTTP 202
2026-04-17 14:55:43.114 72 INFO cinder.api.openstack.wsgi [None req-4b94089a-9b7c-42d6-9ed1-75944b7cd6b7 9bea973ac3c644939e4b266f062511f2 c061117b32ae4fe3869160babe1320b5 - - default default] GET http://[LB_IP_ADDRESS]:8776/v3/c061117b32ae4fe3869160babe1320b5/volumes/5d6d0733-adc5-4e0e-a593-e7151ee87351
2026-04-17 14:55:43.127 72 INFO cinder.api.openstack.wsgi [None req-4b94089a-9b7c-42d6-9ed1-75944b7cd6b7 9bea973ac3c644939e4b266f062511f2 c061117b32ae4fe3869160babe1320b5 - - default default] http://[LB_IP_ADDRESS]:8776/v3/c061117b32ae4fe3869160babe1320b5/volumes/5d6d0733-adc5-4e0e-a593-e7151ee87351 returned with HTTP 404
2026-04-17 14:55:43.140 76 INFO cinder.api.openstack.wsgi [None req-81fcc0df-917b-416e-be67-86dbffdfa05e 8c311de81ebb4cc898d4a74a86f9b960 1a5aac2410ef465baa95db05d5dba233 - - default default] DELETE http://[LB_IP_ADDRESS]:8776/v3/1a5aac2410ef465baa95db05d5dba233/types/9d5588f8-d582-433e-8b56-b45f5930c80f
2026-04-17 14:55:43.188 75 INFO cinder.api.openstack.wsgi [None req-7fc4caf8-3d04-43ff-8b32-7d17de13a94f b8612cebbf494b31bde10c872fe7196e f15dbdeaf95449b4882827a59151213f - - default default] GET http://[LB_IP_ADDRESS]:8776/v3/f15dbdeaf95449b4882827a59151213f/groups/b687d989-b722-409b-a7a0-51e0e93fb15c
2026-04-17 14:55:43.193 76 INFO cinder.api.openstack.wsgi [None req-81fcc0df-917b-416e-be67-86dbffdfa05e 8c311de81ebb4cc898d4a74a86f9b960 1a5aac2410ef465baa95db05d5dba233 - - default default] http://[LB_IP_ADDRESS]:8776/v3/1a5aac2410ef465baa95db05d5dba233/types/9d5588f8-d582-433e-8b56-b45f5930c80f returned with HTTP 202
2026-04-17 14:55:43.204 73 INFO cinder.api.openstack.wsgi [None req-dffdf37e-3201-4c32-8b4d-d0a9a9a3ddc5 8c311de81ebb4cc898d4a74a86f9b960 1a5aac2410ef465baa95db05d5dba233 - - default default] GET http://[LB_IP_ADDRESS]:8776/v3/1a5aac2410ef465baa95db05d5dba233/types/9d5588f8-d582-433e-8b56-b45f5930c80f
2026-04-17 14:55:43.209 75 INFO cinder.api.openstack.wsgi [None req-7fc4caf8-3d04-43ff-8b32-7d17de13a94f b8612cebbf494b31bde10c872fe7196e f15dbdeaf95449b4882827a59151213f - - default default] http://[LB_IP_ADDRESS]:8776/v3/f15dbdeaf95449b4882827a59151213f/groups/b687d989-b722-409b-a7a0-51e0e93fb15c returned with HTTP 200
2026-04-17 14:55:43.210 73 INFO cinder.api.openstack.wsgi [None req-dffdf37e-3201-4c32-8b4d-d0a9a9a3ddc5 8c311de81ebb4cc898d4a74a86f9b960 1a5aac2410ef465baa95db05d5dba233 - - default default] http://[LB_IP_ADDRESS]:8776/v3/1a5aac2410ef465baa95db05d5dba233/types/9d5588f8-d582-433e-8b56-b45f5930c80f returned with HTTP 404
2026-04-17 14:55:43.226 72 INFO cinder.api.openstack.wsgi [None req-1663812f-b80e-497c-b0b8-206de40817f0 a0c8547d0bd34a4eb1c124bb214b74ed d7126823ffc24d6faf3130873bee1ec3 - - default default] POST http://[LB_IP_ADDRESS]:8776/v3/d7126823ffc24d6faf3130873bee1ec3/groups/b687d989-b722-409b-a7a0-51e0e93fb15c/action
2026-04-17 14:55:43.244 72 INFO cinder.api.openstack.wsgi [None req-1663812f-b80e-497c-b0b8-206de40817f0 a0c8547d0bd34a4eb1c124bb214b74ed d7126823ffc24d6faf3130873bee1ec3 - - default default] http://[LB_IP_ADDRESS]:8776/v3/d7126823ffc24d6faf3130873bee1ec3/groups/b687d989-b722-409b-a7a0-51e0e93fb15c/action returned with HTTP 202
2026-04-17 14:55:43.253 74 WARNING cinder.quota [None req-6584389c-35a7-407a-8903-d8c1e8ba4fd0 cf4914a42b574731bbdea6024cd1c26d 89838540e7a64696b9861381414bdbc3 - - default default] Deprecated: Default quota for resource: volumes_tempest-GroupsV320Test-volume-type-2142759503 is set by the default quota flag: quota_volumes_tempest-GroupsV320Test-volume-type-2142759503, it is now deprecated. Please use the default quota class for default quota.
2026-04-17 14:55:43.254 74 WARNING cinder.quota [None req-6584389c-35a7-407a-8903-d8c1e8ba4fd0 cf4914a42b574731bbdea6024cd1c26d 89838540e7a64696b9861381414bdbc3 - - default default] Deprecated: Default quota for resource: gigabytes_tempest-GroupsV320Test-volume-type-2142759503 is set by the default quota flag: quota_gigabytes_tempest-GroupsV320Test-volume-type-2142759503, it is now deprecated. Please use the default quota class for default quota.
2026-04-17 14:55:43.254 74 WARNING cinder.quota [None req-6584389c-35a7-407a-8903-d8c1e8ba4fd0 cf4914a42b574731bbdea6024cd1c26d 89838540e7a64696b9861381414bdbc3 - - default default] Deprecated: Default quota for resource: snapshots_tempest-GroupsV320Test-volume-type-2142759503 is set by the default quota flag: quota_snapshots_tempest-GroupsV320Test-volume-type-2142759503, it is now deprecated. Please use the default quota class for default quota.
2026-04-17 14:55:43.257 76 INFO cinder.api.openstack.wsgi [None req-982a08ee-278b-48e6-bfb9-88098504f8ba b8612cebbf494b31bde10c872fe7196e f15dbdeaf95449b4882827a59151213f - - default default] GET http://[LB_IP_ADDRESS]:8776/v3/f15dbdeaf95449b4882827a59151213f/groups/b687d989-b722-409b-a7a0-51e0e93fb15c
2026-04-17 14:55:43.279 76 INFO cinder.api.openstack.wsgi [None req-982a08ee-278b-48e6-bfb9-88098504f8ba b8612cebbf494b31bde10c872fe7196e f15dbdeaf95449b4882827a59151213f - - default default] http://[LB_IP_ADDRESS]:8776/v3/f15dbdeaf95449b4882827a59151213f/groups/b687d989-b722-409b-a7a0-51e0e93fb15c returned with HTTP 200
2026-04-17 14:55:43.288 74 INFO cinder.api.openstack.wsgi [None req-6584389c-35a7-407a-8903-d8c1e8ba4fd0 cf4914a42b574731bbdea6024cd1c26d 89838540e7a64696b9861381414bdbc3 - - default default] http://[LB_IP_ADDRESS]:8776/v3/89838540e7a64696b9861381414bdbc3/os-quota-sets/d64a757d3df3491fbafd98aeef610358 returned with HTTP 200
2026-04-17 14:55:43.296 75 INFO cinder.api.openstack.wsgi [None req-3f48f10c-2b64-45b6-8f4b-6781f1047b59 a0c8547d0bd34a4eb1c124bb214b74ed d7126823ffc24d6faf3130873bee1ec3 - - default default] POST http://[LB_IP_ADDRESS]:8776/v3/d7126823ffc24d6faf3130873bee1ec3/groups/b687d989-b722-409b-a7a0-51e0e93fb15c/action
2026-04-17 14:55:43.314 75 INFO cinder.api.openstack.wsgi [None req-3f48f10c-2b64-45b6-8f4b-6781f1047b59 a0c8547d0bd34a4eb1c124bb214b74ed d7126823ffc24d6faf3130873bee1ec3 - - default default] http://[LB_IP_ADDRESS]:8776/v3/d7126823ffc24d6faf3130873bee1ec3/groups/b687d989-b722-409b-a7a0-51e0e93fb15c/action returned with HTTP 202
2026-04-17 14:55:43.326 73 INFO cinder.api.openstack.wsgi [None req-9cfe8c12-05e6-4119-b1dc-b0940f5fa5c9 b8612cebbf494b31bde10c872fe7196e f15dbdeaf95449b4882827a59151213f - - default default] GET http://[LB_IP_ADDRESS]:8776/v3/f15dbdeaf95449b4882827a59151213f/groups/b687d989-b722-409b-a7a0-51e0e93fb15c
2026-04-17 14:55:43.348 73 INFO cinder.api.openstack.wsgi [None req-9cfe8c12-05e6-4119-b1dc-b0940f5fa5c9 b8612cebbf494b31bde10c872fe7196e f15dbdeaf95449b4882827a59151213f - - default default] http://[LB_IP_ADDRESS]:8776/v3/f15dbdeaf95449b4882827a59151213f/groups/b687d989-b722-409b-a7a0-51e0e93fb15c returned with HTTP 200
2026-04-17 14:55:43.363 72 INFO cinder.api.openstack.wsgi [None req-6b568b47-d851-4e09-a764-bbdd57d5ec74 a0c8547d0bd34a4eb1c124bb214b74ed d7126823ffc24d6faf3130873bee1ec3 - - default default] POST http://[LB_IP_ADDRESS]:8776/v3/d7126823ffc24d6faf3130873bee1ec3/groups/b687d989-b722-409b-a7a0-51e0e93fb15c/action
2026-04-17 14:55:43.377 72 INFO cinder.api.openstack.wsgi [None req-6b568b47-d851-4e09-a764-bbdd57d5ec74 a0c8547d0bd34a4eb1c124bb214b74ed d7126823ffc24d6faf3130873bee1ec3 - - default default] http://[LB_IP_ADDRESS]:8776/v3/d7126823ffc24d6faf3130873bee1ec3/groups/b687d989-b722-409b-a7a0-51e0e93fb15c/action returned with HTTP 202
2026-04-17 14:55:43.389 76 INFO cinder.api.openstack.wsgi [None req-5b556ce0-b82a-442e-bbbf-2aced0ad29f4 b8612cebbf494b31bde10c872fe7196e f15dbdeaf95449b4882827a59151213f - - default default] GET http://[LB_IP_ADDRESS]:8776/v3/f15dbdeaf95449b4882827a59151213f/groups/b687d989-b722-409b-a7a0-51e0e93fb15c
2026-04-17 14:55:43.411 76 INFO cinder.api.openstack.wsgi [None req-5b556ce0-b82a-442e-bbbf-2aced0ad29f4 b8612cebbf494b31bde10c872fe7196e f15dbdeaf95449b4882827a59151213f - - default default] http://[LB_IP_ADDRESS]:8776/v3/f15dbdeaf95449b4882827a59151213f/groups/b687d989-b722-409b-a7a0-51e0e93fb15c returned with HTTP 200
2026-04-17 14:55:43.427 74 INFO cinder.api.openstack.wsgi [None req-9215d857-f3f6-4aa4-8386-2f9cc824b680 a0c8547d0bd34a4eb1c124bb214b74ed d7126823ffc24d6faf3130873bee1ec3 - - default default] POST http://[LB_IP_ADDRESS]:8776/v3/d7126823ffc24d6faf3130873bee1ec3/groups/b687d989-b722-409b-a7a0-51e0e93fb15c/action
2026-04-17 14:55:43.444 74 INFO cinder.api.openstack.wsgi [None req-9215d857-f3f6-4aa4-8386-2f9cc824b680 a0c8547d0bd34a4eb1c124bb214b74ed d7126823ffc24d6faf3130873bee1ec3 - - default default] http://[LB_IP_ADDRESS]:8776/v3/d7126823ffc24d6faf3130873bee1ec3/groups/b687d989-b722-409b-a7a0-51e0e93fb15c/action returned with HTTP 202
2026-04-17 14:55:43.457 75 INFO cinder.api.openstack.wsgi [None req-ababd9a3-5392-467e-b6cd-1f5abb61e684 b8612cebbf494b31bde10c872fe7196e f15dbdeaf95449b4882827a59151213f - - default default] GET http://[LB_IP_ADDRESS]:8776/v3/f15dbdeaf95449b4882827a59151213f/groups/b687d989-b722-409b-a7a0-51e0e93fb15c
2026-04-17 14:55:43.479 75 INFO cinder.api.openstack.wsgi [None req-ababd9a3-5392-467e-b6cd-1f5abb61e684 b8612cebbf494b31bde10c872fe7196e f15dbdeaf95449b4882827a59151213f - - default default] http://[LB_IP_ADDRESS]:8776/v3/f15dbdeaf95449b4882827a59151213f/groups/b687d989-b722-409b-a7a0-51e0e93fb15c returned with HTTP 200
2026-04-17 14:55:43.495 73 INFO cinder.api.openstack.wsgi [None req-2a9920f4-8eaa-4677-ab8c-0086ca401b0f b8612cebbf494b31bde10c872fe7196e f15dbdeaf95449b4882827a59151213f - - default default] GET http://[LB_IP_ADDRESS]:8776/v3/f15dbdeaf95449b4882827a59151213f/volumes/detail
2026-04-17 14:55:43.509 73 INFO cinder.volume.api [None req-2a9920f4-8eaa-4677-ab8c-0086ca401b0f b8612cebbf494b31bde10c872fe7196e f15dbdeaf95449b4882827a59151213f - - default default] Get all volumes completed successfully.
2026-04-17 14:55:43.514 73 INFO cinder.api.openstack.wsgi [None req-2a9920f4-8eaa-4677-ab8c-0086ca401b0f b8612cebbf494b31bde10c872fe7196e f15dbdeaf95449b4882827a59151213f - - default default] http://[LB_IP_ADDRESS]:8776/v3/f15dbdeaf95449b4882827a59151213f/volumes/detail returned with HTTP 200
2026-04-17 14:55:43.535 72 INFO cinder.api.openstack.wsgi [None req-0c87f372-67bd-4e65-a53d-3933b3b12fcc b8612cebbf494b31bde10c872fe7196e f15dbdeaf95449b4882827a59151213f - - default default] POST http://[LB_IP_ADDRESS]:8776/v3/f15dbdeaf95449b4882827a59151213f/groups/b687d989-b722-409b-a7a0-51e0e93fb15c/action
2026-04-17 14:55:43.538 72 INFO cinder.api.v3.groups [None req-0c87f372-67bd-4e65-a53d-3933b3b12fcc b8612cebbf494b31bde10c872fe7196e f15dbdeaf95449b4882827a59151213f - - default default] Delete group with id: b687d989-b722-409b-a7a0-51e0e93fb15c
2026-04-17 14:55:43.586 72 INFO cinder.api.openstack.wsgi [None req-0c87f372-67bd-4e65-a53d-3933b3b12fcc b8612cebbf494b31bde10c872fe7196e f15dbdeaf95449b4882827a59151213f - - default default] http://[LB_IP_ADDRESS]:8776/v3/f15dbdeaf95449b4882827a59151213f/groups/b687d989-b722-409b-a7a0-51e0e93fb15c/action returned with HTTP 202
2026-04-17 14:55:43.599 76 INFO cinder.api.openstack.wsgi [None req-56abedae-12a9-48bf-8224-2c7b2c409f7d b8612cebbf494b31bde10c872fe7196e f15dbdeaf95449b4882827a59151213f - - default default] GET http://[LB_IP_ADDRESS]:8776/v3/f15dbdeaf95449b4882827a59151213f/groups/b687d989-b722-409b-a7a0-51e0e93fb15c
2026-04-17 14:55:43.620 76 INFO cinder.api.openstack.wsgi [None req-56abedae-12a9-48bf-8224-2c7b2c409f7d b8612cebbf494b31bde10c872fe7196e f15dbdeaf95449b4882827a59151213f - - default default] http://[LB_IP_ADDRESS]:8776/v3/f15dbdeaf95449b4882827a59151213f/groups/b687d989-b722-409b-a7a0-51e0e93fb15c returned with HTTP 200
2026-04-17 14:55:44.636 74 INFO cinder.api.openstack.wsgi [None req-00105a9e-3004-4ca0-8c65-eeb157a4ff70 b8612cebbf494b31bde10c872fe7196e f15dbdeaf95449b4882827a59151213f - - default default] GET http://[LB_IP_ADDRESS]:8776/v3/f15dbdeaf95449b4882827a59151213f/groups/b687d989-b722-409b-a7a0-51e0e93fb15c
