2022-10-17 04:08:38.040 20 INFO cinder.api.openstack.wsgi [None req-c5050172-3cdf-4431-8dee-fa461f010664 5f640f06a1ee4646942a643eece9af26 b33323419d0d41a9a8d2bed533d25807 - - default default] http://[LB_IP_ADDRESS]:8776/v3/b33323419d0d41a9a8d2bed533d25807/volumes/detail returned with HTTP 200
2022-10-17 04:08:38.060 21 INFO cinder.api.openstack.wsgi [None req-6bc2eeca-1c4e-4db7-bbea-cc155bb6031f 5f640f06a1ee4646942a643eece9af26 b33323419d0d41a9a8d2bed533d25807 - - default default] POST http://[LB_IP_ADDRESS]:8776/v3/b33323419d0d41a9a8d2bed533d25807/groups/f4859a91-eac0-436e-a572-608a3eb95262/action
2022-10-17 04:08:38.064 21 INFO cinder.api.v3.groups [None req-6bc2eeca-1c4e-4db7-bbea-cc155bb6031f 5f640f06a1ee4646942a643eece9af26 b33323419d0d41a9a8d2bed533d25807 - - default default] Delete group with id: f4859a91-eac0-436e-a572-608a3eb95262
2022-10-17 04:08:38.070 21 INFO cinder.api.openstack.wsgi [None req-6bc2eeca-1c4e-4db7-bbea-cc155bb6031f 5f640f06a1ee4646942a643eece9af26 b33323419d0d41a9a8d2bed533d25807 - - default default] http://[LB_IP_ADDRESS]:8776/v3/b33323419d0d41a9a8d2bed533d25807/groups/f4859a91-eac0-436e-a572-608a3eb95262/action returned with HTTP 404
2022-10-17 04:08:38.084 19 INFO cinder.api.openstack.wsgi [None req-d90810a2-2d5f-4b92-a365-fd7b4d743b75 67b15da7764246118a0bc1817a4c65ca 4860048fe13648738296d2f5bb8673ca - - default default] DELETE http://[LB_IP_ADDRESS]:8776/v3/4860048fe13648738296d2f5bb8673ca/group_types/cb8ea7df-45d1-4e40-98d8-e5511cebfc31
2022-10-17 04:08:38.114 19 INFO cinder.api.openstack.wsgi [None req-d90810a2-2d5f-4b92-a365-fd7b4d743b75 67b15da7764246118a0bc1817a4c65ca 4860048fe13648738296d2f5bb8673ca - - default default] http://[LB_IP_ADDRESS]:8776/v3/4860048fe13648738296d2f5bb8673ca/group_types/cb8ea7df-45d1-4e40-98d8-e5511cebfc31 returned with HTTP 202
2022-10-17 04:08:38.128 23 INFO cinder.api.openstack.wsgi [None req-71312a82-791f-4a1b-9815-507c02c2916b 67b15da7764246118a0bc1817a4c65ca 4860048fe13648738296d2f5bb8673ca - - default default] POST http://[LB_IP_ADDRESS]:8776/v3/4860048fe13648738296d2f5bb8673ca/types
2022-10-17 04:08:38.157 23 INFO cinder.api.openstack.wsgi [None req-71312a82-791f-4a1b-9815-507c02c2916b 67b15da7764246118a0bc1817a4c65ca 4860048fe13648738296d2f5bb8673ca - - default default] http://[LB_IP_ADDRESS]:8776/v3/4860048fe13648738296d2f5bb8673ca/types returned with HTTP 200
2022-10-17 04:08:38.171 22 INFO cinder.api.openstack.wsgi [None req-a9d928a2-f9f7-4b6e-92e2-b7097d55e1b2 67b15da7764246118a0bc1817a4c65ca 4860048fe13648738296d2f5bb8673ca - - default default] POST http://[LB_IP_ADDRESS]:8776/v3/4860048fe13648738296d2f5bb8673ca/group_types
2022-10-17 04:08:38.200 22 INFO cinder.api.openstack.wsgi [None req-a9d928a2-f9f7-4b6e-92e2-b7097d55e1b2 67b15da7764246118a0bc1817a4c65ca 4860048fe13648738296d2f5bb8673ca - - default default] http://[LB_IP_ADDRESS]:8776/v3/4860048fe13648738296d2f5bb8673ca/group_types returned with HTTP 202
2022-10-17 04:08:38.214 20 INFO cinder.api.openstack.wsgi [None req-5c98a6df-c397-4f64-a620-00682a52585d 5f640f06a1ee4646942a643eece9af26 b33323419d0d41a9a8d2bed533d25807 - - default default] POST http://[LB_IP_ADDRESS]:8776/v3/b33323419d0d41a9a8d2bed533d25807/groups
2022-10-17 04:08:38.223 20 INFO cinder.api.v3.groups [None req-5c98a6df-c397-4f64-a620-00682a52585d 5f640f06a1ee4646942a643eece9af26 b33323419d0d41a9a8d2bed533d25807 - - default default] Creating group tempest-GroupsTest-Group-1712847791.
2022-10-17 04:08:38.235 20 INFO cinder.volume.api [None req-5c98a6df-c397-4f64-a620-00682a52585d 5f640f06a1ee4646942a643eece9af26 b33323419d0d41a9a8d2bed533d25807 - - default default] Availability Zones retrieved successfully.
2022-10-17 04:08:38.299 20 INFO cinder.api.openstack.wsgi [None req-5c98a6df-c397-4f64-a620-00682a52585d 5f640f06a1ee4646942a643eece9af26 b33323419d0d41a9a8d2bed533d25807 - - default default] http://[LB_IP_ADDRESS]:8776/v3/b33323419d0d41a9a8d2bed533d25807/groups returned with HTTP 202
2022-10-17 04:08:38.314 21 INFO cinder.api.openstack.wsgi [None req-4eb7f56d-d83e-4363-8fb0-5128971f12d1 5f640f06a1ee4646942a643eece9af26 b33323419d0d41a9a8d2bed533d25807 - - default default] GET http://[LB_IP_ADDRESS]:8776/v3/b33323419d0d41a9a8d2bed533d25807/groups/b70140e4-dbe2-4f88-8d53-e8fe89be4e12
2022-10-17 04:08:38.333 21 INFO cinder.api.openstack.wsgi [None req-4eb7f56d-d83e-4363-8fb0-5128971f12d1 5f640f06a1ee4646942a643eece9af26 b33323419d0d41a9a8d2bed533d25807 - - default default] http://[LB_IP_ADDRESS]:8776/v3/b33323419d0d41a9a8d2bed533d25807/groups/b70140e4-dbe2-4f88-8d53-e8fe89be4e12 returned with HTTP 200
2022-10-17 04:08:39.351 19 INFO cinder.api.openstack.wsgi [None req-e7ebc3d3-7447-4831-b6e0-ae13551ef0d3 5f640f06a1ee4646942a643eece9af26 b33323419d0d41a9a8d2bed533d25807 - - default default] GET http://[LB_IP_ADDRESS]:8776/v3/b33323419d0d41a9a8d2bed533d25807/groups/b70140e4-dbe2-4f88-8d53-e8fe89be4e12
2022-10-17 04:08:39.375 19 INFO cinder.api.openstack.wsgi [None req-e7ebc3d3-7447-4831-b6e0-ae13551ef0d3 5f640f06a1ee4646942a643eece9af26 b33323419d0d41a9a8d2bed533d25807 - - default default] http://[LB_IP_ADDRESS]:8776/v3/b33323419d0d41a9a8d2bed533d25807/groups/b70140e4-dbe2-4f88-8d53-e8fe89be4e12 returned with HTTP 200
2022-10-17 04:08:39.391 23 INFO cinder.api.openstack.wsgi [None req-d703e59c-a5bc-491a-8e78-7d2437f6d27e 5f640f06a1ee4646942a643eece9af26 b33323419d0d41a9a8d2bed533d25807 - - default default] POST http://[LB_IP_ADDRESS]:8776/v3/b33323419d0d41a9a8d2bed533d25807/volumes
2022-10-17 04:08:39.406 23 INFO cinder.api.v3.volumes [None req-d703e59c-a5bc-491a-8e78-7d2437f6d27e 5f640f06a1ee4646942a643eece9af26 b33323419d0d41a9a8d2bed533d25807 - - default default] Create volume of 1 GB
2022-10-17 04:08:39.414 23 INFO cinder.volume.api [None req-d703e59c-a5bc-491a-8e78-7d2437f6d27e 5f640f06a1ee4646942a643eece9af26 b33323419d0d41a9a8d2bed533d25807 - - default default] Availability Zones retrieved successfully.
2022-10-17 04:08:39.510 23 WARNING cinder.quota [None req-d703e59c-a5bc-491a-8e78-7d2437f6d27e 5f640f06a1ee4646942a643eece9af26 b33323419d0d41a9a8d2bed533d25807 - - default default] Deprecated: Default quota for resource: volumes_tempest-GroupsTest-volume-type-660800837 is set by the default quota flag: quota_volumes_tempest-GroupsTest-volume-type-660800837, it is now deprecated. Please use the default quota class for default quota.
2022-10-17 04:08:39.513 23 WARNING cinder.quota [None req-d703e59c-a5bc-491a-8e78-7d2437f6d27e 5f640f06a1ee4646942a643eece9af26 b33323419d0d41a9a8d2bed533d25807 - - default default] Deprecated: Default quota for resource: gigabytes_tempest-GroupsTest-volume-type-660800837 is set by the default quota flag: quota_gigabytes_tempest-GroupsTest-volume-type-660800837, it is now deprecated. Please use the default quota class for default quota.
2022-10-17 04:08:39.664 23 INFO cinder.volume.api [None req-d703e59c-a5bc-491a-8e78-7d2437f6d27e 5f640f06a1ee4646942a643eece9af26 b33323419d0d41a9a8d2bed533d25807 - - default default] Create volume request issued successfully.
2022-10-17 04:08:39.690 23 INFO cinder.api.openstack.wsgi [None req-d703e59c-a5bc-491a-8e78-7d2437f6d27e 5f640f06a1ee4646942a643eece9af26 b33323419d0d41a9a8d2bed533d25807 - - default default] http://[LB_IP_ADDRESS]:8776/v3/b33323419d0d41a9a8d2bed533d25807/volumes returned with HTTP 202
2022-10-17 04:08:39.712 22 INFO cinder.api.openstack.wsgi [None req-fa5f2722-8c13-4a4d-888f-d4509de880de 5f640f06a1ee4646942a643eece9af26 b33323419d0d41a9a8d2bed533d25807 - - default default] GET http://[LB_IP_ADDRESS]:8776/v3/b33323419d0d41a9a8d2bed533d25807/volumes/7ee3626b-a21e-41dd-b466-097461eb0bb9
2022-10-17 04:08:39.740 22 INFO cinder.volume.api [None req-fa5f2722-8c13-4a4d-888f-d4509de880de 5f640f06a1ee4646942a643eece9af26 b33323419d0d41a9a8d2bed533d25807 - - default default] Volume info retrieved successfully.
2022-10-17 04:08:39.763 22 INFO cinder.api.openstack.wsgi [None req-fa5f2722-8c13-4a4d-888f-d4509de880de 5f640f06a1ee4646942a643eece9af26 b33323419d0d41a9a8d2bed533d25807 - - default default] http://[LB_IP_ADDRESS]:8776/v3/b33323419d0d41a9a8d2bed533d25807/volumes/7ee3626b-a21e-41dd-b466-097461eb0bb9 returned with HTTP 200
2022-10-17 04:08:40.785 20 INFO cinder.api.openstack.wsgi [None req-fce7fa81-0bb1-4186-ae6c-8da2c28103a3 5f640f06a1ee4646942a643eece9af26 b33323419d0d41a9a8d2bed533d25807 - - default default] GET http://[LB_IP_ADDRESS]:8776/v3/b33323419d0d41a9a8d2bed533d25807/volumes/7ee3626b-a21e-41dd-b466-097461eb0bb9
2022-10-17 04:08:40.809 20 INFO cinder.volume.api [None req-fce7fa81-0bb1-4186-ae6c-8da2c28103a3 5f640f06a1ee4646942a643eece9af26 b33323419d0d41a9a8d2bed533d25807 - - default default] Volume info retrieved successfully.
2022-10-17 04:08:40.839 20 INFO cinder.api.openstack.wsgi [None req-fce7fa81-0bb1-4186-ae6c-8da2c28103a3 5f640f06a1ee4646942a643eece9af26 b33323419d0d41a9a8d2bed533d25807 - - default default] http://[LB_IP_ADDRESS]:8776/v3/b33323419d0d41a9a8d2bed533d25807/volumes/7ee3626b-a21e-41dd-b466-097461eb0bb9 returned with HTTP 200
2022-10-17 04:08:41.862 21 INFO cinder.api.openstack.wsgi [None req-7d881de0-8063-471b-bd2d-15fe402b722e 5f640f06a1ee4646942a643eece9af26 b33323419d0d41a9a8d2bed533d25807 - - default default] GET http://[LB_IP_ADDRESS]:8776/v3/b33323419d0d41a9a8d2bed533d25807/volumes/7ee3626b-a21e-41dd-b466-097461eb0bb9
2022-10-17 04:08:41.885 21 INFO cinder.volume.api [None req-7d881de0-8063-471b-bd2d-15fe402b722e 5f640f06a1ee4646942a643eece9af26 b33323419d0d41a9a8d2bed533d25807 - - default default] Volume info retrieved successfully.
2022-10-17 04:08:41.907 21 INFO cinder.api.openstack.wsgi [None req-7d881de0-8063-471b-bd2d-15fe402b722e 5f640f06a1ee4646942a643eece9af26 b33323419d0d41a9a8d2bed533d25807 - - default default] http://[LB_IP_ADDRESS]:8776/v3/b33323419d0d41a9a8d2bed533d25807/volumes/7ee3626b-a21e-41dd-b466-097461eb0bb9 returned with HTTP 200
2022-10-17 04:08:41.926 19 INFO cinder.api.openstack.wsgi [None req-1c6c4205-5be4-4c6d-b1cb-40f01463da6f 5f640f06a1ee4646942a643eece9af26 b33323419d0d41a9a8d2bed533d25807 - - default default] POST http://[LB_IP_ADDRESS]:8776/v3/b33323419d0d41a9a8d2bed533d25807/volumes
2022-10-17 04:08:41.941 19 INFO cinder.api.v3.volumes [None req-1c6c4205-5be4-4c6d-b1cb-40f01463da6f 5f640f06a1ee4646942a643eece9af26 b33323419d0d41a9a8d2bed533d25807 - - default default] Create volume of 1 GB
2022-10-17 04:08:41.952 19 INFO cinder.volume.api [None req-1c6c4205-5be4-4c6d-b1cb-40f01463da6f 5f640f06a1ee4646942a643eece9af26 b33323419d0d41a9a8d2bed533d25807 - - default default] Availability Zones retrieved successfully.
2022-10-17 04:08:42.048 19 WARNING cinder.quota [None req-1c6c4205-5be4-4c6d-b1cb-40f01463da6f 5f640f06a1ee4646942a643eece9af26 b33323419d0d41a9a8d2bed533d25807 - - default default] Deprecated: Default quota for resource: volumes_tempest-GroupsTest-volume-type-660800837 is set by the default quota flag: quota_volumes_tempest-GroupsTest-volume-type-660800837, it is now deprecated. Please use the default quota class for default quota.
2022-10-17 04:08:42.049 19 WARNING cinder.quota [None req-1c6c4205-5be4-4c6d-b1cb-40f01463da6f 5f640f06a1ee4646942a643eece9af26 b33323419d0d41a9a8d2bed533d25807 - - default default] Deprecated: Default quota for resource: gigabytes_tempest-GroupsTest-volume-type-660800837 is set by the default quota flag: quota_gigabytes_tempest-GroupsTest-volume-type-660800837, it is now deprecated. Please use the default quota class for default quota.
2022-10-17 04:08:42.147 19 INFO cinder.volume.api [None req-1c6c4205-5be4-4c6d-b1cb-40f01463da6f 5f640f06a1ee4646942a643eece9af26 b33323419d0d41a9a8d2bed533d25807 - - default default] Create volume request issued successfully.
2022-10-17 04:08:42.163 19 INFO cinder.api.openstack.wsgi [None req-1c6c4205-5be4-4c6d-b1cb-40f01463da6f 5f640f06a1ee4646942a643eece9af26 b33323419d0d41a9a8d2bed533d25807 - - default default] http://[LB_IP_ADDRESS]:8776/v3/b33323419d0d41a9a8d2bed533d25807/volumes returned with HTTP 202
2022-10-17 04:08:42.186 23 INFO cinder.api.openstack.wsgi [None req-3d5c55e1-a31a-46a3-b9e8-8b09054fb15f 5f640f06a1ee4646942a643eece9af26 b33323419d0d41a9a8d2bed533d25807 - - default default] GET http://[LB_IP_ADDRESS]:8776/v3/b33323419d0d41a9a8d2bed533d25807/volumes/31c8f0ca-2633-4552-9857-476b7a7f6a2d
2022-10-17 04:08:42.215 23 INFO cinder.volume.api [None req-3d5c55e1-a31a-46a3-b9e8-8b09054fb15f 5f640f06a1ee4646942a643eece9af26 b33323419d0d41a9a8d2bed533d25807 - - default default] Volume info retrieved successfully.
2022-10-17 04:08:42.238 23 INFO cinder.api.openstack.wsgi [None req-3d5c55e1-a31a-46a3-b9e8-8b09054fb15f 5f640f06a1ee4646942a643eece9af26 b33323419d0d41a9a8d2bed533d25807 - - default default] http://[LB_IP_ADDRESS]:8776/v3/b33323419d0d41a9a8d2bed533d25807/volumes/31c8f0ca-2633-4552-9857-476b7a7f6a2d returned with HTTP 200
2022-10-17 04:08:43.150 22 INFO cinder.api.openstack.wsgi [None req-32b46ee1-d127-42b8-b9f1-b946a7c3cc81 f21f9e4724794b31bdc237d32f00aafe 64f3d865e38d4021935ee2ecadd1b03e - - default default] POST http://[LB_IP_ADDRESS]:8776/v3/64f3d865e38d4021935ee2ecadd1b03e/types
2022-10-17 04:08:43.182 22 INFO cinder.api.openstack.wsgi [None req-32b46ee1-d127-42b8-b9f1-b946a7c3cc81 f21f9e4724794b31bdc237d32f00aafe 64f3d865e38d4021935ee2ecadd1b03e - - default default] http://[LB_IP_ADDRESS]:8776/v3/64f3d865e38d4021935ee2ecadd1b03e/types returned with HTTP 200
2022-10-17 04:08:43.199 20 INFO cinder.api.openstack.wsgi [None req-8ebe5687-7d3c-4173-8a0b-366b25835000 f21f9e4724794b31bdc237d32f00aafe 64f3d865e38d4021935ee2ecadd1b03e - - default default] POST http://[LB_IP_ADDRESS]:8776/v3/64f3d865e38d4021935ee2ecadd1b03e/group_types
2022-10-17 04:08:43.228 20 INFO cinder.api.openstack.wsgi [None req-8ebe5687-7d3c-4173-8a0b-366b25835000 f21f9e4724794b31bdc237d32f00aafe 64f3d865e38d4021935ee2ecadd1b03e - - default default] http://[LB_IP_ADDRESS]:8776/v3/64f3d865e38d4021935ee2ecadd1b03e/group_types returned with HTTP 202
2022-10-17 04:08:43.262 19 INFO cinder.api.openstack.wsgi [None req-e13be3e0-215b-4743-a7c2-636962da86d8 5f640f06a1ee4646942a643eece9af26 b33323419d0d41a9a8d2bed533d25807 - - default default] GET http://[LB_IP_ADDRESS]:8776/v3/b33323419d0d41a9a8d2bed533d25807/volumes/31c8f0ca-2633-4552-9857-476b7a7f6a2d
2022-10-17 04:08:43.296 19 INFO cinder.volume.api [None req-e13be3e0-215b-4743-a7c2-636962da86d8 5f640f06a1ee4646942a643eece9af26 b33323419d0d41a9a8d2bed533d25807 - - default default] Volume info retrieved successfully.
2022-10-17 04:08:43.328 19 INFO cinder.api.openstack.wsgi [None req-e13be3e0-215b-4743-a7c2-636962da86d8 5f640f06a1ee4646942a643eece9af26 b33323419d0d41a9a8d2bed533d25807 - - default default] http://[LB_IP_ADDRESS]:8776/v3/b33323419d0d41a9a8d2bed533d25807/volumes/31c8f0ca-2633-4552-9857-476b7a7f6a2d returned with HTTP 200
2022-10-17 04:08:43.388 21 INFO cinder.api.openstack.wsgi [None req-411c76f8-90ab-4432-ac26-f9467993f4ef 43431c808af6451a889b4a5c3ff38195 961c7c2424044bb2bb31dce627e232aa - - default default] POST http://[LB_IP_ADDRESS]:8776/v3/961c7c2424044bb2bb31dce627e232aa/groups
2022-10-17 04:08:43.398 21 INFO cinder.api.v3.groups [None req-411c76f8-90ab-4432-ac26-f9467993f4ef 43431c808af6451a889b4a5c3ff38195 961c7c2424044bb2bb31dce627e232aa - - default default] Creating group tempest-GroupSnapshotsTest-Group-273898766.
2022-10-17 04:08:43.412 21 INFO cinder.volume.api [None req-411c76f8-90ab-4432-ac26-f9467993f4ef 43431c808af6451a889b4a5c3ff38195 961c7c2424044bb2bb31dce627e232aa - - default default] Availability Zones retrieved successfully.
2022-10-17 04:08:43.484 21 INFO cinder.api.openstack.wsgi [None req-411c76f8-90ab-4432-ac26-f9467993f4ef 43431c808af6451a889b4a5c3ff38195 961c7c2424044bb2bb31dce627e232aa - - default default] http://[LB_IP_ADDRESS]:8776/v3/961c7c2424044bb2bb31dce627e232aa/groups returned with HTTP 202
2022-10-17 04:08:43.502 23 INFO cinder.api.openstack.wsgi [None req-072a9d57-81db-4e88-a0a5-d599aad69310 43431c808af6451a889b4a5c3ff38195 961c7c2424044bb2bb31dce627e232aa - - default default] GET http://[LB_IP_ADDRESS]:8776/v3/961c7c2424044bb2bb31dce627e232aa/groups/d922d636-b4f2-436c-9cb7-96a05533da53
2022-10-17 04:08:43.525 23 INFO cinder.api.openstack.wsgi [None req-072a9d57-81db-4e88-a0a5-d599aad69310 43431c808af6451a889b4a5c3ff38195 961c7c2424044bb2bb31dce627e232aa - - default default] http://[LB_IP_ADDRESS]:8776/v3/961c7c2424044bb2bb31dce627e232aa/groups/d922d636-b4f2-436c-9cb7-96a05533da53 returned with HTTP 200
2022-10-17 04:08:43.772 22 INFO cinder.api.openstack.wsgi [None req-81717031-351a-47c1-9f63-74c61d674a95 - - - - - -] GET http://[LB_IP_ADDRESS]:8776/
2022-10-17 04:08:43.773 22 INFO cinder.api.openstack.wsgi [None req-81717031-351a-47c1-9f63-74c61d674a95 - - - - - -] http://[LB_IP_ADDRESS]:8776/ returned with HTTP 300
2022-10-17 04:08:44.352 20 INFO cinder.api.openstack.wsgi [None req-db72b94a-bea8-4b83-8471-be7087451ceb 5f640f06a1ee4646942a643eece9af26 b33323419d0d41a9a8d2bed533d25807 - - default default] GET http://[LB_IP_ADDRESS]:8776/v3/b33323419d0d41a9a8d2bed533d25807/volumes/31c8f0ca-2633-4552-9857-476b7a7f6a2d
2022-10-17 04:08:44.383 20 INFO cinder.volume.api [None req-db72b94a-bea8-4b83-8471-be7087451ceb 5f640f06a1ee4646942a643eece9af26 b33323419d0d41a9a8d2bed533d25807 - - default default] Volume info retrieved successfully.
2022-10-17 04:08:44.413 20 INFO cinder.api.openstack.wsgi [None req-db72b94a-bea8-4b83-8471-be7087451ceb 5f640f06a1ee4646942a643eece9af26 b33323419d0d41a9a8d2bed533d25807 - - default default] http://[LB_IP_ADDRESS]:8776/v3/b33323419d0d41a9a8d2bed533d25807/volumes/31c8f0ca-2633-4552-9857-476b7a7f6a2d returned with HTTP 200
2022-10-17 04:08:44.436 19 INFO cinder.api.openstack.wsgi [None req-da622a28-b5a1-49b4-a455-5415c73a3cfd 5f640f06a1ee4646942a643eece9af26 b33323419d0d41a9a8d2bed533d25807 - - default default] PUT http://[LB_IP_ADDRESS]:8776/v3/b33323419d0d41a9a8d2bed533d25807/groups/b70140e4-dbe2-4f88-8d53-e8fe89be4e12
2022-10-17 04:08:44.440 19 INFO cinder.api.v3.groups [None req-da622a28-b5a1-49b4-a455-5415c73a3cfd 5f640f06a1ee4646942a643eece9af26 b33323419d0d41a9a8d2bed533d25807 - - default default] Updating group b70140e4-dbe2-4f88-8d53-e8fe89be4e12 with name new_group description: This is a new group add_volumes: None remove_volumes: 31c8f0ca-2633-4552-9857-476b7a7f6a2d.
2022-10-17 04:08:44.481 19 INFO cinder.api.openstack.wsgi [None req-da622a28-b5a1-49b4-a455-5415c73a3cfd 5f640f06a1ee4646942a643eece9af26 b33323419d0d41a9a8d2bed533d25807 - - default default] http://[LB_IP_ADDRESS]:8776/v3/b33323419d0d41a9a8d2bed533d25807/groups/b70140e4-dbe2-4f88-8d53-e8fe89be4e12 returned with HTTP 202
2022-10-17 04:08:44.494 21 INFO cinder.api.openstack.wsgi [None req-8f427887-e367-455f-ad7a-8d2d29141ac3 5f640f06a1ee4646942a643eece9af26 b33323419d0d41a9a8d2bed533d25807 - - default default] GET http://[LB_IP_ADDRESS]:8776/v3/b33323419d0d41a9a8d2bed533d25807/groups/b70140e4-dbe2-4f88-8d53-e8fe89be4e12
2022-10-17 04:08:44.515 21 INFO cinder.api.openstack.wsgi [None req-8f427887-e367-455f-ad7a-8d2d29141ac3 5f640f06a1ee4646942a643eece9af26 b33323419d0d41a9a8d2bed533d25807 - - default default] http://[LB_IP_ADDRESS]:8776/v3/b33323419d0d41a9a8d2bed533d25807/groups/b70140e4-dbe2-4f88-8d53-e8fe89be4e12 returned with HTTP 200
2022-10-17 04:08:44.544 23 INFO cinder.api.openstack.wsgi [None req-373845d3-5a7c-4fef-8f21-8f84bde0f4d6 43431c808af6451a889b4a5c3ff38195 961c7c2424044bb2bb31dce627e232aa - - default default] GET http://[LB_IP_ADDRESS]:8776/v3/961c7c2424044bb2bb31dce627e232aa/groups/d922d636-b4f2-436c-9cb7-96a05533da53
2022-10-17 04:08:44.567 23 INFO cinder.api.openstack.wsgi [None req-373845d3-5a7c-4fef-8f21-8f84bde0f4d6 43431c808af6451a889b4a5c3ff38195 961c7c2424044bb2bb31dce627e232aa - - default default] http://[LB_IP_ADDRESS]:8776/v3/961c7c2424044bb2bb31dce627e232aa/groups/d922d636-b4f2-436c-9cb7-96a05533da53 returned with HTTP 200
2022-10-17 04:08:44.583 22 INFO cinder.api.openstack.wsgi [None req-bb779fa6-dec2-4fef-9e48-5c374570b799 43431c808af6451a889b4a5c3ff38195 961c7c2424044bb2bb31dce627e232aa - - default default] POST http://[LB_IP_ADDRESS]:8776/v3/961c7c2424044bb2bb31dce627e232aa/volumes
2022-10-17 04:08:44.599 22 INFO cinder.api.v3.volumes [None req-bb779fa6-dec2-4fef-9e48-5c374570b799 43431c808af6451a889b4a5c3ff38195 961c7c2424044bb2bb31dce627e232aa - - default default] Create volume of 1 GB
2022-10-17 04:08:44.607 22 INFO cinder.volume.api [None req-bb779fa6-dec2-4fef-9e48-5c374570b799 43431c808af6451a889b4a5c3ff38195 961c7c2424044bb2bb31dce627e232aa - - default default] Availability Zones retrieved successfully.
2022-10-17 04:08:44.695 22 WARNING cinder.quota [None req-bb779fa6-dec2-4fef-9e48-5c374570b799 43431c808af6451a889b4a5c3ff38195 961c7c2424044bb2bb31dce627e232aa - - default default] Deprecated: Default quota for resource: volumes_tempest-GroupSnapshotsTest-volume-type-852830796 is set by the default quota flag: quota_volumes_tempest-GroupSnapshotsTest-volume-type-852830796, it is now deprecated. Please use the default quota class for default quota.
2022-10-17 04:08:44.696 22 WARNING cinder.quota [None req-bb779fa6-dec2-4fef-9e48-5c374570b799 43431c808af6451a889b4a5c3ff38195 961c7c2424044bb2bb31dce627e232aa - - default default] Deprecated: Default quota for resource: gigabytes_tempest-GroupSnapshotsTest-volume-type-852830796 is set by the default quota flag: quota_gigabytes_tempest-GroupSnapshotsTest-volume-type-852830796, it is now deprecated. Please use the default quota class for default quota.
2022-10-17 04:08:44.850 22 INFO cinder.volume.api [None req-bb779fa6-dec2-4fef-9e48-5c374570b799 43431c808af6451a889b4a5c3ff38195 961c7c2424044bb2bb31dce627e232aa - - default default] Create volume request issued successfully.
2022-10-17 04:08:44.872 22 INFO cinder.api.openstack.wsgi [None req-bb779fa6-dec2-4fef-9e48-5c374570b799 43431c808af6451a889b4a5c3ff38195 961c7c2424044bb2bb31dce627e232aa - - default default] http://[LB_IP_ADDRESS]:8776/v3/961c7c2424044bb2bb31dce627e232aa/volumes returned with HTTP 202
2022-10-17 04:08:44.893 20 INFO cinder.api.openstack.wsgi [None req-8f2ac1c6-6cf5-4e06-8593-c6c729330986 43431c808af6451a889b4a5c3ff38195 961c7c2424044bb2bb31dce627e232aa - - default default] GET http://[LB_IP_ADDRESS]:8776/v3/961c7c2424044bb2bb31dce627e232aa/volumes/645c98fa-7573-4561-a7c7-3d99b70309f6
2022-10-17 04:08:44.917 20 INFO cinder.volume.api [None req-8f2ac1c6-6cf5-4e06-8593-c6c729330986 43431c808af6451a889b4a5c3ff38195 961c7c2424044bb2bb31dce627e232aa - - default default] Volume info retrieved successfully.
2022-10-17 04:08:44.947 20 INFO cinder.api.openstack.wsgi [None req-8f2ac1c6-6cf5-4e06-8593-c6c729330986 43431c808af6451a889b4a5c3ff38195 961c7c2424044bb2bb31dce627e232aa - - default default] http://[LB_IP_ADDRESS]:8776/v3/961c7c2424044bb2bb31dce627e232aa/volumes/645c98fa-7573-4561-a7c7-3d99b70309f6 returned with HTTP 200
2022-10-17 04:08:45.534 19 INFO cinder.api.openstack.wsgi [None req-6d743ce5-4e24-4699-96b6-719f73ec7ea4 5f640f06a1ee4646942a643eece9af26 b33323419d0d41a9a8d2bed533d25807 - - default default] GET http://[LB_IP_ADDRESS]:8776/v3/b33323419d0d41a9a8d2bed533d25807/groups/b70140e4-dbe2-4f88-8d53-e8fe89be4e12
2022-10-17 04:08:45.556 19 INFO cinder.api.openstack.wsgi [None req-6d743ce5-4e24-4699-96b6-719f73ec7ea4 5f640f06a1ee4646942a643eece9af26 b33323419d0d41a9a8d2bed533d25807 - - default default] http://[LB_IP_ADDRESS]:8776/v3/b33323419d0d41a9a8d2bed533d25807/groups/b70140e4-dbe2-4f88-8d53-e8fe89be4e12 returned with HTTP 200
2022-10-17 04:08:45.573 21 INFO cinder.api.openstack.wsgi [None req-c5821378-3ef5-4bee-afe1-c7fb68a666c1 5f640f06a1ee4646942a643eece9af26 b33323419d0d41a9a8d2bed533d25807 - - default default] GET http://[LB_IP_ADDRESS]:8776/v3/b33323419d0d41a9a8d2bed533d25807/groups/b70140e4-dbe2-4f88-8d53-e8fe89be4e12
2022-10-17 04:08:45.595 21 INFO cinder.api.openstack.wsgi [None req-c5821378-3ef5-4bee-afe1-c7fb68a666c1 5f640f06a1ee4646942a643eece9af26 b33323419d0d41a9a8d2bed533d25807 - - default default] http://[LB_IP_ADDRESS]:8776/v3/b33323419d0d41a9a8d2bed533d25807/groups/b70140e4-dbe2-4f88-8d53-e8fe89be4e12 returned with HTTP 200
2022-10-17 04:08:45.610 23 INFO cinder.api.openstack.wsgi [None req-e47b9dd1-2a30-4cd0-80d7-4f28097c824d 5f640f06a1ee4646942a643eece9af26 b33323419d0d41a9a8d2bed533d25807 - - default default] GET http://[LB_IP_ADDRESS]:8776/v3/b33323419d0d41a9a8d2bed533d25807/volumes/detail
2022-10-17 04:08:45.633 23 INFO cinder.volume.api [None req-e47b9dd1-2a30-4cd0-80d7-4f28097c824d 5f640f06a1ee4646942a643eece9af26 b33323419d0d41a9a8d2bed533d25807 - - default default] Get all volumes completed successfully.
2022-10-17 04:08:45.666 23 INFO cinder.api.openstack.wsgi [None req-e47b9dd1-2a30-4cd0-80d7-4f28097c824d 5f640f06a1ee4646942a643eece9af26 b33323419d0d41a9a8d2bed533d25807 - - default default] http://[LB_IP_ADDRESS]:8776/v3/b33323419d0d41a9a8d2bed533d25807/volumes/detail returned with HTTP 200
2022-10-17 04:08:45.690 22 INFO cinder.api.openstack.wsgi [None req-aa979b77-d367-4c27-af0c-a637e0ad8262 5f640f06a1ee4646942a643eece9af26 b33323419d0d41a9a8d2bed533d25807 - - default default] PUT http://[LB_IP_ADDRESS]:8776/v3/b33323419d0d41a9a8d2bed533d25807/groups/b70140e4-dbe2-4f88-8d53-e8fe89be4e12
2022-10-17 04:08:45.695 22 INFO cinder.api.v3.groups [None req-aa979b77-d367-4c27-af0c-a637e0ad8262 5f640f06a1ee4646942a643eece9af26 b33323419d0d41a9a8d2bed533d25807 - - default default] Updating group b70140e4-dbe2-4f88-8d53-e8fe89be4e12 with name None description: None add_volumes: 31c8f0ca-2633-4552-9857-476b7a7f6a2d remove_volumes: None.
2022-10-17 04:08:45.762 22 INFO cinder.api.openstack.wsgi [None req-aa979b77-d367-4c27-af0c-a637e0ad8262 5f640f06a1ee4646942a643eece9af26 b33323419d0d41a9a8d2bed533d25807 - - default default] http://[LB_IP_ADDRESS]:8776/v3/b33323419d0d41a9a8d2bed533d25807/groups/b70140e4-dbe2-4f88-8d53-e8fe89be4e12 returned with HTTP 202
2022-10-17 04:08:45.776 20 INFO cinder.api.openstack.wsgi [None req-85144d09-cdff-4aa0-ba8c-294746a6341e 5f640f06a1ee4646942a643eece9af26 b33323419d0d41a9a8d2bed533d25807 - - default default] GET http://[LB_IP_ADDRESS]:8776/v3/b33323419d0d41a9a8d2bed533d25807/groups/b70140e4-dbe2-4f88-8d53-e8fe89be4e12
2022-10-17 04:08:45.805 20 INFO cinder.api.openstack.wsgi [None req-85144d09-cdff-4aa0-ba8c-294746a6341e 5f640f06a1ee4646942a643eece9af26 b33323419d0d41a9a8d2bed533d25807 - - default default] http://[LB_IP_ADDRESS]:8776/v3/b33323419d0d41a9a8d2bed533d25807/groups/b70140e4-dbe2-4f88-8d53-e8fe89be4e12 returned with HTTP 200
2022-10-17 04:08:45.968 19 INFO cinder.api.openstack.wsgi [None req-dcca7bc7-2b30-4c9b-bd2b-b52ad32febcd 43431c808af6451a889b4a5c3ff38195 961c7c2424044bb2bb31dce627e232aa - - default default] GET http://[LB_IP_ADDRESS]:8776/v3/961c7c2424044bb2bb31dce627e232aa/volumes/645c98fa-7573-4561-a7c7-3d99b70309f6
2022-10-17 04:08:45.992 19 INFO cinder.volume.api [None req-dcca7bc7-2b30-4c9b-bd2b-b52ad32febcd 43431c808af6451a889b4a5c3ff38195 961c7c2424044bb2bb31dce627e232aa - - default default] Volume info retrieved successfully.
2022-10-17 04:08:46.021 19 INFO cinder.api.openstack.wsgi [None req-dcca7bc7-2b30-4c9b-bd2b-b52ad32febcd 43431c808af6451a889b4a5c3ff38195 961c7c2424044bb2bb31dce627e232aa - - default default] http://[LB_IP_ADDRESS]:8776/v3/961c7c2424044bb2bb31dce627e232aa/volumes/645c98fa-7573-4561-a7c7-3d99b70309f6 returned with HTTP 200
2022-10-17 04:08:46.825 21 INFO cinder.api.openstack.wsgi [None req-ec9c3ae8-4af5-4dba-8111-24a57133ed81 5f640f06a1ee4646942a643eece9af26 b33323419d0d41a9a8d2bed533d25807 - - default default] GET http://[LB_IP_ADDRESS]:8776/v3/b33323419d0d41a9a8d2bed533d25807/groups/b70140e4-dbe2-4f88-8d53-e8fe89be4e12
2022-10-17 04:08:46.845 21 INFO cinder.api.openstack.wsgi [None req-ec9c3ae8-4af5-4dba-8111-24a57133ed81 5f640f06a1ee4646942a643eece9af26 b33323419d0d41a9a8d2bed533d25807 - - default default] http://[LB_IP_ADDRESS]:8776/v3/b33323419d0d41a9a8d2bed533d25807/groups/b70140e4-dbe2-4f88-8d53-e8fe89be4e12 returned with HTTP 200
2022-10-17 04:08:46.863 23 INFO cinder.api.openstack.wsgi [None req-23699644-d414-4505-8ef5-4ca06f705448 5f640f06a1ee4646942a643eece9af26 b33323419d0d41a9a8d2bed533d25807 - - default default] GET http://[LB_IP_ADDRESS]:8776/v3/b33323419d0d41a9a8d2bed533d25807/volumes/detail
2022-10-17 04:08:46.888 23 INFO cinder.volume.api [None req-23699644-d414-4505-8ef5-4ca06f705448 5f640f06a1ee4646942a643eece9af26 b33323419d0d41a9a8d2bed533d25807 - - default default] Get all volumes completed successfully.
2022-10-17 04:08:46.934 23 INFO cinder.api.openstack.wsgi [None req-23699644-d414-4505-8ef5-4ca06f705448 5f640f06a1ee4646942a643eece9af26 b33323419d0d41a9a8d2bed533d25807 - - default default] http://[LB_IP_ADDRESS]:8776/v3/b33323419d0d41a9a8d2bed533d25807/volumes/detail returned with HTTP 200
2022-10-17 04:08:46.958 22 INFO cinder.api.openstack.wsgi [None req-0d16f610-afea-4758-9439-2900bbd8bd80 5f640f06a1ee4646942a643eece9af26 b33323419d0d41a9a8d2bed533d25807 - - default default] GET http://[LB_IP_ADDRESS]:8776/v3/b33323419d0d41a9a8d2bed533d25807/volumes/detail
2022-10-17 04:08:46.981 22 INFO cinder.volume.api [None req-0d16f610-afea-4758-9439-2900bbd8bd80 5f640f06a1ee4646942a643eece9af26 b33323419d0d41a9a8d2bed533d25807 - - default default] Get all volumes completed successfully.
2022-10-17 04:08:47.028 22 INFO cinder.api.openstack.wsgi [None req-0d16f610-afea-4758-9439-2900bbd8bd80 5f640f06a1ee4646942a643eece9af26 b33323419d0d41a9a8d2bed533d25807 - - default default] http://[LB_IP_ADDRESS]:8776/v3/b33323419d0d41a9a8d2bed533d25807/volumes/detail returned with HTTP 200
2022-10-17 04:08:47.044 20 INFO cinder.api.openstack.wsgi [None req-5387deaa-46ee-4b3f-9cc0-03cf5108dc91 43431c808af6451a889b4a5c3ff38195 961c7c2424044bb2bb31dce627e232aa - - default default] GET http://[LB_IP_ADDRESS]:8776/v3/961c7c2424044bb2bb31dce627e232aa/volumes/645c98fa-7573-4561-a7c7-3d99b70309f6
2022-10-17 04:08:47.052 19 INFO cinder.api.openstack.wsgi [None req-b9356897-9f94-46ac-9b12-0a8c3d99f153 5f640f06a1ee4646942a643eece9af26 b33323419d0d41a9a8d2bed533d25807 - - default default] POST http://[LB_IP_ADDRESS]:8776/v3/b33323419d0d41a9a8d2bed533d25807/groups/b70140e4-dbe2-4f88-8d53-e8fe89be4e12/action
2022-10-17 04:08:47.056 19 INFO cinder.api.v3.groups [None req-b9356897-9f94-46ac-9b12-0a8c3d99f153 5f640f06a1ee4646942a643eece9af26 b33323419d0d41a9a8d2bed533d25807 - - default default] Delete group with id: b70140e4-dbe2-4f88-8d53-e8fe89be4e12
2022-10-17 04:08:47.073 20 INFO cinder.volume.api [None req-5387deaa-46ee-4b3f-9cc0-03cf5108dc91 43431c808af6451a889b4a5c3ff38195 961c7c2424044bb2bb31dce627e232aa - - default default] Volume info retrieved successfully.
2022-10-17 04:08:47.099 20 INFO cinder.api.openstack.wsgi [None req-5387deaa-46ee-4b3f-9cc0-03cf5108dc91 43431c808af6451a889b4a5c3ff38195 961c7c2424044bb2bb31dce627e232aa - - default default] http://[LB_IP_ADDRESS]:8776/v3/961c7c2424044bb2bb31dce627e232aa/volumes/645c98fa-7573-4561-a7c7-3d99b70309f6 returned with HTTP 200
2022-10-17 04:08:47.121 21 INFO cinder.api.openstack.wsgi [None req-12b7aef7-d11a-40c2-9d39-deeed531e8e4 43431c808af6451a889b4a5c3ff38195 961c7c2424044bb2bb31dce627e232aa - - default default] POST http://[LB_IP_ADDRESS]:8776/v3/961c7c2424044bb2bb31dce627e232aa/group_snapshots
2022-10-17 04:08:47.136 21 INFO cinder.api.v3.group_snapshots [None req-12b7aef7-d11a-40c2-9d39-deeed531e8e4 43431c808af6451a889b4a5c3ff38195 961c7c2424044bb2bb31dce627e232aa - - default default] Creating group_snapshot tempest-group_snapshot-698806742.
2022-10-17 04:08:47.156 19 INFO cinder.api.openstack.wsgi [None req-b9356897-9f94-46ac-9b12-0a8c3d99f153 5f640f06a1ee4646942a643eece9af26 b33323419d0d41a9a8d2bed533d25807 - - default default] http://[LB_IP_ADDRESS]:8776/v3/b33323419d0d41a9a8d2bed533d25807/groups/b70140e4-dbe2-4f88-8d53-e8fe89be4e12/action returned with HTTP 202
2022-10-17 04:08:47.169 23 INFO cinder.api.openstack.wsgi [None req-dd6a5aca-35fd-49d7-bd26-87ca57a65485 5f640f06a1ee4646942a643eece9af26 b33323419d0d41a9a8d2bed533d25807 - - default default] GET http://[LB_IP_ADDRESS]:8776/v3/b33323419d0d41a9a8d2bed533d25807/volumes/31c8f0ca-2633-4552-9857-476b7a7f6a2d
2022-10-17 04:08:47.193 23 INFO cinder.volume.api [None req-dd6a5aca-35fd-49d7-bd26-87ca57a65485 5f640f06a1ee4646942a643eece9af26 b33323419d0d41a9a8d2bed533d25807 - - default default] Volume info retrieved successfully.
2022-10-17 04:08:47.198 21 WARNING cinder.quota [None req-12b7aef7-d11a-40c2-9d39-deeed531e8e4 43431c808af6451a889b4a5c3ff38195 961c7c2424044bb2bb31dce627e232aa - - default default] Deprecated: Default quota for resource: gigabytes_tempest-GroupSnapshotsTest-volume-type-852830796 is set by the default quota flag: quota_gigabytes_tempest-GroupSnapshotsTest-volume-type-852830796, it is now deprecated. Please use the default quota class for default quota.
2022-10-17 04:08:47.199 21 WARNING cinder.quota [None req-12b7aef7-d11a-40c2-9d39-deeed531e8e4 43431c808af6451a889b4a5c3ff38195 961c7c2424044bb2bb31dce627e232aa - - default default] Deprecated: Default quota for resource: snapshots_tempest-GroupSnapshotsTest-volume-type-852830796 is set by the default quota flag: quota_snapshots_tempest-GroupSnapshotsTest-volume-type-852830796, it is now deprecated. Please use the default quota class for default quota.
2022-10-17 04:08:47.220 23 INFO cinder.api.openstack.wsgi [None req-dd6a5aca-35fd-49d7-bd26-87ca57a65485 5f640f06a1ee4646942a643eece9af26 b33323419d0d41a9a8d2bed533d25807 - - default default] http://[LB_IP_ADDRESS]:8776/v3/b33323419d0d41a9a8d2bed533d25807/volumes/31c8f0ca-2633-4552-9857-476b7a7f6a2d returned with HTTP 200
2022-10-17 04:08:47.288 21 INFO cinder.api.openstack.wsgi [None req-12b7aef7-d11a-40c2-9d39-deeed531e8e4 43431c808af6451a889b4a5c3ff38195 961c7c2424044bb2bb31dce627e232aa - - default default] http://[LB_IP_ADDRESS]:8776/v3/961c7c2424044bb2bb31dce627e232aa/group_snapshots returned with HTTP 202
2022-10-17 04:08:47.304 22 INFO cinder.api.openstack.wsgi [None req-e70a821c-6453-490c-aa8e-06737f5e4fc0 43431c808af6451a889b4a5c3ff38195 961c7c2424044bb2bb31dce627e232aa - - default default] GET http://[LB_IP_ADDRESS]:8776/v3/961c7c2424044bb2bb31dce627e232aa/group_snapshots/012bbc2f-ca47-4275-8b85-f6ccbd00a081
2022-10-17 04:08:47.322 22 INFO cinder.api.openstack.wsgi [None req-e70a821c-6453-490c-aa8e-06737f5e4fc0 43431c808af6451a889b4a5c3ff38195 961c7c2424044bb2bb31dce627e232aa - - default default] http://[LB_IP_ADDRESS]:8776/v3/961c7c2424044bb2bb31dce627e232aa/group_snapshots/012bbc2f-ca47-4275-8b85-f6ccbd00a081 returned with HTTP 200
2022-10-17 04:08:47.564 20 INFO cinder.api.openstack.wsgi [None req-513ff656-98b6-4702-8638-ebe8528d7f07 583f0d1914074bb68e88c801abcd30e0 d0615c7a95c54b6f9b4ca32a99adf090 - - default default] POST http://[LB_IP_ADDRESS]:8776/v3/d0615c7a95c54b6f9b4ca32a99adf090/volumes
2022-10-17 04:08:47.568 20 INFO cinder.api.v3.volumes [None req-513ff656-98b6-4702-8638-ebe8528d7f07 583f0d1914074bb68e88c801abcd30e0 d0615c7a95c54b6f9b4ca32a99adf090 - - default default] Create volume of 1 GB
2022-10-17 04:08:47.586 20 INFO cinder.volume.api [None req-513ff656-98b6-4702-8638-ebe8528d7f07 583f0d1914074bb68e88c801abcd30e0 d0615c7a95c54b6f9b4ca32a99adf090 - - default default] Availability Zones retrieved successfully.
2022-10-17 04:08:47.771 20 INFO cinder.volume.api [None req-513ff656-98b6-4702-8638-ebe8528d7f07 583f0d1914074bb68e88c801abcd30e0 d0615c7a95c54b6f9b4ca32a99adf090 - - default default] Create volume request issued successfully.
2022-10-17 04:08:47.774 20 INFO cinder.api.openstack.wsgi [None req-513ff656-98b6-4702-8638-ebe8528d7f07 583f0d1914074bb68e88c801abcd30e0 d0615c7a95c54b6f9b4ca32a99adf090 - - default default] http://[LB_IP_ADDRESS]:8776/v3/d0615c7a95c54b6f9b4ca32a99adf090/volumes returned with HTTP 202
2022-10-17 04:08:47.807 19 INFO cinder.api.openstack.wsgi [None req-aabf701f-00dd-4451-99cd-6fc5e4c0cf3e 583f0d1914074bb68e88c801abcd30e0 d0615c7a95c54b6f9b4ca32a99adf090 - - default default] GET http://[LB_IP_ADDRESS]:8776/v3/d0615c7a95c54b6f9b4ca32a99adf090/volumes/162c5f00-73b4-49ca-b766-a7e15eb505c3
2022-10-17 04:08:47.846 19 INFO cinder.volume.api [None req-aabf701f-00dd-4451-99cd-6fc5e4c0cf3e 583f0d1914074bb68e88c801abcd30e0 d0615c7a95c54b6f9b4ca32a99adf090 - - default default] Volume info retrieved successfully.
2022-10-17 04:08:47.854 19 INFO cinder.api.openstack.wsgi [None req-aabf701f-00dd-4451-99cd-6fc5e4c0cf3e 583f0d1914074bb68e88c801abcd30e0 d0615c7a95c54b6f9b4ca32a99adf090 - - default default] http://[LB_IP_ADDRESS]:8776/v3/d0615c7a95c54b6f9b4ca32a99adf090/volumes/162c5f00-73b4-49ca-b766-a7e15eb505c3 returned with HTTP 200
2022-10-17 04:08:48.245 23 INFO cinder.api.openstack.wsgi [None req-f01a0958-05b0-4078-86f9-3b40bc04f682 5f640f06a1ee4646942a643eece9af26 b33323419d0d41a9a8d2bed533d25807 - - default default] GET http://[LB_IP_ADDRESS]:8776/v3/b33323419d0d41a9a8d2bed533d25807/volumes/31c8f0ca-2633-4552-9857-476b7a7f6a2d
2022-10-17 04:08:48.266 23 INFO cinder.api.openstack.wsgi [None req-f01a0958-05b0-4078-86f9-3b40bc04f682 5f640f06a1ee4646942a643eece9af26 b33323419d0d41a9a8d2bed533d25807 - - default default] http://[LB_IP_ADDRESS]:8776/v3/b33323419d0d41a9a8d2bed533d25807/volumes/31c8f0ca-2633-4552-9857-476b7a7f6a2d returned with HTTP 404
2022-10-17 04:08:48.281 21 INFO cinder.api.openstack.wsgi [None req-8b56a1ec-7409-45cd-a637-f86438c93cd3 5f640f06a1ee4646942a643eece9af26 b33323419d0d41a9a8d2bed533d25807 - - default default] GET http://[LB_IP_ADDRESS]:8776/v3/b33323419d0d41a9a8d2bed533d25807/volumes/7ee3626b-a21e-41dd-b466-097461eb0bb9
2022-10-17 04:08:48.300 21 INFO cinder.api.openstack.wsgi [None req-8b56a1ec-7409-45cd-a637-f86438c93cd3 5f640f06a1ee4646942a643eece9af26 b33323419d0d41a9a8d2bed533d25807 - - default default] http://[LB_IP_ADDRESS]:8776/v3/b33323419d0d41a9a8d2bed533d25807/volumes/7ee3626b-a21e-41dd-b466-097461eb0bb9 returned with HTTP 404
2022-10-17 04:08:48.315 22 INFO cinder.api.openstack.wsgi [None req-4ae2ec28-8a2d-4ea1-8145-267ded454cdf 5f640f06a1ee4646942a643eece9af26 b33323419d0d41a9a8d2bed533d25807 - - default default] GET http://[LB_IP_ADDRESS]:8776/v3/b33323419d0d41a9a8d2bed533d25807/groups/b70140e4-dbe2-4f88-8d53-e8fe89be4e12
2022-10-17 04:08:48.323 22 INFO cinder.api.openstack.wsgi [None req-4ae2ec28-8a2d-4ea1-8145-267ded454cdf 5f640f06a1ee4646942a643eece9af26 b33323419d0d41a9a8d2bed533d25807 - - default default] http://[LB_IP_ADDRESS]:8776/v3/b33323419d0d41a9a8d2bed533d25807/groups/b70140e4-dbe2-4f88-8d53-e8fe89be4e12 returned with HTTP 404
2022-10-17 04:08:48.337 20 INFO cinder.api.openstack.wsgi [None req-f0ea6795-1fb9-43e1-92d3-d5c5e59a628b 67b15da7764246118a0bc1817a4c65ca 4860048fe13648738296d2f5bb8673ca - - default default] DELETE http://[LB_IP_ADDRESS]:8776/v3/4860048fe13648738296d2f5bb8673ca/group_types/035911a1-5f3f-4ef9-9e2a-9c32ab567544
2022-10-17 04:08:48.339 19 INFO cinder.api.openstack.wsgi [None req-f2de8eb6-8ae1-4de6-b691-6fa4a2fa1066 43431c808af6451a889b4a5c3ff38195 961c7c2424044bb2bb31dce627e232aa - - default default] GET http://[LB_IP_ADDRESS]:8776/v3/961c7c2424044bb2bb31dce627e232aa/group_snapshots/012bbc2f-ca47-4275-8b85-f6ccbd00a081
2022-10-17 04:08:48.352 19 INFO cinder.api.openstack.wsgi [None req-f2de8eb6-8ae1-4de6-b691-6fa4a2fa1066 43431c808af6451a889b4a5c3ff38195 961c7c2424044bb2bb31dce627e232aa - - default default] http://[LB_IP_ADDRESS]:8776/v3/961c7c2424044bb2bb31dce627e232aa/group_snapshots/012bbc2f-ca47-4275-8b85-f6ccbd00a081 returned with HTTP 200
2022-10-17 04:08:48.364 20 INFO cinder.api.openstack.wsgi [None req-f0ea6795-1fb9-43e1-92d3-d5c5e59a628b 67b15da7764246118a0bc1817a4c65ca 4860048fe13648738296d2f5bb8673ca - - default default] http://[LB_IP_ADDRESS]:8776/v3/4860048fe13648738296d2f5bb8673ca/group_types/035911a1-5f3f-4ef9-9e2a-9c32ab567544 returned with HTTP 202
2022-10-17 04:08:48.379 23 INFO cinder.api.openstack.wsgi [None req-949a9d3d-19ab-4b11-a91d-1210ff777cd8 5f640f06a1ee4646942a643eece9af26 b33323419d0d41a9a8d2bed533d25807 - - default default] DELETE http://[LB_IP_ADDRESS]:8776/v3/b33323419d0d41a9a8d2bed533d25807/volumes/31c8f0ca-2633-4552-9857-476b7a7f6a2d
2022-10-17 04:08:48.380 23 INFO cinder.api.v3.volumes [None req-949a9d3d-19ab-4b11-a91d-1210ff777cd8 5f640f06a1ee4646942a643eece9af26 b33323419d0d41a9a8d2bed533d25807 - - default default] Delete volume with id: 31c8f0ca-2633-4552-9857-476b7a7f6a2d 
2022-10-17 04:08:48.394 23 INFO cinder.api.openstack.wsgi [None req-949a9d3d-19ab-4b11-a91d-1210ff777cd8 5f640f06a1ee4646942a643eece9af26 b33323419d0d41a9a8d2bed533d25807 - - default default] http://[LB_IP_ADDRESS]:8776/v3/b33323419d0d41a9a8d2bed533d25807/volumes/31c8f0ca-2633-4552-9857-476b7a7f6a2d returned with HTTP 404
2022-10-17 04:08:48.407 21 INFO cinder.api.openstack.wsgi [None req-b0f73ec4-55f5-4900-976c-64c1a4e6d5fd 5f640f06a1ee4646942a643eece9af26 b33323419d0d41a9a8d2bed533d25807 - - default default] DELETE http://[LB_IP_ADDRESS]:8776/v3/b33323419d0d41a9a8d2bed533d25807/volumes/7ee3626b-a21e-41dd-b466-097461eb0bb9
2022-10-17 04:08:48.408 21 INFO cinder.api.v3.volumes [None req-b0f73ec4-55f5-4900-976c-64c1a4e6d5fd 5f640f06a1ee4646942a643eece9af26 b33323419d0d41a9a8d2bed533d25807 - - default default] Delete volume with id: 7ee3626b-a21e-41dd-b466-097461eb0bb9 
2022-10-17 04:08:48.423 21 INFO cinder.api.openstack.wsgi [None req-b0f73ec4-55f5-4900-976c-64c1a4e6d5fd 5f640f06a1ee4646942a643eece9af26 b33323419d0d41a9a8d2bed533d25807 - - default default] http://[LB_IP_ADDRESS]:8776/v3/b33323419d0d41a9a8d2bed533d25807/volumes/7ee3626b-a21e-41dd-b466-097461eb0bb9 returned with HTTP 404
2022-10-17 04:08:48.433 22 INFO cinder.api.openstack.wsgi [None req-acff19c1-055c-483d-afd1-7d98ced08177 67b15da7764246118a0bc1817a4c65ca 4860048fe13648738296d2f5bb8673ca - - default default] DELETE http://[LB_IP_ADDRESS]:8776/v3/4860048fe13648738296d2f5bb8673ca/types/73246369-9e7e-449c-90e9-7f85df01f7bd
2022-10-17 04:08:48.492 22 INFO cinder.api.openstack.wsgi [None req-acff19c1-055c-483d-afd1-7d98ced08177 67b15da7764246118a0bc1817a4c65ca 4860048fe13648738296d2f5bb8673ca - - default default] http://[LB_IP_ADDRESS]:8776/v3/4860048fe13648738296d2f5bb8673ca/types/73246369-9e7e-449c-90e9-7f85df01f7bd returned with HTTP 202
2022-10-17 04:08:48.504 19 INFO cinder.api.openstack.wsgi [None req-21b00db7-472b-4d5f-856c-35d7738ec98f 67b15da7764246118a0bc1817a4c65ca 4860048fe13648738296d2f5bb8673ca - - default default] GET http://[LB_IP_ADDRESS]:8776/v3/4860048fe13648738296d2f5bb8673ca/types/73246369-9e7e-449c-90e9-7f85df01f7bd
2022-10-17 04:08:48.513 19 INFO cinder.api.openstack.wsgi [None req-21b00db7-472b-4d5f-856c-35d7738ec98f 67b15da7764246118a0bc1817a4c65ca 4860048fe13648738296d2f5bb8673ca - - default default] http://[LB_IP_ADDRESS]:8776/v3/4860048fe13648738296d2f5bb8673ca/types/73246369-9e7e-449c-90e9-7f85df01f7bd returned with HTTP 404
2022-10-17 04:08:48.526 20 INFO cinder.api.openstack.wsgi [None req-e1813ca3-d5b8-4031-a376-a4796c007bc7 67b15da7764246118a0bc1817a4c65ca 4860048fe13648738296d2f5bb8673ca - - default default] DELETE http://[LB_IP_ADDRESS]:8776/v3/4860048fe13648738296d2f5bb8673ca/types/dd2663e9-f91f-472a-90fd-809609df4c32
2022-10-17 04:08:48.585 20 INFO cinder.api.openstack.wsgi [None req-e1813ca3-d5b8-4031-a376-a4796c007bc7 67b15da7764246118a0bc1817a4c65ca 4860048fe13648738296d2f5bb8673ca - - default default] http://[LB_IP_ADDRESS]:8776/v3/4860048fe13648738296d2f5bb8673ca/types/dd2663e9-f91f-472a-90fd-809609df4c32 returned with HTTP 202
2022-10-17 04:08:48.598 23 INFO cinder.api.openstack.wsgi [None req-44b2394c-6f10-4781-8627-ab552fa794a3 67b15da7764246118a0bc1817a4c65ca 4860048fe13648738296d2f5bb8673ca - - default default] GET http://[LB_IP_ADDRESS]:8776/v3/4860048fe13648738296d2f5bb8673ca/types/dd2663e9-f91f-472a-90fd-809609df4c32
2022-10-17 04:08:48.606 23 INFO cinder.api.openstack.wsgi [None req-44b2394c-6f10-4781-8627-ab552fa794a3 67b15da7764246118a0bc1817a4c65ca 4860048fe13648738296d2f5bb8673ca - - default default] http://[LB_IP_ADDRESS]:8776/v3/4860048fe13648738296d2f5bb8673ca/types/dd2663e9-f91f-472a-90fd-809609df4c32 returned with HTTP 404
2022-10-17 04:08:48.876 21 INFO cinder.api.openstack.wsgi [None req-f8d1857d-731f-4702-b216-cf6ed6876276 583f0d1914074bb68e88c801abcd30e0 d0615c7a95c54b6f9b4ca32a99adf090 - - default default] GET http://[LB_IP_ADDRESS]:8776/v3/d0615c7a95c54b6f9b4ca32a99adf090/volumes/162c5f00-73b4-49ca-b766-a7e15eb505c3
2022-10-17 04:08:48.908 21 INFO cinder.volume.api [None req-f8d1857d-731f-4702-b216-cf6ed6876276 583f0d1914074bb68e88c801abcd30e0 d0615c7a95c54b6f9b4ca32a99adf090 - - default default] Volume info retrieved successfully.
2022-10-17 04:08:48.919 21 INFO cinder.api.openstack.wsgi [None req-f8d1857d-731f-4702-b216-cf6ed6876276 583f0d1914074bb68e88c801abcd30e0 d0615c7a95c54b6f9b4ca32a99adf090 - - default default] http://[LB_IP_ADDRESS]:8776/v3/d0615c7a95c54b6f9b4ca32a99adf090/volumes/162c5f00-73b4-49ca-b766-a7e15eb505c3 returned with HTTP 200
2022-10-17 04:08:49.369 22 INFO cinder.api.openstack.wsgi [None req-d55ef521-f381-42b5-9229-096716b67936 43431c808af6451a889b4a5c3ff38195 961c7c2424044bb2bb31dce627e232aa - - default default] GET http://[LB_IP_ADDRESS]:8776/v3/961c7c2424044bb2bb31dce627e232aa/group_snapshots/012bbc2f-ca47-4275-8b85-f6ccbd00a081
2022-10-17 04:08:49.382 22 INFO cinder.api.openstack.wsgi [None req-d55ef521-f381-42b5-9229-096716b67936 43431c808af6451a889b4a5c3ff38195 961c7c2424044bb2bb31dce627e232aa - - default default] http://[LB_IP_ADDRESS]:8776/v3/961c7c2424044bb2bb31dce627e232aa/group_snapshots/012bbc2f-ca47-4275-8b85-f6ccbd00a081 returned with HTTP 200
2022-10-17 04:08:49.397 19 INFO cinder.api.openstack.wsgi [None req-42fa5ade-3a64-4aec-a448-863d4bdfbffc 43431c808af6451a889b4a5c3ff38195 961c7c2424044bb2bb31dce627e232aa - - default default] GET http://[LB_IP_ADDRESS]:8776/v3/961c7c2424044bb2bb31dce627e232aa/snapshots/detail
2022-10-17 04:08:49.413 19 INFO cinder.volume.api [None req-42fa5ade-3a64-4aec-a448-863d4bdfbffc 43431c808af6451a889b4a5c3ff38195 961c7c2424044bb2bb31dce627e232aa - - default default] Get all snapshots completed successfully.
2022-10-17 04:08:49.416 19 INFO cinder.api.openstack.wsgi [None req-42fa5ade-3a64-4aec-a448-863d4bdfbffc 43431c808af6451a889b4a5c3ff38195 961c7c2424044bb2bb31dce627e232aa - - default default] http://[LB_IP_ADDRESS]:8776/v3/961c7c2424044bb2bb31dce627e232aa/snapshots/detail returned with HTTP 200
2022-10-17 04:08:49.434 20 INFO cinder.api.openstack.wsgi [None req-c33f7b59-49fb-4c94-8dcd-b5735ef1a91f 43431c808af6451a889b4a5c3ff38195 961c7c2424044bb2bb31dce627e232aa - - default default] GET http://[LB_IP_ADDRESS]:8776/v3/961c7c2424044bb2bb31dce627e232aa/snapshots/1c26c632-dfd9-4d93-b960-9984f11f5e24
2022-10-17 04:08:49.450 20 INFO cinder.volume.api [None req-c33f7b59-49fb-4c94-8dcd-b5735ef1a91f 43431c808af6451a889b4a5c3ff38195 961c7c2424044bb2bb31dce627e232aa - - default default] Snapshot retrieved successfully.
2022-10-17 04:08:49.452 20 INFO cinder.api.openstack.wsgi [None req-c33f7b59-49fb-4c94-8dcd-b5735ef1a91f 43431c808af6451a889b4a5c3ff38195 961c7c2424044bb2bb31dce627e232aa - - default default] http://[LB_IP_ADDRESS]:8776/v3/961c7c2424044bb2bb31dce627e232aa/snapshots/1c26c632-dfd9-4d93-b960-9984f11f5e24 returned with HTTP 200
2022-10-17 04:08:49.468 23 INFO cinder.api.openstack.wsgi [None req-ca1658cb-1213-41a9-9830-690b2c919aec 43431c808af6451a889b4a5c3ff38195 961c7c2424044bb2bb31dce627e232aa - - default default] POST http://[LB_IP_ADDRESS]:8776/v3/961c7c2424044bb2bb31dce627e232aa/groups/action
2022-10-17 04:08:49.472 23 INFO cinder.api.v3.groups [None req-ca1658cb-1213-41a9-9830-690b2c919aec 43431c808af6451a889b4a5c3ff38195 961c7c2424044bb2bb31dce627e232aa - - default default] Creating group tempest-Group_from_snap-39850377 from group_snapshot 012bbc2f-ca47-4275-8b85-f6ccbd00a081.
2022-10-17 04:08:49.640 23 INFO cinder.group.api [None req-ca1658cb-1213-41a9-9830-690b2c919aec 43431c808af6451a889b4a5c3ff38195 961c7c2424044bb2bb31dce627e232aa - - default default] A mapping entry already exists for group 360c1c1d-8ec6-4067-b454-1bf7c4fb17c4 and volume type 8d1b68d7-cb6f-4584-81aa-5ddfa1af6b3d. Do not need to create again.
2022-10-17 04:08:49.647 23 INFO cinder.volume.api [None req-ca1658cb-1213-41a9-9830-690b2c919aec 43431c808af6451a889b4a5c3ff38195 961c7c2424044bb2bb31dce627e232aa - - default default] Availability Zones retrieved successfully.
2022-10-17 04:08:49.740 23 WARNING cinder.quota [None req-ca1658cb-1213-41a9-9830-690b2c919aec 43431c808af6451a889b4a5c3ff38195 961c7c2424044bb2bb31dce627e232aa - - default default] Deprecated: Default quota for resource: volumes_tempest-GroupSnapshotsTest-volume-type-852830796 is set by the default quota flag: quota_volumes_tempest-GroupSnapshotsTest-volume-type-852830796, it is now deprecated. Please use the default quota class for default quota.
2022-10-17 04:08:49.819 23 INFO cinder.volume.api [None req-ca1658cb-1213-41a9-9830-690b2c919aec 43431c808af6451a889b4a5c3ff38195 961c7c2424044bb2bb31dce627e232aa - - default default] Create volume request issued successfully.
2022-10-17 04:08:49.841 23 INFO cinder.api.openstack.wsgi [None req-ca1658cb-1213-41a9-9830-690b2c919aec 43431c808af6451a889b4a5c3ff38195 961c7c2424044bb2bb31dce627e232aa - - default default] http://[LB_IP_ADDRESS]:8776/v3/961c7c2424044bb2bb31dce627e232aa/groups/action returned with HTTP 202
2022-10-17 04:08:49.855 21 INFO cinder.api.openstack.wsgi [None req-a24e85ce-cc54-4d75-84bd-e31ab5c3f188 43431c808af6451a889b4a5c3ff38195 961c7c2424044bb2bb31dce627e232aa - - default default] GET http://[LB_IP_ADDRESS]:8776/v3/961c7c2424044bb2bb31dce627e232aa/volumes/detail
2022-10-17 04:08:49.879 21 INFO cinder.volume.api [None req-a24e85ce-cc54-4d75-84bd-e31ab5c3f188 43431c808af6451a889b4a5c3ff38195 961c7c2424044bb2bb31dce627e232aa - - default default] Get all volumes completed successfully.
