Build Started 29_10_2025_16_08_11
2025-10-29 16:10:43.902 74 INFO cinder.api.openstack.wsgi [None req-b8ec251b-706c-4141-addf-5792fe2f82f2 f460cd12b7bf45fdbe1b1c80caa94ead 42542bf38a1440c9ad02047e15dca86a - - default default] GET http://[LB_IP_ADDRESS]:8776/v3/42542bf38a1440c9ad02047e15dca86a/volumes/detail
2025-10-29 16:10:43.921 74 INFO cinder.volume.api [None req-b8ec251b-706c-4141-addf-5792fe2f82f2 f460cd12b7bf45fdbe1b1c80caa94ead 42542bf38a1440c9ad02047e15dca86a - - default default] Get all volumes completed successfully.
2025-10-29 16:10:43.928 74 INFO cinder.api.openstack.wsgi [None req-b8ec251b-706c-4141-addf-5792fe2f82f2 f460cd12b7bf45fdbe1b1c80caa94ead 42542bf38a1440c9ad02047e15dca86a - - default default] http://[LB_IP_ADDRESS]:8776/v3/42542bf38a1440c9ad02047e15dca86a/volumes/detail returned with HTTP 200
2025-10-29 16:10:43.945 75 INFO cinder.api.openstack.wsgi [req-b8ec251b-706c-4141-addf-5792fe2f82f2 req-bb9d2ef4-c058-4447-895c-dbb0bf0f3330 f460cd12b7bf45fdbe1b1c80caa94ead 42542bf38a1440c9ad02047e15dca86a - - default default] GET http://[LB_IP_ADDRESS]:8776/v3/42542bf38a1440c9ad02047e15dca86a/snapshots/detail?all_tenants=True
2025-10-29 16:10:43.959 75 INFO cinder.volume.api [req-b8ec251b-706c-4141-addf-5792fe2f82f2 req-bb9d2ef4-c058-4447-895c-dbb0bf0f3330 f460cd12b7bf45fdbe1b1c80caa94ead 42542bf38a1440c9ad02047e15dca86a - - default default] Get all snapshots completed successfully.
2025-10-29 16:10:43.961 75 INFO cinder.api.openstack.wsgi [req-b8ec251b-706c-4141-addf-5792fe2f82f2 req-bb9d2ef4-c058-4447-895c-dbb0bf0f3330 f460cd12b7bf45fdbe1b1c80caa94ead 42542bf38a1440c9ad02047e15dca86a - - default default] http://[LB_IP_ADDRESS]:8776/v3/42542bf38a1440c9ad02047e15dca86a/snapshots/detail?all_tenants=True returned with HTTP 200
2025-10-29 16:10:45.553 73 INFO cinder.api.openstack.wsgi [None req-856c4b08-9748-428a-a86d-ad9660aef773 f460cd12b7bf45fdbe1b1c80caa94ead 42542bf38a1440c9ad02047e15dca86a - - default default] GET http://[LB_IP_ADDRESS]:8776/v3/42542bf38a1440c9ad02047e15dca86a/volumes/detail?all_tenants=True
2025-10-29 16:10:45.573 73 INFO cinder.volume.api [None req-856c4b08-9748-428a-a86d-ad9660aef773 f460cd12b7bf45fdbe1b1c80caa94ead 42542bf38a1440c9ad02047e15dca86a - - default default] Get all volumes completed successfully.
2025-10-29 16:10:45.573 72 INFO cinder.api.openstack.wsgi [None req-7bb889d1-3852-4938-b55c-38e607bfb818 - - - - - -] GET http://[LB_IP_ADDRESS]:8776/
2025-10-29 16:10:45.575 72 INFO cinder.api.openstack.wsgi [None req-7bb889d1-3852-4938-b55c-38e607bfb818 - - - - - -] http://[LB_IP_ADDRESS]:8776/ returned with HTTP 300
2025-10-29 16:10:45.578 73 INFO cinder.api.openstack.wsgi [None req-856c4b08-9748-428a-a86d-ad9660aef773 f460cd12b7bf45fdbe1b1c80caa94ead 42542bf38a1440c9ad02047e15dca86a - - default default] http://[LB_IP_ADDRESS]:8776/v3/42542bf38a1440c9ad02047e15dca86a/volumes/detail?all_tenants=True returned with HTTP 200
2025-10-29 16:10:47.003 76 INFO cinder.api.openstack.wsgi [None req-3c1cd5b7-5bb2-4ef6-9278-3193723c4389 f460cd12b7bf45fdbe1b1c80caa94ead 42542bf38a1440c9ad02047e15dca86a - - default default] GET http://[LB_IP_ADDRESS]:8776/v3/42542bf38a1440c9ad02047e15dca86a/types?is_public=None
2025-10-29 16:10:47.028 76 INFO cinder.api.openstack.wsgi [None req-3c1cd5b7-5bb2-4ef6-9278-3193723c4389 f460cd12b7bf45fdbe1b1c80caa94ead 42542bf38a1440c9ad02047e15dca86a - - default default] http://[LB_IP_ADDRESS]:8776/v3/42542bf38a1440c9ad02047e15dca86a/types?is_public=None returned with HTTP 200
2025-10-29 16:10:55.262 74 INFO cinder.api.openstack.wsgi [None req-21cc5f07-df6a-4591-ab22-c3732dfbcf31 f460cd12b7bf45fdbe1b1c80caa94ead 42542bf38a1440c9ad02047e15dca86a - - default default] GET http://[LB_IP_ADDRESS]:8776/v3/42542bf38a1440c9ad02047e15dca86a/snapshots
2025-10-29 16:10:55.275 74 INFO cinder.volume.api [None req-21cc5f07-df6a-4591-ab22-c3732dfbcf31 f460cd12b7bf45fdbe1b1c80caa94ead 42542bf38a1440c9ad02047e15dca86a - - default default] Get all snapshots completed successfully.
2025-10-29 16:10:55.276 74 INFO cinder.api.openstack.wsgi [None req-21cc5f07-df6a-4591-ab22-c3732dfbcf31 f460cd12b7bf45fdbe1b1c80caa94ead 42542bf38a1440c9ad02047e15dca86a - - default default] http://[LB_IP_ADDRESS]:8776/v3/42542bf38a1440c9ad02047e15dca86a/snapshots returned with HTTP 200
2025-10-29 16:10:55.293 75 INFO cinder.api.openstack.wsgi [None req-cefb83ef-45c8-4eeb-9dd3-ae0ff8bf8a9f f460cd12b7bf45fdbe1b1c80caa94ead 42542bf38a1440c9ad02047e15dca86a - - default default] GET http://[LB_IP_ADDRESS]:8776/v3/42542bf38a1440c9ad02047e15dca86a/volumes
2025-10-29 16:10:55.309 75 INFO cinder.volume.api [None req-cefb83ef-45c8-4eeb-9dd3-ae0ff8bf8a9f f460cd12b7bf45fdbe1b1c80caa94ead 42542bf38a1440c9ad02047e15dca86a - - default default] Get all volumes completed successfully.
2025-10-29 16:10:55.309 75 INFO cinder.api.openstack.wsgi [None req-cefb83ef-45c8-4eeb-9dd3-ae0ff8bf8a9f f460cd12b7bf45fdbe1b1c80caa94ead 42542bf38a1440c9ad02047e15dca86a - - default default] http://[LB_IP_ADDRESS]:8776/v3/42542bf38a1440c9ad02047e15dca86a/volumes returned with HTTP 200
2025-10-29 16:11:04.242 72 INFO cinder.api.openstack.wsgi [req-675c64cb-977b-4c26-83f4-f3af9aa517cb req-5aaff878-f8b4-4dd4-a370-98875808e703 cad25e8cd81a45faa0031503d152c5aa 4abf58ffb8204219bc770a89b9e0ed13 - - default default] POST http://[LB_IP_ADDRESS]:8776/v3/volumes
2025-10-29 16:11:04.248 72 INFO cinder.api.v3.volumes [req-675c64cb-977b-4c26-83f4-f3af9aa517cb req-5aaff878-f8b4-4dd4-a370-98875808e703 cad25e8cd81a45faa0031503d152c5aa 4abf58ffb8204219bc770a89b9e0ed13 - - default default] Create volume of 1 GB
2025-10-29 16:11:04.267 72 INFO cinder.volume.api [req-675c64cb-977b-4c26-83f4-f3af9aa517cb req-5aaff878-f8b4-4dd4-a370-98875808e703 cad25e8cd81a45faa0031503d152c5aa 4abf58ffb8204219bc770a89b9e0ed13 - - default default] Availability Zones retrieved successfully.
2025-10-29 16:11:04.344 73 INFO cinder.api.openstack.wsgi [req-dc6fd1f6-44d6-4a95-86a9-2434b7588640 req-ced3a8e2-a95b-4323-8fb2-39df98b7ef52 332861ce75e5462280fbb2bb12348228 9e2c262df216454fb4d4e7fd0035a4b1 - - default default] DELETE http://[LB_IP_ADDRESS]:8776/v3/volumes/tempest-invalid-664344805
2025-10-29 16:11:04.345 73 INFO cinder.api.v3.volumes [req-dc6fd1f6-44d6-4a95-86a9-2434b7588640 req-ced3a8e2-a95b-4323-8fb2-39df98b7ef52 332861ce75e5462280fbb2bb12348228 9e2c262df216454fb4d4e7fd0035a4b1 - - default default] Delete volume with id: tempest-invalid-664344805 
2025-10-29 16:11:04.360 73 INFO cinder.api.openstack.wsgi [req-dc6fd1f6-44d6-4a95-86a9-2434b7588640 req-ced3a8e2-a95b-4323-8fb2-39df98b7ef52 332861ce75e5462280fbb2bb12348228 9e2c262df216454fb4d4e7fd0035a4b1 - - default default] http://[LB_IP_ADDRESS]:8776/v3/volumes/tempest-invalid-664344805 returned with HTTP 404
2025-10-29 16:11:04.454 76 INFO cinder.api.openstack.wsgi [req-6aceced7-de5b-4a20-894e-d41befff81e0 req-2afe95b1-e42d-4106-af51-784c2fd15329 332861ce75e5462280fbb2bb12348228 9e2c262df216454fb4d4e7fd0035a4b1 - - default default] DELETE http://[LB_IP_ADDRESS]:8776/v3/volumes/0471b41f-49d0-417e-8f8b-f583bed46717
2025-10-29 16:11:04.455 76 INFO cinder.api.v3.volumes [req-6aceced7-de5b-4a20-894e-d41befff81e0 req-2afe95b1-e42d-4106-af51-784c2fd15329 332861ce75e5462280fbb2bb12348228 9e2c262df216454fb4d4e7fd0035a4b1 - - default default] Delete volume with id: 0471b41f-49d0-417e-8f8b-f583bed46717 
2025-10-29 16:11:04.471 76 INFO cinder.api.openstack.wsgi [req-6aceced7-de5b-4a20-894e-d41befff81e0 req-2afe95b1-e42d-4106-af51-784c2fd15329 332861ce75e5462280fbb2bb12348228 9e2c262df216454fb4d4e7fd0035a4b1 - - default default] http://[LB_IP_ADDRESS]:8776/v3/volumes/0471b41f-49d0-417e-8f8b-f583bed46717 returned with HTTP 404
2025-10-29 16:11:04.504 74 INFO cinder.api.openstack.wsgi [req-aee2199d-a978-4637-b615-4e928c60eea5 req-0264a8fc-f9e6-4f3f-99fa-95d2e753f43b 332861ce75e5462280fbb2bb12348228 9e2c262df216454fb4d4e7fd0035a4b1 - - default default] GET http://[LB_IP_ADDRESS]:8776/v3/volumes/6fb2e52c-ccb9-4cdf-8660-06ee3deb8801
2025-10-29 16:11:04.518 74 INFO cinder.api.openstack.wsgi [req-aee2199d-a978-4637-b615-4e928c60eea5 req-0264a8fc-f9e6-4f3f-99fa-95d2e753f43b 332861ce75e5462280fbb2bb12348228 9e2c262df216454fb4d4e7fd0035a4b1 - - default default] http://[LB_IP_ADDRESS]:8776/v3/volumes/6fb2e52c-ccb9-4cdf-8660-06ee3deb8801 returned with HTTP 404
2025-10-29 16:11:04.519 72 INFO cinder.volume.api [req-675c64cb-977b-4c26-83f4-f3af9aa517cb req-5aaff878-f8b4-4dd4-a370-98875808e703 cad25e8cd81a45faa0031503d152c5aa 4abf58ffb8204219bc770a89b9e0ed13 - - default default] Create volume request issued successfully.
2025-10-29 16:11:04.520 72 INFO cinder.api.openstack.wsgi [req-675c64cb-977b-4c26-83f4-f3af9aa517cb req-5aaff878-f8b4-4dd4-a370-98875808e703 cad25e8cd81a45faa0031503d152c5aa 4abf58ffb8204219bc770a89b9e0ed13 - - default default] http://[LB_IP_ADDRESS]:8776/v3/volumes returned with HTTP 202
2025-10-29 16:11:04.535 75 INFO cinder.api.openstack.wsgi [req-675c64cb-977b-4c26-83f4-f3af9aa517cb req-43ded841-93a6-45a5-b575-d6248cac2b56 cad25e8cd81a45faa0031503d152c5aa 4abf58ffb8204219bc770a89b9e0ed13 - - default default] GET http://[LB_IP_ADDRESS]:8776/v3/volumes/07bc4ca5-4ffe-40aa-8074-7716e481f100
2025-10-29 16:11:04.554 75 INFO cinder.volume.api [req-675c64cb-977b-4c26-83f4-f3af9aa517cb req-43ded841-93a6-45a5-b575-d6248cac2b56 cad25e8cd81a45faa0031503d152c5aa 4abf58ffb8204219bc770a89b9e0ed13 - - default default] Volume info retrieved successfully.
2025-10-29 16:11:04.560 75 INFO cinder.api.openstack.wsgi [req-675c64cb-977b-4c26-83f4-f3af9aa517cb req-43ded841-93a6-45a5-b575-d6248cac2b56 cad25e8cd81a45faa0031503d152c5aa 4abf58ffb8204219bc770a89b9e0ed13 - - default default] http://[LB_IP_ADDRESS]:8776/v3/volumes/07bc4ca5-4ffe-40aa-8074-7716e481f100 returned with HTTP 200
2025-10-29 16:11:04.721 73 INFO cinder.api.openstack.wsgi [req-14069b05-e419-4aa8-92d3-033180f8651a req-40a106c4-08b5-4c06-8ff9-e1aeae6b5488 cad25e8cd81a45faa0031503d152c5aa 4abf58ffb8204219bc770a89b9e0ed13 - - default default] GET http://[LB_IP_ADDRESS]:8776/v3/volumes/07bc4ca5-4ffe-40aa-8074-7716e481f100
2025-10-29 16:11:04.736 73 INFO cinder.volume.api [req-14069b05-e419-4aa8-92d3-033180f8651a req-40a106c4-08b5-4c06-8ff9-e1aeae6b5488 cad25e8cd81a45faa0031503d152c5aa 4abf58ffb8204219bc770a89b9e0ed13 - - default default] Volume info retrieved successfully.
2025-10-29 16:11:04.741 73 INFO cinder.api.openstack.wsgi [req-14069b05-e419-4aa8-92d3-033180f8651a req-40a106c4-08b5-4c06-8ff9-e1aeae6b5488 cad25e8cd81a45faa0031503d152c5aa 4abf58ffb8204219bc770a89b9e0ed13 - - default default] http://[LB_IP_ADDRESS]:8776/v3/volumes/07bc4ca5-4ffe-40aa-8074-7716e481f100 returned with HTTP 200
2025-10-29 16:11:05.518 76 INFO cinder.api.openstack.wsgi [None req-91887b51-dc3c-447d-8f93-29bc06b99962 c07a8bc32c0f4352bb916c4e84c9e7fe 7592883f9a2c452083770bb19a8beaca - - default default] GET http://[LB_IP_ADDRESS]:8776/v3/7592883f9a2c452083770bb19a8beaca/scheduler-stats/get_pools
2025-10-29 16:11:05.881 74 INFO cinder.api.openstack.wsgi [req-a057ef2e-1804-4ab6-a4b7-98bdfb78f35e req-bf338a1f-5439-407f-8b5c-efc19620ff75 cad25e8cd81a45faa0031503d152c5aa 4abf58ffb8204219bc770a89b9e0ed13 - - default default] GET http://[LB_IP_ADDRESS]:8776/v3/volumes/07bc4ca5-4ffe-40aa-8074-7716e481f100
2025-10-29 16:11:05.905 74 INFO cinder.volume.api [req-a057ef2e-1804-4ab6-a4b7-98bdfb78f35e req-bf338a1f-5439-407f-8b5c-efc19620ff75 cad25e8cd81a45faa0031503d152c5aa 4abf58ffb8204219bc770a89b9e0ed13 - - default default] Volume info retrieved successfully.
2025-10-29 16:11:05.911 74 INFO cinder.api.openstack.wsgi [req-a057ef2e-1804-4ab6-a4b7-98bdfb78f35e req-bf338a1f-5439-407f-8b5c-efc19620ff75 cad25e8cd81a45faa0031503d152c5aa 4abf58ffb8204219bc770a89b9e0ed13 - - default default] http://[LB_IP_ADDRESS]:8776/v3/volumes/07bc4ca5-4ffe-40aa-8074-7716e481f100 returned with HTTP 200
2025-10-29 16:11:05.950 72 INFO cinder.api.openstack.wsgi [req-336a6349-b4e7-4cd1-b3e9-d6e5d0398b62 req-dc1721f4-ace0-4108-bcfd-7eba77e5d342 cad25e8cd81a45faa0031503d152c5aa 4abf58ffb8204219bc770a89b9e0ed13 - - default default] POST http://[LB_IP_ADDRESS]:8776/v3/snapshots
2025-10-29 16:11:05.964 72 INFO cinder.volume.api [req-336a6349-b4e7-4cd1-b3e9-d6e5d0398b62 req-dc1721f4-ace0-4108-bcfd-7eba77e5d342 cad25e8cd81a45faa0031503d152c5aa 4abf58ffb8204219bc770a89b9e0ed13 - - default default] Volume info retrieved successfully.
2025-10-29 16:11:05.964 72 INFO cinder.api.v3.snapshots [req-336a6349-b4e7-4cd1-b3e9-d6e5d0398b62 req-dc1721f4-ace0-4108-bcfd-7eba77e5d342 cad25e8cd81a45faa0031503d152c5aa 4abf58ffb8204219bc770a89b9e0ed13 - - default default] Create snapshot from volume 07bc4ca5-4ffe-40aa-8074-7716e481f100
2025-10-29 16:11:06.027 76 INFO cinder.api.openstack.wsgi [None req-91887b51-dc3c-447d-8f93-29bc06b99962 c07a8bc32c0f4352bb916c4e84c9e7fe 7592883f9a2c452083770bb19a8beaca - - default default] http://[LB_IP_ADDRESS]:8776/v3/7592883f9a2c452083770bb19a8beaca/scheduler-stats/get_pools returned with HTTP 200
2025-10-29 16:11:06.047 75 INFO cinder.api.openstack.wsgi [None req-567d7db5-542c-4213-a169-66a3efb3ea2f c07a8bc32c0f4352bb916c4e84c9e7fe 7592883f9a2c452083770bb19a8beaca - - default default] GET http://[LB_IP_ADDRESS]:8776/v3/7592883f9a2c452083770bb19a8beaca/scheduler-stats/get_pools?detail=True
2025-10-29 16:11:06.080 72 INFO cinder.volume.api [req-336a6349-b4e7-4cd1-b3e9-d6e5d0398b62 req-dc1721f4-ace0-4108-bcfd-7eba77e5d342 cad25e8cd81a45faa0031503d152c5aa 4abf58ffb8204219bc770a89b9e0ed13 - - default default] Snapshot create request issued successfully.
2025-10-29 16:11:06.081 72 INFO cinder.api.openstack.wsgi [req-336a6349-b4e7-4cd1-b3e9-d6e5d0398b62 req-dc1721f4-ace0-4108-bcfd-7eba77e5d342 cad25e8cd81a45faa0031503d152c5aa 4abf58ffb8204219bc770a89b9e0ed13 - - default default] http://[LB_IP_ADDRESS]:8776/v3/snapshots returned with HTTP 202
2025-10-29 16:11:06.116 73 INFO cinder.api.openstack.wsgi [req-e7c87d71-5c98-46b8-bbaf-eab4d3039a97 req-5fc7635e-c896-4d38-9b3e-909deb50fc4e cad25e8cd81a45faa0031503d152c5aa 4abf58ffb8204219bc770a89b9e0ed13 - - default default] GET http://[LB_IP_ADDRESS]:8776/v3/snapshots/802db77a-ac87-4804-91ef-1d454a5713c0
2025-10-29 16:11:06.126 73 INFO cinder.volume.api [req-e7c87d71-5c98-46b8-bbaf-eab4d3039a97 req-5fc7635e-c896-4d38-9b3e-909deb50fc4e cad25e8cd81a45faa0031503d152c5aa 4abf58ffb8204219bc770a89b9e0ed13 - - default default] Snapshot retrieved successfully.
2025-10-29 16:11:06.127 73 INFO cinder.api.openstack.wsgi [req-e7c87d71-5c98-46b8-bbaf-eab4d3039a97 req-5fc7635e-c896-4d38-9b3e-909deb50fc4e cad25e8cd81a45faa0031503d152c5aa 4abf58ffb8204219bc770a89b9e0ed13 - - default default] http://[LB_IP_ADDRESS]:8776/v3/snapshots/802db77a-ac87-4804-91ef-1d454a5713c0 returned with HTTP 200
2025-10-29 16:11:06.157 74 INFO cinder.api.openstack.wsgi [req-aba04954-9820-46f0-81d1-0958169bd69b req-054b0fde-5505-4a04-9da2-2ea362c40954 cad25e8cd81a45faa0031503d152c5aa 4abf58ffb8204219bc770a89b9e0ed13 - - default default] GET http://[LB_IP_ADDRESS]:8776/v3/snapshots/detail
2025-10-29 16:11:06.165 74 INFO cinder.volume.api [req-aba04954-9820-46f0-81d1-0958169bd69b req-054b0fde-5505-4a04-9da2-2ea362c40954 cad25e8cd81a45faa0031503d152c5aa 4abf58ffb8204219bc770a89b9e0ed13 - - default default] Get all snapshots completed successfully.
2025-10-29 16:11:06.167 74 INFO cinder.api.openstack.wsgi [req-aba04954-9820-46f0-81d1-0958169bd69b req-054b0fde-5505-4a04-9da2-2ea362c40954 cad25e8cd81a45faa0031503d152c5aa 4abf58ffb8204219bc770a89b9e0ed13 - - default default] http://[LB_IP_ADDRESS]:8776/v3/snapshots/detail returned with HTTP 200
2025-10-29 16:11:06.201 76 INFO cinder.api.openstack.wsgi [req-2833736b-498f-404b-9d55-270d2baba194 req-08226dfd-25c4-4086-bab8-01130a0384be cad25e8cd81a45faa0031503d152c5aa 4abf58ffb8204219bc770a89b9e0ed13 - - default default] GET http://[LB_IP_ADDRESS]:8776/v3/snapshots/802db77a-ac87-4804-91ef-1d454a5713c0
2025-10-29 16:11:06.210 76 INFO cinder.volume.api [req-2833736b-498f-404b-9d55-270d2baba194 req-08226dfd-25c4-4086-bab8-01130a0384be cad25e8cd81a45faa0031503d152c5aa 4abf58ffb8204219bc770a89b9e0ed13 - - default default] Snapshot retrieved successfully.
2025-10-29 16:11:06.212 76 INFO cinder.api.openstack.wsgi [req-2833736b-498f-404b-9d55-270d2baba194 req-08226dfd-25c4-4086-bab8-01130a0384be cad25e8cd81a45faa0031503d152c5aa 4abf58ffb8204219bc770a89b9e0ed13 - - default default] http://[LB_IP_ADDRESS]:8776/v3/snapshots/802db77a-ac87-4804-91ef-1d454a5713c0 returned with HTTP 200
2025-10-29 16:11:06.555 75 INFO cinder.api.openstack.wsgi [None req-567d7db5-542c-4213-a169-66a3efb3ea2f c07a8bc32c0f4352bb916c4e84c9e7fe 7592883f9a2c452083770bb19a8beaca - - default default] http://[LB_IP_ADDRESS]:8776/v3/7592883f9a2c452083770bb19a8beaca/scheduler-stats/get_pools?detail=True returned with HTTP 200
2025-10-29 16:11:06.570 72 INFO cinder.api.openstack.wsgi [None req-3a4fea77-dfe1-4a9f-b334-afc14956bb08 c07a8bc32c0f4352bb916c4e84c9e7fe 7592883f9a2c452083770bb19a8beaca - - default default] GET http://[LB_IP_ADDRESS]:8776/v3/7592883f9a2c452083770bb19a8beaca/capabilities/rack05-server66@LIGHTOSphszul
2025-10-29 16:11:07.080 72 INFO cinder.api.openstack.wsgi [None req-3a4fea77-dfe1-4a9f-b334-afc14956bb08 c07a8bc32c0f4352bb916c4e84c9e7fe 7592883f9a2c452083770bb19a8beaca - - default default] http://[LB_IP_ADDRESS]:8776/v3/7592883f9a2c452083770bb19a8beaca/capabilities/rack05-server66@LIGHTOSphszul returned with HTTP 200
2025-10-29 16:11:07.110 73 INFO cinder.api.openstack.wsgi [None req-35e117f1-8d2c-4cbd-bd86-5bf45713a2c8 c07a8bc32c0f4352bb916c4e84c9e7fe 7592883f9a2c452083770bb19a8beaca - - default default] GET http://[LB_IP_ADDRESS]:8776/v3/7592883f9a2c452083770bb19a8beaca/capabilities/rack05-server66@LIGHTOSphszul
2025-10-29 16:11:07.245 74 INFO cinder.api.openstack.wsgi [req-f7764387-90eb-4a71-b0b8-36a4415dc8a5 req-0c78d772-d35b-44f1-8348-858ead5bcf03 cad25e8cd81a45faa0031503d152c5aa 4abf58ffb8204219bc770a89b9e0ed13 - - default default] GET http://[LB_IP_ADDRESS]:8776/v3/snapshots/802db77a-ac87-4804-91ef-1d454a5713c0
2025-10-29 16:11:07.254 74 INFO cinder.volume.api [req-f7764387-90eb-4a71-b0b8-36a4415dc8a5 req-0c78d772-d35b-44f1-8348-858ead5bcf03 cad25e8cd81a45faa0031503d152c5aa 4abf58ffb8204219bc770a89b9e0ed13 - - default default] Snapshot retrieved successfully.
2025-10-29 16:11:07.255 74 INFO cinder.api.openstack.wsgi [req-f7764387-90eb-4a71-b0b8-36a4415dc8a5 req-0c78d772-d35b-44f1-8348-858ead5bcf03 cad25e8cd81a45faa0031503d152c5aa 4abf58ffb8204219bc770a89b9e0ed13 - - default default] http://[LB_IP_ADDRESS]:8776/v3/snapshots/802db77a-ac87-4804-91ef-1d454a5713c0 returned with HTTP 200
2025-10-29 16:11:07.628 73 INFO cinder.api.openstack.wsgi [None req-35e117f1-8d2c-4cbd-bd86-5bf45713a2c8 c07a8bc32c0f4352bb916c4e84c9e7fe 7592883f9a2c452083770bb19a8beaca - - default default] http://[LB_IP_ADDRESS]:8776/v3/7592883f9a2c452083770bb19a8beaca/capabilities/rack05-server66@LIGHTOSphszul returned with HTTP 200
2025-10-29 16:11:07.891 76 INFO cinder.api.openstack.wsgi [None req-76b277c3-f647-4380-bcf2-625bec3a90a7 ceb37fb05f2a424e9355cd20a46cfee4 a540d17e387d460194f4289377e7ad51 - - default default] POST http://[LB_IP_ADDRESS]:8776/v3/a540d17e387d460194f4289377e7ad51/types
2025-10-29 16:11:07.913 76 INFO cinder.api.openstack.wsgi [None req-76b277c3-f647-4380-bcf2-625bec3a90a7 ceb37fb05f2a424e9355cd20a46cfee4 a540d17e387d460194f4289377e7ad51 - - default default] http://[LB_IP_ADDRESS]:8776/v3/a540d17e387d460194f4289377e7ad51/types returned with HTTP 200
2025-10-29 16:11:07.925 75 INFO cinder.api.openstack.wsgi [None req-01fd8de8-0398-4757-b6e4-04b94668a70b ceb37fb05f2a424e9355cd20a46cfee4 a540d17e387d460194f4289377e7ad51 - - default default] POST http://[LB_IP_ADDRESS]:8776/v3/a540d17e387d460194f4289377e7ad51/group_types
2025-10-29 16:11:07.954 75 INFO cinder.api.openstack.wsgi [None req-01fd8de8-0398-4757-b6e4-04b94668a70b ceb37fb05f2a424e9355cd20a46cfee4 a540d17e387d460194f4289377e7ad51 - - default default] http://[LB_IP_ADDRESS]:8776/v3/a540d17e387d460194f4289377e7ad51/group_types returned with HTTP 202
2025-10-29 16:11:08.082 72 INFO cinder.api.openstack.wsgi [None req-e43a7832-09d7-4292-99d2-7c6a6c9ed871 0caa63fbe67d4d3eb187aadc01484647 91864034e57a4543ad692a73564abd10 - - default default] POST http://[LB_IP_ADDRESS]:8776/v3/91864034e57a4543ad692a73564abd10/groups
2025-10-29 16:11:08.094 72 INFO cinder.api.v3.groups [None req-e43a7832-09d7-4292-99d2-7c6a6c9ed871 0caa63fbe67d4d3eb187aadc01484647 91864034e57a4543ad692a73564abd10 - - default default] Creating group tempest-GroupSnapshotsTest-Group-802972868.
2025-10-29 16:11:08.104 72 INFO cinder.volume.api [None req-e43a7832-09d7-4292-99d2-7c6a6c9ed871 0caa63fbe67d4d3eb187aadc01484647 91864034e57a4543ad692a73564abd10 - - default default] Availability Zones retrieved successfully.
2025-10-29 16:11:08.177 72 INFO cinder.api.openstack.wsgi [None req-e43a7832-09d7-4292-99d2-7c6a6c9ed871 0caa63fbe67d4d3eb187aadc01484647 91864034e57a4543ad692a73564abd10 - - default default] http://[LB_IP_ADDRESS]:8776/v3/91864034e57a4543ad692a73564abd10/groups returned with HTTP 202
2025-10-29 16:11:08.191 74 INFO cinder.api.openstack.wsgi [None req-bc036f23-4ec4-4800-b7d8-84347db8d66f 0caa63fbe67d4d3eb187aadc01484647 91864034e57a4543ad692a73564abd10 - - default default] GET http://[LB_IP_ADDRESS]:8776/v3/91864034e57a4543ad692a73564abd10/groups/262fd1c4-2caa-4c69-9158-af288f97e76c
2025-10-29 16:11:08.209 74 INFO cinder.api.openstack.wsgi [None req-bc036f23-4ec4-4800-b7d8-84347db8d66f 0caa63fbe67d4d3eb187aadc01484647 91864034e57a4543ad692a73564abd10 - - default default] http://[LB_IP_ADDRESS]:8776/v3/91864034e57a4543ad692a73564abd10/groups/262fd1c4-2caa-4c69-9158-af288f97e76c returned with HTTP 200
2025-10-29 16:11:08.291 73 INFO cinder.api.openstack.wsgi [req-12ce6dc6-88f3-4950-9317-006ee671cfde req-ac389461-47d2-4bfb-92ce-95f63dfcef03 cad25e8cd81a45faa0031503d152c5aa 4abf58ffb8204219bc770a89b9e0ed13 - - default default] GET http://[LB_IP_ADDRESS]:8776/v3/snapshots/802db77a-ac87-4804-91ef-1d454a5713c0
2025-10-29 16:11:08.301 73 INFO cinder.volume.api [req-12ce6dc6-88f3-4950-9317-006ee671cfde req-ac389461-47d2-4bfb-92ce-95f63dfcef03 cad25e8cd81a45faa0031503d152c5aa 4abf58ffb8204219bc770a89b9e0ed13 - - default default] Snapshot retrieved successfully.
2025-10-29 16:11:08.302 73 INFO cinder.api.openstack.wsgi [req-12ce6dc6-88f3-4950-9317-006ee671cfde req-ac389461-47d2-4bfb-92ce-95f63dfcef03 cad25e8cd81a45faa0031503d152c5aa 4abf58ffb8204219bc770a89b9e0ed13 - - default default] http://[LB_IP_ADDRESS]:8776/v3/snapshots/802db77a-ac87-4804-91ef-1d454a5713c0 returned with HTTP 200
2025-10-29 16:11:08.325 76 INFO cinder.api.openstack.wsgi [req-54db40fb-4abb-4931-81bd-9be0655c6bab req-73fed0a0-88ed-414d-a018-627364bbfbbb cad25e8cd81a45faa0031503d152c5aa 4abf58ffb8204219bc770a89b9e0ed13 - - default default] DELETE http://[LB_IP_ADDRESS]:8776/v3/snapshots/802db77a-ac87-4804-91ef-1d454a5713c0
2025-10-29 16:11:08.326 76 INFO cinder.api.v2.snapshots [req-54db40fb-4abb-4931-81bd-9be0655c6bab req-73fed0a0-88ed-414d-a018-627364bbfbbb cad25e8cd81a45faa0031503d152c5aa 4abf58ffb8204219bc770a89b9e0ed13 - - default default] Delete snapshot with id: 802db77a-ac87-4804-91ef-1d454a5713c0
2025-10-29 16:11:08.332 76 INFO cinder.volume.api [req-54db40fb-4abb-4931-81bd-9be0655c6bab req-73fed0a0-88ed-414d-a018-627364bbfbbb cad25e8cd81a45faa0031503d152c5aa 4abf58ffb8204219bc770a89b9e0ed13 - - default default] Snapshot retrieved successfully.
2025-10-29 16:11:08.351 76 INFO cinder.volume.api [req-54db40fb-4abb-4931-81bd-9be0655c6bab req-73fed0a0-88ed-414d-a018-627364bbfbbb cad25e8cd81a45faa0031503d152c5aa 4abf58ffb8204219bc770a89b9e0ed13 - - default default] Snapshot delete request issued successfully.
2025-10-29 16:11:08.352 76 INFO cinder.api.openstack.wsgi [req-54db40fb-4abb-4931-81bd-9be0655c6bab req-73fed0a0-88ed-414d-a018-627364bbfbbb cad25e8cd81a45faa0031503d152c5aa 4abf58ffb8204219bc770a89b9e0ed13 - - default default] http://[LB_IP_ADDRESS]:8776/v3/snapshots/802db77a-ac87-4804-91ef-1d454a5713c0 returned with HTTP 202
2025-10-29 16:11:08.378 75 INFO cinder.api.openstack.wsgi [req-b57c1314-0331-4b93-a0a5-378aa617a3d3 req-62ad7de9-90dc-4128-8e6b-0a8237bb2326 cad25e8cd81a45faa0031503d152c5aa 4abf58ffb8204219bc770a89b9e0ed13 - - default default] GET http://[LB_IP_ADDRESS]:8776/v3/snapshots/802db77a-ac87-4804-91ef-1d454a5713c0
2025-10-29 16:11:08.386 75 INFO cinder.volume.api [req-b57c1314-0331-4b93-a0a5-378aa617a3d3 req-62ad7de9-90dc-4128-8e6b-0a8237bb2326 cad25e8cd81a45faa0031503d152c5aa 4abf58ffb8204219bc770a89b9e0ed13 - - default default] Snapshot retrieved successfully.
2025-10-29 16:11:08.387 75 INFO cinder.api.openstack.wsgi [req-b57c1314-0331-4b93-a0a5-378aa617a3d3 req-62ad7de9-90dc-4128-8e6b-0a8237bb2326 cad25e8cd81a45faa0031503d152c5aa 4abf58ffb8204219bc770a89b9e0ed13 - - default default] http://[LB_IP_ADDRESS]:8776/v3/snapshots/802db77a-ac87-4804-91ef-1d454a5713c0 returned with HTTP 200
2025-10-29 16:11:09.225 72 INFO cinder.api.openstack.wsgi [None req-9ba9eb36-301a-4f6d-b96c-21dbcdbc2645 0caa63fbe67d4d3eb187aadc01484647 91864034e57a4543ad692a73564abd10 - - default default] GET http://[LB_IP_ADDRESS]:8776/v3/91864034e57a4543ad692a73564abd10/groups/262fd1c4-2caa-4c69-9158-af288f97e76c
2025-10-29 16:11:09.244 72 INFO cinder.api.openstack.wsgi [None req-9ba9eb36-301a-4f6d-b96c-21dbcdbc2645 0caa63fbe67d4d3eb187aadc01484647 91864034e57a4543ad692a73564abd10 - - default default] http://[LB_IP_ADDRESS]:8776/v3/91864034e57a4543ad692a73564abd10/groups/262fd1c4-2caa-4c69-9158-af288f97e76c returned with HTTP 200
2025-10-29 16:11:09.261 74 INFO cinder.api.openstack.wsgi [None req-60ca17f5-20bd-4a7b-b472-1cbd9b098a81 0caa63fbe67d4d3eb187aadc01484647 91864034e57a4543ad692a73564abd10 - - default default] POST http://[LB_IP_ADDRESS]:8776/v3/91864034e57a4543ad692a73564abd10/volumes
2025-10-29 16:11:09.280 74 INFO cinder.api.v3.volumes [None req-60ca17f5-20bd-4a7b-b472-1cbd9b098a81 0caa63fbe67d4d3eb187aadc01484647 91864034e57a4543ad692a73564abd10 - - default default] Create volume of 1 GB
2025-10-29 16:11:09.291 74 INFO cinder.volume.api [None req-60ca17f5-20bd-4a7b-b472-1cbd9b098a81 0caa63fbe67d4d3eb187aadc01484647 91864034e57a4543ad692a73564abd10 - - default default] Availability Zones retrieved successfully.
2025-10-29 16:11:09.417 73 INFO cinder.api.openstack.wsgi [req-2c6ce723-5183-4ab7-830b-fed808e21b99 req-63d0df06-d85f-492b-ae3f-ec2904af5e91 cad25e8cd81a45faa0031503d152c5aa 4abf58ffb8204219bc770a89b9e0ed13 - - default default] GET http://[LB_IP_ADDRESS]:8776/v3/snapshots/802db77a-ac87-4804-91ef-1d454a5713c0
2025-10-29 16:11:09.425 73 INFO cinder.api.openstack.wsgi [req-2c6ce723-5183-4ab7-830b-fed808e21b99 req-63d0df06-d85f-492b-ae3f-ec2904af5e91 cad25e8cd81a45faa0031503d152c5aa 4abf58ffb8204219bc770a89b9e0ed13 - - default default] http://[LB_IP_ADDRESS]:8776/v3/snapshots/802db77a-ac87-4804-91ef-1d454a5713c0 returned with HTTP 404
2025-10-29 16:11:09.446 74 WARNING cinder.quota [None req-60ca17f5-20bd-4a7b-b472-1cbd9b098a81 0caa63fbe67d4d3eb187aadc01484647 91864034e57a4543ad692a73564abd10 - - default default] Deprecated: Default quota for resource: volumes_tempest-GroupSnapshotsTest-volume-type-729404336 is set by the default quota flag: quota_volumes_tempest-GroupSnapshotsTest-volume-type-729404336, it is now deprecated. Please use the default quota class for default quota.
2025-10-29 16:11:09.447 74 WARNING cinder.quota [None req-60ca17f5-20bd-4a7b-b472-1cbd9b098a81 0caa63fbe67d4d3eb187aadc01484647 91864034e57a4543ad692a73564abd10 - - default default] Deprecated: Default quota for resource: gigabytes_tempest-GroupSnapshotsTest-volume-type-729404336 is set by the default quota flag: quota_gigabytes_tempest-GroupSnapshotsTest-volume-type-729404336, it is now deprecated. Please use the default quota class for default quota.
2025-10-29 16:11:09.453 76 INFO cinder.api.openstack.wsgi [req-4e3d7950-f97d-40eb-aea5-8d10875cf581 req-476c0ab3-8394-4133-9e85-e5b1d4c49ab8 cad25e8cd81a45faa0031503d152c5aa 4abf58ffb8204219bc770a89b9e0ed13 - - default default] DELETE http://[LB_IP_ADDRESS]:8776/v3/volumes/07bc4ca5-4ffe-40aa-8074-7716e481f100
2025-10-29 16:11:09.454 76 INFO cinder.api.v3.volumes [req-4e3d7950-f97d-40eb-aea5-8d10875cf581 req-476c0ab3-8394-4133-9e85-e5b1d4c49ab8 cad25e8cd81a45faa0031503d152c5aa 4abf58ffb8204219bc770a89b9e0ed13 - - default default] Delete volume with id: 07bc4ca5-4ffe-40aa-8074-7716e481f100 
2025-10-29 16:11:09.465 76 INFO cinder.volume.api [req-4e3d7950-f97d-40eb-aea5-8d10875cf581 req-476c0ab3-8394-4133-9e85-e5b1d4c49ab8 cad25e8cd81a45faa0031503d152c5aa 4abf58ffb8204219bc770a89b9e0ed13 - - default default] Volume info retrieved successfully.
2025-10-29 16:11:09.480 76 INFO cinder.volume.api [req-4e3d7950-f97d-40eb-aea5-8d10875cf581 req-476c0ab3-8394-4133-9e85-e5b1d4c49ab8 cad25e8cd81a45faa0031503d152c5aa 4abf58ffb8204219bc770a89b9e0ed13 - - default default] Delete volume request issued successfully.
2025-10-29 16:11:09.481 76 INFO cinder.api.openstack.wsgi [req-4e3d7950-f97d-40eb-aea5-8d10875cf581 req-476c0ab3-8394-4133-9e85-e5b1d4c49ab8 cad25e8cd81a45faa0031503d152c5aa 4abf58ffb8204219bc770a89b9e0ed13 - - default default] http://[LB_IP_ADDRESS]:8776/v3/volumes/07bc4ca5-4ffe-40aa-8074-7716e481f100 returned with HTTP 202
2025-10-29 16:11:09.502 75 INFO cinder.api.openstack.wsgi [req-234c1ada-810d-4fee-86c8-63e2d9399b37 req-5751e4cd-e54e-48d1-b09d-1c96f8661be3 cad25e8cd81a45faa0031503d152c5aa 4abf58ffb8204219bc770a89b9e0ed13 - - default default] GET http://[LB_IP_ADDRESS]:8776/v3/volumes/07bc4ca5-4ffe-40aa-8074-7716e481f100
2025-10-29 16:11:09.516 75 INFO cinder.volume.api [req-234c1ada-810d-4fee-86c8-63e2d9399b37 req-5751e4cd-e54e-48d1-b09d-1c96f8661be3 cad25e8cd81a45faa0031503d152c5aa 4abf58ffb8204219bc770a89b9e0ed13 - - default default] Volume info retrieved successfully.
2025-10-29 16:11:09.521 75 INFO cinder.api.openstack.wsgi [req-234c1ada-810d-4fee-86c8-63e2d9399b37 req-5751e4cd-e54e-48d1-b09d-1c96f8661be3 cad25e8cd81a45faa0031503d152c5aa 4abf58ffb8204219bc770a89b9e0ed13 - - default default] http://[LB_IP_ADDRESS]:8776/v3/volumes/07bc4ca5-4ffe-40aa-8074-7716e481f100 returned with HTTP 200
2025-10-29 16:11:09.545 74 INFO cinder.volume.api [None req-60ca17f5-20bd-4a7b-b472-1cbd9b098a81 0caa63fbe67d4d3eb187aadc01484647 91864034e57a4543ad692a73564abd10 - - default default] Create volume request issued successfully.
2025-10-29 16:11:09.562 74 INFO cinder.api.openstack.wsgi [None req-60ca17f5-20bd-4a7b-b472-1cbd9b098a81 0caa63fbe67d4d3eb187aadc01484647 91864034e57a4543ad692a73564abd10 - - default default] http://[LB_IP_ADDRESS]:8776/v3/91864034e57a4543ad692a73564abd10/volumes returned with HTTP 202
2025-10-29 16:11:09.579 72 INFO cinder.api.openstack.wsgi [None req-e9c6eca3-3b1b-476b-b04e-74bd3b041444 0caa63fbe67d4d3eb187aadc01484647 91864034e57a4543ad692a73564abd10 - - default default] GET http://[LB_IP_ADDRESS]:8776/v3/91864034e57a4543ad692a73564abd10/volumes/42c7a289-cf59-4cb6-b9ef-ca1503b8cb6e
2025-10-29 16:11:09.595 72 INFO cinder.volume.api [None req-e9c6eca3-3b1b-476b-b04e-74bd3b041444 0caa63fbe67d4d3eb187aadc01484647 91864034e57a4543ad692a73564abd10 - - default default] Volume info retrieved successfully.
2025-10-29 16:11:09.624 72 INFO cinder.api.openstack.wsgi [None req-e9c6eca3-3b1b-476b-b04e-74bd3b041444 0caa63fbe67d4d3eb187aadc01484647 91864034e57a4543ad692a73564abd10 - - default default] http://[LB_IP_ADDRESS]:8776/v3/91864034e57a4543ad692a73564abd10/volumes/42c7a289-cf59-4cb6-b9ef-ca1503b8cb6e returned with HTTP 200
2025-10-29 16:11:10.553 73 INFO cinder.api.openstack.wsgi [req-c3402fe6-15ea-42d8-98bd-e4cf3e6c4174 req-b27ede6d-7dfa-426f-bb23-58ec492c925c cad25e8cd81a45faa0031503d152c5aa 4abf58ffb8204219bc770a89b9e0ed13 - - default default] GET http://[LB_IP_ADDRESS]:8776/v3/volumes/07bc4ca5-4ffe-40aa-8074-7716e481f100
2025-10-29 16:11:10.565 73 INFO cinder.api.openstack.wsgi [req-c3402fe6-15ea-42d8-98bd-e4cf3e6c4174 req-b27ede6d-7dfa-426f-bb23-58ec492c925c cad25e8cd81a45faa0031503d152c5aa 4abf58ffb8204219bc770a89b9e0ed13 - - default default] http://[LB_IP_ADDRESS]:8776/v3/volumes/07bc4ca5-4ffe-40aa-8074-7716e481f100 returned with HTTP 404
2025-10-29 16:11:10.604 76 INFO cinder.api.openstack.wsgi [req-ce01ceea-3e84-4cc5-a35f-b6849ac1302e req-bebcb46e-0886-4ebb-9ec4-45efef945091 cad25e8cd81a45faa0031503d152c5aa 4abf58ffb8204219bc770a89b9e0ed13 - - default default] DELETE http://[LB_IP_ADDRESS]:8776/v3/volumes/07bc4ca5-4ffe-40aa-8074-7716e481f100
2025-10-29 16:11:10.605 76 INFO cinder.api.v3.volumes [req-ce01ceea-3e84-4cc5-a35f-b6849ac1302e req-bebcb46e-0886-4ebb-9ec4-45efef945091 cad25e8cd81a45faa0031503d152c5aa 4abf58ffb8204219bc770a89b9e0ed13 - - default default] Delete volume with id: 07bc4ca5-4ffe-40aa-8074-7716e481f100 
2025-10-29 16:11:10.615 76 INFO cinder.api.openstack.wsgi [req-ce01ceea-3e84-4cc5-a35f-b6849ac1302e req-bebcb46e-0886-4ebb-9ec4-45efef945091 cad25e8cd81a45faa0031503d152c5aa 4abf58ffb8204219bc770a89b9e0ed13 - - default default] http://[LB_IP_ADDRESS]:8776/v3/volumes/07bc4ca5-4ffe-40aa-8074-7716e481f100 returned with HTTP 404
2025-10-29 16:11:10.636 75 INFO cinder.api.openstack.wsgi [req-80cf1f19-4da5-4e56-8bb2-2cc2ded075d1 req-2ed72d2c-bcdb-408a-b348-7db018a4054e cad25e8cd81a45faa0031503d152c5aa 4abf58ffb8204219bc770a89b9e0ed13 - - default default] GET http://[LB_IP_ADDRESS]:8776/v3/volumes/07bc4ca5-4ffe-40aa-8074-7716e481f100
2025-10-29 16:11:10.644 75 INFO cinder.api.openstack.wsgi [req-80cf1f19-4da5-4e56-8bb2-2cc2ded075d1 req-2ed72d2c-bcdb-408a-b348-7db018a4054e cad25e8cd81a45faa0031503d152c5aa 4abf58ffb8204219bc770a89b9e0ed13 - - default default] http://[LB_IP_ADDRESS]:8776/v3/volumes/07bc4ca5-4ffe-40aa-8074-7716e481f100 returned with HTTP 404
2025-10-29 16:11:10.645 74 INFO cinder.api.openstack.wsgi [None req-7cf0e49f-99f0-45de-a86a-9d11a0345547 0caa63fbe67d4d3eb187aadc01484647 91864034e57a4543ad692a73564abd10 - - default default] GET http://[LB_IP_ADDRESS]:8776/v3/91864034e57a4543ad692a73564abd10/volumes/42c7a289-cf59-4cb6-b9ef-ca1503b8cb6e
2025-10-29 16:11:10.660 74 INFO cinder.volume.api [None req-7cf0e49f-99f0-45de-a86a-9d11a0345547 0caa63fbe67d4d3eb187aadc01484647 91864034e57a4543ad692a73564abd10 - - default default] Volume info retrieved successfully.
2025-10-29 16:11:10.686 74 INFO cinder.api.openstack.wsgi [None req-7cf0e49f-99f0-45de-a86a-9d11a0345547 0caa63fbe67d4d3eb187aadc01484647 91864034e57a4543ad692a73564abd10 - - default default] http://[LB_IP_ADDRESS]:8776/v3/91864034e57a4543ad692a73564abd10/volumes/42c7a289-cf59-4cb6-b9ef-ca1503b8cb6e returned with HTTP 200
2025-10-29 16:11:10.709 72 INFO cinder.api.openstack.wsgi [None req-4675dac2-233b-4583-982e-7470eb9b65e2 0caa63fbe67d4d3eb187aadc01484647 91864034e57a4543ad692a73564abd10 - - default default] POST http://[LB_IP_ADDRESS]:8776/v3/91864034e57a4543ad692a73564abd10/group_snapshots
2025-10-29 16:11:10.725 72 INFO cinder.api.v3.group_snapshots [None req-4675dac2-233b-4583-982e-7470eb9b65e2 0caa63fbe67d4d3eb187aadc01484647 91864034e57a4543ad692a73564abd10 - - default default] Creating group_snapshot tempest-group_snapshot-1802547405.
2025-10-29 16:11:10.790 72 WARNING cinder.quota [None req-4675dac2-233b-4583-982e-7470eb9b65e2 0caa63fbe67d4d3eb187aadc01484647 91864034e57a4543ad692a73564abd10 - - default default] Deprecated: Default quota for resource: gigabytes_tempest-GroupSnapshotsTest-volume-type-729404336 is set by the default quota flag: quota_gigabytes_tempest-GroupSnapshotsTest-volume-type-729404336, it is now deprecated. Please use the default quota class for default quota.
2025-10-29 16:11:10.790 72 WARNING cinder.quota [None req-4675dac2-233b-4583-982e-7470eb9b65e2 0caa63fbe67d4d3eb187aadc01484647 91864034e57a4543ad692a73564abd10 - - default default] Deprecated: Default quota for resource: snapshots_tempest-GroupSnapshotsTest-volume-type-729404336 is set by the default quota flag: quota_snapshots_tempest-GroupSnapshotsTest-volume-type-729404336, it is now deprecated. Please use the default quota class for default quota.
2025-10-29 16:11:10.842 72 INFO cinder.api.openstack.wsgi [None req-4675dac2-233b-4583-982e-7470eb9b65e2 0caa63fbe67d4d3eb187aadc01484647 91864034e57a4543ad692a73564abd10 - - default default] http://[LB_IP_ADDRESS]:8776/v3/91864034e57a4543ad692a73564abd10/group_snapshots returned with HTTP 202
2025-10-29 16:11:10.857 73 INFO cinder.api.openstack.wsgi [None req-36294597-8349-4dcd-ac30-6aab34bb9a46 0caa63fbe67d4d3eb187aadc01484647 91864034e57a4543ad692a73564abd10 - - default default] GET http://[LB_IP_ADDRESS]:8776/v3/91864034e57a4543ad692a73564abd10/group_snapshots/b6fe2060-1801-45fc-aaff-2c29e9607189
2025-10-29 16:11:10.870 73 INFO cinder.api.openstack.wsgi [None req-36294597-8349-4dcd-ac30-6aab34bb9a46 0caa63fbe67d4d3eb187aadc01484647 91864034e57a4543ad692a73564abd10 - - default default] http://[LB_IP_ADDRESS]:8776/v3/91864034e57a4543ad692a73564abd10/group_snapshots/b6fe2060-1801-45fc-aaff-2c29e9607189 returned with HTTP 200
2025-10-29 16:11:11.139 76 INFO cinder.api.openstack.wsgi [None req-72f0ac68-3266-4ba2-a589-f4ea0ca6838c e85a6409c3a54f64a85c59faa322136b 0cd42d14443c43d8a34d699e33ca3235 - - default default] POST http://[LB_IP_ADDRESS]:8776/v3/0cd42d14443c43d8a34d699e33ca3235/types
2025-10-29 16:11:11.172 76 INFO cinder.api.openstack.wsgi [None req-72f0ac68-3266-4ba2-a589-f4ea0ca6838c e85a6409c3a54f64a85c59faa322136b 0cd42d14443c43d8a34d699e33ca3235 - - default default] http://[LB_IP_ADDRESS]:8776/v3/0cd42d14443c43d8a34d699e33ca3235/types returned with HTTP 200
2025-10-29 16:11:11.186 75 INFO cinder.api.openstack.wsgi [None req-034c1343-70ba-450d-af7d-df70ca900330 e85a6409c3a54f64a85c59faa322136b 0cd42d14443c43d8a34d699e33ca3235 - - default default] POST http://[LB_IP_ADDRESS]:8776/v3/0cd42d14443c43d8a34d699e33ca3235/group_types
2025-10-29 16:11:11.207 75 INFO cinder.api.openstack.wsgi [None req-034c1343-70ba-450d-af7d-df70ca900330 e85a6409c3a54f64a85c59faa322136b 0cd42d14443c43d8a34d699e33ca3235 - - default default] http://[LB_IP_ADDRESS]:8776/v3/0cd42d14443c43d8a34d699e33ca3235/group_types returned with HTTP 202
2025-10-29 16:11:11.297 74 INFO cinder.api.openstack.wsgi [None req-8063152c-033a-472b-a71e-b65d8ca2ebac 86158928bb5c4557b57f81e274c16a74 613e9e24ddb74ebcaf1a69b364494cdf - - default default] POST http://[LB_IP_ADDRESS]:8776/v3/613e9e24ddb74ebcaf1a69b364494cdf/groups
2025-10-29 16:11:11.309 74 INFO cinder.api.v3.groups [None req-8063152c-033a-472b-a71e-b65d8ca2ebac 86158928bb5c4557b57f81e274c16a74 613e9e24ddb74ebcaf1a69b364494cdf - - default default] Creating group tempest-GroupSnapshotsV319Test-Group-20802505.
2025-10-29 16:11:11.318 74 INFO cinder.volume.api [None req-8063152c-033a-472b-a71e-b65d8ca2ebac 86158928bb5c4557b57f81e274c16a74 613e9e24ddb74ebcaf1a69b364494cdf - - default default] Availability Zones retrieved successfully.
2025-10-29 16:11:11.392 74 INFO cinder.api.openstack.wsgi [None req-8063152c-033a-472b-a71e-b65d8ca2ebac 86158928bb5c4557b57f81e274c16a74 613e9e24ddb74ebcaf1a69b364494cdf - - default default] http://[LB_IP_ADDRESS]:8776/v3/613e9e24ddb74ebcaf1a69b364494cdf/groups returned with HTTP 202
2025-10-29 16:11:11.403 72 INFO cinder.api.openstack.wsgi [None req-7d3c30ab-b435-413d-ac6c-f03c1b6fbbed 86158928bb5c4557b57f81e274c16a74 613e9e24ddb74ebcaf1a69b364494cdf - - default default] GET http://[LB_IP_ADDRESS]:8776/v3/613e9e24ddb74ebcaf1a69b364494cdf/groups/e2cf2680-4b0e-4ec8-9a94-6ff2df27b6ad
2025-10-29 16:11:11.418 72 INFO cinder.api.openstack.wsgi [None req-7d3c30ab-b435-413d-ac6c-f03c1b6fbbed 86158928bb5c4557b57f81e274c16a74 613e9e24ddb74ebcaf1a69b364494cdf - - default default] http://[LB_IP_ADDRESS]:8776/v3/613e9e24ddb74ebcaf1a69b364494cdf/groups/e2cf2680-4b0e-4ec8-9a94-6ff2df27b6ad returned with HTTP 200
2025-10-29 16:11:11.885 73 INFO cinder.api.openstack.wsgi [None req-d096b1cc-b61b-495d-bb1a-5a093b9b80ce 0caa63fbe67d4d3eb187aadc01484647 91864034e57a4543ad692a73564abd10 - - default default] GET http://[LB_IP_ADDRESS]:8776/v3/91864034e57a4543ad692a73564abd10/group_snapshots/b6fe2060-1801-45fc-aaff-2c29e9607189
2025-10-29 16:11:11.897 73 INFO cinder.api.openstack.wsgi [None req-d096b1cc-b61b-495d-bb1a-5a093b9b80ce 0caa63fbe67d4d3eb187aadc01484647 91864034e57a4543ad692a73564abd10 - - default default] http://[LB_IP_ADDRESS]:8776/v3/91864034e57a4543ad692a73564abd10/group_snapshots/b6fe2060-1801-45fc-aaff-2c29e9607189 returned with HTTP 200
2025-10-29 16:11:12.430 76 INFO cinder.api.openstack.wsgi [None req-26e70062-c525-40d3-99bc-c72b8d0e26f1 86158928bb5c4557b57f81e274c16a74 613e9e24ddb74ebcaf1a69b364494cdf - - default default] GET http://[LB_IP_ADDRESS]:8776/v3/613e9e24ddb74ebcaf1a69b364494cdf/groups/e2cf2680-4b0e-4ec8-9a94-6ff2df27b6ad
2025-10-29 16:11:12.456 76 INFO cinder.api.openstack.wsgi [None req-26e70062-c525-40d3-99bc-c72b8d0e26f1 86158928bb5c4557b57f81e274c16a74 613e9e24ddb74ebcaf1a69b364494cdf - - default default] http://[LB_IP_ADDRESS]:8776/v3/613e9e24ddb74ebcaf1a69b364494cdf/groups/e2cf2680-4b0e-4ec8-9a94-6ff2df27b6ad returned with HTTP 200
2025-10-29 16:11:12.472 75 INFO cinder.api.openstack.wsgi [None req-20a37ec5-40ea-4ffe-8921-af58ad295f68 86158928bb5c4557b57f81e274c16a74 613e9e24ddb74ebcaf1a69b364494cdf - - default default] POST http://[LB_IP_ADDRESS]:8776/v3/613e9e24ddb74ebcaf1a69b364494cdf/volumes
2025-10-29 16:11:12.487 75 INFO cinder.api.v3.volumes [None req-20a37ec5-40ea-4ffe-8921-af58ad295f68 86158928bb5c4557b57f81e274c16a74 613e9e24ddb74ebcaf1a69b364494cdf - - default default] Create volume of 1 GB
2025-10-29 16:11:12.501 75 INFO cinder.volume.api [None req-20a37ec5-40ea-4ffe-8921-af58ad295f68 86158928bb5c4557b57f81e274c16a74 613e9e24ddb74ebcaf1a69b364494cdf - - default default] Availability Zones retrieved successfully.
2025-10-29 16:11:12.660 75 WARNING cinder.quota [None req-20a37ec5-40ea-4ffe-8921-af58ad295f68 86158928bb5c4557b57f81e274c16a74 613e9e24ddb74ebcaf1a69b364494cdf - - default default] Deprecated: Default quota for resource: volumes_tempest-GroupSnapshotsV319Test-volume-type-2097639713 is set by the default quota flag: quota_volumes_tempest-GroupSnapshotsV319Test-volume-type-2097639713, it is now deprecated. Please use the default quota class for default quota.
2025-10-29 16:11:12.660 75 WARNING cinder.quota [None req-20a37ec5-40ea-4ffe-8921-af58ad295f68 86158928bb5c4557b57f81e274c16a74 613e9e24ddb74ebcaf1a69b364494cdf - - default default] Deprecated: Default quota for resource: gigabytes_tempest-GroupSnapshotsV319Test-volume-type-2097639713 is set by the default quota flag: quota_gigabytes_tempest-GroupSnapshotsV319Test-volume-type-2097639713, it is now deprecated. Please use the default quota class for default quota.
2025-10-29 16:11:12.699 74 INFO cinder.api.openstack.wsgi [req-88338b5c-e671-4406-9c05-eff291772339 req-dd1f1054-e57c-4f0c-bedf-aeacdd278f6b ca1dda71426d41e8a0cd09ea0461318e df8b796706924fba8d4713540397e1ca - - default default] POST http://[LB_IP_ADDRESS]:8776/v3/volumes
2025-10-29 16:11:12.704 74 INFO cinder.api.v3.volumes [req-88338b5c-e671-4406-9c05-eff291772339 req-dd1f1054-e57c-4f0c-bedf-aeacdd278f6b ca1dda71426d41e8a0cd09ea0461318e df8b796706924fba8d4713540397e1ca - - default default] Create volume of 1 GB
2025-10-29 16:11:12.711 74 INFO cinder.volume.api [req-88338b5c-e671-4406-9c05-eff291772339 req-dd1f1054-e57c-4f0c-bedf-aeacdd278f6b ca1dda71426d41e8a0cd09ea0461318e df8b796706924fba8d4713540397e1ca - - default default] Availability Zones retrieved successfully.
2025-10-29 16:11:12.747 75 INFO cinder.volume.api [None req-20a37ec5-40ea-4ffe-8921-af58ad295f68 86158928bb5c4557b57f81e274c16a74 613e9e24ddb74ebcaf1a69b364494cdf - - default default] Create volume request issued successfully.
2025-10-29 16:11:12.763 75 INFO cinder.api.openstack.wsgi [None req-20a37ec5-40ea-4ffe-8921-af58ad295f68 86158928bb5c4557b57f81e274c16a74 613e9e24ddb74ebcaf1a69b364494cdf - - default default] http://[LB_IP_ADDRESS]:8776/v3/613e9e24ddb74ebcaf1a69b364494cdf/volumes returned with HTTP 202
2025-10-29 16:11:12.782 72 INFO cinder.api.openstack.wsgi [None req-fe2ca65f-aac6-4eb2-be89-1f89aadc491a 86158928bb5c4557b57f81e274c16a74 613e9e24ddb74ebcaf1a69b364494cdf - - default default] GET http://[LB_IP_ADDRESS]:8776/v3/613e9e24ddb74ebcaf1a69b364494cdf/volumes/a88c3378-8954-41aa-b954-4104946326e8
2025-10-29 16:11:12.796 72 INFO cinder.volume.api [None req-fe2ca65f-aac6-4eb2-be89-1f89aadc491a 86158928bb5c4557b57f81e274c16a74 613e9e24ddb74ebcaf1a69b364494cdf - - default default] Volume info retrieved successfully.
2025-10-29 16:11:12.815 72 INFO cinder.api.openstack.wsgi [None req-fe2ca65f-aac6-4eb2-be89-1f89aadc491a 86158928bb5c4557b57f81e274c16a74 613e9e24ddb74ebcaf1a69b364494cdf - - default default] http://[LB_IP_ADDRESS]:8776/v3/613e9e24ddb74ebcaf1a69b364494cdf/volumes/a88c3378-8954-41aa-b954-4104946326e8 returned with HTTP 200
2025-10-29 16:11:12.912 73 INFO cinder.api.openstack.wsgi [None req-5ef91501-e1ff-4929-b827-5a961c2cb8d3 0caa63fbe67d4d3eb187aadc01484647 91864034e57a4543ad692a73564abd10 - - default default] GET http://[LB_IP_ADDRESS]:8776/v3/91864034e57a4543ad692a73564abd10/group_snapshots/b6fe2060-1801-45fc-aaff-2c29e9607189
2025-10-29 16:11:12.924 73 INFO cinder.api.openstack.wsgi [None req-5ef91501-e1ff-4929-b827-5a961c2cb8d3 0caa63fbe67d4d3eb187aadc01484647 91864034e57a4543ad692a73564abd10 - - default default] http://[LB_IP_ADDRESS]:8776/v3/91864034e57a4543ad692a73564abd10/group_snapshots/b6fe2060-1801-45fc-aaff-2c29e9607189 returned with HTTP 200
2025-10-29 16:11:12.939 76 INFO cinder.api.openstack.wsgi [None req-5679b835-3906-4c83-824c-154026b8a3eb 0caa63fbe67d4d3eb187aadc01484647 91864034e57a4543ad692a73564abd10 - - default default] GET http://[LB_IP_ADDRESS]:8776/v3/91864034e57a4543ad692a73564abd10/snapshots/detail
2025-10-29 16:11:12.947 74 INFO cinder.volume.api [req-88338b5c-e671-4406-9c05-eff291772339 req-dd1f1054-e57c-4f0c-bedf-aeacdd278f6b ca1dda71426d41e8a0cd09ea0461318e df8b796706924fba8d4713540397e1ca - - default default] Create volume request issued successfully.
2025-10-29 16:11:12.947 76 INFO cinder.volume.api [None req-5679b835-3906-4c83-824c-154026b8a3eb 0caa63fbe67d4d3eb187aadc01484647 91864034e57a4543ad692a73564abd10 - - default default] Get all snapshots completed successfully.
2025-10-29 16:11:12.948 74 INFO cinder.api.openstack.wsgi [req-88338b5c-e671-4406-9c05-eff291772339 req-dd1f1054-e57c-4f0c-bedf-aeacdd278f6b ca1dda71426d41e8a0cd09ea0461318e df8b796706924fba8d4713540397e1ca - - default default] http://[LB_IP_ADDRESS]:8776/v3/volumes returned with HTTP 202
2025-10-29 16:11:12.948 76 INFO cinder.api.openstack.wsgi [None req-5679b835-3906-4c83-824c-154026b8a3eb 0caa63fbe67d4d3eb187aadc01484647 91864034e57a4543ad692a73564abd10 - - default default] http://[LB_IP_ADDRESS]:8776/v3/91864034e57a4543ad692a73564abd10/snapshots/detail returned with HTTP 200
2025-10-29 16:11:12.960 72 INFO cinder.api.openstack.wsgi [None req-2ace10c2-6967-42f7-9fd0-7ea5c72bdc21 0caa63fbe67d4d3eb187aadc01484647 91864034e57a4543ad692a73564abd10 - - default default] GET http://[LB_IP_ADDRESS]:8776/v3/91864034e57a4543ad692a73564abd10/snapshots/70ac3c4f-8100-48bc-b9a5-d84efcfebb0c
2025-10-29 16:11:12.963 75 INFO cinder.api.openstack.wsgi [req-88338b5c-e671-4406-9c05-eff291772339 req-7cc45ad3-3d1f-41ea-b4cb-27f6463154e3 ca1dda71426d41e8a0cd09ea0461318e df8b796706924fba8d4713540397e1ca - - default default] GET http://[LB_IP_ADDRESS]:8776/v3/volumes/76a84642-2052-4d4e-a91b-ef75f4c9b949
2025-10-29 16:11:12.966 72 INFO cinder.volume.api [None req-2ace10c2-6967-42f7-9fd0-7ea5c72bdc21 0caa63fbe67d4d3eb187aadc01484647 91864034e57a4543ad692a73564abd10 - - default default] Snapshot retrieved successfully.
2025-10-29 16:11:12.967 72 INFO cinder.api.openstack.wsgi [None req-2ace10c2-6967-42f7-9fd0-7ea5c72bdc21 0caa63fbe67d4d3eb187aadc01484647 91864034e57a4543ad692a73564abd10 - - default default] http://[LB_IP_ADDRESS]:8776/v3/91864034e57a4543ad692a73564abd10/snapshots/70ac3c4f-8100-48bc-b9a5-d84efcfebb0c returned with HTTP 200
2025-10-29 16:11:12.977 73 INFO cinder.api.openstack.wsgi [None req-21604dbd-8438-4c59-8a30-99747ab9b453 0caa63fbe67d4d3eb187aadc01484647 91864034e57a4543ad692a73564abd10 - - default default] POST http://[LB_IP_ADDRESS]:8776/v3/91864034e57a4543ad692a73564abd10/groups/action
2025-10-29 16:11:12.978 75 INFO cinder.volume.api [req-88338b5c-e671-4406-9c05-eff291772339 req-7cc45ad3-3d1f-41ea-b4cb-27f6463154e3 ca1dda71426d41e8a0cd09ea0461318e df8b796706924fba8d4713540397e1ca - - default default] Volume info retrieved successfully.
2025-10-29 16:11:12.979 73 INFO cinder.api.v3.groups [None req-21604dbd-8438-4c59-8a30-99747ab9b453 0caa63fbe67d4d3eb187aadc01484647 91864034e57a4543ad692a73564abd10 - - default default] Creating group tempest-Group_from_snap-1254327098 from group_snapshot b6fe2060-1801-45fc-aaff-2c29e9607189.
2025-10-29 16:11:12.983 75 INFO cinder.api.openstack.wsgi [req-88338b5c-e671-4406-9c05-eff291772339 req-7cc45ad3-3d1f-41ea-b4cb-27f6463154e3 ca1dda71426d41e8a0cd09ea0461318e df8b796706924fba8d4713540397e1ca - - default default] http://[LB_IP_ADDRESS]:8776/v3/volumes/76a84642-2052-4d4e-a91b-ef75f4c9b949 returned with HTTP 200
2025-10-29 16:11:13.016 74 INFO cinder.api.openstack.wsgi [req-89ef91f0-700c-4e77-8b96-34640cb49770 req-52ba1326-e59e-4eca-aa51-a676d17d84e4 ca1dda71426d41e8a0cd09ea0461318e df8b796706924fba8d4713540397e1ca - - default default] GET http://[LB_IP_ADDRESS]:8776/v3/volumes/76a84642-2052-4d4e-a91b-ef75f4c9b949
2025-10-29 16:11:13.034 74 INFO cinder.volume.api [req-89ef91f0-700c-4e77-8b96-34640cb49770 req-52ba1326-e59e-4eca-aa51-a676d17d84e4 ca1dda71426d41e8a0cd09ea0461318e df8b796706924fba8d4713540397e1ca - - default default] Volume info retrieved successfully.
2025-10-29 16:11:13.039 74 INFO cinder.api.openstack.wsgi [req-89ef91f0-700c-4e77-8b96-34640cb49770 req-52ba1326-e59e-4eca-aa51-a676d17d84e4 ca1dda71426d41e8a0cd09ea0461318e df8b796706924fba8d4713540397e1ca - - default default] http://[LB_IP_ADDRESS]:8776/v3/volumes/76a84642-2052-4d4e-a91b-ef75f4c9b949 returned with HTTP 200
