2024-08-06 10:06:10.137 20 INFO cinder.api.openstack.wsgi [None req-7f7fb2a2-cbc7-4e1c-a894-991f7db29b3c 022b65234d0646f0beed9b999bb6b353 97949d9d23dc4e2f995aac5890cd25d8 - - default default] http://[LB_IP_ADDRESS]:8776/v3/97949d9d23dc4e2f995aac5890cd25d8/volumes/b6f2492f-63c4-4fbf-ad88-d71a3a1c440a returned with HTTP 200
2024-08-06 10:06:10.148 23 INFO cinder.api.openstack.wsgi [None req-0983db9b-3cb7-449b-b73f-6864da177b8d ce8e834f512345688f187782e40b6d65 0ac9c922438a4e78b471184b7442f9bb - - default default] http://[LB_IP_ADDRESS]:8776/v3/0ac9c922438a4e78b471184b7442f9bb/snapshots/2cf52428-b2e2-40ef-9fe6-a94e5cccfb22/action returned with HTTP 202
2024-08-06 10:06:10.163 19 INFO cinder.api.openstack.wsgi [None req-f972e182-2957-4a40-94a4-f935af8e37f5 4de258d55902404ebb9dd8949a9b957c bea6fa7363e746868029b5c8f27968f0 - - default default] GET http://[LB_IP_ADDRESS]:8776/v3/bea6fa7363e746868029b5c8f27968f0/snapshots/2cf52428-b2e2-40ef-9fe6-a94e5cccfb22
2024-08-06 10:06:10.181 19 INFO cinder.volume.api [None req-f972e182-2957-4a40-94a4-f935af8e37f5 4de258d55902404ebb9dd8949a9b957c bea6fa7363e746868029b5c8f27968f0 - - default default] Snapshot retrieved successfully.
2024-08-06 10:06:10.184 19 INFO cinder.api.openstack.wsgi [None req-f972e182-2957-4a40-94a4-f935af8e37f5 4de258d55902404ebb9dd8949a9b957c bea6fa7363e746868029b5c8f27968f0 - - default default] http://[LB_IP_ADDRESS]:8776/v3/bea6fa7363e746868029b5c8f27968f0/snapshots/2cf52428-b2e2-40ef-9fe6-a94e5cccfb22 returned with HTTP 200
2024-08-06 10:06:10.204 21 INFO cinder.api.openstack.wsgi [None req-baaeedb1-2c47-46bf-a37b-e0538d5efdfb ce8e834f512345688f187782e40b6d65 0ac9c922438a4e78b471184b7442f9bb - - default default] POST http://[LB_IP_ADDRESS]:8776/v3/0ac9c922438a4e78b471184b7442f9bb/snapshots/2cf52428-b2e2-40ef-9fe6-a94e5cccfb22/action
2024-08-06 10:06:10.218 21 INFO cinder.volume.api [None req-baaeedb1-2c47-46bf-a37b-e0538d5efdfb ce8e834f512345688f187782e40b6d65 0ac9c922438a4e78b471184b7442f9bb - - default default] Snapshot retrieved successfully.
2024-08-06 10:06:10.245 21 INFO cinder.volume.api [None req-baaeedb1-2c47-46bf-a37b-e0538d5efdfb ce8e834f512345688f187782e40b6d65 0ac9c922438a4e78b471184b7442f9bb - - default default] Snapshot delete request issued successfully.
2024-08-06 10:06:10.246 21 INFO cinder.api.openstack.wsgi [None req-baaeedb1-2c47-46bf-a37b-e0538d5efdfb ce8e834f512345688f187782e40b6d65 0ac9c922438a4e78b471184b7442f9bb - - default default] http://[LB_IP_ADDRESS]:8776/v3/0ac9c922438a4e78b471184b7442f9bb/snapshots/2cf52428-b2e2-40ef-9fe6-a94e5cccfb22/action returned with HTTP 202
2024-08-06 10:06:10.260 22 INFO cinder.api.openstack.wsgi [None req-9e8322df-eb2a-46d8-b483-9f4ca6981fa8 4de258d55902404ebb9dd8949a9b957c bea6fa7363e746868029b5c8f27968f0 - - default default] GET http://[LB_IP_ADDRESS]:8776/v3/bea6fa7363e746868029b5c8f27968f0/snapshots/2cf52428-b2e2-40ef-9fe6-a94e5cccfb22
2024-08-06 10:06:10.271 22 INFO cinder.volume.api [None req-9e8322df-eb2a-46d8-b483-9f4ca6981fa8 4de258d55902404ebb9dd8949a9b957c bea6fa7363e746868029b5c8f27968f0 - - default default] Snapshot retrieved successfully.
2024-08-06 10:06:10.273 22 INFO cinder.api.openstack.wsgi [None req-9e8322df-eb2a-46d8-b483-9f4ca6981fa8 4de258d55902404ebb9dd8949a9b957c bea6fa7363e746868029b5c8f27968f0 - - default default] http://[LB_IP_ADDRESS]:8776/v3/bea6fa7363e746868029b5c8f27968f0/snapshots/2cf52428-b2e2-40ef-9fe6-a94e5cccfb22 returned with HTTP 200
2024-08-06 10:06:10.822 20 INFO cinder.api.openstack.wsgi [None req-68b54513-b269-43fb-818d-0dd93ffd13bd 00e803769c8d434da64fcde167d7b0ef 5eecf449a2184923bc9843bd7a03af2d - - default default] GET http://[LB_IP_ADDRESS]:8776/v3/5eecf449a2184923bc9843bd7a03af2d/snapshots/536921f2-d59b-4d0d-9ea5-01e84fad994a
2024-08-06 10:06:10.833 20 INFO cinder.volume.api [None req-68b54513-b269-43fb-818d-0dd93ffd13bd 00e803769c8d434da64fcde167d7b0ef 5eecf449a2184923bc9843bd7a03af2d - - default default] Snapshot retrieved successfully.
2024-08-06 10:06:10.834 20 INFO cinder.api.openstack.wsgi [None req-68b54513-b269-43fb-818d-0dd93ffd13bd 00e803769c8d434da64fcde167d7b0ef 5eecf449a2184923bc9843bd7a03af2d - - default default] http://[LB_IP_ADDRESS]:8776/v3/5eecf449a2184923bc9843bd7a03af2d/snapshots/536921f2-d59b-4d0d-9ea5-01e84fad994a returned with HTTP 200
2024-08-06 10:06:11.168 23 INFO cinder.api.openstack.wsgi [None req-2e7773e8-873f-4249-8f44-2832d923acfd 022b65234d0646f0beed9b999bb6b353 97949d9d23dc4e2f995aac5890cd25d8 - - default default] GET http://[LB_IP_ADDRESS]:8776/v3/97949d9d23dc4e2f995aac5890cd25d8/volumes/b6f2492f-63c4-4fbf-ad88-d71a3a1c440a
2024-08-06 10:06:11.189 23 INFO cinder.volume.api [None req-2e7773e8-873f-4249-8f44-2832d923acfd 022b65234d0646f0beed9b999bb6b353 97949d9d23dc4e2f995aac5890cd25d8 - - default default] Volume info retrieved successfully.
2024-08-06 10:06:11.220 23 INFO cinder.api.openstack.wsgi [None req-2e7773e8-873f-4249-8f44-2832d923acfd 022b65234d0646f0beed9b999bb6b353 97949d9d23dc4e2f995aac5890cd25d8 - - default default] http://[LB_IP_ADDRESS]:8776/v3/97949d9d23dc4e2f995aac5890cd25d8/volumes/b6f2492f-63c4-4fbf-ad88-d71a3a1c440a returned with HTTP 200
2024-08-06 10:06:11.293 19 INFO cinder.api.openstack.wsgi [None req-ced1c89e-4c56-425b-be2c-8985fb15f784 4de258d55902404ebb9dd8949a9b957c bea6fa7363e746868029b5c8f27968f0 - - default default] GET http://[LB_IP_ADDRESS]:8776/v3/bea6fa7363e746868029b5c8f27968f0/snapshots/2cf52428-b2e2-40ef-9fe6-a94e5cccfb22
2024-08-06 10:06:11.305 19 INFO cinder.volume.api [None req-ced1c89e-4c56-425b-be2c-8985fb15f784 4de258d55902404ebb9dd8949a9b957c bea6fa7363e746868029b5c8f27968f0 - - default default] Snapshot retrieved successfully.
2024-08-06 10:06:11.306 19 INFO cinder.api.openstack.wsgi [None req-ced1c89e-4c56-425b-be2c-8985fb15f784 4de258d55902404ebb9dd8949a9b957c bea6fa7363e746868029b5c8f27968f0 - - default default] http://[LB_IP_ADDRESS]:8776/v3/bea6fa7363e746868029b5c8f27968f0/snapshots/2cf52428-b2e2-40ef-9fe6-a94e5cccfb22 returned with HTTP 200
2024-08-06 10:06:11.850 21 INFO cinder.api.openstack.wsgi [None req-bf351a85-d3db-400f-8cf8-0509c144502d 00e803769c8d434da64fcde167d7b0ef 5eecf449a2184923bc9843bd7a03af2d - - default default] GET http://[LB_IP_ADDRESS]:8776/v3/5eecf449a2184923bc9843bd7a03af2d/snapshots/536921f2-d59b-4d0d-9ea5-01e84fad994a
2024-08-06 10:06:11.858 21 INFO cinder.api.openstack.wsgi [None req-bf351a85-d3db-400f-8cf8-0509c144502d 00e803769c8d434da64fcde167d7b0ef 5eecf449a2184923bc9843bd7a03af2d - - default default] http://[LB_IP_ADDRESS]:8776/v3/5eecf449a2184923bc9843bd7a03af2d/snapshots/536921f2-d59b-4d0d-9ea5-01e84fad994a returned with HTTP 404
2024-08-06 10:06:11.865 22 INFO cinder.api.openstack.wsgi [None req-5910a55b-b15e-4134-9a7d-8229a79c852f 00e803769c8d434da64fcde167d7b0ef 5eecf449a2184923bc9843bd7a03af2d - - default default] GET http://[LB_IP_ADDRESS]:8776/v3/5eecf449a2184923bc9843bd7a03af2d/group_snapshots/c7b0acd0-544a-42c5-91af-48101010b157
2024-08-06 10:06:11.869 22 INFO cinder.api.openstack.wsgi [None req-5910a55b-b15e-4134-9a7d-8229a79c852f 00e803769c8d434da64fcde167d7b0ef 5eecf449a2184923bc9843bd7a03af2d - - default default] http://[LB_IP_ADDRESS]:8776/v3/5eecf449a2184923bc9843bd7a03af2d/group_snapshots/c7b0acd0-544a-42c5-91af-48101010b157 returned with HTTP 404
2024-08-06 10:06:11.881 20 INFO cinder.api.openstack.wsgi [None req-d31049e2-733b-442a-b9a7-7406d0353a8e 00e803769c8d434da64fcde167d7b0ef 5eecf449a2184923bc9843bd7a03af2d - - default default] GET http://[LB_IP_ADDRESS]:8776/v3/5eecf449a2184923bc9843bd7a03af2d/group_snapshots
2024-08-06 10:06:11.889 20 INFO cinder.api.openstack.wsgi [None req-d31049e2-733b-442a-b9a7-7406d0353a8e 00e803769c8d434da64fcde167d7b0ef 5eecf449a2184923bc9843bd7a03af2d - - default default] http://[LB_IP_ADDRESS]:8776/v3/5eecf449a2184923bc9843bd7a03af2d/group_snapshots returned with HTTP 200
2024-08-06 10:06:11.906 23 INFO cinder.api.openstack.wsgi [None req-46636891-e417-4b1b-9b78-e383a72af3dd 00e803769c8d434da64fcde167d7b0ef 5eecf449a2184923bc9843bd7a03af2d - - default default] DELETE http://[LB_IP_ADDRESS]:8776/v3/5eecf449a2184923bc9843bd7a03af2d/group_snapshots/c7b0acd0-544a-42c5-91af-48101010b157
2024-08-06 10:06:11.907 23 INFO cinder.api.v3.group_snapshots [None req-46636891-e417-4b1b-9b78-e383a72af3dd 00e803769c8d434da64fcde167d7b0ef 5eecf449a2184923bc9843bd7a03af2d - - default default] Delete group_snapshot with id: c7b0acd0-544a-42c5-91af-48101010b157
2024-08-06 10:06:11.912 23 INFO cinder.api.openstack.wsgi [None req-46636891-e417-4b1b-9b78-e383a72af3dd 00e803769c8d434da64fcde167d7b0ef 5eecf449a2184923bc9843bd7a03af2d - - default default] http://[LB_IP_ADDRESS]:8776/v3/5eecf449a2184923bc9843bd7a03af2d/group_snapshots/c7b0acd0-544a-42c5-91af-48101010b157 returned with HTTP 404
2024-08-06 10:06:11.924 19 INFO cinder.api.openstack.wsgi [None req-f34b1005-e35a-4cba-b94f-ccb60a008ce0 00e803769c8d434da64fcde167d7b0ef 5eecf449a2184923bc9843bd7a03af2d - - default default] GET http://[LB_IP_ADDRESS]:8776/v3/5eecf449a2184923bc9843bd7a03af2d/volumes/detail
2024-08-06 10:06:11.948 19 INFO cinder.volume.api [None req-f34b1005-e35a-4cba-b94f-ccb60a008ce0 00e803769c8d434da64fcde167d7b0ef 5eecf449a2184923bc9843bd7a03af2d - - default default] Get all volumes completed successfully.
2024-08-06 10:06:11.967 19 INFO cinder.api.openstack.wsgi [None req-f34b1005-e35a-4cba-b94f-ccb60a008ce0 00e803769c8d434da64fcde167d7b0ef 5eecf449a2184923bc9843bd7a03af2d - - default default] http://[LB_IP_ADDRESS]:8776/v3/5eecf449a2184923bc9843bd7a03af2d/volumes/detail returned with HTTP 200
2024-08-06 10:06:11.998 21 INFO cinder.api.openstack.wsgi [None req-30231fb3-9a7b-4c82-bbeb-bf4a8ee3a945 00e803769c8d434da64fcde167d7b0ef 5eecf449a2184923bc9843bd7a03af2d - - default default] POST http://[LB_IP_ADDRESS]:8776/v3/5eecf449a2184923bc9843bd7a03af2d/groups/89f571e7-e5bd-4079-abfd-eb39ed114e7c/action
2024-08-06 10:06:12.002 21 INFO cinder.api.v3.groups [None req-30231fb3-9a7b-4c82-bbeb-bf4a8ee3a945 00e803769c8d434da64fcde167d7b0ef 5eecf449a2184923bc9843bd7a03af2d - - default default] Delete group with id: 89f571e7-e5bd-4079-abfd-eb39ed114e7c
2024-08-06 10:06:12.060 21 INFO cinder.api.openstack.wsgi [None req-30231fb3-9a7b-4c82-bbeb-bf4a8ee3a945 00e803769c8d434da64fcde167d7b0ef 5eecf449a2184923bc9843bd7a03af2d - - default default] http://[LB_IP_ADDRESS]:8776/v3/5eecf449a2184923bc9843bd7a03af2d/groups/89f571e7-e5bd-4079-abfd-eb39ed114e7c/action returned with HTTP 202
2024-08-06 10:06:12.074 22 INFO cinder.api.openstack.wsgi [None req-3c5027fa-aa10-43a1-a95f-f1a6b54454b5 00e803769c8d434da64fcde167d7b0ef 5eecf449a2184923bc9843bd7a03af2d - - default default] GET http://[LB_IP_ADDRESS]:8776/v3/5eecf449a2184923bc9843bd7a03af2d/volumes/26d901ed-4023-4904-a54c-c6d8b2664eca
2024-08-06 10:06:12.098 22 INFO cinder.volume.api [None req-3c5027fa-aa10-43a1-a95f-f1a6b54454b5 00e803769c8d434da64fcde167d7b0ef 5eecf449a2184923bc9843bd7a03af2d - - default default] Volume info retrieved successfully.
2024-08-06 10:06:12.130 22 INFO cinder.api.openstack.wsgi [None req-3c5027fa-aa10-43a1-a95f-f1a6b54454b5 00e803769c8d434da64fcde167d7b0ef 5eecf449a2184923bc9843bd7a03af2d - - default default] http://[LB_IP_ADDRESS]:8776/v3/5eecf449a2184923bc9843bd7a03af2d/volumes/26d901ed-4023-4904-a54c-c6d8b2664eca returned with HTTP 200
2024-08-06 10:06:12.250 20 INFO cinder.api.openstack.wsgi [None req-c962aca7-66c0-48e8-820a-4b1679f860a5 022b65234d0646f0beed9b999bb6b353 97949d9d23dc4e2f995aac5890cd25d8 - - default default] GET http://[LB_IP_ADDRESS]:8776/v3/97949d9d23dc4e2f995aac5890cd25d8/volumes/b6f2492f-63c4-4fbf-ad88-d71a3a1c440a
2024-08-06 10:06:12.262 20 INFO cinder.api.openstack.wsgi [None req-c962aca7-66c0-48e8-820a-4b1679f860a5 022b65234d0646f0beed9b999bb6b353 97949d9d23dc4e2f995aac5890cd25d8 - - default default] http://[LB_IP_ADDRESS]:8776/v3/97949d9d23dc4e2f995aac5890cd25d8/volumes/b6f2492f-63c4-4fbf-ad88-d71a3a1c440a returned with HTTP 404
2024-08-06 10:06:12.275 23 INFO cinder.api.openstack.wsgi [None req-0842a457-832f-4450-b0a4-8319117df100 022b65234d0646f0beed9b999bb6b353 97949d9d23dc4e2f995aac5890cd25d8 - - default default] GET http://[LB_IP_ADDRESS]:8776/v3/97949d9d23dc4e2f995aac5890cd25d8/groups/106ddc46-a6c1-4de7-bbe7-48ee05797ef7
2024-08-06 10:06:12.282 23 INFO cinder.api.openstack.wsgi [None req-0842a457-832f-4450-b0a4-8319117df100 022b65234d0646f0beed9b999bb6b353 97949d9d23dc4e2f995aac5890cd25d8 - - default default] http://[LB_IP_ADDRESS]:8776/v3/97949d9d23dc4e2f995aac5890cd25d8/groups/106ddc46-a6c1-4de7-bbe7-48ee05797ef7 returned with HTTP 404
2024-08-06 10:06:12.291 19 INFO cinder.api.openstack.wsgi [None req-e895973f-6ef5-4b17-b11c-c19358703c34 022b65234d0646f0beed9b999bb6b353 97949d9d23dc4e2f995aac5890cd25d8 - - default default] GET http://[LB_IP_ADDRESS]:8776/v3/97949d9d23dc4e2f995aac5890cd25d8/volumes/detail
2024-08-06 10:06:12.312 19 INFO cinder.volume.api [None req-e895973f-6ef5-4b17-b11c-c19358703c34 022b65234d0646f0beed9b999bb6b353 97949d9d23dc4e2f995aac5890cd25d8 - - default default] Get all volumes completed successfully.
2024-08-06 10:06:12.323 21 INFO cinder.api.openstack.wsgi [None req-f4d5d374-89de-4c81-aea2-fa164ae14aa5 4de258d55902404ebb9dd8949a9b957c bea6fa7363e746868029b5c8f27968f0 - - default default] GET http://[LB_IP_ADDRESS]:8776/v3/bea6fa7363e746868029b5c8f27968f0/snapshots/2cf52428-b2e2-40ef-9fe6-a94e5cccfb22
2024-08-06 10:06:12.332 19 INFO cinder.api.openstack.wsgi [None req-e895973f-6ef5-4b17-b11c-c19358703c34 022b65234d0646f0beed9b999bb6b353 97949d9d23dc4e2f995aac5890cd25d8 - - default default] http://[LB_IP_ADDRESS]:8776/v3/97949d9d23dc4e2f995aac5890cd25d8/volumes/detail returned with HTTP 200
2024-08-06 10:06:12.334 21 INFO cinder.api.openstack.wsgi [None req-f4d5d374-89de-4c81-aea2-fa164ae14aa5 4de258d55902404ebb9dd8949a9b957c bea6fa7363e746868029b5c8f27968f0 - - default default] http://[LB_IP_ADDRESS]:8776/v3/bea6fa7363e746868029b5c8f27968f0/snapshots/2cf52428-b2e2-40ef-9fe6-a94e5cccfb22 returned with HTTP 404
2024-08-06 10:06:12.352 22 INFO cinder.api.openstack.wsgi [None req-5955e58a-ad30-4cc8-a6f1-c7a50385522a ce8e834f512345688f187782e40b6d65 0ac9c922438a4e78b471184b7442f9bb - - default default] POST http://[LB_IP_ADDRESS]:8776/v3/0ac9c922438a4e78b471184b7442f9bb/snapshots/fe1398fc-7f72-4466-80a1-c7c01bce28a4/action
2024-08-06 10:06:12.362 20 INFO cinder.api.openstack.wsgi [None req-a7d5a681-d12a-4a13-b146-c030c4116193 022b65234d0646f0beed9b999bb6b353 97949d9d23dc4e2f995aac5890cd25d8 - - default default] POST http://[LB_IP_ADDRESS]:8776/v3/97949d9d23dc4e2f995aac5890cd25d8/groups/c39f1f34-228a-4d36-b63d-e3690daa7d60/action
2024-08-06 10:06:12.368 20 INFO cinder.api.v3.groups [None req-a7d5a681-d12a-4a13-b146-c030c4116193 022b65234d0646f0beed9b999bb6b353 97949d9d23dc4e2f995aac5890cd25d8 - - default default] Delete group with id: c39f1f34-228a-4d36-b63d-e3690daa7d60
2024-08-06 10:06:12.386 22 INFO cinder.api.openstack.wsgi [None req-5955e58a-ad30-4cc8-a6f1-c7a50385522a ce8e834f512345688f187782e40b6d65 0ac9c922438a4e78b471184b7442f9bb - - default default] http://[LB_IP_ADDRESS]:8776/v3/0ac9c922438a4e78b471184b7442f9bb/snapshots/fe1398fc-7f72-4466-80a1-c7c01bce28a4/action returned with HTTP 202
2024-08-06 10:06:12.401 23 INFO cinder.api.openstack.wsgi [None req-0e3c5078-47ce-4f72-948a-c4f1936f00d9 4de258d55902404ebb9dd8949a9b957c bea6fa7363e746868029b5c8f27968f0 - - default default] GET http://[LB_IP_ADDRESS]:8776/v3/bea6fa7363e746868029b5c8f27968f0/snapshots/fe1398fc-7f72-4466-80a1-c7c01bce28a4
2024-08-06 10:06:12.411 20 INFO cinder.api.openstack.wsgi [None req-a7d5a681-d12a-4a13-b146-c030c4116193 022b65234d0646f0beed9b999bb6b353 97949d9d23dc4e2f995aac5890cd25d8 - - default default] http://[LB_IP_ADDRESS]:8776/v3/97949d9d23dc4e2f995aac5890cd25d8/groups/c39f1f34-228a-4d36-b63d-e3690daa7d60/action returned with HTTP 202
2024-08-06 10:06:12.411 23 INFO cinder.volume.api [None req-0e3c5078-47ce-4f72-948a-c4f1936f00d9 4de258d55902404ebb9dd8949a9b957c bea6fa7363e746868029b5c8f27968f0 - - default default] Snapshot retrieved successfully.
2024-08-06 10:06:12.412 23 INFO cinder.api.openstack.wsgi [None req-0e3c5078-47ce-4f72-948a-c4f1936f00d9 4de258d55902404ebb9dd8949a9b957c bea6fa7363e746868029b5c8f27968f0 - - default default] http://[LB_IP_ADDRESS]:8776/v3/bea6fa7363e746868029b5c8f27968f0/snapshots/fe1398fc-7f72-4466-80a1-c7c01bce28a4 returned with HTTP 200
2024-08-06 10:06:12.427 19 INFO cinder.api.openstack.wsgi [None req-95530cd7-4daa-4d0d-9c4c-87f13f461319 022b65234d0646f0beed9b999bb6b353 97949d9d23dc4e2f995aac5890cd25d8 - - default default] GET http://[LB_IP_ADDRESS]:8776/v3/97949d9d23dc4e2f995aac5890cd25d8/volumes/06dc8444-ed36-48c3-b068-73a1ad22cbb6
2024-08-06 10:06:12.431 21 INFO cinder.api.openstack.wsgi [None req-49786768-00ca-42d1-b6c5-3f9bbb786d7d 4de258d55902404ebb9dd8949a9b957c bea6fa7363e746868029b5c8f27968f0 - - default default] DELETE http://[LB_IP_ADDRESS]:8776/v3/bea6fa7363e746868029b5c8f27968f0/snapshots/2cf52428-b2e2-40ef-9fe6-a94e5cccfb22
2024-08-06 10:06:12.432 21 INFO cinder.api.v2.snapshots [None req-49786768-00ca-42d1-b6c5-3f9bbb786d7d 4de258d55902404ebb9dd8949a9b957c bea6fa7363e746868029b5c8f27968f0 - - default default] Delete snapshot with id: 2cf52428-b2e2-40ef-9fe6-a94e5cccfb22
2024-08-06 10:06:12.441 21 INFO cinder.api.openstack.wsgi [None req-49786768-00ca-42d1-b6c5-3f9bbb786d7d 4de258d55902404ebb9dd8949a9b957c bea6fa7363e746868029b5c8f27968f0 - - default default] http://[LB_IP_ADDRESS]:8776/v3/bea6fa7363e746868029b5c8f27968f0/snapshots/2cf52428-b2e2-40ef-9fe6-a94e5cccfb22 returned with HTTP 404
2024-08-06 10:06:12.448 19 INFO cinder.volume.api [None req-95530cd7-4daa-4d0d-9c4c-87f13f461319 022b65234d0646f0beed9b999bb6b353 97949d9d23dc4e2f995aac5890cd25d8 - - default default] Volume info retrieved successfully.
2024-08-06 10:06:12.451 22 INFO cinder.api.openstack.wsgi [None req-8fb37945-f592-4d00-9391-1976acdd306a 4de258d55902404ebb9dd8949a9b957c bea6fa7363e746868029b5c8f27968f0 - - default default] POST http://[LB_IP_ADDRESS]:8776/v3/bea6fa7363e746868029b5c8f27968f0/snapshots
2024-08-06 10:06:12.464 22 INFO cinder.volume.api [None req-8fb37945-f592-4d00-9391-1976acdd306a 4de258d55902404ebb9dd8949a9b957c bea6fa7363e746868029b5c8f27968f0 - - default default] Volume info retrieved successfully.
2024-08-06 10:06:12.465 22 INFO cinder.api.v3.snapshots [None req-8fb37945-f592-4d00-9391-1976acdd306a 4de258d55902404ebb9dd8949a9b957c bea6fa7363e746868029b5c8f27968f0 - - default default] Create snapshot from volume c2154596-8376-4bb3-b34a-c6d3ae5c4f88
2024-08-06 10:06:12.468 19 INFO cinder.api.openstack.wsgi [None req-95530cd7-4daa-4d0d-9c4c-87f13f461319 022b65234d0646f0beed9b999bb6b353 97949d9d23dc4e2f995aac5890cd25d8 - - default default] http://[LB_IP_ADDRESS]:8776/v3/97949d9d23dc4e2f995aac5890cd25d8/volumes/06dc8444-ed36-48c3-b068-73a1ad22cbb6 returned with HTTP 200
2024-08-06 10:06:12.547 22 INFO cinder.volume.api [None req-8fb37945-f592-4d00-9391-1976acdd306a 4de258d55902404ebb9dd8949a9b957c bea6fa7363e746868029b5c8f27968f0 - - default default] Snapshot create request issued successfully.
2024-08-06 10:06:12.548 22 INFO cinder.api.openstack.wsgi [None req-8fb37945-f592-4d00-9391-1976acdd306a 4de258d55902404ebb9dd8949a9b957c bea6fa7363e746868029b5c8f27968f0 - - default default] http://[LB_IP_ADDRESS]:8776/v3/bea6fa7363e746868029b5c8f27968f0/snapshots returned with HTTP 202
2024-08-06 10:06:12.564 20 INFO cinder.api.openstack.wsgi [None req-ef3ff160-6b66-4c1c-9ac8-a4fa29b14cc7 4de258d55902404ebb9dd8949a9b957c bea6fa7363e746868029b5c8f27968f0 - - default default] GET http://[LB_IP_ADDRESS]:8776/v3/bea6fa7363e746868029b5c8f27968f0/snapshots/bdeee17a-34bc-4d05-9eff-1941a9093fa7
2024-08-06 10:06:12.574 20 INFO cinder.volume.api [None req-ef3ff160-6b66-4c1c-9ac8-a4fa29b14cc7 4de258d55902404ebb9dd8949a9b957c bea6fa7363e746868029b5c8f27968f0 - - default default] Snapshot retrieved successfully.
2024-08-06 10:06:12.575 20 INFO cinder.api.openstack.wsgi [None req-ef3ff160-6b66-4c1c-9ac8-a4fa29b14cc7 4de258d55902404ebb9dd8949a9b957c bea6fa7363e746868029b5c8f27968f0 - - default default] http://[LB_IP_ADDRESS]:8776/v3/bea6fa7363e746868029b5c8f27968f0/snapshots/bdeee17a-34bc-4d05-9eff-1941a9093fa7 returned with HTTP 200
2024-08-06 10:06:13.161 23 INFO cinder.api.openstack.wsgi [None req-aab23ddc-193f-457f-ad44-3d8a4a5ec231 00e803769c8d434da64fcde167d7b0ef 5eecf449a2184923bc9843bd7a03af2d - - default default] GET http://[LB_IP_ADDRESS]:8776/v3/5eecf449a2184923bc9843bd7a03af2d/volumes/26d901ed-4023-4904-a54c-c6d8b2664eca
2024-08-06 10:06:13.181 23 INFO cinder.volume.api [None req-aab23ddc-193f-457f-ad44-3d8a4a5ec231 00e803769c8d434da64fcde167d7b0ef 5eecf449a2184923bc9843bd7a03af2d - - default default] Volume info retrieved successfully.
2024-08-06 10:06:13.209 23 INFO cinder.api.openstack.wsgi [None req-aab23ddc-193f-457f-ad44-3d8a4a5ec231 00e803769c8d434da64fcde167d7b0ef 5eecf449a2184923bc9843bd7a03af2d - - default default] http://[LB_IP_ADDRESS]:8776/v3/5eecf449a2184923bc9843bd7a03af2d/volumes/26d901ed-4023-4904-a54c-c6d8b2664eca returned with HTTP 200
2024-08-06 10:06:13.497 21 INFO cinder.api.openstack.wsgi [None req-06e47b81-3d28-45de-b01d-0665834b2f3c 022b65234d0646f0beed9b999bb6b353 97949d9d23dc4e2f995aac5890cd25d8 - - default default] GET http://[LB_IP_ADDRESS]:8776/v3/97949d9d23dc4e2f995aac5890cd25d8/volumes/06dc8444-ed36-48c3-b068-73a1ad22cbb6
2024-08-06 10:06:13.519 21 INFO cinder.volume.api [None req-06e47b81-3d28-45de-b01d-0665834b2f3c 022b65234d0646f0beed9b999bb6b353 97949d9d23dc4e2f995aac5890cd25d8 - - default default] Volume info retrieved successfully.
2024-08-06 10:06:13.544 21 INFO cinder.api.openstack.wsgi [None req-06e47b81-3d28-45de-b01d-0665834b2f3c 022b65234d0646f0beed9b999bb6b353 97949d9d23dc4e2f995aac5890cd25d8 - - default default] http://[LB_IP_ADDRESS]:8776/v3/97949d9d23dc4e2f995aac5890cd25d8/volumes/06dc8444-ed36-48c3-b068-73a1ad22cbb6 returned with HTTP 200
2024-08-06 10:06:13.590 19 INFO cinder.api.openstack.wsgi [None req-c1cf2a80-ec98-4328-a0bd-3e9719a68609 4de258d55902404ebb9dd8949a9b957c bea6fa7363e746868029b5c8f27968f0 - - default default] GET http://[LB_IP_ADDRESS]:8776/v3/bea6fa7363e746868029b5c8f27968f0/snapshots/bdeee17a-34bc-4d05-9eff-1941a9093fa7
2024-08-06 10:06:13.599 19 INFO cinder.volume.api [None req-c1cf2a80-ec98-4328-a0bd-3e9719a68609 4de258d55902404ebb9dd8949a9b957c bea6fa7363e746868029b5c8f27968f0 - - default default] Snapshot retrieved successfully.
2024-08-06 10:06:13.600 19 INFO cinder.api.openstack.wsgi [None req-c1cf2a80-ec98-4328-a0bd-3e9719a68609 4de258d55902404ebb9dd8949a9b957c bea6fa7363e746868029b5c8f27968f0 - - default default] http://[LB_IP_ADDRESS]:8776/v3/bea6fa7363e746868029b5c8f27968f0/snapshots/bdeee17a-34bc-4d05-9eff-1941a9093fa7 returned with HTTP 200
2024-08-06 10:06:14.236 22 INFO cinder.api.openstack.wsgi [None req-3ec77325-3148-4534-aebc-9a806d997688 00e803769c8d434da64fcde167d7b0ef 5eecf449a2184923bc9843bd7a03af2d - - default default] GET http://[LB_IP_ADDRESS]:8776/v3/5eecf449a2184923bc9843bd7a03af2d/volumes/26d901ed-4023-4904-a54c-c6d8b2664eca
2024-08-06 10:06:14.246 22 INFO cinder.api.openstack.wsgi [None req-3ec77325-3148-4534-aebc-9a806d997688 00e803769c8d434da64fcde167d7b0ef 5eecf449a2184923bc9843bd7a03af2d - - default default] http://[LB_IP_ADDRESS]:8776/v3/5eecf449a2184923bc9843bd7a03af2d/volumes/26d901ed-4023-4904-a54c-c6d8b2664eca returned with HTTP 404
2024-08-06 10:06:14.257 20 INFO cinder.api.openstack.wsgi [None req-fa4c4124-a902-4ef2-8e79-6144ac9d686f 00e803769c8d434da64fcde167d7b0ef 5eecf449a2184923bc9843bd7a03af2d - - default default] GET http://[LB_IP_ADDRESS]:8776/v3/5eecf449a2184923bc9843bd7a03af2d/groups/89f571e7-e5bd-4079-abfd-eb39ed114e7c
2024-08-06 10:06:14.273 20 INFO cinder.api.openstack.wsgi [None req-fa4c4124-a902-4ef2-8e79-6144ac9d686f 00e803769c8d434da64fcde167d7b0ef 5eecf449a2184923bc9843bd7a03af2d - - default default] http://[LB_IP_ADDRESS]:8776/v3/5eecf449a2184923bc9843bd7a03af2d/groups/89f571e7-e5bd-4079-abfd-eb39ed114e7c returned with HTTP 200
2024-08-06 10:06:14.575 23 INFO cinder.api.openstack.wsgi [None req-dd27187e-2745-4e68-9370-89948b5fa9e5 022b65234d0646f0beed9b999bb6b353 97949d9d23dc4e2f995aac5890cd25d8 - - default default] GET http://[LB_IP_ADDRESS]:8776/v3/97949d9d23dc4e2f995aac5890cd25d8/volumes/06dc8444-ed36-48c3-b068-73a1ad22cbb6
2024-08-06 10:06:14.595 23 INFO cinder.api.openstack.wsgi [None req-dd27187e-2745-4e68-9370-89948b5fa9e5 022b65234d0646f0beed9b999bb6b353 97949d9d23dc4e2f995aac5890cd25d8 - - default default] http://[LB_IP_ADDRESS]:8776/v3/97949d9d23dc4e2f995aac5890cd25d8/volumes/06dc8444-ed36-48c3-b068-73a1ad22cbb6 returned with HTTP 404
2024-08-06 10:06:14.610 21 INFO cinder.api.openstack.wsgi [None req-0c0a4ea2-7a13-4a53-9b9c-a7c33489e30e 022b65234d0646f0beed9b999bb6b353 97949d9d23dc4e2f995aac5890cd25d8 - - default default] GET http://[LB_IP_ADDRESS]:8776/v3/97949d9d23dc4e2f995aac5890cd25d8/groups/c39f1f34-228a-4d36-b63d-e3690daa7d60
2024-08-06 10:06:14.615 19 INFO cinder.api.openstack.wsgi [None req-544eff6e-81ed-4f5e-98cd-bbfdda1c2af6 4de258d55902404ebb9dd8949a9b957c bea6fa7363e746868029b5c8f27968f0 - - default default] GET http://[LB_IP_ADDRESS]:8776/v3/bea6fa7363e746868029b5c8f27968f0/snapshots/bdeee17a-34bc-4d05-9eff-1941a9093fa7
2024-08-06 10:06:14.616 21 INFO cinder.api.openstack.wsgi [None req-0c0a4ea2-7a13-4a53-9b9c-a7c33489e30e 022b65234d0646f0beed9b999bb6b353 97949d9d23dc4e2f995aac5890cd25d8 - - default default] http://[LB_IP_ADDRESS]:8776/v3/97949d9d23dc4e2f995aac5890cd25d8/groups/c39f1f34-228a-4d36-b63d-e3690daa7d60 returned with HTTP 404
2024-08-06 10:06:14.625 19 INFO cinder.volume.api [None req-544eff6e-81ed-4f5e-98cd-bbfdda1c2af6 4de258d55902404ebb9dd8949a9b957c bea6fa7363e746868029b5c8f27968f0 - - default default] Snapshot retrieved successfully.
2024-08-06 10:06:14.627 19 INFO cinder.api.openstack.wsgi [None req-544eff6e-81ed-4f5e-98cd-bbfdda1c2af6 4de258d55902404ebb9dd8949a9b957c bea6fa7363e746868029b5c8f27968f0 - - default default] http://[LB_IP_ADDRESS]:8776/v3/bea6fa7363e746868029b5c8f27968f0/snapshots/bdeee17a-34bc-4d05-9eff-1941a9093fa7 returned with HTTP 200
2024-08-06 10:06:14.629 22 INFO cinder.api.openstack.wsgi [None req-ff88fbc7-9ceb-408b-ae2a-38085515cff1 2bd0d9e16df04fef9300e1522e9b6fe6 74766eeac692485694dbd060605f0772 - - default default] DELETE http://[LB_IP_ADDRESS]:8776/v3/74766eeac692485694dbd060605f0772/group_types/418002cc-0899-47cd-96a4-36ca9d47eb5d
2024-08-06 10:06:14.643 20 INFO cinder.api.openstack.wsgi [None req-5d0898d1-e695-46e7-92b4-555f3bc01665 ce8e834f512345688f187782e40b6d65 0ac9c922438a4e78b471184b7442f9bb - - default default] POST http://[LB_IP_ADDRESS]:8776/v3/0ac9c922438a4e78b471184b7442f9bb/snapshots/bdeee17a-34bc-4d05-9eff-1941a9093fa7/action
2024-08-06 10:06:14.648 22 INFO cinder.api.openstack.wsgi [None req-ff88fbc7-9ceb-408b-ae2a-38085515cff1 2bd0d9e16df04fef9300e1522e9b6fe6 74766eeac692485694dbd060605f0772 - - default default] http://[LB_IP_ADDRESS]:8776/v3/74766eeac692485694dbd060605f0772/group_types/418002cc-0899-47cd-96a4-36ca9d47eb5d returned with HTTP 202
2024-08-06 10:06:14.657 23 INFO cinder.api.openstack.wsgi [None req-05754a49-e65d-4fe7-8527-4155f62011f7 2bd0d9e16df04fef9300e1522e9b6fe6 74766eeac692485694dbd060605f0772 - - default default] DELETE http://[LB_IP_ADDRESS]:8776/v3/74766eeac692485694dbd060605f0772/types/0666f772-4130-4171-b7ec-a082a3b5f64c
2024-08-06 10:06:14.678 20 INFO cinder.api.openstack.wsgi [None req-5d0898d1-e695-46e7-92b4-555f3bc01665 ce8e834f512345688f187782e40b6d65 0ac9c922438a4e78b471184b7442f9bb - - default default] http://[LB_IP_ADDRESS]:8776/v3/0ac9c922438a4e78b471184b7442f9bb/snapshots/bdeee17a-34bc-4d05-9eff-1941a9093fa7/action returned with HTTP 202
2024-08-06 10:06:14.687 21 INFO cinder.api.openstack.wsgi [None req-073634b5-de3d-42e4-b50e-67296b2ad40f 4de258d55902404ebb9dd8949a9b957c bea6fa7363e746868029b5c8f27968f0 - - default default] GET http://[LB_IP_ADDRESS]:8776/v3/bea6fa7363e746868029b5c8f27968f0/snapshots/bdeee17a-34bc-4d05-9eff-1941a9093fa7
2024-08-06 10:06:14.690 23 INFO cinder.api.openstack.wsgi [None req-05754a49-e65d-4fe7-8527-4155f62011f7 2bd0d9e16df04fef9300e1522e9b6fe6 74766eeac692485694dbd060605f0772 - - default default] http://[LB_IP_ADDRESS]:8776/v3/74766eeac692485694dbd060605f0772/types/0666f772-4130-4171-b7ec-a082a3b5f64c returned with HTTP 202
2024-08-06 10:06:14.695 21 INFO cinder.volume.api [None req-073634b5-de3d-42e4-b50e-67296b2ad40f 4de258d55902404ebb9dd8949a9b957c bea6fa7363e746868029b5c8f27968f0 - - default default] Snapshot retrieved successfully.
2024-08-06 10:06:14.696 21 INFO cinder.api.openstack.wsgi [None req-073634b5-de3d-42e4-b50e-67296b2ad40f 4de258d55902404ebb9dd8949a9b957c bea6fa7363e746868029b5c8f27968f0 - - default default] http://[LB_IP_ADDRESS]:8776/v3/bea6fa7363e746868029b5c8f27968f0/snapshots/bdeee17a-34bc-4d05-9eff-1941a9093fa7 returned with HTTP 200
2024-08-06 10:06:14.699 19 INFO cinder.api.openstack.wsgi [None req-91123021-4e50-4567-9055-167ba8b9e1d4 2bd0d9e16df04fef9300e1522e9b6fe6 74766eeac692485694dbd060605f0772 - - default default] GET http://[LB_IP_ADDRESS]:8776/v3/74766eeac692485694dbd060605f0772/types/0666f772-4130-4171-b7ec-a082a3b5f64c
2024-08-06 10:06:14.705 19 INFO cinder.api.openstack.wsgi [None req-91123021-4e50-4567-9055-167ba8b9e1d4 2bd0d9e16df04fef9300e1522e9b6fe6 74766eeac692485694dbd060605f0772 - - default default] http://[LB_IP_ADDRESS]:8776/v3/74766eeac692485694dbd060605f0772/types/0666f772-4130-4171-b7ec-a082a3b5f64c returned with HTTP 404
2024-08-06 10:06:14.712 22 INFO cinder.api.openstack.wsgi [None req-fb5960f3-d45e-478d-9813-d0c4c380a9c9 ce8e834f512345688f187782e40b6d65 0ac9c922438a4e78b471184b7442f9bb - - default default] POST http://[LB_IP_ADDRESS]:8776/v3/0ac9c922438a4e78b471184b7442f9bb/snapshots/bdeee17a-34bc-4d05-9eff-1941a9093fa7/action
2024-08-06 10:06:14.721 22 INFO cinder.volume.api [None req-fb5960f3-d45e-478d-9813-d0c4c380a9c9 ce8e834f512345688f187782e40b6d65 0ac9c922438a4e78b471184b7442f9bb - - default default] Snapshot retrieved successfully.
2024-08-06 10:06:14.747 22 INFO cinder.volume.api [None req-fb5960f3-d45e-478d-9813-d0c4c380a9c9 ce8e834f512345688f187782e40b6d65 0ac9c922438a4e78b471184b7442f9bb - - default default] Snapshot delete request issued successfully.
2024-08-06 10:06:14.747 22 INFO cinder.api.openstack.wsgi [None req-fb5960f3-d45e-478d-9813-d0c4c380a9c9 ce8e834f512345688f187782e40b6d65 0ac9c922438a4e78b471184b7442f9bb - - default default] http://[LB_IP_ADDRESS]:8776/v3/0ac9c922438a4e78b471184b7442f9bb/snapshots/bdeee17a-34bc-4d05-9eff-1941a9093fa7/action returned with HTTP 202
2024-08-06 10:06:14.757 20 INFO cinder.api.openstack.wsgi [None req-fae68b68-946f-40dc-b63e-fd5cd61b0906 4de258d55902404ebb9dd8949a9b957c bea6fa7363e746868029b5c8f27968f0 - - default default] GET http://[LB_IP_ADDRESS]:8776/v3/bea6fa7363e746868029b5c8f27968f0/snapshots/bdeee17a-34bc-4d05-9eff-1941a9093fa7
2024-08-06 10:06:14.765 20 INFO cinder.volume.api [None req-fae68b68-946f-40dc-b63e-fd5cd61b0906 4de258d55902404ebb9dd8949a9b957c bea6fa7363e746868029b5c8f27968f0 - - default default] Snapshot retrieved successfully.
2024-08-06 10:06:14.767 20 INFO cinder.api.openstack.wsgi [None req-fae68b68-946f-40dc-b63e-fd5cd61b0906 4de258d55902404ebb9dd8949a9b957c bea6fa7363e746868029b5c8f27968f0 - - default default] http://[LB_IP_ADDRESS]:8776/v3/bea6fa7363e746868029b5c8f27968f0/snapshots/bdeee17a-34bc-4d05-9eff-1941a9093fa7 returned with HTTP 200
2024-08-06 10:06:15.289 23 INFO cinder.api.openstack.wsgi [None req-1c69826b-1e19-49ba-92cf-bef9bc7ed929 00e803769c8d434da64fcde167d7b0ef 5eecf449a2184923bc9843bd7a03af2d - - default default] GET http://[LB_IP_ADDRESS]:8776/v3/5eecf449a2184923bc9843bd7a03af2d/groups/89f571e7-e5bd-4079-abfd-eb39ed114e7c
2024-08-06 10:06:15.294 23 INFO cinder.api.openstack.wsgi [None req-1c69826b-1e19-49ba-92cf-bef9bc7ed929 00e803769c8d434da64fcde167d7b0ef 5eecf449a2184923bc9843bd7a03af2d - - default default] http://[LB_IP_ADDRESS]:8776/v3/5eecf449a2184923bc9843bd7a03af2d/groups/89f571e7-e5bd-4079-abfd-eb39ed114e7c returned with HTTP 404
2024-08-06 10:06:15.306 21 INFO cinder.api.openstack.wsgi [None req-20224186-23ce-4ec3-838b-d9f77ee4f984 637496f966784e1db815af946adfbb3b dc3ed3a4b5a64bc3a39e75bfbd3dc2ef - - default default] DELETE http://[LB_IP_ADDRESS]:8776/v3/dc3ed3a4b5a64bc3a39e75bfbd3dc2ef/group_types/ae62fe08-3343-4402-8411-bcf3b3e0003c
2024-08-06 10:06:15.331 21 INFO cinder.api.openstack.wsgi [None req-20224186-23ce-4ec3-838b-d9f77ee4f984 637496f966784e1db815af946adfbb3b dc3ed3a4b5a64bc3a39e75bfbd3dc2ef - - default default] http://[LB_IP_ADDRESS]:8776/v3/dc3ed3a4b5a64bc3a39e75bfbd3dc2ef/group_types/ae62fe08-3343-4402-8411-bcf3b3e0003c returned with HTTP 202
2024-08-06 10:06:15.343 19 INFO cinder.api.openstack.wsgi [None req-af40e250-5533-4bd7-9ed2-075592f54345 637496f966784e1db815af946adfbb3b dc3ed3a4b5a64bc3a39e75bfbd3dc2ef - - default default] DELETE http://[LB_IP_ADDRESS]:8776/v3/dc3ed3a4b5a64bc3a39e75bfbd3dc2ef/types/cf7195ac-b1d7-4490-a62c-188533eeeab3
2024-08-06 10:06:15.379 19 INFO cinder.api.openstack.wsgi [None req-af40e250-5533-4bd7-9ed2-075592f54345 637496f966784e1db815af946adfbb3b dc3ed3a4b5a64bc3a39e75bfbd3dc2ef - - default default] http://[LB_IP_ADDRESS]:8776/v3/dc3ed3a4b5a64bc3a39e75bfbd3dc2ef/types/cf7195ac-b1d7-4490-a62c-188533eeeab3 returned with HTTP 202
2024-08-06 10:06:15.392 22 INFO cinder.api.openstack.wsgi [None req-7a0f6e42-3029-4b4f-b85d-6abda6b4a70e 637496f966784e1db815af946adfbb3b dc3ed3a4b5a64bc3a39e75bfbd3dc2ef - - default default] GET http://[LB_IP_ADDRESS]:8776/v3/dc3ed3a4b5a64bc3a39e75bfbd3dc2ef/types/cf7195ac-b1d7-4490-a62c-188533eeeab3
2024-08-06 10:06:15.400 22 INFO cinder.api.openstack.wsgi [None req-7a0f6e42-3029-4b4f-b85d-6abda6b4a70e 637496f966784e1db815af946adfbb3b dc3ed3a4b5a64bc3a39e75bfbd3dc2ef - - default default] http://[LB_IP_ADDRESS]:8776/v3/dc3ed3a4b5a64bc3a39e75bfbd3dc2ef/types/cf7195ac-b1d7-4490-a62c-188533eeeab3 returned with HTTP 404
2024-08-06 10:06:15.786 20 INFO cinder.api.openstack.wsgi [None req-0563c021-f7e1-4487-bf8b-8c0574ca67e7 4de258d55902404ebb9dd8949a9b957c bea6fa7363e746868029b5c8f27968f0 - - default default] GET http://[LB_IP_ADDRESS]:8776/v3/bea6fa7363e746868029b5c8f27968f0/snapshots/bdeee17a-34bc-4d05-9eff-1941a9093fa7
2024-08-06 10:06:15.798 20 INFO cinder.volume.api [None req-0563c021-f7e1-4487-bf8b-8c0574ca67e7 4de258d55902404ebb9dd8949a9b957c bea6fa7363e746868029b5c8f27968f0 - - default default] Snapshot retrieved successfully.
2024-08-06 10:06:15.799 20 INFO cinder.api.openstack.wsgi [None req-0563c021-f7e1-4487-bf8b-8c0574ca67e7 4de258d55902404ebb9dd8949a9b957c bea6fa7363e746868029b5c8f27968f0 - - default default] http://[LB_IP_ADDRESS]:8776/v3/bea6fa7363e746868029b5c8f27968f0/snapshots/bdeee17a-34bc-4d05-9eff-1941a9093fa7 returned with HTTP 200
2024-08-06 10:06:16.819 23 INFO cinder.api.openstack.wsgi [None req-a096753f-6b92-4d83-801e-76cae3c5dfeb 4de258d55902404ebb9dd8949a9b957c bea6fa7363e746868029b5c8f27968f0 - - default default] GET http://[LB_IP_ADDRESS]:8776/v3/bea6fa7363e746868029b5c8f27968f0/snapshots/bdeee17a-34bc-4d05-9eff-1941a9093fa7
2024-08-06 10:06:16.830 23 INFO cinder.api.openstack.wsgi [None req-a096753f-6b92-4d83-801e-76cae3c5dfeb 4de258d55902404ebb9dd8949a9b957c bea6fa7363e746868029b5c8f27968f0 - - default default] http://[LB_IP_ADDRESS]:8776/v3/bea6fa7363e746868029b5c8f27968f0/snapshots/bdeee17a-34bc-4d05-9eff-1941a9093fa7 returned with HTTP 404
2024-08-06 10:06:16.850 21 INFO cinder.api.openstack.wsgi [None req-f6d12196-f3b1-4d63-8892-aa41500bfca6 ce8e834f512345688f187782e40b6d65 0ac9c922438a4e78b471184b7442f9bb - - default default] POST http://[LB_IP_ADDRESS]:8776/v3/0ac9c922438a4e78b471184b7442f9bb/snapshots/fe1398fc-7f72-4466-80a1-c7c01bce28a4/action
2024-08-06 10:06:16.885 21 INFO cinder.api.openstack.wsgi [None req-f6d12196-f3b1-4d63-8892-aa41500bfca6 ce8e834f512345688f187782e40b6d65 0ac9c922438a4e78b471184b7442f9bb - - default default] http://[LB_IP_ADDRESS]:8776/v3/0ac9c922438a4e78b471184b7442f9bb/snapshots/fe1398fc-7f72-4466-80a1-c7c01bce28a4/action returned with HTTP 202
2024-08-06 10:06:16.899 19 INFO cinder.api.openstack.wsgi [None req-971a4407-83aa-4b90-8208-71981564d097 4de258d55902404ebb9dd8949a9b957c bea6fa7363e746868029b5c8f27968f0 - - default default] GET http://[LB_IP_ADDRESS]:8776/v3/bea6fa7363e746868029b5c8f27968f0/snapshots/fe1398fc-7f72-4466-80a1-c7c01bce28a4
2024-08-06 10:06:16.910 19 INFO cinder.volume.api [None req-971a4407-83aa-4b90-8208-71981564d097 4de258d55902404ebb9dd8949a9b957c bea6fa7363e746868029b5c8f27968f0 - - default default] Snapshot retrieved successfully.
2024-08-06 10:06:16.911 19 INFO cinder.api.openstack.wsgi [None req-971a4407-83aa-4b90-8208-71981564d097 4de258d55902404ebb9dd8949a9b957c bea6fa7363e746868029b5c8f27968f0 - - default default] http://[LB_IP_ADDRESS]:8776/v3/bea6fa7363e746868029b5c8f27968f0/snapshots/fe1398fc-7f72-4466-80a1-c7c01bce28a4 returned with HTTP 200
2024-08-06 10:06:16.925 22 INFO cinder.api.openstack.wsgi [None req-f12a9040-d95c-4435-b39c-0d604a25b1e9 4de258d55902404ebb9dd8949a9b957c bea6fa7363e746868029b5c8f27968f0 - - default default] DELETE http://[LB_IP_ADDRESS]:8776/v3/bea6fa7363e746868029b5c8f27968f0/snapshots/bdeee17a-34bc-4d05-9eff-1941a9093fa7
2024-08-06 10:06:16.926 22 INFO cinder.api.v2.snapshots [None req-f12a9040-d95c-4435-b39c-0d604a25b1e9 4de258d55902404ebb9dd8949a9b957c bea6fa7363e746868029b5c8f27968f0 - - default default] Delete snapshot with id: bdeee17a-34bc-4d05-9eff-1941a9093fa7
2024-08-06 10:06:16.934 22 INFO cinder.api.openstack.wsgi [None req-f12a9040-d95c-4435-b39c-0d604a25b1e9 4de258d55902404ebb9dd8949a9b957c bea6fa7363e746868029b5c8f27968f0 - - default default] http://[LB_IP_ADDRESS]:8776/v3/bea6fa7363e746868029b5c8f27968f0/snapshots/bdeee17a-34bc-4d05-9eff-1941a9093fa7 returned with HTTP 404
2024-08-06 10:06:16.950 20 INFO cinder.api.openstack.wsgi [None req-63804d73-713b-4bac-aff1-976a85fd6ec9 ce8e834f512345688f187782e40b6d65 0ac9c922438a4e78b471184b7442f9bb - - default default] POST http://[LB_IP_ADDRESS]:8776/v3/0ac9c922438a4e78b471184b7442f9bb/snapshots/fe1398fc-7f72-4466-80a1-c7c01bce28a4/action
2024-08-06 10:06:16.976 20 INFO cinder.api.openstack.wsgi [None req-63804d73-713b-4bac-aff1-976a85fd6ec9 ce8e834f512345688f187782e40b6d65 0ac9c922438a4e78b471184b7442f9bb - - default default] http://[LB_IP_ADDRESS]:8776/v3/0ac9c922438a4e78b471184b7442f9bb/snapshots/fe1398fc-7f72-4466-80a1-c7c01bce28a4/action returned with HTTP 202
2024-08-06 10:06:16.986 23 INFO cinder.api.openstack.wsgi [None req-869bf4bf-362e-40e5-bfc2-c9d51bbeac3d 4de258d55902404ebb9dd8949a9b957c bea6fa7363e746868029b5c8f27968f0 - - default default] GET http://[LB_IP_ADDRESS]:8776/v3/bea6fa7363e746868029b5c8f27968f0/snapshots/fe1398fc-7f72-4466-80a1-c7c01bce28a4
2024-08-06 10:06:16.996 23 INFO cinder.volume.api [None req-869bf4bf-362e-40e5-bfc2-c9d51bbeac3d 4de258d55902404ebb9dd8949a9b957c bea6fa7363e746868029b5c8f27968f0 - - default default] Snapshot retrieved successfully.
2024-08-06 10:06:16.998 23 INFO cinder.api.openstack.wsgi [None req-869bf4bf-362e-40e5-bfc2-c9d51bbeac3d 4de258d55902404ebb9dd8949a9b957c bea6fa7363e746868029b5c8f27968f0 - - default default] http://[LB_IP_ADDRESS]:8776/v3/bea6fa7363e746868029b5c8f27968f0/snapshots/fe1398fc-7f72-4466-80a1-c7c01bce28a4 returned with HTTP 200
2024-08-06 10:06:17.016 21 INFO cinder.api.openstack.wsgi [None req-516604a5-06cd-4f91-a2b0-79f5748e046d 4de258d55902404ebb9dd8949a9b957c bea6fa7363e746868029b5c8f27968f0 - - default default] POST http://[LB_IP_ADDRESS]:8776/v3/bea6fa7363e746868029b5c8f27968f0/snapshots/fe1398fc-7f72-4466-80a1-c7c01bce28a4/action
2024-08-06 10:06:17.031 21 INFO cinder.api.contrib.snapshot_actions [None req-516604a5-06cd-4f91-a2b0-79f5748e046d 4de258d55902404ebb9dd8949a9b957c bea6fa7363e746868029b5c8f27968f0 - - default default] Updating snapshot fe1398fc-7f72-4466-80a1-c7c01bce28a4 with info {'id': 'fe1398fc-7f72-4466-80a1-c7c01bce28a4', 'status': 'error', 'progress': '80%'}
2024-08-06 10:06:17.035 21 INFO cinder.api.openstack.wsgi [None req-516604a5-06cd-4f91-a2b0-79f5748e046d 4de258d55902404ebb9dd8949a9b957c bea6fa7363e746868029b5c8f27968f0 - - default default] http://[LB_IP_ADDRESS]:8776/v3/bea6fa7363e746868029b5c8f27968f0/snapshots/fe1398fc-7f72-4466-80a1-c7c01bce28a4/action returned with HTTP 202
2024-08-06 10:06:17.049 19 INFO cinder.api.openstack.wsgi [None req-1a40cb56-3232-4577-82ab-4afd06f8ae53 ce8e834f512345688f187782e40b6d65 0ac9c922438a4e78b471184b7442f9bb - - default default] GET http://[LB_IP_ADDRESS]:8776/v3/0ac9c922438a4e78b471184b7442f9bb/snapshots/fe1398fc-7f72-4466-80a1-c7c01bce28a4
2024-08-06 10:06:17.059 19 INFO cinder.volume.api [None req-1a40cb56-3232-4577-82ab-4afd06f8ae53 ce8e834f512345688f187782e40b6d65 0ac9c922438a4e78b471184b7442f9bb - - default default] Snapshot retrieved successfully.
2024-08-06 10:06:17.060 19 INFO cinder.api.openstack.wsgi [None req-1a40cb56-3232-4577-82ab-4afd06f8ae53 ce8e834f512345688f187782e40b6d65 0ac9c922438a4e78b471184b7442f9bb - - default default] http://[LB_IP_ADDRESS]:8776/v3/0ac9c922438a4e78b471184b7442f9bb/snapshots/fe1398fc-7f72-4466-80a1-c7c01bce28a4 returned with HTTP 200
2024-08-06 10:06:17.079 22 INFO cinder.api.openstack.wsgi [None req-04741db3-fc11-4295-899e-1030cfd32498 ce8e834f512345688f187782e40b6d65 0ac9c922438a4e78b471184b7442f9bb - - default default] POST http://[LB_IP_ADDRESS]:8776/v3/0ac9c922438a4e78b471184b7442f9bb/snapshots/fe1398fc-7f72-4466-80a1-c7c01bce28a4/action
2024-08-06 10:06:17.108 22 INFO cinder.api.openstack.wsgi [None req-04741db3-fc11-4295-899e-1030cfd32498 ce8e834f512345688f187782e40b6d65 0ac9c922438a4e78b471184b7442f9bb - - default default] http://[LB_IP_ADDRESS]:8776/v3/0ac9c922438a4e78b471184b7442f9bb/snapshots/fe1398fc-7f72-4466-80a1-c7c01bce28a4/action returned with HTTP 202
2024-08-06 10:06:17.122 20 INFO cinder.api.openstack.wsgi [None req-b0fcb7f2-86eb-4b78-bc86-8eaaa3a03ea2 4de258d55902404ebb9dd8949a9b957c bea6fa7363e746868029b5c8f27968f0 - - default default] GET http://[LB_IP_ADDRESS]:8776/v3/bea6fa7363e746868029b5c8f27968f0/snapshots/fe1398fc-7f72-4466-80a1-c7c01bce28a4
2024-08-06 10:06:17.131 20 INFO cinder.volume.api [None req-b0fcb7f2-86eb-4b78-bc86-8eaaa3a03ea2 4de258d55902404ebb9dd8949a9b957c bea6fa7363e746868029b5c8f27968f0 - - default default] Snapshot retrieved successfully.
2024-08-06 10:06:17.132 20 INFO cinder.api.openstack.wsgi [None req-b0fcb7f2-86eb-4b78-bc86-8eaaa3a03ea2 4de258d55902404ebb9dd8949a9b957c bea6fa7363e746868029b5c8f27968f0 - - default default] http://[LB_IP_ADDRESS]:8776/v3/bea6fa7363e746868029b5c8f27968f0/snapshots/fe1398fc-7f72-4466-80a1-c7c01bce28a4 returned with HTTP 200
2024-08-06 10:06:17.152 23 INFO cinder.api.openstack.wsgi [None req-109a6e4c-5e82-4514-b96d-181c721b6fd6 4de258d55902404ebb9dd8949a9b957c bea6fa7363e746868029b5c8f27968f0 - - default default] DELETE http://[LB_IP_ADDRESS]:8776/v3/bea6fa7363e746868029b5c8f27968f0/snapshots/fe1398fc-7f72-4466-80a1-c7c01bce28a4
2024-08-06 10:06:17.153 23 INFO cinder.api.v2.snapshots [None req-109a6e4c-5e82-4514-b96d-181c721b6fd6 4de258d55902404ebb9dd8949a9b957c bea6fa7363e746868029b5c8f27968f0 - - default default] Delete snapshot with id: fe1398fc-7f72-4466-80a1-c7c01bce28a4
2024-08-06 10:06:17.163 23 INFO cinder.volume.api [None req-109a6e4c-5e82-4514-b96d-181c721b6fd6 4de258d55902404ebb9dd8949a9b957c bea6fa7363e746868029b5c8f27968f0 - - default default] Snapshot retrieved successfully.
2024-08-06 10:06:17.191 23 INFO cinder.volume.api [None req-109a6e4c-5e82-4514-b96d-181c721b6fd6 4de258d55902404ebb9dd8949a9b957c bea6fa7363e746868029b5c8f27968f0 - - default default] Snapshot delete request issued successfully.
2024-08-06 10:06:17.192 23 INFO cinder.api.openstack.wsgi [None req-109a6e4c-5e82-4514-b96d-181c721b6fd6 4de258d55902404ebb9dd8949a9b957c bea6fa7363e746868029b5c8f27968f0 - - default default] http://[LB_IP_ADDRESS]:8776/v3/bea6fa7363e746868029b5c8f27968f0/snapshots/fe1398fc-7f72-4466-80a1-c7c01bce28a4 returned with HTTP 202
2024-08-06 10:06:17.205 21 INFO cinder.api.openstack.wsgi [None req-ebc4ec03-f02f-4aab-af20-2db35321da9f 4de258d55902404ebb9dd8949a9b957c bea6fa7363e746868029b5c8f27968f0 - - default default] GET http://[LB_IP_ADDRESS]:8776/v3/bea6fa7363e746868029b5c8f27968f0/snapshots/fe1398fc-7f72-4466-80a1-c7c01bce28a4
2024-08-06 10:06:17.216 21 INFO cinder.volume.api [None req-ebc4ec03-f02f-4aab-af20-2db35321da9f 4de258d55902404ebb9dd8949a9b957c bea6fa7363e746868029b5c8f27968f0 - - default default] Snapshot retrieved successfully.
2024-08-06 10:06:17.218 21 INFO cinder.api.openstack.wsgi [None req-ebc4ec03-f02f-4aab-af20-2db35321da9f 4de258d55902404ebb9dd8949a9b957c bea6fa7363e746868029b5c8f27968f0 - - default default] http://[LB_IP_ADDRESS]:8776/v3/bea6fa7363e746868029b5c8f27968f0/snapshots/fe1398fc-7f72-4466-80a1-c7c01bce28a4 returned with HTTP 200
2024-08-06 10:06:18.179 19 INFO cinder.api.openstack.wsgi [None req-f47eed24-bb05-41f9-b192-38433c4e3629 3b8f189b1f104e318f1db67b1568f2b2 35edd8c6227a412fab76323a7e9706a9 - - default default] POST http://[LB_IP_ADDRESS]:8776/v3/35edd8c6227a412fab76323a7e9706a9/types
2024-08-06 10:06:18.206 19 INFO cinder.api.openstack.wsgi [None req-f47eed24-bb05-41f9-b192-38433c4e3629 3b8f189b1f104e318f1db67b1568f2b2 35edd8c6227a412fab76323a7e9706a9 - - default default] http://[LB_IP_ADDRESS]:8776/v3/35edd8c6227a412fab76323a7e9706a9/types returned with HTTP 200
2024-08-06 10:06:18.233 20 INFO cinder.api.openstack.wsgi [None req-7a29e404-4331-4f8e-a002-99558d36bc67 4de258d55902404ebb9dd8949a9b957c bea6fa7363e746868029b5c8f27968f0 - - default default] GET http://[LB_IP_ADDRESS]:8776/v3/bea6fa7363e746868029b5c8f27968f0/snapshots/fe1398fc-7f72-4466-80a1-c7c01bce28a4
2024-08-06 10:06:18.243 20 INFO cinder.volume.api [None req-7a29e404-4331-4f8e-a002-99558d36bc67 4de258d55902404ebb9dd8949a9b957c bea6fa7363e746868029b5c8f27968f0 - - default default] Snapshot retrieved successfully.
2024-08-06 10:06:18.245 20 INFO cinder.api.openstack.wsgi [None req-7a29e404-4331-4f8e-a002-99558d36bc67 4de258d55902404ebb9dd8949a9b957c bea6fa7363e746868029b5c8f27968f0 - - default default] http://[LB_IP_ADDRESS]:8776/v3/bea6fa7363e746868029b5c8f27968f0/snapshots/fe1398fc-7f72-4466-80a1-c7c01bce28a4 returned with HTTP 200
2024-08-06 10:06:18.370 22 INFO cinder.api.openstack.wsgi [None req-a5b3b9f1-3c54-447d-97c9-366b18303e88 3f98c6de32284dc29bf2114d0e44c2bb c74347a0aafe49e7869373f4616208fc - - default default] POST http://[LB_IP_ADDRESS]:8776/v3/c74347a0aafe49e7869373f4616208fc/volumes
2024-08-06 10:06:18.380 22 INFO cinder.api.v3.volumes [None req-a5b3b9f1-3c54-447d-97c9-366b18303e88 3f98c6de32284dc29bf2114d0e44c2bb c74347a0aafe49e7869373f4616208fc - - default default] Create volume of 1 GB
2024-08-06 10:06:18.381 22 INFO cinder.volume.api [None req-a5b3b9f1-3c54-447d-97c9-366b18303e88 3f98c6de32284dc29bf2114d0e44c2bb c74347a0aafe49e7869373f4616208fc - - default default] Availability Zones retrieved successfully.
2024-08-06 10:06:18.450 22 WARNING cinder.quota [None req-a5b3b9f1-3c54-447d-97c9-366b18303e88 3f98c6de32284dc29bf2114d0e44c2bb c74347a0aafe49e7869373f4616208fc - - default default] Deprecated: Default quota for resource: volumes_tempest-UserMessagesTest-volume-type-1752414100 is set by the default quota flag: quota_volumes_tempest-UserMessagesTest-volume-type-1752414100, it is now deprecated. Please use the default quota class for default quota.
2024-08-06 10:06:18.450 22 WARNING cinder.quota [None req-a5b3b9f1-3c54-447d-97c9-366b18303e88 3f98c6de32284dc29bf2114d0e44c2bb c74347a0aafe49e7869373f4616208fc - - default default] Deprecated: Default quota for resource: gigabytes_tempest-UserMessagesTest-volume-type-1752414100 is set by the default quota flag: quota_gigabytes_tempest-UserMessagesTest-volume-type-1752414100, it is now deprecated. Please use the default quota class for default quota.
2024-08-06 10:06:18.525 22 INFO cinder.volume.api [None req-a5b3b9f1-3c54-447d-97c9-366b18303e88 3f98c6de32284dc29bf2114d0e44c2bb c74347a0aafe49e7869373f4616208fc - - default default] Create volume request issued successfully.
2024-08-06 10:06:18.527 22 INFO cinder.api.openstack.wsgi [None req-a5b3b9f1-3c54-447d-97c9-366b18303e88 3f98c6de32284dc29bf2114d0e44c2bb c74347a0aafe49e7869373f4616208fc - - default default] http://[LB_IP_ADDRESS]:8776/v3/c74347a0aafe49e7869373f4616208fc/volumes returned with HTTP 202
2024-08-06 10:06:18.563 23 INFO cinder.api.openstack.wsgi [None req-8a6b1c5a-21d9-418b-a70b-197b810a85c4 3f98c6de32284dc29bf2114d0e44c2bb c74347a0aafe49e7869373f4616208fc - - default default] GET http://[LB_IP_ADDRESS]:8776/v3/c74347a0aafe49e7869373f4616208fc/volumes/117c7d55-871e-487b-8b01-72b15a67baea
2024-08-06 10:06:18.586 23 INFO cinder.volume.api [None req-8a6b1c5a-21d9-418b-a70b-197b810a85c4 3f98c6de32284dc29bf2114d0e44c2bb c74347a0aafe49e7869373f4616208fc - - default default] Volume info retrieved successfully.
2024-08-06 10:06:18.592 23 INFO cinder.api.openstack.wsgi [None req-8a6b1c5a-21d9-418b-a70b-197b810a85c4 3f98c6de32284dc29bf2114d0e44c2bb c74347a0aafe49e7869373f4616208fc - - default default] http://[LB_IP_ADDRESS]:8776/v3/c74347a0aafe49e7869373f4616208fc/volumes/117c7d55-871e-487b-8b01-72b15a67baea returned with HTTP 200
2024-08-06 10:06:18.620 21 INFO cinder.api.openstack.wsgi [None req-c41887cd-fe88-4b7c-aa8b-06865a63af9d 3f98c6de32284dc29bf2114d0e44c2bb c74347a0aafe49e7869373f4616208fc - - default default] GET http://[LB_IP_ADDRESS]:8776/v3/c74347a0aafe49e7869373f4616208fc/messages
2024-08-06 10:06:18.628 21 INFO cinder.api.openstack.wsgi [None req-c41887cd-fe88-4b7c-aa8b-06865a63af9d 3f98c6de32284dc29bf2114d0e44c2bb c74347a0aafe49e7869373f4616208fc - - default default] http://[LB_IP_ADDRESS]:8776/v3/c74347a0aafe49e7869373f4616208fc/messages returned with HTTP 200
