Build Started 05_06_2024_06_05_06
2024-06-05 06:06:41.609 22 INFO cinder.api.openstack.wsgi [None req-72a74ba0-83ae-416b-8f4b-181935731cc4 28b5d85e6a194c649bfd4d6bd07ef15c 664cb6aeaee648dab0cf18041a1e2e71 - - default default] GET http://[LB_IP_ADDRESS]:8776/v3/664cb6aeaee648dab0cf18041a1e2e71/volumes/detail
2024-06-05 06:06:41.631 22 INFO cinder.volume.api [None req-72a74ba0-83ae-416b-8f4b-181935731cc4 28b5d85e6a194c649bfd4d6bd07ef15c 664cb6aeaee648dab0cf18041a1e2e71 - - default default] Get all volumes completed successfully.
2024-06-05 06:06:41.636 22 INFO cinder.api.openstack.wsgi [None req-72a74ba0-83ae-416b-8f4b-181935731cc4 28b5d85e6a194c649bfd4d6bd07ef15c 664cb6aeaee648dab0cf18041a1e2e71 - - default default] http://[LB_IP_ADDRESS]:8776/v3/664cb6aeaee648dab0cf18041a1e2e71/volumes/detail returned with HTTP 200
2024-06-05 06:06:41.652 21 INFO cinder.api.openstack.wsgi [req-72a74ba0-83ae-416b-8f4b-181935731cc4 req-279b29fd-09d8-4fda-80c3-c3b7c90ce886 28b5d85e6a194c649bfd4d6bd07ef15c 664cb6aeaee648dab0cf18041a1e2e71 - - default default] GET http://[LB_IP_ADDRESS]:8776/v3/664cb6aeaee648dab0cf18041a1e2e71/snapshots/detail?all_tenants=True
2024-06-05 06:06:41.670 21 INFO cinder.volume.api [req-72a74ba0-83ae-416b-8f4b-181935731cc4 req-279b29fd-09d8-4fda-80c3-c3b7c90ce886 28b5d85e6a194c649bfd4d6bd07ef15c 664cb6aeaee648dab0cf18041a1e2e71 - - default default] Get all snapshots completed successfully.
2024-06-05 06:06:41.672 21 INFO cinder.api.openstack.wsgi [req-72a74ba0-83ae-416b-8f4b-181935731cc4 req-279b29fd-09d8-4fda-80c3-c3b7c90ce886 28b5d85e6a194c649bfd4d6bd07ef15c 664cb6aeaee648dab0cf18041a1e2e71 - - default default] http://[LB_IP_ADDRESS]:8776/v3/664cb6aeaee648dab0cf18041a1e2e71/snapshots/detail?all_tenants=True returned with HTTP 200
2024-06-05 06:06:43.650 19 INFO cinder.api.openstack.wsgi [None req-402d27c8-e3af-4983-8817-1578dcfd292a 28b5d85e6a194c649bfd4d6bd07ef15c 664cb6aeaee648dab0cf18041a1e2e71 - - default default] GET http://[LB_IP_ADDRESS]:8776/v3/664cb6aeaee648dab0cf18041a1e2e71/volumes/detail?all_tenants=True
2024-06-05 06:06:43.671 19 INFO cinder.volume.api [None req-402d27c8-e3af-4983-8817-1578dcfd292a 28b5d85e6a194c649bfd4d6bd07ef15c 664cb6aeaee648dab0cf18041a1e2e71 - - default default] Get all volumes completed successfully.
2024-06-05 06:06:43.675 19 INFO cinder.api.openstack.wsgi [None req-402d27c8-e3af-4983-8817-1578dcfd292a 28b5d85e6a194c649bfd4d6bd07ef15c 664cb6aeaee648dab0cf18041a1e2e71 - - default default] http://[LB_IP_ADDRESS]:8776/v3/664cb6aeaee648dab0cf18041a1e2e71/volumes/detail?all_tenants=True returned with HTTP 200
2024-06-05 06:06:45.421 20 INFO cinder.api.openstack.wsgi [None req-01f27190-c7ea-4ab7-b3f5-44fff40c3cab 28b5d85e6a194c649bfd4d6bd07ef15c 664cb6aeaee648dab0cf18041a1e2e71 - - default default] GET http://[LB_IP_ADDRESS]:8776/v3/664cb6aeaee648dab0cf18041a1e2e71/types?is_public=None
2024-06-05 06:06:45.454 20 INFO cinder.api.openstack.wsgi [None req-01f27190-c7ea-4ab7-b3f5-44fff40c3cab 28b5d85e6a194c649bfd4d6bd07ef15c 664cb6aeaee648dab0cf18041a1e2e71 - - default default] http://[LB_IP_ADDRESS]:8776/v3/664cb6aeaee648dab0cf18041a1e2e71/types?is_public=None returned with HTTP 200
2024-06-05 06:06:52.511 23 INFO cinder.api.openstack.wsgi [None req-8720c1f9-7462-450b-b81f-6d9f5f1bca9f 28b5d85e6a194c649bfd4d6bd07ef15c 664cb6aeaee648dab0cf18041a1e2e71 - - default default] GET http://[LB_IP_ADDRESS]:8776/v3/664cb6aeaee648dab0cf18041a1e2e71/snapshots
2024-06-05 06:06:52.532 23 INFO cinder.volume.api [None req-8720c1f9-7462-450b-b81f-6d9f5f1bca9f 28b5d85e6a194c649bfd4d6bd07ef15c 664cb6aeaee648dab0cf18041a1e2e71 - - default default] Get all snapshots completed successfully.
2024-06-05 06:06:52.533 23 INFO cinder.api.openstack.wsgi [None req-8720c1f9-7462-450b-b81f-6d9f5f1bca9f 28b5d85e6a194c649bfd4d6bd07ef15c 664cb6aeaee648dab0cf18041a1e2e71 - - default default] http://[LB_IP_ADDRESS]:8776/v3/664cb6aeaee648dab0cf18041a1e2e71/snapshots returned with HTTP 200
2024-06-05 06:06:52.550 22 INFO cinder.api.openstack.wsgi [None req-9ba101a9-5a05-488a-9fba-ef2a57771b31 28b5d85e6a194c649bfd4d6bd07ef15c 664cb6aeaee648dab0cf18041a1e2e71 - - default default] GET http://[LB_IP_ADDRESS]:8776/v3/664cb6aeaee648dab0cf18041a1e2e71/volumes
2024-06-05 06:06:52.572 22 INFO cinder.volume.api [None req-9ba101a9-5a05-488a-9fba-ef2a57771b31 28b5d85e6a194c649bfd4d6bd07ef15c 664cb6aeaee648dab0cf18041a1e2e71 - - default default] Get all volumes completed successfully.
2024-06-05 06:06:52.573 22 INFO cinder.api.openstack.wsgi [None req-9ba101a9-5a05-488a-9fba-ef2a57771b31 28b5d85e6a194c649bfd4d6bd07ef15c 664cb6aeaee648dab0cf18041a1e2e71 - - default default] http://[LB_IP_ADDRESS]:8776/v3/664cb6aeaee648dab0cf18041a1e2e71/volumes returned with HTTP 200
2024-06-05 06:06:59.804 21 INFO cinder.api.openstack.wsgi [req-74c15daf-a6b5-44a7-a2a7-206f93a001ad req-4ef37a9b-cc73-4d32-822e-61e7207a4a91 172c30b0bbf84d689b4399b07194d7a6 f72a47bda2f0443faf920e1f21e017ba - - default default] POST http://[LB_IP_ADDRESS]:8776/v3/f72a47bda2f0443faf920e1f21e017ba/volumes
2024-06-05 06:06:59.812 21 INFO cinder.api.v3.volumes [req-74c15daf-a6b5-44a7-a2a7-206f93a001ad req-4ef37a9b-cc73-4d32-822e-61e7207a4a91 172c30b0bbf84d689b4399b07194d7a6 f72a47bda2f0443faf920e1f21e017ba - - default default] Create volume of 1 GB
2024-06-05 06:06:59.832 21 INFO cinder.volume.api [req-74c15daf-a6b5-44a7-a2a7-206f93a001ad req-4ef37a9b-cc73-4d32-822e-61e7207a4a91 172c30b0bbf84d689b4399b07194d7a6 f72a47bda2f0443faf920e1f21e017ba - - default default] Availability Zones retrieved successfully.
2024-06-05 06:06:59.887 19 INFO cinder.api.openstack.wsgi [req-2f7c6b1a-cc1a-48be-89b0-a1c7d2db116f req-0d251828-8b01-4353-b99d-636c6b6ec297 1fbbdd564e424cfb80889fe31152a484 296af9823a6648f0930efd66fa571182 - - default default] POST http://[LB_IP_ADDRESS]:8776/v3/296af9823a6648f0930efd66fa571182/volumes
2024-06-05 06:06:59.892 19 INFO cinder.api.v3.volumes [req-2f7c6b1a-cc1a-48be-89b0-a1c7d2db116f req-0d251828-8b01-4353-b99d-636c6b6ec297 1fbbdd564e424cfb80889fe31152a484 296af9823a6648f0930efd66fa571182 - - default default] Create volume of 1 GB
2024-06-05 06:06:59.911 19 INFO cinder.volume.api [req-2f7c6b1a-cc1a-48be-89b0-a1c7d2db116f req-0d251828-8b01-4353-b99d-636c6b6ec297 1fbbdd564e424cfb80889fe31152a484 296af9823a6648f0930efd66fa571182 - - default default] Availability Zones retrieved successfully.
2024-06-05 06:07:00.024 21 INFO cinder.volume.api [req-74c15daf-a6b5-44a7-a2a7-206f93a001ad req-4ef37a9b-cc73-4d32-822e-61e7207a4a91 172c30b0bbf84d689b4399b07194d7a6 f72a47bda2f0443faf920e1f21e017ba - - default default] Create volume request issued successfully.
2024-06-05 06:07:00.026 21 INFO cinder.api.openstack.wsgi [req-74c15daf-a6b5-44a7-a2a7-206f93a001ad req-4ef37a9b-cc73-4d32-822e-61e7207a4a91 172c30b0bbf84d689b4399b07194d7a6 f72a47bda2f0443faf920e1f21e017ba - - default default] http://[LB_IP_ADDRESS]:8776/v3/f72a47bda2f0443faf920e1f21e017ba/volumes returned with HTTP 202
2024-06-05 06:07:00.040 20 INFO cinder.api.openstack.wsgi [req-74c15daf-a6b5-44a7-a2a7-206f93a001ad req-a0996ff6-b1d6-4081-a0f7-ed6ba34ed429 172c30b0bbf84d689b4399b07194d7a6 f72a47bda2f0443faf920e1f21e017ba - - default default] GET http://[LB_IP_ADDRESS]:8776/v3/f72a47bda2f0443faf920e1f21e017ba/volumes/1ae06fd6-8fa4-44e6-8bd3-bff6c28b799d
2024-06-05 06:07:00.063 20 INFO cinder.volume.api [req-74c15daf-a6b5-44a7-a2a7-206f93a001ad req-a0996ff6-b1d6-4081-a0f7-ed6ba34ed429 172c30b0bbf84d689b4399b07194d7a6 f72a47bda2f0443faf920e1f21e017ba - - default default] Volume info retrieved successfully.
2024-06-05 06:07:00.071 20 INFO cinder.api.openstack.wsgi [req-74c15daf-a6b5-44a7-a2a7-206f93a001ad req-a0996ff6-b1d6-4081-a0f7-ed6ba34ed429 172c30b0bbf84d689b4399b07194d7a6 f72a47bda2f0443faf920e1f21e017ba - - default default] http://[LB_IP_ADDRESS]:8776/v3/f72a47bda2f0443faf920e1f21e017ba/volumes/1ae06fd6-8fa4-44e6-8bd3-bff6c28b799d returned with HTTP 200
2024-06-05 06:07:00.136 19 INFO cinder.volume.api [req-2f7c6b1a-cc1a-48be-89b0-a1c7d2db116f req-0d251828-8b01-4353-b99d-636c6b6ec297 1fbbdd564e424cfb80889fe31152a484 296af9823a6648f0930efd66fa571182 - - default default] Create volume request issued successfully.
2024-06-05 06:07:00.137 19 INFO cinder.api.openstack.wsgi [req-2f7c6b1a-cc1a-48be-89b0-a1c7d2db116f req-0d251828-8b01-4353-b99d-636c6b6ec297 1fbbdd564e424cfb80889fe31152a484 296af9823a6648f0930efd66fa571182 - - default default] http://[LB_IP_ADDRESS]:8776/v3/296af9823a6648f0930efd66fa571182/volumes returned with HTTP 202
2024-06-05 06:07:00.152 22 INFO cinder.api.openstack.wsgi [req-2f7c6b1a-cc1a-48be-89b0-a1c7d2db116f req-6ca42393-f3ce-4b49-bdab-b297f051c340 1fbbdd564e424cfb80889fe31152a484 296af9823a6648f0930efd66fa571182 - - default default] GET http://[LB_IP_ADDRESS]:8776/v3/296af9823a6648f0930efd66fa571182/volumes/4d25b2b3-cfc1-4f31-b84d-06575805da45
2024-06-05 06:07:00.166 23 INFO cinder.api.openstack.wsgi [req-eead0328-0bec-4d70-952e-5b4ecd40a244 req-eacdb5bd-32c3-476a-b19e-15f9653e7ef2 172c30b0bbf84d689b4399b07194d7a6 f72a47bda2f0443faf920e1f21e017ba - - default default] GET http://[LB_IP_ADDRESS]:8776/v3/f72a47bda2f0443faf920e1f21e017ba/volumes/1ae06fd6-8fa4-44e6-8bd3-bff6c28b799d
2024-06-05 06:07:00.179 22 INFO cinder.volume.api [req-2f7c6b1a-cc1a-48be-89b0-a1c7d2db116f req-6ca42393-f3ce-4b49-bdab-b297f051c340 1fbbdd564e424cfb80889fe31152a484 296af9823a6648f0930efd66fa571182 - - default default] Volume info retrieved successfully.
2024-06-05 06:07:00.187 23 INFO cinder.volume.api [req-eead0328-0bec-4d70-952e-5b4ecd40a244 req-eacdb5bd-32c3-476a-b19e-15f9653e7ef2 172c30b0bbf84d689b4399b07194d7a6 f72a47bda2f0443faf920e1f21e017ba - - default default] Volume info retrieved successfully.
2024-06-05 06:07:00.189 22 INFO cinder.api.openstack.wsgi [req-2f7c6b1a-cc1a-48be-89b0-a1c7d2db116f req-6ca42393-f3ce-4b49-bdab-b297f051c340 1fbbdd564e424cfb80889fe31152a484 296af9823a6648f0930efd66fa571182 - - default default] http://[LB_IP_ADDRESS]:8776/v3/296af9823a6648f0930efd66fa571182/volumes/4d25b2b3-cfc1-4f31-b84d-06575805da45 returned with HTTP 200
2024-06-05 06:07:00.195 23 INFO cinder.api.openstack.wsgi [req-eead0328-0bec-4d70-952e-5b4ecd40a244 req-eacdb5bd-32c3-476a-b19e-15f9653e7ef2 172c30b0bbf84d689b4399b07194d7a6 f72a47bda2f0443faf920e1f21e017ba - - default default] http://[LB_IP_ADDRESS]:8776/v3/f72a47bda2f0443faf920e1f21e017ba/volumes/1ae06fd6-8fa4-44e6-8bd3-bff6c28b799d returned with HTTP 200
2024-06-05 06:07:00.270 21 INFO cinder.api.openstack.wsgi [req-b32db01a-5e44-4bc5-a577-0ee3fddc13ad req-8e89e53c-4924-429e-ac3e-9ed3c91cfc88 1fbbdd564e424cfb80889fe31152a484 296af9823a6648f0930efd66fa571182 - - default default] GET http://[LB_IP_ADDRESS]:8776/v3/296af9823a6648f0930efd66fa571182/volumes/4d25b2b3-cfc1-4f31-b84d-06575805da45
2024-06-05 06:07:00.297 21 INFO cinder.volume.api [req-b32db01a-5e44-4bc5-a577-0ee3fddc13ad req-8e89e53c-4924-429e-ac3e-9ed3c91cfc88 1fbbdd564e424cfb80889fe31152a484 296af9823a6648f0930efd66fa571182 - - default default] Volume info retrieved successfully.
2024-06-05 06:07:00.309 21 INFO cinder.api.openstack.wsgi [req-b32db01a-5e44-4bc5-a577-0ee3fddc13ad req-8e89e53c-4924-429e-ac3e-9ed3c91cfc88 1fbbdd564e424cfb80889fe31152a484 296af9823a6648f0930efd66fa571182 - - default default] http://[LB_IP_ADDRESS]:8776/v3/296af9823a6648f0930efd66fa571182/volumes/4d25b2b3-cfc1-4f31-b84d-06575805da45 returned with HTTP 200
2024-06-05 06:07:01.343 19 INFO cinder.api.openstack.wsgi [req-7b0f5087-d601-43e5-85b9-5c5e9dc43b94 req-dda1cb74-a0e9-4488-991b-a33d6ec5c064 1fbbdd564e424cfb80889fe31152a484 296af9823a6648f0930efd66fa571182 - - default default] GET http://[LB_IP_ADDRESS]:8776/v3/296af9823a6648f0930efd66fa571182/volumes/4d25b2b3-cfc1-4f31-b84d-06575805da45
2024-06-05 06:07:01.365 19 INFO cinder.volume.api [req-7b0f5087-d601-43e5-85b9-5c5e9dc43b94 req-dda1cb74-a0e9-4488-991b-a33d6ec5c064 1fbbdd564e424cfb80889fe31152a484 296af9823a6648f0930efd66fa571182 - - default default] Volume info retrieved successfully.
2024-06-05 06:07:01.375 19 INFO cinder.api.openstack.wsgi [req-7b0f5087-d601-43e5-85b9-5c5e9dc43b94 req-dda1cb74-a0e9-4488-991b-a33d6ec5c064 1fbbdd564e424cfb80889fe31152a484 296af9823a6648f0930efd66fa571182 - - default default] http://[LB_IP_ADDRESS]:8776/v3/296af9823a6648f0930efd66fa571182/volumes/4d25b2b3-cfc1-4f31-b84d-06575805da45 returned with HTTP 200
2024-06-05 06:07:01.468 20 INFO cinder.api.openstack.wsgi [req-04cf79e2-8bd8-422c-a37e-0e5614f7db36 req-c4da9e74-e7ba-4286-b84c-49fc970b9120 172c30b0bbf84d689b4399b07194d7a6 f72a47bda2f0443faf920e1f21e017ba - - default default] GET http://[LB_IP_ADDRESS]:8776/v3/f72a47bda2f0443faf920e1f21e017ba/volumes/1ae06fd6-8fa4-44e6-8bd3-bff6c28b799d
2024-06-05 06:07:01.485 22 INFO cinder.api.openstack.wsgi [None req-3aca1d2a-b91a-4bd7-b857-84d25597b89f 70f7ed984a5e427ea1e38dec3e660657 ace1c6bf42b44114baae785ad6435f36 - - default default] POST http://[LB_IP_ADDRESS]:8776/v3/ace1c6bf42b44114baae785ad6435f36/types
2024-06-05 06:07:01.488 20 INFO cinder.volume.api [req-04cf79e2-8bd8-422c-a37e-0e5614f7db36 req-c4da9e74-e7ba-4286-b84c-49fc970b9120 172c30b0bbf84d689b4399b07194d7a6 f72a47bda2f0443faf920e1f21e017ba - - default default] Volume info retrieved successfully.
2024-06-05 06:07:01.495 20 INFO cinder.api.openstack.wsgi [req-04cf79e2-8bd8-422c-a37e-0e5614f7db36 req-c4da9e74-e7ba-4286-b84c-49fc970b9120 172c30b0bbf84d689b4399b07194d7a6 f72a47bda2f0443faf920e1f21e017ba - - default default] http://[LB_IP_ADDRESS]:8776/v3/f72a47bda2f0443faf920e1f21e017ba/volumes/1ae06fd6-8fa4-44e6-8bd3-bff6c28b799d returned with HTTP 200
2024-06-05 06:07:01.536 22 INFO cinder.api.openstack.wsgi [None req-3aca1d2a-b91a-4bd7-b857-84d25597b89f 70f7ed984a5e427ea1e38dec3e660657 ace1c6bf42b44114baae785ad6435f36 - - default default] http://[LB_IP_ADDRESS]:8776/v3/ace1c6bf42b44114baae785ad6435f36/types returned with HTTP 200
2024-06-05 06:07:01.551 23 INFO cinder.api.openstack.wsgi [None req-810c36f0-7ea6-430b-9850-6ee81bb75355 70f7ed984a5e427ea1e38dec3e660657 ace1c6bf42b44114baae785ad6435f36 - - default default] POST http://[LB_IP_ADDRESS]:8776/v3/ace1c6bf42b44114baae785ad6435f36/group_types
2024-06-05 06:07:01.560 21 INFO cinder.api.openstack.wsgi [req-fa04ed39-a638-466b-8f65-823a6d460537 req-e54ae095-c47a-48ed-bed2-6e598506e407 172c30b0bbf84d689b4399b07194d7a6 f72a47bda2f0443faf920e1f21e017ba - - default default] POST http://[LB_IP_ADDRESS]:8776/v3/f72a47bda2f0443faf920e1f21e017ba/snapshots
2024-06-05 06:07:01.573 23 INFO cinder.api.openstack.wsgi [None req-810c36f0-7ea6-430b-9850-6ee81bb75355 70f7ed984a5e427ea1e38dec3e660657 ace1c6bf42b44114baae785ad6435f36 - - default default] http://[LB_IP_ADDRESS]:8776/v3/ace1c6bf42b44114baae785ad6435f36/group_types returned with HTTP 202
2024-06-05 06:07:01.583 21 INFO cinder.volume.api [req-fa04ed39-a638-466b-8f65-823a6d460537 req-e54ae095-c47a-48ed-bed2-6e598506e407 172c30b0bbf84d689b4399b07194d7a6 f72a47bda2f0443faf920e1f21e017ba - - default default] Volume info retrieved successfully.
2024-06-05 06:07:01.583 21 INFO cinder.api.v3.snapshots [req-fa04ed39-a638-466b-8f65-823a6d460537 req-e54ae095-c47a-48ed-bed2-6e598506e407 172c30b0bbf84d689b4399b07194d7a6 f72a47bda2f0443faf920e1f21e017ba - - default default] Create snapshot from volume 1ae06fd6-8fa4-44e6-8bd3-bff6c28b799d
2024-06-05 06:07:01.703 19 INFO cinder.api.openstack.wsgi [None req-8cc9a960-a163-4f11-bf7a-d7a1863031c6 1adec349238242099fdda8f4bfe82da9 d06333598b01481094cd77f48aa7e2fb - - default default] POST http://[LB_IP_ADDRESS]:8776/v3/d06333598b01481094cd77f48aa7e2fb/groups
2024-06-05 06:07:01.706 21 INFO cinder.volume.api [req-fa04ed39-a638-466b-8f65-823a6d460537 req-e54ae095-c47a-48ed-bed2-6e598506e407 172c30b0bbf84d689b4399b07194d7a6 f72a47bda2f0443faf920e1f21e017ba - - default default] Snapshot create request issued successfully.
2024-06-05 06:07:01.707 21 INFO cinder.api.openstack.wsgi [req-fa04ed39-a638-466b-8f65-823a6d460537 req-e54ae095-c47a-48ed-bed2-6e598506e407 172c30b0bbf84d689b4399b07194d7a6 f72a47bda2f0443faf920e1f21e017ba - - default default] http://[LB_IP_ADDRESS]:8776/v3/f72a47bda2f0443faf920e1f21e017ba/snapshots returned with HTTP 202
2024-06-05 06:07:01.714 19 INFO cinder.api.v3.groups [None req-8cc9a960-a163-4f11-bf7a-d7a1863031c6 1adec349238242099fdda8f4bfe82da9 d06333598b01481094cd77f48aa7e2fb - - default default] Creating group tempest-GroupSnapshotsTest-Group-2104705311.
2024-06-05 06:07:01.734 19 INFO cinder.volume.api [None req-8cc9a960-a163-4f11-bf7a-d7a1863031c6 1adec349238242099fdda8f4bfe82da9 d06333598b01481094cd77f48aa7e2fb - - default default] Availability Zones retrieved successfully.
2024-06-05 06:07:01.746 20 INFO cinder.api.openstack.wsgi [req-4611929d-3a5d-495c-a432-ba34afb625d6 req-3a986469-fff7-4f35-adb1-9253946ba26f 172c30b0bbf84d689b4399b07194d7a6 f72a47bda2f0443faf920e1f21e017ba - - default default] GET http://[LB_IP_ADDRESS]:8776/v3/f72a47bda2f0443faf920e1f21e017ba/snapshots/986172a7-dd4c-44dc-af5a-742dc4b973e3
2024-06-05 06:07:01.760 20 INFO cinder.volume.api [req-4611929d-3a5d-495c-a432-ba34afb625d6 req-3a986469-fff7-4f35-adb1-9253946ba26f 172c30b0bbf84d689b4399b07194d7a6 f72a47bda2f0443faf920e1f21e017ba - - default default] Snapshot retrieved successfully.
2024-06-05 06:07:01.762 20 INFO cinder.api.openstack.wsgi [req-4611929d-3a5d-495c-a432-ba34afb625d6 req-3a986469-fff7-4f35-adb1-9253946ba26f 172c30b0bbf84d689b4399b07194d7a6 f72a47bda2f0443faf920e1f21e017ba - - default default] http://[LB_IP_ADDRESS]:8776/v3/f72a47bda2f0443faf920e1f21e017ba/snapshots/986172a7-dd4c-44dc-af5a-742dc4b973e3 returned with HTTP 200
2024-06-05 06:07:01.800 22 INFO cinder.api.openstack.wsgi [req-248913dc-3064-420e-bcd6-1b22bb7dc1cd req-abbe7083-5272-412a-90db-b01d06beba86 172c30b0bbf84d689b4399b07194d7a6 f72a47bda2f0443faf920e1f21e017ba - - default default] GET http://[LB_IP_ADDRESS]:8776/v3/f72a47bda2f0443faf920e1f21e017ba/snapshots/detail
2024-06-05 06:07:01.806 19 INFO cinder.api.openstack.wsgi [None req-8cc9a960-a163-4f11-bf7a-d7a1863031c6 1adec349238242099fdda8f4bfe82da9 d06333598b01481094cd77f48aa7e2fb - - default default] http://[LB_IP_ADDRESS]:8776/v3/d06333598b01481094cd77f48aa7e2fb/groups returned with HTTP 202
2024-06-05 06:07:01.814 22 INFO cinder.volume.api [req-248913dc-3064-420e-bcd6-1b22bb7dc1cd req-abbe7083-5272-412a-90db-b01d06beba86 172c30b0bbf84d689b4399b07194d7a6 f72a47bda2f0443faf920e1f21e017ba - - default default] Get all snapshots completed successfully.
2024-06-05 06:07:01.817 22 INFO cinder.api.openstack.wsgi [req-248913dc-3064-420e-bcd6-1b22bb7dc1cd req-abbe7083-5272-412a-90db-b01d06beba86 172c30b0bbf84d689b4399b07194d7a6 f72a47bda2f0443faf920e1f21e017ba - - default default] http://[LB_IP_ADDRESS]:8776/v3/f72a47bda2f0443faf920e1f21e017ba/snapshots/detail returned with HTTP 200
2024-06-05 06:07:01.819 23 INFO cinder.api.openstack.wsgi [None req-80531770-adee-40f8-8740-e9e6259408d1 1adec349238242099fdda8f4bfe82da9 d06333598b01481094cd77f48aa7e2fb - - default default] GET http://[LB_IP_ADDRESS]:8776/v3/d06333598b01481094cd77f48aa7e2fb/groups/e1eb0091-79cd-45cb-b9cd-5d1114929eef
2024-06-05 06:07:01.840 23 INFO cinder.api.openstack.wsgi [None req-80531770-adee-40f8-8740-e9e6259408d1 1adec349238242099fdda8f4bfe82da9 d06333598b01481094cd77f48aa7e2fb - - default default] http://[LB_IP_ADDRESS]:8776/v3/d06333598b01481094cd77f48aa7e2fb/groups/e1eb0091-79cd-45cb-b9cd-5d1114929eef returned with HTTP 200
2024-06-05 06:07:01.849 21 INFO cinder.api.openstack.wsgi [req-5cfa5b6d-b2ef-4734-b4fc-5ca3c4529364 req-98f88222-85ff-416e-aea6-7693c376b98a 172c30b0bbf84d689b4399b07194d7a6 f72a47bda2f0443faf920e1f21e017ba - - default default] GET http://[LB_IP_ADDRESS]:8776/v3/f72a47bda2f0443faf920e1f21e017ba/snapshots/986172a7-dd4c-44dc-af5a-742dc4b973e3
2024-06-05 06:07:01.860 21 INFO cinder.volume.api [req-5cfa5b6d-b2ef-4734-b4fc-5ca3c4529364 req-98f88222-85ff-416e-aea6-7693c376b98a 172c30b0bbf84d689b4399b07194d7a6 f72a47bda2f0443faf920e1f21e017ba - - default default] Snapshot retrieved successfully.
2024-06-05 06:07:01.861 21 INFO cinder.api.openstack.wsgi [req-5cfa5b6d-b2ef-4734-b4fc-5ca3c4529364 req-98f88222-85ff-416e-aea6-7693c376b98a 172c30b0bbf84d689b4399b07194d7a6 f72a47bda2f0443faf920e1f21e017ba - - default default] http://[LB_IP_ADDRESS]:8776/v3/f72a47bda2f0443faf920e1f21e017ba/snapshots/986172a7-dd4c-44dc-af5a-742dc4b973e3 returned with HTTP 200
2024-06-05 06:07:02.412 20 INFO cinder.api.openstack.wsgi [req-b03f8e42-0186-4cc6-9a30-1ff649e26f5d req-2cc4b318-61fe-4f9c-b1fe-5a2887b3ea39 1fbbdd564e424cfb80889fe31152a484 296af9823a6648f0930efd66fa571182 - - default default] GET http://[LB_IP_ADDRESS]:8776/v3/296af9823a6648f0930efd66fa571182/volumes/4d25b2b3-cfc1-4f31-b84d-06575805da45
2024-06-05 06:07:02.440 20 INFO cinder.volume.api [req-b03f8e42-0186-4cc6-9a30-1ff649e26f5d req-2cc4b318-61fe-4f9c-b1fe-5a2887b3ea39 1fbbdd564e424cfb80889fe31152a484 296af9823a6648f0930efd66fa571182 - - default default] Volume info retrieved successfully.
2024-06-05 06:07:02.451 20 INFO cinder.api.openstack.wsgi [req-b03f8e42-0186-4cc6-9a30-1ff649e26f5d req-2cc4b318-61fe-4f9c-b1fe-5a2887b3ea39 1fbbdd564e424cfb80889fe31152a484 296af9823a6648f0930efd66fa571182 - - default default] http://[LB_IP_ADDRESS]:8776/v3/296af9823a6648f0930efd66fa571182/volumes/4d25b2b3-cfc1-4f31-b84d-06575805da45 returned with HTTP 200
2024-06-05 06:07:02.492 19 INFO cinder.api.openstack.wsgi [req-49c78107-c19a-4459-818c-e9bb55571138 req-d982e755-bfa7-4064-820f-b62aeb1c4160 1fbbdd564e424cfb80889fe31152a484 296af9823a6648f0930efd66fa571182 - - default default] GET http://[LB_IP_ADDRESS]:8776/v3/296af9823a6648f0930efd66fa571182/volumes/4d25b2b3-cfc1-4f31-b84d-06575805da45
2024-06-05 06:07:02.519 19 INFO cinder.volume.api [req-49c78107-c19a-4459-818c-e9bb55571138 req-d982e755-bfa7-4064-820f-b62aeb1c4160 1fbbdd564e424cfb80889fe31152a484 296af9823a6648f0930efd66fa571182 - - default default] Volume info retrieved successfully.
2024-06-05 06:07:02.530 19 INFO cinder.api.openstack.wsgi [req-49c78107-c19a-4459-818c-e9bb55571138 req-d982e755-bfa7-4064-820f-b62aeb1c4160 1fbbdd564e424cfb80889fe31152a484 296af9823a6648f0930efd66fa571182 - - default default] http://[LB_IP_ADDRESS]:8776/v3/296af9823a6648f0930efd66fa571182/volumes/4d25b2b3-cfc1-4f31-b84d-06575805da45 returned with HTTP 200
2024-06-05 06:07:02.576 22 INFO cinder.api.openstack.wsgi [req-46f8a920-b37f-48e5-859c-33463ffb25f6 req-dd7b8fef-251e-4c7b-8a9c-c55a248e6ff3 1fbbdd564e424cfb80889fe31152a484 296af9823a6648f0930efd66fa571182 - - default default] DELETE http://[LB_IP_ADDRESS]:8776/v3/296af9823a6648f0930efd66fa571182/volumes/4d25b2b3-cfc1-4f31-b84d-06575805da45
2024-06-05 06:07:02.578 22 INFO cinder.api.v3.volumes [req-46f8a920-b37f-48e5-859c-33463ffb25f6 req-dd7b8fef-251e-4c7b-8a9c-c55a248e6ff3 1fbbdd564e424cfb80889fe31152a484 296af9823a6648f0930efd66fa571182 - - default default] Delete volume with id: 4d25b2b3-cfc1-4f31-b84d-06575805da45 
2024-06-05 06:07:02.604 22 INFO cinder.volume.api [req-46f8a920-b37f-48e5-859c-33463ffb25f6 req-dd7b8fef-251e-4c7b-8a9c-c55a248e6ff3 1fbbdd564e424cfb80889fe31152a484 296af9823a6648f0930efd66fa571182 - - default default] Volume info retrieved successfully.
2024-06-05 06:07:02.640 22 INFO cinder.volume.api [req-46f8a920-b37f-48e5-859c-33463ffb25f6 req-dd7b8fef-251e-4c7b-8a9c-c55a248e6ff3 1fbbdd564e424cfb80889fe31152a484 296af9823a6648f0930efd66fa571182 - - default default] Delete volume request issued successfully.
2024-06-05 06:07:02.641 22 INFO cinder.api.openstack.wsgi [req-46f8a920-b37f-48e5-859c-33463ffb25f6 req-dd7b8fef-251e-4c7b-8a9c-c55a248e6ff3 1fbbdd564e424cfb80889fe31152a484 296af9823a6648f0930efd66fa571182 - - default default] http://[LB_IP_ADDRESS]:8776/v3/296af9823a6648f0930efd66fa571182/volumes/4d25b2b3-cfc1-4f31-b84d-06575805da45 returned with HTTP 202
2024-06-05 06:07:02.670 23 INFO cinder.api.openstack.wsgi [req-298c95d2-582e-48dc-ad9a-a474acce4c36 req-9c08794b-cb69-4d0f-b874-36f63630c787 1fbbdd564e424cfb80889fe31152a484 296af9823a6648f0930efd66fa571182 - - default default] GET http://[LB_IP_ADDRESS]:8776/v3/296af9823a6648f0930efd66fa571182/volumes/4d25b2b3-cfc1-4f31-b84d-06575805da45
2024-06-05 06:07:02.703 23 INFO cinder.volume.api [req-298c95d2-582e-48dc-ad9a-a474acce4c36 req-9c08794b-cb69-4d0f-b874-36f63630c787 1fbbdd564e424cfb80889fe31152a484 296af9823a6648f0930efd66fa571182 - - default default] Volume info retrieved successfully.
2024-06-05 06:07:02.714 23 INFO cinder.api.openstack.wsgi [req-298c95d2-582e-48dc-ad9a-a474acce4c36 req-9c08794b-cb69-4d0f-b874-36f63630c787 1fbbdd564e424cfb80889fe31152a484 296af9823a6648f0930efd66fa571182 - - default default] http://[LB_IP_ADDRESS]:8776/v3/296af9823a6648f0930efd66fa571182/volumes/4d25b2b3-cfc1-4f31-b84d-06575805da45 returned with HTTP 200
2024-06-05 06:07:02.859 21 INFO cinder.api.openstack.wsgi [None req-1a063e7a-ff85-4aab-a08d-168b9decebc9 1adec349238242099fdda8f4bfe82da9 d06333598b01481094cd77f48aa7e2fb - - default default] GET http://[LB_IP_ADDRESS]:8776/v3/d06333598b01481094cd77f48aa7e2fb/groups/e1eb0091-79cd-45cb-b9cd-5d1114929eef
2024-06-05 06:07:02.886 21 INFO cinder.api.openstack.wsgi [None req-1a063e7a-ff85-4aab-a08d-168b9decebc9 1adec349238242099fdda8f4bfe82da9 d06333598b01481094cd77f48aa7e2fb - - default default] http://[LB_IP_ADDRESS]:8776/v3/d06333598b01481094cd77f48aa7e2fb/groups/e1eb0091-79cd-45cb-b9cd-5d1114929eef returned with HTTP 200
2024-06-05 06:07:02.896 20 INFO cinder.api.openstack.wsgi [req-a1fe45cd-c371-41d6-bab4-b894ef79c1c3 req-ecb80feb-3b0c-4d26-9847-d1001686a64b 172c30b0bbf84d689b4399b07194d7a6 f72a47bda2f0443faf920e1f21e017ba - - default default] GET http://[LB_IP_ADDRESS]:8776/v3/f72a47bda2f0443faf920e1f21e017ba/snapshots/986172a7-dd4c-44dc-af5a-742dc4b973e3
2024-06-05 06:07:02.903 19 INFO cinder.api.openstack.wsgi [None req-71f6f7c7-b1c6-4132-ba6d-48a614a7b08b 1adec349238242099fdda8f4bfe82da9 d06333598b01481094cd77f48aa7e2fb - - default default] POST http://[LB_IP_ADDRESS]:8776/v3/d06333598b01481094cd77f48aa7e2fb/volumes
2024-06-05 06:07:02.910 20 INFO cinder.volume.api [req-a1fe45cd-c371-41d6-bab4-b894ef79c1c3 req-ecb80feb-3b0c-4d26-9847-d1001686a64b 172c30b0bbf84d689b4399b07194d7a6 f72a47bda2f0443faf920e1f21e017ba - - default default] Snapshot retrieved successfully.
2024-06-05 06:07:02.912 20 INFO cinder.api.openstack.wsgi [req-a1fe45cd-c371-41d6-bab4-b894ef79c1c3 req-ecb80feb-3b0c-4d26-9847-d1001686a64b 172c30b0bbf84d689b4399b07194d7a6 f72a47bda2f0443faf920e1f21e017ba - - default default] http://[LB_IP_ADDRESS]:8776/v3/f72a47bda2f0443faf920e1f21e017ba/snapshots/986172a7-dd4c-44dc-af5a-742dc4b973e3 returned with HTTP 200
2024-06-05 06:07:02.922 19 INFO cinder.api.v3.volumes [None req-71f6f7c7-b1c6-4132-ba6d-48a614a7b08b 1adec349238242099fdda8f4bfe82da9 d06333598b01481094cd77f48aa7e2fb - - default default] Create volume of 1 GB
2024-06-05 06:07:02.933 19 INFO cinder.volume.api [None req-71f6f7c7-b1c6-4132-ba6d-48a614a7b08b 1adec349238242099fdda8f4bfe82da9 d06333598b01481094cd77f48aa7e2fb - - default default] Availability Zones retrieved successfully.
2024-06-05 06:07:03.040 19 WARNING cinder.quota [None req-71f6f7c7-b1c6-4132-ba6d-48a614a7b08b 1adec349238242099fdda8f4bfe82da9 d06333598b01481094cd77f48aa7e2fb - - default default] Deprecated: Default quota for resource: volumes_tempest-GroupSnapshotsTest-volume-type-16295605 is set by the default quota flag: quota_volumes_tempest-GroupSnapshotsTest-volume-type-16295605, it is now deprecated. Please use the default quota class for default quota.
2024-06-05 06:07:03.041 19 WARNING cinder.quota [None req-71f6f7c7-b1c6-4132-ba6d-48a614a7b08b 1adec349238242099fdda8f4bfe82da9 d06333598b01481094cd77f48aa7e2fb - - default default] Deprecated: Default quota for resource: gigabytes_tempest-GroupSnapshotsTest-volume-type-16295605 is set by the default quota flag: quota_gigabytes_tempest-GroupSnapshotsTest-volume-type-16295605, it is now deprecated. Please use the default quota class for default quota.
2024-06-05 06:07:03.087 22 INFO cinder.api.openstack.wsgi [None req-3aae058f-9a3e-4aa0-92b0-da7bb3ce0f06 - - - - - -] GET http://[LB_IP_ADDRESS]:8776/
2024-06-05 06:07:03.089 22 INFO cinder.api.openstack.wsgi [None req-3aae058f-9a3e-4aa0-92b0-da7bb3ce0f06 - - - - - -] http://[LB_IP_ADDRESS]:8776/ returned with HTTP 300
2024-06-05 06:07:03.147 19 INFO cinder.volume.api [None req-71f6f7c7-b1c6-4132-ba6d-48a614a7b08b 1adec349238242099fdda8f4bfe82da9 d06333598b01481094cd77f48aa7e2fb - - default default] Create volume request issued successfully.
2024-06-05 06:07:03.170 19 INFO cinder.api.openstack.wsgi [None req-71f6f7c7-b1c6-4132-ba6d-48a614a7b08b 1adec349238242099fdda8f4bfe82da9 d06333598b01481094cd77f48aa7e2fb - - default default] http://[LB_IP_ADDRESS]:8776/v3/d06333598b01481094cd77f48aa7e2fb/volumes returned with HTTP 202
2024-06-05 06:07:03.196 23 INFO cinder.api.openstack.wsgi [None req-7d630c57-96aa-4edb-a698-1dc9767ab79a 1adec349238242099fdda8f4bfe82da9 d06333598b01481094cd77f48aa7e2fb - - default default] GET http://[LB_IP_ADDRESS]:8776/v3/d06333598b01481094cd77f48aa7e2fb/volumes/f4109dd5-b52f-4b38-9915-b5a8546694ae
2024-06-05 06:07:03.217 23 INFO cinder.volume.api [None req-7d630c57-96aa-4edb-a698-1dc9767ab79a 1adec349238242099fdda8f4bfe82da9 d06333598b01481094cd77f48aa7e2fb - - default default] Volume info retrieved successfully.
2024-06-05 06:07:03.247 23 INFO cinder.api.openstack.wsgi [None req-7d630c57-96aa-4edb-a698-1dc9767ab79a 1adec349238242099fdda8f4bfe82da9 d06333598b01481094cd77f48aa7e2fb - - default default] http://[LB_IP_ADDRESS]:8776/v3/d06333598b01481094cd77f48aa7e2fb/volumes/f4109dd5-b52f-4b38-9915-b5a8546694ae returned with HTTP 200
2024-06-05 06:07:03.751 21 INFO cinder.api.openstack.wsgi [req-b4af10e5-042d-4d13-82e7-734bdceb7350 req-1ea0d473-1a6e-480b-bdf3-096ce7232d8d 1fbbdd564e424cfb80889fe31152a484 296af9823a6648f0930efd66fa571182 - - default default] GET http://[LB_IP_ADDRESS]:8776/v3/296af9823a6648f0930efd66fa571182/volumes/4d25b2b3-cfc1-4f31-b84d-06575805da45
2024-06-05 06:07:03.768 21 INFO cinder.api.openstack.wsgi [req-b4af10e5-042d-4d13-82e7-734bdceb7350 req-1ea0d473-1a6e-480b-bdf3-096ce7232d8d 1fbbdd564e424cfb80889fe31152a484 296af9823a6648f0930efd66fa571182 - - default default] http://[LB_IP_ADDRESS]:8776/v3/296af9823a6648f0930efd66fa571182/volumes/4d25b2b3-cfc1-4f31-b84d-06575805da45 returned with HTTP 404
2024-06-05 06:07:03.946 20 INFO cinder.api.openstack.wsgi [req-b0df3949-2417-46b9-9859-8423db20530f req-457bb695-b451-4094-8b16-7f2a984e7632 172c30b0bbf84d689b4399b07194d7a6 f72a47bda2f0443faf920e1f21e017ba - - default default] GET http://[LB_IP_ADDRESS]:8776/v3/f72a47bda2f0443faf920e1f21e017ba/snapshots/986172a7-dd4c-44dc-af5a-742dc4b973e3
2024-06-05 06:07:03.958 20 INFO cinder.volume.api [req-b0df3949-2417-46b9-9859-8423db20530f req-457bb695-b451-4094-8b16-7f2a984e7632 172c30b0bbf84d689b4399b07194d7a6 f72a47bda2f0443faf920e1f21e017ba - - default default] Snapshot retrieved successfully.
2024-06-05 06:07:03.960 20 INFO cinder.api.openstack.wsgi [req-b0df3949-2417-46b9-9859-8423db20530f req-457bb695-b451-4094-8b16-7f2a984e7632 172c30b0bbf84d689b4399b07194d7a6 f72a47bda2f0443faf920e1f21e017ba - - default default] http://[LB_IP_ADDRESS]:8776/v3/f72a47bda2f0443faf920e1f21e017ba/snapshots/986172a7-dd4c-44dc-af5a-742dc4b973e3 returned with HTTP 200
2024-06-05 06:07:03.991 22 INFO cinder.api.openstack.wsgi [req-e0c1df19-cc7c-41c7-9b73-a28b8f21ef64 req-30e9f591-c444-463c-9cc1-8c7067dc9fc9 172c30b0bbf84d689b4399b07194d7a6 f72a47bda2f0443faf920e1f21e017ba - - default default] DELETE http://[LB_IP_ADDRESS]:8776/v3/f72a47bda2f0443faf920e1f21e017ba/snapshots/986172a7-dd4c-44dc-af5a-742dc4b973e3
2024-06-05 06:07:03.992 22 INFO cinder.api.v2.snapshots [req-e0c1df19-cc7c-41c7-9b73-a28b8f21ef64 req-30e9f591-c444-463c-9cc1-8c7067dc9fc9 172c30b0bbf84d689b4399b07194d7a6 f72a47bda2f0443faf920e1f21e017ba - - default default] Delete snapshot with id: 986172a7-dd4c-44dc-af5a-742dc4b973e3
2024-06-05 06:07:04.009 22 INFO cinder.volume.api [req-e0c1df19-cc7c-41c7-9b73-a28b8f21ef64 req-30e9f591-c444-463c-9cc1-8c7067dc9fc9 172c30b0bbf84d689b4399b07194d7a6 f72a47bda2f0443faf920e1f21e017ba - - default default] Snapshot retrieved successfully.
2024-06-05 06:07:04.041 22 INFO cinder.volume.api [req-e0c1df19-cc7c-41c7-9b73-a28b8f21ef64 req-30e9f591-c444-463c-9cc1-8c7067dc9fc9 172c30b0bbf84d689b4399b07194d7a6 f72a47bda2f0443faf920e1f21e017ba - - default default] Snapshot delete request issued successfully.
2024-06-05 06:07:04.042 22 INFO cinder.api.openstack.wsgi [req-e0c1df19-cc7c-41c7-9b73-a28b8f21ef64 req-30e9f591-c444-463c-9cc1-8c7067dc9fc9 172c30b0bbf84d689b4399b07194d7a6 f72a47bda2f0443faf920e1f21e017ba - - default default] http://[LB_IP_ADDRESS]:8776/v3/f72a47bda2f0443faf920e1f21e017ba/snapshots/986172a7-dd4c-44dc-af5a-742dc4b973e3 returned with HTTP 202
2024-06-05 06:07:04.073 19 INFO cinder.api.openstack.wsgi [req-52c84e48-6fac-4438-81ba-bc097823aa5c req-162e9378-abce-4b06-8b7d-449b8ec4e0d6 172c30b0bbf84d689b4399b07194d7a6 f72a47bda2f0443faf920e1f21e017ba - - default default] GET http://[LB_IP_ADDRESS]:8776/v3/f72a47bda2f0443faf920e1f21e017ba/snapshots/986172a7-dd4c-44dc-af5a-742dc4b973e3
2024-06-05 06:07:04.084 19 INFO cinder.volume.api [req-52c84e48-6fac-4438-81ba-bc097823aa5c req-162e9378-abce-4b06-8b7d-449b8ec4e0d6 172c30b0bbf84d689b4399b07194d7a6 f72a47bda2f0443faf920e1f21e017ba - - default default] Snapshot retrieved successfully.
2024-06-05 06:07:04.086 19 INFO cinder.api.openstack.wsgi [req-52c84e48-6fac-4438-81ba-bc097823aa5c req-162e9378-abce-4b06-8b7d-449b8ec4e0d6 172c30b0bbf84d689b4399b07194d7a6 f72a47bda2f0443faf920e1f21e017ba - - default default] http://[LB_IP_ADDRESS]:8776/v3/f72a47bda2f0443faf920e1f21e017ba/snapshots/986172a7-dd4c-44dc-af5a-742dc4b973e3 returned with HTTP 200
2024-06-05 06:07:04.277 23 INFO cinder.api.openstack.wsgi [None req-d23ada90-0f87-45f4-8518-5fcd9ef7a304 1adec349238242099fdda8f4bfe82da9 d06333598b01481094cd77f48aa7e2fb - - default default] GET http://[LB_IP_ADDRESS]:8776/v3/d06333598b01481094cd77f48aa7e2fb/volumes/f4109dd5-b52f-4b38-9915-b5a8546694ae
2024-06-05 06:07:04.303 23 INFO cinder.volume.api [None req-d23ada90-0f87-45f4-8518-5fcd9ef7a304 1adec349238242099fdda8f4bfe82da9 d06333598b01481094cd77f48aa7e2fb - - default default] Volume info retrieved successfully.
2024-06-05 06:07:04.334 23 INFO cinder.api.openstack.wsgi [None req-d23ada90-0f87-45f4-8518-5fcd9ef7a304 1adec349238242099fdda8f4bfe82da9 d06333598b01481094cd77f48aa7e2fb - - default default] http://[LB_IP_ADDRESS]:8776/v3/d06333598b01481094cd77f48aa7e2fb/volumes/f4109dd5-b52f-4b38-9915-b5a8546694ae returned with HTTP 200
2024-06-05 06:07:05.118 21 INFO cinder.api.openstack.wsgi [req-2283c980-87c3-47b2-a41f-30141cebadee req-4c3d3993-e889-46f4-948d-4597a7d3d3a8 172c30b0bbf84d689b4399b07194d7a6 f72a47bda2f0443faf920e1f21e017ba - - default default] GET http://[LB_IP_ADDRESS]:8776/v3/f72a47bda2f0443faf920e1f21e017ba/snapshots/986172a7-dd4c-44dc-af5a-742dc4b973e3
2024-06-05 06:07:05.129 21 INFO cinder.api.openstack.wsgi [req-2283c980-87c3-47b2-a41f-30141cebadee req-4c3d3993-e889-46f4-948d-4597a7d3d3a8 172c30b0bbf84d689b4399b07194d7a6 f72a47bda2f0443faf920e1f21e017ba - - default default] http://[LB_IP_ADDRESS]:8776/v3/f72a47bda2f0443faf920e1f21e017ba/snapshots/986172a7-dd4c-44dc-af5a-742dc4b973e3 returned with HTTP 404
2024-06-05 06:07:05.159 20 INFO cinder.api.openstack.wsgi [req-fffd1592-7752-4bc6-9ae8-cf30dbb2e0c3 req-ae99f6a8-65d1-41b4-bb6c-3950128a5b9b 172c30b0bbf84d689b4399b07194d7a6 f72a47bda2f0443faf920e1f21e017ba - - default default] DELETE http://[LB_IP_ADDRESS]:8776/v3/f72a47bda2f0443faf920e1f21e017ba/volumes/1ae06fd6-8fa4-44e6-8bd3-bff6c28b799d
2024-06-05 06:07:05.160 20 INFO cinder.api.v3.volumes [req-fffd1592-7752-4bc6-9ae8-cf30dbb2e0c3 req-ae99f6a8-65d1-41b4-bb6c-3950128a5b9b 172c30b0bbf84d689b4399b07194d7a6 f72a47bda2f0443faf920e1f21e017ba - - default default] Delete volume with id: 1ae06fd6-8fa4-44e6-8bd3-bff6c28b799d 
2024-06-05 06:07:05.179 20 INFO cinder.volume.api [req-fffd1592-7752-4bc6-9ae8-cf30dbb2e0c3 req-ae99f6a8-65d1-41b4-bb6c-3950128a5b9b 172c30b0bbf84d689b4399b07194d7a6 f72a47bda2f0443faf920e1f21e017ba - - default default] Volume info retrieved successfully.
2024-06-05 06:07:05.212 20 INFO cinder.volume.api [req-fffd1592-7752-4bc6-9ae8-cf30dbb2e0c3 req-ae99f6a8-65d1-41b4-bb6c-3950128a5b9b 172c30b0bbf84d689b4399b07194d7a6 f72a47bda2f0443faf920e1f21e017ba - - default default] Delete volume request issued successfully.
2024-06-05 06:07:05.213 20 INFO cinder.api.openstack.wsgi [req-fffd1592-7752-4bc6-9ae8-cf30dbb2e0c3 req-ae99f6a8-65d1-41b4-bb6c-3950128a5b9b 172c30b0bbf84d689b4399b07194d7a6 f72a47bda2f0443faf920e1f21e017ba - - default default] http://[LB_IP_ADDRESS]:8776/v3/f72a47bda2f0443faf920e1f21e017ba/volumes/1ae06fd6-8fa4-44e6-8bd3-bff6c28b799d returned with HTTP 202
2024-06-05 06:07:05.247 22 INFO cinder.api.openstack.wsgi [req-96e28607-74f2-425a-987b-ea01328b1ca4 req-f80ebe18-544b-4ce4-8269-6d9f7979bdf2 172c30b0bbf84d689b4399b07194d7a6 f72a47bda2f0443faf920e1f21e017ba - - default default] GET http://[LB_IP_ADDRESS]:8776/v3/f72a47bda2f0443faf920e1f21e017ba/volumes/1ae06fd6-8fa4-44e6-8bd3-bff6c28b799d
2024-06-05 06:07:05.274 22 INFO cinder.volume.api [req-96e28607-74f2-425a-987b-ea01328b1ca4 req-f80ebe18-544b-4ce4-8269-6d9f7979bdf2 172c30b0bbf84d689b4399b07194d7a6 f72a47bda2f0443faf920e1f21e017ba - - default default] Volume info retrieved successfully.
2024-06-05 06:07:05.285 22 INFO cinder.api.openstack.wsgi [req-96e28607-74f2-425a-987b-ea01328b1ca4 req-f80ebe18-544b-4ce4-8269-6d9f7979bdf2 172c30b0bbf84d689b4399b07194d7a6 f72a47bda2f0443faf920e1f21e017ba - - default default] http://[LB_IP_ADDRESS]:8776/v3/f72a47bda2f0443faf920e1f21e017ba/volumes/1ae06fd6-8fa4-44e6-8bd3-bff6c28b799d returned with HTTP 200
2024-06-05 06:07:05.364 19 INFO cinder.api.openstack.wsgi [None req-9557a9db-cf05-4ba3-aa32-28f209128318 1adec349238242099fdda8f4bfe82da9 d06333598b01481094cd77f48aa7e2fb - - default default] GET http://[LB_IP_ADDRESS]:8776/v3/d06333598b01481094cd77f48aa7e2fb/volumes/f4109dd5-b52f-4b38-9915-b5a8546694ae
2024-06-05 06:07:05.391 19 INFO cinder.volume.api [None req-9557a9db-cf05-4ba3-aa32-28f209128318 1adec349238242099fdda8f4bfe82da9 d06333598b01481094cd77f48aa7e2fb - - default default] Volume info retrieved successfully.
2024-06-05 06:07:05.423 19 INFO cinder.api.openstack.wsgi [None req-9557a9db-cf05-4ba3-aa32-28f209128318 1adec349238242099fdda8f4bfe82da9 d06333598b01481094cd77f48aa7e2fb - - default default] http://[LB_IP_ADDRESS]:8776/v3/d06333598b01481094cd77f48aa7e2fb/volumes/f4109dd5-b52f-4b38-9915-b5a8546694ae returned with HTTP 200
2024-06-05 06:07:05.451 23 INFO cinder.api.openstack.wsgi [None req-82f4ba65-6afd-4277-9920-1a959ddee4e7 1adec349238242099fdda8f4bfe82da9 d06333598b01481094cd77f48aa7e2fb - - default default] POST http://[LB_IP_ADDRESS]:8776/v3/d06333598b01481094cd77f48aa7e2fb/group_snapshots
2024-06-05 06:07:05.467 23 INFO cinder.api.v3.group_snapshots [None req-82f4ba65-6afd-4277-9920-1a959ddee4e7 1adec349238242099fdda8f4bfe82da9 d06333598b01481094cd77f48aa7e2fb - - default default] Creating group_snapshot tempest-group_snapshot-6000207.
2024-06-05 06:07:05.531 23 WARNING cinder.quota [None req-82f4ba65-6afd-4277-9920-1a959ddee4e7 1adec349238242099fdda8f4bfe82da9 d06333598b01481094cd77f48aa7e2fb - - default default] Deprecated: Default quota for resource: gigabytes_tempest-GroupSnapshotsTest-volume-type-16295605 is set by the default quota flag: quota_gigabytes_tempest-GroupSnapshotsTest-volume-type-16295605, it is now deprecated. Please use the default quota class for default quota.
2024-06-05 06:07:05.532 23 WARNING cinder.quota [None req-82f4ba65-6afd-4277-9920-1a959ddee4e7 1adec349238242099fdda8f4bfe82da9 d06333598b01481094cd77f48aa7e2fb - - default default] Deprecated: Default quota for resource: snapshots_tempest-GroupSnapshotsTest-volume-type-16295605 is set by the default quota flag: quota_snapshots_tempest-GroupSnapshotsTest-volume-type-16295605, it is now deprecated. Please use the default quota class for default quota.
2024-06-05 06:07:05.605 23 INFO cinder.api.openstack.wsgi [None req-82f4ba65-6afd-4277-9920-1a959ddee4e7 1adec349238242099fdda8f4bfe82da9 d06333598b01481094cd77f48aa7e2fb - - default default] http://[LB_IP_ADDRESS]:8776/v3/d06333598b01481094cd77f48aa7e2fb/group_snapshots returned with HTTP 202
2024-06-05 06:07:05.619 21 INFO cinder.api.openstack.wsgi [None req-0aff5fe4-58eb-46d5-b94d-923c30637bab 1adec349238242099fdda8f4bfe82da9 d06333598b01481094cd77f48aa7e2fb - - default default] GET http://[LB_IP_ADDRESS]:8776/v3/d06333598b01481094cd77f48aa7e2fb/group_snapshots/f27f615a-ddce-48f0-bd27-aeaf051127a4
2024-06-05 06:07:05.635 21 INFO cinder.api.openstack.wsgi [None req-0aff5fe4-58eb-46d5-b94d-923c30637bab 1adec349238242099fdda8f4bfe82da9 d06333598b01481094cd77f48aa7e2fb - - default default] http://[LB_IP_ADDRESS]:8776/v3/d06333598b01481094cd77f48aa7e2fb/group_snapshots/f27f615a-ddce-48f0-bd27-aeaf051127a4 returned with HTTP 200
2024-06-05 06:07:06.321 20 INFO cinder.api.openstack.wsgi [req-b7f0eac7-2291-48a8-9f85-dc426de10f2d req-69a47186-8313-414c-bff9-21631236eb5f 172c30b0bbf84d689b4399b07194d7a6 f72a47bda2f0443faf920e1f21e017ba - - default default] GET http://[LB_IP_ADDRESS]:8776/v3/f72a47bda2f0443faf920e1f21e017ba/volumes/1ae06fd6-8fa4-44e6-8bd3-bff6c28b799d
2024-06-05 06:07:06.339 20 INFO cinder.api.openstack.wsgi [req-b7f0eac7-2291-48a8-9f85-dc426de10f2d req-69a47186-8313-414c-bff9-21631236eb5f 172c30b0bbf84d689b4399b07194d7a6 f72a47bda2f0443faf920e1f21e017ba - - default default] http://[LB_IP_ADDRESS]:8776/v3/f72a47bda2f0443faf920e1f21e017ba/volumes/1ae06fd6-8fa4-44e6-8bd3-bff6c28b799d returned with HTTP 404
2024-06-05 06:07:06.379 22 INFO cinder.api.openstack.wsgi [req-65494bc4-3a32-4953-a8dd-6cb640fb2c8d req-d388b560-ec24-40b5-9b26-cf7519c2f45a 172c30b0bbf84d689b4399b07194d7a6 f72a47bda2f0443faf920e1f21e017ba - - default default] DELETE http://[LB_IP_ADDRESS]:8776/v3/f72a47bda2f0443faf920e1f21e017ba/volumes/1ae06fd6-8fa4-44e6-8bd3-bff6c28b799d
2024-06-05 06:07:06.380 22 INFO cinder.api.v3.volumes [req-65494bc4-3a32-4953-a8dd-6cb640fb2c8d req-d388b560-ec24-40b5-9b26-cf7519c2f45a 172c30b0bbf84d689b4399b07194d7a6 f72a47bda2f0443faf920e1f21e017ba - - default default] Delete volume with id: 1ae06fd6-8fa4-44e6-8bd3-bff6c28b799d 
2024-06-05 06:07:06.396 22 INFO cinder.api.openstack.wsgi [req-65494bc4-3a32-4953-a8dd-6cb640fb2c8d req-d388b560-ec24-40b5-9b26-cf7519c2f45a 172c30b0bbf84d689b4399b07194d7a6 f72a47bda2f0443faf920e1f21e017ba - - default default] http://[LB_IP_ADDRESS]:8776/v3/f72a47bda2f0443faf920e1f21e017ba/volumes/1ae06fd6-8fa4-44e6-8bd3-bff6c28b799d returned with HTTP 404
2024-06-05 06:07:06.427 19 INFO cinder.api.openstack.wsgi [req-88652c22-b485-43d9-abf3-8a2fe522f3e5 req-f4e2e46b-e089-4797-ace1-236d9165cffd 172c30b0bbf84d689b4399b07194d7a6 f72a47bda2f0443faf920e1f21e017ba - - default default] GET http://[LB_IP_ADDRESS]:8776/v3/f72a47bda2f0443faf920e1f21e017ba/volumes/1ae06fd6-8fa4-44e6-8bd3-bff6c28b799d
2024-06-05 06:07:06.445 19 INFO cinder.api.openstack.wsgi [req-88652c22-b485-43d9-abf3-8a2fe522f3e5 req-f4e2e46b-e089-4797-ace1-236d9165cffd 172c30b0bbf84d689b4399b07194d7a6 f72a47bda2f0443faf920e1f21e017ba - - default default] http://[LB_IP_ADDRESS]:8776/v3/f72a47bda2f0443faf920e1f21e017ba/volumes/1ae06fd6-8fa4-44e6-8bd3-bff6c28b799d returned with HTTP 404
2024-06-05 06:07:06.652 23 INFO cinder.api.openstack.wsgi [None req-fdcc8226-ff91-4963-a10c-071cd2fa2199 1adec349238242099fdda8f4bfe82da9 d06333598b01481094cd77f48aa7e2fb - - default default] GET http://[LB_IP_ADDRESS]:8776/v3/d06333598b01481094cd77f48aa7e2fb/group_snapshots/f27f615a-ddce-48f0-bd27-aeaf051127a4
2024-06-05 06:07:06.668 23 INFO cinder.api.openstack.wsgi [None req-fdcc8226-ff91-4963-a10c-071cd2fa2199 1adec349238242099fdda8f4bfe82da9 d06333598b01481094cd77f48aa7e2fb - - default default] http://[LB_IP_ADDRESS]:8776/v3/d06333598b01481094cd77f48aa7e2fb/group_snapshots/f27f615a-ddce-48f0-bd27-aeaf051127a4 returned with HTTP 200
2024-06-05 06:07:07.261 21 INFO cinder.api.openstack.wsgi [None req-ac456764-8775-4d73-bf8c-fd1d8ecfeabe a090e59d3b424e6ea1000b318550b230 624ae15b7c9d4c24b4fafd251b343f9b - - default default] POST http://[LB_IP_ADDRESS]:8776/v3/624ae15b7c9d4c24b4fafd251b343f9b/volumes
2024-06-05 06:07:07.265 21 INFO cinder.api.v3.volumes [None req-ac456764-8775-4d73-bf8c-fd1d8ecfeabe a090e59d3b424e6ea1000b318550b230 624ae15b7c9d4c24b4fafd251b343f9b - - default default] Create volume of 1 GB
2024-06-05 06:07:07.274 21 INFO cinder.volume.api [None req-ac456764-8775-4d73-bf8c-fd1d8ecfeabe a090e59d3b424e6ea1000b318550b230 624ae15b7c9d4c24b4fafd251b343f9b - - default default] Availability Zones retrieved successfully.
2024-06-05 06:07:07.493 21 INFO cinder.volume.api [None req-ac456764-8775-4d73-bf8c-fd1d8ecfeabe a090e59d3b424e6ea1000b318550b230 624ae15b7c9d4c24b4fafd251b343f9b - - default default] Create volume request issued successfully.
2024-06-05 06:07:07.495 21 INFO cinder.api.openstack.wsgi [None req-ac456764-8775-4d73-bf8c-fd1d8ecfeabe a090e59d3b424e6ea1000b318550b230 624ae15b7c9d4c24b4fafd251b343f9b - - default default] http://[LB_IP_ADDRESS]:8776/v3/624ae15b7c9d4c24b4fafd251b343f9b/volumes returned with HTTP 202
2024-06-05 06:07:07.521 20 INFO cinder.api.openstack.wsgi [None req-19312756-8044-4b22-ba19-f4166cc02196 a090e59d3b424e6ea1000b318550b230 624ae15b7c9d4c24b4fafd251b343f9b - - default default] GET http://[LB_IP_ADDRESS]:8776/v3/624ae15b7c9d4c24b4fafd251b343f9b/volumes/aaaf0080-8085-4574-b796-19fd34e54450
2024-06-05 06:07:07.547 20 INFO cinder.volume.api [None req-19312756-8044-4b22-ba19-f4166cc02196 a090e59d3b424e6ea1000b318550b230 624ae15b7c9d4c24b4fafd251b343f9b - - default default] Volume info retrieved successfully.
2024-06-05 06:07:07.557 20 INFO cinder.api.openstack.wsgi [None req-19312756-8044-4b22-ba19-f4166cc02196 a090e59d3b424e6ea1000b318550b230 624ae15b7c9d4c24b4fafd251b343f9b - - default default] http://[LB_IP_ADDRESS]:8776/v3/624ae15b7c9d4c24b4fafd251b343f9b/volumes/aaaf0080-8085-4574-b796-19fd34e54450 returned with HTTP 200
2024-06-05 06:07:07.685 22 INFO cinder.api.openstack.wsgi [None req-4b19c8c0-89a7-4ef6-af8c-157c3c25027d 1adec349238242099fdda8f4bfe82da9 d06333598b01481094cd77f48aa7e2fb - - default default] GET http://[LB_IP_ADDRESS]:8776/v3/d06333598b01481094cd77f48aa7e2fb/group_snapshots/f27f615a-ddce-48f0-bd27-aeaf051127a4
2024-06-05 06:07:07.702 22 INFO cinder.api.openstack.wsgi [None req-4b19c8c0-89a7-4ef6-af8c-157c3c25027d 1adec349238242099fdda8f4bfe82da9 d06333598b01481094cd77f48aa7e2fb - - default default] http://[LB_IP_ADDRESS]:8776/v3/d06333598b01481094cd77f48aa7e2fb/group_snapshots/f27f615a-ddce-48f0-bd27-aeaf051127a4 returned with HTTP 200
2024-06-05 06:07:07.717 19 INFO cinder.api.openstack.wsgi [None req-bc3694c6-eee6-465f-8d4b-514d12dd5857 1adec349238242099fdda8f4bfe82da9 d06333598b01481094cd77f48aa7e2fb - - default default] GET http://[LB_IP_ADDRESS]:8776/v3/d06333598b01481094cd77f48aa7e2fb/snapshots/detail
2024-06-05 06:07:07.730 19 INFO cinder.volume.api [None req-bc3694c6-eee6-465f-8d4b-514d12dd5857 1adec349238242099fdda8f4bfe82da9 d06333598b01481094cd77f48aa7e2fb - - default default] Get all snapshots completed successfully.
2024-06-05 06:07:07.733 19 INFO cinder.api.openstack.wsgi [None req-bc3694c6-eee6-465f-8d4b-514d12dd5857 1adec349238242099fdda8f4bfe82da9 d06333598b01481094cd77f48aa7e2fb - - default default] http://[LB_IP_ADDRESS]:8776/v3/d06333598b01481094cd77f48aa7e2fb/snapshots/detail returned with HTTP 200
2024-06-05 06:07:07.751 23 INFO cinder.api.openstack.wsgi [None req-c80c3da5-e702-492a-95b1-9b60d84cda44 1adec349238242099fdda8f4bfe82da9 d06333598b01481094cd77f48aa7e2fb - - default default] GET http://[LB_IP_ADDRESS]:8776/v3/d06333598b01481094cd77f48aa7e2fb/snapshots/e2ea3ae7-ae0b-4723-a98d-dfd4eb72872a
2024-06-05 06:07:07.765 23 INFO cinder.volume.api [None req-c80c3da5-e702-492a-95b1-9b60d84cda44 1adec349238242099fdda8f4bfe82da9 d06333598b01481094cd77f48aa7e2fb - - default default] Snapshot retrieved successfully.
2024-06-05 06:07:07.768 23 INFO cinder.api.openstack.wsgi [None req-c80c3da5-e702-492a-95b1-9b60d84cda44 1adec349238242099fdda8f4bfe82da9 d06333598b01481094cd77f48aa7e2fb - - default default] http://[LB_IP_ADDRESS]:8776/v3/d06333598b01481094cd77f48aa7e2fb/snapshots/e2ea3ae7-ae0b-4723-a98d-dfd4eb72872a returned with HTTP 200
2024-06-05 06:07:07.785 21 INFO cinder.api.openstack.wsgi [None req-10af4da8-a183-4bad-a657-92370dd79759 1adec349238242099fdda8f4bfe82da9 d06333598b01481094cd77f48aa7e2fb - - default default] POST http://[LB_IP_ADDRESS]:8776/v3/d06333598b01481094cd77f48aa7e2fb/groups/action
2024-06-05 06:07:07.790 21 INFO cinder.api.v3.groups [None req-10af4da8-a183-4bad-a657-92370dd79759 1adec349238242099fdda8f4bfe82da9 d06333598b01481094cd77f48aa7e2fb - - default default] Creating group tempest-Group_from_snap-1506973123 from group_snapshot f27f615a-ddce-48f0-bd27-aeaf051127a4.
2024-06-05 06:07:07.902 21 INFO oslo_messaging._drivers.amqpdriver [None req-10af4da8-a183-4bad-a657-92370dd79759 1adec349238242099fdda8f4bfe82da9 d06333598b01481094cd77f48aa7e2fb - - default default] Expecting reply to msg d6262f274fec413d887a53e045950123 in queue reply_36da4c23cbdb41c7bca0a7cc2ab768ca
2024-06-05 06:07:07.923 21 INFO oslo_messaging._drivers.amqpdriver [-] Received RPC response for msg d6262f274fec413d887a53e045950123
2024-06-05 06:07:07.958 21 INFO cinder.group.api [None req-10af4da8-a183-4bad-a657-92370dd79759 1adec349238242099fdda8f4bfe82da9 d06333598b01481094cd77f48aa7e2fb - - default default] A mapping entry already exists for group 843c63ed-b424-420e-86dc-567527c87338 and volume type 016ea142-1614-4bf1-8e91-2db2ae7f1aa8. Do not need to create again.
2024-06-05 06:07:07.967 21 INFO cinder.volume.api [None req-10af4da8-a183-4bad-a657-92370dd79759 1adec349238242099fdda8f4bfe82da9 d06333598b01481094cd77f48aa7e2fb - - default default] Availability Zones retrieved successfully.
