2025-07-04 12:01:43.061 24 INFO cinder.api.openstack.wsgi [None req-2a1db7de-0fc8-47fb-936a-7a892be28412 237ab6cc1081400a96b703ac4f8cc232 f174f83f23b34cf49ecd435e4585929a - - default default] http://[LB_IP_ADDRESS]:8776/v3/f174f83f23b34cf49ecd435e4585929a/groups returned with HTTP 202
2025-07-04 12:01:43.077 23 INFO cinder.api.openstack.wsgi [None req-78e03f40-b11e-449f-83a8-d2cc50a0a3c9 237ab6cc1081400a96b703ac4f8cc232 f174f83f23b34cf49ecd435e4585929a - - default default] GET http://[LB_IP_ADDRESS]:8776/v3/f174f83f23b34cf49ecd435e4585929a/groups/094cc9d0-5a66-493a-afe5-98e8069a5abb
2025-07-04 12:01:43.093 23 INFO cinder.api.openstack.wsgi [None req-78e03f40-b11e-449f-83a8-d2cc50a0a3c9 237ab6cc1081400a96b703ac4f8cc232 f174f83f23b34cf49ecd435e4585929a - - default default] http://[LB_IP_ADDRESS]:8776/v3/f174f83f23b34cf49ecd435e4585929a/groups/094cc9d0-5a66-493a-afe5-98e8069a5abb returned with HTTP 200
2025-07-04 12:01:43.586 25 INFO cinder.volume.api [None req-aa1cba2b-fc1c-4156-8ae7-cb5a0ea2e902 52f805fb9d9849afa7b5fa75350407bf 4fd23d676de847a7acbc1ef14e4b5dc2 - - default default] Transfer volume completed successfully.
2025-07-04 12:01:43.686 25 INFO cinder.transfer.api [None req-aa1cba2b-fc1c-4156-8ae7-cb5a0ea2e902 52f805fb9d9849afa7b5fa75350407bf 4fd23d676de847a7acbc1ef14e4b5dc2 - - default default] Volume fc93b0ee-e31e-42e8-9df1-cd15041a8a05 has been transferred.
2025-07-04 12:01:43.696 25 INFO cinder.api.openstack.wsgi [None req-aa1cba2b-fc1c-4156-8ae7-cb5a0ea2e902 52f805fb9d9849afa7b5fa75350407bf 4fd23d676de847a7acbc1ef14e4b5dc2 - - default default] http://[LB_IP_ADDRESS]:8776/v3/4fd23d676de847a7acbc1ef14e4b5dc2/os-volume-transfer/466f3eca-a5fb-4727-9da1-0c8f75d4e19f/accept returned with HTTP 202
2025-07-04 12:01:43.713 21 INFO cinder.api.openstack.wsgi [None req-94b891be-1d45-4ef7-b073-27e3bb62a49f 52f805fb9d9849afa7b5fa75350407bf 4fd23d676de847a7acbc1ef14e4b5dc2 - - default default] GET http://[LB_IP_ADDRESS]:8776/v3/4fd23d676de847a7acbc1ef14e4b5dc2/volumes/fc93b0ee-e31e-42e8-9df1-cd15041a8a05
2025-07-04 12:01:43.731 21 INFO cinder.volume.api [None req-94b891be-1d45-4ef7-b073-27e3bb62a49f 52f805fb9d9849afa7b5fa75350407bf 4fd23d676de847a7acbc1ef14e4b5dc2 - - default default] Volume info retrieved successfully.
2025-07-04 12:01:43.735 21 INFO cinder.api.openstack.wsgi [None req-94b891be-1d45-4ef7-b073-27e3bb62a49f 52f805fb9d9849afa7b5fa75350407bf 4fd23d676de847a7acbc1ef14e4b5dc2 - - default default] http://[LB_IP_ADDRESS]:8776/v3/4fd23d676de847a7acbc1ef14e4b5dc2/volumes/fc93b0ee-e31e-42e8-9df1-cd15041a8a05 returned with HTTP 200
2025-07-04 12:01:43.766 22 INFO cinder.api.openstack.wsgi [None req-0da44680-7d4d-4548-bd4c-d492e47e3c28 4be8739105ed4e59aadc61c83bdfa1b4 16ab9ee5cbc04338b3d6152330b57612 - - default default] GET http://[LB_IP_ADDRESS]:8776/v3/16ab9ee5cbc04338b3d6152330b57612/os-quota-sets/d56dd3b820a844e88b95dca04d631673?usage=True
2025-07-04 12:01:43.789 22 WARNING cinder.quota [None req-0da44680-7d4d-4548-bd4c-d492e47e3c28 4be8739105ed4e59aadc61c83bdfa1b4 16ab9ee5cbc04338b3d6152330b57612 - - default default] Deprecated: Default quota for resource: volumes_tempest-GroupsV314Test-volume-type-1847439236 is set by the default quota flag: quota_volumes_tempest-GroupsV314Test-volume-type-1847439236, it is now deprecated. Please use the default quota class for default quota.
2025-07-04 12:01:43.789 22 WARNING cinder.quota [None req-0da44680-7d4d-4548-bd4c-d492e47e3c28 4be8739105ed4e59aadc61c83bdfa1b4 16ab9ee5cbc04338b3d6152330b57612 - - default default] Deprecated: Default quota for resource: gigabytes_tempest-GroupsV314Test-volume-type-1847439236 is set by the default quota flag: quota_gigabytes_tempest-GroupsV314Test-volume-type-1847439236, it is now deprecated. Please use the default quota class for default quota.
2025-07-04 12:01:43.789 22 WARNING cinder.quota [None req-0da44680-7d4d-4548-bd4c-d492e47e3c28 4be8739105ed4e59aadc61c83bdfa1b4 16ab9ee5cbc04338b3d6152330b57612 - - default default] Deprecated: Default quota for resource: snapshots_tempest-GroupsV314Test-volume-type-1847439236 is set by the default quota flag: quota_snapshots_tempest-GroupsV314Test-volume-type-1847439236, it is now deprecated. Please use the default quota class for default quota.
2025-07-04 12:01:43.802 22 INFO cinder.api.openstack.wsgi [None req-0da44680-7d4d-4548-bd4c-d492e47e3c28 4be8739105ed4e59aadc61c83bdfa1b4 16ab9ee5cbc04338b3d6152330b57612 - - default default] http://[LB_IP_ADDRESS]:8776/v3/16ab9ee5cbc04338b3d6152330b57612/os-quota-sets/d56dd3b820a844e88b95dca04d631673?usage=True returned with HTTP 200
2025-07-04 12:01:43.830 24 INFO cinder.api.openstack.wsgi [None req-41d0f8ba-7708-4640-9de5-2f9f0afc86ed 4be8739105ed4e59aadc61c83bdfa1b4 16ab9ee5cbc04338b3d6152330b57612 - - default default] GET http://[LB_IP_ADDRESS]:8776/v3/16ab9ee5cbc04338b3d6152330b57612/os-quota-sets/4fd23d676de847a7acbc1ef14e4b5dc2?usage=True
2025-07-04 12:01:43.858 24 WARNING cinder.quota [None req-41d0f8ba-7708-4640-9de5-2f9f0afc86ed 4be8739105ed4e59aadc61c83bdfa1b4 16ab9ee5cbc04338b3d6152330b57612 - - default default] Deprecated: Default quota for resource: volumes_tempest-GroupsV314Test-volume-type-1847439236 is set by the default quota flag: quota_volumes_tempest-GroupsV314Test-volume-type-1847439236, it is now deprecated. Please use the default quota class for default quota.
2025-07-04 12:01:43.858 24 WARNING cinder.quota [None req-41d0f8ba-7708-4640-9de5-2f9f0afc86ed 4be8739105ed4e59aadc61c83bdfa1b4 16ab9ee5cbc04338b3d6152330b57612 - - default default] Deprecated: Default quota for resource: gigabytes_tempest-GroupsV314Test-volume-type-1847439236 is set by the default quota flag: quota_gigabytes_tempest-GroupsV314Test-volume-type-1847439236, it is now deprecated. Please use the default quota class for default quota.
2025-07-04 12:01:43.858 24 WARNING cinder.quota [None req-41d0f8ba-7708-4640-9de5-2f9f0afc86ed 4be8739105ed4e59aadc61c83bdfa1b4 16ab9ee5cbc04338b3d6152330b57612 - - default default] Deprecated: Default quota for resource: snapshots_tempest-GroupsV314Test-volume-type-1847439236 is set by the default quota flag: quota_snapshots_tempest-GroupsV314Test-volume-type-1847439236, it is now deprecated. Please use the default quota class for default quota.
2025-07-04 12:01:43.871 24 INFO cinder.api.openstack.wsgi [None req-41d0f8ba-7708-4640-9de5-2f9f0afc86ed 4be8739105ed4e59aadc61c83bdfa1b4 16ab9ee5cbc04338b3d6152330b57612 - - default default] http://[LB_IP_ADDRESS]:8776/v3/16ab9ee5cbc04338b3d6152330b57612/os-quota-sets/4fd23d676de847a7acbc1ef14e4b5dc2?usage=True returned with HTTP 200
2025-07-04 12:01:43.895 23 INFO cinder.api.openstack.wsgi [None req-2e7ad505-c432-49fe-bb06-f2c76c25c65f 4be8739105ed4e59aadc61c83bdfa1b4 16ab9ee5cbc04338b3d6152330b57612 - - default default] DELETE http://[LB_IP_ADDRESS]:8776/v3/16ab9ee5cbc04338b3d6152330b57612/volumes/fc93b0ee-e31e-42e8-9df1-cd15041a8a05
2025-07-04 12:01:43.897 23 INFO cinder.api.v3.volumes [None req-2e7ad505-c432-49fe-bb06-f2c76c25c65f 4be8739105ed4e59aadc61c83bdfa1b4 16ab9ee5cbc04338b3d6152330b57612 - - default default] Delete volume with id: fc93b0ee-e31e-42e8-9df1-cd15041a8a05 
2025-07-04 12:01:43.921 23 INFO cinder.volume.api [None req-2e7ad505-c432-49fe-bb06-f2c76c25c65f 4be8739105ed4e59aadc61c83bdfa1b4 16ab9ee5cbc04338b3d6152330b57612 - - default default] Volume info retrieved successfully.
2025-07-04 12:01:43.947 23 INFO cinder.volume.api [None req-2e7ad505-c432-49fe-bb06-f2c76c25c65f 4be8739105ed4e59aadc61c83bdfa1b4 16ab9ee5cbc04338b3d6152330b57612 - - default default] Delete volume request issued successfully.
2025-07-04 12:01:43.947 23 INFO cinder.api.openstack.wsgi [None req-2e7ad505-c432-49fe-bb06-f2c76c25c65f 4be8739105ed4e59aadc61c83bdfa1b4 16ab9ee5cbc04338b3d6152330b57612 - - default default] http://[LB_IP_ADDRESS]:8776/v3/16ab9ee5cbc04338b3d6152330b57612/volumes/fc93b0ee-e31e-42e8-9df1-cd15041a8a05 returned with HTTP 202
2025-07-04 12:01:43.963 25 INFO cinder.api.openstack.wsgi [None req-e7ac99e6-0988-450a-868d-ef05832c1af3 4be8739105ed4e59aadc61c83bdfa1b4 16ab9ee5cbc04338b3d6152330b57612 - - default default] GET http://[LB_IP_ADDRESS]:8776/v3/16ab9ee5cbc04338b3d6152330b57612/volumes/fc93b0ee-e31e-42e8-9df1-cd15041a8a05
2025-07-04 12:01:43.985 25 INFO cinder.volume.api [None req-e7ac99e6-0988-450a-868d-ef05832c1af3 4be8739105ed4e59aadc61c83bdfa1b4 16ab9ee5cbc04338b3d6152330b57612 - - default default] Volume info retrieved successfully.
2025-07-04 12:01:43.990 25 INFO cinder.api.openstack.wsgi [None req-e7ac99e6-0988-450a-868d-ef05832c1af3 4be8739105ed4e59aadc61c83bdfa1b4 16ab9ee5cbc04338b3d6152330b57612 - - default default] http://[LB_IP_ADDRESS]:8776/v3/16ab9ee5cbc04338b3d6152330b57612/volumes/fc93b0ee-e31e-42e8-9df1-cd15041a8a05 returned with HTTP 200
2025-07-04 12:01:44.113 21 INFO cinder.api.openstack.wsgi [None req-0a1717ef-115f-4acb-a3e2-b3438f64d4f2 237ab6cc1081400a96b703ac4f8cc232 f174f83f23b34cf49ecd435e4585929a - - default default] GET http://[LB_IP_ADDRESS]:8776/v3/f174f83f23b34cf49ecd435e4585929a/groups/094cc9d0-5a66-493a-afe5-98e8069a5abb
2025-07-04 12:01:44.137 21 INFO cinder.api.openstack.wsgi [None req-0a1717ef-115f-4acb-a3e2-b3438f64d4f2 237ab6cc1081400a96b703ac4f8cc232 f174f83f23b34cf49ecd435e4585929a - - default default] http://[LB_IP_ADDRESS]:8776/v3/f174f83f23b34cf49ecd435e4585929a/groups/094cc9d0-5a66-493a-afe5-98e8069a5abb returned with HTTP 200
2025-07-04 12:01:44.156 22 INFO cinder.api.openstack.wsgi [None req-99ba7683-83b2-43e3-8f04-4fd5b9b20b8f 237ab6cc1081400a96b703ac4f8cc232 f174f83f23b34cf49ecd435e4585929a - - default default] POST http://[LB_IP_ADDRESS]:8776/v3/f174f83f23b34cf49ecd435e4585929a/volumes
2025-07-04 12:01:44.169 22 INFO cinder.api.v3.volumes [None req-99ba7683-83b2-43e3-8f04-4fd5b9b20b8f 237ab6cc1081400a96b703ac4f8cc232 f174f83f23b34cf49ecd435e4585929a - - default default] Create volume of 1 GB
2025-07-04 12:01:44.175 22 INFO cinder.volume.api [None req-99ba7683-83b2-43e3-8f04-4fd5b9b20b8f 237ab6cc1081400a96b703ac4f8cc232 f174f83f23b34cf49ecd435e4585929a - - default default] Availability Zones retrieved successfully.
2025-07-04 12:01:44.292 22 INFO cinder.volume.api [None req-99ba7683-83b2-43e3-8f04-4fd5b9b20b8f 237ab6cc1081400a96b703ac4f8cc232 f174f83f23b34cf49ecd435e4585929a - - default default] Create volume request issued successfully.
2025-07-04 12:01:44.304 22 INFO cinder.api.openstack.wsgi [None req-99ba7683-83b2-43e3-8f04-4fd5b9b20b8f 237ab6cc1081400a96b703ac4f8cc232 f174f83f23b34cf49ecd435e4585929a - - default default] http://[LB_IP_ADDRESS]:8776/v3/f174f83f23b34cf49ecd435e4585929a/volumes returned with HTTP 202
2025-07-04 12:01:44.331 24 INFO cinder.api.openstack.wsgi [None req-06ef5c4d-5067-4288-90d6-0ae259aa8aba 237ab6cc1081400a96b703ac4f8cc232 f174f83f23b34cf49ecd435e4585929a - - default default] GET http://[LB_IP_ADDRESS]:8776/v3/f174f83f23b34cf49ecd435e4585929a/volumes/867e8133-6b36-44fd-a534-3b4d30f95c38
2025-07-04 12:01:44.351 24 INFO cinder.volume.api [None req-06ef5c4d-5067-4288-90d6-0ae259aa8aba 237ab6cc1081400a96b703ac4f8cc232 f174f83f23b34cf49ecd435e4585929a - - default default] Volume info retrieved successfully.
2025-07-04 12:01:44.366 24 INFO cinder.api.openstack.wsgi [None req-06ef5c4d-5067-4288-90d6-0ae259aa8aba 237ab6cc1081400a96b703ac4f8cc232 f174f83f23b34cf49ecd435e4585929a - - default default] http://[LB_IP_ADDRESS]:8776/v3/f174f83f23b34cf49ecd435e4585929a/volumes/867e8133-6b36-44fd-a534-3b4d30f95c38 returned with HTTP 200
2025-07-04 12:01:45.019 23 INFO cinder.api.openstack.wsgi [None req-99285e1b-a279-4aa5-b535-4e4e8ad7eb9e 4be8739105ed4e59aadc61c83bdfa1b4 16ab9ee5cbc04338b3d6152330b57612 - - default default] GET http://[LB_IP_ADDRESS]:8776/v3/16ab9ee5cbc04338b3d6152330b57612/volumes/fc93b0ee-e31e-42e8-9df1-cd15041a8a05
2025-07-04 12:01:45.033 23 INFO cinder.api.openstack.wsgi [None req-99285e1b-a279-4aa5-b535-4e4e8ad7eb9e 4be8739105ed4e59aadc61c83bdfa1b4 16ab9ee5cbc04338b3d6152330b57612 - - default default] http://[LB_IP_ADDRESS]:8776/v3/16ab9ee5cbc04338b3d6152330b57612/volumes/fc93b0ee-e31e-42e8-9df1-cd15041a8a05 returned with HTTP 404
2025-07-04 12:01:45.046 25 INFO cinder.api.openstack.wsgi [None req-e89a32dc-1141-4514-bfca-ce4f46f4e677 0d2b4ff8a2a046ab8ccb14d70809f156 d56dd3b820a844e88b95dca04d631673 - - default default] GET http://[LB_IP_ADDRESS]:8776/v3/d56dd3b820a844e88b95dca04d631673/volumes/fc93b0ee-e31e-42e8-9df1-cd15041a8a05
2025-07-04 12:01:45.064 25 INFO cinder.api.openstack.wsgi [None req-e89a32dc-1141-4514-bfca-ce4f46f4e677 0d2b4ff8a2a046ab8ccb14d70809f156 d56dd3b820a844e88b95dca04d631673 - - default default] http://[LB_IP_ADDRESS]:8776/v3/d56dd3b820a844e88b95dca04d631673/volumes/fc93b0ee-e31e-42e8-9df1-cd15041a8a05 returned with HTTP 404
2025-07-04 12:01:45.079 21 INFO cinder.api.openstack.wsgi [None req-4a4b13ef-fb51-47fb-b4d5-34d54606c8ed 0d2b4ff8a2a046ab8ccb14d70809f156 d56dd3b820a844e88b95dca04d631673 - - default default] DELETE http://[LB_IP_ADDRESS]:8776/v3/d56dd3b820a844e88b95dca04d631673/volumes/fc93b0ee-e31e-42e8-9df1-cd15041a8a05
2025-07-04 12:01:45.080 21 INFO cinder.api.v3.volumes [None req-4a4b13ef-fb51-47fb-b4d5-34d54606c8ed 0d2b4ff8a2a046ab8ccb14d70809f156 d56dd3b820a844e88b95dca04d631673 - - default default] Delete volume with id: fc93b0ee-e31e-42e8-9df1-cd15041a8a05 
2025-07-04 12:01:45.090 21 INFO cinder.api.openstack.wsgi [None req-4a4b13ef-fb51-47fb-b4d5-34d54606c8ed 0d2b4ff8a2a046ab8ccb14d70809f156 d56dd3b820a844e88b95dca04d631673 - - default default] http://[LB_IP_ADDRESS]:8776/v3/d56dd3b820a844e88b95dca04d631673/volumes/fc93b0ee-e31e-42e8-9df1-cd15041a8a05 returned with HTTP 404
2025-07-04 12:01:45.109 22 INFO cinder.api.openstack.wsgi [None req-7bae5572-43dc-4b69-b47f-1e16b5915144 4be8739105ed4e59aadc61c83bdfa1b4 16ab9ee5cbc04338b3d6152330b57612 - - default default] GET http://[LB_IP_ADDRESS]:8776/v3/16ab9ee5cbc04338b3d6152330b57612/os-quota-sets/16ab9ee5cbc04338b3d6152330b57612?usage=True
2025-07-04 12:01:45.155 22 INFO cinder.api.openstack.wsgi [None req-7bae5572-43dc-4b69-b47f-1e16b5915144 4be8739105ed4e59aadc61c83bdfa1b4 16ab9ee5cbc04338b3d6152330b57612 - - default default] http://[LB_IP_ADDRESS]:8776/v3/16ab9ee5cbc04338b3d6152330b57612/os-quota-sets/16ab9ee5cbc04338b3d6152330b57612?usage=True returned with HTTP 200
2025-07-04 12:01:45.185 24 INFO cinder.api.openstack.wsgi [None req-16853978-6a71-4564-99c3-098a750d8e16 4be8739105ed4e59aadc61c83bdfa1b4 16ab9ee5cbc04338b3d6152330b57612 - - default default] PUT http://[LB_IP_ADDRESS]:8776/v3/16ab9ee5cbc04338b3d6152330b57612/os-quota-sets/d56dd3b820a844e88b95dca04d631673
2025-07-04 12:01:45.300 24 INFO cinder.api.openstack.wsgi [None req-16853978-6a71-4564-99c3-098a750d8e16 4be8739105ed4e59aadc61c83bdfa1b4 16ab9ee5cbc04338b3d6152330b57612 - - default default] http://[LB_IP_ADDRESS]:8776/v3/16ab9ee5cbc04338b3d6152330b57612/os-quota-sets/d56dd3b820a844e88b95dca04d631673 returned with HTTP 200
2025-07-04 12:01:45.318 23 INFO cinder.api.openstack.wsgi [None req-fd93662b-6898-48e1-ac96-e6bc552c2a9d 4be8739105ed4e59aadc61c83bdfa1b4 16ab9ee5cbc04338b3d6152330b57612 - - default default] PUT http://[LB_IP_ADDRESS]:8776/v3/16ab9ee5cbc04338b3d6152330b57612/os-quota-sets/d56dd3b820a844e88b95dca04d631673
2025-07-04 12:01:45.397 25 INFO cinder.api.openstack.wsgi [None req-49707de4-638d-4749-9f07-f75346ef3c80 237ab6cc1081400a96b703ac4f8cc232 f174f83f23b34cf49ecd435e4585929a - - default default] GET http://[LB_IP_ADDRESS]:8776/v3/f174f83f23b34cf49ecd435e4585929a/volumes/867e8133-6b36-44fd-a534-3b4d30f95c38
2025-07-04 12:01:45.415 23 WARNING cinder.quota [None req-fd93662b-6898-48e1-ac96-e6bc552c2a9d 4be8739105ed4e59aadc61c83bdfa1b4 16ab9ee5cbc04338b3d6152330b57612 - - default default] Deprecated: Default quota for resource: volumes_tempest-GroupsV314Test-volume-type-1847439236 is set by the default quota flag: quota_volumes_tempest-GroupsV314Test-volume-type-1847439236, it is now deprecated. Please use the default quota class for default quota.
2025-07-04 12:01:45.416 23 WARNING cinder.quota [None req-fd93662b-6898-48e1-ac96-e6bc552c2a9d 4be8739105ed4e59aadc61c83bdfa1b4 16ab9ee5cbc04338b3d6152330b57612 - - default default] Deprecated: Default quota for resource: gigabytes_tempest-GroupsV314Test-volume-type-1847439236 is set by the default quota flag: quota_gigabytes_tempest-GroupsV314Test-volume-type-1847439236, it is now deprecated. Please use the default quota class for default quota.
2025-07-04 12:01:45.416 23 WARNING cinder.quota [None req-fd93662b-6898-48e1-ac96-e6bc552c2a9d 4be8739105ed4e59aadc61c83bdfa1b4 16ab9ee5cbc04338b3d6152330b57612 - - default default] Deprecated: Default quota for resource: snapshots_tempest-GroupsV314Test-volume-type-1847439236 is set by the default quota flag: quota_snapshots_tempest-GroupsV314Test-volume-type-1847439236, it is now deprecated. Please use the default quota class for default quota.
2025-07-04 12:01:45.419 25 INFO cinder.volume.api [None req-49707de4-638d-4749-9f07-f75346ef3c80 237ab6cc1081400a96b703ac4f8cc232 f174f83f23b34cf49ecd435e4585929a - - default default] Volume info retrieved successfully.
2025-07-04 12:01:45.429 23 INFO cinder.api.openstack.wsgi [None req-fd93662b-6898-48e1-ac96-e6bc552c2a9d 4be8739105ed4e59aadc61c83bdfa1b4 16ab9ee5cbc04338b3d6152330b57612 - - default default] http://[LB_IP_ADDRESS]:8776/v3/16ab9ee5cbc04338b3d6152330b57612/os-quota-sets/d56dd3b820a844e88b95dca04d631673 returned with HTTP 200
2025-07-04 12:01:45.443 25 INFO cinder.api.openstack.wsgi [None req-49707de4-638d-4749-9f07-f75346ef3c80 237ab6cc1081400a96b703ac4f8cc232 f174f83f23b34cf49ecd435e4585929a - - default default] http://[LB_IP_ADDRESS]:8776/v3/f174f83f23b34cf49ecd435e4585929a/volumes/867e8133-6b36-44fd-a534-3b4d30f95c38 returned with HTTP 200
2025-07-04 12:01:45.527 21 INFO cinder.api.openstack.wsgi [None req-d9df1c42-a48e-456a-b95c-4b2dbf5f7d97 5e67b6f75c484cf69a6ec6866c9ed1c5 0da42070027f493db1ee76b2e1396f39 - - default default] GET http://[LB_IP_ADDRESS]:8776/v3/0da42070027f493db1ee76b2e1396f39/os-quota-class-sets/default
2025-07-04 12:01:45.557 21 INFO cinder.api.openstack.wsgi [None req-d9df1c42-a48e-456a-b95c-4b2dbf5f7d97 5e67b6f75c484cf69a6ec6866c9ed1c5 0da42070027f493db1ee76b2e1396f39 - - default default] http://[LB_IP_ADDRESS]:8776/v3/0da42070027f493db1ee76b2e1396f39/os-quota-class-sets/default returned with HTTP 200
2025-07-04 12:01:45.579 22 INFO cinder.api.openstack.wsgi [None req-40f05cef-c594-4946-ae92-1dcf78193904 5e67b6f75c484cf69a6ec6866c9ed1c5 0da42070027f493db1ee76b2e1396f39 - - default default] GET http://[LB_IP_ADDRESS]:8776/v3/0da42070027f493db1ee76b2e1396f39/os-quota-class-sets/default
2025-07-04 12:01:45.614 22 INFO cinder.api.openstack.wsgi [None req-40f05cef-c594-4946-ae92-1dcf78193904 5e67b6f75c484cf69a6ec6866c9ed1c5 0da42070027f493db1ee76b2e1396f39 - - default default] http://[LB_IP_ADDRESS]:8776/v3/0da42070027f493db1ee76b2e1396f39/os-quota-class-sets/default returned with HTTP 200
2025-07-04 12:01:45.631 24 INFO cinder.api.openstack.wsgi [None req-0ffc486a-8c47-4be4-bc95-3361c72b5b64 5e67b6f75c484cf69a6ec6866c9ed1c5 0da42070027f493db1ee76b2e1396f39 - - default default] POST http://[LB_IP_ADDRESS]:8776/v3/0da42070027f493db1ee76b2e1396f39/types
2025-07-04 12:01:45.651 24 INFO cinder.api.openstack.wsgi [None req-0ffc486a-8c47-4be4-bc95-3361c72b5b64 5e67b6f75c484cf69a6ec6866c9ed1c5 0da42070027f493db1ee76b2e1396f39 - - default default] http://[LB_IP_ADDRESS]:8776/v3/0da42070027f493db1ee76b2e1396f39/types returned with HTTP 200
2025-07-04 12:01:45.674 23 INFO cinder.api.openstack.wsgi [None req-f48a3715-6fb1-4c66-aa4d-29d13795e30d 5e67b6f75c484cf69a6ec6866c9ed1c5 0da42070027f493db1ee76b2e1396f39 - - default default] PUT http://[LB_IP_ADDRESS]:8776/v3/0da42070027f493db1ee76b2e1396f39/os-quota-class-sets/default
2025-07-04 12:01:45.792 23 INFO cinder.api.openstack.wsgi [None req-f48a3715-6fb1-4c66-aa4d-29d13795e30d 5e67b6f75c484cf69a6ec6866c9ed1c5 0da42070027f493db1ee76b2e1396f39 - - default default] http://[LB_IP_ADDRESS]:8776/v3/0da42070027f493db1ee76b2e1396f39/os-quota-class-sets/default returned with HTTP 200
2025-07-04 12:01:45.806 25 INFO cinder.api.openstack.wsgi [None req-27400ae5-a51d-4222-ac30-607700f94449 5e67b6f75c484cf69a6ec6866c9ed1c5 0da42070027f493db1ee76b2e1396f39 - - default default] GET http://[LB_IP_ADDRESS]:8776/v3/0da42070027f493db1ee76b2e1396f39/os-quota-sets/0da42070027f493db1ee76b2e1396f39/defaults
2025-07-04 12:01:45.831 25 WARNING cinder.quota [None req-27400ae5-a51d-4222-ac30-607700f94449 5e67b6f75c484cf69a6ec6866c9ed1c5 0da42070027f493db1ee76b2e1396f39 - - default default] Deprecated: Default quota for resource: volumes_tempest-GroupsV314Test-volume-type-1847439236 is set by the default quota flag: quota_volumes_tempest-GroupsV314Test-volume-type-1847439236, it is now deprecated. Please use the default quota class for default quota.
2025-07-04 12:01:45.832 25 WARNING cinder.quota [None req-27400ae5-a51d-4222-ac30-607700f94449 5e67b6f75c484cf69a6ec6866c9ed1c5 0da42070027f493db1ee76b2e1396f39 - - default default] Deprecated: Default quota for resource: gigabytes_tempest-GroupsV314Test-volume-type-1847439236 is set by the default quota flag: quota_gigabytes_tempest-GroupsV314Test-volume-type-1847439236, it is now deprecated. Please use the default quota class for default quota.
2025-07-04 12:01:45.832 25 WARNING cinder.quota [None req-27400ae5-a51d-4222-ac30-607700f94449 5e67b6f75c484cf69a6ec6866c9ed1c5 0da42070027f493db1ee76b2e1396f39 - - default default] Deprecated: Default quota for resource: snapshots_tempest-GroupsV314Test-volume-type-1847439236 is set by the default quota flag: quota_snapshots_tempest-GroupsV314Test-volume-type-1847439236, it is now deprecated. Please use the default quota class for default quota.
2025-07-04 12:01:45.840 25 INFO cinder.api.openstack.wsgi [None req-27400ae5-a51d-4222-ac30-607700f94449 5e67b6f75c484cf69a6ec6866c9ed1c5 0da42070027f493db1ee76b2e1396f39 - - default default] http://[LB_IP_ADDRESS]:8776/v3/0da42070027f493db1ee76b2e1396f39/os-quota-sets/0da42070027f493db1ee76b2e1396f39/defaults returned with HTTP 200
2025-07-04 12:01:46.142 21 INFO cinder.api.openstack.wsgi [None req-643bf426-d536-47d1-991f-a8f3515e2e76 5e67b6f75c484cf69a6ec6866c9ed1c5 0da42070027f493db1ee76b2e1396f39 - - default default] GET http://[LB_IP_ADDRESS]:8776/v3/0da42070027f493db1ee76b2e1396f39/os-quota-sets/57ac39abd2434f0886225cce88c3bdc3/defaults
2025-07-04 12:01:46.157 21 WARNING cinder.quota [None req-643bf426-d536-47d1-991f-a8f3515e2e76 5e67b6f75c484cf69a6ec6866c9ed1c5 0da42070027f493db1ee76b2e1396f39 - - default default] Deprecated: Default quota for resource: volumes_tempest-GroupsV314Test-volume-type-1847439236 is set by the default quota flag: quota_volumes_tempest-GroupsV314Test-volume-type-1847439236, it is now deprecated. Please use the default quota class for default quota.
2025-07-04 12:01:46.157 21 WARNING cinder.quota [None req-643bf426-d536-47d1-991f-a8f3515e2e76 5e67b6f75c484cf69a6ec6866c9ed1c5 0da42070027f493db1ee76b2e1396f39 - - default default] Deprecated: Default quota for resource: gigabytes_tempest-GroupsV314Test-volume-type-1847439236 is set by the default quota flag: quota_gigabytes_tempest-GroupsV314Test-volume-type-1847439236, it is now deprecated. Please use the default quota class for default quota.
2025-07-04 12:01:46.158 21 WARNING cinder.quota [None req-643bf426-d536-47d1-991f-a8f3515e2e76 5e67b6f75c484cf69a6ec6866c9ed1c5 0da42070027f493db1ee76b2e1396f39 - - default default] Deprecated: Default quota for resource: snapshots_tempest-GroupsV314Test-volume-type-1847439236 is set by the default quota flag: quota_snapshots_tempest-GroupsV314Test-volume-type-1847439236, it is now deprecated. Please use the default quota class for default quota.
2025-07-04 12:01:46.164 21 INFO cinder.api.openstack.wsgi [None req-643bf426-d536-47d1-991f-a8f3515e2e76 5e67b6f75c484cf69a6ec6866c9ed1c5 0da42070027f493db1ee76b2e1396f39 - - default default] http://[LB_IP_ADDRESS]:8776/v3/0da42070027f493db1ee76b2e1396f39/os-quota-sets/57ac39abd2434f0886225cce88c3bdc3/defaults returned with HTTP 200
2025-07-04 12:01:46.246 22 INFO cinder.api.openstack.wsgi [None req-59c1735d-01b3-4807-88d5-8239459d032e 5e67b6f75c484cf69a6ec6866c9ed1c5 0da42070027f493db1ee76b2e1396f39 - - default default] DELETE http://[LB_IP_ADDRESS]:8776/v3/0da42070027f493db1ee76b2e1396f39/types/ea9bb2c0-2c5a-4d2e-865d-7de138115364
2025-07-04 12:01:46.277 22 INFO cinder.api.openstack.wsgi [None req-59c1735d-01b3-4807-88d5-8239459d032e 5e67b6f75c484cf69a6ec6866c9ed1c5 0da42070027f493db1ee76b2e1396f39 - - default default] http://[LB_IP_ADDRESS]:8776/v3/0da42070027f493db1ee76b2e1396f39/types/ea9bb2c0-2c5a-4d2e-865d-7de138115364 returned with HTTP 202
2025-07-04 12:01:46.289 24 INFO cinder.api.openstack.wsgi [None req-c4621b98-a02d-4757-97a9-ecd8145aa7e6 5e67b6f75c484cf69a6ec6866c9ed1c5 0da42070027f493db1ee76b2e1396f39 - - default default] GET http://[LB_IP_ADDRESS]:8776/v3/0da42070027f493db1ee76b2e1396f39/types/ea9bb2c0-2c5a-4d2e-865d-7de138115364
2025-07-04 12:01:46.295 24 INFO cinder.api.openstack.wsgi [None req-c4621b98-a02d-4757-97a9-ecd8145aa7e6 5e67b6f75c484cf69a6ec6866c9ed1c5 0da42070027f493db1ee76b2e1396f39 - - default default] http://[LB_IP_ADDRESS]:8776/v3/0da42070027f493db1ee76b2e1396f39/types/ea9bb2c0-2c5a-4d2e-865d-7de138115364 returned with HTTP 404
2025-07-04 12:01:46.312 23 INFO cinder.api.openstack.wsgi [None req-e0a79af0-006e-49cf-9b3b-3385d9c52449 5e67b6f75c484cf69a6ec6866c9ed1c5 0da42070027f493db1ee76b2e1396f39 - - default default] PUT http://[LB_IP_ADDRESS]:8776/v3/0da42070027f493db1ee76b2e1396f39/os-quota-class-sets/default
2025-07-04 12:01:46.393 23 INFO cinder.api.openstack.wsgi [None req-e0a79af0-006e-49cf-9b3b-3385d9c52449 5e67b6f75c484cf69a6ec6866c9ed1c5 0da42070027f493db1ee76b2e1396f39 - - default default] http://[LB_IP_ADDRESS]:8776/v3/0da42070027f493db1ee76b2e1396f39/os-quota-class-sets/default returned with HTTP 200
2025-07-04 12:01:46.474 25 INFO cinder.api.openstack.wsgi [None req-9b2c5336-e92a-46fc-b765-3c09d0940b38 237ab6cc1081400a96b703ac4f8cc232 f174f83f23b34cf49ecd435e4585929a - - default default] GET http://[LB_IP_ADDRESS]:8776/v3/f174f83f23b34cf49ecd435e4585929a/volumes/867e8133-6b36-44fd-a534-3b4d30f95c38
2025-07-04 12:01:46.498 25 INFO cinder.volume.api [None req-9b2c5336-e92a-46fc-b765-3c09d0940b38 237ab6cc1081400a96b703ac4f8cc232 f174f83f23b34cf49ecd435e4585929a - - default default] Volume info retrieved successfully.
2025-07-04 12:01:46.521 25 INFO cinder.api.openstack.wsgi [None req-9b2c5336-e92a-46fc-b765-3c09d0940b38 237ab6cc1081400a96b703ac4f8cc232 f174f83f23b34cf49ecd435e4585929a - - default default] http://[LB_IP_ADDRESS]:8776/v3/f174f83f23b34cf49ecd435e4585929a/volumes/867e8133-6b36-44fd-a534-3b4d30f95c38 returned with HTTP 200
2025-07-04 12:01:46.551 21 INFO cinder.api.openstack.wsgi [None req-20c7b02a-d34c-4ca1-aa80-7cd43f25d373 237ab6cc1081400a96b703ac4f8cc232 f174f83f23b34cf49ecd435e4585929a - - default default] POST http://[LB_IP_ADDRESS]:8776/v3/f174f83f23b34cf49ecd435e4585929a/groups/action
2025-07-04 12:01:46.555 21 INFO cinder.api.v3.groups [None req-20c7b02a-d34c-4ca1-aa80-7cd43f25d373 237ab6cc1081400a96b703ac4f8cc232 f174f83f23b34cf49ecd435e4585929a - - default default] Creating group tempest-Group_from_grp-1366226733 from source group 094cc9d0-5a66-493a-afe5-98e8069a5abb.
2025-07-04 12:01:47.141 21 INFO cinder.group.api [None req-20c7b02a-d34c-4ca1-aa80-7cd43f25d373 237ab6cc1081400a96b703ac4f8cc232 f174f83f23b34cf49ecd435e4585929a - - default default] A mapping entry already exists for group d373146e-6e98-4220-be6d-50bfe5e91df8 and volume type f16ab82c-8d4a-446c-880b-fe2e6ab18afc. Do not need to create again.
2025-07-04 12:01:47.142 21 INFO cinder.volume.api [None req-20c7b02a-d34c-4ca1-aa80-7cd43f25d373 237ab6cc1081400a96b703ac4f8cc232 f174f83f23b34cf49ecd435e4585929a - - default default] Availability Zones retrieved successfully.
2025-07-04 12:01:47.241 21 INFO cinder.volume.api [None req-20c7b02a-d34c-4ca1-aa80-7cd43f25d373 237ab6cc1081400a96b703ac4f8cc232 f174f83f23b34cf49ecd435e4585929a - - default default] Create volume request issued successfully.
2025-07-04 12:01:47.255 21 INFO cinder.api.openstack.wsgi [None req-20c7b02a-d34c-4ca1-aa80-7cd43f25d373 237ab6cc1081400a96b703ac4f8cc232 f174f83f23b34cf49ecd435e4585929a - - default default] http://[LB_IP_ADDRESS]:8776/v3/f174f83f23b34cf49ecd435e4585929a/groups/action returned with HTTP 202
2025-07-04 12:01:47.267 22 INFO cinder.api.openstack.wsgi [None req-0d5bd338-6fa7-460a-a020-66a17f827829 237ab6cc1081400a96b703ac4f8cc232 f174f83f23b34cf49ecd435e4585929a - - default default] GET http://[LB_IP_ADDRESS]:8776/v3/f174f83f23b34cf49ecd435e4585929a/volumes/detail
2025-07-04 12:01:47.296 22 INFO cinder.volume.api [None req-0d5bd338-6fa7-460a-a020-66a17f827829 237ab6cc1081400a96b703ac4f8cc232 f174f83f23b34cf49ecd435e4585929a - - default default] Get all volumes completed successfully.
2025-07-04 12:01:47.323 22 INFO cinder.api.openstack.wsgi [None req-0d5bd338-6fa7-460a-a020-66a17f827829 237ab6cc1081400a96b703ac4f8cc232 f174f83f23b34cf49ecd435e4585929a - - default default] http://[LB_IP_ADDRESS]:8776/v3/f174f83f23b34cf49ecd435e4585929a/volumes/detail returned with HTTP 200
2025-07-04 12:01:47.353 24 INFO cinder.api.openstack.wsgi [None req-62fef458-ed3b-4a62-b0db-b7365f362e27 237ab6cc1081400a96b703ac4f8cc232 f174f83f23b34cf49ecd435e4585929a - - default default] GET http://[LB_IP_ADDRESS]:8776/v3/f174f83f23b34cf49ecd435e4585929a/volumes/22c871cc-dd5d-4af8-9249-c7bad16e8891
2025-07-04 12:01:47.372 24 INFO cinder.volume.api [None req-62fef458-ed3b-4a62-b0db-b7365f362e27 237ab6cc1081400a96b703ac4f8cc232 f174f83f23b34cf49ecd435e4585929a - - default default] Volume info retrieved successfully.
2025-07-04 12:01:47.389 24 INFO cinder.api.openstack.wsgi [None req-62fef458-ed3b-4a62-b0db-b7365f362e27 237ab6cc1081400a96b703ac4f8cc232 f174f83f23b34cf49ecd435e4585929a - - default default] http://[LB_IP_ADDRESS]:8776/v3/f174f83f23b34cf49ecd435e4585929a/volumes/22c871cc-dd5d-4af8-9249-c7bad16e8891 returned with HTTP 200
2025-07-04 12:01:48.414 23 INFO cinder.api.openstack.wsgi [None req-0821a253-6eb5-49eb-8512-ab79e346ba60 237ab6cc1081400a96b703ac4f8cc232 f174f83f23b34cf49ecd435e4585929a - - default default] GET http://[LB_IP_ADDRESS]:8776/v3/f174f83f23b34cf49ecd435e4585929a/volumes/22c871cc-dd5d-4af8-9249-c7bad16e8891
2025-07-04 12:01:48.434 23 INFO cinder.volume.api [None req-0821a253-6eb5-49eb-8512-ab79e346ba60 237ab6cc1081400a96b703ac4f8cc232 f174f83f23b34cf49ecd435e4585929a - - default default] Volume info retrieved successfully.
2025-07-04 12:01:48.458 23 INFO cinder.api.openstack.wsgi [None req-0821a253-6eb5-49eb-8512-ab79e346ba60 237ab6cc1081400a96b703ac4f8cc232 f174f83f23b34cf49ecd435e4585929a - - default default] http://[LB_IP_ADDRESS]:8776/v3/f174f83f23b34cf49ecd435e4585929a/volumes/22c871cc-dd5d-4af8-9249-c7bad16e8891 returned with HTTP 200
2025-07-04 12:01:49.273 25 INFO cinder.api.openstack.wsgi [None req-e1c9d255-04af-4c80-818c-ba5c525e7442 d1a8d0b2d0624896903ce19794c67351 5752c051ded049ae8dee2bf0b3b0eeee - - default default] GET http://[LB_IP_ADDRESS]:8776/v3/5752c051ded049ae8dee2bf0b3b0eeee/os-quota-sets/ef0cffa2393c41e2a77ded8ab3e5d372
2025-07-04 12:01:49.307 25 INFO cinder.api.openstack.wsgi [None req-e1c9d255-04af-4c80-818c-ba5c525e7442 d1a8d0b2d0624896903ce19794c67351 5752c051ded049ae8dee2bf0b3b0eeee - - default default] http://[LB_IP_ADDRESS]:8776/v3/5752c051ded049ae8dee2bf0b3b0eeee/os-quota-sets/ef0cffa2393c41e2a77ded8ab3e5d372 returned with HTTP 200
2025-07-04 12:01:49.432 21 INFO cinder.api.openstack.wsgi [None req-33e175f9-d9d2-49f9-b78c-eb05b02f6501 94a60470770c47358a5381806a944b61 ef0cffa2393c41e2a77ded8ab3e5d372 - - default default] POST http://[LB_IP_ADDRESS]:8776/v3/ef0cffa2393c41e2a77ded8ab3e5d372/volumes
2025-07-04 12:01:49.434 21 INFO cinder.api.v3.volumes [None req-33e175f9-d9d2-49f9-b78c-eb05b02f6501 94a60470770c47358a5381806a944b61 ef0cffa2393c41e2a77ded8ab3e5d372 - - default default] Create volume of 1 GB
2025-07-04 12:01:49.442 21 INFO cinder.volume.api [None req-33e175f9-d9d2-49f9-b78c-eb05b02f6501 94a60470770c47358a5381806a944b61 ef0cffa2393c41e2a77ded8ab3e5d372 - - default default] Availability Zones retrieved successfully.
2025-07-04 12:01:49.485 22 INFO cinder.api.openstack.wsgi [None req-60cc0a95-3ea8-4587-8604-66b528f8279c 237ab6cc1081400a96b703ac4f8cc232 f174f83f23b34cf49ecd435e4585929a - - default default] GET http://[LB_IP_ADDRESS]:8776/v3/f174f83f23b34cf49ecd435e4585929a/volumes/22c871cc-dd5d-4af8-9249-c7bad16e8891
2025-07-04 12:01:49.504 22 INFO cinder.volume.api [None req-60cc0a95-3ea8-4587-8604-66b528f8279c 237ab6cc1081400a96b703ac4f8cc232 f174f83f23b34cf49ecd435e4585929a - - default default] Volume info retrieved successfully.
2025-07-04 12:01:49.521 22 INFO cinder.api.openstack.wsgi [None req-60cc0a95-3ea8-4587-8604-66b528f8279c 237ab6cc1081400a96b703ac4f8cc232 f174f83f23b34cf49ecd435e4585929a - - default default] http://[LB_IP_ADDRESS]:8776/v3/f174f83f23b34cf49ecd435e4585929a/volumes/22c871cc-dd5d-4af8-9249-c7bad16e8891 returned with HTTP 200
2025-07-04 12:01:49.581 21 INFO cinder.volume.api [None req-33e175f9-d9d2-49f9-b78c-eb05b02f6501 94a60470770c47358a5381806a944b61 ef0cffa2393c41e2a77ded8ab3e5d372 - - default default] Create volume request issued successfully.
2025-07-04 12:01:49.582 21 INFO cinder.api.openstack.wsgi [None req-33e175f9-d9d2-49f9-b78c-eb05b02f6501 94a60470770c47358a5381806a944b61 ef0cffa2393c41e2a77ded8ab3e5d372 - - default default] http://[LB_IP_ADDRESS]:8776/v3/ef0cffa2393c41e2a77ded8ab3e5d372/volumes returned with HTTP 202
2025-07-04 12:01:49.605 24 INFO cinder.api.openstack.wsgi [None req-ccb8f3c3-8908-4da9-b866-d9614771ce60 94a60470770c47358a5381806a944b61 ef0cffa2393c41e2a77ded8ab3e5d372 - - default default] GET http://[LB_IP_ADDRESS]:8776/v3/ef0cffa2393c41e2a77ded8ab3e5d372/volumes/8a78728b-3a29-45ff-a585-0746f9f902d1
2025-07-04 12:01:49.622 24 INFO cinder.volume.api [None req-ccb8f3c3-8908-4da9-b866-d9614771ce60 94a60470770c47358a5381806a944b61 ef0cffa2393c41e2a77ded8ab3e5d372 - - default default] Volume info retrieved successfully.
2025-07-04 12:01:49.629 24 INFO cinder.api.openstack.wsgi [None req-ccb8f3c3-8908-4da9-b866-d9614771ce60 94a60470770c47358a5381806a944b61 ef0cffa2393c41e2a77ded8ab3e5d372 - - default default] http://[LB_IP_ADDRESS]:8776/v3/ef0cffa2393c41e2a77ded8ab3e5d372/volumes/8a78728b-3a29-45ff-a585-0746f9f902d1 returned with HTTP 200
2025-07-04 12:01:50.147 23 INFO cinder.api.openstack.wsgi [None req-4f8e1a11-29f2-4ca0-b75f-c5b15619a0ad ef9b15497f8c48ce8e3cdf4cd1a7e156 36cd072a09594841a48fab259cedd498 - - default default] POST http://[LB_IP_ADDRESS]:8776/v3/36cd072a09594841a48fab259cedd498/types
2025-07-04 12:01:50.162 23 INFO cinder.api.openstack.wsgi [None req-4f8e1a11-29f2-4ca0-b75f-c5b15619a0ad ef9b15497f8c48ce8e3cdf4cd1a7e156 36cd072a09594841a48fab259cedd498 - - default default] http://[LB_IP_ADDRESS]:8776/v3/36cd072a09594841a48fab259cedd498/types returned with HTTP 200
2025-07-04 12:01:50.177 25 INFO cinder.api.openstack.wsgi [None req-aed97d9d-9ccb-409e-8744-59a3d298b76c ef9b15497f8c48ce8e3cdf4cd1a7e156 36cd072a09594841a48fab259cedd498 - - default default] POST http://[LB_IP_ADDRESS]:8776/v3/36cd072a09594841a48fab259cedd498/types
2025-07-04 12:01:50.205 25 INFO cinder.api.openstack.wsgi [None req-aed97d9d-9ccb-409e-8744-59a3d298b76c ef9b15497f8c48ce8e3cdf4cd1a7e156 36cd072a09594841a48fab259cedd498 - - default default] http://[LB_IP_ADDRESS]:8776/v3/36cd072a09594841a48fab259cedd498/types returned with HTTP 200
2025-07-04 12:01:50.353 22 INFO cinder.api.openstack.wsgi [None req-8fd6a8ae-7379-4594-b084-05af70d179ed cca0130facca46d984d0efd295dba209 cda8350c44f94e2888bd28d59c108c25 - - default default] POST http://[LB_IP_ADDRESS]:8776/v3/cda8350c44f94e2888bd28d59c108c25/volumes
2025-07-04 12:01:50.361 22 INFO cinder.api.v3.volumes [None req-8fd6a8ae-7379-4594-b084-05af70d179ed cca0130facca46d984d0efd295dba209 cda8350c44f94e2888bd28d59c108c25 - - default default] Create volume of 1 GB
2025-07-04 12:01:50.362 22 INFO cinder.volume.api [None req-8fd6a8ae-7379-4594-b084-05af70d179ed cca0130facca46d984d0efd295dba209 cda8350c44f94e2888bd28d59c108c25 - - default default] Availability Zones retrieved successfully.
2025-07-04 12:01:50.495 22 INFO cinder.volume.api [None req-8fd6a8ae-7379-4594-b084-05af70d179ed cca0130facca46d984d0efd295dba209 cda8350c44f94e2888bd28d59c108c25 - - default default] Create volume request issued successfully.
2025-07-04 12:01:50.496 22 INFO cinder.api.openstack.wsgi [None req-8fd6a8ae-7379-4594-b084-05af70d179ed cca0130facca46d984d0efd295dba209 cda8350c44f94e2888bd28d59c108c25 - - default default] http://[LB_IP_ADDRESS]:8776/v3/cda8350c44f94e2888bd28d59c108c25/volumes returned with HTTP 202
2025-07-04 12:01:50.519 21 INFO cinder.api.openstack.wsgi [None req-e52a69b0-9a95-405f-9a74-9b60cc7ca807 cca0130facca46d984d0efd295dba209 cda8350c44f94e2888bd28d59c108c25 - - default default] GET http://[LB_IP_ADDRESS]:8776/v3/cda8350c44f94e2888bd28d59c108c25/volumes/ac5d2138-686b-47f6-8abe-ff24d3b06101
2025-07-04 12:01:50.536 21 INFO cinder.volume.api [None req-e52a69b0-9a95-405f-9a74-9b60cc7ca807 cca0130facca46d984d0efd295dba209 cda8350c44f94e2888bd28d59c108c25 - - default default] Volume info retrieved successfully.
2025-07-04 12:01:50.542 21 INFO cinder.api.openstack.wsgi [None req-e52a69b0-9a95-405f-9a74-9b60cc7ca807 cca0130facca46d984d0efd295dba209 cda8350c44f94e2888bd28d59c108c25 - - default default] http://[LB_IP_ADDRESS]:8776/v3/cda8350c44f94e2888bd28d59c108c25/volumes/ac5d2138-686b-47f6-8abe-ff24d3b06101 returned with HTTP 200
2025-07-04 12:01:50.546 24 INFO cinder.api.openstack.wsgi [None req-20431702-cecd-4427-9b9a-9789c5a24e5e 237ab6cc1081400a96b703ac4f8cc232 f174f83f23b34cf49ecd435e4585929a - - default default] GET http://[LB_IP_ADDRESS]:8776/v3/f174f83f23b34cf49ecd435e4585929a/volumes/22c871cc-dd5d-4af8-9249-c7bad16e8891
2025-07-04 12:01:50.562 24 INFO cinder.volume.api [None req-20431702-cecd-4427-9b9a-9789c5a24e5e 237ab6cc1081400a96b703ac4f8cc232 f174f83f23b34cf49ecd435e4585929a - - default default] Volume info retrieved successfully.
2025-07-04 12:01:50.584 24 INFO cinder.api.openstack.wsgi [None req-20431702-cecd-4427-9b9a-9789c5a24e5e 237ab6cc1081400a96b703ac4f8cc232 f174f83f23b34cf49ecd435e4585929a - - default default] http://[LB_IP_ADDRESS]:8776/v3/f174f83f23b34cf49ecd435e4585929a/volumes/22c871cc-dd5d-4af8-9249-c7bad16e8891 returned with HTTP 200
2025-07-04 12:01:50.611 23 INFO cinder.api.openstack.wsgi [None req-8e602f23-c205-4a71-b616-089378a44c01 237ab6cc1081400a96b703ac4f8cc232 f174f83f23b34cf49ecd435e4585929a - - default default] GET http://[LB_IP_ADDRESS]:8776/v3/f174f83f23b34cf49ecd435e4585929a/groups/d373146e-6e98-4220-be6d-50bfe5e91df8
2025-07-04 12:01:50.632 23 INFO cinder.api.openstack.wsgi [None req-8e602f23-c205-4a71-b616-089378a44c01 237ab6cc1081400a96b703ac4f8cc232 f174f83f23b34cf49ecd435e4585929a - - default default] http://[LB_IP_ADDRESS]:8776/v3/f174f83f23b34cf49ecd435e4585929a/groups/d373146e-6e98-4220-be6d-50bfe5e91df8 returned with HTTP 200
2025-07-04 12:01:50.651 25 INFO cinder.api.openstack.wsgi [None req-b3b10b42-aa06-433d-a32c-7314c55fac86 237ab6cc1081400a96b703ac4f8cc232 f174f83f23b34cf49ecd435e4585929a - - default default] GET http://[LB_IP_ADDRESS]:8776/v3/f174f83f23b34cf49ecd435e4585929a/volumes/detail
2025-07-04 12:01:50.655 22 INFO cinder.api.openstack.wsgi [None req-e195fcfc-8c24-43c8-befe-17236b138e43 94a60470770c47358a5381806a944b61 ef0cffa2393c41e2a77ded8ab3e5d372 - - default default] GET http://[LB_IP_ADDRESS]:8776/v3/ef0cffa2393c41e2a77ded8ab3e5d372/volumes/8a78728b-3a29-45ff-a585-0746f9f902d1
2025-07-04 12:01:50.675 22 INFO cinder.volume.api [None req-e195fcfc-8c24-43c8-befe-17236b138e43 94a60470770c47358a5381806a944b61 ef0cffa2393c41e2a77ded8ab3e5d372 - - default default] Volume info retrieved successfully.
2025-07-04 12:01:50.676 25 INFO cinder.volume.api [None req-b3b10b42-aa06-433d-a32c-7314c55fac86 237ab6cc1081400a96b703ac4f8cc232 f174f83f23b34cf49ecd435e4585929a - - default default] Get all volumes completed successfully.
2025-07-04 12:01:50.680 22 INFO cinder.api.openstack.wsgi [None req-e195fcfc-8c24-43c8-befe-17236b138e43 94a60470770c47358a5381806a944b61 ef0cffa2393c41e2a77ded8ab3e5d372 - - default default] http://[LB_IP_ADDRESS]:8776/v3/ef0cffa2393c41e2a77ded8ab3e5d372/volumes/8a78728b-3a29-45ff-a585-0746f9f902d1 returned with HTTP 200
2025-07-04 12:01:50.708 25 INFO cinder.api.openstack.wsgi [None req-b3b10b42-aa06-433d-a32c-7314c55fac86 237ab6cc1081400a96b703ac4f8cc232 f174f83f23b34cf49ecd435e4585929a - - default default] http://[LB_IP_ADDRESS]:8776/v3/f174f83f23b34cf49ecd435e4585929a/volumes/detail returned with HTTP 200
2025-07-04 12:01:50.739 21 INFO cinder.api.openstack.wsgi [None req-338a9a1c-9965-4e9b-81d8-8366c2591c11 237ab6cc1081400a96b703ac4f8cc232 f174f83f23b34cf49ecd435e4585929a - - default default] POST http://[LB_IP_ADDRESS]:8776/v3/f174f83f23b34cf49ecd435e4585929a/groups/d373146e-6e98-4220-be6d-50bfe5e91df8/action
2025-07-04 12:01:50.744 21 INFO cinder.api.v3.groups [None req-338a9a1c-9965-4e9b-81d8-8366c2591c11 237ab6cc1081400a96b703ac4f8cc232 f174f83f23b34cf49ecd435e4585929a - - default default] Delete group with id: d373146e-6e98-4220-be6d-50bfe5e91df8
2025-07-04 12:01:50.792 21 INFO cinder.api.openstack.wsgi [None req-338a9a1c-9965-4e9b-81d8-8366c2591c11 237ab6cc1081400a96b703ac4f8cc232 f174f83f23b34cf49ecd435e4585929a - - default default] http://[LB_IP_ADDRESS]:8776/v3/f174f83f23b34cf49ecd435e4585929a/groups/d373146e-6e98-4220-be6d-50bfe5e91df8/action returned with HTTP 202
2025-07-04 12:01:50.802 24 INFO cinder.api.openstack.wsgi [None req-d88628c4-6893-47fa-9745-5948498d5eae 237ab6cc1081400a96b703ac4f8cc232 f174f83f23b34cf49ecd435e4585929a - - default default] GET http://[LB_IP_ADDRESS]:8776/v3/f174f83f23b34cf49ecd435e4585929a/volumes/22c871cc-dd5d-4af8-9249-c7bad16e8891
2025-07-04 12:01:50.821 24 INFO cinder.volume.api [None req-d88628c4-6893-47fa-9745-5948498d5eae 237ab6cc1081400a96b703ac4f8cc232 f174f83f23b34cf49ecd435e4585929a - - default default] Volume info retrieved successfully.
2025-07-04 12:01:50.846 24 INFO cinder.api.openstack.wsgi [None req-d88628c4-6893-47fa-9745-5948498d5eae 237ab6cc1081400a96b703ac4f8cc232 f174f83f23b34cf49ecd435e4585929a - - default default] http://[LB_IP_ADDRESS]:8776/v3/f174f83f23b34cf49ecd435e4585929a/volumes/22c871cc-dd5d-4af8-9249-c7bad16e8891 returned with HTTP 200
2025-07-04 12:01:51.571 23 INFO cinder.api.openstack.wsgi [None req-d34ad047-e8fd-486e-ab50-a9146098815c cca0130facca46d984d0efd295dba209 cda8350c44f94e2888bd28d59c108c25 - - default default] GET http://[LB_IP_ADDRESS]:8776/v3/cda8350c44f94e2888bd28d59c108c25/volumes/ac5d2138-686b-47f6-8abe-ff24d3b06101
2025-07-04 12:01:51.588 23 INFO cinder.volume.api [None req-d34ad047-e8fd-486e-ab50-a9146098815c cca0130facca46d984d0efd295dba209 cda8350c44f94e2888bd28d59c108c25 - - default default] Volume info retrieved successfully.
2025-07-04 12:01:51.592 23 INFO cinder.api.openstack.wsgi [None req-d34ad047-e8fd-486e-ab50-a9146098815c cca0130facca46d984d0efd295dba209 cda8350c44f94e2888bd28d59c108c25 - - default default] http://[LB_IP_ADDRESS]:8776/v3/cda8350c44f94e2888bd28d59c108c25/volumes/ac5d2138-686b-47f6-8abe-ff24d3b06101 returned with HTTP 200
2025-07-04 12:01:51.709 22 INFO cinder.api.openstack.wsgi [None req-726a1e17-3540-455a-8721-54a5bf333b54 94a60470770c47358a5381806a944b61 ef0cffa2393c41e2a77ded8ab3e5d372 - - default default] GET http://[LB_IP_ADDRESS]:8776/v3/ef0cffa2393c41e2a77ded8ab3e5d372/volumes/8a78728b-3a29-45ff-a585-0746f9f902d1
2025-07-04 12:01:51.727 22 INFO cinder.volume.api [None req-726a1e17-3540-455a-8721-54a5bf333b54 94a60470770c47358a5381806a944b61 ef0cffa2393c41e2a77ded8ab3e5d372 - - default default] Volume info retrieved successfully.
2025-07-04 12:01:51.732 22 INFO cinder.api.openstack.wsgi [None req-726a1e17-3540-455a-8721-54a5bf333b54 94a60470770c47358a5381806a944b61 ef0cffa2393c41e2a77ded8ab3e5d372 - - default default] http://[LB_IP_ADDRESS]:8776/v3/ef0cffa2393c41e2a77ded8ab3e5d372/volumes/8a78728b-3a29-45ff-a585-0746f9f902d1 returned with HTTP 200
2025-07-04 12:01:51.766 25 INFO cinder.api.openstack.wsgi [None req-e71e7c3c-bc3f-4d0f-9d46-ea786e940b8f d1a8d0b2d0624896903ce19794c67351 5752c051ded049ae8dee2bf0b3b0eeee - - default default] PUT http://[LB_IP_ADDRESS]:8776/v3/5752c051ded049ae8dee2bf0b3b0eeee/os-quota-sets/ef0cffa2393c41e2a77ded8ab3e5d372
2025-07-04 12:01:51.822 25 INFO cinder.api.openstack.wsgi [None req-e71e7c3c-bc3f-4d0f-9d46-ea786e940b8f d1a8d0b2d0624896903ce19794c67351 5752c051ded049ae8dee2bf0b3b0eeee - - default default] http://[LB_IP_ADDRESS]:8776/v3/5752c051ded049ae8dee2bf0b3b0eeee/os-quota-sets/ef0cffa2393c41e2a77ded8ab3e5d372 returned with HTTP 200
2025-07-04 12:01:51.839 21 INFO cinder.api.openstack.wsgi [None req-6c8882ab-a352-4bbf-9477-ab9e5dec37b6 94a60470770c47358a5381806a944b61 ef0cffa2393c41e2a77ded8ab3e5d372 - - default default] POST http://[LB_IP_ADDRESS]:8776/v3/ef0cffa2393c41e2a77ded8ab3e5d372/volumes
2025-07-04 12:01:51.845 21 INFO cinder.api.v3.volumes [None req-6c8882ab-a352-4bbf-9477-ab9e5dec37b6 94a60470770c47358a5381806a944b61 ef0cffa2393c41e2a77ded8ab3e5d372 - - default default] Create volume of 2 GB
2025-07-04 12:01:51.853 21 INFO cinder.volume.api [None req-6c8882ab-a352-4bbf-9477-ab9e5dec37b6 94a60470770c47358a5381806a944b61 ef0cffa2393c41e2a77ded8ab3e5d372 - - default default] Availability Zones retrieved successfully.
2025-07-04 12:01:51.877 24 INFO cinder.api.openstack.wsgi [None req-cbe48e67-33d1-4e3d-8129-1a89e1a47d26 237ab6cc1081400a96b703ac4f8cc232 f174f83f23b34cf49ecd435e4585929a - - default default] GET http://[LB_IP_ADDRESS]:8776/v3/f174f83f23b34cf49ecd435e4585929a/volumes/22c871cc-dd5d-4af8-9249-c7bad16e8891
2025-07-04 12:01:51.887 24 INFO cinder.api.openstack.wsgi [None req-cbe48e67-33d1-4e3d-8129-1a89e1a47d26 237ab6cc1081400a96b703ac4f8cc232 f174f83f23b34cf49ecd435e4585929a - - default default] http://[LB_IP_ADDRESS]:8776/v3/f174f83f23b34cf49ecd435e4585929a/volumes/22c871cc-dd5d-4af8-9249-c7bad16e8891 returned with HTTP 404
2025-07-04 12:01:51.896 23 INFO cinder.api.openstack.wsgi [None req-28d85b20-fdd6-43ee-8b73-9829f145d144 237ab6cc1081400a96b703ac4f8cc232 f174f83f23b34cf49ecd435e4585929a - - default default] GET http://[LB_IP_ADDRESS]:8776/v3/f174f83f23b34cf49ecd435e4585929a/groups/d373146e-6e98-4220-be6d-50bfe5e91df8
2025-07-04 12:01:51.899 23 INFO cinder.api.openstack.wsgi [None req-28d85b20-fdd6-43ee-8b73-9829f145d144 237ab6cc1081400a96b703ac4f8cc232 f174f83f23b34cf49ecd435e4585929a - - default default] http://[LB_IP_ADDRESS]:8776/v3/f174f83f23b34cf49ecd435e4585929a/groups/d373146e-6e98-4220-be6d-50bfe5e91df8 returned with HTTP 404
2025-07-04 12:01:51.912 22 INFO cinder.api.openstack.wsgi [None req-2b852208-a4c7-448d-85d7-f039328c5ee7 237ab6cc1081400a96b703ac4f8cc232 f174f83f23b34cf49ecd435e4585929a - - default default] GET http://[LB_IP_ADDRESS]:8776/v3/f174f83f23b34cf49ecd435e4585929a/volumes/detail
2025-07-04 12:01:51.920 21 WARNING cinder.quota_utils [None req-6c8882ab-a352-4bbf-9477-ab9e5dec37b6 94a60470770c47358a5381806a944b61 ef0cffa2393c41e2a77ded8ab3e5d372 - - default default] Quota exceeded for ef0cffa2393c41e2a77ded8ab3e5d372, tried to create 2G volume (1G of 1G already consumed).: cinder.exception.OverQuota: Quota exceeded for resources: ['gigabytes']
2025-07-04 12:01:51.921 21 WARNING cinder.volume.api [None req-6c8882ab-a352-4bbf-9477-ab9e5dec37b6 94a60470770c47358a5381806a944b61 ef0cffa2393c41e2a77ded8ab3e5d372 - - default default] Task 'cinder.volume.flows.api.create_volume.QuotaReserveTask;volume:create' (11472790-2d55-455a-bec7-4be460d369e6) transitioned into state 'FAILURE' from state 'RUNNING'

Failure: cinder.exception.VolumeSizeExceedsAvailableQuota: Requested volume or snapshot exceeds allowed gigabytes quota. Requested 2G, quota is 1G and 1G has been consumed.
2025-07-04 12:01:51.924 21 WARNING cinder.volume.api [None req-6c8882ab-a352-4bbf-9477-ab9e5dec37b6 94a60470770c47358a5381806a944b61 ef0cffa2393c41e2a77ded8ab3e5d372 - - default default] Task 'cinder.volume.flows.api.create_volume.QuotaReserveTask;volume:create' (11472790-2d55-455a-bec7-4be460d369e6) transitioned into state 'REVERTED' from state 'REVERTING'
2025-07-04 12:01:51.926 21 WARNING cinder.volume.api [None req-6c8882ab-a352-4bbf-9477-ab9e5dec37b6 94a60470770c47358a5381806a944b61 ef0cffa2393c41e2a77ded8ab3e5d372 - - default default] Task 'cinder.volume.flows.api.create_volume.ExtractVolumeRequestTask;volume:create' (bd30dffd-8396-4cbe-978d-e22f743a263d) transitioned into state 'REVERTED' from state 'REVERTING'
2025-07-04 12:01:51.927 22 INFO cinder.volume.api [None req-2b852208-a4c7-448d-85d7-f039328c5ee7 237ab6cc1081400a96b703ac4f8cc232 f174f83f23b34cf49ecd435e4585929a - - default default] Get all volumes completed successfully.
2025-07-04 12:01:51.927 21 WARNING cinder.volume.api [None req-6c8882ab-a352-4bbf-9477-ab9e5dec37b6 94a60470770c47358a5381806a944b61 ef0cffa2393c41e2a77ded8ab3e5d372 - - default default] Flow 'volume_create_api' (3715dacd-a771-49d9-805f-d4b088b93bf0) transitioned into state 'REVERTED' from state 'RUNNING'
2025-07-04 12:01:51.928 21 INFO cinder.api.middleware.fault [None req-6c8882ab-a352-4bbf-9477-ab9e5dec37b6 94a60470770c47358a5381806a944b61 ef0cffa2393c41e2a77ded8ab3e5d372 - - default default] http://[LB_IP_ADDRESS]:8776/v3/ef0cffa2393c41e2a77ded8ab3e5d372/volumes returned with HTTP 413
2025-07-04 12:01:51.942 25 INFO cinder.api.openstack.wsgi [None req-4eb36574-7ef0-4123-a05a-5ffec09e16e5 d1a8d0b2d0624896903ce19794c67351 5752c051ded049ae8dee2bf0b3b0eeee - - default default] PUT http://[LB_IP_ADDRESS]:8776/v3/5752c051ded049ae8dee2bf0b3b0eeee/os-quota-sets/ef0cffa2393c41e2a77ded8ab3e5d372
