2025-02-12 16:27:15.910 25 INFO cinder.api.openstack.wsgi [None req-7f4521e6-730f-47ab-a0e4-052b38d3486c 99017bc580d54216ba10be0e516c7a7b 4a462328fc1540e1afc6a5cc5a5139e7 - - default default] http://[LB_IP_ADDRESS]:8776/v3/4a462328fc1540e1afc6a5cc5a5139e7/volumes/detail returned with HTTP 200
2025-02-12 16:27:15.937 24 INFO cinder.api.openstack.wsgi [None req-0b6afbf2-eab8-484a-808e-d98cae9a145e 99017bc580d54216ba10be0e516c7a7b 4a462328fc1540e1afc6a5cc5a5139e7 - - default default] POST http://[LB_IP_ADDRESS]:8776/v3/4a462328fc1540e1afc6a5cc5a5139e7/groups/6359f65e-e7ff-42d9-b688-2e51a5b7082d/action
2025-02-12 16:27:15.940 24 INFO cinder.api.v3.groups [None req-0b6afbf2-eab8-484a-808e-d98cae9a145e 99017bc580d54216ba10be0e516c7a7b 4a462328fc1540e1afc6a5cc5a5139e7 - - default default] Delete group with id: 6359f65e-e7ff-42d9-b688-2e51a5b7082d
2025-02-12 16:27:16.015 24 INFO cinder.api.openstack.wsgi [None req-0b6afbf2-eab8-484a-808e-d98cae9a145e 99017bc580d54216ba10be0e516c7a7b 4a462328fc1540e1afc6a5cc5a5139e7 - - default default] http://[LB_IP_ADDRESS]:8776/v3/4a462328fc1540e1afc6a5cc5a5139e7/groups/6359f65e-e7ff-42d9-b688-2e51a5b7082d/action returned with HTTP 202
2025-02-12 16:27:16.025 22 INFO cinder.api.openstack.wsgi [None req-dd4e1f1f-55a3-4655-b98c-faedeb0e91b2 99017bc580d54216ba10be0e516c7a7b 4a462328fc1540e1afc6a5cc5a5139e7 - - default default] GET http://[LB_IP_ADDRESS]:8776/v3/4a462328fc1540e1afc6a5cc5a5139e7/volumes/d315f23e-7451-4353-9934-f12a8f3b318a
2025-02-12 16:27:16.043 22 INFO cinder.volume.api [None req-dd4e1f1f-55a3-4655-b98c-faedeb0e91b2 99017bc580d54216ba10be0e516c7a7b 4a462328fc1540e1afc6a5cc5a5139e7 - - default default] Volume info retrieved successfully.
2025-02-12 16:27:16.064 22 INFO cinder.api.openstack.wsgi [None req-dd4e1f1f-55a3-4655-b98c-faedeb0e91b2 99017bc580d54216ba10be0e516c7a7b 4a462328fc1540e1afc6a5cc5a5139e7 - - default default] http://[LB_IP_ADDRESS]:8776/v3/4a462328fc1540e1afc6a5cc5a5139e7/volumes/d315f23e-7451-4353-9934-f12a8f3b318a returned with HTTP 200
2025-02-12 16:27:16.293 21 INFO cinder.api.openstack.wsgi [None req-4be8c73c-dfa6-48ab-ac44-f2e5473cc5ae 5779278cce4648398669909fcc969497 807f6e4c06884795a3c8f4ac21b41e6f - - default default] GET http://[LB_IP_ADDRESS]:8776/v3/807f6e4c06884795a3c8f4ac21b41e6f/volumes/e0d2c963-c90d-41e2-98c4-c66fc4e312d1
2025-02-12 16:27:16.317 21 INFO cinder.volume.api [None req-4be8c73c-dfa6-48ab-ac44-f2e5473cc5ae 5779278cce4648398669909fcc969497 807f6e4c06884795a3c8f4ac21b41e6f - - default default] Volume info retrieved successfully.
2025-02-12 16:27:16.343 21 INFO cinder.api.openstack.wsgi [None req-4be8c73c-dfa6-48ab-ac44-f2e5473cc5ae 5779278cce4648398669909fcc969497 807f6e4c06884795a3c8f4ac21b41e6f - - default default] http://[LB_IP_ADDRESS]:8776/v3/807f6e4c06884795a3c8f4ac21b41e6f/volumes/e0d2c963-c90d-41e2-98c4-c66fc4e312d1 returned with HTTP 200
2025-02-12 16:27:16.375 23 INFO cinder.api.openstack.wsgi [None req-7346199d-530d-413b-831d-ccc624ffcc3a 54dd281e0b3a44e3a36fc7be5f4ef6b6 60ba39e3d1c343848c7f2660408d8286 - - default default] GET http://[LB_IP_ADDRESS]:8776/v3/60ba39e3d1c343848c7f2660408d8286/os-quota-sets/807f6e4c06884795a3c8f4ac21b41e6f?usage=True
2025-02-12 16:27:16.437 23 INFO cinder.api.openstack.wsgi [None req-7346199d-530d-413b-831d-ccc624ffcc3a 54dd281e0b3a44e3a36fc7be5f4ef6b6 60ba39e3d1c343848c7f2660408d8286 - - default default] http://[LB_IP_ADDRESS]:8776/v3/60ba39e3d1c343848c7f2660408d8286/os-quota-sets/807f6e4c06884795a3c8f4ac21b41e6f?usage=True returned with HTTP 200
2025-02-12 16:27:16.459 25 INFO cinder.api.openstack.wsgi [None req-8f1e2a2f-afe0-4a9e-8f55-dd8c07ab2053 5779278cce4648398669909fcc969497 807f6e4c06884795a3c8f4ac21b41e6f - - default default] DELETE http://[LB_IP_ADDRESS]:8776/v3/807f6e4c06884795a3c8f4ac21b41e6f/volumes/e0d2c963-c90d-41e2-98c4-c66fc4e312d1
2025-02-12 16:27:16.460 25 INFO cinder.api.v3.volumes [None req-8f1e2a2f-afe0-4a9e-8f55-dd8c07ab2053 5779278cce4648398669909fcc969497 807f6e4c06884795a3c8f4ac21b41e6f - - default default] Delete volume with id: e0d2c963-c90d-41e2-98c4-c66fc4e312d1 
2025-02-12 16:27:16.475 25 INFO cinder.volume.api [None req-8f1e2a2f-afe0-4a9e-8f55-dd8c07ab2053 5779278cce4648398669909fcc969497 807f6e4c06884795a3c8f4ac21b41e6f - - default default] Volume info retrieved successfully.
2025-02-12 16:27:16.504 25 INFO cinder.volume.api [None req-8f1e2a2f-afe0-4a9e-8f55-dd8c07ab2053 5779278cce4648398669909fcc969497 807f6e4c06884795a3c8f4ac21b41e6f - - default default] Delete volume request issued successfully.
2025-02-12 16:27:16.504 25 INFO cinder.api.openstack.wsgi [None req-8f1e2a2f-afe0-4a9e-8f55-dd8c07ab2053 5779278cce4648398669909fcc969497 807f6e4c06884795a3c8f4ac21b41e6f - - default default] http://[LB_IP_ADDRESS]:8776/v3/807f6e4c06884795a3c8f4ac21b41e6f/volumes/e0d2c963-c90d-41e2-98c4-c66fc4e312d1 returned with HTTP 202
2025-02-12 16:27:16.515 24 INFO cinder.api.openstack.wsgi [None req-ea3b2cdf-8439-42e5-aec4-a16da6f8e35a 5779278cce4648398669909fcc969497 807f6e4c06884795a3c8f4ac21b41e6f - - default default] GET http://[LB_IP_ADDRESS]:8776/v3/807f6e4c06884795a3c8f4ac21b41e6f/volumes/e0d2c963-c90d-41e2-98c4-c66fc4e312d1
2025-02-12 16:27:16.539 24 INFO cinder.volume.api [None req-ea3b2cdf-8439-42e5-aec4-a16da6f8e35a 5779278cce4648398669909fcc969497 807f6e4c06884795a3c8f4ac21b41e6f - - default default] Volume info retrieved successfully.
2025-02-12 16:27:16.548 24 INFO cinder.api.openstack.wsgi [None req-ea3b2cdf-8439-42e5-aec4-a16da6f8e35a 5779278cce4648398669909fcc969497 807f6e4c06884795a3c8f4ac21b41e6f - - default default] http://[LB_IP_ADDRESS]:8776/v3/807f6e4c06884795a3c8f4ac21b41e6f/volumes/e0d2c963-c90d-41e2-98c4-c66fc4e312d1 returned with HTTP 200
2025-02-12 16:27:17.091 22 INFO cinder.api.openstack.wsgi [None req-c2508841-18cc-4381-b218-d8b49098c57a 99017bc580d54216ba10be0e516c7a7b 4a462328fc1540e1afc6a5cc5a5139e7 - - default default] GET http://[LB_IP_ADDRESS]:8776/v3/4a462328fc1540e1afc6a5cc5a5139e7/volumes/d315f23e-7451-4353-9934-f12a8f3b318a
2025-02-12 16:27:17.104 22 INFO cinder.api.openstack.wsgi [None req-c2508841-18cc-4381-b218-d8b49098c57a 99017bc580d54216ba10be0e516c7a7b 4a462328fc1540e1afc6a5cc5a5139e7 - - default default] http://[LB_IP_ADDRESS]:8776/v3/4a462328fc1540e1afc6a5cc5a5139e7/volumes/d315f23e-7451-4353-9934-f12a8f3b318a returned with HTTP 404
2025-02-12 16:27:17.123 21 INFO cinder.api.openstack.wsgi [None req-e5da1633-6701-4859-afc1-418e109c5fff 99017bc580d54216ba10be0e516c7a7b 4a462328fc1540e1afc6a5cc5a5139e7 - - default default] GET http://[LB_IP_ADDRESS]:8776/v3/4a462328fc1540e1afc6a5cc5a5139e7/groups/6359f65e-e7ff-42d9-b688-2e51a5b7082d
2025-02-12 16:27:17.131 21 INFO cinder.api.openstack.wsgi [None req-e5da1633-6701-4859-afc1-418e109c5fff 99017bc580d54216ba10be0e516c7a7b 4a462328fc1540e1afc6a5cc5a5139e7 - - default default] http://[LB_IP_ADDRESS]:8776/v3/4a462328fc1540e1afc6a5cc5a5139e7/groups/6359f65e-e7ff-42d9-b688-2e51a5b7082d returned with HTTP 404
2025-02-12 16:27:17.143 23 INFO cinder.api.openstack.wsgi [None req-01bc973a-4413-4746-be87-902b12fb165b ade87f8ae95f4e99bbc24517b580a70b 9bdb05c4bfea40f8b5a3d03dfef29bd9 - - default default] DELETE http://[LB_IP_ADDRESS]:8776/v3/9bdb05c4bfea40f8b5a3d03dfef29bd9/group_types/41b5d8f3-fc1b-417b-86f7-0745b3dd4e48
2025-02-12 16:27:17.182 23 INFO cinder.api.openstack.wsgi [None req-01bc973a-4413-4746-be87-902b12fb165b ade87f8ae95f4e99bbc24517b580a70b 9bdb05c4bfea40f8b5a3d03dfef29bd9 - - default default] http://[LB_IP_ADDRESS]:8776/v3/9bdb05c4bfea40f8b5a3d03dfef29bd9/group_types/41b5d8f3-fc1b-417b-86f7-0745b3dd4e48 returned with HTTP 202
2025-02-12 16:27:17.197 25 INFO cinder.api.openstack.wsgi [None req-af4ceb92-2c0e-49e4-b442-fda37bcd558b ade87f8ae95f4e99bbc24517b580a70b 9bdb05c4bfea40f8b5a3d03dfef29bd9 - - default default] DELETE http://[LB_IP_ADDRESS]:8776/v3/9bdb05c4bfea40f8b5a3d03dfef29bd9/types/4c7e70c4-5724-4499-80d3-3a6b4600d18e
2025-02-12 16:27:17.243 25 INFO cinder.api.openstack.wsgi [None req-af4ceb92-2c0e-49e4-b442-fda37bcd558b ade87f8ae95f4e99bbc24517b580a70b 9bdb05c4bfea40f8b5a3d03dfef29bd9 - - default default] http://[LB_IP_ADDRESS]:8776/v3/9bdb05c4bfea40f8b5a3d03dfef29bd9/types/4c7e70c4-5724-4499-80d3-3a6b4600d18e returned with HTTP 202
2025-02-12 16:27:17.254 24 INFO cinder.api.openstack.wsgi [None req-1b0d02a8-b6c7-4177-a4d0-6348c5279515 ade87f8ae95f4e99bbc24517b580a70b 9bdb05c4bfea40f8b5a3d03dfef29bd9 - - default default] GET http://[LB_IP_ADDRESS]:8776/v3/9bdb05c4bfea40f8b5a3d03dfef29bd9/types/4c7e70c4-5724-4499-80d3-3a6b4600d18e
2025-02-12 16:27:17.261 24 INFO cinder.api.openstack.wsgi [None req-1b0d02a8-b6c7-4177-a4d0-6348c5279515 ade87f8ae95f4e99bbc24517b580a70b 9bdb05c4bfea40f8b5a3d03dfef29bd9 - - default default] http://[LB_IP_ADDRESS]:8776/v3/9bdb05c4bfea40f8b5a3d03dfef29bd9/types/4c7e70c4-5724-4499-80d3-3a6b4600d18e returned with HTTP 404
2025-02-12 16:27:17.576 22 INFO cinder.api.openstack.wsgi [None req-9a3d422f-e8ec-4bee-bd52-a7d5eb8363bb 5779278cce4648398669909fcc969497 807f6e4c06884795a3c8f4ac21b41e6f - - default default] GET http://[LB_IP_ADDRESS]:8776/v3/807f6e4c06884795a3c8f4ac21b41e6f/volumes/e0d2c963-c90d-41e2-98c4-c66fc4e312d1
2025-02-12 16:27:17.590 22 INFO cinder.api.openstack.wsgi [None req-9a3d422f-e8ec-4bee-bd52-a7d5eb8363bb 5779278cce4648398669909fcc969497 807f6e4c06884795a3c8f4ac21b41e6f - - default default] http://[LB_IP_ADDRESS]:8776/v3/807f6e4c06884795a3c8f4ac21b41e6f/volumes/e0d2c963-c90d-41e2-98c4-c66fc4e312d1 returned with HTTP 404
2025-02-12 16:27:17.602 21 INFO cinder.api.openstack.wsgi [None req-2f2c1f9d-a89f-4390-980e-4cae5d76dd2c 5779278cce4648398669909fcc969497 807f6e4c06884795a3c8f4ac21b41e6f - - default default] GET http://[LB_IP_ADDRESS]:8776/v3/807f6e4c06884795a3c8f4ac21b41e6f/volumes/e0d2c963-c90d-41e2-98c4-c66fc4e312d1
2025-02-12 16:27:17.619 21 INFO cinder.api.openstack.wsgi [None req-2f2c1f9d-a89f-4390-980e-4cae5d76dd2c 5779278cce4648398669909fcc969497 807f6e4c06884795a3c8f4ac21b41e6f - - default default] http://[LB_IP_ADDRESS]:8776/v3/807f6e4c06884795a3c8f4ac21b41e6f/volumes/e0d2c963-c90d-41e2-98c4-c66fc4e312d1 returned with HTTP 404
2025-02-12 16:27:17.637 23 INFO cinder.api.openstack.wsgi [None req-bc6456cc-d583-4de0-a77d-76b330572545 5779278cce4648398669909fcc969497 807f6e4c06884795a3c8f4ac21b41e6f - - default default] DELETE http://[LB_IP_ADDRESS]:8776/v3/807f6e4c06884795a3c8f4ac21b41e6f/volumes/e0d2c963-c90d-41e2-98c4-c66fc4e312d1
2025-02-12 16:27:17.638 23 INFO cinder.api.v3.volumes [None req-bc6456cc-d583-4de0-a77d-76b330572545 5779278cce4648398669909fcc969497 807f6e4c06884795a3c8f4ac21b41e6f - - default default] Delete volume with id: e0d2c963-c90d-41e2-98c4-c66fc4e312d1 
2025-02-12 16:27:17.658 23 INFO cinder.api.openstack.wsgi [None req-bc6456cc-d583-4de0-a77d-76b330572545 5779278cce4648398669909fcc969497 807f6e4c06884795a3c8f4ac21b41e6f - - default default] http://[LB_IP_ADDRESS]:8776/v3/807f6e4c06884795a3c8f4ac21b41e6f/volumes/e0d2c963-c90d-41e2-98c4-c66fc4e312d1 returned with HTTP 404
2025-02-12 16:27:17.672 25 INFO cinder.api.openstack.wsgi [None req-ae83e625-bbcd-4335-b784-25bf9075b9fb 5779278cce4648398669909fcc969497 807f6e4c06884795a3c8f4ac21b41e6f - - default default] POST http://[LB_IP_ADDRESS]:8776/v3/807f6e4c06884795a3c8f4ac21b41e6f/volumes
2025-02-12 16:27:17.677 25 INFO cinder.api.v3.volumes [None req-ae83e625-bbcd-4335-b784-25bf9075b9fb 5779278cce4648398669909fcc969497 807f6e4c06884795a3c8f4ac21b41e6f - - default default] Create volume of 1 GB
2025-02-12 16:27:17.684 25 INFO cinder.volume.api [None req-ae83e625-bbcd-4335-b784-25bf9075b9fb 5779278cce4648398669909fcc969497 807f6e4c06884795a3c8f4ac21b41e6f - - default default] Availability Zones retrieved successfully.
2025-02-12 16:27:17.835 25 INFO cinder.volume.api [None req-ae83e625-bbcd-4335-b784-25bf9075b9fb 5779278cce4648398669909fcc969497 807f6e4c06884795a3c8f4ac21b41e6f - - default default] Create volume request issued successfully.
2025-02-12 16:27:17.837 25 INFO cinder.api.openstack.wsgi [None req-ae83e625-bbcd-4335-b784-25bf9075b9fb 5779278cce4648398669909fcc969497 807f6e4c06884795a3c8f4ac21b41e6f - - default default] http://[LB_IP_ADDRESS]:8776/v3/807f6e4c06884795a3c8f4ac21b41e6f/volumes returned with HTTP 202
2025-02-12 16:27:17.860 24 INFO cinder.api.openstack.wsgi [None req-4f56ef8c-aef0-405b-a3a1-ac64dae642a4 5779278cce4648398669909fcc969497 807f6e4c06884795a3c8f4ac21b41e6f - - default default] GET http://[LB_IP_ADDRESS]:8776/v3/807f6e4c06884795a3c8f4ac21b41e6f/volumes/6a543934-f926-4df8-8358-0c41c7eea97a
2025-02-12 16:27:17.877 24 INFO cinder.volume.api [None req-4f56ef8c-aef0-405b-a3a1-ac64dae642a4 5779278cce4648398669909fcc969497 807f6e4c06884795a3c8f4ac21b41e6f - - default default] Volume info retrieved successfully.
2025-02-12 16:27:17.884 24 INFO cinder.api.openstack.wsgi [None req-4f56ef8c-aef0-405b-a3a1-ac64dae642a4 5779278cce4648398669909fcc969497 807f6e4c06884795a3c8f4ac21b41e6f - - default default] http://[LB_IP_ADDRESS]:8776/v3/807f6e4c06884795a3c8f4ac21b41e6f/volumes/6a543934-f926-4df8-8358-0c41c7eea97a returned with HTTP 200
2025-02-12 16:27:18.910 22 INFO cinder.api.openstack.wsgi [None req-d2da4cc3-fef1-40cc-bed8-a1e34bc4c641 5779278cce4648398669909fcc969497 807f6e4c06884795a3c8f4ac21b41e6f - - default default] GET http://[LB_IP_ADDRESS]:8776/v3/807f6e4c06884795a3c8f4ac21b41e6f/volumes/6a543934-f926-4df8-8358-0c41c7eea97a
2025-02-12 16:27:18.931 22 INFO cinder.volume.api [None req-d2da4cc3-fef1-40cc-bed8-a1e34bc4c641 5779278cce4648398669909fcc969497 807f6e4c06884795a3c8f4ac21b41e6f - - default default] Volume info retrieved successfully.
2025-02-12 16:27:18.939 22 INFO cinder.api.openstack.wsgi [None req-d2da4cc3-fef1-40cc-bed8-a1e34bc4c641 5779278cce4648398669909fcc969497 807f6e4c06884795a3c8f4ac21b41e6f - - default default] http://[LB_IP_ADDRESS]:8776/v3/807f6e4c06884795a3c8f4ac21b41e6f/volumes/6a543934-f926-4df8-8358-0c41c7eea97a returned with HTTP 200
2025-02-12 16:27:18.968 21 INFO cinder.api.openstack.wsgi [None req-995befa7-034c-41a3-b070-28c0e724f8ab 54dd281e0b3a44e3a36fc7be5f4ef6b6 60ba39e3d1c343848c7f2660408d8286 - - default default] GET http://[LB_IP_ADDRESS]:8776/v3/60ba39e3d1c343848c7f2660408d8286/os-quota-sets/807f6e4c06884795a3c8f4ac21b41e6f?usage=True
2025-02-12 16:27:19.033 21 INFO cinder.api.openstack.wsgi [None req-995befa7-034c-41a3-b070-28c0e724f8ab 54dd281e0b3a44e3a36fc7be5f4ef6b6 60ba39e3d1c343848c7f2660408d8286 - - default default] http://[LB_IP_ADDRESS]:8776/v3/60ba39e3d1c343848c7f2660408d8286/os-quota-sets/807f6e4c06884795a3c8f4ac21b41e6f?usage=True returned with HTTP 200
2025-02-12 16:27:19.060 23 INFO cinder.api.openstack.wsgi [None req-26113cba-2d38-4f77-aeae-1fc0edece7ee 54dd281e0b3a44e3a36fc7be5f4ef6b6 60ba39e3d1c343848c7f2660408d8286 - - default default] GET http://[LB_IP_ADDRESS]:8776/v3/60ba39e3d1c343848c7f2660408d8286/os-quota-sets/2c187a1d53344b4ab603784a84497bad?usage=True
2025-02-12 16:27:19.118 23 INFO cinder.api.openstack.wsgi [None req-26113cba-2d38-4f77-aeae-1fc0edece7ee 54dd281e0b3a44e3a36fc7be5f4ef6b6 60ba39e3d1c343848c7f2660408d8286 - - default default] http://[LB_IP_ADDRESS]:8776/v3/60ba39e3d1c343848c7f2660408d8286/os-quota-sets/2c187a1d53344b4ab603784a84497bad?usage=True returned with HTTP 200
2025-02-12 16:27:19.144 25 INFO cinder.api.openstack.wsgi [None req-0116c1c8-9896-46a1-8167-093d99ce52f6 5779278cce4648398669909fcc969497 807f6e4c06884795a3c8f4ac21b41e6f - - default default] POST http://[LB_IP_ADDRESS]:8776/v3/807f6e4c06884795a3c8f4ac21b41e6f/os-volume-transfer
2025-02-12 16:27:19.147 25 INFO cinder.api.contrib.volume_transfer [None req-0116c1c8-9896-46a1-8167-093d99ce52f6 5779278cce4648398669909fcc969497 807f6e4c06884795a3c8f4ac21b41e6f - - default default] Creating transfer of volume 6a543934-f926-4df8-8358-0c41c7eea97a
2025-02-12 16:27:19.147 25 INFO cinder.transfer.api [None req-0116c1c8-9896-46a1-8167-093d99ce52f6 5779278cce4648398669909fcc969497 807f6e4c06884795a3c8f4ac21b41e6f - - default default] Generating transfer record for volume 6a543934-f926-4df8-8358-0c41c7eea97a
2025-02-12 16:27:19.179 25 INFO cinder.api.openstack.wsgi [None req-0116c1c8-9896-46a1-8167-093d99ce52f6 5779278cce4648398669909fcc969497 807f6e4c06884795a3c8f4ac21b41e6f - - default default] http://[LB_IP_ADDRESS]:8776/v3/807f6e4c06884795a3c8f4ac21b41e6f/os-volume-transfer returned with HTTP 202
2025-02-12 16:27:19.380 24 INFO cinder.api.openstack.wsgi [None req-bb3ca380-07a9-4ccd-94a0-c3b70a67b3e3 c7f06f88fb7d4c52a1ef36b364b2b538 2c187a1d53344b4ab603784a84497bad - - default default] POST http://[LB_IP_ADDRESS]:8776/v3/2c187a1d53344b4ab603784a84497bad/os-volume-transfer/cc54963d-24a8-4a75-9053-a63ac71cd5be/accept
2025-02-12 16:27:19.383 24 INFO cinder.api.contrib.volume_transfer [None req-bb3ca380-07a9-4ccd-94a0-c3b70a67b3e3 c7f06f88fb7d4c52a1ef36b364b2b538 2c187a1d53344b4ab603784a84497bad - - default default] Accepting transfer cc54963d-24a8-4a75-9053-a63ac71cd5be
2025-02-12 16:27:20.130 24 INFO cinder.volume.api [None req-bb3ca380-07a9-4ccd-94a0-c3b70a67b3e3 c7f06f88fb7d4c52a1ef36b364b2b538 2c187a1d53344b4ab603784a84497bad - - default default] Transfer volume completed successfully.
2025-02-12 16:27:20.222 24 INFO cinder.transfer.api [None req-bb3ca380-07a9-4ccd-94a0-c3b70a67b3e3 c7f06f88fb7d4c52a1ef36b364b2b538 2c187a1d53344b4ab603784a84497bad - - default default] Volume 6a543934-f926-4df8-8358-0c41c7eea97a has been transferred.
2025-02-12 16:27:20.236 24 INFO cinder.api.openstack.wsgi [None req-bb3ca380-07a9-4ccd-94a0-c3b70a67b3e3 c7f06f88fb7d4c52a1ef36b364b2b538 2c187a1d53344b4ab603784a84497bad - - default default] http://[LB_IP_ADDRESS]:8776/v3/2c187a1d53344b4ab603784a84497bad/os-volume-transfer/cc54963d-24a8-4a75-9053-a63ac71cd5be/accept returned with HTTP 202
2025-02-12 16:27:20.251 21 INFO cinder.api.openstack.wsgi [None req-29f3f94e-8563-4ea2-b0ef-902fb2a9c6ce c7f06f88fb7d4c52a1ef36b364b2b538 2c187a1d53344b4ab603784a84497bad - - default default] GET http://[LB_IP_ADDRESS]:8776/v3/2c187a1d53344b4ab603784a84497bad/volumes/6a543934-f926-4df8-8358-0c41c7eea97a
2025-02-12 16:27:20.274 21 INFO cinder.volume.api [None req-29f3f94e-8563-4ea2-b0ef-902fb2a9c6ce c7f06f88fb7d4c52a1ef36b364b2b538 2c187a1d53344b4ab603784a84497bad - - default default] Volume info retrieved successfully.
2025-02-12 16:27:20.282 21 INFO cinder.api.openstack.wsgi [None req-29f3f94e-8563-4ea2-b0ef-902fb2a9c6ce c7f06f88fb7d4c52a1ef36b364b2b538 2c187a1d53344b4ab603784a84497bad - - default default] http://[LB_IP_ADDRESS]:8776/v3/2c187a1d53344b4ab603784a84497bad/volumes/6a543934-f926-4df8-8358-0c41c7eea97a returned with HTTP 200
2025-02-12 16:27:20.309 23 INFO cinder.api.openstack.wsgi [None req-80b625e4-c41c-42b9-a5c6-5e615d400350 54dd281e0b3a44e3a36fc7be5f4ef6b6 60ba39e3d1c343848c7f2660408d8286 - - default default] GET http://[LB_IP_ADDRESS]:8776/v3/60ba39e3d1c343848c7f2660408d8286/os-quota-sets/807f6e4c06884795a3c8f4ac21b41e6f?usage=True
2025-02-12 16:27:20.322 22 INFO cinder.api.openstack.wsgi [None req-f9a1d3e8-1551-441e-b398-d3eeb27d9526 88d93ff9b1504cee8a3f2dc55b1ec5cc a49dd14965d8459fafdde9867842becc - - default default] GET http://[LB_IP_ADDRESS]:8776/v3/a49dd14965d8459fafdde9867842becc/os-hosts
2025-02-12 16:27:20.330 22 INFO cinder.api.openstack.wsgi [None req-f9a1d3e8-1551-441e-b398-d3eeb27d9526 88d93ff9b1504cee8a3f2dc55b1ec5cc a49dd14965d8459fafdde9867842becc - - default default] http://[LB_IP_ADDRESS]:8776/v3/a49dd14965d8459fafdde9867842becc/os-hosts returned with HTTP 200
2025-02-12 16:27:20.346 25 INFO cinder.api.openstack.wsgi [None req-f1520d08-686e-40c7-9aa3-c03513b4cda3 88d93ff9b1504cee8a3f2dc55b1ec5cc a49dd14965d8459fafdde9867842becc - - default default] GET http://[LB_IP_ADDRESS]:8776/v3/a49dd14965d8459fafdde9867842becc/os-hosts
2025-02-12 16:27:20.355 25 INFO cinder.api.openstack.wsgi [None req-f1520d08-686e-40c7-9aa3-c03513b4cda3 88d93ff9b1504cee8a3f2dc55b1ec5cc a49dd14965d8459fafdde9867842becc - - default default] http://[LB_IP_ADDRESS]:8776/v3/a49dd14965d8459fafdde9867842becc/os-hosts returned with HTTP 200
2025-02-12 16:27:20.358 23 INFO cinder.api.openstack.wsgi [None req-80b625e4-c41c-42b9-a5c6-5e615d400350 54dd281e0b3a44e3a36fc7be5f4ef6b6 60ba39e3d1c343848c7f2660408d8286 - - default default] http://[LB_IP_ADDRESS]:8776/v3/60ba39e3d1c343848c7f2660408d8286/os-quota-sets/807f6e4c06884795a3c8f4ac21b41e6f?usage=True returned with HTTP 200
2025-02-12 16:27:20.375 24 INFO cinder.api.openstack.wsgi [None req-c4b9d91c-ca0e-419f-87bc-a3ed55b2b93f 88d93ff9b1504cee8a3f2dc55b1ec5cc a49dd14965d8459fafdde9867842becc - - default default] GET http://[LB_IP_ADDRESS]:8776/v3/a49dd14965d8459fafdde9867842becc/os-hosts/rack11-server76@LIGHTOShwlzto
2025-02-12 16:27:20.382 21 INFO cinder.api.openstack.wsgi [None req-8b8d68ac-6812-4ecf-a081-287115210a76 54dd281e0b3a44e3a36fc7be5f4ef6b6 60ba39e3d1c343848c7f2660408d8286 - - default default] GET http://[LB_IP_ADDRESS]:8776/v3/60ba39e3d1c343848c7f2660408d8286/os-quota-sets/2c187a1d53344b4ab603784a84497bad?usage=True
2025-02-12 16:27:20.411 24 INFO cinder.api.openstack.wsgi [None req-c4b9d91c-ca0e-419f-87bc-a3ed55b2b93f 88d93ff9b1504cee8a3f2dc55b1ec5cc a49dd14965d8459fafdde9867842becc - - default default] http://[LB_IP_ADDRESS]:8776/v3/a49dd14965d8459fafdde9867842becc/os-hosts/rack11-server76@LIGHTOShwlzto returned with HTTP 200
2025-02-12 16:27:20.431 21 INFO cinder.api.openstack.wsgi [None req-8b8d68ac-6812-4ecf-a081-287115210a76 54dd281e0b3a44e3a36fc7be5f4ef6b6 60ba39e3d1c343848c7f2660408d8286 - - default default] http://[LB_IP_ADDRESS]:8776/v3/60ba39e3d1c343848c7f2660408d8286/os-quota-sets/2c187a1d53344b4ab603784a84497bad?usage=True returned with HTTP 200
2025-02-12 16:27:20.454 22 INFO cinder.api.openstack.wsgi [None req-ea87e084-e1c8-487f-a83b-8177d0d02dba 54dd281e0b3a44e3a36fc7be5f4ef6b6 60ba39e3d1c343848c7f2660408d8286 - - default default] DELETE http://[LB_IP_ADDRESS]:8776/v3/60ba39e3d1c343848c7f2660408d8286/volumes/6a543934-f926-4df8-8358-0c41c7eea97a
2025-02-12 16:27:20.456 22 INFO cinder.api.v3.volumes [None req-ea87e084-e1c8-487f-a83b-8177d0d02dba 54dd281e0b3a44e3a36fc7be5f4ef6b6 60ba39e3d1c343848c7f2660408d8286 - - default default] Delete volume with id: 6a543934-f926-4df8-8358-0c41c7eea97a 
2025-02-12 16:27:20.474 22 INFO cinder.volume.api [None req-ea87e084-e1c8-487f-a83b-8177d0d02dba 54dd281e0b3a44e3a36fc7be5f4ef6b6 60ba39e3d1c343848c7f2660408d8286 - - default default] Volume info retrieved successfully.
2025-02-12 16:27:20.504 22 INFO cinder.volume.api [None req-ea87e084-e1c8-487f-a83b-8177d0d02dba 54dd281e0b3a44e3a36fc7be5f4ef6b6 60ba39e3d1c343848c7f2660408d8286 - - default default] Delete volume request issued successfully.
2025-02-12 16:27:20.505 22 INFO cinder.api.openstack.wsgi [None req-ea87e084-e1c8-487f-a83b-8177d0d02dba 54dd281e0b3a44e3a36fc7be5f4ef6b6 60ba39e3d1c343848c7f2660408d8286 - - default default] http://[LB_IP_ADDRESS]:8776/v3/60ba39e3d1c343848c7f2660408d8286/volumes/6a543934-f926-4df8-8358-0c41c7eea97a returned with HTTP 202
2025-02-12 16:27:20.514 25 INFO cinder.api.openstack.wsgi [None req-777308cf-0c56-4189-a58d-93e726fa8f2c 54dd281e0b3a44e3a36fc7be5f4ef6b6 60ba39e3d1c343848c7f2660408d8286 - - default default] GET http://[LB_IP_ADDRESS]:8776/v3/60ba39e3d1c343848c7f2660408d8286/volumes/6a543934-f926-4df8-8358-0c41c7eea97a
2025-02-12 16:27:20.531 25 INFO cinder.volume.api [None req-777308cf-0c56-4189-a58d-93e726fa8f2c 54dd281e0b3a44e3a36fc7be5f4ef6b6 60ba39e3d1c343848c7f2660408d8286 - - default default] Volume info retrieved successfully.
2025-02-12 16:27:20.538 25 INFO cinder.api.openstack.wsgi [None req-777308cf-0c56-4189-a58d-93e726fa8f2c 54dd281e0b3a44e3a36fc7be5f4ef6b6 60ba39e3d1c343848c7f2660408d8286 - - default default] http://[LB_IP_ADDRESS]:8776/v3/60ba39e3d1c343848c7f2660408d8286/volumes/6a543934-f926-4df8-8358-0c41c7eea97a returned with HTTP 200
2025-02-12 16:27:21.566 23 INFO cinder.api.openstack.wsgi [None req-c95f0bca-c8e8-4099-9551-18c12ec0ba50 54dd281e0b3a44e3a36fc7be5f4ef6b6 60ba39e3d1c343848c7f2660408d8286 - - default default] GET http://[LB_IP_ADDRESS]:8776/v3/60ba39e3d1c343848c7f2660408d8286/volumes/6a543934-f926-4df8-8358-0c41c7eea97a
2025-02-12 16:27:21.581 23 INFO cinder.api.openstack.wsgi [None req-c95f0bca-c8e8-4099-9551-18c12ec0ba50 54dd281e0b3a44e3a36fc7be5f4ef6b6 60ba39e3d1c343848c7f2660408d8286 - - default default] http://[LB_IP_ADDRESS]:8776/v3/60ba39e3d1c343848c7f2660408d8286/volumes/6a543934-f926-4df8-8358-0c41c7eea97a returned with HTTP 404
2025-02-12 16:27:21.593 24 INFO cinder.api.openstack.wsgi [None req-e04dc541-57bc-4c09-a40f-11236d993b93 5779278cce4648398669909fcc969497 807f6e4c06884795a3c8f4ac21b41e6f - - default default] GET http://[LB_IP_ADDRESS]:8776/v3/807f6e4c06884795a3c8f4ac21b41e6f/volumes/6a543934-f926-4df8-8358-0c41c7eea97a
2025-02-12 16:27:21.608 24 INFO cinder.api.openstack.wsgi [None req-e04dc541-57bc-4c09-a40f-11236d993b93 5779278cce4648398669909fcc969497 807f6e4c06884795a3c8f4ac21b41e6f - - default default] http://[LB_IP_ADDRESS]:8776/v3/807f6e4c06884795a3c8f4ac21b41e6f/volumes/6a543934-f926-4df8-8358-0c41c7eea97a returned with HTTP 404
2025-02-12 16:27:21.620 21 INFO cinder.api.openstack.wsgi [None req-f9f41288-aadc-48d7-a1df-5d30c53f2f8d 5779278cce4648398669909fcc969497 807f6e4c06884795a3c8f4ac21b41e6f - - default default] DELETE http://[LB_IP_ADDRESS]:8776/v3/807f6e4c06884795a3c8f4ac21b41e6f/volumes/6a543934-f926-4df8-8358-0c41c7eea97a
2025-02-12 16:27:21.621 21 INFO cinder.api.v3.volumes [None req-f9f41288-aadc-48d7-a1df-5d30c53f2f8d 5779278cce4648398669909fcc969497 807f6e4c06884795a3c8f4ac21b41e6f - - default default] Delete volume with id: 6a543934-f926-4df8-8358-0c41c7eea97a 
2025-02-12 16:27:21.634 21 INFO cinder.api.openstack.wsgi [None req-f9f41288-aadc-48d7-a1df-5d30c53f2f8d 5779278cce4648398669909fcc969497 807f6e4c06884795a3c8f4ac21b41e6f - - default default] http://[LB_IP_ADDRESS]:8776/v3/807f6e4c06884795a3c8f4ac21b41e6f/volumes/6a543934-f926-4df8-8358-0c41c7eea97a returned with HTTP 404
2025-02-12 16:27:21.651 22 INFO cinder.api.openstack.wsgi [None req-b177fac2-2a42-4315-9b99-5f0471ae5db7 54dd281e0b3a44e3a36fc7be5f4ef6b6 60ba39e3d1c343848c7f2660408d8286 - - default default] GET http://[LB_IP_ADDRESS]:8776/v3/60ba39e3d1c343848c7f2660408d8286/os-quota-sets/60ba39e3d1c343848c7f2660408d8286?usage=True
2025-02-12 16:27:21.713 22 INFO cinder.api.openstack.wsgi [None req-b177fac2-2a42-4315-9b99-5f0471ae5db7 54dd281e0b3a44e3a36fc7be5f4ef6b6 60ba39e3d1c343848c7f2660408d8286 - - default default] http://[LB_IP_ADDRESS]:8776/v3/60ba39e3d1c343848c7f2660408d8286/os-quota-sets/60ba39e3d1c343848c7f2660408d8286?usage=True returned with HTTP 200
2025-02-12 16:27:21.740 25 INFO cinder.api.openstack.wsgi [None req-d67c4bfd-fee7-4f53-9437-b23a2e125cee 54dd281e0b3a44e3a36fc7be5f4ef6b6 60ba39e3d1c343848c7f2660408d8286 - - default default] PUT http://[LB_IP_ADDRESS]:8776/v3/60ba39e3d1c343848c7f2660408d8286/os-quota-sets/807f6e4c06884795a3c8f4ac21b41e6f
2025-02-12 16:27:21.897 25 INFO cinder.api.openstack.wsgi [None req-d67c4bfd-fee7-4f53-9437-b23a2e125cee 54dd281e0b3a44e3a36fc7be5f4ef6b6 60ba39e3d1c343848c7f2660408d8286 - - default default] http://[LB_IP_ADDRESS]:8776/v3/60ba39e3d1c343848c7f2660408d8286/os-quota-sets/807f6e4c06884795a3c8f4ac21b41e6f returned with HTTP 200
2025-02-12 16:27:21.912 23 INFO cinder.api.openstack.wsgi [None req-fb556a10-4ede-4804-b7b1-bfda6ab50f96 54dd281e0b3a44e3a36fc7be5f4ef6b6 60ba39e3d1c343848c7f2660408d8286 - - default default] PUT http://[LB_IP_ADDRESS]:8776/v3/60ba39e3d1c343848c7f2660408d8286/os-quota-sets/807f6e4c06884795a3c8f4ac21b41e6f
2025-02-12 16:27:22.073 23 INFO cinder.api.openstack.wsgi [None req-fb556a10-4ede-4804-b7b1-bfda6ab50f96 54dd281e0b3a44e3a36fc7be5f4ef6b6 60ba39e3d1c343848c7f2660408d8286 - - default default] http://[LB_IP_ADDRESS]:8776/v3/60ba39e3d1c343848c7f2660408d8286/os-quota-sets/807f6e4c06884795a3c8f4ac21b41e6f returned with HTTP 200
2025-02-12 16:27:22.392 24 INFO cinder.api.openstack.wsgi [None req-4c334a11-3766-478a-a259-87760d6fe9fa 0f16b82471cc42ae893ade6180e1af32 cf3092d062744a83a91ee531cac03bfe - - default default] POST http://[LB_IP_ADDRESS]:8776/v3/cf3092d062744a83a91ee531cac03bfe/types
2025-02-12 16:27:22.417 24 INFO cinder.api.openstack.wsgi [None req-4c334a11-3766-478a-a259-87760d6fe9fa 0f16b82471cc42ae893ade6180e1af32 cf3092d062744a83a91ee531cac03bfe - - default default] http://[LB_IP_ADDRESS]:8776/v3/cf3092d062744a83a91ee531cac03bfe/types returned with HTTP 200
2025-02-12 16:27:22.430 21 INFO cinder.api.openstack.wsgi [None req-f6479d88-39a7-4c4e-9bfc-5d4b0ec7e00e 0f16b82471cc42ae893ade6180e1af32 cf3092d062744a83a91ee531cac03bfe - - default default] POST http://[LB_IP_ADDRESS]:8776/v3/cf3092d062744a83a91ee531cac03bfe/group_types
2025-02-12 16:27:22.458 21 INFO cinder.api.openstack.wsgi [None req-f6479d88-39a7-4c4e-9bfc-5d4b0ec7e00e 0f16b82471cc42ae893ade6180e1af32 cf3092d062744a83a91ee531cac03bfe - - default default] http://[LB_IP_ADDRESS]:8776/v3/cf3092d062744a83a91ee531cac03bfe/group_types returned with HTTP 202
2025-02-12 16:27:22.629 22 INFO cinder.api.openstack.wsgi [None req-16ea8ddd-18ac-4eec-bc45-e00fc60d609c 15b7d68c4ee34ddc974c5ac5b39d5ccb 95ef48f6c7764806accff798c34fe791 - - default default] POST http://[LB_IP_ADDRESS]:8776/v3/95ef48f6c7764806accff798c34fe791/groups
2025-02-12 16:27:22.640 22 INFO cinder.api.v3.groups [None req-16ea8ddd-18ac-4eec-bc45-e00fc60d609c 15b7d68c4ee34ddc974c5ac5b39d5ccb 95ef48f6c7764806accff798c34fe791 - - default default] Creating group tempest-GroupSnapshotsV319Test-Group-294969167.
2025-02-12 16:27:22.652 22 INFO cinder.volume.api [None req-16ea8ddd-18ac-4eec-bc45-e00fc60d609c 15b7d68c4ee34ddc974c5ac5b39d5ccb 95ef48f6c7764806accff798c34fe791 - - default default] Availability Zones retrieved successfully.
2025-02-12 16:27:22.733 22 INFO cinder.api.openstack.wsgi [None req-16ea8ddd-18ac-4eec-bc45-e00fc60d609c 15b7d68c4ee34ddc974c5ac5b39d5ccb 95ef48f6c7764806accff798c34fe791 - - default default] http://[LB_IP_ADDRESS]:8776/v3/95ef48f6c7764806accff798c34fe791/groups returned with HTTP 202
2025-02-12 16:27:22.747 25 INFO cinder.api.openstack.wsgi [None req-3efd15d8-3c90-46c1-a0d6-6b57ef5756a2 15b7d68c4ee34ddc974c5ac5b39d5ccb 95ef48f6c7764806accff798c34fe791 - - default default] GET http://[LB_IP_ADDRESS]:8776/v3/95ef48f6c7764806accff798c34fe791/groups/b08c3b29-568f-4e94-bba8-5153069b9211
2025-02-12 16:27:22.769 25 INFO cinder.api.openstack.wsgi [None req-3efd15d8-3c90-46c1-a0d6-6b57ef5756a2 15b7d68c4ee34ddc974c5ac5b39d5ccb 95ef48f6c7764806accff798c34fe791 - - default default] http://[LB_IP_ADDRESS]:8776/v3/95ef48f6c7764806accff798c34fe791/groups/b08c3b29-568f-4e94-bba8-5153069b9211 returned with HTTP 200
2025-02-12 16:27:23.785 23 INFO cinder.api.openstack.wsgi [None req-a4cf6f01-04e3-4660-8e93-fdc75699b834 15b7d68c4ee34ddc974c5ac5b39d5ccb 95ef48f6c7764806accff798c34fe791 - - default default] GET http://[LB_IP_ADDRESS]:8776/v3/95ef48f6c7764806accff798c34fe791/groups/b08c3b29-568f-4e94-bba8-5153069b9211
2025-02-12 16:27:23.804 23 INFO cinder.api.openstack.wsgi [None req-a4cf6f01-04e3-4660-8e93-fdc75699b834 15b7d68c4ee34ddc974c5ac5b39d5ccb 95ef48f6c7764806accff798c34fe791 - - default default] http://[LB_IP_ADDRESS]:8776/v3/95ef48f6c7764806accff798c34fe791/groups/b08c3b29-568f-4e94-bba8-5153069b9211 returned with HTTP 200
2025-02-12 16:27:23.821 24 INFO cinder.api.openstack.wsgi [None req-01ead644-3b22-4a08-8406-0b9389a7ec26 15b7d68c4ee34ddc974c5ac5b39d5ccb 95ef48f6c7764806accff798c34fe791 - - default default] POST http://[LB_IP_ADDRESS]:8776/v3/95ef48f6c7764806accff798c34fe791/volumes
2025-02-12 16:27:23.839 24 INFO cinder.api.v3.volumes [None req-01ead644-3b22-4a08-8406-0b9389a7ec26 15b7d68c4ee34ddc974c5ac5b39d5ccb 95ef48f6c7764806accff798c34fe791 - - default default] Create volume of 1 GB
2025-02-12 16:27:23.849 24 INFO cinder.volume.api [None req-01ead644-3b22-4a08-8406-0b9389a7ec26 15b7d68c4ee34ddc974c5ac5b39d5ccb 95ef48f6c7764806accff798c34fe791 - - default default] Availability Zones retrieved successfully.
2025-02-12 16:27:23.960 24 WARNING cinder.quota [None req-01ead644-3b22-4a08-8406-0b9389a7ec26 15b7d68c4ee34ddc974c5ac5b39d5ccb 95ef48f6c7764806accff798c34fe791 - - default default] Deprecated: Default quota for resource: volumes_tempest-GroupSnapshotsV319Test-volume-type-99024902 is set by the default quota flag: quota_volumes_tempest-GroupSnapshotsV319Test-volume-type-99024902, it is now deprecated. Please use the default quota class for default quota.
2025-02-12 16:27:23.961 24 WARNING cinder.quota [None req-01ead644-3b22-4a08-8406-0b9389a7ec26 15b7d68c4ee34ddc974c5ac5b39d5ccb 95ef48f6c7764806accff798c34fe791 - - default default] Deprecated: Default quota for resource: gigabytes_tempest-GroupSnapshotsV319Test-volume-type-99024902 is set by the default quota flag: quota_gigabytes_tempest-GroupSnapshotsV319Test-volume-type-99024902, it is now deprecated. Please use the default quota class for default quota.
2025-02-12 16:27:24.077 24 INFO cinder.volume.api [None req-01ead644-3b22-4a08-8406-0b9389a7ec26 15b7d68c4ee34ddc974c5ac5b39d5ccb 95ef48f6c7764806accff798c34fe791 - - default default] Create volume request issued successfully.
2025-02-12 16:27:24.096 24 INFO cinder.api.openstack.wsgi [None req-01ead644-3b22-4a08-8406-0b9389a7ec26 15b7d68c4ee34ddc974c5ac5b39d5ccb 95ef48f6c7764806accff798c34fe791 - - default default] http://[LB_IP_ADDRESS]:8776/v3/95ef48f6c7764806accff798c34fe791/volumes returned with HTTP 202
2025-02-12 16:27:24.121 21 INFO cinder.api.openstack.wsgi [None req-a0e64766-1f1e-4fdc-b5b7-0626d9dada5d 15b7d68c4ee34ddc974c5ac5b39d5ccb 95ef48f6c7764806accff798c34fe791 - - default default] GET http://[LB_IP_ADDRESS]:8776/v3/95ef48f6c7764806accff798c34fe791/volumes/f898cfa3-bf16-41f9-9462-419276e6529f
2025-02-12 16:27:24.146 21 INFO cinder.volume.api [None req-a0e64766-1f1e-4fdc-b5b7-0626d9dada5d 15b7d68c4ee34ddc974c5ac5b39d5ccb 95ef48f6c7764806accff798c34fe791 - - default default] Volume info retrieved successfully.
2025-02-12 16:27:24.176 21 INFO cinder.api.openstack.wsgi [None req-a0e64766-1f1e-4fdc-b5b7-0626d9dada5d 15b7d68c4ee34ddc974c5ac5b39d5ccb 95ef48f6c7764806accff798c34fe791 - - default default] http://[LB_IP_ADDRESS]:8776/v3/95ef48f6c7764806accff798c34fe791/volumes/f898cfa3-bf16-41f9-9462-419276e6529f returned with HTTP 200
2025-02-12 16:27:25.205 22 INFO cinder.api.openstack.wsgi [None req-d5b175c3-719d-4611-ac11-942048a644ce 15b7d68c4ee34ddc974c5ac5b39d5ccb 95ef48f6c7764806accff798c34fe791 - - default default] GET http://[LB_IP_ADDRESS]:8776/v3/95ef48f6c7764806accff798c34fe791/volumes/f898cfa3-bf16-41f9-9462-419276e6529f
2025-02-12 16:27:25.229 22 INFO cinder.volume.api [None req-d5b175c3-719d-4611-ac11-942048a644ce 15b7d68c4ee34ddc974c5ac5b39d5ccb 95ef48f6c7764806accff798c34fe791 - - default default] Volume info retrieved successfully.
2025-02-12 16:27:25.256 22 INFO cinder.api.openstack.wsgi [None req-d5b175c3-719d-4611-ac11-942048a644ce 15b7d68c4ee34ddc974c5ac5b39d5ccb 95ef48f6c7764806accff798c34fe791 - - default default] http://[LB_IP_ADDRESS]:8776/v3/95ef48f6c7764806accff798c34fe791/volumes/f898cfa3-bf16-41f9-9462-419276e6529f returned with HTTP 200
2025-02-12 16:27:25.740 25 INFO cinder.api.openstack.wsgi [None req-71ce279e-77d2-4f26-a30d-f3eeea179ee9 07e97b300ae6430398e4afecc3687dff 15d57966019147b3bdf6b2af127059bf - - default default] GET http://[LB_IP_ADDRESS]:8776/v3/15d57966019147b3bdf6b2af127059bf/os-quota-sets/a14dd422a99f445aa53b80eb306a245a
2025-02-12 16:27:25.772 25 WARNING cinder.quota [None req-71ce279e-77d2-4f26-a30d-f3eeea179ee9 07e97b300ae6430398e4afecc3687dff 15d57966019147b3bdf6b2af127059bf - - default default] Deprecated: Default quota for resource: volumes_tempest-GroupSnapshotsV319Test-volume-type-99024902 is set by the default quota flag: quota_volumes_tempest-GroupSnapshotsV319Test-volume-type-99024902, it is now deprecated. Please use the default quota class for default quota.
2025-02-12 16:27:25.772 25 WARNING cinder.quota [None req-71ce279e-77d2-4f26-a30d-f3eeea179ee9 07e97b300ae6430398e4afecc3687dff 15d57966019147b3bdf6b2af127059bf - - default default] Deprecated: Default quota for resource: gigabytes_tempest-GroupSnapshotsV319Test-volume-type-99024902 is set by the default quota flag: quota_gigabytes_tempest-GroupSnapshotsV319Test-volume-type-99024902, it is now deprecated. Please use the default quota class for default quota.
2025-02-12 16:27:25.773 25 WARNING cinder.quota [None req-71ce279e-77d2-4f26-a30d-f3eeea179ee9 07e97b300ae6430398e4afecc3687dff 15d57966019147b3bdf6b2af127059bf - - default default] Deprecated: Default quota for resource: snapshots_tempest-GroupSnapshotsV319Test-volume-type-99024902 is set by the default quota flag: quota_snapshots_tempest-GroupSnapshotsV319Test-volume-type-99024902, it is now deprecated. Please use the default quota class for default quota.
2025-02-12 16:27:25.832 25 INFO cinder.api.openstack.wsgi [None req-71ce279e-77d2-4f26-a30d-f3eeea179ee9 07e97b300ae6430398e4afecc3687dff 15d57966019147b3bdf6b2af127059bf - - default default] http://[LB_IP_ADDRESS]:8776/v3/15d57966019147b3bdf6b2af127059bf/os-quota-sets/a14dd422a99f445aa53b80eb306a245a returned with HTTP 200
2025-02-12 16:27:25.993 23 INFO cinder.api.openstack.wsgi [None req-902491ff-1ec9-441b-afa0-ac2265ba17b2 8c543a7780ec4b99bd3dd27a742e4906 a14dd422a99f445aa53b80eb306a245a - - default default] POST http://[LB_IP_ADDRESS]:8776/v3/a14dd422a99f445aa53b80eb306a245a/volumes
2025-02-12 16:27:25.998 23 INFO cinder.api.v3.volumes [None req-902491ff-1ec9-441b-afa0-ac2265ba17b2 8c543a7780ec4b99bd3dd27a742e4906 a14dd422a99f445aa53b80eb306a245a - - default default] Create volume of 1 GB
2025-02-12 16:27:26.007 23 INFO cinder.volume.api [None req-902491ff-1ec9-441b-afa0-ac2265ba17b2 8c543a7780ec4b99bd3dd27a742e4906 a14dd422a99f445aa53b80eb306a245a - - default default] Availability Zones retrieved successfully.
2025-02-12 16:27:26.235 23 INFO cinder.volume.api [None req-902491ff-1ec9-441b-afa0-ac2265ba17b2 8c543a7780ec4b99bd3dd27a742e4906 a14dd422a99f445aa53b80eb306a245a - - default default] Create volume request issued successfully.
2025-02-12 16:27:26.237 23 INFO cinder.api.openstack.wsgi [None req-902491ff-1ec9-441b-afa0-ac2265ba17b2 8c543a7780ec4b99bd3dd27a742e4906 a14dd422a99f445aa53b80eb306a245a - - default default] http://[LB_IP_ADDRESS]:8776/v3/a14dd422a99f445aa53b80eb306a245a/volumes returned with HTTP 202
2025-02-12 16:27:26.261 24 INFO cinder.api.openstack.wsgi [None req-ba9ee44c-c04c-45e6-ac47-e42d0662d8f7 8c543a7780ec4b99bd3dd27a742e4906 a14dd422a99f445aa53b80eb306a245a - - default default] GET http://[LB_IP_ADDRESS]:8776/v3/a14dd422a99f445aa53b80eb306a245a/volumes/61fc6ffb-e110-4730-92ac-29e0c79d69fc
2025-02-12 16:27:26.286 24 INFO cinder.volume.api [None req-ba9ee44c-c04c-45e6-ac47-e42d0662d8f7 8c543a7780ec4b99bd3dd27a742e4906 a14dd422a99f445aa53b80eb306a245a - - default default] Volume info retrieved successfully.
2025-02-12 16:27:26.286 21 INFO cinder.api.openstack.wsgi [None req-000d8aff-d60c-4c78-a7c3-bdbac2d33534 15b7d68c4ee34ddc974c5ac5b39d5ccb 95ef48f6c7764806accff798c34fe791 - - default default] GET http://[LB_IP_ADDRESS]:8776/v3/95ef48f6c7764806accff798c34fe791/volumes/f898cfa3-bf16-41f9-9462-419276e6529f
2025-02-12 16:27:26.295 24 INFO cinder.api.openstack.wsgi [None req-ba9ee44c-c04c-45e6-ac47-e42d0662d8f7 8c543a7780ec4b99bd3dd27a742e4906 a14dd422a99f445aa53b80eb306a245a - - default default] http://[LB_IP_ADDRESS]:8776/v3/a14dd422a99f445aa53b80eb306a245a/volumes/61fc6ffb-e110-4730-92ac-29e0c79d69fc returned with HTTP 200
2025-02-12 16:27:26.311 21 INFO cinder.volume.api [None req-000d8aff-d60c-4c78-a7c3-bdbac2d33534 15b7d68c4ee34ddc974c5ac5b39d5ccb 95ef48f6c7764806accff798c34fe791 - - default default] Volume info retrieved successfully.
2025-02-12 16:27:26.341 21 INFO cinder.api.openstack.wsgi [None req-000d8aff-d60c-4c78-a7c3-bdbac2d33534 15b7d68c4ee34ddc974c5ac5b39d5ccb 95ef48f6c7764806accff798c34fe791 - - default default] http://[LB_IP_ADDRESS]:8776/v3/95ef48f6c7764806accff798c34fe791/volumes/f898cfa3-bf16-41f9-9462-419276e6529f returned with HTTP 200
2025-02-12 16:27:26.369 22 INFO cinder.api.openstack.wsgi [None req-90747123-e00b-4f2a-b409-b4f5733aed29 15b7d68c4ee34ddc974c5ac5b39d5ccb 95ef48f6c7764806accff798c34fe791 - - default default] POST http://[LB_IP_ADDRESS]:8776/v3/95ef48f6c7764806accff798c34fe791/group_snapshots
2025-02-12 16:27:26.387 22 INFO cinder.api.v3.group_snapshots [None req-90747123-e00b-4f2a-b409-b4f5733aed29 15b7d68c4ee34ddc974c5ac5b39d5ccb 95ef48f6c7764806accff798c34fe791 - - default default] Creating group_snapshot tempest-GroupSnapshotsV319Test-Group_Snapshot-1740814656.
2025-02-12 16:27:26.450 22 WARNING cinder.quota [None req-90747123-e00b-4f2a-b409-b4f5733aed29 15b7d68c4ee34ddc974c5ac5b39d5ccb 95ef48f6c7764806accff798c34fe791 - - default default] Deprecated: Default quota for resource: gigabytes_tempest-GroupSnapshotsV319Test-volume-type-99024902 is set by the default quota flag: quota_gigabytes_tempest-GroupSnapshotsV319Test-volume-type-99024902, it is now deprecated. Please use the default quota class for default quota.
2025-02-12 16:27:26.451 22 WARNING cinder.quota [None req-90747123-e00b-4f2a-b409-b4f5733aed29 15b7d68c4ee34ddc974c5ac5b39d5ccb 95ef48f6c7764806accff798c34fe791 - - default default] Deprecated: Default quota for resource: snapshots_tempest-GroupSnapshotsV319Test-volume-type-99024902 is set by the default quota flag: quota_snapshots_tempest-GroupSnapshotsV319Test-volume-type-99024902, it is now deprecated. Please use the default quota class for default quota.
2025-02-12 16:27:26.530 22 INFO cinder.api.openstack.wsgi [None req-90747123-e00b-4f2a-b409-b4f5733aed29 15b7d68c4ee34ddc974c5ac5b39d5ccb 95ef48f6c7764806accff798c34fe791 - - default default] http://[LB_IP_ADDRESS]:8776/v3/95ef48f6c7764806accff798c34fe791/group_snapshots returned with HTTP 202
2025-02-12 16:27:26.553 25 INFO cinder.api.openstack.wsgi [None req-c36addc6-db4d-4283-87a1-03c770e02e69 15b7d68c4ee34ddc974c5ac5b39d5ccb 95ef48f6c7764806accff798c34fe791 - - default default] GET http://[LB_IP_ADDRESS]:8776/v3/95ef48f6c7764806accff798c34fe791/group_snapshots/e849c86a-6b32-4df2-97fe-46277f4339e7
2025-02-12 16:27:26.575 25 INFO cinder.api.openstack.wsgi [None req-c36addc6-db4d-4283-87a1-03c770e02e69 15b7d68c4ee34ddc974c5ac5b39d5ccb 95ef48f6c7764806accff798c34fe791 - - default default] http://[LB_IP_ADDRESS]:8776/v3/95ef48f6c7764806accff798c34fe791/group_snapshots/e849c86a-6b32-4df2-97fe-46277f4339e7 returned with HTTP 200
2025-02-12 16:27:27.324 23 INFO cinder.api.openstack.wsgi [None req-172be93d-e313-450d-a522-515e19ba3da8 8c543a7780ec4b99bd3dd27a742e4906 a14dd422a99f445aa53b80eb306a245a - - default default] GET http://[LB_IP_ADDRESS]:8776/v3/a14dd422a99f445aa53b80eb306a245a/volumes/61fc6ffb-e110-4730-92ac-29e0c79d69fc
2025-02-12 16:27:27.349 23 INFO cinder.volume.api [None req-172be93d-e313-450d-a522-515e19ba3da8 8c543a7780ec4b99bd3dd27a742e4906 a14dd422a99f445aa53b80eb306a245a - - default default] Volume info retrieved successfully.
2025-02-12 16:27:27.359 23 INFO cinder.api.openstack.wsgi [None req-172be93d-e313-450d-a522-515e19ba3da8 8c543a7780ec4b99bd3dd27a742e4906 a14dd422a99f445aa53b80eb306a245a - - default default] http://[LB_IP_ADDRESS]:8776/v3/a14dd422a99f445aa53b80eb306a245a/volumes/61fc6ffb-e110-4730-92ac-29e0c79d69fc returned with HTTP 200
2025-02-12 16:27:27.591 24 INFO cinder.api.openstack.wsgi [None req-630ae1d0-8135-4afe-ae5e-f3b97ad1596c 15b7d68c4ee34ddc974c5ac5b39d5ccb 95ef48f6c7764806accff798c34fe791 - - default default] GET http://[LB_IP_ADDRESS]:8776/v3/95ef48f6c7764806accff798c34fe791/group_snapshots/e849c86a-6b32-4df2-97fe-46277f4339e7
2025-02-12 16:27:27.606 24 INFO cinder.api.openstack.wsgi [None req-630ae1d0-8135-4afe-ae5e-f3b97ad1596c 15b7d68c4ee34ddc974c5ac5b39d5ccb 95ef48f6c7764806accff798c34fe791 - - default default] http://[LB_IP_ADDRESS]:8776/v3/95ef48f6c7764806accff798c34fe791/group_snapshots/e849c86a-6b32-4df2-97fe-46277f4339e7 returned with HTTP 200
2025-02-12 16:27:27.821 21 INFO cinder.api.openstack.wsgi [None req-0c0ee4e0-1f6c-4d7a-b892-bae71ddcbd1e 8a1c16cc57464197964046f1b55e3ddf 8dc56f6edf3f44c896b7f38b04f87f6e - - default default] POST http://[LB_IP_ADDRESS]:8776/v3/8dc56f6edf3f44c896b7f38b04f87f6e/types
2025-02-12 16:27:27.849 21 INFO cinder.api.openstack.wsgi [None req-0c0ee4e0-1f6c-4d7a-b892-bae71ddcbd1e 8a1c16cc57464197964046f1b55e3ddf 8dc56f6edf3f44c896b7f38b04f87f6e - - default default] http://[LB_IP_ADDRESS]:8776/v3/8dc56f6edf3f44c896b7f38b04f87f6e/types returned with HTTP 200
2025-02-12 16:27:27.865 22 INFO cinder.api.openstack.wsgi [None req-d8111ddc-4411-4029-b646-2f7934c6aa5e 8a1c16cc57464197964046f1b55e3ddf 8dc56f6edf3f44c896b7f38b04f87f6e - - default default] POST http://[LB_IP_ADDRESS]:8776/v3/8dc56f6edf3f44c896b7f38b04f87f6e/types
2025-02-12 16:27:27.891 22 INFO cinder.api.openstack.wsgi [None req-d8111ddc-4411-4029-b646-2f7934c6aa5e 8a1c16cc57464197964046f1b55e3ddf 8dc56f6edf3f44c896b7f38b04f87f6e - - default default] http://[LB_IP_ADDRESS]:8776/v3/8dc56f6edf3f44c896b7f38b04f87f6e/types returned with HTTP 200
2025-02-12 16:27:28.080 25 INFO cinder.api.openstack.wsgi [None req-56da2228-139f-438e-9c13-e18b8ba028de c626ab5dc02348afbe8e838483650e86 0ddc7c71d2d1405880e29c7720d0a91d - - default default] POST http://[LB_IP_ADDRESS]:8776/v3/0ddc7c71d2d1405880e29c7720d0a91d/volumes
2025-02-12 16:27:28.095 25 INFO cinder.api.v3.volumes [None req-56da2228-139f-438e-9c13-e18b8ba028de c626ab5dc02348afbe8e838483650e86 0ddc7c71d2d1405880e29c7720d0a91d - - default default] Create volume of 1 GB
2025-02-12 16:27:28.097 25 INFO cinder.volume.api [None req-56da2228-139f-438e-9c13-e18b8ba028de c626ab5dc02348afbe8e838483650e86 0ddc7c71d2d1405880e29c7720d0a91d - - default default] Availability Zones retrieved successfully.
2025-02-12 16:27:28.316 25 INFO cinder.volume.api [None req-56da2228-139f-438e-9c13-e18b8ba028de c626ab5dc02348afbe8e838483650e86 0ddc7c71d2d1405880e29c7720d0a91d - - default default] Create volume request issued successfully.
2025-02-12 16:27:28.318 25 INFO cinder.api.openstack.wsgi [None req-56da2228-139f-438e-9c13-e18b8ba028de c626ab5dc02348afbe8e838483650e86 0ddc7c71d2d1405880e29c7720d0a91d - - default default] http://[LB_IP_ADDRESS]:8776/v3/0ddc7c71d2d1405880e29c7720d0a91d/volumes returned with HTTP 202
2025-02-12 16:27:28.342 23 INFO cinder.api.openstack.wsgi [None req-8ad7535a-2d2c-4485-a83a-19633270fc28 c626ab5dc02348afbe8e838483650e86 0ddc7c71d2d1405880e29c7720d0a91d - - default default] GET http://[LB_IP_ADDRESS]:8776/v3/0ddc7c71d2d1405880e29c7720d0a91d/volumes/dd3de1a3-01cf-4cb5-a2fa-3dfe48d14c02
2025-02-12 16:27:28.367 23 INFO cinder.volume.api [None req-8ad7535a-2d2c-4485-a83a-19633270fc28 c626ab5dc02348afbe8e838483650e86 0ddc7c71d2d1405880e29c7720d0a91d - - default default] Volume info retrieved successfully.
2025-02-12 16:27:28.376 23 INFO cinder.api.openstack.wsgi [None req-8ad7535a-2d2c-4485-a83a-19633270fc28 c626ab5dc02348afbe8e838483650e86 0ddc7c71d2d1405880e29c7720d0a91d - - default default] http://[LB_IP_ADDRESS]:8776/v3/0ddc7c71d2d1405880e29c7720d0a91d/volumes/dd3de1a3-01cf-4cb5-a2fa-3dfe48d14c02 returned with HTTP 200
2025-02-12 16:27:28.387 24 INFO cinder.api.openstack.wsgi [None req-88c78f72-1eff-43bd-81a5-328d61d6c37f 8c543a7780ec4b99bd3dd27a742e4906 a14dd422a99f445aa53b80eb306a245a - - default default] GET http://[LB_IP_ADDRESS]:8776/v3/a14dd422a99f445aa53b80eb306a245a/volumes/61fc6ffb-e110-4730-92ac-29e0c79d69fc
2025-02-12 16:27:28.415 24 INFO cinder.volume.api [None req-88c78f72-1eff-43bd-81a5-328d61d6c37f 8c543a7780ec4b99bd3dd27a742e4906 a14dd422a99f445aa53b80eb306a245a - - default default] Volume info retrieved successfully.
2025-02-12 16:27:28.424 24 INFO cinder.api.openstack.wsgi [None req-88c78f72-1eff-43bd-81a5-328d61d6c37f 8c543a7780ec4b99bd3dd27a742e4906 a14dd422a99f445aa53b80eb306a245a - - default default] http://[LB_IP_ADDRESS]:8776/v3/a14dd422a99f445aa53b80eb306a245a/volumes/61fc6ffb-e110-4730-92ac-29e0c79d69fc returned with HTTP 200
2025-02-12 16:27:28.455 21 INFO cinder.api.openstack.wsgi [None req-60087b03-6ee5-4221-9d2b-a8b2785fc11b 07e97b300ae6430398e4afecc3687dff 15d57966019147b3bdf6b2af127059bf - - default default] PUT http://[LB_IP_ADDRESS]:8776/v3/15d57966019147b3bdf6b2af127059bf/os-quota-sets/a14dd422a99f445aa53b80eb306a245a
2025-02-12 16:27:28.552 21 WARNING cinder.quota [None req-60087b03-6ee5-4221-9d2b-a8b2785fc11b 07e97b300ae6430398e4afecc3687dff 15d57966019147b3bdf6b2af127059bf - - default default] Deprecated: Default quota for resource: volumes_tempest-GroupSnapshotsV319Test-volume-type-99024902 is set by the default quota flag: quota_volumes_tempest-GroupSnapshotsV319Test-volume-type-99024902, it is now deprecated. Please use the default quota class for default quota.
2025-02-12 16:27:28.553 21 WARNING cinder.quota [None req-60087b03-6ee5-4221-9d2b-a8b2785fc11b 07e97b300ae6430398e4afecc3687dff 15d57966019147b3bdf6b2af127059bf - - default default] Deprecated: Default quota for resource: gigabytes_tempest-GroupSnapshotsV319Test-volume-type-99024902 is set by the default quota flag: quota_gigabytes_tempest-GroupSnapshotsV319Test-volume-type-99024902, it is now deprecated. Please use the default quota class for default quota.
2025-02-12 16:27:28.554 21 WARNING cinder.quota [None req-60087b03-6ee5-4221-9d2b-a8b2785fc11b 07e97b300ae6430398e4afecc3687dff 15d57966019147b3bdf6b2af127059bf - - default default] Deprecated: Default quota for resource: snapshots_tempest-GroupSnapshotsV319Test-volume-type-99024902 is set by the default quota flag: quota_snapshots_tempest-GroupSnapshotsV319Test-volume-type-99024902, it is now deprecated. Please use the default quota class for default quota.
2025-02-12 16:27:28.577 21 INFO cinder.api.openstack.wsgi [None req-60087b03-6ee5-4221-9d2b-a8b2785fc11b 07e97b300ae6430398e4afecc3687dff 15d57966019147b3bdf6b2af127059bf - - default default] http://[LB_IP_ADDRESS]:8776/v3/15d57966019147b3bdf6b2af127059bf/os-quota-sets/a14dd422a99f445aa53b80eb306a245a returned with HTTP 200
