2022-11-07 19:40:48.934 19 INFO cinder.api.openstack.wsgi [None req-00cf3dee-8d46-4617-8ddb-cc33868d9501 9c6c23b871b0437089ce7f5e63c6bbd3 8838e2caec834810bbf7bd450df546f9 - - default default] http://[LB_IP_ADDRESS]:8776/v3/8838e2caec834810bbf7bd450df546f9/volumes/6c836ded-89f0-4f25-bf7d-d3fe9a1cd0e7 returned with HTTP 200
2022-11-07 19:40:49.700 22 INFO cinder.api.openstack.wsgi [None req-99ab497d-e9f5-4603-b1ce-b7b4775170d7 bae8287043144487b32c612dbedb7414 7391d5284bb64a44b1a4b5d6d1d022ef - - default default] GET http://[LB_IP_ADDRESS]:8776/v3/7391d5284bb64a44b1a4b5d6d1d022ef/volumes/09f49be6-62ca-48a1-b3be-f41132bc4548
2022-11-07 19:40:49.715 22 INFO cinder.api.openstack.wsgi [None req-99ab497d-e9f5-4603-b1ce-b7b4775170d7 bae8287043144487b32c612dbedb7414 7391d5284bb64a44b1a4b5d6d1d022ef - - default default] http://[LB_IP_ADDRESS]:8776/v3/7391d5284bb64a44b1a4b5d6d1d022ef/volumes/09f49be6-62ca-48a1-b3be-f41132bc4548 returned with HTTP 404
2022-11-07 19:40:49.730 20 INFO cinder.api.openstack.wsgi [None req-08371699-f236-4a7f-982b-095e81dabac3 bae8287043144487b32c612dbedb7414 7391d5284bb64a44b1a4b5d6d1d022ef - - default default] GET http://[LB_IP_ADDRESS]:8776/v3/7391d5284bb64a44b1a4b5d6d1d022ef/groups/a156a3c1-0872-482e-b69b-fff7733bdd0e
2022-11-07 19:40:49.738 20 INFO cinder.api.openstack.wsgi [None req-08371699-f236-4a7f-982b-095e81dabac3 bae8287043144487b32c612dbedb7414 7391d5284bb64a44b1a4b5d6d1d022ef - - default default] http://[LB_IP_ADDRESS]:8776/v3/7391d5284bb64a44b1a4b5d6d1d022ef/groups/a156a3c1-0872-482e-b69b-fff7733bdd0e returned with HTTP 404
2022-11-07 19:40:49.752 21 INFO cinder.api.openstack.wsgi [None req-c3da5ce1-cfdc-4667-bfe9-0c99d0c18a07 bae8287043144487b32c612dbedb7414 7391d5284bb64a44b1a4b5d6d1d022ef - - default default] DELETE http://[LB_IP_ADDRESS]:8776/v3/7391d5284bb64a44b1a4b5d6d1d022ef/group_snapshots/3c410955-2a27-47a3-b39e-71a7d09252f1
2022-11-07 19:40:49.753 21 INFO cinder.api.v3.group_snapshots [None req-c3da5ce1-cfdc-4667-bfe9-0c99d0c18a07 bae8287043144487b32c612dbedb7414 7391d5284bb64a44b1a4b5d6d1d022ef - - default default] Delete group_snapshot with id: 3c410955-2a27-47a3-b39e-71a7d09252f1
2022-11-07 19:40:49.805 21 INFO cinder.api.openstack.wsgi [None req-c3da5ce1-cfdc-4667-bfe9-0c99d0c18a07 bae8287043144487b32c612dbedb7414 7391d5284bb64a44b1a4b5d6d1d022ef - - default default] http://[LB_IP_ADDRESS]:8776/v3/7391d5284bb64a44b1a4b5d6d1d022ef/group_snapshots/3c410955-2a27-47a3-b39e-71a7d09252f1 returned with HTTP 202
2022-11-07 19:40:49.818 23 INFO cinder.api.openstack.wsgi [None req-1eb32441-0c0f-4f63-a3a2-ee118280e54c bae8287043144487b32c612dbedb7414 7391d5284bb64a44b1a4b5d6d1d022ef - - default default] GET http://[LB_IP_ADDRESS]:8776/v3/7391d5284bb64a44b1a4b5d6d1d022ef/volumes/detail
2022-11-07 19:40:49.851 23 INFO cinder.volume.api [None req-1eb32441-0c0f-4f63-a3a2-ee118280e54c bae8287043144487b32c612dbedb7414 7391d5284bb64a44b1a4b5d6d1d022ef - - default default] Get all volumes completed successfully.
2022-11-07 19:40:49.877 23 INFO cinder.api.openstack.wsgi [None req-1eb32441-0c0f-4f63-a3a2-ee118280e54c bae8287043144487b32c612dbedb7414 7391d5284bb64a44b1a4b5d6d1d022ef - - default default] http://[LB_IP_ADDRESS]:8776/v3/7391d5284bb64a44b1a4b5d6d1d022ef/volumes/detail returned with HTTP 200
2022-11-07 19:40:49.911 19 INFO cinder.api.openstack.wsgi [None req-223d4b2f-84ab-4b55-b52b-2388867c1045 bae8287043144487b32c612dbedb7414 7391d5284bb64a44b1a4b5d6d1d022ef - - default default] GET http://[LB_IP_ADDRESS]:8776/v3/7391d5284bb64a44b1a4b5d6d1d022ef/snapshots/detail
2022-11-07 19:40:49.935 19 INFO cinder.volume.api [None req-223d4b2f-84ab-4b55-b52b-2388867c1045 bae8287043144487b32c612dbedb7414 7391d5284bb64a44b1a4b5d6d1d022ef - - default default] Get all snapshots completed successfully.
2022-11-07 19:40:49.937 19 INFO cinder.api.openstack.wsgi [None req-223d4b2f-84ab-4b55-b52b-2388867c1045 bae8287043144487b32c612dbedb7414 7391d5284bb64a44b1a4b5d6d1d022ef - - default default] http://[LB_IP_ADDRESS]:8776/v3/7391d5284bb64a44b1a4b5d6d1d022ef/snapshots/detail returned with HTTP 200
2022-11-07 19:40:49.955 22 INFO cinder.api.openstack.wsgi [None req-a62e48a3-3972-4e48-910d-935b000a17ec bae8287043144487b32c612dbedb7414 7391d5284bb64a44b1a4b5d6d1d022ef - - default default] GET http://[LB_IP_ADDRESS]:8776/v3/7391d5284bb64a44b1a4b5d6d1d022ef/snapshots/ca7ceb88-bd4f-4d72-b4d9-6592e4c381b2
2022-11-07 19:40:49.956 20 INFO cinder.api.openstack.wsgi [None req-dd1eb765-f10f-44bc-8af9-54d4afc1c8ed 9c6c23b871b0437089ce7f5e63c6bbd3 8838e2caec834810bbf7bd450df546f9 - - default default] GET http://[LB_IP_ADDRESS]:8776/v3/8838e2caec834810bbf7bd450df546f9/volumes/6c836ded-89f0-4f25-bf7d-d3fe9a1cd0e7
2022-11-07 19:40:49.967 22 INFO cinder.volume.api [None req-a62e48a3-3972-4e48-910d-935b000a17ec bae8287043144487b32c612dbedb7414 7391d5284bb64a44b1a4b5d6d1d022ef - - default default] Snapshot retrieved successfully.
2022-11-07 19:40:49.969 22 INFO cinder.api.openstack.wsgi [None req-a62e48a3-3972-4e48-910d-935b000a17ec bae8287043144487b32c612dbedb7414 7391d5284bb64a44b1a4b5d6d1d022ef - - default default] http://[LB_IP_ADDRESS]:8776/v3/7391d5284bb64a44b1a4b5d6d1d022ef/snapshots/ca7ceb88-bd4f-4d72-b4d9-6592e4c381b2 returned with HTTP 200
2022-11-07 19:40:49.985 20 INFO cinder.volume.api [None req-dd1eb765-f10f-44bc-8af9-54d4afc1c8ed 9c6c23b871b0437089ce7f5e63c6bbd3 8838e2caec834810bbf7bd450df546f9 - - default default] Volume info retrieved successfully.
2022-11-07 19:40:50.008 20 INFO cinder.api.openstack.wsgi [None req-dd1eb765-f10f-44bc-8af9-54d4afc1c8ed 9c6c23b871b0437089ce7f5e63c6bbd3 8838e2caec834810bbf7bd450df546f9 - - default default] http://[LB_IP_ADDRESS]:8776/v3/8838e2caec834810bbf7bd450df546f9/volumes/6c836ded-89f0-4f25-bf7d-d3fe9a1cd0e7 returned with HTTP 200
2022-11-07 19:40:50.029 21 INFO cinder.api.openstack.wsgi [None req-195e9920-31d4-4fff-a62c-25fd472cdc98 9c6c23b871b0437089ce7f5e63c6bbd3 8838e2caec834810bbf7bd450df546f9 - - default default] POST http://[LB_IP_ADDRESS]:8776/v3/8838e2caec834810bbf7bd450df546f9/volumes
2022-11-07 19:40:50.045 21 INFO cinder.api.v3.volumes [None req-195e9920-31d4-4fff-a62c-25fd472cdc98 9c6c23b871b0437089ce7f5e63c6bbd3 8838e2caec834810bbf7bd450df546f9 - - default default] Create volume of 1 GB
2022-11-07 19:40:50.068 21 INFO cinder.volume.api [None req-195e9920-31d4-4fff-a62c-25fd472cdc98 9c6c23b871b0437089ce7f5e63c6bbd3 8838e2caec834810bbf7bd450df546f9 - - default default] Availability Zones retrieved successfully.
2022-11-07 19:40:50.333 21 INFO cinder.volume.api [None req-195e9920-31d4-4fff-a62c-25fd472cdc98 9c6c23b871b0437089ce7f5e63c6bbd3 8838e2caec834810bbf7bd450df546f9 - - default default] Create volume request issued successfully.
2022-11-07 19:40:50.353 21 INFO cinder.api.openstack.wsgi [None req-195e9920-31d4-4fff-a62c-25fd472cdc98 9c6c23b871b0437089ce7f5e63c6bbd3 8838e2caec834810bbf7bd450df546f9 - - default default] http://[LB_IP_ADDRESS]:8776/v3/8838e2caec834810bbf7bd450df546f9/volumes returned with HTTP 202
2022-11-07 19:40:50.375 23 INFO cinder.api.openstack.wsgi [None req-9d47e5ff-2156-4252-85a8-941a4e08327a 9c6c23b871b0437089ce7f5e63c6bbd3 8838e2caec834810bbf7bd450df546f9 - - default default] GET http://[LB_IP_ADDRESS]:8776/v3/8838e2caec834810bbf7bd450df546f9/volumes/9da91e75-e563-429f-94a2-cd6ed140d25f
2022-11-07 19:40:50.408 23 INFO cinder.volume.api [None req-9d47e5ff-2156-4252-85a8-941a4e08327a 9c6c23b871b0437089ce7f5e63c6bbd3 8838e2caec834810bbf7bd450df546f9 - - default default] Volume info retrieved successfully.
2022-11-07 19:40:50.435 23 INFO cinder.api.openstack.wsgi [None req-9d47e5ff-2156-4252-85a8-941a4e08327a 9c6c23b871b0437089ce7f5e63c6bbd3 8838e2caec834810bbf7bd450df546f9 - - default default] http://[LB_IP_ADDRESS]:8776/v3/8838e2caec834810bbf7bd450df546f9/volumes/9da91e75-e563-429f-94a2-cd6ed140d25f returned with HTTP 200
2022-11-07 19:40:50.987 19 INFO cinder.api.openstack.wsgi [None req-5c83283d-1f3d-444e-be0f-2b21c7f4df97 bae8287043144487b32c612dbedb7414 7391d5284bb64a44b1a4b5d6d1d022ef - - default default] GET http://[LB_IP_ADDRESS]:8776/v3/7391d5284bb64a44b1a4b5d6d1d022ef/snapshots/ca7ceb88-bd4f-4d72-b4d9-6592e4c381b2
2022-11-07 19:40:50.999 19 INFO cinder.api.openstack.wsgi [None req-5c83283d-1f3d-444e-be0f-2b21c7f4df97 bae8287043144487b32c612dbedb7414 7391d5284bb64a44b1a4b5d6d1d022ef - - default default] http://[LB_IP_ADDRESS]:8776/v3/7391d5284bb64a44b1a4b5d6d1d022ef/snapshots/ca7ceb88-bd4f-4d72-b4d9-6592e4c381b2 returned with HTTP 404
2022-11-07 19:40:51.013 22 INFO cinder.api.openstack.wsgi [None req-3b4b80d9-3877-4247-98ee-161783fe4c1c bae8287043144487b32c612dbedb7414 7391d5284bb64a44b1a4b5d6d1d022ef - - default default] GET http://[LB_IP_ADDRESS]:8776/v3/7391d5284bb64a44b1a4b5d6d1d022ef/group_snapshots/3c410955-2a27-47a3-b39e-71a7d09252f1
2022-11-07 19:40:51.021 22 INFO cinder.api.openstack.wsgi [None req-3b4b80d9-3877-4247-98ee-161783fe4c1c bae8287043144487b32c612dbedb7414 7391d5284bb64a44b1a4b5d6d1d022ef - - default default] http://[LB_IP_ADDRESS]:8776/v3/7391d5284bb64a44b1a4b5d6d1d022ef/group_snapshots/3c410955-2a27-47a3-b39e-71a7d09252f1 returned with HTTP 404
2022-11-07 19:40:51.035 20 INFO cinder.api.openstack.wsgi [None req-a7c36f4b-2ac5-4dd8-a15d-8b124c0ddd02 bae8287043144487b32c612dbedb7414 7391d5284bb64a44b1a4b5d6d1d022ef - - default default] GET http://[LB_IP_ADDRESS]:8776/v3/7391d5284bb64a44b1a4b5d6d1d022ef/volumes/detail
2022-11-07 19:40:51.070 20 INFO cinder.volume.api [None req-a7c36f4b-2ac5-4dd8-a15d-8b124c0ddd02 bae8287043144487b32c612dbedb7414 7391d5284bb64a44b1a4b5d6d1d022ef - - default default] Get all volumes completed successfully.
2022-11-07 19:40:51.102 20 INFO cinder.api.openstack.wsgi [None req-a7c36f4b-2ac5-4dd8-a15d-8b124c0ddd02 bae8287043144487b32c612dbedb7414 7391d5284bb64a44b1a4b5d6d1d022ef - - default default] http://[LB_IP_ADDRESS]:8776/v3/7391d5284bb64a44b1a4b5d6d1d022ef/volumes/detail returned with HTTP 200
2022-11-07 19:40:51.131 21 INFO cinder.api.openstack.wsgi [None req-195548c4-679a-4deb-b458-eccd144a93d9 bae8287043144487b32c612dbedb7414 7391d5284bb64a44b1a4b5d6d1d022ef - - default default] POST http://[LB_IP_ADDRESS]:8776/v3/7391d5284bb64a44b1a4b5d6d1d022ef/groups/99b80292-79bf-4853-836b-32922500f3f4/action
2022-11-07 19:40:51.135 21 INFO cinder.api.v3.groups [None req-195548c4-679a-4deb-b458-eccd144a93d9 bae8287043144487b32c612dbedb7414 7391d5284bb64a44b1a4b5d6d1d022ef - - default default] Delete group with id: 99b80292-79bf-4853-836b-32922500f3f4
2022-11-07 19:40:51.165 23 INFO cinder.api.openstack.wsgi [None req-d650048a-5b39-407e-b55c-9592dc2e3856 - - - - - -] GET http://[LB_IP_ADDRESS]:8776/
2022-11-07 19:40:51.167 23 INFO cinder.api.openstack.wsgi [None req-d650048a-5b39-407e-b55c-9592dc2e3856 - - - - - -] http://[LB_IP_ADDRESS]:8776/ returned with HTTP 300
2022-11-07 19:40:51.215 21 INFO cinder.api.openstack.wsgi [None req-195548c4-679a-4deb-b458-eccd144a93d9 bae8287043144487b32c612dbedb7414 7391d5284bb64a44b1a4b5d6d1d022ef - - default default] http://[LB_IP_ADDRESS]:8776/v3/7391d5284bb64a44b1a4b5d6d1d022ef/groups/99b80292-79bf-4853-836b-32922500f3f4/action returned with HTTP 202
2022-11-07 19:40:51.227 19 INFO cinder.api.openstack.wsgi [None req-d842818e-e680-4645-a3f2-a5270dbced96 bae8287043144487b32c612dbedb7414 7391d5284bb64a44b1a4b5d6d1d022ef - - default default] GET http://[LB_IP_ADDRESS]:8776/v3/7391d5284bb64a44b1a4b5d6d1d022ef/volumes/c1020096-eff3-4abe-87d8-bfa1ae197f00
2022-11-07 19:40:51.257 19 INFO cinder.volume.api [None req-d842818e-e680-4645-a3f2-a5270dbced96 bae8287043144487b32c612dbedb7414 7391d5284bb64a44b1a4b5d6d1d022ef - - default default] Volume info retrieved successfully.
2022-11-07 19:40:51.288 19 INFO cinder.api.openstack.wsgi [None req-d842818e-e680-4645-a3f2-a5270dbced96 bae8287043144487b32c612dbedb7414 7391d5284bb64a44b1a4b5d6d1d022ef - - default default] http://[LB_IP_ADDRESS]:8776/v3/7391d5284bb64a44b1a4b5d6d1d022ef/volumes/c1020096-eff3-4abe-87d8-bfa1ae197f00 returned with HTTP 200
2022-11-07 19:40:51.457 22 INFO cinder.api.openstack.wsgi [None req-7db74c29-92ae-4cd6-9a92-3c98a1444686 9c6c23b871b0437089ce7f5e63c6bbd3 8838e2caec834810bbf7bd450df546f9 - - default default] GET http://[LB_IP_ADDRESS]:8776/v3/8838e2caec834810bbf7bd450df546f9/volumes/9da91e75-e563-429f-94a2-cd6ed140d25f
2022-11-07 19:40:51.487 22 INFO cinder.volume.api [None req-7db74c29-92ae-4cd6-9a92-3c98a1444686 9c6c23b871b0437089ce7f5e63c6bbd3 8838e2caec834810bbf7bd450df546f9 - - default default] Volume info retrieved successfully.
2022-11-07 19:40:51.509 22 INFO cinder.api.openstack.wsgi [None req-7db74c29-92ae-4cd6-9a92-3c98a1444686 9c6c23b871b0437089ce7f5e63c6bbd3 8838e2caec834810bbf7bd450df546f9 - - default default] http://[LB_IP_ADDRESS]:8776/v3/8838e2caec834810bbf7bd450df546f9/volumes/9da91e75-e563-429f-94a2-cd6ed140d25f returned with HTTP 200
2022-11-07 19:40:52.312 20 INFO cinder.api.openstack.wsgi [None req-6a1c0a0d-dd31-4e4c-bc17-da8a2fa0c42d bae8287043144487b32c612dbedb7414 7391d5284bb64a44b1a4b5d6d1d022ef - - default default] GET http://[LB_IP_ADDRESS]:8776/v3/7391d5284bb64a44b1a4b5d6d1d022ef/volumes/c1020096-eff3-4abe-87d8-bfa1ae197f00
2022-11-07 19:40:52.331 20 INFO cinder.api.openstack.wsgi [None req-6a1c0a0d-dd31-4e4c-bc17-da8a2fa0c42d bae8287043144487b32c612dbedb7414 7391d5284bb64a44b1a4b5d6d1d022ef - - default default] http://[LB_IP_ADDRESS]:8776/v3/7391d5284bb64a44b1a4b5d6d1d022ef/volumes/c1020096-eff3-4abe-87d8-bfa1ae197f00 returned with HTTP 404
2022-11-07 19:40:52.346 23 INFO cinder.api.openstack.wsgi [None req-1fdd4692-8c08-4265-bf6e-5ebd314c975a bae8287043144487b32c612dbedb7414 7391d5284bb64a44b1a4b5d6d1d022ef - - default default] GET http://[LB_IP_ADDRESS]:8776/v3/7391d5284bb64a44b1a4b5d6d1d022ef/groups/99b80292-79bf-4853-836b-32922500f3f4
2022-11-07 19:40:52.354 23 INFO cinder.api.openstack.wsgi [None req-1fdd4692-8c08-4265-bf6e-5ebd314c975a bae8287043144487b32c612dbedb7414 7391d5284bb64a44b1a4b5d6d1d022ef - - default default] http://[LB_IP_ADDRESS]:8776/v3/7391d5284bb64a44b1a4b5d6d1d022ef/groups/99b80292-79bf-4853-836b-32922500f3f4 returned with HTTP 404
2022-11-07 19:40:52.369 21 INFO cinder.api.openstack.wsgi [None req-04cb8369-8543-44a9-88e0-fa55892896f3 241d793d2e0e43478e4897166404d2de 885da4aca4d44eafbfa94d98c6b6f405 - - default default] DELETE http://[LB_IP_ADDRESS]:8776/v3/885da4aca4d44eafbfa94d98c6b6f405/group_types/50a0732b-1118-495b-a7c4-cb880ebf3bae
2022-11-07 19:40:52.400 21 INFO cinder.api.openstack.wsgi [None req-04cb8369-8543-44a9-88e0-fa55892896f3 241d793d2e0e43478e4897166404d2de 885da4aca4d44eafbfa94d98c6b6f405 - - default default] http://[LB_IP_ADDRESS]:8776/v3/885da4aca4d44eafbfa94d98c6b6f405/group_types/50a0732b-1118-495b-a7c4-cb880ebf3bae returned with HTTP 202
2022-11-07 19:40:52.422 19 INFO cinder.api.openstack.wsgi [None req-bcb6b1e8-735b-4acb-bd98-c4fc14447507 241d793d2e0e43478e4897166404d2de 885da4aca4d44eafbfa94d98c6b6f405 - - default default] POST http://[LB_IP_ADDRESS]:8776/v3/885da4aca4d44eafbfa94d98c6b6f405/types
2022-11-07 19:40:52.458 19 INFO cinder.api.openstack.wsgi [None req-bcb6b1e8-735b-4acb-bd98-c4fc14447507 241d793d2e0e43478e4897166404d2de 885da4aca4d44eafbfa94d98c6b6f405 - - default default] http://[LB_IP_ADDRESS]:8776/v3/885da4aca4d44eafbfa94d98c6b6f405/types returned with HTTP 200
2022-11-07 19:40:52.475 22 INFO cinder.api.openstack.wsgi [None req-0b6886c6-e367-4915-9eb5-b593fb2ca2cc 241d793d2e0e43478e4897166404d2de 885da4aca4d44eafbfa94d98c6b6f405 - - default default] POST http://[LB_IP_ADDRESS]:8776/v3/885da4aca4d44eafbfa94d98c6b6f405/group_types
2022-11-07 19:40:52.503 22 INFO cinder.api.openstack.wsgi [None req-0b6886c6-e367-4915-9eb5-b593fb2ca2cc 241d793d2e0e43478e4897166404d2de 885da4aca4d44eafbfa94d98c6b6f405 - - default default] http://[LB_IP_ADDRESS]:8776/v3/885da4aca4d44eafbfa94d98c6b6f405/group_types returned with HTTP 202
2022-11-07 19:40:52.519 20 INFO cinder.api.openstack.wsgi [None req-d586837a-d409-4cec-9ed6-c7bde30f7f2e bae8287043144487b32c612dbedb7414 7391d5284bb64a44b1a4b5d6d1d022ef - - default default] POST http://[LB_IP_ADDRESS]:8776/v3/7391d5284bb64a44b1a4b5d6d1d022ef/groups
2022-11-07 19:40:52.530 20 INFO cinder.api.v3.groups [None req-d586837a-d409-4cec-9ed6-c7bde30f7f2e bae8287043144487b32c612dbedb7414 7391d5284bb64a44b1a4b5d6d1d022ef - - default default] Creating group tempest-GroupSnapshotsTest-Group-1858769342.
2022-11-07 19:40:52.531 23 INFO cinder.api.openstack.wsgi [None req-d120f855-e383-4aad-b195-1a295bb59f5f 9c6c23b871b0437089ce7f5e63c6bbd3 8838e2caec834810bbf7bd450df546f9 - - default default] GET http://[LB_IP_ADDRESS]:8776/v3/8838e2caec834810bbf7bd450df546f9/volumes/9da91e75-e563-429f-94a2-cd6ed140d25f
2022-11-07 19:40:52.552 20 INFO cinder.volume.api [None req-d586837a-d409-4cec-9ed6-c7bde30f7f2e bae8287043144487b32c612dbedb7414 7391d5284bb64a44b1a4b5d6d1d022ef - - default default] Availability Zones retrieved successfully.
2022-11-07 19:40:52.557 23 INFO cinder.volume.api [None req-d120f855-e383-4aad-b195-1a295bb59f5f 9c6c23b871b0437089ce7f5e63c6bbd3 8838e2caec834810bbf7bd450df546f9 - - default default] Volume info retrieved successfully.
2022-11-07 19:40:52.580 23 INFO cinder.api.openstack.wsgi [None req-d120f855-e383-4aad-b195-1a295bb59f5f 9c6c23b871b0437089ce7f5e63c6bbd3 8838e2caec834810bbf7bd450df546f9 - - default default] http://[LB_IP_ADDRESS]:8776/v3/8838e2caec834810bbf7bd450df546f9/volumes/9da91e75-e563-429f-94a2-cd6ed140d25f returned with HTTP 200
2022-11-07 19:40:52.601 21 INFO cinder.api.openstack.wsgi [None req-fc581e87-69ff-4bdc-9eea-f2b5bffcd739 9c6c23b871b0437089ce7f5e63c6bbd3 8838e2caec834810bbf7bd450df546f9 - - default default] PUT http://[LB_IP_ADDRESS]:8776/v3/8838e2caec834810bbf7bd450df546f9/groups/ef1091b8-6807-45d8-8767-333d44f7a6f7
2022-11-07 19:40:52.605 21 INFO cinder.api.v3.groups [None req-fc581e87-69ff-4bdc-9eea-f2b5bffcd739 9c6c23b871b0437089ce7f5e63c6bbd3 8838e2caec834810bbf7bd450df546f9 - - default default] Updating group ef1091b8-6807-45d8-8767-333d44f7a6f7 with name new_group description: This is a new group add_volumes: None remove_volumes: 9da91e75-e563-429f-94a2-cd6ed140d25f.
2022-11-07 19:40:52.643 21 INFO cinder.api.openstack.wsgi [None req-fc581e87-69ff-4bdc-9eea-f2b5bffcd739 9c6c23b871b0437089ce7f5e63c6bbd3 8838e2caec834810bbf7bd450df546f9 - - default default] http://[LB_IP_ADDRESS]:8776/v3/8838e2caec834810bbf7bd450df546f9/groups/ef1091b8-6807-45d8-8767-333d44f7a6f7 returned with HTTP 202
2022-11-07 19:40:52.647 20 INFO cinder.api.openstack.wsgi [None req-d586837a-d409-4cec-9ed6-c7bde30f7f2e bae8287043144487b32c612dbedb7414 7391d5284bb64a44b1a4b5d6d1d022ef - - default default] http://[LB_IP_ADDRESS]:8776/v3/7391d5284bb64a44b1a4b5d6d1d022ef/groups returned with HTTP 202
2022-11-07 19:40:52.657 19 INFO cinder.api.openstack.wsgi [None req-cb73d4fa-9fbd-4cbb-8092-4df12d163b29 9c6c23b871b0437089ce7f5e63c6bbd3 8838e2caec834810bbf7bd450df546f9 - - default default] GET http://[LB_IP_ADDRESS]:8776/v3/8838e2caec834810bbf7bd450df546f9/groups/ef1091b8-6807-45d8-8767-333d44f7a6f7
2022-11-07 19:40:52.662 22 INFO cinder.api.openstack.wsgi [None req-712972a2-9b91-4bfa-9ec6-dbadd166a51d bae8287043144487b32c612dbedb7414 7391d5284bb64a44b1a4b5d6d1d022ef - - default default] GET http://[LB_IP_ADDRESS]:8776/v3/7391d5284bb64a44b1a4b5d6d1d022ef/groups/22d71da7-78a3-4282-b54c-a1d9d02e8431
2022-11-07 19:40:52.682 19 INFO cinder.api.openstack.wsgi [None req-cb73d4fa-9fbd-4cbb-8092-4df12d163b29 9c6c23b871b0437089ce7f5e63c6bbd3 8838e2caec834810bbf7bd450df546f9 - - default default] http://[LB_IP_ADDRESS]:8776/v3/8838e2caec834810bbf7bd450df546f9/groups/ef1091b8-6807-45d8-8767-333d44f7a6f7 returned with HTTP 200
2022-11-07 19:40:52.684 22 INFO cinder.api.openstack.wsgi [None req-712972a2-9b91-4bfa-9ec6-dbadd166a51d bae8287043144487b32c612dbedb7414 7391d5284bb64a44b1a4b5d6d1d022ef - - default default] http://[LB_IP_ADDRESS]:8776/v3/7391d5284bb64a44b1a4b5d6d1d022ef/groups/22d71da7-78a3-4282-b54c-a1d9d02e8431 returned with HTTP 200
2022-11-07 19:40:53.700 23 INFO cinder.api.openstack.wsgi [None req-53a8917f-a558-41e9-8a3e-7f73c46168ff 9c6c23b871b0437089ce7f5e63c6bbd3 8838e2caec834810bbf7bd450df546f9 - - default default] GET http://[LB_IP_ADDRESS]:8776/v3/8838e2caec834810bbf7bd450df546f9/groups/ef1091b8-6807-45d8-8767-333d44f7a6f7
2022-11-07 19:40:53.701 21 INFO cinder.api.openstack.wsgi [None req-1fe340a0-a82e-4749-8cdc-a9a9f22bff8b bae8287043144487b32c612dbedb7414 7391d5284bb64a44b1a4b5d6d1d022ef - - default default] GET http://[LB_IP_ADDRESS]:8776/v3/7391d5284bb64a44b1a4b5d6d1d022ef/groups/22d71da7-78a3-4282-b54c-a1d9d02e8431
2022-11-07 19:40:53.720 23 INFO cinder.api.openstack.wsgi [None req-53a8917f-a558-41e9-8a3e-7f73c46168ff 9c6c23b871b0437089ce7f5e63c6bbd3 8838e2caec834810bbf7bd450df546f9 - - default default] http://[LB_IP_ADDRESS]:8776/v3/8838e2caec834810bbf7bd450df546f9/groups/ef1091b8-6807-45d8-8767-333d44f7a6f7 returned with HTTP 200
2022-11-07 19:40:53.722 21 INFO cinder.api.openstack.wsgi [None req-1fe340a0-a82e-4749-8cdc-a9a9f22bff8b bae8287043144487b32c612dbedb7414 7391d5284bb64a44b1a4b5d6d1d022ef - - default default] http://[LB_IP_ADDRESS]:8776/v3/7391d5284bb64a44b1a4b5d6d1d022ef/groups/22d71da7-78a3-4282-b54c-a1d9d02e8431 returned with HTTP 200
2022-11-07 19:40:53.738 20 INFO cinder.api.openstack.wsgi [None req-fcae2215-293a-4168-89fe-9e013e6ae86f 9c6c23b871b0437089ce7f5e63c6bbd3 8838e2caec834810bbf7bd450df546f9 - - default default] GET http://[LB_IP_ADDRESS]:8776/v3/8838e2caec834810bbf7bd450df546f9/groups/ef1091b8-6807-45d8-8767-333d44f7a6f7
2022-11-07 19:40:53.739 19 INFO cinder.api.openstack.wsgi [None req-4c01782e-eaba-4d6a-b879-5da32f93879c bae8287043144487b32c612dbedb7414 7391d5284bb64a44b1a4b5d6d1d022ef - - default default] POST http://[LB_IP_ADDRESS]:8776/v3/7391d5284bb64a44b1a4b5d6d1d022ef/volumes
2022-11-07 19:40:53.755 19 INFO cinder.api.v3.volumes [None req-4c01782e-eaba-4d6a-b879-5da32f93879c bae8287043144487b32c612dbedb7414 7391d5284bb64a44b1a4b5d6d1d022ef - - default default] Create volume of 1 GB
2022-11-07 19:40:53.760 20 INFO cinder.api.openstack.wsgi [None req-fcae2215-293a-4168-89fe-9e013e6ae86f 9c6c23b871b0437089ce7f5e63c6bbd3 8838e2caec834810bbf7bd450df546f9 - - default default] http://[LB_IP_ADDRESS]:8776/v3/8838e2caec834810bbf7bd450df546f9/groups/ef1091b8-6807-45d8-8767-333d44f7a6f7 returned with HTTP 200
2022-11-07 19:40:53.764 19 INFO cinder.volume.api [None req-4c01782e-eaba-4d6a-b879-5da32f93879c bae8287043144487b32c612dbedb7414 7391d5284bb64a44b1a4b5d6d1d022ef - - default default] Availability Zones retrieved successfully.
2022-11-07 19:40:53.775 22 INFO cinder.api.openstack.wsgi [None req-4e070ac7-ecae-4ca5-8dd5-fbead2128d39 9c6c23b871b0437089ce7f5e63c6bbd3 8838e2caec834810bbf7bd450df546f9 - - default default] GET http://[LB_IP_ADDRESS]:8776/v3/8838e2caec834810bbf7bd450df546f9/volumes/detail
2022-11-07 19:40:53.812 22 INFO cinder.volume.api [None req-4e070ac7-ecae-4ca5-8dd5-fbead2128d39 9c6c23b871b0437089ce7f5e63c6bbd3 8838e2caec834810bbf7bd450df546f9 - - default default] Get all volumes completed successfully.
2022-11-07 19:40:53.838 22 INFO cinder.api.openstack.wsgi [None req-4e070ac7-ecae-4ca5-8dd5-fbead2128d39 9c6c23b871b0437089ce7f5e63c6bbd3 8838e2caec834810bbf7bd450df546f9 - - default default] http://[LB_IP_ADDRESS]:8776/v3/8838e2caec834810bbf7bd450df546f9/volumes/detail returned with HTTP 200
2022-11-07 19:40:53.861 23 INFO cinder.api.openstack.wsgi [None req-c8df2950-0d3f-4fb9-9488-716f6eb97e7f 9c6c23b871b0437089ce7f5e63c6bbd3 8838e2caec834810bbf7bd450df546f9 - - default default] PUT http://[LB_IP_ADDRESS]:8776/v3/8838e2caec834810bbf7bd450df546f9/groups/ef1091b8-6807-45d8-8767-333d44f7a6f7
2022-11-07 19:40:53.865 23 INFO cinder.api.v3.groups [None req-c8df2950-0d3f-4fb9-9488-716f6eb97e7f 9c6c23b871b0437089ce7f5e63c6bbd3 8838e2caec834810bbf7bd450df546f9 - - default default] Updating group ef1091b8-6807-45d8-8767-333d44f7a6f7 with name None description: None add_volumes: 9da91e75-e563-429f-94a2-cd6ed140d25f remove_volumes: None.
2022-11-07 19:40:53.909 19 WARNING cinder.quota [None req-4c01782e-eaba-4d6a-b879-5da32f93879c bae8287043144487b32c612dbedb7414 7391d5284bb64a44b1a4b5d6d1d022ef - - default default] Deprecated: Default quota for resource: volumes_tempest-GroupSnapshotsTest-volume-type-641979797 is set by the default quota flag: quota_volumes_tempest-GroupSnapshotsTest-volume-type-641979797, it is now deprecated. Please use the default quota class for default quota.
2022-11-07 19:40:53.910 19 WARNING cinder.quota [None req-4c01782e-eaba-4d6a-b879-5da32f93879c bae8287043144487b32c612dbedb7414 7391d5284bb64a44b1a4b5d6d1d022ef - - default default] Deprecated: Default quota for resource: gigabytes_tempest-GroupSnapshotsTest-volume-type-641979797 is set by the default quota flag: quota_gigabytes_tempest-GroupSnapshotsTest-volume-type-641979797, it is now deprecated. Please use the default quota class for default quota.
2022-11-07 19:40:53.918 23 INFO cinder.api.openstack.wsgi [None req-c8df2950-0d3f-4fb9-9488-716f6eb97e7f 9c6c23b871b0437089ce7f5e63c6bbd3 8838e2caec834810bbf7bd450df546f9 - - default default] http://[LB_IP_ADDRESS]:8776/v3/8838e2caec834810bbf7bd450df546f9/groups/ef1091b8-6807-45d8-8767-333d44f7a6f7 returned with HTTP 202
2022-11-07 19:40:53.930 21 INFO cinder.api.openstack.wsgi [None req-1f967238-9a1f-4511-ba79-eb9c1b3a1366 9c6c23b871b0437089ce7f5e63c6bbd3 8838e2caec834810bbf7bd450df546f9 - - default default] GET http://[LB_IP_ADDRESS]:8776/v3/8838e2caec834810bbf7bd450df546f9/groups/ef1091b8-6807-45d8-8767-333d44f7a6f7
2022-11-07 19:40:53.952 21 INFO cinder.api.openstack.wsgi [None req-1f967238-9a1f-4511-ba79-eb9c1b3a1366 9c6c23b871b0437089ce7f5e63c6bbd3 8838e2caec834810bbf7bd450df546f9 - - default default] http://[LB_IP_ADDRESS]:8776/v3/8838e2caec834810bbf7bd450df546f9/groups/ef1091b8-6807-45d8-8767-333d44f7a6f7 returned with HTTP 200
2022-11-07 19:40:54.080 19 INFO cinder.volume.api [None req-4c01782e-eaba-4d6a-b879-5da32f93879c bae8287043144487b32c612dbedb7414 7391d5284bb64a44b1a4b5d6d1d022ef - - default default] Create volume request issued successfully.
2022-11-07 19:40:54.102 19 INFO cinder.api.openstack.wsgi [None req-4c01782e-eaba-4d6a-b879-5da32f93879c bae8287043144487b32c612dbedb7414 7391d5284bb64a44b1a4b5d6d1d022ef - - default default] http://[LB_IP_ADDRESS]:8776/v3/7391d5284bb64a44b1a4b5d6d1d022ef/volumes returned with HTTP 202
2022-11-07 19:40:54.123 20 INFO cinder.api.openstack.wsgi [None req-96df4624-336b-43d8-a721-969579398c0f bae8287043144487b32c612dbedb7414 7391d5284bb64a44b1a4b5d6d1d022ef - - default default] GET http://[LB_IP_ADDRESS]:8776/v3/7391d5284bb64a44b1a4b5d6d1d022ef/volumes/f088fd16-7c2c-460c-8153-c69fef0b8b86
2022-11-07 19:40:54.147 20 INFO cinder.volume.api [None req-96df4624-336b-43d8-a721-969579398c0f bae8287043144487b32c612dbedb7414 7391d5284bb64a44b1a4b5d6d1d022ef - - default default] Volume info retrieved successfully.
2022-11-07 19:40:54.176 20 INFO cinder.api.openstack.wsgi [None req-96df4624-336b-43d8-a721-969579398c0f bae8287043144487b32c612dbedb7414 7391d5284bb64a44b1a4b5d6d1d022ef - - default default] http://[LB_IP_ADDRESS]:8776/v3/7391d5284bb64a44b1a4b5d6d1d022ef/volumes/f088fd16-7c2c-460c-8153-c69fef0b8b86 returned with HTTP 200
2022-11-07 19:40:54.970 22 INFO cinder.api.openstack.wsgi [None req-e7ffc7d5-13b8-4e81-8a54-4f473394c2ac 9c6c23b871b0437089ce7f5e63c6bbd3 8838e2caec834810bbf7bd450df546f9 - - default default] GET http://[LB_IP_ADDRESS]:8776/v3/8838e2caec834810bbf7bd450df546f9/groups/ef1091b8-6807-45d8-8767-333d44f7a6f7
2022-11-07 19:40:54.992 22 INFO cinder.api.openstack.wsgi [None req-e7ffc7d5-13b8-4e81-8a54-4f473394c2ac 9c6c23b871b0437089ce7f5e63c6bbd3 8838e2caec834810bbf7bd450df546f9 - - default default] http://[LB_IP_ADDRESS]:8776/v3/8838e2caec834810bbf7bd450df546f9/groups/ef1091b8-6807-45d8-8767-333d44f7a6f7 returned with HTTP 200
2022-11-07 19:40:55.008 23 INFO cinder.api.openstack.wsgi [None req-06a2c6f4-431a-4bf0-aa96-3f32ee0ad98e 9c6c23b871b0437089ce7f5e63c6bbd3 8838e2caec834810bbf7bd450df546f9 - - default default] GET http://[LB_IP_ADDRESS]:8776/v3/8838e2caec834810bbf7bd450df546f9/volumes/detail
2022-11-07 19:40:55.049 23 INFO cinder.volume.api [None req-06a2c6f4-431a-4bf0-aa96-3f32ee0ad98e 9c6c23b871b0437089ce7f5e63c6bbd3 8838e2caec834810bbf7bd450df546f9 - - default default] Get all volumes completed successfully.
2022-11-07 19:40:55.095 23 INFO cinder.api.openstack.wsgi [None req-06a2c6f4-431a-4bf0-aa96-3f32ee0ad98e 9c6c23b871b0437089ce7f5e63c6bbd3 8838e2caec834810bbf7bd450df546f9 - - default default] http://[LB_IP_ADDRESS]:8776/v3/8838e2caec834810bbf7bd450df546f9/volumes/detail returned with HTTP 200
2022-11-07 19:40:55.119 21 INFO cinder.api.openstack.wsgi [None req-4a2e03e6-dbb0-493d-add6-50df09b24343 9c6c23b871b0437089ce7f5e63c6bbd3 8838e2caec834810bbf7bd450df546f9 - - default default] GET http://[LB_IP_ADDRESS]:8776/v3/8838e2caec834810bbf7bd450df546f9/volumes/detail
2022-11-07 19:40:55.162 21 INFO cinder.volume.api [None req-4a2e03e6-dbb0-493d-add6-50df09b24343 9c6c23b871b0437089ce7f5e63c6bbd3 8838e2caec834810bbf7bd450df546f9 - - default default] Get all volumes completed successfully.
2022-11-07 19:40:55.200 19 INFO cinder.api.openstack.wsgi [None req-899232fa-f158-4bc0-a91b-19666a74ce08 bae8287043144487b32c612dbedb7414 7391d5284bb64a44b1a4b5d6d1d022ef - - default default] GET http://[LB_IP_ADDRESS]:8776/v3/7391d5284bb64a44b1a4b5d6d1d022ef/volumes/f088fd16-7c2c-460c-8153-c69fef0b8b86
2022-11-07 19:40:55.215 21 INFO cinder.api.openstack.wsgi [None req-4a2e03e6-dbb0-493d-add6-50df09b24343 9c6c23b871b0437089ce7f5e63c6bbd3 8838e2caec834810bbf7bd450df546f9 - - default default] http://[LB_IP_ADDRESS]:8776/v3/8838e2caec834810bbf7bd450df546f9/volumes/detail returned with HTTP 200
2022-11-07 19:40:55.224 19 INFO cinder.volume.api [None req-899232fa-f158-4bc0-a91b-19666a74ce08 bae8287043144487b32c612dbedb7414 7391d5284bb64a44b1a4b5d6d1d022ef - - default default] Volume info retrieved successfully.
2022-11-07 19:40:55.238 20 INFO cinder.api.openstack.wsgi [None req-911d8d40-f047-4dee-b49f-0878098db581 9c6c23b871b0437089ce7f5e63c6bbd3 8838e2caec834810bbf7bd450df546f9 - - default default] POST http://[LB_IP_ADDRESS]:8776/v3/8838e2caec834810bbf7bd450df546f9/groups/ef1091b8-6807-45d8-8767-333d44f7a6f7/action
2022-11-07 19:40:55.242 20 INFO cinder.api.v3.groups [None req-911d8d40-f047-4dee-b49f-0878098db581 9c6c23b871b0437089ce7f5e63c6bbd3 8838e2caec834810bbf7bd450df546f9 - - default default] Delete group with id: ef1091b8-6807-45d8-8767-333d44f7a6f7
2022-11-07 19:40:55.255 19 INFO cinder.api.openstack.wsgi [None req-899232fa-f158-4bc0-a91b-19666a74ce08 bae8287043144487b32c612dbedb7414 7391d5284bb64a44b1a4b5d6d1d022ef - - default default] http://[LB_IP_ADDRESS]:8776/v3/7391d5284bb64a44b1a4b5d6d1d022ef/volumes/f088fd16-7c2c-460c-8153-c69fef0b8b86 returned with HTTP 200
2022-11-07 19:40:55.349 20 INFO cinder.api.openstack.wsgi [None req-911d8d40-f047-4dee-b49f-0878098db581 9c6c23b871b0437089ce7f5e63c6bbd3 8838e2caec834810bbf7bd450df546f9 - - default default] http://[LB_IP_ADDRESS]:8776/v3/8838e2caec834810bbf7bd450df546f9/groups/ef1091b8-6807-45d8-8767-333d44f7a6f7/action returned with HTTP 202
2022-11-07 19:40:55.363 22 INFO cinder.api.openstack.wsgi [None req-0aaee2e8-ebc2-4070-a564-91eaf4e8f668 9c6c23b871b0437089ce7f5e63c6bbd3 8838e2caec834810bbf7bd450df546f9 - - default default] GET http://[LB_IP_ADDRESS]:8776/v3/8838e2caec834810bbf7bd450df546f9/volumes/9da91e75-e563-429f-94a2-cd6ed140d25f
2022-11-07 19:40:55.388 22 INFO cinder.volume.api [None req-0aaee2e8-ebc2-4070-a564-91eaf4e8f668 9c6c23b871b0437089ce7f5e63c6bbd3 8838e2caec834810bbf7bd450df546f9 - - default default] Volume info retrieved successfully.
2022-11-07 19:40:55.410 22 INFO cinder.api.openstack.wsgi [None req-0aaee2e8-ebc2-4070-a564-91eaf4e8f668 9c6c23b871b0437089ce7f5e63c6bbd3 8838e2caec834810bbf7bd450df546f9 - - default default] http://[LB_IP_ADDRESS]:8776/v3/8838e2caec834810bbf7bd450df546f9/volumes/9da91e75-e563-429f-94a2-cd6ed140d25f returned with HTTP 200
2022-11-07 19:40:56.278 23 INFO cinder.api.openstack.wsgi [None req-80462fb7-3f3a-4002-8cf4-2f17ec8b69bb bae8287043144487b32c612dbedb7414 7391d5284bb64a44b1a4b5d6d1d022ef - - default default] GET http://[LB_IP_ADDRESS]:8776/v3/7391d5284bb64a44b1a4b5d6d1d022ef/volumes/f088fd16-7c2c-460c-8153-c69fef0b8b86
2022-11-07 19:40:56.310 23 INFO cinder.volume.api [None req-80462fb7-3f3a-4002-8cf4-2f17ec8b69bb bae8287043144487b32c612dbedb7414 7391d5284bb64a44b1a4b5d6d1d022ef - - default default] Volume info retrieved successfully.
2022-11-07 19:40:56.342 23 INFO cinder.api.openstack.wsgi [None req-80462fb7-3f3a-4002-8cf4-2f17ec8b69bb bae8287043144487b32c612dbedb7414 7391d5284bb64a44b1a4b5d6d1d022ef - - default default] http://[LB_IP_ADDRESS]:8776/v3/7391d5284bb64a44b1a4b5d6d1d022ef/volumes/f088fd16-7c2c-460c-8153-c69fef0b8b86 returned with HTTP 200
2022-11-07 19:40:56.364 21 INFO cinder.api.openstack.wsgi [None req-e66dc56c-41bd-4298-ad44-849c5e4b4e4a bae8287043144487b32c612dbedb7414 7391d5284bb64a44b1a4b5d6d1d022ef - - default default] POST http://[LB_IP_ADDRESS]:8776/v3/7391d5284bb64a44b1a4b5d6d1d022ef/volumes
2022-11-07 19:40:56.382 21 INFO cinder.api.v3.volumes [None req-e66dc56c-41bd-4298-ad44-849c5e4b4e4a bae8287043144487b32c612dbedb7414 7391d5284bb64a44b1a4b5d6d1d022ef - - default default] Create volume of 1 GB
2022-11-07 19:40:56.390 21 INFO cinder.volume.api [None req-e66dc56c-41bd-4298-ad44-849c5e4b4e4a bae8287043144487b32c612dbedb7414 7391d5284bb64a44b1a4b5d6d1d022ef - - default default] Availability Zones retrieved successfully.
2022-11-07 19:40:56.434 19 INFO cinder.api.openstack.wsgi [None req-15c8814f-3c82-44aa-a7d4-ff4590908d47 9c6c23b871b0437089ce7f5e63c6bbd3 8838e2caec834810bbf7bd450df546f9 - - default default] GET http://[LB_IP_ADDRESS]:8776/v3/8838e2caec834810bbf7bd450df546f9/volumes/9da91e75-e563-429f-94a2-cd6ed140d25f
2022-11-07 19:40:56.450 19 INFO cinder.api.openstack.wsgi [None req-15c8814f-3c82-44aa-a7d4-ff4590908d47 9c6c23b871b0437089ce7f5e63c6bbd3 8838e2caec834810bbf7bd450df546f9 - - default default] http://[LB_IP_ADDRESS]:8776/v3/8838e2caec834810bbf7bd450df546f9/volumes/9da91e75-e563-429f-94a2-cd6ed140d25f returned with HTTP 404
2022-11-07 19:40:56.463 20 INFO cinder.api.openstack.wsgi [None req-00a9fd57-a351-45a4-8f0c-e68afc84ba55 9c6c23b871b0437089ce7f5e63c6bbd3 8838e2caec834810bbf7bd450df546f9 - - default default] GET http://[LB_IP_ADDRESS]:8776/v3/8838e2caec834810bbf7bd450df546f9/volumes/6c836ded-89f0-4f25-bf7d-d3fe9a1cd0e7
2022-11-07 19:40:56.482 20 INFO cinder.api.openstack.wsgi [None req-00a9fd57-a351-45a4-8f0c-e68afc84ba55 9c6c23b871b0437089ce7f5e63c6bbd3 8838e2caec834810bbf7bd450df546f9 - - default default] http://[LB_IP_ADDRESS]:8776/v3/8838e2caec834810bbf7bd450df546f9/volumes/6c836ded-89f0-4f25-bf7d-d3fe9a1cd0e7 returned with HTTP 404
2022-11-07 19:40:56.497 22 INFO cinder.api.openstack.wsgi [None req-3f0d7243-763c-40ba-abf9-65a4fdb595dd 9c6c23b871b0437089ce7f5e63c6bbd3 8838e2caec834810bbf7bd450df546f9 - - default default] GET http://[LB_IP_ADDRESS]:8776/v3/8838e2caec834810bbf7bd450df546f9/groups/ef1091b8-6807-45d8-8767-333d44f7a6f7
2022-11-07 19:40:56.505 22 INFO cinder.api.openstack.wsgi [None req-3f0d7243-763c-40ba-abf9-65a4fdb595dd 9c6c23b871b0437089ce7f5e63c6bbd3 8838e2caec834810bbf7bd450df546f9 - - default default] http://[LB_IP_ADDRESS]:8776/v3/8838e2caec834810bbf7bd450df546f9/groups/ef1091b8-6807-45d8-8767-333d44f7a6f7 returned with HTTP 404
2022-11-07 19:40:56.518 23 INFO cinder.api.openstack.wsgi [None req-0a3c149b-16a7-42a1-b5d0-368b9d2ee1e5 f5140d9958ec4afda5b204a86206aae3 aebb05b5a2f64906bbbbf2ab6d4e9a5d - - default default] DELETE http://[LB_IP_ADDRESS]:8776/v3/aebb05b5a2f64906bbbbf2ab6d4e9a5d/group_types/14c490e3-6a7b-4c17-9f26-61c99de77df0
2022-11-07 19:40:56.528 21 WARNING cinder.quota [None req-e66dc56c-41bd-4298-ad44-849c5e4b4e4a bae8287043144487b32c612dbedb7414 7391d5284bb64a44b1a4b5d6d1d022ef - - default default] Deprecated: Default quota for resource: volumes_tempest-GroupSnapshotsTest-volume-type-641979797 is set by the default quota flag: quota_volumes_tempest-GroupSnapshotsTest-volume-type-641979797, it is now deprecated. Please use the default quota class for default quota.
2022-11-07 19:40:56.529 21 WARNING cinder.quota [None req-e66dc56c-41bd-4298-ad44-849c5e4b4e4a bae8287043144487b32c612dbedb7414 7391d5284bb64a44b1a4b5d6d1d022ef - - default default] Deprecated: Default quota for resource: gigabytes_tempest-GroupSnapshotsTest-volume-type-641979797 is set by the default quota flag: quota_gigabytes_tempest-GroupSnapshotsTest-volume-type-641979797, it is now deprecated. Please use the default quota class for default quota.
2022-11-07 19:40:56.544 23 INFO cinder.api.openstack.wsgi [None req-0a3c149b-16a7-42a1-b5d0-368b9d2ee1e5 f5140d9958ec4afda5b204a86206aae3 aebb05b5a2f64906bbbbf2ab6d4e9a5d - - default default] http://[LB_IP_ADDRESS]:8776/v3/aebb05b5a2f64906bbbbf2ab6d4e9a5d/group_types/14c490e3-6a7b-4c17-9f26-61c99de77df0 returned with HTTP 202
2022-11-07 19:40:56.558 19 INFO cinder.api.openstack.wsgi [None req-341bacfe-ba3b-42c8-95fd-ddb9fd8c92d9 9c6c23b871b0437089ce7f5e63c6bbd3 8838e2caec834810bbf7bd450df546f9 - - default default] DELETE http://[LB_IP_ADDRESS]:8776/v3/8838e2caec834810bbf7bd450df546f9/volumes/9da91e75-e563-429f-94a2-cd6ed140d25f
2022-11-07 19:40:56.560 19 INFO cinder.api.v3.volumes [None req-341bacfe-ba3b-42c8-95fd-ddb9fd8c92d9 9c6c23b871b0437089ce7f5e63c6bbd3 8838e2caec834810bbf7bd450df546f9 - - default default] Delete volume with id: 9da91e75-e563-429f-94a2-cd6ed140d25f 
2022-11-07 19:40:56.573 19 INFO cinder.api.openstack.wsgi [None req-341bacfe-ba3b-42c8-95fd-ddb9fd8c92d9 9c6c23b871b0437089ce7f5e63c6bbd3 8838e2caec834810bbf7bd450df546f9 - - default default] http://[LB_IP_ADDRESS]:8776/v3/8838e2caec834810bbf7bd450df546f9/volumes/9da91e75-e563-429f-94a2-cd6ed140d25f returned with HTTP 404
2022-11-07 19:40:56.585 20 INFO cinder.api.openstack.wsgi [None req-e6e2f44c-a752-44c8-aab4-339c9463a84c 9c6c23b871b0437089ce7f5e63c6bbd3 8838e2caec834810bbf7bd450df546f9 - - default default] DELETE http://[LB_IP_ADDRESS]:8776/v3/8838e2caec834810bbf7bd450df546f9/volumes/6c836ded-89f0-4f25-bf7d-d3fe9a1cd0e7
2022-11-07 19:40:56.586 20 INFO cinder.api.v3.volumes [None req-e6e2f44c-a752-44c8-aab4-339c9463a84c 9c6c23b871b0437089ce7f5e63c6bbd3 8838e2caec834810bbf7bd450df546f9 - - default default] Delete volume with id: 6c836ded-89f0-4f25-bf7d-d3fe9a1cd0e7 
2022-11-07 19:40:56.599 20 INFO cinder.api.openstack.wsgi [None req-e6e2f44c-a752-44c8-aab4-339c9463a84c 9c6c23b871b0437089ce7f5e63c6bbd3 8838e2caec834810bbf7bd450df546f9 - - default default] http://[LB_IP_ADDRESS]:8776/v3/8838e2caec834810bbf7bd450df546f9/volumes/6c836ded-89f0-4f25-bf7d-d3fe9a1cd0e7 returned with HTTP 404
2022-11-07 19:40:56.611 22 INFO cinder.api.openstack.wsgi [None req-c5d99d1c-bac7-4619-bf7f-5b7044908f94 f5140d9958ec4afda5b204a86206aae3 aebb05b5a2f64906bbbbf2ab6d4e9a5d - - default default] DELETE http://[LB_IP_ADDRESS]:8776/v3/aebb05b5a2f64906bbbbf2ab6d4e9a5d/types/082a2d91-628c-446e-9b16-27433a4597f1
2022-11-07 19:40:56.628 21 INFO cinder.volume.api [None req-e66dc56c-41bd-4298-ad44-849c5e4b4e4a bae8287043144487b32c612dbedb7414 7391d5284bb64a44b1a4b5d6d1d022ef - - default default] Create volume request issued successfully.
2022-11-07 19:40:56.652 21 INFO cinder.api.openstack.wsgi [None req-e66dc56c-41bd-4298-ad44-849c5e4b4e4a bae8287043144487b32c612dbedb7414 7391d5284bb64a44b1a4b5d6d1d022ef - - default default] http://[LB_IP_ADDRESS]:8776/v3/7391d5284bb64a44b1a4b5d6d1d022ef/volumes returned with HTTP 202
2022-11-07 19:40:56.673 23 INFO cinder.api.openstack.wsgi [None req-fe76643c-01c2-498e-ad4f-65648046066e bae8287043144487b32c612dbedb7414 7391d5284bb64a44b1a4b5d6d1d022ef - - default default] GET http://[LB_IP_ADDRESS]:8776/v3/7391d5284bb64a44b1a4b5d6d1d022ef/volumes/d3d92f43-090f-4706-8a6a-a51d44602dcc
2022-11-07 19:40:56.688 22 INFO cinder.api.openstack.wsgi [None req-c5d99d1c-bac7-4619-bf7f-5b7044908f94 f5140d9958ec4afda5b204a86206aae3 aebb05b5a2f64906bbbbf2ab6d4e9a5d - - default default] http://[LB_IP_ADDRESS]:8776/v3/aebb05b5a2f64906bbbbf2ab6d4e9a5d/types/082a2d91-628c-446e-9b16-27433a4597f1 returned with HTTP 202
2022-11-07 19:40:56.696 23 INFO cinder.volume.api [None req-fe76643c-01c2-498e-ad4f-65648046066e bae8287043144487b32c612dbedb7414 7391d5284bb64a44b1a4b5d6d1d022ef - - default default] Volume info retrieved successfully.
2022-11-07 19:40:56.701 19 INFO cinder.api.openstack.wsgi [None req-824b4dcf-3374-4ce6-a73d-01f0ab245780 f5140d9958ec4afda5b204a86206aae3 aebb05b5a2f64906bbbbf2ab6d4e9a5d - - default default] GET http://[LB_IP_ADDRESS]:8776/v3/aebb05b5a2f64906bbbbf2ab6d4e9a5d/types/082a2d91-628c-446e-9b16-27433a4597f1
2022-11-07 19:40:56.708 19 INFO cinder.api.openstack.wsgi [None req-824b4dcf-3374-4ce6-a73d-01f0ab245780 f5140d9958ec4afda5b204a86206aae3 aebb05b5a2f64906bbbbf2ab6d4e9a5d - - default default] http://[LB_IP_ADDRESS]:8776/v3/aebb05b5a2f64906bbbbf2ab6d4e9a5d/types/082a2d91-628c-446e-9b16-27433a4597f1 returned with HTTP 404
2022-11-07 19:40:56.720 20 INFO cinder.api.openstack.wsgi [None req-8da9a003-9241-46eb-954a-830a1bf23642 f5140d9958ec4afda5b204a86206aae3 aebb05b5a2f64906bbbbf2ab6d4e9a5d - - default default] DELETE http://[LB_IP_ADDRESS]:8776/v3/aebb05b5a2f64906bbbbf2ab6d4e9a5d/types/3c9ebe7a-fa0b-423a-9def-79f72d89b889
2022-11-07 19:40:56.720 23 INFO cinder.api.openstack.wsgi [None req-fe76643c-01c2-498e-ad4f-65648046066e bae8287043144487b32c612dbedb7414 7391d5284bb64a44b1a4b5d6d1d022ef - - default default] http://[LB_IP_ADDRESS]:8776/v3/7391d5284bb64a44b1a4b5d6d1d022ef/volumes/d3d92f43-090f-4706-8a6a-a51d44602dcc returned with HTTP 200
2022-11-07 19:40:56.810 20 INFO cinder.api.openstack.wsgi [None req-8da9a003-9241-46eb-954a-830a1bf23642 f5140d9958ec4afda5b204a86206aae3 aebb05b5a2f64906bbbbf2ab6d4e9a5d - - default default] http://[LB_IP_ADDRESS]:8776/v3/aebb05b5a2f64906bbbbf2ab6d4e9a5d/types/3c9ebe7a-fa0b-423a-9def-79f72d89b889 returned with HTTP 202
2022-11-07 19:40:56.823 21 INFO cinder.api.openstack.wsgi [None req-1859222c-56e8-4af2-8e9f-a8d9800bf56c f5140d9958ec4afda5b204a86206aae3 aebb05b5a2f64906bbbbf2ab6d4e9a5d - - default default] GET http://[LB_IP_ADDRESS]:8776/v3/aebb05b5a2f64906bbbbf2ab6d4e9a5d/types/3c9ebe7a-fa0b-423a-9def-79f72d89b889
2022-11-07 19:40:56.831 21 INFO cinder.api.openstack.wsgi [None req-1859222c-56e8-4af2-8e9f-a8d9800bf56c f5140d9958ec4afda5b204a86206aae3 aebb05b5a2f64906bbbbf2ab6d4e9a5d - - default default] http://[LB_IP_ADDRESS]:8776/v3/aebb05b5a2f64906bbbbf2ab6d4e9a5d/types/3c9ebe7a-fa0b-423a-9def-79f72d89b889 returned with HTTP 404
2022-11-07 19:40:56.894 22 INFO cinder.api.openstack.wsgi [None req-e7aca04c-c103-42b7-ba8f-654a9aaeb6b8 b78ab073a39b4bca888d450f8f48047e 76d3e1209d57497aacdad8cc89a7d911 - - default default] POST http://[LB_IP_ADDRESS]:8776/v3/76d3e1209d57497aacdad8cc89a7d911/volumes
2022-11-07 19:40:56.899 22 INFO cinder.api.v3.volumes [None req-e7aca04c-c103-42b7-ba8f-654a9aaeb6b8 b78ab073a39b4bca888d450f8f48047e 76d3e1209d57497aacdad8cc89a7d911 - - default default] Create volume of 1 GB
2022-11-07 19:40:56.910 22 INFO cinder.volume.api [None req-e7aca04c-c103-42b7-ba8f-654a9aaeb6b8 b78ab073a39b4bca888d450f8f48047e 76d3e1209d57497aacdad8cc89a7d911 - - default default] Availability Zones retrieved successfully.
2022-11-07 19:40:57.181 22 INFO cinder.volume.api [None req-e7aca04c-c103-42b7-ba8f-654a9aaeb6b8 b78ab073a39b4bca888d450f8f48047e 76d3e1209d57497aacdad8cc89a7d911 - - default default] Create volume request issued successfully.
2022-11-07 19:40:57.184 22 INFO cinder.api.openstack.wsgi [None req-e7aca04c-c103-42b7-ba8f-654a9aaeb6b8 b78ab073a39b4bca888d450f8f48047e 76d3e1209d57497aacdad8cc89a7d911 - - default default] http://[LB_IP_ADDRESS]:8776/v3/76d3e1209d57497aacdad8cc89a7d911/volumes returned with HTTP 202
2022-11-07 19:40:57.206 19 INFO cinder.api.openstack.wsgi [None req-3f3dd646-aef4-4b51-bbc4-70678a5e7395 b78ab073a39b4bca888d450f8f48047e 76d3e1209d57497aacdad8cc89a7d911 - - default default] GET http://[LB_IP_ADDRESS]:8776/v3/76d3e1209d57497aacdad8cc89a7d911/volumes/f4a10736-1133-48b4-8e8a-684b6a358b63
2022-11-07 19:40:57.230 19 INFO cinder.volume.api [None req-3f3dd646-aef4-4b51-bbc4-70678a5e7395 b78ab073a39b4bca888d450f8f48047e 76d3e1209d57497aacdad8cc89a7d911 - - default default] Volume info retrieved successfully.
2022-11-07 19:40:57.238 19 INFO cinder.api.openstack.wsgi [None req-3f3dd646-aef4-4b51-bbc4-70678a5e7395 b78ab073a39b4bca888d450f8f48047e 76d3e1209d57497aacdad8cc89a7d911 - - default default] http://[LB_IP_ADDRESS]:8776/v3/76d3e1209d57497aacdad8cc89a7d911/volumes/f4a10736-1133-48b4-8e8a-684b6a358b63 returned with HTTP 200
2022-11-07 19:40:57.741 23 INFO cinder.api.openstack.wsgi [None req-d5489de1-ccc6-4eef-8719-0be21d8855a6 bae8287043144487b32c612dbedb7414 7391d5284bb64a44b1a4b5d6d1d022ef - - default default] GET http://[LB_IP_ADDRESS]:8776/v3/7391d5284bb64a44b1a4b5d6d1d022ef/volumes/d3d92f43-090f-4706-8a6a-a51d44602dcc
2022-11-07 19:40:57.782 23 INFO cinder.volume.api [None req-d5489de1-ccc6-4eef-8719-0be21d8855a6 bae8287043144487b32c612dbedb7414 7391d5284bb64a44b1a4b5d6d1d022ef - - default default] Volume info retrieved successfully.
2022-11-07 19:40:57.813 23 INFO cinder.api.openstack.wsgi [None req-d5489de1-ccc6-4eef-8719-0be21d8855a6 bae8287043144487b32c612dbedb7414 7391d5284bb64a44b1a4b5d6d1d022ef - - default default] http://[LB_IP_ADDRESS]:8776/v3/7391d5284bb64a44b1a4b5d6d1d022ef/volumes/d3d92f43-090f-4706-8a6a-a51d44602dcc returned with HTTP 200
2022-11-07 19:40:58.258 20 INFO cinder.api.openstack.wsgi [None req-df672553-b6bb-4911-a753-0c830b589a65 b78ab073a39b4bca888d450f8f48047e 76d3e1209d57497aacdad8cc89a7d911 - - default default] GET http://[LB_IP_ADDRESS]:8776/v3/76d3e1209d57497aacdad8cc89a7d911/volumes/f4a10736-1133-48b4-8e8a-684b6a358b63
2022-11-07 19:40:58.294 20 INFO cinder.volume.api [None req-df672553-b6bb-4911-a753-0c830b589a65 b78ab073a39b4bca888d450f8f48047e 76d3e1209d57497aacdad8cc89a7d911 - - default default] Volume info retrieved successfully.
2022-11-07 19:40:58.303 20 INFO cinder.api.openstack.wsgi [None req-df672553-b6bb-4911-a753-0c830b589a65 b78ab073a39b4bca888d450f8f48047e 76d3e1209d57497aacdad8cc89a7d911 - - default default] http://[LB_IP_ADDRESS]:8776/v3/76d3e1209d57497aacdad8cc89a7d911/volumes/f4a10736-1133-48b4-8e8a-684b6a358b63 returned with HTTP 200
2022-11-07 19:40:58.838 21 INFO cinder.api.openstack.wsgi [None req-c25ec577-5f59-40dd-ba86-a856700a88c8 bae8287043144487b32c612dbedb7414 7391d5284bb64a44b1a4b5d6d1d022ef - - default default] GET http://[LB_IP_ADDRESS]:8776/v3/7391d5284bb64a44b1a4b5d6d1d022ef/volumes/d3d92f43-090f-4706-8a6a-a51d44602dcc
2022-11-07 19:40:58.863 21 INFO cinder.volume.api [None req-c25ec577-5f59-40dd-ba86-a856700a88c8 bae8287043144487b32c612dbedb7414 7391d5284bb64a44b1a4b5d6d1d022ef - - default default] Volume info retrieved successfully.
2022-11-07 19:40:58.892 21 INFO cinder.api.openstack.wsgi [None req-c25ec577-5f59-40dd-ba86-a856700a88c8 bae8287043144487b32c612dbedb7414 7391d5284bb64a44b1a4b5d6d1d022ef - - default default] http://[LB_IP_ADDRESS]:8776/v3/7391d5284bb64a44b1a4b5d6d1d022ef/volumes/d3d92f43-090f-4706-8a6a-a51d44602dcc returned with HTTP 200
2022-11-07 19:40:58.920 22 INFO cinder.api.openstack.wsgi [None req-3dcdcbbe-ef10-4734-91f8-8f6345314514 bae8287043144487b32c612dbedb7414 7391d5284bb64a44b1a4b5d6d1d022ef - - default default] PUT http://[LB_IP_ADDRESS]:8776/v3/7391d5284bb64a44b1a4b5d6d1d022ef/groups/22d71da7-78a3-4282-b54c-a1d9d02e8431
2022-11-07 19:40:58.926 22 INFO cinder.api.v3.groups [None req-3dcdcbbe-ef10-4734-91f8-8f6345314514 bae8287043144487b32c612dbedb7414 7391d5284bb64a44b1a4b5d6d1d022ef - - default default] Updating group 22d71da7-78a3-4282-b54c-a1d9d02e8431 with name None description: None add_volumes: None remove_volumes: f088fd16-7c2c-460c-8153-c69fef0b8b86.
2022-11-07 19:40:58.961 22 INFO cinder.api.openstack.wsgi [None req-3dcdcbbe-ef10-4734-91f8-8f6345314514 bae8287043144487b32c612dbedb7414 7391d5284bb64a44b1a4b5d6d1d022ef - - default default] http://[LB_IP_ADDRESS]:8776/v3/7391d5284bb64a44b1a4b5d6d1d022ef/groups/22d71da7-78a3-4282-b54c-a1d9d02e8431 returned with HTTP 202
2022-11-07 19:40:58.974 19 INFO cinder.api.openstack.wsgi [None req-e381d570-1a1b-4ead-bb2e-b6b998845eea bae8287043144487b32c612dbedb7414 7391d5284bb64a44b1a4b5d6d1d022ef - - default default] GET http://[LB_IP_ADDRESS]:8776/v3/7391d5284bb64a44b1a4b5d6d1d022ef/groups/22d71da7-78a3-4282-b54c-a1d9d02e8431
2022-11-07 19:40:58.993 19 INFO cinder.api.openstack.wsgi [None req-e381d570-1a1b-4ead-bb2e-b6b998845eea bae8287043144487b32c612dbedb7414 7391d5284bb64a44b1a4b5d6d1d022ef - - default default] http://[LB_IP_ADDRESS]:8776/v3/7391d5284bb64a44b1a4b5d6d1d022ef/groups/22d71da7-78a3-4282-b54c-a1d9d02e8431 returned with HTTP 200
2022-11-07 19:40:59.332 23 INFO cinder.api.openstack.wsgi [None req-373ace8a-8055-4e6a-835b-1981ee261e2b b78ab073a39b4bca888d450f8f48047e 76d3e1209d57497aacdad8cc89a7d911 - - default default] GET http://[LB_IP_ADDRESS]:8776/v3/76d3e1209d57497aacdad8cc89a7d911/volumes/f4a10736-1133-48b4-8e8a-684b6a358b63
2022-11-07 19:40:59.364 23 INFO cinder.volume.api [None req-373ace8a-8055-4e6a-835b-1981ee261e2b b78ab073a39b4bca888d450f8f48047e 76d3e1209d57497aacdad8cc89a7d911 - - default default] Volume info retrieved successfully.
2022-11-07 19:40:59.372 23 INFO cinder.api.openstack.wsgi [None req-373ace8a-8055-4e6a-835b-1981ee261e2b b78ab073a39b4bca888d450f8f48047e 76d3e1209d57497aacdad8cc89a7d911 - - default default] http://[LB_IP_ADDRESS]:8776/v3/76d3e1209d57497aacdad8cc89a7d911/volumes/f4a10736-1133-48b4-8e8a-684b6a358b63 returned with HTTP 200
