2026-05-07 17:02:51.129 74 INFO cinder.api.openstack.wsgi [None req-e68d8777-c3b4-4338-bdee-1a8d594cc42c 3a2dfcaf42544507bfc676fe22e546f2 1ebc974fd61d4a63aee805fd386bacb8 - - default default] GET http://[LB_IP_ADDRESS]:8776/v3/1ebc974fd61d4a63aee805fd386bacb8/snapshots/87c11c4c-cfea-414a-af15-5eba64e30960
2026-05-07 17:02:51.140 74 INFO cinder.volume.api [None req-e68d8777-c3b4-4338-bdee-1a8d594cc42c 3a2dfcaf42544507bfc676fe22e546f2 1ebc974fd61d4a63aee805fd386bacb8 - - default default] Snapshot retrieved successfully.
2026-05-07 17:02:51.142 74 INFO cinder.api.openstack.wsgi [None req-e68d8777-c3b4-4338-bdee-1a8d594cc42c 3a2dfcaf42544507bfc676fe22e546f2 1ebc974fd61d4a63aee805fd386bacb8 - - default default] http://[LB_IP_ADDRESS]:8776/v3/1ebc974fd61d4a63aee805fd386bacb8/snapshots/87c11c4c-cfea-414a-af15-5eba64e30960 returned with HTTP 200
2026-05-07 17:02:51.480 75 INFO cinder.api.openstack.wsgi [None req-7d7e4928-9410-4d35-b81f-cc53db6c7c0b ab69b1a8a12849cc94e1267827dd43e8 b1edd93a37e541a287378c72888609e3 - - default default] GET http://[LB_IP_ADDRESS]:8776/v3/b1edd93a37e541a287378c72888609e3/volumes/4601acd0-6666-4f7c-98c0-bed7bbc11885
2026-05-07 17:02:51.492 75 INFO cinder.api.openstack.wsgi [None req-7d7e4928-9410-4d35-b81f-cc53db6c7c0b ab69b1a8a12849cc94e1267827dd43e8 b1edd93a37e541a287378c72888609e3 - - default default] http://[LB_IP_ADDRESS]:8776/v3/b1edd93a37e541a287378c72888609e3/volumes/4601acd0-6666-4f7c-98c0-bed7bbc11885 returned with HTTP 404
2026-05-07 17:02:51.508 73 INFO cinder.api.openstack.wsgi [None req-3713ed00-435e-4797-9286-c75ef903f149 ca785a44af3743ba9cfa1358c5d4ff4f 77b042ed526046c19f6f07813c63e272 - - default default] GET http://[LB_IP_ADDRESS]:8776/v3/77b042ed526046c19f6f07813c63e272/os-services
2026-05-07 17:02:51.516 73 INFO cinder.api.openstack.wsgi [None req-3713ed00-435e-4797-9286-c75ef903f149 ca785a44af3743ba9cfa1358c5d4ff4f 77b042ed526046c19f6f07813c63e272 - - default default] http://[LB_IP_ADDRESS]:8776/v3/77b042ed526046c19f6f07813c63e272/os-services returned with HTTP 200
2026-05-07 17:02:51.885 76 INFO cinder.api.openstack.wsgi [None req-5ae12052-3bfe-478a-bb89-f8ed931b69c3 49577a2f7f9e41bf95f2684f1c9aac01 e27424819cb3454b8804714155f9478f - - default default] GET http://[LB_IP_ADDRESS]:8776/v3/e27424819cb3454b8804714155f9478f/group_snapshots/394996d7-7ca1-4eb1-800a-02b36132996f
2026-05-07 17:02:51.900 76 INFO cinder.api.openstack.wsgi [None req-5ae12052-3bfe-478a-bb89-f8ed931b69c3 49577a2f7f9e41bf95f2684f1c9aac01 e27424819cb3454b8804714155f9478f - - default default] http://[LB_IP_ADDRESS]:8776/v3/e27424819cb3454b8804714155f9478f/group_snapshots/394996d7-7ca1-4eb1-800a-02b36132996f returned with HTTP 200
2026-05-07 17:02:52.159 72 INFO cinder.api.openstack.wsgi [None req-3a61a581-f136-4997-85f8-c2758dc86f4d 3a2dfcaf42544507bfc676fe22e546f2 1ebc974fd61d4a63aee805fd386bacb8 - - default default] GET http://[LB_IP_ADDRESS]:8776/v3/1ebc974fd61d4a63aee805fd386bacb8/snapshots/87c11c4c-cfea-414a-af15-5eba64e30960
2026-05-07 17:02:52.167 72 INFO cinder.api.openstack.wsgi [None req-3a61a581-f136-4997-85f8-c2758dc86f4d 3a2dfcaf42544507bfc676fe22e546f2 1ebc974fd61d4a63aee805fd386bacb8 - - default default] http://[LB_IP_ADDRESS]:8776/v3/1ebc974fd61d4a63aee805fd386bacb8/snapshots/87c11c4c-cfea-414a-af15-5eba64e30960 returned with HTTP 404
2026-05-07 17:02:52.179 74 INFO cinder.api.openstack.wsgi [None req-7f257f78-0257-4560-8f4f-341405f5d2c3 cf6916f3fe524f1c8a658e5e0d6bcabd 954539b08e3a44e39a20a7c34136da20 - - default default] POST http://[LB_IP_ADDRESS]:8776/v3/954539b08e3a44e39a20a7c34136da20/snapshots/b42c9ac6-8c21-4e46-8d06-eada5b5d7732/action
2026-05-07 17:02:52.215 74 INFO cinder.api.openstack.wsgi [None req-7f257f78-0257-4560-8f4f-341405f5d2c3 cf6916f3fe524f1c8a658e5e0d6bcabd 954539b08e3a44e39a20a7c34136da20 - - default default] http://[LB_IP_ADDRESS]:8776/v3/954539b08e3a44e39a20a7c34136da20/snapshots/b42c9ac6-8c21-4e46-8d06-eada5b5d7732/action returned with HTTP 202
2026-05-07 17:02:52.227 75 INFO cinder.api.openstack.wsgi [None req-ea8e7e62-fe0e-4b3a-9bb8-76aca953c801 3a2dfcaf42544507bfc676fe22e546f2 1ebc974fd61d4a63aee805fd386bacb8 - - default default] GET http://[LB_IP_ADDRESS]:8776/v3/1ebc974fd61d4a63aee805fd386bacb8/snapshots/b42c9ac6-8c21-4e46-8d06-eada5b5d7732
2026-05-07 17:02:52.237 75 INFO cinder.volume.api [None req-ea8e7e62-fe0e-4b3a-9bb8-76aca953c801 3a2dfcaf42544507bfc676fe22e546f2 1ebc974fd61d4a63aee805fd386bacb8 - - default default] Snapshot retrieved successfully.
2026-05-07 17:02:52.239 75 INFO cinder.api.openstack.wsgi [None req-ea8e7e62-fe0e-4b3a-9bb8-76aca953c801 3a2dfcaf42544507bfc676fe22e546f2 1ebc974fd61d4a63aee805fd386bacb8 - - default default] http://[LB_IP_ADDRESS]:8776/v3/1ebc974fd61d4a63aee805fd386bacb8/snapshots/b42c9ac6-8c21-4e46-8d06-eada5b5d7732 returned with HTTP 200
2026-05-07 17:02:52.255 73 INFO cinder.api.openstack.wsgi [None req-409d02ff-8165-4e08-8186-765b6f799f90 3a2dfcaf42544507bfc676fe22e546f2 1ebc974fd61d4a63aee805fd386bacb8 - - default default] DELETE http://[LB_IP_ADDRESS]:8776/v3/1ebc974fd61d4a63aee805fd386bacb8/snapshots/87c11c4c-cfea-414a-af15-5eba64e30960
2026-05-07 17:02:52.256 73 INFO cinder.api.v2.snapshots [None req-409d02ff-8165-4e08-8186-765b6f799f90 3a2dfcaf42544507bfc676fe22e546f2 1ebc974fd61d4a63aee805fd386bacb8 - - default default] Delete snapshot with id: 87c11c4c-cfea-414a-af15-5eba64e30960
2026-05-07 17:02:52.264 73 INFO cinder.api.openstack.wsgi [None req-409d02ff-8165-4e08-8186-765b6f799f90 3a2dfcaf42544507bfc676fe22e546f2 1ebc974fd61d4a63aee805fd386bacb8 - - default default] http://[LB_IP_ADDRESS]:8776/v3/1ebc974fd61d4a63aee805fd386bacb8/snapshots/87c11c4c-cfea-414a-af15-5eba64e30960 returned with HTTP 404
2026-05-07 17:02:52.280 76 INFO cinder.api.openstack.wsgi [None req-6aff694d-3330-46ef-a1c7-4b7869e0279a 3a2dfcaf42544507bfc676fe22e546f2 1ebc974fd61d4a63aee805fd386bacb8 - - default default] POST http://[LB_IP_ADDRESS]:8776/v3/1ebc974fd61d4a63aee805fd386bacb8/snapshots
2026-05-07 17:02:52.301 76 INFO cinder.volume.api [None req-6aff694d-3330-46ef-a1c7-4b7869e0279a 3a2dfcaf42544507bfc676fe22e546f2 1ebc974fd61d4a63aee805fd386bacb8 - - default default] Volume info retrieved successfully.
2026-05-07 17:02:52.301 76 INFO cinder.api.v3.snapshots [None req-6aff694d-3330-46ef-a1c7-4b7869e0279a 3a2dfcaf42544507bfc676fe22e546f2 1ebc974fd61d4a63aee805fd386bacb8 - - default default] Create snapshot from volume bc7fb193-7193-4dc3-af31-d8cb4f2f148d
2026-05-07 17:02:52.688 76 INFO cinder.volume.api [None req-6aff694d-3330-46ef-a1c7-4b7869e0279a 3a2dfcaf42544507bfc676fe22e546f2 1ebc974fd61d4a63aee805fd386bacb8 - - default default] Snapshot create request issued successfully.
2026-05-07 17:02:52.689 76 INFO cinder.api.openstack.wsgi [None req-6aff694d-3330-46ef-a1c7-4b7869e0279a 3a2dfcaf42544507bfc676fe22e546f2 1ebc974fd61d4a63aee805fd386bacb8 - - default default] http://[LB_IP_ADDRESS]:8776/v3/1ebc974fd61d4a63aee805fd386bacb8/snapshots returned with HTTP 202
2026-05-07 17:02:52.704 72 INFO cinder.api.openstack.wsgi [None req-dc0e5128-e646-463d-9aef-e76ffa8efa16 3a2dfcaf42544507bfc676fe22e546f2 1ebc974fd61d4a63aee805fd386bacb8 - - default default] GET http://[LB_IP_ADDRESS]:8776/v3/1ebc974fd61d4a63aee805fd386bacb8/snapshots/eb2bebcb-d0ed-4847-a5d5-e4780323676b
2026-05-07 17:02:52.715 72 INFO cinder.volume.api [None req-dc0e5128-e646-463d-9aef-e76ffa8efa16 3a2dfcaf42544507bfc676fe22e546f2 1ebc974fd61d4a63aee805fd386bacb8 - - default default] Snapshot retrieved successfully.
2026-05-07 17:02:52.717 72 INFO cinder.api.openstack.wsgi [None req-dc0e5128-e646-463d-9aef-e76ffa8efa16 3a2dfcaf42544507bfc676fe22e546f2 1ebc974fd61d4a63aee805fd386bacb8 - - default default] http://[LB_IP_ADDRESS]:8776/v3/1ebc974fd61d4a63aee805fd386bacb8/snapshots/eb2bebcb-d0ed-4847-a5d5-e4780323676b returned with HTTP 200
2026-05-07 17:02:52.868 74 INFO cinder.api.openstack.wsgi [None req-384b0edc-6c7e-41c3-ab07-73863a842e86 - - - - - -] GET http://[LB_IP_ADDRESS]:8776/
2026-05-07 17:02:52.869 74 INFO cinder.api.openstack.wsgi [None req-384b0edc-6c7e-41c3-ab07-73863a842e86 - - - - - -] http://[LB_IP_ADDRESS]:8776/ returned with HTTP 300
2026-05-07 17:02:52.915 75 INFO cinder.api.openstack.wsgi [None req-d6c048db-e635-4e21-bec0-9386a360e10a 49577a2f7f9e41bf95f2684f1c9aac01 e27424819cb3454b8804714155f9478f - - default default] GET http://[LB_IP_ADDRESS]:8776/v3/e27424819cb3454b8804714155f9478f/group_snapshots/394996d7-7ca1-4eb1-800a-02b36132996f
2026-05-07 17:02:52.928 75 INFO cinder.api.openstack.wsgi [None req-d6c048db-e635-4e21-bec0-9386a360e10a 49577a2f7f9e41bf95f2684f1c9aac01 e27424819cb3454b8804714155f9478f - - default default] http://[LB_IP_ADDRESS]:8776/v3/e27424819cb3454b8804714155f9478f/group_snapshots/394996d7-7ca1-4eb1-800a-02b36132996f returned with HTTP 200
2026-05-07 17:02:53.734 73 INFO cinder.api.openstack.wsgi [None req-ad358f3c-1502-44ac-946a-30e900c7889c 3a2dfcaf42544507bfc676fe22e546f2 1ebc974fd61d4a63aee805fd386bacb8 - - default default] GET http://[LB_IP_ADDRESS]:8776/v3/1ebc974fd61d4a63aee805fd386bacb8/snapshots/eb2bebcb-d0ed-4847-a5d5-e4780323676b
2026-05-07 17:02:53.747 73 INFO cinder.volume.api [None req-ad358f3c-1502-44ac-946a-30e900c7889c 3a2dfcaf42544507bfc676fe22e546f2 1ebc974fd61d4a63aee805fd386bacb8 - - default default] Snapshot retrieved successfully.
2026-05-07 17:02:53.749 73 INFO cinder.api.openstack.wsgi [None req-ad358f3c-1502-44ac-946a-30e900c7889c 3a2dfcaf42544507bfc676fe22e546f2 1ebc974fd61d4a63aee805fd386bacb8 - - default default] http://[LB_IP_ADDRESS]:8776/v3/1ebc974fd61d4a63aee805fd386bacb8/snapshots/eb2bebcb-d0ed-4847-a5d5-e4780323676b returned with HTTP 200
2026-05-07 17:02:53.942 76 INFO cinder.api.openstack.wsgi [None req-338d846e-6d75-4f5e-b686-47530211fb3b 49577a2f7f9e41bf95f2684f1c9aac01 e27424819cb3454b8804714155f9478f - - default default] GET http://[LB_IP_ADDRESS]:8776/v3/e27424819cb3454b8804714155f9478f/group_snapshots/394996d7-7ca1-4eb1-800a-02b36132996f
2026-05-07 17:02:53.956 76 INFO cinder.api.openstack.wsgi [None req-338d846e-6d75-4f5e-b686-47530211fb3b 49577a2f7f9e41bf95f2684f1c9aac01 e27424819cb3454b8804714155f9478f - - default default] http://[LB_IP_ADDRESS]:8776/v3/e27424819cb3454b8804714155f9478f/group_snapshots/394996d7-7ca1-4eb1-800a-02b36132996f returned with HTTP 200
2026-05-07 17:02:53.969 72 INFO cinder.api.openstack.wsgi [None req-ea287a15-b101-47b3-ae7c-3052161e6b08 49577a2f7f9e41bf95f2684f1c9aac01 e27424819cb3454b8804714155f9478f - - default default] GET http://[LB_IP_ADDRESS]:8776/v3/e27424819cb3454b8804714155f9478f/snapshots/detail
2026-05-07 17:02:53.976 72 INFO cinder.volume.api [None req-ea287a15-b101-47b3-ae7c-3052161e6b08 49577a2f7f9e41bf95f2684f1c9aac01 e27424819cb3454b8804714155f9478f - - default default] Get all snapshots completed successfully.
2026-05-07 17:02:53.978 72 INFO cinder.api.openstack.wsgi [None req-ea287a15-b101-47b3-ae7c-3052161e6b08 49577a2f7f9e41bf95f2684f1c9aac01 e27424819cb3454b8804714155f9478f - - default default] http://[LB_IP_ADDRESS]:8776/v3/e27424819cb3454b8804714155f9478f/snapshots/detail returned with HTTP 200
2026-05-07 17:02:53.995 74 INFO cinder.api.openstack.wsgi [None req-534b38e8-8308-4e5a-b8a6-55a83f6d1ed9 49577a2f7f9e41bf95f2684f1c9aac01 e27424819cb3454b8804714155f9478f - - default default] GET http://[LB_IP_ADDRESS]:8776/v3/e27424819cb3454b8804714155f9478f/snapshots/497bd4f6-6a35-4d65-b48c-1d904651bb4c
2026-05-07 17:02:54.005 74 INFO cinder.volume.api [None req-534b38e8-8308-4e5a-b8a6-55a83f6d1ed9 49577a2f7f9e41bf95f2684f1c9aac01 e27424819cb3454b8804714155f9478f - - default default] Snapshot retrieved successfully.
2026-05-07 17:02:54.007 74 INFO cinder.api.openstack.wsgi [None req-534b38e8-8308-4e5a-b8a6-55a83f6d1ed9 49577a2f7f9e41bf95f2684f1c9aac01 e27424819cb3454b8804714155f9478f - - default default] http://[LB_IP_ADDRESS]:8776/v3/e27424819cb3454b8804714155f9478f/snapshots/497bd4f6-6a35-4d65-b48c-1d904651bb4c returned with HTTP 200
2026-05-07 17:02:54.022 75 INFO cinder.api.openstack.wsgi [None req-4c2dc956-a552-4aaf-b36d-a15f7ee2a76d 49577a2f7f9e41bf95f2684f1c9aac01 e27424819cb3454b8804714155f9478f - - default default] GET http://[LB_IP_ADDRESS]:8776/v3/e27424819cb3454b8804714155f9478f/snapshots/09b16038-ce19-4362-883e-f1fe2b008270
2026-05-07 17:02:54.031 75 INFO cinder.volume.api [None req-4c2dc956-a552-4aaf-b36d-a15f7ee2a76d 49577a2f7f9e41bf95f2684f1c9aac01 e27424819cb3454b8804714155f9478f - - default default] Snapshot retrieved successfully.
2026-05-07 17:02:54.032 75 INFO cinder.api.openstack.wsgi [None req-4c2dc956-a552-4aaf-b36d-a15f7ee2a76d 49577a2f7f9e41bf95f2684f1c9aac01 e27424819cb3454b8804714155f9478f - - default default] http://[LB_IP_ADDRESS]:8776/v3/e27424819cb3454b8804714155f9478f/snapshots/09b16038-ce19-4362-883e-f1fe2b008270 returned with HTTP 200
2026-05-07 17:02:54.046 73 INFO cinder.api.openstack.wsgi [None req-dfa5a240-5e3c-49eb-9a4f-189af26918f3 49577a2f7f9e41bf95f2684f1c9aac01 e27424819cb3454b8804714155f9478f - - default default] DELETE http://[LB_IP_ADDRESS]:8776/v3/e27424819cb3454b8804714155f9478f/group_snapshots/394996d7-7ca1-4eb1-800a-02b36132996f
2026-05-07 17:02:54.047 73 INFO cinder.api.v3.group_snapshots [None req-dfa5a240-5e3c-49eb-9a4f-189af26918f3 49577a2f7f9e41bf95f2684f1c9aac01 e27424819cb3454b8804714155f9478f - - default default] Delete group_snapshot with id: 394996d7-7ca1-4eb1-800a-02b36132996f
2026-05-07 17:02:54.099 73 INFO cinder.api.openstack.wsgi [None req-dfa5a240-5e3c-49eb-9a4f-189af26918f3 49577a2f7f9e41bf95f2684f1c9aac01 e27424819cb3454b8804714155f9478f - - default default] http://[LB_IP_ADDRESS]:8776/v3/e27424819cb3454b8804714155f9478f/group_snapshots/394996d7-7ca1-4eb1-800a-02b36132996f returned with HTTP 202
2026-05-07 17:02:54.110 76 INFO cinder.api.openstack.wsgi [None req-9d11ac47-cb65-4aba-b081-c101c4462a16 49577a2f7f9e41bf95f2684f1c9aac01 e27424819cb3454b8804714155f9478f - - default default] GET http://[LB_IP_ADDRESS]:8776/v3/e27424819cb3454b8804714155f9478f/volumes/detail
2026-05-07 17:02:54.126 76 INFO cinder.volume.api [None req-9d11ac47-cb65-4aba-b081-c101c4462a16 49577a2f7f9e41bf95f2684f1c9aac01 e27424819cb3454b8804714155f9478f - - default default] Get all volumes completed successfully.
2026-05-07 17:02:54.159 76 INFO cinder.api.openstack.wsgi [None req-9d11ac47-cb65-4aba-b081-c101c4462a16 49577a2f7f9e41bf95f2684f1c9aac01 e27424819cb3454b8804714155f9478f - - default default] http://[LB_IP_ADDRESS]:8776/v3/e27424819cb3454b8804714155f9478f/volumes/detail returned with HTTP 200
2026-05-07 17:02:54.179 72 INFO cinder.api.openstack.wsgi [None req-0f8a7afa-977c-4094-b075-851d1948215b 49577a2f7f9e41bf95f2684f1c9aac01 e27424819cb3454b8804714155f9478f - - default default] GET http://[LB_IP_ADDRESS]:8776/v3/e27424819cb3454b8804714155f9478f/snapshots/detail
2026-05-07 17:02:54.187 72 INFO cinder.volume.api [None req-0f8a7afa-977c-4094-b075-851d1948215b 49577a2f7f9e41bf95f2684f1c9aac01 e27424819cb3454b8804714155f9478f - - default default] Get all snapshots completed successfully.
2026-05-07 17:02:54.188 72 INFO cinder.api.openstack.wsgi [None req-0f8a7afa-977c-4094-b075-851d1948215b 49577a2f7f9e41bf95f2684f1c9aac01 e27424819cb3454b8804714155f9478f - - default default] http://[LB_IP_ADDRESS]:8776/v3/e27424819cb3454b8804714155f9478f/snapshots/detail returned with HTTP 200
2026-05-07 17:02:54.204 74 INFO cinder.api.openstack.wsgi [None req-184b5774-eb13-41d9-a554-49627fa7f4f2 49577a2f7f9e41bf95f2684f1c9aac01 e27424819cb3454b8804714155f9478f - - default default] GET http://[LB_IP_ADDRESS]:8776/v3/e27424819cb3454b8804714155f9478f/snapshots/09b16038-ce19-4362-883e-f1fe2b008270
2026-05-07 17:02:54.215 74 INFO cinder.volume.api [None req-184b5774-eb13-41d9-a554-49627fa7f4f2 49577a2f7f9e41bf95f2684f1c9aac01 e27424819cb3454b8804714155f9478f - - default default] Snapshot retrieved successfully.
2026-05-07 17:02:54.216 74 INFO cinder.api.openstack.wsgi [None req-184b5774-eb13-41d9-a554-49627fa7f4f2 49577a2f7f9e41bf95f2684f1c9aac01 e27424819cb3454b8804714155f9478f - - default default] http://[LB_IP_ADDRESS]:8776/v3/e27424819cb3454b8804714155f9478f/snapshots/09b16038-ce19-4362-883e-f1fe2b008270 returned with HTTP 200
2026-05-07 17:02:54.765 75 INFO cinder.api.openstack.wsgi [None req-305ae991-a9a5-4c95-a5c2-5ed5fe2dcdf4 3a2dfcaf42544507bfc676fe22e546f2 1ebc974fd61d4a63aee805fd386bacb8 - - default default] GET http://[LB_IP_ADDRESS]:8776/v3/1ebc974fd61d4a63aee805fd386bacb8/snapshots/eb2bebcb-d0ed-4847-a5d5-e4780323676b
2026-05-07 17:02:54.776 75 INFO cinder.volume.api [None req-305ae991-a9a5-4c95-a5c2-5ed5fe2dcdf4 3a2dfcaf42544507bfc676fe22e546f2 1ebc974fd61d4a63aee805fd386bacb8 - - default default] Snapshot retrieved successfully.
2026-05-07 17:02:54.778 75 INFO cinder.api.openstack.wsgi [None req-305ae991-a9a5-4c95-a5c2-5ed5fe2dcdf4 3a2dfcaf42544507bfc676fe22e546f2 1ebc974fd61d4a63aee805fd386bacb8 - - default default] http://[LB_IP_ADDRESS]:8776/v3/1ebc974fd61d4a63aee805fd386bacb8/snapshots/eb2bebcb-d0ed-4847-a5d5-e4780323676b returned with HTTP 200
2026-05-07 17:02:54.795 73 INFO cinder.api.openstack.wsgi [None req-0e9153e6-7f12-4a14-b091-8bfb341d6d87 cf6916f3fe524f1c8a658e5e0d6bcabd 954539b08e3a44e39a20a7c34136da20 - - default default] POST http://[LB_IP_ADDRESS]:8776/v3/954539b08e3a44e39a20a7c34136da20/snapshots/eb2bebcb-d0ed-4847-a5d5-e4780323676b/action
2026-05-07 17:02:54.832 73 INFO cinder.api.openstack.wsgi [None req-0e9153e6-7f12-4a14-b091-8bfb341d6d87 cf6916f3fe524f1c8a658e5e0d6bcabd 954539b08e3a44e39a20a7c34136da20 - - default default] http://[LB_IP_ADDRESS]:8776/v3/954539b08e3a44e39a20a7c34136da20/snapshots/eb2bebcb-d0ed-4847-a5d5-e4780323676b/action returned with HTTP 202
2026-05-07 17:02:54.844 76 INFO cinder.api.openstack.wsgi [None req-b59bce7c-f3e7-4239-9180-6326f5c599de 3a2dfcaf42544507bfc676fe22e546f2 1ebc974fd61d4a63aee805fd386bacb8 - - default default] GET http://[LB_IP_ADDRESS]:8776/v3/1ebc974fd61d4a63aee805fd386bacb8/snapshots/eb2bebcb-d0ed-4847-a5d5-e4780323676b
2026-05-07 17:02:54.854 76 INFO cinder.volume.api [None req-b59bce7c-f3e7-4239-9180-6326f5c599de 3a2dfcaf42544507bfc676fe22e546f2 1ebc974fd61d4a63aee805fd386bacb8 - - default default] Snapshot retrieved successfully.
2026-05-07 17:02:54.856 76 INFO cinder.api.openstack.wsgi [None req-b59bce7c-f3e7-4239-9180-6326f5c599de 3a2dfcaf42544507bfc676fe22e546f2 1ebc974fd61d4a63aee805fd386bacb8 - - default default] http://[LB_IP_ADDRESS]:8776/v3/1ebc974fd61d4a63aee805fd386bacb8/snapshots/eb2bebcb-d0ed-4847-a5d5-e4780323676b returned with HTTP 200
2026-05-07 17:02:54.871 72 INFO cinder.api.openstack.wsgi [None req-2b736dd6-6889-4d84-aa49-71bae15df1cb cf6916f3fe524f1c8a658e5e0d6bcabd 954539b08e3a44e39a20a7c34136da20 - - default default] POST http://[LB_IP_ADDRESS]:8776/v3/954539b08e3a44e39a20a7c34136da20/snapshots/eb2bebcb-d0ed-4847-a5d5-e4780323676b/action
2026-05-07 17:02:54.883 72 INFO cinder.volume.api [None req-2b736dd6-6889-4d84-aa49-71bae15df1cb cf6916f3fe524f1c8a658e5e0d6bcabd 954539b08e3a44e39a20a7c34136da20 - - default default] Snapshot retrieved successfully.
2026-05-07 17:02:54.912 72 INFO cinder.volume.api [None req-2b736dd6-6889-4d84-aa49-71bae15df1cb cf6916f3fe524f1c8a658e5e0d6bcabd 954539b08e3a44e39a20a7c34136da20 - - default default] Snapshot delete request issued successfully.
2026-05-07 17:02:54.913 72 INFO cinder.api.openstack.wsgi [None req-2b736dd6-6889-4d84-aa49-71bae15df1cb cf6916f3fe524f1c8a658e5e0d6bcabd 954539b08e3a44e39a20a7c34136da20 - - default default] http://[LB_IP_ADDRESS]:8776/v3/954539b08e3a44e39a20a7c34136da20/snapshots/eb2bebcb-d0ed-4847-a5d5-e4780323676b/action returned with HTTP 202
2026-05-07 17:02:54.924 74 INFO cinder.api.openstack.wsgi [None req-5aae23d9-63b3-468f-9f3f-259006b11c8f 3a2dfcaf42544507bfc676fe22e546f2 1ebc974fd61d4a63aee805fd386bacb8 - - default default] GET http://[LB_IP_ADDRESS]:8776/v3/1ebc974fd61d4a63aee805fd386bacb8/snapshots/eb2bebcb-d0ed-4847-a5d5-e4780323676b
2026-05-07 17:02:54.936 74 INFO cinder.volume.api [None req-5aae23d9-63b3-468f-9f3f-259006b11c8f 3a2dfcaf42544507bfc676fe22e546f2 1ebc974fd61d4a63aee805fd386bacb8 - - default default] Snapshot retrieved successfully.
2026-05-07 17:02:54.938 74 INFO cinder.api.openstack.wsgi [None req-5aae23d9-63b3-468f-9f3f-259006b11c8f 3a2dfcaf42544507bfc676fe22e546f2 1ebc974fd61d4a63aee805fd386bacb8 - - default default] http://[LB_IP_ADDRESS]:8776/v3/1ebc974fd61d4a63aee805fd386bacb8/snapshots/eb2bebcb-d0ed-4847-a5d5-e4780323676b returned with HTTP 200
2026-05-07 17:02:55.236 75 INFO cinder.api.openstack.wsgi [None req-9b62973d-5162-4f73-b669-485bd48ac9f3 49577a2f7f9e41bf95f2684f1c9aac01 e27424819cb3454b8804714155f9478f - - default default] GET http://[LB_IP_ADDRESS]:8776/v3/e27424819cb3454b8804714155f9478f/snapshots/09b16038-ce19-4362-883e-f1fe2b008270
2026-05-07 17:02:55.246 75 INFO cinder.api.openstack.wsgi [None req-9b62973d-5162-4f73-b669-485bd48ac9f3 49577a2f7f9e41bf95f2684f1c9aac01 e27424819cb3454b8804714155f9478f - - default default] http://[LB_IP_ADDRESS]:8776/v3/e27424819cb3454b8804714155f9478f/snapshots/09b16038-ce19-4362-883e-f1fe2b008270 returned with HTTP 404
2026-05-07 17:02:55.259 73 INFO cinder.api.openstack.wsgi [None req-9bf6c663-795f-4238-a274-f06f6ebdea28 49577a2f7f9e41bf95f2684f1c9aac01 e27424819cb3454b8804714155f9478f - - default default] GET http://[LB_IP_ADDRESS]:8776/v3/e27424819cb3454b8804714155f9478f/snapshots/497bd4f6-6a35-4d65-b48c-1d904651bb4c
2026-05-07 17:02:55.268 73 INFO cinder.api.openstack.wsgi [None req-9bf6c663-795f-4238-a274-f06f6ebdea28 49577a2f7f9e41bf95f2684f1c9aac01 e27424819cb3454b8804714155f9478f - - default default] http://[LB_IP_ADDRESS]:8776/v3/e27424819cb3454b8804714155f9478f/snapshots/497bd4f6-6a35-4d65-b48c-1d904651bb4c returned with HTTP 404
2026-05-07 17:02:55.280 76 INFO cinder.api.openstack.wsgi [None req-70350a14-bfa3-4ea7-b96f-71d309ded7e3 49577a2f7f9e41bf95f2684f1c9aac01 e27424819cb3454b8804714155f9478f - - default default] GET http://[LB_IP_ADDRESS]:8776/v3/e27424819cb3454b8804714155f9478f/group_snapshots/394996d7-7ca1-4eb1-800a-02b36132996f
2026-05-07 17:02:55.286 76 INFO cinder.api.openstack.wsgi [None req-70350a14-bfa3-4ea7-b96f-71d309ded7e3 49577a2f7f9e41bf95f2684f1c9aac01 e27424819cb3454b8804714155f9478f - - default default] http://[LB_IP_ADDRESS]:8776/v3/e27424819cb3454b8804714155f9478f/group_snapshots/394996d7-7ca1-4eb1-800a-02b36132996f returned with HTTP 404
2026-05-07 17:02:55.299 72 INFO cinder.api.openstack.wsgi [None req-cdd33df7-9339-41ac-9bf4-2f94383e5438 49577a2f7f9e41bf95f2684f1c9aac01 e27424819cb3454b8804714155f9478f - - default default] DELETE http://[LB_IP_ADDRESS]:8776/v3/e27424819cb3454b8804714155f9478f/group_snapshots/394996d7-7ca1-4eb1-800a-02b36132996f
2026-05-07 17:02:55.300 72 INFO cinder.api.v3.group_snapshots [None req-cdd33df7-9339-41ac-9bf4-2f94383e5438 49577a2f7f9e41bf95f2684f1c9aac01 e27424819cb3454b8804714155f9478f - - default default] Delete group_snapshot with id: 394996d7-7ca1-4eb1-800a-02b36132996f
2026-05-07 17:02:55.305 72 INFO cinder.api.openstack.wsgi [None req-cdd33df7-9339-41ac-9bf4-2f94383e5438 49577a2f7f9e41bf95f2684f1c9aac01 e27424819cb3454b8804714155f9478f - - default default] http://[LB_IP_ADDRESS]:8776/v3/e27424819cb3454b8804714155f9478f/group_snapshots/394996d7-7ca1-4eb1-800a-02b36132996f returned with HTTP 404
2026-05-07 17:02:55.317 74 INFO cinder.api.openstack.wsgi [None req-280d8ed9-05de-47eb-8f9d-4d918fac7b43 49577a2f7f9e41bf95f2684f1c9aac01 e27424819cb3454b8804714155f9478f - - default default] GET http://[LB_IP_ADDRESS]:8776/v3/e27424819cb3454b8804714155f9478f/volumes/detail
2026-05-07 17:02:55.334 74 INFO cinder.volume.api [None req-280d8ed9-05de-47eb-8f9d-4d918fac7b43 49577a2f7f9e41bf95f2684f1c9aac01 e27424819cb3454b8804714155f9478f - - default default] Get all volumes completed successfully.
2026-05-07 17:02:55.380 74 INFO cinder.api.openstack.wsgi [None req-280d8ed9-05de-47eb-8f9d-4d918fac7b43 49577a2f7f9e41bf95f2684f1c9aac01 e27424819cb3454b8804714155f9478f - - default default] http://[LB_IP_ADDRESS]:8776/v3/e27424819cb3454b8804714155f9478f/volumes/detail returned with HTTP 200
2026-05-07 17:02:55.404 75 INFO cinder.api.openstack.wsgi [None req-49fd86cf-be46-44b0-b4bc-12ba50d9e554 49577a2f7f9e41bf95f2684f1c9aac01 e27424819cb3454b8804714155f9478f - - default default] POST http://[LB_IP_ADDRESS]:8776/v3/e27424819cb3454b8804714155f9478f/groups/bbc2fb9f-73f1-4d02-b13f-403ef7d88b90/action
2026-05-07 17:02:55.408 75 INFO cinder.api.v3.groups [None req-49fd86cf-be46-44b0-b4bc-12ba50d9e554 49577a2f7f9e41bf95f2684f1c9aac01 e27424819cb3454b8804714155f9478f - - default default] Delete group with id: bbc2fb9f-73f1-4d02-b13f-403ef7d88b90
2026-05-07 17:02:55.487 75 INFO cinder.api.openstack.wsgi [None req-49fd86cf-be46-44b0-b4bc-12ba50d9e554 49577a2f7f9e41bf95f2684f1c9aac01 e27424819cb3454b8804714155f9478f - - default default] http://[LB_IP_ADDRESS]:8776/v3/e27424819cb3454b8804714155f9478f/groups/bbc2fb9f-73f1-4d02-b13f-403ef7d88b90/action returned with HTTP 202
2026-05-07 17:02:55.499 73 INFO cinder.api.openstack.wsgi [None req-dadebf8a-1c37-4b21-9884-28fac6f8c49b 49577a2f7f9e41bf95f2684f1c9aac01 e27424819cb3454b8804714155f9478f - - default default] GET http://[LB_IP_ADDRESS]:8776/v3/e27424819cb3454b8804714155f9478f/volumes/cfe02b4e-a296-4e41-b72a-b978c5cc7d9e
2026-05-07 17:02:55.519 73 INFO cinder.volume.api [None req-dadebf8a-1c37-4b21-9884-28fac6f8c49b 49577a2f7f9e41bf95f2684f1c9aac01 e27424819cb3454b8804714155f9478f - - default default] Volume info retrieved successfully.
2026-05-07 17:02:55.546 73 INFO cinder.api.openstack.wsgi [None req-dadebf8a-1c37-4b21-9884-28fac6f8c49b 49577a2f7f9e41bf95f2684f1c9aac01 e27424819cb3454b8804714155f9478f - - default default] http://[LB_IP_ADDRESS]:8776/v3/e27424819cb3454b8804714155f9478f/volumes/cfe02b4e-a296-4e41-b72a-b978c5cc7d9e returned with HTTP 200
2026-05-07 17:02:55.954 72 INFO cinder.api.openstack.wsgi [None req-c9aa0929-3673-4858-8b23-46fd322c628d 3a2dfcaf42544507bfc676fe22e546f2 1ebc974fd61d4a63aee805fd386bacb8 - - default default] GET http://[LB_IP_ADDRESS]:8776/v3/1ebc974fd61d4a63aee805fd386bacb8/snapshots/eb2bebcb-d0ed-4847-a5d5-e4780323676b
2026-05-07 17:02:55.963 72 INFO cinder.api.openstack.wsgi [None req-c9aa0929-3673-4858-8b23-46fd322c628d 3a2dfcaf42544507bfc676fe22e546f2 1ebc974fd61d4a63aee805fd386bacb8 - - default default] http://[LB_IP_ADDRESS]:8776/v3/1ebc974fd61d4a63aee805fd386bacb8/snapshots/eb2bebcb-d0ed-4847-a5d5-e4780323676b returned with HTTP 404
2026-05-07 17:02:55.976 74 INFO cinder.api.openstack.wsgi [None req-43d390fe-66d0-40fa-896a-548ba105e09f cf6916f3fe524f1c8a658e5e0d6bcabd 954539b08e3a44e39a20a7c34136da20 - - default default] POST http://[LB_IP_ADDRESS]:8776/v3/954539b08e3a44e39a20a7c34136da20/snapshots/b42c9ac6-8c21-4e46-8d06-eada5b5d7732/action
2026-05-07 17:02:56.017 74 INFO cinder.api.openstack.wsgi [None req-43d390fe-66d0-40fa-896a-548ba105e09f cf6916f3fe524f1c8a658e5e0d6bcabd 954539b08e3a44e39a20a7c34136da20 - - default default] http://[LB_IP_ADDRESS]:8776/v3/954539b08e3a44e39a20a7c34136da20/snapshots/b42c9ac6-8c21-4e46-8d06-eada5b5d7732/action returned with HTTP 202
2026-05-07 17:02:56.029 75 INFO cinder.api.openstack.wsgi [None req-7de74350-8ba3-42e1-ac0f-e07ec1ca008f 3a2dfcaf42544507bfc676fe22e546f2 1ebc974fd61d4a63aee805fd386bacb8 - - default default] GET http://[LB_IP_ADDRESS]:8776/v3/1ebc974fd61d4a63aee805fd386bacb8/snapshots/b42c9ac6-8c21-4e46-8d06-eada5b5d7732
2026-05-07 17:02:56.040 75 INFO cinder.volume.api [None req-7de74350-8ba3-42e1-ac0f-e07ec1ca008f 3a2dfcaf42544507bfc676fe22e546f2 1ebc974fd61d4a63aee805fd386bacb8 - - default default] Snapshot retrieved successfully.
2026-05-07 17:02:56.042 75 INFO cinder.api.openstack.wsgi [None req-7de74350-8ba3-42e1-ac0f-e07ec1ca008f 3a2dfcaf42544507bfc676fe22e546f2 1ebc974fd61d4a63aee805fd386bacb8 - - default default] http://[LB_IP_ADDRESS]:8776/v3/1ebc974fd61d4a63aee805fd386bacb8/snapshots/b42c9ac6-8c21-4e46-8d06-eada5b5d7732 returned with HTTP 200
2026-05-07 17:02:56.046 76 INFO cinder.api.openstack.wsgi [None req-fad0c5ce-671f-4022-9184-feef12463ad6 946c8eeedc28475b946fd34ad5a52428 7ddfceb8e6ae4ddeba648baedc97a1bb - - default default] GET http://[LB_IP_ADDRESS]:8776/v3/7ddfceb8e6ae4ddeba648baedc97a1bb/os-quota-sets/6db1cbee0d63470fae508938c2599b00
2026-05-07 17:02:56.058 73 INFO cinder.api.openstack.wsgi [None req-5c674451-9ea7-4f25-b7dc-3abc7b64a826 3a2dfcaf42544507bfc676fe22e546f2 1ebc974fd61d4a63aee805fd386bacb8 - - default default] DELETE http://[LB_IP_ADDRESS]:8776/v3/1ebc974fd61d4a63aee805fd386bacb8/snapshots/eb2bebcb-d0ed-4847-a5d5-e4780323676b
2026-05-07 17:02:56.059 73 INFO cinder.api.v2.snapshots [None req-5c674451-9ea7-4f25-b7dc-3abc7b64a826 3a2dfcaf42544507bfc676fe22e546f2 1ebc974fd61d4a63aee805fd386bacb8 - - default default] Delete snapshot with id: eb2bebcb-d0ed-4847-a5d5-e4780323676b
2026-05-07 17:02:56.067 73 INFO cinder.api.openstack.wsgi [None req-5c674451-9ea7-4f25-b7dc-3abc7b64a826 3a2dfcaf42544507bfc676fe22e546f2 1ebc974fd61d4a63aee805fd386bacb8 - - default default] http://[LB_IP_ADDRESS]:8776/v3/1ebc974fd61d4a63aee805fd386bacb8/snapshots/eb2bebcb-d0ed-4847-a5d5-e4780323676b returned with HTTP 404
2026-05-07 17:02:56.082 72 INFO cinder.api.openstack.wsgi [None req-99a3839a-c268-4fbb-a864-9515b67b32f0 3a2dfcaf42544507bfc676fe22e546f2 1ebc974fd61d4a63aee805fd386bacb8 - - default default] POST http://[LB_IP_ADDRESS]:8776/v3/1ebc974fd61d4a63aee805fd386bacb8/snapshots
2026-05-07 17:02:56.102 72 INFO cinder.volume.api [None req-99a3839a-c268-4fbb-a864-9515b67b32f0 3a2dfcaf42544507bfc676fe22e546f2 1ebc974fd61d4a63aee805fd386bacb8 - - default default] Volume info retrieved successfully.
2026-05-07 17:02:56.102 72 INFO cinder.api.v3.snapshots [None req-99a3839a-c268-4fbb-a864-9515b67b32f0 3a2dfcaf42544507bfc676fe22e546f2 1ebc974fd61d4a63aee805fd386bacb8 - - default default] Create snapshot from volume bc7fb193-7193-4dc3-af31-d8cb4f2f148d
2026-05-07 17:02:56.134 76 WARNING cinder.quota [None req-fad0c5ce-671f-4022-9184-feef12463ad6 946c8eeedc28475b946fd34ad5a52428 7ddfceb8e6ae4ddeba648baedc97a1bb - - default default] Deprecated: Default quota for resource: volumes_tempest-GroupSnapshotsTest-volume-type-1621734056 is set by the default quota flag: quota_volumes_tempest-GroupSnapshotsTest-volume-type-1621734056, it is now deprecated. Please use the default quota class for default quota.
2026-05-07 17:02:56.134 76 WARNING cinder.quota [None req-fad0c5ce-671f-4022-9184-feef12463ad6 946c8eeedc28475b946fd34ad5a52428 7ddfceb8e6ae4ddeba648baedc97a1bb - - default default] Deprecated: Default quota for resource: gigabytes_tempest-GroupSnapshotsTest-volume-type-1621734056 is set by the default quota flag: quota_gigabytes_tempest-GroupSnapshotsTest-volume-type-1621734056, it is now deprecated. Please use the default quota class for default quota.
2026-05-07 17:02:56.135 76 WARNING cinder.quota [None req-fad0c5ce-671f-4022-9184-feef12463ad6 946c8eeedc28475b946fd34ad5a52428 7ddfceb8e6ae4ddeba648baedc97a1bb - - default default] Deprecated: Default quota for resource: snapshots_tempest-GroupSnapshotsTest-volume-type-1621734056 is set by the default quota flag: quota_snapshots_tempest-GroupSnapshotsTest-volume-type-1621734056, it is now deprecated. Please use the default quota class for default quota.
2026-05-07 17:02:56.189 76 INFO cinder.api.openstack.wsgi [None req-fad0c5ce-671f-4022-9184-feef12463ad6 946c8eeedc28475b946fd34ad5a52428 7ddfceb8e6ae4ddeba648baedc97a1bb - - default default] http://[LB_IP_ADDRESS]:8776/v3/7ddfceb8e6ae4ddeba648baedc97a1bb/os-quota-sets/6db1cbee0d63470fae508938c2599b00 returned with HTTP 200
2026-05-07 17:02:56.203 74 INFO cinder.api.openstack.wsgi [None req-59ec584a-6149-4070-8097-e7ea67161e4d 946c8eeedc28475b946fd34ad5a52428 7ddfceb8e6ae4ddeba648baedc97a1bb - - default default] PUT http://[LB_IP_ADDRESS]:8776/v3/7ddfceb8e6ae4ddeba648baedc97a1bb/os-quota-sets/6db1cbee0d63470fae508938c2599b00
2026-05-07 17:02:56.245 72 INFO cinder.volume.api [None req-99a3839a-c268-4fbb-a864-9515b67b32f0 3a2dfcaf42544507bfc676fe22e546f2 1ebc974fd61d4a63aee805fd386bacb8 - - default default] Snapshot create request issued successfully.
2026-05-07 17:02:56.246 72 INFO cinder.api.openstack.wsgi [None req-99a3839a-c268-4fbb-a864-9515b67b32f0 3a2dfcaf42544507bfc676fe22e546f2 1ebc974fd61d4a63aee805fd386bacb8 - - default default] http://[LB_IP_ADDRESS]:8776/v3/1ebc974fd61d4a63aee805fd386bacb8/snapshots returned with HTTP 202
2026-05-07 17:02:56.261 75 INFO cinder.api.openstack.wsgi [None req-5c546f36-dff2-4388-be76-d39ed120399d 3a2dfcaf42544507bfc676fe22e546f2 1ebc974fd61d4a63aee805fd386bacb8 - - default default] GET http://[LB_IP_ADDRESS]:8776/v3/1ebc974fd61d4a63aee805fd386bacb8/snapshots/1c35385d-29d8-4944-9129-7605ce5e935d
2026-05-07 17:02:56.272 75 INFO cinder.volume.api [None req-5c546f36-dff2-4388-be76-d39ed120399d 3a2dfcaf42544507bfc676fe22e546f2 1ebc974fd61d4a63aee805fd386bacb8 - - default default] Snapshot retrieved successfully.
2026-05-07 17:02:56.274 75 INFO cinder.api.openstack.wsgi [None req-5c546f36-dff2-4388-be76-d39ed120399d 3a2dfcaf42544507bfc676fe22e546f2 1ebc974fd61d4a63aee805fd386bacb8 - - default default] http://[LB_IP_ADDRESS]:8776/v3/1ebc974fd61d4a63aee805fd386bacb8/snapshots/1c35385d-29d8-4944-9129-7605ce5e935d returned with HTTP 200
2026-05-07 17:02:56.406 74 WARNING cinder.quota [None req-59ec584a-6149-4070-8097-e7ea67161e4d 946c8eeedc28475b946fd34ad5a52428 7ddfceb8e6ae4ddeba648baedc97a1bb - - default default] Deprecated: Default quota for resource: volumes_tempest-GroupSnapshotsTest-volume-type-1621734056 is set by the default quota flag: quota_volumes_tempest-GroupSnapshotsTest-volume-type-1621734056, it is now deprecated. Please use the default quota class for default quota.
2026-05-07 17:02:56.407 74 WARNING cinder.quota [None req-59ec584a-6149-4070-8097-e7ea67161e4d 946c8eeedc28475b946fd34ad5a52428 7ddfceb8e6ae4ddeba648baedc97a1bb - - default default] Deprecated: Default quota for resource: gigabytes_tempest-GroupSnapshotsTest-volume-type-1621734056 is set by the default quota flag: quota_gigabytes_tempest-GroupSnapshotsTest-volume-type-1621734056, it is now deprecated. Please use the default quota class for default quota.
2026-05-07 17:02:56.407 74 WARNING cinder.quota [None req-59ec584a-6149-4070-8097-e7ea67161e4d 946c8eeedc28475b946fd34ad5a52428 7ddfceb8e6ae4ddeba648baedc97a1bb - - default default] Deprecated: Default quota for resource: snapshots_tempest-GroupSnapshotsTest-volume-type-1621734056 is set by the default quota flag: quota_snapshots_tempest-GroupSnapshotsTest-volume-type-1621734056, it is now deprecated. Please use the default quota class for default quota.
2026-05-07 17:02:56.460 74 INFO cinder.api.openstack.wsgi [None req-59ec584a-6149-4070-8097-e7ea67161e4d 946c8eeedc28475b946fd34ad5a52428 7ddfceb8e6ae4ddeba648baedc97a1bb - - default default] http://[LB_IP_ADDRESS]:8776/v3/7ddfceb8e6ae4ddeba648baedc97a1bb/os-quota-sets/6db1cbee0d63470fae508938c2599b00 returned with HTTP 200
2026-05-07 17:02:56.568 76 INFO cinder.api.openstack.wsgi [None req-3a499654-2274-437d-95e4-69d1fb6b38c4 49577a2f7f9e41bf95f2684f1c9aac01 e27424819cb3454b8804714155f9478f - - default default] GET http://[LB_IP_ADDRESS]:8776/v3/e27424819cb3454b8804714155f9478f/volumes/cfe02b4e-a296-4e41-b72a-b978c5cc7d9e
2026-05-07 17:02:56.580 76 INFO cinder.api.openstack.wsgi [None req-3a499654-2274-437d-95e4-69d1fb6b38c4 49577a2f7f9e41bf95f2684f1c9aac01 e27424819cb3454b8804714155f9478f - - default default] http://[LB_IP_ADDRESS]:8776/v3/e27424819cb3454b8804714155f9478f/volumes/cfe02b4e-a296-4e41-b72a-b978c5cc7d9e returned with HTTP 404
2026-05-07 17:02:56.591 72 INFO cinder.api.openstack.wsgi [None req-78a090b5-c44e-4adf-8ef9-a587201380f7 49577a2f7f9e41bf95f2684f1c9aac01 e27424819cb3454b8804714155f9478f - - default default] GET http://[LB_IP_ADDRESS]:8776/v3/e27424819cb3454b8804714155f9478f/volumes/41c7edb7-b82f-4210-942f-aafd6b35f921
2026-05-07 17:02:56.602 72 INFO cinder.api.openstack.wsgi [None req-78a090b5-c44e-4adf-8ef9-a587201380f7 49577a2f7f9e41bf95f2684f1c9aac01 e27424819cb3454b8804714155f9478f - - default default] http://[LB_IP_ADDRESS]:8776/v3/e27424819cb3454b8804714155f9478f/volumes/41c7edb7-b82f-4210-942f-aafd6b35f921 returned with HTTP 404
2026-05-07 17:02:56.614 75 INFO cinder.api.openstack.wsgi [None req-e41e87df-dab9-4d29-933c-f22a025f3ace 49577a2f7f9e41bf95f2684f1c9aac01 e27424819cb3454b8804714155f9478f - - default default] GET http://[LB_IP_ADDRESS]:8776/v3/e27424819cb3454b8804714155f9478f/groups/bbc2fb9f-73f1-4d02-b13f-403ef7d88b90
2026-05-07 17:02:56.617 73 INFO cinder.api.openstack.wsgi [None req-32867ebf-577b-483d-ac7f-dc33fa02c9fd fa61b268c7054c328986f88f81db33eb 6db1cbee0d63470fae508938c2599b00 - - default default] POST http://[LB_IP_ADDRESS]:8776/v3/6db1cbee0d63470fae508938c2599b00/volumes
2026-05-07 17:02:56.620 75 INFO cinder.api.openstack.wsgi [None req-e41e87df-dab9-4d29-933c-f22a025f3ace 49577a2f7f9e41bf95f2684f1c9aac01 e27424819cb3454b8804714155f9478f - - default default] http://[LB_IP_ADDRESS]:8776/v3/e27424819cb3454b8804714155f9478f/groups/bbc2fb9f-73f1-4d02-b13f-403ef7d88b90 returned with HTTP 404
2026-05-07 17:02:56.621 73 INFO cinder.api.v3.volumes [None req-32867ebf-577b-483d-ac7f-dc33fa02c9fd fa61b268c7054c328986f88f81db33eb 6db1cbee0d63470fae508938c2599b00 - - default default] Create volume of 1 GB
2026-05-07 17:02:56.631 74 INFO cinder.api.openstack.wsgi [None req-60cbd79c-c539-4ed3-8d98-eb943ffe7898 15a33cb802a44c25af90eb6f4cdba3b0 beb297551cb342ba905c654a6e78a293 - - default default] DELETE http://[LB_IP_ADDRESS]:8776/v3/beb297551cb342ba905c654a6e78a293/group_types/3265e2c9-f7c9-4ebe-a75c-5e5494aca93c
2026-05-07 17:02:56.634 73 INFO cinder.volume.api [None req-32867ebf-577b-483d-ac7f-dc33fa02c9fd fa61b268c7054c328986f88f81db33eb 6db1cbee0d63470fae508938c2599b00 - - default default] Availability Zones retrieved successfully.
2026-05-07 17:02:56.648 74 INFO cinder.api.openstack.wsgi [None req-60cbd79c-c539-4ed3-8d98-eb943ffe7898 15a33cb802a44c25af90eb6f4cdba3b0 beb297551cb342ba905c654a6e78a293 - - default default] http://[LB_IP_ADDRESS]:8776/v3/beb297551cb342ba905c654a6e78a293/group_types/3265e2c9-f7c9-4ebe-a75c-5e5494aca93c returned with HTTP 202
2026-05-07 17:02:56.659 76 INFO cinder.api.openstack.wsgi [None req-e17b28f0-c029-494b-8caf-d4781805c841 15a33cb802a44c25af90eb6f4cdba3b0 beb297551cb342ba905c654a6e78a293 - - default default] DELETE http://[LB_IP_ADDRESS]:8776/v3/beb297551cb342ba905c654a6e78a293/types/47c94e82-e7e7-4b55-a72c-28ce178ce746
2026-05-07 17:02:56.714 76 INFO cinder.api.openstack.wsgi [None req-e17b28f0-c029-494b-8caf-d4781805c841 15a33cb802a44c25af90eb6f4cdba3b0 beb297551cb342ba905c654a6e78a293 - - default default] http://[LB_IP_ADDRESS]:8776/v3/beb297551cb342ba905c654a6e78a293/types/47c94e82-e7e7-4b55-a72c-28ce178ce746 returned with HTTP 202
2026-05-07 17:02:56.725 72 INFO cinder.api.openstack.wsgi [None req-17f5f85e-f840-44c6-be06-d4c7732a6cf1 15a33cb802a44c25af90eb6f4cdba3b0 beb297551cb342ba905c654a6e78a293 - - default default] GET http://[LB_IP_ADDRESS]:8776/v3/beb297551cb342ba905c654a6e78a293/types/47c94e82-e7e7-4b55-a72c-28ce178ce746
2026-05-07 17:02:56.732 72 INFO cinder.api.openstack.wsgi [None req-17f5f85e-f840-44c6-be06-d4c7732a6cf1 15a33cb802a44c25af90eb6f4cdba3b0 beb297551cb342ba905c654a6e78a293 - - default default] http://[LB_IP_ADDRESS]:8776/v3/beb297551cb342ba905c654a6e78a293/types/47c94e82-e7e7-4b55-a72c-28ce178ce746 returned with HTTP 404
2026-05-07 17:02:56.749 75 INFO cinder.api.openstack.wsgi [None req-5cb83387-9d30-459a-b93b-13af6d06c874 15a33cb802a44c25af90eb6f4cdba3b0 beb297551cb342ba905c654a6e78a293 - - default default] POST http://[LB_IP_ADDRESS]:8776/v3/beb297551cb342ba905c654a6e78a293/types
2026-05-07 17:02:56.786 75 INFO cinder.api.openstack.wsgi [None req-5cb83387-9d30-459a-b93b-13af6d06c874 15a33cb802a44c25af90eb6f4cdba3b0 beb297551cb342ba905c654a6e78a293 - - default default] http://[LB_IP_ADDRESS]:8776/v3/beb297551cb342ba905c654a6e78a293/types returned with HTTP 200
2026-05-07 17:02:56.801 74 INFO cinder.api.openstack.wsgi [None req-e6eac378-8dc9-4c3b-9de4-be574d1c5fdf 15a33cb802a44c25af90eb6f4cdba3b0 beb297551cb342ba905c654a6e78a293 - - default default] POST http://[LB_IP_ADDRESS]:8776/v3/beb297551cb342ba905c654a6e78a293/group_types
2026-05-07 17:02:56.827 74 INFO cinder.api.openstack.wsgi [None req-e6eac378-8dc9-4c3b-9de4-be574d1c5fdf 15a33cb802a44c25af90eb6f4cdba3b0 beb297551cb342ba905c654a6e78a293 - - default default] http://[LB_IP_ADDRESS]:8776/v3/beb297551cb342ba905c654a6e78a293/group_types returned with HTTP 202
2026-05-07 17:02:56.842 76 INFO cinder.api.openstack.wsgi [None req-f93acab4-1065-49ac-9d22-cd0a2d3fd943 49577a2f7f9e41bf95f2684f1c9aac01 e27424819cb3454b8804714155f9478f - - default default] POST http://[LB_IP_ADDRESS]:8776/v3/e27424819cb3454b8804714155f9478f/groups
2026-05-07 17:02:56.854 76 INFO cinder.api.v3.groups [None req-f93acab4-1065-49ac-9d22-cd0a2d3fd943 49577a2f7f9e41bf95f2684f1c9aac01 e27424819cb3454b8804714155f9478f - - default default] Creating group tempest-GroupSnapshotsTest-Group-2104737459.
2026-05-07 17:02:56.865 76 INFO cinder.volume.api [None req-f93acab4-1065-49ac-9d22-cd0a2d3fd943 49577a2f7f9e41bf95f2684f1c9aac01 e27424819cb3454b8804714155f9478f - - default default] Availability Zones retrieved successfully.
2026-05-07 17:02:56.964 76 INFO cinder.api.openstack.wsgi [None req-f93acab4-1065-49ac-9d22-cd0a2d3fd943 49577a2f7f9e41bf95f2684f1c9aac01 e27424819cb3454b8804714155f9478f - - default default] http://[LB_IP_ADDRESS]:8776/v3/e27424819cb3454b8804714155f9478f/groups returned with HTTP 202
2026-05-07 17:02:56.978 72 INFO cinder.api.openstack.wsgi [None req-4b11cd6c-db55-439b-a32f-f4426052a07a 49577a2f7f9e41bf95f2684f1c9aac01 e27424819cb3454b8804714155f9478f - - default default] GET http://[LB_IP_ADDRESS]:8776/v3/e27424819cb3454b8804714155f9478f/groups/d66dc907-aae8-4051-87e2-251990ddda37
2026-05-07 17:02:57.000 72 INFO cinder.api.openstack.wsgi [None req-4b11cd6c-db55-439b-a32f-f4426052a07a 49577a2f7f9e41bf95f2684f1c9aac01 e27424819cb3454b8804714155f9478f - - default default] http://[LB_IP_ADDRESS]:8776/v3/e27424819cb3454b8804714155f9478f/groups/d66dc907-aae8-4051-87e2-251990ddda37 returned with HTTP 200
2026-05-07 17:02:57.291 75 INFO cinder.api.openstack.wsgi [None req-ae8d3949-31a8-4a09-9926-285da37ad5f0 3a2dfcaf42544507bfc676fe22e546f2 1ebc974fd61d4a63aee805fd386bacb8 - - default default] GET http://[LB_IP_ADDRESS]:8776/v3/1ebc974fd61d4a63aee805fd386bacb8/snapshots/1c35385d-29d8-4944-9129-7605ce5e935d
2026-05-07 17:02:57.300 75 INFO cinder.volume.api [None req-ae8d3949-31a8-4a09-9926-285da37ad5f0 3a2dfcaf42544507bfc676fe22e546f2 1ebc974fd61d4a63aee805fd386bacb8 - - default default] Snapshot retrieved successfully.
2026-05-07 17:02:57.302 75 INFO cinder.api.openstack.wsgi [None req-ae8d3949-31a8-4a09-9926-285da37ad5f0 3a2dfcaf42544507bfc676fe22e546f2 1ebc974fd61d4a63aee805fd386bacb8 - - default default] http://[LB_IP_ADDRESS]:8776/v3/1ebc974fd61d4a63aee805fd386bacb8/snapshots/1c35385d-29d8-4944-9129-7605ce5e935d returned with HTTP 200
2026-05-07 17:02:57.345 73 INFO cinder.volume.api [None req-32867ebf-577b-483d-ac7f-dc33fa02c9fd fa61b268c7054c328986f88f81db33eb 6db1cbee0d63470fae508938c2599b00 - - default default] Create volume request issued successfully.
2026-05-07 17:02:57.346 73 INFO cinder.api.openstack.wsgi [None req-32867ebf-577b-483d-ac7f-dc33fa02c9fd fa61b268c7054c328986f88f81db33eb 6db1cbee0d63470fae508938c2599b00 - - default default] http://[LB_IP_ADDRESS]:8776/v3/6db1cbee0d63470fae508938c2599b00/volumes returned with HTTP 202
2026-05-07 17:02:57.366 74 INFO cinder.api.openstack.wsgi [None req-1b0b4d57-f3b0-40d6-bfa4-76e78c42cc36 fa61b268c7054c328986f88f81db33eb 6db1cbee0d63470fae508938c2599b00 - - default default] GET http://[LB_IP_ADDRESS]:8776/v3/6db1cbee0d63470fae508938c2599b00/volumes/39617c1d-6ff7-46b1-87d1-59012af239f5
2026-05-07 17:02:57.385 74 INFO cinder.volume.api [None req-1b0b4d57-f3b0-40d6-bfa4-76e78c42cc36 fa61b268c7054c328986f88f81db33eb 6db1cbee0d63470fae508938c2599b00 - - default default] Volume info retrieved successfully.
2026-05-07 17:02:57.394 74 INFO cinder.api.openstack.wsgi [None req-1b0b4d57-f3b0-40d6-bfa4-76e78c42cc36 fa61b268c7054c328986f88f81db33eb 6db1cbee0d63470fae508938c2599b00 - - default default] http://[LB_IP_ADDRESS]:8776/v3/6db1cbee0d63470fae508938c2599b00/volumes/39617c1d-6ff7-46b1-87d1-59012af239f5 returned with HTTP 200
2026-05-07 17:02:58.016 76 INFO cinder.api.openstack.wsgi [None req-75a0d4d3-3c32-4b31-8b37-ef65658f8948 49577a2f7f9e41bf95f2684f1c9aac01 e27424819cb3454b8804714155f9478f - - default default] GET http://[LB_IP_ADDRESS]:8776/v3/e27424819cb3454b8804714155f9478f/groups/d66dc907-aae8-4051-87e2-251990ddda37
2026-05-07 17:02:58.038 76 INFO cinder.api.openstack.wsgi [None req-75a0d4d3-3c32-4b31-8b37-ef65658f8948 49577a2f7f9e41bf95f2684f1c9aac01 e27424819cb3454b8804714155f9478f - - default default] http://[LB_IP_ADDRESS]:8776/v3/e27424819cb3454b8804714155f9478f/groups/d66dc907-aae8-4051-87e2-251990ddda37 returned with HTTP 200
2026-05-07 17:02:58.054 72 INFO cinder.api.openstack.wsgi [None req-1281b546-7f99-49da-8e85-f40de73535d7 49577a2f7f9e41bf95f2684f1c9aac01 e27424819cb3454b8804714155f9478f - - default default] POST http://[LB_IP_ADDRESS]:8776/v3/e27424819cb3454b8804714155f9478f/volumes
2026-05-07 17:02:58.070 72 INFO cinder.api.v3.volumes [None req-1281b546-7f99-49da-8e85-f40de73535d7 49577a2f7f9e41bf95f2684f1c9aac01 e27424819cb3454b8804714155f9478f - - default default] Create volume of 1 GB
2026-05-07 17:02:58.079 72 INFO cinder.volume.api [None req-1281b546-7f99-49da-8e85-f40de73535d7 49577a2f7f9e41bf95f2684f1c9aac01 e27424819cb3454b8804714155f9478f - - default default] Availability Zones retrieved successfully.
2026-05-07 17:02:58.317 75 INFO cinder.api.openstack.wsgi [None req-f46a4f55-83b2-4dab-8c0b-11f905d37323 3a2dfcaf42544507bfc676fe22e546f2 1ebc974fd61d4a63aee805fd386bacb8 - - default default] GET http://[LB_IP_ADDRESS]:8776/v3/1ebc974fd61d4a63aee805fd386bacb8/snapshots/1c35385d-29d8-4944-9129-7605ce5e935d
2026-05-07 17:02:58.327 75 INFO cinder.volume.api [None req-f46a4f55-83b2-4dab-8c0b-11f905d37323 3a2dfcaf42544507bfc676fe22e546f2 1ebc974fd61d4a63aee805fd386bacb8 - - default default] Snapshot retrieved successfully.
2026-05-07 17:02:58.329 75 INFO cinder.api.openstack.wsgi [None req-f46a4f55-83b2-4dab-8c0b-11f905d37323 3a2dfcaf42544507bfc676fe22e546f2 1ebc974fd61d4a63aee805fd386bacb8 - - default default] http://[LB_IP_ADDRESS]:8776/v3/1ebc974fd61d4a63aee805fd386bacb8/snapshots/1c35385d-29d8-4944-9129-7605ce5e935d returned with HTTP 200
2026-05-07 17:02:58.344 73 INFO cinder.api.openstack.wsgi [None req-56065405-63ee-473f-94aa-5cf54b83790a cf6916f3fe524f1c8a658e5e0d6bcabd 954539b08e3a44e39a20a7c34136da20 - - default default] POST http://[LB_IP_ADDRESS]:8776/v3/954539b08e3a44e39a20a7c34136da20/snapshots/1c35385d-29d8-4944-9129-7605ce5e935d/action
2026-05-07 17:02:58.365 72 WARNING cinder.quota [None req-1281b546-7f99-49da-8e85-f40de73535d7 49577a2f7f9e41bf95f2684f1c9aac01 e27424819cb3454b8804714155f9478f - - default default] Deprecated: Default quota for resource: volumes_tempest-GroupSnapshotsTest-volume-type-211366602 is set by the default quota flag: quota_volumes_tempest-GroupSnapshotsTest-volume-type-211366602, it is now deprecated. Please use the default quota class for default quota.
2026-05-07 17:02:58.366 72 WARNING cinder.quota [None req-1281b546-7f99-49da-8e85-f40de73535d7 49577a2f7f9e41bf95f2684f1c9aac01 e27424819cb3454b8804714155f9478f - - default default] Deprecated: Default quota for resource: gigabytes_tempest-GroupSnapshotsTest-volume-type-211366602 is set by the default quota flag: quota_gigabytes_tempest-GroupSnapshotsTest-volume-type-211366602, it is now deprecated. Please use the default quota class for default quota.
2026-05-07 17:02:58.378 73 INFO cinder.api.openstack.wsgi [None req-56065405-63ee-473f-94aa-5cf54b83790a cf6916f3fe524f1c8a658e5e0d6bcabd 954539b08e3a44e39a20a7c34136da20 - - default default] http://[LB_IP_ADDRESS]:8776/v3/954539b08e3a44e39a20a7c34136da20/snapshots/1c35385d-29d8-4944-9129-7605ce5e935d/action returned with HTTP 202
2026-05-07 17:02:58.390 74 INFO cinder.api.openstack.wsgi [None req-c6cea4e2-bc19-4b76-8102-837f4c9977c3 3a2dfcaf42544507bfc676fe22e546f2 1ebc974fd61d4a63aee805fd386bacb8 - - default default] GET http://[LB_IP_ADDRESS]:8776/v3/1ebc974fd61d4a63aee805fd386bacb8/snapshots/1c35385d-29d8-4944-9129-7605ce5e935d
2026-05-07 17:02:58.400 74 INFO cinder.volume.api [None req-c6cea4e2-bc19-4b76-8102-837f4c9977c3 3a2dfcaf42544507bfc676fe22e546f2 1ebc974fd61d4a63aee805fd386bacb8 - - default default] Snapshot retrieved successfully.
2026-05-07 17:02:58.402 74 INFO cinder.api.openstack.wsgi [None req-c6cea4e2-bc19-4b76-8102-837f4c9977c3 3a2dfcaf42544507bfc676fe22e546f2 1ebc974fd61d4a63aee805fd386bacb8 - - default default] http://[LB_IP_ADDRESS]:8776/v3/1ebc974fd61d4a63aee805fd386bacb8/snapshots/1c35385d-29d8-4944-9129-7605ce5e935d returned with HTTP 200
2026-05-07 17:02:58.416 76 INFO cinder.api.openstack.wsgi [None req-710977ee-22d2-43cb-b4a6-e53294a05e20 fa61b268c7054c328986f88f81db33eb 6db1cbee0d63470fae508938c2599b00 - - default default] GET http://[LB_IP_ADDRESS]:8776/v3/6db1cbee0d63470fae508938c2599b00/volumes/39617c1d-6ff7-46b1-87d1-59012af239f5
2026-05-07 17:02:58.419 75 INFO cinder.api.openstack.wsgi [None req-3e9e0352-51a7-4b12-ab55-c3c3ef781ca5 cf6916f3fe524f1c8a658e5e0d6bcabd 954539b08e3a44e39a20a7c34136da20 - - default default] POST http://[LB_IP_ADDRESS]:8776/v3/954539b08e3a44e39a20a7c34136da20/snapshots/1c35385d-29d8-4944-9129-7605ce5e935d/action
2026-05-07 17:02:58.431 75 INFO cinder.volume.api [None req-3e9e0352-51a7-4b12-ab55-c3c3ef781ca5 cf6916f3fe524f1c8a658e5e0d6bcabd 954539b08e3a44e39a20a7c34136da20 - - default default] Snapshot retrieved successfully.
