2026-04-13 11:18:16.734 74 INFO cinder.api.openstack.wsgi [None req-44b550f9-3bd5-4093-8cc6-ae29a4b7db26 85761021afb349319d63692a040ebb17 9a06be04a803495f9140b9cb9868f4b5 - - default default] http://[LB_IP_ADDRESS]:8776/v3/9a06be04a803495f9140b9cb9868f4b5/os-quota-sets/9a06be04a803495f9140b9cb9868f4b5/defaults returned with HTTP 200
2026-04-13 11:18:16.986 75 INFO cinder.api.openstack.wsgi [None req-f82f91d3-8f5a-4c97-9e1c-a34e00362992 85761021afb349319d63692a040ebb17 9a06be04a803495f9140b9cb9868f4b5 - - default default] GET http://[LB_IP_ADDRESS]:8776/v3/9a06be04a803495f9140b9cb9868f4b5/os-quota-sets/7e4eb92f5d424228bbffc80144a5c538/defaults
2026-04-13 11:18:17.026 75 WARNING cinder.quota [None req-f82f91d3-8f5a-4c97-9e1c-a34e00362992 85761021afb349319d63692a040ebb17 9a06be04a803495f9140b9cb9868f4b5 - - default default] Deprecated: Default quota for resource: volumes_tempest-GroupSnapshotsTest-volume-type-1018635499 is set by the default quota flag: quota_volumes_tempest-GroupSnapshotsTest-volume-type-1018635499, it is now deprecated. Please use the default quota class for default quota.
2026-04-13 11:18:17.027 75 WARNING cinder.quota [None req-f82f91d3-8f5a-4c97-9e1c-a34e00362992 85761021afb349319d63692a040ebb17 9a06be04a803495f9140b9cb9868f4b5 - - default default] Deprecated: Default quota for resource: gigabytes_tempest-GroupSnapshotsTest-volume-type-1018635499 is set by the default quota flag: quota_gigabytes_tempest-GroupSnapshotsTest-volume-type-1018635499, it is now deprecated. Please use the default quota class for default quota.
2026-04-13 11:18:17.028 75 WARNING cinder.quota [None req-f82f91d3-8f5a-4c97-9e1c-a34e00362992 85761021afb349319d63692a040ebb17 9a06be04a803495f9140b9cb9868f4b5 - - default default] Deprecated: Default quota for resource: snapshots_tempest-GroupSnapshotsTest-volume-type-1018635499 is set by the default quota flag: quota_snapshots_tempest-GroupSnapshotsTest-volume-type-1018635499, it is now deprecated. Please use the default quota class for default quota.
2026-04-13 11:18:17.053 75 INFO cinder.api.openstack.wsgi [None req-f82f91d3-8f5a-4c97-9e1c-a34e00362992 85761021afb349319d63692a040ebb17 9a06be04a803495f9140b9cb9868f4b5 - - default default] http://[LB_IP_ADDRESS]:8776/v3/9a06be04a803495f9140b9cb9868f4b5/os-quota-sets/7e4eb92f5d424228bbffc80144a5c538/defaults returned with HTTP 200
2026-04-13 11:18:17.142 73 INFO cinder.api.openstack.wsgi [None req-e6fbd1c2-6db3-45cc-a83b-18ab8013faf7 85761021afb349319d63692a040ebb17 9a06be04a803495f9140b9cb9868f4b5 - - default default] DELETE http://[LB_IP_ADDRESS]:8776/v3/9a06be04a803495f9140b9cb9868f4b5/types/290e0d1e-04d3-47cd-9fbe-73a740a26ee2
2026-04-13 11:18:17.181 73 INFO cinder.api.openstack.wsgi [None req-e6fbd1c2-6db3-45cc-a83b-18ab8013faf7 85761021afb349319d63692a040ebb17 9a06be04a803495f9140b9cb9868f4b5 - - default default] http://[LB_IP_ADDRESS]:8776/v3/9a06be04a803495f9140b9cb9868f4b5/types/290e0d1e-04d3-47cd-9fbe-73a740a26ee2 returned with HTTP 202
2026-04-13 11:18:17.192 76 INFO cinder.api.openstack.wsgi [None req-2f3f4548-b0fa-4c03-bb8b-76a1ec3dfa55 85761021afb349319d63692a040ebb17 9a06be04a803495f9140b9cb9868f4b5 - - default default] GET http://[LB_IP_ADDRESS]:8776/v3/9a06be04a803495f9140b9cb9868f4b5/types/290e0d1e-04d3-47cd-9fbe-73a740a26ee2
2026-04-13 11:18:17.199 76 INFO cinder.api.openstack.wsgi [None req-2f3f4548-b0fa-4c03-bb8b-76a1ec3dfa55 85761021afb349319d63692a040ebb17 9a06be04a803495f9140b9cb9868f4b5 - - default default] http://[LB_IP_ADDRESS]:8776/v3/9a06be04a803495f9140b9cb9868f4b5/types/290e0d1e-04d3-47cd-9fbe-73a740a26ee2 returned with HTTP 404
2026-04-13 11:18:17.210 72 INFO cinder.api.openstack.wsgi [None req-4c84b98d-531b-4e3c-ab3e-fe1cae2e34c1 85761021afb349319d63692a040ebb17 9a06be04a803495f9140b9cb9868f4b5 - - default default] PUT http://[LB_IP_ADDRESS]:8776/v3/9a06be04a803495f9140b9cb9868f4b5/os-quota-class-sets/default
2026-04-13 11:18:17.293 74 INFO cinder.api.openstack.wsgi [None req-e56f6fa1-0ead-48e0-921c-39ba68254b07 f765ed9dcdbe45d0940fde98ea348301 0813b1950a7f4641bd88033d24368155 - - default default] GET http://[LB_IP_ADDRESS]:8776/v3/0813b1950a7f4641bd88033d24368155/volumes/fd0aec60-4f14-46e6-a413-a0a3ca95f512
2026-04-13 11:18:17.313 74 INFO cinder.volume.api [None req-e56f6fa1-0ead-48e0-921c-39ba68254b07 f765ed9dcdbe45d0940fde98ea348301 0813b1950a7f4641bd88033d24368155 - - default default] Volume info retrieved successfully.
2026-04-13 11:18:17.340 74 INFO cinder.api.openstack.wsgi [None req-e56f6fa1-0ead-48e0-921c-39ba68254b07 f765ed9dcdbe45d0940fde98ea348301 0813b1950a7f4641bd88033d24368155 - - default default] http://[LB_IP_ADDRESS]:8776/v3/0813b1950a7f4641bd88033d24368155/volumes/fd0aec60-4f14-46e6-a413-a0a3ca95f512 returned with HTTP 200
2026-04-13 11:18:17.362 75 INFO cinder.api.openstack.wsgi [None req-3a3ad517-e2b3-42a4-b830-eb216b5a6c80 f765ed9dcdbe45d0940fde98ea348301 0813b1950a7f4641bd88033d24368155 - - default default] POST http://[LB_IP_ADDRESS]:8776/v3/0813b1950a7f4641bd88033d24368155/group_snapshots
2026-04-13 11:18:17.376 75 INFO cinder.api.v3.group_snapshots [None req-3a3ad517-e2b3-42a4-b830-eb216b5a6c80 f765ed9dcdbe45d0940fde98ea348301 0813b1950a7f4641bd88033d24368155 - - default default] Creating group_snapshot tempest-group_snapshot-1258982198.
2026-04-13 11:18:17.385 72 INFO cinder.api.openstack.wsgi [None req-4c84b98d-531b-4e3c-ab3e-fe1cae2e34c1 85761021afb349319d63692a040ebb17 9a06be04a803495f9140b9cb9868f4b5 - - default default] http://[LB_IP_ADDRESS]:8776/v3/9a06be04a803495f9140b9cb9868f4b5/os-quota-class-sets/default returned with HTTP 200
2026-04-13 11:18:17.495 75 INFO cinder.api.openstack.wsgi [None req-3a3ad517-e2b3-42a4-b830-eb216b5a6c80 f765ed9dcdbe45d0940fde98ea348301 0813b1950a7f4641bd88033d24368155 - - default default] http://[LB_IP_ADDRESS]:8776/v3/0813b1950a7f4641bd88033d24368155/group_snapshots returned with HTTP 202
2026-04-13 11:18:17.508 73 INFO cinder.api.openstack.wsgi [None req-fa698d41-bf94-487f-853b-3c8bff522e9d f765ed9dcdbe45d0940fde98ea348301 0813b1950a7f4641bd88033d24368155 - - default default] GET http://[LB_IP_ADDRESS]:8776/v3/0813b1950a7f4641bd88033d24368155/group_snapshots/7fbd6038-ed3f-4fec-8c89-3e64ebf83d1c
2026-04-13 11:18:17.521 73 INFO cinder.api.openstack.wsgi [None req-fa698d41-bf94-487f-853b-3c8bff522e9d f765ed9dcdbe45d0940fde98ea348301 0813b1950a7f4641bd88033d24368155 - - default default] http://[LB_IP_ADDRESS]:8776/v3/0813b1950a7f4641bd88033d24368155/group_snapshots/7fbd6038-ed3f-4fec-8c89-3e64ebf83d1c returned with HTTP 200
2026-04-13 11:18:18.535 76 INFO cinder.api.openstack.wsgi [None req-82532df1-2206-4b44-9488-aa76e094dee1 f765ed9dcdbe45d0940fde98ea348301 0813b1950a7f4641bd88033d24368155 - - default default] GET http://[LB_IP_ADDRESS]:8776/v3/0813b1950a7f4641bd88033d24368155/group_snapshots/7fbd6038-ed3f-4fec-8c89-3e64ebf83d1c
2026-04-13 11:18:18.545 76 INFO cinder.api.openstack.wsgi [None req-82532df1-2206-4b44-9488-aa76e094dee1 f765ed9dcdbe45d0940fde98ea348301 0813b1950a7f4641bd88033d24368155 - - default default] http://[LB_IP_ADDRESS]:8776/v3/0813b1950a7f4641bd88033d24368155/group_snapshots/7fbd6038-ed3f-4fec-8c89-3e64ebf83d1c returned with HTTP 200
2026-04-13 11:18:19.561 74 INFO cinder.api.openstack.wsgi [None req-49579a03-4ef5-4d38-a07c-74df0586616c f765ed9dcdbe45d0940fde98ea348301 0813b1950a7f4641bd88033d24368155 - - default default] GET http://[LB_IP_ADDRESS]:8776/v3/0813b1950a7f4641bd88033d24368155/group_snapshots/7fbd6038-ed3f-4fec-8c89-3e64ebf83d1c
2026-04-13 11:18:19.573 74 INFO cinder.api.openstack.wsgi [None req-49579a03-4ef5-4d38-a07c-74df0586616c f765ed9dcdbe45d0940fde98ea348301 0813b1950a7f4641bd88033d24368155 - - default default] http://[LB_IP_ADDRESS]:8776/v3/0813b1950a7f4641bd88033d24368155/group_snapshots/7fbd6038-ed3f-4fec-8c89-3e64ebf83d1c returned with HTTP 200
2026-04-13 11:18:19.588 72 INFO cinder.api.openstack.wsgi [None req-350f22d0-1614-4141-9a76-1efcc8766cd2 f765ed9dcdbe45d0940fde98ea348301 0813b1950a7f4641bd88033d24368155 - - default default] GET http://[LB_IP_ADDRESS]:8776/v3/0813b1950a7f4641bd88033d24368155/snapshots/detail
2026-04-13 11:18:19.595 72 INFO cinder.volume.api [None req-350f22d0-1614-4141-9a76-1efcc8766cd2 f765ed9dcdbe45d0940fde98ea348301 0813b1950a7f4641bd88033d24368155 - - default default] Get all snapshots completed successfully.
2026-04-13 11:18:19.596 72 INFO cinder.api.openstack.wsgi [None req-350f22d0-1614-4141-9a76-1efcc8766cd2 f765ed9dcdbe45d0940fde98ea348301 0813b1950a7f4641bd88033d24368155 - - default default] http://[LB_IP_ADDRESS]:8776/v3/0813b1950a7f4641bd88033d24368155/snapshots/detail returned with HTTP 200
2026-04-13 11:18:19.612 75 INFO cinder.api.openstack.wsgi [None req-a3e0ffa7-075c-4b82-97d7-9ae9fa1e5e35 f765ed9dcdbe45d0940fde98ea348301 0813b1950a7f4641bd88033d24368155 - - default default] GET http://[LB_IP_ADDRESS]:8776/v3/0813b1950a7f4641bd88033d24368155/snapshots/0330442b-a75c-42de-9c2a-92707177cadf
2026-04-13 11:18:19.622 75 INFO cinder.volume.api [None req-a3e0ffa7-075c-4b82-97d7-9ae9fa1e5e35 f765ed9dcdbe45d0940fde98ea348301 0813b1950a7f4641bd88033d24368155 - - default default] Snapshot retrieved successfully.
2026-04-13 11:18:19.624 75 INFO cinder.api.openstack.wsgi [None req-a3e0ffa7-075c-4b82-97d7-9ae9fa1e5e35 f765ed9dcdbe45d0940fde98ea348301 0813b1950a7f4641bd88033d24368155 - - default default] http://[LB_IP_ADDRESS]:8776/v3/0813b1950a7f4641bd88033d24368155/snapshots/0330442b-a75c-42de-9c2a-92707177cadf returned with HTTP 200
2026-04-13 11:18:19.641 73 INFO cinder.api.openstack.wsgi [None req-85a3782e-3509-4984-aa38-d439d7e9a971 f765ed9dcdbe45d0940fde98ea348301 0813b1950a7f4641bd88033d24368155 - - default default] GET http://[LB_IP_ADDRESS]:8776/v3/0813b1950a7f4641bd88033d24368155/group_snapshots/7fbd6038-ed3f-4fec-8c89-3e64ebf83d1c
2026-04-13 11:18:19.653 73 INFO cinder.api.openstack.wsgi [None req-85a3782e-3509-4984-aa38-d439d7e9a971 f765ed9dcdbe45d0940fde98ea348301 0813b1950a7f4641bd88033d24368155 - - default default] http://[LB_IP_ADDRESS]:8776/v3/0813b1950a7f4641bd88033d24368155/group_snapshots/7fbd6038-ed3f-4fec-8c89-3e64ebf83d1c returned with HTTP 200
2026-04-13 11:18:19.669 76 INFO cinder.api.openstack.wsgi [None req-11e7b711-4359-457e-b015-dd6bc974c441 f765ed9dcdbe45d0940fde98ea348301 0813b1950a7f4641bd88033d24368155 - - default default] GET http://[LB_IP_ADDRESS]:8776/v3/0813b1950a7f4641bd88033d24368155/group_snapshots/detail
2026-04-13 11:18:19.683 76 INFO cinder.api.openstack.wsgi [None req-11e7b711-4359-457e-b015-dd6bc974c441 f765ed9dcdbe45d0940fde98ea348301 0813b1950a7f4641bd88033d24368155 - - default default] http://[LB_IP_ADDRESS]:8776/v3/0813b1950a7f4641bd88033d24368155/group_snapshots/detail returned with HTTP 200
2026-04-13 11:18:19.699 74 INFO cinder.api.openstack.wsgi [None req-f13e7890-34a2-49a2-bf0c-1d74e7865ce9 f765ed9dcdbe45d0940fde98ea348301 0813b1950a7f4641bd88033d24368155 - - default default] DELETE http://[LB_IP_ADDRESS]:8776/v3/0813b1950a7f4641bd88033d24368155/group_snapshots/7fbd6038-ed3f-4fec-8c89-3e64ebf83d1c
2026-04-13 11:18:19.700 74 INFO cinder.api.v3.group_snapshots [None req-f13e7890-34a2-49a2-bf0c-1d74e7865ce9 f765ed9dcdbe45d0940fde98ea348301 0813b1950a7f4641bd88033d24368155 - - default default] Delete group_snapshot with id: 7fbd6038-ed3f-4fec-8c89-3e64ebf83d1c
2026-04-13 11:18:19.751 74 INFO cinder.api.openstack.wsgi [None req-f13e7890-34a2-49a2-bf0c-1d74e7865ce9 f765ed9dcdbe45d0940fde98ea348301 0813b1950a7f4641bd88033d24368155 - - default default] http://[LB_IP_ADDRESS]:8776/v3/0813b1950a7f4641bd88033d24368155/group_snapshots/7fbd6038-ed3f-4fec-8c89-3e64ebf83d1c returned with HTTP 202
2026-04-13 11:18:19.763 72 INFO cinder.api.openstack.wsgi [None req-4178a8e6-600f-4444-8bd9-f00ebac6f2db f765ed9dcdbe45d0940fde98ea348301 0813b1950a7f4641bd88033d24368155 - - default default] GET http://[LB_IP_ADDRESS]:8776/v3/0813b1950a7f4641bd88033d24368155/volumes/detail
2026-04-13 11:18:19.779 72 INFO cinder.volume.api [None req-4178a8e6-600f-4444-8bd9-f00ebac6f2db f765ed9dcdbe45d0940fde98ea348301 0813b1950a7f4641bd88033d24368155 - - default default] Get all volumes completed successfully.
2026-04-13 11:18:19.805 72 INFO cinder.api.openstack.wsgi [None req-4178a8e6-600f-4444-8bd9-f00ebac6f2db f765ed9dcdbe45d0940fde98ea348301 0813b1950a7f4641bd88033d24368155 - - default default] http://[LB_IP_ADDRESS]:8776/v3/0813b1950a7f4641bd88033d24368155/volumes/detail returned with HTTP 200
2026-04-13 11:18:19.828 75 INFO cinder.api.openstack.wsgi [None req-832ed91b-cc26-4fc8-bc3b-deec7efb1ca5 f765ed9dcdbe45d0940fde98ea348301 0813b1950a7f4641bd88033d24368155 - - default default] GET http://[LB_IP_ADDRESS]:8776/v3/0813b1950a7f4641bd88033d24368155/snapshots/detail
2026-04-13 11:18:19.837 75 INFO cinder.volume.api [None req-832ed91b-cc26-4fc8-bc3b-deec7efb1ca5 f765ed9dcdbe45d0940fde98ea348301 0813b1950a7f4641bd88033d24368155 - - default default] Get all snapshots completed successfully.
2026-04-13 11:18:19.840 75 INFO cinder.api.openstack.wsgi [None req-832ed91b-cc26-4fc8-bc3b-deec7efb1ca5 f765ed9dcdbe45d0940fde98ea348301 0813b1950a7f4641bd88033d24368155 - - default default] http://[LB_IP_ADDRESS]:8776/v3/0813b1950a7f4641bd88033d24368155/snapshots/detail returned with HTTP 200
2026-04-13 11:18:19.857 73 INFO cinder.api.openstack.wsgi [None req-61962b83-1ded-4d34-aad7-a83fc022544b f765ed9dcdbe45d0940fde98ea348301 0813b1950a7f4641bd88033d24368155 - - default default] GET http://[LB_IP_ADDRESS]:8776/v3/0813b1950a7f4641bd88033d24368155/snapshots/0330442b-a75c-42de-9c2a-92707177cadf
2026-04-13 11:18:19.868 73 INFO cinder.volume.api [None req-61962b83-1ded-4d34-aad7-a83fc022544b f765ed9dcdbe45d0940fde98ea348301 0813b1950a7f4641bd88033d24368155 - - default default] Snapshot retrieved successfully.
2026-04-13 11:18:19.870 73 INFO cinder.api.openstack.wsgi [None req-61962b83-1ded-4d34-aad7-a83fc022544b f765ed9dcdbe45d0940fde98ea348301 0813b1950a7f4641bd88033d24368155 - - default default] http://[LB_IP_ADDRESS]:8776/v3/0813b1950a7f4641bd88033d24368155/snapshots/0330442b-a75c-42de-9c2a-92707177cadf returned with HTTP 200
2026-04-13 11:18:20.551 76 INFO cinder.api.openstack.wsgi [None req-23ee18a5-0110-4c9c-953e-c10598a95ddb 82eaa13e30da4352ab4d73a2bfc24deb d7df9403187842968040488ec3a59872 - - default default] POST http://[LB_IP_ADDRESS]:8776/v3/d7df9403187842968040488ec3a59872/types
2026-04-13 11:18:20.579 76 INFO cinder.api.openstack.wsgi [None req-23ee18a5-0110-4c9c-953e-c10598a95ddb 82eaa13e30da4352ab4d73a2bfc24deb d7df9403187842968040488ec3a59872 - - default default] http://[LB_IP_ADDRESS]:8776/v3/d7df9403187842968040488ec3a59872/types returned with HTTP 200
2026-04-13 11:18:20.597 74 INFO cinder.api.openstack.wsgi [None req-eb146f9e-81bc-461d-abfb-739bae1b5cdc 82eaa13e30da4352ab4d73a2bfc24deb d7df9403187842968040488ec3a59872 - - default default] POST http://[LB_IP_ADDRESS]:8776/v3/d7df9403187842968040488ec3a59872/types/32663ff6-ced9-4869-b82a-44320fa97045/extra_specs
2026-04-13 11:18:20.633 74 INFO cinder.api.openstack.wsgi [None req-eb146f9e-81bc-461d-abfb-739bae1b5cdc 82eaa13e30da4352ab4d73a2bfc24deb d7df9403187842968040488ec3a59872 - - default default] http://[LB_IP_ADDRESS]:8776/v3/d7df9403187842968040488ec3a59872/types/32663ff6-ced9-4869-b82a-44320fa97045/extra_specs returned with HTTP 200
2026-04-13 11:18:20.650 72 INFO cinder.api.openstack.wsgi [None req-55417553-6107-49d1-93cc-f6a1847fab2f 82eaa13e30da4352ab4d73a2bfc24deb d7df9403187842968040488ec3a59872 - - default default] GET http://[LB_IP_ADDRESS]:8776/v3/d7df9403187842968040488ec3a59872/types/32663ff6-ced9-4869-b82a-44320fa97045/extra_specs/spec3
2026-04-13 11:18:20.663 72 INFO cinder.api.openstack.wsgi [None req-55417553-6107-49d1-93cc-f6a1847fab2f 82eaa13e30da4352ab4d73a2bfc24deb d7df9403187842968040488ec3a59872 - - default default] http://[LB_IP_ADDRESS]:8776/v3/d7df9403187842968040488ec3a59872/types/32663ff6-ced9-4869-b82a-44320fa97045/extra_specs/spec3 returned with HTTP 200
2026-04-13 11:18:20.678 75 INFO cinder.api.openstack.wsgi [None req-389c6647-fba8-4583-8520-ac2be1c20556 82eaa13e30da4352ab4d73a2bfc24deb d7df9403187842968040488ec3a59872 - - default default] DELETE http://[LB_IP_ADDRESS]:8776/v3/d7df9403187842968040488ec3a59872/types/32663ff6-ced9-4869-b82a-44320fa97045/extra_specs/spec3
2026-04-13 11:18:20.706 75 INFO cinder.api.openstack.wsgi [None req-389c6647-fba8-4583-8520-ac2be1c20556 82eaa13e30da4352ab4d73a2bfc24deb d7df9403187842968040488ec3a59872 - - default default] http://[LB_IP_ADDRESS]:8776/v3/d7df9403187842968040488ec3a59872/types/32663ff6-ced9-4869-b82a-44320fa97045/extra_specs/spec3 returned with HTTP 202
2026-04-13 11:18:20.720 73 INFO cinder.api.openstack.wsgi [None req-ecabc667-69ad-4779-9c93-5bfcbcc3c5b9 82eaa13e30da4352ab4d73a2bfc24deb d7df9403187842968040488ec3a59872 - - default default] GET http://[LB_IP_ADDRESS]:8776/v3/d7df9403187842968040488ec3a59872/types/32663ff6-ced9-4869-b82a-44320fa97045/extra_specs/spec3
2026-04-13 11:18:20.732 73 INFO cinder.api.openstack.wsgi [None req-ecabc667-69ad-4779-9c93-5bfcbcc3c5b9 82eaa13e30da4352ab4d73a2bfc24deb d7df9403187842968040488ec3a59872 - - default default] http://[LB_IP_ADDRESS]:8776/v3/d7df9403187842968040488ec3a59872/types/32663ff6-ced9-4869-b82a-44320fa97045/extra_specs/spec3 returned with HTTP 404
2026-04-13 11:18:20.748 76 INFO cinder.api.openstack.wsgi [None req-29567754-fcab-4a92-ac86-15df34f8167d 82eaa13e30da4352ab4d73a2bfc24deb d7df9403187842968040488ec3a59872 - - default default] POST http://[LB_IP_ADDRESS]:8776/v3/d7df9403187842968040488ec3a59872/types/32663ff6-ced9-4869-b82a-44320fa97045/extra_specs
2026-04-13 11:18:20.784 76 INFO cinder.api.openstack.wsgi [None req-29567754-fcab-4a92-ac86-15df34f8167d 82eaa13e30da4352ab4d73a2bfc24deb d7df9403187842968040488ec3a59872 - - default default] http://[LB_IP_ADDRESS]:8776/v3/d7df9403187842968040488ec3a59872/types/32663ff6-ced9-4869-b82a-44320fa97045/extra_specs returned with HTTP 200
2026-04-13 11:18:20.800 74 INFO cinder.api.openstack.wsgi [None req-8399617e-6766-4318-9193-3457551b000c 82eaa13e30da4352ab4d73a2bfc24deb d7df9403187842968040488ec3a59872 - - default default] GET http://[LB_IP_ADDRESS]:8776/v3/d7df9403187842968040488ec3a59872/types/32663ff6-ced9-4869-b82a-44320fa97045/extra_specs
2026-04-13 11:18:20.812 74 INFO cinder.api.openstack.wsgi [None req-8399617e-6766-4318-9193-3457551b000c 82eaa13e30da4352ab4d73a2bfc24deb d7df9403187842968040488ec3a59872 - - default default] http://[LB_IP_ADDRESS]:8776/v3/d7df9403187842968040488ec3a59872/types/32663ff6-ced9-4869-b82a-44320fa97045/extra_specs returned with HTTP 200
2026-04-13 11:18:20.829 72 INFO cinder.api.openstack.wsgi [None req-991c381e-889a-4a16-8f86-f778a598aa26 82eaa13e30da4352ab4d73a2bfc24deb d7df9403187842968040488ec3a59872 - - default default] POST http://[LB_IP_ADDRESS]:8776/v3/d7df9403187842968040488ec3a59872/types/32663ff6-ced9-4869-b82a-44320fa97045/extra_specs
2026-04-13 11:18:20.865 72 INFO cinder.api.openstack.wsgi [None req-991c381e-889a-4a16-8f86-f778a598aa26 82eaa13e30da4352ab4d73a2bfc24deb d7df9403187842968040488ec3a59872 - - default default] http://[LB_IP_ADDRESS]:8776/v3/d7df9403187842968040488ec3a59872/types/32663ff6-ced9-4869-b82a-44320fa97045/extra_specs returned with HTTP 200
2026-04-13 11:18:20.881 75 INFO cinder.api.openstack.wsgi [None req-15efa373-5809-42e0-b2ac-d5dce08c52b6 82eaa13e30da4352ab4d73a2bfc24deb d7df9403187842968040488ec3a59872 - - default default] PUT http://[LB_IP_ADDRESS]:8776/v3/d7df9403187842968040488ec3a59872/types/32663ff6-ced9-4869-b82a-44320fa97045/extra_specs/spec2
2026-04-13 11:18:20.888 73 INFO cinder.api.openstack.wsgi [None req-0f29faa8-630b-42cc-97f6-2cf9e07dae00 f765ed9dcdbe45d0940fde98ea348301 0813b1950a7f4641bd88033d24368155 - - default default] GET http://[LB_IP_ADDRESS]:8776/v3/0813b1950a7f4641bd88033d24368155/snapshots/0330442b-a75c-42de-9c2a-92707177cadf
2026-04-13 11:18:20.897 73 INFO cinder.api.openstack.wsgi [None req-0f29faa8-630b-42cc-97f6-2cf9e07dae00 f765ed9dcdbe45d0940fde98ea348301 0813b1950a7f4641bd88033d24368155 - - default default] http://[LB_IP_ADDRESS]:8776/v3/0813b1950a7f4641bd88033d24368155/snapshots/0330442b-a75c-42de-9c2a-92707177cadf returned with HTTP 404
2026-04-13 11:18:20.909 76 INFO cinder.api.openstack.wsgi [None req-848639da-7f03-4ff9-99ae-2f718db06537 f765ed9dcdbe45d0940fde98ea348301 0813b1950a7f4641bd88033d24368155 - - default default] GET http://[LB_IP_ADDRESS]:8776/v3/0813b1950a7f4641bd88033d24368155/group_snapshots/7fbd6038-ed3f-4fec-8c89-3e64ebf83d1c
2026-04-13 11:18:20.912 75 INFO cinder.api.openstack.wsgi [None req-15efa373-5809-42e0-b2ac-d5dce08c52b6 82eaa13e30da4352ab4d73a2bfc24deb d7df9403187842968040488ec3a59872 - - default default] http://[LB_IP_ADDRESS]:8776/v3/d7df9403187842968040488ec3a59872/types/32663ff6-ced9-4869-b82a-44320fa97045/extra_specs/spec2 returned with HTTP 200
2026-04-13 11:18:20.915 76 INFO cinder.api.openstack.wsgi [None req-848639da-7f03-4ff9-99ae-2f718db06537 f765ed9dcdbe45d0940fde98ea348301 0813b1950a7f4641bd88033d24368155 - - default default] http://[LB_IP_ADDRESS]:8776/v3/0813b1950a7f4641bd88033d24368155/group_snapshots/7fbd6038-ed3f-4fec-8c89-3e64ebf83d1c returned with HTTP 404
2026-04-13 11:18:20.927 74 INFO cinder.api.openstack.wsgi [None req-3135da0a-1467-4577-a548-1ffd983ed785 82eaa13e30da4352ab4d73a2bfc24deb d7df9403187842968040488ec3a59872 - - default default] GET http://[LB_IP_ADDRESS]:8776/v3/d7df9403187842968040488ec3a59872/types/32663ff6-ced9-4869-b82a-44320fa97045/extra_specs/spec2
2026-04-13 11:18:20.927 72 INFO cinder.api.openstack.wsgi [None req-cf44de1c-357c-495e-98f1-95c9c5c91ced f765ed9dcdbe45d0940fde98ea348301 0813b1950a7f4641bd88033d24368155 - - default default] GET http://[LB_IP_ADDRESS]:8776/v3/0813b1950a7f4641bd88033d24368155/group_snapshots
2026-04-13 11:18:20.934 72 INFO cinder.api.openstack.wsgi [None req-cf44de1c-357c-495e-98f1-95c9c5c91ced f765ed9dcdbe45d0940fde98ea348301 0813b1950a7f4641bd88033d24368155 - - default default] http://[LB_IP_ADDRESS]:8776/v3/0813b1950a7f4641bd88033d24368155/group_snapshots returned with HTTP 200
2026-04-13 11:18:20.938 74 INFO cinder.api.openstack.wsgi [None req-3135da0a-1467-4577-a548-1ffd983ed785 82eaa13e30da4352ab4d73a2bfc24deb d7df9403187842968040488ec3a59872 - - default default] http://[LB_IP_ADDRESS]:8776/v3/d7df9403187842968040488ec3a59872/types/32663ff6-ced9-4869-b82a-44320fa97045/extra_specs/spec2 returned with HTTP 200
2026-04-13 11:18:20.949 73 INFO cinder.api.openstack.wsgi [None req-0f389d0d-b400-49bb-9463-605252affbcb f765ed9dcdbe45d0940fde98ea348301 0813b1950a7f4641bd88033d24368155 - - default default] DELETE http://[LB_IP_ADDRESS]:8776/v3/0813b1950a7f4641bd88033d24368155/group_snapshots/7fbd6038-ed3f-4fec-8c89-3e64ebf83d1c
2026-04-13 11:18:20.950 73 INFO cinder.api.v3.group_snapshots [None req-0f389d0d-b400-49bb-9463-605252affbcb f765ed9dcdbe45d0940fde98ea348301 0813b1950a7f4641bd88033d24368155 - - default default] Delete group_snapshot with id: 7fbd6038-ed3f-4fec-8c89-3e64ebf83d1c
2026-04-13 11:18:20.954 75 INFO cinder.api.openstack.wsgi [None req-bf961d20-15d0-4324-b722-023300ba9bf7 82eaa13e30da4352ab4d73a2bfc24deb d7df9403187842968040488ec3a59872 - - default default] POST http://[LB_IP_ADDRESS]:8776/v3/d7df9403187842968040488ec3a59872/types/32663ff6-ced9-4869-b82a-44320fa97045/extra_specs
2026-04-13 11:18:20.957 73 INFO cinder.api.openstack.wsgi [None req-0f389d0d-b400-49bb-9463-605252affbcb f765ed9dcdbe45d0940fde98ea348301 0813b1950a7f4641bd88033d24368155 - - default default] http://[LB_IP_ADDRESS]:8776/v3/0813b1950a7f4641bd88033d24368155/group_snapshots/7fbd6038-ed3f-4fec-8c89-3e64ebf83d1c returned with HTTP 404
2026-04-13 11:18:20.969 76 INFO cinder.api.openstack.wsgi [None req-a1c7e377-7e89-41c0-8785-f7dd1238705e f765ed9dcdbe45d0940fde98ea348301 0813b1950a7f4641bd88033d24368155 - - default default] GET http://[LB_IP_ADDRESS]:8776/v3/0813b1950a7f4641bd88033d24368155/volumes/detail
2026-04-13 11:18:20.985 76 INFO cinder.volume.api [None req-a1c7e377-7e89-41c0-8785-f7dd1238705e f765ed9dcdbe45d0940fde98ea348301 0813b1950a7f4641bd88033d24368155 - - default default] Get all volumes completed successfully.
2026-04-13 11:18:20.995 75 INFO cinder.api.openstack.wsgi [None req-bf961d20-15d0-4324-b722-023300ba9bf7 82eaa13e30da4352ab4d73a2bfc24deb d7df9403187842968040488ec3a59872 - - default default] http://[LB_IP_ADDRESS]:8776/v3/d7df9403187842968040488ec3a59872/types/32663ff6-ced9-4869-b82a-44320fa97045/extra_specs returned with HTTP 200
2026-04-13 11:18:21.011 72 INFO cinder.api.openstack.wsgi [None req-702d7f11-af27-4f0a-94c3-2522107ba31f 82eaa13e30da4352ab4d73a2bfc24deb d7df9403187842968040488ec3a59872 - - default default] GET http://[LB_IP_ADDRESS]:8776/v3/d7df9403187842968040488ec3a59872/types/32663ff6-ced9-4869-b82a-44320fa97045/extra_specs
2026-04-13 11:18:21.014 76 INFO cinder.api.openstack.wsgi [None req-a1c7e377-7e89-41c0-8785-f7dd1238705e f765ed9dcdbe45d0940fde98ea348301 0813b1950a7f4641bd88033d24368155 - - default default] http://[LB_IP_ADDRESS]:8776/v3/0813b1950a7f4641bd88033d24368155/volumes/detail returned with HTTP 200
2026-04-13 11:18:21.025 72 INFO cinder.api.openstack.wsgi [None req-702d7f11-af27-4f0a-94c3-2522107ba31f 82eaa13e30da4352ab4d73a2bfc24deb d7df9403187842968040488ec3a59872 - - default default] http://[LB_IP_ADDRESS]:8776/v3/d7df9403187842968040488ec3a59872/types/32663ff6-ced9-4869-b82a-44320fa97045/extra_specs returned with HTTP 200
2026-04-13 11:18:21.038 74 INFO cinder.api.openstack.wsgi [None req-2112b7fd-8009-490f-b515-1ab7a13bd5f7 f765ed9dcdbe45d0940fde98ea348301 0813b1950a7f4641bd88033d24368155 - - default default] POST http://[LB_IP_ADDRESS]:8776/v3/0813b1950a7f4641bd88033d24368155/groups/310d5d64-6f78-4376-a5a7-2b94c9ea954d/action
2026-04-13 11:18:21.040 73 INFO cinder.api.openstack.wsgi [None req-d5a3e08e-5118-464b-bc78-d96dc890fd36 82eaa13e30da4352ab4d73a2bfc24deb d7df9403187842968040488ec3a59872 - - default default] DELETE http://[LB_IP_ADDRESS]:8776/v3/d7df9403187842968040488ec3a59872/types/32663ff6-ced9-4869-b82a-44320fa97045
2026-04-13 11:18:21.042 74 INFO cinder.api.v3.groups [None req-2112b7fd-8009-490f-b515-1ab7a13bd5f7 f765ed9dcdbe45d0940fde98ea348301 0813b1950a7f4641bd88033d24368155 - - default default] Delete group with id: 310d5d64-6f78-4376-a5a7-2b94c9ea954d
2026-04-13 11:18:21.090 73 INFO cinder.api.openstack.wsgi [None req-d5a3e08e-5118-464b-bc78-d96dc890fd36 82eaa13e30da4352ab4d73a2bfc24deb d7df9403187842968040488ec3a59872 - - default default] http://[LB_IP_ADDRESS]:8776/v3/d7df9403187842968040488ec3a59872/types/32663ff6-ced9-4869-b82a-44320fa97045 returned with HTTP 202
2026-04-13 11:18:21.103 75 INFO cinder.api.openstack.wsgi [None req-3ce5de12-f3dc-41b4-8b6a-4a611d027b93 82eaa13e30da4352ab4d73a2bfc24deb d7df9403187842968040488ec3a59872 - - default default] GET http://[LB_IP_ADDRESS]:8776/v3/d7df9403187842968040488ec3a59872/types/32663ff6-ced9-4869-b82a-44320fa97045
2026-04-13 11:18:21.109 75 INFO cinder.api.openstack.wsgi [None req-3ce5de12-f3dc-41b4-8b6a-4a611d027b93 82eaa13e30da4352ab4d73a2bfc24deb d7df9403187842968040488ec3a59872 - - default default] http://[LB_IP_ADDRESS]:8776/v3/d7df9403187842968040488ec3a59872/types/32663ff6-ced9-4869-b82a-44320fa97045 returned with HTTP 404
2026-04-13 11:18:21.116 74 INFO cinder.api.openstack.wsgi [None req-2112b7fd-8009-490f-b515-1ab7a13bd5f7 f765ed9dcdbe45d0940fde98ea348301 0813b1950a7f4641bd88033d24368155 - - default default] http://[LB_IP_ADDRESS]:8776/v3/0813b1950a7f4641bd88033d24368155/groups/310d5d64-6f78-4376-a5a7-2b94c9ea954d/action returned with HTTP 202
2026-04-13 11:18:21.128 76 INFO cinder.api.openstack.wsgi [None req-7e5dbba4-7a73-4170-a555-e06be9881102 f765ed9dcdbe45d0940fde98ea348301 0813b1950a7f4641bd88033d24368155 - - default default] GET http://[LB_IP_ADDRESS]:8776/v3/0813b1950a7f4641bd88033d24368155/volumes/fd0aec60-4f14-46e6-a413-a0a3ca95f512
2026-04-13 11:18:21.151 76 INFO cinder.volume.api [None req-7e5dbba4-7a73-4170-a555-e06be9881102 f765ed9dcdbe45d0940fde98ea348301 0813b1950a7f4641bd88033d24368155 - - default default] Volume info retrieved successfully.
2026-04-13 11:18:21.176 76 INFO cinder.api.openstack.wsgi [None req-7e5dbba4-7a73-4170-a555-e06be9881102 f765ed9dcdbe45d0940fde98ea348301 0813b1950a7f4641bd88033d24368155 - - default default] http://[LB_IP_ADDRESS]:8776/v3/0813b1950a7f4641bd88033d24368155/volumes/fd0aec60-4f14-46e6-a413-a0a3ca95f512 returned with HTTP 200
2026-04-13 11:18:22.016 72 INFO cinder.api.openstack.wsgi [None req-9fa36358-52fe-4cd9-8d24-d7714c67872b fa805f2f82334ad4942e67edec317fc3 fb477d83b05a446a8644934416b02ba0 - - default default] POST http://[LB_IP_ADDRESS]:8776/v3/fb477d83b05a446a8644934416b02ba0/types
2026-04-13 11:18:22.043 72 INFO cinder.api.openstack.wsgi [None req-9fa36358-52fe-4cd9-8d24-d7714c67872b fa805f2f82334ad4942e67edec317fc3 fb477d83b05a446a8644934416b02ba0 - - default default] http://[LB_IP_ADDRESS]:8776/v3/fb477d83b05a446a8644934416b02ba0/types returned with HTTP 200
2026-04-13 11:18:22.058 73 INFO cinder.api.openstack.wsgi [None req-c3c2c619-86a5-44b5-810f-b137cc5b715e fa805f2f82334ad4942e67edec317fc3 fb477d83b05a446a8644934416b02ba0 - - default default] POST http://[LB_IP_ADDRESS]:8776/v3/fb477d83b05a446a8644934416b02ba0/types
2026-04-13 11:18:22.085 73 INFO cinder.api.openstack.wsgi [None req-c3c2c619-86a5-44b5-810f-b137cc5b715e fa805f2f82334ad4942e67edec317fc3 fb477d83b05a446a8644934416b02ba0 - - default default] http://[LB_IP_ADDRESS]:8776/v3/fb477d83b05a446a8644934416b02ba0/types returned with HTTP 200
2026-04-13 11:18:22.200 74 INFO cinder.api.openstack.wsgi [None req-d13ecb7e-f9f4-48c0-abe7-82fdb5ebf31e f765ed9dcdbe45d0940fde98ea348301 0813b1950a7f4641bd88033d24368155 - - default default] GET http://[LB_IP_ADDRESS]:8776/v3/0813b1950a7f4641bd88033d24368155/volumes/fd0aec60-4f14-46e6-a413-a0a3ca95f512
2026-04-13 11:18:22.212 74 INFO cinder.api.openstack.wsgi [None req-d13ecb7e-f9f4-48c0-abe7-82fdb5ebf31e f765ed9dcdbe45d0940fde98ea348301 0813b1950a7f4641bd88033d24368155 - - default default] http://[LB_IP_ADDRESS]:8776/v3/0813b1950a7f4641bd88033d24368155/volumes/fd0aec60-4f14-46e6-a413-a0a3ca95f512 returned with HTTP 404
2026-04-13 11:18:22.226 76 INFO cinder.api.openstack.wsgi [None req-c0113e47-98fe-4a40-a4a2-036d3c98851f f765ed9dcdbe45d0940fde98ea348301 0813b1950a7f4641bd88033d24368155 - - default default] GET http://[LB_IP_ADDRESS]:8776/v3/0813b1950a7f4641bd88033d24368155/groups/310d5d64-6f78-4376-a5a7-2b94c9ea954d
2026-04-13 11:18:22.232 76 INFO cinder.api.openstack.wsgi [None req-c0113e47-98fe-4a40-a4a2-036d3c98851f f765ed9dcdbe45d0940fde98ea348301 0813b1950a7f4641bd88033d24368155 - - default default] http://[LB_IP_ADDRESS]:8776/v3/0813b1950a7f4641bd88033d24368155/groups/310d5d64-6f78-4376-a5a7-2b94c9ea954d returned with HTTP 404
2026-04-13 11:18:22.244 72 INFO cinder.api.openstack.wsgi [None req-9e4f6029-827d-49ee-8f96-192e2d495bf6 7510b6eb23084174a4ceee7e458bd34c ff9f78c328274b12b0fe1e198c2dbba5 - - default default] DELETE http://[LB_IP_ADDRESS]:8776/v3/ff9f78c328274b12b0fe1e198c2dbba5/group_types/2cd5adfa-ea04-4d00-b464-feda93c0a525
2026-04-13 11:18:22.253 75 INFO cinder.api.openstack.wsgi [None req-681ab331-84c0-4908-be55-778fe9a04e69 887b540cd6e24fcf96c2f5a48c2ea127 c44ed50a320649c3869a9f9044ebcb8d - - default default] POST http://[LB_IP_ADDRESS]:8776/v3/c44ed50a320649c3869a9f9044ebcb8d/volumes
2026-04-13 11:18:22.263 75 INFO cinder.api.v3.volumes [None req-681ab331-84c0-4908-be55-778fe9a04e69 887b540cd6e24fcf96c2f5a48c2ea127 c44ed50a320649c3869a9f9044ebcb8d - - default default] Create volume of 1 GB
2026-04-13 11:18:22.265 75 INFO cinder.volume.api [None req-681ab331-84c0-4908-be55-778fe9a04e69 887b540cd6e24fcf96c2f5a48c2ea127 c44ed50a320649c3869a9f9044ebcb8d - - default default] Availability Zones retrieved successfully.
2026-04-13 11:18:22.265 72 INFO cinder.api.openstack.wsgi [None req-9e4f6029-827d-49ee-8f96-192e2d495bf6 7510b6eb23084174a4ceee7e458bd34c ff9f78c328274b12b0fe1e198c2dbba5 - - default default] http://[LB_IP_ADDRESS]:8776/v3/ff9f78c328274b12b0fe1e198c2dbba5/group_types/2cd5adfa-ea04-4d00-b464-feda93c0a525 returned with HTTP 202
2026-04-13 11:18:22.277 73 INFO cinder.api.openstack.wsgi [None req-0b417e89-da2f-43ff-9234-4c2f138c047f 7510b6eb23084174a4ceee7e458bd34c ff9f78c328274b12b0fe1e198c2dbba5 - - default default] DELETE http://[LB_IP_ADDRESS]:8776/v3/ff9f78c328274b12b0fe1e198c2dbba5/types/ac10df53-783d-4f21-9458-79533bf1d8cf
2026-04-13 11:18:22.326 73 INFO cinder.api.openstack.wsgi [None req-0b417e89-da2f-43ff-9234-4c2f138c047f 7510b6eb23084174a4ceee7e458bd34c ff9f78c328274b12b0fe1e198c2dbba5 - - default default] http://[LB_IP_ADDRESS]:8776/v3/ff9f78c328274b12b0fe1e198c2dbba5/types/ac10df53-783d-4f21-9458-79533bf1d8cf returned with HTTP 202
2026-04-13 11:18:22.338 74 INFO cinder.api.openstack.wsgi [None req-4dda8560-7acc-48ac-a814-c4d573d34bac 7510b6eb23084174a4ceee7e458bd34c ff9f78c328274b12b0fe1e198c2dbba5 - - default default] GET http://[LB_IP_ADDRESS]:8776/v3/ff9f78c328274b12b0fe1e198c2dbba5/types/ac10df53-783d-4f21-9458-79533bf1d8cf
2026-04-13 11:18:22.344 74 INFO cinder.api.openstack.wsgi [None req-4dda8560-7acc-48ac-a814-c4d573d34bac 7510b6eb23084174a4ceee7e458bd34c ff9f78c328274b12b0fe1e198c2dbba5 - - default default] http://[LB_IP_ADDRESS]:8776/v3/ff9f78c328274b12b0fe1e198c2dbba5/types/ac10df53-783d-4f21-9458-79533bf1d8cf returned with HTTP 404
2026-04-13 11:18:22.521 75 INFO cinder.volume.api [None req-681ab331-84c0-4908-be55-778fe9a04e69 887b540cd6e24fcf96c2f5a48c2ea127 c44ed50a320649c3869a9f9044ebcb8d - - default default] Create volume request issued successfully.
2026-04-13 11:18:22.522 75 INFO cinder.api.openstack.wsgi [None req-681ab331-84c0-4908-be55-778fe9a04e69 887b540cd6e24fcf96c2f5a48c2ea127 c44ed50a320649c3869a9f9044ebcb8d - - default default] http://[LB_IP_ADDRESS]:8776/v3/c44ed50a320649c3869a9f9044ebcb8d/volumes returned with HTTP 202
2026-04-13 11:18:22.540 76 INFO cinder.api.openstack.wsgi [None req-803f619f-65c3-4d32-9457-c9f3f09b38ef 887b540cd6e24fcf96c2f5a48c2ea127 c44ed50a320649c3869a9f9044ebcb8d - - default default] GET http://[LB_IP_ADDRESS]:8776/v3/c44ed50a320649c3869a9f9044ebcb8d/volumes/dd61bdb2-56e5-4ce9-89ef-94fcbf1bafa7
2026-04-13 11:18:22.556 76 INFO cinder.volume.api [None req-803f619f-65c3-4d32-9457-c9f3f09b38ef 887b540cd6e24fcf96c2f5a48c2ea127 c44ed50a320649c3869a9f9044ebcb8d - - default default] Volume info retrieved successfully.
2026-04-13 11:18:22.562 76 INFO cinder.api.openstack.wsgi [None req-803f619f-65c3-4d32-9457-c9f3f09b38ef 887b540cd6e24fcf96c2f5a48c2ea127 c44ed50a320649c3869a9f9044ebcb8d - - default default] http://[LB_IP_ADDRESS]:8776/v3/c44ed50a320649c3869a9f9044ebcb8d/volumes/dd61bdb2-56e5-4ce9-89ef-94fcbf1bafa7 returned with HTTP 200
2026-04-13 11:18:23.583 72 INFO cinder.api.openstack.wsgi [None req-8dfb5691-d867-442c-842c-1734ab57eed1 887b540cd6e24fcf96c2f5a48c2ea127 c44ed50a320649c3869a9f9044ebcb8d - - default default] GET http://[LB_IP_ADDRESS]:8776/v3/c44ed50a320649c3869a9f9044ebcb8d/volumes/dd61bdb2-56e5-4ce9-89ef-94fcbf1bafa7
2026-04-13 11:18:23.604 72 INFO cinder.volume.api [None req-8dfb5691-d867-442c-842c-1734ab57eed1 887b540cd6e24fcf96c2f5a48c2ea127 c44ed50a320649c3869a9f9044ebcb8d - - default default] Volume info retrieved successfully.
2026-04-13 11:18:23.613 72 INFO cinder.api.openstack.wsgi [None req-8dfb5691-d867-442c-842c-1734ab57eed1 887b540cd6e24fcf96c2f5a48c2ea127 c44ed50a320649c3869a9f9044ebcb8d - - default default] http://[LB_IP_ADDRESS]:8776/v3/c44ed50a320649c3869a9f9044ebcb8d/volumes/dd61bdb2-56e5-4ce9-89ef-94fcbf1bafa7 returned with HTTP 200
2026-04-13 11:18:23.634 73 INFO cinder.api.openstack.wsgi [None req-e671c0fb-c27a-4903-a6f2-22dc96833c97 fa805f2f82334ad4942e67edec317fc3 fb477d83b05a446a8644934416b02ba0 - - default default] GET http://[LB_IP_ADDRESS]:8776/v3/fb477d83b05a446a8644934416b02ba0/volumes/dd61bdb2-56e5-4ce9-89ef-94fcbf1bafa7
2026-04-13 11:18:23.653 73 INFO cinder.volume.api [None req-e671c0fb-c27a-4903-a6f2-22dc96833c97 fa805f2f82334ad4942e67edec317fc3 fb477d83b05a446a8644934416b02ba0 - - default default] Volume info retrieved successfully.
2026-04-13 11:18:23.660 73 INFO cinder.api.openstack.wsgi [None req-e671c0fb-c27a-4903-a6f2-22dc96833c97 fa805f2f82334ad4942e67edec317fc3 fb477d83b05a446a8644934416b02ba0 - - default default] http://[LB_IP_ADDRESS]:8776/v3/fb477d83b05a446a8644934416b02ba0/volumes/dd61bdb2-56e5-4ce9-89ef-94fcbf1bafa7 returned with HTTP 200
2026-04-13 11:18:23.682 74 INFO cinder.api.openstack.wsgi [None req-3bbaff27-340c-4e03-b837-7a58920e5682 887b540cd6e24fcf96c2f5a48c2ea127 c44ed50a320649c3869a9f9044ebcb8d - - default default] POST http://[LB_IP_ADDRESS]:8776/v3/c44ed50a320649c3869a9f9044ebcb8d/volumes/dd61bdb2-56e5-4ce9-89ef-94fcbf1bafa7/action
2026-04-13 11:18:23.700 74 INFO cinder.volume.api [None req-3bbaff27-340c-4e03-b837-7a58920e5682 887b540cd6e24fcf96c2f5a48c2ea127 c44ed50a320649c3869a9f9044ebcb8d - - default default] Volume info retrieved successfully.
2026-04-13 11:18:23.850 74 INFO cinder.volume.api [None req-3bbaff27-340c-4e03-b837-7a58920e5682 887b540cd6e24fcf96c2f5a48c2ea127 c44ed50a320649c3869a9f9044ebcb8d - - default default] Retype volume request issued successfully.
2026-04-13 11:18:23.851 74 INFO cinder.api.openstack.wsgi [None req-3bbaff27-340c-4e03-b837-7a58920e5682 887b540cd6e24fcf96c2f5a48c2ea127 c44ed50a320649c3869a9f9044ebcb8d - - default default] http://[LB_IP_ADDRESS]:8776/v3/c44ed50a320649c3869a9f9044ebcb8d/volumes/dd61bdb2-56e5-4ce9-89ef-94fcbf1bafa7/action returned with HTTP 202
2026-04-13 11:18:23.861 75 INFO cinder.api.openstack.wsgi [None req-d9c14700-c673-4b95-8eb3-b4aa6979c01a 887b540cd6e24fcf96c2f5a48c2ea127 c44ed50a320649c3869a9f9044ebcb8d - - default default] GET http://[LB_IP_ADDRESS]:8776/v3/c44ed50a320649c3869a9f9044ebcb8d/volumes/dd61bdb2-56e5-4ce9-89ef-94fcbf1bafa7
2026-04-13 11:18:23.879 75 INFO cinder.volume.api [None req-d9c14700-c673-4b95-8eb3-b4aa6979c01a 887b540cd6e24fcf96c2f5a48c2ea127 c44ed50a320649c3869a9f9044ebcb8d - - default default] Volume info retrieved successfully.
2026-04-13 11:18:23.888 75 INFO cinder.api.openstack.wsgi [None req-d9c14700-c673-4b95-8eb3-b4aa6979c01a 887b540cd6e24fcf96c2f5a48c2ea127 c44ed50a320649c3869a9f9044ebcb8d - - default default] http://[LB_IP_ADDRESS]:8776/v3/c44ed50a320649c3869a9f9044ebcb8d/volumes/dd61bdb2-56e5-4ce9-89ef-94fcbf1bafa7 returned with HTTP 200
2026-04-13 11:18:24.909 76 INFO cinder.api.openstack.wsgi [None req-25fbc19e-3432-4424-8c52-acace8969e68 887b540cd6e24fcf96c2f5a48c2ea127 c44ed50a320649c3869a9f9044ebcb8d - - default default] GET http://[LB_IP_ADDRESS]:8776/v3/c44ed50a320649c3869a9f9044ebcb8d/volumes/dd61bdb2-56e5-4ce9-89ef-94fcbf1bafa7
2026-04-13 11:18:24.931 76 INFO cinder.volume.api [None req-25fbc19e-3432-4424-8c52-acace8969e68 887b540cd6e24fcf96c2f5a48c2ea127 c44ed50a320649c3869a9f9044ebcb8d - - default default] Volume info retrieved successfully.
2026-04-13 11:18:24.941 76 INFO cinder.api.openstack.wsgi [None req-25fbc19e-3432-4424-8c52-acace8969e68 887b540cd6e24fcf96c2f5a48c2ea127 c44ed50a320649c3869a9f9044ebcb8d - - default default] http://[LB_IP_ADDRESS]:8776/v3/c44ed50a320649c3869a9f9044ebcb8d/volumes/dd61bdb2-56e5-4ce9-89ef-94fcbf1bafa7 returned with HTTP 200
2026-04-13 11:18:24.964 72 INFO cinder.api.openstack.wsgi [None req-187dad92-a9a2-48a2-912e-05607717266e fa805f2f82334ad4942e67edec317fc3 fb477d83b05a446a8644934416b02ba0 - - default default] GET http://[LB_IP_ADDRESS]:8776/v3/fb477d83b05a446a8644934416b02ba0/volumes/dd61bdb2-56e5-4ce9-89ef-94fcbf1bafa7
2026-04-13 11:18:24.986 72 INFO cinder.volume.api [None req-187dad92-a9a2-48a2-912e-05607717266e fa805f2f82334ad4942e67edec317fc3 fb477d83b05a446a8644934416b02ba0 - - default default] Volume info retrieved successfully.
2026-04-13 11:18:24.995 72 INFO cinder.api.openstack.wsgi [None req-187dad92-a9a2-48a2-912e-05607717266e fa805f2f82334ad4942e67edec317fc3 fb477d83b05a446a8644934416b02ba0 - - default default] http://[LB_IP_ADDRESS]:8776/v3/fb477d83b05a446a8644934416b02ba0/volumes/dd61bdb2-56e5-4ce9-89ef-94fcbf1bafa7 returned with HTTP 200
2026-04-13 11:18:25.016 73 INFO cinder.api.openstack.wsgi [None req-4eb12ff0-ceda-45a7-9a80-ebd183933907 fa805f2f82334ad4942e67edec317fc3 fb477d83b05a446a8644934416b02ba0 - - default default] GET http://[LB_IP_ADDRESS]:8776/v3/fb477d83b05a446a8644934416b02ba0/volumes?all_tenants=True&name=tempest-VolumeRetypeWithoutMigrationTest-Volume-562404116
2026-04-13 11:18:25.031 73 INFO cinder.volume.api [None req-4eb12ff0-ceda-45a7-9a80-ebd183933907 fa805f2f82334ad4942e67edec317fc3 fb477d83b05a446a8644934416b02ba0 - - default default] Get all volumes completed successfully.
2026-04-13 11:18:25.033 73 INFO cinder.api.openstack.wsgi [None req-4eb12ff0-ceda-45a7-9a80-ebd183933907 fa805f2f82334ad4942e67edec317fc3 fb477d83b05a446a8644934416b02ba0 - - default default] http://[LB_IP_ADDRESS]:8776/v3/fb477d83b05a446a8644934416b02ba0/volumes?all_tenants=True&name=tempest-VolumeRetypeWithoutMigrationTest-Volume-562404116 returned with HTTP 200
2026-04-13 11:18:25.047 74 INFO cinder.api.openstack.wsgi [None req-1f215b19-0d96-4ab8-8355-09e748f77e48 887b540cd6e24fcf96c2f5a48c2ea127 c44ed50a320649c3869a9f9044ebcb8d - - default default] GET http://[LB_IP_ADDRESS]:8776/v3/c44ed50a320649c3869a9f9044ebcb8d/volumes/dd61bdb2-56e5-4ce9-89ef-94fcbf1bafa7
2026-04-13 11:18:25.068 74 INFO cinder.volume.api [None req-1f215b19-0d96-4ab8-8355-09e748f77e48 887b540cd6e24fcf96c2f5a48c2ea127 c44ed50a320649c3869a9f9044ebcb8d - - default default] Volume info retrieved successfully.
2026-04-13 11:18:25.076 74 INFO cinder.api.openstack.wsgi [None req-1f215b19-0d96-4ab8-8355-09e748f77e48 887b540cd6e24fcf96c2f5a48c2ea127 c44ed50a320649c3869a9f9044ebcb8d - - default default] http://[LB_IP_ADDRESS]:8776/v3/c44ed50a320649c3869a9f9044ebcb8d/volumes/dd61bdb2-56e5-4ce9-89ef-94fcbf1bafa7 returned with HTTP 200
2026-04-13 11:18:25.097 75 INFO cinder.api.openstack.wsgi [None req-7b46834f-46a7-42a9-b75b-c54f690a9560 887b540cd6e24fcf96c2f5a48c2ea127 c44ed50a320649c3869a9f9044ebcb8d - - default default] DELETE http://[LB_IP_ADDRESS]:8776/v3/c44ed50a320649c3869a9f9044ebcb8d/volumes/dd61bdb2-56e5-4ce9-89ef-94fcbf1bafa7
2026-04-13 11:18:25.097 75 INFO cinder.api.v3.volumes [None req-7b46834f-46a7-42a9-b75b-c54f690a9560 887b540cd6e24fcf96c2f5a48c2ea127 c44ed50a320649c3869a9f9044ebcb8d - - default default] Delete volume with id: dd61bdb2-56e5-4ce9-89ef-94fcbf1bafa7 
2026-04-13 11:18:25.113 75 INFO cinder.volume.api [None req-7b46834f-46a7-42a9-b75b-c54f690a9560 887b540cd6e24fcf96c2f5a48c2ea127 c44ed50a320649c3869a9f9044ebcb8d - - default default] Volume info retrieved successfully.
2026-04-13 11:18:25.143 75 INFO cinder.volume.api [None req-7b46834f-46a7-42a9-b75b-c54f690a9560 887b540cd6e24fcf96c2f5a48c2ea127 c44ed50a320649c3869a9f9044ebcb8d - - default default] Delete volume request issued successfully.
2026-04-13 11:18:25.143 75 INFO cinder.api.openstack.wsgi [None req-7b46834f-46a7-42a9-b75b-c54f690a9560 887b540cd6e24fcf96c2f5a48c2ea127 c44ed50a320649c3869a9f9044ebcb8d - - default default] http://[LB_IP_ADDRESS]:8776/v3/c44ed50a320649c3869a9f9044ebcb8d/volumes/dd61bdb2-56e5-4ce9-89ef-94fcbf1bafa7 returned with HTTP 202
2026-04-13 11:18:25.156 76 INFO cinder.api.openstack.wsgi [None req-3fd03194-cd3c-41a7-bc5e-c0e468864627 887b540cd6e24fcf96c2f5a48c2ea127 c44ed50a320649c3869a9f9044ebcb8d - - default default] GET http://[LB_IP_ADDRESS]:8776/v3/c44ed50a320649c3869a9f9044ebcb8d/volumes/dd61bdb2-56e5-4ce9-89ef-94fcbf1bafa7
2026-04-13 11:18:25.177 76 INFO cinder.volume.api [None req-3fd03194-cd3c-41a7-bc5e-c0e468864627 887b540cd6e24fcf96c2f5a48c2ea127 c44ed50a320649c3869a9f9044ebcb8d - - default default] Volume info retrieved successfully.
2026-04-13 11:18:25.186 76 INFO cinder.api.openstack.wsgi [None req-3fd03194-cd3c-41a7-bc5e-c0e468864627 887b540cd6e24fcf96c2f5a48c2ea127 c44ed50a320649c3869a9f9044ebcb8d - - default default] http://[LB_IP_ADDRESS]:8776/v3/c44ed50a320649c3869a9f9044ebcb8d/volumes/dd61bdb2-56e5-4ce9-89ef-94fcbf1bafa7 returned with HTTP 200
2026-04-13 11:18:25.722 72 INFO cinder.api.openstack.wsgi [None req-741c516d-167c-47ee-8fe4-1b22e9e9617f 04567051b98045b6b8b7c8d3f645df24 5962f233c9c0441f9a694c823e97efa0 - - default default] POST http://[LB_IP_ADDRESS]:8776/v3/5962f233c9c0441f9a694c823e97efa0/types
2026-04-13 11:18:25.750 72 INFO cinder.api.openstack.wsgi [None req-741c516d-167c-47ee-8fe4-1b22e9e9617f 04567051b98045b6b8b7c8d3f645df24 5962f233c9c0441f9a694c823e97efa0 - - default default] http://[LB_IP_ADDRESS]:8776/v3/5962f233c9c0441f9a694c823e97efa0/types returned with HTTP 200
2026-04-13 11:18:25.769 73 INFO cinder.api.openstack.wsgi [None req-2d964958-2f6d-41c1-b72f-db6195aa2c9d 04567051b98045b6b8b7c8d3f645df24 5962f233c9c0441f9a694c823e97efa0 - - default default] POST http://[LB_IP_ADDRESS]:8776/v3/5962f233c9c0441f9a694c823e97efa0/types/e358d9ac-8a94-4749-9c80-7b2dc3f44a53/extra_specs
2026-04-13 11:18:25.773 73 INFO cinder.api.openstack.wsgi [None req-2d964958-2f6d-41c1-b72f-db6195aa2c9d 04567051b98045b6b8b7c8d3f645df24 5962f233c9c0441f9a694c823e97efa0 - - default default] http://[LB_IP_ADDRESS]:8776/v3/5962f233c9c0441f9a694c823e97efa0/types/e358d9ac-8a94-4749-9c80-7b2dc3f44a53/extra_specs returned with HTTP 400
2026-04-13 11:18:25.789 74 INFO cinder.api.openstack.wsgi [None req-4eca957e-edbd-4e5a-af5e-9a5ca9f145ad 04567051b98045b6b8b7c8d3f645df24 5962f233c9c0441f9a694c823e97efa0 - - default default] POST http://[LB_IP_ADDRESS]:8776/v3/5962f233c9c0441f9a694c823e97efa0/types/e358d9ac-8a94-4749-9c80-7b2dc3f44a53/extra_specs
2026-04-13 11:18:25.794 74 INFO cinder.api.openstack.wsgi [None req-4eca957e-edbd-4e5a-af5e-9a5ca9f145ad 04567051b98045b6b8b7c8d3f645df24 5962f233c9c0441f9a694c823e97efa0 - - default default] http://[LB_IP_ADDRESS]:8776/v3/5962f233c9c0441f9a694c823e97efa0/types/e358d9ac-8a94-4749-9c80-7b2dc3f44a53/extra_specs returned with HTTP 400
2026-04-13 11:18:25.810 75 INFO cinder.api.openstack.wsgi [None req-4b7122a0-599b-4c95-90b7-b6cef3920f2b 04567051b98045b6b8b7c8d3f645df24 5962f233c9c0441f9a694c823e97efa0 - - default default] POST http://[LB_IP_ADDRESS]:8776/v3/5962f233c9c0441f9a694c823e97efa0/types/109144a7-fedd-4fca-89a5-517f7b3c68ee/extra_specs
2026-04-13 11:18:25.832 75 INFO cinder.api.openstack.wsgi [None req-4b7122a0-599b-4c95-90b7-b6cef3920f2b 04567051b98045b6b8b7c8d3f645df24 5962f233c9c0441f9a694c823e97efa0 - - default default] http://[LB_IP_ADDRESS]:8776/v3/5962f233c9c0441f9a694c823e97efa0/types/109144a7-fedd-4fca-89a5-517f7b3c68ee/extra_specs returned with HTTP 404
2026-04-13 11:18:25.849 76 INFO cinder.api.openstack.wsgi [None req-363c09e9-4455-4ded-924b-816b86d8d6c9 04567051b98045b6b8b7c8d3f645df24 5962f233c9c0441f9a694c823e97efa0 - - default default] DELETE http://[LB_IP_ADDRESS]:8776/v3/5962f233c9c0441f9a694c823e97efa0/types/af98586a-5235-4e8d-9b88-add36c70cd2c/extra_specs/spec1
2026-04-13 11:18:25.855 76 INFO cinder.api.openstack.wsgi [None req-363c09e9-4455-4ded-924b-816b86d8d6c9 04567051b98045b6b8b7c8d3f645df24 5962f233c9c0441f9a694c823e97efa0 - - default default] http://[LB_IP_ADDRESS]:8776/v3/5962f233c9c0441f9a694c823e97efa0/types/af98586a-5235-4e8d-9b88-add36c70cd2c/extra_specs/spec1 returned with HTTP 404
2026-04-13 11:18:25.876 72 INFO cinder.api.openstack.wsgi [None req-cd64724c-aad0-4e11-bad7-7724a9cf329f 04567051b98045b6b8b7c8d3f645df24 5962f233c9c0441f9a694c823e97efa0 - - default default] GET http://[LB_IP_ADDRESS]:8776/v3/5962f233c9c0441f9a694c823e97efa0/types/e358d9ac-8a94-4749-9c80-7b2dc3f44a53/extra_specs/nonexistent_extra_spec_name
2026-04-13 11:18:25.891 72 INFO cinder.api.openstack.wsgi [None req-cd64724c-aad0-4e11-bad7-7724a9cf329f 04567051b98045b6b8b7c8d3f645df24 5962f233c9c0441f9a694c823e97efa0 - - default default] http://[LB_IP_ADDRESS]:8776/v3/5962f233c9c0441f9a694c823e97efa0/types/e358d9ac-8a94-4749-9c80-7b2dc3f44a53/extra_specs/nonexistent_extra_spec_name returned with HTTP 404
2026-04-13 11:18:25.909 73 INFO cinder.api.openstack.wsgi [None req-a45de206-df79-4f0e-90c1-b5715b051fc2 04567051b98045b6b8b7c8d3f645df24 5962f233c9c0441f9a694c823e97efa0 - - default default] GET http://[LB_IP_ADDRESS]:8776/v3/5962f233c9c0441f9a694c823e97efa0/types/2b4a7ad9-c60d-42d8-a69b-47e10b736849/extra_specs/spec1
2026-04-13 11:18:25.918 73 INFO cinder.api.openstack.wsgi [None req-a45de206-df79-4f0e-90c1-b5715b051fc2 04567051b98045b6b8b7c8d3f645df24 5962f233c9c0441f9a694c823e97efa0 - - default default] http://[LB_IP_ADDRESS]:8776/v3/5962f233c9c0441f9a694c823e97efa0/types/2b4a7ad9-c60d-42d8-a69b-47e10b736849/extra_specs/spec1 returned with HTTP 404
2026-04-13 11:18:25.934 74 INFO cinder.api.openstack.wsgi [None req-086577ee-42dd-4bde-8f24-0ea9ea8cb03a 04567051b98045b6b8b7c8d3f645df24 5962f233c9c0441f9a694c823e97efa0 - - default default] GET http://[LB_IP_ADDRESS]:8776/v3/5962f233c9c0441f9a694c823e97efa0/types/556173d4-3d65-4923-b4f8-ae52712dfd50/extra_specs
2026-04-13 11:18:25.943 74 INFO cinder.api.openstack.wsgi [None req-086577ee-42dd-4bde-8f24-0ea9ea8cb03a 04567051b98045b6b8b7c8d3f645df24 5962f233c9c0441f9a694c823e97efa0 - - default default] http://[LB_IP_ADDRESS]:8776/v3/5962f233c9c0441f9a694c823e97efa0/types/556173d4-3d65-4923-b4f8-ae52712dfd50/extra_specs returned with HTTP 404
2026-04-13 11:18:25.959 75 INFO cinder.api.openstack.wsgi [None req-22d9d97d-be76-4b55-bb64-eee73bb9a524 04567051b98045b6b8b7c8d3f645df24 5962f233c9c0441f9a694c823e97efa0 - - default default] PUT http://[LB_IP_ADDRESS]:8776/v3/5962f233c9c0441f9a694c823e97efa0/types/e358d9ac-8a94-4749-9c80-7b2dc3f44a53/extra_specs/spec1
2026-04-13 11:18:25.963 75 INFO cinder.api.openstack.wsgi [None req-22d9d97d-be76-4b55-bb64-eee73bb9a524 04567051b98045b6b8b7c8d3f645df24 5962f233c9c0441f9a694c823e97efa0 - - default default] http://[LB_IP_ADDRESS]:8776/v3/5962f233c9c0441f9a694c823e97efa0/types/e358d9ac-8a94-4749-9c80-7b2dc3f44a53/extra_specs/spec1 returned with HTTP 400
