Build Started 02_10_2024_03_53_10
2024-10-02 03:54:25.016 23 INFO cinder.api.openstack.wsgi [None req-eaff5589-7a79-4715-893b-95843d23aceb 737aab9c1bcf49888d8499242aa0a2fd 51d5184769ca46ffaaa72f6a8184d528 - - default default] GET http://[LB_IP_ADDRESS]:8776/v3/51d5184769ca46ffaaa72f6a8184d528/volumes/detail
2024-10-02 03:54:25.049 23 INFO cinder.volume.api [None req-eaff5589-7a79-4715-893b-95843d23aceb 737aab9c1bcf49888d8499242aa0a2fd 51d5184769ca46ffaaa72f6a8184d528 - - default default] Get all volumes completed successfully.
2024-10-02 03:54:25.055 23 INFO cinder.api.openstack.wsgi [None req-eaff5589-7a79-4715-893b-95843d23aceb 737aab9c1bcf49888d8499242aa0a2fd 51d5184769ca46ffaaa72f6a8184d528 - - default default] http://[LB_IP_ADDRESS]:8776/v3/51d5184769ca46ffaaa72f6a8184d528/volumes/detail returned with HTTP 200
2024-10-02 03:54:25.073 24 INFO cinder.api.openstack.wsgi [req-eaff5589-7a79-4715-893b-95843d23aceb req-97ca52d1-e0c1-4d07-85c4-b79d7f90e639 737aab9c1bcf49888d8499242aa0a2fd 51d5184769ca46ffaaa72f6a8184d528 - - default default] GET http://[LB_IP_ADDRESS]:8776/v3/51d5184769ca46ffaaa72f6a8184d528/snapshots/detail?all_tenants=True
2024-10-02 03:54:25.093 24 INFO cinder.volume.api [req-eaff5589-7a79-4715-893b-95843d23aceb req-97ca52d1-e0c1-4d07-85c4-b79d7f90e639 737aab9c1bcf49888d8499242aa0a2fd 51d5184769ca46ffaaa72f6a8184d528 - - default default] Get all snapshots completed successfully.
2024-10-02 03:54:25.095 24 INFO cinder.api.openstack.wsgi [req-eaff5589-7a79-4715-893b-95843d23aceb req-97ca52d1-e0c1-4d07-85c4-b79d7f90e639 737aab9c1bcf49888d8499242aa0a2fd 51d5184769ca46ffaaa72f6a8184d528 - - default default] http://[LB_IP_ADDRESS]:8776/v3/51d5184769ca46ffaaa72f6a8184d528/snapshots/detail?all_tenants=True returned with HTTP 200
2024-10-02 03:54:26.824 21 INFO cinder.api.openstack.wsgi [None req-850b53f9-0c7e-49c4-a656-191e863ae611 737aab9c1bcf49888d8499242aa0a2fd 51d5184769ca46ffaaa72f6a8184d528 - - default default] GET http://[LB_IP_ADDRESS]:8776/v3/51d5184769ca46ffaaa72f6a8184d528/volumes/detail?all_tenants=True
2024-10-02 03:54:26.856 21 INFO cinder.volume.api [None req-850b53f9-0c7e-49c4-a656-191e863ae611 737aab9c1bcf49888d8499242aa0a2fd 51d5184769ca46ffaaa72f6a8184d528 - - default default] Get all volumes completed successfully.
2024-10-02 03:54:26.862 21 INFO cinder.api.openstack.wsgi [None req-850b53f9-0c7e-49c4-a656-191e863ae611 737aab9c1bcf49888d8499242aa0a2fd 51d5184769ca46ffaaa72f6a8184d528 - - default default] http://[LB_IP_ADDRESS]:8776/v3/51d5184769ca46ffaaa72f6a8184d528/volumes/detail?all_tenants=True returned with HTTP 200
2024-10-02 03:54:28.580 22 INFO cinder.api.openstack.wsgi [None req-178e306d-39d0-45e9-a4eb-8eea0d376d86 737aab9c1bcf49888d8499242aa0a2fd 51d5184769ca46ffaaa72f6a8184d528 - - default default] GET http://[LB_IP_ADDRESS]:8776/v3/51d5184769ca46ffaaa72f6a8184d528/types?is_public=None
2024-10-02 03:54:28.617 22 INFO cinder.api.openstack.wsgi [None req-178e306d-39d0-45e9-a4eb-8eea0d376d86 737aab9c1bcf49888d8499242aa0a2fd 51d5184769ca46ffaaa72f6a8184d528 - - default default] http://[LB_IP_ADDRESS]:8776/v3/51d5184769ca46ffaaa72f6a8184d528/types?is_public=None returned with HTTP 200
2024-10-02 03:54:31.140 25 INFO cinder.api.openstack.wsgi [None req-09733172-7af4-4e9c-b359-2faac4e57242 - - - - - -] GET http://[LB_IP_ADDRESS]:8776/
2024-10-02 03:54:31.151 25 INFO cinder.api.openstack.wsgi [None req-09733172-7af4-4e9c-b359-2faac4e57242 - - - - - -] http://[LB_IP_ADDRESS]:8776/ returned with HTTP 300
2024-10-02 03:54:34.533 23 INFO cinder.api.openstack.wsgi [None req-37b3ac95-2f7d-4f56-8c9e-99506b979c57 737aab9c1bcf49888d8499242aa0a2fd 51d5184769ca46ffaaa72f6a8184d528 - - default default] GET http://[LB_IP_ADDRESS]:8776/v3/51d5184769ca46ffaaa72f6a8184d528/snapshots
2024-10-02 03:54:34.543 23 INFO cinder.volume.api [None req-37b3ac95-2f7d-4f56-8c9e-99506b979c57 737aab9c1bcf49888d8499242aa0a2fd 51d5184769ca46ffaaa72f6a8184d528 - - default default] Get all snapshots completed successfully.
2024-10-02 03:54:34.544 23 INFO cinder.api.openstack.wsgi [None req-37b3ac95-2f7d-4f56-8c9e-99506b979c57 737aab9c1bcf49888d8499242aa0a2fd 51d5184769ca46ffaaa72f6a8184d528 - - default default] http://[LB_IP_ADDRESS]:8776/v3/51d5184769ca46ffaaa72f6a8184d528/snapshots returned with HTTP 200
2024-10-02 03:54:34.564 24 INFO cinder.api.openstack.wsgi [None req-ceb3805d-7789-409d-a4a1-f73a8d02d020 737aab9c1bcf49888d8499242aa0a2fd 51d5184769ca46ffaaa72f6a8184d528 - - default default] GET http://[LB_IP_ADDRESS]:8776/v3/51d5184769ca46ffaaa72f6a8184d528/volumes
2024-10-02 03:54:34.585 24 INFO cinder.volume.api [None req-ceb3805d-7789-409d-a4a1-f73a8d02d020 737aab9c1bcf49888d8499242aa0a2fd 51d5184769ca46ffaaa72f6a8184d528 - - default default] Get all volumes completed successfully.
2024-10-02 03:54:34.586 24 INFO cinder.api.openstack.wsgi [None req-ceb3805d-7789-409d-a4a1-f73a8d02d020 737aab9c1bcf49888d8499242aa0a2fd 51d5184769ca46ffaaa72f6a8184d528 - - default default] http://[LB_IP_ADDRESS]:8776/v3/51d5184769ca46ffaaa72f6a8184d528/volumes returned with HTTP 200
2024-10-02 03:54:39.839 21 INFO cinder.api.openstack.wsgi [req-31869d04-c032-43da-9e09-68792f6594aa req-cd366c9c-c9f7-44a2-82d8-401da9b658d3 1f888b42428844ae9db5615302721b70 54a2c7cd8f6b4be882446bd96754008f - - default default] POST http://[LB_IP_ADDRESS]:8776/v3/54a2c7cd8f6b4be882446bd96754008f/volumes
2024-10-02 03:54:39.844 22 INFO cinder.api.openstack.wsgi [req-3438f2ce-a40b-4e2f-8f9d-44c9d7543e68 req-0cace89c-7141-4c1b-8058-d6c8fc18564e f3aad223cf0d425da99bfce29a2d30dc 4289ac39f38a43c4a8478146ec91f187 - - default default] POST http://[LB_IP_ADDRESS]:8776/v3/4289ac39f38a43c4a8478146ec91f187/volumes
2024-10-02 03:54:39.846 21 INFO cinder.api.v3.volumes [req-31869d04-c032-43da-9e09-68792f6594aa req-cd366c9c-c9f7-44a2-82d8-401da9b658d3 1f888b42428844ae9db5615302721b70 54a2c7cd8f6b4be882446bd96754008f - - default default] Create volume of 1 GB
2024-10-02 03:54:39.852 22 INFO cinder.api.v3.volumes [req-3438f2ce-a40b-4e2f-8f9d-44c9d7543e68 req-0cace89c-7141-4c1b-8058-d6c8fc18564e f3aad223cf0d425da99bfce29a2d30dc 4289ac39f38a43c4a8478146ec91f187 - - default default] Create volume of 1 GB
2024-10-02 03:54:39.864 21 INFO cinder.volume.api [req-31869d04-c032-43da-9e09-68792f6594aa req-cd366c9c-c9f7-44a2-82d8-401da9b658d3 1f888b42428844ae9db5615302721b70 54a2c7cd8f6b4be882446bd96754008f - - default default] Availability Zones retrieved successfully.
2024-10-02 03:54:39.871 22 INFO cinder.volume.api [req-3438f2ce-a40b-4e2f-8f9d-44c9d7543e68 req-0cace89c-7141-4c1b-8058-d6c8fc18564e f3aad223cf0d425da99bfce29a2d30dc 4289ac39f38a43c4a8478146ec91f187 - - default default] Availability Zones retrieved successfully.
2024-10-02 03:54:39.917 25 INFO cinder.api.openstack.wsgi [req-e0cbac1f-e4ac-49f3-b377-7c81798732d5 req-223c17f9-e410-406a-812d-58abae421395 3c1a7bb7cbfb4b5b9db32f23271c1bbf bbc50dfaf20e413ba870442d8f5d0802 - - default default] DELETE http://[LB_IP_ADDRESS]:8776/v3/bbc50dfaf20e413ba870442d8f5d0802/volumes/tempest-invalid-1201034401
2024-10-02 03:54:39.918 25 INFO cinder.api.v3.volumes [req-e0cbac1f-e4ac-49f3-b377-7c81798732d5 req-223c17f9-e410-406a-812d-58abae421395 3c1a7bb7cbfb4b5b9db32f23271c1bbf bbc50dfaf20e413ba870442d8f5d0802 - - default default] Delete volume with id: tempest-invalid-1201034401 
2024-10-02 03:54:39.946 25 INFO cinder.api.openstack.wsgi [req-e0cbac1f-e4ac-49f3-b377-7c81798732d5 req-223c17f9-e410-406a-812d-58abae421395 3c1a7bb7cbfb4b5b9db32f23271c1bbf bbc50dfaf20e413ba870442d8f5d0802 - - default default] http://[LB_IP_ADDRESS]:8776/v3/bbc50dfaf20e413ba870442d8f5d0802/volumes/tempest-invalid-1201034401 returned with HTTP 404
2024-10-02 03:54:40.009 23 INFO cinder.api.openstack.wsgi [req-bb8a25ea-5b4f-49bb-ac87-2eb6029ca573 req-307b194f-619f-4869-a717-dbe261c3f4c9 3c1a7bb7cbfb4b5b9db32f23271c1bbf bbc50dfaf20e413ba870442d8f5d0802 - - default default] DELETE http://[LB_IP_ADDRESS]:8776/v3/bbc50dfaf20e413ba870442d8f5d0802/volumes/1a8b43c4-dc3f-42a7-9696-a424f847a336
2024-10-02 03:54:40.010 23 INFO cinder.api.v3.volumes [req-bb8a25ea-5b4f-49bb-ac87-2eb6029ca573 req-307b194f-619f-4869-a717-dbe261c3f4c9 3c1a7bb7cbfb4b5b9db32f23271c1bbf bbc50dfaf20e413ba870442d8f5d0802 - - default default] Delete volume with id: 1a8b43c4-dc3f-42a7-9696-a424f847a336 
2024-10-02 03:54:40.028 23 INFO cinder.api.openstack.wsgi [req-bb8a25ea-5b4f-49bb-ac87-2eb6029ca573 req-307b194f-619f-4869-a717-dbe261c3f4c9 3c1a7bb7cbfb4b5b9db32f23271c1bbf bbc50dfaf20e413ba870442d8f5d0802 - - default default] http://[LB_IP_ADDRESS]:8776/v3/bbc50dfaf20e413ba870442d8f5d0802/volumes/1a8b43c4-dc3f-42a7-9696-a424f847a336 returned with HTTP 404
2024-10-02 03:54:40.088 22 INFO cinder.volume.api [req-3438f2ce-a40b-4e2f-8f9d-44c9d7543e68 req-0cace89c-7141-4c1b-8058-d6c8fc18564e f3aad223cf0d425da99bfce29a2d30dc 4289ac39f38a43c4a8478146ec91f187 - - default default] Create volume request issued successfully.
2024-10-02 03:54:40.090 22 INFO cinder.api.openstack.wsgi [req-3438f2ce-a40b-4e2f-8f9d-44c9d7543e68 req-0cace89c-7141-4c1b-8058-d6c8fc18564e f3aad223cf0d425da99bfce29a2d30dc 4289ac39f38a43c4a8478146ec91f187 - - default default] http://[LB_IP_ADDRESS]:8776/v3/4289ac39f38a43c4a8478146ec91f187/volumes returned with HTTP 202
2024-10-02 03:54:40.100 21 INFO cinder.volume.api [req-31869d04-c032-43da-9e09-68792f6594aa req-cd366c9c-c9f7-44a2-82d8-401da9b658d3 1f888b42428844ae9db5615302721b70 54a2c7cd8f6b4be882446bd96754008f - - default default] Create volume request issued successfully.
2024-10-02 03:54:40.103 21 INFO cinder.api.openstack.wsgi [req-31869d04-c032-43da-9e09-68792f6594aa req-cd366c9c-c9f7-44a2-82d8-401da9b658d3 1f888b42428844ae9db5615302721b70 54a2c7cd8f6b4be882446bd96754008f - - default default] http://[LB_IP_ADDRESS]:8776/v3/54a2c7cd8f6b4be882446bd96754008f/volumes returned with HTTP 202
2024-10-02 03:54:40.106 25 INFO cinder.api.openstack.wsgi [req-3438f2ce-a40b-4e2f-8f9d-44c9d7543e68 req-5b0b2ea4-1bbf-474b-9993-f86dcb8865dd f3aad223cf0d425da99bfce29a2d30dc 4289ac39f38a43c4a8478146ec91f187 - - default default] GET http://[LB_IP_ADDRESS]:8776/v3/4289ac39f38a43c4a8478146ec91f187/volumes/356900d2-ba10-44a5-a7f0-fc2b44692c8c
2024-10-02 03:54:40.117 23 INFO cinder.api.openstack.wsgi [req-31869d04-c032-43da-9e09-68792f6594aa req-3a2997a3-b862-48fe-9615-5ad13c931d79 1f888b42428844ae9db5615302721b70 54a2c7cd8f6b4be882446bd96754008f - - default default] GET http://[LB_IP_ADDRESS]:8776/v3/54a2c7cd8f6b4be882446bd96754008f/volumes/8ababa51-c5ef-417e-81a4-41585e6b8fd2
2024-10-02 03:54:40.126 24 INFO cinder.api.openstack.wsgi [req-48558e07-6cc6-416c-9bd5-f82ffba5baf5 req-b6204e18-9a7d-4b04-b6cc-d7909cbbb64f 3c1a7bb7cbfb4b5b9db32f23271c1bbf bbc50dfaf20e413ba870442d8f5d0802 - - default default] GET http://[LB_IP_ADDRESS]:8776/v3/bbc50dfaf20e413ba870442d8f5d0802/volumes/c290937a-05ee-4cc5-9f7b-c19cfc717911
2024-10-02 03:54:40.135 25 INFO cinder.volume.api [req-3438f2ce-a40b-4e2f-8f9d-44c9d7543e68 req-5b0b2ea4-1bbf-474b-9993-f86dcb8865dd f3aad223cf0d425da99bfce29a2d30dc 4289ac39f38a43c4a8478146ec91f187 - - default default] Volume info retrieved successfully.
2024-10-02 03:54:40.143 24 INFO cinder.api.openstack.wsgi [req-48558e07-6cc6-416c-9bd5-f82ffba5baf5 req-b6204e18-9a7d-4b04-b6cc-d7909cbbb64f 3c1a7bb7cbfb4b5b9db32f23271c1bbf bbc50dfaf20e413ba870442d8f5d0802 - - default default] http://[LB_IP_ADDRESS]:8776/v3/bbc50dfaf20e413ba870442d8f5d0802/volumes/c290937a-05ee-4cc5-9f7b-c19cfc717911 returned with HTTP 404
2024-10-02 03:54:40.143 23 INFO cinder.volume.api [req-31869d04-c032-43da-9e09-68792f6594aa req-3a2997a3-b862-48fe-9615-5ad13c931d79 1f888b42428844ae9db5615302721b70 54a2c7cd8f6b4be882446bd96754008f - - default default] Volume info retrieved successfully.
2024-10-02 03:54:40.146 25 INFO cinder.api.openstack.wsgi [req-3438f2ce-a40b-4e2f-8f9d-44c9d7543e68 req-5b0b2ea4-1bbf-474b-9993-f86dcb8865dd f3aad223cf0d425da99bfce29a2d30dc 4289ac39f38a43c4a8478146ec91f187 - - default default] http://[LB_IP_ADDRESS]:8776/v3/4289ac39f38a43c4a8478146ec91f187/volumes/356900d2-ba10-44a5-a7f0-fc2b44692c8c returned with HTTP 200
2024-10-02 03:54:40.154 23 INFO cinder.api.openstack.wsgi [req-31869d04-c032-43da-9e09-68792f6594aa req-3a2997a3-b862-48fe-9615-5ad13c931d79 1f888b42428844ae9db5615302721b70 54a2c7cd8f6b4be882446bd96754008f - - default default] http://[LB_IP_ADDRESS]:8776/v3/54a2c7cd8f6b4be882446bd96754008f/volumes/8ababa51-c5ef-417e-81a4-41585e6b8fd2 returned with HTTP 200
2024-10-02 03:54:40.197 21 INFO cinder.api.openstack.wsgi [req-cc24da80-a3ed-4573-a674-107e26e19c07 req-d6ec2f6a-0642-4711-ae1c-1320219d100b 1f888b42428844ae9db5615302721b70 54a2c7cd8f6b4be882446bd96754008f - - default default] GET http://[LB_IP_ADDRESS]:8776/v3/54a2c7cd8f6b4be882446bd96754008f/volumes/8ababa51-c5ef-417e-81a4-41585e6b8fd2
2024-10-02 03:54:40.222 21 INFO cinder.volume.api [req-cc24da80-a3ed-4573-a674-107e26e19c07 req-d6ec2f6a-0642-4711-ae1c-1320219d100b 1f888b42428844ae9db5615302721b70 54a2c7cd8f6b4be882446bd96754008f - - default default] Volume info retrieved successfully.
2024-10-02 03:54:40.231 22 INFO cinder.api.openstack.wsgi [req-94009517-540b-42ed-8788-8d6d91e15720 req-e3c81d3e-55fb-45e3-8073-bf9abd468d34 f3aad223cf0d425da99bfce29a2d30dc 4289ac39f38a43c4a8478146ec91f187 - - default default] GET http://[LB_IP_ADDRESS]:8776/v3/4289ac39f38a43c4a8478146ec91f187/volumes/356900d2-ba10-44a5-a7f0-fc2b44692c8c
2024-10-02 03:54:40.233 21 INFO cinder.api.openstack.wsgi [req-cc24da80-a3ed-4573-a674-107e26e19c07 req-d6ec2f6a-0642-4711-ae1c-1320219d100b 1f888b42428844ae9db5615302721b70 54a2c7cd8f6b4be882446bd96754008f - - default default] http://[LB_IP_ADDRESS]:8776/v3/54a2c7cd8f6b4be882446bd96754008f/volumes/8ababa51-c5ef-417e-81a4-41585e6b8fd2 returned with HTTP 200
2024-10-02 03:54:40.255 22 INFO cinder.volume.api [req-94009517-540b-42ed-8788-8d6d91e15720 req-e3c81d3e-55fb-45e3-8073-bf9abd468d34 f3aad223cf0d425da99bfce29a2d30dc 4289ac39f38a43c4a8478146ec91f187 - - default default] Volume info retrieved successfully.
2024-10-02 03:54:40.263 22 INFO cinder.api.openstack.wsgi [req-94009517-540b-42ed-8788-8d6d91e15720 req-e3c81d3e-55fb-45e3-8073-bf9abd468d34 f3aad223cf0d425da99bfce29a2d30dc 4289ac39f38a43c4a8478146ec91f187 - - default default] http://[LB_IP_ADDRESS]:8776/v3/4289ac39f38a43c4a8478146ec91f187/volumes/356900d2-ba10-44a5-a7f0-fc2b44692c8c returned with HTTP 200
2024-10-02 03:54:41.275 24 INFO cinder.api.openstack.wsgi [req-34c3b469-aa4b-485d-9448-433a352c72a5 req-b9aceebd-c1ed-47ca-832c-09d461e73e85 1f888b42428844ae9db5615302721b70 54a2c7cd8f6b4be882446bd96754008f - - default default] GET http://[LB_IP_ADDRESS]:8776/v3/54a2c7cd8f6b4be882446bd96754008f/volumes/8ababa51-c5ef-417e-81a4-41585e6b8fd2
2024-10-02 03:54:41.304 25 INFO cinder.api.openstack.wsgi [req-00f400a5-f1ef-4e47-815c-7ea67b77b730 req-880b9316-7421-4a67-b860-deae792bd7ad f3aad223cf0d425da99bfce29a2d30dc 4289ac39f38a43c4a8478146ec91f187 - - default default] GET http://[LB_IP_ADDRESS]:8776/v3/4289ac39f38a43c4a8478146ec91f187/volumes/356900d2-ba10-44a5-a7f0-fc2b44692c8c
2024-10-02 03:54:41.304 24 INFO cinder.volume.api [req-34c3b469-aa4b-485d-9448-433a352c72a5 req-b9aceebd-c1ed-47ca-832c-09d461e73e85 1f888b42428844ae9db5615302721b70 54a2c7cd8f6b4be882446bd96754008f - - default default] Volume info retrieved successfully.
2024-10-02 03:54:41.316 24 INFO cinder.api.openstack.wsgi [req-34c3b469-aa4b-485d-9448-433a352c72a5 req-b9aceebd-c1ed-47ca-832c-09d461e73e85 1f888b42428844ae9db5615302721b70 54a2c7cd8f6b4be882446bd96754008f - - default default] http://[LB_IP_ADDRESS]:8776/v3/54a2c7cd8f6b4be882446bd96754008f/volumes/8ababa51-c5ef-417e-81a4-41585e6b8fd2 returned with HTTP 200
2024-10-02 03:54:41.332 25 INFO cinder.volume.api [req-00f400a5-f1ef-4e47-815c-7ea67b77b730 req-880b9316-7421-4a67-b860-deae792bd7ad f3aad223cf0d425da99bfce29a2d30dc 4289ac39f38a43c4a8478146ec91f187 - - default default] Volume info retrieved successfully.
2024-10-02 03:54:41.342 25 INFO cinder.api.openstack.wsgi [req-00f400a5-f1ef-4e47-815c-7ea67b77b730 req-880b9316-7421-4a67-b860-deae792bd7ad f3aad223cf0d425da99bfce29a2d30dc 4289ac39f38a43c4a8478146ec91f187 - - default default] http://[LB_IP_ADDRESS]:8776/v3/4289ac39f38a43c4a8478146ec91f187/volumes/356900d2-ba10-44a5-a7f0-fc2b44692c8c returned with HTTP 200
2024-10-02 03:54:42.357 23 INFO cinder.api.openstack.wsgi [req-762130e4-e5e6-4f80-aebc-9d22ba376c50 req-0fd37859-8c25-4a53-bd97-00ef75232409 1f888b42428844ae9db5615302721b70 54a2c7cd8f6b4be882446bd96754008f - - default default] GET http://[LB_IP_ADDRESS]:8776/v3/54a2c7cd8f6b4be882446bd96754008f/volumes/8ababa51-c5ef-417e-81a4-41585e6b8fd2
2024-10-02 03:54:42.380 21 INFO cinder.api.openstack.wsgi [req-ec84426d-bc6c-456f-8768-b351c0d67081 req-95939657-e043-423d-84c7-f0e132645881 f3aad223cf0d425da99bfce29a2d30dc 4289ac39f38a43c4a8478146ec91f187 - - default default] GET http://[LB_IP_ADDRESS]:8776/v3/4289ac39f38a43c4a8478146ec91f187/volumes/356900d2-ba10-44a5-a7f0-fc2b44692c8c
2024-10-02 03:54:42.383 23 INFO cinder.volume.api [req-762130e4-e5e6-4f80-aebc-9d22ba376c50 req-0fd37859-8c25-4a53-bd97-00ef75232409 1f888b42428844ae9db5615302721b70 54a2c7cd8f6b4be882446bd96754008f - - default default] Volume info retrieved successfully.
2024-10-02 03:54:42.393 23 INFO cinder.api.openstack.wsgi [req-762130e4-e5e6-4f80-aebc-9d22ba376c50 req-0fd37859-8c25-4a53-bd97-00ef75232409 1f888b42428844ae9db5615302721b70 54a2c7cd8f6b4be882446bd96754008f - - default default] http://[LB_IP_ADDRESS]:8776/v3/54a2c7cd8f6b4be882446bd96754008f/volumes/8ababa51-c5ef-417e-81a4-41585e6b8fd2 returned with HTTP 200
2024-10-02 03:54:42.408 21 INFO cinder.volume.api [req-ec84426d-bc6c-456f-8768-b351c0d67081 req-95939657-e043-423d-84c7-f0e132645881 f3aad223cf0d425da99bfce29a2d30dc 4289ac39f38a43c4a8478146ec91f187 - - default default] Volume info retrieved successfully.
2024-10-02 03:54:42.417 21 INFO cinder.api.openstack.wsgi [req-ec84426d-bc6c-456f-8768-b351c0d67081 req-95939657-e043-423d-84c7-f0e132645881 f3aad223cf0d425da99bfce29a2d30dc 4289ac39f38a43c4a8478146ec91f187 - - default default] http://[LB_IP_ADDRESS]:8776/v3/4289ac39f38a43c4a8478146ec91f187/volumes/356900d2-ba10-44a5-a7f0-fc2b44692c8c returned with HTTP 200
2024-10-02 03:54:42.432 22 INFO cinder.api.openstack.wsgi [req-54c12984-e1b3-4ddf-8bd3-1260a6469547 req-9c377436-9193-494e-9d92-464ed1fa4291 1f888b42428844ae9db5615302721b70 54a2c7cd8f6b4be882446bd96754008f - - default default] GET http://[LB_IP_ADDRESS]:8776/v3/54a2c7cd8f6b4be882446bd96754008f/volumes/8ababa51-c5ef-417e-81a4-41585e6b8fd2
2024-10-02 03:54:42.456 24 INFO cinder.api.openstack.wsgi [req-f508c344-7b6b-4d73-918c-43081a42399c req-37bfaba8-e110-4e80-b0d6-4dc330a4ca08 f3aad223cf0d425da99bfce29a2d30dc 4289ac39f38a43c4a8478146ec91f187 - - default default] POST http://[LB_IP_ADDRESS]:8776/v3/4289ac39f38a43c4a8478146ec91f187/snapshots
2024-10-02 03:54:42.459 22 INFO cinder.volume.api [req-54c12984-e1b3-4ddf-8bd3-1260a6469547 req-9c377436-9193-494e-9d92-464ed1fa4291 1f888b42428844ae9db5615302721b70 54a2c7cd8f6b4be882446bd96754008f - - default default] Volume info retrieved successfully.
2024-10-02 03:54:42.469 22 INFO cinder.api.openstack.wsgi [req-54c12984-e1b3-4ddf-8bd3-1260a6469547 req-9c377436-9193-494e-9d92-464ed1fa4291 1f888b42428844ae9db5615302721b70 54a2c7cd8f6b4be882446bd96754008f - - default default] http://[LB_IP_ADDRESS]:8776/v3/54a2c7cd8f6b4be882446bd96754008f/volumes/8ababa51-c5ef-417e-81a4-41585e6b8fd2 returned with HTTP 200
2024-10-02 03:54:42.482 24 INFO cinder.volume.api [req-f508c344-7b6b-4d73-918c-43081a42399c req-37bfaba8-e110-4e80-b0d6-4dc330a4ca08 f3aad223cf0d425da99bfce29a2d30dc 4289ac39f38a43c4a8478146ec91f187 - - default default] Volume info retrieved successfully.
2024-10-02 03:54:42.483 24 INFO cinder.api.v3.snapshots [req-f508c344-7b6b-4d73-918c-43081a42399c req-37bfaba8-e110-4e80-b0d6-4dc330a4ca08 f3aad223cf0d425da99bfce29a2d30dc 4289ac39f38a43c4a8478146ec91f187 - - default default] Create snapshot from volume 356900d2-ba10-44a5-a7f0-fc2b44692c8c
2024-10-02 03:54:42.508 25 INFO cinder.api.openstack.wsgi [req-cb738834-1154-4314-94dc-b84aad4ead3a req-c2f50472-8d12-4d3e-b70c-be750c838724 1f888b42428844ae9db5615302721b70 54a2c7cd8f6b4be882446bd96754008f - - default default] DELETE http://[LB_IP_ADDRESS]:8776/v3/54a2c7cd8f6b4be882446bd96754008f/volumes/8ababa51-c5ef-417e-81a4-41585e6b8fd2
2024-10-02 03:54:42.509 25 INFO cinder.api.v3.volumes [req-cb738834-1154-4314-94dc-b84aad4ead3a req-c2f50472-8d12-4d3e-b70c-be750c838724 1f888b42428844ae9db5615302721b70 54a2c7cd8f6b4be882446bd96754008f - - default default] Delete volume with id: 8ababa51-c5ef-417e-81a4-41585e6b8fd2 
2024-10-02 03:54:42.529 25 INFO cinder.volume.api [req-cb738834-1154-4314-94dc-b84aad4ead3a req-c2f50472-8d12-4d3e-b70c-be750c838724 1f888b42428844ae9db5615302721b70 54a2c7cd8f6b4be882446bd96754008f - - default default] Volume info retrieved successfully.
2024-10-02 03:54:42.566 25 INFO cinder.volume.api [req-cb738834-1154-4314-94dc-b84aad4ead3a req-c2f50472-8d12-4d3e-b70c-be750c838724 1f888b42428844ae9db5615302721b70 54a2c7cd8f6b4be882446bd96754008f - - default default] Delete volume request issued successfully.
2024-10-02 03:54:42.567 25 INFO cinder.api.openstack.wsgi [req-cb738834-1154-4314-94dc-b84aad4ead3a req-c2f50472-8d12-4d3e-b70c-be750c838724 1f888b42428844ae9db5615302721b70 54a2c7cd8f6b4be882446bd96754008f - - default default] http://[LB_IP_ADDRESS]:8776/v3/54a2c7cd8f6b4be882446bd96754008f/volumes/8ababa51-c5ef-417e-81a4-41585e6b8fd2 returned with HTTP 202
2024-10-02 03:54:42.598 23 INFO cinder.api.openstack.wsgi [req-8d6bd91a-af23-4dd8-a156-65250064baf7 req-88399b64-42ee-4388-9935-ac25ef0a8760 1f888b42428844ae9db5615302721b70 54a2c7cd8f6b4be882446bd96754008f - - default default] GET http://[LB_IP_ADDRESS]:8776/v3/54a2c7cd8f6b4be882446bd96754008f/volumes/8ababa51-c5ef-417e-81a4-41585e6b8fd2
2024-10-02 03:54:42.617 24 INFO cinder.volume.api [req-f508c344-7b6b-4d73-918c-43081a42399c req-37bfaba8-e110-4e80-b0d6-4dc330a4ca08 f3aad223cf0d425da99bfce29a2d30dc 4289ac39f38a43c4a8478146ec91f187 - - default default] Snapshot create request issued successfully.
2024-10-02 03:54:42.619 24 INFO cinder.api.openstack.wsgi [req-f508c344-7b6b-4d73-918c-43081a42399c req-37bfaba8-e110-4e80-b0d6-4dc330a4ca08 f3aad223cf0d425da99bfce29a2d30dc 4289ac39f38a43c4a8478146ec91f187 - - default default] http://[LB_IP_ADDRESS]:8776/v3/4289ac39f38a43c4a8478146ec91f187/snapshots returned with HTTP 202
2024-10-02 03:54:42.624 23 INFO cinder.volume.api [req-8d6bd91a-af23-4dd8-a156-65250064baf7 req-88399b64-42ee-4388-9935-ac25ef0a8760 1f888b42428844ae9db5615302721b70 54a2c7cd8f6b4be882446bd96754008f - - default default] Volume info retrieved successfully.
2024-10-02 03:54:42.634 23 INFO cinder.api.openstack.wsgi [req-8d6bd91a-af23-4dd8-a156-65250064baf7 req-88399b64-42ee-4388-9935-ac25ef0a8760 1f888b42428844ae9db5615302721b70 54a2c7cd8f6b4be882446bd96754008f - - default default] http://[LB_IP_ADDRESS]:8776/v3/54a2c7cd8f6b4be882446bd96754008f/volumes/8ababa51-c5ef-417e-81a4-41585e6b8fd2 returned with HTTP 200
2024-10-02 03:54:42.655 21 INFO cinder.api.openstack.wsgi [req-c2422516-184d-407e-905b-34224a92e1d3 req-7ed87984-11f0-4d83-bab3-b4ae20c4289a f3aad223cf0d425da99bfce29a2d30dc 4289ac39f38a43c4a8478146ec91f187 - - default default] GET http://[LB_IP_ADDRESS]:8776/v3/4289ac39f38a43c4a8478146ec91f187/snapshots/8273b975-00e7-4d85-a324-8cf218d5b3c7
2024-10-02 03:54:42.668 21 INFO cinder.volume.api [req-c2422516-184d-407e-905b-34224a92e1d3 req-7ed87984-11f0-4d83-bab3-b4ae20c4289a f3aad223cf0d425da99bfce29a2d30dc 4289ac39f38a43c4a8478146ec91f187 - - default default] Snapshot retrieved successfully.
2024-10-02 03:54:42.671 21 INFO cinder.api.openstack.wsgi [req-c2422516-184d-407e-905b-34224a92e1d3 req-7ed87984-11f0-4d83-bab3-b4ae20c4289a f3aad223cf0d425da99bfce29a2d30dc 4289ac39f38a43c4a8478146ec91f187 - - default default] http://[LB_IP_ADDRESS]:8776/v3/4289ac39f38a43c4a8478146ec91f187/snapshots/8273b975-00e7-4d85-a324-8cf218d5b3c7 returned with HTTP 200
2024-10-02 03:54:42.709 22 INFO cinder.api.openstack.wsgi [req-67d83984-5cc8-4379-b685-7830a40e30f8 req-d6090425-6a33-4f0e-8254-9285acfc8c20 f3aad223cf0d425da99bfce29a2d30dc 4289ac39f38a43c4a8478146ec91f187 - - default default] GET http://[LB_IP_ADDRESS]:8776/v3/4289ac39f38a43c4a8478146ec91f187/snapshots/detail
2024-10-02 03:54:42.721 22 INFO cinder.volume.api [req-67d83984-5cc8-4379-b685-7830a40e30f8 req-d6090425-6a33-4f0e-8254-9285acfc8c20 f3aad223cf0d425da99bfce29a2d30dc 4289ac39f38a43c4a8478146ec91f187 - - default default] Get all snapshots completed successfully.
2024-10-02 03:54:42.723 22 INFO cinder.api.openstack.wsgi [req-67d83984-5cc8-4379-b685-7830a40e30f8 req-d6090425-6a33-4f0e-8254-9285acfc8c20 f3aad223cf0d425da99bfce29a2d30dc 4289ac39f38a43c4a8478146ec91f187 - - default default] http://[LB_IP_ADDRESS]:8776/v3/4289ac39f38a43c4a8478146ec91f187/snapshots/detail returned with HTTP 200
2024-10-02 03:54:42.762 25 INFO cinder.api.openstack.wsgi [req-8d8a57cd-075f-4cf4-8ae0-a7a5d3208d27 req-29224346-1aaf-4d70-a3e0-ae6727d94495 f3aad223cf0d425da99bfce29a2d30dc 4289ac39f38a43c4a8478146ec91f187 - - default default] GET http://[LB_IP_ADDRESS]:8776/v3/4289ac39f38a43c4a8478146ec91f187/snapshots/8273b975-00e7-4d85-a324-8cf218d5b3c7
2024-10-02 03:54:42.778 25 INFO cinder.volume.api [req-8d8a57cd-075f-4cf4-8ae0-a7a5d3208d27 req-29224346-1aaf-4d70-a3e0-ae6727d94495 f3aad223cf0d425da99bfce29a2d30dc 4289ac39f38a43c4a8478146ec91f187 - - default default] Snapshot retrieved successfully.
2024-10-02 03:54:42.780 25 INFO cinder.api.openstack.wsgi [req-8d8a57cd-075f-4cf4-8ae0-a7a5d3208d27 req-29224346-1aaf-4d70-a3e0-ae6727d94495 f3aad223cf0d425da99bfce29a2d30dc 4289ac39f38a43c4a8478146ec91f187 - - default default] http://[LB_IP_ADDRESS]:8776/v3/4289ac39f38a43c4a8478146ec91f187/snapshots/8273b975-00e7-4d85-a324-8cf218d5b3c7 returned with HTTP 200
2024-10-02 03:54:43.676 24 INFO cinder.api.openstack.wsgi [req-770b5c8f-a4bf-4390-9713-aae3b5151cf7 req-001bcfb5-0df8-40d4-b0d2-988723ea3593 1f888b42428844ae9db5615302721b70 54a2c7cd8f6b4be882446bd96754008f - - default default] GET http://[LB_IP_ADDRESS]:8776/v3/54a2c7cd8f6b4be882446bd96754008f/volumes/8ababa51-c5ef-417e-81a4-41585e6b8fd2
2024-10-02 03:54:43.692 24 INFO cinder.api.openstack.wsgi [req-770b5c8f-a4bf-4390-9713-aae3b5151cf7 req-001bcfb5-0df8-40d4-b0d2-988723ea3593 1f888b42428844ae9db5615302721b70 54a2c7cd8f6b4be882446bd96754008f - - default default] http://[LB_IP_ADDRESS]:8776/v3/54a2c7cd8f6b4be882446bd96754008f/volumes/8ababa51-c5ef-417e-81a4-41585e6b8fd2 returned with HTTP 404
2024-10-02 03:54:43.817 23 INFO cinder.api.openstack.wsgi [req-ba90b110-4585-4681-9e64-55d88e51b7ba req-d303e964-9a5f-4ddc-9840-fb6bf642b89a f3aad223cf0d425da99bfce29a2d30dc 4289ac39f38a43c4a8478146ec91f187 - - default default] GET http://[LB_IP_ADDRESS]:8776/v3/4289ac39f38a43c4a8478146ec91f187/snapshots/8273b975-00e7-4d85-a324-8cf218d5b3c7
2024-10-02 03:54:43.830 23 INFO cinder.volume.api [req-ba90b110-4585-4681-9e64-55d88e51b7ba req-d303e964-9a5f-4ddc-9840-fb6bf642b89a f3aad223cf0d425da99bfce29a2d30dc 4289ac39f38a43c4a8478146ec91f187 - - default default] Snapshot retrieved successfully.
2024-10-02 03:54:43.833 23 INFO cinder.api.openstack.wsgi [req-ba90b110-4585-4681-9e64-55d88e51b7ba req-d303e964-9a5f-4ddc-9840-fb6bf642b89a f3aad223cf0d425da99bfce29a2d30dc 4289ac39f38a43c4a8478146ec91f187 - - default default] http://[LB_IP_ADDRESS]:8776/v3/4289ac39f38a43c4a8478146ec91f187/snapshots/8273b975-00e7-4d85-a324-8cf218d5b3c7 returned with HTTP 200
2024-10-02 03:54:44.869 21 INFO cinder.api.openstack.wsgi [req-75c6bf59-edf6-4b87-84e5-595a57b0cf58 req-85833c84-d7ee-48d6-9d06-815efee9f967 f3aad223cf0d425da99bfce29a2d30dc 4289ac39f38a43c4a8478146ec91f187 - - default default] GET http://[LB_IP_ADDRESS]:8776/v3/4289ac39f38a43c4a8478146ec91f187/snapshots/8273b975-00e7-4d85-a324-8cf218d5b3c7
2024-10-02 03:54:44.882 21 INFO cinder.volume.api [req-75c6bf59-edf6-4b87-84e5-595a57b0cf58 req-85833c84-d7ee-48d6-9d06-815efee9f967 f3aad223cf0d425da99bfce29a2d30dc 4289ac39f38a43c4a8478146ec91f187 - - default default] Snapshot retrieved successfully.
2024-10-02 03:54:44.884 21 INFO cinder.api.openstack.wsgi [req-75c6bf59-edf6-4b87-84e5-595a57b0cf58 req-85833c84-d7ee-48d6-9d06-815efee9f967 f3aad223cf0d425da99bfce29a2d30dc 4289ac39f38a43c4a8478146ec91f187 - - default default] http://[LB_IP_ADDRESS]:8776/v3/4289ac39f38a43c4a8478146ec91f187/snapshots/8273b975-00e7-4d85-a324-8cf218d5b3c7 returned with HTTP 200
2024-10-02 03:54:44.919 22 INFO cinder.api.openstack.wsgi [req-b12626f6-50cf-49ac-97f3-4a20336904cb req-ca4f1e53-9a2a-454d-b91c-bed816a28bf3 f3aad223cf0d425da99bfce29a2d30dc 4289ac39f38a43c4a8478146ec91f187 - - default default] DELETE http://[LB_IP_ADDRESS]:8776/v3/4289ac39f38a43c4a8478146ec91f187/snapshots/8273b975-00e7-4d85-a324-8cf218d5b3c7
2024-10-02 03:54:44.920 22 INFO cinder.api.v2.snapshots [req-b12626f6-50cf-49ac-97f3-4a20336904cb req-ca4f1e53-9a2a-454d-b91c-bed816a28bf3 f3aad223cf0d425da99bfce29a2d30dc 4289ac39f38a43c4a8478146ec91f187 - - default default] Delete snapshot with id: 8273b975-00e7-4d85-a324-8cf218d5b3c7
2024-10-02 03:54:44.933 22 INFO cinder.volume.api [req-b12626f6-50cf-49ac-97f3-4a20336904cb req-ca4f1e53-9a2a-454d-b91c-bed816a28bf3 f3aad223cf0d425da99bfce29a2d30dc 4289ac39f38a43c4a8478146ec91f187 - - default default] Snapshot retrieved successfully.
2024-10-02 03:54:44.967 22 INFO cinder.volume.api [req-b12626f6-50cf-49ac-97f3-4a20336904cb req-ca4f1e53-9a2a-454d-b91c-bed816a28bf3 f3aad223cf0d425da99bfce29a2d30dc 4289ac39f38a43c4a8478146ec91f187 - - default default] Snapshot delete request issued successfully.
2024-10-02 03:54:44.968 22 INFO cinder.api.openstack.wsgi [req-b12626f6-50cf-49ac-97f3-4a20336904cb req-ca4f1e53-9a2a-454d-b91c-bed816a28bf3 f3aad223cf0d425da99bfce29a2d30dc 4289ac39f38a43c4a8478146ec91f187 - - default default] http://[LB_IP_ADDRESS]:8776/v3/4289ac39f38a43c4a8478146ec91f187/snapshots/8273b975-00e7-4d85-a324-8cf218d5b3c7 returned with HTTP 202
2024-10-02 03:54:45.000 25 INFO cinder.api.openstack.wsgi [req-c13f72b9-c54e-4d38-9dc0-58e8c085baee req-736e4461-e29e-417f-a626-ce1297f2146f f3aad223cf0d425da99bfce29a2d30dc 4289ac39f38a43c4a8478146ec91f187 - - default default] GET http://[LB_IP_ADDRESS]:8776/v3/4289ac39f38a43c4a8478146ec91f187/snapshots/8273b975-00e7-4d85-a324-8cf218d5b3c7
2024-10-02 03:54:45.014 25 INFO cinder.volume.api [req-c13f72b9-c54e-4d38-9dc0-58e8c085baee req-736e4461-e29e-417f-a626-ce1297f2146f f3aad223cf0d425da99bfce29a2d30dc 4289ac39f38a43c4a8478146ec91f187 - - default default] Snapshot retrieved successfully.
2024-10-02 03:54:45.016 25 INFO cinder.api.openstack.wsgi [req-c13f72b9-c54e-4d38-9dc0-58e8c085baee req-736e4461-e29e-417f-a626-ce1297f2146f f3aad223cf0d425da99bfce29a2d30dc 4289ac39f38a43c4a8478146ec91f187 - - default default] http://[LB_IP_ADDRESS]:8776/v3/4289ac39f38a43c4a8478146ec91f187/snapshots/8273b975-00e7-4d85-a324-8cf218d5b3c7 returned with HTTP 200
2024-10-02 03:54:45.560 24 INFO cinder.api.openstack.wsgi [None req-dc1e9ae2-07d8-4ec3-8e10-8ba206728050 1bf872084b114e249e2dc8a5eb3b1a90 2f004da2bf06449d9094655bb6765472 - - default default] GET http://[LB_IP_ADDRESS]:8776/v3/2f004da2bf06449d9094655bb6765472/scheduler-stats/get_pools
2024-10-02 03:54:46.053 23 INFO cinder.api.openstack.wsgi [req-86df0974-44c9-4200-832f-10a1686ff88a req-ae453d9b-8115-4f44-aa39-2dac7cd2d51f f3aad223cf0d425da99bfce29a2d30dc 4289ac39f38a43c4a8478146ec91f187 - - default default] GET http://[LB_IP_ADDRESS]:8776/v3/4289ac39f38a43c4a8478146ec91f187/snapshots/8273b975-00e7-4d85-a324-8cf218d5b3c7
2024-10-02 03:54:46.063 23 INFO cinder.api.openstack.wsgi [req-86df0974-44c9-4200-832f-10a1686ff88a req-ae453d9b-8115-4f44-aa39-2dac7cd2d51f f3aad223cf0d425da99bfce29a2d30dc 4289ac39f38a43c4a8478146ec91f187 - - default default] http://[LB_IP_ADDRESS]:8776/v3/4289ac39f38a43c4a8478146ec91f187/snapshots/8273b975-00e7-4d85-a324-8cf218d5b3c7 returned with HTTP 404
2024-10-02 03:54:46.069 24 INFO cinder.api.openstack.wsgi [None req-dc1e9ae2-07d8-4ec3-8e10-8ba206728050 1bf872084b114e249e2dc8a5eb3b1a90 2f004da2bf06449d9094655bb6765472 - - default default] http://[LB_IP_ADDRESS]:8776/v3/2f004da2bf06449d9094655bb6765472/scheduler-stats/get_pools returned with HTTP 200
2024-10-02 03:54:46.087 21 INFO cinder.api.openstack.wsgi [None req-76f5ddd2-92ff-4297-84a9-bdc57ec104e4 1bf872084b114e249e2dc8a5eb3b1a90 2f004da2bf06449d9094655bb6765472 - - default default] GET http://[LB_IP_ADDRESS]:8776/v3/2f004da2bf06449d9094655bb6765472/scheduler-stats/get_pools?detail=True
2024-10-02 03:54:46.093 22 INFO cinder.api.openstack.wsgi [req-388d920f-9417-4974-ae13-efb835c3a440 req-a2dbea69-3f2b-4729-a2d9-bd11a34e81ca f3aad223cf0d425da99bfce29a2d30dc 4289ac39f38a43c4a8478146ec91f187 - - default default] DELETE http://[LB_IP_ADDRESS]:8776/v3/4289ac39f38a43c4a8478146ec91f187/volumes/356900d2-ba10-44a5-a7f0-fc2b44692c8c
2024-10-02 03:54:46.094 22 INFO cinder.api.v3.volumes [req-388d920f-9417-4974-ae13-efb835c3a440 req-a2dbea69-3f2b-4729-a2d9-bd11a34e81ca f3aad223cf0d425da99bfce29a2d30dc 4289ac39f38a43c4a8478146ec91f187 - - default default] Delete volume with id: 356900d2-ba10-44a5-a7f0-fc2b44692c8c 
2024-10-02 03:54:46.114 22 INFO cinder.volume.api [req-388d920f-9417-4974-ae13-efb835c3a440 req-a2dbea69-3f2b-4729-a2d9-bd11a34e81ca f3aad223cf0d425da99bfce29a2d30dc 4289ac39f38a43c4a8478146ec91f187 - - default default] Volume info retrieved successfully.
2024-10-02 03:54:46.145 22 INFO cinder.volume.api [req-388d920f-9417-4974-ae13-efb835c3a440 req-a2dbea69-3f2b-4729-a2d9-bd11a34e81ca f3aad223cf0d425da99bfce29a2d30dc 4289ac39f38a43c4a8478146ec91f187 - - default default] Delete volume request issued successfully.
2024-10-02 03:54:46.146 22 INFO cinder.api.openstack.wsgi [req-388d920f-9417-4974-ae13-efb835c3a440 req-a2dbea69-3f2b-4729-a2d9-bd11a34e81ca f3aad223cf0d425da99bfce29a2d30dc 4289ac39f38a43c4a8478146ec91f187 - - default default] http://[LB_IP_ADDRESS]:8776/v3/4289ac39f38a43c4a8478146ec91f187/volumes/356900d2-ba10-44a5-a7f0-fc2b44692c8c returned with HTTP 202
2024-10-02 03:54:46.177 25 INFO cinder.api.openstack.wsgi [req-c3a40e5c-44bb-4184-a882-b145f7bdaf71 req-96607884-66cf-40d8-8541-b3771fb10026 f3aad223cf0d425da99bfce29a2d30dc 4289ac39f38a43c4a8478146ec91f187 - - default default] GET http://[LB_IP_ADDRESS]:8776/v3/4289ac39f38a43c4a8478146ec91f187/volumes/356900d2-ba10-44a5-a7f0-fc2b44692c8c
2024-10-02 03:54:46.203 25 INFO cinder.volume.api [req-c3a40e5c-44bb-4184-a882-b145f7bdaf71 req-96607884-66cf-40d8-8541-b3771fb10026 f3aad223cf0d425da99bfce29a2d30dc 4289ac39f38a43c4a8478146ec91f187 - - default default] Volume info retrieved successfully.
2024-10-02 03:54:46.213 25 INFO cinder.api.openstack.wsgi [req-c3a40e5c-44bb-4184-a882-b145f7bdaf71 req-96607884-66cf-40d8-8541-b3771fb10026 f3aad223cf0d425da99bfce29a2d30dc 4289ac39f38a43c4a8478146ec91f187 - - default default] http://[LB_IP_ADDRESS]:8776/v3/4289ac39f38a43c4a8478146ec91f187/volumes/356900d2-ba10-44a5-a7f0-fc2b44692c8c returned with HTTP 200
2024-10-02 03:54:46.596 21 INFO cinder.api.openstack.wsgi [None req-76f5ddd2-92ff-4297-84a9-bdc57ec104e4 1bf872084b114e249e2dc8a5eb3b1a90 2f004da2bf06449d9094655bb6765472 - - default default] http://[LB_IP_ADDRESS]:8776/v3/2f004da2bf06449d9094655bb6765472/scheduler-stats/get_pools?detail=True returned with HTTP 200
2024-10-02 03:54:46.617 23 INFO cinder.api.openstack.wsgi [None req-3d1c93b6-946e-4018-a3ae-aeec2d62a194 1bf872084b114e249e2dc8a5eb3b1a90 2f004da2bf06449d9094655bb6765472 - - default default] GET http://[LB_IP_ADDRESS]:8776/v3/2f004da2bf06449d9094655bb6765472/capabilities/lightos_cinder_cluster@LIGHTOSeykwrq
2024-10-02 03:54:47.134 23 INFO cinder.api.openstack.wsgi [None req-3d1c93b6-946e-4018-a3ae-aeec2d62a194 1bf872084b114e249e2dc8a5eb3b1a90 2f004da2bf06449d9094655bb6765472 - - default default] http://[LB_IP_ADDRESS]:8776/v3/2f004da2bf06449d9094655bb6765472/capabilities/lightos_cinder_cluster@LIGHTOSeykwrq returned with HTTP 200
2024-10-02 03:54:47.156 24 INFO cinder.api.openstack.wsgi [None req-7be70b19-0092-478f-83bf-6e87934b3452 1bf872084b114e249e2dc8a5eb3b1a90 2f004da2bf06449d9094655bb6765472 - - default default] GET http://[LB_IP_ADDRESS]:8776/v3/2f004da2bf06449d9094655bb6765472/capabilities/lightos_cinder_cluster@LIGHTOSeykwrq
2024-10-02 03:54:47.254 22 INFO cinder.api.openstack.wsgi [req-ba08aa92-30ed-431f-a0c2-fc15dfee6fa9 req-123e574d-2de1-4f84-bff4-bdcaca605e1d f3aad223cf0d425da99bfce29a2d30dc 4289ac39f38a43c4a8478146ec91f187 - - default default] GET http://[LB_IP_ADDRESS]:8776/v3/4289ac39f38a43c4a8478146ec91f187/volumes/356900d2-ba10-44a5-a7f0-fc2b44692c8c
2024-10-02 03:54:47.270 22 INFO cinder.api.openstack.wsgi [req-ba08aa92-30ed-431f-a0c2-fc15dfee6fa9 req-123e574d-2de1-4f84-bff4-bdcaca605e1d f3aad223cf0d425da99bfce29a2d30dc 4289ac39f38a43c4a8478146ec91f187 - - default default] http://[LB_IP_ADDRESS]:8776/v3/4289ac39f38a43c4a8478146ec91f187/volumes/356900d2-ba10-44a5-a7f0-fc2b44692c8c returned with HTTP 404
2024-10-02 03:54:47.310 25 INFO cinder.api.openstack.wsgi [req-8896e4d2-adfd-455f-bd5f-d7a3e2048bd0 req-697825a4-f4ea-4ede-a6ec-b5b0b30d28db f3aad223cf0d425da99bfce29a2d30dc 4289ac39f38a43c4a8478146ec91f187 - - default default] DELETE http://[LB_IP_ADDRESS]:8776/v3/4289ac39f38a43c4a8478146ec91f187/volumes/356900d2-ba10-44a5-a7f0-fc2b44692c8c
2024-10-02 03:54:47.311 25 INFO cinder.api.v3.volumes [req-8896e4d2-adfd-455f-bd5f-d7a3e2048bd0 req-697825a4-f4ea-4ede-a6ec-b5b0b30d28db f3aad223cf0d425da99bfce29a2d30dc 4289ac39f38a43c4a8478146ec91f187 - - default default] Delete volume with id: 356900d2-ba10-44a5-a7f0-fc2b44692c8c 
2024-10-02 03:54:47.326 25 INFO cinder.api.openstack.wsgi [req-8896e4d2-adfd-455f-bd5f-d7a3e2048bd0 req-697825a4-f4ea-4ede-a6ec-b5b0b30d28db f3aad223cf0d425da99bfce29a2d30dc 4289ac39f38a43c4a8478146ec91f187 - - default default] http://[LB_IP_ADDRESS]:8776/v3/4289ac39f38a43c4a8478146ec91f187/volumes/356900d2-ba10-44a5-a7f0-fc2b44692c8c returned with HTTP 404
2024-10-02 03:54:47.359 21 INFO cinder.api.openstack.wsgi [req-4b80001a-f9ff-428a-9a64-98d725e4f7b6 req-79f4850c-a094-4b23-b175-021415d929d7 f3aad223cf0d425da99bfce29a2d30dc 4289ac39f38a43c4a8478146ec91f187 - - default default] GET http://[LB_IP_ADDRESS]:8776/v3/4289ac39f38a43c4a8478146ec91f187/volumes/356900d2-ba10-44a5-a7f0-fc2b44692c8c
2024-10-02 03:54:47.375 21 INFO cinder.api.openstack.wsgi [req-4b80001a-f9ff-428a-9a64-98d725e4f7b6 req-79f4850c-a094-4b23-b175-021415d929d7 f3aad223cf0d425da99bfce29a2d30dc 4289ac39f38a43c4a8478146ec91f187 - - default default] http://[LB_IP_ADDRESS]:8776/v3/4289ac39f38a43c4a8478146ec91f187/volumes/356900d2-ba10-44a5-a7f0-fc2b44692c8c returned with HTTP 404
2024-10-02 03:54:47.672 24 INFO cinder.api.openstack.wsgi [None req-7be70b19-0092-478f-83bf-6e87934b3452 1bf872084b114e249e2dc8a5eb3b1a90 2f004da2bf06449d9094655bb6765472 - - default default] http://[LB_IP_ADDRESS]:8776/v3/2f004da2bf06449d9094655bb6765472/capabilities/lightos_cinder_cluster@LIGHTOSeykwrq returned with HTTP 200
2024-10-02 03:54:49.309 23 INFO cinder.api.openstack.wsgi [None req-b4343d10-f185-4b15-861a-f6050f2f1ec1 96cf6b9f8a1e4eab83cf5904cfdd73e5 cddb497c4358413c9b0badaede777c0e - - default default] POST http://[LB_IP_ADDRESS]:8776/v3/cddb497c4358413c9b0badaede777c0e/types
2024-10-02 03:54:49.337 23 INFO cinder.api.openstack.wsgi [None req-b4343d10-f185-4b15-861a-f6050f2f1ec1 96cf6b9f8a1e4eab83cf5904cfdd73e5 cddb497c4358413c9b0badaede777c0e - - default default] http://[LB_IP_ADDRESS]:8776/v3/cddb497c4358413c9b0badaede777c0e/types returned with HTTP 200
2024-10-02 03:54:49.354 22 INFO cinder.api.openstack.wsgi [None req-cff05524-d892-4668-a9ba-99bc6402e665 96cf6b9f8a1e4eab83cf5904cfdd73e5 cddb497c4358413c9b0badaede777c0e - - default default] POST http://[LB_IP_ADDRESS]:8776/v3/cddb497c4358413c9b0badaede777c0e/group_types
2024-10-02 03:54:49.379 22 INFO cinder.api.openstack.wsgi [None req-cff05524-d892-4668-a9ba-99bc6402e665 96cf6b9f8a1e4eab83cf5904cfdd73e5 cddb497c4358413c9b0badaede777c0e - - default default] http://[LB_IP_ADDRESS]:8776/v3/cddb497c4358413c9b0badaede777c0e/group_types returned with HTTP 202
2024-10-02 03:54:49.510 25 INFO cinder.api.openstack.wsgi [None req-17c17a34-19f6-49e8-b1e5-e529f1a63232 905c0ed57cfb4233a822e9914d9179e0 a05a0f32f30b4e799a2168e8f0b9cec8 - - default default] POST http://[LB_IP_ADDRESS]:8776/v3/a05a0f32f30b4e799a2168e8f0b9cec8/groups
2024-10-02 03:54:49.524 25 INFO cinder.api.v3.groups [None req-17c17a34-19f6-49e8-b1e5-e529f1a63232 905c0ed57cfb4233a822e9914d9179e0 a05a0f32f30b4e799a2168e8f0b9cec8 - - default default] Creating group tempest-GroupSnapshotsTest-Group-401667405.
2024-10-02 03:54:49.543 25 INFO cinder.volume.api [None req-17c17a34-19f6-49e8-b1e5-e529f1a63232 905c0ed57cfb4233a822e9914d9179e0 a05a0f32f30b4e799a2168e8f0b9cec8 - - default default] Availability Zones retrieved successfully.
2024-10-02 03:54:49.641 25 INFO cinder.api.openstack.wsgi [None req-17c17a34-19f6-49e8-b1e5-e529f1a63232 905c0ed57cfb4233a822e9914d9179e0 a05a0f32f30b4e799a2168e8f0b9cec8 - - default default] http://[LB_IP_ADDRESS]:8776/v3/a05a0f32f30b4e799a2168e8f0b9cec8/groups returned with HTTP 202
2024-10-02 03:54:49.659 21 INFO cinder.api.openstack.wsgi [None req-e5e4cc64-52f5-4e9f-b0cb-814e14396799 905c0ed57cfb4233a822e9914d9179e0 a05a0f32f30b4e799a2168e8f0b9cec8 - - default default] GET http://[LB_IP_ADDRESS]:8776/v3/a05a0f32f30b4e799a2168e8f0b9cec8/groups/af2efaae-cfa1-4e32-9469-5dddefe6c171
2024-10-02 03:54:49.683 21 INFO cinder.api.openstack.wsgi [None req-e5e4cc64-52f5-4e9f-b0cb-814e14396799 905c0ed57cfb4233a822e9914d9179e0 a05a0f32f30b4e799a2168e8f0b9cec8 - - default default] http://[LB_IP_ADDRESS]:8776/v3/a05a0f32f30b4e799a2168e8f0b9cec8/groups/af2efaae-cfa1-4e32-9469-5dddefe6c171 returned with HTTP 200
2024-10-02 03:54:50.684 24 INFO cinder.api.openstack.wsgi [None req-2434caff-1adb-4933-b63e-17cf376321ef 6a5be03ee1d444bda5160e2fa148a85b 9219837e5c5a40569b80ac474cac1eae - - default default] POST http://[LB_IP_ADDRESS]:8776/v3/9219837e5c5a40569b80ac474cac1eae/volumes
2024-10-02 03:54:50.687 24 INFO cinder.api.v3.volumes [None req-2434caff-1adb-4933-b63e-17cf376321ef 6a5be03ee1d444bda5160e2fa148a85b 9219837e5c5a40569b80ac474cac1eae - - default default] Create volume of 1 GB
2024-10-02 03:54:50.700 24 INFO cinder.volume.api [None req-2434caff-1adb-4933-b63e-17cf376321ef 6a5be03ee1d444bda5160e2fa148a85b 9219837e5c5a40569b80ac474cac1eae - - default default] Availability Zones retrieved successfully.
2024-10-02 03:54:50.703 23 INFO cinder.api.openstack.wsgi [None req-cf7157a2-f2ef-44cd-9ae0-90867ce3e218 905c0ed57cfb4233a822e9914d9179e0 a05a0f32f30b4e799a2168e8f0b9cec8 - - default default] GET http://[LB_IP_ADDRESS]:8776/v3/a05a0f32f30b4e799a2168e8f0b9cec8/groups/af2efaae-cfa1-4e32-9469-5dddefe6c171
2024-10-02 03:54:50.729 23 INFO cinder.api.openstack.wsgi [None req-cf7157a2-f2ef-44cd-9ae0-90867ce3e218 905c0ed57cfb4233a822e9914d9179e0 a05a0f32f30b4e799a2168e8f0b9cec8 - - default default] http://[LB_IP_ADDRESS]:8776/v3/a05a0f32f30b4e799a2168e8f0b9cec8/groups/af2efaae-cfa1-4e32-9469-5dddefe6c171 returned with HTTP 200
2024-10-02 03:54:50.749 22 INFO cinder.api.openstack.wsgi [None req-31186c77-c4fe-4071-86c3-110721a40878 905c0ed57cfb4233a822e9914d9179e0 a05a0f32f30b4e799a2168e8f0b9cec8 - - default default] POST http://[LB_IP_ADDRESS]:8776/v3/a05a0f32f30b4e799a2168e8f0b9cec8/volumes
2024-10-02 03:54:50.769 22 INFO cinder.api.v3.volumes [None req-31186c77-c4fe-4071-86c3-110721a40878 905c0ed57cfb4233a822e9914d9179e0 a05a0f32f30b4e799a2168e8f0b9cec8 - - default default] Create volume of 1 GB
2024-10-02 03:54:50.779 22 INFO cinder.volume.api [None req-31186c77-c4fe-4071-86c3-110721a40878 905c0ed57cfb4233a822e9914d9179e0 a05a0f32f30b4e799a2168e8f0b9cec8 - - default default] Availability Zones retrieved successfully.
2024-10-02 03:54:50.869 22 WARNING cinder.quota [None req-31186c77-c4fe-4071-86c3-110721a40878 905c0ed57cfb4233a822e9914d9179e0 a05a0f32f30b4e799a2168e8f0b9cec8 - - default default] Deprecated: Default quota for resource: volumes_tempest-GroupSnapshotsTest-volume-type-1972569425 is set by the default quota flag: quota_volumes_tempest-GroupSnapshotsTest-volume-type-1972569425, it is now deprecated. Please use the default quota class for default quota.
2024-10-02 03:54:50.870 22 WARNING cinder.quota [None req-31186c77-c4fe-4071-86c3-110721a40878 905c0ed57cfb4233a822e9914d9179e0 a05a0f32f30b4e799a2168e8f0b9cec8 - - default default] Deprecated: Default quota for resource: gigabytes_tempest-GroupSnapshotsTest-volume-type-1972569425 is set by the default quota flag: quota_gigabytes_tempest-GroupSnapshotsTest-volume-type-1972569425, it is now deprecated. Please use the default quota class for default quota.
2024-10-02 03:54:50.888 24 INFO cinder.volume.api [None req-2434caff-1adb-4933-b63e-17cf376321ef 6a5be03ee1d444bda5160e2fa148a85b 9219837e5c5a40569b80ac474cac1eae - - default default] Create volume request issued successfully.
2024-10-02 03:54:50.890 24 INFO cinder.api.openstack.wsgi [None req-2434caff-1adb-4933-b63e-17cf376321ef 6a5be03ee1d444bda5160e2fa148a85b 9219837e5c5a40569b80ac474cac1eae - - default default] http://[LB_IP_ADDRESS]:8776/v3/9219837e5c5a40569b80ac474cac1eae/volumes returned with HTTP 202
2024-10-02 03:54:50.920 25 INFO cinder.api.openstack.wsgi [None req-2a8de00a-a96b-42f8-ae08-15aae572bb8e 6a5be03ee1d444bda5160e2fa148a85b 9219837e5c5a40569b80ac474cac1eae - - default default] GET http://[LB_IP_ADDRESS]:8776/v3/9219837e5c5a40569b80ac474cac1eae/volumes/af90d9d9-7504-4f52-b8c7-a31478cd3151
2024-10-02 03:54:50.957 25 INFO cinder.volume.api [None req-2a8de00a-a96b-42f8-ae08-15aae572bb8e 6a5be03ee1d444bda5160e2fa148a85b 9219837e5c5a40569b80ac474cac1eae - - default default] Volume info retrieved successfully.
2024-10-02 03:54:50.969 25 INFO cinder.api.openstack.wsgi [None req-2a8de00a-a96b-42f8-ae08-15aae572bb8e 6a5be03ee1d444bda5160e2fa148a85b 9219837e5c5a40569b80ac474cac1eae - - default default] http://[LB_IP_ADDRESS]:8776/v3/9219837e5c5a40569b80ac474cac1eae/volumes/af90d9d9-7504-4f52-b8c7-a31478cd3151 returned with HTTP 200
2024-10-02 03:54:50.989 22 INFO cinder.volume.api [None req-31186c77-c4fe-4071-86c3-110721a40878 905c0ed57cfb4233a822e9914d9179e0 a05a0f32f30b4e799a2168e8f0b9cec8 - - default default] Create volume request issued successfully.
2024-10-02 03:54:51.008 22 INFO cinder.api.openstack.wsgi [None req-31186c77-c4fe-4071-86c3-110721a40878 905c0ed57cfb4233a822e9914d9179e0 a05a0f32f30b4e799a2168e8f0b9cec8 - - default default] http://[LB_IP_ADDRESS]:8776/v3/a05a0f32f30b4e799a2168e8f0b9cec8/volumes returned with HTTP 202
2024-10-02 03:54:51.034 21 INFO cinder.api.openstack.wsgi [None req-48caea8a-51ba-46b7-8993-680c44ed55c4 905c0ed57cfb4233a822e9914d9179e0 a05a0f32f30b4e799a2168e8f0b9cec8 - - default default] GET http://[LB_IP_ADDRESS]:8776/v3/a05a0f32f30b4e799a2168e8f0b9cec8/volumes/71ab97ad-f63b-4418-8c8f-6f5c96bf4202
2024-10-02 03:54:51.062 21 INFO cinder.volume.api [None req-48caea8a-51ba-46b7-8993-680c44ed55c4 905c0ed57cfb4233a822e9914d9179e0 a05a0f32f30b4e799a2168e8f0b9cec8 - - default default] Volume info retrieved successfully.
2024-10-02 03:54:51.093 21 INFO cinder.api.openstack.wsgi [None req-48caea8a-51ba-46b7-8993-680c44ed55c4 905c0ed57cfb4233a822e9914d9179e0 a05a0f32f30b4e799a2168e8f0b9cec8 - - default default] http://[LB_IP_ADDRESS]:8776/v3/a05a0f32f30b4e799a2168e8f0b9cec8/volumes/71ab97ad-f63b-4418-8c8f-6f5c96bf4202 returned with HTTP 200
2024-10-02 03:54:51.999 23 INFO cinder.api.openstack.wsgi [None req-842f9aea-03a3-461f-a840-2ac174279d11 6a5be03ee1d444bda5160e2fa148a85b 9219837e5c5a40569b80ac474cac1eae - - default default] GET http://[LB_IP_ADDRESS]:8776/v3/9219837e5c5a40569b80ac474cac1eae/volumes/af90d9d9-7504-4f52-b8c7-a31478cd3151
2024-10-02 03:54:52.022 23 INFO cinder.volume.api [None req-842f9aea-03a3-461f-a840-2ac174279d11 6a5be03ee1d444bda5160e2fa148a85b 9219837e5c5a40569b80ac474cac1eae - - default default] Volume info retrieved successfully.
2024-10-02 03:54:52.030 23 INFO cinder.api.openstack.wsgi [None req-842f9aea-03a3-461f-a840-2ac174279d11 6a5be03ee1d444bda5160e2fa148a85b 9219837e5c5a40569b80ac474cac1eae - - default default] http://[LB_IP_ADDRESS]:8776/v3/9219837e5c5a40569b80ac474cac1eae/volumes/af90d9d9-7504-4f52-b8c7-a31478cd3151 returned with HTTP 200
2024-10-02 03:54:52.123 24 INFO cinder.api.openstack.wsgi [None req-4316b6b7-45de-4361-b807-679ba35594a9 905c0ed57cfb4233a822e9914d9179e0 a05a0f32f30b4e799a2168e8f0b9cec8 - - default default] GET http://[LB_IP_ADDRESS]:8776/v3/a05a0f32f30b4e799a2168e8f0b9cec8/volumes/71ab97ad-f63b-4418-8c8f-6f5c96bf4202
2024-10-02 03:54:52.145 24 INFO cinder.volume.api [None req-4316b6b7-45de-4361-b807-679ba35594a9 905c0ed57cfb4233a822e9914d9179e0 a05a0f32f30b4e799a2168e8f0b9cec8 - - default default] Volume info retrieved successfully.
2024-10-02 03:54:52.168 24 INFO cinder.api.openstack.wsgi [None req-4316b6b7-45de-4361-b807-679ba35594a9 905c0ed57cfb4233a822e9914d9179e0 a05a0f32f30b4e799a2168e8f0b9cec8 - - default default] http://[LB_IP_ADDRESS]:8776/v3/a05a0f32f30b4e799a2168e8f0b9cec8/volumes/71ab97ad-f63b-4418-8c8f-6f5c96bf4202 returned with HTTP 200
2024-10-02 03:54:53.058 22 INFO cinder.api.openstack.wsgi [None req-37472920-d4de-4810-ad2f-9c05e221ec35 6a5be03ee1d444bda5160e2fa148a85b 9219837e5c5a40569b80ac474cac1eae - - default default] GET http://[LB_IP_ADDRESS]:8776/v3/9219837e5c5a40569b80ac474cac1eae/volumes/af90d9d9-7504-4f52-b8c7-a31478cd3151
2024-10-02 03:54:53.086 22 INFO cinder.volume.api [None req-37472920-d4de-4810-ad2f-9c05e221ec35 6a5be03ee1d444bda5160e2fa148a85b 9219837e5c5a40569b80ac474cac1eae - - default default] Volume info retrieved successfully.
2024-10-02 03:54:53.096 22 INFO cinder.api.openstack.wsgi [None req-37472920-d4de-4810-ad2f-9c05e221ec35 6a5be03ee1d444bda5160e2fa148a85b 9219837e5c5a40569b80ac474cac1eae - - default default] http://[LB_IP_ADDRESS]:8776/v3/9219837e5c5a40569b80ac474cac1eae/volumes/af90d9d9-7504-4f52-b8c7-a31478cd3151 returned with HTTP 200
