2025-11-02 22:38:37.275 74 INFO cinder.api.openstack.wsgi [None req-706893e9-1771-4e00-83d4-e7e3b1929130 d774d11d6ee54c7c8f9f4fb21ba02fc2 3a24345cb7314c01b3955732fbd6e2ad - - default default] http://[LB_IP_ADDRESS]:8776/v3/3a24345cb7314c01b3955732fbd6e2ad/qos-specs returned with HTTP 200
2025-11-02 22:38:37.291 76 INFO cinder.api.openstack.wsgi [None req-5a0566d6-ed5c-4717-8831-c0636c4aa88d d774d11d6ee54c7c8f9f4fb21ba02fc2 3a24345cb7314c01b3955732fbd6e2ad - - default default] DELETE http://[LB_IP_ADDRESS]:8776/v3/3a24345cb7314c01b3955732fbd6e2ad/qos-specs/7a9f4da0-830d-467e-8cb0-8072b0cc34ed?force=False
2025-11-02 22:38:37.309 76 INFO cinder.api.openstack.wsgi [None req-5a0566d6-ed5c-4717-8831-c0636c4aa88d d774d11d6ee54c7c8f9f4fb21ba02fc2 3a24345cb7314c01b3955732fbd6e2ad - - default default] http://[LB_IP_ADDRESS]:8776/v3/3a24345cb7314c01b3955732fbd6e2ad/qos-specs/7a9f4da0-830d-467e-8cb0-8072b0cc34ed?force=False returned with HTTP 202
2025-11-02 22:38:37.322 73 INFO cinder.api.openstack.wsgi [None req-f954bceb-8e98-4a11-a269-b635b8dd756a d774d11d6ee54c7c8f9f4fb21ba02fc2 3a24345cb7314c01b3955732fbd6e2ad - - default default] GET http://[LB_IP_ADDRESS]:8776/v3/3a24345cb7314c01b3955732fbd6e2ad/qos-specs/7a9f4da0-830d-467e-8cb0-8072b0cc34ed
2025-11-02 22:38:37.328 73 INFO cinder.api.openstack.wsgi [None req-f954bceb-8e98-4a11-a269-b635b8dd756a d774d11d6ee54c7c8f9f4fb21ba02fc2 3a24345cb7314c01b3955732fbd6e2ad - - default default] http://[LB_IP_ADDRESS]:8776/v3/3a24345cb7314c01b3955732fbd6e2ad/qos-specs/7a9f4da0-830d-467e-8cb0-8072b0cc34ed returned with HTTP 404
2025-11-02 22:38:37.338 75 INFO cinder.api.openstack.wsgi [None req-c0365c81-c3fb-46d1-88c0-6169414013c8 d774d11d6ee54c7c8f9f4fb21ba02fc2 3a24345cb7314c01b3955732fbd6e2ad - - default default] GET http://[LB_IP_ADDRESS]:8776/v3/3a24345cb7314c01b3955732fbd6e2ad/qos-specs
2025-11-02 22:38:37.351 75 INFO cinder.api.openstack.wsgi [None req-c0365c81-c3fb-46d1-88c0-6169414013c8 d774d11d6ee54c7c8f9f4fb21ba02fc2 3a24345cb7314c01b3955732fbd6e2ad - - default default] http://[LB_IP_ADDRESS]:8776/v3/3a24345cb7314c01b3955732fbd6e2ad/qos-specs returned with HTTP 200
2025-11-02 22:38:37.368 72 INFO cinder.api.openstack.wsgi [None req-3e4d2631-b193-42c2-a8aa-105df55f507f d774d11d6ee54c7c8f9f4fb21ba02fc2 3a24345cb7314c01b3955732fbd6e2ad - - default default] DELETE http://[LB_IP_ADDRESS]:8776/v3/3a24345cb7314c01b3955732fbd6e2ad/qos-specs/7a9f4da0-830d-467e-8cb0-8072b0cc34ed?force=False
2025-11-02 22:38:37.374 72 INFO cinder.api.openstack.wsgi [None req-3e4d2631-b193-42c2-a8aa-105df55f507f d774d11d6ee54c7c8f9f4fb21ba02fc2 3a24345cb7314c01b3955732fbd6e2ad - - default default] http://[LB_IP_ADDRESS]:8776/v3/3a24345cb7314c01b3955732fbd6e2ad/qos-specs/7a9f4da0-830d-467e-8cb0-8072b0cc34ed?force=False returned with HTTP 404
2025-11-02 22:38:37.388 74 INFO cinder.api.openstack.wsgi [None req-c8c678b5-2a15-43e3-91a8-38a9bc668884 d774d11d6ee54c7c8f9f4fb21ba02fc2 3a24345cb7314c01b3955732fbd6e2ad - - default default] GET http://[LB_IP_ADDRESS]:8776/v3/3a24345cb7314c01b3955732fbd6e2ad/qos-specs/7a9f4da0-830d-467e-8cb0-8072b0cc34ed
2025-11-02 22:38:37.395 74 INFO cinder.api.openstack.wsgi [None req-c8c678b5-2a15-43e3-91a8-38a9bc668884 d774d11d6ee54c7c8f9f4fb21ba02fc2 3a24345cb7314c01b3955732fbd6e2ad - - default default] http://[LB_IP_ADDRESS]:8776/v3/3a24345cb7314c01b3955732fbd6e2ad/qos-specs/7a9f4da0-830d-467e-8cb0-8072b0cc34ed returned with HTTP 404
2025-11-02 22:38:37.410 76 INFO cinder.api.openstack.wsgi [None req-fba0a889-29f4-4233-880b-86b46a61f426 d774d11d6ee54c7c8f9f4fb21ba02fc2 3a24345cb7314c01b3955732fbd6e2ad - - default default] POST http://[LB_IP_ADDRESS]:8776/v3/3a24345cb7314c01b3955732fbd6e2ad/qos-specs
2025-11-02 22:38:37.425 76 INFO cinder.api.openstack.wsgi [None req-fba0a889-29f4-4233-880b-86b46a61f426 d774d11d6ee54c7c8f9f4fb21ba02fc2 3a24345cb7314c01b3955732fbd6e2ad - - default default] http://[LB_IP_ADDRESS]:8776/v3/3a24345cb7314c01b3955732fbd6e2ad/qos-specs returned with HTTP 200
2025-11-02 22:38:37.442 73 INFO cinder.api.openstack.wsgi [None req-789d4ae4-43e5-4fa4-8dc6-65bb8020628c d774d11d6ee54c7c8f9f4fb21ba02fc2 3a24345cb7314c01b3955732fbd6e2ad - - default default] DELETE http://[LB_IP_ADDRESS]:8776/v3/3a24345cb7314c01b3955732fbd6e2ad/qos-specs/38b0d4cb-02fe-4ccf-b131-1972797c0b6f?force=False
2025-11-02 22:38:37.460 73 INFO cinder.api.openstack.wsgi [None req-789d4ae4-43e5-4fa4-8dc6-65bb8020628c d774d11d6ee54c7c8f9f4fb21ba02fc2 3a24345cb7314c01b3955732fbd6e2ad - - default default] http://[LB_IP_ADDRESS]:8776/v3/3a24345cb7314c01b3955732fbd6e2ad/qos-specs/38b0d4cb-02fe-4ccf-b131-1972797c0b6f?force=False returned with HTTP 202
2025-11-02 22:38:37.473 75 INFO cinder.api.openstack.wsgi [None req-3e384153-b7bb-4d7e-96f4-8c4072e4b5ef d774d11d6ee54c7c8f9f4fb21ba02fc2 3a24345cb7314c01b3955732fbd6e2ad - - default default] GET http://[LB_IP_ADDRESS]:8776/v3/3a24345cb7314c01b3955732fbd6e2ad/qos-specs/38b0d4cb-02fe-4ccf-b131-1972797c0b6f
2025-11-02 22:38:37.479 75 INFO cinder.api.openstack.wsgi [None req-3e384153-b7bb-4d7e-96f4-8c4072e4b5ef d774d11d6ee54c7c8f9f4fb21ba02fc2 3a24345cb7314c01b3955732fbd6e2ad - - default default] http://[LB_IP_ADDRESS]:8776/v3/3a24345cb7314c01b3955732fbd6e2ad/qos-specs/38b0d4cb-02fe-4ccf-b131-1972797c0b6f returned with HTTP 404
2025-11-02 22:38:37.493 72 INFO cinder.api.openstack.wsgi [None req-b1bf1792-5fa6-438f-9fc6-ee4443ee3757 d774d11d6ee54c7c8f9f4fb21ba02fc2 3a24345cb7314c01b3955732fbd6e2ad - - default default] GET http://[LB_IP_ADDRESS]:8776/v3/3a24345cb7314c01b3955732fbd6e2ad/qos-specs
2025-11-02 22:38:37.506 72 INFO cinder.api.openstack.wsgi [None req-b1bf1792-5fa6-438f-9fc6-ee4443ee3757 d774d11d6ee54c7c8f9f4fb21ba02fc2 3a24345cb7314c01b3955732fbd6e2ad - - default default] http://[LB_IP_ADDRESS]:8776/v3/3a24345cb7314c01b3955732fbd6e2ad/qos-specs returned with HTTP 200
2025-11-02 22:38:37.522 74 INFO cinder.api.openstack.wsgi [None req-5d90e5fd-2400-4218-9c49-2a63d1cc1583 d774d11d6ee54c7c8f9f4fb21ba02fc2 3a24345cb7314c01b3955732fbd6e2ad - - default default] DELETE http://[LB_IP_ADDRESS]:8776/v3/3a24345cb7314c01b3955732fbd6e2ad/qos-specs/38b0d4cb-02fe-4ccf-b131-1972797c0b6f?force=False
2025-11-02 22:38:37.527 74 INFO cinder.api.openstack.wsgi [None req-5d90e5fd-2400-4218-9c49-2a63d1cc1583 d774d11d6ee54c7c8f9f4fb21ba02fc2 3a24345cb7314c01b3955732fbd6e2ad - - default default] http://[LB_IP_ADDRESS]:8776/v3/3a24345cb7314c01b3955732fbd6e2ad/qos-specs/38b0d4cb-02fe-4ccf-b131-1972797c0b6f?force=False returned with HTTP 404
2025-11-02 22:38:37.541 76 INFO cinder.api.openstack.wsgi [None req-ed07ea45-d05e-4866-b9a8-f0858f26ddf8 d774d11d6ee54c7c8f9f4fb21ba02fc2 3a24345cb7314c01b3955732fbd6e2ad - - default default] GET http://[LB_IP_ADDRESS]:8776/v3/3a24345cb7314c01b3955732fbd6e2ad/qos-specs/38b0d4cb-02fe-4ccf-b131-1972797c0b6f
2025-11-02 22:38:37.547 76 INFO cinder.api.openstack.wsgi [None req-ed07ea45-d05e-4866-b9a8-f0858f26ddf8 d774d11d6ee54c7c8f9f4fb21ba02fc2 3a24345cb7314c01b3955732fbd6e2ad - - default default] http://[LB_IP_ADDRESS]:8776/v3/3a24345cb7314c01b3955732fbd6e2ad/qos-specs/38b0d4cb-02fe-4ccf-b131-1972797c0b6f returned with HTTP 404
2025-11-02 22:38:37.561 73 INFO cinder.api.openstack.wsgi [None req-567c3cbd-da64-42e6-a5b5-5bc9daacffde d774d11d6ee54c7c8f9f4fb21ba02fc2 3a24345cb7314c01b3955732fbd6e2ad - - default default] POST http://[LB_IP_ADDRESS]:8776/v3/3a24345cb7314c01b3955732fbd6e2ad/qos-specs
2025-11-02 22:38:37.575 73 INFO cinder.api.openstack.wsgi [None req-567c3cbd-da64-42e6-a5b5-5bc9daacffde d774d11d6ee54c7c8f9f4fb21ba02fc2 3a24345cb7314c01b3955732fbd6e2ad - - default default] http://[LB_IP_ADDRESS]:8776/v3/3a24345cb7314c01b3955732fbd6e2ad/qos-specs returned with HTTP 200
2025-11-02 22:38:37.590 75 INFO cinder.api.openstack.wsgi [None req-ec239cdc-9c53-461b-b956-d2e953d4663e d774d11d6ee54c7c8f9f4fb21ba02fc2 3a24345cb7314c01b3955732fbd6e2ad - - default default] DELETE http://[LB_IP_ADDRESS]:8776/v3/3a24345cb7314c01b3955732fbd6e2ad/qos-specs/ac33b6d6-81d6-4717-ae76-5593272e417d?force=False
2025-11-02 22:38:37.614 75 INFO cinder.api.openstack.wsgi [None req-ec239cdc-9c53-461b-b956-d2e953d4663e d774d11d6ee54c7c8f9f4fb21ba02fc2 3a24345cb7314c01b3955732fbd6e2ad - - default default] http://[LB_IP_ADDRESS]:8776/v3/3a24345cb7314c01b3955732fbd6e2ad/qos-specs/ac33b6d6-81d6-4717-ae76-5593272e417d?force=False returned with HTTP 202
2025-11-02 22:38:37.627 72 INFO cinder.api.openstack.wsgi [None req-5249fd0c-de58-46dd-beac-bacec8347e2a d774d11d6ee54c7c8f9f4fb21ba02fc2 3a24345cb7314c01b3955732fbd6e2ad - - default default] GET http://[LB_IP_ADDRESS]:8776/v3/3a24345cb7314c01b3955732fbd6e2ad/qos-specs/ac33b6d6-81d6-4717-ae76-5593272e417d
2025-11-02 22:38:37.635 72 INFO cinder.api.openstack.wsgi [None req-5249fd0c-de58-46dd-beac-bacec8347e2a d774d11d6ee54c7c8f9f4fb21ba02fc2 3a24345cb7314c01b3955732fbd6e2ad - - default default] http://[LB_IP_ADDRESS]:8776/v3/3a24345cb7314c01b3955732fbd6e2ad/qos-specs/ac33b6d6-81d6-4717-ae76-5593272e417d returned with HTTP 404
2025-11-02 22:38:37.651 74 INFO cinder.api.openstack.wsgi [None req-b6cd98ec-9d90-4812-8992-6d6f4a696541 d774d11d6ee54c7c8f9f4fb21ba02fc2 3a24345cb7314c01b3955732fbd6e2ad - - default default] GET http://[LB_IP_ADDRESS]:8776/v3/3a24345cb7314c01b3955732fbd6e2ad/qos-specs
2025-11-02 22:38:37.664 74 INFO cinder.api.openstack.wsgi [None req-b6cd98ec-9d90-4812-8992-6d6f4a696541 d774d11d6ee54c7c8f9f4fb21ba02fc2 3a24345cb7314c01b3955732fbd6e2ad - - default default] http://[LB_IP_ADDRESS]:8776/v3/3a24345cb7314c01b3955732fbd6e2ad/qos-specs returned with HTTP 200
2025-11-02 22:38:37.680 76 INFO cinder.api.openstack.wsgi [None req-ae65330b-d4c9-4a65-b9a3-a6a8b067d32b d774d11d6ee54c7c8f9f4fb21ba02fc2 3a24345cb7314c01b3955732fbd6e2ad - - default default] DELETE http://[LB_IP_ADDRESS]:8776/v3/3a24345cb7314c01b3955732fbd6e2ad/qos-specs/ac33b6d6-81d6-4717-ae76-5593272e417d?force=False
2025-11-02 22:38:37.687 76 INFO cinder.api.openstack.wsgi [None req-ae65330b-d4c9-4a65-b9a3-a6a8b067d32b d774d11d6ee54c7c8f9f4fb21ba02fc2 3a24345cb7314c01b3955732fbd6e2ad - - default default] http://[LB_IP_ADDRESS]:8776/v3/3a24345cb7314c01b3955732fbd6e2ad/qos-specs/ac33b6d6-81d6-4717-ae76-5593272e417d?force=False returned with HTTP 404
2025-11-02 22:38:37.701 73 INFO cinder.api.openstack.wsgi [None req-6afb5595-8a87-44f1-8acc-59a0434171ea d774d11d6ee54c7c8f9f4fb21ba02fc2 3a24345cb7314c01b3955732fbd6e2ad - - default default] GET http://[LB_IP_ADDRESS]:8776/v3/3a24345cb7314c01b3955732fbd6e2ad/qos-specs/ac33b6d6-81d6-4717-ae76-5593272e417d
2025-11-02 22:38:37.707 73 INFO cinder.api.openstack.wsgi [None req-6afb5595-8a87-44f1-8acc-59a0434171ea d774d11d6ee54c7c8f9f4fb21ba02fc2 3a24345cb7314c01b3955732fbd6e2ad - - default default] http://[LB_IP_ADDRESS]:8776/v3/3a24345cb7314c01b3955732fbd6e2ad/qos-specs/ac33b6d6-81d6-4717-ae76-5593272e417d returned with HTTP 404
2025-11-02 22:38:37.722 75 INFO cinder.api.openstack.wsgi [None req-b0e61190-9f6e-4dda-bee1-103562129e04 d774d11d6ee54c7c8f9f4fb21ba02fc2 3a24345cb7314c01b3955732fbd6e2ad - - default default] GET http://[LB_IP_ADDRESS]:8776/v3/3a24345cb7314c01b3955732fbd6e2ad/qos-specs/54101b09-8a30-4517-bca6-ebe39db19e39
2025-11-02 22:38:37.728 75 INFO cinder.api.openstack.wsgi [None req-b0e61190-9f6e-4dda-bee1-103562129e04 d774d11d6ee54c7c8f9f4fb21ba02fc2 3a24345cb7314c01b3955732fbd6e2ad - - default default] http://[LB_IP_ADDRESS]:8776/v3/3a24345cb7314c01b3955732fbd6e2ad/qos-specs/54101b09-8a30-4517-bca6-ebe39db19e39 returned with HTTP 200
2025-11-02 22:38:37.745 72 INFO cinder.api.openstack.wsgi [None req-3b257648-134a-4492-b997-8c97f9227a24 d774d11d6ee54c7c8f9f4fb21ba02fc2 3a24345cb7314c01b3955732fbd6e2ad - - default default] GET http://[LB_IP_ADDRESS]:8776/v3/3a24345cb7314c01b3955732fbd6e2ad/qos-specs
2025-11-02 22:38:37.757 72 INFO cinder.api.openstack.wsgi [None req-3b257648-134a-4492-b997-8c97f9227a24 d774d11d6ee54c7c8f9f4fb21ba02fc2 3a24345cb7314c01b3955732fbd6e2ad - - default default] http://[LB_IP_ADDRESS]:8776/v3/3a24345cb7314c01b3955732fbd6e2ad/qos-specs returned with HTTP 200
2025-11-02 22:38:37.774 74 INFO cinder.api.openstack.wsgi [None req-20cba06a-9895-4732-b581-4123c0213b87 d774d11d6ee54c7c8f9f4fb21ba02fc2 3a24345cb7314c01b3955732fbd6e2ad - - default default] PUT http://[LB_IP_ADDRESS]:8776/v3/3a24345cb7314c01b3955732fbd6e2ad/qos-specs/54101b09-8a30-4517-bca6-ebe39db19e39
2025-11-02 22:38:37.792 74 INFO cinder.api.openstack.wsgi [None req-20cba06a-9895-4732-b581-4123c0213b87 d774d11d6ee54c7c8f9f4fb21ba02fc2 3a24345cb7314c01b3955732fbd6e2ad - - default default] http://[LB_IP_ADDRESS]:8776/v3/3a24345cb7314c01b3955732fbd6e2ad/qos-specs/54101b09-8a30-4517-bca6-ebe39db19e39 returned with HTTP 200
2025-11-02 22:38:37.806 76 INFO cinder.api.openstack.wsgi [None req-f438dc71-c3d6-4e7f-b293-5efe32ef206a d774d11d6ee54c7c8f9f4fb21ba02fc2 3a24345cb7314c01b3955732fbd6e2ad - - default default] GET http://[LB_IP_ADDRESS]:8776/v3/3a24345cb7314c01b3955732fbd6e2ad/qos-specs/54101b09-8a30-4517-bca6-ebe39db19e39
2025-11-02 22:38:37.813 76 INFO cinder.api.openstack.wsgi [None req-f438dc71-c3d6-4e7f-b293-5efe32ef206a d774d11d6ee54c7c8f9f4fb21ba02fc2 3a24345cb7314c01b3955732fbd6e2ad - - default default] http://[LB_IP_ADDRESS]:8776/v3/3a24345cb7314c01b3955732fbd6e2ad/qos-specs/54101b09-8a30-4517-bca6-ebe39db19e39 returned with HTTP 200
2025-11-02 22:38:37.830 73 INFO cinder.api.openstack.wsgi [None req-c78f00e0-6a87-4b21-b50a-f512b520bea5 d774d11d6ee54c7c8f9f4fb21ba02fc2 3a24345cb7314c01b3955732fbd6e2ad - - default default] PUT http://[LB_IP_ADDRESS]:8776/v3/3a24345cb7314c01b3955732fbd6e2ad/qos-specs/54101b09-8a30-4517-bca6-ebe39db19e39/delete_keys
2025-11-02 22:38:37.848 73 INFO cinder.api.openstack.wsgi [None req-c78f00e0-6a87-4b21-b50a-f512b520bea5 d774d11d6ee54c7c8f9f4fb21ba02fc2 3a24345cb7314c01b3955732fbd6e2ad - - default default] http://[LB_IP_ADDRESS]:8776/v3/3a24345cb7314c01b3955732fbd6e2ad/qos-specs/54101b09-8a30-4517-bca6-ebe39db19e39/delete_keys returned with HTTP 202
2025-11-02 22:38:37.862 75 INFO cinder.api.openstack.wsgi [None req-c1968b90-eb7f-49c3-a4c5-15f94c2be294 d774d11d6ee54c7c8f9f4fb21ba02fc2 3a24345cb7314c01b3955732fbd6e2ad - - default default] GET http://[LB_IP_ADDRESS]:8776/v3/3a24345cb7314c01b3955732fbd6e2ad/qos-specs/54101b09-8a30-4517-bca6-ebe39db19e39
2025-11-02 22:38:37.868 75 INFO cinder.api.openstack.wsgi [None req-c1968b90-eb7f-49c3-a4c5-15f94c2be294 d774d11d6ee54c7c8f9f4fb21ba02fc2 3a24345cb7314c01b3955732fbd6e2ad - - default default] http://[LB_IP_ADDRESS]:8776/v3/3a24345cb7314c01b3955732fbd6e2ad/qos-specs/54101b09-8a30-4517-bca6-ebe39db19e39 returned with HTTP 200
2025-11-02 22:38:37.884 72 INFO cinder.api.openstack.wsgi [None req-bebb7d09-e3ed-4d86-9e44-f18b5ca36853 d774d11d6ee54c7c8f9f4fb21ba02fc2 3a24345cb7314c01b3955732fbd6e2ad - - default default] GET http://[LB_IP_ADDRESS]:8776/v3/3a24345cb7314c01b3955732fbd6e2ad/qos-specs/54101b09-8a30-4517-bca6-ebe39db19e39
2025-11-02 22:38:37.890 72 INFO cinder.api.openstack.wsgi [None req-bebb7d09-e3ed-4d86-9e44-f18b5ca36853 d774d11d6ee54c7c8f9f4fb21ba02fc2 3a24345cb7314c01b3955732fbd6e2ad - - default default] http://[LB_IP_ADDRESS]:8776/v3/3a24345cb7314c01b3955732fbd6e2ad/qos-specs/54101b09-8a30-4517-bca6-ebe39db19e39 returned with HTTP 200
2025-11-02 22:38:37.907 74 INFO cinder.api.openstack.wsgi [None req-7c88c75a-dd2a-4819-bfe9-daa916217c17 d774d11d6ee54c7c8f9f4fb21ba02fc2 3a24345cb7314c01b3955732fbd6e2ad - - default default] DELETE http://[LB_IP_ADDRESS]:8776/v3/3a24345cb7314c01b3955732fbd6e2ad/qos-specs/54101b09-8a30-4517-bca6-ebe39db19e39?force=False
2025-11-02 22:38:37.926 74 INFO cinder.api.openstack.wsgi [None req-7c88c75a-dd2a-4819-bfe9-daa916217c17 d774d11d6ee54c7c8f9f4fb21ba02fc2 3a24345cb7314c01b3955732fbd6e2ad - - default default] http://[LB_IP_ADDRESS]:8776/v3/3a24345cb7314c01b3955732fbd6e2ad/qos-specs/54101b09-8a30-4517-bca6-ebe39db19e39?force=False returned with HTTP 202
2025-11-02 22:38:37.940 76 INFO cinder.api.openstack.wsgi [None req-0ef9650c-8573-4777-893b-01d0c06ed8d3 d774d11d6ee54c7c8f9f4fb21ba02fc2 3a24345cb7314c01b3955732fbd6e2ad - - default default] GET http://[LB_IP_ADDRESS]:8776/v3/3a24345cb7314c01b3955732fbd6e2ad/qos-specs/54101b09-8a30-4517-bca6-ebe39db19e39
2025-11-02 22:38:37.947 76 INFO cinder.api.openstack.wsgi [None req-0ef9650c-8573-4777-893b-01d0c06ed8d3 d774d11d6ee54c7c8f9f4fb21ba02fc2 3a24345cb7314c01b3955732fbd6e2ad - - default default] http://[LB_IP_ADDRESS]:8776/v3/3a24345cb7314c01b3955732fbd6e2ad/qos-specs/54101b09-8a30-4517-bca6-ebe39db19e39 returned with HTTP 404
2025-11-02 22:38:38.126 73 INFO cinder.api.openstack.wsgi [None req-e1a1f87d-f136-4cf1-8c4f-35c5e72ba000 - - - - - -] GET http://[LB_IP_ADDRESS]:8776/
2025-11-02 22:38:38.126 73 INFO cinder.api.openstack.wsgi [None req-e1a1f87d-f136-4cf1-8c4f-35c5e72ba000 - - - - - -] http://[LB_IP_ADDRESS]:8776/ returned with HTTP 300
2025-11-02 22:38:38.228 75 INFO cinder.api.openstack.wsgi [None req-75af53c4-3739-4e7f-927b-28ae37a67a6a 76934f63d2e44d5381e9e3a7f3ba0de0 5c4249ef2d3441d4836939fe5ac43665 - - default default] GET http://[LB_IP_ADDRESS]:8776/v3/5c4249ef2d3441d4836939fe5ac43665/snapshots/5e88eb0c-6405-4b61-8326-87b2ff1bce23
2025-11-02 22:38:38.238 75 INFO cinder.volume.api [None req-75af53c4-3739-4e7f-927b-28ae37a67a6a 76934f63d2e44d5381e9e3a7f3ba0de0 5c4249ef2d3441d4836939fe5ac43665 - - default default] Snapshot retrieved successfully.
2025-11-02 22:38:38.239 75 INFO cinder.api.openstack.wsgi [None req-75af53c4-3739-4e7f-927b-28ae37a67a6a 76934f63d2e44d5381e9e3a7f3ba0de0 5c4249ef2d3441d4836939fe5ac43665 - - default default] http://[LB_IP_ADDRESS]:8776/v3/5c4249ef2d3441d4836939fe5ac43665/snapshots/5e88eb0c-6405-4b61-8326-87b2ff1bce23 returned with HTTP 200
2025-11-02 22:38:38.250 72 INFO cinder.api.openstack.wsgi [None req-42f3279c-ccf1-4b20-abab-43042c44fc97 76934f63d2e44d5381e9e3a7f3ba0de0 5c4249ef2d3441d4836939fe5ac43665 - - default default] POST http://[LB_IP_ADDRESS]:8776/v3/5c4249ef2d3441d4836939fe5ac43665/snapshots
2025-11-02 22:38:38.262 72 INFO cinder.volume.api [None req-42f3279c-ccf1-4b20-abab-43042c44fc97 76934f63d2e44d5381e9e3a7f3ba0de0 5c4249ef2d3441d4836939fe5ac43665 - - default default] Volume info retrieved successfully.
2025-11-02 22:38:38.262 72 INFO cinder.api.v3.snapshots [None req-42f3279c-ccf1-4b20-abab-43042c44fc97 76934f63d2e44d5381e9e3a7f3ba0de0 5c4249ef2d3441d4836939fe5ac43665 - - default default] Create snapshot from volume 0cbefb6f-d801-400a-b412-ecb5fb5dcae2
2025-11-02 22:38:38.373 72 INFO cinder.volume.api [None req-42f3279c-ccf1-4b20-abab-43042c44fc97 76934f63d2e44d5381e9e3a7f3ba0de0 5c4249ef2d3441d4836939fe5ac43665 - - default default] Snapshot create request issued successfully.
2025-11-02 22:38:38.374 72 INFO cinder.api.openstack.wsgi [None req-42f3279c-ccf1-4b20-abab-43042c44fc97 76934f63d2e44d5381e9e3a7f3ba0de0 5c4249ef2d3441d4836939fe5ac43665 - - default default] http://[LB_IP_ADDRESS]:8776/v3/5c4249ef2d3441d4836939fe5ac43665/snapshots returned with HTTP 202
2025-11-02 22:38:38.384 74 INFO cinder.api.openstack.wsgi [None req-e89fac5f-1085-417e-b8c9-4f65d7546035 76934f63d2e44d5381e9e3a7f3ba0de0 5c4249ef2d3441d4836939fe5ac43665 - - default default] GET http://[LB_IP_ADDRESS]:8776/v3/5c4249ef2d3441d4836939fe5ac43665/snapshots/d8f01bfa-f72b-4589-9fd5-d1f23d6bdc5e
2025-11-02 22:38:38.391 74 INFO cinder.volume.api [None req-e89fac5f-1085-417e-b8c9-4f65d7546035 76934f63d2e44d5381e9e3a7f3ba0de0 5c4249ef2d3441d4836939fe5ac43665 - - default default] Snapshot retrieved successfully.
2025-11-02 22:38:38.392 74 INFO cinder.api.openstack.wsgi [None req-e89fac5f-1085-417e-b8c9-4f65d7546035 76934f63d2e44d5381e9e3a7f3ba0de0 5c4249ef2d3441d4836939fe5ac43665 - - default default] http://[LB_IP_ADDRESS]:8776/v3/5c4249ef2d3441d4836939fe5ac43665/snapshots/d8f01bfa-f72b-4589-9fd5-d1f23d6bdc5e returned with HTTP 200
2025-11-02 22:38:39.407 76 INFO cinder.api.openstack.wsgi [None req-dd32f83e-d0d4-4536-87f7-16d4e0581735 76934f63d2e44d5381e9e3a7f3ba0de0 5c4249ef2d3441d4836939fe5ac43665 - - default default] GET http://[LB_IP_ADDRESS]:8776/v3/5c4249ef2d3441d4836939fe5ac43665/snapshots/d8f01bfa-f72b-4589-9fd5-d1f23d6bdc5e
2025-11-02 22:38:39.422 76 INFO cinder.volume.api [None req-dd32f83e-d0d4-4536-87f7-16d4e0581735 76934f63d2e44d5381e9e3a7f3ba0de0 5c4249ef2d3441d4836939fe5ac43665 - - default default] Snapshot retrieved successfully.
2025-11-02 22:38:39.425 76 INFO cinder.api.openstack.wsgi [None req-dd32f83e-d0d4-4536-87f7-16d4e0581735 76934f63d2e44d5381e9e3a7f3ba0de0 5c4249ef2d3441d4836939fe5ac43665 - - default default] http://[LB_IP_ADDRESS]:8776/v3/5c4249ef2d3441d4836939fe5ac43665/snapshots/d8f01bfa-f72b-4589-9fd5-d1f23d6bdc5e returned with HTTP 200
2025-11-02 22:38:40.443 73 INFO cinder.api.openstack.wsgi [None req-86513958-9fc7-4dc5-a0d9-07f11a23c997 76934f63d2e44d5381e9e3a7f3ba0de0 5c4249ef2d3441d4836939fe5ac43665 - - default default] GET http://[LB_IP_ADDRESS]:8776/v3/5c4249ef2d3441d4836939fe5ac43665/snapshots/d8f01bfa-f72b-4589-9fd5-d1f23d6bdc5e
2025-11-02 22:38:40.454 73 INFO cinder.volume.api [None req-86513958-9fc7-4dc5-a0d9-07f11a23c997 76934f63d2e44d5381e9e3a7f3ba0de0 5c4249ef2d3441d4836939fe5ac43665 - - default default] Snapshot retrieved successfully.
2025-11-02 22:38:40.455 73 INFO cinder.api.openstack.wsgi [None req-86513958-9fc7-4dc5-a0d9-07f11a23c997 76934f63d2e44d5381e9e3a7f3ba0de0 5c4249ef2d3441d4836939fe5ac43665 - - default default] http://[LB_IP_ADDRESS]:8776/v3/5c4249ef2d3441d4836939fe5ac43665/snapshots/d8f01bfa-f72b-4589-9fd5-d1f23d6bdc5e returned with HTTP 200
2025-11-02 22:38:40.470 75 INFO cinder.api.openstack.wsgi [None req-f7baee0c-a7f4-4d0d-9735-bdb1a3a21215 76934f63d2e44d5381e9e3a7f3ba0de0 5c4249ef2d3441d4836939fe5ac43665 - - default default] DELETE http://[LB_IP_ADDRESS]:8776/v3/5c4249ef2d3441d4836939fe5ac43665/volumes/0cbefb6f-d801-400a-b412-ecb5fb5dcae2?cascade=True
2025-11-02 22:38:40.471 75 INFO cinder.api.v3.volumes [None req-f7baee0c-a7f4-4d0d-9735-bdb1a3a21215 76934f63d2e44d5381e9e3a7f3ba0de0 5c4249ef2d3441d4836939fe5ac43665 - - default default] Delete volume with id: 0cbefb6f-d801-400a-b412-ecb5fb5dcae2 
2025-11-02 22:38:40.482 75 INFO cinder.volume.api [None req-f7baee0c-a7f4-4d0d-9735-bdb1a3a21215 76934f63d2e44d5381e9e3a7f3ba0de0 5c4249ef2d3441d4836939fe5ac43665 - - default default] Volume info retrieved successfully.
2025-11-02 22:38:40.508 75 INFO cinder.volume.api [None req-f7baee0c-a7f4-4d0d-9735-bdb1a3a21215 76934f63d2e44d5381e9e3a7f3ba0de0 5c4249ef2d3441d4836939fe5ac43665 - - default default] Delete volume request issued successfully.
2025-11-02 22:38:40.508 75 INFO cinder.api.openstack.wsgi [None req-f7baee0c-a7f4-4d0d-9735-bdb1a3a21215 76934f63d2e44d5381e9e3a7f3ba0de0 5c4249ef2d3441d4836939fe5ac43665 - - default default] http://[LB_IP_ADDRESS]:8776/v3/5c4249ef2d3441d4836939fe5ac43665/volumes/0cbefb6f-d801-400a-b412-ecb5fb5dcae2?cascade=True returned with HTTP 202
2025-11-02 22:38:40.521 72 INFO cinder.api.openstack.wsgi [None req-483503fe-1c42-4116-a7cd-d56a5c04163e 76934f63d2e44d5381e9e3a7f3ba0de0 5c4249ef2d3441d4836939fe5ac43665 - - default default] GET http://[LB_IP_ADDRESS]:8776/v3/5c4249ef2d3441d4836939fe5ac43665/volumes/0cbefb6f-d801-400a-b412-ecb5fb5dcae2
2025-11-02 22:38:40.536 72 INFO cinder.volume.api [None req-483503fe-1c42-4116-a7cd-d56a5c04163e 76934f63d2e44d5381e9e3a7f3ba0de0 5c4249ef2d3441d4836939fe5ac43665 - - default default] Volume info retrieved successfully.
2025-11-02 22:38:40.541 72 INFO cinder.api.openstack.wsgi [None req-483503fe-1c42-4116-a7cd-d56a5c04163e 76934f63d2e44d5381e9e3a7f3ba0de0 5c4249ef2d3441d4836939fe5ac43665 - - default default] http://[LB_IP_ADDRESS]:8776/v3/5c4249ef2d3441d4836939fe5ac43665/volumes/0cbefb6f-d801-400a-b412-ecb5fb5dcae2 returned with HTTP 200
2025-11-02 22:38:40.960 74 INFO cinder.api.openstack.wsgi [None req-211ad9fd-efc1-4f45-ba79-6fdee89ee207 7207cf6cf42f479191800add358545d5 2d9caffac7dd49568f68667e4c73b209 - - default default] POST http://[LB_IP_ADDRESS]:8776/v3/2d9caffac7dd49568f68667e4c73b209/types
2025-11-02 22:38:40.995 74 INFO cinder.api.openstack.wsgi [None req-211ad9fd-efc1-4f45-ba79-6fdee89ee207 7207cf6cf42f479191800add358545d5 2d9caffac7dd49568f68667e4c73b209 - - default default] http://[LB_IP_ADDRESS]:8776/v3/2d9caffac7dd49568f68667e4c73b209/types returned with HTTP 200
2025-11-02 22:38:41.078 76 INFO cinder.api.openstack.wsgi [None req-ee73fb26-ce7d-4181-9ee2-c4995de5696c 28be6a014b56484987e4693f8c4bd0c4 145ab77ec7e2449aa683f77e6f6ebab2 - - default default] POST http://[LB_IP_ADDRESS]:8776/v3/145ab77ec7e2449aa683f77e6f6ebab2/volumes
2025-11-02 22:38:41.089 76 INFO cinder.api.v3.volumes [None req-ee73fb26-ce7d-4181-9ee2-c4995de5696c 28be6a014b56484987e4693f8c4bd0c4 145ab77ec7e2449aa683f77e6f6ebab2 - - default default] Create volume of 1 GB
2025-11-02 22:38:41.090 76 INFO cinder.volume.api [None req-ee73fb26-ce7d-4181-9ee2-c4995de5696c 28be6a014b56484987e4693f8c4bd0c4 145ab77ec7e2449aa683f77e6f6ebab2 - - default default] Availability Zones retrieved successfully.
2025-11-02 22:38:41.239 73 INFO cinder.api.openstack.wsgi [None req-bafbb5a8-71d1-4e90-94ac-f78506d47c85 90cd8db291b34f47a29865f5ec64debc 6f183a919c014c3cadda46499d5ad424 - - default default] POST http://[LB_IP_ADDRESS]:8776/v3/6f183a919c014c3cadda46499d5ad424/volumes
2025-11-02 22:38:41.243 73 INFO cinder.api.v3.volumes [None req-bafbb5a8-71d1-4e90-94ac-f78506d47c85 90cd8db291b34f47a29865f5ec64debc 6f183a919c014c3cadda46499d5ad424 - - default default] Create volume of 1 GB
2025-11-02 22:38:41.253 73 INFO cinder.volume.api [None req-bafbb5a8-71d1-4e90-94ac-f78506d47c85 90cd8db291b34f47a29865f5ec64debc 6f183a919c014c3cadda46499d5ad424 - - default default] Availability Zones retrieved successfully.
2025-11-02 22:38:41.295 76 WARNING cinder.quota [None req-ee73fb26-ce7d-4181-9ee2-c4995de5696c 28be6a014b56484987e4693f8c4bd0c4 145ab77ec7e2449aa683f77e6f6ebab2 - - default default] Deprecated: Default quota for resource: volumes_tempest-UserMessagesTest-volume-type-1026868944 is set by the default quota flag: quota_volumes_tempest-UserMessagesTest-volume-type-1026868944, it is now deprecated. Please use the default quota class for default quota.
2025-11-02 22:38:41.295 76 WARNING cinder.quota [None req-ee73fb26-ce7d-4181-9ee2-c4995de5696c 28be6a014b56484987e4693f8c4bd0c4 145ab77ec7e2449aa683f77e6f6ebab2 - - default default] Deprecated: Default quota for resource: gigabytes_tempest-UserMessagesTest-volume-type-1026868944 is set by the default quota flag: quota_gigabytes_tempest-UserMessagesTest-volume-type-1026868944, it is now deprecated. Please use the default quota class for default quota.
2025-11-02 22:38:41.377 76 INFO cinder.volume.api [None req-ee73fb26-ce7d-4181-9ee2-c4995de5696c 28be6a014b56484987e4693f8c4bd0c4 145ab77ec7e2449aa683f77e6f6ebab2 - - default default] Create volume request issued successfully.
2025-11-02 22:38:41.379 76 INFO cinder.api.openstack.wsgi [None req-ee73fb26-ce7d-4181-9ee2-c4995de5696c 28be6a014b56484987e4693f8c4bd0c4 145ab77ec7e2449aa683f77e6f6ebab2 - - default default] http://[LB_IP_ADDRESS]:8776/v3/145ab77ec7e2449aa683f77e6f6ebab2/volumes returned with HTTP 202
2025-11-02 22:38:41.398 75 INFO cinder.api.openstack.wsgi [None req-389bdc8f-1fe2-46cb-b5d5-3798dc6035ce 28be6a014b56484987e4693f8c4bd0c4 145ab77ec7e2449aa683f77e6f6ebab2 - - default default] GET http://[LB_IP_ADDRESS]:8776/v3/145ab77ec7e2449aa683f77e6f6ebab2/volumes/a6828ce9-6dc4-4009-9dba-77d4cbb81b0b
2025-11-02 22:38:41.426 75 INFO cinder.volume.api [None req-389bdc8f-1fe2-46cb-b5d5-3798dc6035ce 28be6a014b56484987e4693f8c4bd0c4 145ab77ec7e2449aa683f77e6f6ebab2 - - default default] Volume info retrieved successfully.
2025-11-02 22:38:41.433 75 INFO cinder.api.openstack.wsgi [None req-389bdc8f-1fe2-46cb-b5d5-3798dc6035ce 28be6a014b56484987e4693f8c4bd0c4 145ab77ec7e2449aa683f77e6f6ebab2 - - default default] http://[LB_IP_ADDRESS]:8776/v3/145ab77ec7e2449aa683f77e6f6ebab2/volumes/a6828ce9-6dc4-4009-9dba-77d4cbb81b0b returned with HTTP 200
2025-11-02 22:38:41.563 72 INFO cinder.api.openstack.wsgi [None req-2255503a-6d48-4a35-8f16-890e250b5b58 76934f63d2e44d5381e9e3a7f3ba0de0 5c4249ef2d3441d4836939fe5ac43665 - - default default] GET http://[LB_IP_ADDRESS]:8776/v3/5c4249ef2d3441d4836939fe5ac43665/volumes/0cbefb6f-d801-400a-b412-ecb5fb5dcae2
2025-11-02 22:38:41.568 73 INFO cinder.volume.api [None req-bafbb5a8-71d1-4e90-94ac-f78506d47c85 90cd8db291b34f47a29865f5ec64debc 6f183a919c014c3cadda46499d5ad424 - - default default] Create volume request issued successfully.
2025-11-02 22:38:41.569 73 INFO cinder.api.openstack.wsgi [None req-bafbb5a8-71d1-4e90-94ac-f78506d47c85 90cd8db291b34f47a29865f5ec64debc 6f183a919c014c3cadda46499d5ad424 - - default default] http://[LB_IP_ADDRESS]:8776/v3/6f183a919c014c3cadda46499d5ad424/volumes returned with HTTP 202
2025-11-02 22:38:41.585 72 INFO cinder.volume.api [None req-2255503a-6d48-4a35-8f16-890e250b5b58 76934f63d2e44d5381e9e3a7f3ba0de0 5c4249ef2d3441d4836939fe5ac43665 - - default default] Volume info retrieved successfully.
2025-11-02 22:38:41.589 74 INFO cinder.api.openstack.wsgi [None req-be51307b-3357-4b74-bf86-1606c19d8ef0 90cd8db291b34f47a29865f5ec64debc 6f183a919c014c3cadda46499d5ad424 - - default default] GET http://[LB_IP_ADDRESS]:8776/v3/6f183a919c014c3cadda46499d5ad424/volumes/541312d6-d068-4e5b-9b5f-587d6b1363b7
2025-11-02 22:38:41.590 72 INFO cinder.api.openstack.wsgi [None req-2255503a-6d48-4a35-8f16-890e250b5b58 76934f63d2e44d5381e9e3a7f3ba0de0 5c4249ef2d3441d4836939fe5ac43665 - - default default] http://[LB_IP_ADDRESS]:8776/v3/5c4249ef2d3441d4836939fe5ac43665/volumes/0cbefb6f-d801-400a-b412-ecb5fb5dcae2 returned with HTTP 200
2025-11-02 22:38:41.604 74 INFO cinder.volume.api [None req-be51307b-3357-4b74-bf86-1606c19d8ef0 90cd8db291b34f47a29865f5ec64debc 6f183a919c014c3cadda46499d5ad424 - - default default] Volume info retrieved successfully.
2025-11-02 22:38:41.609 74 INFO cinder.api.openstack.wsgi [None req-be51307b-3357-4b74-bf86-1606c19d8ef0 90cd8db291b34f47a29865f5ec64debc 6f183a919c014c3cadda46499d5ad424 - - default default] http://[LB_IP_ADDRESS]:8776/v3/6f183a919c014c3cadda46499d5ad424/volumes/541312d6-d068-4e5b-9b5f-587d6b1363b7 returned with HTTP 200
2025-11-02 22:38:42.456 76 INFO cinder.api.openstack.wsgi [None req-b572e716-fc37-4065-9f70-4667ca3e1e82 28be6a014b56484987e4693f8c4bd0c4 145ab77ec7e2449aa683f77e6f6ebab2 - - default default] GET http://[LB_IP_ADDRESS]:8776/v3/145ab77ec7e2449aa683f77e6f6ebab2/volumes/a6828ce9-6dc4-4009-9dba-77d4cbb81b0b
2025-11-02 22:38:42.473 76 INFO cinder.volume.api [None req-b572e716-fc37-4065-9f70-4667ca3e1e82 28be6a014b56484987e4693f8c4bd0c4 145ab77ec7e2449aa683f77e6f6ebab2 - - default default] Volume info retrieved successfully.
2025-11-02 22:38:42.479 76 INFO cinder.api.openstack.wsgi [None req-b572e716-fc37-4065-9f70-4667ca3e1e82 28be6a014b56484987e4693f8c4bd0c4 145ab77ec7e2449aa683f77e6f6ebab2 - - default default] http://[LB_IP_ADDRESS]:8776/v3/145ab77ec7e2449aa683f77e6f6ebab2/volumes/a6828ce9-6dc4-4009-9dba-77d4cbb81b0b returned with HTTP 200
2025-11-02 22:38:42.501 75 INFO cinder.api.openstack.wsgi [None req-b54c9a9f-7d9c-4722-80e7-fd6124fa33b9 28be6a014b56484987e4693f8c4bd0c4 145ab77ec7e2449aa683f77e6f6ebab2 - - default default] GET http://[LB_IP_ADDRESS]:8776/v3/145ab77ec7e2449aa683f77e6f6ebab2/messages
2025-11-02 22:38:42.513 75 INFO cinder.api.openstack.wsgi [None req-b54c9a9f-7d9c-4722-80e7-fd6124fa33b9 28be6a014b56484987e4693f8c4bd0c4 145ab77ec7e2449aa683f77e6f6ebab2 - - default default] http://[LB_IP_ADDRESS]:8776/v3/145ab77ec7e2449aa683f77e6f6ebab2/messages returned with HTTP 200
2025-11-02 22:38:42.530 73 INFO cinder.api.openstack.wsgi [None req-3b21d54b-4657-41c1-b6bd-dcbd36f53685 28be6a014b56484987e4693f8c4bd0c4 145ab77ec7e2449aa683f77e6f6ebab2 - - default default] DELETE http://[LB_IP_ADDRESS]:8776/v3/145ab77ec7e2449aa683f77e6f6ebab2/messages/374e8d29-5e9d-420f-aa15-d5b351f87611
2025-11-02 22:38:42.541 73 INFO cinder.api.openstack.wsgi [None req-3b21d54b-4657-41c1-b6bd-dcbd36f53685 28be6a014b56484987e4693f8c4bd0c4 145ab77ec7e2449aa683f77e6f6ebab2 - - default default] http://[LB_IP_ADDRESS]:8776/v3/145ab77ec7e2449aa683f77e6f6ebab2/messages/374e8d29-5e9d-420f-aa15-d5b351f87611 returned with HTTP 204
2025-11-02 22:38:42.553 72 INFO cinder.api.openstack.wsgi [None req-2ac635e5-79b9-4583-a328-da13b115e9f8 28be6a014b56484987e4693f8c4bd0c4 145ab77ec7e2449aa683f77e6f6ebab2 - - default default] GET http://[LB_IP_ADDRESS]:8776/v3/145ab77ec7e2449aa683f77e6f6ebab2/messages/374e8d29-5e9d-420f-aa15-d5b351f87611
2025-11-02 22:38:42.558 72 INFO cinder.api.openstack.wsgi [None req-2ac635e5-79b9-4583-a328-da13b115e9f8 28be6a014b56484987e4693f8c4bd0c4 145ab77ec7e2449aa683f77e6f6ebab2 - - default default] http://[LB_IP_ADDRESS]:8776/v3/145ab77ec7e2449aa683f77e6f6ebab2/messages/374e8d29-5e9d-420f-aa15-d5b351f87611 returned with HTTP 404
2025-11-02 22:38:42.571 74 INFO cinder.api.openstack.wsgi [None req-9a0c3cda-804c-4619-988e-f3cac4ef3b79 28be6a014b56484987e4693f8c4bd0c4 145ab77ec7e2449aa683f77e6f6ebab2 - - default default] GET http://[LB_IP_ADDRESS]:8776/v3/145ab77ec7e2449aa683f77e6f6ebab2/volumes/a6828ce9-6dc4-4009-9dba-77d4cbb81b0b
2025-11-02 22:38:42.587 74 INFO cinder.volume.api [None req-9a0c3cda-804c-4619-988e-f3cac4ef3b79 28be6a014b56484987e4693f8c4bd0c4 145ab77ec7e2449aa683f77e6f6ebab2 - - default default] Volume info retrieved successfully.
2025-11-02 22:38:42.591 74 INFO cinder.api.openstack.wsgi [None req-9a0c3cda-804c-4619-988e-f3cac4ef3b79 28be6a014b56484987e4693f8c4bd0c4 145ab77ec7e2449aa683f77e6f6ebab2 - - default default] http://[LB_IP_ADDRESS]:8776/v3/145ab77ec7e2449aa683f77e6f6ebab2/volumes/a6828ce9-6dc4-4009-9dba-77d4cbb81b0b returned with HTTP 200
2025-11-02 22:38:42.611 76 INFO cinder.api.openstack.wsgi [None req-d8fccc19-5261-45a0-a5ba-5bcb821ca10f 76934f63d2e44d5381e9e3a7f3ba0de0 5c4249ef2d3441d4836939fe5ac43665 - - default default] GET http://[LB_IP_ADDRESS]:8776/v3/5c4249ef2d3441d4836939fe5ac43665/volumes/0cbefb6f-d801-400a-b412-ecb5fb5dcae2
2025-11-02 22:38:42.611 75 INFO cinder.api.openstack.wsgi [None req-c34af4a5-3c00-438d-8560-3fe6380bb003 28be6a014b56484987e4693f8c4bd0c4 145ab77ec7e2449aa683f77e6f6ebab2 - - default default] DELETE http://[LB_IP_ADDRESS]:8776/v3/145ab77ec7e2449aa683f77e6f6ebab2/volumes/a6828ce9-6dc4-4009-9dba-77d4cbb81b0b
2025-11-02 22:38:42.613 75 INFO cinder.api.v3.volumes [None req-c34af4a5-3c00-438d-8560-3fe6380bb003 28be6a014b56484987e4693f8c4bd0c4 145ab77ec7e2449aa683f77e6f6ebab2 - - default default] Delete volume with id: a6828ce9-6dc4-4009-9dba-77d4cbb81b0b 
2025-11-02 22:38:42.624 76 INFO cinder.api.openstack.wsgi [None req-d8fccc19-5261-45a0-a5ba-5bcb821ca10f 76934f63d2e44d5381e9e3a7f3ba0de0 5c4249ef2d3441d4836939fe5ac43665 - - default default] http://[LB_IP_ADDRESS]:8776/v3/5c4249ef2d3441d4836939fe5ac43665/volumes/0cbefb6f-d801-400a-b412-ecb5fb5dcae2 returned with HTTP 404
2025-11-02 22:38:42.625 75 INFO cinder.volume.api [None req-c34af4a5-3c00-438d-8560-3fe6380bb003 28be6a014b56484987e4693f8c4bd0c4 145ab77ec7e2449aa683f77e6f6ebab2 - - default default] Volume info retrieved successfully.
2025-11-02 22:38:42.629 73 INFO cinder.api.openstack.wsgi [None req-1e4b44ba-fbc0-472f-bc5f-da1877049cfb 90cd8db291b34f47a29865f5ec64debc 6f183a919c014c3cadda46499d5ad424 - - default default] GET http://[LB_IP_ADDRESS]:8776/v3/6f183a919c014c3cadda46499d5ad424/volumes/541312d6-d068-4e5b-9b5f-587d6b1363b7
2025-11-02 22:38:42.636 72 INFO cinder.api.openstack.wsgi [None req-e767d362-b40b-4564-bb08-c2a0b65f73ce 76934f63d2e44d5381e9e3a7f3ba0de0 5c4249ef2d3441d4836939fe5ac43665 - - default default] GET http://[LB_IP_ADDRESS]:8776/v3/5c4249ef2d3441d4836939fe5ac43665/volumes
2025-11-02 22:38:42.644 73 INFO cinder.volume.api [None req-1e4b44ba-fbc0-472f-bc5f-da1877049cfb 90cd8db291b34f47a29865f5ec64debc 6f183a919c014c3cadda46499d5ad424 - - default default] Volume info retrieved successfully.
2025-11-02 22:38:42.648 73 INFO cinder.api.openstack.wsgi [None req-1e4b44ba-fbc0-472f-bc5f-da1877049cfb 90cd8db291b34f47a29865f5ec64debc 6f183a919c014c3cadda46499d5ad424 - - default default] http://[LB_IP_ADDRESS]:8776/v3/6f183a919c014c3cadda46499d5ad424/volumes/541312d6-d068-4e5b-9b5f-587d6b1363b7 returned with HTTP 200
2025-11-02 22:38:42.649 72 INFO cinder.volume.api [None req-e767d362-b40b-4564-bb08-c2a0b65f73ce 76934f63d2e44d5381e9e3a7f3ba0de0 5c4249ef2d3441d4836939fe5ac43665 - - default default] Get all volumes completed successfully.
2025-11-02 22:38:42.650 72 INFO cinder.api.openstack.wsgi [None req-e767d362-b40b-4564-bb08-c2a0b65f73ce 76934f63d2e44d5381e9e3a7f3ba0de0 5c4249ef2d3441d4836939fe5ac43665 - - default default] http://[LB_IP_ADDRESS]:8776/v3/5c4249ef2d3441d4836939fe5ac43665/volumes returned with HTTP 200
2025-11-02 22:38:42.666 76 INFO cinder.api.openstack.wsgi [None req-0cb4bfdf-f0c9-4cde-80b9-75836bbd824c 90cd8db291b34f47a29865f5ec64debc 6f183a919c014c3cadda46499d5ad424 - - default default] POST http://[LB_IP_ADDRESS]:8776/v3/6f183a919c014c3cadda46499d5ad424/snapshots
2025-11-02 22:38:42.665 74 INFO cinder.api.openstack.wsgi [None req-c124ea19-f11a-4985-9e79-f990e415acdd 76934f63d2e44d5381e9e3a7f3ba0de0 5c4249ef2d3441d4836939fe5ac43665 - - default default] GET http://[LB_IP_ADDRESS]:8776/v3/5c4249ef2d3441d4836939fe5ac43665/snapshots
2025-11-02 22:38:42.675 74 INFO cinder.volume.api [None req-c124ea19-f11a-4985-9e79-f990e415acdd 76934f63d2e44d5381e9e3a7f3ba0de0 5c4249ef2d3441d4836939fe5ac43665 - - default default] Get all snapshots completed successfully.
2025-11-02 22:38:42.676 74 INFO cinder.api.openstack.wsgi [None req-c124ea19-f11a-4985-9e79-f990e415acdd 76934f63d2e44d5381e9e3a7f3ba0de0 5c4249ef2d3441d4836939fe5ac43665 - - default default] http://[LB_IP_ADDRESS]:8776/v3/5c4249ef2d3441d4836939fe5ac43665/snapshots returned with HTTP 200
2025-11-02 22:38:42.678 76 INFO cinder.volume.api [None req-0cb4bfdf-f0c9-4cde-80b9-75836bbd824c 90cd8db291b34f47a29865f5ec64debc 6f183a919c014c3cadda46499d5ad424 - - default default] Volume info retrieved successfully.
2025-11-02 22:38:42.679 76 INFO cinder.api.v3.snapshots [None req-0cb4bfdf-f0c9-4cde-80b9-75836bbd824c 90cd8db291b34f47a29865f5ec64debc 6f183a919c014c3cadda46499d5ad424 - - default default] Create snapshot from volume 541312d6-d068-4e5b-9b5f-587d6b1363b7
2025-11-02 22:38:42.688 75 WARNING cinder.quota [None req-c34af4a5-3c00-438d-8560-3fe6380bb003 28be6a014b56484987e4693f8c4bd0c4 145ab77ec7e2449aa683f77e6f6ebab2 - - default default] Deprecated: Default quota for resource: volumes_tempest-UserMessagesTest-volume-type-1026868944 is set by the default quota flag: quota_volumes_tempest-UserMessagesTest-volume-type-1026868944, it is now deprecated. Please use the default quota class for default quota.
2025-11-02 22:38:42.689 75 WARNING cinder.quota [None req-c34af4a5-3c00-438d-8560-3fe6380bb003 28be6a014b56484987e4693f8c4bd0c4 145ab77ec7e2449aa683f77e6f6ebab2 - - default default] Deprecated: Default quota for resource: gigabytes_tempest-UserMessagesTest-volume-type-1026868944 is set by the default quota flag: quota_gigabytes_tempest-UserMessagesTest-volume-type-1026868944, it is now deprecated. Please use the default quota class for default quota.
2025-11-02 22:38:42.693 73 INFO cinder.api.openstack.wsgi [None req-068a4a4f-e9bf-48aa-a055-e5c9e90cb406 76934f63d2e44d5381e9e3a7f3ba0de0 5c4249ef2d3441d4836939fe5ac43665 - - default default] DELETE http://[LB_IP_ADDRESS]:8776/v3/5c4249ef2d3441d4836939fe5ac43665/snapshots/d8f01bfa-f72b-4589-9fd5-d1f23d6bdc5e
2025-11-02 22:38:42.694 73 INFO cinder.api.v2.snapshots [None req-068a4a4f-e9bf-48aa-a055-e5c9e90cb406 76934f63d2e44d5381e9e3a7f3ba0de0 5c4249ef2d3441d4836939fe5ac43665 - - default default] Delete snapshot with id: d8f01bfa-f72b-4589-9fd5-d1f23d6bdc5e
2025-11-02 22:38:42.700 73 INFO cinder.api.openstack.wsgi [None req-068a4a4f-e9bf-48aa-a055-e5c9e90cb406 76934f63d2e44d5381e9e3a7f3ba0de0 5c4249ef2d3441d4836939fe5ac43665 - - default default] http://[LB_IP_ADDRESS]:8776/v3/5c4249ef2d3441d4836939fe5ac43665/snapshots/d8f01bfa-f72b-4589-9fd5-d1f23d6bdc5e returned with HTTP 404
2025-11-02 22:38:42.713 72 INFO cinder.api.openstack.wsgi [None req-9eeb92c3-dc9b-4204-a85f-60e9cee58544 76934f63d2e44d5381e9e3a7f3ba0de0 5c4249ef2d3441d4836939fe5ac43665 - - default default] DELETE http://[LB_IP_ADDRESS]:8776/v3/5c4249ef2d3441d4836939fe5ac43665/snapshots/5e88eb0c-6405-4b61-8326-87b2ff1bce23
2025-11-02 22:38:42.714 72 INFO cinder.api.v2.snapshots [None req-9eeb92c3-dc9b-4204-a85f-60e9cee58544 76934f63d2e44d5381e9e3a7f3ba0de0 5c4249ef2d3441d4836939fe5ac43665 - - default default] Delete snapshot with id: 5e88eb0c-6405-4b61-8326-87b2ff1bce23
2025-11-02 22:38:42.721 72 INFO cinder.api.openstack.wsgi [None req-9eeb92c3-dc9b-4204-a85f-60e9cee58544 76934f63d2e44d5381e9e3a7f3ba0de0 5c4249ef2d3441d4836939fe5ac43665 - - default default] http://[LB_IP_ADDRESS]:8776/v3/5c4249ef2d3441d4836939fe5ac43665/snapshots/5e88eb0c-6405-4b61-8326-87b2ff1bce23 returned with HTTP 404
2025-11-02 22:38:42.731 75 INFO cinder.volume.api [None req-c34af4a5-3c00-438d-8560-3fe6380bb003 28be6a014b56484987e4693f8c4bd0c4 145ab77ec7e2449aa683f77e6f6ebab2 - - default default] Delete volume request issued successfully.
2025-11-02 22:38:42.732 75 INFO cinder.api.openstack.wsgi [None req-c34af4a5-3c00-438d-8560-3fe6380bb003 28be6a014b56484987e4693f8c4bd0c4 145ab77ec7e2449aa683f77e6f6ebab2 - - default default] http://[LB_IP_ADDRESS]:8776/v3/145ab77ec7e2449aa683f77e6f6ebab2/volumes/a6828ce9-6dc4-4009-9dba-77d4cbb81b0b returned with HTTP 202
2025-11-02 22:38:42.733 74 INFO cinder.api.openstack.wsgi [None req-89b7618e-a565-42ce-9145-1284e810e394 76934f63d2e44d5381e9e3a7f3ba0de0 5c4249ef2d3441d4836939fe5ac43665 - - default default] GET http://[LB_IP_ADDRESS]:8776/v3/5c4249ef2d3441d4836939fe5ac43665/volumes/0cbefb6f-d801-400a-b412-ecb5fb5dcae2
2025-11-02 22:38:42.743 74 INFO cinder.api.openstack.wsgi [None req-89b7618e-a565-42ce-9145-1284e810e394 76934f63d2e44d5381e9e3a7f3ba0de0 5c4249ef2d3441d4836939fe5ac43665 - - default default] http://[LB_IP_ADDRESS]:8776/v3/5c4249ef2d3441d4836939fe5ac43665/volumes/0cbefb6f-d801-400a-b412-ecb5fb5dcae2 returned with HTTP 404
2025-11-02 22:38:42.744 73 INFO cinder.api.openstack.wsgi [None req-ce3cb3c5-8cae-4307-afa0-490415847fba 28be6a014b56484987e4693f8c4bd0c4 145ab77ec7e2449aa683f77e6f6ebab2 - - default default] GET http://[LB_IP_ADDRESS]:8776/v3/145ab77ec7e2449aa683f77e6f6ebab2/volumes/a6828ce9-6dc4-4009-9dba-77d4cbb81b0b
2025-11-02 22:38:42.753 72 INFO cinder.api.openstack.wsgi [None req-8050f22c-1346-4c62-b9e8-4db25db91351 76934f63d2e44d5381e9e3a7f3ba0de0 5c4249ef2d3441d4836939fe5ac43665 - - default default] DELETE http://[LB_IP_ADDRESS]:8776/v3/5c4249ef2d3441d4836939fe5ac43665/volumes/0cbefb6f-d801-400a-b412-ecb5fb5dcae2
2025-11-02 22:38:42.753 72 INFO cinder.api.v3.volumes [None req-8050f22c-1346-4c62-b9e8-4db25db91351 76934f63d2e44d5381e9e3a7f3ba0de0 5c4249ef2d3441d4836939fe5ac43665 - - default default] Delete volume with id: 0cbefb6f-d801-400a-b412-ecb5fb5dcae2 
2025-11-02 22:38:42.755 73 INFO cinder.api.openstack.wsgi [None req-ce3cb3c5-8cae-4307-afa0-490415847fba 28be6a014b56484987e4693f8c4bd0c4 145ab77ec7e2449aa683f77e6f6ebab2 - - default default] http://[LB_IP_ADDRESS]:8776/v3/145ab77ec7e2449aa683f77e6f6ebab2/volumes/a6828ce9-6dc4-4009-9dba-77d4cbb81b0b returned with HTTP 404
2025-11-02 22:38:42.762 72 INFO cinder.api.openstack.wsgi [None req-8050f22c-1346-4c62-b9e8-4db25db91351 76934f63d2e44d5381e9e3a7f3ba0de0 5c4249ef2d3441d4836939fe5ac43665 - - default default] http://[LB_IP_ADDRESS]:8776/v3/5c4249ef2d3441d4836939fe5ac43665/volumes/0cbefb6f-d801-400a-b412-ecb5fb5dcae2 returned with HTTP 404
2025-11-02 22:38:42.767 75 INFO cinder.api.openstack.wsgi [None req-2b53a13a-8ce4-4afd-be40-eb36cba05a4e 7207cf6cf42f479191800add358545d5 2d9caffac7dd49568f68667e4c73b209 - - default default] DELETE http://[LB_IP_ADDRESS]:8776/v3/2d9caffac7dd49568f68667e4c73b209/types/5c70e04d-80f6-4296-a2bb-b6b22dbc9b55
2025-11-02 22:38:42.772 74 INFO cinder.api.openstack.wsgi [None req-54af0ac7-56fd-4c1d-9376-fef0a8481b42 76934f63d2e44d5381e9e3a7f3ba0de0 5c4249ef2d3441d4836939fe5ac43665 - - default default] POST http://[LB_IP_ADDRESS]:8776/v3/5c4249ef2d3441d4836939fe5ac43665/volumes
2025-11-02 22:38:42.775 74 INFO cinder.api.v3.volumes [None req-54af0ac7-56fd-4c1d-9376-fef0a8481b42 76934f63d2e44d5381e9e3a7f3ba0de0 5c4249ef2d3441d4836939fe5ac43665 - - default default] Create volume of 1 GB
2025-11-02 22:38:42.782 74 INFO cinder.volume.api [None req-54af0ac7-56fd-4c1d-9376-fef0a8481b42 76934f63d2e44d5381e9e3a7f3ba0de0 5c4249ef2d3441d4836939fe5ac43665 - - default default] Availability Zones retrieved successfully.
2025-11-02 22:38:42.807 75 INFO cinder.api.openstack.wsgi [None req-2b53a13a-8ce4-4afd-be40-eb36cba05a4e 7207cf6cf42f479191800add358545d5 2d9caffac7dd49568f68667e4c73b209 - - default default] http://[LB_IP_ADDRESS]:8776/v3/2d9caffac7dd49568f68667e4c73b209/types/5c70e04d-80f6-4296-a2bb-b6b22dbc9b55 returned with HTTP 202
2025-11-02 22:38:42.819 73 INFO cinder.api.openstack.wsgi [None req-da6576d7-fdb4-47db-b892-8f95cc8ff138 7207cf6cf42f479191800add358545d5 2d9caffac7dd49568f68667e4c73b209 - - default default] GET http://[LB_IP_ADDRESS]:8776/v3/2d9caffac7dd49568f68667e4c73b209/types/5c70e04d-80f6-4296-a2bb-b6b22dbc9b55
2025-11-02 22:38:42.826 73 INFO cinder.api.openstack.wsgi [None req-da6576d7-fdb4-47db-b892-8f95cc8ff138 7207cf6cf42f479191800add358545d5 2d9caffac7dd49568f68667e4c73b209 - - default default] http://[LB_IP_ADDRESS]:8776/v3/2d9caffac7dd49568f68667e4c73b209/types/5c70e04d-80f6-4296-a2bb-b6b22dbc9b55 returned with HTTP 404
2025-11-02 22:38:42.840 72 INFO cinder.api.openstack.wsgi [None req-dc7d0999-1939-4738-858f-2bc2b19a29c8 7207cf6cf42f479191800add358545d5 2d9caffac7dd49568f68667e4c73b209 - - default default] POST http://[LB_IP_ADDRESS]:8776/v3/2d9caffac7dd49568f68667e4c73b209/types
2025-11-02 22:38:42.868 72 INFO cinder.api.openstack.wsgi [None req-dc7d0999-1939-4738-858f-2bc2b19a29c8 7207cf6cf42f479191800add358545d5 2d9caffac7dd49568f68667e4c73b209 - - default default] http://[LB_IP_ADDRESS]:8776/v3/2d9caffac7dd49568f68667e4c73b209/types returned with HTTP 200
2025-11-02 22:38:42.882 75 INFO cinder.api.openstack.wsgi [None req-41cac367-dbdc-4cb4-ab42-1f036fcdd3e2 28be6a014b56484987e4693f8c4bd0c4 145ab77ec7e2449aa683f77e6f6ebab2 - - default default] POST http://[LB_IP_ADDRESS]:8776/v3/145ab77ec7e2449aa683f77e6f6ebab2/volumes
2025-11-02 22:38:42.891 75 INFO cinder.api.v3.volumes [None req-41cac367-dbdc-4cb4-ab42-1f036fcdd3e2 28be6a014b56484987e4693f8c4bd0c4 145ab77ec7e2449aa683f77e6f6ebab2 - - default default] Create volume of 1 GB
2025-11-02 22:38:42.893 75 INFO cinder.volume.api [None req-41cac367-dbdc-4cb4-ab42-1f036fcdd3e2 28be6a014b56484987e4693f8c4bd0c4 145ab77ec7e2449aa683f77e6f6ebab2 - - default default] Availability Zones retrieved successfully.
2025-11-02 22:38:43.026 74 INFO cinder.volume.api [None req-54af0ac7-56fd-4c1d-9376-fef0a8481b42 76934f63d2e44d5381e9e3a7f3ba0de0 5c4249ef2d3441d4836939fe5ac43665 - - default default] Create volume request issued successfully.
2025-11-02 22:38:43.027 74 INFO cinder.api.openstack.wsgi [None req-54af0ac7-56fd-4c1d-9376-fef0a8481b42 76934f63d2e44d5381e9e3a7f3ba0de0 5c4249ef2d3441d4836939fe5ac43665 - - default default] http://[LB_IP_ADDRESS]:8776/v3/5c4249ef2d3441d4836939fe5ac43665/volumes returned with HTTP 202
2025-11-02 22:38:43.043 73 INFO cinder.api.openstack.wsgi [None req-a722c149-0697-4e7f-9f6a-0fb1f223aa48 76934f63d2e44d5381e9e3a7f3ba0de0 5c4249ef2d3441d4836939fe5ac43665 - - default default] GET http://[LB_IP_ADDRESS]:8776/v3/5c4249ef2d3441d4836939fe5ac43665/volumes/8539114a-e90d-4625-97ff-1bc5c24bdbe3
2025-11-02 22:38:43.057 73 INFO cinder.volume.api [None req-a722c149-0697-4e7f-9f6a-0fb1f223aa48 76934f63d2e44d5381e9e3a7f3ba0de0 5c4249ef2d3441d4836939fe5ac43665 - - default default] Volume info retrieved successfully.
2025-11-02 22:38:43.062 73 INFO cinder.api.openstack.wsgi [None req-a722c149-0697-4e7f-9f6a-0fb1f223aa48 76934f63d2e44d5381e9e3a7f3ba0de0 5c4249ef2d3441d4836939fe5ac43665 - - default default] http://[LB_IP_ADDRESS]:8776/v3/5c4249ef2d3441d4836939fe5ac43665/volumes/8539114a-e90d-4625-97ff-1bc5c24bdbe3 returned with HTTP 200
2025-11-02 22:38:43.075 75 WARNING cinder.quota [None req-41cac367-dbdc-4cb4-ab42-1f036fcdd3e2 28be6a014b56484987e4693f8c4bd0c4 145ab77ec7e2449aa683f77e6f6ebab2 - - default default] Deprecated: Default quota for resource: volumes_tempest-UserMessagesTest-volume-type-2138501407 is set by the default quota flag: quota_volumes_tempest-UserMessagesTest-volume-type-2138501407, it is now deprecated. Please use the default quota class for default quota.
2025-11-02 22:38:43.075 75 WARNING cinder.quota [None req-41cac367-dbdc-4cb4-ab42-1f036fcdd3e2 28be6a014b56484987e4693f8c4bd0c4 145ab77ec7e2449aa683f77e6f6ebab2 - - default default] Deprecated: Default quota for resource: gigabytes_tempest-UserMessagesTest-volume-type-2138501407 is set by the default quota flag: quota_gigabytes_tempest-UserMessagesTest-volume-type-2138501407, it is now deprecated. Please use the default quota class for default quota.
2025-11-02 22:38:43.076 76 INFO cinder.volume.api [None req-0cb4bfdf-f0c9-4cde-80b9-75836bbd824c 90cd8db291b34f47a29865f5ec64debc 6f183a919c014c3cadda46499d5ad424 - - default default] Snapshot create request issued successfully.
2025-11-02 22:38:43.076 76 INFO cinder.api.openstack.wsgi [None req-0cb4bfdf-f0c9-4cde-80b9-75836bbd824c 90cd8db291b34f47a29865f5ec64debc 6f183a919c014c3cadda46499d5ad424 - - default default] http://[LB_IP_ADDRESS]:8776/v3/6f183a919c014c3cadda46499d5ad424/snapshots returned with HTTP 202
2025-11-02 22:38:43.092 72 INFO cinder.api.openstack.wsgi [None req-bdecf710-fb35-404b-a6a2-7d621b383854 90cd8db291b34f47a29865f5ec64debc 6f183a919c014c3cadda46499d5ad424 - - default default] GET http://[LB_IP_ADDRESS]:8776/v3/6f183a919c014c3cadda46499d5ad424/snapshots/5162b5c0-a408-45ee-ac77-df1e31f108f1
