2025-10-30 12:48:26.656 75 INFO cinder.api.openstack.wsgi [None req-51903490-5aaa-4fc3-a8e1-564e35dd5d28 cb93e15e3a844647b4ec21947bc60c1c 26f63b81c7cb41f79228558b0e63114e - - default default] GET http://[LB_IP_ADDRESS]:8776/v3/26f63b81c7cb41f79228558b0e63114e/group_types/366c7afb-b347-4203-99e3-39483b082d46/group_specs/key3
2025-10-30 12:48:26.665 75 INFO cinder.api.openstack.wsgi [None req-51903490-5aaa-4fc3-a8e1-564e35dd5d28 cb93e15e3a844647b4ec21947bc60c1c 26f63b81c7cb41f79228558b0e63114e - - default default] HTTP exception thrown: Group Type 366c7afb-b347-4203-99e3-39483b082d46 has no extra spec with key key3.
2025-10-30 12:48:26.666 75 INFO cinder.api.openstack.wsgi [None req-51903490-5aaa-4fc3-a8e1-564e35dd5d28 cb93e15e3a844647b4ec21947bc60c1c 26f63b81c7cb41f79228558b0e63114e - - default default] http://[LB_IP_ADDRESS]:8776/v3/26f63b81c7cb41f79228558b0e63114e/group_types/366c7afb-b347-4203-99e3-39483b082d46/group_specs/key3 returned with HTTP 404
2025-10-30 12:48:26.675 72 INFO cinder.api.openstack.wsgi [None req-f1a29bda-d04a-4a48-9352-533c23e85eef 74e22e9b10ba4439838e4c84b30f0b30 9f687fd8be774388a522e8a61ebc88a6 - - default default] http://[LB_IP_ADDRESS]:8776/v3/9f687fd8be774388a522e8a61ebc88a6/volumes/detail returned with HTTP 200
2025-10-30 12:48:26.677 76 INFO cinder.api.openstack.wsgi [None req-11d0981d-5c37-4f61-ac3c-4fa3cd31565c cb93e15e3a844647b4ec21947bc60c1c 26f63b81c7cb41f79228558b0e63114e - - default default] DELETE http://[LB_IP_ADDRESS]:8776/v3/26f63b81c7cb41f79228558b0e63114e/group_types/366c7afb-b347-4203-99e3-39483b082d46
2025-10-30 12:48:26.692 76 INFO cinder.api.openstack.wsgi [None req-11d0981d-5c37-4f61-ac3c-4fa3cd31565c cb93e15e3a844647b4ec21947bc60c1c 26f63b81c7cb41f79228558b0e63114e - - default default] http://[LB_IP_ADDRESS]:8776/v3/26f63b81c7cb41f79228558b0e63114e/group_types/366c7afb-b347-4203-99e3-39483b082d46 returned with HTTP 202
2025-10-30 12:48:26.698 73 INFO cinder.api.openstack.wsgi [None req-fa7286e6-bed6-46c5-a14b-f4d033da4414 74e22e9b10ba4439838e4c84b30f0b30 9f687fd8be774388a522e8a61ebc88a6 - - default default] POST http://[LB_IP_ADDRESS]:8776/v3/9f687fd8be774388a522e8a61ebc88a6/groups/1c6f5388-7b41-4235-8ee1-0d15dae4f2a8/action
2025-10-30 12:48:26.702 73 INFO cinder.api.v3.groups [None req-fa7286e6-bed6-46c5-a14b-f4d033da4414 74e22e9b10ba4439838e4c84b30f0b30 9f687fd8be774388a522e8a61ebc88a6 - - default default] Delete group with id: 1c6f5388-7b41-4235-8ee1-0d15dae4f2a8
2025-10-30 12:48:26.753 73 INFO cinder.api.openstack.wsgi [None req-fa7286e6-bed6-46c5-a14b-f4d033da4414 74e22e9b10ba4439838e4c84b30f0b30 9f687fd8be774388a522e8a61ebc88a6 - - default default] http://[LB_IP_ADDRESS]:8776/v3/9f687fd8be774388a522e8a61ebc88a6/groups/1c6f5388-7b41-4235-8ee1-0d15dae4f2a8/action returned with HTTP 202
2025-10-30 12:48:26.765 74 INFO cinder.api.openstack.wsgi [None req-e3ea297d-10b0-4a9f-b770-2ad345e45ae0 74e22e9b10ba4439838e4c84b30f0b30 9f687fd8be774388a522e8a61ebc88a6 - - default default] GET http://[LB_IP_ADDRESS]:8776/v3/9f687fd8be774388a522e8a61ebc88a6/volumes/9ec79e42-13d3-4d65-9577-ca3a058c8516
2025-10-30 12:48:26.781 74 INFO cinder.volume.api [None req-e3ea297d-10b0-4a9f-b770-2ad345e45ae0 74e22e9b10ba4439838e4c84b30f0b30 9f687fd8be774388a522e8a61ebc88a6 - - default default] Volume info retrieved successfully.
2025-10-30 12:48:26.807 74 INFO cinder.api.openstack.wsgi [None req-e3ea297d-10b0-4a9f-b770-2ad345e45ae0 74e22e9b10ba4439838e4c84b30f0b30 9f687fd8be774388a522e8a61ebc88a6 - - default default] http://[LB_IP_ADDRESS]:8776/v3/9f687fd8be774388a522e8a61ebc88a6/volumes/9ec79e42-13d3-4d65-9577-ca3a058c8516 returned with HTTP 200
2025-10-30 12:48:27.643 75 INFO cinder.api.openstack.wsgi [None req-3ad60ed6-009f-4377-9e88-af62cd9aa2af 5bde4b59c6e04c8da0e457b38d4fdbc2 8bcac91aeb7940b8894e5766f1aac9fe - - default default] GET http://[LB_IP_ADDRESS]:8776/v3/8bcac91aeb7940b8894e5766f1aac9fe/snapshots/fd4f1307-a33f-46f0-822c-98d34f13c16c
2025-10-30 12:48:27.654 75 INFO cinder.volume.api [None req-3ad60ed6-009f-4377-9e88-af62cd9aa2af 5bde4b59c6e04c8da0e457b38d4fdbc2 8bcac91aeb7940b8894e5766f1aac9fe - - default default] Snapshot retrieved successfully.
2025-10-30 12:48:27.655 75 INFO cinder.api.openstack.wsgi [None req-3ad60ed6-009f-4377-9e88-af62cd9aa2af 5bde4b59c6e04c8da0e457b38d4fdbc2 8bcac91aeb7940b8894e5766f1aac9fe - - default default] http://[LB_IP_ADDRESS]:8776/v3/8bcac91aeb7940b8894e5766f1aac9fe/snapshots/fd4f1307-a33f-46f0-822c-98d34f13c16c returned with HTTP 200
2025-10-30 12:48:27.671 72 INFO cinder.api.openstack.wsgi [None req-79f9b0a3-e2c3-4e13-925d-2398f94ddf6d 0b08000c56684f6681c1ed7a01a269b6 6281a5f094ef471faf30ab7dd9583dc5 - - default default] POST http://[LB_IP_ADDRESS]:8776/v3/6281a5f094ef471faf30ab7dd9583dc5/snapshots/fd4f1307-a33f-46f0-822c-98d34f13c16c/action
2025-10-30 12:48:27.697 72 INFO cinder.api.openstack.wsgi [None req-79f9b0a3-e2c3-4e13-925d-2398f94ddf6d 0b08000c56684f6681c1ed7a01a269b6 6281a5f094ef471faf30ab7dd9583dc5 - - default default] http://[LB_IP_ADDRESS]:8776/v3/6281a5f094ef471faf30ab7dd9583dc5/snapshots/fd4f1307-a33f-46f0-822c-98d34f13c16c/action returned with HTTP 202
2025-10-30 12:48:27.709 76 INFO cinder.api.openstack.wsgi [None req-c1a056c9-5555-43fa-8fa3-e9f1fddd5668 5bde4b59c6e04c8da0e457b38d4fdbc2 8bcac91aeb7940b8894e5766f1aac9fe - - default default] GET http://[LB_IP_ADDRESS]:8776/v3/8bcac91aeb7940b8894e5766f1aac9fe/snapshots/fd4f1307-a33f-46f0-822c-98d34f13c16c
2025-10-30 12:48:27.718 76 INFO cinder.volume.api [None req-c1a056c9-5555-43fa-8fa3-e9f1fddd5668 5bde4b59c6e04c8da0e457b38d4fdbc2 8bcac91aeb7940b8894e5766f1aac9fe - - default default] Snapshot retrieved successfully.
2025-10-30 12:48:27.720 76 INFO cinder.api.openstack.wsgi [None req-c1a056c9-5555-43fa-8fa3-e9f1fddd5668 5bde4b59c6e04c8da0e457b38d4fdbc2 8bcac91aeb7940b8894e5766f1aac9fe - - default default] http://[LB_IP_ADDRESS]:8776/v3/8bcac91aeb7940b8894e5766f1aac9fe/snapshots/fd4f1307-a33f-46f0-822c-98d34f13c16c returned with HTTP 200
2025-10-30 12:48:27.736 73 INFO cinder.api.openstack.wsgi [None req-56d5356b-bec1-47c2-a715-bae1b48d5a68 0b08000c56684f6681c1ed7a01a269b6 6281a5f094ef471faf30ab7dd9583dc5 - - default default] POST http://[LB_IP_ADDRESS]:8776/v3/6281a5f094ef471faf30ab7dd9583dc5/snapshots/fd4f1307-a33f-46f0-822c-98d34f13c16c/action
2025-10-30 12:48:27.748 73 INFO cinder.volume.api [None req-56d5356b-bec1-47c2-a715-bae1b48d5a68 0b08000c56684f6681c1ed7a01a269b6 6281a5f094ef471faf30ab7dd9583dc5 - - default default] Snapshot retrieved successfully.
2025-10-30 12:48:27.776 73 INFO cinder.volume.api [None req-56d5356b-bec1-47c2-a715-bae1b48d5a68 0b08000c56684f6681c1ed7a01a269b6 6281a5f094ef471faf30ab7dd9583dc5 - - default default] Snapshot delete request issued successfully.
2025-10-30 12:48:27.777 73 INFO cinder.api.openstack.wsgi [None req-56d5356b-bec1-47c2-a715-bae1b48d5a68 0b08000c56684f6681c1ed7a01a269b6 6281a5f094ef471faf30ab7dd9583dc5 - - default default] http://[LB_IP_ADDRESS]:8776/v3/6281a5f094ef471faf30ab7dd9583dc5/snapshots/fd4f1307-a33f-46f0-822c-98d34f13c16c/action returned with HTTP 202
2025-10-30 12:48:27.791 74 INFO cinder.api.openstack.wsgi [None req-92761040-a4f1-49f4-9fd9-1b636228db40 5bde4b59c6e04c8da0e457b38d4fdbc2 8bcac91aeb7940b8894e5766f1aac9fe - - default default] GET http://[LB_IP_ADDRESS]:8776/v3/8bcac91aeb7940b8894e5766f1aac9fe/snapshots/fd4f1307-a33f-46f0-822c-98d34f13c16c
2025-10-30 12:48:27.802 74 INFO cinder.volume.api [None req-92761040-a4f1-49f4-9fd9-1b636228db40 5bde4b59c6e04c8da0e457b38d4fdbc2 8bcac91aeb7940b8894e5766f1aac9fe - - default default] Snapshot retrieved successfully.
2025-10-30 12:48:27.803 74 INFO cinder.api.openstack.wsgi [None req-92761040-a4f1-49f4-9fd9-1b636228db40 5bde4b59c6e04c8da0e457b38d4fdbc2 8bcac91aeb7940b8894e5766f1aac9fe - - default default] http://[LB_IP_ADDRESS]:8776/v3/8bcac91aeb7940b8894e5766f1aac9fe/snapshots/fd4f1307-a33f-46f0-822c-98d34f13c16c returned with HTTP 200
2025-10-30 12:48:27.830 75 INFO cinder.api.openstack.wsgi [None req-39d2a071-051a-4cf5-aed7-fc475e921e32 74e22e9b10ba4439838e4c84b30f0b30 9f687fd8be774388a522e8a61ebc88a6 - - default default] GET http://[LB_IP_ADDRESS]:8776/v3/9f687fd8be774388a522e8a61ebc88a6/volumes/9ec79e42-13d3-4d65-9577-ca3a058c8516
2025-10-30 12:48:27.846 75 INFO cinder.volume.api [None req-39d2a071-051a-4cf5-aed7-fc475e921e32 74e22e9b10ba4439838e4c84b30f0b30 9f687fd8be774388a522e8a61ebc88a6 - - default default] Volume info retrieved successfully.
2025-10-30 12:48:27.863 75 INFO cinder.api.openstack.wsgi [None req-39d2a071-051a-4cf5-aed7-fc475e921e32 74e22e9b10ba4439838e4c84b30f0b30 9f687fd8be774388a522e8a61ebc88a6 - - default default] http://[LB_IP_ADDRESS]:8776/v3/9f687fd8be774388a522e8a61ebc88a6/volumes/9ec79e42-13d3-4d65-9577-ca3a058c8516 returned with HTTP 200
2025-10-30 12:48:28.819 72 INFO cinder.api.openstack.wsgi [None req-86df66b9-c70b-4cfa-9adf-e5c9d2d99cbb 5bde4b59c6e04c8da0e457b38d4fdbc2 8bcac91aeb7940b8894e5766f1aac9fe - - default default] GET http://[LB_IP_ADDRESS]:8776/v3/8bcac91aeb7940b8894e5766f1aac9fe/snapshots/fd4f1307-a33f-46f0-822c-98d34f13c16c
2025-10-30 12:48:28.829 72 INFO cinder.api.openstack.wsgi [None req-86df66b9-c70b-4cfa-9adf-e5c9d2d99cbb 5bde4b59c6e04c8da0e457b38d4fdbc2 8bcac91aeb7940b8894e5766f1aac9fe - - default default] http://[LB_IP_ADDRESS]:8776/v3/8bcac91aeb7940b8894e5766f1aac9fe/snapshots/fd4f1307-a33f-46f0-822c-98d34f13c16c returned with HTTP 404
2025-10-30 12:48:28.843 76 INFO cinder.api.openstack.wsgi [None req-56e72616-7866-458e-a9f3-2e0b4528a49c 0b08000c56684f6681c1ed7a01a269b6 6281a5f094ef471faf30ab7dd9583dc5 - - default default] POST http://[LB_IP_ADDRESS]:8776/v3/6281a5f094ef471faf30ab7dd9583dc5/snapshots/027a8f86-e286-4f52-b945-f89777c50cf9/action
2025-10-30 12:48:28.871 76 INFO cinder.api.openstack.wsgi [None req-56e72616-7866-458e-a9f3-2e0b4528a49c 0b08000c56684f6681c1ed7a01a269b6 6281a5f094ef471faf30ab7dd9583dc5 - - default default] http://[LB_IP_ADDRESS]:8776/v3/6281a5f094ef471faf30ab7dd9583dc5/snapshots/027a8f86-e286-4f52-b945-f89777c50cf9/action returned with HTTP 202
2025-10-30 12:48:28.878 73 INFO cinder.api.openstack.wsgi [None req-8516fb06-2356-4406-8875-37349510c0c8 5bde4b59c6e04c8da0e457b38d4fdbc2 8bcac91aeb7940b8894e5766f1aac9fe - - default default] GET http://[LB_IP_ADDRESS]:8776/v3/8bcac91aeb7940b8894e5766f1aac9fe/snapshots/027a8f86-e286-4f52-b945-f89777c50cf9
2025-10-30 12:48:28.885 73 INFO cinder.volume.api [None req-8516fb06-2356-4406-8875-37349510c0c8 5bde4b59c6e04c8da0e457b38d4fdbc2 8bcac91aeb7940b8894e5766f1aac9fe - - default default] Snapshot retrieved successfully.
2025-10-30 12:48:28.885 74 INFO cinder.api.openstack.wsgi [None req-ef6f94ef-334b-4580-ba9e-39967fd578f9 74e22e9b10ba4439838e4c84b30f0b30 9f687fd8be774388a522e8a61ebc88a6 - - default default] GET http://[LB_IP_ADDRESS]:8776/v3/9f687fd8be774388a522e8a61ebc88a6/volumes/9ec79e42-13d3-4d65-9577-ca3a058c8516
2025-10-30 12:48:28.886 73 INFO cinder.api.openstack.wsgi [None req-8516fb06-2356-4406-8875-37349510c0c8 5bde4b59c6e04c8da0e457b38d4fdbc2 8bcac91aeb7940b8894e5766f1aac9fe - - default default] http://[LB_IP_ADDRESS]:8776/v3/8bcac91aeb7940b8894e5766f1aac9fe/snapshots/027a8f86-e286-4f52-b945-f89777c50cf9 returned with HTTP 200
2025-10-30 12:48:28.896 74 INFO cinder.api.openstack.wsgi [None req-ef6f94ef-334b-4580-ba9e-39967fd578f9 74e22e9b10ba4439838e4c84b30f0b30 9f687fd8be774388a522e8a61ebc88a6 - - default default] http://[LB_IP_ADDRESS]:8776/v3/9f687fd8be774388a522e8a61ebc88a6/volumes/9ec79e42-13d3-4d65-9577-ca3a058c8516 returned with HTTP 404
2025-10-30 12:48:28.901 75 INFO cinder.api.openstack.wsgi [None req-63428a2d-aa3a-4d54-ba3f-e35b4d27cdd5 5bde4b59c6e04c8da0e457b38d4fdbc2 8bcac91aeb7940b8894e5766f1aac9fe - - default default] DELETE http://[LB_IP_ADDRESS]:8776/v3/8bcac91aeb7940b8894e5766f1aac9fe/snapshots/fd4f1307-a33f-46f0-822c-98d34f13c16c
2025-10-30 12:48:28.902 75 INFO cinder.api.v2.snapshots [None req-63428a2d-aa3a-4d54-ba3f-e35b4d27cdd5 5bde4b59c6e04c8da0e457b38d4fdbc2 8bcac91aeb7940b8894e5766f1aac9fe - - default default] Delete snapshot with id: fd4f1307-a33f-46f0-822c-98d34f13c16c
2025-10-30 12:48:28.904 72 INFO cinder.api.openstack.wsgi [None req-4ab05682-e6fd-476e-99d6-144b68a9076b 74e22e9b10ba4439838e4c84b30f0b30 9f687fd8be774388a522e8a61ebc88a6 - - default default] GET http://[LB_IP_ADDRESS]:8776/v3/9f687fd8be774388a522e8a61ebc88a6/volumes/e694fc05-241f-4525-ac0b-5b433e782e6d
2025-10-30 12:48:28.911 75 INFO cinder.api.openstack.wsgi [None req-63428a2d-aa3a-4d54-ba3f-e35b4d27cdd5 5bde4b59c6e04c8da0e457b38d4fdbc2 8bcac91aeb7940b8894e5766f1aac9fe - - default default] http://[LB_IP_ADDRESS]:8776/v3/8bcac91aeb7940b8894e5766f1aac9fe/snapshots/fd4f1307-a33f-46f0-822c-98d34f13c16c returned with HTTP 404
2025-10-30 12:48:28.911 72 INFO cinder.api.openstack.wsgi [None req-4ab05682-e6fd-476e-99d6-144b68a9076b 74e22e9b10ba4439838e4c84b30f0b30 9f687fd8be774388a522e8a61ebc88a6 - - default default] http://[LB_IP_ADDRESS]:8776/v3/9f687fd8be774388a522e8a61ebc88a6/volumes/e694fc05-241f-4525-ac0b-5b433e782e6d returned with HTTP 404
2025-10-30 12:48:28.923 76 INFO cinder.api.openstack.wsgi [None req-43fe674a-b141-421c-b3da-71755f51a54e 74e22e9b10ba4439838e4c84b30f0b30 9f687fd8be774388a522e8a61ebc88a6 - - default default] GET http://[LB_IP_ADDRESS]:8776/v3/9f687fd8be774388a522e8a61ebc88a6/groups/1c6f5388-7b41-4235-8ee1-0d15dae4f2a8
2025-10-30 12:48:28.925 73 INFO cinder.api.openstack.wsgi [None req-9ce909cb-5182-4f42-b316-565b7efa652f 5bde4b59c6e04c8da0e457b38d4fdbc2 8bcac91aeb7940b8894e5766f1aac9fe - - default default] POST http://[LB_IP_ADDRESS]:8776/v3/8bcac91aeb7940b8894e5766f1aac9fe/snapshots
2025-10-30 12:48:28.930 76 INFO cinder.api.openstack.wsgi [None req-43fe674a-b141-421c-b3da-71755f51a54e 74e22e9b10ba4439838e4c84b30f0b30 9f687fd8be774388a522e8a61ebc88a6 - - default default] http://[LB_IP_ADDRESS]:8776/v3/9f687fd8be774388a522e8a61ebc88a6/groups/1c6f5388-7b41-4235-8ee1-0d15dae4f2a8 returned with HTTP 404
2025-10-30 12:48:28.939 74 INFO cinder.api.openstack.wsgi [None req-06a86dd3-8d67-4f90-9722-e5ef011f8ff2 cc28c6de2ec24b02a2b7b305c65d32a1 5e26005e937c4024a0dc05047cfbbd98 - - default default] DELETE http://[LB_IP_ADDRESS]:8776/v3/5e26005e937c4024a0dc05047cfbbd98/group_types/96ddab12-77e1-4a41-a42f-743bdcd1619e
2025-10-30 12:48:28.939 73 INFO cinder.volume.api [None req-9ce909cb-5182-4f42-b316-565b7efa652f 5bde4b59c6e04c8da0e457b38d4fdbc2 8bcac91aeb7940b8894e5766f1aac9fe - - default default] Volume info retrieved successfully.
2025-10-30 12:48:28.940 73 INFO cinder.api.v3.snapshots [None req-9ce909cb-5182-4f42-b316-565b7efa652f 5bde4b59c6e04c8da0e457b38d4fdbc2 8bcac91aeb7940b8894e5766f1aac9fe - - default default] Create snapshot from volume 94d4e6a9-3411-4705-97f9-59898b029cb3
2025-10-30 12:48:28.954 74 INFO cinder.api.openstack.wsgi [None req-06a86dd3-8d67-4f90-9722-e5ef011f8ff2 cc28c6de2ec24b02a2b7b305c65d32a1 5e26005e937c4024a0dc05047cfbbd98 - - default default] http://[LB_IP_ADDRESS]:8776/v3/5e26005e937c4024a0dc05047cfbbd98/group_types/96ddab12-77e1-4a41-a42f-743bdcd1619e returned with HTTP 202
2025-10-30 12:48:28.961 72 INFO cinder.api.openstack.wsgi [None req-528848ca-a930-4d70-b19e-b4d2bd32977d cc28c6de2ec24b02a2b7b305c65d32a1 5e26005e937c4024a0dc05047cfbbd98 - - default default] DELETE http://[LB_IP_ADDRESS]:8776/v3/5e26005e937c4024a0dc05047cfbbd98/types/c6eb76c4-34cf-4268-9b48-4b5f0b77d0c7
2025-10-30 12:48:28.993 72 INFO cinder.api.openstack.wsgi [None req-528848ca-a930-4d70-b19e-b4d2bd32977d cc28c6de2ec24b02a2b7b305c65d32a1 5e26005e937c4024a0dc05047cfbbd98 - - default default] http://[LB_IP_ADDRESS]:8776/v3/5e26005e937c4024a0dc05047cfbbd98/types/c6eb76c4-34cf-4268-9b48-4b5f0b77d0c7 returned with HTTP 202
2025-10-30 12:48:29.004 75 INFO cinder.api.openstack.wsgi [None req-446330ad-195e-4b0f-8860-fd4b58ad416e cc28c6de2ec24b02a2b7b305c65d32a1 5e26005e937c4024a0dc05047cfbbd98 - - default default] GET http://[LB_IP_ADDRESS]:8776/v3/5e26005e937c4024a0dc05047cfbbd98/types/c6eb76c4-34cf-4268-9b48-4b5f0b77d0c7
2025-10-30 12:48:29.009 75 INFO cinder.api.openstack.wsgi [None req-446330ad-195e-4b0f-8860-fd4b58ad416e cc28c6de2ec24b02a2b7b305c65d32a1 5e26005e937c4024a0dc05047cfbbd98 - - default default] http://[LB_IP_ADDRESS]:8776/v3/5e26005e937c4024a0dc05047cfbbd98/types/c6eb76c4-34cf-4268-9b48-4b5f0b77d0c7 returned with HTTP 404
2025-10-30 12:48:29.024 73 INFO cinder.volume.api [None req-9ce909cb-5182-4f42-b316-565b7efa652f 5bde4b59c6e04c8da0e457b38d4fdbc2 8bcac91aeb7940b8894e5766f1aac9fe - - default default] Snapshot create request issued successfully.
2025-10-30 12:48:29.024 73 INFO cinder.api.openstack.wsgi [None req-9ce909cb-5182-4f42-b316-565b7efa652f 5bde4b59c6e04c8da0e457b38d4fdbc2 8bcac91aeb7940b8894e5766f1aac9fe - - default default] http://[LB_IP_ADDRESS]:8776/v3/8bcac91aeb7940b8894e5766f1aac9fe/snapshots returned with HTTP 202
2025-10-30 12:48:29.029 76 INFO cinder.api.openstack.wsgi [None req-a7f49062-0d62-445d-a26c-277925ec9ded cc28c6de2ec24b02a2b7b305c65d32a1 5e26005e937c4024a0dc05047cfbbd98 - - default default] POST http://[LB_IP_ADDRESS]:8776/v3/5e26005e937c4024a0dc05047cfbbd98/types
2025-10-30 12:48:29.039 74 INFO cinder.api.openstack.wsgi [None req-33018b5f-cce1-4b78-9660-b90f64398918 5bde4b59c6e04c8da0e457b38d4fdbc2 8bcac91aeb7940b8894e5766f1aac9fe - - default default] GET http://[LB_IP_ADDRESS]:8776/v3/8bcac91aeb7940b8894e5766f1aac9fe/snapshots/f4bd752d-a806-4508-bb6a-a5969f4b8b92
2025-10-30 12:48:29.048 74 INFO cinder.volume.api [None req-33018b5f-cce1-4b78-9660-b90f64398918 5bde4b59c6e04c8da0e457b38d4fdbc2 8bcac91aeb7940b8894e5766f1aac9fe - - default default] Snapshot retrieved successfully.
2025-10-30 12:48:29.049 74 INFO cinder.api.openstack.wsgi [None req-33018b5f-cce1-4b78-9660-b90f64398918 5bde4b59c6e04c8da0e457b38d4fdbc2 8bcac91aeb7940b8894e5766f1aac9fe - - default default] http://[LB_IP_ADDRESS]:8776/v3/8bcac91aeb7940b8894e5766f1aac9fe/snapshots/f4bd752d-a806-4508-bb6a-a5969f4b8b92 returned with HTTP 200
2025-10-30 12:48:29.064 76 INFO cinder.api.openstack.wsgi [None req-a7f49062-0d62-445d-a26c-277925ec9ded cc28c6de2ec24b02a2b7b305c65d32a1 5e26005e937c4024a0dc05047cfbbd98 - - default default] http://[LB_IP_ADDRESS]:8776/v3/5e26005e937c4024a0dc05047cfbbd98/types returned with HTTP 200
2025-10-30 12:48:29.078 72 INFO cinder.api.openstack.wsgi [None req-570d28a0-06a1-4150-a813-fc9ac8bad77b cc28c6de2ec24b02a2b7b305c65d32a1 5e26005e937c4024a0dc05047cfbbd98 - - default default] POST http://[LB_IP_ADDRESS]:8776/v3/5e26005e937c4024a0dc05047cfbbd98/group_types
2025-10-30 12:48:29.101 72 INFO cinder.api.openstack.wsgi [None req-570d28a0-06a1-4150-a813-fc9ac8bad77b cc28c6de2ec24b02a2b7b305c65d32a1 5e26005e937c4024a0dc05047cfbbd98 - - default default] http://[LB_IP_ADDRESS]:8776/v3/5e26005e937c4024a0dc05047cfbbd98/group_types returned with HTTP 202
2025-10-30 12:48:29.115 75 INFO cinder.api.openstack.wsgi [None req-9b70f1a0-570f-4747-b304-7518c8441b0f 74e22e9b10ba4439838e4c84b30f0b30 9f687fd8be774388a522e8a61ebc88a6 - - default default] POST http://[LB_IP_ADDRESS]:8776/v3/9f687fd8be774388a522e8a61ebc88a6/groups
2025-10-30 12:48:29.128 75 INFO cinder.api.v3.groups [None req-9b70f1a0-570f-4747-b304-7518c8441b0f 74e22e9b10ba4439838e4c84b30f0b30 9f687fd8be774388a522e8a61ebc88a6 - - default default] Creating group tempest-GroupSnapshotsTest-Group-1187181099.
2025-10-30 12:48:29.137 75 INFO cinder.volume.api [None req-9b70f1a0-570f-4747-b304-7518c8441b0f 74e22e9b10ba4439838e4c84b30f0b30 9f687fd8be774388a522e8a61ebc88a6 - - default default] Availability Zones retrieved successfully.
2025-10-30 12:48:29.196 75 INFO cinder.api.openstack.wsgi [None req-9b70f1a0-570f-4747-b304-7518c8441b0f 74e22e9b10ba4439838e4c84b30f0b30 9f687fd8be774388a522e8a61ebc88a6 - - default default] http://[LB_IP_ADDRESS]:8776/v3/9f687fd8be774388a522e8a61ebc88a6/groups returned with HTTP 202
2025-10-30 12:48:29.211 73 INFO cinder.api.openstack.wsgi [None req-3965c852-5b5e-4892-b26e-9cf07c76229c 74e22e9b10ba4439838e4c84b30f0b30 9f687fd8be774388a522e8a61ebc88a6 - - default default] GET http://[LB_IP_ADDRESS]:8776/v3/9f687fd8be774388a522e8a61ebc88a6/groups/6f724cc4-d4b9-45aa-89b6-3250cb5de2ad
2025-10-30 12:48:29.228 73 INFO cinder.api.openstack.wsgi [None req-3965c852-5b5e-4892-b26e-9cf07c76229c 74e22e9b10ba4439838e4c84b30f0b30 9f687fd8be774388a522e8a61ebc88a6 - - default default] http://[LB_IP_ADDRESS]:8776/v3/9f687fd8be774388a522e8a61ebc88a6/groups/6f724cc4-d4b9-45aa-89b6-3250cb5de2ad returned with HTTP 200
2025-10-30 12:48:29.933 74 INFO cinder.api.openstack.wsgi [None req-847d8f3e-679f-43ab-b92e-502b9b5a8154 1d59b02a7e7b47b8b51cb8cfe521366f 84787f603b3f438586f6a04070695449 - - default default] POST http://[LB_IP_ADDRESS]:8776/v3/84787f603b3f438586f6a04070695449/group_types
2025-10-30 12:48:29.959 74 INFO cinder.api.openstack.wsgi [None req-847d8f3e-679f-43ab-b92e-502b9b5a8154 1d59b02a7e7b47b8b51cb8cfe521366f 84787f603b3f438586f6a04070695449 - - default default] http://[LB_IP_ADDRESS]:8776/v3/84787f603b3f438586f6a04070695449/group_types returned with HTTP 202
2025-10-30 12:48:29.973 76 INFO cinder.api.openstack.wsgi [None req-82181140-2508-4e5d-a4d6-0ec49610b11e 1d59b02a7e7b47b8b51cb8cfe521366f 84787f603b3f438586f6a04070695449 - - default default] GET http://[LB_IP_ADDRESS]:8776/v3/84787f603b3f438586f6a04070695449/group_types
2025-10-30 12:48:29.994 76 INFO cinder.api.openstack.wsgi [None req-82181140-2508-4e5d-a4d6-0ec49610b11e 1d59b02a7e7b47b8b51cb8cfe521366f 84787f603b3f438586f6a04070695449 - - default default] http://[LB_IP_ADDRESS]:8776/v3/84787f603b3f438586f6a04070695449/group_types returned with HTTP 200
2025-10-30 12:48:30.010 72 INFO cinder.api.openstack.wsgi [None req-7274693f-8943-47ad-b7bf-e2a0b3820960 1d59b02a7e7b47b8b51cb8cfe521366f 84787f603b3f438586f6a04070695449 - - default default] PUT http://[LB_IP_ADDRESS]:8776/v3/84787f603b3f438586f6a04070695449/group_types/bc27ce5b-dfd8-4bfd-b3e3-a5f6380990c1
2025-10-30 12:48:30.028 72 INFO cinder.api.openstack.wsgi [None req-7274693f-8943-47ad-b7bf-e2a0b3820960 1d59b02a7e7b47b8b51cb8cfe521366f 84787f603b3f438586f6a04070695449 - - default default] http://[LB_IP_ADDRESS]:8776/v3/84787f603b3f438586f6a04070695449/group_types/bc27ce5b-dfd8-4bfd-b3e3-a5f6380990c1 returned with HTTP 200
2025-10-30 12:48:30.043 75 INFO cinder.api.openstack.wsgi [None req-78aaaf73-2f60-46f9-becc-923cd24f3af1 1d59b02a7e7b47b8b51cb8cfe521366f 84787f603b3f438586f6a04070695449 - - default default] GET http://[LB_IP_ADDRESS]:8776/v3/84787f603b3f438586f6a04070695449/group_types/bc27ce5b-dfd8-4bfd-b3e3-a5f6380990c1
2025-10-30 12:48:30.051 75 INFO cinder.api.openstack.wsgi [None req-78aaaf73-2f60-46f9-becc-923cd24f3af1 1d59b02a7e7b47b8b51cb8cfe521366f 84787f603b3f438586f6a04070695449 - - default default] http://[LB_IP_ADDRESS]:8776/v3/84787f603b3f438586f6a04070695449/group_types/bc27ce5b-dfd8-4bfd-b3e3-a5f6380990c1 returned with HTTP 200
2025-10-30 12:48:30.065 73 INFO cinder.api.openstack.wsgi [None req-d87db331-bf64-46b9-b8da-4881b274a0a6 5bde4b59c6e04c8da0e457b38d4fdbc2 8bcac91aeb7940b8894e5766f1aac9fe - - default default] GET http://[LB_IP_ADDRESS]:8776/v3/8bcac91aeb7940b8894e5766f1aac9fe/snapshots/f4bd752d-a806-4508-bb6a-a5969f4b8b92
2025-10-30 12:48:30.066 74 INFO cinder.api.openstack.wsgi [None req-bd8977c3-69b1-4327-868a-57e990cc6a67 1d59b02a7e7b47b8b51cb8cfe521366f 84787f603b3f438586f6a04070695449 - - default default] DELETE http://[LB_IP_ADDRESS]:8776/v3/84787f603b3f438586f6a04070695449/group_types/bc27ce5b-dfd8-4bfd-b3e3-a5f6380990c1
2025-10-30 12:48:30.075 73 INFO cinder.volume.api [None req-d87db331-bf64-46b9-b8da-4881b274a0a6 5bde4b59c6e04c8da0e457b38d4fdbc2 8bcac91aeb7940b8894e5766f1aac9fe - - default default] Snapshot retrieved successfully.
2025-10-30 12:48:30.077 73 INFO cinder.api.openstack.wsgi [None req-d87db331-bf64-46b9-b8da-4881b274a0a6 5bde4b59c6e04c8da0e457b38d4fdbc2 8bcac91aeb7940b8894e5766f1aac9fe - - default default] http://[LB_IP_ADDRESS]:8776/v3/8bcac91aeb7940b8894e5766f1aac9fe/snapshots/f4bd752d-a806-4508-bb6a-a5969f4b8b92 returned with HTTP 200
2025-10-30 12:48:30.090 74 INFO cinder.api.openstack.wsgi [None req-bd8977c3-69b1-4327-868a-57e990cc6a67 1d59b02a7e7b47b8b51cb8cfe521366f 84787f603b3f438586f6a04070695449 - - default default] http://[LB_IP_ADDRESS]:8776/v3/84787f603b3f438586f6a04070695449/group_types/bc27ce5b-dfd8-4bfd-b3e3-a5f6380990c1 returned with HTTP 202
2025-10-30 12:48:30.100 76 INFO cinder.api.openstack.wsgi [None req-109941c8-9174-47e0-a0b1-cd7014d8850c 1d59b02a7e7b47b8b51cb8cfe521366f 84787f603b3f438586f6a04070695449 - - default default] GET http://[LB_IP_ADDRESS]:8776/v3/84787f603b3f438586f6a04070695449/group_types
2025-10-30 12:48:30.119 76 INFO cinder.api.openstack.wsgi [None req-109941c8-9174-47e0-a0b1-cd7014d8850c 1d59b02a7e7b47b8b51cb8cfe521366f 84787f603b3f438586f6a04070695449 - - default default] http://[LB_IP_ADDRESS]:8776/v3/84787f603b3f438586f6a04070695449/group_types returned with HTTP 200
2025-10-30 12:48:30.136 72 INFO cinder.api.openstack.wsgi [None req-09b7817f-c483-4aad-bdf2-0887102a38bb 1d59b02a7e7b47b8b51cb8cfe521366f 84787f603b3f438586f6a04070695449 - - default default] POST http://[LB_IP_ADDRESS]:8776/v3/84787f603b3f438586f6a04070695449/group_types
2025-10-30 12:48:30.158 72 INFO cinder.api.openstack.wsgi [None req-09b7817f-c483-4aad-bdf2-0887102a38bb 1d59b02a7e7b47b8b51cb8cfe521366f 84787f603b3f438586f6a04070695449 - - default default] http://[LB_IP_ADDRESS]:8776/v3/84787f603b3f438586f6a04070695449/group_types returned with HTTP 202
2025-10-30 12:48:30.173 75 INFO cinder.api.openstack.wsgi [None req-24603076-2a27-463e-90c7-83211c0d2d4a 1d59b02a7e7b47b8b51cb8cfe521366f 84787f603b3f438586f6a04070695449 - - default default] POST http://[LB_IP_ADDRESS]:8776/v3/84787f603b3f438586f6a04070695449/group_types
2025-10-30 12:48:30.198 75 INFO cinder.api.openstack.wsgi [None req-24603076-2a27-463e-90c7-83211c0d2d4a 1d59b02a7e7b47b8b51cb8cfe521366f 84787f603b3f438586f6a04070695449 - - default default] http://[LB_IP_ADDRESS]:8776/v3/84787f603b3f438586f6a04070695449/group_types returned with HTTP 202
2025-10-30 12:48:30.213 73 INFO cinder.api.openstack.wsgi [None req-4826c217-f9cc-4424-bb92-57762837095a 1d59b02a7e7b47b8b51cb8cfe521366f 84787f603b3f438586f6a04070695449 - - default default] GET http://[LB_IP_ADDRESS]:8776/v3/84787f603b3f438586f6a04070695449/group_types?sort=name%3Aasc&is_public=None
2025-10-30 12:48:30.225 73 INFO cinder.api.openstack.wsgi [None req-4826c217-f9cc-4424-bb92-57762837095a 1d59b02a7e7b47b8b51cb8cfe521366f 84787f603b3f438586f6a04070695449 - - default default] http://[LB_IP_ADDRESS]:8776/v3/84787f603b3f438586f6a04070695449/group_types?sort=name%3Aasc&is_public=None returned with HTTP 200
2025-10-30 12:48:30.240 74 INFO cinder.api.openstack.wsgi [None req-43cb2415-bd41-4a46-bfae-187bdd252f00 1d59b02a7e7b47b8b51cb8cfe521366f 84787f603b3f438586f6a04070695449 - - default default] GET http://[LB_IP_ADDRESS]:8776/v3/84787f603b3f438586f6a04070695449/group_types?sort=name%3Adesc&is_public=None
2025-10-30 12:48:30.242 76 INFO cinder.api.openstack.wsgi [None req-d007e249-842f-419b-8f83-b9680971924e 74e22e9b10ba4439838e4c84b30f0b30 9f687fd8be774388a522e8a61ebc88a6 - - default default] GET http://[LB_IP_ADDRESS]:8776/v3/9f687fd8be774388a522e8a61ebc88a6/groups/6f724cc4-d4b9-45aa-89b6-3250cb5de2ad
2025-10-30 12:48:30.259 74 INFO cinder.api.openstack.wsgi [None req-43cb2415-bd41-4a46-bfae-187bdd252f00 1d59b02a7e7b47b8b51cb8cfe521366f 84787f603b3f438586f6a04070695449 - - default default] http://[LB_IP_ADDRESS]:8776/v3/84787f603b3f438586f6a04070695449/group_types?sort=name%3Adesc&is_public=None returned with HTTP 200
2025-10-30 12:48:30.261 76 INFO cinder.api.openstack.wsgi [None req-d007e249-842f-419b-8f83-b9680971924e 74e22e9b10ba4439838e4c84b30f0b30 9f687fd8be774388a522e8a61ebc88a6 - - default default] http://[LB_IP_ADDRESS]:8776/v3/9f687fd8be774388a522e8a61ebc88a6/groups/6f724cc4-d4b9-45aa-89b6-3250cb5de2ad returned with HTTP 200
2025-10-30 12:48:30.275 72 INFO cinder.api.openstack.wsgi [None req-0a930afa-1589-4247-91cc-d9159cb5c236 1d59b02a7e7b47b8b51cb8cfe521366f 84787f603b3f438586f6a04070695449 - - default default] GET http://[LB_IP_ADDRESS]:8776/v3/84787f603b3f438586f6a04070695449/group_types?is_public=False
2025-10-30 12:48:30.276 75 INFO cinder.api.openstack.wsgi [None req-1e221681-0956-44cb-868f-c832bb0a6ade 74e22e9b10ba4439838e4c84b30f0b30 9f687fd8be774388a522e8a61ebc88a6 - - default default] POST http://[LB_IP_ADDRESS]:8776/v3/9f687fd8be774388a522e8a61ebc88a6/volumes
2025-10-30 12:48:30.288 72 INFO cinder.api.openstack.wsgi [None req-0a930afa-1589-4247-91cc-d9159cb5c236 1d59b02a7e7b47b8b51cb8cfe521366f 84787f603b3f438586f6a04070695449 - - default default] http://[LB_IP_ADDRESS]:8776/v3/84787f603b3f438586f6a04070695449/group_types?is_public=False returned with HTTP 200
2025-10-30 12:48:30.289 75 INFO cinder.api.v3.volumes [None req-1e221681-0956-44cb-868f-c832bb0a6ade 74e22e9b10ba4439838e4c84b30f0b30 9f687fd8be774388a522e8a61ebc88a6 - - default default] Create volume of 1 GB
2025-10-30 12:48:30.295 75 INFO cinder.volume.api [None req-1e221681-0956-44cb-868f-c832bb0a6ade 74e22e9b10ba4439838e4c84b30f0b30 9f687fd8be774388a522e8a61ebc88a6 - - default default] Availability Zones retrieved successfully.
2025-10-30 12:48:30.302 73 INFO cinder.api.openstack.wsgi [None req-03507a5b-aa8f-472c-8a77-d3f9c5ee2b12 1d59b02a7e7b47b8b51cb8cfe521366f 84787f603b3f438586f6a04070695449 - - default default] GET http://[LB_IP_ADDRESS]:8776/v3/84787f603b3f438586f6a04070695449/group_types?is_public=True
2025-10-30 12:48:30.315 73 INFO cinder.api.openstack.wsgi [None req-03507a5b-aa8f-472c-8a77-d3f9c5ee2b12 1d59b02a7e7b47b8b51cb8cfe521366f 84787f603b3f438586f6a04070695449 - - default default] http://[LB_IP_ADDRESS]:8776/v3/84787f603b3f438586f6a04070695449/group_types?is_public=True returned with HTTP 200
2025-10-30 12:48:30.331 74 INFO cinder.api.openstack.wsgi [None req-b3d3f03c-b61b-4992-8b74-bbe52bf1f050 1d59b02a7e7b47b8b51cb8cfe521366f 84787f603b3f438586f6a04070695449 - - default default] DELETE http://[LB_IP_ADDRESS]:8776/v3/84787f603b3f438586f6a04070695449/group_types/af737ea2-9498-442e-bec3-d9aca88d7f9a
2025-10-30 12:48:30.348 74 INFO cinder.api.openstack.wsgi [None req-b3d3f03c-b61b-4992-8b74-bbe52bf1f050 1d59b02a7e7b47b8b51cb8cfe521366f 84787f603b3f438586f6a04070695449 - - default default] http://[LB_IP_ADDRESS]:8776/v3/84787f603b3f438586f6a04070695449/group_types/af737ea2-9498-442e-bec3-d9aca88d7f9a returned with HTTP 202
2025-10-30 12:48:30.359 76 INFO cinder.api.openstack.wsgi [None req-246564fc-e165-453d-95fc-83ae986fe338 1d59b02a7e7b47b8b51cb8cfe521366f 84787f603b3f438586f6a04070695449 - - default default] DELETE http://[LB_IP_ADDRESS]:8776/v3/84787f603b3f438586f6a04070695449/group_types/28254556-dc2c-47f7-8cbb-30c0ef1f12c6
2025-10-30 12:48:30.376 76 INFO cinder.api.openstack.wsgi [None req-246564fc-e165-453d-95fc-83ae986fe338 1d59b02a7e7b47b8b51cb8cfe521366f 84787f603b3f438586f6a04070695449 - - default default] http://[LB_IP_ADDRESS]:8776/v3/84787f603b3f438586f6a04070695449/group_types/28254556-dc2c-47f7-8cbb-30c0ef1f12c6 returned with HTTP 202
2025-10-30 12:48:30.452 75 WARNING cinder.quota [None req-1e221681-0956-44cb-868f-c832bb0a6ade 74e22e9b10ba4439838e4c84b30f0b30 9f687fd8be774388a522e8a61ebc88a6 - - default default] Deprecated: Default quota for resource: volumes_tempest-GroupSnapshotsTest-volume-type-1561500131 is set by the default quota flag: quota_volumes_tempest-GroupSnapshotsTest-volume-type-1561500131, it is now deprecated. Please use the default quota class for default quota.
2025-10-30 12:48:30.453 75 WARNING cinder.quota [None req-1e221681-0956-44cb-868f-c832bb0a6ade 74e22e9b10ba4439838e4c84b30f0b30 9f687fd8be774388a522e8a61ebc88a6 - - default default] Deprecated: Default quota for resource: gigabytes_tempest-GroupSnapshotsTest-volume-type-1561500131 is set by the default quota flag: quota_gigabytes_tempest-GroupSnapshotsTest-volume-type-1561500131, it is now deprecated. Please use the default quota class for default quota.
2025-10-30 12:48:30.539 75 INFO cinder.volume.api [None req-1e221681-0956-44cb-868f-c832bb0a6ade 74e22e9b10ba4439838e4c84b30f0b30 9f687fd8be774388a522e8a61ebc88a6 - - default default] Create volume request issued successfully.
2025-10-30 12:48:30.553 75 INFO cinder.api.openstack.wsgi [None req-1e221681-0956-44cb-868f-c832bb0a6ade 74e22e9b10ba4439838e4c84b30f0b30 9f687fd8be774388a522e8a61ebc88a6 - - default default] http://[LB_IP_ADDRESS]:8776/v3/9f687fd8be774388a522e8a61ebc88a6/volumes returned with HTTP 202
2025-10-30 12:48:30.572 72 INFO cinder.api.openstack.wsgi [None req-9c3d949a-22b2-46c8-824c-b9dfda76a87d 74e22e9b10ba4439838e4c84b30f0b30 9f687fd8be774388a522e8a61ebc88a6 - - default default] GET http://[LB_IP_ADDRESS]:8776/v3/9f687fd8be774388a522e8a61ebc88a6/volumes/eb6c657f-d8bd-40f2-8f2c-fc516ec5ddb5
2025-10-30 12:48:30.588 72 INFO cinder.volume.api [None req-9c3d949a-22b2-46c8-824c-b9dfda76a87d 74e22e9b10ba4439838e4c84b30f0b30 9f687fd8be774388a522e8a61ebc88a6 - - default default] Volume info retrieved successfully.
2025-10-30 12:48:30.605 72 INFO cinder.api.openstack.wsgi [None req-9c3d949a-22b2-46c8-824c-b9dfda76a87d 74e22e9b10ba4439838e4c84b30f0b30 9f687fd8be774388a522e8a61ebc88a6 - - default default] http://[LB_IP_ADDRESS]:8776/v3/9f687fd8be774388a522e8a61ebc88a6/volumes/eb6c657f-d8bd-40f2-8f2c-fc516ec5ddb5 returned with HTTP 200
2025-10-30 12:48:31.093 73 INFO cinder.api.openstack.wsgi [None req-a0129b2b-a8c3-47d0-b7f3-38c6d7899529 5bde4b59c6e04c8da0e457b38d4fdbc2 8bcac91aeb7940b8894e5766f1aac9fe - - default default] GET http://[LB_IP_ADDRESS]:8776/v3/8bcac91aeb7940b8894e5766f1aac9fe/snapshots/f4bd752d-a806-4508-bb6a-a5969f4b8b92
2025-10-30 12:48:31.102 73 INFO cinder.volume.api [None req-a0129b2b-a8c3-47d0-b7f3-38c6d7899529 5bde4b59c6e04c8da0e457b38d4fdbc2 8bcac91aeb7940b8894e5766f1aac9fe - - default default] Snapshot retrieved successfully.
2025-10-30 12:48:31.103 73 INFO cinder.api.openstack.wsgi [None req-a0129b2b-a8c3-47d0-b7f3-38c6d7899529 5bde4b59c6e04c8da0e457b38d4fdbc2 8bcac91aeb7940b8894e5766f1aac9fe - - default default] http://[LB_IP_ADDRESS]:8776/v3/8bcac91aeb7940b8894e5766f1aac9fe/snapshots/f4bd752d-a806-4508-bb6a-a5969f4b8b92 returned with HTTP 200
2025-10-30 12:48:31.119 74 INFO cinder.api.openstack.wsgi [None req-b07a08c4-6fd5-4be7-a03e-c9679b8a58e4 0b08000c56684f6681c1ed7a01a269b6 6281a5f094ef471faf30ab7dd9583dc5 - - default default] POST http://[LB_IP_ADDRESS]:8776/v3/6281a5f094ef471faf30ab7dd9583dc5/snapshots/f4bd752d-a806-4508-bb6a-a5969f4b8b92/action
2025-10-30 12:48:31.152 74 INFO cinder.api.openstack.wsgi [None req-b07a08c4-6fd5-4be7-a03e-c9679b8a58e4 0b08000c56684f6681c1ed7a01a269b6 6281a5f094ef471faf30ab7dd9583dc5 - - default default] http://[LB_IP_ADDRESS]:8776/v3/6281a5f094ef471faf30ab7dd9583dc5/snapshots/f4bd752d-a806-4508-bb6a-a5969f4b8b92/action returned with HTTP 202
2025-10-30 12:48:31.164 76 INFO cinder.api.openstack.wsgi [None req-2ee1a5f9-d65d-4bfb-8ba0-72c886bf1721 5bde4b59c6e04c8da0e457b38d4fdbc2 8bcac91aeb7940b8894e5766f1aac9fe - - default default] GET http://[LB_IP_ADDRESS]:8776/v3/8bcac91aeb7940b8894e5766f1aac9fe/snapshots/f4bd752d-a806-4508-bb6a-a5969f4b8b92
2025-10-30 12:48:31.174 76 INFO cinder.volume.api [None req-2ee1a5f9-d65d-4bfb-8ba0-72c886bf1721 5bde4b59c6e04c8da0e457b38d4fdbc2 8bcac91aeb7940b8894e5766f1aac9fe - - default default] Snapshot retrieved successfully.
2025-10-30 12:48:31.175 76 INFO cinder.api.openstack.wsgi [None req-2ee1a5f9-d65d-4bfb-8ba0-72c886bf1721 5bde4b59c6e04c8da0e457b38d4fdbc2 8bcac91aeb7940b8894e5766f1aac9fe - - default default] http://[LB_IP_ADDRESS]:8776/v3/8bcac91aeb7940b8894e5766f1aac9fe/snapshots/f4bd752d-a806-4508-bb6a-a5969f4b8b92 returned with HTTP 200
2025-10-30 12:48:31.188 75 INFO cinder.api.openstack.wsgi [None req-a64677d9-e585-4f44-886f-415ea7b845bc 0b08000c56684f6681c1ed7a01a269b6 6281a5f094ef471faf30ab7dd9583dc5 - - default default] POST http://[LB_IP_ADDRESS]:8776/v3/6281a5f094ef471faf30ab7dd9583dc5/snapshots/f4bd752d-a806-4508-bb6a-a5969f4b8b92/action
2025-10-30 12:48:31.196 75 INFO cinder.volume.api [None req-a64677d9-e585-4f44-886f-415ea7b845bc 0b08000c56684f6681c1ed7a01a269b6 6281a5f094ef471faf30ab7dd9583dc5 - - default default] Snapshot retrieved successfully.
2025-10-30 12:48:31.222 75 INFO cinder.volume.api [None req-a64677d9-e585-4f44-886f-415ea7b845bc 0b08000c56684f6681c1ed7a01a269b6 6281a5f094ef471faf30ab7dd9583dc5 - - default default] Snapshot delete request issued successfully.
2025-10-30 12:48:31.223 75 INFO cinder.api.openstack.wsgi [None req-a64677d9-e585-4f44-886f-415ea7b845bc 0b08000c56684f6681c1ed7a01a269b6 6281a5f094ef471faf30ab7dd9583dc5 - - default default] http://[LB_IP_ADDRESS]:8776/v3/6281a5f094ef471faf30ab7dd9583dc5/snapshots/f4bd752d-a806-4508-bb6a-a5969f4b8b92/action returned with HTTP 202
2025-10-30 12:48:31.236 72 INFO cinder.api.openstack.wsgi [None req-90a405d1-c2ab-4e84-a4fb-5e1aa9ce24e8 5bde4b59c6e04c8da0e457b38d4fdbc2 8bcac91aeb7940b8894e5766f1aac9fe - - default default] GET http://[LB_IP_ADDRESS]:8776/v3/8bcac91aeb7940b8894e5766f1aac9fe/snapshots/f4bd752d-a806-4508-bb6a-a5969f4b8b92
2025-10-30 12:48:31.246 72 INFO cinder.volume.api [None req-90a405d1-c2ab-4e84-a4fb-5e1aa9ce24e8 5bde4b59c6e04c8da0e457b38d4fdbc2 8bcac91aeb7940b8894e5766f1aac9fe - - default default] Snapshot retrieved successfully.
2025-10-30 12:48:31.247 72 INFO cinder.api.openstack.wsgi [None req-90a405d1-c2ab-4e84-a4fb-5e1aa9ce24e8 5bde4b59c6e04c8da0e457b38d4fdbc2 8bcac91aeb7940b8894e5766f1aac9fe - - default default] http://[LB_IP_ADDRESS]:8776/v3/8bcac91aeb7940b8894e5766f1aac9fe/snapshots/f4bd752d-a806-4508-bb6a-a5969f4b8b92 returned with HTTP 200
2025-10-30 12:48:31.623 73 INFO cinder.api.openstack.wsgi [None req-225f2e96-b0aa-495e-a0c9-794861793df5 74e22e9b10ba4439838e4c84b30f0b30 9f687fd8be774388a522e8a61ebc88a6 - - default default] GET http://[LB_IP_ADDRESS]:8776/v3/9f687fd8be774388a522e8a61ebc88a6/volumes/eb6c657f-d8bd-40f2-8f2c-fc516ec5ddb5
2025-10-30 12:48:31.637 73 INFO cinder.volume.api [None req-225f2e96-b0aa-495e-a0c9-794861793df5 74e22e9b10ba4439838e4c84b30f0b30 9f687fd8be774388a522e8a61ebc88a6 - - default default] Volume info retrieved successfully.
2025-10-30 12:48:31.653 73 INFO cinder.api.openstack.wsgi [None req-225f2e96-b0aa-495e-a0c9-794861793df5 74e22e9b10ba4439838e4c84b30f0b30 9f687fd8be774388a522e8a61ebc88a6 - - default default] http://[LB_IP_ADDRESS]:8776/v3/9f687fd8be774388a522e8a61ebc88a6/volumes/eb6c657f-d8bd-40f2-8f2c-fc516ec5ddb5 returned with HTTP 200
2025-10-30 12:48:31.674 74 INFO cinder.api.openstack.wsgi [None req-2549fcc9-02fa-4bb8-a026-edc83834453d 74e22e9b10ba4439838e4c84b30f0b30 9f687fd8be774388a522e8a61ebc88a6 - - default default] POST http://[LB_IP_ADDRESS]:8776/v3/9f687fd8be774388a522e8a61ebc88a6/group_snapshots
2025-10-30 12:48:31.690 74 INFO cinder.api.v3.group_snapshots [None req-2549fcc9-02fa-4bb8-a026-edc83834453d 74e22e9b10ba4439838e4c84b30f0b30 9f687fd8be774388a522e8a61ebc88a6 - - default default] Creating group_snapshot tempest-group_snapshot-949023623.
2025-10-30 12:48:31.747 74 WARNING cinder.quota [None req-2549fcc9-02fa-4bb8-a026-edc83834453d 74e22e9b10ba4439838e4c84b30f0b30 9f687fd8be774388a522e8a61ebc88a6 - - default default] Deprecated: Default quota for resource: gigabytes_tempest-GroupSnapshotsTest-volume-type-1561500131 is set by the default quota flag: quota_gigabytes_tempest-GroupSnapshotsTest-volume-type-1561500131, it is now deprecated. Please use the default quota class for default quota.
2025-10-30 12:48:31.747 74 WARNING cinder.quota [None req-2549fcc9-02fa-4bb8-a026-edc83834453d 74e22e9b10ba4439838e4c84b30f0b30 9f687fd8be774388a522e8a61ebc88a6 - - default default] Deprecated: Default quota for resource: snapshots_tempest-GroupSnapshotsTest-volume-type-1561500131 is set by the default quota flag: quota_snapshots_tempest-GroupSnapshotsTest-volume-type-1561500131, it is now deprecated. Please use the default quota class for default quota.
2025-10-30 12:48:31.787 74 INFO cinder.api.openstack.wsgi [None req-2549fcc9-02fa-4bb8-a026-edc83834453d 74e22e9b10ba4439838e4c84b30f0b30 9f687fd8be774388a522e8a61ebc88a6 - - default default] http://[LB_IP_ADDRESS]:8776/v3/9f687fd8be774388a522e8a61ebc88a6/group_snapshots returned with HTTP 202
2025-10-30 12:48:31.801 76 INFO cinder.api.openstack.wsgi [None req-713f869a-39a5-4384-b2ec-b511b84c9b23 74e22e9b10ba4439838e4c84b30f0b30 9f687fd8be774388a522e8a61ebc88a6 - - default default] GET http://[LB_IP_ADDRESS]:8776/v3/9f687fd8be774388a522e8a61ebc88a6/group_snapshots/b87efca3-6bca-4e95-961b-0bd716426630
2025-10-30 12:48:31.815 76 INFO cinder.api.openstack.wsgi [None req-713f869a-39a5-4384-b2ec-b511b84c9b23 74e22e9b10ba4439838e4c84b30f0b30 9f687fd8be774388a522e8a61ebc88a6 - - default default] http://[LB_IP_ADDRESS]:8776/v3/9f687fd8be774388a522e8a61ebc88a6/group_snapshots/b87efca3-6bca-4e95-961b-0bd716426630 returned with HTTP 200
2025-10-30 12:48:32.262 75 INFO cinder.api.openstack.wsgi [None req-d6f5ac7e-14fb-4480-9d90-55022ce42b5b 5bde4b59c6e04c8da0e457b38d4fdbc2 8bcac91aeb7940b8894e5766f1aac9fe - - default default] GET http://[LB_IP_ADDRESS]:8776/v3/8bcac91aeb7940b8894e5766f1aac9fe/snapshots/f4bd752d-a806-4508-bb6a-a5969f4b8b92
2025-10-30 12:48:32.271 75 INFO cinder.api.openstack.wsgi [None req-d6f5ac7e-14fb-4480-9d90-55022ce42b5b 5bde4b59c6e04c8da0e457b38d4fdbc2 8bcac91aeb7940b8894e5766f1aac9fe - - default default] http://[LB_IP_ADDRESS]:8776/v3/8bcac91aeb7940b8894e5766f1aac9fe/snapshots/f4bd752d-a806-4508-bb6a-a5969f4b8b92 returned with HTTP 404
2025-10-30 12:48:32.279 72 INFO cinder.api.openstack.wsgi [None req-c03540c5-a835-449d-a918-b660e61e4ddc 0b08000c56684f6681c1ed7a01a269b6 6281a5f094ef471faf30ab7dd9583dc5 - - default default] POST http://[LB_IP_ADDRESS]:8776/v3/6281a5f094ef471faf30ab7dd9583dc5/snapshots/027a8f86-e286-4f52-b945-f89777c50cf9/action
2025-10-30 12:48:32.303 72 INFO cinder.api.openstack.wsgi [None req-c03540c5-a835-449d-a918-b660e61e4ddc 0b08000c56684f6681c1ed7a01a269b6 6281a5f094ef471faf30ab7dd9583dc5 - - default default] http://[LB_IP_ADDRESS]:8776/v3/6281a5f094ef471faf30ab7dd9583dc5/snapshots/027a8f86-e286-4f52-b945-f89777c50cf9/action returned with HTTP 202
2025-10-30 12:48:32.316 73 INFO cinder.api.openstack.wsgi [None req-c7f58507-7b55-4cb4-a013-5d3fb2615438 5bde4b59c6e04c8da0e457b38d4fdbc2 8bcac91aeb7940b8894e5766f1aac9fe - - default default] GET http://[LB_IP_ADDRESS]:8776/v3/8bcac91aeb7940b8894e5766f1aac9fe/snapshots/027a8f86-e286-4f52-b945-f89777c50cf9
2025-10-30 12:48:32.324 73 INFO cinder.volume.api [None req-c7f58507-7b55-4cb4-a013-5d3fb2615438 5bde4b59c6e04c8da0e457b38d4fdbc2 8bcac91aeb7940b8894e5766f1aac9fe - - default default] Snapshot retrieved successfully.
2025-10-30 12:48:32.325 73 INFO cinder.api.openstack.wsgi [None req-c7f58507-7b55-4cb4-a013-5d3fb2615438 5bde4b59c6e04c8da0e457b38d4fdbc2 8bcac91aeb7940b8894e5766f1aac9fe - - default default] http://[LB_IP_ADDRESS]:8776/v3/8bcac91aeb7940b8894e5766f1aac9fe/snapshots/027a8f86-e286-4f52-b945-f89777c50cf9 returned with HTTP 200
2025-10-30 12:48:32.338 74 INFO cinder.api.openstack.wsgi [None req-40e4d663-b4a1-41e8-ac28-af3049a158e8 5bde4b59c6e04c8da0e457b38d4fdbc2 8bcac91aeb7940b8894e5766f1aac9fe - - default default] DELETE http://[LB_IP_ADDRESS]:8776/v3/8bcac91aeb7940b8894e5766f1aac9fe/snapshots/f4bd752d-a806-4508-bb6a-a5969f4b8b92
2025-10-30 12:48:32.338 74 INFO cinder.api.v2.snapshots [None req-40e4d663-b4a1-41e8-ac28-af3049a158e8 5bde4b59c6e04c8da0e457b38d4fdbc2 8bcac91aeb7940b8894e5766f1aac9fe - - default default] Delete snapshot with id: f4bd752d-a806-4508-bb6a-a5969f4b8b92
2025-10-30 12:48:32.344 74 INFO cinder.api.openstack.wsgi [None req-40e4d663-b4a1-41e8-ac28-af3049a158e8 5bde4b59c6e04c8da0e457b38d4fdbc2 8bcac91aeb7940b8894e5766f1aac9fe - - default default] http://[LB_IP_ADDRESS]:8776/v3/8bcac91aeb7940b8894e5766f1aac9fe/snapshots/f4bd752d-a806-4508-bb6a-a5969f4b8b92 returned with HTTP 404
2025-10-30 12:48:32.358 76 INFO cinder.api.openstack.wsgi [None req-1b7cd8ad-17ab-45be-9ac2-ff6d70be5a7b 0b08000c56684f6681c1ed7a01a269b6 6281a5f094ef471faf30ab7dd9583dc5 - - default default] POST http://[LB_IP_ADDRESS]:8776/v3/6281a5f094ef471faf30ab7dd9583dc5/snapshots/027a8f86-e286-4f52-b945-f89777c50cf9/action
2025-10-30 12:48:32.391 76 INFO cinder.api.openstack.wsgi [None req-1b7cd8ad-17ab-45be-9ac2-ff6d70be5a7b 0b08000c56684f6681c1ed7a01a269b6 6281a5f094ef471faf30ab7dd9583dc5 - - default default] http://[LB_IP_ADDRESS]:8776/v3/6281a5f094ef471faf30ab7dd9583dc5/snapshots/027a8f86-e286-4f52-b945-f89777c50cf9/action returned with HTTP 202
2025-10-30 12:48:32.404 75 INFO cinder.api.openstack.wsgi [None req-abc1e5d7-d7fc-4193-9c52-c5784d97a4ea 5bde4b59c6e04c8da0e457b38d4fdbc2 8bcac91aeb7940b8894e5766f1aac9fe - - default default] GET http://[LB_IP_ADDRESS]:8776/v3/8bcac91aeb7940b8894e5766f1aac9fe/snapshots/027a8f86-e286-4f52-b945-f89777c50cf9
2025-10-30 12:48:32.415 75 INFO cinder.volume.api [None req-abc1e5d7-d7fc-4193-9c52-c5784d97a4ea 5bde4b59c6e04c8da0e457b38d4fdbc2 8bcac91aeb7940b8894e5766f1aac9fe - - default default] Snapshot retrieved successfully.
2025-10-30 12:48:32.416 75 INFO cinder.api.openstack.wsgi [None req-abc1e5d7-d7fc-4193-9c52-c5784d97a4ea 5bde4b59c6e04c8da0e457b38d4fdbc2 8bcac91aeb7940b8894e5766f1aac9fe - - default default] http://[LB_IP_ADDRESS]:8776/v3/8bcac91aeb7940b8894e5766f1aac9fe/snapshots/027a8f86-e286-4f52-b945-f89777c50cf9 returned with HTTP 200
2025-10-30 12:48:32.427 72 INFO cinder.api.openstack.wsgi [None req-860bbc0a-4deb-4671-adb2-59cef22f1132 5bde4b59c6e04c8da0e457b38d4fdbc2 8bcac91aeb7940b8894e5766f1aac9fe - - default default] POST http://[LB_IP_ADDRESS]:8776/v3/8bcac91aeb7940b8894e5766f1aac9fe/snapshots/027a8f86-e286-4f52-b945-f89777c50cf9/action
2025-10-30 12:48:32.434 72 INFO cinder.api.contrib.snapshot_actions [None req-860bbc0a-4deb-4671-adb2-59cef22f1132 5bde4b59c6e04c8da0e457b38d4fdbc2 8bcac91aeb7940b8894e5766f1aac9fe - - default default] Updating snapshot 027a8f86-e286-4f52-b945-f89777c50cf9 with info {'id': '027a8f86-e286-4f52-b945-f89777c50cf9', 'status': 'error', 'progress': '80%'}
2025-10-30 12:48:32.438 72 INFO cinder.api.openstack.wsgi [None req-860bbc0a-4deb-4671-adb2-59cef22f1132 5bde4b59c6e04c8da0e457b38d4fdbc2 8bcac91aeb7940b8894e5766f1aac9fe - - default default] http://[LB_IP_ADDRESS]:8776/v3/8bcac91aeb7940b8894e5766f1aac9fe/snapshots/027a8f86-e286-4f52-b945-f89777c50cf9/action returned with HTTP 202
2025-10-30 12:48:32.450 73 INFO cinder.api.openstack.wsgi [None req-f30fbf6b-34ec-460e-b517-61cfb6f220a7 0b08000c56684f6681c1ed7a01a269b6 6281a5f094ef471faf30ab7dd9583dc5 - - default default] GET http://[LB_IP_ADDRESS]:8776/v3/6281a5f094ef471faf30ab7dd9583dc5/snapshots/027a8f86-e286-4f52-b945-f89777c50cf9
2025-10-30 12:48:32.458 73 INFO cinder.volume.api [None req-f30fbf6b-34ec-460e-b517-61cfb6f220a7 0b08000c56684f6681c1ed7a01a269b6 6281a5f094ef471faf30ab7dd9583dc5 - - default default] Snapshot retrieved successfully.
2025-10-30 12:48:32.459 73 INFO cinder.api.openstack.wsgi [None req-f30fbf6b-34ec-460e-b517-61cfb6f220a7 0b08000c56684f6681c1ed7a01a269b6 6281a5f094ef471faf30ab7dd9583dc5 - - default default] http://[LB_IP_ADDRESS]:8776/v3/6281a5f094ef471faf30ab7dd9583dc5/snapshots/027a8f86-e286-4f52-b945-f89777c50cf9 returned with HTTP 200
2025-10-30 12:48:32.475 74 INFO cinder.api.openstack.wsgi [None req-c408b18b-ed3a-4dbc-a77f-bbf37b96e8f2 0b08000c56684f6681c1ed7a01a269b6 6281a5f094ef471faf30ab7dd9583dc5 - - default default] POST http://[LB_IP_ADDRESS]:8776/v3/6281a5f094ef471faf30ab7dd9583dc5/snapshots/027a8f86-e286-4f52-b945-f89777c50cf9/action
2025-10-30 12:48:32.511 74 INFO cinder.api.openstack.wsgi [None req-c408b18b-ed3a-4dbc-a77f-bbf37b96e8f2 0b08000c56684f6681c1ed7a01a269b6 6281a5f094ef471faf30ab7dd9583dc5 - - default default] http://[LB_IP_ADDRESS]:8776/v3/6281a5f094ef471faf30ab7dd9583dc5/snapshots/027a8f86-e286-4f52-b945-f89777c50cf9/action returned with HTTP 202
2025-10-30 12:48:32.523 76 INFO cinder.api.openstack.wsgi [None req-7fd3d87c-922b-43ec-b5fc-7d3ad0d3335e 5bde4b59c6e04c8da0e457b38d4fdbc2 8bcac91aeb7940b8894e5766f1aac9fe - - default default] GET http://[LB_IP_ADDRESS]:8776/v3/8bcac91aeb7940b8894e5766f1aac9fe/snapshots/027a8f86-e286-4f52-b945-f89777c50cf9
2025-10-30 12:48:32.533 76 INFO cinder.volume.api [None req-7fd3d87c-922b-43ec-b5fc-7d3ad0d3335e 5bde4b59c6e04c8da0e457b38d4fdbc2 8bcac91aeb7940b8894e5766f1aac9fe - - default default] Snapshot retrieved successfully.
2025-10-30 12:48:32.534 76 INFO cinder.api.openstack.wsgi [None req-7fd3d87c-922b-43ec-b5fc-7d3ad0d3335e 5bde4b59c6e04c8da0e457b38d4fdbc2 8bcac91aeb7940b8894e5766f1aac9fe - - default default] http://[LB_IP_ADDRESS]:8776/v3/8bcac91aeb7940b8894e5766f1aac9fe/snapshots/027a8f86-e286-4f52-b945-f89777c50cf9 returned with HTTP 200
2025-10-30 12:48:32.551 75 INFO cinder.api.openstack.wsgi [None req-72ecae28-1f36-4596-a80a-8b8fdc025182 5bde4b59c6e04c8da0e457b38d4fdbc2 8bcac91aeb7940b8894e5766f1aac9fe - - default default] DELETE http://[LB_IP_ADDRESS]:8776/v3/8bcac91aeb7940b8894e5766f1aac9fe/snapshots/027a8f86-e286-4f52-b945-f89777c50cf9
2025-10-30 12:48:32.552 75 INFO cinder.api.v2.snapshots [None req-72ecae28-1f36-4596-a80a-8b8fdc025182 5bde4b59c6e04c8da0e457b38d4fdbc2 8bcac91aeb7940b8894e5766f1aac9fe - - default default] Delete snapshot with id: 027a8f86-e286-4f52-b945-f89777c50cf9
2025-10-30 12:48:32.561 75 INFO cinder.volume.api [None req-72ecae28-1f36-4596-a80a-8b8fdc025182 5bde4b59c6e04c8da0e457b38d4fdbc2 8bcac91aeb7940b8894e5766f1aac9fe - - default default] Snapshot retrieved successfully.
2025-10-30 12:48:32.580 75 INFO cinder.volume.api [None req-72ecae28-1f36-4596-a80a-8b8fdc025182 5bde4b59c6e04c8da0e457b38d4fdbc2 8bcac91aeb7940b8894e5766f1aac9fe - - default default] Snapshot delete request issued successfully.
