2025-10-09 21:49:33.896 75 INFO cinder.api.openstack.wsgi [None req-95c04eed-c5f6-46ee-9e9d-d287aa908343 f9d800dd5daa4258bcecb42b27c18658 4a741343b463453ea8756136158cec05 - - default default] http://[LB_IP_ADDRESS]:8776/v3/4a741343b463453ea8756136158cec05/volumes/368d0246-a392-4309-817a-7a9d6b221039 returned with HTTP 200
2025-10-09 21:49:33.901 74 INFO cinder.volume.api [None req-c406ae7b-c14f-4a7c-be93-681ca0c72356 19c9b4567b5c4ee7838545c14ff0d5d4 de442eb8ccc64c20b73c683bbd0b596c - - default default] Volume info retrieved successfully.
2025-10-09 21:49:33.916 74 INFO cinder.api.openstack.wsgi [None req-c406ae7b-c14f-4a7c-be93-681ca0c72356 19c9b4567b5c4ee7838545c14ff0d5d4 de442eb8ccc64c20b73c683bbd0b596c - - default default] http://[LB_IP_ADDRESS]:8776/v3/de442eb8ccc64c20b73c683bbd0b596c/volumes/6efbc928-d6d3-4086-8f5f-4978d201cda1 returned with HTTP 200
2025-10-09 21:49:33.937 73 INFO cinder.api.openstack.wsgi [None req-61ae5883-0cce-4877-8a5b-a81d3e2ae853 19c9b4567b5c4ee7838545c14ff0d5d4 de442eb8ccc64c20b73c683bbd0b596c - - default default] GET http://[LB_IP_ADDRESS]:8776/v3/de442eb8ccc64c20b73c683bbd0b596c/groups/316bacae-11c7-49d1-bc64-79f9e96745b6
2025-10-09 21:49:33.955 73 INFO cinder.api.openstack.wsgi [None req-61ae5883-0cce-4877-8a5b-a81d3e2ae853 19c9b4567b5c4ee7838545c14ff0d5d4 de442eb8ccc64c20b73c683bbd0b596c - - default default] http://[LB_IP_ADDRESS]:8776/v3/de442eb8ccc64c20b73c683bbd0b596c/groups/316bacae-11c7-49d1-bc64-79f9e96745b6 returned with HTTP 200
2025-10-09 21:49:33.970 76 INFO cinder.api.openstack.wsgi [None req-c78c17c1-d2e0-4479-8d41-92f6237ff243 19c9b4567b5c4ee7838545c14ff0d5d4 de442eb8ccc64c20b73c683bbd0b596c - - default default] GET http://[LB_IP_ADDRESS]:8776/v3/de442eb8ccc64c20b73c683bbd0b596c/volumes/detail
2025-10-09 21:49:33.985 76 INFO cinder.volume.api [None req-c78c17c1-d2e0-4479-8d41-92f6237ff243 19c9b4567b5c4ee7838545c14ff0d5d4 de442eb8ccc64c20b73c683bbd0b596c - - default default] Get all volumes completed successfully.
2025-10-09 21:49:34.009 76 INFO cinder.api.openstack.wsgi [None req-c78c17c1-d2e0-4479-8d41-92f6237ff243 19c9b4567b5c4ee7838545c14ff0d5d4 de442eb8ccc64c20b73c683bbd0b596c - - default default] http://[LB_IP_ADDRESS]:8776/v3/de442eb8ccc64c20b73c683bbd0b596c/volumes/detail returned with HTTP 200
2025-10-09 21:49:34.031 72 INFO cinder.api.openstack.wsgi [None req-89c2d5ca-ea41-4d18-8bdc-8101f6582b9e 19c9b4567b5c4ee7838545c14ff0d5d4 de442eb8ccc64c20b73c683bbd0b596c - - default default] POST http://[LB_IP_ADDRESS]:8776/v3/de442eb8ccc64c20b73c683bbd0b596c/groups/316bacae-11c7-49d1-bc64-79f9e96745b6/action
2025-10-09 21:49:34.035 72 INFO cinder.api.v3.groups [None req-89c2d5ca-ea41-4d18-8bdc-8101f6582b9e 19c9b4567b5c4ee7838545c14ff0d5d4 de442eb8ccc64c20b73c683bbd0b596c - - default default] Delete group with id: 316bacae-11c7-49d1-bc64-79f9e96745b6
2025-10-09 21:49:34.076 72 INFO cinder.api.openstack.wsgi [None req-89c2d5ca-ea41-4d18-8bdc-8101f6582b9e 19c9b4567b5c4ee7838545c14ff0d5d4 de442eb8ccc64c20b73c683bbd0b596c - - default default] http://[LB_IP_ADDRESS]:8776/v3/de442eb8ccc64c20b73c683bbd0b596c/groups/316bacae-11c7-49d1-bc64-79f9e96745b6/action returned with HTTP 202
2025-10-09 21:49:34.088 75 INFO cinder.api.openstack.wsgi [None req-43a4e49f-b7fb-45e3-86eb-6e4be6ae3dda 19c9b4567b5c4ee7838545c14ff0d5d4 de442eb8ccc64c20b73c683bbd0b596c - - default default] GET http://[LB_IP_ADDRESS]:8776/v3/de442eb8ccc64c20b73c683bbd0b596c/volumes/6efbc928-d6d3-4086-8f5f-4978d201cda1
2025-10-09 21:49:34.106 75 INFO cinder.volume.api [None req-43a4e49f-b7fb-45e3-86eb-6e4be6ae3dda 19c9b4567b5c4ee7838545c14ff0d5d4 de442eb8ccc64c20b73c683bbd0b596c - - default default] Volume info retrieved successfully.
2025-10-09 21:49:34.131 75 INFO cinder.api.openstack.wsgi [None req-43a4e49f-b7fb-45e3-86eb-6e4be6ae3dda 19c9b4567b5c4ee7838545c14ff0d5d4 de442eb8ccc64c20b73c683bbd0b596c - - default default] http://[LB_IP_ADDRESS]:8776/v3/de442eb8ccc64c20b73c683bbd0b596c/volumes/6efbc928-d6d3-4086-8f5f-4978d201cda1 returned with HTTP 200
2025-10-09 21:49:34.917 73 INFO cinder.api.openstack.wsgi [None req-09f826c3-badf-41b9-8402-814ac8fe8497 f9d800dd5daa4258bcecb42b27c18658 4a741343b463453ea8756136158cec05 - - default default] GET http://[LB_IP_ADDRESS]:8776/v3/4a741343b463453ea8756136158cec05/volumes/368d0246-a392-4309-817a-7a9d6b221039
2025-10-09 21:49:34.934 73 INFO cinder.volume.api [None req-09f826c3-badf-41b9-8402-814ac8fe8497 f9d800dd5daa4258bcecb42b27c18658 4a741343b463453ea8756136158cec05 - - default default] Volume info retrieved successfully.
2025-10-09 21:49:34.950 73 INFO cinder.api.openstack.wsgi [None req-09f826c3-badf-41b9-8402-814ac8fe8497 f9d800dd5daa4258bcecb42b27c18658 4a741343b463453ea8756136158cec05 - - default default] http://[LB_IP_ADDRESS]:8776/v3/4a741343b463453ea8756136158cec05/volumes/368d0246-a392-4309-817a-7a9d6b221039 returned with HTTP 200
2025-10-09 21:49:34.967 76 INFO cinder.api.openstack.wsgi [None req-e3b78e31-c35d-4f28-8c6d-310845ad7ade f9d800dd5daa4258bcecb42b27c18658 4a741343b463453ea8756136158cec05 - - default default] GET http://[LB_IP_ADDRESS]:8776/v3/4a741343b463453ea8756136158cec05/groups/dca2d222-89a6-4923-9859-e6891f20edc9
2025-10-09 21:49:34.981 76 INFO cinder.api.openstack.wsgi [None req-e3b78e31-c35d-4f28-8c6d-310845ad7ade f9d800dd5daa4258bcecb42b27c18658 4a741343b463453ea8756136158cec05 - - default default] http://[LB_IP_ADDRESS]:8776/v3/4a741343b463453ea8756136158cec05/groups/dca2d222-89a6-4923-9859-e6891f20edc9 returned with HTTP 200
2025-10-09 21:49:34.984 74 INFO cinder.api.openstack.wsgi [None req-df1b3465-e05d-4789-b5d6-12cf9911587a 244a58c2fee545ecbc7e4f1aa27875f6 2602a96c044f4e4ab91346b02fee7f90 - - default default] POST http://[LB_IP_ADDRESS]:8776/v3/2602a96c044f4e4ab91346b02fee7f90/group_types
2025-10-09 21:49:34.996 72 INFO cinder.api.openstack.wsgi [None req-18cfda2e-3822-41b4-b912-9c23c11eb16c f9d800dd5daa4258bcecb42b27c18658 4a741343b463453ea8756136158cec05 - - default default] GET http://[LB_IP_ADDRESS]:8776/v3/4a741343b463453ea8756136158cec05/volumes/detail
2025-10-09 21:49:35.007 74 INFO cinder.api.openstack.wsgi [None req-df1b3465-e05d-4789-b5d6-12cf9911587a 244a58c2fee545ecbc7e4f1aa27875f6 2602a96c044f4e4ab91346b02fee7f90 - - default default] http://[LB_IP_ADDRESS]:8776/v3/2602a96c044f4e4ab91346b02fee7f90/group_types returned with HTTP 202
2025-10-09 21:49:35.011 72 INFO cinder.volume.api [None req-18cfda2e-3822-41b4-b912-9c23c11eb16c f9d800dd5daa4258bcecb42b27c18658 4a741343b463453ea8756136158cec05 - - default default] Get all volumes completed successfully.
2025-10-09 21:49:35.022 75 INFO cinder.api.openstack.wsgi [None req-a4623b3d-4f51-440b-998e-973aa2775fad 244a58c2fee545ecbc7e4f1aa27875f6 2602a96c044f4e4ab91346b02fee7f90 - - default default] POST http://[LB_IP_ADDRESS]:8776/v3/2602a96c044f4e4ab91346b02fee7f90/group_types/419603e8-eecc-433f-9d69-7432c8759fcc/group_specs
2025-10-09 21:49:35.039 75 INFO cinder.api.openstack.wsgi [None req-a4623b3d-4f51-440b-998e-973aa2775fad 244a58c2fee545ecbc7e4f1aa27875f6 2602a96c044f4e4ab91346b02fee7f90 - - default default] http://[LB_IP_ADDRESS]:8776/v3/2602a96c044f4e4ab91346b02fee7f90/group_types/419603e8-eecc-433f-9d69-7432c8759fcc/group_specs returned with HTTP 202
2025-10-09 21:49:35.052 73 INFO cinder.api.openstack.wsgi [None req-5c48b99c-0598-4c42-90cd-8c9a7c350c1b 244a58c2fee545ecbc7e4f1aa27875f6 2602a96c044f4e4ab91346b02fee7f90 - - default default] POST http://[LB_IP_ADDRESS]:8776/v3/2602a96c044f4e4ab91346b02fee7f90/group_types/419603e8-eecc-433f-9d69-7432c8759fcc/group_specs
2025-10-09 21:49:35.058 72 INFO cinder.api.openstack.wsgi [None req-18cfda2e-3822-41b4-b912-9c23c11eb16c f9d800dd5daa4258bcecb42b27c18658 4a741343b463453ea8756136158cec05 - - default default] http://[LB_IP_ADDRESS]:8776/v3/4a741343b463453ea8756136158cec05/volumes/detail returned with HTTP 200
2025-10-09 21:49:35.069 73 INFO cinder.api.openstack.wsgi [None req-5c48b99c-0598-4c42-90cd-8c9a7c350c1b 244a58c2fee545ecbc7e4f1aa27875f6 2602a96c044f4e4ab91346b02fee7f90 - - default default] http://[LB_IP_ADDRESS]:8776/v3/2602a96c044f4e4ab91346b02fee7f90/group_types/419603e8-eecc-433f-9d69-7432c8759fcc/group_specs returned with HTTP 202
2025-10-09 21:49:35.076 74 INFO cinder.api.openstack.wsgi [None req-1b8c9ed2-9882-487d-99ef-7958f332e44d 244a58c2fee545ecbc7e4f1aa27875f6 2602a96c044f4e4ab91346b02fee7f90 - - default default] GET http://[LB_IP_ADDRESS]:8776/v3/2602a96c044f4e4ab91346b02fee7f90/group_types/419603e8-eecc-433f-9d69-7432c8759fcc/group_specs/key2
2025-10-09 21:49:35.080 76 INFO cinder.api.openstack.wsgi [None req-32c5f914-8f9e-4e0c-92ba-26f743fbaf47 f9d800dd5daa4258bcecb42b27c18658 4a741343b463453ea8756136158cec05 - - default default] POST http://[LB_IP_ADDRESS]:8776/v3/4a741343b463453ea8756136158cec05/groups/dca2d222-89a6-4923-9859-e6891f20edc9/action
2025-10-09 21:49:35.082 74 INFO cinder.api.openstack.wsgi [None req-1b8c9ed2-9882-487d-99ef-7958f332e44d 244a58c2fee545ecbc7e4f1aa27875f6 2602a96c044f4e4ab91346b02fee7f90 - - default default] http://[LB_IP_ADDRESS]:8776/v3/2602a96c044f4e4ab91346b02fee7f90/group_types/419603e8-eecc-433f-9d69-7432c8759fcc/group_specs/key2 returned with HTTP 200
2025-10-09 21:49:35.083 76 INFO cinder.api.v3.groups [None req-32c5f914-8f9e-4e0c-92ba-26f743fbaf47 f9d800dd5daa4258bcecb42b27c18658 4a741343b463453ea8756136158cec05 - - default default] Delete group with id: dca2d222-89a6-4923-9859-e6891f20edc9
2025-10-09 21:49:35.092 75 INFO cinder.api.openstack.wsgi [None req-f87ed2d2-c3f0-4ac4-a997-c55d260e3dae 244a58c2fee545ecbc7e4f1aa27875f6 2602a96c044f4e4ab91346b02fee7f90 - - default default] GET http://[LB_IP_ADDRESS]:8776/v3/2602a96c044f4e4ab91346b02fee7f90/group_types/419603e8-eecc-433f-9d69-7432c8759fcc/group_specs/key3
2025-10-09 21:49:35.100 75 INFO cinder.api.openstack.wsgi [None req-f87ed2d2-c3f0-4ac4-a997-c55d260e3dae 244a58c2fee545ecbc7e4f1aa27875f6 2602a96c044f4e4ab91346b02fee7f90 - - default default] http://[LB_IP_ADDRESS]:8776/v3/2602a96c044f4e4ab91346b02fee7f90/group_types/419603e8-eecc-433f-9d69-7432c8759fcc/group_specs/key3 returned with HTTP 200
2025-10-09 21:49:35.112 72 INFO cinder.api.openstack.wsgi [None req-fb590beb-7de4-4901-84a9-012b7dbc1b18 244a58c2fee545ecbc7e4f1aa27875f6 2602a96c044f4e4ab91346b02fee7f90 - - default default] PUT http://[LB_IP_ADDRESS]:8776/v3/2602a96c044f4e4ab91346b02fee7f90/group_types/419603e8-eecc-433f-9d69-7432c8759fcc/group_specs/key3
2025-10-09 21:49:35.128 72 INFO cinder.api.openstack.wsgi [None req-fb590beb-7de4-4901-84a9-012b7dbc1b18 244a58c2fee545ecbc7e4f1aa27875f6 2602a96c044f4e4ab91346b02fee7f90 - - default default] http://[LB_IP_ADDRESS]:8776/v3/2602a96c044f4e4ab91346b02fee7f90/group_types/419603e8-eecc-433f-9d69-7432c8759fcc/group_specs/key3 returned with HTTP 200
2025-10-09 21:49:35.128 76 INFO cinder.api.openstack.wsgi [None req-32c5f914-8f9e-4e0c-92ba-26f743fbaf47 f9d800dd5daa4258bcecb42b27c18658 4a741343b463453ea8756136158cec05 - - default default] http://[LB_IP_ADDRESS]:8776/v3/4a741343b463453ea8756136158cec05/groups/dca2d222-89a6-4923-9859-e6891f20edc9/action returned with HTTP 202
2025-10-09 21:49:35.143 73 INFO cinder.api.openstack.wsgi [None req-6751c4fc-65a3-4bd3-91b6-9ea8187139b9 f9d800dd5daa4258bcecb42b27c18658 4a741343b463453ea8756136158cec05 - - default default] GET http://[LB_IP_ADDRESS]:8776/v3/4a741343b463453ea8756136158cec05/volumes/368d0246-a392-4309-817a-7a9d6b221039
2025-10-09 21:49:35.143 74 INFO cinder.api.openstack.wsgi [None req-1767c978-fbfb-421d-bff6-5b1316c60d65 244a58c2fee545ecbc7e4f1aa27875f6 2602a96c044f4e4ab91346b02fee7f90 - - default default] GET http://[LB_IP_ADDRESS]:8776/v3/2602a96c044f4e4ab91346b02fee7f90/group_types/419603e8-eecc-433f-9d69-7432c8759fcc/group_specs
2025-10-09 21:49:35.149 75 INFO cinder.api.openstack.wsgi [None req-666421e1-2612-4fb8-a167-d807902c174f 19c9b4567b5c4ee7838545c14ff0d5d4 de442eb8ccc64c20b73c683bbd0b596c - - default default] GET http://[LB_IP_ADDRESS]:8776/v3/de442eb8ccc64c20b73c683bbd0b596c/volumes/6efbc928-d6d3-4086-8f5f-4978d201cda1
2025-10-09 21:49:35.153 74 INFO cinder.api.openstack.wsgi [None req-1767c978-fbfb-421d-bff6-5b1316c60d65 244a58c2fee545ecbc7e4f1aa27875f6 2602a96c044f4e4ab91346b02fee7f90 - - default default] http://[LB_IP_ADDRESS]:8776/v3/2602a96c044f4e4ab91346b02fee7f90/group_types/419603e8-eecc-433f-9d69-7432c8759fcc/group_specs returned with HTTP 200
2025-10-09 21:49:35.159 75 INFO cinder.api.openstack.wsgi [None req-666421e1-2612-4fb8-a167-d807902c174f 19c9b4567b5c4ee7838545c14ff0d5d4 de442eb8ccc64c20b73c683bbd0b596c - - default default] http://[LB_IP_ADDRESS]:8776/v3/de442eb8ccc64c20b73c683bbd0b596c/volumes/6efbc928-d6d3-4086-8f5f-4978d201cda1 returned with HTTP 404
2025-10-09 21:49:35.160 73 INFO cinder.volume.api [None req-6751c4fc-65a3-4bd3-91b6-9ea8187139b9 f9d800dd5daa4258bcecb42b27c18658 4a741343b463453ea8756136158cec05 - - default default] Volume info retrieved successfully.
2025-10-09 21:49:35.162 76 INFO cinder.api.openstack.wsgi [None req-65182a93-17a9-42f3-bae8-c8d182afda17 244a58c2fee545ecbc7e4f1aa27875f6 2602a96c044f4e4ab91346b02fee7f90 - - default default] DELETE http://[LB_IP_ADDRESS]:8776/v3/2602a96c044f4e4ab91346b02fee7f90/group_types/419603e8-eecc-433f-9d69-7432c8759fcc/group_specs/key1
2025-10-09 21:49:35.171 72 INFO cinder.api.openstack.wsgi [None req-40c197b9-64b3-48db-819c-02e63d06ee4f 19c9b4567b5c4ee7838545c14ff0d5d4 de442eb8ccc64c20b73c683bbd0b596c - - default default] GET http://[LB_IP_ADDRESS]:8776/v3/de442eb8ccc64c20b73c683bbd0b596c/groups/316bacae-11c7-49d1-bc64-79f9e96745b6
2025-10-09 21:49:35.176 73 INFO cinder.api.openstack.wsgi [None req-6751c4fc-65a3-4bd3-91b6-9ea8187139b9 f9d800dd5daa4258bcecb42b27c18658 4a741343b463453ea8756136158cec05 - - default default] http://[LB_IP_ADDRESS]:8776/v3/4a741343b463453ea8756136158cec05/volumes/368d0246-a392-4309-817a-7a9d6b221039 returned with HTTP 200
2025-10-09 21:49:35.176 72 INFO cinder.api.openstack.wsgi [None req-40c197b9-64b3-48db-819c-02e63d06ee4f 19c9b4567b5c4ee7838545c14ff0d5d4 de442eb8ccc64c20b73c683bbd0b596c - - default default] http://[LB_IP_ADDRESS]:8776/v3/de442eb8ccc64c20b73c683bbd0b596c/groups/316bacae-11c7-49d1-bc64-79f9e96745b6 returned with HTTP 404
2025-10-09 21:49:35.180 76 INFO cinder.api.openstack.wsgi [None req-65182a93-17a9-42f3-bae8-c8d182afda17 244a58c2fee545ecbc7e4f1aa27875f6 2602a96c044f4e4ab91346b02fee7f90 - - default default] http://[LB_IP_ADDRESS]:8776/v3/2602a96c044f4e4ab91346b02fee7f90/group_types/419603e8-eecc-433f-9d69-7432c8759fcc/group_specs/key1 returned with HTTP 202
2025-10-09 21:49:35.189 74 INFO cinder.api.openstack.wsgi [None req-0226f4a5-c9b3-4e2b-8415-3f7aa5fad7ab 19c9b4567b5c4ee7838545c14ff0d5d4 de442eb8ccc64c20b73c683bbd0b596c - - default default] GET http://[LB_IP_ADDRESS]:8776/v3/de442eb8ccc64c20b73c683bbd0b596c/volumes/detail
2025-10-09 21:49:35.193 75 INFO cinder.api.openstack.wsgi [None req-4ed75c90-505e-4c8a-925d-15cec716ae27 244a58c2fee545ecbc7e4f1aa27875f6 2602a96c044f4e4ab91346b02fee7f90 - - default default] GET http://[LB_IP_ADDRESS]:8776/v3/2602a96c044f4e4ab91346b02fee7f90/group_types/419603e8-eecc-433f-9d69-7432c8759fcc/group_specs/key1
2025-10-09 21:49:35.204 75 INFO cinder.api.openstack.wsgi [None req-4ed75c90-505e-4c8a-925d-15cec716ae27 244a58c2fee545ecbc7e4f1aa27875f6 2602a96c044f4e4ab91346b02fee7f90 - - default default] HTTP exception thrown: Group Type 419603e8-eecc-433f-9d69-7432c8759fcc has no extra spec with key key1.
2025-10-09 21:49:35.205 75 INFO cinder.api.openstack.wsgi [None req-4ed75c90-505e-4c8a-925d-15cec716ae27 244a58c2fee545ecbc7e4f1aa27875f6 2602a96c044f4e4ab91346b02fee7f90 - - default default] http://[LB_IP_ADDRESS]:8776/v3/2602a96c044f4e4ab91346b02fee7f90/group_types/419603e8-eecc-433f-9d69-7432c8759fcc/group_specs/key1 returned with HTTP 404
2025-10-09 21:49:35.210 74 INFO cinder.volume.api [None req-0226f4a5-c9b3-4e2b-8415-3f7aa5fad7ab 19c9b4567b5c4ee7838545c14ff0d5d4 de442eb8ccc64c20b73c683bbd0b596c - - default default] Get all volumes completed successfully.
2025-10-09 21:49:35.219 73 INFO cinder.api.openstack.wsgi [None req-6bd7b8d4-9e19-488d-9c3f-1d35fb52028d 244a58c2fee545ecbc7e4f1aa27875f6 2602a96c044f4e4ab91346b02fee7f90 - - default default] DELETE http://[LB_IP_ADDRESS]:8776/v3/2602a96c044f4e4ab91346b02fee7f90/group_types/419603e8-eecc-433f-9d69-7432c8759fcc/group_specs/key2
2025-10-09 21:49:35.227 74 INFO cinder.api.openstack.wsgi [None req-0226f4a5-c9b3-4e2b-8415-3f7aa5fad7ab 19c9b4567b5c4ee7838545c14ff0d5d4 de442eb8ccc64c20b73c683bbd0b596c - - default default] http://[LB_IP_ADDRESS]:8776/v3/de442eb8ccc64c20b73c683bbd0b596c/volumes/detail returned with HTTP 200
2025-10-09 21:49:35.236 73 INFO cinder.api.openstack.wsgi [None req-6bd7b8d4-9e19-488d-9c3f-1d35fb52028d 244a58c2fee545ecbc7e4f1aa27875f6 2602a96c044f4e4ab91346b02fee7f90 - - default default] http://[LB_IP_ADDRESS]:8776/v3/2602a96c044f4e4ab91346b02fee7f90/group_types/419603e8-eecc-433f-9d69-7432c8759fcc/group_specs/key2 returned with HTTP 202
2025-10-09 21:49:35.247 72 INFO cinder.api.openstack.wsgi [None req-ba6f9f3d-953d-428f-ac75-c35b853ab88f 244a58c2fee545ecbc7e4f1aa27875f6 2602a96c044f4e4ab91346b02fee7f90 - - default default] GET http://[LB_IP_ADDRESS]:8776/v3/2602a96c044f4e4ab91346b02fee7f90/group_types/419603e8-eecc-433f-9d69-7432c8759fcc/group_specs/key2
2025-10-09 21:49:35.249 76 INFO cinder.api.openstack.wsgi [None req-d38b0479-47b1-44b5-a2a0-d0cce445edb7 19c9b4567b5c4ee7838545c14ff0d5d4 de442eb8ccc64c20b73c683bbd0b596c - - default default] POST http://[LB_IP_ADDRESS]:8776/v3/de442eb8ccc64c20b73c683bbd0b596c/groups/c96b3dc4-dbcc-4a36-a300-c2cf05a12ab5/action
2025-10-09 21:49:35.253 76 INFO cinder.api.v3.groups [None req-d38b0479-47b1-44b5-a2a0-d0cce445edb7 19c9b4567b5c4ee7838545c14ff0d5d4 de442eb8ccc64c20b73c683bbd0b596c - - default default] Delete group with id: c96b3dc4-dbcc-4a36-a300-c2cf05a12ab5
2025-10-09 21:49:35.256 72 INFO cinder.api.openstack.wsgi [None req-ba6f9f3d-953d-428f-ac75-c35b853ab88f 244a58c2fee545ecbc7e4f1aa27875f6 2602a96c044f4e4ab91346b02fee7f90 - - default default] HTTP exception thrown: Group Type 419603e8-eecc-433f-9d69-7432c8759fcc has no extra spec with key key2.
2025-10-09 21:49:35.257 72 INFO cinder.api.openstack.wsgi [None req-ba6f9f3d-953d-428f-ac75-c35b853ab88f 244a58c2fee545ecbc7e4f1aa27875f6 2602a96c044f4e4ab91346b02fee7f90 - - default default] http://[LB_IP_ADDRESS]:8776/v3/2602a96c044f4e4ab91346b02fee7f90/group_types/419603e8-eecc-433f-9d69-7432c8759fcc/group_specs/key2 returned with HTTP 404
2025-10-09 21:49:35.266 75 INFO cinder.api.openstack.wsgi [None req-d118efa0-eb71-4b46-af1a-25cbb8c7c7fd 244a58c2fee545ecbc7e4f1aa27875f6 2602a96c044f4e4ab91346b02fee7f90 - - default default] DELETE http://[LB_IP_ADDRESS]:8776/v3/2602a96c044f4e4ab91346b02fee7f90/group_types/419603e8-eecc-433f-9d69-7432c8759fcc/group_specs/key3
2025-10-09 21:49:35.279 75 INFO cinder.api.openstack.wsgi [None req-d118efa0-eb71-4b46-af1a-25cbb8c7c7fd 244a58c2fee545ecbc7e4f1aa27875f6 2602a96c044f4e4ab91346b02fee7f90 - - default default] http://[LB_IP_ADDRESS]:8776/v3/2602a96c044f4e4ab91346b02fee7f90/group_types/419603e8-eecc-433f-9d69-7432c8759fcc/group_specs/key3 returned with HTTP 202
2025-10-09 21:49:35.291 74 INFO cinder.api.openstack.wsgi [None req-8edc580a-08fa-4592-80c5-ecb0cc5c8a37 244a58c2fee545ecbc7e4f1aa27875f6 2602a96c044f4e4ab91346b02fee7f90 - - default default] GET http://[LB_IP_ADDRESS]:8776/v3/2602a96c044f4e4ab91346b02fee7f90/group_types/419603e8-eecc-433f-9d69-7432c8759fcc/group_specs/key3
2025-10-09 21:49:35.295 76 INFO cinder.api.openstack.wsgi [None req-d38b0479-47b1-44b5-a2a0-d0cce445edb7 19c9b4567b5c4ee7838545c14ff0d5d4 de442eb8ccc64c20b73c683bbd0b596c - - default default] http://[LB_IP_ADDRESS]:8776/v3/de442eb8ccc64c20b73c683bbd0b596c/groups/c96b3dc4-dbcc-4a36-a300-c2cf05a12ab5/action returned with HTTP 202
2025-10-09 21:49:35.299 74 INFO cinder.api.openstack.wsgi [None req-8edc580a-08fa-4592-80c5-ecb0cc5c8a37 244a58c2fee545ecbc7e4f1aa27875f6 2602a96c044f4e4ab91346b02fee7f90 - - default default] HTTP exception thrown: Group Type 419603e8-eecc-433f-9d69-7432c8759fcc has no extra spec with key key3.
2025-10-09 21:49:35.299 74 INFO cinder.api.openstack.wsgi [None req-8edc580a-08fa-4592-80c5-ecb0cc5c8a37 244a58c2fee545ecbc7e4f1aa27875f6 2602a96c044f4e4ab91346b02fee7f90 - - default default] http://[LB_IP_ADDRESS]:8776/v3/2602a96c044f4e4ab91346b02fee7f90/group_types/419603e8-eecc-433f-9d69-7432c8759fcc/group_specs/key3 returned with HTTP 404
2025-10-09 21:49:35.304 73 INFO cinder.api.openstack.wsgi [None req-c7489391-607a-4157-a6a3-9571ed5eedf3 19c9b4567b5c4ee7838545c14ff0d5d4 de442eb8ccc64c20b73c683bbd0b596c - - default default] GET http://[LB_IP_ADDRESS]:8776/v3/de442eb8ccc64c20b73c683bbd0b596c/volumes/770d0495-f711-4cbd-bd76-119e74c39fa5
2025-10-09 21:49:35.311 72 INFO cinder.api.openstack.wsgi [None req-a8e302f3-c0aa-4f1a-95a1-f33f93f88ff1 244a58c2fee545ecbc7e4f1aa27875f6 2602a96c044f4e4ab91346b02fee7f90 - - default default] DELETE http://[LB_IP_ADDRESS]:8776/v3/2602a96c044f4e4ab91346b02fee7f90/group_types/419603e8-eecc-433f-9d69-7432c8759fcc
2025-10-09 21:49:35.320 73 INFO cinder.volume.api [None req-c7489391-607a-4157-a6a3-9571ed5eedf3 19c9b4567b5c4ee7838545c14ff0d5d4 de442eb8ccc64c20b73c683bbd0b596c - - default default] Volume info retrieved successfully.
2025-10-09 21:49:35.326 72 INFO cinder.api.openstack.wsgi [None req-a8e302f3-c0aa-4f1a-95a1-f33f93f88ff1 244a58c2fee545ecbc7e4f1aa27875f6 2602a96c044f4e4ab91346b02fee7f90 - - default default] http://[LB_IP_ADDRESS]:8776/v3/2602a96c044f4e4ab91346b02fee7f90/group_types/419603e8-eecc-433f-9d69-7432c8759fcc returned with HTTP 202
2025-10-09 21:49:35.335 73 INFO cinder.api.openstack.wsgi [None req-c7489391-607a-4157-a6a3-9571ed5eedf3 19c9b4567b5c4ee7838545c14ff0d5d4 de442eb8ccc64c20b73c683bbd0b596c - - default default] http://[LB_IP_ADDRESS]:8776/v3/de442eb8ccc64c20b73c683bbd0b596c/volumes/770d0495-f711-4cbd-bd76-119e74c39fa5 returned with HTTP 200
2025-10-09 21:49:36.197 75 INFO cinder.api.openstack.wsgi [None req-d8acfe06-5d1c-4900-a338-d5d92610b6cf f9d800dd5daa4258bcecb42b27c18658 4a741343b463453ea8756136158cec05 - - default default] GET http://[LB_IP_ADDRESS]:8776/v3/4a741343b463453ea8756136158cec05/volumes/368d0246-a392-4309-817a-7a9d6b221039
2025-10-09 21:49:36.208 75 INFO cinder.api.openstack.wsgi [None req-d8acfe06-5d1c-4900-a338-d5d92610b6cf f9d800dd5daa4258bcecb42b27c18658 4a741343b463453ea8756136158cec05 - - default default] http://[LB_IP_ADDRESS]:8776/v3/4a741343b463453ea8756136158cec05/volumes/368d0246-a392-4309-817a-7a9d6b221039 returned with HTTP 404
2025-10-09 21:49:36.215 76 INFO cinder.api.openstack.wsgi [None req-5d719ba7-1090-42e0-9ae2-b8b7f5395562 f9d800dd5daa4258bcecb42b27c18658 4a741343b463453ea8756136158cec05 - - default default] GET http://[LB_IP_ADDRESS]:8776/v3/4a741343b463453ea8756136158cec05/groups/dca2d222-89a6-4923-9859-e6891f20edc9
2025-10-09 21:49:36.218 76 INFO cinder.api.openstack.wsgi [None req-5d719ba7-1090-42e0-9ae2-b8b7f5395562 f9d800dd5daa4258bcecb42b27c18658 4a741343b463453ea8756136158cec05 - - default default] http://[LB_IP_ADDRESS]:8776/v3/4a741343b463453ea8756136158cec05/groups/dca2d222-89a6-4923-9859-e6891f20edc9 returned with HTTP 404
2025-10-09 21:49:36.231 74 INFO cinder.api.openstack.wsgi [None req-fa8ff482-4d4c-4753-b995-1359a91c32f2 f9d800dd5daa4258bcecb42b27c18658 4a741343b463453ea8756136158cec05 - - default default] DELETE http://[LB_IP_ADDRESS]:8776/v3/4a741343b463453ea8756136158cec05/group_snapshots/8d33e39e-1c3b-4caa-aaf8-305105a936ad
2025-10-09 21:49:36.232 74 INFO cinder.api.v3.group_snapshots [None req-fa8ff482-4d4c-4753-b995-1359a91c32f2 f9d800dd5daa4258bcecb42b27c18658 4a741343b463453ea8756136158cec05 - - default default] Delete group_snapshot with id: 8d33e39e-1c3b-4caa-aaf8-305105a936ad
2025-10-09 21:49:36.266 74 INFO cinder.api.openstack.wsgi [None req-fa8ff482-4d4c-4753-b995-1359a91c32f2 f9d800dd5daa4258bcecb42b27c18658 4a741343b463453ea8756136158cec05 - - default default] http://[LB_IP_ADDRESS]:8776/v3/4a741343b463453ea8756136158cec05/group_snapshots/8d33e39e-1c3b-4caa-aaf8-305105a936ad returned with HTTP 202
2025-10-09 21:49:36.277 72 INFO cinder.api.openstack.wsgi [None req-b392fe78-f0b1-487f-bba0-7b7bd1e68220 f9d800dd5daa4258bcecb42b27c18658 4a741343b463453ea8756136158cec05 - - default default] GET http://[LB_IP_ADDRESS]:8776/v3/4a741343b463453ea8756136158cec05/volumes/detail
2025-10-09 21:49:36.291 72 INFO cinder.volume.api [None req-b392fe78-f0b1-487f-bba0-7b7bd1e68220 f9d800dd5daa4258bcecb42b27c18658 4a741343b463453ea8756136158cec05 - - default default] Get all volumes completed successfully.
2025-10-09 21:49:36.313 72 INFO cinder.api.openstack.wsgi [None req-b392fe78-f0b1-487f-bba0-7b7bd1e68220 f9d800dd5daa4258bcecb42b27c18658 4a741343b463453ea8756136158cec05 - - default default] http://[LB_IP_ADDRESS]:8776/v3/4a741343b463453ea8756136158cec05/volumes/detail returned with HTTP 200
2025-10-09 21:49:36.335 73 INFO cinder.api.openstack.wsgi [None req-7e9029f0-8005-4bb3-b776-9498406aba13 f9d800dd5daa4258bcecb42b27c18658 4a741343b463453ea8756136158cec05 - - default default] GET http://[LB_IP_ADDRESS]:8776/v3/4a741343b463453ea8756136158cec05/snapshots/detail
2025-10-09 21:49:36.344 73 INFO cinder.volume.api [None req-7e9029f0-8005-4bb3-b776-9498406aba13 f9d800dd5daa4258bcecb42b27c18658 4a741343b463453ea8756136158cec05 - - default default] Get all snapshots completed successfully.
2025-10-09 21:49:36.345 73 INFO cinder.api.openstack.wsgi [None req-7e9029f0-8005-4bb3-b776-9498406aba13 f9d800dd5daa4258bcecb42b27c18658 4a741343b463453ea8756136158cec05 - - default default] http://[LB_IP_ADDRESS]:8776/v3/4a741343b463453ea8756136158cec05/snapshots/detail returned with HTTP 200
2025-10-09 21:49:36.357 75 INFO cinder.api.openstack.wsgi [None req-c3efa18c-65dc-4256-b822-c379f8311935 19c9b4567b5c4ee7838545c14ff0d5d4 de442eb8ccc64c20b73c683bbd0b596c - - default default] GET http://[LB_IP_ADDRESS]:8776/v3/de442eb8ccc64c20b73c683bbd0b596c/volumes/770d0495-f711-4cbd-bd76-119e74c39fa5
2025-10-09 21:49:36.362 76 INFO cinder.api.openstack.wsgi [None req-06dc2b42-bbb1-44ce-a6da-1c7037f144fc f9d800dd5daa4258bcecb42b27c18658 4a741343b463453ea8756136158cec05 - - default default] GET http://[LB_IP_ADDRESS]:8776/v3/4a741343b463453ea8756136158cec05/snapshots/25085f63-882c-439f-8916-4fb5efb581a5
2025-10-09 21:49:36.369 75 INFO cinder.api.openstack.wsgi [None req-c3efa18c-65dc-4256-b822-c379f8311935 19c9b4567b5c4ee7838545c14ff0d5d4 de442eb8ccc64c20b73c683bbd0b596c - - default default] http://[LB_IP_ADDRESS]:8776/v3/de442eb8ccc64c20b73c683bbd0b596c/volumes/770d0495-f711-4cbd-bd76-119e74c39fa5 returned with HTTP 404
2025-10-09 21:49:36.371 76 INFO cinder.volume.api [None req-06dc2b42-bbb1-44ce-a6da-1c7037f144fc f9d800dd5daa4258bcecb42b27c18658 4a741343b463453ea8756136158cec05 - - default default] Snapshot retrieved successfully.
2025-10-09 21:49:36.372 76 INFO cinder.api.openstack.wsgi [None req-06dc2b42-bbb1-44ce-a6da-1c7037f144fc f9d800dd5daa4258bcecb42b27c18658 4a741343b463453ea8756136158cec05 - - default default] http://[LB_IP_ADDRESS]:8776/v3/4a741343b463453ea8756136158cec05/snapshots/25085f63-882c-439f-8916-4fb5efb581a5 returned with HTTP 200
2025-10-09 21:49:36.382 74 INFO cinder.api.openstack.wsgi [None req-53360edb-be9e-4899-8e64-b41a5a8d343a 19c9b4567b5c4ee7838545c14ff0d5d4 de442eb8ccc64c20b73c683bbd0b596c - - default default] GET http://[LB_IP_ADDRESS]:8776/v3/de442eb8ccc64c20b73c683bbd0b596c/groups/c96b3dc4-dbcc-4a36-a300-c2cf05a12ab5
2025-10-09 21:49:36.388 74 INFO cinder.api.openstack.wsgi [None req-53360edb-be9e-4899-8e64-b41a5a8d343a 19c9b4567b5c4ee7838545c14ff0d5d4 de442eb8ccc64c20b73c683bbd0b596c - - default default] http://[LB_IP_ADDRESS]:8776/v3/de442eb8ccc64c20b73c683bbd0b596c/groups/c96b3dc4-dbcc-4a36-a300-c2cf05a12ab5 returned with HTTP 404
2025-10-09 21:49:36.401 72 INFO cinder.api.openstack.wsgi [None req-e0d0ccd1-4300-4ac1-83c9-46eeb40a3bec fda61c7701c041f9a5d33f00ac67f6e6 218cdaeca2a44f75afc5992c9b96d824 - - default default] DELETE http://[LB_IP_ADDRESS]:8776/v3/218cdaeca2a44f75afc5992c9b96d824/group_types/76dda4e7-8d66-4ed8-b362-bf75294337b4
2025-10-09 21:49:36.415 72 INFO cinder.api.openstack.wsgi [None req-e0d0ccd1-4300-4ac1-83c9-46eeb40a3bec fda61c7701c041f9a5d33f00ac67f6e6 218cdaeca2a44f75afc5992c9b96d824 - - default default] http://[LB_IP_ADDRESS]:8776/v3/218cdaeca2a44f75afc5992c9b96d824/group_types/76dda4e7-8d66-4ed8-b362-bf75294337b4 returned with HTTP 202
2025-10-09 21:49:36.425 73 INFO cinder.api.openstack.wsgi [None req-0ec5d11b-4228-44f0-9342-b840d64cdb4b fda61c7701c041f9a5d33f00ac67f6e6 218cdaeca2a44f75afc5992c9b96d824 - - default default] DELETE http://[LB_IP_ADDRESS]:8776/v3/218cdaeca2a44f75afc5992c9b96d824/types/a1a31bad-0c93-42c8-baed-5c7860f734c3
2025-10-09 21:49:36.451 73 INFO cinder.api.openstack.wsgi [None req-0ec5d11b-4228-44f0-9342-b840d64cdb4b fda61c7701c041f9a5d33f00ac67f6e6 218cdaeca2a44f75afc5992c9b96d824 - - default default] http://[LB_IP_ADDRESS]:8776/v3/218cdaeca2a44f75afc5992c9b96d824/types/a1a31bad-0c93-42c8-baed-5c7860f734c3 returned with HTTP 202
2025-10-09 21:49:36.463 75 INFO cinder.api.openstack.wsgi [None req-b52a48e4-86aa-4242-bfeb-dfb3214e1295 fda61c7701c041f9a5d33f00ac67f6e6 218cdaeca2a44f75afc5992c9b96d824 - - default default] GET http://[LB_IP_ADDRESS]:8776/v3/218cdaeca2a44f75afc5992c9b96d824/types/a1a31bad-0c93-42c8-baed-5c7860f734c3
2025-10-09 21:49:36.470 75 INFO cinder.api.openstack.wsgi [None req-b52a48e4-86aa-4242-bfeb-dfb3214e1295 fda61c7701c041f9a5d33f00ac67f6e6 218cdaeca2a44f75afc5992c9b96d824 - - default default] http://[LB_IP_ADDRESS]:8776/v3/218cdaeca2a44f75afc5992c9b96d824/types/a1a31bad-0c93-42c8-baed-5c7860f734c3 returned with HTTP 404
2025-10-09 21:49:37.388 76 INFO cinder.api.openstack.wsgi [None req-75e3299f-ad8a-4dee-837a-b4fa6bfe880e f9d800dd5daa4258bcecb42b27c18658 4a741343b463453ea8756136158cec05 - - default default] GET http://[LB_IP_ADDRESS]:8776/v3/4a741343b463453ea8756136158cec05/snapshots/25085f63-882c-439f-8916-4fb5efb581a5
2025-10-09 21:49:37.396 76 INFO cinder.api.openstack.wsgi [None req-75e3299f-ad8a-4dee-837a-b4fa6bfe880e f9d800dd5daa4258bcecb42b27c18658 4a741343b463453ea8756136158cec05 - - default default] http://[LB_IP_ADDRESS]:8776/v3/4a741343b463453ea8756136158cec05/snapshots/25085f63-882c-439f-8916-4fb5efb581a5 returned with HTTP 404
2025-10-09 21:49:37.406 74 INFO cinder.api.openstack.wsgi [None req-9d19d1ff-2aeb-4e57-b8d6-4a801bb32f56 f9d800dd5daa4258bcecb42b27c18658 4a741343b463453ea8756136158cec05 - - default default] GET http://[LB_IP_ADDRESS]:8776/v3/4a741343b463453ea8756136158cec05/group_snapshots/8d33e39e-1c3b-4caa-aaf8-305105a936ad
2025-10-09 21:49:37.410 74 INFO cinder.api.openstack.wsgi [None req-9d19d1ff-2aeb-4e57-b8d6-4a801bb32f56 f9d800dd5daa4258bcecb42b27c18658 4a741343b463453ea8756136158cec05 - - default default] http://[LB_IP_ADDRESS]:8776/v3/4a741343b463453ea8756136158cec05/group_snapshots/8d33e39e-1c3b-4caa-aaf8-305105a936ad returned with HTTP 404
2025-10-09 21:49:37.423 72 INFO cinder.api.openstack.wsgi [None req-ac327f79-a8c4-49c9-b6b2-1c2976393514 f9d800dd5daa4258bcecb42b27c18658 4a741343b463453ea8756136158cec05 - - default default] GET http://[LB_IP_ADDRESS]:8776/v3/4a741343b463453ea8756136158cec05/volumes/detail
2025-10-09 21:49:37.436 72 INFO cinder.volume.api [None req-ac327f79-a8c4-49c9-b6b2-1c2976393514 f9d800dd5daa4258bcecb42b27c18658 4a741343b463453ea8756136158cec05 - - default default] Get all volumes completed successfully.
2025-10-09 21:49:37.459 72 INFO cinder.api.openstack.wsgi [None req-ac327f79-a8c4-49c9-b6b2-1c2976393514 f9d800dd5daa4258bcecb42b27c18658 4a741343b463453ea8756136158cec05 - - default default] http://[LB_IP_ADDRESS]:8776/v3/4a741343b463453ea8756136158cec05/volumes/detail returned with HTTP 200
2025-10-09 21:49:37.481 73 INFO cinder.api.openstack.wsgi [None req-91e433c1-8e4b-4807-832a-b4ce0be2259f f9d800dd5daa4258bcecb42b27c18658 4a741343b463453ea8756136158cec05 - - default default] POST http://[LB_IP_ADDRESS]:8776/v3/4a741343b463453ea8756136158cec05/groups/5bce0338-9b6e-4c8c-b9f6-af614292c5be/action
2025-10-09 21:49:37.487 73 INFO cinder.api.v3.groups [None req-91e433c1-8e4b-4807-832a-b4ce0be2259f f9d800dd5daa4258bcecb42b27c18658 4a741343b463453ea8756136158cec05 - - default default] Delete group with id: 5bce0338-9b6e-4c8c-b9f6-af614292c5be
2025-10-09 21:49:37.519 73 INFO cinder.api.openstack.wsgi [None req-91e433c1-8e4b-4807-832a-b4ce0be2259f f9d800dd5daa4258bcecb42b27c18658 4a741343b463453ea8756136158cec05 - - default default] http://[LB_IP_ADDRESS]:8776/v3/4a741343b463453ea8756136158cec05/groups/5bce0338-9b6e-4c8c-b9f6-af614292c5be/action returned with HTTP 202
2025-10-09 21:49:37.532 75 INFO cinder.api.openstack.wsgi [None req-45f88488-cba3-47c0-af0e-b2a99359c315 f9d800dd5daa4258bcecb42b27c18658 4a741343b463453ea8756136158cec05 - - default default] GET http://[LB_IP_ADDRESS]:8776/v3/4a741343b463453ea8756136158cec05/volumes/f666b39f-c3af-4f00-a306-8d365f0b9ae6
2025-10-09 21:49:37.549 75 INFO cinder.volume.api [None req-45f88488-cba3-47c0-af0e-b2a99359c315 f9d800dd5daa4258bcecb42b27c18658 4a741343b463453ea8756136158cec05 - - default default] Volume info retrieved successfully.
2025-10-09 21:49:37.564 75 INFO cinder.api.openstack.wsgi [None req-45f88488-cba3-47c0-af0e-b2a99359c315 f9d800dd5daa4258bcecb42b27c18658 4a741343b463453ea8756136158cec05 - - default default] http://[LB_IP_ADDRESS]:8776/v3/4a741343b463453ea8756136158cec05/volumes/f666b39f-c3af-4f00-a306-8d365f0b9ae6 returned with HTTP 200
2025-10-09 21:49:38.584 76 INFO cinder.api.openstack.wsgi [None req-8798413c-a0a9-46ad-86e3-88e78e917a6e f9d800dd5daa4258bcecb42b27c18658 4a741343b463453ea8756136158cec05 - - default default] GET http://[LB_IP_ADDRESS]:8776/v3/4a741343b463453ea8756136158cec05/volumes/f666b39f-c3af-4f00-a306-8d365f0b9ae6
2025-10-09 21:49:38.598 76 INFO cinder.api.openstack.wsgi [None req-8798413c-a0a9-46ad-86e3-88e78e917a6e f9d800dd5daa4258bcecb42b27c18658 4a741343b463453ea8756136158cec05 - - default default] http://[LB_IP_ADDRESS]:8776/v3/4a741343b463453ea8756136158cec05/volumes/f666b39f-c3af-4f00-a306-8d365f0b9ae6 returned with HTTP 404
2025-10-09 21:49:38.607 74 INFO cinder.api.openstack.wsgi [None req-04129c25-c0de-473f-88a9-06d95210076f f9d800dd5daa4258bcecb42b27c18658 4a741343b463453ea8756136158cec05 - - default default] GET http://[LB_IP_ADDRESS]:8776/v3/4a741343b463453ea8756136158cec05/groups/5bce0338-9b6e-4c8c-b9f6-af614292c5be
2025-10-09 21:49:38.609 74 INFO cinder.api.openstack.wsgi [None req-04129c25-c0de-473f-88a9-06d95210076f f9d800dd5daa4258bcecb42b27c18658 4a741343b463453ea8756136158cec05 - - default default] http://[LB_IP_ADDRESS]:8776/v3/4a741343b463453ea8756136158cec05/groups/5bce0338-9b6e-4c8c-b9f6-af614292c5be returned with HTTP 404
2025-10-09 21:49:38.622 72 INFO cinder.api.openstack.wsgi [None req-6ec160c2-f97f-4a7c-b5f7-986af638c8a4 f12b322d765c4ed288e99cf876593401 670bdf46a62c480c99a50c1e33b7a3e1 - - default default] DELETE http://[LB_IP_ADDRESS]:8776/v3/670bdf46a62c480c99a50c1e33b7a3e1/group_types/cc55ab29-8453-4f1d-9df8-669e07fa1745
2025-10-09 21:49:38.638 72 INFO cinder.api.openstack.wsgi [None req-6ec160c2-f97f-4a7c-b5f7-986af638c8a4 f12b322d765c4ed288e99cf876593401 670bdf46a62c480c99a50c1e33b7a3e1 - - default default] http://[LB_IP_ADDRESS]:8776/v3/670bdf46a62c480c99a50c1e33b7a3e1/group_types/cc55ab29-8453-4f1d-9df8-669e07fa1745 returned with HTTP 202
2025-10-09 21:49:38.650 73 INFO cinder.api.openstack.wsgi [None req-e152fde0-9f91-4e09-aa51-673fefe44d88 f12b322d765c4ed288e99cf876593401 670bdf46a62c480c99a50c1e33b7a3e1 - - default default] DELETE http://[LB_IP_ADDRESS]:8776/v3/670bdf46a62c480c99a50c1e33b7a3e1/types/024e10ed-a61e-4616-b0da-65566f55347b
2025-10-09 21:49:38.679 73 INFO cinder.api.openstack.wsgi [None req-e152fde0-9f91-4e09-aa51-673fefe44d88 f12b322d765c4ed288e99cf876593401 670bdf46a62c480c99a50c1e33b7a3e1 - - default default] http://[LB_IP_ADDRESS]:8776/v3/670bdf46a62c480c99a50c1e33b7a3e1/types/024e10ed-a61e-4616-b0da-65566f55347b returned with HTTP 202
2025-10-09 21:49:38.691 76 INFO cinder.api.openstack.wsgi [None req-f2e69b0f-3a66-42f8-b984-715b6a4b1b39 f12b322d765c4ed288e99cf876593401 670bdf46a62c480c99a50c1e33b7a3e1 - - default default] GET http://[LB_IP_ADDRESS]:8776/v3/670bdf46a62c480c99a50c1e33b7a3e1/types/024e10ed-a61e-4616-b0da-65566f55347b
2025-10-09 21:49:38.696 76 INFO cinder.api.openstack.wsgi [None req-f2e69b0f-3a66-42f8-b984-715b6a4b1b39 f12b322d765c4ed288e99cf876593401 670bdf46a62c480c99a50c1e33b7a3e1 - - default default] http://[LB_IP_ADDRESS]:8776/v3/670bdf46a62c480c99a50c1e33b7a3e1/types/024e10ed-a61e-4616-b0da-65566f55347b returned with HTTP 404
2025-10-09 21:49:38.710 74 INFO cinder.api.openstack.wsgi [None req-cfa053c4-7765-4fb3-a1cf-41c784886aa9 f12b322d765c4ed288e99cf876593401 670bdf46a62c480c99a50c1e33b7a3e1 - - default default] POST http://[LB_IP_ADDRESS]:8776/v3/670bdf46a62c480c99a50c1e33b7a3e1/types
2025-10-09 21:49:38.725 74 INFO cinder.api.openstack.wsgi [None req-cfa053c4-7765-4fb3-a1cf-41c784886aa9 f12b322d765c4ed288e99cf876593401 670bdf46a62c480c99a50c1e33b7a3e1 - - default default] http://[LB_IP_ADDRESS]:8776/v3/670bdf46a62c480c99a50c1e33b7a3e1/types returned with HTTP 200
2025-10-09 21:49:38.738 72 INFO cinder.api.openstack.wsgi [None req-9f216907-be84-4ae5-bdca-eeccdfd02ba7 f12b322d765c4ed288e99cf876593401 670bdf46a62c480c99a50c1e33b7a3e1 - - default default] POST http://[LB_IP_ADDRESS]:8776/v3/670bdf46a62c480c99a50c1e33b7a3e1/group_types
2025-10-09 21:49:38.753 72 INFO cinder.api.openstack.wsgi [None req-9f216907-be84-4ae5-bdca-eeccdfd02ba7 f12b322d765c4ed288e99cf876593401 670bdf46a62c480c99a50c1e33b7a3e1 - - default default] http://[LB_IP_ADDRESS]:8776/v3/670bdf46a62c480c99a50c1e33b7a3e1/group_types returned with HTTP 202
2025-10-09 21:49:38.765 73 INFO cinder.api.openstack.wsgi [None req-bfd48551-f3a1-4b83-ac58-86aa0ff28d17 f9d800dd5daa4258bcecb42b27c18658 4a741343b463453ea8756136158cec05 - - default default] POST http://[LB_IP_ADDRESS]:8776/v3/4a741343b463453ea8756136158cec05/groups
2025-10-09 21:49:38.773 73 INFO cinder.api.v3.groups [None req-bfd48551-f3a1-4b83-ac58-86aa0ff28d17 f9d800dd5daa4258bcecb42b27c18658 4a741343b463453ea8756136158cec05 - - default default] Creating group tempest-GroupSnapshotsTest-Group-860713623.
2025-10-09 21:49:38.779 73 INFO cinder.volume.api [None req-bfd48551-f3a1-4b83-ac58-86aa0ff28d17 f9d800dd5daa4258bcecb42b27c18658 4a741343b463453ea8756136158cec05 - - default default] Availability Zones retrieved successfully.
2025-10-09 21:49:38.786 75 INFO cinder.api.openstack.wsgi [None req-5be48732-d840-4086-b768-be153d7b7b7d 266c1cda4d2e4f27a80d31803d46ab27 280bd0e2e6d14ff4957dd1d0d44b1ff1 - - default default] POST http://[LB_IP_ADDRESS]:8776/v3/280bd0e2e6d14ff4957dd1d0d44b1ff1/types
2025-10-09 21:49:38.806 75 INFO cinder.api.openstack.wsgi [None req-5be48732-d840-4086-b768-be153d7b7b7d 266c1cda4d2e4f27a80d31803d46ab27 280bd0e2e6d14ff4957dd1d0d44b1ff1 - - default default] http://[LB_IP_ADDRESS]:8776/v3/280bd0e2e6d14ff4957dd1d0d44b1ff1/types returned with HTTP 200
2025-10-09 21:49:38.812 73 INFO cinder.api.openstack.wsgi [None req-bfd48551-f3a1-4b83-ac58-86aa0ff28d17 f9d800dd5daa4258bcecb42b27c18658 4a741343b463453ea8756136158cec05 - - default default] http://[LB_IP_ADDRESS]:8776/v3/4a741343b463453ea8756136158cec05/groups returned with HTTP 202
2025-10-09 21:49:38.818 76 INFO cinder.api.openstack.wsgi [None req-1bd6645c-0fd2-47d4-9033-33e0c5d418a4 266c1cda4d2e4f27a80d31803d46ab27 280bd0e2e6d14ff4957dd1d0d44b1ff1 - - default default] POST http://[LB_IP_ADDRESS]:8776/v3/280bd0e2e6d14ff4957dd1d0d44b1ff1/group_types
2025-10-09 21:49:38.825 74 INFO cinder.api.openstack.wsgi [None req-b04beb95-1361-4a96-aa62-571fb299b4e2 f9d800dd5daa4258bcecb42b27c18658 4a741343b463453ea8756136158cec05 - - default default] GET http://[LB_IP_ADDRESS]:8776/v3/4a741343b463453ea8756136158cec05/groups/a576ff14-14d3-4968-b74f-bab1b2f5579d
2025-10-09 21:49:38.835 76 INFO cinder.api.openstack.wsgi [None req-1bd6645c-0fd2-47d4-9033-33e0c5d418a4 266c1cda4d2e4f27a80d31803d46ab27 280bd0e2e6d14ff4957dd1d0d44b1ff1 - - default default] http://[LB_IP_ADDRESS]:8776/v3/280bd0e2e6d14ff4957dd1d0d44b1ff1/group_types returned with HTTP 202
2025-10-09 21:49:38.843 74 INFO cinder.api.openstack.wsgi [None req-b04beb95-1361-4a96-aa62-571fb299b4e2 f9d800dd5daa4258bcecb42b27c18658 4a741343b463453ea8756136158cec05 - - default default] http://[LB_IP_ADDRESS]:8776/v3/4a741343b463453ea8756136158cec05/groups/a576ff14-14d3-4968-b74f-bab1b2f5579d returned with HTTP 200
2025-10-09 21:49:38.954 72 INFO cinder.api.openstack.wsgi [None req-19c44290-f1e0-4e13-8776-46820aed5d33 32115445df2041fb8250bc32aebf1127 f6f5a92a80f0449d971b2375257d8cf8 - - default default] POST http://[LB_IP_ADDRESS]:8776/v3/f6f5a92a80f0449d971b2375257d8cf8/groups
2025-10-09 21:49:38.961 72 INFO cinder.api.v3.groups [None req-19c44290-f1e0-4e13-8776-46820aed5d33 32115445df2041fb8250bc32aebf1127 f6f5a92a80f0449d971b2375257d8cf8 - - default default] Creating group tempest-Group1-73250891.
2025-10-09 21:49:38.967 72 INFO cinder.volume.api [None req-19c44290-f1e0-4e13-8776-46820aed5d33 32115445df2041fb8250bc32aebf1127 f6f5a92a80f0449d971b2375257d8cf8 - - default default] Availability Zones retrieved successfully.
2025-10-09 21:49:39.011 72 INFO cinder.api.openstack.wsgi [None req-19c44290-f1e0-4e13-8776-46820aed5d33 32115445df2041fb8250bc32aebf1127 f6f5a92a80f0449d971b2375257d8cf8 - - default default] http://[LB_IP_ADDRESS]:8776/v3/f6f5a92a80f0449d971b2375257d8cf8/groups returned with HTTP 202
2025-10-09 21:49:39.021 75 INFO cinder.api.openstack.wsgi [None req-7324709c-e0ee-4638-8447-3e73058b16e6 32115445df2041fb8250bc32aebf1127 f6f5a92a80f0449d971b2375257d8cf8 - - default default] GET http://[LB_IP_ADDRESS]:8776/v3/f6f5a92a80f0449d971b2375257d8cf8/groups/eda6681b-3a86-4925-bdf8-9fdfde96b717
2025-10-09 21:49:39.034 75 INFO cinder.api.openstack.wsgi [None req-7324709c-e0ee-4638-8447-3e73058b16e6 32115445df2041fb8250bc32aebf1127 f6f5a92a80f0449d971b2375257d8cf8 - - default default] http://[LB_IP_ADDRESS]:8776/v3/f6f5a92a80f0449d971b2375257d8cf8/groups/eda6681b-3a86-4925-bdf8-9fdfde96b717 returned with HTTP 200
2025-10-09 21:49:39.860 73 INFO cinder.api.openstack.wsgi [None req-ecf3e75c-f536-4298-839f-a011bcedb6a5 f9d800dd5daa4258bcecb42b27c18658 4a741343b463453ea8756136158cec05 - - default default] GET http://[LB_IP_ADDRESS]:8776/v3/4a741343b463453ea8756136158cec05/groups/a576ff14-14d3-4968-b74f-bab1b2f5579d
2025-10-09 21:49:39.873 73 INFO cinder.api.openstack.wsgi [None req-ecf3e75c-f536-4298-839f-a011bcedb6a5 f9d800dd5daa4258bcecb42b27c18658 4a741343b463453ea8756136158cec05 - - default default] http://[LB_IP_ADDRESS]:8776/v3/4a741343b463453ea8756136158cec05/groups/a576ff14-14d3-4968-b74f-bab1b2f5579d returned with HTTP 200
2025-10-09 21:49:39.887 76 INFO cinder.api.openstack.wsgi [None req-a89a695f-8e99-4232-8a2e-741aefa135d3 f9d800dd5daa4258bcecb42b27c18658 4a741343b463453ea8756136158cec05 - - default default] POST http://[LB_IP_ADDRESS]:8776/v3/4a741343b463453ea8756136158cec05/volumes
2025-10-09 21:49:39.898 76 INFO cinder.api.v3.volumes [None req-a89a695f-8e99-4232-8a2e-741aefa135d3 f9d800dd5daa4258bcecb42b27c18658 4a741343b463453ea8756136158cec05 - - default default] Create volume of 1 GB
2025-10-09 21:49:39.904 76 INFO cinder.volume.api [None req-a89a695f-8e99-4232-8a2e-741aefa135d3 f9d800dd5daa4258bcecb42b27c18658 4a741343b463453ea8756136158cec05 - - default default] Availability Zones retrieved successfully.
2025-10-09 21:49:39.973 76 WARNING cinder.quota [None req-a89a695f-8e99-4232-8a2e-741aefa135d3 f9d800dd5daa4258bcecb42b27c18658 4a741343b463453ea8756136158cec05 - - default default] Deprecated: Default quota for resource: volumes_tempest-GroupSnapshotsTest-volume-type-1669362478 is set by the default quota flag: quota_volumes_tempest-GroupSnapshotsTest-volume-type-1669362478, it is now deprecated. Please use the default quota class for default quota.
2025-10-09 21:49:39.974 76 WARNING cinder.quota [None req-a89a695f-8e99-4232-8a2e-741aefa135d3 f9d800dd5daa4258bcecb42b27c18658 4a741343b463453ea8756136158cec05 - - default default] Deprecated: Default quota for resource: gigabytes_tempest-GroupSnapshotsTest-volume-type-1669362478 is set by the default quota flag: quota_gigabytes_tempest-GroupSnapshotsTest-volume-type-1669362478, it is now deprecated. Please use the default quota class for default quota.
2025-10-09 21:49:40.046 72 INFO cinder.api.openstack.wsgi [None req-63241cd5-fa86-4650-a9ee-0e601fad0d3c 32115445df2041fb8250bc32aebf1127 f6f5a92a80f0449d971b2375257d8cf8 - - default default] GET http://[LB_IP_ADDRESS]:8776/v3/f6f5a92a80f0449d971b2375257d8cf8/groups/eda6681b-3a86-4925-bdf8-9fdfde96b717
2025-10-09 21:49:40.054 76 INFO cinder.volume.api [None req-a89a695f-8e99-4232-8a2e-741aefa135d3 f9d800dd5daa4258bcecb42b27c18658 4a741343b463453ea8756136158cec05 - - default default] Create volume request issued successfully.
2025-10-09 21:49:40.060 72 INFO cinder.api.openstack.wsgi [None req-63241cd5-fa86-4650-a9ee-0e601fad0d3c 32115445df2041fb8250bc32aebf1127 f6f5a92a80f0449d971b2375257d8cf8 - - default default] http://[LB_IP_ADDRESS]:8776/v3/f6f5a92a80f0449d971b2375257d8cf8/groups/eda6681b-3a86-4925-bdf8-9fdfde96b717 returned with HTTP 200
2025-10-09 21:49:40.065 76 INFO cinder.api.openstack.wsgi [None req-a89a695f-8e99-4232-8a2e-741aefa135d3 f9d800dd5daa4258bcecb42b27c18658 4a741343b463453ea8756136158cec05 - - default default] http://[LB_IP_ADDRESS]:8776/v3/4a741343b463453ea8756136158cec05/volumes returned with HTTP 202
2025-10-09 21:49:40.069 75 INFO cinder.api.openstack.wsgi [None req-5209c78f-23f4-4bd6-8410-2a52978ece69 32115445df2041fb8250bc32aebf1127 f6f5a92a80f0449d971b2375257d8cf8 - - default default] POST http://[LB_IP_ADDRESS]:8776/v3/f6f5a92a80f0449d971b2375257d8cf8/groups
2025-10-09 21:49:40.075 75 INFO cinder.api.v3.groups [None req-5209c78f-23f4-4bd6-8410-2a52978ece69 32115445df2041fb8250bc32aebf1127 f6f5a92a80f0449d971b2375257d8cf8 - - default default] Creating group tempest-Group2-608195340.
2025-10-09 21:49:40.076 74 INFO cinder.api.openstack.wsgi [None req-9baf23d9-c3c6-4738-a1a9-7cfd8bf995b0 a5169c4708dc4c1682abed511796e150 8f98a062f0874b86a7f9250567409de3 - - default default] POST http://[LB_IP_ADDRESS]:8776/v3/8f98a062f0874b86a7f9250567409de3/qos-specs
2025-10-09 21:49:40.080 73 INFO cinder.api.openstack.wsgi [None req-99dc898e-3750-41a2-a71d-4377b6a0556b f9d800dd5daa4258bcecb42b27c18658 4a741343b463453ea8756136158cec05 - - default default] GET http://[LB_IP_ADDRESS]:8776/v3/4a741343b463453ea8756136158cec05/volumes/75679e5c-dcaa-4458-8d6b-d0eb133dbe5a
2025-10-09 21:49:40.082 75 INFO cinder.volume.api [None req-5209c78f-23f4-4bd6-8410-2a52978ece69 32115445df2041fb8250bc32aebf1127 f6f5a92a80f0449d971b2375257d8cf8 - - default default] Availability Zones retrieved successfully.
2025-10-09 21:49:40.088 74 INFO cinder.api.openstack.wsgi [None req-9baf23d9-c3c6-4738-a1a9-7cfd8bf995b0 a5169c4708dc4c1682abed511796e150 8f98a062f0874b86a7f9250567409de3 - - default default] http://[LB_IP_ADDRESS]:8776/v3/8f98a062f0874b86a7f9250567409de3/qos-specs returned with HTTP 200
2025-10-09 21:49:40.096 73 INFO cinder.volume.api [None req-99dc898e-3750-41a2-a71d-4377b6a0556b f9d800dd5daa4258bcecb42b27c18658 4a741343b463453ea8756136158cec05 - - default default] Volume info retrieved successfully.
2025-10-09 21:49:40.099 72 INFO cinder.api.openstack.wsgi [None req-080b6eb0-d16a-44bf-8769-ee7484e1ce11 a5169c4708dc4c1682abed511796e150 8f98a062f0874b86a7f9250567409de3 - - default default] POST http://[LB_IP_ADDRESS]:8776/v3/8f98a062f0874b86a7f9250567409de3/types
2025-10-09 21:49:40.112 73 INFO cinder.api.openstack.wsgi [None req-99dc898e-3750-41a2-a71d-4377b6a0556b f9d800dd5daa4258bcecb42b27c18658 4a741343b463453ea8756136158cec05 - - default default] http://[LB_IP_ADDRESS]:8776/v3/4a741343b463453ea8756136158cec05/volumes/75679e5c-dcaa-4458-8d6b-d0eb133dbe5a returned with HTTP 200
2025-10-09 21:49:40.116 72 INFO cinder.api.openstack.wsgi [None req-080b6eb0-d16a-44bf-8769-ee7484e1ce11 a5169c4708dc4c1682abed511796e150 8f98a062f0874b86a7f9250567409de3 - - default default] http://[LB_IP_ADDRESS]:8776/v3/8f98a062f0874b86a7f9250567409de3/types returned with HTTP 200
2025-10-09 21:49:40.118 75 INFO cinder.api.openstack.wsgi [None req-5209c78f-23f4-4bd6-8410-2a52978ece69 32115445df2041fb8250bc32aebf1127 f6f5a92a80f0449d971b2375257d8cf8 - - default default] http://[LB_IP_ADDRESS]:8776/v3/f6f5a92a80f0449d971b2375257d8cf8/groups returned with HTTP 202
2025-10-09 21:49:40.126 76 INFO cinder.api.openstack.wsgi [None req-97e1c022-f3d2-4580-a5fa-72ab1a748206 a5169c4708dc4c1682abed511796e150 8f98a062f0874b86a7f9250567409de3 - - default default] POST http://[LB_IP_ADDRESS]:8776/v3/8f98a062f0874b86a7f9250567409de3/types
2025-10-09 21:49:40.126 74 INFO cinder.api.openstack.wsgi [None req-b6c11bc2-ba5d-4938-87b7-db62b4c7e578 32115445df2041fb8250bc32aebf1127 f6f5a92a80f0449d971b2375257d8cf8 - - default default] GET http://[LB_IP_ADDRESS]:8776/v3/f6f5a92a80f0449d971b2375257d8cf8/groups/ebc5201a-5560-474b-8ad7-dacdc05722a6
2025-10-09 21:49:40.140 74 INFO cinder.api.openstack.wsgi [None req-b6c11bc2-ba5d-4938-87b7-db62b4c7e578 32115445df2041fb8250bc32aebf1127 f6f5a92a80f0449d971b2375257d8cf8 - - default default] http://[LB_IP_ADDRESS]:8776/v3/f6f5a92a80f0449d971b2375257d8cf8/groups/ebc5201a-5560-474b-8ad7-dacdc05722a6 returned with HTTP 200
2025-10-09 21:49:40.140 76 INFO cinder.api.openstack.wsgi [None req-97e1c022-f3d2-4580-a5fa-72ab1a748206 a5169c4708dc4c1682abed511796e150 8f98a062f0874b86a7f9250567409de3 - - default default] http://[LB_IP_ADDRESS]:8776/v3/8f98a062f0874b86a7f9250567409de3/types returned with HTTP 200
2025-10-09 21:49:40.154 73 INFO cinder.api.openstack.wsgi [None req-3560a193-f9fd-4e8b-b644-b880b08c85de a5169c4708dc4c1682abed511796e150 8f98a062f0874b86a7f9250567409de3 - - default default] POST http://[LB_IP_ADDRESS]:8776/v3/8f98a062f0874b86a7f9250567409de3/types
