2025-01-14 05:31:57.332 22 INFO cinder.api.openstack.wsgi [None req-ce670b0d-264d-4381-9596-ef990227d6cf 9c04356c6dad4b92976c64d14b964640 44711ba186314904a6616c049adf1b32 - - default default] http://[LB_IP_ADDRESS]:8776/v3/44711ba186314904a6616c049adf1b32/volumes returned with HTTP 202
2025-01-14 05:31:57.357 21 INFO cinder.api.openstack.wsgi [None req-02a3c558-f9b8-4ec0-90a1-49ee0ff6a59a 9c04356c6dad4b92976c64d14b964640 44711ba186314904a6616c049adf1b32 - - default default] GET http://[LB_IP_ADDRESS]:8776/v3/44711ba186314904a6616c049adf1b32/volumes/37973439-a940-457f-af7d-af95705ee00c
2025-01-14 05:31:57.369 23 INFO cinder.volume.api [None req-bb605f45-1100-4c6c-926f-9de828450187 42e49b44a08347298c085dd20040c1b5 c4038624756f4b9f84ca33d371a67520 - - default default] Create volume request issued successfully.
2025-01-14 05:31:57.371 23 INFO cinder.api.openstack.wsgi [None req-bb605f45-1100-4c6c-926f-9de828450187 42e49b44a08347298c085dd20040c1b5 c4038624756f4b9f84ca33d371a67520 - - default default] http://[LB_IP_ADDRESS]:8776/v3/c4038624756f4b9f84ca33d371a67520/volumes returned with HTTP 202
2025-01-14 05:31:57.382 21 INFO cinder.volume.api [None req-02a3c558-f9b8-4ec0-90a1-49ee0ff6a59a 9c04356c6dad4b92976c64d14b964640 44711ba186314904a6616c049adf1b32 - - default default] Volume info retrieved successfully.
2025-01-14 05:31:57.397 24 INFO cinder.api.openstack.wsgi [None req-9182471e-1e9e-4f28-992e-898a4c145364 42e49b44a08347298c085dd20040c1b5 c4038624756f4b9f84ca33d371a67520 - - default default] GET http://[LB_IP_ADDRESS]:8776/v3/c4038624756f4b9f84ca33d371a67520/volumes/11cd0e79-1b7c-43bc-b47f-63a14062f6fa
2025-01-14 05:31:57.412 21 INFO cinder.api.openstack.wsgi [None req-02a3c558-f9b8-4ec0-90a1-49ee0ff6a59a 9c04356c6dad4b92976c64d14b964640 44711ba186314904a6616c049adf1b32 - - default default] http://[LB_IP_ADDRESS]:8776/v3/44711ba186314904a6616c049adf1b32/volumes/37973439-a940-457f-af7d-af95705ee00c returned with HTTP 200
2025-01-14 05:31:57.421 24 INFO cinder.volume.api [None req-9182471e-1e9e-4f28-992e-898a4c145364 42e49b44a08347298c085dd20040c1b5 c4038624756f4b9f84ca33d371a67520 - - default default] Volume info retrieved successfully.
2025-01-14 05:31:57.425 25 WARNING cinder.quota_utils [None req-819408f7-c683-4a2d-a5b4-b628b30ca92d 69f5e31471d44ed2a49c0bc3ab1da185 fae35aca3e7944d1b9579d70411c7bf8 - - default default] Quota exceeded for fae35aca3e7944d1b9579d70411c7bf8, tried to create 2G volume (1G of 1G already consumed).: cinder.exception.OverQuota: Quota exceeded for resources: ['gigabytes']
2025-01-14 05:31:57.428 25 WARNING cinder.volume.api [None req-819408f7-c683-4a2d-a5b4-b628b30ca92d 69f5e31471d44ed2a49c0bc3ab1da185 fae35aca3e7944d1b9579d70411c7bf8 - - default default] Task 'cinder.volume.flows.api.create_volume.QuotaReserveTask;volume:create' (e0557297-e792-49a6-89d7-e9b6010c45fc) transitioned into state 'FAILURE' from state 'RUNNING'

Failure: cinder.exception.VolumeSizeExceedsAvailableQuota: Requested volume or snapshot exceeds allowed gigabytes quota. Requested 2G, quota is 1G and 1G has been consumed.
2025-01-14 05:31:57.430 24 INFO cinder.api.openstack.wsgi [None req-9182471e-1e9e-4f28-992e-898a4c145364 42e49b44a08347298c085dd20040c1b5 c4038624756f4b9f84ca33d371a67520 - - default default] http://[LB_IP_ADDRESS]:8776/v3/c4038624756f4b9f84ca33d371a67520/volumes/11cd0e79-1b7c-43bc-b47f-63a14062f6fa returned with HTTP 200
2025-01-14 05:31:57.433 25 WARNING cinder.volume.api [None req-819408f7-c683-4a2d-a5b4-b628b30ca92d 69f5e31471d44ed2a49c0bc3ab1da185 fae35aca3e7944d1b9579d70411c7bf8 - - default default] Task 'cinder.volume.flows.api.create_volume.QuotaReserveTask;volume:create' (e0557297-e792-49a6-89d7-e9b6010c45fc) transitioned into state 'REVERTED' from state 'REVERTING'
2025-01-14 05:31:57.436 25 WARNING cinder.volume.api [None req-819408f7-c683-4a2d-a5b4-b628b30ca92d 69f5e31471d44ed2a49c0bc3ab1da185 fae35aca3e7944d1b9579d70411c7bf8 - - default default] Task 'cinder.volume.flows.api.create_volume.ExtractVolumeRequestTask;volume:create' (832057eb-370f-4291-8073-6fe1aafdf20f) transitioned into state 'REVERTED' from state 'REVERTING'
2025-01-14 05:31:57.438 25 WARNING cinder.volume.api [None req-819408f7-c683-4a2d-a5b4-b628b30ca92d 69f5e31471d44ed2a49c0bc3ab1da185 fae35aca3e7944d1b9579d70411c7bf8 - - default default] Flow 'volume_create_api' (976d6746-2594-4904-bbef-bb8e68ad5b68) transitioned into state 'REVERTED' from state 'RUNNING'
2025-01-14 05:31:57.438 25 INFO cinder.api.middleware.fault [None req-819408f7-c683-4a2d-a5b4-b628b30ca92d 69f5e31471d44ed2a49c0bc3ab1da185 fae35aca3e7944d1b9579d70411c7bf8 - - default default] http://[LB_IP_ADDRESS]:8776/v3/fae35aca3e7944d1b9579d70411c7bf8/volumes returned with HTTP 413
2025-01-14 05:31:57.453 22 INFO cinder.api.openstack.wsgi [None req-96266700-09c3-4741-ad87-d1101bf420d4 fa67acc0e8fa4ce9b8af651c17bff35a 1b72db8a44fd4385918bba0c3ec56c91 - - default default] PUT http://[LB_IP_ADDRESS]:8776/v3/1b72db8a44fd4385918bba0c3ec56c91/os-quota-sets/fae35aca3e7944d1b9579d70411c7bf8
2025-01-14 05:31:57.618 22 INFO cinder.api.openstack.wsgi [None req-96266700-09c3-4741-ad87-d1101bf420d4 fa67acc0e8fa4ce9b8af651c17bff35a 1b72db8a44fd4385918bba0c3ec56c91 - - default default] http://[LB_IP_ADDRESS]:8776/v3/1b72db8a44fd4385918bba0c3ec56c91/os-quota-sets/fae35aca3e7944d1b9579d70411c7bf8 returned with HTTP 200
2025-01-14 05:31:57.634 23 INFO cinder.api.openstack.wsgi [None req-e477d821-576c-42fb-979c-f2815d30f329 69f5e31471d44ed2a49c0bc3ab1da185 fae35aca3e7944d1b9579d70411c7bf8 - - default default] POST http://[LB_IP_ADDRESS]:8776/v3/fae35aca3e7944d1b9579d70411c7bf8/volumes
2025-01-14 05:31:57.638 23 INFO cinder.api.v3.volumes [None req-e477d821-576c-42fb-979c-f2815d30f329 69f5e31471d44ed2a49c0bc3ab1da185 fae35aca3e7944d1b9579d70411c7bf8 - - default default] Create volume of 1 GB
2025-01-14 05:31:57.647 23 INFO cinder.volume.api [None req-e477d821-576c-42fb-979c-f2815d30f329 69f5e31471d44ed2a49c0bc3ab1da185 fae35aca3e7944d1b9579d70411c7bf8 - - default default] Availability Zones retrieved successfully.
2025-01-14 05:31:57.808 23 WARNING cinder.quota_utils [None req-e477d821-576c-42fb-979c-f2815d30f329 69f5e31471d44ed2a49c0bc3ab1da185 fae35aca3e7944d1b9579d70411c7bf8 - - default default] Quota exceeded for fae35aca3e7944d1b9579d70411c7bf8, tried to create volume (1 volumes already consumed).: cinder.exception.OverQuota: Quota exceeded for resources: ['volumes']
2025-01-14 05:31:57.811 23 WARNING cinder.volume.api [None req-e477d821-576c-42fb-979c-f2815d30f329 69f5e31471d44ed2a49c0bc3ab1da185 fae35aca3e7944d1b9579d70411c7bf8 - - default default] Task 'cinder.volume.flows.api.create_volume.QuotaReserveTask;volume:create' (60439ec8-d2d0-4980-a506-07709d2e52b6) transitioned into state 'FAILURE' from state 'RUNNING'

Failure: cinder.exception.VolumeLimitExceeded: Maximum number of volumes allowed (1) exceeded for quota 'volumes'.
2025-01-14 05:31:57.816 23 WARNING cinder.volume.api [None req-e477d821-576c-42fb-979c-f2815d30f329 69f5e31471d44ed2a49c0bc3ab1da185 fae35aca3e7944d1b9579d70411c7bf8 - - default default] Task 'cinder.volume.flows.api.create_volume.QuotaReserveTask;volume:create' (60439ec8-d2d0-4980-a506-07709d2e52b6) transitioned into state 'REVERTED' from state 'REVERTING'
2025-01-14 05:31:57.819 23 WARNING cinder.volume.api [None req-e477d821-576c-42fb-979c-f2815d30f329 69f5e31471d44ed2a49c0bc3ab1da185 fae35aca3e7944d1b9579d70411c7bf8 - - default default] Task 'cinder.volume.flows.api.create_volume.ExtractVolumeRequestTask;volume:create' (d5999c36-893b-4083-a19c-fcc4f9fabcf0) transitioned into state 'REVERTED' from state 'REVERTING'
2025-01-14 05:31:57.821 23 WARNING cinder.volume.api [None req-e477d821-576c-42fb-979c-f2815d30f329 69f5e31471d44ed2a49c0bc3ab1da185 fae35aca3e7944d1b9579d70411c7bf8 - - default default] Flow 'volume_create_api' (072265b0-8d4d-4ce8-a208-235440ab5c23) transitioned into state 'REVERTED' from state 'RUNNING'
2025-01-14 05:31:57.821 23 INFO cinder.api.middleware.fault [None req-e477d821-576c-42fb-979c-f2815d30f329 69f5e31471d44ed2a49c0bc3ab1da185 fae35aca3e7944d1b9579d70411c7bf8 - - default default] http://[LB_IP_ADDRESS]:8776/v3/fae35aca3e7944d1b9579d70411c7bf8/volumes returned with HTTP 413
2025-01-14 05:31:57.836 21 INFO cinder.api.openstack.wsgi [None req-fdb17a05-af6c-45b7-82eb-b2ab794b6c10 fa67acc0e8fa4ce9b8af651c17bff35a 1b72db8a44fd4385918bba0c3ec56c91 - - default default] PUT http://[LB_IP_ADDRESS]:8776/v3/1b72db8a44fd4385918bba0c3ec56c91/os-quota-sets/fae35aca3e7944d1b9579d70411c7bf8
2025-01-14 05:31:57.945 21 WARNING cinder.quota [None req-fdb17a05-af6c-45b7-82eb-b2ab794b6c10 fa67acc0e8fa4ce9b8af651c17bff35a 1b72db8a44fd4385918bba0c3ec56c91 - - default default] Deprecated: Default quota for resource: volumes_tempest-GroupsTest-volume-type-1299874124 is set by the default quota flag: quota_volumes_tempest-GroupsTest-volume-type-1299874124, it is now deprecated. Please use the default quota class for default quota.
2025-01-14 05:31:57.946 21 WARNING cinder.quota [None req-fdb17a05-af6c-45b7-82eb-b2ab794b6c10 fa67acc0e8fa4ce9b8af651c17bff35a 1b72db8a44fd4385918bba0c3ec56c91 - - default default] Deprecated: Default quota for resource: gigabytes_tempest-GroupsTest-volume-type-1299874124 is set by the default quota flag: quota_gigabytes_tempest-GroupsTest-volume-type-1299874124, it is now deprecated. Please use the default quota class for default quota.
2025-01-14 05:31:57.947 21 WARNING cinder.quota [None req-fdb17a05-af6c-45b7-82eb-b2ab794b6c10 fa67acc0e8fa4ce9b8af651c17bff35a 1b72db8a44fd4385918bba0c3ec56c91 - - default default] Deprecated: Default quota for resource: snapshots_tempest-GroupsTest-volume-type-1299874124 is set by the default quota flag: quota_snapshots_tempest-GroupsTest-volume-type-1299874124, it is now deprecated. Please use the default quota class for default quota.
2025-01-14 05:31:57.989 21 INFO cinder.api.openstack.wsgi [None req-fdb17a05-af6c-45b7-82eb-b2ab794b6c10 fa67acc0e8fa4ce9b8af651c17bff35a 1b72db8a44fd4385918bba0c3ec56c91 - - default default] http://[LB_IP_ADDRESS]:8776/v3/1b72db8a44fd4385918bba0c3ec56c91/os-quota-sets/fae35aca3e7944d1b9579d70411c7bf8 returned with HTTP 200
2025-01-14 05:31:58.004 24 INFO cinder.api.openstack.wsgi [None req-27137a17-8d47-491e-8365-75dfabcd5cde 69f5e31471d44ed2a49c0bc3ab1da185 fae35aca3e7944d1b9579d70411c7bf8 - - default default] POST http://[LB_IP_ADDRESS]:8776/v3/fae35aca3e7944d1b9579d70411c7bf8/volumes/cafd7db7-0369-4caa-9739-fc29e133e75c/action
2025-01-14 05:31:58.027 24 INFO cinder.volume.api [None req-27137a17-8d47-491e-8365-75dfabcd5cde 69f5e31471d44ed2a49c0bc3ab1da185 fae35aca3e7944d1b9579d70411c7bf8 - - default default] Volume info retrieved successfully.
2025-01-14 05:31:58.174 24 ERROR cinder.volume.api [None req-27137a17-8d47-491e-8365-75dfabcd5cde 69f5e31471d44ed2a49c0bc3ab1da185 fae35aca3e7944d1b9579d70411c7bf8 - - default default] Quota exceeded for fae35aca3e7944d1b9579d70411c7bf8, tried to extend volume by 1G, (1G of 1G already consumed).: cinder.exception.OverQuota: Quota exceeded for resources: ['gigabytes']
2025-01-14 05:31:58.187 24 INFO cinder.api.middleware.fault [None req-27137a17-8d47-491e-8365-75dfabcd5cde 69f5e31471d44ed2a49c0bc3ab1da185 fae35aca3e7944d1b9579d70411c7bf8 - - default default] http://[LB_IP_ADDRESS]:8776/v3/fae35aca3e7944d1b9579d70411c7bf8/volumes/cafd7db7-0369-4caa-9739-fc29e133e75c/action returned with HTTP 413
2025-01-14 05:31:58.204 25 INFO cinder.api.openstack.wsgi [None req-6c34f469-68c1-439a-9658-2600b890dae5 69f5e31471d44ed2a49c0bc3ab1da185 fae35aca3e7944d1b9579d70411c7bf8 - - default default] GET http://[LB_IP_ADDRESS]:8776/v3/fae35aca3e7944d1b9579d70411c7bf8/volumes/cafd7db7-0369-4caa-9739-fc29e133e75c
2025-01-14 05:31:58.224 25 INFO cinder.volume.api [None req-6c34f469-68c1-439a-9658-2600b890dae5 69f5e31471d44ed2a49c0bc3ab1da185 fae35aca3e7944d1b9579d70411c7bf8 - - default default] Volume info retrieved successfully.
2025-01-14 05:31:58.232 25 INFO cinder.api.openstack.wsgi [None req-6c34f469-68c1-439a-9658-2600b890dae5 69f5e31471d44ed2a49c0bc3ab1da185 fae35aca3e7944d1b9579d70411c7bf8 - - default default] http://[LB_IP_ADDRESS]:8776/v3/fae35aca3e7944d1b9579d70411c7bf8/volumes/cafd7db7-0369-4caa-9739-fc29e133e75c returned with HTTP 200
2025-01-14 05:31:58.259 22 INFO cinder.api.openstack.wsgi [None req-c65ee460-0f4e-4029-a31c-b10e452b1550 69f5e31471d44ed2a49c0bc3ab1da185 fae35aca3e7944d1b9579d70411c7bf8 - - default default] DELETE http://[LB_IP_ADDRESS]:8776/v3/fae35aca3e7944d1b9579d70411c7bf8/volumes/cafd7db7-0369-4caa-9739-fc29e133e75c
2025-01-14 05:31:58.260 22 INFO cinder.api.v3.volumes [None req-c65ee460-0f4e-4029-a31c-b10e452b1550 69f5e31471d44ed2a49c0bc3ab1da185 fae35aca3e7944d1b9579d70411c7bf8 - - default default] Delete volume with id: cafd7db7-0369-4caa-9739-fc29e133e75c 
2025-01-14 05:31:58.278 22 INFO cinder.volume.api [None req-c65ee460-0f4e-4029-a31c-b10e452b1550 69f5e31471d44ed2a49c0bc3ab1da185 fae35aca3e7944d1b9579d70411c7bf8 - - default default] Volume info retrieved successfully.
2025-01-14 05:31:58.310 22 INFO cinder.volume.api [None req-c65ee460-0f4e-4029-a31c-b10e452b1550 69f5e31471d44ed2a49c0bc3ab1da185 fae35aca3e7944d1b9579d70411c7bf8 - - default default] Delete volume request issued successfully.
2025-01-14 05:31:58.311 22 INFO cinder.api.openstack.wsgi [None req-c65ee460-0f4e-4029-a31c-b10e452b1550 69f5e31471d44ed2a49c0bc3ab1da185 fae35aca3e7944d1b9579d70411c7bf8 - - default default] http://[LB_IP_ADDRESS]:8776/v3/fae35aca3e7944d1b9579d70411c7bf8/volumes/cafd7db7-0369-4caa-9739-fc29e133e75c returned with HTTP 202
2025-01-14 05:31:58.323 23 INFO cinder.api.openstack.wsgi [None req-b658af38-cbad-490f-bd2f-362cf604695f 69f5e31471d44ed2a49c0bc3ab1da185 fae35aca3e7944d1b9579d70411c7bf8 - - default default] GET http://[LB_IP_ADDRESS]:8776/v3/fae35aca3e7944d1b9579d70411c7bf8/volumes/cafd7db7-0369-4caa-9739-fc29e133e75c
2025-01-14 05:31:58.348 23 INFO cinder.volume.api [None req-b658af38-cbad-490f-bd2f-362cf604695f 69f5e31471d44ed2a49c0bc3ab1da185 fae35aca3e7944d1b9579d70411c7bf8 - - default default] Volume info retrieved successfully.
2025-01-14 05:31:58.357 23 INFO cinder.api.openstack.wsgi [None req-b658af38-cbad-490f-bd2f-362cf604695f 69f5e31471d44ed2a49c0bc3ab1da185 fae35aca3e7944d1b9579d70411c7bf8 - - default default] http://[LB_IP_ADDRESS]:8776/v3/fae35aca3e7944d1b9579d70411c7bf8/volumes/cafd7db7-0369-4caa-9739-fc29e133e75c returned with HTTP 200
2025-01-14 05:31:58.441 21 INFO cinder.api.openstack.wsgi [None req-9b91b628-c9a0-4c4e-a1c8-978acac63c5b 9c04356c6dad4b92976c64d14b964640 44711ba186314904a6616c049adf1b32 - - default default] GET http://[LB_IP_ADDRESS]:8776/v3/44711ba186314904a6616c049adf1b32/volumes/37973439-a940-457f-af7d-af95705ee00c
2025-01-14 05:31:58.465 24 INFO cinder.api.openstack.wsgi [None req-15ae2711-6730-4179-9e77-2c35c10a8bd2 42e49b44a08347298c085dd20040c1b5 c4038624756f4b9f84ca33d371a67520 - - default default] GET http://[LB_IP_ADDRESS]:8776/v3/c4038624756f4b9f84ca33d371a67520/volumes/11cd0e79-1b7c-43bc-b47f-63a14062f6fa
2025-01-14 05:31:58.467 21 INFO cinder.volume.api [None req-9b91b628-c9a0-4c4e-a1c8-978acac63c5b 9c04356c6dad4b92976c64d14b964640 44711ba186314904a6616c049adf1b32 - - default default] Volume info retrieved successfully.
2025-01-14 05:31:58.497 21 INFO cinder.api.openstack.wsgi [None req-9b91b628-c9a0-4c4e-a1c8-978acac63c5b 9c04356c6dad4b92976c64d14b964640 44711ba186314904a6616c049adf1b32 - - default default] http://[LB_IP_ADDRESS]:8776/v3/44711ba186314904a6616c049adf1b32/volumes/37973439-a940-457f-af7d-af95705ee00c returned with HTTP 200
2025-01-14 05:31:58.502 24 INFO cinder.volume.api [None req-15ae2711-6730-4179-9e77-2c35c10a8bd2 42e49b44a08347298c085dd20040c1b5 c4038624756f4b9f84ca33d371a67520 - - default default] Volume info retrieved successfully.
2025-01-14 05:31:58.513 24 INFO cinder.api.openstack.wsgi [None req-15ae2711-6730-4179-9e77-2c35c10a8bd2 42e49b44a08347298c085dd20040c1b5 c4038624756f4b9f84ca33d371a67520 - - default default] http://[LB_IP_ADDRESS]:8776/v3/c4038624756f4b9f84ca33d371a67520/volumes/11cd0e79-1b7c-43bc-b47f-63a14062f6fa returned with HTTP 200
2025-01-14 05:31:59.386 25 INFO cinder.api.openstack.wsgi [None req-6c85c71a-3d60-4814-812a-ea42b61900ac 69f5e31471d44ed2a49c0bc3ab1da185 fae35aca3e7944d1b9579d70411c7bf8 - - default default] GET http://[LB_IP_ADDRESS]:8776/v3/fae35aca3e7944d1b9579d70411c7bf8/volumes/cafd7db7-0369-4caa-9739-fc29e133e75c
2025-01-14 05:31:59.402 25 INFO cinder.api.openstack.wsgi [None req-6c85c71a-3d60-4814-812a-ea42b61900ac 69f5e31471d44ed2a49c0bc3ab1da185 fae35aca3e7944d1b9579d70411c7bf8 - - default default] http://[LB_IP_ADDRESS]:8776/v3/fae35aca3e7944d1b9579d70411c7bf8/volumes/cafd7db7-0369-4caa-9739-fc29e133e75c returned with HTTP 404
2025-01-14 05:31:59.415 22 INFO cinder.api.openstack.wsgi [None req-5d1f2278-a0d4-428d-9da8-9f5ebd4c128a fa67acc0e8fa4ce9b8af651c17bff35a 1b72db8a44fd4385918bba0c3ec56c91 - - default default] PUT http://[LB_IP_ADDRESS]:8776/v3/1b72db8a44fd4385918bba0c3ec56c91/os-quota-sets/fae35aca3e7944d1b9579d70411c7bf8
2025-01-14 05:31:59.526 23 INFO cinder.api.openstack.wsgi [None req-3c2fe5ff-c4a0-4fe9-a326-737c521481ab 9c04356c6dad4b92976c64d14b964640 44711ba186314904a6616c049adf1b32 - - default default] GET http://[LB_IP_ADDRESS]:8776/v3/44711ba186314904a6616c049adf1b32/volumes/37973439-a940-457f-af7d-af95705ee00c
2025-01-14 05:31:59.543 21 INFO cinder.api.openstack.wsgi [None req-af76db99-552f-4cf6-befc-7121fbeff1e5 42e49b44a08347298c085dd20040c1b5 c4038624756f4b9f84ca33d371a67520 - - default default] GET http://[LB_IP_ADDRESS]:8776/v3/c4038624756f4b9f84ca33d371a67520/volumes/11cd0e79-1b7c-43bc-b47f-63a14062f6fa
2025-01-14 05:31:59.551 23 INFO cinder.volume.api [None req-3c2fe5ff-c4a0-4fe9-a326-737c521481ab 9c04356c6dad4b92976c64d14b964640 44711ba186314904a6616c049adf1b32 - - default default] Volume info retrieved successfully.
2025-01-14 05:31:59.568 21 INFO cinder.volume.api [None req-af76db99-552f-4cf6-befc-7121fbeff1e5 42e49b44a08347298c085dd20040c1b5 c4038624756f4b9f84ca33d371a67520 - - default default] Volume info retrieved successfully.
2025-01-14 05:31:59.577 21 INFO cinder.api.openstack.wsgi [None req-af76db99-552f-4cf6-befc-7121fbeff1e5 42e49b44a08347298c085dd20040c1b5 c4038624756f4b9f84ca33d371a67520 - - default default] http://[LB_IP_ADDRESS]:8776/v3/c4038624756f4b9f84ca33d371a67520/volumes/11cd0e79-1b7c-43bc-b47f-63a14062f6fa returned with HTTP 200
2025-01-14 05:31:59.579 23 INFO cinder.api.openstack.wsgi [None req-3c2fe5ff-c4a0-4fe9-a326-737c521481ab 9c04356c6dad4b92976c64d14b964640 44711ba186314904a6616c049adf1b32 - - default default] http://[LB_IP_ADDRESS]:8776/v3/44711ba186314904a6616c049adf1b32/volumes/37973439-a940-457f-af7d-af95705ee00c returned with HTTP 200
2025-01-14 05:31:59.606 24 INFO cinder.api.openstack.wsgi [None req-82dd3554-6911-424e-b6ee-b4407436025c d72002ba4de5494ba4dbaa9eed2bd10c b287adfe30de4e0998fb94adb80f23b6 - - default default] GET http://[LB_IP_ADDRESS]:8776/v3/b287adfe30de4e0998fb94adb80f23b6/volumes/11cd0e79-1b7c-43bc-b47f-63a14062f6fa
2025-01-14 05:31:59.608 25 INFO cinder.api.openstack.wsgi [None req-67ff6d19-6ad2-4e1a-b24b-af57464d392f 9c04356c6dad4b92976c64d14b964640 44711ba186314904a6616c049adf1b32 - - default default] PUT http://[LB_IP_ADDRESS]:8776/v3/44711ba186314904a6616c049adf1b32/groups/d01fd9fa-ba77-46c0-a629-d29a119de06d
2025-01-14 05:31:59.612 25 INFO cinder.api.v3.groups [None req-67ff6d19-6ad2-4e1a-b24b-af57464d392f 9c04356c6dad4b92976c64d14b964640 44711ba186314904a6616c049adf1b32 - - default default] Updating group d01fd9fa-ba77-46c0-a629-d29a119de06d with name new_group description: This is a new group add_volumes: None remove_volumes: 37973439-a940-457f-af7d-af95705ee00c.
2025-01-14 05:31:59.631 24 INFO cinder.volume.api [None req-82dd3554-6911-424e-b6ee-b4407436025c d72002ba4de5494ba4dbaa9eed2bd10c b287adfe30de4e0998fb94adb80f23b6 - - default default] Volume info retrieved successfully.
2025-01-14 05:31:59.640 24 INFO cinder.api.openstack.wsgi [None req-82dd3554-6911-424e-b6ee-b4407436025c d72002ba4de5494ba4dbaa9eed2bd10c b287adfe30de4e0998fb94adb80f23b6 - - default default] http://[LB_IP_ADDRESS]:8776/v3/b287adfe30de4e0998fb94adb80f23b6/volumes/11cd0e79-1b7c-43bc-b47f-63a14062f6fa returned with HTTP 200
2025-01-14 05:31:59.654 22 INFO cinder.api.openstack.wsgi [None req-5d1f2278-a0d4-428d-9da8-9f5ebd4c128a fa67acc0e8fa4ce9b8af651c17bff35a 1b72db8a44fd4385918bba0c3ec56c91 - - default default] http://[LB_IP_ADDRESS]:8776/v3/1b72db8a44fd4385918bba0c3ec56c91/os-quota-sets/fae35aca3e7944d1b9579d70411c7bf8 returned with HTTP 200
2025-01-14 05:31:59.654 25 INFO cinder.api.openstack.wsgi [None req-67ff6d19-6ad2-4e1a-b24b-af57464d392f 9c04356c6dad4b92976c64d14b964640 44711ba186314904a6616c049adf1b32 - - default default] http://[LB_IP_ADDRESS]:8776/v3/44711ba186314904a6616c049adf1b32/groups/d01fd9fa-ba77-46c0-a629-d29a119de06d returned with HTTP 202
2025-01-14 05:31:59.666 21 INFO cinder.api.openstack.wsgi [None req-e738f7d4-3c79-47c7-acd5-d54d22b59025 9c04356c6dad4b92976c64d14b964640 44711ba186314904a6616c049adf1b32 - - default default] GET http://[LB_IP_ADDRESS]:8776/v3/44711ba186314904a6616c049adf1b32/groups/d01fd9fa-ba77-46c0-a629-d29a119de06d
2025-01-14 05:31:59.671 23 INFO cinder.api.openstack.wsgi [None req-8d992580-e2e4-4644-9716-58c65af125b6 d72002ba4de5494ba4dbaa9eed2bd10c b287adfe30de4e0998fb94adb80f23b6 - - default default] GET http://[LB_IP_ADDRESS]:8776/v3/b287adfe30de4e0998fb94adb80f23b6/os-services?host=rack13-server67&binary=cinder-volume
2025-01-14 05:31:59.681 23 INFO cinder.api.openstack.wsgi [None req-8d992580-e2e4-4644-9716-58c65af125b6 d72002ba4de5494ba4dbaa9eed2bd10c b287adfe30de4e0998fb94adb80f23b6 - - default default] http://[LB_IP_ADDRESS]:8776/v3/b287adfe30de4e0998fb94adb80f23b6/os-services?host=rack13-server67&binary=cinder-volume returned with HTTP 200
2025-01-14 05:31:59.690 21 INFO cinder.api.openstack.wsgi [None req-e738f7d4-3c79-47c7-acd5-d54d22b59025 9c04356c6dad4b92976c64d14b964640 44711ba186314904a6616c049adf1b32 - - default default] http://[LB_IP_ADDRESS]:8776/v3/44711ba186314904a6616c049adf1b32/groups/d01fd9fa-ba77-46c0-a629-d29a119de06d returned with HTTP 200
2025-01-14 05:31:59.697 24 INFO cinder.api.openstack.wsgi [None req-f9e94e0c-360c-48f4-8a78-0318372a0c5b 42e49b44a08347298c085dd20040c1b5 c4038624756f4b9f84ca33d371a67520 - - default default] GET http://[LB_IP_ADDRESS]:8776/v3/c4038624756f4b9f84ca33d371a67520/volumes/11cd0e79-1b7c-43bc-b47f-63a14062f6fa
2025-01-14 05:31:59.722 24 INFO cinder.volume.api [None req-f9e94e0c-360c-48f4-8a78-0318372a0c5b 42e49b44a08347298c085dd20040c1b5 c4038624756f4b9f84ca33d371a67520 - - default default] Volume info retrieved successfully.
2025-01-14 05:31:59.731 24 INFO cinder.api.openstack.wsgi [None req-f9e94e0c-360c-48f4-8a78-0318372a0c5b 42e49b44a08347298c085dd20040c1b5 c4038624756f4b9f84ca33d371a67520 - - default default] http://[LB_IP_ADDRESS]:8776/v3/c4038624756f4b9f84ca33d371a67520/volumes/11cd0e79-1b7c-43bc-b47f-63a14062f6fa returned with HTTP 200
2025-01-14 05:31:59.758 22 INFO cinder.api.openstack.wsgi [None req-dadbba48-eb9c-4752-aedd-b69f8468410c 42e49b44a08347298c085dd20040c1b5 c4038624756f4b9f84ca33d371a67520 - - default default] DELETE http://[LB_IP_ADDRESS]:8776/v3/c4038624756f4b9f84ca33d371a67520/volumes/11cd0e79-1b7c-43bc-b47f-63a14062f6fa
2025-01-14 05:31:59.758 22 INFO cinder.api.v3.volumes [None req-dadbba48-eb9c-4752-aedd-b69f8468410c 42e49b44a08347298c085dd20040c1b5 c4038624756f4b9f84ca33d371a67520 - - default default] Delete volume with id: 11cd0e79-1b7c-43bc-b47f-63a14062f6fa 
2025-01-14 05:31:59.773 22 INFO cinder.volume.api [None req-dadbba48-eb9c-4752-aedd-b69f8468410c 42e49b44a08347298c085dd20040c1b5 c4038624756f4b9f84ca33d371a67520 - - default default] Volume info retrieved successfully.
2025-01-14 05:31:59.797 22 INFO cinder.volume.api [None req-dadbba48-eb9c-4752-aedd-b69f8468410c 42e49b44a08347298c085dd20040c1b5 c4038624756f4b9f84ca33d371a67520 - - default default] Delete volume request issued successfully.
2025-01-14 05:31:59.797 22 INFO cinder.api.openstack.wsgi [None req-dadbba48-eb9c-4752-aedd-b69f8468410c 42e49b44a08347298c085dd20040c1b5 c4038624756f4b9f84ca33d371a67520 - - default default] http://[LB_IP_ADDRESS]:8776/v3/c4038624756f4b9f84ca33d371a67520/volumes/11cd0e79-1b7c-43bc-b47f-63a14062f6fa returned with HTTP 202
2025-01-14 05:31:59.809 25 INFO cinder.api.openstack.wsgi [None req-e4c810f7-1aa2-4954-845a-6275d36cd72c 42e49b44a08347298c085dd20040c1b5 c4038624756f4b9f84ca33d371a67520 - - default default] GET http://[LB_IP_ADDRESS]:8776/v3/c4038624756f4b9f84ca33d371a67520/volumes/11cd0e79-1b7c-43bc-b47f-63a14062f6fa
2025-01-14 05:31:59.835 25 INFO cinder.volume.api [None req-e4c810f7-1aa2-4954-845a-6275d36cd72c 42e49b44a08347298c085dd20040c1b5 c4038624756f4b9f84ca33d371a67520 - - default default] Volume info retrieved successfully.
2025-01-14 05:31:59.844 25 INFO cinder.api.openstack.wsgi [None req-e4c810f7-1aa2-4954-845a-6275d36cd72c 42e49b44a08347298c085dd20040c1b5 c4038624756f4b9f84ca33d371a67520 - - default default] http://[LB_IP_ADDRESS]:8776/v3/c4038624756f4b9f84ca33d371a67520/volumes/11cd0e79-1b7c-43bc-b47f-63a14062f6fa returned with HTTP 200
2025-01-14 05:32:00.708 23 INFO cinder.api.openstack.wsgi [None req-abffe397-8078-4cc0-bd8a-313cc5619a38 9c04356c6dad4b92976c64d14b964640 44711ba186314904a6616c049adf1b32 - - default default] GET http://[LB_IP_ADDRESS]:8776/v3/44711ba186314904a6616c049adf1b32/groups/d01fd9fa-ba77-46c0-a629-d29a119de06d
2025-01-14 05:32:00.731 23 INFO cinder.api.openstack.wsgi [None req-abffe397-8078-4cc0-bd8a-313cc5619a38 9c04356c6dad4b92976c64d14b964640 44711ba186314904a6616c049adf1b32 - - default default] http://[LB_IP_ADDRESS]:8776/v3/44711ba186314904a6616c049adf1b32/groups/d01fd9fa-ba77-46c0-a629-d29a119de06d returned with HTTP 200
2025-01-14 05:32:00.747 21 INFO cinder.api.openstack.wsgi [None req-747bb384-2433-4cba-87b8-27e6b2cebe3e 9c04356c6dad4b92976c64d14b964640 44711ba186314904a6616c049adf1b32 - - default default] GET http://[LB_IP_ADDRESS]:8776/v3/44711ba186314904a6616c049adf1b32/groups/d01fd9fa-ba77-46c0-a629-d29a119de06d
2025-01-14 05:32:00.770 21 INFO cinder.api.openstack.wsgi [None req-747bb384-2433-4cba-87b8-27e6b2cebe3e 9c04356c6dad4b92976c64d14b964640 44711ba186314904a6616c049adf1b32 - - default default] http://[LB_IP_ADDRESS]:8776/v3/44711ba186314904a6616c049adf1b32/groups/d01fd9fa-ba77-46c0-a629-d29a119de06d returned with HTTP 200
2025-01-14 05:32:00.786 24 INFO cinder.api.openstack.wsgi [None req-fbaf8587-bf24-4b49-8e1b-c967b5775f3f 9c04356c6dad4b92976c64d14b964640 44711ba186314904a6616c049adf1b32 - - default default] GET http://[LB_IP_ADDRESS]:8776/v3/44711ba186314904a6616c049adf1b32/volumes/detail
2025-01-14 05:32:00.809 24 INFO cinder.volume.api [None req-fbaf8587-bf24-4b49-8e1b-c967b5775f3f 9c04356c6dad4b92976c64d14b964640 44711ba186314904a6616c049adf1b32 - - default default] Get all volumes completed successfully.
2025-01-14 05:32:00.841 24 INFO cinder.api.openstack.wsgi [None req-fbaf8587-bf24-4b49-8e1b-c967b5775f3f 9c04356c6dad4b92976c64d14b964640 44711ba186314904a6616c049adf1b32 - - default default] http://[LB_IP_ADDRESS]:8776/v3/44711ba186314904a6616c049adf1b32/volumes/detail returned with HTTP 200
2025-01-14 05:32:00.871 22 INFO cinder.api.openstack.wsgi [None req-739f5149-12bd-46f5-a680-0eb30114e05f 9c04356c6dad4b92976c64d14b964640 44711ba186314904a6616c049adf1b32 - - default default] PUT http://[LB_IP_ADDRESS]:8776/v3/44711ba186314904a6616c049adf1b32/groups/d01fd9fa-ba77-46c0-a629-d29a119de06d
2025-01-14 05:32:00.873 25 INFO cinder.api.openstack.wsgi [None req-c08dbb69-c24b-4cfd-a7e1-4d866313545a 42e49b44a08347298c085dd20040c1b5 c4038624756f4b9f84ca33d371a67520 - - default default] GET http://[LB_IP_ADDRESS]:8776/v3/c4038624756f4b9f84ca33d371a67520/volumes/11cd0e79-1b7c-43bc-b47f-63a14062f6fa
2025-01-14 05:32:00.876 22 INFO cinder.api.v3.groups [None req-739f5149-12bd-46f5-a680-0eb30114e05f 9c04356c6dad4b92976c64d14b964640 44711ba186314904a6616c049adf1b32 - - default default] Updating group d01fd9fa-ba77-46c0-a629-d29a119de06d with name None description: None add_volumes: 37973439-a940-457f-af7d-af95705ee00c remove_volumes: None.
2025-01-14 05:32:00.887 25 INFO cinder.api.openstack.wsgi [None req-c08dbb69-c24b-4cfd-a7e1-4d866313545a 42e49b44a08347298c085dd20040c1b5 c4038624756f4b9f84ca33d371a67520 - - default default] http://[LB_IP_ADDRESS]:8776/v3/c4038624756f4b9f84ca33d371a67520/volumes/11cd0e79-1b7c-43bc-b47f-63a14062f6fa returned with HTTP 404
2025-01-14 05:32:00.902 23 INFO cinder.api.openstack.wsgi [None req-427b17c2-7f9a-46e2-882d-047c844a9841 d72002ba4de5494ba4dbaa9eed2bd10c b287adfe30de4e0998fb94adb80f23b6 - - default default] GET http://[LB_IP_ADDRESS]:8776/v3/b287adfe30de4e0998fb94adb80f23b6/os-services
2025-01-14 05:32:00.911 23 INFO cinder.api.openstack.wsgi [None req-427b17c2-7f9a-46e2-882d-047c844a9841 d72002ba4de5494ba4dbaa9eed2bd10c b287adfe30de4e0998fb94adb80f23b6 - - default default] http://[LB_IP_ADDRESS]:8776/v3/b287adfe30de4e0998fb94adb80f23b6/os-services returned with HTTP 200
2025-01-14 05:32:00.936 22 INFO cinder.api.openstack.wsgi [None req-739f5149-12bd-46f5-a680-0eb30114e05f 9c04356c6dad4b92976c64d14b964640 44711ba186314904a6616c049adf1b32 - - default default] http://[LB_IP_ADDRESS]:8776/v3/44711ba186314904a6616c049adf1b32/groups/d01fd9fa-ba77-46c0-a629-d29a119de06d returned with HTTP 202
2025-01-14 05:32:00.948 21 INFO cinder.api.openstack.wsgi [None req-7e01d492-76af-43c2-a8ed-bba91ecbb0ad 9c04356c6dad4b92976c64d14b964640 44711ba186314904a6616c049adf1b32 - - default default] GET http://[LB_IP_ADDRESS]:8776/v3/44711ba186314904a6616c049adf1b32/groups/d01fd9fa-ba77-46c0-a629-d29a119de06d
2025-01-14 05:32:00.970 21 INFO cinder.api.openstack.wsgi [None req-7e01d492-76af-43c2-a8ed-bba91ecbb0ad 9c04356c6dad4b92976c64d14b964640 44711ba186314904a6616c049adf1b32 - - default default] http://[LB_IP_ADDRESS]:8776/v3/44711ba186314904a6616c049adf1b32/groups/d01fd9fa-ba77-46c0-a629-d29a119de06d returned with HTTP 200
2025-01-14 05:32:01.989 24 INFO cinder.api.openstack.wsgi [None req-4eacb23a-2cdf-458c-93a5-2f2b7e2aa8e2 9c04356c6dad4b92976c64d14b964640 44711ba186314904a6616c049adf1b32 - - default default] GET http://[LB_IP_ADDRESS]:8776/v3/44711ba186314904a6616c049adf1b32/groups/d01fd9fa-ba77-46c0-a629-d29a119de06d
2025-01-14 05:32:02.013 24 INFO cinder.api.openstack.wsgi [None req-4eacb23a-2cdf-458c-93a5-2f2b7e2aa8e2 9c04356c6dad4b92976c64d14b964640 44711ba186314904a6616c049adf1b32 - - default default] http://[LB_IP_ADDRESS]:8776/v3/44711ba186314904a6616c049adf1b32/groups/d01fd9fa-ba77-46c0-a629-d29a119de06d returned with HTTP 200
2025-01-14 05:32:02.029 25 INFO cinder.api.openstack.wsgi [None req-1bb01151-e81d-4f3a-88eb-73b23bf7730a 9c04356c6dad4b92976c64d14b964640 44711ba186314904a6616c049adf1b32 - - default default] GET http://[LB_IP_ADDRESS]:8776/v3/44711ba186314904a6616c049adf1b32/volumes/detail
2025-01-14 05:32:02.050 25 INFO cinder.volume.api [None req-1bb01151-e81d-4f3a-88eb-73b23bf7730a 9c04356c6dad4b92976c64d14b964640 44711ba186314904a6616c049adf1b32 - - default default] Get all volumes completed successfully.
2025-01-14 05:32:02.097 25 INFO cinder.api.openstack.wsgi [None req-1bb01151-e81d-4f3a-88eb-73b23bf7730a 9c04356c6dad4b92976c64d14b964640 44711ba186314904a6616c049adf1b32 - - default default] http://[LB_IP_ADDRESS]:8776/v3/44711ba186314904a6616c049adf1b32/volumes/detail returned with HTTP 200
2025-01-14 05:32:02.126 23 INFO cinder.api.openstack.wsgi [None req-e17cffc2-280c-49d4-9019-a0bd4187fcc7 9c04356c6dad4b92976c64d14b964640 44711ba186314904a6616c049adf1b32 - - default default] GET http://[LB_IP_ADDRESS]:8776/v3/44711ba186314904a6616c049adf1b32/volumes/detail
2025-01-14 05:32:02.146 23 INFO cinder.volume.api [None req-e17cffc2-280c-49d4-9019-a0bd4187fcc7 9c04356c6dad4b92976c64d14b964640 44711ba186314904a6616c049adf1b32 - - default default] Get all volumes completed successfully.
2025-01-14 05:32:02.191 23 INFO cinder.api.openstack.wsgi [None req-e17cffc2-280c-49d4-9019-a0bd4187fcc7 9c04356c6dad4b92976c64d14b964640 44711ba186314904a6616c049adf1b32 - - default default] http://[LB_IP_ADDRESS]:8776/v3/44711ba186314904a6616c049adf1b32/volumes/detail returned with HTTP 200
2025-01-14 05:32:02.220 22 INFO cinder.api.openstack.wsgi [None req-1851fccf-b029-4347-95f7-51d16617ed45 9c04356c6dad4b92976c64d14b964640 44711ba186314904a6616c049adf1b32 - - default default] POST http://[LB_IP_ADDRESS]:8776/v3/44711ba186314904a6616c049adf1b32/groups/d01fd9fa-ba77-46c0-a629-d29a119de06d/action
2025-01-14 05:32:02.224 22 INFO cinder.api.v3.groups [None req-1851fccf-b029-4347-95f7-51d16617ed45 9c04356c6dad4b92976c64d14b964640 44711ba186314904a6616c049adf1b32 - - default default] Delete group with id: d01fd9fa-ba77-46c0-a629-d29a119de06d
2025-01-14 05:32:02.316 22 INFO cinder.api.openstack.wsgi [None req-1851fccf-b029-4347-95f7-51d16617ed45 9c04356c6dad4b92976c64d14b964640 44711ba186314904a6616c049adf1b32 - - default default] http://[LB_IP_ADDRESS]:8776/v3/44711ba186314904a6616c049adf1b32/groups/d01fd9fa-ba77-46c0-a629-d29a119de06d/action returned with HTTP 202
2025-01-14 05:32:02.328 21 INFO cinder.api.openstack.wsgi [None req-53bc7868-6b16-4005-8bc6-d8c7f3076f45 9c04356c6dad4b92976c64d14b964640 44711ba186314904a6616c049adf1b32 - - default default] GET http://[LB_IP_ADDRESS]:8776/v3/44711ba186314904a6616c049adf1b32/volumes/37973439-a940-457f-af7d-af95705ee00c
2025-01-14 05:32:02.352 21 INFO cinder.volume.api [None req-53bc7868-6b16-4005-8bc6-d8c7f3076f45 9c04356c6dad4b92976c64d14b964640 44711ba186314904a6616c049adf1b32 - - default default] Volume info retrieved successfully.
2025-01-14 05:32:02.378 21 INFO cinder.api.openstack.wsgi [None req-53bc7868-6b16-4005-8bc6-d8c7f3076f45 9c04356c6dad4b92976c64d14b964640 44711ba186314904a6616c049adf1b32 - - default default] http://[LB_IP_ADDRESS]:8776/v3/44711ba186314904a6616c049adf1b32/volumes/37973439-a940-457f-af7d-af95705ee00c returned with HTTP 200
2025-01-14 05:32:03.405 24 INFO cinder.api.openstack.wsgi [None req-3c7d4baa-2053-43b0-98d7-3d59cc954c40 9c04356c6dad4b92976c64d14b964640 44711ba186314904a6616c049adf1b32 - - default default] GET http://[LB_IP_ADDRESS]:8776/v3/44711ba186314904a6616c049adf1b32/volumes/37973439-a940-457f-af7d-af95705ee00c
2025-01-14 05:32:03.420 24 INFO cinder.api.openstack.wsgi [None req-3c7d4baa-2053-43b0-98d7-3d59cc954c40 9c04356c6dad4b92976c64d14b964640 44711ba186314904a6616c049adf1b32 - - default default] http://[LB_IP_ADDRESS]:8776/v3/44711ba186314904a6616c049adf1b32/volumes/37973439-a940-457f-af7d-af95705ee00c returned with HTTP 404
2025-01-14 05:32:03.432 25 INFO cinder.api.openstack.wsgi [None req-79d9fd72-ca6e-4a33-9d67-377ffc66d1b6 9c04356c6dad4b92976c64d14b964640 44711ba186314904a6616c049adf1b32 - - default default] GET http://[LB_IP_ADDRESS]:8776/v3/44711ba186314904a6616c049adf1b32/volumes/9726d5aa-edde-40e8-81ba-5a61cc68e746
2025-01-14 05:32:03.446 25 INFO cinder.api.openstack.wsgi [None req-79d9fd72-ca6e-4a33-9d67-377ffc66d1b6 9c04356c6dad4b92976c64d14b964640 44711ba186314904a6616c049adf1b32 - - default default] http://[LB_IP_ADDRESS]:8776/v3/44711ba186314904a6616c049adf1b32/volumes/9726d5aa-edde-40e8-81ba-5a61cc68e746 returned with HTTP 404
2025-01-14 05:32:03.458 23 INFO cinder.api.openstack.wsgi [None req-f3b5b50b-e850-4f0a-8aae-9ab3f5f2c6a2 9c04356c6dad4b92976c64d14b964640 44711ba186314904a6616c049adf1b32 - - default default] GET http://[LB_IP_ADDRESS]:8776/v3/44711ba186314904a6616c049adf1b32/groups/d01fd9fa-ba77-46c0-a629-d29a119de06d
2025-01-14 05:32:03.464 23 INFO cinder.api.openstack.wsgi [None req-f3b5b50b-e850-4f0a-8aae-9ab3f5f2c6a2 9c04356c6dad4b92976c64d14b964640 44711ba186314904a6616c049adf1b32 - - default default] http://[LB_IP_ADDRESS]:8776/v3/44711ba186314904a6616c049adf1b32/groups/d01fd9fa-ba77-46c0-a629-d29a119de06d returned with HTTP 404
2025-01-14 05:32:03.476 22 INFO cinder.api.openstack.wsgi [None req-2b2aafcd-8116-43fd-8b26-aae17de1782c f1a148cb453c473eaef6ddbb8c7fb719 5c75491569614b97a071bcee8ea5fc01 - - default default] DELETE http://[LB_IP_ADDRESS]:8776/v3/5c75491569614b97a071bcee8ea5fc01/group_types/26b27a5f-187b-4eab-a0bf-5e647bb8394f
2025-01-14 05:32:03.499 22 INFO cinder.api.openstack.wsgi [None req-2b2aafcd-8116-43fd-8b26-aae17de1782c f1a148cb453c473eaef6ddbb8c7fb719 5c75491569614b97a071bcee8ea5fc01 - - default default] http://[LB_IP_ADDRESS]:8776/v3/5c75491569614b97a071bcee8ea5fc01/group_types/26b27a5f-187b-4eab-a0bf-5e647bb8394f returned with HTTP 202
2025-01-14 05:32:03.511 21 INFO cinder.api.openstack.wsgi [None req-9a3b0ef5-98e0-4de2-907f-177ca371b361 f1a148cb453c473eaef6ddbb8c7fb719 5c75491569614b97a071bcee8ea5fc01 - - default default] DELETE http://[LB_IP_ADDRESS]:8776/v3/5c75491569614b97a071bcee8ea5fc01/types/a190e318-930e-46cc-96c0-02e7b169fef2
2025-01-14 05:32:03.562 21 INFO cinder.api.openstack.wsgi [None req-9a3b0ef5-98e0-4de2-907f-177ca371b361 f1a148cb453c473eaef6ddbb8c7fb719 5c75491569614b97a071bcee8ea5fc01 - - default default] http://[LB_IP_ADDRESS]:8776/v3/5c75491569614b97a071bcee8ea5fc01/types/a190e318-930e-46cc-96c0-02e7b169fef2 returned with HTTP 202
2025-01-14 05:32:03.574 24 INFO cinder.api.openstack.wsgi [None req-90ffa099-389a-4121-ab57-551f00da533b f1a148cb453c473eaef6ddbb8c7fb719 5c75491569614b97a071bcee8ea5fc01 - - default default] GET http://[LB_IP_ADDRESS]:8776/v3/5c75491569614b97a071bcee8ea5fc01/types/a190e318-930e-46cc-96c0-02e7b169fef2
2025-01-14 05:32:03.580 24 INFO cinder.api.openstack.wsgi [None req-90ffa099-389a-4121-ab57-551f00da533b f1a148cb453c473eaef6ddbb8c7fb719 5c75491569614b97a071bcee8ea5fc01 - - default default] http://[LB_IP_ADDRESS]:8776/v3/5c75491569614b97a071bcee8ea5fc01/types/a190e318-930e-46cc-96c0-02e7b169fef2 returned with HTTP 404
2025-01-14 05:32:05.477 25 INFO cinder.api.openstack.wsgi [None req-f3aaeac2-1218-4275-8e5e-77e0881a25fe d61d0f590ba846859f9ce2a4135eddd0 3ba887b9f99147c990999008797a2c12 - - default default] GET http://[LB_IP_ADDRESS]:8776/v3/3ba887b9f99147c990999008797a2c12/os-services
2025-01-14 05:32:05.484 25 INFO cinder.api.openstack.wsgi [None req-f3aaeac2-1218-4275-8e5e-77e0881a25fe d61d0f590ba846859f9ce2a4135eddd0 3ba887b9f99147c990999008797a2c12 - - default default] http://[LB_IP_ADDRESS]:8776/v3/3ba887b9f99147c990999008797a2c12/os-services returned with HTTP 200
2025-01-14 05:32:05.502 23 INFO cinder.api.openstack.wsgi [None req-6ac6c403-afd6-4829-9bdb-a0a88cda5d70 d61d0f590ba846859f9ce2a4135eddd0 3ba887b9f99147c990999008797a2c12 - - default default] PUT http://[LB_IP_ADDRESS]:8776/v3/3ba887b9f99147c990999008797a2c12/os-services/disable-log-reason
2025-01-14 05:32:05.508 23 INFO cinder.api.openstack.wsgi [None req-6ac6c403-afd6-4829-9bdb-a0a88cda5d70 d61d0f590ba846859f9ce2a4135eddd0 3ba887b9f99147c990999008797a2c12 - - default default] http://[LB_IP_ADDRESS]:8776/v3/3ba887b9f99147c990999008797a2c12/os-services/disable-log-reason returned with HTTP 400
2025-01-14 05:32:05.522 22 INFO cinder.api.openstack.wsgi [None req-c1dbb43f-7f8d-4456-b425-0788b69b75f5 d61d0f590ba846859f9ce2a4135eddd0 3ba887b9f99147c990999008797a2c12 - - default default] PUT http://[LB_IP_ADDRESS]:8776/v3/3ba887b9f99147c990999008797a2c12/os-services/disable
2025-01-14 05:32:05.536 22 INFO cinder.api.openstack.wsgi [None req-c1dbb43f-7f8d-4456-b425-0788b69b75f5 d61d0f590ba846859f9ce2a4135eddd0 3ba887b9f99147c990999008797a2c12 - - default default] http://[LB_IP_ADDRESS]:8776/v3/3ba887b9f99147c990999008797a2c12/os-services/disable returned with HTTP 404
2025-01-14 05:32:05.550 21 INFO cinder.api.openstack.wsgi [None req-02df42a7-9368-4f67-afb2-cb11c1159ed9 d61d0f590ba846859f9ce2a4135eddd0 3ba887b9f99147c990999008797a2c12 - - default default] PUT http://[LB_IP_ADDRESS]:8776/v3/3ba887b9f99147c990999008797a2c12/os-services/enable
2025-01-14 05:32:05.564 21 INFO cinder.api.openstack.wsgi [None req-02df42a7-9368-4f67-afb2-cb11c1159ed9 d61d0f590ba846859f9ce2a4135eddd0 3ba887b9f99147c990999008797a2c12 - - default default] http://[LB_IP_ADDRESS]:8776/v3/3ba887b9f99147c990999008797a2c12/os-services/enable returned with HTTP 404
2025-01-14 05:32:05.581 24 INFO cinder.api.openstack.wsgi [None req-d57498b3-5cef-4544-a968-2fbe3360460e d61d0f590ba846859f9ce2a4135eddd0 3ba887b9f99147c990999008797a2c12 - - default default] PUT http://[LB_IP_ADDRESS]:8776/v3/3ba887b9f99147c990999008797a2c12/os-services/freeze
2025-01-14 05:32:05.596 24 INFO cinder.api.openstack.wsgi [None req-d57498b3-5cef-4544-a968-2fbe3360460e d61d0f590ba846859f9ce2a4135eddd0 3ba887b9f99147c990999008797a2c12 - - default default] http://[LB_IP_ADDRESS]:8776/v3/3ba887b9f99147c990999008797a2c12/os-services/freeze returned with HTTP 400
2025-01-14 05:32:05.611 25 INFO cinder.api.openstack.wsgi [None req-bf7052d6-ce29-4631-a647-6abd2fa16ae7 d61d0f590ba846859f9ce2a4135eddd0 3ba887b9f99147c990999008797a2c12 - - default default] PUT http://[LB_IP_ADDRESS]:8776/v3/3ba887b9f99147c990999008797a2c12/os-services/thaw
2025-01-14 05:32:05.624 25 INFO cinder.api.openstack.wsgi [None req-bf7052d6-ce29-4631-a647-6abd2fa16ae7 d61d0f590ba846859f9ce2a4135eddd0 3ba887b9f99147c990999008797a2c12 - - default default] http://[LB_IP_ADDRESS]:8776/v3/3ba887b9f99147c990999008797a2c12/os-services/thaw returned with HTTP 400
2025-01-14 05:32:06.435 23 INFO cinder.api.openstack.wsgi [None req-70152663-690f-4fa3-bc50-cf2b95c0ea1d c254c5c19dce4add8e5be4fbd1a1cff5 2247fd0f24fb4a31bf90a28795dc7f33 - - default default] GET http://[LB_IP_ADDRESS]:8776/v3/2247fd0f24fb4a31bf90a28795dc7f33/os-quota-sets/20bf301c6eed4319808610d134355c6d
2025-01-14 05:32:06.537 23 INFO cinder.api.openstack.wsgi [None req-70152663-690f-4fa3-bc50-cf2b95c0ea1d c254c5c19dce4add8e5be4fbd1a1cff5 2247fd0f24fb4a31bf90a28795dc7f33 - - default default] http://[LB_IP_ADDRESS]:8776/v3/2247fd0f24fb4a31bf90a28795dc7f33/os-quota-sets/20bf301c6eed4319808610d134355c6d returned with HTTP 200
2025-01-14 05:32:06.553 22 INFO cinder.api.openstack.wsgi [None req-3eebe87c-daed-45f6-972c-2cd052f84472 c254c5c19dce4add8e5be4fbd1a1cff5 2247fd0f24fb4a31bf90a28795dc7f33 - - default default] PUT http://[LB_IP_ADDRESS]:8776/v3/2247fd0f24fb4a31bf90a28795dc7f33/os-quota-sets/20bf301c6eed4319808610d134355c6d
2025-01-14 05:32:06.720 22 INFO cinder.api.openstack.wsgi [None req-3eebe87c-daed-45f6-972c-2cd052f84472 c254c5c19dce4add8e5be4fbd1a1cff5 2247fd0f24fb4a31bf90a28795dc7f33 - - default default] http://[LB_IP_ADDRESS]:8776/v3/2247fd0f24fb4a31bf90a28795dc7f33/os-quota-sets/20bf301c6eed4319808610d134355c6d returned with HTTP 200
2025-01-14 05:32:07.065 21 INFO cinder.api.openstack.wsgi [None req-3124c15d-b799-4f5b-894a-a41a9de23b93 f7feabde04fd4b7981e0eb9637fe46b4 20bf301c6eed4319808610d134355c6d - - default default] POST http://[LB_IP_ADDRESS]:8776/v3/20bf301c6eed4319808610d134355c6d/volumes
2025-01-14 05:32:07.069 21 INFO cinder.api.v3.volumes [None req-3124c15d-b799-4f5b-894a-a41a9de23b93 f7feabde04fd4b7981e0eb9637fe46b4 20bf301c6eed4319808610d134355c6d - - default default] Create volume of 1 GB
2025-01-14 05:32:07.078 21 INFO cinder.volume.api [None req-3124c15d-b799-4f5b-894a-a41a9de23b93 f7feabde04fd4b7981e0eb9637fe46b4 20bf301c6eed4319808610d134355c6d - - default default] Availability Zones retrieved successfully.
2025-01-14 05:32:07.335 21 INFO cinder.volume.api [None req-3124c15d-b799-4f5b-894a-a41a9de23b93 f7feabde04fd4b7981e0eb9637fe46b4 20bf301c6eed4319808610d134355c6d - - default default] Create volume request issued successfully.
2025-01-14 05:32:07.336 21 INFO cinder.api.openstack.wsgi [None req-3124c15d-b799-4f5b-894a-a41a9de23b93 f7feabde04fd4b7981e0eb9637fe46b4 20bf301c6eed4319808610d134355c6d - - default default] http://[LB_IP_ADDRESS]:8776/v3/20bf301c6eed4319808610d134355c6d/volumes returned with HTTP 202
2025-01-14 05:32:07.361 24 INFO cinder.api.openstack.wsgi [None req-cbbf404d-e36b-428c-8b45-bd48608c1487 f7feabde04fd4b7981e0eb9637fe46b4 20bf301c6eed4319808610d134355c6d - - default default] GET http://[LB_IP_ADDRESS]:8776/v3/20bf301c6eed4319808610d134355c6d/volumes/c2868c49-b853-4f0f-815f-36cbb6a12c58
2025-01-14 05:32:07.386 24 INFO cinder.volume.api [None req-cbbf404d-e36b-428c-8b45-bd48608c1487 f7feabde04fd4b7981e0eb9637fe46b4 20bf301c6eed4319808610d134355c6d - - default default] Volume info retrieved successfully.
2025-01-14 05:32:07.395 24 INFO cinder.api.openstack.wsgi [None req-cbbf404d-e36b-428c-8b45-bd48608c1487 f7feabde04fd4b7981e0eb9637fe46b4 20bf301c6eed4319808610d134355c6d - - default default] http://[LB_IP_ADDRESS]:8776/v3/20bf301c6eed4319808610d134355c6d/volumes/c2868c49-b853-4f0f-815f-36cbb6a12c58 returned with HTTP 200
2025-01-14 05:32:08.423 25 INFO cinder.api.openstack.wsgi [None req-c4238511-ddf7-4104-9512-d0ccb904cfac f7feabde04fd4b7981e0eb9637fe46b4 20bf301c6eed4319808610d134355c6d - - default default] GET http://[LB_IP_ADDRESS]:8776/v3/20bf301c6eed4319808610d134355c6d/volumes/c2868c49-b853-4f0f-815f-36cbb6a12c58
2025-01-14 05:32:08.444 25 INFO cinder.volume.api [None req-c4238511-ddf7-4104-9512-d0ccb904cfac f7feabde04fd4b7981e0eb9637fe46b4 20bf301c6eed4319808610d134355c6d - - default default] Volume info retrieved successfully.
2025-01-14 05:32:08.452 25 INFO cinder.api.openstack.wsgi [None req-c4238511-ddf7-4104-9512-d0ccb904cfac f7feabde04fd4b7981e0eb9637fe46b4 20bf301c6eed4319808610d134355c6d - - default default] http://[LB_IP_ADDRESS]:8776/v3/20bf301c6eed4319808610d134355c6d/volumes/c2868c49-b853-4f0f-815f-36cbb6a12c58 returned with HTTP 200
2025-01-14 05:32:09.258 23 INFO cinder.api.openstack.wsgi [None req-7549eb32-01a4-43bc-bbc9-6e7b5ecc6094 e76ad4ed74e24e7bb01b60ec68cd62bf ad6d5e392f5c4a89b05407c0aa7ac13c - - default default] POST http://[LB_IP_ADDRESS]:8776/v3/ad6d5e392f5c4a89b05407c0aa7ac13c/types
2025-01-14 05:32:09.291 23 INFO cinder.api.openstack.wsgi [None req-7549eb32-01a4-43bc-bbc9-6e7b5ecc6094 e76ad4ed74e24e7bb01b60ec68cd62bf ad6d5e392f5c4a89b05407c0aa7ac13c - - default default] http://[LB_IP_ADDRESS]:8776/v3/ad6d5e392f5c4a89b05407c0aa7ac13c/types returned with HTTP 200
2025-01-14 05:32:09.481 21 INFO cinder.api.openstack.wsgi [None req-5599850f-e367-4276-989d-1390308d8689 f7feabde04fd4b7981e0eb9637fe46b4 20bf301c6eed4319808610d134355c6d - - default default] GET http://[LB_IP_ADDRESS]:8776/v3/20bf301c6eed4319808610d134355c6d/volumes/c2868c49-b853-4f0f-815f-36cbb6a12c58
2025-01-14 05:32:09.507 21 INFO cinder.volume.api [None req-5599850f-e367-4276-989d-1390308d8689 f7feabde04fd4b7981e0eb9637fe46b4 20bf301c6eed4319808610d134355c6d - - default default] Volume info retrieved successfully.
2025-01-14 05:32:09.516 21 INFO cinder.api.openstack.wsgi [None req-5599850f-e367-4276-989d-1390308d8689 f7feabde04fd4b7981e0eb9637fe46b4 20bf301c6eed4319808610d134355c6d - - default default] http://[LB_IP_ADDRESS]:8776/v3/20bf301c6eed4319808610d134355c6d/volumes/c2868c49-b853-4f0f-815f-36cbb6a12c58 returned with HTTP 200
2025-01-14 05:32:09.544 24 INFO cinder.api.openstack.wsgi [None req-7126b8b6-45dc-4b1f-891a-e13cdad92353 f7feabde04fd4b7981e0eb9637fe46b4 20bf301c6eed4319808610d134355c6d - - default default] POST http://[LB_IP_ADDRESS]:8776/v3/20bf301c6eed4319808610d134355c6d/snapshots
2025-01-14 05:32:09.566 24 INFO cinder.volume.api [None req-7126b8b6-45dc-4b1f-891a-e13cdad92353 f7feabde04fd4b7981e0eb9637fe46b4 20bf301c6eed4319808610d134355c6d - - default default] Volume info retrieved successfully.
2025-01-14 05:32:09.567 24 INFO cinder.api.v3.snapshots [None req-7126b8b6-45dc-4b1f-891a-e13cdad92353 f7feabde04fd4b7981e0eb9637fe46b4 20bf301c6eed4319808610d134355c6d - - default default] Create snapshot from volume c2868c49-b853-4f0f-815f-36cbb6a12c58
2025-01-14 05:32:09.577 22 INFO cinder.api.openstack.wsgi [None req-55817502-0801-4aa0-8afb-928a88223ff5 457bc7fc12ad436ebf4e7ea27284f4b3 b0c4fd7342f34fce8e5692c4598770a6 - - default default] POST http://[LB_IP_ADDRESS]:8776/v3/b0c4fd7342f34fce8e5692c4598770a6/volumes
2025-01-14 05:32:09.589 22 INFO cinder.api.v3.volumes [None req-55817502-0801-4aa0-8afb-928a88223ff5 457bc7fc12ad436ebf4e7ea27284f4b3 b0c4fd7342f34fce8e5692c4598770a6 - - default default] Create volume of 1 GB
2025-01-14 05:32:09.592 22 INFO cinder.volume.api [None req-55817502-0801-4aa0-8afb-928a88223ff5 457bc7fc12ad436ebf4e7ea27284f4b3 b0c4fd7342f34fce8e5692c4598770a6 - - default default] Availability Zones retrieved successfully.
2025-01-14 05:32:09.724 24 INFO cinder.volume.api [None req-7126b8b6-45dc-4b1f-891a-e13cdad92353 f7feabde04fd4b7981e0eb9637fe46b4 20bf301c6eed4319808610d134355c6d - - default default] Snapshot create request issued successfully.
2025-01-14 05:32:09.725 24 INFO cinder.api.openstack.wsgi [None req-7126b8b6-45dc-4b1f-891a-e13cdad92353 f7feabde04fd4b7981e0eb9637fe46b4 20bf301c6eed4319808610d134355c6d - - default default] http://[LB_IP_ADDRESS]:8776/v3/20bf301c6eed4319808610d134355c6d/snapshots returned with HTTP 202
2025-01-14 05:32:09.740 25 INFO cinder.api.openstack.wsgi [None req-e308f66d-842b-4ed4-962e-289caf04dc93 f7feabde04fd4b7981e0eb9637fe46b4 20bf301c6eed4319808610d134355c6d - - default default] GET http://[LB_IP_ADDRESS]:8776/v3/20bf301c6eed4319808610d134355c6d/snapshots/6cec6119-58fa-4aff-ac3e-2b8808700f3a
2025-01-14 05:32:09.741 22 WARNING cinder.quota [None req-55817502-0801-4aa0-8afb-928a88223ff5 457bc7fc12ad436ebf4e7ea27284f4b3 b0c4fd7342f34fce8e5692c4598770a6 - - default default] Deprecated: Default quota for resource: volumes_tempest-UserMessagesTest-volume-type-1908612969 is set by the default quota flag: quota_volumes_tempest-UserMessagesTest-volume-type-1908612969, it is now deprecated. Please use the default quota class for default quota.
