2026-03-27 13:56:40.219 75 INFO cinder.api.openstack.wsgi [req-b65c3678-fe00-459d-8b72-4d385b99d175 req-289991f3-3855-4b59-a3a0-30c37612dfd4 5e773c00dd1e4ccbbde58981c1c9adb1 99f73bbc10624106bb008a5c609b9dfe - - default default] GET http://[LB_IP_ADDRESS]:8776/v3/volumes/d053e467-5076-4d7d-ac0a-d01f40efdb28
2026-03-27 13:56:40.242 75 INFO cinder.volume.api [req-b65c3678-fe00-459d-8b72-4d385b99d175 req-289991f3-3855-4b59-a3a0-30c37612dfd4 5e773c00dd1e4ccbbde58981c1c9adb1 99f73bbc10624106bb008a5c609b9dfe - - default default] Volume info retrieved successfully.
2026-03-27 13:56:40.251 75 INFO cinder.api.openstack.wsgi [req-b65c3678-fe00-459d-8b72-4d385b99d175 req-289991f3-3855-4b59-a3a0-30c37612dfd4 5e773c00dd1e4ccbbde58981c1c9adb1 99f73bbc10624106bb008a5c609b9dfe - - default default] http://[LB_IP_ADDRESS]:8776/v3/volumes/d053e467-5076-4d7d-ac0a-d01f40efdb28 returned with HTTP 200
2026-03-27 13:56:40.272 73 INFO cinder.api.openstack.wsgi [None req-666f97b7-0c8e-4a84-9fd4-10758a1f6b6f 5e773c00dd1e4ccbbde58981c1c9adb1 99f73bbc10624106bb008a5c609b9dfe - - default default] POST http://[LB_IP_ADDRESS]:8776/v3/99f73bbc10624106bb008a5c609b9dfe/volumes
2026-03-27 13:56:40.276 73 INFO cinder.api.v3.volumes [None req-666f97b7-0c8e-4a84-9fd4-10758a1f6b6f 5e773c00dd1e4ccbbde58981c1c9adb1 99f73bbc10624106bb008a5c609b9dfe - - default default] Create volume of 1 GB
2026-03-27 13:56:40.286 73 INFO cinder.volume.api [None req-666f97b7-0c8e-4a84-9fd4-10758a1f6b6f 5e773c00dd1e4ccbbde58981c1c9adb1 99f73bbc10624106bb008a5c609b9dfe - - default default] Availability Zones retrieved successfully.
2026-03-27 13:56:40.351 72 INFO cinder.api.openstack.wsgi [None req-6c31ea8a-6bd1-4055-a8bf-b69273321270 7b9b02802e4a496c88ef17ff7a3f0f1d ecef9ca5dfde4b28b909aa2da1e3a3d7 - - default default] GET http://[LB_IP_ADDRESS]:8776/v3/ecef9ca5dfde4b28b909aa2da1e3a3d7/groups/2dabb6ec-e595-431d-8327-03fe4c2ceea0
2026-03-27 13:56:40.371 72 INFO cinder.api.openstack.wsgi [None req-6c31ea8a-6bd1-4055-a8bf-b69273321270 7b9b02802e4a496c88ef17ff7a3f0f1d ecef9ca5dfde4b28b909aa2da1e3a3d7 - - default default] http://[LB_IP_ADDRESS]:8776/v3/ecef9ca5dfde4b28b909aa2da1e3a3d7/groups/2dabb6ec-e595-431d-8327-03fe4c2ceea0 returned with HTTP 200
2026-03-27 13:56:40.391 74 INFO cinder.api.openstack.wsgi [None req-bebaee42-0899-454e-819d-12b35681b79d 7b9b02802e4a496c88ef17ff7a3f0f1d ecef9ca5dfde4b28b909aa2da1e3a3d7 - - default default] POST http://[LB_IP_ADDRESS]:8776/v3/ecef9ca5dfde4b28b909aa2da1e3a3d7/volumes
2026-03-27 13:56:40.406 74 INFO cinder.api.v3.volumes [None req-bebaee42-0899-454e-819d-12b35681b79d 7b9b02802e4a496c88ef17ff7a3f0f1d ecef9ca5dfde4b28b909aa2da1e3a3d7 - - default default] Create volume of 1 GB
2026-03-27 13:56:40.415 74 INFO cinder.volume.api [None req-bebaee42-0899-454e-819d-12b35681b79d 7b9b02802e4a496c88ef17ff7a3f0f1d ecef9ca5dfde4b28b909aa2da1e3a3d7 - - default default] Availability Zones retrieved successfully.
2026-03-27 13:56:40.470 73 INFO cinder.volume.api [None req-666f97b7-0c8e-4a84-9fd4-10758a1f6b6f 5e773c00dd1e4ccbbde58981c1c9adb1 99f73bbc10624106bb008a5c609b9dfe - - default default] Create volume request issued successfully.
2026-03-27 13:56:40.471 73 INFO cinder.api.openstack.wsgi [None req-666f97b7-0c8e-4a84-9fd4-10758a1f6b6f 5e773c00dd1e4ccbbde58981c1c9adb1 99f73bbc10624106bb008a5c609b9dfe - - default default] http://[LB_IP_ADDRESS]:8776/v3/99f73bbc10624106bb008a5c609b9dfe/volumes returned with HTTP 202
2026-03-27 13:56:40.492 76 INFO cinder.api.openstack.wsgi [None req-298ebc82-f68c-4f64-be0a-45d4880c81c2 5e773c00dd1e4ccbbde58981c1c9adb1 99f73bbc10624106bb008a5c609b9dfe - - default default] GET http://[LB_IP_ADDRESS]:8776/v3/99f73bbc10624106bb008a5c609b9dfe/volumes/26907ade-4630-47ed-893c-87dab09a0510
2026-03-27 13:56:40.500 74 WARNING cinder.quota [None req-bebaee42-0899-454e-819d-12b35681b79d 7b9b02802e4a496c88ef17ff7a3f0f1d ecef9ca5dfde4b28b909aa2da1e3a3d7 - - default default] Deprecated: Default quota for resource: volumes_tempest-GroupsTest-volume-type-612291405 is set by the default quota flag: quota_volumes_tempest-GroupsTest-volume-type-612291405, it is now deprecated. Please use the default quota class for default quota.
2026-03-27 13:56:40.501 74 WARNING cinder.quota [None req-bebaee42-0899-454e-819d-12b35681b79d 7b9b02802e4a496c88ef17ff7a3f0f1d ecef9ca5dfde4b28b909aa2da1e3a3d7 - - default default] Deprecated: Default quota for resource: gigabytes_tempest-GroupsTest-volume-type-612291405 is set by the default quota flag: quota_gigabytes_tempest-GroupsTest-volume-type-612291405, it is now deprecated. Please use the default quota class for default quota.
2026-03-27 13:56:40.517 76 INFO cinder.volume.api [None req-298ebc82-f68c-4f64-be0a-45d4880c81c2 5e773c00dd1e4ccbbde58981c1c9adb1 99f73bbc10624106bb008a5c609b9dfe - - default default] Volume info retrieved successfully.
2026-03-27 13:56:40.527 76 INFO cinder.api.openstack.wsgi [None req-298ebc82-f68c-4f64-be0a-45d4880c81c2 5e773c00dd1e4ccbbde58981c1c9adb1 99f73bbc10624106bb008a5c609b9dfe - - default default] http://[LB_IP_ADDRESS]:8776/v3/99f73bbc10624106bb008a5c609b9dfe/volumes/26907ade-4630-47ed-893c-87dab09a0510 returned with HTTP 200
2026-03-27 13:56:40.560 75 INFO cinder.api.openstack.wsgi [None req-160486c1-23e4-4630-957e-7cfe8a0625ab 0153caec86b8481f912ad1ccf4b11dbf c92bdfa151354db29fe45344a299ea9b - - default default] GET http://[LB_IP_ADDRESS]:8776/v3/c92bdfa151354db29fe45344a299ea9b/volumes/eb675e4c-8a36-4b2d-b04e-1a3ecc682105
2026-03-27 13:56:40.582 75 INFO cinder.volume.api [None req-160486c1-23e4-4630-957e-7cfe8a0625ab 0153caec86b8481f912ad1ccf4b11dbf c92bdfa151354db29fe45344a299ea9b - - default default] Volume info retrieved successfully.
2026-03-27 13:56:40.592 74 INFO cinder.volume.api [None req-bebaee42-0899-454e-819d-12b35681b79d 7b9b02802e4a496c88ef17ff7a3f0f1d ecef9ca5dfde4b28b909aa2da1e3a3d7 - - default default] Create volume request issued successfully.
2026-03-27 13:56:40.606 74 INFO cinder.api.openstack.wsgi [None req-bebaee42-0899-454e-819d-12b35681b79d 7b9b02802e4a496c88ef17ff7a3f0f1d ecef9ca5dfde4b28b909aa2da1e3a3d7 - - default default] http://[LB_IP_ADDRESS]:8776/v3/ecef9ca5dfde4b28b909aa2da1e3a3d7/volumes returned with HTTP 202
2026-03-27 13:56:40.608 75 INFO cinder.api.openstack.wsgi [None req-160486c1-23e4-4630-957e-7cfe8a0625ab 0153caec86b8481f912ad1ccf4b11dbf c92bdfa151354db29fe45344a299ea9b - - default default] http://[LB_IP_ADDRESS]:8776/v3/c92bdfa151354db29fe45344a299ea9b/volumes/eb675e4c-8a36-4b2d-b04e-1a3ecc682105 returned with HTTP 200
2026-03-27 13:56:40.627 72 INFO cinder.api.openstack.wsgi [None req-6b507f28-d4ac-4307-966d-ad595910a1ee 7b9b02802e4a496c88ef17ff7a3f0f1d ecef9ca5dfde4b28b909aa2da1e3a3d7 - - default default] GET http://[LB_IP_ADDRESS]:8776/v3/ecef9ca5dfde4b28b909aa2da1e3a3d7/volumes/a08621d6-569e-46af-ab5a-b0f1edda986b
2026-03-27 13:56:40.627 73 INFO cinder.api.openstack.wsgi [None req-4ab1efea-114f-4e05-8ead-0179f2f5468c 0153caec86b8481f912ad1ccf4b11dbf c92bdfa151354db29fe45344a299ea9b - - default default] POST http://[LB_IP_ADDRESS]:8776/v3/c92bdfa151354db29fe45344a299ea9b/group_snapshots
2026-03-27 13:56:40.640 73 INFO cinder.api.v3.group_snapshots [None req-4ab1efea-114f-4e05-8ead-0179f2f5468c 0153caec86b8481f912ad1ccf4b11dbf c92bdfa151354db29fe45344a299ea9b - - default default] Creating group_snapshot tempest-group_snapshot-937900140.
2026-03-27 13:56:40.650 72 INFO cinder.volume.api [None req-6b507f28-d4ac-4307-966d-ad595910a1ee 7b9b02802e4a496c88ef17ff7a3f0f1d ecef9ca5dfde4b28b909aa2da1e3a3d7 - - default default] Volume info retrieved successfully.
2026-03-27 13:56:40.671 72 INFO cinder.api.openstack.wsgi [None req-6b507f28-d4ac-4307-966d-ad595910a1ee 7b9b02802e4a496c88ef17ff7a3f0f1d ecef9ca5dfde4b28b909aa2da1e3a3d7 - - default default] http://[LB_IP_ADDRESS]:8776/v3/ecef9ca5dfde4b28b909aa2da1e3a3d7/volumes/a08621d6-569e-46af-ab5a-b0f1edda986b returned with HTTP 200
2026-03-27 13:56:40.688 73 WARNING cinder.quota [None req-4ab1efea-114f-4e05-8ead-0179f2f5468c 0153caec86b8481f912ad1ccf4b11dbf c92bdfa151354db29fe45344a299ea9b - - default default] Deprecated: Default quota for resource: gigabytes_tempest-GroupSnapshotsTest-volume-type-806921346 is set by the default quota flag: quota_gigabytes_tempest-GroupSnapshotsTest-volume-type-806921346, it is now deprecated. Please use the default quota class for default quota.
2026-03-27 13:56:40.689 73 WARNING cinder.quota [None req-4ab1efea-114f-4e05-8ead-0179f2f5468c 0153caec86b8481f912ad1ccf4b11dbf c92bdfa151354db29fe45344a299ea9b - - default default] Deprecated: Default quota for resource: snapshots_tempest-GroupSnapshotsTest-volume-type-806921346 is set by the default quota flag: quota_snapshots_tempest-GroupSnapshotsTest-volume-type-806921346, it is now deprecated. Please use the default quota class for default quota.
2026-03-27 13:56:40.753 73 INFO cinder.api.openstack.wsgi [None req-4ab1efea-114f-4e05-8ead-0179f2f5468c 0153caec86b8481f912ad1ccf4b11dbf c92bdfa151354db29fe45344a299ea9b - - default default] http://[LB_IP_ADDRESS]:8776/v3/c92bdfa151354db29fe45344a299ea9b/group_snapshots returned with HTTP 202
2026-03-27 13:56:40.767 76 INFO cinder.api.openstack.wsgi [None req-68b981e5-a928-4725-9c77-ce89c7e1aa70 0153caec86b8481f912ad1ccf4b11dbf c92bdfa151354db29fe45344a299ea9b - - default default] GET http://[LB_IP_ADDRESS]:8776/v3/c92bdfa151354db29fe45344a299ea9b/group_snapshots/dd509021-5e43-497e-b4e0-ee754aaa8508
2026-03-27 13:56:40.782 76 INFO cinder.api.openstack.wsgi [None req-68b981e5-a928-4725-9c77-ce89c7e1aa70 0153caec86b8481f912ad1ccf4b11dbf c92bdfa151354db29fe45344a299ea9b - - default default] http://[LB_IP_ADDRESS]:8776/v3/c92bdfa151354db29fe45344a299ea9b/group_snapshots/dd509021-5e43-497e-b4e0-ee754aaa8508 returned with HTTP 200
2026-03-27 13:56:41.548 74 INFO cinder.api.openstack.wsgi [None req-b8cc9c6c-715c-42df-bfff-a6d3efafb230 5e773c00dd1e4ccbbde58981c1c9adb1 99f73bbc10624106bb008a5c609b9dfe - - default default] GET http://[LB_IP_ADDRESS]:8776/v3/99f73bbc10624106bb008a5c609b9dfe/volumes/26907ade-4630-47ed-893c-87dab09a0510
2026-03-27 13:56:41.571 74 INFO cinder.volume.api [None req-b8cc9c6c-715c-42df-bfff-a6d3efafb230 5e773c00dd1e4ccbbde58981c1c9adb1 99f73bbc10624106bb008a5c609b9dfe - - default default] Volume info retrieved successfully.
2026-03-27 13:56:41.581 74 INFO cinder.api.openstack.wsgi [None req-b8cc9c6c-715c-42df-bfff-a6d3efafb230 5e773c00dd1e4ccbbde58981c1c9adb1 99f73bbc10624106bb008a5c609b9dfe - - default default] http://[LB_IP_ADDRESS]:8776/v3/99f73bbc10624106bb008a5c609b9dfe/volumes/26907ade-4630-47ed-893c-87dab09a0510 returned with HTTP 200
2026-03-27 13:56:41.620 75 INFO cinder.api.openstack.wsgi [req-88a2beeb-582b-411a-a2ae-901d20aa1256 req-db974730-0e18-4b9a-a6b2-c091718f7f72 5e773c00dd1e4ccbbde58981c1c9adb1 99f73bbc10624106bb008a5c609b9dfe - - default default] GET http://[LB_IP_ADDRESS]:8776/v3/volumes/26907ade-4630-47ed-893c-87dab09a0510
2026-03-27 13:56:41.643 75 INFO cinder.volume.api [req-88a2beeb-582b-411a-a2ae-901d20aa1256 req-db974730-0e18-4b9a-a6b2-c091718f7f72 5e773c00dd1e4ccbbde58981c1c9adb1 99f73bbc10624106bb008a5c609b9dfe - - default default] Volume info retrieved successfully.
2026-03-27 13:56:41.652 75 INFO cinder.api.openstack.wsgi [req-88a2beeb-582b-411a-a2ae-901d20aa1256 req-db974730-0e18-4b9a-a6b2-c091718f7f72 5e773c00dd1e4ccbbde58981c1c9adb1 99f73bbc10624106bb008a5c609b9dfe - - default default] http://[LB_IP_ADDRESS]:8776/v3/volumes/26907ade-4630-47ed-893c-87dab09a0510 returned with HTTP 200
2026-03-27 13:56:41.672 72 INFO cinder.api.openstack.wsgi [None req-0f8d7316-ef49-426e-9b9b-109487239c47 5e773c00dd1e4ccbbde58981c1c9adb1 99f73bbc10624106bb008a5c609b9dfe - - default default] POST http://[LB_IP_ADDRESS]:8776/v3/99f73bbc10624106bb008a5c609b9dfe/volumes
2026-03-27 13:56:41.675 72 INFO cinder.api.v3.volumes [None req-0f8d7316-ef49-426e-9b9b-109487239c47 5e773c00dd1e4ccbbde58981c1c9adb1 99f73bbc10624106bb008a5c609b9dfe - - default default] Create volume of 1 GB
2026-03-27 13:56:41.683 72 INFO cinder.volume.api [None req-0f8d7316-ef49-426e-9b9b-109487239c47 5e773c00dd1e4ccbbde58981c1c9adb1 99f73bbc10624106bb008a5c609b9dfe - - default default] Availability Zones retrieved successfully.
2026-03-27 13:56:41.693 73 INFO cinder.api.openstack.wsgi [None req-53ea1900-90cc-48fb-bb19-4f3839d1aee2 7b9b02802e4a496c88ef17ff7a3f0f1d ecef9ca5dfde4b28b909aa2da1e3a3d7 - - default default] GET http://[LB_IP_ADDRESS]:8776/v3/ecef9ca5dfde4b28b909aa2da1e3a3d7/volumes/a08621d6-569e-46af-ab5a-b0f1edda986b
2026-03-27 13:56:41.715 73 INFO cinder.volume.api [None req-53ea1900-90cc-48fb-bb19-4f3839d1aee2 7b9b02802e4a496c88ef17ff7a3f0f1d ecef9ca5dfde4b28b909aa2da1e3a3d7 - - default default] Volume info retrieved successfully.
2026-03-27 13:56:41.742 73 INFO cinder.api.openstack.wsgi [None req-53ea1900-90cc-48fb-bb19-4f3839d1aee2 7b9b02802e4a496c88ef17ff7a3f0f1d ecef9ca5dfde4b28b909aa2da1e3a3d7 - - default default] http://[LB_IP_ADDRESS]:8776/v3/ecef9ca5dfde4b28b909aa2da1e3a3d7/volumes/a08621d6-569e-46af-ab5a-b0f1edda986b returned with HTTP 200
2026-03-27 13:56:41.765 76 INFO cinder.api.openstack.wsgi [None req-7cdef778-7b43-4ee0-8111-b3d1ddaa1f2a 7b9b02802e4a496c88ef17ff7a3f0f1d ecef9ca5dfde4b28b909aa2da1e3a3d7 - - default default] GET http://[LB_IP_ADDRESS]:8776/v3/ecef9ca5dfde4b28b909aa2da1e3a3d7/groups/d909d0b5-df3b-4269-8b9e-e56ae9eb3919
2026-03-27 13:56:41.786 76 INFO cinder.api.openstack.wsgi [None req-7cdef778-7b43-4ee0-8111-b3d1ddaa1f2a 7b9b02802e4a496c88ef17ff7a3f0f1d ecef9ca5dfde4b28b909aa2da1e3a3d7 - - default default] http://[LB_IP_ADDRESS]:8776/v3/ecef9ca5dfde4b28b909aa2da1e3a3d7/groups/d909d0b5-df3b-4269-8b9e-e56ae9eb3919 returned with HTTP 200
2026-03-27 13:56:41.798 74 INFO cinder.api.openstack.wsgi [None req-b3a44678-85b8-4f5c-90f6-a18a3d47f97b 0153caec86b8481f912ad1ccf4b11dbf c92bdfa151354db29fe45344a299ea9b - - default default] GET http://[LB_IP_ADDRESS]:8776/v3/c92bdfa151354db29fe45344a299ea9b/group_snapshots/dd509021-5e43-497e-b4e0-ee754aaa8508
2026-03-27 13:56:41.803 75 INFO cinder.api.openstack.wsgi [None req-401767e6-4d2c-4190-be8f-52f86ad123ea 7b9b02802e4a496c88ef17ff7a3f0f1d ecef9ca5dfde4b28b909aa2da1e3a3d7 - - default default] GET http://[LB_IP_ADDRESS]:8776/v3/ecef9ca5dfde4b28b909aa2da1e3a3d7/groups/2dabb6ec-e595-431d-8327-03fe4c2ceea0
2026-03-27 13:56:41.811 74 INFO cinder.api.openstack.wsgi [None req-b3a44678-85b8-4f5c-90f6-a18a3d47f97b 0153caec86b8481f912ad1ccf4b11dbf c92bdfa151354db29fe45344a299ea9b - - default default] http://[LB_IP_ADDRESS]:8776/v3/c92bdfa151354db29fe45344a299ea9b/group_snapshots/dd509021-5e43-497e-b4e0-ee754aaa8508 returned with HTTP 200
2026-03-27 13:56:41.823 75 INFO cinder.api.openstack.wsgi [None req-401767e6-4d2c-4190-be8f-52f86ad123ea 7b9b02802e4a496c88ef17ff7a3f0f1d ecef9ca5dfde4b28b909aa2da1e3a3d7 - - default default] http://[LB_IP_ADDRESS]:8776/v3/ecef9ca5dfde4b28b909aa2da1e3a3d7/groups/2dabb6ec-e595-431d-8327-03fe4c2ceea0 returned with HTTP 200
2026-03-27 13:56:41.840 73 INFO cinder.api.openstack.wsgi [None req-08b9665e-85f1-466f-be76-44c012258e0b 7b9b02802e4a496c88ef17ff7a3f0f1d ecef9ca5dfde4b28b909aa2da1e3a3d7 - - default default] GET http://[LB_IP_ADDRESS]:8776/v3/ecef9ca5dfde4b28b909aa2da1e3a3d7/groups/detail
2026-03-27 13:56:41.865 72 INFO cinder.volume.api [None req-0f8d7316-ef49-426e-9b9b-109487239c47 5e773c00dd1e4ccbbde58981c1c9adb1 99f73bbc10624106bb008a5c609b9dfe - - default default] Create volume request issued successfully.
2026-03-27 13:56:41.867 72 INFO cinder.api.openstack.wsgi [None req-0f8d7316-ef49-426e-9b9b-109487239c47 5e773c00dd1e4ccbbde58981c1c9adb1 99f73bbc10624106bb008a5c609b9dfe - - default default] http://[LB_IP_ADDRESS]:8776/v3/99f73bbc10624106bb008a5c609b9dfe/volumes returned with HTTP 202
2026-03-27 13:56:41.874 73 INFO cinder.api.openstack.wsgi [None req-08b9665e-85f1-466f-be76-44c012258e0b 7b9b02802e4a496c88ef17ff7a3f0f1d ecef9ca5dfde4b28b909aa2da1e3a3d7 - - default default] http://[LB_IP_ADDRESS]:8776/v3/ecef9ca5dfde4b28b909aa2da1e3a3d7/groups/detail returned with HTTP 200
2026-03-27 13:56:41.888 76 INFO cinder.api.openstack.wsgi [None req-7c0a13b8-f80a-4a79-8a93-ca1ac8fc07f5 5e773c00dd1e4ccbbde58981c1c9adb1 99f73bbc10624106bb008a5c609b9dfe - - default default] GET http://[LB_IP_ADDRESS]:8776/v3/99f73bbc10624106bb008a5c609b9dfe/volumes/a65dbb05-bac2-4d4d-9a89-50f87f2e0031
2026-03-27 13:56:41.891 74 INFO cinder.api.openstack.wsgi [None req-268bf33e-4649-4c43-91be-9ea6a63cce90 7b9b02802e4a496c88ef17ff7a3f0f1d ecef9ca5dfde4b28b909aa2da1e3a3d7 - - default default] GET http://[LB_IP_ADDRESS]:8776/v3/ecef9ca5dfde4b28b909aa2da1e3a3d7/volumes/detail
2026-03-27 13:56:41.907 74 INFO cinder.volume.api [None req-268bf33e-4649-4c43-91be-9ea6a63cce90 7b9b02802e4a496c88ef17ff7a3f0f1d ecef9ca5dfde4b28b909aa2da1e3a3d7 - - default default] Get all volumes completed successfully.
2026-03-27 13:56:41.912 76 INFO cinder.volume.api [None req-7c0a13b8-f80a-4a79-8a93-ca1ac8fc07f5 5e773c00dd1e4ccbbde58981c1c9adb1 99f73bbc10624106bb008a5c609b9dfe - - default default] Volume info retrieved successfully.
2026-03-27 13:56:41.922 76 INFO cinder.api.openstack.wsgi [None req-7c0a13b8-f80a-4a79-8a93-ca1ac8fc07f5 5e773c00dd1e4ccbbde58981c1c9adb1 99f73bbc10624106bb008a5c609b9dfe - - default default] http://[LB_IP_ADDRESS]:8776/v3/99f73bbc10624106bb008a5c609b9dfe/volumes/a65dbb05-bac2-4d4d-9a89-50f87f2e0031 returned with HTTP 200
2026-03-27 13:56:41.936 74 INFO cinder.api.openstack.wsgi [None req-268bf33e-4649-4c43-91be-9ea6a63cce90 7b9b02802e4a496c88ef17ff7a3f0f1d ecef9ca5dfde4b28b909aa2da1e3a3d7 - - default default] http://[LB_IP_ADDRESS]:8776/v3/ecef9ca5dfde4b28b909aa2da1e3a3d7/volumes/detail returned with HTTP 200
2026-03-27 13:56:41.958 75 INFO cinder.api.openstack.wsgi [None req-19c67ee2-2cbb-46ff-a008-2efc9aba3ac6 7b9b02802e4a496c88ef17ff7a3f0f1d ecef9ca5dfde4b28b909aa2da1e3a3d7 - - default default] GET http://[LB_IP_ADDRESS]:8776/v3/ecef9ca5dfde4b28b909aa2da1e3a3d7/volumes/detail
2026-03-27 13:56:41.974 75 INFO cinder.volume.api [None req-19c67ee2-2cbb-46ff-a008-2efc9aba3ac6 7b9b02802e4a496c88ef17ff7a3f0f1d ecef9ca5dfde4b28b909aa2da1e3a3d7 - - default default] Get all volumes completed successfully.
2026-03-27 13:56:42.003 75 INFO cinder.api.openstack.wsgi [None req-19c67ee2-2cbb-46ff-a008-2efc9aba3ac6 7b9b02802e4a496c88ef17ff7a3f0f1d ecef9ca5dfde4b28b909aa2da1e3a3d7 - - default default] http://[LB_IP_ADDRESS]:8776/v3/ecef9ca5dfde4b28b909aa2da1e3a3d7/volumes/detail returned with HTTP 200
2026-03-27 13:56:42.025 72 INFO cinder.api.openstack.wsgi [None req-ff0195ab-9de5-4399-800a-75d0136a9657 7b9b02802e4a496c88ef17ff7a3f0f1d ecef9ca5dfde4b28b909aa2da1e3a3d7 - - default default] POST http://[LB_IP_ADDRESS]:8776/v3/ecef9ca5dfde4b28b909aa2da1e3a3d7/groups/d909d0b5-df3b-4269-8b9e-e56ae9eb3919/action
2026-03-27 13:56:42.029 72 INFO cinder.api.v3.groups [None req-ff0195ab-9de5-4399-800a-75d0136a9657 7b9b02802e4a496c88ef17ff7a3f0f1d ecef9ca5dfde4b28b909aa2da1e3a3d7 - - default default] Delete group with id: d909d0b5-df3b-4269-8b9e-e56ae9eb3919
2026-03-27 13:56:42.089 72 INFO cinder.api.openstack.wsgi [None req-ff0195ab-9de5-4399-800a-75d0136a9657 7b9b02802e4a496c88ef17ff7a3f0f1d ecef9ca5dfde4b28b909aa2da1e3a3d7 - - default default] http://[LB_IP_ADDRESS]:8776/v3/ecef9ca5dfde4b28b909aa2da1e3a3d7/groups/d909d0b5-df3b-4269-8b9e-e56ae9eb3919/action returned with HTTP 202
2026-03-27 13:56:42.101 73 INFO cinder.api.openstack.wsgi [None req-99b7a9f1-caf3-412d-b0b8-aa9b5a4dcb32 7b9b02802e4a496c88ef17ff7a3f0f1d ecef9ca5dfde4b28b909aa2da1e3a3d7 - - default default] GET http://[LB_IP_ADDRESS]:8776/v3/ecef9ca5dfde4b28b909aa2da1e3a3d7/volumes/a08621d6-569e-46af-ab5a-b0f1edda986b
2026-03-27 13:56:42.123 73 INFO cinder.volume.api [None req-99b7a9f1-caf3-412d-b0b8-aa9b5a4dcb32 7b9b02802e4a496c88ef17ff7a3f0f1d ecef9ca5dfde4b28b909aa2da1e3a3d7 - - default default] Volume info retrieved successfully.
2026-03-27 13:56:42.152 73 INFO cinder.api.openstack.wsgi [None req-99b7a9f1-caf3-412d-b0b8-aa9b5a4dcb32 7b9b02802e4a496c88ef17ff7a3f0f1d ecef9ca5dfde4b28b909aa2da1e3a3d7 - - default default] http://[LB_IP_ADDRESS]:8776/v3/ecef9ca5dfde4b28b909aa2da1e3a3d7/volumes/a08621d6-569e-46af-ab5a-b0f1edda986b returned with HTTP 200
2026-03-27 13:56:42.827 76 INFO cinder.api.openstack.wsgi [None req-6a2525a4-86fa-49da-8581-fccda6f67c5c 0153caec86b8481f912ad1ccf4b11dbf c92bdfa151354db29fe45344a299ea9b - - default default] GET http://[LB_IP_ADDRESS]:8776/v3/c92bdfa151354db29fe45344a299ea9b/group_snapshots/dd509021-5e43-497e-b4e0-ee754aaa8508
2026-03-27 13:56:42.840 76 INFO cinder.api.openstack.wsgi [None req-6a2525a4-86fa-49da-8581-fccda6f67c5c 0153caec86b8481f912ad1ccf4b11dbf c92bdfa151354db29fe45344a299ea9b - - default default] http://[LB_IP_ADDRESS]:8776/v3/c92bdfa151354db29fe45344a299ea9b/group_snapshots/dd509021-5e43-497e-b4e0-ee754aaa8508 returned with HTTP 200
2026-03-27 13:56:42.856 74 INFO cinder.api.openstack.wsgi [None req-b85b3f77-e413-4bbe-a3f4-3d3ed42ef96f 0153caec86b8481f912ad1ccf4b11dbf c92bdfa151354db29fe45344a299ea9b - - default default] GET http://[LB_IP_ADDRESS]:8776/v3/c92bdfa151354db29fe45344a299ea9b/snapshots/detail
2026-03-27 13:56:42.866 74 INFO cinder.volume.api [None req-b85b3f77-e413-4bbe-a3f4-3d3ed42ef96f 0153caec86b8481f912ad1ccf4b11dbf c92bdfa151354db29fe45344a299ea9b - - default default] Get all snapshots completed successfully.
2026-03-27 13:56:42.869 74 INFO cinder.api.openstack.wsgi [None req-b85b3f77-e413-4bbe-a3f4-3d3ed42ef96f 0153caec86b8481f912ad1ccf4b11dbf c92bdfa151354db29fe45344a299ea9b - - default default] http://[LB_IP_ADDRESS]:8776/v3/c92bdfa151354db29fe45344a299ea9b/snapshots/detail returned with HTTP 200
2026-03-27 13:56:42.887 75 INFO cinder.api.openstack.wsgi [None req-964b84ce-77be-4e65-b822-7f7f2fead5fd 0153caec86b8481f912ad1ccf4b11dbf c92bdfa151354db29fe45344a299ea9b - - default default] GET http://[LB_IP_ADDRESS]:8776/v3/c92bdfa151354db29fe45344a299ea9b/snapshots/0da24d2c-66a7-4c70-a7c2-9145fff4966c
2026-03-27 13:56:42.899 75 INFO cinder.volume.api [None req-964b84ce-77be-4e65-b822-7f7f2fead5fd 0153caec86b8481f912ad1ccf4b11dbf c92bdfa151354db29fe45344a299ea9b - - default default] Snapshot retrieved successfully.
2026-03-27 13:56:42.901 75 INFO cinder.api.openstack.wsgi [None req-964b84ce-77be-4e65-b822-7f7f2fead5fd 0153caec86b8481f912ad1ccf4b11dbf c92bdfa151354db29fe45344a299ea9b - - default default] http://[LB_IP_ADDRESS]:8776/v3/c92bdfa151354db29fe45344a299ea9b/snapshots/0da24d2c-66a7-4c70-a7c2-9145fff4966c returned with HTTP 200
2026-03-27 13:56:42.917 72 INFO cinder.api.openstack.wsgi [None req-54268575-031f-4447-883f-c8d03371d799 0153caec86b8481f912ad1ccf4b11dbf c92bdfa151354db29fe45344a299ea9b - - default default] POST http://[LB_IP_ADDRESS]:8776/v3/c92bdfa151354db29fe45344a299ea9b/groups/action
2026-03-27 13:56:42.922 72 INFO cinder.api.v3.groups [None req-54268575-031f-4447-883f-c8d03371d799 0153caec86b8481f912ad1ccf4b11dbf c92bdfa151354db29fe45344a299ea9b - - default default] Creating group tempest-Group_from_snap-886843420 from group_snapshot dd509021-5e43-497e-b4e0-ee754aaa8508.
2026-03-27 13:56:42.947 73 INFO cinder.api.openstack.wsgi [None req-b33b5c5c-6294-498f-829a-10a083074812 5e773c00dd1e4ccbbde58981c1c9adb1 99f73bbc10624106bb008a5c609b9dfe - - default default] GET http://[LB_IP_ADDRESS]:8776/v3/99f73bbc10624106bb008a5c609b9dfe/volumes/a65dbb05-bac2-4d4d-9a89-50f87f2e0031
2026-03-27 13:56:42.970 73 INFO cinder.volume.api [None req-b33b5c5c-6294-498f-829a-10a083074812 5e773c00dd1e4ccbbde58981c1c9adb1 99f73bbc10624106bb008a5c609b9dfe - - default default] Volume info retrieved successfully.
2026-03-27 13:56:42.980 73 INFO cinder.api.openstack.wsgi [None req-b33b5c5c-6294-498f-829a-10a083074812 5e773c00dd1e4ccbbde58981c1c9adb1 99f73bbc10624106bb008a5c609b9dfe - - default default] http://[LB_IP_ADDRESS]:8776/v3/99f73bbc10624106bb008a5c609b9dfe/volumes/a65dbb05-bac2-4d4d-9a89-50f87f2e0031 returned with HTTP 200
2026-03-27 13:56:43.019 76 INFO cinder.api.openstack.wsgi [req-da5bcca3-374a-4191-845a-a7b85312dd6b req-bac90aaa-2862-472d-b785-2d819fb81fd9 5e773c00dd1e4ccbbde58981c1c9adb1 99f73bbc10624106bb008a5c609b9dfe - - default default] GET http://[LB_IP_ADDRESS]:8776/v3/volumes/a65dbb05-bac2-4d4d-9a89-50f87f2e0031
2026-03-27 13:56:43.042 76 INFO cinder.volume.api [req-da5bcca3-374a-4191-845a-a7b85312dd6b req-bac90aaa-2862-472d-b785-2d819fb81fd9 5e773c00dd1e4ccbbde58981c1c9adb1 99f73bbc10624106bb008a5c609b9dfe - - default default] Volume info retrieved successfully.
2026-03-27 13:56:43.052 76 INFO cinder.api.openstack.wsgi [req-da5bcca3-374a-4191-845a-a7b85312dd6b req-bac90aaa-2862-472d-b785-2d819fb81fd9 5e773c00dd1e4ccbbde58981c1c9adb1 99f73bbc10624106bb008a5c609b9dfe - - default default] http://[LB_IP_ADDRESS]:8776/v3/volumes/a65dbb05-bac2-4d4d-9a89-50f87f2e0031 returned with HTTP 200
2026-03-27 13:56:43.088 74 INFO cinder.api.openstack.wsgi [req-552fd70e-e06f-4eae-9a0f-b113329b3a6a req-664f08f8-797f-4f3d-adc3-045a1a0d65cd 5e773c00dd1e4ccbbde58981c1c9adb1 99f73bbc10624106bb008a5c609b9dfe - - default default] GET http://[LB_IP_ADDRESS]:8776/v3/volumes/detail
2026-03-27 13:56:43.106 74 INFO cinder.volume.api [req-552fd70e-e06f-4eae-9a0f-b113329b3a6a req-664f08f8-797f-4f3d-adc3-045a1a0d65cd 5e773c00dd1e4ccbbde58981c1c9adb1 99f73bbc10624106bb008a5c609b9dfe - - default default] Get all volumes completed successfully.
2026-03-27 13:56:43.117 74 INFO cinder.api.openstack.wsgi [req-552fd70e-e06f-4eae-9a0f-b113329b3a6a req-664f08f8-797f-4f3d-adc3-045a1a0d65cd 5e773c00dd1e4ccbbde58981c1c9adb1 99f73bbc10624106bb008a5c609b9dfe - - default default] http://[LB_IP_ADDRESS]:8776/v3/volumes/detail returned with HTTP 200
2026-03-27 13:56:43.157 75 INFO cinder.api.openstack.wsgi [req-bf98d3cd-75e7-46ba-ae00-62fda4021872 req-1ebdf866-ee5b-4423-8b3a-b3100d11403a 5e773c00dd1e4ccbbde58981c1c9adb1 99f73bbc10624106bb008a5c609b9dfe - - default default] GET http://[LB_IP_ADDRESS]:8776/v3/volumes/detail
2026-03-27 13:56:43.177 75 INFO cinder.volume.api [req-bf98d3cd-75e7-46ba-ae00-62fda4021872 req-1ebdf866-ee5b-4423-8b3a-b3100d11403a 5e773c00dd1e4ccbbde58981c1c9adb1 99f73bbc10624106bb008a5c609b9dfe - - default default] Get all volumes completed successfully.
2026-03-27 13:56:43.177 73 INFO cinder.api.openstack.wsgi [None req-1eb9b1fc-bcc5-45b8-b3a3-213ccaf58f07 7b9b02802e4a496c88ef17ff7a3f0f1d ecef9ca5dfde4b28b909aa2da1e3a3d7 - - default default] GET http://[LB_IP_ADDRESS]:8776/v3/ecef9ca5dfde4b28b909aa2da1e3a3d7/volumes/a08621d6-569e-46af-ab5a-b0f1edda986b
2026-03-27 13:56:43.189 75 INFO cinder.api.openstack.wsgi [req-bf98d3cd-75e7-46ba-ae00-62fda4021872 req-1ebdf866-ee5b-4423-8b3a-b3100d11403a 5e773c00dd1e4ccbbde58981c1c9adb1 99f73bbc10624106bb008a5c609b9dfe - - default default] http://[LB_IP_ADDRESS]:8776/v3/volumes/detail returned with HTTP 200
2026-03-27 13:56:43.190 73 INFO cinder.api.openstack.wsgi [None req-1eb9b1fc-bcc5-45b8-b3a3-213ccaf58f07 7b9b02802e4a496c88ef17ff7a3f0f1d ecef9ca5dfde4b28b909aa2da1e3a3d7 - - default default] http://[LB_IP_ADDRESS]:8776/v3/ecef9ca5dfde4b28b909aa2da1e3a3d7/volumes/a08621d6-569e-46af-ab5a-b0f1edda986b returned with HTTP 404
2026-03-27 13:56:43.203 76 INFO cinder.api.openstack.wsgi [None req-c7e2f185-2db6-4391-a573-ffcd4b714f21 7b9b02802e4a496c88ef17ff7a3f0f1d ecef9ca5dfde4b28b909aa2da1e3a3d7 - - default default] GET http://[LB_IP_ADDRESS]:8776/v3/ecef9ca5dfde4b28b909aa2da1e3a3d7/groups/d909d0b5-df3b-4269-8b9e-e56ae9eb3919
2026-03-27 13:56:43.209 76 INFO cinder.api.openstack.wsgi [None req-c7e2f185-2db6-4391-a573-ffcd4b714f21 7b9b02802e4a496c88ef17ff7a3f0f1d ecef9ca5dfde4b28b909aa2da1e3a3d7 - - default default] http://[LB_IP_ADDRESS]:8776/v3/ecef9ca5dfde4b28b909aa2da1e3a3d7/groups/d909d0b5-df3b-4269-8b9e-e56ae9eb3919 returned with HTTP 404
2026-03-27 13:56:43.222 74 INFO cinder.api.openstack.wsgi [None req-9c4e57cf-aeed-4d09-af00-4d6489fb5b1c 7b9b02802e4a496c88ef17ff7a3f0f1d ecef9ca5dfde4b28b909aa2da1e3a3d7 - - default default] POST http://[LB_IP_ADDRESS]:8776/v3/ecef9ca5dfde4b28b909aa2da1e3a3d7/groups/2dabb6ec-e595-431d-8327-03fe4c2ceea0/action
2026-03-27 13:56:43.226 74 INFO cinder.api.v3.groups [None req-9c4e57cf-aeed-4d09-af00-4d6489fb5b1c 7b9b02802e4a496c88ef17ff7a3f0f1d ecef9ca5dfde4b28b909aa2da1e3a3d7 - - default default] Delete group with id: 2dabb6ec-e595-431d-8327-03fe4c2ceea0
2026-03-27 13:56:43.228 75 INFO cinder.api.openstack.wsgi [req-0c70d57f-cca2-468c-a28d-af2d080b76d1 req-6d1075b9-f41a-4efb-aeea-72eab7da6917 5e773c00dd1e4ccbbde58981c1c9adb1 99f73bbc10624106bb008a5c609b9dfe - - default default] GET http://[LB_IP_ADDRESS]:8776/v3/volumes/detail
2026-03-27 13:56:43.244 75 INFO cinder.volume.api [req-0c70d57f-cca2-468c-a28d-af2d080b76d1 req-6d1075b9-f41a-4efb-aeea-72eab7da6917 5e773c00dd1e4ccbbde58981c1c9adb1 99f73bbc10624106bb008a5c609b9dfe - - default default] Get all volumes completed successfully.
2026-03-27 13:56:43.255 75 INFO cinder.api.openstack.wsgi [req-0c70d57f-cca2-468c-a28d-af2d080b76d1 req-6d1075b9-f41a-4efb-aeea-72eab7da6917 5e773c00dd1e4ccbbde58981c1c9adb1 99f73bbc10624106bb008a5c609b9dfe - - default default] http://[LB_IP_ADDRESS]:8776/v3/volumes/detail returned with HTTP 200
2026-03-27 13:56:43.273 74 INFO cinder.api.openstack.wsgi [None req-9c4e57cf-aeed-4d09-af00-4d6489fb5b1c 7b9b02802e4a496c88ef17ff7a3f0f1d ecef9ca5dfde4b28b909aa2da1e3a3d7 - - default default] http://[LB_IP_ADDRESS]:8776/v3/ecef9ca5dfde4b28b909aa2da1e3a3d7/groups/2dabb6ec-e595-431d-8327-03fe4c2ceea0/action returned with HTTP 202
2026-03-27 13:56:43.286 73 INFO cinder.api.openstack.wsgi [None req-f1b2f1a0-19f0-45ed-a353-1ae553cb0206 7b9b02802e4a496c88ef17ff7a3f0f1d ecef9ca5dfde4b28b909aa2da1e3a3d7 - - default default] GET http://[LB_IP_ADDRESS]:8776/v3/ecef9ca5dfde4b28b909aa2da1e3a3d7/groups/2dabb6ec-e595-431d-8327-03fe4c2ceea0
2026-03-27 13:56:43.292 76 INFO cinder.api.openstack.wsgi [req-d15c739e-bf6a-42ff-becd-0b2601511a1b req-4fe1470d-951f-45e0-bb0f-93d05344bb34 5e773c00dd1e4ccbbde58981c1c9adb1 99f73bbc10624106bb008a5c609b9dfe - - default default] GET http://[LB_IP_ADDRESS]:8776/v3/volumes/detail
2026-03-27 13:56:43.306 73 INFO cinder.api.openstack.wsgi [None req-f1b2f1a0-19f0-45ed-a353-1ae553cb0206 7b9b02802e4a496c88ef17ff7a3f0f1d ecef9ca5dfde4b28b909aa2da1e3a3d7 - - default default] http://[LB_IP_ADDRESS]:8776/v3/ecef9ca5dfde4b28b909aa2da1e3a3d7/groups/2dabb6ec-e595-431d-8327-03fe4c2ceea0 returned with HTTP 200
2026-03-27 13:56:43.311 76 INFO cinder.volume.api [req-d15c739e-bf6a-42ff-becd-0b2601511a1b req-4fe1470d-951f-45e0-bb0f-93d05344bb34 5e773c00dd1e4ccbbde58981c1c9adb1 99f73bbc10624106bb008a5c609b9dfe - - default default] Get all volumes completed successfully.
2026-03-27 13:56:43.322 76 INFO cinder.api.openstack.wsgi [req-d15c739e-bf6a-42ff-becd-0b2601511a1b req-4fe1470d-951f-45e0-bb0f-93d05344bb34 5e773c00dd1e4ccbbde58981c1c9adb1 99f73bbc10624106bb008a5c609b9dfe - - default default] http://[LB_IP_ADDRESS]:8776/v3/volumes/detail returned with HTTP 200
2026-03-27 13:56:43.362 75 INFO cinder.api.openstack.wsgi [req-ec4bb03b-873a-4f27-a763-4b5f5e88fc3f req-94b4414f-a2cc-41ce-8730-a0de0b57cb32 5e773c00dd1e4ccbbde58981c1c9adb1 99f73bbc10624106bb008a5c609b9dfe - - default default] GET http://[LB_IP_ADDRESS]:8776/v3/volumes/detail
2026-03-27 13:56:43.379 75 INFO cinder.volume.api [req-ec4bb03b-873a-4f27-a763-4b5f5e88fc3f req-94b4414f-a2cc-41ce-8730-a0de0b57cb32 5e773c00dd1e4ccbbde58981c1c9adb1 99f73bbc10624106bb008a5c609b9dfe - - default default] Get all volumes completed successfully.
2026-03-27 13:56:43.390 75 INFO cinder.api.openstack.wsgi [req-ec4bb03b-873a-4f27-a763-4b5f5e88fc3f req-94b4414f-a2cc-41ce-8730-a0de0b57cb32 5e773c00dd1e4ccbbde58981c1c9adb1 99f73bbc10624106bb008a5c609b9dfe - - default default] http://[LB_IP_ADDRESS]:8776/v3/volumes/detail returned with HTTP 200
2026-03-27 13:56:43.429 74 INFO cinder.api.openstack.wsgi [req-8013991c-0fce-412b-a3ab-93aaf678ca7e req-175b4d3a-e07f-408f-84a2-7b11b8bdd479 5e773c00dd1e4ccbbde58981c1c9adb1 99f73bbc10624106bb008a5c609b9dfe - - default default] GET http://[LB_IP_ADDRESS]:8776/v3/volumes/detail
2026-03-27 13:56:43.448 74 INFO cinder.volume.api [req-8013991c-0fce-412b-a3ab-93aaf678ca7e req-175b4d3a-e07f-408f-84a2-7b11b8bdd479 5e773c00dd1e4ccbbde58981c1c9adb1 99f73bbc10624106bb008a5c609b9dfe - - default default] Get all volumes completed successfully.
2026-03-27 13:56:43.458 74 INFO cinder.api.openstack.wsgi [req-8013991c-0fce-412b-a3ab-93aaf678ca7e req-175b4d3a-e07f-408f-84a2-7b11b8bdd479 5e773c00dd1e4ccbbde58981c1c9adb1 99f73bbc10624106bb008a5c609b9dfe - - default default] http://[LB_IP_ADDRESS]:8776/v3/volumes/detail returned with HTTP 200
2026-03-27 13:56:43.494 73 INFO cinder.api.openstack.wsgi [req-bf6f113e-d825-496a-848c-b8b2867c4c6c req-06011b86-1f02-4455-9862-d9c0449f4aed 5e773c00dd1e4ccbbde58981c1c9adb1 99f73bbc10624106bb008a5c609b9dfe - - default default] GET http://[LB_IP_ADDRESS]:8776/v3/volumes/detail
2026-03-27 13:56:43.513 73 INFO cinder.volume.api [req-bf6f113e-d825-496a-848c-b8b2867c4c6c req-06011b86-1f02-4455-9862-d9c0449f4aed 5e773c00dd1e4ccbbde58981c1c9adb1 99f73bbc10624106bb008a5c609b9dfe - - default default] Get all volumes completed successfully.
2026-03-27 13:56:43.523 73 INFO cinder.api.openstack.wsgi [req-bf6f113e-d825-496a-848c-b8b2867c4c6c req-06011b86-1f02-4455-9862-d9c0449f4aed 5e773c00dd1e4ccbbde58981c1c9adb1 99f73bbc10624106bb008a5c609b9dfe - - default default] http://[LB_IP_ADDRESS]:8776/v3/volumes/detail returned with HTTP 200
2026-03-27 13:56:43.551 72 INFO cinder.group.api [None req-54268575-031f-4447-883f-c8d03371d799 0153caec86b8481f912ad1ccf4b11dbf c92bdfa151354db29fe45344a299ea9b - - default default] A mapping entry already exists for group ee7aca5c-cddb-43ee-80f3-7edba2b22df7 and volume type 868c89d9-da7c-431b-849c-ccc4c969581c. Do not need to create again.
2026-03-27 13:56:43.553 72 INFO cinder.volume.api [None req-54268575-031f-4447-883f-c8d03371d799 0153caec86b8481f912ad1ccf4b11dbf c92bdfa151354db29fe45344a299ea9b - - default default] Availability Zones retrieved successfully.
2026-03-27 13:56:43.561 76 INFO cinder.api.openstack.wsgi [req-018d8195-56bf-4dcc-8393-a172e39b2ccc req-a122db18-3410-4b5d-a21e-b9bd0e0fc919 5e773c00dd1e4ccbbde58981c1c9adb1 99f73bbc10624106bb008a5c609b9dfe - - default default] GET http://[LB_IP_ADDRESS]:8776/v3/volumes/detail
2026-03-27 13:56:43.579 76 INFO cinder.volume.api [req-018d8195-56bf-4dcc-8393-a172e39b2ccc req-a122db18-3410-4b5d-a21e-b9bd0e0fc919 5e773c00dd1e4ccbbde58981c1c9adb1 99f73bbc10624106bb008a5c609b9dfe - - default default] Get all volumes completed successfully.
2026-03-27 13:56:43.591 76 INFO cinder.api.openstack.wsgi [req-018d8195-56bf-4dcc-8393-a172e39b2ccc req-a122db18-3410-4b5d-a21e-b9bd0e0fc919 5e773c00dd1e4ccbbde58981c1c9adb1 99f73bbc10624106bb008a5c609b9dfe - - default default] http://[LB_IP_ADDRESS]:8776/v3/volumes/detail returned with HTTP 200
2026-03-27 13:56:43.613 75 INFO cinder.api.openstack.wsgi [None req-c7650edd-8034-4c7f-95e9-00537144b320 5e773c00dd1e4ccbbde58981c1c9adb1 99f73bbc10624106bb008a5c609b9dfe - - default default] DELETE http://[LB_IP_ADDRESS]:8776/v3/99f73bbc10624106bb008a5c609b9dfe/volumes/a65dbb05-bac2-4d4d-9a89-50f87f2e0031
2026-03-27 13:56:43.614 75 INFO cinder.api.v3.volumes [None req-c7650edd-8034-4c7f-95e9-00537144b320 5e773c00dd1e4ccbbde58981c1c9adb1 99f73bbc10624106bb008a5c609b9dfe - - default default] Delete volume with id: a65dbb05-bac2-4d4d-9a89-50f87f2e0031 
2026-03-27 13:56:43.630 75 INFO cinder.volume.api [None req-c7650edd-8034-4c7f-95e9-00537144b320 5e773c00dd1e4ccbbde58981c1c9adb1 99f73bbc10624106bb008a5c609b9dfe - - default default] Volume info retrieved successfully.
2026-03-27 13:56:43.660 75 INFO cinder.volume.api [None req-c7650edd-8034-4c7f-95e9-00537144b320 5e773c00dd1e4ccbbde58981c1c9adb1 99f73bbc10624106bb008a5c609b9dfe - - default default] Delete volume request issued successfully.
2026-03-27 13:56:43.661 75 INFO cinder.api.openstack.wsgi [None req-c7650edd-8034-4c7f-95e9-00537144b320 5e773c00dd1e4ccbbde58981c1c9adb1 99f73bbc10624106bb008a5c609b9dfe - - default default] http://[LB_IP_ADDRESS]:8776/v3/99f73bbc10624106bb008a5c609b9dfe/volumes/a65dbb05-bac2-4d4d-9a89-50f87f2e0031 returned with HTTP 202
2026-03-27 13:56:43.673 74 INFO cinder.api.openstack.wsgi [None req-d39e9abd-acc0-4b85-9ef0-9b498fb9815d 5e773c00dd1e4ccbbde58981c1c9adb1 99f73bbc10624106bb008a5c609b9dfe - - default default] GET http://[LB_IP_ADDRESS]:8776/v3/99f73bbc10624106bb008a5c609b9dfe/volumes/a65dbb05-bac2-4d4d-9a89-50f87f2e0031
2026-03-27 13:56:43.695 74 INFO cinder.volume.api [None req-d39e9abd-acc0-4b85-9ef0-9b498fb9815d 5e773c00dd1e4ccbbde58981c1c9adb1 99f73bbc10624106bb008a5c609b9dfe - - default default] Volume info retrieved successfully.
2026-03-27 13:56:43.703 72 INFO cinder.volume.api [None req-54268575-031f-4447-883f-c8d03371d799 0153caec86b8481f912ad1ccf4b11dbf c92bdfa151354db29fe45344a299ea9b - - default default] Create volume request issued successfully.
2026-03-27 13:56:43.704 74 INFO cinder.api.openstack.wsgi [None req-d39e9abd-acc0-4b85-9ef0-9b498fb9815d 5e773c00dd1e4ccbbde58981c1c9adb1 99f73bbc10624106bb008a5c609b9dfe - - default default] http://[LB_IP_ADDRESS]:8776/v3/99f73bbc10624106bb008a5c609b9dfe/volumes/a65dbb05-bac2-4d4d-9a89-50f87f2e0031 returned with HTTP 200
2026-03-27 13:56:43.720 72 INFO cinder.api.openstack.wsgi [None req-54268575-031f-4447-883f-c8d03371d799 0153caec86b8481f912ad1ccf4b11dbf c92bdfa151354db29fe45344a299ea9b - - default default] http://[LB_IP_ADDRESS]:8776/v3/c92bdfa151354db29fe45344a299ea9b/groups/action returned with HTTP 202
2026-03-27 13:56:43.734 73 INFO cinder.api.openstack.wsgi [None req-5e7fb7a5-01bf-47ce-86a4-eb00709dceba 0153caec86b8481f912ad1ccf4b11dbf c92bdfa151354db29fe45344a299ea9b - - default default] GET http://[LB_IP_ADDRESS]:8776/v3/c92bdfa151354db29fe45344a299ea9b/volumes/detail
2026-03-27 13:56:43.749 73 INFO cinder.volume.api [None req-5e7fb7a5-01bf-47ce-86a4-eb00709dceba 0153caec86b8481f912ad1ccf4b11dbf c92bdfa151354db29fe45344a299ea9b - - default default] Get all volumes completed successfully.
2026-03-27 13:56:43.794 73 INFO cinder.api.openstack.wsgi [None req-5e7fb7a5-01bf-47ce-86a4-eb00709dceba 0153caec86b8481f912ad1ccf4b11dbf c92bdfa151354db29fe45344a299ea9b - - default default] http://[LB_IP_ADDRESS]:8776/v3/c92bdfa151354db29fe45344a299ea9b/volumes/detail returned with HTTP 200
2026-03-27 13:56:43.818 76 INFO cinder.api.openstack.wsgi [None req-ffaf0cda-f936-4d38-97dd-6a3c1441c531 0153caec86b8481f912ad1ccf4b11dbf c92bdfa151354db29fe45344a299ea9b - - default default] GET http://[LB_IP_ADDRESS]:8776/v3/c92bdfa151354db29fe45344a299ea9b/volumes/198920d8-bf1d-4aa2-8a80-9a443bce1061
2026-03-27 13:56:43.842 76 INFO cinder.volume.api [None req-ffaf0cda-f936-4d38-97dd-6a3c1441c531 0153caec86b8481f912ad1ccf4b11dbf c92bdfa151354db29fe45344a299ea9b - - default default] Volume info retrieved successfully.
2026-03-27 13:56:43.870 76 INFO cinder.api.openstack.wsgi [None req-ffaf0cda-f936-4d38-97dd-6a3c1441c531 0153caec86b8481f912ad1ccf4b11dbf c92bdfa151354db29fe45344a299ea9b - - default default] http://[LB_IP_ADDRESS]:8776/v3/c92bdfa151354db29fe45344a299ea9b/volumes/198920d8-bf1d-4aa2-8a80-9a443bce1061 returned with HTTP 200
2026-03-27 13:56:44.323 75 INFO cinder.api.openstack.wsgi [None req-93d7bd6d-4273-4abc-a7d9-7155f368c68e 7b9b02802e4a496c88ef17ff7a3f0f1d ecef9ca5dfde4b28b909aa2da1e3a3d7 - - default default] GET http://[LB_IP_ADDRESS]:8776/v3/ecef9ca5dfde4b28b909aa2da1e3a3d7/groups/2dabb6ec-e595-431d-8327-03fe4c2ceea0
2026-03-27 13:56:44.330 75 INFO cinder.api.openstack.wsgi [None req-93d7bd6d-4273-4abc-a7d9-7155f368c68e 7b9b02802e4a496c88ef17ff7a3f0f1d ecef9ca5dfde4b28b909aa2da1e3a3d7 - - default default] http://[LB_IP_ADDRESS]:8776/v3/ecef9ca5dfde4b28b909aa2da1e3a3d7/groups/2dabb6ec-e595-431d-8327-03fe4c2ceea0 returned with HTTP 404
2026-03-27 13:56:44.342 74 INFO cinder.api.openstack.wsgi [None req-7783d1df-2da4-4b91-a8dc-710590e3c0b8 7b9b02802e4a496c88ef17ff7a3f0f1d ecef9ca5dfde4b28b909aa2da1e3a3d7 - - default default] GET http://[LB_IP_ADDRESS]:8776/v3/ecef9ca5dfde4b28b909aa2da1e3a3d7/groups/detail
2026-03-27 13:56:44.350 74 INFO cinder.api.openstack.wsgi [None req-7783d1df-2da4-4b91-a8dc-710590e3c0b8 7b9b02802e4a496c88ef17ff7a3f0f1d ecef9ca5dfde4b28b909aa2da1e3a3d7 - - default default] http://[LB_IP_ADDRESS]:8776/v3/ecef9ca5dfde4b28b909aa2da1e3a3d7/groups/detail returned with HTTP 200
2026-03-27 13:56:44.365 72 INFO cinder.api.openstack.wsgi [None req-81f01404-a7de-4eb2-8637-f834378cde38 7b9b02802e4a496c88ef17ff7a3f0f1d ecef9ca5dfde4b28b909aa2da1e3a3d7 - - default default] GET http://[LB_IP_ADDRESS]:8776/v3/ecef9ca5dfde4b28b909aa2da1e3a3d7/volumes/detail
2026-03-27 13:56:44.376 72 INFO cinder.volume.api [None req-81f01404-a7de-4eb2-8637-f834378cde38 7b9b02802e4a496c88ef17ff7a3f0f1d ecef9ca5dfde4b28b909aa2da1e3a3d7 - - default default] Get all volumes completed successfully.
2026-03-27 13:56:44.381 72 INFO cinder.api.openstack.wsgi [None req-81f01404-a7de-4eb2-8637-f834378cde38 7b9b02802e4a496c88ef17ff7a3f0f1d ecef9ca5dfde4b28b909aa2da1e3a3d7 - - default default] http://[LB_IP_ADDRESS]:8776/v3/ecef9ca5dfde4b28b909aa2da1e3a3d7/volumes/detail returned with HTTP 200
2026-03-27 13:56:44.403 73 INFO cinder.api.openstack.wsgi [None req-f593ce19-4fad-4c07-bd8a-c4cad7b7dbc9 7b9b02802e4a496c88ef17ff7a3f0f1d ecef9ca5dfde4b28b909aa2da1e3a3d7 - - default default] POST http://[LB_IP_ADDRESS]:8776/v3/ecef9ca5dfde4b28b909aa2da1e3a3d7/groups/2dabb6ec-e595-431d-8327-03fe4c2ceea0/action
2026-03-27 13:56:44.407 73 INFO cinder.api.v3.groups [None req-f593ce19-4fad-4c07-bd8a-c4cad7b7dbc9 7b9b02802e4a496c88ef17ff7a3f0f1d ecef9ca5dfde4b28b909aa2da1e3a3d7 - - default default] Delete group with id: 2dabb6ec-e595-431d-8327-03fe4c2ceea0
2026-03-27 13:56:44.412 73 INFO cinder.api.openstack.wsgi [None req-f593ce19-4fad-4c07-bd8a-c4cad7b7dbc9 7b9b02802e4a496c88ef17ff7a3f0f1d ecef9ca5dfde4b28b909aa2da1e3a3d7 - - default default] http://[LB_IP_ADDRESS]:8776/v3/ecef9ca5dfde4b28b909aa2da1e3a3d7/groups/2dabb6ec-e595-431d-8327-03fe4c2ceea0/action returned with HTTP 404
2026-03-27 13:56:44.425 76 INFO cinder.api.openstack.wsgi [None req-4717a61e-54e0-434e-8024-62880372f6e8 7b9b02802e4a496c88ef17ff7a3f0f1d ecef9ca5dfde4b28b909aa2da1e3a3d7 - - default default] GET http://[LB_IP_ADDRESS]:8776/v3/ecef9ca5dfde4b28b909aa2da1e3a3d7/volumes/detail
2026-03-27 13:56:44.440 76 INFO cinder.volume.api [None req-4717a61e-54e0-434e-8024-62880372f6e8 7b9b02802e4a496c88ef17ff7a3f0f1d ecef9ca5dfde4b28b909aa2da1e3a3d7 - - default default] Get all volumes completed successfully.
2026-03-27 13:56:44.445 76 INFO cinder.api.openstack.wsgi [None req-4717a61e-54e0-434e-8024-62880372f6e8 7b9b02802e4a496c88ef17ff7a3f0f1d ecef9ca5dfde4b28b909aa2da1e3a3d7 - - default default] http://[LB_IP_ADDRESS]:8776/v3/ecef9ca5dfde4b28b909aa2da1e3a3d7/volumes/detail returned with HTTP 200
2026-03-27 13:56:44.466 75 INFO cinder.api.openstack.wsgi [None req-d7f120bb-bdb2-49d2-b0b1-494bd777aed3 7b9b02802e4a496c88ef17ff7a3f0f1d ecef9ca5dfde4b28b909aa2da1e3a3d7 - - default default] POST http://[LB_IP_ADDRESS]:8776/v3/ecef9ca5dfde4b28b909aa2da1e3a3d7/groups/d909d0b5-df3b-4269-8b9e-e56ae9eb3919/action
2026-03-27 13:56:44.470 75 INFO cinder.api.v3.groups [None req-d7f120bb-bdb2-49d2-b0b1-494bd777aed3 7b9b02802e4a496c88ef17ff7a3f0f1d ecef9ca5dfde4b28b909aa2da1e3a3d7 - - default default] Delete group with id: d909d0b5-df3b-4269-8b9e-e56ae9eb3919
2026-03-27 13:56:44.475 75 INFO cinder.api.openstack.wsgi [None req-d7f120bb-bdb2-49d2-b0b1-494bd777aed3 7b9b02802e4a496c88ef17ff7a3f0f1d ecef9ca5dfde4b28b909aa2da1e3a3d7 - - default default] http://[LB_IP_ADDRESS]:8776/v3/ecef9ca5dfde4b28b909aa2da1e3a3d7/groups/d909d0b5-df3b-4269-8b9e-e56ae9eb3919/action returned with HTTP 404
2026-03-27 13:56:44.489 74 INFO cinder.api.openstack.wsgi [None req-53081aa7-6358-4717-8d98-2a11f23b1056 f180df4806f941758120a34fae3766d3 2ee0289d145f4448a69d77d4db9d075a - - default default] DELETE http://[LB_IP_ADDRESS]:8776/v3/2ee0289d145f4448a69d77d4db9d075a/group_types/2b6210fa-b225-44a5-9c62-a910dfe24c9a
2026-03-27 13:56:44.508 74 INFO cinder.api.openstack.wsgi [None req-53081aa7-6358-4717-8d98-2a11f23b1056 f180df4806f941758120a34fae3766d3 2ee0289d145f4448a69d77d4db9d075a - - default default] http://[LB_IP_ADDRESS]:8776/v3/2ee0289d145f4448a69d77d4db9d075a/group_types/2b6210fa-b225-44a5-9c62-a910dfe24c9a returned with HTTP 202
2026-03-27 13:56:44.520 72 INFO cinder.api.openstack.wsgi [None req-4a11ed94-be8a-4b01-b624-705deee076f7 f180df4806f941758120a34fae3766d3 2ee0289d145f4448a69d77d4db9d075a - - default default] DELETE http://[LB_IP_ADDRESS]:8776/v3/2ee0289d145f4448a69d77d4db9d075a/types/eb7bbc00-45ac-4f83-a617-64a91bc78074
2026-03-27 13:56:44.564 72 INFO cinder.api.openstack.wsgi [None req-4a11ed94-be8a-4b01-b624-705deee076f7 f180df4806f941758120a34fae3766d3 2ee0289d145f4448a69d77d4db9d075a - - default default] http://[LB_IP_ADDRESS]:8776/v3/2ee0289d145f4448a69d77d4db9d075a/types/eb7bbc00-45ac-4f83-a617-64a91bc78074 returned with HTTP 202
2026-03-27 13:56:44.574 73 INFO cinder.api.openstack.wsgi [None req-c9851f12-002c-41cd-8876-86af9e5b5966 f180df4806f941758120a34fae3766d3 2ee0289d145f4448a69d77d4db9d075a - - default default] GET http://[LB_IP_ADDRESS]:8776/v3/2ee0289d145f4448a69d77d4db9d075a/types/eb7bbc00-45ac-4f83-a617-64a91bc78074
2026-03-27 13:56:44.579 73 INFO cinder.api.openstack.wsgi [None req-c9851f12-002c-41cd-8876-86af9e5b5966 f180df4806f941758120a34fae3766d3 2ee0289d145f4448a69d77d4db9d075a - - default default] http://[LB_IP_ADDRESS]:8776/v3/2ee0289d145f4448a69d77d4db9d075a/types/eb7bbc00-45ac-4f83-a617-64a91bc78074 returned with HTTP 404
2026-03-27 13:56:44.593 76 INFO cinder.api.openstack.wsgi [None req-82552038-9478-4cee-9b55-95326064f31d f180df4806f941758120a34fae3766d3 2ee0289d145f4448a69d77d4db9d075a - - default default] POST http://[LB_IP_ADDRESS]:8776/v3/2ee0289d145f4448a69d77d4db9d075a/types
2026-03-27 13:56:44.615 76 INFO cinder.api.openstack.wsgi [None req-82552038-9478-4cee-9b55-95326064f31d f180df4806f941758120a34fae3766d3 2ee0289d145f4448a69d77d4db9d075a - - default default] http://[LB_IP_ADDRESS]:8776/v3/2ee0289d145f4448a69d77d4db9d075a/types returned with HTTP 200
2026-03-27 13:56:44.630 75 INFO cinder.api.openstack.wsgi [None req-d9a46174-54e4-4016-aaf0-4e5e1eca2a82 f180df4806f941758120a34fae3766d3 2ee0289d145f4448a69d77d4db9d075a - - default default] POST http://[LB_IP_ADDRESS]:8776/v3/2ee0289d145f4448a69d77d4db9d075a/group_types
2026-03-27 13:56:44.651 75 INFO cinder.api.openstack.wsgi [None req-d9a46174-54e4-4016-aaf0-4e5e1eca2a82 f180df4806f941758120a34fae3766d3 2ee0289d145f4448a69d77d4db9d075a - - default default] http://[LB_IP_ADDRESS]:8776/v3/2ee0289d145f4448a69d77d4db9d075a/group_types returned with HTTP 202
2026-03-27 13:56:44.666 74 INFO cinder.api.openstack.wsgi [None req-3ba0249b-58ef-4afb-aa1d-0945ee3f0818 7b9b02802e4a496c88ef17ff7a3f0f1d ecef9ca5dfde4b28b909aa2da1e3a3d7 - - default default] POST http://[LB_IP_ADDRESS]:8776/v3/ecef9ca5dfde4b28b909aa2da1e3a3d7/groups
2026-03-27 13:56:44.675 74 INFO cinder.api.v3.groups [None req-3ba0249b-58ef-4afb-aa1d-0945ee3f0818 7b9b02802e4a496c88ef17ff7a3f0f1d ecef9ca5dfde4b28b909aa2da1e3a3d7 - - default default] Creating group tempest-GroupsTest-Group-975779449.
2026-03-27 13:56:44.684 74 INFO cinder.volume.api [None req-3ba0249b-58ef-4afb-aa1d-0945ee3f0818 7b9b02802e4a496c88ef17ff7a3f0f1d ecef9ca5dfde4b28b909aa2da1e3a3d7 - - default default] Availability Zones retrieved successfully.
2026-03-27 13:56:44.728 72 INFO cinder.api.openstack.wsgi [None req-ecd730e6-b368-4d48-92d0-245e91d49947 5e773c00dd1e4ccbbde58981c1c9adb1 99f73bbc10624106bb008a5c609b9dfe - - default default] GET http://[LB_IP_ADDRESS]:8776/v3/99f73bbc10624106bb008a5c609b9dfe/volumes/a65dbb05-bac2-4d4d-9a89-50f87f2e0031
2026-03-27 13:56:44.734 74 INFO cinder.api.openstack.wsgi [None req-3ba0249b-58ef-4afb-aa1d-0945ee3f0818 7b9b02802e4a496c88ef17ff7a3f0f1d ecef9ca5dfde4b28b909aa2da1e3a3d7 - - default default] http://[LB_IP_ADDRESS]:8776/v3/ecef9ca5dfde4b28b909aa2da1e3a3d7/groups returned with HTTP 202
2026-03-27 13:56:44.741 72 INFO cinder.api.openstack.wsgi [None req-ecd730e6-b368-4d48-92d0-245e91d49947 5e773c00dd1e4ccbbde58981c1c9adb1 99f73bbc10624106bb008a5c609b9dfe - - default default] http://[LB_IP_ADDRESS]:8776/v3/99f73bbc10624106bb008a5c609b9dfe/volumes/a65dbb05-bac2-4d4d-9a89-50f87f2e0031 returned with HTTP 404
2026-03-27 13:56:44.748 73 INFO cinder.api.openstack.wsgi [None req-5d1ebaf4-bba3-4a01-a71f-16af90cc6648 7b9b02802e4a496c88ef17ff7a3f0f1d ecef9ca5dfde4b28b909aa2da1e3a3d7 - - default default] GET http://[LB_IP_ADDRESS]:8776/v3/ecef9ca5dfde4b28b909aa2da1e3a3d7/groups/a0cefa87-9a24-42ce-a441-e7c31eb0c3b4
2026-03-27 13:56:44.753 76 INFO cinder.api.openstack.wsgi [None req-0170332d-15cf-4848-9a17-203983f1297e 5e773c00dd1e4ccbbde58981c1c9adb1 99f73bbc10624106bb008a5c609b9dfe - - default default] DELETE http://[LB_IP_ADDRESS]:8776/v3/99f73bbc10624106bb008a5c609b9dfe/volumes/26907ade-4630-47ed-893c-87dab09a0510
2026-03-27 13:56:44.754 76 INFO cinder.api.v3.volumes [None req-0170332d-15cf-4848-9a17-203983f1297e 5e773c00dd1e4ccbbde58981c1c9adb1 99f73bbc10624106bb008a5c609b9dfe - - default default] Delete volume with id: 26907ade-4630-47ed-893c-87dab09a0510 
2026-03-27 13:56:44.769 73 INFO cinder.api.openstack.wsgi [None req-5d1ebaf4-bba3-4a01-a71f-16af90cc6648 7b9b02802e4a496c88ef17ff7a3f0f1d ecef9ca5dfde4b28b909aa2da1e3a3d7 - - default default] http://[LB_IP_ADDRESS]:8776/v3/ecef9ca5dfde4b28b909aa2da1e3a3d7/groups/a0cefa87-9a24-42ce-a441-e7c31eb0c3b4 returned with HTTP 200
2026-03-27 13:56:44.771 76 INFO cinder.volume.api [None req-0170332d-15cf-4848-9a17-203983f1297e 5e773c00dd1e4ccbbde58981c1c9adb1 99f73bbc10624106bb008a5c609b9dfe - - default default] Volume info retrieved successfully.
