Build Started 23_01_2026_18_24_39
2026-01-23 18:27:16.873 72 INFO cinder.api.openstack.wsgi [None req-e7cde35f-c1b9-44d4-b92a-6b3d18664fbf f460cd12b7bf45fdbe1b1c80caa94ead 42542bf38a1440c9ad02047e15dca86a - - default default] GET http://[LB_IP_ADDRESS]:8776/v3/42542bf38a1440c9ad02047e15dca86a/volumes/detail
2026-01-23 18:27:16.887 72 INFO cinder.volume.api [None req-e7cde35f-c1b9-44d4-b92a-6b3d18664fbf f460cd12b7bf45fdbe1b1c80caa94ead 42542bf38a1440c9ad02047e15dca86a - - default default] Get all volumes completed successfully.
2026-01-23 18:27:16.890 72 INFO cinder.api.openstack.wsgi [None req-e7cde35f-c1b9-44d4-b92a-6b3d18664fbf f460cd12b7bf45fdbe1b1c80caa94ead 42542bf38a1440c9ad02047e15dca86a - - default default] http://[LB_IP_ADDRESS]:8776/v3/42542bf38a1440c9ad02047e15dca86a/volumes/detail returned with HTTP 200
2026-01-23 18:27:16.904 73 INFO cinder.api.openstack.wsgi [req-e7cde35f-c1b9-44d4-b92a-6b3d18664fbf req-6af39583-8a94-4845-9af7-9972c71cd4af f460cd12b7bf45fdbe1b1c80caa94ead 42542bf38a1440c9ad02047e15dca86a - - default default] GET http://[LB_IP_ADDRESS]:8776/v3/42542bf38a1440c9ad02047e15dca86a/snapshots/detail?all_tenants=True
2026-01-23 18:27:16.914 73 INFO cinder.volume.api [req-e7cde35f-c1b9-44d4-b92a-6b3d18664fbf req-6af39583-8a94-4845-9af7-9972c71cd4af f460cd12b7bf45fdbe1b1c80caa94ead 42542bf38a1440c9ad02047e15dca86a - - default default] Get all snapshots completed successfully.
2026-01-23 18:27:16.915 73 INFO cinder.api.openstack.wsgi [req-e7cde35f-c1b9-44d4-b92a-6b3d18664fbf req-6af39583-8a94-4845-9af7-9972c71cd4af f460cd12b7bf45fdbe1b1c80caa94ead 42542bf38a1440c9ad02047e15dca86a - - default default] http://[LB_IP_ADDRESS]:8776/v3/42542bf38a1440c9ad02047e15dca86a/snapshots/detail?all_tenants=True returned with HTTP 200
2026-01-23 18:27:18.578 75 INFO cinder.api.openstack.wsgi [None req-7bcb6821-ef32-49f6-a4c6-0a5e3e2ef093 f460cd12b7bf45fdbe1b1c80caa94ead 42542bf38a1440c9ad02047e15dca86a - - default default] GET http://[LB_IP_ADDRESS]:8776/v3/42542bf38a1440c9ad02047e15dca86a/volumes/detail?all_tenants=True
2026-01-23 18:27:18.597 75 INFO cinder.volume.api [None req-7bcb6821-ef32-49f6-a4c6-0a5e3e2ef093 f460cd12b7bf45fdbe1b1c80caa94ead 42542bf38a1440c9ad02047e15dca86a - - default default] Get all volumes completed successfully.
2026-01-23 18:27:18.602 75 INFO cinder.api.openstack.wsgi [None req-7bcb6821-ef32-49f6-a4c6-0a5e3e2ef093 f460cd12b7bf45fdbe1b1c80caa94ead 42542bf38a1440c9ad02047e15dca86a - - default default] http://[LB_IP_ADDRESS]:8776/v3/42542bf38a1440c9ad02047e15dca86a/volumes/detail?all_tenants=True returned with HTTP 200
2026-01-23 18:27:20.092 76 INFO cinder.api.openstack.wsgi [None req-37449784-21f7-4292-8e13-8ab65f106032 f460cd12b7bf45fdbe1b1c80caa94ead 42542bf38a1440c9ad02047e15dca86a - - default default] GET http://[LB_IP_ADDRESS]:8776/v3/42542bf38a1440c9ad02047e15dca86a/types?is_public=None
2026-01-23 18:27:20.131 76 INFO cinder.api.openstack.wsgi [None req-37449784-21f7-4292-8e13-8ab65f106032 f460cd12b7bf45fdbe1b1c80caa94ead 42542bf38a1440c9ad02047e15dca86a - - default default] http://[LB_IP_ADDRESS]:8776/v3/42542bf38a1440c9ad02047e15dca86a/types?is_public=None returned with HTTP 200
2026-01-23 18:27:21.371 74 INFO cinder.api.openstack.wsgi [None req-dbe8bb4f-7b8b-49f6-a19e-e4f5503684c9 - - - - - -] GET http://[LB_IP_ADDRESS]:8776/
2026-01-23 18:27:21.373 74 INFO cinder.api.openstack.wsgi [None req-dbe8bb4f-7b8b-49f6-a19e-e4f5503684c9 - - - - - -] http://[LB_IP_ADDRESS]:8776/ returned with HTTP 300
2026-01-23 18:27:28.101 72 INFO cinder.api.openstack.wsgi [None req-0ca9b4d2-bc05-497e-8aff-20c2072a53b2 f460cd12b7bf45fdbe1b1c80caa94ead 42542bf38a1440c9ad02047e15dca86a - - default default] GET http://[LB_IP_ADDRESS]:8776/v3/42542bf38a1440c9ad02047e15dca86a/snapshots
2026-01-23 18:27:28.114 72 INFO cinder.volume.api [None req-0ca9b4d2-bc05-497e-8aff-20c2072a53b2 f460cd12b7bf45fdbe1b1c80caa94ead 42542bf38a1440c9ad02047e15dca86a - - default default] Get all snapshots completed successfully.
2026-01-23 18:27:28.115 72 INFO cinder.api.openstack.wsgi [None req-0ca9b4d2-bc05-497e-8aff-20c2072a53b2 f460cd12b7bf45fdbe1b1c80caa94ead 42542bf38a1440c9ad02047e15dca86a - - default default] http://[LB_IP_ADDRESS]:8776/v3/42542bf38a1440c9ad02047e15dca86a/snapshots returned with HTTP 200
2026-01-23 18:27:28.131 73 INFO cinder.api.openstack.wsgi [None req-add042d4-94f5-4843-aaa5-03a6764da189 f460cd12b7bf45fdbe1b1c80caa94ead 42542bf38a1440c9ad02047e15dca86a - - default default] GET http://[LB_IP_ADDRESS]:8776/v3/42542bf38a1440c9ad02047e15dca86a/volumes
2026-01-23 18:27:28.146 73 INFO cinder.volume.api [None req-add042d4-94f5-4843-aaa5-03a6764da189 f460cd12b7bf45fdbe1b1c80caa94ead 42542bf38a1440c9ad02047e15dca86a - - default default] Get all volumes completed successfully.
2026-01-23 18:27:28.146 73 INFO cinder.api.openstack.wsgi [None req-add042d4-94f5-4843-aaa5-03a6764da189 f460cd12b7bf45fdbe1b1c80caa94ead 42542bf38a1440c9ad02047e15dca86a - - default default] http://[LB_IP_ADDRESS]:8776/v3/42542bf38a1440c9ad02047e15dca86a/volumes returned with HTTP 200
2026-01-23 18:27:36.838 75 INFO cinder.api.openstack.wsgi [None req-d3ec0f22-7d4c-4ea2-82e4-c26e37771834 9e69a44524554a5bbee1bf1ce907eb90 b6381196103e40d4946d24f3b378c60e - - default default] POST http://[LB_IP_ADDRESS]:8776/v3/b6381196103e40d4946d24f3b378c60e/volumes
2026-01-23 18:27:36.840 75 INFO cinder.api.v3.volumes [None req-d3ec0f22-7d4c-4ea2-82e4-c26e37771834 9e69a44524554a5bbee1bf1ce907eb90 b6381196103e40d4946d24f3b378c60e - - default default] Create volume of 1 GB
2026-01-23 18:27:36.854 75 INFO cinder.volume.api [None req-d3ec0f22-7d4c-4ea2-82e4-c26e37771834 9e69a44524554a5bbee1bf1ce907eb90 b6381196103e40d4946d24f3b378c60e - - default default] Availability Zones retrieved successfully.
2026-01-23 18:27:37.262 76 INFO cinder.api.openstack.wsgi [req-791db270-6570-4964-83e1-2a134d5c41dd req-28287b8e-54d4-4ffb-9170-52f6c7d0a7a1 9818d4c3130249c78d4efd6b0d6b8d16 a906d85772bf448593c8d743bc985a69 - - default default] POST http://[LB_IP_ADDRESS]:8776/v3/volumes
2026-01-23 18:27:37.265 76 INFO cinder.api.v3.volumes [req-791db270-6570-4964-83e1-2a134d5c41dd req-28287b8e-54d4-4ffb-9170-52f6c7d0a7a1 9818d4c3130249c78d4efd6b0d6b8d16 a906d85772bf448593c8d743bc985a69 - - default default] Create volume of 1 GB
2026-01-23 18:27:37.279 76 INFO cinder.volume.api [req-791db270-6570-4964-83e1-2a134d5c41dd req-28287b8e-54d4-4ffb-9170-52f6c7d0a7a1 9818d4c3130249c78d4efd6b0d6b8d16 a906d85772bf448593c8d743bc985a69 - - default default] Availability Zones retrieved successfully.
2026-01-23 18:27:37.328 75 INFO cinder.volume.api [None req-d3ec0f22-7d4c-4ea2-82e4-c26e37771834 9e69a44524554a5bbee1bf1ce907eb90 b6381196103e40d4946d24f3b378c60e - - default default] Create volume request issued successfully.
2026-01-23 18:27:37.329 75 INFO cinder.api.openstack.wsgi [None req-d3ec0f22-7d4c-4ea2-82e4-c26e37771834 9e69a44524554a5bbee1bf1ce907eb90 b6381196103e40d4946d24f3b378c60e - - default default] http://[LB_IP_ADDRESS]:8776/v3/b6381196103e40d4946d24f3b378c60e/volumes returned with HTTP 202
2026-01-23 18:27:37.349 74 INFO cinder.api.openstack.wsgi [None req-d820a449-ab4a-49c0-b7c3-187e3e7a0808 9e69a44524554a5bbee1bf1ce907eb90 b6381196103e40d4946d24f3b378c60e - - default default] GET http://[LB_IP_ADDRESS]:8776/v3/b6381196103e40d4946d24f3b378c60e/volumes/80a41b43-4339-404f-a127-c9b000ad632d
2026-01-23 18:27:37.366 74 INFO cinder.volume.api [None req-d820a449-ab4a-49c0-b7c3-187e3e7a0808 9e69a44524554a5bbee1bf1ce907eb90 b6381196103e40d4946d24f3b378c60e - - default default] Volume info retrieved successfully.
2026-01-23 18:27:37.372 74 INFO cinder.api.openstack.wsgi [None req-d820a449-ab4a-49c0-b7c3-187e3e7a0808 9e69a44524554a5bbee1bf1ce907eb90 b6381196103e40d4946d24f3b378c60e - - default default] http://[LB_IP_ADDRESS]:8776/v3/b6381196103e40d4946d24f3b378c60e/volumes/80a41b43-4339-404f-a127-c9b000ad632d returned with HTTP 200
2026-01-23 18:27:37.803 76 INFO cinder.volume.api [req-791db270-6570-4964-83e1-2a134d5c41dd req-28287b8e-54d4-4ffb-9170-52f6c7d0a7a1 9818d4c3130249c78d4efd6b0d6b8d16 a906d85772bf448593c8d743bc985a69 - - default default] Create volume request issued successfully.
2026-01-23 18:27:37.804 76 INFO cinder.api.openstack.wsgi [req-791db270-6570-4964-83e1-2a134d5c41dd req-28287b8e-54d4-4ffb-9170-52f6c7d0a7a1 9818d4c3130249c78d4efd6b0d6b8d16 a906d85772bf448593c8d743bc985a69 - - default default] http://[LB_IP_ADDRESS]:8776/v3/volumes returned with HTTP 202
2026-01-23 18:27:37.822 72 INFO cinder.api.openstack.wsgi [req-791db270-6570-4964-83e1-2a134d5c41dd req-a9c4512d-9f83-46fe-8937-fbc57e56edca 9818d4c3130249c78d4efd6b0d6b8d16 a906d85772bf448593c8d743bc985a69 - - default default] GET http://[LB_IP_ADDRESS]:8776/v3/volumes/a3d988f2-1ff0-481b-a1f4-12d74fc79572
2026-01-23 18:27:37.841 72 INFO cinder.volume.api [req-791db270-6570-4964-83e1-2a134d5c41dd req-a9c4512d-9f83-46fe-8937-fbc57e56edca 9818d4c3130249c78d4efd6b0d6b8d16 a906d85772bf448593c8d743bc985a69 - - default default] Volume info retrieved successfully.
2026-01-23 18:27:37.846 72 INFO cinder.api.openstack.wsgi [req-791db270-6570-4964-83e1-2a134d5c41dd req-a9c4512d-9f83-46fe-8937-fbc57e56edca 9818d4c3130249c78d4efd6b0d6b8d16 a906d85772bf448593c8d743bc985a69 - - default default] http://[LB_IP_ADDRESS]:8776/v3/volumes/a3d988f2-1ff0-481b-a1f4-12d74fc79572 returned with HTTP 200
2026-01-23 18:27:38.043 73 INFO cinder.api.openstack.wsgi [req-a7840149-772c-441f-9cb7-147b219eff1d req-90dc02d1-6d60-4473-bf93-d69568b2390b 9818d4c3130249c78d4efd6b0d6b8d16 a906d85772bf448593c8d743bc985a69 - - default default] GET http://[LB_IP_ADDRESS]:8776/v3/volumes/a3d988f2-1ff0-481b-a1f4-12d74fc79572
2026-01-23 18:27:38.068 73 INFO cinder.volume.api [req-a7840149-772c-441f-9cb7-147b219eff1d req-90dc02d1-6d60-4473-bf93-d69568b2390b 9818d4c3130249c78d4efd6b0d6b8d16 a906d85772bf448593c8d743bc985a69 - - default default] Volume info retrieved successfully.
2026-01-23 18:27:38.074 73 INFO cinder.api.openstack.wsgi [req-a7840149-772c-441f-9cb7-147b219eff1d req-90dc02d1-6d60-4473-bf93-d69568b2390b 9818d4c3130249c78d4efd6b0d6b8d16 a906d85772bf448593c8d743bc985a69 - - default default] http://[LB_IP_ADDRESS]:8776/v3/volumes/a3d988f2-1ff0-481b-a1f4-12d74fc79572 returned with HTTP 200
2026-01-23 18:27:38.312 75 INFO cinder.api.openstack.wsgi [None req-3f7a8aae-61a4-4d6b-a541-69cb3818ecb6 3e1e4a02cf5141c4922536a42621c180 960d058471ed499b84e4f7c15fc55fd6 - - default default] GET http://[LB_IP_ADDRESS]:8776/v3/960d058471ed499b84e4f7c15fc55fd6/scheduler-stats/get_pools
2026-01-23 18:27:38.392 74 INFO cinder.api.openstack.wsgi [None req-b685d85c-d6a2-4d4d-b791-8aa8874d95b3 9e69a44524554a5bbee1bf1ce907eb90 b6381196103e40d4946d24f3b378c60e - - default default] GET http://[LB_IP_ADDRESS]:8776/v3/b6381196103e40d4946d24f3b378c60e/volumes/80a41b43-4339-404f-a127-c9b000ad632d
2026-01-23 18:27:38.413 74 INFO cinder.volume.api [None req-b685d85c-d6a2-4d4d-b791-8aa8874d95b3 9e69a44524554a5bbee1bf1ce907eb90 b6381196103e40d4946d24f3b378c60e - - default default] Volume info retrieved successfully.
2026-01-23 18:27:38.418 74 INFO cinder.api.openstack.wsgi [None req-b685d85c-d6a2-4d4d-b791-8aa8874d95b3 9e69a44524554a5bbee1bf1ce907eb90 b6381196103e40d4946d24f3b378c60e - - default default] http://[LB_IP_ADDRESS]:8776/v3/b6381196103e40d4946d24f3b378c60e/volumes/80a41b43-4339-404f-a127-c9b000ad632d returned with HTTP 200
2026-01-23 18:27:38.499 76 INFO cinder.api.openstack.wsgi [req-b1ca1e2d-7b6a-45bc-9113-034beea9c339 req-68ffbdc0-1c3a-4b5a-af4a-44b47d6b9f85 9e69a44524554a5bbee1bf1ce907eb90 b6381196103e40d4946d24f3b378c60e - - default default] GET http://[LB_IP_ADDRESS]:8776/v3/volumes/80a41b43-4339-404f-a127-c9b000ad632d
2026-01-23 18:27:38.518 76 INFO cinder.volume.api [req-b1ca1e2d-7b6a-45bc-9113-034beea9c339 req-68ffbdc0-1c3a-4b5a-af4a-44b47d6b9f85 9e69a44524554a5bbee1bf1ce907eb90 b6381196103e40d4946d24f3b378c60e - - default default] Volume info retrieved successfully.
2026-01-23 18:27:38.523 76 INFO cinder.api.openstack.wsgi [req-b1ca1e2d-7b6a-45bc-9113-034beea9c339 req-68ffbdc0-1c3a-4b5a-af4a-44b47d6b9f85 9e69a44524554a5bbee1bf1ce907eb90 b6381196103e40d4946d24f3b378c60e - - default default] http://[LB_IP_ADDRESS]:8776/v3/volumes/80a41b43-4339-404f-a127-c9b000ad632d returned with HTTP 200
2026-01-23 18:27:38.543 72 INFO cinder.api.openstack.wsgi [None req-2c20712e-92e9-4276-a2b8-16f4d5bb120d 9e69a44524554a5bbee1bf1ce907eb90 b6381196103e40d4946d24f3b378c60e - - default default] POST http://[LB_IP_ADDRESS]:8776/v3/b6381196103e40d4946d24f3b378c60e/volumes
2026-01-23 18:27:38.548 72 INFO cinder.api.v3.volumes [None req-2c20712e-92e9-4276-a2b8-16f4d5bb120d 9e69a44524554a5bbee1bf1ce907eb90 b6381196103e40d4946d24f3b378c60e - - default default] Create volume of 1 GB
2026-01-23 18:27:38.560 72 INFO cinder.volume.api [None req-2c20712e-92e9-4276-a2b8-16f4d5bb120d 9e69a44524554a5bbee1bf1ce907eb90 b6381196103e40d4946d24f3b378c60e - - default default] Availability Zones retrieved successfully.
2026-01-23 18:27:38.820 75 INFO cinder.api.openstack.wsgi [None req-3f7a8aae-61a4-4d6b-a541-69cb3818ecb6 3e1e4a02cf5141c4922536a42621c180 960d058471ed499b84e4f7c15fc55fd6 - - default default] http://[LB_IP_ADDRESS]:8776/v3/960d058471ed499b84e4f7c15fc55fd6/scheduler-stats/get_pools returned with HTTP 200
2026-01-23 18:27:38.839 73 INFO cinder.api.openstack.wsgi [None req-b7847050-d67b-4432-83a6-9b3449ca9a5f 3e1e4a02cf5141c4922536a42621c180 960d058471ed499b84e4f7c15fc55fd6 - - default default] GET http://[LB_IP_ADDRESS]:8776/v3/960d058471ed499b84e4f7c15fc55fd6/scheduler-stats/get_pools?detail=True
2026-01-23 18:27:39.149 74 INFO cinder.api.openstack.wsgi [req-ee48c3b5-09cd-4aec-b35d-2a97debb400f req-8c613753-5156-42a9-a009-a691799f526c 9818d4c3130249c78d4efd6b0d6b8d16 a906d85772bf448593c8d743bc985a69 - - default default] GET http://[LB_IP_ADDRESS]:8776/v3/volumes/a3d988f2-1ff0-481b-a1f4-12d74fc79572
2026-01-23 18:27:39.162 74 INFO cinder.volume.api [req-ee48c3b5-09cd-4aec-b35d-2a97debb400f req-8c613753-5156-42a9-a009-a691799f526c 9818d4c3130249c78d4efd6b0d6b8d16 a906d85772bf448593c8d743bc985a69 - - default default] Volume info retrieved successfully.
2026-01-23 18:27:39.166 74 INFO cinder.api.openstack.wsgi [req-ee48c3b5-09cd-4aec-b35d-2a97debb400f req-8c613753-5156-42a9-a009-a691799f526c 9818d4c3130249c78d4efd6b0d6b8d16 a906d85772bf448593c8d743bc985a69 - - default default] http://[LB_IP_ADDRESS]:8776/v3/volumes/a3d988f2-1ff0-481b-a1f4-12d74fc79572 returned with HTTP 200
2026-01-23 18:27:39.240 76 INFO cinder.api.openstack.wsgi [req-7ff7d33f-eb31-4cb5-86aa-268e1c1b6c82 req-dac8b24c-3fcf-4a99-937c-adf45151a248 9818d4c3130249c78d4efd6b0d6b8d16 a906d85772bf448593c8d743bc985a69 - - default default] POST http://[LB_IP_ADDRESS]:8776/v3/snapshots
2026-01-23 18:27:39.262 76 INFO cinder.volume.api [req-7ff7d33f-eb31-4cb5-86aa-268e1c1b6c82 req-dac8b24c-3fcf-4a99-937c-adf45151a248 9818d4c3130249c78d4efd6b0d6b8d16 a906d85772bf448593c8d743bc985a69 - - default default] Volume info retrieved successfully.
2026-01-23 18:27:39.262 76 INFO cinder.api.v3.snapshots [req-7ff7d33f-eb31-4cb5-86aa-268e1c1b6c82 req-dac8b24c-3fcf-4a99-937c-adf45151a248 9818d4c3130249c78d4efd6b0d6b8d16 a906d85772bf448593c8d743bc985a69 - - default default] Create snapshot from volume a3d988f2-1ff0-481b-a1f4-12d74fc79572
2026-01-23 18:27:39.320 72 INFO cinder.volume.api [None req-2c20712e-92e9-4276-a2b8-16f4d5bb120d 9e69a44524554a5bbee1bf1ce907eb90 b6381196103e40d4946d24f3b378c60e - - default default] Create volume request issued successfully.
2026-01-23 18:27:39.321 72 INFO cinder.api.openstack.wsgi [None req-2c20712e-92e9-4276-a2b8-16f4d5bb120d 9e69a44524554a5bbee1bf1ce907eb90 b6381196103e40d4946d24f3b378c60e - - default default] http://[LB_IP_ADDRESS]:8776/v3/b6381196103e40d4946d24f3b378c60e/volumes returned with HTTP 202
2026-01-23 18:27:39.340 75 INFO cinder.api.openstack.wsgi [None req-248ae23c-b26c-4a25-b3fc-b0c1ce3b4686 9e69a44524554a5bbee1bf1ce907eb90 b6381196103e40d4946d24f3b378c60e - - default default] GET http://[LB_IP_ADDRESS]:8776/v3/b6381196103e40d4946d24f3b378c60e/volumes/24575f26-fa8d-4453-804e-ade974e87109
2026-01-23 18:27:39.349 73 INFO cinder.api.openstack.wsgi [None req-b7847050-d67b-4432-83a6-9b3449ca9a5f 3e1e4a02cf5141c4922536a42621c180 960d058471ed499b84e4f7c15fc55fd6 - - default default] http://[LB_IP_ADDRESS]:8776/v3/960d058471ed499b84e4f7c15fc55fd6/scheduler-stats/get_pools?detail=True returned with HTTP 200
2026-01-23 18:27:39.355 75 INFO cinder.volume.api [None req-248ae23c-b26c-4a25-b3fc-b0c1ce3b4686 9e69a44524554a5bbee1bf1ce907eb90 b6381196103e40d4946d24f3b378c60e - - default default] Volume info retrieved successfully.
2026-01-23 18:27:39.359 75 INFO cinder.api.openstack.wsgi [None req-248ae23c-b26c-4a25-b3fc-b0c1ce3b4686 9e69a44524554a5bbee1bf1ce907eb90 b6381196103e40d4946d24f3b378c60e - - default default] http://[LB_IP_ADDRESS]:8776/v3/b6381196103e40d4946d24f3b378c60e/volumes/24575f26-fa8d-4453-804e-ade974e87109 returned with HTTP 200
2026-01-23 18:27:39.369 74 INFO cinder.api.openstack.wsgi [None req-2e15bbf5-48c5-48ef-9ec9-1de58a886c18 3e1e4a02cf5141c4922536a42621c180 960d058471ed499b84e4f7c15fc55fd6 - - default default] GET http://[LB_IP_ADDRESS]:8776/v3/960d058471ed499b84e4f7c15fc55fd6/capabilities/rack05-server66@LIGHTOSphszul
2026-01-23 18:27:39.438 76 INFO cinder.volume.api [req-7ff7d33f-eb31-4cb5-86aa-268e1c1b6c82 req-dac8b24c-3fcf-4a99-937c-adf45151a248 9818d4c3130249c78d4efd6b0d6b8d16 a906d85772bf448593c8d743bc985a69 - - default default] Snapshot create request issued successfully.
2026-01-23 18:27:39.439 76 INFO cinder.api.openstack.wsgi [req-7ff7d33f-eb31-4cb5-86aa-268e1c1b6c82 req-dac8b24c-3fcf-4a99-937c-adf45151a248 9818d4c3130249c78d4efd6b0d6b8d16 a906d85772bf448593c8d743bc985a69 - - default default] http://[LB_IP_ADDRESS]:8776/v3/snapshots returned with HTTP 202
2026-01-23 18:27:39.466 72 INFO cinder.api.openstack.wsgi [req-03c2e7fa-3f17-496b-89ec-2ae15863f17e req-fdf0dfd7-2803-4053-90e4-e9ebc8853563 9818d4c3130249c78d4efd6b0d6b8d16 a906d85772bf448593c8d743bc985a69 - - default default] GET http://[LB_IP_ADDRESS]:8776/v3/snapshots/1796d09d-c03d-4779-8f3b-86bf35e96688
2026-01-23 18:27:39.479 72 INFO cinder.volume.api [req-03c2e7fa-3f17-496b-89ec-2ae15863f17e req-fdf0dfd7-2803-4053-90e4-e9ebc8853563 9818d4c3130249c78d4efd6b0d6b8d16 a906d85772bf448593c8d743bc985a69 - - default default] Snapshot retrieved successfully.
2026-01-23 18:27:39.481 72 INFO cinder.api.openstack.wsgi [req-03c2e7fa-3f17-496b-89ec-2ae15863f17e req-fdf0dfd7-2803-4053-90e4-e9ebc8853563 9818d4c3130249c78d4efd6b0d6b8d16 a906d85772bf448593c8d743bc985a69 - - default default] http://[LB_IP_ADDRESS]:8776/v3/snapshots/1796d09d-c03d-4779-8f3b-86bf35e96688 returned with HTTP 200
2026-01-23 18:27:39.521 73 INFO cinder.api.openstack.wsgi [req-3e4803a6-55ec-44f0-ab4d-900c3040f8d2 req-c861ecd2-bf29-4097-9754-2943d9213e80 9818d4c3130249c78d4efd6b0d6b8d16 a906d85772bf448593c8d743bc985a69 - - default default] GET http://[LB_IP_ADDRESS]:8776/v3/snapshots/detail
2026-01-23 18:27:39.530 73 INFO cinder.volume.api [req-3e4803a6-55ec-44f0-ab4d-900c3040f8d2 req-c861ecd2-bf29-4097-9754-2943d9213e80 9818d4c3130249c78d4efd6b0d6b8d16 a906d85772bf448593c8d743bc985a69 - - default default] Get all snapshots completed successfully.
2026-01-23 18:27:39.532 73 INFO cinder.api.openstack.wsgi [req-3e4803a6-55ec-44f0-ab4d-900c3040f8d2 req-c861ecd2-bf29-4097-9754-2943d9213e80 9818d4c3130249c78d4efd6b0d6b8d16 a906d85772bf448593c8d743bc985a69 - - default default] http://[LB_IP_ADDRESS]:8776/v3/snapshots/detail returned with HTTP 200
2026-01-23 18:27:39.566 75 INFO cinder.api.openstack.wsgi [req-9e473bce-09f7-4f1a-8216-f7923220a13c req-0752d14d-e670-4e6f-bbcf-3788d760db93 9818d4c3130249c78d4efd6b0d6b8d16 a906d85772bf448593c8d743bc985a69 - - default default] GET http://[LB_IP_ADDRESS]:8776/v3/snapshots/1796d09d-c03d-4779-8f3b-86bf35e96688
2026-01-23 18:27:39.578 75 INFO cinder.volume.api [req-9e473bce-09f7-4f1a-8216-f7923220a13c req-0752d14d-e670-4e6f-bbcf-3788d760db93 9818d4c3130249c78d4efd6b0d6b8d16 a906d85772bf448593c8d743bc985a69 - - default default] Snapshot retrieved successfully.
2026-01-23 18:27:39.579 75 INFO cinder.api.openstack.wsgi [req-9e473bce-09f7-4f1a-8216-f7923220a13c req-0752d14d-e670-4e6f-bbcf-3788d760db93 9818d4c3130249c78d4efd6b0d6b8d16 a906d85772bf448593c8d743bc985a69 - - default default] http://[LB_IP_ADDRESS]:8776/v3/snapshots/1796d09d-c03d-4779-8f3b-86bf35e96688 returned with HTTP 200
2026-01-23 18:27:39.881 74 INFO cinder.api.openstack.wsgi [None req-2e15bbf5-48c5-48ef-9ec9-1de58a886c18 3e1e4a02cf5141c4922536a42621c180 960d058471ed499b84e4f7c15fc55fd6 - - default default] http://[LB_IP_ADDRESS]:8776/v3/960d058471ed499b84e4f7c15fc55fd6/capabilities/rack05-server66@LIGHTOSphszul returned with HTTP 200
2026-01-23 18:27:39.911 76 INFO cinder.api.openstack.wsgi [None req-7b0d8d8a-f6a9-482f-aa24-6aa4bf6b1098 3e1e4a02cf5141c4922536a42621c180 960d058471ed499b84e4f7c15fc55fd6 - - default default] GET http://[LB_IP_ADDRESS]:8776/v3/960d058471ed499b84e4f7c15fc55fd6/capabilities/rack05-server66@LIGHTOSphszul
2026-01-23 18:27:40.378 72 INFO cinder.api.openstack.wsgi [None req-9209b801-ca29-4c49-85f1-9f583d907929 9e69a44524554a5bbee1bf1ce907eb90 b6381196103e40d4946d24f3b378c60e - - default default] GET http://[LB_IP_ADDRESS]:8776/v3/b6381196103e40d4946d24f3b378c60e/volumes/24575f26-fa8d-4453-804e-ade974e87109
2026-01-23 18:27:40.395 72 INFO cinder.volume.api [None req-9209b801-ca29-4c49-85f1-9f583d907929 9e69a44524554a5bbee1bf1ce907eb90 b6381196103e40d4946d24f3b378c60e - - default default] Volume info retrieved successfully.
2026-01-23 18:27:40.402 72 INFO cinder.api.openstack.wsgi [None req-9209b801-ca29-4c49-85f1-9f583d907929 9e69a44524554a5bbee1bf1ce907eb90 b6381196103e40d4946d24f3b378c60e - - default default] http://[LB_IP_ADDRESS]:8776/v3/b6381196103e40d4946d24f3b378c60e/volumes/24575f26-fa8d-4453-804e-ade974e87109 returned with HTTP 200
2026-01-23 18:27:40.425 76 INFO cinder.api.openstack.wsgi [None req-7b0d8d8a-f6a9-482f-aa24-6aa4bf6b1098 3e1e4a02cf5141c4922536a42621c180 960d058471ed499b84e4f7c15fc55fd6 - - default default] http://[LB_IP_ADDRESS]:8776/v3/960d058471ed499b84e4f7c15fc55fd6/capabilities/rack05-server66@LIGHTOSphszul returned with HTTP 200
2026-01-23 18:27:40.442 73 INFO cinder.api.openstack.wsgi [req-0bc508dc-0546-4226-97c3-20519d5b5ab6 req-8623a818-5d4e-46c1-a437-27b120b4ce6a 9e69a44524554a5bbee1bf1ce907eb90 b6381196103e40d4946d24f3b378c60e - - default default] GET http://[LB_IP_ADDRESS]:8776/v3/volumes/24575f26-fa8d-4453-804e-ade974e87109
2026-01-23 18:27:40.458 73 INFO cinder.volume.api [req-0bc508dc-0546-4226-97c3-20519d5b5ab6 req-8623a818-5d4e-46c1-a437-27b120b4ce6a 9e69a44524554a5bbee1bf1ce907eb90 b6381196103e40d4946d24f3b378c60e - - default default] Volume info retrieved successfully.
2026-01-23 18:27:40.463 73 INFO cinder.api.openstack.wsgi [req-0bc508dc-0546-4226-97c3-20519d5b5ab6 req-8623a818-5d4e-46c1-a437-27b120b4ce6a 9e69a44524554a5bbee1bf1ce907eb90 b6381196103e40d4946d24f3b378c60e - - default default] http://[LB_IP_ADDRESS]:8776/v3/volumes/24575f26-fa8d-4453-804e-ade974e87109 returned with HTTP 200
2026-01-23 18:27:40.479 75 INFO cinder.api.openstack.wsgi [None req-5a5a4915-6c91-4c7e-93fd-207ab4111d6d 9e69a44524554a5bbee1bf1ce907eb90 b6381196103e40d4946d24f3b378c60e - - default default] POST http://[LB_IP_ADDRESS]:8776/v3/b6381196103e40d4946d24f3b378c60e/volumes
2026-01-23 18:27:40.481 75 INFO cinder.api.v3.volumes [None req-5a5a4915-6c91-4c7e-93fd-207ab4111d6d 9e69a44524554a5bbee1bf1ce907eb90 b6381196103e40d4946d24f3b378c60e - - default default] Create volume of 1 GB
2026-01-23 18:27:40.489 75 INFO cinder.volume.api [None req-5a5a4915-6c91-4c7e-93fd-207ab4111d6d 9e69a44524554a5bbee1bf1ce907eb90 b6381196103e40d4946d24f3b378c60e - - default default] Availability Zones retrieved successfully.
2026-01-23 18:27:40.611 74 INFO cinder.api.openstack.wsgi [req-06669dcf-853a-46fb-8f0a-2c3940b79f03 req-20500f12-f03a-47df-bee6-63f1e1c4e243 9818d4c3130249c78d4efd6b0d6b8d16 a906d85772bf448593c8d743bc985a69 - - default default] GET http://[LB_IP_ADDRESS]:8776/v3/snapshots/1796d09d-c03d-4779-8f3b-86bf35e96688
2026-01-23 18:27:40.619 74 INFO cinder.volume.api [req-06669dcf-853a-46fb-8f0a-2c3940b79f03 req-20500f12-f03a-47df-bee6-63f1e1c4e243 9818d4c3130249c78d4efd6b0d6b8d16 a906d85772bf448593c8d743bc985a69 - - default default] Snapshot retrieved successfully.
2026-01-23 18:27:40.620 74 INFO cinder.api.openstack.wsgi [req-06669dcf-853a-46fb-8f0a-2c3940b79f03 req-20500f12-f03a-47df-bee6-63f1e1c4e243 9818d4c3130249c78d4efd6b0d6b8d16 a906d85772bf448593c8d743bc985a69 - - default default] http://[LB_IP_ADDRESS]:8776/v3/snapshots/1796d09d-c03d-4779-8f3b-86bf35e96688 returned with HTTP 200
2026-01-23 18:27:40.948 75 INFO cinder.volume.api [None req-5a5a4915-6c91-4c7e-93fd-207ab4111d6d 9e69a44524554a5bbee1bf1ce907eb90 b6381196103e40d4946d24f3b378c60e - - default default] Create volume request issued successfully.
2026-01-23 18:27:40.949 75 INFO cinder.api.openstack.wsgi [None req-5a5a4915-6c91-4c7e-93fd-207ab4111d6d 9e69a44524554a5bbee1bf1ce907eb90 b6381196103e40d4946d24f3b378c60e - - default default] http://[LB_IP_ADDRESS]:8776/v3/b6381196103e40d4946d24f3b378c60e/volumes returned with HTTP 202
2026-01-23 18:27:40.967 72 INFO cinder.api.openstack.wsgi [None req-eca59030-492a-4a5b-ba1d-356a7425f3f3 9e69a44524554a5bbee1bf1ce907eb90 b6381196103e40d4946d24f3b378c60e - - default default] GET http://[LB_IP_ADDRESS]:8776/v3/b6381196103e40d4946d24f3b378c60e/volumes/a4d47085-bd45-4129-a7e4-5ebd85968568
2026-01-23 18:27:40.985 72 INFO cinder.volume.api [None req-eca59030-492a-4a5b-ba1d-356a7425f3f3 9e69a44524554a5bbee1bf1ce907eb90 b6381196103e40d4946d24f3b378c60e - - default default] Volume info retrieved successfully.
2026-01-23 18:27:40.990 72 INFO cinder.api.openstack.wsgi [None req-eca59030-492a-4a5b-ba1d-356a7425f3f3 9e69a44524554a5bbee1bf1ce907eb90 b6381196103e40d4946d24f3b378c60e - - default default] http://[LB_IP_ADDRESS]:8776/v3/b6381196103e40d4946d24f3b378c60e/volumes/a4d47085-bd45-4129-a7e4-5ebd85968568 returned with HTTP 200
2026-01-23 18:27:41.649 76 INFO cinder.api.openstack.wsgi [req-b0339414-ec03-4ec3-8d0a-3b1369272c3b req-fdea0630-3ec1-43d9-8232-3a9ec8032c6a 9818d4c3130249c78d4efd6b0d6b8d16 a906d85772bf448593c8d743bc985a69 - - default default] GET http://[LB_IP_ADDRESS]:8776/v3/snapshots/1796d09d-c03d-4779-8f3b-86bf35e96688
2026-01-23 18:27:41.657 76 INFO cinder.volume.api [req-b0339414-ec03-4ec3-8d0a-3b1369272c3b req-fdea0630-3ec1-43d9-8232-3a9ec8032c6a 9818d4c3130249c78d4efd6b0d6b8d16 a906d85772bf448593c8d743bc985a69 - - default default] Snapshot retrieved successfully.
2026-01-23 18:27:41.658 76 INFO cinder.api.openstack.wsgi [req-b0339414-ec03-4ec3-8d0a-3b1369272c3b req-fdea0630-3ec1-43d9-8232-3a9ec8032c6a 9818d4c3130249c78d4efd6b0d6b8d16 a906d85772bf448593c8d743bc985a69 - - default default] http://[LB_IP_ADDRESS]:8776/v3/snapshots/1796d09d-c03d-4779-8f3b-86bf35e96688 returned with HTTP 200
2026-01-23 18:27:41.676 73 INFO cinder.api.openstack.wsgi [req-6119cd97-0883-497a-861d-eff75de129e2 req-e0c0ba82-46d2-4505-9f2f-1949ed1035ed 9818d4c3130249c78d4efd6b0d6b8d16 a906d85772bf448593c8d743bc985a69 - - default default] DELETE http://[LB_IP_ADDRESS]:8776/v3/snapshots/1796d09d-c03d-4779-8f3b-86bf35e96688
2026-01-23 18:27:41.677 73 INFO cinder.api.v2.snapshots [req-6119cd97-0883-497a-861d-eff75de129e2 req-e0c0ba82-46d2-4505-9f2f-1949ed1035ed 9818d4c3130249c78d4efd6b0d6b8d16 a906d85772bf448593c8d743bc985a69 - - default default] Delete snapshot with id: 1796d09d-c03d-4779-8f3b-86bf35e96688
2026-01-23 18:27:41.684 73 INFO cinder.volume.api [req-6119cd97-0883-497a-861d-eff75de129e2 req-e0c0ba82-46d2-4505-9f2f-1949ed1035ed 9818d4c3130249c78d4efd6b0d6b8d16 a906d85772bf448593c8d743bc985a69 - - default default] Snapshot retrieved successfully.
2026-01-23 18:27:41.705 73 INFO cinder.volume.api [req-6119cd97-0883-497a-861d-eff75de129e2 req-e0c0ba82-46d2-4505-9f2f-1949ed1035ed 9818d4c3130249c78d4efd6b0d6b8d16 a906d85772bf448593c8d743bc985a69 - - default default] Snapshot delete request issued successfully.
2026-01-23 18:27:41.706 73 INFO cinder.api.openstack.wsgi [req-6119cd97-0883-497a-861d-eff75de129e2 req-e0c0ba82-46d2-4505-9f2f-1949ed1035ed 9818d4c3130249c78d4efd6b0d6b8d16 a906d85772bf448593c8d743bc985a69 - - default default] http://[LB_IP_ADDRESS]:8776/v3/snapshots/1796d09d-c03d-4779-8f3b-86bf35e96688 returned with HTTP 202
2026-01-23 18:27:41.738 74 INFO cinder.api.openstack.wsgi [req-028f9966-726a-4848-8d35-ab512f47adce req-5c9c9c9f-3b96-482d-a079-c5a3b2d4b999 9818d4c3130249c78d4efd6b0d6b8d16 a906d85772bf448593c8d743bc985a69 - - default default] GET http://[LB_IP_ADDRESS]:8776/v3/snapshots/1796d09d-c03d-4779-8f3b-86bf35e96688
2026-01-23 18:27:41.748 74 INFO cinder.volume.api [req-028f9966-726a-4848-8d35-ab512f47adce req-5c9c9c9f-3b96-482d-a079-c5a3b2d4b999 9818d4c3130249c78d4efd6b0d6b8d16 a906d85772bf448593c8d743bc985a69 - - default default] Snapshot retrieved successfully.
2026-01-23 18:27:41.749 74 INFO cinder.api.openstack.wsgi [req-028f9966-726a-4848-8d35-ab512f47adce req-5c9c9c9f-3b96-482d-a079-c5a3b2d4b999 9818d4c3130249c78d4efd6b0d6b8d16 a906d85772bf448593c8d743bc985a69 - - default default] http://[LB_IP_ADDRESS]:8776/v3/snapshots/1796d09d-c03d-4779-8f3b-86bf35e96688 returned with HTTP 200
2026-01-23 18:27:42.011 75 INFO cinder.api.openstack.wsgi [None req-b814e6d9-6909-4372-883d-f1178cd66e4d 9e69a44524554a5bbee1bf1ce907eb90 b6381196103e40d4946d24f3b378c60e - - default default] GET http://[LB_IP_ADDRESS]:8776/v3/b6381196103e40d4946d24f3b378c60e/volumes/a4d47085-bd45-4129-a7e4-5ebd85968568
2026-01-23 18:27:42.028 75 INFO cinder.volume.api [None req-b814e6d9-6909-4372-883d-f1178cd66e4d 9e69a44524554a5bbee1bf1ce907eb90 b6381196103e40d4946d24f3b378c60e - - default default] Volume info retrieved successfully.
2026-01-23 18:27:42.033 75 INFO cinder.api.openstack.wsgi [None req-b814e6d9-6909-4372-883d-f1178cd66e4d 9e69a44524554a5bbee1bf1ce907eb90 b6381196103e40d4946d24f3b378c60e - - default default] http://[LB_IP_ADDRESS]:8776/v3/b6381196103e40d4946d24f3b378c60e/volumes/a4d47085-bd45-4129-a7e4-5ebd85968568 returned with HTTP 200
2026-01-23 18:27:42.785 72 INFO cinder.api.openstack.wsgi [req-3e3e8655-adf1-4b8f-984e-e7d2d624b769 req-013a8b4d-eab9-46fc-97cb-c9c235404af5 9818d4c3130249c78d4efd6b0d6b8d16 a906d85772bf448593c8d743bc985a69 - - default default] GET http://[LB_IP_ADDRESS]:8776/v3/snapshots/1796d09d-c03d-4779-8f3b-86bf35e96688
2026-01-23 18:27:42.792 72 INFO cinder.api.openstack.wsgi [req-3e3e8655-adf1-4b8f-984e-e7d2d624b769 req-013a8b4d-eab9-46fc-97cb-c9c235404af5 9818d4c3130249c78d4efd6b0d6b8d16 a906d85772bf448593c8d743bc985a69 - - default default] http://[LB_IP_ADDRESS]:8776/v3/snapshots/1796d09d-c03d-4779-8f3b-86bf35e96688 returned with HTTP 404
2026-01-23 18:27:42.822 76 INFO cinder.api.openstack.wsgi [req-f943d844-5ec6-4b74-ab52-69c3ff4287b5 req-22e01a28-1c0b-498e-b06f-708412305ad6 9818d4c3130249c78d4efd6b0d6b8d16 a906d85772bf448593c8d743bc985a69 - - default default] DELETE http://[LB_IP_ADDRESS]:8776/v3/volumes/a3d988f2-1ff0-481b-a1f4-12d74fc79572
2026-01-23 18:27:42.823 76 INFO cinder.api.v3.volumes [req-f943d844-5ec6-4b74-ab52-69c3ff4287b5 req-22e01a28-1c0b-498e-b06f-708412305ad6 9818d4c3130249c78d4efd6b0d6b8d16 a906d85772bf448593c8d743bc985a69 - - default default] Delete volume with id: a3d988f2-1ff0-481b-a1f4-12d74fc79572 
2026-01-23 18:27:42.835 76 INFO cinder.volume.api [req-f943d844-5ec6-4b74-ab52-69c3ff4287b5 req-22e01a28-1c0b-498e-b06f-708412305ad6 9818d4c3130249c78d4efd6b0d6b8d16 a906d85772bf448593c8d743bc985a69 - - default default] Volume info retrieved successfully.
2026-01-23 18:27:42.857 76 INFO cinder.volume.api [req-f943d844-5ec6-4b74-ab52-69c3ff4287b5 req-22e01a28-1c0b-498e-b06f-708412305ad6 9818d4c3130249c78d4efd6b0d6b8d16 a906d85772bf448593c8d743bc985a69 - - default default] Delete volume request issued successfully.
2026-01-23 18:27:42.858 76 INFO cinder.api.openstack.wsgi [req-f943d844-5ec6-4b74-ab52-69c3ff4287b5 req-22e01a28-1c0b-498e-b06f-708412305ad6 9818d4c3130249c78d4efd6b0d6b8d16 a906d85772bf448593c8d743bc985a69 - - default default] http://[LB_IP_ADDRESS]:8776/v3/volumes/a3d988f2-1ff0-481b-a1f4-12d74fc79572 returned with HTTP 202
2026-01-23 18:27:42.889 73 INFO cinder.api.openstack.wsgi [req-cec35c97-2712-4b25-a90a-82c8f5119220 req-c36b138a-f6d3-4be9-86e9-cf243a017309 9818d4c3130249c78d4efd6b0d6b8d16 a906d85772bf448593c8d743bc985a69 - - default default] GET http://[LB_IP_ADDRESS]:8776/v3/volumes/a3d988f2-1ff0-481b-a1f4-12d74fc79572
2026-01-23 18:27:42.905 73 INFO cinder.volume.api [req-cec35c97-2712-4b25-a90a-82c8f5119220 req-c36b138a-f6d3-4be9-86e9-cf243a017309 9818d4c3130249c78d4efd6b0d6b8d16 a906d85772bf448593c8d743bc985a69 - - default default] Volume info retrieved successfully.
2026-01-23 18:27:42.910 73 INFO cinder.api.openstack.wsgi [req-cec35c97-2712-4b25-a90a-82c8f5119220 req-c36b138a-f6d3-4be9-86e9-cf243a017309 9818d4c3130249c78d4efd6b0d6b8d16 a906d85772bf448593c8d743bc985a69 - - default default] http://[LB_IP_ADDRESS]:8776/v3/volumes/a3d988f2-1ff0-481b-a1f4-12d74fc79572 returned with HTTP 200
2026-01-23 18:27:43.054 74 INFO cinder.api.openstack.wsgi [None req-8f224764-c7a4-4448-a031-418b1903fb06 9e69a44524554a5bbee1bf1ce907eb90 b6381196103e40d4946d24f3b378c60e - - default default] GET http://[LB_IP_ADDRESS]:8776/v3/b6381196103e40d4946d24f3b378c60e/volumes/a4d47085-bd45-4129-a7e4-5ebd85968568
2026-01-23 18:27:43.070 74 INFO cinder.volume.api [None req-8f224764-c7a4-4448-a031-418b1903fb06 9e69a44524554a5bbee1bf1ce907eb90 b6381196103e40d4946d24f3b378c60e - - default default] Volume info retrieved successfully.
2026-01-23 18:27:43.074 74 INFO cinder.api.openstack.wsgi [None req-8f224764-c7a4-4448-a031-418b1903fb06 9e69a44524554a5bbee1bf1ce907eb90 b6381196103e40d4946d24f3b378c60e - - default default] http://[LB_IP_ADDRESS]:8776/v3/b6381196103e40d4946d24f3b378c60e/volumes/a4d47085-bd45-4129-a7e4-5ebd85968568 returned with HTTP 200
2026-01-23 18:27:43.111 75 INFO cinder.api.openstack.wsgi [req-70616c6b-6892-47cf-8547-a63694f9c72d req-a5019c4d-dfac-43a5-8fc3-068d80a67ef9 9e69a44524554a5bbee1bf1ce907eb90 b6381196103e40d4946d24f3b378c60e - - default default] GET http://[LB_IP_ADDRESS]:8776/v3/volumes/a4d47085-bd45-4129-a7e4-5ebd85968568
2026-01-23 18:27:43.129 75 INFO cinder.volume.api [req-70616c6b-6892-47cf-8547-a63694f9c72d req-a5019c4d-dfac-43a5-8fc3-068d80a67ef9 9e69a44524554a5bbee1bf1ce907eb90 b6381196103e40d4946d24f3b378c60e - - default default] Volume info retrieved successfully.
2026-01-23 18:27:43.134 75 INFO cinder.api.openstack.wsgi [req-70616c6b-6892-47cf-8547-a63694f9c72d req-a5019c4d-dfac-43a5-8fc3-068d80a67ef9 9e69a44524554a5bbee1bf1ce907eb90 b6381196103e40d4946d24f3b378c60e - - default default] http://[LB_IP_ADDRESS]:8776/v3/volumes/a4d47085-bd45-4129-a7e4-5ebd85968568 returned with HTTP 200
2026-01-23 18:27:43.168 72 INFO cinder.api.openstack.wsgi [req-ef11a326-7986-46c9-a0c1-55466231ec56 req-331cad9e-32d9-4cb3-a755-c2d1e3b86555 9e69a44524554a5bbee1bf1ce907eb90 b6381196103e40d4946d24f3b378c60e - - default default] GET http://[LB_IP_ADDRESS]:8776/v3/volumes/detail
2026-01-23 18:27:43.188 72 INFO cinder.volume.api [req-ef11a326-7986-46c9-a0c1-55466231ec56 req-331cad9e-32d9-4cb3-a755-c2d1e3b86555 9e69a44524554a5bbee1bf1ce907eb90 b6381196103e40d4946d24f3b378c60e - - default default] Get all volumes completed successfully.
2026-01-23 18:27:43.197 72 INFO cinder.api.openstack.wsgi [req-ef11a326-7986-46c9-a0c1-55466231ec56 req-331cad9e-32d9-4cb3-a755-c2d1e3b86555 9e69a44524554a5bbee1bf1ce907eb90 b6381196103e40d4946d24f3b378c60e - - default default] http://[LB_IP_ADDRESS]:8776/v3/volumes/detail returned with HTTP 200
2026-01-23 18:27:43.239 76 INFO cinder.api.openstack.wsgi [req-8e7aba12-7c81-48a7-a7f2-1c0876beb24a req-bd974ea6-698f-4db8-bb90-6d0e04ceb60b 9e69a44524554a5bbee1bf1ce907eb90 b6381196103e40d4946d24f3b378c60e - - default default] GET http://[LB_IP_ADDRESS]:8776/v3/volumes/detail
2026-01-23 18:27:43.253 76 INFO cinder.volume.api [req-8e7aba12-7c81-48a7-a7f2-1c0876beb24a req-bd974ea6-698f-4db8-bb90-6d0e04ceb60b 9e69a44524554a5bbee1bf1ce907eb90 b6381196103e40d4946d24f3b378c60e - - default default] Get all volumes completed successfully.
2026-01-23 18:27:43.260 76 INFO cinder.api.openstack.wsgi [req-8e7aba12-7c81-48a7-a7f2-1c0876beb24a req-bd974ea6-698f-4db8-bb90-6d0e04ceb60b 9e69a44524554a5bbee1bf1ce907eb90 b6381196103e40d4946d24f3b378c60e - - default default] http://[LB_IP_ADDRESS]:8776/v3/volumes/detail returned with HTTP 200
2026-01-23 18:27:43.297 73 INFO cinder.api.openstack.wsgi [req-24ba8c5e-6817-4b6f-8ac2-dd2e9cb8717d req-266a9a33-84a4-48f8-90ba-7e8de9e0f178 9e69a44524554a5bbee1bf1ce907eb90 b6381196103e40d4946d24f3b378c60e - - default default] GET http://[LB_IP_ADDRESS]:8776/v3/volumes/detail
2026-01-23 18:27:43.310 73 INFO cinder.volume.api [req-24ba8c5e-6817-4b6f-8ac2-dd2e9cb8717d req-266a9a33-84a4-48f8-90ba-7e8de9e0f178 9e69a44524554a5bbee1bf1ce907eb90 b6381196103e40d4946d24f3b378c60e - - default default] Get all volumes completed successfully.
2026-01-23 18:27:43.316 73 INFO cinder.api.openstack.wsgi [req-24ba8c5e-6817-4b6f-8ac2-dd2e9cb8717d req-266a9a33-84a4-48f8-90ba-7e8de9e0f178 9e69a44524554a5bbee1bf1ce907eb90 b6381196103e40d4946d24f3b378c60e - - default default] http://[LB_IP_ADDRESS]:8776/v3/volumes/detail returned with HTTP 200
2026-01-23 18:27:43.348 74 INFO cinder.api.openstack.wsgi [req-946e26c1-c43a-4b2c-becc-4ade0273f316 req-efcb7a92-85f6-46cf-8a3f-6deffadaab52 9e69a44524554a5bbee1bf1ce907eb90 b6381196103e40d4946d24f3b378c60e - - default default] GET http://[LB_IP_ADDRESS]:8776/v3/volumes/detail
2026-01-23 18:27:43.360 74 INFO cinder.volume.api [req-946e26c1-c43a-4b2c-becc-4ade0273f316 req-efcb7a92-85f6-46cf-8a3f-6deffadaab52 9e69a44524554a5bbee1bf1ce907eb90 b6381196103e40d4946d24f3b378c60e - - default default] Get all volumes completed successfully.
2026-01-23 18:27:43.366 74 INFO cinder.api.openstack.wsgi [req-946e26c1-c43a-4b2c-becc-4ade0273f316 req-efcb7a92-85f6-46cf-8a3f-6deffadaab52 9e69a44524554a5bbee1bf1ce907eb90 b6381196103e40d4946d24f3b378c60e - - default default] http://[LB_IP_ADDRESS]:8776/v3/volumes/detail returned with HTTP 200
2026-01-23 18:27:43.397 75 INFO cinder.api.openstack.wsgi [req-34c1ebb0-f922-48a7-971f-c005ac73d5bc req-d5333ab8-e80d-46be-883d-1512447e42dc 9e69a44524554a5bbee1bf1ce907eb90 b6381196103e40d4946d24f3b378c60e - - default default] GET http://[LB_IP_ADDRESS]:8776/v3/volumes/detail
2026-01-23 18:27:43.410 75 INFO cinder.volume.api [req-34c1ebb0-f922-48a7-971f-c005ac73d5bc req-d5333ab8-e80d-46be-883d-1512447e42dc 9e69a44524554a5bbee1bf1ce907eb90 b6381196103e40d4946d24f3b378c60e - - default default] Get all volumes completed successfully.
2026-01-23 18:27:43.416 75 INFO cinder.api.openstack.wsgi [req-34c1ebb0-f922-48a7-971f-c005ac73d5bc req-d5333ab8-e80d-46be-883d-1512447e42dc 9e69a44524554a5bbee1bf1ce907eb90 b6381196103e40d4946d24f3b378c60e - - default default] http://[LB_IP_ADDRESS]:8776/v3/volumes/detail returned with HTTP 200
2026-01-23 18:27:43.449 72 INFO cinder.api.openstack.wsgi [req-e5542ef4-1441-4365-b093-e7a278b33e27 req-d2ba2df3-5952-49fc-807e-34314ee8f160 9e69a44524554a5bbee1bf1ce907eb90 b6381196103e40d4946d24f3b378c60e - - default default] GET http://[LB_IP_ADDRESS]:8776/v3/volumes/detail
2026-01-23 18:27:43.462 72 INFO cinder.volume.api [req-e5542ef4-1441-4365-b093-e7a278b33e27 req-d2ba2df3-5952-49fc-807e-34314ee8f160 9e69a44524554a5bbee1bf1ce907eb90 b6381196103e40d4946d24f3b378c60e - - default default] Get all volumes completed successfully.
2026-01-23 18:27:43.467 72 INFO cinder.api.openstack.wsgi [req-e5542ef4-1441-4365-b093-e7a278b33e27 req-d2ba2df3-5952-49fc-807e-34314ee8f160 9e69a44524554a5bbee1bf1ce907eb90 b6381196103e40d4946d24f3b378c60e - - default default] http://[LB_IP_ADDRESS]:8776/v3/volumes/detail returned with HTTP 200
2026-01-23 18:27:43.502 76 INFO cinder.api.openstack.wsgi [req-12623ecc-7e41-49bb-ab9d-c50d8a449e70 req-17832ed2-7941-46ee-94f6-e02aa6b433b7 9e69a44524554a5bbee1bf1ce907eb90 b6381196103e40d4946d24f3b378c60e - - default default] GET http://[LB_IP_ADDRESS]:8776/v3/volumes/detail
2026-01-23 18:27:43.516 76 INFO cinder.volume.api [req-12623ecc-7e41-49bb-ab9d-c50d8a449e70 req-17832ed2-7941-46ee-94f6-e02aa6b433b7 9e69a44524554a5bbee1bf1ce907eb90 b6381196103e40d4946d24f3b378c60e - - default default] Get all volumes completed successfully.
2026-01-23 18:27:43.523 76 INFO cinder.api.openstack.wsgi [req-12623ecc-7e41-49bb-ab9d-c50d8a449e70 req-17832ed2-7941-46ee-94f6-e02aa6b433b7 9e69a44524554a5bbee1bf1ce907eb90 b6381196103e40d4946d24f3b378c60e - - default default] http://[LB_IP_ADDRESS]:8776/v3/volumes/detail returned with HTTP 200
2026-01-23 18:27:43.552 73 INFO cinder.api.openstack.wsgi [req-e4f0eb19-4f38-43d1-80d0-2c79ae11c34a req-91d700af-68be-4729-af04-879ef9cee0c9 9e69a44524554a5bbee1bf1ce907eb90 b6381196103e40d4946d24f3b378c60e - - default default] GET http://[LB_IP_ADDRESS]:8776/v3/volumes/detail
2026-01-23 18:27:43.564 73 INFO cinder.volume.api [req-e4f0eb19-4f38-43d1-80d0-2c79ae11c34a req-91d700af-68be-4729-af04-879ef9cee0c9 9e69a44524554a5bbee1bf1ce907eb90 b6381196103e40d4946d24f3b378c60e - - default default] Get all volumes completed successfully.
2026-01-23 18:27:43.569 73 INFO cinder.api.openstack.wsgi [req-e4f0eb19-4f38-43d1-80d0-2c79ae11c34a req-91d700af-68be-4729-af04-879ef9cee0c9 9e69a44524554a5bbee1bf1ce907eb90 b6381196103e40d4946d24f3b378c60e - - default default] http://[LB_IP_ADDRESS]:8776/v3/volumes/detail returned with HTTP 200
2026-01-23 18:27:43.590 74 INFO cinder.api.openstack.wsgi [None req-751b5406-793b-4527-bcef-3b98d822aeec 9e69a44524554a5bbee1bf1ce907eb90 b6381196103e40d4946d24f3b378c60e - - default default] DELETE http://[LB_IP_ADDRESS]:8776/v3/b6381196103e40d4946d24f3b378c60e/volumes/a4d47085-bd45-4129-a7e4-5ebd85968568
2026-01-23 18:27:43.591 74 INFO cinder.api.v3.volumes [None req-751b5406-793b-4527-bcef-3b98d822aeec 9e69a44524554a5bbee1bf1ce907eb90 b6381196103e40d4946d24f3b378c60e - - default default] Delete volume with id: a4d47085-bd45-4129-a7e4-5ebd85968568 
2026-01-23 18:27:43.603 74 INFO cinder.volume.api [None req-751b5406-793b-4527-bcef-3b98d822aeec 9e69a44524554a5bbee1bf1ce907eb90 b6381196103e40d4946d24f3b378c60e - - default default] Volume info retrieved successfully.
2026-01-23 18:27:43.619 74 INFO cinder.volume.api [None req-751b5406-793b-4527-bcef-3b98d822aeec 9e69a44524554a5bbee1bf1ce907eb90 b6381196103e40d4946d24f3b378c60e - - default default] Delete volume request issued successfully.
2026-01-23 18:27:43.619 74 INFO cinder.api.openstack.wsgi [None req-751b5406-793b-4527-bcef-3b98d822aeec 9e69a44524554a5bbee1bf1ce907eb90 b6381196103e40d4946d24f3b378c60e - - default default] http://[LB_IP_ADDRESS]:8776/v3/b6381196103e40d4946d24f3b378c60e/volumes/a4d47085-bd45-4129-a7e4-5ebd85968568 returned with HTTP 202
2026-01-23 18:27:43.627 75 INFO cinder.api.openstack.wsgi [None req-7ff1fd99-aa28-4bc9-91c6-5c22d59765fa 9e69a44524554a5bbee1bf1ce907eb90 b6381196103e40d4946d24f3b378c60e - - default default] GET http://[LB_IP_ADDRESS]:8776/v3/b6381196103e40d4946d24f3b378c60e/volumes/a4d47085-bd45-4129-a7e4-5ebd85968568
2026-01-23 18:27:43.640 75 INFO cinder.volume.api [None req-7ff1fd99-aa28-4bc9-91c6-5c22d59765fa 9e69a44524554a5bbee1bf1ce907eb90 b6381196103e40d4946d24f3b378c60e - - default default] Volume info retrieved successfully.
2026-01-23 18:27:43.644 75 INFO cinder.api.openstack.wsgi [None req-7ff1fd99-aa28-4bc9-91c6-5c22d59765fa 9e69a44524554a5bbee1bf1ce907eb90 b6381196103e40d4946d24f3b378c60e - - default default] http://[LB_IP_ADDRESS]:8776/v3/b6381196103e40d4946d24f3b378c60e/volumes/a4d47085-bd45-4129-a7e4-5ebd85968568 returned with HTTP 200
2026-01-23 18:27:43.946 72 INFO cinder.api.openstack.wsgi [req-f7f92620-7180-41aa-883b-077aa5e0b003 req-99f01bba-4fac-498a-b14f-1b5f9cf963b6 9818d4c3130249c78d4efd6b0d6b8d16 a906d85772bf448593c8d743bc985a69 - - default default] GET http://[LB_IP_ADDRESS]:8776/v3/volumes/a3d988f2-1ff0-481b-a1f4-12d74fc79572
2026-01-23 18:27:43.955 72 INFO cinder.api.openstack.wsgi [req-f7f92620-7180-41aa-883b-077aa5e0b003 req-99f01bba-4fac-498a-b14f-1b5f9cf963b6 9818d4c3130249c78d4efd6b0d6b8d16 a906d85772bf448593c8d743bc985a69 - - default default] http://[LB_IP_ADDRESS]:8776/v3/volumes/a3d988f2-1ff0-481b-a1f4-12d74fc79572 returned with HTTP 404
2026-01-23 18:27:43.975 76 INFO cinder.api.openstack.wsgi [req-2b780190-03fc-4581-b256-9c578bc0ebac req-e863cde6-13c8-4c3f-a032-6075ff7d8cbc 9818d4c3130249c78d4efd6b0d6b8d16 a906d85772bf448593c8d743bc985a69 - - default default] DELETE http://[LB_IP_ADDRESS]:8776/v3/volumes/a3d988f2-1ff0-481b-a1f4-12d74fc79572
2026-01-23 18:27:43.975 76 INFO cinder.api.v3.volumes [req-2b780190-03fc-4581-b256-9c578bc0ebac req-e863cde6-13c8-4c3f-a032-6075ff7d8cbc 9818d4c3130249c78d4efd6b0d6b8d16 a906d85772bf448593c8d743bc985a69 - - default default] Delete volume with id: a3d988f2-1ff0-481b-a1f4-12d74fc79572 
2026-01-23 18:27:43.983 76 INFO cinder.api.openstack.wsgi [req-2b780190-03fc-4581-b256-9c578bc0ebac req-e863cde6-13c8-4c3f-a032-6075ff7d8cbc 9818d4c3130249c78d4efd6b0d6b8d16 a906d85772bf448593c8d743bc985a69 - - default default] http://[LB_IP_ADDRESS]:8776/v3/volumes/a3d988f2-1ff0-481b-a1f4-12d74fc79572 returned with HTTP 404
2026-01-23 18:27:44.004 74 INFO cinder.api.openstack.wsgi [req-ad1b3229-add2-4d86-8df8-4b8da8c7107f req-18a73ffe-f681-4539-a66b-394a428a3222 9818d4c3130249c78d4efd6b0d6b8d16 a906d85772bf448593c8d743bc985a69 - - default default] GET http://[LB_IP_ADDRESS]:8776/v3/volumes/a3d988f2-1ff0-481b-a1f4-12d74fc79572
2026-01-23 18:27:44.014 74 INFO cinder.api.openstack.wsgi [req-ad1b3229-add2-4d86-8df8-4b8da8c7107f req-18a73ffe-f681-4539-a66b-394a428a3222 9818d4c3130249c78d4efd6b0d6b8d16 a906d85772bf448593c8d743bc985a69 - - default default] http://[LB_IP_ADDRESS]:8776/v3/volumes/a3d988f2-1ff0-481b-a1f4-12d74fc79572 returned with HTTP 404
2026-01-23 18:27:44.089 73 INFO cinder.api.openstack.wsgi [None req-74c76889-a01a-4801-9671-a62d761b612d 7b6338576cae494091f7a96c328d82a3 b60cf5df3f4e4c5da0ec5f00561c4437 - - default default] POST http://[LB_IP_ADDRESS]:8776/v3/b60cf5df3f4e4c5da0ec5f00561c4437/types
2026-01-23 18:27:44.120 73 INFO cinder.api.openstack.wsgi [None req-74c76889-a01a-4801-9671-a62d761b612d 7b6338576cae494091f7a96c328d82a3 b60cf5df3f4e4c5da0ec5f00561c4437 - - default default] http://[LB_IP_ADDRESS]:8776/v3/b60cf5df3f4e4c5da0ec5f00561c4437/types returned with HTTP 200
2026-01-23 18:27:44.133 75 INFO cinder.api.openstack.wsgi [None req-faaa8fa2-e7ab-4a13-8269-8af11f8cf930 7b6338576cae494091f7a96c328d82a3 b60cf5df3f4e4c5da0ec5f00561c4437 - - default default] POST http://[LB_IP_ADDRESS]:8776/v3/b60cf5df3f4e4c5da0ec5f00561c4437/group_types
2026-01-23 18:27:44.154 75 INFO cinder.api.openstack.wsgi [None req-faaa8fa2-e7ab-4a13-8269-8af11f8cf930 7b6338576cae494091f7a96c328d82a3 b60cf5df3f4e4c5da0ec5f00561c4437 - - default default] http://[LB_IP_ADDRESS]:8776/v3/b60cf5df3f4e4c5da0ec5f00561c4437/group_types returned with HTTP 202
2026-01-23 18:27:44.294 72 INFO cinder.api.openstack.wsgi [None req-20950e47-e6c0-4f95-8bdd-d57539f5c71e a0e858d2390b495fa171d17a831b54ee c10a34a2b4fa4ba4bf7692bf98730694 - - default default] POST http://[LB_IP_ADDRESS]:8776/v3/c10a34a2b4fa4ba4bf7692bf98730694/groups
2026-01-23 18:27:44.306 72 INFO cinder.api.v3.groups [None req-20950e47-e6c0-4f95-8bdd-d57539f5c71e a0e858d2390b495fa171d17a831b54ee c10a34a2b4fa4ba4bf7692bf98730694 - - default default] Creating group tempest-GroupsV320Test-Group-1170252476.
2026-01-23 18:27:44.315 72 INFO cinder.volume.api [None req-20950e47-e6c0-4f95-8bdd-d57539f5c71e a0e858d2390b495fa171d17a831b54ee c10a34a2b4fa4ba4bf7692bf98730694 - - default default] Availability Zones retrieved successfully.
2026-01-23 18:27:44.454 72 INFO cinder.api.openstack.wsgi [None req-20950e47-e6c0-4f95-8bdd-d57539f5c71e a0e858d2390b495fa171d17a831b54ee c10a34a2b4fa4ba4bf7692bf98730694 - - default default] http://[LB_IP_ADDRESS]:8776/v3/c10a34a2b4fa4ba4bf7692bf98730694/groups returned with HTTP 202
2026-01-23 18:27:44.467 76 INFO cinder.api.openstack.wsgi [None req-524ac6bc-87a8-4133-9195-016dcfc6b876 a0e858d2390b495fa171d17a831b54ee c10a34a2b4fa4ba4bf7692bf98730694 - - default default] GET http://[LB_IP_ADDRESS]:8776/v3/c10a34a2b4fa4ba4bf7692bf98730694/groups/565865a7-b289-4cbb-9bf9-daf5d9646df8
2026-01-23 18:27:44.485 76 INFO cinder.api.openstack.wsgi [None req-524ac6bc-87a8-4133-9195-016dcfc6b876 a0e858d2390b495fa171d17a831b54ee c10a34a2b4fa4ba4bf7692bf98730694 - - default default] http://[LB_IP_ADDRESS]:8776/v3/c10a34a2b4fa4ba4bf7692bf98730694/groups/565865a7-b289-4cbb-9bf9-daf5d9646df8 returned with HTTP 200
2026-01-23 18:27:44.660 74 INFO cinder.api.openstack.wsgi [None req-c4b48c67-cfc1-4534-969b-efd8554cad26 9e69a44524554a5bbee1bf1ce907eb90 b6381196103e40d4946d24f3b378c60e - - default default] GET http://[LB_IP_ADDRESS]:8776/v3/b6381196103e40d4946d24f3b378c60e/volumes/a4d47085-bd45-4129-a7e4-5ebd85968568
2026-01-23 18:27:44.672 74 INFO cinder.api.openstack.wsgi [None req-c4b48c67-cfc1-4534-969b-efd8554cad26 9e69a44524554a5bbee1bf1ce907eb90 b6381196103e40d4946d24f3b378c60e - - default default] http://[LB_IP_ADDRESS]:8776/v3/b6381196103e40d4946d24f3b378c60e/volumes/a4d47085-bd45-4129-a7e4-5ebd85968568 returned with HTTP 404
2026-01-23 18:27:44.680 73 INFO cinder.api.openstack.wsgi [None req-88dcfacd-2071-4be5-ba8f-b34ba71db38e 9e69a44524554a5bbee1bf1ce907eb90 b6381196103e40d4946d24f3b378c60e - - default default] DELETE http://[LB_IP_ADDRESS]:8776/v3/b6381196103e40d4946d24f3b378c60e/volumes/24575f26-fa8d-4453-804e-ade974e87109
2026-01-23 18:27:44.681 73 INFO cinder.api.v3.volumes [None req-88dcfacd-2071-4be5-ba8f-b34ba71db38e 9e69a44524554a5bbee1bf1ce907eb90 b6381196103e40d4946d24f3b378c60e - - default default] Delete volume with id: 24575f26-fa8d-4453-804e-ade974e87109 
