Build Started 07_02_2025_22_05_52
2025-02-07 22:06:52.339 21 INFO cinder.api.openstack.wsgi [None req-a2f947f8-7565-4838-9917-c4bd7ee7e966 04991d75065340c0bc833e1da2451ad5 53d2b7be4c274c30a62790d913d4c728 - - default default] GET http://[LB_IP_ADDRESS]:8776/v3/53d2b7be4c274c30a62790d913d4c728/volumes/detail
2025-02-07 22:06:52.375 21 INFO cinder.volume.api [None req-a2f947f8-7565-4838-9917-c4bd7ee7e966 04991d75065340c0bc833e1da2451ad5 53d2b7be4c274c30a62790d913d4c728 - - default default] Get all volumes completed successfully.
2025-02-07 22:06:52.380 21 INFO cinder.api.openstack.wsgi [None req-a2f947f8-7565-4838-9917-c4bd7ee7e966 04991d75065340c0bc833e1da2451ad5 53d2b7be4c274c30a62790d913d4c728 - - default default] http://[LB_IP_ADDRESS]:8776/v3/53d2b7be4c274c30a62790d913d4c728/volumes/detail returned with HTTP 200
2025-02-07 22:06:52.399 24 INFO cinder.api.openstack.wsgi [req-a2f947f8-7565-4838-9917-c4bd7ee7e966 req-d74916fb-fca0-4eb0-bc72-8f5a143f4e7a 04991d75065340c0bc833e1da2451ad5 53d2b7be4c274c30a62790d913d4c728 - - default default] GET http://[LB_IP_ADDRESS]:8776/v3/53d2b7be4c274c30a62790d913d4c728/snapshots/detail?all_tenants=True
2025-02-07 22:06:52.430 24 INFO cinder.volume.api [req-a2f947f8-7565-4838-9917-c4bd7ee7e966 req-d74916fb-fca0-4eb0-bc72-8f5a143f4e7a 04991d75065340c0bc833e1da2451ad5 53d2b7be4c274c30a62790d913d4c728 - - default default] Get all snapshots completed successfully.
2025-02-07 22:06:52.433 24 INFO cinder.api.openstack.wsgi [req-a2f947f8-7565-4838-9917-c4bd7ee7e966 req-d74916fb-fca0-4eb0-bc72-8f5a143f4e7a 04991d75065340c0bc833e1da2451ad5 53d2b7be4c274c30a62790d913d4c728 - - default default] http://[LB_IP_ADDRESS]:8776/v3/53d2b7be4c274c30a62790d913d4c728/snapshots/detail?all_tenants=True returned with HTTP 200
2025-02-07 22:06:54.359 25 INFO cinder.api.openstack.wsgi [None req-c9998320-8018-4615-aecd-02b023f40902 04991d75065340c0bc833e1da2451ad5 53d2b7be4c274c30a62790d913d4c728 - - default default] GET http://[LB_IP_ADDRESS]:8776/v3/53d2b7be4c274c30a62790d913d4c728/volumes/detail?all_tenants=True
2025-02-07 22:06:54.389 25 INFO cinder.volume.api [None req-c9998320-8018-4615-aecd-02b023f40902 04991d75065340c0bc833e1da2451ad5 53d2b7be4c274c30a62790d913d4c728 - - default default] Get all volumes completed successfully.
2025-02-07 22:06:54.395 25 INFO cinder.api.openstack.wsgi [None req-c9998320-8018-4615-aecd-02b023f40902 04991d75065340c0bc833e1da2451ad5 53d2b7be4c274c30a62790d913d4c728 - - default default] http://[LB_IP_ADDRESS]:8776/v3/53d2b7be4c274c30a62790d913d4c728/volumes/detail?all_tenants=True returned with HTTP 200
2025-02-07 22:06:56.316 23 INFO cinder.api.openstack.wsgi [None req-60ab49b8-59cb-4b34-9812-77c56dedbbda 04991d75065340c0bc833e1da2451ad5 53d2b7be4c274c30a62790d913d4c728 - - default default] GET http://[LB_IP_ADDRESS]:8776/v3/53d2b7be4c274c30a62790d913d4c728/types?is_public=None
2025-02-07 22:06:56.346 23 INFO cinder.api.openstack.wsgi [None req-60ab49b8-59cb-4b34-9812-77c56dedbbda 04991d75065340c0bc833e1da2451ad5 53d2b7be4c274c30a62790d913d4c728 - - default default] http://[LB_IP_ADDRESS]:8776/v3/53d2b7be4c274c30a62790d913d4c728/types?is_public=None returned with HTTP 200
2025-02-07 22:07:03.530 22 INFO cinder.api.openstack.wsgi [None req-bdd55369-de13-43a4-b3c2-01a4eaba951d 04991d75065340c0bc833e1da2451ad5 53d2b7be4c274c30a62790d913d4c728 - - default default] GET http://[LB_IP_ADDRESS]:8776/v3/53d2b7be4c274c30a62790d913d4c728/snapshots
2025-02-07 22:07:03.565 22 INFO cinder.volume.api [None req-bdd55369-de13-43a4-b3c2-01a4eaba951d 04991d75065340c0bc833e1da2451ad5 53d2b7be4c274c30a62790d913d4c728 - - default default] Get all snapshots completed successfully.
2025-02-07 22:07:03.566 22 INFO cinder.api.openstack.wsgi [None req-bdd55369-de13-43a4-b3c2-01a4eaba951d 04991d75065340c0bc833e1da2451ad5 53d2b7be4c274c30a62790d913d4c728 - - default default] http://[LB_IP_ADDRESS]:8776/v3/53d2b7be4c274c30a62790d913d4c728/snapshots returned with HTTP 200
2025-02-07 22:07:03.592 21 INFO cinder.api.openstack.wsgi [None req-936403a6-982a-4a7d-ace4-a0abacb2abe5 04991d75065340c0bc833e1da2451ad5 53d2b7be4c274c30a62790d913d4c728 - - default default] GET http://[LB_IP_ADDRESS]:8776/v3/53d2b7be4c274c30a62790d913d4c728/volumes
2025-02-07 22:07:03.645 21 INFO cinder.volume.api [None req-936403a6-982a-4a7d-ace4-a0abacb2abe5 04991d75065340c0bc833e1da2451ad5 53d2b7be4c274c30a62790d913d4c728 - - default default] Get all volumes completed successfully.
2025-02-07 22:07:03.648 21 INFO cinder.api.openstack.wsgi [None req-936403a6-982a-4a7d-ace4-a0abacb2abe5 04991d75065340c0bc833e1da2451ad5 53d2b7be4c274c30a62790d913d4c728 - - default default] http://[LB_IP_ADDRESS]:8776/v3/53d2b7be4c274c30a62790d913d4c728/volumes returned with HTTP 200
2025-02-07 22:07:08.006 24 INFO cinder.api.openstack.wsgi [None req-6db14672-05a6-4c29-bef3-23b9c7fd9706 - - - - - -] GET http://[LB_IP_ADDRESS]:8776/
2025-02-07 22:07:08.007 24 INFO cinder.api.openstack.wsgi [None req-6db14672-05a6-4c29-bef3-23b9c7fd9706 - - - - - -] http://[LB_IP_ADDRESS]:8776/ returned with HTTP 300
2025-02-07 22:07:10.736 25 INFO cinder.api.openstack.wsgi [req-8116b5cc-bc09-44b2-bc79-6bc13b2b4a35 req-bf8898db-d440-41a8-b26d-4cc951f26619 0c8e12e5c3fd480bafe139d7fa556692 4e37e231cc714200b544940deeb6f7c0 - - default default] POST http://[LB_IP_ADDRESS]:8776/v3/4e37e231cc714200b544940deeb6f7c0/volumes
2025-02-07 22:07:10.744 25 INFO cinder.api.v3.volumes [req-8116b5cc-bc09-44b2-bc79-6bc13b2b4a35 req-bf8898db-d440-41a8-b26d-4cc951f26619 0c8e12e5c3fd480bafe139d7fa556692 4e37e231cc714200b544940deeb6f7c0 - - default default] Create volume of 1 GB
2025-02-07 22:07:10.761 25 INFO cinder.volume.api [req-8116b5cc-bc09-44b2-bc79-6bc13b2b4a35 req-bf8898db-d440-41a8-b26d-4cc951f26619 0c8e12e5c3fd480bafe139d7fa556692 4e37e231cc714200b544940deeb6f7c0 - - default default] Availability Zones retrieved successfully.
2025-02-07 22:07:10.773 22 INFO cinder.api.openstack.wsgi [req-2a153943-05a9-4c87-99a9-0a0d92da4f0a req-d022f12f-410d-42fe-9c7b-09a30d54ffab 542b3a2348cd4af1afa7bf6e4ee778ae 91b8cc5eb75c4b44b3abdc585706da3b - - default default] DELETE http://[LB_IP_ADDRESS]:8776/v3/91b8cc5eb75c4b44b3abdc585706da3b/volumes/tempest-invalid-950237668
2025-02-07 22:07:10.774 22 INFO cinder.api.v3.volumes [req-2a153943-05a9-4c87-99a9-0a0d92da4f0a req-d022f12f-410d-42fe-9c7b-09a30d54ffab 542b3a2348cd4af1afa7bf6e4ee778ae 91b8cc5eb75c4b44b3abdc585706da3b - - default default] Delete volume with id: tempest-invalid-950237668 
2025-02-07 22:07:10.782 23 INFO cinder.api.openstack.wsgi [req-b391eb11-0097-46e2-8345-06bc8bb9b167 req-06e38b20-ba66-4a38-8029-bd9e4f31126c 8f6b6a75565b446ba8e19a7559f6f272 8dcd2d8953fc42199f79e0ac2cb0f773 - - default default] POST http://[LB_IP_ADDRESS]:8776/v3/8dcd2d8953fc42199f79e0ac2cb0f773/volumes
2025-02-07 22:07:10.788 23 INFO cinder.api.v3.volumes [req-b391eb11-0097-46e2-8345-06bc8bb9b167 req-06e38b20-ba66-4a38-8029-bd9e4f31126c 8f6b6a75565b446ba8e19a7559f6f272 8dcd2d8953fc42199f79e0ac2cb0f773 - - default default] Create volume of 1 GB
2025-02-07 22:07:10.789 22 INFO cinder.api.openstack.wsgi [req-2a153943-05a9-4c87-99a9-0a0d92da4f0a req-d022f12f-410d-42fe-9c7b-09a30d54ffab 542b3a2348cd4af1afa7bf6e4ee778ae 91b8cc5eb75c4b44b3abdc585706da3b - - default default] http://[LB_IP_ADDRESS]:8776/v3/91b8cc5eb75c4b44b3abdc585706da3b/volumes/tempest-invalid-950237668 returned with HTTP 404
2025-02-07 22:07:10.801 23 INFO cinder.volume.api [req-b391eb11-0097-46e2-8345-06bc8bb9b167 req-06e38b20-ba66-4a38-8029-bd9e4f31126c 8f6b6a75565b446ba8e19a7559f6f272 8dcd2d8953fc42199f79e0ac2cb0f773 - - default default] Availability Zones retrieved successfully.
2025-02-07 22:07:10.844 21 INFO cinder.api.openstack.wsgi [req-3c6a294f-0e6d-4db0-bfcc-db429fd025ca req-520ec6c0-a9f1-426c-b254-121ebbec1f54 542b3a2348cd4af1afa7bf6e4ee778ae 91b8cc5eb75c4b44b3abdc585706da3b - - default default] DELETE http://[LB_IP_ADDRESS]:8776/v3/91b8cc5eb75c4b44b3abdc585706da3b/volumes/7de69901-2cbf-4889-90ff-988830dd8296
2025-02-07 22:07:10.845 21 INFO cinder.api.v3.volumes [req-3c6a294f-0e6d-4db0-bfcc-db429fd025ca req-520ec6c0-a9f1-426c-b254-121ebbec1f54 542b3a2348cd4af1afa7bf6e4ee778ae 91b8cc5eb75c4b44b3abdc585706da3b - - default default] Delete volume with id: 7de69901-2cbf-4889-90ff-988830dd8296 
2025-02-07 22:07:10.859 21 INFO cinder.api.openstack.wsgi [req-3c6a294f-0e6d-4db0-bfcc-db429fd025ca req-520ec6c0-a9f1-426c-b254-121ebbec1f54 542b3a2348cd4af1afa7bf6e4ee778ae 91b8cc5eb75c4b44b3abdc585706da3b - - default default] http://[LB_IP_ADDRESS]:8776/v3/91b8cc5eb75c4b44b3abdc585706da3b/volumes/7de69901-2cbf-4889-90ff-988830dd8296 returned with HTTP 404
2025-02-07 22:07:10.954 25 INFO cinder.volume.api [req-8116b5cc-bc09-44b2-bc79-6bc13b2b4a35 req-bf8898db-d440-41a8-b26d-4cc951f26619 0c8e12e5c3fd480bafe139d7fa556692 4e37e231cc714200b544940deeb6f7c0 - - default default] Create volume request issued successfully.
2025-02-07 22:07:10.956 25 INFO cinder.api.openstack.wsgi [req-8116b5cc-bc09-44b2-bc79-6bc13b2b4a35 req-bf8898db-d440-41a8-b26d-4cc951f26619 0c8e12e5c3fd480bafe139d7fa556692 4e37e231cc714200b544940deeb6f7c0 - - default default] http://[LB_IP_ADDRESS]:8776/v3/4e37e231cc714200b544940deeb6f7c0/volumes returned with HTTP 202
2025-02-07 22:07:10.959 24 INFO cinder.api.openstack.wsgi [req-abcaaedd-d565-436a-a854-33102b21d6f0 req-c439684d-e609-457d-a52d-684e41ebaba8 542b3a2348cd4af1afa7bf6e4ee778ae 91b8cc5eb75c4b44b3abdc585706da3b - - default default] GET http://[LB_IP_ADDRESS]:8776/v3/91b8cc5eb75c4b44b3abdc585706da3b/volumes/eced5a23-3070-49d2-ad95-97506b677062
2025-02-07 22:07:10.971 22 INFO cinder.api.openstack.wsgi [req-8116b5cc-bc09-44b2-bc79-6bc13b2b4a35 req-c474c846-8ddd-48a6-8a96-112f5b0387f9 0c8e12e5c3fd480bafe139d7fa556692 4e37e231cc714200b544940deeb6f7c0 - - default default] GET http://[LB_IP_ADDRESS]:8776/v3/4e37e231cc714200b544940deeb6f7c0/volumes/ceb3cf09-c164-4eab-9517-ab2e7fbf576b
2025-02-07 22:07:10.988 24 INFO cinder.api.openstack.wsgi [req-abcaaedd-d565-436a-a854-33102b21d6f0 req-c439684d-e609-457d-a52d-684e41ebaba8 542b3a2348cd4af1afa7bf6e4ee778ae 91b8cc5eb75c4b44b3abdc585706da3b - - default default] http://[LB_IP_ADDRESS]:8776/v3/91b8cc5eb75c4b44b3abdc585706da3b/volumes/eced5a23-3070-49d2-ad95-97506b677062 returned with HTTP 404
2025-02-07 22:07:10.999 22 INFO cinder.volume.api [req-8116b5cc-bc09-44b2-bc79-6bc13b2b4a35 req-c474c846-8ddd-48a6-8a96-112f5b0387f9 0c8e12e5c3fd480bafe139d7fa556692 4e37e231cc714200b544940deeb6f7c0 - - default default] Volume info retrieved successfully.
2025-02-07 22:07:11.008 22 INFO cinder.api.openstack.wsgi [req-8116b5cc-bc09-44b2-bc79-6bc13b2b4a35 req-c474c846-8ddd-48a6-8a96-112f5b0387f9 0c8e12e5c3fd480bafe139d7fa556692 4e37e231cc714200b544940deeb6f7c0 - - default default] http://[LB_IP_ADDRESS]:8776/v3/4e37e231cc714200b544940deeb6f7c0/volumes/ceb3cf09-c164-4eab-9517-ab2e7fbf576b returned with HTTP 200
2025-02-07 22:07:11.013 23 INFO cinder.volume.api [req-b391eb11-0097-46e2-8345-06bc8bb9b167 req-06e38b20-ba66-4a38-8029-bd9e4f31126c 8f6b6a75565b446ba8e19a7559f6f272 8dcd2d8953fc42199f79e0ac2cb0f773 - - default default] Create volume request issued successfully.
2025-02-07 22:07:11.015 23 INFO cinder.api.openstack.wsgi [req-b391eb11-0097-46e2-8345-06bc8bb9b167 req-06e38b20-ba66-4a38-8029-bd9e4f31126c 8f6b6a75565b446ba8e19a7559f6f272 8dcd2d8953fc42199f79e0ac2cb0f773 - - default default] http://[LB_IP_ADDRESS]:8776/v3/8dcd2d8953fc42199f79e0ac2cb0f773/volumes returned with HTTP 202
2025-02-07 22:07:11.031 21 INFO cinder.api.openstack.wsgi [req-b391eb11-0097-46e2-8345-06bc8bb9b167 req-95ca12d6-53ba-414e-8781-1bade00caeed 8f6b6a75565b446ba8e19a7559f6f272 8dcd2d8953fc42199f79e0ac2cb0f773 - - default default] GET http://[LB_IP_ADDRESS]:8776/v3/8dcd2d8953fc42199f79e0ac2cb0f773/volumes/1e81fc0f-19d8-4eea-a114-d3629ab94ba7
2025-02-07 22:07:11.063 21 INFO cinder.volume.api [req-b391eb11-0097-46e2-8345-06bc8bb9b167 req-95ca12d6-53ba-414e-8781-1bade00caeed 8f6b6a75565b446ba8e19a7559f6f272 8dcd2d8953fc42199f79e0ac2cb0f773 - - default default] Volume info retrieved successfully.
2025-02-07 22:07:11.074 21 INFO cinder.api.openstack.wsgi [req-b391eb11-0097-46e2-8345-06bc8bb9b167 req-95ca12d6-53ba-414e-8781-1bade00caeed 8f6b6a75565b446ba8e19a7559f6f272 8dcd2d8953fc42199f79e0ac2cb0f773 - - default default] http://[LB_IP_ADDRESS]:8776/v3/8dcd2d8953fc42199f79e0ac2cb0f773/volumes/1e81fc0f-19d8-4eea-a114-d3629ab94ba7 returned with HTTP 200
2025-02-07 22:07:11.099 25 INFO cinder.api.openstack.wsgi [req-e64990e3-d7de-41bc-9de8-2518959a72c6 req-f012381f-53af-4c8c-ae71-903288df670f 0c8e12e5c3fd480bafe139d7fa556692 4e37e231cc714200b544940deeb6f7c0 - - default default] GET http://[LB_IP_ADDRESS]:8776/v3/4e37e231cc714200b544940deeb6f7c0/volumes/ceb3cf09-c164-4eab-9517-ab2e7fbf576b
2025-02-07 22:07:11.119 24 INFO cinder.api.openstack.wsgi [req-ef3ef854-3dc1-4505-8575-1cde7b306f4e req-33b430dc-5615-42f5-bc93-e758608671df 8f6b6a75565b446ba8e19a7559f6f272 8dcd2d8953fc42199f79e0ac2cb0f773 - - default default] GET http://[LB_IP_ADDRESS]:8776/v3/8dcd2d8953fc42199f79e0ac2cb0f773/volumes/1e81fc0f-19d8-4eea-a114-d3629ab94ba7
2025-02-07 22:07:11.129 25 INFO cinder.volume.api [req-e64990e3-d7de-41bc-9de8-2518959a72c6 req-f012381f-53af-4c8c-ae71-903288df670f 0c8e12e5c3fd480bafe139d7fa556692 4e37e231cc714200b544940deeb6f7c0 - - default default] Volume info retrieved successfully.
2025-02-07 22:07:11.139 25 INFO cinder.api.openstack.wsgi [req-e64990e3-d7de-41bc-9de8-2518959a72c6 req-f012381f-53af-4c8c-ae71-903288df670f 0c8e12e5c3fd480bafe139d7fa556692 4e37e231cc714200b544940deeb6f7c0 - - default default] http://[LB_IP_ADDRESS]:8776/v3/4e37e231cc714200b544940deeb6f7c0/volumes/ceb3cf09-c164-4eab-9517-ab2e7fbf576b returned with HTTP 200
2025-02-07 22:07:11.143 24 INFO cinder.volume.api [req-ef3ef854-3dc1-4505-8575-1cde7b306f4e req-33b430dc-5615-42f5-bc93-e758608671df 8f6b6a75565b446ba8e19a7559f6f272 8dcd2d8953fc42199f79e0ac2cb0f773 - - default default] Volume info retrieved successfully.
2025-02-07 22:07:11.152 24 INFO cinder.api.openstack.wsgi [req-ef3ef854-3dc1-4505-8575-1cde7b306f4e req-33b430dc-5615-42f5-bc93-e758608671df 8f6b6a75565b446ba8e19a7559f6f272 8dcd2d8953fc42199f79e0ac2cb0f773 - - default default] http://[LB_IP_ADDRESS]:8776/v3/8dcd2d8953fc42199f79e0ac2cb0f773/volumes/1e81fc0f-19d8-4eea-a114-d3629ab94ba7 returned with HTTP 200
2025-02-07 22:07:12.181 22 INFO cinder.api.openstack.wsgi [req-fdb6a05d-382c-4592-ad7a-9cd448ffb0a3 req-0ed0e394-33ef-4e10-95d3-67e2adb2e96d 0c8e12e5c3fd480bafe139d7fa556692 4e37e231cc714200b544940deeb6f7c0 - - default default] GET http://[LB_IP_ADDRESS]:8776/v3/4e37e231cc714200b544940deeb6f7c0/volumes/ceb3cf09-c164-4eab-9517-ab2e7fbf576b
2025-02-07 22:07:12.194 23 INFO cinder.api.openstack.wsgi [req-f058a16d-ae4c-40ca-ae0f-a36328cbf31f req-0112044a-ae08-474c-9c6b-7af8c7930db1 8f6b6a75565b446ba8e19a7559f6f272 8dcd2d8953fc42199f79e0ac2cb0f773 - - default default] GET http://[LB_IP_ADDRESS]:8776/v3/8dcd2d8953fc42199f79e0ac2cb0f773/volumes/1e81fc0f-19d8-4eea-a114-d3629ab94ba7
2025-02-07 22:07:12.206 22 INFO cinder.volume.api [req-fdb6a05d-382c-4592-ad7a-9cd448ffb0a3 req-0ed0e394-33ef-4e10-95d3-67e2adb2e96d 0c8e12e5c3fd480bafe139d7fa556692 4e37e231cc714200b544940deeb6f7c0 - - default default] Volume info retrieved successfully.
2025-02-07 22:07:12.214 22 INFO cinder.api.openstack.wsgi [req-fdb6a05d-382c-4592-ad7a-9cd448ffb0a3 req-0ed0e394-33ef-4e10-95d3-67e2adb2e96d 0c8e12e5c3fd480bafe139d7fa556692 4e37e231cc714200b544940deeb6f7c0 - - default default] http://[LB_IP_ADDRESS]:8776/v3/4e37e231cc714200b544940deeb6f7c0/volumes/ceb3cf09-c164-4eab-9517-ab2e7fbf576b returned with HTTP 200
2025-02-07 22:07:12.218 23 INFO cinder.volume.api [req-f058a16d-ae4c-40ca-ae0f-a36328cbf31f req-0112044a-ae08-474c-9c6b-7af8c7930db1 8f6b6a75565b446ba8e19a7559f6f272 8dcd2d8953fc42199f79e0ac2cb0f773 - - default default] Volume info retrieved successfully.
2025-02-07 22:07:12.227 23 INFO cinder.api.openstack.wsgi [req-f058a16d-ae4c-40ca-ae0f-a36328cbf31f req-0112044a-ae08-474c-9c6b-7af8c7930db1 8f6b6a75565b446ba8e19a7559f6f272 8dcd2d8953fc42199f79e0ac2cb0f773 - - default default] http://[LB_IP_ADDRESS]:8776/v3/8dcd2d8953fc42199f79e0ac2cb0f773/volumes/1e81fc0f-19d8-4eea-a114-d3629ab94ba7 returned with HTTP 200
2025-02-07 22:07:13.260 21 INFO cinder.api.openstack.wsgi [req-95ce95c6-261d-493a-939c-4562f540acc5 req-2cd6ca16-cfa6-4060-83b2-02168d814e2e 0c8e12e5c3fd480bafe139d7fa556692 4e37e231cc714200b544940deeb6f7c0 - - default default] GET http://[LB_IP_ADDRESS]:8776/v3/4e37e231cc714200b544940deeb6f7c0/volumes/ceb3cf09-c164-4eab-9517-ab2e7fbf576b
2025-02-07 22:07:13.275 25 INFO cinder.api.openstack.wsgi [req-588554d1-d176-4f2b-aa0d-e0efa6a0108c req-3461e89c-9c97-478a-a240-2665f35d9f9a 8f6b6a75565b446ba8e19a7559f6f272 8dcd2d8953fc42199f79e0ac2cb0f773 - - default default] GET http://[LB_IP_ADDRESS]:8776/v3/8dcd2d8953fc42199f79e0ac2cb0f773/volumes/1e81fc0f-19d8-4eea-a114-d3629ab94ba7
2025-02-07 22:07:13.284 21 INFO cinder.volume.api [req-95ce95c6-261d-493a-939c-4562f540acc5 req-2cd6ca16-cfa6-4060-83b2-02168d814e2e 0c8e12e5c3fd480bafe139d7fa556692 4e37e231cc714200b544940deeb6f7c0 - - default default] Volume info retrieved successfully.
2025-02-07 22:07:13.293 21 INFO cinder.api.openstack.wsgi [req-95ce95c6-261d-493a-939c-4562f540acc5 req-2cd6ca16-cfa6-4060-83b2-02168d814e2e 0c8e12e5c3fd480bafe139d7fa556692 4e37e231cc714200b544940deeb6f7c0 - - default default] http://[LB_IP_ADDRESS]:8776/v3/4e37e231cc714200b544940deeb6f7c0/volumes/ceb3cf09-c164-4eab-9517-ab2e7fbf576b returned with HTTP 200
2025-02-07 22:07:13.300 25 INFO cinder.volume.api [req-588554d1-d176-4f2b-aa0d-e0efa6a0108c req-3461e89c-9c97-478a-a240-2665f35d9f9a 8f6b6a75565b446ba8e19a7559f6f272 8dcd2d8953fc42199f79e0ac2cb0f773 - - default default] Volume info retrieved successfully.
2025-02-07 22:07:13.308 25 INFO cinder.api.openstack.wsgi [req-588554d1-d176-4f2b-aa0d-e0efa6a0108c req-3461e89c-9c97-478a-a240-2665f35d9f9a 8f6b6a75565b446ba8e19a7559f6f272 8dcd2d8953fc42199f79e0ac2cb0f773 - - default default] http://[LB_IP_ADDRESS]:8776/v3/8dcd2d8953fc42199f79e0ac2cb0f773/volumes/1e81fc0f-19d8-4eea-a114-d3629ab94ba7 returned with HTTP 200
2025-02-07 22:07:13.330 24 INFO cinder.api.openstack.wsgi [req-701f81a5-8a01-4c9f-9358-243b31e2a537 req-2d5b966d-eb0e-4743-a777-fff4987f4c0a 0c8e12e5c3fd480bafe139d7fa556692 4e37e231cc714200b544940deeb6f7c0 - - default default] GET http://[LB_IP_ADDRESS]:8776/v3/4e37e231cc714200b544940deeb6f7c0/volumes/ceb3cf09-c164-4eab-9517-ab2e7fbf576b
2025-02-07 22:07:13.352 22 INFO cinder.api.openstack.wsgi [req-fe143f6f-55d6-416a-9524-84addf34eb1a req-259dd08f-bdfb-4747-85b9-d66fb620e8c3 8f6b6a75565b446ba8e19a7559f6f272 8dcd2d8953fc42199f79e0ac2cb0f773 - - default default] POST http://[LB_IP_ADDRESS]:8776/v3/8dcd2d8953fc42199f79e0ac2cb0f773/snapshots
2025-02-07 22:07:13.354 24 INFO cinder.volume.api [req-701f81a5-8a01-4c9f-9358-243b31e2a537 req-2d5b966d-eb0e-4743-a777-fff4987f4c0a 0c8e12e5c3fd480bafe139d7fa556692 4e37e231cc714200b544940deeb6f7c0 - - default default] Volume info retrieved successfully.
2025-02-07 22:07:13.363 24 INFO cinder.api.openstack.wsgi [req-701f81a5-8a01-4c9f-9358-243b31e2a537 req-2d5b966d-eb0e-4743-a777-fff4987f4c0a 0c8e12e5c3fd480bafe139d7fa556692 4e37e231cc714200b544940deeb6f7c0 - - default default] http://[LB_IP_ADDRESS]:8776/v3/4e37e231cc714200b544940deeb6f7c0/volumes/ceb3cf09-c164-4eab-9517-ab2e7fbf576b returned with HTTP 200
2025-02-07 22:07:13.375 22 INFO cinder.volume.api [req-fe143f6f-55d6-416a-9524-84addf34eb1a req-259dd08f-bdfb-4747-85b9-d66fb620e8c3 8f6b6a75565b446ba8e19a7559f6f272 8dcd2d8953fc42199f79e0ac2cb0f773 - - default default] Volume info retrieved successfully.
2025-02-07 22:07:13.376 22 INFO cinder.api.v3.snapshots [req-fe143f6f-55d6-416a-9524-84addf34eb1a req-259dd08f-bdfb-4747-85b9-d66fb620e8c3 8f6b6a75565b446ba8e19a7559f6f272 8dcd2d8953fc42199f79e0ac2cb0f773 - - default default] Create snapshot from volume 1e81fc0f-19d8-4eea-a114-d3629ab94ba7
2025-02-07 22:07:13.404 23 INFO cinder.api.openstack.wsgi [req-dc92ad8d-3aa2-4795-9f38-f385fc364b75 req-e487d5d1-fa81-4149-9404-3f3148248f5c 0c8e12e5c3fd480bafe139d7fa556692 4e37e231cc714200b544940deeb6f7c0 - - default default] DELETE http://[LB_IP_ADDRESS]:8776/v3/4e37e231cc714200b544940deeb6f7c0/volumes/ceb3cf09-c164-4eab-9517-ab2e7fbf576b
2025-02-07 22:07:13.405 23 INFO cinder.api.v3.volumes [req-dc92ad8d-3aa2-4795-9f38-f385fc364b75 req-e487d5d1-fa81-4149-9404-3f3148248f5c 0c8e12e5c3fd480bafe139d7fa556692 4e37e231cc714200b544940deeb6f7c0 - - default default] Delete volume with id: ceb3cf09-c164-4eab-9517-ab2e7fbf576b 
2025-02-07 22:07:13.418 23 INFO cinder.volume.api [req-dc92ad8d-3aa2-4795-9f38-f385fc364b75 req-e487d5d1-fa81-4149-9404-3f3148248f5c 0c8e12e5c3fd480bafe139d7fa556692 4e37e231cc714200b544940deeb6f7c0 - - default default] Volume info retrieved successfully.
2025-02-07 22:07:13.444 23 INFO cinder.volume.api [req-dc92ad8d-3aa2-4795-9f38-f385fc364b75 req-e487d5d1-fa81-4149-9404-3f3148248f5c 0c8e12e5c3fd480bafe139d7fa556692 4e37e231cc714200b544940deeb6f7c0 - - default default] Delete volume request issued successfully.
2025-02-07 22:07:13.445 23 INFO cinder.api.openstack.wsgi [req-dc92ad8d-3aa2-4795-9f38-f385fc364b75 req-e487d5d1-fa81-4149-9404-3f3148248f5c 0c8e12e5c3fd480bafe139d7fa556692 4e37e231cc714200b544940deeb6f7c0 - - default default] http://[LB_IP_ADDRESS]:8776/v3/4e37e231cc714200b544940deeb6f7c0/volumes/ceb3cf09-c164-4eab-9517-ab2e7fbf576b returned with HTTP 202
2025-02-07 22:07:13.475 21 INFO cinder.api.openstack.wsgi [req-1c2da731-4241-459b-a0da-63c6385156fe req-633e2cdb-cfe2-49b2-b25c-e7cc11f27469 0c8e12e5c3fd480bafe139d7fa556692 4e37e231cc714200b544940deeb6f7c0 - - default default] GET http://[LB_IP_ADDRESS]:8776/v3/4e37e231cc714200b544940deeb6f7c0/volumes/ceb3cf09-c164-4eab-9517-ab2e7fbf576b
2025-02-07 22:07:13.500 21 INFO cinder.volume.api [req-1c2da731-4241-459b-a0da-63c6385156fe req-633e2cdb-cfe2-49b2-b25c-e7cc11f27469 0c8e12e5c3fd480bafe139d7fa556692 4e37e231cc714200b544940deeb6f7c0 - - default default] Volume info retrieved successfully.
2025-02-07 22:07:13.507 22 INFO cinder.volume.api [req-fe143f6f-55d6-416a-9524-84addf34eb1a req-259dd08f-bdfb-4747-85b9-d66fb620e8c3 8f6b6a75565b446ba8e19a7559f6f272 8dcd2d8953fc42199f79e0ac2cb0f773 - - default default] Snapshot create request issued successfully.
2025-02-07 22:07:13.508 22 INFO cinder.api.openstack.wsgi [req-fe143f6f-55d6-416a-9524-84addf34eb1a req-259dd08f-bdfb-4747-85b9-d66fb620e8c3 8f6b6a75565b446ba8e19a7559f6f272 8dcd2d8953fc42199f79e0ac2cb0f773 - - default default] http://[LB_IP_ADDRESS]:8776/v3/8dcd2d8953fc42199f79e0ac2cb0f773/snapshots returned with HTTP 202
2025-02-07 22:07:13.509 21 INFO cinder.api.openstack.wsgi [req-1c2da731-4241-459b-a0da-63c6385156fe req-633e2cdb-cfe2-49b2-b25c-e7cc11f27469 0c8e12e5c3fd480bafe139d7fa556692 4e37e231cc714200b544940deeb6f7c0 - - default default] http://[LB_IP_ADDRESS]:8776/v3/4e37e231cc714200b544940deeb6f7c0/volumes/ceb3cf09-c164-4eab-9517-ab2e7fbf576b returned with HTTP 200
2025-02-07 22:07:13.552 25 INFO cinder.api.openstack.wsgi [req-1fa87f56-2a6a-4aea-a8e1-66ed3cda5597 req-9574596b-f205-40f8-870f-613c624b5e38 8f6b6a75565b446ba8e19a7559f6f272 8dcd2d8953fc42199f79e0ac2cb0f773 - - default default] GET http://[LB_IP_ADDRESS]:8776/v3/8dcd2d8953fc42199f79e0ac2cb0f773/snapshots/6e442fd1-7bfe-465f-978e-06c915e6a2d9
2025-02-07 22:07:13.567 25 INFO cinder.volume.api [req-1fa87f56-2a6a-4aea-a8e1-66ed3cda5597 req-9574596b-f205-40f8-870f-613c624b5e38 8f6b6a75565b446ba8e19a7559f6f272 8dcd2d8953fc42199f79e0ac2cb0f773 - - default default] Snapshot retrieved successfully.
2025-02-07 22:07:13.569 25 INFO cinder.api.openstack.wsgi [req-1fa87f56-2a6a-4aea-a8e1-66ed3cda5597 req-9574596b-f205-40f8-870f-613c624b5e38 8f6b6a75565b446ba8e19a7559f6f272 8dcd2d8953fc42199f79e0ac2cb0f773 - - default default] http://[LB_IP_ADDRESS]:8776/v3/8dcd2d8953fc42199f79e0ac2cb0f773/snapshots/6e442fd1-7bfe-465f-978e-06c915e6a2d9 returned with HTTP 200
2025-02-07 22:07:13.602 24 INFO cinder.api.openstack.wsgi [req-bd6b5c41-b7d5-42c2-b00c-e80a7db56722 req-3dd54e0f-6a6a-490a-b4b3-9a4e2ca85a80 8f6b6a75565b446ba8e19a7559f6f272 8dcd2d8953fc42199f79e0ac2cb0f773 - - default default] GET http://[LB_IP_ADDRESS]:8776/v3/8dcd2d8953fc42199f79e0ac2cb0f773/snapshots/detail
2025-02-07 22:07:13.611 24 INFO cinder.volume.api [req-bd6b5c41-b7d5-42c2-b00c-e80a7db56722 req-3dd54e0f-6a6a-490a-b4b3-9a4e2ca85a80 8f6b6a75565b446ba8e19a7559f6f272 8dcd2d8953fc42199f79e0ac2cb0f773 - - default default] Get all snapshots completed successfully.
2025-02-07 22:07:13.614 24 INFO cinder.api.openstack.wsgi [req-bd6b5c41-b7d5-42c2-b00c-e80a7db56722 req-3dd54e0f-6a6a-490a-b4b3-9a4e2ca85a80 8f6b6a75565b446ba8e19a7559f6f272 8dcd2d8953fc42199f79e0ac2cb0f773 - - default default] http://[LB_IP_ADDRESS]:8776/v3/8dcd2d8953fc42199f79e0ac2cb0f773/snapshots/detail returned with HTTP 200
2025-02-07 22:07:13.650 23 INFO cinder.api.openstack.wsgi [req-c149fab6-4743-471d-a8ea-8887e379d6e5 req-968f21d3-85f4-4c7c-98c6-a1c6fb90c1f0 8f6b6a75565b446ba8e19a7559f6f272 8dcd2d8953fc42199f79e0ac2cb0f773 - - default default] GET http://[LB_IP_ADDRESS]:8776/v3/8dcd2d8953fc42199f79e0ac2cb0f773/snapshots/6e442fd1-7bfe-465f-978e-06c915e6a2d9
2025-02-07 22:07:13.664 23 INFO cinder.volume.api [req-c149fab6-4743-471d-a8ea-8887e379d6e5 req-968f21d3-85f4-4c7c-98c6-a1c6fb90c1f0 8f6b6a75565b446ba8e19a7559f6f272 8dcd2d8953fc42199f79e0ac2cb0f773 - - default default] Snapshot retrieved successfully.
2025-02-07 22:07:13.666 23 INFO cinder.api.openstack.wsgi [req-c149fab6-4743-471d-a8ea-8887e379d6e5 req-968f21d3-85f4-4c7c-98c6-a1c6fb90c1f0 8f6b6a75565b446ba8e19a7559f6f272 8dcd2d8953fc42199f79e0ac2cb0f773 - - default default] http://[LB_IP_ADDRESS]:8776/v3/8dcd2d8953fc42199f79e0ac2cb0f773/snapshots/6e442fd1-7bfe-465f-978e-06c915e6a2d9 returned with HTTP 200
2025-02-07 22:07:14.548 22 INFO cinder.api.openstack.wsgi [req-9a859cf9-dc40-44ed-bc81-29c6817e8dac req-eb27bd6e-9675-4308-aa6f-a67efcb4ef06 0c8e12e5c3fd480bafe139d7fa556692 4e37e231cc714200b544940deeb6f7c0 - - default default] GET http://[LB_IP_ADDRESS]:8776/v3/4e37e231cc714200b544940deeb6f7c0/volumes/ceb3cf09-c164-4eab-9517-ab2e7fbf576b
2025-02-07 22:07:14.565 22 INFO cinder.api.openstack.wsgi [req-9a859cf9-dc40-44ed-bc81-29c6817e8dac req-eb27bd6e-9675-4308-aa6f-a67efcb4ef06 0c8e12e5c3fd480bafe139d7fa556692 4e37e231cc714200b544940deeb6f7c0 - - default default] http://[LB_IP_ADDRESS]:8776/v3/4e37e231cc714200b544940deeb6f7c0/volumes/ceb3cf09-c164-4eab-9517-ab2e7fbf576b returned with HTTP 404
2025-02-07 22:07:14.703 21 INFO cinder.api.openstack.wsgi [req-eccdd2fe-ec7e-475c-85e8-da25e0d1ab4e req-87d122a3-d93f-43cf-a8f0-a435cf5b0da0 8f6b6a75565b446ba8e19a7559f6f272 8dcd2d8953fc42199f79e0ac2cb0f773 - - default default] GET http://[LB_IP_ADDRESS]:8776/v3/8dcd2d8953fc42199f79e0ac2cb0f773/snapshots/6e442fd1-7bfe-465f-978e-06c915e6a2d9
2025-02-07 22:07:14.718 21 INFO cinder.volume.api [req-eccdd2fe-ec7e-475c-85e8-da25e0d1ab4e req-87d122a3-d93f-43cf-a8f0-a435cf5b0da0 8f6b6a75565b446ba8e19a7559f6f272 8dcd2d8953fc42199f79e0ac2cb0f773 - - default default] Snapshot retrieved successfully.
2025-02-07 22:07:14.720 21 INFO cinder.api.openstack.wsgi [req-eccdd2fe-ec7e-475c-85e8-da25e0d1ab4e req-87d122a3-d93f-43cf-a8f0-a435cf5b0da0 8f6b6a75565b446ba8e19a7559f6f272 8dcd2d8953fc42199f79e0ac2cb0f773 - - default default] http://[LB_IP_ADDRESS]:8776/v3/8dcd2d8953fc42199f79e0ac2cb0f773/snapshots/6e442fd1-7bfe-465f-978e-06c915e6a2d9 returned with HTTP 200
2025-02-07 22:07:15.756 25 INFO cinder.api.openstack.wsgi [req-f230f859-9fde-466e-9ac8-68bfe7910c96 req-2a681288-ca6f-45b9-9cac-7d966c3dfe78 8f6b6a75565b446ba8e19a7559f6f272 8dcd2d8953fc42199f79e0ac2cb0f773 - - default default] GET http://[LB_IP_ADDRESS]:8776/v3/8dcd2d8953fc42199f79e0ac2cb0f773/snapshots/6e442fd1-7bfe-465f-978e-06c915e6a2d9
2025-02-07 22:07:15.768 25 INFO cinder.volume.api [req-f230f859-9fde-466e-9ac8-68bfe7910c96 req-2a681288-ca6f-45b9-9cac-7d966c3dfe78 8f6b6a75565b446ba8e19a7559f6f272 8dcd2d8953fc42199f79e0ac2cb0f773 - - default default] Snapshot retrieved successfully.
2025-02-07 22:07:15.770 25 INFO cinder.api.openstack.wsgi [req-f230f859-9fde-466e-9ac8-68bfe7910c96 req-2a681288-ca6f-45b9-9cac-7d966c3dfe78 8f6b6a75565b446ba8e19a7559f6f272 8dcd2d8953fc42199f79e0ac2cb0f773 - - default default] http://[LB_IP_ADDRESS]:8776/v3/8dcd2d8953fc42199f79e0ac2cb0f773/snapshots/6e442fd1-7bfe-465f-978e-06c915e6a2d9 returned with HTTP 200
2025-02-07 22:07:15.803 24 INFO cinder.api.openstack.wsgi [req-7e47b7f9-29ce-418d-b9d7-5a542311da30 req-c2096bc8-6273-427a-9fb8-f3ee2928205f 8f6b6a75565b446ba8e19a7559f6f272 8dcd2d8953fc42199f79e0ac2cb0f773 - - default default] DELETE http://[LB_IP_ADDRESS]:8776/v3/8dcd2d8953fc42199f79e0ac2cb0f773/snapshots/6e442fd1-7bfe-465f-978e-06c915e6a2d9
2025-02-07 22:07:15.804 24 INFO cinder.api.v2.snapshots [req-7e47b7f9-29ce-418d-b9d7-5a542311da30 req-c2096bc8-6273-427a-9fb8-f3ee2928205f 8f6b6a75565b446ba8e19a7559f6f272 8dcd2d8953fc42199f79e0ac2cb0f773 - - default default] Delete snapshot with id: 6e442fd1-7bfe-465f-978e-06c915e6a2d9
2025-02-07 22:07:15.816 24 INFO cinder.volume.api [req-7e47b7f9-29ce-418d-b9d7-5a542311da30 req-c2096bc8-6273-427a-9fb8-f3ee2928205f 8f6b6a75565b446ba8e19a7559f6f272 8dcd2d8953fc42199f79e0ac2cb0f773 - - default default] Snapshot retrieved successfully.
2025-02-07 22:07:15.853 24 INFO cinder.volume.api [req-7e47b7f9-29ce-418d-b9d7-5a542311da30 req-c2096bc8-6273-427a-9fb8-f3ee2928205f 8f6b6a75565b446ba8e19a7559f6f272 8dcd2d8953fc42199f79e0ac2cb0f773 - - default default] Snapshot delete request issued successfully.
2025-02-07 22:07:15.854 24 INFO cinder.api.openstack.wsgi [req-7e47b7f9-29ce-418d-b9d7-5a542311da30 req-c2096bc8-6273-427a-9fb8-f3ee2928205f 8f6b6a75565b446ba8e19a7559f6f272 8dcd2d8953fc42199f79e0ac2cb0f773 - - default default] http://[LB_IP_ADDRESS]:8776/v3/8dcd2d8953fc42199f79e0ac2cb0f773/snapshots/6e442fd1-7bfe-465f-978e-06c915e6a2d9 returned with HTTP 202
2025-02-07 22:07:15.885 23 INFO cinder.api.openstack.wsgi [req-c3f4435b-85e9-4f4e-8099-9f203f104da0 req-814067d6-64c0-4270-a711-89192db0a829 8f6b6a75565b446ba8e19a7559f6f272 8dcd2d8953fc42199f79e0ac2cb0f773 - - default default] GET http://[LB_IP_ADDRESS]:8776/v3/8dcd2d8953fc42199f79e0ac2cb0f773/snapshots/6e442fd1-7bfe-465f-978e-06c915e6a2d9
2025-02-07 22:07:15.897 23 INFO cinder.volume.api [req-c3f4435b-85e9-4f4e-8099-9f203f104da0 req-814067d6-64c0-4270-a711-89192db0a829 8f6b6a75565b446ba8e19a7559f6f272 8dcd2d8953fc42199f79e0ac2cb0f773 - - default default] Snapshot retrieved successfully.
2025-02-07 22:07:15.898 23 INFO cinder.api.openstack.wsgi [req-c3f4435b-85e9-4f4e-8099-9f203f104da0 req-814067d6-64c0-4270-a711-89192db0a829 8f6b6a75565b446ba8e19a7559f6f272 8dcd2d8953fc42199f79e0ac2cb0f773 - - default default] http://[LB_IP_ADDRESS]:8776/v3/8dcd2d8953fc42199f79e0ac2cb0f773/snapshots/6e442fd1-7bfe-465f-978e-06c915e6a2d9 returned with HTTP 200
2025-02-07 22:07:16.291 22 INFO cinder.api.openstack.wsgi [None req-b5023586-4a54-4627-863b-470643fe0543 042f70920c2643c59be8fcbe2750f2e1 ac332f74526d4e8c86b6734e2bfe8986 - - default default] POST http://[LB_IP_ADDRESS]:8776/v3/ac332f74526d4e8c86b6734e2bfe8986/types
2025-02-07 22:07:16.318 22 INFO cinder.api.openstack.wsgi [None req-b5023586-4a54-4627-863b-470643fe0543 042f70920c2643c59be8fcbe2750f2e1 ac332f74526d4e8c86b6734e2bfe8986 - - default default] http://[LB_IP_ADDRESS]:8776/v3/ac332f74526d4e8c86b6734e2bfe8986/types returned with HTTP 200
2025-02-07 22:07:16.333 21 INFO cinder.api.openstack.wsgi [None req-fdaa23f2-5949-4d85-b3bf-55e950317e69 042f70920c2643c59be8fcbe2750f2e1 ac332f74526d4e8c86b6734e2bfe8986 - - default default] POST http://[LB_IP_ADDRESS]:8776/v3/ac332f74526d4e8c86b6734e2bfe8986/group_types
2025-02-07 22:07:16.362 21 INFO cinder.api.openstack.wsgi [None req-fdaa23f2-5949-4d85-b3bf-55e950317e69 042f70920c2643c59be8fcbe2750f2e1 ac332f74526d4e8c86b6734e2bfe8986 - - default default] http://[LB_IP_ADDRESS]:8776/v3/ac332f74526d4e8c86b6734e2bfe8986/group_types returned with HTTP 202
2025-02-07 22:07:16.485 25 INFO cinder.api.openstack.wsgi [None req-0036094b-6a4f-417f-a82a-1ac48f3066ef 2fcec5928c8445bdbcf3af0e4073fa43 d49433c2ec334e12ae907b0f7f8b5bef - - default default] POST http://[LB_IP_ADDRESS]:8776/v3/d49433c2ec334e12ae907b0f7f8b5bef/groups
2025-02-07 22:07:16.497 25 INFO cinder.api.v3.groups [None req-0036094b-6a4f-417f-a82a-1ac48f3066ef 2fcec5928c8445bdbcf3af0e4073fa43 d49433c2ec334e12ae907b0f7f8b5bef - - default default] Creating group tempest-GroupSnapshotsTest-Group-121075200.
2025-02-07 22:07:16.512 25 INFO cinder.volume.api [None req-0036094b-6a4f-417f-a82a-1ac48f3066ef 2fcec5928c8445bdbcf3af0e4073fa43 d49433c2ec334e12ae907b0f7f8b5bef - - default default] Availability Zones retrieved successfully.
2025-02-07 22:07:16.586 25 INFO cinder.api.openstack.wsgi [None req-0036094b-6a4f-417f-a82a-1ac48f3066ef 2fcec5928c8445bdbcf3af0e4073fa43 d49433c2ec334e12ae907b0f7f8b5bef - - default default] http://[LB_IP_ADDRESS]:8776/v3/d49433c2ec334e12ae907b0f7f8b5bef/groups returned with HTTP 202
2025-02-07 22:07:16.600 24 INFO cinder.api.openstack.wsgi [None req-d93b8507-0f53-4aef-a2cf-ceecff54f3fe 2fcec5928c8445bdbcf3af0e4073fa43 d49433c2ec334e12ae907b0f7f8b5bef - - default default] GET http://[LB_IP_ADDRESS]:8776/v3/d49433c2ec334e12ae907b0f7f8b5bef/groups/0a18ac15-fdb8-4b3f-aea4-9c46bb5a18e6
2025-02-07 22:07:16.623 24 INFO cinder.api.openstack.wsgi [None req-d93b8507-0f53-4aef-a2cf-ceecff54f3fe 2fcec5928c8445bdbcf3af0e4073fa43 d49433c2ec334e12ae907b0f7f8b5bef - - default default] http://[LB_IP_ADDRESS]:8776/v3/d49433c2ec334e12ae907b0f7f8b5bef/groups/0a18ac15-fdb8-4b3f-aea4-9c46bb5a18e6 returned with HTTP 200
2025-02-07 22:07:16.935 23 INFO cinder.api.openstack.wsgi [req-09bc407a-f7a5-469e-b95f-3a188ad033c2 req-22dff10f-8ba2-477d-9499-38bb0773e869 8f6b6a75565b446ba8e19a7559f6f272 8dcd2d8953fc42199f79e0ac2cb0f773 - - default default] GET http://[LB_IP_ADDRESS]:8776/v3/8dcd2d8953fc42199f79e0ac2cb0f773/snapshots/6e442fd1-7bfe-465f-978e-06c915e6a2d9
2025-02-07 22:07:16.947 23 INFO cinder.api.openstack.wsgi [req-09bc407a-f7a5-469e-b95f-3a188ad033c2 req-22dff10f-8ba2-477d-9499-38bb0773e869 8f6b6a75565b446ba8e19a7559f6f272 8dcd2d8953fc42199f79e0ac2cb0f773 - - default default] http://[LB_IP_ADDRESS]:8776/v3/8dcd2d8953fc42199f79e0ac2cb0f773/snapshots/6e442fd1-7bfe-465f-978e-06c915e6a2d9 returned with HTTP 404
2025-02-07 22:07:16.975 22 INFO cinder.api.openstack.wsgi [req-d4c36ba4-fe72-4dde-bddb-bb5b85caba44 req-eea1ceef-ef95-4074-8013-e460fdf89798 8f6b6a75565b446ba8e19a7559f6f272 8dcd2d8953fc42199f79e0ac2cb0f773 - - default default] DELETE http://[LB_IP_ADDRESS]:8776/v3/8dcd2d8953fc42199f79e0ac2cb0f773/volumes/1e81fc0f-19d8-4eea-a114-d3629ab94ba7
2025-02-07 22:07:16.976 22 INFO cinder.api.v3.volumes [req-d4c36ba4-fe72-4dde-bddb-bb5b85caba44 req-eea1ceef-ef95-4074-8013-e460fdf89798 8f6b6a75565b446ba8e19a7559f6f272 8dcd2d8953fc42199f79e0ac2cb0f773 - - default default] Delete volume with id: 1e81fc0f-19d8-4eea-a114-d3629ab94ba7 
2025-02-07 22:07:16.996 22 INFO cinder.volume.api [req-d4c36ba4-fe72-4dde-bddb-bb5b85caba44 req-eea1ceef-ef95-4074-8013-e460fdf89798 8f6b6a75565b446ba8e19a7559f6f272 8dcd2d8953fc42199f79e0ac2cb0f773 - - default default] Volume info retrieved successfully.
2025-02-07 22:07:17.030 22 INFO cinder.volume.api [req-d4c36ba4-fe72-4dde-bddb-bb5b85caba44 req-eea1ceef-ef95-4074-8013-e460fdf89798 8f6b6a75565b446ba8e19a7559f6f272 8dcd2d8953fc42199f79e0ac2cb0f773 - - default default] Delete volume request issued successfully.
2025-02-07 22:07:17.031 22 INFO cinder.api.openstack.wsgi [req-d4c36ba4-fe72-4dde-bddb-bb5b85caba44 req-eea1ceef-ef95-4074-8013-e460fdf89798 8f6b6a75565b446ba8e19a7559f6f272 8dcd2d8953fc42199f79e0ac2cb0f773 - - default default] http://[LB_IP_ADDRESS]:8776/v3/8dcd2d8953fc42199f79e0ac2cb0f773/volumes/1e81fc0f-19d8-4eea-a114-d3629ab94ba7 returned with HTTP 202
2025-02-07 22:07:17.066 21 INFO cinder.api.openstack.wsgi [req-55bcbd0d-d55e-478e-a0c4-5bf4613e3d47 req-e88848c1-01bb-4e7f-a2aa-02f30eda4a29 8f6b6a75565b446ba8e19a7559f6f272 8dcd2d8953fc42199f79e0ac2cb0f773 - - default default] GET http://[LB_IP_ADDRESS]:8776/v3/8dcd2d8953fc42199f79e0ac2cb0f773/volumes/1e81fc0f-19d8-4eea-a114-d3629ab94ba7
2025-02-07 22:07:17.091 21 INFO cinder.volume.api [req-55bcbd0d-d55e-478e-a0c4-5bf4613e3d47 req-e88848c1-01bb-4e7f-a2aa-02f30eda4a29 8f6b6a75565b446ba8e19a7559f6f272 8dcd2d8953fc42199f79e0ac2cb0f773 - - default default] Volume info retrieved successfully.
2025-02-07 22:07:17.100 21 INFO cinder.api.openstack.wsgi [req-55bcbd0d-d55e-478e-a0c4-5bf4613e3d47 req-e88848c1-01bb-4e7f-a2aa-02f30eda4a29 8f6b6a75565b446ba8e19a7559f6f272 8dcd2d8953fc42199f79e0ac2cb0f773 - - default default] http://[LB_IP_ADDRESS]:8776/v3/8dcd2d8953fc42199f79e0ac2cb0f773/volumes/1e81fc0f-19d8-4eea-a114-d3629ab94ba7 returned with HTTP 200
2025-02-07 22:07:17.642 25 INFO cinder.api.openstack.wsgi [None req-8864c06f-f471-4155-a2aa-8efb07c31e6a 2fcec5928c8445bdbcf3af0e4073fa43 d49433c2ec334e12ae907b0f7f8b5bef - - default default] GET http://[LB_IP_ADDRESS]:8776/v3/d49433c2ec334e12ae907b0f7f8b5bef/groups/0a18ac15-fdb8-4b3f-aea4-9c46bb5a18e6
2025-02-07 22:07:17.665 25 INFO cinder.api.openstack.wsgi [None req-8864c06f-f471-4155-a2aa-8efb07c31e6a 2fcec5928c8445bdbcf3af0e4073fa43 d49433c2ec334e12ae907b0f7f8b5bef - - default default] http://[LB_IP_ADDRESS]:8776/v3/d49433c2ec334e12ae907b0f7f8b5bef/groups/0a18ac15-fdb8-4b3f-aea4-9c46bb5a18e6 returned with HTTP 200
2025-02-07 22:07:17.682 24 INFO cinder.api.openstack.wsgi [None req-ab59d03a-2aef-40c4-a3b1-6b8523471f2c 2fcec5928c8445bdbcf3af0e4073fa43 d49433c2ec334e12ae907b0f7f8b5bef - - default default] POST http://[LB_IP_ADDRESS]:8776/v3/d49433c2ec334e12ae907b0f7f8b5bef/volumes
2025-02-07 22:07:17.702 24 INFO cinder.api.v3.volumes [None req-ab59d03a-2aef-40c4-a3b1-6b8523471f2c 2fcec5928c8445bdbcf3af0e4073fa43 d49433c2ec334e12ae907b0f7f8b5bef - - default default] Create volume of 1 GB
2025-02-07 22:07:17.716 24 INFO cinder.volume.api [None req-ab59d03a-2aef-40c4-a3b1-6b8523471f2c 2fcec5928c8445bdbcf3af0e4073fa43 d49433c2ec334e12ae907b0f7f8b5bef - - default default] Availability Zones retrieved successfully.
2025-02-07 22:07:17.802 24 WARNING cinder.quota [None req-ab59d03a-2aef-40c4-a3b1-6b8523471f2c 2fcec5928c8445bdbcf3af0e4073fa43 d49433c2ec334e12ae907b0f7f8b5bef - - default default] Deprecated: Default quota for resource: volumes_tempest-GroupSnapshotsTest-volume-type-1922588937 is set by the default quota flag: quota_volumes_tempest-GroupSnapshotsTest-volume-type-1922588937, it is now deprecated. Please use the default quota class for default quota.
2025-02-07 22:07:17.803 24 WARNING cinder.quota [None req-ab59d03a-2aef-40c4-a3b1-6b8523471f2c 2fcec5928c8445bdbcf3af0e4073fa43 d49433c2ec334e12ae907b0f7f8b5bef - - default default] Deprecated: Default quota for resource: gigabytes_tempest-GroupSnapshotsTest-volume-type-1922588937 is set by the default quota flag: quota_gigabytes_tempest-GroupSnapshotsTest-volume-type-1922588937, it is now deprecated. Please use the default quota class for default quota.
2025-02-07 22:07:17.916 24 INFO cinder.volume.api [None req-ab59d03a-2aef-40c4-a3b1-6b8523471f2c 2fcec5928c8445bdbcf3af0e4073fa43 d49433c2ec334e12ae907b0f7f8b5bef - - default default] Create volume request issued successfully.
2025-02-07 22:07:17.938 24 INFO cinder.api.openstack.wsgi [None req-ab59d03a-2aef-40c4-a3b1-6b8523471f2c 2fcec5928c8445bdbcf3af0e4073fa43 d49433c2ec334e12ae907b0f7f8b5bef - - default default] http://[LB_IP_ADDRESS]:8776/v3/d49433c2ec334e12ae907b0f7f8b5bef/volumes returned with HTTP 202
2025-02-07 22:07:17.962 22 INFO cinder.api.openstack.wsgi [None req-f914c417-bdb9-4f16-b527-464d8c726dbc 2fcec5928c8445bdbcf3af0e4073fa43 d49433c2ec334e12ae907b0f7f8b5bef - - default default] GET http://[LB_IP_ADDRESS]:8776/v3/d49433c2ec334e12ae907b0f7f8b5bef/volumes/b6370833-6ad9-4fe8-88ed-7441d0087041
2025-02-07 22:07:18.011 22 INFO cinder.volume.api [None req-f914c417-bdb9-4f16-b527-464d8c726dbc 2fcec5928c8445bdbcf3af0e4073fa43 d49433c2ec334e12ae907b0f7f8b5bef - - default default] Volume info retrieved successfully.
2025-02-07 22:07:18.051 22 INFO cinder.api.openstack.wsgi [None req-f914c417-bdb9-4f16-b527-464d8c726dbc 2fcec5928c8445bdbcf3af0e4073fa43 d49433c2ec334e12ae907b0f7f8b5bef - - default default] http://[LB_IP_ADDRESS]:8776/v3/d49433c2ec334e12ae907b0f7f8b5bef/volumes/b6370833-6ad9-4fe8-88ed-7441d0087041 returned with HTTP 200
2025-02-07 22:07:18.098 23 INFO cinder.api.openstack.wsgi [None req-9781cced-8465-4c25-ac0a-9b91d1c42021 9d9edff676684db29c033e1182841409 8923d51f036d4bb6a3e4612be3f6b688 - - default default] POST http://[LB_IP_ADDRESS]:8776/v3/8923d51f036d4bb6a3e4612be3f6b688/volumes
2025-02-07 22:07:18.108 23 INFO cinder.api.v3.volumes [None req-9781cced-8465-4c25-ac0a-9b91d1c42021 9d9edff676684db29c033e1182841409 8923d51f036d4bb6a3e4612be3f6b688 - - default default] Create volume of 1 GB
2025-02-07 22:07:18.117 23 INFO cinder.volume.api [None req-9781cced-8465-4c25-ac0a-9b91d1c42021 9d9edff676684db29c033e1182841409 8923d51f036d4bb6a3e4612be3f6b688 - - default default] Availability Zones retrieved successfully.
2025-02-07 22:07:18.140 21 INFO cinder.api.openstack.wsgi [req-bd71cb33-ce71-4331-9b5c-2ae359819b28 req-7ae21e4f-8403-41ec-8d24-12c86ee143e0 8f6b6a75565b446ba8e19a7559f6f272 8dcd2d8953fc42199f79e0ac2cb0f773 - - default default] GET http://[LB_IP_ADDRESS]:8776/v3/8dcd2d8953fc42199f79e0ac2cb0f773/volumes/1e81fc0f-19d8-4eea-a114-d3629ab94ba7
2025-02-07 22:07:18.155 21 INFO cinder.api.openstack.wsgi [req-bd71cb33-ce71-4331-9b5c-2ae359819b28 req-7ae21e4f-8403-41ec-8d24-12c86ee143e0 8f6b6a75565b446ba8e19a7559f6f272 8dcd2d8953fc42199f79e0ac2cb0f773 - - default default] http://[LB_IP_ADDRESS]:8776/v3/8dcd2d8953fc42199f79e0ac2cb0f773/volumes/1e81fc0f-19d8-4eea-a114-d3629ab94ba7 returned with HTTP 404
2025-02-07 22:07:18.191 25 INFO cinder.api.openstack.wsgi [req-b71b839a-76ae-4f61-acd5-6125723b8a82 req-de3fc653-1db6-449f-8761-d486ea3c2ed6 8f6b6a75565b446ba8e19a7559f6f272 8dcd2d8953fc42199f79e0ac2cb0f773 - - default default] DELETE http://[LB_IP_ADDRESS]:8776/v3/8dcd2d8953fc42199f79e0ac2cb0f773/volumes/1e81fc0f-19d8-4eea-a114-d3629ab94ba7
2025-02-07 22:07:18.192 25 INFO cinder.api.v3.volumes [req-b71b839a-76ae-4f61-acd5-6125723b8a82 req-de3fc653-1db6-449f-8761-d486ea3c2ed6 8f6b6a75565b446ba8e19a7559f6f272 8dcd2d8953fc42199f79e0ac2cb0f773 - - default default] Delete volume with id: 1e81fc0f-19d8-4eea-a114-d3629ab94ba7 
2025-02-07 22:07:18.208 25 INFO cinder.api.openstack.wsgi [req-b71b839a-76ae-4f61-acd5-6125723b8a82 req-de3fc653-1db6-449f-8761-d486ea3c2ed6 8f6b6a75565b446ba8e19a7559f6f272 8dcd2d8953fc42199f79e0ac2cb0f773 - - default default] http://[LB_IP_ADDRESS]:8776/v3/8dcd2d8953fc42199f79e0ac2cb0f773/volumes/1e81fc0f-19d8-4eea-a114-d3629ab94ba7 returned with HTTP 404
2025-02-07 22:07:18.241 24 INFO cinder.api.openstack.wsgi [req-b9092cfe-999f-46dd-8332-a6bee36dae78 req-f09c9c45-66ed-4e79-a472-a5b514aa2240 8f6b6a75565b446ba8e19a7559f6f272 8dcd2d8953fc42199f79e0ac2cb0f773 - - default default] GET http://[LB_IP_ADDRESS]:8776/v3/8dcd2d8953fc42199f79e0ac2cb0f773/volumes/1e81fc0f-19d8-4eea-a114-d3629ab94ba7
2025-02-07 22:07:18.254 24 INFO cinder.api.openstack.wsgi [req-b9092cfe-999f-46dd-8332-a6bee36dae78 req-f09c9c45-66ed-4e79-a472-a5b514aa2240 8f6b6a75565b446ba8e19a7559f6f272 8dcd2d8953fc42199f79e0ac2cb0f773 - - default default] http://[LB_IP_ADDRESS]:8776/v3/8dcd2d8953fc42199f79e0ac2cb0f773/volumes/1e81fc0f-19d8-4eea-a114-d3629ab94ba7 returned with HTTP 404
2025-02-07 22:07:18.335 23 INFO cinder.volume.api [None req-9781cced-8465-4c25-ac0a-9b91d1c42021 9d9edff676684db29c033e1182841409 8923d51f036d4bb6a3e4612be3f6b688 - - default default] Create volume request issued successfully.
2025-02-07 22:07:18.337 23 INFO cinder.api.openstack.wsgi [None req-9781cced-8465-4c25-ac0a-9b91d1c42021 9d9edff676684db29c033e1182841409 8923d51f036d4bb6a3e4612be3f6b688 - - default default] http://[LB_IP_ADDRESS]:8776/v3/8923d51f036d4bb6a3e4612be3f6b688/volumes returned with HTTP 202
2025-02-07 22:07:18.369 22 INFO cinder.api.openstack.wsgi [None req-75705aff-b8f9-4714-95ba-570fa9d5b554 9d9edff676684db29c033e1182841409 8923d51f036d4bb6a3e4612be3f6b688 - - default default] GET http://[LB_IP_ADDRESS]:8776/v3/8923d51f036d4bb6a3e4612be3f6b688/volumes/569c6642-2ae6-4760-9d43-0ba4b28a5857
2025-02-07 22:07:18.395 22 INFO cinder.volume.api [None req-75705aff-b8f9-4714-95ba-570fa9d5b554 9d9edff676684db29c033e1182841409 8923d51f036d4bb6a3e4612be3f6b688 - - default default] Volume info retrieved successfully.
2025-02-07 22:07:18.404 22 INFO cinder.api.openstack.wsgi [None req-75705aff-b8f9-4714-95ba-570fa9d5b554 9d9edff676684db29c033e1182841409 8923d51f036d4bb6a3e4612be3f6b688 - - default default] http://[LB_IP_ADDRESS]:8776/v3/8923d51f036d4bb6a3e4612be3f6b688/volumes/569c6642-2ae6-4760-9d43-0ba4b28a5857 returned with HTTP 200
2025-02-07 22:07:19.082 21 INFO cinder.api.openstack.wsgi [None req-4c94b604-2a15-45c2-905b-7d2ed22b6615 2fcec5928c8445bdbcf3af0e4073fa43 d49433c2ec334e12ae907b0f7f8b5bef - - default default] GET http://[LB_IP_ADDRESS]:8776/v3/d49433c2ec334e12ae907b0f7f8b5bef/volumes/b6370833-6ad9-4fe8-88ed-7441d0087041
2025-02-07 22:07:19.107 21 INFO cinder.volume.api [None req-4c94b604-2a15-45c2-905b-7d2ed22b6615 2fcec5928c8445bdbcf3af0e4073fa43 d49433c2ec334e12ae907b0f7f8b5bef - - default default] Volume info retrieved successfully.
2025-02-07 22:07:19.142 21 INFO cinder.api.openstack.wsgi [None req-4c94b604-2a15-45c2-905b-7d2ed22b6615 2fcec5928c8445bdbcf3af0e4073fa43 d49433c2ec334e12ae907b0f7f8b5bef - - default default] http://[LB_IP_ADDRESS]:8776/v3/d49433c2ec334e12ae907b0f7f8b5bef/volumes/b6370833-6ad9-4fe8-88ed-7441d0087041 returned with HTTP 200
2025-02-07 22:07:19.434 25 INFO cinder.api.openstack.wsgi [None req-78b5a653-e5de-4dcf-8098-dd7bfc9d3135 9d9edff676684db29c033e1182841409 8923d51f036d4bb6a3e4612be3f6b688 - - default default] GET http://[LB_IP_ADDRESS]:8776/v3/8923d51f036d4bb6a3e4612be3f6b688/volumes/569c6642-2ae6-4760-9d43-0ba4b28a5857
2025-02-07 22:07:19.458 25 INFO cinder.volume.api [None req-78b5a653-e5de-4dcf-8098-dd7bfc9d3135 9d9edff676684db29c033e1182841409 8923d51f036d4bb6a3e4612be3f6b688 - - default default] Volume info retrieved successfully.
2025-02-07 22:07:19.467 25 INFO cinder.api.openstack.wsgi [None req-78b5a653-e5de-4dcf-8098-dd7bfc9d3135 9d9edff676684db29c033e1182841409 8923d51f036d4bb6a3e4612be3f6b688 - - default default] http://[LB_IP_ADDRESS]:8776/v3/8923d51f036d4bb6a3e4612be3f6b688/volumes/569c6642-2ae6-4760-9d43-0ba4b28a5857 returned with HTTP 200
2025-02-07 22:07:19.512 24 INFO cinder.api.openstack.wsgi [req-cabd0511-3b3d-4d63-9591-6e0d2231ea8c req-aaf8104f-d1b2-49f0-b36a-170a309fa012 9d9edff676684db29c033e1182841409 8923d51f036d4bb6a3e4612be3f6b688 - - default default] GET http://[LB_IP_ADDRESS]:8776/v3/8923d51f036d4bb6a3e4612be3f6b688/volumes/569c6642-2ae6-4760-9d43-0ba4b28a5857
2025-02-07 22:07:19.540 24 INFO cinder.volume.api [req-cabd0511-3b3d-4d63-9591-6e0d2231ea8c req-aaf8104f-d1b2-49f0-b36a-170a309fa012 9d9edff676684db29c033e1182841409 8923d51f036d4bb6a3e4612be3f6b688 - - default default] Volume info retrieved successfully.
2025-02-07 22:07:19.550 24 INFO cinder.api.openstack.wsgi [req-cabd0511-3b3d-4d63-9591-6e0d2231ea8c req-aaf8104f-d1b2-49f0-b36a-170a309fa012 9d9edff676684db29c033e1182841409 8923d51f036d4bb6a3e4612be3f6b688 - - default default] http://[LB_IP_ADDRESS]:8776/v3/8923d51f036d4bb6a3e4612be3f6b688/volumes/569c6642-2ae6-4760-9d43-0ba4b28a5857 returned with HTTP 200
2025-02-07 22:07:19.571 23 INFO cinder.api.openstack.wsgi [None req-2abaae5c-8ba5-4c8b-88db-b63cc16a15ff 9d9edff676684db29c033e1182841409 8923d51f036d4bb6a3e4612be3f6b688 - - default default] POST http://[LB_IP_ADDRESS]:8776/v3/8923d51f036d4bb6a3e4612be3f6b688/volumes
2025-02-07 22:07:19.576 23 INFO cinder.api.v3.volumes [None req-2abaae5c-8ba5-4c8b-88db-b63cc16a15ff 9d9edff676684db29c033e1182841409 8923d51f036d4bb6a3e4612be3f6b688 - - default default] Create volume of 1 GB
2025-02-07 22:07:19.584 23 INFO cinder.volume.api [None req-2abaae5c-8ba5-4c8b-88db-b63cc16a15ff 9d9edff676684db29c033e1182841409 8923d51f036d4bb6a3e4612be3f6b688 - - default default] Availability Zones retrieved successfully.
2025-02-07 22:07:19.777 23 INFO cinder.volume.api [None req-2abaae5c-8ba5-4c8b-88db-b63cc16a15ff 9d9edff676684db29c033e1182841409 8923d51f036d4bb6a3e4612be3f6b688 - - default default] Create volume request issued successfully.
2025-02-07 22:07:19.779 23 INFO cinder.api.openstack.wsgi [None req-2abaae5c-8ba5-4c8b-88db-b63cc16a15ff 9d9edff676684db29c033e1182841409 8923d51f036d4bb6a3e4612be3f6b688 - - default default] http://[LB_IP_ADDRESS]:8776/v3/8923d51f036d4bb6a3e4612be3f6b688/volumes returned with HTTP 202
2025-02-07 22:07:19.804 22 INFO cinder.api.openstack.wsgi [None req-18f689d1-cb69-46ec-9e9b-e3322d5711b1 9d9edff676684db29c033e1182841409 8923d51f036d4bb6a3e4612be3f6b688 - - default default] GET http://[LB_IP_ADDRESS]:8776/v3/8923d51f036d4bb6a3e4612be3f6b688/volumes/00798acc-f484-4281-bade-046aa0e25c5a
2025-02-07 22:07:19.828 22 INFO cinder.volume.api [None req-18f689d1-cb69-46ec-9e9b-e3322d5711b1 9d9edff676684db29c033e1182841409 8923d51f036d4bb6a3e4612be3f6b688 - - default default] Volume info retrieved successfully.
2025-02-07 22:07:19.837 22 INFO cinder.api.openstack.wsgi [None req-18f689d1-cb69-46ec-9e9b-e3322d5711b1 9d9edff676684db29c033e1182841409 8923d51f036d4bb6a3e4612be3f6b688 - - default default] http://[LB_IP_ADDRESS]:8776/v3/8923d51f036d4bb6a3e4612be3f6b688/volumes/00798acc-f484-4281-bade-046aa0e25c5a returned with HTTP 200
2025-02-07 22:07:20.171 21 INFO cinder.api.openstack.wsgi [None req-f6bf8449-9f79-479f-b3b9-263714b9fd3d 2fcec5928c8445bdbcf3af0e4073fa43 d49433c2ec334e12ae907b0f7f8b5bef - - default default] GET http://[LB_IP_ADDRESS]:8776/v3/d49433c2ec334e12ae907b0f7f8b5bef/volumes/b6370833-6ad9-4fe8-88ed-7441d0087041
