2026-06-10 17:15:16.813 72 INFO cinder.api.v3.volumes [req-d91ba5ba-d092-4a1a-aed0-281c85e22191 req-8ab8ef96-a4c5-4525-b94c-525f6be63125 cfb2e0c583a04148942cfabf246ab9a9 7488e128f56a444188d0d9520f1306e2 - - default default] Delete volume with id: 61d23682-95a3-4f2c-bb1b-d0ae4aacaea0 
2026-06-10 17:15:16.819 73 INFO cinder.api.openstack.wsgi [req-6e088f0d-ef96-4c32-8251-a303101a97f4 req-3a560e32-3b24-42c4-9386-2bf28aa24677 07e3139d6878441886af3670097c344d 9f74c594e8244050ac1f216b814beef8 - - default default] http://[LB_IP_ADDRESS]:8776/v3/volumes/detail returned with HTTP 200
2026-06-10 17:15:16.825 72 INFO cinder.api.openstack.wsgi [req-d91ba5ba-d092-4a1a-aed0-281c85e22191 req-8ab8ef96-a4c5-4525-b94c-525f6be63125 cfb2e0c583a04148942cfabf246ab9a9 7488e128f56a444188d0d9520f1306e2 - - default default] http://[LB_IP_ADDRESS]:8776/v3/volumes/61d23682-95a3-4f2c-bb1b-d0ae4aacaea0 returned with HTTP 404
2026-06-10 17:15:16.844 75 INFO cinder.api.openstack.wsgi [None req-addec20f-b125-4e1d-a6a8-3eb8d469b9df 07e3139d6878441886af3670097c344d 9f74c594e8244050ac1f216b814beef8 - - default default] DELETE http://[LB_IP_ADDRESS]:8776/v3/9f74c594e8244050ac1f216b814beef8/volumes/0b258b7c-396d-4d1f-be69-e7c5061add22
2026-06-10 17:15:16.845 75 INFO cinder.api.v3.volumes [None req-addec20f-b125-4e1d-a6a8-3eb8d469b9df 07e3139d6878441886af3670097c344d 9f74c594e8244050ac1f216b814beef8 - - default default] Delete volume with id: 0b258b7c-396d-4d1f-be69-e7c5061add22 
2026-06-10 17:15:16.853 76 INFO cinder.api.openstack.wsgi [req-54c84aab-67be-47c7-928a-a9cf646b5d46 req-c5cba7f0-cb29-4072-ae7b-78b20581a3c1 cfb2e0c583a04148942cfabf246ab9a9 7488e128f56a444188d0d9520f1306e2 - - default default] GET http://[LB_IP_ADDRESS]:8776/v3/volumes/61d23682-95a3-4f2c-bb1b-d0ae4aacaea0
2026-06-10 17:15:16.861 75 INFO cinder.volume.api [None req-addec20f-b125-4e1d-a6a8-3eb8d469b9df 07e3139d6878441886af3670097c344d 9f74c594e8244050ac1f216b814beef8 - - default default] Volume info retrieved successfully.
2026-06-10 17:15:16.865 76 INFO cinder.api.openstack.wsgi [req-54c84aab-67be-47c7-928a-a9cf646b5d46 req-c5cba7f0-cb29-4072-ae7b-78b20581a3c1 cfb2e0c583a04148942cfabf246ab9a9 7488e128f56a444188d0d9520f1306e2 - - default default] http://[LB_IP_ADDRESS]:8776/v3/volumes/61d23682-95a3-4f2c-bb1b-d0ae4aacaea0 returned with HTTP 404
2026-06-10 17:15:16.890 75 INFO cinder.volume.api [None req-addec20f-b125-4e1d-a6a8-3eb8d469b9df 07e3139d6878441886af3670097c344d 9f74c594e8244050ac1f216b814beef8 - - default default] Delete volume request issued successfully.
2026-06-10 17:15:16.891 75 INFO cinder.api.openstack.wsgi [None req-addec20f-b125-4e1d-a6a8-3eb8d469b9df 07e3139d6878441886af3670097c344d 9f74c594e8244050ac1f216b814beef8 - - default default] http://[LB_IP_ADDRESS]:8776/v3/9f74c594e8244050ac1f216b814beef8/volumes/0b258b7c-396d-4d1f-be69-e7c5061add22 returned with HTTP 202
2026-06-10 17:15:16.903 74 INFO cinder.api.openstack.wsgi [None req-ee1841fc-0789-407b-84d8-05405e86236a 07e3139d6878441886af3670097c344d 9f74c594e8244050ac1f216b814beef8 - - default default] GET http://[LB_IP_ADDRESS]:8776/v3/9f74c594e8244050ac1f216b814beef8/volumes/0b258b7c-396d-4d1f-be69-e7c5061add22
2026-06-10 17:15:16.924 74 INFO cinder.volume.api [None req-ee1841fc-0789-407b-84d8-05405e86236a 07e3139d6878441886af3670097c344d 9f74c594e8244050ac1f216b814beef8 - - default default] Volume info retrieved successfully.
2026-06-10 17:15:16.934 74 INFO cinder.api.openstack.wsgi [None req-ee1841fc-0789-407b-84d8-05405e86236a 07e3139d6878441886af3670097c344d 9f74c594e8244050ac1f216b814beef8 - - default default] http://[LB_IP_ADDRESS]:8776/v3/9f74c594e8244050ac1f216b814beef8/volumes/0b258b7c-396d-4d1f-be69-e7c5061add22 returned with HTTP 200
2026-06-10 17:15:17.396 73 INFO cinder.api.openstack.wsgi [req-74a504e8-4bf7-4838-bc8d-8b74fcce9ff2 req-68050678-3d27-4151-a5f0-07e882697d43 eeb1c3160e2f4b6a9be00f80a24cd2e3 211d3733eb0147b8b2e377944c19726f - - default default] DELETE http://[LB_IP_ADDRESS]:8776/v3/volumes/tempest-invalid-82842879
2026-06-10 17:15:17.397 73 INFO cinder.api.v3.volumes [req-74a504e8-4bf7-4838-bc8d-8b74fcce9ff2 req-68050678-3d27-4151-a5f0-07e882697d43 eeb1c3160e2f4b6a9be00f80a24cd2e3 211d3733eb0147b8b2e377944c19726f - - default default] Delete volume with id: tempest-invalid-82842879 
2026-06-10 17:15:17.408 73 INFO cinder.api.openstack.wsgi [req-74a504e8-4bf7-4838-bc8d-8b74fcce9ff2 req-68050678-3d27-4151-a5f0-07e882697d43 eeb1c3160e2f4b6a9be00f80a24cd2e3 211d3733eb0147b8b2e377944c19726f - - default default] http://[LB_IP_ADDRESS]:8776/v3/volumes/tempest-invalid-82842879 returned with HTTP 404
2026-06-10 17:15:17.463 72 INFO cinder.api.openstack.wsgi [req-c98476d7-595c-4d22-96c6-d9b5b72c3582 req-ba2771c6-22b0-4a44-9bf2-0c1423fc2962 eeb1c3160e2f4b6a9be00f80a24cd2e3 211d3733eb0147b8b2e377944c19726f - - default default] DELETE http://[LB_IP_ADDRESS]:8776/v3/volumes/415e38f1-4548-4580-8cd5-21ce38ce6775
2026-06-10 17:15:17.464 72 INFO cinder.api.v3.volumes [req-c98476d7-595c-4d22-96c6-d9b5b72c3582 req-ba2771c6-22b0-4a44-9bf2-0c1423fc2962 eeb1c3160e2f4b6a9be00f80a24cd2e3 211d3733eb0147b8b2e377944c19726f - - default default] Delete volume with id: 415e38f1-4548-4580-8cd5-21ce38ce6775 
2026-06-10 17:15:17.476 72 INFO cinder.api.openstack.wsgi [req-c98476d7-595c-4d22-96c6-d9b5b72c3582 req-ba2771c6-22b0-4a44-9bf2-0c1423fc2962 eeb1c3160e2f4b6a9be00f80a24cd2e3 211d3733eb0147b8b2e377944c19726f - - default default] http://[LB_IP_ADDRESS]:8776/v3/volumes/415e38f1-4548-4580-8cd5-21ce38ce6775 returned with HTTP 404
2026-06-10 17:15:17.510 76 INFO cinder.api.openstack.wsgi [req-f7fef26c-0e8c-41ec-bc58-0f5feee92c8f req-202ef958-2f13-490d-9ce3-0f4e4cf39286 eeb1c3160e2f4b6a9be00f80a24cd2e3 211d3733eb0147b8b2e377944c19726f - - default default] GET http://[LB_IP_ADDRESS]:8776/v3/volumes/c327494e-82d9-48a3-a5cd-f6a3ee2e8f91
2026-06-10 17:15:17.522 76 INFO cinder.api.openstack.wsgi [req-f7fef26c-0e8c-41ec-bc58-0f5feee92c8f req-202ef958-2f13-490d-9ce3-0f4e4cf39286 eeb1c3160e2f4b6a9be00f80a24cd2e3 211d3733eb0147b8b2e377944c19726f - - default default] http://[LB_IP_ADDRESS]:8776/v3/volumes/c327494e-82d9-48a3-a5cd-f6a3ee2e8f91 returned with HTTP 404
2026-06-10 17:15:17.956 75 INFO cinder.api.openstack.wsgi [None req-88140570-4f7f-4735-be3a-e6e9528044bc 07e3139d6878441886af3670097c344d 9f74c594e8244050ac1f216b814beef8 - - default default] GET http://[LB_IP_ADDRESS]:8776/v3/9f74c594e8244050ac1f216b814beef8/volumes/0b258b7c-396d-4d1f-be69-e7c5061add22
2026-06-10 17:15:17.968 75 INFO cinder.api.openstack.wsgi [None req-88140570-4f7f-4735-be3a-e6e9528044bc 07e3139d6878441886af3670097c344d 9f74c594e8244050ac1f216b814beef8 - - default default] http://[LB_IP_ADDRESS]:8776/v3/9f74c594e8244050ac1f216b814beef8/volumes/0b258b7c-396d-4d1f-be69-e7c5061add22 returned with HTTP 404
2026-06-10 17:15:17.979 74 INFO cinder.api.openstack.wsgi [None req-95507443-adad-40da-9691-339c2f1c894d 07e3139d6878441886af3670097c344d 9f74c594e8244050ac1f216b814beef8 - - default default] DELETE http://[LB_IP_ADDRESS]:8776/v3/9f74c594e8244050ac1f216b814beef8/volumes/1ba014af-f01d-4bcf-9415-65e52a961d86
2026-06-10 17:15:17.980 74 INFO cinder.api.v3.volumes [None req-95507443-adad-40da-9691-339c2f1c894d 07e3139d6878441886af3670097c344d 9f74c594e8244050ac1f216b814beef8 - - default default] Delete volume with id: 1ba014af-f01d-4bcf-9415-65e52a961d86 
2026-06-10 17:15:17.996 74 INFO cinder.volume.api [None req-95507443-adad-40da-9691-339c2f1c894d 07e3139d6878441886af3670097c344d 9f74c594e8244050ac1f216b814beef8 - - default default] Volume info retrieved successfully.
2026-06-10 17:15:18.026 74 INFO cinder.volume.api [None req-95507443-adad-40da-9691-339c2f1c894d 07e3139d6878441886af3670097c344d 9f74c594e8244050ac1f216b814beef8 - - default default] Delete volume request issued successfully.
2026-06-10 17:15:18.027 74 INFO cinder.api.openstack.wsgi [None req-95507443-adad-40da-9691-339c2f1c894d 07e3139d6878441886af3670097c344d 9f74c594e8244050ac1f216b814beef8 - - default default] http://[LB_IP_ADDRESS]:8776/v3/9f74c594e8244050ac1f216b814beef8/volumes/1ba014af-f01d-4bcf-9415-65e52a961d86 returned with HTTP 202
2026-06-10 17:15:18.038 73 INFO cinder.api.openstack.wsgi [None req-41899da3-e1b6-4480-bf86-ff2a801fe49b 07e3139d6878441886af3670097c344d 9f74c594e8244050ac1f216b814beef8 - - default default] GET http://[LB_IP_ADDRESS]:8776/v3/9f74c594e8244050ac1f216b814beef8/volumes/1ba014af-f01d-4bcf-9415-65e52a961d86
2026-06-10 17:15:18.059 73 INFO cinder.volume.api [None req-41899da3-e1b6-4480-bf86-ff2a801fe49b 07e3139d6878441886af3670097c344d 9f74c594e8244050ac1f216b814beef8 - - default default] Volume info retrieved successfully.
2026-06-10 17:15:18.069 73 INFO cinder.api.openstack.wsgi [None req-41899da3-e1b6-4480-bf86-ff2a801fe49b 07e3139d6878441886af3670097c344d 9f74c594e8244050ac1f216b814beef8 - - default default] http://[LB_IP_ADDRESS]:8776/v3/9f74c594e8244050ac1f216b814beef8/volumes/1ba014af-f01d-4bcf-9415-65e52a961d86 returned with HTTP 200
2026-06-10 17:15:19.091 72 INFO cinder.api.openstack.wsgi [None req-8adc99b4-3890-40c7-a86f-47f18dba61fe 07e3139d6878441886af3670097c344d 9f74c594e8244050ac1f216b814beef8 - - default default] GET http://[LB_IP_ADDRESS]:8776/v3/9f74c594e8244050ac1f216b814beef8/volumes/1ba014af-f01d-4bcf-9415-65e52a961d86
2026-06-10 17:15:19.103 72 INFO cinder.api.openstack.wsgi [None req-8adc99b4-3890-40c7-a86f-47f18dba61fe 07e3139d6878441886af3670097c344d 9f74c594e8244050ac1f216b814beef8 - - default default] http://[LB_IP_ADDRESS]:8776/v3/9f74c594e8244050ac1f216b814beef8/volumes/1ba014af-f01d-4bcf-9415-65e52a961d86 returned with HTTP 404
2026-06-10 17:15:19.114 76 INFO cinder.api.openstack.wsgi [None req-6275faff-a4a3-437d-8e3c-f6dd94ab7748 07e3139d6878441886af3670097c344d 9f74c594e8244050ac1f216b814beef8 - - default default] DELETE http://[LB_IP_ADDRESS]:8776/v3/9f74c594e8244050ac1f216b814beef8/volumes/4b264257-132d-42bf-b3a9-55fab059ec32
2026-06-10 17:15:19.115 76 INFO cinder.api.v3.volumes [None req-6275faff-a4a3-437d-8e3c-f6dd94ab7748 07e3139d6878441886af3670097c344d 9f74c594e8244050ac1f216b814beef8 - - default default] Delete volume with id: 4b264257-132d-42bf-b3a9-55fab059ec32 
2026-06-10 17:15:19.132 76 INFO cinder.volume.api [None req-6275faff-a4a3-437d-8e3c-f6dd94ab7748 07e3139d6878441886af3670097c344d 9f74c594e8244050ac1f216b814beef8 - - default default] Volume info retrieved successfully.
2026-06-10 17:15:19.162 76 INFO cinder.volume.api [None req-6275faff-a4a3-437d-8e3c-f6dd94ab7748 07e3139d6878441886af3670097c344d 9f74c594e8244050ac1f216b814beef8 - - default default] Delete volume request issued successfully.
2026-06-10 17:15:19.163 76 INFO cinder.api.openstack.wsgi [None req-6275faff-a4a3-437d-8e3c-f6dd94ab7748 07e3139d6878441886af3670097c344d 9f74c594e8244050ac1f216b814beef8 - - default default] http://[LB_IP_ADDRESS]:8776/v3/9f74c594e8244050ac1f216b814beef8/volumes/4b264257-132d-42bf-b3a9-55fab059ec32 returned with HTTP 202
2026-06-10 17:15:19.174 75 INFO cinder.api.openstack.wsgi [None req-57b35d60-58b5-42a3-97f6-5d46e4171b5c 07e3139d6878441886af3670097c344d 9f74c594e8244050ac1f216b814beef8 - - default default] GET http://[LB_IP_ADDRESS]:8776/v3/9f74c594e8244050ac1f216b814beef8/volumes/4b264257-132d-42bf-b3a9-55fab059ec32
2026-06-10 17:15:19.196 75 INFO cinder.volume.api [None req-57b35d60-58b5-42a3-97f6-5d46e4171b5c 07e3139d6878441886af3670097c344d 9f74c594e8244050ac1f216b814beef8 - - default default] Volume info retrieved successfully.
2026-06-10 17:15:19.205 75 INFO cinder.api.openstack.wsgi [None req-57b35d60-58b5-42a3-97f6-5d46e4171b5c 07e3139d6878441886af3670097c344d 9f74c594e8244050ac1f216b814beef8 - - default default] http://[LB_IP_ADDRESS]:8776/v3/9f74c594e8244050ac1f216b814beef8/volumes/4b264257-132d-42bf-b3a9-55fab059ec32 returned with HTTP 200
2026-06-10 17:15:20.228 74 INFO cinder.api.openstack.wsgi [None req-88de1b21-0d47-49d2-be9f-281faa5e803c 07e3139d6878441886af3670097c344d 9f74c594e8244050ac1f216b814beef8 - - default default] GET http://[LB_IP_ADDRESS]:8776/v3/9f74c594e8244050ac1f216b814beef8/volumes/4b264257-132d-42bf-b3a9-55fab059ec32
2026-06-10 17:15:20.241 74 INFO cinder.api.openstack.wsgi [None req-88de1b21-0d47-49d2-be9f-281faa5e803c 07e3139d6878441886af3670097c344d 9f74c594e8244050ac1f216b814beef8 - - default default] http://[LB_IP_ADDRESS]:8776/v3/9f74c594e8244050ac1f216b814beef8/volumes/4b264257-132d-42bf-b3a9-55fab059ec32 returned with HTTP 404
2026-06-10 17:15:23.065 73 INFO cinder.api.openstack.wsgi [None req-2c97cded-e79b-468e-ba41-520c4114ee05 8a2137375e3449a59773761915d1921c 5b1ed3094ba44804bac9bb9605ede151 - - default default] GET http://[LB_IP_ADDRESS]:8776/v3/5b1ed3094ba44804bac9bb9605ede151/scheduler-stats/get_pools
2026-06-10 17:15:23.572 73 INFO cinder.api.openstack.wsgi [None req-2c97cded-e79b-468e-ba41-520c4114ee05 8a2137375e3449a59773761915d1921c 5b1ed3094ba44804bac9bb9605ede151 - - default default] http://[LB_IP_ADDRESS]:8776/v3/5b1ed3094ba44804bac9bb9605ede151/scheduler-stats/get_pools returned with HTTP 200
2026-06-10 17:15:23.589 76 INFO cinder.api.openstack.wsgi [None req-02320d71-e4d7-4f17-8841-7eb66fb71860 8a2137375e3449a59773761915d1921c 5b1ed3094ba44804bac9bb9605ede151 - - default default] GET http://[LB_IP_ADDRESS]:8776/v3/5b1ed3094ba44804bac9bb9605ede151/scheduler-stats/get_pools?detail=True
2026-06-10 17:15:23.697 72 INFO cinder.api.openstack.wsgi [None req-fe89ec2c-eb8c-47ed-b3c1-cd4c97b7542f 7cdbbd9b381b4ef3aaca09afb6635f41 141f79f0226c48aca1b58643baa02942 - - default default] POST http://[LB_IP_ADDRESS]:8776/v3/141f79f0226c48aca1b58643baa02942/types
2026-06-10 17:15:23.720 72 INFO cinder.api.openstack.wsgi [None req-fe89ec2c-eb8c-47ed-b3c1-cd4c97b7542f 7cdbbd9b381b4ef3aaca09afb6635f41 141f79f0226c48aca1b58643baa02942 - - default default] http://[LB_IP_ADDRESS]:8776/v3/141f79f0226c48aca1b58643baa02942/types returned with HTTP 200
2026-06-10 17:15:23.736 75 INFO cinder.api.openstack.wsgi [None req-1be3cf69-06f6-4ff5-ba5d-2688053bd3c3 7cdbbd9b381b4ef3aaca09afb6635f41 141f79f0226c48aca1b58643baa02942 - - default default] POST http://[LB_IP_ADDRESS]:8776/v3/141f79f0226c48aca1b58643baa02942/group_types
2026-06-10 17:15:23.762 75 INFO cinder.api.openstack.wsgi [None req-1be3cf69-06f6-4ff5-ba5d-2688053bd3c3 7cdbbd9b381b4ef3aaca09afb6635f41 141f79f0226c48aca1b58643baa02942 - - default default] http://[LB_IP_ADDRESS]:8776/v3/141f79f0226c48aca1b58643baa02942/group_types returned with HTTP 202
2026-06-10 17:15:23.934 74 INFO cinder.api.openstack.wsgi [None req-746a672b-4bba-4e00-887c-3c13d6191a3a cf706f3fb06242f2b9da38d82b7f669e 56327038c5ee4cf0859d3fcd0ba3b8fc - - default default] POST http://[LB_IP_ADDRESS]:8776/v3/56327038c5ee4cf0859d3fcd0ba3b8fc/groups
2026-06-10 17:15:23.945 74 INFO cinder.api.v3.groups [None req-746a672b-4bba-4e00-887c-3c13d6191a3a cf706f3fb06242f2b9da38d82b7f669e 56327038c5ee4cf0859d3fcd0ba3b8fc - - default default] Creating group tempest-GroupSnapshotsV319Test-Group-1545101475.
2026-06-10 17:15:23.956 74 INFO cinder.volume.api [None req-746a672b-4bba-4e00-887c-3c13d6191a3a cf706f3fb06242f2b9da38d82b7f669e 56327038c5ee4cf0859d3fcd0ba3b8fc - - default default] Availability Zones retrieved successfully.
2026-06-10 17:15:24.053 74 INFO cinder.api.openstack.wsgi [None req-746a672b-4bba-4e00-887c-3c13d6191a3a cf706f3fb06242f2b9da38d82b7f669e 56327038c5ee4cf0859d3fcd0ba3b8fc - - default default] http://[LB_IP_ADDRESS]:8776/v3/56327038c5ee4cf0859d3fcd0ba3b8fc/groups returned with HTTP 202
2026-06-10 17:15:24.067 73 INFO cinder.api.openstack.wsgi [None req-d9da9857-065b-4bd1-a853-7ad9eb69b20a cf706f3fb06242f2b9da38d82b7f669e 56327038c5ee4cf0859d3fcd0ba3b8fc - - default default] GET http://[LB_IP_ADDRESS]:8776/v3/56327038c5ee4cf0859d3fcd0ba3b8fc/groups/d70f52f9-44bd-4c48-a23f-57f57ce3b58a
2026-06-10 17:15:24.090 73 INFO cinder.api.openstack.wsgi [None req-d9da9857-065b-4bd1-a853-7ad9eb69b20a cf706f3fb06242f2b9da38d82b7f669e 56327038c5ee4cf0859d3fcd0ba3b8fc - - default default] http://[LB_IP_ADDRESS]:8776/v3/56327038c5ee4cf0859d3fcd0ba3b8fc/groups/d70f52f9-44bd-4c48-a23f-57f57ce3b58a returned with HTTP 200
2026-06-10 17:15:24.097 76 INFO cinder.api.openstack.wsgi [None req-02320d71-e4d7-4f17-8841-7eb66fb71860 8a2137375e3449a59773761915d1921c 5b1ed3094ba44804bac9bb9605ede151 - - default default] http://[LB_IP_ADDRESS]:8776/v3/5b1ed3094ba44804bac9bb9605ede151/scheduler-stats/get_pools?detail=True returned with HTTP 200
2026-06-10 17:15:24.115 72 INFO cinder.api.openstack.wsgi [None req-d25203c7-88cf-4a49-b579-514cbe1ec920 8a2137375e3449a59773761915d1921c 5b1ed3094ba44804bac9bb9605ede151 - - default default] GET http://[LB_IP_ADDRESS]:8776/v3/5b1ed3094ba44804bac9bb9605ede151/capabilities/rack04-server61@LIGHTOSecxuuy
2026-06-10 17:15:24.632 72 INFO cinder.api.openstack.wsgi [None req-d25203c7-88cf-4a49-b579-514cbe1ec920 8a2137375e3449a59773761915d1921c 5b1ed3094ba44804bac9bb9605ede151 - - default default] http://[LB_IP_ADDRESS]:8776/v3/5b1ed3094ba44804bac9bb9605ede151/capabilities/rack04-server61@LIGHTOSecxuuy returned with HTTP 200
2026-06-10 17:15:24.653 75 INFO cinder.api.openstack.wsgi [None req-77e98393-81a5-45d7-9528-d9b6ee26ed9b 8a2137375e3449a59773761915d1921c 5b1ed3094ba44804bac9bb9605ede151 - - default default] GET http://[LB_IP_ADDRESS]:8776/v3/5b1ed3094ba44804bac9bb9605ede151/capabilities/rack04-server61@LIGHTOSecxuuy
2026-06-10 17:15:25.107 74 INFO cinder.api.openstack.wsgi [None req-9b6da14f-b926-443f-a464-4642b18f738d cf706f3fb06242f2b9da38d82b7f669e 56327038c5ee4cf0859d3fcd0ba3b8fc - - default default] GET http://[LB_IP_ADDRESS]:8776/v3/56327038c5ee4cf0859d3fcd0ba3b8fc/groups/d70f52f9-44bd-4c48-a23f-57f57ce3b58a
2026-06-10 17:15:25.128 74 INFO cinder.api.openstack.wsgi [None req-9b6da14f-b926-443f-a464-4642b18f738d cf706f3fb06242f2b9da38d82b7f669e 56327038c5ee4cf0859d3fcd0ba3b8fc - - default default] http://[LB_IP_ADDRESS]:8776/v3/56327038c5ee4cf0859d3fcd0ba3b8fc/groups/d70f52f9-44bd-4c48-a23f-57f57ce3b58a returned with HTTP 200
2026-06-10 17:15:25.146 73 INFO cinder.api.openstack.wsgi [None req-b7bdcd3f-8aa5-4006-b27f-82c3e8294641 cf706f3fb06242f2b9da38d82b7f669e 56327038c5ee4cf0859d3fcd0ba3b8fc - - default default] POST http://[LB_IP_ADDRESS]:8776/v3/56327038c5ee4cf0859d3fcd0ba3b8fc/volumes
2026-06-10 17:15:25.161 73 INFO cinder.api.v3.volumes [None req-b7bdcd3f-8aa5-4006-b27f-82c3e8294641 cf706f3fb06242f2b9da38d82b7f669e 56327038c5ee4cf0859d3fcd0ba3b8fc - - default default] Create volume of 1 GB
2026-06-10 17:15:25.167 75 INFO cinder.api.openstack.wsgi [None req-77e98393-81a5-45d7-9528-d9b6ee26ed9b 8a2137375e3449a59773761915d1921c 5b1ed3094ba44804bac9bb9605ede151 - - default default] http://[LB_IP_ADDRESS]:8776/v3/5b1ed3094ba44804bac9bb9605ede151/capabilities/rack04-server61@LIGHTOSecxuuy returned with HTTP 200
2026-06-10 17:15:25.170 73 INFO cinder.volume.api [None req-b7bdcd3f-8aa5-4006-b27f-82c3e8294641 cf706f3fb06242f2b9da38d82b7f669e 56327038c5ee4cf0859d3fcd0ba3b8fc - - default default] Availability Zones retrieved successfully.
2026-06-10 17:15:25.420 73 WARNING cinder.quota [None req-b7bdcd3f-8aa5-4006-b27f-82c3e8294641 cf706f3fb06242f2b9da38d82b7f669e 56327038c5ee4cf0859d3fcd0ba3b8fc - - default default] Deprecated: Default quota for resource: volumes_tempest-GroupSnapshotsV319Test-volume-type-883500125 is set by the default quota flag: quota_volumes_tempest-GroupSnapshotsV319Test-volume-type-883500125, it is now deprecated. Please use the default quota class for default quota.
2026-06-10 17:15:25.421 73 WARNING cinder.quota [None req-b7bdcd3f-8aa5-4006-b27f-82c3e8294641 cf706f3fb06242f2b9da38d82b7f669e 56327038c5ee4cf0859d3fcd0ba3b8fc - - default default] Deprecated: Default quota for resource: gigabytes_tempest-GroupSnapshotsV319Test-volume-type-883500125 is set by the default quota flag: quota_gigabytes_tempest-GroupSnapshotsV319Test-volume-type-883500125, it is now deprecated. Please use the default quota class for default quota.
2026-06-10 17:15:25.563 73 INFO cinder.volume.api [None req-b7bdcd3f-8aa5-4006-b27f-82c3e8294641 cf706f3fb06242f2b9da38d82b7f669e 56327038c5ee4cf0859d3fcd0ba3b8fc - - default default] Create volume request issued successfully.
2026-06-10 17:15:25.583 73 INFO cinder.api.openstack.wsgi [None req-b7bdcd3f-8aa5-4006-b27f-82c3e8294641 cf706f3fb06242f2b9da38d82b7f669e 56327038c5ee4cf0859d3fcd0ba3b8fc - - default default] http://[LB_IP_ADDRESS]:8776/v3/56327038c5ee4cf0859d3fcd0ba3b8fc/volumes returned with HTTP 202
2026-06-10 17:15:25.603 76 INFO cinder.api.openstack.wsgi [None req-e01ccb50-3648-4955-89eb-2f96b409073d cf706f3fb06242f2b9da38d82b7f669e 56327038c5ee4cf0859d3fcd0ba3b8fc - - default default] GET http://[LB_IP_ADDRESS]:8776/v3/56327038c5ee4cf0859d3fcd0ba3b8fc/volumes/377ff309-2bb1-4a88-9dc2-000211888aa8
2026-06-10 17:15:25.626 76 INFO cinder.volume.api [None req-e01ccb50-3648-4955-89eb-2f96b409073d cf706f3fb06242f2b9da38d82b7f669e 56327038c5ee4cf0859d3fcd0ba3b8fc - - default default] Volume info retrieved successfully.
2026-06-10 17:15:25.656 76 INFO cinder.api.openstack.wsgi [None req-e01ccb50-3648-4955-89eb-2f96b409073d cf706f3fb06242f2b9da38d82b7f669e 56327038c5ee4cf0859d3fcd0ba3b8fc - - default default] http://[LB_IP_ADDRESS]:8776/v3/56327038c5ee4cf0859d3fcd0ba3b8fc/volumes/377ff309-2bb1-4a88-9dc2-000211888aa8 returned with HTTP 200
2026-06-10 17:15:26.643 72 INFO cinder.api.openstack.wsgi [None req-ae5619ec-3c1d-49e9-815e-b7195cea19eb 2d33c74f7298467a85ba25724d59ff90 d8136e676a6444e0bbceee27610cf713 - - default default] POST http://[LB_IP_ADDRESS]:8776/v3/d8136e676a6444e0bbceee27610cf713/types
2026-06-10 17:15:26.670 72 INFO cinder.api.openstack.wsgi [None req-ae5619ec-3c1d-49e9-815e-b7195cea19eb 2d33c74f7298467a85ba25724d59ff90 d8136e676a6444e0bbceee27610cf713 - - default default] http://[LB_IP_ADDRESS]:8776/v3/d8136e676a6444e0bbceee27610cf713/types returned with HTTP 200
2026-06-10 17:15:26.678 74 INFO cinder.api.openstack.wsgi [None req-62d2a95e-924e-480c-8b97-e244633cb1e3 cf706f3fb06242f2b9da38d82b7f669e 56327038c5ee4cf0859d3fcd0ba3b8fc - - default default] GET http://[LB_IP_ADDRESS]:8776/v3/56327038c5ee4cf0859d3fcd0ba3b8fc/volumes/377ff309-2bb1-4a88-9dc2-000211888aa8
2026-06-10 17:15:26.685 75 INFO cinder.api.openstack.wsgi [None req-9095a824-88a6-4539-9c7f-af8665a6b153 2d33c74f7298467a85ba25724d59ff90 d8136e676a6444e0bbceee27610cf713 - - default default] POST http://[LB_IP_ADDRESS]:8776/v3/d8136e676a6444e0bbceee27610cf713/group_types
2026-06-10 17:15:26.700 74 INFO cinder.volume.api [None req-62d2a95e-924e-480c-8b97-e244633cb1e3 cf706f3fb06242f2b9da38d82b7f669e 56327038c5ee4cf0859d3fcd0ba3b8fc - - default default] Volume info retrieved successfully.
2026-06-10 17:15:26.710 75 INFO cinder.api.openstack.wsgi [None req-9095a824-88a6-4539-9c7f-af8665a6b153 2d33c74f7298467a85ba25724d59ff90 d8136e676a6444e0bbceee27610cf713 - - default default] http://[LB_IP_ADDRESS]:8776/v3/d8136e676a6444e0bbceee27610cf713/group_types returned with HTTP 202
2026-06-10 17:15:26.728 74 INFO cinder.api.openstack.wsgi [None req-62d2a95e-924e-480c-8b97-e244633cb1e3 cf706f3fb06242f2b9da38d82b7f669e 56327038c5ee4cf0859d3fcd0ba3b8fc - - default default] http://[LB_IP_ADDRESS]:8776/v3/56327038c5ee4cf0859d3fcd0ba3b8fc/volumes/377ff309-2bb1-4a88-9dc2-000211888aa8 returned with HTTP 200
2026-06-10 17:15:26.751 76 INFO cinder.api.openstack.wsgi [None req-c5994e98-2820-42af-b132-1a037bb51b41 cf706f3fb06242f2b9da38d82b7f669e 56327038c5ee4cf0859d3fcd0ba3b8fc - - default default] POST http://[LB_IP_ADDRESS]:8776/v3/56327038c5ee4cf0859d3fcd0ba3b8fc/group_snapshots
2026-06-10 17:15:26.767 76 INFO cinder.api.v3.group_snapshots [None req-c5994e98-2820-42af-b132-1a037bb51b41 cf706f3fb06242f2b9da38d82b7f669e 56327038c5ee4cf0859d3fcd0ba3b8fc - - default default] Creating group_snapshot tempest-GroupSnapshotsV319Test-Group_Snapshot-1918291775.
2026-06-10 17:15:26.825 73 INFO cinder.api.openstack.wsgi [None req-ba98dbe6-22d8-4b23-93ec-3554cde8cb08 c6b489e4fb554c4bada3f17395e573e2 c5ce9ff1265b422e9586e8b6438c1fb2 - - default default] POST http://[LB_IP_ADDRESS]:8776/v3/c5ce9ff1265b422e9586e8b6438c1fb2/groups
2026-06-10 17:15:26.836 73 INFO cinder.api.v3.groups [None req-ba98dbe6-22d8-4b23-93ec-3554cde8cb08 c6b489e4fb554c4bada3f17395e573e2 c5ce9ff1265b422e9586e8b6438c1fb2 - - default default] Creating group tempest-GroupSnapshotsTest-Group-105194284.
2026-06-10 17:15:26.847 73 INFO cinder.volume.api [None req-ba98dbe6-22d8-4b23-93ec-3554cde8cb08 c6b489e4fb554c4bada3f17395e573e2 c5ce9ff1265b422e9586e8b6438c1fb2 - - default default] Availability Zones retrieved successfully.
2026-06-10 17:15:26.851 76 WARNING cinder.quota [None req-c5994e98-2820-42af-b132-1a037bb51b41 cf706f3fb06242f2b9da38d82b7f669e 56327038c5ee4cf0859d3fcd0ba3b8fc - - default default] Deprecated: Default quota for resource: gigabytes_tempest-GroupSnapshotsV319Test-volume-type-883500125 is set by the default quota flag: quota_gigabytes_tempest-GroupSnapshotsV319Test-volume-type-883500125, it is now deprecated. Please use the default quota class for default quota.
2026-06-10 17:15:26.852 76 WARNING cinder.quota [None req-c5994e98-2820-42af-b132-1a037bb51b41 cf706f3fb06242f2b9da38d82b7f669e 56327038c5ee4cf0859d3fcd0ba3b8fc - - default default] Deprecated: Default quota for resource: snapshots_tempest-GroupSnapshotsV319Test-volume-type-883500125 is set by the default quota flag: quota_snapshots_tempest-GroupSnapshotsV319Test-volume-type-883500125, it is now deprecated. Please use the default quota class for default quota.
2026-06-10 17:15:26.928 76 INFO cinder.api.openstack.wsgi [None req-c5994e98-2820-42af-b132-1a037bb51b41 cf706f3fb06242f2b9da38d82b7f669e 56327038c5ee4cf0859d3fcd0ba3b8fc - - default default] http://[LB_IP_ADDRESS]:8776/v3/56327038c5ee4cf0859d3fcd0ba3b8fc/group_snapshots returned with HTTP 202
2026-06-10 17:15:26.943 72 INFO cinder.api.openstack.wsgi [None req-2f7c7e9c-5015-455e-bd25-b3c08657076e cf706f3fb06242f2b9da38d82b7f669e 56327038c5ee4cf0859d3fcd0ba3b8fc - - default default] GET http://[LB_IP_ADDRESS]:8776/v3/56327038c5ee4cf0859d3fcd0ba3b8fc/group_snapshots/87bce901-6c4d-4283-84bb-172557a65fef
2026-06-10 17:15:26.957 73 INFO cinder.api.openstack.wsgi [None req-ba98dbe6-22d8-4b23-93ec-3554cde8cb08 c6b489e4fb554c4bada3f17395e573e2 c5ce9ff1265b422e9586e8b6438c1fb2 - - default default] http://[LB_IP_ADDRESS]:8776/v3/c5ce9ff1265b422e9586e8b6438c1fb2/groups returned with HTTP 202
2026-06-10 17:15:26.957 72 INFO cinder.api.openstack.wsgi [None req-2f7c7e9c-5015-455e-bd25-b3c08657076e cf706f3fb06242f2b9da38d82b7f669e 56327038c5ee4cf0859d3fcd0ba3b8fc - - default default] http://[LB_IP_ADDRESS]:8776/v3/56327038c5ee4cf0859d3fcd0ba3b8fc/group_snapshots/87bce901-6c4d-4283-84bb-172557a65fef returned with HTTP 200
2026-06-10 17:15:26.971 75 INFO cinder.api.openstack.wsgi [None req-ee3a0944-6ce3-4e89-82fb-5f4a1b6416fb c6b489e4fb554c4bada3f17395e573e2 c5ce9ff1265b422e9586e8b6438c1fb2 - - default default] GET http://[LB_IP_ADDRESS]:8776/v3/c5ce9ff1265b422e9586e8b6438c1fb2/groups/6a43d134-d8c6-4251-851c-084afee9f1fe
2026-06-10 17:15:26.993 75 INFO cinder.api.openstack.wsgi [None req-ee3a0944-6ce3-4e89-82fb-5f4a1b6416fb c6b489e4fb554c4bada3f17395e573e2 c5ce9ff1265b422e9586e8b6438c1fb2 - - default default] http://[LB_IP_ADDRESS]:8776/v3/c5ce9ff1265b422e9586e8b6438c1fb2/groups/6a43d134-d8c6-4251-851c-084afee9f1fe returned with HTTP 200
2026-06-10 17:15:27.973 74 INFO cinder.api.openstack.wsgi [None req-3eebc391-a59d-4172-be22-1337692c6f31 cf706f3fb06242f2b9da38d82b7f669e 56327038c5ee4cf0859d3fcd0ba3b8fc - - default default] GET http://[LB_IP_ADDRESS]:8776/v3/56327038c5ee4cf0859d3fcd0ba3b8fc/group_snapshots/87bce901-6c4d-4283-84bb-172557a65fef
2026-06-10 17:15:27.986 74 INFO cinder.api.openstack.wsgi [None req-3eebc391-a59d-4172-be22-1337692c6f31 cf706f3fb06242f2b9da38d82b7f669e 56327038c5ee4cf0859d3fcd0ba3b8fc - - default default] http://[LB_IP_ADDRESS]:8776/v3/56327038c5ee4cf0859d3fcd0ba3b8fc/group_snapshots/87bce901-6c4d-4283-84bb-172557a65fef returned with HTTP 200
2026-06-10 17:15:28.010 76 INFO cinder.api.openstack.wsgi [None req-3566a1b8-6113-4442-a552-082a971107b1 c6b489e4fb554c4bada3f17395e573e2 c5ce9ff1265b422e9586e8b6438c1fb2 - - default default] GET http://[LB_IP_ADDRESS]:8776/v3/c5ce9ff1265b422e9586e8b6438c1fb2/groups/6a43d134-d8c6-4251-851c-084afee9f1fe
2026-06-10 17:15:28.031 76 INFO cinder.api.openstack.wsgi [None req-3566a1b8-6113-4442-a552-082a971107b1 c6b489e4fb554c4bada3f17395e573e2 c5ce9ff1265b422e9586e8b6438c1fb2 - - default default] http://[LB_IP_ADDRESS]:8776/v3/c5ce9ff1265b422e9586e8b6438c1fb2/groups/6a43d134-d8c6-4251-851c-084afee9f1fe returned with HTTP 200
2026-06-10 17:15:28.048 73 INFO cinder.api.openstack.wsgi [None req-93471ca5-543f-4f20-9e08-5d19e826582b c6b489e4fb554c4bada3f17395e573e2 c5ce9ff1265b422e9586e8b6438c1fb2 - - default default] POST http://[LB_IP_ADDRESS]:8776/v3/c5ce9ff1265b422e9586e8b6438c1fb2/volumes
2026-06-10 17:15:28.063 73 INFO cinder.api.v3.volumes [None req-93471ca5-543f-4f20-9e08-5d19e826582b c6b489e4fb554c4bada3f17395e573e2 c5ce9ff1265b422e9586e8b6438c1fb2 - - default default] Create volume of 1 GB
2026-06-10 17:15:28.073 73 INFO cinder.volume.api [None req-93471ca5-543f-4f20-9e08-5d19e826582b c6b489e4fb554c4bada3f17395e573e2 c5ce9ff1265b422e9586e8b6438c1fb2 - - default default] Availability Zones retrieved successfully.
2026-06-10 17:15:28.320 73 WARNING cinder.quota [None req-93471ca5-543f-4f20-9e08-5d19e826582b c6b489e4fb554c4bada3f17395e573e2 c5ce9ff1265b422e9586e8b6438c1fb2 - - default default] Deprecated: Default quota for resource: volumes_tempest-GroupSnapshotsTest-volume-type-1443836626 is set by the default quota flag: quota_volumes_tempest-GroupSnapshotsTest-volume-type-1443836626, it is now deprecated. Please use the default quota class for default quota.
2026-06-10 17:15:28.321 73 WARNING cinder.quota [None req-93471ca5-543f-4f20-9e08-5d19e826582b c6b489e4fb554c4bada3f17395e573e2 c5ce9ff1265b422e9586e8b6438c1fb2 - - default default] Deprecated: Default quota for resource: gigabytes_tempest-GroupSnapshotsTest-volume-type-1443836626 is set by the default quota flag: quota_gigabytes_tempest-GroupSnapshotsTest-volume-type-1443836626, it is now deprecated. Please use the default quota class for default quota.
2026-06-10 17:15:28.467 73 INFO cinder.volume.api [None req-93471ca5-543f-4f20-9e08-5d19e826582b c6b489e4fb554c4bada3f17395e573e2 c5ce9ff1265b422e9586e8b6438c1fb2 - - default default] Create volume request issued successfully.
2026-06-10 17:15:28.488 73 INFO cinder.api.openstack.wsgi [None req-93471ca5-543f-4f20-9e08-5d19e826582b c6b489e4fb554c4bada3f17395e573e2 c5ce9ff1265b422e9586e8b6438c1fb2 - - default default] http://[LB_IP_ADDRESS]:8776/v3/c5ce9ff1265b422e9586e8b6438c1fb2/volumes returned with HTTP 202
2026-06-10 17:15:28.510 72 INFO cinder.api.openstack.wsgi [None req-7bd1321a-cb29-447d-9eb7-2a909d414e2e c6b489e4fb554c4bada3f17395e573e2 c5ce9ff1265b422e9586e8b6438c1fb2 - - default default] GET http://[LB_IP_ADDRESS]:8776/v3/c5ce9ff1265b422e9586e8b6438c1fb2/volumes/92dd0789-59dc-4fd8-af17-9166c1804abd
2026-06-10 17:15:28.532 72 INFO cinder.volume.api [None req-7bd1321a-cb29-447d-9eb7-2a909d414e2e c6b489e4fb554c4bada3f17395e573e2 c5ce9ff1265b422e9586e8b6438c1fb2 - - default default] Volume info retrieved successfully.
2026-06-10 17:15:28.562 72 INFO cinder.api.openstack.wsgi [None req-7bd1321a-cb29-447d-9eb7-2a909d414e2e c6b489e4fb554c4bada3f17395e573e2 c5ce9ff1265b422e9586e8b6438c1fb2 - - default default] http://[LB_IP_ADDRESS]:8776/v3/c5ce9ff1265b422e9586e8b6438c1fb2/volumes/92dd0789-59dc-4fd8-af17-9166c1804abd returned with HTTP 200
2026-06-10 17:15:29.002 75 INFO cinder.api.openstack.wsgi [None req-69543cb7-6c37-46bd-ab6f-1aee40457140 cf706f3fb06242f2b9da38d82b7f669e 56327038c5ee4cf0859d3fcd0ba3b8fc - - default default] GET http://[LB_IP_ADDRESS]:8776/v3/56327038c5ee4cf0859d3fcd0ba3b8fc/group_snapshots/87bce901-6c4d-4283-84bb-172557a65fef
2026-06-10 17:15:29.015 75 INFO cinder.api.openstack.wsgi [None req-69543cb7-6c37-46bd-ab6f-1aee40457140 cf706f3fb06242f2b9da38d82b7f669e 56327038c5ee4cf0859d3fcd0ba3b8fc - - default default] http://[LB_IP_ADDRESS]:8776/v3/56327038c5ee4cf0859d3fcd0ba3b8fc/group_snapshots/87bce901-6c4d-4283-84bb-172557a65fef returned with HTTP 200
2026-06-10 17:15:29.031 74 INFO cinder.api.openstack.wsgi [None req-183398ec-305d-4bd7-875e-693ec640769f cf706f3fb06242f2b9da38d82b7f669e 56327038c5ee4cf0859d3fcd0ba3b8fc - - default default] GET http://[LB_IP_ADDRESS]:8776/v3/56327038c5ee4cf0859d3fcd0ba3b8fc/snapshots/detail
2026-06-10 17:15:29.040 74 INFO cinder.volume.api [None req-183398ec-305d-4bd7-875e-693ec640769f cf706f3fb06242f2b9da38d82b7f669e 56327038c5ee4cf0859d3fcd0ba3b8fc - - default default] Get all snapshots completed successfully.
2026-06-10 17:15:29.042 74 INFO cinder.api.openstack.wsgi [None req-183398ec-305d-4bd7-875e-693ec640769f cf706f3fb06242f2b9da38d82b7f669e 56327038c5ee4cf0859d3fcd0ba3b8fc - - default default] http://[LB_IP_ADDRESS]:8776/v3/56327038c5ee4cf0859d3fcd0ba3b8fc/snapshots/detail returned with HTTP 200
2026-06-10 17:15:29.059 76 INFO cinder.api.openstack.wsgi [None req-d4502f5c-6cf5-471d-89e3-a9d2f35df48a cf706f3fb06242f2b9da38d82b7f669e 56327038c5ee4cf0859d3fcd0ba3b8fc - - default default] GET http://[LB_IP_ADDRESS]:8776/v3/56327038c5ee4cf0859d3fcd0ba3b8fc/snapshots/f6e06e47-283a-4cba-9e03-1c88b248a6ad
2026-06-10 17:15:29.070 76 INFO cinder.volume.api [None req-d4502f5c-6cf5-471d-89e3-a9d2f35df48a cf706f3fb06242f2b9da38d82b7f669e 56327038c5ee4cf0859d3fcd0ba3b8fc - - default default] Snapshot retrieved successfully.
2026-06-10 17:15:29.072 76 INFO cinder.api.openstack.wsgi [None req-d4502f5c-6cf5-471d-89e3-a9d2f35df48a cf706f3fb06242f2b9da38d82b7f669e 56327038c5ee4cf0859d3fcd0ba3b8fc - - default default] http://[LB_IP_ADDRESS]:8776/v3/56327038c5ee4cf0859d3fcd0ba3b8fc/snapshots/f6e06e47-283a-4cba-9e03-1c88b248a6ad returned with HTTP 200
2026-06-10 17:15:29.088 73 INFO cinder.api.openstack.wsgi [None req-5b7ab3e2-997e-4f2f-906e-abb8aeb10d0d 7cdbbd9b381b4ef3aaca09afb6635f41 141f79f0226c48aca1b58643baa02942 - - default default] POST http://[LB_IP_ADDRESS]:8776/v3/141f79f0226c48aca1b58643baa02942/group_snapshots/87bce901-6c4d-4283-84bb-172557a65fef/action
2026-06-10 17:15:29.107 73 INFO cinder.api.openstack.wsgi [None req-5b7ab3e2-997e-4f2f-906e-abb8aeb10d0d 7cdbbd9b381b4ef3aaca09afb6635f41 141f79f0226c48aca1b58643baa02942 - - default default] http://[LB_IP_ADDRESS]:8776/v3/141f79f0226c48aca1b58643baa02942/group_snapshots/87bce901-6c4d-4283-84bb-172557a65fef/action returned with HTTP 202
2026-06-10 17:15:29.119 72 INFO cinder.api.openstack.wsgi [None req-db8389a2-0ea3-48c0-b3c2-cbb874e357d5 cf706f3fb06242f2b9da38d82b7f669e 56327038c5ee4cf0859d3fcd0ba3b8fc - - default default] GET http://[LB_IP_ADDRESS]:8776/v3/56327038c5ee4cf0859d3fcd0ba3b8fc/group_snapshots/87bce901-6c4d-4283-84bb-172557a65fef
2026-06-10 17:15:29.132 72 INFO cinder.api.openstack.wsgi [None req-db8389a2-0ea3-48c0-b3c2-cbb874e357d5 cf706f3fb06242f2b9da38d82b7f669e 56327038c5ee4cf0859d3fcd0ba3b8fc - - default default] http://[LB_IP_ADDRESS]:8776/v3/56327038c5ee4cf0859d3fcd0ba3b8fc/group_snapshots/87bce901-6c4d-4283-84bb-172557a65fef returned with HTTP 200
2026-06-10 17:15:29.147 75 INFO cinder.api.openstack.wsgi [None req-7b34e1d6-7c28-4fd0-9380-83c296d05e70 7cdbbd9b381b4ef3aaca09afb6635f41 141f79f0226c48aca1b58643baa02942 - - default default] POST http://[LB_IP_ADDRESS]:8776/v3/141f79f0226c48aca1b58643baa02942/group_snapshots/87bce901-6c4d-4283-84bb-172557a65fef/action
2026-06-10 17:15:29.165 75 INFO cinder.api.openstack.wsgi [None req-7b34e1d6-7c28-4fd0-9380-83c296d05e70 7cdbbd9b381b4ef3aaca09afb6635f41 141f79f0226c48aca1b58643baa02942 - - default default] http://[LB_IP_ADDRESS]:8776/v3/141f79f0226c48aca1b58643baa02942/group_snapshots/87bce901-6c4d-4283-84bb-172557a65fef/action returned with HTTP 202
2026-06-10 17:15:29.178 74 INFO cinder.api.openstack.wsgi [None req-98faa295-50f0-48c0-a1d9-374e9730dbc6 cf706f3fb06242f2b9da38d82b7f669e 56327038c5ee4cf0859d3fcd0ba3b8fc - - default default] GET http://[LB_IP_ADDRESS]:8776/v3/56327038c5ee4cf0859d3fcd0ba3b8fc/group_snapshots/87bce901-6c4d-4283-84bb-172557a65fef
2026-06-10 17:15:29.191 74 INFO cinder.api.openstack.wsgi [None req-98faa295-50f0-48c0-a1d9-374e9730dbc6 cf706f3fb06242f2b9da38d82b7f669e 56327038c5ee4cf0859d3fcd0ba3b8fc - - default default] http://[LB_IP_ADDRESS]:8776/v3/56327038c5ee4cf0859d3fcd0ba3b8fc/group_snapshots/87bce901-6c4d-4283-84bb-172557a65fef returned with HTTP 200
2026-06-10 17:15:29.207 76 INFO cinder.api.openstack.wsgi [None req-83bf3a7a-3e64-4550-8ab7-c2841c68bfd0 7cdbbd9b381b4ef3aaca09afb6635f41 141f79f0226c48aca1b58643baa02942 - - default default] POST http://[LB_IP_ADDRESS]:8776/v3/141f79f0226c48aca1b58643baa02942/group_snapshots/87bce901-6c4d-4283-84bb-172557a65fef/action
2026-06-10 17:15:29.226 76 INFO cinder.api.openstack.wsgi [None req-83bf3a7a-3e64-4550-8ab7-c2841c68bfd0 7cdbbd9b381b4ef3aaca09afb6635f41 141f79f0226c48aca1b58643baa02942 - - default default] http://[LB_IP_ADDRESS]:8776/v3/141f79f0226c48aca1b58643baa02942/group_snapshots/87bce901-6c4d-4283-84bb-172557a65fef/action returned with HTTP 202
2026-06-10 17:15:29.238 73 INFO cinder.api.openstack.wsgi [None req-2062394f-4337-4895-9c89-830746149e98 cf706f3fb06242f2b9da38d82b7f669e 56327038c5ee4cf0859d3fcd0ba3b8fc - - default default] GET http://[LB_IP_ADDRESS]:8776/v3/56327038c5ee4cf0859d3fcd0ba3b8fc/group_snapshots/87bce901-6c4d-4283-84bb-172557a65fef
2026-06-10 17:15:29.252 73 INFO cinder.api.openstack.wsgi [None req-2062394f-4337-4895-9c89-830746149e98 cf706f3fb06242f2b9da38d82b7f669e 56327038c5ee4cf0859d3fcd0ba3b8fc - - default default] http://[LB_IP_ADDRESS]:8776/v3/56327038c5ee4cf0859d3fcd0ba3b8fc/group_snapshots/87bce901-6c4d-4283-84bb-172557a65fef returned with HTTP 200
2026-06-10 17:15:29.267 72 INFO cinder.api.openstack.wsgi [None req-73b275bc-81cb-4fe0-a9c2-1edadb748e31 7cdbbd9b381b4ef3aaca09afb6635f41 141f79f0226c48aca1b58643baa02942 - - default default] POST http://[LB_IP_ADDRESS]:8776/v3/141f79f0226c48aca1b58643baa02942/group_snapshots/87bce901-6c4d-4283-84bb-172557a65fef/action
2026-06-10 17:15:29.286 72 INFO cinder.api.openstack.wsgi [None req-73b275bc-81cb-4fe0-a9c2-1edadb748e31 7cdbbd9b381b4ef3aaca09afb6635f41 141f79f0226c48aca1b58643baa02942 - - default default] http://[LB_IP_ADDRESS]:8776/v3/141f79f0226c48aca1b58643baa02942/group_snapshots/87bce901-6c4d-4283-84bb-172557a65fef/action returned with HTTP 202
2026-06-10 17:15:29.298 75 INFO cinder.api.openstack.wsgi [None req-37cfccf1-6efa-465d-a00d-1f2603ad8d22 cf706f3fb06242f2b9da38d82b7f669e 56327038c5ee4cf0859d3fcd0ba3b8fc - - default default] GET http://[LB_IP_ADDRESS]:8776/v3/56327038c5ee4cf0859d3fcd0ba3b8fc/group_snapshots/87bce901-6c4d-4283-84bb-172557a65fef
2026-06-10 17:15:29.312 75 INFO cinder.api.openstack.wsgi [None req-37cfccf1-6efa-465d-a00d-1f2603ad8d22 cf706f3fb06242f2b9da38d82b7f669e 56327038c5ee4cf0859d3fcd0ba3b8fc - - default default] http://[LB_IP_ADDRESS]:8776/v3/56327038c5ee4cf0859d3fcd0ba3b8fc/group_snapshots/87bce901-6c4d-4283-84bb-172557a65fef returned with HTTP 200
2026-06-10 17:15:29.328 74 INFO cinder.api.openstack.wsgi [None req-731a7e6e-6275-4d29-bd87-b0a5f7271144 cf706f3fb06242f2b9da38d82b7f669e 56327038c5ee4cf0859d3fcd0ba3b8fc - - default default] DELETE http://[LB_IP_ADDRESS]:8776/v3/56327038c5ee4cf0859d3fcd0ba3b8fc/group_snapshots/87bce901-6c4d-4283-84bb-172557a65fef
2026-06-10 17:15:29.329 74 INFO cinder.api.v3.group_snapshots [None req-731a7e6e-6275-4d29-bd87-b0a5f7271144 cf706f3fb06242f2b9da38d82b7f669e 56327038c5ee4cf0859d3fcd0ba3b8fc - - default default] Delete group_snapshot with id: 87bce901-6c4d-4283-84bb-172557a65fef
2026-06-10 17:15:29.377 74 INFO cinder.api.openstack.wsgi [None req-731a7e6e-6275-4d29-bd87-b0a5f7271144 cf706f3fb06242f2b9da38d82b7f669e 56327038c5ee4cf0859d3fcd0ba3b8fc - - default default] http://[LB_IP_ADDRESS]:8776/v3/56327038c5ee4cf0859d3fcd0ba3b8fc/group_snapshots/87bce901-6c4d-4283-84bb-172557a65fef returned with HTTP 202
2026-06-10 17:15:29.389 76 INFO cinder.api.openstack.wsgi [None req-ec2ad180-f78d-4cd5-8097-237a6ac7cecc cf706f3fb06242f2b9da38d82b7f669e 56327038c5ee4cf0859d3fcd0ba3b8fc - - default default] GET http://[LB_IP_ADDRESS]:8776/v3/56327038c5ee4cf0859d3fcd0ba3b8fc/volumes/detail
2026-06-10 17:15:29.404 76 INFO cinder.volume.api [None req-ec2ad180-f78d-4cd5-8097-237a6ac7cecc cf706f3fb06242f2b9da38d82b7f669e 56327038c5ee4cf0859d3fcd0ba3b8fc - - default default] Get all volumes completed successfully.
2026-06-10 17:15:29.432 76 INFO cinder.api.openstack.wsgi [None req-ec2ad180-f78d-4cd5-8097-237a6ac7cecc cf706f3fb06242f2b9da38d82b7f669e 56327038c5ee4cf0859d3fcd0ba3b8fc - - default default] http://[LB_IP_ADDRESS]:8776/v3/56327038c5ee4cf0859d3fcd0ba3b8fc/volumes/detail returned with HTTP 200
2026-06-10 17:15:29.455 73 INFO cinder.api.openstack.wsgi [None req-1d418cec-c392-473d-9893-05fe44349fe7 cf706f3fb06242f2b9da38d82b7f669e 56327038c5ee4cf0859d3fcd0ba3b8fc - - default default] GET http://[LB_IP_ADDRESS]:8776/v3/56327038c5ee4cf0859d3fcd0ba3b8fc/snapshots/detail
2026-06-10 17:15:29.464 73 INFO cinder.volume.api [None req-1d418cec-c392-473d-9893-05fe44349fe7 cf706f3fb06242f2b9da38d82b7f669e 56327038c5ee4cf0859d3fcd0ba3b8fc - - default default] Get all snapshots completed successfully.
2026-06-10 17:15:29.466 73 INFO cinder.api.openstack.wsgi [None req-1d418cec-c392-473d-9893-05fe44349fe7 cf706f3fb06242f2b9da38d82b7f669e 56327038c5ee4cf0859d3fcd0ba3b8fc - - default default] http://[LB_IP_ADDRESS]:8776/v3/56327038c5ee4cf0859d3fcd0ba3b8fc/snapshots/detail returned with HTTP 200
2026-06-10 17:15:29.483 72 INFO cinder.api.openstack.wsgi [None req-f00cc5d9-0df9-478a-a477-4c356728cb35 cf706f3fb06242f2b9da38d82b7f669e 56327038c5ee4cf0859d3fcd0ba3b8fc - - default default] GET http://[LB_IP_ADDRESS]:8776/v3/56327038c5ee4cf0859d3fcd0ba3b8fc/snapshots/f6e06e47-283a-4cba-9e03-1c88b248a6ad
2026-06-10 17:15:29.495 72 INFO cinder.volume.api [None req-f00cc5d9-0df9-478a-a477-4c356728cb35 cf706f3fb06242f2b9da38d82b7f669e 56327038c5ee4cf0859d3fcd0ba3b8fc - - default default] Snapshot retrieved successfully.
2026-06-10 17:15:29.497 72 INFO cinder.api.openstack.wsgi [None req-f00cc5d9-0df9-478a-a477-4c356728cb35 cf706f3fb06242f2b9da38d82b7f669e 56327038c5ee4cf0859d3fcd0ba3b8fc - - default default] http://[LB_IP_ADDRESS]:8776/v3/56327038c5ee4cf0859d3fcd0ba3b8fc/snapshots/f6e06e47-283a-4cba-9e03-1c88b248a6ad returned with HTTP 200
2026-06-10 17:15:29.588 75 INFO cinder.api.openstack.wsgi [None req-2cb7334a-83f5-4ce9-ac14-36868f3aa895 c6b489e4fb554c4bada3f17395e573e2 c5ce9ff1265b422e9586e8b6438c1fb2 - - default default] GET http://[LB_IP_ADDRESS]:8776/v3/c5ce9ff1265b422e9586e8b6438c1fb2/volumes/92dd0789-59dc-4fd8-af17-9166c1804abd
2026-06-10 17:15:29.609 75 INFO cinder.volume.api [None req-2cb7334a-83f5-4ce9-ac14-36868f3aa895 c6b489e4fb554c4bada3f17395e573e2 c5ce9ff1265b422e9586e8b6438c1fb2 - - default default] Volume info retrieved successfully.
2026-06-10 17:15:29.636 75 INFO cinder.api.openstack.wsgi [None req-2cb7334a-83f5-4ce9-ac14-36868f3aa895 c6b489e4fb554c4bada3f17395e573e2 c5ce9ff1265b422e9586e8b6438c1fb2 - - default default] http://[LB_IP_ADDRESS]:8776/v3/c5ce9ff1265b422e9586e8b6438c1fb2/volumes/92dd0789-59dc-4fd8-af17-9166c1804abd returned with HTTP 200
2026-06-10 17:15:29.660 74 INFO cinder.api.openstack.wsgi [None req-b75c6f9b-c7b3-4621-bcd5-5bea2d5d79e9 c6b489e4fb554c4bada3f17395e573e2 c5ce9ff1265b422e9586e8b6438c1fb2 - - default default] POST http://[LB_IP_ADDRESS]:8776/v3/c5ce9ff1265b422e9586e8b6438c1fb2/group_snapshots
2026-06-10 17:15:29.676 74 INFO cinder.api.v3.group_snapshots [None req-b75c6f9b-c7b3-4621-bcd5-5bea2d5d79e9 c6b489e4fb554c4bada3f17395e573e2 c5ce9ff1265b422e9586e8b6438c1fb2 - - default default] Creating group_snapshot tempest-group_snapshot-1787439773.
2026-06-10 17:15:29.760 74 WARNING cinder.quota [None req-b75c6f9b-c7b3-4621-bcd5-5bea2d5d79e9 c6b489e4fb554c4bada3f17395e573e2 c5ce9ff1265b422e9586e8b6438c1fb2 - - default default] Deprecated: Default quota for resource: gigabytes_tempest-GroupSnapshotsTest-volume-type-1443836626 is set by the default quota flag: quota_gigabytes_tempest-GroupSnapshotsTest-volume-type-1443836626, it is now deprecated. Please use the default quota class for default quota.
2026-06-10 17:15:29.761 74 WARNING cinder.quota [None req-b75c6f9b-c7b3-4621-bcd5-5bea2d5d79e9 c6b489e4fb554c4bada3f17395e573e2 c5ce9ff1265b422e9586e8b6438c1fb2 - - default default] Deprecated: Default quota for resource: snapshots_tempest-GroupSnapshotsTest-volume-type-1443836626 is set by the default quota flag: quota_snapshots_tempest-GroupSnapshotsTest-volume-type-1443836626, it is now deprecated. Please use the default quota class for default quota.
2026-06-10 17:15:29.837 74 INFO cinder.api.openstack.wsgi [None req-b75c6f9b-c7b3-4621-bcd5-5bea2d5d79e9 c6b489e4fb554c4bada3f17395e573e2 c5ce9ff1265b422e9586e8b6438c1fb2 - - default default] http://[LB_IP_ADDRESS]:8776/v3/c5ce9ff1265b422e9586e8b6438c1fb2/group_snapshots returned with HTTP 202
2026-06-10 17:15:29.852 76 INFO cinder.api.openstack.wsgi [None req-54c4c48b-16be-4c19-8dcf-8aee35527d85 c6b489e4fb554c4bada3f17395e573e2 c5ce9ff1265b422e9586e8b6438c1fb2 - - default default] GET http://[LB_IP_ADDRESS]:8776/v3/c5ce9ff1265b422e9586e8b6438c1fb2/group_snapshots/57558457-faa8-4295-994e-8f5f698cfda3
2026-06-10 17:15:29.866 76 INFO cinder.api.openstack.wsgi [None req-54c4c48b-16be-4c19-8dcf-8aee35527d85 c6b489e4fb554c4bada3f17395e573e2 c5ce9ff1265b422e9586e8b6438c1fb2 - - default default] http://[LB_IP_ADDRESS]:8776/v3/c5ce9ff1265b422e9586e8b6438c1fb2/group_snapshots/57558457-faa8-4295-994e-8f5f698cfda3 returned with HTTP 200
2026-06-10 17:15:30.514 73 INFO cinder.api.openstack.wsgi [None req-9f4596d7-8947-4d9e-b395-b2b2fd3560b0 cf706f3fb06242f2b9da38d82b7f669e 56327038c5ee4cf0859d3fcd0ba3b8fc - - default default] GET http://[LB_IP_ADDRESS]:8776/v3/56327038c5ee4cf0859d3fcd0ba3b8fc/snapshots/f6e06e47-283a-4cba-9e03-1c88b248a6ad
2026-06-10 17:15:30.523 73 INFO cinder.api.openstack.wsgi [None req-9f4596d7-8947-4d9e-b395-b2b2fd3560b0 cf706f3fb06242f2b9da38d82b7f669e 56327038c5ee4cf0859d3fcd0ba3b8fc - - default default] http://[LB_IP_ADDRESS]:8776/v3/56327038c5ee4cf0859d3fcd0ba3b8fc/snapshots/f6e06e47-283a-4cba-9e03-1c88b248a6ad returned with HTTP 404
2026-06-10 17:15:30.535 72 INFO cinder.api.openstack.wsgi [None req-07afe984-be9d-4d40-a67a-931e3e3bf34e cf706f3fb06242f2b9da38d82b7f669e 56327038c5ee4cf0859d3fcd0ba3b8fc - - default default] GET http://[LB_IP_ADDRESS]:8776/v3/56327038c5ee4cf0859d3fcd0ba3b8fc/group_snapshots/87bce901-6c4d-4283-84bb-172557a65fef
2026-06-10 17:15:30.541 72 INFO cinder.api.openstack.wsgi [None req-07afe984-be9d-4d40-a67a-931e3e3bf34e cf706f3fb06242f2b9da38d82b7f669e 56327038c5ee4cf0859d3fcd0ba3b8fc - - default default] http://[LB_IP_ADDRESS]:8776/v3/56327038c5ee4cf0859d3fcd0ba3b8fc/group_snapshots/87bce901-6c4d-4283-84bb-172557a65fef returned with HTTP 404
2026-06-10 17:15:30.553 75 INFO cinder.api.openstack.wsgi [None req-060a177a-731e-43bc-8b1f-35f716fc6358 cf706f3fb06242f2b9da38d82b7f669e 56327038c5ee4cf0859d3fcd0ba3b8fc - - default default] GET http://[LB_IP_ADDRESS]:8776/v3/56327038c5ee4cf0859d3fcd0ba3b8fc/volumes/detail
2026-06-10 17:15:30.566 75 INFO cinder.volume.api [None req-060a177a-731e-43bc-8b1f-35f716fc6358 cf706f3fb06242f2b9da38d82b7f669e 56327038c5ee4cf0859d3fcd0ba3b8fc - - default default] Get all volumes completed successfully.
2026-06-10 17:15:30.594 75 INFO cinder.api.openstack.wsgi [None req-060a177a-731e-43bc-8b1f-35f716fc6358 cf706f3fb06242f2b9da38d82b7f669e 56327038c5ee4cf0859d3fcd0ba3b8fc - - default default] http://[LB_IP_ADDRESS]:8776/v3/56327038c5ee4cf0859d3fcd0ba3b8fc/volumes/detail returned with HTTP 200
2026-06-10 17:15:30.618 74 INFO cinder.api.openstack.wsgi [None req-9ec597b8-3bd2-4085-8c65-0733a07b49fb cf706f3fb06242f2b9da38d82b7f669e 56327038c5ee4cf0859d3fcd0ba3b8fc - - default default] POST http://[LB_IP_ADDRESS]:8776/v3/56327038c5ee4cf0859d3fcd0ba3b8fc/groups/d70f52f9-44bd-4c48-a23f-57f57ce3b58a/action
2026-06-10 17:15:30.622 74 INFO cinder.api.v3.groups [None req-9ec597b8-3bd2-4085-8c65-0733a07b49fb cf706f3fb06242f2b9da38d82b7f669e 56327038c5ee4cf0859d3fcd0ba3b8fc - - default default] Delete group with id: d70f52f9-44bd-4c48-a23f-57f57ce3b58a
2026-06-10 17:15:30.690 74 INFO cinder.api.openstack.wsgi [None req-9ec597b8-3bd2-4085-8c65-0733a07b49fb cf706f3fb06242f2b9da38d82b7f669e 56327038c5ee4cf0859d3fcd0ba3b8fc - - default default] http://[LB_IP_ADDRESS]:8776/v3/56327038c5ee4cf0859d3fcd0ba3b8fc/groups/d70f52f9-44bd-4c48-a23f-57f57ce3b58a/action returned with HTTP 202
2026-06-10 17:15:30.703 76 INFO cinder.api.openstack.wsgi [None req-01c4ba21-d20b-4b7b-8819-49f61111dcd4 cf706f3fb06242f2b9da38d82b7f669e 56327038c5ee4cf0859d3fcd0ba3b8fc - - default default] GET http://[LB_IP_ADDRESS]:8776/v3/56327038c5ee4cf0859d3fcd0ba3b8fc/volumes/377ff309-2bb1-4a88-9dc2-000211888aa8
2026-06-10 17:15:30.725 76 INFO cinder.volume.api [None req-01c4ba21-d20b-4b7b-8819-49f61111dcd4 cf706f3fb06242f2b9da38d82b7f669e 56327038c5ee4cf0859d3fcd0ba3b8fc - - default default] Volume info retrieved successfully.
2026-06-10 17:15:30.753 76 INFO cinder.api.openstack.wsgi [None req-01c4ba21-d20b-4b7b-8819-49f61111dcd4 cf706f3fb06242f2b9da38d82b7f669e 56327038c5ee4cf0859d3fcd0ba3b8fc - - default default] http://[LB_IP_ADDRESS]:8776/v3/56327038c5ee4cf0859d3fcd0ba3b8fc/volumes/377ff309-2bb1-4a88-9dc2-000211888aa8 returned with HTTP 200
2026-06-10 17:15:30.882 73 INFO cinder.api.openstack.wsgi [None req-214bd849-494b-4afb-9dd9-5e3f43545c8e c6b489e4fb554c4bada3f17395e573e2 c5ce9ff1265b422e9586e8b6438c1fb2 - - default default] GET http://[LB_IP_ADDRESS]:8776/v3/c5ce9ff1265b422e9586e8b6438c1fb2/group_snapshots/57558457-faa8-4295-994e-8f5f698cfda3
