Build Started 26_03_2026_13_25_37
2026-03-26 13:27:44.984 72 INFO cinder.api.openstack.wsgi [None req-e7ad758c-893c-437a-971c-a4e6e09a4556 cb78fafa6cf1463c9ed291d2ac4af59d a5c2a3eb754f4525b1f2bd0b1358b6e6 - - default default] GET http://[LB_IP_ADDRESS]:8776/v3/a5c2a3eb754f4525b1f2bd0b1358b6e6/volumes/detail
2026-03-26 13:27:44.998 72 INFO cinder.volume.api [None req-e7ad758c-893c-437a-971c-a4e6e09a4556 cb78fafa6cf1463c9ed291d2ac4af59d a5c2a3eb754f4525b1f2bd0b1358b6e6 - - default default] Get all volumes completed successfully.
2026-03-26 13:27:45.001 72 INFO cinder.api.openstack.wsgi [None req-e7ad758c-893c-437a-971c-a4e6e09a4556 cb78fafa6cf1463c9ed291d2ac4af59d a5c2a3eb754f4525b1f2bd0b1358b6e6 - - default default] http://[LB_IP_ADDRESS]:8776/v3/a5c2a3eb754f4525b1f2bd0b1358b6e6/volumes/detail returned with HTTP 200
2026-03-26 13:27:45.011 74 INFO cinder.api.openstack.wsgi [req-e7ad758c-893c-437a-971c-a4e6e09a4556 req-123ef21e-8ed3-4a60-a2f7-4ac5a0035f9e cb78fafa6cf1463c9ed291d2ac4af59d a5c2a3eb754f4525b1f2bd0b1358b6e6 - - default default] GET http://[LB_IP_ADDRESS]:8776/v3/a5c2a3eb754f4525b1f2bd0b1358b6e6/snapshots/detail?all_tenants=True
2026-03-26 13:27:45.017 74 INFO cinder.volume.api [req-e7ad758c-893c-437a-971c-a4e6e09a4556 req-123ef21e-8ed3-4a60-a2f7-4ac5a0035f9e cb78fafa6cf1463c9ed291d2ac4af59d a5c2a3eb754f4525b1f2bd0b1358b6e6 - - default default] Get all snapshots completed successfully.
2026-03-26 13:27:45.018 74 INFO cinder.api.openstack.wsgi [req-e7ad758c-893c-437a-971c-a4e6e09a4556 req-123ef21e-8ed3-4a60-a2f7-4ac5a0035f9e cb78fafa6cf1463c9ed291d2ac4af59d a5c2a3eb754f4525b1f2bd0b1358b6e6 - - default default] http://[LB_IP_ADDRESS]:8776/v3/a5c2a3eb754f4525b1f2bd0b1358b6e6/snapshots/detail?all_tenants=True returned with HTTP 200
2026-03-26 13:27:47.048 75 INFO cinder.api.openstack.wsgi [None req-ef953d1e-426f-4e4c-9b74-a78095a0e25f cb78fafa6cf1463c9ed291d2ac4af59d a5c2a3eb754f4525b1f2bd0b1358b6e6 - - default default] GET http://[LB_IP_ADDRESS]:8776/v3/a5c2a3eb754f4525b1f2bd0b1358b6e6/volumes/detail?all_tenants=True
2026-03-26 13:27:47.058 75 INFO cinder.volume.api [None req-ef953d1e-426f-4e4c-9b74-a78095a0e25f cb78fafa6cf1463c9ed291d2ac4af59d a5c2a3eb754f4525b1f2bd0b1358b6e6 - - default default] Get all volumes completed successfully.
2026-03-26 13:27:47.062 75 INFO cinder.api.openstack.wsgi [None req-ef953d1e-426f-4e4c-9b74-a78095a0e25f cb78fafa6cf1463c9ed291d2ac4af59d a5c2a3eb754f4525b1f2bd0b1358b6e6 - - default default] http://[LB_IP_ADDRESS]:8776/v3/a5c2a3eb754f4525b1f2bd0b1358b6e6/volumes/detail?all_tenants=True returned with HTTP 200
2026-03-26 13:27:48.368 73 INFO cinder.api.openstack.wsgi [None req-a3a70c0b-c6e2-46a3-883a-7260a3a4c772 - - - - - -] GET http://[LB_IP_ADDRESS]:8776/
2026-03-26 13:27:48.369 73 INFO cinder.api.openstack.wsgi [None req-a3a70c0b-c6e2-46a3-883a-7260a3a4c772 - - - - - -] http://[LB_IP_ADDRESS]:8776/ returned with HTTP 300
2026-03-26 13:27:48.431 76 INFO cinder.api.openstack.wsgi [None req-8929d401-9e3c-4ca6-a49f-ce9548a65315 cb78fafa6cf1463c9ed291d2ac4af59d a5c2a3eb754f4525b1f2bd0b1358b6e6 - - default default] GET http://[LB_IP_ADDRESS]:8776/v3/a5c2a3eb754f4525b1f2bd0b1358b6e6/groups/detail?all_tenants=1
2026-03-26 13:27:48.440 76 INFO cinder.api.openstack.wsgi [None req-8929d401-9e3c-4ca6-a49f-ce9548a65315 cb78fafa6cf1463c9ed291d2ac4af59d a5c2a3eb754f4525b1f2bd0b1358b6e6 - - default default] http://[LB_IP_ADDRESS]:8776/v3/a5c2a3eb754f4525b1f2bd0b1358b6e6/groups/detail?all_tenants=1 returned with HTTP 200
2026-03-26 13:27:49.672 72 INFO cinder.api.openstack.wsgi [None req-fb172877-892b-4789-83fe-c8ecad0cf1a1 - - - - - -] GET http://[LB_IP_ADDRESS]:8776/
2026-03-26 13:27:49.674 72 INFO cinder.api.openstack.wsgi [None req-fb172877-892b-4789-83fe-c8ecad0cf1a1 - - - - - -] http://[LB_IP_ADDRESS]:8776/ returned with HTTP 300
2026-03-26 13:27:49.733 74 INFO cinder.api.openstack.wsgi [None req-4af98ea6-52e1-4094-b945-fa61d8a91c1c cb78fafa6cf1463c9ed291d2ac4af59d a5c2a3eb754f4525b1f2bd0b1358b6e6 - - default default] GET http://[LB_IP_ADDRESS]:8776/v3/a5c2a3eb754f4525b1f2bd0b1358b6e6/group_types?is_public=None
2026-03-26 13:27:49.741 74 INFO cinder.api.openstack.wsgi [None req-4af98ea6-52e1-4094-b945-fa61d8a91c1c cb78fafa6cf1463c9ed291d2ac4af59d a5c2a3eb754f4525b1f2bd0b1358b6e6 - - default default] http://[LB_IP_ADDRESS]:8776/v3/a5c2a3eb754f4525b1f2bd0b1358b6e6/group_types?is_public=None returned with HTTP 200
2026-03-26 13:27:51.512 75 INFO cinder.api.openstack.wsgi [None req-aadbaf3c-ec5f-4615-9d44-3aa283c8129f cb78fafa6cf1463c9ed291d2ac4af59d a5c2a3eb754f4525b1f2bd0b1358b6e6 - - default default] GET http://[LB_IP_ADDRESS]:8776/v3/a5c2a3eb754f4525b1f2bd0b1358b6e6/types?is_public=None
2026-03-26 13:27:51.529 75 INFO cinder.api.openstack.wsgi [None req-aadbaf3c-ec5f-4615-9d44-3aa283c8129f cb78fafa6cf1463c9ed291d2ac4af59d a5c2a3eb754f4525b1f2bd0b1358b6e6 - - default default] http://[LB_IP_ADDRESS]:8776/v3/a5c2a3eb754f4525b1f2bd0b1358b6e6/types?is_public=None returned with HTTP 200
2026-03-26 13:27:58.002 73 INFO cinder.api.openstack.wsgi [None req-89470fd6-6933-490a-9d46-8efd874324c0 cb78fafa6cf1463c9ed291d2ac4af59d a5c2a3eb754f4525b1f2bd0b1358b6e6 - - default default] GET http://[LB_IP_ADDRESS]:8776/v3/a5c2a3eb754f4525b1f2bd0b1358b6e6/snapshots
2026-03-26 13:27:58.013 73 INFO cinder.volume.api [None req-89470fd6-6933-490a-9d46-8efd874324c0 cb78fafa6cf1463c9ed291d2ac4af59d a5c2a3eb754f4525b1f2bd0b1358b6e6 - - default default] Get all snapshots completed successfully.
2026-03-26 13:27:58.014 73 INFO cinder.api.openstack.wsgi [None req-89470fd6-6933-490a-9d46-8efd874324c0 cb78fafa6cf1463c9ed291d2ac4af59d a5c2a3eb754f4525b1f2bd0b1358b6e6 - - default default] http://[LB_IP_ADDRESS]:8776/v3/a5c2a3eb754f4525b1f2bd0b1358b6e6/snapshots returned with HTTP 200
2026-03-26 13:27:58.030 76 INFO cinder.api.openstack.wsgi [None req-375572e2-8337-4d24-a32b-42868be3883d cb78fafa6cf1463c9ed291d2ac4af59d a5c2a3eb754f4525b1f2bd0b1358b6e6 - - default default] GET http://[LB_IP_ADDRESS]:8776/v3/a5c2a3eb754f4525b1f2bd0b1358b6e6/volumes
2026-03-26 13:27:58.044 76 INFO cinder.volume.api [None req-375572e2-8337-4d24-a32b-42868be3883d cb78fafa6cf1463c9ed291d2ac4af59d a5c2a3eb754f4525b1f2bd0b1358b6e6 - - default default] Get all volumes completed successfully.
2026-03-26 13:27:58.045 76 INFO cinder.api.openstack.wsgi [None req-375572e2-8337-4d24-a32b-42868be3883d cb78fafa6cf1463c9ed291d2ac4af59d a5c2a3eb754f4525b1f2bd0b1358b6e6 - - default default] http://[LB_IP_ADDRESS]:8776/v3/a5c2a3eb754f4525b1f2bd0b1358b6e6/volumes returned with HTTP 200
2026-03-26 13:28:03.389 72 INFO cinder.api.openstack.wsgi [req-2f62694f-af31-4f80-9aae-d6f969e94134 req-8ce929a8-9baf-451a-93f4-991b1301d810 839d7027cceb4610ae7421aae9c3476d a6bbb9f84f6a459285db2dff072e7aca - - default default] POST http://[LB_IP_ADDRESS]:8776/v3/volumes
2026-03-26 13:28:03.394 72 INFO cinder.api.v3.volumes [req-2f62694f-af31-4f80-9aae-d6f969e94134 req-8ce929a8-9baf-451a-93f4-991b1301d810 839d7027cceb4610ae7421aae9c3476d a6bbb9f84f6a459285db2dff072e7aca - - default default] Create volume of 1 GB
2026-03-26 13:28:03.404 72 INFO cinder.volume.api [req-2f62694f-af31-4f80-9aae-d6f969e94134 req-8ce929a8-9baf-451a-93f4-991b1301d810 839d7027cceb4610ae7421aae9c3476d a6bbb9f84f6a459285db2dff072e7aca - - default default] Availability Zones retrieved successfully.
2026-03-26 13:28:03.436 74 INFO cinder.api.openstack.wsgi [req-407bfa39-3d18-4b99-8773-658e9c168e74 req-d30ee04d-77bb-4a1a-8278-e033ed957df6 45601dee6a5b42d180f360ca4b5e8202 b88e623f31dd40868d6f0d20305c821f - - default default] DELETE http://[LB_IP_ADDRESS]:8776/v3/volumes/tempest-invalid-1831708596
2026-03-26 13:28:03.436 74 INFO cinder.api.v3.volumes [req-407bfa39-3d18-4b99-8773-658e9c168e74 req-d30ee04d-77bb-4a1a-8278-e033ed957df6 45601dee6a5b42d180f360ca4b5e8202 b88e623f31dd40868d6f0d20305c821f - - default default] Delete volume with id: tempest-invalid-1831708596 
2026-03-26 13:28:03.448 74 INFO cinder.api.openstack.wsgi [req-407bfa39-3d18-4b99-8773-658e9c168e74 req-d30ee04d-77bb-4a1a-8278-e033ed957df6 45601dee6a5b42d180f360ca4b5e8202 b88e623f31dd40868d6f0d20305c821f - - default default] http://[LB_IP_ADDRESS]:8776/v3/volumes/tempest-invalid-1831708596 returned with HTTP 404
2026-03-26 13:28:03.543 75 INFO cinder.api.openstack.wsgi [req-57c17e70-1a87-4e2f-9079-5ad5fe90e258 req-49c3d531-a209-4da3-95d9-df89cf247c41 45601dee6a5b42d180f360ca4b5e8202 b88e623f31dd40868d6f0d20305c821f - - default default] DELETE http://[LB_IP_ADDRESS]:8776/v3/volumes/0de11369-a536-4417-8695-434c6e3a5afc
2026-03-26 13:28:03.544 75 INFO cinder.api.v3.volumes [req-57c17e70-1a87-4e2f-9079-5ad5fe90e258 req-49c3d531-a209-4da3-95d9-df89cf247c41 45601dee6a5b42d180f360ca4b5e8202 b88e623f31dd40868d6f0d20305c821f - - default default] Delete volume with id: 0de11369-a536-4417-8695-434c6e3a5afc 
2026-03-26 13:28:03.556 75 INFO cinder.api.openstack.wsgi [req-57c17e70-1a87-4e2f-9079-5ad5fe90e258 req-49c3d531-a209-4da3-95d9-df89cf247c41 45601dee6a5b42d180f360ca4b5e8202 b88e623f31dd40868d6f0d20305c821f - - default default] http://[LB_IP_ADDRESS]:8776/v3/volumes/0de11369-a536-4417-8695-434c6e3a5afc returned with HTTP 404
2026-03-26 13:28:03.573 72 INFO cinder.volume.api [req-2f62694f-af31-4f80-9aae-d6f969e94134 req-8ce929a8-9baf-451a-93f4-991b1301d810 839d7027cceb4610ae7421aae9c3476d a6bbb9f84f6a459285db2dff072e7aca - - default default] Create volume request issued successfully.
2026-03-26 13:28:03.574 72 INFO cinder.api.openstack.wsgi [req-2f62694f-af31-4f80-9aae-d6f969e94134 req-8ce929a8-9baf-451a-93f4-991b1301d810 839d7027cceb4610ae7421aae9c3476d a6bbb9f84f6a459285db2dff072e7aca - - default default] http://[LB_IP_ADDRESS]:8776/v3/volumes returned with HTTP 202
2026-03-26 13:28:03.587 73 INFO cinder.api.openstack.wsgi [req-2f62694f-af31-4f80-9aae-d6f969e94134 req-8cf0a88d-4154-4787-b8b7-3d9e30b615f5 839d7027cceb4610ae7421aae9c3476d a6bbb9f84f6a459285db2dff072e7aca - - default default] GET http://[LB_IP_ADDRESS]:8776/v3/volumes/26b7460a-5c1c-4610-889a-dc6b35c56bd0
2026-03-26 13:28:03.587 76 INFO cinder.api.openstack.wsgi [req-865659c2-47b8-48dd-a45f-98d6bd6c9869 req-2d50e981-8a39-4b98-b711-eb98b9b9d65d 45601dee6a5b42d180f360ca4b5e8202 b88e623f31dd40868d6f0d20305c821f - - default default] GET http://[LB_IP_ADDRESS]:8776/v3/volumes/692ab12b-35ce-4ab5-bde9-b091e36c872b
2026-03-26 13:28:03.599 76 INFO cinder.api.openstack.wsgi [req-865659c2-47b8-48dd-a45f-98d6bd6c9869 req-2d50e981-8a39-4b98-b711-eb98b9b9d65d 45601dee6a5b42d180f360ca4b5e8202 b88e623f31dd40868d6f0d20305c821f - - default default] http://[LB_IP_ADDRESS]:8776/v3/volumes/692ab12b-35ce-4ab5-bde9-b091e36c872b returned with HTTP 404
2026-03-26 13:28:03.608 73 INFO cinder.volume.api [req-2f62694f-af31-4f80-9aae-d6f969e94134 req-8cf0a88d-4154-4787-b8b7-3d9e30b615f5 839d7027cceb4610ae7421aae9c3476d a6bbb9f84f6a459285db2dff072e7aca - - default default] Volume info retrieved successfully.
2026-03-26 13:28:03.617 73 INFO cinder.api.openstack.wsgi [req-2f62694f-af31-4f80-9aae-d6f969e94134 req-8cf0a88d-4154-4787-b8b7-3d9e30b615f5 839d7027cceb4610ae7421aae9c3476d a6bbb9f84f6a459285db2dff072e7aca - - default default] http://[LB_IP_ADDRESS]:8776/v3/volumes/26b7460a-5c1c-4610-889a-dc6b35c56bd0 returned with HTTP 200
2026-03-26 13:28:03.792 74 INFO cinder.api.openstack.wsgi [req-8926d0f8-01e6-4864-b105-bf8b1c6f07da req-efb48afd-d8c1-4b68-8981-b7873e4632d0 839d7027cceb4610ae7421aae9c3476d a6bbb9f84f6a459285db2dff072e7aca - - default default] GET http://[LB_IP_ADDRESS]:8776/v3/volumes/26b7460a-5c1c-4610-889a-dc6b35c56bd0
2026-03-26 13:28:03.814 74 INFO cinder.volume.api [req-8926d0f8-01e6-4864-b105-bf8b1c6f07da req-efb48afd-d8c1-4b68-8981-b7873e4632d0 839d7027cceb4610ae7421aae9c3476d a6bbb9f84f6a459285db2dff072e7aca - - default default] Volume info retrieved successfully.
2026-03-26 13:28:03.823 74 INFO cinder.api.openstack.wsgi [req-8926d0f8-01e6-4864-b105-bf8b1c6f07da req-efb48afd-d8c1-4b68-8981-b7873e4632d0 839d7027cceb4610ae7421aae9c3476d a6bbb9f84f6a459285db2dff072e7aca - - default default] http://[LB_IP_ADDRESS]:8776/v3/volumes/26b7460a-5c1c-4610-889a-dc6b35c56bd0 returned with HTTP 200
2026-03-26 13:28:05.051 75 INFO cinder.api.openstack.wsgi [req-e269612d-b1b2-46e9-b6cb-6aae9b266808 req-268b1b87-fab4-438c-9cda-ca706def3289 839d7027cceb4610ae7421aae9c3476d a6bbb9f84f6a459285db2dff072e7aca - - default default] GET http://[LB_IP_ADDRESS]:8776/v3/volumes/26b7460a-5c1c-4610-889a-dc6b35c56bd0
2026-03-26 13:28:05.071 75 INFO cinder.volume.api [req-e269612d-b1b2-46e9-b6cb-6aae9b266808 req-268b1b87-fab4-438c-9cda-ca706def3289 839d7027cceb4610ae7421aae9c3476d a6bbb9f84f6a459285db2dff072e7aca - - default default] Volume info retrieved successfully.
2026-03-26 13:28:05.079 75 INFO cinder.api.openstack.wsgi [req-e269612d-b1b2-46e9-b6cb-6aae9b266808 req-268b1b87-fab4-438c-9cda-ca706def3289 839d7027cceb4610ae7421aae9c3476d a6bbb9f84f6a459285db2dff072e7aca - - default default] http://[LB_IP_ADDRESS]:8776/v3/volumes/26b7460a-5c1c-4610-889a-dc6b35c56bd0 returned with HTTP 200
2026-03-26 13:28:05.113 76 INFO cinder.api.openstack.wsgi [req-87b3b73f-ae1f-4155-8568-7fce596c29c8 req-e96a9475-c193-4358-bbaa-e81bc69cad58 839d7027cceb4610ae7421aae9c3476d a6bbb9f84f6a459285db2dff072e7aca - - default default] POST http://[LB_IP_ADDRESS]:8776/v3/snapshots
2026-03-26 13:28:05.132 76 INFO cinder.volume.api [req-87b3b73f-ae1f-4155-8568-7fce596c29c8 req-e96a9475-c193-4358-bbaa-e81bc69cad58 839d7027cceb4610ae7421aae9c3476d a6bbb9f84f6a459285db2dff072e7aca - - default default] Volume info retrieved successfully.
2026-03-26 13:28:05.133 76 INFO cinder.api.v3.snapshots [req-87b3b73f-ae1f-4155-8568-7fce596c29c8 req-e96a9475-c193-4358-bbaa-e81bc69cad58 839d7027cceb4610ae7421aae9c3476d a6bbb9f84f6a459285db2dff072e7aca - - default default] Create snapshot from volume 26b7460a-5c1c-4610-889a-dc6b35c56bd0
2026-03-26 13:28:05.191 72 INFO cinder.api.openstack.wsgi [None req-d837ddbe-92d6-45ac-908c-7c195106e988 61b751cbf2174958a9fa3821fefab15a 092c13d0e8234fe59832746f9f9fe233 - - default default] GET http://[LB_IP_ADDRESS]:8776/v3/092c13d0e8234fe59832746f9f9fe233/scheduler-stats/get_pools
2026-03-26 13:28:05.232 76 INFO cinder.volume.api [req-87b3b73f-ae1f-4155-8568-7fce596c29c8 req-e96a9475-c193-4358-bbaa-e81bc69cad58 839d7027cceb4610ae7421aae9c3476d a6bbb9f84f6a459285db2dff072e7aca - - default default] Snapshot create request issued successfully.
2026-03-26 13:28:05.233 76 INFO cinder.api.openstack.wsgi [req-87b3b73f-ae1f-4155-8568-7fce596c29c8 req-e96a9475-c193-4358-bbaa-e81bc69cad58 839d7027cceb4610ae7421aae9c3476d a6bbb9f84f6a459285db2dff072e7aca - - default default] http://[LB_IP_ADDRESS]:8776/v3/snapshots returned with HTTP 202
2026-03-26 13:28:05.266 73 INFO cinder.api.openstack.wsgi [req-3a588b55-24bc-4c30-b3c1-a03c9e94ce93 req-ce939452-63d0-4101-9a5b-35836898f8a0 839d7027cceb4610ae7421aae9c3476d a6bbb9f84f6a459285db2dff072e7aca - - default default] GET http://[LB_IP_ADDRESS]:8776/v3/snapshots/282a66f8-3e6e-43e7-9dea-d950d4a0d756
2026-03-26 13:28:05.277 73 INFO cinder.volume.api [req-3a588b55-24bc-4c30-b3c1-a03c9e94ce93 req-ce939452-63d0-4101-9a5b-35836898f8a0 839d7027cceb4610ae7421aae9c3476d a6bbb9f84f6a459285db2dff072e7aca - - default default] Snapshot retrieved successfully.
2026-03-26 13:28:05.279 73 INFO cinder.api.openstack.wsgi [req-3a588b55-24bc-4c30-b3c1-a03c9e94ce93 req-ce939452-63d0-4101-9a5b-35836898f8a0 839d7027cceb4610ae7421aae9c3476d a6bbb9f84f6a459285db2dff072e7aca - - default default] http://[LB_IP_ADDRESS]:8776/v3/snapshots/282a66f8-3e6e-43e7-9dea-d950d4a0d756 returned with HTTP 200
2026-03-26 13:28:05.310 74 INFO cinder.api.openstack.wsgi [req-48cc9832-b5cc-41e4-af74-d11038f940f0 req-c2e31404-cdbf-476c-b727-723ee7a29f7f 839d7027cceb4610ae7421aae9c3476d a6bbb9f84f6a459285db2dff072e7aca - - default default] GET http://[LB_IP_ADDRESS]:8776/v3/snapshots/detail
2026-03-26 13:28:05.318 74 INFO cinder.volume.api [req-48cc9832-b5cc-41e4-af74-d11038f940f0 req-c2e31404-cdbf-476c-b727-723ee7a29f7f 839d7027cceb4610ae7421aae9c3476d a6bbb9f84f6a459285db2dff072e7aca - - default default] Get all snapshots completed successfully.
2026-03-26 13:28:05.320 74 INFO cinder.api.openstack.wsgi [req-48cc9832-b5cc-41e4-af74-d11038f940f0 req-c2e31404-cdbf-476c-b727-723ee7a29f7f 839d7027cceb4610ae7421aae9c3476d a6bbb9f84f6a459285db2dff072e7aca - - default default] http://[LB_IP_ADDRESS]:8776/v3/snapshots/detail returned with HTTP 200
2026-03-26 13:28:05.352 75 INFO cinder.api.openstack.wsgi [req-41e2133e-2989-49b2-ab62-098e148bb6c8 req-b9d866ad-9954-4bcb-b96e-fc943655c69f 839d7027cceb4610ae7421aae9c3476d a6bbb9f84f6a459285db2dff072e7aca - - default default] GET http://[LB_IP_ADDRESS]:8776/v3/snapshots/282a66f8-3e6e-43e7-9dea-d950d4a0d756
2026-03-26 13:28:05.361 75 INFO cinder.volume.api [req-41e2133e-2989-49b2-ab62-098e148bb6c8 req-b9d866ad-9954-4bcb-b96e-fc943655c69f 839d7027cceb4610ae7421aae9c3476d a6bbb9f84f6a459285db2dff072e7aca - - default default] Snapshot retrieved successfully.
2026-03-26 13:28:05.363 75 INFO cinder.api.openstack.wsgi [req-41e2133e-2989-49b2-ab62-098e148bb6c8 req-b9d866ad-9954-4bcb-b96e-fc943655c69f 839d7027cceb4610ae7421aae9c3476d a6bbb9f84f6a459285db2dff072e7aca - - default default] http://[LB_IP_ADDRESS]:8776/v3/snapshots/282a66f8-3e6e-43e7-9dea-d950d4a0d756 returned with HTTP 200
2026-03-26 13:28:05.699 72 INFO cinder.api.openstack.wsgi [None req-d837ddbe-92d6-45ac-908c-7c195106e988 61b751cbf2174958a9fa3821fefab15a 092c13d0e8234fe59832746f9f9fe233 - - default default] http://[LB_IP_ADDRESS]:8776/v3/092c13d0e8234fe59832746f9f9fe233/scheduler-stats/get_pools returned with HTTP 200
2026-03-26 13:28:05.717 76 INFO cinder.api.openstack.wsgi [None req-ddd3546d-d1b6-4206-ac92-31effc0f5a87 61b751cbf2174958a9fa3821fefab15a 092c13d0e8234fe59832746f9f9fe233 - - default default] GET http://[LB_IP_ADDRESS]:8776/v3/092c13d0e8234fe59832746f9f9fe233/scheduler-stats/get_pools?detail=True
2026-03-26 13:28:06.224 76 INFO cinder.api.openstack.wsgi [None req-ddd3546d-d1b6-4206-ac92-31effc0f5a87 61b751cbf2174958a9fa3821fefab15a 092c13d0e8234fe59832746f9f9fe233 - - default default] http://[LB_IP_ADDRESS]:8776/v3/092c13d0e8234fe59832746f9f9fe233/scheduler-stats/get_pools?detail=True returned with HTTP 200
2026-03-26 13:28:06.241 73 INFO cinder.api.openstack.wsgi [None req-8033b6b1-9bed-45ae-8c77-78176c9a09ce 61b751cbf2174958a9fa3821fefab15a 092c13d0e8234fe59832746f9f9fe233 - - default default] GET http://[LB_IP_ADDRESS]:8776/v3/092c13d0e8234fe59832746f9f9fe233/capabilities/rack11-server76@LIGHTOSefxxli
2026-03-26 13:28:06.396 74 INFO cinder.api.openstack.wsgi [req-34799d89-5451-4c39-a8c3-d130dd84ee6f req-3c8c9b7e-dd00-4345-938b-c4f944e4967c 839d7027cceb4610ae7421aae9c3476d a6bbb9f84f6a459285db2dff072e7aca - - default default] GET http://[LB_IP_ADDRESS]:8776/v3/snapshots/282a66f8-3e6e-43e7-9dea-d950d4a0d756
2026-03-26 13:28:06.406 74 INFO cinder.volume.api [req-34799d89-5451-4c39-a8c3-d130dd84ee6f req-3c8c9b7e-dd00-4345-938b-c4f944e4967c 839d7027cceb4610ae7421aae9c3476d a6bbb9f84f6a459285db2dff072e7aca - - default default] Snapshot retrieved successfully.
2026-03-26 13:28:06.408 74 INFO cinder.api.openstack.wsgi [req-34799d89-5451-4c39-a8c3-d130dd84ee6f req-3c8c9b7e-dd00-4345-938b-c4f944e4967c 839d7027cceb4610ae7421aae9c3476d a6bbb9f84f6a459285db2dff072e7aca - - default default] http://[LB_IP_ADDRESS]:8776/v3/snapshots/282a66f8-3e6e-43e7-9dea-d950d4a0d756 returned with HTTP 200
2026-03-26 13:28:06.768 73 INFO cinder.api.openstack.wsgi [None req-8033b6b1-9bed-45ae-8c77-78176c9a09ce 61b751cbf2174958a9fa3821fefab15a 092c13d0e8234fe59832746f9f9fe233 - - default default] http://[LB_IP_ADDRESS]:8776/v3/092c13d0e8234fe59832746f9f9fe233/capabilities/rack11-server76@LIGHTOSefxxli returned with HTTP 200
2026-03-26 13:28:06.788 75 INFO cinder.api.openstack.wsgi [None req-05cffe8b-4c40-4f70-8591-5c08f6979eb6 61b751cbf2174958a9fa3821fefab15a 092c13d0e8234fe59832746f9f9fe233 - - default default] GET http://[LB_IP_ADDRESS]:8776/v3/092c13d0e8234fe59832746f9f9fe233/capabilities/rack11-server76@LIGHTOSefxxli
2026-03-26 13:28:07.303 75 INFO cinder.api.openstack.wsgi [None req-05cffe8b-4c40-4f70-8591-5c08f6979eb6 61b751cbf2174958a9fa3821fefab15a 092c13d0e8234fe59832746f9f9fe233 - - default default] http://[LB_IP_ADDRESS]:8776/v3/092c13d0e8234fe59832746f9f9fe233/capabilities/rack11-server76@LIGHTOSefxxli returned with HTTP 200
2026-03-26 13:28:07.441 72 INFO cinder.api.openstack.wsgi [req-a45e69dd-7cc9-4f43-9391-1648de299b0e req-a76af4ad-dcf2-4ba0-9a95-deeeb98e58c4 839d7027cceb4610ae7421aae9c3476d a6bbb9f84f6a459285db2dff072e7aca - - default default] GET http://[LB_IP_ADDRESS]:8776/v3/snapshots/282a66f8-3e6e-43e7-9dea-d950d4a0d756
2026-03-26 13:28:07.454 72 INFO cinder.volume.api [req-a45e69dd-7cc9-4f43-9391-1648de299b0e req-a76af4ad-dcf2-4ba0-9a95-deeeb98e58c4 839d7027cceb4610ae7421aae9c3476d a6bbb9f84f6a459285db2dff072e7aca - - default default] Snapshot retrieved successfully.
2026-03-26 13:28:07.456 72 INFO cinder.api.openstack.wsgi [req-a45e69dd-7cc9-4f43-9391-1648de299b0e req-a76af4ad-dcf2-4ba0-9a95-deeeb98e58c4 839d7027cceb4610ae7421aae9c3476d a6bbb9f84f6a459285db2dff072e7aca - - default default] http://[LB_IP_ADDRESS]:8776/v3/snapshots/282a66f8-3e6e-43e7-9dea-d950d4a0d756 returned with HTTP 200
2026-03-26 13:28:07.486 76 INFO cinder.api.openstack.wsgi [req-a373479e-b7df-4bf3-85b7-ebafe4872fec req-1207fa5b-27dc-4e16-ac05-57f9056789ab 839d7027cceb4610ae7421aae9c3476d a6bbb9f84f6a459285db2dff072e7aca - - default default] DELETE http://[LB_IP_ADDRESS]:8776/v3/snapshots/282a66f8-3e6e-43e7-9dea-d950d4a0d756
2026-03-26 13:28:07.487 76 INFO cinder.api.v2.snapshots [req-a373479e-b7df-4bf3-85b7-ebafe4872fec req-1207fa5b-27dc-4e16-ac05-57f9056789ab 839d7027cceb4610ae7421aae9c3476d a6bbb9f84f6a459285db2dff072e7aca - - default default] Delete snapshot with id: 282a66f8-3e6e-43e7-9dea-d950d4a0d756
2026-03-26 13:28:07.498 76 INFO cinder.volume.api [req-a373479e-b7df-4bf3-85b7-ebafe4872fec req-1207fa5b-27dc-4e16-ac05-57f9056789ab 839d7027cceb4610ae7421aae9c3476d a6bbb9f84f6a459285db2dff072e7aca - - default default] Snapshot retrieved successfully.
2026-03-26 13:28:07.526 76 INFO cinder.volume.api [req-a373479e-b7df-4bf3-85b7-ebafe4872fec req-1207fa5b-27dc-4e16-ac05-57f9056789ab 839d7027cceb4610ae7421aae9c3476d a6bbb9f84f6a459285db2dff072e7aca - - default default] Snapshot delete request issued successfully.
2026-03-26 13:28:07.527 76 INFO cinder.api.openstack.wsgi [req-a373479e-b7df-4bf3-85b7-ebafe4872fec req-1207fa5b-27dc-4e16-ac05-57f9056789ab 839d7027cceb4610ae7421aae9c3476d a6bbb9f84f6a459285db2dff072e7aca - - default default] http://[LB_IP_ADDRESS]:8776/v3/snapshots/282a66f8-3e6e-43e7-9dea-d950d4a0d756 returned with HTTP 202
2026-03-26 13:28:07.554 74 INFO cinder.api.openstack.wsgi [req-ddd68986-1d20-4879-8796-01bce10e3bac req-e69cb29c-1e33-4229-a9a5-a750adc65427 839d7027cceb4610ae7421aae9c3476d a6bbb9f84f6a459285db2dff072e7aca - - default default] GET http://[LB_IP_ADDRESS]:8776/v3/snapshots/282a66f8-3e6e-43e7-9dea-d950d4a0d756
2026-03-26 13:28:07.562 74 INFO cinder.volume.api [req-ddd68986-1d20-4879-8796-01bce10e3bac req-e69cb29c-1e33-4229-a9a5-a750adc65427 839d7027cceb4610ae7421aae9c3476d a6bbb9f84f6a459285db2dff072e7aca - - default default] Snapshot retrieved successfully.
2026-03-26 13:28:07.563 74 INFO cinder.api.openstack.wsgi [req-ddd68986-1d20-4879-8796-01bce10e3bac req-e69cb29c-1e33-4229-a9a5-a750adc65427 839d7027cceb4610ae7421aae9c3476d a6bbb9f84f6a459285db2dff072e7aca - - default default] http://[LB_IP_ADDRESS]:8776/v3/snapshots/282a66f8-3e6e-43e7-9dea-d950d4a0d756 returned with HTTP 200
2026-03-26 13:28:07.949 73 INFO cinder.api.openstack.wsgi [None req-fe55f2ee-88fd-4d76-8856-1e2b155fdb29 01407959dfe44737bfcd4082843ff33c ed7fa25d6d76435987c7ac7b655bdb12 - - default default] POST http://[LB_IP_ADDRESS]:8776/v3/ed7fa25d6d76435987c7ac7b655bdb12/types
2026-03-26 13:28:07.975 73 INFO cinder.api.openstack.wsgi [None req-fe55f2ee-88fd-4d76-8856-1e2b155fdb29 01407959dfe44737bfcd4082843ff33c ed7fa25d6d76435987c7ac7b655bdb12 - - default default] http://[LB_IP_ADDRESS]:8776/v3/ed7fa25d6d76435987c7ac7b655bdb12/types returned with HTTP 200
2026-03-26 13:28:07.992 75 INFO cinder.api.openstack.wsgi [None req-84e499ab-4051-4541-83b5-d9937ed10ecc 01407959dfe44737bfcd4082843ff33c ed7fa25d6d76435987c7ac7b655bdb12 - - default default] POST http://[LB_IP_ADDRESS]:8776/v3/ed7fa25d6d76435987c7ac7b655bdb12/group_types
2026-03-26 13:28:08.016 75 INFO cinder.api.openstack.wsgi [None req-84e499ab-4051-4541-83b5-d9937ed10ecc 01407959dfe44737bfcd4082843ff33c ed7fa25d6d76435987c7ac7b655bdb12 - - default default] http://[LB_IP_ADDRESS]:8776/v3/ed7fa25d6d76435987c7ac7b655bdb12/group_types returned with HTTP 202
2026-03-26 13:28:08.181 72 INFO cinder.api.openstack.wsgi [None req-af793b0b-7015-4203-b26c-624b84e65a67 50055c7a912d46feb8f2634544cd3c01 d0ac5f7481304cae9b9ba8ae8d7f89ec - - default default] POST http://[LB_IP_ADDRESS]:8776/v3/d0ac5f7481304cae9b9ba8ae8d7f89ec/groups
2026-03-26 13:28:08.188 72 INFO cinder.api.v3.groups [None req-af793b0b-7015-4203-b26c-624b84e65a67 50055c7a912d46feb8f2634544cd3c01 d0ac5f7481304cae9b9ba8ae8d7f89ec - - default default] Creating group tempest-Group1-1581996051.
2026-03-26 13:28:08.199 72 INFO cinder.volume.api [None req-af793b0b-7015-4203-b26c-624b84e65a67 50055c7a912d46feb8f2634544cd3c01 d0ac5f7481304cae9b9ba8ae8d7f89ec - - default default] Availability Zones retrieved successfully.
2026-03-26 13:28:08.268 72 INFO cinder.api.openstack.wsgi [None req-af793b0b-7015-4203-b26c-624b84e65a67 50055c7a912d46feb8f2634544cd3c01 d0ac5f7481304cae9b9ba8ae8d7f89ec - - default default] http://[LB_IP_ADDRESS]:8776/v3/d0ac5f7481304cae9b9ba8ae8d7f89ec/groups returned with HTTP 202
2026-03-26 13:28:08.283 76 INFO cinder.api.openstack.wsgi [None req-b53a297d-3618-4c46-91dc-42082707262f 50055c7a912d46feb8f2634544cd3c01 d0ac5f7481304cae9b9ba8ae8d7f89ec - - default default] GET http://[LB_IP_ADDRESS]:8776/v3/d0ac5f7481304cae9b9ba8ae8d7f89ec/groups/c16edad6-7d42-468f-ab72-da9bc60f04d6
2026-03-26 13:28:08.303 76 INFO cinder.api.openstack.wsgi [None req-b53a297d-3618-4c46-91dc-42082707262f 50055c7a912d46feb8f2634544cd3c01 d0ac5f7481304cae9b9ba8ae8d7f89ec - - default default] http://[LB_IP_ADDRESS]:8776/v3/d0ac5f7481304cae9b9ba8ae8d7f89ec/groups/c16edad6-7d42-468f-ab72-da9bc60f04d6 returned with HTTP 200
2026-03-26 13:28:08.596 74 INFO cinder.api.openstack.wsgi [req-a92afce5-d5e3-485d-bb81-f9a8ee0dc7b6 req-3a2ba7ca-2dd8-47fa-a1c7-4977dc850bdd 839d7027cceb4610ae7421aae9c3476d a6bbb9f84f6a459285db2dff072e7aca - - default default] GET http://[LB_IP_ADDRESS]:8776/v3/snapshots/282a66f8-3e6e-43e7-9dea-d950d4a0d756
2026-03-26 13:28:08.605 74 INFO cinder.api.openstack.wsgi [req-a92afce5-d5e3-485d-bb81-f9a8ee0dc7b6 req-3a2ba7ca-2dd8-47fa-a1c7-4977dc850bdd 839d7027cceb4610ae7421aae9c3476d a6bbb9f84f6a459285db2dff072e7aca - - default default] http://[LB_IP_ADDRESS]:8776/v3/snapshots/282a66f8-3e6e-43e7-9dea-d950d4a0d756 returned with HTTP 404
2026-03-26 13:28:08.634 73 INFO cinder.api.openstack.wsgi [req-36d0cab3-dc8d-4abd-9b8c-7b8ef436f3bb req-4307e504-fcce-4277-a73a-1fe279da45c2 839d7027cceb4610ae7421aae9c3476d a6bbb9f84f6a459285db2dff072e7aca - - default default] DELETE http://[LB_IP_ADDRESS]:8776/v3/volumes/26b7460a-5c1c-4610-889a-dc6b35c56bd0
2026-03-26 13:28:08.634 73 INFO cinder.api.v3.volumes [req-36d0cab3-dc8d-4abd-9b8c-7b8ef436f3bb req-4307e504-fcce-4277-a73a-1fe279da45c2 839d7027cceb4610ae7421aae9c3476d a6bbb9f84f6a459285db2dff072e7aca - - default default] Delete volume with id: 26b7460a-5c1c-4610-889a-dc6b35c56bd0 
2026-03-26 13:28:08.652 73 INFO cinder.volume.api [req-36d0cab3-dc8d-4abd-9b8c-7b8ef436f3bb req-4307e504-fcce-4277-a73a-1fe279da45c2 839d7027cceb4610ae7421aae9c3476d a6bbb9f84f6a459285db2dff072e7aca - - default default] Volume info retrieved successfully.
2026-03-26 13:28:08.682 73 INFO cinder.volume.api [req-36d0cab3-dc8d-4abd-9b8c-7b8ef436f3bb req-4307e504-fcce-4277-a73a-1fe279da45c2 839d7027cceb4610ae7421aae9c3476d a6bbb9f84f6a459285db2dff072e7aca - - default default] Delete volume request issued successfully.
2026-03-26 13:28:08.682 73 INFO cinder.api.openstack.wsgi [req-36d0cab3-dc8d-4abd-9b8c-7b8ef436f3bb req-4307e504-fcce-4277-a73a-1fe279da45c2 839d7027cceb4610ae7421aae9c3476d a6bbb9f84f6a459285db2dff072e7aca - - default default] http://[LB_IP_ADDRESS]:8776/v3/volumes/26b7460a-5c1c-4610-889a-dc6b35c56bd0 returned with HTTP 202
2026-03-26 13:28:08.714 75 INFO cinder.api.openstack.wsgi [req-fbc362e1-bc1a-4b6d-847b-41ff49aefe92 req-09a5d032-5abc-4c3f-a5f1-6c828059093a 839d7027cceb4610ae7421aae9c3476d a6bbb9f84f6a459285db2dff072e7aca - - default default] GET http://[LB_IP_ADDRESS]:8776/v3/volumes/26b7460a-5c1c-4610-889a-dc6b35c56bd0
2026-03-26 13:28:08.736 75 INFO cinder.volume.api [req-fbc362e1-bc1a-4b6d-847b-41ff49aefe92 req-09a5d032-5abc-4c3f-a5f1-6c828059093a 839d7027cceb4610ae7421aae9c3476d a6bbb9f84f6a459285db2dff072e7aca - - default default] Volume info retrieved successfully.
2026-03-26 13:28:08.745 75 INFO cinder.api.openstack.wsgi [req-fbc362e1-bc1a-4b6d-847b-41ff49aefe92 req-09a5d032-5abc-4c3f-a5f1-6c828059093a 839d7027cceb4610ae7421aae9c3476d a6bbb9f84f6a459285db2dff072e7aca - - default default] http://[LB_IP_ADDRESS]:8776/v3/volumes/26b7460a-5c1c-4610-889a-dc6b35c56bd0 returned with HTTP 200
2026-03-26 13:28:09.322 72 INFO cinder.api.openstack.wsgi [None req-94e759c8-5736-43dc-aef3-6a9e73d80945 50055c7a912d46feb8f2634544cd3c01 d0ac5f7481304cae9b9ba8ae8d7f89ec - - default default] GET http://[LB_IP_ADDRESS]:8776/v3/d0ac5f7481304cae9b9ba8ae8d7f89ec/groups/c16edad6-7d42-468f-ab72-da9bc60f04d6
2026-03-26 13:28:09.341 72 INFO cinder.api.openstack.wsgi [None req-94e759c8-5736-43dc-aef3-6a9e73d80945 50055c7a912d46feb8f2634544cd3c01 d0ac5f7481304cae9b9ba8ae8d7f89ec - - default default] http://[LB_IP_ADDRESS]:8776/v3/d0ac5f7481304cae9b9ba8ae8d7f89ec/groups/c16edad6-7d42-468f-ab72-da9bc60f04d6 returned with HTTP 200
2026-03-26 13:28:09.357 76 INFO cinder.api.openstack.wsgi [None req-4f7392d3-0fa3-48c0-a7aa-e7fd33b547c0 50055c7a912d46feb8f2634544cd3c01 d0ac5f7481304cae9b9ba8ae8d7f89ec - - default default] POST http://[LB_IP_ADDRESS]:8776/v3/d0ac5f7481304cae9b9ba8ae8d7f89ec/groups
2026-03-26 13:28:09.366 76 INFO cinder.api.v3.groups [None req-4f7392d3-0fa3-48c0-a7aa-e7fd33b547c0 50055c7a912d46feb8f2634544cd3c01 d0ac5f7481304cae9b9ba8ae8d7f89ec - - default default] Creating group tempest-Group2-1867699180.
2026-03-26 13:28:09.381 76 INFO cinder.volume.api [None req-4f7392d3-0fa3-48c0-a7aa-e7fd33b547c0 50055c7a912d46feb8f2634544cd3c01 d0ac5f7481304cae9b9ba8ae8d7f89ec - - default default] Availability Zones retrieved successfully.
2026-03-26 13:28:09.436 76 INFO cinder.api.openstack.wsgi [None req-4f7392d3-0fa3-48c0-a7aa-e7fd33b547c0 50055c7a912d46feb8f2634544cd3c01 d0ac5f7481304cae9b9ba8ae8d7f89ec - - default default] http://[LB_IP_ADDRESS]:8776/v3/d0ac5f7481304cae9b9ba8ae8d7f89ec/groups returned with HTTP 202
2026-03-26 13:28:09.450 74 INFO cinder.api.openstack.wsgi [None req-48a6a30f-a1ae-4f76-8ca6-95740c35390e 50055c7a912d46feb8f2634544cd3c01 d0ac5f7481304cae9b9ba8ae8d7f89ec - - default default] GET http://[LB_IP_ADDRESS]:8776/v3/d0ac5f7481304cae9b9ba8ae8d7f89ec/groups/15847e80-9e5e-4c00-8ffe-b8c1656ef077
2026-03-26 13:28:09.469 74 INFO cinder.api.openstack.wsgi [None req-48a6a30f-a1ae-4f76-8ca6-95740c35390e 50055c7a912d46feb8f2634544cd3c01 d0ac5f7481304cae9b9ba8ae8d7f89ec - - default default] http://[LB_IP_ADDRESS]:8776/v3/d0ac5f7481304cae9b9ba8ae8d7f89ec/groups/15847e80-9e5e-4c00-8ffe-b8c1656ef077 returned with HTTP 200
2026-03-26 13:28:09.779 73 INFO cinder.api.openstack.wsgi [req-b18cceec-ba8f-4b5e-b94b-d4b8aadb0a15 req-18b4d72f-952c-4c43-8426-d021d0fec5eb 839d7027cceb4610ae7421aae9c3476d a6bbb9f84f6a459285db2dff072e7aca - - default default] GET http://[LB_IP_ADDRESS]:8776/v3/volumes/26b7460a-5c1c-4610-889a-dc6b35c56bd0
2026-03-26 13:28:09.792 73 INFO cinder.api.openstack.wsgi [req-b18cceec-ba8f-4b5e-b94b-d4b8aadb0a15 req-18b4d72f-952c-4c43-8426-d021d0fec5eb 839d7027cceb4610ae7421aae9c3476d a6bbb9f84f6a459285db2dff072e7aca - - default default] http://[LB_IP_ADDRESS]:8776/v3/volumes/26b7460a-5c1c-4610-889a-dc6b35c56bd0 returned with HTTP 404
2026-03-26 13:28:09.828 75 INFO cinder.api.openstack.wsgi [req-a059435d-6f9d-4433-b264-46fd9fba54b8 req-4f2c5237-6c78-4c46-8ee4-81b90630517c 839d7027cceb4610ae7421aae9c3476d a6bbb9f84f6a459285db2dff072e7aca - - default default] DELETE http://[LB_IP_ADDRESS]:8776/v3/volumes/26b7460a-5c1c-4610-889a-dc6b35c56bd0
2026-03-26 13:28:09.829 75 INFO cinder.api.v3.volumes [req-a059435d-6f9d-4433-b264-46fd9fba54b8 req-4f2c5237-6c78-4c46-8ee4-81b90630517c 839d7027cceb4610ae7421aae9c3476d a6bbb9f84f6a459285db2dff072e7aca - - default default] Delete volume with id: 26b7460a-5c1c-4610-889a-dc6b35c56bd0 
2026-03-26 13:28:09.840 75 INFO cinder.api.openstack.wsgi [req-a059435d-6f9d-4433-b264-46fd9fba54b8 req-4f2c5237-6c78-4c46-8ee4-81b90630517c 839d7027cceb4610ae7421aae9c3476d a6bbb9f84f6a459285db2dff072e7aca - - default default] http://[LB_IP_ADDRESS]:8776/v3/volumes/26b7460a-5c1c-4610-889a-dc6b35c56bd0 returned with HTTP 404
2026-03-26 13:28:09.868 72 INFO cinder.api.openstack.wsgi [req-b1c0f92e-acad-4788-93dd-26bb2c866959 req-eaf7ea8c-dbc4-47b5-b96b-a9626e4b1772 839d7027cceb4610ae7421aae9c3476d a6bbb9f84f6a459285db2dff072e7aca - - default default] GET http://[LB_IP_ADDRESS]:8776/v3/volumes/26b7460a-5c1c-4610-889a-dc6b35c56bd0
2026-03-26 13:28:09.880 72 INFO cinder.api.openstack.wsgi [req-b1c0f92e-acad-4788-93dd-26bb2c866959 req-eaf7ea8c-dbc4-47b5-b96b-a9626e4b1772 839d7027cceb4610ae7421aae9c3476d a6bbb9f84f6a459285db2dff072e7aca - - default default] http://[LB_IP_ADDRESS]:8776/v3/volumes/26b7460a-5c1c-4610-889a-dc6b35c56bd0 returned with HTTP 404
2026-03-26 13:28:10.486 76 INFO cinder.api.openstack.wsgi [None req-942c6dac-92f7-4633-b255-60ae7cbc021b 50055c7a912d46feb8f2634544cd3c01 d0ac5f7481304cae9b9ba8ae8d7f89ec - - default default] GET http://[LB_IP_ADDRESS]:8776/v3/d0ac5f7481304cae9b9ba8ae8d7f89ec/groups/15847e80-9e5e-4c00-8ffe-b8c1656ef077
2026-03-26 13:28:10.506 76 INFO cinder.api.openstack.wsgi [None req-942c6dac-92f7-4633-b255-60ae7cbc021b 50055c7a912d46feb8f2634544cd3c01 d0ac5f7481304cae9b9ba8ae8d7f89ec - - default default] http://[LB_IP_ADDRESS]:8776/v3/d0ac5f7481304cae9b9ba8ae8d7f89ec/groups/15847e80-9e5e-4c00-8ffe-b8c1656ef077 returned with HTTP 200
2026-03-26 13:28:10.522 74 INFO cinder.api.openstack.wsgi [None req-28815d5f-faaa-46cc-986f-c5ce27d02faf 50055c7a912d46feb8f2634544cd3c01 d0ac5f7481304cae9b9ba8ae8d7f89ec - - default default] POST http://[LB_IP_ADDRESS]:8776/v3/d0ac5f7481304cae9b9ba8ae8d7f89ec/volumes
2026-03-26 13:28:10.536 74 INFO cinder.api.v3.volumes [None req-28815d5f-faaa-46cc-986f-c5ce27d02faf 50055c7a912d46feb8f2634544cd3c01 d0ac5f7481304cae9b9ba8ae8d7f89ec - - default default] Create volume of 1 GB
2026-03-26 13:28:10.549 74 INFO cinder.volume.api [None req-28815d5f-faaa-46cc-986f-c5ce27d02faf 50055c7a912d46feb8f2634544cd3c01 d0ac5f7481304cae9b9ba8ae8d7f89ec - - default default] Availability Zones retrieved successfully.
2026-03-26 13:28:10.619 74 WARNING cinder.quota [None req-28815d5f-faaa-46cc-986f-c5ce27d02faf 50055c7a912d46feb8f2634544cd3c01 d0ac5f7481304cae9b9ba8ae8d7f89ec - - default default] Deprecated: Default quota for resource: volumes_tempest-GroupsTest-volume-type-509604800 is set by the default quota flag: quota_volumes_tempest-GroupsTest-volume-type-509604800, it is now deprecated. Please use the default quota class for default quota.
2026-03-26 13:28:10.620 74 WARNING cinder.quota [None req-28815d5f-faaa-46cc-986f-c5ce27d02faf 50055c7a912d46feb8f2634544cd3c01 d0ac5f7481304cae9b9ba8ae8d7f89ec - - default default] Deprecated: Default quota for resource: gigabytes_tempest-GroupsTest-volume-type-509604800 is set by the default quota flag: quota_gigabytes_tempest-GroupsTest-volume-type-509604800, it is now deprecated. Please use the default quota class for default quota.
2026-03-26 13:28:10.709 74 INFO cinder.volume.api [None req-28815d5f-faaa-46cc-986f-c5ce27d02faf 50055c7a912d46feb8f2634544cd3c01 d0ac5f7481304cae9b9ba8ae8d7f89ec - - default default] Create volume request issued successfully.
2026-03-26 13:28:10.721 74 INFO cinder.api.openstack.wsgi [None req-28815d5f-faaa-46cc-986f-c5ce27d02faf 50055c7a912d46feb8f2634544cd3c01 d0ac5f7481304cae9b9ba8ae8d7f89ec - - default default] http://[LB_IP_ADDRESS]:8776/v3/d0ac5f7481304cae9b9ba8ae8d7f89ec/volumes returned with HTTP 202
2026-03-26 13:28:10.740 73 INFO cinder.api.openstack.wsgi [None req-55566d31-84f1-48e2-be84-11802826137c 50055c7a912d46feb8f2634544cd3c01 d0ac5f7481304cae9b9ba8ae8d7f89ec - - default default] GET http://[LB_IP_ADDRESS]:8776/v3/d0ac5f7481304cae9b9ba8ae8d7f89ec/volumes/9765d464-1aad-49bc-a25e-eba48e81148a
2026-03-26 13:28:10.758 73 INFO cinder.volume.api [None req-55566d31-84f1-48e2-be84-11802826137c 50055c7a912d46feb8f2634544cd3c01 d0ac5f7481304cae9b9ba8ae8d7f89ec - - default default] Volume info retrieved successfully.
2026-03-26 13:28:10.779 73 INFO cinder.api.openstack.wsgi [None req-55566d31-84f1-48e2-be84-11802826137c 50055c7a912d46feb8f2634544cd3c01 d0ac5f7481304cae9b9ba8ae8d7f89ec - - default default] http://[LB_IP_ADDRESS]:8776/v3/d0ac5f7481304cae9b9ba8ae8d7f89ec/volumes/9765d464-1aad-49bc-a25e-eba48e81148a returned with HTTP 200
2026-03-26 13:28:11.213 75 INFO cinder.api.openstack.wsgi [None req-629bc29e-847b-45c0-978e-82f9808c88b9 - - - - - -] GET http://[LB_IP_ADDRESS]:8776/
2026-03-26 13:28:11.214 75 INFO cinder.api.openstack.wsgi [None req-629bc29e-847b-45c0-978e-82f9808c88b9 - - - - - -] http://[LB_IP_ADDRESS]:8776/ returned with HTTP 300
2026-03-26 13:28:11.796 72 INFO cinder.api.openstack.wsgi [None req-62ab4a6d-3480-4fc7-9dc1-1326c904f727 a8f1801441184174b51bbc9e3f113a9b 76f38a6d79cf4154ba83fc0006e67b65 - - default default] POST http://[LB_IP_ADDRESS]:8776/v3/76f38a6d79cf4154ba83fc0006e67b65/types
2026-03-26 13:28:11.802 76 INFO cinder.api.openstack.wsgi [None req-6e8e4f05-e5ec-461d-bcd3-1746c51255ce 50055c7a912d46feb8f2634544cd3c01 d0ac5f7481304cae9b9ba8ae8d7f89ec - - default default] GET http://[LB_IP_ADDRESS]:8776/v3/d0ac5f7481304cae9b9ba8ae8d7f89ec/volumes/9765d464-1aad-49bc-a25e-eba48e81148a
2026-03-26 13:28:11.822 76 INFO cinder.volume.api [None req-6e8e4f05-e5ec-461d-bcd3-1746c51255ce 50055c7a912d46feb8f2634544cd3c01 d0ac5f7481304cae9b9ba8ae8d7f89ec - - default default] Volume info retrieved successfully.
2026-03-26 13:28:11.825 72 INFO cinder.api.openstack.wsgi [None req-62ab4a6d-3480-4fc7-9dc1-1326c904f727 a8f1801441184174b51bbc9e3f113a9b 76f38a6d79cf4154ba83fc0006e67b65 - - default default] http://[LB_IP_ADDRESS]:8776/v3/76f38a6d79cf4154ba83fc0006e67b65/types returned with HTTP 200
2026-03-26 13:28:11.839 74 INFO cinder.api.openstack.wsgi [None req-5511327d-b92b-4faa-b0df-4b2cb59738fb a8f1801441184174b51bbc9e3f113a9b 76f38a6d79cf4154ba83fc0006e67b65 - - default default] POST http://[LB_IP_ADDRESS]:8776/v3/76f38a6d79cf4154ba83fc0006e67b65/group_types
2026-03-26 13:28:11.843 76 INFO cinder.api.openstack.wsgi [None req-6e8e4f05-e5ec-461d-bcd3-1746c51255ce 50055c7a912d46feb8f2634544cd3c01 d0ac5f7481304cae9b9ba8ae8d7f89ec - - default default] http://[LB_IP_ADDRESS]:8776/v3/d0ac5f7481304cae9b9ba8ae8d7f89ec/volumes/9765d464-1aad-49bc-a25e-eba48e81148a returned with HTTP 200
2026-03-26 13:28:11.860 74 INFO cinder.api.openstack.wsgi [None req-5511327d-b92b-4faa-b0df-4b2cb59738fb a8f1801441184174b51bbc9e3f113a9b 76f38a6d79cf4154ba83fc0006e67b65 - - default default] http://[LB_IP_ADDRESS]:8776/v3/76f38a6d79cf4154ba83fc0006e67b65/group_types returned with HTTP 202
2026-03-26 13:28:12.015 73 INFO cinder.api.openstack.wsgi [None req-db94ec0f-45d0-4daa-a5e6-e5ed354fb069 19ea3d8ba8af4f04a5827f5292e3093b 7ed26ab0e2ca4936971c4339f316a495 - - default default] POST http://[LB_IP_ADDRESS]:8776/v3/7ed26ab0e2ca4936971c4339f316a495/groups
2026-03-26 13:28:12.024 73 INFO cinder.api.v3.groups [None req-db94ec0f-45d0-4daa-a5e6-e5ed354fb069 19ea3d8ba8af4f04a5827f5292e3093b 7ed26ab0e2ca4936971c4339f316a495 - - default default] Creating group tempest-GroupSnapshotsTest-Group-1076299679.
2026-03-26 13:28:12.038 73 INFO cinder.volume.api [None req-db94ec0f-45d0-4daa-a5e6-e5ed354fb069 19ea3d8ba8af4f04a5827f5292e3093b 7ed26ab0e2ca4936971c4339f316a495 - - default default] Availability Zones retrieved successfully.
2026-03-26 13:28:12.103 73 INFO cinder.api.openstack.wsgi [None req-db94ec0f-45d0-4daa-a5e6-e5ed354fb069 19ea3d8ba8af4f04a5827f5292e3093b 7ed26ab0e2ca4936971c4339f316a495 - - default default] http://[LB_IP_ADDRESS]:8776/v3/7ed26ab0e2ca4936971c4339f316a495/groups returned with HTTP 202
2026-03-26 13:28:12.118 75 INFO cinder.api.openstack.wsgi [None req-b7e708b1-89b2-4294-8cf2-6129f5991ea9 19ea3d8ba8af4f04a5827f5292e3093b 7ed26ab0e2ca4936971c4339f316a495 - - default default] GET http://[LB_IP_ADDRESS]:8776/v3/7ed26ab0e2ca4936971c4339f316a495/groups/d8e279df-ddea-47c4-8e86-d70d7f5f9668
2026-03-26 13:28:12.139 75 INFO cinder.api.openstack.wsgi [None req-b7e708b1-89b2-4294-8cf2-6129f5991ea9 19ea3d8ba8af4f04a5827f5292e3093b 7ed26ab0e2ca4936971c4339f316a495 - - default default] http://[LB_IP_ADDRESS]:8776/v3/7ed26ab0e2ca4936971c4339f316a495/groups/d8e279df-ddea-47c4-8e86-d70d7f5f9668 returned with HTTP 200
2026-03-26 13:28:12.571 72 INFO cinder.api.openstack.wsgi [req-7b2dac2b-e5db-46fe-b84b-58ac7ea446c7 req-1daae594-25b6-479c-89d8-21b045c00e1b 236e940e8206457da632615449ad8141 fdd7e280e44446af8257ec34e638a74c - - default default] POST http://[LB_IP_ADDRESS]:8776/v3/volumes
2026-03-26 13:28:12.574 72 INFO cinder.api.v3.volumes [req-7b2dac2b-e5db-46fe-b84b-58ac7ea446c7 req-1daae594-25b6-479c-89d8-21b045c00e1b 236e940e8206457da632615449ad8141 fdd7e280e44446af8257ec34e638a74c - - default default] Create volume of 1 GB
2026-03-26 13:28:12.580 72 INFO cinder.volume.api [req-7b2dac2b-e5db-46fe-b84b-58ac7ea446c7 req-1daae594-25b6-479c-89d8-21b045c00e1b 236e940e8206457da632615449ad8141 fdd7e280e44446af8257ec34e638a74c - - default default] Availability Zones retrieved successfully.
2026-03-26 13:28:12.763 72 INFO cinder.volume.api [req-7b2dac2b-e5db-46fe-b84b-58ac7ea446c7 req-1daae594-25b6-479c-89d8-21b045c00e1b 236e940e8206457da632615449ad8141 fdd7e280e44446af8257ec34e638a74c - - default default] Create volume request issued successfully.
2026-03-26 13:28:12.764 72 INFO cinder.api.openstack.wsgi [req-7b2dac2b-e5db-46fe-b84b-58ac7ea446c7 req-1daae594-25b6-479c-89d8-21b045c00e1b 236e940e8206457da632615449ad8141 fdd7e280e44446af8257ec34e638a74c - - default default] http://[LB_IP_ADDRESS]:8776/v3/volumes returned with HTTP 202
2026-03-26 13:28:12.773 76 INFO cinder.api.openstack.wsgi [req-7b2dac2b-e5db-46fe-b84b-58ac7ea446c7 req-52dd5914-2443-4db4-89c2-6120c72b0c7d 236e940e8206457da632615449ad8141 fdd7e280e44446af8257ec34e638a74c - - default default] GET http://[LB_IP_ADDRESS]:8776/v3/volumes/67927e3f-ea43-4b94-bd32-b6907b896cd0
2026-03-26 13:28:12.788 76 INFO cinder.volume.api [req-7b2dac2b-e5db-46fe-b84b-58ac7ea446c7 req-52dd5914-2443-4db4-89c2-6120c72b0c7d 236e940e8206457da632615449ad8141 fdd7e280e44446af8257ec34e638a74c - - default default] Volume info retrieved successfully.
2026-03-26 13:28:12.794 76 INFO cinder.api.openstack.wsgi [req-7b2dac2b-e5db-46fe-b84b-58ac7ea446c7 req-52dd5914-2443-4db4-89c2-6120c72b0c7d 236e940e8206457da632615449ad8141 fdd7e280e44446af8257ec34e638a74c - - default default] http://[LB_IP_ADDRESS]:8776/v3/volumes/67927e3f-ea43-4b94-bd32-b6907b896cd0 returned with HTTP 200
2026-03-26 13:28:12.829 74 INFO cinder.api.openstack.wsgi [req-d5745091-2b5b-4373-b2ba-1f6f9462e1c4 req-bec6341e-66e4-4a71-834e-d16dca457df2 236e940e8206457da632615449ad8141 fdd7e280e44446af8257ec34e638a74c - - default default] GET http://[LB_IP_ADDRESS]:8776/v3/volumes/67927e3f-ea43-4b94-bd32-b6907b896cd0
2026-03-26 13:28:12.845 74 INFO cinder.volume.api [req-d5745091-2b5b-4373-b2ba-1f6f9462e1c4 req-bec6341e-66e4-4a71-834e-d16dca457df2 236e940e8206457da632615449ad8141 fdd7e280e44446af8257ec34e638a74c - - default default] Volume info retrieved successfully.
2026-03-26 13:28:12.852 74 INFO cinder.api.openstack.wsgi [req-d5745091-2b5b-4373-b2ba-1f6f9462e1c4 req-bec6341e-66e4-4a71-834e-d16dca457df2 236e940e8206457da632615449ad8141 fdd7e280e44446af8257ec34e638a74c - - default default] http://[LB_IP_ADDRESS]:8776/v3/volumes/67927e3f-ea43-4b94-bd32-b6907b896cd0 returned with HTTP 200
2026-03-26 13:28:12.864 73 INFO cinder.api.openstack.wsgi [None req-d22b642e-2598-4dac-849b-9479f59aca39 50055c7a912d46feb8f2634544cd3c01 d0ac5f7481304cae9b9ba8ae8d7f89ec - - default default] GET http://[LB_IP_ADDRESS]:8776/v3/d0ac5f7481304cae9b9ba8ae8d7f89ec/volumes/9765d464-1aad-49bc-a25e-eba48e81148a
2026-03-26 13:28:12.881 73 INFO cinder.volume.api [None req-d22b642e-2598-4dac-849b-9479f59aca39 50055c7a912d46feb8f2634544cd3c01 d0ac5f7481304cae9b9ba8ae8d7f89ec - - default default] Volume info retrieved successfully.
2026-03-26 13:28:12.903 73 INFO cinder.api.openstack.wsgi [None req-d22b642e-2598-4dac-849b-9479f59aca39 50055c7a912d46feb8f2634544cd3c01 d0ac5f7481304cae9b9ba8ae8d7f89ec - - default default] http://[LB_IP_ADDRESS]:8776/v3/d0ac5f7481304cae9b9ba8ae8d7f89ec/volumes/9765d464-1aad-49bc-a25e-eba48e81148a returned with HTTP 200
2026-03-26 13:28:12.928 75 INFO cinder.api.openstack.wsgi [None req-cc4554d9-c536-45ac-8cef-8ff7fbc084a8 50055c7a912d46feb8f2634544cd3c01 d0ac5f7481304cae9b9ba8ae8d7f89ec - - default default] GET http://[LB_IP_ADDRESS]:8776/v3/d0ac5f7481304cae9b9ba8ae8d7f89ec/groups/c16edad6-7d42-468f-ab72-da9bc60f04d6
2026-03-26 13:28:12.948 75 INFO cinder.api.openstack.wsgi [None req-cc4554d9-c536-45ac-8cef-8ff7fbc084a8 50055c7a912d46feb8f2634544cd3c01 d0ac5f7481304cae9b9ba8ae8d7f89ec - - default default] http://[LB_IP_ADDRESS]:8776/v3/d0ac5f7481304cae9b9ba8ae8d7f89ec/groups/c16edad6-7d42-468f-ab72-da9bc60f04d6 returned with HTTP 200
2026-03-26 13:28:12.963 72 INFO cinder.api.openstack.wsgi [None req-224f0905-46f8-4d94-b451-8b7863e1e891 50055c7a912d46feb8f2634544cd3c01 d0ac5f7481304cae9b9ba8ae8d7f89ec - - default default] GET http://[LB_IP_ADDRESS]:8776/v3/d0ac5f7481304cae9b9ba8ae8d7f89ec/groups/15847e80-9e5e-4c00-8ffe-b8c1656ef077
2026-03-26 13:28:12.978 72 INFO cinder.api.openstack.wsgi [None req-224f0905-46f8-4d94-b451-8b7863e1e891 50055c7a912d46feb8f2634544cd3c01 d0ac5f7481304cae9b9ba8ae8d7f89ec - - default default] http://[LB_IP_ADDRESS]:8776/v3/d0ac5f7481304cae9b9ba8ae8d7f89ec/groups/15847e80-9e5e-4c00-8ffe-b8c1656ef077 returned with HTTP 200
2026-03-26 13:28:12.993 76 INFO cinder.api.openstack.wsgi [None req-108874d4-6156-43cf-8c40-bffc8fa4523d 50055c7a912d46feb8f2634544cd3c01 d0ac5f7481304cae9b9ba8ae8d7f89ec - - default default] GET http://[LB_IP_ADDRESS]:8776/v3/d0ac5f7481304cae9b9ba8ae8d7f89ec/groups/detail
2026-03-26 13:28:13.019 76 INFO cinder.api.openstack.wsgi [None req-108874d4-6156-43cf-8c40-bffc8fa4523d 50055c7a912d46feb8f2634544cd3c01 d0ac5f7481304cae9b9ba8ae8d7f89ec - - default default] http://[LB_IP_ADDRESS]:8776/v3/d0ac5f7481304cae9b9ba8ae8d7f89ec/groups/detail returned with HTTP 200
2026-03-26 13:28:13.035 74 INFO cinder.api.openstack.wsgi [None req-35e927c5-1075-4ae7-8fe5-55b06219eb4b 50055c7a912d46feb8f2634544cd3c01 d0ac5f7481304cae9b9ba8ae8d7f89ec - - default default] GET http://[LB_IP_ADDRESS]:8776/v3/d0ac5f7481304cae9b9ba8ae8d7f89ec/volumes/detail
2026-03-26 13:28:13.050 74 INFO cinder.volume.api [None req-35e927c5-1075-4ae7-8fe5-55b06219eb4b 50055c7a912d46feb8f2634544cd3c01 d0ac5f7481304cae9b9ba8ae8d7f89ec - - default default] Get all volumes completed successfully.
2026-03-26 13:28:13.075 74 INFO cinder.api.openstack.wsgi [None req-35e927c5-1075-4ae7-8fe5-55b06219eb4b 50055c7a912d46feb8f2634544cd3c01 d0ac5f7481304cae9b9ba8ae8d7f89ec - - default default] http://[LB_IP_ADDRESS]:8776/v3/d0ac5f7481304cae9b9ba8ae8d7f89ec/volumes/detail returned with HTTP 200
2026-03-26 13:28:13.098 73 INFO cinder.api.openstack.wsgi [None req-a84424c4-c1a7-41c3-96d9-fda4d862b7eb 50055c7a912d46feb8f2634544cd3c01 d0ac5f7481304cae9b9ba8ae8d7f89ec - - default default] GET http://[LB_IP_ADDRESS]:8776/v3/d0ac5f7481304cae9b9ba8ae8d7f89ec/volumes/detail
2026-03-26 13:28:13.113 73 INFO cinder.volume.api [None req-a84424c4-c1a7-41c3-96d9-fda4d862b7eb 50055c7a912d46feb8f2634544cd3c01 d0ac5f7481304cae9b9ba8ae8d7f89ec - - default default] Get all volumes completed successfully.
2026-03-26 13:28:13.140 73 INFO cinder.api.openstack.wsgi [None req-a84424c4-c1a7-41c3-96d9-fda4d862b7eb 50055c7a912d46feb8f2634544cd3c01 d0ac5f7481304cae9b9ba8ae8d7f89ec - - default default] http://[LB_IP_ADDRESS]:8776/v3/d0ac5f7481304cae9b9ba8ae8d7f89ec/volumes/detail returned with HTTP 200
2026-03-26 13:28:13.156 75 INFO cinder.api.openstack.wsgi [None req-81d6c36c-8308-47ab-8218-9fd6f0a1b7ec 19ea3d8ba8af4f04a5827f5292e3093b 7ed26ab0e2ca4936971c4339f316a495 - - default default] GET http://[LB_IP_ADDRESS]:8776/v3/7ed26ab0e2ca4936971c4339f316a495/groups/d8e279df-ddea-47c4-8e86-d70d7f5f9668
2026-03-26 13:28:13.160 72 INFO cinder.api.openstack.wsgi [None req-b2978a1e-2c54-41c5-b705-12c0513be798 50055c7a912d46feb8f2634544cd3c01 d0ac5f7481304cae9b9ba8ae8d7f89ec - - default default] POST http://[LB_IP_ADDRESS]:8776/v3/d0ac5f7481304cae9b9ba8ae8d7f89ec/groups/c16edad6-7d42-468f-ab72-da9bc60f04d6/action
2026-03-26 13:28:13.163 72 INFO cinder.api.v3.groups [None req-b2978a1e-2c54-41c5-b705-12c0513be798 50055c7a912d46feb8f2634544cd3c01 d0ac5f7481304cae9b9ba8ae8d7f89ec - - default default] Delete group with id: c16edad6-7d42-468f-ab72-da9bc60f04d6
2026-03-26 13:28:13.173 75 INFO cinder.api.openstack.wsgi [None req-81d6c36c-8308-47ab-8218-9fd6f0a1b7ec 19ea3d8ba8af4f04a5827f5292e3093b 7ed26ab0e2ca4936971c4339f316a495 - - default default] http://[LB_IP_ADDRESS]:8776/v3/7ed26ab0e2ca4936971c4339f316a495/groups/d8e279df-ddea-47c4-8e86-d70d7f5f9668 returned with HTTP 200
