2022-02-07 15:15:39.846 19 INFO cinder.api.openstack.wsgi [req-c682a272-dfaa-4fcc-b6de-8f83faae239f 9ec33688beef4ba788a24c3bd9e42604 01141dd7f1c740f2b35d49e4c3858135 - default default] http://[LB_IP_ADDRESS]:8776/v3/01141dd7f1c740f2b35d49e4c3858135/types/7ad27d78-efd8-4ab3-b689-ffe4c7540547 returned with HTTP 202
2022-02-07 15:15:39.850 23 INFO cinder.api.openstack.wsgi [req-73bd4747-fd08-467e-892c-0e96434e0db2 9ec33688beef4ba788a24c3bd9e42604 01141dd7f1c740f2b35d49e4c3858135 - default default] GET http://[LB_IP_ADDRESS]:8776/
2022-02-07 15:15:39.852 23 INFO cinder.api.openstack.wsgi [req-73bd4747-fd08-467e-892c-0e96434e0db2 9ec33688beef4ba788a24c3bd9e42604 01141dd7f1c740f2b35d49e4c3858135 - default default] http://[LB_IP_ADDRESS]:8776/ returned with HTTP 300
2022-02-07 15:15:39.857 22 INFO cinder.api.openstack.wsgi [req-7a53c994-7656-4cb9-a3af-0d27cc8e3f1d 9ec33688beef4ba788a24c3bd9e42604 01141dd7f1c740f2b35d49e4c3858135 - default default] GET http://[LB_IP_ADDRESS]:8776/v3/01141dd7f1c740f2b35d49e4c3858135/types/7ad27d78-efd8-4ab3-b689-ffe4c7540547
2022-02-07 15:15:39.864 22 INFO cinder.api.openstack.wsgi [req-7a53c994-7656-4cb9-a3af-0d27cc8e3f1d 9ec33688beef4ba788a24c3bd9e42604 01141dd7f1c740f2b35d49e4c3858135 - default default] http://[LB_IP_ADDRESS]:8776/v3/01141dd7f1c740f2b35d49e4c3858135/types/7ad27d78-efd8-4ab3-b689-ffe4c7540547 returned with HTTP 404
2022-02-07 15:15:39.867 21 INFO cinder.api.openstack.wsgi [req-b7773b3d-c55a-4c45-b402-bc60ddaed4bd 9f61c9dad60849e0b0a860a40f98f5db c5b6493e4c604b14b2af530f036ffe10 - default default] POST http://[LB_IP_ADDRESS]:8776/v3/c5b6493e4c604b14b2af530f036ffe10/attachments
2022-02-07 15:15:39.924 21 INFO cinder.api.openstack.wsgi [req-b7773b3d-c55a-4c45-b402-bc60ddaed4bd 9f61c9dad60849e0b0a860a40f98f5db c5b6493e4c604b14b2af530f036ffe10 - default default] http://[LB_IP_ADDRESS]:8776/v3/c5b6493e4c604b14b2af530f036ffe10/attachments returned with HTTP 200
2022-02-07 15:15:40.114 20 INFO cinder.api.openstack.wsgi [req-e3e8823e-6c5e-435a-9d28-29d24aecd618 e2a6bb496d494849aefddba7428794f3 0aa417cd5c1c4a7292a26d4baf17e55d - default default] GET http://[LB_IP_ADDRESS]:8776/v3/0aa417cd5c1c4a7292a26d4baf17e55d/volumes/56f13ffa-3fa6-4751-9fce-e622e98f508c
2022-02-07 15:15:40.132 20 INFO cinder.api.openstack.wsgi [req-e3e8823e-6c5e-435a-9d28-29d24aecd618 e2a6bb496d494849aefddba7428794f3 0aa417cd5c1c4a7292a26d4baf17e55d - default default] http://[LB_IP_ADDRESS]:8776/v3/0aa417cd5c1c4a7292a26d4baf17e55d/volumes/56f13ffa-3fa6-4751-9fce-e622e98f508c returned with HTTP 404
2022-02-07 15:15:40.808 19 INFO cinder.api.openstack.wsgi [req-c682a272-dfaa-4fcc-b6de-8f83faae239f 9ec33688beef4ba788a24c3bd9e42604 01141dd7f1c740f2b35d49e4c3858135 - default default] GET http://[LB_IP_ADDRESS]:8776/
2022-02-07 15:15:40.810 19 INFO cinder.api.openstack.wsgi [req-c682a272-dfaa-4fcc-b6de-8f83faae239f 9ec33688beef4ba788a24c3bd9e42604 01141dd7f1c740f2b35d49e4c3858135 - default default] http://[LB_IP_ADDRESS]:8776/ returned with HTTP 300
2022-02-07 15:15:40.822 23 INFO cinder.api.openstack.wsgi [req-874e62e6-5495-46d0-a9ff-e13676b44377 9f61c9dad60849e0b0a860a40f98f5db c5b6493e4c604b14b2af530f036ffe10 - default default] GET http://[LB_IP_ADDRESS]:8776/v3/c5b6493e4c604b14b2af530f036ffe10/volumes/75997971-03a6-4f6d-a1a0-42928a65c7f0
2022-02-07 15:15:40.848 23 INFO cinder.volume.api [req-874e62e6-5495-46d0-a9ff-e13676b44377 9f61c9dad60849e0b0a860a40f98f5db c5b6493e4c604b14b2af530f036ffe10 - default default] Volume info retrieved successfully.
2022-02-07 15:15:40.855 23 INFO cinder.api.openstack.wsgi [req-874e62e6-5495-46d0-a9ff-e13676b44377 9f61c9dad60849e0b0a860a40f98f5db c5b6493e4c604b14b2af530f036ffe10 - default default] http://[LB_IP_ADDRESS]:8776/v3/c5b6493e4c604b14b2af530f036ffe10/volumes/75997971-03a6-4f6d-a1a0-42928a65c7f0 returned with HTTP 200
2022-02-07 15:15:40.937 22 INFO cinder.api.openstack.wsgi [req-a121c1fd-1772-4e2f-9483-249272d91c1c 9f61c9dad60849e0b0a860a40f98f5db c5b6493e4c604b14b2af530f036ffe10 - default default] PUT http://[LB_IP_ADDRESS]:8776/v3/c5b6493e4c604b14b2af530f036ffe10/attachments/020423c5-ce69-4dd8-b2b4-31cdc705e566
2022-02-07 15:15:42.231 22 INFO cinder.api.openstack.wsgi [req-a121c1fd-1772-4e2f-9483-249272d91c1c 9f61c9dad60849e0b0a860a40f98f5db c5b6493e4c604b14b2af530f036ffe10 - default default] http://[LB_IP_ADDRESS]:8776/v3/c5b6493e4c604b14b2af530f036ffe10/attachments/020423c5-ce69-4dd8-b2b4-31cdc705e566 returned with HTTP 200
2022-02-07 15:15:42.270 21 INFO cinder.api.openstack.wsgi [req-948403be-542b-487e-b490-18a0cef2fd51 9f61c9dad60849e0b0a860a40f98f5db c5b6493e4c604b14b2af530f036ffe10 - default default] POST http://[LB_IP_ADDRESS]:8776/v3/c5b6493e4c604b14b2af530f036ffe10/attachments/020423c5-ce69-4dd8-b2b4-31cdc705e566/action
2022-02-07 15:15:42.318 21 INFO cinder.api.openstack.wsgi [req-948403be-542b-487e-b490-18a0cef2fd51 9f61c9dad60849e0b0a860a40f98f5db c5b6493e4c604b14b2af530f036ffe10 - default default] http://[LB_IP_ADDRESS]:8776/v3/c5b6493e4c604b14b2af530f036ffe10/attachments/020423c5-ce69-4dd8-b2b4-31cdc705e566/action returned with HTTP 204
2022-02-07 15:15:42.793 20 INFO cinder.api.openstack.wsgi [req-f56815c2-e5e3-49dd-bcff-719cc23bde08 df3787b4ae6f44b9820e018ebb220360 432a0e84a9e4497693bc6e2dbee20559 - default default] GET http://[LB_IP_ADDRESS]:8776/v3/432a0e84a9e4497693bc6e2dbee20559/os-availability-zone
2022-02-07 15:15:42.799 20 INFO cinder.volume.api [req-f56815c2-e5e3-49dd-bcff-719cc23bde08 df3787b4ae6f44b9820e018ebb220360 432a0e84a9e4497693bc6e2dbee20559 - default default] Availability Zones retrieved successfully.
2022-02-07 15:15:42.800 20 INFO cinder.api.openstack.wsgi [req-f56815c2-e5e3-49dd-bcff-719cc23bde08 df3787b4ae6f44b9820e018ebb220360 432a0e84a9e4497693bc6e2dbee20559 - default default] http://[LB_IP_ADDRESS]:8776/v3/432a0e84a9e4497693bc6e2dbee20559/os-availability-zone returned with HTTP 200
2022-02-07 15:15:43.542 19 INFO cinder.api.openstack.wsgi [req-55d2306a-c7a8-483c-9c88-2a05c972fe59 9f61c9dad60849e0b0a860a40f98f5db c5b6493e4c604b14b2af530f036ffe10 - default default] GET http://[LB_IP_ADDRESS]:8776/v3/c5b6493e4c604b14b2af530f036ffe10/limits
2022-02-07 15:15:43.600 19 INFO cinder.api.openstack.wsgi [req-55d2306a-c7a8-483c-9c88-2a05c972fe59 9f61c9dad60849e0b0a860a40f98f5db c5b6493e4c604b14b2af530f036ffe10 - default default] http://[LB_IP_ADDRESS]:8776/v3/c5b6493e4c604b14b2af530f036ffe10/limits returned with HTTP 200
2022-02-07 15:15:43.659 23 INFO cinder.api.openstack.wsgi [req-826c625a-2b76-4142-945c-cd8be8da4c6c 9f61c9dad60849e0b0a860a40f98f5db c5b6493e4c604b14b2af530f036ffe10 - default default] GET http://[LB_IP_ADDRESS]:8776/v3/c5b6493e4c604b14b2af530f036ffe10/volumes/75997971-03a6-4f6d-a1a0-42928a65c7f0
2022-02-07 15:15:43.689 23 INFO cinder.volume.api [req-826c625a-2b76-4142-945c-cd8be8da4c6c 9f61c9dad60849e0b0a860a40f98f5db c5b6493e4c604b14b2af530f036ffe10 - default default] Volume info retrieved successfully.
2022-02-07 15:15:43.699 23 INFO cinder.api.openstack.wsgi [req-826c625a-2b76-4142-945c-cd8be8da4c6c 9f61c9dad60849e0b0a860a40f98f5db c5b6493e4c604b14b2af530f036ffe10 - default default] http://[LB_IP_ADDRESS]:8776/v3/c5b6493e4c604b14b2af530f036ffe10/volumes/75997971-03a6-4f6d-a1a0-42928a65c7f0 returned with HTTP 200
2022-02-07 15:15:43.718 22 INFO cinder.api.openstack.wsgi [req-bebc4f4d-a01b-47e4-bd04-147c43519a2d 9f61c9dad60849e0b0a860a40f98f5db c5b6493e4c604b14b2af530f036ffe10 - default default] POST http://[LB_IP_ADDRESS]:8776/v3/c5b6493e4c604b14b2af530f036ffe10/snapshots
2022-02-07 15:15:43.740 22 INFO cinder.volume.api [req-bebc4f4d-a01b-47e4-bd04-147c43519a2d 9f61c9dad60849e0b0a860a40f98f5db c5b6493e4c604b14b2af530f036ffe10 - default default] Volume info retrieved successfully.
2022-02-07 15:15:43.740 22 INFO cinder.api.v3.snapshots [req-bebc4f4d-a01b-47e4-bd04-147c43519a2d 9f61c9dad60849e0b0a860a40f98f5db c5b6493e4c604b14b2af530f036ffe10 - default default] Create snapshot from volume 75997971-03a6-4f6d-a1a0-42928a65c7f0
2022-02-07 15:15:43.867 22 INFO cinder.volume.api [req-bebc4f4d-a01b-47e4-bd04-147c43519a2d 9f61c9dad60849e0b0a860a40f98f5db c5b6493e4c604b14b2af530f036ffe10 - default default] Snapshot force create request issued successfully.
2022-02-07 15:15:43.868 22 INFO cinder.api.openstack.wsgi [req-bebc4f4d-a01b-47e4-bd04-147c43519a2d 9f61c9dad60849e0b0a860a40f98f5db c5b6493e4c604b14b2af530f036ffe10 - default default] http://[LB_IP_ADDRESS]:8776/v3/c5b6493e4c604b14b2af530f036ffe10/snapshots returned with HTTP 202
2022-02-07 15:15:44.221 21 INFO cinder.api.openstack.wsgi [req-1d7fac54-d3c5-40c5-ac42-ddd27d8c52e1 5ed7d96806a04ad0aaa908be6121e122 276190d92549462181e72a0404e3f514 - default default] GET http://[LB_IP_ADDRESS]:8776/v3/276190d92549462181e72a0404e3f514/scheduler-stats/get_pools
2022-02-07 15:15:44.241 21 INFO cinder.api.openstack.wsgi [req-1d7fac54-d3c5-40c5-ac42-ddd27d8c52e1 5ed7d96806a04ad0aaa908be6121e122 276190d92549462181e72a0404e3f514 - default default] http://[LB_IP_ADDRESS]:8776/v3/276190d92549462181e72a0404e3f514/scheduler-stats/get_pools returned with HTTP 200
2022-02-07 15:15:44.258 20 INFO cinder.api.openstack.wsgi [req-6b28cb23-0bb8-4ab7-9b00-82a48ef62e25 5ed7d96806a04ad0aaa908be6121e122 276190d92549462181e72a0404e3f514 - default default] GET http://[LB_IP_ADDRESS]:8776/v3/276190d92549462181e72a0404e3f514/scheduler-stats/get_pools?detail=True
2022-02-07 15:15:44.280 20 INFO cinder.api.openstack.wsgi [req-6b28cb23-0bb8-4ab7-9b00-82a48ef62e25 5ed7d96806a04ad0aaa908be6121e122 276190d92549462181e72a0404e3f514 - default default] http://[LB_IP_ADDRESS]:8776/v3/276190d92549462181e72a0404e3f514/scheduler-stats/get_pools?detail=True returned with HTTP 200
2022-02-07 15:15:44.301 19 INFO cinder.api.openstack.wsgi [req-3cf67d36-33ed-466f-9ba3-6caa8290dd65 5ed7d96806a04ad0aaa908be6121e122 276190d92549462181e72a0404e3f514 - default default] GET http://[LB_IP_ADDRESS]:8776/v3/276190d92549462181e72a0404e3f514/capabilities/rack08-server51@LIGHTOSmttijp
2022-02-07 15:15:44.320 19 INFO cinder.api.openstack.wsgi [req-3cf67d36-33ed-466f-9ba3-6caa8290dd65 5ed7d96806a04ad0aaa908be6121e122 276190d92549462181e72a0404e3f514 - default default] http://[LB_IP_ADDRESS]:8776/v3/276190d92549462181e72a0404e3f514/capabilities/rack08-server51@LIGHTOSmttijp returned with HTTP 200
2022-02-07 15:15:44.341 23 INFO cinder.api.openstack.wsgi [req-eaee6dd1-66e9-4419-971b-7dcf423a705d 5ed7d96806a04ad0aaa908be6121e122 276190d92549462181e72a0404e3f514 - default default] GET http://[LB_IP_ADDRESS]:8776/v3/276190d92549462181e72a0404e3f514/capabilities/rack08-server51@LIGHTOSmttijp
2022-02-07 15:15:44.360 23 INFO cinder.api.openstack.wsgi [req-eaee6dd1-66e9-4419-971b-7dcf423a705d 5ed7d96806a04ad0aaa908be6121e122 276190d92549462181e72a0404e3f514 - default default] http://[LB_IP_ADDRESS]:8776/v3/276190d92549462181e72a0404e3f514/capabilities/rack08-server51@LIGHTOSmttijp returned with HTTP 200
2022-02-07 15:15:44.864 22 INFO cinder.api.openstack.wsgi [req-34fd9d15-a573-46c6-9579-3212c9748c27 9f61c9dad60849e0b0a860a40f98f5db c5b6493e4c604b14b2af530f036ffe10 - default default] GET http://[LB_IP_ADDRESS]:8776/v3/c5b6493e4c604b14b2af530f036ffe10/volumes/75997971-03a6-4f6d-a1a0-42928a65c7f0
2022-02-07 15:15:44.890 22 INFO cinder.volume.api [req-34fd9d15-a573-46c6-9579-3212c9748c27 9f61c9dad60849e0b0a860a40f98f5db c5b6493e4c604b14b2af530f036ffe10 - default default] Volume info retrieved successfully.
2022-02-07 15:15:44.898 22 INFO cinder.api.openstack.wsgi [req-34fd9d15-a573-46c6-9579-3212c9748c27 9f61c9dad60849e0b0a860a40f98f5db c5b6493e4c604b14b2af530f036ffe10 - default default] http://[LB_IP_ADDRESS]:8776/v3/c5b6493e4c604b14b2af530f036ffe10/volumes/75997971-03a6-4f6d-a1a0-42928a65c7f0 returned with HTTP 200
2022-02-07 15:15:45.053 21 INFO cinder.api.openstack.wsgi [req-4eab9549-23a3-42c5-9d72-003ed0591839 9f61c9dad60849e0b0a860a40f98f5db c5b6493e4c604b14b2af530f036ffe10 - default default] DELETE http://[LB_IP_ADDRESS]:8776/v3/c5b6493e4c604b14b2af530f036ffe10/attachments/020423c5-ce69-4dd8-b2b4-31cdc705e566
2022-02-07 15:15:46.262 21 INFO cinder.api.openstack.wsgi [req-4eab9549-23a3-42c5-9d72-003ed0591839 9f61c9dad60849e0b0a860a40f98f5db c5b6493e4c604b14b2af530f036ffe10 - default default] http://[LB_IP_ADDRESS]:8776/v3/c5b6493e4c604b14b2af530f036ffe10/attachments/020423c5-ce69-4dd8-b2b4-31cdc705e566 returned with HTTP 200
2022-02-07 15:15:46.793 19 INFO cinder.api.openstack.wsgi [req-95f57d47-e5e0-4dbb-935d-b6c1167aa0f2 9f61c9dad60849e0b0a860a40f98f5db c5b6493e4c604b14b2af530f036ffe10 - default default] DELETE http://[LB_IP_ADDRESS]:8776/v3/c5b6493e4c604b14b2af530f036ffe10/volumes/75997971-03a6-4f6d-a1a0-42928a65c7f0?cascade=True
2022-02-07 15:15:46.794 19 INFO cinder.api.v3.volumes [req-95f57d47-e5e0-4dbb-935d-b6c1167aa0f2 9f61c9dad60849e0b0a860a40f98f5db c5b6493e4c604b14b2af530f036ffe10 - default default] Delete volume with id: 75997971-03a6-4f6d-a1a0-42928a65c7f0 
2022-02-07 15:15:46.817 19 INFO cinder.volume.api [req-95f57d47-e5e0-4dbb-935d-b6c1167aa0f2 9f61c9dad60849e0b0a860a40f98f5db c5b6493e4c604b14b2af530f036ffe10 - default default] Volume info retrieved successfully.
2022-02-07 15:15:46.850 23 INFO cinder.api.openstack.wsgi [req-eaee6dd1-66e9-4419-971b-7dcf423a705d 5ed7d96806a04ad0aaa908be6121e122 276190d92549462181e72a0404e3f514 - default default] GET http://[LB_IP_ADDRESS]:8776/
2022-02-07 15:15:46.851 23 INFO cinder.api.openstack.wsgi [req-eaee6dd1-66e9-4419-971b-7dcf423a705d 5ed7d96806a04ad0aaa908be6121e122 276190d92549462181e72a0404e3f514 - default default] http://[LB_IP_ADDRESS]:8776/ returned with HTTP 300
2022-02-07 15:15:46.864 19 INFO cinder.volume.api [req-95f57d47-e5e0-4dbb-935d-b6c1167aa0f2 9f61c9dad60849e0b0a860a40f98f5db c5b6493e4c604b14b2af530f036ffe10 - default default] Delete volume request issued successfully.
2022-02-07 15:15:46.865 19 INFO cinder.api.openstack.wsgi [req-95f57d47-e5e0-4dbb-935d-b6c1167aa0f2 9f61c9dad60849e0b0a860a40f98f5db c5b6493e4c604b14b2af530f036ffe10 - default default] http://[LB_IP_ADDRESS]:8776/v3/c5b6493e4c604b14b2af530f036ffe10/volumes/75997971-03a6-4f6d-a1a0-42928a65c7f0?cascade=True returned with HTTP 202
2022-02-07 15:15:46.875 22 INFO cinder.api.openstack.wsgi [req-240fcd96-26ba-40ab-b460-11ab4065be94 9f61c9dad60849e0b0a860a40f98f5db c5b6493e4c604b14b2af530f036ffe10 - default default] GET http://[LB_IP_ADDRESS]:8776/v3/c5b6493e4c604b14b2af530f036ffe10/volumes/75997971-03a6-4f6d-a1a0-42928a65c7f0
2022-02-07 15:15:46.897 22 INFO cinder.volume.api [req-240fcd96-26ba-40ab-b460-11ab4065be94 9f61c9dad60849e0b0a860a40f98f5db c5b6493e4c604b14b2af530f036ffe10 - default default] Volume info retrieved successfully.
2022-02-07 15:15:46.906 22 INFO cinder.api.openstack.wsgi [req-240fcd96-26ba-40ab-b460-11ab4065be94 9f61c9dad60849e0b0a860a40f98f5db c5b6493e4c604b14b2af530f036ffe10 - default default] http://[LB_IP_ADDRESS]:8776/v3/c5b6493e4c604b14b2af530f036ffe10/volumes/75997971-03a6-4f6d-a1a0-42928a65c7f0 returned with HTTP 200
2022-02-07 15:15:46.922 20 INFO cinder.api.openstack.wsgi [req-7a2873f6-f921-4d89-94b5-cfa1f1bee1ea e2f2a9fb5a2e43bb8968c7c2adb0e414 157a23d9c2984b39b376e914872d9456 - default default] POST http://[LB_IP_ADDRESS]:8776/v3/157a23d9c2984b39b376e914872d9456/volumes
2022-02-07 15:15:46.924 20 INFO cinder.api.v3.volumes [req-7a2873f6-f921-4d89-94b5-cfa1f1bee1ea e2f2a9fb5a2e43bb8968c7c2adb0e414 157a23d9c2984b39b376e914872d9456 - default default] Create volume of 1 GB
2022-02-07 15:15:46.935 20 INFO cinder.volume.api [req-7a2873f6-f921-4d89-94b5-cfa1f1bee1ea e2f2a9fb5a2e43bb8968c7c2adb0e414 157a23d9c2984b39b376e914872d9456 - default default] Availability Zones retrieved successfully.
2022-02-07 15:15:47.165 20 INFO cinder.volume.api [req-7a2873f6-f921-4d89-94b5-cfa1f1bee1ea e2f2a9fb5a2e43bb8968c7c2adb0e414 157a23d9c2984b39b376e914872d9456 - default default] Create volume request issued successfully.
2022-02-07 15:15:47.167 20 INFO cinder.api.openstack.wsgi [req-7a2873f6-f921-4d89-94b5-cfa1f1bee1ea e2f2a9fb5a2e43bb8968c7c2adb0e414 157a23d9c2984b39b376e914872d9456 - default default] http://[LB_IP_ADDRESS]:8776/v3/157a23d9c2984b39b376e914872d9456/volumes returned with HTTP 202
2022-02-07 15:15:47.186 21 INFO cinder.api.openstack.wsgi [req-debbe28b-fab6-4bd8-990b-e669f0fd48c5 e2f2a9fb5a2e43bb8968c7c2adb0e414 157a23d9c2984b39b376e914872d9456 - default default] GET http://[LB_IP_ADDRESS]:8776/v3/157a23d9c2984b39b376e914872d9456/volumes/8cf1ad5f-56d1-48be-8f39-61c37e45901f
2022-02-07 15:15:47.221 21 INFO cinder.volume.api [req-debbe28b-fab6-4bd8-990b-e669f0fd48c5 e2f2a9fb5a2e43bb8968c7c2adb0e414 157a23d9c2984b39b376e914872d9456 - default default] Volume info retrieved successfully.
2022-02-07 15:15:47.229 21 INFO cinder.api.openstack.wsgi [req-debbe28b-fab6-4bd8-990b-e669f0fd48c5 e2f2a9fb5a2e43bb8968c7c2adb0e414 157a23d9c2984b39b376e914872d9456 - default default] http://[LB_IP_ADDRESS]:8776/v3/157a23d9c2984b39b376e914872d9456/volumes/8cf1ad5f-56d1-48be-8f39-61c37e45901f returned with HTTP 200
2022-02-07 15:15:47.928 23 INFO cinder.api.openstack.wsgi [req-00ec14c7-a949-4237-a00d-c9df5fca299d 9f61c9dad60849e0b0a860a40f98f5db c5b6493e4c604b14b2af530f036ffe10 - default default] GET http://[LB_IP_ADDRESS]:8776/v3/c5b6493e4c604b14b2af530f036ffe10/volumes/75997971-03a6-4f6d-a1a0-42928a65c7f0
2022-02-07 15:15:47.943 23 INFO cinder.api.openstack.wsgi [req-00ec14c7-a949-4237-a00d-c9df5fca299d 9f61c9dad60849e0b0a860a40f98f5db c5b6493e4c604b14b2af530f036ffe10 - default default] http://[LB_IP_ADDRESS]:8776/v3/c5b6493e4c604b14b2af530f036ffe10/volumes/75997971-03a6-4f6d-a1a0-42928a65c7f0 returned with HTTP 404
2022-02-07 15:15:48.127 19 INFO cinder.api.openstack.wsgi [req-28da61b8-8a93-413f-800b-e873928b5987 9f61c9dad60849e0b0a860a40f98f5db c5b6493e4c604b14b2af530f036ffe10 - default default] DELETE http://[LB_IP_ADDRESS]:8776/v3/c5b6493e4c604b14b2af530f036ffe10/volumes/75997971-03a6-4f6d-a1a0-42928a65c7f0
2022-02-07 15:15:48.128 19 INFO cinder.api.v3.volumes [req-28da61b8-8a93-413f-800b-e873928b5987 9f61c9dad60849e0b0a860a40f98f5db c5b6493e4c604b14b2af530f036ffe10 - default default] Delete volume with id: 75997971-03a6-4f6d-a1a0-42928a65c7f0 
2022-02-07 15:15:48.147 19 INFO cinder.api.openstack.wsgi [req-28da61b8-8a93-413f-800b-e873928b5987 9f61c9dad60849e0b0a860a40f98f5db c5b6493e4c604b14b2af530f036ffe10 - default default] http://[LB_IP_ADDRESS]:8776/v3/c5b6493e4c604b14b2af530f036ffe10/volumes/75997971-03a6-4f6d-a1a0-42928a65c7f0 returned with HTTP 404
2022-02-07 15:15:48.159 22 INFO cinder.api.openstack.wsgi [req-206dd741-a42b-429c-b1ea-73bd4fc2899a 9f61c9dad60849e0b0a860a40f98f5db c5b6493e4c604b14b2af530f036ffe10 - default default] GET http://[LB_IP_ADDRESS]:8776/v3/c5b6493e4c604b14b2af530f036ffe10/volumes/75997971-03a6-4f6d-a1a0-42928a65c7f0
2022-02-07 15:15:48.172 22 INFO cinder.api.openstack.wsgi [req-206dd741-a42b-429c-b1ea-73bd4fc2899a 9f61c9dad60849e0b0a860a40f98f5db c5b6493e4c604b14b2af530f036ffe10 - default default] http://[LB_IP_ADDRESS]:8776/v3/c5b6493e4c604b14b2af530f036ffe10/volumes/75997971-03a6-4f6d-a1a0-42928a65c7f0 returned with HTTP 404
2022-02-07 15:15:48.184 20 INFO cinder.api.openstack.wsgi [req-23fbb5f1-8ca5-442c-b3ca-8391ea56ef94 9f61c9dad60849e0b0a860a40f98f5db c5b6493e4c604b14b2af530f036ffe10 - default default] DELETE http://[LB_IP_ADDRESS]:8776/v3/c5b6493e4c604b14b2af530f036ffe10/volumes/f977ceb2-f25e-4339-a6f4-0a2275282fcc
2022-02-07 15:15:48.185 20 INFO cinder.api.v3.volumes [req-23fbb5f1-8ca5-442c-b3ca-8391ea56ef94 9f61c9dad60849e0b0a860a40f98f5db c5b6493e4c604b14b2af530f036ffe10 - default default] Delete volume with id: f977ceb2-f25e-4339-a6f4-0a2275282fcc 
2022-02-07 15:15:48.207 20 INFO cinder.volume.api [req-23fbb5f1-8ca5-442c-b3ca-8391ea56ef94 9f61c9dad60849e0b0a860a40f98f5db c5b6493e4c604b14b2af530f036ffe10 - default default] Volume info retrieved successfully.
2022-02-07 15:15:48.236 20 INFO cinder.volume.api [req-23fbb5f1-8ca5-442c-b3ca-8391ea56ef94 9f61c9dad60849e0b0a860a40f98f5db c5b6493e4c604b14b2af530f036ffe10 - default default] Delete volume request issued successfully.
2022-02-07 15:15:48.237 20 INFO cinder.api.openstack.wsgi [req-23fbb5f1-8ca5-442c-b3ca-8391ea56ef94 9f61c9dad60849e0b0a860a40f98f5db c5b6493e4c604b14b2af530f036ffe10 - default default] http://[LB_IP_ADDRESS]:8776/v3/c5b6493e4c604b14b2af530f036ffe10/volumes/f977ceb2-f25e-4339-a6f4-0a2275282fcc returned with HTTP 202
2022-02-07 15:15:48.248 23 INFO cinder.api.openstack.wsgi [req-3f14518b-dc01-4cd1-89f6-064400923f46 9f61c9dad60849e0b0a860a40f98f5db c5b6493e4c604b14b2af530f036ffe10 - default default] GET http://[LB_IP_ADDRESS]:8776/v3/c5b6493e4c604b14b2af530f036ffe10/volumes/f977ceb2-f25e-4339-a6f4-0a2275282fcc
2022-02-07 15:15:48.251 21 INFO cinder.api.openstack.wsgi [req-a5497585-8cca-4a45-b3d8-4dc7e4904770 e2f2a9fb5a2e43bb8968c7c2adb0e414 157a23d9c2984b39b376e914872d9456 - default default] GET http://[LB_IP_ADDRESS]:8776/v3/157a23d9c2984b39b376e914872d9456/volumes/8cf1ad5f-56d1-48be-8f39-61c37e45901f
2022-02-07 15:15:48.271 23 INFO cinder.volume.api [req-3f14518b-dc01-4cd1-89f6-064400923f46 9f61c9dad60849e0b0a860a40f98f5db c5b6493e4c604b14b2af530f036ffe10 - default default] Volume info retrieved successfully.
2022-02-07 15:15:48.274 21 INFO cinder.volume.api [req-a5497585-8cca-4a45-b3d8-4dc7e4904770 e2f2a9fb5a2e43bb8968c7c2adb0e414 157a23d9c2984b39b376e914872d9456 - default default] Volume info retrieved successfully.
2022-02-07 15:15:48.278 23 INFO cinder.api.openstack.wsgi [req-3f14518b-dc01-4cd1-89f6-064400923f46 9f61c9dad60849e0b0a860a40f98f5db c5b6493e4c604b14b2af530f036ffe10 - default default] http://[LB_IP_ADDRESS]:8776/v3/c5b6493e4c604b14b2af530f036ffe10/volumes/f977ceb2-f25e-4339-a6f4-0a2275282fcc returned with HTTP 200
2022-02-07 15:15:48.281 21 INFO cinder.api.openstack.wsgi [req-a5497585-8cca-4a45-b3d8-4dc7e4904770 e2f2a9fb5a2e43bb8968c7c2adb0e414 157a23d9c2984b39b376e914872d9456 - default default] http://[LB_IP_ADDRESS]:8776/v3/157a23d9c2984b39b376e914872d9456/volumes/8cf1ad5f-56d1-48be-8f39-61c37e45901f returned with HTTP 200
2022-02-07 15:15:48.548 19 INFO cinder.api.openstack.wsgi [req-e45b3979-8202-4eee-bbd9-5c59b3d6b92a 56549d3a60044c27ae0000b11ca7daad 50d642a759fd4998856a06d3d8d7a639 - default default] POST http://[LB_IP_ADDRESS]:8776/v3/50d642a759fd4998856a06d3d8d7a639/types
2022-02-07 15:15:48.579 19 INFO cinder.api.openstack.wsgi [req-e45b3979-8202-4eee-bbd9-5c59b3d6b92a 56549d3a60044c27ae0000b11ca7daad 50d642a759fd4998856a06d3d8d7a639 - default default] http://[LB_IP_ADDRESS]:8776/v3/50d642a759fd4998856a06d3d8d7a639/types returned with HTTP 200
2022-02-07 15:15:48.594 22 INFO cinder.api.openstack.wsgi [req-03d1bd15-054c-4363-9a01-ff82e3039432 56549d3a60044c27ae0000b11ca7daad 50d642a759fd4998856a06d3d8d7a639 - default default] POST http://[LB_IP_ADDRESS]:8776/v3/50d642a759fd4998856a06d3d8d7a639/group_types
2022-02-07 15:15:48.619 22 INFO cinder.api.openstack.wsgi [req-03d1bd15-054c-4363-9a01-ff82e3039432 56549d3a60044c27ae0000b11ca7daad 50d642a759fd4998856a06d3d8d7a639 - default default] http://[LB_IP_ADDRESS]:8776/v3/50d642a759fd4998856a06d3d8d7a639/group_types returned with HTTP 202
2022-02-07 15:15:48.737 20 INFO cinder.api.openstack.wsgi [req-d3853995-2d12-479a-9c52-312de967e241 f4c5c2b146fb41548bfc26eee45b3ff6 f88f20ff04d14eae81d8599093d06bbb - default default] POST http://[LB_IP_ADDRESS]:8776/v3/f88f20ff04d14eae81d8599093d06bbb/groups
2022-02-07 15:15:48.748 20 INFO cinder.api.v3.groups [req-d3853995-2d12-479a-9c52-312de967e241 f4c5c2b146fb41548bfc26eee45b3ff6 f88f20ff04d14eae81d8599093d06bbb - default default] Creating group tempest-GroupSnapshotsTest-Group-184384364.
2022-02-07 15:15:48.762 20 INFO cinder.volume.api [req-d3853995-2d12-479a-9c52-312de967e241 f4c5c2b146fb41548bfc26eee45b3ff6 f88f20ff04d14eae81d8599093d06bbb - default default] Availability Zones retrieved successfully.
2022-02-07 15:15:48.836 20 INFO cinder.api.openstack.wsgi [req-d3853995-2d12-479a-9c52-312de967e241 f4c5c2b146fb41548bfc26eee45b3ff6 f88f20ff04d14eae81d8599093d06bbb - default default] http://[LB_IP_ADDRESS]:8776/v3/f88f20ff04d14eae81d8599093d06bbb/groups returned with HTTP 202
2022-02-07 15:15:48.851 23 INFO cinder.api.openstack.wsgi [req-7ca0707d-eccd-4830-9d72-a641f4e8b686 f4c5c2b146fb41548bfc26eee45b3ff6 f88f20ff04d14eae81d8599093d06bbb - default default] GET http://[LB_IP_ADDRESS]:8776/v3/f88f20ff04d14eae81d8599093d06bbb/groups/1127ceb7-583d-48bd-ae5f-6bac9768b13d
2022-02-07 15:15:48.873 23 INFO cinder.api.openstack.wsgi [req-7ca0707d-eccd-4830-9d72-a641f4e8b686 f4c5c2b146fb41548bfc26eee45b3ff6 f88f20ff04d14eae81d8599093d06bbb - default default] http://[LB_IP_ADDRESS]:8776/v3/f88f20ff04d14eae81d8599093d06bbb/groups/1127ceb7-583d-48bd-ae5f-6bac9768b13d returned with HTTP 200
2022-02-07 15:15:49.300 21 INFO cinder.api.openstack.wsgi [req-ed74e364-5218-4e3d-bc7a-22c992d5495b 9f61c9dad60849e0b0a860a40f98f5db c5b6493e4c604b14b2af530f036ffe10 - default default] GET http://[LB_IP_ADDRESS]:8776/v3/c5b6493e4c604b14b2af530f036ffe10/volumes/f977ceb2-f25e-4339-a6f4-0a2275282fcc
2022-02-07 15:15:49.302 19 INFO cinder.api.openstack.wsgi [req-e9209329-8420-464a-876b-59d3c08f05a8 e2f2a9fb5a2e43bb8968c7c2adb0e414 157a23d9c2984b39b376e914872d9456 - default default] GET http://[LB_IP_ADDRESS]:8776/v3/157a23d9c2984b39b376e914872d9456/volumes/8cf1ad5f-56d1-48be-8f39-61c37e45901f
2022-02-07 15:15:49.314 21 INFO cinder.api.openstack.wsgi [req-ed74e364-5218-4e3d-bc7a-22c992d5495b 9f61c9dad60849e0b0a860a40f98f5db c5b6493e4c604b14b2af530f036ffe10 - default default] http://[LB_IP_ADDRESS]:8776/v3/c5b6493e4c604b14b2af530f036ffe10/volumes/f977ceb2-f25e-4339-a6f4-0a2275282fcc returned with HTTP 404
2022-02-07 15:15:49.328 19 INFO cinder.volume.api [req-e9209329-8420-464a-876b-59d3c08f05a8 e2f2a9fb5a2e43bb8968c7c2adb0e414 157a23d9c2984b39b376e914872d9456 - default default] Volume info retrieved successfully.
2022-02-07 15:15:49.335 19 INFO cinder.api.openstack.wsgi [req-e9209329-8420-464a-876b-59d3c08f05a8 e2f2a9fb5a2e43bb8968c7c2adb0e414 157a23d9c2984b39b376e914872d9456 - default default] http://[LB_IP_ADDRESS]:8776/v3/157a23d9c2984b39b376e914872d9456/volumes/8cf1ad5f-56d1-48be-8f39-61c37e45901f returned with HTTP 200
2022-02-07 15:15:49.357 22 INFO cinder.api.openstack.wsgi [req-4338d198-7ac1-4240-a8b6-056898f426a6 e2f2a9fb5a2e43bb8968c7c2adb0e414 157a23d9c2984b39b376e914872d9456 - default default] GET http://[LB_IP_ADDRESS]:8776/v3/157a23d9c2984b39b376e914872d9456/limits
2022-02-07 15:15:49.394 22 WARNING cinder.quota [req-4338d198-7ac1-4240-a8b6-056898f426a6 e2f2a9fb5a2e43bb8968c7c2adb0e414 157a23d9c2984b39b376e914872d9456 - default default] Deprecated: Default quota for resource: volumes_tempest-GroupSnapshotsTest-volume-type-317399580 is set by the default quota flag: quota_volumes_tempest-GroupSnapshotsTest-volume-type-317399580, it is now deprecated. Please use the default quota class for default quota.
2022-02-07 15:15:49.397 22 WARNING cinder.quota [req-4338d198-7ac1-4240-a8b6-056898f426a6 e2f2a9fb5a2e43bb8968c7c2adb0e414 157a23d9c2984b39b376e914872d9456 - default default] Deprecated: Default quota for resource: gigabytes_tempest-GroupSnapshotsTest-volume-type-317399580 is set by the default quota flag: quota_gigabytes_tempest-GroupSnapshotsTest-volume-type-317399580, it is now deprecated. Please use the default quota class for default quota.
2022-02-07 15:15:49.398 22 WARNING cinder.quota [req-4338d198-7ac1-4240-a8b6-056898f426a6 e2f2a9fb5a2e43bb8968c7c2adb0e414 157a23d9c2984b39b376e914872d9456 - default default] Deprecated: Default quota for resource: snapshots_tempest-GroupSnapshotsTest-volume-type-317399580 is set by the default quota flag: quota_snapshots_tempest-GroupSnapshotsTest-volume-type-317399580, it is now deprecated. Please use the default quota class for default quota.
2022-02-07 15:15:49.437 22 INFO cinder.api.openstack.wsgi [req-4338d198-7ac1-4240-a8b6-056898f426a6 e2f2a9fb5a2e43bb8968c7c2adb0e414 157a23d9c2984b39b376e914872d9456 - default default] http://[LB_IP_ADDRESS]:8776/v3/157a23d9c2984b39b376e914872d9456/limits returned with HTTP 200
2022-02-07 15:15:49.452 20 INFO cinder.api.openstack.wsgi [req-eba3383b-44f3-4df4-bf0a-693d50282344 e2f2a9fb5a2e43bb8968c7c2adb0e414 157a23d9c2984b39b376e914872d9456 - default default] DELETE http://[LB_IP_ADDRESS]:8776/v3/157a23d9c2984b39b376e914872d9456/volumes/8cf1ad5f-56d1-48be-8f39-61c37e45901f
2022-02-07 15:15:49.453 20 INFO cinder.api.v3.volumes [req-eba3383b-44f3-4df4-bf0a-693d50282344 e2f2a9fb5a2e43bb8968c7c2adb0e414 157a23d9c2984b39b376e914872d9456 - default default] Delete volume with id: 8cf1ad5f-56d1-48be-8f39-61c37e45901f 
2022-02-07 15:15:49.470 20 INFO cinder.volume.api [req-eba3383b-44f3-4df4-bf0a-693d50282344 e2f2a9fb5a2e43bb8968c7c2adb0e414 157a23d9c2984b39b376e914872d9456 - default default] Volume info retrieved successfully.
2022-02-07 15:15:49.493 20 INFO cinder.volume.api [req-eba3383b-44f3-4df4-bf0a-693d50282344 e2f2a9fb5a2e43bb8968c7c2adb0e414 157a23d9c2984b39b376e914872d9456 - default default] Delete volume request issued successfully.
2022-02-07 15:15:49.494 20 INFO cinder.api.openstack.wsgi [req-eba3383b-44f3-4df4-bf0a-693d50282344 e2f2a9fb5a2e43bb8968c7c2adb0e414 157a23d9c2984b39b376e914872d9456 - default default] http://[LB_IP_ADDRESS]:8776/v3/157a23d9c2984b39b376e914872d9456/volumes/8cf1ad5f-56d1-48be-8f39-61c37e45901f returned with HTTP 202
2022-02-07 15:15:49.506 23 INFO cinder.api.openstack.wsgi [req-a8782523-559b-42cc-bae7-c17c0183563f e2f2a9fb5a2e43bb8968c7c2adb0e414 157a23d9c2984b39b376e914872d9456 - default default] GET http://[LB_IP_ADDRESS]:8776/v3/157a23d9c2984b39b376e914872d9456/volumes/8cf1ad5f-56d1-48be-8f39-61c37e45901f
2022-02-07 15:15:49.531 23 INFO cinder.volume.api [req-a8782523-559b-42cc-bae7-c17c0183563f e2f2a9fb5a2e43bb8968c7c2adb0e414 157a23d9c2984b39b376e914872d9456 - default default] Volume info retrieved successfully.
2022-02-07 15:15:49.538 23 INFO cinder.api.openstack.wsgi [req-a8782523-559b-42cc-bae7-c17c0183563f e2f2a9fb5a2e43bb8968c7c2adb0e414 157a23d9c2984b39b376e914872d9456 - default default] http://[LB_IP_ADDRESS]:8776/v3/157a23d9c2984b39b376e914872d9456/volumes/8cf1ad5f-56d1-48be-8f39-61c37e45901f returned with HTTP 200
2022-02-07 15:15:49.890 21 INFO cinder.api.openstack.wsgi [req-498cefde-c5c7-434a-aff3-8a5e0bd80a2f f4c5c2b146fb41548bfc26eee45b3ff6 f88f20ff04d14eae81d8599093d06bbb - default default] GET http://[LB_IP_ADDRESS]:8776/v3/f88f20ff04d14eae81d8599093d06bbb/groups/1127ceb7-583d-48bd-ae5f-6bac9768b13d
2022-02-07 15:15:49.913 21 INFO cinder.api.openstack.wsgi [req-498cefde-c5c7-434a-aff3-8a5e0bd80a2f f4c5c2b146fb41548bfc26eee45b3ff6 f88f20ff04d14eae81d8599093d06bbb - default default] http://[LB_IP_ADDRESS]:8776/v3/f88f20ff04d14eae81d8599093d06bbb/groups/1127ceb7-583d-48bd-ae5f-6bac9768b13d returned with HTTP 200
2022-02-07 15:15:49.928 19 INFO cinder.api.openstack.wsgi [req-0c854e36-c5d3-4052-ad80-b7dd3b9ead29 f4c5c2b146fb41548bfc26eee45b3ff6 f88f20ff04d14eae81d8599093d06bbb - default default] POST http://[LB_IP_ADDRESS]:8776/v3/f88f20ff04d14eae81d8599093d06bbb/volumes
2022-02-07 15:15:49.943 19 INFO cinder.api.v3.volumes [req-0c854e36-c5d3-4052-ad80-b7dd3b9ead29 f4c5c2b146fb41548bfc26eee45b3ff6 f88f20ff04d14eae81d8599093d06bbb - default default] Create volume of 1 GB
2022-02-07 15:15:49.953 19 INFO cinder.volume.api [req-0c854e36-c5d3-4052-ad80-b7dd3b9ead29 f4c5c2b146fb41548bfc26eee45b3ff6 f88f20ff04d14eae81d8599093d06bbb - default default] Availability Zones retrieved successfully.
2022-02-07 15:15:50.043 19 WARNING cinder.quota [req-0c854e36-c5d3-4052-ad80-b7dd3b9ead29 f4c5c2b146fb41548bfc26eee45b3ff6 f88f20ff04d14eae81d8599093d06bbb - default default] Deprecated: Default quota for resource: volumes_tempest-GroupSnapshotsTest-volume-type-317399580 is set by the default quota flag: quota_volumes_tempest-GroupSnapshotsTest-volume-type-317399580, it is now deprecated. Please use the default quota class for default quota.
2022-02-07 15:15:50.044 19 WARNING cinder.quota [req-0c854e36-c5d3-4052-ad80-b7dd3b9ead29 f4c5c2b146fb41548bfc26eee45b3ff6 f88f20ff04d14eae81d8599093d06bbb - default default] Deprecated: Default quota for resource: gigabytes_tempest-GroupSnapshotsTest-volume-type-317399580 is set by the default quota flag: quota_gigabytes_tempest-GroupSnapshotsTest-volume-type-317399580, it is now deprecated. Please use the default quota class for default quota.
2022-02-07 15:15:50.197 19 INFO cinder.volume.api [req-0c854e36-c5d3-4052-ad80-b7dd3b9ead29 f4c5c2b146fb41548bfc26eee45b3ff6 f88f20ff04d14eae81d8599093d06bbb - default default] Create volume request issued successfully.
2022-02-07 15:15:50.225 19 INFO cinder.api.openstack.wsgi [req-0c854e36-c5d3-4052-ad80-b7dd3b9ead29 f4c5c2b146fb41548bfc26eee45b3ff6 f88f20ff04d14eae81d8599093d06bbb - default default] http://[LB_IP_ADDRESS]:8776/v3/f88f20ff04d14eae81d8599093d06bbb/volumes returned with HTTP 202
2022-02-07 15:15:50.250 22 INFO cinder.api.openstack.wsgi [req-cde49164-c882-49fb-bf0c-558fb6337c5d f4c5c2b146fb41548bfc26eee45b3ff6 f88f20ff04d14eae81d8599093d06bbb - default default] GET http://[LB_IP_ADDRESS]:8776/v3/f88f20ff04d14eae81d8599093d06bbb/volumes/90c86f62-8c05-41db-8330-6b384784ccac
2022-02-07 15:15:50.278 22 INFO cinder.volume.api [req-cde49164-c882-49fb-bf0c-558fb6337c5d f4c5c2b146fb41548bfc26eee45b3ff6 f88f20ff04d14eae81d8599093d06bbb - default default] Volume info retrieved successfully.
2022-02-07 15:15:50.303 22 INFO cinder.api.openstack.wsgi [req-cde49164-c882-49fb-bf0c-558fb6337c5d f4c5c2b146fb41548bfc26eee45b3ff6 f88f20ff04d14eae81d8599093d06bbb - default default] http://[LB_IP_ADDRESS]:8776/v3/f88f20ff04d14eae81d8599093d06bbb/volumes/90c86f62-8c05-41db-8330-6b384784ccac returned with HTTP 200
2022-02-07 15:15:50.560 20 INFO cinder.api.openstack.wsgi [req-6e96a31e-6d67-487f-b70b-a7d1c6ff6988 e2f2a9fb5a2e43bb8968c7c2adb0e414 157a23d9c2984b39b376e914872d9456 - default default] GET http://[LB_IP_ADDRESS]:8776/v3/157a23d9c2984b39b376e914872d9456/volumes/8cf1ad5f-56d1-48be-8f39-61c37e45901f
2022-02-07 15:15:50.577 20 INFO cinder.api.openstack.wsgi [req-6e96a31e-6d67-487f-b70b-a7d1c6ff6988 e2f2a9fb5a2e43bb8968c7c2adb0e414 157a23d9c2984b39b376e914872d9456 - default default] http://[LB_IP_ADDRESS]:8776/v3/157a23d9c2984b39b376e914872d9456/volumes/8cf1ad5f-56d1-48be-8f39-61c37e45901f returned with HTTP 404
2022-02-07 15:15:51.323 23 INFO cinder.api.openstack.wsgi [req-d3218528-0ec1-4b6f-b3bd-26ad7360e5fa f4c5c2b146fb41548bfc26eee45b3ff6 f88f20ff04d14eae81d8599093d06bbb - default default] GET http://[LB_IP_ADDRESS]:8776/v3/f88f20ff04d14eae81d8599093d06bbb/volumes/90c86f62-8c05-41db-8330-6b384784ccac
2022-02-07 15:15:51.347 23 INFO cinder.volume.api [req-d3218528-0ec1-4b6f-b3bd-26ad7360e5fa f4c5c2b146fb41548bfc26eee45b3ff6 f88f20ff04d14eae81d8599093d06bbb - default default] Volume info retrieved successfully.
2022-02-07 15:15:51.376 23 INFO cinder.api.openstack.wsgi [req-d3218528-0ec1-4b6f-b3bd-26ad7360e5fa f4c5c2b146fb41548bfc26eee45b3ff6 f88f20ff04d14eae81d8599093d06bbb - default default] http://[LB_IP_ADDRESS]:8776/v3/f88f20ff04d14eae81d8599093d06bbb/volumes/90c86f62-8c05-41db-8330-6b384784ccac returned with HTTP 200
2022-02-07 15:15:51.397 21 INFO cinder.api.openstack.wsgi [req-3d1a8949-4ffa-4135-8997-303090d2f248 f4c5c2b146fb41548bfc26eee45b3ff6 f88f20ff04d14eae81d8599093d06bbb - default default] POST http://[LB_IP_ADDRESS]:8776/v3/f88f20ff04d14eae81d8599093d06bbb/group_snapshots
2022-02-07 15:15:51.410 21 INFO cinder.api.v3.group_snapshots [req-3d1a8949-4ffa-4135-8997-303090d2f248 f4c5c2b146fb41548bfc26eee45b3ff6 f88f20ff04d14eae81d8599093d06bbb - default default] Creating group_snapshot tempest-group_snapshot-1585258685.
2022-02-07 15:15:51.465 21 WARNING cinder.quota [req-3d1a8949-4ffa-4135-8997-303090d2f248 f4c5c2b146fb41548bfc26eee45b3ff6 f88f20ff04d14eae81d8599093d06bbb - default default] Deprecated: Default quota for resource: gigabytes_tempest-GroupSnapshotsTest-volume-type-317399580 is set by the default quota flag: quota_gigabytes_tempest-GroupSnapshotsTest-volume-type-317399580, it is now deprecated. Please use the default quota class for default quota.
2022-02-07 15:15:51.466 21 WARNING cinder.quota [req-3d1a8949-4ffa-4135-8997-303090d2f248 f4c5c2b146fb41548bfc26eee45b3ff6 f88f20ff04d14eae81d8599093d06bbb - default default] Deprecated: Default quota for resource: snapshots_tempest-GroupSnapshotsTest-volume-type-317399580 is set by the default quota flag: quota_snapshots_tempest-GroupSnapshotsTest-volume-type-317399580, it is now deprecated. Please use the default quota class for default quota.
2022-02-07 15:15:51.537 21 INFO cinder.api.openstack.wsgi [req-3d1a8949-4ffa-4135-8997-303090d2f248 f4c5c2b146fb41548bfc26eee45b3ff6 f88f20ff04d14eae81d8599093d06bbb - default default] http://[LB_IP_ADDRESS]:8776/v3/f88f20ff04d14eae81d8599093d06bbb/group_snapshots returned with HTTP 202
2022-02-07 15:15:51.551 19 INFO cinder.api.openstack.wsgi [req-029d263f-7b3d-4ee4-9867-47fd1da0222b f4c5c2b146fb41548bfc26eee45b3ff6 f88f20ff04d14eae81d8599093d06bbb - default default] GET http://[LB_IP_ADDRESS]:8776/v3/f88f20ff04d14eae81d8599093d06bbb/group_snapshots/81a50e2f-6575-4fa4-ad8b-de1351c835e9
2022-02-07 15:15:51.568 19 INFO cinder.api.openstack.wsgi [req-029d263f-7b3d-4ee4-9867-47fd1da0222b f4c5c2b146fb41548bfc26eee45b3ff6 f88f20ff04d14eae81d8599093d06bbb - default default] http://[LB_IP_ADDRESS]:8776/v3/f88f20ff04d14eae81d8599093d06bbb/group_snapshots/81a50e2f-6575-4fa4-ad8b-de1351c835e9 returned with HTTP 200
2022-02-07 15:15:52.286 22 INFO cinder.api.openstack.wsgi [req-eb99f200-3ce7-41cf-a53a-12a427369f31 9f61c9dad60849e0b0a860a40f98f5db c5b6493e4c604b14b2af530f036ffe10 - default default] GET http://[LB_IP_ADDRESS]:8776/v3/c5b6493e4c604b14b2af530f036ffe10/volumes/c2f36041-ed5b-407c-be64-2118c42e2d5c
2022-02-07 15:15:52.320 22 INFO cinder.volume.api [req-eb99f200-3ce7-41cf-a53a-12a427369f31 9f61c9dad60849e0b0a860a40f98f5db c5b6493e4c604b14b2af530f036ffe10 - default default] Volume info retrieved successfully.
2022-02-07 15:15:52.328 22 INFO cinder.api.openstack.wsgi [req-eb99f200-3ce7-41cf-a53a-12a427369f31 9f61c9dad60849e0b0a860a40f98f5db c5b6493e4c604b14b2af530f036ffe10 - default default] http://[LB_IP_ADDRESS]:8776/v3/c5b6493e4c604b14b2af530f036ffe10/volumes/c2f36041-ed5b-407c-be64-2118c42e2d5c returned with HTTP 200
2022-02-07 15:15:52.491 20 INFO cinder.api.openstack.wsgi [req-7a37f750-03aa-43b5-b624-9d47a7019372 9f61c9dad60849e0b0a860a40f98f5db c5b6493e4c604b14b2af530f036ffe10 - default default] DELETE http://[LB_IP_ADDRESS]:8776/v3/c5b6493e4c604b14b2af530f036ffe10/attachments/4147c794-aeb0-432e-843d-3e501d4dba43
2022-02-07 15:15:52.585 23 INFO cinder.api.openstack.wsgi [req-bb3ad937-1b4e-4615-82e3-0c4775145b53 f4c5c2b146fb41548bfc26eee45b3ff6 f88f20ff04d14eae81d8599093d06bbb - default default] GET http://[LB_IP_ADDRESS]:8776/v3/f88f20ff04d14eae81d8599093d06bbb/group_snapshots/81a50e2f-6575-4fa4-ad8b-de1351c835e9
2022-02-07 15:15:52.596 23 INFO cinder.api.openstack.wsgi [req-bb3ad937-1b4e-4615-82e3-0c4775145b53 f4c5c2b146fb41548bfc26eee45b3ff6 f88f20ff04d14eae81d8599093d06bbb - default default] http://[LB_IP_ADDRESS]:8776/v3/f88f20ff04d14eae81d8599093d06bbb/group_snapshots/81a50e2f-6575-4fa4-ad8b-de1351c835e9 returned with HTTP 200
2022-02-07 15:15:53.523 21 INFO cinder.api.openstack.wsgi [req-6729ba8b-6569-42ae-8f60-b0de6022d6d2 036cfac610504e4bae78a154388a8a81 600785a4964546d2b06a43be9f9efea2 - default default] POST http://[LB_IP_ADDRESS]:8776/v3/600785a4964546d2b06a43be9f9efea2/volumes
2022-02-07 15:15:53.613 19 INFO cinder.api.openstack.wsgi [req-5433dd0d-54f0-47c5-9d52-166e444c88e1 f4c5c2b146fb41548bfc26eee45b3ff6 f88f20ff04d14eae81d8599093d06bbb - default default] GET http://[LB_IP_ADDRESS]:8776/v3/f88f20ff04d14eae81d8599093d06bbb/group_snapshots/81a50e2f-6575-4fa4-ad8b-de1351c835e9
2022-02-07 15:15:53.618 21 INFO cinder.api.v3.volumes [req-6729ba8b-6569-42ae-8f60-b0de6022d6d2 036cfac610504e4bae78a154388a8a81 600785a4964546d2b06a43be9f9efea2 - default default] Create volume of 1 GB
2022-02-07 15:15:53.626 19 INFO cinder.api.openstack.wsgi [req-5433dd0d-54f0-47c5-9d52-166e444c88e1 f4c5c2b146fb41548bfc26eee45b3ff6 f88f20ff04d14eae81d8599093d06bbb - default default] http://[LB_IP_ADDRESS]:8776/v3/f88f20ff04d14eae81d8599093d06bbb/group_snapshots/81a50e2f-6575-4fa4-ad8b-de1351c835e9 returned with HTTP 200
2022-02-07 15:15:53.627 21 INFO cinder.volume.api [req-6729ba8b-6569-42ae-8f60-b0de6022d6d2 036cfac610504e4bae78a154388a8a81 600785a4964546d2b06a43be9f9efea2 - default default] Availability Zones retrieved successfully.
2022-02-07 15:15:53.642 22 INFO cinder.api.openstack.wsgi [req-09454d99-582e-4d6a-a4d6-ed4a16167b17 f4c5c2b146fb41548bfc26eee45b3ff6 f88f20ff04d14eae81d8599093d06bbb - default default] GET http://[LB_IP_ADDRESS]:8776/v3/f88f20ff04d14eae81d8599093d06bbb/snapshots/detail
2022-02-07 15:15:53.655 22 INFO cinder.volume.api [req-09454d99-582e-4d6a-a4d6-ed4a16167b17 f4c5c2b146fb41548bfc26eee45b3ff6 f88f20ff04d14eae81d8599093d06bbb - default default] Get all snapshots completed successfully.
2022-02-07 15:15:53.657 22 INFO cinder.api.openstack.wsgi [req-09454d99-582e-4d6a-a4d6-ed4a16167b17 f4c5c2b146fb41548bfc26eee45b3ff6 f88f20ff04d14eae81d8599093d06bbb - default default] http://[LB_IP_ADDRESS]:8776/v3/f88f20ff04d14eae81d8599093d06bbb/snapshots/detail returned with HTTP 200
2022-02-07 15:15:53.672 23 INFO cinder.api.openstack.wsgi [req-b606d28f-838e-4ace-8cfc-34c07b723dd9 f4c5c2b146fb41548bfc26eee45b3ff6 f88f20ff04d14eae81d8599093d06bbb - default default] GET http://[LB_IP_ADDRESS]:8776/v3/f88f20ff04d14eae81d8599093d06bbb/snapshots/50ead652-de5f-4225-a123-e52eecf10573
2022-02-07 15:15:53.686 23 INFO cinder.volume.api [req-b606d28f-838e-4ace-8cfc-34c07b723dd9 f4c5c2b146fb41548bfc26eee45b3ff6 f88f20ff04d14eae81d8599093d06bbb - default default] Snapshot retrieved successfully.
2022-02-07 15:15:53.688 23 INFO cinder.api.openstack.wsgi [req-b606d28f-838e-4ace-8cfc-34c07b723dd9 f4c5c2b146fb41548bfc26eee45b3ff6 f88f20ff04d14eae81d8599093d06bbb - default default] http://[LB_IP_ADDRESS]:8776/v3/f88f20ff04d14eae81d8599093d06bbb/snapshots/50ead652-de5f-4225-a123-e52eecf10573 returned with HTTP 200
2022-02-07 15:15:53.703 19 INFO cinder.api.openstack.wsgi [req-3d8d25ef-8ffe-4014-a6ce-ea77312b8a3a f4c5c2b146fb41548bfc26eee45b3ff6 f88f20ff04d14eae81d8599093d06bbb - default default] POST http://[LB_IP_ADDRESS]:8776/v3/f88f20ff04d14eae81d8599093d06bbb/groups/action
2022-02-07 15:15:53.705 19 INFO cinder.api.v3.groups [req-3d8d25ef-8ffe-4014-a6ce-ea77312b8a3a f4c5c2b146fb41548bfc26eee45b3ff6 f88f20ff04d14eae81d8599093d06bbb - default default] Creating group tempest-Group_from_snap-642562974 from group_snapshot 81a50e2f-6575-4fa4-ad8b-de1351c835e9.
2022-02-07 15:15:53.718 20 INFO cinder.api.openstack.wsgi [req-7a37f750-03aa-43b5-b624-9d47a7019372 9f61c9dad60849e0b0a860a40f98f5db c5b6493e4c604b14b2af530f036ffe10 - default default] http://[LB_IP_ADDRESS]:8776/v3/c5b6493e4c604b14b2af530f036ffe10/attachments/4147c794-aeb0-432e-843d-3e501d4dba43 returned with HTTP 200
2022-02-07 15:15:53.872 19 INFO cinder.group.api [req-3d8d25ef-8ffe-4014-a6ce-ea77312b8a3a f4c5c2b146fb41548bfc26eee45b3ff6 f88f20ff04d14eae81d8599093d06bbb - default default] A mapping entry already exists for group 72cbe2db-2cd8-4330-87c8-f9e0f18aaadc and volume type 8885f247-46c0-465a-b34c-da2a3cfd4901. Do not need to create again.
2022-02-07 15:15:53.875 19 INFO cinder.volume.api [req-3d8d25ef-8ffe-4014-a6ce-ea77312b8a3a f4c5c2b146fb41548bfc26eee45b3ff6 f88f20ff04d14eae81d8599093d06bbb - default default] Availability Zones retrieved successfully.
2022-02-07 15:15:53.899 21 INFO cinder.volume.api [req-6729ba8b-6569-42ae-8f60-b0de6022d6d2 036cfac610504e4bae78a154388a8a81 600785a4964546d2b06a43be9f9efea2 - default default] Create volume request issued successfully.
2022-02-07 15:15:53.902 21 INFO cinder.api.openstack.wsgi [req-6729ba8b-6569-42ae-8f60-b0de6022d6d2 036cfac610504e4bae78a154388a8a81 600785a4964546d2b06a43be9f9efea2 - default default] http://[LB_IP_ADDRESS]:8776/v3/600785a4964546d2b06a43be9f9efea2/volumes returned with HTTP 202
2022-02-07 15:15:53.922 22 INFO cinder.api.openstack.wsgi [req-d28a78f6-6f53-435d-a024-c1d78f9896d9 036cfac610504e4bae78a154388a8a81 600785a4964546d2b06a43be9f9efea2 - default default] GET http://[LB_IP_ADDRESS]:8776/v3/600785a4964546d2b06a43be9f9efea2/volumes/4cfbacf6-5fc2-4a61-8097-3ea1954fe9b8
2022-02-07 15:15:53.947 22 INFO cinder.volume.api [req-d28a78f6-6f53-435d-a024-c1d78f9896d9 036cfac610504e4bae78a154388a8a81 600785a4964546d2b06a43be9f9efea2 - default default] Volume info retrieved successfully.
2022-02-07 15:15:53.955 22 INFO cinder.api.openstack.wsgi [req-d28a78f6-6f53-435d-a024-c1d78f9896d9 036cfac610504e4bae78a154388a8a81 600785a4964546d2b06a43be9f9efea2 - default default] http://[LB_IP_ADDRESS]:8776/v3/600785a4964546d2b06a43be9f9efea2/volumes/4cfbacf6-5fc2-4a61-8097-3ea1954fe9b8 returned with HTTP 200
2022-02-07 15:15:54.069 19 INFO cinder.volume.api [req-3d8d25ef-8ffe-4014-a6ce-ea77312b8a3a f4c5c2b146fb41548bfc26eee45b3ff6 f88f20ff04d14eae81d8599093d06bbb - default default] Create volume request issued successfully.
2022-02-07 15:15:54.093 19 INFO cinder.api.openstack.wsgi [req-3d8d25ef-8ffe-4014-a6ce-ea77312b8a3a f4c5c2b146fb41548bfc26eee45b3ff6 f88f20ff04d14eae81d8599093d06bbb - default default] http://[LB_IP_ADDRESS]:8776/v3/f88f20ff04d14eae81d8599093d06bbb/groups/action returned with HTTP 202
2022-02-07 15:15:54.107 23 INFO cinder.api.openstack.wsgi [req-4eb13ea8-0000-485b-8a84-04f2a0aef7fe f4c5c2b146fb41548bfc26eee45b3ff6 f88f20ff04d14eae81d8599093d06bbb - default default] GET http://[LB_IP_ADDRESS]:8776/v3/f88f20ff04d14eae81d8599093d06bbb/volumes/detail
2022-02-07 15:15:54.138 23 INFO cinder.volume.api [req-4eb13ea8-0000-485b-8a84-04f2a0aef7fe f4c5c2b146fb41548bfc26eee45b3ff6 f88f20ff04d14eae81d8599093d06bbb - default default] Get all volumes completed successfully.
2022-02-07 15:15:54.146 20 INFO cinder.api.openstack.wsgi [req-80e372fd-9609-4c1e-8258-90ab997076dd 9f61c9dad60849e0b0a860a40f98f5db c5b6493e4c604b14b2af530f036ffe10 - default default] DELETE http://[LB_IP_ADDRESS]:8776/v3/c5b6493e4c604b14b2af530f036ffe10/volumes/c2f36041-ed5b-407c-be64-2118c42e2d5c
2022-02-07 15:15:54.147 20 INFO cinder.api.v3.volumes [req-80e372fd-9609-4c1e-8258-90ab997076dd 9f61c9dad60849e0b0a860a40f98f5db c5b6493e4c604b14b2af530f036ffe10 - default default] Delete volume with id: c2f36041-ed5b-407c-be64-2118c42e2d5c 
2022-02-07 15:15:54.175 20 INFO cinder.volume.api [req-80e372fd-9609-4c1e-8258-90ab997076dd 9f61c9dad60849e0b0a860a40f98f5db c5b6493e4c604b14b2af530f036ffe10 - default default] Volume info retrieved successfully.
2022-02-07 15:15:54.190 23 INFO cinder.api.openstack.wsgi [req-4eb13ea8-0000-485b-8a84-04f2a0aef7fe f4c5c2b146fb41548bfc26eee45b3ff6 f88f20ff04d14eae81d8599093d06bbb - default default] http://[LB_IP_ADDRESS]:8776/v3/f88f20ff04d14eae81d8599093d06bbb/volumes/detail returned with HTTP 200
2022-02-07 15:15:54.200 20 INFO cinder.volume.api [req-80e372fd-9609-4c1e-8258-90ab997076dd 9f61c9dad60849e0b0a860a40f98f5db c5b6493e4c604b14b2af530f036ffe10 - default default] Delete volume request issued successfully.
2022-02-07 15:15:54.201 20 INFO cinder.api.openstack.wsgi [req-80e372fd-9609-4c1e-8258-90ab997076dd 9f61c9dad60849e0b0a860a40f98f5db c5b6493e4c604b14b2af530f036ffe10 - default default] http://[LB_IP_ADDRESS]:8776/v3/c5b6493e4c604b14b2af530f036ffe10/volumes/c2f36041-ed5b-407c-be64-2118c42e2d5c returned with HTTP 202
2022-02-07 15:15:54.212 22 INFO cinder.api.openstack.wsgi [req-a19e2b38-139c-4381-af64-1bf070ad8cfc 9f61c9dad60849e0b0a860a40f98f5db c5b6493e4c604b14b2af530f036ffe10 - default default] GET http://[LB_IP_ADDRESS]:8776/v3/c5b6493e4c604b14b2af530f036ffe10/volumes/c2f36041-ed5b-407c-be64-2118c42e2d5c
2022-02-07 15:15:54.213 21 INFO cinder.api.openstack.wsgi [req-96884e74-9fdf-4ec6-b614-10df3605ca8d f4c5c2b146fb41548bfc26eee45b3ff6 f88f20ff04d14eae81d8599093d06bbb - default default] GET http://[LB_IP_ADDRESS]:8776/v3/f88f20ff04d14eae81d8599093d06bbb/volumes/74ea937a-2b67-4ed4-a3af-ce5cf07ae6e3
2022-02-07 15:15:54.236 22 INFO cinder.volume.api [req-a19e2b38-139c-4381-af64-1bf070ad8cfc 9f61c9dad60849e0b0a860a40f98f5db c5b6493e4c604b14b2af530f036ffe10 - default default] Volume info retrieved successfully.
2022-02-07 15:15:54.238 21 INFO cinder.volume.api [req-96884e74-9fdf-4ec6-b614-10df3605ca8d f4c5c2b146fb41548bfc26eee45b3ff6 f88f20ff04d14eae81d8599093d06bbb - default default] Volume info retrieved successfully.
2022-02-07 15:15:54.244 22 INFO cinder.api.openstack.wsgi [req-a19e2b38-139c-4381-af64-1bf070ad8cfc 9f61c9dad60849e0b0a860a40f98f5db c5b6493e4c604b14b2af530f036ffe10 - default default] http://[LB_IP_ADDRESS]:8776/v3/c5b6493e4c604b14b2af530f036ffe10/volumes/c2f36041-ed5b-407c-be64-2118c42e2d5c returned with HTTP 200
2022-02-07 15:15:54.262 21 INFO cinder.api.openstack.wsgi [req-96884e74-9fdf-4ec6-b614-10df3605ca8d f4c5c2b146fb41548bfc26eee45b3ff6 f88f20ff04d14eae81d8599093d06bbb - default default] http://[LB_IP_ADDRESS]:8776/v3/f88f20ff04d14eae81d8599093d06bbb/volumes/74ea937a-2b67-4ed4-a3af-ce5cf07ae6e3 returned with HTTP 200
2022-02-07 15:15:54.979 19 INFO cinder.api.openstack.wsgi [req-17c46bbe-05a1-4f1c-b020-2bc508958504 036cfac610504e4bae78a154388a8a81 600785a4964546d2b06a43be9f9efea2 - default default] GET http://[LB_IP_ADDRESS]:8776/v3/600785a4964546d2b06a43be9f9efea2/volumes/4cfbacf6-5fc2-4a61-8097-3ea1954fe9b8
2022-02-07 15:15:55.004 19 INFO cinder.volume.api [req-17c46bbe-05a1-4f1c-b020-2bc508958504 036cfac610504e4bae78a154388a8a81 600785a4964546d2b06a43be9f9efea2 - default default] Volume info retrieved successfully.
2022-02-07 15:15:55.012 19 INFO cinder.api.openstack.wsgi [req-17c46bbe-05a1-4f1c-b020-2bc508958504 036cfac610504e4bae78a154388a8a81 600785a4964546d2b06a43be9f9efea2 - default default] http://[LB_IP_ADDRESS]:8776/v3/600785a4964546d2b06a43be9f9efea2/volumes/4cfbacf6-5fc2-4a61-8097-3ea1954fe9b8 returned with HTTP 200
