2024-08-19 17:57:09.606 23 INFO cinder.api.openstack.wsgi [None req-a5fca4e7-aaef-4240-baea-8c245876db8a d3260087081a430596703bc12e2c50f0 9905c7bdaebe4b42a1e9ed768c9ac727 - - default default] http://[LB_IP_ADDRESS]:8776/v3/9905c7bdaebe4b42a1e9ed768c9ac727/groups/7fcf026b-1383-475e-bc12-d0524c3aaaf5 returned with HTTP 200
2024-08-19 17:57:09.625 21 INFO cinder.api.openstack.wsgi [None req-51603d54-8e43-4e9e-843f-cf5f2f2ddec9 d3260087081a430596703bc12e2c50f0 9905c7bdaebe4b42a1e9ed768c9ac727 - - default default] GET http://[LB_IP_ADDRESS]:8776/v3/9905c7bdaebe4b42a1e9ed768c9ac727/volumes/detail
2024-08-19 17:57:09.649 21 INFO cinder.volume.api [None req-51603d54-8e43-4e9e-843f-cf5f2f2ddec9 d3260087081a430596703bc12e2c50f0 9905c7bdaebe4b42a1e9ed768c9ac727 - - default default] Get all volumes completed successfully.
2024-08-19 17:57:09.652 21 INFO cinder.api.openstack.wsgi [None req-51603d54-8e43-4e9e-843f-cf5f2f2ddec9 d3260087081a430596703bc12e2c50f0 9905c7bdaebe4b42a1e9ed768c9ac727 - - default default] http://[LB_IP_ADDRESS]:8776/v3/9905c7bdaebe4b42a1e9ed768c9ac727/volumes/detail returned with HTTP 200
2024-08-19 17:57:09.684 19 INFO cinder.api.openstack.wsgi [None req-9d2d82d3-fd8c-464d-8aca-f9ab98f27865 d3260087081a430596703bc12e2c50f0 9905c7bdaebe4b42a1e9ed768c9ac727 - - default default] POST http://[LB_IP_ADDRESS]:8776/v3/9905c7bdaebe4b42a1e9ed768c9ac727/groups/7fcf026b-1383-475e-bc12-d0524c3aaaf5/action
2024-08-19 17:57:09.690 19 INFO cinder.api.v3.groups [None req-9d2d82d3-fd8c-464d-8aca-f9ab98f27865 d3260087081a430596703bc12e2c50f0 9905c7bdaebe4b42a1e9ed768c9ac727 - - default default] Delete group with id: 7fcf026b-1383-475e-bc12-d0524c3aaaf5
2024-08-19 17:57:09.730 19 INFO cinder.api.openstack.wsgi [None req-9d2d82d3-fd8c-464d-8aca-f9ab98f27865 d3260087081a430596703bc12e2c50f0 9905c7bdaebe4b42a1e9ed768c9ac727 - - default default] http://[LB_IP_ADDRESS]:8776/v3/9905c7bdaebe4b42a1e9ed768c9ac727/groups/7fcf026b-1383-475e-bc12-d0524c3aaaf5/action returned with HTTP 202
2024-08-19 17:57:09.749 20 INFO cinder.api.openstack.wsgi [None req-3f285064-771b-4099-9d84-fe33750fe263 d3260087081a430596703bc12e2c50f0 9905c7bdaebe4b42a1e9ed768c9ac727 - - default default] GET http://[LB_IP_ADDRESS]:8776/v3/9905c7bdaebe4b42a1e9ed768c9ac727/groups/7fcf026b-1383-475e-bc12-d0524c3aaaf5
2024-08-19 17:57:09.768 20 INFO cinder.api.openstack.wsgi [None req-3f285064-771b-4099-9d84-fe33750fe263 d3260087081a430596703bc12e2c50f0 9905c7bdaebe4b42a1e9ed768c9ac727 - - default default] http://[LB_IP_ADDRESS]:8776/v3/9905c7bdaebe4b42a1e9ed768c9ac727/groups/7fcf026b-1383-475e-bc12-d0524c3aaaf5 returned with HTTP 200
2024-08-19 17:57:10.477 22 INFO cinder.api.openstack.wsgi [None req-114cb62b-a341-4641-a50b-0209aa5c13eb 608cb6dfcb2f4743906d4e1c5ff585c1 0d57166960e64259a3c33c836e9dfc1f - - default default] GET http://[LB_IP_ADDRESS]:8776/v3/0d57166960e64259a3c33c836e9dfc1f/snapshots/0fb91abe-81a6-4c4b-b45a-1f0796f704c3
2024-08-19 17:57:10.495 22 INFO cinder.volume.api [None req-114cb62b-a341-4641-a50b-0209aa5c13eb 608cb6dfcb2f4743906d4e1c5ff585c1 0d57166960e64259a3c33c836e9dfc1f - - default default] Snapshot retrieved successfully.
2024-08-19 17:57:10.496 22 INFO cinder.api.openstack.wsgi [None req-114cb62b-a341-4641-a50b-0209aa5c13eb 608cb6dfcb2f4743906d4e1c5ff585c1 0d57166960e64259a3c33c836e9dfc1f - - default default] http://[LB_IP_ADDRESS]:8776/v3/0d57166960e64259a3c33c836e9dfc1f/snapshots/0fb91abe-81a6-4c4b-b45a-1f0796f704c3 returned with HTTP 200
2024-08-19 17:57:10.516 23 INFO cinder.api.openstack.wsgi [None req-6edbcbbb-efa1-4628-8796-1baf138f6d86 e50164d8d8654f5db7cba84376a040f7 215c39067da1401a81d0e8787836a13f - - default default] POST http://[LB_IP_ADDRESS]:8776/v3/215c39067da1401a81d0e8787836a13f/snapshots/0fb91abe-81a6-4c4b-b45a-1f0796f704c3/action
2024-08-19 17:57:10.555 23 INFO cinder.api.openstack.wsgi [None req-6edbcbbb-efa1-4628-8796-1baf138f6d86 e50164d8d8654f5db7cba84376a040f7 215c39067da1401a81d0e8787836a13f - - default default] http://[LB_IP_ADDRESS]:8776/v3/215c39067da1401a81d0e8787836a13f/snapshots/0fb91abe-81a6-4c4b-b45a-1f0796f704c3/action returned with HTTP 202
2024-08-19 17:57:10.569 21 INFO cinder.api.openstack.wsgi [None req-3283759b-3631-4bc2-8100-6003ebb7268b 608cb6dfcb2f4743906d4e1c5ff585c1 0d57166960e64259a3c33c836e9dfc1f - - default default] GET http://[LB_IP_ADDRESS]:8776/v3/0d57166960e64259a3c33c836e9dfc1f/snapshots/0fb91abe-81a6-4c4b-b45a-1f0796f704c3
2024-08-19 17:57:10.583 21 INFO cinder.volume.api [None req-3283759b-3631-4bc2-8100-6003ebb7268b 608cb6dfcb2f4743906d4e1c5ff585c1 0d57166960e64259a3c33c836e9dfc1f - - default default] Snapshot retrieved successfully.
2024-08-19 17:57:10.584 21 INFO cinder.api.openstack.wsgi [None req-3283759b-3631-4bc2-8100-6003ebb7268b 608cb6dfcb2f4743906d4e1c5ff585c1 0d57166960e64259a3c33c836e9dfc1f - - default default] http://[LB_IP_ADDRESS]:8776/v3/0d57166960e64259a3c33c836e9dfc1f/snapshots/0fb91abe-81a6-4c4b-b45a-1f0796f704c3 returned with HTTP 200
2024-08-19 17:57:10.604 19 INFO cinder.api.openstack.wsgi [None req-7a359fe3-0864-4bef-9ff0-32b46815c185 e50164d8d8654f5db7cba84376a040f7 215c39067da1401a81d0e8787836a13f - - default default] POST http://[LB_IP_ADDRESS]:8776/v3/215c39067da1401a81d0e8787836a13f/snapshots/0fb91abe-81a6-4c4b-b45a-1f0796f704c3/action
2024-08-19 17:57:10.618 19 INFO cinder.volume.api [None req-7a359fe3-0864-4bef-9ff0-32b46815c185 e50164d8d8654f5db7cba84376a040f7 215c39067da1401a81d0e8787836a13f - - default default] Snapshot retrieved successfully.
2024-08-19 17:57:10.638 19 INFO cinder.volume.api [None req-7a359fe3-0864-4bef-9ff0-32b46815c185 e50164d8d8654f5db7cba84376a040f7 215c39067da1401a81d0e8787836a13f - - default default] Snapshot delete request issued successfully.
2024-08-19 17:57:10.639 19 INFO cinder.api.openstack.wsgi [None req-7a359fe3-0864-4bef-9ff0-32b46815c185 e50164d8d8654f5db7cba84376a040f7 215c39067da1401a81d0e8787836a13f - - default default] http://[LB_IP_ADDRESS]:8776/v3/215c39067da1401a81d0e8787836a13f/snapshots/0fb91abe-81a6-4c4b-b45a-1f0796f704c3/action returned with HTTP 202
2024-08-19 17:57:10.654 20 INFO cinder.api.openstack.wsgi [None req-5dd8e584-1638-41a4-b9ac-446a267f26d4 608cb6dfcb2f4743906d4e1c5ff585c1 0d57166960e64259a3c33c836e9dfc1f - - default default] GET http://[LB_IP_ADDRESS]:8776/v3/0d57166960e64259a3c33c836e9dfc1f/snapshots/0fb91abe-81a6-4c4b-b45a-1f0796f704c3
2024-08-19 17:57:10.666 20 INFO cinder.volume.api [None req-5dd8e584-1638-41a4-b9ac-446a267f26d4 608cb6dfcb2f4743906d4e1c5ff585c1 0d57166960e64259a3c33c836e9dfc1f - - default default] Snapshot retrieved successfully.
2024-08-19 17:57:10.668 20 INFO cinder.api.openstack.wsgi [None req-5dd8e584-1638-41a4-b9ac-446a267f26d4 608cb6dfcb2f4743906d4e1c5ff585c1 0d57166960e64259a3c33c836e9dfc1f - - default default] http://[LB_IP_ADDRESS]:8776/v3/0d57166960e64259a3c33c836e9dfc1f/snapshots/0fb91abe-81a6-4c4b-b45a-1f0796f704c3 returned with HTTP 200
2024-08-19 17:57:10.789 22 INFO cinder.api.openstack.wsgi [None req-06e6a11a-dacd-4ccc-a9ff-f40b6a90944e d3260087081a430596703bc12e2c50f0 9905c7bdaebe4b42a1e9ed768c9ac727 - - default default] GET http://[LB_IP_ADDRESS]:8776/v3/9905c7bdaebe4b42a1e9ed768c9ac727/groups/7fcf026b-1383-475e-bc12-d0524c3aaaf5
2024-08-19 17:57:10.797 22 INFO cinder.api.openstack.wsgi [None req-06e6a11a-dacd-4ccc-a9ff-f40b6a90944e d3260087081a430596703bc12e2c50f0 9905c7bdaebe4b42a1e9ed768c9ac727 - - default default] http://[LB_IP_ADDRESS]:8776/v3/9905c7bdaebe4b42a1e9ed768c9ac727/groups/7fcf026b-1383-475e-bc12-d0524c3aaaf5 returned with HTTP 404
2024-08-19 17:57:10.807 23 INFO cinder.api.openstack.wsgi [None req-9a80454c-ffc9-4186-bdd1-64bcdf710a94 2887d6bc3dd944a5a4b9b50d9388c92a 5b708a623d93433480756ff9fa1acbcd - - default default] DELETE http://[LB_IP_ADDRESS]:8776/v3/5b708a623d93433480756ff9fa1acbcd/group_types/30f3fdc8-e9b2-4e60-8226-73d85918e931
2024-08-19 17:57:10.821 23 INFO cinder.api.openstack.wsgi [None req-9a80454c-ffc9-4186-bdd1-64bcdf710a94 2887d6bc3dd944a5a4b9b50d9388c92a 5b708a623d93433480756ff9fa1acbcd - - default default] http://[LB_IP_ADDRESS]:8776/v3/5b708a623d93433480756ff9fa1acbcd/group_types/30f3fdc8-e9b2-4e60-8226-73d85918e931 returned with HTTP 202
2024-08-19 17:57:10.835 21 INFO cinder.api.openstack.wsgi [None req-f44017f0-9097-4684-96b6-312556286cdb 2887d6bc3dd944a5a4b9b50d9388c92a 5b708a623d93433480756ff9fa1acbcd - - default default] DELETE http://[LB_IP_ADDRESS]:8776/v3/5b708a623d93433480756ff9fa1acbcd/types/0b3ad99c-4267-4acb-89e8-290f9a7be894
2024-08-19 17:57:10.878 21 INFO cinder.api.openstack.wsgi [None req-f44017f0-9097-4684-96b6-312556286cdb 2887d6bc3dd944a5a4b9b50d9388c92a 5b708a623d93433480756ff9fa1acbcd - - default default] http://[LB_IP_ADDRESS]:8776/v3/5b708a623d93433480756ff9fa1acbcd/types/0b3ad99c-4267-4acb-89e8-290f9a7be894 returned with HTTP 202
2024-08-19 17:57:10.893 19 INFO cinder.api.openstack.wsgi [None req-ac52f575-2f2f-4bca-af53-2f0eb894d437 2887d6bc3dd944a5a4b9b50d9388c92a 5b708a623d93433480756ff9fa1acbcd - - default default] GET http://[LB_IP_ADDRESS]:8776/v3/5b708a623d93433480756ff9fa1acbcd/types/0b3ad99c-4267-4acb-89e8-290f9a7be894
2024-08-19 17:57:10.901 19 INFO cinder.api.openstack.wsgi [None req-ac52f575-2f2f-4bca-af53-2f0eb894d437 2887d6bc3dd944a5a4b9b50d9388c92a 5b708a623d93433480756ff9fa1acbcd - - default default] http://[LB_IP_ADDRESS]:8776/v3/5b708a623d93433480756ff9fa1acbcd/types/0b3ad99c-4267-4acb-89e8-290f9a7be894 returned with HTTP 404
2024-08-19 17:57:11.688 22 INFO cinder.api.openstack.wsgi [None req-176df57c-1ad5-4479-9eef-ce52db46e81f 608cb6dfcb2f4743906d4e1c5ff585c1 0d57166960e64259a3c33c836e9dfc1f - - default default] GET http://[LB_IP_ADDRESS]:8776/v3/0d57166960e64259a3c33c836e9dfc1f/snapshots/0fb91abe-81a6-4c4b-b45a-1f0796f704c3
2024-08-19 17:57:11.702 22 INFO cinder.volume.api [None req-176df57c-1ad5-4479-9eef-ce52db46e81f 608cb6dfcb2f4743906d4e1c5ff585c1 0d57166960e64259a3c33c836e9dfc1f - - default default] Snapshot retrieved successfully.
2024-08-19 17:57:11.703 22 INFO cinder.api.openstack.wsgi [None req-176df57c-1ad5-4479-9eef-ce52db46e81f 608cb6dfcb2f4743906d4e1c5ff585c1 0d57166960e64259a3c33c836e9dfc1f - - default default] http://[LB_IP_ADDRESS]:8776/v3/0d57166960e64259a3c33c836e9dfc1f/snapshots/0fb91abe-81a6-4c4b-b45a-1f0796f704c3 returned with HTTP 200
2024-08-19 17:57:11.716 20 INFO cinder.api.openstack.wsgi [None req-3d52d818-a534-41a2-a492-ff06178862a1 482fd7ddd21e4b8f89d2ae39a47f2e55 567990010501434ea29b24d66e6beb54 - - default default] POST http://[LB_IP_ADDRESS]:8776/v3/567990010501434ea29b24d66e6beb54/types
2024-08-19 17:57:11.760 20 INFO cinder.api.openstack.wsgi [None req-3d52d818-a534-41a2-a492-ff06178862a1 482fd7ddd21e4b8f89d2ae39a47f2e55 567990010501434ea29b24d66e6beb54 - - default default] http://[LB_IP_ADDRESS]:8776/v3/567990010501434ea29b24d66e6beb54/types returned with HTTP 200
2024-08-19 17:57:11.775 23 INFO cinder.api.openstack.wsgi [None req-8a74ac80-705a-4336-b5c5-97961b521c5b 482fd7ddd21e4b8f89d2ae39a47f2e55 567990010501434ea29b24d66e6beb54 - - default default] POST http://[LB_IP_ADDRESS]:8776/v3/567990010501434ea29b24d66e6beb54/group_types
2024-08-19 17:57:11.800 23 INFO cinder.api.openstack.wsgi [None req-8a74ac80-705a-4336-b5c5-97961b521c5b 482fd7ddd21e4b8f89d2ae39a47f2e55 567990010501434ea29b24d66e6beb54 - - default default] http://[LB_IP_ADDRESS]:8776/v3/567990010501434ea29b24d66e6beb54/group_types returned with HTTP 202
2024-08-19 17:57:11.927 21 INFO cinder.api.openstack.wsgi [None req-2c9f7b01-2bb0-42ba-b1dd-0626c8fcc4a2 21b6835c657949e19584e458693a2945 6e63ad28ce204d2fa736e7a0ee7e1ce1 - - default default] POST http://[LB_IP_ADDRESS]:8776/v3/6e63ad28ce204d2fa736e7a0ee7e1ce1/groups
2024-08-19 17:57:11.939 21 INFO cinder.api.v3.groups [None req-2c9f7b01-2bb0-42ba-b1dd-0626c8fcc4a2 21b6835c657949e19584e458693a2945 6e63ad28ce204d2fa736e7a0ee7e1ce1 - - default default] Creating group tempest-GroupSnapshotsTest-Group-1916804819.
2024-08-19 17:57:11.947 21 INFO cinder.volume.api [None req-2c9f7b01-2bb0-42ba-b1dd-0626c8fcc4a2 21b6835c657949e19584e458693a2945 6e63ad28ce204d2fa736e7a0ee7e1ce1 - - default default] Availability Zones retrieved successfully.
2024-08-19 17:57:12.059 21 INFO cinder.api.openstack.wsgi [None req-2c9f7b01-2bb0-42ba-b1dd-0626c8fcc4a2 21b6835c657949e19584e458693a2945 6e63ad28ce204d2fa736e7a0ee7e1ce1 - - default default] http://[LB_IP_ADDRESS]:8776/v3/6e63ad28ce204d2fa736e7a0ee7e1ce1/groups returned with HTTP 202
2024-08-19 17:57:12.079 19 INFO cinder.api.openstack.wsgi [None req-7d0dacf3-3b28-4279-a0aa-499eb593f843 21b6835c657949e19584e458693a2945 6e63ad28ce204d2fa736e7a0ee7e1ce1 - - default default] GET http://[LB_IP_ADDRESS]:8776/v3/6e63ad28ce204d2fa736e7a0ee7e1ce1/groups/328bbb44-fdfa-4603-8bd7-521455a48eff
2024-08-19 17:57:12.104 19 INFO cinder.api.openstack.wsgi [None req-7d0dacf3-3b28-4279-a0aa-499eb593f843 21b6835c657949e19584e458693a2945 6e63ad28ce204d2fa736e7a0ee7e1ce1 - - default default] http://[LB_IP_ADDRESS]:8776/v3/6e63ad28ce204d2fa736e7a0ee7e1ce1/groups/328bbb44-fdfa-4603-8bd7-521455a48eff returned with HTTP 200
2024-08-19 17:57:12.720 22 INFO cinder.api.openstack.wsgi [None req-e0daa398-4664-4038-989c-a5e421044812 608cb6dfcb2f4743906d4e1c5ff585c1 0d57166960e64259a3c33c836e9dfc1f - - default default] GET http://[LB_IP_ADDRESS]:8776/v3/0d57166960e64259a3c33c836e9dfc1f/snapshots/0fb91abe-81a6-4c4b-b45a-1f0796f704c3
2024-08-19 17:57:12.728 22 INFO cinder.api.openstack.wsgi [None req-e0daa398-4664-4038-989c-a5e421044812 608cb6dfcb2f4743906d4e1c5ff585c1 0d57166960e64259a3c33c836e9dfc1f - - default default] http://[LB_IP_ADDRESS]:8776/v3/0d57166960e64259a3c33c836e9dfc1f/snapshots/0fb91abe-81a6-4c4b-b45a-1f0796f704c3 returned with HTTP 404
2024-08-19 17:57:12.739 20 INFO cinder.api.openstack.wsgi [None req-3c15bbd7-f0ea-4ada-8acb-5d3540775861 e50164d8d8654f5db7cba84376a040f7 215c39067da1401a81d0e8787836a13f - - default default] POST http://[LB_IP_ADDRESS]:8776/v3/215c39067da1401a81d0e8787836a13f/snapshots/ca66ca11-fbef-4b31-9be1-1e538eb46f59/action
2024-08-19 17:57:12.780 20 INFO cinder.api.openstack.wsgi [None req-3c15bbd7-f0ea-4ada-8acb-5d3540775861 e50164d8d8654f5db7cba84376a040f7 215c39067da1401a81d0e8787836a13f - - default default] http://[LB_IP_ADDRESS]:8776/v3/215c39067da1401a81d0e8787836a13f/snapshots/ca66ca11-fbef-4b31-9be1-1e538eb46f59/action returned with HTTP 202
2024-08-19 17:57:12.795 23 INFO cinder.api.openstack.wsgi [None req-cc0ccc68-dbc2-4704-ba04-b16c30601c1c 608cb6dfcb2f4743906d4e1c5ff585c1 0d57166960e64259a3c33c836e9dfc1f - - default default] GET http://[LB_IP_ADDRESS]:8776/v3/0d57166960e64259a3c33c836e9dfc1f/snapshots/ca66ca11-fbef-4b31-9be1-1e538eb46f59
2024-08-19 17:57:12.808 23 INFO cinder.volume.api [None req-cc0ccc68-dbc2-4704-ba04-b16c30601c1c 608cb6dfcb2f4743906d4e1c5ff585c1 0d57166960e64259a3c33c836e9dfc1f - - default default] Snapshot retrieved successfully.
2024-08-19 17:57:12.809 23 INFO cinder.api.openstack.wsgi [None req-cc0ccc68-dbc2-4704-ba04-b16c30601c1c 608cb6dfcb2f4743906d4e1c5ff585c1 0d57166960e64259a3c33c836e9dfc1f - - default default] http://[LB_IP_ADDRESS]:8776/v3/0d57166960e64259a3c33c836e9dfc1f/snapshots/ca66ca11-fbef-4b31-9be1-1e538eb46f59 returned with HTTP 200
2024-08-19 17:57:12.828 21 INFO cinder.api.openstack.wsgi [None req-7411fed3-9409-4a18-a7ec-fa0855e165f9 608cb6dfcb2f4743906d4e1c5ff585c1 0d57166960e64259a3c33c836e9dfc1f - - default default] DELETE http://[LB_IP_ADDRESS]:8776/v3/0d57166960e64259a3c33c836e9dfc1f/snapshots/0fb91abe-81a6-4c4b-b45a-1f0796f704c3
2024-08-19 17:57:12.829 21 INFO cinder.api.v2.snapshots [None req-7411fed3-9409-4a18-a7ec-fa0855e165f9 608cb6dfcb2f4743906d4e1c5ff585c1 0d57166960e64259a3c33c836e9dfc1f - - default default] Delete snapshot with id: 0fb91abe-81a6-4c4b-b45a-1f0796f704c3
2024-08-19 17:57:12.837 21 INFO cinder.api.openstack.wsgi [None req-7411fed3-9409-4a18-a7ec-fa0855e165f9 608cb6dfcb2f4743906d4e1c5ff585c1 0d57166960e64259a3c33c836e9dfc1f - - default default] http://[LB_IP_ADDRESS]:8776/v3/0d57166960e64259a3c33c836e9dfc1f/snapshots/0fb91abe-81a6-4c4b-b45a-1f0796f704c3 returned with HTTP 404
2024-08-19 17:57:12.854 19 INFO cinder.api.openstack.wsgi [None req-dd980c4c-fa1b-4cf8-bb60-fadc41373962 608cb6dfcb2f4743906d4e1c5ff585c1 0d57166960e64259a3c33c836e9dfc1f - - default default] POST http://[LB_IP_ADDRESS]:8776/v3/0d57166960e64259a3c33c836e9dfc1f/snapshots
2024-08-19 17:57:12.878 19 INFO cinder.volume.api [None req-dd980c4c-fa1b-4cf8-bb60-fadc41373962 608cb6dfcb2f4743906d4e1c5ff585c1 0d57166960e64259a3c33c836e9dfc1f - - default default] Volume info retrieved successfully.
2024-08-19 17:57:12.878 19 INFO cinder.api.v3.snapshots [None req-dd980c4c-fa1b-4cf8-bb60-fadc41373962 608cb6dfcb2f4743906d4e1c5ff585c1 0d57166960e64259a3c33c836e9dfc1f - - default default] Create snapshot from volume 4901ee96-570e-4798-9dfd-d21b53f4d15a
2024-08-19 17:57:13.005 19 INFO cinder.volume.api [None req-dd980c4c-fa1b-4cf8-bb60-fadc41373962 608cb6dfcb2f4743906d4e1c5ff585c1 0d57166960e64259a3c33c836e9dfc1f - - default default] Snapshot create request issued successfully.
2024-08-19 17:57:13.009 19 INFO cinder.api.openstack.wsgi [None req-dd980c4c-fa1b-4cf8-bb60-fadc41373962 608cb6dfcb2f4743906d4e1c5ff585c1 0d57166960e64259a3c33c836e9dfc1f - - default default] http://[LB_IP_ADDRESS]:8776/v3/0d57166960e64259a3c33c836e9dfc1f/snapshots returned with HTTP 202
2024-08-19 17:57:13.030 22 INFO cinder.api.openstack.wsgi [None req-dfe16706-3c00-4f2b-a73f-6161d6977496 608cb6dfcb2f4743906d4e1c5ff585c1 0d57166960e64259a3c33c836e9dfc1f - - default default] GET http://[LB_IP_ADDRESS]:8776/v3/0d57166960e64259a3c33c836e9dfc1f/snapshots/976b1fc0-b84f-4826-a817-daab70f348bd
2024-08-19 17:57:13.040 22 INFO cinder.volume.api [None req-dfe16706-3c00-4f2b-a73f-6161d6977496 608cb6dfcb2f4743906d4e1c5ff585c1 0d57166960e64259a3c33c836e9dfc1f - - default default] Snapshot retrieved successfully.
2024-08-19 17:57:13.041 22 INFO cinder.api.openstack.wsgi [None req-dfe16706-3c00-4f2b-a73f-6161d6977496 608cb6dfcb2f4743906d4e1c5ff585c1 0d57166960e64259a3c33c836e9dfc1f - - default default] http://[LB_IP_ADDRESS]:8776/v3/0d57166960e64259a3c33c836e9dfc1f/snapshots/976b1fc0-b84f-4826-a817-daab70f348bd returned with HTTP 200
2024-08-19 17:57:13.125 20 INFO cinder.api.openstack.wsgi [None req-e2ca123d-0ba5-41a8-badc-3e476fd14d00 21b6835c657949e19584e458693a2945 6e63ad28ce204d2fa736e7a0ee7e1ce1 - - default default] GET http://[LB_IP_ADDRESS]:8776/v3/6e63ad28ce204d2fa736e7a0ee7e1ce1/groups/328bbb44-fdfa-4603-8bd7-521455a48eff
2024-08-19 17:57:13.144 20 INFO cinder.api.openstack.wsgi [None req-e2ca123d-0ba5-41a8-badc-3e476fd14d00 21b6835c657949e19584e458693a2945 6e63ad28ce204d2fa736e7a0ee7e1ce1 - - default default] http://[LB_IP_ADDRESS]:8776/v3/6e63ad28ce204d2fa736e7a0ee7e1ce1/groups/328bbb44-fdfa-4603-8bd7-521455a48eff returned with HTTP 200
2024-08-19 17:57:13.160 23 INFO cinder.api.openstack.wsgi [None req-cacc6142-e717-459f-be3f-d87fbb74ca86 21b6835c657949e19584e458693a2945 6e63ad28ce204d2fa736e7a0ee7e1ce1 - - default default] POST http://[LB_IP_ADDRESS]:8776/v3/6e63ad28ce204d2fa736e7a0ee7e1ce1/volumes
2024-08-19 17:57:13.170 23 INFO cinder.api.v3.volumes [None req-cacc6142-e717-459f-be3f-d87fbb74ca86 21b6835c657949e19584e458693a2945 6e63ad28ce204d2fa736e7a0ee7e1ce1 - - default default] Create volume of 1 GB
2024-08-19 17:57:13.176 23 INFO cinder.volume.api [None req-cacc6142-e717-459f-be3f-d87fbb74ca86 21b6835c657949e19584e458693a2945 6e63ad28ce204d2fa736e7a0ee7e1ce1 - - default default] Availability Zones retrieved successfully.
2024-08-19 17:57:13.328 23 WARNING cinder.quota [None req-cacc6142-e717-459f-be3f-d87fbb74ca86 21b6835c657949e19584e458693a2945 6e63ad28ce204d2fa736e7a0ee7e1ce1 - - default default] Deprecated: Default quota for resource: volumes_tempest-GroupSnapshotsTest-volume-type-605700333 is set by the default quota flag: quota_volumes_tempest-GroupSnapshotsTest-volume-type-605700333, it is now deprecated. Please use the default quota class for default quota.
2024-08-19 17:57:13.329 23 WARNING cinder.quota [None req-cacc6142-e717-459f-be3f-d87fbb74ca86 21b6835c657949e19584e458693a2945 6e63ad28ce204d2fa736e7a0ee7e1ce1 - - default default] Deprecated: Default quota for resource: gigabytes_tempest-GroupSnapshotsTest-volume-type-605700333 is set by the default quota flag: quota_gigabytes_tempest-GroupSnapshotsTest-volume-type-605700333, it is now deprecated. Please use the default quota class for default quota.
2024-08-19 17:57:13.404 23 INFO cinder.volume.api [None req-cacc6142-e717-459f-be3f-d87fbb74ca86 21b6835c657949e19584e458693a2945 6e63ad28ce204d2fa736e7a0ee7e1ce1 - - default default] Create volume request issued successfully.
2024-08-19 17:57:13.427 23 INFO cinder.api.openstack.wsgi [None req-cacc6142-e717-459f-be3f-d87fbb74ca86 21b6835c657949e19584e458693a2945 6e63ad28ce204d2fa736e7a0ee7e1ce1 - - default default] http://[LB_IP_ADDRESS]:8776/v3/6e63ad28ce204d2fa736e7a0ee7e1ce1/volumes returned with HTTP 202
2024-08-19 17:57:13.453 21 INFO cinder.api.openstack.wsgi [None req-fa49f313-da6e-41fd-abad-687012471c5c 21b6835c657949e19584e458693a2945 6e63ad28ce204d2fa736e7a0ee7e1ce1 - - default default] GET http://[LB_IP_ADDRESS]:8776/v3/6e63ad28ce204d2fa736e7a0ee7e1ce1/volumes/6dd954da-3861-40f6-9ba3-2d710a612c47
2024-08-19 17:57:13.472 21 INFO cinder.volume.api [None req-fa49f313-da6e-41fd-abad-687012471c5c 21b6835c657949e19584e458693a2945 6e63ad28ce204d2fa736e7a0ee7e1ce1 - - default default] Volume info retrieved successfully.
2024-08-19 17:57:13.502 21 INFO cinder.api.openstack.wsgi [None req-fa49f313-da6e-41fd-abad-687012471c5c 21b6835c657949e19584e458693a2945 6e63ad28ce204d2fa736e7a0ee7e1ce1 - - default default] http://[LB_IP_ADDRESS]:8776/v3/6e63ad28ce204d2fa736e7a0ee7e1ce1/volumes/6dd954da-3861-40f6-9ba3-2d710a612c47 returned with HTTP 200
2024-08-19 17:57:14.080 19 INFO cinder.api.openstack.wsgi [None req-992a6a68-4a2a-42c4-8e11-627015672e2a 608cb6dfcb2f4743906d4e1c5ff585c1 0d57166960e64259a3c33c836e9dfc1f - - default default] GET http://[LB_IP_ADDRESS]:8776/v3/0d57166960e64259a3c33c836e9dfc1f/snapshots/976b1fc0-b84f-4826-a817-daab70f348bd
2024-08-19 17:57:14.090 19 INFO cinder.volume.api [None req-992a6a68-4a2a-42c4-8e11-627015672e2a 608cb6dfcb2f4743906d4e1c5ff585c1 0d57166960e64259a3c33c836e9dfc1f - - default default] Snapshot retrieved successfully.
2024-08-19 17:57:14.092 19 INFO cinder.api.openstack.wsgi [None req-992a6a68-4a2a-42c4-8e11-627015672e2a 608cb6dfcb2f4743906d4e1c5ff585c1 0d57166960e64259a3c33c836e9dfc1f - - default default] http://[LB_IP_ADDRESS]:8776/v3/0d57166960e64259a3c33c836e9dfc1f/snapshots/976b1fc0-b84f-4826-a817-daab70f348bd returned with HTTP 200
2024-08-19 17:57:14.534 22 INFO cinder.api.openstack.wsgi [None req-63a78166-ca95-4de9-9df6-e5c219dc5fc5 21b6835c657949e19584e458693a2945 6e63ad28ce204d2fa736e7a0ee7e1ce1 - - default default] GET http://[LB_IP_ADDRESS]:8776/v3/6e63ad28ce204d2fa736e7a0ee7e1ce1/volumes/6dd954da-3861-40f6-9ba3-2d710a612c47
2024-08-19 17:57:14.564 22 INFO cinder.volume.api [None req-63a78166-ca95-4de9-9df6-e5c219dc5fc5 21b6835c657949e19584e458693a2945 6e63ad28ce204d2fa736e7a0ee7e1ce1 - - default default] Volume info retrieved successfully.
2024-08-19 17:57:14.594 22 INFO cinder.api.openstack.wsgi [None req-63a78166-ca95-4de9-9df6-e5c219dc5fc5 21b6835c657949e19584e458693a2945 6e63ad28ce204d2fa736e7a0ee7e1ce1 - - default default] http://[LB_IP_ADDRESS]:8776/v3/6e63ad28ce204d2fa736e7a0ee7e1ce1/volumes/6dd954da-3861-40f6-9ba3-2d710a612c47 returned with HTTP 200
2024-08-19 17:57:14.624 20 INFO cinder.api.openstack.wsgi [None req-dd302d24-faa0-4df5-a9f5-c4e390a0df06 21b6835c657949e19584e458693a2945 6e63ad28ce204d2fa736e7a0ee7e1ce1 - - default default] POST http://[LB_IP_ADDRESS]:8776/v3/6e63ad28ce204d2fa736e7a0ee7e1ce1/group_snapshots
2024-08-19 17:57:14.640 20 INFO cinder.api.v3.group_snapshots [None req-dd302d24-faa0-4df5-a9f5-c4e390a0df06 21b6835c657949e19584e458693a2945 6e63ad28ce204d2fa736e7a0ee7e1ce1 - - default default] Creating group_snapshot tempest-group_snapshot-360873057.
2024-08-19 17:57:14.743 20 WARNING cinder.quota [None req-dd302d24-faa0-4df5-a9f5-c4e390a0df06 21b6835c657949e19584e458693a2945 6e63ad28ce204d2fa736e7a0ee7e1ce1 - - default default] Deprecated: Default quota for resource: gigabytes_tempest-GroupSnapshotsTest-volume-type-605700333 is set by the default quota flag: quota_gigabytes_tempest-GroupSnapshotsTest-volume-type-605700333, it is now deprecated. Please use the default quota class for default quota.
2024-08-19 17:57:14.744 20 WARNING cinder.quota [None req-dd302d24-faa0-4df5-a9f5-c4e390a0df06 21b6835c657949e19584e458693a2945 6e63ad28ce204d2fa736e7a0ee7e1ce1 - - default default] Deprecated: Default quota for resource: snapshots_tempest-GroupSnapshotsTest-volume-type-605700333 is set by the default quota flag: quota_snapshots_tempest-GroupSnapshotsTest-volume-type-605700333, it is now deprecated. Please use the default quota class for default quota.
2024-08-19 17:57:14.795 20 INFO cinder.api.openstack.wsgi [None req-dd302d24-faa0-4df5-a9f5-c4e390a0df06 21b6835c657949e19584e458693a2945 6e63ad28ce204d2fa736e7a0ee7e1ce1 - - default default] http://[LB_IP_ADDRESS]:8776/v3/6e63ad28ce204d2fa736e7a0ee7e1ce1/group_snapshots returned with HTTP 202
2024-08-19 17:57:14.807 23 INFO cinder.api.openstack.wsgi [None req-c9372c00-f817-4e7b-b836-bd1860d97bde 21b6835c657949e19584e458693a2945 6e63ad28ce204d2fa736e7a0ee7e1ce1 - - default default] GET http://[LB_IP_ADDRESS]:8776/v3/6e63ad28ce204d2fa736e7a0ee7e1ce1/group_snapshots/dd19eac2-b8c1-40f0-a706-403330621487
2024-08-19 17:57:14.819 23 INFO cinder.api.openstack.wsgi [None req-c9372c00-f817-4e7b-b836-bd1860d97bde 21b6835c657949e19584e458693a2945 6e63ad28ce204d2fa736e7a0ee7e1ce1 - - default default] http://[LB_IP_ADDRESS]:8776/v3/6e63ad28ce204d2fa736e7a0ee7e1ce1/group_snapshots/dd19eac2-b8c1-40f0-a706-403330621487 returned with HTTP 200
2024-08-19 17:57:15.117 21 INFO cinder.api.openstack.wsgi [None req-5fbba46f-0743-498e-b5fb-0eabf1061de1 608cb6dfcb2f4743906d4e1c5ff585c1 0d57166960e64259a3c33c836e9dfc1f - - default default] GET http://[LB_IP_ADDRESS]:8776/v3/0d57166960e64259a3c33c836e9dfc1f/snapshots/976b1fc0-b84f-4826-a817-daab70f348bd
2024-08-19 17:57:15.128 21 INFO cinder.volume.api [None req-5fbba46f-0743-498e-b5fb-0eabf1061de1 608cb6dfcb2f4743906d4e1c5ff585c1 0d57166960e64259a3c33c836e9dfc1f - - default default] Snapshot retrieved successfully.
2024-08-19 17:57:15.129 21 INFO cinder.api.openstack.wsgi [None req-5fbba46f-0743-498e-b5fb-0eabf1061de1 608cb6dfcb2f4743906d4e1c5ff585c1 0d57166960e64259a3c33c836e9dfc1f - - default default] http://[LB_IP_ADDRESS]:8776/v3/0d57166960e64259a3c33c836e9dfc1f/snapshots/976b1fc0-b84f-4826-a817-daab70f348bd returned with HTTP 200
2024-08-19 17:57:15.147 19 INFO cinder.api.openstack.wsgi [None req-c03d8d4a-5eca-4260-92d8-43352cecf69a e50164d8d8654f5db7cba84376a040f7 215c39067da1401a81d0e8787836a13f - - default default] POST http://[LB_IP_ADDRESS]:8776/v3/215c39067da1401a81d0e8787836a13f/snapshots/976b1fc0-b84f-4826-a817-daab70f348bd/action
2024-08-19 17:57:15.188 19 INFO cinder.api.openstack.wsgi [None req-c03d8d4a-5eca-4260-92d8-43352cecf69a e50164d8d8654f5db7cba84376a040f7 215c39067da1401a81d0e8787836a13f - - default default] http://[LB_IP_ADDRESS]:8776/v3/215c39067da1401a81d0e8787836a13f/snapshots/976b1fc0-b84f-4826-a817-daab70f348bd/action returned with HTTP 202
2024-08-19 17:57:15.203 22 INFO cinder.api.openstack.wsgi [None req-40ef17fb-7290-47a8-840e-c087c0c2e25d 608cb6dfcb2f4743906d4e1c5ff585c1 0d57166960e64259a3c33c836e9dfc1f - - default default] GET http://[LB_IP_ADDRESS]:8776/v3/0d57166960e64259a3c33c836e9dfc1f/snapshots/976b1fc0-b84f-4826-a817-daab70f348bd
2024-08-19 17:57:15.214 22 INFO cinder.volume.api [None req-40ef17fb-7290-47a8-840e-c087c0c2e25d 608cb6dfcb2f4743906d4e1c5ff585c1 0d57166960e64259a3c33c836e9dfc1f - - default default] Snapshot retrieved successfully.
2024-08-19 17:57:15.215 22 INFO cinder.api.openstack.wsgi [None req-40ef17fb-7290-47a8-840e-c087c0c2e25d 608cb6dfcb2f4743906d4e1c5ff585c1 0d57166960e64259a3c33c836e9dfc1f - - default default] http://[LB_IP_ADDRESS]:8776/v3/0d57166960e64259a3c33c836e9dfc1f/snapshots/976b1fc0-b84f-4826-a817-daab70f348bd returned with HTTP 200
2024-08-19 17:57:15.235 20 INFO cinder.api.openstack.wsgi [None req-fd24e3c1-fc57-41cb-a20c-b2eb2c668e9f e50164d8d8654f5db7cba84376a040f7 215c39067da1401a81d0e8787836a13f - - default default] POST http://[LB_IP_ADDRESS]:8776/v3/215c39067da1401a81d0e8787836a13f/snapshots/976b1fc0-b84f-4826-a817-daab70f348bd/action
2024-08-19 17:57:15.248 20 INFO cinder.volume.api [None req-fd24e3c1-fc57-41cb-a20c-b2eb2c668e9f e50164d8d8654f5db7cba84376a040f7 215c39067da1401a81d0e8787836a13f - - default default] Snapshot retrieved successfully.
2024-08-19 17:57:15.266 20 INFO cinder.volume.api [None req-fd24e3c1-fc57-41cb-a20c-b2eb2c668e9f e50164d8d8654f5db7cba84376a040f7 215c39067da1401a81d0e8787836a13f - - default default] Snapshot delete request issued successfully.
2024-08-19 17:57:15.267 20 INFO cinder.api.openstack.wsgi [None req-fd24e3c1-fc57-41cb-a20c-b2eb2c668e9f e50164d8d8654f5db7cba84376a040f7 215c39067da1401a81d0e8787836a13f - - default default] http://[LB_IP_ADDRESS]:8776/v3/215c39067da1401a81d0e8787836a13f/snapshots/976b1fc0-b84f-4826-a817-daab70f348bd/action returned with HTTP 202
2024-08-19 17:57:15.277 21 INFO cinder.api.openstack.wsgi [None req-57a5f85a-c900-49b8-9255-347ac2e65567 608cb6dfcb2f4743906d4e1c5ff585c1 0d57166960e64259a3c33c836e9dfc1f - - default default] GET http://[LB_IP_ADDRESS]:8776/v3/0d57166960e64259a3c33c836e9dfc1f/snapshots/976b1fc0-b84f-4826-a817-daab70f348bd
2024-08-19 17:57:15.285 21 INFO cinder.volume.api [None req-57a5f85a-c900-49b8-9255-347ac2e65567 608cb6dfcb2f4743906d4e1c5ff585c1 0d57166960e64259a3c33c836e9dfc1f - - default default] Snapshot retrieved successfully.
2024-08-19 17:57:15.286 21 INFO cinder.api.openstack.wsgi [None req-57a5f85a-c900-49b8-9255-347ac2e65567 608cb6dfcb2f4743906d4e1c5ff585c1 0d57166960e64259a3c33c836e9dfc1f - - default default] http://[LB_IP_ADDRESS]:8776/v3/0d57166960e64259a3c33c836e9dfc1f/snapshots/976b1fc0-b84f-4826-a817-daab70f348bd returned with HTTP 200
2024-08-19 17:57:15.391 23 INFO cinder.api.openstack.wsgi [None req-46a1cc94-dc47-4f25-8e86-3ca225cff2a3 fb577df6d9b449d0a5e9d070d6c5a39c d9c1c91b16e945a19377d049d4fb975c - - default default] GET http://[LB_IP_ADDRESS]:8776/v3/d9c1c91b16e945a19377d049d4fb975c/os-quota-sets/d2a93b93085f4c78a03d1ce6056dc1a9
2024-08-19 17:57:15.444 23 WARNING cinder.quota [None req-46a1cc94-dc47-4f25-8e86-3ca225cff2a3 fb577df6d9b449d0a5e9d070d6c5a39c d9c1c91b16e945a19377d049d4fb975c - - default default] Deprecated: Default quota for resource: snapshots_tempest-GroupSnapshotsTest-volume-type-605700333 is set by the default quota flag: quota_snapshots_tempest-GroupSnapshotsTest-volume-type-605700333, it is now deprecated. Please use the default quota class for default quota.
2024-08-19 17:57:15.479 23 INFO cinder.api.openstack.wsgi [None req-46a1cc94-dc47-4f25-8e86-3ca225cff2a3 fb577df6d9b449d0a5e9d070d6c5a39c d9c1c91b16e945a19377d049d4fb975c - - default default] http://[LB_IP_ADDRESS]:8776/v3/d9c1c91b16e945a19377d049d4fb975c/os-quota-sets/d2a93b93085f4c78a03d1ce6056dc1a9 returned with HTTP 200
2024-08-19 17:57:15.495 19 INFO cinder.api.openstack.wsgi [None req-bbd629f2-037a-46be-9ea0-ec330e3ba0fb fb577df6d9b449d0a5e9d070d6c5a39c d9c1c91b16e945a19377d049d4fb975c - - default default] GET http://[LB_IP_ADDRESS]:8776/v3/d9c1c91b16e945a19377d049d4fb975c/os-quota-sets/d2a93b93085f4c78a03d1ce6056dc1a9/defaults
2024-08-19 17:57:15.539 19 WARNING cinder.quota [None req-bbd629f2-037a-46be-9ea0-ec330e3ba0fb fb577df6d9b449d0a5e9d070d6c5a39c d9c1c91b16e945a19377d049d4fb975c - - default default] Deprecated: Default quota for resource: volumes_tempest-GroupSnapshotsTest-volume-type-605700333 is set by the default quota flag: quota_volumes_tempest-GroupSnapshotsTest-volume-type-605700333, it is now deprecated. Please use the default quota class for default quota.
2024-08-19 17:57:15.540 19 WARNING cinder.quota [None req-bbd629f2-037a-46be-9ea0-ec330e3ba0fb fb577df6d9b449d0a5e9d070d6c5a39c d9c1c91b16e945a19377d049d4fb975c - - default default] Deprecated: Default quota for resource: gigabytes_tempest-GroupSnapshotsTest-volume-type-605700333 is set by the default quota flag: quota_gigabytes_tempest-GroupSnapshotsTest-volume-type-605700333, it is now deprecated. Please use the default quota class for default quota.
2024-08-19 17:57:15.540 19 WARNING cinder.quota [None req-bbd629f2-037a-46be-9ea0-ec330e3ba0fb fb577df6d9b449d0a5e9d070d6c5a39c d9c1c91b16e945a19377d049d4fb975c - - default default] Deprecated: Default quota for resource: snapshots_tempest-GroupSnapshotsTest-volume-type-605700333 is set by the default quota flag: quota_snapshots_tempest-GroupSnapshotsTest-volume-type-605700333, it is now deprecated. Please use the default quota class for default quota.
2024-08-19 17:57:15.566 19 INFO cinder.api.openstack.wsgi [None req-bbd629f2-037a-46be-9ea0-ec330e3ba0fb fb577df6d9b449d0a5e9d070d6c5a39c d9c1c91b16e945a19377d049d4fb975c - - default default] http://[LB_IP_ADDRESS]:8776/v3/d9c1c91b16e945a19377d049d4fb975c/os-quota-sets/d2a93b93085f4c78a03d1ce6056dc1a9/defaults returned with HTTP 200
2024-08-19 17:57:15.588 22 INFO cinder.api.openstack.wsgi [None req-a5d2ea31-d7bb-4334-85bd-8a65fcb3bfcd fb577df6d9b449d0a5e9d070d6c5a39c d9c1c91b16e945a19377d049d4fb975c - - default default] PUT http://[LB_IP_ADDRESS]:8776/v3/d9c1c91b16e945a19377d049d4fb975c/os-quota-sets/d2a93b93085f4c78a03d1ce6056dc1a9
2024-08-19 17:57:15.666 22 WARNING cinder.quota [None req-a5d2ea31-d7bb-4334-85bd-8a65fcb3bfcd fb577df6d9b449d0a5e9d070d6c5a39c d9c1c91b16e945a19377d049d4fb975c - - default default] Deprecated: Default quota for resource: volumes_tempest-GroupSnapshotsTest-volume-type-605700333 is set by the default quota flag: quota_volumes_tempest-GroupSnapshotsTest-volume-type-605700333, it is now deprecated. Please use the default quota class for default quota.
2024-08-19 17:57:15.667 22 WARNING cinder.quota [None req-a5d2ea31-d7bb-4334-85bd-8a65fcb3bfcd fb577df6d9b449d0a5e9d070d6c5a39c d9c1c91b16e945a19377d049d4fb975c - - default default] Deprecated: Default quota for resource: gigabytes_tempest-GroupSnapshotsTest-volume-type-605700333 is set by the default quota flag: quota_gigabytes_tempest-GroupSnapshotsTest-volume-type-605700333, it is now deprecated. Please use the default quota class for default quota.
2024-08-19 17:57:15.667 22 WARNING cinder.quota [None req-a5d2ea31-d7bb-4334-85bd-8a65fcb3bfcd fb577df6d9b449d0a5e9d070d6c5a39c d9c1c91b16e945a19377d049d4fb975c - - default default] Deprecated: Default quota for resource: snapshots_tempest-GroupSnapshotsTest-volume-type-605700333 is set by the default quota flag: quota_snapshots_tempest-GroupSnapshotsTest-volume-type-605700333, it is now deprecated. Please use the default quota class for default quota.
2024-08-19 17:57:15.702 22 INFO cinder.api.openstack.wsgi [None req-a5d2ea31-d7bb-4334-85bd-8a65fcb3bfcd fb577df6d9b449d0a5e9d070d6c5a39c d9c1c91b16e945a19377d049d4fb975c - - default default] http://[LB_IP_ADDRESS]:8776/v3/d9c1c91b16e945a19377d049d4fb975c/os-quota-sets/d2a93b93085f4c78a03d1ce6056dc1a9 returned with HTTP 200
2024-08-19 17:57:15.722 20 INFO cinder.api.openstack.wsgi [None req-28a012ca-3220-4fad-be24-c6eab79b9638 fb577df6d9b449d0a5e9d070d6c5a39c d9c1c91b16e945a19377d049d4fb975c - - default default] DELETE http://[LB_IP_ADDRESS]:8776/v3/d9c1c91b16e945a19377d049d4fb975c/os-quota-sets/d2a93b93085f4c78a03d1ce6056dc1a9
2024-08-19 17:57:15.741 20 INFO cinder.api.openstack.wsgi [None req-28a012ca-3220-4fad-be24-c6eab79b9638 fb577df6d9b449d0a5e9d070d6c5a39c d9c1c91b16e945a19377d049d4fb975c - - default default] http://[LB_IP_ADDRESS]:8776/v3/d9c1c91b16e945a19377d049d4fb975c/os-quota-sets/d2a93b93085f4c78a03d1ce6056dc1a9 returned with HTTP 200
2024-08-19 17:57:15.754 21 INFO cinder.api.openstack.wsgi [None req-c969b618-3421-4009-8b00-a37889c390ef fb577df6d9b449d0a5e9d070d6c5a39c d9c1c91b16e945a19377d049d4fb975c - - default default] GET http://[LB_IP_ADDRESS]:8776/v3/d9c1c91b16e945a19377d049d4fb975c/os-quota-sets/d2a93b93085f4c78a03d1ce6056dc1a9
2024-08-19 17:57:15.808 21 WARNING cinder.quota [None req-c969b618-3421-4009-8b00-a37889c390ef fb577df6d9b449d0a5e9d070d6c5a39c d9c1c91b16e945a19377d049d4fb975c - - default default] Deprecated: Default quota for resource: volumes_tempest-GroupSnapshotsTest-volume-type-605700333 is set by the default quota flag: quota_volumes_tempest-GroupSnapshotsTest-volume-type-605700333, it is now deprecated. Please use the default quota class for default quota.
2024-08-19 17:57:15.809 21 WARNING cinder.quota [None req-c969b618-3421-4009-8b00-a37889c390ef fb577df6d9b449d0a5e9d070d6c5a39c d9c1c91b16e945a19377d049d4fb975c - - default default] Deprecated: Default quota for resource: gigabytes_tempest-GroupSnapshotsTest-volume-type-605700333 is set by the default quota flag: quota_gigabytes_tempest-GroupSnapshotsTest-volume-type-605700333, it is now deprecated. Please use the default quota class for default quota.
2024-08-19 17:57:15.809 21 WARNING cinder.quota [None req-c969b618-3421-4009-8b00-a37889c390ef fb577df6d9b449d0a5e9d070d6c5a39c d9c1c91b16e945a19377d049d4fb975c - - default default] Deprecated: Default quota for resource: snapshots_tempest-GroupSnapshotsTest-volume-type-605700333 is set by the default quota flag: quota_snapshots_tempest-GroupSnapshotsTest-volume-type-605700333, it is now deprecated. Please use the default quota class for default quota.
2024-08-19 17:57:15.841 21 INFO cinder.api.openstack.wsgi [None req-c969b618-3421-4009-8b00-a37889c390ef fb577df6d9b449d0a5e9d070d6c5a39c d9c1c91b16e945a19377d049d4fb975c - - default default] http://[LB_IP_ADDRESS]:8776/v3/d9c1c91b16e945a19377d049d4fb975c/os-quota-sets/d2a93b93085f4c78a03d1ce6056dc1a9 returned with HTTP 200
2024-08-19 17:57:15.845 23 INFO cinder.api.openstack.wsgi [None req-2dde80c6-c8cc-4cf1-9a30-ae6d8a4f27a8 21b6835c657949e19584e458693a2945 6e63ad28ce204d2fa736e7a0ee7e1ce1 - - default default] GET http://[LB_IP_ADDRESS]:8776/v3/6e63ad28ce204d2fa736e7a0ee7e1ce1/group_snapshots/dd19eac2-b8c1-40f0-a706-403330621487
2024-08-19 17:57:15.861 23 INFO cinder.api.openstack.wsgi [None req-2dde80c6-c8cc-4cf1-9a30-ae6d8a4f27a8 21b6835c657949e19584e458693a2945 6e63ad28ce204d2fa736e7a0ee7e1ce1 - - default default] http://[LB_IP_ADDRESS]:8776/v3/6e63ad28ce204d2fa736e7a0ee7e1ce1/group_snapshots/dd19eac2-b8c1-40f0-a706-403330621487 returned with HTTP 200
2024-08-19 17:57:15.861 19 INFO cinder.api.openstack.wsgi [None req-edb8935a-87ee-4cb8-97d8-c5027c14cc17 fb577df6d9b449d0a5e9d070d6c5a39c d9c1c91b16e945a19377d049d4fb975c - - default default] PUT http://[LB_IP_ADDRESS]:8776/v3/d9c1c91b16e945a19377d049d4fb975c/os-quota-sets/d2a93b93085f4c78a03d1ce6056dc1a9
2024-08-19 17:57:16.035 19 INFO cinder.api.openstack.wsgi [None req-edb8935a-87ee-4cb8-97d8-c5027c14cc17 fb577df6d9b449d0a5e9d070d6c5a39c d9c1c91b16e945a19377d049d4fb975c - - default default] http://[LB_IP_ADDRESS]:8776/v3/d9c1c91b16e945a19377d049d4fb975c/os-quota-sets/d2a93b93085f4c78a03d1ce6056dc1a9 returned with HTTP 200
2024-08-19 17:57:16.059 22 INFO cinder.api.openstack.wsgi [None req-c3433e70-41b0-4e41-ade0-00d0e1804d32 fb577df6d9b449d0a5e9d070d6c5a39c d9c1c91b16e945a19377d049d4fb975c - - default default] GET http://[LB_IP_ADDRESS]:8776/v3/d9c1c91b16e945a19377d049d4fb975c/os-quota-sets/d2a93b93085f4c78a03d1ce6056dc1a9/defaults
2024-08-19 17:57:16.129 22 INFO cinder.api.openstack.wsgi [None req-c3433e70-41b0-4e41-ade0-00d0e1804d32 fb577df6d9b449d0a5e9d070d6c5a39c d9c1c91b16e945a19377d049d4fb975c - - default default] http://[LB_IP_ADDRESS]:8776/v3/d9c1c91b16e945a19377d049d4fb975c/os-quota-sets/d2a93b93085f4c78a03d1ce6056dc1a9/defaults returned with HTTP 200
2024-08-19 17:57:16.152 20 INFO cinder.api.openstack.wsgi [None req-9e7a6a00-99ca-489e-b572-78657f14b993 fb577df6d9b449d0a5e9d070d6c5a39c d9c1c91b16e945a19377d049d4fb975c - - default default] GET http://[LB_IP_ADDRESS]:8776/v3/d9c1c91b16e945a19377d049d4fb975c/os-quota-sets/d2a93b93085f4c78a03d1ce6056dc1a9
2024-08-19 17:57:16.205 20 WARNING cinder.quota [None req-9e7a6a00-99ca-489e-b572-78657f14b993 fb577df6d9b449d0a5e9d070d6c5a39c d9c1c91b16e945a19377d049d4fb975c - - default default] Deprecated: Default quota for resource: volumes_tempest-GroupSnapshotsTest-volume-type-605700333 is set by the default quota flag: quota_volumes_tempest-GroupSnapshotsTest-volume-type-605700333, it is now deprecated. Please use the default quota class for default quota.
2024-08-19 17:57:16.244 20 INFO cinder.api.openstack.wsgi [None req-9e7a6a00-99ca-489e-b572-78657f14b993 fb577df6d9b449d0a5e9d070d6c5a39c d9c1c91b16e945a19377d049d4fb975c - - default default] http://[LB_IP_ADDRESS]:8776/v3/d9c1c91b16e945a19377d049d4fb975c/os-quota-sets/d2a93b93085f4c78a03d1ce6056dc1a9 returned with HTTP 200
2024-08-19 17:57:16.261 21 INFO cinder.api.openstack.wsgi [None req-385c064d-780c-4749-8d1d-e18b495e7085 fb577df6d9b449d0a5e9d070d6c5a39c d9c1c91b16e945a19377d049d4fb975c - - default default] GET http://[LB_IP_ADDRESS]:8776/v3/d9c1c91b16e945a19377d049d4fb975c/os-quota-sets/d2a93b93085f4c78a03d1ce6056dc1a9?usage=True
2024-08-19 17:57:16.306 23 INFO cinder.api.openstack.wsgi [None req-327c83fe-2f68-4f75-8a79-ea06ca70ccec 608cb6dfcb2f4743906d4e1c5ff585c1 0d57166960e64259a3c33c836e9dfc1f - - default default] GET http://[LB_IP_ADDRESS]:8776/v3/0d57166960e64259a3c33c836e9dfc1f/snapshots/976b1fc0-b84f-4826-a817-daab70f348bd
2024-08-19 17:57:16.318 23 INFO cinder.volume.api [None req-327c83fe-2f68-4f75-8a79-ea06ca70ccec 608cb6dfcb2f4743906d4e1c5ff585c1 0d57166960e64259a3c33c836e9dfc1f - - default default] Snapshot retrieved successfully.
2024-08-19 17:57:16.319 23 INFO cinder.api.openstack.wsgi [None req-327c83fe-2f68-4f75-8a79-ea06ca70ccec 608cb6dfcb2f4743906d4e1c5ff585c1 0d57166960e64259a3c33c836e9dfc1f - - default default] http://[LB_IP_ADDRESS]:8776/v3/0d57166960e64259a3c33c836e9dfc1f/snapshots/976b1fc0-b84f-4826-a817-daab70f348bd returned with HTTP 200
2024-08-19 17:57:16.338 21 INFO cinder.api.openstack.wsgi [None req-385c064d-780c-4749-8d1d-e18b495e7085 fb577df6d9b449d0a5e9d070d6c5a39c d9c1c91b16e945a19377d049d4fb975c - - default default] http://[LB_IP_ADDRESS]:8776/v3/d9c1c91b16e945a19377d049d4fb975c/os-quota-sets/d2a93b93085f4c78a03d1ce6056dc1a9?usage=True returned with HTTP 200
2024-08-19 17:57:16.501 19 INFO cinder.api.openstack.wsgi [None req-ef217888-18e6-43c9-ba88-8bde5cf14c71 f8f38fb55db74e2a9662c1da4dc88c53 d2a93b93085f4c78a03d1ce6056dc1a9 - - default default] POST http://[LB_IP_ADDRESS]:8776/v3/d2a93b93085f4c78a03d1ce6056dc1a9/volumes
2024-08-19 17:57:16.506 19 INFO cinder.api.v3.volumes [None req-ef217888-18e6-43c9-ba88-8bde5cf14c71 f8f38fb55db74e2a9662c1da4dc88c53 d2a93b93085f4c78a03d1ce6056dc1a9 - - default default] Create volume of 1 GB
2024-08-19 17:57:16.514 19 INFO cinder.volume.api [None req-ef217888-18e6-43c9-ba88-8bde5cf14c71 f8f38fb55db74e2a9662c1da4dc88c53 d2a93b93085f4c78a03d1ce6056dc1a9 - - default default] Availability Zones retrieved successfully.
2024-08-19 17:57:16.689 19 INFO cinder.volume.api [None req-ef217888-18e6-43c9-ba88-8bde5cf14c71 f8f38fb55db74e2a9662c1da4dc88c53 d2a93b93085f4c78a03d1ce6056dc1a9 - - default default] Create volume request issued successfully.
2024-08-19 17:57:16.692 19 INFO cinder.api.openstack.wsgi [None req-ef217888-18e6-43c9-ba88-8bde5cf14c71 f8f38fb55db74e2a9662c1da4dc88c53 d2a93b93085f4c78a03d1ce6056dc1a9 - - default default] http://[LB_IP_ADDRESS]:8776/v3/d2a93b93085f4c78a03d1ce6056dc1a9/volumes returned with HTTP 202
2024-08-19 17:57:16.720 22 INFO cinder.api.openstack.wsgi [None req-3086bd8a-8277-4aa5-8ce8-8baaa7b8c368 f8f38fb55db74e2a9662c1da4dc88c53 d2a93b93085f4c78a03d1ce6056dc1a9 - - default default] GET http://[LB_IP_ADDRESS]:8776/v3/d2a93b93085f4c78a03d1ce6056dc1a9/volumes/12f71cab-c213-4fd0-8677-73d15bf21d1a
2024-08-19 17:57:16.745 22 INFO cinder.volume.api [None req-3086bd8a-8277-4aa5-8ce8-8baaa7b8c368 f8f38fb55db74e2a9662c1da4dc88c53 d2a93b93085f4c78a03d1ce6056dc1a9 - - default default] Volume info retrieved successfully.
2024-08-19 17:57:16.756 22 INFO cinder.api.openstack.wsgi [None req-3086bd8a-8277-4aa5-8ce8-8baaa7b8c368 f8f38fb55db74e2a9662c1da4dc88c53 d2a93b93085f4c78a03d1ce6056dc1a9 - - default default] http://[LB_IP_ADDRESS]:8776/v3/d2a93b93085f4c78a03d1ce6056dc1a9/volumes/12f71cab-c213-4fd0-8677-73d15bf21d1a returned with HTTP 200
2024-08-19 17:57:16.880 20 INFO cinder.api.openstack.wsgi [None req-bb5fbc9f-61f8-408f-874f-552f5b84eae8 21b6835c657949e19584e458693a2945 6e63ad28ce204d2fa736e7a0ee7e1ce1 - - default default] GET http://[LB_IP_ADDRESS]:8776/v3/6e63ad28ce204d2fa736e7a0ee7e1ce1/group_snapshots/dd19eac2-b8c1-40f0-a706-403330621487
2024-08-19 17:57:16.894 20 INFO cinder.api.openstack.wsgi [None req-bb5fbc9f-61f8-408f-874f-552f5b84eae8 21b6835c657949e19584e458693a2945 6e63ad28ce204d2fa736e7a0ee7e1ce1 - - default default] http://[LB_IP_ADDRESS]:8776/v3/6e63ad28ce204d2fa736e7a0ee7e1ce1/group_snapshots/dd19eac2-b8c1-40f0-a706-403330621487 returned with HTTP 200
2024-08-19 17:57:16.911 23 INFO cinder.api.openstack.wsgi [None req-fbe26636-33b7-4393-93bc-97f0877c5e91 21b6835c657949e19584e458693a2945 6e63ad28ce204d2fa736e7a0ee7e1ce1 - - default default] GET http://[LB_IP_ADDRESS]:8776/v3/6e63ad28ce204d2fa736e7a0ee7e1ce1/snapshots/detail
2024-08-19 17:57:16.922 23 INFO cinder.volume.api [None req-fbe26636-33b7-4393-93bc-97f0877c5e91 21b6835c657949e19584e458693a2945 6e63ad28ce204d2fa736e7a0ee7e1ce1 - - default default] Get all snapshots completed successfully.
2024-08-19 17:57:16.924 23 INFO cinder.api.openstack.wsgi [None req-fbe26636-33b7-4393-93bc-97f0877c5e91 21b6835c657949e19584e458693a2945 6e63ad28ce204d2fa736e7a0ee7e1ce1 - - default default] http://[LB_IP_ADDRESS]:8776/v3/6e63ad28ce204d2fa736e7a0ee7e1ce1/snapshots/detail returned with HTTP 200
2024-08-19 17:57:16.944 21 INFO cinder.api.openstack.wsgi [None req-8bbc0c85-46c3-4b66-9d7c-b3d8596fdf1b 21b6835c657949e19584e458693a2945 6e63ad28ce204d2fa736e7a0ee7e1ce1 - - default default] GET http://[LB_IP_ADDRESS]:8776/v3/6e63ad28ce204d2fa736e7a0ee7e1ce1/snapshots/d3008cea-cf54-4447-89af-787758b1df18
2024-08-19 17:57:16.957 21 INFO cinder.volume.api [None req-8bbc0c85-46c3-4b66-9d7c-b3d8596fdf1b 21b6835c657949e19584e458693a2945 6e63ad28ce204d2fa736e7a0ee7e1ce1 - - default default] Snapshot retrieved successfully.
2024-08-19 17:57:16.958 21 INFO cinder.api.openstack.wsgi [None req-8bbc0c85-46c3-4b66-9d7c-b3d8596fdf1b 21b6835c657949e19584e458693a2945 6e63ad28ce204d2fa736e7a0ee7e1ce1 - - default default] http://[LB_IP_ADDRESS]:8776/v3/6e63ad28ce204d2fa736e7a0ee7e1ce1/snapshots/d3008cea-cf54-4447-89af-787758b1df18 returned with HTTP 200
2024-08-19 17:57:16.978 19 INFO cinder.api.openstack.wsgi [None req-cf285734-e743-4fba-ab01-5d8dad5713be 21b6835c657949e19584e458693a2945 6e63ad28ce204d2fa736e7a0ee7e1ce1 - - default default] POST http://[LB_IP_ADDRESS]:8776/v3/6e63ad28ce204d2fa736e7a0ee7e1ce1/groups/action
2024-08-19 17:57:16.982 19 INFO cinder.api.v3.groups [None req-cf285734-e743-4fba-ab01-5d8dad5713be 21b6835c657949e19584e458693a2945 6e63ad28ce204d2fa736e7a0ee7e1ce1 - - default default] Creating group tempest-Group_from_snap-211385725 from group_snapshot dd19eac2-b8c1-40f0-a706-403330621487.
2024-08-19 17:57:17.084 19 INFO oslo_messaging._drivers.amqpdriver [None req-cf285734-e743-4fba-ab01-5d8dad5713be 21b6835c657949e19584e458693a2945 6e63ad28ce204d2fa736e7a0ee7e1ce1 - - default default] Expecting reply to msg 9cb16cc124b643e48b15036e79c95560 in queue reply_b1c34972ae7c48f4b2e361a68ff7c7f7
2024-08-19 17:57:17.105 19 INFO oslo_messaging._drivers.amqpdriver [-] Received RPC response for msg 9cb16cc124b643e48b15036e79c95560
2024-08-19 17:57:17.340 22 INFO cinder.api.openstack.wsgi [None req-c3bbeeb5-e4a6-4979-9ca7-7d72884e41e7 608cb6dfcb2f4743906d4e1c5ff585c1 0d57166960e64259a3c33c836e9dfc1f - - default default] GET http://[LB_IP_ADDRESS]:8776/v3/0d57166960e64259a3c33c836e9dfc1f/snapshots/976b1fc0-b84f-4826-a817-daab70f348bd
2024-08-19 17:57:17.351 22 INFO cinder.api.openstack.wsgi [None req-c3bbeeb5-e4a6-4979-9ca7-7d72884e41e7 608cb6dfcb2f4743906d4e1c5ff585c1 0d57166960e64259a3c33c836e9dfc1f - - default default] http://[LB_IP_ADDRESS]:8776/v3/0d57166960e64259a3c33c836e9dfc1f/snapshots/976b1fc0-b84f-4826-a817-daab70f348bd returned with HTTP 404
2024-08-19 17:57:17.366 20 INFO cinder.api.openstack.wsgi [None req-355c11cc-7028-446b-93ae-c2ded70d3a4b e50164d8d8654f5db7cba84376a040f7 215c39067da1401a81d0e8787836a13f - - default default] POST http://[LB_IP_ADDRESS]:8776/v3/215c39067da1401a81d0e8787836a13f/snapshots/ca66ca11-fbef-4b31-9be1-1e538eb46f59/action
2024-08-19 17:57:17.398 20 INFO cinder.api.openstack.wsgi [None req-355c11cc-7028-446b-93ae-c2ded70d3a4b e50164d8d8654f5db7cba84376a040f7 215c39067da1401a81d0e8787836a13f - - default default] http://[LB_IP_ADDRESS]:8776/v3/215c39067da1401a81d0e8787836a13f/snapshots/ca66ca11-fbef-4b31-9be1-1e538eb46f59/action returned with HTTP 202
2024-08-19 17:57:17.412 23 INFO cinder.api.openstack.wsgi [None req-f41b4044-cf01-4a2b-b50c-d96feecab266 608cb6dfcb2f4743906d4e1c5ff585c1 0d57166960e64259a3c33c836e9dfc1f - - default default] GET http://[LB_IP_ADDRESS]:8776/v3/0d57166960e64259a3c33c836e9dfc1f/snapshots/ca66ca11-fbef-4b31-9be1-1e538eb46f59
2024-08-19 17:57:17.423 23 INFO cinder.volume.api [None req-f41b4044-cf01-4a2b-b50c-d96feecab266 608cb6dfcb2f4743906d4e1c5ff585c1 0d57166960e64259a3c33c836e9dfc1f - - default default] Snapshot retrieved successfully.
2024-08-19 17:57:17.424 23 INFO cinder.api.openstack.wsgi [None req-f41b4044-cf01-4a2b-b50c-d96feecab266 608cb6dfcb2f4743906d4e1c5ff585c1 0d57166960e64259a3c33c836e9dfc1f - - default default] http://[LB_IP_ADDRESS]:8776/v3/0d57166960e64259a3c33c836e9dfc1f/snapshots/ca66ca11-fbef-4b31-9be1-1e538eb46f59 returned with HTTP 200
