2025-10-20 20:51:13.353 73 INFO cinder.volume.api [None req-fa771b0f-c43e-4532-9766-ddb0b6990346 3adc997f3fd14d979b5eda70245ab027 e98687fa0be84a4da6e4243bb96076af - - default default] Volume info retrieved successfully.
2025-10-20 20:51:13.372 73 INFO cinder.volume.api [None req-fa771b0f-c43e-4532-9766-ddb0b6990346 3adc997f3fd14d979b5eda70245ab027 e98687fa0be84a4da6e4243bb96076af - - default default] Delete volume request issued successfully.
2025-10-20 20:51:13.372 73 INFO cinder.api.openstack.wsgi [None req-fa771b0f-c43e-4532-9766-ddb0b6990346 3adc997f3fd14d979b5eda70245ab027 e98687fa0be84a4da6e4243bb96076af - - default default] http://[LB_IP_ADDRESS]:8776/v3/e98687fa0be84a4da6e4243bb96076af/volumes/35226e1f-44f3-4fb2-a2ea-c6b2d20289e4 returned with HTTP 202
2025-10-20 20:51:13.384 74 INFO cinder.api.openstack.wsgi [None req-b8c127e9-a4c3-491e-8cea-ab056c02fd28 3adc997f3fd14d979b5eda70245ab027 e98687fa0be84a4da6e4243bb96076af - - default default] GET http://[LB_IP_ADDRESS]:8776/v3/e98687fa0be84a4da6e4243bb96076af/volumes/35226e1f-44f3-4fb2-a2ea-c6b2d20289e4
2025-10-20 20:51:13.409 74 INFO cinder.volume.api [None req-b8c127e9-a4c3-491e-8cea-ab056c02fd28 3adc997f3fd14d979b5eda70245ab027 e98687fa0be84a4da6e4243bb96076af - - default default] Volume info retrieved successfully.
2025-10-20 20:51:13.417 74 INFO cinder.api.openstack.wsgi [None req-b8c127e9-a4c3-491e-8cea-ab056c02fd28 3adc997f3fd14d979b5eda70245ab027 e98687fa0be84a4da6e4243bb96076af - - default default] http://[LB_IP_ADDRESS]:8776/v3/e98687fa0be84a4da6e4243bb96076af/volumes/35226e1f-44f3-4fb2-a2ea-c6b2d20289e4 returned with HTTP 200
2025-10-20 20:51:13.640 75 INFO cinder.api.openstack.wsgi [req-36161b4b-0b83-49ff-b7b6-8020c700e735 req-a36cf5ba-8653-410c-81a7-b910bf5a88d9 6109899cdad64f1ba4a34a685d85c23c eb6b5bb5a6f74e27851b6b6dfe20109d - - default default] GET http://[LB_IP_ADDRESS]:8776/v3/snapshots/1085ca8d-ac75-4d10-9969-d719983ee954
2025-10-20 20:51:13.649 75 INFO cinder.api.openstack.wsgi [req-36161b4b-0b83-49ff-b7b6-8020c700e735 req-a36cf5ba-8653-410c-81a7-b910bf5a88d9 6109899cdad64f1ba4a34a685d85c23c eb6b5bb5a6f74e27851b6b6dfe20109d - - default default] http://[LB_IP_ADDRESS]:8776/v3/snapshots/1085ca8d-ac75-4d10-9969-d719983ee954 returned with HTTP 404
2025-10-20 20:51:13.672 76 INFO cinder.api.openstack.wsgi [req-51bda8c0-ca50-4fea-a274-dcd6d518efcb req-5efae5aa-00c1-4d0c-980c-2a83d2951821 6109899cdad64f1ba4a34a685d85c23c eb6b5bb5a6f74e27851b6b6dfe20109d - - default default] DELETE http://[LB_IP_ADDRESS]:8776/v3/volumes/aa09ade8-6f45-4264-845f-01d137c69b1b
2025-10-20 20:51:13.673 76 INFO cinder.api.v3.volumes [req-51bda8c0-ca50-4fea-a274-dcd6d518efcb req-5efae5aa-00c1-4d0c-980c-2a83d2951821 6109899cdad64f1ba4a34a685d85c23c eb6b5bb5a6f74e27851b6b6dfe20109d - - default default] Delete volume with id: aa09ade8-6f45-4264-845f-01d137c69b1b 
2025-10-20 20:51:13.685 76 INFO cinder.volume.api [req-51bda8c0-ca50-4fea-a274-dcd6d518efcb req-5efae5aa-00c1-4d0c-980c-2a83d2951821 6109899cdad64f1ba4a34a685d85c23c eb6b5bb5a6f74e27851b6b6dfe20109d - - default default] Volume info retrieved successfully.
2025-10-20 20:51:13.704 76 INFO cinder.volume.api [req-51bda8c0-ca50-4fea-a274-dcd6d518efcb req-5efae5aa-00c1-4d0c-980c-2a83d2951821 6109899cdad64f1ba4a34a685d85c23c eb6b5bb5a6f74e27851b6b6dfe20109d - - default default] Delete volume request issued successfully.
2025-10-20 20:51:13.705 76 INFO cinder.api.openstack.wsgi [req-51bda8c0-ca50-4fea-a274-dcd6d518efcb req-5efae5aa-00c1-4d0c-980c-2a83d2951821 6109899cdad64f1ba4a34a685d85c23c eb6b5bb5a6f74e27851b6b6dfe20109d - - default default] http://[LB_IP_ADDRESS]:8776/v3/volumes/aa09ade8-6f45-4264-845f-01d137c69b1b returned with HTTP 202
2025-10-20 20:51:13.738 72 INFO cinder.api.openstack.wsgi [req-bbc04530-634d-4918-820c-3b4facf3d971 req-50c7d62c-10b5-4cdd-b40d-50cd1e873f23 6109899cdad64f1ba4a34a685d85c23c eb6b5bb5a6f74e27851b6b6dfe20109d - - default default] GET http://[LB_IP_ADDRESS]:8776/v3/volumes/aa09ade8-6f45-4264-845f-01d137c69b1b
2025-10-20 20:51:13.753 72 INFO cinder.volume.api [req-bbc04530-634d-4918-820c-3b4facf3d971 req-50c7d62c-10b5-4cdd-b40d-50cd1e873f23 6109899cdad64f1ba4a34a685d85c23c eb6b5bb5a6f74e27851b6b6dfe20109d - - default default] Volume info retrieved successfully.
2025-10-20 20:51:13.757 72 INFO cinder.api.openstack.wsgi [req-bbc04530-634d-4918-820c-3b4facf3d971 req-50c7d62c-10b5-4cdd-b40d-50cd1e873f23 6109899cdad64f1ba4a34a685d85c23c eb6b5bb5a6f74e27851b6b6dfe20109d - - default default] http://[LB_IP_ADDRESS]:8776/v3/volumes/aa09ade8-6f45-4264-845f-01d137c69b1b returned with HTTP 200
2025-10-20 20:51:14.438 73 INFO cinder.api.openstack.wsgi [None req-5213ee1b-9b4c-491b-9102-dbbec02128b9 3adc997f3fd14d979b5eda70245ab027 e98687fa0be84a4da6e4243bb96076af - - default default] GET http://[LB_IP_ADDRESS]:8776/v3/e98687fa0be84a4da6e4243bb96076af/volumes/35226e1f-44f3-4fb2-a2ea-c6b2d20289e4
2025-10-20 20:51:14.449 73 INFO cinder.api.openstack.wsgi [None req-5213ee1b-9b4c-491b-9102-dbbec02128b9 3adc997f3fd14d979b5eda70245ab027 e98687fa0be84a4da6e4243bb96076af - - default default] http://[LB_IP_ADDRESS]:8776/v3/e98687fa0be84a4da6e4243bb96076af/volumes/35226e1f-44f3-4fb2-a2ea-c6b2d20289e4 returned with HTTP 404
2025-10-20 20:51:14.461 74 INFO cinder.api.openstack.wsgi [None req-4a9c895a-f6ce-422c-9acf-7059bb45653e 3adc997f3fd14d979b5eda70245ab027 e98687fa0be84a4da6e4243bb96076af - - default default] DELETE http://[LB_IP_ADDRESS]:8776/v3/e98687fa0be84a4da6e4243bb96076af/volumes/fc9529c6-a775-4b13-baf8-79b57235d3de
2025-10-20 20:51:14.462 74 INFO cinder.api.v3.volumes [None req-4a9c895a-f6ce-422c-9acf-7059bb45653e 3adc997f3fd14d979b5eda70245ab027 e98687fa0be84a4da6e4243bb96076af - - default default] Delete volume with id: fc9529c6-a775-4b13-baf8-79b57235d3de 
2025-10-20 20:51:14.476 74 INFO cinder.volume.api [None req-4a9c895a-f6ce-422c-9acf-7059bb45653e 3adc997f3fd14d979b5eda70245ab027 e98687fa0be84a4da6e4243bb96076af - - default default] Volume info retrieved successfully.
2025-10-20 20:51:14.496 74 INFO cinder.volume.api [None req-4a9c895a-f6ce-422c-9acf-7059bb45653e 3adc997f3fd14d979b5eda70245ab027 e98687fa0be84a4da6e4243bb96076af - - default default] Delete volume request issued successfully.
2025-10-20 20:51:14.497 74 INFO cinder.api.openstack.wsgi [None req-4a9c895a-f6ce-422c-9acf-7059bb45653e 3adc997f3fd14d979b5eda70245ab027 e98687fa0be84a4da6e4243bb96076af - - default default] http://[LB_IP_ADDRESS]:8776/v3/e98687fa0be84a4da6e4243bb96076af/volumes/fc9529c6-a775-4b13-baf8-79b57235d3de returned with HTTP 202
2025-10-20 20:51:14.508 75 INFO cinder.api.openstack.wsgi [None req-a3921f33-eae0-4d3d-89d9-ae63eb2eca56 3adc997f3fd14d979b5eda70245ab027 e98687fa0be84a4da6e4243bb96076af - - default default] GET http://[LB_IP_ADDRESS]:8776/v3/e98687fa0be84a4da6e4243bb96076af/volumes/fc9529c6-a775-4b13-baf8-79b57235d3de
2025-10-20 20:51:14.526 75 INFO cinder.volume.api [None req-a3921f33-eae0-4d3d-89d9-ae63eb2eca56 3adc997f3fd14d979b5eda70245ab027 e98687fa0be84a4da6e4243bb96076af - - default default] Volume info retrieved successfully.
2025-10-20 20:51:14.530 75 INFO cinder.api.openstack.wsgi [None req-a3921f33-eae0-4d3d-89d9-ae63eb2eca56 3adc997f3fd14d979b5eda70245ab027 e98687fa0be84a4da6e4243bb96076af - - default default] http://[LB_IP_ADDRESS]:8776/v3/e98687fa0be84a4da6e4243bb96076af/volumes/fc9529c6-a775-4b13-baf8-79b57235d3de returned with HTTP 200
2025-10-20 20:51:14.791 76 INFO cinder.api.openstack.wsgi [req-787c51aa-e144-43c1-ab93-3f35d9ee23a8 req-8dcd1c54-ba09-4b9e-831a-3cbff47ab031 6109899cdad64f1ba4a34a685d85c23c eb6b5bb5a6f74e27851b6b6dfe20109d - - default default] GET http://[LB_IP_ADDRESS]:8776/v3/volumes/aa09ade8-6f45-4264-845f-01d137c69b1b
2025-10-20 20:51:14.802 76 INFO cinder.api.openstack.wsgi [req-787c51aa-e144-43c1-ab93-3f35d9ee23a8 req-8dcd1c54-ba09-4b9e-831a-3cbff47ab031 6109899cdad64f1ba4a34a685d85c23c eb6b5bb5a6f74e27851b6b6dfe20109d - - default default] http://[LB_IP_ADDRESS]:8776/v3/volumes/aa09ade8-6f45-4264-845f-01d137c69b1b returned with HTTP 404
2025-10-20 20:51:14.843 72 INFO cinder.api.openstack.wsgi [req-1b35291e-df36-48cb-b16c-ca47bee4d033 req-37cc8438-321c-4f66-93ef-e3fb689ed29d 6109899cdad64f1ba4a34a685d85c23c eb6b5bb5a6f74e27851b6b6dfe20109d - - default default] DELETE http://[LB_IP_ADDRESS]:8776/v3/volumes/aa09ade8-6f45-4264-845f-01d137c69b1b
2025-10-20 20:51:14.844 72 INFO cinder.api.v3.volumes [req-1b35291e-df36-48cb-b16c-ca47bee4d033 req-37cc8438-321c-4f66-93ef-e3fb689ed29d 6109899cdad64f1ba4a34a685d85c23c eb6b5bb5a6f74e27851b6b6dfe20109d - - default default] Delete volume with id: aa09ade8-6f45-4264-845f-01d137c69b1b 
2025-10-20 20:51:14.853 72 INFO cinder.api.openstack.wsgi [req-1b35291e-df36-48cb-b16c-ca47bee4d033 req-37cc8438-321c-4f66-93ef-e3fb689ed29d 6109899cdad64f1ba4a34a685d85c23c eb6b5bb5a6f74e27851b6b6dfe20109d - - default default] http://[LB_IP_ADDRESS]:8776/v3/volumes/aa09ade8-6f45-4264-845f-01d137c69b1b returned with HTTP 404
2025-10-20 20:51:14.876 73 INFO cinder.api.openstack.wsgi [req-2d9bbe0c-f24f-4b07-83ba-f33c4a4a1814 req-45c40ef5-c329-434c-874b-23121db93213 6109899cdad64f1ba4a34a685d85c23c eb6b5bb5a6f74e27851b6b6dfe20109d - - default default] GET http://[LB_IP_ADDRESS]:8776/v3/volumes/aa09ade8-6f45-4264-845f-01d137c69b1b
2025-10-20 20:51:14.886 73 INFO cinder.api.openstack.wsgi [req-2d9bbe0c-f24f-4b07-83ba-f33c4a4a1814 req-45c40ef5-c329-434c-874b-23121db93213 6109899cdad64f1ba4a34a685d85c23c eb6b5bb5a6f74e27851b6b6dfe20109d - - default default] http://[LB_IP_ADDRESS]:8776/v3/volumes/aa09ade8-6f45-4264-845f-01d137c69b1b returned with HTTP 404
2025-10-20 20:51:15.550 74 INFO cinder.api.openstack.wsgi [None req-4b59af13-383c-4d05-93a0-c6b9ed25f315 3adc997f3fd14d979b5eda70245ab027 e98687fa0be84a4da6e4243bb96076af - - default default] GET http://[LB_IP_ADDRESS]:8776/v3/e98687fa0be84a4da6e4243bb96076af/volumes/fc9529c6-a775-4b13-baf8-79b57235d3de
2025-10-20 20:51:15.561 74 INFO cinder.api.openstack.wsgi [None req-4b59af13-383c-4d05-93a0-c6b9ed25f315 3adc997f3fd14d979b5eda70245ab027 e98687fa0be84a4da6e4243bb96076af - - default default] http://[LB_IP_ADDRESS]:8776/v3/e98687fa0be84a4da6e4243bb96076af/volumes/fc9529c6-a775-4b13-baf8-79b57235d3de returned with HTTP 404
2025-10-20 20:51:15.926 75 INFO cinder.api.openstack.wsgi [None req-354a55b3-bc05-44bf-b377-1cb3c3a0c0c8 9aed867ea4a741d596f30cc97b21bf81 df87d72bc6cc4903aef6d9a9994e42a6 - - default default] POST http://[LB_IP_ADDRESS]:8776/v3/df87d72bc6cc4903aef6d9a9994e42a6/types
2025-10-20 20:51:15.957 75 INFO cinder.api.openstack.wsgi [None req-354a55b3-bc05-44bf-b377-1cb3c3a0c0c8 9aed867ea4a741d596f30cc97b21bf81 df87d72bc6cc4903aef6d9a9994e42a6 - - default default] http://[LB_IP_ADDRESS]:8776/v3/df87d72bc6cc4903aef6d9a9994e42a6/types returned with HTTP 200
2025-10-20 20:51:15.972 76 INFO cinder.api.openstack.wsgi [None req-307759ad-6691-47ad-bfe0-3cfa5b3a523f 9aed867ea4a741d596f30cc97b21bf81 df87d72bc6cc4903aef6d9a9994e42a6 - - default default] POST http://[LB_IP_ADDRESS]:8776/v3/df87d72bc6cc4903aef6d9a9994e42a6/group_types
2025-10-20 20:51:15.992 76 INFO cinder.api.openstack.wsgi [None req-307759ad-6691-47ad-bfe0-3cfa5b3a523f 9aed867ea4a741d596f30cc97b21bf81 df87d72bc6cc4903aef6d9a9994e42a6 - - default default] http://[LB_IP_ADDRESS]:8776/v3/df87d72bc6cc4903aef6d9a9994e42a6/group_types returned with HTTP 202
2025-10-20 20:51:16.112 72 INFO cinder.api.openstack.wsgi [None req-f118ddec-c486-4032-a932-098b18798542 2c3d7cd7605b4ffcabf6ecd2a9fcc735 3ff44332e212436494455ecb3511b656 - - default default] POST http://[LB_IP_ADDRESS]:8776/v3/3ff44332e212436494455ecb3511b656/groups
2025-10-20 20:51:16.125 72 INFO cinder.api.v3.groups [None req-f118ddec-c486-4032-a932-098b18798542 2c3d7cd7605b4ffcabf6ecd2a9fcc735 3ff44332e212436494455ecb3511b656 - - default default] Creating group tempest-GroupSnapshotsV319Test-Group-375115167.
2025-10-20 20:51:16.141 72 INFO cinder.volume.api [None req-f118ddec-c486-4032-a932-098b18798542 2c3d7cd7605b4ffcabf6ecd2a9fcc735 3ff44332e212436494455ecb3511b656 - - default default] Availability Zones retrieved successfully.
2025-10-20 20:51:16.203 72 INFO cinder.api.openstack.wsgi [None req-f118ddec-c486-4032-a932-098b18798542 2c3d7cd7605b4ffcabf6ecd2a9fcc735 3ff44332e212436494455ecb3511b656 - - default default] http://[LB_IP_ADDRESS]:8776/v3/3ff44332e212436494455ecb3511b656/groups returned with HTTP 202
2025-10-20 20:51:16.216 73 INFO cinder.api.openstack.wsgi [None req-8a5c79d8-e76d-48ac-b5e4-0959af3780bf 2c3d7cd7605b4ffcabf6ecd2a9fcc735 3ff44332e212436494455ecb3511b656 - - default default] GET http://[LB_IP_ADDRESS]:8776/v3/3ff44332e212436494455ecb3511b656/groups/bcebe330-7071-44c6-8f22-032579a779f1
2025-10-20 20:51:16.242 73 INFO cinder.api.openstack.wsgi [None req-8a5c79d8-e76d-48ac-b5e4-0959af3780bf 2c3d7cd7605b4ffcabf6ecd2a9fcc735 3ff44332e212436494455ecb3511b656 - - default default] http://[LB_IP_ADDRESS]:8776/v3/3ff44332e212436494455ecb3511b656/groups/bcebe330-7071-44c6-8f22-032579a779f1 returned with HTTP 200
2025-10-20 20:51:17.259 74 INFO cinder.api.openstack.wsgi [None req-57bf14b4-5371-4c9e-9ccb-3c219ccff6d1 2c3d7cd7605b4ffcabf6ecd2a9fcc735 3ff44332e212436494455ecb3511b656 - - default default] GET http://[LB_IP_ADDRESS]:8776/v3/3ff44332e212436494455ecb3511b656/groups/bcebe330-7071-44c6-8f22-032579a779f1
2025-10-20 20:51:17.274 74 INFO cinder.api.openstack.wsgi [None req-57bf14b4-5371-4c9e-9ccb-3c219ccff6d1 2c3d7cd7605b4ffcabf6ecd2a9fcc735 3ff44332e212436494455ecb3511b656 - - default default] http://[LB_IP_ADDRESS]:8776/v3/3ff44332e212436494455ecb3511b656/groups/bcebe330-7071-44c6-8f22-032579a779f1 returned with HTTP 200
2025-10-20 20:51:17.289 75 INFO cinder.api.openstack.wsgi [None req-316dbae8-b2f0-4402-a0d0-aae2379283cf 2c3d7cd7605b4ffcabf6ecd2a9fcc735 3ff44332e212436494455ecb3511b656 - - default default] POST http://[LB_IP_ADDRESS]:8776/v3/3ff44332e212436494455ecb3511b656/volumes
2025-10-20 20:51:17.302 75 INFO cinder.api.v3.volumes [None req-316dbae8-b2f0-4402-a0d0-aae2379283cf 2c3d7cd7605b4ffcabf6ecd2a9fcc735 3ff44332e212436494455ecb3511b656 - - default default] Create volume of 1 GB
2025-10-20 20:51:17.307 75 INFO cinder.volume.api [None req-316dbae8-b2f0-4402-a0d0-aae2379283cf 2c3d7cd7605b4ffcabf6ecd2a9fcc735 3ff44332e212436494455ecb3511b656 - - default default] Availability Zones retrieved successfully.
2025-10-20 20:51:17.432 75 WARNING cinder.quota [None req-316dbae8-b2f0-4402-a0d0-aae2379283cf 2c3d7cd7605b4ffcabf6ecd2a9fcc735 3ff44332e212436494455ecb3511b656 - - default default] Deprecated: Default quota for resource: volumes_tempest-GroupSnapshotsV319Test-volume-type-2116352800 is set by the default quota flag: quota_volumes_tempest-GroupSnapshotsV319Test-volume-type-2116352800, it is now deprecated. Please use the default quota class for default quota.
2025-10-20 20:51:17.432 75 WARNING cinder.quota [None req-316dbae8-b2f0-4402-a0d0-aae2379283cf 2c3d7cd7605b4ffcabf6ecd2a9fcc735 3ff44332e212436494455ecb3511b656 - - default default] Deprecated: Default quota for resource: gigabytes_tempest-GroupSnapshotsV319Test-volume-type-2116352800 is set by the default quota flag: quota_gigabytes_tempest-GroupSnapshotsV319Test-volume-type-2116352800, it is now deprecated. Please use the default quota class for default quota.
2025-10-20 20:51:17.509 75 INFO cinder.volume.api [None req-316dbae8-b2f0-4402-a0d0-aae2379283cf 2c3d7cd7605b4ffcabf6ecd2a9fcc735 3ff44332e212436494455ecb3511b656 - - default default] Create volume request issued successfully.
2025-10-20 20:51:17.527 75 INFO cinder.api.openstack.wsgi [None req-316dbae8-b2f0-4402-a0d0-aae2379283cf 2c3d7cd7605b4ffcabf6ecd2a9fcc735 3ff44332e212436494455ecb3511b656 - - default default] http://[LB_IP_ADDRESS]:8776/v3/3ff44332e212436494455ecb3511b656/volumes returned with HTTP 202
2025-10-20 20:51:17.547 76 INFO cinder.api.openstack.wsgi [None req-62ef9fb0-183a-4310-93de-e9a2090a22f9 2c3d7cd7605b4ffcabf6ecd2a9fcc735 3ff44332e212436494455ecb3511b656 - - default default] GET http://[LB_IP_ADDRESS]:8776/v3/3ff44332e212436494455ecb3511b656/volumes/277b56f2-b328-45b0-85f7-3e9d70dad9ca
2025-10-20 20:51:17.568 76 INFO cinder.volume.api [None req-62ef9fb0-183a-4310-93de-e9a2090a22f9 2c3d7cd7605b4ffcabf6ecd2a9fcc735 3ff44332e212436494455ecb3511b656 - - default default] Volume info retrieved successfully.
2025-10-20 20:51:17.589 76 INFO cinder.api.openstack.wsgi [None req-62ef9fb0-183a-4310-93de-e9a2090a22f9 2c3d7cd7605b4ffcabf6ecd2a9fcc735 3ff44332e212436494455ecb3511b656 - - default default] http://[LB_IP_ADDRESS]:8776/v3/3ff44332e212436494455ecb3511b656/volumes/277b56f2-b328-45b0-85f7-3e9d70dad9ca returned with HTTP 200
2025-10-20 20:51:18.023 72 INFO cinder.api.openstack.wsgi [None req-01e176f0-c722-4219-b41b-cc28c4633181 f25d090b77bf43b6980c7ee3cf885aec 8c68a1c1f3b54c7d86ccf414b62831d7 - - default default] POST http://[LB_IP_ADDRESS]:8776/v3/8c68a1c1f3b54c7d86ccf414b62831d7/types
2025-10-20 20:51:18.055 72 INFO cinder.api.openstack.wsgi [None req-01e176f0-c722-4219-b41b-cc28c4633181 f25d090b77bf43b6980c7ee3cf885aec 8c68a1c1f3b54c7d86ccf414b62831d7 - - default default] http://[LB_IP_ADDRESS]:8776/v3/8c68a1c1f3b54c7d86ccf414b62831d7/types returned with HTTP 200
2025-10-20 20:51:18.065 73 INFO cinder.api.openstack.wsgi [None req-c0317a1b-2e3c-4624-804b-a77bbca4efd2 f25d090b77bf43b6980c7ee3cf885aec 8c68a1c1f3b54c7d86ccf414b62831d7 - - default default] POST http://[LB_IP_ADDRESS]:8776/v3/8c68a1c1f3b54c7d86ccf414b62831d7/group_types
2025-10-20 20:51:18.084 73 INFO cinder.api.openstack.wsgi [None req-c0317a1b-2e3c-4624-804b-a77bbca4efd2 f25d090b77bf43b6980c7ee3cf885aec 8c68a1c1f3b54c7d86ccf414b62831d7 - - default default] http://[LB_IP_ADDRESS]:8776/v3/8c68a1c1f3b54c7d86ccf414b62831d7/group_types returned with HTTP 202
2025-10-20 20:51:18.199 74 INFO cinder.api.openstack.wsgi [None req-403d55fd-c727-4463-beec-911d35a69a8a 36172841834d48189bc682b8e3a8dff4 fc05dcf35b5d41af85c4c0810ef1b381 - - default default] POST http://[LB_IP_ADDRESS]:8776/v3/fc05dcf35b5d41af85c4c0810ef1b381/groups
2025-10-20 20:51:18.211 74 INFO cinder.api.v3.groups [None req-403d55fd-c727-4463-beec-911d35a69a8a 36172841834d48189bc682b8e3a8dff4 fc05dcf35b5d41af85c4c0810ef1b381 - - default default] Creating group tempest-GroupSnapshotsTest-Group-332517307.
2025-10-20 20:51:18.220 74 INFO cinder.volume.api [None req-403d55fd-c727-4463-beec-911d35a69a8a 36172841834d48189bc682b8e3a8dff4 fc05dcf35b5d41af85c4c0810ef1b381 - - default default] Availability Zones retrieved successfully.
2025-10-20 20:51:18.275 74 INFO cinder.api.openstack.wsgi [None req-403d55fd-c727-4463-beec-911d35a69a8a 36172841834d48189bc682b8e3a8dff4 fc05dcf35b5d41af85c4c0810ef1b381 - - default default] http://[LB_IP_ADDRESS]:8776/v3/fc05dcf35b5d41af85c4c0810ef1b381/groups returned with HTTP 202
2025-10-20 20:51:18.288 75 INFO cinder.api.openstack.wsgi [None req-16e9ce83-eddd-44ad-bb28-7522f89313fb 36172841834d48189bc682b8e3a8dff4 fc05dcf35b5d41af85c4c0810ef1b381 - - default default] GET http://[LB_IP_ADDRESS]:8776/v3/fc05dcf35b5d41af85c4c0810ef1b381/groups/5d712be6-1080-4bd5-b9d8-3e9366c6f379
2025-10-20 20:51:18.306 75 INFO cinder.api.openstack.wsgi [None req-16e9ce83-eddd-44ad-bb28-7522f89313fb 36172841834d48189bc682b8e3a8dff4 fc05dcf35b5d41af85c4c0810ef1b381 - - default default] http://[LB_IP_ADDRESS]:8776/v3/fc05dcf35b5d41af85c4c0810ef1b381/groups/5d712be6-1080-4bd5-b9d8-3e9366c6f379 returned with HTTP 200
2025-10-20 20:51:18.611 76 INFO cinder.api.openstack.wsgi [None req-f9c40ed4-c8a5-4036-acb9-269b6f3d6f3c 2c3d7cd7605b4ffcabf6ecd2a9fcc735 3ff44332e212436494455ecb3511b656 - - default default] GET http://[LB_IP_ADDRESS]:8776/v3/3ff44332e212436494455ecb3511b656/volumes/277b56f2-b328-45b0-85f7-3e9d70dad9ca
2025-10-20 20:51:18.630 76 INFO cinder.volume.api [None req-f9c40ed4-c8a5-4036-acb9-269b6f3d6f3c 2c3d7cd7605b4ffcabf6ecd2a9fcc735 3ff44332e212436494455ecb3511b656 - - default default] Volume info retrieved successfully.
2025-10-20 20:51:18.646 76 INFO cinder.api.openstack.wsgi [None req-f9c40ed4-c8a5-4036-acb9-269b6f3d6f3c 2c3d7cd7605b4ffcabf6ecd2a9fcc735 3ff44332e212436494455ecb3511b656 - - default default] http://[LB_IP_ADDRESS]:8776/v3/3ff44332e212436494455ecb3511b656/volumes/277b56f2-b328-45b0-85f7-3e9d70dad9ca returned with HTTP 200
2025-10-20 20:51:18.668 72 INFO cinder.api.openstack.wsgi [None req-6a1d12e2-d8d8-48d3-898e-8adccce11279 2c3d7cd7605b4ffcabf6ecd2a9fcc735 3ff44332e212436494455ecb3511b656 - - default default] POST http://[LB_IP_ADDRESS]:8776/v3/3ff44332e212436494455ecb3511b656/group_snapshots
2025-10-20 20:51:18.680 72 INFO cinder.api.v3.group_snapshots [None req-6a1d12e2-d8d8-48d3-898e-8adccce11279 2c3d7cd7605b4ffcabf6ecd2a9fcc735 3ff44332e212436494455ecb3511b656 - - default default] Creating group_snapshot tempest-GroupSnapshotsV319Test-Group_Snapshot-1594810751.
2025-10-20 20:51:18.720 72 WARNING cinder.quota [None req-6a1d12e2-d8d8-48d3-898e-8adccce11279 2c3d7cd7605b4ffcabf6ecd2a9fcc735 3ff44332e212436494455ecb3511b656 - - default default] Deprecated: Default quota for resource: gigabytes_tempest-GroupSnapshotsV319Test-volume-type-2116352800 is set by the default quota flag: quota_gigabytes_tempest-GroupSnapshotsV319Test-volume-type-2116352800, it is now deprecated. Please use the default quota class for default quota.
2025-10-20 20:51:18.721 72 WARNING cinder.quota [None req-6a1d12e2-d8d8-48d3-898e-8adccce11279 2c3d7cd7605b4ffcabf6ecd2a9fcc735 3ff44332e212436494455ecb3511b656 - - default default] Deprecated: Default quota for resource: snapshots_tempest-GroupSnapshotsV319Test-volume-type-2116352800 is set by the default quota flag: quota_snapshots_tempest-GroupSnapshotsV319Test-volume-type-2116352800, it is now deprecated. Please use the default quota class for default quota.
2025-10-20 20:51:18.774 72 INFO cinder.api.openstack.wsgi [None req-6a1d12e2-d8d8-48d3-898e-8adccce11279 2c3d7cd7605b4ffcabf6ecd2a9fcc735 3ff44332e212436494455ecb3511b656 - - default default] http://[LB_IP_ADDRESS]:8776/v3/3ff44332e212436494455ecb3511b656/group_snapshots returned with HTTP 202
2025-10-20 20:51:18.789 74 INFO cinder.api.openstack.wsgi [None req-3bc6f161-910d-44fa-9fcf-6c63c08d4181 2c3d7cd7605b4ffcabf6ecd2a9fcc735 3ff44332e212436494455ecb3511b656 - - default default] GET http://[LB_IP_ADDRESS]:8776/v3/3ff44332e212436494455ecb3511b656/group_snapshots/81395b07-fdd0-4c72-8c42-5a1cdb5334a0
2025-10-20 20:51:18.798 74 INFO cinder.api.openstack.wsgi [None req-3bc6f161-910d-44fa-9fcf-6c63c08d4181 2c3d7cd7605b4ffcabf6ecd2a9fcc735 3ff44332e212436494455ecb3511b656 - - default default] http://[LB_IP_ADDRESS]:8776/v3/3ff44332e212436494455ecb3511b656/group_snapshots/81395b07-fdd0-4c72-8c42-5a1cdb5334a0 returned with HTTP 200
2025-10-20 20:51:18.820 73 INFO cinder.api.openstack.wsgi [None req-cf13605c-1eb8-4716-a1d1-276db09e99bd c968b9d0feeb492c981b9cf7af88bc22 4f35ae54eab3411da6f82fdf50b63563 - - default default] GET http://[LB_IP_ADDRESS]:8776/v3/4f35ae54eab3411da6f82fdf50b63563/scheduler-stats/get_pools
2025-10-20 20:51:19.321 75 INFO cinder.api.openstack.wsgi [None req-cae5e370-67a9-4077-bf12-48e7e4f07c83 36172841834d48189bc682b8e3a8dff4 fc05dcf35b5d41af85c4c0810ef1b381 - - default default] GET http://[LB_IP_ADDRESS]:8776/v3/fc05dcf35b5d41af85c4c0810ef1b381/groups/5d712be6-1080-4bd5-b9d8-3e9366c6f379
2025-10-20 20:51:19.326 73 INFO cinder.api.openstack.wsgi [None req-cf13605c-1eb8-4716-a1d1-276db09e99bd c968b9d0feeb492c981b9cf7af88bc22 4f35ae54eab3411da6f82fdf50b63563 - - default default] http://[LB_IP_ADDRESS]:8776/v3/4f35ae54eab3411da6f82fdf50b63563/scheduler-stats/get_pools returned with HTTP 200
2025-10-20 20:51:19.338 75 INFO cinder.api.openstack.wsgi [None req-cae5e370-67a9-4077-bf12-48e7e4f07c83 36172841834d48189bc682b8e3a8dff4 fc05dcf35b5d41af85c4c0810ef1b381 - - default default] http://[LB_IP_ADDRESS]:8776/v3/fc05dcf35b5d41af85c4c0810ef1b381/groups/5d712be6-1080-4bd5-b9d8-3e9366c6f379 returned with HTTP 200
2025-10-20 20:51:19.344 76 INFO cinder.api.openstack.wsgi [None req-c8c49f40-0898-462d-85a6-df981c660d50 c968b9d0feeb492c981b9cf7af88bc22 4f35ae54eab3411da6f82fdf50b63563 - - default default] GET http://[LB_IP_ADDRESS]:8776/v3/4f35ae54eab3411da6f82fdf50b63563/scheduler-stats/get_pools?detail=True
2025-10-20 20:51:19.353 72 INFO cinder.api.openstack.wsgi [None req-55db7aed-df53-4869-9678-a04e12b6d7c2 36172841834d48189bc682b8e3a8dff4 fc05dcf35b5d41af85c4c0810ef1b381 - - default default] POST http://[LB_IP_ADDRESS]:8776/v3/fc05dcf35b5d41af85c4c0810ef1b381/volumes
2025-10-20 20:51:19.365 72 INFO cinder.api.v3.volumes [None req-55db7aed-df53-4869-9678-a04e12b6d7c2 36172841834d48189bc682b8e3a8dff4 fc05dcf35b5d41af85c4c0810ef1b381 - - default default] Create volume of 1 GB
2025-10-20 20:51:19.370 72 INFO cinder.volume.api [None req-55db7aed-df53-4869-9678-a04e12b6d7c2 36172841834d48189bc682b8e3a8dff4 fc05dcf35b5d41af85c4c0810ef1b381 - - default default] Availability Zones retrieved successfully.
2025-10-20 20:51:19.490 72 WARNING cinder.quota [None req-55db7aed-df53-4869-9678-a04e12b6d7c2 36172841834d48189bc682b8e3a8dff4 fc05dcf35b5d41af85c4c0810ef1b381 - - default default] Deprecated: Default quota for resource: volumes_tempest-GroupSnapshotsTest-volume-type-917937420 is set by the default quota flag: quota_volumes_tempest-GroupSnapshotsTest-volume-type-917937420, it is now deprecated. Please use the default quota class for default quota.
2025-10-20 20:51:19.490 72 WARNING cinder.quota [None req-55db7aed-df53-4869-9678-a04e12b6d7c2 36172841834d48189bc682b8e3a8dff4 fc05dcf35b5d41af85c4c0810ef1b381 - - default default] Deprecated: Default quota for resource: gigabytes_tempest-GroupSnapshotsTest-volume-type-917937420 is set by the default quota flag: quota_gigabytes_tempest-GroupSnapshotsTest-volume-type-917937420, it is now deprecated. Please use the default quota class for default quota.
2025-10-20 20:51:19.574 72 INFO cinder.volume.api [None req-55db7aed-df53-4869-9678-a04e12b6d7c2 36172841834d48189bc682b8e3a8dff4 fc05dcf35b5d41af85c4c0810ef1b381 - - default default] Create volume request issued successfully.
2025-10-20 20:51:19.593 72 INFO cinder.api.openstack.wsgi [None req-55db7aed-df53-4869-9678-a04e12b6d7c2 36172841834d48189bc682b8e3a8dff4 fc05dcf35b5d41af85c4c0810ef1b381 - - default default] http://[LB_IP_ADDRESS]:8776/v3/fc05dcf35b5d41af85c4c0810ef1b381/volumes returned with HTTP 202
2025-10-20 20:51:19.611 74 INFO cinder.api.openstack.wsgi [None req-e1b56736-b612-403a-88ca-7eb350b5d389 36172841834d48189bc682b8e3a8dff4 fc05dcf35b5d41af85c4c0810ef1b381 - - default default] GET http://[LB_IP_ADDRESS]:8776/v3/fc05dcf35b5d41af85c4c0810ef1b381/volumes/7f569e5d-1ff9-4299-b7d5-863ec8b32ecb
2025-10-20 20:51:19.637 74 INFO cinder.volume.api [None req-e1b56736-b612-403a-88ca-7eb350b5d389 36172841834d48189bc682b8e3a8dff4 fc05dcf35b5d41af85c4c0810ef1b381 - - default default] Volume info retrieved successfully.
2025-10-20 20:51:19.670 74 INFO cinder.api.openstack.wsgi [None req-e1b56736-b612-403a-88ca-7eb350b5d389 36172841834d48189bc682b8e3a8dff4 fc05dcf35b5d41af85c4c0810ef1b381 - - default default] http://[LB_IP_ADDRESS]:8776/v3/fc05dcf35b5d41af85c4c0810ef1b381/volumes/7f569e5d-1ff9-4299-b7d5-863ec8b32ecb returned with HTTP 200
2025-10-20 20:51:19.815 73 INFO cinder.api.openstack.wsgi [None req-74e8ec22-17b3-463e-b449-944d7353c8dd 2c3d7cd7605b4ffcabf6ecd2a9fcc735 3ff44332e212436494455ecb3511b656 - - default default] GET http://[LB_IP_ADDRESS]:8776/v3/3ff44332e212436494455ecb3511b656/group_snapshots/81395b07-fdd0-4c72-8c42-5a1cdb5334a0
2025-10-20 20:51:19.834 73 INFO cinder.api.openstack.wsgi [None req-74e8ec22-17b3-463e-b449-944d7353c8dd 2c3d7cd7605b4ffcabf6ecd2a9fcc735 3ff44332e212436494455ecb3511b656 - - default default] http://[LB_IP_ADDRESS]:8776/v3/3ff44332e212436494455ecb3511b656/group_snapshots/81395b07-fdd0-4c72-8c42-5a1cdb5334a0 returned with HTTP 200
2025-10-20 20:51:19.854 76 INFO cinder.api.openstack.wsgi [None req-c8c49f40-0898-462d-85a6-df981c660d50 c968b9d0feeb492c981b9cf7af88bc22 4f35ae54eab3411da6f82fdf50b63563 - - default default] http://[LB_IP_ADDRESS]:8776/v3/4f35ae54eab3411da6f82fdf50b63563/scheduler-stats/get_pools?detail=True returned with HTTP 200
2025-10-20 20:51:19.875 75 INFO cinder.api.openstack.wsgi [None req-62afd4dd-fc72-4bc7-af4d-3e7d0608daae c968b9d0feeb492c981b9cf7af88bc22 4f35ae54eab3411da6f82fdf50b63563 - - default default] GET http://[LB_IP_ADDRESS]:8776/v3/4f35ae54eab3411da6f82fdf50b63563/capabilities/rack05-server66@LIGHTOSphszul
2025-10-20 20:51:20.387 75 INFO cinder.api.openstack.wsgi [None req-62afd4dd-fc72-4bc7-af4d-3e7d0608daae c968b9d0feeb492c981b9cf7af88bc22 4f35ae54eab3411da6f82fdf50b63563 - - default default] http://[LB_IP_ADDRESS]:8776/v3/4f35ae54eab3411da6f82fdf50b63563/capabilities/rack05-server66@LIGHTOSphszul returned with HTTP 200
2025-10-20 20:51:20.408 72 INFO cinder.api.openstack.wsgi [None req-0a3095ba-df47-46ec-b4ea-3619ea0a343a c968b9d0feeb492c981b9cf7af88bc22 4f35ae54eab3411da6f82fdf50b63563 - - default default] GET http://[LB_IP_ADDRESS]:8776/v3/4f35ae54eab3411da6f82fdf50b63563/capabilities/rack05-server66@LIGHTOSphszul
2025-10-20 20:51:20.689 74 INFO cinder.api.openstack.wsgi [None req-c74c367e-2fb0-438a-be83-bbffd181b612 36172841834d48189bc682b8e3a8dff4 fc05dcf35b5d41af85c4c0810ef1b381 - - default default] GET http://[LB_IP_ADDRESS]:8776/v3/fc05dcf35b5d41af85c4c0810ef1b381/volumes/7f569e5d-1ff9-4299-b7d5-863ec8b32ecb
2025-10-20 20:51:20.706 74 INFO cinder.volume.api [None req-c74c367e-2fb0-438a-be83-bbffd181b612 36172841834d48189bc682b8e3a8dff4 fc05dcf35b5d41af85c4c0810ef1b381 - - default default] Volume info retrieved successfully.
2025-10-20 20:51:20.723 74 INFO cinder.api.openstack.wsgi [None req-c74c367e-2fb0-438a-be83-bbffd181b612 36172841834d48189bc682b8e3a8dff4 fc05dcf35b5d41af85c4c0810ef1b381 - - default default] http://[LB_IP_ADDRESS]:8776/v3/fc05dcf35b5d41af85c4c0810ef1b381/volumes/7f569e5d-1ff9-4299-b7d5-863ec8b32ecb returned with HTTP 200
2025-10-20 20:51:20.741 73 INFO cinder.api.openstack.wsgi [None req-3f9595c0-5d1c-4c6d-b395-74e860b9ca60 36172841834d48189bc682b8e3a8dff4 fc05dcf35b5d41af85c4c0810ef1b381 - - default default] POST http://[LB_IP_ADDRESS]:8776/v3/fc05dcf35b5d41af85c4c0810ef1b381/group_snapshots
2025-10-20 20:51:20.755 73 INFO cinder.api.v3.group_snapshots [None req-3f9595c0-5d1c-4c6d-b395-74e860b9ca60 36172841834d48189bc682b8e3a8dff4 fc05dcf35b5d41af85c4c0810ef1b381 - - default default] Creating group_snapshot tempest-group_snapshot-1582715497.
2025-10-20 20:51:20.811 73 WARNING cinder.quota [None req-3f9595c0-5d1c-4c6d-b395-74e860b9ca60 36172841834d48189bc682b8e3a8dff4 fc05dcf35b5d41af85c4c0810ef1b381 - - default default] Deprecated: Default quota for resource: gigabytes_tempest-GroupSnapshotsTest-volume-type-917937420 is set by the default quota flag: quota_gigabytes_tempest-GroupSnapshotsTest-volume-type-917937420, it is now deprecated. Please use the default quota class for default quota.
2025-10-20 20:51:20.812 73 WARNING cinder.quota [None req-3f9595c0-5d1c-4c6d-b395-74e860b9ca60 36172841834d48189bc682b8e3a8dff4 fc05dcf35b5d41af85c4c0810ef1b381 - - default default] Deprecated: Default quota for resource: snapshots_tempest-GroupSnapshotsTest-volume-type-917937420 is set by the default quota flag: quota_snapshots_tempest-GroupSnapshotsTest-volume-type-917937420, it is now deprecated. Please use the default quota class for default quota.
2025-10-20 20:51:20.850 76 INFO cinder.api.openstack.wsgi [None req-c749382f-0039-4d4f-88cc-9eb7667a632d 2c3d7cd7605b4ffcabf6ecd2a9fcc735 3ff44332e212436494455ecb3511b656 - - default default] GET http://[LB_IP_ADDRESS]:8776/v3/3ff44332e212436494455ecb3511b656/group_snapshots/81395b07-fdd0-4c72-8c42-5a1cdb5334a0
2025-10-20 20:51:20.862 76 INFO cinder.api.openstack.wsgi [None req-c749382f-0039-4d4f-88cc-9eb7667a632d 2c3d7cd7605b4ffcabf6ecd2a9fcc735 3ff44332e212436494455ecb3511b656 - - default default] http://[LB_IP_ADDRESS]:8776/v3/3ff44332e212436494455ecb3511b656/group_snapshots/81395b07-fdd0-4c72-8c42-5a1cdb5334a0 returned with HTTP 200
2025-10-20 20:51:20.872 75 INFO cinder.api.openstack.wsgi [None req-8d188f6a-46c6-4a54-8294-1a16c813e2dc 2c3d7cd7605b4ffcabf6ecd2a9fcc735 3ff44332e212436494455ecb3511b656 - - default default] GET http://[LB_IP_ADDRESS]:8776/v3/3ff44332e212436494455ecb3511b656/snapshots/detail
2025-10-20 20:51:20.878 75 INFO cinder.volume.api [None req-8d188f6a-46c6-4a54-8294-1a16c813e2dc 2c3d7cd7605b4ffcabf6ecd2a9fcc735 3ff44332e212436494455ecb3511b656 - - default default] Get all snapshots completed successfully.
2025-10-20 20:51:20.879 73 INFO cinder.api.openstack.wsgi [None req-3f9595c0-5d1c-4c6d-b395-74e860b9ca60 36172841834d48189bc682b8e3a8dff4 fc05dcf35b5d41af85c4c0810ef1b381 - - default default] http://[LB_IP_ADDRESS]:8776/v3/fc05dcf35b5d41af85c4c0810ef1b381/group_snapshots returned with HTTP 202
2025-10-20 20:51:20.879 75 INFO cinder.api.openstack.wsgi [None req-8d188f6a-46c6-4a54-8294-1a16c813e2dc 2c3d7cd7605b4ffcabf6ecd2a9fcc735 3ff44332e212436494455ecb3511b656 - - default default] http://[LB_IP_ADDRESS]:8776/v3/3ff44332e212436494455ecb3511b656/snapshots/detail returned with HTTP 200
2025-10-20 20:51:20.893 74 INFO cinder.api.openstack.wsgi [None req-691cb397-ff0a-457f-962e-7b6142567d3b 36172841834d48189bc682b8e3a8dff4 fc05dcf35b5d41af85c4c0810ef1b381 - - default default] GET http://[LB_IP_ADDRESS]:8776/v3/fc05dcf35b5d41af85c4c0810ef1b381/group_snapshots/480d0e8d-71da-4d79-8fa5-5c9abffa3655
2025-10-20 20:51:20.893 76 INFO cinder.api.openstack.wsgi [None req-218a009a-33bf-48cf-b9e7-a3e6a5423cec 2c3d7cd7605b4ffcabf6ecd2a9fcc735 3ff44332e212436494455ecb3511b656 - - default default] GET http://[LB_IP_ADDRESS]:8776/v3/3ff44332e212436494455ecb3511b656/snapshots/b6ceb0e5-2ad0-471f-bf32-8821b8ef111c
2025-10-20 20:51:20.900 76 INFO cinder.volume.api [None req-218a009a-33bf-48cf-b9e7-a3e6a5423cec 2c3d7cd7605b4ffcabf6ecd2a9fcc735 3ff44332e212436494455ecb3511b656 - - default default] Snapshot retrieved successfully.
2025-10-20 20:51:20.902 76 INFO cinder.api.openstack.wsgi [None req-218a009a-33bf-48cf-b9e7-a3e6a5423cec 2c3d7cd7605b4ffcabf6ecd2a9fcc735 3ff44332e212436494455ecb3511b656 - - default default] http://[LB_IP_ADDRESS]:8776/v3/3ff44332e212436494455ecb3511b656/snapshots/b6ceb0e5-2ad0-471f-bf32-8821b8ef111c returned with HTTP 200
2025-10-20 20:51:20.908 74 INFO cinder.api.openstack.wsgi [None req-691cb397-ff0a-457f-962e-7b6142567d3b 36172841834d48189bc682b8e3a8dff4 fc05dcf35b5d41af85c4c0810ef1b381 - - default default] http://[LB_IP_ADDRESS]:8776/v3/fc05dcf35b5d41af85c4c0810ef1b381/group_snapshots/480d0e8d-71da-4d79-8fa5-5c9abffa3655 returned with HTTP 200
2025-10-20 20:51:20.913 75 INFO cinder.api.openstack.wsgi [None req-4223a234-2ea8-40db-b1f0-11f39f28ba29 9aed867ea4a741d596f30cc97b21bf81 df87d72bc6cc4903aef6d9a9994e42a6 - - default default] POST http://[LB_IP_ADDRESS]:8776/v3/df87d72bc6cc4903aef6d9a9994e42a6/group_snapshots/81395b07-fdd0-4c72-8c42-5a1cdb5334a0/action
2025-10-20 20:51:20.921 72 INFO cinder.api.openstack.wsgi [None req-0a3095ba-df47-46ec-b4ea-3619ea0a343a c968b9d0feeb492c981b9cf7af88bc22 4f35ae54eab3411da6f82fdf50b63563 - - default default] http://[LB_IP_ADDRESS]:8776/v3/4f35ae54eab3411da6f82fdf50b63563/capabilities/rack05-server66@LIGHTOSphszul returned with HTTP 200
2025-10-20 20:51:20.923 75 INFO cinder.api.openstack.wsgi [None req-4223a234-2ea8-40db-b1f0-11f39f28ba29 9aed867ea4a741d596f30cc97b21bf81 df87d72bc6cc4903aef6d9a9994e42a6 - - default default] http://[LB_IP_ADDRESS]:8776/v3/df87d72bc6cc4903aef6d9a9994e42a6/group_snapshots/81395b07-fdd0-4c72-8c42-5a1cdb5334a0/action returned with HTTP 202
2025-10-20 20:51:20.936 73 INFO cinder.api.openstack.wsgi [None req-eee350ce-d340-48c1-9df6-f48b6d1a60a5 2c3d7cd7605b4ffcabf6ecd2a9fcc735 3ff44332e212436494455ecb3511b656 - - default default] GET http://[LB_IP_ADDRESS]:8776/v3/3ff44332e212436494455ecb3511b656/group_snapshots/81395b07-fdd0-4c72-8c42-5a1cdb5334a0
2025-10-20 20:51:20.948 73 INFO cinder.api.openstack.wsgi [None req-eee350ce-d340-48c1-9df6-f48b6d1a60a5 2c3d7cd7605b4ffcabf6ecd2a9fcc735 3ff44332e212436494455ecb3511b656 - - default default] http://[LB_IP_ADDRESS]:8776/v3/3ff44332e212436494455ecb3511b656/group_snapshots/81395b07-fdd0-4c72-8c42-5a1cdb5334a0 returned with HTTP 200
2025-10-20 20:51:20.964 76 INFO cinder.api.openstack.wsgi [None req-b83a020c-6c19-4b14-b77a-175b4eb29fbc 9aed867ea4a741d596f30cc97b21bf81 df87d72bc6cc4903aef6d9a9994e42a6 - - default default] POST http://[LB_IP_ADDRESS]:8776/v3/df87d72bc6cc4903aef6d9a9994e42a6/group_snapshots/81395b07-fdd0-4c72-8c42-5a1cdb5334a0/action
2025-10-20 20:51:20.978 76 INFO cinder.api.openstack.wsgi [None req-b83a020c-6c19-4b14-b77a-175b4eb29fbc 9aed867ea4a741d596f30cc97b21bf81 df87d72bc6cc4903aef6d9a9994e42a6 - - default default] http://[LB_IP_ADDRESS]:8776/v3/df87d72bc6cc4903aef6d9a9994e42a6/group_snapshots/81395b07-fdd0-4c72-8c42-5a1cdb5334a0/action returned with HTTP 202
2025-10-20 20:51:20.991 74 INFO cinder.api.openstack.wsgi [None req-abdf537d-4eb4-4378-96eb-7de80e3c6c65 2c3d7cd7605b4ffcabf6ecd2a9fcc735 3ff44332e212436494455ecb3511b656 - - default default] GET http://[LB_IP_ADDRESS]:8776/v3/3ff44332e212436494455ecb3511b656/group_snapshots/81395b07-fdd0-4c72-8c42-5a1cdb5334a0
2025-10-20 20:51:21.003 74 INFO cinder.api.openstack.wsgi [None req-abdf537d-4eb4-4378-96eb-7de80e3c6c65 2c3d7cd7605b4ffcabf6ecd2a9fcc735 3ff44332e212436494455ecb3511b656 - - default default] http://[LB_IP_ADDRESS]:8776/v3/3ff44332e212436494455ecb3511b656/group_snapshots/81395b07-fdd0-4c72-8c42-5a1cdb5334a0 returned with HTTP 200
2025-10-20 20:51:21.018 72 INFO cinder.api.openstack.wsgi [None req-f6f2cb5a-2bf6-4e2d-a3bc-92365202f310 9aed867ea4a741d596f30cc97b21bf81 df87d72bc6cc4903aef6d9a9994e42a6 - - default default] POST http://[LB_IP_ADDRESS]:8776/v3/df87d72bc6cc4903aef6d9a9994e42a6/group_snapshots/81395b07-fdd0-4c72-8c42-5a1cdb5334a0/action
2025-10-20 20:51:21.034 72 INFO cinder.api.openstack.wsgi [None req-f6f2cb5a-2bf6-4e2d-a3bc-92365202f310 9aed867ea4a741d596f30cc97b21bf81 df87d72bc6cc4903aef6d9a9994e42a6 - - default default] http://[LB_IP_ADDRESS]:8776/v3/df87d72bc6cc4903aef6d9a9994e42a6/group_snapshots/81395b07-fdd0-4c72-8c42-5a1cdb5334a0/action returned with HTTP 202
2025-10-20 20:51:21.046 75 INFO cinder.api.openstack.wsgi [None req-69dcfaf3-c208-42e7-8df6-ed8d5c09542b 2c3d7cd7605b4ffcabf6ecd2a9fcc735 3ff44332e212436494455ecb3511b656 - - default default] GET http://[LB_IP_ADDRESS]:8776/v3/3ff44332e212436494455ecb3511b656/group_snapshots/81395b07-fdd0-4c72-8c42-5a1cdb5334a0
2025-10-20 20:51:21.060 75 INFO cinder.api.openstack.wsgi [None req-69dcfaf3-c208-42e7-8df6-ed8d5c09542b 2c3d7cd7605b4ffcabf6ecd2a9fcc735 3ff44332e212436494455ecb3511b656 - - default default] http://[LB_IP_ADDRESS]:8776/v3/3ff44332e212436494455ecb3511b656/group_snapshots/81395b07-fdd0-4c72-8c42-5a1cdb5334a0 returned with HTTP 200
2025-10-20 20:51:21.070 73 INFO cinder.api.openstack.wsgi [None req-8323b0c6-5f41-4eb9-b00b-c08477689307 9aed867ea4a741d596f30cc97b21bf81 df87d72bc6cc4903aef6d9a9994e42a6 - - default default] POST http://[LB_IP_ADDRESS]:8776/v3/df87d72bc6cc4903aef6d9a9994e42a6/group_snapshots/81395b07-fdd0-4c72-8c42-5a1cdb5334a0/action
2025-10-20 20:51:21.081 73 INFO cinder.api.openstack.wsgi [None req-8323b0c6-5f41-4eb9-b00b-c08477689307 9aed867ea4a741d596f30cc97b21bf81 df87d72bc6cc4903aef6d9a9994e42a6 - - default default] http://[LB_IP_ADDRESS]:8776/v3/df87d72bc6cc4903aef6d9a9994e42a6/group_snapshots/81395b07-fdd0-4c72-8c42-5a1cdb5334a0/action returned with HTTP 202
2025-10-20 20:51:21.088 76 INFO cinder.api.openstack.wsgi [None req-1b4b8ff2-ab1c-4ebf-82dd-48cadd83e1cb 2c3d7cd7605b4ffcabf6ecd2a9fcc735 3ff44332e212436494455ecb3511b656 - - default default] GET http://[LB_IP_ADDRESS]:8776/v3/3ff44332e212436494455ecb3511b656/group_snapshots/81395b07-fdd0-4c72-8c42-5a1cdb5334a0
2025-10-20 20:51:21.097 76 INFO cinder.api.openstack.wsgi [None req-1b4b8ff2-ab1c-4ebf-82dd-48cadd83e1cb 2c3d7cd7605b4ffcabf6ecd2a9fcc735 3ff44332e212436494455ecb3511b656 - - default default] http://[LB_IP_ADDRESS]:8776/v3/3ff44332e212436494455ecb3511b656/group_snapshots/81395b07-fdd0-4c72-8c42-5a1cdb5334a0 returned with HTTP 200
2025-10-20 20:51:21.112 74 INFO cinder.api.openstack.wsgi [None req-dee91656-5024-4619-bee6-4348ce43e556 2c3d7cd7605b4ffcabf6ecd2a9fcc735 3ff44332e212436494455ecb3511b656 - - default default] DELETE http://[LB_IP_ADDRESS]:8776/v3/3ff44332e212436494455ecb3511b656/group_snapshots/81395b07-fdd0-4c72-8c42-5a1cdb5334a0
2025-10-20 20:51:21.113 74 INFO cinder.api.v3.group_snapshots [None req-dee91656-5024-4619-bee6-4348ce43e556 2c3d7cd7605b4ffcabf6ecd2a9fcc735 3ff44332e212436494455ecb3511b656 - - default default] Delete group_snapshot with id: 81395b07-fdd0-4c72-8c42-5a1cdb5334a0
2025-10-20 20:51:21.144 74 INFO cinder.api.openstack.wsgi [None req-dee91656-5024-4619-bee6-4348ce43e556 2c3d7cd7605b4ffcabf6ecd2a9fcc735 3ff44332e212436494455ecb3511b656 - - default default] http://[LB_IP_ADDRESS]:8776/v3/3ff44332e212436494455ecb3511b656/group_snapshots/81395b07-fdd0-4c72-8c42-5a1cdb5334a0 returned with HTTP 202
2025-10-20 20:51:21.156 72 INFO cinder.api.openstack.wsgi [None req-23b30887-31e4-4844-a454-abd2cd081c9d 2c3d7cd7605b4ffcabf6ecd2a9fcc735 3ff44332e212436494455ecb3511b656 - - default default] GET http://[LB_IP_ADDRESS]:8776/v3/3ff44332e212436494455ecb3511b656/volumes/detail
2025-10-20 20:51:21.176 72 INFO cinder.volume.api [None req-23b30887-31e4-4844-a454-abd2cd081c9d 2c3d7cd7605b4ffcabf6ecd2a9fcc735 3ff44332e212436494455ecb3511b656 - - default default] Get all volumes completed successfully.
2025-10-20 20:51:21.192 72 INFO cinder.api.openstack.wsgi [None req-23b30887-31e4-4844-a454-abd2cd081c9d 2c3d7cd7605b4ffcabf6ecd2a9fcc735 3ff44332e212436494455ecb3511b656 - - default default] http://[LB_IP_ADDRESS]:8776/v3/3ff44332e212436494455ecb3511b656/volumes/detail returned with HTTP 200
2025-10-20 20:51:21.214 75 INFO cinder.api.openstack.wsgi [None req-d321eb9f-8d02-48e6-b82b-cad4ba1f62bd 2c3d7cd7605b4ffcabf6ecd2a9fcc735 3ff44332e212436494455ecb3511b656 - - default default] GET http://[LB_IP_ADDRESS]:8776/v3/3ff44332e212436494455ecb3511b656/snapshots/detail
2025-10-20 20:51:21.221 75 INFO cinder.volume.api [None req-d321eb9f-8d02-48e6-b82b-cad4ba1f62bd 2c3d7cd7605b4ffcabf6ecd2a9fcc735 3ff44332e212436494455ecb3511b656 - - default default] Get all snapshots completed successfully.
2025-10-20 20:51:21.223 75 INFO cinder.api.openstack.wsgi [None req-d321eb9f-8d02-48e6-b82b-cad4ba1f62bd 2c3d7cd7605b4ffcabf6ecd2a9fcc735 3ff44332e212436494455ecb3511b656 - - default default] http://[LB_IP_ADDRESS]:8776/v3/3ff44332e212436494455ecb3511b656/snapshots/detail returned with HTTP 200
2025-10-20 20:51:21.234 73 INFO cinder.api.openstack.wsgi [None req-1496800a-64d9-4265-8f24-1fe28886816d 2c3d7cd7605b4ffcabf6ecd2a9fcc735 3ff44332e212436494455ecb3511b656 - - default default] GET http://[LB_IP_ADDRESS]:8776/v3/3ff44332e212436494455ecb3511b656/snapshots/b6ceb0e5-2ad0-471f-bf32-8821b8ef111c
2025-10-20 20:51:21.241 73 INFO cinder.volume.api [None req-1496800a-64d9-4265-8f24-1fe28886816d 2c3d7cd7605b4ffcabf6ecd2a9fcc735 3ff44332e212436494455ecb3511b656 - - default default] Snapshot retrieved successfully.
2025-10-20 20:51:21.242 73 INFO cinder.api.openstack.wsgi [None req-1496800a-64d9-4265-8f24-1fe28886816d 2c3d7cd7605b4ffcabf6ecd2a9fcc735 3ff44332e212436494455ecb3511b656 - - default default] http://[LB_IP_ADDRESS]:8776/v3/3ff44332e212436494455ecb3511b656/snapshots/b6ceb0e5-2ad0-471f-bf32-8821b8ef111c returned with HTTP 200
2025-10-20 20:51:21.922 76 INFO cinder.api.openstack.wsgi [None req-b73f7b5e-e961-49b7-b35b-427a599e7268 36172841834d48189bc682b8e3a8dff4 fc05dcf35b5d41af85c4c0810ef1b381 - - default default] GET http://[LB_IP_ADDRESS]:8776/v3/fc05dcf35b5d41af85c4c0810ef1b381/group_snapshots/480d0e8d-71da-4d79-8fa5-5c9abffa3655
2025-10-20 20:51:21.935 76 INFO cinder.api.openstack.wsgi [None req-b73f7b5e-e961-49b7-b35b-427a599e7268 36172841834d48189bc682b8e3a8dff4 fc05dcf35b5d41af85c4c0810ef1b381 - - default default] http://[LB_IP_ADDRESS]:8776/v3/fc05dcf35b5d41af85c4c0810ef1b381/group_snapshots/480d0e8d-71da-4d79-8fa5-5c9abffa3655 returned with HTTP 200
2025-10-20 20:51:22.258 74 INFO cinder.api.openstack.wsgi [None req-785990f4-d123-4fff-93f6-4eb34b8f8470 2c3d7cd7605b4ffcabf6ecd2a9fcc735 3ff44332e212436494455ecb3511b656 - - default default] GET http://[LB_IP_ADDRESS]:8776/v3/3ff44332e212436494455ecb3511b656/snapshots/b6ceb0e5-2ad0-471f-bf32-8821b8ef111c
2025-10-20 20:51:22.266 74 INFO cinder.api.openstack.wsgi [None req-785990f4-d123-4fff-93f6-4eb34b8f8470 2c3d7cd7605b4ffcabf6ecd2a9fcc735 3ff44332e212436494455ecb3511b656 - - default default] http://[LB_IP_ADDRESS]:8776/v3/3ff44332e212436494455ecb3511b656/snapshots/b6ceb0e5-2ad0-471f-bf32-8821b8ef111c returned with HTTP 404
2025-10-20 20:51:22.279 72 INFO cinder.api.openstack.wsgi [None req-b5311ecc-7ca2-4891-9d37-7973a31b55f5 2c3d7cd7605b4ffcabf6ecd2a9fcc735 3ff44332e212436494455ecb3511b656 - - default default] GET http://[LB_IP_ADDRESS]:8776/v3/3ff44332e212436494455ecb3511b656/group_snapshots/81395b07-fdd0-4c72-8c42-5a1cdb5334a0
2025-10-20 20:51:22.284 72 INFO cinder.api.openstack.wsgi [None req-b5311ecc-7ca2-4891-9d37-7973a31b55f5 2c3d7cd7605b4ffcabf6ecd2a9fcc735 3ff44332e212436494455ecb3511b656 - - default default] http://[LB_IP_ADDRESS]:8776/v3/3ff44332e212436494455ecb3511b656/group_snapshots/81395b07-fdd0-4c72-8c42-5a1cdb5334a0 returned with HTTP 404
2025-10-20 20:51:22.296 75 INFO cinder.api.openstack.wsgi [None req-8f4eeab6-d6f0-45a5-8378-c242d86648b5 2c3d7cd7605b4ffcabf6ecd2a9fcc735 3ff44332e212436494455ecb3511b656 - - default default] GET http://[LB_IP_ADDRESS]:8776/v3/3ff44332e212436494455ecb3511b656/volumes/detail
2025-10-20 20:51:22.311 75 INFO cinder.volume.api [None req-8f4eeab6-d6f0-45a5-8378-c242d86648b5 2c3d7cd7605b4ffcabf6ecd2a9fcc735 3ff44332e212436494455ecb3511b656 - - default default] Get all volumes completed successfully.
2025-10-20 20:51:22.330 75 INFO cinder.api.openstack.wsgi [None req-8f4eeab6-d6f0-45a5-8378-c242d86648b5 2c3d7cd7605b4ffcabf6ecd2a9fcc735 3ff44332e212436494455ecb3511b656 - - default default] http://[LB_IP_ADDRESS]:8776/v3/3ff44332e212436494455ecb3511b656/volumes/detail returned with HTTP 200
2025-10-20 20:51:22.351 73 INFO cinder.api.openstack.wsgi [None req-945585b7-1885-4b8b-a4f5-361899618c85 2c3d7cd7605b4ffcabf6ecd2a9fcc735 3ff44332e212436494455ecb3511b656 - - default default] POST http://[LB_IP_ADDRESS]:8776/v3/3ff44332e212436494455ecb3511b656/groups/bcebe330-7071-44c6-8f22-032579a779f1/action
2025-10-20 20:51:22.355 73 INFO cinder.api.v3.groups [None req-945585b7-1885-4b8b-a4f5-361899618c85 2c3d7cd7605b4ffcabf6ecd2a9fcc735 3ff44332e212436494455ecb3511b656 - - default default] Delete group with id: bcebe330-7071-44c6-8f22-032579a779f1
2025-10-20 20:51:22.403 73 INFO cinder.api.openstack.wsgi [None req-945585b7-1885-4b8b-a4f5-361899618c85 2c3d7cd7605b4ffcabf6ecd2a9fcc735 3ff44332e212436494455ecb3511b656 - - default default] http://[LB_IP_ADDRESS]:8776/v3/3ff44332e212436494455ecb3511b656/groups/bcebe330-7071-44c6-8f22-032579a779f1/action returned with HTTP 202
2025-10-20 20:51:22.417 76 INFO cinder.api.openstack.wsgi [None req-b72e61a5-a69a-4d24-8b56-9e585d4b711e 2c3d7cd7605b4ffcabf6ecd2a9fcc735 3ff44332e212436494455ecb3511b656 - - default default] GET http://[LB_IP_ADDRESS]:8776/v3/3ff44332e212436494455ecb3511b656/volumes/277b56f2-b328-45b0-85f7-3e9d70dad9ca
2025-10-20 20:51:22.434 76 INFO cinder.volume.api [None req-b72e61a5-a69a-4d24-8b56-9e585d4b711e 2c3d7cd7605b4ffcabf6ecd2a9fcc735 3ff44332e212436494455ecb3511b656 - - default default] Volume info retrieved successfully.
2025-10-20 20:51:22.449 76 INFO cinder.api.openstack.wsgi [None req-b72e61a5-a69a-4d24-8b56-9e585d4b711e 2c3d7cd7605b4ffcabf6ecd2a9fcc735 3ff44332e212436494455ecb3511b656 - - default default] http://[LB_IP_ADDRESS]:8776/v3/3ff44332e212436494455ecb3511b656/volumes/277b56f2-b328-45b0-85f7-3e9d70dad9ca returned with HTTP 200
2025-10-20 20:51:22.948 74 INFO cinder.api.openstack.wsgi [None req-7cd0b07d-237c-476c-9d83-ef363ab28cca 36172841834d48189bc682b8e3a8dff4 fc05dcf35b5d41af85c4c0810ef1b381 - - default default] GET http://[LB_IP_ADDRESS]:8776/v3/fc05dcf35b5d41af85c4c0810ef1b381/group_snapshots/480d0e8d-71da-4d79-8fa5-5c9abffa3655
2025-10-20 20:51:22.962 74 INFO cinder.api.openstack.wsgi [None req-7cd0b07d-237c-476c-9d83-ef363ab28cca 36172841834d48189bc682b8e3a8dff4 fc05dcf35b5d41af85c4c0810ef1b381 - - default default] http://[LB_IP_ADDRESS]:8776/v3/fc05dcf35b5d41af85c4c0810ef1b381/group_snapshots/480d0e8d-71da-4d79-8fa5-5c9abffa3655 returned with HTTP 200
2025-10-20 20:51:22.976 72 INFO cinder.api.openstack.wsgi [None req-6965cb4c-aae1-44c5-876d-ea4e0abdf8ff 36172841834d48189bc682b8e3a8dff4 fc05dcf35b5d41af85c4c0810ef1b381 - - default default] GET http://[LB_IP_ADDRESS]:8776/v3/fc05dcf35b5d41af85c4c0810ef1b381/snapshots/detail
2025-10-20 20:51:22.984 72 INFO cinder.volume.api [None req-6965cb4c-aae1-44c5-876d-ea4e0abdf8ff 36172841834d48189bc682b8e3a8dff4 fc05dcf35b5d41af85c4c0810ef1b381 - - default default] Get all snapshots completed successfully.
2025-10-20 20:51:22.985 72 INFO cinder.api.openstack.wsgi [None req-6965cb4c-aae1-44c5-876d-ea4e0abdf8ff 36172841834d48189bc682b8e3a8dff4 fc05dcf35b5d41af85c4c0810ef1b381 - - default default] http://[LB_IP_ADDRESS]:8776/v3/fc05dcf35b5d41af85c4c0810ef1b381/snapshots/detail returned with HTTP 200
2025-10-20 20:51:23.001 75 INFO cinder.api.openstack.wsgi [None req-8d7d1e84-a1c0-41ae-ac05-930b19def384 36172841834d48189bc682b8e3a8dff4 fc05dcf35b5d41af85c4c0810ef1b381 - - default default] GET http://[LB_IP_ADDRESS]:8776/v3/fc05dcf35b5d41af85c4c0810ef1b381/snapshots/5925173d-d22d-4a07-8b34-af1ff0599267
2025-10-20 20:51:23.011 75 INFO cinder.volume.api [None req-8d7d1e84-a1c0-41ae-ac05-930b19def384 36172841834d48189bc682b8e3a8dff4 fc05dcf35b5d41af85c4c0810ef1b381 - - default default] Snapshot retrieved successfully.
