2026-01-22 10:46:04.019 73 INFO cinder.api.openstack.wsgi [None req-093ef10a-9082-413a-979c-af70ebf68746 b9e7982a95d245fbb8c8afcab71ee4b2 930ce5b0e81a4d0aa10345c9d39da9f4 - - default default] POST http://[LB_IP_ADDRESS]:8776/v3/930ce5b0e81a4d0aa10345c9d39da9f4/snapshots/303997e5-e73d-4bd6-ab99-ec2869143293/action
2026-01-22 10:46:04.030 72 INFO cinder.api.openstack.wsgi [None req-b1b85ec5-1a35-46e3-8c89-ee7518b87d6c 866da4721c984c3a818901d41fc08b7d 48181d9c033f4987805f513fc5f281f3 - - default default] GET http://[LB_IP_ADDRESS]:8776/v3/48181d9c033f4987805f513fc5f281f3/volumes/9d593821-0450-4a09-8eec-6c94ab479c10
2026-01-22 10:46:04.045 72 INFO cinder.volume.api [None req-b1b85ec5-1a35-46e3-8c89-ee7518b87d6c 866da4721c984c3a818901d41fc08b7d 48181d9c033f4987805f513fc5f281f3 - - default default] Volume info retrieved successfully.
2026-01-22 10:46:04.048 73 INFO cinder.api.openstack.wsgi [None req-093ef10a-9082-413a-979c-af70ebf68746 b9e7982a95d245fbb8c8afcab71ee4b2 930ce5b0e81a4d0aa10345c9d39da9f4 - - default default] http://[LB_IP_ADDRESS]:8776/v3/930ce5b0e81a4d0aa10345c9d39da9f4/snapshots/303997e5-e73d-4bd6-ab99-ec2869143293/action returned with HTTP 202
2026-01-22 10:46:04.061 76 INFO cinder.api.openstack.wsgi [None req-27213eca-ac50-4a7b-9045-6ed346cb4201 d76c1d1e61d74f00bd8a7fb5d49dbd5c 83a5eec485cc4ee0ba4b9fa1f8358b04 - - default default] GET http://[LB_IP_ADDRESS]:8776/v3/83a5eec485cc4ee0ba4b9fa1f8358b04/snapshots/303997e5-e73d-4bd6-ab99-ec2869143293
2026-01-22 10:46:04.071 76 INFO cinder.volume.api [None req-27213eca-ac50-4a7b-9045-6ed346cb4201 d76c1d1e61d74f00bd8a7fb5d49dbd5c 83a5eec485cc4ee0ba4b9fa1f8358b04 - - default default] Snapshot retrieved successfully.
2026-01-22 10:46:04.072 76 INFO cinder.api.openstack.wsgi [None req-27213eca-ac50-4a7b-9045-6ed346cb4201 d76c1d1e61d74f00bd8a7fb5d49dbd5c 83a5eec485cc4ee0ba4b9fa1f8358b04 - - default default] http://[LB_IP_ADDRESS]:8776/v3/83a5eec485cc4ee0ba4b9fa1f8358b04/snapshots/303997e5-e73d-4bd6-ab99-ec2869143293 returned with HTTP 200
2026-01-22 10:46:04.078 72 INFO cinder.api.openstack.wsgi [None req-b1b85ec5-1a35-46e3-8c89-ee7518b87d6c 866da4721c984c3a818901d41fc08b7d 48181d9c033f4987805f513fc5f281f3 - - default default] http://[LB_IP_ADDRESS]:8776/v3/48181d9c033f4987805f513fc5f281f3/volumes/9d593821-0450-4a09-8eec-6c94ab479c10 returned with HTTP 200
2026-01-22 10:46:04.088 74 INFO cinder.api.openstack.wsgi [None req-2ca7790a-8187-45fa-931c-5824a4660342 d76c1d1e61d74f00bd8a7fb5d49dbd5c 83a5eec485cc4ee0ba4b9fa1f8358b04 - - default default] DELETE http://[LB_IP_ADDRESS]:8776/v3/83a5eec485cc4ee0ba4b9fa1f8358b04/snapshots/a65dea8b-f6f0-4d91-8eb6-fa292243b89c
2026-01-22 10:46:04.089 74 INFO cinder.api.v2.snapshots [None req-2ca7790a-8187-45fa-931c-5824a4660342 d76c1d1e61d74f00bd8a7fb5d49dbd5c 83a5eec485cc4ee0ba4b9fa1f8358b04 - - default default] Delete snapshot with id: a65dea8b-f6f0-4d91-8eb6-fa292243b89c
2026-01-22 10:46:04.096 74 INFO cinder.api.openstack.wsgi [None req-2ca7790a-8187-45fa-931c-5824a4660342 d76c1d1e61d74f00bd8a7fb5d49dbd5c 83a5eec485cc4ee0ba4b9fa1f8358b04 - - default default] http://[LB_IP_ADDRESS]:8776/v3/83a5eec485cc4ee0ba4b9fa1f8358b04/snapshots/a65dea8b-f6f0-4d91-8eb6-fa292243b89c returned with HTTP 404
2026-01-22 10:46:04.111 75 INFO cinder.api.openstack.wsgi [None req-6d0bfaf9-613e-4398-9624-8508f37e092e b9e7982a95d245fbb8c8afcab71ee4b2 930ce5b0e81a4d0aa10345c9d39da9f4 - - default default] POST http://[LB_IP_ADDRESS]:8776/v3/930ce5b0e81a4d0aa10345c9d39da9f4/snapshots/303997e5-e73d-4bd6-ab99-ec2869143293/action
2026-01-22 10:46:04.135 75 INFO cinder.api.openstack.wsgi [None req-6d0bfaf9-613e-4398-9624-8508f37e092e b9e7982a95d245fbb8c8afcab71ee4b2 930ce5b0e81a4d0aa10345c9d39da9f4 - - default default] http://[LB_IP_ADDRESS]:8776/v3/930ce5b0e81a4d0aa10345c9d39da9f4/snapshots/303997e5-e73d-4bd6-ab99-ec2869143293/action returned with HTTP 202
2026-01-22 10:46:04.147 73 INFO cinder.api.openstack.wsgi [None req-24393200-592b-4eeb-8f0d-5dc81d1b9015 d76c1d1e61d74f00bd8a7fb5d49dbd5c 83a5eec485cc4ee0ba4b9fa1f8358b04 - - default default] GET http://[LB_IP_ADDRESS]:8776/v3/83a5eec485cc4ee0ba4b9fa1f8358b04/snapshots/303997e5-e73d-4bd6-ab99-ec2869143293
2026-01-22 10:46:04.158 73 INFO cinder.volume.api [None req-24393200-592b-4eeb-8f0d-5dc81d1b9015 d76c1d1e61d74f00bd8a7fb5d49dbd5c 83a5eec485cc4ee0ba4b9fa1f8358b04 - - default default] Snapshot retrieved successfully.
2026-01-22 10:46:04.159 73 INFO cinder.api.openstack.wsgi [None req-24393200-592b-4eeb-8f0d-5dc81d1b9015 d76c1d1e61d74f00bd8a7fb5d49dbd5c 83a5eec485cc4ee0ba4b9fa1f8358b04 - - default default] http://[LB_IP_ADDRESS]:8776/v3/83a5eec485cc4ee0ba4b9fa1f8358b04/snapshots/303997e5-e73d-4bd6-ab99-ec2869143293 returned with HTTP 200
2026-01-22 10:46:04.174 76 INFO cinder.api.openstack.wsgi [None req-86400b65-8677-4c66-af77-bbb7dacfeae4 d76c1d1e61d74f00bd8a7fb5d49dbd5c 83a5eec485cc4ee0ba4b9fa1f8358b04 - - default default] POST http://[LB_IP_ADDRESS]:8776/v3/83a5eec485cc4ee0ba4b9fa1f8358b04/snapshots/303997e5-e73d-4bd6-ab99-ec2869143293/action
2026-01-22 10:46:04.186 76 INFO cinder.api.contrib.snapshot_actions [None req-86400b65-8677-4c66-af77-bbb7dacfeae4 d76c1d1e61d74f00bd8a7fb5d49dbd5c 83a5eec485cc4ee0ba4b9fa1f8358b04 - - default default] Updating snapshot 303997e5-e73d-4bd6-ab99-ec2869143293 with info {'id': '303997e5-e73d-4bd6-ab99-ec2869143293', 'status': 'error', 'progress': '80%'}
2026-01-22 10:46:04.190 76 INFO cinder.api.openstack.wsgi [None req-86400b65-8677-4c66-af77-bbb7dacfeae4 d76c1d1e61d74f00bd8a7fb5d49dbd5c 83a5eec485cc4ee0ba4b9fa1f8358b04 - - default default] http://[LB_IP_ADDRESS]:8776/v3/83a5eec485cc4ee0ba4b9fa1f8358b04/snapshots/303997e5-e73d-4bd6-ab99-ec2869143293/action returned with HTTP 202
2026-01-22 10:46:04.204 72 INFO cinder.api.openstack.wsgi [None req-f29b0ab8-cffd-45d0-884f-909c0f30a7d3 b9e7982a95d245fbb8c8afcab71ee4b2 930ce5b0e81a4d0aa10345c9d39da9f4 - - default default] GET http://[LB_IP_ADDRESS]:8776/v3/930ce5b0e81a4d0aa10345c9d39da9f4/snapshots/303997e5-e73d-4bd6-ab99-ec2869143293
2026-01-22 10:46:04.212 72 INFO cinder.volume.api [None req-f29b0ab8-cffd-45d0-884f-909c0f30a7d3 b9e7982a95d245fbb8c8afcab71ee4b2 930ce5b0e81a4d0aa10345c9d39da9f4 - - default default] Snapshot retrieved successfully.
2026-01-22 10:46:04.214 72 INFO cinder.api.openstack.wsgi [None req-f29b0ab8-cffd-45d0-884f-909c0f30a7d3 b9e7982a95d245fbb8c8afcab71ee4b2 930ce5b0e81a4d0aa10345c9d39da9f4 - - default default] http://[LB_IP_ADDRESS]:8776/v3/930ce5b0e81a4d0aa10345c9d39da9f4/snapshots/303997e5-e73d-4bd6-ab99-ec2869143293 returned with HTTP 200
2026-01-22 10:46:04.230 74 INFO cinder.api.openstack.wsgi [None req-4a67639b-0d35-41a4-8afa-3e4fb81e9f64 b9e7982a95d245fbb8c8afcab71ee4b2 930ce5b0e81a4d0aa10345c9d39da9f4 - - default default] POST http://[LB_IP_ADDRESS]:8776/v3/930ce5b0e81a4d0aa10345c9d39da9f4/snapshots/303997e5-e73d-4bd6-ab99-ec2869143293/action
2026-01-22 10:46:04.258 74 INFO cinder.api.openstack.wsgi [None req-4a67639b-0d35-41a4-8afa-3e4fb81e9f64 b9e7982a95d245fbb8c8afcab71ee4b2 930ce5b0e81a4d0aa10345c9d39da9f4 - - default default] http://[LB_IP_ADDRESS]:8776/v3/930ce5b0e81a4d0aa10345c9d39da9f4/snapshots/303997e5-e73d-4bd6-ab99-ec2869143293/action returned with HTTP 202
2026-01-22 10:46:04.271 75 INFO cinder.api.openstack.wsgi [None req-eccc2282-9185-4488-8b41-06c30d298efc d76c1d1e61d74f00bd8a7fb5d49dbd5c 83a5eec485cc4ee0ba4b9fa1f8358b04 - - default default] GET http://[LB_IP_ADDRESS]:8776/v3/83a5eec485cc4ee0ba4b9fa1f8358b04/snapshots/303997e5-e73d-4bd6-ab99-ec2869143293
2026-01-22 10:46:04.281 75 INFO cinder.volume.api [None req-eccc2282-9185-4488-8b41-06c30d298efc d76c1d1e61d74f00bd8a7fb5d49dbd5c 83a5eec485cc4ee0ba4b9fa1f8358b04 - - default default] Snapshot retrieved successfully.
2026-01-22 10:46:04.282 75 INFO cinder.api.openstack.wsgi [None req-eccc2282-9185-4488-8b41-06c30d298efc d76c1d1e61d74f00bd8a7fb5d49dbd5c 83a5eec485cc4ee0ba4b9fa1f8358b04 - - default default] http://[LB_IP_ADDRESS]:8776/v3/83a5eec485cc4ee0ba4b9fa1f8358b04/snapshots/303997e5-e73d-4bd6-ab99-ec2869143293 returned with HTTP 200
2026-01-22 10:46:04.299 73 INFO cinder.api.openstack.wsgi [None req-4b72db34-7bb3-463d-a817-c6d4529277f4 d76c1d1e61d74f00bd8a7fb5d49dbd5c 83a5eec485cc4ee0ba4b9fa1f8358b04 - - default default] DELETE http://[LB_IP_ADDRESS]:8776/v3/83a5eec485cc4ee0ba4b9fa1f8358b04/snapshots/303997e5-e73d-4bd6-ab99-ec2869143293
2026-01-22 10:46:04.300 73 INFO cinder.api.v2.snapshots [None req-4b72db34-7bb3-463d-a817-c6d4529277f4 d76c1d1e61d74f00bd8a7fb5d49dbd5c 83a5eec485cc4ee0ba4b9fa1f8358b04 - - default default] Delete snapshot with id: 303997e5-e73d-4bd6-ab99-ec2869143293
2026-01-22 10:46:04.309 73 INFO cinder.volume.api [None req-4b72db34-7bb3-463d-a817-c6d4529277f4 d76c1d1e61d74f00bd8a7fb5d49dbd5c 83a5eec485cc4ee0ba4b9fa1f8358b04 - - default default] Snapshot retrieved successfully.
2026-01-22 10:46:04.328 73 INFO cinder.volume.api [None req-4b72db34-7bb3-463d-a817-c6d4529277f4 d76c1d1e61d74f00bd8a7fb5d49dbd5c 83a5eec485cc4ee0ba4b9fa1f8358b04 - - default default] Snapshot delete request issued successfully.
2026-01-22 10:46:04.329 73 INFO cinder.api.openstack.wsgi [None req-4b72db34-7bb3-463d-a817-c6d4529277f4 d76c1d1e61d74f00bd8a7fb5d49dbd5c 83a5eec485cc4ee0ba4b9fa1f8358b04 - - default default] http://[LB_IP_ADDRESS]:8776/v3/83a5eec485cc4ee0ba4b9fa1f8358b04/snapshots/303997e5-e73d-4bd6-ab99-ec2869143293 returned with HTTP 202
2026-01-22 10:46:04.341 76 INFO cinder.api.openstack.wsgi [None req-3289452e-bc8a-453d-94d7-7f555809b8f9 d76c1d1e61d74f00bd8a7fb5d49dbd5c 83a5eec485cc4ee0ba4b9fa1f8358b04 - - default default] GET http://[LB_IP_ADDRESS]:8776/v3/83a5eec485cc4ee0ba4b9fa1f8358b04/snapshots/303997e5-e73d-4bd6-ab99-ec2869143293
2026-01-22 10:46:04.355 76 INFO cinder.volume.api [None req-3289452e-bc8a-453d-94d7-7f555809b8f9 d76c1d1e61d74f00bd8a7fb5d49dbd5c 83a5eec485cc4ee0ba4b9fa1f8358b04 - - default default] Snapshot retrieved successfully.
2026-01-22 10:46:04.357 76 INFO cinder.api.openstack.wsgi [None req-3289452e-bc8a-453d-94d7-7f555809b8f9 d76c1d1e61d74f00bd8a7fb5d49dbd5c 83a5eec485cc4ee0ba4b9fa1f8358b04 - - default default] http://[LB_IP_ADDRESS]:8776/v3/83a5eec485cc4ee0ba4b9fa1f8358b04/snapshots/303997e5-e73d-4bd6-ab99-ec2869143293 returned with HTTP 200
2026-01-22 10:46:05.100 72 INFO cinder.api.openstack.wsgi [None req-f03a82c3-c812-4c2c-81bb-c9e0b6f64c23 866da4721c984c3a818901d41fc08b7d 48181d9c033f4987805f513fc5f281f3 - - default default] GET http://[LB_IP_ADDRESS]:8776/v3/48181d9c033f4987805f513fc5f281f3/volumes/9d593821-0450-4a09-8eec-6c94ab479c10
2026-01-22 10:46:05.110 72 INFO cinder.api.openstack.wsgi [None req-f03a82c3-c812-4c2c-81bb-c9e0b6f64c23 866da4721c984c3a818901d41fc08b7d 48181d9c033f4987805f513fc5f281f3 - - default default] http://[LB_IP_ADDRESS]:8776/v3/48181d9c033f4987805f513fc5f281f3/volumes/9d593821-0450-4a09-8eec-6c94ab479c10 returned with HTTP 404
2026-01-22 10:46:05.120 74 INFO cinder.api.openstack.wsgi [None req-aef5ddad-a54e-4eb3-8a2c-63e03d93d957 866da4721c984c3a818901d41fc08b7d 48181d9c033f4987805f513fc5f281f3 - - default default] GET http://[LB_IP_ADDRESS]:8776/v3/48181d9c033f4987805f513fc5f281f3/groups/7c04e00a-f89d-4960-a841-11315420d56c
2026-01-22 10:46:05.123 74 INFO cinder.api.openstack.wsgi [None req-aef5ddad-a54e-4eb3-8a2c-63e03d93d957 866da4721c984c3a818901d41fc08b7d 48181d9c033f4987805f513fc5f281f3 - - default default] http://[LB_IP_ADDRESS]:8776/v3/48181d9c033f4987805f513fc5f281f3/groups/7c04e00a-f89d-4960-a841-11315420d56c returned with HTTP 404
2026-01-22 10:46:05.135 75 INFO cinder.api.openstack.wsgi [None req-bf2aaff8-0cf3-4596-a31d-9dbb65efd391 95b1f5a2cbf64ca084604d6e3fb75ca1 400f27a1d6bf4cd392eadf411c2c0b20 - - default default] DELETE http://[LB_IP_ADDRESS]:8776/v3/400f27a1d6bf4cd392eadf411c2c0b20/group_types/4533b43f-8d2d-4db8-b1bc-c4479b72b92f
2026-01-22 10:46:05.153 75 INFO cinder.api.openstack.wsgi [None req-bf2aaff8-0cf3-4596-a31d-9dbb65efd391 95b1f5a2cbf64ca084604d6e3fb75ca1 400f27a1d6bf4cd392eadf411c2c0b20 - - default default] http://[LB_IP_ADDRESS]:8776/v3/400f27a1d6bf4cd392eadf411c2c0b20/group_types/4533b43f-8d2d-4db8-b1bc-c4479b72b92f returned with HTTP 202
2026-01-22 10:46:05.165 73 INFO cinder.api.openstack.wsgi [None req-2197a87d-23df-44d0-ade2-c1548bd9d589 95b1f5a2cbf64ca084604d6e3fb75ca1 400f27a1d6bf4cd392eadf411c2c0b20 - - default default] DELETE http://[LB_IP_ADDRESS]:8776/v3/400f27a1d6bf4cd392eadf411c2c0b20/types/3518a46f-74c3-48a9-81f0-0667880bfd64
2026-01-22 10:46:05.218 73 INFO cinder.api.openstack.wsgi [None req-2197a87d-23df-44d0-ade2-c1548bd9d589 95b1f5a2cbf64ca084604d6e3fb75ca1 400f27a1d6bf4cd392eadf411c2c0b20 - - default default] http://[LB_IP_ADDRESS]:8776/v3/400f27a1d6bf4cd392eadf411c2c0b20/types/3518a46f-74c3-48a9-81f0-0667880bfd64 returned with HTTP 202
2026-01-22 10:46:05.230 76 INFO cinder.api.openstack.wsgi [None req-2a9abce1-e5e7-4673-860c-44137ebb4730 95b1f5a2cbf64ca084604d6e3fb75ca1 400f27a1d6bf4cd392eadf411c2c0b20 - - default default] GET http://[LB_IP_ADDRESS]:8776/v3/400f27a1d6bf4cd392eadf411c2c0b20/types/3518a46f-74c3-48a9-81f0-0667880bfd64
2026-01-22 10:46:05.235 76 INFO cinder.api.openstack.wsgi [None req-2a9abce1-e5e7-4673-860c-44137ebb4730 95b1f5a2cbf64ca084604d6e3fb75ca1 400f27a1d6bf4cd392eadf411c2c0b20 - - default default] http://[LB_IP_ADDRESS]:8776/v3/400f27a1d6bf4cd392eadf411c2c0b20/types/3518a46f-74c3-48a9-81f0-0667880bfd64 returned with HTTP 404
2026-01-22 10:46:05.373 72 INFO cinder.api.openstack.wsgi [None req-99337b5a-e44e-4ab5-b938-7fb181c4a752 d76c1d1e61d74f00bd8a7fb5d49dbd5c 83a5eec485cc4ee0ba4b9fa1f8358b04 - - default default] GET http://[LB_IP_ADDRESS]:8776/v3/83a5eec485cc4ee0ba4b9fa1f8358b04/snapshots/303997e5-e73d-4bd6-ab99-ec2869143293
2026-01-22 10:46:05.380 72 INFO cinder.api.openstack.wsgi [None req-99337b5a-e44e-4ab5-b938-7fb181c4a752 d76c1d1e61d74f00bd8a7fb5d49dbd5c 83a5eec485cc4ee0ba4b9fa1f8358b04 - - default default] http://[LB_IP_ADDRESS]:8776/v3/83a5eec485cc4ee0ba4b9fa1f8358b04/snapshots/303997e5-e73d-4bd6-ab99-ec2869143293 returned with HTTP 404
2026-01-22 10:46:05.392 74 INFO cinder.api.openstack.wsgi [None req-17eeb5e9-f6f9-482a-81f6-5a5e516c0718 d76c1d1e61d74f00bd8a7fb5d49dbd5c 83a5eec485cc4ee0ba4b9fa1f8358b04 - - default default] GET http://[LB_IP_ADDRESS]:8776/v3/83a5eec485cc4ee0ba4b9fa1f8358b04/volumes/686e178f-cc71-4d9e-aeff-25cb5d60b2dd
2026-01-22 10:46:05.408 74 INFO cinder.volume.api [None req-17eeb5e9-f6f9-482a-81f6-5a5e516c0718 d76c1d1e61d74f00bd8a7fb5d49dbd5c 83a5eec485cc4ee0ba4b9fa1f8358b04 - - default default] Volume info retrieved successfully.
2026-01-22 10:46:05.412 74 INFO cinder.api.openstack.wsgi [None req-17eeb5e9-f6f9-482a-81f6-5a5e516c0718 d76c1d1e61d74f00bd8a7fb5d49dbd5c 83a5eec485cc4ee0ba4b9fa1f8358b04 - - default default] http://[LB_IP_ADDRESS]:8776/v3/83a5eec485cc4ee0ba4b9fa1f8358b04/volumes/686e178f-cc71-4d9e-aeff-25cb5d60b2dd returned with HTTP 200
2026-01-22 10:46:05.433 75 INFO cinder.api.openstack.wsgi [None req-08f24d80-6544-4cb8-9bbc-6d27dd563f90 d76c1d1e61d74f00bd8a7fb5d49dbd5c 83a5eec485cc4ee0ba4b9fa1f8358b04 - - default default] DELETE http://[LB_IP_ADDRESS]:8776/v3/83a5eec485cc4ee0ba4b9fa1f8358b04/volumes/686e178f-cc71-4d9e-aeff-25cb5d60b2dd
2026-01-22 10:46:05.434 75 INFO cinder.api.v3.volumes [None req-08f24d80-6544-4cb8-9bbc-6d27dd563f90 d76c1d1e61d74f00bd8a7fb5d49dbd5c 83a5eec485cc4ee0ba4b9fa1f8358b04 - - default default] Delete volume with id: 686e178f-cc71-4d9e-aeff-25cb5d60b2dd 
2026-01-22 10:46:05.445 75 INFO cinder.volume.api [None req-08f24d80-6544-4cb8-9bbc-6d27dd563f90 d76c1d1e61d74f00bd8a7fb5d49dbd5c 83a5eec485cc4ee0ba4b9fa1f8358b04 - - default default] Volume info retrieved successfully.
2026-01-22 10:46:05.461 75 INFO cinder.volume.api [None req-08f24d80-6544-4cb8-9bbc-6d27dd563f90 d76c1d1e61d74f00bd8a7fb5d49dbd5c 83a5eec485cc4ee0ba4b9fa1f8358b04 - - default default] Delete volume request issued successfully.
2026-01-22 10:46:05.461 75 INFO cinder.api.openstack.wsgi [None req-08f24d80-6544-4cb8-9bbc-6d27dd563f90 d76c1d1e61d74f00bd8a7fb5d49dbd5c 83a5eec485cc4ee0ba4b9fa1f8358b04 - - default default] http://[LB_IP_ADDRESS]:8776/v3/83a5eec485cc4ee0ba4b9fa1f8358b04/volumes/686e178f-cc71-4d9e-aeff-25cb5d60b2dd returned with HTTP 202
2026-01-22 10:46:05.473 73 INFO cinder.api.openstack.wsgi [None req-3fec127a-7459-49c0-bbd3-6c7a53fb4461 d76c1d1e61d74f00bd8a7fb5d49dbd5c 83a5eec485cc4ee0ba4b9fa1f8358b04 - - default default] GET http://[LB_IP_ADDRESS]:8776/v3/83a5eec485cc4ee0ba4b9fa1f8358b04/volumes/686e178f-cc71-4d9e-aeff-25cb5d60b2dd
2026-01-22 10:46:05.489 73 INFO cinder.volume.api [None req-3fec127a-7459-49c0-bbd3-6c7a53fb4461 d76c1d1e61d74f00bd8a7fb5d49dbd5c 83a5eec485cc4ee0ba4b9fa1f8358b04 - - default default] Volume info retrieved successfully.
2026-01-22 10:46:05.494 73 INFO cinder.api.openstack.wsgi [None req-3fec127a-7459-49c0-bbd3-6c7a53fb4461 d76c1d1e61d74f00bd8a7fb5d49dbd5c 83a5eec485cc4ee0ba4b9fa1f8358b04 - - default default] http://[LB_IP_ADDRESS]:8776/v3/83a5eec485cc4ee0ba4b9fa1f8358b04/volumes/686e178f-cc71-4d9e-aeff-25cb5d60b2dd returned with HTTP 200
2026-01-22 10:46:06.514 76 INFO cinder.api.openstack.wsgi [None req-3ded5736-1a0a-401d-b4d3-27b49c17b0f4 d76c1d1e61d74f00bd8a7fb5d49dbd5c 83a5eec485cc4ee0ba4b9fa1f8358b04 - - default default] GET http://[LB_IP_ADDRESS]:8776/v3/83a5eec485cc4ee0ba4b9fa1f8358b04/volumes/686e178f-cc71-4d9e-aeff-25cb5d60b2dd
2026-01-22 10:46:06.526 76 INFO cinder.api.openstack.wsgi [None req-3ded5736-1a0a-401d-b4d3-27b49c17b0f4 d76c1d1e61d74f00bd8a7fb5d49dbd5c 83a5eec485cc4ee0ba4b9fa1f8358b04 - - default default] http://[LB_IP_ADDRESS]:8776/v3/83a5eec485cc4ee0ba4b9fa1f8358b04/volumes/686e178f-cc71-4d9e-aeff-25cb5d60b2dd returned with HTTP 404
2026-01-22 10:46:07.727 72 INFO cinder.api.openstack.wsgi [None req-da94a3b5-f3e9-45e1-b4e8-f7865284375e e61b5d2e664149b9a77d70f9741409f4 835cbd048a59450b8dbf9ee1053aae0e - - default default] POST http://[LB_IP_ADDRESS]:8776/v3/835cbd048a59450b8dbf9ee1053aae0e/types
2026-01-22 10:46:07.763 72 INFO cinder.api.openstack.wsgi [None req-da94a3b5-f3e9-45e1-b4e8-f7865284375e e61b5d2e664149b9a77d70f9741409f4 835cbd048a59450b8dbf9ee1053aae0e - - default default] http://[LB_IP_ADDRESS]:8776/v3/835cbd048a59450b8dbf9ee1053aae0e/types returned with HTTP 200
2026-01-22 10:46:07.772 74 INFO cinder.api.openstack.wsgi [None req-50ab2413-9cbd-463c-a0a4-3ed427b90fe2 e61b5d2e664149b9a77d70f9741409f4 835cbd048a59450b8dbf9ee1053aae0e - - default default] POST http://[LB_IP_ADDRESS]:8776/v3/835cbd048a59450b8dbf9ee1053aae0e/types
2026-01-22 10:46:07.817 74 INFO cinder.api.openstack.wsgi [None req-50ab2413-9cbd-463c-a0a4-3ed427b90fe2 e61b5d2e664149b9a77d70f9741409f4 835cbd048a59450b8dbf9ee1053aae0e - - default default] http://[LB_IP_ADDRESS]:8776/v3/835cbd048a59450b8dbf9ee1053aae0e/types returned with HTTP 200
2026-01-22 10:46:07.960 75 INFO cinder.api.openstack.wsgi [None req-f76da258-62e4-48a1-ae58-cc76ec2f175c d2a137d4ad2d42209952baa885ffcccf bd6e50ab24994256a50f23f5ae57622d - - default default] POST http://[LB_IP_ADDRESS]:8776/v3/bd6e50ab24994256a50f23f5ae57622d/volumes
2026-01-22 10:46:07.971 75 INFO cinder.api.v3.volumes [None req-f76da258-62e4-48a1-ae58-cc76ec2f175c d2a137d4ad2d42209952baa885ffcccf bd6e50ab24994256a50f23f5ae57622d - - default default] Create volume of 1 GB
2026-01-22 10:46:07.972 75 INFO cinder.volume.api [None req-f76da258-62e4-48a1-ae58-cc76ec2f175c d2a137d4ad2d42209952baa885ffcccf bd6e50ab24994256a50f23f5ae57622d - - default default] Availability Zones retrieved successfully.
2026-01-22 10:46:08.394 75 INFO cinder.volume.api [None req-f76da258-62e4-48a1-ae58-cc76ec2f175c d2a137d4ad2d42209952baa885ffcccf bd6e50ab24994256a50f23f5ae57622d - - default default] Create volume request issued successfully.
2026-01-22 10:46:08.395 75 INFO cinder.api.openstack.wsgi [None req-f76da258-62e4-48a1-ae58-cc76ec2f175c d2a137d4ad2d42209952baa885ffcccf bd6e50ab24994256a50f23f5ae57622d - - default default] http://[LB_IP_ADDRESS]:8776/v3/bd6e50ab24994256a50f23f5ae57622d/volumes returned with HTTP 202
2026-01-22 10:46:08.412 73 INFO cinder.api.openstack.wsgi [None req-11db7771-7abf-4fcc-8f93-29efabc9be34 d2a137d4ad2d42209952baa885ffcccf bd6e50ab24994256a50f23f5ae57622d - - default default] GET http://[LB_IP_ADDRESS]:8776/v3/bd6e50ab24994256a50f23f5ae57622d/volumes/79b604a4-9884-4992-93d6-275331d37783
2026-01-22 10:46:08.428 73 INFO cinder.volume.api [None req-11db7771-7abf-4fcc-8f93-29efabc9be34 d2a137d4ad2d42209952baa885ffcccf bd6e50ab24994256a50f23f5ae57622d - - default default] Volume info retrieved successfully.
2026-01-22 10:46:08.433 73 INFO cinder.api.openstack.wsgi [None req-11db7771-7abf-4fcc-8f93-29efabc9be34 d2a137d4ad2d42209952baa885ffcccf bd6e50ab24994256a50f23f5ae57622d - - default default] http://[LB_IP_ADDRESS]:8776/v3/bd6e50ab24994256a50f23f5ae57622d/volumes/79b604a4-9884-4992-93d6-275331d37783 returned with HTTP 200
2026-01-22 10:46:08.659 76 INFO cinder.api.openstack.wsgi [None req-ed0a03e9-e3e1-4266-801c-3fcc5723cb7a 7fa499fd99de4e90abd069c7085f8bd3 88b619cb7d124fe38b50acb21c201ad5 - - default default] POST http://[LB_IP_ADDRESS]:8776/v3/88b619cb7d124fe38b50acb21c201ad5/types
2026-01-22 10:46:08.707 76 INFO cinder.api.openstack.wsgi [None req-ed0a03e9-e3e1-4266-801c-3fcc5723cb7a 7fa499fd99de4e90abd069c7085f8bd3 88b619cb7d124fe38b50acb21c201ad5 - - default default] http://[LB_IP_ADDRESS]:8776/v3/88b619cb7d124fe38b50acb21c201ad5/types returned with HTTP 200
2026-01-22 10:46:08.722 72 INFO cinder.api.openstack.wsgi [None req-17999f37-485a-4271-baf1-5ce25fb05ab9 7fa499fd99de4e90abd069c7085f8bd3 88b619cb7d124fe38b50acb21c201ad5 - - default default] POST http://[LB_IP_ADDRESS]:8776/v3/88b619cb7d124fe38b50acb21c201ad5/group_types
2026-01-22 10:46:08.756 72 INFO cinder.api.openstack.wsgi [None req-17999f37-485a-4271-baf1-5ce25fb05ab9 7fa499fd99de4e90abd069c7085f8bd3 88b619cb7d124fe38b50acb21c201ad5 - - default default] http://[LB_IP_ADDRESS]:8776/v3/88b619cb7d124fe38b50acb21c201ad5/group_types returned with HTTP 202
2026-01-22 10:46:08.879 74 INFO cinder.api.openstack.wsgi [None req-88a9091b-9674-4456-8675-ef12098d9d6a 11fbfeea04a64d959a40fc790bc31775 3355b62e85b34dcf90bea4aefcfbafe2 - - default default] POST http://[LB_IP_ADDRESS]:8776/v3/3355b62e85b34dcf90bea4aefcfbafe2/groups
2026-01-22 10:46:08.896 74 INFO cinder.api.v3.groups [None req-88a9091b-9674-4456-8675-ef12098d9d6a 11fbfeea04a64d959a40fc790bc31775 3355b62e85b34dcf90bea4aefcfbafe2 - - default default] Creating group tempest-Group1-438324019.
2026-01-22 10:46:08.904 74 INFO cinder.volume.api [None req-88a9091b-9674-4456-8675-ef12098d9d6a 11fbfeea04a64d959a40fc790bc31775 3355b62e85b34dcf90bea4aefcfbafe2 - - default default] Availability Zones retrieved successfully.
2026-01-22 10:46:09.022 74 INFO cinder.api.openstack.wsgi [None req-88a9091b-9674-4456-8675-ef12098d9d6a 11fbfeea04a64d959a40fc790bc31775 3355b62e85b34dcf90bea4aefcfbafe2 - - default default] http://[LB_IP_ADDRESS]:8776/v3/3355b62e85b34dcf90bea4aefcfbafe2/groups returned with HTTP 202
2026-01-22 10:46:09.037 75 INFO cinder.api.openstack.wsgi [None req-46d3ed6f-f436-4d6c-8ce7-bdda78e5e4bc 11fbfeea04a64d959a40fc790bc31775 3355b62e85b34dcf90bea4aefcfbafe2 - - default default] GET http://[LB_IP_ADDRESS]:8776/v3/3355b62e85b34dcf90bea4aefcfbafe2/groups/91be4e31-3d69-4955-b95c-778565fa220d
2026-01-22 10:46:09.059 75 INFO cinder.api.openstack.wsgi [None req-46d3ed6f-f436-4d6c-8ce7-bdda78e5e4bc 11fbfeea04a64d959a40fc790bc31775 3355b62e85b34dcf90bea4aefcfbafe2 - - default default] http://[LB_IP_ADDRESS]:8776/v3/3355b62e85b34dcf90bea4aefcfbafe2/groups/91be4e31-3d69-4955-b95c-778565fa220d returned with HTTP 200
2026-01-22 10:46:09.450 73 INFO cinder.api.openstack.wsgi [None req-2a8f3b06-0656-4c84-8c7c-71bee0e82c87 d2a137d4ad2d42209952baa885ffcccf bd6e50ab24994256a50f23f5ae57622d - - default default] GET http://[LB_IP_ADDRESS]:8776/v3/bd6e50ab24994256a50f23f5ae57622d/volumes/79b604a4-9884-4992-93d6-275331d37783
2026-01-22 10:46:09.466 73 INFO cinder.volume.api [None req-2a8f3b06-0656-4c84-8c7c-71bee0e82c87 d2a137d4ad2d42209952baa885ffcccf bd6e50ab24994256a50f23f5ae57622d - - default default] Volume info retrieved successfully.
2026-01-22 10:46:09.471 73 INFO cinder.api.openstack.wsgi [None req-2a8f3b06-0656-4c84-8c7c-71bee0e82c87 d2a137d4ad2d42209952baa885ffcccf bd6e50ab24994256a50f23f5ae57622d - - default default] http://[LB_IP_ADDRESS]:8776/v3/bd6e50ab24994256a50f23f5ae57622d/volumes/79b604a4-9884-4992-93d6-275331d37783 returned with HTTP 200
2026-01-22 10:46:09.489 76 INFO cinder.api.openstack.wsgi [None req-d847e538-d0b8-4b79-984f-858fb8264b1b e61b5d2e664149b9a77d70f9741409f4 835cbd048a59450b8dbf9ee1053aae0e - - default default] GET http://[LB_IP_ADDRESS]:8776/v3/835cbd048a59450b8dbf9ee1053aae0e/volumes/79b604a4-9884-4992-93d6-275331d37783
2026-01-22 10:46:09.506 76 INFO cinder.volume.api [None req-d847e538-d0b8-4b79-984f-858fb8264b1b e61b5d2e664149b9a77d70f9741409f4 835cbd048a59450b8dbf9ee1053aae0e - - default default] Volume info retrieved successfully.
2026-01-22 10:46:09.511 76 INFO cinder.api.openstack.wsgi [None req-d847e538-d0b8-4b79-984f-858fb8264b1b e61b5d2e664149b9a77d70f9741409f4 835cbd048a59450b8dbf9ee1053aae0e - - default default] http://[LB_IP_ADDRESS]:8776/v3/835cbd048a59450b8dbf9ee1053aae0e/volumes/79b604a4-9884-4992-93d6-275331d37783 returned with HTTP 200
2026-01-22 10:46:09.528 72 INFO cinder.api.openstack.wsgi [None req-912416b3-f944-48f4-812e-d4b6a1e8bd8f d2a137d4ad2d42209952baa885ffcccf bd6e50ab24994256a50f23f5ae57622d - - default default] POST http://[LB_IP_ADDRESS]:8776/v3/bd6e50ab24994256a50f23f5ae57622d/volumes/79b604a4-9884-4992-93d6-275331d37783/action
2026-01-22 10:46:09.542 72 INFO cinder.volume.api [None req-912416b3-f944-48f4-812e-d4b6a1e8bd8f d2a137d4ad2d42209952baa885ffcccf bd6e50ab24994256a50f23f5ae57622d - - default default] Volume info retrieved successfully.
2026-01-22 10:46:09.988 72 INFO cinder.volume.api [None req-912416b3-f944-48f4-812e-d4b6a1e8bd8f d2a137d4ad2d42209952baa885ffcccf bd6e50ab24994256a50f23f5ae57622d - - default default] Retype volume request issued successfully.
2026-01-22 10:46:09.988 72 INFO cinder.api.openstack.wsgi [None req-912416b3-f944-48f4-812e-d4b6a1e8bd8f d2a137d4ad2d42209952baa885ffcccf bd6e50ab24994256a50f23f5ae57622d - - default default] http://[LB_IP_ADDRESS]:8776/v3/bd6e50ab24994256a50f23f5ae57622d/volumes/79b604a4-9884-4992-93d6-275331d37783/action returned with HTTP 202
2026-01-22 10:46:09.995 74 INFO cinder.api.openstack.wsgi [None req-49377f47-f18c-435a-a6db-3aa0ca86028e 29fa1a625f9d4110a505b6e9e21faf94 47d46f28ffea45f1a090de10fb229284 - - default default] POST http://[LB_IP_ADDRESS]:8776/v3/47d46f28ffea45f1a090de10fb229284/types
2026-01-22 10:46:10.000 75 INFO cinder.api.openstack.wsgi [None req-fa4256fb-0bcc-412e-a306-62cc53c4f3db d2a137d4ad2d42209952baa885ffcccf bd6e50ab24994256a50f23f5ae57622d - - default default] GET http://[LB_IP_ADDRESS]:8776/v3/bd6e50ab24994256a50f23f5ae57622d/volumes/79b604a4-9884-4992-93d6-275331d37783
2026-01-22 10:46:10.016 75 INFO cinder.volume.api [None req-fa4256fb-0bcc-412e-a306-62cc53c4f3db d2a137d4ad2d42209952baa885ffcccf bd6e50ab24994256a50f23f5ae57622d - - default default] Volume info retrieved successfully.
2026-01-22 10:46:10.021 75 INFO cinder.api.openstack.wsgi [None req-fa4256fb-0bcc-412e-a306-62cc53c4f3db d2a137d4ad2d42209952baa885ffcccf bd6e50ab24994256a50f23f5ae57622d - - default default] http://[LB_IP_ADDRESS]:8776/v3/bd6e50ab24994256a50f23f5ae57622d/volumes/79b604a4-9884-4992-93d6-275331d37783 returned with HTTP 200
2026-01-22 10:46:10.038 74 INFO cinder.api.openstack.wsgi [None req-49377f47-f18c-435a-a6db-3aa0ca86028e 29fa1a625f9d4110a505b6e9e21faf94 47d46f28ffea45f1a090de10fb229284 - - default default] http://[LB_IP_ADDRESS]:8776/v3/47d46f28ffea45f1a090de10fb229284/types returned with HTTP 200
2026-01-22 10:46:10.075 76 INFO cinder.api.openstack.wsgi [None req-8064e2c3-f7fb-46ec-bbbf-c29af55faf06 11fbfeea04a64d959a40fc790bc31775 3355b62e85b34dcf90bea4aefcfbafe2 - - default default] GET http://[LB_IP_ADDRESS]:8776/v3/3355b62e85b34dcf90bea4aefcfbafe2/groups/91be4e31-3d69-4955-b95c-778565fa220d
2026-01-22 10:46:10.099 76 INFO cinder.api.openstack.wsgi [None req-8064e2c3-f7fb-46ec-bbbf-c29af55faf06 11fbfeea04a64d959a40fc790bc31775 3355b62e85b34dcf90bea4aefcfbafe2 - - default default] http://[LB_IP_ADDRESS]:8776/v3/3355b62e85b34dcf90bea4aefcfbafe2/groups/91be4e31-3d69-4955-b95c-778565fa220d returned with HTTP 200
2026-01-22 10:46:10.115 72 INFO cinder.api.openstack.wsgi [None req-3b5ba359-c8ce-4ea5-a68f-d0bceaac9bf2 11fbfeea04a64d959a40fc790bc31775 3355b62e85b34dcf90bea4aefcfbafe2 - - default default] POST http://[LB_IP_ADDRESS]:8776/v3/3355b62e85b34dcf90bea4aefcfbafe2/groups
2026-01-22 10:46:10.131 72 INFO cinder.api.v3.groups [None req-3b5ba359-c8ce-4ea5-a68f-d0bceaac9bf2 11fbfeea04a64d959a40fc790bc31775 3355b62e85b34dcf90bea4aefcfbafe2 - - default default] Creating group tempest-Group2-883957037.
2026-01-22 10:46:10.137 72 INFO cinder.volume.api [None req-3b5ba359-c8ce-4ea5-a68f-d0bceaac9bf2 11fbfeea04a64d959a40fc790bc31775 3355b62e85b34dcf90bea4aefcfbafe2 - - default default] Availability Zones retrieved successfully.
2026-01-22 10:46:10.185 73 INFO cinder.api.openstack.wsgi [None req-b9e4e5aa-a9b7-4d19-96d7-8c3ec7810c33 6d9bd75ac6db4ee6bac053b58dea4a8e b136fefc94ae44dd9cb5fe3daa42b008 - - default default] POST http://[LB_IP_ADDRESS]:8776/v3/b136fefc94ae44dd9cb5fe3daa42b008/volumes
2026-01-22 10:46:10.196 73 INFO cinder.api.v3.volumes [None req-b9e4e5aa-a9b7-4d19-96d7-8c3ec7810c33 6d9bd75ac6db4ee6bac053b58dea4a8e b136fefc94ae44dd9cb5fe3daa42b008 - - default default] Create volume of 1 GB
2026-01-22 10:46:10.197 73 INFO cinder.volume.api [None req-b9e4e5aa-a9b7-4d19-96d7-8c3ec7810c33 6d9bd75ac6db4ee6bac053b58dea4a8e b136fefc94ae44dd9cb5fe3daa42b008 - - default default] Availability Zones retrieved successfully.
2026-01-22 10:46:10.237 72 INFO cinder.api.openstack.wsgi [None req-3b5ba359-c8ce-4ea5-a68f-d0bceaac9bf2 11fbfeea04a64d959a40fc790bc31775 3355b62e85b34dcf90bea4aefcfbafe2 - - default default] http://[LB_IP_ADDRESS]:8776/v3/3355b62e85b34dcf90bea4aefcfbafe2/groups returned with HTTP 202
2026-01-22 10:46:10.252 75 INFO cinder.api.openstack.wsgi [None req-ed84df7c-af63-495e-b4d2-d3b04ff5000c 11fbfeea04a64d959a40fc790bc31775 3355b62e85b34dcf90bea4aefcfbafe2 - - default default] GET http://[LB_IP_ADDRESS]:8776/v3/3355b62e85b34dcf90bea4aefcfbafe2/groups/65e0eaf0-a9ea-4489-b508-0d59a72d24cf
2026-01-22 10:46:10.272 75 INFO cinder.api.openstack.wsgi [None req-ed84df7c-af63-495e-b4d2-d3b04ff5000c 11fbfeea04a64d959a40fc790bc31775 3355b62e85b34dcf90bea4aefcfbafe2 - - default default] http://[LB_IP_ADDRESS]:8776/v3/3355b62e85b34dcf90bea4aefcfbafe2/groups/65e0eaf0-a9ea-4489-b508-0d59a72d24cf returned with HTTP 200
2026-01-22 10:46:10.532 73 WARNING cinder.quota [None req-b9e4e5aa-a9b7-4d19-96d7-8c3ec7810c33 6d9bd75ac6db4ee6bac053b58dea4a8e b136fefc94ae44dd9cb5fe3daa42b008 - - default default] Deprecated: Default quota for resource: volumes_tempest-UserMessagesTest-volume-type-1346706151 is set by the default quota flag: quota_volumes_tempest-UserMessagesTest-volume-type-1346706151, it is now deprecated. Please use the default quota class for default quota.
2026-01-22 10:46:10.532 73 WARNING cinder.quota [None req-b9e4e5aa-a9b7-4d19-96d7-8c3ec7810c33 6d9bd75ac6db4ee6bac053b58dea4a8e b136fefc94ae44dd9cb5fe3daa42b008 - - default default] Deprecated: Default quota for resource: gigabytes_tempest-UserMessagesTest-volume-type-1346706151 is set by the default quota flag: quota_gigabytes_tempest-UserMessagesTest-volume-type-1346706151, it is now deprecated. Please use the default quota class for default quota.
2026-01-22 10:46:10.619 73 INFO cinder.volume.api [None req-b9e4e5aa-a9b7-4d19-96d7-8c3ec7810c33 6d9bd75ac6db4ee6bac053b58dea4a8e b136fefc94ae44dd9cb5fe3daa42b008 - - default default] Create volume request issued successfully.
2026-01-22 10:46:10.620 73 INFO cinder.api.openstack.wsgi [None req-b9e4e5aa-a9b7-4d19-96d7-8c3ec7810c33 6d9bd75ac6db4ee6bac053b58dea4a8e b136fefc94ae44dd9cb5fe3daa42b008 - - default default] http://[LB_IP_ADDRESS]:8776/v3/b136fefc94ae44dd9cb5fe3daa42b008/volumes returned with HTTP 202
2026-01-22 10:46:10.640 74 INFO cinder.api.openstack.wsgi [None req-13500a4c-3daf-46de-8780-a3b10740fd32 6d9bd75ac6db4ee6bac053b58dea4a8e b136fefc94ae44dd9cb5fe3daa42b008 - - default default] GET http://[LB_IP_ADDRESS]:8776/v3/b136fefc94ae44dd9cb5fe3daa42b008/volumes/92fb7f71-0530-4662-b4ae-fa8db8214c63
2026-01-22 10:46:10.659 74 INFO cinder.volume.api [None req-13500a4c-3daf-46de-8780-a3b10740fd32 6d9bd75ac6db4ee6bac053b58dea4a8e b136fefc94ae44dd9cb5fe3daa42b008 - - default default] Volume info retrieved successfully.
2026-01-22 10:46:10.664 74 INFO cinder.api.openstack.wsgi [None req-13500a4c-3daf-46de-8780-a3b10740fd32 6d9bd75ac6db4ee6bac053b58dea4a8e b136fefc94ae44dd9cb5fe3daa42b008 - - default default] http://[LB_IP_ADDRESS]:8776/v3/b136fefc94ae44dd9cb5fe3daa42b008/volumes/92fb7f71-0530-4662-b4ae-fa8db8214c63 returned with HTTP 200
2026-01-22 10:46:11.039 76 INFO cinder.api.openstack.wsgi [None req-6f9ec488-17f9-46af-994f-fb5750119634 d2a137d4ad2d42209952baa885ffcccf bd6e50ab24994256a50f23f5ae57622d - - default default] GET http://[LB_IP_ADDRESS]:8776/v3/bd6e50ab24994256a50f23f5ae57622d/volumes/79b604a4-9884-4992-93d6-275331d37783
2026-01-22 10:46:11.055 76 INFO cinder.volume.api [None req-6f9ec488-17f9-46af-994f-fb5750119634 d2a137d4ad2d42209952baa885ffcccf bd6e50ab24994256a50f23f5ae57622d - - default default] Volume info retrieved successfully.
2026-01-22 10:46:11.060 76 INFO cinder.api.openstack.wsgi [None req-6f9ec488-17f9-46af-994f-fb5750119634 d2a137d4ad2d42209952baa885ffcccf bd6e50ab24994256a50f23f5ae57622d - - default default] http://[LB_IP_ADDRESS]:8776/v3/bd6e50ab24994256a50f23f5ae57622d/volumes/79b604a4-9884-4992-93d6-275331d37783 returned with HTTP 200
2026-01-22 10:46:11.078 72 INFO cinder.api.openstack.wsgi [None req-77020e88-ad6f-44f6-9ba5-7a22f45b1612 e61b5d2e664149b9a77d70f9741409f4 835cbd048a59450b8dbf9ee1053aae0e - - default default] GET http://[LB_IP_ADDRESS]:8776/v3/835cbd048a59450b8dbf9ee1053aae0e/volumes/79b604a4-9884-4992-93d6-275331d37783
2026-01-22 10:46:11.094 72 INFO cinder.volume.api [None req-77020e88-ad6f-44f6-9ba5-7a22f45b1612 e61b5d2e664149b9a77d70f9741409f4 835cbd048a59450b8dbf9ee1053aae0e - - default default] Volume info retrieved successfully.
2026-01-22 10:46:11.099 72 INFO cinder.api.openstack.wsgi [None req-77020e88-ad6f-44f6-9ba5-7a22f45b1612 e61b5d2e664149b9a77d70f9741409f4 835cbd048a59450b8dbf9ee1053aae0e - - default default] http://[LB_IP_ADDRESS]:8776/v3/835cbd048a59450b8dbf9ee1053aae0e/volumes/79b604a4-9884-4992-93d6-275331d37783 returned with HTTP 200
2026-01-22 10:46:11.117 75 INFO cinder.api.openstack.wsgi [None req-60d04bae-caab-442a-a8d9-088c757a2d0d e61b5d2e664149b9a77d70f9741409f4 835cbd048a59450b8dbf9ee1053aae0e - - default default] GET http://[LB_IP_ADDRESS]:8776/v3/835cbd048a59450b8dbf9ee1053aae0e/volumes?all_tenants=True&name=tempest-VolumeRetypeWithoutMigrationTest-Volume-78282429
2026-01-22 10:46:11.131 75 INFO cinder.volume.api [None req-60d04bae-caab-442a-a8d9-088c757a2d0d e61b5d2e664149b9a77d70f9741409f4 835cbd048a59450b8dbf9ee1053aae0e - - default default] Get all volumes completed successfully.
2026-01-22 10:46:11.132 75 INFO cinder.api.openstack.wsgi [None req-60d04bae-caab-442a-a8d9-088c757a2d0d e61b5d2e664149b9a77d70f9741409f4 835cbd048a59450b8dbf9ee1053aae0e - - default default] http://[LB_IP_ADDRESS]:8776/v3/835cbd048a59450b8dbf9ee1053aae0e/volumes?all_tenants=True&name=tempest-VolumeRetypeWithoutMigrationTest-Volume-78282429 returned with HTTP 200
2026-01-22 10:46:11.146 73 INFO cinder.api.openstack.wsgi [None req-993314ff-1a6f-4243-a01c-607925868b7b d2a137d4ad2d42209952baa885ffcccf bd6e50ab24994256a50f23f5ae57622d - - default default] GET http://[LB_IP_ADDRESS]:8776/v3/bd6e50ab24994256a50f23f5ae57622d/volumes/79b604a4-9884-4992-93d6-275331d37783
2026-01-22 10:46:11.163 73 INFO cinder.volume.api [None req-993314ff-1a6f-4243-a01c-607925868b7b d2a137d4ad2d42209952baa885ffcccf bd6e50ab24994256a50f23f5ae57622d - - default default] Volume info retrieved successfully.
2026-01-22 10:46:11.167 73 INFO cinder.api.openstack.wsgi [None req-993314ff-1a6f-4243-a01c-607925868b7b d2a137d4ad2d42209952baa885ffcccf bd6e50ab24994256a50f23f5ae57622d - - default default] http://[LB_IP_ADDRESS]:8776/v3/bd6e50ab24994256a50f23f5ae57622d/volumes/79b604a4-9884-4992-93d6-275331d37783 returned with HTTP 200
2026-01-22 10:46:11.184 74 INFO cinder.api.openstack.wsgi [None req-b895d90c-a831-405f-897f-0eeb7690b6b0 d2a137d4ad2d42209952baa885ffcccf bd6e50ab24994256a50f23f5ae57622d - - default default] DELETE http://[LB_IP_ADDRESS]:8776/v3/bd6e50ab24994256a50f23f5ae57622d/volumes/79b604a4-9884-4992-93d6-275331d37783
2026-01-22 10:46:11.186 74 INFO cinder.api.v3.volumes [None req-b895d90c-a831-405f-897f-0eeb7690b6b0 d2a137d4ad2d42209952baa885ffcccf bd6e50ab24994256a50f23f5ae57622d - - default default] Delete volume with id: 79b604a4-9884-4992-93d6-275331d37783 
2026-01-22 10:46:11.199 74 INFO cinder.volume.api [None req-b895d90c-a831-405f-897f-0eeb7690b6b0 d2a137d4ad2d42209952baa885ffcccf bd6e50ab24994256a50f23f5ae57622d - - default default] Volume info retrieved successfully.
2026-01-22 10:46:11.228 74 INFO cinder.volume.api [None req-b895d90c-a831-405f-897f-0eeb7690b6b0 d2a137d4ad2d42209952baa885ffcccf bd6e50ab24994256a50f23f5ae57622d - - default default] Delete volume request issued successfully.
2026-01-22 10:46:11.228 74 INFO cinder.api.openstack.wsgi [None req-b895d90c-a831-405f-897f-0eeb7690b6b0 d2a137d4ad2d42209952baa885ffcccf bd6e50ab24994256a50f23f5ae57622d - - default default] http://[LB_IP_ADDRESS]:8776/v3/bd6e50ab24994256a50f23f5ae57622d/volumes/79b604a4-9884-4992-93d6-275331d37783 returned with HTTP 202
2026-01-22 10:46:11.240 76 INFO cinder.api.openstack.wsgi [None req-403cc9f4-6527-44ed-a29b-bd1eebd4e901 d2a137d4ad2d42209952baa885ffcccf bd6e50ab24994256a50f23f5ae57622d - - default default] GET http://[LB_IP_ADDRESS]:8776/v3/bd6e50ab24994256a50f23f5ae57622d/volumes/79b604a4-9884-4992-93d6-275331d37783
2026-01-22 10:46:11.257 76 INFO cinder.volume.api [None req-403cc9f4-6527-44ed-a29b-bd1eebd4e901 d2a137d4ad2d42209952baa885ffcccf bd6e50ab24994256a50f23f5ae57622d - - default default] Volume info retrieved successfully.
2026-01-22 10:46:11.262 76 INFO cinder.api.openstack.wsgi [None req-403cc9f4-6527-44ed-a29b-bd1eebd4e901 d2a137d4ad2d42209952baa885ffcccf bd6e50ab24994256a50f23f5ae57622d - - default default] http://[LB_IP_ADDRESS]:8776/v3/bd6e50ab24994256a50f23f5ae57622d/volumes/79b604a4-9884-4992-93d6-275331d37783 returned with HTTP 200
2026-01-22 10:46:11.288 72 INFO cinder.api.openstack.wsgi [None req-56c1ed32-3150-4a5d-bd84-f044df14db12 11fbfeea04a64d959a40fc790bc31775 3355b62e85b34dcf90bea4aefcfbafe2 - - default default] GET http://[LB_IP_ADDRESS]:8776/v3/3355b62e85b34dcf90bea4aefcfbafe2/groups/65e0eaf0-a9ea-4489-b508-0d59a72d24cf
2026-01-22 10:46:11.310 72 INFO cinder.api.openstack.wsgi [None req-56c1ed32-3150-4a5d-bd84-f044df14db12 11fbfeea04a64d959a40fc790bc31775 3355b62e85b34dcf90bea4aefcfbafe2 - - default default] http://[LB_IP_ADDRESS]:8776/v3/3355b62e85b34dcf90bea4aefcfbafe2/groups/65e0eaf0-a9ea-4489-b508-0d59a72d24cf returned with HTTP 200
2026-01-22 10:46:11.325 75 INFO cinder.api.openstack.wsgi [None req-298edb2b-cdf4-41d1-bcb8-64a37de855f3 11fbfeea04a64d959a40fc790bc31775 3355b62e85b34dcf90bea4aefcfbafe2 - - default default] POST http://[LB_IP_ADDRESS]:8776/v3/3355b62e85b34dcf90bea4aefcfbafe2/volumes
2026-01-22 10:46:11.338 75 INFO cinder.api.v3.volumes [None req-298edb2b-cdf4-41d1-bcb8-64a37de855f3 11fbfeea04a64d959a40fc790bc31775 3355b62e85b34dcf90bea4aefcfbafe2 - - default default] Create volume of 1 GB
2026-01-22 10:46:11.344 75 INFO cinder.volume.api [None req-298edb2b-cdf4-41d1-bcb8-64a37de855f3 11fbfeea04a64d959a40fc790bc31775 3355b62e85b34dcf90bea4aefcfbafe2 - - default default] Availability Zones retrieved successfully.
2026-01-22 10:46:11.682 73 INFO cinder.api.openstack.wsgi [None req-c1f0a6e7-0362-4710-99ff-a81878658484 6d9bd75ac6db4ee6bac053b58dea4a8e b136fefc94ae44dd9cb5fe3daa42b008 - - default default] GET http://[LB_IP_ADDRESS]:8776/v3/b136fefc94ae44dd9cb5fe3daa42b008/volumes/92fb7f71-0530-4662-b4ae-fa8db8214c63
2026-01-22 10:46:11.698 73 INFO cinder.volume.api [None req-c1f0a6e7-0362-4710-99ff-a81878658484 6d9bd75ac6db4ee6bac053b58dea4a8e b136fefc94ae44dd9cb5fe3daa42b008 - - default default] Volume info retrieved successfully.
2026-01-22 10:46:11.703 75 WARNING cinder.quota [None req-298edb2b-cdf4-41d1-bcb8-64a37de855f3 11fbfeea04a64d959a40fc790bc31775 3355b62e85b34dcf90bea4aefcfbafe2 - - default default] Deprecated: Default quota for resource: volumes_tempest-GroupsTest-volume-type-351508985 is set by the default quota flag: quota_volumes_tempest-GroupsTest-volume-type-351508985, it is now deprecated. Please use the default quota class for default quota.
2026-01-22 10:46:11.703 75 WARNING cinder.quota [None req-298edb2b-cdf4-41d1-bcb8-64a37de855f3 11fbfeea04a64d959a40fc790bc31775 3355b62e85b34dcf90bea4aefcfbafe2 - - default default] Deprecated: Default quota for resource: gigabytes_tempest-GroupsTest-volume-type-351508985 is set by the default quota flag: quota_gigabytes_tempest-GroupsTest-volume-type-351508985, it is now deprecated. Please use the default quota class for default quota.
2026-01-22 10:46:11.708 73 INFO cinder.api.openstack.wsgi [None req-c1f0a6e7-0362-4710-99ff-a81878658484 6d9bd75ac6db4ee6bac053b58dea4a8e b136fefc94ae44dd9cb5fe3daa42b008 - - default default] http://[LB_IP_ADDRESS]:8776/v3/b136fefc94ae44dd9cb5fe3daa42b008/volumes/92fb7f71-0530-4662-b4ae-fa8db8214c63 returned with HTTP 200
2026-01-22 10:46:11.730 74 INFO cinder.api.openstack.wsgi [None req-88abc426-fd4d-4ed8-bd46-2661dadba837 6d9bd75ac6db4ee6bac053b58dea4a8e b136fefc94ae44dd9cb5fe3daa42b008 - - default default] GET http://[LB_IP_ADDRESS]:8776/v3/b136fefc94ae44dd9cb5fe3daa42b008/messages
2026-01-22 10:46:11.737 74 INFO cinder.api.openstack.wsgi [None req-88abc426-fd4d-4ed8-bd46-2661dadba837 6d9bd75ac6db4ee6bac053b58dea4a8e b136fefc94ae44dd9cb5fe3daa42b008 - - default default] http://[LB_IP_ADDRESS]:8776/v3/b136fefc94ae44dd9cb5fe3daa42b008/messages returned with HTTP 200
2026-01-22 10:46:11.752 76 INFO cinder.api.openstack.wsgi [None req-3dcf0681-9199-4f77-b6e3-a9ad35b610b2 6d9bd75ac6db4ee6bac053b58dea4a8e b136fefc94ae44dd9cb5fe3daa42b008 - - default default] DELETE http://[LB_IP_ADDRESS]:8776/v3/b136fefc94ae44dd9cb5fe3daa42b008/messages/9702d3dc-7499-43d1-a722-44dd29f78f85
2026-01-22 10:46:11.762 76 INFO cinder.api.openstack.wsgi [None req-3dcf0681-9199-4f77-b6e3-a9ad35b610b2 6d9bd75ac6db4ee6bac053b58dea4a8e b136fefc94ae44dd9cb5fe3daa42b008 - - default default] http://[LB_IP_ADDRESS]:8776/v3/b136fefc94ae44dd9cb5fe3daa42b008/messages/9702d3dc-7499-43d1-a722-44dd29f78f85 returned with HTTP 204
2026-01-22 10:46:11.774 72 INFO cinder.api.openstack.wsgi [None req-554452db-fdce-4e1b-a304-6d1591c7e462 6d9bd75ac6db4ee6bac053b58dea4a8e b136fefc94ae44dd9cb5fe3daa42b008 - - default default] GET http://[LB_IP_ADDRESS]:8776/v3/b136fefc94ae44dd9cb5fe3daa42b008/messages/9702d3dc-7499-43d1-a722-44dd29f78f85
2026-01-22 10:46:11.778 72 INFO cinder.api.openstack.wsgi [None req-554452db-fdce-4e1b-a304-6d1591c7e462 6d9bd75ac6db4ee6bac053b58dea4a8e b136fefc94ae44dd9cb5fe3daa42b008 - - default default] http://[LB_IP_ADDRESS]:8776/v3/b136fefc94ae44dd9cb5fe3daa42b008/messages/9702d3dc-7499-43d1-a722-44dd29f78f85 returned with HTTP 404
2026-01-22 10:46:11.790 75 INFO cinder.volume.api [None req-298edb2b-cdf4-41d1-bcb8-64a37de855f3 11fbfeea04a64d959a40fc790bc31775 3355b62e85b34dcf90bea4aefcfbafe2 - - default default] Create volume request issued successfully.
2026-01-22 10:46:11.791 73 INFO cinder.api.openstack.wsgi [None req-10e4ef6c-3d8f-492d-b26a-119573c81d51 6d9bd75ac6db4ee6bac053b58dea4a8e b136fefc94ae44dd9cb5fe3daa42b008 - - default default] GET http://[LB_IP_ADDRESS]:8776/v3/b136fefc94ae44dd9cb5fe3daa42b008/volumes/92fb7f71-0530-4662-b4ae-fa8db8214c63
2026-01-22 10:46:11.807 73 INFO cinder.volume.api [None req-10e4ef6c-3d8f-492d-b26a-119573c81d51 6d9bd75ac6db4ee6bac053b58dea4a8e b136fefc94ae44dd9cb5fe3daa42b008 - - default default] Volume info retrieved successfully.
2026-01-22 10:46:11.807 75 INFO cinder.api.openstack.wsgi [None req-298edb2b-cdf4-41d1-bcb8-64a37de855f3 11fbfeea04a64d959a40fc790bc31775 3355b62e85b34dcf90bea4aefcfbafe2 - - default default] http://[LB_IP_ADDRESS]:8776/v3/3355b62e85b34dcf90bea4aefcfbafe2/volumes returned with HTTP 202
2026-01-22 10:46:11.812 73 INFO cinder.api.openstack.wsgi [None req-10e4ef6c-3d8f-492d-b26a-119573c81d51 6d9bd75ac6db4ee6bac053b58dea4a8e b136fefc94ae44dd9cb5fe3daa42b008 - - default default] http://[LB_IP_ADDRESS]:8776/v3/b136fefc94ae44dd9cb5fe3daa42b008/volumes/92fb7f71-0530-4662-b4ae-fa8db8214c63 returned with HTTP 200
2026-01-22 10:46:11.825 74 INFO cinder.api.openstack.wsgi [None req-d94d2fff-21ee-42d3-9a3a-3c0f9e919931 11fbfeea04a64d959a40fc790bc31775 3355b62e85b34dcf90bea4aefcfbafe2 - - default default] GET http://[LB_IP_ADDRESS]:8776/v3/3355b62e85b34dcf90bea4aefcfbafe2/volumes/eb96e4fa-1a61-461f-835d-2fa70cd64129
2026-01-22 10:46:11.833 76 INFO cinder.api.openstack.wsgi [None req-6b9ab482-66f8-455d-82c1-5554bdf0e650 6d9bd75ac6db4ee6bac053b58dea4a8e b136fefc94ae44dd9cb5fe3daa42b008 - - default default] DELETE http://[LB_IP_ADDRESS]:8776/v3/b136fefc94ae44dd9cb5fe3daa42b008/volumes/92fb7f71-0530-4662-b4ae-fa8db8214c63
2026-01-22 10:46:11.834 76 INFO cinder.api.v3.volumes [None req-6b9ab482-66f8-455d-82c1-5554bdf0e650 6d9bd75ac6db4ee6bac053b58dea4a8e b136fefc94ae44dd9cb5fe3daa42b008 - - default default] Delete volume with id: 92fb7f71-0530-4662-b4ae-fa8db8214c63 
2026-01-22 10:46:11.842 74 INFO cinder.volume.api [None req-d94d2fff-21ee-42d3-9a3a-3c0f9e919931 11fbfeea04a64d959a40fc790bc31775 3355b62e85b34dcf90bea4aefcfbafe2 - - default default] Volume info retrieved successfully.
2026-01-22 10:46:11.846 76 INFO cinder.volume.api [None req-6b9ab482-66f8-455d-82c1-5554bdf0e650 6d9bd75ac6db4ee6bac053b58dea4a8e b136fefc94ae44dd9cb5fe3daa42b008 - - default default] Volume info retrieved successfully.
2026-01-22 10:46:11.862 74 INFO cinder.api.openstack.wsgi [None req-d94d2fff-21ee-42d3-9a3a-3c0f9e919931 11fbfeea04a64d959a40fc790bc31775 3355b62e85b34dcf90bea4aefcfbafe2 - - default default] http://[LB_IP_ADDRESS]:8776/v3/3355b62e85b34dcf90bea4aefcfbafe2/volumes/eb96e4fa-1a61-461f-835d-2fa70cd64129 returned with HTTP 200
2026-01-22 10:46:11.942 76 WARNING cinder.quota [None req-6b9ab482-66f8-455d-82c1-5554bdf0e650 6d9bd75ac6db4ee6bac053b58dea4a8e b136fefc94ae44dd9cb5fe3daa42b008 - - default default] Deprecated: Default quota for resource: volumes_tempest-UserMessagesTest-volume-type-1346706151 is set by the default quota flag: quota_volumes_tempest-UserMessagesTest-volume-type-1346706151, it is now deprecated. Please use the default quota class for default quota.
2026-01-22 10:46:11.942 76 WARNING cinder.quota [None req-6b9ab482-66f8-455d-82c1-5554bdf0e650 6d9bd75ac6db4ee6bac053b58dea4a8e b136fefc94ae44dd9cb5fe3daa42b008 - - default default] Deprecated: Default quota for resource: gigabytes_tempest-UserMessagesTest-volume-type-1346706151 is set by the default quota flag: quota_gigabytes_tempest-UserMessagesTest-volume-type-1346706151, it is now deprecated. Please use the default quota class for default quota.
2026-01-22 10:46:11.974 76 INFO cinder.volume.api [None req-6b9ab482-66f8-455d-82c1-5554bdf0e650 6d9bd75ac6db4ee6bac053b58dea4a8e b136fefc94ae44dd9cb5fe3daa42b008 - - default default] Delete volume request issued successfully.
2026-01-22 10:46:11.974 76 INFO cinder.api.openstack.wsgi [None req-6b9ab482-66f8-455d-82c1-5554bdf0e650 6d9bd75ac6db4ee6bac053b58dea4a8e b136fefc94ae44dd9cb5fe3daa42b008 - - default default] http://[LB_IP_ADDRESS]:8776/v3/b136fefc94ae44dd9cb5fe3daa42b008/volumes/92fb7f71-0530-4662-b4ae-fa8db8214c63 returned with HTTP 202
2026-01-22 10:46:11.986 72 INFO cinder.api.openstack.wsgi [None req-ee5a7ac8-4cb9-404a-a7b5-c3dae42d69d6 6d9bd75ac6db4ee6bac053b58dea4a8e b136fefc94ae44dd9cb5fe3daa42b008 - - default default] GET http://[LB_IP_ADDRESS]:8776/v3/b136fefc94ae44dd9cb5fe3daa42b008/volumes/92fb7f71-0530-4662-b4ae-fa8db8214c63
2026-01-22 10:46:11.997 72 INFO cinder.api.openstack.wsgi [None req-ee5a7ac8-4cb9-404a-a7b5-c3dae42d69d6 6d9bd75ac6db4ee6bac053b58dea4a8e b136fefc94ae44dd9cb5fe3daa42b008 - - default default] http://[LB_IP_ADDRESS]:8776/v3/b136fefc94ae44dd9cb5fe3daa42b008/volumes/92fb7f71-0530-4662-b4ae-fa8db8214c63 returned with HTTP 404
2026-01-22 10:46:12.010 75 INFO cinder.api.openstack.wsgi [None req-cdfeeda2-e52f-45b9-8324-93fcaf04bb80 29fa1a625f9d4110a505b6e9e21faf94 47d46f28ffea45f1a090de10fb229284 - - default default] DELETE http://[LB_IP_ADDRESS]:8776/v3/47d46f28ffea45f1a090de10fb229284/types/80435b4d-5b97-4d95-aeb8-f89144e5da41
2026-01-22 10:46:12.064 75 INFO cinder.api.openstack.wsgi [None req-cdfeeda2-e52f-45b9-8324-93fcaf04bb80 29fa1a625f9d4110a505b6e9e21faf94 47d46f28ffea45f1a090de10fb229284 - - default default] http://[LB_IP_ADDRESS]:8776/v3/47d46f28ffea45f1a090de10fb229284/types/80435b4d-5b97-4d95-aeb8-f89144e5da41 returned with HTTP 202
2026-01-22 10:46:12.076 73 INFO cinder.api.openstack.wsgi [None req-2bbdf257-b6d6-44ad-8082-a01988c1bcae 29fa1a625f9d4110a505b6e9e21faf94 47d46f28ffea45f1a090de10fb229284 - - default default] GET http://[LB_IP_ADDRESS]:8776/v3/47d46f28ffea45f1a090de10fb229284/types/80435b4d-5b97-4d95-aeb8-f89144e5da41
2026-01-22 10:46:12.081 73 INFO cinder.api.openstack.wsgi [None req-2bbdf257-b6d6-44ad-8082-a01988c1bcae 29fa1a625f9d4110a505b6e9e21faf94 47d46f28ffea45f1a090de10fb229284 - - default default] http://[LB_IP_ADDRESS]:8776/v3/47d46f28ffea45f1a090de10fb229284/types/80435b4d-5b97-4d95-aeb8-f89144e5da41 returned with HTTP 404
