2026-06-29 11:03:06.854 73 INFO cinder.group.api [None req-53405197-0ce1-495b-8439-21cc852f845b c811ab23a2a84ff9a896a43597c3bf1a 132c195542154879b67866bb09b1b00a - - default default] A mapping entry already exists for group bb5f6942-33d6-47fa-beea-553cb8ba02b6 and volume type 21ed262e-ff18-4cf1-810f-9613da45a311. Do not need to create again.
2026-06-29 11:03:06.857 73 INFO cinder.volume.api [None req-53405197-0ce1-495b-8439-21cc852f845b c811ab23a2a84ff9a896a43597c3bf1a 132c195542154879b67866bb09b1b00a - - default default] Availability Zones retrieved successfully.
2026-06-29 11:03:07.135 74 INFO cinder.api.openstack.wsgi [None req-0ad7f0a9-085a-4f46-8d1e-017a96704f63 09b198e0a7934d049506cd89a96654ea 111df5fc41e1413da9b799e4fd8e6a92 - - default default] GET http://[LB_IP_ADDRESS]:8776/v3/111df5fc41e1413da9b799e4fd8e6a92/volumes/9ac83214-193c-4afc-a522-7782ccb8e634
2026-06-29 11:03:07.154 74 INFO cinder.volume.api [None req-0ad7f0a9-085a-4f46-8d1e-017a96704f63 09b198e0a7934d049506cd89a96654ea 111df5fc41e1413da9b799e4fd8e6a92 - - default default] Volume info retrieved successfully.
2026-06-29 11:03:07.177 74 INFO cinder.api.openstack.wsgi [None req-0ad7f0a9-085a-4f46-8d1e-017a96704f63 09b198e0a7934d049506cd89a96654ea 111df5fc41e1413da9b799e4fd8e6a92 - - default default] http://[LB_IP_ADDRESS]:8776/v3/111df5fc41e1413da9b799e4fd8e6a92/volumes/9ac83214-193c-4afc-a522-7782ccb8e634 returned with HTTP 200
2026-06-29 11:03:07.199 76 INFO cinder.api.openstack.wsgi [None req-2cb931db-45a2-4d4e-91cd-76b139abadcc 09b198e0a7934d049506cd89a96654ea 111df5fc41e1413da9b799e4fd8e6a92 - - default default] GET http://[LB_IP_ADDRESS]:8776/v3/111df5fc41e1413da9b799e4fd8e6a92/groups/52c4ae52-9174-47a4-9a79-f15bcc253474
2026-06-29 11:03:07.217 76 INFO cinder.api.openstack.wsgi [None req-2cb931db-45a2-4d4e-91cd-76b139abadcc 09b198e0a7934d049506cd89a96654ea 111df5fc41e1413da9b799e4fd8e6a92 - - default default] http://[LB_IP_ADDRESS]:8776/v3/111df5fc41e1413da9b799e4fd8e6a92/groups/52c4ae52-9174-47a4-9a79-f15bcc253474 returned with HTTP 200
2026-06-29 11:03:07.234 72 INFO cinder.api.openstack.wsgi [None req-9a9c2708-e41b-4130-9e2a-37954891c759 09b198e0a7934d049506cd89a96654ea 111df5fc41e1413da9b799e4fd8e6a92 - - default default] GET http://[LB_IP_ADDRESS]:8776/v3/111df5fc41e1413da9b799e4fd8e6a92/volumes/detail
2026-06-29 11:03:07.251 72 INFO cinder.volume.api [None req-9a9c2708-e41b-4130-9e2a-37954891c759 09b198e0a7934d049506cd89a96654ea 111df5fc41e1413da9b799e4fd8e6a92 - - default default] Get all volumes completed successfully.
2026-06-29 11:03:07.258 73 INFO cinder.volume.api [None req-53405197-0ce1-495b-8439-21cc852f845b c811ab23a2a84ff9a896a43597c3bf1a 132c195542154879b67866bb09b1b00a - - default default] Create volume request issued successfully.
2026-06-29 11:03:07.287 73 INFO cinder.api.openstack.wsgi [None req-53405197-0ce1-495b-8439-21cc852f845b c811ab23a2a84ff9a896a43597c3bf1a 132c195542154879b67866bb09b1b00a - - default default] http://[LB_IP_ADDRESS]:8776/v3/132c195542154879b67866bb09b1b00a/groups/action returned with HTTP 202
2026-06-29 11:03:07.301 72 INFO cinder.api.openstack.wsgi [None req-9a9c2708-e41b-4130-9e2a-37954891c759 09b198e0a7934d049506cd89a96654ea 111df5fc41e1413da9b799e4fd8e6a92 - - default default] http://[LB_IP_ADDRESS]:8776/v3/111df5fc41e1413da9b799e4fd8e6a92/volumes/detail returned with HTTP 200
2026-06-29 11:03:07.302 75 INFO cinder.api.openstack.wsgi [None req-6407689d-4936-4c71-91b6-797bd5fbcc26 c811ab23a2a84ff9a896a43597c3bf1a 132c195542154879b67866bb09b1b00a - - default default] GET http://[LB_IP_ADDRESS]:8776/v3/132c195542154879b67866bb09b1b00a/volumes/detail
2026-06-29 11:03:07.319 75 INFO cinder.volume.api [None req-6407689d-4936-4c71-91b6-797bd5fbcc26 c811ab23a2a84ff9a896a43597c3bf1a 132c195542154879b67866bb09b1b00a - - default default] Get all volumes completed successfully.
2026-06-29 11:03:07.324 74 INFO cinder.api.openstack.wsgi [None req-b93b34be-2f62-45fc-9996-49c107811be5 09b198e0a7934d049506cd89a96654ea 111df5fc41e1413da9b799e4fd8e6a92 - - default default] POST http://[LB_IP_ADDRESS]:8776/v3/111df5fc41e1413da9b799e4fd8e6a92/groups/52c4ae52-9174-47a4-9a79-f15bcc253474/action
2026-06-29 11:03:07.328 74 INFO cinder.api.v3.groups [None req-b93b34be-2f62-45fc-9996-49c107811be5 09b198e0a7934d049506cd89a96654ea 111df5fc41e1413da9b799e4fd8e6a92 - - default default] Delete group with id: 52c4ae52-9174-47a4-9a79-f15bcc253474
2026-06-29 11:03:07.370 75 INFO cinder.api.openstack.wsgi [None req-6407689d-4936-4c71-91b6-797bd5fbcc26 c811ab23a2a84ff9a896a43597c3bf1a 132c195542154879b67866bb09b1b00a - - default default] http://[LB_IP_ADDRESS]:8776/v3/132c195542154879b67866bb09b1b00a/volumes/detail returned with HTTP 200
2026-06-29 11:03:07.392 76 INFO cinder.api.openstack.wsgi [None req-59f40af6-2696-4077-a761-5033243b04d7 c811ab23a2a84ff9a896a43597c3bf1a 132c195542154879b67866bb09b1b00a - - default default] GET http://[LB_IP_ADDRESS]:8776/v3/132c195542154879b67866bb09b1b00a/volumes/ff440fd7-a88a-49b4-b469-d956e3ce1f28
2026-06-29 11:03:07.397 74 INFO cinder.api.openstack.wsgi [None req-b93b34be-2f62-45fc-9996-49c107811be5 09b198e0a7934d049506cd89a96654ea 111df5fc41e1413da9b799e4fd8e6a92 - - default default] http://[LB_IP_ADDRESS]:8776/v3/111df5fc41e1413da9b799e4fd8e6a92/groups/52c4ae52-9174-47a4-9a79-f15bcc253474/action returned with HTTP 202
2026-06-29 11:03:07.411 73 INFO cinder.api.openstack.wsgi [None req-fe1c0fb3-9d6f-43be-9cfd-413b10def70f 09b198e0a7934d049506cd89a96654ea 111df5fc41e1413da9b799e4fd8e6a92 - - default default] GET http://[LB_IP_ADDRESS]:8776/v3/111df5fc41e1413da9b799e4fd8e6a92/volumes/9ac83214-193c-4afc-a522-7782ccb8e634
2026-06-29 11:03:07.413 76 INFO cinder.volume.api [None req-59f40af6-2696-4077-a761-5033243b04d7 c811ab23a2a84ff9a896a43597c3bf1a 132c195542154879b67866bb09b1b00a - - default default] Volume info retrieved successfully.
2026-06-29 11:03:07.434 73 INFO cinder.volume.api [None req-fe1c0fb3-9d6f-43be-9cfd-413b10def70f 09b198e0a7934d049506cd89a96654ea 111df5fc41e1413da9b799e4fd8e6a92 - - default default] Volume info retrieved successfully.
2026-06-29 11:03:07.442 76 INFO cinder.api.openstack.wsgi [None req-59f40af6-2696-4077-a761-5033243b04d7 c811ab23a2a84ff9a896a43597c3bf1a 132c195542154879b67866bb09b1b00a - - default default] http://[LB_IP_ADDRESS]:8776/v3/132c195542154879b67866bb09b1b00a/volumes/ff440fd7-a88a-49b4-b469-d956e3ce1f28 returned with HTTP 200
2026-06-29 11:03:07.467 73 INFO cinder.api.openstack.wsgi [None req-fe1c0fb3-9d6f-43be-9cfd-413b10def70f 09b198e0a7934d049506cd89a96654ea 111df5fc41e1413da9b799e4fd8e6a92 - - default default] http://[LB_IP_ADDRESS]:8776/v3/111df5fc41e1413da9b799e4fd8e6a92/volumes/9ac83214-193c-4afc-a522-7782ccb8e634 returned with HTTP 200
2026-06-29 11:03:07.872 72 INFO cinder.api.openstack.wsgi [None req-1abb2ca6-7afc-404b-b168-0161db9a462a 1566e7f0ffc94574bd747091dba87653 5a1acdd944394995ad476d5895045e40 - - default default] POST http://[LB_IP_ADDRESS]:8776/v3/5a1acdd944394995ad476d5895045e40/types
2026-06-29 11:03:07.907 72 INFO cinder.api.openstack.wsgi [None req-1abb2ca6-7afc-404b-b168-0161db9a462a 1566e7f0ffc94574bd747091dba87653 5a1acdd944394995ad476d5895045e40 - - default default] http://[LB_IP_ADDRESS]:8776/v3/5a1acdd944394995ad476d5895045e40/types returned with HTTP 200
2026-06-29 11:03:07.922 75 INFO cinder.api.openstack.wsgi [None req-1e549b43-17b1-43e7-ac20-2d49b0ab4efd 1566e7f0ffc94574bd747091dba87653 5a1acdd944394995ad476d5895045e40 - - default default] POST http://[LB_IP_ADDRESS]:8776/v3/5a1acdd944394995ad476d5895045e40/group_types
2026-06-29 11:03:07.954 75 INFO cinder.api.openstack.wsgi [None req-1e549b43-17b1-43e7-ac20-2d49b0ab4efd 1566e7f0ffc94574bd747091dba87653 5a1acdd944394995ad476d5895045e40 - - default default] http://[LB_IP_ADDRESS]:8776/v3/5a1acdd944394995ad476d5895045e40/group_types returned with HTTP 202
2026-06-29 11:03:08.160 74 INFO cinder.api.openstack.wsgi [None req-45e428c9-7d80-4bfa-9f89-2af1762e2af6 aa79157df81b4a4ea902864a15b303ad 429024740a1748c1981cf67d9663e8c5 - - default default] POST http://[LB_IP_ADDRESS]:8776/v3/429024740a1748c1981cf67d9663e8c5/groups
2026-06-29 11:03:08.173 74 INFO cinder.api.v3.groups [None req-45e428c9-7d80-4bfa-9f89-2af1762e2af6 aa79157df81b4a4ea902864a15b303ad 429024740a1748c1981cf67d9663e8c5 - - default default] Creating group tempest-GroupSnapshotsV319Test-Group-1284108715.
2026-06-29 11:03:08.184 74 INFO cinder.volume.api [None req-45e428c9-7d80-4bfa-9f89-2af1762e2af6 aa79157df81b4a4ea902864a15b303ad 429024740a1748c1981cf67d9663e8c5 - - default default] Availability Zones retrieved successfully.
2026-06-29 11:03:08.330 74 INFO cinder.api.openstack.wsgi [None req-45e428c9-7d80-4bfa-9f89-2af1762e2af6 aa79157df81b4a4ea902864a15b303ad 429024740a1748c1981cf67d9663e8c5 - - default default] http://[LB_IP_ADDRESS]:8776/v3/429024740a1748c1981cf67d9663e8c5/groups returned with HTTP 202
2026-06-29 11:03:08.345 76 INFO cinder.api.openstack.wsgi [None req-8a4a2a30-c76b-4bf7-b32f-d413833ac3d4 aa79157df81b4a4ea902864a15b303ad 429024740a1748c1981cf67d9663e8c5 - - default default] GET http://[LB_IP_ADDRESS]:8776/v3/429024740a1748c1981cf67d9663e8c5/groups/43052169-674c-452b-a43a-99ec2259be51
2026-06-29 11:03:08.368 76 INFO cinder.api.openstack.wsgi [None req-8a4a2a30-c76b-4bf7-b32f-d413833ac3d4 aa79157df81b4a4ea902864a15b303ad 429024740a1748c1981cf67d9663e8c5 - - default default] http://[LB_IP_ADDRESS]:8776/v3/429024740a1748c1981cf67d9663e8c5/groups/43052169-674c-452b-a43a-99ec2259be51 returned with HTTP 200
2026-06-29 11:03:08.465 73 INFO cinder.api.openstack.wsgi [None req-e6627c11-145e-4ae4-a16f-8139a9222344 c811ab23a2a84ff9a896a43597c3bf1a 132c195542154879b67866bb09b1b00a - - default default] GET http://[LB_IP_ADDRESS]:8776/v3/132c195542154879b67866bb09b1b00a/volumes/ff440fd7-a88a-49b4-b469-d956e3ce1f28
2026-06-29 11:03:08.487 73 INFO cinder.volume.api [None req-e6627c11-145e-4ae4-a16f-8139a9222344 c811ab23a2a84ff9a896a43597c3bf1a 132c195542154879b67866bb09b1b00a - - default default] Volume info retrieved successfully.
2026-06-29 11:03:08.491 72 INFO cinder.api.openstack.wsgi [None req-c4ab15e4-e2fc-4b06-99af-0e3ebe7b7e57 09b198e0a7934d049506cd89a96654ea 111df5fc41e1413da9b799e4fd8e6a92 - - default default] GET http://[LB_IP_ADDRESS]:8776/v3/111df5fc41e1413da9b799e4fd8e6a92/volumes/9ac83214-193c-4afc-a522-7782ccb8e634
2026-06-29 11:03:08.504 72 INFO cinder.api.openstack.wsgi [None req-c4ab15e4-e2fc-4b06-99af-0e3ebe7b7e57 09b198e0a7934d049506cd89a96654ea 111df5fc41e1413da9b799e4fd8e6a92 - - default default] http://[LB_IP_ADDRESS]:8776/v3/111df5fc41e1413da9b799e4fd8e6a92/volumes/9ac83214-193c-4afc-a522-7782ccb8e634 returned with HTTP 404
2026-06-29 11:03:08.516 75 INFO cinder.api.openstack.wsgi [None req-f312f97d-6b0b-45db-90be-02f0f2895f72 09b198e0a7934d049506cd89a96654ea 111df5fc41e1413da9b799e4fd8e6a92 - - default default] GET http://[LB_IP_ADDRESS]:8776/v3/111df5fc41e1413da9b799e4fd8e6a92/groups/52c4ae52-9174-47a4-9a79-f15bcc253474
2026-06-29 11:03:08.516 73 INFO cinder.api.openstack.wsgi [None req-e6627c11-145e-4ae4-a16f-8139a9222344 c811ab23a2a84ff9a896a43597c3bf1a 132c195542154879b67866bb09b1b00a - - default default] http://[LB_IP_ADDRESS]:8776/v3/132c195542154879b67866bb09b1b00a/volumes/ff440fd7-a88a-49b4-b469-d956e3ce1f28 returned with HTTP 200
2026-06-29 11:03:08.521 75 INFO cinder.api.openstack.wsgi [None req-f312f97d-6b0b-45db-90be-02f0f2895f72 09b198e0a7934d049506cd89a96654ea 111df5fc41e1413da9b799e4fd8e6a92 - - default default] http://[LB_IP_ADDRESS]:8776/v3/111df5fc41e1413da9b799e4fd8e6a92/groups/52c4ae52-9174-47a4-9a79-f15bcc253474 returned with HTTP 404
2026-06-29 11:03:08.534 74 INFO cinder.api.openstack.wsgi [None req-6539dd4f-367e-4ac3-a500-6ad68d32a327 09b198e0a7934d049506cd89a96654ea 111df5fc41e1413da9b799e4fd8e6a92 - - default default] GET http://[LB_IP_ADDRESS]:8776/v3/111df5fc41e1413da9b799e4fd8e6a92/volumes/detail
2026-06-29 11:03:08.538 76 INFO cinder.api.openstack.wsgi [None req-b165a5e7-4092-476c-9cf1-0a66483b298a c811ab23a2a84ff9a896a43597c3bf1a 132c195542154879b67866bb09b1b00a - - default default] GET http://[LB_IP_ADDRESS]:8776/v3/132c195542154879b67866bb09b1b00a/groups/bb5f6942-33d6-47fa-beea-553cb8ba02b6
2026-06-29 11:03:08.549 74 INFO cinder.volume.api [None req-6539dd4f-367e-4ac3-a500-6ad68d32a327 09b198e0a7934d049506cd89a96654ea 111df5fc41e1413da9b799e4fd8e6a92 - - default default] Get all volumes completed successfully.
2026-06-29 11:03:08.562 76 INFO cinder.api.openstack.wsgi [None req-b165a5e7-4092-476c-9cf1-0a66483b298a c811ab23a2a84ff9a896a43597c3bf1a 132c195542154879b67866bb09b1b00a - - default default] http://[LB_IP_ADDRESS]:8776/v3/132c195542154879b67866bb09b1b00a/groups/bb5f6942-33d6-47fa-beea-553cb8ba02b6 returned with HTTP 200
2026-06-29 11:03:08.578 72 INFO cinder.api.openstack.wsgi [None req-7f8e75e0-7873-400f-a621-598da9f991fa c811ab23a2a84ff9a896a43597c3bf1a 132c195542154879b67866bb09b1b00a - - default default] GET http://[LB_IP_ADDRESS]:8776/v3/132c195542154879b67866bb09b1b00a/volumes/detail
2026-06-29 11:03:08.579 74 INFO cinder.api.openstack.wsgi [None req-6539dd4f-367e-4ac3-a500-6ad68d32a327 09b198e0a7934d049506cd89a96654ea 111df5fc41e1413da9b799e4fd8e6a92 - - default default] http://[LB_IP_ADDRESS]:8776/v3/111df5fc41e1413da9b799e4fd8e6a92/volumes/detail returned with HTTP 200
2026-06-29 11:03:08.592 72 INFO cinder.volume.api [None req-7f8e75e0-7873-400f-a621-598da9f991fa c811ab23a2a84ff9a896a43597c3bf1a 132c195542154879b67866bb09b1b00a - - default default] Get all volumes completed successfully.
2026-06-29 11:03:08.601 73 INFO cinder.api.openstack.wsgi [None req-c6ca5bc7-ec6c-46d7-84bf-a61dcc0ff8e5 09b198e0a7934d049506cd89a96654ea 111df5fc41e1413da9b799e4fd8e6a92 - - default default] POST http://[LB_IP_ADDRESS]:8776/v3/111df5fc41e1413da9b799e4fd8e6a92/groups/6aa3d42f-6f6b-43b4-8074-17835b80920e/action
2026-06-29 11:03:08.605 73 INFO cinder.api.v3.groups [None req-c6ca5bc7-ec6c-46d7-84bf-a61dcc0ff8e5 09b198e0a7934d049506cd89a96654ea 111df5fc41e1413da9b799e4fd8e6a92 - - default default] Delete group with id: 6aa3d42f-6f6b-43b4-8074-17835b80920e
2026-06-29 11:03:08.640 72 INFO cinder.api.openstack.wsgi [None req-7f8e75e0-7873-400f-a621-598da9f991fa c811ab23a2a84ff9a896a43597c3bf1a 132c195542154879b67866bb09b1b00a - - default default] http://[LB_IP_ADDRESS]:8776/v3/132c195542154879b67866bb09b1b00a/volumes/detail returned with HTTP 200
2026-06-29 11:03:08.661 75 INFO cinder.api.openstack.wsgi [None req-915b8135-cccb-41dd-8903-0b160fb90c27 c811ab23a2a84ff9a896a43597c3bf1a 132c195542154879b67866bb09b1b00a - - default default] POST http://[LB_IP_ADDRESS]:8776/v3/132c195542154879b67866bb09b1b00a/groups/bb5f6942-33d6-47fa-beea-553cb8ba02b6/action
2026-06-29 11:03:08.665 75 INFO cinder.api.v3.groups [None req-915b8135-cccb-41dd-8903-0b160fb90c27 c811ab23a2a84ff9a896a43597c3bf1a 132c195542154879b67866bb09b1b00a - - default default] Delete group with id: bb5f6942-33d6-47fa-beea-553cb8ba02b6
2026-06-29 11:03:08.674 73 INFO cinder.api.openstack.wsgi [None req-c6ca5bc7-ec6c-46d7-84bf-a61dcc0ff8e5 09b198e0a7934d049506cd89a96654ea 111df5fc41e1413da9b799e4fd8e6a92 - - default default] http://[LB_IP_ADDRESS]:8776/v3/111df5fc41e1413da9b799e4fd8e6a92/groups/6aa3d42f-6f6b-43b4-8074-17835b80920e/action returned with HTTP 202
2026-06-29 11:03:08.686 76 INFO cinder.api.openstack.wsgi [None req-dc198506-cc4b-491f-a13f-ff10c0a2e3d3 09b198e0a7934d049506cd89a96654ea 111df5fc41e1413da9b799e4fd8e6a92 - - default default] GET http://[LB_IP_ADDRESS]:8776/v3/111df5fc41e1413da9b799e4fd8e6a92/volumes/39f15541-5d16-4637-b192-1b8ce7b4b88c
2026-06-29 11:03:08.708 76 INFO cinder.volume.api [None req-dc198506-cc4b-491f-a13f-ff10c0a2e3d3 09b198e0a7934d049506cd89a96654ea 111df5fc41e1413da9b799e4fd8e6a92 - - default default] Volume info retrieved successfully.
2026-06-29 11:03:08.726 75 INFO cinder.api.openstack.wsgi [None req-915b8135-cccb-41dd-8903-0b160fb90c27 c811ab23a2a84ff9a896a43597c3bf1a 132c195542154879b67866bb09b1b00a - - default default] http://[LB_IP_ADDRESS]:8776/v3/132c195542154879b67866bb09b1b00a/groups/bb5f6942-33d6-47fa-beea-553cb8ba02b6/action returned with HTTP 202
2026-06-29 11:03:08.737 76 INFO cinder.api.openstack.wsgi [None req-dc198506-cc4b-491f-a13f-ff10c0a2e3d3 09b198e0a7934d049506cd89a96654ea 111df5fc41e1413da9b799e4fd8e6a92 - - default default] http://[LB_IP_ADDRESS]:8776/v3/111df5fc41e1413da9b799e4fd8e6a92/volumes/39f15541-5d16-4637-b192-1b8ce7b4b88c returned with HTTP 200
2026-06-29 11:03:08.739 74 INFO cinder.api.openstack.wsgi [None req-d41c3284-a2f9-49c0-8b40-b009613b4de3 c811ab23a2a84ff9a896a43597c3bf1a 132c195542154879b67866bb09b1b00a - - default default] GET http://[LB_IP_ADDRESS]:8776/v3/132c195542154879b67866bb09b1b00a/volumes/ff440fd7-a88a-49b4-b469-d956e3ce1f28
2026-06-29 11:03:08.760 74 INFO cinder.volume.api [None req-d41c3284-a2f9-49c0-8b40-b009613b4de3 c811ab23a2a84ff9a896a43597c3bf1a 132c195542154879b67866bb09b1b00a - - default default] Volume info retrieved successfully.
2026-06-29 11:03:08.791 74 INFO cinder.api.openstack.wsgi [None req-d41c3284-a2f9-49c0-8b40-b009613b4de3 c811ab23a2a84ff9a896a43597c3bf1a 132c195542154879b67866bb09b1b00a - - default default] http://[LB_IP_ADDRESS]:8776/v3/132c195542154879b67866bb09b1b00a/volumes/ff440fd7-a88a-49b4-b469-d956e3ce1f28 returned with HTTP 200
2026-06-29 11:03:09.385 72 INFO cinder.api.openstack.wsgi [None req-2c720272-49f4-4f9e-9677-5a9aaafe6cf1 aa79157df81b4a4ea902864a15b303ad 429024740a1748c1981cf67d9663e8c5 - - default default] GET http://[LB_IP_ADDRESS]:8776/v3/429024740a1748c1981cf67d9663e8c5/groups/43052169-674c-452b-a43a-99ec2259be51
2026-06-29 11:03:09.406 72 INFO cinder.api.openstack.wsgi [None req-2c720272-49f4-4f9e-9677-5a9aaafe6cf1 aa79157df81b4a4ea902864a15b303ad 429024740a1748c1981cf67d9663e8c5 - - default default] http://[LB_IP_ADDRESS]:8776/v3/429024740a1748c1981cf67d9663e8c5/groups/43052169-674c-452b-a43a-99ec2259be51 returned with HTTP 200
2026-06-29 11:03:09.423 73 INFO cinder.api.openstack.wsgi [None req-d9c4bd05-1e58-450f-8730-c82435d9968c aa79157df81b4a4ea902864a15b303ad 429024740a1748c1981cf67d9663e8c5 - - default default] POST http://[LB_IP_ADDRESS]:8776/v3/429024740a1748c1981cf67d9663e8c5/volumes
2026-06-29 11:03:09.438 73 INFO cinder.api.v3.volumes [None req-d9c4bd05-1e58-450f-8730-c82435d9968c aa79157df81b4a4ea902864a15b303ad 429024740a1748c1981cf67d9663e8c5 - - default default] Create volume of 1 GB
2026-06-29 11:03:09.449 73 INFO cinder.volume.api [None req-d9c4bd05-1e58-450f-8730-c82435d9968c aa79157df81b4a4ea902864a15b303ad 429024740a1748c1981cf67d9663e8c5 - - default default] Availability Zones retrieved successfully.
2026-06-29 11:03:09.761 75 INFO cinder.api.openstack.wsgi [None req-6c344ac3-9343-43cc-a9ca-615a98216c84 09b198e0a7934d049506cd89a96654ea 111df5fc41e1413da9b799e4fd8e6a92 - - default default] GET http://[LB_IP_ADDRESS]:8776/v3/111df5fc41e1413da9b799e4fd8e6a92/volumes/39f15541-5d16-4637-b192-1b8ce7b4b88c
2026-06-29 11:03:09.772 75 INFO cinder.api.openstack.wsgi [None req-6c344ac3-9343-43cc-a9ca-615a98216c84 09b198e0a7934d049506cd89a96654ea 111df5fc41e1413da9b799e4fd8e6a92 - - default default] http://[LB_IP_ADDRESS]:8776/v3/111df5fc41e1413da9b799e4fd8e6a92/volumes/39f15541-5d16-4637-b192-1b8ce7b4b88c returned with HTTP 404
2026-06-29 11:03:09.785 76 INFO cinder.api.openstack.wsgi [None req-406ac950-f7b7-4867-a027-6ef4930197ab 09b198e0a7934d049506cd89a96654ea 111df5fc41e1413da9b799e4fd8e6a92 - - default default] GET http://[LB_IP_ADDRESS]:8776/v3/111df5fc41e1413da9b799e4fd8e6a92/groups/6aa3d42f-6f6b-43b4-8074-17835b80920e
2026-06-29 11:03:09.791 76 INFO cinder.api.openstack.wsgi [None req-406ac950-f7b7-4867-a027-6ef4930197ab 09b198e0a7934d049506cd89a96654ea 111df5fc41e1413da9b799e4fd8e6a92 - - default default] http://[LB_IP_ADDRESS]:8776/v3/111df5fc41e1413da9b799e4fd8e6a92/groups/6aa3d42f-6f6b-43b4-8074-17835b80920e returned with HTTP 404
2026-06-29 11:03:09.804 74 INFO cinder.api.openstack.wsgi [None req-8c6c712e-a26d-470c-bb68-62b9046b5efd 14cddd305da340d1923972d366561c5f 4e5a1830cdaa4ab8ae18766558ee7641 - - default default] DELETE http://[LB_IP_ADDRESS]:8776/v3/4e5a1830cdaa4ab8ae18766558ee7641/group_types/b0115cf5-259b-4918-9ff9-ce60a7e7c522
2026-06-29 11:03:09.812 72 INFO cinder.api.openstack.wsgi [None req-1d702e95-5b22-4c63-abf7-5bede8272e69 c811ab23a2a84ff9a896a43597c3bf1a 132c195542154879b67866bb09b1b00a - - default default] GET http://[LB_IP_ADDRESS]:8776/v3/132c195542154879b67866bb09b1b00a/volumes/ff440fd7-a88a-49b4-b469-d956e3ce1f28
2026-06-29 11:03:09.823 72 INFO cinder.api.openstack.wsgi [None req-1d702e95-5b22-4c63-abf7-5bede8272e69 c811ab23a2a84ff9a896a43597c3bf1a 132c195542154879b67866bb09b1b00a - - default default] http://[LB_IP_ADDRESS]:8776/v3/132c195542154879b67866bb09b1b00a/volumes/ff440fd7-a88a-49b4-b469-d956e3ce1f28 returned with HTTP 404
2026-06-29 11:03:09.824 74 INFO cinder.api.openstack.wsgi [None req-8c6c712e-a26d-470c-bb68-62b9046b5efd 14cddd305da340d1923972d366561c5f 4e5a1830cdaa4ab8ae18766558ee7641 - - default default] http://[LB_IP_ADDRESS]:8776/v3/4e5a1830cdaa4ab8ae18766558ee7641/group_types/b0115cf5-259b-4918-9ff9-ce60a7e7c522 returned with HTTP 202
2026-06-29 11:03:09.836 75 INFO cinder.api.openstack.wsgi [None req-42fe4209-30ec-4024-869f-044a36f00a30 c811ab23a2a84ff9a896a43597c3bf1a 132c195542154879b67866bb09b1b00a - - default default] GET http://[LB_IP_ADDRESS]:8776/v3/132c195542154879b67866bb09b1b00a/groups/bb5f6942-33d6-47fa-beea-553cb8ba02b6
2026-06-29 11:03:09.836 76 INFO cinder.api.openstack.wsgi [None req-491b88b9-33f4-4fc3-ae50-8b07ec44da88 14cddd305da340d1923972d366561c5f 4e5a1830cdaa4ab8ae18766558ee7641 - - default default] DELETE http://[LB_IP_ADDRESS]:8776/v3/4e5a1830cdaa4ab8ae18766558ee7641/types/839bf0c1-b681-44d1-9556-dfdbd9d273b1
2026-06-29 11:03:09.841 75 INFO cinder.api.openstack.wsgi [None req-42fe4209-30ec-4024-869f-044a36f00a30 c811ab23a2a84ff9a896a43597c3bf1a 132c195542154879b67866bb09b1b00a - - default default] http://[LB_IP_ADDRESS]:8776/v3/132c195542154879b67866bb09b1b00a/groups/bb5f6942-33d6-47fa-beea-553cb8ba02b6 returned with HTTP 404
2026-06-29 11:03:09.854 72 INFO cinder.api.openstack.wsgi [None req-32f08c31-efb4-40b8-b8e5-5a8f3dba777f c811ab23a2a84ff9a896a43597c3bf1a 132c195542154879b67866bb09b1b00a - - default default] DELETE http://[LB_IP_ADDRESS]:8776/v3/132c195542154879b67866bb09b1b00a/group_snapshots/2dfc0bbc-9a35-4fbf-b4b5-6d99cbf7a80d
2026-06-29 11:03:09.855 72 INFO cinder.api.v3.group_snapshots [None req-32f08c31-efb4-40b8-b8e5-5a8f3dba777f c811ab23a2a84ff9a896a43597c3bf1a 132c195542154879b67866bb09b1b00a - - default default] Delete group_snapshot with id: 2dfc0bbc-9a35-4fbf-b4b5-6d99cbf7a80d
2026-06-29 11:03:09.895 76 INFO cinder.api.openstack.wsgi [None req-491b88b9-33f4-4fc3-ae50-8b07ec44da88 14cddd305da340d1923972d366561c5f 4e5a1830cdaa4ab8ae18766558ee7641 - - default default] http://[LB_IP_ADDRESS]:8776/v3/4e5a1830cdaa4ab8ae18766558ee7641/types/839bf0c1-b681-44d1-9556-dfdbd9d273b1 returned with HTTP 202
2026-06-29 11:03:09.906 74 INFO cinder.api.openstack.wsgi [None req-9c73242b-7a79-4a3e-9163-2a99a173f998 14cddd305da340d1923972d366561c5f 4e5a1830cdaa4ab8ae18766558ee7641 - - default default] GET http://[LB_IP_ADDRESS]:8776/v3/4e5a1830cdaa4ab8ae18766558ee7641/types/839bf0c1-b681-44d1-9556-dfdbd9d273b1
2026-06-29 11:03:09.908 72 INFO cinder.api.openstack.wsgi [None req-32f08c31-efb4-40b8-b8e5-5a8f3dba777f c811ab23a2a84ff9a896a43597c3bf1a 132c195542154879b67866bb09b1b00a - - default default] http://[LB_IP_ADDRESS]:8776/v3/132c195542154879b67866bb09b1b00a/group_snapshots/2dfc0bbc-9a35-4fbf-b4b5-6d99cbf7a80d returned with HTTP 202
2026-06-29 11:03:09.912 74 INFO cinder.api.openstack.wsgi [None req-9c73242b-7a79-4a3e-9163-2a99a173f998 14cddd305da340d1923972d366561c5f 4e5a1830cdaa4ab8ae18766558ee7641 - - default default] http://[LB_IP_ADDRESS]:8776/v3/4e5a1830cdaa4ab8ae18766558ee7641/types/839bf0c1-b681-44d1-9556-dfdbd9d273b1 returned with HTTP 404
2026-06-29 11:03:09.920 75 INFO cinder.api.openstack.wsgi [None req-06e14e52-754f-489f-85ae-c5ae778ce82b c811ab23a2a84ff9a896a43597c3bf1a 132c195542154879b67866bb09b1b00a - - default default] GET http://[LB_IP_ADDRESS]:8776/v3/132c195542154879b67866bb09b1b00a/volumes/detail
2026-06-29 11:03:09.936 75 INFO cinder.volume.api [None req-06e14e52-754f-489f-85ae-c5ae778ce82b c811ab23a2a84ff9a896a43597c3bf1a 132c195542154879b67866bb09b1b00a - - default default] Get all volumes completed successfully.
2026-06-29 11:03:09.969 75 INFO cinder.api.openstack.wsgi [None req-06e14e52-754f-489f-85ae-c5ae778ce82b c811ab23a2a84ff9a896a43597c3bf1a 132c195542154879b67866bb09b1b00a - - default default] http://[LB_IP_ADDRESS]:8776/v3/132c195542154879b67866bb09b1b00a/volumes/detail returned with HTTP 200
2026-06-29 11:03:09.991 76 INFO cinder.api.openstack.wsgi [None req-dde65635-f7f8-49c1-af59-d559a5d9c3b6 c811ab23a2a84ff9a896a43597c3bf1a 132c195542154879b67866bb09b1b00a - - default default] GET http://[LB_IP_ADDRESS]:8776/v3/132c195542154879b67866bb09b1b00a/snapshots/detail
2026-06-29 11:03:10.001 76 INFO cinder.volume.api [None req-dde65635-f7f8-49c1-af59-d559a5d9c3b6 c811ab23a2a84ff9a896a43597c3bf1a 132c195542154879b67866bb09b1b00a - - default default] Get all snapshots completed successfully.
2026-06-29 11:03:10.003 76 INFO cinder.api.openstack.wsgi [None req-dde65635-f7f8-49c1-af59-d559a5d9c3b6 c811ab23a2a84ff9a896a43597c3bf1a 132c195542154879b67866bb09b1b00a - - default default] http://[LB_IP_ADDRESS]:8776/v3/132c195542154879b67866bb09b1b00a/snapshots/detail returned with HTTP 200
2026-06-29 11:03:10.019 72 INFO cinder.api.openstack.wsgi [None req-1f7ac195-12c9-4530-b9aa-e6afcc21ecf0 c811ab23a2a84ff9a896a43597c3bf1a 132c195542154879b67866bb09b1b00a - - default default] GET http://[LB_IP_ADDRESS]:8776/v3/132c195542154879b67866bb09b1b00a/snapshots/6f10be2a-2157-4394-915f-3b8e1712d901
2026-06-29 11:03:10.030 72 INFO cinder.volume.api [None req-1f7ac195-12c9-4530-b9aa-e6afcc21ecf0 c811ab23a2a84ff9a896a43597c3bf1a 132c195542154879b67866bb09b1b00a - - default default] Snapshot retrieved successfully.
2026-06-29 11:03:10.033 72 INFO cinder.api.openstack.wsgi [None req-1f7ac195-12c9-4530-b9aa-e6afcc21ecf0 c811ab23a2a84ff9a896a43597c3bf1a 132c195542154879b67866bb09b1b00a - - default default] http://[LB_IP_ADDRESS]:8776/v3/132c195542154879b67866bb09b1b00a/snapshots/6f10be2a-2157-4394-915f-3b8e1712d901 returned with HTTP 200
2026-06-29 11:03:10.256 73 WARNING cinder.quota [None req-d9c4bd05-1e58-450f-8730-c82435d9968c aa79157df81b4a4ea902864a15b303ad 429024740a1748c1981cf67d9663e8c5 - - default default] Deprecated: Default quota for resource: volumes_tempest-GroupSnapshotsV319Test-volume-type-3057486 is set by the default quota flag: quota_volumes_tempest-GroupSnapshotsV319Test-volume-type-3057486, it is now deprecated. Please use the default quota class for default quota.
2026-06-29 11:03:10.257 73 WARNING cinder.quota [None req-d9c4bd05-1e58-450f-8730-c82435d9968c aa79157df81b4a4ea902864a15b303ad 429024740a1748c1981cf67d9663e8c5 - - default default] Deprecated: Default quota for resource: gigabytes_tempest-GroupSnapshotsV319Test-volume-type-3057486 is set by the default quota flag: quota_gigabytes_tempest-GroupSnapshotsV319Test-volume-type-3057486, it is now deprecated. Please use the default quota class for default quota.
2026-06-29 11:03:10.402 73 INFO cinder.volume.api [None req-d9c4bd05-1e58-450f-8730-c82435d9968c aa79157df81b4a4ea902864a15b303ad 429024740a1748c1981cf67d9663e8c5 - - default default] Create volume request issued successfully.
2026-06-29 11:03:10.424 73 INFO cinder.api.openstack.wsgi [None req-d9c4bd05-1e58-450f-8730-c82435d9968c aa79157df81b4a4ea902864a15b303ad 429024740a1748c1981cf67d9663e8c5 - - default default] http://[LB_IP_ADDRESS]:8776/v3/429024740a1748c1981cf67d9663e8c5/volumes returned with HTTP 202
2026-06-29 11:03:10.446 74 INFO cinder.api.openstack.wsgi [None req-b9345d28-5d2c-4235-9448-d7bd88c62fbf aa79157df81b4a4ea902864a15b303ad 429024740a1748c1981cf67d9663e8c5 - - default default] GET http://[LB_IP_ADDRESS]:8776/v3/429024740a1748c1981cf67d9663e8c5/volumes/b1c750ea-9cc4-4f1b-92b0-c87936dab812
2026-06-29 11:03:10.468 74 INFO cinder.volume.api [None req-b9345d28-5d2c-4235-9448-d7bd88c62fbf aa79157df81b4a4ea902864a15b303ad 429024740a1748c1981cf67d9663e8c5 - - default default] Volume info retrieved successfully.
2026-06-29 11:03:10.498 74 INFO cinder.api.openstack.wsgi [None req-b9345d28-5d2c-4235-9448-d7bd88c62fbf aa79157df81b4a4ea902864a15b303ad 429024740a1748c1981cf67d9663e8c5 - - default default] http://[LB_IP_ADDRESS]:8776/v3/429024740a1748c1981cf67d9663e8c5/volumes/b1c750ea-9cc4-4f1b-92b0-c87936dab812 returned with HTTP 200
2026-06-29 11:03:11.050 75 INFO cinder.api.openstack.wsgi [None req-97abe965-9d3d-45a5-a791-1d6cc1f735e9 c811ab23a2a84ff9a896a43597c3bf1a 132c195542154879b67866bb09b1b00a - - default default] GET http://[LB_IP_ADDRESS]:8776/v3/132c195542154879b67866bb09b1b00a/snapshots/6f10be2a-2157-4394-915f-3b8e1712d901
2026-06-29 11:03:11.059 75 INFO cinder.api.openstack.wsgi [None req-97abe965-9d3d-45a5-a791-1d6cc1f735e9 c811ab23a2a84ff9a896a43597c3bf1a 132c195542154879b67866bb09b1b00a - - default default] http://[LB_IP_ADDRESS]:8776/v3/132c195542154879b67866bb09b1b00a/snapshots/6f10be2a-2157-4394-915f-3b8e1712d901 returned with HTTP 404
2026-06-29 11:03:11.072 76 INFO cinder.api.openstack.wsgi [None req-f0fb74bf-1f05-4c30-b582-3a52a2c2b7f8 c811ab23a2a84ff9a896a43597c3bf1a 132c195542154879b67866bb09b1b00a - - default default] GET http://[LB_IP_ADDRESS]:8776/v3/132c195542154879b67866bb09b1b00a/group_snapshots/2dfc0bbc-9a35-4fbf-b4b5-6d99cbf7a80d
2026-06-29 11:03:11.077 76 INFO cinder.api.openstack.wsgi [None req-f0fb74bf-1f05-4c30-b582-3a52a2c2b7f8 c811ab23a2a84ff9a896a43597c3bf1a 132c195542154879b67866bb09b1b00a - - default default] http://[LB_IP_ADDRESS]:8776/v3/132c195542154879b67866bb09b1b00a/group_snapshots/2dfc0bbc-9a35-4fbf-b4b5-6d99cbf7a80d returned with HTTP 404
2026-06-29 11:03:11.089 72 INFO cinder.api.openstack.wsgi [None req-cc5c293b-1505-4e0b-a83b-22eb72eebf2f c811ab23a2a84ff9a896a43597c3bf1a 132c195542154879b67866bb09b1b00a - - default default] GET http://[LB_IP_ADDRESS]:8776/v3/132c195542154879b67866bb09b1b00a/volumes/detail
2026-06-29 11:03:11.104 72 INFO cinder.volume.api [None req-cc5c293b-1505-4e0b-a83b-22eb72eebf2f c811ab23a2a84ff9a896a43597c3bf1a 132c195542154879b67866bb09b1b00a - - default default] Get all volumes completed successfully.
2026-06-29 11:03:11.133 72 INFO cinder.api.openstack.wsgi [None req-cc5c293b-1505-4e0b-a83b-22eb72eebf2f c811ab23a2a84ff9a896a43597c3bf1a 132c195542154879b67866bb09b1b00a - - default default] http://[LB_IP_ADDRESS]:8776/v3/132c195542154879b67866bb09b1b00a/volumes/detail returned with HTTP 200
2026-06-29 11:03:11.156 73 INFO cinder.api.openstack.wsgi [None req-7970a007-31ce-4acd-be38-211a9302da9b c811ab23a2a84ff9a896a43597c3bf1a 132c195542154879b67866bb09b1b00a - - default default] POST http://[LB_IP_ADDRESS]:8776/v3/132c195542154879b67866bb09b1b00a/groups/0a38701c-f018-4da3-bae9-23a7e5df1ef7/action
2026-06-29 11:03:11.159 73 INFO cinder.api.v3.groups [None req-7970a007-31ce-4acd-be38-211a9302da9b c811ab23a2a84ff9a896a43597c3bf1a 132c195542154879b67866bb09b1b00a - - default default] Delete group with id: 0a38701c-f018-4da3-bae9-23a7e5df1ef7
2026-06-29 11:03:11.225 73 INFO cinder.api.openstack.wsgi [None req-7970a007-31ce-4acd-be38-211a9302da9b c811ab23a2a84ff9a896a43597c3bf1a 132c195542154879b67866bb09b1b00a - - default default] http://[LB_IP_ADDRESS]:8776/v3/132c195542154879b67866bb09b1b00a/groups/0a38701c-f018-4da3-bae9-23a7e5df1ef7/action returned with HTTP 202
2026-06-29 11:03:11.237 74 INFO cinder.api.openstack.wsgi [None req-8135fa55-f22b-4318-840f-f2ff9eb92eab c811ab23a2a84ff9a896a43597c3bf1a 132c195542154879b67866bb09b1b00a - - default default] GET http://[LB_IP_ADDRESS]:8776/v3/132c195542154879b67866bb09b1b00a/volumes/b37a6b8a-75b8-4728-8835-56c03b84a936
2026-06-29 11:03:11.259 74 INFO cinder.volume.api [None req-8135fa55-f22b-4318-840f-f2ff9eb92eab c811ab23a2a84ff9a896a43597c3bf1a 132c195542154879b67866bb09b1b00a - - default default] Volume info retrieved successfully.
2026-06-29 11:03:11.288 74 INFO cinder.api.openstack.wsgi [None req-8135fa55-f22b-4318-840f-f2ff9eb92eab c811ab23a2a84ff9a896a43597c3bf1a 132c195542154879b67866bb09b1b00a - - default default] http://[LB_IP_ADDRESS]:8776/v3/132c195542154879b67866bb09b1b00a/volumes/b37a6b8a-75b8-4728-8835-56c03b84a936 returned with HTTP 200
2026-06-29 11:03:11.522 75 INFO cinder.api.openstack.wsgi [None req-5a96fd34-30e7-457e-9ad9-c1d54ae1c3cd aa79157df81b4a4ea902864a15b303ad 429024740a1748c1981cf67d9663e8c5 - - default default] GET http://[LB_IP_ADDRESS]:8776/v3/429024740a1748c1981cf67d9663e8c5/volumes/b1c750ea-9cc4-4f1b-92b0-c87936dab812
2026-06-29 11:03:11.544 75 INFO cinder.volume.api [None req-5a96fd34-30e7-457e-9ad9-c1d54ae1c3cd aa79157df81b4a4ea902864a15b303ad 429024740a1748c1981cf67d9663e8c5 - - default default] Volume info retrieved successfully.
2026-06-29 11:03:11.575 75 INFO cinder.api.openstack.wsgi [None req-5a96fd34-30e7-457e-9ad9-c1d54ae1c3cd aa79157df81b4a4ea902864a15b303ad 429024740a1748c1981cf67d9663e8c5 - - default default] http://[LB_IP_ADDRESS]:8776/v3/429024740a1748c1981cf67d9663e8c5/volumes/b1c750ea-9cc4-4f1b-92b0-c87936dab812 returned with HTTP 200
2026-06-29 11:03:11.599 76 INFO cinder.api.openstack.wsgi [None req-632fae09-8d12-490f-adff-8ee2d5fd35c5 aa79157df81b4a4ea902864a15b303ad 429024740a1748c1981cf67d9663e8c5 - - default default] POST http://[LB_IP_ADDRESS]:8776/v3/429024740a1748c1981cf67d9663e8c5/group_snapshots
2026-06-29 11:03:11.618 76 INFO cinder.api.v3.group_snapshots [None req-632fae09-8d12-490f-adff-8ee2d5fd35c5 aa79157df81b4a4ea902864a15b303ad 429024740a1748c1981cf67d9663e8c5 - - default default] Creating group_snapshot tempest-GroupSnapshotsV319Test-Group_Snapshot-1789959161.
2026-06-29 11:03:11.755 76 WARNING cinder.quota [None req-632fae09-8d12-490f-adff-8ee2d5fd35c5 aa79157df81b4a4ea902864a15b303ad 429024740a1748c1981cf67d9663e8c5 - - default default] Deprecated: Default quota for resource: gigabytes_tempest-GroupSnapshotsV319Test-volume-type-3057486 is set by the default quota flag: quota_gigabytes_tempest-GroupSnapshotsV319Test-volume-type-3057486, it is now deprecated. Please use the default quota class for default quota.
2026-06-29 11:03:11.756 76 WARNING cinder.quota [None req-632fae09-8d12-490f-adff-8ee2d5fd35c5 aa79157df81b4a4ea902864a15b303ad 429024740a1748c1981cf67d9663e8c5 - - default default] Deprecated: Default quota for resource: snapshots_tempest-GroupSnapshotsV319Test-volume-type-3057486 is set by the default quota flag: quota_snapshots_tempest-GroupSnapshotsV319Test-volume-type-3057486, it is now deprecated. Please use the default quota class for default quota.
2026-06-29 11:03:11.833 76 INFO cinder.api.openstack.wsgi [None req-632fae09-8d12-490f-adff-8ee2d5fd35c5 aa79157df81b4a4ea902864a15b303ad 429024740a1748c1981cf67d9663e8c5 - - default default] http://[LB_IP_ADDRESS]:8776/v3/429024740a1748c1981cf67d9663e8c5/group_snapshots returned with HTTP 202
2026-06-29 11:03:11.848 72 INFO cinder.api.openstack.wsgi [None req-ce1f270c-6d8d-4b07-a25c-a914c77ff7bf aa79157df81b4a4ea902864a15b303ad 429024740a1748c1981cf67d9663e8c5 - - default default] GET http://[LB_IP_ADDRESS]:8776/v3/429024740a1748c1981cf67d9663e8c5/group_snapshots/9b9ede2f-d9ff-428d-90ba-f85bb8709e9f
2026-06-29 11:03:11.862 72 INFO cinder.api.openstack.wsgi [None req-ce1f270c-6d8d-4b07-a25c-a914c77ff7bf aa79157df81b4a4ea902864a15b303ad 429024740a1748c1981cf67d9663e8c5 - - default default] http://[LB_IP_ADDRESS]:8776/v3/429024740a1748c1981cf67d9663e8c5/group_snapshots/9b9ede2f-d9ff-428d-90ba-f85bb8709e9f returned with HTTP 200
2026-06-29 11:03:12.310 73 INFO cinder.api.openstack.wsgi [None req-c3c3edea-6133-44b1-97be-4bc1dcd46970 c811ab23a2a84ff9a896a43597c3bf1a 132c195542154879b67866bb09b1b00a - - default default] GET http://[LB_IP_ADDRESS]:8776/v3/132c195542154879b67866bb09b1b00a/volumes/b37a6b8a-75b8-4728-8835-56c03b84a936
2026-06-29 11:03:12.323 73 INFO cinder.api.openstack.wsgi [None req-c3c3edea-6133-44b1-97be-4bc1dcd46970 c811ab23a2a84ff9a896a43597c3bf1a 132c195542154879b67866bb09b1b00a - - default default] http://[LB_IP_ADDRESS]:8776/v3/132c195542154879b67866bb09b1b00a/volumes/b37a6b8a-75b8-4728-8835-56c03b84a936 returned with HTTP 404
2026-06-29 11:03:12.335 74 INFO cinder.api.openstack.wsgi [None req-52036c34-f718-4c64-a2ee-b318cae4491e c811ab23a2a84ff9a896a43597c3bf1a 132c195542154879b67866bb09b1b00a - - default default] GET http://[LB_IP_ADDRESS]:8776/v3/132c195542154879b67866bb09b1b00a/groups/0a38701c-f018-4da3-bae9-23a7e5df1ef7
2026-06-29 11:03:12.341 74 INFO cinder.api.openstack.wsgi [None req-52036c34-f718-4c64-a2ee-b318cae4491e c811ab23a2a84ff9a896a43597c3bf1a 132c195542154879b67866bb09b1b00a - - default default] http://[LB_IP_ADDRESS]:8776/v3/132c195542154879b67866bb09b1b00a/groups/0a38701c-f018-4da3-bae9-23a7e5df1ef7 returned with HTTP 404
2026-06-29 11:03:12.355 75 INFO cinder.api.openstack.wsgi [None req-3e08248f-6a3b-4825-8e80-770ce1632e70 1e27e7ebc6f841398b1d463e8cbc8902 2c1acc37bf7440d18046aa52ff628e01 - - default default] DELETE http://[LB_IP_ADDRESS]:8776/v3/2c1acc37bf7440d18046aa52ff628e01/group_types/37dce027-1984-4207-9dc5-15d97579e961
2026-06-29 11:03:12.375 75 INFO cinder.api.openstack.wsgi [None req-3e08248f-6a3b-4825-8e80-770ce1632e70 1e27e7ebc6f841398b1d463e8cbc8902 2c1acc37bf7440d18046aa52ff628e01 - - default default] http://[LB_IP_ADDRESS]:8776/v3/2c1acc37bf7440d18046aa52ff628e01/group_types/37dce027-1984-4207-9dc5-15d97579e961 returned with HTTP 202
2026-06-29 11:03:12.388 76 INFO cinder.api.openstack.wsgi [None req-f9341836-b534-47c4-b606-5b44934b9767 1e27e7ebc6f841398b1d463e8cbc8902 2c1acc37bf7440d18046aa52ff628e01 - - default default] DELETE http://[LB_IP_ADDRESS]:8776/v3/2c1acc37bf7440d18046aa52ff628e01/types/21ed262e-ff18-4cf1-810f-9613da45a311
2026-06-29 11:03:12.439 76 INFO cinder.api.openstack.wsgi [None req-f9341836-b534-47c4-b606-5b44934b9767 1e27e7ebc6f841398b1d463e8cbc8902 2c1acc37bf7440d18046aa52ff628e01 - - default default] http://[LB_IP_ADDRESS]:8776/v3/2c1acc37bf7440d18046aa52ff628e01/types/21ed262e-ff18-4cf1-810f-9613da45a311 returned with HTTP 202
2026-06-29 11:03:12.451 72 INFO cinder.api.openstack.wsgi [None req-4761ec5c-c2dd-4bab-b1e1-91ab3bc0420a 1e27e7ebc6f841398b1d463e8cbc8902 2c1acc37bf7440d18046aa52ff628e01 - - default default] GET http://[LB_IP_ADDRESS]:8776/v3/2c1acc37bf7440d18046aa52ff628e01/types/21ed262e-ff18-4cf1-810f-9613da45a311
2026-06-29 11:03:12.457 72 INFO cinder.api.openstack.wsgi [None req-4761ec5c-c2dd-4bab-b1e1-91ab3bc0420a 1e27e7ebc6f841398b1d463e8cbc8902 2c1acc37bf7440d18046aa52ff628e01 - - default default] http://[LB_IP_ADDRESS]:8776/v3/2c1acc37bf7440d18046aa52ff628e01/types/21ed262e-ff18-4cf1-810f-9613da45a311 returned with HTTP 404
2026-06-29 11:03:12.477 73 INFO cinder.api.openstack.wsgi [None req-a5bf93b6-491e-4f85-a752-a74ebb57ef6d 1e27e7ebc6f841398b1d463e8cbc8902 2c1acc37bf7440d18046aa52ff628e01 - - default default] POST http://[LB_IP_ADDRESS]:8776/v3/2c1acc37bf7440d18046aa52ff628e01/types
2026-06-29 11:03:12.514 73 INFO cinder.api.openstack.wsgi [None req-a5bf93b6-491e-4f85-a752-a74ebb57ef6d 1e27e7ebc6f841398b1d463e8cbc8902 2c1acc37bf7440d18046aa52ff628e01 - - default default] http://[LB_IP_ADDRESS]:8776/v3/2c1acc37bf7440d18046aa52ff628e01/types returned with HTTP 200
2026-06-29 11:03:12.529 74 INFO cinder.api.openstack.wsgi [None req-2296f1f6-9fa5-4f70-bb3c-b7f24eccd414 1e27e7ebc6f841398b1d463e8cbc8902 2c1acc37bf7440d18046aa52ff628e01 - - default default] POST http://[LB_IP_ADDRESS]:8776/v3/2c1acc37bf7440d18046aa52ff628e01/group_types
2026-06-29 11:03:12.556 74 INFO cinder.api.openstack.wsgi [None req-2296f1f6-9fa5-4f70-bb3c-b7f24eccd414 1e27e7ebc6f841398b1d463e8cbc8902 2c1acc37bf7440d18046aa52ff628e01 - - default default] http://[LB_IP_ADDRESS]:8776/v3/2c1acc37bf7440d18046aa52ff628e01/group_types returned with HTTP 202
2026-06-29 11:03:12.571 75 INFO cinder.api.openstack.wsgi [None req-a424d0d0-ecd6-4810-b23c-e0ae33744c4b c811ab23a2a84ff9a896a43597c3bf1a 132c195542154879b67866bb09b1b00a - - default default] POST http://[LB_IP_ADDRESS]:8776/v3/132c195542154879b67866bb09b1b00a/groups
2026-06-29 11:03:12.582 75 INFO cinder.api.v3.groups [None req-a424d0d0-ecd6-4810-b23c-e0ae33744c4b c811ab23a2a84ff9a896a43597c3bf1a 132c195542154879b67866bb09b1b00a - - default default] Creating group tempest-GroupSnapshotsTest-Group-1195854484.
2026-06-29 11:03:12.593 75 INFO cinder.volume.api [None req-a424d0d0-ecd6-4810-b23c-e0ae33744c4b c811ab23a2a84ff9a896a43597c3bf1a 132c195542154879b67866bb09b1b00a - - default default] Availability Zones retrieved successfully.
2026-06-29 11:03:12.731 75 INFO cinder.api.openstack.wsgi [None req-a424d0d0-ecd6-4810-b23c-e0ae33744c4b c811ab23a2a84ff9a896a43597c3bf1a 132c195542154879b67866bb09b1b00a - - default default] http://[LB_IP_ADDRESS]:8776/v3/132c195542154879b67866bb09b1b00a/groups returned with HTTP 202
2026-06-29 11:03:12.745 76 INFO cinder.api.openstack.wsgi [None req-d8900e10-20c0-4ca5-b052-e686e04d98fe c811ab23a2a84ff9a896a43597c3bf1a 132c195542154879b67866bb09b1b00a - - default default] GET http://[LB_IP_ADDRESS]:8776/v3/132c195542154879b67866bb09b1b00a/groups/9d7fb7d7-385e-4f38-8629-81a098dedf51
2026-06-29 11:03:12.768 76 INFO cinder.api.openstack.wsgi [None req-d8900e10-20c0-4ca5-b052-e686e04d98fe c811ab23a2a84ff9a896a43597c3bf1a 132c195542154879b67866bb09b1b00a - - default default] http://[LB_IP_ADDRESS]:8776/v3/132c195542154879b67866bb09b1b00a/groups/9d7fb7d7-385e-4f38-8629-81a098dedf51 returned with HTTP 200
2026-06-29 11:03:12.878 72 INFO cinder.api.openstack.wsgi [None req-0b3918ad-5eb3-4c37-93fb-ca8f7a47ac00 aa79157df81b4a4ea902864a15b303ad 429024740a1748c1981cf67d9663e8c5 - - default default] GET http://[LB_IP_ADDRESS]:8776/v3/429024740a1748c1981cf67d9663e8c5/group_snapshots/9b9ede2f-d9ff-428d-90ba-f85bb8709e9f
2026-06-29 11:03:12.893 72 INFO cinder.api.openstack.wsgi [None req-0b3918ad-5eb3-4c37-93fb-ca8f7a47ac00 aa79157df81b4a4ea902864a15b303ad 429024740a1748c1981cf67d9663e8c5 - - default default] http://[LB_IP_ADDRESS]:8776/v3/429024740a1748c1981cf67d9663e8c5/group_snapshots/9b9ede2f-d9ff-428d-90ba-f85bb8709e9f returned with HTTP 200
2026-06-29 11:03:13.785 73 INFO cinder.api.openstack.wsgi [None req-24fc01f2-a0ba-42ef-bf1d-1bf77c3bd545 c811ab23a2a84ff9a896a43597c3bf1a 132c195542154879b67866bb09b1b00a - - default default] GET http://[LB_IP_ADDRESS]:8776/v3/132c195542154879b67866bb09b1b00a/groups/9d7fb7d7-385e-4f38-8629-81a098dedf51
2026-06-29 11:03:13.808 73 INFO cinder.api.openstack.wsgi [None req-24fc01f2-a0ba-42ef-bf1d-1bf77c3bd545 c811ab23a2a84ff9a896a43597c3bf1a 132c195542154879b67866bb09b1b00a - - default default] http://[LB_IP_ADDRESS]:8776/v3/132c195542154879b67866bb09b1b00a/groups/9d7fb7d7-385e-4f38-8629-81a098dedf51 returned with HTTP 200
2026-06-29 11:03:13.824 74 INFO cinder.api.openstack.wsgi [None req-f86d5a67-eaed-45ae-b056-1189d391b05d c811ab23a2a84ff9a896a43597c3bf1a 132c195542154879b67866bb09b1b00a - - default default] POST http://[LB_IP_ADDRESS]:8776/v3/132c195542154879b67866bb09b1b00a/volumes
2026-06-29 11:03:13.839 74 INFO cinder.api.v3.volumes [None req-f86d5a67-eaed-45ae-b056-1189d391b05d c811ab23a2a84ff9a896a43597c3bf1a 132c195542154879b67866bb09b1b00a - - default default] Create volume of 1 GB
2026-06-29 11:03:13.849 74 INFO cinder.volume.api [None req-f86d5a67-eaed-45ae-b056-1189d391b05d c811ab23a2a84ff9a896a43597c3bf1a 132c195542154879b67866bb09b1b00a - - default default] Availability Zones retrieved successfully.
2026-06-29 11:03:13.909 75 INFO cinder.api.openstack.wsgi [None req-bee9bfed-b279-4895-a42f-7ffff578f900 aa79157df81b4a4ea902864a15b303ad 429024740a1748c1981cf67d9663e8c5 - - default default] GET http://[LB_IP_ADDRESS]:8776/v3/429024740a1748c1981cf67d9663e8c5/group_snapshots/9b9ede2f-d9ff-428d-90ba-f85bb8709e9f
2026-06-29 11:03:13.924 75 INFO cinder.api.openstack.wsgi [None req-bee9bfed-b279-4895-a42f-7ffff578f900 aa79157df81b4a4ea902864a15b303ad 429024740a1748c1981cf67d9663e8c5 - - default default] http://[LB_IP_ADDRESS]:8776/v3/429024740a1748c1981cf67d9663e8c5/group_snapshots/9b9ede2f-d9ff-428d-90ba-f85bb8709e9f returned with HTTP 200
2026-06-29 11:03:13.940 76 INFO cinder.api.openstack.wsgi [None req-53bfee75-9a6e-4a07-bb4c-d53ec506b56b aa79157df81b4a4ea902864a15b303ad 429024740a1748c1981cf67d9663e8c5 - - default default] GET http://[LB_IP_ADDRESS]:8776/v3/429024740a1748c1981cf67d9663e8c5/snapshots/detail
2026-06-29 11:03:13.950 76 INFO cinder.volume.api [None req-53bfee75-9a6e-4a07-bb4c-d53ec506b56b aa79157df81b4a4ea902864a15b303ad 429024740a1748c1981cf67d9663e8c5 - - default default] Get all snapshots completed successfully.
2026-06-29 11:03:13.952 76 INFO cinder.api.openstack.wsgi [None req-53bfee75-9a6e-4a07-bb4c-d53ec506b56b aa79157df81b4a4ea902864a15b303ad 429024740a1748c1981cf67d9663e8c5 - - default default] http://[LB_IP_ADDRESS]:8776/v3/429024740a1748c1981cf67d9663e8c5/snapshots/detail returned with HTTP 200
2026-06-29 11:03:13.970 72 INFO cinder.api.openstack.wsgi [None req-2ef373dc-ed46-400a-9e9b-91fa304d6fea aa79157df81b4a4ea902864a15b303ad 429024740a1748c1981cf67d9663e8c5 - - default default] GET http://[LB_IP_ADDRESS]:8776/v3/429024740a1748c1981cf67d9663e8c5/snapshots/a56d26d0-02d6-4bfe-8d3a-827db7ed1f92
2026-06-29 11:03:13.980 72 INFO cinder.volume.api [None req-2ef373dc-ed46-400a-9e9b-91fa304d6fea aa79157df81b4a4ea902864a15b303ad 429024740a1748c1981cf67d9663e8c5 - - default default] Snapshot retrieved successfully.
2026-06-29 11:03:13.982 72 INFO cinder.api.openstack.wsgi [None req-2ef373dc-ed46-400a-9e9b-91fa304d6fea aa79157df81b4a4ea902864a15b303ad 429024740a1748c1981cf67d9663e8c5 - - default default] http://[LB_IP_ADDRESS]:8776/v3/429024740a1748c1981cf67d9663e8c5/snapshots/a56d26d0-02d6-4bfe-8d3a-827db7ed1f92 returned with HTTP 200
2026-06-29 11:03:13.999 73 INFO cinder.api.openstack.wsgi [None req-0a7bf225-cbfc-4cb7-907c-1cf3cac714e6 1566e7f0ffc94574bd747091dba87653 5a1acdd944394995ad476d5895045e40 - - default default] POST http://[LB_IP_ADDRESS]:8776/v3/5a1acdd944394995ad476d5895045e40/group_snapshots/9b9ede2f-d9ff-428d-90ba-f85bb8709e9f/action
2026-06-29 11:03:14.017 73 INFO cinder.api.openstack.wsgi [None req-0a7bf225-cbfc-4cb7-907c-1cf3cac714e6 1566e7f0ffc94574bd747091dba87653 5a1acdd944394995ad476d5895045e40 - - default default] http://[LB_IP_ADDRESS]:8776/v3/5a1acdd944394995ad476d5895045e40/group_snapshots/9b9ede2f-d9ff-428d-90ba-f85bb8709e9f/action returned with HTTP 202
2026-06-29 11:03:14.029 75 INFO cinder.api.openstack.wsgi [None req-d250e31b-faf9-4b49-adf1-c97959365c65 aa79157df81b4a4ea902864a15b303ad 429024740a1748c1981cf67d9663e8c5 - - default default] GET http://[LB_IP_ADDRESS]:8776/v3/429024740a1748c1981cf67d9663e8c5/group_snapshots/9b9ede2f-d9ff-428d-90ba-f85bb8709e9f
2026-06-29 11:03:14.044 75 INFO cinder.api.openstack.wsgi [None req-d250e31b-faf9-4b49-adf1-c97959365c65 aa79157df81b4a4ea902864a15b303ad 429024740a1748c1981cf67d9663e8c5 - - default default] http://[LB_IP_ADDRESS]:8776/v3/429024740a1748c1981cf67d9663e8c5/group_snapshots/9b9ede2f-d9ff-428d-90ba-f85bb8709e9f returned with HTTP 200
2026-06-29 11:03:14.060 76 INFO cinder.api.openstack.wsgi [None req-d1658bd0-6994-4bb9-b130-4ccd505f524d 1566e7f0ffc94574bd747091dba87653 5a1acdd944394995ad476d5895045e40 - - default default] POST http://[LB_IP_ADDRESS]:8776/v3/5a1acdd944394995ad476d5895045e40/group_snapshots/9b9ede2f-d9ff-428d-90ba-f85bb8709e9f/action
2026-06-29 11:03:14.080 76 INFO cinder.api.openstack.wsgi [None req-d1658bd0-6994-4bb9-b130-4ccd505f524d 1566e7f0ffc94574bd747091dba87653 5a1acdd944394995ad476d5895045e40 - - default default] http://[LB_IP_ADDRESS]:8776/v3/5a1acdd944394995ad476d5895045e40/group_snapshots/9b9ede2f-d9ff-428d-90ba-f85bb8709e9f/action returned with HTTP 202
2026-06-29 11:03:14.092 72 INFO cinder.api.openstack.wsgi [None req-4d333f75-1007-499a-bdd3-9fdcd9ec0526 aa79157df81b4a4ea902864a15b303ad 429024740a1748c1981cf67d9663e8c5 - - default default] GET http://[LB_IP_ADDRESS]:8776/v3/429024740a1748c1981cf67d9663e8c5/group_snapshots/9b9ede2f-d9ff-428d-90ba-f85bb8709e9f
2026-06-29 11:03:14.106 72 INFO cinder.api.openstack.wsgi [None req-4d333f75-1007-499a-bdd3-9fdcd9ec0526 aa79157df81b4a4ea902864a15b303ad 429024740a1748c1981cf67d9663e8c5 - - default default] http://[LB_IP_ADDRESS]:8776/v3/429024740a1748c1981cf67d9663e8c5/group_snapshots/9b9ede2f-d9ff-428d-90ba-f85bb8709e9f returned with HTTP 200
2026-06-29 11:03:14.122 73 INFO cinder.api.openstack.wsgi [None req-a8cc2cbf-3a28-4482-ba8f-862772cf5bdd 1566e7f0ffc94574bd747091dba87653 5a1acdd944394995ad476d5895045e40 - - default default] POST http://[LB_IP_ADDRESS]:8776/v3/5a1acdd944394995ad476d5895045e40/group_snapshots/9b9ede2f-d9ff-428d-90ba-f85bb8709e9f/action
2026-06-29 11:03:14.143 73 INFO cinder.api.openstack.wsgi [None req-a8cc2cbf-3a28-4482-ba8f-862772cf5bdd 1566e7f0ffc94574bd747091dba87653 5a1acdd944394995ad476d5895045e40 - - default default] http://[LB_IP_ADDRESS]:8776/v3/5a1acdd944394995ad476d5895045e40/group_snapshots/9b9ede2f-d9ff-428d-90ba-f85bb8709e9f/action returned with HTTP 202
2026-06-29 11:03:14.155 75 INFO cinder.api.openstack.wsgi [None req-942fcfc2-f577-48ea-832e-724aee51211a aa79157df81b4a4ea902864a15b303ad 429024740a1748c1981cf67d9663e8c5 - - default default] GET http://[LB_IP_ADDRESS]:8776/v3/429024740a1748c1981cf67d9663e8c5/group_snapshots/9b9ede2f-d9ff-428d-90ba-f85bb8709e9f
2026-06-29 11:03:14.169 75 INFO cinder.api.openstack.wsgi [None req-942fcfc2-f577-48ea-832e-724aee51211a aa79157df81b4a4ea902864a15b303ad 429024740a1748c1981cf67d9663e8c5 - - default default] http://[LB_IP_ADDRESS]:8776/v3/429024740a1748c1981cf67d9663e8c5/group_snapshots/9b9ede2f-d9ff-428d-90ba-f85bb8709e9f returned with HTTP 200
