Build Started 14_10_2022_14_11_22
2022-10-14 14:13:02.200 23 INFO cinder.api.openstack.wsgi [None req-b8d3f899-44b4-4e65-8d63-6b322b7348b6 7fe799cd3bef4970a8ec3904b91358ce 24b60f6fbcbd481c8cbfd6992bf4450d - - default default] GET http://[LB_IP_ADDRESS]:8776/v3/24b60f6fbcbd481c8cbfd6992bf4450d/volumes/detail
2022-10-14 14:13:02.241 23 INFO cinder.volume.api [None req-b8d3f899-44b4-4e65-8d63-6b322b7348b6 7fe799cd3bef4970a8ec3904b91358ce 24b60f6fbcbd481c8cbfd6992bf4450d - - default default] Get all volumes completed successfully.
2022-10-14 14:13:02.248 23 INFO cinder.api.openstack.wsgi [None req-b8d3f899-44b4-4e65-8d63-6b322b7348b6 7fe799cd3bef4970a8ec3904b91358ce 24b60f6fbcbd481c8cbfd6992bf4450d - - default default] http://[LB_IP_ADDRESS]:8776/v3/24b60f6fbcbd481c8cbfd6992bf4450d/volumes/detail returned with HTTP 200
2022-10-14 14:13:02.268 22 INFO cinder.api.openstack.wsgi [req-b8d3f899-44b4-4e65-8d63-6b322b7348b6 req-cf738004-1b0c-478a-988c-f224b65b968e 7fe799cd3bef4970a8ec3904b91358ce 24b60f6fbcbd481c8cbfd6992bf4450d - - default default] GET http://[LB_IP_ADDRESS]:8776/v3/24b60f6fbcbd481c8cbfd6992bf4450d/snapshots/detail?all_tenants=True
2022-10-14 14:13:02.289 22 INFO cinder.volume.api [req-b8d3f899-44b4-4e65-8d63-6b322b7348b6 req-cf738004-1b0c-478a-988c-f224b65b968e 7fe799cd3bef4970a8ec3904b91358ce 24b60f6fbcbd481c8cbfd6992bf4450d - - default default] Get all snapshots completed successfully.
2022-10-14 14:13:02.292 22 INFO cinder.api.openstack.wsgi [req-b8d3f899-44b4-4e65-8d63-6b322b7348b6 req-cf738004-1b0c-478a-988c-f224b65b968e 7fe799cd3bef4970a8ec3904b91358ce 24b60f6fbcbd481c8cbfd6992bf4450d - - default default] http://[LB_IP_ADDRESS]:8776/v3/24b60f6fbcbd481c8cbfd6992bf4450d/snapshots/detail?all_tenants=True returned with HTTP 200
2022-10-14 14:13:04.235 19 INFO cinder.api.openstack.wsgi [None req-2405c976-6c5f-4f02-baa2-c67e1b0cfadc 7fe799cd3bef4970a8ec3904b91358ce 24b60f6fbcbd481c8cbfd6992bf4450d - - default default] GET http://[LB_IP_ADDRESS]:8776/v3/24b60f6fbcbd481c8cbfd6992bf4450d/volumes/detail?all_tenants=True
2022-10-14 14:13:04.267 19 INFO cinder.volume.api [None req-2405c976-6c5f-4f02-baa2-c67e1b0cfadc 7fe799cd3bef4970a8ec3904b91358ce 24b60f6fbcbd481c8cbfd6992bf4450d - - default default] Get all volumes completed successfully.
2022-10-14 14:13:04.272 19 INFO cinder.api.openstack.wsgi [None req-2405c976-6c5f-4f02-baa2-c67e1b0cfadc 7fe799cd3bef4970a8ec3904b91358ce 24b60f6fbcbd481c8cbfd6992bf4450d - - default default] http://[LB_IP_ADDRESS]:8776/v3/24b60f6fbcbd481c8cbfd6992bf4450d/volumes/detail?all_tenants=True returned with HTTP 200
2022-10-14 14:13:05.996 21 INFO cinder.api.openstack.wsgi [None req-8bd98299-7cac-4788-a094-83dc19174577 7fe799cd3bef4970a8ec3904b91358ce 24b60f6fbcbd481c8cbfd6992bf4450d - - default default] GET http://[LB_IP_ADDRESS]:8776/v3/24b60f6fbcbd481c8cbfd6992bf4450d/types?is_public=None
2022-10-14 14:13:06.023 21 INFO cinder.api.openstack.wsgi [None req-8bd98299-7cac-4788-a094-83dc19174577 7fe799cd3bef4970a8ec3904b91358ce 24b60f6fbcbd481c8cbfd6992bf4450d - - default default] http://[LB_IP_ADDRESS]:8776/v3/24b60f6fbcbd481c8cbfd6992bf4450d/types?is_public=None returned with HTTP 200
2022-10-14 14:13:10.333 20 INFO cinder.api.openstack.wsgi [None req-d9469d80-ebfd-4c0f-b35c-9643f7b720c0 - - - - - -] GET http://[LB_IP_ADDRESS]:8776/
2022-10-14 14:13:10.340 20 INFO cinder.api.openstack.wsgi [None req-d9469d80-ebfd-4c0f-b35c-9643f7b720c0 - - - - - -] http://[LB_IP_ADDRESS]:8776/ returned with HTTP 300
2022-10-14 14:13:19.063 23 INFO cinder.api.openstack.wsgi [None req-d090e3ac-f065-434d-aa4d-72436bb38ed2 579d6fb19a45464f95286f939c8f4a5f de034a551ecb4d589e3e39ddcfb70bc2 - - default default] POST http://[LB_IP_ADDRESS]:8776/v3/de034a551ecb4d589e3e39ddcfb70bc2/volumes
2022-10-14 14:13:19.134 22 INFO cinder.api.openstack.wsgi [req-9dc9acb5-da5f-4d35-9656-76b74f7690e8 req-3ca81a38-22f3-416d-99f6-05006cdf13db 10bfd8561a5e48f3b8279d700f52d65c 048ee1cd022948d4a73af579bb8adbba - - default default] POST http://[LB_IP_ADDRESS]:8776/v3/048ee1cd022948d4a73af579bb8adbba/volumes
2022-10-14 14:13:19.139 22 INFO cinder.api.v3.volumes [req-9dc9acb5-da5f-4d35-9656-76b74f7690e8 req-3ca81a38-22f3-416d-99f6-05006cdf13db 10bfd8561a5e48f3b8279d700f52d65c 048ee1cd022948d4a73af579bb8adbba - - default default] Create volume of 1 GB
2022-10-14 14:13:19.155 22 INFO cinder.volume.api [req-9dc9acb5-da5f-4d35-9656-76b74f7690e8 req-3ca81a38-22f3-416d-99f6-05006cdf13db 10bfd8561a5e48f3b8279d700f52d65c 048ee1cd022948d4a73af579bb8adbba - - default default] Availability Zones retrieved successfully.
2022-10-14 14:13:19.159 23 INFO cinder.api.v3.volumes [None req-d090e3ac-f065-434d-aa4d-72436bb38ed2 579d6fb19a45464f95286f939c8f4a5f de034a551ecb4d589e3e39ddcfb70bc2 - - default default] Create volume of 1 GB
2022-10-14 14:13:19.175 23 INFO cinder.volume.api [None req-d090e3ac-f065-434d-aa4d-72436bb38ed2 579d6fb19a45464f95286f939c8f4a5f de034a551ecb4d589e3e39ddcfb70bc2 - - default default] Availability Zones retrieved successfully.
2022-10-14 14:13:19.190 19 INFO cinder.api.openstack.wsgi [req-c950043a-492e-4138-b71d-ff0ce9a15132 req-1cbb5f97-8ff9-4880-9f45-4e899d343c71 394b16aadcde43c6b40d9e63551a9459 ade3cdef6a2948f8accd4eff2c8f1c61 - - default default] POST http://[LB_IP_ADDRESS]:8776/v3/ade3cdef6a2948f8accd4eff2c8f1c61/volumes
2022-10-14 14:13:19.196 19 INFO cinder.api.v3.volumes [req-c950043a-492e-4138-b71d-ff0ce9a15132 req-1cbb5f97-8ff9-4880-9f45-4e899d343c71 394b16aadcde43c6b40d9e63551a9459 ade3cdef6a2948f8accd4eff2c8f1c61 - - default default] Create volume of 1 GB
2022-10-14 14:13:19.211 19 INFO cinder.volume.api [req-c950043a-492e-4138-b71d-ff0ce9a15132 req-1cbb5f97-8ff9-4880-9f45-4e899d343c71 394b16aadcde43c6b40d9e63551a9459 ade3cdef6a2948f8accd4eff2c8f1c61 - - default default] Availability Zones retrieved successfully.
2022-10-14 14:13:19.393 22 INFO cinder.volume.api [req-9dc9acb5-da5f-4d35-9656-76b74f7690e8 req-3ca81a38-22f3-416d-99f6-05006cdf13db 10bfd8561a5e48f3b8279d700f52d65c 048ee1cd022948d4a73af579bb8adbba - - default default] Create volume request issued successfully.
2022-10-14 14:13:19.395 22 INFO cinder.api.openstack.wsgi [req-9dc9acb5-da5f-4d35-9656-76b74f7690e8 req-3ca81a38-22f3-416d-99f6-05006cdf13db 10bfd8561a5e48f3b8279d700f52d65c 048ee1cd022948d4a73af579bb8adbba - - default default] http://[LB_IP_ADDRESS]:8776/v3/048ee1cd022948d4a73af579bb8adbba/volumes returned with HTTP 202
2022-10-14 14:13:19.413 21 INFO cinder.api.openstack.wsgi [req-9dc9acb5-da5f-4d35-9656-76b74f7690e8 req-4e68bc7f-c78a-4d23-bb00-92d76bf91d29 10bfd8561a5e48f3b8279d700f52d65c 048ee1cd022948d4a73af579bb8adbba - - default default] GET http://[LB_IP_ADDRESS]:8776/v3/048ee1cd022948d4a73af579bb8adbba/volumes/7add865d-cf54-48a3-9668-77e6bd094825
2022-10-14 14:13:19.431 23 INFO cinder.volume.api [None req-d090e3ac-f065-434d-aa4d-72436bb38ed2 579d6fb19a45464f95286f939c8f4a5f de034a551ecb4d589e3e39ddcfb70bc2 - - default default] Create volume request issued successfully.
2022-10-14 14:13:19.433 23 INFO cinder.api.openstack.wsgi [None req-d090e3ac-f065-434d-aa4d-72436bb38ed2 579d6fb19a45464f95286f939c8f4a5f de034a551ecb4d589e3e39ddcfb70bc2 - - default default] http://[LB_IP_ADDRESS]:8776/v3/de034a551ecb4d589e3e39ddcfb70bc2/volumes returned with HTTP 202
2022-10-14 14:13:19.445 21 INFO cinder.volume.api [req-9dc9acb5-da5f-4d35-9656-76b74f7690e8 req-4e68bc7f-c78a-4d23-bb00-92d76bf91d29 10bfd8561a5e48f3b8279d700f52d65c 048ee1cd022948d4a73af579bb8adbba - - default default] Volume info retrieved successfully.
2022-10-14 14:13:19.454 21 INFO cinder.api.openstack.wsgi [req-9dc9acb5-da5f-4d35-9656-76b74f7690e8 req-4e68bc7f-c78a-4d23-bb00-92d76bf91d29 10bfd8561a5e48f3b8279d700f52d65c 048ee1cd022948d4a73af579bb8adbba - - default default] http://[LB_IP_ADDRESS]:8776/v3/048ee1cd022948d4a73af579bb8adbba/volumes/7add865d-cf54-48a3-9668-77e6bd094825 returned with HTTP 200
2022-10-14 14:13:19.453 19 INFO cinder.volume.api [req-c950043a-492e-4138-b71d-ff0ce9a15132 req-1cbb5f97-8ff9-4880-9f45-4e899d343c71 394b16aadcde43c6b40d9e63551a9459 ade3cdef6a2948f8accd4eff2c8f1c61 - - default default] Create volume request issued successfully.
2022-10-14 14:13:19.456 19 INFO cinder.api.openstack.wsgi [req-c950043a-492e-4138-b71d-ff0ce9a15132 req-1cbb5f97-8ff9-4880-9f45-4e899d343c71 394b16aadcde43c6b40d9e63551a9459 ade3cdef6a2948f8accd4eff2c8f1c61 - - default default] http://[LB_IP_ADDRESS]:8776/v3/ade3cdef6a2948f8accd4eff2c8f1c61/volumes returned with HTTP 202
2022-10-14 14:13:19.457 20 INFO cinder.api.openstack.wsgi [None req-eb620977-2f07-447e-a4fa-806547e7553f 579d6fb19a45464f95286f939c8f4a5f de034a551ecb4d589e3e39ddcfb70bc2 - - default default] GET http://[LB_IP_ADDRESS]:8776/v3/de034a551ecb4d589e3e39ddcfb70bc2/volumes/5cd93bb1-5a65-4f0d-bebf-75d1417ff3d5
2022-10-14 14:13:19.469 22 INFO cinder.api.openstack.wsgi [req-c950043a-492e-4138-b71d-ff0ce9a15132 req-13c5a9f3-060b-4292-bed6-50d742a5a251 394b16aadcde43c6b40d9e63551a9459 ade3cdef6a2948f8accd4eff2c8f1c61 - - default default] GET http://[LB_IP_ADDRESS]:8776/v3/ade3cdef6a2948f8accd4eff2c8f1c61/volumes/f0754c78-adfc-4e95-b9fb-8055ac95a5dd
2022-10-14 14:13:19.495 22 INFO cinder.volume.api [req-c950043a-492e-4138-b71d-ff0ce9a15132 req-13c5a9f3-060b-4292-bed6-50d742a5a251 394b16aadcde43c6b40d9e63551a9459 ade3cdef6a2948f8accd4eff2c8f1c61 - - default default] Volume info retrieved successfully.
2022-10-14 14:13:19.496 20 INFO cinder.volume.api [None req-eb620977-2f07-447e-a4fa-806547e7553f 579d6fb19a45464f95286f939c8f4a5f de034a551ecb4d589e3e39ddcfb70bc2 - - default default] Volume info retrieved successfully.
2022-10-14 14:13:19.502 22 INFO cinder.api.openstack.wsgi [req-c950043a-492e-4138-b71d-ff0ce9a15132 req-13c5a9f3-060b-4292-bed6-50d742a5a251 394b16aadcde43c6b40d9e63551a9459 ade3cdef6a2948f8accd4eff2c8f1c61 - - default default] http://[LB_IP_ADDRESS]:8776/v3/ade3cdef6a2948f8accd4eff2c8f1c61/volumes/f0754c78-adfc-4e95-b9fb-8055ac95a5dd returned with HTTP 200
2022-10-14 14:13:19.504 20 INFO cinder.api.openstack.wsgi [None req-eb620977-2f07-447e-a4fa-806547e7553f 579d6fb19a45464f95286f939c8f4a5f de034a551ecb4d589e3e39ddcfb70bc2 - - default default] http://[LB_IP_ADDRESS]:8776/v3/de034a551ecb4d589e3e39ddcfb70bc2/volumes/5cd93bb1-5a65-4f0d-bebf-75d1417ff3d5 returned with HTTP 200
2022-10-14 14:13:19.550 23 INFO cinder.api.openstack.wsgi [req-181171ec-10c0-4c0e-a07b-0340d65ca171 req-0e4c7e20-0cd4-434b-a00e-240eaadf24f3 10bfd8561a5e48f3b8279d700f52d65c 048ee1cd022948d4a73af579bb8adbba - - default default] GET http://[LB_IP_ADDRESS]:8776/v3/048ee1cd022948d4a73af579bb8adbba/volumes/7add865d-cf54-48a3-9668-77e6bd094825
2022-10-14 14:13:19.577 23 INFO cinder.volume.api [req-181171ec-10c0-4c0e-a07b-0340d65ca171 req-0e4c7e20-0cd4-434b-a00e-240eaadf24f3 10bfd8561a5e48f3b8279d700f52d65c 048ee1cd022948d4a73af579bb8adbba - - default default] Volume info retrieved successfully.
2022-10-14 14:13:19.588 23 INFO cinder.api.openstack.wsgi [req-181171ec-10c0-4c0e-a07b-0340d65ca171 req-0e4c7e20-0cd4-434b-a00e-240eaadf24f3 10bfd8561a5e48f3b8279d700f52d65c 048ee1cd022948d4a73af579bb8adbba - - default default] http://[LB_IP_ADDRESS]:8776/v3/048ee1cd022948d4a73af579bb8adbba/volumes/7add865d-cf54-48a3-9668-77e6bd094825 returned with HTTP 200
2022-10-14 14:13:19.608 21 INFO cinder.api.openstack.wsgi [req-d17a2802-f3a9-45b1-9f34-006771f15008 req-32e83a73-8c68-478e-a2a8-b6261b565762 394b16aadcde43c6b40d9e63551a9459 ade3cdef6a2948f8accd4eff2c8f1c61 - - default default] GET http://[LB_IP_ADDRESS]:8776/v3/ade3cdef6a2948f8accd4eff2c8f1c61/volumes/f0754c78-adfc-4e95-b9fb-8055ac95a5dd
2022-10-14 14:13:19.631 21 INFO cinder.volume.api [req-d17a2802-f3a9-45b1-9f34-006771f15008 req-32e83a73-8c68-478e-a2a8-b6261b565762 394b16aadcde43c6b40d9e63551a9459 ade3cdef6a2948f8accd4eff2c8f1c61 - - default default] Volume info retrieved successfully.
2022-10-14 14:13:19.638 21 INFO cinder.api.openstack.wsgi [req-d17a2802-f3a9-45b1-9f34-006771f15008 req-32e83a73-8c68-478e-a2a8-b6261b565762 394b16aadcde43c6b40d9e63551a9459 ade3cdef6a2948f8accd4eff2c8f1c61 - - default default] http://[LB_IP_ADDRESS]:8776/v3/ade3cdef6a2948f8accd4eff2c8f1c61/volumes/f0754c78-adfc-4e95-b9fb-8055ac95a5dd returned with HTTP 200
2022-10-14 14:13:20.530 19 INFO cinder.api.openstack.wsgi [None req-22b04448-acd6-4098-b34a-d1cc2a994e36 579d6fb19a45464f95286f939c8f4a5f de034a551ecb4d589e3e39ddcfb70bc2 - - default default] GET http://[LB_IP_ADDRESS]:8776/v3/de034a551ecb4d589e3e39ddcfb70bc2/volumes/5cd93bb1-5a65-4f0d-bebf-75d1417ff3d5
2022-10-14 14:13:20.562 19 INFO cinder.volume.api [None req-22b04448-acd6-4098-b34a-d1cc2a994e36 579d6fb19a45464f95286f939c8f4a5f de034a551ecb4d589e3e39ddcfb70bc2 - - default default] Volume info retrieved successfully.
2022-10-14 14:13:20.573 19 INFO cinder.api.openstack.wsgi [None req-22b04448-acd6-4098-b34a-d1cc2a994e36 579d6fb19a45464f95286f939c8f4a5f de034a551ecb4d589e3e39ddcfb70bc2 - - default default] http://[LB_IP_ADDRESS]:8776/v3/de034a551ecb4d589e3e39ddcfb70bc2/volumes/5cd93bb1-5a65-4f0d-bebf-75d1417ff3d5 returned with HTTP 200
2022-10-14 14:13:20.677 20 INFO cinder.api.openstack.wsgi [req-2ddc56fd-7691-4a24-8a76-fd409f6e9365 req-2ebde765-e1dd-458d-95db-dcdcad751a2b 394b16aadcde43c6b40d9e63551a9459 ade3cdef6a2948f8accd4eff2c8f1c61 - - default default] GET http://[LB_IP_ADDRESS]:8776/v3/ade3cdef6a2948f8accd4eff2c8f1c61/volumes/f0754c78-adfc-4e95-b9fb-8055ac95a5dd
2022-10-14 14:13:20.679 22 INFO cinder.api.openstack.wsgi [req-0d0f0619-c23c-48ae-8c3e-5290ca0a2ab3 req-dc52608c-a888-4d0d-b92f-f428b1217eb3 10bfd8561a5e48f3b8279d700f52d65c 048ee1cd022948d4a73af579bb8adbba - - default default] GET http://[LB_IP_ADDRESS]:8776/v3/048ee1cd022948d4a73af579bb8adbba/volumes/7add865d-cf54-48a3-9668-77e6bd094825
2022-10-14 14:13:20.704 22 INFO cinder.volume.api [req-0d0f0619-c23c-48ae-8c3e-5290ca0a2ab3 req-dc52608c-a888-4d0d-b92f-f428b1217eb3 10bfd8561a5e48f3b8279d700f52d65c 048ee1cd022948d4a73af579bb8adbba - - default default] Volume info retrieved successfully.
2022-10-14 14:13:20.708 20 INFO cinder.volume.api [req-2ddc56fd-7691-4a24-8a76-fd409f6e9365 req-2ebde765-e1dd-458d-95db-dcdcad751a2b 394b16aadcde43c6b40d9e63551a9459 ade3cdef6a2948f8accd4eff2c8f1c61 - - default default] Volume info retrieved successfully.
2022-10-14 14:13:20.717 22 INFO cinder.api.openstack.wsgi [req-0d0f0619-c23c-48ae-8c3e-5290ca0a2ab3 req-dc52608c-a888-4d0d-b92f-f428b1217eb3 10bfd8561a5e48f3b8279d700f52d65c 048ee1cd022948d4a73af579bb8adbba - - default default] http://[LB_IP_ADDRESS]:8776/v3/048ee1cd022948d4a73af579bb8adbba/volumes/7add865d-cf54-48a3-9668-77e6bd094825 returned with HTTP 200
2022-10-14 14:13:20.722 20 INFO cinder.api.openstack.wsgi [req-2ddc56fd-7691-4a24-8a76-fd409f6e9365 req-2ebde765-e1dd-458d-95db-dcdcad751a2b 394b16aadcde43c6b40d9e63551a9459 ade3cdef6a2948f8accd4eff2c8f1c61 - - default default] http://[LB_IP_ADDRESS]:8776/v3/ade3cdef6a2948f8accd4eff2c8f1c61/volumes/f0754c78-adfc-4e95-b9fb-8055ac95a5dd returned with HTTP 200
2022-10-14 14:13:21.595 23 INFO cinder.api.openstack.wsgi [None req-fbaf10bc-d519-46a8-8299-877e3aef7f41 579d6fb19a45464f95286f939c8f4a5f de034a551ecb4d589e3e39ddcfb70bc2 - - default default] GET http://[LB_IP_ADDRESS]:8776/v3/de034a551ecb4d589e3e39ddcfb70bc2/volumes/5cd93bb1-5a65-4f0d-bebf-75d1417ff3d5
2022-10-14 14:13:21.620 23 INFO cinder.volume.api [None req-fbaf10bc-d519-46a8-8299-877e3aef7f41 579d6fb19a45464f95286f939c8f4a5f de034a551ecb4d589e3e39ddcfb70bc2 - - default default] Volume info retrieved successfully.
2022-10-14 14:13:21.627 23 INFO cinder.api.openstack.wsgi [None req-fbaf10bc-d519-46a8-8299-877e3aef7f41 579d6fb19a45464f95286f939c8f4a5f de034a551ecb4d589e3e39ddcfb70bc2 - - default default] http://[LB_IP_ADDRESS]:8776/v3/de034a551ecb4d589e3e39ddcfb70bc2/volumes/5cd93bb1-5a65-4f0d-bebf-75d1417ff3d5 returned with HTTP 200
2022-10-14 14:13:21.756 21 INFO cinder.api.openstack.wsgi [req-63ebf736-1d6e-4ea0-9878-7974cea91b3e req-da29289d-4eb7-4505-8beb-4513ded27621 10bfd8561a5e48f3b8279d700f52d65c 048ee1cd022948d4a73af579bb8adbba - - default default] GET http://[LB_IP_ADDRESS]:8776/v3/048ee1cd022948d4a73af579bb8adbba/volumes/7add865d-cf54-48a3-9668-77e6bd094825
2022-10-14 14:13:21.758 19 INFO cinder.api.openstack.wsgi [req-7d9e2ca4-1ea3-4fdc-b19d-8d806133dad2 req-c8773bed-fe0e-4077-84e4-f284cdb79f10 394b16aadcde43c6b40d9e63551a9459 ade3cdef6a2948f8accd4eff2c8f1c61 - - default default] GET http://[LB_IP_ADDRESS]:8776/v3/ade3cdef6a2948f8accd4eff2c8f1c61/volumes/f0754c78-adfc-4e95-b9fb-8055ac95a5dd
2022-10-14 14:13:21.783 19 INFO cinder.volume.api [req-7d9e2ca4-1ea3-4fdc-b19d-8d806133dad2 req-c8773bed-fe0e-4077-84e4-f284cdb79f10 394b16aadcde43c6b40d9e63551a9459 ade3cdef6a2948f8accd4eff2c8f1c61 - - default default] Volume info retrieved successfully.
2022-10-14 14:13:21.790 21 INFO cinder.volume.api [req-63ebf736-1d6e-4ea0-9878-7974cea91b3e req-da29289d-4eb7-4505-8beb-4513ded27621 10bfd8561a5e48f3b8279d700f52d65c 048ee1cd022948d4a73af579bb8adbba - - default default] Volume info retrieved successfully.
2022-10-14 14:13:21.791 19 INFO cinder.api.openstack.wsgi [req-7d9e2ca4-1ea3-4fdc-b19d-8d806133dad2 req-c8773bed-fe0e-4077-84e4-f284cdb79f10 394b16aadcde43c6b40d9e63551a9459 ade3cdef6a2948f8accd4eff2c8f1c61 - - default default] http://[LB_IP_ADDRESS]:8776/v3/ade3cdef6a2948f8accd4eff2c8f1c61/volumes/f0754c78-adfc-4e95-b9fb-8055ac95a5dd returned with HTTP 200
2022-10-14 14:13:21.798 21 INFO cinder.api.openstack.wsgi [req-63ebf736-1d6e-4ea0-9878-7974cea91b3e req-da29289d-4eb7-4505-8beb-4513ded27621 10bfd8561a5e48f3b8279d700f52d65c 048ee1cd022948d4a73af579bb8adbba - - default default] http://[LB_IP_ADDRESS]:8776/v3/048ee1cd022948d4a73af579bb8adbba/volumes/7add865d-cf54-48a3-9668-77e6bd094825 returned with HTTP 200
2022-10-14 14:13:21.834 22 INFO cinder.api.openstack.wsgi [req-c3a31049-44b1-4fa4-b71b-5eab5dd2438b req-5a4c2aab-3832-4d41-9bb7-c16e25dcb614 394b16aadcde43c6b40d9e63551a9459 ade3cdef6a2948f8accd4eff2c8f1c61 - - default default] POST http://[LB_IP_ADDRESS]:8776/v3/ade3cdef6a2948f8accd4eff2c8f1c61/snapshots
2022-10-14 14:13:21.839 20 INFO cinder.api.openstack.wsgi [req-e5f56b22-6916-4878-917c-575572367cc1 req-73251f8b-50a3-499c-8f6b-f8f5de8c0735 10bfd8561a5e48f3b8279d700f52d65c 048ee1cd022948d4a73af579bb8adbba - - default default] GET http://[LB_IP_ADDRESS]:8776/v3/048ee1cd022948d4a73af579bb8adbba/volumes/7add865d-cf54-48a3-9668-77e6bd094825
2022-10-14 14:13:21.858 22 INFO cinder.volume.api [req-c3a31049-44b1-4fa4-b71b-5eab5dd2438b req-5a4c2aab-3832-4d41-9bb7-c16e25dcb614 394b16aadcde43c6b40d9e63551a9459 ade3cdef6a2948f8accd4eff2c8f1c61 - - default default] Volume info retrieved successfully.
2022-10-14 14:13:21.859 22 INFO cinder.api.v3.snapshots [req-c3a31049-44b1-4fa4-b71b-5eab5dd2438b req-5a4c2aab-3832-4d41-9bb7-c16e25dcb614 394b16aadcde43c6b40d9e63551a9459 ade3cdef6a2948f8accd4eff2c8f1c61 - - default default] Create snapshot from volume f0754c78-adfc-4e95-b9fb-8055ac95a5dd
2022-10-14 14:13:21.867 20 INFO cinder.volume.api [req-e5f56b22-6916-4878-917c-575572367cc1 req-73251f8b-50a3-499c-8f6b-f8f5de8c0735 10bfd8561a5e48f3b8279d700f52d65c 048ee1cd022948d4a73af579bb8adbba - - default default] Volume info retrieved successfully.
2022-10-14 14:13:21.879 20 INFO cinder.api.openstack.wsgi [req-e5f56b22-6916-4878-917c-575572367cc1 req-73251f8b-50a3-499c-8f6b-f8f5de8c0735 10bfd8561a5e48f3b8279d700f52d65c 048ee1cd022948d4a73af579bb8adbba - - default default] http://[LB_IP_ADDRESS]:8776/v3/048ee1cd022948d4a73af579bb8adbba/volumes/7add865d-cf54-48a3-9668-77e6bd094825 returned with HTTP 200
2022-10-14 14:13:21.922 23 INFO cinder.api.openstack.wsgi [req-67c6297e-47cd-4152-a446-1a2e683bf127 req-15e3d9f1-6057-432f-98c0-ca5f11f0f18a 10bfd8561a5e48f3b8279d700f52d65c 048ee1cd022948d4a73af579bb8adbba - - default default] DELETE http://[LB_IP_ADDRESS]:8776/v3/048ee1cd022948d4a73af579bb8adbba/volumes/7add865d-cf54-48a3-9668-77e6bd094825
2022-10-14 14:13:21.924 23 INFO cinder.api.v3.volumes [req-67c6297e-47cd-4152-a446-1a2e683bf127 req-15e3d9f1-6057-432f-98c0-ca5f11f0f18a 10bfd8561a5e48f3b8279d700f52d65c 048ee1cd022948d4a73af579bb8adbba - - default default] Delete volume with id: 7add865d-cf54-48a3-9668-77e6bd094825 
2022-10-14 14:13:21.941 23 INFO cinder.volume.api [req-67c6297e-47cd-4152-a446-1a2e683bf127 req-15e3d9f1-6057-432f-98c0-ca5f11f0f18a 10bfd8561a5e48f3b8279d700f52d65c 048ee1cd022948d4a73af579bb8adbba - - default default] Volume info retrieved successfully.
2022-10-14 14:13:21.971 23 INFO cinder.volume.api [req-67c6297e-47cd-4152-a446-1a2e683bf127 req-15e3d9f1-6057-432f-98c0-ca5f11f0f18a 10bfd8561a5e48f3b8279d700f52d65c 048ee1cd022948d4a73af579bb8adbba - - default default] Delete volume request issued successfully.
2022-10-14 14:13:21.972 23 INFO cinder.api.openstack.wsgi [req-67c6297e-47cd-4152-a446-1a2e683bf127 req-15e3d9f1-6057-432f-98c0-ca5f11f0f18a 10bfd8561a5e48f3b8279d700f52d65c 048ee1cd022948d4a73af579bb8adbba - - default default] http://[LB_IP_ADDRESS]:8776/v3/048ee1cd022948d4a73af579bb8adbba/volumes/7add865d-cf54-48a3-9668-77e6bd094825 returned with HTTP 202
2022-10-14 14:13:21.984 22 INFO cinder.volume.api [req-c3a31049-44b1-4fa4-b71b-5eab5dd2438b req-5a4c2aab-3832-4d41-9bb7-c16e25dcb614 394b16aadcde43c6b40d9e63551a9459 ade3cdef6a2948f8accd4eff2c8f1c61 - - default default] Snapshot create request issued successfully.
2022-10-14 14:13:21.985 22 INFO cinder.api.openstack.wsgi [req-c3a31049-44b1-4fa4-b71b-5eab5dd2438b req-5a4c2aab-3832-4d41-9bb7-c16e25dcb614 394b16aadcde43c6b40d9e63551a9459 ade3cdef6a2948f8accd4eff2c8f1c61 - - default default] http://[LB_IP_ADDRESS]:8776/v3/ade3cdef6a2948f8accd4eff2c8f1c61/snapshots returned with HTTP 202
2022-10-14 14:13:22.009 19 INFO cinder.api.openstack.wsgi [req-f2b73cd0-7cc4-4c81-b4bf-d08e960ef592 req-d0ff5ca2-a7e0-478b-85fe-793f162f73b0 10bfd8561a5e48f3b8279d700f52d65c 048ee1cd022948d4a73af579bb8adbba - - default default] GET http://[LB_IP_ADDRESS]:8776/v3/048ee1cd022948d4a73af579bb8adbba/volumes/7add865d-cf54-48a3-9668-77e6bd094825
2022-10-14 14:13:22.022 21 INFO cinder.api.openstack.wsgi [req-c2dea6dd-04a8-4e52-8760-631e4fea1f8c req-131aa6cd-0d35-405c-87f6-34df18271710 394b16aadcde43c6b40d9e63551a9459 ade3cdef6a2948f8accd4eff2c8f1c61 - - default default] GET http://[LB_IP_ADDRESS]:8776/v3/ade3cdef6a2948f8accd4eff2c8f1c61/snapshots/64d59725-bedd-4ef5-a369-5dedc215314b
2022-10-14 14:13:22.032 19 INFO cinder.volume.api [req-f2b73cd0-7cc4-4c81-b4bf-d08e960ef592 req-d0ff5ca2-a7e0-478b-85fe-793f162f73b0 10bfd8561a5e48f3b8279d700f52d65c 048ee1cd022948d4a73af579bb8adbba - - default default] Volume info retrieved successfully.
2022-10-14 14:13:22.034 21 INFO cinder.volume.api [req-c2dea6dd-04a8-4e52-8760-631e4fea1f8c req-131aa6cd-0d35-405c-87f6-34df18271710 394b16aadcde43c6b40d9e63551a9459 ade3cdef6a2948f8accd4eff2c8f1c61 - - default default] Snapshot retrieved successfully.
2022-10-14 14:13:22.036 21 INFO cinder.api.openstack.wsgi [req-c2dea6dd-04a8-4e52-8760-631e4fea1f8c req-131aa6cd-0d35-405c-87f6-34df18271710 394b16aadcde43c6b40d9e63551a9459 ade3cdef6a2948f8accd4eff2c8f1c61 - - default default] http://[LB_IP_ADDRESS]:8776/v3/ade3cdef6a2948f8accd4eff2c8f1c61/snapshots/64d59725-bedd-4ef5-a369-5dedc215314b returned with HTTP 200
2022-10-14 14:13:22.040 19 INFO cinder.api.openstack.wsgi [req-f2b73cd0-7cc4-4c81-b4bf-d08e960ef592 req-d0ff5ca2-a7e0-478b-85fe-793f162f73b0 10bfd8561a5e48f3b8279d700f52d65c 048ee1cd022948d4a73af579bb8adbba - - default default] http://[LB_IP_ADDRESS]:8776/v3/048ee1cd022948d4a73af579bb8adbba/volumes/7add865d-cf54-48a3-9668-77e6bd094825 returned with HTTP 200
2022-10-14 14:13:22.071 20 INFO cinder.api.openstack.wsgi [req-60da45a9-e306-4a7a-9c4e-045cc4512ca3 req-4f3b351b-3e99-4f5e-8d67-9d145dd0b7bc 394b16aadcde43c6b40d9e63551a9459 ade3cdef6a2948f8accd4eff2c8f1c61 - - default default] GET http://[LB_IP_ADDRESS]:8776/v3/ade3cdef6a2948f8accd4eff2c8f1c61/snapshots/detail
2022-10-14 14:13:22.086 20 INFO cinder.volume.api [req-60da45a9-e306-4a7a-9c4e-045cc4512ca3 req-4f3b351b-3e99-4f5e-8d67-9d145dd0b7bc 394b16aadcde43c6b40d9e63551a9459 ade3cdef6a2948f8accd4eff2c8f1c61 - - default default] Get all snapshots completed successfully.
2022-10-14 14:13:22.089 20 INFO cinder.api.openstack.wsgi [req-60da45a9-e306-4a7a-9c4e-045cc4512ca3 req-4f3b351b-3e99-4f5e-8d67-9d145dd0b7bc 394b16aadcde43c6b40d9e63551a9459 ade3cdef6a2948f8accd4eff2c8f1c61 - - default default] http://[LB_IP_ADDRESS]:8776/v3/ade3cdef6a2948f8accd4eff2c8f1c61/snapshots/detail returned with HTTP 200
2022-10-14 14:13:22.124 23 INFO cinder.api.openstack.wsgi [req-22b279ac-dc42-4327-a474-25dfa1a9586d req-1e6f8de2-77ab-4c37-af2e-e8b432b6ed09 394b16aadcde43c6b40d9e63551a9459 ade3cdef6a2948f8accd4eff2c8f1c61 - - default default] GET http://[LB_IP_ADDRESS]:8776/v3/ade3cdef6a2948f8accd4eff2c8f1c61/snapshots/64d59725-bedd-4ef5-a369-5dedc215314b
2022-10-14 14:13:22.137 23 INFO cinder.volume.api [req-22b279ac-dc42-4327-a474-25dfa1a9586d req-1e6f8de2-77ab-4c37-af2e-e8b432b6ed09 394b16aadcde43c6b40d9e63551a9459 ade3cdef6a2948f8accd4eff2c8f1c61 - - default default] Snapshot retrieved successfully.
2022-10-14 14:13:22.139 23 INFO cinder.api.openstack.wsgi [req-22b279ac-dc42-4327-a474-25dfa1a9586d req-1e6f8de2-77ab-4c37-af2e-e8b432b6ed09 394b16aadcde43c6b40d9e63551a9459 ade3cdef6a2948f8accd4eff2c8f1c61 - - default default] http://[LB_IP_ADDRESS]:8776/v3/ade3cdef6a2948f8accd4eff2c8f1c61/snapshots/64d59725-bedd-4ef5-a369-5dedc215314b returned with HTTP 200
2022-10-14 14:13:22.650 22 INFO cinder.api.openstack.wsgi [None req-0ea78013-3258-46b4-a020-80fe56ca39cd 579d6fb19a45464f95286f939c8f4a5f de034a551ecb4d589e3e39ddcfb70bc2 - - default default] GET http://[LB_IP_ADDRESS]:8776/v3/de034a551ecb4d589e3e39ddcfb70bc2/volumes/5cd93bb1-5a65-4f0d-bebf-75d1417ff3d5
2022-10-14 14:13:22.673 22 INFO cinder.volume.api [None req-0ea78013-3258-46b4-a020-80fe56ca39cd 579d6fb19a45464f95286f939c8f4a5f de034a551ecb4d589e3e39ddcfb70bc2 - - default default] Volume info retrieved successfully.
2022-10-14 14:13:22.681 22 INFO cinder.api.openstack.wsgi [None req-0ea78013-3258-46b4-a020-80fe56ca39cd 579d6fb19a45464f95286f939c8f4a5f de034a551ecb4d589e3e39ddcfb70bc2 - - default default] http://[LB_IP_ADDRESS]:8776/v3/de034a551ecb4d589e3e39ddcfb70bc2/volumes/5cd93bb1-5a65-4f0d-bebf-75d1417ff3d5 returned with HTTP 200
2022-10-14 14:13:23.075 21 INFO cinder.api.openstack.wsgi [req-906999cd-d4f9-473a-aed4-b37378daf8f8 req-21bd0930-73fb-48d5-88e9-14b29af227b6 10bfd8561a5e48f3b8279d700f52d65c 048ee1cd022948d4a73af579bb8adbba - - default default] GET http://[LB_IP_ADDRESS]:8776/v3/048ee1cd022948d4a73af579bb8adbba/volumes/7add865d-cf54-48a3-9668-77e6bd094825
2022-10-14 14:13:23.089 21 INFO cinder.api.openstack.wsgi [req-906999cd-d4f9-473a-aed4-b37378daf8f8 req-21bd0930-73fb-48d5-88e9-14b29af227b6 10bfd8561a5e48f3b8279d700f52d65c 048ee1cd022948d4a73af579bb8adbba - - default default] http://[LB_IP_ADDRESS]:8776/v3/048ee1cd022948d4a73af579bb8adbba/volumes/7add865d-cf54-48a3-9668-77e6bd094825 returned with HTTP 404
2022-10-14 14:13:23.173 19 INFO cinder.api.openstack.wsgi [req-9685091f-5d35-4d1e-b673-3e4039332974 req-1e2deffd-136b-4c60-8e2e-ee2ba5797f5a 394b16aadcde43c6b40d9e63551a9459 ade3cdef6a2948f8accd4eff2c8f1c61 - - default default] GET http://[LB_IP_ADDRESS]:8776/v3/ade3cdef6a2948f8accd4eff2c8f1c61/snapshots/64d59725-bedd-4ef5-a369-5dedc215314b
2022-10-14 14:13:23.186 19 INFO cinder.volume.api [req-9685091f-5d35-4d1e-b673-3e4039332974 req-1e2deffd-136b-4c60-8e2e-ee2ba5797f5a 394b16aadcde43c6b40d9e63551a9459 ade3cdef6a2948f8accd4eff2c8f1c61 - - default default] Snapshot retrieved successfully.
2022-10-14 14:13:23.188 19 INFO cinder.api.openstack.wsgi [req-9685091f-5d35-4d1e-b673-3e4039332974 req-1e2deffd-136b-4c60-8e2e-ee2ba5797f5a 394b16aadcde43c6b40d9e63551a9459 ade3cdef6a2948f8accd4eff2c8f1c61 - - default default] http://[LB_IP_ADDRESS]:8776/v3/ade3cdef6a2948f8accd4eff2c8f1c61/snapshots/64d59725-bedd-4ef5-a369-5dedc215314b returned with HTTP 200
2022-10-14 14:13:23.703 20 INFO cinder.api.openstack.wsgi [None req-2160156d-1d31-4fe6-9840-4c7c720876d0 579d6fb19a45464f95286f939c8f4a5f de034a551ecb4d589e3e39ddcfb70bc2 - - default default] GET http://[LB_IP_ADDRESS]:8776/v3/de034a551ecb4d589e3e39ddcfb70bc2/volumes/5cd93bb1-5a65-4f0d-bebf-75d1417ff3d5
2022-10-14 14:13:23.726 20 INFO cinder.volume.api [None req-2160156d-1d31-4fe6-9840-4c7c720876d0 579d6fb19a45464f95286f939c8f4a5f de034a551ecb4d589e3e39ddcfb70bc2 - - default default] Volume info retrieved successfully.
2022-10-14 14:13:23.733 20 INFO cinder.api.openstack.wsgi [None req-2160156d-1d31-4fe6-9840-4c7c720876d0 579d6fb19a45464f95286f939c8f4a5f de034a551ecb4d589e3e39ddcfb70bc2 - - default default] http://[LB_IP_ADDRESS]:8776/v3/de034a551ecb4d589e3e39ddcfb70bc2/volumes/5cd93bb1-5a65-4f0d-bebf-75d1417ff3d5 returned with HTTP 200
2022-10-14 14:13:24.221 23 INFO cinder.api.openstack.wsgi [req-9f3b589e-cb1c-4be9-b8f7-c4b488e9176c req-edfd86e4-381d-4d31-b722-c894a6999341 394b16aadcde43c6b40d9e63551a9459 ade3cdef6a2948f8accd4eff2c8f1c61 - - default default] GET http://[LB_IP_ADDRESS]:8776/v3/ade3cdef6a2948f8accd4eff2c8f1c61/snapshots/64d59725-bedd-4ef5-a369-5dedc215314b
2022-10-14 14:13:24.232 23 INFO cinder.volume.api [req-9f3b589e-cb1c-4be9-b8f7-c4b488e9176c req-edfd86e4-381d-4d31-b722-c894a6999341 394b16aadcde43c6b40d9e63551a9459 ade3cdef6a2948f8accd4eff2c8f1c61 - - default default] Snapshot retrieved successfully.
2022-10-14 14:13:24.233 23 INFO cinder.api.openstack.wsgi [req-9f3b589e-cb1c-4be9-b8f7-c4b488e9176c req-edfd86e4-381d-4d31-b722-c894a6999341 394b16aadcde43c6b40d9e63551a9459 ade3cdef6a2948f8accd4eff2c8f1c61 - - default default] http://[LB_IP_ADDRESS]:8776/v3/ade3cdef6a2948f8accd4eff2c8f1c61/snapshots/64d59725-bedd-4ef5-a369-5dedc215314b returned with HTTP 200
2022-10-14 14:13:24.267 22 INFO cinder.api.openstack.wsgi [req-e6b3a2a6-eb05-442c-9133-75c1b995157b req-c4c89e20-ec17-43a5-b3af-c4bb7e34b91f 394b16aadcde43c6b40d9e63551a9459 ade3cdef6a2948f8accd4eff2c8f1c61 - - default default] DELETE http://[LB_IP_ADDRESS]:8776/v3/ade3cdef6a2948f8accd4eff2c8f1c61/snapshots/64d59725-bedd-4ef5-a369-5dedc215314b
2022-10-14 14:13:24.268 22 INFO cinder.api.v2.snapshots [req-e6b3a2a6-eb05-442c-9133-75c1b995157b req-c4c89e20-ec17-43a5-b3af-c4bb7e34b91f 394b16aadcde43c6b40d9e63551a9459 ade3cdef6a2948f8accd4eff2c8f1c61 - - default default] Delete snapshot with id: 64d59725-bedd-4ef5-a369-5dedc215314b
2022-10-14 14:13:24.278 22 INFO cinder.volume.api [req-e6b3a2a6-eb05-442c-9133-75c1b995157b req-c4c89e20-ec17-43a5-b3af-c4bb7e34b91f 394b16aadcde43c6b40d9e63551a9459 ade3cdef6a2948f8accd4eff2c8f1c61 - - default default] Snapshot retrieved successfully.
2022-10-14 14:13:24.308 22 INFO cinder.volume.api [req-e6b3a2a6-eb05-442c-9133-75c1b995157b req-c4c89e20-ec17-43a5-b3af-c4bb7e34b91f 394b16aadcde43c6b40d9e63551a9459 ade3cdef6a2948f8accd4eff2c8f1c61 - - default default] Snapshot delete request issued successfully.
2022-10-14 14:13:24.308 22 INFO cinder.api.openstack.wsgi [req-e6b3a2a6-eb05-442c-9133-75c1b995157b req-c4c89e20-ec17-43a5-b3af-c4bb7e34b91f 394b16aadcde43c6b40d9e63551a9459 ade3cdef6a2948f8accd4eff2c8f1c61 - - default default] http://[LB_IP_ADDRESS]:8776/v3/ade3cdef6a2948f8accd4eff2c8f1c61/snapshots/64d59725-bedd-4ef5-a369-5dedc215314b returned with HTTP 202
2022-10-14 14:13:24.341 21 INFO cinder.api.openstack.wsgi [req-d2eb81a8-b59c-4bdf-8489-165e372a216f req-fc6e9cec-13e1-4a70-8d78-1ae510b7e97a 394b16aadcde43c6b40d9e63551a9459 ade3cdef6a2948f8accd4eff2c8f1c61 - - default default] GET http://[LB_IP_ADDRESS]:8776/v3/ade3cdef6a2948f8accd4eff2c8f1c61/snapshots/64d59725-bedd-4ef5-a369-5dedc215314b
2022-10-14 14:13:24.354 21 INFO cinder.volume.api [req-d2eb81a8-b59c-4bdf-8489-165e372a216f req-fc6e9cec-13e1-4a70-8d78-1ae510b7e97a 394b16aadcde43c6b40d9e63551a9459 ade3cdef6a2948f8accd4eff2c8f1c61 - - default default] Snapshot retrieved successfully.
2022-10-14 14:13:24.355 21 INFO cinder.api.openstack.wsgi [req-d2eb81a8-b59c-4bdf-8489-165e372a216f req-fc6e9cec-13e1-4a70-8d78-1ae510b7e97a 394b16aadcde43c6b40d9e63551a9459 ade3cdef6a2948f8accd4eff2c8f1c61 - - default default] http://[LB_IP_ADDRESS]:8776/v3/ade3cdef6a2948f8accd4eff2c8f1c61/snapshots/64d59725-bedd-4ef5-a369-5dedc215314b returned with HTTP 200
2022-10-14 14:13:24.754 19 INFO cinder.api.openstack.wsgi [None req-7e7c75af-7984-4c8e-8a10-ce78dcd24fd6 579d6fb19a45464f95286f939c8f4a5f de034a551ecb4d589e3e39ddcfb70bc2 - - default default] GET http://[LB_IP_ADDRESS]:8776/v3/de034a551ecb4d589e3e39ddcfb70bc2/volumes/5cd93bb1-5a65-4f0d-bebf-75d1417ff3d5
2022-10-14 14:13:24.777 19 INFO cinder.volume.api [None req-7e7c75af-7984-4c8e-8a10-ce78dcd24fd6 579d6fb19a45464f95286f939c8f4a5f de034a551ecb4d589e3e39ddcfb70bc2 - - default default] Volume info retrieved successfully.
2022-10-14 14:13:24.784 19 INFO cinder.api.openstack.wsgi [None req-7e7c75af-7984-4c8e-8a10-ce78dcd24fd6 579d6fb19a45464f95286f939c8f4a5f de034a551ecb4d589e3e39ddcfb70bc2 - - default default] http://[LB_IP_ADDRESS]:8776/v3/de034a551ecb4d589e3e39ddcfb70bc2/volumes/5cd93bb1-5a65-4f0d-bebf-75d1417ff3d5 returned with HTTP 200
2022-10-14 14:13:25.390 20 INFO cinder.api.openstack.wsgi [req-1f410ee7-df4b-4f37-9a9b-a5ab23407f73 req-4270af54-d488-4bf6-950b-d0e666c0f0f0 394b16aadcde43c6b40d9e63551a9459 ade3cdef6a2948f8accd4eff2c8f1c61 - - default default] GET http://[LB_IP_ADDRESS]:8776/v3/ade3cdef6a2948f8accd4eff2c8f1c61/snapshots/64d59725-bedd-4ef5-a369-5dedc215314b
2022-10-14 14:13:25.400 20 INFO cinder.api.openstack.wsgi [req-1f410ee7-df4b-4f37-9a9b-a5ab23407f73 req-4270af54-d488-4bf6-950b-d0e666c0f0f0 394b16aadcde43c6b40d9e63551a9459 ade3cdef6a2948f8accd4eff2c8f1c61 - - default default] http://[LB_IP_ADDRESS]:8776/v3/ade3cdef6a2948f8accd4eff2c8f1c61/snapshots/64d59725-bedd-4ef5-a369-5dedc215314b returned with HTTP 404
2022-10-14 14:13:25.433 23 INFO cinder.api.openstack.wsgi [req-3e94c70c-4d43-4054-b2fd-6d9b0fff8e45 req-1518b855-d2bf-4910-9106-99136f065742 394b16aadcde43c6b40d9e63551a9459 ade3cdef6a2948f8accd4eff2c8f1c61 - - default default] DELETE http://[LB_IP_ADDRESS]:8776/v3/ade3cdef6a2948f8accd4eff2c8f1c61/volumes/f0754c78-adfc-4e95-b9fb-8055ac95a5dd
2022-10-14 14:13:25.434 23 INFO cinder.api.v3.volumes [req-3e94c70c-4d43-4054-b2fd-6d9b0fff8e45 req-1518b855-d2bf-4910-9106-99136f065742 394b16aadcde43c6b40d9e63551a9459 ade3cdef6a2948f8accd4eff2c8f1c61 - - default default] Delete volume with id: f0754c78-adfc-4e95-b9fb-8055ac95a5dd 
2022-10-14 14:13:25.451 23 INFO cinder.volume.api [req-3e94c70c-4d43-4054-b2fd-6d9b0fff8e45 req-1518b855-d2bf-4910-9106-99136f065742 394b16aadcde43c6b40d9e63551a9459 ade3cdef6a2948f8accd4eff2c8f1c61 - - default default] Volume info retrieved successfully.
2022-10-14 14:13:25.480 23 INFO cinder.volume.api [req-3e94c70c-4d43-4054-b2fd-6d9b0fff8e45 req-1518b855-d2bf-4910-9106-99136f065742 394b16aadcde43c6b40d9e63551a9459 ade3cdef6a2948f8accd4eff2c8f1c61 - - default default] Delete volume request issued successfully.
2022-10-14 14:13:25.481 23 INFO cinder.api.openstack.wsgi [req-3e94c70c-4d43-4054-b2fd-6d9b0fff8e45 req-1518b855-d2bf-4910-9106-99136f065742 394b16aadcde43c6b40d9e63551a9459 ade3cdef6a2948f8accd4eff2c8f1c61 - - default default] http://[LB_IP_ADDRESS]:8776/v3/ade3cdef6a2948f8accd4eff2c8f1c61/volumes/f0754c78-adfc-4e95-b9fb-8055ac95a5dd returned with HTTP 202
2022-10-14 14:13:25.514 22 INFO cinder.api.openstack.wsgi [req-82fb7cbd-79a1-4b41-8759-dda76de1e446 req-1e0a7886-098f-4a0d-935d-07da4890b21c 394b16aadcde43c6b40d9e63551a9459 ade3cdef6a2948f8accd4eff2c8f1c61 - - default default] GET http://[LB_IP_ADDRESS]:8776/v3/ade3cdef6a2948f8accd4eff2c8f1c61/volumes/f0754c78-adfc-4e95-b9fb-8055ac95a5dd
2022-10-14 14:13:25.539 22 INFO cinder.volume.api [req-82fb7cbd-79a1-4b41-8759-dda76de1e446 req-1e0a7886-098f-4a0d-935d-07da4890b21c 394b16aadcde43c6b40d9e63551a9459 ade3cdef6a2948f8accd4eff2c8f1c61 - - default default] Volume info retrieved successfully.
2022-10-14 14:13:25.546 22 INFO cinder.api.openstack.wsgi [req-82fb7cbd-79a1-4b41-8759-dda76de1e446 req-1e0a7886-098f-4a0d-935d-07da4890b21c 394b16aadcde43c6b40d9e63551a9459 ade3cdef6a2948f8accd4eff2c8f1c61 - - default default] http://[LB_IP_ADDRESS]:8776/v3/ade3cdef6a2948f8accd4eff2c8f1c61/volumes/f0754c78-adfc-4e95-b9fb-8055ac95a5dd returned with HTTP 200
2022-10-14 14:13:25.805 21 INFO cinder.api.openstack.wsgi [None req-0c927618-2cb5-48da-98e2-b7597efeee8d 579d6fb19a45464f95286f939c8f4a5f de034a551ecb4d589e3e39ddcfb70bc2 - - default default] GET http://[LB_IP_ADDRESS]:8776/v3/de034a551ecb4d589e3e39ddcfb70bc2/volumes/5cd93bb1-5a65-4f0d-bebf-75d1417ff3d5
2022-10-14 14:13:25.827 21 INFO cinder.volume.api [None req-0c927618-2cb5-48da-98e2-b7597efeee8d 579d6fb19a45464f95286f939c8f4a5f de034a551ecb4d589e3e39ddcfb70bc2 - - default default] Volume info retrieved successfully.
2022-10-14 14:13:25.834 21 INFO cinder.api.openstack.wsgi [None req-0c927618-2cb5-48da-98e2-b7597efeee8d 579d6fb19a45464f95286f939c8f4a5f de034a551ecb4d589e3e39ddcfb70bc2 - - default default] http://[LB_IP_ADDRESS]:8776/v3/de034a551ecb4d589e3e39ddcfb70bc2/volumes/5cd93bb1-5a65-4f0d-bebf-75d1417ff3d5 returned with HTTP 200
2022-10-14 14:13:26.584 19 INFO cinder.api.openstack.wsgi [req-8336f6ae-777d-44ec-98b2-94afadc89706 req-0cf8b809-a044-4398-b069-92968781674d 394b16aadcde43c6b40d9e63551a9459 ade3cdef6a2948f8accd4eff2c8f1c61 - - default default] GET http://[LB_IP_ADDRESS]:8776/v3/ade3cdef6a2948f8accd4eff2c8f1c61/volumes/f0754c78-adfc-4e95-b9fb-8055ac95a5dd
2022-10-14 14:13:26.597 19 INFO cinder.api.openstack.wsgi [req-8336f6ae-777d-44ec-98b2-94afadc89706 req-0cf8b809-a044-4398-b069-92968781674d 394b16aadcde43c6b40d9e63551a9459 ade3cdef6a2948f8accd4eff2c8f1c61 - - default default] http://[LB_IP_ADDRESS]:8776/v3/ade3cdef6a2948f8accd4eff2c8f1c61/volumes/f0754c78-adfc-4e95-b9fb-8055ac95a5dd returned with HTTP 404
2022-10-14 14:13:26.634 20 INFO cinder.api.openstack.wsgi [req-525cb250-1d14-4770-9823-2e993c182a9e req-c0e6493c-a77b-4f73-a6d0-f5aa15a1441e 394b16aadcde43c6b40d9e63551a9459 ade3cdef6a2948f8accd4eff2c8f1c61 - - default default] DELETE http://[LB_IP_ADDRESS]:8776/v3/ade3cdef6a2948f8accd4eff2c8f1c61/volumes/f0754c78-adfc-4e95-b9fb-8055ac95a5dd
2022-10-14 14:13:26.635 20 INFO cinder.api.v3.volumes [req-525cb250-1d14-4770-9823-2e993c182a9e req-c0e6493c-a77b-4f73-a6d0-f5aa15a1441e 394b16aadcde43c6b40d9e63551a9459 ade3cdef6a2948f8accd4eff2c8f1c61 - - default default] Delete volume with id: f0754c78-adfc-4e95-b9fb-8055ac95a5dd 
2022-10-14 14:13:26.654 20 INFO cinder.api.openstack.wsgi [req-525cb250-1d14-4770-9823-2e993c182a9e req-c0e6493c-a77b-4f73-a6d0-f5aa15a1441e 394b16aadcde43c6b40d9e63551a9459 ade3cdef6a2948f8accd4eff2c8f1c61 - - default default] http://[LB_IP_ADDRESS]:8776/v3/ade3cdef6a2948f8accd4eff2c8f1c61/volumes/f0754c78-adfc-4e95-b9fb-8055ac95a5dd returned with HTTP 404
2022-10-14 14:13:26.687 23 INFO cinder.api.openstack.wsgi [req-8eb94d8e-f1e4-45ce-9c35-0c4619074596 req-61d107ae-c4f4-4280-b31b-81e3f56396db 394b16aadcde43c6b40d9e63551a9459 ade3cdef6a2948f8accd4eff2c8f1c61 - - default default] GET http://[LB_IP_ADDRESS]:8776/v3/ade3cdef6a2948f8accd4eff2c8f1c61/volumes/f0754c78-adfc-4e95-b9fb-8055ac95a5dd
2022-10-14 14:13:26.703 23 INFO cinder.api.openstack.wsgi [req-8eb94d8e-f1e4-45ce-9c35-0c4619074596 req-61d107ae-c4f4-4280-b31b-81e3f56396db 394b16aadcde43c6b40d9e63551a9459 ade3cdef6a2948f8accd4eff2c8f1c61 - - default default] http://[LB_IP_ADDRESS]:8776/v3/ade3cdef6a2948f8accd4eff2c8f1c61/volumes/f0754c78-adfc-4e95-b9fb-8055ac95a5dd returned with HTTP 404
2022-10-14 14:13:26.861 22 INFO cinder.api.openstack.wsgi [None req-5e8255fc-cb8f-4dc3-a1fa-4758e8a59aa2 579d6fb19a45464f95286f939c8f4a5f de034a551ecb4d589e3e39ddcfb70bc2 - - default default] GET http://[LB_IP_ADDRESS]:8776/v3/de034a551ecb4d589e3e39ddcfb70bc2/volumes/5cd93bb1-5a65-4f0d-bebf-75d1417ff3d5
2022-10-14 14:13:26.890 22 INFO cinder.volume.api [None req-5e8255fc-cb8f-4dc3-a1fa-4758e8a59aa2 579d6fb19a45464f95286f939c8f4a5f de034a551ecb4d589e3e39ddcfb70bc2 - - default default] Volume info retrieved successfully.
2022-10-14 14:13:26.899 22 INFO cinder.api.openstack.wsgi [None req-5e8255fc-cb8f-4dc3-a1fa-4758e8a59aa2 579d6fb19a45464f95286f939c8f4a5f de034a551ecb4d589e3e39ddcfb70bc2 - - default default] http://[LB_IP_ADDRESS]:8776/v3/de034a551ecb4d589e3e39ddcfb70bc2/volumes/5cd93bb1-5a65-4f0d-bebf-75d1417ff3d5 returned with HTTP 200
2022-10-14 14:13:27.235 21 INFO cinder.api.openstack.wsgi [None req-6f435e94-8785-4d24-b332-9779f4508140 22f0c3ae9e8a4cf9b48c796f65a33bc9 c34fa6c8dac547b09c1ea27d74b13ca1 - - default default] POST http://[LB_IP_ADDRESS]:8776/v3/c34fa6c8dac547b09c1ea27d74b13ca1/types
2022-10-14 14:13:27.264 21 INFO cinder.api.openstack.wsgi [None req-6f435e94-8785-4d24-b332-9779f4508140 22f0c3ae9e8a4cf9b48c796f65a33bc9 c34fa6c8dac547b09c1ea27d74b13ca1 - - default default] http://[LB_IP_ADDRESS]:8776/v3/c34fa6c8dac547b09c1ea27d74b13ca1/types returned with HTTP 200
2022-10-14 14:13:27.279 19 INFO cinder.api.openstack.wsgi [None req-56538ed5-0e5e-4643-a227-8bdb68ff2675 22f0c3ae9e8a4cf9b48c796f65a33bc9 c34fa6c8dac547b09c1ea27d74b13ca1 - - default default] POST http://[LB_IP_ADDRESS]:8776/v3/c34fa6c8dac547b09c1ea27d74b13ca1/group_types
2022-10-14 14:13:27.304 19 INFO cinder.api.openstack.wsgi [None req-56538ed5-0e5e-4643-a227-8bdb68ff2675 22f0c3ae9e8a4cf9b48c796f65a33bc9 c34fa6c8dac547b09c1ea27d74b13ca1 - - default default] http://[LB_IP_ADDRESS]:8776/v3/c34fa6c8dac547b09c1ea27d74b13ca1/group_types returned with HTTP 202
2022-10-14 14:13:27.477 20 INFO cinder.api.openstack.wsgi [None req-0e8b874b-a78a-4291-ae08-81f13c1bbccc 77555d7e3a4c4db1a83839f9b3e7f4d8 443c2bd1ef214f9bb88616c5d461f416 - - default default] POST http://[LB_IP_ADDRESS]:8776/v3/443c2bd1ef214f9bb88616c5d461f416/groups
2022-10-14 14:13:27.489 20 INFO cinder.api.v3.groups [None req-0e8b874b-a78a-4291-ae08-81f13c1bbccc 77555d7e3a4c4db1a83839f9b3e7f4d8 443c2bd1ef214f9bb88616c5d461f416 - - default default] Creating group tempest-GroupSnapshotsTest-Group-837635968.
2022-10-14 14:13:27.508 20 INFO cinder.volume.api [None req-0e8b874b-a78a-4291-ae08-81f13c1bbccc 77555d7e3a4c4db1a83839f9b3e7f4d8 443c2bd1ef214f9bb88616c5d461f416 - - default default] Availability Zones retrieved successfully.
2022-10-14 14:13:27.593 20 INFO cinder.api.openstack.wsgi [None req-0e8b874b-a78a-4291-ae08-81f13c1bbccc 77555d7e3a4c4db1a83839f9b3e7f4d8 443c2bd1ef214f9bb88616c5d461f416 - - default default] http://[LB_IP_ADDRESS]:8776/v3/443c2bd1ef214f9bb88616c5d461f416/groups returned with HTTP 202
2022-10-14 14:13:27.608 23 INFO cinder.api.openstack.wsgi [None req-cb57330f-2e45-41b1-9161-8d93db217ae9 77555d7e3a4c4db1a83839f9b3e7f4d8 443c2bd1ef214f9bb88616c5d461f416 - - default default] GET http://[LB_IP_ADDRESS]:8776/v3/443c2bd1ef214f9bb88616c5d461f416/groups/b6027a1a-8d9d-46c3-9f99-c06fd04f810c
2022-10-14 14:13:27.629 23 INFO cinder.api.openstack.wsgi [None req-cb57330f-2e45-41b1-9161-8d93db217ae9 77555d7e3a4c4db1a83839f9b3e7f4d8 443c2bd1ef214f9bb88616c5d461f416 - - default default] http://[LB_IP_ADDRESS]:8776/v3/443c2bd1ef214f9bb88616c5d461f416/groups/b6027a1a-8d9d-46c3-9f99-c06fd04f810c returned with HTTP 200
2022-10-14 14:13:27.922 22 INFO cinder.api.openstack.wsgi [None req-082f6674-6a89-4e9c-a638-e5608818a12f 579d6fb19a45464f95286f939c8f4a5f de034a551ecb4d589e3e39ddcfb70bc2 - - default default] GET http://[LB_IP_ADDRESS]:8776/v3/de034a551ecb4d589e3e39ddcfb70bc2/volumes/5cd93bb1-5a65-4f0d-bebf-75d1417ff3d5
2022-10-14 14:13:27.944 22 INFO cinder.volume.api [None req-082f6674-6a89-4e9c-a638-e5608818a12f 579d6fb19a45464f95286f939c8f4a5f de034a551ecb4d589e3e39ddcfb70bc2 - - default default] Volume info retrieved successfully.
2022-10-14 14:13:27.951 22 INFO cinder.api.openstack.wsgi [None req-082f6674-6a89-4e9c-a638-e5608818a12f 579d6fb19a45464f95286f939c8f4a5f de034a551ecb4d589e3e39ddcfb70bc2 - - default default] http://[LB_IP_ADDRESS]:8776/v3/de034a551ecb4d589e3e39ddcfb70bc2/volumes/5cd93bb1-5a65-4f0d-bebf-75d1417ff3d5 returned with HTTP 200
2022-10-14 14:13:28.645 21 INFO cinder.api.openstack.wsgi [None req-fa944387-ffd2-4d4c-b5fb-dea214ecb4fb 77555d7e3a4c4db1a83839f9b3e7f4d8 443c2bd1ef214f9bb88616c5d461f416 - - default default] GET http://[LB_IP_ADDRESS]:8776/v3/443c2bd1ef214f9bb88616c5d461f416/groups/b6027a1a-8d9d-46c3-9f99-c06fd04f810c
2022-10-14 14:13:28.667 21 INFO cinder.api.openstack.wsgi [None req-fa944387-ffd2-4d4c-b5fb-dea214ecb4fb 77555d7e3a4c4db1a83839f9b3e7f4d8 443c2bd1ef214f9bb88616c5d461f416 - - default default] http://[LB_IP_ADDRESS]:8776/v3/443c2bd1ef214f9bb88616c5d461f416/groups/b6027a1a-8d9d-46c3-9f99-c06fd04f810c returned with HTTP 200
2022-10-14 14:13:28.682 19 INFO cinder.api.openstack.wsgi [None req-3230825a-86aa-4320-a801-e8117963ed11 77555d7e3a4c4db1a83839f9b3e7f4d8 443c2bd1ef214f9bb88616c5d461f416 - - default default] POST http://[LB_IP_ADDRESS]:8776/v3/443c2bd1ef214f9bb88616c5d461f416/volumes
2022-10-14 14:13:28.698 19 INFO cinder.api.v3.volumes [None req-3230825a-86aa-4320-a801-e8117963ed11 77555d7e3a4c4db1a83839f9b3e7f4d8 443c2bd1ef214f9bb88616c5d461f416 - - default default] Create volume of 1 GB
2022-10-14 14:13:28.707 19 INFO cinder.volume.api [None req-3230825a-86aa-4320-a801-e8117963ed11 77555d7e3a4c4db1a83839f9b3e7f4d8 443c2bd1ef214f9bb88616c5d461f416 - - default default] Availability Zones retrieved successfully.
2022-10-14 14:13:28.780 19 WARNING cinder.quota [None req-3230825a-86aa-4320-a801-e8117963ed11 77555d7e3a4c4db1a83839f9b3e7f4d8 443c2bd1ef214f9bb88616c5d461f416 - - default default] Deprecated: Default quota for resource: volumes_tempest-GroupSnapshotsTest-volume-type-1213244986 is set by the default quota flag: quota_volumes_tempest-GroupSnapshotsTest-volume-type-1213244986, it is now deprecated. Please use the default quota class for default quota.
2022-10-14 14:13:28.781 19 WARNING cinder.quota [None req-3230825a-86aa-4320-a801-e8117963ed11 77555d7e3a4c4db1a83839f9b3e7f4d8 443c2bd1ef214f9bb88616c5d461f416 - - default default] Deprecated: Default quota for resource: gigabytes_tempest-GroupSnapshotsTest-volume-type-1213244986 is set by the default quota flag: quota_gigabytes_tempest-GroupSnapshotsTest-volume-type-1213244986, it is now deprecated. Please use the default quota class for default quota.
2022-10-14 14:13:28.919 19 INFO cinder.volume.api [None req-3230825a-86aa-4320-a801-e8117963ed11 77555d7e3a4c4db1a83839f9b3e7f4d8 443c2bd1ef214f9bb88616c5d461f416 - - default default] Create volume request issued successfully.
2022-10-14 14:13:28.938 19 INFO cinder.api.openstack.wsgi [None req-3230825a-86aa-4320-a801-e8117963ed11 77555d7e3a4c4db1a83839f9b3e7f4d8 443c2bd1ef214f9bb88616c5d461f416 - - default default] http://[LB_IP_ADDRESS]:8776/v3/443c2bd1ef214f9bb88616c5d461f416/volumes returned with HTTP 202
2022-10-14 14:13:28.959 20 INFO cinder.api.openstack.wsgi [None req-8494e1ee-8dd9-4ad4-87ba-3c450042fc64 77555d7e3a4c4db1a83839f9b3e7f4d8 443c2bd1ef214f9bb88616c5d461f416 - - default default] GET http://[LB_IP_ADDRESS]:8776/v3/443c2bd1ef214f9bb88616c5d461f416/volumes/80530753-d27f-4e54-9754-33131993b645
2022-10-14 14:13:28.971 23 INFO cinder.api.openstack.wsgi [None req-a356bb4a-e040-4ba5-b5fb-136fd6f3521c 579d6fb19a45464f95286f939c8f4a5f de034a551ecb4d589e3e39ddcfb70bc2 - - default default] GET http://[LB_IP_ADDRESS]:8776/v3/de034a551ecb4d589e3e39ddcfb70bc2/volumes/5cd93bb1-5a65-4f0d-bebf-75d1417ff3d5
2022-10-14 14:13:28.988 20 INFO cinder.volume.api [None req-8494e1ee-8dd9-4ad4-87ba-3c450042fc64 77555d7e3a4c4db1a83839f9b3e7f4d8 443c2bd1ef214f9bb88616c5d461f416 - - default default] Volume info retrieved successfully.
2022-10-14 14:13:28.993 23 INFO cinder.volume.api [None req-a356bb4a-e040-4ba5-b5fb-136fd6f3521c 579d6fb19a45464f95286f939c8f4a5f de034a551ecb4d589e3e39ddcfb70bc2 - - default default] Volume info retrieved successfully.
2022-10-14 14:13:29.001 23 INFO cinder.api.openstack.wsgi [None req-a356bb4a-e040-4ba5-b5fb-136fd6f3521c 579d6fb19a45464f95286f939c8f4a5f de034a551ecb4d589e3e39ddcfb70bc2 - - default default] http://[LB_IP_ADDRESS]:8776/v3/de034a551ecb4d589e3e39ddcfb70bc2/volumes/5cd93bb1-5a65-4f0d-bebf-75d1417ff3d5 returned with HTTP 200
2022-10-14 14:13:29.012 20 INFO cinder.api.openstack.wsgi [None req-8494e1ee-8dd9-4ad4-87ba-3c450042fc64 77555d7e3a4c4db1a83839f9b3e7f4d8 443c2bd1ef214f9bb88616c5d461f416 - - default default] http://[LB_IP_ADDRESS]:8776/v3/443c2bd1ef214f9bb88616c5d461f416/volumes/80530753-d27f-4e54-9754-33131993b645 returned with HTTP 200
2022-10-14 14:13:29.414 22 INFO cinder.api.openstack.wsgi [req-8bff9918-d9f6-43c9-96d2-3521203ab6d6 req-3d69e727-2478-4bbc-ae33-1f9f3fd32d89 e7d98d7f192d4dd3aebea79c94adbb7e c245ae8812204085b9557b014d35dacc - - default default] DELETE http://[LB_IP_ADDRESS]:8776/v3/c245ae8812204085b9557b014d35dacc/volumes/tempest-invalid-1263326964
2022-10-14 14:13:29.415 22 INFO cinder.api.v3.volumes [req-8bff9918-d9f6-43c9-96d2-3521203ab6d6 req-3d69e727-2478-4bbc-ae33-1f9f3fd32d89 e7d98d7f192d4dd3aebea79c94adbb7e c245ae8812204085b9557b014d35dacc - - default default] Delete volume with id: tempest-invalid-1263326964 
2022-10-14 14:13:29.438 22 INFO cinder.api.openstack.wsgi [req-8bff9918-d9f6-43c9-96d2-3521203ab6d6 req-3d69e727-2478-4bbc-ae33-1f9f3fd32d89 e7d98d7f192d4dd3aebea79c94adbb7e c245ae8812204085b9557b014d35dacc - - default default] http://[LB_IP_ADDRESS]:8776/v3/c245ae8812204085b9557b014d35dacc/volumes/tempest-invalid-1263326964 returned with HTTP 404
2022-10-14 14:13:29.501 21 INFO cinder.api.openstack.wsgi [req-1516ad88-7591-47d5-b02d-1037de76dbcf req-740bbc2c-91f3-492b-a194-b343ec61b473 e7d98d7f192d4dd3aebea79c94adbb7e c245ae8812204085b9557b014d35dacc - - default default] DELETE http://[LB_IP_ADDRESS]:8776/v3/c245ae8812204085b9557b014d35dacc/volumes/86e6830f-dff9-40a8-927d-dff96337e327
2022-10-14 14:13:29.502 21 INFO cinder.api.v3.volumes [req-1516ad88-7591-47d5-b02d-1037de76dbcf req-740bbc2c-91f3-492b-a194-b343ec61b473 e7d98d7f192d4dd3aebea79c94adbb7e c245ae8812204085b9557b014d35dacc - - default default] Delete volume with id: 86e6830f-dff9-40a8-927d-dff96337e327 
