2025-07-24 13:38:18.536 23 INFO cinder.api.openstack.wsgi [None req-cb13fc61-5e04-4227-bf38-f9233d681af5 3488cff57cbb408cb53d84eef351876d 35923b92f2c447ad93fa4d0407d28a74 - - default default] http://[LB_IP_ADDRESS]:8776/v3/35923b92f2c447ad93fa4d0407d28a74/snapshots/detail returned with HTTP 200
2025-07-24 13:38:18.553 22 INFO cinder.api.openstack.wsgi [None req-9a6542d5-5f67-420a-a715-cc0786bf9b12 3488cff57cbb408cb53d84eef351876d 35923b92f2c447ad93fa4d0407d28a74 - - default default] GET http://[LB_IP_ADDRESS]:8776/v3/35923b92f2c447ad93fa4d0407d28a74/snapshots/9aee6cac-7f91-437a-ac90-c88821e39e50
2025-07-24 13:38:18.565 22 INFO cinder.volume.api [None req-9a6542d5-5f67-420a-a715-cc0786bf9b12 3488cff57cbb408cb53d84eef351876d 35923b92f2c447ad93fa4d0407d28a74 - - default default] Snapshot retrieved successfully.
2025-07-24 13:38:18.567 22 INFO cinder.api.openstack.wsgi [None req-9a6542d5-5f67-420a-a715-cc0786bf9b12 3488cff57cbb408cb53d84eef351876d 35923b92f2c447ad93fa4d0407d28a74 - - default default] http://[LB_IP_ADDRESS]:8776/v3/35923b92f2c447ad93fa4d0407d28a74/snapshots/9aee6cac-7f91-437a-ac90-c88821e39e50 returned with HTTP 200
2025-07-24 13:38:19.584 25 INFO cinder.api.openstack.wsgi [None req-84985204-3856-4a8f-b91f-50b99553c8d0 3488cff57cbb408cb53d84eef351876d 35923b92f2c447ad93fa4d0407d28a74 - - default default] GET http://[LB_IP_ADDRESS]:8776/v3/35923b92f2c447ad93fa4d0407d28a74/snapshots/9aee6cac-7f91-437a-ac90-c88821e39e50
2025-07-24 13:38:19.594 25 INFO cinder.api.openstack.wsgi [None req-84985204-3856-4a8f-b91f-50b99553c8d0 3488cff57cbb408cb53d84eef351876d 35923b92f2c447ad93fa4d0407d28a74 - - default default] http://[LB_IP_ADDRESS]:8776/v3/35923b92f2c447ad93fa4d0407d28a74/snapshots/9aee6cac-7f91-437a-ac90-c88821e39e50 returned with HTTP 404
2025-07-24 13:38:19.605 24 INFO cinder.api.openstack.wsgi [None req-42dc529a-a278-438c-a009-abf0ae6fe1ba 3488cff57cbb408cb53d84eef351876d 35923b92f2c447ad93fa4d0407d28a74 - - default default] GET http://[LB_IP_ADDRESS]:8776/v3/35923b92f2c447ad93fa4d0407d28a74/group_snapshots/0cc226f4-f23f-44fc-97b1-3823112f0cb8
2025-07-24 13:38:19.611 24 INFO cinder.api.openstack.wsgi [None req-42dc529a-a278-438c-a009-abf0ae6fe1ba 3488cff57cbb408cb53d84eef351876d 35923b92f2c447ad93fa4d0407d28a74 - - default default] http://[LB_IP_ADDRESS]:8776/v3/35923b92f2c447ad93fa4d0407d28a74/group_snapshots/0cc226f4-f23f-44fc-97b1-3823112f0cb8 returned with HTTP 404
2025-07-24 13:38:19.622 21 INFO cinder.api.openstack.wsgi [None req-0b5e859d-45c2-4a0e-9582-eff7ac062b0a 3488cff57cbb408cb53d84eef351876d 35923b92f2c447ad93fa4d0407d28a74 - - default default] GET http://[LB_IP_ADDRESS]:8776/v3/35923b92f2c447ad93fa4d0407d28a74/volumes/detail
2025-07-24 13:38:19.642 21 INFO cinder.volume.api [None req-0b5e859d-45c2-4a0e-9582-eff7ac062b0a 3488cff57cbb408cb53d84eef351876d 35923b92f2c447ad93fa4d0407d28a74 - - default default] Get all volumes completed successfully.
2025-07-24 13:38:19.670 21 INFO cinder.api.openstack.wsgi [None req-0b5e859d-45c2-4a0e-9582-eff7ac062b0a 3488cff57cbb408cb53d84eef351876d 35923b92f2c447ad93fa4d0407d28a74 - - default default] http://[LB_IP_ADDRESS]:8776/v3/35923b92f2c447ad93fa4d0407d28a74/volumes/detail returned with HTTP 200
2025-07-24 13:38:19.699 23 INFO cinder.api.openstack.wsgi [None req-5381ade8-8647-45fa-bf92-b92f35f2cc45 3488cff57cbb408cb53d84eef351876d 35923b92f2c447ad93fa4d0407d28a74 - - default default] POST http://[LB_IP_ADDRESS]:8776/v3/35923b92f2c447ad93fa4d0407d28a74/groups/6745c38b-ab19-4b72-b34a-29857a297697/action
2025-07-24 13:38:19.703 23 INFO cinder.api.v3.groups [None req-5381ade8-8647-45fa-bf92-b92f35f2cc45 3488cff57cbb408cb53d84eef351876d 35923b92f2c447ad93fa4d0407d28a74 - - default default] Delete group with id: 6745c38b-ab19-4b72-b34a-29857a297697
2025-07-24 13:38:19.773 23 INFO cinder.api.openstack.wsgi [None req-5381ade8-8647-45fa-bf92-b92f35f2cc45 3488cff57cbb408cb53d84eef351876d 35923b92f2c447ad93fa4d0407d28a74 - - default default] http://[LB_IP_ADDRESS]:8776/v3/35923b92f2c447ad93fa4d0407d28a74/groups/6745c38b-ab19-4b72-b34a-29857a297697/action returned with HTTP 202
2025-07-24 13:38:19.784 22 INFO cinder.api.openstack.wsgi [None req-2c6b279c-292d-421f-b050-642c65f99137 3488cff57cbb408cb53d84eef351876d 35923b92f2c447ad93fa4d0407d28a74 - - default default] GET http://[LB_IP_ADDRESS]:8776/v3/35923b92f2c447ad93fa4d0407d28a74/volumes/ba186f69-70a5-427b-9191-2413b6b9bbe8
2025-07-24 13:38:19.807 22 INFO cinder.volume.api [None req-2c6b279c-292d-421f-b050-642c65f99137 3488cff57cbb408cb53d84eef351876d 35923b92f2c447ad93fa4d0407d28a74 - - default default] Volume info retrieved successfully.
2025-07-24 13:38:19.829 25 INFO cinder.api.openstack.wsgi [req-03efc0a2-5c84-4057-808d-e3682819a2b2 req-75169a2c-9d0b-4082-b352-a6d06d2deb5c 1cb3305e0de54b098b1ec356a2c6658f 084b323935f943d8b4c9aa3e23cce3d2 - - default default] POST http://[LB_IP_ADDRESS]:8776/v3/084b323935f943d8b4c9aa3e23cce3d2/volumes
2025-07-24 13:38:19.834 25 INFO cinder.api.v3.volumes [req-03efc0a2-5c84-4057-808d-e3682819a2b2 req-75169a2c-9d0b-4082-b352-a6d06d2deb5c 1cb3305e0de54b098b1ec356a2c6658f 084b323935f943d8b4c9aa3e23cce3d2 - - default default] Create volume of 1 GB
2025-07-24 13:38:19.837 22 INFO cinder.api.openstack.wsgi [None req-2c6b279c-292d-421f-b050-642c65f99137 3488cff57cbb408cb53d84eef351876d 35923b92f2c447ad93fa4d0407d28a74 - - default default] http://[LB_IP_ADDRESS]:8776/v3/35923b92f2c447ad93fa4d0407d28a74/volumes/ba186f69-70a5-427b-9191-2413b6b9bbe8 returned with HTTP 200
2025-07-24 13:38:19.843 25 INFO cinder.volume.api [req-03efc0a2-5c84-4057-808d-e3682819a2b2 req-75169a2c-9d0b-4082-b352-a6d06d2deb5c 1cb3305e0de54b098b1ec356a2c6658f 084b323935f943d8b4c9aa3e23cce3d2 - - default default] Availability Zones retrieved successfully.
2025-07-24 13:38:20.074 25 INFO cinder.volume.api [req-03efc0a2-5c84-4057-808d-e3682819a2b2 req-75169a2c-9d0b-4082-b352-a6d06d2deb5c 1cb3305e0de54b098b1ec356a2c6658f 084b323935f943d8b4c9aa3e23cce3d2 - - default default] Create volume request issued successfully.
2025-07-24 13:38:20.078 25 INFO cinder.api.openstack.wsgi [req-03efc0a2-5c84-4057-808d-e3682819a2b2 req-75169a2c-9d0b-4082-b352-a6d06d2deb5c 1cb3305e0de54b098b1ec356a2c6658f 084b323935f943d8b4c9aa3e23cce3d2 - - default default] http://[LB_IP_ADDRESS]:8776/v3/084b323935f943d8b4c9aa3e23cce3d2/volumes returned with HTTP 202
2025-07-24 13:38:20.093 24 INFO cinder.api.openstack.wsgi [req-03efc0a2-5c84-4057-808d-e3682819a2b2 req-46bb1110-0d7b-40a4-bed5-37886e3a8942 1cb3305e0de54b098b1ec356a2c6658f 084b323935f943d8b4c9aa3e23cce3d2 - - default default] GET http://[LB_IP_ADDRESS]:8776/v3/084b323935f943d8b4c9aa3e23cce3d2/volumes/8ac5892d-3aed-40fd-b3df-bc836ecf8428
2025-07-24 13:38:20.119 24 INFO cinder.volume.api [req-03efc0a2-5c84-4057-808d-e3682819a2b2 req-46bb1110-0d7b-40a4-bed5-37886e3a8942 1cb3305e0de54b098b1ec356a2c6658f 084b323935f943d8b4c9aa3e23cce3d2 - - default default] Volume info retrieved successfully.
2025-07-24 13:38:20.128 24 INFO cinder.api.openstack.wsgi [req-03efc0a2-5c84-4057-808d-e3682819a2b2 req-46bb1110-0d7b-40a4-bed5-37886e3a8942 1cb3305e0de54b098b1ec356a2c6658f 084b323935f943d8b4c9aa3e23cce3d2 - - default default] http://[LB_IP_ADDRESS]:8776/v3/084b323935f943d8b4c9aa3e23cce3d2/volumes/8ac5892d-3aed-40fd-b3df-bc836ecf8428 returned with HTTP 200
2025-07-24 13:38:20.167 21 INFO cinder.api.openstack.wsgi [req-2d577c5c-76f1-4f79-bad4-784ea252cb3b req-b262f121-266e-4da9-b940-5c4bc85fcfc1 1cb3305e0de54b098b1ec356a2c6658f 084b323935f943d8b4c9aa3e23cce3d2 - - default default] GET http://[LB_IP_ADDRESS]:8776/v3/084b323935f943d8b4c9aa3e23cce3d2/volumes/8ac5892d-3aed-40fd-b3df-bc836ecf8428
2025-07-24 13:38:20.191 21 INFO cinder.volume.api [req-2d577c5c-76f1-4f79-bad4-784ea252cb3b req-b262f121-266e-4da9-b940-5c4bc85fcfc1 1cb3305e0de54b098b1ec356a2c6658f 084b323935f943d8b4c9aa3e23cce3d2 - - default default] Volume info retrieved successfully.
2025-07-24 13:38:20.200 21 INFO cinder.api.openstack.wsgi [req-2d577c5c-76f1-4f79-bad4-784ea252cb3b req-b262f121-266e-4da9-b940-5c4bc85fcfc1 1cb3305e0de54b098b1ec356a2c6658f 084b323935f943d8b4c9aa3e23cce3d2 - - default default] http://[LB_IP_ADDRESS]:8776/v3/084b323935f943d8b4c9aa3e23cce3d2/volumes/8ac5892d-3aed-40fd-b3df-bc836ecf8428 returned with HTTP 200
2025-07-24 13:38:20.866 23 INFO cinder.api.openstack.wsgi [None req-c2e6ab9f-498c-43d8-a49a-5fec86e7853f 3488cff57cbb408cb53d84eef351876d 35923b92f2c447ad93fa4d0407d28a74 - - default default] GET http://[LB_IP_ADDRESS]:8776/v3/35923b92f2c447ad93fa4d0407d28a74/volumes/ba186f69-70a5-427b-9191-2413b6b9bbe8
2025-07-24 13:38:20.881 23 INFO cinder.api.openstack.wsgi [None req-c2e6ab9f-498c-43d8-a49a-5fec86e7853f 3488cff57cbb408cb53d84eef351876d 35923b92f2c447ad93fa4d0407d28a74 - - default default] http://[LB_IP_ADDRESS]:8776/v3/35923b92f2c447ad93fa4d0407d28a74/volumes/ba186f69-70a5-427b-9191-2413b6b9bbe8 returned with HTTP 404
2025-07-24 13:38:20.893 22 INFO cinder.api.openstack.wsgi [None req-0cf83ed0-d089-4a7e-94e4-5aecb60c3814 3488cff57cbb408cb53d84eef351876d 35923b92f2c447ad93fa4d0407d28a74 - - default default] GET http://[LB_IP_ADDRESS]:8776/v3/35923b92f2c447ad93fa4d0407d28a74/groups/6745c38b-ab19-4b72-b34a-29857a297697
2025-07-24 13:38:20.900 22 INFO cinder.api.openstack.wsgi [None req-0cf83ed0-d089-4a7e-94e4-5aecb60c3814 3488cff57cbb408cb53d84eef351876d 35923b92f2c447ad93fa4d0407d28a74 - - default default] http://[LB_IP_ADDRESS]:8776/v3/35923b92f2c447ad93fa4d0407d28a74/groups/6745c38b-ab19-4b72-b34a-29857a297697 returned with HTTP 404
2025-07-24 13:38:20.914 25 INFO cinder.api.openstack.wsgi [None req-6ee09747-1ab5-4421-88bc-abeaad36830e 5fbb131ee83241f6a95280921f35f882 e1ccb2961f9246edbb5549283c6841a3 - - default default] DELETE http://[LB_IP_ADDRESS]:8776/v3/e1ccb2961f9246edbb5549283c6841a3/group_types/46d6e2d4-3de3-4cbc-ae75-b9599f79d7f4
2025-07-24 13:38:20.943 25 INFO cinder.api.openstack.wsgi [None req-6ee09747-1ab5-4421-88bc-abeaad36830e 5fbb131ee83241f6a95280921f35f882 e1ccb2961f9246edbb5549283c6841a3 - - default default] http://[LB_IP_ADDRESS]:8776/v3/e1ccb2961f9246edbb5549283c6841a3/group_types/46d6e2d4-3de3-4cbc-ae75-b9599f79d7f4 returned with HTTP 202
2025-07-24 13:38:20.954 24 INFO cinder.api.openstack.wsgi [None req-52636bf3-6e69-43f0-b134-fbac4f0f334e 5fbb131ee83241f6a95280921f35f882 e1ccb2961f9246edbb5549283c6841a3 - - default default] DELETE http://[LB_IP_ADDRESS]:8776/v3/e1ccb2961f9246edbb5549283c6841a3/types/bce7feb3-219b-4411-b6e3-2f26474aebbc
2025-07-24 13:38:20.999 24 INFO cinder.api.openstack.wsgi [None req-52636bf3-6e69-43f0-b134-fbac4f0f334e 5fbb131ee83241f6a95280921f35f882 e1ccb2961f9246edbb5549283c6841a3 - - default default] http://[LB_IP_ADDRESS]:8776/v3/e1ccb2961f9246edbb5549283c6841a3/types/bce7feb3-219b-4411-b6e3-2f26474aebbc returned with HTTP 202
2025-07-24 13:38:21.010 21 INFO cinder.api.openstack.wsgi [None req-53dd2a36-ea01-42ae-b8e9-42150e044b0c 5fbb131ee83241f6a95280921f35f882 e1ccb2961f9246edbb5549283c6841a3 - - default default] GET http://[LB_IP_ADDRESS]:8776/v3/e1ccb2961f9246edbb5549283c6841a3/types/bce7feb3-219b-4411-b6e3-2f26474aebbc
2025-07-24 13:38:21.017 21 INFO cinder.api.openstack.wsgi [None req-53dd2a36-ea01-42ae-b8e9-42150e044b0c 5fbb131ee83241f6a95280921f35f882 e1ccb2961f9246edbb5549283c6841a3 - - default default] http://[LB_IP_ADDRESS]:8776/v3/e1ccb2961f9246edbb5549283c6841a3/types/bce7feb3-219b-4411-b6e3-2f26474aebbc returned with HTTP 404
2025-07-24 13:38:21.238 23 INFO cinder.api.openstack.wsgi [req-060007d6-4aab-4ec6-ab11-a0c8cd910155 req-a926d22b-ff98-44b7-ab5f-5b661447b0cb 1cb3305e0de54b098b1ec356a2c6658f 084b323935f943d8b4c9aa3e23cce3d2 - - default default] GET http://[LB_IP_ADDRESS]:8776/v3/084b323935f943d8b4c9aa3e23cce3d2/volumes/8ac5892d-3aed-40fd-b3df-bc836ecf8428
2025-07-24 13:38:21.263 23 INFO cinder.volume.api [req-060007d6-4aab-4ec6-ab11-a0c8cd910155 req-a926d22b-ff98-44b7-ab5f-5b661447b0cb 1cb3305e0de54b098b1ec356a2c6658f 084b323935f943d8b4c9aa3e23cce3d2 - - default default] Volume info retrieved successfully.
2025-07-24 13:38:21.272 23 INFO cinder.api.openstack.wsgi [req-060007d6-4aab-4ec6-ab11-a0c8cd910155 req-a926d22b-ff98-44b7-ab5f-5b661447b0cb 1cb3305e0de54b098b1ec356a2c6658f 084b323935f943d8b4c9aa3e23cce3d2 - - default default] http://[LB_IP_ADDRESS]:8776/v3/084b323935f943d8b4c9aa3e23cce3d2/volumes/8ac5892d-3aed-40fd-b3df-bc836ecf8428 returned with HTTP 200
2025-07-24 13:38:22.309 22 INFO cinder.api.openstack.wsgi [req-b3796953-1963-4e44-971d-c2cf02c39087 req-93949c26-1f22-41f3-aa27-d855a1f8cd46 1cb3305e0de54b098b1ec356a2c6658f 084b323935f943d8b4c9aa3e23cce3d2 - - default default] GET http://[LB_IP_ADDRESS]:8776/v3/084b323935f943d8b4c9aa3e23cce3d2/volumes/8ac5892d-3aed-40fd-b3df-bc836ecf8428
2025-07-24 13:38:22.333 22 INFO cinder.volume.api [req-b3796953-1963-4e44-971d-c2cf02c39087 req-93949c26-1f22-41f3-aa27-d855a1f8cd46 1cb3305e0de54b098b1ec356a2c6658f 084b323935f943d8b4c9aa3e23cce3d2 - - default default] Volume info retrieved successfully.
2025-07-24 13:38:22.342 22 INFO cinder.api.openstack.wsgi [req-b3796953-1963-4e44-971d-c2cf02c39087 req-93949c26-1f22-41f3-aa27-d855a1f8cd46 1cb3305e0de54b098b1ec356a2c6658f 084b323935f943d8b4c9aa3e23cce3d2 - - default default] http://[LB_IP_ADDRESS]:8776/v3/084b323935f943d8b4c9aa3e23cce3d2/volumes/8ac5892d-3aed-40fd-b3df-bc836ecf8428 returned with HTTP 200
2025-07-24 13:38:22.378 25 INFO cinder.api.openstack.wsgi [req-56e9152a-d36b-4b87-8285-39d8e2875459 req-1f435ead-b3ab-44da-8323-266e9d58a871 1cb3305e0de54b098b1ec356a2c6658f 084b323935f943d8b4c9aa3e23cce3d2 - - default default] GET http://[LB_IP_ADDRESS]:8776/v3/084b323935f943d8b4c9aa3e23cce3d2/volumes/8ac5892d-3aed-40fd-b3df-bc836ecf8428
2025-07-24 13:38:22.404 25 INFO cinder.volume.api [req-56e9152a-d36b-4b87-8285-39d8e2875459 req-1f435ead-b3ab-44da-8323-266e9d58a871 1cb3305e0de54b098b1ec356a2c6658f 084b323935f943d8b4c9aa3e23cce3d2 - - default default] Volume info retrieved successfully.
2025-07-24 13:38:22.414 25 INFO cinder.api.openstack.wsgi [req-56e9152a-d36b-4b87-8285-39d8e2875459 req-1f435ead-b3ab-44da-8323-266e9d58a871 1cb3305e0de54b098b1ec356a2c6658f 084b323935f943d8b4c9aa3e23cce3d2 - - default default] http://[LB_IP_ADDRESS]:8776/v3/084b323935f943d8b4c9aa3e23cce3d2/volumes/8ac5892d-3aed-40fd-b3df-bc836ecf8428 returned with HTTP 200
2025-07-24 13:38:22.447 24 INFO cinder.api.openstack.wsgi [req-46af5bbf-e482-4bc6-9ee3-57f6e7468628 req-4e783a3d-8ebf-4515-8564-c802406672b9 1cb3305e0de54b098b1ec356a2c6658f 084b323935f943d8b4c9aa3e23cce3d2 - - default default] DELETE http://[LB_IP_ADDRESS]:8776/v3/084b323935f943d8b4c9aa3e23cce3d2/volumes/8ac5892d-3aed-40fd-b3df-bc836ecf8428
2025-07-24 13:38:22.448 24 INFO cinder.api.v3.volumes [req-46af5bbf-e482-4bc6-9ee3-57f6e7468628 req-4e783a3d-8ebf-4515-8564-c802406672b9 1cb3305e0de54b098b1ec356a2c6658f 084b323935f943d8b4c9aa3e23cce3d2 - - default default] Delete volume with id: 8ac5892d-3aed-40fd-b3df-bc836ecf8428 
2025-07-24 13:38:22.467 24 INFO cinder.volume.api [req-46af5bbf-e482-4bc6-9ee3-57f6e7468628 req-4e783a3d-8ebf-4515-8564-c802406672b9 1cb3305e0de54b098b1ec356a2c6658f 084b323935f943d8b4c9aa3e23cce3d2 - - default default] Volume info retrieved successfully.
2025-07-24 13:38:22.497 24 INFO cinder.volume.api [req-46af5bbf-e482-4bc6-9ee3-57f6e7468628 req-4e783a3d-8ebf-4515-8564-c802406672b9 1cb3305e0de54b098b1ec356a2c6658f 084b323935f943d8b4c9aa3e23cce3d2 - - default default] Delete volume request issued successfully.
2025-07-24 13:38:22.498 24 INFO cinder.api.openstack.wsgi [req-46af5bbf-e482-4bc6-9ee3-57f6e7468628 req-4e783a3d-8ebf-4515-8564-c802406672b9 1cb3305e0de54b098b1ec356a2c6658f 084b323935f943d8b4c9aa3e23cce3d2 - - default default] http://[LB_IP_ADDRESS]:8776/v3/084b323935f943d8b4c9aa3e23cce3d2/volumes/8ac5892d-3aed-40fd-b3df-bc836ecf8428 returned with HTTP 202
2025-07-24 13:38:22.527 21 INFO cinder.api.openstack.wsgi [req-ffecb13c-4246-4508-b7e2-5100631c1eca req-7239e518-1b87-458f-8a82-8515f25af4e9 1cb3305e0de54b098b1ec356a2c6658f 084b323935f943d8b4c9aa3e23cce3d2 - - default default] GET http://[LB_IP_ADDRESS]:8776/v3/084b323935f943d8b4c9aa3e23cce3d2/volumes/8ac5892d-3aed-40fd-b3df-bc836ecf8428
2025-07-24 13:38:22.551 21 INFO cinder.volume.api [req-ffecb13c-4246-4508-b7e2-5100631c1eca req-7239e518-1b87-458f-8a82-8515f25af4e9 1cb3305e0de54b098b1ec356a2c6658f 084b323935f943d8b4c9aa3e23cce3d2 - - default default] Volume info retrieved successfully.
2025-07-24 13:38:22.560 21 INFO cinder.api.openstack.wsgi [req-ffecb13c-4246-4508-b7e2-5100631c1eca req-7239e518-1b87-458f-8a82-8515f25af4e9 1cb3305e0de54b098b1ec356a2c6658f 084b323935f943d8b4c9aa3e23cce3d2 - - default default] http://[LB_IP_ADDRESS]:8776/v3/084b323935f943d8b4c9aa3e23cce3d2/volumes/8ac5892d-3aed-40fd-b3df-bc836ecf8428 returned with HTTP 200
2025-07-24 13:38:22.631 23 INFO cinder.api.openstack.wsgi [None req-28f54cb6-a567-4a5a-94e5-13fcea09d381 - - - - - -] GET http://[LB_IP_ADDRESS]:8776/
2025-07-24 13:38:22.632 23 INFO cinder.api.openstack.wsgi [None req-28f54cb6-a567-4a5a-94e5-13fcea09d381 - - - - - -] http://[LB_IP_ADDRESS]:8776/ returned with HTTP 300
2025-07-24 13:38:22.809 23 INFO cinder.api.openstack.wsgi [None req-85202055-a8de-46c5-800b-86d4e544a7da b3b8591d810a4d42b33413219bb28c55 c805895b661b4b36a0ee3bd90a1bdff6 - - default default] POST http://[LB_IP_ADDRESS]:8776/v3/c805895b661b4b36a0ee3bd90a1bdff6/group_types
2025-07-24 13:38:22.833 23 INFO cinder.api.openstack.wsgi [None req-85202055-a8de-46c5-800b-86d4e544a7da b3b8591d810a4d42b33413219bb28c55 c805895b661b4b36a0ee3bd90a1bdff6 - - default default] http://[LB_IP_ADDRESS]:8776/v3/c805895b661b4b36a0ee3bd90a1bdff6/group_types returned with HTTP 202
2025-07-24 13:38:22.846 22 INFO cinder.api.openstack.wsgi [None req-0a97e4d2-64b0-4e5c-8a02-f8ad03f7407c b3b8591d810a4d42b33413219bb28c55 c805895b661b4b36a0ee3bd90a1bdff6 - - default default] POST http://[LB_IP_ADDRESS]:8776/v3/c805895b661b4b36a0ee3bd90a1bdff6/group_types/a31d590c-909d-429a-8558-c2eedc58191f/group_specs
2025-07-24 13:38:22.865 22 INFO cinder.api.openstack.wsgi [None req-0a97e4d2-64b0-4e5c-8a02-f8ad03f7407c b3b8591d810a4d42b33413219bb28c55 c805895b661b4b36a0ee3bd90a1bdff6 - - default default] http://[LB_IP_ADDRESS]:8776/v3/c805895b661b4b36a0ee3bd90a1bdff6/group_types/a31d590c-909d-429a-8558-c2eedc58191f/group_specs returned with HTTP 202
2025-07-24 13:38:22.876 25 INFO cinder.api.openstack.wsgi [None req-fd4cadeb-e526-4c00-ab2a-1be175bf5a89 b3b8591d810a4d42b33413219bb28c55 c805895b661b4b36a0ee3bd90a1bdff6 - - default default] POST http://[LB_IP_ADDRESS]:8776/v3/c805895b661b4b36a0ee3bd90a1bdff6/group_types/a31d590c-909d-429a-8558-c2eedc58191f/group_specs
2025-07-24 13:38:22.895 25 INFO cinder.api.openstack.wsgi [None req-fd4cadeb-e526-4c00-ab2a-1be175bf5a89 b3b8591d810a4d42b33413219bb28c55 c805895b661b4b36a0ee3bd90a1bdff6 - - default default] http://[LB_IP_ADDRESS]:8776/v3/c805895b661b4b36a0ee3bd90a1bdff6/group_types/a31d590c-909d-429a-8558-c2eedc58191f/group_specs returned with HTTP 202
2025-07-24 13:38:22.907 24 INFO cinder.api.openstack.wsgi [None req-bac91588-c83a-41f7-a38a-e43c55f2aa02 b3b8591d810a4d42b33413219bb28c55 c805895b661b4b36a0ee3bd90a1bdff6 - - default default] GET http://[LB_IP_ADDRESS]:8776/v3/c805895b661b4b36a0ee3bd90a1bdff6/group_types/a31d590c-909d-429a-8558-c2eedc58191f/group_specs/key2
2025-07-24 13:38:22.920 24 INFO cinder.api.openstack.wsgi [None req-bac91588-c83a-41f7-a38a-e43c55f2aa02 b3b8591d810a4d42b33413219bb28c55 c805895b661b4b36a0ee3bd90a1bdff6 - - default default] http://[LB_IP_ADDRESS]:8776/v3/c805895b661b4b36a0ee3bd90a1bdff6/group_types/a31d590c-909d-429a-8558-c2eedc58191f/group_specs/key2 returned with HTTP 200
2025-07-24 13:38:22.932 21 INFO cinder.api.openstack.wsgi [None req-5b66a3e8-8208-4203-a172-34074c9cf78d b3b8591d810a4d42b33413219bb28c55 c805895b661b4b36a0ee3bd90a1bdff6 - - default default] GET http://[LB_IP_ADDRESS]:8776/v3/c805895b661b4b36a0ee3bd90a1bdff6/group_types/a31d590c-909d-429a-8558-c2eedc58191f/group_specs/key3
2025-07-24 13:38:22.944 21 INFO cinder.api.openstack.wsgi [None req-5b66a3e8-8208-4203-a172-34074c9cf78d b3b8591d810a4d42b33413219bb28c55 c805895b661b4b36a0ee3bd90a1bdff6 - - default default] http://[LB_IP_ADDRESS]:8776/v3/c805895b661b4b36a0ee3bd90a1bdff6/group_types/a31d590c-909d-429a-8558-c2eedc58191f/group_specs/key3 returned with HTTP 200
2025-07-24 13:38:22.956 23 INFO cinder.api.openstack.wsgi [None req-1f201b1c-74c0-4b2e-9ceb-29215a9a8b50 b3b8591d810a4d42b33413219bb28c55 c805895b661b4b36a0ee3bd90a1bdff6 - - default default] PUT http://[LB_IP_ADDRESS]:8776/v3/c805895b661b4b36a0ee3bd90a1bdff6/group_types/a31d590c-909d-429a-8558-c2eedc58191f/group_specs/key3
2025-07-24 13:38:22.976 23 INFO cinder.api.openstack.wsgi [None req-1f201b1c-74c0-4b2e-9ceb-29215a9a8b50 b3b8591d810a4d42b33413219bb28c55 c805895b661b4b36a0ee3bd90a1bdff6 - - default default] http://[LB_IP_ADDRESS]:8776/v3/c805895b661b4b36a0ee3bd90a1bdff6/group_types/a31d590c-909d-429a-8558-c2eedc58191f/group_specs/key3 returned with HTTP 200
2025-07-24 13:38:22.988 22 INFO cinder.api.openstack.wsgi [None req-25a1b786-3422-40c0-8132-5eab6e3d8c43 b3b8591d810a4d42b33413219bb28c55 c805895b661b4b36a0ee3bd90a1bdff6 - - default default] GET http://[LB_IP_ADDRESS]:8776/v3/c805895b661b4b36a0ee3bd90a1bdff6/group_types/a31d590c-909d-429a-8558-c2eedc58191f/group_specs
2025-07-24 13:38:23.001 22 INFO cinder.api.openstack.wsgi [None req-25a1b786-3422-40c0-8132-5eab6e3d8c43 b3b8591d810a4d42b33413219bb28c55 c805895b661b4b36a0ee3bd90a1bdff6 - - default default] http://[LB_IP_ADDRESS]:8776/v3/c805895b661b4b36a0ee3bd90a1bdff6/group_types/a31d590c-909d-429a-8558-c2eedc58191f/group_specs returned with HTTP 200
2025-07-24 13:38:23.014 25 INFO cinder.api.openstack.wsgi [None req-5b5e760d-27f0-4800-92a6-93d9fb36d692 b3b8591d810a4d42b33413219bb28c55 c805895b661b4b36a0ee3bd90a1bdff6 - - default default] DELETE http://[LB_IP_ADDRESS]:8776/v3/c805895b661b4b36a0ee3bd90a1bdff6/group_types/a31d590c-909d-429a-8558-c2eedc58191f/group_specs/key1
2025-07-24 13:38:23.032 25 INFO cinder.api.openstack.wsgi [None req-5b5e760d-27f0-4800-92a6-93d9fb36d692 b3b8591d810a4d42b33413219bb28c55 c805895b661b4b36a0ee3bd90a1bdff6 - - default default] http://[LB_IP_ADDRESS]:8776/v3/c805895b661b4b36a0ee3bd90a1bdff6/group_types/a31d590c-909d-429a-8558-c2eedc58191f/group_specs/key1 returned with HTTP 202
2025-07-24 13:38:23.043 24 INFO cinder.api.openstack.wsgi [None req-98576584-9e5d-4dcb-8aeb-51bb4fa32265 b3b8591d810a4d42b33413219bb28c55 c805895b661b4b36a0ee3bd90a1bdff6 - - default default] GET http://[LB_IP_ADDRESS]:8776/v3/c805895b661b4b36a0ee3bd90a1bdff6/group_types/a31d590c-909d-429a-8558-c2eedc58191f/group_specs/key1
2025-07-24 13:38:23.056 24 INFO cinder.api.openstack.wsgi [None req-98576584-9e5d-4dcb-8aeb-51bb4fa32265 b3b8591d810a4d42b33413219bb28c55 c805895b661b4b36a0ee3bd90a1bdff6 - - default default] HTTP exception thrown: Group Type a31d590c-909d-429a-8558-c2eedc58191f has no extra spec with key key1.
2025-07-24 13:38:23.056 24 INFO cinder.api.openstack.wsgi [None req-98576584-9e5d-4dcb-8aeb-51bb4fa32265 b3b8591d810a4d42b33413219bb28c55 c805895b661b4b36a0ee3bd90a1bdff6 - - default default] http://[LB_IP_ADDRESS]:8776/v3/c805895b661b4b36a0ee3bd90a1bdff6/group_types/a31d590c-909d-429a-8558-c2eedc58191f/group_specs/key1 returned with HTTP 404
2025-07-24 13:38:23.068 21 INFO cinder.api.openstack.wsgi [None req-e188bd0b-35cb-4528-a193-08c12e18f4b2 b3b8591d810a4d42b33413219bb28c55 c805895b661b4b36a0ee3bd90a1bdff6 - - default default] DELETE http://[LB_IP_ADDRESS]:8776/v3/c805895b661b4b36a0ee3bd90a1bdff6/group_types/a31d590c-909d-429a-8558-c2eedc58191f/group_specs/key2
2025-07-24 13:38:23.085 21 INFO cinder.api.openstack.wsgi [None req-e188bd0b-35cb-4528-a193-08c12e18f4b2 b3b8591d810a4d42b33413219bb28c55 c805895b661b4b36a0ee3bd90a1bdff6 - - default default] http://[LB_IP_ADDRESS]:8776/v3/c805895b661b4b36a0ee3bd90a1bdff6/group_types/a31d590c-909d-429a-8558-c2eedc58191f/group_specs/key2 returned with HTTP 202
2025-07-24 13:38:23.097 23 INFO cinder.api.openstack.wsgi [None req-abd95068-ad65-4953-9ee8-a418e690ef3b b3b8591d810a4d42b33413219bb28c55 c805895b661b4b36a0ee3bd90a1bdff6 - - default default] GET http://[LB_IP_ADDRESS]:8776/v3/c805895b661b4b36a0ee3bd90a1bdff6/group_types/a31d590c-909d-429a-8558-c2eedc58191f/group_specs/key2
2025-07-24 13:38:23.109 23 INFO cinder.api.openstack.wsgi [None req-abd95068-ad65-4953-9ee8-a418e690ef3b b3b8591d810a4d42b33413219bb28c55 c805895b661b4b36a0ee3bd90a1bdff6 - - default default] HTTP exception thrown: Group Type a31d590c-909d-429a-8558-c2eedc58191f has no extra spec with key key2.
2025-07-24 13:38:23.109 23 INFO cinder.api.openstack.wsgi [None req-abd95068-ad65-4953-9ee8-a418e690ef3b b3b8591d810a4d42b33413219bb28c55 c805895b661b4b36a0ee3bd90a1bdff6 - - default default] http://[LB_IP_ADDRESS]:8776/v3/c805895b661b4b36a0ee3bd90a1bdff6/group_types/a31d590c-909d-429a-8558-c2eedc58191f/group_specs/key2 returned with HTTP 404
2025-07-24 13:38:23.120 22 INFO cinder.api.openstack.wsgi [None req-c4fcde72-837a-42e8-9874-fd1ea6123701 b3b8591d810a4d42b33413219bb28c55 c805895b661b4b36a0ee3bd90a1bdff6 - - default default] DELETE http://[LB_IP_ADDRESS]:8776/v3/c805895b661b4b36a0ee3bd90a1bdff6/group_types/a31d590c-909d-429a-8558-c2eedc58191f/group_specs/key3
2025-07-24 13:38:23.137 22 INFO cinder.api.openstack.wsgi [None req-c4fcde72-837a-42e8-9874-fd1ea6123701 b3b8591d810a4d42b33413219bb28c55 c805895b661b4b36a0ee3bd90a1bdff6 - - default default] http://[LB_IP_ADDRESS]:8776/v3/c805895b661b4b36a0ee3bd90a1bdff6/group_types/a31d590c-909d-429a-8558-c2eedc58191f/group_specs/key3 returned with HTTP 202
2025-07-24 13:38:23.148 25 INFO cinder.api.openstack.wsgi [None req-859bf507-a868-4703-b5f3-0bf0ffae8939 b3b8591d810a4d42b33413219bb28c55 c805895b661b4b36a0ee3bd90a1bdff6 - - default default] GET http://[LB_IP_ADDRESS]:8776/v3/c805895b661b4b36a0ee3bd90a1bdff6/group_types/a31d590c-909d-429a-8558-c2eedc58191f/group_specs/key3
2025-07-24 13:38:23.160 25 INFO cinder.api.openstack.wsgi [None req-859bf507-a868-4703-b5f3-0bf0ffae8939 b3b8591d810a4d42b33413219bb28c55 c805895b661b4b36a0ee3bd90a1bdff6 - - default default] HTTP exception thrown: Group Type a31d590c-909d-429a-8558-c2eedc58191f has no extra spec with key key3.
2025-07-24 13:38:23.160 25 INFO cinder.api.openstack.wsgi [None req-859bf507-a868-4703-b5f3-0bf0ffae8939 b3b8591d810a4d42b33413219bb28c55 c805895b661b4b36a0ee3bd90a1bdff6 - - default default] http://[LB_IP_ADDRESS]:8776/v3/c805895b661b4b36a0ee3bd90a1bdff6/group_types/a31d590c-909d-429a-8558-c2eedc58191f/group_specs/key3 returned with HTTP 404
2025-07-24 13:38:23.172 24 INFO cinder.api.openstack.wsgi [None req-9a9f8898-6bd1-4177-8021-cf618162d76b b3b8591d810a4d42b33413219bb28c55 c805895b661b4b36a0ee3bd90a1bdff6 - - default default] DELETE http://[LB_IP_ADDRESS]:8776/v3/c805895b661b4b36a0ee3bd90a1bdff6/group_types/a31d590c-909d-429a-8558-c2eedc58191f
2025-07-24 13:38:23.196 24 INFO cinder.api.openstack.wsgi [None req-9a9f8898-6bd1-4177-8021-cf618162d76b b3b8591d810a4d42b33413219bb28c55 c805895b661b4b36a0ee3bd90a1bdff6 - - default default] http://[LB_IP_ADDRESS]:8776/v3/c805895b661b4b36a0ee3bd90a1bdff6/group_types/a31d590c-909d-429a-8558-c2eedc58191f returned with HTTP 202
2025-07-24 13:38:23.595 21 INFO cinder.api.openstack.wsgi [req-18f3ba4a-1989-4311-bf62-f20e3fb170d0 req-05f61fa3-c12a-43b4-a0ff-94fe0c71124f 1cb3305e0de54b098b1ec356a2c6658f 084b323935f943d8b4c9aa3e23cce3d2 - - default default] GET http://[LB_IP_ADDRESS]:8776/v3/084b323935f943d8b4c9aa3e23cce3d2/volumes/8ac5892d-3aed-40fd-b3df-bc836ecf8428
2025-07-24 13:38:23.608 21 INFO cinder.api.openstack.wsgi [req-18f3ba4a-1989-4311-bf62-f20e3fb170d0 req-05f61fa3-c12a-43b4-a0ff-94fe0c71124f 1cb3305e0de54b098b1ec356a2c6658f 084b323935f943d8b4c9aa3e23cce3d2 - - default default] http://[LB_IP_ADDRESS]:8776/v3/084b323935f943d8b4c9aa3e23cce3d2/volumes/8ac5892d-3aed-40fd-b3df-bc836ecf8428 returned with HTTP 404
2025-07-24 13:38:26.600 23 INFO cinder.api.openstack.wsgi [None req-96bebfba-a2a0-4ca3-8523-318fc0ccbde0 f05487ee4a7b4a8cbd78c5cadb4fa37f 4da1c4c578a04a41b27436cc63777d9d - - default default] POST http://[LB_IP_ADDRESS]:8776/v3/4da1c4c578a04a41b27436cc63777d9d/volumes
2025-07-24 13:38:26.604 23 INFO cinder.api.v3.volumes [None req-96bebfba-a2a0-4ca3-8523-318fc0ccbde0 f05487ee4a7b4a8cbd78c5cadb4fa37f 4da1c4c578a04a41b27436cc63777d9d - - default default] Create volume of 1 GB
2025-07-24 13:38:26.614 23 INFO cinder.volume.api [None req-96bebfba-a2a0-4ca3-8523-318fc0ccbde0 f05487ee4a7b4a8cbd78c5cadb4fa37f 4da1c4c578a04a41b27436cc63777d9d - - default default] Availability Zones retrieved successfully.
2025-07-24 13:38:26.865 23 INFO cinder.volume.api [None req-96bebfba-a2a0-4ca3-8523-318fc0ccbde0 f05487ee4a7b4a8cbd78c5cadb4fa37f 4da1c4c578a04a41b27436cc63777d9d - - default default] Create volume request issued successfully.
2025-07-24 13:38:26.868 23 INFO cinder.api.openstack.wsgi [None req-96bebfba-a2a0-4ca3-8523-318fc0ccbde0 f05487ee4a7b4a8cbd78c5cadb4fa37f 4da1c4c578a04a41b27436cc63777d9d - - default default] http://[LB_IP_ADDRESS]:8776/v3/4da1c4c578a04a41b27436cc63777d9d/volumes returned with HTTP 202
2025-07-24 13:38:26.874 22 INFO cinder.api.openstack.wsgi [None req-312c5fa3-487a-4bd4-bec5-8b43b8fc787f 2cb93306646e456689893a01a9144ba1 442317b4ac144442a9b635bcf3744432 - - default default] POST http://[LB_IP_ADDRESS]:8776/v3/442317b4ac144442a9b635bcf3744432/volumes
2025-07-24 13:38:26.878 22 INFO cinder.api.v3.volumes [None req-312c5fa3-487a-4bd4-bec5-8b43b8fc787f 2cb93306646e456689893a01a9144ba1 442317b4ac144442a9b635bcf3744432 - - default default] Create volume of 1 GB
2025-07-24 13:38:26.888 22 INFO cinder.volume.api [None req-312c5fa3-487a-4bd4-bec5-8b43b8fc787f 2cb93306646e456689893a01a9144ba1 442317b4ac144442a9b635bcf3744432 - - default default] Availability Zones retrieved successfully.
2025-07-24 13:38:26.893 25 INFO cinder.api.openstack.wsgi [None req-93d0235b-74e3-4961-92ea-c84e17fc0644 f05487ee4a7b4a8cbd78c5cadb4fa37f 4da1c4c578a04a41b27436cc63777d9d - - default default] GET http://[LB_IP_ADDRESS]:8776/v3/4da1c4c578a04a41b27436cc63777d9d/volumes/ce9e6d14-22f0-4227-bce9-7140d8bf7dc8
2025-07-24 13:38:26.917 25 INFO cinder.volume.api [None req-93d0235b-74e3-4961-92ea-c84e17fc0644 f05487ee4a7b4a8cbd78c5cadb4fa37f 4da1c4c578a04a41b27436cc63777d9d - - default default] Volume info retrieved successfully.
2025-07-24 13:38:26.926 25 INFO cinder.api.openstack.wsgi [None req-93d0235b-74e3-4961-92ea-c84e17fc0644 f05487ee4a7b4a8cbd78c5cadb4fa37f 4da1c4c578a04a41b27436cc63777d9d - - default default] http://[LB_IP_ADDRESS]:8776/v3/4da1c4c578a04a41b27436cc63777d9d/volumes/ce9e6d14-22f0-4227-bce9-7140d8bf7dc8 returned with HTTP 200
2025-07-24 13:38:27.103 22 INFO cinder.volume.api [None req-312c5fa3-487a-4bd4-bec5-8b43b8fc787f 2cb93306646e456689893a01a9144ba1 442317b4ac144442a9b635bcf3744432 - - default default] Create volume request issued successfully.
2025-07-24 13:38:27.104 22 INFO cinder.api.openstack.wsgi [None req-312c5fa3-487a-4bd4-bec5-8b43b8fc787f 2cb93306646e456689893a01a9144ba1 442317b4ac144442a9b635bcf3744432 - - default default] http://[LB_IP_ADDRESS]:8776/v3/442317b4ac144442a9b635bcf3744432/volumes returned with HTTP 202
2025-07-24 13:38:27.130 24 INFO cinder.api.openstack.wsgi [None req-0ba993c2-b01d-4fc8-a0c8-84636f277809 2cb93306646e456689893a01a9144ba1 442317b4ac144442a9b635bcf3744432 - - default default] GET http://[LB_IP_ADDRESS]:8776/v3/442317b4ac144442a9b635bcf3744432/volumes/58d866a4-ed2b-40a4-b3e9-053996d367e1
2025-07-24 13:38:27.156 24 INFO cinder.volume.api [None req-0ba993c2-b01d-4fc8-a0c8-84636f277809 2cb93306646e456689893a01a9144ba1 442317b4ac144442a9b635bcf3744432 - - default default] Volume info retrieved successfully.
2025-07-24 13:38:27.166 24 INFO cinder.api.openstack.wsgi [None req-0ba993c2-b01d-4fc8-a0c8-84636f277809 2cb93306646e456689893a01a9144ba1 442317b4ac144442a9b635bcf3744432 - - default default] http://[LB_IP_ADDRESS]:8776/v3/442317b4ac144442a9b635bcf3744432/volumes/58d866a4-ed2b-40a4-b3e9-053996d367e1 returned with HTTP 200
2025-07-24 13:38:27.954 21 INFO cinder.api.openstack.wsgi [None req-34dbfe73-c9ab-4e09-b076-34d50bacd433 f05487ee4a7b4a8cbd78c5cadb4fa37f 4da1c4c578a04a41b27436cc63777d9d - - default default] GET http://[LB_IP_ADDRESS]:8776/v3/4da1c4c578a04a41b27436cc63777d9d/volumes/ce9e6d14-22f0-4227-bce9-7140d8bf7dc8
2025-07-24 13:38:27.978 21 INFO cinder.volume.api [None req-34dbfe73-c9ab-4e09-b076-34d50bacd433 f05487ee4a7b4a8cbd78c5cadb4fa37f 4da1c4c578a04a41b27436cc63777d9d - - default default] Volume info retrieved successfully.
2025-07-24 13:38:27.986 21 INFO cinder.api.openstack.wsgi [None req-34dbfe73-c9ab-4e09-b076-34d50bacd433 f05487ee4a7b4a8cbd78c5cadb4fa37f 4da1c4c578a04a41b27436cc63777d9d - - default default] http://[LB_IP_ADDRESS]:8776/v3/4da1c4c578a04a41b27436cc63777d9d/volumes/ce9e6d14-22f0-4227-bce9-7140d8bf7dc8 returned with HTTP 200
2025-07-24 13:38:28.198 23 INFO cinder.api.openstack.wsgi [None req-97edf26a-9c65-4c40-83e2-3e61124a5e9e 2cb93306646e456689893a01a9144ba1 442317b4ac144442a9b635bcf3744432 - - default default] GET http://[LB_IP_ADDRESS]:8776/v3/442317b4ac144442a9b635bcf3744432/volumes/58d866a4-ed2b-40a4-b3e9-053996d367e1
2025-07-24 13:38:28.218 23 INFO cinder.volume.api [None req-97edf26a-9c65-4c40-83e2-3e61124a5e9e 2cb93306646e456689893a01a9144ba1 442317b4ac144442a9b635bcf3744432 - - default default] Volume info retrieved successfully.
2025-07-24 13:38:28.225 23 INFO cinder.api.openstack.wsgi [None req-97edf26a-9c65-4c40-83e2-3e61124a5e9e 2cb93306646e456689893a01a9144ba1 442317b4ac144442a9b635bcf3744432 - - default default] http://[LB_IP_ADDRESS]:8776/v3/442317b4ac144442a9b635bcf3744432/volumes/58d866a4-ed2b-40a4-b3e9-053996d367e1 returned with HTTP 200
2025-07-24 13:38:28.636 25 INFO cinder.api.openstack.wsgi [None req-fb1fddeb-7a78-4c32-8f02-0cf32f4e10a9 61cf0452a5074eb68a43191fcfc4edb5 dbae3f9e605441f29535291154f54c8f - - default default] POST http://[LB_IP_ADDRESS]:8776/v3/dbae3f9e605441f29535291154f54c8f/types
2025-07-24 13:38:28.665 25 INFO cinder.api.openstack.wsgi [None req-fb1fddeb-7a78-4c32-8f02-0cf32f4e10a9 61cf0452a5074eb68a43191fcfc4edb5 dbae3f9e605441f29535291154f54c8f - - default default] http://[LB_IP_ADDRESS]:8776/v3/dbae3f9e605441f29535291154f54c8f/types returned with HTTP 200
2025-07-24 13:38:28.680 22 INFO cinder.api.openstack.wsgi [None req-f4c326e2-506d-4ce9-87b2-eb4dde67bd63 61cf0452a5074eb68a43191fcfc4edb5 dbae3f9e605441f29535291154f54c8f - - default default] POST http://[LB_IP_ADDRESS]:8776/v3/dbae3f9e605441f29535291154f54c8f/group_types
2025-07-24 13:38:28.702 22 INFO cinder.api.openstack.wsgi [None req-f4c326e2-506d-4ce9-87b2-eb4dde67bd63 61cf0452a5074eb68a43191fcfc4edb5 dbae3f9e605441f29535291154f54c8f - - default default] http://[LB_IP_ADDRESS]:8776/v3/dbae3f9e605441f29535291154f54c8f/group_types returned with HTTP 202
2025-07-24 13:38:28.899 24 INFO cinder.api.openstack.wsgi [None req-b46d116a-e376-47c1-ba15-5447c3a51caa 342e2403f3d7431ba15ff1d352e37424 d9160ae4b7b74b30a1356e39bd50f83b - - default default] POST http://[LB_IP_ADDRESS]:8776/v3/d9160ae4b7b74b30a1356e39bd50f83b/groups
2025-07-24 13:38:28.911 24 INFO cinder.api.v3.groups [None req-b46d116a-e376-47c1-ba15-5447c3a51caa 342e2403f3d7431ba15ff1d352e37424 d9160ae4b7b74b30a1356e39bd50f83b - - default default] Creating group tempest-Group1-1055998081.
2025-07-24 13:38:28.923 24 INFO cinder.volume.api [None req-b46d116a-e376-47c1-ba15-5447c3a51caa 342e2403f3d7431ba15ff1d352e37424 d9160ae4b7b74b30a1356e39bd50f83b - - default default] Availability Zones retrieved successfully.
2025-07-24 13:38:29.004 24 INFO cinder.api.openstack.wsgi [None req-b46d116a-e376-47c1-ba15-5447c3a51caa 342e2403f3d7431ba15ff1d352e37424 d9160ae4b7b74b30a1356e39bd50f83b - - default default] http://[LB_IP_ADDRESS]:8776/v3/d9160ae4b7b74b30a1356e39bd50f83b/groups returned with HTTP 202
2025-07-24 13:38:29.015 21 INFO cinder.api.openstack.wsgi [None req-a908e808-a36f-4aad-a741-e73f6e47d6fd f05487ee4a7b4a8cbd78c5cadb4fa37f 4da1c4c578a04a41b27436cc63777d9d - - default default] GET http://[LB_IP_ADDRESS]:8776/v3/4da1c4c578a04a41b27436cc63777d9d/volumes/ce9e6d14-22f0-4227-bce9-7140d8bf7dc8
2025-07-24 13:38:29.018 23 INFO cinder.api.openstack.wsgi [None req-90cd64e8-4066-473a-bcdb-e92c33f385fd 342e2403f3d7431ba15ff1d352e37424 d9160ae4b7b74b30a1356e39bd50f83b - - default default] GET http://[LB_IP_ADDRESS]:8776/v3/d9160ae4b7b74b30a1356e39bd50f83b/groups/12cd3179-461b-4346-ad24-ea97addb6c5d
2025-07-24 13:38:29.040 21 INFO cinder.volume.api [None req-a908e808-a36f-4aad-a741-e73f6e47d6fd f05487ee4a7b4a8cbd78c5cadb4fa37f 4da1c4c578a04a41b27436cc63777d9d - - default default] Volume info retrieved successfully.
2025-07-24 13:38:29.042 23 INFO cinder.api.openstack.wsgi [None req-90cd64e8-4066-473a-bcdb-e92c33f385fd 342e2403f3d7431ba15ff1d352e37424 d9160ae4b7b74b30a1356e39bd50f83b - - default default] http://[LB_IP_ADDRESS]:8776/v3/d9160ae4b7b74b30a1356e39bd50f83b/groups/12cd3179-461b-4346-ad24-ea97addb6c5d returned with HTTP 200
2025-07-24 13:38:29.049 21 INFO cinder.api.openstack.wsgi [None req-a908e808-a36f-4aad-a741-e73f6e47d6fd f05487ee4a7b4a8cbd78c5cadb4fa37f 4da1c4c578a04a41b27436cc63777d9d - - default default] http://[LB_IP_ADDRESS]:8776/v3/4da1c4c578a04a41b27436cc63777d9d/volumes/ce9e6d14-22f0-4227-bce9-7140d8bf7dc8 returned with HTTP 200
2025-07-24 13:38:29.078 25 INFO cinder.api.openstack.wsgi [None req-bfe47170-2839-4dc4-aa17-affe41103d64 f05487ee4a7b4a8cbd78c5cadb4fa37f 4da1c4c578a04a41b27436cc63777d9d - - default default] POST http://[LB_IP_ADDRESS]:8776/v3/4da1c4c578a04a41b27436cc63777d9d/snapshots
2025-07-24 13:38:29.100 25 INFO cinder.volume.api [None req-bfe47170-2839-4dc4-aa17-affe41103d64 f05487ee4a7b4a8cbd78c5cadb4fa37f 4da1c4c578a04a41b27436cc63777d9d - - default default] Volume info retrieved successfully.
2025-07-24 13:38:29.101 25 INFO cinder.api.v3.snapshots [None req-bfe47170-2839-4dc4-aa17-affe41103d64 f05487ee4a7b4a8cbd78c5cadb4fa37f 4da1c4c578a04a41b27436cc63777d9d - - default default] Create snapshot from volume ce9e6d14-22f0-4227-bce9-7140d8bf7dc8
2025-07-24 13:38:29.231 25 INFO cinder.volume.api [None req-bfe47170-2839-4dc4-aa17-affe41103d64 f05487ee4a7b4a8cbd78c5cadb4fa37f 4da1c4c578a04a41b27436cc63777d9d - - default default] Snapshot create request issued successfully.
2025-07-24 13:38:29.233 25 INFO cinder.api.openstack.wsgi [None req-bfe47170-2839-4dc4-aa17-affe41103d64 f05487ee4a7b4a8cbd78c5cadb4fa37f 4da1c4c578a04a41b27436cc63777d9d - - default default] http://[LB_IP_ADDRESS]:8776/v3/4da1c4c578a04a41b27436cc63777d9d/snapshots returned with HTTP 202
2025-07-24 13:38:29.249 22 INFO cinder.api.openstack.wsgi [None req-1acb84e6-8cc6-49e4-a2f4-b3bafca29b21 f05487ee4a7b4a8cbd78c5cadb4fa37f 4da1c4c578a04a41b27436cc63777d9d - - default default] GET http://[LB_IP_ADDRESS]:8776/v3/4da1c4c578a04a41b27436cc63777d9d/snapshots/4936f295-93a7-440f-aadb-fa1a2318753f
2025-07-24 13:38:29.253 24 INFO cinder.api.openstack.wsgi [None req-cf278193-6e5a-4000-b188-93eaafcd0206 2cb93306646e456689893a01a9144ba1 442317b4ac144442a9b635bcf3744432 - - default default] GET http://[LB_IP_ADDRESS]:8776/v3/442317b4ac144442a9b635bcf3744432/volumes/58d866a4-ed2b-40a4-b3e9-053996d367e1
2025-07-24 13:38:29.264 22 INFO cinder.volume.api [None req-1acb84e6-8cc6-49e4-a2f4-b3bafca29b21 f05487ee4a7b4a8cbd78c5cadb4fa37f 4da1c4c578a04a41b27436cc63777d9d - - default default] Snapshot retrieved successfully.
2025-07-24 13:38:29.266 22 INFO cinder.api.openstack.wsgi [None req-1acb84e6-8cc6-49e4-a2f4-b3bafca29b21 f05487ee4a7b4a8cbd78c5cadb4fa37f 4da1c4c578a04a41b27436cc63777d9d - - default default] http://[LB_IP_ADDRESS]:8776/v3/4da1c4c578a04a41b27436cc63777d9d/snapshots/4936f295-93a7-440f-aadb-fa1a2318753f returned with HTTP 200
2025-07-24 13:38:29.276 24 INFO cinder.volume.api [None req-cf278193-6e5a-4000-b188-93eaafcd0206 2cb93306646e456689893a01a9144ba1 442317b4ac144442a9b635bcf3744432 - - default default] Volume info retrieved successfully.
2025-07-24 13:38:29.285 24 INFO cinder.api.openstack.wsgi [None req-cf278193-6e5a-4000-b188-93eaafcd0206 2cb93306646e456689893a01a9144ba1 442317b4ac144442a9b635bcf3744432 - - default default] http://[LB_IP_ADDRESS]:8776/v3/442317b4ac144442a9b635bcf3744432/volumes/58d866a4-ed2b-40a4-b3e9-053996d367e1 returned with HTTP 200
2025-07-24 13:38:29.330 23 INFO cinder.api.openstack.wsgi [req-473827e4-8359-494b-baca-38908c186101 req-d482372b-d025-4aa0-bd9f-8b45a87d1bea 2cb93306646e456689893a01a9144ba1 442317b4ac144442a9b635bcf3744432 - - default default] GET http://[LB_IP_ADDRESS]:8776/v3/442317b4ac144442a9b635bcf3744432/volumes/58d866a4-ed2b-40a4-b3e9-053996d367e1
2025-07-24 13:38:29.354 23 INFO cinder.volume.api [req-473827e4-8359-494b-baca-38908c186101 req-d482372b-d025-4aa0-bd9f-8b45a87d1bea 2cb93306646e456689893a01a9144ba1 442317b4ac144442a9b635bcf3744432 - - default default] Volume info retrieved successfully.
2025-07-24 13:38:29.363 23 INFO cinder.api.openstack.wsgi [req-473827e4-8359-494b-baca-38908c186101 req-d482372b-d025-4aa0-bd9f-8b45a87d1bea 2cb93306646e456689893a01a9144ba1 442317b4ac144442a9b635bcf3744432 - - default default] http://[LB_IP_ADDRESS]:8776/v3/442317b4ac144442a9b635bcf3744432/volumes/58d866a4-ed2b-40a4-b3e9-053996d367e1 returned with HTTP 200
2025-07-24 13:38:29.384 21 INFO cinder.api.openstack.wsgi [None req-88126888-c03e-4f00-85af-944e82b155c8 2cb93306646e456689893a01a9144ba1 442317b4ac144442a9b635bcf3744432 - - default default] POST http://[LB_IP_ADDRESS]:8776/v3/442317b4ac144442a9b635bcf3744432/volumes
2025-07-24 13:38:29.388 21 INFO cinder.api.v3.volumes [None req-88126888-c03e-4f00-85af-944e82b155c8 2cb93306646e456689893a01a9144ba1 442317b4ac144442a9b635bcf3744432 - - default default] Create volume of 1 GB
2025-07-24 13:38:29.396 21 INFO cinder.volume.api [None req-88126888-c03e-4f00-85af-944e82b155c8 2cb93306646e456689893a01a9144ba1 442317b4ac144442a9b635bcf3744432 - - default default] Availability Zones retrieved successfully.
2025-07-24 13:38:29.889 21 INFO cinder.volume.api [None req-88126888-c03e-4f00-85af-944e82b155c8 2cb93306646e456689893a01a9144ba1 442317b4ac144442a9b635bcf3744432 - - default default] Create volume request issued successfully.
2025-07-24 13:38:29.890 21 INFO cinder.api.openstack.wsgi [None req-88126888-c03e-4f00-85af-944e82b155c8 2cb93306646e456689893a01a9144ba1 442317b4ac144442a9b635bcf3744432 - - default default] http://[LB_IP_ADDRESS]:8776/v3/442317b4ac144442a9b635bcf3744432/volumes returned with HTTP 202
2025-07-24 13:38:29.916 25 INFO cinder.api.openstack.wsgi [None req-3a65f304-cab4-4af4-95fb-bfa83e961cde 2cb93306646e456689893a01a9144ba1 442317b4ac144442a9b635bcf3744432 - - default default] GET http://[LB_IP_ADDRESS]:8776/v3/442317b4ac144442a9b635bcf3744432/volumes/08c78efd-150b-413f-86ea-4ee75918db25
2025-07-24 13:38:29.943 25 INFO cinder.volume.api [None req-3a65f304-cab4-4af4-95fb-bfa83e961cde 2cb93306646e456689893a01a9144ba1 442317b4ac144442a9b635bcf3744432 - - default default] Volume info retrieved successfully.
2025-07-24 13:38:29.952 25 INFO cinder.api.openstack.wsgi [None req-3a65f304-cab4-4af4-95fb-bfa83e961cde 2cb93306646e456689893a01a9144ba1 442317b4ac144442a9b635bcf3744432 - - default default] http://[LB_IP_ADDRESS]:8776/v3/442317b4ac144442a9b635bcf3744432/volumes/08c78efd-150b-413f-86ea-4ee75918db25 returned with HTTP 200
2025-07-24 13:38:30.060 22 INFO cinder.api.openstack.wsgi [None req-2c597afc-69f5-423d-8a89-9471d59d2006 342e2403f3d7431ba15ff1d352e37424 d9160ae4b7b74b30a1356e39bd50f83b - - default default] GET http://[LB_IP_ADDRESS]:8776/v3/d9160ae4b7b74b30a1356e39bd50f83b/groups/12cd3179-461b-4346-ad24-ea97addb6c5d
2025-07-24 13:38:30.085 22 INFO cinder.api.openstack.wsgi [None req-2c597afc-69f5-423d-8a89-9471d59d2006 342e2403f3d7431ba15ff1d352e37424 d9160ae4b7b74b30a1356e39bd50f83b - - default default] http://[LB_IP_ADDRESS]:8776/v3/d9160ae4b7b74b30a1356e39bd50f83b/groups/12cd3179-461b-4346-ad24-ea97addb6c5d returned with HTTP 200
2025-07-24 13:38:30.102 24 INFO cinder.api.openstack.wsgi [None req-91a75a5a-f50c-4751-8d45-cec93bc83842 342e2403f3d7431ba15ff1d352e37424 d9160ae4b7b74b30a1356e39bd50f83b - - default default] POST http://[LB_IP_ADDRESS]:8776/v3/d9160ae4b7b74b30a1356e39bd50f83b/groups
2025-07-24 13:38:30.113 24 INFO cinder.api.v3.groups [None req-91a75a5a-f50c-4751-8d45-cec93bc83842 342e2403f3d7431ba15ff1d352e37424 d9160ae4b7b74b30a1356e39bd50f83b - - default default] Creating group tempest-Group2-719649139.
2025-07-24 13:38:30.124 24 INFO cinder.volume.api [None req-91a75a5a-f50c-4751-8d45-cec93bc83842 342e2403f3d7431ba15ff1d352e37424 d9160ae4b7b74b30a1356e39bd50f83b - - default default] Availability Zones retrieved successfully.
2025-07-24 13:38:30.191 24 INFO cinder.api.openstack.wsgi [None req-91a75a5a-f50c-4751-8d45-cec93bc83842 342e2403f3d7431ba15ff1d352e37424 d9160ae4b7b74b30a1356e39bd50f83b - - default default] http://[LB_IP_ADDRESS]:8776/v3/d9160ae4b7b74b30a1356e39bd50f83b/groups returned with HTTP 202
2025-07-24 13:38:30.204 23 INFO cinder.api.openstack.wsgi [None req-0ad68d91-22f7-4a9d-8689-89f7e99452a0 342e2403f3d7431ba15ff1d352e37424 d9160ae4b7b74b30a1356e39bd50f83b - - default default] GET http://[LB_IP_ADDRESS]:8776/v3/d9160ae4b7b74b30a1356e39bd50f83b/groups/6c22739f-447a-4006-8924-d4369136720b
2025-07-24 13:38:30.226 23 INFO cinder.api.openstack.wsgi [None req-0ad68d91-22f7-4a9d-8689-89f7e99452a0 342e2403f3d7431ba15ff1d352e37424 d9160ae4b7b74b30a1356e39bd50f83b - - default default] http://[LB_IP_ADDRESS]:8776/v3/d9160ae4b7b74b30a1356e39bd50f83b/groups/6c22739f-447a-4006-8924-d4369136720b returned with HTTP 200
2025-07-24 13:38:30.283 21 INFO cinder.api.openstack.wsgi [None req-a868d141-4550-43fb-8abc-62143a5b7cd8 f05487ee4a7b4a8cbd78c5cadb4fa37f 4da1c4c578a04a41b27436cc63777d9d - - default default] GET http://[LB_IP_ADDRESS]:8776/v3/4da1c4c578a04a41b27436cc63777d9d/snapshots/4936f295-93a7-440f-aadb-fa1a2318753f
2025-07-24 13:38:30.295 21 INFO cinder.volume.api [None req-a868d141-4550-43fb-8abc-62143a5b7cd8 f05487ee4a7b4a8cbd78c5cadb4fa37f 4da1c4c578a04a41b27436cc63777d9d - - default default] Snapshot retrieved successfully.
2025-07-24 13:38:30.297 21 INFO cinder.api.openstack.wsgi [None req-a868d141-4550-43fb-8abc-62143a5b7cd8 f05487ee4a7b4a8cbd78c5cadb4fa37f 4da1c4c578a04a41b27436cc63777d9d - - default default] http://[LB_IP_ADDRESS]:8776/v3/4da1c4c578a04a41b27436cc63777d9d/snapshots/4936f295-93a7-440f-aadb-fa1a2318753f returned with HTTP 200
2025-07-24 13:38:30.980 25 INFO cinder.api.openstack.wsgi [None req-163fb6ba-5256-410b-a58c-9f7bd0d6912f 2cb93306646e456689893a01a9144ba1 442317b4ac144442a9b635bcf3744432 - - default default] GET http://[LB_IP_ADDRESS]:8776/v3/442317b4ac144442a9b635bcf3744432/volumes/08c78efd-150b-413f-86ea-4ee75918db25
2025-07-24 13:38:31.006 25 INFO cinder.volume.api [None req-163fb6ba-5256-410b-a58c-9f7bd0d6912f 2cb93306646e456689893a01a9144ba1 442317b4ac144442a9b635bcf3744432 - - default default] Volume info retrieved successfully.
2025-07-24 13:38:31.015 25 INFO cinder.api.openstack.wsgi [None req-163fb6ba-5256-410b-a58c-9f7bd0d6912f 2cb93306646e456689893a01a9144ba1 442317b4ac144442a9b635bcf3744432 - - default default] http://[LB_IP_ADDRESS]:8776/v3/442317b4ac144442a9b635bcf3744432/volumes/08c78efd-150b-413f-86ea-4ee75918db25 returned with HTTP 200
2025-07-24 13:38:31.244 22 INFO cinder.api.openstack.wsgi [None req-20be9aa6-35e2-4643-b9b4-cb736ead100c 342e2403f3d7431ba15ff1d352e37424 d9160ae4b7b74b30a1356e39bd50f83b - - default default] GET http://[LB_IP_ADDRESS]:8776/v3/d9160ae4b7b74b30a1356e39bd50f83b/groups/6c22739f-447a-4006-8924-d4369136720b
2025-07-24 13:38:31.267 22 INFO cinder.api.openstack.wsgi [None req-20be9aa6-35e2-4643-b9b4-cb736ead100c 342e2403f3d7431ba15ff1d352e37424 d9160ae4b7b74b30a1356e39bd50f83b - - default default] http://[LB_IP_ADDRESS]:8776/v3/d9160ae4b7b74b30a1356e39bd50f83b/groups/6c22739f-447a-4006-8924-d4369136720b returned with HTTP 200
2025-07-24 13:38:31.285 24 INFO cinder.api.openstack.wsgi [None req-b7e092c6-a4bc-47a7-968b-e3decbcb656b 342e2403f3d7431ba15ff1d352e37424 d9160ae4b7b74b30a1356e39bd50f83b - - default default] POST http://[LB_IP_ADDRESS]:8776/v3/d9160ae4b7b74b30a1356e39bd50f83b/volumes
2025-07-24 13:38:31.303 24 INFO cinder.api.v3.volumes [None req-b7e092c6-a4bc-47a7-968b-e3decbcb656b 342e2403f3d7431ba15ff1d352e37424 d9160ae4b7b74b30a1356e39bd50f83b - - default default] Create volume of 1 GB
2025-07-24 13:38:31.314 24 INFO cinder.volume.api [None req-b7e092c6-a4bc-47a7-968b-e3decbcb656b 342e2403f3d7431ba15ff1d352e37424 d9160ae4b7b74b30a1356e39bd50f83b - - default default] Availability Zones retrieved successfully.
2025-07-24 13:38:31.315 23 INFO cinder.api.openstack.wsgi [None req-cd89fe0f-e4bf-44cf-82bf-3493b914aef6 f05487ee4a7b4a8cbd78c5cadb4fa37f 4da1c4c578a04a41b27436cc63777d9d - - default default] GET http://[LB_IP_ADDRESS]:8776/v3/4da1c4c578a04a41b27436cc63777d9d/snapshots/4936f295-93a7-440f-aadb-fa1a2318753f
2025-07-24 13:38:31.328 23 INFO cinder.volume.api [None req-cd89fe0f-e4bf-44cf-82bf-3493b914aef6 f05487ee4a7b4a8cbd78c5cadb4fa37f 4da1c4c578a04a41b27436cc63777d9d - - default default] Snapshot retrieved successfully.
2025-07-24 13:38:31.330 23 INFO cinder.api.openstack.wsgi [None req-cd89fe0f-e4bf-44cf-82bf-3493b914aef6 f05487ee4a7b4a8cbd78c5cadb4fa37f 4da1c4c578a04a41b27436cc63777d9d - - default default] http://[LB_IP_ADDRESS]:8776/v3/4da1c4c578a04a41b27436cc63777d9d/snapshots/4936f295-93a7-440f-aadb-fa1a2318753f returned with HTTP 200
2025-07-24 13:38:31.422 24 WARNING cinder.quota [None req-b7e092c6-a4bc-47a7-968b-e3decbcb656b 342e2403f3d7431ba15ff1d352e37424 d9160ae4b7b74b30a1356e39bd50f83b - - default default] Deprecated: Default quota for resource: volumes_tempest-GroupsTest-volume-type-312075992 is set by the default quota flag: quota_volumes_tempest-GroupsTest-volume-type-312075992, it is now deprecated. Please use the default quota class for default quota.
