2026-01-26 12:28:36.379 73 INFO cinder.volume.api [req-c0bdd779-4313-4ca3-b46d-65dd2b42a237 req-e4ab5a06-6b55-4c01-9f84-525c54e76da0 161733357289412abe7bf6210994bcab 2765c09d7082486082a7d51238afa8ac - - default default] Volume info retrieved successfully.
2026-01-26 12:28:36.397 73 INFO cinder.volume.api [req-c0bdd779-4313-4ca3-b46d-65dd2b42a237 req-e4ab5a06-6b55-4c01-9f84-525c54e76da0 161733357289412abe7bf6210994bcab 2765c09d7082486082a7d51238afa8ac - - default default] Delete volume request issued successfully.
2026-01-26 12:28:36.397 73 INFO cinder.api.openstack.wsgi [req-c0bdd779-4313-4ca3-b46d-65dd2b42a237 req-e4ab5a06-6b55-4c01-9f84-525c54e76da0 161733357289412abe7bf6210994bcab 2765c09d7082486082a7d51238afa8ac - - default default] http://[LB_IP_ADDRESS]:8776/v3/volumes/4d271960-757a-44d9-9f46-b9d07b15aa27 returned with HTTP 202
2026-01-26 12:28:36.428 75 INFO cinder.api.openstack.wsgi [req-d4571467-15f3-4228-81a4-218755823b49 req-a2809da5-7b39-497e-b93f-95298473a34e 161733357289412abe7bf6210994bcab 2765c09d7082486082a7d51238afa8ac - - default default] GET http://[LB_IP_ADDRESS]:8776/v3/volumes/4d271960-757a-44d9-9f46-b9d07b15aa27
2026-01-26 12:28:36.445 75 INFO cinder.volume.api [req-d4571467-15f3-4228-81a4-218755823b49 req-a2809da5-7b39-497e-b93f-95298473a34e 161733357289412abe7bf6210994bcab 2765c09d7082486082a7d51238afa8ac - - default default] Volume info retrieved successfully.
2026-01-26 12:28:36.450 75 INFO cinder.api.openstack.wsgi [req-d4571467-15f3-4228-81a4-218755823b49 req-a2809da5-7b39-497e-b93f-95298473a34e 161733357289412abe7bf6210994bcab 2765c09d7082486082a7d51238afa8ac - - default default] http://[LB_IP_ADDRESS]:8776/v3/volumes/4d271960-757a-44d9-9f46-b9d07b15aa27 returned with HTTP 200
2026-01-26 12:28:36.765 76 INFO cinder.api.openstack.wsgi [None req-72f12186-20c6-4df6-9c9f-1bec65db6d1f ce0cacf750874baa8dd7b38df161b123 7274268f36d740eda733c65a5663fc5a - - default default] GET http://[LB_IP_ADDRESS]:8776/v3/7274268f36d740eda733c65a5663fc5a/volumes/a74e966d-ad12-48f0-bf4a-1b69460c7fe0
2026-01-26 12:28:36.780 76 INFO cinder.api.openstack.wsgi [None req-72f12186-20c6-4df6-9c9f-1bec65db6d1f ce0cacf750874baa8dd7b38df161b123 7274268f36d740eda733c65a5663fc5a - - default default] http://[LB_IP_ADDRESS]:8776/v3/7274268f36d740eda733c65a5663fc5a/volumes/a74e966d-ad12-48f0-bf4a-1b69460c7fe0 returned with HTTP 404
2026-01-26 12:28:36.792 74 INFO cinder.api.openstack.wsgi [None req-049e984a-29bf-43de-82ec-33b1b63c0242 ce0cacf750874baa8dd7b38df161b123 7274268f36d740eda733c65a5663fc5a - - default default] DELETE http://[LB_IP_ADDRESS]:8776/v3/7274268f36d740eda733c65a5663fc5a/volumes/a4685696-1661-4855-b86c-96ac135e4877
2026-01-26 12:28:36.793 74 INFO cinder.api.v3.volumes [None req-049e984a-29bf-43de-82ec-33b1b63c0242 ce0cacf750874baa8dd7b38df161b123 7274268f36d740eda733c65a5663fc5a - - default default] Delete volume with id: a4685696-1661-4855-b86c-96ac135e4877 
2026-01-26 12:28:36.805 74 INFO cinder.volume.api [None req-049e984a-29bf-43de-82ec-33b1b63c0242 ce0cacf750874baa8dd7b38df161b123 7274268f36d740eda733c65a5663fc5a - - default default] Volume info retrieved successfully.
2026-01-26 12:28:36.824 74 INFO cinder.volume.api [None req-049e984a-29bf-43de-82ec-33b1b63c0242 ce0cacf750874baa8dd7b38df161b123 7274268f36d740eda733c65a5663fc5a - - default default] Delete volume request issued successfully.
2026-01-26 12:28:36.825 74 INFO cinder.api.openstack.wsgi [None req-049e984a-29bf-43de-82ec-33b1b63c0242 ce0cacf750874baa8dd7b38df161b123 7274268f36d740eda733c65a5663fc5a - - default default] http://[LB_IP_ADDRESS]:8776/v3/7274268f36d740eda733c65a5663fc5a/volumes/a4685696-1661-4855-b86c-96ac135e4877 returned with HTTP 202
2026-01-26 12:28:36.839 72 INFO cinder.api.openstack.wsgi [None req-2f088c3b-edaf-4965-bd17-95e6f5672f26 ce0cacf750874baa8dd7b38df161b123 7274268f36d740eda733c65a5663fc5a - - default default] GET http://[LB_IP_ADDRESS]:8776/v3/7274268f36d740eda733c65a5663fc5a/volumes/a4685696-1661-4855-b86c-96ac135e4877
2026-01-26 12:28:36.855 72 INFO cinder.volume.api [None req-2f088c3b-edaf-4965-bd17-95e6f5672f26 ce0cacf750874baa8dd7b38df161b123 7274268f36d740eda733c65a5663fc5a - - default default] Volume info retrieved successfully.
2026-01-26 12:28:36.860 72 INFO cinder.api.openstack.wsgi [None req-2f088c3b-edaf-4965-bd17-95e6f5672f26 ce0cacf750874baa8dd7b38df161b123 7274268f36d740eda733c65a5663fc5a - - default default] http://[LB_IP_ADDRESS]:8776/v3/7274268f36d740eda733c65a5663fc5a/volumes/a4685696-1661-4855-b86c-96ac135e4877 returned with HTTP 200
2026-01-26 12:28:37.484 73 INFO cinder.api.openstack.wsgi [req-fb3246bf-0815-4bf9-a3a2-73eabb57df05 req-1e41d296-232a-41aa-9d1b-c8f5688647a6 161733357289412abe7bf6210994bcab 2765c09d7082486082a7d51238afa8ac - - default default] GET http://[LB_IP_ADDRESS]:8776/v3/volumes/4d271960-757a-44d9-9f46-b9d07b15aa27
2026-01-26 12:28:37.494 73 INFO cinder.api.openstack.wsgi [req-fb3246bf-0815-4bf9-a3a2-73eabb57df05 req-1e41d296-232a-41aa-9d1b-c8f5688647a6 161733357289412abe7bf6210994bcab 2765c09d7082486082a7d51238afa8ac - - default default] http://[LB_IP_ADDRESS]:8776/v3/volumes/4d271960-757a-44d9-9f46-b9d07b15aa27 returned with HTTP 404
2026-01-26 12:28:37.534 75 INFO cinder.api.openstack.wsgi [req-13a68a09-90e8-4a03-9e05-c2284cd9a701 req-2a72d90b-7bed-49ff-8e07-80981a06f41b 161733357289412abe7bf6210994bcab 2765c09d7082486082a7d51238afa8ac - - default default] DELETE http://[LB_IP_ADDRESS]:8776/v3/volumes/4d271960-757a-44d9-9f46-b9d07b15aa27
2026-01-26 12:28:37.534 75 INFO cinder.api.v3.volumes [req-13a68a09-90e8-4a03-9e05-c2284cd9a701 req-2a72d90b-7bed-49ff-8e07-80981a06f41b 161733357289412abe7bf6210994bcab 2765c09d7082486082a7d51238afa8ac - - default default] Delete volume with id: 4d271960-757a-44d9-9f46-b9d07b15aa27 
2026-01-26 12:28:37.541 75 INFO cinder.api.openstack.wsgi [req-13a68a09-90e8-4a03-9e05-c2284cd9a701 req-2a72d90b-7bed-49ff-8e07-80981a06f41b 161733357289412abe7bf6210994bcab 2765c09d7082486082a7d51238afa8ac - - default default] http://[LB_IP_ADDRESS]:8776/v3/volumes/4d271960-757a-44d9-9f46-b9d07b15aa27 returned with HTTP 404
2026-01-26 12:28:37.573 76 INFO cinder.api.openstack.wsgi [req-9cf973e7-2f71-471c-91c2-a014284723dd req-60a4d196-adfc-4720-912b-7cb47a86e5b7 161733357289412abe7bf6210994bcab 2765c09d7082486082a7d51238afa8ac - - default default] GET http://[LB_IP_ADDRESS]:8776/v3/volumes/4d271960-757a-44d9-9f46-b9d07b15aa27
2026-01-26 12:28:37.586 76 INFO cinder.api.openstack.wsgi [req-9cf973e7-2f71-471c-91c2-a014284723dd req-60a4d196-adfc-4720-912b-7cb47a86e5b7 161733357289412abe7bf6210994bcab 2765c09d7082486082a7d51238afa8ac - - default default] http://[LB_IP_ADDRESS]:8776/v3/volumes/4d271960-757a-44d9-9f46-b9d07b15aa27 returned with HTTP 404
2026-01-26 12:28:37.881 74 INFO cinder.api.openstack.wsgi [None req-335e6f35-5655-45b4-8251-4096021b74bc ce0cacf750874baa8dd7b38df161b123 7274268f36d740eda733c65a5663fc5a - - default default] GET http://[LB_IP_ADDRESS]:8776/v3/7274268f36d740eda733c65a5663fc5a/volumes/a4685696-1661-4855-b86c-96ac135e4877
2026-01-26 12:28:37.898 74 INFO cinder.api.openstack.wsgi [None req-335e6f35-5655-45b4-8251-4096021b74bc ce0cacf750874baa8dd7b38df161b123 7274268f36d740eda733c65a5663fc5a - - default default] http://[LB_IP_ADDRESS]:8776/v3/7274268f36d740eda733c65a5663fc5a/volumes/a4685696-1661-4855-b86c-96ac135e4877 returned with HTTP 404
2026-01-26 12:28:37.908 72 INFO cinder.api.openstack.wsgi [None req-0af1126c-4f28-4d60-86a0-d6d6d187d077 ce0cacf750874baa8dd7b38df161b123 7274268f36d740eda733c65a5663fc5a - - default default] DELETE http://[LB_IP_ADDRESS]:8776/v3/7274268f36d740eda733c65a5663fc5a/volumes/b98615bd-9604-43fc-a65f-40f4bca57de2
2026-01-26 12:28:37.909 72 INFO cinder.api.v3.volumes [None req-0af1126c-4f28-4d60-86a0-d6d6d187d077 ce0cacf750874baa8dd7b38df161b123 7274268f36d740eda733c65a5663fc5a - - default default] Delete volume with id: b98615bd-9604-43fc-a65f-40f4bca57de2 
2026-01-26 12:28:37.921 72 INFO cinder.volume.api [None req-0af1126c-4f28-4d60-86a0-d6d6d187d077 ce0cacf750874baa8dd7b38df161b123 7274268f36d740eda733c65a5663fc5a - - default default] Volume info retrieved successfully.
2026-01-26 12:28:37.947 72 INFO cinder.volume.api [None req-0af1126c-4f28-4d60-86a0-d6d6d187d077 ce0cacf750874baa8dd7b38df161b123 7274268f36d740eda733c65a5663fc5a - - default default] Delete volume request issued successfully.
2026-01-26 12:28:37.948 72 INFO cinder.api.openstack.wsgi [None req-0af1126c-4f28-4d60-86a0-d6d6d187d077 ce0cacf750874baa8dd7b38df161b123 7274268f36d740eda733c65a5663fc5a - - default default] http://[LB_IP_ADDRESS]:8776/v3/7274268f36d740eda733c65a5663fc5a/volumes/b98615bd-9604-43fc-a65f-40f4bca57de2 returned with HTTP 202
2026-01-26 12:28:37.960 73 INFO cinder.api.openstack.wsgi [None req-f8d66d55-a88f-4b0a-b191-2159404da9a7 ce0cacf750874baa8dd7b38df161b123 7274268f36d740eda733c65a5663fc5a - - default default] GET http://[LB_IP_ADDRESS]:8776/v3/7274268f36d740eda733c65a5663fc5a/volumes/b98615bd-9604-43fc-a65f-40f4bca57de2
2026-01-26 12:28:37.978 73 INFO cinder.volume.api [None req-f8d66d55-a88f-4b0a-b191-2159404da9a7 ce0cacf750874baa8dd7b38df161b123 7274268f36d740eda733c65a5663fc5a - - default default] Volume info retrieved successfully.
2026-01-26 12:28:37.982 73 INFO cinder.api.openstack.wsgi [None req-f8d66d55-a88f-4b0a-b191-2159404da9a7 ce0cacf750874baa8dd7b38df161b123 7274268f36d740eda733c65a5663fc5a - - default default] http://[LB_IP_ADDRESS]:8776/v3/7274268f36d740eda733c65a5663fc5a/volumes/b98615bd-9604-43fc-a65f-40f4bca57de2 returned with HTTP 200
2026-01-26 12:28:38.402 75 INFO cinder.api.openstack.wsgi [None req-c0fba44d-3922-4b1b-a679-934a84fee24a fa1bb8e6175140efb78a79fba9766c2d e422dd2242ae44e5a1315b868308ecac - - default default] POST http://[LB_IP_ADDRESS]:8776/v3/e422dd2242ae44e5a1315b868308ecac/group_types
2026-01-26 12:28:38.449 75 INFO cinder.api.openstack.wsgi [None req-c0fba44d-3922-4b1b-a679-934a84fee24a fa1bb8e6175140efb78a79fba9766c2d e422dd2242ae44e5a1315b868308ecac - - default default] http://[LB_IP_ADDRESS]:8776/v3/e422dd2242ae44e5a1315b868308ecac/group_types returned with HTTP 202
2026-01-26 12:28:38.465 76 INFO cinder.api.openstack.wsgi [None req-1ae3f9fe-0f11-4307-92e0-a0e448d77980 fa1bb8e6175140efb78a79fba9766c2d e422dd2242ae44e5a1315b868308ecac - - default default] POST http://[LB_IP_ADDRESS]:8776/v3/e422dd2242ae44e5a1315b868308ecac/group_types/f8d064eb-52fb-4a5b-83b8-e3b9f5ba4f60/group_specs
2026-01-26 12:28:38.489 76 INFO cinder.api.openstack.wsgi [None req-1ae3f9fe-0f11-4307-92e0-a0e448d77980 fa1bb8e6175140efb78a79fba9766c2d e422dd2242ae44e5a1315b868308ecac - - default default] http://[LB_IP_ADDRESS]:8776/v3/e422dd2242ae44e5a1315b868308ecac/group_types/f8d064eb-52fb-4a5b-83b8-e3b9f5ba4f60/group_specs returned with HTTP 202
2026-01-26 12:28:38.503 74 INFO cinder.api.openstack.wsgi [None req-8635dc6c-2a73-435b-9423-ec493ca8a41b fa1bb8e6175140efb78a79fba9766c2d e422dd2242ae44e5a1315b868308ecac - - default default] POST http://[LB_IP_ADDRESS]:8776/v3/e422dd2242ae44e5a1315b868308ecac/group_types/f8d064eb-52fb-4a5b-83b8-e3b9f5ba4f60/group_specs
2026-01-26 12:28:38.522 74 INFO cinder.api.openstack.wsgi [None req-8635dc6c-2a73-435b-9423-ec493ca8a41b fa1bb8e6175140efb78a79fba9766c2d e422dd2242ae44e5a1315b868308ecac - - default default] http://[LB_IP_ADDRESS]:8776/v3/e422dd2242ae44e5a1315b868308ecac/group_types/f8d064eb-52fb-4a5b-83b8-e3b9f5ba4f60/group_specs returned with HTTP 202
2026-01-26 12:28:38.537 72 INFO cinder.api.openstack.wsgi [None req-29ae4f49-4dc6-4cd4-bd88-a8c6b90f2880 fa1bb8e6175140efb78a79fba9766c2d e422dd2242ae44e5a1315b868308ecac - - default default] GET http://[LB_IP_ADDRESS]:8776/v3/e422dd2242ae44e5a1315b868308ecac/group_types/f8d064eb-52fb-4a5b-83b8-e3b9f5ba4f60/group_specs/key2
2026-01-26 12:28:38.549 72 INFO cinder.api.openstack.wsgi [None req-29ae4f49-4dc6-4cd4-bd88-a8c6b90f2880 fa1bb8e6175140efb78a79fba9766c2d e422dd2242ae44e5a1315b868308ecac - - default default] http://[LB_IP_ADDRESS]:8776/v3/e422dd2242ae44e5a1315b868308ecac/group_types/f8d064eb-52fb-4a5b-83b8-e3b9f5ba4f60/group_specs/key2 returned with HTTP 200
2026-01-26 12:28:38.563 73 INFO cinder.api.openstack.wsgi [None req-4263bff5-38a1-4371-a950-3a6793f2d44e fa1bb8e6175140efb78a79fba9766c2d e422dd2242ae44e5a1315b868308ecac - - default default] GET http://[LB_IP_ADDRESS]:8776/v3/e422dd2242ae44e5a1315b868308ecac/group_types/f8d064eb-52fb-4a5b-83b8-e3b9f5ba4f60/group_specs/key3
2026-01-26 12:28:38.573 73 INFO cinder.api.openstack.wsgi [None req-4263bff5-38a1-4371-a950-3a6793f2d44e fa1bb8e6175140efb78a79fba9766c2d e422dd2242ae44e5a1315b868308ecac - - default default] http://[LB_IP_ADDRESS]:8776/v3/e422dd2242ae44e5a1315b868308ecac/group_types/f8d064eb-52fb-4a5b-83b8-e3b9f5ba4f60/group_specs/key3 returned with HTTP 200
2026-01-26 12:28:38.587 75 INFO cinder.api.openstack.wsgi [None req-89788b74-80d3-4d53-88fc-0b2991115581 fa1bb8e6175140efb78a79fba9766c2d e422dd2242ae44e5a1315b868308ecac - - default default] PUT http://[LB_IP_ADDRESS]:8776/v3/e422dd2242ae44e5a1315b868308ecac/group_types/f8d064eb-52fb-4a5b-83b8-e3b9f5ba4f60/group_specs/key3
2026-01-26 12:28:38.602 75 INFO cinder.api.openstack.wsgi [None req-89788b74-80d3-4d53-88fc-0b2991115581 fa1bb8e6175140efb78a79fba9766c2d e422dd2242ae44e5a1315b868308ecac - - default default] http://[LB_IP_ADDRESS]:8776/v3/e422dd2242ae44e5a1315b868308ecac/group_types/f8d064eb-52fb-4a5b-83b8-e3b9f5ba4f60/group_specs/key3 returned with HTTP 200
2026-01-26 12:28:38.617 76 INFO cinder.api.openstack.wsgi [None req-87fed5fe-d7c6-4932-8cdd-78f541ac056e fa1bb8e6175140efb78a79fba9766c2d e422dd2242ae44e5a1315b868308ecac - - default default] GET http://[LB_IP_ADDRESS]:8776/v3/e422dd2242ae44e5a1315b868308ecac/group_types/f8d064eb-52fb-4a5b-83b8-e3b9f5ba4f60/group_specs
2026-01-26 12:28:38.629 76 INFO cinder.api.openstack.wsgi [None req-87fed5fe-d7c6-4932-8cdd-78f541ac056e fa1bb8e6175140efb78a79fba9766c2d e422dd2242ae44e5a1315b868308ecac - - default default] http://[LB_IP_ADDRESS]:8776/v3/e422dd2242ae44e5a1315b868308ecac/group_types/f8d064eb-52fb-4a5b-83b8-e3b9f5ba4f60/group_specs returned with HTTP 200
2026-01-26 12:28:38.643 74 INFO cinder.api.openstack.wsgi [None req-e2402ca1-732d-4750-a630-ccdd6e0e9bc5 fa1bb8e6175140efb78a79fba9766c2d e422dd2242ae44e5a1315b868308ecac - - default default] DELETE http://[LB_IP_ADDRESS]:8776/v3/e422dd2242ae44e5a1315b868308ecac/group_types/f8d064eb-52fb-4a5b-83b8-e3b9f5ba4f60/group_specs/key1
2026-01-26 12:28:38.656 74 INFO cinder.api.openstack.wsgi [None req-e2402ca1-732d-4750-a630-ccdd6e0e9bc5 fa1bb8e6175140efb78a79fba9766c2d e422dd2242ae44e5a1315b868308ecac - - default default] http://[LB_IP_ADDRESS]:8776/v3/e422dd2242ae44e5a1315b868308ecac/group_types/f8d064eb-52fb-4a5b-83b8-e3b9f5ba4f60/group_specs/key1 returned with HTTP 202
2026-01-26 12:28:38.669 72 INFO cinder.api.openstack.wsgi [None req-2daec68c-69f4-4bd1-9a87-d439291861e9 fa1bb8e6175140efb78a79fba9766c2d e422dd2242ae44e5a1315b868308ecac - - default default] GET http://[LB_IP_ADDRESS]:8776/v3/e422dd2242ae44e5a1315b868308ecac/group_types/f8d064eb-52fb-4a5b-83b8-e3b9f5ba4f60/group_specs/key1
2026-01-26 12:28:38.679 72 INFO cinder.api.openstack.wsgi [None req-2daec68c-69f4-4bd1-9a87-d439291861e9 fa1bb8e6175140efb78a79fba9766c2d e422dd2242ae44e5a1315b868308ecac - - default default] HTTP exception thrown: Group Type f8d064eb-52fb-4a5b-83b8-e3b9f5ba4f60 has no extra spec with key key1.
2026-01-26 12:28:38.679 72 INFO cinder.api.openstack.wsgi [None req-2daec68c-69f4-4bd1-9a87-d439291861e9 fa1bb8e6175140efb78a79fba9766c2d e422dd2242ae44e5a1315b868308ecac - - default default] http://[LB_IP_ADDRESS]:8776/v3/e422dd2242ae44e5a1315b868308ecac/group_types/f8d064eb-52fb-4a5b-83b8-e3b9f5ba4f60/group_specs/key1 returned with HTTP 404
2026-01-26 12:28:38.689 73 INFO cinder.api.openstack.wsgi [None req-e3595d8e-b797-4284-b936-ca21c5f6685c fa1bb8e6175140efb78a79fba9766c2d e422dd2242ae44e5a1315b868308ecac - - default default] DELETE http://[LB_IP_ADDRESS]:8776/v3/e422dd2242ae44e5a1315b868308ecac/group_types/f8d064eb-52fb-4a5b-83b8-e3b9f5ba4f60/group_specs/key2
2026-01-26 12:28:38.703 73 INFO cinder.api.openstack.wsgi [None req-e3595d8e-b797-4284-b936-ca21c5f6685c fa1bb8e6175140efb78a79fba9766c2d e422dd2242ae44e5a1315b868308ecac - - default default] http://[LB_IP_ADDRESS]:8776/v3/e422dd2242ae44e5a1315b868308ecac/group_types/f8d064eb-52fb-4a5b-83b8-e3b9f5ba4f60/group_specs/key2 returned with HTTP 202
2026-01-26 12:28:38.715 75 INFO cinder.api.openstack.wsgi [None req-2630381e-507d-4a4a-aa4b-52560e34e5b5 fa1bb8e6175140efb78a79fba9766c2d e422dd2242ae44e5a1315b868308ecac - - default default] GET http://[LB_IP_ADDRESS]:8776/v3/e422dd2242ae44e5a1315b868308ecac/group_types/f8d064eb-52fb-4a5b-83b8-e3b9f5ba4f60/group_specs/key2
2026-01-26 12:28:38.725 75 INFO cinder.api.openstack.wsgi [None req-2630381e-507d-4a4a-aa4b-52560e34e5b5 fa1bb8e6175140efb78a79fba9766c2d e422dd2242ae44e5a1315b868308ecac - - default default] HTTP exception thrown: Group Type f8d064eb-52fb-4a5b-83b8-e3b9f5ba4f60 has no extra spec with key key2.
2026-01-26 12:28:38.726 75 INFO cinder.api.openstack.wsgi [None req-2630381e-507d-4a4a-aa4b-52560e34e5b5 fa1bb8e6175140efb78a79fba9766c2d e422dd2242ae44e5a1315b868308ecac - - default default] http://[LB_IP_ADDRESS]:8776/v3/e422dd2242ae44e5a1315b868308ecac/group_types/f8d064eb-52fb-4a5b-83b8-e3b9f5ba4f60/group_specs/key2 returned with HTTP 404
2026-01-26 12:28:38.739 76 INFO cinder.api.openstack.wsgi [None req-5bfef352-3ad6-4aae-997a-3216f37a15d7 fa1bb8e6175140efb78a79fba9766c2d e422dd2242ae44e5a1315b868308ecac - - default default] DELETE http://[LB_IP_ADDRESS]:8776/v3/e422dd2242ae44e5a1315b868308ecac/group_types/f8d064eb-52fb-4a5b-83b8-e3b9f5ba4f60/group_specs/key3
2026-01-26 12:28:38.753 76 INFO cinder.api.openstack.wsgi [None req-5bfef352-3ad6-4aae-997a-3216f37a15d7 fa1bb8e6175140efb78a79fba9766c2d e422dd2242ae44e5a1315b868308ecac - - default default] http://[LB_IP_ADDRESS]:8776/v3/e422dd2242ae44e5a1315b868308ecac/group_types/f8d064eb-52fb-4a5b-83b8-e3b9f5ba4f60/group_specs/key3 returned with HTTP 202
2026-01-26 12:28:38.766 74 INFO cinder.api.openstack.wsgi [None req-232e5598-05b9-47c8-8d6d-d46c34d2ab5f fa1bb8e6175140efb78a79fba9766c2d e422dd2242ae44e5a1315b868308ecac - - default default] GET http://[LB_IP_ADDRESS]:8776/v3/e422dd2242ae44e5a1315b868308ecac/group_types/f8d064eb-52fb-4a5b-83b8-e3b9f5ba4f60/group_specs/key3
2026-01-26 12:28:38.776 74 INFO cinder.api.openstack.wsgi [None req-232e5598-05b9-47c8-8d6d-d46c34d2ab5f fa1bb8e6175140efb78a79fba9766c2d e422dd2242ae44e5a1315b868308ecac - - default default] HTTP exception thrown: Group Type f8d064eb-52fb-4a5b-83b8-e3b9f5ba4f60 has no extra spec with key key3.
2026-01-26 12:28:38.776 74 INFO cinder.api.openstack.wsgi [None req-232e5598-05b9-47c8-8d6d-d46c34d2ab5f fa1bb8e6175140efb78a79fba9766c2d e422dd2242ae44e5a1315b868308ecac - - default default] http://[LB_IP_ADDRESS]:8776/v3/e422dd2242ae44e5a1315b868308ecac/group_types/f8d064eb-52fb-4a5b-83b8-e3b9f5ba4f60/group_specs/key3 returned with HTTP 404
2026-01-26 12:28:38.784 72 INFO cinder.api.openstack.wsgi [None req-e5b55675-cfd3-4b54-ac2e-5ab3d690585a fa1bb8e6175140efb78a79fba9766c2d e422dd2242ae44e5a1315b868308ecac - - default default] DELETE http://[LB_IP_ADDRESS]:8776/v3/e422dd2242ae44e5a1315b868308ecac/group_types/f8d064eb-52fb-4a5b-83b8-e3b9f5ba4f60
2026-01-26 12:28:38.798 72 INFO cinder.api.openstack.wsgi [None req-e5b55675-cfd3-4b54-ac2e-5ab3d690585a fa1bb8e6175140efb78a79fba9766c2d e422dd2242ae44e5a1315b868308ecac - - default default] http://[LB_IP_ADDRESS]:8776/v3/e422dd2242ae44e5a1315b868308ecac/group_types/f8d064eb-52fb-4a5b-83b8-e3b9f5ba4f60 returned with HTTP 202
2026-01-26 12:28:39.002 73 INFO cinder.api.openstack.wsgi [None req-9169d761-ce5c-4896-9134-113fefa4ee7f ce0cacf750874baa8dd7b38df161b123 7274268f36d740eda733c65a5663fc5a - - default default] GET http://[LB_IP_ADDRESS]:8776/v3/7274268f36d740eda733c65a5663fc5a/volumes/b98615bd-9604-43fc-a65f-40f4bca57de2
2026-01-26 12:28:39.013 73 INFO cinder.api.openstack.wsgi [None req-9169d761-ce5c-4896-9134-113fefa4ee7f ce0cacf750874baa8dd7b38df161b123 7274268f36d740eda733c65a5663fc5a - - default default] http://[LB_IP_ADDRESS]:8776/v3/7274268f36d740eda733c65a5663fc5a/volumes/b98615bd-9604-43fc-a65f-40f4bca57de2 returned with HTTP 404
2026-01-26 12:28:41.004 75 INFO cinder.api.openstack.wsgi [None req-fd209255-8489-4adb-af04-b0a3e43a7436 3b2a36b912b7494392761bab609de9eb b0eb563c319741f2947c9e14b3b223a6 - - default default] POST http://[LB_IP_ADDRESS]:8776/v3/b0eb563c319741f2947c9e14b3b223a6/types
2026-01-26 12:28:41.046 75 INFO cinder.api.openstack.wsgi [None req-fd209255-8489-4adb-af04-b0a3e43a7436 3b2a36b912b7494392761bab609de9eb b0eb563c319741f2947c9e14b3b223a6 - - default default] http://[LB_IP_ADDRESS]:8776/v3/b0eb563c319741f2947c9e14b3b223a6/types returned with HTTP 200
2026-01-26 12:28:41.059 76 INFO cinder.api.openstack.wsgi [None req-3e6f8826-739c-40bc-a27c-dbac95c641c5 3b2a36b912b7494392761bab609de9eb b0eb563c319741f2947c9e14b3b223a6 - - default default] POST http://[LB_IP_ADDRESS]:8776/v3/b0eb563c319741f2947c9e14b3b223a6/group_types
2026-01-26 12:28:41.097 76 INFO cinder.api.openstack.wsgi [None req-3e6f8826-739c-40bc-a27c-dbac95c641c5 3b2a36b912b7494392761bab609de9eb b0eb563c319741f2947c9e14b3b223a6 - - default default] http://[LB_IP_ADDRESS]:8776/v3/b0eb563c319741f2947c9e14b3b223a6/group_types returned with HTTP 202
2026-01-26 12:28:41.221 74 INFO cinder.api.openstack.wsgi [None req-43b2408a-318f-4a84-858d-923216bde0d6 192cd62cb8874d028838ae41afb97261 0cc16aa2cedb4d24b19f11a5434c60b1 - - default default] POST http://[LB_IP_ADDRESS]:8776/v3/0cc16aa2cedb4d24b19f11a5434c60b1/groups
2026-01-26 12:28:41.241 74 INFO cinder.api.v3.groups [None req-43b2408a-318f-4a84-858d-923216bde0d6 192cd62cb8874d028838ae41afb97261 0cc16aa2cedb4d24b19f11a5434c60b1 - - default default] Creating group tempest-GroupSnapshotsTest-Group-1996180763.
2026-01-26 12:28:41.252 74 INFO cinder.volume.api [None req-43b2408a-318f-4a84-858d-923216bde0d6 192cd62cb8874d028838ae41afb97261 0cc16aa2cedb4d24b19f11a5434c60b1 - - default default] Availability Zones retrieved successfully.
2026-01-26 12:28:41.364 74 INFO cinder.api.openstack.wsgi [None req-43b2408a-318f-4a84-858d-923216bde0d6 192cd62cb8874d028838ae41afb97261 0cc16aa2cedb4d24b19f11a5434c60b1 - - default default] http://[LB_IP_ADDRESS]:8776/v3/0cc16aa2cedb4d24b19f11a5434c60b1/groups returned with HTTP 202
2026-01-26 12:28:41.373 72 INFO cinder.api.openstack.wsgi [None req-99443120-faec-40c9-ae4c-fee18a82d793 192cd62cb8874d028838ae41afb97261 0cc16aa2cedb4d24b19f11a5434c60b1 - - default default] GET http://[LB_IP_ADDRESS]:8776/v3/0cc16aa2cedb4d24b19f11a5434c60b1/groups/4de5a22a-206d-43e0-a87b-1ac3aced4019
2026-01-26 12:28:41.393 72 INFO cinder.api.openstack.wsgi [None req-99443120-faec-40c9-ae4c-fee18a82d793 192cd62cb8874d028838ae41afb97261 0cc16aa2cedb4d24b19f11a5434c60b1 - - default default] http://[LB_IP_ADDRESS]:8776/v3/0cc16aa2cedb4d24b19f11a5434c60b1/groups/4de5a22a-206d-43e0-a87b-1ac3aced4019 returned with HTTP 200
2026-01-26 12:28:42.370 73 INFO cinder.api.openstack.wsgi [None req-46fda364-e6f5-4735-a0fe-172dd400964d 38a72c868e95496d8ef0b0c72b695b46 7a491f0eec5e4eff8c15629d9a9d8307 - - default default] POST http://[LB_IP_ADDRESS]:8776/v3/7a491f0eec5e4eff8c15629d9a9d8307/types
2026-01-26 12:28:42.410 76 INFO cinder.api.openstack.wsgi [None req-c075d686-e1e6-401a-89c3-054191e00707 192cd62cb8874d028838ae41afb97261 0cc16aa2cedb4d24b19f11a5434c60b1 - - default default] GET http://[LB_IP_ADDRESS]:8776/v3/0cc16aa2cedb4d24b19f11a5434c60b1/groups/4de5a22a-206d-43e0-a87b-1ac3aced4019
2026-01-26 12:28:42.418 73 INFO cinder.api.openstack.wsgi [None req-46fda364-e6f5-4735-a0fe-172dd400964d 38a72c868e95496d8ef0b0c72b695b46 7a491f0eec5e4eff8c15629d9a9d8307 - - default default] http://[LB_IP_ADDRESS]:8776/v3/7a491f0eec5e4eff8c15629d9a9d8307/types returned with HTTP 200
2026-01-26 12:28:42.433 74 INFO cinder.api.openstack.wsgi [None req-affb6770-2c14-43bf-854d-59930e32fd58 38a72c868e95496d8ef0b0c72b695b46 7a491f0eec5e4eff8c15629d9a9d8307 - - default default] POST http://[LB_IP_ADDRESS]:8776/v3/7a491f0eec5e4eff8c15629d9a9d8307/group_types
2026-01-26 12:28:42.439 76 INFO cinder.api.openstack.wsgi [None req-c075d686-e1e6-401a-89c3-054191e00707 192cd62cb8874d028838ae41afb97261 0cc16aa2cedb4d24b19f11a5434c60b1 - - default default] http://[LB_IP_ADDRESS]:8776/v3/0cc16aa2cedb4d24b19f11a5434c60b1/groups/4de5a22a-206d-43e0-a87b-1ac3aced4019 returned with HTTP 200
2026-01-26 12:28:42.446 75 INFO cinder.api.openstack.wsgi [None req-1a381b5c-cf77-40b8-8b2b-106f2f7a8c70 ea1aed4c21324fc980091ff9dd933cf5 00bbbed425da4273a69a56d5bfd5ecef - - default default] GET http://[LB_IP_ADDRESS]:8776/v3/00bbbed425da4273a69a56d5bfd5ecef/scheduler-stats/get_pools
2026-01-26 12:28:42.453 72 INFO cinder.api.openstack.wsgi [None req-2dbc7db7-5b29-4415-b2e4-25eedd05e8be 192cd62cb8874d028838ae41afb97261 0cc16aa2cedb4d24b19f11a5434c60b1 - - default default] POST http://[LB_IP_ADDRESS]:8776/v3/0cc16aa2cedb4d24b19f11a5434c60b1/volumes
2026-01-26 12:28:42.460 74 INFO cinder.api.openstack.wsgi [None req-affb6770-2c14-43bf-854d-59930e32fd58 38a72c868e95496d8ef0b0c72b695b46 7a491f0eec5e4eff8c15629d9a9d8307 - - default default] http://[LB_IP_ADDRESS]:8776/v3/7a491f0eec5e4eff8c15629d9a9d8307/group_types returned with HTTP 202
2026-01-26 12:28:42.464 72 INFO cinder.api.v3.volumes [None req-2dbc7db7-5b29-4415-b2e4-25eedd05e8be 192cd62cb8874d028838ae41afb97261 0cc16aa2cedb4d24b19f11a5434c60b1 - - default default] Create volume of 1 GB
2026-01-26 12:28:42.469 72 INFO cinder.volume.api [None req-2dbc7db7-5b29-4415-b2e4-25eedd05e8be 192cd62cb8874d028838ae41afb97261 0cc16aa2cedb4d24b19f11a5434c60b1 - - default default] Availability Zones retrieved successfully.
2026-01-26 12:28:42.537 73 INFO cinder.api.openstack.wsgi [None req-042f26f2-74b8-44d8-8f05-825a289a5dbd 8c3a8af8a9144710ad12974496950cda f9aed79d847a44f9a24b79554b9a0cc9 - - default default] POST http://[LB_IP_ADDRESS]:8776/v3/f9aed79d847a44f9a24b79554b9a0cc9/groups
2026-01-26 12:28:42.556 73 INFO cinder.api.v3.groups [None req-042f26f2-74b8-44d8-8f05-825a289a5dbd 8c3a8af8a9144710ad12974496950cda f9aed79d847a44f9a24b79554b9a0cc9 - - default default] Creating group tempest-GroupsV320Test-Group-417550487.
2026-01-26 12:28:42.567 73 INFO cinder.volume.api [None req-042f26f2-74b8-44d8-8f05-825a289a5dbd 8c3a8af8a9144710ad12974496950cda f9aed79d847a44f9a24b79554b9a0cc9 - - default default] Availability Zones retrieved successfully.
2026-01-26 12:28:42.706 73 INFO cinder.api.openstack.wsgi [None req-042f26f2-74b8-44d8-8f05-825a289a5dbd 8c3a8af8a9144710ad12974496950cda f9aed79d847a44f9a24b79554b9a0cc9 - - default default] http://[LB_IP_ADDRESS]:8776/v3/f9aed79d847a44f9a24b79554b9a0cc9/groups returned with HTTP 202
2026-01-26 12:28:42.720 76 INFO cinder.api.openstack.wsgi [None req-dbc1eb1a-8c55-43da-b646-3e3cdf45f9e1 8c3a8af8a9144710ad12974496950cda f9aed79d847a44f9a24b79554b9a0cc9 - - default default] GET http://[LB_IP_ADDRESS]:8776/v3/f9aed79d847a44f9a24b79554b9a0cc9/groups/af45af69-1be0-43f5-a728-d6c2697a6c53
2026-01-26 12:28:42.749 76 INFO cinder.api.openstack.wsgi [None req-dbc1eb1a-8c55-43da-b646-3e3cdf45f9e1 8c3a8af8a9144710ad12974496950cda f9aed79d847a44f9a24b79554b9a0cc9 - - default default] http://[LB_IP_ADDRESS]:8776/v3/f9aed79d847a44f9a24b79554b9a0cc9/groups/af45af69-1be0-43f5-a728-d6c2697a6c53 returned with HTTP 200
2026-01-26 12:28:42.866 72 WARNING cinder.quota [None req-2dbc7db7-5b29-4415-b2e4-25eedd05e8be 192cd62cb8874d028838ae41afb97261 0cc16aa2cedb4d24b19f11a5434c60b1 - - default default] Deprecated: Default quota for resource: volumes_tempest-GroupSnapshotsTest-volume-type-730498776 is set by the default quota flag: quota_volumes_tempest-GroupSnapshotsTest-volume-type-730498776, it is now deprecated. Please use the default quota class for default quota.
2026-01-26 12:28:42.866 72 WARNING cinder.quota [None req-2dbc7db7-5b29-4415-b2e4-25eedd05e8be 192cd62cb8874d028838ae41afb97261 0cc16aa2cedb4d24b19f11a5434c60b1 - - default default] Deprecated: Default quota for resource: gigabytes_tempest-GroupSnapshotsTest-volume-type-730498776 is set by the default quota flag: quota_gigabytes_tempest-GroupSnapshotsTest-volume-type-730498776, it is now deprecated. Please use the default quota class for default quota.
2026-01-26 12:28:42.951 72 INFO cinder.volume.api [None req-2dbc7db7-5b29-4415-b2e4-25eedd05e8be 192cd62cb8874d028838ae41afb97261 0cc16aa2cedb4d24b19f11a5434c60b1 - - default default] Create volume request issued successfully.
2026-01-26 12:28:42.953 75 INFO cinder.api.openstack.wsgi [None req-1a381b5c-cf77-40b8-8b2b-106f2f7a8c70 ea1aed4c21324fc980091ff9dd933cf5 00bbbed425da4273a69a56d5bfd5ecef - - default default] http://[LB_IP_ADDRESS]:8776/v3/00bbbed425da4273a69a56d5bfd5ecef/scheduler-stats/get_pools returned with HTTP 200
2026-01-26 12:28:42.973 74 INFO cinder.api.openstack.wsgi [None req-4b9ed379-52ef-407a-a528-4bdb034ae444 ea1aed4c21324fc980091ff9dd933cf5 00bbbed425da4273a69a56d5bfd5ecef - - default default] GET http://[LB_IP_ADDRESS]:8776/v3/00bbbed425da4273a69a56d5bfd5ecef/scheduler-stats/get_pools?detail=True
2026-01-26 12:28:42.979 72 INFO cinder.api.openstack.wsgi [None req-2dbc7db7-5b29-4415-b2e4-25eedd05e8be 192cd62cb8874d028838ae41afb97261 0cc16aa2cedb4d24b19f11a5434c60b1 - - default default] http://[LB_IP_ADDRESS]:8776/v3/0cc16aa2cedb4d24b19f11a5434c60b1/volumes returned with HTTP 202
2026-01-26 12:28:43.000 73 INFO cinder.api.openstack.wsgi [None req-2282d2ef-3931-4edf-bf8f-6bed600da887 192cd62cb8874d028838ae41afb97261 0cc16aa2cedb4d24b19f11a5434c60b1 - - default default] GET http://[LB_IP_ADDRESS]:8776/v3/0cc16aa2cedb4d24b19f11a5434c60b1/volumes/2f124b98-73d0-47e5-a22b-8aafa4e47145
2026-01-26 12:28:43.019 73 INFO cinder.volume.api [None req-2282d2ef-3931-4edf-bf8f-6bed600da887 192cd62cb8874d028838ae41afb97261 0cc16aa2cedb4d24b19f11a5434c60b1 - - default default] Volume info retrieved successfully.
2026-01-26 12:28:43.051 73 INFO cinder.api.openstack.wsgi [None req-2282d2ef-3931-4edf-bf8f-6bed600da887 192cd62cb8874d028838ae41afb97261 0cc16aa2cedb4d24b19f11a5434c60b1 - - default default] http://[LB_IP_ADDRESS]:8776/v3/0cc16aa2cedb4d24b19f11a5434c60b1/volumes/2f124b98-73d0-47e5-a22b-8aafa4e47145 returned with HTTP 200
2026-01-26 12:28:43.482 74 INFO cinder.api.openstack.wsgi [None req-4b9ed379-52ef-407a-a528-4bdb034ae444 ea1aed4c21324fc980091ff9dd933cf5 00bbbed425da4273a69a56d5bfd5ecef - - default default] http://[LB_IP_ADDRESS]:8776/v3/00bbbed425da4273a69a56d5bfd5ecef/scheduler-stats/get_pools?detail=True returned with HTTP 200
2026-01-26 12:28:43.504 76 INFO cinder.api.openstack.wsgi [None req-7a894a25-7f88-42b2-98ab-e31472de9d9d ea1aed4c21324fc980091ff9dd933cf5 00bbbed425da4273a69a56d5bfd5ecef - - default default] GET http://[LB_IP_ADDRESS]:8776/v3/00bbbed425da4273a69a56d5bfd5ecef/capabilities/rack05-server66@LIGHTOSphszul
2026-01-26 12:28:43.766 75 INFO cinder.api.openstack.wsgi [None req-b7abcf1b-4f60-486c-af86-914c763c3326 8c3a8af8a9144710ad12974496950cda f9aed79d847a44f9a24b79554b9a0cc9 - - default default] GET http://[LB_IP_ADDRESS]:8776/v3/f9aed79d847a44f9a24b79554b9a0cc9/groups/af45af69-1be0-43f5-a728-d6c2697a6c53
2026-01-26 12:28:43.792 75 INFO cinder.api.openstack.wsgi [None req-b7abcf1b-4f60-486c-af86-914c763c3326 8c3a8af8a9144710ad12974496950cda f9aed79d847a44f9a24b79554b9a0cc9 - - default default] http://[LB_IP_ADDRESS]:8776/v3/f9aed79d847a44f9a24b79554b9a0cc9/groups/af45af69-1be0-43f5-a728-d6c2697a6c53 returned with HTTP 200
2026-01-26 12:28:43.809 72 INFO cinder.api.openstack.wsgi [None req-4c55eaa3-7689-43c3-9af6-35ac24df5812 38a72c868e95496d8ef0b0c72b695b46 7a491f0eec5e4eff8c15629d9a9d8307 - - default default] POST http://[LB_IP_ADDRESS]:8776/v3/7a491f0eec5e4eff8c15629d9a9d8307/groups/af45af69-1be0-43f5-a728-d6c2697a6c53/action
2026-01-26 12:28:43.823 72 INFO cinder.api.openstack.wsgi [None req-4c55eaa3-7689-43c3-9af6-35ac24df5812 38a72c868e95496d8ef0b0c72b695b46 7a491f0eec5e4eff8c15629d9a9d8307 - - default default] http://[LB_IP_ADDRESS]:8776/v3/7a491f0eec5e4eff8c15629d9a9d8307/groups/af45af69-1be0-43f5-a728-d6c2697a6c53/action returned with HTTP 202
2026-01-26 12:28:43.831 73 INFO cinder.api.openstack.wsgi [None req-c8f2111a-8d56-467c-899d-2d335673966e 8c3a8af8a9144710ad12974496950cda f9aed79d847a44f9a24b79554b9a0cc9 - - default default] GET http://[LB_IP_ADDRESS]:8776/v3/f9aed79d847a44f9a24b79554b9a0cc9/groups/af45af69-1be0-43f5-a728-d6c2697a6c53
2026-01-26 12:28:43.850 73 INFO cinder.api.openstack.wsgi [None req-c8f2111a-8d56-467c-899d-2d335673966e 8c3a8af8a9144710ad12974496950cda f9aed79d847a44f9a24b79554b9a0cc9 - - default default] http://[LB_IP_ADDRESS]:8776/v3/f9aed79d847a44f9a24b79554b9a0cc9/groups/af45af69-1be0-43f5-a728-d6c2697a6c53 returned with HTTP 200
2026-01-26 12:28:43.866 74 INFO cinder.api.openstack.wsgi [None req-967a9a64-827e-416f-9bba-0073aed48a9c 38a72c868e95496d8ef0b0c72b695b46 7a491f0eec5e4eff8c15629d9a9d8307 - - default default] POST http://[LB_IP_ADDRESS]:8776/v3/7a491f0eec5e4eff8c15629d9a9d8307/groups/af45af69-1be0-43f5-a728-d6c2697a6c53/action
2026-01-26 12:28:43.880 74 INFO cinder.api.openstack.wsgi [None req-967a9a64-827e-416f-9bba-0073aed48a9c 38a72c868e95496d8ef0b0c72b695b46 7a491f0eec5e4eff8c15629d9a9d8307 - - default default] http://[LB_IP_ADDRESS]:8776/v3/7a491f0eec5e4eff8c15629d9a9d8307/groups/af45af69-1be0-43f5-a728-d6c2697a6c53/action returned with HTTP 202
2026-01-26 12:28:43.893 75 INFO cinder.api.openstack.wsgi [None req-1f5ead41-cdea-49fc-866d-f91b40d92b5d 8c3a8af8a9144710ad12974496950cda f9aed79d847a44f9a24b79554b9a0cc9 - - default default] GET http://[LB_IP_ADDRESS]:8776/v3/f9aed79d847a44f9a24b79554b9a0cc9/groups/af45af69-1be0-43f5-a728-d6c2697a6c53
2026-01-26 12:28:43.908 75 INFO cinder.api.openstack.wsgi [None req-1f5ead41-cdea-49fc-866d-f91b40d92b5d 8c3a8af8a9144710ad12974496950cda f9aed79d847a44f9a24b79554b9a0cc9 - - default default] http://[LB_IP_ADDRESS]:8776/v3/f9aed79d847a44f9a24b79554b9a0cc9/groups/af45af69-1be0-43f5-a728-d6c2697a6c53 returned with HTTP 200
2026-01-26 12:28:43.923 72 INFO cinder.api.openstack.wsgi [None req-b8e4c3af-5a97-4e0d-b57e-cf2750c00711 38a72c868e95496d8ef0b0c72b695b46 7a491f0eec5e4eff8c15629d9a9d8307 - - default default] POST http://[LB_IP_ADDRESS]:8776/v3/7a491f0eec5e4eff8c15629d9a9d8307/groups/af45af69-1be0-43f5-a728-d6c2697a6c53/action
2026-01-26 12:28:43.937 72 INFO cinder.api.openstack.wsgi [None req-b8e4c3af-5a97-4e0d-b57e-cf2750c00711 38a72c868e95496d8ef0b0c72b695b46 7a491f0eec5e4eff8c15629d9a9d8307 - - default default] http://[LB_IP_ADDRESS]:8776/v3/7a491f0eec5e4eff8c15629d9a9d8307/groups/af45af69-1be0-43f5-a728-d6c2697a6c53/action returned with HTTP 202
2026-01-26 12:28:43.945 73 INFO cinder.api.openstack.wsgi [None req-f3eec210-74a0-457d-a96f-c2128edc2393 8c3a8af8a9144710ad12974496950cda f9aed79d847a44f9a24b79554b9a0cc9 - - default default] GET http://[LB_IP_ADDRESS]:8776/v3/f9aed79d847a44f9a24b79554b9a0cc9/groups/af45af69-1be0-43f5-a728-d6c2697a6c53
2026-01-26 12:28:43.964 73 INFO cinder.api.openstack.wsgi [None req-f3eec210-74a0-457d-a96f-c2128edc2393 8c3a8af8a9144710ad12974496950cda f9aed79d847a44f9a24b79554b9a0cc9 - - default default] http://[LB_IP_ADDRESS]:8776/v3/f9aed79d847a44f9a24b79554b9a0cc9/groups/af45af69-1be0-43f5-a728-d6c2697a6c53 returned with HTTP 200
2026-01-26 12:28:43.980 74 INFO cinder.api.openstack.wsgi [None req-358b8271-1f95-4dfe-a87f-a1eee5ef3eee 38a72c868e95496d8ef0b0c72b695b46 7a491f0eec5e4eff8c15629d9a9d8307 - - default default] POST http://[LB_IP_ADDRESS]:8776/v3/7a491f0eec5e4eff8c15629d9a9d8307/groups/af45af69-1be0-43f5-a728-d6c2697a6c53/action
2026-01-26 12:28:43.994 74 INFO cinder.api.openstack.wsgi [None req-358b8271-1f95-4dfe-a87f-a1eee5ef3eee 38a72c868e95496d8ef0b0c72b695b46 7a491f0eec5e4eff8c15629d9a9d8307 - - default default] http://[LB_IP_ADDRESS]:8776/v3/7a491f0eec5e4eff8c15629d9a9d8307/groups/af45af69-1be0-43f5-a728-d6c2697a6c53/action returned with HTTP 202
2026-01-26 12:28:44.007 75 INFO cinder.api.openstack.wsgi [None req-b724ffb8-6ab2-46a4-83de-99002371d85d 8c3a8af8a9144710ad12974496950cda f9aed79d847a44f9a24b79554b9a0cc9 - - default default] GET http://[LB_IP_ADDRESS]:8776/v3/f9aed79d847a44f9a24b79554b9a0cc9/groups/af45af69-1be0-43f5-a728-d6c2697a6c53
2026-01-26 12:28:44.020 76 INFO cinder.api.openstack.wsgi [None req-7a894a25-7f88-42b2-98ab-e31472de9d9d ea1aed4c21324fc980091ff9dd933cf5 00bbbed425da4273a69a56d5bfd5ecef - - default default] http://[LB_IP_ADDRESS]:8776/v3/00bbbed425da4273a69a56d5bfd5ecef/capabilities/rack05-server66@LIGHTOSphszul returned with HTTP 200
2026-01-26 12:28:44.025 75 INFO cinder.api.openstack.wsgi [None req-b724ffb8-6ab2-46a4-83de-99002371d85d 8c3a8af8a9144710ad12974496950cda f9aed79d847a44f9a24b79554b9a0cc9 - - default default] http://[LB_IP_ADDRESS]:8776/v3/f9aed79d847a44f9a24b79554b9a0cc9/groups/af45af69-1be0-43f5-a728-d6c2697a6c53 returned with HTTP 200
2026-01-26 12:28:44.042 73 INFO cinder.api.openstack.wsgi [None req-3e51e292-aecb-4904-9806-d62403d36e21 8c3a8af8a9144710ad12974496950cda f9aed79d847a44f9a24b79554b9a0cc9 - - default default] GET http://[LB_IP_ADDRESS]:8776/v3/f9aed79d847a44f9a24b79554b9a0cc9/volumes/detail
2026-01-26 12:28:44.045 72 INFO cinder.api.openstack.wsgi [None req-fa27552e-fce6-4776-8663-63f4be20d323 ea1aed4c21324fc980091ff9dd933cf5 00bbbed425da4273a69a56d5bfd5ecef - - default default] GET http://[LB_IP_ADDRESS]:8776/v3/00bbbed425da4273a69a56d5bfd5ecef/capabilities/rack05-server66@LIGHTOSphszul
2026-01-26 12:28:44.055 73 INFO cinder.volume.api [None req-3e51e292-aecb-4904-9806-d62403d36e21 8c3a8af8a9144710ad12974496950cda f9aed79d847a44f9a24b79554b9a0cc9 - - default default] Get all volumes completed successfully.
2026-01-26 12:28:44.057 73 INFO cinder.api.openstack.wsgi [None req-3e51e292-aecb-4904-9806-d62403d36e21 8c3a8af8a9144710ad12974496950cda f9aed79d847a44f9a24b79554b9a0cc9 - - default default] http://[LB_IP_ADDRESS]:8776/v3/f9aed79d847a44f9a24b79554b9a0cc9/volumes/detail returned with HTTP 200
2026-01-26 12:28:44.071 74 INFO cinder.api.openstack.wsgi [None req-b5987f97-3dd4-416f-9fd2-8854fd57cc6d 192cd62cb8874d028838ae41afb97261 0cc16aa2cedb4d24b19f11a5434c60b1 - - default default] GET http://[LB_IP_ADDRESS]:8776/v3/0cc16aa2cedb4d24b19f11a5434c60b1/volumes/2f124b98-73d0-47e5-a22b-8aafa4e47145
2026-01-26 12:28:44.078 76 INFO cinder.api.openstack.wsgi [None req-a3f9f1bf-fee7-4300-9237-bca40ed33a3b 8c3a8af8a9144710ad12974496950cda f9aed79d847a44f9a24b79554b9a0cc9 - - default default] POST http://[LB_IP_ADDRESS]:8776/v3/f9aed79d847a44f9a24b79554b9a0cc9/groups/af45af69-1be0-43f5-a728-d6c2697a6c53/action
2026-01-26 12:28:44.083 76 INFO cinder.api.v3.groups [None req-a3f9f1bf-fee7-4300-9237-bca40ed33a3b 8c3a8af8a9144710ad12974496950cda f9aed79d847a44f9a24b79554b9a0cc9 - - default default] Delete group with id: af45af69-1be0-43f5-a728-d6c2697a6c53
2026-01-26 12:28:44.088 74 INFO cinder.volume.api [None req-b5987f97-3dd4-416f-9fd2-8854fd57cc6d 192cd62cb8874d028838ae41afb97261 0cc16aa2cedb4d24b19f11a5434c60b1 - - default default] Volume info retrieved successfully.
2026-01-26 12:28:44.112 74 INFO cinder.api.openstack.wsgi [None req-b5987f97-3dd4-416f-9fd2-8854fd57cc6d 192cd62cb8874d028838ae41afb97261 0cc16aa2cedb4d24b19f11a5434c60b1 - - default default] http://[LB_IP_ADDRESS]:8776/v3/0cc16aa2cedb4d24b19f11a5434c60b1/volumes/2f124b98-73d0-47e5-a22b-8aafa4e47145 returned with HTTP 200
2026-01-26 12:28:44.132 76 INFO cinder.api.openstack.wsgi [None req-a3f9f1bf-fee7-4300-9237-bca40ed33a3b 8c3a8af8a9144710ad12974496950cda f9aed79d847a44f9a24b79554b9a0cc9 - - default default] http://[LB_IP_ADDRESS]:8776/v3/f9aed79d847a44f9a24b79554b9a0cc9/groups/af45af69-1be0-43f5-a728-d6c2697a6c53/action returned with HTTP 202
2026-01-26 12:28:44.135 75 INFO cinder.api.openstack.wsgi [None req-00454207-681e-412c-896f-6b11633c0a6b 192cd62cb8874d028838ae41afb97261 0cc16aa2cedb4d24b19f11a5434c60b1 - - default default] POST http://[LB_IP_ADDRESS]:8776/v3/0cc16aa2cedb4d24b19f11a5434c60b1/group_snapshots
2026-01-26 12:28:44.145 73 INFO cinder.api.openstack.wsgi [None req-879f373d-39b9-4760-b976-d68cc224484d 8c3a8af8a9144710ad12974496950cda f9aed79d847a44f9a24b79554b9a0cc9 - - default default] GET http://[LB_IP_ADDRESS]:8776/v3/f9aed79d847a44f9a24b79554b9a0cc9/groups/af45af69-1be0-43f5-a728-d6c2697a6c53
2026-01-26 12:28:44.157 75 INFO cinder.api.v3.group_snapshots [None req-00454207-681e-412c-896f-6b11633c0a6b 192cd62cb8874d028838ae41afb97261 0cc16aa2cedb4d24b19f11a5434c60b1 - - default default] Creating group_snapshot tempest-group_snapshot-759525577.
2026-01-26 12:28:44.160 73 INFO cinder.api.openstack.wsgi [None req-879f373d-39b9-4760-b976-d68cc224484d 8c3a8af8a9144710ad12974496950cda f9aed79d847a44f9a24b79554b9a0cc9 - - default default] http://[LB_IP_ADDRESS]:8776/v3/f9aed79d847a44f9a24b79554b9a0cc9/groups/af45af69-1be0-43f5-a728-d6c2697a6c53 returned with HTTP 200
2026-01-26 12:28:44.277 75 WARNING cinder.quota [None req-00454207-681e-412c-896f-6b11633c0a6b 192cd62cb8874d028838ae41afb97261 0cc16aa2cedb4d24b19f11a5434c60b1 - - default default] Deprecated: Default quota for resource: gigabytes_tempest-GroupSnapshotsTest-volume-type-730498776 is set by the default quota flag: quota_gigabytes_tempest-GroupSnapshotsTest-volume-type-730498776, it is now deprecated. Please use the default quota class for default quota.
2026-01-26 12:28:44.278 75 WARNING cinder.quota [None req-00454207-681e-412c-896f-6b11633c0a6b 192cd62cb8874d028838ae41afb97261 0cc16aa2cedb4d24b19f11a5434c60b1 - - default default] Deprecated: Default quota for resource: snapshots_tempest-GroupSnapshotsTest-volume-type-730498776 is set by the default quota flag: quota_snapshots_tempest-GroupSnapshotsTest-volume-type-730498776, it is now deprecated. Please use the default quota class for default quota.
2026-01-26 12:28:44.329 75 INFO cinder.api.openstack.wsgi [None req-00454207-681e-412c-896f-6b11633c0a6b 192cd62cb8874d028838ae41afb97261 0cc16aa2cedb4d24b19f11a5434c60b1 - - default default] http://[LB_IP_ADDRESS]:8776/v3/0cc16aa2cedb4d24b19f11a5434c60b1/group_snapshots returned with HTTP 202
2026-01-26 12:28:44.344 74 INFO cinder.api.openstack.wsgi [None req-0d734333-2548-4e5c-bee5-f9b55dbd0a23 192cd62cb8874d028838ae41afb97261 0cc16aa2cedb4d24b19f11a5434c60b1 - - default default] GET http://[LB_IP_ADDRESS]:8776/v3/0cc16aa2cedb4d24b19f11a5434c60b1/group_snapshots/781c571e-53ca-4ace-a48b-26bfdb16ff18
2026-01-26 12:28:44.361 74 INFO cinder.api.openstack.wsgi [None req-0d734333-2548-4e5c-bee5-f9b55dbd0a23 192cd62cb8874d028838ae41afb97261 0cc16aa2cedb4d24b19f11a5434c60b1 - - default default] http://[LB_IP_ADDRESS]:8776/v3/0cc16aa2cedb4d24b19f11a5434c60b1/group_snapshots/781c571e-53ca-4ace-a48b-26bfdb16ff18 returned with HTTP 200
2026-01-26 12:28:44.557 72 INFO cinder.api.openstack.wsgi [None req-fa27552e-fce6-4776-8663-63f4be20d323 ea1aed4c21324fc980091ff9dd933cf5 00bbbed425da4273a69a56d5bfd5ecef - - default default] http://[LB_IP_ADDRESS]:8776/v3/00bbbed425da4273a69a56d5bfd5ecef/capabilities/rack05-server66@LIGHTOSphszul returned with HTTP 200
2026-01-26 12:28:45.177 76 INFO cinder.api.openstack.wsgi [None req-2e6bc279-23c3-4b62-b279-366f38f43885 8c3a8af8a9144710ad12974496950cda f9aed79d847a44f9a24b79554b9a0cc9 - - default default] GET http://[LB_IP_ADDRESS]:8776/v3/f9aed79d847a44f9a24b79554b9a0cc9/groups/af45af69-1be0-43f5-a728-d6c2697a6c53
2026-01-26 12:28:45.183 76 INFO cinder.api.openstack.wsgi [None req-2e6bc279-23c3-4b62-b279-366f38f43885 8c3a8af8a9144710ad12974496950cda f9aed79d847a44f9a24b79554b9a0cc9 - - default default] http://[LB_IP_ADDRESS]:8776/v3/f9aed79d847a44f9a24b79554b9a0cc9/groups/af45af69-1be0-43f5-a728-d6c2697a6c53 returned with HTTP 404
2026-01-26 12:28:45.196 73 INFO cinder.api.openstack.wsgi [None req-2dcb59d1-3cd3-47cf-a900-4109e75223d5 38a72c868e95496d8ef0b0c72b695b46 7a491f0eec5e4eff8c15629d9a9d8307 - - default default] DELETE http://[LB_IP_ADDRESS]:8776/v3/7a491f0eec5e4eff8c15629d9a9d8307/group_types/05d70386-3dc2-4cea-b84e-79439e06f06c
2026-01-26 12:28:45.218 73 INFO cinder.api.openstack.wsgi [None req-2dcb59d1-3cd3-47cf-a900-4109e75223d5 38a72c868e95496d8ef0b0c72b695b46 7a491f0eec5e4eff8c15629d9a9d8307 - - default default] http://[LB_IP_ADDRESS]:8776/v3/7a491f0eec5e4eff8c15629d9a9d8307/group_types/05d70386-3dc2-4cea-b84e-79439e06f06c returned with HTTP 202
2026-01-26 12:28:45.231 75 INFO cinder.api.openstack.wsgi [None req-7763132b-edbb-442c-9943-23e80e97fa10 38a72c868e95496d8ef0b0c72b695b46 7a491f0eec5e4eff8c15629d9a9d8307 - - default default] DELETE http://[LB_IP_ADDRESS]:8776/v3/7a491f0eec5e4eff8c15629d9a9d8307/types/b2a6113f-8930-4f94-972a-87895b24a6c3
2026-01-26 12:28:45.280 75 INFO cinder.api.openstack.wsgi [None req-7763132b-edbb-442c-9943-23e80e97fa10 38a72c868e95496d8ef0b0c72b695b46 7a491f0eec5e4eff8c15629d9a9d8307 - - default default] http://[LB_IP_ADDRESS]:8776/v3/7a491f0eec5e4eff8c15629d9a9d8307/types/b2a6113f-8930-4f94-972a-87895b24a6c3 returned with HTTP 202
2026-01-26 12:28:45.289 74 INFO cinder.api.openstack.wsgi [None req-04561653-5d4d-4895-afdf-f2d734abf974 38a72c868e95496d8ef0b0c72b695b46 7a491f0eec5e4eff8c15629d9a9d8307 - - default default] GET http://[LB_IP_ADDRESS]:8776/v3/7a491f0eec5e4eff8c15629d9a9d8307/types/b2a6113f-8930-4f94-972a-87895b24a6c3
2026-01-26 12:28:45.293 74 INFO cinder.api.openstack.wsgi [None req-04561653-5d4d-4895-afdf-f2d734abf974 38a72c868e95496d8ef0b0c72b695b46 7a491f0eec5e4eff8c15629d9a9d8307 - - default default] http://[LB_IP_ADDRESS]:8776/v3/7a491f0eec5e4eff8c15629d9a9d8307/types/b2a6113f-8930-4f94-972a-87895b24a6c3 returned with HTTP 404
2026-01-26 12:28:45.376 72 INFO cinder.api.openstack.wsgi [None req-24c7d2ff-2813-4507-ab21-60c6791c6878 192cd62cb8874d028838ae41afb97261 0cc16aa2cedb4d24b19f11a5434c60b1 - - default default] GET http://[LB_IP_ADDRESS]:8776/v3/0cc16aa2cedb4d24b19f11a5434c60b1/group_snapshots/781c571e-53ca-4ace-a48b-26bfdb16ff18
2026-01-26 12:28:45.396 72 INFO cinder.api.openstack.wsgi [None req-24c7d2ff-2813-4507-ab21-60c6791c6878 192cd62cb8874d028838ae41afb97261 0cc16aa2cedb4d24b19f11a5434c60b1 - - default default] http://[LB_IP_ADDRESS]:8776/v3/0cc16aa2cedb4d24b19f11a5434c60b1/group_snapshots/781c571e-53ca-4ace-a48b-26bfdb16ff18 returned with HTTP 200
2026-01-26 12:28:46.410 76 INFO cinder.api.openstack.wsgi [None req-ceafdf0b-48c5-42a7-9602-13b055616a1c 192cd62cb8874d028838ae41afb97261 0cc16aa2cedb4d24b19f11a5434c60b1 - - default default] GET http://[LB_IP_ADDRESS]:8776/v3/0cc16aa2cedb4d24b19f11a5434c60b1/group_snapshots/781c571e-53ca-4ace-a48b-26bfdb16ff18
2026-01-26 12:28:46.432 76 INFO cinder.api.openstack.wsgi [None req-ceafdf0b-48c5-42a7-9602-13b055616a1c 192cd62cb8874d028838ae41afb97261 0cc16aa2cedb4d24b19f11a5434c60b1 - - default default] http://[LB_IP_ADDRESS]:8776/v3/0cc16aa2cedb4d24b19f11a5434c60b1/group_snapshots/781c571e-53ca-4ace-a48b-26bfdb16ff18 returned with HTTP 200
2026-01-26 12:28:46.447 73 INFO cinder.api.openstack.wsgi [None req-76f4298c-5e9f-46bc-b4f3-ba49f2078566 192cd62cb8874d028838ae41afb97261 0cc16aa2cedb4d24b19f11a5434c60b1 - - default default] GET http://[LB_IP_ADDRESS]:8776/v3/0cc16aa2cedb4d24b19f11a5434c60b1/snapshots/detail
2026-01-26 12:28:46.456 73 INFO cinder.volume.api [None req-76f4298c-5e9f-46bc-b4f3-ba49f2078566 192cd62cb8874d028838ae41afb97261 0cc16aa2cedb4d24b19f11a5434c60b1 - - default default] Get all snapshots completed successfully.
2026-01-26 12:28:46.457 73 INFO cinder.api.openstack.wsgi [None req-76f4298c-5e9f-46bc-b4f3-ba49f2078566 192cd62cb8874d028838ae41afb97261 0cc16aa2cedb4d24b19f11a5434c60b1 - - default default] http://[LB_IP_ADDRESS]:8776/v3/0cc16aa2cedb4d24b19f11a5434c60b1/snapshots/detail returned with HTTP 200
2026-01-26 12:28:46.474 75 INFO cinder.api.openstack.wsgi [None req-b3ed83f6-87e8-4700-8774-f0b1fc76790a 192cd62cb8874d028838ae41afb97261 0cc16aa2cedb4d24b19f11a5434c60b1 - - default default] GET http://[LB_IP_ADDRESS]:8776/v3/0cc16aa2cedb4d24b19f11a5434c60b1/snapshots/7e9560c3-bea2-4312-bc12-3d811408cd8f
2026-01-26 12:28:46.484 75 INFO cinder.volume.api [None req-b3ed83f6-87e8-4700-8774-f0b1fc76790a 192cd62cb8874d028838ae41afb97261 0cc16aa2cedb4d24b19f11a5434c60b1 - - default default] Snapshot retrieved successfully.
2026-01-26 12:28:46.486 75 INFO cinder.api.openstack.wsgi [None req-b3ed83f6-87e8-4700-8774-f0b1fc76790a 192cd62cb8874d028838ae41afb97261 0cc16aa2cedb4d24b19f11a5434c60b1 - - default default] http://[LB_IP_ADDRESS]:8776/v3/0cc16aa2cedb4d24b19f11a5434c60b1/snapshots/7e9560c3-bea2-4312-bc12-3d811408cd8f returned with HTTP 200
2026-01-26 12:28:46.500 74 INFO cinder.api.openstack.wsgi [None req-40b5f70a-d682-4a25-8dca-fdf211bb9655 192cd62cb8874d028838ae41afb97261 0cc16aa2cedb4d24b19f11a5434c60b1 - - default default] POST http://[LB_IP_ADDRESS]:8776/v3/0cc16aa2cedb4d24b19f11a5434c60b1/groups/action
2026-01-26 12:28:46.504 74 INFO cinder.api.v3.groups [None req-40b5f70a-d682-4a25-8dca-fdf211bb9655 192cd62cb8874d028838ae41afb97261 0cc16aa2cedb4d24b19f11a5434c60b1 - - default default] Creating group tempest-Group_from_snap-347823102 from group_snapshot 781c571e-53ca-4ace-a48b-26bfdb16ff18.
2026-01-26 12:28:47.184 74 INFO cinder.group.api [None req-40b5f70a-d682-4a25-8dca-fdf211bb9655 192cd62cb8874d028838ae41afb97261 0cc16aa2cedb4d24b19f11a5434c60b1 - - default default] A mapping entry already exists for group cfa68f75-089c-41d9-84f3-4c0c372feecf and volume type 90461555-c8c8-47a7-80d0-4d2caa8e977e. Do not need to create again.
2026-01-26 12:28:47.185 74 INFO cinder.volume.api [None req-40b5f70a-d682-4a25-8dca-fdf211bb9655 192cd62cb8874d028838ae41afb97261 0cc16aa2cedb4d24b19f11a5434c60b1 - - default default] Availability Zones retrieved successfully.
