2026-01-16 16:38:16.685 76 INFO cinder.volume.api [None req-e6447b76-e349-4497-a79b-27c05b7a664c 8c630879aff347139920673ca6131432 9f84b8a18b504ba68c577b4a37a98318 - - default default] Delete volume request issued successfully.
2026-01-16 16:38:16.685 76 INFO cinder.api.openstack.wsgi [None req-e6447b76-e349-4497-a79b-27c05b7a664c 8c630879aff347139920673ca6131432 9f84b8a18b504ba68c577b4a37a98318 - - default default] http://[LB_IP_ADDRESS]:8776/v3/9f84b8a18b504ba68c577b4a37a98318/volumes/3c707396-44f2-41f4-b8ab-4c0a934823e2 returned with HTTP 202
2026-01-16 16:38:16.695 75 INFO cinder.api.openstack.wsgi [None req-af35ce5c-40c5-4e4e-b7ec-8dcde09c9644 8c630879aff347139920673ca6131432 9f84b8a18b504ba68c577b4a37a98318 - - default default] GET http://[LB_IP_ADDRESS]:8776/v3/9f84b8a18b504ba68c577b4a37a98318/volumes/3c707396-44f2-41f4-b8ab-4c0a934823e2
2026-01-16 16:38:16.708 75 INFO cinder.volume.api [None req-af35ce5c-40c5-4e4e-b7ec-8dcde09c9644 8c630879aff347139920673ca6131432 9f84b8a18b504ba68c577b4a37a98318 - - default default] Volume info retrieved successfully.
2026-01-16 16:38:16.708 74 INFO cinder.api.openstack.wsgi [req-b799c7fe-ec54-4c93-957e-7d32140c4aec req-852cf37e-32ee-4396-af5b-e9b316582459 a1c2a2bb27a340d4bfce058308c5f76f b26d6a23bc134b3a9780bf49c0e8b305 - - default default] GET http://[LB_IP_ADDRESS]:8776/v3/volumes/abcda8d0-3462-4241-a104-8d5be2732fdc
2026-01-16 16:38:16.713 75 INFO cinder.api.openstack.wsgi [None req-af35ce5c-40c5-4e4e-b7ec-8dcde09c9644 8c630879aff347139920673ca6131432 9f84b8a18b504ba68c577b4a37a98318 - - default default] http://[LB_IP_ADDRESS]:8776/v3/9f84b8a18b504ba68c577b4a37a98318/volumes/3c707396-44f2-41f4-b8ab-4c0a934823e2 returned with HTTP 200
2026-01-16 16:38:16.716 74 INFO cinder.api.openstack.wsgi [req-b799c7fe-ec54-4c93-957e-7d32140c4aec req-852cf37e-32ee-4396-af5b-e9b316582459 a1c2a2bb27a340d4bfce058308c5f76f b26d6a23bc134b3a9780bf49c0e8b305 - - default default] http://[LB_IP_ADDRESS]:8776/v3/volumes/abcda8d0-3462-4241-a104-8d5be2732fdc returned with HTTP 404
2026-01-16 16:38:16.923 72 INFO cinder.api.openstack.wsgi [None req-f3479c19-2bcc-4b14-bfa7-5eef11c39f52 - - - - - -] GET http://[LB_IP_ADDRESS]:8776/
2026-01-16 16:38:16.925 72 INFO cinder.api.openstack.wsgi [None req-f3479c19-2bcc-4b14-bfa7-5eef11c39f52 - - - - - -] http://[LB_IP_ADDRESS]:8776/ returned with HTTP 300
2026-01-16 16:38:17.534 73 INFO cinder.api.openstack.wsgi [None req-d2e00235-3b6d-47ac-b35a-956a15d4ada0 1bb97349f4564b5cb8fc725efe22e8d8 bf1f1b73e0de41b386039ecaa90dde19 - - default default] POST http://[LB_IP_ADDRESS]:8776/v3/bf1f1b73e0de41b386039ecaa90dde19/types
2026-01-16 16:38:17.569 73 INFO cinder.api.openstack.wsgi [None req-d2e00235-3b6d-47ac-b35a-956a15d4ada0 1bb97349f4564b5cb8fc725efe22e8d8 bf1f1b73e0de41b386039ecaa90dde19 - - default default] http://[LB_IP_ADDRESS]:8776/v3/bf1f1b73e0de41b386039ecaa90dde19/types returned with HTTP 200
2026-01-16 16:38:17.579 76 INFO cinder.api.openstack.wsgi [None req-2966c424-5ee2-45e8-a4a4-849c64cc4c51 1bb97349f4564b5cb8fc725efe22e8d8 bf1f1b73e0de41b386039ecaa90dde19 - - default default] POST http://[LB_IP_ADDRESS]:8776/v3/bf1f1b73e0de41b386039ecaa90dde19/group_types
2026-01-16 16:38:17.609 76 INFO cinder.api.openstack.wsgi [None req-2966c424-5ee2-45e8-a4a4-849c64cc4c51 1bb97349f4564b5cb8fc725efe22e8d8 bf1f1b73e0de41b386039ecaa90dde19 - - default default] http://[LB_IP_ADDRESS]:8776/v3/bf1f1b73e0de41b386039ecaa90dde19/group_types returned with HTTP 202
2026-01-16 16:38:17.734 74 INFO cinder.api.openstack.wsgi [None req-7f70a48b-543b-4dc1-b03f-ce08ea2dd773 8c630879aff347139920673ca6131432 9f84b8a18b504ba68c577b4a37a98318 - - default default] GET http://[LB_IP_ADDRESS]:8776/v3/9f84b8a18b504ba68c577b4a37a98318/volumes/3c707396-44f2-41f4-b8ab-4c0a934823e2
2026-01-16 16:38:17.736 75 INFO cinder.api.openstack.wsgi [None req-0812b9fe-1088-4841-8d56-b60a5cee750f 902700447ca74ce3bab934409e9c6c05 b1427ce09a15417f837700fd16ca101c - - default default] POST http://[LB_IP_ADDRESS]:8776/v3/b1427ce09a15417f837700fd16ca101c/groups
2026-01-16 16:38:17.743 74 INFO cinder.api.openstack.wsgi [None req-7f70a48b-543b-4dc1-b03f-ce08ea2dd773 8c630879aff347139920673ca6131432 9f84b8a18b504ba68c577b4a37a98318 - - default default] http://[LB_IP_ADDRESS]:8776/v3/9f84b8a18b504ba68c577b4a37a98318/volumes/3c707396-44f2-41f4-b8ab-4c0a934823e2 returned with HTTP 404
2026-01-16 16:38:17.750 75 INFO cinder.api.v3.groups [None req-0812b9fe-1088-4841-8d56-b60a5cee750f 902700447ca74ce3bab934409e9c6c05 b1427ce09a15417f837700fd16ca101c - - default default] Creating group tempest-GroupSnapshotsTest-Group-1059192306.
2026-01-16 16:38:17.756 72 INFO cinder.api.openstack.wsgi [None req-806d6c1d-26ba-4327-988f-89ced7d0d526 8c630879aff347139920673ca6131432 9f84b8a18b504ba68c577b4a37a98318 - - default default] DELETE http://[LB_IP_ADDRESS]:8776/v3/9f84b8a18b504ba68c577b4a37a98318/volumes/65d21da5-a119-4ee8-9760-63473c249459
2026-01-16 16:38:17.757 72 INFO cinder.api.v3.volumes [None req-806d6c1d-26ba-4327-988f-89ced7d0d526 8c630879aff347139920673ca6131432 9f84b8a18b504ba68c577b4a37a98318 - - default default] Delete volume with id: 65d21da5-a119-4ee8-9760-63473c249459 
2026-01-16 16:38:17.764 75 INFO cinder.volume.api [None req-0812b9fe-1088-4841-8d56-b60a5cee750f 902700447ca74ce3bab934409e9c6c05 b1427ce09a15417f837700fd16ca101c - - default default] Availability Zones retrieved successfully.
2026-01-16 16:38:17.770 72 INFO cinder.volume.api [None req-806d6c1d-26ba-4327-988f-89ced7d0d526 8c630879aff347139920673ca6131432 9f84b8a18b504ba68c577b4a37a98318 - - default default] Volume info retrieved successfully.
2026-01-16 16:38:17.789 72 INFO cinder.volume.api [None req-806d6c1d-26ba-4327-988f-89ced7d0d526 8c630879aff347139920673ca6131432 9f84b8a18b504ba68c577b4a37a98318 - - default default] Delete volume request issued successfully.
2026-01-16 16:38:17.789 72 INFO cinder.api.openstack.wsgi [None req-806d6c1d-26ba-4327-988f-89ced7d0d526 8c630879aff347139920673ca6131432 9f84b8a18b504ba68c577b4a37a98318 - - default default] http://[LB_IP_ADDRESS]:8776/v3/9f84b8a18b504ba68c577b4a37a98318/volumes/65d21da5-a119-4ee8-9760-63473c249459 returned with HTTP 202
2026-01-16 16:38:17.801 73 INFO cinder.api.openstack.wsgi [None req-6ce1260b-13d0-4bd4-b2d8-66f928cae27a 8c630879aff347139920673ca6131432 9f84b8a18b504ba68c577b4a37a98318 - - default default] GET http://[LB_IP_ADDRESS]:8776/v3/9f84b8a18b504ba68c577b4a37a98318/volumes/65d21da5-a119-4ee8-9760-63473c249459
2026-01-16 16:38:17.817 73 INFO cinder.volume.api [None req-6ce1260b-13d0-4bd4-b2d8-66f928cae27a 8c630879aff347139920673ca6131432 9f84b8a18b504ba68c577b4a37a98318 - - default default] Volume info retrieved successfully.
2026-01-16 16:38:17.821 73 INFO cinder.api.openstack.wsgi [None req-6ce1260b-13d0-4bd4-b2d8-66f928cae27a 8c630879aff347139920673ca6131432 9f84b8a18b504ba68c577b4a37a98318 - - default default] http://[LB_IP_ADDRESS]:8776/v3/9f84b8a18b504ba68c577b4a37a98318/volumes/65d21da5-a119-4ee8-9760-63473c249459 returned with HTTP 200
2026-01-16 16:38:18.193 75 INFO cinder.api.openstack.wsgi [None req-0812b9fe-1088-4841-8d56-b60a5cee750f 902700447ca74ce3bab934409e9c6c05 b1427ce09a15417f837700fd16ca101c - - default default] http://[LB_IP_ADDRESS]:8776/v3/b1427ce09a15417f837700fd16ca101c/groups returned with HTTP 202
2026-01-16 16:38:18.207 76 INFO cinder.api.openstack.wsgi [None req-4910013c-ceaf-4ca1-9139-050ef849ad3d 902700447ca74ce3bab934409e9c6c05 b1427ce09a15417f837700fd16ca101c - - default default] GET http://[LB_IP_ADDRESS]:8776/v3/b1427ce09a15417f837700fd16ca101c/groups/b4f2a20d-6a1e-4069-bc9c-95e030b3c94e
2026-01-16 16:38:18.234 76 INFO cinder.api.openstack.wsgi [None req-4910013c-ceaf-4ca1-9139-050ef849ad3d 902700447ca74ce3bab934409e9c6c05 b1427ce09a15417f837700fd16ca101c - - default default] http://[LB_IP_ADDRESS]:8776/v3/b1427ce09a15417f837700fd16ca101c/groups/b4f2a20d-6a1e-4069-bc9c-95e030b3c94e returned with HTTP 200
2026-01-16 16:38:18.842 74 INFO cinder.api.openstack.wsgi [None req-6c2b4811-0e69-4210-aaf8-db3e084f3e38 8c630879aff347139920673ca6131432 9f84b8a18b504ba68c577b4a37a98318 - - default default] GET http://[LB_IP_ADDRESS]:8776/v3/9f84b8a18b504ba68c577b4a37a98318/volumes/65d21da5-a119-4ee8-9760-63473c249459
2026-01-16 16:38:18.854 74 INFO cinder.api.openstack.wsgi [None req-6c2b4811-0e69-4210-aaf8-db3e084f3e38 8c630879aff347139920673ca6131432 9f84b8a18b504ba68c577b4a37a98318 - - default default] http://[LB_IP_ADDRESS]:8776/v3/9f84b8a18b504ba68c577b4a37a98318/volumes/65d21da5-a119-4ee8-9760-63473c249459 returned with HTTP 404
2026-01-16 16:38:18.861 72 INFO cinder.api.openstack.wsgi [None req-ceea0bf6-4e12-4b1e-9939-fbaac2a2e967 8c630879aff347139920673ca6131432 9f84b8a18b504ba68c577b4a37a98318 - - default default] DELETE http://[LB_IP_ADDRESS]:8776/v3/9f84b8a18b504ba68c577b4a37a98318/volumes/4e4fbd40-f14e-480b-a15d-dea5c2ac8d99
2026-01-16 16:38:18.862 72 INFO cinder.api.v3.volumes [None req-ceea0bf6-4e12-4b1e-9939-fbaac2a2e967 8c630879aff347139920673ca6131432 9f84b8a18b504ba68c577b4a37a98318 - - default default] Delete volume with id: 4e4fbd40-f14e-480b-a15d-dea5c2ac8d99 
2026-01-16 16:38:18.880 72 INFO cinder.volume.api [None req-ceea0bf6-4e12-4b1e-9939-fbaac2a2e967 8c630879aff347139920673ca6131432 9f84b8a18b504ba68c577b4a37a98318 - - default default] Volume info retrieved successfully.
2026-01-16 16:38:18.903 72 INFO cinder.volume.api [None req-ceea0bf6-4e12-4b1e-9939-fbaac2a2e967 8c630879aff347139920673ca6131432 9f84b8a18b504ba68c577b4a37a98318 - - default default] Delete volume request issued successfully.
2026-01-16 16:38:18.904 72 INFO cinder.api.openstack.wsgi [None req-ceea0bf6-4e12-4b1e-9939-fbaac2a2e967 8c630879aff347139920673ca6131432 9f84b8a18b504ba68c577b4a37a98318 - - default default] http://[LB_IP_ADDRESS]:8776/v3/9f84b8a18b504ba68c577b4a37a98318/volumes/4e4fbd40-f14e-480b-a15d-dea5c2ac8d99 returned with HTTP 202
2026-01-16 16:38:18.916 73 INFO cinder.api.openstack.wsgi [None req-e96f2030-88c2-4752-8ea7-be7a6c4a558e 8c630879aff347139920673ca6131432 9f84b8a18b504ba68c577b4a37a98318 - - default default] GET http://[LB_IP_ADDRESS]:8776/v3/9f84b8a18b504ba68c577b4a37a98318/volumes/4e4fbd40-f14e-480b-a15d-dea5c2ac8d99
2026-01-16 16:38:18.932 73 INFO cinder.volume.api [None req-e96f2030-88c2-4752-8ea7-be7a6c4a558e 8c630879aff347139920673ca6131432 9f84b8a18b504ba68c577b4a37a98318 - - default default] Volume info retrieved successfully.
2026-01-16 16:38:18.937 73 INFO cinder.api.openstack.wsgi [None req-e96f2030-88c2-4752-8ea7-be7a6c4a558e 8c630879aff347139920673ca6131432 9f84b8a18b504ba68c577b4a37a98318 - - default default] http://[LB_IP_ADDRESS]:8776/v3/9f84b8a18b504ba68c577b4a37a98318/volumes/4e4fbd40-f14e-480b-a15d-dea5c2ac8d99 returned with HTTP 200
2026-01-16 16:38:19.252 75 INFO cinder.api.openstack.wsgi [None req-d06af337-db53-4695-a69d-7719ea74128f 902700447ca74ce3bab934409e9c6c05 b1427ce09a15417f837700fd16ca101c - - default default] GET http://[LB_IP_ADDRESS]:8776/v3/b1427ce09a15417f837700fd16ca101c/groups/b4f2a20d-6a1e-4069-bc9c-95e030b3c94e
2026-01-16 16:38:19.275 75 INFO cinder.api.openstack.wsgi [None req-d06af337-db53-4695-a69d-7719ea74128f 902700447ca74ce3bab934409e9c6c05 b1427ce09a15417f837700fd16ca101c - - default default] http://[LB_IP_ADDRESS]:8776/v3/b1427ce09a15417f837700fd16ca101c/groups/b4f2a20d-6a1e-4069-bc9c-95e030b3c94e returned with HTTP 200
2026-01-16 16:38:19.291 76 INFO cinder.api.openstack.wsgi [None req-a5d45e32-d5c0-4314-8985-c984245f1b2f 902700447ca74ce3bab934409e9c6c05 b1427ce09a15417f837700fd16ca101c - - default default] POST http://[LB_IP_ADDRESS]:8776/v3/b1427ce09a15417f837700fd16ca101c/volumes
2026-01-16 16:38:19.303 76 INFO cinder.api.v3.volumes [None req-a5d45e32-d5c0-4314-8985-c984245f1b2f 902700447ca74ce3bab934409e9c6c05 b1427ce09a15417f837700fd16ca101c - - default default] Create volume of 1 GB
2026-01-16 16:38:19.308 76 INFO cinder.volume.api [None req-a5d45e32-d5c0-4314-8985-c984245f1b2f 902700447ca74ce3bab934409e9c6c05 b1427ce09a15417f837700fd16ca101c - - default default] Availability Zones retrieved successfully.
2026-01-16 16:38:19.611 76 WARNING cinder.quota [None req-a5d45e32-d5c0-4314-8985-c984245f1b2f 902700447ca74ce3bab934409e9c6c05 b1427ce09a15417f837700fd16ca101c - - default default] Deprecated: Default quota for resource: volumes_tempest-GroupSnapshotsTest-volume-type-1603806990 is set by the default quota flag: quota_volumes_tempest-GroupSnapshotsTest-volume-type-1603806990, it is now deprecated. Please use the default quota class for default quota.
2026-01-16 16:38:19.612 76 WARNING cinder.quota [None req-a5d45e32-d5c0-4314-8985-c984245f1b2f 902700447ca74ce3bab934409e9c6c05 b1427ce09a15417f837700fd16ca101c - - default default] Deprecated: Default quota for resource: gigabytes_tempest-GroupSnapshotsTest-volume-type-1603806990 is set by the default quota flag: quota_gigabytes_tempest-GroupSnapshotsTest-volume-type-1603806990, it is now deprecated. Please use the default quota class for default quota.
2026-01-16 16:38:19.691 76 INFO cinder.volume.api [None req-a5d45e32-d5c0-4314-8985-c984245f1b2f 902700447ca74ce3bab934409e9c6c05 b1427ce09a15417f837700fd16ca101c - - default default] Create volume request issued successfully.
2026-01-16 16:38:19.714 76 INFO cinder.api.openstack.wsgi [None req-a5d45e32-d5c0-4314-8985-c984245f1b2f 902700447ca74ce3bab934409e9c6c05 b1427ce09a15417f837700fd16ca101c - - default default] http://[LB_IP_ADDRESS]:8776/v3/b1427ce09a15417f837700fd16ca101c/volumes returned with HTTP 202
2026-01-16 16:38:19.735 74 INFO cinder.api.openstack.wsgi [None req-7076ff12-1a81-4eb7-90f6-1091a201db8e 902700447ca74ce3bab934409e9c6c05 b1427ce09a15417f837700fd16ca101c - - default default] GET http://[LB_IP_ADDRESS]:8776/v3/b1427ce09a15417f837700fd16ca101c/volumes/3bb4838e-83d3-4aa2-9d49-d1db0f29e9c0
2026-01-16 16:38:19.750 74 INFO cinder.volume.api [None req-7076ff12-1a81-4eb7-90f6-1091a201db8e 902700447ca74ce3bab934409e9c6c05 b1427ce09a15417f837700fd16ca101c - - default default] Volume info retrieved successfully.
2026-01-16 16:38:19.772 74 INFO cinder.api.openstack.wsgi [None req-7076ff12-1a81-4eb7-90f6-1091a201db8e 902700447ca74ce3bab934409e9c6c05 b1427ce09a15417f837700fd16ca101c - - default default] http://[LB_IP_ADDRESS]:8776/v3/b1427ce09a15417f837700fd16ca101c/volumes/3bb4838e-83d3-4aa2-9d49-d1db0f29e9c0 returned with HTTP 200
2026-01-16 16:38:19.851 72 INFO cinder.api.openstack.wsgi [None req-b137248c-d1fa-4617-bcd3-137c7c0e115b 3186c5a8b74d46dc89714b72d096b41d b188ffdffc84410e9a80f2380107a77d - - default default] GET http://[LB_IP_ADDRESS]:8776/v3/b188ffdffc84410e9a80f2380107a77d/scheduler-stats/get_pools
2026-01-16 16:38:19.958 73 INFO cinder.api.openstack.wsgi [None req-196c4d43-fe6a-413e-94f4-1f9d10023ea2 8c630879aff347139920673ca6131432 9f84b8a18b504ba68c577b4a37a98318 - - default default] GET http://[LB_IP_ADDRESS]:8776/v3/9f84b8a18b504ba68c577b4a37a98318/volumes/4e4fbd40-f14e-480b-a15d-dea5c2ac8d99
2026-01-16 16:38:19.969 73 INFO cinder.api.openstack.wsgi [None req-196c4d43-fe6a-413e-94f4-1f9d10023ea2 8c630879aff347139920673ca6131432 9f84b8a18b504ba68c577b4a37a98318 - - default default] http://[LB_IP_ADDRESS]:8776/v3/9f84b8a18b504ba68c577b4a37a98318/volumes/4e4fbd40-f14e-480b-a15d-dea5c2ac8d99 returned with HTTP 404
2026-01-16 16:38:20.356 72 INFO cinder.api.openstack.wsgi [None req-b137248c-d1fa-4617-bcd3-137c7c0e115b 3186c5a8b74d46dc89714b72d096b41d b188ffdffc84410e9a80f2380107a77d - - default default] http://[LB_IP_ADDRESS]:8776/v3/b188ffdffc84410e9a80f2380107a77d/scheduler-stats/get_pools returned with HTTP 200
2026-01-16 16:38:20.374 75 INFO cinder.api.openstack.wsgi [None req-f0b60ec3-f4d7-4fee-be79-1b18abacd8a3 3186c5a8b74d46dc89714b72d096b41d b188ffdffc84410e9a80f2380107a77d - - default default] GET http://[LB_IP_ADDRESS]:8776/v3/b188ffdffc84410e9a80f2380107a77d/scheduler-stats/get_pools?detail=True
2026-01-16 16:38:20.795 76 INFO cinder.api.openstack.wsgi [None req-e1a2f711-3b16-4d9b-979d-7b95a10ad09a 902700447ca74ce3bab934409e9c6c05 b1427ce09a15417f837700fd16ca101c - - default default] GET http://[LB_IP_ADDRESS]:8776/v3/b1427ce09a15417f837700fd16ca101c/volumes/3bb4838e-83d3-4aa2-9d49-d1db0f29e9c0
2026-01-16 16:38:20.813 76 INFO cinder.volume.api [None req-e1a2f711-3b16-4d9b-979d-7b95a10ad09a 902700447ca74ce3bab934409e9c6c05 b1427ce09a15417f837700fd16ca101c - - default default] Volume info retrieved successfully.
2026-01-16 16:38:20.835 76 INFO cinder.api.openstack.wsgi [None req-e1a2f711-3b16-4d9b-979d-7b95a10ad09a 902700447ca74ce3bab934409e9c6c05 b1427ce09a15417f837700fd16ca101c - - default default] http://[LB_IP_ADDRESS]:8776/v3/b1427ce09a15417f837700fd16ca101c/volumes/3bb4838e-83d3-4aa2-9d49-d1db0f29e9c0 returned with HTTP 200
2026-01-16 16:38:20.858 74 INFO cinder.api.openstack.wsgi [None req-36553ec6-e11f-43fb-a850-ea93c66f2b91 902700447ca74ce3bab934409e9c6c05 b1427ce09a15417f837700fd16ca101c - - default default] POST http://[LB_IP_ADDRESS]:8776/v3/b1427ce09a15417f837700fd16ca101c/group_snapshots
2026-01-16 16:38:20.877 74 INFO cinder.api.v3.group_snapshots [None req-36553ec6-e11f-43fb-a850-ea93c66f2b91 902700447ca74ce3bab934409e9c6c05 b1427ce09a15417f837700fd16ca101c - - default default] Creating group_snapshot tempest-group_snapshot-1112476595.
2026-01-16 16:38:20.883 75 INFO cinder.api.openstack.wsgi [None req-f0b60ec3-f4d7-4fee-be79-1b18abacd8a3 3186c5a8b74d46dc89714b72d096b41d b188ffdffc84410e9a80f2380107a77d - - default default] http://[LB_IP_ADDRESS]:8776/v3/b188ffdffc84410e9a80f2380107a77d/scheduler-stats/get_pools?detail=True returned with HTTP 200
2026-01-16 16:38:20.903 73 INFO cinder.api.openstack.wsgi [None req-a42ff30e-fe2b-41d1-8766-ce000f62709b 3186c5a8b74d46dc89714b72d096b41d b188ffdffc84410e9a80f2380107a77d - - default default] GET http://[LB_IP_ADDRESS]:8776/v3/b188ffdffc84410e9a80f2380107a77d/capabilities/rack05-server66@LIGHTOSphszul
2026-01-16 16:38:20.985 74 WARNING cinder.quota [None req-36553ec6-e11f-43fb-a850-ea93c66f2b91 902700447ca74ce3bab934409e9c6c05 b1427ce09a15417f837700fd16ca101c - - default default] Deprecated: Default quota for resource: gigabytes_tempest-GroupSnapshotsTest-volume-type-1603806990 is set by the default quota flag: quota_gigabytes_tempest-GroupSnapshotsTest-volume-type-1603806990, it is now deprecated. Please use the default quota class for default quota.
2026-01-16 16:38:20.986 74 WARNING cinder.quota [None req-36553ec6-e11f-43fb-a850-ea93c66f2b91 902700447ca74ce3bab934409e9c6c05 b1427ce09a15417f837700fd16ca101c - - default default] Deprecated: Default quota for resource: snapshots_tempest-GroupSnapshotsTest-volume-type-1603806990 is set by the default quota flag: quota_snapshots_tempest-GroupSnapshotsTest-volume-type-1603806990, it is now deprecated. Please use the default quota class for default quota.
2026-01-16 16:38:21.040 74 INFO cinder.api.openstack.wsgi [None req-36553ec6-e11f-43fb-a850-ea93c66f2b91 902700447ca74ce3bab934409e9c6c05 b1427ce09a15417f837700fd16ca101c - - default default] http://[LB_IP_ADDRESS]:8776/v3/b1427ce09a15417f837700fd16ca101c/group_snapshots returned with HTTP 202
2026-01-16 16:38:21.054 72 INFO cinder.api.openstack.wsgi [None req-44a518bc-af8f-4114-9812-f3b74701e187 902700447ca74ce3bab934409e9c6c05 b1427ce09a15417f837700fd16ca101c - - default default] GET http://[LB_IP_ADDRESS]:8776/v3/b1427ce09a15417f837700fd16ca101c/group_snapshots/b3bd61de-35a8-4ada-9e6d-3df1a8c72818
2026-01-16 16:38:21.069 72 INFO cinder.api.openstack.wsgi [None req-44a518bc-af8f-4114-9812-f3b74701e187 902700447ca74ce3bab934409e9c6c05 b1427ce09a15417f837700fd16ca101c - - default default] http://[LB_IP_ADDRESS]:8776/v3/b1427ce09a15417f837700fd16ca101c/group_snapshots/b3bd61de-35a8-4ada-9e6d-3df1a8c72818 returned with HTTP 200
2026-01-16 16:38:21.413 73 INFO cinder.api.openstack.wsgi [None req-a42ff30e-fe2b-41d1-8766-ce000f62709b 3186c5a8b74d46dc89714b72d096b41d b188ffdffc84410e9a80f2380107a77d - - default default] http://[LB_IP_ADDRESS]:8776/v3/b188ffdffc84410e9a80f2380107a77d/capabilities/rack05-server66@LIGHTOSphszul returned with HTTP 200
2026-01-16 16:38:21.434 76 INFO cinder.api.openstack.wsgi [None req-a090e3bf-d553-4af2-a217-3cc36f8d7abd 3186c5a8b74d46dc89714b72d096b41d b188ffdffc84410e9a80f2380107a77d - - default default] GET http://[LB_IP_ADDRESS]:8776/v3/b188ffdffc84410e9a80f2380107a77d/capabilities/rack05-server66@LIGHTOSphszul
2026-01-16 16:38:21.946 76 INFO cinder.api.openstack.wsgi [None req-a090e3bf-d553-4af2-a217-3cc36f8d7abd 3186c5a8b74d46dc89714b72d096b41d b188ffdffc84410e9a80f2380107a77d - - default default] http://[LB_IP_ADDRESS]:8776/v3/b188ffdffc84410e9a80f2380107a77d/capabilities/rack05-server66@LIGHTOSphszul returned with HTTP 200
2026-01-16 16:38:22.043 75 INFO cinder.api.openstack.wsgi [req-eab88ac0-2f4e-41c9-9f05-835390a7bc7e req-c571f90a-3a95-4bf8-bf71-0a934f807605 6c1bf598afea48bea96c94c99e5dae70 95bb5d68cfad421a8b91e3290546e66b - - default default] DELETE http://[LB_IP_ADDRESS]:8776/v3/volumes/tempest-invalid-727261778
2026-01-16 16:38:22.044 75 INFO cinder.api.v3.volumes [req-eab88ac0-2f4e-41c9-9f05-835390a7bc7e req-c571f90a-3a95-4bf8-bf71-0a934f807605 6c1bf598afea48bea96c94c99e5dae70 95bb5d68cfad421a8b91e3290546e66b - - default default] Delete volume with id: tempest-invalid-727261778 
2026-01-16 16:38:22.055 75 INFO cinder.api.openstack.wsgi [req-eab88ac0-2f4e-41c9-9f05-835390a7bc7e req-c571f90a-3a95-4bf8-bf71-0a934f807605 6c1bf598afea48bea96c94c99e5dae70 95bb5d68cfad421a8b91e3290546e66b - - default default] http://[LB_IP_ADDRESS]:8776/v3/volumes/tempest-invalid-727261778 returned with HTTP 404
2026-01-16 16:38:22.085 74 INFO cinder.api.openstack.wsgi [None req-dc548912-c67d-47a0-9b3c-0bcb4d3b3d61 902700447ca74ce3bab934409e9c6c05 b1427ce09a15417f837700fd16ca101c - - default default] GET http://[LB_IP_ADDRESS]:8776/v3/b1427ce09a15417f837700fd16ca101c/group_snapshots/b3bd61de-35a8-4ada-9e6d-3df1a8c72818
2026-01-16 16:38:22.099 72 INFO cinder.api.openstack.wsgi [req-1cd1600b-7bd0-4ea9-ad5a-e298c829cdc3 req-5c83919a-0c1e-408b-a5f6-963c558c20ad 6c1bf598afea48bea96c94c99e5dae70 95bb5d68cfad421a8b91e3290546e66b - - default default] DELETE http://[LB_IP_ADDRESS]:8776/v3/volumes/a475fa55-b110-436b-9680-576bbec7dd96
2026-01-16 16:38:22.099 72 INFO cinder.api.v3.volumes [req-1cd1600b-7bd0-4ea9-ad5a-e298c829cdc3 req-5c83919a-0c1e-408b-a5f6-963c558c20ad 6c1bf598afea48bea96c94c99e5dae70 95bb5d68cfad421a8b91e3290546e66b - - default default] Delete volume with id: a475fa55-b110-436b-9680-576bbec7dd96 
2026-01-16 16:38:22.101 74 INFO cinder.api.openstack.wsgi [None req-dc548912-c67d-47a0-9b3c-0bcb4d3b3d61 902700447ca74ce3bab934409e9c6c05 b1427ce09a15417f837700fd16ca101c - - default default] http://[LB_IP_ADDRESS]:8776/v3/b1427ce09a15417f837700fd16ca101c/group_snapshots/b3bd61de-35a8-4ada-9e6d-3df1a8c72818 returned with HTTP 200
2026-01-16 16:38:22.106 72 INFO cinder.api.openstack.wsgi [req-1cd1600b-7bd0-4ea9-ad5a-e298c829cdc3 req-5c83919a-0c1e-408b-a5f6-963c558c20ad 6c1bf598afea48bea96c94c99e5dae70 95bb5d68cfad421a8b91e3290546e66b - - default default] http://[LB_IP_ADDRESS]:8776/v3/volumes/a475fa55-b110-436b-9680-576bbec7dd96 returned with HTTP 404
2026-01-16 16:38:22.129 73 INFO cinder.api.openstack.wsgi [req-0e720ae6-f03e-4e54-b8b1-df0616f81168 req-1aa698a7-14f0-4c04-b37d-e4a58aecdaf8 6c1bf598afea48bea96c94c99e5dae70 95bb5d68cfad421a8b91e3290546e66b - - default default] GET http://[LB_IP_ADDRESS]:8776/v3/volumes/7cbeca00-aa7f-4a55-bda1-3b4fed51b527
2026-01-16 16:38:22.137 73 INFO cinder.api.openstack.wsgi [req-0e720ae6-f03e-4e54-b8b1-df0616f81168 req-1aa698a7-14f0-4c04-b37d-e4a58aecdaf8 6c1bf598afea48bea96c94c99e5dae70 95bb5d68cfad421a8b91e3290546e66b - - default default] http://[LB_IP_ADDRESS]:8776/v3/volumes/7cbeca00-aa7f-4a55-bda1-3b4fed51b527 returned with HTTP 404
2026-01-16 16:38:23.114 76 INFO cinder.api.openstack.wsgi [None req-b32872e7-a571-41fc-9d1f-17c1614bd005 902700447ca74ce3bab934409e9c6c05 b1427ce09a15417f837700fd16ca101c - - default default] GET http://[LB_IP_ADDRESS]:8776/v3/b1427ce09a15417f837700fd16ca101c/group_snapshots/b3bd61de-35a8-4ada-9e6d-3df1a8c72818
2026-01-16 16:38:23.129 76 INFO cinder.api.openstack.wsgi [None req-b32872e7-a571-41fc-9d1f-17c1614bd005 902700447ca74ce3bab934409e9c6c05 b1427ce09a15417f837700fd16ca101c - - default default] http://[LB_IP_ADDRESS]:8776/v3/b1427ce09a15417f837700fd16ca101c/group_snapshots/b3bd61de-35a8-4ada-9e6d-3df1a8c72818 returned with HTTP 200
2026-01-16 16:38:23.140 75 INFO cinder.api.openstack.wsgi [None req-d41f5b4b-301b-4fda-bee5-f6e89a0838a5 902700447ca74ce3bab934409e9c6c05 b1427ce09a15417f837700fd16ca101c - - default default] GET http://[LB_IP_ADDRESS]:8776/v3/b1427ce09a15417f837700fd16ca101c/snapshots/detail
2026-01-16 16:38:23.146 75 INFO cinder.volume.api [None req-d41f5b4b-301b-4fda-bee5-f6e89a0838a5 902700447ca74ce3bab934409e9c6c05 b1427ce09a15417f837700fd16ca101c - - default default] Get all snapshots completed successfully.
2026-01-16 16:38:23.148 75 INFO cinder.api.openstack.wsgi [None req-d41f5b4b-301b-4fda-bee5-f6e89a0838a5 902700447ca74ce3bab934409e9c6c05 b1427ce09a15417f837700fd16ca101c - - default default] http://[LB_IP_ADDRESS]:8776/v3/b1427ce09a15417f837700fd16ca101c/snapshots/detail returned with HTTP 200
2026-01-16 16:38:23.161 74 INFO cinder.api.openstack.wsgi [None req-466ac598-e405-4f99-81b4-5fcf5a070125 902700447ca74ce3bab934409e9c6c05 b1427ce09a15417f837700fd16ca101c - - default default] GET http://[LB_IP_ADDRESS]:8776/v3/b1427ce09a15417f837700fd16ca101c/snapshots/901643c4-abf8-489c-b8dd-548b6d286bce
2026-01-16 16:38:23.172 74 INFO cinder.volume.api [None req-466ac598-e405-4f99-81b4-5fcf5a070125 902700447ca74ce3bab934409e9c6c05 b1427ce09a15417f837700fd16ca101c - - default default] Snapshot retrieved successfully.
2026-01-16 16:38:23.173 74 INFO cinder.api.openstack.wsgi [None req-466ac598-e405-4f99-81b4-5fcf5a070125 902700447ca74ce3bab934409e9c6c05 b1427ce09a15417f837700fd16ca101c - - default default] http://[LB_IP_ADDRESS]:8776/v3/b1427ce09a15417f837700fd16ca101c/snapshots/901643c4-abf8-489c-b8dd-548b6d286bce returned with HTTP 200
2026-01-16 16:38:23.185 72 INFO cinder.api.openstack.wsgi [None req-90046d03-51ed-4d78-ac45-87fbd139434a 902700447ca74ce3bab934409e9c6c05 b1427ce09a15417f837700fd16ca101c - - default default] POST http://[LB_IP_ADDRESS]:8776/v3/b1427ce09a15417f837700fd16ca101c/groups/action
2026-01-16 16:38:23.187 72 INFO cinder.api.v3.groups [None req-90046d03-51ed-4d78-ac45-87fbd139434a 902700447ca74ce3bab934409e9c6c05 b1427ce09a15417f837700fd16ca101c - - default default] Creating group tempest-Group_from_snap-631567765 from group_snapshot b3bd61de-35a8-4ada-9e6d-3df1a8c72818.
2026-01-16 16:38:23.829 72 INFO cinder.group.api [None req-90046d03-51ed-4d78-ac45-87fbd139434a 902700447ca74ce3bab934409e9c6c05 b1427ce09a15417f837700fd16ca101c - - default default] A mapping entry already exists for group 965787ff-03e2-49e1-814d-4ba48f8ce1c4 and volume type 1a70ebf0-862e-43b2-ab54-90026048f10d. Do not need to create again.
2026-01-16 16:38:23.831 72 INFO cinder.volume.api [None req-90046d03-51ed-4d78-ac45-87fbd139434a 902700447ca74ce3bab934409e9c6c05 b1427ce09a15417f837700fd16ca101c - - default default] Availability Zones retrieved successfully.
2026-01-16 16:38:24.262 72 WARNING cinder.quota [None req-90046d03-51ed-4d78-ac45-87fbd139434a 902700447ca74ce3bab934409e9c6c05 b1427ce09a15417f837700fd16ca101c - - default default] Deprecated: Default quota for resource: volumes_tempest-GroupSnapshotsTest-volume-type-1603806990 is set by the default quota flag: quota_volumes_tempest-GroupSnapshotsTest-volume-type-1603806990, it is now deprecated. Please use the default quota class for default quota.
2026-01-16 16:38:24.312 72 INFO cinder.volume.api [None req-90046d03-51ed-4d78-ac45-87fbd139434a 902700447ca74ce3bab934409e9c6c05 b1427ce09a15417f837700fd16ca101c - - default default] Create volume request issued successfully.
2026-01-16 16:38:24.325 72 INFO cinder.api.openstack.wsgi [None req-90046d03-51ed-4d78-ac45-87fbd139434a 902700447ca74ce3bab934409e9c6c05 b1427ce09a15417f837700fd16ca101c - - default default] http://[LB_IP_ADDRESS]:8776/v3/b1427ce09a15417f837700fd16ca101c/groups/action returned with HTTP 202
2026-01-16 16:38:24.338 73 INFO cinder.api.openstack.wsgi [None req-da8ea68f-0ac8-4b5b-8002-f311081e2ba8 902700447ca74ce3bab934409e9c6c05 b1427ce09a15417f837700fd16ca101c - - default default] GET http://[LB_IP_ADDRESS]:8776/v3/b1427ce09a15417f837700fd16ca101c/volumes/detail
2026-01-16 16:38:24.352 73 INFO cinder.volume.api [None req-da8ea68f-0ac8-4b5b-8002-f311081e2ba8 902700447ca74ce3bab934409e9c6c05 b1427ce09a15417f837700fd16ca101c - - default default] Get all volumes completed successfully.
2026-01-16 16:38:24.397 73 INFO cinder.api.openstack.wsgi [None req-da8ea68f-0ac8-4b5b-8002-f311081e2ba8 902700447ca74ce3bab934409e9c6c05 b1427ce09a15417f837700fd16ca101c - - default default] http://[LB_IP_ADDRESS]:8776/v3/b1427ce09a15417f837700fd16ca101c/volumes/detail returned with HTTP 200
2026-01-16 16:38:24.418 76 INFO cinder.api.openstack.wsgi [None req-4cf3ec34-a416-49eb-ac48-6b88218d3f58 902700447ca74ce3bab934409e9c6c05 b1427ce09a15417f837700fd16ca101c - - default default] GET http://[LB_IP_ADDRESS]:8776/v3/b1427ce09a15417f837700fd16ca101c/volumes/683dc858-0a23-4988-9adf-e497d6a3e38c
2026-01-16 16:38:24.434 76 INFO cinder.volume.api [None req-4cf3ec34-a416-49eb-ac48-6b88218d3f58 902700447ca74ce3bab934409e9c6c05 b1427ce09a15417f837700fd16ca101c - - default default] Volume info retrieved successfully.
2026-01-16 16:38:24.454 76 INFO cinder.api.openstack.wsgi [None req-4cf3ec34-a416-49eb-ac48-6b88218d3f58 902700447ca74ce3bab934409e9c6c05 b1427ce09a15417f837700fd16ca101c - - default default] http://[LB_IP_ADDRESS]:8776/v3/b1427ce09a15417f837700fd16ca101c/volumes/683dc858-0a23-4988-9adf-e497d6a3e38c returned with HTTP 200
2026-01-16 16:38:25.474 75 INFO cinder.api.openstack.wsgi [None req-6ef9ec08-5d46-4a8c-bd78-02d548723ca6 902700447ca74ce3bab934409e9c6c05 b1427ce09a15417f837700fd16ca101c - - default default] GET http://[LB_IP_ADDRESS]:8776/v3/b1427ce09a15417f837700fd16ca101c/volumes/683dc858-0a23-4988-9adf-e497d6a3e38c
2026-01-16 16:38:25.495 75 INFO cinder.volume.api [None req-6ef9ec08-5d46-4a8c-bd78-02d548723ca6 902700447ca74ce3bab934409e9c6c05 b1427ce09a15417f837700fd16ca101c - - default default] Volume info retrieved successfully.
2026-01-16 16:38:25.519 75 INFO cinder.api.openstack.wsgi [None req-6ef9ec08-5d46-4a8c-bd78-02d548723ca6 902700447ca74ce3bab934409e9c6c05 b1427ce09a15417f837700fd16ca101c - - default default] http://[LB_IP_ADDRESS]:8776/v3/b1427ce09a15417f837700fd16ca101c/volumes/683dc858-0a23-4988-9adf-e497d6a3e38c returned with HTTP 200
2026-01-16 16:38:25.543 72 INFO cinder.api.openstack.wsgi [None req-ae6cbc2f-2a0c-4e2e-8ebb-3d551e39e743 902700447ca74ce3bab934409e9c6c05 b1427ce09a15417f837700fd16ca101c - - default default] GET http://[LB_IP_ADDRESS]:8776/v3/b1427ce09a15417f837700fd16ca101c/groups/965787ff-03e2-49e1-814d-4ba48f8ce1c4
2026-01-16 16:38:25.559 72 INFO cinder.api.openstack.wsgi [None req-ae6cbc2f-2a0c-4e2e-8ebb-3d551e39e743 902700447ca74ce3bab934409e9c6c05 b1427ce09a15417f837700fd16ca101c - - default default] http://[LB_IP_ADDRESS]:8776/v3/b1427ce09a15417f837700fd16ca101c/groups/965787ff-03e2-49e1-814d-4ba48f8ce1c4 returned with HTTP 200
2026-01-16 16:38:25.574 73 INFO cinder.api.openstack.wsgi [None req-f06f60f6-b092-486c-882c-52590ac52b8e 902700447ca74ce3bab934409e9c6c05 b1427ce09a15417f837700fd16ca101c - - default default] GET http://[LB_IP_ADDRESS]:8776/v3/b1427ce09a15417f837700fd16ca101c/volumes/detail
2026-01-16 16:38:25.590 73 INFO cinder.volume.api [None req-f06f60f6-b092-486c-882c-52590ac52b8e 902700447ca74ce3bab934409e9c6c05 b1427ce09a15417f837700fd16ca101c - - default default] Get all volumes completed successfully.
2026-01-16 16:38:25.595 74 INFO cinder.api.openstack.wsgi [None req-3991b35e-1db2-4f9f-a548-cffd32ffef16 ab47fb8d70d1494d95647b806f3fd17e 2f84620aab2b496a8fda2b7e3b732448 - - default default] POST http://[LB_IP_ADDRESS]:8776/v3/2f84620aab2b496a8fda2b7e3b732448/types
2026-01-16 16:38:25.626 73 INFO cinder.api.openstack.wsgi [None req-f06f60f6-b092-486c-882c-52590ac52b8e 902700447ca74ce3bab934409e9c6c05 b1427ce09a15417f837700fd16ca101c - - default default] http://[LB_IP_ADDRESS]:8776/v3/b1427ce09a15417f837700fd16ca101c/volumes/detail returned with HTTP 200
2026-01-16 16:38:25.641 74 INFO cinder.api.openstack.wsgi [None req-3991b35e-1db2-4f9f-a548-cffd32ffef16 ab47fb8d70d1494d95647b806f3fd17e 2f84620aab2b496a8fda2b7e3b732448 - - default default] http://[LB_IP_ADDRESS]:8776/v3/2f84620aab2b496a8fda2b7e3b732448/types returned with HTTP 200
2026-01-16 16:38:25.647 75 INFO cinder.api.openstack.wsgi [None req-0d73c0b6-5ad1-46c1-9262-de5369715a49 902700447ca74ce3bab934409e9c6c05 b1427ce09a15417f837700fd16ca101c - - default default] POST http://[LB_IP_ADDRESS]:8776/v3/b1427ce09a15417f837700fd16ca101c/groups/965787ff-03e2-49e1-814d-4ba48f8ce1c4/action
2026-01-16 16:38:25.651 75 INFO cinder.api.v3.groups [None req-0d73c0b6-5ad1-46c1-9262-de5369715a49 902700447ca74ce3bab934409e9c6c05 b1427ce09a15417f837700fd16ca101c - - default default] Delete group with id: 965787ff-03e2-49e1-814d-4ba48f8ce1c4
2026-01-16 16:38:25.651 72 INFO cinder.api.openstack.wsgi [None req-5d9583bf-36a9-4751-8806-89c111d4deae ab47fb8d70d1494d95647b806f3fd17e 2f84620aab2b496a8fda2b7e3b732448 - - default default] POST http://[LB_IP_ADDRESS]:8776/v3/2f84620aab2b496a8fda2b7e3b732448/group_types
2026-01-16 16:38:25.672 76 INFO cinder.api.openstack.wsgi [None req-f976f765-221b-4db9-b129-7f89f4cec7ea 86f1b1dc86bd424ba3a6a0cb95dc1d0e a8c84ee429c64a5fae91431fc24600a1 - - default default] POST http://[LB_IP_ADDRESS]:8776/v3/a8c84ee429c64a5fae91431fc24600a1/group_types
2026-01-16 16:38:25.680 72 INFO cinder.api.openstack.wsgi [None req-5d9583bf-36a9-4751-8806-89c111d4deae ab47fb8d70d1494d95647b806f3fd17e 2f84620aab2b496a8fda2b7e3b732448 - - default default] http://[LB_IP_ADDRESS]:8776/v3/2f84620aab2b496a8fda2b7e3b732448/group_types returned with HTTP 202
2026-01-16 16:38:25.692 75 INFO cinder.api.openstack.wsgi [None req-0d73c0b6-5ad1-46c1-9262-de5369715a49 902700447ca74ce3bab934409e9c6c05 b1427ce09a15417f837700fd16ca101c - - default default] http://[LB_IP_ADDRESS]:8776/v3/b1427ce09a15417f837700fd16ca101c/groups/965787ff-03e2-49e1-814d-4ba48f8ce1c4/action returned with HTTP 202
2026-01-16 16:38:25.693 76 INFO cinder.api.openstack.wsgi [None req-f976f765-221b-4db9-b129-7f89f4cec7ea 86f1b1dc86bd424ba3a6a0cb95dc1d0e a8c84ee429c64a5fae91431fc24600a1 - - default default] http://[LB_IP_ADDRESS]:8776/v3/a8c84ee429c64a5fae91431fc24600a1/group_types returned with HTTP 202
2026-01-16 16:38:25.703 72 INFO cinder.api.openstack.wsgi [None req-05c114f2-f551-4c35-8b9e-48319bebb920 86f1b1dc86bd424ba3a6a0cb95dc1d0e a8c84ee429c64a5fae91431fc24600a1 - - default default] GET http://[LB_IP_ADDRESS]:8776/v3/a8c84ee429c64a5fae91431fc24600a1/group_types
2026-01-16 16:38:25.703 74 INFO cinder.api.openstack.wsgi [None req-1bf5a09a-5822-4ce2-bfdf-3219d40d20c7 902700447ca74ce3bab934409e9c6c05 b1427ce09a15417f837700fd16ca101c - - default default] GET http://[LB_IP_ADDRESS]:8776/v3/b1427ce09a15417f837700fd16ca101c/volumes/683dc858-0a23-4988-9adf-e497d6a3e38c
2026-01-16 16:38:25.720 74 INFO cinder.volume.api [None req-1bf5a09a-5822-4ce2-bfdf-3219d40d20c7 902700447ca74ce3bab934409e9c6c05 b1427ce09a15417f837700fd16ca101c - - default default] Volume info retrieved successfully.
2026-01-16 16:38:25.724 72 INFO cinder.api.openstack.wsgi [None req-05c114f2-f551-4c35-8b9e-48319bebb920 86f1b1dc86bd424ba3a6a0cb95dc1d0e a8c84ee429c64a5fae91431fc24600a1 - - default default] http://[LB_IP_ADDRESS]:8776/v3/a8c84ee429c64a5fae91431fc24600a1/group_types returned with HTTP 200
2026-01-16 16:38:25.735 75 INFO cinder.api.openstack.wsgi [None req-c725c95f-10ee-4f88-a0a1-97e5c1714b0c 86f1b1dc86bd424ba3a6a0cb95dc1d0e a8c84ee429c64a5fae91431fc24600a1 - - default default] PUT http://[LB_IP_ADDRESS]:8776/v3/a8c84ee429c64a5fae91431fc24600a1/group_types/19a8e3cd-77ea-47a7-9d73-0b73166f0177
2026-01-16 16:38:25.744 74 INFO cinder.api.openstack.wsgi [None req-1bf5a09a-5822-4ce2-bfdf-3219d40d20c7 902700447ca74ce3bab934409e9c6c05 b1427ce09a15417f837700fd16ca101c - - default default] http://[LB_IP_ADDRESS]:8776/v3/b1427ce09a15417f837700fd16ca101c/volumes/683dc858-0a23-4988-9adf-e497d6a3e38c returned with HTTP 200
2026-01-16 16:38:25.753 75 INFO cinder.api.openstack.wsgi [None req-c725c95f-10ee-4f88-a0a1-97e5c1714b0c 86f1b1dc86bd424ba3a6a0cb95dc1d0e a8c84ee429c64a5fae91431fc24600a1 - - default default] http://[LB_IP_ADDRESS]:8776/v3/a8c84ee429c64a5fae91431fc24600a1/group_types/19a8e3cd-77ea-47a7-9d73-0b73166f0177 returned with HTTP 200
2026-01-16 16:38:25.764 73 INFO cinder.api.openstack.wsgi [None req-c0a1fe1d-2171-4016-b473-4c9530ea83c1 7ec40871ed6c40ce9ffbc96f274d0dbb ad6f9fcc30f449f585b6a5b8666447e1 - - default default] POST http://[LB_IP_ADDRESS]:8776/v3/ad6f9fcc30f449f585b6a5b8666447e1/groups
2026-01-16 16:38:25.768 76 INFO cinder.api.openstack.wsgi [None req-7a0699fc-641e-4f2d-b6fe-c7600dbe8da4 86f1b1dc86bd424ba3a6a0cb95dc1d0e a8c84ee429c64a5fae91431fc24600a1 - - default default] GET http://[LB_IP_ADDRESS]:8776/v3/a8c84ee429c64a5fae91431fc24600a1/group_types/19a8e3cd-77ea-47a7-9d73-0b73166f0177
2026-01-16 16:38:25.775 76 INFO cinder.api.openstack.wsgi [None req-7a0699fc-641e-4f2d-b6fe-c7600dbe8da4 86f1b1dc86bd424ba3a6a0cb95dc1d0e a8c84ee429c64a5fae91431fc24600a1 - - default default] http://[LB_IP_ADDRESS]:8776/v3/a8c84ee429c64a5fae91431fc24600a1/group_types/19a8e3cd-77ea-47a7-9d73-0b73166f0177 returned with HTTP 200
2026-01-16 16:38:25.776 73 INFO cinder.api.v3.groups [None req-c0a1fe1d-2171-4016-b473-4c9530ea83c1 7ec40871ed6c40ce9ffbc96f274d0dbb ad6f9fcc30f449f585b6a5b8666447e1 - - default default] Creating group tempest-GroupSnapshotsV319Test-Group-1203281629.
2026-01-16 16:38:25.782 73 INFO cinder.volume.api [None req-c0a1fe1d-2171-4016-b473-4c9530ea83c1 7ec40871ed6c40ce9ffbc96f274d0dbb ad6f9fcc30f449f585b6a5b8666447e1 - - default default] Availability Zones retrieved successfully.
2026-01-16 16:38:25.785 72 INFO cinder.api.openstack.wsgi [None req-4037c99a-bc0b-4d50-b9e3-8c96fc4fca8b 86f1b1dc86bd424ba3a6a0cb95dc1d0e a8c84ee429c64a5fae91431fc24600a1 - - default default] DELETE http://[LB_IP_ADDRESS]:8776/v3/a8c84ee429c64a5fae91431fc24600a1/group_types/19a8e3cd-77ea-47a7-9d73-0b73166f0177
2026-01-16 16:38:25.805 72 INFO cinder.api.openstack.wsgi [None req-4037c99a-bc0b-4d50-b9e3-8c96fc4fca8b 86f1b1dc86bd424ba3a6a0cb95dc1d0e a8c84ee429c64a5fae91431fc24600a1 - - default default] http://[LB_IP_ADDRESS]:8776/v3/a8c84ee429c64a5fae91431fc24600a1/group_types/19a8e3cd-77ea-47a7-9d73-0b73166f0177 returned with HTTP 202
2026-01-16 16:38:25.817 74 INFO cinder.api.openstack.wsgi [None req-8a1b91c2-dcaf-495e-aa26-bad8272d4a4f 86f1b1dc86bd424ba3a6a0cb95dc1d0e a8c84ee429c64a5fae91431fc24600a1 - - default default] GET http://[LB_IP_ADDRESS]:8776/v3/a8c84ee429c64a5fae91431fc24600a1/group_types
2026-01-16 16:38:25.834 74 INFO cinder.api.openstack.wsgi [None req-8a1b91c2-dcaf-495e-aa26-bad8272d4a4f 86f1b1dc86bd424ba3a6a0cb95dc1d0e a8c84ee429c64a5fae91431fc24600a1 - - default default] http://[LB_IP_ADDRESS]:8776/v3/a8c84ee429c64a5fae91431fc24600a1/group_types returned with HTTP 200
2026-01-16 16:38:25.850 75 INFO cinder.api.openstack.wsgi [None req-bf1aab39-5171-4cf8-a49e-0b7dcb461c29 86f1b1dc86bd424ba3a6a0cb95dc1d0e a8c84ee429c64a5fae91431fc24600a1 - - default default] POST http://[LB_IP_ADDRESS]:8776/v3/a8c84ee429c64a5fae91431fc24600a1/group_types
2026-01-16 16:38:25.872 75 INFO cinder.api.openstack.wsgi [None req-bf1aab39-5171-4cf8-a49e-0b7dcb461c29 86f1b1dc86bd424ba3a6a0cb95dc1d0e a8c84ee429c64a5fae91431fc24600a1 - - default default] http://[LB_IP_ADDRESS]:8776/v3/a8c84ee429c64a5fae91431fc24600a1/group_types returned with HTTP 202
2026-01-16 16:38:25.882 76 INFO cinder.api.openstack.wsgi [None req-d3fa2a2b-8886-4465-a966-dbefe744d169 86f1b1dc86bd424ba3a6a0cb95dc1d0e a8c84ee429c64a5fae91431fc24600a1 - - default default] POST http://[LB_IP_ADDRESS]:8776/v3/a8c84ee429c64a5fae91431fc24600a1/group_types
2026-01-16 16:38:25.896 73 INFO cinder.api.openstack.wsgi [None req-c0a1fe1d-2171-4016-b473-4c9530ea83c1 7ec40871ed6c40ce9ffbc96f274d0dbb ad6f9fcc30f449f585b6a5b8666447e1 - - default default] http://[LB_IP_ADDRESS]:8776/v3/ad6f9fcc30f449f585b6a5b8666447e1/groups returned with HTTP 202
2026-01-16 16:38:25.904 76 INFO cinder.api.openstack.wsgi [None req-d3fa2a2b-8886-4465-a966-dbefe744d169 86f1b1dc86bd424ba3a6a0cb95dc1d0e a8c84ee429c64a5fae91431fc24600a1 - - default default] http://[LB_IP_ADDRESS]:8776/v3/a8c84ee429c64a5fae91431fc24600a1/group_types returned with HTTP 202
2026-01-16 16:38:25.911 72 INFO cinder.api.openstack.wsgi [None req-b55db213-444c-41e6-a96d-2eff22546a76 7ec40871ed6c40ce9ffbc96f274d0dbb ad6f9fcc30f449f585b6a5b8666447e1 - - default default] GET http://[LB_IP_ADDRESS]:8776/v3/ad6f9fcc30f449f585b6a5b8666447e1/groups/6b2bb494-f2e3-407b-a682-2cdd342b5982
2026-01-16 16:38:25.919 74 INFO cinder.api.openstack.wsgi [None req-422ee5e8-d595-4778-9b12-3a520b8577cc 86f1b1dc86bd424ba3a6a0cb95dc1d0e a8c84ee429c64a5fae91431fc24600a1 - - default default] GET http://[LB_IP_ADDRESS]:8776/v3/a8c84ee429c64a5fae91431fc24600a1/group_types?sort=name%3Aasc&is_public=None
2026-01-16 16:38:25.927 72 INFO cinder.api.openstack.wsgi [None req-b55db213-444c-41e6-a96d-2eff22546a76 7ec40871ed6c40ce9ffbc96f274d0dbb ad6f9fcc30f449f585b6a5b8666447e1 - - default default] http://[LB_IP_ADDRESS]:8776/v3/ad6f9fcc30f449f585b6a5b8666447e1/groups/6b2bb494-f2e3-407b-a682-2cdd342b5982 returned with HTTP 200
2026-01-16 16:38:25.943 74 INFO cinder.api.openstack.wsgi [None req-422ee5e8-d595-4778-9b12-3a520b8577cc 86f1b1dc86bd424ba3a6a0cb95dc1d0e a8c84ee429c64a5fae91431fc24600a1 - - default default] http://[LB_IP_ADDRESS]:8776/v3/a8c84ee429c64a5fae91431fc24600a1/group_types?sort=name%3Aasc&is_public=None returned with HTTP 200
2026-01-16 16:38:25.957 75 INFO cinder.api.openstack.wsgi [None req-baa5f1b4-6c21-4f48-97cd-ba95a738eb87 86f1b1dc86bd424ba3a6a0cb95dc1d0e a8c84ee429c64a5fae91431fc24600a1 - - default default] GET http://[LB_IP_ADDRESS]:8776/v3/a8c84ee429c64a5fae91431fc24600a1/group_types?sort=name%3Adesc&is_public=None
2026-01-16 16:38:25.981 75 INFO cinder.api.openstack.wsgi [None req-baa5f1b4-6c21-4f48-97cd-ba95a738eb87 86f1b1dc86bd424ba3a6a0cb95dc1d0e a8c84ee429c64a5fae91431fc24600a1 - - default default] http://[LB_IP_ADDRESS]:8776/v3/a8c84ee429c64a5fae91431fc24600a1/group_types?sort=name%3Adesc&is_public=None returned with HTTP 200
2026-01-16 16:38:25.996 73 INFO cinder.api.openstack.wsgi [None req-83f29618-b505-4e3f-a0c1-390eccf8fe2e 86f1b1dc86bd424ba3a6a0cb95dc1d0e a8c84ee429c64a5fae91431fc24600a1 - - default default] GET http://[LB_IP_ADDRESS]:8776/v3/a8c84ee429c64a5fae91431fc24600a1/group_types?is_public=False
2026-01-16 16:38:26.015 73 INFO cinder.api.openstack.wsgi [None req-83f29618-b505-4e3f-a0c1-390eccf8fe2e 86f1b1dc86bd424ba3a6a0cb95dc1d0e a8c84ee429c64a5fae91431fc24600a1 - - default default] http://[LB_IP_ADDRESS]:8776/v3/a8c84ee429c64a5fae91431fc24600a1/group_types?is_public=False returned with HTTP 200
2026-01-16 16:38:26.027 76 INFO cinder.api.openstack.wsgi [None req-bbf9223b-22cd-4b72-81cb-d7109b2fb46b 86f1b1dc86bd424ba3a6a0cb95dc1d0e a8c84ee429c64a5fae91431fc24600a1 - - default default] GET http://[LB_IP_ADDRESS]:8776/v3/a8c84ee429c64a5fae91431fc24600a1/group_types?is_public=True
2026-01-16 16:38:26.058 76 INFO cinder.api.openstack.wsgi [None req-bbf9223b-22cd-4b72-81cb-d7109b2fb46b 86f1b1dc86bd424ba3a6a0cb95dc1d0e a8c84ee429c64a5fae91431fc24600a1 - - default default] http://[LB_IP_ADDRESS]:8776/v3/a8c84ee429c64a5fae91431fc24600a1/group_types?is_public=True returned with HTTP 200
2026-01-16 16:38:26.074 72 INFO cinder.api.openstack.wsgi [None req-9d3311d8-69b8-4a06-83ab-e874919a62b7 86f1b1dc86bd424ba3a6a0cb95dc1d0e a8c84ee429c64a5fae91431fc24600a1 - - default default] DELETE http://[LB_IP_ADDRESS]:8776/v3/a8c84ee429c64a5fae91431fc24600a1/group_types/350cf57e-1321-4e53-b218-6b5512ede8b2
2026-01-16 16:38:26.089 72 INFO cinder.api.openstack.wsgi [None req-9d3311d8-69b8-4a06-83ab-e874919a62b7 86f1b1dc86bd424ba3a6a0cb95dc1d0e a8c84ee429c64a5fae91431fc24600a1 - - default default] http://[LB_IP_ADDRESS]:8776/v3/a8c84ee429c64a5fae91431fc24600a1/group_types/350cf57e-1321-4e53-b218-6b5512ede8b2 returned with HTTP 202
2026-01-16 16:38:26.101 74 INFO cinder.api.openstack.wsgi [None req-99d95b34-3e50-4009-bdd5-0db873a8438b 86f1b1dc86bd424ba3a6a0cb95dc1d0e a8c84ee429c64a5fae91431fc24600a1 - - default default] DELETE http://[LB_IP_ADDRESS]:8776/v3/a8c84ee429c64a5fae91431fc24600a1/group_types/221542dd-85d8-4815-906f-1180db96a584
2026-01-16 16:38:26.116 74 INFO cinder.api.openstack.wsgi [None req-99d95b34-3e50-4009-bdd5-0db873a8438b 86f1b1dc86bd424ba3a6a0cb95dc1d0e a8c84ee429c64a5fae91431fc24600a1 - - default default] http://[LB_IP_ADDRESS]:8776/v3/a8c84ee429c64a5fae91431fc24600a1/group_types/221542dd-85d8-4815-906f-1180db96a584 returned with HTTP 202
2026-01-16 16:38:26.766 75 INFO cinder.api.openstack.wsgi [None req-575b1a09-7124-40f0-982e-c2a50e8426d8 902700447ca74ce3bab934409e9c6c05 b1427ce09a15417f837700fd16ca101c - - default default] GET http://[LB_IP_ADDRESS]:8776/v3/b1427ce09a15417f837700fd16ca101c/volumes/683dc858-0a23-4988-9adf-e497d6a3e38c
2026-01-16 16:38:26.777 75 INFO cinder.api.openstack.wsgi [None req-575b1a09-7124-40f0-982e-c2a50e8426d8 902700447ca74ce3bab934409e9c6c05 b1427ce09a15417f837700fd16ca101c - - default default] http://[LB_IP_ADDRESS]:8776/v3/b1427ce09a15417f837700fd16ca101c/volumes/683dc858-0a23-4988-9adf-e497d6a3e38c returned with HTTP 404
2026-01-16 16:38:26.789 73 INFO cinder.api.openstack.wsgi [None req-bdf43546-c473-41de-b66b-03b63a930d82 902700447ca74ce3bab934409e9c6c05 b1427ce09a15417f837700fd16ca101c - - default default] GET http://[LB_IP_ADDRESS]:8776/v3/b1427ce09a15417f837700fd16ca101c/groups/965787ff-03e2-49e1-814d-4ba48f8ce1c4
2026-01-16 16:38:26.794 73 INFO cinder.api.openstack.wsgi [None req-bdf43546-c473-41de-b66b-03b63a930d82 902700447ca74ce3bab934409e9c6c05 b1427ce09a15417f837700fd16ca101c - - default default] http://[LB_IP_ADDRESS]:8776/v3/b1427ce09a15417f837700fd16ca101c/groups/965787ff-03e2-49e1-814d-4ba48f8ce1c4 returned with HTTP 404
2026-01-16 16:38:26.803 76 INFO cinder.api.openstack.wsgi [None req-9ed6eb10-fe2e-4956-b8b5-beb4043f7462 902700447ca74ce3bab934409e9c6c05 b1427ce09a15417f837700fd16ca101c - - default default] DELETE http://[LB_IP_ADDRESS]:8776/v3/b1427ce09a15417f837700fd16ca101c/group_snapshots/b3bd61de-35a8-4ada-9e6d-3df1a8c72818
2026-01-16 16:38:26.803 76 INFO cinder.api.v3.group_snapshots [None req-9ed6eb10-fe2e-4956-b8b5-beb4043f7462 902700447ca74ce3bab934409e9c6c05 b1427ce09a15417f837700fd16ca101c - - default default] Delete group_snapshot with id: b3bd61de-35a8-4ada-9e6d-3df1a8c72818
2026-01-16 16:38:26.847 76 INFO cinder.api.openstack.wsgi [None req-9ed6eb10-fe2e-4956-b8b5-beb4043f7462 902700447ca74ce3bab934409e9c6c05 b1427ce09a15417f837700fd16ca101c - - default default] http://[LB_IP_ADDRESS]:8776/v3/b1427ce09a15417f837700fd16ca101c/group_snapshots/b3bd61de-35a8-4ada-9e6d-3df1a8c72818 returned with HTTP 202
2026-01-16 16:38:26.859 72 INFO cinder.api.openstack.wsgi [None req-aa14a3bb-4500-4cfc-be6d-3c2c7fa0f895 902700447ca74ce3bab934409e9c6c05 b1427ce09a15417f837700fd16ca101c - - default default] GET http://[LB_IP_ADDRESS]:8776/v3/b1427ce09a15417f837700fd16ca101c/volumes/detail
2026-01-16 16:38:26.871 72 INFO cinder.volume.api [None req-aa14a3bb-4500-4cfc-be6d-3c2c7fa0f895 902700447ca74ce3bab934409e9c6c05 b1427ce09a15417f837700fd16ca101c - - default default] Get all volumes completed successfully.
2026-01-16 16:38:26.892 72 INFO cinder.api.openstack.wsgi [None req-aa14a3bb-4500-4cfc-be6d-3c2c7fa0f895 902700447ca74ce3bab934409e9c6c05 b1427ce09a15417f837700fd16ca101c - - default default] http://[LB_IP_ADDRESS]:8776/v3/b1427ce09a15417f837700fd16ca101c/volumes/detail returned with HTTP 200
2026-01-16 16:38:26.912 74 INFO cinder.api.openstack.wsgi [None req-effa817d-f318-4b21-bbb4-14663e849848 902700447ca74ce3bab934409e9c6c05 b1427ce09a15417f837700fd16ca101c - - default default] GET http://[LB_IP_ADDRESS]:8776/v3/b1427ce09a15417f837700fd16ca101c/snapshots/detail
2026-01-16 16:38:26.918 74 INFO cinder.volume.api [None req-effa817d-f318-4b21-bbb4-14663e849848 902700447ca74ce3bab934409e9c6c05 b1427ce09a15417f837700fd16ca101c - - default default] Get all snapshots completed successfully.
2026-01-16 16:38:26.919 74 INFO cinder.api.openstack.wsgi [None req-effa817d-f318-4b21-bbb4-14663e849848 902700447ca74ce3bab934409e9c6c05 b1427ce09a15417f837700fd16ca101c - - default default] http://[LB_IP_ADDRESS]:8776/v3/b1427ce09a15417f837700fd16ca101c/snapshots/detail returned with HTTP 200
2026-01-16 16:38:26.935 75 INFO cinder.api.openstack.wsgi [None req-64786e9f-56c6-473b-8901-da6747add7a4 902700447ca74ce3bab934409e9c6c05 b1427ce09a15417f837700fd16ca101c - - default default] GET http://[LB_IP_ADDRESS]:8776/v3/b1427ce09a15417f837700fd16ca101c/snapshots/901643c4-abf8-489c-b8dd-548b6d286bce
2026-01-16 16:38:26.939 73 INFO cinder.api.openstack.wsgi [None req-9914cc58-8434-4991-87b2-fd7f36fa7ea5 7ec40871ed6c40ce9ffbc96f274d0dbb ad6f9fcc30f449f585b6a5b8666447e1 - - default default] GET http://[LB_IP_ADDRESS]:8776/v3/ad6f9fcc30f449f585b6a5b8666447e1/groups/6b2bb494-f2e3-407b-a682-2cdd342b5982
2026-01-16 16:38:26.942 75 INFO cinder.volume.api [None req-64786e9f-56c6-473b-8901-da6747add7a4 902700447ca74ce3bab934409e9c6c05 b1427ce09a15417f837700fd16ca101c - - default default] Snapshot retrieved successfully.
2026-01-16 16:38:26.943 75 INFO cinder.api.openstack.wsgi [None req-64786e9f-56c6-473b-8901-da6747add7a4 902700447ca74ce3bab934409e9c6c05 b1427ce09a15417f837700fd16ca101c - - default default] http://[LB_IP_ADDRESS]:8776/v3/b1427ce09a15417f837700fd16ca101c/snapshots/901643c4-abf8-489c-b8dd-548b6d286bce returned with HTTP 200
