2026-04-08 23:03:11.655 72 INFO cinder.api.openstack.wsgi [None req-67c7e4a3-483c-40b8-b7dc-e55cfc16067f 29ca5cd9c929420fb1641a8bec7394f0 f458120d0a1b4d0ea680b15ba52dd823 - - default default] GET http://[LB_IP_ADDRESS]:8776/v3/f458120d0a1b4d0ea680b15ba52dd823/groups/e3fff840-024b-4e5f-adb8-7bab3a3a7fc3
2026-04-08 23:03:11.660 72 INFO cinder.api.openstack.wsgi [None req-67c7e4a3-483c-40b8-b7dc-e55cfc16067f 29ca5cd9c929420fb1641a8bec7394f0 f458120d0a1b4d0ea680b15ba52dd823 - - default default] http://[LB_IP_ADDRESS]:8776/v3/f458120d0a1b4d0ea680b15ba52dd823/groups/e3fff840-024b-4e5f-adb8-7bab3a3a7fc3 returned with HTTP 404
2026-04-08 23:03:11.672 75 INFO cinder.api.openstack.wsgi [None req-88af714a-3263-4f4f-ab27-c8bb4a0aa035 3f835b2c2a3b4c84aa0e57d2674ed398 60f6f836e8384d3b8809ed270e6e8de3 - - default default] DELETE http://[LB_IP_ADDRESS]:8776/v3/60f6f836e8384d3b8809ed270e6e8de3/group_types/300ce248-f778-4926-bd06-634535cf60eb
2026-04-08 23:03:11.693 75 INFO cinder.api.openstack.wsgi [None req-88af714a-3263-4f4f-ab27-c8bb4a0aa035 3f835b2c2a3b4c84aa0e57d2674ed398 60f6f836e8384d3b8809ed270e6e8de3 - - default default] http://[LB_IP_ADDRESS]:8776/v3/60f6f836e8384d3b8809ed270e6e8de3/group_types/300ce248-f778-4926-bd06-634535cf60eb returned with HTTP 202
2026-04-08 23:03:11.705 73 INFO cinder.api.openstack.wsgi [None req-4f31e4b0-18f4-4948-90ba-8ebc49a2f952 3f835b2c2a3b4c84aa0e57d2674ed398 60f6f836e8384d3b8809ed270e6e8de3 - - default default] DELETE http://[LB_IP_ADDRESS]:8776/v3/60f6f836e8384d3b8809ed270e6e8de3/types/fcda2e5c-1766-47b5-9ca1-44647be154b4
2026-04-08 23:03:11.753 73 INFO cinder.api.openstack.wsgi [None req-4f31e4b0-18f4-4948-90ba-8ebc49a2f952 3f835b2c2a3b4c84aa0e57d2674ed398 60f6f836e8384d3b8809ed270e6e8de3 - - default default] http://[LB_IP_ADDRESS]:8776/v3/60f6f836e8384d3b8809ed270e6e8de3/types/fcda2e5c-1766-47b5-9ca1-44647be154b4 returned with HTTP 202
2026-04-08 23:03:11.765 74 INFO cinder.api.openstack.wsgi [None req-4ebab663-0279-45a0-a85c-3b02b1871a9b 3f835b2c2a3b4c84aa0e57d2674ed398 60f6f836e8384d3b8809ed270e6e8de3 - - default default] GET http://[LB_IP_ADDRESS]:8776/v3/60f6f836e8384d3b8809ed270e6e8de3/types/fcda2e5c-1766-47b5-9ca1-44647be154b4
2026-04-08 23:03:11.771 74 INFO cinder.api.openstack.wsgi [None req-4ebab663-0279-45a0-a85c-3b02b1871a9b 3f835b2c2a3b4c84aa0e57d2674ed398 60f6f836e8384d3b8809ed270e6e8de3 - - default default] http://[LB_IP_ADDRESS]:8776/v3/60f6f836e8384d3b8809ed270e6e8de3/types/fcda2e5c-1766-47b5-9ca1-44647be154b4 returned with HTTP 404
2026-04-08 23:03:11.792 76 INFO cinder.api.openstack.wsgi [None req-94a21faa-948b-4c35-8f1b-71392a643c90 3f835b2c2a3b4c84aa0e57d2674ed398 60f6f836e8384d3b8809ed270e6e8de3 - - default default] POST http://[LB_IP_ADDRESS]:8776/v3/60f6f836e8384d3b8809ed270e6e8de3/types
2026-04-08 23:03:11.818 76 INFO cinder.api.openstack.wsgi [None req-94a21faa-948b-4c35-8f1b-71392a643c90 3f835b2c2a3b4c84aa0e57d2674ed398 60f6f836e8384d3b8809ed270e6e8de3 - - default default] http://[LB_IP_ADDRESS]:8776/v3/60f6f836e8384d3b8809ed270e6e8de3/types returned with HTTP 200
2026-04-08 23:03:11.833 72 INFO cinder.api.openstack.wsgi [None req-7e4b4a22-08fc-4278-be18-e7adc1112659 3f835b2c2a3b4c84aa0e57d2674ed398 60f6f836e8384d3b8809ed270e6e8de3 - - default default] POST http://[LB_IP_ADDRESS]:8776/v3/60f6f836e8384d3b8809ed270e6e8de3/group_types
2026-04-08 23:03:11.857 72 INFO cinder.api.openstack.wsgi [None req-7e4b4a22-08fc-4278-be18-e7adc1112659 3f835b2c2a3b4c84aa0e57d2674ed398 60f6f836e8384d3b8809ed270e6e8de3 - - default default] http://[LB_IP_ADDRESS]:8776/v3/60f6f836e8384d3b8809ed270e6e8de3/group_types returned with HTTP 202
2026-04-08 23:03:11.873 75 INFO cinder.api.openstack.wsgi [None req-ad0bd6a6-0643-4f62-9db8-7f3aef6f9437 29ca5cd9c929420fb1641a8bec7394f0 f458120d0a1b4d0ea680b15ba52dd823 - - default default] POST http://[LB_IP_ADDRESS]:8776/v3/f458120d0a1b4d0ea680b15ba52dd823/groups
2026-04-08 23:03:11.882 75 INFO cinder.api.v3.groups [None req-ad0bd6a6-0643-4f62-9db8-7f3aef6f9437 29ca5cd9c929420fb1641a8bec7394f0 f458120d0a1b4d0ea680b15ba52dd823 - - default default] Creating group tempest-GroupSnapshotsTest-Group-1167033616.
2026-04-08 23:03:11.898 75 INFO cinder.volume.api [None req-ad0bd6a6-0643-4f62-9db8-7f3aef6f9437 29ca5cd9c929420fb1641a8bec7394f0 f458120d0a1b4d0ea680b15ba52dd823 - - default default] Availability Zones retrieved successfully.
2026-04-08 23:03:11.968 75 INFO cinder.api.openstack.wsgi [None req-ad0bd6a6-0643-4f62-9db8-7f3aef6f9437 29ca5cd9c929420fb1641a8bec7394f0 f458120d0a1b4d0ea680b15ba52dd823 - - default default] http://[LB_IP_ADDRESS]:8776/v3/f458120d0a1b4d0ea680b15ba52dd823/groups returned with HTTP 202
2026-04-08 23:03:11.983 73 INFO cinder.api.openstack.wsgi [None req-2e27b2ae-f3f2-4f4d-84f2-f85b2410573b 29ca5cd9c929420fb1641a8bec7394f0 f458120d0a1b4d0ea680b15ba52dd823 - - default default] GET http://[LB_IP_ADDRESS]:8776/v3/f458120d0a1b4d0ea680b15ba52dd823/groups/6f677253-b90d-4ddd-92c0-9d3a3d10113f
2026-04-08 23:03:12.005 73 INFO cinder.api.openstack.wsgi [None req-2e27b2ae-f3f2-4f4d-84f2-f85b2410573b 29ca5cd9c929420fb1641a8bec7394f0 f458120d0a1b4d0ea680b15ba52dd823 - - default default] http://[LB_IP_ADDRESS]:8776/v3/f458120d0a1b4d0ea680b15ba52dd823/groups/6f677253-b90d-4ddd-92c0-9d3a3d10113f returned with HTTP 200
2026-04-08 23:03:12.355 74 INFO cinder.api.openstack.wsgi [None req-f1a16ccd-992d-417d-bd87-70f9edffc407 1cf2458aa7694b14b2a2ebbb1bcde3d9 ac396b96ea06468f80474bcfbe9d3f2c - - default default] GET http://[LB_IP_ADDRESS]:8776/v3/ac396b96ea06468f80474bcfbe9d3f2c/snapshots/bbffe45e-c51d-49eb-9976-8299e9d369b2
2026-04-08 23:03:12.365 74 INFO cinder.api.openstack.wsgi [None req-f1a16ccd-992d-417d-bd87-70f9edffc407 1cf2458aa7694b14b2a2ebbb1bcde3d9 ac396b96ea06468f80474bcfbe9d3f2c - - default default] http://[LB_IP_ADDRESS]:8776/v3/ac396b96ea06468f80474bcfbe9d3f2c/snapshots/bbffe45e-c51d-49eb-9976-8299e9d369b2 returned with HTTP 404
2026-04-08 23:03:12.378 76 INFO cinder.api.openstack.wsgi [None req-c4a43aab-1c6f-45f9-a7c3-bd05d687aeaf 1cf2458aa7694b14b2a2ebbb1bcde3d9 ac396b96ea06468f80474bcfbe9d3f2c - - default default] GET http://[LB_IP_ADDRESS]:8776/v3/ac396b96ea06468f80474bcfbe9d3f2c/volumes/736f1314-0146-4127-9f1f-4be14c4e7c4e
2026-04-08 23:03:12.401 76 INFO cinder.volume.api [None req-c4a43aab-1c6f-45f9-a7c3-bd05d687aeaf 1cf2458aa7694b14b2a2ebbb1bcde3d9 ac396b96ea06468f80474bcfbe9d3f2c - - default default] Volume info retrieved successfully.
2026-04-08 23:03:12.410 76 INFO cinder.api.openstack.wsgi [None req-c4a43aab-1c6f-45f9-a7c3-bd05d687aeaf 1cf2458aa7694b14b2a2ebbb1bcde3d9 ac396b96ea06468f80474bcfbe9d3f2c - - default default] http://[LB_IP_ADDRESS]:8776/v3/ac396b96ea06468f80474bcfbe9d3f2c/volumes/736f1314-0146-4127-9f1f-4be14c4e7c4e returned with HTTP 200
2026-04-08 23:03:12.433 72 INFO cinder.api.openstack.wsgi [None req-e3942e5b-1cde-436c-8c1a-12325bff8474 1cf2458aa7694b14b2a2ebbb1bcde3d9 ac396b96ea06468f80474bcfbe9d3f2c - - default default] DELETE http://[LB_IP_ADDRESS]:8776/v3/ac396b96ea06468f80474bcfbe9d3f2c/volumes/736f1314-0146-4127-9f1f-4be14c4e7c4e
2026-04-08 23:03:12.434 72 INFO cinder.api.v3.volumes [None req-e3942e5b-1cde-436c-8c1a-12325bff8474 1cf2458aa7694b14b2a2ebbb1bcde3d9 ac396b96ea06468f80474bcfbe9d3f2c - - default default] Delete volume with id: 736f1314-0146-4127-9f1f-4be14c4e7c4e 
2026-04-08 23:03:12.449 72 INFO cinder.volume.api [None req-e3942e5b-1cde-436c-8c1a-12325bff8474 1cf2458aa7694b14b2a2ebbb1bcde3d9 ac396b96ea06468f80474bcfbe9d3f2c - - default default] Volume info retrieved successfully.
2026-04-08 23:03:12.478 72 INFO cinder.volume.api [None req-e3942e5b-1cde-436c-8c1a-12325bff8474 1cf2458aa7694b14b2a2ebbb1bcde3d9 ac396b96ea06468f80474bcfbe9d3f2c - - default default] Delete volume request issued successfully.
2026-04-08 23:03:12.479 72 INFO cinder.api.openstack.wsgi [None req-e3942e5b-1cde-436c-8c1a-12325bff8474 1cf2458aa7694b14b2a2ebbb1bcde3d9 ac396b96ea06468f80474bcfbe9d3f2c - - default default] http://[LB_IP_ADDRESS]:8776/v3/ac396b96ea06468f80474bcfbe9d3f2c/volumes/736f1314-0146-4127-9f1f-4be14c4e7c4e returned with HTTP 202
2026-04-08 23:03:12.490 75 INFO cinder.api.openstack.wsgi [None req-3b7b9524-eb7c-4519-b92c-fc209f44e6a6 1cf2458aa7694b14b2a2ebbb1bcde3d9 ac396b96ea06468f80474bcfbe9d3f2c - - default default] GET http://[LB_IP_ADDRESS]:8776/v3/ac396b96ea06468f80474bcfbe9d3f2c/volumes/736f1314-0146-4127-9f1f-4be14c4e7c4e
2026-04-08 23:03:12.743 75 INFO cinder.api.openstack.wsgi [None req-3b7b9524-eb7c-4519-b92c-fc209f44e6a6 1cf2458aa7694b14b2a2ebbb1bcde3d9 ac396b96ea06468f80474bcfbe9d3f2c - - default default] http://[LB_IP_ADDRESS]:8776/v3/ac396b96ea06468f80474bcfbe9d3f2c/volumes/736f1314-0146-4127-9f1f-4be14c4e7c4e returned with HTTP 404
2026-04-08 23:03:13.016 73 INFO cinder.api.openstack.wsgi [None req-201d4ce6-d232-477d-bc95-6d8cfa420baf 469e0cace87a49ab806e5c04bf32b06e 7cc66675e2ca449faeb95cf91002cf80 - - default default] POST http://[LB_IP_ADDRESS]:8776/v3/7cc66675e2ca449faeb95cf91002cf80/types
2026-04-08 23:03:13.022 74 INFO cinder.api.openstack.wsgi [None req-f9d9b4ea-b8ff-4d74-92c0-2b0bea76b1f9 29ca5cd9c929420fb1641a8bec7394f0 f458120d0a1b4d0ea680b15ba52dd823 - - default default] GET http://[LB_IP_ADDRESS]:8776/v3/f458120d0a1b4d0ea680b15ba52dd823/groups/6f677253-b90d-4ddd-92c0-9d3a3d10113f
2026-04-08 23:03:13.043 74 INFO cinder.api.openstack.wsgi [None req-f9d9b4ea-b8ff-4d74-92c0-2b0bea76b1f9 29ca5cd9c929420fb1641a8bec7394f0 f458120d0a1b4d0ea680b15ba52dd823 - - default default] http://[LB_IP_ADDRESS]:8776/v3/f458120d0a1b4d0ea680b15ba52dd823/groups/6f677253-b90d-4ddd-92c0-9d3a3d10113f returned with HTTP 200
2026-04-08 23:03:13.046 73 INFO cinder.api.openstack.wsgi [None req-201d4ce6-d232-477d-bc95-6d8cfa420baf 469e0cace87a49ab806e5c04bf32b06e 7cc66675e2ca449faeb95cf91002cf80 - - default default] http://[LB_IP_ADDRESS]:8776/v3/7cc66675e2ca449faeb95cf91002cf80/types returned with HTTP 200
2026-04-08 23:03:13.058 76 INFO cinder.api.openstack.wsgi [None req-ad80de7c-acb8-4e27-b69e-a1108ef4ffe5 29ca5cd9c929420fb1641a8bec7394f0 f458120d0a1b4d0ea680b15ba52dd823 - - default default] POST http://[LB_IP_ADDRESS]:8776/v3/f458120d0a1b4d0ea680b15ba52dd823/volumes
2026-04-08 23:03:13.059 72 INFO cinder.api.openstack.wsgi [None req-0eb789e6-6a04-49a1-92a8-ed86713ac98a 469e0cace87a49ab806e5c04bf32b06e 7cc66675e2ca449faeb95cf91002cf80 - - default default] POST http://[LB_IP_ADDRESS]:8776/v3/7cc66675e2ca449faeb95cf91002cf80/group_types
2026-04-08 23:03:13.070 76 INFO cinder.api.v3.volumes [None req-ad80de7c-acb8-4e27-b69e-a1108ef4ffe5 29ca5cd9c929420fb1641a8bec7394f0 f458120d0a1b4d0ea680b15ba52dd823 - - default default] Create volume of 1 GB
2026-04-08 23:03:13.075 72 INFO cinder.api.openstack.wsgi [None req-0eb789e6-6a04-49a1-92a8-ed86713ac98a 469e0cace87a49ab806e5c04bf32b06e 7cc66675e2ca449faeb95cf91002cf80 - - default default] http://[LB_IP_ADDRESS]:8776/v3/7cc66675e2ca449faeb95cf91002cf80/group_types returned with HTTP 202
2026-04-08 23:03:13.084 76 INFO cinder.volume.api [None req-ad80de7c-acb8-4e27-b69e-a1108ef4ffe5 29ca5cd9c929420fb1641a8bec7394f0 f458120d0a1b4d0ea680b15ba52dd823 - - default default] Availability Zones retrieved successfully.
2026-04-08 23:03:13.220 76 WARNING cinder.quota [None req-ad80de7c-acb8-4e27-b69e-a1108ef4ffe5 29ca5cd9c929420fb1641a8bec7394f0 f458120d0a1b4d0ea680b15ba52dd823 - - default default] Deprecated: Default quota for resource: volumes_tempest-GroupSnapshotsTest-volume-type-1188124427 is set by the default quota flag: quota_volumes_tempest-GroupSnapshotsTest-volume-type-1188124427, it is now deprecated. Please use the default quota class for default quota.
2026-04-08 23:03:13.220 76 WARNING cinder.quota [None req-ad80de7c-acb8-4e27-b69e-a1108ef4ffe5 29ca5cd9c929420fb1641a8bec7394f0 f458120d0a1b4d0ea680b15ba52dd823 - - default default] Deprecated: Default quota for resource: gigabytes_tempest-GroupSnapshotsTest-volume-type-1188124427 is set by the default quota flag: quota_gigabytes_tempest-GroupSnapshotsTest-volume-type-1188124427, it is now deprecated. Please use the default quota class for default quota.
2026-04-08 23:03:13.258 75 INFO cinder.api.openstack.wsgi [None req-59fac2c8-f58f-4565-bd73-1bc40dcc7b1d 94b7693d2d75475789812a6213d2370b b2192424ecd8431f8b4cd1bce847d9ed - - default default] POST http://[LB_IP_ADDRESS]:8776/v3/b2192424ecd8431f8b4cd1bce847d9ed/groups
2026-04-08 23:03:13.266 75 INFO cinder.api.v3.groups [None req-59fac2c8-f58f-4565-bd73-1bc40dcc7b1d 94b7693d2d75475789812a6213d2370b b2192424ecd8431f8b4cd1bce847d9ed - - default default] Creating group tempest-GroupsV314Test-Group-20809491.
2026-04-08 23:03:13.273 75 INFO cinder.volume.api [None req-59fac2c8-f58f-4565-bd73-1bc40dcc7b1d 94b7693d2d75475789812a6213d2370b b2192424ecd8431f8b4cd1bce847d9ed - - default default] Availability Zones retrieved successfully.
2026-04-08 23:03:13.316 76 INFO cinder.volume.api [None req-ad80de7c-acb8-4e27-b69e-a1108ef4ffe5 29ca5cd9c929420fb1641a8bec7394f0 f458120d0a1b4d0ea680b15ba52dd823 - - default default] Create volume request issued successfully.
2026-04-08 23:03:13.329 76 INFO cinder.api.openstack.wsgi [None req-ad80de7c-acb8-4e27-b69e-a1108ef4ffe5 29ca5cd9c929420fb1641a8bec7394f0 f458120d0a1b4d0ea680b15ba52dd823 - - default default] http://[LB_IP_ADDRESS]:8776/v3/f458120d0a1b4d0ea680b15ba52dd823/volumes returned with HTTP 202
2026-04-08 23:03:13.342 75 INFO cinder.api.openstack.wsgi [None req-59fac2c8-f58f-4565-bd73-1bc40dcc7b1d 94b7693d2d75475789812a6213d2370b b2192424ecd8431f8b4cd1bce847d9ed - - default default] http://[LB_IP_ADDRESS]:8776/v3/b2192424ecd8431f8b4cd1bce847d9ed/groups returned with HTTP 202
2026-04-08 23:03:13.349 74 INFO cinder.api.openstack.wsgi [None req-ee6bb2a7-8c69-45ea-8e5f-39f906604dee 29ca5cd9c929420fb1641a8bec7394f0 f458120d0a1b4d0ea680b15ba52dd823 - - default default] GET http://[LB_IP_ADDRESS]:8776/v3/f458120d0a1b4d0ea680b15ba52dd823/volumes/c1fc67c9-185d-43e6-8b10-37acec68d2d5
2026-04-08 23:03:13.355 73 INFO cinder.api.openstack.wsgi [None req-2f4c1246-aa36-4dab-b87d-dc60690295a1 94b7693d2d75475789812a6213d2370b b2192424ecd8431f8b4cd1bce847d9ed - - default default] GET http://[LB_IP_ADDRESS]:8776/v3/b2192424ecd8431f8b4cd1bce847d9ed/groups/a85957aa-288d-4d1c-a3d3-a160de924b34
2026-04-08 23:03:13.369 74 INFO cinder.volume.api [None req-ee6bb2a7-8c69-45ea-8e5f-39f906604dee 29ca5cd9c929420fb1641a8bec7394f0 f458120d0a1b4d0ea680b15ba52dd823 - - default default] Volume info retrieved successfully.
2026-04-08 23:03:13.373 73 INFO cinder.api.openstack.wsgi [None req-2f4c1246-aa36-4dab-b87d-dc60690295a1 94b7693d2d75475789812a6213d2370b b2192424ecd8431f8b4cd1bce847d9ed - - default default] http://[LB_IP_ADDRESS]:8776/v3/b2192424ecd8431f8b4cd1bce847d9ed/groups/a85957aa-288d-4d1c-a3d3-a160de924b34 returned with HTTP 200
2026-04-08 23:03:13.388 74 INFO cinder.api.openstack.wsgi [None req-ee6bb2a7-8c69-45ea-8e5f-39f906604dee 29ca5cd9c929420fb1641a8bec7394f0 f458120d0a1b4d0ea680b15ba52dd823 - - default default] http://[LB_IP_ADDRESS]:8776/v3/f458120d0a1b4d0ea680b15ba52dd823/volumes/c1fc67c9-185d-43e6-8b10-37acec68d2d5 returned with HTTP 200
2026-04-08 23:03:14.390 72 INFO cinder.api.openstack.wsgi [None req-497a770b-177d-4cff-8ef7-3f3e3858a68e 94b7693d2d75475789812a6213d2370b b2192424ecd8431f8b4cd1bce847d9ed - - default default] GET http://[LB_IP_ADDRESS]:8776/v3/b2192424ecd8431f8b4cd1bce847d9ed/groups/a85957aa-288d-4d1c-a3d3-a160de924b34
2026-04-08 23:03:14.410 76 INFO cinder.api.openstack.wsgi [None req-19370797-97d5-47f5-ae16-cbf2ba886347 29ca5cd9c929420fb1641a8bec7394f0 f458120d0a1b4d0ea680b15ba52dd823 - - default default] GET http://[LB_IP_ADDRESS]:8776/v3/f458120d0a1b4d0ea680b15ba52dd823/volumes/c1fc67c9-185d-43e6-8b10-37acec68d2d5
2026-04-08 23:03:14.411 72 INFO cinder.api.openstack.wsgi [None req-497a770b-177d-4cff-8ef7-3f3e3858a68e 94b7693d2d75475789812a6213d2370b b2192424ecd8431f8b4cd1bce847d9ed - - default default] http://[LB_IP_ADDRESS]:8776/v3/b2192424ecd8431f8b4cd1bce847d9ed/groups/a85957aa-288d-4d1c-a3d3-a160de924b34 returned with HTTP 200
2026-04-08 23:03:14.426 75 INFO cinder.api.openstack.wsgi [None req-2247d7f6-65f6-44eb-b7e0-f9b817b5268c 94b7693d2d75475789812a6213d2370b b2192424ecd8431f8b4cd1bce847d9ed - - default default] POST http://[LB_IP_ADDRESS]:8776/v3/b2192424ecd8431f8b4cd1bce847d9ed/volumes
2026-04-08 23:03:14.430 76 INFO cinder.volume.api [None req-19370797-97d5-47f5-ae16-cbf2ba886347 29ca5cd9c929420fb1641a8bec7394f0 f458120d0a1b4d0ea680b15ba52dd823 - - default default] Volume info retrieved successfully.
2026-04-08 23:03:14.440 75 INFO cinder.api.v3.volumes [None req-2247d7f6-65f6-44eb-b7e0-f9b817b5268c 94b7693d2d75475789812a6213d2370b b2192424ecd8431f8b4cd1bce847d9ed - - default default] Create volume of 1 GB
2026-04-08 23:03:14.448 75 INFO cinder.volume.api [None req-2247d7f6-65f6-44eb-b7e0-f9b817b5268c 94b7693d2d75475789812a6213d2370b b2192424ecd8431f8b4cd1bce847d9ed - - default default] Availability Zones retrieved successfully.
2026-04-08 23:03:14.453 76 INFO cinder.api.openstack.wsgi [None req-19370797-97d5-47f5-ae16-cbf2ba886347 29ca5cd9c929420fb1641a8bec7394f0 f458120d0a1b4d0ea680b15ba52dd823 - - default default] http://[LB_IP_ADDRESS]:8776/v3/f458120d0a1b4d0ea680b15ba52dd823/volumes/c1fc67c9-185d-43e6-8b10-37acec68d2d5 returned with HTTP 200
2026-04-08 23:03:14.473 73 INFO cinder.api.openstack.wsgi [None req-e9f1f531-8974-4719-80bb-0496c5ccef18 29ca5cd9c929420fb1641a8bec7394f0 f458120d0a1b4d0ea680b15ba52dd823 - - default default] POST http://[LB_IP_ADDRESS]:8776/v3/f458120d0a1b4d0ea680b15ba52dd823/group_snapshots
2026-04-08 23:03:14.487 73 INFO cinder.api.v3.group_snapshots [None req-e9f1f531-8974-4719-80bb-0496c5ccef18 29ca5cd9c929420fb1641a8bec7394f0 f458120d0a1b4d0ea680b15ba52dd823 - - default default] Creating group_snapshot tempest-group_snapshot-384380754.
2026-04-08 23:03:14.553 73 WARNING cinder.quota [None req-e9f1f531-8974-4719-80bb-0496c5ccef18 29ca5cd9c929420fb1641a8bec7394f0 f458120d0a1b4d0ea680b15ba52dd823 - - default default] Deprecated: Default quota for resource: gigabytes_tempest-GroupSnapshotsTest-volume-type-1188124427 is set by the default quota flag: quota_gigabytes_tempest-GroupSnapshotsTest-volume-type-1188124427, it is now deprecated. Please use the default quota class for default quota.
2026-04-08 23:03:14.553 73 WARNING cinder.quota [None req-e9f1f531-8974-4719-80bb-0496c5ccef18 29ca5cd9c929420fb1641a8bec7394f0 f458120d0a1b4d0ea680b15ba52dd823 - - default default] Deprecated: Default quota for resource: snapshots_tempest-GroupSnapshotsTest-volume-type-1188124427 is set by the default quota flag: quota_snapshots_tempest-GroupSnapshotsTest-volume-type-1188124427, it is now deprecated. Please use the default quota class for default quota.
2026-04-08 23:03:14.574 75 WARNING cinder.quota [None req-2247d7f6-65f6-44eb-b7e0-f9b817b5268c 94b7693d2d75475789812a6213d2370b b2192424ecd8431f8b4cd1bce847d9ed - - default default] Deprecated: Default quota for resource: volumes_tempest-GroupsV314Test-volume-type-1633169595 is set by the default quota flag: quota_volumes_tempest-GroupsV314Test-volume-type-1633169595, it is now deprecated. Please use the default quota class for default quota.
2026-04-08 23:03:14.575 75 WARNING cinder.quota [None req-2247d7f6-65f6-44eb-b7e0-f9b817b5268c 94b7693d2d75475789812a6213d2370b b2192424ecd8431f8b4cd1bce847d9ed - - default default] Deprecated: Default quota for resource: gigabytes_tempest-GroupsV314Test-volume-type-1633169595 is set by the default quota flag: quota_gigabytes_tempest-GroupsV314Test-volume-type-1633169595, it is now deprecated. Please use the default quota class for default quota.
2026-04-08 23:03:14.617 73 INFO cinder.api.openstack.wsgi [None req-e9f1f531-8974-4719-80bb-0496c5ccef18 29ca5cd9c929420fb1641a8bec7394f0 f458120d0a1b4d0ea680b15ba52dd823 - - default default] http://[LB_IP_ADDRESS]:8776/v3/f458120d0a1b4d0ea680b15ba52dd823/group_snapshots returned with HTTP 202
2026-04-08 23:03:14.631 74 INFO cinder.api.openstack.wsgi [None req-72799967-e94c-4989-8947-59e03e3aef52 29ca5cd9c929420fb1641a8bec7394f0 f458120d0a1b4d0ea680b15ba52dd823 - - default default] GET http://[LB_IP_ADDRESS]:8776/v3/f458120d0a1b4d0ea680b15ba52dd823/group_snapshots/0ae0634d-8e88-4d6c-8eac-115c7e06325b
2026-04-08 23:03:14.642 74 INFO cinder.api.openstack.wsgi [None req-72799967-e94c-4989-8947-59e03e3aef52 29ca5cd9c929420fb1641a8bec7394f0 f458120d0a1b4d0ea680b15ba52dd823 - - default default] http://[LB_IP_ADDRESS]:8776/v3/f458120d0a1b4d0ea680b15ba52dd823/group_snapshots/0ae0634d-8e88-4d6c-8eac-115c7e06325b returned with HTTP 200
2026-04-08 23:03:14.678 75 INFO cinder.volume.api [None req-2247d7f6-65f6-44eb-b7e0-f9b817b5268c 94b7693d2d75475789812a6213d2370b b2192424ecd8431f8b4cd1bce847d9ed - - default default] Create volume request issued successfully.
2026-04-08 23:03:14.696 75 INFO cinder.api.openstack.wsgi [None req-2247d7f6-65f6-44eb-b7e0-f9b817b5268c 94b7693d2d75475789812a6213d2370b b2192424ecd8431f8b4cd1bce847d9ed - - default default] http://[LB_IP_ADDRESS]:8776/v3/b2192424ecd8431f8b4cd1bce847d9ed/volumes returned with HTTP 202
2026-04-08 23:03:14.718 72 INFO cinder.api.openstack.wsgi [None req-2d4574d5-d729-4b3a-9e12-f4eb925d0691 94b7693d2d75475789812a6213d2370b b2192424ecd8431f8b4cd1bce847d9ed - - default default] GET http://[LB_IP_ADDRESS]:8776/v3/b2192424ecd8431f8b4cd1bce847d9ed/volumes/c41673a5-60b9-41dd-a513-fa4296b93a4d
2026-04-08 23:03:14.733 72 INFO cinder.volume.api [None req-2d4574d5-d729-4b3a-9e12-f4eb925d0691 94b7693d2d75475789812a6213d2370b b2192424ecd8431f8b4cd1bce847d9ed - - default default] Volume info retrieved successfully.
2026-04-08 23:03:14.749 72 INFO cinder.api.openstack.wsgi [None req-2d4574d5-d729-4b3a-9e12-f4eb925d0691 94b7693d2d75475789812a6213d2370b b2192424ecd8431f8b4cd1bce847d9ed - - default default] http://[LB_IP_ADDRESS]:8776/v3/b2192424ecd8431f8b4cd1bce847d9ed/volumes/c41673a5-60b9-41dd-a513-fa4296b93a4d returned with HTTP 200
2026-04-08 23:03:15.657 76 INFO cinder.api.openstack.wsgi [None req-0cbbda4b-f149-4a72-bf45-99e908a3e4f4 29ca5cd9c929420fb1641a8bec7394f0 f458120d0a1b4d0ea680b15ba52dd823 - - default default] GET http://[LB_IP_ADDRESS]:8776/v3/f458120d0a1b4d0ea680b15ba52dd823/group_snapshots/0ae0634d-8e88-4d6c-8eac-115c7e06325b
2026-04-08 23:03:15.669 76 INFO cinder.api.openstack.wsgi [None req-0cbbda4b-f149-4a72-bf45-99e908a3e4f4 29ca5cd9c929420fb1641a8bec7394f0 f458120d0a1b4d0ea680b15ba52dd823 - - default default] http://[LB_IP_ADDRESS]:8776/v3/f458120d0a1b4d0ea680b15ba52dd823/group_snapshots/0ae0634d-8e88-4d6c-8eac-115c7e06325b returned with HTTP 200
2026-04-08 23:03:15.773 73 INFO cinder.api.openstack.wsgi [None req-b455592f-ee72-469f-bc7a-7244574ef5a0 94b7693d2d75475789812a6213d2370b b2192424ecd8431f8b4cd1bce847d9ed - - default default] GET http://[LB_IP_ADDRESS]:8776/v3/b2192424ecd8431f8b4cd1bce847d9ed/volumes/c41673a5-60b9-41dd-a513-fa4296b93a4d
2026-04-08 23:03:15.796 73 INFO cinder.volume.api [None req-b455592f-ee72-469f-bc7a-7244574ef5a0 94b7693d2d75475789812a6213d2370b b2192424ecd8431f8b4cd1bce847d9ed - - default default] Volume info retrieved successfully.
2026-04-08 23:03:15.822 73 INFO cinder.api.openstack.wsgi [None req-b455592f-ee72-469f-bc7a-7244574ef5a0 94b7693d2d75475789812a6213d2370b b2192424ecd8431f8b4cd1bce847d9ed - - default default] http://[LB_IP_ADDRESS]:8776/v3/b2192424ecd8431f8b4cd1bce847d9ed/volumes/c41673a5-60b9-41dd-a513-fa4296b93a4d returned with HTTP 200
2026-04-08 23:03:15.842 74 INFO cinder.api.openstack.wsgi [None req-f90ba9ae-7218-4740-9698-7d6cb8019d95 94b7693d2d75475789812a6213d2370b b2192424ecd8431f8b4cd1bce847d9ed - - default default] POST http://[LB_IP_ADDRESS]:8776/v3/b2192424ecd8431f8b4cd1bce847d9ed/groups/action
2026-04-08 23:03:15.846 74 INFO cinder.api.v3.groups [None req-f90ba9ae-7218-4740-9698-7d6cb8019d95 94b7693d2d75475789812a6213d2370b b2192424ecd8431f8b4cd1bce847d9ed - - default default] Creating group tempest-Group_from_grp-2133999425 from source group a85957aa-288d-4d1c-a3d3-a160de924b34.
2026-04-08 23:03:16.471 74 INFO cinder.group.api [None req-f90ba9ae-7218-4740-9698-7d6cb8019d95 94b7693d2d75475789812a6213d2370b b2192424ecd8431f8b4cd1bce847d9ed - - default default] A mapping entry already exists for group faa9952d-4867-40ad-88b6-3e75f75622ce and volume type c6aaeca0-03ff-40b8-85d4-962fc952ddc1. Do not need to create again.
2026-04-08 23:03:16.472 74 INFO cinder.volume.api [None req-f90ba9ae-7218-4740-9698-7d6cb8019d95 94b7693d2d75475789812a6213d2370b b2192424ecd8431f8b4cd1bce847d9ed - - default default] Availability Zones retrieved successfully.
2026-04-08 23:03:16.569 74 WARNING cinder.quota [None req-f90ba9ae-7218-4740-9698-7d6cb8019d95 94b7693d2d75475789812a6213d2370b b2192424ecd8431f8b4cd1bce847d9ed - - default default] Deprecated: Default quota for resource: volumes_tempest-GroupsV314Test-volume-type-1633169595 is set by the default quota flag: quota_volumes_tempest-GroupsV314Test-volume-type-1633169595, it is now deprecated. Please use the default quota class for default quota.
2026-04-08 23:03:16.570 74 WARNING cinder.quota [None req-f90ba9ae-7218-4740-9698-7d6cb8019d95 94b7693d2d75475789812a6213d2370b b2192424ecd8431f8b4cd1bce847d9ed - - default default] Deprecated: Default quota for resource: gigabytes_tempest-GroupsV314Test-volume-type-1633169595 is set by the default quota flag: quota_gigabytes_tempest-GroupsV314Test-volume-type-1633169595, it is now deprecated. Please use the default quota class for default quota.
2026-04-08 23:03:16.637 74 INFO cinder.volume.api [None req-f90ba9ae-7218-4740-9698-7d6cb8019d95 94b7693d2d75475789812a6213d2370b b2192424ecd8431f8b4cd1bce847d9ed - - default default] Create volume request issued successfully.
2026-04-08 23:03:16.652 74 INFO cinder.api.openstack.wsgi [None req-f90ba9ae-7218-4740-9698-7d6cb8019d95 94b7693d2d75475789812a6213d2370b b2192424ecd8431f8b4cd1bce847d9ed - - default default] http://[LB_IP_ADDRESS]:8776/v3/b2192424ecd8431f8b4cd1bce847d9ed/groups/action returned with HTTP 202
2026-04-08 23:03:16.663 75 INFO cinder.api.openstack.wsgi [None req-9d381a58-b5b5-41ef-9318-f61c47b960ec 94b7693d2d75475789812a6213d2370b b2192424ecd8431f8b4cd1bce847d9ed - - default default] GET http://[LB_IP_ADDRESS]:8776/v3/b2192424ecd8431f8b4cd1bce847d9ed/volumes/detail
2026-04-08 23:03:16.675 75 INFO cinder.volume.api [None req-9d381a58-b5b5-41ef-9318-f61c47b960ec 94b7693d2d75475789812a6213d2370b b2192424ecd8431f8b4cd1bce847d9ed - - default default] Get all volumes completed successfully.
2026-04-08 23:03:16.683 72 INFO cinder.api.openstack.wsgi [None req-e1613b5c-30ae-4631-b43c-7035cec2c4e0 29ca5cd9c929420fb1641a8bec7394f0 f458120d0a1b4d0ea680b15ba52dd823 - - default default] GET http://[LB_IP_ADDRESS]:8776/v3/f458120d0a1b4d0ea680b15ba52dd823/group_snapshots/0ae0634d-8e88-4d6c-8eac-115c7e06325b
2026-04-08 23:03:16.693 72 INFO cinder.api.openstack.wsgi [None req-e1613b5c-30ae-4631-b43c-7035cec2c4e0 29ca5cd9c929420fb1641a8bec7394f0 f458120d0a1b4d0ea680b15ba52dd823 - - default default] http://[LB_IP_ADDRESS]:8776/v3/f458120d0a1b4d0ea680b15ba52dd823/group_snapshots/0ae0634d-8e88-4d6c-8eac-115c7e06325b returned with HTTP 200
2026-04-08 23:03:16.708 76 INFO cinder.api.openstack.wsgi [None req-2b7a8bc8-3a2b-489c-aecc-2e31131ad8e2 29ca5cd9c929420fb1641a8bec7394f0 f458120d0a1b4d0ea680b15ba52dd823 - - default default] GET http://[LB_IP_ADDRESS]:8776/v3/f458120d0a1b4d0ea680b15ba52dd823/snapshots/detail
2026-04-08 23:03:16.711 75 INFO cinder.api.openstack.wsgi [None req-9d381a58-b5b5-41ef-9318-f61c47b960ec 94b7693d2d75475789812a6213d2370b b2192424ecd8431f8b4cd1bce847d9ed - - default default] http://[LB_IP_ADDRESS]:8776/v3/b2192424ecd8431f8b4cd1bce847d9ed/volumes/detail returned with HTTP 200
2026-04-08 23:03:16.717 76 INFO cinder.volume.api [None req-2b7a8bc8-3a2b-489c-aecc-2e31131ad8e2 29ca5cd9c929420fb1641a8bec7394f0 f458120d0a1b4d0ea680b15ba52dd823 - - default default] Get all snapshots completed successfully.
2026-04-08 23:03:16.719 76 INFO cinder.api.openstack.wsgi [None req-2b7a8bc8-3a2b-489c-aecc-2e31131ad8e2 29ca5cd9c929420fb1641a8bec7394f0 f458120d0a1b4d0ea680b15ba52dd823 - - default default] http://[LB_IP_ADDRESS]:8776/v3/f458120d0a1b4d0ea680b15ba52dd823/snapshots/detail returned with HTTP 200
2026-04-08 23:03:16.732 73 INFO cinder.api.openstack.wsgi [None req-991cfd9f-bf9b-4ca8-9e22-fda843cbf51a 94b7693d2d75475789812a6213d2370b b2192424ecd8431f8b4cd1bce847d9ed - - default default] GET http://[LB_IP_ADDRESS]:8776/v3/b2192424ecd8431f8b4cd1bce847d9ed/volumes/384b06cf-370e-42bb-aab2-8550cc9794ae
2026-04-08 23:03:16.734 74 INFO cinder.api.openstack.wsgi [None req-93c91b44-f6df-42f1-ae5a-0092699ea92c 29ca5cd9c929420fb1641a8bec7394f0 f458120d0a1b4d0ea680b15ba52dd823 - - default default] GET http://[LB_IP_ADDRESS]:8776/v3/f458120d0a1b4d0ea680b15ba52dd823/snapshots/a429f2ab-c8fa-4ec5-a182-a475a571c52e
2026-04-08 23:03:16.742 74 INFO cinder.volume.api [None req-93c91b44-f6df-42f1-ae5a-0092699ea92c 29ca5cd9c929420fb1641a8bec7394f0 f458120d0a1b4d0ea680b15ba52dd823 - - default default] Snapshot retrieved successfully.
2026-04-08 23:03:16.743 74 INFO cinder.api.openstack.wsgi [None req-93c91b44-f6df-42f1-ae5a-0092699ea92c 29ca5cd9c929420fb1641a8bec7394f0 f458120d0a1b4d0ea680b15ba52dd823 - - default default] http://[LB_IP_ADDRESS]:8776/v3/f458120d0a1b4d0ea680b15ba52dd823/snapshots/a429f2ab-c8fa-4ec5-a182-a475a571c52e returned with HTTP 200
2026-04-08 23:03:16.746 73 INFO cinder.volume.api [None req-991cfd9f-bf9b-4ca8-9e22-fda843cbf51a 94b7693d2d75475789812a6213d2370b b2192424ecd8431f8b4cd1bce847d9ed - - default default] Volume info retrieved successfully.
2026-04-08 23:03:16.759 72 INFO cinder.api.openstack.wsgi [None req-e842a687-c55b-4dc2-912f-16ac806c2cd1 29ca5cd9c929420fb1641a8bec7394f0 f458120d0a1b4d0ea680b15ba52dd823 - - default default] GET http://[LB_IP_ADDRESS]:8776/v3/f458120d0a1b4d0ea680b15ba52dd823/group_snapshots/0ae0634d-8e88-4d6c-8eac-115c7e06325b
2026-04-08 23:03:16.762 73 INFO cinder.api.openstack.wsgi [None req-991cfd9f-bf9b-4ca8-9e22-fda843cbf51a 94b7693d2d75475789812a6213d2370b b2192424ecd8431f8b4cd1bce847d9ed - - default default] http://[LB_IP_ADDRESS]:8776/v3/b2192424ecd8431f8b4cd1bce847d9ed/volumes/384b06cf-370e-42bb-aab2-8550cc9794ae returned with HTTP 200
2026-04-08 23:03:16.770 72 INFO cinder.api.openstack.wsgi [None req-e842a687-c55b-4dc2-912f-16ac806c2cd1 29ca5cd9c929420fb1641a8bec7394f0 f458120d0a1b4d0ea680b15ba52dd823 - - default default] http://[LB_IP_ADDRESS]:8776/v3/f458120d0a1b4d0ea680b15ba52dd823/group_snapshots/0ae0634d-8e88-4d6c-8eac-115c7e06325b returned with HTTP 200
2026-04-08 23:03:16.784 75 INFO cinder.api.openstack.wsgi [None req-7e24f8a2-f317-4492-bf81-ba4b7df5959c 29ca5cd9c929420fb1641a8bec7394f0 f458120d0a1b4d0ea680b15ba52dd823 - - default default] GET http://[LB_IP_ADDRESS]:8776/v3/f458120d0a1b4d0ea680b15ba52dd823/group_snapshots/detail
2026-04-08 23:03:16.796 75 INFO cinder.api.openstack.wsgi [None req-7e24f8a2-f317-4492-bf81-ba4b7df5959c 29ca5cd9c929420fb1641a8bec7394f0 f458120d0a1b4d0ea680b15ba52dd823 - - default default] http://[LB_IP_ADDRESS]:8776/v3/f458120d0a1b4d0ea680b15ba52dd823/group_snapshots/detail returned with HTTP 200
2026-04-08 23:03:16.811 76 INFO cinder.api.openstack.wsgi [None req-71573d53-0dba-41e4-951b-2a589ae11ec3 29ca5cd9c929420fb1641a8bec7394f0 f458120d0a1b4d0ea680b15ba52dd823 - - default default] DELETE http://[LB_IP_ADDRESS]:8776/v3/f458120d0a1b4d0ea680b15ba52dd823/group_snapshots/0ae0634d-8e88-4d6c-8eac-115c7e06325b
2026-04-08 23:03:16.812 76 INFO cinder.api.v3.group_snapshots [None req-71573d53-0dba-41e4-951b-2a589ae11ec3 29ca5cd9c929420fb1641a8bec7394f0 f458120d0a1b4d0ea680b15ba52dd823 - - default default] Delete group_snapshot with id: 0ae0634d-8e88-4d6c-8eac-115c7e06325b
2026-04-08 23:03:16.854 76 INFO cinder.api.openstack.wsgi [None req-71573d53-0dba-41e4-951b-2a589ae11ec3 29ca5cd9c929420fb1641a8bec7394f0 f458120d0a1b4d0ea680b15ba52dd823 - - default default] http://[LB_IP_ADDRESS]:8776/v3/f458120d0a1b4d0ea680b15ba52dd823/group_snapshots/0ae0634d-8e88-4d6c-8eac-115c7e06325b returned with HTTP 202
2026-04-08 23:03:16.865 74 INFO cinder.api.openstack.wsgi [None req-6eb3f991-6857-4e35-aed7-03a33a21c1ba 29ca5cd9c929420fb1641a8bec7394f0 f458120d0a1b4d0ea680b15ba52dd823 - - default default] GET http://[LB_IP_ADDRESS]:8776/v3/f458120d0a1b4d0ea680b15ba52dd823/volumes/detail
2026-04-08 23:03:16.877 74 INFO cinder.volume.api [None req-6eb3f991-6857-4e35-aed7-03a33a21c1ba 29ca5cd9c929420fb1641a8bec7394f0 f458120d0a1b4d0ea680b15ba52dd823 - - default default] Get all volumes completed successfully.
2026-04-08 23:03:16.902 74 INFO cinder.api.openstack.wsgi [None req-6eb3f991-6857-4e35-aed7-03a33a21c1ba 29ca5cd9c929420fb1641a8bec7394f0 f458120d0a1b4d0ea680b15ba52dd823 - - default default] http://[LB_IP_ADDRESS]:8776/v3/f458120d0a1b4d0ea680b15ba52dd823/volumes/detail returned with HTTP 200
2026-04-08 23:03:16.926 73 INFO cinder.api.openstack.wsgi [None req-81448fd7-5b4a-4988-8f73-ca7016203336 29ca5cd9c929420fb1641a8bec7394f0 f458120d0a1b4d0ea680b15ba52dd823 - - default default] GET http://[LB_IP_ADDRESS]:8776/v3/f458120d0a1b4d0ea680b15ba52dd823/snapshots/detail
2026-04-08 23:03:16.935 73 INFO cinder.volume.api [None req-81448fd7-5b4a-4988-8f73-ca7016203336 29ca5cd9c929420fb1641a8bec7394f0 f458120d0a1b4d0ea680b15ba52dd823 - - default default] Get all snapshots completed successfully.
2026-04-08 23:03:16.938 73 INFO cinder.api.openstack.wsgi [None req-81448fd7-5b4a-4988-8f73-ca7016203336 29ca5cd9c929420fb1641a8bec7394f0 f458120d0a1b4d0ea680b15ba52dd823 - - default default] http://[LB_IP_ADDRESS]:8776/v3/f458120d0a1b4d0ea680b15ba52dd823/snapshots/detail returned with HTTP 200
2026-04-08 23:03:16.953 72 INFO cinder.api.openstack.wsgi [None req-4c63df5f-14c8-4ab7-ad91-0bcd750cfb9d 29ca5cd9c929420fb1641a8bec7394f0 f458120d0a1b4d0ea680b15ba52dd823 - - default default] GET http://[LB_IP_ADDRESS]:8776/v3/f458120d0a1b4d0ea680b15ba52dd823/snapshots/a429f2ab-c8fa-4ec5-a182-a475a571c52e
2026-04-08 23:03:16.962 72 INFO cinder.volume.api [None req-4c63df5f-14c8-4ab7-ad91-0bcd750cfb9d 29ca5cd9c929420fb1641a8bec7394f0 f458120d0a1b4d0ea680b15ba52dd823 - - default default] Snapshot retrieved successfully.
2026-04-08 23:03:16.963 72 INFO cinder.api.openstack.wsgi [None req-4c63df5f-14c8-4ab7-ad91-0bcd750cfb9d 29ca5cd9c929420fb1641a8bec7394f0 f458120d0a1b4d0ea680b15ba52dd823 - - default default] http://[LB_IP_ADDRESS]:8776/v3/f458120d0a1b4d0ea680b15ba52dd823/snapshots/a429f2ab-c8fa-4ec5-a182-a475a571c52e returned with HTTP 200
2026-04-08 23:03:17.191 75 INFO cinder.api.openstack.wsgi [None req-d89ca5c7-eb69-4bad-9b8d-8ebf0d205e6a bd21e29c26ed4549a0b90fc0bb95db12 dba1037a5af042e29f30d10d18de86ae - - default default] GET http://[LB_IP_ADDRESS]:8776/v3/dba1037a5af042e29f30d10d18de86ae/os-hosts
2026-04-08 23:03:17.202 75 INFO cinder.api.openstack.wsgi [None req-d89ca5c7-eb69-4bad-9b8d-8ebf0d205e6a bd21e29c26ed4549a0b90fc0bb95db12 dba1037a5af042e29f30d10d18de86ae - - default default] http://[LB_IP_ADDRESS]:8776/v3/dba1037a5af042e29f30d10d18de86ae/os-hosts returned with HTTP 200
2026-04-08 23:03:17.222 76 INFO cinder.api.openstack.wsgi [None req-d92538f6-206e-4ee4-bd6e-5a1fbbdf5f6b bd21e29c26ed4549a0b90fc0bb95db12 dba1037a5af042e29f30d10d18de86ae - - default default] GET http://[LB_IP_ADDRESS]:8776/v3/dba1037a5af042e29f30d10d18de86ae/os-hosts
2026-04-08 23:03:17.233 76 INFO cinder.api.openstack.wsgi [None req-d92538f6-206e-4ee4-bd6e-5a1fbbdf5f6b bd21e29c26ed4549a0b90fc0bb95db12 dba1037a5af042e29f30d10d18de86ae - - default default] http://[LB_IP_ADDRESS]:8776/v3/dba1037a5af042e29f30d10d18de86ae/os-hosts returned with HTTP 200
2026-04-08 23:03:17.250 74 INFO cinder.api.openstack.wsgi [None req-3002549c-f730-4814-ae4d-b5f0227c7d7c bd21e29c26ed4549a0b90fc0bb95db12 dba1037a5af042e29f30d10d18de86ae - - default default] GET http://[LB_IP_ADDRESS]:8776/v3/dba1037a5af042e29f30d10d18de86ae/os-hosts/rack11-server76@LIGHTOSefxxli
2026-04-08 23:03:17.291 74 INFO cinder.api.openstack.wsgi [None req-3002549c-f730-4814-ae4d-b5f0227c7d7c bd21e29c26ed4549a0b90fc0bb95db12 dba1037a5af042e29f30d10d18de86ae - - default default] http://[LB_IP_ADDRESS]:8776/v3/dba1037a5af042e29f30d10d18de86ae/os-hosts/rack11-server76@LIGHTOSefxxli returned with HTTP 200
2026-04-08 23:03:17.785 73 INFO cinder.api.openstack.wsgi [None req-4347cc85-2543-4930-ae23-bfedc9d2c36f 94b7693d2d75475789812a6213d2370b b2192424ecd8431f8b4cd1bce847d9ed - - default default] GET http://[LB_IP_ADDRESS]:8776/v3/b2192424ecd8431f8b4cd1bce847d9ed/volumes/384b06cf-370e-42bb-aab2-8550cc9794ae
2026-04-08 23:03:17.799 73 INFO cinder.volume.api [None req-4347cc85-2543-4930-ae23-bfedc9d2c36f 94b7693d2d75475789812a6213d2370b b2192424ecd8431f8b4cd1bce847d9ed - - default default] Volume info retrieved successfully.
2026-04-08 23:03:17.815 73 INFO cinder.api.openstack.wsgi [None req-4347cc85-2543-4930-ae23-bfedc9d2c36f 94b7693d2d75475789812a6213d2370b b2192424ecd8431f8b4cd1bce847d9ed - - default default] http://[LB_IP_ADDRESS]:8776/v3/b2192424ecd8431f8b4cd1bce847d9ed/volumes/384b06cf-370e-42bb-aab2-8550cc9794ae returned with HTTP 200
2026-04-08 23:03:17.981 72 INFO cinder.api.openstack.wsgi [None req-f1c37cc2-433c-4204-873b-3304bb953c14 29ca5cd9c929420fb1641a8bec7394f0 f458120d0a1b4d0ea680b15ba52dd823 - - default default] GET http://[LB_IP_ADDRESS]:8776/v3/f458120d0a1b4d0ea680b15ba52dd823/snapshots/a429f2ab-c8fa-4ec5-a182-a475a571c52e
2026-04-08 23:03:17.989 72 INFO cinder.api.openstack.wsgi [None req-f1c37cc2-433c-4204-873b-3304bb953c14 29ca5cd9c929420fb1641a8bec7394f0 f458120d0a1b4d0ea680b15ba52dd823 - - default default] http://[LB_IP_ADDRESS]:8776/v3/f458120d0a1b4d0ea680b15ba52dd823/snapshots/a429f2ab-c8fa-4ec5-a182-a475a571c52e returned with HTTP 404
2026-04-08 23:03:18.002 75 INFO cinder.api.openstack.wsgi [None req-675d058e-c971-4178-a681-b1fb5816eba7 29ca5cd9c929420fb1641a8bec7394f0 f458120d0a1b4d0ea680b15ba52dd823 - - default default] GET http://[LB_IP_ADDRESS]:8776/v3/f458120d0a1b4d0ea680b15ba52dd823/group_snapshots/0ae0634d-8e88-4d6c-8eac-115c7e06325b
2026-04-08 23:03:18.006 75 INFO cinder.api.openstack.wsgi [None req-675d058e-c971-4178-a681-b1fb5816eba7 29ca5cd9c929420fb1641a8bec7394f0 f458120d0a1b4d0ea680b15ba52dd823 - - default default] http://[LB_IP_ADDRESS]:8776/v3/f458120d0a1b4d0ea680b15ba52dd823/group_snapshots/0ae0634d-8e88-4d6c-8eac-115c7e06325b returned with HTTP 404
2026-04-08 23:03:18.017 76 INFO cinder.api.openstack.wsgi [None req-d4ae5ab3-caa0-4fee-a7e3-c1aaeaa9effb 29ca5cd9c929420fb1641a8bec7394f0 f458120d0a1b4d0ea680b15ba52dd823 - - default default] GET http://[LB_IP_ADDRESS]:8776/v3/f458120d0a1b4d0ea680b15ba52dd823/group_snapshots
2026-04-08 23:03:18.023 76 INFO cinder.api.openstack.wsgi [None req-d4ae5ab3-caa0-4fee-a7e3-c1aaeaa9effb 29ca5cd9c929420fb1641a8bec7394f0 f458120d0a1b4d0ea680b15ba52dd823 - - default default] http://[LB_IP_ADDRESS]:8776/v3/f458120d0a1b4d0ea680b15ba52dd823/group_snapshots returned with HTTP 200
2026-04-08 23:03:18.036 74 INFO cinder.api.openstack.wsgi [None req-f94e5028-e2bc-48dc-abcb-2113bd1b3d8f 29ca5cd9c929420fb1641a8bec7394f0 f458120d0a1b4d0ea680b15ba52dd823 - - default default] DELETE http://[LB_IP_ADDRESS]:8776/v3/f458120d0a1b4d0ea680b15ba52dd823/group_snapshots/0ae0634d-8e88-4d6c-8eac-115c7e06325b
2026-04-08 23:03:18.037 74 INFO cinder.api.v3.group_snapshots [None req-f94e5028-e2bc-48dc-abcb-2113bd1b3d8f 29ca5cd9c929420fb1641a8bec7394f0 f458120d0a1b4d0ea680b15ba52dd823 - - default default] Delete group_snapshot with id: 0ae0634d-8e88-4d6c-8eac-115c7e06325b
2026-04-08 23:03:18.041 74 INFO cinder.api.openstack.wsgi [None req-f94e5028-e2bc-48dc-abcb-2113bd1b3d8f 29ca5cd9c929420fb1641a8bec7394f0 f458120d0a1b4d0ea680b15ba52dd823 - - default default] http://[LB_IP_ADDRESS]:8776/v3/f458120d0a1b4d0ea680b15ba52dd823/group_snapshots/0ae0634d-8e88-4d6c-8eac-115c7e06325b returned with HTTP 404
2026-04-08 23:03:18.052 73 INFO cinder.api.openstack.wsgi [None req-48756145-a830-490c-80ff-e9093d9cb89d 29ca5cd9c929420fb1641a8bec7394f0 f458120d0a1b4d0ea680b15ba52dd823 - - default default] GET http://[LB_IP_ADDRESS]:8776/v3/f458120d0a1b4d0ea680b15ba52dd823/volumes/detail
2026-04-08 23:03:18.067 73 INFO cinder.volume.api [None req-48756145-a830-490c-80ff-e9093d9cb89d 29ca5cd9c929420fb1641a8bec7394f0 f458120d0a1b4d0ea680b15ba52dd823 - - default default] Get all volumes completed successfully.
2026-04-08 23:03:18.093 73 INFO cinder.api.openstack.wsgi [None req-48756145-a830-490c-80ff-e9093d9cb89d 29ca5cd9c929420fb1641a8bec7394f0 f458120d0a1b4d0ea680b15ba52dd823 - - default default] http://[LB_IP_ADDRESS]:8776/v3/f458120d0a1b4d0ea680b15ba52dd823/volumes/detail returned with HTTP 200
2026-04-08 23:03:18.117 72 INFO cinder.api.openstack.wsgi [None req-91818835-0369-4920-b2b0-8fad185869b4 29ca5cd9c929420fb1641a8bec7394f0 f458120d0a1b4d0ea680b15ba52dd823 - - default default] POST http://[LB_IP_ADDRESS]:8776/v3/f458120d0a1b4d0ea680b15ba52dd823/groups/6f677253-b90d-4ddd-92c0-9d3a3d10113f/action
2026-04-08 23:03:18.121 72 INFO cinder.api.v3.groups [None req-91818835-0369-4920-b2b0-8fad185869b4 29ca5cd9c929420fb1641a8bec7394f0 f458120d0a1b4d0ea680b15ba52dd823 - - default default] Delete group with id: 6f677253-b90d-4ddd-92c0-9d3a3d10113f
2026-04-08 23:03:18.185 72 INFO cinder.api.openstack.wsgi [None req-91818835-0369-4920-b2b0-8fad185869b4 29ca5cd9c929420fb1641a8bec7394f0 f458120d0a1b4d0ea680b15ba52dd823 - - default default] http://[LB_IP_ADDRESS]:8776/v3/f458120d0a1b4d0ea680b15ba52dd823/groups/6f677253-b90d-4ddd-92c0-9d3a3d10113f/action returned with HTTP 202
2026-04-08 23:03:18.195 75 INFO cinder.api.openstack.wsgi [None req-917376f8-ce00-46e1-811c-f86f2550334c 29ca5cd9c929420fb1641a8bec7394f0 f458120d0a1b4d0ea680b15ba52dd823 - - default default] GET http://[LB_IP_ADDRESS]:8776/v3/f458120d0a1b4d0ea680b15ba52dd823/volumes/c1fc67c9-185d-43e6-8b10-37acec68d2d5
2026-04-08 23:03:18.210 76 INFO cinder.api.openstack.wsgi [None req-0f0ebe4c-7453-4e8c-9692-35c96eec76e6 - - - - - -] GET http://[LB_IP_ADDRESS]:8776/
2026-04-08 23:03:18.211 76 INFO cinder.api.openstack.wsgi [None req-0f0ebe4c-7453-4e8c-9692-35c96eec76e6 - - - - - -] http://[LB_IP_ADDRESS]:8776/ returned with HTTP 300
2026-04-08 23:03:18.212 75 INFO cinder.volume.api [None req-917376f8-ce00-46e1-811c-f86f2550334c 29ca5cd9c929420fb1641a8bec7394f0 f458120d0a1b4d0ea680b15ba52dd823 - - default default] Volume info retrieved successfully.
2026-04-08 23:03:18.230 75 INFO cinder.api.openstack.wsgi [None req-917376f8-ce00-46e1-811c-f86f2550334c 29ca5cd9c929420fb1641a8bec7394f0 f458120d0a1b4d0ea680b15ba52dd823 - - default default] http://[LB_IP_ADDRESS]:8776/v3/f458120d0a1b4d0ea680b15ba52dd823/volumes/c1fc67c9-185d-43e6-8b10-37acec68d2d5 returned with HTTP 200
2026-04-08 23:03:18.837 74 INFO cinder.api.openstack.wsgi [None req-5553df35-fe87-433a-9858-dab4bbba6b5b 94b7693d2d75475789812a6213d2370b b2192424ecd8431f8b4cd1bce847d9ed - - default default] GET http://[LB_IP_ADDRESS]:8776/v3/b2192424ecd8431f8b4cd1bce847d9ed/volumes/384b06cf-370e-42bb-aab2-8550cc9794ae
2026-04-08 23:03:18.859 74 INFO cinder.volume.api [None req-5553df35-fe87-433a-9858-dab4bbba6b5b 94b7693d2d75475789812a6213d2370b b2192424ecd8431f8b4cd1bce847d9ed - - default default] Volume info retrieved successfully.
2026-04-08 23:03:18.883 74 INFO cinder.api.openstack.wsgi [None req-5553df35-fe87-433a-9858-dab4bbba6b5b 94b7693d2d75475789812a6213d2370b b2192424ecd8431f8b4cd1bce847d9ed - - default default] http://[LB_IP_ADDRESS]:8776/v3/b2192424ecd8431f8b4cd1bce847d9ed/volumes/384b06cf-370e-42bb-aab2-8550cc9794ae returned with HTTP 200
2026-04-08 23:03:19.253 73 INFO cinder.api.openstack.wsgi [None req-63e71e39-9627-4e2b-8ac9-f33b907c4b55 29ca5cd9c929420fb1641a8bec7394f0 f458120d0a1b4d0ea680b15ba52dd823 - - default default] GET http://[LB_IP_ADDRESS]:8776/v3/f458120d0a1b4d0ea680b15ba52dd823/volumes/c1fc67c9-185d-43e6-8b10-37acec68d2d5
2026-04-08 23:03:19.265 73 INFO cinder.api.openstack.wsgi [None req-63e71e39-9627-4e2b-8ac9-f33b907c4b55 29ca5cd9c929420fb1641a8bec7394f0 f458120d0a1b4d0ea680b15ba52dd823 - - default default] http://[LB_IP_ADDRESS]:8776/v3/f458120d0a1b4d0ea680b15ba52dd823/volumes/c1fc67c9-185d-43e6-8b10-37acec68d2d5 returned with HTTP 404
2026-04-08 23:03:19.277 72 INFO cinder.api.openstack.wsgi [None req-b558e8bd-9da9-4855-b242-9964dda9da26 29ca5cd9c929420fb1641a8bec7394f0 f458120d0a1b4d0ea680b15ba52dd823 - - default default] GET http://[LB_IP_ADDRESS]:8776/v3/f458120d0a1b4d0ea680b15ba52dd823/groups/6f677253-b90d-4ddd-92c0-9d3a3d10113f
2026-04-08 23:03:19.283 72 INFO cinder.api.openstack.wsgi [None req-b558e8bd-9da9-4855-b242-9964dda9da26 29ca5cd9c929420fb1641a8bec7394f0 f458120d0a1b4d0ea680b15ba52dd823 - - default default] http://[LB_IP_ADDRESS]:8776/v3/f458120d0a1b4d0ea680b15ba52dd823/groups/6f677253-b90d-4ddd-92c0-9d3a3d10113f returned with HTTP 404
2026-04-08 23:03:19.294 76 INFO cinder.api.openstack.wsgi [None req-ac703aad-04fb-426d-a8c7-466690678618 3f835b2c2a3b4c84aa0e57d2674ed398 60f6f836e8384d3b8809ed270e6e8de3 - - default default] DELETE http://[LB_IP_ADDRESS]:8776/v3/60f6f836e8384d3b8809ed270e6e8de3/group_types/49e44d78-fa60-4272-aaab-d3ff58f0c961
2026-04-08 23:03:19.313 76 INFO cinder.api.openstack.wsgi [None req-ac703aad-04fb-426d-a8c7-466690678618 3f835b2c2a3b4c84aa0e57d2674ed398 60f6f836e8384d3b8809ed270e6e8de3 - - default default] http://[LB_IP_ADDRESS]:8776/v3/60f6f836e8384d3b8809ed270e6e8de3/group_types/49e44d78-fa60-4272-aaab-d3ff58f0c961 returned with HTTP 202
2026-04-08 23:03:19.323 75 INFO cinder.api.openstack.wsgi [None req-a20e06fa-f4d6-4da4-91ff-71b396ae16bb 3f835b2c2a3b4c84aa0e57d2674ed398 60f6f836e8384d3b8809ed270e6e8de3 - - default default] DELETE http://[LB_IP_ADDRESS]:8776/v3/60f6f836e8384d3b8809ed270e6e8de3/types/57d31452-d989-44d1-b4b0-d6d89af985ff
2026-04-08 23:03:19.370 75 INFO cinder.api.openstack.wsgi [None req-a20e06fa-f4d6-4da4-91ff-71b396ae16bb 3f835b2c2a3b4c84aa0e57d2674ed398 60f6f836e8384d3b8809ed270e6e8de3 - - default default] http://[LB_IP_ADDRESS]:8776/v3/60f6f836e8384d3b8809ed270e6e8de3/types/57d31452-d989-44d1-b4b0-d6d89af985ff returned with HTTP 202
2026-04-08 23:03:19.382 74 INFO cinder.api.openstack.wsgi [None req-2e8fdd21-6c0e-49d0-b49d-d1aacef84d9e 3f835b2c2a3b4c84aa0e57d2674ed398 60f6f836e8384d3b8809ed270e6e8de3 - - default default] GET http://[LB_IP_ADDRESS]:8776/v3/60f6f836e8384d3b8809ed270e6e8de3/types/57d31452-d989-44d1-b4b0-d6d89af985ff
2026-04-08 23:03:19.388 74 INFO cinder.api.openstack.wsgi [None req-2e8fdd21-6c0e-49d0-b49d-d1aacef84d9e 3f835b2c2a3b4c84aa0e57d2674ed398 60f6f836e8384d3b8809ed270e6e8de3 - - default default] http://[LB_IP_ADDRESS]:8776/v3/60f6f836e8384d3b8809ed270e6e8de3/types/57d31452-d989-44d1-b4b0-d6d89af985ff returned with HTTP 404
2026-04-08 23:03:19.905 73 INFO cinder.api.openstack.wsgi [None req-ff2c1a69-80b0-441c-b9e7-816896f4f1bc 94b7693d2d75475789812a6213d2370b b2192424ecd8431f8b4cd1bce847d9ed - - default default] GET http://[LB_IP_ADDRESS]:8776/v3/b2192424ecd8431f8b4cd1bce847d9ed/volumes/384b06cf-370e-42bb-aab2-8550cc9794ae
2026-04-08 23:03:19.928 73 INFO cinder.volume.api [None req-ff2c1a69-80b0-441c-b9e7-816896f4f1bc 94b7693d2d75475789812a6213d2370b b2192424ecd8431f8b4cd1bce847d9ed - - default default] Volume info retrieved successfully.
2026-04-08 23:03:19.954 73 INFO cinder.api.openstack.wsgi [None req-ff2c1a69-80b0-441c-b9e7-816896f4f1bc 94b7693d2d75475789812a6213d2370b b2192424ecd8431f8b4cd1bce847d9ed - - default default] http://[LB_IP_ADDRESS]:8776/v3/b2192424ecd8431f8b4cd1bce847d9ed/volumes/384b06cf-370e-42bb-aab2-8550cc9794ae returned with HTTP 200
2026-04-08 23:03:19.978 72 INFO cinder.api.openstack.wsgi [None req-14176d6f-231f-4b72-8499-929b731e3943 94b7693d2d75475789812a6213d2370b b2192424ecd8431f8b4cd1bce847d9ed - - default default] GET http://[LB_IP_ADDRESS]:8776/v3/b2192424ecd8431f8b4cd1bce847d9ed/groups/faa9952d-4867-40ad-88b6-3e75f75622ce
2026-04-08 23:03:20.000 72 INFO cinder.api.openstack.wsgi [None req-14176d6f-231f-4b72-8499-929b731e3943 94b7693d2d75475789812a6213d2370b b2192424ecd8431f8b4cd1bce847d9ed - - default default] http://[LB_IP_ADDRESS]:8776/v3/b2192424ecd8431f8b4cd1bce847d9ed/groups/faa9952d-4867-40ad-88b6-3e75f75622ce returned with HTTP 200
2026-04-08 23:03:20.017 76 INFO cinder.api.openstack.wsgi [None req-c066e5e5-0017-4f6e-b96e-ebc095ca2be9 94b7693d2d75475789812a6213d2370b b2192424ecd8431f8b4cd1bce847d9ed - - default default] GET http://[LB_IP_ADDRESS]:8776/v3/b2192424ecd8431f8b4cd1bce847d9ed/volumes/detail
2026-04-08 23:03:20.033 76 INFO cinder.volume.api [None req-c066e5e5-0017-4f6e-b96e-ebc095ca2be9 94b7693d2d75475789812a6213d2370b b2192424ecd8431f8b4cd1bce847d9ed - - default default] Get all volumes completed successfully.
2026-04-08 23:03:20.075 76 INFO cinder.api.openstack.wsgi [None req-c066e5e5-0017-4f6e-b96e-ebc095ca2be9 94b7693d2d75475789812a6213d2370b b2192424ecd8431f8b4cd1bce847d9ed - - default default] http://[LB_IP_ADDRESS]:8776/v3/b2192424ecd8431f8b4cd1bce847d9ed/volumes/detail returned with HTTP 200
2026-04-08 23:03:20.100 75 INFO cinder.api.openstack.wsgi [None req-9a44012f-ed2f-4d0a-8a08-fddda88c2b84 94b7693d2d75475789812a6213d2370b b2192424ecd8431f8b4cd1bce847d9ed - - default default] POST http://[LB_IP_ADDRESS]:8776/v3/b2192424ecd8431f8b4cd1bce847d9ed/groups/faa9952d-4867-40ad-88b6-3e75f75622ce/action
2026-04-08 23:03:20.104 75 INFO cinder.api.v3.groups [None req-9a44012f-ed2f-4d0a-8a08-fddda88c2b84 94b7693d2d75475789812a6213d2370b b2192424ecd8431f8b4cd1bce847d9ed - - default default] Delete group with id: faa9952d-4867-40ad-88b6-3e75f75622ce
2026-04-08 23:03:20.169 75 INFO cinder.api.openstack.wsgi [None req-9a44012f-ed2f-4d0a-8a08-fddda88c2b84 94b7693d2d75475789812a6213d2370b b2192424ecd8431f8b4cd1bce847d9ed - - default default] http://[LB_IP_ADDRESS]:8776/v3/b2192424ecd8431f8b4cd1bce847d9ed/groups/faa9952d-4867-40ad-88b6-3e75f75622ce/action returned with HTTP 202
