2026-05-20 16:19:51.545 72 INFO cinder.api.v3.volumes [req-e4f7bdd2-43e3-490b-90b8-8ff16105323d req-eec7a3aa-9d65-4c17-b8bb-fcf419e6b473 1bfb537fadfe4982a725b35d2986c4e2 bf1dff84afb14d929eaf8af9d9913f01 - - default default] Delete volume with id: tempest-invalid-704642971 
2026-05-20 16:19:51.559 72 INFO cinder.api.openstack.wsgi [req-e4f7bdd2-43e3-490b-90b8-8ff16105323d req-eec7a3aa-9d65-4c17-b8bb-fcf419e6b473 1bfb537fadfe4982a725b35d2986c4e2 bf1dff84afb14d929eaf8af9d9913f01 - - default default] http://[LB_IP_ADDRESS]:8776/v3/volumes/tempest-invalid-704642971 returned with HTTP 404
2026-05-20 16:19:51.622 76 INFO cinder.api.openstack.wsgi [req-e90d6122-5ab8-47fd-bd00-740d113b2ad1 req-792a47e5-c8be-4095-ba1b-424d072bf0c6 1bfb537fadfe4982a725b35d2986c4e2 bf1dff84afb14d929eaf8af9d9913f01 - - default default] DELETE http://[LB_IP_ADDRESS]:8776/v3/volumes/82f57613-07a6-46e4-8d4c-73c19b902b0c
2026-05-20 16:19:51.623 76 INFO cinder.api.v3.volumes [req-e90d6122-5ab8-47fd-bd00-740d113b2ad1 req-792a47e5-c8be-4095-ba1b-424d072bf0c6 1bfb537fadfe4982a725b35d2986c4e2 bf1dff84afb14d929eaf8af9d9913f01 - - default default] Delete volume with id: 82f57613-07a6-46e4-8d4c-73c19b902b0c 
2026-05-20 16:19:51.633 76 INFO cinder.api.openstack.wsgi [req-e90d6122-5ab8-47fd-bd00-740d113b2ad1 req-792a47e5-c8be-4095-ba1b-424d072bf0c6 1bfb537fadfe4982a725b35d2986c4e2 bf1dff84afb14d929eaf8af9d9913f01 - - default default] http://[LB_IP_ADDRESS]:8776/v3/volumes/82f57613-07a6-46e4-8d4c-73c19b902b0c returned with HTTP 404
2026-05-20 16:19:51.664 73 INFO cinder.api.openstack.wsgi [req-604ce4de-67b5-4715-b059-fc644d16e0fb req-d71bebea-bddc-4783-8fc2-057d492edc3d 1bfb537fadfe4982a725b35d2986c4e2 bf1dff84afb14d929eaf8af9d9913f01 - - default default] GET http://[LB_IP_ADDRESS]:8776/v3/volumes/1a837806-cb13-459c-bf7c-5409b5d67a94
2026-05-20 16:19:51.673 73 INFO cinder.api.openstack.wsgi [req-604ce4de-67b5-4715-b059-fc644d16e0fb req-d71bebea-bddc-4783-8fc2-057d492edc3d 1bfb537fadfe4982a725b35d2986c4e2 bf1dff84afb14d929eaf8af9d9913f01 - - default default] http://[LB_IP_ADDRESS]:8776/v3/volumes/1a837806-cb13-459c-bf7c-5409b5d67a94 returned with HTTP 404
2026-05-20 16:19:52.006 75 INFO cinder.api.openstack.wsgi [None req-12fa1d26-4694-476c-814e-9ebd18469818 b7d50adce7514983a17e081c2ac3d635 367acd91f2ed491e98e0db9ea9c26142 - - default default] GET http://[LB_IP_ADDRESS]:8776/v3/367acd91f2ed491e98e0db9ea9c26142/volumes/25360278-fbb3-4a0a-a3b0-2809ca1602b6
2026-05-20 16:19:52.024 75 INFO cinder.volume.api [None req-12fa1d26-4694-476c-814e-9ebd18469818 b7d50adce7514983a17e081c2ac3d635 367acd91f2ed491e98e0db9ea9c26142 - - default default] Volume info retrieved successfully.
2026-05-20 16:19:52.050 75 INFO cinder.api.openstack.wsgi [None req-12fa1d26-4694-476c-814e-9ebd18469818 b7d50adce7514983a17e081c2ac3d635 367acd91f2ed491e98e0db9ea9c26142 - - default default] http://[LB_IP_ADDRESS]:8776/v3/367acd91f2ed491e98e0db9ea9c26142/volumes/25360278-fbb3-4a0a-a3b0-2809ca1602b6 returned with HTTP 200
2026-05-20 16:19:52.071 74 INFO cinder.api.openstack.wsgi [None req-c4bf8dcb-463c-41ba-9e58-1a354c2fd7da b7d50adce7514983a17e081c2ac3d635 367acd91f2ed491e98e0db9ea9c26142 - - default default] POST http://[LB_IP_ADDRESS]:8776/v3/367acd91f2ed491e98e0db9ea9c26142/group_snapshots
2026-05-20 16:19:52.085 74 INFO cinder.api.v3.group_snapshots [None req-c4bf8dcb-463c-41ba-9e58-1a354c2fd7da b7d50adce7514983a17e081c2ac3d635 367acd91f2ed491e98e0db9ea9c26142 - - default default] Creating group_snapshot tempest-group_snapshot-573601738.
2026-05-20 16:19:52.121 74 WARNING cinder.quota [None req-c4bf8dcb-463c-41ba-9e58-1a354c2fd7da b7d50adce7514983a17e081c2ac3d635 367acd91f2ed491e98e0db9ea9c26142 - - default default] Deprecated: Default quota for resource: gigabytes_tempest-GroupSnapshotsTest-volume-type-1757807654 is set by the default quota flag: quota_gigabytes_tempest-GroupSnapshotsTest-volume-type-1757807654, it is now deprecated. Please use the default quota class for default quota.
2026-05-20 16:19:52.122 74 WARNING cinder.quota [None req-c4bf8dcb-463c-41ba-9e58-1a354c2fd7da b7d50adce7514983a17e081c2ac3d635 367acd91f2ed491e98e0db9ea9c26142 - - default default] Deprecated: Default quota for resource: snapshots_tempest-GroupSnapshotsTest-volume-type-1757807654 is set by the default quota flag: quota_snapshots_tempest-GroupSnapshotsTest-volume-type-1757807654, it is now deprecated. Please use the default quota class for default quota.
2026-05-20 16:19:52.175 74 INFO cinder.api.openstack.wsgi [None req-c4bf8dcb-463c-41ba-9e58-1a354c2fd7da b7d50adce7514983a17e081c2ac3d635 367acd91f2ed491e98e0db9ea9c26142 - - default default] http://[LB_IP_ADDRESS]:8776/v3/367acd91f2ed491e98e0db9ea9c26142/group_snapshots returned with HTTP 202
2026-05-20 16:19:52.189 72 INFO cinder.api.openstack.wsgi [None req-75bf4d4d-655d-4b0a-95cf-5e74f0d27c60 b7d50adce7514983a17e081c2ac3d635 367acd91f2ed491e98e0db9ea9c26142 - - default default] GET http://[LB_IP_ADDRESS]:8776/v3/367acd91f2ed491e98e0db9ea9c26142/group_snapshots/dcf4762f-926f-402d-a9f2-ca4eb41a1233
2026-05-20 16:19:52.200 72 INFO cinder.api.openstack.wsgi [None req-75bf4d4d-655d-4b0a-95cf-5e74f0d27c60 b7d50adce7514983a17e081c2ac3d635 367acd91f2ed491e98e0db9ea9c26142 - - default default] http://[LB_IP_ADDRESS]:8776/v3/367acd91f2ed491e98e0db9ea9c26142/group_snapshots/dcf4762f-926f-402d-a9f2-ca4eb41a1233 returned with HTTP 200
2026-05-20 16:19:52.280 76 INFO cinder.api.openstack.wsgi [None req-d509335b-bf8a-4a92-9a3b-99a76f4366d4 efbb76a515a34101a62376b55231fea9 f23f68e82fa546eda29e5c9801607f2a - - default default] GET http://[LB_IP_ADDRESS]:8776/v3/f23f68e82fa546eda29e5c9801607f2a/volumes/96fbcc82-741a-467a-8f82-f43b57de197f
2026-05-20 16:19:52.297 76 INFO cinder.volume.api [None req-d509335b-bf8a-4a92-9a3b-99a76f4366d4 efbb76a515a34101a62376b55231fea9 f23f68e82fa546eda29e5c9801607f2a - - default default] Volume info retrieved successfully.
2026-05-20 16:19:52.302 76 INFO cinder.api.openstack.wsgi [None req-d509335b-bf8a-4a92-9a3b-99a76f4366d4 efbb76a515a34101a62376b55231fea9 f23f68e82fa546eda29e5c9801607f2a - - default default] http://[LB_IP_ADDRESS]:8776/v3/f23f68e82fa546eda29e5c9801607f2a/volumes/96fbcc82-741a-467a-8f82-f43b57de197f returned with HTTP 200
2026-05-20 16:19:53.216 73 INFO cinder.api.openstack.wsgi [None req-5de695a2-3631-4bfd-8133-04d8edf44b45 b7d50adce7514983a17e081c2ac3d635 367acd91f2ed491e98e0db9ea9c26142 - - default default] GET http://[LB_IP_ADDRESS]:8776/v3/367acd91f2ed491e98e0db9ea9c26142/group_snapshots/dcf4762f-926f-402d-a9f2-ca4eb41a1233
2026-05-20 16:19:53.228 73 INFO cinder.api.openstack.wsgi [None req-5de695a2-3631-4bfd-8133-04d8edf44b45 b7d50adce7514983a17e081c2ac3d635 367acd91f2ed491e98e0db9ea9c26142 - - default default] http://[LB_IP_ADDRESS]:8776/v3/367acd91f2ed491e98e0db9ea9c26142/group_snapshots/dcf4762f-926f-402d-a9f2-ca4eb41a1233 returned with HTTP 200
2026-05-20 16:19:53.323 75 INFO cinder.api.openstack.wsgi [None req-f1a1b6ee-0488-4027-abbc-531e77b1bc6d efbb76a515a34101a62376b55231fea9 f23f68e82fa546eda29e5c9801607f2a - - default default] GET http://[LB_IP_ADDRESS]:8776/v3/f23f68e82fa546eda29e5c9801607f2a/volumes/96fbcc82-741a-467a-8f82-f43b57de197f
2026-05-20 16:19:53.340 75 INFO cinder.volume.api [None req-f1a1b6ee-0488-4027-abbc-531e77b1bc6d efbb76a515a34101a62376b55231fea9 f23f68e82fa546eda29e5c9801607f2a - - default default] Volume info retrieved successfully.
2026-05-20 16:19:53.344 75 INFO cinder.api.openstack.wsgi [None req-f1a1b6ee-0488-4027-abbc-531e77b1bc6d efbb76a515a34101a62376b55231fea9 f23f68e82fa546eda29e5c9801607f2a - - default default] http://[LB_IP_ADDRESS]:8776/v3/f23f68e82fa546eda29e5c9801607f2a/volumes/96fbcc82-741a-467a-8f82-f43b57de197f returned with HTTP 200
2026-05-20 16:19:53.376 74 INFO cinder.api.openstack.wsgi [req-d0844a27-408d-481a-ab5f-48b3ff8ad078 req-80534959-ccf4-4b4d-ad5c-e869204d7795 efbb76a515a34101a62376b55231fea9 f23f68e82fa546eda29e5c9801607f2a - - default default] GET http://[LB_IP_ADDRESS]:8776/v3/volumes/96fbcc82-741a-467a-8f82-f43b57de197f
2026-05-20 16:19:53.388 74 INFO cinder.volume.api [req-d0844a27-408d-481a-ab5f-48b3ff8ad078 req-80534959-ccf4-4b4d-ad5c-e869204d7795 efbb76a515a34101a62376b55231fea9 f23f68e82fa546eda29e5c9801607f2a - - default default] Volume info retrieved successfully.
2026-05-20 16:19:53.393 74 INFO cinder.api.openstack.wsgi [req-d0844a27-408d-481a-ab5f-48b3ff8ad078 req-80534959-ccf4-4b4d-ad5c-e869204d7795 efbb76a515a34101a62376b55231fea9 f23f68e82fa546eda29e5c9801607f2a - - default default] http://[LB_IP_ADDRESS]:8776/v3/volumes/96fbcc82-741a-467a-8f82-f43b57de197f returned with HTTP 200
2026-05-20 16:19:53.409 72 INFO cinder.api.openstack.wsgi [None req-8dc781b8-6084-42f8-9530-4f557c292071 efbb76a515a34101a62376b55231fea9 f23f68e82fa546eda29e5c9801607f2a - - default default] POST http://[LB_IP_ADDRESS]:8776/v3/f23f68e82fa546eda29e5c9801607f2a/volumes
2026-05-20 16:19:53.414 72 INFO cinder.api.v3.volumes [None req-8dc781b8-6084-42f8-9530-4f557c292071 efbb76a515a34101a62376b55231fea9 f23f68e82fa546eda29e5c9801607f2a - - default default] Create volume of 1 GB
2026-05-20 16:19:53.426 72 INFO cinder.volume.api [None req-8dc781b8-6084-42f8-9530-4f557c292071 efbb76a515a34101a62376b55231fea9 f23f68e82fa546eda29e5c9801607f2a - - default default] Availability Zones retrieved successfully.
2026-05-20 16:19:53.598 72 INFO cinder.volume.api [None req-8dc781b8-6084-42f8-9530-4f557c292071 efbb76a515a34101a62376b55231fea9 f23f68e82fa546eda29e5c9801607f2a - - default default] Create volume request issued successfully.
2026-05-20 16:19:53.599 72 INFO cinder.api.openstack.wsgi [None req-8dc781b8-6084-42f8-9530-4f557c292071 efbb76a515a34101a62376b55231fea9 f23f68e82fa546eda29e5c9801607f2a - - default default] http://[LB_IP_ADDRESS]:8776/v3/f23f68e82fa546eda29e5c9801607f2a/volumes returned with HTTP 202
2026-05-20 16:19:53.618 76 INFO cinder.api.openstack.wsgi [None req-07b4543a-794d-4f22-a2be-660385e17394 efbb76a515a34101a62376b55231fea9 f23f68e82fa546eda29e5c9801607f2a - - default default] GET http://[LB_IP_ADDRESS]:8776/v3/f23f68e82fa546eda29e5c9801607f2a/volumes/52e3cd82-7e94-434d-84ef-b9971c097244
2026-05-20 16:19:53.635 76 INFO cinder.volume.api [None req-07b4543a-794d-4f22-a2be-660385e17394 efbb76a515a34101a62376b55231fea9 f23f68e82fa546eda29e5c9801607f2a - - default default] Volume info retrieved successfully.
2026-05-20 16:19:53.639 76 INFO cinder.api.openstack.wsgi [None req-07b4543a-794d-4f22-a2be-660385e17394 efbb76a515a34101a62376b55231fea9 f23f68e82fa546eda29e5c9801607f2a - - default default] http://[LB_IP_ADDRESS]:8776/v3/f23f68e82fa546eda29e5c9801607f2a/volumes/52e3cd82-7e94-434d-84ef-b9971c097244 returned with HTTP 200
2026-05-20 16:19:54.244 73 INFO cinder.api.openstack.wsgi [None req-ee0b7a3f-9c10-45e0-92a0-effbd91bae8c b7d50adce7514983a17e081c2ac3d635 367acd91f2ed491e98e0db9ea9c26142 - - default default] GET http://[LB_IP_ADDRESS]:8776/v3/367acd91f2ed491e98e0db9ea9c26142/group_snapshots/dcf4762f-926f-402d-a9f2-ca4eb41a1233
2026-05-20 16:19:54.256 73 INFO cinder.api.openstack.wsgi [None req-ee0b7a3f-9c10-45e0-92a0-effbd91bae8c b7d50adce7514983a17e081c2ac3d635 367acd91f2ed491e98e0db9ea9c26142 - - default default] http://[LB_IP_ADDRESS]:8776/v3/367acd91f2ed491e98e0db9ea9c26142/group_snapshots/dcf4762f-926f-402d-a9f2-ca4eb41a1233 returned with HTTP 200
2026-05-20 16:19:54.270 75 INFO cinder.api.openstack.wsgi [None req-38f39133-e2d3-49f7-bade-ee5d836236a1 b7d50adce7514983a17e081c2ac3d635 367acd91f2ed491e98e0db9ea9c26142 - - default default] GET http://[LB_IP_ADDRESS]:8776/v3/367acd91f2ed491e98e0db9ea9c26142/snapshots/detail
2026-05-20 16:19:54.277 75 INFO cinder.volume.api [None req-38f39133-e2d3-49f7-bade-ee5d836236a1 b7d50adce7514983a17e081c2ac3d635 367acd91f2ed491e98e0db9ea9c26142 - - default default] Get all snapshots completed successfully.
2026-05-20 16:19:54.278 75 INFO cinder.api.openstack.wsgi [None req-38f39133-e2d3-49f7-bade-ee5d836236a1 b7d50adce7514983a17e081c2ac3d635 367acd91f2ed491e98e0db9ea9c26142 - - default default] http://[LB_IP_ADDRESS]:8776/v3/367acd91f2ed491e98e0db9ea9c26142/snapshots/detail returned with HTTP 200
2026-05-20 16:19:54.298 74 INFO cinder.api.openstack.wsgi [None req-5ce4ec0c-11c3-487a-be32-dc85d3fdb0fd b7d50adce7514983a17e081c2ac3d635 367acd91f2ed491e98e0db9ea9c26142 - - default default] GET http://[LB_IP_ADDRESS]:8776/v3/367acd91f2ed491e98e0db9ea9c26142/snapshots/232b2700-4d3a-4a0b-9c7c-36b1cc2e2aaa
2026-05-20 16:19:54.313 74 INFO cinder.volume.api [None req-5ce4ec0c-11c3-487a-be32-dc85d3fdb0fd b7d50adce7514983a17e081c2ac3d635 367acd91f2ed491e98e0db9ea9c26142 - - default default] Snapshot retrieved successfully.
2026-05-20 16:19:54.315 74 INFO cinder.api.openstack.wsgi [None req-5ce4ec0c-11c3-487a-be32-dc85d3fdb0fd b7d50adce7514983a17e081c2ac3d635 367acd91f2ed491e98e0db9ea9c26142 - - default default] http://[LB_IP_ADDRESS]:8776/v3/367acd91f2ed491e98e0db9ea9c26142/snapshots/232b2700-4d3a-4a0b-9c7c-36b1cc2e2aaa returned with HTTP 200
2026-05-20 16:19:54.333 72 INFO cinder.api.openstack.wsgi [None req-f4ff588e-a71b-46d4-af6b-966853148030 b7d50adce7514983a17e081c2ac3d635 367acd91f2ed491e98e0db9ea9c26142 - - default default] POST http://[LB_IP_ADDRESS]:8776/v3/367acd91f2ed491e98e0db9ea9c26142/groups/action
2026-05-20 16:19:54.336 72 INFO cinder.api.v3.groups [None req-f4ff588e-a71b-46d4-af6b-966853148030 b7d50adce7514983a17e081c2ac3d635 367acd91f2ed491e98e0db9ea9c26142 - - default default] Creating group tempest-Group_from_snap-1343094204 from group_snapshot dcf4762f-926f-402d-a9f2-ca4eb41a1233.
2026-05-20 16:19:54.662 76 INFO cinder.api.openstack.wsgi [None req-c20a2d6b-d4e0-4aab-90bf-e38a7b18d5dc efbb76a515a34101a62376b55231fea9 f23f68e82fa546eda29e5c9801607f2a - - default default] GET http://[LB_IP_ADDRESS]:8776/v3/f23f68e82fa546eda29e5c9801607f2a/volumes/52e3cd82-7e94-434d-84ef-b9971c097244
2026-05-20 16:19:54.678 76 INFO cinder.volume.api [None req-c20a2d6b-d4e0-4aab-90bf-e38a7b18d5dc efbb76a515a34101a62376b55231fea9 f23f68e82fa546eda29e5c9801607f2a - - default default] Volume info retrieved successfully.
2026-05-20 16:19:54.683 76 INFO cinder.api.openstack.wsgi [None req-c20a2d6b-d4e0-4aab-90bf-e38a7b18d5dc efbb76a515a34101a62376b55231fea9 f23f68e82fa546eda29e5c9801607f2a - - default default] http://[LB_IP_ADDRESS]:8776/v3/f23f68e82fa546eda29e5c9801607f2a/volumes/52e3cd82-7e94-434d-84ef-b9971c097244 returned with HTTP 200
2026-05-20 16:19:54.926 73 INFO cinder.api.openstack.wsgi [None req-6060c14d-abdf-4ff3-8e31-539fce896197 739963f082b846d18ae6e63b16e3bb44 f7821cc12878451cbf7b286753043747 - - default default] POST http://[LB_IP_ADDRESS]:8776/v3/f7821cc12878451cbf7b286753043747/group_types
2026-05-20 16:19:54.932 72 INFO cinder.group.api [None req-f4ff588e-a71b-46d4-af6b-966853148030 b7d50adce7514983a17e081c2ac3d635 367acd91f2ed491e98e0db9ea9c26142 - - default default] A mapping entry already exists for group b0c72e36-d5ab-4194-a90b-ccda201891f2 and volume type 326683e0-9320-4cd0-865a-830e34e27d05. Do not need to create again.
2026-05-20 16:19:54.938 72 INFO cinder.volume.api [None req-f4ff588e-a71b-46d4-af6b-966853148030 b7d50adce7514983a17e081c2ac3d635 367acd91f2ed491e98e0db9ea9c26142 - - default default] Availability Zones retrieved successfully.
2026-05-20 16:19:54.951 73 INFO cinder.api.openstack.wsgi [None req-6060c14d-abdf-4ff3-8e31-539fce896197 739963f082b846d18ae6e63b16e3bb44 f7821cc12878451cbf7b286753043747 - - default default] http://[LB_IP_ADDRESS]:8776/v3/f7821cc12878451cbf7b286753043747/group_types returned with HTTP 202
2026-05-20 16:19:54.968 75 INFO cinder.api.openstack.wsgi [None req-efb0833a-43f6-4f33-a4a5-4f512733731b 739963f082b846d18ae6e63b16e3bb44 f7821cc12878451cbf7b286753043747 - - default default] POST http://[LB_IP_ADDRESS]:8776/v3/f7821cc12878451cbf7b286753043747/group_types/7e5b6596-51d7-4cd7-b1bb-7ba63f817f0a/group_specs
2026-05-20 16:19:54.991 75 INFO cinder.api.openstack.wsgi [None req-efb0833a-43f6-4f33-a4a5-4f512733731b 739963f082b846d18ae6e63b16e3bb44 f7821cc12878451cbf7b286753043747 - - default default] http://[LB_IP_ADDRESS]:8776/v3/f7821cc12878451cbf7b286753043747/group_types/7e5b6596-51d7-4cd7-b1bb-7ba63f817f0a/group_specs returned with HTTP 202
2026-05-20 16:19:55.008 74 INFO cinder.api.openstack.wsgi [None req-c5dbea46-7895-42c9-a039-31b0c6914ee6 739963f082b846d18ae6e63b16e3bb44 f7821cc12878451cbf7b286753043747 - - default default] POST http://[LB_IP_ADDRESS]:8776/v3/f7821cc12878451cbf7b286753043747/group_types/7e5b6596-51d7-4cd7-b1bb-7ba63f817f0a/group_specs
2026-05-20 16:19:55.011 72 WARNING cinder.quota [None req-f4ff588e-a71b-46d4-af6b-966853148030 b7d50adce7514983a17e081c2ac3d635 367acd91f2ed491e98e0db9ea9c26142 - - default default] Deprecated: Default quota for resource: volumes_tempest-GroupSnapshotsTest-volume-type-1757807654 is set by the default quota flag: quota_volumes_tempest-GroupSnapshotsTest-volume-type-1757807654, it is now deprecated. Please use the default quota class for default quota.
2026-05-20 16:19:55.024 74 INFO cinder.api.openstack.wsgi [None req-c5dbea46-7895-42c9-a039-31b0c6914ee6 739963f082b846d18ae6e63b16e3bb44 f7821cc12878451cbf7b286753043747 - - default default] http://[LB_IP_ADDRESS]:8776/v3/f7821cc12878451cbf7b286753043747/group_types/7e5b6596-51d7-4cd7-b1bb-7ba63f817f0a/group_specs returned with HTTP 202
2026-05-20 16:19:55.040 76 INFO cinder.api.openstack.wsgi [None req-1d444b0d-d4b9-4b2c-a968-757a4e98db60 739963f082b846d18ae6e63b16e3bb44 f7821cc12878451cbf7b286753043747 - - default default] GET http://[LB_IP_ADDRESS]:8776/v3/f7821cc12878451cbf7b286753043747/group_types/7e5b6596-51d7-4cd7-b1bb-7ba63f817f0a/group_specs/key2
2026-05-20 16:19:55.050 76 INFO cinder.api.openstack.wsgi [None req-1d444b0d-d4b9-4b2c-a968-757a4e98db60 739963f082b846d18ae6e63b16e3bb44 f7821cc12878451cbf7b286753043747 - - default default] http://[LB_IP_ADDRESS]:8776/v3/f7821cc12878451cbf7b286753043747/group_types/7e5b6596-51d7-4cd7-b1bb-7ba63f817f0a/group_specs/key2 returned with HTTP 200
2026-05-20 16:19:55.062 72 INFO cinder.volume.api [None req-f4ff588e-a71b-46d4-af6b-966853148030 b7d50adce7514983a17e081c2ac3d635 367acd91f2ed491e98e0db9ea9c26142 - - default default] Create volume request issued successfully.
2026-05-20 16:19:55.066 73 INFO cinder.api.openstack.wsgi [None req-2361ed74-4228-4e90-b462-554d7a9ba1e2 739963f082b846d18ae6e63b16e3bb44 f7821cc12878451cbf7b286753043747 - - default default] GET http://[LB_IP_ADDRESS]:8776/v3/f7821cc12878451cbf7b286753043747/group_types/7e5b6596-51d7-4cd7-b1bb-7ba63f817f0a/group_specs/key3
2026-05-20 16:19:55.077 72 INFO cinder.api.openstack.wsgi [None req-f4ff588e-a71b-46d4-af6b-966853148030 b7d50adce7514983a17e081c2ac3d635 367acd91f2ed491e98e0db9ea9c26142 - - default default] http://[LB_IP_ADDRESS]:8776/v3/367acd91f2ed491e98e0db9ea9c26142/groups/action returned with HTTP 202
2026-05-20 16:19:55.078 73 INFO cinder.api.openstack.wsgi [None req-2361ed74-4228-4e90-b462-554d7a9ba1e2 739963f082b846d18ae6e63b16e3bb44 f7821cc12878451cbf7b286753043747 - - default default] http://[LB_IP_ADDRESS]:8776/v3/f7821cc12878451cbf7b286753043747/group_types/7e5b6596-51d7-4cd7-b1bb-7ba63f817f0a/group_specs/key3 returned with HTTP 200
2026-05-20 16:19:55.093 75 INFO cinder.api.openstack.wsgi [None req-8940e07a-f80f-4a1d-a8a3-6799b65e4d6c b7d50adce7514983a17e081c2ac3d635 367acd91f2ed491e98e0db9ea9c26142 - - default default] GET http://[LB_IP_ADDRESS]:8776/v3/367acd91f2ed491e98e0db9ea9c26142/volumes/detail
2026-05-20 16:19:55.094 74 INFO cinder.api.openstack.wsgi [None req-773a51b0-e6ea-44c3-bfa2-a5ebe414deef 739963f082b846d18ae6e63b16e3bb44 f7821cc12878451cbf7b286753043747 - - default default] PUT http://[LB_IP_ADDRESS]:8776/v3/f7821cc12878451cbf7b286753043747/group_types/7e5b6596-51d7-4cd7-b1bb-7ba63f817f0a/group_specs/key3
2026-05-20 16:19:55.107 74 INFO cinder.api.openstack.wsgi [None req-773a51b0-e6ea-44c3-bfa2-a5ebe414deef 739963f082b846d18ae6e63b16e3bb44 f7821cc12878451cbf7b286753043747 - - default default] http://[LB_IP_ADDRESS]:8776/v3/f7821cc12878451cbf7b286753043747/group_types/7e5b6596-51d7-4cd7-b1bb-7ba63f817f0a/group_specs/key3 returned with HTTP 200
2026-05-20 16:19:55.107 75 INFO cinder.volume.api [None req-8940e07a-f80f-4a1d-a8a3-6799b65e4d6c b7d50adce7514983a17e081c2ac3d635 367acd91f2ed491e98e0db9ea9c26142 - - default default] Get all volumes completed successfully.
2026-05-20 16:19:55.123 76 INFO cinder.api.openstack.wsgi [None req-67940ccc-2596-43b9-a151-60f5ea87a20a 739963f082b846d18ae6e63b16e3bb44 f7821cc12878451cbf7b286753043747 - - default default] GET http://[LB_IP_ADDRESS]:8776/v3/f7821cc12878451cbf7b286753043747/group_types/7e5b6596-51d7-4cd7-b1bb-7ba63f817f0a/group_specs
2026-05-20 16:19:55.133 76 INFO cinder.api.openstack.wsgi [None req-67940ccc-2596-43b9-a151-60f5ea87a20a 739963f082b846d18ae6e63b16e3bb44 f7821cc12878451cbf7b286753043747 - - default default] http://[LB_IP_ADDRESS]:8776/v3/f7821cc12878451cbf7b286753043747/group_types/7e5b6596-51d7-4cd7-b1bb-7ba63f817f0a/group_specs returned with HTTP 200
2026-05-20 16:19:55.148 72 INFO cinder.api.openstack.wsgi [None req-a9048d91-21c2-415c-bd1b-5099d44562ff 739963f082b846d18ae6e63b16e3bb44 f7821cc12878451cbf7b286753043747 - - default default] DELETE http://[LB_IP_ADDRESS]:8776/v3/f7821cc12878451cbf7b286753043747/group_types/7e5b6596-51d7-4cd7-b1bb-7ba63f817f0a/group_specs/key1
2026-05-20 16:19:55.154 75 INFO cinder.api.openstack.wsgi [None req-8940e07a-f80f-4a1d-a8a3-6799b65e4d6c b7d50adce7514983a17e081c2ac3d635 367acd91f2ed491e98e0db9ea9c26142 - - default default] http://[LB_IP_ADDRESS]:8776/v3/367acd91f2ed491e98e0db9ea9c26142/volumes/detail returned with HTTP 200
2026-05-20 16:19:55.160 72 INFO cinder.api.openstack.wsgi [None req-a9048d91-21c2-415c-bd1b-5099d44562ff 739963f082b846d18ae6e63b16e3bb44 f7821cc12878451cbf7b286753043747 - - default default] http://[LB_IP_ADDRESS]:8776/v3/f7821cc12878451cbf7b286753043747/group_types/7e5b6596-51d7-4cd7-b1bb-7ba63f817f0a/group_specs/key1 returned with HTTP 202
2026-05-20 16:19:55.174 73 INFO cinder.api.openstack.wsgi [None req-cc9e51f1-d4ed-4dcf-9b8c-7f494b5c5bc9 739963f082b846d18ae6e63b16e3bb44 f7821cc12878451cbf7b286753043747 - - default default] GET http://[LB_IP_ADDRESS]:8776/v3/f7821cc12878451cbf7b286753043747/group_types/7e5b6596-51d7-4cd7-b1bb-7ba63f817f0a/group_specs/key1
2026-05-20 16:19:55.175 74 INFO cinder.api.openstack.wsgi [None req-819e4b3e-6e74-4b94-bdba-a1f131d31ebf b7d50adce7514983a17e081c2ac3d635 367acd91f2ed491e98e0db9ea9c26142 - - default default] GET http://[LB_IP_ADDRESS]:8776/v3/367acd91f2ed491e98e0db9ea9c26142/volumes/1ece8290-8572-4a7a-a239-be114a4abc77
2026-05-20 16:19:55.184 73 INFO cinder.api.openstack.wsgi [None req-cc9e51f1-d4ed-4dcf-9b8c-7f494b5c5bc9 739963f082b846d18ae6e63b16e3bb44 f7821cc12878451cbf7b286753043747 - - default default] HTTP exception thrown: Group Type 7e5b6596-51d7-4cd7-b1bb-7ba63f817f0a has no extra spec with key key1.
2026-05-20 16:19:55.184 73 INFO cinder.api.openstack.wsgi [None req-cc9e51f1-d4ed-4dcf-9b8c-7f494b5c5bc9 739963f082b846d18ae6e63b16e3bb44 f7821cc12878451cbf7b286753043747 - - default default] http://[LB_IP_ADDRESS]:8776/v3/f7821cc12878451cbf7b286753043747/group_types/7e5b6596-51d7-4cd7-b1bb-7ba63f817f0a/group_specs/key1 returned with HTTP 404
2026-05-20 16:19:55.186 74 INFO cinder.volume.api [None req-819e4b3e-6e74-4b94-bdba-a1f131d31ebf b7d50adce7514983a17e081c2ac3d635 367acd91f2ed491e98e0db9ea9c26142 - - default default] Volume info retrieved successfully.
2026-05-20 16:19:55.199 76 INFO cinder.api.openstack.wsgi [None req-0e992b3b-9c83-42d7-b71d-0d306016ee7c 739963f082b846d18ae6e63b16e3bb44 f7821cc12878451cbf7b286753043747 - - default default] DELETE http://[LB_IP_ADDRESS]:8776/v3/f7821cc12878451cbf7b286753043747/group_types/7e5b6596-51d7-4cd7-b1bb-7ba63f817f0a/group_specs/key2
2026-05-20 16:19:55.204 74 INFO cinder.api.openstack.wsgi [None req-819e4b3e-6e74-4b94-bdba-a1f131d31ebf b7d50adce7514983a17e081c2ac3d635 367acd91f2ed491e98e0db9ea9c26142 - - default default] http://[LB_IP_ADDRESS]:8776/v3/367acd91f2ed491e98e0db9ea9c26142/volumes/1ece8290-8572-4a7a-a239-be114a4abc77 returned with HTTP 200
2026-05-20 16:19:55.214 76 INFO cinder.api.openstack.wsgi [None req-0e992b3b-9c83-42d7-b71d-0d306016ee7c 739963f082b846d18ae6e63b16e3bb44 f7821cc12878451cbf7b286753043747 - - default default] http://[LB_IP_ADDRESS]:8776/v3/f7821cc12878451cbf7b286753043747/group_types/7e5b6596-51d7-4cd7-b1bb-7ba63f817f0a/group_specs/key2 returned with HTTP 202
2026-05-20 16:19:55.227 75 INFO cinder.api.openstack.wsgi [None req-6587c6ec-192b-4b20-8312-2a8af9102b1e 739963f082b846d18ae6e63b16e3bb44 f7821cc12878451cbf7b286753043747 - - default default] GET http://[LB_IP_ADDRESS]:8776/v3/f7821cc12878451cbf7b286753043747/group_types/7e5b6596-51d7-4cd7-b1bb-7ba63f817f0a/group_specs/key2
2026-05-20 16:19:55.239 75 INFO cinder.api.openstack.wsgi [None req-6587c6ec-192b-4b20-8312-2a8af9102b1e 739963f082b846d18ae6e63b16e3bb44 f7821cc12878451cbf7b286753043747 - - default default] HTTP exception thrown: Group Type 7e5b6596-51d7-4cd7-b1bb-7ba63f817f0a has no extra spec with key key2.
2026-05-20 16:19:55.240 75 INFO cinder.api.openstack.wsgi [None req-6587c6ec-192b-4b20-8312-2a8af9102b1e 739963f082b846d18ae6e63b16e3bb44 f7821cc12878451cbf7b286753043747 - - default default] http://[LB_IP_ADDRESS]:8776/v3/f7821cc12878451cbf7b286753043747/group_types/7e5b6596-51d7-4cd7-b1bb-7ba63f817f0a/group_specs/key2 returned with HTTP 404
2026-05-20 16:19:55.252 72 INFO cinder.api.openstack.wsgi [None req-b7fe483f-48f1-48a4-b82d-6645df411443 739963f082b846d18ae6e63b16e3bb44 f7821cc12878451cbf7b286753043747 - - default default] DELETE http://[LB_IP_ADDRESS]:8776/v3/f7821cc12878451cbf7b286753043747/group_types/7e5b6596-51d7-4cd7-b1bb-7ba63f817f0a/group_specs/key3
2026-05-20 16:19:55.268 72 INFO cinder.api.openstack.wsgi [None req-b7fe483f-48f1-48a4-b82d-6645df411443 739963f082b846d18ae6e63b16e3bb44 f7821cc12878451cbf7b286753043747 - - default default] http://[LB_IP_ADDRESS]:8776/v3/f7821cc12878451cbf7b286753043747/group_types/7e5b6596-51d7-4cd7-b1bb-7ba63f817f0a/group_specs/key3 returned with HTTP 202
2026-05-20 16:19:55.276 73 INFO cinder.api.openstack.wsgi [None req-186dc208-9ed0-4368-981e-cc39ca16add0 739963f082b846d18ae6e63b16e3bb44 f7821cc12878451cbf7b286753043747 - - default default] GET http://[LB_IP_ADDRESS]:8776/v3/f7821cc12878451cbf7b286753043747/group_types/7e5b6596-51d7-4cd7-b1bb-7ba63f817f0a/group_specs/key3
2026-05-20 16:19:55.282 73 INFO cinder.api.openstack.wsgi [None req-186dc208-9ed0-4368-981e-cc39ca16add0 739963f082b846d18ae6e63b16e3bb44 f7821cc12878451cbf7b286753043747 - - default default] HTTP exception thrown: Group Type 7e5b6596-51d7-4cd7-b1bb-7ba63f817f0a has no extra spec with key key3.
2026-05-20 16:19:55.283 73 INFO cinder.api.openstack.wsgi [None req-186dc208-9ed0-4368-981e-cc39ca16add0 739963f082b846d18ae6e63b16e3bb44 f7821cc12878451cbf7b286753043747 - - default default] http://[LB_IP_ADDRESS]:8776/v3/f7821cc12878451cbf7b286753043747/group_types/7e5b6596-51d7-4cd7-b1bb-7ba63f817f0a/group_specs/key3 returned with HTTP 404
2026-05-20 16:19:55.292 74 INFO cinder.api.openstack.wsgi [None req-513f0d4b-b16a-4930-a42c-27b884f41f62 739963f082b846d18ae6e63b16e3bb44 f7821cc12878451cbf7b286753043747 - - default default] DELETE http://[LB_IP_ADDRESS]:8776/v3/f7821cc12878451cbf7b286753043747/group_types/7e5b6596-51d7-4cd7-b1bb-7ba63f817f0a
2026-05-20 16:19:55.317 74 INFO cinder.api.openstack.wsgi [None req-513f0d4b-b16a-4930-a42c-27b884f41f62 739963f082b846d18ae6e63b16e3bb44 f7821cc12878451cbf7b286753043747 - - default default] http://[LB_IP_ADDRESS]:8776/v3/f7821cc12878451cbf7b286753043747/group_types/7e5b6596-51d7-4cd7-b1bb-7ba63f817f0a returned with HTTP 202
2026-05-20 16:19:55.703 76 INFO cinder.api.openstack.wsgi [None req-0e07995d-20ae-4972-ba1f-cd62335a691d efbb76a515a34101a62376b55231fea9 f23f68e82fa546eda29e5c9801607f2a - - default default] GET http://[LB_IP_ADDRESS]:8776/v3/f23f68e82fa546eda29e5c9801607f2a/volumes/52e3cd82-7e94-434d-84ef-b9971c097244
2026-05-20 16:19:55.720 76 INFO cinder.volume.api [None req-0e07995d-20ae-4972-ba1f-cd62335a691d efbb76a515a34101a62376b55231fea9 f23f68e82fa546eda29e5c9801607f2a - - default default] Volume info retrieved successfully.
2026-05-20 16:19:55.725 76 INFO cinder.api.openstack.wsgi [None req-0e07995d-20ae-4972-ba1f-cd62335a691d efbb76a515a34101a62376b55231fea9 f23f68e82fa546eda29e5c9801607f2a - - default default] http://[LB_IP_ADDRESS]:8776/v3/f23f68e82fa546eda29e5c9801607f2a/volumes/52e3cd82-7e94-434d-84ef-b9971c097244 returned with HTTP 200
2026-05-20 16:19:55.765 75 INFO cinder.api.openstack.wsgi [req-54ed86c4-e36a-444c-9536-a9285b2f3dd7 req-b512f701-370d-4ac1-b5d7-f9688b61c410 efbb76a515a34101a62376b55231fea9 f23f68e82fa546eda29e5c9801607f2a - - default default] GET http://[LB_IP_ADDRESS]:8776/v3/volumes/52e3cd82-7e94-434d-84ef-b9971c097244
2026-05-20 16:19:55.788 75 INFO cinder.volume.api [req-54ed86c4-e36a-444c-9536-a9285b2f3dd7 req-b512f701-370d-4ac1-b5d7-f9688b61c410 efbb76a515a34101a62376b55231fea9 f23f68e82fa546eda29e5c9801607f2a - - default default] Volume info retrieved successfully.
2026-05-20 16:19:55.793 75 INFO cinder.api.openstack.wsgi [req-54ed86c4-e36a-444c-9536-a9285b2f3dd7 req-b512f701-370d-4ac1-b5d7-f9688b61c410 efbb76a515a34101a62376b55231fea9 f23f68e82fa546eda29e5c9801607f2a - - default default] http://[LB_IP_ADDRESS]:8776/v3/volumes/52e3cd82-7e94-434d-84ef-b9971c097244 returned with HTTP 200
2026-05-20 16:19:55.829 72 INFO cinder.api.openstack.wsgi [req-3c396aab-f6bc-4089-b0c9-13b388cc9351 req-ee56961f-7205-4898-83c7-d2f2fb06b546 efbb76a515a34101a62376b55231fea9 f23f68e82fa546eda29e5c9801607f2a - - default default] GET http://[LB_IP_ADDRESS]:8776/v3/volumes/detail
2026-05-20 16:19:55.841 72 INFO cinder.volume.api [req-3c396aab-f6bc-4089-b0c9-13b388cc9351 req-ee56961f-7205-4898-83c7-d2f2fb06b546 efbb76a515a34101a62376b55231fea9 f23f68e82fa546eda29e5c9801607f2a - - default default] Get all volumes completed successfully.
2026-05-20 16:19:55.846 72 INFO cinder.api.openstack.wsgi [req-3c396aab-f6bc-4089-b0c9-13b388cc9351 req-ee56961f-7205-4898-83c7-d2f2fb06b546 efbb76a515a34101a62376b55231fea9 f23f68e82fa546eda29e5c9801607f2a - - default default] http://[LB_IP_ADDRESS]:8776/v3/volumes/detail returned with HTTP 200
2026-05-20 16:19:55.883 73 INFO cinder.api.openstack.wsgi [req-e0ecaae0-2e7a-4de2-a0f8-85b57588243f req-48701749-f8f8-4470-96ab-5042a5b21560 efbb76a515a34101a62376b55231fea9 f23f68e82fa546eda29e5c9801607f2a - - default default] GET http://[LB_IP_ADDRESS]:8776/v3/volumes/detail
2026-05-20 16:19:55.897 73 INFO cinder.volume.api [req-e0ecaae0-2e7a-4de2-a0f8-85b57588243f req-48701749-f8f8-4470-96ab-5042a5b21560 efbb76a515a34101a62376b55231fea9 f23f68e82fa546eda29e5c9801607f2a - - default default] Get all volumes completed successfully.
2026-05-20 16:19:55.903 73 INFO cinder.api.openstack.wsgi [req-e0ecaae0-2e7a-4de2-a0f8-85b57588243f req-48701749-f8f8-4470-96ab-5042a5b21560 efbb76a515a34101a62376b55231fea9 f23f68e82fa546eda29e5c9801607f2a - - default default] http://[LB_IP_ADDRESS]:8776/v3/volumes/detail returned with HTTP 200
2026-05-20 16:19:55.941 74 INFO cinder.api.openstack.wsgi [req-b2dd1a36-e660-49d8-b334-d98acbfb35fc req-d8fadcf0-8f30-4c44-a27b-cf1fa3d0e406 efbb76a515a34101a62376b55231fea9 f23f68e82fa546eda29e5c9801607f2a - - default default] GET http://[LB_IP_ADDRESS]:8776/v3/volumes/detail
2026-05-20 16:19:55.954 74 INFO cinder.volume.api [req-b2dd1a36-e660-49d8-b334-d98acbfb35fc req-d8fadcf0-8f30-4c44-a27b-cf1fa3d0e406 efbb76a515a34101a62376b55231fea9 f23f68e82fa546eda29e5c9801607f2a - - default default] Get all volumes completed successfully.
2026-05-20 16:19:55.959 74 INFO cinder.api.openstack.wsgi [req-b2dd1a36-e660-49d8-b334-d98acbfb35fc req-d8fadcf0-8f30-4c44-a27b-cf1fa3d0e406 efbb76a515a34101a62376b55231fea9 f23f68e82fa546eda29e5c9801607f2a - - default default] http://[LB_IP_ADDRESS]:8776/v3/volumes/detail returned with HTTP 200
2026-05-20 16:19:55.987 76 INFO cinder.api.openstack.wsgi [req-c60c544e-086f-4a9f-b1e6-5003e13e2339 req-0815fdb5-3772-4f81-85fd-3a99cac688c9 efbb76a515a34101a62376b55231fea9 f23f68e82fa546eda29e5c9801607f2a - - default default] GET http://[LB_IP_ADDRESS]:8776/v3/volumes/detail
2026-05-20 16:19:56.002 76 INFO cinder.volume.api [req-c60c544e-086f-4a9f-b1e6-5003e13e2339 req-0815fdb5-3772-4f81-85fd-3a99cac688c9 efbb76a515a34101a62376b55231fea9 f23f68e82fa546eda29e5c9801607f2a - - default default] Get all volumes completed successfully.
2026-05-20 16:19:56.008 76 INFO cinder.api.openstack.wsgi [req-c60c544e-086f-4a9f-b1e6-5003e13e2339 req-0815fdb5-3772-4f81-85fd-3a99cac688c9 efbb76a515a34101a62376b55231fea9 f23f68e82fa546eda29e5c9801607f2a - - default default] http://[LB_IP_ADDRESS]:8776/v3/volumes/detail returned with HTTP 200
2026-05-20 16:19:56.045 75 INFO cinder.api.openstack.wsgi [req-9a1d47a8-f558-489b-bfce-1cccfb684691 req-abd59aa7-bb5a-4a04-9068-c2399dc2405a efbb76a515a34101a62376b55231fea9 f23f68e82fa546eda29e5c9801607f2a - - default default] GET http://[LB_IP_ADDRESS]:8776/v3/volumes/detail
2026-05-20 16:19:56.067 75 INFO cinder.volume.api [req-9a1d47a8-f558-489b-bfce-1cccfb684691 req-abd59aa7-bb5a-4a04-9068-c2399dc2405a efbb76a515a34101a62376b55231fea9 f23f68e82fa546eda29e5c9801607f2a - - default default] Get all volumes completed successfully.
2026-05-20 16:19:56.076 75 INFO cinder.api.openstack.wsgi [req-9a1d47a8-f558-489b-bfce-1cccfb684691 req-abd59aa7-bb5a-4a04-9068-c2399dc2405a efbb76a515a34101a62376b55231fea9 f23f68e82fa546eda29e5c9801607f2a - - default default] http://[LB_IP_ADDRESS]:8776/v3/volumes/detail returned with HTTP 200
2026-05-20 16:19:56.114 72 INFO cinder.api.openstack.wsgi [req-e053b5ee-c577-45b3-a17f-653ce5612cab req-0e90a2b0-8fc9-466b-9e2c-e35045499c05 efbb76a515a34101a62376b55231fea9 f23f68e82fa546eda29e5c9801607f2a - - default default] GET http://[LB_IP_ADDRESS]:8776/v3/volumes/detail
2026-05-20 16:19:56.126 72 INFO cinder.volume.api [req-e053b5ee-c577-45b3-a17f-653ce5612cab req-0e90a2b0-8fc9-466b-9e2c-e35045499c05 efbb76a515a34101a62376b55231fea9 f23f68e82fa546eda29e5c9801607f2a - - default default] Get all volumes completed successfully.
2026-05-20 16:19:56.132 72 INFO cinder.api.openstack.wsgi [req-e053b5ee-c577-45b3-a17f-653ce5612cab req-0e90a2b0-8fc9-466b-9e2c-e35045499c05 efbb76a515a34101a62376b55231fea9 f23f68e82fa546eda29e5c9801607f2a - - default default] http://[LB_IP_ADDRESS]:8776/v3/volumes/detail returned with HTTP 200
2026-05-20 16:19:56.166 73 INFO cinder.api.openstack.wsgi [req-80fad685-8600-4b47-85fd-17b9eb7dd984 req-e0cb9cc3-ffbd-4a4b-8732-acfe6b8b8b3c efbb76a515a34101a62376b55231fea9 f23f68e82fa546eda29e5c9801607f2a - - default default] GET http://[LB_IP_ADDRESS]:8776/v3/volumes/detail
2026-05-20 16:19:56.179 73 INFO cinder.volume.api [req-80fad685-8600-4b47-85fd-17b9eb7dd984 req-e0cb9cc3-ffbd-4a4b-8732-acfe6b8b8b3c efbb76a515a34101a62376b55231fea9 f23f68e82fa546eda29e5c9801607f2a - - default default] Get all volumes completed successfully.
2026-05-20 16:19:56.185 73 INFO cinder.api.openstack.wsgi [req-80fad685-8600-4b47-85fd-17b9eb7dd984 req-e0cb9cc3-ffbd-4a4b-8732-acfe6b8b8b3c efbb76a515a34101a62376b55231fea9 f23f68e82fa546eda29e5c9801607f2a - - default default] http://[LB_IP_ADDRESS]:8776/v3/volumes/detail returned with HTTP 200
2026-05-20 16:19:56.213 74 INFO cinder.api.openstack.wsgi [req-397d2d99-951f-4cb1-8fe4-948dd1008994 req-d308d3d6-2c8a-46ce-b9fd-bd249485ede7 efbb76a515a34101a62376b55231fea9 f23f68e82fa546eda29e5c9801607f2a - - default default] GET http://[LB_IP_ADDRESS]:8776/v3/volumes/detail
2026-05-20 16:19:56.224 76 INFO cinder.api.openstack.wsgi [None req-f25fa1a9-e124-4059-99ce-f0ebe05882e9 b7d50adce7514983a17e081c2ac3d635 367acd91f2ed491e98e0db9ea9c26142 - - default default] GET http://[LB_IP_ADDRESS]:8776/v3/367acd91f2ed491e98e0db9ea9c26142/volumes/1ece8290-8572-4a7a-a239-be114a4abc77
2026-05-20 16:19:56.226 74 INFO cinder.volume.api [req-397d2d99-951f-4cb1-8fe4-948dd1008994 req-d308d3d6-2c8a-46ce-b9fd-bd249485ede7 efbb76a515a34101a62376b55231fea9 f23f68e82fa546eda29e5c9801607f2a - - default default] Get all volumes completed successfully.
2026-05-20 16:19:56.232 74 INFO cinder.api.openstack.wsgi [req-397d2d99-951f-4cb1-8fe4-948dd1008994 req-d308d3d6-2c8a-46ce-b9fd-bd249485ede7 efbb76a515a34101a62376b55231fea9 f23f68e82fa546eda29e5c9801607f2a - - default default] http://[LB_IP_ADDRESS]:8776/v3/volumes/detail returned with HTTP 200
2026-05-20 16:19:56.241 76 INFO cinder.volume.api [None req-f25fa1a9-e124-4059-99ce-f0ebe05882e9 b7d50adce7514983a17e081c2ac3d635 367acd91f2ed491e98e0db9ea9c26142 - - default default] Volume info retrieved successfully.
2026-05-20 16:19:56.256 75 INFO cinder.api.openstack.wsgi [None req-9d6ff461-496f-407e-836f-23d4cdac29c0 efbb76a515a34101a62376b55231fea9 f23f68e82fa546eda29e5c9801607f2a - - default default] DELETE http://[LB_IP_ADDRESS]:8776/v3/f23f68e82fa546eda29e5c9801607f2a/volumes/52e3cd82-7e94-434d-84ef-b9971c097244
2026-05-20 16:19:56.256 75 INFO cinder.api.v3.volumes [None req-9d6ff461-496f-407e-836f-23d4cdac29c0 efbb76a515a34101a62376b55231fea9 f23f68e82fa546eda29e5c9801607f2a - - default default] Delete volume with id: 52e3cd82-7e94-434d-84ef-b9971c097244 
2026-05-20 16:19:56.268 76 INFO cinder.api.openstack.wsgi [None req-f25fa1a9-e124-4059-99ce-f0ebe05882e9 b7d50adce7514983a17e081c2ac3d635 367acd91f2ed491e98e0db9ea9c26142 - - default default] http://[LB_IP_ADDRESS]:8776/v3/367acd91f2ed491e98e0db9ea9c26142/volumes/1ece8290-8572-4a7a-a239-be114a4abc77 returned with HTTP 200
2026-05-20 16:19:56.269 75 INFO cinder.volume.api [None req-9d6ff461-496f-407e-836f-23d4cdac29c0 efbb76a515a34101a62376b55231fea9 f23f68e82fa546eda29e5c9801607f2a - - default default] Volume info retrieved successfully.
2026-05-20 16:19:56.294 75 INFO cinder.volume.api [None req-9d6ff461-496f-407e-836f-23d4cdac29c0 efbb76a515a34101a62376b55231fea9 f23f68e82fa546eda29e5c9801607f2a - - default default] Delete volume request issued successfully.
2026-05-20 16:19:56.295 75 INFO cinder.api.openstack.wsgi [None req-9d6ff461-496f-407e-836f-23d4cdac29c0 efbb76a515a34101a62376b55231fea9 f23f68e82fa546eda29e5c9801607f2a - - default default] http://[LB_IP_ADDRESS]:8776/v3/f23f68e82fa546eda29e5c9801607f2a/volumes/52e3cd82-7e94-434d-84ef-b9971c097244 returned with HTTP 202
2026-05-20 16:19:56.308 72 INFO cinder.api.openstack.wsgi [None req-8dace022-7f26-43c1-9d59-94b6d9572cfa efbb76a515a34101a62376b55231fea9 f23f68e82fa546eda29e5c9801607f2a - - default default] GET http://[LB_IP_ADDRESS]:8776/v3/f23f68e82fa546eda29e5c9801607f2a/volumes/52e3cd82-7e94-434d-84ef-b9971c097244
2026-05-20 16:19:56.334 72 INFO cinder.volume.api [None req-8dace022-7f26-43c1-9d59-94b6d9572cfa efbb76a515a34101a62376b55231fea9 f23f68e82fa546eda29e5c9801607f2a - - default default] Volume info retrieved successfully.
2026-05-20 16:19:56.343 72 INFO cinder.api.openstack.wsgi [None req-8dace022-7f26-43c1-9d59-94b6d9572cfa efbb76a515a34101a62376b55231fea9 f23f68e82fa546eda29e5c9801607f2a - - default default] http://[LB_IP_ADDRESS]:8776/v3/f23f68e82fa546eda29e5c9801607f2a/volumes/52e3cd82-7e94-434d-84ef-b9971c097244 returned with HTTP 200
2026-05-20 16:19:57.288 73 INFO cinder.api.openstack.wsgi [None req-fc3afc0f-d470-4860-ada7-0680054bbd95 b7d50adce7514983a17e081c2ac3d635 367acd91f2ed491e98e0db9ea9c26142 - - default default] GET http://[LB_IP_ADDRESS]:8776/v3/367acd91f2ed491e98e0db9ea9c26142/volumes/1ece8290-8572-4a7a-a239-be114a4abc77
2026-05-20 16:19:57.304 73 INFO cinder.volume.api [None req-fc3afc0f-d470-4860-ada7-0680054bbd95 b7d50adce7514983a17e081c2ac3d635 367acd91f2ed491e98e0db9ea9c26142 - - default default] Volume info retrieved successfully.
2026-05-20 16:19:57.330 73 INFO cinder.api.openstack.wsgi [None req-fc3afc0f-d470-4860-ada7-0680054bbd95 b7d50adce7514983a17e081c2ac3d635 367acd91f2ed491e98e0db9ea9c26142 - - default default] http://[LB_IP_ADDRESS]:8776/v3/367acd91f2ed491e98e0db9ea9c26142/volumes/1ece8290-8572-4a7a-a239-be114a4abc77 returned with HTTP 200
2026-05-20 16:19:57.347 74 INFO cinder.api.openstack.wsgi [None req-9e1f6e82-6796-4787-822d-55170bdfd8c4 b7d50adce7514983a17e081c2ac3d635 367acd91f2ed491e98e0db9ea9c26142 - - default default] GET http://[LB_IP_ADDRESS]:8776/v3/367acd91f2ed491e98e0db9ea9c26142/groups/b0c72e36-d5ab-4194-a90b-ccda201891f2
2026-05-20 16:19:57.361 74 INFO cinder.api.openstack.wsgi [None req-9e1f6e82-6796-4787-822d-55170bdfd8c4 b7d50adce7514983a17e081c2ac3d635 367acd91f2ed491e98e0db9ea9c26142 - - default default] http://[LB_IP_ADDRESS]:8776/v3/367acd91f2ed491e98e0db9ea9c26142/groups/b0c72e36-d5ab-4194-a90b-ccda201891f2 returned with HTTP 200
2026-05-20 16:19:57.364 76 INFO cinder.api.openstack.wsgi [None req-c2f6d2b2-a388-4018-8a09-f625a91411b7 efbb76a515a34101a62376b55231fea9 f23f68e82fa546eda29e5c9801607f2a - - default default] GET http://[LB_IP_ADDRESS]:8776/v3/f23f68e82fa546eda29e5c9801607f2a/volumes/52e3cd82-7e94-434d-84ef-b9971c097244
2026-05-20 16:19:57.376 75 INFO cinder.api.openstack.wsgi [None req-2d7191a7-0037-4167-a118-383806f3f858 b7d50adce7514983a17e081c2ac3d635 367acd91f2ed491e98e0db9ea9c26142 - - default default] GET http://[LB_IP_ADDRESS]:8776/v3/367acd91f2ed491e98e0db9ea9c26142/volumes/detail
2026-05-20 16:19:57.376 76 INFO cinder.api.openstack.wsgi [None req-c2f6d2b2-a388-4018-8a09-f625a91411b7 efbb76a515a34101a62376b55231fea9 f23f68e82fa546eda29e5c9801607f2a - - default default] http://[LB_IP_ADDRESS]:8776/v3/f23f68e82fa546eda29e5c9801607f2a/volumes/52e3cd82-7e94-434d-84ef-b9971c097244 returned with HTTP 404
2026-05-20 16:19:57.384 72 INFO cinder.api.openstack.wsgi [None req-addb24e8-f0b3-4546-bed6-f237de472522 efbb76a515a34101a62376b55231fea9 f23f68e82fa546eda29e5c9801607f2a - - default default] DELETE http://[LB_IP_ADDRESS]:8776/v3/f23f68e82fa546eda29e5c9801607f2a/volumes/96fbcc82-741a-467a-8f82-f43b57de197f
2026-05-20 16:19:57.385 72 INFO cinder.api.v3.volumes [None req-addb24e8-f0b3-4546-bed6-f237de472522 efbb76a515a34101a62376b55231fea9 f23f68e82fa546eda29e5c9801607f2a - - default default] Delete volume with id: 96fbcc82-741a-467a-8f82-f43b57de197f 
2026-05-20 16:19:57.391 75 INFO cinder.volume.api [None req-2d7191a7-0037-4167-a118-383806f3f858 b7d50adce7514983a17e081c2ac3d635 367acd91f2ed491e98e0db9ea9c26142 - - default default] Get all volumes completed successfully.
2026-05-20 16:19:57.396 72 INFO cinder.volume.api [None req-addb24e8-f0b3-4546-bed6-f237de472522 efbb76a515a34101a62376b55231fea9 f23f68e82fa546eda29e5c9801607f2a - - default default] Volume info retrieved successfully.
2026-05-20 16:19:57.415 72 INFO cinder.volume.api [None req-addb24e8-f0b3-4546-bed6-f237de472522 efbb76a515a34101a62376b55231fea9 f23f68e82fa546eda29e5c9801607f2a - - default default] Delete volume request issued successfully.
2026-05-20 16:19:57.416 72 INFO cinder.api.openstack.wsgi [None req-addb24e8-f0b3-4546-bed6-f237de472522 efbb76a515a34101a62376b55231fea9 f23f68e82fa546eda29e5c9801607f2a - - default default] http://[LB_IP_ADDRESS]:8776/v3/f23f68e82fa546eda29e5c9801607f2a/volumes/96fbcc82-741a-467a-8f82-f43b57de197f returned with HTTP 202
2026-05-20 16:19:57.429 73 INFO cinder.api.openstack.wsgi [None req-17bdeff4-92bc-4778-a92a-31a53685e906 efbb76a515a34101a62376b55231fea9 f23f68e82fa546eda29e5c9801607f2a - - default default] GET http://[LB_IP_ADDRESS]:8776/v3/f23f68e82fa546eda29e5c9801607f2a/volumes/96fbcc82-741a-467a-8f82-f43b57de197f
2026-05-20 16:19:57.438 75 INFO cinder.api.openstack.wsgi [None req-2d7191a7-0037-4167-a118-383806f3f858 b7d50adce7514983a17e081c2ac3d635 367acd91f2ed491e98e0db9ea9c26142 - - default default] http://[LB_IP_ADDRESS]:8776/v3/367acd91f2ed491e98e0db9ea9c26142/volumes/detail returned with HTTP 200
2026-05-20 16:19:57.445 73 INFO cinder.volume.api [None req-17bdeff4-92bc-4778-a92a-31a53685e906 efbb76a515a34101a62376b55231fea9 f23f68e82fa546eda29e5c9801607f2a - - default default] Volume info retrieved successfully.
2026-05-20 16:19:57.449 73 INFO cinder.api.openstack.wsgi [None req-17bdeff4-92bc-4778-a92a-31a53685e906 efbb76a515a34101a62376b55231fea9 f23f68e82fa546eda29e5c9801607f2a - - default default] http://[LB_IP_ADDRESS]:8776/v3/f23f68e82fa546eda29e5c9801607f2a/volumes/96fbcc82-741a-467a-8f82-f43b57de197f returned with HTTP 200
2026-05-20 16:19:57.461 74 INFO cinder.api.openstack.wsgi [None req-8bbdd7c4-ebb2-4d2d-8646-783ac8a4becd b7d50adce7514983a17e081c2ac3d635 367acd91f2ed491e98e0db9ea9c26142 - - default default] POST http://[LB_IP_ADDRESS]:8776/v3/367acd91f2ed491e98e0db9ea9c26142/groups/b0c72e36-d5ab-4194-a90b-ccda201891f2/action
2026-05-20 16:19:57.464 74 INFO cinder.api.v3.groups [None req-8bbdd7c4-ebb2-4d2d-8646-783ac8a4becd b7d50adce7514983a17e081c2ac3d635 367acd91f2ed491e98e0db9ea9c26142 - - default default] Delete group with id: b0c72e36-d5ab-4194-a90b-ccda201891f2
2026-05-20 16:19:57.505 74 INFO cinder.api.openstack.wsgi [None req-8bbdd7c4-ebb2-4d2d-8646-783ac8a4becd b7d50adce7514983a17e081c2ac3d635 367acd91f2ed491e98e0db9ea9c26142 - - default default] http://[LB_IP_ADDRESS]:8776/v3/367acd91f2ed491e98e0db9ea9c26142/groups/b0c72e36-d5ab-4194-a90b-ccda201891f2/action returned with HTTP 202
2026-05-20 16:19:57.517 76 INFO cinder.api.openstack.wsgi [None req-08bd0341-632f-476b-9042-08301ef3e866 b7d50adce7514983a17e081c2ac3d635 367acd91f2ed491e98e0db9ea9c26142 - - default default] GET http://[LB_IP_ADDRESS]:8776/v3/367acd91f2ed491e98e0db9ea9c26142/volumes/1ece8290-8572-4a7a-a239-be114a4abc77
2026-05-20 16:19:57.534 76 INFO cinder.volume.api [None req-08bd0341-632f-476b-9042-08301ef3e866 b7d50adce7514983a17e081c2ac3d635 367acd91f2ed491e98e0db9ea9c26142 - - default default] Volume info retrieved successfully.
2026-05-20 16:19:57.559 76 INFO cinder.api.openstack.wsgi [None req-08bd0341-632f-476b-9042-08301ef3e866 b7d50adce7514983a17e081c2ac3d635 367acd91f2ed491e98e0db9ea9c26142 - - default default] http://[LB_IP_ADDRESS]:8776/v3/367acd91f2ed491e98e0db9ea9c26142/volumes/1ece8290-8572-4a7a-a239-be114a4abc77 returned with HTTP 200
2026-05-20 16:19:58.470 72 INFO cinder.api.openstack.wsgi [None req-8d9962ab-4983-4f81-8910-0530da07497d efbb76a515a34101a62376b55231fea9 f23f68e82fa546eda29e5c9801607f2a - - default default] GET http://[LB_IP_ADDRESS]:8776/v3/f23f68e82fa546eda29e5c9801607f2a/volumes/96fbcc82-741a-467a-8f82-f43b57de197f
2026-05-20 16:19:58.491 72 INFO cinder.api.openstack.wsgi [None req-8d9962ab-4983-4f81-8910-0530da07497d efbb76a515a34101a62376b55231fea9 f23f68e82fa546eda29e5c9801607f2a - - default default] http://[LB_IP_ADDRESS]:8776/v3/f23f68e82fa546eda29e5c9801607f2a/volumes/96fbcc82-741a-467a-8f82-f43b57de197f returned with HTTP 404
2026-05-20 16:19:58.504 75 INFO cinder.api.openstack.wsgi [None req-1855d16d-1224-408d-b75b-1d62861c8e62 efbb76a515a34101a62376b55231fea9 f23f68e82fa546eda29e5c9801607f2a - - default default] DELETE http://[LB_IP_ADDRESS]:8776/v3/f23f68e82fa546eda29e5c9801607f2a/volumes/ab46814c-2e3b-4587-b51c-9d23ab75369f
2026-05-20 16:19:58.505 75 INFO cinder.api.v3.volumes [None req-1855d16d-1224-408d-b75b-1d62861c8e62 efbb76a515a34101a62376b55231fea9 f23f68e82fa546eda29e5c9801607f2a - - default default] Delete volume with id: ab46814c-2e3b-4587-b51c-9d23ab75369f 
2026-05-20 16:19:58.521 75 INFO cinder.volume.api [None req-1855d16d-1224-408d-b75b-1d62861c8e62 efbb76a515a34101a62376b55231fea9 f23f68e82fa546eda29e5c9801607f2a - - default default] Volume info retrieved successfully.
2026-05-20 16:19:58.554 75 INFO cinder.volume.api [None req-1855d16d-1224-408d-b75b-1d62861c8e62 efbb76a515a34101a62376b55231fea9 f23f68e82fa546eda29e5c9801607f2a - - default default] Delete volume request issued successfully.
2026-05-20 16:19:58.555 75 INFO cinder.api.openstack.wsgi [None req-1855d16d-1224-408d-b75b-1d62861c8e62 efbb76a515a34101a62376b55231fea9 f23f68e82fa546eda29e5c9801607f2a - - default default] http://[LB_IP_ADDRESS]:8776/v3/f23f68e82fa546eda29e5c9801607f2a/volumes/ab46814c-2e3b-4587-b51c-9d23ab75369f returned with HTTP 202
2026-05-20 16:19:58.567 73 INFO cinder.api.openstack.wsgi [None req-a9bb2a7f-4274-4c57-9cdb-5d7fc0b12f19 efbb76a515a34101a62376b55231fea9 f23f68e82fa546eda29e5c9801607f2a - - default default] GET http://[LB_IP_ADDRESS]:8776/v3/f23f68e82fa546eda29e5c9801607f2a/volumes/ab46814c-2e3b-4587-b51c-9d23ab75369f
2026-05-20 16:19:58.580 74 INFO cinder.api.openstack.wsgi [None req-6e2b971d-5ffe-437a-bfe3-d383746c2cf9 b7d50adce7514983a17e081c2ac3d635 367acd91f2ed491e98e0db9ea9c26142 - - default default] GET http://[LB_IP_ADDRESS]:8776/v3/367acd91f2ed491e98e0db9ea9c26142/volumes/1ece8290-8572-4a7a-a239-be114a4abc77
2026-05-20 16:19:58.583 73 INFO cinder.volume.api [None req-a9bb2a7f-4274-4c57-9cdb-5d7fc0b12f19 efbb76a515a34101a62376b55231fea9 f23f68e82fa546eda29e5c9801607f2a - - default default] Volume info retrieved successfully.
2026-05-20 16:19:58.587 73 INFO cinder.api.openstack.wsgi [None req-a9bb2a7f-4274-4c57-9cdb-5d7fc0b12f19 efbb76a515a34101a62376b55231fea9 f23f68e82fa546eda29e5c9801607f2a - - default default] http://[LB_IP_ADDRESS]:8776/v3/f23f68e82fa546eda29e5c9801607f2a/volumes/ab46814c-2e3b-4587-b51c-9d23ab75369f returned with HTTP 200
2026-05-20 16:19:58.591 74 INFO cinder.api.openstack.wsgi [None req-6e2b971d-5ffe-437a-bfe3-d383746c2cf9 b7d50adce7514983a17e081c2ac3d635 367acd91f2ed491e98e0db9ea9c26142 - - default default] http://[LB_IP_ADDRESS]:8776/v3/367acd91f2ed491e98e0db9ea9c26142/volumes/1ece8290-8572-4a7a-a239-be114a4abc77 returned with HTTP 404
2026-05-20 16:19:58.604 76 INFO cinder.api.openstack.wsgi [None req-3bedc84a-1626-4cdc-9432-6971dd081db5 b7d50adce7514983a17e081c2ac3d635 367acd91f2ed491e98e0db9ea9c26142 - - default default] GET http://[LB_IP_ADDRESS]:8776/v3/367acd91f2ed491e98e0db9ea9c26142/groups/b0c72e36-d5ab-4194-a90b-ccda201891f2
