2024-03-17 23:51:23.800 21 WARNING cinder.volume.api [None req-11526b3b-ee5e-472e-894b-2ce60eec4d0c 13d0ae345e7a47f2aa74f6042fa21502 d39f69d49f544169b9f651818c8f4978 - - default default] Flow 'volume_create_api' (7f0236eb-c420-435f-86c3-4606e12b7457) transitioned into state 'REVERTED' from state 'RUNNING'
2024-03-17 23:51:23.801 21 INFO cinder.api.middleware.fault [None req-11526b3b-ee5e-472e-894b-2ce60eec4d0c 13d0ae345e7a47f2aa74f6042fa21502 d39f69d49f544169b9f651818c8f4978 - - default default] http://[LB_IP_ADDRESS]:8776/v3/d39f69d49f544169b9f651818c8f4978/volumes returned with HTTP 413
2024-03-17 23:51:23.820 23 INFO cinder.api.openstack.wsgi [None req-08593864-f6b9-4e6b-b8b7-83cf8c19b984 2e8e9824bfc246e5abc2635c0a862149 f72497101ee9401e9171862eeb5c4512 - - default default] PUT http://[LB_IP_ADDRESS]:8776/v3/f72497101ee9401e9171862eeb5c4512/os-quota-sets/d39f69d49f544169b9f651818c8f4978
2024-03-17 23:51:23.831 20 INFO cinder.api.openstack.wsgi [None req-d4321720-8dd2-457a-9deb-011597b858f3 fad36a52c7504de380857ec91534d79e a10ac4d4a9ac45c9b105d5d925d20bfb - - default default] http://[LB_IP_ADDRESS]:8776/v3/a10ac4d4a9ac45c9b105d5d925d20bfb/types/f32815e8-288c-49b4-92ed-129d841eaf8c returned with HTTP 202
2024-03-17 23:51:23.845 19 INFO cinder.api.openstack.wsgi [None req-54dff393-0c93-4e78-8f5a-8e47c65cd024 fad36a52c7504de380857ec91534d79e a10ac4d4a9ac45c9b105d5d925d20bfb - - default default] GET http://[LB_IP_ADDRESS]:8776/v3/a10ac4d4a9ac45c9b105d5d925d20bfb/types/f32815e8-288c-49b4-92ed-129d841eaf8c
2024-03-17 23:51:23.852 19 INFO cinder.api.openstack.wsgi [None req-54dff393-0c93-4e78-8f5a-8e47c65cd024 fad36a52c7504de380857ec91534d79e a10ac4d4a9ac45c9b105d5d925d20bfb - - default default] http://[LB_IP_ADDRESS]:8776/v3/a10ac4d4a9ac45c9b105d5d925d20bfb/types/f32815e8-288c-49b4-92ed-129d841eaf8c returned with HTTP 404
2024-03-17 23:51:23.876 23 INFO cinder.api.openstack.wsgi [None req-08593864-f6b9-4e6b-b8b7-83cf8c19b984 2e8e9824bfc246e5abc2635c0a862149 f72497101ee9401e9171862eeb5c4512 - - default default] http://[LB_IP_ADDRESS]:8776/v3/f72497101ee9401e9171862eeb5c4512/os-quota-sets/d39f69d49f544169b9f651818c8f4978 returned with HTTP 200
2024-03-17 23:51:23.890 21 INFO cinder.api.openstack.wsgi [None req-317d8d0e-b17c-4713-929e-e516edb3f065 13d0ae345e7a47f2aa74f6042fa21502 d39f69d49f544169b9f651818c8f4978 - - default default] POST http://[LB_IP_ADDRESS]:8776/v3/d39f69d49f544169b9f651818c8f4978/volumes/6b7c867a-a27b-4eb9-8057-880f76512c1a/action
2024-03-17 23:51:23.905 21 INFO cinder.volume.api [None req-317d8d0e-b17c-4713-929e-e516edb3f065 13d0ae345e7a47f2aa74f6042fa21502 d39f69d49f544169b9f651818c8f4978 - - default default] Volume info retrieved successfully.
2024-03-17 23:51:23.908 22 INFO cinder.api.openstack.wsgi [None req-e20b90c5-0c4a-4395-a7b2-d2da019e7449 08f3c039e69941e19653291c7c16dfb9 ccf1fe123fdf46999ddcac13a5aa65dd - - default default] POST http://[LB_IP_ADDRESS]:8776/v3/ccf1fe123fdf46999ddcac13a5aa65dd/volumes
2024-03-17 23:51:23.913 22 INFO cinder.api.v3.volumes [None req-e20b90c5-0c4a-4395-a7b2-d2da019e7449 08f3c039e69941e19653291c7c16dfb9 ccf1fe123fdf46999ddcac13a5aa65dd - - default default] Create volume of 1 GB
2024-03-17 23:51:23.923 22 INFO cinder.volume.api [None req-e20b90c5-0c4a-4395-a7b2-d2da019e7449 08f3c039e69941e19653291c7c16dfb9 ccf1fe123fdf46999ddcac13a5aa65dd - - default default] Availability Zones retrieved successfully.
2024-03-17 23:51:23.940 21 ERROR cinder.volume.api [None req-317d8d0e-b17c-4713-929e-e516edb3f065 13d0ae345e7a47f2aa74f6042fa21502 d39f69d49f544169b9f651818c8f4978 - - default default] Quota exceeded for d39f69d49f544169b9f651818c8f4978, tried to extend volume by 1G, (1G of 1G already consumed).: cinder.exception.OverQuota: Quota exceeded for resources: ['gigabytes']
2024-03-17 23:51:23.945 21 INFO cinder.api.middleware.fault [None req-317d8d0e-b17c-4713-929e-e516edb3f065 13d0ae345e7a47f2aa74f6042fa21502 d39f69d49f544169b9f651818c8f4978 - - default default] http://[LB_IP_ADDRESS]:8776/v3/d39f69d49f544169b9f651818c8f4978/volumes/6b7c867a-a27b-4eb9-8057-880f76512c1a/action returned with HTTP 413
2024-03-17 23:51:23.969 20 INFO cinder.api.openstack.wsgi [None req-8e655219-2247-40c4-8912-c7f58dc8a34d 13d0ae345e7a47f2aa74f6042fa21502 d39f69d49f544169b9f651818c8f4978 - - default default] GET http://[LB_IP_ADDRESS]:8776/v3/d39f69d49f544169b9f651818c8f4978/volumes/6b7c867a-a27b-4eb9-8057-880f76512c1a
2024-03-17 23:51:23.989 20 INFO cinder.volume.api [None req-8e655219-2247-40c4-8912-c7f58dc8a34d 13d0ae345e7a47f2aa74f6042fa21502 d39f69d49f544169b9f651818c8f4978 - - default default] Volume info retrieved successfully.
2024-03-17 23:51:23.995 20 INFO cinder.api.openstack.wsgi [None req-8e655219-2247-40c4-8912-c7f58dc8a34d 13d0ae345e7a47f2aa74f6042fa21502 d39f69d49f544169b9f651818c8f4978 - - default default] http://[LB_IP_ADDRESS]:8776/v3/d39f69d49f544169b9f651818c8f4978/volumes/6b7c867a-a27b-4eb9-8057-880f76512c1a returned with HTTP 200
2024-03-17 23:51:24.022 19 INFO cinder.api.openstack.wsgi [None req-f09b3a79-91c9-4984-8e43-b44144f8a264 13d0ae345e7a47f2aa74f6042fa21502 d39f69d49f544169b9f651818c8f4978 - - default default] DELETE http://[LB_IP_ADDRESS]:8776/v3/d39f69d49f544169b9f651818c8f4978/volumes/6b7c867a-a27b-4eb9-8057-880f76512c1a
2024-03-17 23:51:24.024 19 INFO cinder.api.v3.volumes [None req-f09b3a79-91c9-4984-8e43-b44144f8a264 13d0ae345e7a47f2aa74f6042fa21502 d39f69d49f544169b9f651818c8f4978 - - default default] Delete volume with id: 6b7c867a-a27b-4eb9-8057-880f76512c1a 
2024-03-17 23:51:24.039 19 INFO cinder.volume.api [None req-f09b3a79-91c9-4984-8e43-b44144f8a264 13d0ae345e7a47f2aa74f6042fa21502 d39f69d49f544169b9f651818c8f4978 - - default default] Volume info retrieved successfully.
2024-03-17 23:51:24.059 19 INFO cinder.volume.api [None req-f09b3a79-91c9-4984-8e43-b44144f8a264 13d0ae345e7a47f2aa74f6042fa21502 d39f69d49f544169b9f651818c8f4978 - - default default] Delete volume request issued successfully.
2024-03-17 23:51:24.060 19 INFO cinder.api.openstack.wsgi [None req-f09b3a79-91c9-4984-8e43-b44144f8a264 13d0ae345e7a47f2aa74f6042fa21502 d39f69d49f544169b9f651818c8f4978 - - default default] http://[LB_IP_ADDRESS]:8776/v3/d39f69d49f544169b9f651818c8f4978/volumes/6b7c867a-a27b-4eb9-8057-880f76512c1a returned with HTTP 202
2024-03-17 23:51:24.062 22 INFO cinder.volume.api [None req-e20b90c5-0c4a-4395-a7b2-d2da019e7449 08f3c039e69941e19653291c7c16dfb9 ccf1fe123fdf46999ddcac13a5aa65dd - - default default] Create volume request issued successfully.
2024-03-17 23:51:24.064 22 INFO cinder.api.openstack.wsgi [None req-e20b90c5-0c4a-4395-a7b2-d2da019e7449 08f3c039e69941e19653291c7c16dfb9 ccf1fe123fdf46999ddcac13a5aa65dd - - default default] http://[LB_IP_ADDRESS]:8776/v3/ccf1fe123fdf46999ddcac13a5aa65dd/volumes returned with HTTP 202
2024-03-17 23:51:24.076 23 INFO cinder.api.openstack.wsgi [None req-6a11efca-d6f8-4cde-a370-d6e31a013bb2 13d0ae345e7a47f2aa74f6042fa21502 d39f69d49f544169b9f651818c8f4978 - - default default] GET http://[LB_IP_ADDRESS]:8776/v3/d39f69d49f544169b9f651818c8f4978/volumes/6b7c867a-a27b-4eb9-8057-880f76512c1a
2024-03-17 23:51:24.088 21 INFO cinder.api.openstack.wsgi [None req-9419083c-9f21-4224-85ff-822cfa910bcb 08f3c039e69941e19653291c7c16dfb9 ccf1fe123fdf46999ddcac13a5aa65dd - - default default] GET http://[LB_IP_ADDRESS]:8776/v3/ccf1fe123fdf46999ddcac13a5aa65dd/volumes/c05dce26-83cc-4b8e-bd90-131931cd2291
2024-03-17 23:51:24.097 23 INFO cinder.volume.api [None req-6a11efca-d6f8-4cde-a370-d6e31a013bb2 13d0ae345e7a47f2aa74f6042fa21502 d39f69d49f544169b9f651818c8f4978 - - default default] Volume info retrieved successfully.
2024-03-17 23:51:24.102 23 INFO cinder.api.openstack.wsgi [None req-6a11efca-d6f8-4cde-a370-d6e31a013bb2 13d0ae345e7a47f2aa74f6042fa21502 d39f69d49f544169b9f651818c8f4978 - - default default] http://[LB_IP_ADDRESS]:8776/v3/d39f69d49f544169b9f651818c8f4978/volumes/6b7c867a-a27b-4eb9-8057-880f76512c1a returned with HTTP 200
2024-03-17 23:51:24.108 21 INFO cinder.volume.api [None req-9419083c-9f21-4224-85ff-822cfa910bcb 08f3c039e69941e19653291c7c16dfb9 ccf1fe123fdf46999ddcac13a5aa65dd - - default default] Volume info retrieved successfully.
2024-03-17 23:51:24.114 21 INFO cinder.api.openstack.wsgi [None req-9419083c-9f21-4224-85ff-822cfa910bcb 08f3c039e69941e19653291c7c16dfb9 ccf1fe123fdf46999ddcac13a5aa65dd - - default default] http://[LB_IP_ADDRESS]:8776/v3/ccf1fe123fdf46999ddcac13a5aa65dd/volumes/c05dce26-83cc-4b8e-bd90-131931cd2291 returned with HTTP 200
2024-03-17 23:51:25.133 20 INFO cinder.api.openstack.wsgi [None req-7737f38c-8379-494e-a736-51088a23255f 13d0ae345e7a47f2aa74f6042fa21502 d39f69d49f544169b9f651818c8f4978 - - default default] GET http://[LB_IP_ADDRESS]:8776/v3/d39f69d49f544169b9f651818c8f4978/volumes/6b7c867a-a27b-4eb9-8057-880f76512c1a
2024-03-17 23:51:25.144 19 INFO cinder.api.openstack.wsgi [None req-39b3bf92-3deb-4f3b-bdb3-372071d21597 08f3c039e69941e19653291c7c16dfb9 ccf1fe123fdf46999ddcac13a5aa65dd - - default default] GET http://[LB_IP_ADDRESS]:8776/v3/ccf1fe123fdf46999ddcac13a5aa65dd/volumes/c05dce26-83cc-4b8e-bd90-131931cd2291
2024-03-17 23:51:25.148 20 INFO cinder.api.openstack.wsgi [None req-7737f38c-8379-494e-a736-51088a23255f 13d0ae345e7a47f2aa74f6042fa21502 d39f69d49f544169b9f651818c8f4978 - - default default] http://[LB_IP_ADDRESS]:8776/v3/d39f69d49f544169b9f651818c8f4978/volumes/6b7c867a-a27b-4eb9-8057-880f76512c1a returned with HTTP 404
2024-03-17 23:51:25.162 19 INFO cinder.volume.api [None req-39b3bf92-3deb-4f3b-bdb3-372071d21597 08f3c039e69941e19653291c7c16dfb9 ccf1fe123fdf46999ddcac13a5aa65dd - - default default] Volume info retrieved successfully.
2024-03-17 23:51:25.166 22 INFO cinder.api.openstack.wsgi [None req-2032b8ca-9e54-42f8-a6b1-2d1df720afe0 2e8e9824bfc246e5abc2635c0a862149 f72497101ee9401e9171862eeb5c4512 - - default default] PUT http://[LB_IP_ADDRESS]:8776/v3/f72497101ee9401e9171862eeb5c4512/os-quota-sets/d39f69d49f544169b9f651818c8f4978
2024-03-17 23:51:25.166 19 INFO cinder.api.openstack.wsgi [None req-39b3bf92-3deb-4f3b-bdb3-372071d21597 08f3c039e69941e19653291c7c16dfb9 ccf1fe123fdf46999ddcac13a5aa65dd - - default default] http://[LB_IP_ADDRESS]:8776/v3/ccf1fe123fdf46999ddcac13a5aa65dd/volumes/c05dce26-83cc-4b8e-bd90-131931cd2291 returned with HTTP 200
2024-03-17 23:51:25.192 23 INFO cinder.api.openstack.wsgi [None req-b18c3535-a2cb-4b82-80cf-8ddb8f3b1bcc 08f3c039e69941e19653291c7c16dfb9 ccf1fe123fdf46999ddcac13a5aa65dd - - default default] POST http://[LB_IP_ADDRESS]:8776/v3/ccf1fe123fdf46999ddcac13a5aa65dd/snapshots
2024-03-17 23:51:25.206 23 INFO cinder.volume.api [None req-b18c3535-a2cb-4b82-80cf-8ddb8f3b1bcc 08f3c039e69941e19653291c7c16dfb9 ccf1fe123fdf46999ddcac13a5aa65dd - - default default] Volume info retrieved successfully.
2024-03-17 23:51:25.206 23 INFO cinder.api.v3.snapshots [None req-b18c3535-a2cb-4b82-80cf-8ddb8f3b1bcc 08f3c039e69941e19653291c7c16dfb9 ccf1fe123fdf46999ddcac13a5aa65dd - - default default] Create snapshot from volume c05dce26-83cc-4b8e-bd90-131931cd2291
2024-03-17 23:51:25.286 23 INFO cinder.volume.api [None req-b18c3535-a2cb-4b82-80cf-8ddb8f3b1bcc 08f3c039e69941e19653291c7c16dfb9 ccf1fe123fdf46999ddcac13a5aa65dd - - default default] Snapshot create request issued successfully.
2024-03-17 23:51:25.287 23 INFO cinder.api.openstack.wsgi [None req-b18c3535-a2cb-4b82-80cf-8ddb8f3b1bcc 08f3c039e69941e19653291c7c16dfb9 ccf1fe123fdf46999ddcac13a5aa65dd - - default default] http://[LB_IP_ADDRESS]:8776/v3/ccf1fe123fdf46999ddcac13a5aa65dd/snapshots returned with HTTP 202
2024-03-17 23:51:25.302 22 INFO cinder.api.openstack.wsgi [None req-2032b8ca-9e54-42f8-a6b1-2d1df720afe0 2e8e9824bfc246e5abc2635c0a862149 f72497101ee9401e9171862eeb5c4512 - - default default] http://[LB_IP_ADDRESS]:8776/v3/f72497101ee9401e9171862eeb5c4512/os-quota-sets/d39f69d49f544169b9f651818c8f4978 returned with HTTP 200
2024-03-17 23:51:25.305 21 INFO cinder.api.openstack.wsgi [None req-6396a5bf-935a-401f-a8b7-2731aca2ba10 08f3c039e69941e19653291c7c16dfb9 ccf1fe123fdf46999ddcac13a5aa65dd - - default default] GET http://[LB_IP_ADDRESS]:8776/v3/ccf1fe123fdf46999ddcac13a5aa65dd/snapshots/2a396e5e-86c4-4f0d-9c38-4374f8cf23c8
2024-03-17 23:51:25.316 21 INFO cinder.volume.api [None req-6396a5bf-935a-401f-a8b7-2731aca2ba10 08f3c039e69941e19653291c7c16dfb9 ccf1fe123fdf46999ddcac13a5aa65dd - - default default] Snapshot retrieved successfully.
2024-03-17 23:51:25.317 21 INFO cinder.api.openstack.wsgi [None req-6396a5bf-935a-401f-a8b7-2731aca2ba10 08f3c039e69941e19653291c7c16dfb9 ccf1fe123fdf46999ddcac13a5aa65dd - - default default] http://[LB_IP_ADDRESS]:8776/v3/ccf1fe123fdf46999ddcac13a5aa65dd/snapshots/2a396e5e-86c4-4f0d-9c38-4374f8cf23c8 returned with HTTP 200
2024-03-17 23:51:26.337 20 INFO cinder.api.openstack.wsgi [None req-ae6138a3-256f-4a0e-a467-44bb5252aed0 08f3c039e69941e19653291c7c16dfb9 ccf1fe123fdf46999ddcac13a5aa65dd - - default default] GET http://[LB_IP_ADDRESS]:8776/v3/ccf1fe123fdf46999ddcac13a5aa65dd/snapshots/2a396e5e-86c4-4f0d-9c38-4374f8cf23c8
2024-03-17 23:51:26.351 20 INFO cinder.volume.api [None req-ae6138a3-256f-4a0e-a467-44bb5252aed0 08f3c039e69941e19653291c7c16dfb9 ccf1fe123fdf46999ddcac13a5aa65dd - - default default] Snapshot retrieved successfully.
2024-03-17 23:51:26.353 20 INFO cinder.api.openstack.wsgi [None req-ae6138a3-256f-4a0e-a467-44bb5252aed0 08f3c039e69941e19653291c7c16dfb9 ccf1fe123fdf46999ddcac13a5aa65dd - - default default] http://[LB_IP_ADDRESS]:8776/v3/ccf1fe123fdf46999ddcac13a5aa65dd/snapshots/2a396e5e-86c4-4f0d-9c38-4374f8cf23c8 returned with HTTP 200
2024-03-17 23:51:27.371 19 INFO cinder.api.openstack.wsgi [None req-8367b4c0-4256-4068-9eb7-e31d8d81b5df 08f3c039e69941e19653291c7c16dfb9 ccf1fe123fdf46999ddcac13a5aa65dd - - default default] GET http://[LB_IP_ADDRESS]:8776/v3/ccf1fe123fdf46999ddcac13a5aa65dd/snapshots/2a396e5e-86c4-4f0d-9c38-4374f8cf23c8
2024-03-17 23:51:27.381 19 INFO cinder.volume.api [None req-8367b4c0-4256-4068-9eb7-e31d8d81b5df 08f3c039e69941e19653291c7c16dfb9 ccf1fe123fdf46999ddcac13a5aa65dd - - default default] Snapshot retrieved successfully.
2024-03-17 23:51:27.383 19 INFO cinder.api.openstack.wsgi [None req-8367b4c0-4256-4068-9eb7-e31d8d81b5df 08f3c039e69941e19653291c7c16dfb9 ccf1fe123fdf46999ddcac13a5aa65dd - - default default] http://[LB_IP_ADDRESS]:8776/v3/ccf1fe123fdf46999ddcac13a5aa65dd/snapshots/2a396e5e-86c4-4f0d-9c38-4374f8cf23c8 returned with HTTP 200
2024-03-17 23:51:27.404 23 INFO cinder.api.openstack.wsgi [None req-6d9d3c06-7455-4ab8-be5a-2628b05a2379 17d2df2cb82a4e82873c48d4566f2427 5bfaf90bd42147d186c1f0e87ec0e419 - - default default] PUT http://[LB_IP_ADDRESS]:8776/v3/5bfaf90bd42147d186c1f0e87ec0e419/os-quota-sets/ccf1fe123fdf46999ddcac13a5aa65dd
2024-03-17 23:51:27.467 23 INFO cinder.api.openstack.wsgi [None req-6d9d3c06-7455-4ab8-be5a-2628b05a2379 17d2df2cb82a4e82873c48d4566f2427 5bfaf90bd42147d186c1f0e87ec0e419 - - default default] http://[LB_IP_ADDRESS]:8776/v3/5bfaf90bd42147d186c1f0e87ec0e419/os-quota-sets/ccf1fe123fdf46999ddcac13a5aa65dd returned with HTTP 200
2024-03-17 23:51:27.481 21 INFO cinder.api.openstack.wsgi [None req-1af2523c-a1a8-43f3-a19f-29fd59928121 08f3c039e69941e19653291c7c16dfb9 ccf1fe123fdf46999ddcac13a5aa65dd - - default default] POST http://[LB_IP_ADDRESS]:8776/v3/ccf1fe123fdf46999ddcac13a5aa65dd/snapshots
2024-03-17 23:51:27.496 21 INFO cinder.volume.api [None req-1af2523c-a1a8-43f3-a19f-29fd59928121 08f3c039e69941e19653291c7c16dfb9 ccf1fe123fdf46999ddcac13a5aa65dd - - default default] Volume info retrieved successfully.
2024-03-17 23:51:27.496 21 INFO cinder.api.v3.snapshots [None req-1af2523c-a1a8-43f3-a19f-29fd59928121 08f3c039e69941e19653291c7c16dfb9 ccf1fe123fdf46999ddcac13a5aa65dd - - default default] Create snapshot from volume c05dce26-83cc-4b8e-bd90-131931cd2291
2024-03-17 23:51:27.523 22 INFO cinder.api.openstack.wsgi [None req-aa1f6313-043b-4380-996a-7ec2d3fba1da 06e1ab4ad98b43d18898d8858b684687 c1ff6823b0ab48108778faf8c248110b - - default default] POST http://[LB_IP_ADDRESS]:8776/v3/c1ff6823b0ab48108778faf8c248110b/group_types
2024-03-17 23:51:27.526 21 WARNING cinder.quota_utils [None req-1af2523c-a1a8-43f3-a19f-29fd59928121 08f3c039e69941e19653291c7c16dfb9 ccf1fe123fdf46999ddcac13a5aa65dd - - default default] Quota exceeded for ccf1fe123fdf46999ddcac13a5aa65dd, tried to create 1G snapshot (2G of 2G already consumed).: cinder.exception.OverQuota: Quota exceeded for resources: ['gigabytes']
2024-03-17 23:51:27.527 21 INFO cinder.api.middleware.fault [None req-1af2523c-a1a8-43f3-a19f-29fd59928121 08f3c039e69941e19653291c7c16dfb9 ccf1fe123fdf46999ddcac13a5aa65dd - - default default] http://[LB_IP_ADDRESS]:8776/v3/ccf1fe123fdf46999ddcac13a5aa65dd/snapshots returned with HTTP 413
2024-03-17 23:51:27.544 22 INFO cinder.api.openstack.wsgi [None req-aa1f6313-043b-4380-996a-7ec2d3fba1da 06e1ab4ad98b43d18898d8858b684687 c1ff6823b0ab48108778faf8c248110b - - default default] http://[LB_IP_ADDRESS]:8776/v3/c1ff6823b0ab48108778faf8c248110b/group_types returned with HTTP 202
2024-03-17 23:51:27.544 20 INFO cinder.api.openstack.wsgi [None req-b6a8e7cc-b7d4-4d90-8f74-35965df23f1d 17d2df2cb82a4e82873c48d4566f2427 5bfaf90bd42147d186c1f0e87ec0e419 - - default default] PUT http://[LB_IP_ADDRESS]:8776/v3/5bfaf90bd42147d186c1f0e87ec0e419/os-quota-sets/ccf1fe123fdf46999ddcac13a5aa65dd
2024-03-17 23:51:27.561 19 INFO cinder.api.openstack.wsgi [None req-ca59597c-4f1f-4928-a37f-06f906ac7aa1 06e1ab4ad98b43d18898d8858b684687 c1ff6823b0ab48108778faf8c248110b - - default default] POST http://[LB_IP_ADDRESS]:8776/v3/c1ff6823b0ab48108778faf8c248110b/group_types/6fe69fcf-3c9d-4a0f-819e-f38bfc2c61c0/group_specs
2024-03-17 23:51:27.578 19 INFO cinder.api.openstack.wsgi [None req-ca59597c-4f1f-4928-a37f-06f906ac7aa1 06e1ab4ad98b43d18898d8858b684687 c1ff6823b0ab48108778faf8c248110b - - default default] http://[LB_IP_ADDRESS]:8776/v3/c1ff6823b0ab48108778faf8c248110b/group_types/6fe69fcf-3c9d-4a0f-819e-f38bfc2c61c0/group_specs returned with HTTP 202
2024-03-17 23:51:27.595 23 INFO cinder.api.openstack.wsgi [None req-80743df7-ca7b-4c23-823b-c102aaef5d00 06e1ab4ad98b43d18898d8858b684687 c1ff6823b0ab48108778faf8c248110b - - default default] POST http://[LB_IP_ADDRESS]:8776/v3/c1ff6823b0ab48108778faf8c248110b/group_types/6fe69fcf-3c9d-4a0f-819e-f38bfc2c61c0/group_specs
2024-03-17 23:51:27.617 23 INFO cinder.api.openstack.wsgi [None req-80743df7-ca7b-4c23-823b-c102aaef5d00 06e1ab4ad98b43d18898d8858b684687 c1ff6823b0ab48108778faf8c248110b - - default default] http://[LB_IP_ADDRESS]:8776/v3/c1ff6823b0ab48108778faf8c248110b/group_types/6fe69fcf-3c9d-4a0f-819e-f38bfc2c61c0/group_specs returned with HTTP 202
2024-03-17 23:51:27.622 20 INFO cinder.api.openstack.wsgi [None req-b6a8e7cc-b7d4-4d90-8f74-35965df23f1d 17d2df2cb82a4e82873c48d4566f2427 5bfaf90bd42147d186c1f0e87ec0e419 - - default default] http://[LB_IP_ADDRESS]:8776/v3/5bfaf90bd42147d186c1f0e87ec0e419/os-quota-sets/ccf1fe123fdf46999ddcac13a5aa65dd returned with HTTP 200
2024-03-17 23:51:27.641 22 INFO cinder.api.openstack.wsgi [None req-5c04392b-1966-4382-a684-f4d203da275f 08f3c039e69941e19653291c7c16dfb9 ccf1fe123fdf46999ddcac13a5aa65dd - - default default] POST http://[LB_IP_ADDRESS]:8776/v3/ccf1fe123fdf46999ddcac13a5aa65dd/snapshots
2024-03-17 23:51:27.643 21 INFO cinder.api.openstack.wsgi [None req-cd528389-f226-4b9e-80a4-207e7a0457f5 06e1ab4ad98b43d18898d8858b684687 c1ff6823b0ab48108778faf8c248110b - - default default] GET http://[LB_IP_ADDRESS]:8776/v3/c1ff6823b0ab48108778faf8c248110b/group_types/6fe69fcf-3c9d-4a0f-819e-f38bfc2c61c0/group_specs/key2
2024-03-17 23:51:27.657 21 INFO cinder.api.openstack.wsgi [None req-cd528389-f226-4b9e-80a4-207e7a0457f5 06e1ab4ad98b43d18898d8858b684687 c1ff6823b0ab48108778faf8c248110b - - default default] http://[LB_IP_ADDRESS]:8776/v3/c1ff6823b0ab48108778faf8c248110b/group_types/6fe69fcf-3c9d-4a0f-819e-f38bfc2c61c0/group_specs/key2 returned with HTTP 200
2024-03-17 23:51:27.659 22 INFO cinder.volume.api [None req-5c04392b-1966-4382-a684-f4d203da275f 08f3c039e69941e19653291c7c16dfb9 ccf1fe123fdf46999ddcac13a5aa65dd - - default default] Volume info retrieved successfully.
2024-03-17 23:51:27.660 22 INFO cinder.api.v3.snapshots [None req-5c04392b-1966-4382-a684-f4d203da275f 08f3c039e69941e19653291c7c16dfb9 ccf1fe123fdf46999ddcac13a5aa65dd - - default default] Create snapshot from volume c05dce26-83cc-4b8e-bd90-131931cd2291
2024-03-17 23:51:27.667 19 INFO cinder.api.openstack.wsgi [None req-40661d24-1662-4f7d-afc6-40a646588566 06e1ab4ad98b43d18898d8858b684687 c1ff6823b0ab48108778faf8c248110b - - default default] GET http://[LB_IP_ADDRESS]:8776/v3/c1ff6823b0ab48108778faf8c248110b/group_types/6fe69fcf-3c9d-4a0f-819e-f38bfc2c61c0/group_specs/key3
2024-03-17 23:51:27.683 19 INFO cinder.api.openstack.wsgi [None req-40661d24-1662-4f7d-afc6-40a646588566 06e1ab4ad98b43d18898d8858b684687 c1ff6823b0ab48108778faf8c248110b - - default default] http://[LB_IP_ADDRESS]:8776/v3/c1ff6823b0ab48108778faf8c248110b/group_types/6fe69fcf-3c9d-4a0f-819e-f38bfc2c61c0/group_specs/key3 returned with HTTP 200
2024-03-17 23:51:27.684 22 WARNING cinder.quota_utils [None req-5c04392b-1966-4382-a684-f4d203da275f 08f3c039e69941e19653291c7c16dfb9 ccf1fe123fdf46999ddcac13a5aa65dd - - default default] Quota exceeded for ccf1fe123fdf46999ddcac13a5aa65dd, tried to create snapshot (1 snapshots already consumed).: cinder.exception.OverQuota: Quota exceeded for resources: ['snapshots']
2024-03-17 23:51:27.685 22 INFO cinder.api.middleware.fault [None req-5c04392b-1966-4382-a684-f4d203da275f 08f3c039e69941e19653291c7c16dfb9 ccf1fe123fdf46999ddcac13a5aa65dd - - default default] http://[LB_IP_ADDRESS]:8776/v3/ccf1fe123fdf46999ddcac13a5aa65dd/snapshots returned with HTTP 413
2024-03-17 23:51:27.699 23 INFO cinder.api.openstack.wsgi [None req-0f40758f-cfc5-4f0f-b825-fa1f2ea9f081 06e1ab4ad98b43d18898d8858b684687 c1ff6823b0ab48108778faf8c248110b - - default default] PUT http://[LB_IP_ADDRESS]:8776/v3/c1ff6823b0ab48108778faf8c248110b/group_types/6fe69fcf-3c9d-4a0f-819e-f38bfc2c61c0/group_specs/key3
2024-03-17 23:51:27.702 20 INFO cinder.api.openstack.wsgi [None req-d357ca9b-e3a5-4e57-9b81-978e4738691a 08f3c039e69941e19653291c7c16dfb9 ccf1fe123fdf46999ddcac13a5aa65dd - - default default] DELETE http://[LB_IP_ADDRESS]:8776/v3/ccf1fe123fdf46999ddcac13a5aa65dd/snapshots/2a396e5e-86c4-4f0d-9c38-4374f8cf23c8
2024-03-17 23:51:27.703 20 INFO cinder.api.v2.snapshots [None req-d357ca9b-e3a5-4e57-9b81-978e4738691a 08f3c039e69941e19653291c7c16dfb9 ccf1fe123fdf46999ddcac13a5aa65dd - - default default] Delete snapshot with id: 2a396e5e-86c4-4f0d-9c38-4374f8cf23c8
2024-03-17 23:51:27.714 20 INFO cinder.volume.api [None req-d357ca9b-e3a5-4e57-9b81-978e4738691a 08f3c039e69941e19653291c7c16dfb9 ccf1fe123fdf46999ddcac13a5aa65dd - - default default] Snapshot retrieved successfully.
2024-03-17 23:51:27.715 23 INFO cinder.api.openstack.wsgi [None req-0f40758f-cfc5-4f0f-b825-fa1f2ea9f081 06e1ab4ad98b43d18898d8858b684687 c1ff6823b0ab48108778faf8c248110b - - default default] http://[LB_IP_ADDRESS]:8776/v3/c1ff6823b0ab48108778faf8c248110b/group_types/6fe69fcf-3c9d-4a0f-819e-f38bfc2c61c0/group_specs/key3 returned with HTTP 200
2024-03-17 23:51:27.732 21 INFO cinder.api.openstack.wsgi [None req-092ffa11-c024-425f-a007-5322e01dc94c 06e1ab4ad98b43d18898d8858b684687 c1ff6823b0ab48108778faf8c248110b - - default default] GET http://[LB_IP_ADDRESS]:8776/v3/c1ff6823b0ab48108778faf8c248110b/group_types/6fe69fcf-3c9d-4a0f-819e-f38bfc2c61c0/group_specs
2024-03-17 23:51:27.735 20 INFO cinder.volume.api [None req-d357ca9b-e3a5-4e57-9b81-978e4738691a 08f3c039e69941e19653291c7c16dfb9 ccf1fe123fdf46999ddcac13a5aa65dd - - default default] Snapshot delete request issued successfully.
2024-03-17 23:51:27.737 20 INFO cinder.api.openstack.wsgi [None req-d357ca9b-e3a5-4e57-9b81-978e4738691a 08f3c039e69941e19653291c7c16dfb9 ccf1fe123fdf46999ddcac13a5aa65dd - - default default] http://[LB_IP_ADDRESS]:8776/v3/ccf1fe123fdf46999ddcac13a5aa65dd/snapshots/2a396e5e-86c4-4f0d-9c38-4374f8cf23c8 returned with HTTP 202
2024-03-17 23:51:27.749 19 INFO cinder.api.openstack.wsgi [None req-827abb2a-2cb1-443e-8612-1e67c8e6f116 08f3c039e69941e19653291c7c16dfb9 ccf1fe123fdf46999ddcac13a5aa65dd - - default default] GET http://[LB_IP_ADDRESS]:8776/v3/ccf1fe123fdf46999ddcac13a5aa65dd/snapshots/2a396e5e-86c4-4f0d-9c38-4374f8cf23c8
2024-03-17 23:51:27.750 21 INFO cinder.api.openstack.wsgi [None req-092ffa11-c024-425f-a007-5322e01dc94c 06e1ab4ad98b43d18898d8858b684687 c1ff6823b0ab48108778faf8c248110b - - default default] http://[LB_IP_ADDRESS]:8776/v3/c1ff6823b0ab48108778faf8c248110b/group_types/6fe69fcf-3c9d-4a0f-819e-f38bfc2c61c0/group_specs returned with HTTP 200
2024-03-17 23:51:27.758 19 INFO cinder.volume.api [None req-827abb2a-2cb1-443e-8612-1e67c8e6f116 08f3c039e69941e19653291c7c16dfb9 ccf1fe123fdf46999ddcac13a5aa65dd - - default default] Snapshot retrieved successfully.
2024-03-17 23:51:27.760 19 INFO cinder.api.openstack.wsgi [None req-827abb2a-2cb1-443e-8612-1e67c8e6f116 08f3c039e69941e19653291c7c16dfb9 ccf1fe123fdf46999ddcac13a5aa65dd - - default default] http://[LB_IP_ADDRESS]:8776/v3/ccf1fe123fdf46999ddcac13a5aa65dd/snapshots/2a396e5e-86c4-4f0d-9c38-4374f8cf23c8 returned with HTTP 200
2024-03-17 23:51:27.761 22 INFO cinder.api.openstack.wsgi [None req-63a3bb06-0b4d-4848-a9c4-68e0161f94c6 06e1ab4ad98b43d18898d8858b684687 c1ff6823b0ab48108778faf8c248110b - - default default] DELETE http://[LB_IP_ADDRESS]:8776/v3/c1ff6823b0ab48108778faf8c248110b/group_types/6fe69fcf-3c9d-4a0f-819e-f38bfc2c61c0/group_specs/key1
2024-03-17 23:51:27.775 22 INFO cinder.api.openstack.wsgi [None req-63a3bb06-0b4d-4848-a9c4-68e0161f94c6 06e1ab4ad98b43d18898d8858b684687 c1ff6823b0ab48108778faf8c248110b - - default default] http://[LB_IP_ADDRESS]:8776/v3/c1ff6823b0ab48108778faf8c248110b/group_types/6fe69fcf-3c9d-4a0f-819e-f38bfc2c61c0/group_specs/key1 returned with HTTP 202
2024-03-17 23:51:27.790 23 INFO cinder.api.openstack.wsgi [None req-a07e62db-5041-40ca-8d11-5b8fd0241948 06e1ab4ad98b43d18898d8858b684687 c1ff6823b0ab48108778faf8c248110b - - default default] GET http://[LB_IP_ADDRESS]:8776/v3/c1ff6823b0ab48108778faf8c248110b/group_types/6fe69fcf-3c9d-4a0f-819e-f38bfc2c61c0/group_specs/key1
2024-03-17 23:51:27.802 23 INFO cinder.api.openstack.wsgi [None req-a07e62db-5041-40ca-8d11-5b8fd0241948 06e1ab4ad98b43d18898d8858b684687 c1ff6823b0ab48108778faf8c248110b - - default default] HTTP exception thrown: Group Type 6fe69fcf-3c9d-4a0f-819e-f38bfc2c61c0 has no extra spec with key key1.
2024-03-17 23:51:27.802 23 INFO cinder.api.openstack.wsgi [None req-a07e62db-5041-40ca-8d11-5b8fd0241948 06e1ab4ad98b43d18898d8858b684687 c1ff6823b0ab48108778faf8c248110b - - default default] http://[LB_IP_ADDRESS]:8776/v3/c1ff6823b0ab48108778faf8c248110b/group_types/6fe69fcf-3c9d-4a0f-819e-f38bfc2c61c0/group_specs/key1 returned with HTTP 404
2024-03-17 23:51:27.816 20 INFO cinder.api.openstack.wsgi [None req-dcdbf5ff-9364-4f93-bd4e-b8dce9da311d 06e1ab4ad98b43d18898d8858b684687 c1ff6823b0ab48108778faf8c248110b - - default default] DELETE http://[LB_IP_ADDRESS]:8776/v3/c1ff6823b0ab48108778faf8c248110b/group_types/6fe69fcf-3c9d-4a0f-819e-f38bfc2c61c0/group_specs/key2
2024-03-17 23:51:27.834 20 INFO cinder.api.openstack.wsgi [None req-dcdbf5ff-9364-4f93-bd4e-b8dce9da311d 06e1ab4ad98b43d18898d8858b684687 c1ff6823b0ab48108778faf8c248110b - - default default] http://[LB_IP_ADDRESS]:8776/v3/c1ff6823b0ab48108778faf8c248110b/group_types/6fe69fcf-3c9d-4a0f-819e-f38bfc2c61c0/group_specs/key2 returned with HTTP 202
2024-03-17 23:51:27.849 21 INFO cinder.api.openstack.wsgi [None req-f9e57ae0-b007-41ff-86cb-9fd7548ac94c 06e1ab4ad98b43d18898d8858b684687 c1ff6823b0ab48108778faf8c248110b - - default default] GET http://[LB_IP_ADDRESS]:8776/v3/c1ff6823b0ab48108778faf8c248110b/group_types/6fe69fcf-3c9d-4a0f-819e-f38bfc2c61c0/group_specs/key2
2024-03-17 23:51:27.863 21 INFO cinder.api.openstack.wsgi [None req-f9e57ae0-b007-41ff-86cb-9fd7548ac94c 06e1ab4ad98b43d18898d8858b684687 c1ff6823b0ab48108778faf8c248110b - - default default] HTTP exception thrown: Group Type 6fe69fcf-3c9d-4a0f-819e-f38bfc2c61c0 has no extra spec with key key2.
2024-03-17 23:51:27.864 21 INFO cinder.api.openstack.wsgi [None req-f9e57ae0-b007-41ff-86cb-9fd7548ac94c 06e1ab4ad98b43d18898d8858b684687 c1ff6823b0ab48108778faf8c248110b - - default default] http://[LB_IP_ADDRESS]:8776/v3/c1ff6823b0ab48108778faf8c248110b/group_types/6fe69fcf-3c9d-4a0f-819e-f38bfc2c61c0/group_specs/key2 returned with HTTP 404
2024-03-17 23:51:27.872 19 INFO cinder.api.openstack.wsgi [None req-4c5ee215-32b1-4d18-a4ed-7576e7b4dbc9 06e1ab4ad98b43d18898d8858b684687 c1ff6823b0ab48108778faf8c248110b - - default default] DELETE http://[LB_IP_ADDRESS]:8776/v3/c1ff6823b0ab48108778faf8c248110b/group_types/6fe69fcf-3c9d-4a0f-819e-f38bfc2c61c0/group_specs/key3
2024-03-17 23:51:27.885 19 INFO cinder.api.openstack.wsgi [None req-4c5ee215-32b1-4d18-a4ed-7576e7b4dbc9 06e1ab4ad98b43d18898d8858b684687 c1ff6823b0ab48108778faf8c248110b - - default default] http://[LB_IP_ADDRESS]:8776/v3/c1ff6823b0ab48108778faf8c248110b/group_types/6fe69fcf-3c9d-4a0f-819e-f38bfc2c61c0/group_specs/key3 returned with HTTP 202
2024-03-17 23:51:27.900 22 INFO cinder.api.openstack.wsgi [None req-59c1e2d2-1024-452d-b5e5-4b10525c6690 06e1ab4ad98b43d18898d8858b684687 c1ff6823b0ab48108778faf8c248110b - - default default] GET http://[LB_IP_ADDRESS]:8776/v3/c1ff6823b0ab48108778faf8c248110b/group_types/6fe69fcf-3c9d-4a0f-819e-f38bfc2c61c0/group_specs/key3
2024-03-17 23:51:27.912 22 INFO cinder.api.openstack.wsgi [None req-59c1e2d2-1024-452d-b5e5-4b10525c6690 06e1ab4ad98b43d18898d8858b684687 c1ff6823b0ab48108778faf8c248110b - - default default] HTTP exception thrown: Group Type 6fe69fcf-3c9d-4a0f-819e-f38bfc2c61c0 has no extra spec with key key3.
2024-03-17 23:51:27.912 22 INFO cinder.api.openstack.wsgi [None req-59c1e2d2-1024-452d-b5e5-4b10525c6690 06e1ab4ad98b43d18898d8858b684687 c1ff6823b0ab48108778faf8c248110b - - default default] http://[LB_IP_ADDRESS]:8776/v3/c1ff6823b0ab48108778faf8c248110b/group_types/6fe69fcf-3c9d-4a0f-819e-f38bfc2c61c0/group_specs/key3 returned with HTTP 404
2024-03-17 23:51:27.927 23 INFO cinder.api.openstack.wsgi [None req-84f40808-bf8b-434a-85f3-99c5ae579f68 06e1ab4ad98b43d18898d8858b684687 c1ff6823b0ab48108778faf8c248110b - - default default] DELETE http://[LB_IP_ADDRESS]:8776/v3/c1ff6823b0ab48108778faf8c248110b/group_types/6fe69fcf-3c9d-4a0f-819e-f38bfc2c61c0
2024-03-17 23:51:27.948 23 INFO cinder.api.openstack.wsgi [None req-84f40808-bf8b-434a-85f3-99c5ae579f68 06e1ab4ad98b43d18898d8858b684687 c1ff6823b0ab48108778faf8c248110b - - default default] http://[LB_IP_ADDRESS]:8776/v3/c1ff6823b0ab48108778faf8c248110b/group_types/6fe69fcf-3c9d-4a0f-819e-f38bfc2c61c0 returned with HTTP 202
2024-03-17 23:51:28.780 20 INFO cinder.api.openstack.wsgi [None req-8663f558-b194-4a75-9291-04fce365916f 08f3c039e69941e19653291c7c16dfb9 ccf1fe123fdf46999ddcac13a5aa65dd - - default default] GET http://[LB_IP_ADDRESS]:8776/v3/ccf1fe123fdf46999ddcac13a5aa65dd/snapshots/2a396e5e-86c4-4f0d-9c38-4374f8cf23c8
2024-03-17 23:51:28.791 20 INFO cinder.api.openstack.wsgi [None req-8663f558-b194-4a75-9291-04fce365916f 08f3c039e69941e19653291c7c16dfb9 ccf1fe123fdf46999ddcac13a5aa65dd - - default default] http://[LB_IP_ADDRESS]:8776/v3/ccf1fe123fdf46999ddcac13a5aa65dd/snapshots/2a396e5e-86c4-4f0d-9c38-4374f8cf23c8 returned with HTTP 404
2024-03-17 23:51:28.806 21 INFO cinder.api.openstack.wsgi [None req-d7afe459-10db-419d-83ad-450cd1fa1bd0 08f3c039e69941e19653291c7c16dfb9 ccf1fe123fdf46999ddcac13a5aa65dd - - default default] GET http://[LB_IP_ADDRESS]:8776/v3/ccf1fe123fdf46999ddcac13a5aa65dd/volumes/c05dce26-83cc-4b8e-bd90-131931cd2291
2024-03-17 23:51:28.835 21 INFO cinder.volume.api [None req-d7afe459-10db-419d-83ad-450cd1fa1bd0 08f3c039e69941e19653291c7c16dfb9 ccf1fe123fdf46999ddcac13a5aa65dd - - default default] Volume info retrieved successfully.
2024-03-17 23:51:28.841 21 INFO cinder.api.openstack.wsgi [None req-d7afe459-10db-419d-83ad-450cd1fa1bd0 08f3c039e69941e19653291c7c16dfb9 ccf1fe123fdf46999ddcac13a5aa65dd - - default default] http://[LB_IP_ADDRESS]:8776/v3/ccf1fe123fdf46999ddcac13a5aa65dd/volumes/c05dce26-83cc-4b8e-bd90-131931cd2291 returned with HTTP 200
2024-03-17 23:51:28.868 22 INFO cinder.api.openstack.wsgi [None req-307c1694-1f2c-405c-92ac-5b9f605a0c6f 08f3c039e69941e19653291c7c16dfb9 ccf1fe123fdf46999ddcac13a5aa65dd - - default default] DELETE http://[LB_IP_ADDRESS]:8776/v3/ccf1fe123fdf46999ddcac13a5aa65dd/volumes/c05dce26-83cc-4b8e-bd90-131931cd2291
2024-03-17 23:51:28.870 22 INFO cinder.api.v3.volumes [None req-307c1694-1f2c-405c-92ac-5b9f605a0c6f 08f3c039e69941e19653291c7c16dfb9 ccf1fe123fdf46999ddcac13a5aa65dd - - default default] Delete volume with id: c05dce26-83cc-4b8e-bd90-131931cd2291 
2024-03-17 23:51:28.885 22 INFO cinder.volume.api [None req-307c1694-1f2c-405c-92ac-5b9f605a0c6f 08f3c039e69941e19653291c7c16dfb9 ccf1fe123fdf46999ddcac13a5aa65dd - - default default] Volume info retrieved successfully.
2024-03-17 23:51:28.920 22 INFO cinder.volume.api [None req-307c1694-1f2c-405c-92ac-5b9f605a0c6f 08f3c039e69941e19653291c7c16dfb9 ccf1fe123fdf46999ddcac13a5aa65dd - - default default] Delete volume request issued successfully.
2024-03-17 23:51:28.921 22 INFO cinder.api.openstack.wsgi [None req-307c1694-1f2c-405c-92ac-5b9f605a0c6f 08f3c039e69941e19653291c7c16dfb9 ccf1fe123fdf46999ddcac13a5aa65dd - - default default] http://[LB_IP_ADDRESS]:8776/v3/ccf1fe123fdf46999ddcac13a5aa65dd/volumes/c05dce26-83cc-4b8e-bd90-131931cd2291 returned with HTTP 202
2024-03-17 23:51:28.936 23 INFO cinder.api.openstack.wsgi [None req-861d079b-4908-473b-8763-7961b2d6752f 08f3c039e69941e19653291c7c16dfb9 ccf1fe123fdf46999ddcac13a5aa65dd - - default default] GET http://[LB_IP_ADDRESS]:8776/v3/ccf1fe123fdf46999ddcac13a5aa65dd/volumes/c05dce26-83cc-4b8e-bd90-131931cd2291
2024-03-17 23:51:28.951 19 INFO cinder.api.openstack.wsgi [None req-3b654c49-2e6a-4154-8ee2-35384e10e83d 74bbf515a7df4476b3af38b008242451 00785394cbdf4788bd00d5fdfb9e1a3a - - default default] GET http://[LB_IP_ADDRESS]:8776/v3/00785394cbdf4788bd00d5fdfb9e1a3a/os-services
2024-03-17 23:51:28.959 23 INFO cinder.volume.api [None req-861d079b-4908-473b-8763-7961b2d6752f 08f3c039e69941e19653291c7c16dfb9 ccf1fe123fdf46999ddcac13a5aa65dd - - default default] Volume info retrieved successfully.
2024-03-17 23:51:28.960 19 INFO cinder.api.openstack.wsgi [None req-3b654c49-2e6a-4154-8ee2-35384e10e83d 74bbf515a7df4476b3af38b008242451 00785394cbdf4788bd00d5fdfb9e1a3a - - default default] http://[LB_IP_ADDRESS]:8776/v3/00785394cbdf4788bd00d5fdfb9e1a3a/os-services returned with HTTP 200
2024-03-17 23:51:28.964 23 INFO cinder.api.openstack.wsgi [None req-861d079b-4908-473b-8763-7961b2d6752f 08f3c039e69941e19653291c7c16dfb9 ccf1fe123fdf46999ddcac13a5aa65dd - - default default] http://[LB_IP_ADDRESS]:8776/v3/ccf1fe123fdf46999ddcac13a5aa65dd/volumes/c05dce26-83cc-4b8e-bd90-131931cd2291 returned with HTTP 200
2024-03-17 23:51:28.980 20 INFO cinder.api.openstack.wsgi [None req-e503ea1e-d5e4-4d44-8822-2d9823e980d8 74bbf515a7df4476b3af38b008242451 00785394cbdf4788bd00d5fdfb9e1a3a - - default default] GET http://[LB_IP_ADDRESS]:8776/v3/00785394cbdf4788bd00d5fdfb9e1a3a/os-services?host=rack11-server81
2024-03-17 23:51:28.994 20 INFO cinder.api.openstack.wsgi [None req-e503ea1e-d5e4-4d44-8822-2d9823e980d8 74bbf515a7df4476b3af38b008242451 00785394cbdf4788bd00d5fdfb9e1a3a - - default default] http://[LB_IP_ADDRESS]:8776/v3/00785394cbdf4788bd00d5fdfb9e1a3a/os-services?host=rack11-server81 returned with HTTP 200
2024-03-17 23:51:29.018 21 INFO cinder.api.openstack.wsgi [None req-e9f0c32a-d6dd-4ec0-874e-b30814742d2c 74bbf515a7df4476b3af38b008242451 00785394cbdf4788bd00d5fdfb9e1a3a - - default default] GET http://[LB_IP_ADDRESS]:8776/v3/00785394cbdf4788bd00d5fdfb9e1a3a/os-services?host=rack11-server81&binary=cinder-scheduler
2024-03-17 23:51:29.028 21 INFO cinder.api.openstack.wsgi [None req-e9f0c32a-d6dd-4ec0-874e-b30814742d2c 74bbf515a7df4476b3af38b008242451 00785394cbdf4788bd00d5fdfb9e1a3a - - default default] http://[LB_IP_ADDRESS]:8776/v3/00785394cbdf4788bd00d5fdfb9e1a3a/os-services?host=rack11-server81&binary=cinder-scheduler returned with HTTP 200
2024-03-17 23:51:29.051 22 INFO cinder.api.openstack.wsgi [None req-e7a3e02d-bfca-436b-97d3-2cc95f204740 74bbf515a7df4476b3af38b008242451 00785394cbdf4788bd00d5fdfb9e1a3a - - default default] GET http://[LB_IP_ADDRESS]:8776/v3/00785394cbdf4788bd00d5fdfb9e1a3a/os-services?binary=cinder-scheduler
2024-03-17 23:51:29.060 22 INFO cinder.api.openstack.wsgi [None req-e7a3e02d-bfca-436b-97d3-2cc95f204740 74bbf515a7df4476b3af38b008242451 00785394cbdf4788bd00d5fdfb9e1a3a - - default default] http://[LB_IP_ADDRESS]:8776/v3/00785394cbdf4788bd00d5fdfb9e1a3a/os-services?binary=cinder-scheduler returned with HTTP 200
2024-03-17 23:51:29.138 19 INFO cinder.api.openstack.wsgi [None req-f56d6436-b20d-4885-a59a-6630896f0cdc fe5881af29a942b8a23a0786ca70eb08 96a80882d2f64a4d8c6615e2312d78df - - default default] POST http://[LB_IP_ADDRESS]:8776/v3/96a80882d2f64a4d8c6615e2312d78df/volumes
2024-03-17 23:51:29.141 19 INFO cinder.api.v3.volumes [None req-f56d6436-b20d-4885-a59a-6630896f0cdc fe5881af29a942b8a23a0786ca70eb08 96a80882d2f64a4d8c6615e2312d78df - - default default] Create volume of 1 GB
2024-03-17 23:51:29.146 19 INFO cinder.volume.api [None req-f56d6436-b20d-4885-a59a-6630896f0cdc fe5881af29a942b8a23a0786ca70eb08 96a80882d2f64a4d8c6615e2312d78df - - default default] Availability Zones retrieved successfully.
2024-03-17 23:51:29.331 19 INFO cinder.volume.api [None req-f56d6436-b20d-4885-a59a-6630896f0cdc fe5881af29a942b8a23a0786ca70eb08 96a80882d2f64a4d8c6615e2312d78df - - default default] Create volume request issued successfully.
2024-03-17 23:51:29.334 19 INFO cinder.api.openstack.wsgi [None req-f56d6436-b20d-4885-a59a-6630896f0cdc fe5881af29a942b8a23a0786ca70eb08 96a80882d2f64a4d8c6615e2312d78df - - default default] http://[LB_IP_ADDRESS]:8776/v3/96a80882d2f64a4d8c6615e2312d78df/volumes returned with HTTP 202
2024-03-17 23:51:29.362 23 INFO cinder.api.openstack.wsgi [None req-b3884f22-fc9e-4768-8765-ece8bfc2fb32 fe5881af29a942b8a23a0786ca70eb08 96a80882d2f64a4d8c6615e2312d78df - - default default] GET http://[LB_IP_ADDRESS]:8776/v3/96a80882d2f64a4d8c6615e2312d78df/volumes/f7cddafe-77f7-4bbf-9851-135a48eed0ef
2024-03-17 23:51:29.384 23 INFO cinder.volume.api [None req-b3884f22-fc9e-4768-8765-ece8bfc2fb32 fe5881af29a942b8a23a0786ca70eb08 96a80882d2f64a4d8c6615e2312d78df - - default default] Volume info retrieved successfully.
2024-03-17 23:51:29.389 23 INFO cinder.api.openstack.wsgi [None req-b3884f22-fc9e-4768-8765-ece8bfc2fb32 fe5881af29a942b8a23a0786ca70eb08 96a80882d2f64a4d8c6615e2312d78df - - default default] http://[LB_IP_ADDRESS]:8776/v3/96a80882d2f64a4d8c6615e2312d78df/volumes/f7cddafe-77f7-4bbf-9851-135a48eed0ef returned with HTTP 200
2024-03-17 23:51:29.993 20 INFO cinder.api.openstack.wsgi [None req-2dd470bd-6c38-4b2d-9756-34299f9024f5 08f3c039e69941e19653291c7c16dfb9 ccf1fe123fdf46999ddcac13a5aa65dd - - default default] GET http://[LB_IP_ADDRESS]:8776/v3/ccf1fe123fdf46999ddcac13a5aa65dd/volumes/c05dce26-83cc-4b8e-bd90-131931cd2291
2024-03-17 23:51:30.010 20 INFO cinder.api.openstack.wsgi [None req-2dd470bd-6c38-4b2d-9756-34299f9024f5 08f3c039e69941e19653291c7c16dfb9 ccf1fe123fdf46999ddcac13a5aa65dd - - default default] http://[LB_IP_ADDRESS]:8776/v3/ccf1fe123fdf46999ddcac13a5aa65dd/volumes/c05dce26-83cc-4b8e-bd90-131931cd2291 returned with HTTP 404
2024-03-17 23:51:30.024 21 INFO cinder.api.openstack.wsgi [None req-e06beae9-26aa-443d-846d-594ab571b243 17d2df2cb82a4e82873c48d4566f2427 5bfaf90bd42147d186c1f0e87ec0e419 - - default default] PUT http://[LB_IP_ADDRESS]:8776/v3/5bfaf90bd42147d186c1f0e87ec0e419/os-quota-sets/ccf1fe123fdf46999ddcac13a5aa65dd
2024-03-17 23:51:30.114 21 INFO cinder.api.openstack.wsgi [None req-e06beae9-26aa-443d-846d-594ab571b243 17d2df2cb82a4e82873c48d4566f2427 5bfaf90bd42147d186c1f0e87ec0e419 - - default default] http://[LB_IP_ADDRESS]:8776/v3/5bfaf90bd42147d186c1f0e87ec0e419/os-quota-sets/ccf1fe123fdf46999ddcac13a5aa65dd returned with HTTP 200
2024-03-17 23:51:30.417 22 INFO cinder.api.openstack.wsgi [None req-3ae41cad-f1f4-4362-81d7-13bd8ca86379 fe5881af29a942b8a23a0786ca70eb08 96a80882d2f64a4d8c6615e2312d78df - - default default] GET http://[LB_IP_ADDRESS]:8776/v3/96a80882d2f64a4d8c6615e2312d78df/volumes/f7cddafe-77f7-4bbf-9851-135a48eed0ef
2024-03-17 23:51:30.439 22 INFO cinder.volume.api [None req-3ae41cad-f1f4-4362-81d7-13bd8ca86379 fe5881af29a942b8a23a0786ca70eb08 96a80882d2f64a4d8c6615e2312d78df - - default default] Volume info retrieved successfully.
2024-03-17 23:51:30.444 22 INFO cinder.api.openstack.wsgi [None req-3ae41cad-f1f4-4362-81d7-13bd8ca86379 fe5881af29a942b8a23a0786ca70eb08 96a80882d2f64a4d8c6615e2312d78df - - default default] http://[LB_IP_ADDRESS]:8776/v3/96a80882d2f64a4d8c6615e2312d78df/volumes/f7cddafe-77f7-4bbf-9851-135a48eed0ef returned with HTTP 200
2024-03-17 23:51:30.475 19 INFO cinder.api.openstack.wsgi [None req-754567ff-9e55-47e7-bbb3-a4c4dc698365 74bbf515a7df4476b3af38b008242451 00785394cbdf4788bd00d5fdfb9e1a3a - - default default] GET http://[LB_IP_ADDRESS]:8776/v3/00785394cbdf4788bd00d5fdfb9e1a3a/volumes/f7cddafe-77f7-4bbf-9851-135a48eed0ef
2024-03-17 23:51:30.498 19 INFO cinder.volume.api [None req-754567ff-9e55-47e7-bbb3-a4c4dc698365 74bbf515a7df4476b3af38b008242451 00785394cbdf4788bd00d5fdfb9e1a3a - - default default] Volume info retrieved successfully.
2024-03-17 23:51:30.503 19 INFO cinder.api.openstack.wsgi [None req-754567ff-9e55-47e7-bbb3-a4c4dc698365 74bbf515a7df4476b3af38b008242451 00785394cbdf4788bd00d5fdfb9e1a3a - - default default] http://[LB_IP_ADDRESS]:8776/v3/00785394cbdf4788bd00d5fdfb9e1a3a/volumes/f7cddafe-77f7-4bbf-9851-135a48eed0ef returned with HTTP 200
2024-03-17 23:51:30.535 23 INFO cinder.api.openstack.wsgi [None req-6dc59337-24e8-4eee-9cb9-6f82a14407fd 74bbf515a7df4476b3af38b008242451 00785394cbdf4788bd00d5fdfb9e1a3a - - default default] GET http://[LB_IP_ADDRESS]:8776/v3/00785394cbdf4788bd00d5fdfb9e1a3a/os-services?host=rack08-server61&binary=cinder-volume
2024-03-17 23:51:30.545 23 INFO cinder.api.openstack.wsgi [None req-6dc59337-24e8-4eee-9cb9-6f82a14407fd 74bbf515a7df4476b3af38b008242451 00785394cbdf4788bd00d5fdfb9e1a3a - - default default] http://[LB_IP_ADDRESS]:8776/v3/00785394cbdf4788bd00d5fdfb9e1a3a/os-services?host=rack08-server61&binary=cinder-volume returned with HTTP 200
2024-03-17 23:51:30.560 20 INFO cinder.api.openstack.wsgi [None req-d194826e-c6d1-498a-9fd5-a3bf93f49e97 fe5881af29a942b8a23a0786ca70eb08 96a80882d2f64a4d8c6615e2312d78df - - default default] GET http://[LB_IP_ADDRESS]:8776/v3/96a80882d2f64a4d8c6615e2312d78df/volumes/f7cddafe-77f7-4bbf-9851-135a48eed0ef
2024-03-17 23:51:30.591 20 INFO cinder.volume.api [None req-d194826e-c6d1-498a-9fd5-a3bf93f49e97 fe5881af29a942b8a23a0786ca70eb08 96a80882d2f64a4d8c6615e2312d78df - - default default] Volume info retrieved successfully.
2024-03-17 23:51:30.598 20 INFO cinder.api.openstack.wsgi [None req-d194826e-c6d1-498a-9fd5-a3bf93f49e97 fe5881af29a942b8a23a0786ca70eb08 96a80882d2f64a4d8c6615e2312d78df - - default default] http://[LB_IP_ADDRESS]:8776/v3/96a80882d2f64a4d8c6615e2312d78df/volumes/f7cddafe-77f7-4bbf-9851-135a48eed0ef returned with HTTP 200
2024-03-17 23:51:30.623 21 INFO cinder.api.openstack.wsgi [None req-2e2ee5a2-9713-40dc-8886-1703bed5b650 fe5881af29a942b8a23a0786ca70eb08 96a80882d2f64a4d8c6615e2312d78df - - default default] DELETE http://[LB_IP_ADDRESS]:8776/v3/96a80882d2f64a4d8c6615e2312d78df/volumes/f7cddafe-77f7-4bbf-9851-135a48eed0ef
2024-03-17 23:51:30.625 21 INFO cinder.api.v3.volumes [None req-2e2ee5a2-9713-40dc-8886-1703bed5b650 fe5881af29a942b8a23a0786ca70eb08 96a80882d2f64a4d8c6615e2312d78df - - default default] Delete volume with id: f7cddafe-77f7-4bbf-9851-135a48eed0ef 
2024-03-17 23:51:30.642 21 INFO cinder.volume.api [None req-2e2ee5a2-9713-40dc-8886-1703bed5b650 fe5881af29a942b8a23a0786ca70eb08 96a80882d2f64a4d8c6615e2312d78df - - default default] Volume info retrieved successfully.
2024-03-17 23:51:30.668 21 INFO cinder.volume.api [None req-2e2ee5a2-9713-40dc-8886-1703bed5b650 fe5881af29a942b8a23a0786ca70eb08 96a80882d2f64a4d8c6615e2312d78df - - default default] Delete volume request issued successfully.
2024-03-17 23:51:30.669 21 INFO cinder.api.openstack.wsgi [None req-2e2ee5a2-9713-40dc-8886-1703bed5b650 fe5881af29a942b8a23a0786ca70eb08 96a80882d2f64a4d8c6615e2312d78df - - default default] http://[LB_IP_ADDRESS]:8776/v3/96a80882d2f64a4d8c6615e2312d78df/volumes/f7cddafe-77f7-4bbf-9851-135a48eed0ef returned with HTTP 202
2024-03-17 23:51:30.685 22 INFO cinder.api.openstack.wsgi [None req-4659406b-0b0f-4300-82c1-27a13ddb1ec3 fe5881af29a942b8a23a0786ca70eb08 96a80882d2f64a4d8c6615e2312d78df - - default default] GET http://[LB_IP_ADDRESS]:8776/v3/96a80882d2f64a4d8c6615e2312d78df/volumes/f7cddafe-77f7-4bbf-9851-135a48eed0ef
2024-03-17 23:51:30.713 22 INFO cinder.volume.api [None req-4659406b-0b0f-4300-82c1-27a13ddb1ec3 fe5881af29a942b8a23a0786ca70eb08 96a80882d2f64a4d8c6615e2312d78df - - default default] Volume info retrieved successfully.
2024-03-17 23:51:30.719 22 INFO cinder.api.openstack.wsgi [None req-4659406b-0b0f-4300-82c1-27a13ddb1ec3 fe5881af29a942b8a23a0786ca70eb08 96a80882d2f64a4d8c6615e2312d78df - - default default] http://[LB_IP_ADDRESS]:8776/v3/96a80882d2f64a4d8c6615e2312d78df/volumes/f7cddafe-77f7-4bbf-9851-135a48eed0ef returned with HTTP 200
2024-03-17 23:51:31.470 19 INFO cinder.api.openstack.wsgi [None req-a24c4bd6-96cc-4b2e-8df2-5e2b1485a06a 1ee424061bac4a60af84d086536609d7 695ea05f75b44a9595a68e92f81f091d - - default default] POST http://[LB_IP_ADDRESS]:8776/v3/695ea05f75b44a9595a68e92f81f091d/types
2024-03-17 23:51:31.498 19 INFO cinder.api.openstack.wsgi [None req-a24c4bd6-96cc-4b2e-8df2-5e2b1485a06a 1ee424061bac4a60af84d086536609d7 695ea05f75b44a9595a68e92f81f091d - - default default] http://[LB_IP_ADDRESS]:8776/v3/695ea05f75b44a9595a68e92f81f091d/types returned with HTTP 200
2024-03-17 23:51:31.523 23 INFO cinder.api.openstack.wsgi [None req-58e10dd9-b610-4d1c-90a4-88c62e6c8a80 1ee424061bac4a60af84d086536609d7 695ea05f75b44a9595a68e92f81f091d - - default default] POST http://[LB_IP_ADDRESS]:8776/v3/695ea05f75b44a9595a68e92f81f091d/group_types
2024-03-17 23:51:31.553 23 INFO cinder.api.openstack.wsgi [None req-58e10dd9-b610-4d1c-90a4-88c62e6c8a80 1ee424061bac4a60af84d086536609d7 695ea05f75b44a9595a68e92f81f091d - - default default] http://[LB_IP_ADDRESS]:8776/v3/695ea05f75b44a9595a68e92f81f091d/group_types returned with HTTP 202
2024-03-17 23:51:31.651 20 INFO cinder.api.openstack.wsgi [None req-9f88c68a-16de-4c2d-9b7a-61bf24b30d15 da0b490b38614003a7100620e1ac9a28 f02c59fa77004921a32d81228cf1d992 - - default default] POST http://[LB_IP_ADDRESS]:8776/v3/f02c59fa77004921a32d81228cf1d992/groups
2024-03-17 23:51:31.664 20 INFO cinder.api.v3.groups [None req-9f88c68a-16de-4c2d-9b7a-61bf24b30d15 da0b490b38614003a7100620e1ac9a28 f02c59fa77004921a32d81228cf1d992 - - default default] Creating group tempest-GroupsV314Test-Group-1668583958.
2024-03-17 23:51:31.673 20 INFO cinder.volume.api [None req-9f88c68a-16de-4c2d-9b7a-61bf24b30d15 da0b490b38614003a7100620e1ac9a28 f02c59fa77004921a32d81228cf1d992 - - default default] Availability Zones retrieved successfully.
2024-03-17 23:51:31.733 20 INFO cinder.api.openstack.wsgi [None req-9f88c68a-16de-4c2d-9b7a-61bf24b30d15 da0b490b38614003a7100620e1ac9a28 f02c59fa77004921a32d81228cf1d992 - - default default] http://[LB_IP_ADDRESS]:8776/v3/f02c59fa77004921a32d81228cf1d992/groups returned with HTTP 202
2024-03-17 23:51:31.746 22 INFO cinder.api.openstack.wsgi [None req-200e2b6c-e718-48d5-8fea-79465fa817de da0b490b38614003a7100620e1ac9a28 f02c59fa77004921a32d81228cf1d992 - - default default] GET http://[LB_IP_ADDRESS]:8776/v3/f02c59fa77004921a32d81228cf1d992/groups/9c716469-a97a-4430-bb98-40a6466f7bfa
2024-03-17 23:51:31.747 21 INFO cinder.api.openstack.wsgi [None req-1a25a92a-940c-476f-8eca-4d850fcd29a1 fe5881af29a942b8a23a0786ca70eb08 96a80882d2f64a4d8c6615e2312d78df - - default default] GET http://[LB_IP_ADDRESS]:8776/v3/96a80882d2f64a4d8c6615e2312d78df/volumes/f7cddafe-77f7-4bbf-9851-135a48eed0ef
2024-03-17 23:51:31.765 21 INFO cinder.api.openstack.wsgi [None req-1a25a92a-940c-476f-8eca-4d850fcd29a1 fe5881af29a942b8a23a0786ca70eb08 96a80882d2f64a4d8c6615e2312d78df - - default default] http://[LB_IP_ADDRESS]:8776/v3/96a80882d2f64a4d8c6615e2312d78df/volumes/f7cddafe-77f7-4bbf-9851-135a48eed0ef returned with HTTP 404
2024-03-17 23:51:31.768 22 INFO cinder.api.openstack.wsgi [None req-200e2b6c-e718-48d5-8fea-79465fa817de da0b490b38614003a7100620e1ac9a28 f02c59fa77004921a32d81228cf1d992 - - default default] http://[LB_IP_ADDRESS]:8776/v3/f02c59fa77004921a32d81228cf1d992/groups/9c716469-a97a-4430-bb98-40a6466f7bfa returned with HTTP 200
2024-03-17 23:51:31.782 19 INFO cinder.api.openstack.wsgi [None req-bf6631b3-e156-4a69-aece-4852926e5fd0 74bbf515a7df4476b3af38b008242451 00785394cbdf4788bd00d5fdfb9e1a3a - - default default] GET http://[LB_IP_ADDRESS]:8776/v3/00785394cbdf4788bd00d5fdfb9e1a3a/os-services
2024-03-17 23:51:31.791 19 INFO cinder.api.openstack.wsgi [None req-bf6631b3-e156-4a69-aece-4852926e5fd0 74bbf515a7df4476b3af38b008242451 00785394cbdf4788bd00d5fdfb9e1a3a - - default default] http://[LB_IP_ADDRESS]:8776/v3/00785394cbdf4788bd00d5fdfb9e1a3a/os-services returned with HTTP 200
2024-03-17 23:51:32.789 23 INFO cinder.api.openstack.wsgi [None req-0131e3f2-5d1d-4319-a14c-6ef5bafee20e da0b490b38614003a7100620e1ac9a28 f02c59fa77004921a32d81228cf1d992 - - default default] GET http://[LB_IP_ADDRESS]:8776/v3/f02c59fa77004921a32d81228cf1d992/groups/9c716469-a97a-4430-bb98-40a6466f7bfa
