2023-07-17 09:39:36.494 21 INFO cinder.api.openstack.wsgi [None req-c11dcd88-18d7-4c97-9702-3b9e4e4c2036 eef22fbb45ce421e9f57a8e735a1230c 32fa8e6ff9e14c5cb7caeccc44d1535f - - default default] GET http://[LB_IP_ADDRESS]:8776/v3/32fa8e6ff9e14c5cb7caeccc44d1535f/qos-specs/21cc39f7-a7d2-4c60-8b8b-aeff6f1c7a2f/associate?vol_type_id=36e27e61-cafd-4a9e-9ba4-48571816aeeb
2023-07-17 09:39:36.518 21 INFO cinder.api.openstack.wsgi [None req-c11dcd88-18d7-4c97-9702-3b9e4e4c2036 eef22fbb45ce421e9f57a8e735a1230c 32fa8e6ff9e14c5cb7caeccc44d1535f - - default default] http://[LB_IP_ADDRESS]:8776/v3/32fa8e6ff9e14c5cb7caeccc44d1535f/qos-specs/21cc39f7-a7d2-4c60-8b8b-aeff6f1c7a2f/associate?vol_type_id=36e27e61-cafd-4a9e-9ba4-48571816aeeb returned with HTTP 202
2023-07-17 09:39:36.532 18 INFO cinder.api.openstack.wsgi [None req-621e3532-19a4-4c6d-bb38-8662e1b14b99 eef22fbb45ce421e9f57a8e735a1230c 32fa8e6ff9e14c5cb7caeccc44d1535f - - default default] GET http://[LB_IP_ADDRESS]:8776/v3/32fa8e6ff9e14c5cb7caeccc44d1535f/qos-specs/21cc39f7-a7d2-4c60-8b8b-aeff6f1c7a2f/associations
2023-07-17 09:39:36.546 18 INFO cinder.api.openstack.wsgi [None req-621e3532-19a4-4c6d-bb38-8662e1b14b99 eef22fbb45ce421e9f57a8e735a1230c 32fa8e6ff9e14c5cb7caeccc44d1535f - - default default] http://[LB_IP_ADDRESS]:8776/v3/32fa8e6ff9e14c5cb7caeccc44d1535f/qos-specs/21cc39f7-a7d2-4c60-8b8b-aeff6f1c7a2f/associations returned with HTTP 200
2023-07-17 09:39:36.562 19 INFO cinder.api.openstack.wsgi [None req-ef330ac0-47f4-4d6e-bbfb-454d2cccc1d6 eef22fbb45ce421e9f57a8e735a1230c 32fa8e6ff9e14c5cb7caeccc44d1535f - - default default] GET http://[LB_IP_ADDRESS]:8776/v3/32fa8e6ff9e14c5cb7caeccc44d1535f/qos-specs/21cc39f7-a7d2-4c60-8b8b-aeff6f1c7a2f/disassociate?vol_type_id=f6db39a7-ff9c-4a60-b535-dd2c3f46f2b2
2023-07-17 09:39:36.578 22 INFO cinder.api.openstack.wsgi [None req-9921fc7a-ae26-4492-82da-bb04fb089c10 cfbd71b895f0416eb8ba11cb08d805b9 e52d7219a3c4451fa93fc2cc9ffe3c32 - - default default] GET http://[LB_IP_ADDRESS]:8776/v3/e52d7219a3c4451fa93fc2cc9ffe3c32/volumes/82bdc8be-519a-43db-bb33-dc130f7a975f
2023-07-17 09:39:36.580 19 INFO cinder.api.openstack.wsgi [None req-ef330ac0-47f4-4d6e-bbfb-454d2cccc1d6 eef22fbb45ce421e9f57a8e735a1230c 32fa8e6ff9e14c5cb7caeccc44d1535f - - default default] http://[LB_IP_ADDRESS]:8776/v3/32fa8e6ff9e14c5cb7caeccc44d1535f/qos-specs/21cc39f7-a7d2-4c60-8b8b-aeff6f1c7a2f/disassociate?vol_type_id=f6db39a7-ff9c-4a60-b535-dd2c3f46f2b2 returned with HTTP 202
2023-07-17 09:39:36.594 20 INFO cinder.api.openstack.wsgi [None req-5df202b9-dcc3-463e-984f-a8db1f5d4f55 eef22fbb45ce421e9f57a8e735a1230c 32fa8e6ff9e14c5cb7caeccc44d1535f - - default default] GET http://[LB_IP_ADDRESS]:8776/v3/32fa8e6ff9e14c5cb7caeccc44d1535f/qos-specs/21cc39f7-a7d2-4c60-8b8b-aeff6f1c7a2f/associations
2023-07-17 09:39:36.597 22 INFO cinder.volume.api [None req-9921fc7a-ae26-4492-82da-bb04fb089c10 cfbd71b895f0416eb8ba11cb08d805b9 e52d7219a3c4451fa93fc2cc9ffe3c32 - - default default] Volume info retrieved successfully.
2023-07-17 09:39:36.605 22 INFO cinder.api.openstack.wsgi [None req-9921fc7a-ae26-4492-82da-bb04fb089c10 cfbd71b895f0416eb8ba11cb08d805b9 e52d7219a3c4451fa93fc2cc9ffe3c32 - - default default] http://[LB_IP_ADDRESS]:8776/v3/e52d7219a3c4451fa93fc2cc9ffe3c32/volumes/82bdc8be-519a-43db-bb33-dc130f7a975f returned with HTTP 200
2023-07-17 09:39:36.607 20 INFO cinder.api.openstack.wsgi [None req-5df202b9-dcc3-463e-984f-a8db1f5d4f55 eef22fbb45ce421e9f57a8e735a1230c 32fa8e6ff9e14c5cb7caeccc44d1535f - - default default] http://[LB_IP_ADDRESS]:8776/v3/32fa8e6ff9e14c5cb7caeccc44d1535f/qos-specs/21cc39f7-a7d2-4c60-8b8b-aeff6f1c7a2f/associations returned with HTTP 200
2023-07-17 09:39:36.623 21 INFO cinder.api.openstack.wsgi [None req-3c21fc02-0736-4788-b535-03f28a29eb80 eef22fbb45ce421e9f57a8e735a1230c 32fa8e6ff9e14c5cb7caeccc44d1535f - - default default] GET http://[LB_IP_ADDRESS]:8776/v3/32fa8e6ff9e14c5cb7caeccc44d1535f/qos-specs/21cc39f7-a7d2-4c60-8b8b-aeff6f1c7a2f/disassociate_all
2023-07-17 09:39:36.638 21 INFO cinder.api.openstack.wsgi [None req-3c21fc02-0736-4788-b535-03f28a29eb80 eef22fbb45ce421e9f57a8e735a1230c 32fa8e6ff9e14c5cb7caeccc44d1535f - - default default] http://[LB_IP_ADDRESS]:8776/v3/32fa8e6ff9e14c5cb7caeccc44d1535f/qos-specs/21cc39f7-a7d2-4c60-8b8b-aeff6f1c7a2f/disassociate_all returned with HTTP 202
2023-07-17 09:39:36.662 18 INFO cinder.api.openstack.wsgi [None req-526ad13e-c9d4-4017-beca-101c573fff4c eef22fbb45ce421e9f57a8e735a1230c 32fa8e6ff9e14c5cb7caeccc44d1535f - - default default] GET http://[LB_IP_ADDRESS]:8776/v3/32fa8e6ff9e14c5cb7caeccc44d1535f/qos-specs/21cc39f7-a7d2-4c60-8b8b-aeff6f1c7a2f/associations
2023-07-17 09:39:36.685 18 INFO cinder.api.openstack.wsgi [None req-526ad13e-c9d4-4017-beca-101c573fff4c eef22fbb45ce421e9f57a8e735a1230c 32fa8e6ff9e14c5cb7caeccc44d1535f - - default default] http://[LB_IP_ADDRESS]:8776/v3/32fa8e6ff9e14c5cb7caeccc44d1535f/qos-specs/21cc39f7-a7d2-4c60-8b8b-aeff6f1c7a2f/associations returned with HTTP 200
2023-07-17 09:39:36.702 19 INFO cinder.api.openstack.wsgi [None req-bfbda2e1-e4de-493a-93e5-fc93982303c2 eef22fbb45ce421e9f57a8e735a1230c 32fa8e6ff9e14c5cb7caeccc44d1535f - - default default] POST http://[LB_IP_ADDRESS]:8776/v3/32fa8e6ff9e14c5cb7caeccc44d1535f/qos-specs
2023-07-17 09:39:36.716 19 INFO cinder.api.openstack.wsgi [None req-bfbda2e1-e4de-493a-93e5-fc93982303c2 eef22fbb45ce421e9f57a8e735a1230c 32fa8e6ff9e14c5cb7caeccc44d1535f - - default default] http://[LB_IP_ADDRESS]:8776/v3/32fa8e6ff9e14c5cb7caeccc44d1535f/qos-specs returned with HTTP 200
2023-07-17 09:39:36.732 22 INFO cinder.api.openstack.wsgi [None req-185357fb-a66a-4e0c-8495-69a4b3f22c30 eef22fbb45ce421e9f57a8e735a1230c 32fa8e6ff9e14c5cb7caeccc44d1535f - - default default] DELETE http://[LB_IP_ADDRESS]:8776/v3/32fa8e6ff9e14c5cb7caeccc44d1535f/qos-specs/2052a730-ba8c-4503-8d14-9893a47da3d2?force=False
2023-07-17 09:39:36.754 22 INFO cinder.api.openstack.wsgi [None req-185357fb-a66a-4e0c-8495-69a4b3f22c30 eef22fbb45ce421e9f57a8e735a1230c 32fa8e6ff9e14c5cb7caeccc44d1535f - - default default] http://[LB_IP_ADDRESS]:8776/v3/32fa8e6ff9e14c5cb7caeccc44d1535f/qos-specs/2052a730-ba8c-4503-8d14-9893a47da3d2?force=False returned with HTTP 202
2023-07-17 09:39:36.768 20 INFO cinder.api.openstack.wsgi [None req-6016f6c0-586d-4143-82b4-d159fc07e70b eef22fbb45ce421e9f57a8e735a1230c 32fa8e6ff9e14c5cb7caeccc44d1535f - - default default] GET http://[LB_IP_ADDRESS]:8776/v3/32fa8e6ff9e14c5cb7caeccc44d1535f/qos-specs/2052a730-ba8c-4503-8d14-9893a47da3d2
2023-07-17 09:39:36.774 20 INFO cinder.api.openstack.wsgi [None req-6016f6c0-586d-4143-82b4-d159fc07e70b eef22fbb45ce421e9f57a8e735a1230c 32fa8e6ff9e14c5cb7caeccc44d1535f - - default default] http://[LB_IP_ADDRESS]:8776/v3/32fa8e6ff9e14c5cb7caeccc44d1535f/qos-specs/2052a730-ba8c-4503-8d14-9893a47da3d2 returned with HTTP 404
2023-07-17 09:39:36.787 21 INFO cinder.api.openstack.wsgi [None req-27aa9bf6-ff56-4b62-9178-cc73ef535c45 eef22fbb45ce421e9f57a8e735a1230c 32fa8e6ff9e14c5cb7caeccc44d1535f - - default default] GET http://[LB_IP_ADDRESS]:8776/v3/32fa8e6ff9e14c5cb7caeccc44d1535f/qos-specs
2023-07-17 09:39:36.800 21 INFO cinder.api.openstack.wsgi [None req-27aa9bf6-ff56-4b62-9178-cc73ef535c45 eef22fbb45ce421e9f57a8e735a1230c 32fa8e6ff9e14c5cb7caeccc44d1535f - - default default] http://[LB_IP_ADDRESS]:8776/v3/32fa8e6ff9e14c5cb7caeccc44d1535f/qos-specs returned with HTTP 200
2023-07-17 09:39:36.818 18 INFO cinder.api.openstack.wsgi [None req-9115177a-fc39-4b6e-8701-52d07d04e698 eef22fbb45ce421e9f57a8e735a1230c 32fa8e6ff9e14c5cb7caeccc44d1535f - - default default] POST http://[LB_IP_ADDRESS]:8776/v3/32fa8e6ff9e14c5cb7caeccc44d1535f/qos-specs
2023-07-17 09:39:36.837 18 INFO cinder.api.openstack.wsgi [None req-9115177a-fc39-4b6e-8701-52d07d04e698 eef22fbb45ce421e9f57a8e735a1230c 32fa8e6ff9e14c5cb7caeccc44d1535f - - default default] http://[LB_IP_ADDRESS]:8776/v3/32fa8e6ff9e14c5cb7caeccc44d1535f/qos-specs returned with HTTP 200
2023-07-17 09:39:36.853 19 INFO cinder.api.openstack.wsgi [None req-f2e12e1b-6cad-49f2-93e7-23f54007d771 eef22fbb45ce421e9f57a8e735a1230c 32fa8e6ff9e14c5cb7caeccc44d1535f - - default default] DELETE http://[LB_IP_ADDRESS]:8776/v3/32fa8e6ff9e14c5cb7caeccc44d1535f/qos-specs/be82546e-3299-41bc-9917-a70c18500411?force=False
2023-07-17 09:39:36.876 19 INFO cinder.api.openstack.wsgi [None req-f2e12e1b-6cad-49f2-93e7-23f54007d771 eef22fbb45ce421e9f57a8e735a1230c 32fa8e6ff9e14c5cb7caeccc44d1535f - - default default] http://[LB_IP_ADDRESS]:8776/v3/32fa8e6ff9e14c5cb7caeccc44d1535f/qos-specs/be82546e-3299-41bc-9917-a70c18500411?force=False returned with HTTP 202
2023-07-17 09:39:36.887 22 INFO cinder.api.openstack.wsgi [None req-9b1b724f-5658-4596-a475-92b0de41faba eef22fbb45ce421e9f57a8e735a1230c 32fa8e6ff9e14c5cb7caeccc44d1535f - - default default] GET http://[LB_IP_ADDRESS]:8776/v3/32fa8e6ff9e14c5cb7caeccc44d1535f/qos-specs/be82546e-3299-41bc-9917-a70c18500411
2023-07-17 09:39:36.893 22 INFO cinder.api.openstack.wsgi [None req-9b1b724f-5658-4596-a475-92b0de41faba eef22fbb45ce421e9f57a8e735a1230c 32fa8e6ff9e14c5cb7caeccc44d1535f - - default default] http://[LB_IP_ADDRESS]:8776/v3/32fa8e6ff9e14c5cb7caeccc44d1535f/qos-specs/be82546e-3299-41bc-9917-a70c18500411 returned with HTTP 404
2023-07-17 09:39:36.903 20 INFO cinder.api.openstack.wsgi [None req-41220859-0365-4854-abd1-6f8a67b177b3 eef22fbb45ce421e9f57a8e735a1230c 32fa8e6ff9e14c5cb7caeccc44d1535f - - default default] GET http://[LB_IP_ADDRESS]:8776/v3/32fa8e6ff9e14c5cb7caeccc44d1535f/qos-specs
2023-07-17 09:39:36.913 20 INFO cinder.api.openstack.wsgi [None req-41220859-0365-4854-abd1-6f8a67b177b3 eef22fbb45ce421e9f57a8e735a1230c 32fa8e6ff9e14c5cb7caeccc44d1535f - - default default] http://[LB_IP_ADDRESS]:8776/v3/32fa8e6ff9e14c5cb7caeccc44d1535f/qos-specs returned with HTTP 200
2023-07-17 09:39:36.928 21 INFO cinder.api.openstack.wsgi [None req-268f92a7-31db-434e-b635-50f11d2bcbb7 eef22fbb45ce421e9f57a8e735a1230c 32fa8e6ff9e14c5cb7caeccc44d1535f - - default default] POST http://[LB_IP_ADDRESS]:8776/v3/32fa8e6ff9e14c5cb7caeccc44d1535f/qos-specs
2023-07-17 09:39:36.944 21 INFO cinder.api.openstack.wsgi [None req-268f92a7-31db-434e-b635-50f11d2bcbb7 eef22fbb45ce421e9f57a8e735a1230c 32fa8e6ff9e14c5cb7caeccc44d1535f - - default default] http://[LB_IP_ADDRESS]:8776/v3/32fa8e6ff9e14c5cb7caeccc44d1535f/qos-specs returned with HTTP 200
2023-07-17 09:39:36.958 18 INFO cinder.api.openstack.wsgi [None req-bc9d0f06-6543-4d66-9da5-1b7b3f55b3f8 eef22fbb45ce421e9f57a8e735a1230c 32fa8e6ff9e14c5cb7caeccc44d1535f - - default default] DELETE http://[LB_IP_ADDRESS]:8776/v3/32fa8e6ff9e14c5cb7caeccc44d1535f/qos-specs/3e5f8671-71ab-4d07-97b3-ad3fc8ccb0f3?force=False
2023-07-17 09:39:36.982 18 INFO cinder.api.openstack.wsgi [None req-bc9d0f06-6543-4d66-9da5-1b7b3f55b3f8 eef22fbb45ce421e9f57a8e735a1230c 32fa8e6ff9e14c5cb7caeccc44d1535f - - default default] http://[LB_IP_ADDRESS]:8776/v3/32fa8e6ff9e14c5cb7caeccc44d1535f/qos-specs/3e5f8671-71ab-4d07-97b3-ad3fc8ccb0f3?force=False returned with HTTP 202
2023-07-17 09:39:36.993 19 INFO cinder.api.openstack.wsgi [None req-19516fd8-5d3d-48db-9138-4e84e9ed704b eef22fbb45ce421e9f57a8e735a1230c 32fa8e6ff9e14c5cb7caeccc44d1535f - - default default] GET http://[LB_IP_ADDRESS]:8776/v3/32fa8e6ff9e14c5cb7caeccc44d1535f/qos-specs/3e5f8671-71ab-4d07-97b3-ad3fc8ccb0f3
2023-07-17 09:39:36.999 19 INFO cinder.api.openstack.wsgi [None req-19516fd8-5d3d-48db-9138-4e84e9ed704b eef22fbb45ce421e9f57a8e735a1230c 32fa8e6ff9e14c5cb7caeccc44d1535f - - default default] http://[LB_IP_ADDRESS]:8776/v3/32fa8e6ff9e14c5cb7caeccc44d1535f/qos-specs/3e5f8671-71ab-4d07-97b3-ad3fc8ccb0f3 returned with HTTP 404
2023-07-17 09:39:37.015 22 INFO cinder.api.openstack.wsgi [None req-2d72b78c-c07c-40db-8a6d-9d9e35a6a2d3 eef22fbb45ce421e9f57a8e735a1230c 32fa8e6ff9e14c5cb7caeccc44d1535f - - default default] GET http://[LB_IP_ADDRESS]:8776/v3/32fa8e6ff9e14c5cb7caeccc44d1535f/qos-specs
2023-07-17 09:39:37.034 22 INFO cinder.api.openstack.wsgi [None req-2d72b78c-c07c-40db-8a6d-9d9e35a6a2d3 eef22fbb45ce421e9f57a8e735a1230c 32fa8e6ff9e14c5cb7caeccc44d1535f - - default default] http://[LB_IP_ADDRESS]:8776/v3/32fa8e6ff9e14c5cb7caeccc44d1535f/qos-specs returned with HTTP 200
2023-07-17 09:39:37.048 20 INFO cinder.api.openstack.wsgi [None req-e129fe86-a70e-40ab-b494-d89a57a8ba91 eef22fbb45ce421e9f57a8e735a1230c 32fa8e6ff9e14c5cb7caeccc44d1535f - - default default] GET http://[LB_IP_ADDRESS]:8776/v3/32fa8e6ff9e14c5cb7caeccc44d1535f/qos-specs/21cc39f7-a7d2-4c60-8b8b-aeff6f1c7a2f
2023-07-17 09:39:37.055 20 INFO cinder.api.openstack.wsgi [None req-e129fe86-a70e-40ab-b494-d89a57a8ba91 eef22fbb45ce421e9f57a8e735a1230c 32fa8e6ff9e14c5cb7caeccc44d1535f - - default default] http://[LB_IP_ADDRESS]:8776/v3/32fa8e6ff9e14c5cb7caeccc44d1535f/qos-specs/21cc39f7-a7d2-4c60-8b8b-aeff6f1c7a2f returned with HTTP 200
2023-07-17 09:39:37.070 21 INFO cinder.api.openstack.wsgi [None req-5b46d9b4-ba23-421b-abed-8ad84ad064b4 eef22fbb45ce421e9f57a8e735a1230c 32fa8e6ff9e14c5cb7caeccc44d1535f - - default default] GET http://[LB_IP_ADDRESS]:8776/v3/32fa8e6ff9e14c5cb7caeccc44d1535f/qos-specs
2023-07-17 09:39:37.081 21 INFO cinder.api.openstack.wsgi [None req-5b46d9b4-ba23-421b-abed-8ad84ad064b4 eef22fbb45ce421e9f57a8e735a1230c 32fa8e6ff9e14c5cb7caeccc44d1535f - - default default] http://[LB_IP_ADDRESS]:8776/v3/32fa8e6ff9e14c5cb7caeccc44d1535f/qos-specs returned with HTTP 200
2023-07-17 09:39:37.095 18 INFO cinder.api.openstack.wsgi [None req-483a7960-7df8-4328-a3d6-241eddd7fe01 eef22fbb45ce421e9f57a8e735a1230c 32fa8e6ff9e14c5cb7caeccc44d1535f - - default default] PUT http://[LB_IP_ADDRESS]:8776/v3/32fa8e6ff9e14c5cb7caeccc44d1535f/qos-specs/21cc39f7-a7d2-4c60-8b8b-aeff6f1c7a2f
2023-07-17 09:39:37.116 18 INFO cinder.api.openstack.wsgi [None req-483a7960-7df8-4328-a3d6-241eddd7fe01 eef22fbb45ce421e9f57a8e735a1230c 32fa8e6ff9e14c5cb7caeccc44d1535f - - default default] http://[LB_IP_ADDRESS]:8776/v3/32fa8e6ff9e14c5cb7caeccc44d1535f/qos-specs/21cc39f7-a7d2-4c60-8b8b-aeff6f1c7a2f returned with HTTP 200
2023-07-17 09:39:37.128 19 INFO cinder.api.openstack.wsgi [None req-65974d34-bbb5-4eb9-94e1-7bdd1e9022c0 eef22fbb45ce421e9f57a8e735a1230c 32fa8e6ff9e14c5cb7caeccc44d1535f - - default default] GET http://[LB_IP_ADDRESS]:8776/v3/32fa8e6ff9e14c5cb7caeccc44d1535f/qos-specs/21cc39f7-a7d2-4c60-8b8b-aeff6f1c7a2f
2023-07-17 09:39:37.136 19 INFO cinder.api.openstack.wsgi [None req-65974d34-bbb5-4eb9-94e1-7bdd1e9022c0 eef22fbb45ce421e9f57a8e735a1230c 32fa8e6ff9e14c5cb7caeccc44d1535f - - default default] http://[LB_IP_ADDRESS]:8776/v3/32fa8e6ff9e14c5cb7caeccc44d1535f/qos-specs/21cc39f7-a7d2-4c60-8b8b-aeff6f1c7a2f returned with HTTP 200
2023-07-17 09:39:37.151 22 INFO cinder.api.openstack.wsgi [None req-10b246dd-a68b-4d58-a964-b58d46d39fa0 eef22fbb45ce421e9f57a8e735a1230c 32fa8e6ff9e14c5cb7caeccc44d1535f - - default default] PUT http://[LB_IP_ADDRESS]:8776/v3/32fa8e6ff9e14c5cb7caeccc44d1535f/qos-specs/21cc39f7-a7d2-4c60-8b8b-aeff6f1c7a2f/delete_keys
2023-07-17 09:39:37.173 22 INFO cinder.api.openstack.wsgi [None req-10b246dd-a68b-4d58-a964-b58d46d39fa0 eef22fbb45ce421e9f57a8e735a1230c 32fa8e6ff9e14c5cb7caeccc44d1535f - - default default] http://[LB_IP_ADDRESS]:8776/v3/32fa8e6ff9e14c5cb7caeccc44d1535f/qos-specs/21cc39f7-a7d2-4c60-8b8b-aeff6f1c7a2f/delete_keys returned with HTTP 202
2023-07-17 09:39:37.184 20 INFO cinder.api.openstack.wsgi [None req-ee37aebc-bef6-46cd-9174-b769811e7494 eef22fbb45ce421e9f57a8e735a1230c 32fa8e6ff9e14c5cb7caeccc44d1535f - - default default] GET http://[LB_IP_ADDRESS]:8776/v3/32fa8e6ff9e14c5cb7caeccc44d1535f/qos-specs/21cc39f7-a7d2-4c60-8b8b-aeff6f1c7a2f
2023-07-17 09:39:37.190 20 INFO cinder.api.openstack.wsgi [None req-ee37aebc-bef6-46cd-9174-b769811e7494 eef22fbb45ce421e9f57a8e735a1230c 32fa8e6ff9e14c5cb7caeccc44d1535f - - default default] http://[LB_IP_ADDRESS]:8776/v3/32fa8e6ff9e14c5cb7caeccc44d1535f/qos-specs/21cc39f7-a7d2-4c60-8b8b-aeff6f1c7a2f returned with HTTP 200
2023-07-17 09:39:37.203 21 INFO cinder.api.openstack.wsgi [None req-ab340444-b3a4-4ffb-a456-a996018075d1 eef22fbb45ce421e9f57a8e735a1230c 32fa8e6ff9e14c5cb7caeccc44d1535f - - default default] GET http://[LB_IP_ADDRESS]:8776/v3/32fa8e6ff9e14c5cb7caeccc44d1535f/qos-specs/21cc39f7-a7d2-4c60-8b8b-aeff6f1c7a2f
2023-07-17 09:39:37.210 21 INFO cinder.api.openstack.wsgi [None req-ab340444-b3a4-4ffb-a456-a996018075d1 eef22fbb45ce421e9f57a8e735a1230c 32fa8e6ff9e14c5cb7caeccc44d1535f - - default default] http://[LB_IP_ADDRESS]:8776/v3/32fa8e6ff9e14c5cb7caeccc44d1535f/qos-specs/21cc39f7-a7d2-4c60-8b8b-aeff6f1c7a2f returned with HTTP 200
2023-07-17 09:39:37.225 18 INFO cinder.api.openstack.wsgi [None req-e98d055d-6ffa-4d02-814b-3db88ab9c854 eef22fbb45ce421e9f57a8e735a1230c 32fa8e6ff9e14c5cb7caeccc44d1535f - - default default] DELETE http://[LB_IP_ADDRESS]:8776/v3/32fa8e6ff9e14c5cb7caeccc44d1535f/qos-specs/3e5f8671-71ab-4d07-97b3-ad3fc8ccb0f3?force=False
2023-07-17 09:39:37.231 18 INFO cinder.api.openstack.wsgi [None req-e98d055d-6ffa-4d02-814b-3db88ab9c854 eef22fbb45ce421e9f57a8e735a1230c 32fa8e6ff9e14c5cb7caeccc44d1535f - - default default] http://[LB_IP_ADDRESS]:8776/v3/32fa8e6ff9e14c5cb7caeccc44d1535f/qos-specs/3e5f8671-71ab-4d07-97b3-ad3fc8ccb0f3?force=False returned with HTTP 404
2023-07-17 09:39:37.242 19 INFO cinder.api.openstack.wsgi [None req-d9608475-39a8-43f4-b40d-46c3a91a1ba0 eef22fbb45ce421e9f57a8e735a1230c 32fa8e6ff9e14c5cb7caeccc44d1535f - - default default] GET http://[LB_IP_ADDRESS]:8776/v3/32fa8e6ff9e14c5cb7caeccc44d1535f/qos-specs/3e5f8671-71ab-4d07-97b3-ad3fc8ccb0f3
2023-07-17 09:39:37.248 19 INFO cinder.api.openstack.wsgi [None req-d9608475-39a8-43f4-b40d-46c3a91a1ba0 eef22fbb45ce421e9f57a8e735a1230c 32fa8e6ff9e14c5cb7caeccc44d1535f - - default default] http://[LB_IP_ADDRESS]:8776/v3/32fa8e6ff9e14c5cb7caeccc44d1535f/qos-specs/3e5f8671-71ab-4d07-97b3-ad3fc8ccb0f3 returned with HTTP 404
2023-07-17 09:39:37.259 22 INFO cinder.api.openstack.wsgi [None req-68319df0-7d31-4d8f-857d-85f755123c60 eef22fbb45ce421e9f57a8e735a1230c 32fa8e6ff9e14c5cb7caeccc44d1535f - - default default] DELETE http://[LB_IP_ADDRESS]:8776/v3/32fa8e6ff9e14c5cb7caeccc44d1535f/qos-specs/be82546e-3299-41bc-9917-a70c18500411?force=False
2023-07-17 09:39:37.266 22 INFO cinder.api.openstack.wsgi [None req-68319df0-7d31-4d8f-857d-85f755123c60 eef22fbb45ce421e9f57a8e735a1230c 32fa8e6ff9e14c5cb7caeccc44d1535f - - default default] http://[LB_IP_ADDRESS]:8776/v3/32fa8e6ff9e14c5cb7caeccc44d1535f/qos-specs/be82546e-3299-41bc-9917-a70c18500411?force=False returned with HTTP 404
2023-07-17 09:39:37.276 20 INFO cinder.api.openstack.wsgi [None req-cfd8de6a-9996-4bf6-a381-20d7cb20b545 eef22fbb45ce421e9f57a8e735a1230c 32fa8e6ff9e14c5cb7caeccc44d1535f - - default default] GET http://[LB_IP_ADDRESS]:8776/v3/32fa8e6ff9e14c5cb7caeccc44d1535f/qos-specs/be82546e-3299-41bc-9917-a70c18500411
2023-07-17 09:39:37.282 20 INFO cinder.api.openstack.wsgi [None req-cfd8de6a-9996-4bf6-a381-20d7cb20b545 eef22fbb45ce421e9f57a8e735a1230c 32fa8e6ff9e14c5cb7caeccc44d1535f - - default default] http://[LB_IP_ADDRESS]:8776/v3/32fa8e6ff9e14c5cb7caeccc44d1535f/qos-specs/be82546e-3299-41bc-9917-a70c18500411 returned with HTTP 404
2023-07-17 09:39:37.293 21 INFO cinder.api.openstack.wsgi [None req-8e3a568e-32df-4b1b-86f7-f622a04965c1 eef22fbb45ce421e9f57a8e735a1230c 32fa8e6ff9e14c5cb7caeccc44d1535f - - default default] DELETE http://[LB_IP_ADDRESS]:8776/v3/32fa8e6ff9e14c5cb7caeccc44d1535f/qos-specs/2052a730-ba8c-4503-8d14-9893a47da3d2?force=False
2023-07-17 09:39:37.299 21 INFO cinder.api.openstack.wsgi [None req-8e3a568e-32df-4b1b-86f7-f622a04965c1 eef22fbb45ce421e9f57a8e735a1230c 32fa8e6ff9e14c5cb7caeccc44d1535f - - default default] http://[LB_IP_ADDRESS]:8776/v3/32fa8e6ff9e14c5cb7caeccc44d1535f/qos-specs/2052a730-ba8c-4503-8d14-9893a47da3d2?force=False returned with HTTP 404
2023-07-17 09:39:37.310 18 INFO cinder.api.openstack.wsgi [None req-c52d2fb1-22dd-400a-bb6e-97855dc3f592 eef22fbb45ce421e9f57a8e735a1230c 32fa8e6ff9e14c5cb7caeccc44d1535f - - default default] GET http://[LB_IP_ADDRESS]:8776/v3/32fa8e6ff9e14c5cb7caeccc44d1535f/qos-specs/2052a730-ba8c-4503-8d14-9893a47da3d2
2023-07-17 09:39:37.317 18 INFO cinder.api.openstack.wsgi [None req-c52d2fb1-22dd-400a-bb6e-97855dc3f592 eef22fbb45ce421e9f57a8e735a1230c 32fa8e6ff9e14c5cb7caeccc44d1535f - - default default] http://[LB_IP_ADDRESS]:8776/v3/32fa8e6ff9e14c5cb7caeccc44d1535f/qos-specs/2052a730-ba8c-4503-8d14-9893a47da3d2 returned with HTTP 404
2023-07-17 09:39:37.326 19 INFO cinder.api.openstack.wsgi [None req-9816b920-641d-431a-b149-d7de8f46c757 eef22fbb45ce421e9f57a8e735a1230c 32fa8e6ff9e14c5cb7caeccc44d1535f - - default default] DELETE http://[LB_IP_ADDRESS]:8776/v3/32fa8e6ff9e14c5cb7caeccc44d1535f/types/36e27e61-cafd-4a9e-9ba4-48571816aeeb
2023-07-17 09:39:37.367 19 INFO cinder.api.openstack.wsgi [None req-9816b920-641d-431a-b149-d7de8f46c757 eef22fbb45ce421e9f57a8e735a1230c 32fa8e6ff9e14c5cb7caeccc44d1535f - - default default] http://[LB_IP_ADDRESS]:8776/v3/32fa8e6ff9e14c5cb7caeccc44d1535f/types/36e27e61-cafd-4a9e-9ba4-48571816aeeb returned with HTTP 202
2023-07-17 09:39:37.370 22 INFO cinder.api.openstack.wsgi [None req-839d5878-0010-47aa-ac5e-bbd7a1943e59 fb3570bd58d340fabcfb1c80263258cf 469b865076e54b0e8a3f5ca9adebe0a5 - - default default] GET http://[LB_IP_ADDRESS]:8776/v3/469b865076e54b0e8a3f5ca9adebe0a5/volumes/21ff4f0a-6c87-494a-867e-ac41c0977edd
2023-07-17 09:39:37.377 20 INFO cinder.api.openstack.wsgi [None req-043375dc-6d39-49df-af75-6727126c6fa1 eef22fbb45ce421e9f57a8e735a1230c 32fa8e6ff9e14c5cb7caeccc44d1535f - - default default] GET http://[LB_IP_ADDRESS]:8776/v3/32fa8e6ff9e14c5cb7caeccc44d1535f/types/36e27e61-cafd-4a9e-9ba4-48571816aeeb
2023-07-17 09:39:37.382 20 INFO cinder.api.openstack.wsgi [None req-043375dc-6d39-49df-af75-6727126c6fa1 eef22fbb45ce421e9f57a8e735a1230c 32fa8e6ff9e14c5cb7caeccc44d1535f - - default default] http://[LB_IP_ADDRESS]:8776/v3/32fa8e6ff9e14c5cb7caeccc44d1535f/types/36e27e61-cafd-4a9e-9ba4-48571816aeeb returned with HTTP 404
2023-07-17 09:39:37.392 21 INFO cinder.api.openstack.wsgi [None req-3bc462b6-02c9-4daa-b3c7-b19d6b6b38df eef22fbb45ce421e9f57a8e735a1230c 32fa8e6ff9e14c5cb7caeccc44d1535f - - default default] DELETE http://[LB_IP_ADDRESS]:8776/v3/32fa8e6ff9e14c5cb7caeccc44d1535f/types/151b3967-627b-4954-99d6-27fe0653d3a9
2023-07-17 09:39:37.395 22 INFO cinder.volume.api [None req-839d5878-0010-47aa-ac5e-bbd7a1943e59 fb3570bd58d340fabcfb1c80263258cf 469b865076e54b0e8a3f5ca9adebe0a5 - - default default] Volume info retrieved successfully.
2023-07-17 09:39:37.403 22 INFO cinder.api.openstack.wsgi [None req-839d5878-0010-47aa-ac5e-bbd7a1943e59 fb3570bd58d340fabcfb1c80263258cf 469b865076e54b0e8a3f5ca9adebe0a5 - - default default] http://[LB_IP_ADDRESS]:8776/v3/469b865076e54b0e8a3f5ca9adebe0a5/volumes/21ff4f0a-6c87-494a-867e-ac41c0977edd returned with HTTP 200
2023-07-17 09:39:37.434 21 INFO cinder.api.openstack.wsgi [None req-3bc462b6-02c9-4daa-b3c7-b19d6b6b38df eef22fbb45ce421e9f57a8e735a1230c 32fa8e6ff9e14c5cb7caeccc44d1535f - - default default] http://[LB_IP_ADDRESS]:8776/v3/32fa8e6ff9e14c5cb7caeccc44d1535f/types/151b3967-627b-4954-99d6-27fe0653d3a9 returned with HTTP 202
2023-07-17 09:39:37.444 18 INFO cinder.api.openstack.wsgi [None req-76e2bce9-aeb0-4ac3-a98e-3e7c1e424109 eef22fbb45ce421e9f57a8e735a1230c 32fa8e6ff9e14c5cb7caeccc44d1535f - - default default] GET http://[LB_IP_ADDRESS]:8776/v3/32fa8e6ff9e14c5cb7caeccc44d1535f/types/151b3967-627b-4954-99d6-27fe0653d3a9
2023-07-17 09:39:37.450 18 INFO cinder.api.openstack.wsgi [None req-76e2bce9-aeb0-4ac3-a98e-3e7c1e424109 eef22fbb45ce421e9f57a8e735a1230c 32fa8e6ff9e14c5cb7caeccc44d1535f - - default default] http://[LB_IP_ADDRESS]:8776/v3/32fa8e6ff9e14c5cb7caeccc44d1535f/types/151b3967-627b-4954-99d6-27fe0653d3a9 returned with HTTP 404
2023-07-17 09:39:37.459 19 INFO cinder.api.openstack.wsgi [None req-71690478-a814-4e4b-920a-baba148118b3 eef22fbb45ce421e9f57a8e735a1230c 32fa8e6ff9e14c5cb7caeccc44d1535f - - default default] DELETE http://[LB_IP_ADDRESS]:8776/v3/32fa8e6ff9e14c5cb7caeccc44d1535f/types/f6db39a7-ff9c-4a60-b535-dd2c3f46f2b2
2023-07-17 09:39:37.500 19 INFO cinder.api.openstack.wsgi [None req-71690478-a814-4e4b-920a-baba148118b3 eef22fbb45ce421e9f57a8e735a1230c 32fa8e6ff9e14c5cb7caeccc44d1535f - - default default] http://[LB_IP_ADDRESS]:8776/v3/32fa8e6ff9e14c5cb7caeccc44d1535f/types/f6db39a7-ff9c-4a60-b535-dd2c3f46f2b2 returned with HTTP 202
2023-07-17 09:39:37.509 20 INFO cinder.api.openstack.wsgi [None req-06f6265a-4299-4e80-9c43-f00d01c938ab eef22fbb45ce421e9f57a8e735a1230c 32fa8e6ff9e14c5cb7caeccc44d1535f - - default default] GET http://[LB_IP_ADDRESS]:8776/v3/32fa8e6ff9e14c5cb7caeccc44d1535f/types/f6db39a7-ff9c-4a60-b535-dd2c3f46f2b2
2023-07-17 09:39:37.515 20 INFO cinder.api.openstack.wsgi [None req-06f6265a-4299-4e80-9c43-f00d01c938ab eef22fbb45ce421e9f57a8e735a1230c 32fa8e6ff9e14c5cb7caeccc44d1535f - - default default] http://[LB_IP_ADDRESS]:8776/v3/32fa8e6ff9e14c5cb7caeccc44d1535f/types/f6db39a7-ff9c-4a60-b535-dd2c3f46f2b2 returned with HTTP 404
2023-07-17 09:39:37.526 22 INFO cinder.api.openstack.wsgi [None req-4eceadb4-6fa3-461d-9502-154a6c59065b eef22fbb45ce421e9f57a8e735a1230c 32fa8e6ff9e14c5cb7caeccc44d1535f - - default default] DELETE http://[LB_IP_ADDRESS]:8776/v3/32fa8e6ff9e14c5cb7caeccc44d1535f/qos-specs/21cc39f7-a7d2-4c60-8b8b-aeff6f1c7a2f?force=False
2023-07-17 09:39:37.550 22 INFO cinder.api.openstack.wsgi [None req-4eceadb4-6fa3-461d-9502-154a6c59065b eef22fbb45ce421e9f57a8e735a1230c 32fa8e6ff9e14c5cb7caeccc44d1535f - - default default] http://[LB_IP_ADDRESS]:8776/v3/32fa8e6ff9e14c5cb7caeccc44d1535f/qos-specs/21cc39f7-a7d2-4c60-8b8b-aeff6f1c7a2f?force=False returned with HTTP 202
2023-07-17 09:39:37.560 21 INFO cinder.api.openstack.wsgi [None req-c806b2bd-3e20-4d0c-bc15-993d4dcff845 eef22fbb45ce421e9f57a8e735a1230c 32fa8e6ff9e14c5cb7caeccc44d1535f - - default default] GET http://[LB_IP_ADDRESS]:8776/v3/32fa8e6ff9e14c5cb7caeccc44d1535f/qos-specs/21cc39f7-a7d2-4c60-8b8b-aeff6f1c7a2f
2023-07-17 09:39:37.566 21 INFO cinder.api.openstack.wsgi [None req-c806b2bd-3e20-4d0c-bc15-993d4dcff845 eef22fbb45ce421e9f57a8e735a1230c 32fa8e6ff9e14c5cb7caeccc44d1535f - - default default] http://[LB_IP_ADDRESS]:8776/v3/32fa8e6ff9e14c5cb7caeccc44d1535f/qos-specs/21cc39f7-a7d2-4c60-8b8b-aeff6f1c7a2f returned with HTTP 404
2023-07-17 09:39:37.626 18 INFO cinder.api.openstack.wsgi [None req-da703f0c-0db2-49b0-bebc-e445156b0897 cfbd71b895f0416eb8ba11cb08d805b9 e52d7219a3c4451fa93fc2cc9ffe3c32 - - default default] GET http://[LB_IP_ADDRESS]:8776/v3/e52d7219a3c4451fa93fc2cc9ffe3c32/volumes/82bdc8be-519a-43db-bb33-dc130f7a975f
2023-07-17 09:39:37.650 18 INFO cinder.volume.api [None req-da703f0c-0db2-49b0-bebc-e445156b0897 cfbd71b895f0416eb8ba11cb08d805b9 e52d7219a3c4451fa93fc2cc9ffe3c32 - - default default] Volume info retrieved successfully.
2023-07-17 09:39:37.658 18 INFO cinder.api.openstack.wsgi [None req-da703f0c-0db2-49b0-bebc-e445156b0897 cfbd71b895f0416eb8ba11cb08d805b9 e52d7219a3c4451fa93fc2cc9ffe3c32 - - default default] http://[LB_IP_ADDRESS]:8776/v3/e52d7219a3c4451fa93fc2cc9ffe3c32/volumes/82bdc8be-519a-43db-bb33-dc130f7a975f returned with HTTP 200
2023-07-17 09:39:38.422 19 INFO cinder.api.openstack.wsgi [None req-51441498-65a2-435c-8804-6aca8ea5f6c8 fb3570bd58d340fabcfb1c80263258cf 469b865076e54b0e8a3f5ca9adebe0a5 - - default default] GET http://[LB_IP_ADDRESS]:8776/v3/469b865076e54b0e8a3f5ca9adebe0a5/volumes/21ff4f0a-6c87-494a-867e-ac41c0977edd
2023-07-17 09:39:38.442 19 INFO cinder.volume.api [None req-51441498-65a2-435c-8804-6aca8ea5f6c8 fb3570bd58d340fabcfb1c80263258cf 469b865076e54b0e8a3f5ca9adebe0a5 - - default default] Volume info retrieved successfully.
2023-07-17 09:39:38.449 19 INFO cinder.api.openstack.wsgi [None req-51441498-65a2-435c-8804-6aca8ea5f6c8 fb3570bd58d340fabcfb1c80263258cf 469b865076e54b0e8a3f5ca9adebe0a5 - - default default] http://[LB_IP_ADDRESS]:8776/v3/469b865076e54b0e8a3f5ca9adebe0a5/volumes/21ff4f0a-6c87-494a-867e-ac41c0977edd returned with HTTP 200
2023-07-17 09:39:38.467 20 INFO cinder.api.openstack.wsgi [None req-5f22e868-1658-4228-be59-8d7ae56482e9 fb3570bd58d340fabcfb1c80263258cf 469b865076e54b0e8a3f5ca9adebe0a5 - - default default] DELETE http://[LB_IP_ADDRESS]:8776/v3/469b865076e54b0e8a3f5ca9adebe0a5/volumes/21ff4f0a-6c87-494a-867e-ac41c0977edd
2023-07-17 09:39:38.468 20 INFO cinder.api.v3.volumes [None req-5f22e868-1658-4228-be59-8d7ae56482e9 fb3570bd58d340fabcfb1c80263258cf 469b865076e54b0e8a3f5ca9adebe0a5 - - default default] Delete volume with id: 21ff4f0a-6c87-494a-867e-ac41c0977edd 
2023-07-17 09:39:38.483 20 INFO cinder.volume.api [None req-5f22e868-1658-4228-be59-8d7ae56482e9 fb3570bd58d340fabcfb1c80263258cf 469b865076e54b0e8a3f5ca9adebe0a5 - - default default] Volume info retrieved successfully.
2023-07-17 09:39:38.603 20 INFO cinder.volume.api [None req-5f22e868-1658-4228-be59-8d7ae56482e9 fb3570bd58d340fabcfb1c80263258cf 469b865076e54b0e8a3f5ca9adebe0a5 - - default default] Delete volume request issued successfully.
2023-07-17 09:39:38.605 20 INFO cinder.api.openstack.wsgi [None req-5f22e868-1658-4228-be59-8d7ae56482e9 fb3570bd58d340fabcfb1c80263258cf 469b865076e54b0e8a3f5ca9adebe0a5 - - default default] http://[LB_IP_ADDRESS]:8776/v3/469b865076e54b0e8a3f5ca9adebe0a5/volumes/21ff4f0a-6c87-494a-867e-ac41c0977edd returned with HTTP 202
2023-07-17 09:39:38.614 22 INFO cinder.api.openstack.wsgi [None req-6dcd9c00-19f9-4019-b8aa-57ad415a3719 fb3570bd58d340fabcfb1c80263258cf 469b865076e54b0e8a3f5ca9adebe0a5 - - default default] GET http://[LB_IP_ADDRESS]:8776/v3/469b865076e54b0e8a3f5ca9adebe0a5/volumes/21ff4f0a-6c87-494a-867e-ac41c0977edd
2023-07-17 09:39:38.626 22 INFO cinder.api.openstack.wsgi [None req-6dcd9c00-19f9-4019-b8aa-57ad415a3719 fb3570bd58d340fabcfb1c80263258cf 469b865076e54b0e8a3f5ca9adebe0a5 - - default default] http://[LB_IP_ADDRESS]:8776/v3/469b865076e54b0e8a3f5ca9adebe0a5/volumes/21ff4f0a-6c87-494a-867e-ac41c0977edd returned with HTTP 404
2023-07-17 09:39:38.678 21 INFO cinder.api.openstack.wsgi [None req-82f16a36-2fa3-4021-8c3d-bb6d58a88554 cfbd71b895f0416eb8ba11cb08d805b9 e52d7219a3c4451fa93fc2cc9ffe3c32 - - default default] GET http://[LB_IP_ADDRESS]:8776/v3/e52d7219a3c4451fa93fc2cc9ffe3c32/volumes/82bdc8be-519a-43db-bb33-dc130f7a975f
2023-07-17 09:39:38.697 21 INFO cinder.volume.api [None req-82f16a36-2fa3-4021-8c3d-bb6d58a88554 cfbd71b895f0416eb8ba11cb08d805b9 e52d7219a3c4451fa93fc2cc9ffe3c32 - - default default] Volume info retrieved successfully.
2023-07-17 09:39:38.705 21 INFO cinder.api.openstack.wsgi [None req-82f16a36-2fa3-4021-8c3d-bb6d58a88554 cfbd71b895f0416eb8ba11cb08d805b9 e52d7219a3c4451fa93fc2cc9ffe3c32 - - default default] http://[LB_IP_ADDRESS]:8776/v3/e52d7219a3c4451fa93fc2cc9ffe3c32/volumes/82bdc8be-519a-43db-bb33-dc130f7a975f returned with HTTP 200
2023-07-17 09:39:39.724 18 INFO cinder.api.openstack.wsgi [None req-17213c0d-a9f5-44b4-913a-8c7d22a15632 cfbd71b895f0416eb8ba11cb08d805b9 e52d7219a3c4451fa93fc2cc9ffe3c32 - - default default] GET http://[LB_IP_ADDRESS]:8776/v3/e52d7219a3c4451fa93fc2cc9ffe3c32/volumes/82bdc8be-519a-43db-bb33-dc130f7a975f
2023-07-17 09:39:39.743 18 INFO cinder.volume.api [None req-17213c0d-a9f5-44b4-913a-8c7d22a15632 cfbd71b895f0416eb8ba11cb08d805b9 e52d7219a3c4451fa93fc2cc9ffe3c32 - - default default] Volume info retrieved successfully.
2023-07-17 09:39:39.750 18 INFO cinder.api.openstack.wsgi [None req-17213c0d-a9f5-44b4-913a-8c7d22a15632 cfbd71b895f0416eb8ba11cb08d805b9 e52d7219a3c4451fa93fc2cc9ffe3c32 - - default default] http://[LB_IP_ADDRESS]:8776/v3/e52d7219a3c4451fa93fc2cc9ffe3c32/volumes/82bdc8be-519a-43db-bb33-dc130f7a975f returned with HTTP 200
2023-07-17 09:39:40.769 19 INFO cinder.api.openstack.wsgi [None req-96cdfb5d-2dc2-4d68-bdf1-eaa6f715349c cfbd71b895f0416eb8ba11cb08d805b9 e52d7219a3c4451fa93fc2cc9ffe3c32 - - default default] GET http://[LB_IP_ADDRESS]:8776/v3/e52d7219a3c4451fa93fc2cc9ffe3c32/volumes/82bdc8be-519a-43db-bb33-dc130f7a975f
2023-07-17 09:39:40.789 19 INFO cinder.volume.api [None req-96cdfb5d-2dc2-4d68-bdf1-eaa6f715349c cfbd71b895f0416eb8ba11cb08d805b9 e52d7219a3c4451fa93fc2cc9ffe3c32 - - default default] Volume info retrieved successfully.
2023-07-17 09:39:40.796 19 INFO cinder.api.openstack.wsgi [None req-96cdfb5d-2dc2-4d68-bdf1-eaa6f715349c cfbd71b895f0416eb8ba11cb08d805b9 e52d7219a3c4451fa93fc2cc9ffe3c32 - - default default] http://[LB_IP_ADDRESS]:8776/v3/e52d7219a3c4451fa93fc2cc9ffe3c32/volumes/82bdc8be-519a-43db-bb33-dc130f7a975f returned with HTTP 200
2023-07-17 09:39:40.815 20 INFO cinder.api.openstack.wsgi [None req-1084a914-29a1-4c9d-b8b3-9760d5b5da1c cfbd71b895f0416eb8ba11cb08d805b9 e52d7219a3c4451fa93fc2cc9ffe3c32 - - default default] DELETE http://[LB_IP_ADDRESS]:8776/v3/e52d7219a3c4451fa93fc2cc9ffe3c32/volumes/82bdc8be-519a-43db-bb33-dc130f7a975f
2023-07-17 09:39:40.816 20 INFO cinder.api.v3.volumes [None req-1084a914-29a1-4c9d-b8b3-9760d5b5da1c cfbd71b895f0416eb8ba11cb08d805b9 e52d7219a3c4451fa93fc2cc9ffe3c32 - - default default] Delete volume with id: 82bdc8be-519a-43db-bb33-dc130f7a975f 
2023-07-17 09:39:40.830 20 INFO cinder.volume.api [None req-1084a914-29a1-4c9d-b8b3-9760d5b5da1c cfbd71b895f0416eb8ba11cb08d805b9 e52d7219a3c4451fa93fc2cc9ffe3c32 - - default default] Volume info retrieved successfully.
2023-07-17 09:39:40.947 20 INFO cinder.volume.api [None req-1084a914-29a1-4c9d-b8b3-9760d5b5da1c cfbd71b895f0416eb8ba11cb08d805b9 e52d7219a3c4451fa93fc2cc9ffe3c32 - - default default] Delete volume request issued successfully.
2023-07-17 09:39:40.948 20 INFO cinder.api.openstack.wsgi [None req-1084a914-29a1-4c9d-b8b3-9760d5b5da1c cfbd71b895f0416eb8ba11cb08d805b9 e52d7219a3c4451fa93fc2cc9ffe3c32 - - default default] http://[LB_IP_ADDRESS]:8776/v3/e52d7219a3c4451fa93fc2cc9ffe3c32/volumes/82bdc8be-519a-43db-bb33-dc130f7a975f returned with HTTP 202
2023-07-17 09:39:40.957 22 INFO cinder.api.openstack.wsgi [None req-fa1504ce-85f9-4d2e-97f5-a7977424d88f cfbd71b895f0416eb8ba11cb08d805b9 e52d7219a3c4451fa93fc2cc9ffe3c32 - - default default] GET http://[LB_IP_ADDRESS]:8776/v3/e52d7219a3c4451fa93fc2cc9ffe3c32/volumes/82bdc8be-519a-43db-bb33-dc130f7a975f
2023-07-17 09:39:40.969 22 INFO cinder.api.openstack.wsgi [None req-fa1504ce-85f9-4d2e-97f5-a7977424d88f cfbd71b895f0416eb8ba11cb08d805b9 e52d7219a3c4451fa93fc2cc9ffe3c32 - - default default] http://[LB_IP_ADDRESS]:8776/v3/e52d7219a3c4451fa93fc2cc9ffe3c32/volumes/82bdc8be-519a-43db-bb33-dc130f7a975f returned with HTTP 404
2023-07-17 09:39:41.758 21 INFO cinder.api.openstack.wsgi [None req-98c05808-c298-4d26-a4ed-853e83e88e15 28bd72d539f3484ca9ab6d51d1bb92ce 19bad70057e2415484493586ca7a94da - - default default] POST http://[LB_IP_ADDRESS]:8776/v3/19bad70057e2415484493586ca7a94da/volumes
2023-07-17 09:39:41.761 21 INFO cinder.api.v3.volumes [None req-98c05808-c298-4d26-a4ed-853e83e88e15 28bd72d539f3484ca9ab6d51d1bb92ce 19bad70057e2415484493586ca7a94da - - default default] Create volume of 1 GB
2023-07-17 09:39:41.770 21 INFO cinder.volume.api [None req-98c05808-c298-4d26-a4ed-853e83e88e15 28bd72d539f3484ca9ab6d51d1bb92ce 19bad70057e2415484493586ca7a94da - - default default] Availability Zones retrieved successfully.
2023-07-17 09:39:42.057 18 INFO cinder.api.openstack.wsgi [None req-1866e3f1-a6c8-4fe6-810e-924e8e92ce56 - - - - - -] GET http://[LB_IP_ADDRESS]:8776/
2023-07-17 09:39:42.058 18 INFO cinder.api.openstack.wsgi [None req-1866e3f1-a6c8-4fe6-810e-924e8e92ce56 - - - - - -] http://[LB_IP_ADDRESS]:8776/ returned with HTTP 300
2023-07-17 09:39:42.075 21 INFO cinder.volume.api [None req-98c05808-c298-4d26-a4ed-853e83e88e15 28bd72d539f3484ca9ab6d51d1bb92ce 19bad70057e2415484493586ca7a94da - - default default] Create volume request issued successfully.
2023-07-17 09:39:42.077 21 INFO cinder.api.openstack.wsgi [None req-98c05808-c298-4d26-a4ed-853e83e88e15 28bd72d539f3484ca9ab6d51d1bb92ce 19bad70057e2415484493586ca7a94da - - default default] http://[LB_IP_ADDRESS]:8776/v3/19bad70057e2415484493586ca7a94da/volumes returned with HTTP 202
2023-07-17 09:39:42.095 19 INFO cinder.api.openstack.wsgi [None req-811f9600-ede4-4087-b8f6-93f2d0fecb50 28bd72d539f3484ca9ab6d51d1bb92ce 19bad70057e2415484493586ca7a94da - - default default] GET http://[LB_IP_ADDRESS]:8776/v3/19bad70057e2415484493586ca7a94da/volumes/c882339a-b8ea-45cc-bca6-489db869c740
2023-07-17 09:39:42.114 19 INFO cinder.volume.api [None req-811f9600-ede4-4087-b8f6-93f2d0fecb50 28bd72d539f3484ca9ab6d51d1bb92ce 19bad70057e2415484493586ca7a94da - - default default] Volume info retrieved successfully.
2023-07-17 09:39:42.121 19 INFO cinder.api.openstack.wsgi [None req-811f9600-ede4-4087-b8f6-93f2d0fecb50 28bd72d539f3484ca9ab6d51d1bb92ce 19bad70057e2415484493586ca7a94da - - default default] http://[LB_IP_ADDRESS]:8776/v3/19bad70057e2415484493586ca7a94da/volumes/c882339a-b8ea-45cc-bca6-489db869c740 returned with HTTP 200
2023-07-17 09:39:42.259 20 INFO cinder.api.openstack.wsgi [None req-99be86a7-c4b7-485d-b8be-991d196bb21b bb70916605904256ad397f307a504ddc 82395b063c444fdd993d3e075f15524c - - default default] GET http://[LB_IP_ADDRESS]:8776/v3/82395b063c444fdd993d3e075f15524c/scheduler-stats/get_pools
2023-07-17 09:39:42.273 20 INFO cinder.api.openstack.wsgi [None req-99be86a7-c4b7-485d-b8be-991d196bb21b bb70916605904256ad397f307a504ddc 82395b063c444fdd993d3e075f15524c - - default default] http://[LB_IP_ADDRESS]:8776/v3/82395b063c444fdd993d3e075f15524c/scheduler-stats/get_pools returned with HTTP 200
2023-07-17 09:39:43.139 22 INFO cinder.api.openstack.wsgi [None req-397e397f-aa02-4f7f-9968-46b5d85f3e82 28bd72d539f3484ca9ab6d51d1bb92ce 19bad70057e2415484493586ca7a94da - - default default] GET http://[LB_IP_ADDRESS]:8776/v3/19bad70057e2415484493586ca7a94da/volumes/c882339a-b8ea-45cc-bca6-489db869c740
2023-07-17 09:39:43.158 22 INFO cinder.volume.api [None req-397e397f-aa02-4f7f-9968-46b5d85f3e82 28bd72d539f3484ca9ab6d51d1bb92ce 19bad70057e2415484493586ca7a94da - - default default] Volume info retrieved successfully.
2023-07-17 09:39:43.165 22 INFO cinder.api.openstack.wsgi [None req-397e397f-aa02-4f7f-9968-46b5d85f3e82 28bd72d539f3484ca9ab6d51d1bb92ce 19bad70057e2415484493586ca7a94da - - default default] http://[LB_IP_ADDRESS]:8776/v3/19bad70057e2415484493586ca7a94da/volumes/c882339a-b8ea-45cc-bca6-489db869c740 returned with HTTP 200
2023-07-17 09:39:43.951 18 INFO cinder.api.openstack.wsgi [None req-ba5d8d5b-4c40-4e31-b718-f5fc4d3db9eb 945c96edbf534f9bbd0f6ea4f2961d6a 55e20ee4562a4e1d8b8054023a120c40 - - default default] POST http://[LB_IP_ADDRESS]:8776/v3/55e20ee4562a4e1d8b8054023a120c40/volumes
2023-07-17 09:39:43.954 18 INFO cinder.api.v3.volumes [None req-ba5d8d5b-4c40-4e31-b718-f5fc4d3db9eb 945c96edbf534f9bbd0f6ea4f2961d6a 55e20ee4562a4e1d8b8054023a120c40 - - default default] Create volume of 1 GB
2023-07-17 09:39:43.964 18 INFO cinder.volume.api [None req-ba5d8d5b-4c40-4e31-b718-f5fc4d3db9eb 945c96edbf534f9bbd0f6ea4f2961d6a 55e20ee4562a4e1d8b8054023a120c40 - - default default] Availability Zones retrieved successfully.
2023-07-17 09:39:44.185 21 INFO cinder.api.openstack.wsgi [None req-96bcd41b-0ba1-49a5-93a1-fb2ddbd3d421 28bd72d539f3484ca9ab6d51d1bb92ce 19bad70057e2415484493586ca7a94da - - default default] GET http://[LB_IP_ADDRESS]:8776/v3/19bad70057e2415484493586ca7a94da/volumes/c882339a-b8ea-45cc-bca6-489db869c740
2023-07-17 09:39:44.205 21 INFO cinder.volume.api [None req-96bcd41b-0ba1-49a5-93a1-fb2ddbd3d421 28bd72d539f3484ca9ab6d51d1bb92ce 19bad70057e2415484493586ca7a94da - - default default] Volume info retrieved successfully.
2023-07-17 09:39:44.212 21 INFO cinder.api.openstack.wsgi [None req-96bcd41b-0ba1-49a5-93a1-fb2ddbd3d421 28bd72d539f3484ca9ab6d51d1bb92ce 19bad70057e2415484493586ca7a94da - - default default] http://[LB_IP_ADDRESS]:8776/v3/19bad70057e2415484493586ca7a94da/volumes/c882339a-b8ea-45cc-bca6-489db869c740 returned with HTTP 200
2023-07-17 09:39:44.230 19 INFO cinder.api.openstack.wsgi [None req-9a1c7ae2-a90e-42c4-aeaa-9a7a405a832c 28bd72d539f3484ca9ab6d51d1bb92ce 19bad70057e2415484493586ca7a94da - - default default] DELETE http://[LB_IP_ADDRESS]:8776/v3/19bad70057e2415484493586ca7a94da/volumes/c882339a-b8ea-45cc-bca6-489db869c740
2023-07-17 09:39:44.231 19 INFO cinder.api.v3.volumes [None req-9a1c7ae2-a90e-42c4-aeaa-9a7a405a832c 28bd72d539f3484ca9ab6d51d1bb92ce 19bad70057e2415484493586ca7a94da - - default default] Delete volume with id: c882339a-b8ea-45cc-bca6-489db869c740 
2023-07-17 09:39:44.245 19 INFO cinder.volume.api [None req-9a1c7ae2-a90e-42c4-aeaa-9a7a405a832c 28bd72d539f3484ca9ab6d51d1bb92ce 19bad70057e2415484493586ca7a94da - - default default] Volume info retrieved successfully.
2023-07-17 09:39:44.256 18 INFO cinder.volume.api [None req-ba5d8d5b-4c40-4e31-b718-f5fc4d3db9eb 945c96edbf534f9bbd0f6ea4f2961d6a 55e20ee4562a4e1d8b8054023a120c40 - - default default] Create volume request issued successfully.
2023-07-17 09:39:44.257 18 INFO cinder.api.openstack.wsgi [None req-ba5d8d5b-4c40-4e31-b718-f5fc4d3db9eb 945c96edbf534f9bbd0f6ea4f2961d6a 55e20ee4562a4e1d8b8054023a120c40 - - default default] http://[LB_IP_ADDRESS]:8776/v3/55e20ee4562a4e1d8b8054023a120c40/volumes returned with HTTP 202
2023-07-17 09:39:44.276 20 INFO cinder.api.openstack.wsgi [None req-b61831e5-ee35-4ab4-8605-c40e9960444a 945c96edbf534f9bbd0f6ea4f2961d6a 55e20ee4562a4e1d8b8054023a120c40 - - default default] GET http://[LB_IP_ADDRESS]:8776/v3/55e20ee4562a4e1d8b8054023a120c40/volumes/015fda23-c3bb-4179-b3f6-136e73f6eef7
2023-07-17 09:39:44.294 20 INFO cinder.volume.api [None req-b61831e5-ee35-4ab4-8605-c40e9960444a 945c96edbf534f9bbd0f6ea4f2961d6a 55e20ee4562a4e1d8b8054023a120c40 - - default default] Volume info retrieved successfully.
2023-07-17 09:39:44.302 20 INFO cinder.api.openstack.wsgi [None req-b61831e5-ee35-4ab4-8605-c40e9960444a 945c96edbf534f9bbd0f6ea4f2961d6a 55e20ee4562a4e1d8b8054023a120c40 - - default default] http://[LB_IP_ADDRESS]:8776/v3/55e20ee4562a4e1d8b8054023a120c40/volumes/015fda23-c3bb-4179-b3f6-136e73f6eef7 returned with HTTP 200
2023-07-17 09:39:44.362 19 INFO cinder.volume.api [None req-9a1c7ae2-a90e-42c4-aeaa-9a7a405a832c 28bd72d539f3484ca9ab6d51d1bb92ce 19bad70057e2415484493586ca7a94da - - default default] Delete volume request issued successfully.
2023-07-17 09:39:44.364 19 INFO cinder.api.openstack.wsgi [None req-9a1c7ae2-a90e-42c4-aeaa-9a7a405a832c 28bd72d539f3484ca9ab6d51d1bb92ce 19bad70057e2415484493586ca7a94da - - default default] http://[LB_IP_ADDRESS]:8776/v3/19bad70057e2415484493586ca7a94da/volumes/c882339a-b8ea-45cc-bca6-489db869c740 returned with HTTP 202
2023-07-17 09:39:44.373 22 INFO cinder.api.openstack.wsgi [None req-5f2a9157-e4e9-441c-a55a-f032543a9229 28bd72d539f3484ca9ab6d51d1bb92ce 19bad70057e2415484493586ca7a94da - - default default] GET http://[LB_IP_ADDRESS]:8776/v3/19bad70057e2415484493586ca7a94da/volumes/c882339a-b8ea-45cc-bca6-489db869c740
2023-07-17 09:39:44.384 22 INFO cinder.api.openstack.wsgi [None req-5f2a9157-e4e9-441c-a55a-f032543a9229 28bd72d539f3484ca9ab6d51d1bb92ce 19bad70057e2415484493586ca7a94da - - default default] http://[LB_IP_ADDRESS]:8776/v3/19bad70057e2415484493586ca7a94da/volumes/c882339a-b8ea-45cc-bca6-489db869c740 returned with HTTP 404
2023-07-17 09:39:45.321 21 INFO cinder.api.openstack.wsgi [None req-faada8fd-ef20-4637-b123-a113d3d86dcb 945c96edbf534f9bbd0f6ea4f2961d6a 55e20ee4562a4e1d8b8054023a120c40 - - default default] GET http://[LB_IP_ADDRESS]:8776/v3/55e20ee4562a4e1d8b8054023a120c40/volumes/015fda23-c3bb-4179-b3f6-136e73f6eef7
2023-07-17 09:39:45.340 21 INFO cinder.volume.api [None req-faada8fd-ef20-4637-b123-a113d3d86dcb 945c96edbf534f9bbd0f6ea4f2961d6a 55e20ee4562a4e1d8b8054023a120c40 - - default default] Volume info retrieved successfully.
2023-07-17 09:39:45.347 21 INFO cinder.api.openstack.wsgi [None req-faada8fd-ef20-4637-b123-a113d3d86dcb 945c96edbf534f9bbd0f6ea4f2961d6a 55e20ee4562a4e1d8b8054023a120c40 - - default default] http://[LB_IP_ADDRESS]:8776/v3/55e20ee4562a4e1d8b8054023a120c40/volumes/015fda23-c3bb-4179-b3f6-136e73f6eef7 returned with HTTP 200
2023-07-17 09:39:46.366 18 INFO cinder.api.openstack.wsgi [None req-7a4b16df-abac-431b-b757-bb7e36f8ab59 945c96edbf534f9bbd0f6ea4f2961d6a 55e20ee4562a4e1d8b8054023a120c40 - - default default] GET http://[LB_IP_ADDRESS]:8776/v3/55e20ee4562a4e1d8b8054023a120c40/volumes/015fda23-c3bb-4179-b3f6-136e73f6eef7
2023-07-17 09:39:46.385 18 INFO cinder.volume.api [None req-7a4b16df-abac-431b-b757-bb7e36f8ab59 945c96edbf534f9bbd0f6ea4f2961d6a 55e20ee4562a4e1d8b8054023a120c40 - - default default] Volume info retrieved successfully.
2023-07-17 09:39:46.392 18 INFO cinder.api.openstack.wsgi [None req-7a4b16df-abac-431b-b757-bb7e36f8ab59 945c96edbf534f9bbd0f6ea4f2961d6a 55e20ee4562a4e1d8b8054023a120c40 - - default default] http://[LB_IP_ADDRESS]:8776/v3/55e20ee4562a4e1d8b8054023a120c40/volumes/015fda23-c3bb-4179-b3f6-136e73f6eef7 returned with HTTP 200
2023-07-17 09:39:46.411 20 INFO cinder.api.openstack.wsgi [None req-7211bb4a-c470-4fb3-b4b3-99bd76be2ace 945c96edbf534f9bbd0f6ea4f2961d6a 55e20ee4562a4e1d8b8054023a120c40 - - default default] DELETE http://[LB_IP_ADDRESS]:8776/v3/55e20ee4562a4e1d8b8054023a120c40/volumes/015fda23-c3bb-4179-b3f6-136e73f6eef7
2023-07-17 09:39:46.411 20 INFO cinder.api.v3.volumes [None req-7211bb4a-c470-4fb3-b4b3-99bd76be2ace 945c96edbf534f9bbd0f6ea4f2961d6a 55e20ee4562a4e1d8b8054023a120c40 - - default default] Delete volume with id: 015fda23-c3bb-4179-b3f6-136e73f6eef7 
2023-07-17 09:39:46.425 20 INFO cinder.volume.api [None req-7211bb4a-c470-4fb3-b4b3-99bd76be2ace 945c96edbf534f9bbd0f6ea4f2961d6a 55e20ee4562a4e1d8b8054023a120c40 - - default default] Volume info retrieved successfully.
2023-07-17 09:39:46.541 20 INFO cinder.volume.api [None req-7211bb4a-c470-4fb3-b4b3-99bd76be2ace 945c96edbf534f9bbd0f6ea4f2961d6a 55e20ee4562a4e1d8b8054023a120c40 - - default default] Delete volume request issued successfully.
2023-07-17 09:39:46.543 20 INFO cinder.api.openstack.wsgi [None req-7211bb4a-c470-4fb3-b4b3-99bd76be2ace 945c96edbf534f9bbd0f6ea4f2961d6a 55e20ee4562a4e1d8b8054023a120c40 - - default default] http://[LB_IP_ADDRESS]:8776/v3/55e20ee4562a4e1d8b8054023a120c40/volumes/015fda23-c3bb-4179-b3f6-136e73f6eef7 returned with HTTP 202
2023-07-17 09:39:46.552 19 INFO cinder.api.openstack.wsgi [None req-06df6933-aa19-4d8c-9cd8-5ba6be5494d1 945c96edbf534f9bbd0f6ea4f2961d6a 55e20ee4562a4e1d8b8054023a120c40 - - default default] GET http://[LB_IP_ADDRESS]:8776/v3/55e20ee4562a4e1d8b8054023a120c40/volumes/015fda23-c3bb-4179-b3f6-136e73f6eef7
2023-07-17 09:39:46.564 19 INFO cinder.api.openstack.wsgi [None req-06df6933-aa19-4d8c-9cd8-5ba6be5494d1 945c96edbf534f9bbd0f6ea4f2961d6a 55e20ee4562a4e1d8b8054023a120c40 - - default default] http://[LB_IP_ADDRESS]:8776/v3/55e20ee4562a4e1d8b8054023a120c40/volumes/015fda23-c3bb-4179-b3f6-136e73f6eef7 returned with HTTP 404
2023-07-17 09:39:46.994 22 INFO cinder.api.openstack.wsgi [None req-fe67a88b-35f7-4d13-8528-32c02480fecc d63af7fa5220465fb8010c0687319942 cb70fc5444ed432aae686c2fbebebb7b - - default default] POST http://[LB_IP_ADDRESS]:8776/v3/cb70fc5444ed432aae686c2fbebebb7b/types
2023-07-17 09:39:47.021 22 INFO cinder.api.openstack.wsgi [None req-fe67a88b-35f7-4d13-8528-32c02480fecc d63af7fa5220465fb8010c0687319942 cb70fc5444ed432aae686c2fbebebb7b - - default default] http://[LB_IP_ADDRESS]:8776/v3/cb70fc5444ed432aae686c2fbebebb7b/types returned with HTTP 200
2023-07-17 09:39:47.033 21 INFO cinder.api.openstack.wsgi [None req-a6ba0bd5-2a47-4452-90c4-10d6c3802abf d63af7fa5220465fb8010c0687319942 cb70fc5444ed432aae686c2fbebebb7b - - default default] POST http://[LB_IP_ADDRESS]:8776/v3/cb70fc5444ed432aae686c2fbebebb7b/types
2023-07-17 09:39:47.057 21 INFO cinder.api.openstack.wsgi [None req-a6ba0bd5-2a47-4452-90c4-10d6c3802abf d63af7fa5220465fb8010c0687319942 cb70fc5444ed432aae686c2fbebebb7b - - default default] http://[LB_IP_ADDRESS]:8776/v3/cb70fc5444ed432aae686c2fbebebb7b/types returned with HTTP 200
2023-07-17 09:39:47.156 18 INFO cinder.api.openstack.wsgi [None req-f7767f54-0f87-40d2-9025-34c1bc6afb8c cff892f581184a49ac2f9a5cc0392274 8aeb70efc92645a7bc17d5692b8645be - - default default] POST http://[LB_IP_ADDRESS]:8776/v3/8aeb70efc92645a7bc17d5692b8645be/volumes
2023-07-17 09:39:47.166 18 INFO cinder.api.v3.volumes [None req-f7767f54-0f87-40d2-9025-34c1bc6afb8c cff892f581184a49ac2f9a5cc0392274 8aeb70efc92645a7bc17d5692b8645be - - default default] Create volume of 1 GB
2023-07-17 09:39:47.168 18 INFO cinder.volume.api [None req-f7767f54-0f87-40d2-9025-34c1bc6afb8c cff892f581184a49ac2f9a5cc0392274 8aeb70efc92645a7bc17d5692b8645be - - default default] Availability Zones retrieved successfully.
2023-07-17 09:39:47.173 20 INFO cinder.api.openstack.wsgi [None req-9675e69c-91a8-4288-af80-b3ed74496252 852cce04bd5b43cf99b3179b6fa3e53d 4b412988a021425bb0ec5929156b764c - - default default] POST http://[LB_IP_ADDRESS]:8776/v3/4b412988a021425bb0ec5929156b764c/volumes
2023-07-17 09:39:47.234 20 INFO cinder.api.v3.volumes [None req-9675e69c-91a8-4288-af80-b3ed74496252 852cce04bd5b43cf99b3179b6fa3e53d 4b412988a021425bb0ec5929156b764c - - default default] Create volume of 1 GB
2023-07-17 09:39:47.241 20 INFO cinder.volume.api [None req-9675e69c-91a8-4288-af80-b3ed74496252 852cce04bd5b43cf99b3179b6fa3e53d 4b412988a021425bb0ec5929156b764c - - default default] Availability Zones retrieved successfully.
2023-07-17 09:39:47.436 18 INFO cinder.volume.api [None req-f7767f54-0f87-40d2-9025-34c1bc6afb8c cff892f581184a49ac2f9a5cc0392274 8aeb70efc92645a7bc17d5692b8645be - - default default] Create volume request issued successfully.
2023-07-17 09:39:47.438 18 INFO cinder.api.openstack.wsgi [None req-f7767f54-0f87-40d2-9025-34c1bc6afb8c cff892f581184a49ac2f9a5cc0392274 8aeb70efc92645a7bc17d5692b8645be - - default default] http://[LB_IP_ADDRESS]:8776/v3/8aeb70efc92645a7bc17d5692b8645be/volumes returned with HTTP 202
