2024-06-27 13:03:50.956 20 INFO cinder.api.openstack.wsgi [None req-babd1d5b-2b46-4aae-81bf-f4e3a5d1bc13 52b392949ee14d0bac81879ab95ad536 535cac64f52648399e3446be7145b09a - - default default] http://[LB_IP_ADDRESS]:8776/v3/535cac64f52648399e3446be7145b09a/group_snapshots/d6e69ac2-cf7f-41f1-8f28-9d37588d7627 returned with HTTP 200
2024-06-27 13:03:50.970 21 INFO cinder.api.openstack.wsgi [None req-0e8e80bf-8c32-4cae-a79b-e1be563a9a6a 2b335ec1ee684c8da9bd9f1f5b854b62 c4cd3ed1ab8643e4b5bfdc184da3d14e - - default default] POST http://[LB_IP_ADDRESS]:8776/v3/c4cd3ed1ab8643e4b5bfdc184da3d14e/group_snapshots/d6e69ac2-cf7f-41f1-8f28-9d37588d7627/action
2024-06-27 13:03:50.988 21 INFO cinder.api.openstack.wsgi [None req-0e8e80bf-8c32-4cae-a79b-e1be563a9a6a 2b335ec1ee684c8da9bd9f1f5b854b62 c4cd3ed1ab8643e4b5bfdc184da3d14e - - default default] http://[LB_IP_ADDRESS]:8776/v3/c4cd3ed1ab8643e4b5bfdc184da3d14e/group_snapshots/d6e69ac2-cf7f-41f1-8f28-9d37588d7627/action returned with HTTP 202
2024-06-27 13:03:50.998 18 INFO cinder.api.openstack.wsgi [None req-2a610ea3-47b2-4c4c-a648-7583af68ff19 52b392949ee14d0bac81879ab95ad536 535cac64f52648399e3446be7145b09a - - default default] GET http://[LB_IP_ADDRESS]:8776/v3/535cac64f52648399e3446be7145b09a/group_snapshots/d6e69ac2-cf7f-41f1-8f28-9d37588d7627
2024-06-27 13:03:51.012 18 INFO cinder.api.openstack.wsgi [None req-2a610ea3-47b2-4c4c-a648-7583af68ff19 52b392949ee14d0bac81879ab95ad536 535cac64f52648399e3446be7145b09a - - default default] http://[LB_IP_ADDRESS]:8776/v3/535cac64f52648399e3446be7145b09a/group_snapshots/d6e69ac2-cf7f-41f1-8f28-9d37588d7627 returned with HTTP 200
2024-06-27 13:03:51.026 19 INFO cinder.api.openstack.wsgi [None req-3e56d65b-2d2b-49f2-afa0-653dcafc616d 2b335ec1ee684c8da9bd9f1f5b854b62 c4cd3ed1ab8643e4b5bfdc184da3d14e - - default default] POST http://[LB_IP_ADDRESS]:8776/v3/c4cd3ed1ab8643e4b5bfdc184da3d14e/group_snapshots/d6e69ac2-cf7f-41f1-8f28-9d37588d7627/action
2024-06-27 13:03:51.044 19 INFO cinder.api.openstack.wsgi [None req-3e56d65b-2d2b-49f2-afa0-653dcafc616d 2b335ec1ee684c8da9bd9f1f5b854b62 c4cd3ed1ab8643e4b5bfdc184da3d14e - - default default] http://[LB_IP_ADDRESS]:8776/v3/c4cd3ed1ab8643e4b5bfdc184da3d14e/group_snapshots/d6e69ac2-cf7f-41f1-8f28-9d37588d7627/action returned with HTTP 202
2024-06-27 13:03:51.055 22 INFO cinder.api.openstack.wsgi [None req-7e102fd0-1c9e-4aec-b510-c424f761b778 52b392949ee14d0bac81879ab95ad536 535cac64f52648399e3446be7145b09a - - default default] GET http://[LB_IP_ADDRESS]:8776/v3/535cac64f52648399e3446be7145b09a/group_snapshots/d6e69ac2-cf7f-41f1-8f28-9d37588d7627
2024-06-27 13:03:51.069 22 INFO cinder.api.openstack.wsgi [None req-7e102fd0-1c9e-4aec-b510-c424f761b778 52b392949ee14d0bac81879ab95ad536 535cac64f52648399e3446be7145b09a - - default default] http://[LB_IP_ADDRESS]:8776/v3/535cac64f52648399e3446be7145b09a/group_snapshots/d6e69ac2-cf7f-41f1-8f28-9d37588d7627 returned with HTTP 200
2024-06-27 13:03:51.083 20 INFO cinder.api.openstack.wsgi [None req-bb887dff-aafa-46c7-a41c-7878b6ba6b39 52b392949ee14d0bac81879ab95ad536 535cac64f52648399e3446be7145b09a - - default default] DELETE http://[LB_IP_ADDRESS]:8776/v3/535cac64f52648399e3446be7145b09a/group_snapshots/d6e69ac2-cf7f-41f1-8f28-9d37588d7627
2024-06-27 13:03:51.084 20 INFO cinder.api.v3.group_snapshots [None req-bb887dff-aafa-46c7-a41c-7878b6ba6b39 52b392949ee14d0bac81879ab95ad536 535cac64f52648399e3446be7145b09a - - default default] Delete group_snapshot with id: d6e69ac2-cf7f-41f1-8f28-9d37588d7627
2024-06-27 13:03:51.129 20 INFO cinder.api.openstack.wsgi [None req-bb887dff-aafa-46c7-a41c-7878b6ba6b39 52b392949ee14d0bac81879ab95ad536 535cac64f52648399e3446be7145b09a - - default default] http://[LB_IP_ADDRESS]:8776/v3/535cac64f52648399e3446be7145b09a/group_snapshots/d6e69ac2-cf7f-41f1-8f28-9d37588d7627 returned with HTTP 202
2024-06-27 13:03:51.141 21 INFO cinder.api.openstack.wsgi [None req-c0dd8cc7-f059-4d21-9c62-3cac9a92928b 52b392949ee14d0bac81879ab95ad536 535cac64f52648399e3446be7145b09a - - default default] GET http://[LB_IP_ADDRESS]:8776/v3/535cac64f52648399e3446be7145b09a/volumes/detail
2024-06-27 13:03:51.162 21 INFO cinder.volume.api [None req-c0dd8cc7-f059-4d21-9c62-3cac9a92928b 52b392949ee14d0bac81879ab95ad536 535cac64f52648399e3446be7145b09a - - default default] Get all volumes completed successfully.
2024-06-27 13:03:51.193 21 INFO cinder.api.openstack.wsgi [None req-c0dd8cc7-f059-4d21-9c62-3cac9a92928b 52b392949ee14d0bac81879ab95ad536 535cac64f52648399e3446be7145b09a - - default default] http://[LB_IP_ADDRESS]:8776/v3/535cac64f52648399e3446be7145b09a/volumes/detail returned with HTTP 200
2024-06-27 13:03:51.221 18 INFO cinder.api.openstack.wsgi [None req-8b4b482c-8441-4f63-90ca-2c5619029cea 52b392949ee14d0bac81879ab95ad536 535cac64f52648399e3446be7145b09a - - default default] GET http://[LB_IP_ADDRESS]:8776/v3/535cac64f52648399e3446be7145b09a/snapshots/detail
2024-06-27 13:03:51.230 18 INFO cinder.volume.api [None req-8b4b482c-8441-4f63-90ca-2c5619029cea 52b392949ee14d0bac81879ab95ad536 535cac64f52648399e3446be7145b09a - - default default] Get all snapshots completed successfully.
2024-06-27 13:03:51.232 18 INFO cinder.api.openstack.wsgi [None req-8b4b482c-8441-4f63-90ca-2c5619029cea 52b392949ee14d0bac81879ab95ad536 535cac64f52648399e3446be7145b09a - - default default] http://[LB_IP_ADDRESS]:8776/v3/535cac64f52648399e3446be7145b09a/snapshots/detail returned with HTTP 200
2024-06-27 13:03:51.250 19 INFO cinder.api.openstack.wsgi [None req-aec58e17-ba36-46f2-9206-887bcd1501cc 52b392949ee14d0bac81879ab95ad536 535cac64f52648399e3446be7145b09a - - default default] GET http://[LB_IP_ADDRESS]:8776/v3/535cac64f52648399e3446be7145b09a/snapshots/612e36a6-21e9-4c84-9186-f2aee9b7042b
2024-06-27 13:03:51.264 19 INFO cinder.volume.api [None req-aec58e17-ba36-46f2-9206-887bcd1501cc 52b392949ee14d0bac81879ab95ad536 535cac64f52648399e3446be7145b09a - - default default] Snapshot retrieved successfully.
2024-06-27 13:03:51.266 19 INFO cinder.api.openstack.wsgi [None req-aec58e17-ba36-46f2-9206-887bcd1501cc 52b392949ee14d0bac81879ab95ad536 535cac64f52648399e3446be7145b09a - - default default] http://[LB_IP_ADDRESS]:8776/v3/535cac64f52648399e3446be7145b09a/snapshots/612e36a6-21e9-4c84-9186-f2aee9b7042b returned with HTTP 200
2024-06-27 13:03:52.283 20 INFO cinder.api.openstack.wsgi [None req-abb3af33-d816-412e-b131-543d76e11f27 52b392949ee14d0bac81879ab95ad536 535cac64f52648399e3446be7145b09a - - default default] GET http://[LB_IP_ADDRESS]:8776/v3/535cac64f52648399e3446be7145b09a/snapshots/612e36a6-21e9-4c84-9186-f2aee9b7042b
2024-06-27 13:03:52.295 20 INFO cinder.api.openstack.wsgi [None req-abb3af33-d816-412e-b131-543d76e11f27 52b392949ee14d0bac81879ab95ad536 535cac64f52648399e3446be7145b09a - - default default] http://[LB_IP_ADDRESS]:8776/v3/535cac64f52648399e3446be7145b09a/snapshots/612e36a6-21e9-4c84-9186-f2aee9b7042b returned with HTTP 404
2024-06-27 13:03:52.308 21 INFO cinder.api.openstack.wsgi [None req-fbdc521b-1d03-47c5-969d-096b02b00be8 52b392949ee14d0bac81879ab95ad536 535cac64f52648399e3446be7145b09a - - default default] GET http://[LB_IP_ADDRESS]:8776/v3/535cac64f52648399e3446be7145b09a/group_snapshots/d6e69ac2-cf7f-41f1-8f28-9d37588d7627
2024-06-27 13:03:52.315 21 INFO cinder.api.openstack.wsgi [None req-fbdc521b-1d03-47c5-969d-096b02b00be8 52b392949ee14d0bac81879ab95ad536 535cac64f52648399e3446be7145b09a - - default default] http://[LB_IP_ADDRESS]:8776/v3/535cac64f52648399e3446be7145b09a/group_snapshots/d6e69ac2-cf7f-41f1-8f28-9d37588d7627 returned with HTTP 404
2024-06-27 13:03:52.327 18 INFO cinder.api.openstack.wsgi [None req-4e6355f7-7c1e-4e20-a6d1-3d603397eab9 52b392949ee14d0bac81879ab95ad536 535cac64f52648399e3446be7145b09a - - default default] GET http://[LB_IP_ADDRESS]:8776/v3/535cac64f52648399e3446be7145b09a/volumes/detail
2024-06-27 13:03:52.350 18 INFO cinder.volume.api [None req-4e6355f7-7c1e-4e20-a6d1-3d603397eab9 52b392949ee14d0bac81879ab95ad536 535cac64f52648399e3446be7145b09a - - default default] Get all volumes completed successfully.
2024-06-27 13:03:52.369 22 INFO cinder.api.openstack.wsgi [None req-dc9ef36a-ed55-4f50-af19-9f7731eb2258 1e2b305b497c42fdad54baf2704d714e aec8a95efacf4a4eabc631d291f94be5 - - default default] POST http://[LB_IP_ADDRESS]:8776/v3/aec8a95efacf4a4eabc631d291f94be5/types/c8f4ee62-cbcd-4833-bee7-1d16de4a71f7/encryption
2024-06-27 13:03:52.385 18 INFO cinder.api.openstack.wsgi [None req-4e6355f7-7c1e-4e20-a6d1-3d603397eab9 52b392949ee14d0bac81879ab95ad536 535cac64f52648399e3446be7145b09a - - default default] http://[LB_IP_ADDRESS]:8776/v3/535cac64f52648399e3446be7145b09a/volumes/detail returned with HTTP 200
2024-06-27 13:03:52.394 22 INFO cinder.api.openstack.wsgi [None req-dc9ef36a-ed55-4f50-af19-9f7731eb2258 1e2b305b497c42fdad54baf2704d714e aec8a95efacf4a4eabc631d291f94be5 - - default default] http://[LB_IP_ADDRESS]:8776/v3/aec8a95efacf4a4eabc631d291f94be5/types/c8f4ee62-cbcd-4833-bee7-1d16de4a71f7/encryption returned with HTTP 404
2024-06-27 13:03:52.408 19 INFO cinder.api.openstack.wsgi [None req-4b3e9ace-f12e-41b4-8afd-49aa0ab3e3f7 1e2b305b497c42fdad54baf2704d714e aec8a95efacf4a4eabc631d291f94be5 - - default default] POST http://[LB_IP_ADDRESS]:8776/v3/aec8a95efacf4a4eabc631d291f94be5/types
2024-06-27 13:03:52.413 19 INFO cinder.api.openstack.wsgi [None req-4b3e9ace-f12e-41b4-8afd-49aa0ab3e3f7 1e2b305b497c42fdad54baf2704d714e aec8a95efacf4a4eabc631d291f94be5 - - default default] http://[LB_IP_ADDRESS]:8776/v3/aec8a95efacf4a4eabc631d291f94be5/types returned with HTTP 400
2024-06-27 13:03:52.415 20 INFO cinder.api.openstack.wsgi [None req-aaefd2b8-0db7-45a3-b9e3-4310eb0468b5 52b392949ee14d0bac81879ab95ad536 535cac64f52648399e3446be7145b09a - - default default] POST http://[LB_IP_ADDRESS]:8776/v3/535cac64f52648399e3446be7145b09a/groups/a0beca64-e6c3-460d-940b-b2ce9966a0ee/action
2024-06-27 13:03:52.420 20 INFO cinder.api.v3.groups [None req-aaefd2b8-0db7-45a3-b9e3-4310eb0468b5 52b392949ee14d0bac81879ab95ad536 535cac64f52648399e3446be7145b09a - - default default] Delete group with id: a0beca64-e6c3-460d-940b-b2ce9966a0ee
2024-06-27 13:03:52.426 21 INFO cinder.api.openstack.wsgi [None req-f1259363-88b5-4c75-9424-50412d4d320f 1e2b305b497c42fdad54baf2704d714e aec8a95efacf4a4eabc631d291f94be5 - - default default] POST http://[LB_IP_ADDRESS]:8776/v3/aec8a95efacf4a4eabc631d291f94be5/types
2024-06-27 13:03:52.459 21 INFO cinder.api.openstack.wsgi [None req-f1259363-88b5-4c75-9424-50412d4d320f 1e2b305b497c42fdad54baf2704d714e aec8a95efacf4a4eabc631d291f94be5 - - default default] http://[LB_IP_ADDRESS]:8776/v3/aec8a95efacf4a4eabc631d291f94be5/types returned with HTTP 200
2024-06-27 13:03:52.475 18 INFO cinder.api.openstack.wsgi [None req-08fab640-266a-414e-affb-1d7e48915ae3 1e2b305b497c42fdad54baf2704d714e aec8a95efacf4a4eabc631d291f94be5 - - default default] POST http://[LB_IP_ADDRESS]:8776/v3/aec8a95efacf4a4eabc631d291f94be5/types
2024-06-27 13:03:52.492 18 INFO cinder.api.openstack.wsgi [None req-08fab640-266a-414e-affb-1d7e48915ae3 1e2b305b497c42fdad54baf2704d714e aec8a95efacf4a4eabc631d291f94be5 - - default default] HTTP exception thrown: Volume Type tempest-VolumeTypesNegativeTest-volume-type-107244534 already exists.
2024-06-27 13:03:52.493 18 INFO cinder.api.openstack.wsgi [None req-08fab640-266a-414e-affb-1d7e48915ae3 1e2b305b497c42fdad54baf2704d714e aec8a95efacf4a4eabc631d291f94be5 - - default default] http://[LB_IP_ADDRESS]:8776/v3/aec8a95efacf4a4eabc631d291f94be5/types returned with HTTP 409
2024-06-27 13:03:52.498 20 INFO cinder.api.openstack.wsgi [None req-aaefd2b8-0db7-45a3-b9e3-4310eb0468b5 52b392949ee14d0bac81879ab95ad536 535cac64f52648399e3446be7145b09a - - default default] http://[LB_IP_ADDRESS]:8776/v3/535cac64f52648399e3446be7145b09a/groups/a0beca64-e6c3-460d-940b-b2ce9966a0ee/action returned with HTTP 202
2024-06-27 13:03:52.505 22 INFO cinder.api.openstack.wsgi [None req-a686f25b-a41a-44c2-92d3-dd5cbbac33b5 1e2b305b497c42fdad54baf2704d714e aec8a95efacf4a4eabc631d291f94be5 - - default default] DELETE http://[LB_IP_ADDRESS]:8776/v3/aec8a95efacf4a4eabc631d291f94be5/types/a96e67ed-d5e9-4ad1-9400-21211e20d918
2024-06-27 13:03:52.510 19 INFO cinder.api.openstack.wsgi [None req-15c0b174-233d-4565-9d27-4efedea8e743 52b392949ee14d0bac81879ab95ad536 535cac64f52648399e3446be7145b09a - - default default] GET http://[LB_IP_ADDRESS]:8776/v3/535cac64f52648399e3446be7145b09a/volumes/8ef32ece-ad70-4f4b-aa35-5ba125a68ca7
2024-06-27 13:03:52.540 19 INFO cinder.volume.api [None req-15c0b174-233d-4565-9d27-4efedea8e743 52b392949ee14d0bac81879ab95ad536 535cac64f52648399e3446be7145b09a - - default default] Volume info retrieved successfully.
2024-06-27 13:03:52.558 22 INFO cinder.api.openstack.wsgi [None req-a686f25b-a41a-44c2-92d3-dd5cbbac33b5 1e2b305b497c42fdad54baf2704d714e aec8a95efacf4a4eabc631d291f94be5 - - default default] http://[LB_IP_ADDRESS]:8776/v3/aec8a95efacf4a4eabc631d291f94be5/types/a96e67ed-d5e9-4ad1-9400-21211e20d918 returned with HTTP 202
2024-06-27 13:03:52.569 21 INFO cinder.api.openstack.wsgi [None req-c7495037-ee96-42d3-9be9-2471b6ed60f4 1e2b305b497c42fdad54baf2704d714e aec8a95efacf4a4eabc631d291f94be5 - - default default] GET http://[LB_IP_ADDRESS]:8776/v3/aec8a95efacf4a4eabc631d291f94be5/types/a96e67ed-d5e9-4ad1-9400-21211e20d918
2024-06-27 13:03:52.570 19 INFO cinder.api.openstack.wsgi [None req-15c0b174-233d-4565-9d27-4efedea8e743 52b392949ee14d0bac81879ab95ad536 535cac64f52648399e3446be7145b09a - - default default] http://[LB_IP_ADDRESS]:8776/v3/535cac64f52648399e3446be7145b09a/volumes/8ef32ece-ad70-4f4b-aa35-5ba125a68ca7 returned with HTTP 200
2024-06-27 13:03:52.576 21 INFO cinder.api.openstack.wsgi [None req-c7495037-ee96-42d3-9be9-2471b6ed60f4 1e2b305b497c42fdad54baf2704d714e aec8a95efacf4a4eabc631d291f94be5 - - default default] http://[LB_IP_ADDRESS]:8776/v3/aec8a95efacf4a4eabc631d291f94be5/types/a96e67ed-d5e9-4ad1-9400-21211e20d918 returned with HTTP 404
2024-06-27 13:03:52.589 18 INFO cinder.api.openstack.wsgi [None req-89d81625-7889-4c4f-9dfa-d4d136ccb164 1e2b305b497c42fdad54baf2704d714e aec8a95efacf4a4eabc631d291f94be5 - - default default] DELETE http://[LB_IP_ADDRESS]:8776/v3/aec8a95efacf4a4eabc631d291f94be5/types/051b7377-1261-4f79-baa9-a4071c14b451
2024-06-27 13:03:52.600 18 INFO cinder.api.openstack.wsgi [None req-89d81625-7889-4c4f-9dfa-d4d136ccb164 1e2b305b497c42fdad54baf2704d714e aec8a95efacf4a4eabc631d291f94be5 - - default default] http://[LB_IP_ADDRESS]:8776/v3/aec8a95efacf4a4eabc631d291f94be5/types/051b7377-1261-4f79-baa9-a4071c14b451 returned with HTTP 404
2024-06-27 13:03:52.613 20 INFO cinder.api.openstack.wsgi [None req-b7511383-a3a4-4f2f-81da-a08c632d6c9a 1e2b305b497c42fdad54baf2704d714e aec8a95efacf4a4eabc631d291f94be5 - - default default] GET http://[LB_IP_ADDRESS]:8776/v3/aec8a95efacf4a4eabc631d291f94be5/types/c0142214-295f-45f6-b7e1-4a514add2be6
2024-06-27 13:03:52.620 20 INFO cinder.api.openstack.wsgi [None req-b7511383-a3a4-4f2f-81da-a08c632d6c9a 1e2b305b497c42fdad54baf2704d714e aec8a95efacf4a4eabc631d291f94be5 - - default default] http://[LB_IP_ADDRESS]:8776/v3/aec8a95efacf4a4eabc631d291f94be5/types/c0142214-295f-45f6-b7e1-4a514add2be6 returned with HTTP 404
2024-06-27 13:03:53.600 22 INFO cinder.api.openstack.wsgi [None req-2f7ae4ad-cfa8-45cf-9e75-ec38a90df9bf 52b392949ee14d0bac81879ab95ad536 535cac64f52648399e3446be7145b09a - - default default] GET http://[LB_IP_ADDRESS]:8776/v3/535cac64f52648399e3446be7145b09a/volumes/8ef32ece-ad70-4f4b-aa35-5ba125a68ca7
2024-06-27 13:03:53.616 22 INFO cinder.api.openstack.wsgi [None req-2f7ae4ad-cfa8-45cf-9e75-ec38a90df9bf 52b392949ee14d0bac81879ab95ad536 535cac64f52648399e3446be7145b09a - - default default] http://[LB_IP_ADDRESS]:8776/v3/535cac64f52648399e3446be7145b09a/volumes/8ef32ece-ad70-4f4b-aa35-5ba125a68ca7 returned with HTTP 404
2024-06-27 13:03:53.629 19 INFO cinder.api.openstack.wsgi [None req-5d97d08e-7262-4a9e-b6d3-1ce0d38a3467 52b392949ee14d0bac81879ab95ad536 535cac64f52648399e3446be7145b09a - - default default] GET http://[LB_IP_ADDRESS]:8776/v3/535cac64f52648399e3446be7145b09a/groups/a0beca64-e6c3-460d-940b-b2ce9966a0ee
2024-06-27 13:03:53.636 19 INFO cinder.api.openstack.wsgi [None req-5d97d08e-7262-4a9e-b6d3-1ce0d38a3467 52b392949ee14d0bac81879ab95ad536 535cac64f52648399e3446be7145b09a - - default default] http://[LB_IP_ADDRESS]:8776/v3/535cac64f52648399e3446be7145b09a/groups/a0beca64-e6c3-460d-940b-b2ce9966a0ee returned with HTTP 404
2024-06-27 13:03:53.649 21 INFO cinder.api.openstack.wsgi [None req-212c10d5-c72a-4445-89a0-b5abedf5151c 2b335ec1ee684c8da9bd9f1f5b854b62 c4cd3ed1ab8643e4b5bfdc184da3d14e - - default default] DELETE http://[LB_IP_ADDRESS]:8776/v3/c4cd3ed1ab8643e4b5bfdc184da3d14e/group_types/803c75bf-cc0b-4fd9-b986-79ea01dc602a
2024-06-27 13:03:53.674 21 INFO cinder.api.openstack.wsgi [None req-212c10d5-c72a-4445-89a0-b5abedf5151c 2b335ec1ee684c8da9bd9f1f5b854b62 c4cd3ed1ab8643e4b5bfdc184da3d14e - - default default] http://[LB_IP_ADDRESS]:8776/v3/c4cd3ed1ab8643e4b5bfdc184da3d14e/group_types/803c75bf-cc0b-4fd9-b986-79ea01dc602a returned with HTTP 202
2024-06-27 13:03:53.686 18 INFO cinder.api.openstack.wsgi [None req-7870c776-4db4-4011-abea-4ab09ca106da 2b335ec1ee684c8da9bd9f1f5b854b62 c4cd3ed1ab8643e4b5bfdc184da3d14e - - default default] DELETE http://[LB_IP_ADDRESS]:8776/v3/c4cd3ed1ab8643e4b5bfdc184da3d14e/types/02ac5c0a-a4db-47bb-b6f5-3e21f026d413
2024-06-27 13:03:53.739 18 INFO cinder.api.openstack.wsgi [None req-7870c776-4db4-4011-abea-4ab09ca106da 2b335ec1ee684c8da9bd9f1f5b854b62 c4cd3ed1ab8643e4b5bfdc184da3d14e - - default default] http://[LB_IP_ADDRESS]:8776/v3/c4cd3ed1ab8643e4b5bfdc184da3d14e/types/02ac5c0a-a4db-47bb-b6f5-3e21f026d413 returned with HTTP 202
2024-06-27 13:03:53.751 20 INFO cinder.api.openstack.wsgi [None req-5ee1f95c-e44b-4226-b911-19bc1e40d473 2b335ec1ee684c8da9bd9f1f5b854b62 c4cd3ed1ab8643e4b5bfdc184da3d14e - - default default] GET http://[LB_IP_ADDRESS]:8776/v3/c4cd3ed1ab8643e4b5bfdc184da3d14e/types/02ac5c0a-a4db-47bb-b6f5-3e21f026d413
2024-06-27 13:03:53.759 20 INFO cinder.api.openstack.wsgi [None req-5ee1f95c-e44b-4226-b911-19bc1e40d473 2b335ec1ee684c8da9bd9f1f5b854b62 c4cd3ed1ab8643e4b5bfdc184da3d14e - - default default] http://[LB_IP_ADDRESS]:8776/v3/c4cd3ed1ab8643e4b5bfdc184da3d14e/types/02ac5c0a-a4db-47bb-b6f5-3e21f026d413 returned with HTTP 404
2024-06-27 13:03:56.845 22 INFO cinder.api.openstack.wsgi [None req-6de7a1b4-287c-42da-803b-9ad0f343335a c4d1bb012b2c4b6abfc9250bd6d00e96 e27806c85dd64d6d8654673df09c5b6e - - default default] POST http://[LB_IP_ADDRESS]:8776/v3/e27806c85dd64d6d8654673df09c5b6e/group_types
2024-06-27 13:03:56.869 22 INFO cinder.api.openstack.wsgi [None req-6de7a1b4-287c-42da-803b-9ad0f343335a c4d1bb012b2c4b6abfc9250bd6d00e96 e27806c85dd64d6d8654673df09c5b6e - - default default] http://[LB_IP_ADDRESS]:8776/v3/e27806c85dd64d6d8654673df09c5b6e/group_types returned with HTTP 202
2024-06-27 13:03:56.884 19 INFO cinder.api.openstack.wsgi [None req-6330c5a5-148a-4210-adb5-4685b78d2123 c4d1bb012b2c4b6abfc9250bd6d00e96 e27806c85dd64d6d8654673df09c5b6e - - default default] POST http://[LB_IP_ADDRESS]:8776/v3/e27806c85dd64d6d8654673df09c5b6e/group_types/fda86dc7-7859-4f28-968c-f737e0eea75c/group_specs
2024-06-27 13:03:56.909 19 INFO cinder.api.openstack.wsgi [None req-6330c5a5-148a-4210-adb5-4685b78d2123 c4d1bb012b2c4b6abfc9250bd6d00e96 e27806c85dd64d6d8654673df09c5b6e - - default default] http://[LB_IP_ADDRESS]:8776/v3/e27806c85dd64d6d8654673df09c5b6e/group_types/fda86dc7-7859-4f28-968c-f737e0eea75c/group_specs returned with HTTP 202
2024-06-27 13:03:56.925 21 INFO cinder.api.openstack.wsgi [None req-95b74ecb-8762-4231-a877-16fa04fe5a62 c4d1bb012b2c4b6abfc9250bd6d00e96 e27806c85dd64d6d8654673df09c5b6e - - default default] POST http://[LB_IP_ADDRESS]:8776/v3/e27806c85dd64d6d8654673df09c5b6e/group_types/fda86dc7-7859-4f28-968c-f737e0eea75c/group_specs
2024-06-27 13:03:56.944 21 INFO cinder.api.openstack.wsgi [None req-95b74ecb-8762-4231-a877-16fa04fe5a62 c4d1bb012b2c4b6abfc9250bd6d00e96 e27806c85dd64d6d8654673df09c5b6e - - default default] http://[LB_IP_ADDRESS]:8776/v3/e27806c85dd64d6d8654673df09c5b6e/group_types/fda86dc7-7859-4f28-968c-f737e0eea75c/group_specs returned with HTTP 202
2024-06-27 13:03:56.961 18 INFO cinder.api.openstack.wsgi [None req-8cf40049-8b73-4d16-a788-38610ff8aff1 c4d1bb012b2c4b6abfc9250bd6d00e96 e27806c85dd64d6d8654673df09c5b6e - - default default] GET http://[LB_IP_ADDRESS]:8776/v3/e27806c85dd64d6d8654673df09c5b6e/group_types/fda86dc7-7859-4f28-968c-f737e0eea75c/group_specs/key2
2024-06-27 13:03:56.975 18 INFO cinder.api.openstack.wsgi [None req-8cf40049-8b73-4d16-a788-38610ff8aff1 c4d1bb012b2c4b6abfc9250bd6d00e96 e27806c85dd64d6d8654673df09c5b6e - - default default] http://[LB_IP_ADDRESS]:8776/v3/e27806c85dd64d6d8654673df09c5b6e/group_types/fda86dc7-7859-4f28-968c-f737e0eea75c/group_specs/key2 returned with HTTP 200
2024-06-27 13:03:56.985 20 INFO cinder.api.openstack.wsgi [None req-392d3931-d681-4f5e-bffe-0f8df7cf5851 c4d1bb012b2c4b6abfc9250bd6d00e96 e27806c85dd64d6d8654673df09c5b6e - - default default] GET http://[LB_IP_ADDRESS]:8776/v3/e27806c85dd64d6d8654673df09c5b6e/group_types/fda86dc7-7859-4f28-968c-f737e0eea75c/group_specs/key3
2024-06-27 13:03:56.998 20 INFO cinder.api.openstack.wsgi [None req-392d3931-d681-4f5e-bffe-0f8df7cf5851 c4d1bb012b2c4b6abfc9250bd6d00e96 e27806c85dd64d6d8654673df09c5b6e - - default default] http://[LB_IP_ADDRESS]:8776/v3/e27806c85dd64d6d8654673df09c5b6e/group_types/fda86dc7-7859-4f28-968c-f737e0eea75c/group_specs/key3 returned with HTTP 200
2024-06-27 13:03:57.010 22 INFO cinder.api.openstack.wsgi [None req-5830df68-84a4-48ee-9f82-65f2a2fe6cd5 c4d1bb012b2c4b6abfc9250bd6d00e96 e27806c85dd64d6d8654673df09c5b6e - - default default] PUT http://[LB_IP_ADDRESS]:8776/v3/e27806c85dd64d6d8654673df09c5b6e/group_types/fda86dc7-7859-4f28-968c-f737e0eea75c/group_specs/key3
2024-06-27 13:03:57.028 22 INFO cinder.api.openstack.wsgi [None req-5830df68-84a4-48ee-9f82-65f2a2fe6cd5 c4d1bb012b2c4b6abfc9250bd6d00e96 e27806c85dd64d6d8654673df09c5b6e - - default default] http://[LB_IP_ADDRESS]:8776/v3/e27806c85dd64d6d8654673df09c5b6e/group_types/fda86dc7-7859-4f28-968c-f737e0eea75c/group_specs/key3 returned with HTTP 200
2024-06-27 13:03:57.041 19 INFO cinder.api.openstack.wsgi [None req-42b4a563-efe5-4bb0-98dd-b3fc555d6f70 c4d1bb012b2c4b6abfc9250bd6d00e96 e27806c85dd64d6d8654673df09c5b6e - - default default] GET http://[LB_IP_ADDRESS]:8776/v3/e27806c85dd64d6d8654673df09c5b6e/group_types/fda86dc7-7859-4f28-968c-f737e0eea75c/group_specs
2024-06-27 13:03:57.055 19 INFO cinder.api.openstack.wsgi [None req-42b4a563-efe5-4bb0-98dd-b3fc555d6f70 c4d1bb012b2c4b6abfc9250bd6d00e96 e27806c85dd64d6d8654673df09c5b6e - - default default] http://[LB_IP_ADDRESS]:8776/v3/e27806c85dd64d6d8654673df09c5b6e/group_types/fda86dc7-7859-4f28-968c-f737e0eea75c/group_specs returned with HTTP 200
2024-06-27 13:03:57.066 21 INFO cinder.api.openstack.wsgi [None req-71d88ee5-4242-4ce1-8da7-8eefecd0eee3 c4d1bb012b2c4b6abfc9250bd6d00e96 e27806c85dd64d6d8654673df09c5b6e - - default default] DELETE http://[LB_IP_ADDRESS]:8776/v3/e27806c85dd64d6d8654673df09c5b6e/group_types/fda86dc7-7859-4f28-968c-f737e0eea75c/group_specs/key1
2024-06-27 13:03:57.083 21 INFO cinder.api.openstack.wsgi [None req-71d88ee5-4242-4ce1-8da7-8eefecd0eee3 c4d1bb012b2c4b6abfc9250bd6d00e96 e27806c85dd64d6d8654673df09c5b6e - - default default] http://[LB_IP_ADDRESS]:8776/v3/e27806c85dd64d6d8654673df09c5b6e/group_types/fda86dc7-7859-4f28-968c-f737e0eea75c/group_specs/key1 returned with HTTP 202
2024-06-27 13:03:57.095 18 INFO cinder.api.openstack.wsgi [None req-36bb84c8-0d4b-499f-a066-2b574906aab9 c4d1bb012b2c4b6abfc9250bd6d00e96 e27806c85dd64d6d8654673df09c5b6e - - default default] GET http://[LB_IP_ADDRESS]:8776/v3/e27806c85dd64d6d8654673df09c5b6e/group_types/fda86dc7-7859-4f28-968c-f737e0eea75c/group_specs/key1
2024-06-27 13:03:57.109 18 INFO cinder.api.openstack.wsgi [None req-36bb84c8-0d4b-499f-a066-2b574906aab9 c4d1bb012b2c4b6abfc9250bd6d00e96 e27806c85dd64d6d8654673df09c5b6e - - default default] HTTP exception thrown: Group Type fda86dc7-7859-4f28-968c-f737e0eea75c has no extra spec with key key1.
2024-06-27 13:03:57.109 18 INFO cinder.api.openstack.wsgi [None req-36bb84c8-0d4b-499f-a066-2b574906aab9 c4d1bb012b2c4b6abfc9250bd6d00e96 e27806c85dd64d6d8654673df09c5b6e - - default default] http://[LB_IP_ADDRESS]:8776/v3/e27806c85dd64d6d8654673df09c5b6e/group_types/fda86dc7-7859-4f28-968c-f737e0eea75c/group_specs/key1 returned with HTTP 404
2024-06-27 13:03:57.120 20 INFO cinder.api.openstack.wsgi [None req-2f8c7171-061f-4fa3-b83d-afce5d83a798 c4d1bb012b2c4b6abfc9250bd6d00e96 e27806c85dd64d6d8654673df09c5b6e - - default default] DELETE http://[LB_IP_ADDRESS]:8776/v3/e27806c85dd64d6d8654673df09c5b6e/group_types/fda86dc7-7859-4f28-968c-f737e0eea75c/group_specs/key2
2024-06-27 13:03:57.135 20 INFO cinder.api.openstack.wsgi [None req-2f8c7171-061f-4fa3-b83d-afce5d83a798 c4d1bb012b2c4b6abfc9250bd6d00e96 e27806c85dd64d6d8654673df09c5b6e - - default default] http://[LB_IP_ADDRESS]:8776/v3/e27806c85dd64d6d8654673df09c5b6e/group_types/fda86dc7-7859-4f28-968c-f737e0eea75c/group_specs/key2 returned with HTTP 202
2024-06-27 13:03:57.147 22 INFO cinder.api.openstack.wsgi [None req-be9c9437-f1e5-4a47-8cd4-72376c23be03 c4d1bb012b2c4b6abfc9250bd6d00e96 e27806c85dd64d6d8654673df09c5b6e - - default default] GET http://[LB_IP_ADDRESS]:8776/v3/e27806c85dd64d6d8654673df09c5b6e/group_types/fda86dc7-7859-4f28-968c-f737e0eea75c/group_specs/key2
2024-06-27 13:03:57.161 22 INFO cinder.api.openstack.wsgi [None req-be9c9437-f1e5-4a47-8cd4-72376c23be03 c4d1bb012b2c4b6abfc9250bd6d00e96 e27806c85dd64d6d8654673df09c5b6e - - default default] HTTP exception thrown: Group Type fda86dc7-7859-4f28-968c-f737e0eea75c has no extra spec with key key2.
2024-06-27 13:03:57.161 22 INFO cinder.api.openstack.wsgi [None req-be9c9437-f1e5-4a47-8cd4-72376c23be03 c4d1bb012b2c4b6abfc9250bd6d00e96 e27806c85dd64d6d8654673df09c5b6e - - default default] http://[LB_IP_ADDRESS]:8776/v3/e27806c85dd64d6d8654673df09c5b6e/group_types/fda86dc7-7859-4f28-968c-f737e0eea75c/group_specs/key2 returned with HTTP 404
2024-06-27 13:03:57.172 19 INFO cinder.api.openstack.wsgi [None req-544c23f9-9f79-46f4-b2fc-d06b8568c50e c4d1bb012b2c4b6abfc9250bd6d00e96 e27806c85dd64d6d8654673df09c5b6e - - default default] DELETE http://[LB_IP_ADDRESS]:8776/v3/e27806c85dd64d6d8654673df09c5b6e/group_types/fda86dc7-7859-4f28-968c-f737e0eea75c/group_specs/key3
2024-06-27 13:03:57.189 19 INFO cinder.api.openstack.wsgi [None req-544c23f9-9f79-46f4-b2fc-d06b8568c50e c4d1bb012b2c4b6abfc9250bd6d00e96 e27806c85dd64d6d8654673df09c5b6e - - default default] http://[LB_IP_ADDRESS]:8776/v3/e27806c85dd64d6d8654673df09c5b6e/group_types/fda86dc7-7859-4f28-968c-f737e0eea75c/group_specs/key3 returned with HTTP 202
2024-06-27 13:03:57.200 21 INFO cinder.api.openstack.wsgi [None req-e344774c-75cf-41b4-a469-2ed479ac51ef c4d1bb012b2c4b6abfc9250bd6d00e96 e27806c85dd64d6d8654673df09c5b6e - - default default] GET http://[LB_IP_ADDRESS]:8776/v3/e27806c85dd64d6d8654673df09c5b6e/group_types/fda86dc7-7859-4f28-968c-f737e0eea75c/group_specs/key3
2024-06-27 13:03:57.211 21 INFO cinder.api.openstack.wsgi [None req-e344774c-75cf-41b4-a469-2ed479ac51ef c4d1bb012b2c4b6abfc9250bd6d00e96 e27806c85dd64d6d8654673df09c5b6e - - default default] HTTP exception thrown: Group Type fda86dc7-7859-4f28-968c-f737e0eea75c has no extra spec with key key3.
2024-06-27 13:03:57.211 21 INFO cinder.api.openstack.wsgi [None req-e344774c-75cf-41b4-a469-2ed479ac51ef c4d1bb012b2c4b6abfc9250bd6d00e96 e27806c85dd64d6d8654673df09c5b6e - - default default] http://[LB_IP_ADDRESS]:8776/v3/e27806c85dd64d6d8654673df09c5b6e/group_types/fda86dc7-7859-4f28-968c-f737e0eea75c/group_specs/key3 returned with HTTP 404
2024-06-27 13:03:57.222 18 INFO cinder.api.openstack.wsgi [None req-fcda1350-d4cd-4a35-b42b-f83bded71d26 c4d1bb012b2c4b6abfc9250bd6d00e96 e27806c85dd64d6d8654673df09c5b6e - - default default] DELETE http://[LB_IP_ADDRESS]:8776/v3/e27806c85dd64d6d8654673df09c5b6e/group_types/fda86dc7-7859-4f28-968c-f737e0eea75c
2024-06-27 13:03:57.242 18 INFO cinder.api.openstack.wsgi [None req-fcda1350-d4cd-4a35-b42b-f83bded71d26 c4d1bb012b2c4b6abfc9250bd6d00e96 e27806c85dd64d6d8654673df09c5b6e - - default default] http://[LB_IP_ADDRESS]:8776/v3/e27806c85dd64d6d8654673df09c5b6e/group_types/fda86dc7-7859-4f28-968c-f737e0eea75c returned with HTTP 202
2024-06-27 13:03:58.410 20 INFO cinder.api.openstack.wsgi [None req-d45eb6a2-e8cf-4f34-8f77-eca96b82aa72 8230c4e1e5c8470eac0bd391db7a0683 7fef7156d51d4ab38ba432f1d94c725e - - default default] GET http://[LB_IP_ADDRESS]:8776/v3/7fef7156d51d4ab38ba432f1d94c725e/volumes
2024-06-27 13:03:58.428 20 INFO cinder.volume.api [None req-d45eb6a2-e8cf-4f34-8f77-eca96b82aa72 8230c4e1e5c8470eac0bd391db7a0683 7fef7156d51d4ab38ba432f1d94c725e - - default default] Get all volumes completed successfully.
2024-06-27 13:03:58.429 20 INFO cinder.api.openstack.wsgi [None req-d45eb6a2-e8cf-4f34-8f77-eca96b82aa72 8230c4e1e5c8470eac0bd391db7a0683 7fef7156d51d4ab38ba432f1d94c725e - - default default] http://[LB_IP_ADDRESS]:8776/v3/7fef7156d51d4ab38ba432f1d94c725e/volumes returned with HTTP 200
2024-06-27 13:03:58.444 22 INFO cinder.api.openstack.wsgi [None req-1050cb31-876d-4c9a-9c5d-57f3f858ab8e 8230c4e1e5c8470eac0bd391db7a0683 7fef7156d51d4ab38ba432f1d94c725e - - default default] POST http://[LB_IP_ADDRESS]:8776/v3/7fef7156d51d4ab38ba432f1d94c725e/volumes
2024-06-27 13:03:58.448 22 INFO cinder.api.v3.volumes [None req-1050cb31-876d-4c9a-9c5d-57f3f858ab8e 8230c4e1e5c8470eac0bd391db7a0683 7fef7156d51d4ab38ba432f1d94c725e - - default default] Create volume of 1 GB
2024-06-27 13:03:58.457 22 INFO cinder.volume.api [None req-1050cb31-876d-4c9a-9c5d-57f3f858ab8e 8230c4e1e5c8470eac0bd391db7a0683 7fef7156d51d4ab38ba432f1d94c725e - - default default] Availability Zones retrieved successfully.
2024-06-27 13:03:58.751 22 INFO cinder.volume.api [None req-1050cb31-876d-4c9a-9c5d-57f3f858ab8e 8230c4e1e5c8470eac0bd391db7a0683 7fef7156d51d4ab38ba432f1d94c725e - - default default] Create volume request issued successfully.
2024-06-27 13:03:58.754 22 INFO cinder.api.openstack.wsgi [None req-1050cb31-876d-4c9a-9c5d-57f3f858ab8e 8230c4e1e5c8470eac0bd391db7a0683 7fef7156d51d4ab38ba432f1d94c725e - - default default] http://[LB_IP_ADDRESS]:8776/v3/7fef7156d51d4ab38ba432f1d94c725e/volumes returned with HTTP 202
2024-06-27 13:03:58.780 19 INFO cinder.api.openstack.wsgi [None req-6ef20408-bc87-47ac-827b-fe394a58ecef 8230c4e1e5c8470eac0bd391db7a0683 7fef7156d51d4ab38ba432f1d94c725e - - default default] GET http://[LB_IP_ADDRESS]:8776/v3/7fef7156d51d4ab38ba432f1d94c725e/volumes/e6ce71e0-b480-44fb-b434-49a847e1749a
2024-06-27 13:03:58.806 19 INFO cinder.volume.api [None req-6ef20408-bc87-47ac-827b-fe394a58ecef 8230c4e1e5c8470eac0bd391db7a0683 7fef7156d51d4ab38ba432f1d94c725e - - default default] Volume info retrieved successfully.
2024-06-27 13:03:58.818 19 INFO cinder.api.openstack.wsgi [None req-6ef20408-bc87-47ac-827b-fe394a58ecef 8230c4e1e5c8470eac0bd391db7a0683 7fef7156d51d4ab38ba432f1d94c725e - - default default] http://[LB_IP_ADDRESS]:8776/v3/7fef7156d51d4ab38ba432f1d94c725e/volumes/e6ce71e0-b480-44fb-b434-49a847e1749a returned with HTTP 200
2024-06-27 13:03:59.357 21 INFO cinder.api.openstack.wsgi [None req-89956fca-11a9-49f3-b68d-973e831f63c9 f3da0915af624eb38e4f5aab485e5022 d08e87478e9147928ba38e7bac70a7cc - - default default] POST http://[LB_IP_ADDRESS]:8776/v3/d08e87478e9147928ba38e7bac70a7cc/types
2024-06-27 13:03:59.389 21 INFO cinder.api.openstack.wsgi [None req-89956fca-11a9-49f3-b68d-973e831f63c9 f3da0915af624eb38e4f5aab485e5022 d08e87478e9147928ba38e7bac70a7cc - - default default] http://[LB_IP_ADDRESS]:8776/v3/d08e87478e9147928ba38e7bac70a7cc/types returned with HTTP 200
2024-06-27 13:03:59.403 18 INFO cinder.api.openstack.wsgi [None req-0a9dbde3-bca1-4d08-83aa-e1a97e9cc8f4 f3da0915af624eb38e4f5aab485e5022 d08e87478e9147928ba38e7bac70a7cc - - default default] POST http://[LB_IP_ADDRESS]:8776/v3/d08e87478e9147928ba38e7bac70a7cc/group_types
2024-06-27 13:03:59.429 18 INFO cinder.api.openstack.wsgi [None req-0a9dbde3-bca1-4d08-83aa-e1a97e9cc8f4 f3da0915af624eb38e4f5aab485e5022 d08e87478e9147928ba38e7bac70a7cc - - default default] http://[LB_IP_ADDRESS]:8776/v3/d08e87478e9147928ba38e7bac70a7cc/group_types returned with HTTP 202
2024-06-27 13:03:59.514 22 INFO cinder.api.openstack.wsgi [None req-a2f0b794-8594-4894-a60d-e372b1d18435 - - - - - -] GET http://[LB_IP_ADDRESS]:8776/
2024-06-27 13:03:59.517 22 INFO cinder.api.openstack.wsgi [None req-a2f0b794-8594-4894-a60d-e372b1d18435 - - - - - -] http://[LB_IP_ADDRESS]:8776/ returned with HTTP 300
2024-06-27 13:03:59.623 20 INFO cinder.api.openstack.wsgi [None req-c313a753-bb14-4ff8-9314-b861beefc00e 68e8fce2e2294ba38c948e152d4cbcaf 12ba7d54b4cd4b4cb7c9ab2bfaf3c87f - - default default] POST http://[LB_IP_ADDRESS]:8776/v3/12ba7d54b4cd4b4cb7c9ab2bfaf3c87f/groups
2024-06-27 13:03:59.635 20 INFO cinder.api.v3.groups [None req-c313a753-bb14-4ff8-9314-b861beefc00e 68e8fce2e2294ba38c948e152d4cbcaf 12ba7d54b4cd4b4cb7c9ab2bfaf3c87f - - default default] Creating group tempest-Group1-704975418.
2024-06-27 13:03:59.648 20 INFO cinder.volume.api [None req-c313a753-bb14-4ff8-9314-b861beefc00e 68e8fce2e2294ba38c948e152d4cbcaf 12ba7d54b4cd4b4cb7c9ab2bfaf3c87f - - default default] Availability Zones retrieved successfully.
2024-06-27 13:03:59.760 20 INFO cinder.api.openstack.wsgi [None req-c313a753-bb14-4ff8-9314-b861beefc00e 68e8fce2e2294ba38c948e152d4cbcaf 12ba7d54b4cd4b4cb7c9ab2bfaf3c87f - - default default] http://[LB_IP_ADDRESS]:8776/v3/12ba7d54b4cd4b4cb7c9ab2bfaf3c87f/groups returned with HTTP 202
2024-06-27 13:03:59.775 19 INFO cinder.api.openstack.wsgi [None req-bef18e54-5bc0-4a6d-a29c-1360ebb38bc5 68e8fce2e2294ba38c948e152d4cbcaf 12ba7d54b4cd4b4cb7c9ab2bfaf3c87f - - default default] GET http://[LB_IP_ADDRESS]:8776/v3/12ba7d54b4cd4b4cb7c9ab2bfaf3c87f/groups/4e7de5d7-bd1f-46d0-a512-4b5ffd89f05d
2024-06-27 13:03:59.799 19 INFO cinder.api.openstack.wsgi [None req-bef18e54-5bc0-4a6d-a29c-1360ebb38bc5 68e8fce2e2294ba38c948e152d4cbcaf 12ba7d54b4cd4b4cb7c9ab2bfaf3c87f - - default default] http://[LB_IP_ADDRESS]:8776/v3/12ba7d54b4cd4b4cb7c9ab2bfaf3c87f/groups/4e7de5d7-bd1f-46d0-a512-4b5ffd89f05d returned with HTTP 200
2024-06-27 13:03:59.846 21 INFO cinder.api.openstack.wsgi [None req-44897de6-756d-4da0-b06c-8dc297d9f797 8230c4e1e5c8470eac0bd391db7a0683 7fef7156d51d4ab38ba432f1d94c725e - - default default] GET http://[LB_IP_ADDRESS]:8776/v3/7fef7156d51d4ab38ba432f1d94c725e/volumes/e6ce71e0-b480-44fb-b434-49a847e1749a
2024-06-27 13:03:59.872 21 INFO cinder.volume.api [None req-44897de6-756d-4da0-b06c-8dc297d9f797 8230c4e1e5c8470eac0bd391db7a0683 7fef7156d51d4ab38ba432f1d94c725e - - default default] Volume info retrieved successfully.
2024-06-27 13:03:59.882 21 INFO cinder.api.openstack.wsgi [None req-44897de6-756d-4da0-b06c-8dc297d9f797 8230c4e1e5c8470eac0bd391db7a0683 7fef7156d51d4ab38ba432f1d94c725e - - default default] http://[LB_IP_ADDRESS]:8776/v3/7fef7156d51d4ab38ba432f1d94c725e/volumes/e6ce71e0-b480-44fb-b434-49a847e1749a returned with HTTP 200
2024-06-27 13:04:00.817 18 INFO cinder.api.openstack.wsgi [None req-be33763b-1307-4491-b043-bde4717361d5 68e8fce2e2294ba38c948e152d4cbcaf 12ba7d54b4cd4b4cb7c9ab2bfaf3c87f - - default default] GET http://[LB_IP_ADDRESS]:8776/v3/12ba7d54b4cd4b4cb7c9ab2bfaf3c87f/groups/4e7de5d7-bd1f-46d0-a512-4b5ffd89f05d
2024-06-27 13:04:00.842 18 INFO cinder.api.openstack.wsgi [None req-be33763b-1307-4491-b043-bde4717361d5 68e8fce2e2294ba38c948e152d4cbcaf 12ba7d54b4cd4b4cb7c9ab2bfaf3c87f - - default default] http://[LB_IP_ADDRESS]:8776/v3/12ba7d54b4cd4b4cb7c9ab2bfaf3c87f/groups/4e7de5d7-bd1f-46d0-a512-4b5ffd89f05d returned with HTTP 200
2024-06-27 13:04:00.863 22 INFO cinder.api.openstack.wsgi [None req-c5d6df5c-f8d4-4c3a-9e00-d82527be4768 68e8fce2e2294ba38c948e152d4cbcaf 12ba7d54b4cd4b4cb7c9ab2bfaf3c87f - - default default] POST http://[LB_IP_ADDRESS]:8776/v3/12ba7d54b4cd4b4cb7c9ab2bfaf3c87f/groups
2024-06-27 13:04:00.875 22 INFO cinder.api.v3.groups [None req-c5d6df5c-f8d4-4c3a-9e00-d82527be4768 68e8fce2e2294ba38c948e152d4cbcaf 12ba7d54b4cd4b4cb7c9ab2bfaf3c87f - - default default] Creating group tempest-Group2-886521122.
2024-06-27 13:04:00.889 22 INFO cinder.volume.api [None req-c5d6df5c-f8d4-4c3a-9e00-d82527be4768 68e8fce2e2294ba38c948e152d4cbcaf 12ba7d54b4cd4b4cb7c9ab2bfaf3c87f - - default default] Availability Zones retrieved successfully.
2024-06-27 13:04:00.910 20 INFO cinder.api.openstack.wsgi [None req-77c727a7-0992-4ec4-8d47-906cb183b9d3 8230c4e1e5c8470eac0bd391db7a0683 7fef7156d51d4ab38ba432f1d94c725e - - default default] GET http://[LB_IP_ADDRESS]:8776/v3/7fef7156d51d4ab38ba432f1d94c725e/volumes/e6ce71e0-b480-44fb-b434-49a847e1749a
2024-06-27 13:04:00.939 20 INFO cinder.volume.api [None req-77c727a7-0992-4ec4-8d47-906cb183b9d3 8230c4e1e5c8470eac0bd391db7a0683 7fef7156d51d4ab38ba432f1d94c725e - - default default] Volume info retrieved successfully.
2024-06-27 13:04:00.950 20 INFO cinder.api.openstack.wsgi [None req-77c727a7-0992-4ec4-8d47-906cb183b9d3 8230c4e1e5c8470eac0bd391db7a0683 7fef7156d51d4ab38ba432f1d94c725e - - default default] http://[LB_IP_ADDRESS]:8776/v3/7fef7156d51d4ab38ba432f1d94c725e/volumes/e6ce71e0-b480-44fb-b434-49a847e1749a returned with HTTP 200
2024-06-27 13:04:00.978 19 INFO cinder.api.openstack.wsgi [None req-a3e00024-0581-4a59-86cf-ebe8f8eae811 8230c4e1e5c8470eac0bd391db7a0683 7fef7156d51d4ab38ba432f1d94c725e - - default default] GET http://[LB_IP_ADDRESS]:8776/v3/7fef7156d51d4ab38ba432f1d94c725e/volumes/e6ce71e0-b480-44fb-b434-49a847e1749a
2024-06-27 13:04:00.990 22 INFO cinder.api.openstack.wsgi [None req-c5d6df5c-f8d4-4c3a-9e00-d82527be4768 68e8fce2e2294ba38c948e152d4cbcaf 12ba7d54b4cd4b4cb7c9ab2bfaf3c87f - - default default] http://[LB_IP_ADDRESS]:8776/v3/12ba7d54b4cd4b4cb7c9ab2bfaf3c87f/groups returned with HTTP 202
2024-06-27 13:04:01.003 21 INFO cinder.api.openstack.wsgi [None req-69a52598-684c-40d7-aab8-af13dd58c694 68e8fce2e2294ba38c948e152d4cbcaf 12ba7d54b4cd4b4cb7c9ab2bfaf3c87f - - default default] GET http://[LB_IP_ADDRESS]:8776/v3/12ba7d54b4cd4b4cb7c9ab2bfaf3c87f/groups/de2dad18-cf6f-4a69-9f7d-f1d7b0b087aa
2024-06-27 13:04:01.004 19 INFO cinder.volume.api [None req-a3e00024-0581-4a59-86cf-ebe8f8eae811 8230c4e1e5c8470eac0bd391db7a0683 7fef7156d51d4ab38ba432f1d94c725e - - default default] Volume info retrieved successfully.
2024-06-27 13:04:01.015 19 INFO cinder.api.openstack.wsgi [None req-a3e00024-0581-4a59-86cf-ebe8f8eae811 8230c4e1e5c8470eac0bd391db7a0683 7fef7156d51d4ab38ba432f1d94c725e - - default default] http://[LB_IP_ADDRESS]:8776/v3/7fef7156d51d4ab38ba432f1d94c725e/volumes/e6ce71e0-b480-44fb-b434-49a847e1749a returned with HTTP 200
2024-06-27 13:04:01.029 21 INFO cinder.api.openstack.wsgi [None req-69a52598-684c-40d7-aab8-af13dd58c694 68e8fce2e2294ba38c948e152d4cbcaf 12ba7d54b4cd4b4cb7c9ab2bfaf3c87f - - default default] http://[LB_IP_ADDRESS]:8776/v3/12ba7d54b4cd4b4cb7c9ab2bfaf3c87f/groups/de2dad18-cf6f-4a69-9f7d-f1d7b0b087aa returned with HTTP 200
2024-06-27 13:04:01.042 18 INFO cinder.api.openstack.wsgi [None req-6b648861-88fe-4071-8ba2-babb2b0d5580 8230c4e1e5c8470eac0bd391db7a0683 7fef7156d51d4ab38ba432f1d94c725e - - default default] POST http://[LB_IP_ADDRESS]:8776/v3/7fef7156d51d4ab38ba432f1d94c725e/volumes
2024-06-27 13:04:01.047 18 INFO cinder.api.v3.volumes [None req-6b648861-88fe-4071-8ba2-babb2b0d5580 8230c4e1e5c8470eac0bd391db7a0683 7fef7156d51d4ab38ba432f1d94c725e - - default default] Create volume of 1 GB
2024-06-27 13:04:01.056 18 INFO cinder.volume.api [None req-6b648861-88fe-4071-8ba2-babb2b0d5580 8230c4e1e5c8470eac0bd391db7a0683 7fef7156d51d4ab38ba432f1d94c725e - - default default] Availability Zones retrieved successfully.
2024-06-27 13:04:01.313 18 INFO cinder.volume.api [None req-6b648861-88fe-4071-8ba2-babb2b0d5580 8230c4e1e5c8470eac0bd391db7a0683 7fef7156d51d4ab38ba432f1d94c725e - - default default] Create volume request issued successfully.
2024-06-27 13:04:01.315 18 INFO cinder.api.openstack.wsgi [None req-6b648861-88fe-4071-8ba2-babb2b0d5580 8230c4e1e5c8470eac0bd391db7a0683 7fef7156d51d4ab38ba432f1d94c725e - - default default] http://[LB_IP_ADDRESS]:8776/v3/7fef7156d51d4ab38ba432f1d94c725e/volumes returned with HTTP 202
2024-06-27 13:04:01.340 20 INFO cinder.api.openstack.wsgi [None req-7c710ce6-14d6-420f-882b-583223efe768 8230c4e1e5c8470eac0bd391db7a0683 7fef7156d51d4ab38ba432f1d94c725e - - default default] GET http://[LB_IP_ADDRESS]:8776/v3/7fef7156d51d4ab38ba432f1d94c725e/volumes/e251018c-e51d-4baa-8536-da8c3d88fcb0
2024-06-27 13:04:01.367 20 INFO cinder.volume.api [None req-7c710ce6-14d6-420f-882b-583223efe768 8230c4e1e5c8470eac0bd391db7a0683 7fef7156d51d4ab38ba432f1d94c725e - - default default] Volume info retrieved successfully.
2024-06-27 13:04:01.377 20 INFO cinder.api.openstack.wsgi [None req-7c710ce6-14d6-420f-882b-583223efe768 8230c4e1e5c8470eac0bd391db7a0683 7fef7156d51d4ab38ba432f1d94c725e - - default default] http://[LB_IP_ADDRESS]:8776/v3/7fef7156d51d4ab38ba432f1d94c725e/volumes/e251018c-e51d-4baa-8536-da8c3d88fcb0 returned with HTTP 200
2024-06-27 13:04:02.048 22 INFO cinder.api.openstack.wsgi [None req-a3ac767b-9aad-46c4-91ea-5e59542842e8 68e8fce2e2294ba38c948e152d4cbcaf 12ba7d54b4cd4b4cb7c9ab2bfaf3c87f - - default default] GET http://[LB_IP_ADDRESS]:8776/v3/12ba7d54b4cd4b4cb7c9ab2bfaf3c87f/groups/de2dad18-cf6f-4a69-9f7d-f1d7b0b087aa
2024-06-27 13:04:02.073 22 INFO cinder.api.openstack.wsgi [None req-a3ac767b-9aad-46c4-91ea-5e59542842e8 68e8fce2e2294ba38c948e152d4cbcaf 12ba7d54b4cd4b4cb7c9ab2bfaf3c87f - - default default] http://[LB_IP_ADDRESS]:8776/v3/12ba7d54b4cd4b4cb7c9ab2bfaf3c87f/groups/de2dad18-cf6f-4a69-9f7d-f1d7b0b087aa returned with HTTP 200
2024-06-27 13:04:02.091 19 INFO cinder.api.openstack.wsgi [None req-8ab85291-e316-4717-8a10-26d41e2a6ae9 68e8fce2e2294ba38c948e152d4cbcaf 12ba7d54b4cd4b4cb7c9ab2bfaf3c87f - - default default] POST http://[LB_IP_ADDRESS]:8776/v3/12ba7d54b4cd4b4cb7c9ab2bfaf3c87f/volumes
2024-06-27 13:04:02.110 19 INFO cinder.api.v3.volumes [None req-8ab85291-e316-4717-8a10-26d41e2a6ae9 68e8fce2e2294ba38c948e152d4cbcaf 12ba7d54b4cd4b4cb7c9ab2bfaf3c87f - - default default] Create volume of 1 GB
2024-06-27 13:04:02.121 19 INFO cinder.volume.api [None req-8ab85291-e316-4717-8a10-26d41e2a6ae9 68e8fce2e2294ba38c948e152d4cbcaf 12ba7d54b4cd4b4cb7c9ab2bfaf3c87f - - default default] Availability Zones retrieved successfully.
2024-06-27 13:04:02.295 19 WARNING cinder.quota [None req-8ab85291-e316-4717-8a10-26d41e2a6ae9 68e8fce2e2294ba38c948e152d4cbcaf 12ba7d54b4cd4b4cb7c9ab2bfaf3c87f - - default default] Deprecated: Default quota for resource: volumes_tempest-GroupsTest-volume-type-1279167390 is set by the default quota flag: quota_volumes_tempest-GroupsTest-volume-type-1279167390, it is now deprecated. Please use the default quota class for default quota.
2024-06-27 13:04:02.296 19 WARNING cinder.quota [None req-8ab85291-e316-4717-8a10-26d41e2a6ae9 68e8fce2e2294ba38c948e152d4cbcaf 12ba7d54b4cd4b4cb7c9ab2bfaf3c87f - - default default] Deprecated: Default quota for resource: gigabytes_tempest-GroupsTest-volume-type-1279167390 is set by the default quota flag: quota_gigabytes_tempest-GroupsTest-volume-type-1279167390, it is now deprecated. Please use the default quota class for default quota.
2024-06-27 13:04:02.401 19 INFO cinder.volume.api [None req-8ab85291-e316-4717-8a10-26d41e2a6ae9 68e8fce2e2294ba38c948e152d4cbcaf 12ba7d54b4cd4b4cb7c9ab2bfaf3c87f - - default default] Create volume request issued successfully.
2024-06-27 13:04:02.406 21 INFO cinder.api.openstack.wsgi [None req-bb9d6dba-55e4-4c3e-b540-b18807208da7 8230c4e1e5c8470eac0bd391db7a0683 7fef7156d51d4ab38ba432f1d94c725e - - default default] GET http://[LB_IP_ADDRESS]:8776/v3/7fef7156d51d4ab38ba432f1d94c725e/volumes/e251018c-e51d-4baa-8536-da8c3d88fcb0
2024-06-27 13:04:02.419 19 INFO cinder.api.openstack.wsgi [None req-8ab85291-e316-4717-8a10-26d41e2a6ae9 68e8fce2e2294ba38c948e152d4cbcaf 12ba7d54b4cd4b4cb7c9ab2bfaf3c87f - - default default] http://[LB_IP_ADDRESS]:8776/v3/12ba7d54b4cd4b4cb7c9ab2bfaf3c87f/volumes returned with HTTP 202
2024-06-27 13:04:02.435 21 INFO cinder.volume.api [None req-bb9d6dba-55e4-4c3e-b540-b18807208da7 8230c4e1e5c8470eac0bd391db7a0683 7fef7156d51d4ab38ba432f1d94c725e - - default default] Volume info retrieved successfully.
2024-06-27 13:04:02.445 21 INFO cinder.api.openstack.wsgi [None req-bb9d6dba-55e4-4c3e-b540-b18807208da7 8230c4e1e5c8470eac0bd391db7a0683 7fef7156d51d4ab38ba432f1d94c725e - - default default] http://[LB_IP_ADDRESS]:8776/v3/7fef7156d51d4ab38ba432f1d94c725e/volumes/e251018c-e51d-4baa-8536-da8c3d88fcb0 returned with HTTP 200
2024-06-27 13:04:02.446 18 INFO cinder.api.openstack.wsgi [None req-651e7f75-dbc8-46e5-b1bc-53aa4b8c4e91 68e8fce2e2294ba38c948e152d4cbcaf 12ba7d54b4cd4b4cb7c9ab2bfaf3c87f - - default default] GET http://[LB_IP_ADDRESS]:8776/v3/12ba7d54b4cd4b4cb7c9ab2bfaf3c87f/volumes/2041270c-5066-413b-acba-07b261ed7df7
2024-06-27 13:04:02.473 18 INFO cinder.volume.api [None req-651e7f75-dbc8-46e5-b1bc-53aa4b8c4e91 68e8fce2e2294ba38c948e152d4cbcaf 12ba7d54b4cd4b4cb7c9ab2bfaf3c87f - - default default] Volume info retrieved successfully.
2024-06-27 13:04:02.502 18 INFO cinder.api.openstack.wsgi [None req-651e7f75-dbc8-46e5-b1bc-53aa4b8c4e91 68e8fce2e2294ba38c948e152d4cbcaf 12ba7d54b4cd4b4cb7c9ab2bfaf3c87f - - default default] http://[LB_IP_ADDRESS]:8776/v3/12ba7d54b4cd4b4cb7c9ab2bfaf3c87f/volumes/2041270c-5066-413b-acba-07b261ed7df7 returned with HTTP 200
2024-06-27 13:04:02.944 20 INFO cinder.api.openstack.wsgi [None req-a5643f03-50a5-4ad2-9895-810da6dfe887 dcaff72215464989a2066addd454329a 3b61fa26760a4e2781e904e3f96c8d97 - - default default] POST http://[LB_IP_ADDRESS]:8776/v3/3b61fa26760a4e2781e904e3f96c8d97/qos-specs
2024-06-27 13:04:02.968 20 INFO cinder.api.openstack.wsgi [None req-a5643f03-50a5-4ad2-9895-810da6dfe887 dcaff72215464989a2066addd454329a 3b61fa26760a4e2781e904e3f96c8d97 - - default default] http://[LB_IP_ADDRESS]:8776/v3/3b61fa26760a4e2781e904e3f96c8d97/qos-specs returned with HTTP 200
2024-06-27 13:04:02.985 22 INFO cinder.api.openstack.wsgi [None req-09d40e41-eb28-47e3-a7db-4bdfae6f12f9 dcaff72215464989a2066addd454329a 3b61fa26760a4e2781e904e3f96c8d97 - - default default] POST http://[LB_IP_ADDRESS]:8776/v3/3b61fa26760a4e2781e904e3f96c8d97/types
2024-06-27 13:04:03.020 22 INFO cinder.api.openstack.wsgi [None req-09d40e41-eb28-47e3-a7db-4bdfae6f12f9 dcaff72215464989a2066addd454329a 3b61fa26760a4e2781e904e3f96c8d97 - - default default] http://[LB_IP_ADDRESS]:8776/v3/3b61fa26760a4e2781e904e3f96c8d97/types returned with HTTP 200
2024-06-27 13:04:03.036 19 INFO cinder.api.openstack.wsgi [None req-f4bff1ae-35dc-4217-93c3-dfabcc31b460 dcaff72215464989a2066addd454329a 3b61fa26760a4e2781e904e3f96c8d97 - - default default] POST http://[LB_IP_ADDRESS]:8776/v3/3b61fa26760a4e2781e904e3f96c8d97/types
2024-06-27 13:04:03.068 19 INFO cinder.api.openstack.wsgi [None req-f4bff1ae-35dc-4217-93c3-dfabcc31b460 dcaff72215464989a2066addd454329a 3b61fa26760a4e2781e904e3f96c8d97 - - default default] http://[LB_IP_ADDRESS]:8776/v3/3b61fa26760a4e2781e904e3f96c8d97/types returned with HTTP 200
2024-06-27 13:04:03.083 21 INFO cinder.api.openstack.wsgi [None req-a0ad4018-0324-4ea5-9b03-e127884e01e3 dcaff72215464989a2066addd454329a 3b61fa26760a4e2781e904e3f96c8d97 - - default default] POST http://[LB_IP_ADDRESS]:8776/v3/3b61fa26760a4e2781e904e3f96c8d97/types
2024-06-27 13:04:03.115 21 INFO cinder.api.openstack.wsgi [None req-a0ad4018-0324-4ea5-9b03-e127884e01e3 dcaff72215464989a2066addd454329a 3b61fa26760a4e2781e904e3f96c8d97 - - default default] http://[LB_IP_ADDRESS]:8776/v3/3b61fa26760a4e2781e904e3f96c8d97/types returned with HTTP 200
2024-06-27 13:04:03.133 18 INFO cinder.api.openstack.wsgi [None req-2914660a-e10f-4003-aada-a008d9ed50c4 dcaff72215464989a2066addd454329a 3b61fa26760a4e2781e904e3f96c8d97 - - default default] GET http://[LB_IP_ADDRESS]:8776/v3/3b61fa26760a4e2781e904e3f96c8d97/qos-specs/8d75a2f5-90a5-47bc-be19-671ae0bcb137/associate?vol_type_id=e1d41a4b-f431-4d4c-adb6-bec2bdf9d7c0
2024-06-27 13:04:03.167 18 INFO cinder.api.openstack.wsgi [None req-2914660a-e10f-4003-aada-a008d9ed50c4 dcaff72215464989a2066addd454329a 3b61fa26760a4e2781e904e3f96c8d97 - - default default] http://[LB_IP_ADDRESS]:8776/v3/3b61fa26760a4e2781e904e3f96c8d97/qos-specs/8d75a2f5-90a5-47bc-be19-671ae0bcb137/associate?vol_type_id=e1d41a4b-f431-4d4c-adb6-bec2bdf9d7c0 returned with HTTP 202
2024-06-27 13:04:03.182 20 INFO cinder.api.openstack.wsgi [None req-bd2ec39e-8692-42fa-9621-f1c7fb10a670 dcaff72215464989a2066addd454329a 3b61fa26760a4e2781e904e3f96c8d97 - - default default] GET http://[LB_IP_ADDRESS]:8776/v3/3b61fa26760a4e2781e904e3f96c8d97/qos-specs/8d75a2f5-90a5-47bc-be19-671ae0bcb137/associate?vol_type_id=967d20db-f5ea-412a-accf-4de2e5f78f92
2024-06-27 13:04:03.217 20 INFO cinder.api.openstack.wsgi [None req-bd2ec39e-8692-42fa-9621-f1c7fb10a670 dcaff72215464989a2066addd454329a 3b61fa26760a4e2781e904e3f96c8d97 - - default default] http://[LB_IP_ADDRESS]:8776/v3/3b61fa26760a4e2781e904e3f96c8d97/qos-specs/8d75a2f5-90a5-47bc-be19-671ae0bcb137/associate?vol_type_id=967d20db-f5ea-412a-accf-4de2e5f78f92 returned with HTTP 202
2024-06-27 13:04:03.232 22 INFO cinder.api.openstack.wsgi [None req-2fc2b89b-5b06-44c0-90a1-2cfa0262f3a0 dcaff72215464989a2066addd454329a 3b61fa26760a4e2781e904e3f96c8d97 - - default default] GET http://[LB_IP_ADDRESS]:8776/v3/3b61fa26760a4e2781e904e3f96c8d97/qos-specs/8d75a2f5-90a5-47bc-be19-671ae0bcb137/associate?vol_type_id=e4a1aeaa-21f1-4305-a1c9-ae39c2c0ce35
