2026-07-11 15:47:07.873 76 INFO cinder.api.openstack.wsgi [req-17c9574f-4cdb-4e56-a22f-aa1ab2ce5618 req-c61f1d7a-6793-40d9-8800-291034464306 f8d0c0c020dc41f6962f53b56c87a84b 151454ab9dee4418987fc677ff733bfa - - default default] http://[LB_IP_ADDRESS]:8776/v3/volumes/tempest-invalid-1815221792 returned with HTTP 404
2026-07-11 15:47:07.927 74 INFO cinder.api.openstack.wsgi [req-c47b76c4-874c-4c89-90a5-b121319c23d2 req-2c781ad7-bf94-4936-9255-77f38ce40140 f8d0c0c020dc41f6962f53b56c87a84b 151454ab9dee4418987fc677ff733bfa - - default default] DELETE http://[LB_IP_ADDRESS]:8776/v3/volumes/c03c7a18-78aa-4c7d-8b69-6e71d9a9d337
2026-07-11 15:47:07.928 74 INFO cinder.api.v3.volumes [req-c47b76c4-874c-4c89-90a5-b121319c23d2 req-2c781ad7-bf94-4936-9255-77f38ce40140 f8d0c0c020dc41f6962f53b56c87a84b 151454ab9dee4418987fc677ff733bfa - - default default] Delete volume with id: c03c7a18-78aa-4c7d-8b69-6e71d9a9d337 
2026-07-11 15:47:07.941 74 INFO cinder.api.openstack.wsgi [req-c47b76c4-874c-4c89-90a5-b121319c23d2 req-2c781ad7-bf94-4936-9255-77f38ce40140 f8d0c0c020dc41f6962f53b56c87a84b 151454ab9dee4418987fc677ff733bfa - - default default] http://[LB_IP_ADDRESS]:8776/v3/volumes/c03c7a18-78aa-4c7d-8b69-6e71d9a9d337 returned with HTTP 404
2026-07-11 15:47:07.955 72 INFO cinder.api.openstack.wsgi [None req-4c3939a3-30b7-4921-b42c-451ad8dafdfa 8c6b90259acd44d5b9cebf2a88192f0c 37c6b17793ba427bbf0a45114f8d0e55 - - default default] GET http://[LB_IP_ADDRESS]:8776/v3/37c6b17793ba427bbf0a45114f8d0e55/volumes/394a623f-1027-40a6-b01c-e1c2593705d2
2026-07-11 15:47:07.968 72 INFO cinder.api.openstack.wsgi [None req-4c3939a3-30b7-4921-b42c-451ad8dafdfa 8c6b90259acd44d5b9cebf2a88192f0c 37c6b17793ba427bbf0a45114f8d0e55 - - default default] http://[LB_IP_ADDRESS]:8776/v3/37c6b17793ba427bbf0a45114f8d0e55/volumes/394a623f-1027-40a6-b01c-e1c2593705d2 returned with HTTP 404
2026-07-11 15:47:07.974 75 INFO cinder.api.openstack.wsgi [req-bab78eb4-6b9a-4f8d-917a-4b5cf3b5caa2 req-dc472405-283f-4b94-9b6e-e034a0283a50 f8d0c0c020dc41f6962f53b56c87a84b 151454ab9dee4418987fc677ff733bfa - - default default] GET http://[LB_IP_ADDRESS]:8776/v3/volumes/898ddeaf-a598-4d04-9024-9b4aaa07a7d1
2026-07-11 15:47:07.978 73 INFO cinder.api.openstack.wsgi [None req-ae039853-11dc-4e0a-8e15-2e93c8ffcf57 8c6b90259acd44d5b9cebf2a88192f0c 37c6b17793ba427bbf0a45114f8d0e55 - - default default] DELETE http://[LB_IP_ADDRESS]:8776/v3/37c6b17793ba427bbf0a45114f8d0e55/volumes/69eb6fbb-9c4f-41e4-8bda-d1adcfa93517
2026-07-11 15:47:07.979 73 INFO cinder.api.v3.volumes [None req-ae039853-11dc-4e0a-8e15-2e93c8ffcf57 8c6b90259acd44d5b9cebf2a88192f0c 37c6b17793ba427bbf0a45114f8d0e55 - - default default] Delete volume with id: 69eb6fbb-9c4f-41e4-8bda-d1adcfa93517 
2026-07-11 15:47:07.987 75 INFO cinder.api.openstack.wsgi [req-bab78eb4-6b9a-4f8d-917a-4b5cf3b5caa2 req-dc472405-283f-4b94-9b6e-e034a0283a50 f8d0c0c020dc41f6962f53b56c87a84b 151454ab9dee4418987fc677ff733bfa - - default default] http://[LB_IP_ADDRESS]:8776/v3/volumes/898ddeaf-a598-4d04-9024-9b4aaa07a7d1 returned with HTTP 404
2026-07-11 15:47:07.995 73 INFO cinder.volume.api [None req-ae039853-11dc-4e0a-8e15-2e93c8ffcf57 8c6b90259acd44d5b9cebf2a88192f0c 37c6b17793ba427bbf0a45114f8d0e55 - - default default] Volume info retrieved successfully.
2026-07-11 15:47:08.026 73 INFO cinder.volume.api [None req-ae039853-11dc-4e0a-8e15-2e93c8ffcf57 8c6b90259acd44d5b9cebf2a88192f0c 37c6b17793ba427bbf0a45114f8d0e55 - - default default] Delete volume request issued successfully.
2026-07-11 15:47:08.026 73 INFO cinder.api.openstack.wsgi [None req-ae039853-11dc-4e0a-8e15-2e93c8ffcf57 8c6b90259acd44d5b9cebf2a88192f0c 37c6b17793ba427bbf0a45114f8d0e55 - - default default] http://[LB_IP_ADDRESS]:8776/v3/37c6b17793ba427bbf0a45114f8d0e55/volumes/69eb6fbb-9c4f-41e4-8bda-d1adcfa93517 returned with HTTP 202
2026-07-11 15:47:08.037 76 INFO cinder.api.openstack.wsgi [None req-a2b2a1ec-75e4-45e2-b10f-b9d416823a14 8c6b90259acd44d5b9cebf2a88192f0c 37c6b17793ba427bbf0a45114f8d0e55 - - default default] GET http://[LB_IP_ADDRESS]:8776/v3/37c6b17793ba427bbf0a45114f8d0e55/volumes/69eb6fbb-9c4f-41e4-8bda-d1adcfa93517
2026-07-11 15:47:08.061 76 INFO cinder.volume.api [None req-a2b2a1ec-75e4-45e2-b10f-b9d416823a14 8c6b90259acd44d5b9cebf2a88192f0c 37c6b17793ba427bbf0a45114f8d0e55 - - default default] Volume info retrieved successfully.
2026-07-11 15:47:08.071 76 INFO cinder.api.openstack.wsgi [None req-a2b2a1ec-75e4-45e2-b10f-b9d416823a14 8c6b90259acd44d5b9cebf2a88192f0c 37c6b17793ba427bbf0a45114f8d0e55 - - default default] http://[LB_IP_ADDRESS]:8776/v3/37c6b17793ba427bbf0a45114f8d0e55/volumes/69eb6fbb-9c4f-41e4-8bda-d1adcfa93517 returned with HTTP 200
2026-07-11 15:47:08.238 74 INFO cinder.api.openstack.wsgi [req-10cd46eb-aad9-4692-8cce-bc16e0c06a77 req-c4906a0e-7057-461a-abf0-ef32176ed3dd 85a5dbc044674b13ac601d6354d8acea bee511c6ad5248d0a92160163497892b - - default default] GET http://[LB_IP_ADDRESS]:8776/v3/volumes/970ca43d-d90a-4315-93f4-5278436e8c91
2026-07-11 15:47:08.251 74 INFO cinder.api.openstack.wsgi [req-10cd46eb-aad9-4692-8cce-bc16e0c06a77 req-c4906a0e-7057-461a-abf0-ef32176ed3dd 85a5dbc044674b13ac601d6354d8acea bee511c6ad5248d0a92160163497892b - - default default] http://[LB_IP_ADDRESS]:8776/v3/volumes/970ca43d-d90a-4315-93f4-5278436e8c91 returned with HTTP 404
2026-07-11 15:47:08.293 72 INFO cinder.api.openstack.wsgi [req-1eb74077-ff36-4b08-a66a-92b5c31fd35d req-ee1fc3c1-3780-40c0-bce3-cfd565dc80b9 85a5dbc044674b13ac601d6354d8acea bee511c6ad5248d0a92160163497892b - - default default] DELETE http://[LB_IP_ADDRESS]:8776/v3/volumes/970ca43d-d90a-4315-93f4-5278436e8c91
2026-07-11 15:47:08.294 72 INFO cinder.api.v3.volumes [req-1eb74077-ff36-4b08-a66a-92b5c31fd35d req-ee1fc3c1-3780-40c0-bce3-cfd565dc80b9 85a5dbc044674b13ac601d6354d8acea bee511c6ad5248d0a92160163497892b - - default default] Delete volume with id: 970ca43d-d90a-4315-93f4-5278436e8c91 
2026-07-11 15:47:08.306 72 INFO cinder.api.openstack.wsgi [req-1eb74077-ff36-4b08-a66a-92b5c31fd35d req-ee1fc3c1-3780-40c0-bce3-cfd565dc80b9 85a5dbc044674b13ac601d6354d8acea bee511c6ad5248d0a92160163497892b - - default default] http://[LB_IP_ADDRESS]:8776/v3/volumes/970ca43d-d90a-4315-93f4-5278436e8c91 returned with HTTP 404
2026-07-11 15:47:08.337 75 INFO cinder.api.openstack.wsgi [req-fc65b36f-3d8e-4b9f-951d-354cc3da516b req-93fa4d6c-e5b6-46a8-b44e-16356a786bfa 85a5dbc044674b13ac601d6354d8acea bee511c6ad5248d0a92160163497892b - - default default] GET http://[LB_IP_ADDRESS]:8776/v3/volumes/970ca43d-d90a-4315-93f4-5278436e8c91
2026-07-11 15:47:08.349 75 INFO cinder.api.openstack.wsgi [req-fc65b36f-3d8e-4b9f-951d-354cc3da516b req-93fa4d6c-e5b6-46a8-b44e-16356a786bfa 85a5dbc044674b13ac601d6354d8acea bee511c6ad5248d0a92160163497892b - - default default] http://[LB_IP_ADDRESS]:8776/v3/volumes/970ca43d-d90a-4315-93f4-5278436e8c91 returned with HTTP 404
2026-07-11 15:47:09.090 73 INFO cinder.api.openstack.wsgi [None req-d8f31718-2f6a-4ea5-8336-4e3739e39e8c 8c6b90259acd44d5b9cebf2a88192f0c 37c6b17793ba427bbf0a45114f8d0e55 - - default default] GET http://[LB_IP_ADDRESS]:8776/v3/37c6b17793ba427bbf0a45114f8d0e55/volumes/69eb6fbb-9c4f-41e4-8bda-d1adcfa93517
2026-07-11 15:47:09.101 73 INFO cinder.api.openstack.wsgi [None req-d8f31718-2f6a-4ea5-8336-4e3739e39e8c 8c6b90259acd44d5b9cebf2a88192f0c 37c6b17793ba427bbf0a45114f8d0e55 - - default default] http://[LB_IP_ADDRESS]:8776/v3/37c6b17793ba427bbf0a45114f8d0e55/volumes/69eb6fbb-9c4f-41e4-8bda-d1adcfa93517 returned with HTTP 404
2026-07-11 15:47:09.112 76 INFO cinder.api.openstack.wsgi [None req-213f73d3-f605-4445-9774-012bdc2b7302 8c6b90259acd44d5b9cebf2a88192f0c 37c6b17793ba427bbf0a45114f8d0e55 - - default default] DELETE http://[LB_IP_ADDRESS]:8776/v3/37c6b17793ba427bbf0a45114f8d0e55/volumes/621cd0be-3959-4cb5-932d-1ffb3f924157
2026-07-11 15:47:09.113 76 INFO cinder.api.v3.volumes [None req-213f73d3-f605-4445-9774-012bdc2b7302 8c6b90259acd44d5b9cebf2a88192f0c 37c6b17793ba427bbf0a45114f8d0e55 - - default default] Delete volume with id: 621cd0be-3959-4cb5-932d-1ffb3f924157 
2026-07-11 15:47:09.128 76 INFO cinder.volume.api [None req-213f73d3-f605-4445-9774-012bdc2b7302 8c6b90259acd44d5b9cebf2a88192f0c 37c6b17793ba427bbf0a45114f8d0e55 - - default default] Volume info retrieved successfully.
2026-07-11 15:47:09.157 76 INFO cinder.volume.api [None req-213f73d3-f605-4445-9774-012bdc2b7302 8c6b90259acd44d5b9cebf2a88192f0c 37c6b17793ba427bbf0a45114f8d0e55 - - default default] Delete volume request issued successfully.
2026-07-11 15:47:09.158 76 INFO cinder.api.openstack.wsgi [None req-213f73d3-f605-4445-9774-012bdc2b7302 8c6b90259acd44d5b9cebf2a88192f0c 37c6b17793ba427bbf0a45114f8d0e55 - - default default] http://[LB_IP_ADDRESS]:8776/v3/37c6b17793ba427bbf0a45114f8d0e55/volumes/621cd0be-3959-4cb5-932d-1ffb3f924157 returned with HTTP 202
2026-07-11 15:47:09.168 74 INFO cinder.api.openstack.wsgi [None req-36ac876b-b658-4af1-85f4-b2bcf53a3c83 8c6b90259acd44d5b9cebf2a88192f0c 37c6b17793ba427bbf0a45114f8d0e55 - - default default] GET http://[LB_IP_ADDRESS]:8776/v3/37c6b17793ba427bbf0a45114f8d0e55/volumes/621cd0be-3959-4cb5-932d-1ffb3f924157
2026-07-11 15:47:09.191 74 INFO cinder.volume.api [None req-36ac876b-b658-4af1-85f4-b2bcf53a3c83 8c6b90259acd44d5b9cebf2a88192f0c 37c6b17793ba427bbf0a45114f8d0e55 - - default default] Volume info retrieved successfully.
2026-07-11 15:47:09.201 74 INFO cinder.api.openstack.wsgi [None req-36ac876b-b658-4af1-85f4-b2bcf53a3c83 8c6b90259acd44d5b9cebf2a88192f0c 37c6b17793ba427bbf0a45114f8d0e55 - - default default] http://[LB_IP_ADDRESS]:8776/v3/37c6b17793ba427bbf0a45114f8d0e55/volumes/621cd0be-3959-4cb5-932d-1ffb3f924157 returned with HTTP 200
2026-07-11 15:47:10.220 72 INFO cinder.api.openstack.wsgi [None req-dba541b1-3565-424f-993c-9c1efcba76c8 8c6b90259acd44d5b9cebf2a88192f0c 37c6b17793ba427bbf0a45114f8d0e55 - - default default] GET http://[LB_IP_ADDRESS]:8776/v3/37c6b17793ba427bbf0a45114f8d0e55/volumes/621cd0be-3959-4cb5-932d-1ffb3f924157
2026-07-11 15:47:10.232 72 INFO cinder.api.openstack.wsgi [None req-dba541b1-3565-424f-993c-9c1efcba76c8 8c6b90259acd44d5b9cebf2a88192f0c 37c6b17793ba427bbf0a45114f8d0e55 - - default default] http://[LB_IP_ADDRESS]:8776/v3/37c6b17793ba427bbf0a45114f8d0e55/volumes/621cd0be-3959-4cb5-932d-1ffb3f924157 returned with HTTP 404
2026-07-11 15:47:11.960 75 INFO cinder.api.openstack.wsgi [None req-ce60ff5c-8b0e-4bd6-9457-4e3d7678f13f - - - - - -] GET http://[LB_IP_ADDRESS]:8776/
2026-07-11 15:47:11.960 75 INFO cinder.api.openstack.wsgi [None req-ce60ff5c-8b0e-4bd6-9457-4e3d7678f13f - - - - - -] http://[LB_IP_ADDRESS]:8776/ returned with HTTP 300
2026-07-11 15:47:12.148 73 INFO cinder.api.openstack.wsgi [None req-6b283206-aaf3-47e1-9eec-21bd884e921a 303e6db0575a402282746a59f8be8688 1f87360a926e4bf695b0c6b16e03485b - - default default] POST http://[LB_IP_ADDRESS]:8776/v3/1f87360a926e4bf695b0c6b16e03485b/group_types
2026-07-11 15:47:12.172 73 INFO cinder.api.openstack.wsgi [None req-6b283206-aaf3-47e1-9eec-21bd884e921a 303e6db0575a402282746a59f8be8688 1f87360a926e4bf695b0c6b16e03485b - - default default] http://[LB_IP_ADDRESS]:8776/v3/1f87360a926e4bf695b0c6b16e03485b/group_types returned with HTTP 202
2026-07-11 15:47:12.185 76 INFO cinder.api.openstack.wsgi [None req-60d4bdac-f9b0-4c0e-b27e-9c0202c2389a 303e6db0575a402282746a59f8be8688 1f87360a926e4bf695b0c6b16e03485b - - default default] POST http://[LB_IP_ADDRESS]:8776/v3/1f87360a926e4bf695b0c6b16e03485b/group_types/ce972ef7-8178-4d72-9f94-3296a2de1dd1/group_specs
2026-07-11 15:47:12.206 76 INFO cinder.api.openstack.wsgi [None req-60d4bdac-f9b0-4c0e-b27e-9c0202c2389a 303e6db0575a402282746a59f8be8688 1f87360a926e4bf695b0c6b16e03485b - - default default] http://[LB_IP_ADDRESS]:8776/v3/1f87360a926e4bf695b0c6b16e03485b/group_types/ce972ef7-8178-4d72-9f94-3296a2de1dd1/group_specs returned with HTTP 202
2026-07-11 15:47:12.218 74 INFO cinder.api.openstack.wsgi [None req-e1e2c9a7-b8e6-478c-9263-d3698332dc73 303e6db0575a402282746a59f8be8688 1f87360a926e4bf695b0c6b16e03485b - - default default] POST http://[LB_IP_ADDRESS]:8776/v3/1f87360a926e4bf695b0c6b16e03485b/group_types/ce972ef7-8178-4d72-9f94-3296a2de1dd1/group_specs
2026-07-11 15:47:12.239 74 INFO cinder.api.openstack.wsgi [None req-e1e2c9a7-b8e6-478c-9263-d3698332dc73 303e6db0575a402282746a59f8be8688 1f87360a926e4bf695b0c6b16e03485b - - default default] http://[LB_IP_ADDRESS]:8776/v3/1f87360a926e4bf695b0c6b16e03485b/group_types/ce972ef7-8178-4d72-9f94-3296a2de1dd1/group_specs returned with HTTP 202
2026-07-11 15:47:12.251 72 INFO cinder.api.openstack.wsgi [None req-118d04b3-d654-4f38-a375-bbf8d9e14058 303e6db0575a402282746a59f8be8688 1f87360a926e4bf695b0c6b16e03485b - - default default] GET http://[LB_IP_ADDRESS]:8776/v3/1f87360a926e4bf695b0c6b16e03485b/group_types/ce972ef7-8178-4d72-9f94-3296a2de1dd1/group_specs/key2
2026-07-11 15:47:12.263 72 INFO cinder.api.openstack.wsgi [None req-118d04b3-d654-4f38-a375-bbf8d9e14058 303e6db0575a402282746a59f8be8688 1f87360a926e4bf695b0c6b16e03485b - - default default] http://[LB_IP_ADDRESS]:8776/v3/1f87360a926e4bf695b0c6b16e03485b/group_types/ce972ef7-8178-4d72-9f94-3296a2de1dd1/group_specs/key2 returned with HTTP 200
2026-07-11 15:47:12.274 75 INFO cinder.api.openstack.wsgi [None req-fd8a3bcc-e686-48d7-a680-cd088e11db06 303e6db0575a402282746a59f8be8688 1f87360a926e4bf695b0c6b16e03485b - - default default] GET http://[LB_IP_ADDRESS]:8776/v3/1f87360a926e4bf695b0c6b16e03485b/group_types/ce972ef7-8178-4d72-9f94-3296a2de1dd1/group_specs/key3
2026-07-11 15:47:12.285 75 INFO cinder.api.openstack.wsgi [None req-fd8a3bcc-e686-48d7-a680-cd088e11db06 303e6db0575a402282746a59f8be8688 1f87360a926e4bf695b0c6b16e03485b - - default default] http://[LB_IP_ADDRESS]:8776/v3/1f87360a926e4bf695b0c6b16e03485b/group_types/ce972ef7-8178-4d72-9f94-3296a2de1dd1/group_specs/key3 returned with HTTP 200
2026-07-11 15:47:12.296 73 INFO cinder.api.openstack.wsgi [None req-e7a0b15d-a567-4ab9-88b0-45b58783cf7b 303e6db0575a402282746a59f8be8688 1f87360a926e4bf695b0c6b16e03485b - - default default] PUT http://[LB_IP_ADDRESS]:8776/v3/1f87360a926e4bf695b0c6b16e03485b/group_types/ce972ef7-8178-4d72-9f94-3296a2de1dd1/group_specs/key3
2026-07-11 15:47:12.315 73 INFO cinder.api.openstack.wsgi [None req-e7a0b15d-a567-4ab9-88b0-45b58783cf7b 303e6db0575a402282746a59f8be8688 1f87360a926e4bf695b0c6b16e03485b - - default default] http://[LB_IP_ADDRESS]:8776/v3/1f87360a926e4bf695b0c6b16e03485b/group_types/ce972ef7-8178-4d72-9f94-3296a2de1dd1/group_specs/key3 returned with HTTP 200
2026-07-11 15:47:12.327 76 INFO cinder.api.openstack.wsgi [None req-a1e8c4d3-4e20-4d79-a530-aa78ac847095 303e6db0575a402282746a59f8be8688 1f87360a926e4bf695b0c6b16e03485b - - default default] GET http://[LB_IP_ADDRESS]:8776/v3/1f87360a926e4bf695b0c6b16e03485b/group_types/ce972ef7-8178-4d72-9f94-3296a2de1dd1/group_specs
2026-07-11 15:47:12.339 76 INFO cinder.api.openstack.wsgi [None req-a1e8c4d3-4e20-4d79-a530-aa78ac847095 303e6db0575a402282746a59f8be8688 1f87360a926e4bf695b0c6b16e03485b - - default default] http://[LB_IP_ADDRESS]:8776/v3/1f87360a926e4bf695b0c6b16e03485b/group_types/ce972ef7-8178-4d72-9f94-3296a2de1dd1/group_specs returned with HTTP 200
2026-07-11 15:47:12.351 74 INFO cinder.api.openstack.wsgi [None req-0aaab9e7-32c2-4e82-b355-970c4ecbe7ae 303e6db0575a402282746a59f8be8688 1f87360a926e4bf695b0c6b16e03485b - - default default] DELETE http://[LB_IP_ADDRESS]:8776/v3/1f87360a926e4bf695b0c6b16e03485b/group_types/ce972ef7-8178-4d72-9f94-3296a2de1dd1/group_specs/key1
2026-07-11 15:47:12.368 74 INFO cinder.api.openstack.wsgi [None req-0aaab9e7-32c2-4e82-b355-970c4ecbe7ae 303e6db0575a402282746a59f8be8688 1f87360a926e4bf695b0c6b16e03485b - - default default] http://[LB_IP_ADDRESS]:8776/v3/1f87360a926e4bf695b0c6b16e03485b/group_types/ce972ef7-8178-4d72-9f94-3296a2de1dd1/group_specs/key1 returned with HTTP 202
2026-07-11 15:47:12.379 72 INFO cinder.api.openstack.wsgi [None req-d5b1e476-bb8c-4ef9-b91c-84deba0dd5f2 303e6db0575a402282746a59f8be8688 1f87360a926e4bf695b0c6b16e03485b - - default default] GET http://[LB_IP_ADDRESS]:8776/v3/1f87360a926e4bf695b0c6b16e03485b/group_types/ce972ef7-8178-4d72-9f94-3296a2de1dd1/group_specs/key1
2026-07-11 15:47:12.390 72 INFO cinder.api.openstack.wsgi [None req-d5b1e476-bb8c-4ef9-b91c-84deba0dd5f2 303e6db0575a402282746a59f8be8688 1f87360a926e4bf695b0c6b16e03485b - - default default] HTTP exception thrown: Group Type ce972ef7-8178-4d72-9f94-3296a2de1dd1 has no extra spec with key key1.
2026-07-11 15:47:12.391 72 INFO cinder.api.openstack.wsgi [None req-d5b1e476-bb8c-4ef9-b91c-84deba0dd5f2 303e6db0575a402282746a59f8be8688 1f87360a926e4bf695b0c6b16e03485b - - default default] http://[LB_IP_ADDRESS]:8776/v3/1f87360a926e4bf695b0c6b16e03485b/group_types/ce972ef7-8178-4d72-9f94-3296a2de1dd1/group_specs/key1 returned with HTTP 404
2026-07-11 15:47:12.402 73 INFO cinder.api.openstack.wsgi [None req-fb21cb40-9f57-4703-8d9c-fc96899ee082 303e6db0575a402282746a59f8be8688 1f87360a926e4bf695b0c6b16e03485b - - default default] DELETE http://[LB_IP_ADDRESS]:8776/v3/1f87360a926e4bf695b0c6b16e03485b/group_types/ce972ef7-8178-4d72-9f94-3296a2de1dd1/group_specs/key2
2026-07-11 15:47:12.418 73 INFO cinder.api.openstack.wsgi [None req-fb21cb40-9f57-4703-8d9c-fc96899ee082 303e6db0575a402282746a59f8be8688 1f87360a926e4bf695b0c6b16e03485b - - default default] http://[LB_IP_ADDRESS]:8776/v3/1f87360a926e4bf695b0c6b16e03485b/group_types/ce972ef7-8178-4d72-9f94-3296a2de1dd1/group_specs/key2 returned with HTTP 202
2026-07-11 15:47:12.430 76 INFO cinder.api.openstack.wsgi [None req-4d3bffb5-ce26-4533-9c01-9d36c40f7743 303e6db0575a402282746a59f8be8688 1f87360a926e4bf695b0c6b16e03485b - - default default] GET http://[LB_IP_ADDRESS]:8776/v3/1f87360a926e4bf695b0c6b16e03485b/group_types/ce972ef7-8178-4d72-9f94-3296a2de1dd1/group_specs/key2
2026-07-11 15:47:12.440 76 INFO cinder.api.openstack.wsgi [None req-4d3bffb5-ce26-4533-9c01-9d36c40f7743 303e6db0575a402282746a59f8be8688 1f87360a926e4bf695b0c6b16e03485b - - default default] HTTP exception thrown: Group Type ce972ef7-8178-4d72-9f94-3296a2de1dd1 has no extra spec with key key2.
2026-07-11 15:47:12.441 76 INFO cinder.api.openstack.wsgi [None req-4d3bffb5-ce26-4533-9c01-9d36c40f7743 303e6db0575a402282746a59f8be8688 1f87360a926e4bf695b0c6b16e03485b - - default default] http://[LB_IP_ADDRESS]:8776/v3/1f87360a926e4bf695b0c6b16e03485b/group_types/ce972ef7-8178-4d72-9f94-3296a2de1dd1/group_specs/key2 returned with HTTP 404
2026-07-11 15:47:12.452 74 INFO cinder.api.openstack.wsgi [None req-d324fc6d-f921-4e29-9ab0-441a64341cd1 303e6db0575a402282746a59f8be8688 1f87360a926e4bf695b0c6b16e03485b - - default default] DELETE http://[LB_IP_ADDRESS]:8776/v3/1f87360a926e4bf695b0c6b16e03485b/group_types/ce972ef7-8178-4d72-9f94-3296a2de1dd1/group_specs/key3
2026-07-11 15:47:12.467 74 INFO cinder.api.openstack.wsgi [None req-d324fc6d-f921-4e29-9ab0-441a64341cd1 303e6db0575a402282746a59f8be8688 1f87360a926e4bf695b0c6b16e03485b - - default default] http://[LB_IP_ADDRESS]:8776/v3/1f87360a926e4bf695b0c6b16e03485b/group_types/ce972ef7-8178-4d72-9f94-3296a2de1dd1/group_specs/key3 returned with HTTP 202
2026-07-11 15:47:12.477 72 INFO cinder.api.openstack.wsgi [None req-2ef2f58f-458b-4231-a6fa-8d5fa8dd2504 303e6db0575a402282746a59f8be8688 1f87360a926e4bf695b0c6b16e03485b - - default default] GET http://[LB_IP_ADDRESS]:8776/v3/1f87360a926e4bf695b0c6b16e03485b/group_types/ce972ef7-8178-4d72-9f94-3296a2de1dd1/group_specs/key3
2026-07-11 15:47:12.488 72 INFO cinder.api.openstack.wsgi [None req-2ef2f58f-458b-4231-a6fa-8d5fa8dd2504 303e6db0575a402282746a59f8be8688 1f87360a926e4bf695b0c6b16e03485b - - default default] HTTP exception thrown: Group Type ce972ef7-8178-4d72-9f94-3296a2de1dd1 has no extra spec with key key3.
2026-07-11 15:47:12.488 72 INFO cinder.api.openstack.wsgi [None req-2ef2f58f-458b-4231-a6fa-8d5fa8dd2504 303e6db0575a402282746a59f8be8688 1f87360a926e4bf695b0c6b16e03485b - - default default] http://[LB_IP_ADDRESS]:8776/v3/1f87360a926e4bf695b0c6b16e03485b/group_types/ce972ef7-8178-4d72-9f94-3296a2de1dd1/group_specs/key3 returned with HTTP 404
2026-07-11 15:47:12.500 73 INFO cinder.api.openstack.wsgi [None req-52f0464f-86dd-44c4-b853-cc44bb52fca6 303e6db0575a402282746a59f8be8688 1f87360a926e4bf695b0c6b16e03485b - - default default] DELETE http://[LB_IP_ADDRESS]:8776/v3/1f87360a926e4bf695b0c6b16e03485b/group_types/ce972ef7-8178-4d72-9f94-3296a2de1dd1
2026-07-11 15:47:12.520 73 INFO cinder.api.openstack.wsgi [None req-52f0464f-86dd-44c4-b853-cc44bb52fca6 303e6db0575a402282746a59f8be8688 1f87360a926e4bf695b0c6b16e03485b - - default default] http://[LB_IP_ADDRESS]:8776/v3/1f87360a926e4bf695b0c6b16e03485b/group_types/ce972ef7-8178-4d72-9f94-3296a2de1dd1 returned with HTTP 202
2026-07-11 15:47:12.557 75 INFO cinder.api.openstack.wsgi [None req-ffbb629a-0ee8-41d8-b868-686ef7af8bb0 a9ea20ba341d4d33ac537ad2a587ef4a 8a3b16def5754d048f6e115ddc1fde94 - - default default] GET http://[LB_IP_ADDRESS]:8776/v3/8a3b16def5754d048f6e115ddc1fde94/scheduler-stats/get_pools
2026-07-11 15:47:13.065 75 INFO cinder.api.openstack.wsgi [None req-ffbb629a-0ee8-41d8-b868-686ef7af8bb0 a9ea20ba341d4d33ac537ad2a587ef4a 8a3b16def5754d048f6e115ddc1fde94 - - default default] http://[LB_IP_ADDRESS]:8776/v3/8a3b16def5754d048f6e115ddc1fde94/scheduler-stats/get_pools returned with HTTP 200
2026-07-11 15:47:13.079 76 INFO cinder.api.openstack.wsgi [None req-4cd9ae43-669d-4519-a18d-98afd64ccb18 a9ea20ba341d4d33ac537ad2a587ef4a 8a3b16def5754d048f6e115ddc1fde94 - - default default] GET http://[LB_IP_ADDRESS]:8776/v3/8a3b16def5754d048f6e115ddc1fde94/scheduler-stats/get_pools?detail=True
2026-07-11 15:47:13.588 76 INFO cinder.api.openstack.wsgi [None req-4cd9ae43-669d-4519-a18d-98afd64ccb18 a9ea20ba341d4d33ac537ad2a587ef4a 8a3b16def5754d048f6e115ddc1fde94 - - default default] http://[LB_IP_ADDRESS]:8776/v3/8a3b16def5754d048f6e115ddc1fde94/scheduler-stats/get_pools?detail=True returned with HTTP 200
2026-07-11 15:47:13.605 74 INFO cinder.api.openstack.wsgi [None req-ebcf726c-4b7f-4a37-b0a0-bd0b1c30af7a a9ea20ba341d4d33ac537ad2a587ef4a 8a3b16def5754d048f6e115ddc1fde94 - - default default] GET http://[LB_IP_ADDRESS]:8776/v3/8a3b16def5754d048f6e115ddc1fde94/capabilities/rack04-server62@LIGHTOSardffj
2026-07-11 15:47:14.120 74 INFO cinder.api.openstack.wsgi [None req-ebcf726c-4b7f-4a37-b0a0-bd0b1c30af7a a9ea20ba341d4d33ac537ad2a587ef4a 8a3b16def5754d048f6e115ddc1fde94 - - default default] http://[LB_IP_ADDRESS]:8776/v3/8a3b16def5754d048f6e115ddc1fde94/capabilities/rack04-server62@LIGHTOSardffj returned with HTTP 200
2026-07-11 15:47:14.138 72 INFO cinder.api.openstack.wsgi [None req-785f2f09-a691-45f8-a4ce-1aded161fc74 a9ea20ba341d4d33ac537ad2a587ef4a 8a3b16def5754d048f6e115ddc1fde94 - - default default] GET http://[LB_IP_ADDRESS]:8776/v3/8a3b16def5754d048f6e115ddc1fde94/capabilities/rack04-server62@LIGHTOSardffj
2026-07-11 15:47:14.561 73 INFO cinder.api.openstack.wsgi [None req-b80bb05d-28fa-482c-a033-3a3bb58112b2 228a5ba3ffea4f0dafe27d8b8d5be2c9 2a8745edb84a4e96bf575faa2f0265d1 - - default default] POST http://[LB_IP_ADDRESS]:8776/v3/2a8745edb84a4e96bf575faa2f0265d1/types
2026-07-11 15:47:14.586 73 INFO cinder.api.openstack.wsgi [None req-b80bb05d-28fa-482c-a033-3a3bb58112b2 228a5ba3ffea4f0dafe27d8b8d5be2c9 2a8745edb84a4e96bf575faa2f0265d1 - - default default] http://[LB_IP_ADDRESS]:8776/v3/2a8745edb84a4e96bf575faa2f0265d1/types returned with HTTP 200
2026-07-11 15:47:14.599 75 INFO cinder.api.openstack.wsgi [None req-983f5333-1d04-46cb-b161-7676bf894196 228a5ba3ffea4f0dafe27d8b8d5be2c9 2a8745edb84a4e96bf575faa2f0265d1 - - default default] POST http://[LB_IP_ADDRESS]:8776/v3/2a8745edb84a4e96bf575faa2f0265d1/group_types
2026-07-11 15:47:14.622 75 INFO cinder.api.openstack.wsgi [None req-983f5333-1d04-46cb-b161-7676bf894196 228a5ba3ffea4f0dafe27d8b8d5be2c9 2a8745edb84a4e96bf575faa2f0265d1 - - default default] http://[LB_IP_ADDRESS]:8776/v3/2a8745edb84a4e96bf575faa2f0265d1/group_types returned with HTTP 202
2026-07-11 15:47:14.654 72 INFO cinder.api.openstack.wsgi [None req-785f2f09-a691-45f8-a4ce-1aded161fc74 a9ea20ba341d4d33ac537ad2a587ef4a 8a3b16def5754d048f6e115ddc1fde94 - - default default] http://[LB_IP_ADDRESS]:8776/v3/8a3b16def5754d048f6e115ddc1fde94/capabilities/rack04-server62@LIGHTOSardffj returned with HTTP 200
2026-07-11 15:47:14.779 76 INFO cinder.api.openstack.wsgi [None req-8dbfaae3-19b0-4c15-91df-b67eea9c868a 2fc7eb3e4d1046b7a3d6fd4bbc3bc6ac 599dcfd1f15d48fe8630dd0c93e5db37 - - default default] POST http://[LB_IP_ADDRESS]:8776/v3/599dcfd1f15d48fe8630dd0c93e5db37/groups
2026-07-11 15:47:14.789 76 INFO cinder.api.v3.groups [None req-8dbfaae3-19b0-4c15-91df-b67eea9c868a 2fc7eb3e4d1046b7a3d6fd4bbc3bc6ac 599dcfd1f15d48fe8630dd0c93e5db37 - - default default] Creating group tempest-GroupSnapshotsV319Test-Group-918488585.
2026-07-11 15:47:14.803 76 INFO cinder.volume.api [None req-8dbfaae3-19b0-4c15-91df-b67eea9c868a 2fc7eb3e4d1046b7a3d6fd4bbc3bc6ac 599dcfd1f15d48fe8630dd0c93e5db37 - - default default] Availability Zones retrieved successfully.
2026-07-11 15:47:14.866 76 INFO cinder.api.openstack.wsgi [None req-8dbfaae3-19b0-4c15-91df-b67eea9c868a 2fc7eb3e4d1046b7a3d6fd4bbc3bc6ac 599dcfd1f15d48fe8630dd0c93e5db37 - - default default] http://[LB_IP_ADDRESS]:8776/v3/599dcfd1f15d48fe8630dd0c93e5db37/groups returned with HTTP 202
2026-07-11 15:47:14.879 74 INFO cinder.api.openstack.wsgi [None req-209dc10b-de05-4cab-9425-3265df0a609d 2fc7eb3e4d1046b7a3d6fd4bbc3bc6ac 599dcfd1f15d48fe8630dd0c93e5db37 - - default default] GET http://[LB_IP_ADDRESS]:8776/v3/599dcfd1f15d48fe8630dd0c93e5db37/groups/f5907215-e845-4da3-bb32-d13023dfeb5a
2026-07-11 15:47:14.899 74 INFO cinder.api.openstack.wsgi [None req-209dc10b-de05-4cab-9425-3265df0a609d 2fc7eb3e4d1046b7a3d6fd4bbc3bc6ac 599dcfd1f15d48fe8630dd0c93e5db37 - - default default] http://[LB_IP_ADDRESS]:8776/v3/599dcfd1f15d48fe8630dd0c93e5db37/groups/f5907215-e845-4da3-bb32-d13023dfeb5a returned with HTTP 200
2026-07-11 15:47:15.912 73 INFO cinder.api.openstack.wsgi [None req-6fc74575-23f2-498d-8c7e-d8c5f4fc5531 2fc7eb3e4d1046b7a3d6fd4bbc3bc6ac 599dcfd1f15d48fe8630dd0c93e5db37 - - default default] GET http://[LB_IP_ADDRESS]:8776/v3/599dcfd1f15d48fe8630dd0c93e5db37/groups/f5907215-e845-4da3-bb32-d13023dfeb5a
2026-07-11 15:47:15.932 73 INFO cinder.api.openstack.wsgi [None req-6fc74575-23f2-498d-8c7e-d8c5f4fc5531 2fc7eb3e4d1046b7a3d6fd4bbc3bc6ac 599dcfd1f15d48fe8630dd0c93e5db37 - - default default] http://[LB_IP_ADDRESS]:8776/v3/599dcfd1f15d48fe8630dd0c93e5db37/groups/f5907215-e845-4da3-bb32-d13023dfeb5a returned with HTTP 200
2026-07-11 15:47:15.946 75 INFO cinder.api.openstack.wsgi [None req-3decd9d9-a423-4070-8cf4-d23a876808c0 2fc7eb3e4d1046b7a3d6fd4bbc3bc6ac 599dcfd1f15d48fe8630dd0c93e5db37 - - default default] POST http://[LB_IP_ADDRESS]:8776/v3/599dcfd1f15d48fe8630dd0c93e5db37/volumes
2026-07-11 15:47:15.964 75 INFO cinder.api.v3.volumes [None req-3decd9d9-a423-4070-8cf4-d23a876808c0 2fc7eb3e4d1046b7a3d6fd4bbc3bc6ac 599dcfd1f15d48fe8630dd0c93e5db37 - - default default] Create volume of 1 GB
2026-07-11 15:47:15.978 75 INFO cinder.volume.api [None req-3decd9d9-a423-4070-8cf4-d23a876808c0 2fc7eb3e4d1046b7a3d6fd4bbc3bc6ac 599dcfd1f15d48fe8630dd0c93e5db37 - - default default] Availability Zones retrieved successfully.
2026-07-11 15:47:16.061 75 WARNING cinder.quota [None req-3decd9d9-a423-4070-8cf4-d23a876808c0 2fc7eb3e4d1046b7a3d6fd4bbc3bc6ac 599dcfd1f15d48fe8630dd0c93e5db37 - - default default] Deprecated: Default quota for resource: volumes_tempest-GroupSnapshotsV319Test-volume-type-1465487536 is set by the default quota flag: quota_volumes_tempest-GroupSnapshotsV319Test-volume-type-1465487536, it is now deprecated. Please use the default quota class for default quota.
2026-07-11 15:47:16.062 75 WARNING cinder.quota [None req-3decd9d9-a423-4070-8cf4-d23a876808c0 2fc7eb3e4d1046b7a3d6fd4bbc3bc6ac 599dcfd1f15d48fe8630dd0c93e5db37 - - default default] Deprecated: Default quota for resource: gigabytes_tempest-GroupSnapshotsV319Test-volume-type-1465487536 is set by the default quota flag: quota_gigabytes_tempest-GroupSnapshotsV319Test-volume-type-1465487536, it is now deprecated. Please use the default quota class for default quota.
2026-07-11 15:47:16.157 75 INFO cinder.volume.api [None req-3decd9d9-a423-4070-8cf4-d23a876808c0 2fc7eb3e4d1046b7a3d6fd4bbc3bc6ac 599dcfd1f15d48fe8630dd0c93e5db37 - - default default] Create volume request issued successfully.
2026-07-11 15:47:16.174 75 INFO cinder.api.openstack.wsgi [None req-3decd9d9-a423-4070-8cf4-d23a876808c0 2fc7eb3e4d1046b7a3d6fd4bbc3bc6ac 599dcfd1f15d48fe8630dd0c93e5db37 - - default default] http://[LB_IP_ADDRESS]:8776/v3/599dcfd1f15d48fe8630dd0c93e5db37/volumes returned with HTTP 202
2026-07-11 15:47:16.192 72 INFO cinder.api.openstack.wsgi [None req-212d26b2-7c3e-4d3d-b90b-0d88d0f7bd92 2fc7eb3e4d1046b7a3d6fd4bbc3bc6ac 599dcfd1f15d48fe8630dd0c93e5db37 - - default default] GET http://[LB_IP_ADDRESS]:8776/v3/599dcfd1f15d48fe8630dd0c93e5db37/volumes/0b53cf46-f8ab-432d-a8b4-de83c5af684b
2026-07-11 15:47:16.212 72 INFO cinder.volume.api [None req-212d26b2-7c3e-4d3d-b90b-0d88d0f7bd92 2fc7eb3e4d1046b7a3d6fd4bbc3bc6ac 599dcfd1f15d48fe8630dd0c93e5db37 - - default default] Volume info retrieved successfully.
2026-07-11 15:47:16.232 72 INFO cinder.api.openstack.wsgi [None req-212d26b2-7c3e-4d3d-b90b-0d88d0f7bd92 2fc7eb3e4d1046b7a3d6fd4bbc3bc6ac 599dcfd1f15d48fe8630dd0c93e5db37 - - default default] http://[LB_IP_ADDRESS]:8776/v3/599dcfd1f15d48fe8630dd0c93e5db37/volumes/0b53cf46-f8ab-432d-a8b4-de83c5af684b returned with HTTP 200
2026-07-11 15:47:17.252 76 INFO cinder.api.openstack.wsgi [None req-0d786025-a833-45e9-bb54-4a193ef92a41 2fc7eb3e4d1046b7a3d6fd4bbc3bc6ac 599dcfd1f15d48fe8630dd0c93e5db37 - - default default] GET http://[LB_IP_ADDRESS]:8776/v3/599dcfd1f15d48fe8630dd0c93e5db37/volumes/0b53cf46-f8ab-432d-a8b4-de83c5af684b
2026-07-11 15:47:17.274 76 INFO cinder.volume.api [None req-0d786025-a833-45e9-bb54-4a193ef92a41 2fc7eb3e4d1046b7a3d6fd4bbc3bc6ac 599dcfd1f15d48fe8630dd0c93e5db37 - - default default] Volume info retrieved successfully.
2026-07-11 15:47:17.300 76 INFO cinder.api.openstack.wsgi [None req-0d786025-a833-45e9-bb54-4a193ef92a41 2fc7eb3e4d1046b7a3d6fd4bbc3bc6ac 599dcfd1f15d48fe8630dd0c93e5db37 - - default default] http://[LB_IP_ADDRESS]:8776/v3/599dcfd1f15d48fe8630dd0c93e5db37/volumes/0b53cf46-f8ab-432d-a8b4-de83c5af684b returned with HTTP 200
2026-07-11 15:47:17.320 74 INFO cinder.api.openstack.wsgi [None req-8815f40e-b550-44e4-be90-a99fbfbb24ba 2fc7eb3e4d1046b7a3d6fd4bbc3bc6ac 599dcfd1f15d48fe8630dd0c93e5db37 - - default default] POST http://[LB_IP_ADDRESS]:8776/v3/599dcfd1f15d48fe8630dd0c93e5db37/group_snapshots
2026-07-11 15:47:17.337 74 INFO cinder.api.v3.group_snapshots [None req-8815f40e-b550-44e4-be90-a99fbfbb24ba 2fc7eb3e4d1046b7a3d6fd4bbc3bc6ac 599dcfd1f15d48fe8630dd0c93e5db37 - - default default] Creating group_snapshot tempest-GroupSnapshotsV319Test-Group_Snapshot-1570754395.
2026-07-11 15:47:17.385 74 WARNING cinder.quota [None req-8815f40e-b550-44e4-be90-a99fbfbb24ba 2fc7eb3e4d1046b7a3d6fd4bbc3bc6ac 599dcfd1f15d48fe8630dd0c93e5db37 - - default default] Deprecated: Default quota for resource: gigabytes_tempest-GroupSnapshotsV319Test-volume-type-1465487536 is set by the default quota flag: quota_gigabytes_tempest-GroupSnapshotsV319Test-volume-type-1465487536, it is now deprecated. Please use the default quota class for default quota.
2026-07-11 15:47:17.386 74 WARNING cinder.quota [None req-8815f40e-b550-44e4-be90-a99fbfbb24ba 2fc7eb3e4d1046b7a3d6fd4bbc3bc6ac 599dcfd1f15d48fe8630dd0c93e5db37 - - default default] Deprecated: Default quota for resource: snapshots_tempest-GroupSnapshotsV319Test-volume-type-1465487536 is set by the default quota flag: quota_snapshots_tempest-GroupSnapshotsV319Test-volume-type-1465487536, it is now deprecated. Please use the default quota class for default quota.
2026-07-11 15:47:17.449 74 INFO cinder.api.openstack.wsgi [None req-8815f40e-b550-44e4-be90-a99fbfbb24ba 2fc7eb3e4d1046b7a3d6fd4bbc3bc6ac 599dcfd1f15d48fe8630dd0c93e5db37 - - default default] http://[LB_IP_ADDRESS]:8776/v3/599dcfd1f15d48fe8630dd0c93e5db37/group_snapshots returned with HTTP 202
2026-07-11 15:47:17.461 73 INFO cinder.api.openstack.wsgi [None req-97ecfcd0-a41b-4cde-a674-a1e55eae8d8b 2fc7eb3e4d1046b7a3d6fd4bbc3bc6ac 599dcfd1f15d48fe8630dd0c93e5db37 - - default default] GET http://[LB_IP_ADDRESS]:8776/v3/599dcfd1f15d48fe8630dd0c93e5db37/group_snapshots/b8b6bec4-b100-4b79-b1f6-bbf70772ee4b
2026-07-11 15:47:17.473 73 INFO cinder.api.openstack.wsgi [None req-97ecfcd0-a41b-4cde-a674-a1e55eae8d8b 2fc7eb3e4d1046b7a3d6fd4bbc3bc6ac 599dcfd1f15d48fe8630dd0c93e5db37 - - default default] http://[LB_IP_ADDRESS]:8776/v3/599dcfd1f15d48fe8630dd0c93e5db37/group_snapshots/b8b6bec4-b100-4b79-b1f6-bbf70772ee4b returned with HTTP 200
2026-07-11 15:47:18.311 75 INFO cinder.api.openstack.wsgi [None req-227380ce-0152-420f-a639-546302db994b 0d9bfd0347ad4a899a553e19a9678433 99d4dede25e24c9a8bde0b3ac6724582 - - default default] GET http://[LB_IP_ADDRESS]:8776/v3/99d4dede25e24c9a8bde0b3ac6724582/os-quota-sets/cd4883b9e9324e7f9f4caee7374b8485
2026-07-11 15:47:18.332 75 WARNING cinder.quota [None req-227380ce-0152-420f-a639-546302db994b 0d9bfd0347ad4a899a553e19a9678433 99d4dede25e24c9a8bde0b3ac6724582 - - default default] Deprecated: Default quota for resource: snapshots_tempest-GroupSnapshotsV319Test-volume-type-1465487536 is set by the default quota flag: quota_snapshots_tempest-GroupSnapshotsV319Test-volume-type-1465487536, it is now deprecated. Please use the default quota class for default quota.
2026-07-11 15:47:18.347 75 INFO cinder.api.openstack.wsgi [None req-227380ce-0152-420f-a639-546302db994b 0d9bfd0347ad4a899a553e19a9678433 99d4dede25e24c9a8bde0b3ac6724582 - - default default] http://[LB_IP_ADDRESS]:8776/v3/99d4dede25e24c9a8bde0b3ac6724582/os-quota-sets/cd4883b9e9324e7f9f4caee7374b8485 returned with HTTP 200
2026-07-11 15:47:18.363 72 INFO cinder.api.openstack.wsgi [None req-f7fdf834-1725-424f-aede-fb18d1b3ab04 0d9bfd0347ad4a899a553e19a9678433 99d4dede25e24c9a8bde0b3ac6724582 - - default default] GET http://[LB_IP_ADDRESS]:8776/v3/99d4dede25e24c9a8bde0b3ac6724582/os-quota-sets/cd4883b9e9324e7f9f4caee7374b8485/defaults
2026-07-11 15:47:18.376 72 WARNING cinder.quota [None req-f7fdf834-1725-424f-aede-fb18d1b3ab04 0d9bfd0347ad4a899a553e19a9678433 99d4dede25e24c9a8bde0b3ac6724582 - - default default] Deprecated: Default quota for resource: volumes_tempest-GroupSnapshotsV319Test-volume-type-1465487536 is set by the default quota flag: quota_volumes_tempest-GroupSnapshotsV319Test-volume-type-1465487536, it is now deprecated. Please use the default quota class for default quota.
2026-07-11 15:47:18.377 72 WARNING cinder.quota [None req-f7fdf834-1725-424f-aede-fb18d1b3ab04 0d9bfd0347ad4a899a553e19a9678433 99d4dede25e24c9a8bde0b3ac6724582 - - default default] Deprecated: Default quota for resource: gigabytes_tempest-GroupSnapshotsV319Test-volume-type-1465487536 is set by the default quota flag: quota_gigabytes_tempest-GroupSnapshotsV319Test-volume-type-1465487536, it is now deprecated. Please use the default quota class for default quota.
2026-07-11 15:47:18.377 72 WARNING cinder.quota [None req-f7fdf834-1725-424f-aede-fb18d1b3ab04 0d9bfd0347ad4a899a553e19a9678433 99d4dede25e24c9a8bde0b3ac6724582 - - default default] Deprecated: Default quota for resource: snapshots_tempest-GroupSnapshotsV319Test-volume-type-1465487536 is set by the default quota flag: quota_snapshots_tempest-GroupSnapshotsV319Test-volume-type-1465487536, it is now deprecated. Please use the default quota class for default quota.
2026-07-11 15:47:18.385 72 INFO cinder.api.openstack.wsgi [None req-f7fdf834-1725-424f-aede-fb18d1b3ab04 0d9bfd0347ad4a899a553e19a9678433 99d4dede25e24c9a8bde0b3ac6724582 - - default default] http://[LB_IP_ADDRESS]:8776/v3/99d4dede25e24c9a8bde0b3ac6724582/os-quota-sets/cd4883b9e9324e7f9f4caee7374b8485/defaults returned with HTTP 200
2026-07-11 15:47:18.397 76 INFO cinder.api.openstack.wsgi [None req-0355e124-5db2-4d01-a6ff-daa7e6ce0344 0d9bfd0347ad4a899a553e19a9678433 99d4dede25e24c9a8bde0b3ac6724582 - - default default] PUT http://[LB_IP_ADDRESS]:8776/v3/99d4dede25e24c9a8bde0b3ac6724582/os-quota-sets/cd4883b9e9324e7f9f4caee7374b8485
2026-07-11 15:47:18.438 76 WARNING cinder.quota [None req-0355e124-5db2-4d01-a6ff-daa7e6ce0344 0d9bfd0347ad4a899a553e19a9678433 99d4dede25e24c9a8bde0b3ac6724582 - - default default] Deprecated: Default quota for resource: volumes_tempest-GroupSnapshotsV319Test-volume-type-1465487536 is set by the default quota flag: quota_volumes_tempest-GroupSnapshotsV319Test-volume-type-1465487536, it is now deprecated. Please use the default quota class for default quota.
2026-07-11 15:47:18.438 76 WARNING cinder.quota [None req-0355e124-5db2-4d01-a6ff-daa7e6ce0344 0d9bfd0347ad4a899a553e19a9678433 99d4dede25e24c9a8bde0b3ac6724582 - - default default] Deprecated: Default quota for resource: gigabytes_tempest-GroupSnapshotsV319Test-volume-type-1465487536 is set by the default quota flag: quota_gigabytes_tempest-GroupSnapshotsV319Test-volume-type-1465487536, it is now deprecated. Please use the default quota class for default quota.
2026-07-11 15:47:18.439 76 WARNING cinder.quota [None req-0355e124-5db2-4d01-a6ff-daa7e6ce0344 0d9bfd0347ad4a899a553e19a9678433 99d4dede25e24c9a8bde0b3ac6724582 - - default default] Deprecated: Default quota for resource: snapshots_tempest-GroupSnapshotsV319Test-volume-type-1465487536 is set by the default quota flag: quota_snapshots_tempest-GroupSnapshotsV319Test-volume-type-1465487536, it is now deprecated. Please use the default quota class for default quota.
2026-07-11 15:47:18.448 76 INFO cinder.api.openstack.wsgi [None req-0355e124-5db2-4d01-a6ff-daa7e6ce0344 0d9bfd0347ad4a899a553e19a9678433 99d4dede25e24c9a8bde0b3ac6724582 - - default default] http://[LB_IP_ADDRESS]:8776/v3/99d4dede25e24c9a8bde0b3ac6724582/os-quota-sets/cd4883b9e9324e7f9f4caee7374b8485 returned with HTTP 200
2026-07-11 15:47:18.460 74 INFO cinder.api.openstack.wsgi [None req-edc62338-0ef1-4eae-b197-5f4cc50ea456 0d9bfd0347ad4a899a553e19a9678433 99d4dede25e24c9a8bde0b3ac6724582 - - default default] DELETE http://[LB_IP_ADDRESS]:8776/v3/99d4dede25e24c9a8bde0b3ac6724582/os-quota-sets/cd4883b9e9324e7f9f4caee7374b8485
2026-07-11 15:47:18.466 74 INFO cinder.api.openstack.wsgi [None req-edc62338-0ef1-4eae-b197-5f4cc50ea456 0d9bfd0347ad4a899a553e19a9678433 99d4dede25e24c9a8bde0b3ac6724582 - - default default] http://[LB_IP_ADDRESS]:8776/v3/99d4dede25e24c9a8bde0b3ac6724582/os-quota-sets/cd4883b9e9324e7f9f4caee7374b8485 returned with HTTP 200
2026-07-11 15:47:18.475 73 INFO cinder.api.openstack.wsgi [None req-92329f26-dbfa-4278-8a08-7d47721fb89e 0d9bfd0347ad4a899a553e19a9678433 99d4dede25e24c9a8bde0b3ac6724582 - - default default] GET http://[LB_IP_ADDRESS]:8776/v3/99d4dede25e24c9a8bde0b3ac6724582/os-quota-sets/cd4883b9e9324e7f9f4caee7374b8485
2026-07-11 15:47:18.485 75 INFO cinder.api.openstack.wsgi [None req-4fbc35e3-3e30-4753-be2f-63de372a0a44 2fc7eb3e4d1046b7a3d6fd4bbc3bc6ac 599dcfd1f15d48fe8630dd0c93e5db37 - - default default] GET http://[LB_IP_ADDRESS]:8776/v3/599dcfd1f15d48fe8630dd0c93e5db37/group_snapshots/b8b6bec4-b100-4b79-b1f6-bbf70772ee4b
2026-07-11 15:47:18.496 75 INFO cinder.api.openstack.wsgi [None req-4fbc35e3-3e30-4753-be2f-63de372a0a44 2fc7eb3e4d1046b7a3d6fd4bbc3bc6ac 599dcfd1f15d48fe8630dd0c93e5db37 - - default default] http://[LB_IP_ADDRESS]:8776/v3/599dcfd1f15d48fe8630dd0c93e5db37/group_snapshots/b8b6bec4-b100-4b79-b1f6-bbf70772ee4b returned with HTTP 200
2026-07-11 15:47:18.496 73 WARNING cinder.quota [None req-92329f26-dbfa-4278-8a08-7d47721fb89e 0d9bfd0347ad4a899a553e19a9678433 99d4dede25e24c9a8bde0b3ac6724582 - - default default] Deprecated: Default quota for resource: volumes_tempest-GroupSnapshotsV319Test-volume-type-1465487536 is set by the default quota flag: quota_volumes_tempest-GroupSnapshotsV319Test-volume-type-1465487536, it is now deprecated. Please use the default quota class for default quota.
2026-07-11 15:47:18.497 73 WARNING cinder.quota [None req-92329f26-dbfa-4278-8a08-7d47721fb89e 0d9bfd0347ad4a899a553e19a9678433 99d4dede25e24c9a8bde0b3ac6724582 - - default default] Deprecated: Default quota for resource: gigabytes_tempest-GroupSnapshotsV319Test-volume-type-1465487536 is set by the default quota flag: quota_gigabytes_tempest-GroupSnapshotsV319Test-volume-type-1465487536, it is now deprecated. Please use the default quota class for default quota.
2026-07-11 15:47:18.498 73 WARNING cinder.quota [None req-92329f26-dbfa-4278-8a08-7d47721fb89e 0d9bfd0347ad4a899a553e19a9678433 99d4dede25e24c9a8bde0b3ac6724582 - - default default] Deprecated: Default quota for resource: snapshots_tempest-GroupSnapshotsV319Test-volume-type-1465487536 is set by the default quota flag: quota_snapshots_tempest-GroupSnapshotsV319Test-volume-type-1465487536, it is now deprecated. Please use the default quota class for default quota.
2026-07-11 15:47:18.514 73 INFO cinder.api.openstack.wsgi [None req-92329f26-dbfa-4278-8a08-7d47721fb89e 0d9bfd0347ad4a899a553e19a9678433 99d4dede25e24c9a8bde0b3ac6724582 - - default default] http://[LB_IP_ADDRESS]:8776/v3/99d4dede25e24c9a8bde0b3ac6724582/os-quota-sets/cd4883b9e9324e7f9f4caee7374b8485 returned with HTTP 200
2026-07-11 15:47:18.528 72 INFO cinder.api.openstack.wsgi [None req-0b741378-10f0-4a79-b23a-794a5e1e6d3c 0d9bfd0347ad4a899a553e19a9678433 99d4dede25e24c9a8bde0b3ac6724582 - - default default] PUT http://[LB_IP_ADDRESS]:8776/v3/99d4dede25e24c9a8bde0b3ac6724582/os-quota-sets/cd4883b9e9324e7f9f4caee7374b8485
2026-07-11 15:47:18.637 72 INFO cinder.api.openstack.wsgi [None req-0b741378-10f0-4a79-b23a-794a5e1e6d3c 0d9bfd0347ad4a899a553e19a9678433 99d4dede25e24c9a8bde0b3ac6724582 - - default default] http://[LB_IP_ADDRESS]:8776/v3/99d4dede25e24c9a8bde0b3ac6724582/os-quota-sets/cd4883b9e9324e7f9f4caee7374b8485 returned with HTTP 200
2026-07-11 15:47:18.651 76 INFO cinder.api.openstack.wsgi [None req-54660339-ff7f-4ae1-a83a-9f13479792da 0d9bfd0347ad4a899a553e19a9678433 99d4dede25e24c9a8bde0b3ac6724582 - - default default] GET http://[LB_IP_ADDRESS]:8776/v3/99d4dede25e24c9a8bde0b3ac6724582/os-quota-sets/cd4883b9e9324e7f9f4caee7374b8485/defaults
2026-07-11 15:47:18.679 76 INFO cinder.api.openstack.wsgi [None req-54660339-ff7f-4ae1-a83a-9f13479792da 0d9bfd0347ad4a899a553e19a9678433 99d4dede25e24c9a8bde0b3ac6724582 - - default default] http://[LB_IP_ADDRESS]:8776/v3/99d4dede25e24c9a8bde0b3ac6724582/os-quota-sets/cd4883b9e9324e7f9f4caee7374b8485/defaults returned with HTTP 200
2026-07-11 15:47:18.697 74 INFO cinder.api.openstack.wsgi [None req-5cb70ccf-1d87-441d-9332-3cd57a8b6cf8 0d9bfd0347ad4a899a553e19a9678433 99d4dede25e24c9a8bde0b3ac6724582 - - default default] GET http://[LB_IP_ADDRESS]:8776/v3/99d4dede25e24c9a8bde0b3ac6724582/os-quota-sets/cd4883b9e9324e7f9f4caee7374b8485
2026-07-11 15:47:18.718 74 WARNING cinder.quota [None req-5cb70ccf-1d87-441d-9332-3cd57a8b6cf8 0d9bfd0347ad4a899a553e19a9678433 99d4dede25e24c9a8bde0b3ac6724582 - - default default] Deprecated: Default quota for resource: volumes_tempest-GroupSnapshotsV319Test-volume-type-1465487536 is set by the default quota flag: quota_volumes_tempest-GroupSnapshotsV319Test-volume-type-1465487536, it is now deprecated. Please use the default quota class for default quota.
2026-07-11 15:47:18.732 74 INFO cinder.api.openstack.wsgi [None req-5cb70ccf-1d87-441d-9332-3cd57a8b6cf8 0d9bfd0347ad4a899a553e19a9678433 99d4dede25e24c9a8bde0b3ac6724582 - - default default] http://[LB_IP_ADDRESS]:8776/v3/99d4dede25e24c9a8bde0b3ac6724582/os-quota-sets/cd4883b9e9324e7f9f4caee7374b8485 returned with HTTP 200
2026-07-11 15:47:18.748 75 INFO cinder.api.openstack.wsgi [None req-3fdae5b3-9d8f-48a1-a8d3-384bf1289215 0d9bfd0347ad4a899a553e19a9678433 99d4dede25e24c9a8bde0b3ac6724582 - - default default] GET http://[LB_IP_ADDRESS]:8776/v3/99d4dede25e24c9a8bde0b3ac6724582/os-quota-sets/cd4883b9e9324e7f9f4caee7374b8485?usage=True
2026-07-11 15:47:18.787 75 INFO cinder.api.openstack.wsgi [None req-3fdae5b3-9d8f-48a1-a8d3-384bf1289215 0d9bfd0347ad4a899a553e19a9678433 99d4dede25e24c9a8bde0b3ac6724582 - - default default] http://[LB_IP_ADDRESS]:8776/v3/99d4dede25e24c9a8bde0b3ac6724582/os-quota-sets/cd4883b9e9324e7f9f4caee7374b8485?usage=True returned with HTTP 200
2026-07-11 15:47:18.927 73 INFO cinder.api.openstack.wsgi [None req-ed277297-6404-413b-a8d8-c92716721faf 2ad284c29ec14d1c87dd9314ed5321ef cd4883b9e9324e7f9f4caee7374b8485 - - default default] POST http://[LB_IP_ADDRESS]:8776/v3/cd4883b9e9324e7f9f4caee7374b8485/volumes
2026-07-11 15:47:18.931 73 INFO cinder.api.v3.volumes [None req-ed277297-6404-413b-a8d8-c92716721faf 2ad284c29ec14d1c87dd9314ed5321ef cd4883b9e9324e7f9f4caee7374b8485 - - default default] Create volume of 1 GB
2026-07-11 15:47:18.938 73 INFO cinder.volume.api [None req-ed277297-6404-413b-a8d8-c92716721faf 2ad284c29ec14d1c87dd9314ed5321ef cd4883b9e9324e7f9f4caee7374b8485 - - default default] Availability Zones retrieved successfully.
2026-07-11 15:47:18.992 72 INFO cinder.api.openstack.wsgi [None req-27c63230-d9b5-4c04-8b6f-a1c1140e8183 767c7a5751064c6ead91eee17ac70d5a a564cc22d7c845deb8009b24d310bbd4 - - default default] POST http://[LB_IP_ADDRESS]:8776/v3/a564cc22d7c845deb8009b24d310bbd4/types
2026-07-11 15:47:19.016 72 INFO cinder.api.openstack.wsgi [None req-27c63230-d9b5-4c04-8b6f-a1c1140e8183 767c7a5751064c6ead91eee17ac70d5a a564cc22d7c845deb8009b24d310bbd4 - - default default] http://[LB_IP_ADDRESS]:8776/v3/a564cc22d7c845deb8009b24d310bbd4/types returned with HTTP 200
2026-07-11 15:47:19.028 76 INFO cinder.api.openstack.wsgi [None req-cf9d0f6c-9e3c-462b-936e-87355f89b6e4 767c7a5751064c6ead91eee17ac70d5a a564cc22d7c845deb8009b24d310bbd4 - - default default] POST http://[LB_IP_ADDRESS]:8776/v3/a564cc22d7c845deb8009b24d310bbd4/group_types
2026-07-11 15:47:19.045 76 INFO cinder.api.openstack.wsgi [None req-cf9d0f6c-9e3c-462b-936e-87355f89b6e4 767c7a5751064c6ead91eee17ac70d5a a564cc22d7c845deb8009b24d310bbd4 - - default default] http://[LB_IP_ADDRESS]:8776/v3/a564cc22d7c845deb8009b24d310bbd4/group_types returned with HTTP 202
2026-07-11 15:47:19.119 73 INFO cinder.volume.api [None req-ed277297-6404-413b-a8d8-c92716721faf 2ad284c29ec14d1c87dd9314ed5321ef cd4883b9e9324e7f9f4caee7374b8485 - - default default] Create volume request issued successfully.
2026-07-11 15:47:19.120 73 INFO cinder.api.openstack.wsgi [None req-ed277297-6404-413b-a8d8-c92716721faf 2ad284c29ec14d1c87dd9314ed5321ef cd4883b9e9324e7f9f4caee7374b8485 - - default default] http://[LB_IP_ADDRESS]:8776/v3/cd4883b9e9324e7f9f4caee7374b8485/volumes returned with HTTP 202
2026-07-11 15:47:19.138 75 INFO cinder.api.openstack.wsgi [None req-186c14b5-d1ae-4499-95f7-4028f14fd067 2ad284c29ec14d1c87dd9314ed5321ef cd4883b9e9324e7f9f4caee7374b8485 - - default default] GET http://[LB_IP_ADDRESS]:8776/v3/cd4883b9e9324e7f9f4caee7374b8485/volumes/45224029-c38d-4a8e-b60b-12e5e1661888
2026-07-11 15:47:19.139 74 INFO cinder.api.openstack.wsgi [None req-b5d19a1f-b60f-43a4-8305-1204647ff18b 19669215dea84d7cae6a516b0c272f76 d1a528a6d6964d43bb99decdbdc6be1a - - default default] POST http://[LB_IP_ADDRESS]:8776/v3/d1a528a6d6964d43bb99decdbdc6be1a/groups
2026-07-11 15:47:19.149 74 INFO cinder.api.v3.groups [None req-b5d19a1f-b60f-43a4-8305-1204647ff18b 19669215dea84d7cae6a516b0c272f76 d1a528a6d6964d43bb99decdbdc6be1a - - default default] Creating group tempest-GroupSnapshotsTest-Group-2103414198.
2026-07-11 15:47:19.162 75 INFO cinder.volume.api [None req-186c14b5-d1ae-4499-95f7-4028f14fd067 2ad284c29ec14d1c87dd9314ed5321ef cd4883b9e9324e7f9f4caee7374b8485 - - default default] Volume info retrieved successfully.
2026-07-11 15:47:19.164 74 INFO cinder.volume.api [None req-b5d19a1f-b60f-43a4-8305-1204647ff18b 19669215dea84d7cae6a516b0c272f76 d1a528a6d6964d43bb99decdbdc6be1a - - default default] Availability Zones retrieved successfully.
2026-07-11 15:47:19.171 75 INFO cinder.api.openstack.wsgi [None req-186c14b5-d1ae-4499-95f7-4028f14fd067 2ad284c29ec14d1c87dd9314ed5321ef cd4883b9e9324e7f9f4caee7374b8485 - - default default] http://[LB_IP_ADDRESS]:8776/v3/cd4883b9e9324e7f9f4caee7374b8485/volumes/45224029-c38d-4a8e-b60b-12e5e1661888 returned with HTTP 200
2026-07-11 15:47:19.218 74 INFO cinder.api.openstack.wsgi [None req-b5d19a1f-b60f-43a4-8305-1204647ff18b 19669215dea84d7cae6a516b0c272f76 d1a528a6d6964d43bb99decdbdc6be1a - - default default] http://[LB_IP_ADDRESS]:8776/v3/d1a528a6d6964d43bb99decdbdc6be1a/groups returned with HTTP 202
2026-07-11 15:47:19.230 72 INFO cinder.api.openstack.wsgi [None req-5069df47-53a6-4db8-9c07-a881647c9018 19669215dea84d7cae6a516b0c272f76 d1a528a6d6964d43bb99decdbdc6be1a - - default default] GET http://[LB_IP_ADDRESS]:8776/v3/d1a528a6d6964d43bb99decdbdc6be1a/groups/85c7fdcd-b0a3-4015-9586-aa57f5aa6c88
2026-07-11 15:47:19.250 72 INFO cinder.api.openstack.wsgi [None req-5069df47-53a6-4db8-9c07-a881647c9018 19669215dea84d7cae6a516b0c272f76 d1a528a6d6964d43bb99decdbdc6be1a - - default default] http://[LB_IP_ADDRESS]:8776/v3/d1a528a6d6964d43bb99decdbdc6be1a/groups/85c7fdcd-b0a3-4015-9586-aa57f5aa6c88 returned with HTTP 200
2026-07-11 15:47:19.511 76 INFO cinder.api.openstack.wsgi [None req-39c0664e-963e-4e35-8a9b-4c1b99f0ac93 2fc7eb3e4d1046b7a3d6fd4bbc3bc6ac 599dcfd1f15d48fe8630dd0c93e5db37 - - default default] GET http://[LB_IP_ADDRESS]:8776/v3/599dcfd1f15d48fe8630dd0c93e5db37/group_snapshots/b8b6bec4-b100-4b79-b1f6-bbf70772ee4b
2026-07-11 15:47:19.525 76 INFO cinder.api.openstack.wsgi [None req-39c0664e-963e-4e35-8a9b-4c1b99f0ac93 2fc7eb3e4d1046b7a3d6fd4bbc3bc6ac 599dcfd1f15d48fe8630dd0c93e5db37 - - default default] http://[LB_IP_ADDRESS]:8776/v3/599dcfd1f15d48fe8630dd0c93e5db37/group_snapshots/b8b6bec4-b100-4b79-b1f6-bbf70772ee4b returned with HTTP 200
