2025-12-04 17:17:06.934 74 WARNING cinder.quota [None req-f663adb2-b759-44aa-b33c-5426575217ac 7c8e373207644548bf00083c14d866d5 e08cd6c75e9a4e8caf9df898de665655 - - default default] Deprecated: Default quota for resource: gigabytes_tempest-GroupSnapshotsTest-volume-type-934065910 is set by the default quota flag: quota_gigabytes_tempest-GroupSnapshotsTest-volume-type-934065910, it is now deprecated. Please use the default quota class for default quota.
2025-12-04 17:17:06.934 74 WARNING cinder.quota [None req-f663adb2-b759-44aa-b33c-5426575217ac 7c8e373207644548bf00083c14d866d5 e08cd6c75e9a4e8caf9df898de665655 - - default default] Deprecated: Default quota for resource: snapshots_tempest-GroupSnapshotsTest-volume-type-934065910 is set by the default quota flag: quota_snapshots_tempest-GroupSnapshotsTest-volume-type-934065910, it is now deprecated. Please use the default quota class for default quota.
2025-12-04 17:17:06.970 74 INFO cinder.api.openstack.wsgi [None req-f663adb2-b759-44aa-b33c-5426575217ac 7c8e373207644548bf00083c14d866d5 e08cd6c75e9a4e8caf9df898de665655 - - default default] http://[LB_IP_ADDRESS]:8776/v3/e08cd6c75e9a4e8caf9df898de665655/os-quota-sets/4df3a3b0301f435f827745a05a7d9b90 returned with HTTP 200
2025-12-04 17:17:06.984 72 INFO cinder.api.openstack.wsgi [None req-76c424a3-654e-4c9f-af05-1521bcd27fe6 f7fd0f3167404419837976ae5a03a780 4df3a3b0301f435f827745a05a7d9b90 - - default default] POST http://[LB_IP_ADDRESS]:8776/v3/4df3a3b0301f435f827745a05a7d9b90/volumes
2025-12-04 17:17:06.987 72 INFO cinder.api.v3.volumes [None req-76c424a3-654e-4c9f-af05-1521bcd27fe6 f7fd0f3167404419837976ae5a03a780 4df3a3b0301f435f827745a05a7d9b90 - - default default] Create volume of 1 GB
2025-12-04 17:17:06.997 72 INFO cinder.volume.api [None req-76c424a3-654e-4c9f-af05-1521bcd27fe6 f7fd0f3167404419837976ae5a03a780 4df3a3b0301f435f827745a05a7d9b90 - - default default] Availability Zones retrieved successfully.
2025-12-04 17:17:07.208 72 WARNING cinder.quota_utils [None req-76c424a3-654e-4c9f-af05-1521bcd27fe6 f7fd0f3167404419837976ae5a03a780 4df3a3b0301f435f827745a05a7d9b90 - - default default] Quota exceeded for 4df3a3b0301f435f827745a05a7d9b90, tried to create volume (1 volumes already consumed).: cinder.exception.OverQuota: Quota exceeded for resources: ['volumes']
2025-12-04 17:17:07.210 72 WARNING cinder.volume.api [None req-76c424a3-654e-4c9f-af05-1521bcd27fe6 f7fd0f3167404419837976ae5a03a780 4df3a3b0301f435f827745a05a7d9b90 - - default default] Task 'cinder.volume.flows.api.create_volume.QuotaReserveTask;volume:create' (21cdf211-ecea-44dd-94db-0ce996c6687b) transitioned into state 'FAILURE' from state 'RUNNING'

Failure: cinder.exception.VolumeLimitExceeded: Maximum number of volumes allowed (1) exceeded for quota 'volumes'.
2025-12-04 17:17:07.213 72 WARNING cinder.volume.api [None req-76c424a3-654e-4c9f-af05-1521bcd27fe6 f7fd0f3167404419837976ae5a03a780 4df3a3b0301f435f827745a05a7d9b90 - - default default] Task 'cinder.volume.flows.api.create_volume.QuotaReserveTask;volume:create' (21cdf211-ecea-44dd-94db-0ce996c6687b) transitioned into state 'REVERTED' from state 'REVERTING'
2025-12-04 17:17:07.214 72 WARNING cinder.volume.api [None req-76c424a3-654e-4c9f-af05-1521bcd27fe6 f7fd0f3167404419837976ae5a03a780 4df3a3b0301f435f827745a05a7d9b90 - - default default] Task 'cinder.volume.flows.api.create_volume.ExtractVolumeRequestTask;volume:create' (4e84f6ec-0dcc-4f2f-a082-ad13ce5869a8) transitioned into state 'REVERTED' from state 'REVERTING'
2025-12-04 17:17:07.215 72 WARNING cinder.volume.api [None req-76c424a3-654e-4c9f-af05-1521bcd27fe6 f7fd0f3167404419837976ae5a03a780 4df3a3b0301f435f827745a05a7d9b90 - - default default] Flow 'volume_create_api' (259eaecf-8b6b-4575-a279-cb9d93ae4495) transitioned into state 'REVERTED' from state 'RUNNING'
2025-12-04 17:17:07.215 72 INFO cinder.api.middleware.fault [None req-76c424a3-654e-4c9f-af05-1521bcd27fe6 f7fd0f3167404419837976ae5a03a780 4df3a3b0301f435f827745a05a7d9b90 - - default default] http://[LB_IP_ADDRESS]:8776/v3/4df3a3b0301f435f827745a05a7d9b90/volumes returned with HTTP 413
2025-12-04 17:17:07.231 73 INFO cinder.api.openstack.wsgi [None req-813181c0-d188-4d3c-b7a5-58d956c1cd56 7c8e373207644548bf00083c14d866d5 e08cd6c75e9a4e8caf9df898de665655 - - default default] PUT http://[LB_IP_ADDRESS]:8776/v3/e08cd6c75e9a4e8caf9df898de665655/os-quota-sets/4df3a3b0301f435f827745a05a7d9b90
2025-12-04 17:17:07.320 73 WARNING cinder.quota [None req-813181c0-d188-4d3c-b7a5-58d956c1cd56 7c8e373207644548bf00083c14d866d5 e08cd6c75e9a4e8caf9df898de665655 - - default default] Deprecated: Default quota for resource: volumes_tempest-GroupSnapshotsTest-volume-type-934065910 is set by the default quota flag: quota_volumes_tempest-GroupSnapshotsTest-volume-type-934065910, it is now deprecated. Please use the default quota class for default quota.
2025-12-04 17:17:07.321 73 WARNING cinder.quota [None req-813181c0-d188-4d3c-b7a5-58d956c1cd56 7c8e373207644548bf00083c14d866d5 e08cd6c75e9a4e8caf9df898de665655 - - default default] Deprecated: Default quota for resource: gigabytes_tempest-GroupSnapshotsTest-volume-type-934065910 is set by the default quota flag: quota_gigabytes_tempest-GroupSnapshotsTest-volume-type-934065910, it is now deprecated. Please use the default quota class for default quota.
2025-12-04 17:17:07.321 73 WARNING cinder.quota [None req-813181c0-d188-4d3c-b7a5-58d956c1cd56 7c8e373207644548bf00083c14d866d5 e08cd6c75e9a4e8caf9df898de665655 - - default default] Deprecated: Default quota for resource: snapshots_tempest-GroupSnapshotsTest-volume-type-934065910 is set by the default quota flag: quota_snapshots_tempest-GroupSnapshotsTest-volume-type-934065910, it is now deprecated. Please use the default quota class for default quota.
2025-12-04 17:17:07.361 73 INFO cinder.api.openstack.wsgi [None req-813181c0-d188-4d3c-b7a5-58d956c1cd56 7c8e373207644548bf00083c14d866d5 e08cd6c75e9a4e8caf9df898de665655 - - default default] http://[LB_IP_ADDRESS]:8776/v3/e08cd6c75e9a4e8caf9df898de665655/os-quota-sets/4df3a3b0301f435f827745a05a7d9b90 returned with HTTP 200
2025-12-04 17:17:07.375 75 INFO cinder.api.openstack.wsgi [None req-3d116970-ea58-40d3-a63e-fe5f555c49be f7fd0f3167404419837976ae5a03a780 4df3a3b0301f435f827745a05a7d9b90 - - default default] POST http://[LB_IP_ADDRESS]:8776/v3/4df3a3b0301f435f827745a05a7d9b90/volumes/a97abaaf-ebcb-4b57-b5ad-c75a6a7dc94a/action
2025-12-04 17:17:07.390 75 INFO cinder.volume.api [None req-3d116970-ea58-40d3-a63e-fe5f555c49be f7fd0f3167404419837976ae5a03a780 4df3a3b0301f435f827745a05a7d9b90 - - default default] Volume info retrieved successfully.
2025-12-04 17:17:07.514 75 ERROR cinder.volume.api [None req-3d116970-ea58-40d3-a63e-fe5f555c49be f7fd0f3167404419837976ae5a03a780 4df3a3b0301f435f827745a05a7d9b90 - - default default] Quota exceeded for 4df3a3b0301f435f827745a05a7d9b90, tried to extend volume by 1G, (1G of 1G already consumed).: cinder.exception.OverQuota: Quota exceeded for resources: ['gigabytes']
2025-12-04 17:17:07.518 75 INFO cinder.api.middleware.fault [None req-3d116970-ea58-40d3-a63e-fe5f555c49be f7fd0f3167404419837976ae5a03a780 4df3a3b0301f435f827745a05a7d9b90 - - default default] http://[LB_IP_ADDRESS]:8776/v3/4df3a3b0301f435f827745a05a7d9b90/volumes/a97abaaf-ebcb-4b57-b5ad-c75a6a7dc94a/action returned with HTTP 413
2025-12-04 17:17:07.531 76 INFO cinder.api.openstack.wsgi [None req-1b3f2a53-cb47-4551-ab0d-cfe008b1dc73 f7fd0f3167404419837976ae5a03a780 4df3a3b0301f435f827745a05a7d9b90 - - default default] GET http://[LB_IP_ADDRESS]:8776/v3/4df3a3b0301f435f827745a05a7d9b90/volumes/a97abaaf-ebcb-4b57-b5ad-c75a6a7dc94a
2025-12-04 17:17:07.549 76 INFO cinder.volume.api [None req-1b3f2a53-cb47-4551-ab0d-cfe008b1dc73 f7fd0f3167404419837976ae5a03a780 4df3a3b0301f435f827745a05a7d9b90 - - default default] Volume info retrieved successfully.
2025-12-04 17:17:07.554 76 INFO cinder.api.openstack.wsgi [None req-1b3f2a53-cb47-4551-ab0d-cfe008b1dc73 f7fd0f3167404419837976ae5a03a780 4df3a3b0301f435f827745a05a7d9b90 - - default default] http://[LB_IP_ADDRESS]:8776/v3/4df3a3b0301f435f827745a05a7d9b90/volumes/a97abaaf-ebcb-4b57-b5ad-c75a6a7dc94a returned with HTTP 200
2025-12-04 17:17:07.575 74 INFO cinder.api.openstack.wsgi [None req-f0081f78-2e50-4ef5-a89e-155c10479a7b f7fd0f3167404419837976ae5a03a780 4df3a3b0301f435f827745a05a7d9b90 - - default default] DELETE http://[LB_IP_ADDRESS]:8776/v3/4df3a3b0301f435f827745a05a7d9b90/volumes/a97abaaf-ebcb-4b57-b5ad-c75a6a7dc94a
2025-12-04 17:17:07.576 74 INFO cinder.api.v3.volumes [None req-f0081f78-2e50-4ef5-a89e-155c10479a7b f7fd0f3167404419837976ae5a03a780 4df3a3b0301f435f827745a05a7d9b90 - - default default] Delete volume with id: a97abaaf-ebcb-4b57-b5ad-c75a6a7dc94a 
2025-12-04 17:17:07.589 74 INFO cinder.volume.api [None req-f0081f78-2e50-4ef5-a89e-155c10479a7b f7fd0f3167404419837976ae5a03a780 4df3a3b0301f435f827745a05a7d9b90 - - default default] Volume info retrieved successfully.
2025-12-04 17:17:07.606 74 INFO cinder.volume.api [None req-f0081f78-2e50-4ef5-a89e-155c10479a7b f7fd0f3167404419837976ae5a03a780 4df3a3b0301f435f827745a05a7d9b90 - - default default] Delete volume request issued successfully.
2025-12-04 17:17:07.606 74 INFO cinder.api.openstack.wsgi [None req-f0081f78-2e50-4ef5-a89e-155c10479a7b f7fd0f3167404419837976ae5a03a780 4df3a3b0301f435f827745a05a7d9b90 - - default default] http://[LB_IP_ADDRESS]:8776/v3/4df3a3b0301f435f827745a05a7d9b90/volumes/a97abaaf-ebcb-4b57-b5ad-c75a6a7dc94a returned with HTTP 202
2025-12-04 17:17:07.619 72 INFO cinder.api.openstack.wsgi [None req-cb1e3660-81f9-439c-817f-b4efa3ec3768 f7fd0f3167404419837976ae5a03a780 4df3a3b0301f435f827745a05a7d9b90 - - default default] GET http://[LB_IP_ADDRESS]:8776/v3/4df3a3b0301f435f827745a05a7d9b90/volumes/a97abaaf-ebcb-4b57-b5ad-c75a6a7dc94a
2025-12-04 17:17:07.635 72 INFO cinder.volume.api [None req-cb1e3660-81f9-439c-817f-b4efa3ec3768 f7fd0f3167404419837976ae5a03a780 4df3a3b0301f435f827745a05a7d9b90 - - default default] Volume info retrieved successfully.
2025-12-04 17:17:07.640 72 INFO cinder.api.openstack.wsgi [None req-cb1e3660-81f9-439c-817f-b4efa3ec3768 f7fd0f3167404419837976ae5a03a780 4df3a3b0301f435f827745a05a7d9b90 - - default default] http://[LB_IP_ADDRESS]:8776/v3/4df3a3b0301f435f827745a05a7d9b90/volumes/a97abaaf-ebcb-4b57-b5ad-c75a6a7dc94a returned with HTTP 200
2025-12-04 17:17:07.862 73 INFO cinder.api.openstack.wsgi [None req-ab700688-8fbf-4221-9b5c-71e3ff0127ac c528a5db0dac4577aeed542c93657b7d 66039510b62a4897b15dd861cefaba37 - - default default] GET http://[LB_IP_ADDRESS]:8776/v3/66039510b62a4897b15dd861cefaba37/groups/023135df-04b4-4bf0-a6f0-1a7d0ef30145
2025-12-04 17:17:07.880 73 INFO cinder.api.openstack.wsgi [None req-ab700688-8fbf-4221-9b5c-71e3ff0127ac c528a5db0dac4577aeed542c93657b7d 66039510b62a4897b15dd861cefaba37 - - default default] http://[LB_IP_ADDRESS]:8776/v3/66039510b62a4897b15dd861cefaba37/groups/023135df-04b4-4bf0-a6f0-1a7d0ef30145 returned with HTTP 200
2025-12-04 17:17:07.897 75 INFO cinder.api.openstack.wsgi [None req-18b947d4-6b92-4bd5-a4ea-bb671a56fb8b c528a5db0dac4577aeed542c93657b7d 66039510b62a4897b15dd861cefaba37 - - default default] POST http://[LB_IP_ADDRESS]:8776/v3/66039510b62a4897b15dd861cefaba37/volumes
2025-12-04 17:17:07.912 75 INFO cinder.api.v3.volumes [None req-18b947d4-6b92-4bd5-a4ea-bb671a56fb8b c528a5db0dac4577aeed542c93657b7d 66039510b62a4897b15dd861cefaba37 - - default default] Create volume of 1 GB
2025-12-04 17:17:07.920 75 INFO cinder.volume.api [None req-18b947d4-6b92-4bd5-a4ea-bb671a56fb8b c528a5db0dac4577aeed542c93657b7d 66039510b62a4897b15dd861cefaba37 - - default default] Availability Zones retrieved successfully.
2025-12-04 17:17:08.135 75 WARNING cinder.quota [None req-18b947d4-6b92-4bd5-a4ea-bb671a56fb8b c528a5db0dac4577aeed542c93657b7d 66039510b62a4897b15dd861cefaba37 - - default default] Deprecated: Default quota for resource: volumes_tempest-GroupSnapshotsTest-volume-type-934065910 is set by the default quota flag: quota_volumes_tempest-GroupSnapshotsTest-volume-type-934065910, it is now deprecated. Please use the default quota class for default quota.
2025-12-04 17:17:08.136 75 WARNING cinder.quota [None req-18b947d4-6b92-4bd5-a4ea-bb671a56fb8b c528a5db0dac4577aeed542c93657b7d 66039510b62a4897b15dd861cefaba37 - - default default] Deprecated: Default quota for resource: gigabytes_tempest-GroupSnapshotsTest-volume-type-934065910 is set by the default quota flag: quota_gigabytes_tempest-GroupSnapshotsTest-volume-type-934065910, it is now deprecated. Please use the default quota class for default quota.
2025-12-04 17:17:08.207 75 INFO cinder.volume.api [None req-18b947d4-6b92-4bd5-a4ea-bb671a56fb8b c528a5db0dac4577aeed542c93657b7d 66039510b62a4897b15dd861cefaba37 - - default default] Create volume request issued successfully.
2025-12-04 17:17:08.225 75 INFO cinder.api.openstack.wsgi [None req-18b947d4-6b92-4bd5-a4ea-bb671a56fb8b c528a5db0dac4577aeed542c93657b7d 66039510b62a4897b15dd861cefaba37 - - default default] http://[LB_IP_ADDRESS]:8776/v3/66039510b62a4897b15dd861cefaba37/volumes returned with HTTP 202
2025-12-04 17:17:08.241 76 INFO cinder.api.openstack.wsgi [None req-54999451-892b-4d14-8a58-7fdda14c0376 c528a5db0dac4577aeed542c93657b7d 66039510b62a4897b15dd861cefaba37 - - default default] GET http://[LB_IP_ADDRESS]:8776/v3/66039510b62a4897b15dd861cefaba37/volumes/000ade7c-1a0e-4903-975c-002bfca6dde8
2025-12-04 17:17:08.254 76 INFO cinder.volume.api [None req-54999451-892b-4d14-8a58-7fdda14c0376 c528a5db0dac4577aeed542c93657b7d 66039510b62a4897b15dd861cefaba37 - - default default] Volume info retrieved successfully.
2025-12-04 17:17:08.273 76 INFO cinder.api.openstack.wsgi [None req-54999451-892b-4d14-8a58-7fdda14c0376 c528a5db0dac4577aeed542c93657b7d 66039510b62a4897b15dd861cefaba37 - - default default] http://[LB_IP_ADDRESS]:8776/v3/66039510b62a4897b15dd861cefaba37/volumes/000ade7c-1a0e-4903-975c-002bfca6dde8 returned with HTTP 200
2025-12-04 17:17:08.366 74 INFO cinder.api.openstack.wsgi [None req-401dbfbd-820f-47be-947f-f0e9ea89333e e80b23bbb7d24845840228f24fdeddd5 6cb352ee306644afbbf8d2c77c9c51e3 - - default default] GET http://[LB_IP_ADDRESS]:8776/v3/6cb352ee306644afbbf8d2c77c9c51e3/os-hosts
2025-12-04 17:17:08.375 74 INFO cinder.api.openstack.wsgi [None req-401dbfbd-820f-47be-947f-f0e9ea89333e e80b23bbb7d24845840228f24fdeddd5 6cb352ee306644afbbf8d2c77c9c51e3 - - default default] http://[LB_IP_ADDRESS]:8776/v3/6cb352ee306644afbbf8d2c77c9c51e3/os-hosts returned with HTTP 200
2025-12-04 17:17:08.393 72 INFO cinder.api.openstack.wsgi [None req-4d8d854b-2efc-4c25-93cf-34568e2bd60b e80b23bbb7d24845840228f24fdeddd5 6cb352ee306644afbbf8d2c77c9c51e3 - - default default] GET http://[LB_IP_ADDRESS]:8776/v3/6cb352ee306644afbbf8d2c77c9c51e3/os-hosts
2025-12-04 17:17:08.402 72 INFO cinder.api.openstack.wsgi [None req-4d8d854b-2efc-4c25-93cf-34568e2bd60b e80b23bbb7d24845840228f24fdeddd5 6cb352ee306644afbbf8d2c77c9c51e3 - - default default] http://[LB_IP_ADDRESS]:8776/v3/6cb352ee306644afbbf8d2c77c9c51e3/os-hosts returned with HTTP 200
2025-12-04 17:17:08.413 73 INFO cinder.api.openstack.wsgi [None req-23cdeb79-b57e-451a-bce9-741cb08d5b38 e80b23bbb7d24845840228f24fdeddd5 6cb352ee306644afbbf8d2c77c9c51e3 - - default default] GET http://[LB_IP_ADDRESS]:8776/v3/6cb352ee306644afbbf8d2c77c9c51e3/os-hosts/rack05-server66@LIGHTOSphszul
2025-12-04 17:17:08.431 73 INFO cinder.api.openstack.wsgi [None req-23cdeb79-b57e-451a-bce9-741cb08d5b38 e80b23bbb7d24845840228f24fdeddd5 6cb352ee306644afbbf8d2c77c9c51e3 - - default default] http://[LB_IP_ADDRESS]:8776/v3/6cb352ee306644afbbf8d2c77c9c51e3/os-hosts/rack05-server66@LIGHTOSphszul returned with HTTP 200
2025-12-04 17:17:08.661 75 INFO cinder.api.openstack.wsgi [None req-b99585ff-a06d-4bbf-b3a3-ad96414d8014 f7fd0f3167404419837976ae5a03a780 4df3a3b0301f435f827745a05a7d9b90 - - default default] GET http://[LB_IP_ADDRESS]:8776/v3/4df3a3b0301f435f827745a05a7d9b90/volumes/a97abaaf-ebcb-4b57-b5ad-c75a6a7dc94a
2025-12-04 17:17:08.672 75 INFO cinder.api.openstack.wsgi [None req-b99585ff-a06d-4bbf-b3a3-ad96414d8014 f7fd0f3167404419837976ae5a03a780 4df3a3b0301f435f827745a05a7d9b90 - - default default] http://[LB_IP_ADDRESS]:8776/v3/4df3a3b0301f435f827745a05a7d9b90/volumes/a97abaaf-ebcb-4b57-b5ad-c75a6a7dc94a returned with HTTP 404
2025-12-04 17:17:08.687 76 INFO cinder.api.openstack.wsgi [None req-2bff6da7-0c20-4e0b-afbe-aca2b06844de 7c8e373207644548bf00083c14d866d5 e08cd6c75e9a4e8caf9df898de665655 - - default default] PUT http://[LB_IP_ADDRESS]:8776/v3/e08cd6c75e9a4e8caf9df898de665655/os-quota-sets/4df3a3b0301f435f827745a05a7d9b90
2025-12-04 17:17:08.886 76 WARNING cinder.quota [None req-2bff6da7-0c20-4e0b-afbe-aca2b06844de 7c8e373207644548bf00083c14d866d5 e08cd6c75e9a4e8caf9df898de665655 - - default default] Deprecated: Default quota for resource: volumes_tempest-GroupSnapshotsTest-volume-type-934065910 is set by the default quota flag: quota_volumes_tempest-GroupSnapshotsTest-volume-type-934065910, it is now deprecated. Please use the default quota class for default quota.
2025-12-04 17:17:08.886 76 WARNING cinder.quota [None req-2bff6da7-0c20-4e0b-afbe-aca2b06844de 7c8e373207644548bf00083c14d866d5 e08cd6c75e9a4e8caf9df898de665655 - - default default] Deprecated: Default quota for resource: gigabytes_tempest-GroupSnapshotsTest-volume-type-934065910 is set by the default quota flag: quota_gigabytes_tempest-GroupSnapshotsTest-volume-type-934065910, it is now deprecated. Please use the default quota class for default quota.
2025-12-04 17:17:08.886 76 WARNING cinder.quota [None req-2bff6da7-0c20-4e0b-afbe-aca2b06844de 7c8e373207644548bf00083c14d866d5 e08cd6c75e9a4e8caf9df898de665655 - - default default] Deprecated: Default quota for resource: snapshots_tempest-GroupSnapshotsTest-volume-type-934065910 is set by the default quota flag: quota_snapshots_tempest-GroupSnapshotsTest-volume-type-934065910, it is now deprecated. Please use the default quota class for default quota.
2025-12-04 17:17:08.929 76 INFO cinder.api.openstack.wsgi [None req-2bff6da7-0c20-4e0b-afbe-aca2b06844de 7c8e373207644548bf00083c14d866d5 e08cd6c75e9a4e8caf9df898de665655 - - default default] http://[LB_IP_ADDRESS]:8776/v3/e08cd6c75e9a4e8caf9df898de665655/os-quota-sets/4df3a3b0301f435f827745a05a7d9b90 returned with HTTP 200
2025-12-04 17:17:09.312 74 INFO cinder.api.openstack.wsgi [None req-0e0a4b70-00dc-4b5b-9695-dd45fe78dafa c528a5db0dac4577aeed542c93657b7d 66039510b62a4897b15dd861cefaba37 - - default default] GET http://[LB_IP_ADDRESS]:8776/v3/66039510b62a4897b15dd861cefaba37/volumes/000ade7c-1a0e-4903-975c-002bfca6dde8
2025-12-04 17:17:09.332 74 INFO cinder.volume.api [None req-0e0a4b70-00dc-4b5b-9695-dd45fe78dafa c528a5db0dac4577aeed542c93657b7d 66039510b62a4897b15dd861cefaba37 - - default default] Volume info retrieved successfully.
2025-12-04 17:17:09.350 74 INFO cinder.api.openstack.wsgi [None req-0e0a4b70-00dc-4b5b-9695-dd45fe78dafa c528a5db0dac4577aeed542c93657b7d 66039510b62a4897b15dd861cefaba37 - - default default] http://[LB_IP_ADDRESS]:8776/v3/66039510b62a4897b15dd861cefaba37/volumes/000ade7c-1a0e-4903-975c-002bfca6dde8 returned with HTTP 200
2025-12-04 17:17:09.377 72 INFO cinder.api.openstack.wsgi [None req-44c41042-b668-4e34-8801-34dada1e75ad c528a5db0dac4577aeed542c93657b7d 66039510b62a4897b15dd861cefaba37 - - default default] POST http://[LB_IP_ADDRESS]:8776/v3/66039510b62a4897b15dd861cefaba37/group_snapshots
2025-12-04 17:17:09.393 72 INFO cinder.api.v3.group_snapshots [None req-44c41042-b668-4e34-8801-34dada1e75ad c528a5db0dac4577aeed542c93657b7d 66039510b62a4897b15dd861cefaba37 - - default default] Creating group_snapshot tempest-group_snapshot-835423069.
2025-12-04 17:17:09.467 72 WARNING cinder.quota [None req-44c41042-b668-4e34-8801-34dada1e75ad c528a5db0dac4577aeed542c93657b7d 66039510b62a4897b15dd861cefaba37 - - default default] Deprecated: Default quota for resource: gigabytes_tempest-GroupSnapshotsTest-volume-type-934065910 is set by the default quota flag: quota_gigabytes_tempest-GroupSnapshotsTest-volume-type-934065910, it is now deprecated. Please use the default quota class for default quota.
2025-12-04 17:17:09.468 72 WARNING cinder.quota [None req-44c41042-b668-4e34-8801-34dada1e75ad c528a5db0dac4577aeed542c93657b7d 66039510b62a4897b15dd861cefaba37 - - default default] Deprecated: Default quota for resource: snapshots_tempest-GroupSnapshotsTest-volume-type-934065910 is set by the default quota flag: quota_snapshots_tempest-GroupSnapshotsTest-volume-type-934065910, it is now deprecated. Please use the default quota class for default quota.
2025-12-04 17:17:09.507 72 INFO cinder.api.openstack.wsgi [None req-44c41042-b668-4e34-8801-34dada1e75ad c528a5db0dac4577aeed542c93657b7d 66039510b62a4897b15dd861cefaba37 - - default default] http://[LB_IP_ADDRESS]:8776/v3/66039510b62a4897b15dd861cefaba37/group_snapshots returned with HTTP 202
2025-12-04 17:17:09.522 73 INFO cinder.api.openstack.wsgi [None req-f3fa9a26-951f-43ec-92f3-99f2bf3ba2ac c528a5db0dac4577aeed542c93657b7d 66039510b62a4897b15dd861cefaba37 - - default default] GET http://[LB_IP_ADDRESS]:8776/v3/66039510b62a4897b15dd861cefaba37/group_snapshots/4bdbb02c-2e96-47e9-9cba-386897578aa4
2025-12-04 17:17:09.535 73 INFO cinder.api.openstack.wsgi [None req-f3fa9a26-951f-43ec-92f3-99f2bf3ba2ac c528a5db0dac4577aeed542c93657b7d 66039510b62a4897b15dd861cefaba37 - - default default] http://[LB_IP_ADDRESS]:8776/v3/66039510b62a4897b15dd861cefaba37/group_snapshots/4bdbb02c-2e96-47e9-9cba-386897578aa4 returned with HTTP 200
2025-12-04 17:17:10.550 75 INFO cinder.api.openstack.wsgi [None req-67efc8a2-6008-4e78-a78d-e39bde66cb70 c528a5db0dac4577aeed542c93657b7d 66039510b62a4897b15dd861cefaba37 - - default default] GET http://[LB_IP_ADDRESS]:8776/v3/66039510b62a4897b15dd861cefaba37/group_snapshots/4bdbb02c-2e96-47e9-9cba-386897578aa4
2025-12-04 17:17:10.568 75 INFO cinder.api.openstack.wsgi [None req-67efc8a2-6008-4e78-a78d-e39bde66cb70 c528a5db0dac4577aeed542c93657b7d 66039510b62a4897b15dd861cefaba37 - - default default] http://[LB_IP_ADDRESS]:8776/v3/66039510b62a4897b15dd861cefaba37/group_snapshots/4bdbb02c-2e96-47e9-9cba-386897578aa4 returned with HTTP 200
2025-12-04 17:17:11.585 76 INFO cinder.api.openstack.wsgi [None req-eb002f76-47ef-42d4-be50-1737970234c0 c528a5db0dac4577aeed542c93657b7d 66039510b62a4897b15dd861cefaba37 - - default default] GET http://[LB_IP_ADDRESS]:8776/v3/66039510b62a4897b15dd861cefaba37/group_snapshots/4bdbb02c-2e96-47e9-9cba-386897578aa4
2025-12-04 17:17:11.598 76 INFO cinder.api.openstack.wsgi [None req-eb002f76-47ef-42d4-be50-1737970234c0 c528a5db0dac4577aeed542c93657b7d 66039510b62a4897b15dd861cefaba37 - - default default] http://[LB_IP_ADDRESS]:8776/v3/66039510b62a4897b15dd861cefaba37/group_snapshots/4bdbb02c-2e96-47e9-9cba-386897578aa4 returned with HTTP 200
2025-12-04 17:17:11.613 74 INFO cinder.api.openstack.wsgi [None req-a40cadfc-cb0d-408f-b709-5c3dff62cdde c528a5db0dac4577aeed542c93657b7d 66039510b62a4897b15dd861cefaba37 - - default default] GET http://[LB_IP_ADDRESS]:8776/v3/66039510b62a4897b15dd861cefaba37/snapshots/detail
2025-12-04 17:17:11.621 74 INFO cinder.volume.api [None req-a40cadfc-cb0d-408f-b709-5c3dff62cdde c528a5db0dac4577aeed542c93657b7d 66039510b62a4897b15dd861cefaba37 - - default default] Get all snapshots completed successfully.
2025-12-04 17:17:11.622 74 INFO cinder.api.openstack.wsgi [None req-a40cadfc-cb0d-408f-b709-5c3dff62cdde c528a5db0dac4577aeed542c93657b7d 66039510b62a4897b15dd861cefaba37 - - default default] http://[LB_IP_ADDRESS]:8776/v3/66039510b62a4897b15dd861cefaba37/snapshots/detail returned with HTTP 200
2025-12-04 17:17:11.640 72 INFO cinder.api.openstack.wsgi [None req-f8cfa843-3559-434c-b936-fac2183bfe73 c528a5db0dac4577aeed542c93657b7d 66039510b62a4897b15dd861cefaba37 - - default default] GET http://[LB_IP_ADDRESS]:8776/v3/66039510b62a4897b15dd861cefaba37/snapshots/f7a1e8ad-82ae-4eaf-a75e-c1a22c9e5bc9
2025-12-04 17:17:11.650 72 INFO cinder.volume.api [None req-f8cfa843-3559-434c-b936-fac2183bfe73 c528a5db0dac4577aeed542c93657b7d 66039510b62a4897b15dd861cefaba37 - - default default] Snapshot retrieved successfully.
2025-12-04 17:17:11.651 72 INFO cinder.api.openstack.wsgi [None req-f8cfa843-3559-434c-b936-fac2183bfe73 c528a5db0dac4577aeed542c93657b7d 66039510b62a4897b15dd861cefaba37 - - default default] http://[LB_IP_ADDRESS]:8776/v3/66039510b62a4897b15dd861cefaba37/snapshots/f7a1e8ad-82ae-4eaf-a75e-c1a22c9e5bc9 returned with HTTP 200
2025-12-04 17:17:11.667 73 INFO cinder.api.openstack.wsgi [None req-7f37d7e3-778c-460d-996d-6c16de576b5b c528a5db0dac4577aeed542c93657b7d 66039510b62a4897b15dd861cefaba37 - - default default] GET http://[LB_IP_ADDRESS]:8776/v3/66039510b62a4897b15dd861cefaba37/group_snapshots/4bdbb02c-2e96-47e9-9cba-386897578aa4
2025-12-04 17:17:11.682 73 INFO cinder.api.openstack.wsgi [None req-7f37d7e3-778c-460d-996d-6c16de576b5b c528a5db0dac4577aeed542c93657b7d 66039510b62a4897b15dd861cefaba37 - - default default] http://[LB_IP_ADDRESS]:8776/v3/66039510b62a4897b15dd861cefaba37/group_snapshots/4bdbb02c-2e96-47e9-9cba-386897578aa4 returned with HTTP 200
2025-12-04 17:17:11.696 75 INFO cinder.api.openstack.wsgi [None req-0f45f6b4-3355-4108-baa5-bd1986cc9874 c528a5db0dac4577aeed542c93657b7d 66039510b62a4897b15dd861cefaba37 - - default default] GET http://[LB_IP_ADDRESS]:8776/v3/66039510b62a4897b15dd861cefaba37/group_snapshots/detail
2025-12-04 17:17:11.708 75 INFO cinder.api.openstack.wsgi [None req-0f45f6b4-3355-4108-baa5-bd1986cc9874 c528a5db0dac4577aeed542c93657b7d 66039510b62a4897b15dd861cefaba37 - - default default] http://[LB_IP_ADDRESS]:8776/v3/66039510b62a4897b15dd861cefaba37/group_snapshots/detail returned with HTTP 200
2025-12-04 17:17:11.718 76 INFO cinder.api.openstack.wsgi [None req-5659c409-212d-451f-9a42-8ece56dc795d c528a5db0dac4577aeed542c93657b7d 66039510b62a4897b15dd861cefaba37 - - default default] DELETE http://[LB_IP_ADDRESS]:8776/v3/66039510b62a4897b15dd861cefaba37/group_snapshots/4bdbb02c-2e96-47e9-9cba-386897578aa4
2025-12-04 17:17:11.719 76 INFO cinder.api.v3.group_snapshots [None req-5659c409-212d-451f-9a42-8ece56dc795d c528a5db0dac4577aeed542c93657b7d 66039510b62a4897b15dd861cefaba37 - - default default] Delete group_snapshot with id: 4bdbb02c-2e96-47e9-9cba-386897578aa4
2025-12-04 17:17:11.750 76 INFO cinder.api.openstack.wsgi [None req-5659c409-212d-451f-9a42-8ece56dc795d c528a5db0dac4577aeed542c93657b7d 66039510b62a4897b15dd861cefaba37 - - default default] http://[LB_IP_ADDRESS]:8776/v3/66039510b62a4897b15dd861cefaba37/group_snapshots/4bdbb02c-2e96-47e9-9cba-386897578aa4 returned with HTTP 202
2025-12-04 17:17:11.761 74 INFO cinder.api.openstack.wsgi [None req-5a0e4e76-e274-497c-9bd8-8fc7d7f0b13c c528a5db0dac4577aeed542c93657b7d 66039510b62a4897b15dd861cefaba37 - - default default] GET http://[LB_IP_ADDRESS]:8776/v3/66039510b62a4897b15dd861cefaba37/volumes/detail
2025-12-04 17:17:11.775 74 INFO cinder.volume.api [None req-5a0e4e76-e274-497c-9bd8-8fc7d7f0b13c c528a5db0dac4577aeed542c93657b7d 66039510b62a4897b15dd861cefaba37 - - default default] Get all volumes completed successfully.
2025-12-04 17:17:11.795 74 INFO cinder.api.openstack.wsgi [None req-5a0e4e76-e274-497c-9bd8-8fc7d7f0b13c c528a5db0dac4577aeed542c93657b7d 66039510b62a4897b15dd861cefaba37 - - default default] http://[LB_IP_ADDRESS]:8776/v3/66039510b62a4897b15dd861cefaba37/volumes/detail returned with HTTP 200
2025-12-04 17:17:11.816 72 INFO cinder.api.openstack.wsgi [None req-1e099940-238c-4bc9-9af1-ad8a45562cc4 c528a5db0dac4577aeed542c93657b7d 66039510b62a4897b15dd861cefaba37 - - default default] GET http://[LB_IP_ADDRESS]:8776/v3/66039510b62a4897b15dd861cefaba37/snapshots/detail
2025-12-04 17:17:11.824 72 INFO cinder.volume.api [None req-1e099940-238c-4bc9-9af1-ad8a45562cc4 c528a5db0dac4577aeed542c93657b7d 66039510b62a4897b15dd861cefaba37 - - default default] Get all snapshots completed successfully.
2025-12-04 17:17:11.825 72 INFO cinder.api.openstack.wsgi [None req-1e099940-238c-4bc9-9af1-ad8a45562cc4 c528a5db0dac4577aeed542c93657b7d 66039510b62a4897b15dd861cefaba37 - - default default] http://[LB_IP_ADDRESS]:8776/v3/66039510b62a4897b15dd861cefaba37/snapshots/detail returned with HTTP 200
2025-12-04 17:17:11.842 73 INFO cinder.api.openstack.wsgi [None req-b59b2e56-b317-42a7-88df-bbe4e27c41a9 c528a5db0dac4577aeed542c93657b7d 66039510b62a4897b15dd861cefaba37 - - default default] GET http://[LB_IP_ADDRESS]:8776/v3/66039510b62a4897b15dd861cefaba37/snapshots/f7a1e8ad-82ae-4eaf-a75e-c1a22c9e5bc9
2025-12-04 17:17:11.851 73 INFO cinder.volume.api [None req-b59b2e56-b317-42a7-88df-bbe4e27c41a9 c528a5db0dac4577aeed542c93657b7d 66039510b62a4897b15dd861cefaba37 - - default default] Snapshot retrieved successfully.
2025-12-04 17:17:11.852 73 INFO cinder.api.openstack.wsgi [None req-b59b2e56-b317-42a7-88df-bbe4e27c41a9 c528a5db0dac4577aeed542c93657b7d 66039510b62a4897b15dd861cefaba37 - - default default] http://[LB_IP_ADDRESS]:8776/v3/66039510b62a4897b15dd861cefaba37/snapshots/f7a1e8ad-82ae-4eaf-a75e-c1a22c9e5bc9 returned with HTTP 200
2025-12-04 17:17:11.980 75 INFO cinder.api.openstack.wsgi [None req-374d60ae-2665-466e-b7ad-d85499a7d438 7b5d37088eb54e6496047e643583af48 b8a8ef84052e4992bb2668636e52d221 - - default default] POST http://[LB_IP_ADDRESS]:8776/v3/b8a8ef84052e4992bb2668636e52d221/types
2025-12-04 17:17:12.013 75 INFO cinder.api.openstack.wsgi [None req-374d60ae-2665-466e-b7ad-d85499a7d438 7b5d37088eb54e6496047e643583af48 b8a8ef84052e4992bb2668636e52d221 - - default default] http://[LB_IP_ADDRESS]:8776/v3/b8a8ef84052e4992bb2668636e52d221/types returned with HTTP 200
2025-12-04 17:17:12.025 76 INFO cinder.api.openstack.wsgi [None req-96179e40-17ac-4e97-84d1-5253aac1ebd7 7b5d37088eb54e6496047e643583af48 b8a8ef84052e4992bb2668636e52d221 - - default default] POST http://[LB_IP_ADDRESS]:8776/v3/b8a8ef84052e4992bb2668636e52d221/types
2025-12-04 17:17:12.051 76 INFO cinder.api.openstack.wsgi [None req-96179e40-17ac-4e97-84d1-5253aac1ebd7 7b5d37088eb54e6496047e643583af48 b8a8ef84052e4992bb2668636e52d221 - - default default] http://[LB_IP_ADDRESS]:8776/v3/b8a8ef84052e4992bb2668636e52d221/types returned with HTTP 200
2025-12-04 17:17:12.176 74 INFO cinder.api.openstack.wsgi [None req-d0e2760a-0188-4575-b676-0c66e374c0c1 89c9ab1664f544f2b7792427826e8fd4 1e92ad8f49844e858bd7ccc82038b2c0 - - default default] POST http://[LB_IP_ADDRESS]:8776/v3/1e92ad8f49844e858bd7ccc82038b2c0/volumes
2025-12-04 17:17:12.185 74 INFO cinder.api.v3.volumes [None req-d0e2760a-0188-4575-b676-0c66e374c0c1 89c9ab1664f544f2b7792427826e8fd4 1e92ad8f49844e858bd7ccc82038b2c0 - - default default] Create volume of 1 GB
2025-12-04 17:17:12.186 74 INFO cinder.volume.api [None req-d0e2760a-0188-4575-b676-0c66e374c0c1 89c9ab1664f544f2b7792427826e8fd4 1e92ad8f49844e858bd7ccc82038b2c0 - - default default] Availability Zones retrieved successfully.
2025-12-04 17:17:12.475 74 INFO cinder.volume.api [None req-d0e2760a-0188-4575-b676-0c66e374c0c1 89c9ab1664f544f2b7792427826e8fd4 1e92ad8f49844e858bd7ccc82038b2c0 - - default default] Create volume request issued successfully.
2025-12-04 17:17:12.476 74 INFO cinder.api.openstack.wsgi [None req-d0e2760a-0188-4575-b676-0c66e374c0c1 89c9ab1664f544f2b7792427826e8fd4 1e92ad8f49844e858bd7ccc82038b2c0 - - default default] http://[LB_IP_ADDRESS]:8776/v3/1e92ad8f49844e858bd7ccc82038b2c0/volumes returned with HTTP 202
2025-12-04 17:17:12.496 72 INFO cinder.api.openstack.wsgi [None req-01f605f2-5d4b-49bc-bdab-f5027a0d0939 89c9ab1664f544f2b7792427826e8fd4 1e92ad8f49844e858bd7ccc82038b2c0 - - default default] GET http://[LB_IP_ADDRESS]:8776/v3/1e92ad8f49844e858bd7ccc82038b2c0/volumes/4553a551-f979-4fee-b71a-d061651c4f48
2025-12-04 17:17:12.513 72 INFO cinder.volume.api [None req-01f605f2-5d4b-49bc-bdab-f5027a0d0939 89c9ab1664f544f2b7792427826e8fd4 1e92ad8f49844e858bd7ccc82038b2c0 - - default default] Volume info retrieved successfully.
2025-12-04 17:17:12.518 72 INFO cinder.api.openstack.wsgi [None req-01f605f2-5d4b-49bc-bdab-f5027a0d0939 89c9ab1664f544f2b7792427826e8fd4 1e92ad8f49844e858bd7ccc82038b2c0 - - default default] http://[LB_IP_ADDRESS]:8776/v3/1e92ad8f49844e858bd7ccc82038b2c0/volumes/4553a551-f979-4fee-b71a-d061651c4f48 returned with HTTP 200
2025-12-04 17:17:12.869 73 INFO cinder.api.openstack.wsgi [None req-7a3bd5c7-8c4f-4393-b1c6-0c3497e4fbde c528a5db0dac4577aeed542c93657b7d 66039510b62a4897b15dd861cefaba37 - - default default] GET http://[LB_IP_ADDRESS]:8776/v3/66039510b62a4897b15dd861cefaba37/snapshots/f7a1e8ad-82ae-4eaf-a75e-c1a22c9e5bc9
2025-12-04 17:17:12.877 73 INFO cinder.api.openstack.wsgi [None req-7a3bd5c7-8c4f-4393-b1c6-0c3497e4fbde c528a5db0dac4577aeed542c93657b7d 66039510b62a4897b15dd861cefaba37 - - default default] http://[LB_IP_ADDRESS]:8776/v3/66039510b62a4897b15dd861cefaba37/snapshots/f7a1e8ad-82ae-4eaf-a75e-c1a22c9e5bc9 returned with HTTP 404
2025-12-04 17:17:12.890 75 INFO cinder.api.openstack.wsgi [None req-4c87c637-4062-4a69-b90a-bf269d430195 c528a5db0dac4577aeed542c93657b7d 66039510b62a4897b15dd861cefaba37 - - default default] GET http://[LB_IP_ADDRESS]:8776/v3/66039510b62a4897b15dd861cefaba37/group_snapshots/4bdbb02c-2e96-47e9-9cba-386897578aa4
2025-12-04 17:17:12.895 75 INFO cinder.api.openstack.wsgi [None req-4c87c637-4062-4a69-b90a-bf269d430195 c528a5db0dac4577aeed542c93657b7d 66039510b62a4897b15dd861cefaba37 - - default default] http://[LB_IP_ADDRESS]:8776/v3/66039510b62a4897b15dd861cefaba37/group_snapshots/4bdbb02c-2e96-47e9-9cba-386897578aa4 returned with HTTP 404
2025-12-04 17:17:12.903 76 INFO cinder.api.openstack.wsgi [None req-8d3a72db-d1cf-4e8a-afec-ba93219d60d2 c528a5db0dac4577aeed542c93657b7d 66039510b62a4897b15dd861cefaba37 - - default default] GET http://[LB_IP_ADDRESS]:8776/v3/66039510b62a4897b15dd861cefaba37/group_snapshots
2025-12-04 17:17:12.909 76 INFO cinder.api.openstack.wsgi [None req-8d3a72db-d1cf-4e8a-afec-ba93219d60d2 c528a5db0dac4577aeed542c93657b7d 66039510b62a4897b15dd861cefaba37 - - default default] http://[LB_IP_ADDRESS]:8776/v3/66039510b62a4897b15dd861cefaba37/group_snapshots returned with HTTP 200
2025-12-04 17:17:12.924 74 INFO cinder.api.openstack.wsgi [None req-315f13f1-aa2f-43a5-9369-3d5590876421 c528a5db0dac4577aeed542c93657b7d 66039510b62a4897b15dd861cefaba37 - - default default] DELETE http://[LB_IP_ADDRESS]:8776/v3/66039510b62a4897b15dd861cefaba37/group_snapshots/4bdbb02c-2e96-47e9-9cba-386897578aa4
2025-12-04 17:17:12.925 74 INFO cinder.api.v3.group_snapshots [None req-315f13f1-aa2f-43a5-9369-3d5590876421 c528a5db0dac4577aeed542c93657b7d 66039510b62a4897b15dd861cefaba37 - - default default] Delete group_snapshot with id: 4bdbb02c-2e96-47e9-9cba-386897578aa4
2025-12-04 17:17:12.929 74 INFO cinder.api.openstack.wsgi [None req-315f13f1-aa2f-43a5-9369-3d5590876421 c528a5db0dac4577aeed542c93657b7d 66039510b62a4897b15dd861cefaba37 - - default default] http://[LB_IP_ADDRESS]:8776/v3/66039510b62a4897b15dd861cefaba37/group_snapshots/4bdbb02c-2e96-47e9-9cba-386897578aa4 returned with HTTP 404
2025-12-04 17:17:12.941 72 INFO cinder.api.openstack.wsgi [None req-91a4ebe1-7a55-4f26-bd6b-0106d4448dc5 c528a5db0dac4577aeed542c93657b7d 66039510b62a4897b15dd861cefaba37 - - default default] GET http://[LB_IP_ADDRESS]:8776/v3/66039510b62a4897b15dd861cefaba37/volumes/detail
2025-12-04 17:17:12.954 72 INFO cinder.volume.api [None req-91a4ebe1-7a55-4f26-bd6b-0106d4448dc5 c528a5db0dac4577aeed542c93657b7d 66039510b62a4897b15dd861cefaba37 - - default default] Get all volumes completed successfully.
2025-12-04 17:17:12.982 72 INFO cinder.api.openstack.wsgi [None req-91a4ebe1-7a55-4f26-bd6b-0106d4448dc5 c528a5db0dac4577aeed542c93657b7d 66039510b62a4897b15dd861cefaba37 - - default default] http://[LB_IP_ADDRESS]:8776/v3/66039510b62a4897b15dd861cefaba37/volumes/detail returned with HTTP 200
2025-12-04 17:17:13.004 73 INFO cinder.api.openstack.wsgi [None req-3f0f4cd0-85ec-4ed3-8e8f-9a5e5b69f828 c528a5db0dac4577aeed542c93657b7d 66039510b62a4897b15dd861cefaba37 - - default default] POST http://[LB_IP_ADDRESS]:8776/v3/66039510b62a4897b15dd861cefaba37/groups/023135df-04b4-4bf0-a6f0-1a7d0ef30145/action
2025-12-04 17:17:13.009 73 INFO cinder.api.v3.groups [None req-3f0f4cd0-85ec-4ed3-8e8f-9a5e5b69f828 c528a5db0dac4577aeed542c93657b7d 66039510b62a4897b15dd861cefaba37 - - default default] Delete group with id: 023135df-04b4-4bf0-a6f0-1a7d0ef30145
2025-12-04 17:17:13.053 73 INFO cinder.api.openstack.wsgi [None req-3f0f4cd0-85ec-4ed3-8e8f-9a5e5b69f828 c528a5db0dac4577aeed542c93657b7d 66039510b62a4897b15dd861cefaba37 - - default default] http://[LB_IP_ADDRESS]:8776/v3/66039510b62a4897b15dd861cefaba37/groups/023135df-04b4-4bf0-a6f0-1a7d0ef30145/action returned with HTTP 202
2025-12-04 17:17:13.067 75 INFO cinder.api.openstack.wsgi [None req-1c2e1392-d784-4d08-aa50-0ae938255336 c528a5db0dac4577aeed542c93657b7d 66039510b62a4897b15dd861cefaba37 - - default default] GET http://[LB_IP_ADDRESS]:8776/v3/66039510b62a4897b15dd861cefaba37/volumes/000ade7c-1a0e-4903-975c-002bfca6dde8
2025-12-04 17:17:13.085 75 INFO cinder.volume.api [None req-1c2e1392-d784-4d08-aa50-0ae938255336 c528a5db0dac4577aeed542c93657b7d 66039510b62a4897b15dd861cefaba37 - - default default] Volume info retrieved successfully.
2025-12-04 17:17:13.105 75 INFO cinder.api.openstack.wsgi [None req-1c2e1392-d784-4d08-aa50-0ae938255336 c528a5db0dac4577aeed542c93657b7d 66039510b62a4897b15dd861cefaba37 - - default default] http://[LB_IP_ADDRESS]:8776/v3/66039510b62a4897b15dd861cefaba37/volumes/000ade7c-1a0e-4903-975c-002bfca6dde8 returned with HTTP 200
2025-12-04 17:17:13.278 76 INFO cinder.api.openstack.wsgi [None req-96cc9de3-8a40-47d3-bb37-52b22c073bf5 dcedced0b0fb4da988b9391c5a6b93be 5c2f8259bf2d482f82f0e851d6eef89f - - default default] POST http://[LB_IP_ADDRESS]:8776/v3/5c2f8259bf2d482f82f0e851d6eef89f/types
2025-12-04 17:17:13.312 76 INFO cinder.api.openstack.wsgi [None req-96cc9de3-8a40-47d3-bb37-52b22c073bf5 dcedced0b0fb4da988b9391c5a6b93be 5c2f8259bf2d482f82f0e851d6eef89f - - default default] http://[LB_IP_ADDRESS]:8776/v3/5c2f8259bf2d482f82f0e851d6eef89f/types returned with HTTP 200
2025-12-04 17:17:13.323 74 INFO cinder.api.openstack.wsgi [None req-d3809421-924f-4689-a1ed-222e906abf9e dcedced0b0fb4da988b9391c5a6b93be 5c2f8259bf2d482f82f0e851d6eef89f - - default default] POST http://[LB_IP_ADDRESS]:8776/v3/5c2f8259bf2d482f82f0e851d6eef89f/types/afd69fbf-173d-44f4-810d-4ae65f9d3d91/action
2025-12-04 17:17:13.335 74 INFO cinder.api.openstack.wsgi [None req-d3809421-924f-4689-a1ed-222e906abf9e dcedced0b0fb4da988b9391c5a6b93be 5c2f8259bf2d482f82f0e851d6eef89f - - default default] http://[LB_IP_ADDRESS]:8776/v3/5c2f8259bf2d482f82f0e851d6eef89f/types/afd69fbf-173d-44f4-810d-4ae65f9d3d91/action returned with HTTP 202
2025-12-04 17:17:13.347 72 INFO cinder.api.openstack.wsgi [None req-3c9cfd5f-5ae4-41f2-b8b2-522e0efb5b5a dcedced0b0fb4da988b9391c5a6b93be 5c2f8259bf2d482f82f0e851d6eef89f - - default default] POST http://[LB_IP_ADDRESS]:8776/v3/5c2f8259bf2d482f82f0e851d6eef89f/types/afd69fbf-173d-44f4-810d-4ae65f9d3d91/action
2025-12-04 17:17:13.362 72 INFO cinder.api.openstack.wsgi [None req-3c9cfd5f-5ae4-41f2-b8b2-522e0efb5b5a dcedced0b0fb4da988b9391c5a6b93be 5c2f8259bf2d482f82f0e851d6eef89f - - default default] http://[LB_IP_ADDRESS]:8776/v3/5c2f8259bf2d482f82f0e851d6eef89f/types/afd69fbf-173d-44f4-810d-4ae65f9d3d91/action returned with HTTP 202
2025-12-04 17:17:13.377 73 INFO cinder.api.openstack.wsgi [None req-64d3dbcc-2c6b-4b59-a703-542b8ebcf1f1 dcedced0b0fb4da988b9391c5a6b93be 5c2f8259bf2d482f82f0e851d6eef89f - - default default] GET http://[LB_IP_ADDRESS]:8776/v3/5c2f8259bf2d482f82f0e851d6eef89f/types/afd69fbf-173d-44f4-810d-4ae65f9d3d91/os-volume-type-access
2025-12-04 17:17:13.388 73 INFO cinder.api.openstack.wsgi [None req-64d3dbcc-2c6b-4b59-a703-542b8ebcf1f1 dcedced0b0fb4da988b9391c5a6b93be 5c2f8259bf2d482f82f0e851d6eef89f - - default default] http://[LB_IP_ADDRESS]:8776/v3/5c2f8259bf2d482f82f0e851d6eef89f/types/afd69fbf-173d-44f4-810d-4ae65f9d3d91/os-volume-type-access returned with HTTP 200
2025-12-04 17:17:13.403 75 INFO cinder.api.openstack.wsgi [None req-2c0e0f98-ff24-4d58-a98e-f9ed01304f57 dcedced0b0fb4da988b9391c5a6b93be 5c2f8259bf2d482f82f0e851d6eef89f - - default default] POST http://[LB_IP_ADDRESS]:8776/v3/5c2f8259bf2d482f82f0e851d6eef89f/types/afd69fbf-173d-44f4-810d-4ae65f9d3d91/action
2025-12-04 17:17:13.421 75 INFO cinder.api.openstack.wsgi [None req-2c0e0f98-ff24-4d58-a98e-f9ed01304f57 dcedced0b0fb4da988b9391c5a6b93be 5c2f8259bf2d482f82f0e851d6eef89f - - default default] http://[LB_IP_ADDRESS]:8776/v3/5c2f8259bf2d482f82f0e851d6eef89f/types/afd69fbf-173d-44f4-810d-4ae65f9d3d91/action returned with HTTP 202
2025-12-04 17:17:13.433 76 INFO cinder.api.openstack.wsgi [None req-56b601af-d8f6-4706-9516-8c4d1b9bb300 dcedced0b0fb4da988b9391c5a6b93be 5c2f8259bf2d482f82f0e851d6eef89f - - default default] POST http://[LB_IP_ADDRESS]:8776/v3/5c2f8259bf2d482f82f0e851d6eef89f/types/afd69fbf-173d-44f4-810d-4ae65f9d3d91/action
2025-12-04 17:17:13.446 76 INFO cinder.api.openstack.wsgi [None req-56b601af-d8f6-4706-9516-8c4d1b9bb300 dcedced0b0fb4da988b9391c5a6b93be 5c2f8259bf2d482f82f0e851d6eef89f - - default default] http://[LB_IP_ADDRESS]:8776/v3/5c2f8259bf2d482f82f0e851d6eef89f/types/afd69fbf-173d-44f4-810d-4ae65f9d3d91/action returned with HTTP 202
2025-12-04 17:17:13.454 74 INFO cinder.api.openstack.wsgi [None req-78e0ba3a-65b8-4abd-b183-1f1942d153f1 dcedced0b0fb4da988b9391c5a6b93be 5c2f8259bf2d482f82f0e851d6eef89f - - default default] DELETE http://[LB_IP_ADDRESS]:8776/v3/5c2f8259bf2d482f82f0e851d6eef89f/types/afd69fbf-173d-44f4-810d-4ae65f9d3d91
2025-12-04 17:17:13.481 74 INFO cinder.api.openstack.wsgi [None req-78e0ba3a-65b8-4abd-b183-1f1942d153f1 dcedced0b0fb4da988b9391c5a6b93be 5c2f8259bf2d482f82f0e851d6eef89f - - default default] http://[LB_IP_ADDRESS]:8776/v3/5c2f8259bf2d482f82f0e851d6eef89f/types/afd69fbf-173d-44f4-810d-4ae65f9d3d91 returned with HTTP 202
2025-12-04 17:17:13.493 72 INFO cinder.api.openstack.wsgi [None req-459fc090-1c36-4e3b-897e-e87ef70a7f21 dcedced0b0fb4da988b9391c5a6b93be 5c2f8259bf2d482f82f0e851d6eef89f - - default default] GET http://[LB_IP_ADDRESS]:8776/v3/5c2f8259bf2d482f82f0e851d6eef89f/types/afd69fbf-173d-44f4-810d-4ae65f9d3d91
2025-12-04 17:17:13.500 72 INFO cinder.api.openstack.wsgi [None req-459fc090-1c36-4e3b-897e-e87ef70a7f21 dcedced0b0fb4da988b9391c5a6b93be 5c2f8259bf2d482f82f0e851d6eef89f - - default default] http://[LB_IP_ADDRESS]:8776/v3/5c2f8259bf2d482f82f0e851d6eef89f/types/afd69fbf-173d-44f4-810d-4ae65f9d3d91 returned with HTTP 404
2025-12-04 17:17:13.539 73 INFO cinder.api.openstack.wsgi [None req-27179736-5d59-4b92-a91f-db3b7b6c4d8a 89c9ab1664f544f2b7792427826e8fd4 1e92ad8f49844e858bd7ccc82038b2c0 - - default default] GET http://[LB_IP_ADDRESS]:8776/v3/1e92ad8f49844e858bd7ccc82038b2c0/volumes/4553a551-f979-4fee-b71a-d061651c4f48
2025-12-04 17:17:13.555 73 INFO cinder.volume.api [None req-27179736-5d59-4b92-a91f-db3b7b6c4d8a 89c9ab1664f544f2b7792427826e8fd4 1e92ad8f49844e858bd7ccc82038b2c0 - - default default] Volume info retrieved successfully.
2025-12-04 17:17:13.560 73 INFO cinder.api.openstack.wsgi [None req-27179736-5d59-4b92-a91f-db3b7b6c4d8a 89c9ab1664f544f2b7792427826e8fd4 1e92ad8f49844e858bd7ccc82038b2c0 - - default default] http://[LB_IP_ADDRESS]:8776/v3/1e92ad8f49844e858bd7ccc82038b2c0/volumes/4553a551-f979-4fee-b71a-d061651c4f48 returned with HTTP 200
2025-12-04 17:17:13.581 75 INFO cinder.api.openstack.wsgi [None req-19ca180f-a406-472d-94c8-8fb94a2b1872 7b5d37088eb54e6496047e643583af48 b8a8ef84052e4992bb2668636e52d221 - - default default] GET http://[LB_IP_ADDRESS]:8776/v3/b8a8ef84052e4992bb2668636e52d221/volumes/4553a551-f979-4fee-b71a-d061651c4f48
2025-12-04 17:17:13.599 75 INFO cinder.volume.api [None req-19ca180f-a406-472d-94c8-8fb94a2b1872 7b5d37088eb54e6496047e643583af48 b8a8ef84052e4992bb2668636e52d221 - - default default] Volume info retrieved successfully.
2025-12-04 17:17:13.604 75 INFO cinder.api.openstack.wsgi [None req-19ca180f-a406-472d-94c8-8fb94a2b1872 7b5d37088eb54e6496047e643583af48 b8a8ef84052e4992bb2668636e52d221 - - default default] http://[LB_IP_ADDRESS]:8776/v3/b8a8ef84052e4992bb2668636e52d221/volumes/4553a551-f979-4fee-b71a-d061651c4f48 returned with HTTP 200
2025-12-04 17:17:13.624 76 INFO cinder.api.openstack.wsgi [None req-4fc298aa-ec28-4949-9ebb-88583ef75077 89c9ab1664f544f2b7792427826e8fd4 1e92ad8f49844e858bd7ccc82038b2c0 - - default default] POST http://[LB_IP_ADDRESS]:8776/v3/1e92ad8f49844e858bd7ccc82038b2c0/volumes/4553a551-f979-4fee-b71a-d061651c4f48/action
2025-12-04 17:17:13.638 76 INFO cinder.volume.api [None req-4fc298aa-ec28-4949-9ebb-88583ef75077 89c9ab1664f544f2b7792427826e8fd4 1e92ad8f49844e858bd7ccc82038b2c0 - - default default] Volume info retrieved successfully.
2025-12-04 17:17:13.947 76 INFO cinder.volume.api [None req-4fc298aa-ec28-4949-9ebb-88583ef75077 89c9ab1664f544f2b7792427826e8fd4 1e92ad8f49844e858bd7ccc82038b2c0 - - default default] Retype volume request issued successfully.
2025-12-04 17:17:13.948 76 INFO cinder.api.openstack.wsgi [None req-4fc298aa-ec28-4949-9ebb-88583ef75077 89c9ab1664f544f2b7792427826e8fd4 1e92ad8f49844e858bd7ccc82038b2c0 - - default default] http://[LB_IP_ADDRESS]:8776/v3/1e92ad8f49844e858bd7ccc82038b2c0/volumes/4553a551-f979-4fee-b71a-d061651c4f48/action returned with HTTP 202
2025-12-04 17:17:13.955 74 INFO cinder.api.openstack.wsgi [None req-354cfd0c-62b3-431f-8099-6824553295d0 89c9ab1664f544f2b7792427826e8fd4 1e92ad8f49844e858bd7ccc82038b2c0 - - default default] GET http://[LB_IP_ADDRESS]:8776/v3/1e92ad8f49844e858bd7ccc82038b2c0/volumes/4553a551-f979-4fee-b71a-d061651c4f48
2025-12-04 17:17:13.968 74 INFO cinder.volume.api [None req-354cfd0c-62b3-431f-8099-6824553295d0 89c9ab1664f544f2b7792427826e8fd4 1e92ad8f49844e858bd7ccc82038b2c0 - - default default] Volume info retrieved successfully.
2025-12-04 17:17:13.973 74 INFO cinder.api.openstack.wsgi [None req-354cfd0c-62b3-431f-8099-6824553295d0 89c9ab1664f544f2b7792427826e8fd4 1e92ad8f49844e858bd7ccc82038b2c0 - - default default] http://[LB_IP_ADDRESS]:8776/v3/1e92ad8f49844e858bd7ccc82038b2c0/volumes/4553a551-f979-4fee-b71a-d061651c4f48 returned with HTTP 200
2025-12-04 17:17:14.132 72 INFO cinder.api.openstack.wsgi [None req-6d0e3a51-a315-435c-8e17-cc3d6ac2dd9b c528a5db0dac4577aeed542c93657b7d 66039510b62a4897b15dd861cefaba37 - - default default] GET http://[LB_IP_ADDRESS]:8776/v3/66039510b62a4897b15dd861cefaba37/volumes/000ade7c-1a0e-4903-975c-002bfca6dde8
2025-12-04 17:17:14.143 72 INFO cinder.api.openstack.wsgi [None req-6d0e3a51-a315-435c-8e17-cc3d6ac2dd9b c528a5db0dac4577aeed542c93657b7d 66039510b62a4897b15dd861cefaba37 - - default default] http://[LB_IP_ADDRESS]:8776/v3/66039510b62a4897b15dd861cefaba37/volumes/000ade7c-1a0e-4903-975c-002bfca6dde8 returned with HTTP 404
2025-12-04 17:17:14.155 73 INFO cinder.api.openstack.wsgi [None req-c896ba7f-c33b-42a5-9e88-7d36f9eb8867 c528a5db0dac4577aeed542c93657b7d 66039510b62a4897b15dd861cefaba37 - - default default] GET http://[LB_IP_ADDRESS]:8776/v3/66039510b62a4897b15dd861cefaba37/groups/023135df-04b4-4bf0-a6f0-1a7d0ef30145
2025-12-04 17:17:14.162 73 INFO cinder.api.openstack.wsgi [None req-c896ba7f-c33b-42a5-9e88-7d36f9eb8867 c528a5db0dac4577aeed542c93657b7d 66039510b62a4897b15dd861cefaba37 - - default default] http://[LB_IP_ADDRESS]:8776/v3/66039510b62a4897b15dd861cefaba37/groups/023135df-04b4-4bf0-a6f0-1a7d0ef30145 returned with HTTP 404
2025-12-04 17:17:14.173 75 INFO cinder.api.openstack.wsgi [None req-3badcd84-234d-4831-9da9-1a6593575b67 6336680ffbd04622bc74bd1d719f0e4d eb91eb6b0f08455d81a3a813b87809ae - - default default] DELETE http://[LB_IP_ADDRESS]:8776/v3/eb91eb6b0f08455d81a3a813b87809ae/group_types/a7a63528-c985-4a1c-8285-d2d7d906d7e1
2025-12-04 17:17:14.188 75 INFO cinder.api.openstack.wsgi [None req-3badcd84-234d-4831-9da9-1a6593575b67 6336680ffbd04622bc74bd1d719f0e4d eb91eb6b0f08455d81a3a813b87809ae - - default default] http://[LB_IP_ADDRESS]:8776/v3/eb91eb6b0f08455d81a3a813b87809ae/group_types/a7a63528-c985-4a1c-8285-d2d7d906d7e1 returned with HTTP 202
2025-12-04 17:17:14.201 76 INFO cinder.api.openstack.wsgi [None req-523b5b53-57c4-47e8-b29b-87140c044cae 6336680ffbd04622bc74bd1d719f0e4d eb91eb6b0f08455d81a3a813b87809ae - - default default] DELETE http://[LB_IP_ADDRESS]:8776/v3/eb91eb6b0f08455d81a3a813b87809ae/types/b043ad8a-a16e-4558-80f4-e79a484f4d11
2025-12-04 17:17:14.231 76 INFO cinder.api.openstack.wsgi [None req-523b5b53-57c4-47e8-b29b-87140c044cae 6336680ffbd04622bc74bd1d719f0e4d eb91eb6b0f08455d81a3a813b87809ae - - default default] http://[LB_IP_ADDRESS]:8776/v3/eb91eb6b0f08455d81a3a813b87809ae/types/b043ad8a-a16e-4558-80f4-e79a484f4d11 returned with HTTP 202
2025-12-04 17:17:14.241 74 INFO cinder.api.openstack.wsgi [None req-d26ba935-31dd-4b6f-aa02-79af8eb6c945 6336680ffbd04622bc74bd1d719f0e4d eb91eb6b0f08455d81a3a813b87809ae - - default default] GET http://[LB_IP_ADDRESS]:8776/v3/eb91eb6b0f08455d81a3a813b87809ae/types/b043ad8a-a16e-4558-80f4-e79a484f4d11
2025-12-04 17:17:14.245 74 INFO cinder.api.openstack.wsgi [None req-d26ba935-31dd-4b6f-aa02-79af8eb6c945 6336680ffbd04622bc74bd1d719f0e4d eb91eb6b0f08455d81a3a813b87809ae - - default default] http://[LB_IP_ADDRESS]:8776/v3/eb91eb6b0f08455d81a3a813b87809ae/types/b043ad8a-a16e-4558-80f4-e79a484f4d11 returned with HTTP 404
2025-12-04 17:17:14.994 72 INFO cinder.api.openstack.wsgi [None req-6f822d86-e599-48e5-93a9-26cb3984e717 89c9ab1664f544f2b7792427826e8fd4 1e92ad8f49844e858bd7ccc82038b2c0 - - default default] GET http://[LB_IP_ADDRESS]:8776/v3/1e92ad8f49844e858bd7ccc82038b2c0/volumes/4553a551-f979-4fee-b71a-d061651c4f48
2025-12-04 17:17:15.011 72 INFO cinder.volume.api [None req-6f822d86-e599-48e5-93a9-26cb3984e717 89c9ab1664f544f2b7792427826e8fd4 1e92ad8f49844e858bd7ccc82038b2c0 - - default default] Volume info retrieved successfully.
