2024-07-01 12:16:54.330 22 INFO cinder.api.openstack.wsgi [None req-d1326863-d83f-4b82-9eaf-c7feb2a637e0 d9d9fde45fed4e9abb059ba713a0dcf8 e2696db4b9994f5b8b5507ad9c4e0d56 - - default default] POST http://[LB_IP_ADDRESS]:8776/v3/e2696db4b9994f5b8b5507ad9c4e0d56/types
2024-07-01 12:16:54.364 22 INFO cinder.api.openstack.wsgi [None req-d1326863-d83f-4b82-9eaf-c7feb2a637e0 d9d9fde45fed4e9abb059ba713a0dcf8 e2696db4b9994f5b8b5507ad9c4e0d56 - - default default] http://[LB_IP_ADDRESS]:8776/v3/e2696db4b9994f5b8b5507ad9c4e0d56/types returned with HTTP 200
2024-07-01 12:16:54.380 19 INFO cinder.api.openstack.wsgi [None req-c600bbbb-bc56-49be-bab8-ea4063cf4912 d9d9fde45fed4e9abb059ba713a0dcf8 e2696db4b9994f5b8b5507ad9c4e0d56 - - default default] POST http://[LB_IP_ADDRESS]:8776/v3/e2696db4b9994f5b8b5507ad9c4e0d56/group_types
2024-07-01 12:16:54.412 19 INFO cinder.api.openstack.wsgi [None req-c600bbbb-bc56-49be-bab8-ea4063cf4912 d9d9fde45fed4e9abb059ba713a0dcf8 e2696db4b9994f5b8b5507ad9c4e0d56 - - default default] http://[LB_IP_ADDRESS]:8776/v3/e2696db4b9994f5b8b5507ad9c4e0d56/group_types returned with HTTP 202
2024-07-01 12:16:54.508 18 INFO cinder.api.openstack.wsgi [None req-26bfa6ac-a3a4-4cba-873e-48283482c56e dece8322b623441cad4a37ef77a61460 435353d4bca14484a308e09c48183b24 - - default default] GET http://[LB_IP_ADDRESS]:8776/v3/435353d4bca14484a308e09c48183b24/groups/62bf88cf-3cef-4e4b-b31e-dfd41edbf796
2024-07-01 12:16:54.533 18 INFO cinder.api.openstack.wsgi [None req-26bfa6ac-a3a4-4cba-873e-48283482c56e dece8322b623441cad4a37ef77a61460 435353d4bca14484a308e09c48183b24 - - default default] http://[LB_IP_ADDRESS]:8776/v3/435353d4bca14484a308e09c48183b24/groups/62bf88cf-3cef-4e4b-b31e-dfd41edbf796 returned with HTTP 200
2024-07-01 12:16:54.551 20 INFO cinder.api.openstack.wsgi [None req-b8bf675d-1e48-41d4-8043-200251834e16 dece8322b623441cad4a37ef77a61460 435353d4bca14484a308e09c48183b24 - - default default] PUT http://[LB_IP_ADDRESS]:8776/v3/435353d4bca14484a308e09c48183b24/groups/62bf88cf-3cef-4e4b-b31e-dfd41edbf796
2024-07-01 12:16:54.556 20 INFO cinder.api.v3.groups [None req-b8bf675d-1e48-41d4-8043-200251834e16 dece8322b623441cad4a37ef77a61460 435353d4bca14484a308e09c48183b24 - - default default] Updating group 62bf88cf-3cef-4e4b-b31e-dfd41edbf796 with name None description: None add_volumes: d589b62e-0d57-49c5-982d-ec47851bcc6b remove_volumes: None.
2024-07-01 12:16:54.616 21 INFO cinder.api.openstack.wsgi [None req-47887659-bfd3-4b2d-ab09-b98cac22ca2d 8e01d83b92cd448196b8054cfcb12d2d 97afaf7df8c54db09723178b5ee8a3ea - - default default] POST http://[LB_IP_ADDRESS]:8776/v3/97afaf7df8c54db09723178b5ee8a3ea/groups
2024-07-01 12:16:54.632 21 INFO cinder.api.v3.groups [None req-47887659-bfd3-4b2d-ab09-b98cac22ca2d 8e01d83b92cd448196b8054cfcb12d2d 97afaf7df8c54db09723178b5ee8a3ea - - default default] Creating group tempest-GroupsV320Test-Group-2056737699.
2024-07-01 12:16:54.647 21 INFO cinder.volume.api [None req-47887659-bfd3-4b2d-ab09-b98cac22ca2d 8e01d83b92cd448196b8054cfcb12d2d 97afaf7df8c54db09723178b5ee8a3ea - - default default] Availability Zones retrieved successfully.
2024-07-01 12:16:54.657 20 INFO cinder.api.openstack.wsgi [None req-b8bf675d-1e48-41d4-8043-200251834e16 dece8322b623441cad4a37ef77a61460 435353d4bca14484a308e09c48183b24 - - default default] http://[LB_IP_ADDRESS]:8776/v3/435353d4bca14484a308e09c48183b24/groups/62bf88cf-3cef-4e4b-b31e-dfd41edbf796 returned with HTTP 202
2024-07-01 12:16:54.671 22 INFO cinder.api.openstack.wsgi [None req-b33def97-278a-40f7-880c-c088f7a42edb dece8322b623441cad4a37ef77a61460 435353d4bca14484a308e09c48183b24 - - default default] GET http://[LB_IP_ADDRESS]:8776/v3/435353d4bca14484a308e09c48183b24/groups/62bf88cf-3cef-4e4b-b31e-dfd41edbf796
2024-07-01 12:16:54.697 22 INFO cinder.api.openstack.wsgi [None req-b33def97-278a-40f7-880c-c088f7a42edb dece8322b623441cad4a37ef77a61460 435353d4bca14484a308e09c48183b24 - - default default] http://[LB_IP_ADDRESS]:8776/v3/435353d4bca14484a308e09c48183b24/groups/62bf88cf-3cef-4e4b-b31e-dfd41edbf796 returned with HTTP 200
2024-07-01 12:16:54.755 21 INFO cinder.api.openstack.wsgi [None req-47887659-bfd3-4b2d-ab09-b98cac22ca2d 8e01d83b92cd448196b8054cfcb12d2d 97afaf7df8c54db09723178b5ee8a3ea - - default default] http://[LB_IP_ADDRESS]:8776/v3/97afaf7df8c54db09723178b5ee8a3ea/groups returned with HTTP 202
2024-07-01 12:16:54.770 19 INFO cinder.api.openstack.wsgi [None req-eb2041ff-2928-45c9-b1dd-358f920b761a 8e01d83b92cd448196b8054cfcb12d2d 97afaf7df8c54db09723178b5ee8a3ea - - default default] GET http://[LB_IP_ADDRESS]:8776/v3/97afaf7df8c54db09723178b5ee8a3ea/groups/366eda0a-6492-4396-b87a-50ec27869ccc
2024-07-01 12:16:54.795 19 INFO cinder.api.openstack.wsgi [None req-eb2041ff-2928-45c9-b1dd-358f920b761a 8e01d83b92cd448196b8054cfcb12d2d 97afaf7df8c54db09723178b5ee8a3ea - - default default] http://[LB_IP_ADDRESS]:8776/v3/97afaf7df8c54db09723178b5ee8a3ea/groups/366eda0a-6492-4396-b87a-50ec27869ccc returned with HTTP 200
2024-07-01 12:16:55.266 18 INFO cinder.api.openstack.wsgi [None req-84155742-c520-490e-8f8d-9866d060dda8 de6b2bfc11af4f26bd02f67391adf9ac f660e2e3be234b95a71f4b3866d0c214 - - default default] GET http://[LB_IP_ADDRESS]:8776/v3/f660e2e3be234b95a71f4b3866d0c214/volumes/51051c66-4e15-4bf6-ab7c-9e8e89908e01
2024-07-01 12:16:55.294 18 INFO cinder.volume.api [None req-84155742-c520-490e-8f8d-9866d060dda8 de6b2bfc11af4f26bd02f67391adf9ac f660e2e3be234b95a71f4b3866d0c214 - - default default] Volume info retrieved successfully.
2024-07-01 12:16:55.305 18 INFO cinder.api.openstack.wsgi [None req-84155742-c520-490e-8f8d-9866d060dda8 de6b2bfc11af4f26bd02f67391adf9ac f660e2e3be234b95a71f4b3866d0c214 - - default default] http://[LB_IP_ADDRESS]:8776/v3/f660e2e3be234b95a71f4b3866d0c214/volumes/51051c66-4e15-4bf6-ab7c-9e8e89908e01 returned with HTTP 200
2024-07-01 12:16:55.337 20 INFO cinder.api.openstack.wsgi [None req-4b0247c4-9320-4e6d-8852-beca907ca23a 2fa53858684d4adbb84411c6e5a32d74 5a5d03f56c3341c99cbfb11734f7f4ba - - default default] GET http://[LB_IP_ADDRESS]:8776/v3/5a5d03f56c3341c99cbfb11734f7f4ba/volumes/51051c66-4e15-4bf6-ab7c-9e8e89908e01
2024-07-01 12:16:55.367 20 INFO cinder.volume.api [None req-4b0247c4-9320-4e6d-8852-beca907ca23a 2fa53858684d4adbb84411c6e5a32d74 5a5d03f56c3341c99cbfb11734f7f4ba - - default default] Volume info retrieved successfully.
2024-07-01 12:16:55.379 20 INFO cinder.api.openstack.wsgi [None req-4b0247c4-9320-4e6d-8852-beca907ca23a 2fa53858684d4adbb84411c6e5a32d74 5a5d03f56c3341c99cbfb11734f7f4ba - - default default] http://[LB_IP_ADDRESS]:8776/v3/5a5d03f56c3341c99cbfb11734f7f4ba/volumes/51051c66-4e15-4bf6-ab7c-9e8e89908e01 returned with HTTP 200
2024-07-01 12:16:55.407 22 INFO cinder.api.openstack.wsgi [None req-2271c0bc-2e26-48a2-9db2-973efd35a90e 2fa53858684d4adbb84411c6e5a32d74 5a5d03f56c3341c99cbfb11734f7f4ba - - default default] GET http://[LB_IP_ADDRESS]:8776/v3/5a5d03f56c3341c99cbfb11734f7f4ba/volumes?all_tenants=True&name=tempest-VolumeRetypeWithoutMigrationTest-Volume-386703585
2024-07-01 12:16:55.430 22 INFO cinder.volume.api [None req-2271c0bc-2e26-48a2-9db2-973efd35a90e 2fa53858684d4adbb84411c6e5a32d74 5a5d03f56c3341c99cbfb11734f7f4ba - - default default] Get all volumes completed successfully.
2024-07-01 12:16:55.431 22 INFO cinder.api.openstack.wsgi [None req-2271c0bc-2e26-48a2-9db2-973efd35a90e 2fa53858684d4adbb84411c6e5a32d74 5a5d03f56c3341c99cbfb11734f7f4ba - - default default] http://[LB_IP_ADDRESS]:8776/v3/5a5d03f56c3341c99cbfb11734f7f4ba/volumes?all_tenants=True&name=tempest-VolumeRetypeWithoutMigrationTest-Volume-386703585 returned with HTTP 200
2024-07-01 12:16:55.448 21 INFO cinder.api.openstack.wsgi [None req-a55b4262-e40c-4c3e-9c01-dfdcba50c091 de6b2bfc11af4f26bd02f67391adf9ac f660e2e3be234b95a71f4b3866d0c214 - - default default] GET http://[LB_IP_ADDRESS]:8776/v3/f660e2e3be234b95a71f4b3866d0c214/volumes/51051c66-4e15-4bf6-ab7c-9e8e89908e01
2024-07-01 12:16:55.475 21 INFO cinder.volume.api [None req-a55b4262-e40c-4c3e-9c01-dfdcba50c091 de6b2bfc11af4f26bd02f67391adf9ac f660e2e3be234b95a71f4b3866d0c214 - - default default] Volume info retrieved successfully.
2024-07-01 12:16:55.485 21 INFO cinder.api.openstack.wsgi [None req-a55b4262-e40c-4c3e-9c01-dfdcba50c091 de6b2bfc11af4f26bd02f67391adf9ac f660e2e3be234b95a71f4b3866d0c214 - - default default] http://[LB_IP_ADDRESS]:8776/v3/f660e2e3be234b95a71f4b3866d0c214/volumes/51051c66-4e15-4bf6-ab7c-9e8e89908e01 returned with HTTP 200
2024-07-01 12:16:55.514 19 INFO cinder.api.openstack.wsgi [None req-ace1a31c-e833-4972-a436-37bff3fd99be de6b2bfc11af4f26bd02f67391adf9ac f660e2e3be234b95a71f4b3866d0c214 - - default default] DELETE http://[LB_IP_ADDRESS]:8776/v3/f660e2e3be234b95a71f4b3866d0c214/volumes/51051c66-4e15-4bf6-ab7c-9e8e89908e01
2024-07-01 12:16:55.515 19 INFO cinder.api.v3.volumes [None req-ace1a31c-e833-4972-a436-37bff3fd99be de6b2bfc11af4f26bd02f67391adf9ac f660e2e3be234b95a71f4b3866d0c214 - - default default] Delete volume with id: 51051c66-4e15-4bf6-ab7c-9e8e89908e01 
2024-07-01 12:16:55.535 19 INFO cinder.volume.api [None req-ace1a31c-e833-4972-a436-37bff3fd99be de6b2bfc11af4f26bd02f67391adf9ac f660e2e3be234b95a71f4b3866d0c214 - - default default] Volume info retrieved successfully.
2024-07-01 12:16:55.569 19 INFO cinder.volume.api [None req-ace1a31c-e833-4972-a436-37bff3fd99be de6b2bfc11af4f26bd02f67391adf9ac f660e2e3be234b95a71f4b3866d0c214 - - default default] Delete volume request issued successfully.
2024-07-01 12:16:55.570 19 INFO cinder.api.openstack.wsgi [None req-ace1a31c-e833-4972-a436-37bff3fd99be de6b2bfc11af4f26bd02f67391adf9ac f660e2e3be234b95a71f4b3866d0c214 - - default default] http://[LB_IP_ADDRESS]:8776/v3/f660e2e3be234b95a71f4b3866d0c214/volumes/51051c66-4e15-4bf6-ab7c-9e8e89908e01 returned with HTTP 202
2024-07-01 12:16:55.582 18 INFO cinder.api.openstack.wsgi [None req-62db4966-cafc-49cd-b67e-4060111f4f77 de6b2bfc11af4f26bd02f67391adf9ac f660e2e3be234b95a71f4b3866d0c214 - - default default] GET http://[LB_IP_ADDRESS]:8776/v3/f660e2e3be234b95a71f4b3866d0c214/volumes/51051c66-4e15-4bf6-ab7c-9e8e89908e01
2024-07-01 12:16:55.609 18 INFO cinder.volume.api [None req-62db4966-cafc-49cd-b67e-4060111f4f77 de6b2bfc11af4f26bd02f67391adf9ac f660e2e3be234b95a71f4b3866d0c214 - - default default] Volume info retrieved successfully.
2024-07-01 12:16:55.619 18 INFO cinder.api.openstack.wsgi [None req-62db4966-cafc-49cd-b67e-4060111f4f77 de6b2bfc11af4f26bd02f67391adf9ac f660e2e3be234b95a71f4b3866d0c214 - - default default] http://[LB_IP_ADDRESS]:8776/v3/f660e2e3be234b95a71f4b3866d0c214/volumes/51051c66-4e15-4bf6-ab7c-9e8e89908e01 returned with HTTP 200
2024-07-01 12:16:55.716 20 INFO cinder.api.openstack.wsgi [None req-a04d2a03-0937-4e6b-88fe-cc8de1ea3b0c dece8322b623441cad4a37ef77a61460 435353d4bca14484a308e09c48183b24 - - default default] GET http://[LB_IP_ADDRESS]:8776/v3/435353d4bca14484a308e09c48183b24/groups/62bf88cf-3cef-4e4b-b31e-dfd41edbf796
2024-07-01 12:16:55.742 20 INFO cinder.api.openstack.wsgi [None req-a04d2a03-0937-4e6b-88fe-cc8de1ea3b0c dece8322b623441cad4a37ef77a61460 435353d4bca14484a308e09c48183b24 - - default default] http://[LB_IP_ADDRESS]:8776/v3/435353d4bca14484a308e09c48183b24/groups/62bf88cf-3cef-4e4b-b31e-dfd41edbf796 returned with HTTP 200
2024-07-01 12:16:55.768 22 INFO cinder.api.openstack.wsgi [None req-bb3cd851-01a9-4a78-b50f-c1b3a54bdb55 dece8322b623441cad4a37ef77a61460 435353d4bca14484a308e09c48183b24 - - default default] GET http://[LB_IP_ADDRESS]:8776/v3/435353d4bca14484a308e09c48183b24/volumes/detail
2024-07-01 12:16:55.809 22 INFO cinder.volume.api [None req-bb3cd851-01a9-4a78-b50f-c1b3a54bdb55 dece8322b623441cad4a37ef77a61460 435353d4bca14484a308e09c48183b24 - - default default] Get all volumes completed successfully.
2024-07-01 12:16:55.814 21 INFO cinder.api.openstack.wsgi [None req-29288f9c-991f-4c47-81ee-efce41bc5415 8e01d83b92cd448196b8054cfcb12d2d 97afaf7df8c54db09723178b5ee8a3ea - - default default] GET http://[LB_IP_ADDRESS]:8776/v3/97afaf7df8c54db09723178b5ee8a3ea/groups/366eda0a-6492-4396-b87a-50ec27869ccc
2024-07-01 12:16:55.840 21 INFO cinder.api.openstack.wsgi [None req-29288f9c-991f-4c47-81ee-efce41bc5415 8e01d83b92cd448196b8054cfcb12d2d 97afaf7df8c54db09723178b5ee8a3ea - - default default] http://[LB_IP_ADDRESS]:8776/v3/97afaf7df8c54db09723178b5ee8a3ea/groups/366eda0a-6492-4396-b87a-50ec27869ccc returned with HTTP 200
2024-07-01 12:16:55.858 19 INFO cinder.api.openstack.wsgi [None req-4606d3b0-2ab5-414e-86a8-212b88bce8c7 d9d9fde45fed4e9abb059ba713a0dcf8 e2696db4b9994f5b8b5507ad9c4e0d56 - - default default] POST http://[LB_IP_ADDRESS]:8776/v3/e2696db4b9994f5b8b5507ad9c4e0d56/groups/366eda0a-6492-4396-b87a-50ec27869ccc/action
2024-07-01 12:16:55.869 22 INFO cinder.api.openstack.wsgi [None req-bb3cd851-01a9-4a78-b50f-c1b3a54bdb55 dece8322b623441cad4a37ef77a61460 435353d4bca14484a308e09c48183b24 - - default default] http://[LB_IP_ADDRESS]:8776/v3/435353d4bca14484a308e09c48183b24/volumes/detail returned with HTTP 200
2024-07-01 12:16:55.880 19 INFO cinder.api.openstack.wsgi [None req-4606d3b0-2ab5-414e-86a8-212b88bce8c7 d9d9fde45fed4e9abb059ba713a0dcf8 e2696db4b9994f5b8b5507ad9c4e0d56 - - default default] http://[LB_IP_ADDRESS]:8776/v3/e2696db4b9994f5b8b5507ad9c4e0d56/groups/366eda0a-6492-4396-b87a-50ec27869ccc/action returned with HTTP 202
2024-07-01 12:16:55.892 18 INFO cinder.api.openstack.wsgi [None req-9be01524-818f-46e3-aa82-dc6b67ddb09c 8e01d83b92cd448196b8054cfcb12d2d 97afaf7df8c54db09723178b5ee8a3ea - - default default] GET http://[LB_IP_ADDRESS]:8776/v3/97afaf7df8c54db09723178b5ee8a3ea/groups/366eda0a-6492-4396-b87a-50ec27869ccc
2024-07-01 12:16:55.900 20 INFO cinder.api.openstack.wsgi [None req-fc7fed77-91f7-4125-bb68-70802ecbd2a6 dece8322b623441cad4a37ef77a61460 435353d4bca14484a308e09c48183b24 - - default default] POST http://[LB_IP_ADDRESS]:8776/v3/435353d4bca14484a308e09c48183b24/group_snapshots
2024-07-01 12:16:55.917 18 INFO cinder.api.openstack.wsgi [None req-9be01524-818f-46e3-aa82-dc6b67ddb09c 8e01d83b92cd448196b8054cfcb12d2d 97afaf7df8c54db09723178b5ee8a3ea - - default default] http://[LB_IP_ADDRESS]:8776/v3/97afaf7df8c54db09723178b5ee8a3ea/groups/366eda0a-6492-4396-b87a-50ec27869ccc returned with HTTP 200
2024-07-01 12:16:55.921 20 INFO cinder.api.v3.group_snapshots [None req-fc7fed77-91f7-4125-bb68-70802ecbd2a6 dece8322b623441cad4a37ef77a61460 435353d4bca14484a308e09c48183b24 - - default default] Creating group_snapshot tempest-GroupSnapshotsTest-Group_Snapshot-1901663820.
2024-07-01 12:16:55.934 21 INFO cinder.api.openstack.wsgi [None req-d1cebfb4-5979-408d-addf-45ec6a485416 d9d9fde45fed4e9abb059ba713a0dcf8 e2696db4b9994f5b8b5507ad9c4e0d56 - - default default] POST http://[LB_IP_ADDRESS]:8776/v3/e2696db4b9994f5b8b5507ad9c4e0d56/groups/366eda0a-6492-4396-b87a-50ec27869ccc/action
2024-07-01 12:16:55.956 21 INFO cinder.api.openstack.wsgi [None req-d1cebfb4-5979-408d-addf-45ec6a485416 d9d9fde45fed4e9abb059ba713a0dcf8 e2696db4b9994f5b8b5507ad9c4e0d56 - - default default] http://[LB_IP_ADDRESS]:8776/v3/e2696db4b9994f5b8b5507ad9c4e0d56/groups/366eda0a-6492-4396-b87a-50ec27869ccc/action returned with HTTP 202
2024-07-01 12:16:55.971 22 INFO cinder.api.openstack.wsgi [None req-ecc6fcbb-8a71-4e7f-9224-16fd2546b40a 8e01d83b92cd448196b8054cfcb12d2d 97afaf7df8c54db09723178b5ee8a3ea - - default default] GET http://[LB_IP_ADDRESS]:8776/v3/97afaf7df8c54db09723178b5ee8a3ea/groups/366eda0a-6492-4396-b87a-50ec27869ccc
2024-07-01 12:16:55.997 22 INFO cinder.api.openstack.wsgi [None req-ecc6fcbb-8a71-4e7f-9224-16fd2546b40a 8e01d83b92cd448196b8054cfcb12d2d 97afaf7df8c54db09723178b5ee8a3ea - - default default] http://[LB_IP_ADDRESS]:8776/v3/97afaf7df8c54db09723178b5ee8a3ea/groups/366eda0a-6492-4396-b87a-50ec27869ccc returned with HTTP 200
2024-07-01 12:16:56.015 19 INFO cinder.api.openstack.wsgi [None req-fcb34072-9bbd-452e-94ca-e84697c466b7 d9d9fde45fed4e9abb059ba713a0dcf8 e2696db4b9994f5b8b5507ad9c4e0d56 - - default default] POST http://[LB_IP_ADDRESS]:8776/v3/e2696db4b9994f5b8b5507ad9c4e0d56/groups/366eda0a-6492-4396-b87a-50ec27869ccc/action
2024-07-01 12:16:56.037 19 INFO cinder.api.openstack.wsgi [None req-fcb34072-9bbd-452e-94ca-e84697c466b7 d9d9fde45fed4e9abb059ba713a0dcf8 e2696db4b9994f5b8b5507ad9c4e0d56 - - default default] http://[LB_IP_ADDRESS]:8776/v3/e2696db4b9994f5b8b5507ad9c4e0d56/groups/366eda0a-6492-4396-b87a-50ec27869ccc/action returned with HTTP 202
2024-07-01 12:16:56.045 20 WARNING cinder.quota [None req-fc7fed77-91f7-4125-bb68-70802ecbd2a6 dece8322b623441cad4a37ef77a61460 435353d4bca14484a308e09c48183b24 - - default default] Deprecated: Default quota for resource: gigabytes_tempest-GroupSnapshotsTest-volume-type-443891938 is set by the default quota flag: quota_gigabytes_tempest-GroupSnapshotsTest-volume-type-443891938, it is now deprecated. Please use the default quota class for default quota.
2024-07-01 12:16:56.046 20 WARNING cinder.quota [None req-fc7fed77-91f7-4125-bb68-70802ecbd2a6 dece8322b623441cad4a37ef77a61460 435353d4bca14484a308e09c48183b24 - - default default] Deprecated: Default quota for resource: snapshots_tempest-GroupSnapshotsTest-volume-type-443891938 is set by the default quota flag: quota_snapshots_tempest-GroupSnapshotsTest-volume-type-443891938, it is now deprecated. Please use the default quota class for default quota.
2024-07-01 12:16:56.049 18 INFO cinder.api.openstack.wsgi [None req-20741c77-68ac-44d3-bfc6-45a11260029e 8e01d83b92cd448196b8054cfcb12d2d 97afaf7df8c54db09723178b5ee8a3ea - - default default] GET http://[LB_IP_ADDRESS]:8776/v3/97afaf7df8c54db09723178b5ee8a3ea/groups/366eda0a-6492-4396-b87a-50ec27869ccc
2024-07-01 12:16:56.074 18 INFO cinder.api.openstack.wsgi [None req-20741c77-68ac-44d3-bfc6-45a11260029e 8e01d83b92cd448196b8054cfcb12d2d 97afaf7df8c54db09723178b5ee8a3ea - - default default] http://[LB_IP_ADDRESS]:8776/v3/97afaf7df8c54db09723178b5ee8a3ea/groups/366eda0a-6492-4396-b87a-50ec27869ccc returned with HTTP 200
2024-07-01 12:16:56.093 21 INFO cinder.api.openstack.wsgi [None req-a3504d5e-93a9-4adc-a55c-c20bc298bed3 d9d9fde45fed4e9abb059ba713a0dcf8 e2696db4b9994f5b8b5507ad9c4e0d56 - - default default] POST http://[LB_IP_ADDRESS]:8776/v3/e2696db4b9994f5b8b5507ad9c4e0d56/groups/366eda0a-6492-4396-b87a-50ec27869ccc/action
2024-07-01 12:16:56.113 21 INFO cinder.api.openstack.wsgi [None req-a3504d5e-93a9-4adc-a55c-c20bc298bed3 d9d9fde45fed4e9abb059ba713a0dcf8 e2696db4b9994f5b8b5507ad9c4e0d56 - - default default] http://[LB_IP_ADDRESS]:8776/v3/e2696db4b9994f5b8b5507ad9c4e0d56/groups/366eda0a-6492-4396-b87a-50ec27869ccc/action returned with HTTP 202
2024-07-01 12:16:56.126 22 INFO cinder.api.openstack.wsgi [None req-c3a97c88-7425-4f7b-b45d-2d093b13ede8 8e01d83b92cd448196b8054cfcb12d2d 97afaf7df8c54db09723178b5ee8a3ea - - default default] GET http://[LB_IP_ADDRESS]:8776/v3/97afaf7df8c54db09723178b5ee8a3ea/groups/366eda0a-6492-4396-b87a-50ec27869ccc
2024-07-01 12:16:56.128 20 INFO cinder.api.openstack.wsgi [None req-fc7fed77-91f7-4125-bb68-70802ecbd2a6 dece8322b623441cad4a37ef77a61460 435353d4bca14484a308e09c48183b24 - - default default] http://[LB_IP_ADDRESS]:8776/v3/435353d4bca14484a308e09c48183b24/group_snapshots returned with HTTP 202
2024-07-01 12:16:56.142 19 INFO cinder.api.openstack.wsgi [None req-694c0530-2a09-453c-9074-6ab63853da5a dece8322b623441cad4a37ef77a61460 435353d4bca14484a308e09c48183b24 - - default default] GET http://[LB_IP_ADDRESS]:8776/v3/435353d4bca14484a308e09c48183b24/group_snapshots/f788ac49-ec8c-4aa7-bef9-a4157d8899f8
2024-07-01 12:16:56.152 22 INFO cinder.api.openstack.wsgi [None req-c3a97c88-7425-4f7b-b45d-2d093b13ede8 8e01d83b92cd448196b8054cfcb12d2d 97afaf7df8c54db09723178b5ee8a3ea - - default default] http://[LB_IP_ADDRESS]:8776/v3/97afaf7df8c54db09723178b5ee8a3ea/groups/366eda0a-6492-4396-b87a-50ec27869ccc returned with HTTP 200
2024-07-01 12:16:56.158 19 INFO cinder.api.openstack.wsgi [None req-694c0530-2a09-453c-9074-6ab63853da5a dece8322b623441cad4a37ef77a61460 435353d4bca14484a308e09c48183b24 - - default default] http://[LB_IP_ADDRESS]:8776/v3/435353d4bca14484a308e09c48183b24/group_snapshots/f788ac49-ec8c-4aa7-bef9-a4157d8899f8 returned with HTTP 200
2024-07-01 12:16:56.168 18 INFO cinder.api.openstack.wsgi [None req-5e605bfb-8d1f-4d5c-83fa-980a2e6e008a 8e01d83b92cd448196b8054cfcb12d2d 97afaf7df8c54db09723178b5ee8a3ea - - default default] GET http://[LB_IP_ADDRESS]:8776/v3/97afaf7df8c54db09723178b5ee8a3ea/volumes/detail
2024-07-01 12:16:56.185 18 INFO cinder.volume.api [None req-5e605bfb-8d1f-4d5c-83fa-980a2e6e008a 8e01d83b92cd448196b8054cfcb12d2d 97afaf7df8c54db09723178b5ee8a3ea - - default default] Get all volumes completed successfully.
2024-07-01 12:16:56.189 18 INFO cinder.api.openstack.wsgi [None req-5e605bfb-8d1f-4d5c-83fa-980a2e6e008a 8e01d83b92cd448196b8054cfcb12d2d 97afaf7df8c54db09723178b5ee8a3ea - - default default] http://[LB_IP_ADDRESS]:8776/v3/97afaf7df8c54db09723178b5ee8a3ea/volumes/detail returned with HTTP 200
2024-07-01 12:16:56.217 21 INFO cinder.api.openstack.wsgi [None req-f6875ce6-09d5-4730-a79a-fa4c27653027 8e01d83b92cd448196b8054cfcb12d2d 97afaf7df8c54db09723178b5ee8a3ea - - default default] POST http://[LB_IP_ADDRESS]:8776/v3/97afaf7df8c54db09723178b5ee8a3ea/groups/366eda0a-6492-4396-b87a-50ec27869ccc/action
2024-07-01 12:16:56.222 21 INFO cinder.api.v3.groups [None req-f6875ce6-09d5-4730-a79a-fa4c27653027 8e01d83b92cd448196b8054cfcb12d2d 97afaf7df8c54db09723178b5ee8a3ea - - default default] Delete group with id: 366eda0a-6492-4396-b87a-50ec27869ccc
2024-07-01 12:16:56.277 21 INFO cinder.api.openstack.wsgi [None req-f6875ce6-09d5-4730-a79a-fa4c27653027 8e01d83b92cd448196b8054cfcb12d2d 97afaf7df8c54db09723178b5ee8a3ea - - default default] http://[LB_IP_ADDRESS]:8776/v3/97afaf7df8c54db09723178b5ee8a3ea/groups/366eda0a-6492-4396-b87a-50ec27869ccc/action returned with HTTP 202
2024-07-01 12:16:56.290 20 INFO cinder.api.openstack.wsgi [None req-1fd0d6ee-765e-4dfb-98ee-ee0d8e723ab1 8e01d83b92cd448196b8054cfcb12d2d 97afaf7df8c54db09723178b5ee8a3ea - - default default] GET http://[LB_IP_ADDRESS]:8776/v3/97afaf7df8c54db09723178b5ee8a3ea/groups/366eda0a-6492-4396-b87a-50ec27869ccc
2024-07-01 12:16:56.316 20 INFO cinder.api.openstack.wsgi [None req-1fd0d6ee-765e-4dfb-98ee-ee0d8e723ab1 8e01d83b92cd448196b8054cfcb12d2d 97afaf7df8c54db09723178b5ee8a3ea - - default default] http://[LB_IP_ADDRESS]:8776/v3/97afaf7df8c54db09723178b5ee8a3ea/groups/366eda0a-6492-4396-b87a-50ec27869ccc returned with HTTP 200
2024-07-01 12:16:56.649 22 INFO cinder.api.openstack.wsgi [None req-acf2a62e-fc3d-465b-9435-67947285d024 de6b2bfc11af4f26bd02f67391adf9ac f660e2e3be234b95a71f4b3866d0c214 - - default default] GET http://[LB_IP_ADDRESS]:8776/v3/f660e2e3be234b95a71f4b3866d0c214/volumes/51051c66-4e15-4bf6-ab7c-9e8e89908e01
2024-07-01 12:16:56.667 22 INFO cinder.api.openstack.wsgi [None req-acf2a62e-fc3d-465b-9435-67947285d024 de6b2bfc11af4f26bd02f67391adf9ac f660e2e3be234b95a71f4b3866d0c214 - - default default] http://[LB_IP_ADDRESS]:8776/v3/f660e2e3be234b95a71f4b3866d0c214/volumes/51051c66-4e15-4bf6-ab7c-9e8e89908e01 returned with HTTP 404
2024-07-01 12:16:56.681 19 INFO cinder.api.openstack.wsgi [None req-fdc6d9fb-b671-45ca-9d63-860a4ec297ca 2fa53858684d4adbb84411c6e5a32d74 5a5d03f56c3341c99cbfb11734f7f4ba - - default default] DELETE http://[LB_IP_ADDRESS]:8776/v3/5a5d03f56c3341c99cbfb11734f7f4ba/types/44322cfc-a2d9-408a-96b3-5653c5d7e47f
2024-07-01 12:16:56.739 19 INFO cinder.api.openstack.wsgi [None req-fdc6d9fb-b671-45ca-9d63-860a4ec297ca 2fa53858684d4adbb84411c6e5a32d74 5a5d03f56c3341c99cbfb11734f7f4ba - - default default] http://[LB_IP_ADDRESS]:8776/v3/5a5d03f56c3341c99cbfb11734f7f4ba/types/44322cfc-a2d9-408a-96b3-5653c5d7e47f returned with HTTP 202
2024-07-01 12:16:56.751 18 INFO cinder.api.openstack.wsgi [None req-887bc8ef-5e57-4675-bfc6-a6f6cf611aff 2fa53858684d4adbb84411c6e5a32d74 5a5d03f56c3341c99cbfb11734f7f4ba - - default default] GET http://[LB_IP_ADDRESS]:8776/v3/5a5d03f56c3341c99cbfb11734f7f4ba/types/44322cfc-a2d9-408a-96b3-5653c5d7e47f
2024-07-01 12:16:56.759 18 INFO cinder.api.openstack.wsgi [None req-887bc8ef-5e57-4675-bfc6-a6f6cf611aff 2fa53858684d4adbb84411c6e5a32d74 5a5d03f56c3341c99cbfb11734f7f4ba - - default default] http://[LB_IP_ADDRESS]:8776/v3/5a5d03f56c3341c99cbfb11734f7f4ba/types/44322cfc-a2d9-408a-96b3-5653c5d7e47f returned with HTTP 404
2024-07-01 12:16:56.772 21 INFO cinder.api.openstack.wsgi [None req-61d29677-4b5d-421e-8bbf-957f96c895c7 2fa53858684d4adbb84411c6e5a32d74 5a5d03f56c3341c99cbfb11734f7f4ba - - default default] DELETE http://[LB_IP_ADDRESS]:8776/v3/5a5d03f56c3341c99cbfb11734f7f4ba/types/30f87356-731c-491b-bb64-54db73b6b661
2024-07-01 12:16:56.829 21 INFO cinder.api.openstack.wsgi [None req-61d29677-4b5d-421e-8bbf-957f96c895c7 2fa53858684d4adbb84411c6e5a32d74 5a5d03f56c3341c99cbfb11734f7f4ba - - default default] http://[LB_IP_ADDRESS]:8776/v3/5a5d03f56c3341c99cbfb11734f7f4ba/types/30f87356-731c-491b-bb64-54db73b6b661 returned with HTTP 202
2024-07-01 12:16:56.841 20 INFO cinder.api.openstack.wsgi [None req-5badb0c8-e39b-4836-8d5e-ca626539d26c 2fa53858684d4adbb84411c6e5a32d74 5a5d03f56c3341c99cbfb11734f7f4ba - - default default] GET http://[LB_IP_ADDRESS]:8776/v3/5a5d03f56c3341c99cbfb11734f7f4ba/types/30f87356-731c-491b-bb64-54db73b6b661
2024-07-01 12:16:56.849 20 INFO cinder.api.openstack.wsgi [None req-5badb0c8-e39b-4836-8d5e-ca626539d26c 2fa53858684d4adbb84411c6e5a32d74 5a5d03f56c3341c99cbfb11734f7f4ba - - default default] http://[LB_IP_ADDRESS]:8776/v3/5a5d03f56c3341c99cbfb11734f7f4ba/types/30f87356-731c-491b-bb64-54db73b6b661 returned with HTTP 404
2024-07-01 12:16:57.175 22 INFO cinder.api.openstack.wsgi [None req-d35ad8e9-442b-44b7-a571-6438a1a5dc09 dece8322b623441cad4a37ef77a61460 435353d4bca14484a308e09c48183b24 - - default default] GET http://[LB_IP_ADDRESS]:8776/v3/435353d4bca14484a308e09c48183b24/group_snapshots/f788ac49-ec8c-4aa7-bef9-a4157d8899f8
2024-07-01 12:16:57.192 22 INFO cinder.api.openstack.wsgi [None req-d35ad8e9-442b-44b7-a571-6438a1a5dc09 dece8322b623441cad4a37ef77a61460 435353d4bca14484a308e09c48183b24 - - default default] http://[LB_IP_ADDRESS]:8776/v3/435353d4bca14484a308e09c48183b24/group_snapshots/f788ac49-ec8c-4aa7-bef9-a4157d8899f8 returned with HTTP 200
2024-07-01 12:16:57.335 19 INFO cinder.api.openstack.wsgi [None req-4be9fd54-f760-47fc-a0f1-e22c39150f75 8e01d83b92cd448196b8054cfcb12d2d 97afaf7df8c54db09723178b5ee8a3ea - - default default] GET http://[LB_IP_ADDRESS]:8776/v3/97afaf7df8c54db09723178b5ee8a3ea/groups/366eda0a-6492-4396-b87a-50ec27869ccc
2024-07-01 12:16:57.343 19 INFO cinder.api.openstack.wsgi [None req-4be9fd54-f760-47fc-a0f1-e22c39150f75 8e01d83b92cd448196b8054cfcb12d2d 97afaf7df8c54db09723178b5ee8a3ea - - default default] http://[LB_IP_ADDRESS]:8776/v3/97afaf7df8c54db09723178b5ee8a3ea/groups/366eda0a-6492-4396-b87a-50ec27869ccc returned with HTTP 404
2024-07-01 12:16:57.355 18 INFO cinder.api.openstack.wsgi [None req-df779e30-bbc6-452c-90b2-3466abbca2ee d9d9fde45fed4e9abb059ba713a0dcf8 e2696db4b9994f5b8b5507ad9c4e0d56 - - default default] DELETE http://[LB_IP_ADDRESS]:8776/v3/e2696db4b9994f5b8b5507ad9c4e0d56/group_types/dbea6169-975b-4ee3-8412-fa31a48ac56f
2024-07-01 12:16:57.413 18 INFO cinder.api.openstack.wsgi [None req-df779e30-bbc6-452c-90b2-3466abbca2ee d9d9fde45fed4e9abb059ba713a0dcf8 e2696db4b9994f5b8b5507ad9c4e0d56 - - default default] http://[LB_IP_ADDRESS]:8776/v3/e2696db4b9994f5b8b5507ad9c4e0d56/group_types/dbea6169-975b-4ee3-8412-fa31a48ac56f returned with HTTP 202
2024-07-01 12:16:57.427 21 INFO cinder.api.openstack.wsgi [None req-a0624d81-e45c-4a30-b7fe-42a4a7312557 d9d9fde45fed4e9abb059ba713a0dcf8 e2696db4b9994f5b8b5507ad9c4e0d56 - - default default] DELETE http://[LB_IP_ADDRESS]:8776/v3/e2696db4b9994f5b8b5507ad9c4e0d56/types/ac559605-e793-4185-81ad-4bf34a798bad
2024-07-01 12:16:57.481 21 INFO cinder.api.openstack.wsgi [None req-a0624d81-e45c-4a30-b7fe-42a4a7312557 d9d9fde45fed4e9abb059ba713a0dcf8 e2696db4b9994f5b8b5507ad9c4e0d56 - - default default] http://[LB_IP_ADDRESS]:8776/v3/e2696db4b9994f5b8b5507ad9c4e0d56/types/ac559605-e793-4185-81ad-4bf34a798bad returned with HTTP 202
2024-07-01 12:16:57.494 20 INFO cinder.api.openstack.wsgi [None req-762bb531-55d9-4159-b67e-d434a364a065 d9d9fde45fed4e9abb059ba713a0dcf8 e2696db4b9994f5b8b5507ad9c4e0d56 - - default default] GET http://[LB_IP_ADDRESS]:8776/v3/e2696db4b9994f5b8b5507ad9c4e0d56/types/ac559605-e793-4185-81ad-4bf34a798bad
2024-07-01 12:16:57.502 20 INFO cinder.api.openstack.wsgi [None req-762bb531-55d9-4159-b67e-d434a364a065 d9d9fde45fed4e9abb059ba713a0dcf8 e2696db4b9994f5b8b5507ad9c4e0d56 - - default default] http://[LB_IP_ADDRESS]:8776/v3/e2696db4b9994f5b8b5507ad9c4e0d56/types/ac559605-e793-4185-81ad-4bf34a798bad returned with HTTP 404
2024-07-01 12:16:58.208 22 INFO cinder.api.openstack.wsgi [None req-24ca4336-7ac4-4df6-aa0d-6ccb6ece3add dece8322b623441cad4a37ef77a61460 435353d4bca14484a308e09c48183b24 - - default default] GET http://[LB_IP_ADDRESS]:8776/v3/435353d4bca14484a308e09c48183b24/group_snapshots/f788ac49-ec8c-4aa7-bef9-a4157d8899f8
2024-07-01 12:16:58.219 22 INFO cinder.api.openstack.wsgi [None req-24ca4336-7ac4-4df6-aa0d-6ccb6ece3add dece8322b623441cad4a37ef77a61460 435353d4bca14484a308e09c48183b24 - - default default] http://[LB_IP_ADDRESS]:8776/v3/435353d4bca14484a308e09c48183b24/group_snapshots/f788ac49-ec8c-4aa7-bef9-a4157d8899f8 returned with HTTP 200
2024-07-01 12:16:59.236 19 INFO cinder.api.openstack.wsgi [None req-3ff5f4dd-756a-4698-8c4f-d2a53d7ef3cf dece8322b623441cad4a37ef77a61460 435353d4bca14484a308e09c48183b24 - - default default] GET http://[LB_IP_ADDRESS]:8776/v3/435353d4bca14484a308e09c48183b24/group_snapshots/f788ac49-ec8c-4aa7-bef9-a4157d8899f8
2024-07-01 12:16:59.252 19 INFO cinder.api.openstack.wsgi [None req-3ff5f4dd-756a-4698-8c4f-d2a53d7ef3cf dece8322b623441cad4a37ef77a61460 435353d4bca14484a308e09c48183b24 - - default default] http://[LB_IP_ADDRESS]:8776/v3/435353d4bca14484a308e09c48183b24/group_snapshots/f788ac49-ec8c-4aa7-bef9-a4157d8899f8 returned with HTTP 200
2024-07-01 12:16:59.271 18 INFO cinder.api.openstack.wsgi [None req-9cbd6229-4241-4673-a31a-78fdb4e22226 dece8322b623441cad4a37ef77a61460 435353d4bca14484a308e09c48183b24 - - default default] GET http://[LB_IP_ADDRESS]:8776/v3/435353d4bca14484a308e09c48183b24/snapshots/detail
2024-07-01 12:16:59.287 18 INFO cinder.volume.api [None req-9cbd6229-4241-4673-a31a-78fdb4e22226 dece8322b623441cad4a37ef77a61460 435353d4bca14484a308e09c48183b24 - - default default] Get all snapshots completed successfully.
2024-07-01 12:16:59.291 18 INFO cinder.api.openstack.wsgi [None req-9cbd6229-4241-4673-a31a-78fdb4e22226 dece8322b623441cad4a37ef77a61460 435353d4bca14484a308e09c48183b24 - - default default] http://[LB_IP_ADDRESS]:8776/v3/435353d4bca14484a308e09c48183b24/snapshots/detail returned with HTTP 200
2024-07-01 12:16:59.309 21 INFO cinder.api.openstack.wsgi [None req-45b99640-0779-440a-b4ad-72a217e6d58c dece8322b623441cad4a37ef77a61460 435353d4bca14484a308e09c48183b24 - - default default] GET http://[LB_IP_ADDRESS]:8776/v3/435353d4bca14484a308e09c48183b24/snapshots/c9932bdc-f432-491a-8ebf-60d5192bc852
2024-07-01 12:16:59.324 21 INFO cinder.volume.api [None req-45b99640-0779-440a-b4ad-72a217e6d58c dece8322b623441cad4a37ef77a61460 435353d4bca14484a308e09c48183b24 - - default default] Snapshot retrieved successfully.
2024-07-01 12:16:59.326 21 INFO cinder.api.openstack.wsgi [None req-45b99640-0779-440a-b4ad-72a217e6d58c dece8322b623441cad4a37ef77a61460 435353d4bca14484a308e09c48183b24 - - default default] http://[LB_IP_ADDRESS]:8776/v3/435353d4bca14484a308e09c48183b24/snapshots/c9932bdc-f432-491a-8ebf-60d5192bc852 returned with HTTP 200
2024-07-01 12:16:59.343 20 INFO cinder.api.openstack.wsgi [None req-9051fb5c-f935-4994-aa1a-b32d74773ea2 dece8322b623441cad4a37ef77a61460 435353d4bca14484a308e09c48183b24 - - default default] GET http://[LB_IP_ADDRESS]:8776/v3/435353d4bca14484a308e09c48183b24/snapshots/bccdce14-ef02-4b45-8e80-9d33d508b42e
2024-07-01 12:16:59.359 20 INFO cinder.volume.api [None req-9051fb5c-f935-4994-aa1a-b32d74773ea2 dece8322b623441cad4a37ef77a61460 435353d4bca14484a308e09c48183b24 - - default default] Snapshot retrieved successfully.
2024-07-01 12:16:59.361 20 INFO cinder.api.openstack.wsgi [None req-9051fb5c-f935-4994-aa1a-b32d74773ea2 dece8322b623441cad4a37ef77a61460 435353d4bca14484a308e09c48183b24 - - default default] http://[LB_IP_ADDRESS]:8776/v3/435353d4bca14484a308e09c48183b24/snapshots/bccdce14-ef02-4b45-8e80-9d33d508b42e returned with HTTP 200
2024-07-01 12:16:59.377 22 INFO cinder.api.openstack.wsgi [None req-35d238b0-cb46-4119-b21f-7265d5bfece1 dece8322b623441cad4a37ef77a61460 435353d4bca14484a308e09c48183b24 - - default default] DELETE http://[LB_IP_ADDRESS]:8776/v3/435353d4bca14484a308e09c48183b24/group_snapshots/f788ac49-ec8c-4aa7-bef9-a4157d8899f8
2024-07-01 12:16:59.378 22 INFO cinder.api.v3.group_snapshots [None req-35d238b0-cb46-4119-b21f-7265d5bfece1 dece8322b623441cad4a37ef77a61460 435353d4bca14484a308e09c48183b24 - - default default] Delete group_snapshot with id: f788ac49-ec8c-4aa7-bef9-a4157d8899f8
2024-07-01 12:16:59.430 22 INFO cinder.api.openstack.wsgi [None req-35d238b0-cb46-4119-b21f-7265d5bfece1 dece8322b623441cad4a37ef77a61460 435353d4bca14484a308e09c48183b24 - - default default] http://[LB_IP_ADDRESS]:8776/v3/435353d4bca14484a308e09c48183b24/group_snapshots/f788ac49-ec8c-4aa7-bef9-a4157d8899f8 returned with HTTP 202
2024-07-01 12:16:59.440 19 INFO cinder.api.openstack.wsgi [None req-79b1bebf-ce91-43c4-94cd-d30d7d682e99 dece8322b623441cad4a37ef77a61460 435353d4bca14484a308e09c48183b24 - - default default] GET http://[LB_IP_ADDRESS]:8776/v3/435353d4bca14484a308e09c48183b24/volumes/detail
2024-07-01 12:16:59.456 19 INFO cinder.volume.api [None req-79b1bebf-ce91-43c4-94cd-d30d7d682e99 dece8322b623441cad4a37ef77a61460 435353d4bca14484a308e09c48183b24 - - default default] Get all volumes completed successfully.
2024-07-01 12:16:59.503 19 INFO cinder.api.openstack.wsgi [None req-79b1bebf-ce91-43c4-94cd-d30d7d682e99 dece8322b623441cad4a37ef77a61460 435353d4bca14484a308e09c48183b24 - - default default] http://[LB_IP_ADDRESS]:8776/v3/435353d4bca14484a308e09c48183b24/volumes/detail returned with HTTP 200
2024-07-01 12:16:59.531 18 INFO cinder.api.openstack.wsgi [None req-fad07ef0-b800-4f09-aaa5-cf4b4c9fa314 dece8322b623441cad4a37ef77a61460 435353d4bca14484a308e09c48183b24 - - default default] GET http://[LB_IP_ADDRESS]:8776/v3/435353d4bca14484a308e09c48183b24/snapshots/detail
2024-07-01 12:16:59.541 18 INFO cinder.volume.api [None req-fad07ef0-b800-4f09-aaa5-cf4b4c9fa314 dece8322b623441cad4a37ef77a61460 435353d4bca14484a308e09c48183b24 - - default default] Get all snapshots completed successfully.
2024-07-01 12:16:59.544 18 INFO cinder.api.openstack.wsgi [None req-fad07ef0-b800-4f09-aaa5-cf4b4c9fa314 dece8322b623441cad4a37ef77a61460 435353d4bca14484a308e09c48183b24 - - default default] http://[LB_IP_ADDRESS]:8776/v3/435353d4bca14484a308e09c48183b24/snapshots/detail returned with HTTP 200
2024-07-01 12:16:59.560 21 INFO cinder.api.openstack.wsgi [None req-b92236f4-5be2-4c5d-8e00-1938c0e7d16e dece8322b623441cad4a37ef77a61460 435353d4bca14484a308e09c48183b24 - - default default] GET http://[LB_IP_ADDRESS]:8776/v3/435353d4bca14484a308e09c48183b24/snapshots/bccdce14-ef02-4b45-8e80-9d33d508b42e
2024-07-01 12:16:59.570 21 INFO cinder.volume.api [None req-b92236f4-5be2-4c5d-8e00-1938c0e7d16e dece8322b623441cad4a37ef77a61460 435353d4bca14484a308e09c48183b24 - - default default] Snapshot retrieved successfully.
2024-07-01 12:16:59.571 21 INFO cinder.api.openstack.wsgi [None req-b92236f4-5be2-4c5d-8e00-1938c0e7d16e dece8322b623441cad4a37ef77a61460 435353d4bca14484a308e09c48183b24 - - default default] http://[LB_IP_ADDRESS]:8776/v3/435353d4bca14484a308e09c48183b24/snapshots/bccdce14-ef02-4b45-8e80-9d33d508b42e returned with HTTP 200
2024-07-01 12:17:00.589 20 INFO cinder.api.openstack.wsgi [None req-bdb68267-57d6-47ae-932e-dcbc7063cd0a dece8322b623441cad4a37ef77a61460 435353d4bca14484a308e09c48183b24 - - default default] GET http://[LB_IP_ADDRESS]:8776/v3/435353d4bca14484a308e09c48183b24/snapshots/bccdce14-ef02-4b45-8e80-9d33d508b42e
2024-07-01 12:17:00.600 20 INFO cinder.api.openstack.wsgi [None req-bdb68267-57d6-47ae-932e-dcbc7063cd0a dece8322b623441cad4a37ef77a61460 435353d4bca14484a308e09c48183b24 - - default default] http://[LB_IP_ADDRESS]:8776/v3/435353d4bca14484a308e09c48183b24/snapshots/bccdce14-ef02-4b45-8e80-9d33d508b42e returned with HTTP 404
2024-07-01 12:17:00.612 22 INFO cinder.api.openstack.wsgi [None req-13aefa50-4c98-42ee-aeaa-64396245262f dece8322b623441cad4a37ef77a61460 435353d4bca14484a308e09c48183b24 - - default default] GET http://[LB_IP_ADDRESS]:8776/v3/435353d4bca14484a308e09c48183b24/snapshots/c9932bdc-f432-491a-8ebf-60d5192bc852
2024-07-01 12:17:00.624 22 INFO cinder.api.openstack.wsgi [None req-13aefa50-4c98-42ee-aeaa-64396245262f dece8322b623441cad4a37ef77a61460 435353d4bca14484a308e09c48183b24 - - default default] http://[LB_IP_ADDRESS]:8776/v3/435353d4bca14484a308e09c48183b24/snapshots/c9932bdc-f432-491a-8ebf-60d5192bc852 returned with HTTP 404
2024-07-01 12:17:00.636 19 INFO cinder.api.openstack.wsgi [None req-30f63975-bb2d-4740-8d65-f8a833d66d5f dece8322b623441cad4a37ef77a61460 435353d4bca14484a308e09c48183b24 - - default default] GET http://[LB_IP_ADDRESS]:8776/v3/435353d4bca14484a308e09c48183b24/group_snapshots/f788ac49-ec8c-4aa7-bef9-a4157d8899f8
2024-07-01 12:17:00.643 19 INFO cinder.api.openstack.wsgi [None req-30f63975-bb2d-4740-8d65-f8a833d66d5f dece8322b623441cad4a37ef77a61460 435353d4bca14484a308e09c48183b24 - - default default] http://[LB_IP_ADDRESS]:8776/v3/435353d4bca14484a308e09c48183b24/group_snapshots/f788ac49-ec8c-4aa7-bef9-a4157d8899f8 returned with HTTP 404
2024-07-01 12:17:00.655 18 INFO cinder.api.openstack.wsgi [None req-f43a2e11-4a57-4d2e-a87e-1813238b7230 dece8322b623441cad4a37ef77a61460 435353d4bca14484a308e09c48183b24 - - default default] DELETE http://[LB_IP_ADDRESS]:8776/v3/435353d4bca14484a308e09c48183b24/group_snapshots/f788ac49-ec8c-4aa7-bef9-a4157d8899f8
2024-07-01 12:17:00.656 18 INFO cinder.api.v3.group_snapshots [None req-f43a2e11-4a57-4d2e-a87e-1813238b7230 dece8322b623441cad4a37ef77a61460 435353d4bca14484a308e09c48183b24 - - default default] Delete group_snapshot with id: f788ac49-ec8c-4aa7-bef9-a4157d8899f8
2024-07-01 12:17:00.662 18 INFO cinder.api.openstack.wsgi [None req-f43a2e11-4a57-4d2e-a87e-1813238b7230 dece8322b623441cad4a37ef77a61460 435353d4bca14484a308e09c48183b24 - - default default] http://[LB_IP_ADDRESS]:8776/v3/435353d4bca14484a308e09c48183b24/group_snapshots/f788ac49-ec8c-4aa7-bef9-a4157d8899f8 returned with HTTP 404
2024-07-01 12:17:00.674 21 INFO cinder.api.openstack.wsgi [None req-1ac7cf88-92b5-4462-a430-063b52da0e58 dece8322b623441cad4a37ef77a61460 435353d4bca14484a308e09c48183b24 - - default default] GET http://[LB_IP_ADDRESS]:8776/v3/435353d4bca14484a308e09c48183b24/volumes/detail
2024-07-01 12:17:00.696 21 INFO cinder.volume.api [None req-1ac7cf88-92b5-4462-a430-063b52da0e58 dece8322b623441cad4a37ef77a61460 435353d4bca14484a308e09c48183b24 - - default default] Get all volumes completed successfully.
2024-07-01 12:17:00.746 21 INFO cinder.api.openstack.wsgi [None req-1ac7cf88-92b5-4462-a430-063b52da0e58 dece8322b623441cad4a37ef77a61460 435353d4bca14484a308e09c48183b24 - - default default] http://[LB_IP_ADDRESS]:8776/v3/435353d4bca14484a308e09c48183b24/volumes/detail returned with HTTP 200
2024-07-01 12:17:00.776 20 INFO cinder.api.openstack.wsgi [None req-114e0a06-5f10-4580-a434-50e127ba0c98 dece8322b623441cad4a37ef77a61460 435353d4bca14484a308e09c48183b24 - - default default] POST http://[LB_IP_ADDRESS]:8776/v3/435353d4bca14484a308e09c48183b24/groups/62bf88cf-3cef-4e4b-b31e-dfd41edbf796/action
2024-07-01 12:17:00.780 20 INFO cinder.api.v3.groups [None req-114e0a06-5f10-4580-a434-50e127ba0c98 dece8322b623441cad4a37ef77a61460 435353d4bca14484a308e09c48183b24 - - default default] Delete group with id: 62bf88cf-3cef-4e4b-b31e-dfd41edbf796
2024-07-01 12:17:00.869 20 INFO cinder.api.openstack.wsgi [None req-114e0a06-5f10-4580-a434-50e127ba0c98 dece8322b623441cad4a37ef77a61460 435353d4bca14484a308e09c48183b24 - - default default] http://[LB_IP_ADDRESS]:8776/v3/435353d4bca14484a308e09c48183b24/groups/62bf88cf-3cef-4e4b-b31e-dfd41edbf796/action returned with HTTP 202
2024-07-01 12:17:00.879 22 INFO cinder.api.openstack.wsgi [None req-b5a7bd84-7a87-49b3-a0e1-4e66b4cb9416 dece8322b623441cad4a37ef77a61460 435353d4bca14484a308e09c48183b24 - - default default] GET http://[LB_IP_ADDRESS]:8776/v3/435353d4bca14484a308e09c48183b24/volumes/d589b62e-0d57-49c5-982d-ec47851bcc6b
2024-07-01 12:17:00.900 22 INFO cinder.volume.api [None req-b5a7bd84-7a87-49b3-a0e1-4e66b4cb9416 dece8322b623441cad4a37ef77a61460 435353d4bca14484a308e09c48183b24 - - default default] Volume info retrieved successfully.
2024-07-01 12:17:00.929 22 INFO cinder.api.openstack.wsgi [None req-b5a7bd84-7a87-49b3-a0e1-4e66b4cb9416 dece8322b623441cad4a37ef77a61460 435353d4bca14484a308e09c48183b24 - - default default] http://[LB_IP_ADDRESS]:8776/v3/435353d4bca14484a308e09c48183b24/volumes/d589b62e-0d57-49c5-982d-ec47851bcc6b returned with HTTP 200
2024-07-01 12:17:01.957 19 INFO cinder.api.openstack.wsgi [None req-f5f316a1-4bcc-4748-9fa4-da5be0dd8362 dece8322b623441cad4a37ef77a61460 435353d4bca14484a308e09c48183b24 - - default default] GET http://[LB_IP_ADDRESS]:8776/v3/435353d4bca14484a308e09c48183b24/volumes/d589b62e-0d57-49c5-982d-ec47851bcc6b
2024-07-01 12:17:01.969 19 INFO cinder.api.openstack.wsgi [None req-f5f316a1-4bcc-4748-9fa4-da5be0dd8362 dece8322b623441cad4a37ef77a61460 435353d4bca14484a308e09c48183b24 - - default default] http://[LB_IP_ADDRESS]:8776/v3/435353d4bca14484a308e09c48183b24/volumes/d589b62e-0d57-49c5-982d-ec47851bcc6b returned with HTTP 404
2024-07-01 12:17:01.979 18 INFO cinder.api.openstack.wsgi [None req-da438ee9-ac48-481f-af8d-163fc0adb484 dece8322b623441cad4a37ef77a61460 435353d4bca14484a308e09c48183b24 - - default default] GET http://[LB_IP_ADDRESS]:8776/v3/435353d4bca14484a308e09c48183b24/volumes/f2226161-9175-4b92-ab32-20d9d58d3baa
2024-07-01 12:17:01.995 18 INFO cinder.api.openstack.wsgi [None req-da438ee9-ac48-481f-af8d-163fc0adb484 dece8322b623441cad4a37ef77a61460 435353d4bca14484a308e09c48183b24 - - default default] http://[LB_IP_ADDRESS]:8776/v3/435353d4bca14484a308e09c48183b24/volumes/f2226161-9175-4b92-ab32-20d9d58d3baa returned with HTTP 404
2024-07-01 12:17:02.006 21 INFO cinder.api.openstack.wsgi [None req-fbf0ca53-03e9-4e55-b4d8-2a95a264f260 dece8322b623441cad4a37ef77a61460 435353d4bca14484a308e09c48183b24 - - default default] GET http://[LB_IP_ADDRESS]:8776/v3/435353d4bca14484a308e09c48183b24/groups/62bf88cf-3cef-4e4b-b31e-dfd41edbf796
2024-07-01 12:17:02.012 21 INFO cinder.api.openstack.wsgi [None req-fbf0ca53-03e9-4e55-b4d8-2a95a264f260 dece8322b623441cad4a37ef77a61460 435353d4bca14484a308e09c48183b24 - - default default] http://[LB_IP_ADDRESS]:8776/v3/435353d4bca14484a308e09c48183b24/groups/62bf88cf-3cef-4e4b-b31e-dfd41edbf796 returned with HTTP 404
2024-07-01 12:17:02.022 20 INFO cinder.api.openstack.wsgi [None req-85e9c399-aa35-4f85-9a40-36c74c65d3ed a198b731e0554b97ad6aef27c4383d28 0f30ca7ffa384b3f87e571268594bdac - - default default] DELETE http://[LB_IP_ADDRESS]:8776/v3/0f30ca7ffa384b3f87e571268594bdac/group_types/ae43a99e-9526-4eba-aef7-74d85900c395
2024-07-01 12:17:02.041 20 INFO cinder.api.openstack.wsgi [None req-85e9c399-aa35-4f85-9a40-36c74c65d3ed a198b731e0554b97ad6aef27c4383d28 0f30ca7ffa384b3f87e571268594bdac - - default default] http://[LB_IP_ADDRESS]:8776/v3/0f30ca7ffa384b3f87e571268594bdac/group_types/ae43a99e-9526-4eba-aef7-74d85900c395 returned with HTTP 202
2024-07-01 12:17:02.052 22 INFO cinder.api.openstack.wsgi [None req-bb84a5ca-cae3-4f08-8ef3-066338893d1e a198b731e0554b97ad6aef27c4383d28 0f30ca7ffa384b3f87e571268594bdac - - default default] DELETE http://[LB_IP_ADDRESS]:8776/v3/0f30ca7ffa384b3f87e571268594bdac/types/a674ff50-901a-43e3-bc9c-97778ff4374e
2024-07-01 12:17:02.100 22 INFO cinder.api.openstack.wsgi [None req-bb84a5ca-cae3-4f08-8ef3-066338893d1e a198b731e0554b97ad6aef27c4383d28 0f30ca7ffa384b3f87e571268594bdac - - default default] http://[LB_IP_ADDRESS]:8776/v3/0f30ca7ffa384b3f87e571268594bdac/types/a674ff50-901a-43e3-bc9c-97778ff4374e returned with HTTP 202
2024-07-01 12:17:02.112 19 INFO cinder.api.openstack.wsgi [None req-68bff9c2-cc2c-4281-9d9b-9f96caba4b54 a198b731e0554b97ad6aef27c4383d28 0f30ca7ffa384b3f87e571268594bdac - - default default] GET http://[LB_IP_ADDRESS]:8776/v3/0f30ca7ffa384b3f87e571268594bdac/types/a674ff50-901a-43e3-bc9c-97778ff4374e
2024-07-01 12:17:02.119 19 INFO cinder.api.openstack.wsgi [None req-68bff9c2-cc2c-4281-9d9b-9f96caba4b54 a198b731e0554b97ad6aef27c4383d28 0f30ca7ffa384b3f87e571268594bdac - - default default] http://[LB_IP_ADDRESS]:8776/v3/0f30ca7ffa384b3f87e571268594bdac/types/a674ff50-901a-43e3-bc9c-97778ff4374e returned with HTTP 404
2024-07-01 12:17:02.137 18 INFO cinder.api.openstack.wsgi [None req-44e3622b-84a9-4b9d-a1d2-eb7abd48327b a198b731e0554b97ad6aef27c4383d28 0f30ca7ffa384b3f87e571268594bdac - - default default] POST http://[LB_IP_ADDRESS]:8776/v3/0f30ca7ffa384b3f87e571268594bdac/types
2024-07-01 12:17:02.169 18 INFO cinder.api.openstack.wsgi [None req-44e3622b-84a9-4b9d-a1d2-eb7abd48327b a198b731e0554b97ad6aef27c4383d28 0f30ca7ffa384b3f87e571268594bdac - - default default] http://[LB_IP_ADDRESS]:8776/v3/0f30ca7ffa384b3f87e571268594bdac/types returned with HTTP 200
2024-07-01 12:17:02.184 21 INFO cinder.api.openstack.wsgi [None req-f6a8a5ed-6e9d-4895-a8c6-a65b25c994e7 a198b731e0554b97ad6aef27c4383d28 0f30ca7ffa384b3f87e571268594bdac - - default default] POST http://[LB_IP_ADDRESS]:8776/v3/0f30ca7ffa384b3f87e571268594bdac/group_types
2024-07-01 12:17:02.207 21 INFO cinder.api.openstack.wsgi [None req-f6a8a5ed-6e9d-4895-a8c6-a65b25c994e7 a198b731e0554b97ad6aef27c4383d28 0f30ca7ffa384b3f87e571268594bdac - - default default] http://[LB_IP_ADDRESS]:8776/v3/0f30ca7ffa384b3f87e571268594bdac/group_types returned with HTTP 202
2024-07-01 12:17:02.222 22 INFO cinder.api.openstack.wsgi [None req-e2d6b41a-aaa3-464e-968d-1388f608cb17 dece8322b623441cad4a37ef77a61460 435353d4bca14484a308e09c48183b24 - - default default] POST http://[LB_IP_ADDRESS]:8776/v3/435353d4bca14484a308e09c48183b24/groups
2024-07-01 12:17:02.237 22 INFO cinder.api.v3.groups [None req-e2d6b41a-aaa3-464e-968d-1388f608cb17 dece8322b623441cad4a37ef77a61460 435353d4bca14484a308e09c48183b24 - - default default] Creating group tempest-GroupSnapshotsTest-Group-371027801.
2024-07-01 12:17:02.250 22 INFO cinder.volume.api [None req-e2d6b41a-aaa3-464e-968d-1388f608cb17 dece8322b623441cad4a37ef77a61460 435353d4bca14484a308e09c48183b24 - - default default] Availability Zones retrieved successfully.
2024-07-01 12:17:02.353 22 INFO cinder.api.openstack.wsgi [None req-e2d6b41a-aaa3-464e-968d-1388f608cb17 dece8322b623441cad4a37ef77a61460 435353d4bca14484a308e09c48183b24 - - default default] http://[LB_IP_ADDRESS]:8776/v3/435353d4bca14484a308e09c48183b24/groups returned with HTTP 202
2024-07-01 12:17:02.366 19 INFO cinder.api.openstack.wsgi [None req-ef09d418-eff1-46fd-a834-bb600c14ece2 dece8322b623441cad4a37ef77a61460 435353d4bca14484a308e09c48183b24 - - default default] GET http://[LB_IP_ADDRESS]:8776/v3/435353d4bca14484a308e09c48183b24/groups/000f4ea8-aa5a-4a26-b113-d4abfb99a0e3
2024-07-01 12:17:02.391 19 INFO cinder.api.openstack.wsgi [None req-ef09d418-eff1-46fd-a834-bb600c14ece2 dece8322b623441cad4a37ef77a61460 435353d4bca14484a308e09c48183b24 - - default default] http://[LB_IP_ADDRESS]:8776/v3/435353d4bca14484a308e09c48183b24/groups/000f4ea8-aa5a-4a26-b113-d4abfb99a0e3 returned with HTTP 200
2024-07-01 12:17:02.401 20 INFO cinder.api.openstack.wsgi [None req-57b5f7a6-92e6-4abc-9c44-19bafe38bb86 8406e63de781431bac4d72f969b5fb4a f7e053e12af346b7b8f701348013879a - - default default] GET http://[LB_IP_ADDRESS]:8776/v3/f7e053e12af346b7b8f701348013879a/os-services
2024-07-01 12:17:02.410 20 INFO cinder.api.openstack.wsgi [None req-57b5f7a6-92e6-4abc-9c44-19bafe38bb86 8406e63de781431bac4d72f969b5fb4a f7e053e12af346b7b8f701348013879a - - default default] http://[LB_IP_ADDRESS]:8776/v3/f7e053e12af346b7b8f701348013879a/os-services returned with HTTP 200
2024-07-01 12:17:02.426 18 INFO cinder.api.openstack.wsgi [None req-7c20c73a-f7d2-4280-a913-de3753d167b0 8406e63de781431bac4d72f969b5fb4a f7e053e12af346b7b8f701348013879a - - default default] PUT http://[LB_IP_ADDRESS]:8776/v3/f7e053e12af346b7b8f701348013879a/os-services/disable-log-reason
2024-07-01 12:17:02.431 18 INFO cinder.api.openstack.wsgi [None req-7c20c73a-f7d2-4280-a913-de3753d167b0 8406e63de781431bac4d72f969b5fb4a f7e053e12af346b7b8f701348013879a - - default default] http://[LB_IP_ADDRESS]:8776/v3/f7e053e12af346b7b8f701348013879a/os-services/disable-log-reason returned with HTTP 400
2024-07-01 12:17:02.444 21 INFO cinder.api.openstack.wsgi [None req-ef874852-9caa-4257-8d4a-bb905b17c064 8406e63de781431bac4d72f969b5fb4a f7e053e12af346b7b8f701348013879a - - default default] PUT http://[LB_IP_ADDRESS]:8776/v3/f7e053e12af346b7b8f701348013879a/os-services/disable
2024-07-01 12:17:02.454 21 INFO cinder.api.openstack.wsgi [None req-ef874852-9caa-4257-8d4a-bb905b17c064 8406e63de781431bac4d72f969b5fb4a f7e053e12af346b7b8f701348013879a - - default default] http://[LB_IP_ADDRESS]:8776/v3/f7e053e12af346b7b8f701348013879a/os-services/disable returned with HTTP 404
2024-07-01 12:17:02.467 22 INFO cinder.api.openstack.wsgi [None req-36869a61-f626-48de-a899-652dd7471911 8406e63de781431bac4d72f969b5fb4a f7e053e12af346b7b8f701348013879a - - default default] PUT http://[LB_IP_ADDRESS]:8776/v3/f7e053e12af346b7b8f701348013879a/os-services/enable
