Build Started 19_01_2023_14_54_05
2023-01-19 14:55:44.254 22 INFO cinder.api.openstack.wsgi [None req-5af364c4-f42a-4edf-bc4a-f35c0a2f69af ea1d4f2f9df3408ea1561dc843bf879f 7ea1961ff9dc49c19d49010b6afb4aa2 - - default default] GET http://[LB_IP_ADDRESS]:8776/v3/7ea1961ff9dc49c19d49010b6afb4aa2/volumes/detail
2023-01-19 14:55:44.277 22 INFO cinder.volume.api [None req-5af364c4-f42a-4edf-bc4a-f35c0a2f69af ea1d4f2f9df3408ea1561dc843bf879f 7ea1961ff9dc49c19d49010b6afb4aa2 - - default default] Get all volumes completed successfully.
2023-01-19 14:55:44.282 22 INFO cinder.api.openstack.wsgi [None req-5af364c4-f42a-4edf-bc4a-f35c0a2f69af ea1d4f2f9df3408ea1561dc843bf879f 7ea1961ff9dc49c19d49010b6afb4aa2 - - default default] http://[LB_IP_ADDRESS]:8776/v3/7ea1961ff9dc49c19d49010b6afb4aa2/volumes/detail returned with HTTP 200
2023-01-19 14:55:44.299 21 INFO cinder.api.openstack.wsgi [req-5af364c4-f42a-4edf-bc4a-f35c0a2f69af req-b48c4710-de8d-4372-b1ca-f15d6dcda0a1 ea1d4f2f9df3408ea1561dc843bf879f 7ea1961ff9dc49c19d49010b6afb4aa2 - - default default] GET http://[LB_IP_ADDRESS]:8776/v3/7ea1961ff9dc49c19d49010b6afb4aa2/snapshots/detail?all_tenants=True
2023-01-19 14:55:44.329 21 INFO cinder.volume.api [req-5af364c4-f42a-4edf-bc4a-f35c0a2f69af req-b48c4710-de8d-4372-b1ca-f15d6dcda0a1 ea1d4f2f9df3408ea1561dc843bf879f 7ea1961ff9dc49c19d49010b6afb4aa2 - - default default] Get all snapshots completed successfully.
2023-01-19 14:55:44.333 21 INFO cinder.api.openstack.wsgi [req-5af364c4-f42a-4edf-bc4a-f35c0a2f69af req-b48c4710-de8d-4372-b1ca-f15d6dcda0a1 ea1d4f2f9df3408ea1561dc843bf879f 7ea1961ff9dc49c19d49010b6afb4aa2 - - default default] http://[LB_IP_ADDRESS]:8776/v3/7ea1961ff9dc49c19d49010b6afb4aa2/snapshots/detail?all_tenants=True returned with HTTP 200
2023-01-19 14:55:46.194 19 INFO cinder.api.openstack.wsgi [None req-65423962-3a2b-48e4-adce-006d0376c7ec ea1d4f2f9df3408ea1561dc843bf879f 7ea1961ff9dc49c19d49010b6afb4aa2 - - default default] GET http://[LB_IP_ADDRESS]:8776/v3/7ea1961ff9dc49c19d49010b6afb4aa2/volumes/detail?all_tenants=True
2023-01-19 14:55:46.221 19 INFO cinder.volume.api [None req-65423962-3a2b-48e4-adce-006d0376c7ec ea1d4f2f9df3408ea1561dc843bf879f 7ea1961ff9dc49c19d49010b6afb4aa2 - - default default] Get all volumes completed successfully.
2023-01-19 14:55:46.226 19 INFO cinder.api.openstack.wsgi [None req-65423962-3a2b-48e4-adce-006d0376c7ec ea1d4f2f9df3408ea1561dc843bf879f 7ea1961ff9dc49c19d49010b6afb4aa2 - - default default] http://[LB_IP_ADDRESS]:8776/v3/7ea1961ff9dc49c19d49010b6afb4aa2/volumes/detail?all_tenants=True returned with HTTP 200
2023-01-19 14:55:47.982 23 INFO cinder.api.openstack.wsgi [None req-db4742c0-6a72-4440-a704-cf8003b1ac81 ea1d4f2f9df3408ea1561dc843bf879f 7ea1961ff9dc49c19d49010b6afb4aa2 - - default default] GET http://[LB_IP_ADDRESS]:8776/v3/7ea1961ff9dc49c19d49010b6afb4aa2/types?is_public=None
2023-01-19 14:55:48.000 23 INFO cinder.api.openstack.wsgi [None req-db4742c0-6a72-4440-a704-cf8003b1ac81 ea1d4f2f9df3408ea1561dc843bf879f 7ea1961ff9dc49c19d49010b6afb4aa2 - - default default] http://[LB_IP_ADDRESS]:8776/v3/7ea1961ff9dc49c19d49010b6afb4aa2/types?is_public=None returned with HTTP 200
2023-01-19 14:55:51.394 20 INFO cinder.api.openstack.wsgi [None req-3e8902b2-6ead-434a-b898-882a3302a42c - - - - - -] GET http://[LB_IP_ADDRESS]:8776/
2023-01-19 14:55:51.404 20 INFO cinder.api.openstack.wsgi [None req-3e8902b2-6ead-434a-b898-882a3302a42c - - - - - -] http://[LB_IP_ADDRESS]:8776/ returned with HTTP 300
2023-01-19 14:56:01.220 22 INFO cinder.api.openstack.wsgi [None req-f5c90cf7-065e-4fba-980b-fc0a5e49b6a8 e25cda320a0945f7b1015e83c5da68c3 82c4976db62f4680bcb345dc21568a1c - - default default] POST http://[LB_IP_ADDRESS]:8776/v3/82c4976db62f4680bcb345dc21568a1c/volumes
2023-01-19 14:56:01.312 22 INFO cinder.api.v3.volumes [None req-f5c90cf7-065e-4fba-980b-fc0a5e49b6a8 e25cda320a0945f7b1015e83c5da68c3 82c4976db62f4680bcb345dc21568a1c - - default default] Create volume of 1 GB
2023-01-19 14:56:01.324 22 INFO cinder.volume.api [None req-f5c90cf7-065e-4fba-980b-fc0a5e49b6a8 e25cda320a0945f7b1015e83c5da68c3 82c4976db62f4680bcb345dc21568a1c - - default default] Availability Zones retrieved successfully.
2023-01-19 14:56:01.368 21 INFO cinder.api.openstack.wsgi [req-6e105d38-cdb1-44e0-b05d-749896f016ce req-e197eae0-23d9-4a27-95e9-53b3edb67e9d 7368b11ec2d64e548822b025b69a3168 d951e0afca5a41508ff0cfb997b6b0ae - - default default] POST http://[LB_IP_ADDRESS]:8776/v3/d951e0afca5a41508ff0cfb997b6b0ae/volumes
2023-01-19 14:56:01.375 21 INFO cinder.api.v3.volumes [req-6e105d38-cdb1-44e0-b05d-749896f016ce req-e197eae0-23d9-4a27-95e9-53b3edb67e9d 7368b11ec2d64e548822b025b69a3168 d951e0afca5a41508ff0cfb997b6b0ae - - default default] Create volume of 1 GB
2023-01-19 14:56:01.387 21 INFO cinder.volume.api [req-6e105d38-cdb1-44e0-b05d-749896f016ce req-e197eae0-23d9-4a27-95e9-53b3edb67e9d 7368b11ec2d64e548822b025b69a3168 d951e0afca5a41508ff0cfb997b6b0ae - - default default] Availability Zones retrieved successfully.
2023-01-19 14:56:01.607 21 INFO cinder.volume.api [req-6e105d38-cdb1-44e0-b05d-749896f016ce req-e197eae0-23d9-4a27-95e9-53b3edb67e9d 7368b11ec2d64e548822b025b69a3168 d951e0afca5a41508ff0cfb997b6b0ae - - default default] Create volume request issued successfully.
2023-01-19 14:56:01.609 21 INFO cinder.api.openstack.wsgi [req-6e105d38-cdb1-44e0-b05d-749896f016ce req-e197eae0-23d9-4a27-95e9-53b3edb67e9d 7368b11ec2d64e548822b025b69a3168 d951e0afca5a41508ff0cfb997b6b0ae - - default default] http://[LB_IP_ADDRESS]:8776/v3/d951e0afca5a41508ff0cfb997b6b0ae/volumes returned with HTTP 202
2023-01-19 14:56:01.609 22 INFO cinder.volume.api [None req-f5c90cf7-065e-4fba-980b-fc0a5e49b6a8 e25cda320a0945f7b1015e83c5da68c3 82c4976db62f4680bcb345dc21568a1c - - default default] Create volume request issued successfully.
2023-01-19 14:56:01.611 22 INFO cinder.api.openstack.wsgi [None req-f5c90cf7-065e-4fba-980b-fc0a5e49b6a8 e25cda320a0945f7b1015e83c5da68c3 82c4976db62f4680bcb345dc21568a1c - - default default] http://[LB_IP_ADDRESS]:8776/v3/82c4976db62f4680bcb345dc21568a1c/volumes returned with HTTP 202
2023-01-19 14:56:01.625 19 INFO cinder.api.openstack.wsgi [req-6e105d38-cdb1-44e0-b05d-749896f016ce req-adcd4ac5-75b4-4f08-a139-dd136a0f2813 7368b11ec2d64e548822b025b69a3168 d951e0afca5a41508ff0cfb997b6b0ae - - default default] GET http://[LB_IP_ADDRESS]:8776/v3/d951e0afca5a41508ff0cfb997b6b0ae/volumes/b0098fec-0f2c-4354-b7d5-d362b22c23e5
2023-01-19 14:56:01.633 23 INFO cinder.api.openstack.wsgi [None req-c16045ba-0887-4318-bb64-1e568840fd90 e25cda320a0945f7b1015e83c5da68c3 82c4976db62f4680bcb345dc21568a1c - - default default] GET http://[LB_IP_ADDRESS]:8776/v3/82c4976db62f4680bcb345dc21568a1c/volumes/c4f00dbb-eeda-4b76-9d7a-a61a70e5699a
2023-01-19 14:56:01.657 19 INFO cinder.volume.api [req-6e105d38-cdb1-44e0-b05d-749896f016ce req-adcd4ac5-75b4-4f08-a139-dd136a0f2813 7368b11ec2d64e548822b025b69a3168 d951e0afca5a41508ff0cfb997b6b0ae - - default default] Volume info retrieved successfully.
2023-01-19 14:56:01.668 19 INFO cinder.api.openstack.wsgi [req-6e105d38-cdb1-44e0-b05d-749896f016ce req-adcd4ac5-75b4-4f08-a139-dd136a0f2813 7368b11ec2d64e548822b025b69a3168 d951e0afca5a41508ff0cfb997b6b0ae - - default default] http://[LB_IP_ADDRESS]:8776/v3/d951e0afca5a41508ff0cfb997b6b0ae/volumes/b0098fec-0f2c-4354-b7d5-d362b22c23e5 returned with HTTP 200
2023-01-19 14:56:01.677 23 INFO cinder.volume.api [None req-c16045ba-0887-4318-bb64-1e568840fd90 e25cda320a0945f7b1015e83c5da68c3 82c4976db62f4680bcb345dc21568a1c - - default default] Volume info retrieved successfully.
2023-01-19 14:56:01.686 23 INFO cinder.api.openstack.wsgi [None req-c16045ba-0887-4318-bb64-1e568840fd90 e25cda320a0945f7b1015e83c5da68c3 82c4976db62f4680bcb345dc21568a1c - - default default] http://[LB_IP_ADDRESS]:8776/v3/82c4976db62f4680bcb345dc21568a1c/volumes/c4f00dbb-eeda-4b76-9d7a-a61a70e5699a returned with HTTP 200
2023-01-19 14:56:01.776 20 INFO cinder.api.openstack.wsgi [req-84aca381-c388-4ce7-890c-055751a67edb req-5f5fa586-13d0-4b24-9d7a-f7d00e0ca977 7368b11ec2d64e548822b025b69a3168 d951e0afca5a41508ff0cfb997b6b0ae - - default default] GET http://[LB_IP_ADDRESS]:8776/v3/d951e0afca5a41508ff0cfb997b6b0ae/volumes/b0098fec-0f2c-4354-b7d5-d362b22c23e5
2023-01-19 14:56:01.804 20 INFO cinder.volume.api [req-84aca381-c388-4ce7-890c-055751a67edb req-5f5fa586-13d0-4b24-9d7a-f7d00e0ca977 7368b11ec2d64e548822b025b69a3168 d951e0afca5a41508ff0cfb997b6b0ae - - default default] Volume info retrieved successfully.
2023-01-19 14:56:01.812 20 INFO cinder.api.openstack.wsgi [req-84aca381-c388-4ce7-890c-055751a67edb req-5f5fa586-13d0-4b24-9d7a-f7d00e0ca977 7368b11ec2d64e548822b025b69a3168 d951e0afca5a41508ff0cfb997b6b0ae - - default default] http://[LB_IP_ADDRESS]:8776/v3/d951e0afca5a41508ff0cfb997b6b0ae/volumes/b0098fec-0f2c-4354-b7d5-d362b22c23e5 returned with HTTP 200
2023-01-19 14:56:02.708 22 INFO cinder.api.openstack.wsgi [None req-abda4cae-59fc-439a-9d69-093bee5621e8 e25cda320a0945f7b1015e83c5da68c3 82c4976db62f4680bcb345dc21568a1c - - default default] GET http://[LB_IP_ADDRESS]:8776/v3/82c4976db62f4680bcb345dc21568a1c/volumes/c4f00dbb-eeda-4b76-9d7a-a61a70e5699a
2023-01-19 14:56:02.734 22 INFO cinder.volume.api [None req-abda4cae-59fc-439a-9d69-093bee5621e8 e25cda320a0945f7b1015e83c5da68c3 82c4976db62f4680bcb345dc21568a1c - - default default] Volume info retrieved successfully.
2023-01-19 14:56:02.747 22 INFO cinder.api.openstack.wsgi [None req-abda4cae-59fc-439a-9d69-093bee5621e8 e25cda320a0945f7b1015e83c5da68c3 82c4976db62f4680bcb345dc21568a1c - - default default] http://[LB_IP_ADDRESS]:8776/v3/82c4976db62f4680bcb345dc21568a1c/volumes/c4f00dbb-eeda-4b76-9d7a-a61a70e5699a returned with HTTP 200
2023-01-19 14:56:02.843 21 INFO cinder.api.openstack.wsgi [None req-e445d4da-8060-4f8c-8f25-60c2553bd60a 69ecf66fa4474beb863915b6bea3cf07 0ed7fb57e1104b768f9e6112bfdded3d - - default default] GET http://[LB_IP_ADDRESS]:8776/v3/0ed7fb57e1104b768f9e6112bfdded3d/scheduler-stats/get_pools
2023-01-19 14:56:02.867 21 INFO cinder.api.openstack.wsgi [None req-e445d4da-8060-4f8c-8f25-60c2553bd60a 69ecf66fa4474beb863915b6bea3cf07 0ed7fb57e1104b768f9e6112bfdded3d - - default default] http://[LB_IP_ADDRESS]:8776/v3/0ed7fb57e1104b768f9e6112bfdded3d/scheduler-stats/get_pools returned with HTTP 200
2023-01-19 14:56:02.889 23 INFO cinder.api.openstack.wsgi [None req-b3eb10c4-7b38-4df1-8d00-ae7d0fba9d75 69ecf66fa4474beb863915b6bea3cf07 0ed7fb57e1104b768f9e6112bfdded3d - - default default] GET http://[LB_IP_ADDRESS]:8776/v3/0ed7fb57e1104b768f9e6112bfdded3d/scheduler-stats/get_pools?detail=True
2023-01-19 14:56:02.910 23 INFO cinder.api.openstack.wsgi [None req-b3eb10c4-7b38-4df1-8d00-ae7d0fba9d75 69ecf66fa4474beb863915b6bea3cf07 0ed7fb57e1104b768f9e6112bfdded3d - - default default] http://[LB_IP_ADDRESS]:8776/v3/0ed7fb57e1104b768f9e6112bfdded3d/scheduler-stats/get_pools?detail=True returned with HTTP 200
2023-01-19 14:56:02.933 20 INFO cinder.api.openstack.wsgi [None req-44bf4603-d733-41a0-a20b-556d7fb1eda8 69ecf66fa4474beb863915b6bea3cf07 0ed7fb57e1104b768f9e6112bfdded3d - - default default] GET http://[LB_IP_ADDRESS]:8776/v3/0ed7fb57e1104b768f9e6112bfdded3d/capabilities/rack09-server62@LIGHTOSqqhcji
2023-01-19 14:56:02.961 20 INFO cinder.api.openstack.wsgi [None req-44bf4603-d733-41a0-a20b-556d7fb1eda8 69ecf66fa4474beb863915b6bea3cf07 0ed7fb57e1104b768f9e6112bfdded3d - - default default] http://[LB_IP_ADDRESS]:8776/v3/0ed7fb57e1104b768f9e6112bfdded3d/capabilities/rack09-server62@LIGHTOSqqhcji returned with HTTP 200
2023-01-19 14:56:02.982 22 INFO cinder.api.openstack.wsgi [None req-1163cab7-5430-4b18-a53f-03521cd7549e 69ecf66fa4474beb863915b6bea3cf07 0ed7fb57e1104b768f9e6112bfdded3d - - default default] GET http://[LB_IP_ADDRESS]:8776/v3/0ed7fb57e1104b768f9e6112bfdded3d/capabilities/rack09-server62@LIGHTOSqqhcji
2023-01-19 14:56:03.002 22 INFO cinder.api.openstack.wsgi [None req-1163cab7-5430-4b18-a53f-03521cd7549e 69ecf66fa4474beb863915b6bea3cf07 0ed7fb57e1104b768f9e6112bfdded3d - - default default] http://[LB_IP_ADDRESS]:8776/v3/0ed7fb57e1104b768f9e6112bfdded3d/capabilities/rack09-server62@LIGHTOSqqhcji returned with HTTP 200
2023-01-19 14:56:03.029 19 INFO cinder.api.openstack.wsgi [req-d2945833-34ae-41e8-8df6-038b59d04132 req-50b667b8-926c-4c25-a180-cbe16503c532 7368b11ec2d64e548822b025b69a3168 d951e0afca5a41508ff0cfb997b6b0ae - - default default] GET http://[LB_IP_ADDRESS]:8776/v3/d951e0afca5a41508ff0cfb997b6b0ae/volumes/b0098fec-0f2c-4354-b7d5-d362b22c23e5
2023-01-19 14:56:03.053 19 INFO cinder.volume.api [req-d2945833-34ae-41e8-8df6-038b59d04132 req-50b667b8-926c-4c25-a180-cbe16503c532 7368b11ec2d64e548822b025b69a3168 d951e0afca5a41508ff0cfb997b6b0ae - - default default] Volume info retrieved successfully.
2023-01-19 14:56:03.061 19 INFO cinder.api.openstack.wsgi [req-d2945833-34ae-41e8-8df6-038b59d04132 req-50b667b8-926c-4c25-a180-cbe16503c532 7368b11ec2d64e548822b025b69a3168 d951e0afca5a41508ff0cfb997b6b0ae - - default default] http://[LB_IP_ADDRESS]:8776/v3/d951e0afca5a41508ff0cfb997b6b0ae/volumes/b0098fec-0f2c-4354-b7d5-d362b22c23e5 returned with HTTP 200
2023-01-19 14:56:03.770 21 INFO cinder.api.openstack.wsgi [None req-558834f5-a468-41e3-9ccf-3419d8e1d436 e25cda320a0945f7b1015e83c5da68c3 82c4976db62f4680bcb345dc21568a1c - - default default] GET http://[LB_IP_ADDRESS]:8776/v3/82c4976db62f4680bcb345dc21568a1c/volumes/c4f00dbb-eeda-4b76-9d7a-a61a70e5699a
2023-01-19 14:56:03.801 21 INFO cinder.volume.api [None req-558834f5-a468-41e3-9ccf-3419d8e1d436 e25cda320a0945f7b1015e83c5da68c3 82c4976db62f4680bcb345dc21568a1c - - default default] Volume info retrieved successfully.
2023-01-19 14:56:03.810 21 INFO cinder.api.openstack.wsgi [None req-558834f5-a468-41e3-9ccf-3419d8e1d436 e25cda320a0945f7b1015e83c5da68c3 82c4976db62f4680bcb345dc21568a1c - - default default] http://[LB_IP_ADDRESS]:8776/v3/82c4976db62f4680bcb345dc21568a1c/volumes/c4f00dbb-eeda-4b76-9d7a-a61a70e5699a returned with HTTP 200
2023-01-19 14:56:04.315 23 INFO cinder.api.openstack.wsgi [req-d4f9798f-1805-4263-95af-e990db4dc6a3 req-5477849d-0acd-4f69-ba88-f48a01d2ea82 7368b11ec2d64e548822b025b69a3168 d951e0afca5a41508ff0cfb997b6b0ae - - default default] GET http://[LB_IP_ADDRESS]:8776/v3/d951e0afca5a41508ff0cfb997b6b0ae/volumes/b0098fec-0f2c-4354-b7d5-d362b22c23e5
2023-01-19 14:56:04.344 23 INFO cinder.volume.api [req-d4f9798f-1805-4263-95af-e990db4dc6a3 req-5477849d-0acd-4f69-ba88-f48a01d2ea82 7368b11ec2d64e548822b025b69a3168 d951e0afca5a41508ff0cfb997b6b0ae - - default default] Volume info retrieved successfully.
2023-01-19 14:56:04.352 23 INFO cinder.api.openstack.wsgi [req-d4f9798f-1805-4263-95af-e990db4dc6a3 req-5477849d-0acd-4f69-ba88-f48a01d2ea82 7368b11ec2d64e548822b025b69a3168 d951e0afca5a41508ff0cfb997b6b0ae - - default default] http://[LB_IP_ADDRESS]:8776/v3/d951e0afca5a41508ff0cfb997b6b0ae/volumes/b0098fec-0f2c-4354-b7d5-d362b22c23e5 returned with HTTP 200
2023-01-19 14:56:04.499 20 INFO cinder.api.openstack.wsgi [req-bf5a2521-195d-44df-b1d6-d975ef3c8dcb req-24ff9574-ab58-4134-975d-8bc9b897d85a 7368b11ec2d64e548822b025b69a3168 d951e0afca5a41508ff0cfb997b6b0ae - - default default] POST http://[LB_IP_ADDRESS]:8776/v3/d951e0afca5a41508ff0cfb997b6b0ae/snapshots
2023-01-19 14:56:04.518 20 INFO cinder.volume.api [req-bf5a2521-195d-44df-b1d6-d975ef3c8dcb req-24ff9574-ab58-4134-975d-8bc9b897d85a 7368b11ec2d64e548822b025b69a3168 d951e0afca5a41508ff0cfb997b6b0ae - - default default] Volume info retrieved successfully.
2023-01-19 14:56:04.519 20 INFO cinder.api.v3.snapshots [req-bf5a2521-195d-44df-b1d6-d975ef3c8dcb req-24ff9574-ab58-4134-975d-8bc9b897d85a 7368b11ec2d64e548822b025b69a3168 d951e0afca5a41508ff0cfb997b6b0ae - - default default] Create snapshot from volume b0098fec-0f2c-4354-b7d5-d362b22c23e5
2023-01-19 14:56:04.638 20 INFO cinder.volume.api [req-bf5a2521-195d-44df-b1d6-d975ef3c8dcb req-24ff9574-ab58-4134-975d-8bc9b897d85a 7368b11ec2d64e548822b025b69a3168 d951e0afca5a41508ff0cfb997b6b0ae - - default default] Snapshot create request issued successfully.
2023-01-19 14:56:04.639 20 INFO cinder.api.openstack.wsgi [req-bf5a2521-195d-44df-b1d6-d975ef3c8dcb req-24ff9574-ab58-4134-975d-8bc9b897d85a 7368b11ec2d64e548822b025b69a3168 d951e0afca5a41508ff0cfb997b6b0ae - - default default] http://[LB_IP_ADDRESS]:8776/v3/d951e0afca5a41508ff0cfb997b6b0ae/snapshots returned with HTTP 202
2023-01-19 14:56:04.674 22 INFO cinder.api.openstack.wsgi [req-880fe7cd-be17-455f-9310-819e66252eeb req-f86e5e74-409f-4404-8816-e8ab1f15143e 7368b11ec2d64e548822b025b69a3168 d951e0afca5a41508ff0cfb997b6b0ae - - default default] GET http://[LB_IP_ADDRESS]:8776/v3/d951e0afca5a41508ff0cfb997b6b0ae/snapshots/c3d8c629-6109-47be-8c95-e1b8d2fa5b9a
2023-01-19 14:56:04.687 22 INFO cinder.volume.api [req-880fe7cd-be17-455f-9310-819e66252eeb req-f86e5e74-409f-4404-8816-e8ab1f15143e 7368b11ec2d64e548822b025b69a3168 d951e0afca5a41508ff0cfb997b6b0ae - - default default] Snapshot retrieved successfully.
2023-01-19 14:56:04.688 22 INFO cinder.api.openstack.wsgi [req-880fe7cd-be17-455f-9310-819e66252eeb req-f86e5e74-409f-4404-8816-e8ab1f15143e 7368b11ec2d64e548822b025b69a3168 d951e0afca5a41508ff0cfb997b6b0ae - - default default] http://[LB_IP_ADDRESS]:8776/v3/d951e0afca5a41508ff0cfb997b6b0ae/snapshots/c3d8c629-6109-47be-8c95-e1b8d2fa5b9a returned with HTTP 200
2023-01-19 14:56:04.722 19 INFO cinder.api.openstack.wsgi [req-170a45b0-7e40-4803-9ffb-7b6bf7a2d9c9 req-df2c25f8-91f9-4d5f-be09-303a88122f5b 7368b11ec2d64e548822b025b69a3168 d951e0afca5a41508ff0cfb997b6b0ae - - default default] GET http://[LB_IP_ADDRESS]:8776/v3/d951e0afca5a41508ff0cfb997b6b0ae/snapshots/detail
2023-01-19 14:56:04.736 19 INFO cinder.volume.api [req-170a45b0-7e40-4803-9ffb-7b6bf7a2d9c9 req-df2c25f8-91f9-4d5f-be09-303a88122f5b 7368b11ec2d64e548822b025b69a3168 d951e0afca5a41508ff0cfb997b6b0ae - - default default] Get all snapshots completed successfully.
2023-01-19 14:56:04.739 19 INFO cinder.api.openstack.wsgi [req-170a45b0-7e40-4803-9ffb-7b6bf7a2d9c9 req-df2c25f8-91f9-4d5f-be09-303a88122f5b 7368b11ec2d64e548822b025b69a3168 d951e0afca5a41508ff0cfb997b6b0ae - - default default] http://[LB_IP_ADDRESS]:8776/v3/d951e0afca5a41508ff0cfb997b6b0ae/snapshots/detail returned with HTTP 200
2023-01-19 14:56:04.777 21 INFO cinder.api.openstack.wsgi [req-10e273b9-f1f9-4eb1-8362-24b38c112a94 req-ae85603a-3012-42ac-a7c3-1e3115fbe987 7368b11ec2d64e548822b025b69a3168 d951e0afca5a41508ff0cfb997b6b0ae - - default default] GET http://[LB_IP_ADDRESS]:8776/v3/d951e0afca5a41508ff0cfb997b6b0ae/snapshots/c3d8c629-6109-47be-8c95-e1b8d2fa5b9a
2023-01-19 14:56:04.790 21 INFO cinder.volume.api [req-10e273b9-f1f9-4eb1-8362-24b38c112a94 req-ae85603a-3012-42ac-a7c3-1e3115fbe987 7368b11ec2d64e548822b025b69a3168 d951e0afca5a41508ff0cfb997b6b0ae - - default default] Snapshot retrieved successfully.
2023-01-19 14:56:04.792 21 INFO cinder.api.openstack.wsgi [req-10e273b9-f1f9-4eb1-8362-24b38c112a94 req-ae85603a-3012-42ac-a7c3-1e3115fbe987 7368b11ec2d64e548822b025b69a3168 d951e0afca5a41508ff0cfb997b6b0ae - - default default] http://[LB_IP_ADDRESS]:8776/v3/d951e0afca5a41508ff0cfb997b6b0ae/snapshots/c3d8c629-6109-47be-8c95-e1b8d2fa5b9a returned with HTTP 200
2023-01-19 14:56:04.833 23 INFO cinder.api.openstack.wsgi [None req-de439e7d-4945-4384-80de-88b1a843cd85 e25cda320a0945f7b1015e83c5da68c3 82c4976db62f4680bcb345dc21568a1c - - default default] GET http://[LB_IP_ADDRESS]:8776/v3/82c4976db62f4680bcb345dc21568a1c/volumes/c4f00dbb-eeda-4b76-9d7a-a61a70e5699a
2023-01-19 14:56:04.859 23 INFO cinder.volume.api [None req-de439e7d-4945-4384-80de-88b1a843cd85 e25cda320a0945f7b1015e83c5da68c3 82c4976db62f4680bcb345dc21568a1c - - default default] Volume info retrieved successfully.
2023-01-19 14:56:04.867 23 INFO cinder.api.openstack.wsgi [None req-de439e7d-4945-4384-80de-88b1a843cd85 e25cda320a0945f7b1015e83c5da68c3 82c4976db62f4680bcb345dc21568a1c - - default default] http://[LB_IP_ADDRESS]:8776/v3/82c4976db62f4680bcb345dc21568a1c/volumes/c4f00dbb-eeda-4b76-9d7a-a61a70e5699a returned with HTTP 200
2023-01-19 14:56:05.829 20 INFO cinder.api.openstack.wsgi [req-55dc8818-3ce4-4ee8-a0c6-dabc386c661e req-4b60b0eb-7d31-4dd1-86a3-5a1a0290e7b2 7368b11ec2d64e548822b025b69a3168 d951e0afca5a41508ff0cfb997b6b0ae - - default default] GET http://[LB_IP_ADDRESS]:8776/v3/d951e0afca5a41508ff0cfb997b6b0ae/snapshots/c3d8c629-6109-47be-8c95-e1b8d2fa5b9a
2023-01-19 14:56:05.842 20 INFO cinder.volume.api [req-55dc8818-3ce4-4ee8-a0c6-dabc386c661e req-4b60b0eb-7d31-4dd1-86a3-5a1a0290e7b2 7368b11ec2d64e548822b025b69a3168 d951e0afca5a41508ff0cfb997b6b0ae - - default default] Snapshot retrieved successfully.
2023-01-19 14:56:05.843 20 INFO cinder.api.openstack.wsgi [req-55dc8818-3ce4-4ee8-a0c6-dabc386c661e req-4b60b0eb-7d31-4dd1-86a3-5a1a0290e7b2 7368b11ec2d64e548822b025b69a3168 d951e0afca5a41508ff0cfb997b6b0ae - - default default] http://[LB_IP_ADDRESS]:8776/v3/d951e0afca5a41508ff0cfb997b6b0ae/snapshots/c3d8c629-6109-47be-8c95-e1b8d2fa5b9a returned with HTTP 200
2023-01-19 14:56:05.889 22 INFO cinder.api.openstack.wsgi [None req-bd5ba2f6-6c2f-4aca-a17d-6b99e7f6bc94 e25cda320a0945f7b1015e83c5da68c3 82c4976db62f4680bcb345dc21568a1c - - default default] GET http://[LB_IP_ADDRESS]:8776/v3/82c4976db62f4680bcb345dc21568a1c/volumes/c4f00dbb-eeda-4b76-9d7a-a61a70e5699a
2023-01-19 14:56:05.912 22 INFO cinder.volume.api [None req-bd5ba2f6-6c2f-4aca-a17d-6b99e7f6bc94 e25cda320a0945f7b1015e83c5da68c3 82c4976db62f4680bcb345dc21568a1c - - default default] Volume info retrieved successfully.
2023-01-19 14:56:05.929 22 INFO cinder.api.openstack.wsgi [None req-bd5ba2f6-6c2f-4aca-a17d-6b99e7f6bc94 e25cda320a0945f7b1015e83c5da68c3 82c4976db62f4680bcb345dc21568a1c - - default default] http://[LB_IP_ADDRESS]:8776/v3/82c4976db62f4680bcb345dc21568a1c/volumes/c4f00dbb-eeda-4b76-9d7a-a61a70e5699a returned with HTTP 200
2023-01-19 14:56:06.882 19 INFO cinder.api.openstack.wsgi [req-47aeda2c-870f-4c26-b7db-ab331ba6570d req-66f2e87a-d68b-4a08-bab5-a352668f1a7d 7368b11ec2d64e548822b025b69a3168 d951e0afca5a41508ff0cfb997b6b0ae - - default default] GET http://[LB_IP_ADDRESS]:8776/v3/d951e0afca5a41508ff0cfb997b6b0ae/snapshots/c3d8c629-6109-47be-8c95-e1b8d2fa5b9a
2023-01-19 14:56:06.899 19 INFO cinder.volume.api [req-47aeda2c-870f-4c26-b7db-ab331ba6570d req-66f2e87a-d68b-4a08-bab5-a352668f1a7d 7368b11ec2d64e548822b025b69a3168 d951e0afca5a41508ff0cfb997b6b0ae - - default default] Snapshot retrieved successfully.
2023-01-19 14:56:06.901 19 INFO cinder.api.openstack.wsgi [req-47aeda2c-870f-4c26-b7db-ab331ba6570d req-66f2e87a-d68b-4a08-bab5-a352668f1a7d 7368b11ec2d64e548822b025b69a3168 d951e0afca5a41508ff0cfb997b6b0ae - - default default] http://[LB_IP_ADDRESS]:8776/v3/d951e0afca5a41508ff0cfb997b6b0ae/snapshots/c3d8c629-6109-47be-8c95-e1b8d2fa5b9a returned with HTTP 200
2023-01-19 14:56:06.935 21 INFO cinder.api.openstack.wsgi [req-e3f3b901-2d60-483e-a7b2-910473b74c42 req-e85849ec-d666-4df0-86e0-5e0993610efd 7368b11ec2d64e548822b025b69a3168 d951e0afca5a41508ff0cfb997b6b0ae - - default default] DELETE http://[LB_IP_ADDRESS]:8776/v3/d951e0afca5a41508ff0cfb997b6b0ae/snapshots/c3d8c629-6109-47be-8c95-e1b8d2fa5b9a
2023-01-19 14:56:06.936 21 INFO cinder.api.v2.snapshots [req-e3f3b901-2d60-483e-a7b2-910473b74c42 req-e85849ec-d666-4df0-86e0-5e0993610efd 7368b11ec2d64e548822b025b69a3168 d951e0afca5a41508ff0cfb997b6b0ae - - default default] Delete snapshot with id: c3d8c629-6109-47be-8c95-e1b8d2fa5b9a
2023-01-19 14:56:06.948 21 INFO cinder.volume.api [req-e3f3b901-2d60-483e-a7b2-910473b74c42 req-e85849ec-d666-4df0-86e0-5e0993610efd 7368b11ec2d64e548822b025b69a3168 d951e0afca5a41508ff0cfb997b6b0ae - - default default] Snapshot retrieved successfully.
2023-01-19 14:56:06.953 23 INFO cinder.api.openstack.wsgi [None req-5507a056-bdab-486b-a7b8-7ca6d1340096 e25cda320a0945f7b1015e83c5da68c3 82c4976db62f4680bcb345dc21568a1c - - default default] GET http://[LB_IP_ADDRESS]:8776/v3/82c4976db62f4680bcb345dc21568a1c/volumes/c4f00dbb-eeda-4b76-9d7a-a61a70e5699a
2023-01-19 14:56:06.976 21 INFO cinder.volume.api [req-e3f3b901-2d60-483e-a7b2-910473b74c42 req-e85849ec-d666-4df0-86e0-5e0993610efd 7368b11ec2d64e548822b025b69a3168 d951e0afca5a41508ff0cfb997b6b0ae - - default default] Snapshot delete request issued successfully.
2023-01-19 14:56:06.976 21 INFO cinder.api.openstack.wsgi [req-e3f3b901-2d60-483e-a7b2-910473b74c42 req-e85849ec-d666-4df0-86e0-5e0993610efd 7368b11ec2d64e548822b025b69a3168 d951e0afca5a41508ff0cfb997b6b0ae - - default default] http://[LB_IP_ADDRESS]:8776/v3/d951e0afca5a41508ff0cfb997b6b0ae/snapshots/c3d8c629-6109-47be-8c95-e1b8d2fa5b9a returned with HTTP 202
2023-01-19 14:56:06.978 23 INFO cinder.volume.api [None req-5507a056-bdab-486b-a7b8-7ca6d1340096 e25cda320a0945f7b1015e83c5da68c3 82c4976db62f4680bcb345dc21568a1c - - default default] Volume info retrieved successfully.
2023-01-19 14:56:06.985 23 INFO cinder.api.openstack.wsgi [None req-5507a056-bdab-486b-a7b8-7ca6d1340096 e25cda320a0945f7b1015e83c5da68c3 82c4976db62f4680bcb345dc21568a1c - - default default] http://[LB_IP_ADDRESS]:8776/v3/82c4976db62f4680bcb345dc21568a1c/volumes/c4f00dbb-eeda-4b76-9d7a-a61a70e5699a returned with HTTP 200
2023-01-19 14:56:07.010 20 INFO cinder.api.openstack.wsgi [req-0b024452-9821-4365-ba64-44f87c1812c5 req-465baa17-5c79-4100-b803-1f80068cddc0 7368b11ec2d64e548822b025b69a3168 d951e0afca5a41508ff0cfb997b6b0ae - - default default] GET http://[LB_IP_ADDRESS]:8776/v3/d951e0afca5a41508ff0cfb997b6b0ae/snapshots/c3d8c629-6109-47be-8c95-e1b8d2fa5b9a
2023-01-19 14:56:07.021 20 INFO cinder.volume.api [req-0b024452-9821-4365-ba64-44f87c1812c5 req-465baa17-5c79-4100-b803-1f80068cddc0 7368b11ec2d64e548822b025b69a3168 d951e0afca5a41508ff0cfb997b6b0ae - - default default] Snapshot retrieved successfully.
2023-01-19 14:56:07.023 20 INFO cinder.api.openstack.wsgi [req-0b024452-9821-4365-ba64-44f87c1812c5 req-465baa17-5c79-4100-b803-1f80068cddc0 7368b11ec2d64e548822b025b69a3168 d951e0afca5a41508ff0cfb997b6b0ae - - default default] http://[LB_IP_ADDRESS]:8776/v3/d951e0afca5a41508ff0cfb997b6b0ae/snapshots/c3d8c629-6109-47be-8c95-e1b8d2fa5b9a returned with HTTP 200
2023-01-19 14:56:07.772 22 INFO cinder.api.openstack.wsgi [None req-8f7c182d-4330-42d1-86dd-053a84818ddf d9eeaacfa52944c7b6adb722b2f7d907 4dd3fa29e9b04cccb3427ce59ec69abb - - default default] POST http://[LB_IP_ADDRESS]:8776/v3/4dd3fa29e9b04cccb3427ce59ec69abb/group_types
2023-01-19 14:56:07.800 22 INFO cinder.api.openstack.wsgi [None req-8f7c182d-4330-42d1-86dd-053a84818ddf d9eeaacfa52944c7b6adb722b2f7d907 4dd3fa29e9b04cccb3427ce59ec69abb - - default default] http://[LB_IP_ADDRESS]:8776/v3/4dd3fa29e9b04cccb3427ce59ec69abb/group_types returned with HTTP 202
2023-01-19 14:56:07.816 19 INFO cinder.api.openstack.wsgi [None req-7f901392-9fcc-49d4-a839-257b2089d611 d9eeaacfa52944c7b6adb722b2f7d907 4dd3fa29e9b04cccb3427ce59ec69abb - - default default] GET http://[LB_IP_ADDRESS]:8776/v3/4dd3fa29e9b04cccb3427ce59ec69abb/group_types
2023-01-19 14:56:07.834 19 INFO cinder.api.openstack.wsgi [None req-7f901392-9fcc-49d4-a839-257b2089d611 d9eeaacfa52944c7b6adb722b2f7d907 4dd3fa29e9b04cccb3427ce59ec69abb - - default default] http://[LB_IP_ADDRESS]:8776/v3/4dd3fa29e9b04cccb3427ce59ec69abb/group_types returned with HTTP 200
2023-01-19 14:56:07.851 21 INFO cinder.api.openstack.wsgi [None req-99dacbce-3018-4801-af36-7638c6a3e3fe d9eeaacfa52944c7b6adb722b2f7d907 4dd3fa29e9b04cccb3427ce59ec69abb - - default default] PUT http://[LB_IP_ADDRESS]:8776/v3/4dd3fa29e9b04cccb3427ce59ec69abb/group_types/ceef3608-5cf8-44f8-9d4b-6ac703a7a413
2023-01-19 14:56:07.872 21 INFO cinder.api.openstack.wsgi [None req-99dacbce-3018-4801-af36-7638c6a3e3fe d9eeaacfa52944c7b6adb722b2f7d907 4dd3fa29e9b04cccb3427ce59ec69abb - - default default] http://[LB_IP_ADDRESS]:8776/v3/4dd3fa29e9b04cccb3427ce59ec69abb/group_types/ceef3608-5cf8-44f8-9d4b-6ac703a7a413 returned with HTTP 200
2023-01-19 14:56:07.887 23 INFO cinder.api.openstack.wsgi [None req-1f30a97a-6430-4629-9597-91e81e8f533c d9eeaacfa52944c7b6adb722b2f7d907 4dd3fa29e9b04cccb3427ce59ec69abb - - default default] GET http://[LB_IP_ADDRESS]:8776/v3/4dd3fa29e9b04cccb3427ce59ec69abb/group_types/ceef3608-5cf8-44f8-9d4b-6ac703a7a413
2023-01-19 14:56:07.897 23 INFO cinder.api.openstack.wsgi [None req-1f30a97a-6430-4629-9597-91e81e8f533c d9eeaacfa52944c7b6adb722b2f7d907 4dd3fa29e9b04cccb3427ce59ec69abb - - default default] http://[LB_IP_ADDRESS]:8776/v3/4dd3fa29e9b04cccb3427ce59ec69abb/group_types/ceef3608-5cf8-44f8-9d4b-6ac703a7a413 returned with HTTP 200
2023-01-19 14:56:07.912 20 INFO cinder.api.openstack.wsgi [None req-bdbe7c75-7806-4f88-9ecc-e16d598dc32a d9eeaacfa52944c7b6adb722b2f7d907 4dd3fa29e9b04cccb3427ce59ec69abb - - default default] DELETE http://[LB_IP_ADDRESS]:8776/v3/4dd3fa29e9b04cccb3427ce59ec69abb/group_types/ceef3608-5cf8-44f8-9d4b-6ac703a7a413
2023-01-19 14:56:07.941 20 INFO cinder.api.openstack.wsgi [None req-bdbe7c75-7806-4f88-9ecc-e16d598dc32a d9eeaacfa52944c7b6adb722b2f7d907 4dd3fa29e9b04cccb3427ce59ec69abb - - default default] http://[LB_IP_ADDRESS]:8776/v3/4dd3fa29e9b04cccb3427ce59ec69abb/group_types/ceef3608-5cf8-44f8-9d4b-6ac703a7a413 returned with HTTP 202
2023-01-19 14:56:08.008 22 INFO cinder.api.openstack.wsgi [None req-ab948113-b06a-417a-bd14-6480d92fb586 e25cda320a0945f7b1015e83c5da68c3 82c4976db62f4680bcb345dc21568a1c - - default default] GET http://[LB_IP_ADDRESS]:8776/v3/82c4976db62f4680bcb345dc21568a1c/volumes/c4f00dbb-eeda-4b76-9d7a-a61a70e5699a
2023-01-19 14:56:08.033 22 INFO cinder.volume.api [None req-ab948113-b06a-417a-bd14-6480d92fb586 e25cda320a0945f7b1015e83c5da68c3 82c4976db62f4680bcb345dc21568a1c - - default default] Volume info retrieved successfully.
2023-01-19 14:56:08.042 22 INFO cinder.api.openstack.wsgi [None req-ab948113-b06a-417a-bd14-6480d92fb586 e25cda320a0945f7b1015e83c5da68c3 82c4976db62f4680bcb345dc21568a1c - - default default] http://[LB_IP_ADDRESS]:8776/v3/82c4976db62f4680bcb345dc21568a1c/volumes/c4f00dbb-eeda-4b76-9d7a-a61a70e5699a returned with HTTP 200
2023-01-19 14:56:08.060 19 INFO cinder.api.openstack.wsgi [req-23b90b93-bf8a-42c7-9b57-245b0a058d7d req-1287c075-44ec-4ad1-8831-29b0b432d867 7368b11ec2d64e548822b025b69a3168 d951e0afca5a41508ff0cfb997b6b0ae - - default default] GET http://[LB_IP_ADDRESS]:8776/v3/d951e0afca5a41508ff0cfb997b6b0ae/snapshots/c3d8c629-6109-47be-8c95-e1b8d2fa5b9a
2023-01-19 14:56:08.074 19 INFO cinder.api.openstack.wsgi [req-23b90b93-bf8a-42c7-9b57-245b0a058d7d req-1287c075-44ec-4ad1-8831-29b0b432d867 7368b11ec2d64e548822b025b69a3168 d951e0afca5a41508ff0cfb997b6b0ae - - default default] http://[LB_IP_ADDRESS]:8776/v3/d951e0afca5a41508ff0cfb997b6b0ae/snapshots/c3d8c629-6109-47be-8c95-e1b8d2fa5b9a returned with HTTP 404
2023-01-19 14:56:08.108 21 INFO cinder.api.openstack.wsgi [req-c4b425da-79a5-41b7-a974-df2de3431730 req-ffd400d2-9162-4658-9153-b12e9e4bec23 7368b11ec2d64e548822b025b69a3168 d951e0afca5a41508ff0cfb997b6b0ae - - default default] DELETE http://[LB_IP_ADDRESS]:8776/v3/d951e0afca5a41508ff0cfb997b6b0ae/volumes/b0098fec-0f2c-4354-b7d5-d362b22c23e5
2023-01-19 14:56:08.109 21 INFO cinder.api.v3.volumes [req-c4b425da-79a5-41b7-a974-df2de3431730 req-ffd400d2-9162-4658-9153-b12e9e4bec23 7368b11ec2d64e548822b025b69a3168 d951e0afca5a41508ff0cfb997b6b0ae - - default default] Delete volume with id: b0098fec-0f2c-4354-b7d5-d362b22c23e5 
2023-01-19 14:56:08.127 21 INFO cinder.volume.api [req-c4b425da-79a5-41b7-a974-df2de3431730 req-ffd400d2-9162-4658-9153-b12e9e4bec23 7368b11ec2d64e548822b025b69a3168 d951e0afca5a41508ff0cfb997b6b0ae - - default default] Volume info retrieved successfully.
2023-01-19 14:56:08.153 21 INFO cinder.volume.api [req-c4b425da-79a5-41b7-a974-df2de3431730 req-ffd400d2-9162-4658-9153-b12e9e4bec23 7368b11ec2d64e548822b025b69a3168 d951e0afca5a41508ff0cfb997b6b0ae - - default default] Delete volume request issued successfully.
2023-01-19 14:56:08.153 21 INFO cinder.api.openstack.wsgi [req-c4b425da-79a5-41b7-a974-df2de3431730 req-ffd400d2-9162-4658-9153-b12e9e4bec23 7368b11ec2d64e548822b025b69a3168 d951e0afca5a41508ff0cfb997b6b0ae - - default default] http://[LB_IP_ADDRESS]:8776/v3/d951e0afca5a41508ff0cfb997b6b0ae/volumes/b0098fec-0f2c-4354-b7d5-d362b22c23e5 returned with HTTP 202
2023-01-19 14:56:08.189 23 INFO cinder.api.openstack.wsgi [req-3b65b0ef-d824-466f-8642-f5ba5f79d5c4 req-d59f3825-754d-49be-a492-d866f66fcede 7368b11ec2d64e548822b025b69a3168 d951e0afca5a41508ff0cfb997b6b0ae - - default default] GET http://[LB_IP_ADDRESS]:8776/v3/d951e0afca5a41508ff0cfb997b6b0ae/volumes/b0098fec-0f2c-4354-b7d5-d362b22c23e5
2023-01-19 14:56:08.212 23 INFO cinder.volume.api [req-3b65b0ef-d824-466f-8642-f5ba5f79d5c4 req-d59f3825-754d-49be-a492-d866f66fcede 7368b11ec2d64e548822b025b69a3168 d951e0afca5a41508ff0cfb997b6b0ae - - default default] Volume info retrieved successfully.
2023-01-19 14:56:08.220 23 INFO cinder.api.openstack.wsgi [req-3b65b0ef-d824-466f-8642-f5ba5f79d5c4 req-d59f3825-754d-49be-a492-d866f66fcede 7368b11ec2d64e548822b025b69a3168 d951e0afca5a41508ff0cfb997b6b0ae - - default default] http://[LB_IP_ADDRESS]:8776/v3/d951e0afca5a41508ff0cfb997b6b0ae/volumes/b0098fec-0f2c-4354-b7d5-d362b22c23e5 returned with HTTP 200
2023-01-19 14:56:09.064 20 INFO cinder.api.openstack.wsgi [None req-37b6da20-7fd9-4e21-8fc1-37ed73e1bad9 e25cda320a0945f7b1015e83c5da68c3 82c4976db62f4680bcb345dc21568a1c - - default default] GET http://[LB_IP_ADDRESS]:8776/v3/82c4976db62f4680bcb345dc21568a1c/volumes/c4f00dbb-eeda-4b76-9d7a-a61a70e5699a
2023-01-19 14:56:09.085 20 INFO cinder.volume.api [None req-37b6da20-7fd9-4e21-8fc1-37ed73e1bad9 e25cda320a0945f7b1015e83c5da68c3 82c4976db62f4680bcb345dc21568a1c - - default default] Volume info retrieved successfully.
2023-01-19 14:56:09.092 20 INFO cinder.api.openstack.wsgi [None req-37b6da20-7fd9-4e21-8fc1-37ed73e1bad9 e25cda320a0945f7b1015e83c5da68c3 82c4976db62f4680bcb345dc21568a1c - - default default] http://[LB_IP_ADDRESS]:8776/v3/82c4976db62f4680bcb345dc21568a1c/volumes/c4f00dbb-eeda-4b76-9d7a-a61a70e5699a returned with HTTP 200
2023-01-19 14:56:09.255 22 INFO cinder.api.openstack.wsgi [req-348e9632-40de-49e3-9b69-b3e14b4287c2 req-154d66d8-b96f-43d2-9c73-404937bc32a5 7368b11ec2d64e548822b025b69a3168 d951e0afca5a41508ff0cfb997b6b0ae - - default default] GET http://[LB_IP_ADDRESS]:8776/v3/d951e0afca5a41508ff0cfb997b6b0ae/volumes/b0098fec-0f2c-4354-b7d5-d362b22c23e5
2023-01-19 14:56:09.269 22 INFO cinder.api.openstack.wsgi [req-348e9632-40de-49e3-9b69-b3e14b4287c2 req-154d66d8-b96f-43d2-9c73-404937bc32a5 7368b11ec2d64e548822b025b69a3168 d951e0afca5a41508ff0cfb997b6b0ae - - default default] http://[LB_IP_ADDRESS]:8776/v3/d951e0afca5a41508ff0cfb997b6b0ae/volumes/b0098fec-0f2c-4354-b7d5-d362b22c23e5 returned with HTTP 404
2023-01-19 14:56:09.303 19 INFO cinder.api.openstack.wsgi [req-504d81aa-f12e-439f-a8d0-b2a351ef8be1 req-8bd98270-f61f-4d29-b0ec-8fed5bdd7b9a 7368b11ec2d64e548822b025b69a3168 d951e0afca5a41508ff0cfb997b6b0ae - - default default] DELETE http://[LB_IP_ADDRESS]:8776/v3/d951e0afca5a41508ff0cfb997b6b0ae/volumes/b0098fec-0f2c-4354-b7d5-d362b22c23e5
2023-01-19 14:56:09.304 19 INFO cinder.api.v3.volumes [req-504d81aa-f12e-439f-a8d0-b2a351ef8be1 req-8bd98270-f61f-4d29-b0ec-8fed5bdd7b9a 7368b11ec2d64e548822b025b69a3168 d951e0afca5a41508ff0cfb997b6b0ae - - default default] Delete volume with id: b0098fec-0f2c-4354-b7d5-d362b22c23e5 
2023-01-19 14:56:09.323 19 INFO cinder.api.openstack.wsgi [req-504d81aa-f12e-439f-a8d0-b2a351ef8be1 req-8bd98270-f61f-4d29-b0ec-8fed5bdd7b9a 7368b11ec2d64e548822b025b69a3168 d951e0afca5a41508ff0cfb997b6b0ae - - default default] http://[LB_IP_ADDRESS]:8776/v3/d951e0afca5a41508ff0cfb997b6b0ae/volumes/b0098fec-0f2c-4354-b7d5-d362b22c23e5 returned with HTTP 404
2023-01-19 14:56:09.356 21 INFO cinder.api.openstack.wsgi [req-a49c878b-fec4-4c26-9b18-8c05c593e65e req-ab4d0e7f-8931-4d75-a84d-6fae20bbaa45 7368b11ec2d64e548822b025b69a3168 d951e0afca5a41508ff0cfb997b6b0ae - - default default] GET http://[LB_IP_ADDRESS]:8776/v3/d951e0afca5a41508ff0cfb997b6b0ae/volumes/b0098fec-0f2c-4354-b7d5-d362b22c23e5
2023-01-19 14:56:09.375 21 INFO cinder.api.openstack.wsgi [req-a49c878b-fec4-4c26-9b18-8c05c593e65e req-ab4d0e7f-8931-4d75-a84d-6fae20bbaa45 7368b11ec2d64e548822b025b69a3168 d951e0afca5a41508ff0cfb997b6b0ae - - default default] http://[LB_IP_ADDRESS]:8776/v3/d951e0afca5a41508ff0cfb997b6b0ae/volumes/b0098fec-0f2c-4354-b7d5-d362b22c23e5 returned with HTTP 404
2023-01-19 14:56:10.114 23 INFO cinder.api.openstack.wsgi [None req-735e763e-5be2-4473-a5b9-e13be92b5dda e25cda320a0945f7b1015e83c5da68c3 82c4976db62f4680bcb345dc21568a1c - - default default] GET http://[LB_IP_ADDRESS]:8776/v3/82c4976db62f4680bcb345dc21568a1c/volumes/c4f00dbb-eeda-4b76-9d7a-a61a70e5699a
2023-01-19 14:56:10.136 23 INFO cinder.volume.api [None req-735e763e-5be2-4473-a5b9-e13be92b5dda e25cda320a0945f7b1015e83c5da68c3 82c4976db62f4680bcb345dc21568a1c - - default default] Volume info retrieved successfully.
2023-01-19 14:56:10.143 23 INFO cinder.api.openstack.wsgi [None req-735e763e-5be2-4473-a5b9-e13be92b5dda e25cda320a0945f7b1015e83c5da68c3 82c4976db62f4680bcb345dc21568a1c - - default default] http://[LB_IP_ADDRESS]:8776/v3/82c4976db62f4680bcb345dc21568a1c/volumes/c4f00dbb-eeda-4b76-9d7a-a61a70e5699a returned with HTTP 200
2023-01-19 14:56:11.165 20 INFO cinder.api.openstack.wsgi [None req-775da46b-b525-4f23-9c34-6fa6e539099d e25cda320a0945f7b1015e83c5da68c3 82c4976db62f4680bcb345dc21568a1c - - default default] GET http://[LB_IP_ADDRESS]:8776/v3/82c4976db62f4680bcb345dc21568a1c/volumes/c4f00dbb-eeda-4b76-9d7a-a61a70e5699a
2023-01-19 14:56:11.188 20 INFO cinder.volume.api [None req-775da46b-b525-4f23-9c34-6fa6e539099d e25cda320a0945f7b1015e83c5da68c3 82c4976db62f4680bcb345dc21568a1c - - default default] Volume info retrieved successfully.
2023-01-19 14:56:11.195 20 INFO cinder.api.openstack.wsgi [None req-775da46b-b525-4f23-9c34-6fa6e539099d e25cda320a0945f7b1015e83c5da68c3 82c4976db62f4680bcb345dc21568a1c - - default default] http://[LB_IP_ADDRESS]:8776/v3/82c4976db62f4680bcb345dc21568a1c/volumes/c4f00dbb-eeda-4b76-9d7a-a61a70e5699a returned with HTTP 200
2023-01-19 14:56:11.945 22 INFO cinder.api.openstack.wsgi [None req-f5de2ef6-ffc5-45df-b4bf-6ff50e79f232 78d439e325f14c2ab47063d72c546d42 11f081d117ca4465a2e3f93c536a6e31 - - default default] POST http://[LB_IP_ADDRESS]:8776/v3/11f081d117ca4465a2e3f93c536a6e31/volumes
2023-01-19 14:56:11.948 22 INFO cinder.api.v3.volumes [None req-f5de2ef6-ffc5-45df-b4bf-6ff50e79f232 78d439e325f14c2ab47063d72c546d42 11f081d117ca4465a2e3f93c536a6e31 - - default default] Create volume of 1 GB
2023-01-19 14:56:11.962 22 INFO cinder.volume.api [None req-f5de2ef6-ffc5-45df-b4bf-6ff50e79f232 78d439e325f14c2ab47063d72c546d42 11f081d117ca4465a2e3f93c536a6e31 - - default default] Availability Zones retrieved successfully.
2023-01-19 14:56:12.185 22 INFO cinder.volume.api [None req-f5de2ef6-ffc5-45df-b4bf-6ff50e79f232 78d439e325f14c2ab47063d72c546d42 11f081d117ca4465a2e3f93c536a6e31 - - default default] Create volume request issued successfully.
2023-01-19 14:56:12.187 22 INFO cinder.api.openstack.wsgi [None req-f5de2ef6-ffc5-45df-b4bf-6ff50e79f232 78d439e325f14c2ab47063d72c546d42 11f081d117ca4465a2e3f93c536a6e31 - - default default] http://[LB_IP_ADDRESS]:8776/v3/11f081d117ca4465a2e3f93c536a6e31/volumes returned with HTTP 202
2023-01-19 14:56:12.208 19 INFO cinder.api.openstack.wsgi [None req-ef457ab9-8aad-4feb-9878-5f159875d862 78d439e325f14c2ab47063d72c546d42 11f081d117ca4465a2e3f93c536a6e31 - - default default] GET http://[LB_IP_ADDRESS]:8776/v3/11f081d117ca4465a2e3f93c536a6e31/volumes/acecdcc7-cb3d-4d68-a952-287b9935347d
2023-01-19 14:56:12.217 21 INFO cinder.api.openstack.wsgi [None req-2409e72e-2816-4924-ae71-8098349be9ed e25cda320a0945f7b1015e83c5da68c3 82c4976db62f4680bcb345dc21568a1c - - default default] GET http://[LB_IP_ADDRESS]:8776/v3/82c4976db62f4680bcb345dc21568a1c/volumes/c4f00dbb-eeda-4b76-9d7a-a61a70e5699a
2023-01-19 14:56:12.236 19 INFO cinder.volume.api [None req-ef457ab9-8aad-4feb-9878-5f159875d862 78d439e325f14c2ab47063d72c546d42 11f081d117ca4465a2e3f93c536a6e31 - - default default] Volume info retrieved successfully.
2023-01-19 14:56:12.243 19 INFO cinder.api.openstack.wsgi [None req-ef457ab9-8aad-4feb-9878-5f159875d862 78d439e325f14c2ab47063d72c546d42 11f081d117ca4465a2e3f93c536a6e31 - - default default] http://[LB_IP_ADDRESS]:8776/v3/11f081d117ca4465a2e3f93c536a6e31/volumes/acecdcc7-cb3d-4d68-a952-287b9935347d returned with HTTP 200
2023-01-19 14:56:12.245 21 INFO cinder.volume.api [None req-2409e72e-2816-4924-ae71-8098349be9ed e25cda320a0945f7b1015e83c5da68c3 82c4976db62f4680bcb345dc21568a1c - - default default] Volume info retrieved successfully.
2023-01-19 14:56:12.252 21 INFO cinder.api.openstack.wsgi [None req-2409e72e-2816-4924-ae71-8098349be9ed e25cda320a0945f7b1015e83c5da68c3 82c4976db62f4680bcb345dc21568a1c - - default default] http://[LB_IP_ADDRESS]:8776/v3/82c4976db62f4680bcb345dc21568a1c/volumes/c4f00dbb-eeda-4b76-9d7a-a61a70e5699a returned with HTTP 200
2023-01-19 14:56:12.432 23 INFO cinder.api.openstack.wsgi [None req-9719f2bb-d51e-4c16-a95a-7cb5af5df770 ae0ddf51afcf4f27a6dd396b529f42e2 be5b9b48731c4ebb930fd483da65bc31 - - default default] POST http://[LB_IP_ADDRESS]:8776/v3/be5b9b48731c4ebb930fd483da65bc31/types
2023-01-19 14:56:12.465 23 INFO cinder.api.openstack.wsgi [None req-9719f2bb-d51e-4c16-a95a-7cb5af5df770 ae0ddf51afcf4f27a6dd396b529f42e2 be5b9b48731c4ebb930fd483da65bc31 - - default default] http://[LB_IP_ADDRESS]:8776/v3/be5b9b48731c4ebb930fd483da65bc31/types returned with HTTP 200
2023-01-19 14:56:12.481 20 INFO cinder.api.openstack.wsgi [None req-a6ae0241-1a91-4521-bc36-9fcf2032cb97 ae0ddf51afcf4f27a6dd396b529f42e2 be5b9b48731c4ebb930fd483da65bc31 - - default default] POST http://[LB_IP_ADDRESS]:8776/v3/be5b9b48731c4ebb930fd483da65bc31/group_types
2023-01-19 14:56:12.511 20 INFO cinder.api.openstack.wsgi [None req-a6ae0241-1a91-4521-bc36-9fcf2032cb97 ae0ddf51afcf4f27a6dd396b529f42e2 be5b9b48731c4ebb930fd483da65bc31 - - default default] http://[LB_IP_ADDRESS]:8776/v3/be5b9b48731c4ebb930fd483da65bc31/group_types returned with HTTP 202
2023-01-19 14:56:12.671 22 INFO cinder.api.openstack.wsgi [None req-d5907d01-e3fe-49ca-b9b6-fb63882b9684 a3cbdac27f1f4ea583e732e5e4339eb4 31e13df1170345718b8ec25d90752d08 - - default default] POST http://[LB_IP_ADDRESS]:8776/v3/31e13df1170345718b8ec25d90752d08/groups
2023-01-19 14:56:12.681 22 INFO cinder.api.v3.groups [None req-d5907d01-e3fe-49ca-b9b6-fb63882b9684 a3cbdac27f1f4ea583e732e5e4339eb4 31e13df1170345718b8ec25d90752d08 - - default default] Creating group tempest-Group1-1126636835.
2023-01-19 14:56:12.691 22 INFO cinder.volume.api [None req-d5907d01-e3fe-49ca-b9b6-fb63882b9684 a3cbdac27f1f4ea583e732e5e4339eb4 31e13df1170345718b8ec25d90752d08 - - default default] Availability Zones retrieved successfully.
2023-01-19 14:56:12.753 22 INFO cinder.api.openstack.wsgi [None req-d5907d01-e3fe-49ca-b9b6-fb63882b9684 a3cbdac27f1f4ea583e732e5e4339eb4 31e13df1170345718b8ec25d90752d08 - - default default] http://[LB_IP_ADDRESS]:8776/v3/31e13df1170345718b8ec25d90752d08/groups returned with HTTP 202
2023-01-19 14:56:12.769 19 INFO cinder.api.openstack.wsgi [None req-1ead8b5a-7797-49e9-9cee-61de6bd81e80 a3cbdac27f1f4ea583e732e5e4339eb4 31e13df1170345718b8ec25d90752d08 - - default default] GET http://[LB_IP_ADDRESS]:8776/v3/31e13df1170345718b8ec25d90752d08/groups/6a694c14-e63b-4b99-bb69-0e8b22e0dc40
2023-01-19 14:56:12.790 19 INFO cinder.api.openstack.wsgi [None req-1ead8b5a-7797-49e9-9cee-61de6bd81e80 a3cbdac27f1f4ea583e732e5e4339eb4 31e13df1170345718b8ec25d90752d08 - - default default] http://[LB_IP_ADDRESS]:8776/v3/31e13df1170345718b8ec25d90752d08/groups/6a694c14-e63b-4b99-bb69-0e8b22e0dc40 returned with HTTP 200
2023-01-19 14:56:13.265 21 INFO cinder.api.openstack.wsgi [None req-1fac3433-3f7d-4477-bc51-cee58ff89095 78d439e325f14c2ab47063d72c546d42 11f081d117ca4465a2e3f93c536a6e31 - - default default] GET http://[LB_IP_ADDRESS]:8776/v3/11f081d117ca4465a2e3f93c536a6e31/volumes/acecdcc7-cb3d-4d68-a952-287b9935347d
2023-01-19 14:56:13.275 23 INFO cinder.api.openstack.wsgi [None req-7b14c642-2525-4b02-b2b6-ae426941be3e e25cda320a0945f7b1015e83c5da68c3 82c4976db62f4680bcb345dc21568a1c - - default default] GET http://[LB_IP_ADDRESS]:8776/v3/82c4976db62f4680bcb345dc21568a1c/volumes/c4f00dbb-eeda-4b76-9d7a-a61a70e5699a
2023-01-19 14:56:13.290 21 INFO cinder.volume.api [None req-1fac3433-3f7d-4477-bc51-cee58ff89095 78d439e325f14c2ab47063d72c546d42 11f081d117ca4465a2e3f93c536a6e31 - - default default] Volume info retrieved successfully.
2023-01-19 14:56:13.298 21 INFO cinder.api.openstack.wsgi [None req-1fac3433-3f7d-4477-bc51-cee58ff89095 78d439e325f14c2ab47063d72c546d42 11f081d117ca4465a2e3f93c536a6e31 - - default default] http://[LB_IP_ADDRESS]:8776/v3/11f081d117ca4465a2e3f93c536a6e31/volumes/acecdcc7-cb3d-4d68-a952-287b9935347d returned with HTTP 200
2023-01-19 14:56:13.308 23 INFO cinder.volume.api [None req-7b14c642-2525-4b02-b2b6-ae426941be3e e25cda320a0945f7b1015e83c5da68c3 82c4976db62f4680bcb345dc21568a1c - - default default] Volume info retrieved successfully.
2023-01-19 14:56:13.316 23 INFO cinder.api.openstack.wsgi [None req-7b14c642-2525-4b02-b2b6-ae426941be3e e25cda320a0945f7b1015e83c5da68c3 82c4976db62f4680bcb345dc21568a1c - - default default] http://[LB_IP_ADDRESS]:8776/v3/82c4976db62f4680bcb345dc21568a1c/volumes/c4f00dbb-eeda-4b76-9d7a-a61a70e5699a returned with HTTP 200
2023-01-19 14:56:13.808 20 INFO cinder.api.openstack.wsgi [None req-9891d69b-f7ed-4ede-84eb-b609601f400e a3cbdac27f1f4ea583e732e5e4339eb4 31e13df1170345718b8ec25d90752d08 - - default default] GET http://[LB_IP_ADDRESS]:8776/v3/31e13df1170345718b8ec25d90752d08/groups/6a694c14-e63b-4b99-bb69-0e8b22e0dc40
2023-01-19 14:56:13.836 20 INFO cinder.api.openstack.wsgi [None req-9891d69b-f7ed-4ede-84eb-b609601f400e a3cbdac27f1f4ea583e732e5e4339eb4 31e13df1170345718b8ec25d90752d08 - - default default] http://[LB_IP_ADDRESS]:8776/v3/31e13df1170345718b8ec25d90752d08/groups/6a694c14-e63b-4b99-bb69-0e8b22e0dc40 returned with HTTP 200
2023-01-19 14:56:13.854 22 INFO cinder.api.openstack.wsgi [None req-efe26bec-6b0a-41b2-ae36-75eb23d724f7 a3cbdac27f1f4ea583e732e5e4339eb4 31e13df1170345718b8ec25d90752d08 - - default default] POST http://[LB_IP_ADDRESS]:8776/v3/31e13df1170345718b8ec25d90752d08/groups
2023-01-19 14:56:13.864 22 INFO cinder.api.v3.groups [None req-efe26bec-6b0a-41b2-ae36-75eb23d724f7 a3cbdac27f1f4ea583e732e5e4339eb4 31e13df1170345718b8ec25d90752d08 - - default default] Creating group tempest-Group2-263608277.
2023-01-19 14:56:13.875 22 INFO cinder.volume.api [None req-efe26bec-6b0a-41b2-ae36-75eb23d724f7 a3cbdac27f1f4ea583e732e5e4339eb4 31e13df1170345718b8ec25d90752d08 - - default default] Availability Zones retrieved successfully.
2023-01-19 14:56:13.929 22 INFO cinder.api.openstack.wsgi [None req-efe26bec-6b0a-41b2-ae36-75eb23d724f7 a3cbdac27f1f4ea583e732e5e4339eb4 31e13df1170345718b8ec25d90752d08 - - default default] http://[LB_IP_ADDRESS]:8776/v3/31e13df1170345718b8ec25d90752d08/groups returned with HTTP 202
2023-01-19 14:56:13.944 19 INFO cinder.api.openstack.wsgi [None req-4ff7f1ca-4bfe-4b02-9650-f10a8feda0eb a3cbdac27f1f4ea583e732e5e4339eb4 31e13df1170345718b8ec25d90752d08 - - default default] GET http://[LB_IP_ADDRESS]:8776/v3/31e13df1170345718b8ec25d90752d08/groups/26111a6c-d679-4e4c-a5f6-cbc1fc5f8012
2023-01-19 14:56:13.964 19 INFO cinder.api.openstack.wsgi [None req-4ff7f1ca-4bfe-4b02-9650-f10a8feda0eb a3cbdac27f1f4ea583e732e5e4339eb4 31e13df1170345718b8ec25d90752d08 - - default default] http://[LB_IP_ADDRESS]:8776/v3/31e13df1170345718b8ec25d90752d08/groups/26111a6c-d679-4e4c-a5f6-cbc1fc5f8012 returned with HTTP 200
2023-01-19 14:56:14.320 21 INFO cinder.api.openstack.wsgi [None req-9cb434a6-ddc9-4a5e-b7a5-d193f9a883fc 78d439e325f14c2ab47063d72c546d42 11f081d117ca4465a2e3f93c536a6e31 - - default default] GET http://[LB_IP_ADDRESS]:8776/v3/11f081d117ca4465a2e3f93c536a6e31/volumes/acecdcc7-cb3d-4d68-a952-287b9935347d
2023-01-19 14:56:14.338 23 INFO cinder.api.openstack.wsgi [None req-14d05697-5f43-4ca3-828e-d3ad254763e5 e25cda320a0945f7b1015e83c5da68c3 82c4976db62f4680bcb345dc21568a1c - - default default] GET http://[LB_IP_ADDRESS]:8776/v3/82c4976db62f4680bcb345dc21568a1c/volumes/c4f00dbb-eeda-4b76-9d7a-a61a70e5699a
2023-01-19 14:56:14.353 21 INFO cinder.volume.api [None req-9cb434a6-ddc9-4a5e-b7a5-d193f9a883fc 78d439e325f14c2ab47063d72c546d42 11f081d117ca4465a2e3f93c536a6e31 - - default default] Volume info retrieved successfully.
2023-01-19 14:56:14.360 23 INFO cinder.volume.api [None req-14d05697-5f43-4ca3-828e-d3ad254763e5 e25cda320a0945f7b1015e83c5da68c3 82c4976db62f4680bcb345dc21568a1c - - default default] Volume info retrieved successfully.
2023-01-19 14:56:14.361 21 INFO cinder.api.openstack.wsgi [None req-9cb434a6-ddc9-4a5e-b7a5-d193f9a883fc 78d439e325f14c2ab47063d72c546d42 11f081d117ca4465a2e3f93c536a6e31 - - default default] http://[LB_IP_ADDRESS]:8776/v3/11f081d117ca4465a2e3f93c536a6e31/volumes/acecdcc7-cb3d-4d68-a952-287b9935347d returned with HTTP 200
2023-01-19 14:56:14.368 23 INFO cinder.api.openstack.wsgi [None req-14d05697-5f43-4ca3-828e-d3ad254763e5 e25cda320a0945f7b1015e83c5da68c3 82c4976db62f4680bcb345dc21568a1c - - default default] http://[LB_IP_ADDRESS]:8776/v3/82c4976db62f4680bcb345dc21568a1c/volumes/c4f00dbb-eeda-4b76-9d7a-a61a70e5699a returned with HTTP 200
2023-01-19 14:56:14.400 20 INFO cinder.api.openstack.wsgi [req-9c78b74e-1931-4bdb-9e50-2abbc5b5ba36 req-e06fe86b-783d-4b43-8822-7dedf61d7f47 78d439e325f14c2ab47063d72c546d42 11f081d117ca4465a2e3f93c536a6e31 - - default default] GET http://[LB_IP_ADDRESS]:8776/v3/11f081d117ca4465a2e3f93c536a6e31/volumes/acecdcc7-cb3d-4d68-a952-287b9935347d
