2022-02-18 18:04:55.293 20 INFO cinder.volume.api [req-a46ed730-8ce5-47b2-90ed-9a297548dbaf b31c59043b7143ca87d97059239352fe fb8a4832810640cba61c95b8d3f03439 - default default] Volume info retrieved successfully.
2022-02-18 18:04:55.302 20 INFO cinder.api.openstack.wsgi [req-a46ed730-8ce5-47b2-90ed-9a297548dbaf b31c59043b7143ca87d97059239352fe fb8a4832810640cba61c95b8d3f03439 - default default] http://[LB_IP_ADDRESS]:8776/v3/fb8a4832810640cba61c95b8d3f03439/volumes/477a2c8c-2f12-472b-88aa-62fd57e574d4 returned with HTTP 200
2022-02-18 18:04:55.312 21 INFO cinder.api.openstack.wsgi [req-c0a1578b-6a4b-4a85-904b-680cb1ef162e b31c59043b7143ca87d97059239352fe fb8a4832810640cba61c95b8d3f03439 - default default] GET http://[LB_IP_ADDRESS]:8776/
2022-02-18 18:04:55.314 21 INFO cinder.api.openstack.wsgi [req-c0a1578b-6a4b-4a85-904b-680cb1ef162e b31c59043b7143ca87d97059239352fe fb8a4832810640cba61c95b8d3f03439 - default default] http://[LB_IP_ADDRESS]:8776/ returned with HTTP 300
2022-02-18 18:04:55.328 23 INFO cinder.api.openstack.wsgi [req-6cf90faa-6773-4b9b-b9cb-e9e9c0523a24 b31c59043b7143ca87d97059239352fe fb8a4832810640cba61c95b8d3f03439 - default default] POST http://[LB_IP_ADDRESS]:8776/v3/fb8a4832810640cba61c95b8d3f03439/attachments
2022-02-18 18:04:55.382 23 INFO cinder.api.openstack.wsgi [req-6cf90faa-6773-4b9b-b9cb-e9e9c0523a24 b31c59043b7143ca87d97059239352fe fb8a4832810640cba61c95b8d3f03439 - default default] http://[LB_IP_ADDRESS]:8776/v3/fb8a4832810640cba61c95b8d3f03439/attachments returned with HTTP 200
2022-02-18 18:04:55.455 19 INFO cinder.api.openstack.wsgi [req-17af4e79-c50d-490e-98fe-c1fd39dca56c c1bcba772f7e45f99a106b685b459763 ed03f43b7f3743b39d94d76217122a0f - default default] GET http://[LB_IP_ADDRESS]:8776/v3/ed03f43b7f3743b39d94d76217122a0f/volumes/65b3b4a8-e2a4-4447-a528-c3ce7f39dd8f
2022-02-18 18:04:55.468 19 INFO cinder.api.openstack.wsgi [req-17af4e79-c50d-490e-98fe-c1fd39dca56c c1bcba772f7e45f99a106b685b459763 ed03f43b7f3743b39d94d76217122a0f - default default] http://[LB_IP_ADDRESS]:8776/v3/ed03f43b7f3743b39d94d76217122a0f/volumes/65b3b4a8-e2a4-4447-a528-c3ce7f39dd8f returned with HTTP 404
2022-02-18 18:04:55.508 22 INFO cinder.volume.api [req-353ab8a6-6a74-4e62-8795-47ab3ca7ad4b e8388b81c68e447d815b003dcc770a07 9f4fe03090f540a78c608ab4713cd610 - default default] Create volume request issued successfully.
2022-02-18 18:04:55.510 22 INFO cinder.api.openstack.wsgi [req-353ab8a6-6a74-4e62-8795-47ab3ca7ad4b e8388b81c68e447d815b003dcc770a07 9f4fe03090f540a78c608ab4713cd610 - default default] http://[LB_IP_ADDRESS]:8776/v3/9f4fe03090f540a78c608ab4713cd610/volumes returned with HTTP 202
2022-02-18 18:04:55.530 20 INFO cinder.api.openstack.wsgi [req-ceca32c0-08a5-4dd0-98c6-e021efb5bf3e e8388b81c68e447d815b003dcc770a07 9f4fe03090f540a78c608ab4713cd610 - default default] GET http://[LB_IP_ADDRESS]:8776/v3/9f4fe03090f540a78c608ab4713cd610/volumes/5786154f-e788-4200-91fb-84b03c9c00ab
2022-02-18 18:04:55.554 20 INFO cinder.volume.api [req-ceca32c0-08a5-4dd0-98c6-e021efb5bf3e e8388b81c68e447d815b003dcc770a07 9f4fe03090f540a78c608ab4713cd610 - default default] Volume info retrieved successfully.
2022-02-18 18:04:55.561 20 INFO cinder.api.openstack.wsgi [req-ceca32c0-08a5-4dd0-98c6-e021efb5bf3e e8388b81c68e447d815b003dcc770a07 9f4fe03090f540a78c608ab4713cd610 - default default] http://[LB_IP_ADDRESS]:8776/v3/9f4fe03090f540a78c608ab4713cd610/volumes/5786154f-e788-4200-91fb-84b03c9c00ab returned with HTTP 200
2022-02-18 18:04:56.256 21 INFO cinder.api.openstack.wsgi [req-c0a1578b-6a4b-4a85-904b-680cb1ef162e b31c59043b7143ca87d97059239352fe fb8a4832810640cba61c95b8d3f03439 - default default] GET http://[LB_IP_ADDRESS]:8776/
2022-02-18 18:04:56.258 21 INFO cinder.api.openstack.wsgi [req-c0a1578b-6a4b-4a85-904b-680cb1ef162e b31c59043b7143ca87d97059239352fe fb8a4832810640cba61c95b8d3f03439 - default default] http://[LB_IP_ADDRESS]:8776/ returned with HTTP 300
2022-02-18 18:04:56.270 23 INFO cinder.api.openstack.wsgi [req-61751fd2-2d91-407b-aa0b-5ba16f0d4214 b31c59043b7143ca87d97059239352fe fb8a4832810640cba61c95b8d3f03439 - default default] GET http://[LB_IP_ADDRESS]:8776/v3/fb8a4832810640cba61c95b8d3f03439/volumes/477a2c8c-2f12-472b-88aa-62fd57e574d4
2022-02-18 18:04:56.304 23 INFO cinder.volume.api [req-61751fd2-2d91-407b-aa0b-5ba16f0d4214 b31c59043b7143ca87d97059239352fe fb8a4832810640cba61c95b8d3f03439 - default default] Volume info retrieved successfully.
2022-02-18 18:04:56.313 23 INFO cinder.api.openstack.wsgi [req-61751fd2-2d91-407b-aa0b-5ba16f0d4214 b31c59043b7143ca87d97059239352fe fb8a4832810640cba61c95b8d3f03439 - default default] http://[LB_IP_ADDRESS]:8776/v3/fb8a4832810640cba61c95b8d3f03439/volumes/477a2c8c-2f12-472b-88aa-62fd57e574d4 returned with HTTP 200
2022-02-18 18:04:56.387 19 INFO cinder.api.openstack.wsgi [req-a9c9b394-168d-48b5-b180-311950873cf1 b31c59043b7143ca87d97059239352fe fb8a4832810640cba61c95b8d3f03439 - default default] PUT http://[LB_IP_ADDRESS]:8776/v3/fb8a4832810640cba61c95b8d3f03439/attachments/d5b2d368-7d87-4bb0-8fd5-f04783c4f126
2022-02-18 18:04:56.582 22 INFO cinder.api.openstack.wsgi [req-9039b48e-dbca-4dc7-8c0b-29a096851f57 e8388b81c68e447d815b003dcc770a07 9f4fe03090f540a78c608ab4713cd610 - default default] GET http://[LB_IP_ADDRESS]:8776/v3/9f4fe03090f540a78c608ab4713cd610/volumes/5786154f-e788-4200-91fb-84b03c9c00ab
2022-02-18 18:04:56.604 22 INFO cinder.volume.api [req-9039b48e-dbca-4dc7-8c0b-29a096851f57 e8388b81c68e447d815b003dcc770a07 9f4fe03090f540a78c608ab4713cd610 - default default] Volume info retrieved successfully.
2022-02-18 18:04:56.611 22 INFO cinder.api.openstack.wsgi [req-9039b48e-dbca-4dc7-8c0b-29a096851f57 e8388b81c68e447d815b003dcc770a07 9f4fe03090f540a78c608ab4713cd610 - default default] http://[LB_IP_ADDRESS]:8776/v3/9f4fe03090f540a78c608ab4713cd610/volumes/5786154f-e788-4200-91fb-84b03c9c00ab returned with HTTP 200
2022-02-18 18:04:57.631 20 INFO cinder.api.openstack.wsgi [req-639cfefe-8126-4679-9d2f-ff770adfb336 e8388b81c68e447d815b003dcc770a07 9f4fe03090f540a78c608ab4713cd610 - default default] GET http://[LB_IP_ADDRESS]:8776/v3/9f4fe03090f540a78c608ab4713cd610/volumes/5786154f-e788-4200-91fb-84b03c9c00ab
2022-02-18 18:04:57.661 20 INFO cinder.volume.api [req-639cfefe-8126-4679-9d2f-ff770adfb336 e8388b81c68e447d815b003dcc770a07 9f4fe03090f540a78c608ab4713cd610 - default default] Volume info retrieved successfully.
2022-02-18 18:04:57.669 20 INFO cinder.api.openstack.wsgi [req-639cfefe-8126-4679-9d2f-ff770adfb336 e8388b81c68e447d815b003dcc770a07 9f4fe03090f540a78c608ab4713cd610 - default default] http://[LB_IP_ADDRESS]:8776/v3/9f4fe03090f540a78c608ab4713cd610/volumes/5786154f-e788-4200-91fb-84b03c9c00ab returned with HTTP 200
2022-02-18 18:04:57.680 19 INFO cinder.api.openstack.wsgi [req-a9c9b394-168d-48b5-b180-311950873cf1 b31c59043b7143ca87d97059239352fe fb8a4832810640cba61c95b8d3f03439 - default default] http://[LB_IP_ADDRESS]:8776/v3/fb8a4832810640cba61c95b8d3f03439/attachments/d5b2d368-7d87-4bb0-8fd5-f04783c4f126 returned with HTTP 200
2022-02-18 18:04:57.688 21 INFO cinder.api.openstack.wsgi [req-ebdefbf7-a400-482c-aa55-4c553975055d e8388b81c68e447d815b003dcc770a07 9f4fe03090f540a78c608ab4713cd610 - default default] GET http://[LB_IP_ADDRESS]:8776/v3/9f4fe03090f540a78c608ab4713cd610/volumes/5786154f-e788-4200-91fb-84b03c9c00ab
2022-02-18 18:04:57.712 21 INFO cinder.volume.api [req-ebdefbf7-a400-482c-aa55-4c553975055d e8388b81c68e447d815b003dcc770a07 9f4fe03090f540a78c608ab4713cd610 - default default] Volume info retrieved successfully.
2022-02-18 18:04:57.717 23 INFO cinder.api.openstack.wsgi [req-63cd7d4b-e994-4dd2-9f58-682221d4af08 b31c59043b7143ca87d97059239352fe fb8a4832810640cba61c95b8d3f03439 - default default] POST http://[LB_IP_ADDRESS]:8776/v3/fb8a4832810640cba61c95b8d3f03439/attachments/d5b2d368-7d87-4bb0-8fd5-f04783c4f126/action
2022-02-18 18:04:57.719 21 INFO cinder.api.openstack.wsgi [req-ebdefbf7-a400-482c-aa55-4c553975055d e8388b81c68e447d815b003dcc770a07 9f4fe03090f540a78c608ab4713cd610 - default default] http://[LB_IP_ADDRESS]:8776/v3/9f4fe03090f540a78c608ab4713cd610/volumes/5786154f-e788-4200-91fb-84b03c9c00ab returned with HTTP 200
2022-02-18 18:04:57.736 22 INFO cinder.api.openstack.wsgi [req-1c994827-773d-4459-abec-26a14dedbd0c e8388b81c68e447d815b003dcc770a07 9f4fe03090f540a78c608ab4713cd610 - default default] DELETE http://[LB_IP_ADDRESS]:8776/v3/9f4fe03090f540a78c608ab4713cd610/volumes/e573443c-f9c4-484e-b5f2-b0a9f46dc727?cascade=True
2022-02-18 18:04:57.738 22 INFO cinder.api.v3.volumes [req-1c994827-773d-4459-abec-26a14dedbd0c e8388b81c68e447d815b003dcc770a07 9f4fe03090f540a78c608ab4713cd610 - default default] Delete volume with id: e573443c-f9c4-484e-b5f2-b0a9f46dc727 
2022-02-18 18:04:57.754 22 INFO cinder.volume.api [req-1c994827-773d-4459-abec-26a14dedbd0c e8388b81c68e447d815b003dcc770a07 9f4fe03090f540a78c608ab4713cd610 - default default] Volume info retrieved successfully.
2022-02-18 18:04:57.759 23 INFO cinder.api.openstack.wsgi [req-63cd7d4b-e994-4dd2-9f58-682221d4af08 b31c59043b7143ca87d97059239352fe fb8a4832810640cba61c95b8d3f03439 - default default] http://[LB_IP_ADDRESS]:8776/v3/fb8a4832810640cba61c95b8d3f03439/attachments/d5b2d368-7d87-4bb0-8fd5-f04783c4f126/action returned with HTTP 204
2022-02-18 18:04:57.792 22 INFO cinder.volume.api [req-1c994827-773d-4459-abec-26a14dedbd0c e8388b81c68e447d815b003dcc770a07 9f4fe03090f540a78c608ab4713cd610 - default default] Delete volume request issued successfully.
2022-02-18 18:04:57.793 22 INFO cinder.api.openstack.wsgi [req-1c994827-773d-4459-abec-26a14dedbd0c e8388b81c68e447d815b003dcc770a07 9f4fe03090f540a78c608ab4713cd610 - default default] http://[LB_IP_ADDRESS]:8776/v3/9f4fe03090f540a78c608ab4713cd610/volumes/e573443c-f9c4-484e-b5f2-b0a9f46dc727?cascade=True returned with HTTP 202
2022-02-18 18:04:57.805 20 INFO cinder.api.openstack.wsgi [req-e2cc92cf-403c-4ea9-b8d5-e6d9b3e534f2 e8388b81c68e447d815b003dcc770a07 9f4fe03090f540a78c608ab4713cd610 - default default] GET http://[LB_IP_ADDRESS]:8776/v3/9f4fe03090f540a78c608ab4713cd610/volumes/e573443c-f9c4-484e-b5f2-b0a9f46dc727
2022-02-18 18:04:57.827 20 INFO cinder.volume.api [req-e2cc92cf-403c-4ea9-b8d5-e6d9b3e534f2 e8388b81c68e447d815b003dcc770a07 9f4fe03090f540a78c608ab4713cd610 - default default] Volume info retrieved successfully.
2022-02-18 18:04:57.834 20 INFO cinder.api.openstack.wsgi [req-e2cc92cf-403c-4ea9-b8d5-e6d9b3e534f2 e8388b81c68e447d815b003dcc770a07 9f4fe03090f540a78c608ab4713cd610 - default default] http://[LB_IP_ADDRESS]:8776/v3/9f4fe03090f540a78c608ab4713cd610/volumes/e573443c-f9c4-484e-b5f2-b0a9f46dc727 returned with HTTP 200
2022-02-18 18:04:58.855 19 INFO cinder.api.openstack.wsgi [req-3c432d0a-c7ac-475a-bd29-5e3abd24871a e8388b81c68e447d815b003dcc770a07 9f4fe03090f540a78c608ab4713cd610 - default default] GET http://[LB_IP_ADDRESS]:8776/v3/9f4fe03090f540a78c608ab4713cd610/volumes/e573443c-f9c4-484e-b5f2-b0a9f46dc727
2022-02-18 18:04:58.870 19 INFO cinder.api.openstack.wsgi [req-3c432d0a-c7ac-475a-bd29-5e3abd24871a e8388b81c68e447d815b003dcc770a07 9f4fe03090f540a78c608ab4713cd610 - default default] http://[LB_IP_ADDRESS]:8776/v3/9f4fe03090f540a78c608ab4713cd610/volumes/e573443c-f9c4-484e-b5f2-b0a9f46dc727 returned with HTTP 404
2022-02-18 18:04:58.880 21 INFO cinder.api.openstack.wsgi [req-87f437c0-b0c1-4fd3-a1be-bf85d2439b14 e8388b81c68e447d815b003dcc770a07 9f4fe03090f540a78c608ab4713cd610 - default default] GET http://[LB_IP_ADDRESS]:8776/v3/9f4fe03090f540a78c608ab4713cd610/volumes
2022-02-18 18:04:58.905 21 INFO cinder.volume.api [req-87f437c0-b0c1-4fd3-a1be-bf85d2439b14 e8388b81c68e447d815b003dcc770a07 9f4fe03090f540a78c608ab4713cd610 - default default] Get all volumes completed successfully.
2022-02-18 18:04:58.906 21 INFO cinder.api.openstack.wsgi [req-87f437c0-b0c1-4fd3-a1be-bf85d2439b14 e8388b81c68e447d815b003dcc770a07 9f4fe03090f540a78c608ab4713cd610 - default default] http://[LB_IP_ADDRESS]:8776/v3/9f4fe03090f540a78c608ab4713cd610/volumes returned with HTTP 200
2022-02-18 18:04:58.921 23 INFO cinder.api.openstack.wsgi [req-147c5782-56ff-402d-8301-fd7b95831de1 e8388b81c68e447d815b003dcc770a07 9f4fe03090f540a78c608ab4713cd610 - default default] GET http://[LB_IP_ADDRESS]:8776/v3/9f4fe03090f540a78c608ab4713cd610/snapshots
2022-02-18 18:04:58.935 23 INFO cinder.volume.api [req-147c5782-56ff-402d-8301-fd7b95831de1 e8388b81c68e447d815b003dcc770a07 9f4fe03090f540a78c608ab4713cd610 - default default] Get all snapshots completed successfully.
2022-02-18 18:04:58.936 23 INFO cinder.api.openstack.wsgi [req-147c5782-56ff-402d-8301-fd7b95831de1 e8388b81c68e447d815b003dcc770a07 9f4fe03090f540a78c608ab4713cd610 - default default] http://[LB_IP_ADDRESS]:8776/v3/9f4fe03090f540a78c608ab4713cd610/snapshots returned with HTTP 200
2022-02-18 18:04:58.951 22 INFO cinder.api.openstack.wsgi [req-eb3f5d71-b431-49be-8bf2-44308e465a37 e8388b81c68e447d815b003dcc770a07 9f4fe03090f540a78c608ab4713cd610 - default default] DELETE http://[LB_IP_ADDRESS]:8776/v3/9f4fe03090f540a78c608ab4713cd610/volumes/5786154f-e788-4200-91fb-84b03c9c00ab
2022-02-18 18:04:58.953 22 INFO cinder.api.v3.volumes [req-eb3f5d71-b431-49be-8bf2-44308e465a37 e8388b81c68e447d815b003dcc770a07 9f4fe03090f540a78c608ab4713cd610 - default default] Delete volume with id: 5786154f-e788-4200-91fb-84b03c9c00ab 
2022-02-18 18:04:58.969 22 INFO cinder.volume.api [req-eb3f5d71-b431-49be-8bf2-44308e465a37 e8388b81c68e447d815b003dcc770a07 9f4fe03090f540a78c608ab4713cd610 - default default] Volume info retrieved successfully.
2022-02-18 18:04:58.993 22 INFO cinder.volume.api [req-eb3f5d71-b431-49be-8bf2-44308e465a37 e8388b81c68e447d815b003dcc770a07 9f4fe03090f540a78c608ab4713cd610 - default default] Delete volume request issued successfully.
2022-02-18 18:04:58.993 22 INFO cinder.api.openstack.wsgi [req-eb3f5d71-b431-49be-8bf2-44308e465a37 e8388b81c68e447d815b003dcc770a07 9f4fe03090f540a78c608ab4713cd610 - default default] http://[LB_IP_ADDRESS]:8776/v3/9f4fe03090f540a78c608ab4713cd610/volumes/5786154f-e788-4200-91fb-84b03c9c00ab returned with HTTP 202
2022-02-18 18:04:59.005 20 INFO cinder.api.openstack.wsgi [req-8ddde8bb-82f7-4c6e-82b5-1a583fed7810 e8388b81c68e447d815b003dcc770a07 9f4fe03090f540a78c608ab4713cd610 - default default] GET http://[LB_IP_ADDRESS]:8776/v3/9f4fe03090f540a78c608ab4713cd610/volumes/5786154f-e788-4200-91fb-84b03c9c00ab
2022-02-18 18:04:59.039 20 INFO cinder.volume.api [req-8ddde8bb-82f7-4c6e-82b5-1a583fed7810 e8388b81c68e447d815b003dcc770a07 9f4fe03090f540a78c608ab4713cd610 - default default] Volume info retrieved successfully.
2022-02-18 18:04:59.047 20 INFO cinder.api.openstack.wsgi [req-8ddde8bb-82f7-4c6e-82b5-1a583fed7810 e8388b81c68e447d815b003dcc770a07 9f4fe03090f540a78c608ab4713cd610 - default default] http://[LB_IP_ADDRESS]:8776/v3/9f4fe03090f540a78c608ab4713cd610/volumes/5786154f-e788-4200-91fb-84b03c9c00ab returned with HTTP 200
2022-02-18 18:05:00.068 19 INFO cinder.api.openstack.wsgi [req-5fb5d2f8-6d2a-493e-844c-492172b16b5d e8388b81c68e447d815b003dcc770a07 9f4fe03090f540a78c608ab4713cd610 - default default] GET http://[LB_IP_ADDRESS]:8776/v3/9f4fe03090f540a78c608ab4713cd610/volumes/5786154f-e788-4200-91fb-84b03c9c00ab
2022-02-18 18:05:00.082 19 INFO cinder.api.openstack.wsgi [req-5fb5d2f8-6d2a-493e-844c-492172b16b5d e8388b81c68e447d815b003dcc770a07 9f4fe03090f540a78c608ab4713cd610 - default default] http://[LB_IP_ADDRESS]:8776/v3/9f4fe03090f540a78c608ab4713cd610/volumes/5786154f-e788-4200-91fb-84b03c9c00ab returned with HTTP 404
2022-02-18 18:05:00.094 21 INFO cinder.api.openstack.wsgi [req-5b012a60-9cd8-4513-af68-296f0130b359 e8388b81c68e447d815b003dcc770a07 9f4fe03090f540a78c608ab4713cd610 - default default] DELETE http://[LB_IP_ADDRESS]:8776/v3/9f4fe03090f540a78c608ab4713cd610/snapshots/433a8181-a98f-459a-b511-401141b867a8
2022-02-18 18:05:00.095 21 INFO cinder.api.v2.snapshots [req-5b012a60-9cd8-4513-af68-296f0130b359 e8388b81c68e447d815b003dcc770a07 9f4fe03090f540a78c608ab4713cd610 - default default] Delete snapshot with id: 433a8181-a98f-459a-b511-401141b867a8
2022-02-18 18:05:00.103 21 INFO cinder.api.openstack.wsgi [req-5b012a60-9cd8-4513-af68-296f0130b359 e8388b81c68e447d815b003dcc770a07 9f4fe03090f540a78c608ab4713cd610 - default default] http://[LB_IP_ADDRESS]:8776/v3/9f4fe03090f540a78c608ab4713cd610/snapshots/433a8181-a98f-459a-b511-401141b867a8 returned with HTTP 404
2022-02-18 18:05:00.113 23 INFO cinder.api.openstack.wsgi [req-326cc624-48eb-4edd-abdd-8121f06961ad e8388b81c68e447d815b003dcc770a07 9f4fe03090f540a78c608ab4713cd610 - default default] DELETE http://[LB_IP_ADDRESS]:8776/v3/9f4fe03090f540a78c608ab4713cd610/volumes/e573443c-f9c4-484e-b5f2-b0a9f46dc727
2022-02-18 18:05:00.115 23 INFO cinder.api.v3.volumes [req-326cc624-48eb-4edd-abdd-8121f06961ad e8388b81c68e447d815b003dcc770a07 9f4fe03090f540a78c608ab4713cd610 - default default] Delete volume with id: e573443c-f9c4-484e-b5f2-b0a9f46dc727 
2022-02-18 18:05:00.117 22 INFO cinder.api.openstack.wsgi [req-fe6d4a30-73cf-4d3a-96d7-4775a5bbf424 b31c59043b7143ca87d97059239352fe fb8a4832810640cba61c95b8d3f03439 - default default] GET http://[LB_IP_ADDRESS]:8776/v3/fb8a4832810640cba61c95b8d3f03439/limits
2022-02-18 18:05:00.127 23 INFO cinder.api.openstack.wsgi [req-326cc624-48eb-4edd-abdd-8121f06961ad e8388b81c68e447d815b003dcc770a07 9f4fe03090f540a78c608ab4713cd610 - default default] http://[LB_IP_ADDRESS]:8776/v3/9f4fe03090f540a78c608ab4713cd610/volumes/e573443c-f9c4-484e-b5f2-b0a9f46dc727 returned with HTTP 404
2022-02-18 18:05:00.142 20 INFO cinder.api.openstack.wsgi [req-e4329d50-7f5d-407a-9f55-0ae36bcec174 e8388b81c68e447d815b003dcc770a07 9f4fe03090f540a78c608ab4713cd610 - default default] DELETE http://[LB_IP_ADDRESS]:8776/v3/9f4fe03090f540a78c608ab4713cd610/snapshots/f963bd87-6408-4434-97e7-f5f2abf6d7d9
2022-02-18 18:05:00.143 20 INFO cinder.api.v2.snapshots [req-e4329d50-7f5d-407a-9f55-0ae36bcec174 e8388b81c68e447d815b003dcc770a07 9f4fe03090f540a78c608ab4713cd610 - default default] Delete snapshot with id: f963bd87-6408-4434-97e7-f5f2abf6d7d9
2022-02-18 18:05:00.152 20 INFO cinder.api.openstack.wsgi [req-e4329d50-7f5d-407a-9f55-0ae36bcec174 e8388b81c68e447d815b003dcc770a07 9f4fe03090f540a78c608ab4713cd610 - default default] http://[LB_IP_ADDRESS]:8776/v3/9f4fe03090f540a78c608ab4713cd610/snapshots/f963bd87-6408-4434-97e7-f5f2abf6d7d9 returned with HTTP 404
2022-02-18 18:05:00.164 19 INFO cinder.api.openstack.wsgi [req-99e08307-5df8-42b6-9820-35ccbc0b4cb0 e8388b81c68e447d815b003dcc770a07 9f4fe03090f540a78c608ab4713cd610 - default default] DELETE http://[LB_IP_ADDRESS]:8776/v3/9f4fe03090f540a78c608ab4713cd610/snapshots/748c484b-5150-406f-bf08-2040ee506adf
2022-02-18 18:05:00.165 19 INFO cinder.api.v2.snapshots [req-99e08307-5df8-42b6-9820-35ccbc0b4cb0 e8388b81c68e447d815b003dcc770a07 9f4fe03090f540a78c608ab4713cd610 - default default] Delete snapshot with id: 748c484b-5150-406f-bf08-2040ee506adf
2022-02-18 18:05:00.173 19 INFO cinder.api.openstack.wsgi [req-99e08307-5df8-42b6-9820-35ccbc0b4cb0 e8388b81c68e447d815b003dcc770a07 9f4fe03090f540a78c608ab4713cd610 - default default] http://[LB_IP_ADDRESS]:8776/v3/9f4fe03090f540a78c608ab4713cd610/snapshots/748c484b-5150-406f-bf08-2040ee506adf returned with HTTP 404
2022-02-18 18:05:00.183 21 INFO cinder.api.openstack.wsgi [req-d33abec6-f9d7-499a-8d62-0afd35bcea32 e8388b81c68e447d815b003dcc770a07 9f4fe03090f540a78c608ab4713cd610 - default default] DELETE http://[LB_IP_ADDRESS]:8776/v3/9f4fe03090f540a78c608ab4713cd610/volumes/c153a9f2-aa8b-4f4a-9d37-359ce4515073
2022-02-18 18:05:00.185 21 INFO cinder.api.v3.volumes [req-d33abec6-f9d7-499a-8d62-0afd35bcea32 e8388b81c68e447d815b003dcc770a07 9f4fe03090f540a78c608ab4713cd610 - default default] Delete volume with id: c153a9f2-aa8b-4f4a-9d37-359ce4515073 
2022-02-18 18:05:00.201 21 INFO cinder.api.openstack.wsgi [req-d33abec6-f9d7-499a-8d62-0afd35bcea32 e8388b81c68e447d815b003dcc770a07 9f4fe03090f540a78c608ab4713cd610 - default default] http://[LB_IP_ADDRESS]:8776/v3/9f4fe03090f540a78c608ab4713cd610/volumes/c153a9f2-aa8b-4f4a-9d37-359ce4515073 returned with HTTP 404
2022-02-18 18:05:00.214 22 INFO cinder.api.openstack.wsgi [req-fe6d4a30-73cf-4d3a-96d7-4775a5bbf424 b31c59043b7143ca87d97059239352fe fb8a4832810640cba61c95b8d3f03439 - default default] http://[LB_IP_ADDRESS]:8776/v3/fb8a4832810640cba61c95b8d3f03439/limits returned with HTTP 200
2022-02-18 18:05:00.271 23 INFO cinder.api.openstack.wsgi [req-5fe33356-24ea-4eb7-8f2e-e3c328cb3c3f b31c59043b7143ca87d97059239352fe fb8a4832810640cba61c95b8d3f03439 - default default] GET http://[LB_IP_ADDRESS]:8776/v3/fb8a4832810640cba61c95b8d3f03439/volumes/477a2c8c-2f12-472b-88aa-62fd57e574d4
2022-02-18 18:05:00.298 23 INFO cinder.volume.api [req-5fe33356-24ea-4eb7-8f2e-e3c328cb3c3f b31c59043b7143ca87d97059239352fe fb8a4832810640cba61c95b8d3f03439 - default default] Volume info retrieved successfully.
2022-02-18 18:05:00.306 23 INFO cinder.api.openstack.wsgi [req-5fe33356-24ea-4eb7-8f2e-e3c328cb3c3f b31c59043b7143ca87d97059239352fe fb8a4832810640cba61c95b8d3f03439 - default default] http://[LB_IP_ADDRESS]:8776/v3/fb8a4832810640cba61c95b8d3f03439/volumes/477a2c8c-2f12-472b-88aa-62fd57e574d4 returned with HTTP 200
2022-02-18 18:05:00.325 20 INFO cinder.api.openstack.wsgi [req-89680780-3b06-4ef7-94b5-1cf2854ef46f b31c59043b7143ca87d97059239352fe fb8a4832810640cba61c95b8d3f03439 - default default] POST http://[LB_IP_ADDRESS]:8776/v3/fb8a4832810640cba61c95b8d3f03439/snapshots
2022-02-18 18:05:00.346 20 INFO cinder.volume.api [req-89680780-3b06-4ef7-94b5-1cf2854ef46f b31c59043b7143ca87d97059239352fe fb8a4832810640cba61c95b8d3f03439 - default default] Volume info retrieved successfully.
2022-02-18 18:05:00.346 20 INFO cinder.api.v3.snapshots [req-89680780-3b06-4ef7-94b5-1cf2854ef46f b31c59043b7143ca87d97059239352fe fb8a4832810640cba61c95b8d3f03439 - default default] Create snapshot from volume 477a2c8c-2f12-472b-88aa-62fd57e574d4
2022-02-18 18:05:00.499 20 INFO cinder.volume.api [req-89680780-3b06-4ef7-94b5-1cf2854ef46f b31c59043b7143ca87d97059239352fe fb8a4832810640cba61c95b8d3f03439 - default default] Snapshot force create request issued successfully.
2022-02-18 18:05:00.501 20 INFO cinder.api.openstack.wsgi [req-89680780-3b06-4ef7-94b5-1cf2854ef46f b31c59043b7143ca87d97059239352fe fb8a4832810640cba61c95b8d3f03439 - default default] http://[LB_IP_ADDRESS]:8776/v3/fb8a4832810640cba61c95b8d3f03439/snapshots returned with HTTP 202
2022-02-18 18:05:01.485 19 INFO cinder.api.openstack.wsgi [req-966ef094-dc41-46be-9474-11cfe199dd9d b31c59043b7143ca87d97059239352fe fb8a4832810640cba61c95b8d3f03439 - default default] GET http://[LB_IP_ADDRESS]:8776/v3/fb8a4832810640cba61c95b8d3f03439/volumes/477a2c8c-2f12-472b-88aa-62fd57e574d4
2022-02-18 18:05:01.512 19 INFO cinder.volume.api [req-966ef094-dc41-46be-9474-11cfe199dd9d b31c59043b7143ca87d97059239352fe fb8a4832810640cba61c95b8d3f03439 - default default] Volume info retrieved successfully.
2022-02-18 18:05:01.520 19 INFO cinder.api.openstack.wsgi [req-966ef094-dc41-46be-9474-11cfe199dd9d b31c59043b7143ca87d97059239352fe fb8a4832810640cba61c95b8d3f03439 - default default] http://[LB_IP_ADDRESS]:8776/v3/fb8a4832810640cba61c95b8d3f03439/volumes/477a2c8c-2f12-472b-88aa-62fd57e574d4 returned with HTTP 200
2022-02-18 18:05:01.681 21 INFO cinder.api.openstack.wsgi [req-dc9e5dac-29bb-45ae-99f6-098b4e0df511 b31c59043b7143ca87d97059239352fe fb8a4832810640cba61c95b8d3f03439 - default default] DELETE http://[LB_IP_ADDRESS]:8776/v3/fb8a4832810640cba61c95b8d3f03439/attachments/d5b2d368-7d87-4bb0-8fd5-f04783c4f126
2022-02-18 18:05:02.668 22 INFO cinder.api.openstack.wsgi [req-8ba039fb-489f-4ac5-8af2-5f1b5ac17c4a 229ffc3d6afe43a2a8f526fa3862c7e2 af6fa752890040a1803f7a9d1ff4ce19 - default default] POST http://[LB_IP_ADDRESS]:8776/v3/af6fa752890040a1803f7a9d1ff4ce19/volumes
2022-02-18 18:05:02.670 22 INFO cinder.api.v3.volumes [req-8ba039fb-489f-4ac5-8af2-5f1b5ac17c4a 229ffc3d6afe43a2a8f526fa3862c7e2 af6fa752890040a1803f7a9d1ff4ce19 - default default] Create volume of 1 GB
2022-02-18 18:05:02.677 22 INFO cinder.volume.api [req-8ba039fb-489f-4ac5-8af2-5f1b5ac17c4a 229ffc3d6afe43a2a8f526fa3862c7e2 af6fa752890040a1803f7a9d1ff4ce19 - default default] Availability Zones retrieved successfully.
2022-02-18 18:05:02.925 21 INFO cinder.api.openstack.wsgi [req-dc9e5dac-29bb-45ae-99f6-098b4e0df511 b31c59043b7143ca87d97059239352fe fb8a4832810640cba61c95b8d3f03439 - default default] http://[LB_IP_ADDRESS]:8776/v3/fb8a4832810640cba61c95b8d3f03439/attachments/d5b2d368-7d87-4bb0-8fd5-f04783c4f126 returned with HTTP 200
2022-02-18 18:05:02.968 22 INFO cinder.volume.api [req-8ba039fb-489f-4ac5-8af2-5f1b5ac17c4a 229ffc3d6afe43a2a8f526fa3862c7e2 af6fa752890040a1803f7a9d1ff4ce19 - default default] Create volume request issued successfully.
2022-02-18 18:05:02.970 22 INFO cinder.api.openstack.wsgi [req-8ba039fb-489f-4ac5-8af2-5f1b5ac17c4a 229ffc3d6afe43a2a8f526fa3862c7e2 af6fa752890040a1803f7a9d1ff4ce19 - default default] http://[LB_IP_ADDRESS]:8776/v3/af6fa752890040a1803f7a9d1ff4ce19/volumes returned with HTTP 202
2022-02-18 18:05:02.990 23 INFO cinder.api.openstack.wsgi [req-2f930170-6af6-4fc4-8163-f604881bb353 229ffc3d6afe43a2a8f526fa3862c7e2 af6fa752890040a1803f7a9d1ff4ce19 - default default] GET http://[LB_IP_ADDRESS]:8776/v3/af6fa752890040a1803f7a9d1ff4ce19/volumes/880f6c73-8775-459f-a3d3-48df327b9fc1
2022-02-18 18:05:03.012 23 INFO cinder.volume.api [req-2f930170-6af6-4fc4-8163-f604881bb353 229ffc3d6afe43a2a8f526fa3862c7e2 af6fa752890040a1803f7a9d1ff4ce19 - default default] Volume info retrieved successfully.
2022-02-18 18:05:03.018 23 INFO cinder.api.openstack.wsgi [req-2f930170-6af6-4fc4-8163-f604881bb353 229ffc3d6afe43a2a8f526fa3862c7e2 af6fa752890040a1803f7a9d1ff4ce19 - default default] http://[LB_IP_ADDRESS]:8776/v3/af6fa752890040a1803f7a9d1ff4ce19/volumes/880f6c73-8775-459f-a3d3-48df327b9fc1 returned with HTTP 200
2022-02-18 18:05:03.397 20 INFO cinder.api.openstack.wsgi [req-592b74e7-3bc4-4e18-b492-4ba8038b6d3d b31c59043b7143ca87d97059239352fe fb8a4832810640cba61c95b8d3f03439 - default default] DELETE http://[LB_IP_ADDRESS]:8776/v3/fb8a4832810640cba61c95b8d3f03439/volumes/477a2c8c-2f12-472b-88aa-62fd57e574d4?cascade=True
2022-02-18 18:05:03.398 20 INFO cinder.api.v3.volumes [req-592b74e7-3bc4-4e18-b492-4ba8038b6d3d b31c59043b7143ca87d97059239352fe fb8a4832810640cba61c95b8d3f03439 - default default] Delete volume with id: 477a2c8c-2f12-472b-88aa-62fd57e574d4 
2022-02-18 18:05:03.416 20 INFO cinder.volume.api [req-592b74e7-3bc4-4e18-b492-4ba8038b6d3d b31c59043b7143ca87d97059239352fe fb8a4832810640cba61c95b8d3f03439 - default default] Volume info retrieved successfully.
2022-02-18 18:05:03.469 20 INFO cinder.volume.api [req-592b74e7-3bc4-4e18-b492-4ba8038b6d3d b31c59043b7143ca87d97059239352fe fb8a4832810640cba61c95b8d3f03439 - default default] Delete volume request issued successfully.
2022-02-18 18:05:03.470 20 INFO cinder.api.openstack.wsgi [req-592b74e7-3bc4-4e18-b492-4ba8038b6d3d b31c59043b7143ca87d97059239352fe fb8a4832810640cba61c95b8d3f03439 - default default] http://[LB_IP_ADDRESS]:8776/v3/fb8a4832810640cba61c95b8d3f03439/volumes/477a2c8c-2f12-472b-88aa-62fd57e574d4?cascade=True returned with HTTP 202
2022-02-18 18:05:03.481 19 INFO cinder.api.openstack.wsgi [req-dc2da88f-de43-439f-a9b7-34002157d99a b31c59043b7143ca87d97059239352fe fb8a4832810640cba61c95b8d3f03439 - default default] GET http://[LB_IP_ADDRESS]:8776/v3/fb8a4832810640cba61c95b8d3f03439/volumes/477a2c8c-2f12-472b-88aa-62fd57e574d4
2022-02-18 18:05:03.508 19 INFO cinder.volume.api [req-dc2da88f-de43-439f-a9b7-34002157d99a b31c59043b7143ca87d97059239352fe fb8a4832810640cba61c95b8d3f03439 - default default] Volume info retrieved successfully.
2022-02-18 18:05:03.518 19 INFO cinder.api.openstack.wsgi [req-dc2da88f-de43-439f-a9b7-34002157d99a b31c59043b7143ca87d97059239352fe fb8a4832810640cba61c95b8d3f03439 - default default] http://[LB_IP_ADDRESS]:8776/v3/fb8a4832810640cba61c95b8d3f03439/volumes/477a2c8c-2f12-472b-88aa-62fd57e574d4 returned with HTTP 200
2022-02-18 18:05:03.699 21 INFO cinder.api.openstack.wsgi [req-7df1c769-3cbd-4c65-b9a9-be2c89c2da54 748e25003dd64ad6830f8d33f634ee3a f53a7e5e84e14b1993d4df8f3a2ea386 - default default] POST http://[LB_IP_ADDRESS]:8776/v3/f53a7e5e84e14b1993d4df8f3a2ea386/types
2022-02-18 18:05:03.729 21 INFO cinder.api.openstack.wsgi [req-7df1c769-3cbd-4c65-b9a9-be2c89c2da54 748e25003dd64ad6830f8d33f634ee3a f53a7e5e84e14b1993d4df8f3a2ea386 - default default] http://[LB_IP_ADDRESS]:8776/v3/f53a7e5e84e14b1993d4df8f3a2ea386/types returned with HTTP 200
2022-02-18 18:05:03.744 22 INFO cinder.api.openstack.wsgi [req-d455ccbe-9982-405f-9f49-7d07a8d1bdb5 748e25003dd64ad6830f8d33f634ee3a f53a7e5e84e14b1993d4df8f3a2ea386 - default default] POST http://[LB_IP_ADDRESS]:8776/v3/f53a7e5e84e14b1993d4df8f3a2ea386/group_types
2022-02-18 18:05:03.772 22 INFO cinder.api.openstack.wsgi [req-d455ccbe-9982-405f-9f49-7d07a8d1bdb5 748e25003dd64ad6830f8d33f634ee3a f53a7e5e84e14b1993d4df8f3a2ea386 - default default] http://[LB_IP_ADDRESS]:8776/v3/f53a7e5e84e14b1993d4df8f3a2ea386/group_types returned with HTTP 202
2022-02-18 18:05:03.937 23 INFO cinder.api.openstack.wsgi [req-4d63a9d1-0858-4ee4-aa27-83cc0e31fcb0 571233fe9f1744d68ae7885d9b196645 402b9d4a674a49c5ad9409b2bccd7046 - default default] POST http://[LB_IP_ADDRESS]:8776/v3/402b9d4a674a49c5ad9409b2bccd7046/groups
2022-02-18 18:05:03.945 23 INFO cinder.api.v3.groups [req-4d63a9d1-0858-4ee4-aa27-83cc0e31fcb0 571233fe9f1744d68ae7885d9b196645 402b9d4a674a49c5ad9409b2bccd7046 - default default] Creating group tempest-GroupSnapshotsTest-Group-287435197.
2022-02-18 18:05:03.954 23 INFO cinder.volume.api [req-4d63a9d1-0858-4ee4-aa27-83cc0e31fcb0 571233fe9f1744d68ae7885d9b196645 402b9d4a674a49c5ad9409b2bccd7046 - default default] Availability Zones retrieved successfully.
2022-02-18 18:05:04.028 23 INFO cinder.api.openstack.wsgi [req-4d63a9d1-0858-4ee4-aa27-83cc0e31fcb0 571233fe9f1744d68ae7885d9b196645 402b9d4a674a49c5ad9409b2bccd7046 - default default] http://[LB_IP_ADDRESS]:8776/v3/402b9d4a674a49c5ad9409b2bccd7046/groups returned with HTTP 202
2022-02-18 18:05:04.039 20 INFO cinder.api.openstack.wsgi [req-4f0413e5-db08-4699-b1fa-f91f8c6a95b0 229ffc3d6afe43a2a8f526fa3862c7e2 af6fa752890040a1803f7a9d1ff4ce19 - default default] GET http://[LB_IP_ADDRESS]:8776/v3/af6fa752890040a1803f7a9d1ff4ce19/volumes/880f6c73-8775-459f-a3d3-48df327b9fc1
2022-02-18 18:05:04.041 19 INFO cinder.api.openstack.wsgi [req-66dcd7b3-4d0c-4990-84a4-cfda6c37c8c4 571233fe9f1744d68ae7885d9b196645 402b9d4a674a49c5ad9409b2bccd7046 - default default] GET http://[LB_IP_ADDRESS]:8776/v3/402b9d4a674a49c5ad9409b2bccd7046/groups/fa95c0ad-82ec-4bdf-ac20-de9cac8dc690
2022-02-18 18:05:04.062 19 INFO cinder.api.openstack.wsgi [req-66dcd7b3-4d0c-4990-84a4-cfda6c37c8c4 571233fe9f1744d68ae7885d9b196645 402b9d4a674a49c5ad9409b2bccd7046 - default default] http://[LB_IP_ADDRESS]:8776/v3/402b9d4a674a49c5ad9409b2bccd7046/groups/fa95c0ad-82ec-4bdf-ac20-de9cac8dc690 returned with HTTP 200
2022-02-18 18:05:04.063 20 INFO cinder.volume.api [req-4f0413e5-db08-4699-b1fa-f91f8c6a95b0 229ffc3d6afe43a2a8f526fa3862c7e2 af6fa752890040a1803f7a9d1ff4ce19 - default default] Volume info retrieved successfully.
2022-02-18 18:05:04.070 20 INFO cinder.api.openstack.wsgi [req-4f0413e5-db08-4699-b1fa-f91f8c6a95b0 229ffc3d6afe43a2a8f526fa3862c7e2 af6fa752890040a1803f7a9d1ff4ce19 - default default] http://[LB_IP_ADDRESS]:8776/v3/af6fa752890040a1803f7a9d1ff4ce19/volumes/880f6c73-8775-459f-a3d3-48df327b9fc1 returned with HTTP 200
2022-02-18 18:05:04.540 21 INFO cinder.api.openstack.wsgi [req-1c4941b2-35da-47b4-bd4a-8f3fd3230c06 b31c59043b7143ca87d97059239352fe fb8a4832810640cba61c95b8d3f03439 - default default] GET http://[LB_IP_ADDRESS]:8776/v3/fb8a4832810640cba61c95b8d3f03439/volumes/477a2c8c-2f12-472b-88aa-62fd57e574d4
2022-02-18 18:05:04.555 21 INFO cinder.api.openstack.wsgi [req-1c4941b2-35da-47b4-bd4a-8f3fd3230c06 b31c59043b7143ca87d97059239352fe fb8a4832810640cba61c95b8d3f03439 - default default] http://[LB_IP_ADDRESS]:8776/v3/fb8a4832810640cba61c95b8d3f03439/volumes/477a2c8c-2f12-472b-88aa-62fd57e574d4 returned with HTTP 404
2022-02-18 18:05:04.738 22 INFO cinder.api.openstack.wsgi [req-8c7cd8a9-33d9-4487-98e2-75b1906a83f8 b31c59043b7143ca87d97059239352fe fb8a4832810640cba61c95b8d3f03439 - default default] DELETE http://[LB_IP_ADDRESS]:8776/v3/fb8a4832810640cba61c95b8d3f03439/volumes/477a2c8c-2f12-472b-88aa-62fd57e574d4
2022-02-18 18:05:04.740 22 INFO cinder.api.v3.volumes [req-8c7cd8a9-33d9-4487-98e2-75b1906a83f8 b31c59043b7143ca87d97059239352fe fb8a4832810640cba61c95b8d3f03439 - default default] Delete volume with id: 477a2c8c-2f12-472b-88aa-62fd57e574d4 
2022-02-18 18:05:04.755 22 INFO cinder.api.openstack.wsgi [req-8c7cd8a9-33d9-4487-98e2-75b1906a83f8 b31c59043b7143ca87d97059239352fe fb8a4832810640cba61c95b8d3f03439 - default default] http://[LB_IP_ADDRESS]:8776/v3/fb8a4832810640cba61c95b8d3f03439/volumes/477a2c8c-2f12-472b-88aa-62fd57e574d4 returned with HTTP 404
2022-02-18 18:05:04.767 23 INFO cinder.api.openstack.wsgi [req-7952fffc-f4d0-42af-a940-48d01ff55559 b31c59043b7143ca87d97059239352fe fb8a4832810640cba61c95b8d3f03439 - default default] GET http://[LB_IP_ADDRESS]:8776/v3/fb8a4832810640cba61c95b8d3f03439/volumes/477a2c8c-2f12-472b-88aa-62fd57e574d4
2022-02-18 18:05:04.782 23 INFO cinder.api.openstack.wsgi [req-7952fffc-f4d0-42af-a940-48d01ff55559 b31c59043b7143ca87d97059239352fe fb8a4832810640cba61c95b8d3f03439 - default default] http://[LB_IP_ADDRESS]:8776/v3/fb8a4832810640cba61c95b8d3f03439/volumes/477a2c8c-2f12-472b-88aa-62fd57e574d4 returned with HTTP 404
2022-02-18 18:05:04.793 19 INFO cinder.api.openstack.wsgi [req-ea32f373-7dab-425a-a1c6-56e8815a4267 b31c59043b7143ca87d97059239352fe fb8a4832810640cba61c95b8d3f03439 - default default] DELETE http://[LB_IP_ADDRESS]:8776/v3/fb8a4832810640cba61c95b8d3f03439/volumes/3441d00a-991c-4a96-9441-058a97d335e6
2022-02-18 18:05:04.794 19 INFO cinder.api.v3.volumes [req-ea32f373-7dab-425a-a1c6-56e8815a4267 b31c59043b7143ca87d97059239352fe fb8a4832810640cba61c95b8d3f03439 - default default] Delete volume with id: 3441d00a-991c-4a96-9441-058a97d335e6 
2022-02-18 18:05:04.812 19 INFO cinder.volume.api [req-ea32f373-7dab-425a-a1c6-56e8815a4267 b31c59043b7143ca87d97059239352fe fb8a4832810640cba61c95b8d3f03439 - default default] Volume info retrieved successfully.
2022-02-18 18:05:04.838 19 INFO cinder.volume.api [req-ea32f373-7dab-425a-a1c6-56e8815a4267 b31c59043b7143ca87d97059239352fe fb8a4832810640cba61c95b8d3f03439 - default default] Delete volume request issued successfully.
2022-02-18 18:05:04.839 19 INFO cinder.api.openstack.wsgi [req-ea32f373-7dab-425a-a1c6-56e8815a4267 b31c59043b7143ca87d97059239352fe fb8a4832810640cba61c95b8d3f03439 - default default] http://[LB_IP_ADDRESS]:8776/v3/fb8a4832810640cba61c95b8d3f03439/volumes/3441d00a-991c-4a96-9441-058a97d335e6 returned with HTTP 202
2022-02-18 18:05:04.850 20 INFO cinder.api.openstack.wsgi [req-e9ffb9c0-dc4c-4059-bfe1-f11bca2713a8 b31c59043b7143ca87d97059239352fe fb8a4832810640cba61c95b8d3f03439 - default default] GET http://[LB_IP_ADDRESS]:8776/v3/fb8a4832810640cba61c95b8d3f03439/volumes/3441d00a-991c-4a96-9441-058a97d335e6
2022-02-18 18:05:04.874 20 INFO cinder.volume.api [req-e9ffb9c0-dc4c-4059-bfe1-f11bca2713a8 b31c59043b7143ca87d97059239352fe fb8a4832810640cba61c95b8d3f03439 - default default] Volume info retrieved successfully.
2022-02-18 18:05:04.881 20 INFO cinder.api.openstack.wsgi [req-e9ffb9c0-dc4c-4059-bfe1-f11bca2713a8 b31c59043b7143ca87d97059239352fe fb8a4832810640cba61c95b8d3f03439 - default default] http://[LB_IP_ADDRESS]:8776/v3/fb8a4832810640cba61c95b8d3f03439/volumes/3441d00a-991c-4a96-9441-058a97d335e6 returned with HTTP 200
2022-02-18 18:05:05.078 21 INFO cinder.api.openstack.wsgi [req-5eaba323-d04e-48e0-a396-15c8786b4e58 571233fe9f1744d68ae7885d9b196645 402b9d4a674a49c5ad9409b2bccd7046 - default default] GET http://[LB_IP_ADDRESS]:8776/v3/402b9d4a674a49c5ad9409b2bccd7046/groups/fa95c0ad-82ec-4bdf-ac20-de9cac8dc690
2022-02-18 18:05:05.091 22 INFO cinder.api.openstack.wsgi [req-de187600-79e7-4d80-b5af-a9610eacd1f0 229ffc3d6afe43a2a8f526fa3862c7e2 af6fa752890040a1803f7a9d1ff4ce19 - default default] GET http://[LB_IP_ADDRESS]:8776/v3/af6fa752890040a1803f7a9d1ff4ce19/volumes/880f6c73-8775-459f-a3d3-48df327b9fc1
2022-02-18 18:05:05.101 21 INFO cinder.api.openstack.wsgi [req-5eaba323-d04e-48e0-a396-15c8786b4e58 571233fe9f1744d68ae7885d9b196645 402b9d4a674a49c5ad9409b2bccd7046 - default default] http://[LB_IP_ADDRESS]:8776/v3/402b9d4a674a49c5ad9409b2bccd7046/groups/fa95c0ad-82ec-4bdf-ac20-de9cac8dc690 returned with HTTP 200
2022-02-18 18:05:05.114 22 INFO cinder.volume.api [req-de187600-79e7-4d80-b5af-a9610eacd1f0 229ffc3d6afe43a2a8f526fa3862c7e2 af6fa752890040a1803f7a9d1ff4ce19 - default default] Volume info retrieved successfully.
2022-02-18 18:05:05.116 23 INFO cinder.api.openstack.wsgi [req-3c0a7f17-8554-42c8-a9ca-9ffa4eb52f0c 571233fe9f1744d68ae7885d9b196645 402b9d4a674a49c5ad9409b2bccd7046 - default default] POST http://[LB_IP_ADDRESS]:8776/v3/402b9d4a674a49c5ad9409b2bccd7046/volumes
2022-02-18 18:05:05.122 22 INFO cinder.api.openstack.wsgi [req-de187600-79e7-4d80-b5af-a9610eacd1f0 229ffc3d6afe43a2a8f526fa3862c7e2 af6fa752890040a1803f7a9d1ff4ce19 - default default] http://[LB_IP_ADDRESS]:8776/v3/af6fa752890040a1803f7a9d1ff4ce19/volumes/880f6c73-8775-459f-a3d3-48df327b9fc1 returned with HTTP 200
2022-02-18 18:05:05.130 23 INFO cinder.api.v3.volumes [req-3c0a7f17-8554-42c8-a9ca-9ffa4eb52f0c 571233fe9f1744d68ae7885d9b196645 402b9d4a674a49c5ad9409b2bccd7046 - default default] Create volume of 1 GB
2022-02-18 18:05:05.139 23 INFO cinder.volume.api [req-3c0a7f17-8554-42c8-a9ca-9ffa4eb52f0c 571233fe9f1744d68ae7885d9b196645 402b9d4a674a49c5ad9409b2bccd7046 - default default] Availability Zones retrieved successfully.
2022-02-18 18:05:05.260 23 WARNING cinder.quota [req-3c0a7f17-8554-42c8-a9ca-9ffa4eb52f0c 571233fe9f1744d68ae7885d9b196645 402b9d4a674a49c5ad9409b2bccd7046 - default default] Deprecated: Default quota for resource: volumes_tempest-GroupSnapshotsTest-volume-type-1372889724 is set by the default quota flag: quota_volumes_tempest-GroupSnapshotsTest-volume-type-1372889724, it is now deprecated. Please use the default quota class for default quota.
2022-02-18 18:05:05.261 23 WARNING cinder.quota [req-3c0a7f17-8554-42c8-a9ca-9ffa4eb52f0c 571233fe9f1744d68ae7885d9b196645 402b9d4a674a49c5ad9409b2bccd7046 - default default] Deprecated: Default quota for resource: gigabytes_tempest-GroupSnapshotsTest-volume-type-1372889724 is set by the default quota flag: quota_gigabytes_tempest-GroupSnapshotsTest-volume-type-1372889724, it is now deprecated. Please use the default quota class for default quota.
2022-02-18 18:05:05.421 23 INFO cinder.volume.api [req-3c0a7f17-8554-42c8-a9ca-9ffa4eb52f0c 571233fe9f1744d68ae7885d9b196645 402b9d4a674a49c5ad9409b2bccd7046 - default default] Create volume request issued successfully.
2022-02-18 18:05:05.446 23 INFO cinder.api.openstack.wsgi [req-3c0a7f17-8554-42c8-a9ca-9ffa4eb52f0c 571233fe9f1744d68ae7885d9b196645 402b9d4a674a49c5ad9409b2bccd7046 - default default] http://[LB_IP_ADDRESS]:8776/v3/402b9d4a674a49c5ad9409b2bccd7046/volumes returned with HTTP 202
2022-02-18 18:05:05.466 19 INFO cinder.api.openstack.wsgi [req-efc07dea-99cc-489b-a693-ae91d816e6a3 571233fe9f1744d68ae7885d9b196645 402b9d4a674a49c5ad9409b2bccd7046 - default default] GET http://[LB_IP_ADDRESS]:8776/v3/402b9d4a674a49c5ad9409b2bccd7046/volumes/f3d9c8bb-4700-4031-9f76-7b5dd2ec7c3d
2022-02-18 18:05:05.492 19 INFO cinder.volume.api [req-efc07dea-99cc-489b-a693-ae91d816e6a3 571233fe9f1744d68ae7885d9b196645 402b9d4a674a49c5ad9409b2bccd7046 - default default] Volume info retrieved successfully.
2022-02-18 18:05:05.516 19 INFO cinder.api.openstack.wsgi [req-efc07dea-99cc-489b-a693-ae91d816e6a3 571233fe9f1744d68ae7885d9b196645 402b9d4a674a49c5ad9409b2bccd7046 - default default] http://[LB_IP_ADDRESS]:8776/v3/402b9d4a674a49c5ad9409b2bccd7046/volumes/f3d9c8bb-4700-4031-9f76-7b5dd2ec7c3d returned with HTTP 200
2022-02-18 18:05:05.902 20 INFO cinder.api.openstack.wsgi [req-f81b3350-2c0a-4b84-af42-3ebe04dc3c14 b31c59043b7143ca87d97059239352fe fb8a4832810640cba61c95b8d3f03439 - default default] GET http://[LB_IP_ADDRESS]:8776/v3/fb8a4832810640cba61c95b8d3f03439/volumes/3441d00a-991c-4a96-9441-058a97d335e6
2022-02-18 18:05:05.915 20 INFO cinder.api.openstack.wsgi [req-f81b3350-2c0a-4b84-af42-3ebe04dc3c14 b31c59043b7143ca87d97059239352fe fb8a4832810640cba61c95b8d3f03439 - default default] http://[LB_IP_ADDRESS]:8776/v3/fb8a4832810640cba61c95b8d3f03439/volumes/3441d00a-991c-4a96-9441-058a97d335e6 returned with HTTP 404
2022-02-18 18:05:06.537 21 INFO cinder.api.openstack.wsgi [req-ffb080a6-8a5c-41ff-83a4-d5da9daf7a7d 571233fe9f1744d68ae7885d9b196645 402b9d4a674a49c5ad9409b2bccd7046 - default default] GET http://[LB_IP_ADDRESS]:8776/v3/402b9d4a674a49c5ad9409b2bccd7046/volumes/f3d9c8bb-4700-4031-9f76-7b5dd2ec7c3d
2022-02-18 18:05:06.562 21 INFO cinder.volume.api [req-ffb080a6-8a5c-41ff-83a4-d5da9daf7a7d 571233fe9f1744d68ae7885d9b196645 402b9d4a674a49c5ad9409b2bccd7046 - default default] Volume info retrieved successfully.
2022-02-18 18:05:06.584 21 INFO cinder.api.openstack.wsgi [req-ffb080a6-8a5c-41ff-83a4-d5da9daf7a7d 571233fe9f1744d68ae7885d9b196645 402b9d4a674a49c5ad9409b2bccd7046 - default default] http://[LB_IP_ADDRESS]:8776/v3/402b9d4a674a49c5ad9409b2bccd7046/volumes/f3d9c8bb-4700-4031-9f76-7b5dd2ec7c3d returned with HTTP 200
2022-02-18 18:05:07.605 22 INFO cinder.api.openstack.wsgi [req-0e37be64-6909-4dbf-a27f-c15bbacf3359 571233fe9f1744d68ae7885d9b196645 402b9d4a674a49c5ad9409b2bccd7046 - default default] GET http://[LB_IP_ADDRESS]:8776/v3/402b9d4a674a49c5ad9409b2bccd7046/volumes/f3d9c8bb-4700-4031-9f76-7b5dd2ec7c3d
2022-02-18 18:05:07.629 22 INFO cinder.volume.api [req-0e37be64-6909-4dbf-a27f-c15bbacf3359 571233fe9f1744d68ae7885d9b196645 402b9d4a674a49c5ad9409b2bccd7046 - default default] Volume info retrieved successfully.
2022-02-18 18:05:07.656 22 INFO cinder.api.openstack.wsgi [req-0e37be64-6909-4dbf-a27f-c15bbacf3359 571233fe9f1744d68ae7885d9b196645 402b9d4a674a49c5ad9409b2bccd7046 - default default] http://[LB_IP_ADDRESS]:8776/v3/402b9d4a674a49c5ad9409b2bccd7046/volumes/f3d9c8bb-4700-4031-9f76-7b5dd2ec7c3d returned with HTTP 200
2022-02-18 18:05:07.678 23 INFO cinder.api.openstack.wsgi [req-156e88d0-10d6-4b12-916a-88ee31fb5765 571233fe9f1744d68ae7885d9b196645 402b9d4a674a49c5ad9409b2bccd7046 - default default] POST http://[LB_IP_ADDRESS]:8776/v3/402b9d4a674a49c5ad9409b2bccd7046/group_snapshots
2022-02-18 18:05:07.693 23 INFO cinder.api.v3.group_snapshots [req-156e88d0-10d6-4b12-916a-88ee31fb5765 571233fe9f1744d68ae7885d9b196645 402b9d4a674a49c5ad9409b2bccd7046 - default default] Creating group_snapshot tempest-group_snapshot-689055490.
2022-02-18 18:05:07.762 23 WARNING cinder.quota [req-156e88d0-10d6-4b12-916a-88ee31fb5765 571233fe9f1744d68ae7885d9b196645 402b9d4a674a49c5ad9409b2bccd7046 - default default] Deprecated: Default quota for resource: snapshots_tempest-GroupSnapshotsTest-volume-type-1372889724 is set by the default quota flag: quota_snapshots_tempest-GroupSnapshotsTest-volume-type-1372889724, it is now deprecated. Please use the default quota class for default quota.
2022-02-18 18:05:07.833 23 INFO cinder.api.openstack.wsgi [req-156e88d0-10d6-4b12-916a-88ee31fb5765 571233fe9f1744d68ae7885d9b196645 402b9d4a674a49c5ad9409b2bccd7046 - default default] http://[LB_IP_ADDRESS]:8776/v3/402b9d4a674a49c5ad9409b2bccd7046/group_snapshots returned with HTTP 202
2022-02-18 18:05:07.848 19 INFO cinder.api.openstack.wsgi [req-83331414-9ee8-4b31-adba-381babfe3d3f 571233fe9f1744d68ae7885d9b196645 402b9d4a674a49c5ad9409b2bccd7046 - default default] GET http://[LB_IP_ADDRESS]:8776/v3/402b9d4a674a49c5ad9409b2bccd7046/group_snapshots/fd180e86-ce05-41b1-9d81-6c686acaf620
2022-02-18 18:05:07.863 19 INFO cinder.api.openstack.wsgi [req-83331414-9ee8-4b31-adba-381babfe3d3f 571233fe9f1744d68ae7885d9b196645 402b9d4a674a49c5ad9409b2bccd7046 - default default] http://[LB_IP_ADDRESS]:8776/v3/402b9d4a674a49c5ad9409b2bccd7046/group_snapshots/fd180e86-ce05-41b1-9d81-6c686acaf620 returned with HTTP 200
2022-02-18 18:05:08.880 20 INFO cinder.api.openstack.wsgi [req-50a74b18-fd56-4f0c-a76f-2164d5863902 571233fe9f1744d68ae7885d9b196645 402b9d4a674a49c5ad9409b2bccd7046 - default default] GET http://[LB_IP_ADDRESS]:8776/v3/402b9d4a674a49c5ad9409b2bccd7046/group_snapshots/fd180e86-ce05-41b1-9d81-6c686acaf620
2022-02-18 18:05:08.900 20 INFO cinder.api.openstack.wsgi [req-50a74b18-fd56-4f0c-a76f-2164d5863902 571233fe9f1744d68ae7885d9b196645 402b9d4a674a49c5ad9409b2bccd7046 - default default] http://[LB_IP_ADDRESS]:8776/v3/402b9d4a674a49c5ad9409b2bccd7046/group_snapshots/fd180e86-ce05-41b1-9d81-6c686acaf620 returned with HTTP 200
2022-02-18 18:05:08.932 21 INFO cinder.api.openstack.wsgi [req-a7031d45-05a5-4231-9c75-4eb926cde080 b31c59043b7143ca87d97059239352fe fb8a4832810640cba61c95b8d3f03439 - default default] GET http://[LB_IP_ADDRESS]:8776/v3/fb8a4832810640cba61c95b8d3f03439/volumes/2b9aa2ca-30a1-4279-ac95-633ce4f3e8eb
2022-02-18 18:05:08.974 21 INFO cinder.volume.api [req-a7031d45-05a5-4231-9c75-4eb926cde080 b31c59043b7143ca87d97059239352fe fb8a4832810640cba61c95b8d3f03439 - default default] Volume info retrieved successfully.
2022-02-18 18:05:08.983 21 INFO cinder.api.openstack.wsgi [req-a7031d45-05a5-4231-9c75-4eb926cde080 b31c59043b7143ca87d97059239352fe fb8a4832810640cba61c95b8d3f03439 - default default] http://[LB_IP_ADDRESS]:8776/v3/fb8a4832810640cba61c95b8d3f03439/volumes/2b9aa2ca-30a1-4279-ac95-633ce4f3e8eb returned with HTTP 200
2022-02-18 18:05:09.157 22 INFO cinder.api.openstack.wsgi [req-f16cfa27-18a2-40d0-8da9-0b401d153f58 b31c59043b7143ca87d97059239352fe fb8a4832810640cba61c95b8d3f03439 - default default] DELETE http://[LB_IP_ADDRESS]:8776/v3/fb8a4832810640cba61c95b8d3f03439/attachments/81c9b80f-f202-46db-80f6-752fd6593705
2022-02-18 18:05:09.918 23 INFO cinder.api.openstack.wsgi [req-feb37a27-4437-4925-a2ab-59ac94182525 571233fe9f1744d68ae7885d9b196645 402b9d4a674a49c5ad9409b2bccd7046 - default default] GET http://[LB_IP_ADDRESS]:8776/v3/402b9d4a674a49c5ad9409b2bccd7046/group_snapshots/fd180e86-ce05-41b1-9d81-6c686acaf620
2022-02-18 18:05:09.933 23 INFO cinder.api.openstack.wsgi [req-feb37a27-4437-4925-a2ab-59ac94182525 571233fe9f1744d68ae7885d9b196645 402b9d4a674a49c5ad9409b2bccd7046 - default default] http://[LB_IP_ADDRESS]:8776/v3/402b9d4a674a49c5ad9409b2bccd7046/group_snapshots/fd180e86-ce05-41b1-9d81-6c686acaf620 returned with HTTP 200
2022-02-18 18:05:09.946 19 INFO cinder.api.openstack.wsgi [req-4da53163-fc0e-4e69-b2d7-bc3280dceed0 571233fe9f1744d68ae7885d9b196645 402b9d4a674a49c5ad9409b2bccd7046 - default default] GET http://[LB_IP_ADDRESS]:8776/v3/402b9d4a674a49c5ad9409b2bccd7046/snapshots/detail
2022-02-18 18:05:09.959 19 INFO cinder.volume.api [req-4da53163-fc0e-4e69-b2d7-bc3280dceed0 571233fe9f1744d68ae7885d9b196645 402b9d4a674a49c5ad9409b2bccd7046 - default default] Get all snapshots completed successfully.
2022-02-18 18:05:09.961 19 INFO cinder.api.openstack.wsgi [req-4da53163-fc0e-4e69-b2d7-bc3280dceed0 571233fe9f1744d68ae7885d9b196645 402b9d4a674a49c5ad9409b2bccd7046 - default default] http://[LB_IP_ADDRESS]:8776/v3/402b9d4a674a49c5ad9409b2bccd7046/snapshots/detail returned with HTTP 200
2022-02-18 18:05:09.977 20 INFO cinder.api.openstack.wsgi [req-84e6f57f-32f8-427d-b41a-f323855f38ea 571233fe9f1744d68ae7885d9b196645 402b9d4a674a49c5ad9409b2bccd7046 - default default] GET http://[LB_IP_ADDRESS]:8776/v3/402b9d4a674a49c5ad9409b2bccd7046/snapshots/d40f3fb3-1fce-4619-8827-506054e86983
2022-02-18 18:05:09.990 20 INFO cinder.volume.api [req-84e6f57f-32f8-427d-b41a-f323855f38ea 571233fe9f1744d68ae7885d9b196645 402b9d4a674a49c5ad9409b2bccd7046 - default default] Snapshot retrieved successfully.
2022-02-18 18:05:09.992 20 INFO cinder.api.openstack.wsgi [req-84e6f57f-32f8-427d-b41a-f323855f38ea 571233fe9f1744d68ae7885d9b196645 402b9d4a674a49c5ad9409b2bccd7046 - default default] http://[LB_IP_ADDRESS]:8776/v3/402b9d4a674a49c5ad9409b2bccd7046/snapshots/d40f3fb3-1fce-4619-8827-506054e86983 returned with HTTP 200
2022-02-18 18:05:10.011 21 INFO cinder.api.openstack.wsgi [req-15642632-9af1-4871-904f-2d1b11df4ef8 571233fe9f1744d68ae7885d9b196645 402b9d4a674a49c5ad9409b2bccd7046 - default default] POST http://[LB_IP_ADDRESS]:8776/v3/402b9d4a674a49c5ad9409b2bccd7046/groups/action
2022-02-18 18:05:10.014 21 INFO cinder.api.v3.groups [req-15642632-9af1-4871-904f-2d1b11df4ef8 571233fe9f1744d68ae7885d9b196645 402b9d4a674a49c5ad9409b2bccd7046 - default default] Creating group tempest-Group_from_snap-95338610 from group_snapshot fd180e86-ce05-41b1-9d81-6c686acaf620.
2022-02-18 18:05:10.212 21 INFO cinder.group.api [req-15642632-9af1-4871-904f-2d1b11df4ef8 571233fe9f1744d68ae7885d9b196645 402b9d4a674a49c5ad9409b2bccd7046 - default default] A mapping entry already exists for group 90b8d63f-09d6-4fdc-8bf4-0ceae098f7ce and volume type f60c7e92-bedf-4a2c-85cf-2431fe59b0fa. Do not need to create again.
2022-02-18 18:05:10.214 21 INFO cinder.volume.api [req-15642632-9af1-4871-904f-2d1b11df4ef8 571233fe9f1744d68ae7885d9b196645 402b9d4a674a49c5ad9409b2bccd7046 - default default] Availability Zones retrieved successfully.
2022-02-18 18:05:10.314 23 INFO cinder.api.openstack.wsgi [req-d9ff937e-4766-4d1f-bc8f-109bc93a2965 229ffc3d6afe43a2a8f526fa3862c7e2 af6fa752890040a1803f7a9d1ff4ce19 - default default] POST http://[LB_IP_ADDRESS]:8776/v3/af6fa752890040a1803f7a9d1ff4ce19/volumes/880f6c73-8775-459f-a3d3-48df327b9fc1/action
2022-02-18 18:05:10.333 23 INFO cinder.volume.api [req-d9ff937e-4766-4d1f-bc8f-109bc93a2965 229ffc3d6afe43a2a8f526fa3862c7e2 af6fa752890040a1803f7a9d1ff4ce19 - default default] Volume info retrieved successfully.
