2025-08-08 10:07:47.973 24 INFO cinder.api.openstack.wsgi [None req-139b92b2-f0b3-41cd-af3d-0bf2349e5b1f ef6ce031ba82448a8527a00a64abee27 b5f0662e4d6f439082fe969fe9a2f393 - - default default] DELETE http://[LB_IP_ADDRESS]:8776/v3/b5f0662e4d6f439082fe969fe9a2f393/group_snapshots/94afd3c0-5615-4971-91ec-d8f755e1b31b
2025-08-08 10:07:47.974 24 INFO cinder.api.v3.group_snapshots [None req-139b92b2-f0b3-41cd-af3d-0bf2349e5b1f ef6ce031ba82448a8527a00a64abee27 b5f0662e4d6f439082fe969fe9a2f393 - - default default] Delete group_snapshot with id: 94afd3c0-5615-4971-91ec-d8f755e1b31b
2025-08-08 10:07:48.031 24 INFO cinder.api.openstack.wsgi [None req-139b92b2-f0b3-41cd-af3d-0bf2349e5b1f ef6ce031ba82448a8527a00a64abee27 b5f0662e4d6f439082fe969fe9a2f393 - - default default] http://[LB_IP_ADDRESS]:8776/v3/b5f0662e4d6f439082fe969fe9a2f393/group_snapshots/94afd3c0-5615-4971-91ec-d8f755e1b31b returned with HTTP 202
2025-08-08 10:07:48.042 21 INFO cinder.api.openstack.wsgi [None req-e6776832-f77b-445a-9fc3-f1d93e1151f5 ef6ce031ba82448a8527a00a64abee27 b5f0662e4d6f439082fe969fe9a2f393 - - default default] GET http://[LB_IP_ADDRESS]:8776/v3/b5f0662e4d6f439082fe969fe9a2f393/volumes/detail
2025-08-08 10:07:48.058 21 INFO cinder.volume.api [None req-e6776832-f77b-445a-9fc3-f1d93e1151f5 ef6ce031ba82448a8527a00a64abee27 b5f0662e4d6f439082fe969fe9a2f393 - - default default] Get all volumes completed successfully.
2025-08-08 10:07:48.081 21 INFO cinder.api.openstack.wsgi [None req-e6776832-f77b-445a-9fc3-f1d93e1151f5 ef6ce031ba82448a8527a00a64abee27 b5f0662e4d6f439082fe969fe9a2f393 - - default default] http://[LB_IP_ADDRESS]:8776/v3/b5f0662e4d6f439082fe969fe9a2f393/volumes/detail returned with HTTP 200
2025-08-08 10:07:48.111 23 INFO cinder.api.openstack.wsgi [None req-9125ce9a-7f9f-4712-86c9-aea05ac6bfb9 ef6ce031ba82448a8527a00a64abee27 b5f0662e4d6f439082fe969fe9a2f393 - - default default] GET http://[LB_IP_ADDRESS]:8776/v3/b5f0662e4d6f439082fe969fe9a2f393/snapshots/detail
2025-08-08 10:07:48.124 23 INFO cinder.volume.api [None req-9125ce9a-7f9f-4712-86c9-aea05ac6bfb9 ef6ce031ba82448a8527a00a64abee27 b5f0662e4d6f439082fe969fe9a2f393 - - default default] Get all snapshots completed successfully.
2025-08-08 10:07:48.126 23 INFO cinder.api.openstack.wsgi [None req-9125ce9a-7f9f-4712-86c9-aea05ac6bfb9 ef6ce031ba82448a8527a00a64abee27 b5f0662e4d6f439082fe969fe9a2f393 - - default default] http://[LB_IP_ADDRESS]:8776/v3/b5f0662e4d6f439082fe969fe9a2f393/snapshots/detail returned with HTTP 200
2025-08-08 10:07:48.144 25 INFO cinder.api.openstack.wsgi [None req-4f06496d-56cf-4449-b96e-c94d48523394 ef6ce031ba82448a8527a00a64abee27 b5f0662e4d6f439082fe969fe9a2f393 - - default default] GET http://[LB_IP_ADDRESS]:8776/v3/b5f0662e4d6f439082fe969fe9a2f393/snapshots/3ca93251-22af-41bd-b1e8-6f9f0d3b37fd
2025-08-08 10:07:48.156 25 INFO cinder.volume.api [None req-4f06496d-56cf-4449-b96e-c94d48523394 ef6ce031ba82448a8527a00a64abee27 b5f0662e4d6f439082fe969fe9a2f393 - - default default] Snapshot retrieved successfully.
2025-08-08 10:07:48.158 25 INFO cinder.api.openstack.wsgi [None req-4f06496d-56cf-4449-b96e-c94d48523394 ef6ce031ba82448a8527a00a64abee27 b5f0662e4d6f439082fe969fe9a2f393 - - default default] http://[LB_IP_ADDRESS]:8776/v3/b5f0662e4d6f439082fe969fe9a2f393/snapshots/3ca93251-22af-41bd-b1e8-6f9f0d3b37fd returned with HTTP 200
2025-08-08 10:07:48.842 22 INFO cinder.api.openstack.wsgi [None req-cdb14eb7-b92d-4eac-a0d5-229d5f093ff3 668f148075fe405e83f6a1c98a9b16d4 414d75ef6e37462db54ba304bf42f612 - - default default] GET http://[LB_IP_ADDRESS]:8776/v3/414d75ef6e37462db54ba304bf42f612/volumes/3a3ac4de-4ffe-4e08-a872-c2f71bb58262
2025-08-08 10:07:48.868 22 INFO cinder.volume.api [None req-cdb14eb7-b92d-4eac-a0d5-229d5f093ff3 668f148075fe405e83f6a1c98a9b16d4 414d75ef6e37462db54ba304bf42f612 - - default default] Volume info retrieved successfully.
2025-08-08 10:07:48.897 22 INFO cinder.api.openstack.wsgi [None req-cdb14eb7-b92d-4eac-a0d5-229d5f093ff3 668f148075fe405e83f6a1c98a9b16d4 414d75ef6e37462db54ba304bf42f612 - - default default] http://[LB_IP_ADDRESS]:8776/v3/414d75ef6e37462db54ba304bf42f612/volumes/3a3ac4de-4ffe-4e08-a872-c2f71bb58262 returned with HTTP 200
2025-08-08 10:07:49.176 24 INFO cinder.api.openstack.wsgi [None req-6474bf7a-88bf-4c66-8461-8d4bc7cd5d93 ef6ce031ba82448a8527a00a64abee27 b5f0662e4d6f439082fe969fe9a2f393 - - default default] GET http://[LB_IP_ADDRESS]:8776/v3/b5f0662e4d6f439082fe969fe9a2f393/snapshots/3ca93251-22af-41bd-b1e8-6f9f0d3b37fd
2025-08-08 10:07:49.186 24 INFO cinder.api.openstack.wsgi [None req-6474bf7a-88bf-4c66-8461-8d4bc7cd5d93 ef6ce031ba82448a8527a00a64abee27 b5f0662e4d6f439082fe969fe9a2f393 - - default default] http://[LB_IP_ADDRESS]:8776/v3/b5f0662e4d6f439082fe969fe9a2f393/snapshots/3ca93251-22af-41bd-b1e8-6f9f0d3b37fd returned with HTTP 404
2025-08-08 10:07:49.198 21 INFO cinder.api.openstack.wsgi [None req-81ddd63a-34b2-48c3-b1ba-576d5e148e3e ef6ce031ba82448a8527a00a64abee27 b5f0662e4d6f439082fe969fe9a2f393 - - default default] GET http://[LB_IP_ADDRESS]:8776/v3/b5f0662e4d6f439082fe969fe9a2f393/group_snapshots/94afd3c0-5615-4971-91ec-d8f755e1b31b
2025-08-08 10:07:49.205 21 INFO cinder.api.openstack.wsgi [None req-81ddd63a-34b2-48c3-b1ba-576d5e148e3e ef6ce031ba82448a8527a00a64abee27 b5f0662e4d6f439082fe969fe9a2f393 - - default default] http://[LB_IP_ADDRESS]:8776/v3/b5f0662e4d6f439082fe969fe9a2f393/group_snapshots/94afd3c0-5615-4971-91ec-d8f755e1b31b returned with HTTP 404
2025-08-08 10:07:49.216 23 INFO cinder.api.openstack.wsgi [None req-17198591-ef82-45b7-9f38-0211f8cd7a93 ef6ce031ba82448a8527a00a64abee27 b5f0662e4d6f439082fe969fe9a2f393 - - default default] GET http://[LB_IP_ADDRESS]:8776/v3/b5f0662e4d6f439082fe969fe9a2f393/volumes/detail
2025-08-08 10:07:49.235 23 INFO cinder.volume.api [None req-17198591-ef82-45b7-9f38-0211f8cd7a93 ef6ce031ba82448a8527a00a64abee27 b5f0662e4d6f439082fe969fe9a2f393 - - default default] Get all volumes completed successfully.
2025-08-08 10:07:49.264 23 INFO cinder.api.openstack.wsgi [None req-17198591-ef82-45b7-9f38-0211f8cd7a93 ef6ce031ba82448a8527a00a64abee27 b5f0662e4d6f439082fe969fe9a2f393 - - default default] http://[LB_IP_ADDRESS]:8776/v3/b5f0662e4d6f439082fe969fe9a2f393/volumes/detail returned with HTTP 200
2025-08-08 10:07:49.294 25 INFO cinder.api.openstack.wsgi [None req-bcf6cabe-eae2-433c-8443-83ac672b32a6 ef6ce031ba82448a8527a00a64abee27 b5f0662e4d6f439082fe969fe9a2f393 - - default default] POST http://[LB_IP_ADDRESS]:8776/v3/b5f0662e4d6f439082fe969fe9a2f393/groups/1deb5267-5e17-4c17-96d2-a936f3ab9d75/action
2025-08-08 10:07:49.298 25 INFO cinder.api.v3.groups [None req-bcf6cabe-eae2-433c-8443-83ac672b32a6 ef6ce031ba82448a8527a00a64abee27 b5f0662e4d6f439082fe969fe9a2f393 - - default default] Delete group with id: 1deb5267-5e17-4c17-96d2-a936f3ab9d75
2025-08-08 10:07:49.372 25 INFO cinder.api.openstack.wsgi [None req-bcf6cabe-eae2-433c-8443-83ac672b32a6 ef6ce031ba82448a8527a00a64abee27 b5f0662e4d6f439082fe969fe9a2f393 - - default default] http://[LB_IP_ADDRESS]:8776/v3/b5f0662e4d6f439082fe969fe9a2f393/groups/1deb5267-5e17-4c17-96d2-a936f3ab9d75/action returned with HTTP 202
2025-08-08 10:07:49.384 22 INFO cinder.api.openstack.wsgi [None req-152b5224-053e-476b-9239-87a30974af0f ef6ce031ba82448a8527a00a64abee27 b5f0662e4d6f439082fe969fe9a2f393 - - default default] GET http://[LB_IP_ADDRESS]:8776/v3/b5f0662e4d6f439082fe969fe9a2f393/volumes/63ff9103-73ed-4a83-b9fc-3ff4cab431d1
2025-08-08 10:07:49.409 22 INFO cinder.volume.api [None req-152b5224-053e-476b-9239-87a30974af0f ef6ce031ba82448a8527a00a64abee27 b5f0662e4d6f439082fe969fe9a2f393 - - default default] Volume info retrieved successfully.
2025-08-08 10:07:49.437 22 INFO cinder.api.openstack.wsgi [None req-152b5224-053e-476b-9239-87a30974af0f ef6ce031ba82448a8527a00a64abee27 b5f0662e4d6f439082fe969fe9a2f393 - - default default] http://[LB_IP_ADDRESS]:8776/v3/b5f0662e4d6f439082fe969fe9a2f393/volumes/63ff9103-73ed-4a83-b9fc-3ff4cab431d1 returned with HTTP 200
2025-08-08 10:07:49.925 24 INFO cinder.api.openstack.wsgi [None req-358180a3-f0bc-4641-b22d-14cd20634c22 668f148075fe405e83f6a1c98a9b16d4 414d75ef6e37462db54ba304bf42f612 - - default default] GET http://[LB_IP_ADDRESS]:8776/v3/414d75ef6e37462db54ba304bf42f612/volumes/3a3ac4de-4ffe-4e08-a872-c2f71bb58262
2025-08-08 10:07:49.950 24 INFO cinder.volume.api [None req-358180a3-f0bc-4641-b22d-14cd20634c22 668f148075fe405e83f6a1c98a9b16d4 414d75ef6e37462db54ba304bf42f612 - - default default] Volume info retrieved successfully.
2025-08-08 10:07:49.982 24 INFO cinder.api.openstack.wsgi [None req-358180a3-f0bc-4641-b22d-14cd20634c22 668f148075fe405e83f6a1c98a9b16d4 414d75ef6e37462db54ba304bf42f612 - - default default] http://[LB_IP_ADDRESS]:8776/v3/414d75ef6e37462db54ba304bf42f612/volumes/3a3ac4de-4ffe-4e08-a872-c2f71bb58262 returned with HTTP 200
2025-08-08 10:07:50.010 21 INFO cinder.api.openstack.wsgi [None req-65a48681-f6cf-4540-9675-687e10e9c366 668f148075fe405e83f6a1c98a9b16d4 414d75ef6e37462db54ba304bf42f612 - - default default] POST http://[LB_IP_ADDRESS]:8776/v3/414d75ef6e37462db54ba304bf42f612/volumes
2025-08-08 10:07:50.028 21 INFO cinder.api.v3.volumes [None req-65a48681-f6cf-4540-9675-687e10e9c366 668f148075fe405e83f6a1c98a9b16d4 414d75ef6e37462db54ba304bf42f612 - - default default] Create volume of 1 GB
2025-08-08 10:07:50.038 21 INFO cinder.volume.api [None req-65a48681-f6cf-4540-9675-687e10e9c366 668f148075fe405e83f6a1c98a9b16d4 414d75ef6e37462db54ba304bf42f612 - - default default] Availability Zones retrieved successfully.
2025-08-08 10:07:50.372 21 INFO cinder.volume.api [None req-65a48681-f6cf-4540-9675-687e10e9c366 668f148075fe405e83f6a1c98a9b16d4 414d75ef6e37462db54ba304bf42f612 - - default default] Create volume request issued successfully.
2025-08-08 10:07:50.399 21 INFO cinder.api.openstack.wsgi [None req-65a48681-f6cf-4540-9675-687e10e9c366 668f148075fe405e83f6a1c98a9b16d4 414d75ef6e37462db54ba304bf42f612 - - default default] http://[LB_IP_ADDRESS]:8776/v3/414d75ef6e37462db54ba304bf42f612/volumes returned with HTTP 202
2025-08-08 10:07:50.424 25 INFO cinder.api.openstack.wsgi [None req-32588668-e13c-445a-82c4-809fed0780fa 668f148075fe405e83f6a1c98a9b16d4 414d75ef6e37462db54ba304bf42f612 - - default default] GET http://[LB_IP_ADDRESS]:8776/v3/414d75ef6e37462db54ba304bf42f612/volumes/92a990a1-5ada-4f09-bf2e-dadf8af644b1
2025-08-08 10:07:50.449 25 INFO cinder.volume.api [None req-32588668-e13c-445a-82c4-809fed0780fa 668f148075fe405e83f6a1c98a9b16d4 414d75ef6e37462db54ba304bf42f612 - - default default] Volume info retrieved successfully.
2025-08-08 10:07:50.466 22 INFO cinder.api.openstack.wsgi [None req-032583bf-b6f2-468c-896f-5b19da0d69ef ef6ce031ba82448a8527a00a64abee27 b5f0662e4d6f439082fe969fe9a2f393 - - default default] GET http://[LB_IP_ADDRESS]:8776/v3/b5f0662e4d6f439082fe969fe9a2f393/volumes/63ff9103-73ed-4a83-b9fc-3ff4cab431d1
2025-08-08 10:07:50.480 22 INFO cinder.api.openstack.wsgi [None req-032583bf-b6f2-468c-896f-5b19da0d69ef ef6ce031ba82448a8527a00a64abee27 b5f0662e4d6f439082fe969fe9a2f393 - - default default] http://[LB_IP_ADDRESS]:8776/v3/b5f0662e4d6f439082fe969fe9a2f393/volumes/63ff9103-73ed-4a83-b9fc-3ff4cab431d1 returned with HTTP 404
2025-08-08 10:07:50.480 25 INFO cinder.api.openstack.wsgi [None req-32588668-e13c-445a-82c4-809fed0780fa 668f148075fe405e83f6a1c98a9b16d4 414d75ef6e37462db54ba304bf42f612 - - default default] http://[LB_IP_ADDRESS]:8776/v3/414d75ef6e37462db54ba304bf42f612/volumes/92a990a1-5ada-4f09-bf2e-dadf8af644b1 returned with HTTP 200
2025-08-08 10:07:50.493 24 INFO cinder.api.openstack.wsgi [None req-bf667bf0-bbbf-48d1-b6f4-4a3a2e7cb4fa ef6ce031ba82448a8527a00a64abee27 b5f0662e4d6f439082fe969fe9a2f393 - - default default] GET http://[LB_IP_ADDRESS]:8776/v3/b5f0662e4d6f439082fe969fe9a2f393/groups/1deb5267-5e17-4c17-96d2-a936f3ab9d75
2025-08-08 10:07:50.500 24 INFO cinder.api.openstack.wsgi [None req-bf667bf0-bbbf-48d1-b6f4-4a3a2e7cb4fa ef6ce031ba82448a8527a00a64abee27 b5f0662e4d6f439082fe969fe9a2f393 - - default default] http://[LB_IP_ADDRESS]:8776/v3/b5f0662e4d6f439082fe969fe9a2f393/groups/1deb5267-5e17-4c17-96d2-a936f3ab9d75 returned with HTTP 404
2025-08-08 10:07:50.519 21 INFO cinder.api.openstack.wsgi [None req-d11b0b4e-ec5c-4834-8c0b-effc9e98829c ba08084124454cce9ca4f7be948e4b53 dbcec0309099415b89069ed782b5194a - - default default] DELETE http://[LB_IP_ADDRESS]:8776/v3/dbcec0309099415b89069ed782b5194a/group_types/54d0f784-b96a-4594-940a-95520df925e1
2025-08-08 10:07:50.545 21 INFO cinder.api.openstack.wsgi [None req-d11b0b4e-ec5c-4834-8c0b-effc9e98829c ba08084124454cce9ca4f7be948e4b53 dbcec0309099415b89069ed782b5194a - - default default] http://[LB_IP_ADDRESS]:8776/v3/dbcec0309099415b89069ed782b5194a/group_types/54d0f784-b96a-4594-940a-95520df925e1 returned with HTTP 202
2025-08-08 10:07:50.557 25 INFO cinder.api.openstack.wsgi [None req-98a6cc87-7123-493d-819f-0d7cec148057 ba08084124454cce9ca4f7be948e4b53 dbcec0309099415b89069ed782b5194a - - default default] DELETE http://[LB_IP_ADDRESS]:8776/v3/dbcec0309099415b89069ed782b5194a/types/dcb122f2-f0bf-4668-98a2-01d653e930b0
2025-08-08 10:07:50.593 23 INFO cinder.api.openstack.wsgi [None req-21b0245e-da32-4530-b0cb-d06759ceff53 ac67c9f6435c4d2caa7a4a1282f26eeb e2aad1a02bc74a23a54ceae23311bdee - - default default] POST http://[LB_IP_ADDRESS]:8776/v3/e2aad1a02bc74a23a54ceae23311bdee/group_types
2025-08-08 10:07:50.611 25 INFO cinder.api.openstack.wsgi [None req-98a6cc87-7123-493d-819f-0d7cec148057 ba08084124454cce9ca4f7be948e4b53 dbcec0309099415b89069ed782b5194a - - default default] http://[LB_IP_ADDRESS]:8776/v3/dbcec0309099415b89069ed782b5194a/types/dcb122f2-f0bf-4668-98a2-01d653e930b0 returned with HTTP 202
2025-08-08 10:07:50.622 22 INFO cinder.api.openstack.wsgi [None req-d57e097a-8785-4671-bbe1-b69ebad4dbc8 ba08084124454cce9ca4f7be948e4b53 dbcec0309099415b89069ed782b5194a - - default default] GET http://[LB_IP_ADDRESS]:8776/v3/dbcec0309099415b89069ed782b5194a/types/dcb122f2-f0bf-4668-98a2-01d653e930b0
2025-08-08 10:07:50.629 23 INFO cinder.api.openstack.wsgi [None req-21b0245e-da32-4530-b0cb-d06759ceff53 ac67c9f6435c4d2caa7a4a1282f26eeb e2aad1a02bc74a23a54ceae23311bdee - - default default] http://[LB_IP_ADDRESS]:8776/v3/e2aad1a02bc74a23a54ceae23311bdee/group_types returned with HTTP 202
2025-08-08 10:07:50.629 22 INFO cinder.api.openstack.wsgi [None req-d57e097a-8785-4671-bbe1-b69ebad4dbc8 ba08084124454cce9ca4f7be948e4b53 dbcec0309099415b89069ed782b5194a - - default default] http://[LB_IP_ADDRESS]:8776/v3/dbcec0309099415b89069ed782b5194a/types/dcb122f2-f0bf-4668-98a2-01d653e930b0 returned with HTTP 404
2025-08-08 10:07:50.643 24 INFO cinder.api.openstack.wsgi [None req-8bd11696-fa1f-4c55-9271-13d3d7324f82 ac67c9f6435c4d2caa7a4a1282f26eeb e2aad1a02bc74a23a54ceae23311bdee - - default default] GET http://[LB_IP_ADDRESS]:8776/v3/e2aad1a02bc74a23a54ceae23311bdee/group_types
2025-08-08 10:07:50.651 21 INFO cinder.api.openstack.wsgi [None req-81a85b38-54a1-4190-a489-d52e670ad136 ba08084124454cce9ca4f7be948e4b53 dbcec0309099415b89069ed782b5194a - - default default] POST http://[LB_IP_ADDRESS]:8776/v3/dbcec0309099415b89069ed782b5194a/types
2025-08-08 10:07:50.662 24 INFO cinder.api.openstack.wsgi [None req-8bd11696-fa1f-4c55-9271-13d3d7324f82 ac67c9f6435c4d2caa7a4a1282f26eeb e2aad1a02bc74a23a54ceae23311bdee - - default default] http://[LB_IP_ADDRESS]:8776/v3/e2aad1a02bc74a23a54ceae23311bdee/group_types returned with HTTP 200
2025-08-08 10:07:50.676 25 INFO cinder.api.openstack.wsgi [None req-b1c4fa8b-f14f-4be7-8c27-3613b07efd5f ac67c9f6435c4d2caa7a4a1282f26eeb e2aad1a02bc74a23a54ceae23311bdee - - default default] PUT http://[LB_IP_ADDRESS]:8776/v3/e2aad1a02bc74a23a54ceae23311bdee/group_types/2124dcfe-2ece-4afd-8eba-3981e7aa9228
2025-08-08 10:07:50.689 21 INFO cinder.api.openstack.wsgi [None req-81a85b38-54a1-4190-a489-d52e670ad136 ba08084124454cce9ca4f7be948e4b53 dbcec0309099415b89069ed782b5194a - - default default] http://[LB_IP_ADDRESS]:8776/v3/dbcec0309099415b89069ed782b5194a/types returned with HTTP 200
2025-08-08 10:07:50.699 25 INFO cinder.api.openstack.wsgi [None req-b1c4fa8b-f14f-4be7-8c27-3613b07efd5f ac67c9f6435c4d2caa7a4a1282f26eeb e2aad1a02bc74a23a54ceae23311bdee - - default default] http://[LB_IP_ADDRESS]:8776/v3/e2aad1a02bc74a23a54ceae23311bdee/group_types/2124dcfe-2ece-4afd-8eba-3981e7aa9228 returned with HTTP 200
2025-08-08 10:07:50.703 23 INFO cinder.api.openstack.wsgi [None req-c9e176ef-16a2-4ef7-b65d-d3735882c0ed ba08084124454cce9ca4f7be948e4b53 dbcec0309099415b89069ed782b5194a - - default default] POST http://[LB_IP_ADDRESS]:8776/v3/dbcec0309099415b89069ed782b5194a/group_types
2025-08-08 10:07:50.713 22 INFO cinder.api.openstack.wsgi [None req-99ca8c44-e7a8-49de-acf0-b0b101634c70 ac67c9f6435c4d2caa7a4a1282f26eeb e2aad1a02bc74a23a54ceae23311bdee - - default default] GET http://[LB_IP_ADDRESS]:8776/v3/e2aad1a02bc74a23a54ceae23311bdee/group_types/2124dcfe-2ece-4afd-8eba-3981e7aa9228
2025-08-08 10:07:50.722 22 INFO cinder.api.openstack.wsgi [None req-99ca8c44-e7a8-49de-acf0-b0b101634c70 ac67c9f6435c4d2caa7a4a1282f26eeb e2aad1a02bc74a23a54ceae23311bdee - - default default] http://[LB_IP_ADDRESS]:8776/v3/e2aad1a02bc74a23a54ceae23311bdee/group_types/2124dcfe-2ece-4afd-8eba-3981e7aa9228 returned with HTTP 200
2025-08-08 10:07:50.731 23 INFO cinder.api.openstack.wsgi [None req-c9e176ef-16a2-4ef7-b65d-d3735882c0ed ba08084124454cce9ca4f7be948e4b53 dbcec0309099415b89069ed782b5194a - - default default] http://[LB_IP_ADDRESS]:8776/v3/dbcec0309099415b89069ed782b5194a/group_types returned with HTTP 202
2025-08-08 10:07:50.736 24 INFO cinder.api.openstack.wsgi [None req-696a7d11-210f-48b0-82eb-73ec47df49ef ac67c9f6435c4d2caa7a4a1282f26eeb e2aad1a02bc74a23a54ceae23311bdee - - default default] DELETE http://[LB_IP_ADDRESS]:8776/v3/e2aad1a02bc74a23a54ceae23311bdee/group_types/2124dcfe-2ece-4afd-8eba-3981e7aa9228
2025-08-08 10:07:50.745 21 INFO cinder.api.openstack.wsgi [None req-25b9f143-5202-4ce9-8f44-89d730e02c53 ef6ce031ba82448a8527a00a64abee27 b5f0662e4d6f439082fe969fe9a2f393 - - default default] POST http://[LB_IP_ADDRESS]:8776/v3/b5f0662e4d6f439082fe969fe9a2f393/groups
2025-08-08 10:07:50.758 21 INFO cinder.api.v3.groups [None req-25b9f143-5202-4ce9-8f44-89d730e02c53 ef6ce031ba82448a8527a00a64abee27 b5f0662e4d6f439082fe969fe9a2f393 - - default default] Creating group tempest-GroupSnapshotsTest-Group-936899375.
2025-08-08 10:07:50.761 24 INFO cinder.api.openstack.wsgi [None req-696a7d11-210f-48b0-82eb-73ec47df49ef ac67c9f6435c4d2caa7a4a1282f26eeb e2aad1a02bc74a23a54ceae23311bdee - - default default] http://[LB_IP_ADDRESS]:8776/v3/e2aad1a02bc74a23a54ceae23311bdee/group_types/2124dcfe-2ece-4afd-8eba-3981e7aa9228 returned with HTTP 202
2025-08-08 10:07:50.769 21 INFO cinder.volume.api [None req-25b9f143-5202-4ce9-8f44-89d730e02c53 ef6ce031ba82448a8527a00a64abee27 b5f0662e4d6f439082fe969fe9a2f393 - - default default] Availability Zones retrieved successfully.
2025-08-08 10:07:50.773 25 INFO cinder.api.openstack.wsgi [None req-e8120f5b-9123-407e-ab9f-7c4d88f1acae ac67c9f6435c4d2caa7a4a1282f26eeb e2aad1a02bc74a23a54ceae23311bdee - - default default] GET http://[LB_IP_ADDRESS]:8776/v3/e2aad1a02bc74a23a54ceae23311bdee/group_types
2025-08-08 10:07:50.788 25 INFO cinder.api.openstack.wsgi [None req-e8120f5b-9123-407e-ab9f-7c4d88f1acae ac67c9f6435c4d2caa7a4a1282f26eeb e2aad1a02bc74a23a54ceae23311bdee - - default default] http://[LB_IP_ADDRESS]:8776/v3/e2aad1a02bc74a23a54ceae23311bdee/group_types returned with HTTP 200
2025-08-08 10:07:50.804 22 INFO cinder.api.openstack.wsgi [None req-b9c7c539-baf7-4ce6-afdb-e922a934e92b ac67c9f6435c4d2caa7a4a1282f26eeb e2aad1a02bc74a23a54ceae23311bdee - - default default] POST http://[LB_IP_ADDRESS]:8776/v3/e2aad1a02bc74a23a54ceae23311bdee/group_types
2025-08-08 10:07:50.831 22 INFO cinder.api.openstack.wsgi [None req-b9c7c539-baf7-4ce6-afdb-e922a934e92b ac67c9f6435c4d2caa7a4a1282f26eeb e2aad1a02bc74a23a54ceae23311bdee - - default default] http://[LB_IP_ADDRESS]:8776/v3/e2aad1a02bc74a23a54ceae23311bdee/group_types returned with HTTP 202
2025-08-08 10:07:50.845 23 INFO cinder.api.openstack.wsgi [None req-f478f4ea-8bcd-4397-b490-53826e88b657 ac67c9f6435c4d2caa7a4a1282f26eeb e2aad1a02bc74a23a54ceae23311bdee - - default default] POST http://[LB_IP_ADDRESS]:8776/v3/e2aad1a02bc74a23a54ceae23311bdee/group_types
2025-08-08 10:07:50.869 23 INFO cinder.api.openstack.wsgi [None req-f478f4ea-8bcd-4397-b490-53826e88b657 ac67c9f6435c4d2caa7a4a1282f26eeb e2aad1a02bc74a23a54ceae23311bdee - - default default] http://[LB_IP_ADDRESS]:8776/v3/e2aad1a02bc74a23a54ceae23311bdee/group_types returned with HTTP 202
2025-08-08 10:07:50.881 21 INFO cinder.api.openstack.wsgi [None req-25b9f143-5202-4ce9-8f44-89d730e02c53 ef6ce031ba82448a8527a00a64abee27 b5f0662e4d6f439082fe969fe9a2f393 - - default default] http://[LB_IP_ADDRESS]:8776/v3/b5f0662e4d6f439082fe969fe9a2f393/groups returned with HTTP 202
2025-08-08 10:07:50.883 24 INFO cinder.api.openstack.wsgi [None req-e41c501f-904d-4d4c-9735-b00d807ae616 ac67c9f6435c4d2caa7a4a1282f26eeb e2aad1a02bc74a23a54ceae23311bdee - - default default] GET http://[LB_IP_ADDRESS]:8776/v3/e2aad1a02bc74a23a54ceae23311bdee/group_types?sort=name%3Aasc&is_public=None
2025-08-08 10:07:50.894 25 INFO cinder.api.openstack.wsgi [None req-7c331137-eefe-425a-bd26-7c55e3bafa4e ef6ce031ba82448a8527a00a64abee27 b5f0662e4d6f439082fe969fe9a2f393 - - default default] GET http://[LB_IP_ADDRESS]:8776/v3/b5f0662e4d6f439082fe969fe9a2f393/groups/225d879b-3b93-4eff-b12c-7f6f4260cd6a
2025-08-08 10:07:50.900 24 INFO cinder.api.openstack.wsgi [None req-e41c501f-904d-4d4c-9735-b00d807ae616 ac67c9f6435c4d2caa7a4a1282f26eeb e2aad1a02bc74a23a54ceae23311bdee - - default default] http://[LB_IP_ADDRESS]:8776/v3/e2aad1a02bc74a23a54ceae23311bdee/group_types?sort=name%3Aasc&is_public=None returned with HTTP 200
2025-08-08 10:07:50.917 22 INFO cinder.api.openstack.wsgi [None req-673a0d56-3549-4771-8600-856dccb5b529 ac67c9f6435c4d2caa7a4a1282f26eeb e2aad1a02bc74a23a54ceae23311bdee - - default default] GET http://[LB_IP_ADDRESS]:8776/v3/e2aad1a02bc74a23a54ceae23311bdee/group_types?sort=name%3Adesc&is_public=None
2025-08-08 10:07:50.919 25 INFO cinder.api.openstack.wsgi [None req-7c331137-eefe-425a-bd26-7c55e3bafa4e ef6ce031ba82448a8527a00a64abee27 b5f0662e4d6f439082fe969fe9a2f393 - - default default] http://[LB_IP_ADDRESS]:8776/v3/b5f0662e4d6f439082fe969fe9a2f393/groups/225d879b-3b93-4eff-b12c-7f6f4260cd6a returned with HTTP 200
2025-08-08 10:07:50.934 22 INFO cinder.api.openstack.wsgi [None req-673a0d56-3549-4771-8600-856dccb5b529 ac67c9f6435c4d2caa7a4a1282f26eeb e2aad1a02bc74a23a54ceae23311bdee - - default default] http://[LB_IP_ADDRESS]:8776/v3/e2aad1a02bc74a23a54ceae23311bdee/group_types?sort=name%3Adesc&is_public=None returned with HTTP 200
2025-08-08 10:07:50.947 23 INFO cinder.api.openstack.wsgi [None req-a6cd9496-8f01-4a35-8638-ed493761d7da ac67c9f6435c4d2caa7a4a1282f26eeb e2aad1a02bc74a23a54ceae23311bdee - - default default] GET http://[LB_IP_ADDRESS]:8776/v3/e2aad1a02bc74a23a54ceae23311bdee/group_types?is_public=False
2025-08-08 10:07:50.958 23 INFO cinder.api.openstack.wsgi [None req-a6cd9496-8f01-4a35-8638-ed493761d7da ac67c9f6435c4d2caa7a4a1282f26eeb e2aad1a02bc74a23a54ceae23311bdee - - default default] http://[LB_IP_ADDRESS]:8776/v3/e2aad1a02bc74a23a54ceae23311bdee/group_types?is_public=False returned with HTTP 200
2025-08-08 10:07:50.972 21 INFO cinder.api.openstack.wsgi [None req-d9d58234-3095-4aeb-9fb3-dac38bc16192 ac67c9f6435c4d2caa7a4a1282f26eeb e2aad1a02bc74a23a54ceae23311bdee - - default default] GET http://[LB_IP_ADDRESS]:8776/v3/e2aad1a02bc74a23a54ceae23311bdee/group_types?is_public=True
2025-08-08 10:07:50.989 21 INFO cinder.api.openstack.wsgi [None req-d9d58234-3095-4aeb-9fb3-dac38bc16192 ac67c9f6435c4d2caa7a4a1282f26eeb e2aad1a02bc74a23a54ceae23311bdee - - default default] http://[LB_IP_ADDRESS]:8776/v3/e2aad1a02bc74a23a54ceae23311bdee/group_types?is_public=True returned with HTTP 200
2025-08-08 10:07:51.004 24 INFO cinder.api.openstack.wsgi [None req-fc82d622-e7d8-4637-951f-96f5607c1b8a ac67c9f6435c4d2caa7a4a1282f26eeb e2aad1a02bc74a23a54ceae23311bdee - - default default] DELETE http://[LB_IP_ADDRESS]:8776/v3/e2aad1a02bc74a23a54ceae23311bdee/group_types/194da02f-1b30-45a7-ab7e-2756e04b6464
2025-08-08 10:07:51.026 24 INFO cinder.api.openstack.wsgi [None req-fc82d622-e7d8-4637-951f-96f5607c1b8a ac67c9f6435c4d2caa7a4a1282f26eeb e2aad1a02bc74a23a54ceae23311bdee - - default default] http://[LB_IP_ADDRESS]:8776/v3/e2aad1a02bc74a23a54ceae23311bdee/group_types/194da02f-1b30-45a7-ab7e-2756e04b6464 returned with HTTP 202
2025-08-08 10:07:51.038 25 INFO cinder.api.openstack.wsgi [None req-105998d2-0042-41ab-ae0d-6ffa53e1b034 ac67c9f6435c4d2caa7a4a1282f26eeb e2aad1a02bc74a23a54ceae23311bdee - - default default] DELETE http://[LB_IP_ADDRESS]:8776/v3/e2aad1a02bc74a23a54ceae23311bdee/group_types/9d679373-baa0-4d0c-9280-9cd23c449231
2025-08-08 10:07:51.074 25 INFO cinder.api.openstack.wsgi [None req-105998d2-0042-41ab-ae0d-6ffa53e1b034 ac67c9f6435c4d2caa7a4a1282f26eeb e2aad1a02bc74a23a54ceae23311bdee - - default default] http://[LB_IP_ADDRESS]:8776/v3/e2aad1a02bc74a23a54ceae23311bdee/group_types/9d679373-baa0-4d0c-9280-9cd23c449231 returned with HTTP 202
2025-08-08 10:07:51.509 22 INFO cinder.api.openstack.wsgi [None req-6bd2e812-bff8-47d8-9c86-ccaaf67aa56c 668f148075fe405e83f6a1c98a9b16d4 414d75ef6e37462db54ba304bf42f612 - - default default] GET http://[LB_IP_ADDRESS]:8776/v3/414d75ef6e37462db54ba304bf42f612/volumes/92a990a1-5ada-4f09-bf2e-dadf8af644b1
2025-08-08 10:07:51.536 22 INFO cinder.volume.api [None req-6bd2e812-bff8-47d8-9c86-ccaaf67aa56c 668f148075fe405e83f6a1c98a9b16d4 414d75ef6e37462db54ba304bf42f612 - - default default] Volume info retrieved successfully.
2025-08-08 10:07:51.564 22 INFO cinder.api.openstack.wsgi [None req-6bd2e812-bff8-47d8-9c86-ccaaf67aa56c 668f148075fe405e83f6a1c98a9b16d4 414d75ef6e37462db54ba304bf42f612 - - default default] http://[LB_IP_ADDRESS]:8776/v3/414d75ef6e37462db54ba304bf42f612/volumes/92a990a1-5ada-4f09-bf2e-dadf8af644b1 returned with HTTP 200
2025-08-08 10:07:51.937 23 INFO cinder.api.openstack.wsgi [None req-2d464e89-0029-4d69-a0fa-e488b66b3b65 ef6ce031ba82448a8527a00a64abee27 b5f0662e4d6f439082fe969fe9a2f393 - - default default] GET http://[LB_IP_ADDRESS]:8776/v3/b5f0662e4d6f439082fe969fe9a2f393/groups/225d879b-3b93-4eff-b12c-7f6f4260cd6a
2025-08-08 10:07:51.961 23 INFO cinder.api.openstack.wsgi [None req-2d464e89-0029-4d69-a0fa-e488b66b3b65 ef6ce031ba82448a8527a00a64abee27 b5f0662e4d6f439082fe969fe9a2f393 - - default default] http://[LB_IP_ADDRESS]:8776/v3/b5f0662e4d6f439082fe969fe9a2f393/groups/225d879b-3b93-4eff-b12c-7f6f4260cd6a returned with HTTP 200
2025-08-08 10:07:51.978 21 INFO cinder.api.openstack.wsgi [None req-f37b20c8-0429-4528-b3c3-5bd04352e64b ef6ce031ba82448a8527a00a64abee27 b5f0662e4d6f439082fe969fe9a2f393 - - default default] POST http://[LB_IP_ADDRESS]:8776/v3/b5f0662e4d6f439082fe969fe9a2f393/volumes
2025-08-08 10:07:51.996 21 INFO cinder.api.v3.volumes [None req-f37b20c8-0429-4528-b3c3-5bd04352e64b ef6ce031ba82448a8527a00a64abee27 b5f0662e4d6f439082fe969fe9a2f393 - - default default] Create volume of 1 GB
2025-08-08 10:07:52.006 21 INFO cinder.volume.api [None req-f37b20c8-0429-4528-b3c3-5bd04352e64b ef6ce031ba82448a8527a00a64abee27 b5f0662e4d6f439082fe969fe9a2f393 - - default default] Availability Zones retrieved successfully.
2025-08-08 10:07:52.193 21 WARNING cinder.quota [None req-f37b20c8-0429-4528-b3c3-5bd04352e64b ef6ce031ba82448a8527a00a64abee27 b5f0662e4d6f439082fe969fe9a2f393 - - default default] Deprecated: Default quota for resource: volumes_tempest-GroupSnapshotsTest-volume-type-526628142 is set by the default quota flag: quota_volumes_tempest-GroupSnapshotsTest-volume-type-526628142, it is now deprecated. Please use the default quota class for default quota.
2025-08-08 10:07:52.194 21 WARNING cinder.quota [None req-f37b20c8-0429-4528-b3c3-5bd04352e64b ef6ce031ba82448a8527a00a64abee27 b5f0662e4d6f439082fe969fe9a2f393 - - default default] Deprecated: Default quota for resource: gigabytes_tempest-GroupSnapshotsTest-volume-type-526628142 is set by the default quota flag: quota_gigabytes_tempest-GroupSnapshotsTest-volume-type-526628142, it is now deprecated. Please use the default quota class for default quota.
2025-08-08 10:07:52.288 21 INFO cinder.volume.api [None req-f37b20c8-0429-4528-b3c3-5bd04352e64b ef6ce031ba82448a8527a00a64abee27 b5f0662e4d6f439082fe969fe9a2f393 - - default default] Create volume request issued successfully.
2025-08-08 10:07:52.307 21 INFO cinder.api.openstack.wsgi [None req-f37b20c8-0429-4528-b3c3-5bd04352e64b ef6ce031ba82448a8527a00a64abee27 b5f0662e4d6f439082fe969fe9a2f393 - - default default] http://[LB_IP_ADDRESS]:8776/v3/b5f0662e4d6f439082fe969fe9a2f393/volumes returned with HTTP 202
2025-08-08 10:07:52.332 24 INFO cinder.api.openstack.wsgi [None req-0d66c8ae-a8a2-4b00-a0e1-6e7eee47f8f4 ef6ce031ba82448a8527a00a64abee27 b5f0662e4d6f439082fe969fe9a2f393 - - default default] GET http://[LB_IP_ADDRESS]:8776/v3/b5f0662e4d6f439082fe969fe9a2f393/volumes/0a89ea7e-52a8-4fe9-9059-69440cb8ce7a
2025-08-08 10:07:52.357 24 INFO cinder.volume.api [None req-0d66c8ae-a8a2-4b00-a0e1-6e7eee47f8f4 ef6ce031ba82448a8527a00a64abee27 b5f0662e4d6f439082fe969fe9a2f393 - - default default] Volume info retrieved successfully.
2025-08-08 10:07:52.387 24 INFO cinder.api.openstack.wsgi [None req-0d66c8ae-a8a2-4b00-a0e1-6e7eee47f8f4 ef6ce031ba82448a8527a00a64abee27 b5f0662e4d6f439082fe969fe9a2f393 - - default default] http://[LB_IP_ADDRESS]:8776/v3/b5f0662e4d6f439082fe969fe9a2f393/volumes/0a89ea7e-52a8-4fe9-9059-69440cb8ce7a returned with HTTP 200
2025-08-08 10:07:52.598 25 INFO cinder.api.openstack.wsgi [None req-b8a0b344-2afc-447b-872a-05b554155778 668f148075fe405e83f6a1c98a9b16d4 414d75ef6e37462db54ba304bf42f612 - - default default] GET http://[LB_IP_ADDRESS]:8776/v3/414d75ef6e37462db54ba304bf42f612/volumes/92a990a1-5ada-4f09-bf2e-dadf8af644b1
2025-08-08 10:07:52.629 25 INFO cinder.volume.api [None req-b8a0b344-2afc-447b-872a-05b554155778 668f148075fe405e83f6a1c98a9b16d4 414d75ef6e37462db54ba304bf42f612 - - default default] Volume info retrieved successfully.
2025-08-08 10:07:52.661 25 INFO cinder.api.openstack.wsgi [None req-b8a0b344-2afc-447b-872a-05b554155778 668f148075fe405e83f6a1c98a9b16d4 414d75ef6e37462db54ba304bf42f612 - - default default] http://[LB_IP_ADDRESS]:8776/v3/414d75ef6e37462db54ba304bf42f612/volumes/92a990a1-5ada-4f09-bf2e-dadf8af644b1 returned with HTTP 200
2025-08-08 10:07:52.690 22 INFO cinder.api.openstack.wsgi [None req-b7df6093-727e-4ba6-a6bb-786bce071c1a 668f148075fe405e83f6a1c98a9b16d4 414d75ef6e37462db54ba304bf42f612 - - default default] PUT http://[LB_IP_ADDRESS]:8776/v3/414d75ef6e37462db54ba304bf42f612/groups/0dcfee5b-c29f-44fa-b419-f0b5d6488286
2025-08-08 10:07:52.694 22 INFO cinder.api.v3.groups [None req-b7df6093-727e-4ba6-a6bb-786bce071c1a 668f148075fe405e83f6a1c98a9b16d4 414d75ef6e37462db54ba304bf42f612 - - default default] Updating group 0dcfee5b-c29f-44fa-b419-f0b5d6488286 with name new_group description: This is a new group add_volumes: None remove_volumes: 92a990a1-5ada-4f09-bf2e-dadf8af644b1.
2025-08-08 10:07:52.733 22 INFO cinder.api.openstack.wsgi [None req-b7df6093-727e-4ba6-a6bb-786bce071c1a 668f148075fe405e83f6a1c98a9b16d4 414d75ef6e37462db54ba304bf42f612 - - default default] http://[LB_IP_ADDRESS]:8776/v3/414d75ef6e37462db54ba304bf42f612/groups/0dcfee5b-c29f-44fa-b419-f0b5d6488286 returned with HTTP 202
2025-08-08 10:07:52.745 23 INFO cinder.api.openstack.wsgi [None req-cd73b333-6811-4cf8-9f83-5e310a3d534d 668f148075fe405e83f6a1c98a9b16d4 414d75ef6e37462db54ba304bf42f612 - - default default] GET http://[LB_IP_ADDRESS]:8776/v3/414d75ef6e37462db54ba304bf42f612/groups/0dcfee5b-c29f-44fa-b419-f0b5d6488286
2025-08-08 10:07:52.771 23 INFO cinder.api.openstack.wsgi [None req-cd73b333-6811-4cf8-9f83-5e310a3d534d 668f148075fe405e83f6a1c98a9b16d4 414d75ef6e37462db54ba304bf42f612 - - default default] http://[LB_IP_ADDRESS]:8776/v3/414d75ef6e37462db54ba304bf42f612/groups/0dcfee5b-c29f-44fa-b419-f0b5d6488286 returned with HTTP 200
2025-08-08 10:07:53.416 21 INFO cinder.api.openstack.wsgi [None req-d5dd79d2-cf26-4bb4-9e40-e5b8c8d85f00 ef6ce031ba82448a8527a00a64abee27 b5f0662e4d6f439082fe969fe9a2f393 - - default default] GET http://[LB_IP_ADDRESS]:8776/v3/b5f0662e4d6f439082fe969fe9a2f393/volumes/0a89ea7e-52a8-4fe9-9059-69440cb8ce7a
2025-08-08 10:07:53.442 21 INFO cinder.volume.api [None req-d5dd79d2-cf26-4bb4-9e40-e5b8c8d85f00 ef6ce031ba82448a8527a00a64abee27 b5f0662e4d6f439082fe969fe9a2f393 - - default default] Volume info retrieved successfully.
2025-08-08 10:07:53.470 21 INFO cinder.api.openstack.wsgi [None req-d5dd79d2-cf26-4bb4-9e40-e5b8c8d85f00 ef6ce031ba82448a8527a00a64abee27 b5f0662e4d6f439082fe969fe9a2f393 - - default default] http://[LB_IP_ADDRESS]:8776/v3/b5f0662e4d6f439082fe969fe9a2f393/volumes/0a89ea7e-52a8-4fe9-9059-69440cb8ce7a returned with HTTP 200
2025-08-08 10:07:53.790 24 INFO cinder.api.openstack.wsgi [None req-a10c4c21-1c15-4803-91ce-1533d9aa093d 668f148075fe405e83f6a1c98a9b16d4 414d75ef6e37462db54ba304bf42f612 - - default default] GET http://[LB_IP_ADDRESS]:8776/v3/414d75ef6e37462db54ba304bf42f612/groups/0dcfee5b-c29f-44fa-b419-f0b5d6488286
2025-08-08 10:07:53.814 24 INFO cinder.api.openstack.wsgi [None req-a10c4c21-1c15-4803-91ce-1533d9aa093d 668f148075fe405e83f6a1c98a9b16d4 414d75ef6e37462db54ba304bf42f612 - - default default] http://[LB_IP_ADDRESS]:8776/v3/414d75ef6e37462db54ba304bf42f612/groups/0dcfee5b-c29f-44fa-b419-f0b5d6488286 returned with HTTP 200
2025-08-08 10:07:53.831 25 INFO cinder.api.openstack.wsgi [None req-178d286f-62f7-4fbd-892a-60aacc4135d3 668f148075fe405e83f6a1c98a9b16d4 414d75ef6e37462db54ba304bf42f612 - - default default] GET http://[LB_IP_ADDRESS]:8776/v3/414d75ef6e37462db54ba304bf42f612/groups/0dcfee5b-c29f-44fa-b419-f0b5d6488286
2025-08-08 10:07:53.856 25 INFO cinder.api.openstack.wsgi [None req-178d286f-62f7-4fbd-892a-60aacc4135d3 668f148075fe405e83f6a1c98a9b16d4 414d75ef6e37462db54ba304bf42f612 - - default default] http://[LB_IP_ADDRESS]:8776/v3/414d75ef6e37462db54ba304bf42f612/groups/0dcfee5b-c29f-44fa-b419-f0b5d6488286 returned with HTTP 200
2025-08-08 10:07:53.872 22 INFO cinder.api.openstack.wsgi [None req-f39d52d9-7a27-4dd2-b42d-fea2d88acb11 668f148075fe405e83f6a1c98a9b16d4 414d75ef6e37462db54ba304bf42f612 - - default default] GET http://[LB_IP_ADDRESS]:8776/v3/414d75ef6e37462db54ba304bf42f612/volumes/detail
2025-08-08 10:07:53.892 22 INFO cinder.volume.api [None req-f39d52d9-7a27-4dd2-b42d-fea2d88acb11 668f148075fe405e83f6a1c98a9b16d4 414d75ef6e37462db54ba304bf42f612 - - default default] Get all volumes completed successfully.
2025-08-08 10:07:53.924 22 INFO cinder.api.openstack.wsgi [None req-f39d52d9-7a27-4dd2-b42d-fea2d88acb11 668f148075fe405e83f6a1c98a9b16d4 414d75ef6e37462db54ba304bf42f612 - - default default] http://[LB_IP_ADDRESS]:8776/v3/414d75ef6e37462db54ba304bf42f612/volumes/detail returned with HTTP 200
2025-08-08 10:07:53.955 23 INFO cinder.api.openstack.wsgi [None req-61f493ed-5ba5-4853-8eff-3e38c8bcdec3 668f148075fe405e83f6a1c98a9b16d4 414d75ef6e37462db54ba304bf42f612 - - default default] PUT http://[LB_IP_ADDRESS]:8776/v3/414d75ef6e37462db54ba304bf42f612/groups/0dcfee5b-c29f-44fa-b419-f0b5d6488286
2025-08-08 10:07:53.960 23 INFO cinder.api.v3.groups [None req-61f493ed-5ba5-4853-8eff-3e38c8bcdec3 668f148075fe405e83f6a1c98a9b16d4 414d75ef6e37462db54ba304bf42f612 - - default default] Updating group 0dcfee5b-c29f-44fa-b419-f0b5d6488286 with name None description: None add_volumes: 92a990a1-5ada-4f09-bf2e-dadf8af644b1 remove_volumes: None.
2025-08-08 10:07:54.024 23 INFO cinder.api.openstack.wsgi [None req-61f493ed-5ba5-4853-8eff-3e38c8bcdec3 668f148075fe405e83f6a1c98a9b16d4 414d75ef6e37462db54ba304bf42f612 - - default default] http://[LB_IP_ADDRESS]:8776/v3/414d75ef6e37462db54ba304bf42f612/groups/0dcfee5b-c29f-44fa-b419-f0b5d6488286 returned with HTTP 202
2025-08-08 10:07:54.037 21 INFO cinder.api.openstack.wsgi [None req-16afcec6-c878-4fb4-a20e-ec0f0a5b9d16 668f148075fe405e83f6a1c98a9b16d4 414d75ef6e37462db54ba304bf42f612 - - default default] GET http://[LB_IP_ADDRESS]:8776/v3/414d75ef6e37462db54ba304bf42f612/groups/0dcfee5b-c29f-44fa-b419-f0b5d6488286
2025-08-08 10:07:54.060 21 INFO cinder.api.openstack.wsgi [None req-16afcec6-c878-4fb4-a20e-ec0f0a5b9d16 668f148075fe405e83f6a1c98a9b16d4 414d75ef6e37462db54ba304bf42f612 - - default default] http://[LB_IP_ADDRESS]:8776/v3/414d75ef6e37462db54ba304bf42f612/groups/0dcfee5b-c29f-44fa-b419-f0b5d6488286 returned with HTTP 200
2025-08-08 10:07:54.499 24 INFO cinder.api.openstack.wsgi [None req-8b5fdab1-2ec5-4f41-9a13-1c358998843e ef6ce031ba82448a8527a00a64abee27 b5f0662e4d6f439082fe969fe9a2f393 - - default default] GET http://[LB_IP_ADDRESS]:8776/v3/b5f0662e4d6f439082fe969fe9a2f393/volumes/0a89ea7e-52a8-4fe9-9059-69440cb8ce7a
2025-08-08 10:07:54.525 24 INFO cinder.volume.api [None req-8b5fdab1-2ec5-4f41-9a13-1c358998843e ef6ce031ba82448a8527a00a64abee27 b5f0662e4d6f439082fe969fe9a2f393 - - default default] Volume info retrieved successfully.
2025-08-08 10:07:54.554 24 INFO cinder.api.openstack.wsgi [None req-8b5fdab1-2ec5-4f41-9a13-1c358998843e ef6ce031ba82448a8527a00a64abee27 b5f0662e4d6f439082fe969fe9a2f393 - - default default] http://[LB_IP_ADDRESS]:8776/v3/b5f0662e4d6f439082fe969fe9a2f393/volumes/0a89ea7e-52a8-4fe9-9059-69440cb8ce7a returned with HTTP 200
2025-08-08 10:07:54.582 25 INFO cinder.api.openstack.wsgi [None req-63389288-bded-4040-96ca-dd47e50afbc7 ef6ce031ba82448a8527a00a64abee27 b5f0662e4d6f439082fe969fe9a2f393 - - default default] POST http://[LB_IP_ADDRESS]:8776/v3/b5f0662e4d6f439082fe969fe9a2f393/volumes
2025-08-08 10:07:54.601 25 INFO cinder.api.v3.volumes [None req-63389288-bded-4040-96ca-dd47e50afbc7 ef6ce031ba82448a8527a00a64abee27 b5f0662e4d6f439082fe969fe9a2f393 - - default default] Create volume of 1 GB
2025-08-08 10:07:54.611 25 INFO cinder.volume.api [None req-63389288-bded-4040-96ca-dd47e50afbc7 ef6ce031ba82448a8527a00a64abee27 b5f0662e4d6f439082fe969fe9a2f393 - - default default] Availability Zones retrieved successfully.
2025-08-08 10:07:54.805 25 WARNING cinder.quota [None req-63389288-bded-4040-96ca-dd47e50afbc7 ef6ce031ba82448a8527a00a64abee27 b5f0662e4d6f439082fe969fe9a2f393 - - default default] Deprecated: Default quota for resource: volumes_tempest-GroupSnapshotsTest-volume-type-526628142 is set by the default quota flag: quota_volumes_tempest-GroupSnapshotsTest-volume-type-526628142, it is now deprecated. Please use the default quota class for default quota.
2025-08-08 10:07:54.806 25 WARNING cinder.quota [None req-63389288-bded-4040-96ca-dd47e50afbc7 ef6ce031ba82448a8527a00a64abee27 b5f0662e4d6f439082fe969fe9a2f393 - - default default] Deprecated: Default quota for resource: gigabytes_tempest-GroupSnapshotsTest-volume-type-526628142 is set by the default quota flag: quota_gigabytes_tempest-GroupSnapshotsTest-volume-type-526628142, it is now deprecated. Please use the default quota class for default quota.
2025-08-08 10:07:54.888 25 INFO cinder.volume.api [None req-63389288-bded-4040-96ca-dd47e50afbc7 ef6ce031ba82448a8527a00a64abee27 b5f0662e4d6f439082fe969fe9a2f393 - - default default] Create volume request issued successfully.
2025-08-08 10:07:54.906 25 INFO cinder.api.openstack.wsgi [None req-63389288-bded-4040-96ca-dd47e50afbc7 ef6ce031ba82448a8527a00a64abee27 b5f0662e4d6f439082fe969fe9a2f393 - - default default] http://[LB_IP_ADDRESS]:8776/v3/b5f0662e4d6f439082fe969fe9a2f393/volumes returned with HTTP 202
2025-08-08 10:07:54.931 22 INFO cinder.api.openstack.wsgi [None req-538d2c4c-a251-4e49-9ca6-565e6c42ab8f ef6ce031ba82448a8527a00a64abee27 b5f0662e4d6f439082fe969fe9a2f393 - - default default] GET http://[LB_IP_ADDRESS]:8776/v3/b5f0662e4d6f439082fe969fe9a2f393/volumes/5b71296f-6347-4304-b7f6-81cd2a809985
2025-08-08 10:07:54.956 22 INFO cinder.volume.api [None req-538d2c4c-a251-4e49-9ca6-565e6c42ab8f ef6ce031ba82448a8527a00a64abee27 b5f0662e4d6f439082fe969fe9a2f393 - - default default] Volume info retrieved successfully.
2025-08-08 10:07:54.985 22 INFO cinder.api.openstack.wsgi [None req-538d2c4c-a251-4e49-9ca6-565e6c42ab8f ef6ce031ba82448a8527a00a64abee27 b5f0662e4d6f439082fe969fe9a2f393 - - default default] http://[LB_IP_ADDRESS]:8776/v3/b5f0662e4d6f439082fe969fe9a2f393/volumes/5b71296f-6347-4304-b7f6-81cd2a809985 returned with HTTP 200
2025-08-08 10:07:55.078 23 INFO cinder.api.openstack.wsgi [None req-afc3d842-11c8-4402-9d51-55bb6c6fb103 668f148075fe405e83f6a1c98a9b16d4 414d75ef6e37462db54ba304bf42f612 - - default default] GET http://[LB_IP_ADDRESS]:8776/v3/414d75ef6e37462db54ba304bf42f612/groups/0dcfee5b-c29f-44fa-b419-f0b5d6488286
2025-08-08 10:07:55.101 23 INFO cinder.api.openstack.wsgi [None req-afc3d842-11c8-4402-9d51-55bb6c6fb103 668f148075fe405e83f6a1c98a9b16d4 414d75ef6e37462db54ba304bf42f612 - - default default] http://[LB_IP_ADDRESS]:8776/v3/414d75ef6e37462db54ba304bf42f612/groups/0dcfee5b-c29f-44fa-b419-f0b5d6488286 returned with HTTP 200
2025-08-08 10:07:55.118 21 INFO cinder.api.openstack.wsgi [None req-65e3165f-4b21-4d35-ace6-b38e89e238d9 668f148075fe405e83f6a1c98a9b16d4 414d75ef6e37462db54ba304bf42f612 - - default default] GET http://[LB_IP_ADDRESS]:8776/v3/414d75ef6e37462db54ba304bf42f612/volumes/detail
2025-08-08 10:07:55.139 21 INFO cinder.volume.api [None req-65e3165f-4b21-4d35-ace6-b38e89e238d9 668f148075fe405e83f6a1c98a9b16d4 414d75ef6e37462db54ba304bf42f612 - - default default] Get all volumes completed successfully.
2025-08-08 10:07:55.188 21 INFO cinder.api.openstack.wsgi [None req-65e3165f-4b21-4d35-ace6-b38e89e238d9 668f148075fe405e83f6a1c98a9b16d4 414d75ef6e37462db54ba304bf42f612 - - default default] http://[LB_IP_ADDRESS]:8776/v3/414d75ef6e37462db54ba304bf42f612/volumes/detail returned with HTTP 200
2025-08-08 10:07:55.218 24 INFO cinder.api.openstack.wsgi [None req-af68723c-b2c8-46c8-8d75-92d9794d69c9 668f148075fe405e83f6a1c98a9b16d4 414d75ef6e37462db54ba304bf42f612 - - default default] GET http://[LB_IP_ADDRESS]:8776/v3/414d75ef6e37462db54ba304bf42f612/volumes/detail
2025-08-08 10:07:55.241 24 INFO cinder.volume.api [None req-af68723c-b2c8-46c8-8d75-92d9794d69c9 668f148075fe405e83f6a1c98a9b16d4 414d75ef6e37462db54ba304bf42f612 - - default default] Get all volumes completed successfully.
2025-08-08 10:07:55.289 24 INFO cinder.api.openstack.wsgi [None req-af68723c-b2c8-46c8-8d75-92d9794d69c9 668f148075fe405e83f6a1c98a9b16d4 414d75ef6e37462db54ba304bf42f612 - - default default] http://[LB_IP_ADDRESS]:8776/v3/414d75ef6e37462db54ba304bf42f612/volumes/detail returned with HTTP 200
2025-08-08 10:07:55.320 25 INFO cinder.api.openstack.wsgi [None req-ac9d4e19-9d08-4ccf-9360-3b8a54b60602 668f148075fe405e83f6a1c98a9b16d4 414d75ef6e37462db54ba304bf42f612 - - default default] POST http://[LB_IP_ADDRESS]:8776/v3/414d75ef6e37462db54ba304bf42f612/groups/0dcfee5b-c29f-44fa-b419-f0b5d6488286/action
2025-08-08 10:07:55.324 25 INFO cinder.api.v3.groups [None req-ac9d4e19-9d08-4ccf-9360-3b8a54b60602 668f148075fe405e83f6a1c98a9b16d4 414d75ef6e37462db54ba304bf42f612 - - default default] Delete group with id: 0dcfee5b-c29f-44fa-b419-f0b5d6488286
2025-08-08 10:07:55.420 25 INFO cinder.api.openstack.wsgi [None req-ac9d4e19-9d08-4ccf-9360-3b8a54b60602 668f148075fe405e83f6a1c98a9b16d4 414d75ef6e37462db54ba304bf42f612 - - default default] http://[LB_IP_ADDRESS]:8776/v3/414d75ef6e37462db54ba304bf42f612/groups/0dcfee5b-c29f-44fa-b419-f0b5d6488286/action returned with HTTP 202
2025-08-08 10:07:55.432 22 INFO cinder.api.openstack.wsgi [None req-00c98a0c-99f2-4046-af7b-e89d79db4abf 668f148075fe405e83f6a1c98a9b16d4 414d75ef6e37462db54ba304bf42f612 - - default default] GET http://[LB_IP_ADDRESS]:8776/v3/414d75ef6e37462db54ba304bf42f612/volumes/92a990a1-5ada-4f09-bf2e-dadf8af644b1
2025-08-08 10:07:55.456 22 INFO cinder.volume.api [None req-00c98a0c-99f2-4046-af7b-e89d79db4abf 668f148075fe405e83f6a1c98a9b16d4 414d75ef6e37462db54ba304bf42f612 - - default default] Volume info retrieved successfully.
2025-08-08 10:07:55.484 22 INFO cinder.api.openstack.wsgi [None req-00c98a0c-99f2-4046-af7b-e89d79db4abf 668f148075fe405e83f6a1c98a9b16d4 414d75ef6e37462db54ba304bf42f612 - - default default] http://[LB_IP_ADDRESS]:8776/v3/414d75ef6e37462db54ba304bf42f612/volumes/92a990a1-5ada-4f09-bf2e-dadf8af644b1 returned with HTTP 200
2025-08-08 10:07:56.013 23 INFO cinder.api.openstack.wsgi [None req-90495c49-708e-415d-a2af-0d74f663b811 ef6ce031ba82448a8527a00a64abee27 b5f0662e4d6f439082fe969fe9a2f393 - - default default] GET http://[LB_IP_ADDRESS]:8776/v3/b5f0662e4d6f439082fe969fe9a2f393/volumes/5b71296f-6347-4304-b7f6-81cd2a809985
2025-08-08 10:07:56.037 23 INFO cinder.volume.api [None req-90495c49-708e-415d-a2af-0d74f663b811 ef6ce031ba82448a8527a00a64abee27 b5f0662e4d6f439082fe969fe9a2f393 - - default default] Volume info retrieved successfully.
2025-08-08 10:07:56.064 23 INFO cinder.api.openstack.wsgi [None req-90495c49-708e-415d-a2af-0d74f663b811 ef6ce031ba82448a8527a00a64abee27 b5f0662e4d6f439082fe969fe9a2f393 - - default default] http://[LB_IP_ADDRESS]:8776/v3/b5f0662e4d6f439082fe969fe9a2f393/volumes/5b71296f-6347-4304-b7f6-81cd2a809985 returned with HTTP 200
2025-08-08 10:07:56.489 21 INFO cinder.api.openstack.wsgi [None req-a8b2f618-839f-43d2-a581-3723180470d8 6a1e5531122e4e1e821ef666f87c594c 7c50bd23c8e34d06874e9c186d28d75f - - default default] POST http://[LB_IP_ADDRESS]:8776/v3/7c50bd23c8e34d06874e9c186d28d75f/types
2025-08-08 10:07:56.514 24 INFO cinder.api.openstack.wsgi [None req-418e6bc6-73d8-401e-bcf3-542ee8c61eea 668f148075fe405e83f6a1c98a9b16d4 414d75ef6e37462db54ba304bf42f612 - - default default] GET http://[LB_IP_ADDRESS]:8776/v3/414d75ef6e37462db54ba304bf42f612/volumes/92a990a1-5ada-4f09-bf2e-dadf8af644b1
2025-08-08 10:07:56.521 21 INFO cinder.api.openstack.wsgi [None req-a8b2f618-839f-43d2-a581-3723180470d8 6a1e5531122e4e1e821ef666f87c594c 7c50bd23c8e34d06874e9c186d28d75f - - default default] http://[LB_IP_ADDRESS]:8776/v3/7c50bd23c8e34d06874e9c186d28d75f/types returned with HTTP 200
2025-08-08 10:07:56.529 24 INFO cinder.api.openstack.wsgi [None req-418e6bc6-73d8-401e-bcf3-542ee8c61eea 668f148075fe405e83f6a1c98a9b16d4 414d75ef6e37462db54ba304bf42f612 - - default default] http://[LB_IP_ADDRESS]:8776/v3/414d75ef6e37462db54ba304bf42f612/volumes/92a990a1-5ada-4f09-bf2e-dadf8af644b1 returned with HTTP 404
2025-08-08 10:07:56.535 25 INFO cinder.api.openstack.wsgi [None req-344482dd-1382-4fdf-84a4-92bdb8671444 6a1e5531122e4e1e821ef666f87c594c 7c50bd23c8e34d06874e9c186d28d75f - - default default] POST http://[LB_IP_ADDRESS]:8776/v3/7c50bd23c8e34d06874e9c186d28d75f/group_types
2025-08-08 10:07:56.542 22 INFO cinder.api.openstack.wsgi [None req-670790c7-5ebf-4da4-8a5e-7fbea8357650 668f148075fe405e83f6a1c98a9b16d4 414d75ef6e37462db54ba304bf42f612 - - default default] GET http://[LB_IP_ADDRESS]:8776/v3/414d75ef6e37462db54ba304bf42f612/volumes/3a3ac4de-4ffe-4e08-a872-c2f71bb58262
2025-08-08 10:07:56.557 22 INFO cinder.api.openstack.wsgi [None req-670790c7-5ebf-4da4-8a5e-7fbea8357650 668f148075fe405e83f6a1c98a9b16d4 414d75ef6e37462db54ba304bf42f612 - - default default] http://[LB_IP_ADDRESS]:8776/v3/414d75ef6e37462db54ba304bf42f612/volumes/3a3ac4de-4ffe-4e08-a872-c2f71bb58262 returned with HTTP 404
2025-08-08 10:07:56.564 25 INFO cinder.api.openstack.wsgi [None req-344482dd-1382-4fdf-84a4-92bdb8671444 6a1e5531122e4e1e821ef666f87c594c 7c50bd23c8e34d06874e9c186d28d75f - - default default] http://[LB_IP_ADDRESS]:8776/v3/7c50bd23c8e34d06874e9c186d28d75f/group_types returned with HTTP 202
2025-08-08 10:07:56.569 23 INFO cinder.api.openstack.wsgi [None req-9e162d87-f112-4bdd-9b83-a244bc882055 668f148075fe405e83f6a1c98a9b16d4 414d75ef6e37462db54ba304bf42f612 - - default default] GET http://[LB_IP_ADDRESS]:8776/v3/414d75ef6e37462db54ba304bf42f612/groups/0dcfee5b-c29f-44fa-b419-f0b5d6488286
2025-08-08 10:07:56.575 23 INFO cinder.api.openstack.wsgi [None req-9e162d87-f112-4bdd-9b83-a244bc882055 668f148075fe405e83f6a1c98a9b16d4 414d75ef6e37462db54ba304bf42f612 - - default default] http://[LB_IP_ADDRESS]:8776/v3/414d75ef6e37462db54ba304bf42f612/groups/0dcfee5b-c29f-44fa-b419-f0b5d6488286 returned with HTTP 404
2025-08-08 10:07:56.587 24 INFO cinder.api.openstack.wsgi [None req-e324b885-23f2-4599-acdc-da40b77ea8a7 af8be154080748c3b49ca22504db69bd c76f14be6fa149eb993f8b9f96db557f - - default default] DELETE http://[LB_IP_ADDRESS]:8776/v3/c76f14be6fa149eb993f8b9f96db557f/group_types/99bca638-cad2-491d-9a18-66726d790f5b
2025-08-08 10:07:56.610 24 INFO cinder.api.openstack.wsgi [None req-e324b885-23f2-4599-acdc-da40b77ea8a7 af8be154080748c3b49ca22504db69bd c76f14be6fa149eb993f8b9f96db557f - - default default] http://[LB_IP_ADDRESS]:8776/v3/c76f14be6fa149eb993f8b9f96db557f/group_types/99bca638-cad2-491d-9a18-66726d790f5b returned with HTTP 202
2025-08-08 10:07:56.621 22 INFO cinder.api.openstack.wsgi [None req-1ccc4cba-f6b3-4ffb-8566-cba410b7c56c af8be154080748c3b49ca22504db69bd c76f14be6fa149eb993f8b9f96db557f - - default default] DELETE http://[LB_IP_ADDRESS]:8776/v3/c76f14be6fa149eb993f8b9f96db557f/types/b7b1e263-ed5a-4c06-90ca-a44233887910
2025-08-08 10:07:56.675 22 INFO cinder.api.openstack.wsgi [None req-1ccc4cba-f6b3-4ffb-8566-cba410b7c56c af8be154080748c3b49ca22504db69bd c76f14be6fa149eb993f8b9f96db557f - - default default] http://[LB_IP_ADDRESS]:8776/v3/c76f14be6fa149eb993f8b9f96db557f/types/b7b1e263-ed5a-4c06-90ca-a44233887910 returned with HTTP 202
2025-08-08 10:07:56.687 25 INFO cinder.api.openstack.wsgi [None req-bfd63468-ff7f-47a1-9a7b-d507a08baf7f af8be154080748c3b49ca22504db69bd c76f14be6fa149eb993f8b9f96db557f - - default default] GET http://[LB_IP_ADDRESS]:8776/v3/c76f14be6fa149eb993f8b9f96db557f/types/b7b1e263-ed5a-4c06-90ca-a44233887910
