2026-07-03 12:46:59.225 75 INFO cinder.api.openstack.wsgi [None req-073682ec-7514-4c67-9a8e-714516592a3f 511e759e8b764cb1b59b4d2f5126763f 47b29cd5bea1414fbd0c4d7bc55063fa - - default default] http://[LB_IP_ADDRESS]:8776/v3/47b29cd5bea1414fbd0c4d7bc55063fa/group_snapshots/e60afcbc-8b0d-4f61-8dc7-fede824cb17f returned with HTTP 200
2026-07-03 12:46:59.241 73 INFO cinder.api.openstack.wsgi [None req-1a68d156-0d17-423a-9245-62e7aff702a8 4b6b24bf020e4855a6780fdb7e8d9b4b effec9bfba3c4fb7a5aacb125a6b5342 - - default default] POST http://[LB_IP_ADDRESS]:8776/v3/effec9bfba3c4fb7a5aacb125a6b5342/group_snapshots/e60afcbc-8b0d-4f61-8dc7-fede824cb17f/action
2026-07-03 12:46:59.260 73 INFO cinder.api.openstack.wsgi [None req-1a68d156-0d17-423a-9245-62e7aff702a8 4b6b24bf020e4855a6780fdb7e8d9b4b effec9bfba3c4fb7a5aacb125a6b5342 - - default default] http://[LB_IP_ADDRESS]:8776/v3/effec9bfba3c4fb7a5aacb125a6b5342/group_snapshots/e60afcbc-8b0d-4f61-8dc7-fede824cb17f/action returned with HTTP 202
2026-07-03 12:46:59.272 76 INFO cinder.api.openstack.wsgi [None req-add275ea-57b1-493d-b23d-f147f2f2fc98 511e759e8b764cb1b59b4d2f5126763f 47b29cd5bea1414fbd0c4d7bc55063fa - - default default] GET http://[LB_IP_ADDRESS]:8776/v3/47b29cd5bea1414fbd0c4d7bc55063fa/group_snapshots/e60afcbc-8b0d-4f61-8dc7-fede824cb17f
2026-07-03 12:46:59.287 76 INFO cinder.api.openstack.wsgi [None req-add275ea-57b1-493d-b23d-f147f2f2fc98 511e759e8b764cb1b59b4d2f5126763f 47b29cd5bea1414fbd0c4d7bc55063fa - - default default] http://[LB_IP_ADDRESS]:8776/v3/47b29cd5bea1414fbd0c4d7bc55063fa/group_snapshots/e60afcbc-8b0d-4f61-8dc7-fede824cb17f returned with HTTP 200
2026-07-03 12:46:59.303 72 INFO cinder.api.openstack.wsgi [None req-7bbb8767-1f75-4231-81be-341f9c934901 4b6b24bf020e4855a6780fdb7e8d9b4b effec9bfba3c4fb7a5aacb125a6b5342 - - default default] POST http://[LB_IP_ADDRESS]:8776/v3/effec9bfba3c4fb7a5aacb125a6b5342/group_snapshots/e60afcbc-8b0d-4f61-8dc7-fede824cb17f/action
2026-07-03 12:46:59.321 72 INFO cinder.api.openstack.wsgi [None req-7bbb8767-1f75-4231-81be-341f9c934901 4b6b24bf020e4855a6780fdb7e8d9b4b effec9bfba3c4fb7a5aacb125a6b5342 - - default default] http://[LB_IP_ADDRESS]:8776/v3/effec9bfba3c4fb7a5aacb125a6b5342/group_snapshots/e60afcbc-8b0d-4f61-8dc7-fede824cb17f/action returned with HTTP 202
2026-07-03 12:46:59.333 74 INFO cinder.api.openstack.wsgi [None req-6f1384b2-e602-4fee-91c2-f3ec4b8d018d 511e759e8b764cb1b59b4d2f5126763f 47b29cd5bea1414fbd0c4d7bc55063fa - - default default] GET http://[LB_IP_ADDRESS]:8776/v3/47b29cd5bea1414fbd0c4d7bc55063fa/group_snapshots/e60afcbc-8b0d-4f61-8dc7-fede824cb17f
2026-07-03 12:46:59.349 74 INFO cinder.api.openstack.wsgi [None req-6f1384b2-e602-4fee-91c2-f3ec4b8d018d 511e759e8b764cb1b59b4d2f5126763f 47b29cd5bea1414fbd0c4d7bc55063fa - - default default] http://[LB_IP_ADDRESS]:8776/v3/47b29cd5bea1414fbd0c4d7bc55063fa/group_snapshots/e60afcbc-8b0d-4f61-8dc7-fede824cb17f returned with HTTP 200
2026-07-03 12:46:59.365 75 INFO cinder.api.openstack.wsgi [None req-b70aeeca-bd96-48ca-87c8-3d140bc25ded 511e759e8b764cb1b59b4d2f5126763f 47b29cd5bea1414fbd0c4d7bc55063fa - - default default] DELETE http://[LB_IP_ADDRESS]:8776/v3/47b29cd5bea1414fbd0c4d7bc55063fa/group_snapshots/e60afcbc-8b0d-4f61-8dc7-fede824cb17f
2026-07-03 12:46:59.366 75 INFO cinder.api.v3.group_snapshots [None req-b70aeeca-bd96-48ca-87c8-3d140bc25ded 511e759e8b764cb1b59b4d2f5126763f 47b29cd5bea1414fbd0c4d7bc55063fa - - default default] Delete group_snapshot with id: e60afcbc-8b0d-4f61-8dc7-fede824cb17f
2026-07-03 12:46:59.416 75 INFO cinder.api.openstack.wsgi [None req-b70aeeca-bd96-48ca-87c8-3d140bc25ded 511e759e8b764cb1b59b4d2f5126763f 47b29cd5bea1414fbd0c4d7bc55063fa - - default default] http://[LB_IP_ADDRESS]:8776/v3/47b29cd5bea1414fbd0c4d7bc55063fa/group_snapshots/e60afcbc-8b0d-4f61-8dc7-fede824cb17f returned with HTTP 202
2026-07-03 12:46:59.429 73 INFO cinder.api.openstack.wsgi [None req-5a0667fb-3b64-4dcc-a110-5947d86bea8f 511e759e8b764cb1b59b4d2f5126763f 47b29cd5bea1414fbd0c4d7bc55063fa - - default default] GET http://[LB_IP_ADDRESS]:8776/v3/47b29cd5bea1414fbd0c4d7bc55063fa/volumes/detail
2026-07-03 12:46:59.445 73 INFO cinder.volume.api [None req-5a0667fb-3b64-4dcc-a110-5947d86bea8f 511e759e8b764cb1b59b4d2f5126763f 47b29cd5bea1414fbd0c4d7bc55063fa - - default default] Get all volumes completed successfully.
2026-07-03 12:46:59.476 73 INFO cinder.api.openstack.wsgi [None req-5a0667fb-3b64-4dcc-a110-5947d86bea8f 511e759e8b764cb1b59b4d2f5126763f 47b29cd5bea1414fbd0c4d7bc55063fa - - default default] http://[LB_IP_ADDRESS]:8776/v3/47b29cd5bea1414fbd0c4d7bc55063fa/volumes/detail returned with HTTP 200
2026-07-03 12:46:59.499 76 INFO cinder.api.openstack.wsgi [None req-715fd125-9501-4f6b-85b3-0e322b919917 511e759e8b764cb1b59b4d2f5126763f 47b29cd5bea1414fbd0c4d7bc55063fa - - default default] GET http://[LB_IP_ADDRESS]:8776/v3/47b29cd5bea1414fbd0c4d7bc55063fa/snapshots/detail
2026-07-03 12:46:59.510 76 INFO cinder.volume.api [None req-715fd125-9501-4f6b-85b3-0e322b919917 511e759e8b764cb1b59b4d2f5126763f 47b29cd5bea1414fbd0c4d7bc55063fa - - default default] Get all snapshots completed successfully.
2026-07-03 12:46:59.512 76 INFO cinder.api.openstack.wsgi [None req-715fd125-9501-4f6b-85b3-0e322b919917 511e759e8b764cb1b59b4d2f5126763f 47b29cd5bea1414fbd0c4d7bc55063fa - - default default] http://[LB_IP_ADDRESS]:8776/v3/47b29cd5bea1414fbd0c4d7bc55063fa/snapshots/detail returned with HTTP 200
2026-07-03 12:46:59.529 72 INFO cinder.api.openstack.wsgi [None req-dae925ba-f775-4919-90f8-9260c66ab38c 511e759e8b764cb1b59b4d2f5126763f 47b29cd5bea1414fbd0c4d7bc55063fa - - default default] GET http://[LB_IP_ADDRESS]:8776/v3/47b29cd5bea1414fbd0c4d7bc55063fa/snapshots/58cbf911-35a6-4d0b-bfc1-76263cb59ad0
2026-07-03 12:46:59.540 72 INFO cinder.volume.api [None req-dae925ba-f775-4919-90f8-9260c66ab38c 511e759e8b764cb1b59b4d2f5126763f 47b29cd5bea1414fbd0c4d7bc55063fa - - default default] Snapshot retrieved successfully.
2026-07-03 12:46:59.542 72 INFO cinder.api.openstack.wsgi [None req-dae925ba-f775-4919-90f8-9260c66ab38c 511e759e8b764cb1b59b4d2f5126763f 47b29cd5bea1414fbd0c4d7bc55063fa - - default default] http://[LB_IP_ADDRESS]:8776/v3/47b29cd5bea1414fbd0c4d7bc55063fa/snapshots/58cbf911-35a6-4d0b-bfc1-76263cb59ad0 returned with HTTP 200
2026-07-03 12:47:00.559 74 INFO cinder.api.openstack.wsgi [None req-23288611-92a9-4d6e-be19-12e0d2ff3a6d 511e759e8b764cb1b59b4d2f5126763f 47b29cd5bea1414fbd0c4d7bc55063fa - - default default] GET http://[LB_IP_ADDRESS]:8776/v3/47b29cd5bea1414fbd0c4d7bc55063fa/snapshots/58cbf911-35a6-4d0b-bfc1-76263cb59ad0
2026-07-03 12:47:00.568 74 INFO cinder.api.openstack.wsgi [None req-23288611-92a9-4d6e-be19-12e0d2ff3a6d 511e759e8b764cb1b59b4d2f5126763f 47b29cd5bea1414fbd0c4d7bc55063fa - - default default] http://[LB_IP_ADDRESS]:8776/v3/47b29cd5bea1414fbd0c4d7bc55063fa/snapshots/58cbf911-35a6-4d0b-bfc1-76263cb59ad0 returned with HTTP 404
2026-07-03 12:47:00.580 75 INFO cinder.api.openstack.wsgi [None req-7ee59298-dac6-49ff-8b8e-e2b1c37fa345 511e759e8b764cb1b59b4d2f5126763f 47b29cd5bea1414fbd0c4d7bc55063fa - - default default] GET http://[LB_IP_ADDRESS]:8776/v3/47b29cd5bea1414fbd0c4d7bc55063fa/group_snapshots/e60afcbc-8b0d-4f61-8dc7-fede824cb17f
2026-07-03 12:47:00.585 75 INFO cinder.api.openstack.wsgi [None req-7ee59298-dac6-49ff-8b8e-e2b1c37fa345 511e759e8b764cb1b59b4d2f5126763f 47b29cd5bea1414fbd0c4d7bc55063fa - - default default] http://[LB_IP_ADDRESS]:8776/v3/47b29cd5bea1414fbd0c4d7bc55063fa/group_snapshots/e60afcbc-8b0d-4f61-8dc7-fede824cb17f returned with HTTP 404
2026-07-03 12:47:00.597 73 INFO cinder.api.openstack.wsgi [None req-39e989ec-6e3c-416a-a3c7-adb7faca25ac 511e759e8b764cb1b59b4d2f5126763f 47b29cd5bea1414fbd0c4d7bc55063fa - - default default] GET http://[LB_IP_ADDRESS]:8776/v3/47b29cd5bea1414fbd0c4d7bc55063fa/volumes/detail
2026-07-03 12:47:00.612 73 INFO cinder.volume.api [None req-39e989ec-6e3c-416a-a3c7-adb7faca25ac 511e759e8b764cb1b59b4d2f5126763f 47b29cd5bea1414fbd0c4d7bc55063fa - - default default] Get all volumes completed successfully.
2026-07-03 12:47:00.641 73 INFO cinder.api.openstack.wsgi [None req-39e989ec-6e3c-416a-a3c7-adb7faca25ac 511e759e8b764cb1b59b4d2f5126763f 47b29cd5bea1414fbd0c4d7bc55063fa - - default default] http://[LB_IP_ADDRESS]:8776/v3/47b29cd5bea1414fbd0c4d7bc55063fa/volumes/detail returned with HTTP 200
2026-07-03 12:47:00.663 76 INFO cinder.api.openstack.wsgi [None req-f21675da-5b54-4f3f-b673-dd8dc67df89e 511e759e8b764cb1b59b4d2f5126763f 47b29cd5bea1414fbd0c4d7bc55063fa - - default default] POST http://[LB_IP_ADDRESS]:8776/v3/47b29cd5bea1414fbd0c4d7bc55063fa/groups/8f5223f1-a438-4504-97a5-758c70313487/action
2026-07-03 12:47:00.667 76 INFO cinder.api.v3.groups [None req-f21675da-5b54-4f3f-b673-dd8dc67df89e 511e759e8b764cb1b59b4d2f5126763f 47b29cd5bea1414fbd0c4d7bc55063fa - - default default] Delete group with id: 8f5223f1-a438-4504-97a5-758c70313487
2026-07-03 12:47:00.734 76 INFO cinder.api.openstack.wsgi [None req-f21675da-5b54-4f3f-b673-dd8dc67df89e 511e759e8b764cb1b59b4d2f5126763f 47b29cd5bea1414fbd0c4d7bc55063fa - - default default] http://[LB_IP_ADDRESS]:8776/v3/47b29cd5bea1414fbd0c4d7bc55063fa/groups/8f5223f1-a438-4504-97a5-758c70313487/action returned with HTTP 202
2026-07-03 12:47:00.746 72 INFO cinder.api.openstack.wsgi [None req-d51ef426-ee8d-4081-b13f-c912fdeb4157 511e759e8b764cb1b59b4d2f5126763f 47b29cd5bea1414fbd0c4d7bc55063fa - - default default] GET http://[LB_IP_ADDRESS]:8776/v3/47b29cd5bea1414fbd0c4d7bc55063fa/volumes/f9635e99-8405-404d-b214-85328df57a2b
2026-07-03 12:47:00.770 72 INFO cinder.volume.api [None req-d51ef426-ee8d-4081-b13f-c912fdeb4157 511e759e8b764cb1b59b4d2f5126763f 47b29cd5bea1414fbd0c4d7bc55063fa - - default default] Volume info retrieved successfully.
2026-07-03 12:47:00.801 72 INFO cinder.api.openstack.wsgi [None req-d51ef426-ee8d-4081-b13f-c912fdeb4157 511e759e8b764cb1b59b4d2f5126763f 47b29cd5bea1414fbd0c4d7bc55063fa - - default default] http://[LB_IP_ADDRESS]:8776/v3/47b29cd5bea1414fbd0c4d7bc55063fa/volumes/f9635e99-8405-404d-b214-85328df57a2b returned with HTTP 200
2026-07-03 12:47:01.822 74 INFO cinder.api.openstack.wsgi [None req-1fb56f09-8ac3-458d-b4d2-19d47b10c8bb 511e759e8b764cb1b59b4d2f5126763f 47b29cd5bea1414fbd0c4d7bc55063fa - - default default] GET http://[LB_IP_ADDRESS]:8776/v3/47b29cd5bea1414fbd0c4d7bc55063fa/volumes/f9635e99-8405-404d-b214-85328df57a2b
2026-07-03 12:47:01.835 74 INFO cinder.api.openstack.wsgi [None req-1fb56f09-8ac3-458d-b4d2-19d47b10c8bb 511e759e8b764cb1b59b4d2f5126763f 47b29cd5bea1414fbd0c4d7bc55063fa - - default default] http://[LB_IP_ADDRESS]:8776/v3/47b29cd5bea1414fbd0c4d7bc55063fa/volumes/f9635e99-8405-404d-b214-85328df57a2b returned with HTTP 404
2026-07-03 12:47:01.847 75 INFO cinder.api.openstack.wsgi [None req-26aefe73-0ac0-4a03-b7c5-bc19c8878d4e 511e759e8b764cb1b59b4d2f5126763f 47b29cd5bea1414fbd0c4d7bc55063fa - - default default] GET http://[LB_IP_ADDRESS]:8776/v3/47b29cd5bea1414fbd0c4d7bc55063fa/groups/8f5223f1-a438-4504-97a5-758c70313487
2026-07-03 12:47:01.853 75 INFO cinder.api.openstack.wsgi [None req-26aefe73-0ac0-4a03-b7c5-bc19c8878d4e 511e759e8b764cb1b59b4d2f5126763f 47b29cd5bea1414fbd0c4d7bc55063fa - - default default] http://[LB_IP_ADDRESS]:8776/v3/47b29cd5bea1414fbd0c4d7bc55063fa/groups/8f5223f1-a438-4504-97a5-758c70313487 returned with HTTP 404
2026-07-03 12:47:01.865 73 INFO cinder.api.openstack.wsgi [None req-0f23667d-ba80-40c7-97a1-7cbaddea3865 4b6b24bf020e4855a6780fdb7e8d9b4b effec9bfba3c4fb7a5aacb125a6b5342 - - default default] DELETE http://[LB_IP_ADDRESS]:8776/v3/effec9bfba3c4fb7a5aacb125a6b5342/group_types/05d25d15-22d3-48ce-ba52-8b0509e941d7
2026-07-03 12:47:01.886 73 INFO cinder.api.openstack.wsgi [None req-0f23667d-ba80-40c7-97a1-7cbaddea3865 4b6b24bf020e4855a6780fdb7e8d9b4b effec9bfba3c4fb7a5aacb125a6b5342 - - default default] http://[LB_IP_ADDRESS]:8776/v3/effec9bfba3c4fb7a5aacb125a6b5342/group_types/05d25d15-22d3-48ce-ba52-8b0509e941d7 returned with HTTP 202
2026-07-03 12:47:01.898 76 INFO cinder.api.openstack.wsgi [None req-68fb01c7-6fdb-454e-b1d4-058e7abb3a69 4b6b24bf020e4855a6780fdb7e8d9b4b effec9bfba3c4fb7a5aacb125a6b5342 - - default default] DELETE http://[LB_IP_ADDRESS]:8776/v3/effec9bfba3c4fb7a5aacb125a6b5342/types/a65bc3e5-0b13-44c1-aabb-ff83b3ac7bcc
2026-07-03 12:47:01.956 76 INFO cinder.api.openstack.wsgi [None req-68fb01c7-6fdb-454e-b1d4-058e7abb3a69 4b6b24bf020e4855a6780fdb7e8d9b4b effec9bfba3c4fb7a5aacb125a6b5342 - - default default] http://[LB_IP_ADDRESS]:8776/v3/effec9bfba3c4fb7a5aacb125a6b5342/types/a65bc3e5-0b13-44c1-aabb-ff83b3ac7bcc returned with HTTP 202
2026-07-03 12:47:01.969 72 INFO cinder.api.openstack.wsgi [None req-e4de22c0-2509-449c-91b1-f6da9b7a6592 4b6b24bf020e4855a6780fdb7e8d9b4b effec9bfba3c4fb7a5aacb125a6b5342 - - default default] GET http://[LB_IP_ADDRESS]:8776/v3/effec9bfba3c4fb7a5aacb125a6b5342/types/a65bc3e5-0b13-44c1-aabb-ff83b3ac7bcc
2026-07-03 12:47:01.975 72 INFO cinder.api.openstack.wsgi [None req-e4de22c0-2509-449c-91b1-f6da9b7a6592 4b6b24bf020e4855a6780fdb7e8d9b4b effec9bfba3c4fb7a5aacb125a6b5342 - - default default] http://[LB_IP_ADDRESS]:8776/v3/effec9bfba3c4fb7a5aacb125a6b5342/types/a65bc3e5-0b13-44c1-aabb-ff83b3ac7bcc returned with HTTP 404
2026-07-03 12:47:02.402 74 INFO cinder.api.openstack.wsgi [None req-2e9c208e-e3ab-4d25-8ed3-adc7683ee7d9 f0c7453e23884e04b32d19ffd42de631 e79861a1133043bab41e1119ae88a731 - - default default] POST http://[LB_IP_ADDRESS]:8776/v3/e79861a1133043bab41e1119ae88a731/types
2026-07-03 12:47:02.442 74 INFO cinder.api.openstack.wsgi [None req-2e9c208e-e3ab-4d25-8ed3-adc7683ee7d9 f0c7453e23884e04b32d19ffd42de631 e79861a1133043bab41e1119ae88a731 - - default default] http://[LB_IP_ADDRESS]:8776/v3/e79861a1133043bab41e1119ae88a731/types returned with HTTP 200
2026-07-03 12:47:02.458 73 INFO cinder.api.openstack.wsgi [None req-5bdea63a-381e-484e-8fca-ddec07a6c09f f0c7453e23884e04b32d19ffd42de631 e79861a1133043bab41e1119ae88a731 - - default default] POST http://[LB_IP_ADDRESS]:8776/v3/e79861a1133043bab41e1119ae88a731/group_types
2026-07-03 12:47:02.488 73 INFO cinder.api.openstack.wsgi [None req-5bdea63a-381e-484e-8fca-ddec07a6c09f f0c7453e23884e04b32d19ffd42de631 e79861a1133043bab41e1119ae88a731 - - default default] http://[LB_IP_ADDRESS]:8776/v3/e79861a1133043bab41e1119ae88a731/group_types returned with HTTP 202
2026-07-03 12:47:02.607 75 INFO cinder.api.openstack.wsgi [None req-0544095d-cad0-4beb-a9e0-c13ae2ff813e 979836cfece542e88b9cdeac2c78138d 0c0832097ef84873b679a2b99081b4e5 - - default default] GET http://[LB_IP_ADDRESS]:8776/v3/0c0832097ef84873b679a2b99081b4e5/scheduler-stats/get_pools
2026-07-03 12:47:02.618 76 INFO cinder.api.openstack.wsgi [None req-17dd08d9-d14a-4037-9972-71174a75a760 e1c5372a02b54579bc3dbf9785941d63 ca7a2a7fd2724e1781ebf8820ad53de9 - - default default] POST http://[LB_IP_ADDRESS]:8776/v3/ca7a2a7fd2724e1781ebf8820ad53de9/groups
2026-07-03 12:47:02.631 76 INFO cinder.api.v3.groups [None req-17dd08d9-d14a-4037-9972-71174a75a760 e1c5372a02b54579bc3dbf9785941d63 ca7a2a7fd2724e1781ebf8820ad53de9 - - default default] Creating group tempest-GroupSnapshotsTest-Group-1853861365.
2026-07-03 12:47:02.647 76 INFO cinder.volume.api [None req-17dd08d9-d14a-4037-9972-71174a75a760 e1c5372a02b54579bc3dbf9785941d63 ca7a2a7fd2724e1781ebf8820ad53de9 - - default default] Availability Zones retrieved successfully.
2026-07-03 12:47:02.814 76 INFO cinder.api.openstack.wsgi [None req-17dd08d9-d14a-4037-9972-71174a75a760 e1c5372a02b54579bc3dbf9785941d63 ca7a2a7fd2724e1781ebf8820ad53de9 - - default default] http://[LB_IP_ADDRESS]:8776/v3/ca7a2a7fd2724e1781ebf8820ad53de9/groups returned with HTTP 202
2026-07-03 12:47:02.828 72 INFO cinder.api.openstack.wsgi [None req-96d49040-6045-4979-ad05-25877dc22470 e1c5372a02b54579bc3dbf9785941d63 ca7a2a7fd2724e1781ebf8820ad53de9 - - default default] GET http://[LB_IP_ADDRESS]:8776/v3/ca7a2a7fd2724e1781ebf8820ad53de9/groups/15c001ba-797f-4a91-a08e-8963c881b7b5
2026-07-03 12:47:02.852 72 INFO cinder.api.openstack.wsgi [None req-96d49040-6045-4979-ad05-25877dc22470 e1c5372a02b54579bc3dbf9785941d63 ca7a2a7fd2724e1781ebf8820ad53de9 - - default default] http://[LB_IP_ADDRESS]:8776/v3/ca7a2a7fd2724e1781ebf8820ad53de9/groups/15c001ba-797f-4a91-a08e-8963c881b7b5 returned with HTTP 200
2026-07-03 12:47:03.116 75 INFO cinder.api.openstack.wsgi [None req-0544095d-cad0-4beb-a9e0-c13ae2ff813e 979836cfece542e88b9cdeac2c78138d 0c0832097ef84873b679a2b99081b4e5 - - default default] http://[LB_IP_ADDRESS]:8776/v3/0c0832097ef84873b679a2b99081b4e5/scheduler-stats/get_pools returned with HTTP 200
2026-07-03 12:47:03.869 74 INFO cinder.api.openstack.wsgi [None req-7e6e6cfb-1cb0-44eb-b528-0aef4bc53245 e1c5372a02b54579bc3dbf9785941d63 ca7a2a7fd2724e1781ebf8820ad53de9 - - default default] GET http://[LB_IP_ADDRESS]:8776/v3/ca7a2a7fd2724e1781ebf8820ad53de9/groups/15c001ba-797f-4a91-a08e-8963c881b7b5
2026-07-03 12:47:03.893 74 INFO cinder.api.openstack.wsgi [None req-7e6e6cfb-1cb0-44eb-b528-0aef4bc53245 e1c5372a02b54579bc3dbf9785941d63 ca7a2a7fd2724e1781ebf8820ad53de9 - - default default] http://[LB_IP_ADDRESS]:8776/v3/ca7a2a7fd2724e1781ebf8820ad53de9/groups/15c001ba-797f-4a91-a08e-8963c881b7b5 returned with HTTP 200
2026-07-03 12:47:03.911 73 INFO cinder.api.openstack.wsgi [None req-901f2ef4-4801-4de8-9c8a-e2e5449fcfe8 e1c5372a02b54579bc3dbf9785941d63 ca7a2a7fd2724e1781ebf8820ad53de9 - - default default] POST http://[LB_IP_ADDRESS]:8776/v3/ca7a2a7fd2724e1781ebf8820ad53de9/volumes
2026-07-03 12:47:03.927 73 INFO cinder.api.v3.volumes [None req-901f2ef4-4801-4de8-9c8a-e2e5449fcfe8 e1c5372a02b54579bc3dbf9785941d63 ca7a2a7fd2724e1781ebf8820ad53de9 - - default default] Create volume of 1 GB
2026-07-03 12:47:03.936 73 INFO cinder.volume.api [None req-901f2ef4-4801-4de8-9c8a-e2e5449fcfe8 e1c5372a02b54579bc3dbf9785941d63 ca7a2a7fd2724e1781ebf8820ad53de9 - - default default] Availability Zones retrieved successfully.
2026-07-03 12:47:04.447 73 WARNING cinder.quota [None req-901f2ef4-4801-4de8-9c8a-e2e5449fcfe8 e1c5372a02b54579bc3dbf9785941d63 ca7a2a7fd2724e1781ebf8820ad53de9 - - default default] Deprecated: Default quota for resource: volumes_tempest-GroupSnapshotsTest-volume-type-807792461 is set by the default quota flag: quota_volumes_tempest-GroupSnapshotsTest-volume-type-807792461, it is now deprecated. Please use the default quota class for default quota.
2026-07-03 12:47:04.448 73 WARNING cinder.quota [None req-901f2ef4-4801-4de8-9c8a-e2e5449fcfe8 e1c5372a02b54579bc3dbf9785941d63 ca7a2a7fd2724e1781ebf8820ad53de9 - - default default] Deprecated: Default quota for resource: gigabytes_tempest-GroupSnapshotsTest-volume-type-807792461 is set by the default quota flag: quota_gigabytes_tempest-GroupSnapshotsTest-volume-type-807792461, it is now deprecated. Please use the default quota class for default quota.
2026-07-03 12:47:04.592 73 INFO cinder.volume.api [None req-901f2ef4-4801-4de8-9c8a-e2e5449fcfe8 e1c5372a02b54579bc3dbf9785941d63 ca7a2a7fd2724e1781ebf8820ad53de9 - - default default] Create volume request issued successfully.
2026-07-03 12:47:04.613 73 INFO cinder.api.openstack.wsgi [None req-901f2ef4-4801-4de8-9c8a-e2e5449fcfe8 e1c5372a02b54579bc3dbf9785941d63 ca7a2a7fd2724e1781ebf8820ad53de9 - - default default] http://[LB_IP_ADDRESS]:8776/v3/ca7a2a7fd2724e1781ebf8820ad53de9/volumes returned with HTTP 202
2026-07-03 12:47:04.636 76 INFO cinder.api.openstack.wsgi [None req-42956501-808e-4547-801f-fec48f1a3465 e1c5372a02b54579bc3dbf9785941d63 ca7a2a7fd2724e1781ebf8820ad53de9 - - default default] GET http://[LB_IP_ADDRESS]:8776/v3/ca7a2a7fd2724e1781ebf8820ad53de9/volumes/71cc9248-04ac-4f25-a0f2-b3766c9dfc79
2026-07-03 12:47:04.658 76 INFO cinder.volume.api [None req-42956501-808e-4547-801f-fec48f1a3465 e1c5372a02b54579bc3dbf9785941d63 ca7a2a7fd2724e1781ebf8820ad53de9 - - default default] Volume info retrieved successfully.
2026-07-03 12:47:04.687 76 INFO cinder.api.openstack.wsgi [None req-42956501-808e-4547-801f-fec48f1a3465 e1c5372a02b54579bc3dbf9785941d63 ca7a2a7fd2724e1781ebf8820ad53de9 - - default default] http://[LB_IP_ADDRESS]:8776/v3/ca7a2a7fd2724e1781ebf8820ad53de9/volumes/71cc9248-04ac-4f25-a0f2-b3766c9dfc79 returned with HTTP 200
2026-07-03 12:47:05.710 72 INFO cinder.api.openstack.wsgi [None req-4104e61c-4525-4df0-afed-ef383936ada0 e1c5372a02b54579bc3dbf9785941d63 ca7a2a7fd2724e1781ebf8820ad53de9 - - default default] GET http://[LB_IP_ADDRESS]:8776/v3/ca7a2a7fd2724e1781ebf8820ad53de9/volumes/71cc9248-04ac-4f25-a0f2-b3766c9dfc79
2026-07-03 12:47:05.731 72 INFO cinder.volume.api [None req-4104e61c-4525-4df0-afed-ef383936ada0 e1c5372a02b54579bc3dbf9785941d63 ca7a2a7fd2724e1781ebf8820ad53de9 - - default default] Volume info retrieved successfully.
2026-07-03 12:47:05.761 72 INFO cinder.api.openstack.wsgi [None req-4104e61c-4525-4df0-afed-ef383936ada0 e1c5372a02b54579bc3dbf9785941d63 ca7a2a7fd2724e1781ebf8820ad53de9 - - default default] http://[LB_IP_ADDRESS]:8776/v3/ca7a2a7fd2724e1781ebf8820ad53de9/volumes/71cc9248-04ac-4f25-a0f2-b3766c9dfc79 returned with HTTP 200
2026-07-03 12:47:05.785 75 INFO cinder.api.openstack.wsgi [None req-56161357-c568-4f1a-a03f-b6cec96f00fe e1c5372a02b54579bc3dbf9785941d63 ca7a2a7fd2724e1781ebf8820ad53de9 - - default default] POST http://[LB_IP_ADDRESS]:8776/v3/ca7a2a7fd2724e1781ebf8820ad53de9/group_snapshots
2026-07-03 12:47:05.803 75 INFO cinder.api.v3.group_snapshots [None req-56161357-c568-4f1a-a03f-b6cec96f00fe e1c5372a02b54579bc3dbf9785941d63 ca7a2a7fd2724e1781ebf8820ad53de9 - - default default] Creating group_snapshot tempest-group_snapshot-1004217119.
2026-07-03 12:47:05.948 75 WARNING cinder.quota [None req-56161357-c568-4f1a-a03f-b6cec96f00fe e1c5372a02b54579bc3dbf9785941d63 ca7a2a7fd2724e1781ebf8820ad53de9 - - default default] Deprecated: Default quota for resource: gigabytes_tempest-GroupSnapshotsTest-volume-type-807792461 is set by the default quota flag: quota_gigabytes_tempest-GroupSnapshotsTest-volume-type-807792461, it is now deprecated. Please use the default quota class for default quota.
2026-07-03 12:47:05.949 75 WARNING cinder.quota [None req-56161357-c568-4f1a-a03f-b6cec96f00fe e1c5372a02b54579bc3dbf9785941d63 ca7a2a7fd2724e1781ebf8820ad53de9 - - default default] Deprecated: Default quota for resource: snapshots_tempest-GroupSnapshotsTest-volume-type-807792461 is set by the default quota flag: quota_snapshots_tempest-GroupSnapshotsTest-volume-type-807792461, it is now deprecated. Please use the default quota class for default quota.
2026-07-03 12:47:06.016 75 INFO cinder.api.openstack.wsgi [None req-56161357-c568-4f1a-a03f-b6cec96f00fe e1c5372a02b54579bc3dbf9785941d63 ca7a2a7fd2724e1781ebf8820ad53de9 - - default default] http://[LB_IP_ADDRESS]:8776/v3/ca7a2a7fd2724e1781ebf8820ad53de9/group_snapshots returned with HTTP 202
2026-07-03 12:47:06.031 74 INFO cinder.api.openstack.wsgi [None req-8fff3cd7-cdf9-47c7-aecd-a876cb31d011 e1c5372a02b54579bc3dbf9785941d63 ca7a2a7fd2724e1781ebf8820ad53de9 - - default default] GET http://[LB_IP_ADDRESS]:8776/v3/ca7a2a7fd2724e1781ebf8820ad53de9/group_snapshots/26158990-bcbc-416d-a7e7-d0415d56357e
2026-07-03 12:47:06.047 74 INFO cinder.api.openstack.wsgi [None req-8fff3cd7-cdf9-47c7-aecd-a876cb31d011 e1c5372a02b54579bc3dbf9785941d63 ca7a2a7fd2724e1781ebf8820ad53de9 - - default default] http://[LB_IP_ADDRESS]:8776/v3/ca7a2a7fd2724e1781ebf8820ad53de9/group_snapshots/26158990-bcbc-416d-a7e7-d0415d56357e returned with HTTP 200
2026-07-03 12:47:07.063 73 INFO cinder.api.openstack.wsgi [None req-719f31fe-0746-4290-afb5-faac9a86108c e1c5372a02b54579bc3dbf9785941d63 ca7a2a7fd2724e1781ebf8820ad53de9 - - default default] GET http://[LB_IP_ADDRESS]:8776/v3/ca7a2a7fd2724e1781ebf8820ad53de9/group_snapshots/26158990-bcbc-416d-a7e7-d0415d56357e
2026-07-03 12:47:07.079 73 INFO cinder.api.openstack.wsgi [None req-719f31fe-0746-4290-afb5-faac9a86108c e1c5372a02b54579bc3dbf9785941d63 ca7a2a7fd2724e1781ebf8820ad53de9 - - default default] http://[LB_IP_ADDRESS]:8776/v3/ca7a2a7fd2724e1781ebf8820ad53de9/group_snapshots/26158990-bcbc-416d-a7e7-d0415d56357e returned with HTTP 200
2026-07-03 12:47:08.094 76 INFO cinder.api.openstack.wsgi [None req-3db75515-ccaf-4008-b05f-957d8e5a329e e1c5372a02b54579bc3dbf9785941d63 ca7a2a7fd2724e1781ebf8820ad53de9 - - default default] GET http://[LB_IP_ADDRESS]:8776/v3/ca7a2a7fd2724e1781ebf8820ad53de9/group_snapshots/26158990-bcbc-416d-a7e7-d0415d56357e
2026-07-03 12:47:08.108 76 INFO cinder.api.openstack.wsgi [None req-3db75515-ccaf-4008-b05f-957d8e5a329e e1c5372a02b54579bc3dbf9785941d63 ca7a2a7fd2724e1781ebf8820ad53de9 - - default default] http://[LB_IP_ADDRESS]:8776/v3/ca7a2a7fd2724e1781ebf8820ad53de9/group_snapshots/26158990-bcbc-416d-a7e7-d0415d56357e returned with HTTP 200
2026-07-03 12:47:08.124 72 INFO cinder.api.openstack.wsgi [None req-fec77578-dd21-47e6-851f-48b7a6b339c4 e1c5372a02b54579bc3dbf9785941d63 ca7a2a7fd2724e1781ebf8820ad53de9 - - default default] GET http://[LB_IP_ADDRESS]:8776/v3/ca7a2a7fd2724e1781ebf8820ad53de9/snapshots/detail
2026-07-03 12:47:08.134 72 INFO cinder.volume.api [None req-fec77578-dd21-47e6-851f-48b7a6b339c4 e1c5372a02b54579bc3dbf9785941d63 ca7a2a7fd2724e1781ebf8820ad53de9 - - default default] Get all snapshots completed successfully.
2026-07-03 12:47:08.136 72 INFO cinder.api.openstack.wsgi [None req-fec77578-dd21-47e6-851f-48b7a6b339c4 e1c5372a02b54579bc3dbf9785941d63 ca7a2a7fd2724e1781ebf8820ad53de9 - - default default] http://[LB_IP_ADDRESS]:8776/v3/ca7a2a7fd2724e1781ebf8820ad53de9/snapshots/detail returned with HTTP 200
2026-07-03 12:47:08.153 75 INFO cinder.api.openstack.wsgi [None req-92abc86f-f872-4f82-b657-d9e6059bfe44 e1c5372a02b54579bc3dbf9785941d63 ca7a2a7fd2724e1781ebf8820ad53de9 - - default default] GET http://[LB_IP_ADDRESS]:8776/v3/ca7a2a7fd2724e1781ebf8820ad53de9/snapshots/1165144a-bd61-4f61-b92f-eed9a55cb355
2026-07-03 12:47:08.166 75 INFO cinder.volume.api [None req-92abc86f-f872-4f82-b657-d9e6059bfe44 e1c5372a02b54579bc3dbf9785941d63 ca7a2a7fd2724e1781ebf8820ad53de9 - - default default] Snapshot retrieved successfully.
2026-07-03 12:47:08.167 75 INFO cinder.api.openstack.wsgi [None req-92abc86f-f872-4f82-b657-d9e6059bfe44 e1c5372a02b54579bc3dbf9785941d63 ca7a2a7fd2724e1781ebf8820ad53de9 - - default default] http://[LB_IP_ADDRESS]:8776/v3/ca7a2a7fd2724e1781ebf8820ad53de9/snapshots/1165144a-bd61-4f61-b92f-eed9a55cb355 returned with HTTP 200
2026-07-03 12:47:08.184 74 INFO cinder.api.openstack.wsgi [None req-3cfa520a-b7f0-43b4-969d-201f2d569d85 e1c5372a02b54579bc3dbf9785941d63 ca7a2a7fd2724e1781ebf8820ad53de9 - - default default] POST http://[LB_IP_ADDRESS]:8776/v3/ca7a2a7fd2724e1781ebf8820ad53de9/groups/action
2026-07-03 12:47:08.188 74 INFO cinder.api.v3.groups [None req-3cfa520a-b7f0-43b4-969d-201f2d569d85 e1c5372a02b54579bc3dbf9785941d63 ca7a2a7fd2724e1781ebf8820ad53de9 - - default default] Creating group tempest-Group_from_snap-80046733 from group_snapshot 26158990-bcbc-416d-a7e7-d0415d56357e.
2026-07-03 12:47:08.732 73 INFO cinder.api.openstack.wsgi [None req-7f381ea6-9040-420f-9a17-47f801408ec3 ffec856d9e354d13b8704d065889ae0d 4e2d2c8f1a90429ea7aae30fd0568739 - - default default] POST http://[LB_IP_ADDRESS]:8776/v3/4e2d2c8f1a90429ea7aae30fd0568739/group_types
2026-07-03 12:47:08.762 73 INFO cinder.api.openstack.wsgi [None req-7f381ea6-9040-420f-9a17-47f801408ec3 ffec856d9e354d13b8704d065889ae0d 4e2d2c8f1a90429ea7aae30fd0568739 - - default default] http://[LB_IP_ADDRESS]:8776/v3/4e2d2c8f1a90429ea7aae30fd0568739/group_types returned with HTTP 202
2026-07-03 12:47:08.777 76 INFO cinder.api.openstack.wsgi [None req-d4745bf9-49f4-4d07-96b2-9d6fb08e9623 ffec856d9e354d13b8704d065889ae0d 4e2d2c8f1a90429ea7aae30fd0568739 - - default default] GET http://[LB_IP_ADDRESS]:8776/v3/4e2d2c8f1a90429ea7aae30fd0568739/group_types
2026-07-03 12:47:08.796 76 INFO cinder.api.openstack.wsgi [None req-d4745bf9-49f4-4d07-96b2-9d6fb08e9623 ffec856d9e354d13b8704d065889ae0d 4e2d2c8f1a90429ea7aae30fd0568739 - - default default] http://[LB_IP_ADDRESS]:8776/v3/4e2d2c8f1a90429ea7aae30fd0568739/group_types returned with HTTP 200
2026-07-03 12:47:08.811 72 INFO cinder.api.openstack.wsgi [None req-3c7011a1-c891-4b37-9117-a37411f1cdd0 ffec856d9e354d13b8704d065889ae0d 4e2d2c8f1a90429ea7aae30fd0568739 - - default default] PUT http://[LB_IP_ADDRESS]:8776/v3/4e2d2c8f1a90429ea7aae30fd0568739/group_types/37132c18-7a98-47a9-826e-cb615f28dafb
2026-07-03 12:47:08.834 72 INFO cinder.api.openstack.wsgi [None req-3c7011a1-c891-4b37-9117-a37411f1cdd0 ffec856d9e354d13b8704d065889ae0d 4e2d2c8f1a90429ea7aae30fd0568739 - - default default] http://[LB_IP_ADDRESS]:8776/v3/4e2d2c8f1a90429ea7aae30fd0568739/group_types/37132c18-7a98-47a9-826e-cb615f28dafb returned with HTTP 200
2026-07-03 12:47:08.849 75 INFO cinder.api.openstack.wsgi [None req-652a248b-7534-4f3c-b364-25e7f8452566 ffec856d9e354d13b8704d065889ae0d 4e2d2c8f1a90429ea7aae30fd0568739 - - default default] GET http://[LB_IP_ADDRESS]:8776/v3/4e2d2c8f1a90429ea7aae30fd0568739/group_types/37132c18-7a98-47a9-826e-cb615f28dafb
2026-07-03 12:47:08.856 75 INFO cinder.api.openstack.wsgi [None req-652a248b-7534-4f3c-b364-25e7f8452566 ffec856d9e354d13b8704d065889ae0d 4e2d2c8f1a90429ea7aae30fd0568739 - - default default] http://[LB_IP_ADDRESS]:8776/v3/4e2d2c8f1a90429ea7aae30fd0568739/group_types/37132c18-7a98-47a9-826e-cb615f28dafb returned with HTTP 200
2026-07-03 12:47:08.871 73 INFO cinder.api.openstack.wsgi [None req-5e1e4f68-46c8-4a57-a3a5-8a592447bb9a ffec856d9e354d13b8704d065889ae0d 4e2d2c8f1a90429ea7aae30fd0568739 - - default default] DELETE http://[LB_IP_ADDRESS]:8776/v3/4e2d2c8f1a90429ea7aae30fd0568739/group_types/37132c18-7a98-47a9-826e-cb615f28dafb
2026-07-03 12:47:08.893 73 INFO cinder.api.openstack.wsgi [None req-5e1e4f68-46c8-4a57-a3a5-8a592447bb9a ffec856d9e354d13b8704d065889ae0d 4e2d2c8f1a90429ea7aae30fd0568739 - - default default] http://[LB_IP_ADDRESS]:8776/v3/4e2d2c8f1a90429ea7aae30fd0568739/group_types/37132c18-7a98-47a9-826e-cb615f28dafb returned with HTTP 202
2026-07-03 12:47:08.904 76 INFO cinder.api.openstack.wsgi [None req-52276fd0-d109-42bd-b2e1-7a6a41c8f374 ffec856d9e354d13b8704d065889ae0d 4e2d2c8f1a90429ea7aae30fd0568739 - - default default] GET http://[LB_IP_ADDRESS]:8776/v3/4e2d2c8f1a90429ea7aae30fd0568739/group_types
2026-07-03 12:47:08.915 74 INFO cinder.group.api [None req-3cfa520a-b7f0-43b4-969d-201f2d569d85 e1c5372a02b54579bc3dbf9785941d63 ca7a2a7fd2724e1781ebf8820ad53de9 - - default default] A mapping entry already exists for group 396b5807-2985-4245-be71-c7cb77062000 and volume type 91f1d205-d362-4ef7-b74a-bf66394225e4. Do not need to create again.
2026-07-03 12:47:08.917 74 INFO cinder.volume.api [None req-3cfa520a-b7f0-43b4-969d-201f2d569d85 e1c5372a02b54579bc3dbf9785941d63 ca7a2a7fd2724e1781ebf8820ad53de9 - - default default] Availability Zones retrieved successfully.
2026-07-03 12:47:08.922 76 INFO cinder.api.openstack.wsgi [None req-52276fd0-d109-42bd-b2e1-7a6a41c8f374 ffec856d9e354d13b8704d065889ae0d 4e2d2c8f1a90429ea7aae30fd0568739 - - default default] http://[LB_IP_ADDRESS]:8776/v3/4e2d2c8f1a90429ea7aae30fd0568739/group_types returned with HTTP 200
2026-07-03 12:47:08.939 72 INFO cinder.api.openstack.wsgi [None req-2f9056d8-3d78-4ac8-b46c-04ed15b75a80 ffec856d9e354d13b8704d065889ae0d 4e2d2c8f1a90429ea7aae30fd0568739 - - default default] POST http://[LB_IP_ADDRESS]:8776/v3/4e2d2c8f1a90429ea7aae30fd0568739/group_types
2026-07-03 12:47:08.969 72 INFO cinder.api.openstack.wsgi [None req-2f9056d8-3d78-4ac8-b46c-04ed15b75a80 ffec856d9e354d13b8704d065889ae0d 4e2d2c8f1a90429ea7aae30fd0568739 - - default default] http://[LB_IP_ADDRESS]:8776/v3/4e2d2c8f1a90429ea7aae30fd0568739/group_types returned with HTTP 202
2026-07-03 12:47:08.983 75 INFO cinder.api.openstack.wsgi [None req-b0b8031e-a0e6-462a-bce7-42062c2ff610 ffec856d9e354d13b8704d065889ae0d 4e2d2c8f1a90429ea7aae30fd0568739 - - default default] POST http://[LB_IP_ADDRESS]:8776/v3/4e2d2c8f1a90429ea7aae30fd0568739/group_types
2026-07-03 12:47:09.014 75 INFO cinder.api.openstack.wsgi [None req-b0b8031e-a0e6-462a-bce7-42062c2ff610 ffec856d9e354d13b8704d065889ae0d 4e2d2c8f1a90429ea7aae30fd0568739 - - default default] http://[LB_IP_ADDRESS]:8776/v3/4e2d2c8f1a90429ea7aae30fd0568739/group_types returned with HTTP 202
2026-07-03 12:47:09.029 73 INFO cinder.api.openstack.wsgi [None req-c3a0b9ef-4036-429b-a161-0eef784a582f ffec856d9e354d13b8704d065889ae0d 4e2d2c8f1a90429ea7aae30fd0568739 - - default default] GET http://[LB_IP_ADDRESS]:8776/v3/4e2d2c8f1a90429ea7aae30fd0568739/group_types?sort=name%3Aasc&is_public=None
2026-07-03 12:47:09.048 73 INFO cinder.api.openstack.wsgi [None req-c3a0b9ef-4036-429b-a161-0eef784a582f ffec856d9e354d13b8704d065889ae0d 4e2d2c8f1a90429ea7aae30fd0568739 - - default default] http://[LB_IP_ADDRESS]:8776/v3/4e2d2c8f1a90429ea7aae30fd0568739/group_types?sort=name%3Aasc&is_public=None returned with HTTP 200
2026-07-03 12:47:09.063 76 INFO cinder.api.openstack.wsgi [None req-bce7943e-ef5f-4b1c-8631-b06a2db1d759 ffec856d9e354d13b8704d065889ae0d 4e2d2c8f1a90429ea7aae30fd0568739 - - default default] GET http://[LB_IP_ADDRESS]:8776/v3/4e2d2c8f1a90429ea7aae30fd0568739/group_types?sort=name%3Adesc&is_public=None
2026-07-03 12:47:09.081 76 INFO cinder.api.openstack.wsgi [None req-bce7943e-ef5f-4b1c-8631-b06a2db1d759 ffec856d9e354d13b8704d065889ae0d 4e2d2c8f1a90429ea7aae30fd0568739 - - default default] http://[LB_IP_ADDRESS]:8776/v3/4e2d2c8f1a90429ea7aae30fd0568739/group_types?sort=name%3Adesc&is_public=None returned with HTTP 200
2026-07-03 12:47:09.096 72 INFO cinder.api.openstack.wsgi [None req-223af4c2-d874-46ef-9f1d-0d1cc01f2cfe ffec856d9e354d13b8704d065889ae0d 4e2d2c8f1a90429ea7aae30fd0568739 - - default default] GET http://[LB_IP_ADDRESS]:8776/v3/4e2d2c8f1a90429ea7aae30fd0568739/group_types?is_public=False
2026-07-03 12:47:09.111 72 INFO cinder.api.openstack.wsgi [None req-223af4c2-d874-46ef-9f1d-0d1cc01f2cfe ffec856d9e354d13b8704d065889ae0d 4e2d2c8f1a90429ea7aae30fd0568739 - - default default] http://[LB_IP_ADDRESS]:8776/v3/4e2d2c8f1a90429ea7aae30fd0568739/group_types?is_public=False returned with HTTP 200
2026-07-03 12:47:09.125 75 INFO cinder.api.openstack.wsgi [None req-1ceee7f2-acc4-4964-af98-fdc9b7943241 ffec856d9e354d13b8704d065889ae0d 4e2d2c8f1a90429ea7aae30fd0568739 - - default default] GET http://[LB_IP_ADDRESS]:8776/v3/4e2d2c8f1a90429ea7aae30fd0568739/group_types?is_public=True
2026-07-03 12:47:09.144 75 INFO cinder.api.openstack.wsgi [None req-1ceee7f2-acc4-4964-af98-fdc9b7943241 ffec856d9e354d13b8704d065889ae0d 4e2d2c8f1a90429ea7aae30fd0568739 - - default default] http://[LB_IP_ADDRESS]:8776/v3/4e2d2c8f1a90429ea7aae30fd0568739/group_types?is_public=True returned with HTTP 200
2026-07-03 12:47:09.159 73 INFO cinder.api.openstack.wsgi [None req-989e89cd-35ec-4937-a198-83cb42355c69 ffec856d9e354d13b8704d065889ae0d 4e2d2c8f1a90429ea7aae30fd0568739 - - default default] DELETE http://[LB_IP_ADDRESS]:8776/v3/4e2d2c8f1a90429ea7aae30fd0568739/group_types/c96bc8d3-b15f-48ba-bd7b-f2a99f8e3c4c
2026-07-03 12:47:09.179 73 INFO cinder.api.openstack.wsgi [None req-989e89cd-35ec-4937-a198-83cb42355c69 ffec856d9e354d13b8704d065889ae0d 4e2d2c8f1a90429ea7aae30fd0568739 - - default default] http://[LB_IP_ADDRESS]:8776/v3/4e2d2c8f1a90429ea7aae30fd0568739/group_types/c96bc8d3-b15f-48ba-bd7b-f2a99f8e3c4c returned with HTTP 202
2026-07-03 12:47:09.191 76 INFO cinder.api.openstack.wsgi [None req-b1b563b9-dee7-4614-bf78-ce8dcf8da64c ffec856d9e354d13b8704d065889ae0d 4e2d2c8f1a90429ea7aae30fd0568739 - - default default] DELETE http://[LB_IP_ADDRESS]:8776/v3/4e2d2c8f1a90429ea7aae30fd0568739/group_types/4d8763f6-f884-4965-9057-9e37f8baaa42
2026-07-03 12:47:09.212 76 INFO cinder.api.openstack.wsgi [None req-b1b563b9-dee7-4614-bf78-ce8dcf8da64c ffec856d9e354d13b8704d065889ae0d 4e2d2c8f1a90429ea7aae30fd0568739 - - default default] http://[LB_IP_ADDRESS]:8776/v3/4e2d2c8f1a90429ea7aae30fd0568739/group_types/4d8763f6-f884-4965-9057-9e37f8baaa42 returned with HTTP 202
2026-07-03 12:47:09.234 74 WARNING cinder.quota [None req-3cfa520a-b7f0-43b4-969d-201f2d569d85 e1c5372a02b54579bc3dbf9785941d63 ca7a2a7fd2724e1781ebf8820ad53de9 - - default default] Deprecated: Default quota for resource: volumes_tempest-GroupSnapshotsTest-volume-type-807792461 is set by the default quota flag: quota_volumes_tempest-GroupSnapshotsTest-volume-type-807792461, it is now deprecated. Please use the default quota class for default quota.
2026-07-03 12:47:09.327 74 INFO cinder.volume.api [None req-3cfa520a-b7f0-43b4-969d-201f2d569d85 e1c5372a02b54579bc3dbf9785941d63 ca7a2a7fd2724e1781ebf8820ad53de9 - - default default] Create volume request issued successfully.
2026-07-03 12:47:09.349 74 INFO cinder.api.openstack.wsgi [None req-3cfa520a-b7f0-43b4-969d-201f2d569d85 e1c5372a02b54579bc3dbf9785941d63 ca7a2a7fd2724e1781ebf8820ad53de9 - - default default] http://[LB_IP_ADDRESS]:8776/v3/ca7a2a7fd2724e1781ebf8820ad53de9/groups/action returned with HTTP 202
2026-07-03 12:47:09.363 72 INFO cinder.api.openstack.wsgi [None req-3959ca32-62ad-4382-a9f5-7e560e41b182 e1c5372a02b54579bc3dbf9785941d63 ca7a2a7fd2724e1781ebf8820ad53de9 - - default default] GET http://[LB_IP_ADDRESS]:8776/v3/ca7a2a7fd2724e1781ebf8820ad53de9/volumes/detail
2026-07-03 12:47:09.379 72 INFO cinder.volume.api [None req-3959ca32-62ad-4382-a9f5-7e560e41b182 e1c5372a02b54579bc3dbf9785941d63 ca7a2a7fd2724e1781ebf8820ad53de9 - - default default] Get all volumes completed successfully.
2026-07-03 12:47:09.428 72 INFO cinder.api.openstack.wsgi [None req-3959ca32-62ad-4382-a9f5-7e560e41b182 e1c5372a02b54579bc3dbf9785941d63 ca7a2a7fd2724e1781ebf8820ad53de9 - - default default] http://[LB_IP_ADDRESS]:8776/v3/ca7a2a7fd2724e1781ebf8820ad53de9/volumes/detail returned with HTTP 200
2026-07-03 12:47:09.452 75 INFO cinder.api.openstack.wsgi [None req-bd0244f6-4e87-434d-9e9b-1bdef4e77feb e1c5372a02b54579bc3dbf9785941d63 ca7a2a7fd2724e1781ebf8820ad53de9 - - default default] GET http://[LB_IP_ADDRESS]:8776/v3/ca7a2a7fd2724e1781ebf8820ad53de9/volumes/fcf9e0fa-73ed-4725-ae5b-3da8e6528422
2026-07-03 12:47:09.474 75 INFO cinder.volume.api [None req-bd0244f6-4e87-434d-9e9b-1bdef4e77feb e1c5372a02b54579bc3dbf9785941d63 ca7a2a7fd2724e1781ebf8820ad53de9 - - default default] Volume info retrieved successfully.
2026-07-03 12:47:09.503 75 INFO cinder.api.openstack.wsgi [None req-bd0244f6-4e87-434d-9e9b-1bdef4e77feb e1c5372a02b54579bc3dbf9785941d63 ca7a2a7fd2724e1781ebf8820ad53de9 - - default default] http://[LB_IP_ADDRESS]:8776/v3/ca7a2a7fd2724e1781ebf8820ad53de9/volumes/fcf9e0fa-73ed-4725-ae5b-3da8e6528422 returned with HTTP 200
2026-07-03 12:47:09.940 73 INFO cinder.api.openstack.wsgi [None req-51aff9be-ecfc-4b1e-9d06-668a8db3974e 782fe61940e648429bf2b9eadc2cbfb4 4dcd95371e4f41908dd37446856283c9 - - default default] GET http://[LB_IP_ADDRESS]:8776/v3/4dcd95371e4f41908dd37446856283c9/os-quota-sets/979e355673044509ab2232267868d9db
2026-07-03 12:47:10.068 73 WARNING cinder.quota [None req-51aff9be-ecfc-4b1e-9d06-668a8db3974e 782fe61940e648429bf2b9eadc2cbfb4 4dcd95371e4f41908dd37446856283c9 - - default default] Deprecated: Default quota for resource: snapshots_tempest-GroupSnapshotsTest-volume-type-807792461 is set by the default quota flag: quota_snapshots_tempest-GroupSnapshotsTest-volume-type-807792461, it is now deprecated. Please use the default quota class for default quota.
2026-07-03 12:47:10.175 73 INFO cinder.api.openstack.wsgi [None req-51aff9be-ecfc-4b1e-9d06-668a8db3974e 782fe61940e648429bf2b9eadc2cbfb4 4dcd95371e4f41908dd37446856283c9 - - default default] http://[LB_IP_ADDRESS]:8776/v3/4dcd95371e4f41908dd37446856283c9/os-quota-sets/979e355673044509ab2232267868d9db returned with HTTP 200
2026-07-03 12:47:10.369 76 INFO cinder.api.openstack.wsgi [None req-98930374-7ffd-40de-9b06-6c3bc300237e bb81ac63697a46118baa4898bac5a6d8 979e355673044509ab2232267868d9db - - default default] POST http://[LB_IP_ADDRESS]:8776/v3/979e355673044509ab2232267868d9db/volumes
2026-07-03 12:47:10.373 76 INFO cinder.api.v3.volumes [None req-98930374-7ffd-40de-9b06-6c3bc300237e bb81ac63697a46118baa4898bac5a6d8 979e355673044509ab2232267868d9db - - default default] Create volume of 1 GB
2026-07-03 12:47:10.385 76 INFO cinder.volume.api [None req-98930374-7ffd-40de-9b06-6c3bc300237e bb81ac63697a46118baa4898bac5a6d8 979e355673044509ab2232267868d9db - - default default] Availability Zones retrieved successfully.
2026-07-03 12:47:10.526 74 INFO cinder.api.openstack.wsgi [None req-9ff134a7-e7e1-4d6f-8eed-d0be0cccc1be e1c5372a02b54579bc3dbf9785941d63 ca7a2a7fd2724e1781ebf8820ad53de9 - - default default] GET http://[LB_IP_ADDRESS]:8776/v3/ca7a2a7fd2724e1781ebf8820ad53de9/volumes/fcf9e0fa-73ed-4725-ae5b-3da8e6528422
2026-07-03 12:47:10.547 74 INFO cinder.volume.api [None req-9ff134a7-e7e1-4d6f-8eed-d0be0cccc1be e1c5372a02b54579bc3dbf9785941d63 ca7a2a7fd2724e1781ebf8820ad53de9 - - default default] Volume info retrieved successfully.
2026-07-03 12:47:10.576 74 INFO cinder.api.openstack.wsgi [None req-9ff134a7-e7e1-4d6f-8eed-d0be0cccc1be e1c5372a02b54579bc3dbf9785941d63 ca7a2a7fd2724e1781ebf8820ad53de9 - - default default] http://[LB_IP_ADDRESS]:8776/v3/ca7a2a7fd2724e1781ebf8820ad53de9/volumes/fcf9e0fa-73ed-4725-ae5b-3da8e6528422 returned with HTTP 200
2026-07-03 12:47:10.600 72 INFO cinder.api.openstack.wsgi [None req-c7f021b4-9e37-4f3f-9055-727322e8f65d e1c5372a02b54579bc3dbf9785941d63 ca7a2a7fd2724e1781ebf8820ad53de9 - - default default] GET http://[LB_IP_ADDRESS]:8776/v3/ca7a2a7fd2724e1781ebf8820ad53de9/groups/396b5807-2985-4245-be71-c7cb77062000
2026-07-03 12:47:10.623 72 INFO cinder.api.openstack.wsgi [None req-c7f021b4-9e37-4f3f-9055-727322e8f65d e1c5372a02b54579bc3dbf9785941d63 ca7a2a7fd2724e1781ebf8820ad53de9 - - default default] http://[LB_IP_ADDRESS]:8776/v3/ca7a2a7fd2724e1781ebf8820ad53de9/groups/396b5807-2985-4245-be71-c7cb77062000 returned with HTTP 200
2026-07-03 12:47:10.640 75 INFO cinder.api.openstack.wsgi [None req-ecca6264-0176-478b-9dff-ef116b567517 e1c5372a02b54579bc3dbf9785941d63 ca7a2a7fd2724e1781ebf8820ad53de9 - - default default] GET http://[LB_IP_ADDRESS]:8776/v3/ca7a2a7fd2724e1781ebf8820ad53de9/volumes/detail
2026-07-03 12:47:10.655 75 INFO cinder.volume.api [None req-ecca6264-0176-478b-9dff-ef116b567517 e1c5372a02b54579bc3dbf9785941d63 ca7a2a7fd2724e1781ebf8820ad53de9 - - default default] Get all volumes completed successfully.
2026-07-03 12:47:10.706 75 INFO cinder.api.openstack.wsgi [None req-ecca6264-0176-478b-9dff-ef116b567517 e1c5372a02b54579bc3dbf9785941d63 ca7a2a7fd2724e1781ebf8820ad53de9 - - default default] http://[LB_IP_ADDRESS]:8776/v3/ca7a2a7fd2724e1781ebf8820ad53de9/volumes/detail returned with HTTP 200
2026-07-03 12:47:10.730 73 INFO cinder.api.openstack.wsgi [None req-54079ac2-48b4-4fae-8037-7a98a9ba20f7 e1c5372a02b54579bc3dbf9785941d63 ca7a2a7fd2724e1781ebf8820ad53de9 - - default default] POST http://[LB_IP_ADDRESS]:8776/v3/ca7a2a7fd2724e1781ebf8820ad53de9/groups/396b5807-2985-4245-be71-c7cb77062000/action
2026-07-03 12:47:10.734 73 INFO cinder.api.v3.groups [None req-54079ac2-48b4-4fae-8037-7a98a9ba20f7 e1c5372a02b54579bc3dbf9785941d63 ca7a2a7fd2724e1781ebf8820ad53de9 - - default default] Delete group with id: 396b5807-2985-4245-be71-c7cb77062000
2026-07-03 12:47:10.794 73 INFO cinder.api.openstack.wsgi [None req-54079ac2-48b4-4fae-8037-7a98a9ba20f7 e1c5372a02b54579bc3dbf9785941d63 ca7a2a7fd2724e1781ebf8820ad53de9 - - default default] http://[LB_IP_ADDRESS]:8776/v3/ca7a2a7fd2724e1781ebf8820ad53de9/groups/396b5807-2985-4245-be71-c7cb77062000/action returned with HTTP 202
2026-07-03 12:47:10.806 74 INFO cinder.api.openstack.wsgi [None req-78f33532-a6e7-4b4d-9256-9803fd00cc64 e1c5372a02b54579bc3dbf9785941d63 ca7a2a7fd2724e1781ebf8820ad53de9 - - default default] GET http://[LB_IP_ADDRESS]:8776/v3/ca7a2a7fd2724e1781ebf8820ad53de9/volumes/fcf9e0fa-73ed-4725-ae5b-3da8e6528422
2026-07-03 12:47:10.828 74 INFO cinder.volume.api [None req-78f33532-a6e7-4b4d-9256-9803fd00cc64 e1c5372a02b54579bc3dbf9785941d63 ca7a2a7fd2724e1781ebf8820ad53de9 - - default default] Volume info retrieved successfully.
2026-07-03 12:47:10.856 74 INFO cinder.api.openstack.wsgi [None req-78f33532-a6e7-4b4d-9256-9803fd00cc64 e1c5372a02b54579bc3dbf9785941d63 ca7a2a7fd2724e1781ebf8820ad53de9 - - default default] http://[LB_IP_ADDRESS]:8776/v3/ca7a2a7fd2724e1781ebf8820ad53de9/volumes/fcf9e0fa-73ed-4725-ae5b-3da8e6528422 returned with HTTP 200
2026-07-03 12:47:11.074 76 INFO cinder.volume.api [None req-98930374-7ffd-40de-9b06-6c3bc300237e bb81ac63697a46118baa4898bac5a6d8 979e355673044509ab2232267868d9db - - default default] Create volume request issued successfully.
2026-07-03 12:47:11.075 76 INFO cinder.api.openstack.wsgi [None req-98930374-7ffd-40de-9b06-6c3bc300237e bb81ac63697a46118baa4898bac5a6d8 979e355673044509ab2232267868d9db - - default default] http://[LB_IP_ADDRESS]:8776/v3/979e355673044509ab2232267868d9db/volumes returned with HTTP 202
2026-07-03 12:47:11.096 72 INFO cinder.api.openstack.wsgi [None req-b71dcdd5-afa8-49bd-abca-1f76da4cb0b2 bb81ac63697a46118baa4898bac5a6d8 979e355673044509ab2232267868d9db - - default default] GET http://[LB_IP_ADDRESS]:8776/v3/979e355673044509ab2232267868d9db/volumes/3252c01f-c237-4169-80ed-6271bc91440c
2026-07-03 12:47:11.117 72 INFO cinder.volume.api [None req-b71dcdd5-afa8-49bd-abca-1f76da4cb0b2 bb81ac63697a46118baa4898bac5a6d8 979e355673044509ab2232267868d9db - - default default] Volume info retrieved successfully.
2026-07-03 12:47:11.127 72 INFO cinder.api.openstack.wsgi [None req-b71dcdd5-afa8-49bd-abca-1f76da4cb0b2 bb81ac63697a46118baa4898bac5a6d8 979e355673044509ab2232267868d9db - - default default] http://[LB_IP_ADDRESS]:8776/v3/979e355673044509ab2232267868d9db/volumes/3252c01f-c237-4169-80ed-6271bc91440c returned with HTTP 200
2026-07-03 12:47:11.879 75 INFO cinder.api.openstack.wsgi [None req-91ef4786-2c7c-4a64-afde-f7c53f818603 e1c5372a02b54579bc3dbf9785941d63 ca7a2a7fd2724e1781ebf8820ad53de9 - - default default] GET http://[LB_IP_ADDRESS]:8776/v3/ca7a2a7fd2724e1781ebf8820ad53de9/volumes/fcf9e0fa-73ed-4725-ae5b-3da8e6528422
2026-07-03 12:47:11.891 75 INFO cinder.api.openstack.wsgi [None req-91ef4786-2c7c-4a64-afde-f7c53f818603 e1c5372a02b54579bc3dbf9785941d63 ca7a2a7fd2724e1781ebf8820ad53de9 - - default default] http://[LB_IP_ADDRESS]:8776/v3/ca7a2a7fd2724e1781ebf8820ad53de9/volumes/fcf9e0fa-73ed-4725-ae5b-3da8e6528422 returned with HTTP 404
2026-07-03 12:47:11.903 73 INFO cinder.api.openstack.wsgi [None req-124d7761-dafe-496b-ad5b-3b53403f00f9 e1c5372a02b54579bc3dbf9785941d63 ca7a2a7fd2724e1781ebf8820ad53de9 - - default default] GET http://[LB_IP_ADDRESS]:8776/v3/ca7a2a7fd2724e1781ebf8820ad53de9/groups/396b5807-2985-4245-be71-c7cb77062000
2026-07-03 12:47:11.909 73 INFO cinder.api.openstack.wsgi [None req-124d7761-dafe-496b-ad5b-3b53403f00f9 e1c5372a02b54579bc3dbf9785941d63 ca7a2a7fd2724e1781ebf8820ad53de9 - - default default] http://[LB_IP_ADDRESS]:8776/v3/ca7a2a7fd2724e1781ebf8820ad53de9/groups/396b5807-2985-4245-be71-c7cb77062000 returned with HTTP 404
2026-07-03 12:47:11.923 74 INFO cinder.api.openstack.wsgi [None req-c29f7a19-e6ae-41ee-9fd6-c955fd9162e8 e1c5372a02b54579bc3dbf9785941d63 ca7a2a7fd2724e1781ebf8820ad53de9 - - default default] DELETE http://[LB_IP_ADDRESS]:8776/v3/ca7a2a7fd2724e1781ebf8820ad53de9/group_snapshots/26158990-bcbc-416d-a7e7-d0415d56357e
2026-07-03 12:47:11.924 74 INFO cinder.api.v3.group_snapshots [None req-c29f7a19-e6ae-41ee-9fd6-c955fd9162e8 e1c5372a02b54579bc3dbf9785941d63 ca7a2a7fd2724e1781ebf8820ad53de9 - - default default] Delete group_snapshot with id: 26158990-bcbc-416d-a7e7-d0415d56357e
2026-07-03 12:47:11.976 74 INFO cinder.api.openstack.wsgi [None req-c29f7a19-e6ae-41ee-9fd6-c955fd9162e8 e1c5372a02b54579bc3dbf9785941d63 ca7a2a7fd2724e1781ebf8820ad53de9 - - default default] http://[LB_IP_ADDRESS]:8776/v3/ca7a2a7fd2724e1781ebf8820ad53de9/group_snapshots/26158990-bcbc-416d-a7e7-d0415d56357e returned with HTTP 202
2026-07-03 12:47:11.988 76 INFO cinder.api.openstack.wsgi [None req-a3f17297-4ed6-48ce-a46e-8a049163de02 e1c5372a02b54579bc3dbf9785941d63 ca7a2a7fd2724e1781ebf8820ad53de9 - - default default] GET http://[LB_IP_ADDRESS]:8776/v3/ca7a2a7fd2724e1781ebf8820ad53de9/volumes/detail
2026-07-03 12:47:12.002 76 INFO cinder.volume.api [None req-a3f17297-4ed6-48ce-a46e-8a049163de02 e1c5372a02b54579bc3dbf9785941d63 ca7a2a7fd2724e1781ebf8820ad53de9 - - default default] Get all volumes completed successfully.
2026-07-03 12:47:12.032 76 INFO cinder.api.openstack.wsgi [None req-a3f17297-4ed6-48ce-a46e-8a049163de02 e1c5372a02b54579bc3dbf9785941d63 ca7a2a7fd2724e1781ebf8820ad53de9 - - default default] http://[LB_IP_ADDRESS]:8776/v3/ca7a2a7fd2724e1781ebf8820ad53de9/volumes/detail returned with HTTP 200
2026-07-03 12:47:12.054 72 INFO cinder.api.openstack.wsgi [None req-de32da1a-9c33-434f-a783-b8bfe025ab55 e1c5372a02b54579bc3dbf9785941d63 ca7a2a7fd2724e1781ebf8820ad53de9 - - default default] GET http://[LB_IP_ADDRESS]:8776/v3/ca7a2a7fd2724e1781ebf8820ad53de9/snapshots/detail
2026-07-03 12:47:12.062 72 INFO cinder.volume.api [None req-de32da1a-9c33-434f-a783-b8bfe025ab55 e1c5372a02b54579bc3dbf9785941d63 ca7a2a7fd2724e1781ebf8820ad53de9 - - default default] Get all snapshots completed successfully.
2026-07-03 12:47:12.065 72 INFO cinder.api.openstack.wsgi [None req-de32da1a-9c33-434f-a783-b8bfe025ab55 e1c5372a02b54579bc3dbf9785941d63 ca7a2a7fd2724e1781ebf8820ad53de9 - - default default] http://[LB_IP_ADDRESS]:8776/v3/ca7a2a7fd2724e1781ebf8820ad53de9/snapshots/detail returned with HTTP 200
2026-07-03 12:47:12.081 75 INFO cinder.api.openstack.wsgi [None req-a3498b57-ebcf-4a84-836d-d0ca1f759176 e1c5372a02b54579bc3dbf9785941d63 ca7a2a7fd2724e1781ebf8820ad53de9 - - default default] GET http://[LB_IP_ADDRESS]:8776/v3/ca7a2a7fd2724e1781ebf8820ad53de9/snapshots/1165144a-bd61-4f61-b92f-eed9a55cb355
