2023-05-23 14:40:58.464 22 INFO cinder.api.openstack.wsgi [None req-6391c8f9-b7a9-4046-89c9-0775f1758207 aa681e910bf249fe8e93d4fc6cb7c173 fb19d14b269d45d1a906edada2a604ee - - default default] http://[LB_IP_ADDRESS]:8776/v3/fb19d14b269d45d1a906edada2a604ee/types/0cbe759d-a8ae-4519-bf79-e15c59634654 returned with HTTP 404
2023-05-23 14:40:58.477 19 INFO cinder.api.openstack.wsgi [None req-bfa2b1ba-376e-4486-95e9-6405f097e95e b217f6fd85d74afe99a6fbab1731c978 1dd4397afbe44f9dad667276ef922b18 - - default default] DELETE http://[LB_IP_ADDRESS]:8776/v3/1dd4397afbe44f9dad667276ef922b18/volumes/b5859554-a1fd-49b6-8bc6-30dddf7fdf6a
2023-05-23 14:40:58.478 19 INFO cinder.api.v3.volumes [None req-bfa2b1ba-376e-4486-95e9-6405f097e95e b217f6fd85d74afe99a6fbab1731c978 1dd4397afbe44f9dad667276ef922b18 - - default default] Delete volume with id: b5859554-a1fd-49b6-8bc6-30dddf7fdf6a 
2023-05-23 14:40:58.492 19 INFO cinder.volume.api [None req-bfa2b1ba-376e-4486-95e9-6405f097e95e b217f6fd85d74afe99a6fbab1731c978 1dd4397afbe44f9dad667276ef922b18 - - default default] Volume info retrieved successfully.
2023-05-23 14:40:58.524 19 WARNING cinder.quota [None req-bfa2b1ba-376e-4486-95e9-6405f097e95e b217f6fd85d74afe99a6fbab1731c978 1dd4397afbe44f9dad667276ef922b18 - - default default] Deprecated: Default quota for resource: volumes_tempest-UserMessagesTest-volume-type-1256289003 is set by the default quota flag: quota_volumes_tempest-UserMessagesTest-volume-type-1256289003, it is now deprecated. Please use the default quota class for default quota.
2023-05-23 14:40:58.524 19 WARNING cinder.quota [None req-bfa2b1ba-376e-4486-95e9-6405f097e95e b217f6fd85d74afe99a6fbab1731c978 1dd4397afbe44f9dad667276ef922b18 - - default default] Deprecated: Default quota for resource: gigabytes_tempest-UserMessagesTest-volume-type-1256289003 is set by the default quota flag: quota_gigabytes_tempest-UserMessagesTest-volume-type-1256289003, it is now deprecated. Please use the default quota class for default quota.
2023-05-23 14:40:58.533 20 INFO cinder.api.openstack.wsgi [None req-9e3ffae9-85a0-46af-b97c-fff97e5d58fe d3d4d66059f24bc8b5b6ef0493c393fe d4d5516eb4e54d0eae25807b58cd0df8 - - default default] GET http://[LB_IP_ADDRESS]:8776/v3/d4d5516eb4e54d0eae25807b58cd0df8/groups/abf8fe40-0a4c-4774-89f5-28c6e5446fb2
2023-05-23 14:40:58.538 20 INFO cinder.api.openstack.wsgi [None req-9e3ffae9-85a0-46af-b97c-fff97e5d58fe d3d4d66059f24bc8b5b6ef0493c393fe d4d5516eb4e54d0eae25807b58cd0df8 - - default default] http://[LB_IP_ADDRESS]:8776/v3/d4d5516eb4e54d0eae25807b58cd0df8/groups/abf8fe40-0a4c-4774-89f5-28c6e5446fb2 returned with HTTP 404
2023-05-23 14:40:58.551 21 INFO cinder.api.openstack.wsgi [None req-22be863c-b1ef-4c4b-9779-f4bcbf39ee7a d3d4d66059f24bc8b5b6ef0493c393fe d4d5516eb4e54d0eae25807b58cd0df8 - - default default] GET http://[LB_IP_ADDRESS]:8776/v3/d4d5516eb4e54d0eae25807b58cd0df8/groups/detail
2023-05-23 14:40:58.557 21 INFO cinder.api.openstack.wsgi [None req-22be863c-b1ef-4c4b-9779-f4bcbf39ee7a d3d4d66059f24bc8b5b6ef0493c393fe d4d5516eb4e54d0eae25807b58cd0df8 - - default default] http://[LB_IP_ADDRESS]:8776/v3/d4d5516eb4e54d0eae25807b58cd0df8/groups/detail returned with HTTP 200
2023-05-23 14:40:58.570 19 INFO cinder.volume.api [None req-bfa2b1ba-376e-4486-95e9-6405f097e95e b217f6fd85d74afe99a6fbab1731c978 1dd4397afbe44f9dad667276ef922b18 - - default default] Delete volume request issued successfully.
2023-05-23 14:40:58.571 19 INFO cinder.api.openstack.wsgi [None req-bfa2b1ba-376e-4486-95e9-6405f097e95e b217f6fd85d74afe99a6fbab1731c978 1dd4397afbe44f9dad667276ef922b18 - - default default] http://[LB_IP_ADDRESS]:8776/v3/1dd4397afbe44f9dad667276ef922b18/volumes/b5859554-a1fd-49b6-8bc6-30dddf7fdf6a returned with HTTP 202
2023-05-23 14:40:58.573 18 INFO cinder.api.openstack.wsgi [None req-4130c67b-4e43-49cc-8e9c-43ef241799bb d3d4d66059f24bc8b5b6ef0493c393fe d4d5516eb4e54d0eae25807b58cd0df8 - - default default] GET http://[LB_IP_ADDRESS]:8776/v3/d4d5516eb4e54d0eae25807b58cd0df8/volumes/detail
2023-05-23 14:40:58.584 22 INFO cinder.api.openstack.wsgi [None req-fbda02ee-4a2d-41ac-b0a2-cc419810804b b217f6fd85d74afe99a6fbab1731c978 1dd4397afbe44f9dad667276ef922b18 - - default default] GET http://[LB_IP_ADDRESS]:8776/v3/1dd4397afbe44f9dad667276ef922b18/volumes/b5859554-a1fd-49b6-8bc6-30dddf7fdf6a
2023-05-23 14:40:58.586 18 INFO cinder.volume.api [None req-4130c67b-4e43-49cc-8e9c-43ef241799bb d3d4d66059f24bc8b5b6ef0493c393fe d4d5516eb4e54d0eae25807b58cd0df8 - - default default] Get all volumes completed successfully.
2023-05-23 14:40:58.590 18 INFO cinder.api.openstack.wsgi [None req-4130c67b-4e43-49cc-8e9c-43ef241799bb d3d4d66059f24bc8b5b6ef0493c393fe d4d5516eb4e54d0eae25807b58cd0df8 - - default default] http://[LB_IP_ADDRESS]:8776/v3/d4d5516eb4e54d0eae25807b58cd0df8/volumes/detail returned with HTTP 200
2023-05-23 14:40:58.595 22 INFO cinder.api.openstack.wsgi [None req-fbda02ee-4a2d-41ac-b0a2-cc419810804b b217f6fd85d74afe99a6fbab1731c978 1dd4397afbe44f9dad667276ef922b18 - - default default] http://[LB_IP_ADDRESS]:8776/v3/1dd4397afbe44f9dad667276ef922b18/volumes/b5859554-a1fd-49b6-8bc6-30dddf7fdf6a returned with HTTP 404
2023-05-23 14:40:58.608 20 INFO cinder.api.openstack.wsgi [None req-a89e67a4-ed28-40ad-92e5-c8ba2ad078fc aa681e910bf249fe8e93d4fc6cb7c173 fb19d14b269d45d1a906edada2a604ee - - default default] DELETE http://[LB_IP_ADDRESS]:8776/v3/fb19d14b269d45d1a906edada2a604ee/types/5557c9f3-368b-4549-9d24-1f9fb4402d29
2023-05-23 14:40:58.612 21 INFO cinder.api.openstack.wsgi [None req-28f25509-71ae-4447-9f80-8f3359b0f1e6 d3d4d66059f24bc8b5b6ef0493c393fe d4d5516eb4e54d0eae25807b58cd0df8 - - default default] POST http://[LB_IP_ADDRESS]:8776/v3/d4d5516eb4e54d0eae25807b58cd0df8/groups/abf8fe40-0a4c-4774-89f5-28c6e5446fb2/action
2023-05-23 14:40:58.615 21 INFO cinder.api.v3.groups [None req-28f25509-71ae-4447-9f80-8f3359b0f1e6 d3d4d66059f24bc8b5b6ef0493c393fe d4d5516eb4e54d0eae25807b58cd0df8 - - default default] Delete group with id: abf8fe40-0a4c-4774-89f5-28c6e5446fb2
2023-05-23 14:40:58.619 21 INFO cinder.api.openstack.wsgi [None req-28f25509-71ae-4447-9f80-8f3359b0f1e6 d3d4d66059f24bc8b5b6ef0493c393fe d4d5516eb4e54d0eae25807b58cd0df8 - - default default] http://[LB_IP_ADDRESS]:8776/v3/d4d5516eb4e54d0eae25807b58cd0df8/groups/abf8fe40-0a4c-4774-89f5-28c6e5446fb2/action returned with HTTP 404
2023-05-23 14:40:58.633 19 INFO cinder.api.openstack.wsgi [None req-6440cec1-cef8-4941-b4d9-a5b8f04642b2 d3d4d66059f24bc8b5b6ef0493c393fe d4d5516eb4e54d0eae25807b58cd0df8 - - default default] GET http://[LB_IP_ADDRESS]:8776/v3/d4d5516eb4e54d0eae25807b58cd0df8/volumes/detail
2023-05-23 14:40:58.645 20 INFO cinder.api.openstack.wsgi [None req-a89e67a4-ed28-40ad-92e5-c8ba2ad078fc aa681e910bf249fe8e93d4fc6cb7c173 fb19d14b269d45d1a906edada2a604ee - - default default] http://[LB_IP_ADDRESS]:8776/v3/fb19d14b269d45d1a906edada2a604ee/types/5557c9f3-368b-4549-9d24-1f9fb4402d29 returned with HTTP 202
2023-05-23 14:40:58.646 19 INFO cinder.volume.api [None req-6440cec1-cef8-4941-b4d9-a5b8f04642b2 d3d4d66059f24bc8b5b6ef0493c393fe d4d5516eb4e54d0eae25807b58cd0df8 - - default default] Get all volumes completed successfully.
2023-05-23 14:40:58.650 19 INFO cinder.api.openstack.wsgi [None req-6440cec1-cef8-4941-b4d9-a5b8f04642b2 d3d4d66059f24bc8b5b6ef0493c393fe d4d5516eb4e54d0eae25807b58cd0df8 - - default default] http://[LB_IP_ADDRESS]:8776/v3/d4d5516eb4e54d0eae25807b58cd0df8/volumes/detail returned with HTTP 200
2023-05-23 14:40:58.658 18 INFO cinder.api.openstack.wsgi [None req-2d5b7ede-9227-45f1-a7ab-5c4367d6473c aa681e910bf249fe8e93d4fc6cb7c173 fb19d14b269d45d1a906edada2a604ee - - default default] GET http://[LB_IP_ADDRESS]:8776/v3/fb19d14b269d45d1a906edada2a604ee/types/5557c9f3-368b-4549-9d24-1f9fb4402d29
2023-05-23 14:40:58.663 18 INFO cinder.api.openstack.wsgi [None req-2d5b7ede-9227-45f1-a7ab-5c4367d6473c aa681e910bf249fe8e93d4fc6cb7c173 fb19d14b269d45d1a906edada2a604ee - - default default] http://[LB_IP_ADDRESS]:8776/v3/fb19d14b269d45d1a906edada2a604ee/types/5557c9f3-368b-4549-9d24-1f9fb4402d29 returned with HTTP 404
2023-05-23 14:40:58.671 22 INFO cinder.api.openstack.wsgi [None req-c75c48d4-6877-41d1-bed4-41da21a40a86 d3d4d66059f24bc8b5b6ef0493c393fe d4d5516eb4e54d0eae25807b58cd0df8 - - default default] POST http://[LB_IP_ADDRESS]:8776/v3/d4d5516eb4e54d0eae25807b58cd0df8/groups/c0493c22-77da-46f1-a8a9-4ed8f66b7729/action
2023-05-23 14:40:58.674 22 INFO cinder.api.v3.groups [None req-c75c48d4-6877-41d1-bed4-41da21a40a86 d3d4d66059f24bc8b5b6ef0493c393fe d4d5516eb4e54d0eae25807b58cd0df8 - - default default] Delete group with id: c0493c22-77da-46f1-a8a9-4ed8f66b7729
2023-05-23 14:40:58.678 22 INFO cinder.api.openstack.wsgi [None req-c75c48d4-6877-41d1-bed4-41da21a40a86 d3d4d66059f24bc8b5b6ef0493c393fe d4d5516eb4e54d0eae25807b58cd0df8 - - default default] http://[LB_IP_ADDRESS]:8776/v3/d4d5516eb4e54d0eae25807b58cd0df8/groups/c0493c22-77da-46f1-a8a9-4ed8f66b7729/action returned with HTTP 404
2023-05-23 14:40:58.690 21 INFO cinder.api.openstack.wsgi [None req-7f0f4fc9-16dd-4ed5-84e8-983f7a572c67 9349addc206545df844d6013b8e246f0 c6e22d9d58eb4dcda67622ca1fdc80fb - - default default] DELETE http://[LB_IP_ADDRESS]:8776/v3/c6e22d9d58eb4dcda67622ca1fdc80fb/group_types/57ca3086-1c97-49fd-bbea-da97a9a41aa8
2023-05-23 14:40:58.707 21 INFO cinder.api.openstack.wsgi [None req-7f0f4fc9-16dd-4ed5-84e8-983f7a572c67 9349addc206545df844d6013b8e246f0 c6e22d9d58eb4dcda67622ca1fdc80fb - - default default] http://[LB_IP_ADDRESS]:8776/v3/c6e22d9d58eb4dcda67622ca1fdc80fb/group_types/57ca3086-1c97-49fd-bbea-da97a9a41aa8 returned with HTTP 202
2023-05-23 14:40:58.721 20 INFO cinder.api.openstack.wsgi [None req-db8f6b77-dabb-40c2-a2ce-27383df18902 9349addc206545df844d6013b8e246f0 c6e22d9d58eb4dcda67622ca1fdc80fb - - default default] POST http://[LB_IP_ADDRESS]:8776/v3/c6e22d9d58eb4dcda67622ca1fdc80fb/types
2023-05-23 14:40:58.740 20 INFO cinder.api.openstack.wsgi [None req-db8f6b77-dabb-40c2-a2ce-27383df18902 9349addc206545df844d6013b8e246f0 c6e22d9d58eb4dcda67622ca1fdc80fb - - default default] http://[LB_IP_ADDRESS]:8776/v3/c6e22d9d58eb4dcda67622ca1fdc80fb/types returned with HTTP 200
2023-05-23 14:40:58.754 19 INFO cinder.api.openstack.wsgi [None req-968fbbe5-c628-443f-9ebb-ed1d8ef10828 9349addc206545df844d6013b8e246f0 c6e22d9d58eb4dcda67622ca1fdc80fb - - default default] POST http://[LB_IP_ADDRESS]:8776/v3/c6e22d9d58eb4dcda67622ca1fdc80fb/group_types
2023-05-23 14:40:58.773 19 INFO cinder.api.openstack.wsgi [None req-968fbbe5-c628-443f-9ebb-ed1d8ef10828 9349addc206545df844d6013b8e246f0 c6e22d9d58eb4dcda67622ca1fdc80fb - - default default] http://[LB_IP_ADDRESS]:8776/v3/c6e22d9d58eb4dcda67622ca1fdc80fb/group_types returned with HTTP 202
2023-05-23 14:40:58.787 18 INFO cinder.api.openstack.wsgi [None req-fa087a22-3e44-4bd5-bd5d-3b71cb708b64 d3d4d66059f24bc8b5b6ef0493c393fe d4d5516eb4e54d0eae25807b58cd0df8 - - default default] POST http://[LB_IP_ADDRESS]:8776/v3/d4d5516eb4e54d0eae25807b58cd0df8/groups
2023-05-23 14:40:58.797 18 INFO cinder.api.v3.groups [None req-fa087a22-3e44-4bd5-bd5d-3b71cb708b64 d3d4d66059f24bc8b5b6ef0493c393fe d4d5516eb4e54d0eae25807b58cd0df8 - - default default] Creating group tempest-GroupsTest-Group-1916840612.
2023-05-23 14:40:58.807 18 INFO cinder.volume.api [None req-fa087a22-3e44-4bd5-bd5d-3b71cb708b64 d3d4d66059f24bc8b5b6ef0493c393fe d4d5516eb4e54d0eae25807b58cd0df8 - - default default] Availability Zones retrieved successfully.
2023-05-23 14:40:58.863 18 INFO cinder.api.openstack.wsgi [None req-fa087a22-3e44-4bd5-bd5d-3b71cb708b64 d3d4d66059f24bc8b5b6ef0493c393fe d4d5516eb4e54d0eae25807b58cd0df8 - - default default] http://[LB_IP_ADDRESS]:8776/v3/d4d5516eb4e54d0eae25807b58cd0df8/groups returned with HTTP 202
2023-05-23 14:40:58.878 22 INFO cinder.api.openstack.wsgi [None req-01934ab4-ad3f-4610-bd50-e2cbe6e4a23e d3d4d66059f24bc8b5b6ef0493c393fe d4d5516eb4e54d0eae25807b58cd0df8 - - default default] GET http://[LB_IP_ADDRESS]:8776/v3/d4d5516eb4e54d0eae25807b58cd0df8/groups/4dbbd0e6-03e2-4784-8ccc-ed44ede4c60d
2023-05-23 14:40:58.896 22 INFO cinder.api.openstack.wsgi [None req-01934ab4-ad3f-4610-bd50-e2cbe6e4a23e d3d4d66059f24bc8b5b6ef0493c393fe d4d5516eb4e54d0eae25807b58cd0df8 - - default default] http://[LB_IP_ADDRESS]:8776/v3/d4d5516eb4e54d0eae25807b58cd0df8/groups/4dbbd0e6-03e2-4784-8ccc-ed44ede4c60d returned with HTTP 200
2023-05-23 14:40:58.912 21 INFO cinder.api.openstack.wsgi [None req-efd5753f-64bb-49da-b677-ed962e0adcdf 09c229fb3e014410888b02e50b42e63d 65ad8d60347743f4b029ad5f8374c0a0 - - default default] GET http://[LB_IP_ADDRESS]:8776/v3/65ad8d60347743f4b029ad5f8374c0a0/volumes/7c0c25ce-74c7-493f-a9c5-1edda4fcf664
2023-05-23 14:40:58.923 21 INFO cinder.api.openstack.wsgi [None req-efd5753f-64bb-49da-b677-ed962e0adcdf 09c229fb3e014410888b02e50b42e63d 65ad8d60347743f4b029ad5f8374c0a0 - - default default] http://[LB_IP_ADDRESS]:8776/v3/65ad8d60347743f4b029ad5f8374c0a0/volumes/7c0c25ce-74c7-493f-a9c5-1edda4fcf664 returned with HTTP 404
2023-05-23 14:40:59.912 20 INFO cinder.api.openstack.wsgi [None req-36f82b11-15d2-4244-ac33-4db4be44d66e d3d4d66059f24bc8b5b6ef0493c393fe d4d5516eb4e54d0eae25807b58cd0df8 - - default default] GET http://[LB_IP_ADDRESS]:8776/v3/d4d5516eb4e54d0eae25807b58cd0df8/groups/4dbbd0e6-03e2-4784-8ccc-ed44ede4c60d
2023-05-23 14:40:59.930 20 INFO cinder.api.openstack.wsgi [None req-36f82b11-15d2-4244-ac33-4db4be44d66e d3d4d66059f24bc8b5b6ef0493c393fe d4d5516eb4e54d0eae25807b58cd0df8 - - default default] http://[LB_IP_ADDRESS]:8776/v3/d4d5516eb4e54d0eae25807b58cd0df8/groups/4dbbd0e6-03e2-4784-8ccc-ed44ede4c60d returned with HTTP 200
2023-05-23 14:40:59.943 19 INFO cinder.api.openstack.wsgi [None req-48f29db8-78b0-409b-a165-b721e967234d d3d4d66059f24bc8b5b6ef0493c393fe d4d5516eb4e54d0eae25807b58cd0df8 - - default default] POST http://[LB_IP_ADDRESS]:8776/v3/d4d5516eb4e54d0eae25807b58cd0df8/volumes
2023-05-23 14:40:59.957 19 INFO cinder.api.v3.volumes [None req-48f29db8-78b0-409b-a165-b721e967234d d3d4d66059f24bc8b5b6ef0493c393fe d4d5516eb4e54d0eae25807b58cd0df8 - - default default] Create volume of 1 GB
2023-05-23 14:40:59.965 19 INFO cinder.volume.api [None req-48f29db8-78b0-409b-a165-b721e967234d d3d4d66059f24bc8b5b6ef0493c393fe d4d5516eb4e54d0eae25807b58cd0df8 - - default default] Availability Zones retrieved successfully.
2023-05-23 14:41:00.057 19 WARNING cinder.quota [None req-48f29db8-78b0-409b-a165-b721e967234d d3d4d66059f24bc8b5b6ef0493c393fe d4d5516eb4e54d0eae25807b58cd0df8 - - default default] Deprecated: Default quota for resource: volumes_tempest-GroupsTest-volume-type-1616285169 is set by the default quota flag: quota_volumes_tempest-GroupsTest-volume-type-1616285169, it is now deprecated. Please use the default quota class for default quota.
2023-05-23 14:41:00.057 19 WARNING cinder.quota [None req-48f29db8-78b0-409b-a165-b721e967234d d3d4d66059f24bc8b5b6ef0493c393fe d4d5516eb4e54d0eae25807b58cd0df8 - - default default] Deprecated: Default quota for resource: gigabytes_tempest-GroupsTest-volume-type-1616285169 is set by the default quota flag: quota_gigabytes_tempest-GroupsTest-volume-type-1616285169, it is now deprecated. Please use the default quota class for default quota.
2023-05-23 14:41:00.141 19 INFO cinder.volume.api [None req-48f29db8-78b0-409b-a165-b721e967234d d3d4d66059f24bc8b5b6ef0493c393fe d4d5516eb4e54d0eae25807b58cd0df8 - - default default] Create volume request issued successfully.
2023-05-23 14:41:00.157 19 INFO cinder.api.openstack.wsgi [None req-48f29db8-78b0-409b-a165-b721e967234d d3d4d66059f24bc8b5b6ef0493c393fe d4d5516eb4e54d0eae25807b58cd0df8 - - default default] http://[LB_IP_ADDRESS]:8776/v3/d4d5516eb4e54d0eae25807b58cd0df8/volumes returned with HTTP 202
2023-05-23 14:41:00.176 18 INFO cinder.api.openstack.wsgi [None req-5a028a46-b076-4e9b-b32e-001565c31247 d3d4d66059f24bc8b5b6ef0493c393fe d4d5516eb4e54d0eae25807b58cd0df8 - - default default] GET http://[LB_IP_ADDRESS]:8776/v3/d4d5516eb4e54d0eae25807b58cd0df8/volumes/679eaa1b-3350-45ec-bde4-e2f62c53f2b1
2023-05-23 14:41:00.195 18 INFO cinder.volume.api [None req-5a028a46-b076-4e9b-b32e-001565c31247 d3d4d66059f24bc8b5b6ef0493c393fe d4d5516eb4e54d0eae25807b58cd0df8 - - default default] Volume info retrieved successfully.
2023-05-23 14:41:00.216 18 INFO cinder.api.openstack.wsgi [None req-5a028a46-b076-4e9b-b32e-001565c31247 d3d4d66059f24bc8b5b6ef0493c393fe d4d5516eb4e54d0eae25807b58cd0df8 - - default default] http://[LB_IP_ADDRESS]:8776/v3/d4d5516eb4e54d0eae25807b58cd0df8/volumes/679eaa1b-3350-45ec-bde4-e2f62c53f2b1 returned with HTTP 200
2023-05-23 14:41:01.237 22 INFO cinder.api.openstack.wsgi [None req-291258f4-dd67-40ad-adee-8a4ff764e335 d3d4d66059f24bc8b5b6ef0493c393fe d4d5516eb4e54d0eae25807b58cd0df8 - - default default] GET http://[LB_IP_ADDRESS]:8776/v3/d4d5516eb4e54d0eae25807b58cd0df8/volumes/679eaa1b-3350-45ec-bde4-e2f62c53f2b1
2023-05-23 14:41:01.255 22 INFO cinder.volume.api [None req-291258f4-dd67-40ad-adee-8a4ff764e335 d3d4d66059f24bc8b5b6ef0493c393fe d4d5516eb4e54d0eae25807b58cd0df8 - - default default] Volume info retrieved successfully.
2023-05-23 14:41:01.278 22 INFO cinder.api.openstack.wsgi [None req-291258f4-dd67-40ad-adee-8a4ff764e335 d3d4d66059f24bc8b5b6ef0493c393fe d4d5516eb4e54d0eae25807b58cd0df8 - - default default] http://[LB_IP_ADDRESS]:8776/v3/d4d5516eb4e54d0eae25807b58cd0df8/volumes/679eaa1b-3350-45ec-bde4-e2f62c53f2b1 returned with HTTP 200
2023-05-23 14:41:02.120 21 INFO cinder.api.openstack.wsgi [None req-2effb3fd-9447-4811-b5e9-040b188e7098 729f1480bb6f4bf3bfeaf1e71276db78 edd675d442bd416486e000933f90a063 - - default default] GET http://[LB_IP_ADDRESS]:8776/v3/edd675d442bd416486e000933f90a063/extensions
2023-05-23 14:41:02.121 21 INFO cinder.api.openstack.wsgi [None req-2effb3fd-9447-4811-b5e9-040b188e7098 729f1480bb6f4bf3bfeaf1e71276db78 edd675d442bd416486e000933f90a063 - - default default] http://[LB_IP_ADDRESS]:8776/v3/edd675d442bd416486e000933f90a063/extensions returned with HTTP 200
2023-05-23 14:41:02.301 20 INFO cinder.api.openstack.wsgi [None req-4a1f1bba-e17d-44be-a328-95c395fae8f8 d3d4d66059f24bc8b5b6ef0493c393fe d4d5516eb4e54d0eae25807b58cd0df8 - - default default] GET http://[LB_IP_ADDRESS]:8776/v3/d4d5516eb4e54d0eae25807b58cd0df8/volumes/679eaa1b-3350-45ec-bde4-e2f62c53f2b1
2023-05-23 14:41:02.320 20 INFO cinder.volume.api [None req-4a1f1bba-e17d-44be-a328-95c395fae8f8 d3d4d66059f24bc8b5b6ef0493c393fe d4d5516eb4e54d0eae25807b58cd0df8 - - default default] Volume info retrieved successfully.
2023-05-23 14:41:02.341 20 INFO cinder.api.openstack.wsgi [None req-4a1f1bba-e17d-44be-a328-95c395fae8f8 d3d4d66059f24bc8b5b6ef0493c393fe d4d5516eb4e54d0eae25807b58cd0df8 - - default default] http://[LB_IP_ADDRESS]:8776/v3/d4d5516eb4e54d0eae25807b58cd0df8/volumes/679eaa1b-3350-45ec-bde4-e2f62c53f2b1 returned with HTTP 200
2023-05-23 14:41:02.362 19 INFO cinder.api.openstack.wsgi [None req-f0910cbe-67e0-4ffd-8c16-8be8bb3f2972 d3d4d66059f24bc8b5b6ef0493c393fe d4d5516eb4e54d0eae25807b58cd0df8 - - default default] POST http://[LB_IP_ADDRESS]:8776/v3/d4d5516eb4e54d0eae25807b58cd0df8/volumes
2023-05-23 14:41:02.375 19 INFO cinder.api.v3.volumes [None req-f0910cbe-67e0-4ffd-8c16-8be8bb3f2972 d3d4d66059f24bc8b5b6ef0493c393fe d4d5516eb4e54d0eae25807b58cd0df8 - - default default] Create volume of 1 GB
2023-05-23 14:41:02.383 19 INFO cinder.volume.api [None req-f0910cbe-67e0-4ffd-8c16-8be8bb3f2972 d3d4d66059f24bc8b5b6ef0493c393fe d4d5516eb4e54d0eae25807b58cd0df8 - - default default] Availability Zones retrieved successfully.
2023-05-23 14:41:02.541 19 INFO cinder.volume.api [None req-f0910cbe-67e0-4ffd-8c16-8be8bb3f2972 d3d4d66059f24bc8b5b6ef0493c393fe d4d5516eb4e54d0eae25807b58cd0df8 - - default default] Create volume request issued successfully.
2023-05-23 14:41:02.557 19 INFO cinder.api.openstack.wsgi [None req-f0910cbe-67e0-4ffd-8c16-8be8bb3f2972 d3d4d66059f24bc8b5b6ef0493c393fe d4d5516eb4e54d0eae25807b58cd0df8 - - default default] http://[LB_IP_ADDRESS]:8776/v3/d4d5516eb4e54d0eae25807b58cd0df8/volumes returned with HTTP 202
2023-05-23 14:41:02.577 18 INFO cinder.api.openstack.wsgi [None req-769c679c-28ac-4cae-8070-87734e94aa0e d3d4d66059f24bc8b5b6ef0493c393fe d4d5516eb4e54d0eae25807b58cd0df8 - - default default] GET http://[LB_IP_ADDRESS]:8776/v3/d4d5516eb4e54d0eae25807b58cd0df8/volumes/9aaffdd9-0e26-4993-9351-ea41bc01cdac
2023-05-23 14:41:02.596 18 INFO cinder.volume.api [None req-769c679c-28ac-4cae-8070-87734e94aa0e d3d4d66059f24bc8b5b6ef0493c393fe d4d5516eb4e54d0eae25807b58cd0df8 - - default default] Volume info retrieved successfully.
2023-05-23 14:41:02.618 18 INFO cinder.api.openstack.wsgi [None req-769c679c-28ac-4cae-8070-87734e94aa0e d3d4d66059f24bc8b5b6ef0493c393fe d4d5516eb4e54d0eae25807b58cd0df8 - - default default] http://[LB_IP_ADDRESS]:8776/v3/d4d5516eb4e54d0eae25807b58cd0df8/volumes/9aaffdd9-0e26-4993-9351-ea41bc01cdac returned with HTTP 200
2023-05-23 14:41:03.641 21 INFO cinder.api.openstack.wsgi [None req-4cf0eee6-fbe2-4a34-a39a-f22a859e7818 d3d4d66059f24bc8b5b6ef0493c393fe d4d5516eb4e54d0eae25807b58cd0df8 - - default default] GET http://[LB_IP_ADDRESS]:8776/v3/d4d5516eb4e54d0eae25807b58cd0df8/volumes/9aaffdd9-0e26-4993-9351-ea41bc01cdac
2023-05-23 14:41:03.660 21 INFO cinder.volume.api [None req-4cf0eee6-fbe2-4a34-a39a-f22a859e7818 d3d4d66059f24bc8b5b6ef0493c393fe d4d5516eb4e54d0eae25807b58cd0df8 - - default default] Volume info retrieved successfully.
2023-05-23 14:41:03.682 21 INFO cinder.api.openstack.wsgi [None req-4cf0eee6-fbe2-4a34-a39a-f22a859e7818 d3d4d66059f24bc8b5b6ef0493c393fe d4d5516eb4e54d0eae25807b58cd0df8 - - default default] http://[LB_IP_ADDRESS]:8776/v3/d4d5516eb4e54d0eae25807b58cd0df8/volumes/9aaffdd9-0e26-4993-9351-ea41bc01cdac returned with HTTP 200
2023-05-23 14:41:03.712 22 INFO cinder.api.openstack.wsgi [None req-666a560b-aef3-440b-af97-d58812b0669f 7e29b6d91a674b90acb8addcd7d3d6c3 d95d6dbf3085468185ea45129b0eb131 - - default default] GET http://[LB_IP_ADDRESS]:8776/v3/d95d6dbf3085468185ea45129b0eb131/scheduler-stats/get_pools
2023-05-23 14:41:03.728 22 INFO cinder.api.openstack.wsgi [None req-666a560b-aef3-440b-af97-d58812b0669f 7e29b6d91a674b90acb8addcd7d3d6c3 d95d6dbf3085468185ea45129b0eb131 - - default default] http://[LB_IP_ADDRESS]:8776/v3/d95d6dbf3085468185ea45129b0eb131/scheduler-stats/get_pools returned with HTTP 200
2023-05-23 14:41:04.706 20 INFO cinder.api.openstack.wsgi [None req-6997f0cc-eb16-401e-aafc-095878e816a5 d3d4d66059f24bc8b5b6ef0493c393fe d4d5516eb4e54d0eae25807b58cd0df8 - - default default] GET http://[LB_IP_ADDRESS]:8776/v3/d4d5516eb4e54d0eae25807b58cd0df8/volumes/9aaffdd9-0e26-4993-9351-ea41bc01cdac
2023-05-23 14:41:04.725 20 INFO cinder.volume.api [None req-6997f0cc-eb16-401e-aafc-095878e816a5 d3d4d66059f24bc8b5b6ef0493c393fe d4d5516eb4e54d0eae25807b58cd0df8 - - default default] Volume info retrieved successfully.
2023-05-23 14:41:04.746 20 INFO cinder.api.openstack.wsgi [None req-6997f0cc-eb16-401e-aafc-095878e816a5 d3d4d66059f24bc8b5b6ef0493c393fe d4d5516eb4e54d0eae25807b58cd0df8 - - default default] http://[LB_IP_ADDRESS]:8776/v3/d4d5516eb4e54d0eae25807b58cd0df8/volumes/9aaffdd9-0e26-4993-9351-ea41bc01cdac returned with HTTP 200
2023-05-23 14:41:04.769 19 INFO cinder.api.openstack.wsgi [None req-f4264db8-3915-4efe-a5a0-4cc67bcf7273 d3d4d66059f24bc8b5b6ef0493c393fe d4d5516eb4e54d0eae25807b58cd0df8 - - default default] PUT http://[LB_IP_ADDRESS]:8776/v3/d4d5516eb4e54d0eae25807b58cd0df8/groups/4dbbd0e6-03e2-4784-8ccc-ed44ede4c60d
2023-05-23 14:41:04.771 19 INFO cinder.api.v3.groups [None req-f4264db8-3915-4efe-a5a0-4cc67bcf7273 d3d4d66059f24bc8b5b6ef0493c393fe d4d5516eb4e54d0eae25807b58cd0df8 - - default default] Updating group 4dbbd0e6-03e2-4784-8ccc-ed44ede4c60d with name new_group description: This is a new group add_volumes: None remove_volumes: 9aaffdd9-0e26-4993-9351-ea41bc01cdac.
2023-05-23 14:41:04.800 19 INFO cinder.api.openstack.wsgi [None req-f4264db8-3915-4efe-a5a0-4cc67bcf7273 d3d4d66059f24bc8b5b6ef0493c393fe d4d5516eb4e54d0eae25807b58cd0df8 - - default default] http://[LB_IP_ADDRESS]:8776/v3/d4d5516eb4e54d0eae25807b58cd0df8/groups/4dbbd0e6-03e2-4784-8ccc-ed44ede4c60d returned with HTTP 202
2023-05-23 14:41:04.813 18 INFO cinder.api.openstack.wsgi [None req-f86c8d5a-9cc5-486a-882c-2be0917f5fa7 d3d4d66059f24bc8b5b6ef0493c393fe d4d5516eb4e54d0eae25807b58cd0df8 - - default default] GET http://[LB_IP_ADDRESS]:8776/v3/d4d5516eb4e54d0eae25807b58cd0df8/groups/4dbbd0e6-03e2-4784-8ccc-ed44ede4c60d
2023-05-23 14:41:04.831 18 INFO cinder.api.openstack.wsgi [None req-f86c8d5a-9cc5-486a-882c-2be0917f5fa7 d3d4d66059f24bc8b5b6ef0493c393fe d4d5516eb4e54d0eae25807b58cd0df8 - - default default] http://[LB_IP_ADDRESS]:8776/v3/d4d5516eb4e54d0eae25807b58cd0df8/groups/4dbbd0e6-03e2-4784-8ccc-ed44ede4c60d returned with HTTP 200
2023-05-23 14:41:05.075 21 INFO cinder.api.openstack.wsgi [None req-e7ae9e81-d5b9-4f40-82ea-077e6a9a31f0 ae742bc30d314b40a2e9a74c31affd08 61cbb1467fe84038903c8c7bda136195 - - default default] POST http://[LB_IP_ADDRESS]:8776/v3/61cbb1467fe84038903c8c7bda136195/volumes
2023-05-23 14:41:05.132 21 INFO cinder.api.v3.volumes [None req-e7ae9e81-d5b9-4f40-82ea-077e6a9a31f0 ae742bc30d314b40a2e9a74c31affd08 61cbb1467fe84038903c8c7bda136195 - - default default] Create volume of 1 GB
2023-05-23 14:41:05.139 21 INFO cinder.volume.api [None req-e7ae9e81-d5b9-4f40-82ea-077e6a9a31f0 ae742bc30d314b40a2e9a74c31affd08 61cbb1467fe84038903c8c7bda136195 - - default default] Availability Zones retrieved successfully.
2023-05-23 14:41:05.346 21 INFO cinder.volume.api [None req-e7ae9e81-d5b9-4f40-82ea-077e6a9a31f0 ae742bc30d314b40a2e9a74c31affd08 61cbb1467fe84038903c8c7bda136195 - - default default] Create volume request issued successfully.
2023-05-23 14:41:05.347 21 INFO cinder.api.openstack.wsgi [None req-e7ae9e81-d5b9-4f40-82ea-077e6a9a31f0 ae742bc30d314b40a2e9a74c31affd08 61cbb1467fe84038903c8c7bda136195 - - default default] http://[LB_IP_ADDRESS]:8776/v3/61cbb1467fe84038903c8c7bda136195/volumes returned with HTTP 202
2023-05-23 14:41:05.369 22 INFO cinder.api.openstack.wsgi [None req-0f0931eb-563a-470c-bba3-091b0b3803fc ae742bc30d314b40a2e9a74c31affd08 61cbb1467fe84038903c8c7bda136195 - - default default] GET http://[LB_IP_ADDRESS]:8776/v3/61cbb1467fe84038903c8c7bda136195/volumes/d0e7bcec-8a64-48f5-8753-8a155c6d6a1e
2023-05-23 14:41:05.389 22 INFO cinder.volume.api [None req-0f0931eb-563a-470c-bba3-091b0b3803fc ae742bc30d314b40a2e9a74c31affd08 61cbb1467fe84038903c8c7bda136195 - - default default] Volume info retrieved successfully.
2023-05-23 14:41:05.396 22 INFO cinder.api.openstack.wsgi [None req-0f0931eb-563a-470c-bba3-091b0b3803fc ae742bc30d314b40a2e9a74c31affd08 61cbb1467fe84038903c8c7bda136195 - - default default] http://[LB_IP_ADDRESS]:8776/v3/61cbb1467fe84038903c8c7bda136195/volumes/d0e7bcec-8a64-48f5-8753-8a155c6d6a1e returned with HTTP 200
2023-05-23 14:41:05.849 20 INFO cinder.api.openstack.wsgi [None req-c7335e8e-4de2-45f5-a440-866eb5ab2c2c d3d4d66059f24bc8b5b6ef0493c393fe d4d5516eb4e54d0eae25807b58cd0df8 - - default default] GET http://[LB_IP_ADDRESS]:8776/v3/d4d5516eb4e54d0eae25807b58cd0df8/groups/4dbbd0e6-03e2-4784-8ccc-ed44ede4c60d
2023-05-23 14:41:05.871 20 INFO cinder.api.openstack.wsgi [None req-c7335e8e-4de2-45f5-a440-866eb5ab2c2c d3d4d66059f24bc8b5b6ef0493c393fe d4d5516eb4e54d0eae25807b58cd0df8 - - default default] http://[LB_IP_ADDRESS]:8776/v3/d4d5516eb4e54d0eae25807b58cd0df8/groups/4dbbd0e6-03e2-4784-8ccc-ed44ede4c60d returned with HTTP 200
2023-05-23 14:41:05.888 19 INFO cinder.api.openstack.wsgi [None req-523e2ff0-0dc5-4417-b69f-248a776e0641 d3d4d66059f24bc8b5b6ef0493c393fe d4d5516eb4e54d0eae25807b58cd0df8 - - default default] GET http://[LB_IP_ADDRESS]:8776/v3/d4d5516eb4e54d0eae25807b58cd0df8/groups/4dbbd0e6-03e2-4784-8ccc-ed44ede4c60d
2023-05-23 14:41:05.905 19 INFO cinder.api.openstack.wsgi [None req-523e2ff0-0dc5-4417-b69f-248a776e0641 d3d4d66059f24bc8b5b6ef0493c393fe d4d5516eb4e54d0eae25807b58cd0df8 - - default default] http://[LB_IP_ADDRESS]:8776/v3/d4d5516eb4e54d0eae25807b58cd0df8/groups/4dbbd0e6-03e2-4784-8ccc-ed44ede4c60d returned with HTTP 200
2023-05-23 14:41:05.921 18 INFO cinder.api.openstack.wsgi [None req-accaad93-b7bb-4181-9230-4f4e572e100c d3d4d66059f24bc8b5b6ef0493c393fe d4d5516eb4e54d0eae25807b58cd0df8 - - default default] GET http://[LB_IP_ADDRESS]:8776/v3/d4d5516eb4e54d0eae25807b58cd0df8/volumes/detail
2023-05-23 14:41:05.937 18 INFO cinder.volume.api [None req-accaad93-b7bb-4181-9230-4f4e572e100c d3d4d66059f24bc8b5b6ef0493c393fe d4d5516eb4e54d0eae25807b58cd0df8 - - default default] Get all volumes completed successfully.
2023-05-23 14:41:05.962 18 INFO cinder.api.openstack.wsgi [None req-accaad93-b7bb-4181-9230-4f4e572e100c d3d4d66059f24bc8b5b6ef0493c393fe d4d5516eb4e54d0eae25807b58cd0df8 - - default default] http://[LB_IP_ADDRESS]:8776/v3/d4d5516eb4e54d0eae25807b58cd0df8/volumes/detail returned with HTTP 200
2023-05-23 14:41:05.987 21 INFO cinder.api.openstack.wsgi [None req-9d4fc228-c812-4da7-9f9d-a671587d9087 d3d4d66059f24bc8b5b6ef0493c393fe d4d5516eb4e54d0eae25807b58cd0df8 - - default default] PUT http://[LB_IP_ADDRESS]:8776/v3/d4d5516eb4e54d0eae25807b58cd0df8/groups/4dbbd0e6-03e2-4784-8ccc-ed44ede4c60d
2023-05-23 14:41:05.990 21 INFO cinder.api.v3.groups [None req-9d4fc228-c812-4da7-9f9d-a671587d9087 d3d4d66059f24bc8b5b6ef0493c393fe d4d5516eb4e54d0eae25807b58cd0df8 - - default default] Updating group 4dbbd0e6-03e2-4784-8ccc-ed44ede4c60d with name None description: None add_volumes: 9aaffdd9-0e26-4993-9351-ea41bc01cdac remove_volumes: None.
2023-05-23 14:41:06.034 21 INFO cinder.api.openstack.wsgi [None req-9d4fc228-c812-4da7-9f9d-a671587d9087 d3d4d66059f24bc8b5b6ef0493c393fe d4d5516eb4e54d0eae25807b58cd0df8 - - default default] http://[LB_IP_ADDRESS]:8776/v3/d4d5516eb4e54d0eae25807b58cd0df8/groups/4dbbd0e6-03e2-4784-8ccc-ed44ede4c60d returned with HTTP 202
2023-05-23 14:41:06.048 22 INFO cinder.api.openstack.wsgi [None req-6558c5b9-0c1f-4176-935b-8004990107d4 d3d4d66059f24bc8b5b6ef0493c393fe d4d5516eb4e54d0eae25807b58cd0df8 - - default default] GET http://[LB_IP_ADDRESS]:8776/v3/d4d5516eb4e54d0eae25807b58cd0df8/groups/4dbbd0e6-03e2-4784-8ccc-ed44ede4c60d
2023-05-23 14:41:06.066 22 INFO cinder.api.openstack.wsgi [None req-6558c5b9-0c1f-4176-935b-8004990107d4 d3d4d66059f24bc8b5b6ef0493c393fe d4d5516eb4e54d0eae25807b58cd0df8 - - default default] http://[LB_IP_ADDRESS]:8776/v3/d4d5516eb4e54d0eae25807b58cd0df8/groups/4dbbd0e6-03e2-4784-8ccc-ed44ede4c60d returned with HTTP 200
2023-05-23 14:41:06.418 20 INFO cinder.api.openstack.wsgi [None req-8dc0f79e-2f21-4060-a9e3-54860ed78daa ae742bc30d314b40a2e9a74c31affd08 61cbb1467fe84038903c8c7bda136195 - - default default] GET http://[LB_IP_ADDRESS]:8776/v3/61cbb1467fe84038903c8c7bda136195/volumes/d0e7bcec-8a64-48f5-8753-8a155c6d6a1e
2023-05-23 14:41:06.437 20 INFO cinder.volume.api [None req-8dc0f79e-2f21-4060-a9e3-54860ed78daa ae742bc30d314b40a2e9a74c31affd08 61cbb1467fe84038903c8c7bda136195 - - default default] Volume info retrieved successfully.
2023-05-23 14:41:06.444 20 INFO cinder.api.openstack.wsgi [None req-8dc0f79e-2f21-4060-a9e3-54860ed78daa ae742bc30d314b40a2e9a74c31affd08 61cbb1467fe84038903c8c7bda136195 - - default default] http://[LB_IP_ADDRESS]:8776/v3/61cbb1467fe84038903c8c7bda136195/volumes/d0e7bcec-8a64-48f5-8753-8a155c6d6a1e returned with HTTP 200
2023-05-23 14:41:07.084 19 INFO cinder.api.openstack.wsgi [None req-650d94ad-c9af-46ee-ba34-7d8f9140a9cc d3d4d66059f24bc8b5b6ef0493c393fe d4d5516eb4e54d0eae25807b58cd0df8 - - default default] GET http://[LB_IP_ADDRESS]:8776/v3/d4d5516eb4e54d0eae25807b58cd0df8/groups/4dbbd0e6-03e2-4784-8ccc-ed44ede4c60d
2023-05-23 14:41:07.116 19 INFO cinder.api.openstack.wsgi [None req-650d94ad-c9af-46ee-ba34-7d8f9140a9cc d3d4d66059f24bc8b5b6ef0493c393fe d4d5516eb4e54d0eae25807b58cd0df8 - - default default] http://[LB_IP_ADDRESS]:8776/v3/d4d5516eb4e54d0eae25807b58cd0df8/groups/4dbbd0e6-03e2-4784-8ccc-ed44ede4c60d returned with HTTP 200
2023-05-23 14:41:07.134 18 INFO cinder.api.openstack.wsgi [None req-439645a3-1237-4dd5-8608-43fdffe57c7b d3d4d66059f24bc8b5b6ef0493c393fe d4d5516eb4e54d0eae25807b58cd0df8 - - default default] GET http://[LB_IP_ADDRESS]:8776/v3/d4d5516eb4e54d0eae25807b58cd0df8/volumes/detail
2023-05-23 14:41:07.148 18 INFO cinder.volume.api [None req-439645a3-1237-4dd5-8608-43fdffe57c7b d3d4d66059f24bc8b5b6ef0493c393fe d4d5516eb4e54d0eae25807b58cd0df8 - - default default] Get all volumes completed successfully.
2023-05-23 14:41:07.187 18 INFO cinder.api.openstack.wsgi [None req-439645a3-1237-4dd5-8608-43fdffe57c7b d3d4d66059f24bc8b5b6ef0493c393fe d4d5516eb4e54d0eae25807b58cd0df8 - - default default] http://[LB_IP_ADDRESS]:8776/v3/d4d5516eb4e54d0eae25807b58cd0df8/volumes/detail returned with HTTP 200
2023-05-23 14:41:07.210 21 INFO cinder.api.openstack.wsgi [None req-a4f62e6a-3b63-4da6-b1a0-6eeca4a74faf d3d4d66059f24bc8b5b6ef0493c393fe d4d5516eb4e54d0eae25807b58cd0df8 - - default default] GET http://[LB_IP_ADDRESS]:8776/v3/d4d5516eb4e54d0eae25807b58cd0df8/volumes/detail
2023-05-23 14:41:07.225 21 INFO cinder.volume.api [None req-a4f62e6a-3b63-4da6-b1a0-6eeca4a74faf d3d4d66059f24bc8b5b6ef0493c393fe d4d5516eb4e54d0eae25807b58cd0df8 - - default default] Get all volumes completed successfully.
2023-05-23 14:41:07.263 21 INFO cinder.api.openstack.wsgi [None req-a4f62e6a-3b63-4da6-b1a0-6eeca4a74faf d3d4d66059f24bc8b5b6ef0493c393fe d4d5516eb4e54d0eae25807b58cd0df8 - - default default] http://[LB_IP_ADDRESS]:8776/v3/d4d5516eb4e54d0eae25807b58cd0df8/volumes/detail returned with HTTP 200
2023-05-23 14:41:07.286 22 INFO cinder.api.openstack.wsgi [None req-a5776617-cb67-4e4f-964c-c2be21327b28 d3d4d66059f24bc8b5b6ef0493c393fe d4d5516eb4e54d0eae25807b58cd0df8 - - default default] POST http://[LB_IP_ADDRESS]:8776/v3/d4d5516eb4e54d0eae25807b58cd0df8/groups/4dbbd0e6-03e2-4784-8ccc-ed44ede4c60d/action
2023-05-23 14:41:07.289 22 INFO cinder.api.v3.groups [None req-a5776617-cb67-4e4f-964c-c2be21327b28 d3d4d66059f24bc8b5b6ef0493c393fe d4d5516eb4e54d0eae25807b58cd0df8 - - default default] Delete group with id: 4dbbd0e6-03e2-4784-8ccc-ed44ede4c60d
2023-05-23 14:41:07.356 22 INFO cinder.api.openstack.wsgi [None req-a5776617-cb67-4e4f-964c-c2be21327b28 d3d4d66059f24bc8b5b6ef0493c393fe d4d5516eb4e54d0eae25807b58cd0df8 - - default default] http://[LB_IP_ADDRESS]:8776/v3/d4d5516eb4e54d0eae25807b58cd0df8/groups/4dbbd0e6-03e2-4784-8ccc-ed44ede4c60d/action returned with HTTP 202
2023-05-23 14:41:07.367 20 INFO cinder.api.openstack.wsgi [None req-824d8f89-7d70-44fd-845f-fe1fa8d7566c d3d4d66059f24bc8b5b6ef0493c393fe d4d5516eb4e54d0eae25807b58cd0df8 - - default default] GET http://[LB_IP_ADDRESS]:8776/v3/d4d5516eb4e54d0eae25807b58cd0df8/volumes/9aaffdd9-0e26-4993-9351-ea41bc01cdac
2023-05-23 14:41:07.386 20 INFO cinder.volume.api [None req-824d8f89-7d70-44fd-845f-fe1fa8d7566c d3d4d66059f24bc8b5b6ef0493c393fe d4d5516eb4e54d0eae25807b58cd0df8 - - default default] Volume info retrieved successfully.
2023-05-23 14:41:07.407 20 INFO cinder.api.openstack.wsgi [None req-824d8f89-7d70-44fd-845f-fe1fa8d7566c d3d4d66059f24bc8b5b6ef0493c393fe d4d5516eb4e54d0eae25807b58cd0df8 - - default default] http://[LB_IP_ADDRESS]:8776/v3/d4d5516eb4e54d0eae25807b58cd0df8/volumes/9aaffdd9-0e26-4993-9351-ea41bc01cdac returned with HTTP 200
2023-05-23 14:41:07.469 19 INFO cinder.api.openstack.wsgi [None req-0081dc15-8b4d-490c-9592-f7eb551b3b64 ae742bc30d314b40a2e9a74c31affd08 61cbb1467fe84038903c8c7bda136195 - - default default] GET http://[LB_IP_ADDRESS]:8776/v3/61cbb1467fe84038903c8c7bda136195/volumes/d0e7bcec-8a64-48f5-8753-8a155c6d6a1e
2023-05-23 14:41:07.491 19 INFO cinder.volume.api [None req-0081dc15-8b4d-490c-9592-f7eb551b3b64 ae742bc30d314b40a2e9a74c31affd08 61cbb1467fe84038903c8c7bda136195 - - default default] Volume info retrieved successfully.
2023-05-23 14:41:07.499 19 INFO cinder.api.openstack.wsgi [None req-0081dc15-8b4d-490c-9592-f7eb551b3b64 ae742bc30d314b40a2e9a74c31affd08 61cbb1467fe84038903c8c7bda136195 - - default default] http://[LB_IP_ADDRESS]:8776/v3/61cbb1467fe84038903c8c7bda136195/volumes/d0e7bcec-8a64-48f5-8753-8a155c6d6a1e returned with HTTP 200
2023-05-23 14:41:08.430 18 INFO cinder.api.openstack.wsgi [None req-998f7f17-0e85-498f-bbcd-fd1714ecdd13 d3d4d66059f24bc8b5b6ef0493c393fe d4d5516eb4e54d0eae25807b58cd0df8 - - default default] GET http://[LB_IP_ADDRESS]:8776/v3/d4d5516eb4e54d0eae25807b58cd0df8/volumes/9aaffdd9-0e26-4993-9351-ea41bc01cdac
2023-05-23 14:41:08.441 18 INFO cinder.api.openstack.wsgi [None req-998f7f17-0e85-498f-bbcd-fd1714ecdd13 d3d4d66059f24bc8b5b6ef0493c393fe d4d5516eb4e54d0eae25807b58cd0df8 - - default default] http://[LB_IP_ADDRESS]:8776/v3/d4d5516eb4e54d0eae25807b58cd0df8/volumes/9aaffdd9-0e26-4993-9351-ea41bc01cdac returned with HTTP 404
2023-05-23 14:41:08.454 22 INFO cinder.api.openstack.wsgi [None req-c0b96b0a-062c-4657-8204-983bd32632f5 d3d4d66059f24bc8b5b6ef0493c393fe d4d5516eb4e54d0eae25807b58cd0df8 - - default default] GET http://[LB_IP_ADDRESS]:8776/v3/d4d5516eb4e54d0eae25807b58cd0df8/volumes/679eaa1b-3350-45ec-bde4-e2f62c53f2b1
2023-05-23 14:41:08.465 22 INFO cinder.api.openstack.wsgi [None req-c0b96b0a-062c-4657-8204-983bd32632f5 d3d4d66059f24bc8b5b6ef0493c393fe d4d5516eb4e54d0eae25807b58cd0df8 - - default default] http://[LB_IP_ADDRESS]:8776/v3/d4d5516eb4e54d0eae25807b58cd0df8/volumes/679eaa1b-3350-45ec-bde4-e2f62c53f2b1 returned with HTTP 404
2023-05-23 14:41:08.479 20 INFO cinder.api.openstack.wsgi [None req-9988b0b7-86bd-45d5-ac01-923222ad7d01 d3d4d66059f24bc8b5b6ef0493c393fe d4d5516eb4e54d0eae25807b58cd0df8 - - default default] GET http://[LB_IP_ADDRESS]:8776/v3/d4d5516eb4e54d0eae25807b58cd0df8/groups/4dbbd0e6-03e2-4784-8ccc-ed44ede4c60d
2023-05-23 14:41:08.483 20 INFO cinder.api.openstack.wsgi [None req-9988b0b7-86bd-45d5-ac01-923222ad7d01 d3d4d66059f24bc8b5b6ef0493c393fe d4d5516eb4e54d0eae25807b58cd0df8 - - default default] http://[LB_IP_ADDRESS]:8776/v3/d4d5516eb4e54d0eae25807b58cd0df8/groups/4dbbd0e6-03e2-4784-8ccc-ed44ede4c60d returned with HTTP 404
2023-05-23 14:41:08.496 19 INFO cinder.api.openstack.wsgi [None req-f33f08d6-6fcb-4345-a8cb-b66a65a7c81b 9349addc206545df844d6013b8e246f0 c6e22d9d58eb4dcda67622ca1fdc80fb - - default default] DELETE http://[LB_IP_ADDRESS]:8776/v3/c6e22d9d58eb4dcda67622ca1fdc80fb/group_types/0d8e24b6-ec84-48bd-9335-dfa18423738c
2023-05-23 14:41:08.514 19 INFO cinder.api.openstack.wsgi [None req-f33f08d6-6fcb-4345-a8cb-b66a65a7c81b 9349addc206545df844d6013b8e246f0 c6e22d9d58eb4dcda67622ca1fdc80fb - - default default] http://[LB_IP_ADDRESS]:8776/v3/c6e22d9d58eb4dcda67622ca1fdc80fb/group_types/0d8e24b6-ec84-48bd-9335-dfa18423738c returned with HTTP 202
2023-05-23 14:41:08.522 18 INFO cinder.api.openstack.wsgi [None req-bcf178e6-598e-433a-b89a-ead4e2b20777 ae742bc30d314b40a2e9a74c31affd08 61cbb1467fe84038903c8c7bda136195 - - default default] GET http://[LB_IP_ADDRESS]:8776/v3/61cbb1467fe84038903c8c7bda136195/volumes/d0e7bcec-8a64-48f5-8753-8a155c6d6a1e
2023-05-23 14:41:08.529 22 INFO cinder.api.openstack.wsgi [None req-58fa8e0b-6bc2-4991-9cbf-02424cc54674 d3d4d66059f24bc8b5b6ef0493c393fe d4d5516eb4e54d0eae25807b58cd0df8 - - default default] DELETE http://[LB_IP_ADDRESS]:8776/v3/d4d5516eb4e54d0eae25807b58cd0df8/volumes/9aaffdd9-0e26-4993-9351-ea41bc01cdac
2023-05-23 14:41:08.530 22 INFO cinder.api.v3.volumes [None req-58fa8e0b-6bc2-4991-9cbf-02424cc54674 d3d4d66059f24bc8b5b6ef0493c393fe d4d5516eb4e54d0eae25807b58cd0df8 - - default default] Delete volume with id: 9aaffdd9-0e26-4993-9351-ea41bc01cdac 
2023-05-23 14:41:08.540 22 INFO cinder.api.openstack.wsgi [None req-58fa8e0b-6bc2-4991-9cbf-02424cc54674 d3d4d66059f24bc8b5b6ef0493c393fe d4d5516eb4e54d0eae25807b58cd0df8 - - default default] http://[LB_IP_ADDRESS]:8776/v3/d4d5516eb4e54d0eae25807b58cd0df8/volumes/9aaffdd9-0e26-4993-9351-ea41bc01cdac returned with HTTP 404
2023-05-23 14:41:08.541 18 INFO cinder.volume.api [None req-bcf178e6-598e-433a-b89a-ead4e2b20777 ae742bc30d314b40a2e9a74c31affd08 61cbb1467fe84038903c8c7bda136195 - - default default] Volume info retrieved successfully.
2023-05-23 14:41:08.549 18 INFO cinder.api.openstack.wsgi [None req-bcf178e6-598e-433a-b89a-ead4e2b20777 ae742bc30d314b40a2e9a74c31affd08 61cbb1467fe84038903c8c7bda136195 - - default default] http://[LB_IP_ADDRESS]:8776/v3/61cbb1467fe84038903c8c7bda136195/volumes/d0e7bcec-8a64-48f5-8753-8a155c6d6a1e returned with HTTP 200
2023-05-23 14:41:08.552 20 INFO cinder.api.openstack.wsgi [None req-6f7b3f64-ee33-41a0-a0c2-4996e2b6418c d3d4d66059f24bc8b5b6ef0493c393fe d4d5516eb4e54d0eae25807b58cd0df8 - - default default] DELETE http://[LB_IP_ADDRESS]:8776/v3/d4d5516eb4e54d0eae25807b58cd0df8/volumes/679eaa1b-3350-45ec-bde4-e2f62c53f2b1
2023-05-23 14:41:08.553 20 INFO cinder.api.v3.volumes [None req-6f7b3f64-ee33-41a0-a0c2-4996e2b6418c d3d4d66059f24bc8b5b6ef0493c393fe d4d5516eb4e54d0eae25807b58cd0df8 - - default default] Delete volume with id: 679eaa1b-3350-45ec-bde4-e2f62c53f2b1 
2023-05-23 14:41:08.564 20 INFO cinder.api.openstack.wsgi [None req-6f7b3f64-ee33-41a0-a0c2-4996e2b6418c d3d4d66059f24bc8b5b6ef0493c393fe d4d5516eb4e54d0eae25807b58cd0df8 - - default default] http://[LB_IP_ADDRESS]:8776/v3/d4d5516eb4e54d0eae25807b58cd0df8/volumes/679eaa1b-3350-45ec-bde4-e2f62c53f2b1 returned with HTTP 404
2023-05-23 14:41:08.575 21 INFO cinder.api.openstack.wsgi [None req-17e3925d-73ea-4fc1-91cb-ef6d9fd17238 9b2a940c75814facba219af647dc80c7 15f0b63f7fcc4c3fa4ca6cd8175423eb - - default default] GET http://[LB_IP_ADDRESS]:8776/v3/15f0b63f7fcc4c3fa4ca6cd8175423eb/os-quota-class-sets/default
2023-05-23 14:41:08.577 19 INFO cinder.api.openstack.wsgi [None req-5e7e69e3-304c-4ec6-89bf-efeece4e5708 9349addc206545df844d6013b8e246f0 c6e22d9d58eb4dcda67622ca1fdc80fb - - default default] DELETE http://[LB_IP_ADDRESS]:8776/v3/c6e22d9d58eb4dcda67622ca1fdc80fb/types/49efb3a2-9304-412d-a272-85951bc9e5d7
2023-05-23 14:41:08.613 19 INFO cinder.api.openstack.wsgi [None req-5e7e69e3-304c-4ec6-89bf-efeece4e5708 9349addc206545df844d6013b8e246f0 c6e22d9d58eb4dcda67622ca1fdc80fb - - default default] http://[LB_IP_ADDRESS]:8776/v3/c6e22d9d58eb4dcda67622ca1fdc80fb/types/49efb3a2-9304-412d-a272-85951bc9e5d7 returned with HTTP 202
2023-05-23 14:41:08.627 22 INFO cinder.api.openstack.wsgi [None req-7aea3a1a-f81c-47c7-92de-e79709875789 9349addc206545df844d6013b8e246f0 c6e22d9d58eb4dcda67622ca1fdc80fb - - default default] GET http://[LB_IP_ADDRESS]:8776/v3/c6e22d9d58eb4dcda67622ca1fdc80fb/types/49efb3a2-9304-412d-a272-85951bc9e5d7
2023-05-23 14:41:08.632 22 INFO cinder.api.openstack.wsgi [None req-7aea3a1a-f81c-47c7-92de-e79709875789 9349addc206545df844d6013b8e246f0 c6e22d9d58eb4dcda67622ca1fdc80fb - - default default] http://[LB_IP_ADDRESS]:8776/v3/c6e22d9d58eb4dcda67622ca1fdc80fb/types/49efb3a2-9304-412d-a272-85951bc9e5d7 returned with HTTP 404
2023-05-23 14:41:08.643 21 INFO cinder.api.openstack.wsgi [None req-17e3925d-73ea-4fc1-91cb-ef6d9fd17238 9b2a940c75814facba219af647dc80c7 15f0b63f7fcc4c3fa4ca6cd8175423eb - - default default] http://[LB_IP_ADDRESS]:8776/v3/15f0b63f7fcc4c3fa4ca6cd8175423eb/os-quota-class-sets/default returned with HTTP 200
2023-05-23 14:41:08.645 18 INFO cinder.api.openstack.wsgi [None req-edcf6302-5998-4e79-9b25-59516cf8a607 9349addc206545df844d6013b8e246f0 c6e22d9d58eb4dcda67622ca1fdc80fb - - default default] DELETE http://[LB_IP_ADDRESS]:8776/v3/c6e22d9d58eb4dcda67622ca1fdc80fb/types/afb09ac0-afbd-4540-8d9d-875632ce60b2
2023-05-23 14:41:08.663 20 INFO cinder.api.openstack.wsgi [None req-4bf29953-b5cf-4db1-bdb1-f6a5a16de391 9b2a940c75814facba219af647dc80c7 15f0b63f7fcc4c3fa4ca6cd8175423eb - - default default] GET http://[LB_IP_ADDRESS]:8776/v3/15f0b63f7fcc4c3fa4ca6cd8175423eb/os-quota-class-sets/default
2023-05-23 14:41:08.680 18 INFO cinder.api.openstack.wsgi [None req-edcf6302-5998-4e79-9b25-59516cf8a607 9349addc206545df844d6013b8e246f0 c6e22d9d58eb4dcda67622ca1fdc80fb - - default default] http://[LB_IP_ADDRESS]:8776/v3/c6e22d9d58eb4dcda67622ca1fdc80fb/types/afb09ac0-afbd-4540-8d9d-875632ce60b2 returned with HTTP 202
2023-05-23 14:41:08.693 19 INFO cinder.api.openstack.wsgi [None req-ef3f1303-c684-4280-9fbe-120b35f2c64a 9349addc206545df844d6013b8e246f0 c6e22d9d58eb4dcda67622ca1fdc80fb - - default default] GET http://[LB_IP_ADDRESS]:8776/v3/c6e22d9d58eb4dcda67622ca1fdc80fb/types/afb09ac0-afbd-4540-8d9d-875632ce60b2
2023-05-23 14:41:08.699 19 INFO cinder.api.openstack.wsgi [None req-ef3f1303-c684-4280-9fbe-120b35f2c64a 9349addc206545df844d6013b8e246f0 c6e22d9d58eb4dcda67622ca1fdc80fb - - default default] http://[LB_IP_ADDRESS]:8776/v3/c6e22d9d58eb4dcda67622ca1fdc80fb/types/afb09ac0-afbd-4540-8d9d-875632ce60b2 returned with HTTP 404
2023-05-23 14:41:08.731 20 INFO cinder.api.openstack.wsgi [None req-4bf29953-b5cf-4db1-bdb1-f6a5a16de391 9b2a940c75814facba219af647dc80c7 15f0b63f7fcc4c3fa4ca6cd8175423eb - - default default] http://[LB_IP_ADDRESS]:8776/v3/15f0b63f7fcc4c3fa4ca6cd8175423eb/os-quota-class-sets/default returned with HTTP 200
2023-05-23 14:41:08.747 22 INFO cinder.api.openstack.wsgi [None req-60ded127-f68d-49d7-86ee-d923aa8c149e 9b2a940c75814facba219af647dc80c7 15f0b63f7fcc4c3fa4ca6cd8175423eb - - default default] POST http://[LB_IP_ADDRESS]:8776/v3/15f0b63f7fcc4c3fa4ca6cd8175423eb/types
2023-05-23 14:41:08.782 22 INFO cinder.api.openstack.wsgi [None req-60ded127-f68d-49d7-86ee-d923aa8c149e 9b2a940c75814facba219af647dc80c7 15f0b63f7fcc4c3fa4ca6cd8175423eb - - default default] http://[LB_IP_ADDRESS]:8776/v3/15f0b63f7fcc4c3fa4ca6cd8175423eb/types returned with HTTP 200
2023-05-23 14:41:08.799 21 INFO cinder.api.openstack.wsgi [None req-486d067d-e82a-4246-839f-b8915ac1101c 9b2a940c75814facba219af647dc80c7 15f0b63f7fcc4c3fa4ca6cd8175423eb - - default default] PUT http://[LB_IP_ADDRESS]:8776/v3/15f0b63f7fcc4c3fa4ca6cd8175423eb/os-quota-class-sets/default
2023-05-23 14:41:08.963 21 INFO cinder.api.openstack.wsgi [None req-486d067d-e82a-4246-839f-b8915ac1101c 9b2a940c75814facba219af647dc80c7 15f0b63f7fcc4c3fa4ca6cd8175423eb - - default default] http://[LB_IP_ADDRESS]:8776/v3/15f0b63f7fcc4c3fa4ca6cd8175423eb/os-quota-class-sets/default returned with HTTP 200
2023-05-23 14:41:08.980 18 INFO cinder.api.openstack.wsgi [None req-05248d22-bf9c-43ff-ba6a-01fa46059ef9 9b2a940c75814facba219af647dc80c7 15f0b63f7fcc4c3fa4ca6cd8175423eb - - default default] GET http://[LB_IP_ADDRESS]:8776/v3/15f0b63f7fcc4c3fa4ca6cd8175423eb/os-quota-sets/15f0b63f7fcc4c3fa4ca6cd8175423eb/defaults
2023-05-23 14:41:09.021 18 INFO cinder.api.openstack.wsgi [None req-05248d22-bf9c-43ff-ba6a-01fa46059ef9 9b2a940c75814facba219af647dc80c7 15f0b63f7fcc4c3fa4ca6cd8175423eb - - default default] http://[LB_IP_ADDRESS]:8776/v3/15f0b63f7fcc4c3fa4ca6cd8175423eb/os-quota-sets/15f0b63f7fcc4c3fa4ca6cd8175423eb/defaults returned with HTTP 200
2023-05-23 14:41:09.331 19 INFO cinder.api.openstack.wsgi [None req-0d8acba8-38bd-446b-a2de-7eb0b0b71172 9b2a940c75814facba219af647dc80c7 15f0b63f7fcc4c3fa4ca6cd8175423eb - - default default] GET http://[LB_IP_ADDRESS]:8776/v3/15f0b63f7fcc4c3fa4ca6cd8175423eb/os-quota-sets/9ec3d1ca69b24fb8af7118097fab89ce/defaults
2023-05-23 14:41:09.373 19 INFO cinder.api.openstack.wsgi [None req-0d8acba8-38bd-446b-a2de-7eb0b0b71172 9b2a940c75814facba219af647dc80c7 15f0b63f7fcc4c3fa4ca6cd8175423eb - - default default] http://[LB_IP_ADDRESS]:8776/v3/15f0b63f7fcc4c3fa4ca6cd8175423eb/os-quota-sets/9ec3d1ca69b24fb8af7118097fab89ce/defaults returned with HTTP 200
2023-05-23 14:41:09.493 20 INFO cinder.api.openstack.wsgi [None req-bdc84a0f-769d-4527-b845-57a91767b7d9 9b2a940c75814facba219af647dc80c7 15f0b63f7fcc4c3fa4ca6cd8175423eb - - default default] PUT http://[LB_IP_ADDRESS]:8776/v3/15f0b63f7fcc4c3fa4ca6cd8175423eb/os-quota-class-sets/default
2023-05-23 14:41:09.573 22 INFO cinder.api.openstack.wsgi [None req-e32f21a8-cb1f-4bae-91b1-3a85328609b6 ae742bc30d314b40a2e9a74c31affd08 61cbb1467fe84038903c8c7bda136195 - - default default] GET http://[LB_IP_ADDRESS]:8776/v3/61cbb1467fe84038903c8c7bda136195/volumes/d0e7bcec-8a64-48f5-8753-8a155c6d6a1e
2023-05-23 14:41:09.594 22 INFO cinder.volume.api [None req-e32f21a8-cb1f-4bae-91b1-3a85328609b6 ae742bc30d314b40a2e9a74c31affd08 61cbb1467fe84038903c8c7bda136195 - - default default] Volume info retrieved successfully.
2023-05-23 14:41:09.602 22 INFO cinder.api.openstack.wsgi [None req-e32f21a8-cb1f-4bae-91b1-3a85328609b6 ae742bc30d314b40a2e9a74c31affd08 61cbb1467fe84038903c8c7bda136195 - - default default] http://[LB_IP_ADDRESS]:8776/v3/61cbb1467fe84038903c8c7bda136195/volumes/d0e7bcec-8a64-48f5-8753-8a155c6d6a1e returned with HTTP 200
2023-05-23 14:41:09.622 20 INFO cinder.api.openstack.wsgi [None req-bdc84a0f-769d-4527-b845-57a91767b7d9 9b2a940c75814facba219af647dc80c7 15f0b63f7fcc4c3fa4ca6cd8175423eb - - default default] http://[LB_IP_ADDRESS]:8776/v3/15f0b63f7fcc4c3fa4ca6cd8175423eb/os-quota-class-sets/default returned with HTTP 200
2023-05-23 14:41:09.640 21 INFO cinder.api.openstack.wsgi [None req-71ab6310-d71b-4f37-921a-e523064299ab 9b2a940c75814facba219af647dc80c7 15f0b63f7fcc4c3fa4ca6cd8175423eb - - default default] DELETE http://[LB_IP_ADDRESS]:8776/v3/15f0b63f7fcc4c3fa4ca6cd8175423eb/types/956e06f4-7d89-47b0-bb15-c9d15942e082
2023-05-23 14:41:09.675 21 INFO cinder.api.openstack.wsgi [None req-71ab6310-d71b-4f37-921a-e523064299ab 9b2a940c75814facba219af647dc80c7 15f0b63f7fcc4c3fa4ca6cd8175423eb - - default default] http://[LB_IP_ADDRESS]:8776/v3/15f0b63f7fcc4c3fa4ca6cd8175423eb/types/956e06f4-7d89-47b0-bb15-c9d15942e082 returned with HTTP 202
2023-05-23 14:41:09.689 18 INFO cinder.api.openstack.wsgi [None req-845699ed-df2b-49ae-8083-50a0e423d391 9b2a940c75814facba219af647dc80c7 15f0b63f7fcc4c3fa4ca6cd8175423eb - - default default] GET http://[LB_IP_ADDRESS]:8776/v3/15f0b63f7fcc4c3fa4ca6cd8175423eb/types/956e06f4-7d89-47b0-bb15-c9d15942e082
