Build Started 02_06_2026_12_34_18
2026-06-02 12:36:26.757 74 INFO cinder.api.openstack.wsgi [None req-d7a105a6-f2f6-4d76-bc79-bcbeb7799790 e50e50beee3b446c8f1bc77baf6d16c9 f38db135fed94921b393753fbd7b9dc1 - - default default] GET http://[LB_IP_ADDRESS]:8776/v3/f38db135fed94921b393753fbd7b9dc1/volumes/detail
2026-06-02 12:36:26.774 74 INFO cinder.volume.api [None req-d7a105a6-f2f6-4d76-bc79-bcbeb7799790 e50e50beee3b446c8f1bc77baf6d16c9 f38db135fed94921b393753fbd7b9dc1 - - default default] Get all volumes completed successfully.
2026-06-02 12:36:26.780 74 INFO cinder.api.openstack.wsgi [None req-d7a105a6-f2f6-4d76-bc79-bcbeb7799790 e50e50beee3b446c8f1bc77baf6d16c9 f38db135fed94921b393753fbd7b9dc1 - - default default] http://[LB_IP_ADDRESS]:8776/v3/f38db135fed94921b393753fbd7b9dc1/volumes/detail returned with HTTP 200
2026-06-02 12:36:26.794 75 INFO cinder.api.openstack.wsgi [req-d7a105a6-f2f6-4d76-bc79-bcbeb7799790 req-3e6d98b1-6cb4-4117-86bb-db20a7228081 e50e50beee3b446c8f1bc77baf6d16c9 f38db135fed94921b393753fbd7b9dc1 - - default default] GET http://[LB_IP_ADDRESS]:8776/v3/f38db135fed94921b393753fbd7b9dc1/snapshots/detail?all_tenants=True
2026-06-02 12:36:26.805 75 INFO cinder.volume.api [req-d7a105a6-f2f6-4d76-bc79-bcbeb7799790 req-3e6d98b1-6cb4-4117-86bb-db20a7228081 e50e50beee3b446c8f1bc77baf6d16c9 f38db135fed94921b393753fbd7b9dc1 - - default default] Get all snapshots completed successfully.
2026-06-02 12:36:26.807 75 INFO cinder.api.openstack.wsgi [req-d7a105a6-f2f6-4d76-bc79-bcbeb7799790 req-3e6d98b1-6cb4-4117-86bb-db20a7228081 e50e50beee3b446c8f1bc77baf6d16c9 f38db135fed94921b393753fbd7b9dc1 - - default default] http://[LB_IP_ADDRESS]:8776/v3/f38db135fed94921b393753fbd7b9dc1/snapshots/detail?all_tenants=True returned with HTTP 200
2026-06-02 12:36:30.157 72 INFO cinder.api.openstack.wsgi [None req-6c17b4f6-7d39-4290-8246-b12c0693207a e50e50beee3b446c8f1bc77baf6d16c9 f38db135fed94921b393753fbd7b9dc1 - - default default] GET http://[LB_IP_ADDRESS]:8776/v3/f38db135fed94921b393753fbd7b9dc1/volumes/detail?all_tenants=True
2026-06-02 12:36:30.179 72 INFO cinder.volume.api [None req-6c17b4f6-7d39-4290-8246-b12c0693207a e50e50beee3b446c8f1bc77baf6d16c9 f38db135fed94921b393753fbd7b9dc1 - - default default] Get all volumes completed successfully.
2026-06-02 12:36:30.183 72 INFO cinder.api.openstack.wsgi [None req-6c17b4f6-7d39-4290-8246-b12c0693207a e50e50beee3b446c8f1bc77baf6d16c9 f38db135fed94921b393753fbd7b9dc1 - - default default] http://[LB_IP_ADDRESS]:8776/v3/f38db135fed94921b393753fbd7b9dc1/volumes/detail?all_tenants=True returned with HTTP 200
2026-06-02 12:36:32.416 73 INFO cinder.api.openstack.wsgi [None req-40672152-1373-4276-8ebc-c1832a581334 - - - - - -] GET http://[LB_IP_ADDRESS]:8776/
2026-06-02 12:36:32.418 73 INFO cinder.api.openstack.wsgi [None req-40672152-1373-4276-8ebc-c1832a581334 - - - - - -] http://[LB_IP_ADDRESS]:8776/ returned with HTTP 300
2026-06-02 12:36:32.484 76 INFO cinder.api.openstack.wsgi [None req-c8224e10-6c3a-4ac0-b695-5da48cd5fa8d e50e50beee3b446c8f1bc77baf6d16c9 f38db135fed94921b393753fbd7b9dc1 - - default default] GET http://[LB_IP_ADDRESS]:8776/v3/f38db135fed94921b393753fbd7b9dc1/groups/detail?all_tenants=1
2026-06-02 12:36:32.493 76 INFO cinder.api.openstack.wsgi [None req-c8224e10-6c3a-4ac0-b695-5da48cd5fa8d e50e50beee3b446c8f1bc77baf6d16c9 f38db135fed94921b393753fbd7b9dc1 - - default default] http://[LB_IP_ADDRESS]:8776/v3/f38db135fed94921b393753fbd7b9dc1/groups/detail?all_tenants=1 returned with HTTP 200
2026-06-02 12:36:34.327 74 INFO cinder.api.openstack.wsgi [None req-4e12aa0d-5483-4876-a878-f5b3ef736b3d - - - - - -] GET http://[LB_IP_ADDRESS]:8776/
2026-06-02 12:36:34.329 74 INFO cinder.api.openstack.wsgi [None req-4e12aa0d-5483-4876-a878-f5b3ef736b3d - - - - - -] http://[LB_IP_ADDRESS]:8776/ returned with HTTP 300
2026-06-02 12:36:34.385 75 INFO cinder.api.openstack.wsgi [None req-af8969dc-20a8-482c-9ed0-392d484e7eae e50e50beee3b446c8f1bc77baf6d16c9 f38db135fed94921b393753fbd7b9dc1 - - default default] GET http://[LB_IP_ADDRESS]:8776/v3/f38db135fed94921b393753fbd7b9dc1/group_types?is_public=None
2026-06-02 12:36:34.395 75 INFO cinder.api.openstack.wsgi [None req-af8969dc-20a8-482c-9ed0-392d484e7eae e50e50beee3b446c8f1bc77baf6d16c9 f38db135fed94921b393753fbd7b9dc1 - - default default] http://[LB_IP_ADDRESS]:8776/v3/f38db135fed94921b393753fbd7b9dc1/group_types?is_public=None returned with HTTP 200
2026-06-02 12:36:36.891 72 INFO cinder.api.openstack.wsgi [None req-b3f3ec3c-d48d-4519-84f6-61fd7bde62fa e50e50beee3b446c8f1bc77baf6d16c9 f38db135fed94921b393753fbd7b9dc1 - - default default] GET http://[LB_IP_ADDRESS]:8776/v3/f38db135fed94921b393753fbd7b9dc1/types?is_public=None
2026-06-02 12:36:36.911 72 INFO cinder.api.openstack.wsgi [None req-b3f3ec3c-d48d-4519-84f6-61fd7bde62fa e50e50beee3b446c8f1bc77baf6d16c9 f38db135fed94921b393753fbd7b9dc1 - - default default] http://[LB_IP_ADDRESS]:8776/v3/f38db135fed94921b393753fbd7b9dc1/types?is_public=None returned with HTTP 200
2026-06-02 12:36:44.071 73 INFO cinder.api.openstack.wsgi [None req-f2514097-686a-4474-8b9a-f7d37a820e74 e50e50beee3b446c8f1bc77baf6d16c9 f38db135fed94921b393753fbd7b9dc1 - - default default] GET http://[LB_IP_ADDRESS]:8776/v3/f38db135fed94921b393753fbd7b9dc1/snapshots
2026-06-02 12:36:44.082 73 INFO cinder.volume.api [None req-f2514097-686a-4474-8b9a-f7d37a820e74 e50e50beee3b446c8f1bc77baf6d16c9 f38db135fed94921b393753fbd7b9dc1 - - default default] Get all snapshots completed successfully.
2026-06-02 12:36:44.082 73 INFO cinder.api.openstack.wsgi [None req-f2514097-686a-4474-8b9a-f7d37a820e74 e50e50beee3b446c8f1bc77baf6d16c9 f38db135fed94921b393753fbd7b9dc1 - - default default] http://[LB_IP_ADDRESS]:8776/v3/f38db135fed94921b393753fbd7b9dc1/snapshots returned with HTTP 200
2026-06-02 12:36:44.099 76 INFO cinder.api.openstack.wsgi [None req-d2efc8b9-4bfc-42ce-860e-604d92de5703 e50e50beee3b446c8f1bc77baf6d16c9 f38db135fed94921b393753fbd7b9dc1 - - default default] GET http://[LB_IP_ADDRESS]:8776/v3/f38db135fed94921b393753fbd7b9dc1/volumes
2026-06-02 12:36:44.114 76 INFO cinder.volume.api [None req-d2efc8b9-4bfc-42ce-860e-604d92de5703 e50e50beee3b446c8f1bc77baf6d16c9 f38db135fed94921b393753fbd7b9dc1 - - default default] Get all volumes completed successfully.
2026-06-02 12:36:44.115 76 INFO cinder.api.openstack.wsgi [None req-d2efc8b9-4bfc-42ce-860e-604d92de5703 e50e50beee3b446c8f1bc77baf6d16c9 f38db135fed94921b393753fbd7b9dc1 - - default default] http://[LB_IP_ADDRESS]:8776/v3/f38db135fed94921b393753fbd7b9dc1/volumes returned with HTTP 200
2026-06-02 12:36:50.891 74 INFO cinder.api.openstack.wsgi [req-e73b41d7-6875-4bd4-bf02-f54a6e182a3c req-906dd7b8-fd59-48d4-b8ce-ed74f0f6b4c2 8765c57043974a1c99ae860c3f701ba9 bd4031a12c424c9baf5edea2066a5940 - - default default] POST http://[LB_IP_ADDRESS]:8776/v3/volumes
2026-06-02 12:36:50.896 74 INFO cinder.api.v3.volumes [req-e73b41d7-6875-4bd4-bf02-f54a6e182a3c req-906dd7b8-fd59-48d4-b8ce-ed74f0f6b4c2 8765c57043974a1c99ae860c3f701ba9 bd4031a12c424c9baf5edea2066a5940 - - default default] Create volume of 1 GB
2026-06-02 12:36:50.900 75 INFO cinder.api.openstack.wsgi [req-166aa63b-7f9b-411f-a1d9-56e42b1c6dfa req-38c213a2-def0-40dc-8d82-0eadffab3924 4b64f9c714344288a6017c502d0d180e c083338e5a524e559df47744dc22fcae - - default default] POST http://[LB_IP_ADDRESS]:8776/v3/volumes
2026-06-02 12:36:50.905 75 INFO cinder.api.v3.volumes [req-166aa63b-7f9b-411f-a1d9-56e42b1c6dfa req-38c213a2-def0-40dc-8d82-0eadffab3924 4b64f9c714344288a6017c502d0d180e c083338e5a524e559df47744dc22fcae - - default default] Create volume of 1 GB
2026-06-02 12:36:50.911 74 INFO cinder.volume.api [req-e73b41d7-6875-4bd4-bf02-f54a6e182a3c req-906dd7b8-fd59-48d4-b8ce-ed74f0f6b4c2 8765c57043974a1c99ae860c3f701ba9 bd4031a12c424c9baf5edea2066a5940 - - default default] Availability Zones retrieved successfully.
2026-06-02 12:36:50.919 75 INFO cinder.volume.api [req-166aa63b-7f9b-411f-a1d9-56e42b1c6dfa req-38c213a2-def0-40dc-8d82-0eadffab3924 4b64f9c714344288a6017c502d0d180e c083338e5a524e559df47744dc22fcae - - default default] Availability Zones retrieved successfully.
2026-06-02 12:36:51.195 74 INFO cinder.volume.api [req-e73b41d7-6875-4bd4-bf02-f54a6e182a3c req-906dd7b8-fd59-48d4-b8ce-ed74f0f6b4c2 8765c57043974a1c99ae860c3f701ba9 bd4031a12c424c9baf5edea2066a5940 - - default default] Create volume request issued successfully.
2026-06-02 12:36:51.197 74 INFO cinder.api.openstack.wsgi [req-e73b41d7-6875-4bd4-bf02-f54a6e182a3c req-906dd7b8-fd59-48d4-b8ce-ed74f0f6b4c2 8765c57043974a1c99ae860c3f701ba9 bd4031a12c424c9baf5edea2066a5940 - - default default] http://[LB_IP_ADDRESS]:8776/v3/volumes returned with HTTP 202
2026-06-02 12:36:51.210 72 INFO cinder.api.openstack.wsgi [req-e73b41d7-6875-4bd4-bf02-f54a6e182a3c req-ba5b6460-06a7-416e-8721-418b94f9f689 8765c57043974a1c99ae860c3f701ba9 bd4031a12c424c9baf5edea2066a5940 - - default default] GET http://[LB_IP_ADDRESS]:8776/v3/volumes/8caba025-20b4-46f8-85a2-0e4a5a917c6e
2026-06-02 12:36:51.211 75 INFO cinder.volume.api [req-166aa63b-7f9b-411f-a1d9-56e42b1c6dfa req-38c213a2-def0-40dc-8d82-0eadffab3924 4b64f9c714344288a6017c502d0d180e c083338e5a524e559df47744dc22fcae - - default default] Create volume request issued successfully.
2026-06-02 12:36:51.213 75 INFO cinder.api.openstack.wsgi [req-166aa63b-7f9b-411f-a1d9-56e42b1c6dfa req-38c213a2-def0-40dc-8d82-0eadffab3924 4b64f9c714344288a6017c502d0d180e c083338e5a524e559df47744dc22fcae - - default default] http://[LB_IP_ADDRESS]:8776/v3/volumes returned with HTTP 202
2026-06-02 12:36:51.228 73 INFO cinder.api.openstack.wsgi [req-166aa63b-7f9b-411f-a1d9-56e42b1c6dfa req-1c2efb5f-1b8b-490c-84af-1ca80d509a34 4b64f9c714344288a6017c502d0d180e c083338e5a524e559df47744dc22fcae - - default default] GET http://[LB_IP_ADDRESS]:8776/v3/volumes/5dae3175-78f8-4397-a2ac-243e598fc35d
2026-06-02 12:36:51.232 72 INFO cinder.volume.api [req-e73b41d7-6875-4bd4-bf02-f54a6e182a3c req-ba5b6460-06a7-416e-8721-418b94f9f689 8765c57043974a1c99ae860c3f701ba9 bd4031a12c424c9baf5edea2066a5940 - - default default] Volume info retrieved successfully.
2026-06-02 12:36:51.242 72 INFO cinder.api.openstack.wsgi [req-e73b41d7-6875-4bd4-bf02-f54a6e182a3c req-ba5b6460-06a7-416e-8721-418b94f9f689 8765c57043974a1c99ae860c3f701ba9 bd4031a12c424c9baf5edea2066a5940 - - default default] http://[LB_IP_ADDRESS]:8776/v3/volumes/8caba025-20b4-46f8-85a2-0e4a5a917c6e returned with HTTP 200
2026-06-02 12:36:51.250 73 INFO cinder.volume.api [req-166aa63b-7f9b-411f-a1d9-56e42b1c6dfa req-1c2efb5f-1b8b-490c-84af-1ca80d509a34 4b64f9c714344288a6017c502d0d180e c083338e5a524e559df47744dc22fcae - - default default] Volume info retrieved successfully.
2026-06-02 12:36:51.259 73 INFO cinder.api.openstack.wsgi [req-166aa63b-7f9b-411f-a1d9-56e42b1c6dfa req-1c2efb5f-1b8b-490c-84af-1ca80d509a34 4b64f9c714344288a6017c502d0d180e c083338e5a524e559df47744dc22fcae - - default default] http://[LB_IP_ADDRESS]:8776/v3/volumes/5dae3175-78f8-4397-a2ac-243e598fc35d returned with HTTP 200
2026-06-02 12:36:51.322 76 INFO cinder.api.openstack.wsgi [req-01479c5c-a481-47fd-bbe1-0f47d6157ef0 req-6f72eff4-f572-4272-a643-0c83048df799 8765c57043974a1c99ae860c3f701ba9 bd4031a12c424c9baf5edea2066a5940 - - default default] GET http://[LB_IP_ADDRESS]:8776/v3/volumes/8caba025-20b4-46f8-85a2-0e4a5a917c6e
2026-06-02 12:36:51.344 76 INFO cinder.volume.api [req-01479c5c-a481-47fd-bbe1-0f47d6157ef0 req-6f72eff4-f572-4272-a643-0c83048df799 8765c57043974a1c99ae860c3f701ba9 bd4031a12c424c9baf5edea2066a5940 - - default default] Volume info retrieved successfully.
2026-06-02 12:36:51.346 74 INFO cinder.api.openstack.wsgi [req-706b8920-66e0-48c1-96fc-2344903992d7 req-0766d99a-46a8-4efb-a2dc-ab6fb966c24f 4b64f9c714344288a6017c502d0d180e c083338e5a524e559df47744dc22fcae - - default default] GET http://[LB_IP_ADDRESS]:8776/v3/volumes/5dae3175-78f8-4397-a2ac-243e598fc35d
2026-06-02 12:36:51.353 76 INFO cinder.api.openstack.wsgi [req-01479c5c-a481-47fd-bbe1-0f47d6157ef0 req-6f72eff4-f572-4272-a643-0c83048df799 8765c57043974a1c99ae860c3f701ba9 bd4031a12c424c9baf5edea2066a5940 - - default default] http://[LB_IP_ADDRESS]:8776/v3/volumes/8caba025-20b4-46f8-85a2-0e4a5a917c6e returned with HTTP 200
2026-06-02 12:36:51.368 74 INFO cinder.volume.api [req-706b8920-66e0-48c1-96fc-2344903992d7 req-0766d99a-46a8-4efb-a2dc-ab6fb966c24f 4b64f9c714344288a6017c502d0d180e c083338e5a524e559df47744dc22fcae - - default default] Volume info retrieved successfully.
2026-06-02 12:36:51.377 74 INFO cinder.api.openstack.wsgi [req-706b8920-66e0-48c1-96fc-2344903992d7 req-0766d99a-46a8-4efb-a2dc-ab6fb966c24f 4b64f9c714344288a6017c502d0d180e c083338e5a524e559df47744dc22fcae - - default default] http://[LB_IP_ADDRESS]:8776/v3/volumes/5dae3175-78f8-4397-a2ac-243e598fc35d returned with HTTP 200
2026-06-02 12:36:51.581 75 INFO cinder.api.openstack.wsgi [None req-4110939d-fa65-4889-a1c3-b5adef8e2a1a - - - - - -] GET http://[LB_IP_ADDRESS]:8776/
2026-06-02 12:36:51.583 75 INFO cinder.api.openstack.wsgi [None req-4110939d-fa65-4889-a1c3-b5adef8e2a1a - - - - - -] http://[LB_IP_ADDRESS]:8776/ returned with HTTP 300
2026-06-02 12:36:52.413 73 INFO cinder.api.openstack.wsgi [req-36be2d40-c537-4ef7-81a9-7fdd1c29bdc3 req-1ed70b50-9180-49a0-a876-b9dcb2a8da9a 4b64f9c714344288a6017c502d0d180e c083338e5a524e559df47744dc22fcae - - default default] GET http://[LB_IP_ADDRESS]:8776/v3/volumes/5dae3175-78f8-4397-a2ac-243e598fc35d
2026-06-02 12:36:52.435 73 INFO cinder.volume.api [req-36be2d40-c537-4ef7-81a9-7fdd1c29bdc3 req-1ed70b50-9180-49a0-a876-b9dcb2a8da9a 4b64f9c714344288a6017c502d0d180e c083338e5a524e559df47744dc22fcae - - default default] Volume info retrieved successfully.
2026-06-02 12:36:52.445 73 INFO cinder.api.openstack.wsgi [req-36be2d40-c537-4ef7-81a9-7fdd1c29bdc3 req-1ed70b50-9180-49a0-a876-b9dcb2a8da9a 4b64f9c714344288a6017c502d0d180e c083338e5a524e559df47744dc22fcae - - default default] http://[LB_IP_ADDRESS]:8776/v3/volumes/5dae3175-78f8-4397-a2ac-243e598fc35d returned with HTTP 200
2026-06-02 12:36:52.480 76 INFO cinder.api.openstack.wsgi [req-76680868-a22b-42a3-bc3b-540f04aaa223 req-4416c886-a2c3-4b77-9293-3cb0d3ee9bb4 4b64f9c714344288a6017c502d0d180e c083338e5a524e559df47744dc22fcae - - default default] POST http://[LB_IP_ADDRESS]:8776/v3/snapshots
2026-06-02 12:36:52.500 76 INFO cinder.volume.api [req-76680868-a22b-42a3-bc3b-540f04aaa223 req-4416c886-a2c3-4b77-9293-3cb0d3ee9bb4 4b64f9c714344288a6017c502d0d180e c083338e5a524e559df47744dc22fcae - - default default] Volume info retrieved successfully.
2026-06-02 12:36:52.501 76 INFO cinder.api.v3.snapshots [req-76680868-a22b-42a3-bc3b-540f04aaa223 req-4416c886-a2c3-4b77-9293-3cb0d3ee9bb4 4b64f9c714344288a6017c502d0d180e c083338e5a524e559df47744dc22fcae - - default default] Create snapshot from volume 5dae3175-78f8-4397-a2ac-243e598fc35d
2026-06-02 12:36:52.611 72 INFO cinder.api.openstack.wsgi [req-04f9ca19-0af8-4c69-ad57-8574512b2e5f req-b8145827-68ad-4b8e-955b-9a4de407cf75 8765c57043974a1c99ae860c3f701ba9 bd4031a12c424c9baf5edea2066a5940 - - default default] GET http://[LB_IP_ADDRESS]:8776/v3/volumes/8caba025-20b4-46f8-85a2-0e4a5a917c6e
2026-06-02 12:36:52.623 76 INFO cinder.volume.api [req-76680868-a22b-42a3-bc3b-540f04aaa223 req-4416c886-a2c3-4b77-9293-3cb0d3ee9bb4 4b64f9c714344288a6017c502d0d180e c083338e5a524e559df47744dc22fcae - - default default] Snapshot create request issued successfully.
2026-06-02 12:36:52.624 76 INFO cinder.api.openstack.wsgi [req-76680868-a22b-42a3-bc3b-540f04aaa223 req-4416c886-a2c3-4b77-9293-3cb0d3ee9bb4 4b64f9c714344288a6017c502d0d180e c083338e5a524e559df47744dc22fcae - - default default] http://[LB_IP_ADDRESS]:8776/v3/snapshots returned with HTTP 202
2026-06-02 12:36:52.634 72 INFO cinder.volume.api [req-04f9ca19-0af8-4c69-ad57-8574512b2e5f req-b8145827-68ad-4b8e-955b-9a4de407cf75 8765c57043974a1c99ae860c3f701ba9 bd4031a12c424c9baf5edea2066a5940 - - default default] Volume info retrieved successfully.
2026-06-02 12:36:52.644 72 INFO cinder.api.openstack.wsgi [req-04f9ca19-0af8-4c69-ad57-8574512b2e5f req-b8145827-68ad-4b8e-955b-9a4de407cf75 8765c57043974a1c99ae860c3f701ba9 bd4031a12c424c9baf5edea2066a5940 - - default default] http://[LB_IP_ADDRESS]:8776/v3/volumes/8caba025-20b4-46f8-85a2-0e4a5a917c6e returned with HTTP 200
2026-06-02 12:36:52.656 74 INFO cinder.api.openstack.wsgi [req-69626dc0-ae39-4595-acf7-5904aabe3a3b req-b05b6197-39c9-4107-bd7b-3a7335f678ef 4b64f9c714344288a6017c502d0d180e c083338e5a524e559df47744dc22fcae - - default default] GET http://[LB_IP_ADDRESS]:8776/v3/snapshots/38354bbb-40d8-4ad8-9e75-2ed4a020b0b2
2026-06-02 12:36:52.667 74 INFO cinder.volume.api [req-69626dc0-ae39-4595-acf7-5904aabe3a3b req-b05b6197-39c9-4107-bd7b-3a7335f678ef 4b64f9c714344288a6017c502d0d180e c083338e5a524e559df47744dc22fcae - - default default] Snapshot retrieved successfully.
2026-06-02 12:36:52.669 74 INFO cinder.api.openstack.wsgi [req-69626dc0-ae39-4595-acf7-5904aabe3a3b req-b05b6197-39c9-4107-bd7b-3a7335f678ef 4b64f9c714344288a6017c502d0d180e c083338e5a524e559df47744dc22fcae - - default default] http://[LB_IP_ADDRESS]:8776/v3/snapshots/38354bbb-40d8-4ad8-9e75-2ed4a020b0b2 returned with HTTP 200
2026-06-02 12:36:52.681 75 INFO cinder.api.openstack.wsgi [req-6da33884-c90e-487e-945a-dc6cbbc61cbe req-db809c14-50ef-4a9c-9e1f-de6e26fa85b1 8765c57043974a1c99ae860c3f701ba9 bd4031a12c424c9baf5edea2066a5940 - - default default] GET http://[LB_IP_ADDRESS]:8776/v3/volumes/8caba025-20b4-46f8-85a2-0e4a5a917c6e
2026-06-02 12:36:52.703 75 INFO cinder.volume.api [req-6da33884-c90e-487e-945a-dc6cbbc61cbe req-db809c14-50ef-4a9c-9e1f-de6e26fa85b1 8765c57043974a1c99ae860c3f701ba9 bd4031a12c424c9baf5edea2066a5940 - - default default] Volume info retrieved successfully.
2026-06-02 12:36:52.703 73 INFO cinder.api.openstack.wsgi [req-ee17bbd8-bcb9-462a-a68a-ea9d8bfa31fe req-2c51ce72-f71f-48fd-a99b-7655a03172de 4b64f9c714344288a6017c502d0d180e c083338e5a524e559df47744dc22fcae - - default default] GET http://[LB_IP_ADDRESS]:8776/v3/snapshots/detail
2026-06-02 12:36:52.712 75 INFO cinder.api.openstack.wsgi [req-6da33884-c90e-487e-945a-dc6cbbc61cbe req-db809c14-50ef-4a9c-9e1f-de6e26fa85b1 8765c57043974a1c99ae860c3f701ba9 bd4031a12c424c9baf5edea2066a5940 - - default default] http://[LB_IP_ADDRESS]:8776/v3/volumes/8caba025-20b4-46f8-85a2-0e4a5a917c6e returned with HTTP 200
2026-06-02 12:36:52.713 73 INFO cinder.volume.api [req-ee17bbd8-bcb9-462a-a68a-ea9d8bfa31fe req-2c51ce72-f71f-48fd-a99b-7655a03172de 4b64f9c714344288a6017c502d0d180e c083338e5a524e559df47744dc22fcae - - default default] Get all snapshots completed successfully.
2026-06-02 12:36:52.715 73 INFO cinder.api.openstack.wsgi [req-ee17bbd8-bcb9-462a-a68a-ea9d8bfa31fe req-2c51ce72-f71f-48fd-a99b-7655a03172de 4b64f9c714344288a6017c502d0d180e c083338e5a524e559df47744dc22fcae - - default default] http://[LB_IP_ADDRESS]:8776/v3/snapshots/detail returned with HTTP 200
2026-06-02 12:36:52.750 72 INFO cinder.api.openstack.wsgi [req-e3956bb6-9fbc-4fe2-b640-c3804e1bfb87 req-f36dcbbb-53f7-4e8e-bb06-bf3317641887 8765c57043974a1c99ae860c3f701ba9 bd4031a12c424c9baf5edea2066a5940 - - default default] DELETE http://[LB_IP_ADDRESS]:8776/v3/volumes/8caba025-20b4-46f8-85a2-0e4a5a917c6e
2026-06-02 12:36:52.750 76 INFO cinder.api.openstack.wsgi [req-a885eb50-937d-469a-89bf-bfc275d1397c req-c610d8e3-cf82-4ad1-bd53-416621752a75 4b64f9c714344288a6017c502d0d180e c083338e5a524e559df47744dc22fcae - - default default] GET http://[LB_IP_ADDRESS]:8776/v3/snapshots/38354bbb-40d8-4ad8-9e75-2ed4a020b0b2
2026-06-02 12:36:52.750 72 INFO cinder.api.v3.volumes [req-e3956bb6-9fbc-4fe2-b640-c3804e1bfb87 req-f36dcbbb-53f7-4e8e-bb06-bf3317641887 8765c57043974a1c99ae860c3f701ba9 bd4031a12c424c9baf5edea2066a5940 - - default default] Delete volume with id: 8caba025-20b4-46f8-85a2-0e4a5a917c6e 
2026-06-02 12:36:52.761 76 INFO cinder.volume.api [req-a885eb50-937d-469a-89bf-bfc275d1397c req-c610d8e3-cf82-4ad1-bd53-416621752a75 4b64f9c714344288a6017c502d0d180e c083338e5a524e559df47744dc22fcae - - default default] Snapshot retrieved successfully.
2026-06-02 12:36:52.763 76 INFO cinder.api.openstack.wsgi [req-a885eb50-937d-469a-89bf-bfc275d1397c req-c610d8e3-cf82-4ad1-bd53-416621752a75 4b64f9c714344288a6017c502d0d180e c083338e5a524e559df47744dc22fcae - - default default] http://[LB_IP_ADDRESS]:8776/v3/snapshots/38354bbb-40d8-4ad8-9e75-2ed4a020b0b2 returned with HTTP 200
2026-06-02 12:36:52.764 72 INFO cinder.volume.api [req-e3956bb6-9fbc-4fe2-b640-c3804e1bfb87 req-f36dcbbb-53f7-4e8e-bb06-bf3317641887 8765c57043974a1c99ae860c3f701ba9 bd4031a12c424c9baf5edea2066a5940 - - default default] Volume info retrieved successfully.
2026-06-02 12:36:52.797 72 INFO cinder.volume.api [req-e3956bb6-9fbc-4fe2-b640-c3804e1bfb87 req-f36dcbbb-53f7-4e8e-bb06-bf3317641887 8765c57043974a1c99ae860c3f701ba9 bd4031a12c424c9baf5edea2066a5940 - - default default] Delete volume request issued successfully.
2026-06-02 12:36:52.798 72 INFO cinder.api.openstack.wsgi [req-e3956bb6-9fbc-4fe2-b640-c3804e1bfb87 req-f36dcbbb-53f7-4e8e-bb06-bf3317641887 8765c57043974a1c99ae860c3f701ba9 bd4031a12c424c9baf5edea2066a5940 - - default default] http://[LB_IP_ADDRESS]:8776/v3/volumes/8caba025-20b4-46f8-85a2-0e4a5a917c6e returned with HTTP 202
2026-06-02 12:36:52.827 74 INFO cinder.api.openstack.wsgi [req-5badc9d1-a87f-4bde-ba50-54ae5333792a req-f777fe5f-2500-4e8a-87f3-a58f05431af2 8765c57043974a1c99ae860c3f701ba9 bd4031a12c424c9baf5edea2066a5940 - - default default] GET http://[LB_IP_ADDRESS]:8776/v3/volumes/8caba025-20b4-46f8-85a2-0e4a5a917c6e
2026-06-02 12:36:52.850 74 INFO cinder.volume.api [req-5badc9d1-a87f-4bde-ba50-54ae5333792a req-f777fe5f-2500-4e8a-87f3-a58f05431af2 8765c57043974a1c99ae860c3f701ba9 bd4031a12c424c9baf5edea2066a5940 - - default default] Volume info retrieved successfully.
2026-06-02 12:36:52.859 74 INFO cinder.api.openstack.wsgi [req-5badc9d1-a87f-4bde-ba50-54ae5333792a req-f777fe5f-2500-4e8a-87f3-a58f05431af2 8765c57043974a1c99ae860c3f701ba9 bd4031a12c424c9baf5edea2066a5940 - - default default] http://[LB_IP_ADDRESS]:8776/v3/volumes/8caba025-20b4-46f8-85a2-0e4a5a917c6e returned with HTTP 200
2026-06-02 12:36:52.970 75 INFO cinder.api.openstack.wsgi [None req-73c176fd-3de6-482a-8196-423226004274 7c8083f39f314fff9627412ebf9ed11f 34882bb37ef94c169318bb6fc7c8a785 - - default default] GET http://[LB_IP_ADDRESS]:8776/v3/34882bb37ef94c169318bb6fc7c8a785/scheduler-stats/get_pools
2026-06-02 12:36:53.478 75 INFO cinder.api.openstack.wsgi [None req-73c176fd-3de6-482a-8196-423226004274 7c8083f39f314fff9627412ebf9ed11f 34882bb37ef94c169318bb6fc7c8a785 - - default default] http://[LB_IP_ADDRESS]:8776/v3/34882bb37ef94c169318bb6fc7c8a785/scheduler-stats/get_pools returned with HTTP 200
2026-06-02 12:36:53.498 73 INFO cinder.api.openstack.wsgi [None req-69617fb9-06b5-4b24-a419-5d8490eb6e95 7c8083f39f314fff9627412ebf9ed11f 34882bb37ef94c169318bb6fc7c8a785 - - default default] GET http://[LB_IP_ADDRESS]:8776/v3/34882bb37ef94c169318bb6fc7c8a785/scheduler-stats/get_pools?detail=True
2026-06-02 12:36:53.796 76 INFO cinder.api.openstack.wsgi [req-fcb96730-863f-4858-9e1c-7e92fc55a0c4 req-f83af8c0-c7b1-4f7f-be62-9f60c8682199 4b64f9c714344288a6017c502d0d180e c083338e5a524e559df47744dc22fcae - - default default] GET http://[LB_IP_ADDRESS]:8776/v3/snapshots/38354bbb-40d8-4ad8-9e75-2ed4a020b0b2
2026-06-02 12:36:53.807 76 INFO cinder.volume.api [req-fcb96730-863f-4858-9e1c-7e92fc55a0c4 req-f83af8c0-c7b1-4f7f-be62-9f60c8682199 4b64f9c714344288a6017c502d0d180e c083338e5a524e559df47744dc22fcae - - default default] Snapshot retrieved successfully.
2026-06-02 12:36:53.809 76 INFO cinder.api.openstack.wsgi [req-fcb96730-863f-4858-9e1c-7e92fc55a0c4 req-f83af8c0-c7b1-4f7f-be62-9f60c8682199 4b64f9c714344288a6017c502d0d180e c083338e5a524e559df47744dc22fcae - - default default] http://[LB_IP_ADDRESS]:8776/v3/snapshots/38354bbb-40d8-4ad8-9e75-2ed4a020b0b2 returned with HTTP 200
2026-06-02 12:36:53.895 72 INFO cinder.api.openstack.wsgi [req-48b6d45e-28dd-482d-ae8c-cee0e0f1eb90 req-96938866-f89b-484b-a4ef-9cfbbab4056b 8765c57043974a1c99ae860c3f701ba9 bd4031a12c424c9baf5edea2066a5940 - - default default] GET http://[LB_IP_ADDRESS]:8776/v3/volumes/8caba025-20b4-46f8-85a2-0e4a5a917c6e
2026-06-02 12:36:53.907 72 INFO cinder.api.openstack.wsgi [req-48b6d45e-28dd-482d-ae8c-cee0e0f1eb90 req-96938866-f89b-484b-a4ef-9cfbbab4056b 8765c57043974a1c99ae860c3f701ba9 bd4031a12c424c9baf5edea2066a5940 - - default default] http://[LB_IP_ADDRESS]:8776/v3/volumes/8caba025-20b4-46f8-85a2-0e4a5a917c6e returned with HTTP 404
2026-06-02 12:36:54.006 73 INFO cinder.api.openstack.wsgi [None req-69617fb9-06b5-4b24-a419-5d8490eb6e95 7c8083f39f314fff9627412ebf9ed11f 34882bb37ef94c169318bb6fc7c8a785 - - default default] http://[LB_IP_ADDRESS]:8776/v3/34882bb37ef94c169318bb6fc7c8a785/scheduler-stats/get_pools?detail=True returned with HTTP 200
2026-06-02 12:36:54.025 74 INFO cinder.api.openstack.wsgi [None req-39f86fc0-43ec-4d4b-b4b8-5f79e6a3c06d 7c8083f39f314fff9627412ebf9ed11f 34882bb37ef94c169318bb6fc7c8a785 - - default default] GET http://[LB_IP_ADDRESS]:8776/v3/34882bb37ef94c169318bb6fc7c8a785/capabilities/rack04-server61@LIGHTOSecxuuy
2026-06-02 12:36:54.540 74 INFO cinder.api.openstack.wsgi [None req-39f86fc0-43ec-4d4b-b4b8-5f79e6a3c06d 7c8083f39f314fff9627412ebf9ed11f 34882bb37ef94c169318bb6fc7c8a785 - - default default] http://[LB_IP_ADDRESS]:8776/v3/34882bb37ef94c169318bb6fc7c8a785/capabilities/rack04-server61@LIGHTOSecxuuy returned with HTTP 200
2026-06-02 12:36:54.567 75 INFO cinder.api.openstack.wsgi [None req-70a18d38-1571-4143-9e89-596685a3dbcc 7c8083f39f314fff9627412ebf9ed11f 34882bb37ef94c169318bb6fc7c8a785 - - default default] GET http://[LB_IP_ADDRESS]:8776/v3/34882bb37ef94c169318bb6fc7c8a785/capabilities/rack04-server61@LIGHTOSecxuuy
2026-06-02 12:36:54.843 76 INFO cinder.api.openstack.wsgi [req-766a9a84-a7d6-4c13-ae48-be0274eab631 req-0ddfa819-cf56-4f2b-8332-6e1385c017fc 4b64f9c714344288a6017c502d0d180e c083338e5a524e559df47744dc22fcae - - default default] GET http://[LB_IP_ADDRESS]:8776/v3/snapshots/38354bbb-40d8-4ad8-9e75-2ed4a020b0b2
2026-06-02 12:36:54.855 76 INFO cinder.volume.api [req-766a9a84-a7d6-4c13-ae48-be0274eab631 req-0ddfa819-cf56-4f2b-8332-6e1385c017fc 4b64f9c714344288a6017c502d0d180e c083338e5a524e559df47744dc22fcae - - default default] Snapshot retrieved successfully.
2026-06-02 12:36:54.857 76 INFO cinder.api.openstack.wsgi [req-766a9a84-a7d6-4c13-ae48-be0274eab631 req-0ddfa819-cf56-4f2b-8332-6e1385c017fc 4b64f9c714344288a6017c502d0d180e c083338e5a524e559df47744dc22fcae - - default default] http://[LB_IP_ADDRESS]:8776/v3/snapshots/38354bbb-40d8-4ad8-9e75-2ed4a020b0b2 returned with HTTP 200
2026-06-02 12:36:54.889 72 INFO cinder.api.openstack.wsgi [req-ed30f287-9944-41e6-9956-cbe13ece0f5a req-591e1497-3883-4c86-80f3-1df21590ea03 4b64f9c714344288a6017c502d0d180e c083338e5a524e559df47744dc22fcae - - default default] DELETE http://[LB_IP_ADDRESS]:8776/v3/snapshots/38354bbb-40d8-4ad8-9e75-2ed4a020b0b2
2026-06-02 12:36:54.890 72 INFO cinder.api.v2.snapshots [req-ed30f287-9944-41e6-9956-cbe13ece0f5a req-591e1497-3883-4c86-80f3-1df21590ea03 4b64f9c714344288a6017c502d0d180e c083338e5a524e559df47744dc22fcae - - default default] Delete snapshot with id: 38354bbb-40d8-4ad8-9e75-2ed4a020b0b2
2026-06-02 12:36:54.900 72 INFO cinder.volume.api [req-ed30f287-9944-41e6-9956-cbe13ece0f5a req-591e1497-3883-4c86-80f3-1df21590ea03 4b64f9c714344288a6017c502d0d180e c083338e5a524e559df47744dc22fcae - - default default] Snapshot retrieved successfully.
2026-06-02 12:36:54.933 72 INFO cinder.volume.api [req-ed30f287-9944-41e6-9956-cbe13ece0f5a req-591e1497-3883-4c86-80f3-1df21590ea03 4b64f9c714344288a6017c502d0d180e c083338e5a524e559df47744dc22fcae - - default default] Snapshot delete request issued successfully.
2026-06-02 12:36:54.934 72 INFO cinder.api.openstack.wsgi [req-ed30f287-9944-41e6-9956-cbe13ece0f5a req-591e1497-3883-4c86-80f3-1df21590ea03 4b64f9c714344288a6017c502d0d180e c083338e5a524e559df47744dc22fcae - - default default] http://[LB_IP_ADDRESS]:8776/v3/snapshots/38354bbb-40d8-4ad8-9e75-2ed4a020b0b2 returned with HTTP 202
2026-06-02 12:36:54.965 73 INFO cinder.api.openstack.wsgi [req-02c09281-a048-4dd7-82ef-c4f64e978637 req-38cdfc60-5b57-4ac2-835b-9ad7b2d390c6 4b64f9c714344288a6017c502d0d180e c083338e5a524e559df47744dc22fcae - - default default] GET http://[LB_IP_ADDRESS]:8776/v3/snapshots/38354bbb-40d8-4ad8-9e75-2ed4a020b0b2
2026-06-02 12:36:54.977 73 INFO cinder.volume.api [req-02c09281-a048-4dd7-82ef-c4f64e978637 req-38cdfc60-5b57-4ac2-835b-9ad7b2d390c6 4b64f9c714344288a6017c502d0d180e c083338e5a524e559df47744dc22fcae - - default default] Snapshot retrieved successfully.
2026-06-02 12:36:54.979 73 INFO cinder.api.openstack.wsgi [req-02c09281-a048-4dd7-82ef-c4f64e978637 req-38cdfc60-5b57-4ac2-835b-9ad7b2d390c6 4b64f9c714344288a6017c502d0d180e c083338e5a524e559df47744dc22fcae - - default default] http://[LB_IP_ADDRESS]:8776/v3/snapshots/38354bbb-40d8-4ad8-9e75-2ed4a020b0b2 returned with HTTP 200
2026-06-02 12:36:55.082 75 INFO cinder.api.openstack.wsgi [None req-70a18d38-1571-4143-9e89-596685a3dbcc 7c8083f39f314fff9627412ebf9ed11f 34882bb37ef94c169318bb6fc7c8a785 - - default default] http://[LB_IP_ADDRESS]:8776/v3/34882bb37ef94c169318bb6fc7c8a785/capabilities/rack04-server61@LIGHTOSecxuuy returned with HTTP 200
2026-06-02 12:36:56.013 74 INFO cinder.api.openstack.wsgi [req-2a570da7-ba99-46c7-9131-d8499e5f09ca req-93f205e4-8cc1-4fcf-bedd-cae04492996f 4b64f9c714344288a6017c502d0d180e c083338e5a524e559df47744dc22fcae - - default default] GET http://[LB_IP_ADDRESS]:8776/v3/snapshots/38354bbb-40d8-4ad8-9e75-2ed4a020b0b2
2026-06-02 12:36:56.022 74 INFO cinder.api.openstack.wsgi [req-2a570da7-ba99-46c7-9131-d8499e5f09ca req-93f205e4-8cc1-4fcf-bedd-cae04492996f 4b64f9c714344288a6017c502d0d180e c083338e5a524e559df47744dc22fcae - - default default] http://[LB_IP_ADDRESS]:8776/v3/snapshots/38354bbb-40d8-4ad8-9e75-2ed4a020b0b2 returned with HTTP 404
2026-06-02 12:36:56.053 76 INFO cinder.api.openstack.wsgi [req-66b9edab-896b-484f-b775-ac1c87147b44 req-2b591762-6479-434e-9a8f-2f47c9c79f9a 4b64f9c714344288a6017c502d0d180e c083338e5a524e559df47744dc22fcae - - default default] DELETE http://[LB_IP_ADDRESS]:8776/v3/volumes/5dae3175-78f8-4397-a2ac-243e598fc35d
2026-06-02 12:36:56.053 76 INFO cinder.api.v3.volumes [req-66b9edab-896b-484f-b775-ac1c87147b44 req-2b591762-6479-434e-9a8f-2f47c9c79f9a 4b64f9c714344288a6017c502d0d180e c083338e5a524e559df47744dc22fcae - - default default] Delete volume with id: 5dae3175-78f8-4397-a2ac-243e598fc35d 
2026-06-02 12:36:56.069 76 INFO cinder.volume.api [req-66b9edab-896b-484f-b775-ac1c87147b44 req-2b591762-6479-434e-9a8f-2f47c9c79f9a 4b64f9c714344288a6017c502d0d180e c083338e5a524e559df47744dc22fcae - - default default] Volume info retrieved successfully.
2026-06-02 12:36:56.099 76 INFO cinder.volume.api [req-66b9edab-896b-484f-b775-ac1c87147b44 req-2b591762-6479-434e-9a8f-2f47c9c79f9a 4b64f9c714344288a6017c502d0d180e c083338e5a524e559df47744dc22fcae - - default default] Delete volume request issued successfully.
2026-06-02 12:36:56.100 76 INFO cinder.api.openstack.wsgi [req-66b9edab-896b-484f-b775-ac1c87147b44 req-2b591762-6479-434e-9a8f-2f47c9c79f9a 4b64f9c714344288a6017c502d0d180e c083338e5a524e559df47744dc22fcae - - default default] http://[LB_IP_ADDRESS]:8776/v3/volumes/5dae3175-78f8-4397-a2ac-243e598fc35d returned with HTTP 202
2026-06-02 12:36:56.130 72 INFO cinder.api.openstack.wsgi [req-d5a1cfbf-fcda-4bee-9950-1493400c723d req-f6f0ca79-cf82-4b4e-be8b-c916fe60d9b8 4b64f9c714344288a6017c502d0d180e c083338e5a524e559df47744dc22fcae - - default default] GET http://[LB_IP_ADDRESS]:8776/v3/volumes/5dae3175-78f8-4397-a2ac-243e598fc35d
2026-06-02 12:36:56.151 72 INFO cinder.volume.api [req-d5a1cfbf-fcda-4bee-9950-1493400c723d req-f6f0ca79-cf82-4b4e-be8b-c916fe60d9b8 4b64f9c714344288a6017c502d0d180e c083338e5a524e559df47744dc22fcae - - default default] Volume info retrieved successfully.
2026-06-02 12:36:56.161 72 INFO cinder.api.openstack.wsgi [req-d5a1cfbf-fcda-4bee-9950-1493400c723d req-f6f0ca79-cf82-4b4e-be8b-c916fe60d9b8 4b64f9c714344288a6017c502d0d180e c083338e5a524e559df47744dc22fcae - - default default] http://[LB_IP_ADDRESS]:8776/v3/volumes/5dae3175-78f8-4397-a2ac-243e598fc35d returned with HTTP 200
2026-06-02 12:36:57.197 73 INFO cinder.api.openstack.wsgi [req-faccd846-125e-4ed7-941b-4913d4ed32d6 req-21fad7f8-7a33-4e16-a6cd-f0284ccd9de4 4b64f9c714344288a6017c502d0d180e c083338e5a524e559df47744dc22fcae - - default default] GET http://[LB_IP_ADDRESS]:8776/v3/volumes/5dae3175-78f8-4397-a2ac-243e598fc35d
2026-06-02 12:36:57.210 73 INFO cinder.api.openstack.wsgi [req-faccd846-125e-4ed7-941b-4913d4ed32d6 req-21fad7f8-7a33-4e16-a6cd-f0284ccd9de4 4b64f9c714344288a6017c502d0d180e c083338e5a524e559df47744dc22fcae - - default default] http://[LB_IP_ADDRESS]:8776/v3/volumes/5dae3175-78f8-4397-a2ac-243e598fc35d returned with HTTP 404
2026-06-02 12:36:57.241 75 INFO cinder.api.openstack.wsgi [req-b6ee60d8-dfe3-4674-8201-33e7882a2259 req-97900bf9-c387-4ea6-ac5c-68bf58a6e116 4b64f9c714344288a6017c502d0d180e c083338e5a524e559df47744dc22fcae - - default default] DELETE http://[LB_IP_ADDRESS]:8776/v3/volumes/5dae3175-78f8-4397-a2ac-243e598fc35d
2026-06-02 12:36:57.242 75 INFO cinder.api.v3.volumes [req-b6ee60d8-dfe3-4674-8201-33e7882a2259 req-97900bf9-c387-4ea6-ac5c-68bf58a6e116 4b64f9c714344288a6017c502d0d180e c083338e5a524e559df47744dc22fcae - - default default] Delete volume with id: 5dae3175-78f8-4397-a2ac-243e598fc35d 
2026-06-02 12:36:57.254 75 INFO cinder.api.openstack.wsgi [req-b6ee60d8-dfe3-4674-8201-33e7882a2259 req-97900bf9-c387-4ea6-ac5c-68bf58a6e116 4b64f9c714344288a6017c502d0d180e c083338e5a524e559df47744dc22fcae - - default default] http://[LB_IP_ADDRESS]:8776/v3/volumes/5dae3175-78f8-4397-a2ac-243e598fc35d returned with HTTP 404
2026-06-02 12:36:57.284 74 INFO cinder.api.openstack.wsgi [req-8a434490-edc5-4078-8330-fc9216f3cfa5 req-265538bc-7886-43bd-b669-b58666096639 4b64f9c714344288a6017c502d0d180e c083338e5a524e559df47744dc22fcae - - default default] GET http://[LB_IP_ADDRESS]:8776/v3/volumes/5dae3175-78f8-4397-a2ac-243e598fc35d
2026-06-02 12:36:57.298 74 INFO cinder.api.openstack.wsgi [req-8a434490-edc5-4078-8330-fc9216f3cfa5 req-265538bc-7886-43bd-b669-b58666096639 4b64f9c714344288a6017c502d0d180e c083338e5a524e559df47744dc22fcae - - default default] http://[LB_IP_ADDRESS]:8776/v3/volumes/5dae3175-78f8-4397-a2ac-243e598fc35d returned with HTTP 404
2026-06-02 12:36:58.092 76 INFO cinder.api.openstack.wsgi [req-9d4ffc67-dba5-45b9-a538-6f79da73f41c req-b8c3421c-5823-4235-99da-f1cdbceb9f4e 7993098f666f47ceb30e5fd46dee507d 4aa796ea40f44f28abf75750fa8f7ec9 - - default default] DELETE http://[LB_IP_ADDRESS]:8776/v3/volumes/tempest-invalid-1298556113
2026-06-02 12:36:58.093 76 INFO cinder.api.v3.volumes [req-9d4ffc67-dba5-45b9-a538-6f79da73f41c req-b8c3421c-5823-4235-99da-f1cdbceb9f4e 7993098f666f47ceb30e5fd46dee507d 4aa796ea40f44f28abf75750fa8f7ec9 - - default default] Delete volume with id: tempest-invalid-1298556113 
2026-06-02 12:36:58.104 76 INFO cinder.api.openstack.wsgi [req-9d4ffc67-dba5-45b9-a538-6f79da73f41c req-b8c3421c-5823-4235-99da-f1cdbceb9f4e 7993098f666f47ceb30e5fd46dee507d 4aa796ea40f44f28abf75750fa8f7ec9 - - default default] http://[LB_IP_ADDRESS]:8776/v3/volumes/tempest-invalid-1298556113 returned with HTTP 404
2026-06-02 12:36:58.160 72 INFO cinder.api.openstack.wsgi [req-74154fb3-65a4-4605-ab0f-8af8361759a9 req-96f332bb-af42-40e2-9a7a-0a6fe03f4181 7993098f666f47ceb30e5fd46dee507d 4aa796ea40f44f28abf75750fa8f7ec9 - - default default] DELETE http://[LB_IP_ADDRESS]:8776/v3/volumes/1938fe26-f5b9-4d9c-9265-c95a816e42a1
2026-06-02 12:36:58.161 72 INFO cinder.api.v3.volumes [req-74154fb3-65a4-4605-ab0f-8af8361759a9 req-96f332bb-af42-40e2-9a7a-0a6fe03f4181 7993098f666f47ceb30e5fd46dee507d 4aa796ea40f44f28abf75750fa8f7ec9 - - default default] Delete volume with id: 1938fe26-f5b9-4d9c-9265-c95a816e42a1 
2026-06-02 12:36:58.174 72 INFO cinder.api.openstack.wsgi [req-74154fb3-65a4-4605-ab0f-8af8361759a9 req-96f332bb-af42-40e2-9a7a-0a6fe03f4181 7993098f666f47ceb30e5fd46dee507d 4aa796ea40f44f28abf75750fa8f7ec9 - - default default] http://[LB_IP_ADDRESS]:8776/v3/volumes/1938fe26-f5b9-4d9c-9265-c95a816e42a1 returned with HTTP 404
2026-06-02 12:36:58.208 73 INFO cinder.api.openstack.wsgi [req-6162c216-c151-4c87-9895-bb159dd2eacf req-26c6fcff-7133-40f2-b334-6e38685853da 7993098f666f47ceb30e5fd46dee507d 4aa796ea40f44f28abf75750fa8f7ec9 - - default default] GET http://[LB_IP_ADDRESS]:8776/v3/volumes/9ff3017e-0592-473e-91fd-b83427bacc7c
2026-06-02 12:36:58.220 73 INFO cinder.api.openstack.wsgi [req-6162c216-c151-4c87-9895-bb159dd2eacf req-26c6fcff-7133-40f2-b334-6e38685853da 7993098f666f47ceb30e5fd46dee507d 4aa796ea40f44f28abf75750fa8f7ec9 - - default default] http://[LB_IP_ADDRESS]:8776/v3/volumes/9ff3017e-0592-473e-91fd-b83427bacc7c returned with HTTP 404
2026-06-02 12:37:00.928 75 INFO cinder.api.openstack.wsgi [None req-14b84bf5-4f73-4776-9999-d3863e265733 ec9e722b96f94032b473c86ed3eecfae 019c069dd98142c3a5b6b8eeaac1f4fb - - default default] POST http://[LB_IP_ADDRESS]:8776/v3/019c069dd98142c3a5b6b8eeaac1f4fb/volumes
2026-06-02 12:37:00.933 75 INFO cinder.api.v3.volumes [None req-14b84bf5-4f73-4776-9999-d3863e265733 ec9e722b96f94032b473c86ed3eecfae 019c069dd98142c3a5b6b8eeaac1f4fb - - default default] Create volume of 1 GB
2026-06-02 12:37:00.942 75 INFO cinder.volume.api [None req-14b84bf5-4f73-4776-9999-d3863e265733 ec9e722b96f94032b473c86ed3eecfae 019c069dd98142c3a5b6b8eeaac1f4fb - - default default] Availability Zones retrieved successfully.
2026-06-02 12:37:01.209 74 INFO cinder.api.openstack.wsgi [None req-d124b114-7b99-423b-b6a4-749aeb002ab0 3acfed9e69e047e78552bd718e9f3f2d f764d14ad2df4b7e8f98f8f578be870f - - default default] POST http://[LB_IP_ADDRESS]:8776/v3/f764d14ad2df4b7e8f98f8f578be870f/types
2026-06-02 12:37:01.235 74 INFO cinder.api.openstack.wsgi [None req-d124b114-7b99-423b-b6a4-749aeb002ab0 3acfed9e69e047e78552bd718e9f3f2d f764d14ad2df4b7e8f98f8f578be870f - - default default] http://[LB_IP_ADDRESS]:8776/v3/f764d14ad2df4b7e8f98f8f578be870f/types returned with HTTP 200
2026-06-02 12:37:01.240 75 INFO cinder.volume.api [None req-14b84bf5-4f73-4776-9999-d3863e265733 ec9e722b96f94032b473c86ed3eecfae 019c069dd98142c3a5b6b8eeaac1f4fb - - default default] Create volume request issued successfully.
2026-06-02 12:37:01.242 75 INFO cinder.api.openstack.wsgi [None req-14b84bf5-4f73-4776-9999-d3863e265733 ec9e722b96f94032b473c86ed3eecfae 019c069dd98142c3a5b6b8eeaac1f4fb - - default default] http://[LB_IP_ADDRESS]:8776/v3/019c069dd98142c3a5b6b8eeaac1f4fb/volumes returned with HTTP 202
2026-06-02 12:37:01.250 76 INFO cinder.api.openstack.wsgi [None req-98afbed3-f321-4c6d-8f06-8a1691790800 3acfed9e69e047e78552bd718e9f3f2d f764d14ad2df4b7e8f98f8f578be870f - - default default] POST http://[LB_IP_ADDRESS]:8776/v3/f764d14ad2df4b7e8f98f8f578be870f/group_types
2026-06-02 12:37:01.264 72 INFO cinder.api.openstack.wsgi [None req-61d78be7-ee9c-4672-ab7d-4aa3de85dc8d ec9e722b96f94032b473c86ed3eecfae 019c069dd98142c3a5b6b8eeaac1f4fb - - default default] GET http://[LB_IP_ADDRESS]:8776/v3/019c069dd98142c3a5b6b8eeaac1f4fb/volumes/7f8828f4-a07d-4677-9480-9513445832b6
2026-06-02 12:37:01.273 76 INFO cinder.api.openstack.wsgi [None req-98afbed3-f321-4c6d-8f06-8a1691790800 3acfed9e69e047e78552bd718e9f3f2d f764d14ad2df4b7e8f98f8f578be870f - - default default] http://[LB_IP_ADDRESS]:8776/v3/f764d14ad2df4b7e8f98f8f578be870f/group_types returned with HTTP 202
2026-06-02 12:37:01.284 72 INFO cinder.volume.api [None req-61d78be7-ee9c-4672-ab7d-4aa3de85dc8d ec9e722b96f94032b473c86ed3eecfae 019c069dd98142c3a5b6b8eeaac1f4fb - - default default] Volume info retrieved successfully.
2026-06-02 12:37:01.293 72 INFO cinder.api.openstack.wsgi [None req-61d78be7-ee9c-4672-ab7d-4aa3de85dc8d ec9e722b96f94032b473c86ed3eecfae 019c069dd98142c3a5b6b8eeaac1f4fb - - default default] http://[LB_IP_ADDRESS]:8776/v3/019c069dd98142c3a5b6b8eeaac1f4fb/volumes/7f8828f4-a07d-4677-9480-9513445832b6 returned with HTTP 200
2026-06-02 12:37:01.450 73 INFO cinder.api.openstack.wsgi [None req-70632f9a-eeac-46fa-b2b8-37d7275b977f 811b1609387a44f2ad07c87e8c652dba 738c563e30aa44c5a232cd48baa11a85 - - default default] POST http://[LB_IP_ADDRESS]:8776/v3/738c563e30aa44c5a232cd48baa11a85/groups
2026-06-02 12:37:01.463 73 INFO cinder.api.v3.groups [None req-70632f9a-eeac-46fa-b2b8-37d7275b977f 811b1609387a44f2ad07c87e8c652dba 738c563e30aa44c5a232cd48baa11a85 - - default default] Creating group tempest-GroupSnapshotsV319Test-Group-1272365270.
2026-06-02 12:37:01.480 73 INFO cinder.volume.api [None req-70632f9a-eeac-46fa-b2b8-37d7275b977f 811b1609387a44f2ad07c87e8c652dba 738c563e30aa44c5a232cd48baa11a85 - - default default] Availability Zones retrieved successfully.
2026-06-02 12:37:01.556 73 INFO cinder.api.openstack.wsgi [None req-70632f9a-eeac-46fa-b2b8-37d7275b977f 811b1609387a44f2ad07c87e8c652dba 738c563e30aa44c5a232cd48baa11a85 - - default default] http://[LB_IP_ADDRESS]:8776/v3/738c563e30aa44c5a232cd48baa11a85/groups returned with HTTP 202
2026-06-02 12:37:01.571 74 INFO cinder.api.openstack.wsgi [None req-8bb1af2f-c0b7-4e5e-b59f-a76cf7c80063 811b1609387a44f2ad07c87e8c652dba 738c563e30aa44c5a232cd48baa11a85 - - default default] GET http://[LB_IP_ADDRESS]:8776/v3/738c563e30aa44c5a232cd48baa11a85/groups/00641f56-8131-440d-b4b2-c4679a0dd404
2026-06-02 12:37:01.593 74 INFO cinder.api.openstack.wsgi [None req-8bb1af2f-c0b7-4e5e-b59f-a76cf7c80063 811b1609387a44f2ad07c87e8c652dba 738c563e30aa44c5a232cd48baa11a85 - - default default] http://[LB_IP_ADDRESS]:8776/v3/738c563e30aa44c5a232cd48baa11a85/groups/00641f56-8131-440d-b4b2-c4679a0dd404 returned with HTTP 200
2026-06-02 12:37:02.318 75 INFO cinder.api.openstack.wsgi [None req-5c44abb0-c2cf-421c-b242-928180ae2c2f ec9e722b96f94032b473c86ed3eecfae 019c069dd98142c3a5b6b8eeaac1f4fb - - default default] GET http://[LB_IP_ADDRESS]:8776/v3/019c069dd98142c3a5b6b8eeaac1f4fb/volumes/7f8828f4-a07d-4677-9480-9513445832b6
2026-06-02 12:37:02.340 75 INFO cinder.volume.api [None req-5c44abb0-c2cf-421c-b242-928180ae2c2f ec9e722b96f94032b473c86ed3eecfae 019c069dd98142c3a5b6b8eeaac1f4fb - - default default] Volume info retrieved successfully.
2026-06-02 12:37:02.350 75 INFO cinder.api.openstack.wsgi [None req-5c44abb0-c2cf-421c-b242-928180ae2c2f ec9e722b96f94032b473c86ed3eecfae 019c069dd98142c3a5b6b8eeaac1f4fb - - default default] http://[LB_IP_ADDRESS]:8776/v3/019c069dd98142c3a5b6b8eeaac1f4fb/volumes/7f8828f4-a07d-4677-9480-9513445832b6 returned with HTTP 200
2026-06-02 12:37:02.387 76 INFO cinder.api.openstack.wsgi [req-c2385f2d-f4ca-447f-8c48-2dbb49ef90a7 req-497f8c10-0f1b-4d6f-b6a5-0a9dc4e76ac8 ec9e722b96f94032b473c86ed3eecfae 019c069dd98142c3a5b6b8eeaac1f4fb - - default default] GET http://[LB_IP_ADDRESS]:8776/v3/volumes/7f8828f4-a07d-4677-9480-9513445832b6
2026-06-02 12:37:02.410 76 INFO cinder.volume.api [req-c2385f2d-f4ca-447f-8c48-2dbb49ef90a7 req-497f8c10-0f1b-4d6f-b6a5-0a9dc4e76ac8 ec9e722b96f94032b473c86ed3eecfae 019c069dd98142c3a5b6b8eeaac1f4fb - - default default] Volume info retrieved successfully.
2026-06-02 12:37:02.419 76 INFO cinder.api.openstack.wsgi [req-c2385f2d-f4ca-447f-8c48-2dbb49ef90a7 req-497f8c10-0f1b-4d6f-b6a5-0a9dc4e76ac8 ec9e722b96f94032b473c86ed3eecfae 019c069dd98142c3a5b6b8eeaac1f4fb - - default default] http://[LB_IP_ADDRESS]:8776/v3/volumes/7f8828f4-a07d-4677-9480-9513445832b6 returned with HTTP 200
2026-06-02 12:37:02.439 72 INFO cinder.api.openstack.wsgi [None req-dd712fb1-1c54-45c7-8b7f-22a9b0d51a9b ec9e722b96f94032b473c86ed3eecfae 019c069dd98142c3a5b6b8eeaac1f4fb - - default default] POST http://[LB_IP_ADDRESS]:8776/v3/019c069dd98142c3a5b6b8eeaac1f4fb/volumes
2026-06-02 12:37:02.443 72 INFO cinder.api.v3.volumes [None req-dd712fb1-1c54-45c7-8b7f-22a9b0d51a9b ec9e722b96f94032b473c86ed3eecfae 019c069dd98142c3a5b6b8eeaac1f4fb - - default default] Create volume of 1 GB
2026-06-02 12:37:02.455 72 INFO cinder.volume.api [None req-dd712fb1-1c54-45c7-8b7f-22a9b0d51a9b ec9e722b96f94032b473c86ed3eecfae 019c069dd98142c3a5b6b8eeaac1f4fb - - default default] Availability Zones retrieved successfully.
2026-06-02 12:37:02.610 73 INFO cinder.api.openstack.wsgi [None req-49df4d5b-d684-457f-8558-008c97440396 811b1609387a44f2ad07c87e8c652dba 738c563e30aa44c5a232cd48baa11a85 - - default default] GET http://[LB_IP_ADDRESS]:8776/v3/738c563e30aa44c5a232cd48baa11a85/groups/00641f56-8131-440d-b4b2-c4679a0dd404
2026-06-02 12:37:02.631 73 INFO cinder.api.openstack.wsgi [None req-49df4d5b-d684-457f-8558-008c97440396 811b1609387a44f2ad07c87e8c652dba 738c563e30aa44c5a232cd48baa11a85 - - default default] http://[LB_IP_ADDRESS]:8776/v3/738c563e30aa44c5a232cd48baa11a85/groups/00641f56-8131-440d-b4b2-c4679a0dd404 returned with HTTP 200
2026-06-02 12:37:02.648 74 INFO cinder.api.openstack.wsgi [None req-e9323509-18c5-4975-8418-4f0c23fbd949 811b1609387a44f2ad07c87e8c652dba 738c563e30aa44c5a232cd48baa11a85 - - default default] POST http://[LB_IP_ADDRESS]:8776/v3/738c563e30aa44c5a232cd48baa11a85/volumes
2026-06-02 12:37:02.663 74 INFO cinder.api.v3.volumes [None req-e9323509-18c5-4975-8418-4f0c23fbd949 811b1609387a44f2ad07c87e8c652dba 738c563e30aa44c5a232cd48baa11a85 - - default default] Create volume of 1 GB
2026-06-02 12:37:02.673 74 INFO cinder.volume.api [None req-e9323509-18c5-4975-8418-4f0c23fbd949 811b1609387a44f2ad07c87e8c652dba 738c563e30aa44c5a232cd48baa11a85 - - default default] Availability Zones retrieved successfully.
2026-06-02 12:37:02.728 72 INFO cinder.volume.api [None req-dd712fb1-1c54-45c7-8b7f-22a9b0d51a9b ec9e722b96f94032b473c86ed3eecfae 019c069dd98142c3a5b6b8eeaac1f4fb - - default default] Create volume request issued successfully.
2026-06-02 12:37:02.730 72 INFO cinder.api.openstack.wsgi [None req-dd712fb1-1c54-45c7-8b7f-22a9b0d51a9b ec9e722b96f94032b473c86ed3eecfae 019c069dd98142c3a5b6b8eeaac1f4fb - - default default] http://[LB_IP_ADDRESS]:8776/v3/019c069dd98142c3a5b6b8eeaac1f4fb/volumes returned with HTTP 202
2026-06-02 12:37:02.750 75 INFO cinder.api.openstack.wsgi [None req-70d65f3a-aae8-4296-b8f6-5b37d64b97c1 ec9e722b96f94032b473c86ed3eecfae 019c069dd98142c3a5b6b8eeaac1f4fb - - default default] GET http://[LB_IP_ADDRESS]:8776/v3/019c069dd98142c3a5b6b8eeaac1f4fb/volumes/ab35d3f1-fdd8-48b4-b28a-049627e55c98
2026-06-02 12:37:02.772 75 INFO cinder.volume.api [None req-70d65f3a-aae8-4296-b8f6-5b37d64b97c1 ec9e722b96f94032b473c86ed3eecfae 019c069dd98142c3a5b6b8eeaac1f4fb - - default default] Volume info retrieved successfully.
2026-06-02 12:37:02.782 75 INFO cinder.api.openstack.wsgi [None req-70d65f3a-aae8-4296-b8f6-5b37d64b97c1 ec9e722b96f94032b473c86ed3eecfae 019c069dd98142c3a5b6b8eeaac1f4fb - - default default] http://[LB_IP_ADDRESS]:8776/v3/019c069dd98142c3a5b6b8eeaac1f4fb/volumes/ab35d3f1-fdd8-48b4-b28a-049627e55c98 returned with HTTP 200
2026-06-02 12:37:02.815 74 WARNING cinder.quota [None req-e9323509-18c5-4975-8418-4f0c23fbd949 811b1609387a44f2ad07c87e8c652dba 738c563e30aa44c5a232cd48baa11a85 - - default default] Deprecated: Default quota for resource: volumes_tempest-GroupSnapshotsV319Test-volume-type-1360324083 is set by the default quota flag: quota_volumes_tempest-GroupSnapshotsV319Test-volume-type-1360324083, it is now deprecated. Please use the default quota class for default quota.
2026-06-02 12:37:02.816 74 WARNING cinder.quota [None req-e9323509-18c5-4975-8418-4f0c23fbd949 811b1609387a44f2ad07c87e8c652dba 738c563e30aa44c5a232cd48baa11a85 - - default default] Deprecated: Default quota for resource: gigabytes_tempest-GroupSnapshotsV319Test-volume-type-1360324083 is set by the default quota flag: quota_gigabytes_tempest-GroupSnapshotsV319Test-volume-type-1360324083, it is now deprecated. Please use the default quota class for default quota.
2026-06-02 12:37:02.963 74 INFO cinder.volume.api [None req-e9323509-18c5-4975-8418-4f0c23fbd949 811b1609387a44f2ad07c87e8c652dba 738c563e30aa44c5a232cd48baa11a85 - - default default] Create volume request issued successfully.
2026-06-02 12:37:02.984 74 INFO cinder.api.openstack.wsgi [None req-e9323509-18c5-4975-8418-4f0c23fbd949 811b1609387a44f2ad07c87e8c652dba 738c563e30aa44c5a232cd48baa11a85 - - default default] http://[LB_IP_ADDRESS]:8776/v3/738c563e30aa44c5a232cd48baa11a85/volumes returned with HTTP 202
2026-06-02 12:37:03.006 76 INFO cinder.api.openstack.wsgi [None req-04a02462-2b4c-4e77-b43b-fca69e6e7e32 811b1609387a44f2ad07c87e8c652dba 738c563e30aa44c5a232cd48baa11a85 - - default default] GET http://[LB_IP_ADDRESS]:8776/v3/738c563e30aa44c5a232cd48baa11a85/volumes/fd41da3a-6801-41a1-bedc-ff24ed951d5c
2026-06-02 12:37:03.027 76 INFO cinder.volume.api [None req-04a02462-2b4c-4e77-b43b-fca69e6e7e32 811b1609387a44f2ad07c87e8c652dba 738c563e30aa44c5a232cd48baa11a85 - - default default] Volume info retrieved successfully.
2026-06-02 12:37:03.057 76 INFO cinder.api.openstack.wsgi [None req-04a02462-2b4c-4e77-b43b-fca69e6e7e32 811b1609387a44f2ad07c87e8c652dba 738c563e30aa44c5a232cd48baa11a85 - - default default] http://[LB_IP_ADDRESS]:8776/v3/738c563e30aa44c5a232cd48baa11a85/volumes/fd41da3a-6801-41a1-bedc-ff24ed951d5c returned with HTTP 200
2026-06-02 12:37:03.803 73 INFO cinder.api.openstack.wsgi [None req-a8b28142-7f6c-4a15-956a-95ae100c3153 ec9e722b96f94032b473c86ed3eecfae 019c069dd98142c3a5b6b8eeaac1f4fb - - default default] GET http://[LB_IP_ADDRESS]:8776/v3/019c069dd98142c3a5b6b8eeaac1f4fb/volumes/ab35d3f1-fdd8-48b4-b28a-049627e55c98
2026-06-02 12:37:03.823 73 INFO cinder.volume.api [None req-a8b28142-7f6c-4a15-956a-95ae100c3153 ec9e722b96f94032b473c86ed3eecfae 019c069dd98142c3a5b6b8eeaac1f4fb - - default default] Volume info retrieved successfully.
