2026-04-24 17:20:09.272 76 INFO cinder.api.openstack.wsgi [req-940555f4-e7b6-494f-a2cc-8ff553761cbc req-ee6d9f38-e457-4b69-904c-1e015c655323 01cd40e2351c493a870566613780e740 3d52af7c864e49468f9f16834589668b - - default default] http://[LB_IP_ADDRESS]:8776/v3/volumes/detail returned with HTTP 200
2026-04-24 17:20:09.307 72 INFO cinder.api.openstack.wsgi [req-f6e22034-0997-4729-bddc-cc98cbf4aa81 req-803fe72b-f33b-423b-ba25-aad8e7a15ec9 01cd40e2351c493a870566613780e740 3d52af7c864e49468f9f16834589668b - - default default] GET http://[LB_IP_ADDRESS]:8776/v3/volumes/detail
2026-04-24 17:20:09.323 72 INFO cinder.volume.api [req-f6e22034-0997-4729-bddc-cc98cbf4aa81 req-803fe72b-f33b-423b-ba25-aad8e7a15ec9 01cd40e2351c493a870566613780e740 3d52af7c864e49468f9f16834589668b - - default default] Get all volumes completed successfully.
2026-04-24 17:20:09.333 72 INFO cinder.api.openstack.wsgi [req-f6e22034-0997-4729-bddc-cc98cbf4aa81 req-803fe72b-f33b-423b-ba25-aad8e7a15ec9 01cd40e2351c493a870566613780e740 3d52af7c864e49468f9f16834589668b - - default default] http://[LB_IP_ADDRESS]:8776/v3/volumes/detail returned with HTTP 200
2026-04-24 17:20:09.368 73 INFO cinder.api.openstack.wsgi [req-05177019-9463-4136-9508-127debd17112 req-a47a3839-c49b-420c-adb4-7c672b4d595f 01cd40e2351c493a870566613780e740 3d52af7c864e49468f9f16834589668b - - default default] GET http://[LB_IP_ADDRESS]:8776/v3/volumes/detail
2026-04-24 17:20:09.384 73 INFO cinder.volume.api [req-05177019-9463-4136-9508-127debd17112 req-a47a3839-c49b-420c-adb4-7c672b4d595f 01cd40e2351c493a870566613780e740 3d52af7c864e49468f9f16834589668b - - default default] Get all volumes completed successfully.
2026-04-24 17:20:09.395 73 INFO cinder.api.openstack.wsgi [req-05177019-9463-4136-9508-127debd17112 req-a47a3839-c49b-420c-adb4-7c672b4d595f 01cd40e2351c493a870566613780e740 3d52af7c864e49468f9f16834589668b - - default default] http://[LB_IP_ADDRESS]:8776/v3/volumes/detail returned with HTTP 200
2026-04-24 17:20:09.429 75 INFO cinder.api.openstack.wsgi [req-81ce865b-2b28-47df-9ed0-3c8497a4c060 req-bc2fab85-383f-4beb-8b8d-23c03dc05012 01cd40e2351c493a870566613780e740 3d52af7c864e49468f9f16834589668b - - default default] GET http://[LB_IP_ADDRESS]:8776/v3/volumes/detail
2026-04-24 17:20:09.445 75 INFO cinder.volume.api [req-81ce865b-2b28-47df-9ed0-3c8497a4c060 req-bc2fab85-383f-4beb-8b8d-23c03dc05012 01cd40e2351c493a870566613780e740 3d52af7c864e49468f9f16834589668b - - default default] Get all volumes completed successfully.
2026-04-24 17:20:09.455 75 INFO cinder.api.openstack.wsgi [req-81ce865b-2b28-47df-9ed0-3c8497a4c060 req-bc2fab85-383f-4beb-8b8d-23c03dc05012 01cd40e2351c493a870566613780e740 3d52af7c864e49468f9f16834589668b - - default default] http://[LB_IP_ADDRESS]:8776/v3/volumes/detail returned with HTTP 200
2026-04-24 17:20:09.479 74 INFO cinder.api.openstack.wsgi [None req-01ec3305-8712-46f5-ab93-84e058e11372 01cd40e2351c493a870566613780e740 3d52af7c864e49468f9f16834589668b - - default default] DELETE http://[LB_IP_ADDRESS]:8776/v3/3d52af7c864e49468f9f16834589668b/volumes/ffe71e48-8526-4019-90bf-0a3c90a9d8ef
2026-04-24 17:20:09.480 74 INFO cinder.api.v3.volumes [None req-01ec3305-8712-46f5-ab93-84e058e11372 01cd40e2351c493a870566613780e740 3d52af7c864e49468f9f16834589668b - - default default] Delete volume with id: ffe71e48-8526-4019-90bf-0a3c90a9d8ef 
2026-04-24 17:20:09.496 74 INFO cinder.volume.api [None req-01ec3305-8712-46f5-ab93-84e058e11372 01cd40e2351c493a870566613780e740 3d52af7c864e49468f9f16834589668b - - default default] Volume info retrieved successfully.
2026-04-24 17:20:09.525 74 INFO cinder.volume.api [None req-01ec3305-8712-46f5-ab93-84e058e11372 01cd40e2351c493a870566613780e740 3d52af7c864e49468f9f16834589668b - - default default] Delete volume request issued successfully.
2026-04-24 17:20:09.525 74 INFO cinder.api.openstack.wsgi [None req-01ec3305-8712-46f5-ab93-84e058e11372 01cd40e2351c493a870566613780e740 3d52af7c864e49468f9f16834589668b - - default default] http://[LB_IP_ADDRESS]:8776/v3/3d52af7c864e49468f9f16834589668b/volumes/ffe71e48-8526-4019-90bf-0a3c90a9d8ef returned with HTTP 202
2026-04-24 17:20:09.537 76 INFO cinder.api.openstack.wsgi [None req-a4fe474a-d607-4ac7-a834-05abab4db680 01cd40e2351c493a870566613780e740 3d52af7c864e49468f9f16834589668b - - default default] GET http://[LB_IP_ADDRESS]:8776/v3/3d52af7c864e49468f9f16834589668b/volumes/ffe71e48-8526-4019-90bf-0a3c90a9d8ef
2026-04-24 17:20:09.558 76 INFO cinder.volume.api [None req-a4fe474a-d607-4ac7-a834-05abab4db680 01cd40e2351c493a870566613780e740 3d52af7c864e49468f9f16834589668b - - default default] Volume info retrieved successfully.
2026-04-24 17:20:09.567 76 INFO cinder.api.openstack.wsgi [None req-a4fe474a-d607-4ac7-a834-05abab4db680 01cd40e2351c493a870566613780e740 3d52af7c864e49468f9f16834589668b - - default default] http://[LB_IP_ADDRESS]:8776/v3/3d52af7c864e49468f9f16834589668b/volumes/ffe71e48-8526-4019-90bf-0a3c90a9d8ef returned with HTTP 200
2026-04-24 17:20:10.373 72 INFO cinder.api.openstack.wsgi [None req-c0d50f11-b51f-44df-a400-5cf746f30242 b5f402ff65704f978bf4d8bbd790b043 333db9a902344ba398d255116057043d - - default default] GET http://[LB_IP_ADDRESS]:8776/v3/333db9a902344ba398d255116057043d/scheduler-stats/get_pools
2026-04-24 17:20:10.590 73 INFO cinder.api.openstack.wsgi [None req-6285296b-d748-44be-a83c-e0f4c5f65f51 01cd40e2351c493a870566613780e740 3d52af7c864e49468f9f16834589668b - - default default] GET http://[LB_IP_ADDRESS]:8776/v3/3d52af7c864e49468f9f16834589668b/volumes/ffe71e48-8526-4019-90bf-0a3c90a9d8ef
2026-04-24 17:20:10.603 73 INFO cinder.api.openstack.wsgi [None req-6285296b-d748-44be-a83c-e0f4c5f65f51 01cd40e2351c493a870566613780e740 3d52af7c864e49468f9f16834589668b - - default default] http://[LB_IP_ADDRESS]:8776/v3/3d52af7c864e49468f9f16834589668b/volumes/ffe71e48-8526-4019-90bf-0a3c90a9d8ef returned with HTTP 404
2026-04-24 17:20:10.615 75 INFO cinder.api.openstack.wsgi [None req-b0d2c2c8-f8c0-4e27-bfae-f507836fbdf9 01cd40e2351c493a870566613780e740 3d52af7c864e49468f9f16834589668b - - default default] DELETE http://[LB_IP_ADDRESS]:8776/v3/3d52af7c864e49468f9f16834589668b/volumes/0b650051-122f-4265-8086-a3b1b503fcda
2026-04-24 17:20:10.616 75 INFO cinder.api.v3.volumes [None req-b0d2c2c8-f8c0-4e27-bfae-f507836fbdf9 01cd40e2351c493a870566613780e740 3d52af7c864e49468f9f16834589668b - - default default] Delete volume with id: 0b650051-122f-4265-8086-a3b1b503fcda 
2026-04-24 17:20:10.631 75 INFO cinder.volume.api [None req-b0d2c2c8-f8c0-4e27-bfae-f507836fbdf9 01cd40e2351c493a870566613780e740 3d52af7c864e49468f9f16834589668b - - default default] Volume info retrieved successfully.
2026-04-24 17:20:10.660 75 INFO cinder.volume.api [None req-b0d2c2c8-f8c0-4e27-bfae-f507836fbdf9 01cd40e2351c493a870566613780e740 3d52af7c864e49468f9f16834589668b - - default default] Delete volume request issued successfully.
2026-04-24 17:20:10.661 75 INFO cinder.api.openstack.wsgi [None req-b0d2c2c8-f8c0-4e27-bfae-f507836fbdf9 01cd40e2351c493a870566613780e740 3d52af7c864e49468f9f16834589668b - - default default] http://[LB_IP_ADDRESS]:8776/v3/3d52af7c864e49468f9f16834589668b/volumes/0b650051-122f-4265-8086-a3b1b503fcda returned with HTTP 202
2026-04-24 17:20:10.671 74 INFO cinder.api.openstack.wsgi [None req-33095c0a-9444-48e9-b2b0-3c419890fbc9 01cd40e2351c493a870566613780e740 3d52af7c864e49468f9f16834589668b - - default default] GET http://[LB_IP_ADDRESS]:8776/v3/3d52af7c864e49468f9f16834589668b/volumes/0b650051-122f-4265-8086-a3b1b503fcda
2026-04-24 17:20:10.690 74 INFO cinder.volume.api [None req-33095c0a-9444-48e9-b2b0-3c419890fbc9 01cd40e2351c493a870566613780e740 3d52af7c864e49468f9f16834589668b - - default default] Volume info retrieved successfully.
2026-04-24 17:20:10.697 74 INFO cinder.api.openstack.wsgi [None req-33095c0a-9444-48e9-b2b0-3c419890fbc9 01cd40e2351c493a870566613780e740 3d52af7c864e49468f9f16834589668b - - default default] http://[LB_IP_ADDRESS]:8776/v3/3d52af7c864e49468f9f16834589668b/volumes/0b650051-122f-4265-8086-a3b1b503fcda returned with HTTP 200
2026-04-24 17:20:10.880 72 INFO cinder.api.openstack.wsgi [None req-c0d50f11-b51f-44df-a400-5cf746f30242 b5f402ff65704f978bf4d8bbd790b043 333db9a902344ba398d255116057043d - - default default] http://[LB_IP_ADDRESS]:8776/v3/333db9a902344ba398d255116057043d/scheduler-stats/get_pools returned with HTTP 200
2026-04-24 17:20:10.897 76 INFO cinder.api.openstack.wsgi [None req-7a0f3f1b-6f30-49c2-a1ee-d4bde0a06fab b5f402ff65704f978bf4d8bbd790b043 333db9a902344ba398d255116057043d - - default default] GET http://[LB_IP_ADDRESS]:8776/v3/333db9a902344ba398d255116057043d/scheduler-stats/get_pools?detail=True
2026-04-24 17:20:11.406 76 INFO cinder.api.openstack.wsgi [None req-7a0f3f1b-6f30-49c2-a1ee-d4bde0a06fab b5f402ff65704f978bf4d8bbd790b043 333db9a902344ba398d255116057043d - - default default] http://[LB_IP_ADDRESS]:8776/v3/333db9a902344ba398d255116057043d/scheduler-stats/get_pools?detail=True returned with HTTP 200
2026-04-24 17:20:11.424 73 INFO cinder.api.openstack.wsgi [None req-e6565b09-1049-40ae-be5c-a003467aebd7 b5f402ff65704f978bf4d8bbd790b043 333db9a902344ba398d255116057043d - - default default] GET http://[LB_IP_ADDRESS]:8776/v3/333db9a902344ba398d255116057043d/capabilities/rack11-server76@LIGHTOSefxxli
2026-04-24 17:20:11.525 75 INFO cinder.api.openstack.wsgi [req-3f447098-7505-47ec-a363-a011e2164bbd req-7c8e0348-3c6c-4e3b-83bd-d6a74470045c c7db4688f7494e9481a1fb9d6c6a1736 ce9c7cc203884d7299793e62e9fbb1ec - - default default] DELETE http://[LB_IP_ADDRESS]:8776/v3/volumes/tempest-invalid-1766286646
2026-04-24 17:20:11.525 75 INFO cinder.api.v3.volumes [req-3f447098-7505-47ec-a363-a011e2164bbd req-7c8e0348-3c6c-4e3b-83bd-d6a74470045c c7db4688f7494e9481a1fb9d6c6a1736 ce9c7cc203884d7299793e62e9fbb1ec - - default default] Delete volume with id: tempest-invalid-1766286646 
2026-04-24 17:20:11.537 75 INFO cinder.api.openstack.wsgi [req-3f447098-7505-47ec-a363-a011e2164bbd req-7c8e0348-3c6c-4e3b-83bd-d6a74470045c c7db4688f7494e9481a1fb9d6c6a1736 ce9c7cc203884d7299793e62e9fbb1ec - - default default] http://[LB_IP_ADDRESS]:8776/v3/volumes/tempest-invalid-1766286646 returned with HTTP 404
2026-04-24 17:20:11.589 74 INFO cinder.api.openstack.wsgi [req-f492337b-904d-46e9-b0d4-56679475a653 req-e033e813-ded3-4cf3-a90a-5c0479caae13 c7db4688f7494e9481a1fb9d6c6a1736 ce9c7cc203884d7299793e62e9fbb1ec - - default default] DELETE http://[LB_IP_ADDRESS]:8776/v3/volumes/128140f3-1ca2-490a-b057-dece99561211
2026-04-24 17:20:11.590 74 INFO cinder.api.v3.volumes [req-f492337b-904d-46e9-b0d4-56679475a653 req-e033e813-ded3-4cf3-a90a-5c0479caae13 c7db4688f7494e9481a1fb9d6c6a1736 ce9c7cc203884d7299793e62e9fbb1ec - - default default] Delete volume with id: 128140f3-1ca2-490a-b057-dece99561211 
2026-04-24 17:20:11.601 74 INFO cinder.api.openstack.wsgi [req-f492337b-904d-46e9-b0d4-56679475a653 req-e033e813-ded3-4cf3-a90a-5c0479caae13 c7db4688f7494e9481a1fb9d6c6a1736 ce9c7cc203884d7299793e62e9fbb1ec - - default default] http://[LB_IP_ADDRESS]:8776/v3/volumes/128140f3-1ca2-490a-b057-dece99561211 returned with HTTP 404
2026-04-24 17:20:11.633 72 INFO cinder.api.openstack.wsgi [req-fdf44c5c-b349-43b3-a8f8-2db137ff7293 req-48d918c3-7a93-46e3-8682-9b644fe85759 c7db4688f7494e9481a1fb9d6c6a1736 ce9c7cc203884d7299793e62e9fbb1ec - - default default] GET http://[LB_IP_ADDRESS]:8776/v3/volumes/14095fde-f3f5-4a30-ae1d-d39195f668b1
2026-04-24 17:20:11.644 72 INFO cinder.api.openstack.wsgi [req-fdf44c5c-b349-43b3-a8f8-2db137ff7293 req-48d918c3-7a93-46e3-8682-9b644fe85759 c7db4688f7494e9481a1fb9d6c6a1736 ce9c7cc203884d7299793e62e9fbb1ec - - default default] http://[LB_IP_ADDRESS]:8776/v3/volumes/14095fde-f3f5-4a30-ae1d-d39195f668b1 returned with HTTP 404
2026-04-24 17:20:11.718 76 INFO cinder.api.openstack.wsgi [None req-8b5201d7-9617-407b-ace4-4036023843db 01cd40e2351c493a870566613780e740 3d52af7c864e49468f9f16834589668b - - default default] GET http://[LB_IP_ADDRESS]:8776/v3/3d52af7c864e49468f9f16834589668b/volumes/0b650051-122f-4265-8086-a3b1b503fcda
2026-04-24 17:20:11.729 76 INFO cinder.api.openstack.wsgi [None req-8b5201d7-9617-407b-ace4-4036023843db 01cd40e2351c493a870566613780e740 3d52af7c864e49468f9f16834589668b - - default default] http://[LB_IP_ADDRESS]:8776/v3/3d52af7c864e49468f9f16834589668b/volumes/0b650051-122f-4265-8086-a3b1b503fcda returned with HTTP 404
2026-04-24 17:20:11.741 75 INFO cinder.api.openstack.wsgi [None req-dbaf6dad-63cf-433f-8bf1-08e912bc9fad 01cd40e2351c493a870566613780e740 3d52af7c864e49468f9f16834589668b - - default default] DELETE http://[LB_IP_ADDRESS]:8776/v3/3d52af7c864e49468f9f16834589668b/volumes/8a147028-d16b-4f32-9c43-df2e8c616eb1
2026-04-24 17:20:11.742 75 INFO cinder.api.v3.volumes [None req-dbaf6dad-63cf-433f-8bf1-08e912bc9fad 01cd40e2351c493a870566613780e740 3d52af7c864e49468f9f16834589668b - - default default] Delete volume with id: 8a147028-d16b-4f32-9c43-df2e8c616eb1 
2026-04-24 17:20:11.757 75 INFO cinder.volume.api [None req-dbaf6dad-63cf-433f-8bf1-08e912bc9fad 01cd40e2351c493a870566613780e740 3d52af7c864e49468f9f16834589668b - - default default] Volume info retrieved successfully.
2026-04-24 17:20:11.784 75 INFO cinder.volume.api [None req-dbaf6dad-63cf-433f-8bf1-08e912bc9fad 01cd40e2351c493a870566613780e740 3d52af7c864e49468f9f16834589668b - - default default] Delete volume request issued successfully.
2026-04-24 17:20:11.785 75 INFO cinder.api.openstack.wsgi [None req-dbaf6dad-63cf-433f-8bf1-08e912bc9fad 01cd40e2351c493a870566613780e740 3d52af7c864e49468f9f16834589668b - - default default] http://[LB_IP_ADDRESS]:8776/v3/3d52af7c864e49468f9f16834589668b/volumes/8a147028-d16b-4f32-9c43-df2e8c616eb1 returned with HTTP 202
2026-04-24 17:20:11.795 74 INFO cinder.api.openstack.wsgi [None req-0666570e-9a88-4406-a707-4db19f365f3a 01cd40e2351c493a870566613780e740 3d52af7c864e49468f9f16834589668b - - default default] GET http://[LB_IP_ADDRESS]:8776/v3/3d52af7c864e49468f9f16834589668b/volumes/8a147028-d16b-4f32-9c43-df2e8c616eb1
2026-04-24 17:20:11.808 74 INFO cinder.volume.api [None req-0666570e-9a88-4406-a707-4db19f365f3a 01cd40e2351c493a870566613780e740 3d52af7c864e49468f9f16834589668b - - default default] Volume info retrieved successfully.
2026-04-24 17:20:11.814 74 INFO cinder.api.openstack.wsgi [None req-0666570e-9a88-4406-a707-4db19f365f3a 01cd40e2351c493a870566613780e740 3d52af7c864e49468f9f16834589668b - - default default] http://[LB_IP_ADDRESS]:8776/v3/3d52af7c864e49468f9f16834589668b/volumes/8a147028-d16b-4f32-9c43-df2e8c616eb1 returned with HTTP 200
2026-04-24 17:20:11.938 73 INFO cinder.api.openstack.wsgi [None req-e6565b09-1049-40ae-be5c-a003467aebd7 b5f402ff65704f978bf4d8bbd790b043 333db9a902344ba398d255116057043d - - default default] http://[LB_IP_ADDRESS]:8776/v3/333db9a902344ba398d255116057043d/capabilities/rack11-server76@LIGHTOSefxxli returned with HTTP 200
2026-04-24 17:20:11.957 72 INFO cinder.api.openstack.wsgi [None req-9bd4ec4f-403d-4684-a168-1b915ea2156c b5f402ff65704f978bf4d8bbd790b043 333db9a902344ba398d255116057043d - - default default] GET http://[LB_IP_ADDRESS]:8776/v3/333db9a902344ba398d255116057043d/capabilities/rack11-server76@LIGHTOSefxxli
2026-04-24 17:20:12.473 72 INFO cinder.api.openstack.wsgi [None req-9bd4ec4f-403d-4684-a168-1b915ea2156c b5f402ff65704f978bf4d8bbd790b043 333db9a902344ba398d255116057043d - - default default] http://[LB_IP_ADDRESS]:8776/v3/333db9a902344ba398d255116057043d/capabilities/rack11-server76@LIGHTOSefxxli returned with HTTP 200
2026-04-24 17:20:12.836 76 INFO cinder.api.openstack.wsgi [None req-eb2d2417-a6b9-4f6d-9af6-0c51ad7a603b 01cd40e2351c493a870566613780e740 3d52af7c864e49468f9f16834589668b - - default default] GET http://[LB_IP_ADDRESS]:8776/v3/3d52af7c864e49468f9f16834589668b/volumes/8a147028-d16b-4f32-9c43-df2e8c616eb1
2026-04-24 17:20:12.849 76 INFO cinder.api.openstack.wsgi [None req-eb2d2417-a6b9-4f6d-9af6-0c51ad7a603b 01cd40e2351c493a870566613780e740 3d52af7c864e49468f9f16834589668b - - default default] http://[LB_IP_ADDRESS]:8776/v3/3d52af7c864e49468f9f16834589668b/volumes/8a147028-d16b-4f32-9c43-df2e8c616eb1 returned with HTTP 404
2026-04-24 17:20:15.960 75 INFO cinder.api.openstack.wsgi [None req-3217c17e-5289-4e44-89dd-ad6451d3ebea 1a0cbd3264904be590bf79bb378d0a0e c2075521a8ce45a5bd11458e322cfe35 - - default default] POST http://[LB_IP_ADDRESS]:8776/v3/c2075521a8ce45a5bd11458e322cfe35/group_types
2026-04-24 17:20:15.984 75 INFO cinder.api.openstack.wsgi [None req-3217c17e-5289-4e44-89dd-ad6451d3ebea 1a0cbd3264904be590bf79bb378d0a0e c2075521a8ce45a5bd11458e322cfe35 - - default default] http://[LB_IP_ADDRESS]:8776/v3/c2075521a8ce45a5bd11458e322cfe35/group_types returned with HTTP 202
2026-04-24 17:20:15.997 74 INFO cinder.api.openstack.wsgi [None req-3b0f0392-134d-458f-8080-f6f4f0c92b64 1a0cbd3264904be590bf79bb378d0a0e c2075521a8ce45a5bd11458e322cfe35 - - default default] POST http://[LB_IP_ADDRESS]:8776/v3/c2075521a8ce45a5bd11458e322cfe35/group_types/60ffee0d-b197-4e18-a06e-7b2032efa1de/group_specs
2026-04-24 17:20:16.012 74 INFO cinder.api.openstack.wsgi [None req-3b0f0392-134d-458f-8080-f6f4f0c92b64 1a0cbd3264904be590bf79bb378d0a0e c2075521a8ce45a5bd11458e322cfe35 - - default default] http://[LB_IP_ADDRESS]:8776/v3/c2075521a8ce45a5bd11458e322cfe35/group_types/60ffee0d-b197-4e18-a06e-7b2032efa1de/group_specs returned with HTTP 202
2026-04-24 17:20:16.023 73 INFO cinder.api.openstack.wsgi [None req-a7ddfb6e-e14a-4277-bfd9-4f53e97cf082 1a0cbd3264904be590bf79bb378d0a0e c2075521a8ce45a5bd11458e322cfe35 - - default default] POST http://[LB_IP_ADDRESS]:8776/v3/c2075521a8ce45a5bd11458e322cfe35/group_types/60ffee0d-b197-4e18-a06e-7b2032efa1de/group_specs
2026-04-24 17:20:16.039 73 INFO cinder.api.openstack.wsgi [None req-a7ddfb6e-e14a-4277-bfd9-4f53e97cf082 1a0cbd3264904be590bf79bb378d0a0e c2075521a8ce45a5bd11458e322cfe35 - - default default] http://[LB_IP_ADDRESS]:8776/v3/c2075521a8ce45a5bd11458e322cfe35/group_types/60ffee0d-b197-4e18-a06e-7b2032efa1de/group_specs returned with HTTP 202
2026-04-24 17:20:16.050 72 INFO cinder.api.openstack.wsgi [None req-e62cd5b1-05fe-4755-9d40-385652a52996 1a0cbd3264904be590bf79bb378d0a0e c2075521a8ce45a5bd11458e322cfe35 - - default default] GET http://[LB_IP_ADDRESS]:8776/v3/c2075521a8ce45a5bd11458e322cfe35/group_types/60ffee0d-b197-4e18-a06e-7b2032efa1de/group_specs/key2
2026-04-24 17:20:16.061 72 INFO cinder.api.openstack.wsgi [None req-e62cd5b1-05fe-4755-9d40-385652a52996 1a0cbd3264904be590bf79bb378d0a0e c2075521a8ce45a5bd11458e322cfe35 - - default default] http://[LB_IP_ADDRESS]:8776/v3/c2075521a8ce45a5bd11458e322cfe35/group_types/60ffee0d-b197-4e18-a06e-7b2032efa1de/group_specs/key2 returned with HTTP 200
2026-04-24 17:20:16.072 76 INFO cinder.api.openstack.wsgi [None req-300bc0f4-c1d0-4fa5-8a34-92fde6cce877 1a0cbd3264904be590bf79bb378d0a0e c2075521a8ce45a5bd11458e322cfe35 - - default default] GET http://[LB_IP_ADDRESS]:8776/v3/c2075521a8ce45a5bd11458e322cfe35/group_types/60ffee0d-b197-4e18-a06e-7b2032efa1de/group_specs/key3
2026-04-24 17:20:16.080 76 INFO cinder.api.openstack.wsgi [None req-300bc0f4-c1d0-4fa5-8a34-92fde6cce877 1a0cbd3264904be590bf79bb378d0a0e c2075521a8ce45a5bd11458e322cfe35 - - default default] http://[LB_IP_ADDRESS]:8776/v3/c2075521a8ce45a5bd11458e322cfe35/group_types/60ffee0d-b197-4e18-a06e-7b2032efa1de/group_specs/key3 returned with HTTP 200
2026-04-24 17:20:16.093 75 INFO cinder.api.openstack.wsgi [None req-f5e304a0-f760-45e3-b724-a78fcb96f326 1a0cbd3264904be590bf79bb378d0a0e c2075521a8ce45a5bd11458e322cfe35 - - default default] PUT http://[LB_IP_ADDRESS]:8776/v3/c2075521a8ce45a5bd11458e322cfe35/group_types/60ffee0d-b197-4e18-a06e-7b2032efa1de/group_specs/key3
2026-04-24 17:20:16.110 75 INFO cinder.api.openstack.wsgi [None req-f5e304a0-f760-45e3-b724-a78fcb96f326 1a0cbd3264904be590bf79bb378d0a0e c2075521a8ce45a5bd11458e322cfe35 - - default default] http://[LB_IP_ADDRESS]:8776/v3/c2075521a8ce45a5bd11458e322cfe35/group_types/60ffee0d-b197-4e18-a06e-7b2032efa1de/group_specs/key3 returned with HTTP 200
2026-04-24 17:20:16.123 74 INFO cinder.api.openstack.wsgi [None req-28e8a899-c736-48a1-9775-8e1d14786a7f 1a0cbd3264904be590bf79bb378d0a0e c2075521a8ce45a5bd11458e322cfe35 - - default default] GET http://[LB_IP_ADDRESS]:8776/v3/c2075521a8ce45a5bd11458e322cfe35/group_types/60ffee0d-b197-4e18-a06e-7b2032efa1de/group_specs
2026-04-24 17:20:16.134 74 INFO cinder.api.openstack.wsgi [None req-28e8a899-c736-48a1-9775-8e1d14786a7f 1a0cbd3264904be590bf79bb378d0a0e c2075521a8ce45a5bd11458e322cfe35 - - default default] http://[LB_IP_ADDRESS]:8776/v3/c2075521a8ce45a5bd11458e322cfe35/group_types/60ffee0d-b197-4e18-a06e-7b2032efa1de/group_specs returned with HTTP 200
2026-04-24 17:20:16.146 73 INFO cinder.api.openstack.wsgi [None req-3149719f-bf8a-44c0-b8e6-4ce5f0ba5606 1a0cbd3264904be590bf79bb378d0a0e c2075521a8ce45a5bd11458e322cfe35 - - default default] DELETE http://[LB_IP_ADDRESS]:8776/v3/c2075521a8ce45a5bd11458e322cfe35/group_types/60ffee0d-b197-4e18-a06e-7b2032efa1de/group_specs/key1
2026-04-24 17:20:16.157 73 INFO cinder.api.openstack.wsgi [None req-3149719f-bf8a-44c0-b8e6-4ce5f0ba5606 1a0cbd3264904be590bf79bb378d0a0e c2075521a8ce45a5bd11458e322cfe35 - - default default] http://[LB_IP_ADDRESS]:8776/v3/c2075521a8ce45a5bd11458e322cfe35/group_types/60ffee0d-b197-4e18-a06e-7b2032efa1de/group_specs/key1 returned with HTTP 202
2026-04-24 17:20:16.168 72 INFO cinder.api.openstack.wsgi [None req-664869a7-9c0a-4955-8c70-f7056d2e2cf4 1a0cbd3264904be590bf79bb378d0a0e c2075521a8ce45a5bd11458e322cfe35 - - default default] GET http://[LB_IP_ADDRESS]:8776/v3/c2075521a8ce45a5bd11458e322cfe35/group_types/60ffee0d-b197-4e18-a06e-7b2032efa1de/group_specs/key1
2026-04-24 17:20:16.179 72 INFO cinder.api.openstack.wsgi [None req-664869a7-9c0a-4955-8c70-f7056d2e2cf4 1a0cbd3264904be590bf79bb378d0a0e c2075521a8ce45a5bd11458e322cfe35 - - default default] HTTP exception thrown: Group Type 60ffee0d-b197-4e18-a06e-7b2032efa1de has no extra spec with key key1.
2026-04-24 17:20:16.180 72 INFO cinder.api.openstack.wsgi [None req-664869a7-9c0a-4955-8c70-f7056d2e2cf4 1a0cbd3264904be590bf79bb378d0a0e c2075521a8ce45a5bd11458e322cfe35 - - default default] http://[LB_IP_ADDRESS]:8776/v3/c2075521a8ce45a5bd11458e322cfe35/group_types/60ffee0d-b197-4e18-a06e-7b2032efa1de/group_specs/key1 returned with HTTP 404
2026-04-24 17:20:16.194 76 INFO cinder.api.openstack.wsgi [None req-55c2a906-c0f2-4128-8be0-c742a459e7c4 1a0cbd3264904be590bf79bb378d0a0e c2075521a8ce45a5bd11458e322cfe35 - - default default] DELETE http://[LB_IP_ADDRESS]:8776/v3/c2075521a8ce45a5bd11458e322cfe35/group_types/60ffee0d-b197-4e18-a06e-7b2032efa1de/group_specs/key2
2026-04-24 17:20:16.210 76 INFO cinder.api.openstack.wsgi [None req-55c2a906-c0f2-4128-8be0-c742a459e7c4 1a0cbd3264904be590bf79bb378d0a0e c2075521a8ce45a5bd11458e322cfe35 - - default default] http://[LB_IP_ADDRESS]:8776/v3/c2075521a8ce45a5bd11458e322cfe35/group_types/60ffee0d-b197-4e18-a06e-7b2032efa1de/group_specs/key2 returned with HTTP 202
2026-04-24 17:20:16.223 75 INFO cinder.api.openstack.wsgi [None req-431ae28d-7c51-4f85-9166-5cf610edee89 1a0cbd3264904be590bf79bb378d0a0e c2075521a8ce45a5bd11458e322cfe35 - - default default] GET http://[LB_IP_ADDRESS]:8776/v3/c2075521a8ce45a5bd11458e322cfe35/group_types/60ffee0d-b197-4e18-a06e-7b2032efa1de/group_specs/key2
2026-04-24 17:20:16.234 75 INFO cinder.api.openstack.wsgi [None req-431ae28d-7c51-4f85-9166-5cf610edee89 1a0cbd3264904be590bf79bb378d0a0e c2075521a8ce45a5bd11458e322cfe35 - - default default] HTTP exception thrown: Group Type 60ffee0d-b197-4e18-a06e-7b2032efa1de has no extra spec with key key2.
2026-04-24 17:20:16.234 75 INFO cinder.api.openstack.wsgi [None req-431ae28d-7c51-4f85-9166-5cf610edee89 1a0cbd3264904be590bf79bb378d0a0e c2075521a8ce45a5bd11458e322cfe35 - - default default] http://[LB_IP_ADDRESS]:8776/v3/c2075521a8ce45a5bd11458e322cfe35/group_types/60ffee0d-b197-4e18-a06e-7b2032efa1de/group_specs/key2 returned with HTTP 404
2026-04-24 17:20:16.247 74 INFO cinder.api.openstack.wsgi [None req-6fcf2011-f5e8-4013-b716-cc548b6c6647 1a0cbd3264904be590bf79bb378d0a0e c2075521a8ce45a5bd11458e322cfe35 - - default default] DELETE http://[LB_IP_ADDRESS]:8776/v3/c2075521a8ce45a5bd11458e322cfe35/group_types/60ffee0d-b197-4e18-a06e-7b2032efa1de/group_specs/key3
2026-04-24 17:20:16.266 74 INFO cinder.api.openstack.wsgi [None req-6fcf2011-f5e8-4013-b716-cc548b6c6647 1a0cbd3264904be590bf79bb378d0a0e c2075521a8ce45a5bd11458e322cfe35 - - default default] http://[LB_IP_ADDRESS]:8776/v3/c2075521a8ce45a5bd11458e322cfe35/group_types/60ffee0d-b197-4e18-a06e-7b2032efa1de/group_specs/key3 returned with HTTP 202
2026-04-24 17:20:16.282 73 INFO cinder.api.openstack.wsgi [None req-20c0c533-0beb-4382-ad9c-85b79f43b96b 1a0cbd3264904be590bf79bb378d0a0e c2075521a8ce45a5bd11458e322cfe35 - - default default] GET http://[LB_IP_ADDRESS]:8776/v3/c2075521a8ce45a5bd11458e322cfe35/group_types/60ffee0d-b197-4e18-a06e-7b2032efa1de/group_specs/key3
2026-04-24 17:20:16.294 73 INFO cinder.api.openstack.wsgi [None req-20c0c533-0beb-4382-ad9c-85b79f43b96b 1a0cbd3264904be590bf79bb378d0a0e c2075521a8ce45a5bd11458e322cfe35 - - default default] HTTP exception thrown: Group Type 60ffee0d-b197-4e18-a06e-7b2032efa1de has no extra spec with key key3.
2026-04-24 17:20:16.294 73 INFO cinder.api.openstack.wsgi [None req-20c0c533-0beb-4382-ad9c-85b79f43b96b 1a0cbd3264904be590bf79bb378d0a0e c2075521a8ce45a5bd11458e322cfe35 - - default default] http://[LB_IP_ADDRESS]:8776/v3/c2075521a8ce45a5bd11458e322cfe35/group_types/60ffee0d-b197-4e18-a06e-7b2032efa1de/group_specs/key3 returned with HTTP 404
2026-04-24 17:20:16.307 72 INFO cinder.api.openstack.wsgi [None req-432e5cd4-25f3-47b9-8e91-fcfd6b2f1fa0 1a0cbd3264904be590bf79bb378d0a0e c2075521a8ce45a5bd11458e322cfe35 - - default default] DELETE http://[LB_IP_ADDRESS]:8776/v3/c2075521a8ce45a5bd11458e322cfe35/group_types/60ffee0d-b197-4e18-a06e-7b2032efa1de
2026-04-24 17:20:16.329 72 INFO cinder.api.openstack.wsgi [None req-432e5cd4-25f3-47b9-8e91-fcfd6b2f1fa0 1a0cbd3264904be590bf79bb378d0a0e c2075521a8ce45a5bd11458e322cfe35 - - default default] http://[LB_IP_ADDRESS]:8776/v3/c2075521a8ce45a5bd11458e322cfe35/group_types/60ffee0d-b197-4e18-a06e-7b2032efa1de returned with HTTP 202
2026-04-24 17:20:16.867 76 INFO cinder.api.openstack.wsgi [None req-c1a51c78-de1e-4d5c-b03e-6c55f8f4f143 7a1b2e38e3f74a78827ee4930294a99a 0fcdffc45b21471baa54a0095cedf207 - - default default] POST http://[LB_IP_ADDRESS]:8776/v3/0fcdffc45b21471baa54a0095cedf207/types
2026-04-24 17:20:16.898 76 INFO cinder.api.openstack.wsgi [None req-c1a51c78-de1e-4d5c-b03e-6c55f8f4f143 7a1b2e38e3f74a78827ee4930294a99a 0fcdffc45b21471baa54a0095cedf207 - - default default] http://[LB_IP_ADDRESS]:8776/v3/0fcdffc45b21471baa54a0095cedf207/types returned with HTTP 200
2026-04-24 17:20:16.911 75 INFO cinder.api.openstack.wsgi [None req-eec90598-7928-422a-a953-bff39a7a221f 7a1b2e38e3f74a78827ee4930294a99a 0fcdffc45b21471baa54a0095cedf207 - - default default] POST http://[LB_IP_ADDRESS]:8776/v3/0fcdffc45b21471baa54a0095cedf207/group_types
2026-04-24 17:20:16.934 75 INFO cinder.api.openstack.wsgi [None req-eec90598-7928-422a-a953-bff39a7a221f 7a1b2e38e3f74a78827ee4930294a99a 0fcdffc45b21471baa54a0095cedf207 - - default default] http://[LB_IP_ADDRESS]:8776/v3/0fcdffc45b21471baa54a0095cedf207/group_types returned with HTTP 202
2026-04-24 17:20:17.081 74 INFO cinder.api.openstack.wsgi [None req-c902559b-c867-4eec-87c9-c7c0dc166aaa d14762b1500945ab8ba03c30e937a8a0 b283f8d108f3460ebbe51e39059fe8c8 - - default default] POST http://[LB_IP_ADDRESS]:8776/v3/b283f8d108f3460ebbe51e39059fe8c8/groups
2026-04-24 17:20:17.089 74 INFO cinder.api.v3.groups [None req-c902559b-c867-4eec-87c9-c7c0dc166aaa d14762b1500945ab8ba03c30e937a8a0 b283f8d108f3460ebbe51e39059fe8c8 - - default default] Creating group tempest-GroupSnapshotsTest-Group-1210899252.
2026-04-24 17:20:17.097 74 INFO cinder.volume.api [None req-c902559b-c867-4eec-87c9-c7c0dc166aaa d14762b1500945ab8ba03c30e937a8a0 b283f8d108f3460ebbe51e39059fe8c8 - - default default] Availability Zones retrieved successfully.
2026-04-24 17:20:17.107 73 INFO cinder.api.openstack.wsgi [None req-52f4e3d3-4a52-4bb2-90c0-75d0943ea65b 2ef03d9983e444fca4698d5cc36f598d 0c2cd278639f472bbf6bb621919e4ef4 - - default default] POST http://[LB_IP_ADDRESS]:8776/v3/0c2cd278639f472bbf6bb621919e4ef4/types
2026-04-24 17:20:17.135 73 INFO cinder.api.openstack.wsgi [None req-52f4e3d3-4a52-4bb2-90c0-75d0943ea65b 2ef03d9983e444fca4698d5cc36f598d 0c2cd278639f472bbf6bb621919e4ef4 - - default default] http://[LB_IP_ADDRESS]:8776/v3/0c2cd278639f472bbf6bb621919e4ef4/types returned with HTTP 200
2026-04-24 17:20:17.151 72 INFO cinder.api.openstack.wsgi [None req-b4b5a549-4c74-4ce2-af77-cd7c584af87f 2ef03d9983e444fca4698d5cc36f598d 0c2cd278639f472bbf6bb621919e4ef4 - - default default] POST http://[LB_IP_ADDRESS]:8776/v3/0c2cd278639f472bbf6bb621919e4ef4/group_types
2026-04-24 17:20:17.174 72 INFO cinder.api.openstack.wsgi [None req-b4b5a549-4c74-4ce2-af77-cd7c584af87f 2ef03d9983e444fca4698d5cc36f598d 0c2cd278639f472bbf6bb621919e4ef4 - - default default] http://[LB_IP_ADDRESS]:8776/v3/0c2cd278639f472bbf6bb621919e4ef4/group_types returned with HTTP 202
2026-04-24 17:20:17.181 74 INFO cinder.api.openstack.wsgi [None req-c902559b-c867-4eec-87c9-c7c0dc166aaa d14762b1500945ab8ba03c30e937a8a0 b283f8d108f3460ebbe51e39059fe8c8 - - default default] http://[LB_IP_ADDRESS]:8776/v3/b283f8d108f3460ebbe51e39059fe8c8/groups returned with HTTP 202
2026-04-24 17:20:17.195 75 INFO cinder.api.openstack.wsgi [None req-2dfa4021-bc84-4a9a-88e9-bea2239b326a d14762b1500945ab8ba03c30e937a8a0 b283f8d108f3460ebbe51e39059fe8c8 - - default default] GET http://[LB_IP_ADDRESS]:8776/v3/b283f8d108f3460ebbe51e39059fe8c8/groups/1f8d3b58-1865-471b-814e-065f6e878f49
2026-04-24 17:20:17.217 75 INFO cinder.api.openstack.wsgi [None req-2dfa4021-bc84-4a9a-88e9-bea2239b326a d14762b1500945ab8ba03c30e937a8a0 b283f8d108f3460ebbe51e39059fe8c8 - - default default] http://[LB_IP_ADDRESS]:8776/v3/b283f8d108f3460ebbe51e39059fe8c8/groups/1f8d3b58-1865-471b-814e-065f6e878f49 returned with HTTP 200
2026-04-24 17:20:17.293 76 INFO cinder.api.openstack.wsgi [None req-c590e860-e2dd-4fb6-a8d0-cdfa9f68ec2d 05b3541dfa854b15ab76c1853dc0dce8 ca083642436549c2be8b88ab3a49b77b - - default default] POST http://[LB_IP_ADDRESS]:8776/v3/ca083642436549c2be8b88ab3a49b77b/groups
2026-04-24 17:20:17.303 76 INFO cinder.api.v3.groups [None req-c590e860-e2dd-4fb6-a8d0-cdfa9f68ec2d 05b3541dfa854b15ab76c1853dc0dce8 ca083642436549c2be8b88ab3a49b77b - - default default] Creating group tempest-Group1-714103965.
2026-04-24 17:20:17.313 76 INFO cinder.volume.api [None req-c590e860-e2dd-4fb6-a8d0-cdfa9f68ec2d 05b3541dfa854b15ab76c1853dc0dce8 ca083642436549c2be8b88ab3a49b77b - - default default] Availability Zones retrieved successfully.
2026-04-24 17:20:17.410 76 INFO cinder.api.openstack.wsgi [None req-c590e860-e2dd-4fb6-a8d0-cdfa9f68ec2d 05b3541dfa854b15ab76c1853dc0dce8 ca083642436549c2be8b88ab3a49b77b - - default default] http://[LB_IP_ADDRESS]:8776/v3/ca083642436549c2be8b88ab3a49b77b/groups returned with HTTP 202
2026-04-24 17:20:17.426 73 INFO cinder.api.openstack.wsgi [None req-beffead1-607e-419e-8251-a5c2fe08a062 05b3541dfa854b15ab76c1853dc0dce8 ca083642436549c2be8b88ab3a49b77b - - default default] GET http://[LB_IP_ADDRESS]:8776/v3/ca083642436549c2be8b88ab3a49b77b/groups/f7b4c472-4620-430a-8204-0f4cc63802dc
2026-04-24 17:20:17.449 73 INFO cinder.api.openstack.wsgi [None req-beffead1-607e-419e-8251-a5c2fe08a062 05b3541dfa854b15ab76c1853dc0dce8 ca083642436549c2be8b88ab3a49b77b - - default default] http://[LB_IP_ADDRESS]:8776/v3/ca083642436549c2be8b88ab3a49b77b/groups/f7b4c472-4620-430a-8204-0f4cc63802dc returned with HTTP 200
2026-04-24 17:20:18.234 72 INFO cinder.api.openstack.wsgi [None req-a20f3fb8-b862-45ed-94a7-66ec84c10379 d14762b1500945ab8ba03c30e937a8a0 b283f8d108f3460ebbe51e39059fe8c8 - - default default] GET http://[LB_IP_ADDRESS]:8776/v3/b283f8d108f3460ebbe51e39059fe8c8/groups/1f8d3b58-1865-471b-814e-065f6e878f49
2026-04-24 17:20:18.255 72 INFO cinder.api.openstack.wsgi [None req-a20f3fb8-b862-45ed-94a7-66ec84c10379 d14762b1500945ab8ba03c30e937a8a0 b283f8d108f3460ebbe51e39059fe8c8 - - default default] http://[LB_IP_ADDRESS]:8776/v3/b283f8d108f3460ebbe51e39059fe8c8/groups/1f8d3b58-1865-471b-814e-065f6e878f49 returned with HTTP 200
2026-04-24 17:20:18.271 74 INFO cinder.api.openstack.wsgi [None req-5e536895-8352-4b7f-a9bf-73fc2f4708ed d14762b1500945ab8ba03c30e937a8a0 b283f8d108f3460ebbe51e39059fe8c8 - - default default] POST http://[LB_IP_ADDRESS]:8776/v3/b283f8d108f3460ebbe51e39059fe8c8/volumes
2026-04-24 17:20:18.288 74 INFO cinder.api.v3.volumes [None req-5e536895-8352-4b7f-a9bf-73fc2f4708ed d14762b1500945ab8ba03c30e937a8a0 b283f8d108f3460ebbe51e39059fe8c8 - - default default] Create volume of 1 GB
2026-04-24 17:20:18.299 74 INFO cinder.volume.api [None req-5e536895-8352-4b7f-a9bf-73fc2f4708ed d14762b1500945ab8ba03c30e937a8a0 b283f8d108f3460ebbe51e39059fe8c8 - - default default] Availability Zones retrieved successfully.
2026-04-24 17:20:18.469 75 INFO cinder.api.openstack.wsgi [None req-dbac28c4-8b0c-49cd-a673-b1f21629e977 05b3541dfa854b15ab76c1853dc0dce8 ca083642436549c2be8b88ab3a49b77b - - default default] GET http://[LB_IP_ADDRESS]:8776/v3/ca083642436549c2be8b88ab3a49b77b/groups/f7b4c472-4620-430a-8204-0f4cc63802dc
2026-04-24 17:20:18.498 75 INFO cinder.api.openstack.wsgi [None req-dbac28c4-8b0c-49cd-a673-b1f21629e977 05b3541dfa854b15ab76c1853dc0dce8 ca083642436549c2be8b88ab3a49b77b - - default default] http://[LB_IP_ADDRESS]:8776/v3/ca083642436549c2be8b88ab3a49b77b/groups/f7b4c472-4620-430a-8204-0f4cc63802dc returned with HTTP 200
2026-04-24 17:20:18.509 74 WARNING cinder.quota [None req-5e536895-8352-4b7f-a9bf-73fc2f4708ed d14762b1500945ab8ba03c30e937a8a0 b283f8d108f3460ebbe51e39059fe8c8 - - default default] Deprecated: Default quota for resource: volumes_tempest-GroupSnapshotsTest-volume-type-443096750 is set by the default quota flag: quota_volumes_tempest-GroupSnapshotsTest-volume-type-443096750, it is now deprecated. Please use the default quota class for default quota.
2026-04-24 17:20:18.510 74 WARNING cinder.quota [None req-5e536895-8352-4b7f-a9bf-73fc2f4708ed d14762b1500945ab8ba03c30e937a8a0 b283f8d108f3460ebbe51e39059fe8c8 - - default default] Deprecated: Default quota for resource: gigabytes_tempest-GroupSnapshotsTest-volume-type-443096750 is set by the default quota flag: quota_gigabytes_tempest-GroupSnapshotsTest-volume-type-443096750, it is now deprecated. Please use the default quota class for default quota.
2026-04-24 17:20:18.515 76 INFO cinder.api.openstack.wsgi [None req-9298ca8e-5f45-45a9-ad1d-3be4ccbe747a 05b3541dfa854b15ab76c1853dc0dce8 ca083642436549c2be8b88ab3a49b77b - - default default] POST http://[LB_IP_ADDRESS]:8776/v3/ca083642436549c2be8b88ab3a49b77b/groups
2026-04-24 17:20:18.527 76 INFO cinder.api.v3.groups [None req-9298ca8e-5f45-45a9-ad1d-3be4ccbe747a 05b3541dfa854b15ab76c1853dc0dce8 ca083642436549c2be8b88ab3a49b77b - - default default] Creating group tempest-Group2-330287600.
2026-04-24 17:20:18.539 76 INFO cinder.volume.api [None req-9298ca8e-5f45-45a9-ad1d-3be4ccbe747a 05b3541dfa854b15ab76c1853dc0dce8 ca083642436549c2be8b88ab3a49b77b - - default default] Availability Zones retrieved successfully.
2026-04-24 17:20:18.603 74 INFO cinder.volume.api [None req-5e536895-8352-4b7f-a9bf-73fc2f4708ed d14762b1500945ab8ba03c30e937a8a0 b283f8d108f3460ebbe51e39059fe8c8 - - default default] Create volume request issued successfully.
2026-04-24 17:20:18.620 74 INFO cinder.api.openstack.wsgi [None req-5e536895-8352-4b7f-a9bf-73fc2f4708ed d14762b1500945ab8ba03c30e937a8a0 b283f8d108f3460ebbe51e39059fe8c8 - - default default] http://[LB_IP_ADDRESS]:8776/v3/b283f8d108f3460ebbe51e39059fe8c8/volumes returned with HTTP 202
2026-04-24 17:20:18.627 76 INFO cinder.api.openstack.wsgi [None req-9298ca8e-5f45-45a9-ad1d-3be4ccbe747a 05b3541dfa854b15ab76c1853dc0dce8 ca083642436549c2be8b88ab3a49b77b - - default default] http://[LB_IP_ADDRESS]:8776/v3/ca083642436549c2be8b88ab3a49b77b/groups returned with HTTP 202
2026-04-24 17:20:18.641 72 INFO cinder.api.openstack.wsgi [None req-3e99d5a4-4398-4f1f-b620-d80f85ee6580 d14762b1500945ab8ba03c30e937a8a0 b283f8d108f3460ebbe51e39059fe8c8 - - default default] GET http://[LB_IP_ADDRESS]:8776/v3/b283f8d108f3460ebbe51e39059fe8c8/volumes/6cf1cfaa-1f52-4b75-8117-a63bf0aa80c8
2026-04-24 17:20:18.641 73 INFO cinder.api.openstack.wsgi [None req-3b80ac5c-5cc3-4612-94f0-042bb7b88efa 05b3541dfa854b15ab76c1853dc0dce8 ca083642436549c2be8b88ab3a49b77b - - default default] GET http://[LB_IP_ADDRESS]:8776/v3/ca083642436549c2be8b88ab3a49b77b/groups/e85f7af1-c8ec-4303-ba0c-4dd27ecd373c
2026-04-24 17:20:18.661 73 INFO cinder.api.openstack.wsgi [None req-3b80ac5c-5cc3-4612-94f0-042bb7b88efa 05b3541dfa854b15ab76c1853dc0dce8 ca083642436549c2be8b88ab3a49b77b - - default default] http://[LB_IP_ADDRESS]:8776/v3/ca083642436549c2be8b88ab3a49b77b/groups/e85f7af1-c8ec-4303-ba0c-4dd27ecd373c returned with HTTP 200
2026-04-24 17:20:18.663 72 INFO cinder.volume.api [None req-3e99d5a4-4398-4f1f-b620-d80f85ee6580 d14762b1500945ab8ba03c30e937a8a0 b283f8d108f3460ebbe51e39059fe8c8 - - default default] Volume info retrieved successfully.
2026-04-24 17:20:18.683 72 INFO cinder.api.openstack.wsgi [None req-3e99d5a4-4398-4f1f-b620-d80f85ee6580 d14762b1500945ab8ba03c30e937a8a0 b283f8d108f3460ebbe51e39059fe8c8 - - default default] http://[LB_IP_ADDRESS]:8776/v3/b283f8d108f3460ebbe51e39059fe8c8/volumes/6cf1cfaa-1f52-4b75-8117-a63bf0aa80c8 returned with HTTP 200
2026-04-24 17:20:19.678 75 INFO cinder.api.openstack.wsgi [None req-152525c1-b7d3-48af-b102-eb7790ab3672 05b3541dfa854b15ab76c1853dc0dce8 ca083642436549c2be8b88ab3a49b77b - - default default] GET http://[LB_IP_ADDRESS]:8776/v3/ca083642436549c2be8b88ab3a49b77b/groups/e85f7af1-c8ec-4303-ba0c-4dd27ecd373c
2026-04-24 17:20:19.700 75 INFO cinder.api.openstack.wsgi [None req-152525c1-b7d3-48af-b102-eb7790ab3672 05b3541dfa854b15ab76c1853dc0dce8 ca083642436549c2be8b88ab3a49b77b - - default default] http://[LB_IP_ADDRESS]:8776/v3/ca083642436549c2be8b88ab3a49b77b/groups/e85f7af1-c8ec-4303-ba0c-4dd27ecd373c returned with HTTP 200
2026-04-24 17:20:19.706 74 INFO cinder.api.openstack.wsgi [None req-32a67674-b047-4a02-b6ea-b99d59c61a51 d14762b1500945ab8ba03c30e937a8a0 b283f8d108f3460ebbe51e39059fe8c8 - - default default] GET http://[LB_IP_ADDRESS]:8776/v3/b283f8d108f3460ebbe51e39059fe8c8/volumes/6cf1cfaa-1f52-4b75-8117-a63bf0aa80c8
2026-04-24 17:20:19.716 76 INFO cinder.api.openstack.wsgi [None req-84de1bc5-a204-43aa-b3de-10c8c561923e 05b3541dfa854b15ab76c1853dc0dce8 ca083642436549c2be8b88ab3a49b77b - - default default] POST http://[LB_IP_ADDRESS]:8776/v3/ca083642436549c2be8b88ab3a49b77b/volumes
2026-04-24 17:20:19.727 76 INFO cinder.api.v3.volumes [None req-84de1bc5-a204-43aa-b3de-10c8c561923e 05b3541dfa854b15ab76c1853dc0dce8 ca083642436549c2be8b88ab3a49b77b - - default default] Create volume of 1 GB
2026-04-24 17:20:19.729 74 INFO cinder.volume.api [None req-32a67674-b047-4a02-b6ea-b99d59c61a51 d14762b1500945ab8ba03c30e937a8a0 b283f8d108f3460ebbe51e39059fe8c8 - - default default] Volume info retrieved successfully.
2026-04-24 17:20:19.734 76 INFO cinder.volume.api [None req-84de1bc5-a204-43aa-b3de-10c8c561923e 05b3541dfa854b15ab76c1853dc0dce8 ca083642436549c2be8b88ab3a49b77b - - default default] Availability Zones retrieved successfully.
2026-04-24 17:20:19.754 74 INFO cinder.api.openstack.wsgi [None req-32a67674-b047-4a02-b6ea-b99d59c61a51 d14762b1500945ab8ba03c30e937a8a0 b283f8d108f3460ebbe51e39059fe8c8 - - default default] http://[LB_IP_ADDRESS]:8776/v3/b283f8d108f3460ebbe51e39059fe8c8/volumes/6cf1cfaa-1f52-4b75-8117-a63bf0aa80c8 returned with HTTP 200
2026-04-24 17:20:19.774 73 INFO cinder.api.openstack.wsgi [None req-dd8d474e-2ff8-418f-b481-4b06a08ee835 d14762b1500945ab8ba03c30e937a8a0 b283f8d108f3460ebbe51e39059fe8c8 - - default default] POST http://[LB_IP_ADDRESS]:8776/v3/b283f8d108f3460ebbe51e39059fe8c8/group_snapshots
2026-04-24 17:20:19.787 73 INFO cinder.api.v3.group_snapshots [None req-dd8d474e-2ff8-418f-b481-4b06a08ee835 d14762b1500945ab8ba03c30e937a8a0 b283f8d108f3460ebbe51e39059fe8c8 - - default default] Creating group_snapshot tempest-group_snapshot-24569508.
2026-04-24 17:20:19.869 73 WARNING cinder.quota [None req-dd8d474e-2ff8-418f-b481-4b06a08ee835 d14762b1500945ab8ba03c30e937a8a0 b283f8d108f3460ebbe51e39059fe8c8 - - default default] Deprecated: Default quota for resource: gigabytes_tempest-GroupSnapshotsTest-volume-type-443096750 is set by the default quota flag: quota_gigabytes_tempest-GroupSnapshotsTest-volume-type-443096750, it is now deprecated. Please use the default quota class for default quota.
2026-04-24 17:20:19.870 73 WARNING cinder.quota [None req-dd8d474e-2ff8-418f-b481-4b06a08ee835 d14762b1500945ab8ba03c30e937a8a0 b283f8d108f3460ebbe51e39059fe8c8 - - default default] Deprecated: Default quota for resource: snapshots_tempest-GroupSnapshotsTest-volume-type-443096750 is set by the default quota flag: quota_snapshots_tempest-GroupSnapshotsTest-volume-type-443096750, it is now deprecated. Please use the default quota class for default quota.
2026-04-24 17:20:19.927 73 INFO cinder.api.openstack.wsgi [None req-dd8d474e-2ff8-418f-b481-4b06a08ee835 d14762b1500945ab8ba03c30e937a8a0 b283f8d108f3460ebbe51e39059fe8c8 - - default default] http://[LB_IP_ADDRESS]:8776/v3/b283f8d108f3460ebbe51e39059fe8c8/group_snapshots returned with HTTP 202
2026-04-24 17:20:19.941 72 INFO cinder.api.openstack.wsgi [None req-f8885a0b-7cbd-4449-8e90-3dc92994780b d14762b1500945ab8ba03c30e937a8a0 b283f8d108f3460ebbe51e39059fe8c8 - - default default] GET http://[LB_IP_ADDRESS]:8776/v3/b283f8d108f3460ebbe51e39059fe8c8/group_snapshots/65b08f3f-5098-4cad-b01c-9b11f054079c
2026-04-24 17:20:19.945 76 WARNING cinder.quota [None req-84de1bc5-a204-43aa-b3de-10c8c561923e 05b3541dfa854b15ab76c1853dc0dce8 ca083642436549c2be8b88ab3a49b77b - - default default] Deprecated: Default quota for resource: volumes_tempest-GroupsTest-volume-type-2072939891 is set by the default quota flag: quota_volumes_tempest-GroupsTest-volume-type-2072939891, it is now deprecated. Please use the default quota class for default quota.
2026-04-24 17:20:19.945 76 WARNING cinder.quota [None req-84de1bc5-a204-43aa-b3de-10c8c561923e 05b3541dfa854b15ab76c1853dc0dce8 ca083642436549c2be8b88ab3a49b77b - - default default] Deprecated: Default quota for resource: gigabytes_tempest-GroupsTest-volume-type-2072939891 is set by the default quota flag: quota_gigabytes_tempest-GroupsTest-volume-type-2072939891, it is now deprecated. Please use the default quota class for default quota.
2026-04-24 17:20:19.954 72 INFO cinder.api.openstack.wsgi [None req-f8885a0b-7cbd-4449-8e90-3dc92994780b d14762b1500945ab8ba03c30e937a8a0 b283f8d108f3460ebbe51e39059fe8c8 - - default default] http://[LB_IP_ADDRESS]:8776/v3/b283f8d108f3460ebbe51e39059fe8c8/group_snapshots/65b08f3f-5098-4cad-b01c-9b11f054079c returned with HTTP 200
2026-04-24 17:20:20.049 76 INFO cinder.volume.api [None req-84de1bc5-a204-43aa-b3de-10c8c561923e 05b3541dfa854b15ab76c1853dc0dce8 ca083642436549c2be8b88ab3a49b77b - - default default] Create volume request issued successfully.
2026-04-24 17:20:20.064 76 INFO cinder.api.openstack.wsgi [None req-84de1bc5-a204-43aa-b3de-10c8c561923e 05b3541dfa854b15ab76c1853dc0dce8 ca083642436549c2be8b88ab3a49b77b - - default default] http://[LB_IP_ADDRESS]:8776/v3/ca083642436549c2be8b88ab3a49b77b/volumes returned with HTTP 202
2026-04-24 17:20:20.086 75 INFO cinder.api.openstack.wsgi [None req-e641e7b0-3390-4eb4-8df4-fa3659be8d40 05b3541dfa854b15ab76c1853dc0dce8 ca083642436549c2be8b88ab3a49b77b - - default default] GET http://[LB_IP_ADDRESS]:8776/v3/ca083642436549c2be8b88ab3a49b77b/volumes/3040cd60-5c7a-4d77-b32e-56074ccb8960
2026-04-24 17:20:20.110 75 INFO cinder.volume.api [None req-e641e7b0-3390-4eb4-8df4-fa3659be8d40 05b3541dfa854b15ab76c1853dc0dce8 ca083642436549c2be8b88ab3a49b77b - - default default] Volume info retrieved successfully.
2026-04-24 17:20:20.138 75 INFO cinder.api.openstack.wsgi [None req-e641e7b0-3390-4eb4-8df4-fa3659be8d40 05b3541dfa854b15ab76c1853dc0dce8 ca083642436549c2be8b88ab3a49b77b - - default default] http://[LB_IP_ADDRESS]:8776/v3/ca083642436549c2be8b88ab3a49b77b/volumes/3040cd60-5c7a-4d77-b32e-56074ccb8960 returned with HTTP 200
2026-04-24 17:20:20.969 73 INFO cinder.api.openstack.wsgi [None req-fb4af7a1-088c-4a57-824a-f4692c2cc78e d14762b1500945ab8ba03c30e937a8a0 b283f8d108f3460ebbe51e39059fe8c8 - - default default] GET http://[LB_IP_ADDRESS]:8776/v3/b283f8d108f3460ebbe51e39059fe8c8/group_snapshots/65b08f3f-5098-4cad-b01c-9b11f054079c
2026-04-24 17:20:20.982 73 INFO cinder.api.openstack.wsgi [None req-fb4af7a1-088c-4a57-824a-f4692c2cc78e d14762b1500945ab8ba03c30e937a8a0 b283f8d108f3460ebbe51e39059fe8c8 - - default default] http://[LB_IP_ADDRESS]:8776/v3/b283f8d108f3460ebbe51e39059fe8c8/group_snapshots/65b08f3f-5098-4cad-b01c-9b11f054079c returned with HTTP 200
2026-04-24 17:20:21.003 74 INFO cinder.api.openstack.wsgi [None req-f6e92366-fa23-4776-8e7c-00edfb8df37e b7767aab9a2d4587be2d35f9db9b1255 eb3e6dc548bc494386ddb5f315f3a2f3 - - default default] POST http://[LB_IP_ADDRESS]:8776/v3/eb3e6dc548bc494386ddb5f315f3a2f3/types
2026-04-24 17:20:21.034 74 INFO cinder.api.openstack.wsgi [None req-f6e92366-fa23-4776-8e7c-00edfb8df37e b7767aab9a2d4587be2d35f9db9b1255 eb3e6dc548bc494386ddb5f315f3a2f3 - - default default] http://[LB_IP_ADDRESS]:8776/v3/eb3e6dc548bc494386ddb5f315f3a2f3/types returned with HTTP 200
2026-04-24 17:20:21.050 72 INFO cinder.api.openstack.wsgi [None req-eb08f44d-b84b-412b-aa73-5101bee5fe6f b7767aab9a2d4587be2d35f9db9b1255 eb3e6dc548bc494386ddb5f315f3a2f3 - - default default] POST http://[LB_IP_ADDRESS]:8776/v3/eb3e6dc548bc494386ddb5f315f3a2f3/group_types
2026-04-24 17:20:21.076 72 INFO cinder.api.openstack.wsgi [None req-eb08f44d-b84b-412b-aa73-5101bee5fe6f b7767aab9a2d4587be2d35f9db9b1255 eb3e6dc548bc494386ddb5f315f3a2f3 - - default default] http://[LB_IP_ADDRESS]:8776/v3/eb3e6dc548bc494386ddb5f315f3a2f3/group_types returned with HTTP 202
2026-04-24 17:20:21.161 75 INFO cinder.api.openstack.wsgi [None req-baf89e4c-2710-46cd-b408-421c1570dbf1 05b3541dfa854b15ab76c1853dc0dce8 ca083642436549c2be8b88ab3a49b77b - - default default] GET http://[LB_IP_ADDRESS]:8776/v3/ca083642436549c2be8b88ab3a49b77b/volumes/3040cd60-5c7a-4d77-b32e-56074ccb8960
2026-04-24 17:20:21.183 75 INFO cinder.volume.api [None req-baf89e4c-2710-46cd-b408-421c1570dbf1 05b3541dfa854b15ab76c1853dc0dce8 ca083642436549c2be8b88ab3a49b77b - - default default] Volume info retrieved successfully.
2026-04-24 17:20:21.211 75 INFO cinder.api.openstack.wsgi [None req-baf89e4c-2710-46cd-b408-421c1570dbf1 05b3541dfa854b15ab76c1853dc0dce8 ca083642436549c2be8b88ab3a49b77b - - default default] http://[LB_IP_ADDRESS]:8776/v3/ca083642436549c2be8b88ab3a49b77b/volumes/3040cd60-5c7a-4d77-b32e-56074ccb8960 returned with HTTP 200
2026-04-24 17:20:21.246 76 INFO cinder.api.openstack.wsgi [None req-3067d5dd-5747-4f37-a1f9-2b34505d12bc 3e04d96afd37463d8c2f50836d342520 b8b950a6e68a438fae64d7383e904579 - - default default] POST http://[LB_IP_ADDRESS]:8776/v3/b8b950a6e68a438fae64d7383e904579/groups
2026-04-24 17:20:21.257 76 INFO cinder.api.v3.groups [None req-3067d5dd-5747-4f37-a1f9-2b34505d12bc 3e04d96afd37463d8c2f50836d342520 b8b950a6e68a438fae64d7383e904579 - - default default] Creating group tempest-GroupsV314Test-Group-2120791488.
2026-04-24 17:20:21.268 76 INFO cinder.volume.api [None req-3067d5dd-5747-4f37-a1f9-2b34505d12bc 3e04d96afd37463d8c2f50836d342520 b8b950a6e68a438fae64d7383e904579 - - default default] Availability Zones retrieved successfully.
2026-04-24 17:20:21.367 76 INFO cinder.api.openstack.wsgi [None req-3067d5dd-5747-4f37-a1f9-2b34505d12bc 3e04d96afd37463d8c2f50836d342520 b8b950a6e68a438fae64d7383e904579 - - default default] http://[LB_IP_ADDRESS]:8776/v3/b8b950a6e68a438fae64d7383e904579/groups returned with HTTP 202
2026-04-24 17:20:21.386 73 INFO cinder.api.openstack.wsgi [None req-f1dedca6-73be-43a6-a213-7c363fdfe986 3e04d96afd37463d8c2f50836d342520 b8b950a6e68a438fae64d7383e904579 - - default default] GET http://[LB_IP_ADDRESS]:8776/v3/b8b950a6e68a438fae64d7383e904579/groups/5e3b1cdd-a962-4a2d-88d4-0ed4bf10fe37
2026-04-24 17:20:21.408 73 INFO cinder.api.openstack.wsgi [None req-f1dedca6-73be-43a6-a213-7c363fdfe986 3e04d96afd37463d8c2f50836d342520 b8b950a6e68a438fae64d7383e904579 - - default default] http://[LB_IP_ADDRESS]:8776/v3/b8b950a6e68a438fae64d7383e904579/groups/5e3b1cdd-a962-4a2d-88d4-0ed4bf10fe37 returned with HTTP 200
2026-04-24 17:20:21.998 74 INFO cinder.api.openstack.wsgi [None req-51b6367c-1831-4c43-8349-613b7ab4d91b d14762b1500945ab8ba03c30e937a8a0 b283f8d108f3460ebbe51e39059fe8c8 - - default default] GET http://[LB_IP_ADDRESS]:8776/v3/b283f8d108f3460ebbe51e39059fe8c8/group_snapshots/65b08f3f-5098-4cad-b01c-9b11f054079c
2026-04-24 17:20:22.012 74 INFO cinder.api.openstack.wsgi [None req-51b6367c-1831-4c43-8349-613b7ab4d91b d14762b1500945ab8ba03c30e937a8a0 b283f8d108f3460ebbe51e39059fe8c8 - - default default] http://[LB_IP_ADDRESS]:8776/v3/b283f8d108f3460ebbe51e39059fe8c8/group_snapshots/65b08f3f-5098-4cad-b01c-9b11f054079c returned with HTTP 200
2026-04-24 17:20:22.029 72 INFO cinder.api.openstack.wsgi [None req-7fa21934-cd19-4419-929a-b0c2e4c5d685 d14762b1500945ab8ba03c30e937a8a0 b283f8d108f3460ebbe51e39059fe8c8 - - default default] GET http://[LB_IP_ADDRESS]:8776/v3/b283f8d108f3460ebbe51e39059fe8c8/snapshots/detail
2026-04-24 17:20:22.039 72 INFO cinder.volume.api [None req-7fa21934-cd19-4419-929a-b0c2e4c5d685 d14762b1500945ab8ba03c30e937a8a0 b283f8d108f3460ebbe51e39059fe8c8 - - default default] Get all snapshots completed successfully.
