2026-01-27 17:25:47.440 76 INFO cinder.api.openstack.wsgi [None req-b88b89ad-77ca-4a36-b9a0-ae09956f2e63 b59b4268b83c4dcd8166e6bc3b61deaf b70457fe21424b008613d29b09f68420 - - default default] POST http://[LB_IP_ADDRESS]:8776/v3/b70457fe21424b008613d29b09f68420/types
2026-01-27 17:25:47.457 76 INFO cinder.api.openstack.wsgi [None req-b88b89ad-77ca-4a36-b9a0-ae09956f2e63 b59b4268b83c4dcd8166e6bc3b61deaf b70457fe21424b008613d29b09f68420 - - default default] HTTP exception thrown: Volume Type tempest-VolumeTypesNegativeTest-volume-type-1673337413 already exists.
2026-01-27 17:25:47.458 76 INFO cinder.api.openstack.wsgi [None req-b88b89ad-77ca-4a36-b9a0-ae09956f2e63 b59b4268b83c4dcd8166e6bc3b61deaf b70457fe21424b008613d29b09f68420 - - default default] http://[LB_IP_ADDRESS]:8776/v3/b70457fe21424b008613d29b09f68420/types returned with HTTP 409
2026-01-27 17:25:47.470 72 INFO cinder.api.openstack.wsgi [None req-05068c76-c3e3-4198-8860-58b8b621d637 b59b4268b83c4dcd8166e6bc3b61deaf b70457fe21424b008613d29b09f68420 - - default default] DELETE http://[LB_IP_ADDRESS]:8776/v3/b70457fe21424b008613d29b09f68420/types/3feac184-c811-4c36-af33-45a7bde91e9c
2026-01-27 17:25:47.527 72 INFO cinder.api.openstack.wsgi [None req-05068c76-c3e3-4198-8860-58b8b621d637 b59b4268b83c4dcd8166e6bc3b61deaf b70457fe21424b008613d29b09f68420 - - default default] http://[LB_IP_ADDRESS]:8776/v3/b70457fe21424b008613d29b09f68420/types/3feac184-c811-4c36-af33-45a7bde91e9c returned with HTTP 202
2026-01-27 17:25:47.536 75 INFO cinder.api.openstack.wsgi [None req-1164cc23-ce25-4ff3-8501-5e9d572edcca b59b4268b83c4dcd8166e6bc3b61deaf b70457fe21424b008613d29b09f68420 - - default default] GET http://[LB_IP_ADDRESS]:8776/v3/b70457fe21424b008613d29b09f68420/types/3feac184-c811-4c36-af33-45a7bde91e9c
2026-01-27 17:25:47.541 75 INFO cinder.api.openstack.wsgi [None req-1164cc23-ce25-4ff3-8501-5e9d572edcca b59b4268b83c4dcd8166e6bc3b61deaf b70457fe21424b008613d29b09f68420 - - default default] http://[LB_IP_ADDRESS]:8776/v3/b70457fe21424b008613d29b09f68420/types/3feac184-c811-4c36-af33-45a7bde91e9c returned with HTTP 404
2026-01-27 17:25:47.552 76 INFO cinder.api.openstack.wsgi [None req-af9ffd6c-2077-4ca8-b3ae-ca69cb722099 b59b4268b83c4dcd8166e6bc3b61deaf b70457fe21424b008613d29b09f68420 - - default default] DELETE http://[LB_IP_ADDRESS]:8776/v3/b70457fe21424b008613d29b09f68420/types/331945c9-197b-47e0-bd8a-07c04c951906
2026-01-27 17:25:47.555 72 INFO cinder.api.openstack.wsgi [None req-d076feac-74bf-4f60-b2a2-e3c200d3e512 - - - - - -] GET http://[LB_IP_ADDRESS]:8776/
2026-01-27 17:25:47.556 72 INFO cinder.api.openstack.wsgi [None req-d076feac-74bf-4f60-b2a2-e3c200d3e512 - - - - - -] http://[LB_IP_ADDRESS]:8776/ returned with HTTP 300
2026-01-27 17:25:47.558 76 INFO cinder.api.openstack.wsgi [None req-af9ffd6c-2077-4ca8-b3ae-ca69cb722099 b59b4268b83c4dcd8166e6bc3b61deaf b70457fe21424b008613d29b09f68420 - - default default] http://[LB_IP_ADDRESS]:8776/v3/b70457fe21424b008613d29b09f68420/types/331945c9-197b-47e0-bd8a-07c04c951906 returned with HTTP 404
2026-01-27 17:25:47.567 75 INFO cinder.api.openstack.wsgi [None req-6f06ed64-8344-4993-826c-5f1b8529f8a1 b59b4268b83c4dcd8166e6bc3b61deaf b70457fe21424b008613d29b09f68420 - - default default] GET http://[LB_IP_ADDRESS]:8776/v3/b70457fe21424b008613d29b09f68420/types/2e6a72c7-6625-4768-94fb-e28f755c59e7
2026-01-27 17:25:47.571 75 INFO cinder.api.openstack.wsgi [None req-6f06ed64-8344-4993-826c-5f1b8529f8a1 b59b4268b83c4dcd8166e6bc3b61deaf b70457fe21424b008613d29b09f68420 - - default default] http://[LB_IP_ADDRESS]:8776/v3/b70457fe21424b008613d29b09f68420/types/2e6a72c7-6625-4768-94fb-e28f755c59e7 returned with HTTP 404
2026-01-27 17:25:47.653 73 INFO cinder.api.openstack.wsgi [None req-a2638a76-fd13-410c-ba1e-1905eabeef71 d4315ead11a64d12839401aac942bee4 4ec95dd7a7fa488991bc088807e59e45 - - default default] http://[LB_IP_ADDRESS]:8776/v3/4ec95dd7a7fa488991bc088807e59e45/groups returned with HTTP 202
2026-01-27 17:25:47.672 72 INFO cinder.api.openstack.wsgi [None req-36f890b7-20fd-49df-9791-a1181d142c13 d4315ead11a64d12839401aac942bee4 4ec95dd7a7fa488991bc088807e59e45 - - default default] GET http://[LB_IP_ADDRESS]:8776/v3/4ec95dd7a7fa488991bc088807e59e45/groups/c4d7d2f9-6ec5-40f6-b452-b7ba2e93263e
2026-01-27 17:25:47.691 72 INFO cinder.api.openstack.wsgi [None req-36f890b7-20fd-49df-9791-a1181d142c13 d4315ead11a64d12839401aac942bee4 4ec95dd7a7fa488991bc088807e59e45 - - default default] http://[LB_IP_ADDRESS]:8776/v3/4ec95dd7a7fa488991bc088807e59e45/groups/c4d7d2f9-6ec5-40f6-b452-b7ba2e93263e returned with HTTP 200
2026-01-27 17:25:47.873 74 INFO cinder.api.openstack.wsgi [None req-ad0a6c04-8cce-4f53-ae87-d77fa94ede3c 0fc246a54a15411e9a3b5ade50e950ae 1046ff3857e243aeaac4e35c48fa95a9 - - default default] http://[LB_IP_ADDRESS]:8776/v3/1046ff3857e243aeaac4e35c48fa95a9/os-quota-class-sets/default returned with HTTP 200
2026-01-27 17:25:47.887 76 INFO cinder.api.openstack.wsgi [None req-f8d06e77-a603-426a-aa76-d6614723e20b 0fc246a54a15411e9a3b5ade50e950ae 1046ff3857e243aeaac4e35c48fa95a9 - - default default] POST http://[LB_IP_ADDRESS]:8776/v3/1046ff3857e243aeaac4e35c48fa95a9/types
2026-01-27 17:25:47.924 76 INFO cinder.api.openstack.wsgi [None req-f8d06e77-a603-426a-aa76-d6614723e20b 0fc246a54a15411e9a3b5ade50e950ae 1046ff3857e243aeaac4e35c48fa95a9 - - default default] http://[LB_IP_ADDRESS]:8776/v3/1046ff3857e243aeaac4e35c48fa95a9/types returned with HTTP 200
2026-01-27 17:25:47.939 75 INFO cinder.api.openstack.wsgi [None req-ba4e3754-2754-4950-8c1b-e551bca136d1 0fc246a54a15411e9a3b5ade50e950ae 1046ff3857e243aeaac4e35c48fa95a9 - - default default] PUT http://[LB_IP_ADDRESS]:8776/v3/1046ff3857e243aeaac4e35c48fa95a9/os-quota-class-sets/default
2026-01-27 17:25:48.703 73 INFO cinder.api.openstack.wsgi [None req-271c6c96-9a04-4e00-a2c4-8b1c579b8d37 d4315ead11a64d12839401aac942bee4 4ec95dd7a7fa488991bc088807e59e45 - - default default] GET http://[LB_IP_ADDRESS]:8776/v3/4ec95dd7a7fa488991bc088807e59e45/groups/c4d7d2f9-6ec5-40f6-b452-b7ba2e93263e
2026-01-27 17:25:48.731 73 INFO cinder.api.openstack.wsgi [None req-271c6c96-9a04-4e00-a2c4-8b1c579b8d37 d4315ead11a64d12839401aac942bee4 4ec95dd7a7fa488991bc088807e59e45 - - default default] http://[LB_IP_ADDRESS]:8776/v3/4ec95dd7a7fa488991bc088807e59e45/groups/c4d7d2f9-6ec5-40f6-b452-b7ba2e93263e returned with HTTP 200
2026-01-27 17:25:48.745 72 INFO cinder.api.openstack.wsgi [None req-1c77ae95-4657-4385-b7e5-d71e90a10557 d4315ead11a64d12839401aac942bee4 4ec95dd7a7fa488991bc088807e59e45 - - default default] POST http://[LB_IP_ADDRESS]:8776/v3/4ec95dd7a7fa488991bc088807e59e45/volumes
2026-01-27 17:25:48.756 72 INFO cinder.api.v3.volumes [None req-1c77ae95-4657-4385-b7e5-d71e90a10557 d4315ead11a64d12839401aac942bee4 4ec95dd7a7fa488991bc088807e59e45 - - default default] Create volume of 1 GB
2026-01-27 17:25:48.762 72 INFO cinder.volume.api [None req-1c77ae95-4657-4385-b7e5-d71e90a10557 d4315ead11a64d12839401aac942bee4 4ec95dd7a7fa488991bc088807e59e45 - - default default] Availability Zones retrieved successfully.
2026-01-27 17:25:48.836 75 INFO cinder.api.openstack.wsgi [None req-ba4e3754-2754-4950-8c1b-e551bca136d1 0fc246a54a15411e9a3b5ade50e950ae 1046ff3857e243aeaac4e35c48fa95a9 - - default default] http://[LB_IP_ADDRESS]:8776/v3/1046ff3857e243aeaac4e35c48fa95a9/os-quota-class-sets/default returned with HTTP 200
2026-01-27 17:25:48.855 74 INFO cinder.api.openstack.wsgi [None req-5e4f94c2-c94c-4aed-ac10-d1006fc1b045 0fc246a54a15411e9a3b5ade50e950ae 1046ff3857e243aeaac4e35c48fa95a9 - - default default] GET http://[LB_IP_ADDRESS]:8776/v3/1046ff3857e243aeaac4e35c48fa95a9/os-quota-sets/1046ff3857e243aeaac4e35c48fa95a9/defaults
2026-01-27 17:25:48.969 74 WARNING cinder.quota [None req-5e4f94c2-c94c-4aed-ac10-d1006fc1b045 0fc246a54a15411e9a3b5ade50e950ae 1046ff3857e243aeaac4e35c48fa95a9 - - default default] Deprecated: Default quota for resource: volumes_tempest-GroupsTest-volume-type-224535535 is set by the default quota flag: quota_volumes_tempest-GroupsTest-volume-type-224535535, it is now deprecated. Please use the default quota class for default quota.
2026-01-27 17:25:48.970 74 WARNING cinder.quota [None req-5e4f94c2-c94c-4aed-ac10-d1006fc1b045 0fc246a54a15411e9a3b5ade50e950ae 1046ff3857e243aeaac4e35c48fa95a9 - - default default] Deprecated: Default quota for resource: gigabytes_tempest-GroupsTest-volume-type-224535535 is set by the default quota flag: quota_gigabytes_tempest-GroupsTest-volume-type-224535535, it is now deprecated. Please use the default quota class for default quota.
2026-01-27 17:25:48.970 74 WARNING cinder.quota [None req-5e4f94c2-c94c-4aed-ac10-d1006fc1b045 0fc246a54a15411e9a3b5ade50e950ae 1046ff3857e243aeaac4e35c48fa95a9 - - default default] Deprecated: Default quota for resource: snapshots_tempest-GroupsTest-volume-type-224535535 is set by the default quota flag: quota_snapshots_tempest-GroupsTest-volume-type-224535535, it is now deprecated. Please use the default quota class for default quota.
2026-01-27 17:25:49.048 74 INFO cinder.api.openstack.wsgi [None req-5e4f94c2-c94c-4aed-ac10-d1006fc1b045 0fc246a54a15411e9a3b5ade50e950ae 1046ff3857e243aeaac4e35c48fa95a9 - - default default] http://[LB_IP_ADDRESS]:8776/v3/1046ff3857e243aeaac4e35c48fa95a9/os-quota-sets/1046ff3857e243aeaac4e35c48fa95a9/defaults returned with HTTP 200
2026-01-27 17:25:49.251 72 WARNING cinder.quota [None req-1c77ae95-4657-4385-b7e5-d71e90a10557 d4315ead11a64d12839401aac942bee4 4ec95dd7a7fa488991bc088807e59e45 - - default default] Deprecated: Default quota for resource: volumes_tempest-GroupsTest-volume-type-224535535 is set by the default quota flag: quota_volumes_tempest-GroupsTest-volume-type-224535535, it is now deprecated. Please use the default quota class for default quota.
2026-01-27 17:25:49.253 72 WARNING cinder.quota [None req-1c77ae95-4657-4385-b7e5-d71e90a10557 d4315ead11a64d12839401aac942bee4 4ec95dd7a7fa488991bc088807e59e45 - - default default] Deprecated: Default quota for resource: gigabytes_tempest-GroupsTest-volume-type-224535535 is set by the default quota flag: quota_gigabytes_tempest-GroupsTest-volume-type-224535535, it is now deprecated. Please use the default quota class for default quota.
2026-01-27 17:25:49.274 76 INFO cinder.api.openstack.wsgi [None req-0fdc2229-7377-4eea-aecd-263b4acfb359 0fc246a54a15411e9a3b5ade50e950ae 1046ff3857e243aeaac4e35c48fa95a9 - - default default] GET http://[LB_IP_ADDRESS]:8776/v3/1046ff3857e243aeaac4e35c48fa95a9/os-quota-sets/82e44d8bd357469eb114a4cf287ebb53/defaults
2026-01-27 17:25:49.353 72 INFO cinder.volume.api [None req-1c77ae95-4657-4385-b7e5-d71e90a10557 d4315ead11a64d12839401aac942bee4 4ec95dd7a7fa488991bc088807e59e45 - - default default] Create volume request issued successfully.
2026-01-27 17:25:49.376 72 INFO cinder.api.openstack.wsgi [None req-1c77ae95-4657-4385-b7e5-d71e90a10557 d4315ead11a64d12839401aac942bee4 4ec95dd7a7fa488991bc088807e59e45 - - default default] http://[LB_IP_ADDRESS]:8776/v3/4ec95dd7a7fa488991bc088807e59e45/volumes returned with HTTP 202
2026-01-27 17:25:49.385 76 WARNING cinder.quota [None req-0fdc2229-7377-4eea-aecd-263b4acfb359 0fc246a54a15411e9a3b5ade50e950ae 1046ff3857e243aeaac4e35c48fa95a9 - - default default] Deprecated: Default quota for resource: volumes_tempest-GroupsTest-volume-type-224535535 is set by the default quota flag: quota_volumes_tempest-GroupsTest-volume-type-224535535, it is now deprecated. Please use the default quota class for default quota.
2026-01-27 17:25:49.385 76 WARNING cinder.quota [None req-0fdc2229-7377-4eea-aecd-263b4acfb359 0fc246a54a15411e9a3b5ade50e950ae 1046ff3857e243aeaac4e35c48fa95a9 - - default default] Deprecated: Default quota for resource: gigabytes_tempest-GroupsTest-volume-type-224535535 is set by the default quota flag: quota_gigabytes_tempest-GroupsTest-volume-type-224535535, it is now deprecated. Please use the default quota class for default quota.
2026-01-27 17:25:49.386 76 WARNING cinder.quota [None req-0fdc2229-7377-4eea-aecd-263b4acfb359 0fc246a54a15411e9a3b5ade50e950ae 1046ff3857e243aeaac4e35c48fa95a9 - - default default] Deprecated: Default quota for resource: snapshots_tempest-GroupsTest-volume-type-224535535 is set by the default quota flag: quota_snapshots_tempest-GroupsTest-volume-type-224535535, it is now deprecated. Please use the default quota class for default quota.
2026-01-27 17:25:49.396 73 INFO cinder.api.openstack.wsgi [None req-f0f9d45d-e477-4744-9916-55bee339e5f6 d4315ead11a64d12839401aac942bee4 4ec95dd7a7fa488991bc088807e59e45 - - default default] GET http://[LB_IP_ADDRESS]:8776/v3/4ec95dd7a7fa488991bc088807e59e45/volumes/b97509de-b149-40d3-8e31-04958aebb1a5
2026-01-27 17:25:49.416 73 INFO cinder.volume.api [None req-f0f9d45d-e477-4744-9916-55bee339e5f6 d4315ead11a64d12839401aac942bee4 4ec95dd7a7fa488991bc088807e59e45 - - default default] Volume info retrieved successfully.
2026-01-27 17:25:49.445 73 INFO cinder.api.openstack.wsgi [None req-f0f9d45d-e477-4744-9916-55bee339e5f6 d4315ead11a64d12839401aac942bee4 4ec95dd7a7fa488991bc088807e59e45 - - default default] http://[LB_IP_ADDRESS]:8776/v3/4ec95dd7a7fa488991bc088807e59e45/volumes/b97509de-b149-40d3-8e31-04958aebb1a5 returned with HTTP 200
2026-01-27 17:25:49.750 76 INFO cinder.api.openstack.wsgi [None req-0fdc2229-7377-4eea-aecd-263b4acfb359 0fc246a54a15411e9a3b5ade50e950ae 1046ff3857e243aeaac4e35c48fa95a9 - - default default] http://[LB_IP_ADDRESS]:8776/v3/1046ff3857e243aeaac4e35c48fa95a9/os-quota-sets/82e44d8bd357469eb114a4cf287ebb53/defaults returned with HTTP 200
2026-01-27 17:25:49.866 75 INFO cinder.api.openstack.wsgi [None req-c7ca2903-1c74-48a8-a2b9-26abc939cb4d 0fc246a54a15411e9a3b5ade50e950ae 1046ff3857e243aeaac4e35c48fa95a9 - - default default] DELETE http://[LB_IP_ADDRESS]:8776/v3/1046ff3857e243aeaac4e35c48fa95a9/types/17d70c1a-ba3c-4987-945f-b1781c72822b
2026-01-27 17:25:49.930 75 INFO cinder.api.openstack.wsgi [None req-c7ca2903-1c74-48a8-a2b9-26abc939cb4d 0fc246a54a15411e9a3b5ade50e950ae 1046ff3857e243aeaac4e35c48fa95a9 - - default default] http://[LB_IP_ADDRESS]:8776/v3/1046ff3857e243aeaac4e35c48fa95a9/types/17d70c1a-ba3c-4987-945f-b1781c72822b returned with HTTP 202
2026-01-27 17:25:49.943 74 INFO cinder.api.openstack.wsgi [None req-377c5eab-84ff-4680-a2bc-cc490b94d5a7 0fc246a54a15411e9a3b5ade50e950ae 1046ff3857e243aeaac4e35c48fa95a9 - - default default] GET http://[LB_IP_ADDRESS]:8776/v3/1046ff3857e243aeaac4e35c48fa95a9/types/17d70c1a-ba3c-4987-945f-b1781c72822b
2026-01-27 17:25:49.949 74 INFO cinder.api.openstack.wsgi [None req-377c5eab-84ff-4680-a2bc-cc490b94d5a7 0fc246a54a15411e9a3b5ade50e950ae 1046ff3857e243aeaac4e35c48fa95a9 - - default default] http://[LB_IP_ADDRESS]:8776/v3/1046ff3857e243aeaac4e35c48fa95a9/types/17d70c1a-ba3c-4987-945f-b1781c72822b returned with HTTP 404
2026-01-27 17:25:49.964 72 INFO cinder.api.openstack.wsgi [None req-b6696739-d82d-4a47-afa9-a1ceb6459cab 0fc246a54a15411e9a3b5ade50e950ae 1046ff3857e243aeaac4e35c48fa95a9 - - default default] PUT http://[LB_IP_ADDRESS]:8776/v3/1046ff3857e243aeaac4e35c48fa95a9/os-quota-class-sets/default
2026-01-27 17:25:50.177 73 INFO cinder.api.openstack.wsgi [None req-7f716536-bf01-4f92-8b3a-aac67b7927ca 630e780fdff64263ac0f27f99b97cdc6 776a091f4d5844afa9905ec49f71b934 - - default default] GET http://[LB_IP_ADDRESS]:8776/v3/776a091f4d5844afa9905ec49f71b934/os-availability-zone
2026-01-27 17:25:50.182 73 INFO cinder.volume.api [None req-7f716536-bf01-4f92-8b3a-aac67b7927ca 630e780fdff64263ac0f27f99b97cdc6 776a091f4d5844afa9905ec49f71b934 - - default default] Availability Zones retrieved successfully.
2026-01-27 17:25:50.183 73 INFO cinder.api.openstack.wsgi [None req-7f716536-bf01-4f92-8b3a-aac67b7927ca 630e780fdff64263ac0f27f99b97cdc6 776a091f4d5844afa9905ec49f71b934 - - default default] http://[LB_IP_ADDRESS]:8776/v3/776a091f4d5844afa9905ec49f71b934/os-availability-zone returned with HTTP 200
2026-01-27 17:25:50.464 76 INFO cinder.api.openstack.wsgi [None req-35cdb22e-b09b-4e5e-a16b-f2bba442d9fa d4315ead11a64d12839401aac942bee4 4ec95dd7a7fa488991bc088807e59e45 - - default default] GET http://[LB_IP_ADDRESS]:8776/v3/4ec95dd7a7fa488991bc088807e59e45/volumes/b97509de-b149-40d3-8e31-04958aebb1a5
2026-01-27 17:25:50.481 76 INFO cinder.volume.api [None req-35cdb22e-b09b-4e5e-a16b-f2bba442d9fa d4315ead11a64d12839401aac942bee4 4ec95dd7a7fa488991bc088807e59e45 - - default default] Volume info retrieved successfully.
2026-01-27 17:25:50.504 76 INFO cinder.api.openstack.wsgi [None req-35cdb22e-b09b-4e5e-a16b-f2bba442d9fa d4315ead11a64d12839401aac942bee4 4ec95dd7a7fa488991bc088807e59e45 - - default default] http://[LB_IP_ADDRESS]:8776/v3/4ec95dd7a7fa488991bc088807e59e45/volumes/b97509de-b149-40d3-8e31-04958aebb1a5 returned with HTTP 200
2026-01-27 17:25:50.519 75 INFO cinder.api.openstack.wsgi [None req-01c5ed55-3d47-41a1-af90-b71a857f6565 d4315ead11a64d12839401aac942bee4 4ec95dd7a7fa488991bc088807e59e45 - - default default] GET http://[LB_IP_ADDRESS]:8776/v3/4ec95dd7a7fa488991bc088807e59e45/groups/5b51b282-1bf6-4c17-a8ed-789491b505fa
2026-01-27 17:25:50.543 75 INFO cinder.api.openstack.wsgi [None req-01c5ed55-3d47-41a1-af90-b71a857f6565 d4315ead11a64d12839401aac942bee4 4ec95dd7a7fa488991bc088807e59e45 - - default default] http://[LB_IP_ADDRESS]:8776/v3/4ec95dd7a7fa488991bc088807e59e45/groups/5b51b282-1bf6-4c17-a8ed-789491b505fa returned with HTTP 200
2026-01-27 17:25:50.555 74 INFO cinder.api.openstack.wsgi [None req-1248e6f2-383d-4de6-ab3a-dfba13235cdc d4315ead11a64d12839401aac942bee4 4ec95dd7a7fa488991bc088807e59e45 - - default default] GET http://[LB_IP_ADDRESS]:8776/v3/4ec95dd7a7fa488991bc088807e59e45/groups/c4d7d2f9-6ec5-40f6-b452-b7ba2e93263e
2026-01-27 17:25:50.578 74 INFO cinder.api.openstack.wsgi [None req-1248e6f2-383d-4de6-ab3a-dfba13235cdc d4315ead11a64d12839401aac942bee4 4ec95dd7a7fa488991bc088807e59e45 - - default default] http://[LB_IP_ADDRESS]:8776/v3/4ec95dd7a7fa488991bc088807e59e45/groups/c4d7d2f9-6ec5-40f6-b452-b7ba2e93263e returned with HTTP 200
2026-01-27 17:25:50.591 73 INFO cinder.api.openstack.wsgi [None req-164c3f8f-4df7-4704-8f9f-7ce75422ba48 d4315ead11a64d12839401aac942bee4 4ec95dd7a7fa488991bc088807e59e45 - - default default] GET http://[LB_IP_ADDRESS]:8776/v3/4ec95dd7a7fa488991bc088807e59e45/groups/detail
2026-01-27 17:25:50.622 73 INFO cinder.api.openstack.wsgi [None req-164c3f8f-4df7-4704-8f9f-7ce75422ba48 d4315ead11a64d12839401aac942bee4 4ec95dd7a7fa488991bc088807e59e45 - - default default] http://[LB_IP_ADDRESS]:8776/v3/4ec95dd7a7fa488991bc088807e59e45/groups/detail returned with HTTP 200
2026-01-27 17:25:50.632 76 INFO cinder.api.openstack.wsgi [None req-e7dfd119-7145-479f-99ff-e9651648a789 d4315ead11a64d12839401aac942bee4 4ec95dd7a7fa488991bc088807e59e45 - - default default] GET http://[LB_IP_ADDRESS]:8776/v3/4ec95dd7a7fa488991bc088807e59e45/volumes/detail
2026-01-27 17:25:50.643 76 INFO cinder.volume.api [None req-e7dfd119-7145-479f-99ff-e9651648a789 d4315ead11a64d12839401aac942bee4 4ec95dd7a7fa488991bc088807e59e45 - - default default] Get all volumes completed successfully.
2026-01-27 17:25:50.673 76 INFO cinder.api.openstack.wsgi [None req-e7dfd119-7145-479f-99ff-e9651648a789 d4315ead11a64d12839401aac942bee4 4ec95dd7a7fa488991bc088807e59e45 - - default default] http://[LB_IP_ADDRESS]:8776/v3/4ec95dd7a7fa488991bc088807e59e45/volumes/detail returned with HTTP 200
2026-01-27 17:25:50.691 75 INFO cinder.api.openstack.wsgi [None req-16387838-1c02-4bbd-ae44-0c6bed40a014 d4315ead11a64d12839401aac942bee4 4ec95dd7a7fa488991bc088807e59e45 - - default default] GET http://[LB_IP_ADDRESS]:8776/v3/4ec95dd7a7fa488991bc088807e59e45/volumes/detail
2026-01-27 17:25:50.703 75 INFO cinder.volume.api [None req-16387838-1c02-4bbd-ae44-0c6bed40a014 d4315ead11a64d12839401aac942bee4 4ec95dd7a7fa488991bc088807e59e45 - - default default] Get all volumes completed successfully.
2026-01-27 17:25:50.728 75 INFO cinder.api.openstack.wsgi [None req-16387838-1c02-4bbd-ae44-0c6bed40a014 d4315ead11a64d12839401aac942bee4 4ec95dd7a7fa488991bc088807e59e45 - - default default] http://[LB_IP_ADDRESS]:8776/v3/4ec95dd7a7fa488991bc088807e59e45/volumes/detail returned with HTTP 200
2026-01-27 17:25:50.742 74 INFO cinder.api.openstack.wsgi [None req-3cdba051-7bb2-4e9e-a9b7-2f71b8493f53 d4315ead11a64d12839401aac942bee4 4ec95dd7a7fa488991bc088807e59e45 - - default default] POST http://[LB_IP_ADDRESS]:8776/v3/4ec95dd7a7fa488991bc088807e59e45/groups/5b51b282-1bf6-4c17-a8ed-789491b505fa/action
2026-01-27 17:25:50.745 74 INFO cinder.api.v3.groups [None req-3cdba051-7bb2-4e9e-a9b7-2f71b8493f53 d4315ead11a64d12839401aac942bee4 4ec95dd7a7fa488991bc088807e59e45 - - default default] Delete group with id: 5b51b282-1bf6-4c17-a8ed-789491b505fa
2026-01-27 17:25:50.794 72 INFO cinder.api.openstack.wsgi [None req-b6696739-d82d-4a47-afa9-a1ceb6459cab 0fc246a54a15411e9a3b5ade50e950ae 1046ff3857e243aeaac4e35c48fa95a9 - - default default] http://[LB_IP_ADDRESS]:8776/v3/1046ff3857e243aeaac4e35c48fa95a9/os-quota-class-sets/default returned with HTTP 200
2026-01-27 17:25:50.800 74 INFO cinder.api.openstack.wsgi [None req-3cdba051-7bb2-4e9e-a9b7-2f71b8493f53 d4315ead11a64d12839401aac942bee4 4ec95dd7a7fa488991bc088807e59e45 - - default default] http://[LB_IP_ADDRESS]:8776/v3/4ec95dd7a7fa488991bc088807e59e45/groups/5b51b282-1bf6-4c17-a8ed-789491b505fa/action returned with HTTP 202
2026-01-27 17:25:50.808 73 INFO cinder.api.openstack.wsgi [None req-2f8028e6-5dfc-46c8-b73c-24c2fc6fb2df d4315ead11a64d12839401aac942bee4 4ec95dd7a7fa488991bc088807e59e45 - - default default] GET http://[LB_IP_ADDRESS]:8776/v3/4ec95dd7a7fa488991bc088807e59e45/volumes/b97509de-b149-40d3-8e31-04958aebb1a5
2026-01-27 17:25:50.823 73 INFO cinder.volume.api [None req-2f8028e6-5dfc-46c8-b73c-24c2fc6fb2df d4315ead11a64d12839401aac942bee4 4ec95dd7a7fa488991bc088807e59e45 - - default default] Volume info retrieved successfully.
2026-01-27 17:25:50.848 73 INFO cinder.api.openstack.wsgi [None req-2f8028e6-5dfc-46c8-b73c-24c2fc6fb2df d4315ead11a64d12839401aac942bee4 4ec95dd7a7fa488991bc088807e59e45 - - default default] http://[LB_IP_ADDRESS]:8776/v3/4ec95dd7a7fa488991bc088807e59e45/volumes/b97509de-b149-40d3-8e31-04958aebb1a5 returned with HTTP 200
2026-01-27 17:25:51.868 76 INFO cinder.api.openstack.wsgi [None req-114908c9-d496-4731-b3b5-bda7c34f03de d4315ead11a64d12839401aac942bee4 4ec95dd7a7fa488991bc088807e59e45 - - default default] GET http://[LB_IP_ADDRESS]:8776/v3/4ec95dd7a7fa488991bc088807e59e45/volumes/b97509de-b149-40d3-8e31-04958aebb1a5
2026-01-27 17:25:51.879 76 INFO cinder.api.openstack.wsgi [None req-114908c9-d496-4731-b3b5-bda7c34f03de d4315ead11a64d12839401aac942bee4 4ec95dd7a7fa488991bc088807e59e45 - - default default] http://[LB_IP_ADDRESS]:8776/v3/4ec95dd7a7fa488991bc088807e59e45/volumes/b97509de-b149-40d3-8e31-04958aebb1a5 returned with HTTP 404
2026-01-27 17:25:51.889 75 INFO cinder.api.openstack.wsgi [None req-b5aef86d-7ed0-4f65-91a8-62f5af861bdd d4315ead11a64d12839401aac942bee4 4ec95dd7a7fa488991bc088807e59e45 - - default default] GET http://[LB_IP_ADDRESS]:8776/v3/4ec95dd7a7fa488991bc088807e59e45/groups/5b51b282-1bf6-4c17-a8ed-789491b505fa
2026-01-27 17:25:51.893 75 INFO cinder.api.openstack.wsgi [None req-b5aef86d-7ed0-4f65-91a8-62f5af861bdd d4315ead11a64d12839401aac942bee4 4ec95dd7a7fa488991bc088807e59e45 - - default default] http://[LB_IP_ADDRESS]:8776/v3/4ec95dd7a7fa488991bc088807e59e45/groups/5b51b282-1bf6-4c17-a8ed-789491b505fa returned with HTTP 404
2026-01-27 17:25:51.906 72 INFO cinder.api.openstack.wsgi [None req-69f763f1-ef0a-4711-a620-6ba5c34695bc d4315ead11a64d12839401aac942bee4 4ec95dd7a7fa488991bc088807e59e45 - - default default] POST http://[LB_IP_ADDRESS]:8776/v3/4ec95dd7a7fa488991bc088807e59e45/groups/c4d7d2f9-6ec5-40f6-b452-b7ba2e93263e/action
2026-01-27 17:25:51.910 72 INFO cinder.api.v3.groups [None req-69f763f1-ef0a-4711-a620-6ba5c34695bc d4315ead11a64d12839401aac942bee4 4ec95dd7a7fa488991bc088807e59e45 - - default default] Delete group with id: c4d7d2f9-6ec5-40f6-b452-b7ba2e93263e
2026-01-27 17:25:51.939 72 INFO cinder.api.openstack.wsgi [None req-69f763f1-ef0a-4711-a620-6ba5c34695bc d4315ead11a64d12839401aac942bee4 4ec95dd7a7fa488991bc088807e59e45 - - default default] http://[LB_IP_ADDRESS]:8776/v3/4ec95dd7a7fa488991bc088807e59e45/groups/c4d7d2f9-6ec5-40f6-b452-b7ba2e93263e/action returned with HTTP 202
2026-01-27 17:25:51.951 74 INFO cinder.api.openstack.wsgi [None req-86cc81d5-80a7-4610-986c-cbc43638078b d4315ead11a64d12839401aac942bee4 4ec95dd7a7fa488991bc088807e59e45 - - default default] GET http://[LB_IP_ADDRESS]:8776/v3/4ec95dd7a7fa488991bc088807e59e45/groups/c4d7d2f9-6ec5-40f6-b452-b7ba2e93263e
2026-01-27 17:25:51.973 74 INFO cinder.api.openstack.wsgi [None req-86cc81d5-80a7-4610-986c-cbc43638078b d4315ead11a64d12839401aac942bee4 4ec95dd7a7fa488991bc088807e59e45 - - default default] http://[LB_IP_ADDRESS]:8776/v3/4ec95dd7a7fa488991bc088807e59e45/groups/c4d7d2f9-6ec5-40f6-b452-b7ba2e93263e returned with HTTP 200
2026-01-27 17:25:52.509 73 INFO cinder.api.openstack.wsgi [None req-66ec2928-9bc3-4054-8e67-556344c91de0 9184f609ada64285bdbe769288f7989b 6288ebd6dc8642c19746914af07e48e2 - - default default] GET http://[LB_IP_ADDRESS]:8776/v3/6288ebd6dc8642c19746914af07e48e2/extensions
2026-01-27 17:25:52.511 73 INFO cinder.api.openstack.wsgi [None req-66ec2928-9bc3-4054-8e67-556344c91de0 9184f609ada64285bdbe769288f7989b 6288ebd6dc8642c19746914af07e48e2 - - default default] http://[LB_IP_ADDRESS]:8776/v3/6288ebd6dc8642c19746914af07e48e2/extensions returned with HTTP 200
2026-01-27 17:25:52.988 76 INFO cinder.api.openstack.wsgi [None req-89dd39bc-ecd3-4359-9224-3c5a15b0d018 d4315ead11a64d12839401aac942bee4 4ec95dd7a7fa488991bc088807e59e45 - - default default] GET http://[LB_IP_ADDRESS]:8776/v3/4ec95dd7a7fa488991bc088807e59e45/groups/c4d7d2f9-6ec5-40f6-b452-b7ba2e93263e
2026-01-27 17:25:52.994 76 INFO cinder.api.openstack.wsgi [None req-89dd39bc-ecd3-4359-9224-3c5a15b0d018 d4315ead11a64d12839401aac942bee4 4ec95dd7a7fa488991bc088807e59e45 - - default default] http://[LB_IP_ADDRESS]:8776/v3/4ec95dd7a7fa488991bc088807e59e45/groups/c4d7d2f9-6ec5-40f6-b452-b7ba2e93263e returned with HTTP 404
2026-01-27 17:25:53.006 75 INFO cinder.api.openstack.wsgi [None req-ec2ac594-e12f-4cf4-ad8a-44d9095ffe64 d4315ead11a64d12839401aac942bee4 4ec95dd7a7fa488991bc088807e59e45 - - default default] GET http://[LB_IP_ADDRESS]:8776/v3/4ec95dd7a7fa488991bc088807e59e45/groups/detail
2026-01-27 17:25:53.016 75 INFO cinder.api.openstack.wsgi [None req-ec2ac594-e12f-4cf4-ad8a-44d9095ffe64 d4315ead11a64d12839401aac942bee4 4ec95dd7a7fa488991bc088807e59e45 - - default default] http://[LB_IP_ADDRESS]:8776/v3/4ec95dd7a7fa488991bc088807e59e45/groups/detail returned with HTTP 200
2026-01-27 17:25:53.030 72 INFO cinder.api.openstack.wsgi [None req-dacfdc6e-a1a5-4ce3-b356-98c816b25557 d4315ead11a64d12839401aac942bee4 4ec95dd7a7fa488991bc088807e59e45 - - default default] GET http://[LB_IP_ADDRESS]:8776/v3/4ec95dd7a7fa488991bc088807e59e45/volumes/detail
2026-01-27 17:25:53.044 72 INFO cinder.volume.api [None req-dacfdc6e-a1a5-4ce3-b356-98c816b25557 d4315ead11a64d12839401aac942bee4 4ec95dd7a7fa488991bc088807e59e45 - - default default] Get all volumes completed successfully.
2026-01-27 17:25:53.047 72 INFO cinder.api.openstack.wsgi [None req-dacfdc6e-a1a5-4ce3-b356-98c816b25557 d4315ead11a64d12839401aac942bee4 4ec95dd7a7fa488991bc088807e59e45 - - default default] http://[LB_IP_ADDRESS]:8776/v3/4ec95dd7a7fa488991bc088807e59e45/volumes/detail returned with HTTP 200
2026-01-27 17:25:53.065 74 INFO cinder.api.openstack.wsgi [None req-56de2966-7c96-4f6f-8ffc-a84154e358de d4315ead11a64d12839401aac942bee4 4ec95dd7a7fa488991bc088807e59e45 - - default default] POST http://[LB_IP_ADDRESS]:8776/v3/4ec95dd7a7fa488991bc088807e59e45/groups/c4d7d2f9-6ec5-40f6-b452-b7ba2e93263e/action
2026-01-27 17:25:53.069 74 INFO cinder.api.v3.groups [None req-56de2966-7c96-4f6f-8ffc-a84154e358de d4315ead11a64d12839401aac942bee4 4ec95dd7a7fa488991bc088807e59e45 - - default default] Delete group with id: c4d7d2f9-6ec5-40f6-b452-b7ba2e93263e
2026-01-27 17:25:53.073 74 INFO cinder.api.openstack.wsgi [None req-56de2966-7c96-4f6f-8ffc-a84154e358de d4315ead11a64d12839401aac942bee4 4ec95dd7a7fa488991bc088807e59e45 - - default default] http://[LB_IP_ADDRESS]:8776/v3/4ec95dd7a7fa488991bc088807e59e45/groups/c4d7d2f9-6ec5-40f6-b452-b7ba2e93263e/action returned with HTTP 404
2026-01-27 17:25:53.085 73 INFO cinder.api.openstack.wsgi [None req-d3d82b5b-2d20-46b0-a16c-045ab7d9eee9 d4315ead11a64d12839401aac942bee4 4ec95dd7a7fa488991bc088807e59e45 - - default default] GET http://[LB_IP_ADDRESS]:8776/v3/4ec95dd7a7fa488991bc088807e59e45/volumes/detail
2026-01-27 17:25:53.098 73 INFO cinder.volume.api [None req-d3d82b5b-2d20-46b0-a16c-045ab7d9eee9 d4315ead11a64d12839401aac942bee4 4ec95dd7a7fa488991bc088807e59e45 - - default default] Get all volumes completed successfully.
2026-01-27 17:25:53.101 73 INFO cinder.api.openstack.wsgi [None req-d3d82b5b-2d20-46b0-a16c-045ab7d9eee9 d4315ead11a64d12839401aac942bee4 4ec95dd7a7fa488991bc088807e59e45 - - default default] http://[LB_IP_ADDRESS]:8776/v3/4ec95dd7a7fa488991bc088807e59e45/volumes/detail returned with HTTP 200
2026-01-27 17:25:53.115 76 INFO cinder.api.openstack.wsgi [None req-77de6a67-ee26-46f1-8e6d-5ebd4e242262 d4315ead11a64d12839401aac942bee4 4ec95dd7a7fa488991bc088807e59e45 - - default default] POST http://[LB_IP_ADDRESS]:8776/v3/4ec95dd7a7fa488991bc088807e59e45/groups/5b51b282-1bf6-4c17-a8ed-789491b505fa/action
2026-01-27 17:25:53.121 76 INFO cinder.api.v3.groups [None req-77de6a67-ee26-46f1-8e6d-5ebd4e242262 d4315ead11a64d12839401aac942bee4 4ec95dd7a7fa488991bc088807e59e45 - - default default] Delete group with id: 5b51b282-1bf6-4c17-a8ed-789491b505fa
2026-01-27 17:25:53.127 76 INFO cinder.api.openstack.wsgi [None req-77de6a67-ee26-46f1-8e6d-5ebd4e242262 d4315ead11a64d12839401aac942bee4 4ec95dd7a7fa488991bc088807e59e45 - - default default] http://[LB_IP_ADDRESS]:8776/v3/4ec95dd7a7fa488991bc088807e59e45/groups/5b51b282-1bf6-4c17-a8ed-789491b505fa/action returned with HTTP 404
2026-01-27 17:25:53.143 75 INFO cinder.api.openstack.wsgi [None req-62418509-e1c7-47e1-a01c-24b69ccc51d8 cafb5a976a2241d19a6bdbeb9d39c443 d744b89d1ef84360a11dda1bd13a0926 - - default default] DELETE http://[LB_IP_ADDRESS]:8776/v3/d744b89d1ef84360a11dda1bd13a0926/group_types/8db9b8a5-571e-4807-8354-13c3dc3e107d
2026-01-27 17:25:53.168 75 INFO cinder.api.openstack.wsgi [None req-62418509-e1c7-47e1-a01c-24b69ccc51d8 cafb5a976a2241d19a6bdbeb9d39c443 d744b89d1ef84360a11dda1bd13a0926 - - default default] http://[LB_IP_ADDRESS]:8776/v3/d744b89d1ef84360a11dda1bd13a0926/group_types/8db9b8a5-571e-4807-8354-13c3dc3e107d returned with HTTP 202
2026-01-27 17:25:53.181 72 INFO cinder.api.openstack.wsgi [None req-297c975c-efe8-4fd7-8ddc-05523d89174d cafb5a976a2241d19a6bdbeb9d39c443 d744b89d1ef84360a11dda1bd13a0926 - - default default] DELETE http://[LB_IP_ADDRESS]:8776/v3/d744b89d1ef84360a11dda1bd13a0926/types/6e3cc50b-88c2-474e-add4-2373f179f5e2
2026-01-27 17:25:53.235 72 INFO cinder.api.openstack.wsgi [None req-297c975c-efe8-4fd7-8ddc-05523d89174d cafb5a976a2241d19a6bdbeb9d39c443 d744b89d1ef84360a11dda1bd13a0926 - - default default] http://[LB_IP_ADDRESS]:8776/v3/d744b89d1ef84360a11dda1bd13a0926/types/6e3cc50b-88c2-474e-add4-2373f179f5e2 returned with HTTP 202
2026-01-27 17:25:53.244 74 INFO cinder.api.openstack.wsgi [None req-ea602552-9419-44e9-acb3-c27c20994534 cafb5a976a2241d19a6bdbeb9d39c443 d744b89d1ef84360a11dda1bd13a0926 - - default default] GET http://[LB_IP_ADDRESS]:8776/v3/d744b89d1ef84360a11dda1bd13a0926/types/6e3cc50b-88c2-474e-add4-2373f179f5e2
2026-01-27 17:25:53.249 74 INFO cinder.api.openstack.wsgi [None req-ea602552-9419-44e9-acb3-c27c20994534 cafb5a976a2241d19a6bdbeb9d39c443 d744b89d1ef84360a11dda1bd13a0926 - - default default] http://[LB_IP_ADDRESS]:8776/v3/d744b89d1ef84360a11dda1bd13a0926/types/6e3cc50b-88c2-474e-add4-2373f179f5e2 returned with HTTP 404
2026-01-27 17:25:53.261 73 INFO cinder.api.openstack.wsgi [None req-8b79e59f-d520-4c2a-8af8-1449b705d365 cafb5a976a2241d19a6bdbeb9d39c443 d744b89d1ef84360a11dda1bd13a0926 - - default default] POST http://[LB_IP_ADDRESS]:8776/v3/d744b89d1ef84360a11dda1bd13a0926/types
2026-01-27 17:25:53.322 73 INFO cinder.api.openstack.wsgi [None req-8b79e59f-d520-4c2a-8af8-1449b705d365 cafb5a976a2241d19a6bdbeb9d39c443 d744b89d1ef84360a11dda1bd13a0926 - - default default] http://[LB_IP_ADDRESS]:8776/v3/d744b89d1ef84360a11dda1bd13a0926/types returned with HTTP 200
2026-01-27 17:25:53.332 76 INFO cinder.api.openstack.wsgi [None req-e22110ad-0345-4004-a3bb-fbfee7312992 cafb5a976a2241d19a6bdbeb9d39c443 d744b89d1ef84360a11dda1bd13a0926 - - default default] POST http://[LB_IP_ADDRESS]:8776/v3/d744b89d1ef84360a11dda1bd13a0926/group_types
2026-01-27 17:25:53.362 76 INFO cinder.api.openstack.wsgi [None req-e22110ad-0345-4004-a3bb-fbfee7312992 cafb5a976a2241d19a6bdbeb9d39c443 d744b89d1ef84360a11dda1bd13a0926 - - default default] http://[LB_IP_ADDRESS]:8776/v3/d744b89d1ef84360a11dda1bd13a0926/group_types returned with HTTP 202
2026-01-27 17:25:53.371 75 INFO cinder.api.openstack.wsgi [None req-33eff154-7f2f-4f21-92b6-f02b5f834ebb d4315ead11a64d12839401aac942bee4 4ec95dd7a7fa488991bc088807e59e45 - - default default] POST http://[LB_IP_ADDRESS]:8776/v3/4ec95dd7a7fa488991bc088807e59e45/groups
2026-01-27 17:25:53.381 75 INFO cinder.api.v3.groups [None req-33eff154-7f2f-4f21-92b6-f02b5f834ebb d4315ead11a64d12839401aac942bee4 4ec95dd7a7fa488991bc088807e59e45 - - default default] Creating group tempest-GroupsTest-Group-214367952.
2026-01-27 17:25:53.388 75 INFO cinder.volume.api [None req-33eff154-7f2f-4f21-92b6-f02b5f834ebb d4315ead11a64d12839401aac942bee4 4ec95dd7a7fa488991bc088807e59e45 - - default default] Availability Zones retrieved successfully.
2026-01-27 17:25:53.516 75 INFO cinder.api.openstack.wsgi [None req-33eff154-7f2f-4f21-92b6-f02b5f834ebb d4315ead11a64d12839401aac942bee4 4ec95dd7a7fa488991bc088807e59e45 - - default default] http://[LB_IP_ADDRESS]:8776/v3/4ec95dd7a7fa488991bc088807e59e45/groups returned with HTTP 202
2026-01-27 17:25:53.530 72 INFO cinder.api.openstack.wsgi [None req-b5cc076e-6ce8-4bdd-80f0-5c838ce6b222 d4315ead11a64d12839401aac942bee4 4ec95dd7a7fa488991bc088807e59e45 - - default default] GET http://[LB_IP_ADDRESS]:8776/v3/4ec95dd7a7fa488991bc088807e59e45/groups/2c48fd87-820d-4470-a720-94244cd48296
2026-01-27 17:25:53.552 72 INFO cinder.api.openstack.wsgi [None req-b5cc076e-6ce8-4bdd-80f0-5c838ce6b222 d4315ead11a64d12839401aac942bee4 4ec95dd7a7fa488991bc088807e59e45 - - default default] http://[LB_IP_ADDRESS]:8776/v3/4ec95dd7a7fa488991bc088807e59e45/groups/2c48fd87-820d-4470-a720-94244cd48296 returned with HTTP 200
2026-01-27 17:25:54.549 74 INFO cinder.api.openstack.wsgi [None req-8a52508b-e241-4d6a-b51b-240dea55c1f3 7708411ca14f43309a27ad0dd8e779e6 6deb8305fb534256a70c41ba53dad32d - - default default] GET http://[LB_IP_ADDRESS]:8776/v3/6deb8305fb534256a70c41ba53dad32d/os-quota-sets/cc928c5b80fb4aadb9295200cc1f9291
2026-01-27 17:25:54.563 73 INFO cinder.api.openstack.wsgi [None req-8c16fd47-ca5b-4e1a-b902-752da4c5b47d d4315ead11a64d12839401aac942bee4 4ec95dd7a7fa488991bc088807e59e45 - - default default] GET http://[LB_IP_ADDRESS]:8776/v3/4ec95dd7a7fa488991bc088807e59e45/groups/2c48fd87-820d-4470-a720-94244cd48296
2026-01-27 17:25:54.585 73 INFO cinder.api.openstack.wsgi [None req-8c16fd47-ca5b-4e1a-b902-752da4c5b47d d4315ead11a64d12839401aac942bee4 4ec95dd7a7fa488991bc088807e59e45 - - default default] http://[LB_IP_ADDRESS]:8776/v3/4ec95dd7a7fa488991bc088807e59e45/groups/2c48fd87-820d-4470-a720-94244cd48296 returned with HTTP 200
2026-01-27 17:25:54.596 75 INFO cinder.api.openstack.wsgi [None req-a8386b70-9783-460f-8bcf-4915a54b7266 d4315ead11a64d12839401aac942bee4 4ec95dd7a7fa488991bc088807e59e45 - - default default] POST http://[LB_IP_ADDRESS]:8776/v3/4ec95dd7a7fa488991bc088807e59e45/volumes
2026-01-27 17:25:54.606 75 INFO cinder.api.v3.volumes [None req-a8386b70-9783-460f-8bcf-4915a54b7266 d4315ead11a64d12839401aac942bee4 4ec95dd7a7fa488991bc088807e59e45 - - default default] Create volume of 1 GB
2026-01-27 17:25:54.611 75 INFO cinder.volume.api [None req-a8386b70-9783-460f-8bcf-4915a54b7266 d4315ead11a64d12839401aac942bee4 4ec95dd7a7fa488991bc088807e59e45 - - default default] Availability Zones retrieved successfully.
2026-01-27 17:25:54.645 76 INFO cinder.api.openstack.wsgi [None req-ad771018-f7d3-4d2f-a090-6dfb2c4068ed 1760859cdde84595be6e362a3a56d4e8 7c6c12de2d2342249d6d7ade076412f4 - - default default] POST http://[LB_IP_ADDRESS]:8776/v3/7c6c12de2d2342249d6d7ade076412f4/volumes
2026-01-27 17:25:54.650 76 INFO cinder.api.v3.volumes [None req-ad771018-f7d3-4d2f-a090-6dfb2c4068ed 1760859cdde84595be6e362a3a56d4e8 7c6c12de2d2342249d6d7ade076412f4 - - default default] Create volume of 1 GB
2026-01-27 17:25:54.669 76 INFO cinder.volume.api [None req-ad771018-f7d3-4d2f-a090-6dfb2c4068ed 1760859cdde84595be6e362a3a56d4e8 7c6c12de2d2342249d6d7ade076412f4 - - default default] Availability Zones retrieved successfully.
2026-01-27 17:25:54.672 74 WARNING cinder.quota [None req-8a52508b-e241-4d6a-b51b-240dea55c1f3 7708411ca14f43309a27ad0dd8e779e6 6deb8305fb534256a70c41ba53dad32d - - default default] Deprecated: Default quota for resource: volumes_tempest-GroupsTest-volume-type-1868495840 is set by the default quota flag: quota_volumes_tempest-GroupsTest-volume-type-1868495840, it is now deprecated. Please use the default quota class for default quota.
2026-01-27 17:25:54.672 74 WARNING cinder.quota [None req-8a52508b-e241-4d6a-b51b-240dea55c1f3 7708411ca14f43309a27ad0dd8e779e6 6deb8305fb534256a70c41ba53dad32d - - default default] Deprecated: Default quota for resource: gigabytes_tempest-GroupsTest-volume-type-1868495840 is set by the default quota flag: quota_gigabytes_tempest-GroupsTest-volume-type-1868495840, it is now deprecated. Please use the default quota class for default quota.
2026-01-27 17:25:54.673 74 WARNING cinder.quota [None req-8a52508b-e241-4d6a-b51b-240dea55c1f3 7708411ca14f43309a27ad0dd8e779e6 6deb8305fb534256a70c41ba53dad32d - - default default] Deprecated: Default quota for resource: snapshots_tempest-GroupsTest-volume-type-1868495840 is set by the default quota flag: quota_snapshots_tempest-GroupsTest-volume-type-1868495840, it is now deprecated. Please use the default quota class for default quota.
2026-01-27 17:25:54.778 74 INFO cinder.api.openstack.wsgi [None req-8a52508b-e241-4d6a-b51b-240dea55c1f3 7708411ca14f43309a27ad0dd8e779e6 6deb8305fb534256a70c41ba53dad32d - - default default] http://[LB_IP_ADDRESS]:8776/v3/6deb8305fb534256a70c41ba53dad32d/os-quota-sets/cc928c5b80fb4aadb9295200cc1f9291 returned with HTTP 200
2026-01-27 17:25:54.794 72 INFO cinder.api.openstack.wsgi [None req-1363f947-d63d-41e3-9cdd-0e140e4be8fb 7708411ca14f43309a27ad0dd8e779e6 6deb8305fb534256a70c41ba53dad32d - - default default] PUT http://[LB_IP_ADDRESS]:8776/v3/6deb8305fb534256a70c41ba53dad32d/os-quota-sets/cc928c5b80fb4aadb9295200cc1f9291
2026-01-27 17:25:55.084 72 WARNING cinder.quota [None req-1363f947-d63d-41e3-9cdd-0e140e4be8fb 7708411ca14f43309a27ad0dd8e779e6 6deb8305fb534256a70c41ba53dad32d - - default default] Deprecated: Default quota for resource: volumes_tempest-GroupsTest-volume-type-1868495840 is set by the default quota flag: quota_volumes_tempest-GroupsTest-volume-type-1868495840, it is now deprecated. Please use the default quota class for default quota.
2026-01-27 17:25:55.085 72 WARNING cinder.quota [None req-1363f947-d63d-41e3-9cdd-0e140e4be8fb 7708411ca14f43309a27ad0dd8e779e6 6deb8305fb534256a70c41ba53dad32d - - default default] Deprecated: Default quota for resource: gigabytes_tempest-GroupsTest-volume-type-1868495840 is set by the default quota flag: quota_gigabytes_tempest-GroupsTest-volume-type-1868495840, it is now deprecated. Please use the default quota class for default quota.
2026-01-27 17:25:55.085 72 WARNING cinder.quota [None req-1363f947-d63d-41e3-9cdd-0e140e4be8fb 7708411ca14f43309a27ad0dd8e779e6 6deb8305fb534256a70c41ba53dad32d - - default default] Deprecated: Default quota for resource: snapshots_tempest-GroupsTest-volume-type-1868495840 is set by the default quota flag: quota_snapshots_tempest-GroupsTest-volume-type-1868495840, it is now deprecated. Please use the default quota class for default quota.
2026-01-27 17:25:55.120 75 WARNING cinder.quota [None req-a8386b70-9783-460f-8bcf-4915a54b7266 d4315ead11a64d12839401aac942bee4 4ec95dd7a7fa488991bc088807e59e45 - - default default] Deprecated: Default quota for resource: volumes_tempest-GroupsTest-volume-type-1868495840 is set by the default quota flag: quota_volumes_tempest-GroupsTest-volume-type-1868495840, it is now deprecated. Please use the default quota class for default quota.
2026-01-27 17:25:55.120 75 WARNING cinder.quota [None req-a8386b70-9783-460f-8bcf-4915a54b7266 d4315ead11a64d12839401aac942bee4 4ec95dd7a7fa488991bc088807e59e45 - - default default] Deprecated: Default quota for resource: gigabytes_tempest-GroupsTest-volume-type-1868495840 is set by the default quota flag: quota_gigabytes_tempest-GroupsTest-volume-type-1868495840, it is now deprecated. Please use the default quota class for default quota.
2026-01-27 17:25:55.182 72 INFO cinder.api.openstack.wsgi [None req-1363f947-d63d-41e3-9cdd-0e140e4be8fb 7708411ca14f43309a27ad0dd8e779e6 6deb8305fb534256a70c41ba53dad32d - - default default] http://[LB_IP_ADDRESS]:8776/v3/6deb8305fb534256a70c41ba53dad32d/os-quota-sets/cc928c5b80fb4aadb9295200cc1f9291 returned with HTTP 200
2026-01-27 17:25:55.197 75 INFO cinder.volume.api [None req-a8386b70-9783-460f-8bcf-4915a54b7266 d4315ead11a64d12839401aac942bee4 4ec95dd7a7fa488991bc088807e59e45 - - default default] Create volume request issued successfully.
2026-01-27 17:25:55.215 75 INFO cinder.api.openstack.wsgi [None req-a8386b70-9783-460f-8bcf-4915a54b7266 d4315ead11a64d12839401aac942bee4 4ec95dd7a7fa488991bc088807e59e45 - - default default] http://[LB_IP_ADDRESS]:8776/v3/4ec95dd7a7fa488991bc088807e59e45/volumes returned with HTTP 202
2026-01-27 17:25:55.236 74 INFO cinder.api.openstack.wsgi [None req-a38c62ec-8f30-48e4-a990-f9d763481c33 d4315ead11a64d12839401aac942bee4 4ec95dd7a7fa488991bc088807e59e45 - - default default] GET http://[LB_IP_ADDRESS]:8776/v3/4ec95dd7a7fa488991bc088807e59e45/volumes/d5bffbbb-bef7-439e-b5c6-d42063ded471
2026-01-27 17:25:55.257 74 INFO cinder.volume.api [None req-a38c62ec-8f30-48e4-a990-f9d763481c33 d4315ead11a64d12839401aac942bee4 4ec95dd7a7fa488991bc088807e59e45 - - default default] Volume info retrieved successfully.
2026-01-27 17:25:55.281 73 INFO cinder.api.openstack.wsgi [None req-751469d5-805e-438e-ac7d-fefa20b49f96 ccd9d7a81d3f40dfa775836d2ef7b930 cc928c5b80fb4aadb9295200cc1f9291 - - default default] POST http://[LB_IP_ADDRESS]:8776/v3/cc928c5b80fb4aadb9295200cc1f9291/volumes
2026-01-27 17:25:55.284 73 INFO cinder.api.v3.volumes [None req-751469d5-805e-438e-ac7d-fefa20b49f96 ccd9d7a81d3f40dfa775836d2ef7b930 cc928c5b80fb4aadb9295200cc1f9291 - - default default] Create volume of 1 GB
2026-01-27 17:25:55.288 74 INFO cinder.api.openstack.wsgi [None req-a38c62ec-8f30-48e4-a990-f9d763481c33 d4315ead11a64d12839401aac942bee4 4ec95dd7a7fa488991bc088807e59e45 - - default default] http://[LB_IP_ADDRESS]:8776/v3/4ec95dd7a7fa488991bc088807e59e45/volumes/d5bffbbb-bef7-439e-b5c6-d42063ded471 returned with HTTP 200
2026-01-27 17:25:55.299 73 INFO cinder.volume.api [None req-751469d5-805e-438e-ac7d-fefa20b49f96 ccd9d7a81d3f40dfa775836d2ef7b930 cc928c5b80fb4aadb9295200cc1f9291 - - default default] Availability Zones retrieved successfully.
2026-01-27 17:25:55.337 76 INFO cinder.volume.api [None req-ad771018-f7d3-4d2f-a090-6dfb2c4068ed 1760859cdde84595be6e362a3a56d4e8 7c6c12de2d2342249d6d7ade076412f4 - - default default] Create volume request issued successfully.
2026-01-27 17:25:55.338 76 INFO cinder.api.openstack.wsgi [None req-ad771018-f7d3-4d2f-a090-6dfb2c4068ed 1760859cdde84595be6e362a3a56d4e8 7c6c12de2d2342249d6d7ade076412f4 - - default default] http://[LB_IP_ADDRESS]:8776/v3/7c6c12de2d2342249d6d7ade076412f4/volumes returned with HTTP 202
2026-01-27 17:25:55.360 72 INFO cinder.api.openstack.wsgi [None req-9de1163a-0c74-42ad-84b7-0455e7c342db 1760859cdde84595be6e362a3a56d4e8 7c6c12de2d2342249d6d7ade076412f4 - - default default] GET http://[LB_IP_ADDRESS]:8776/v3/7c6c12de2d2342249d6d7ade076412f4/volumes/c53b0e41-5ffd-493e-96ac-f506ec9d59e6
2026-01-27 17:25:55.376 72 INFO cinder.volume.api [None req-9de1163a-0c74-42ad-84b7-0455e7c342db 1760859cdde84595be6e362a3a56d4e8 7c6c12de2d2342249d6d7ade076412f4 - - default default] Volume info retrieved successfully.
2026-01-27 17:25:55.381 72 INFO cinder.api.openstack.wsgi [None req-9de1163a-0c74-42ad-84b7-0455e7c342db 1760859cdde84595be6e362a3a56d4e8 7c6c12de2d2342249d6d7ade076412f4 - - default default] http://[LB_IP_ADDRESS]:8776/v3/7c6c12de2d2342249d6d7ade076412f4/volumes/c53b0e41-5ffd-493e-96ac-f506ec9d59e6 returned with HTTP 200
2026-01-27 17:25:55.887 73 INFO cinder.volume.api [None req-751469d5-805e-438e-ac7d-fefa20b49f96 ccd9d7a81d3f40dfa775836d2ef7b930 cc928c5b80fb4aadb9295200cc1f9291 - - default default] Create volume request issued successfully.
2026-01-27 17:25:55.888 73 INFO cinder.api.openstack.wsgi [None req-751469d5-805e-438e-ac7d-fefa20b49f96 ccd9d7a81d3f40dfa775836d2ef7b930 cc928c5b80fb4aadb9295200cc1f9291 - - default default] http://[LB_IP_ADDRESS]:8776/v3/cc928c5b80fb4aadb9295200cc1f9291/volumes returned with HTTP 202
2026-01-27 17:25:55.908 75 INFO cinder.api.openstack.wsgi [None req-ed3d7b24-a35d-46b3-a4d7-4a6025e41179 ccd9d7a81d3f40dfa775836d2ef7b930 cc928c5b80fb4aadb9295200cc1f9291 - - default default] GET http://[LB_IP_ADDRESS]:8776/v3/cc928c5b80fb4aadb9295200cc1f9291/volumes/97f3cac9-18b9-4b07-a6d6-9e6e11179498
2026-01-27 17:25:55.926 75 INFO cinder.volume.api [None req-ed3d7b24-a35d-46b3-a4d7-4a6025e41179 ccd9d7a81d3f40dfa775836d2ef7b930 cc928c5b80fb4aadb9295200cc1f9291 - - default default] Volume info retrieved successfully.
2026-01-27 17:25:55.931 75 INFO cinder.api.openstack.wsgi [None req-ed3d7b24-a35d-46b3-a4d7-4a6025e41179 ccd9d7a81d3f40dfa775836d2ef7b930 cc928c5b80fb4aadb9295200cc1f9291 - - default default] http://[LB_IP_ADDRESS]:8776/v3/cc928c5b80fb4aadb9295200cc1f9291/volumes/97f3cac9-18b9-4b07-a6d6-9e6e11179498 returned with HTTP 200
2026-01-27 17:25:56.308 74 INFO cinder.api.openstack.wsgi [None req-74ae549b-0c9c-43d8-88ee-db6ec2c4ead5 d4315ead11a64d12839401aac942bee4 4ec95dd7a7fa488991bc088807e59e45 - - default default] GET http://[LB_IP_ADDRESS]:8776/v3/4ec95dd7a7fa488991bc088807e59e45/volumes/d5bffbbb-bef7-439e-b5c6-d42063ded471
2026-01-27 17:25:56.327 74 INFO cinder.volume.api [None req-74ae549b-0c9c-43d8-88ee-db6ec2c4ead5 d4315ead11a64d12839401aac942bee4 4ec95dd7a7fa488991bc088807e59e45 - - default default] Volume info retrieved successfully.
2026-01-27 17:25:56.350 74 INFO cinder.api.openstack.wsgi [None req-74ae549b-0c9c-43d8-88ee-db6ec2c4ead5 d4315ead11a64d12839401aac942bee4 4ec95dd7a7fa488991bc088807e59e45 - - default default] http://[LB_IP_ADDRESS]:8776/v3/4ec95dd7a7fa488991bc088807e59e45/volumes/d5bffbbb-bef7-439e-b5c6-d42063ded471 returned with HTTP 200
2026-01-27 17:25:56.371 76 INFO cinder.api.openstack.wsgi [None req-4283aa22-4119-44ce-aa60-b28c96f8f244 d4315ead11a64d12839401aac942bee4 4ec95dd7a7fa488991bc088807e59e45 - - default default] POST http://[LB_IP_ADDRESS]:8776/v3/4ec95dd7a7fa488991bc088807e59e45/volumes
2026-01-27 17:25:56.383 76 INFO cinder.api.v3.volumes [None req-4283aa22-4119-44ce-aa60-b28c96f8f244 d4315ead11a64d12839401aac942bee4 4ec95dd7a7fa488991bc088807e59e45 - - default default] Create volume of 1 GB
2026-01-27 17:25:56.390 76 INFO cinder.volume.api [None req-4283aa22-4119-44ce-aa60-b28c96f8f244 d4315ead11a64d12839401aac942bee4 4ec95dd7a7fa488991bc088807e59e45 - - default default] Availability Zones retrieved successfully.
2026-01-27 17:25:56.402 72 INFO cinder.api.openstack.wsgi [None req-73681769-0c83-43a6-b252-ca6aceb50356 1760859cdde84595be6e362a3a56d4e8 7c6c12de2d2342249d6d7ade076412f4 - - default default] GET http://[LB_IP_ADDRESS]:8776/v3/7c6c12de2d2342249d6d7ade076412f4/volumes/c53b0e41-5ffd-493e-96ac-f506ec9d59e6
2026-01-27 17:25:56.418 72 INFO cinder.volume.api [None req-73681769-0c83-43a6-b252-ca6aceb50356 1760859cdde84595be6e362a3a56d4e8 7c6c12de2d2342249d6d7ade076412f4 - - default default] Volume info retrieved successfully.
2026-01-27 17:25:56.423 72 INFO cinder.api.openstack.wsgi [None req-73681769-0c83-43a6-b252-ca6aceb50356 1760859cdde84595be6e362a3a56d4e8 7c6c12de2d2342249d6d7ade076412f4 - - default default] http://[LB_IP_ADDRESS]:8776/v3/7c6c12de2d2342249d6d7ade076412f4/volumes/c53b0e41-5ffd-493e-96ac-f506ec9d59e6 returned with HTTP 200
2026-01-27 17:25:56.441 73 INFO cinder.api.openstack.wsgi [None req-465f4148-dfc0-4bc4-beae-d0f0e8f9465f 1760859cdde84595be6e362a3a56d4e8 7c6c12de2d2342249d6d7ade076412f4 - - default default] POST http://[LB_IP_ADDRESS]:8776/v3/7c6c12de2d2342249d6d7ade076412f4/snapshots
2026-01-27 17:25:56.456 73 INFO cinder.volume.api [None req-465f4148-dfc0-4bc4-beae-d0f0e8f9465f 1760859cdde84595be6e362a3a56d4e8 7c6c12de2d2342249d6d7ade076412f4 - - default default] Volume info retrieved successfully.
2026-01-27 17:25:56.456 73 INFO cinder.api.v3.snapshots [None req-465f4148-dfc0-4bc4-beae-d0f0e8f9465f 1760859cdde84595be6e362a3a56d4e8 7c6c12de2d2342249d6d7ade076412f4 - - default default] Create snapshot from volume c53b0e41-5ffd-493e-96ac-f506ec9d59e6
2026-01-27 17:25:56.647 73 INFO cinder.volume.api [None req-465f4148-dfc0-4bc4-beae-d0f0e8f9465f 1760859cdde84595be6e362a3a56d4e8 7c6c12de2d2342249d6d7ade076412f4 - - default default] Snapshot create request issued successfully.
