2026-06-03 23:33:58.221 72 INFO cinder.api.openstack.wsgi [None req-296e3b99-8845-4308-a3e0-0fbf047bff5a a97900165f294bc8bd605e73b62a34f3 f3bade3977d44de2b294a125391f6a1b - - default default] GET http://[LB_IP_ADDRESS]:8776/v3/f3bade3977d44de2b294a125391f6a1b/qos-specs
2026-06-03 23:33:58.231 72 INFO cinder.api.openstack.wsgi [None req-296e3b99-8845-4308-a3e0-0fbf047bff5a a97900165f294bc8bd605e73b62a34f3 f3bade3977d44de2b294a125391f6a1b - - default default] http://[LB_IP_ADDRESS]:8776/v3/f3bade3977d44de2b294a125391f6a1b/qos-specs returned with HTTP 200
2026-06-03 23:33:58.247 75 INFO cinder.api.openstack.wsgi [None req-07fb8a77-0de7-4825-adf9-792560581041 a97900165f294bc8bd605e73b62a34f3 f3bade3977d44de2b294a125391f6a1b - - default default] DELETE http://[LB_IP_ADDRESS]:8776/v3/f3bade3977d44de2b294a125391f6a1b/qos-specs/e920d3d3-bb48-43aa-9792-466066949ff8?force=False
2026-06-03 23:33:58.255 75 INFO cinder.api.openstack.wsgi [None req-07fb8a77-0de7-4825-adf9-792560581041 a97900165f294bc8bd605e73b62a34f3 f3bade3977d44de2b294a125391f6a1b - - default default] http://[LB_IP_ADDRESS]:8776/v3/f3bade3977d44de2b294a125391f6a1b/qos-specs/e920d3d3-bb48-43aa-9792-466066949ff8?force=False returned with HTTP 404
2026-06-03 23:33:58.268 76 INFO cinder.api.openstack.wsgi [None req-ce4f6d79-af9d-4001-98c7-af322e0a118d a97900165f294bc8bd605e73b62a34f3 f3bade3977d44de2b294a125391f6a1b - - default default] GET http://[LB_IP_ADDRESS]:8776/v3/f3bade3977d44de2b294a125391f6a1b/qos-specs/e920d3d3-bb48-43aa-9792-466066949ff8
2026-06-03 23:33:58.274 76 INFO cinder.api.openstack.wsgi [None req-ce4f6d79-af9d-4001-98c7-af322e0a118d a97900165f294bc8bd605e73b62a34f3 f3bade3977d44de2b294a125391f6a1b - - default default] http://[LB_IP_ADDRESS]:8776/v3/f3bade3977d44de2b294a125391f6a1b/qos-specs/e920d3d3-bb48-43aa-9792-466066949ff8 returned with HTTP 404
2026-06-03 23:33:58.290 74 INFO cinder.api.openstack.wsgi [None req-75fe9e5c-be92-4b5f-999a-97a4dc99f6f9 a97900165f294bc8bd605e73b62a34f3 f3bade3977d44de2b294a125391f6a1b - - default default] POST http://[LB_IP_ADDRESS]:8776/v3/f3bade3977d44de2b294a125391f6a1b/qos-specs
2026-06-03 23:33:58.308 74 INFO cinder.api.openstack.wsgi [None req-75fe9e5c-be92-4b5f-999a-97a4dc99f6f9 a97900165f294bc8bd605e73b62a34f3 f3bade3977d44de2b294a125391f6a1b - - default default] http://[LB_IP_ADDRESS]:8776/v3/f3bade3977d44de2b294a125391f6a1b/qos-specs returned with HTTP 200
2026-06-03 23:33:58.325 72 INFO cinder.api.openstack.wsgi [None req-6d72ef47-ee24-4731-a1ac-b0cfd996cf0b a97900165f294bc8bd605e73b62a34f3 f3bade3977d44de2b294a125391f6a1b - - default default] DELETE http://[LB_IP_ADDRESS]:8776/v3/f3bade3977d44de2b294a125391f6a1b/qos-specs/7aa30a31-ba5f-42c6-8667-7a6162493de9?force=False
2026-06-03 23:33:58.352 72 INFO cinder.api.openstack.wsgi [None req-6d72ef47-ee24-4731-a1ac-b0cfd996cf0b a97900165f294bc8bd605e73b62a34f3 f3bade3977d44de2b294a125391f6a1b - - default default] http://[LB_IP_ADDRESS]:8776/v3/f3bade3977d44de2b294a125391f6a1b/qos-specs/7aa30a31-ba5f-42c6-8667-7a6162493de9?force=False returned with HTTP 202
2026-06-03 23:33:58.365 75 INFO cinder.api.openstack.wsgi [None req-f8e10f79-c25a-402b-b00d-e9d8c65b0588 a97900165f294bc8bd605e73b62a34f3 f3bade3977d44de2b294a125391f6a1b - - default default] GET http://[LB_IP_ADDRESS]:8776/v3/f3bade3977d44de2b294a125391f6a1b/qos-specs/7aa30a31-ba5f-42c6-8667-7a6162493de9
2026-06-03 23:33:58.373 75 INFO cinder.api.openstack.wsgi [None req-f8e10f79-c25a-402b-b00d-e9d8c65b0588 a97900165f294bc8bd605e73b62a34f3 f3bade3977d44de2b294a125391f6a1b - - default default] http://[LB_IP_ADDRESS]:8776/v3/f3bade3977d44de2b294a125391f6a1b/qos-specs/7aa30a31-ba5f-42c6-8667-7a6162493de9 returned with HTTP 404
2026-06-03 23:33:58.386 76 INFO cinder.api.openstack.wsgi [None req-c5974cb6-b28d-4496-98fa-c09ca66ee114 a97900165f294bc8bd605e73b62a34f3 f3bade3977d44de2b294a125391f6a1b - - default default] GET http://[LB_IP_ADDRESS]:8776/v3/f3bade3977d44de2b294a125391f6a1b/qos-specs
2026-06-03 23:33:58.396 76 INFO cinder.api.openstack.wsgi [None req-c5974cb6-b28d-4496-98fa-c09ca66ee114 a97900165f294bc8bd605e73b62a34f3 f3bade3977d44de2b294a125391f6a1b - - default default] http://[LB_IP_ADDRESS]:8776/v3/f3bade3977d44de2b294a125391f6a1b/qos-specs returned with HTTP 200
2026-06-03 23:33:58.412 74 INFO cinder.api.openstack.wsgi [None req-12d0ba91-8d19-4672-bdf8-300375b10966 a97900165f294bc8bd605e73b62a34f3 f3bade3977d44de2b294a125391f6a1b - - default default] DELETE http://[LB_IP_ADDRESS]:8776/v3/f3bade3977d44de2b294a125391f6a1b/qos-specs/7aa30a31-ba5f-42c6-8667-7a6162493de9?force=False
2026-06-03 23:33:58.420 74 INFO cinder.api.openstack.wsgi [None req-12d0ba91-8d19-4672-bdf8-300375b10966 a97900165f294bc8bd605e73b62a34f3 f3bade3977d44de2b294a125391f6a1b - - default default] http://[LB_IP_ADDRESS]:8776/v3/f3bade3977d44de2b294a125391f6a1b/qos-specs/7aa30a31-ba5f-42c6-8667-7a6162493de9?force=False returned with HTTP 404
2026-06-03 23:33:58.433 72 INFO cinder.api.openstack.wsgi [None req-3439489b-5208-42e4-abb5-62410c8f2d47 a97900165f294bc8bd605e73b62a34f3 f3bade3977d44de2b294a125391f6a1b - - default default] GET http://[LB_IP_ADDRESS]:8776/v3/f3bade3977d44de2b294a125391f6a1b/qos-specs/7aa30a31-ba5f-42c6-8667-7a6162493de9
2026-06-03 23:33:58.440 72 INFO cinder.api.openstack.wsgi [None req-3439489b-5208-42e4-abb5-62410c8f2d47 a97900165f294bc8bd605e73b62a34f3 f3bade3977d44de2b294a125391f6a1b - - default default] http://[LB_IP_ADDRESS]:8776/v3/f3bade3977d44de2b294a125391f6a1b/qos-specs/7aa30a31-ba5f-42c6-8667-7a6162493de9 returned with HTTP 404
2026-06-03 23:33:58.457 75 INFO cinder.api.openstack.wsgi [None req-a4307b58-fa85-49f4-af7c-2dd87e25daaa a97900165f294bc8bd605e73b62a34f3 f3bade3977d44de2b294a125391f6a1b - - default default] POST http://[LB_IP_ADDRESS]:8776/v3/f3bade3977d44de2b294a125391f6a1b/qos-specs
2026-06-03 23:33:58.474 75 INFO cinder.api.openstack.wsgi [None req-a4307b58-fa85-49f4-af7c-2dd87e25daaa a97900165f294bc8bd605e73b62a34f3 f3bade3977d44de2b294a125391f6a1b - - default default] http://[LB_IP_ADDRESS]:8776/v3/f3bade3977d44de2b294a125391f6a1b/qos-specs returned with HTTP 200
2026-06-03 23:33:58.491 76 INFO cinder.api.openstack.wsgi [None req-cea4a9c5-31a6-4ba4-93d5-531550dbef6a a97900165f294bc8bd605e73b62a34f3 f3bade3977d44de2b294a125391f6a1b - - default default] DELETE http://[LB_IP_ADDRESS]:8776/v3/f3bade3977d44de2b294a125391f6a1b/qos-specs/013262d0-ebc7-47ee-95d5-1e6ae775c019?force=False
2026-06-03 23:33:58.499 74 INFO cinder.api.openstack.wsgi [None req-6613a736-d4fa-40ed-9f04-f97c30453ed2 d1e0efbcd34d4e04a94128fb510751ce 492f8de49730440981f9d5c472ab25ac - - default default] GET http://[LB_IP_ADDRESS]:8776/v3/492f8de49730440981f9d5c472ab25ac/volumes/8dbf12c8-1350-41ef-b12c-8881e34c9dd7
2026-06-03 23:33:58.521 74 INFO cinder.volume.api [None req-6613a736-d4fa-40ed-9f04-f97c30453ed2 d1e0efbcd34d4e04a94128fb510751ce 492f8de49730440981f9d5c472ab25ac - - default default] Volume info retrieved successfully.
2026-06-03 23:33:58.522 76 INFO cinder.api.openstack.wsgi [None req-cea4a9c5-31a6-4ba4-93d5-531550dbef6a a97900165f294bc8bd605e73b62a34f3 f3bade3977d44de2b294a125391f6a1b - - default default] http://[LB_IP_ADDRESS]:8776/v3/f3bade3977d44de2b294a125391f6a1b/qos-specs/013262d0-ebc7-47ee-95d5-1e6ae775c019?force=False returned with HTTP 202
2026-06-03 23:33:58.535 72 INFO cinder.api.openstack.wsgi [None req-3bff5eb1-14cd-43c3-a700-67ee6349692a a97900165f294bc8bd605e73b62a34f3 f3bade3977d44de2b294a125391f6a1b - - default default] GET http://[LB_IP_ADDRESS]:8776/v3/f3bade3977d44de2b294a125391f6a1b/qos-specs/013262d0-ebc7-47ee-95d5-1e6ae775c019
2026-06-03 23:33:58.543 72 INFO cinder.api.openstack.wsgi [None req-3bff5eb1-14cd-43c3-a700-67ee6349692a a97900165f294bc8bd605e73b62a34f3 f3bade3977d44de2b294a125391f6a1b - - default default] http://[LB_IP_ADDRESS]:8776/v3/f3bade3977d44de2b294a125391f6a1b/qos-specs/013262d0-ebc7-47ee-95d5-1e6ae775c019 returned with HTTP 404
2026-06-03 23:33:58.548 74 INFO cinder.api.openstack.wsgi [None req-6613a736-d4fa-40ed-9f04-f97c30453ed2 d1e0efbcd34d4e04a94128fb510751ce 492f8de49730440981f9d5c472ab25ac - - default default] http://[LB_IP_ADDRESS]:8776/v3/492f8de49730440981f9d5c472ab25ac/volumes/8dbf12c8-1350-41ef-b12c-8881e34c9dd7 returned with HTTP 200
2026-06-03 23:33:58.556 75 INFO cinder.api.openstack.wsgi [None req-60a6fe23-f5bc-4299-af43-d61550c19b8f a97900165f294bc8bd605e73b62a34f3 f3bade3977d44de2b294a125391f6a1b - - default default] GET http://[LB_IP_ADDRESS]:8776/v3/f3bade3977d44de2b294a125391f6a1b/qos-specs
2026-06-03 23:33:58.566 75 INFO cinder.api.openstack.wsgi [None req-60a6fe23-f5bc-4299-af43-d61550c19b8f a97900165f294bc8bd605e73b62a34f3 f3bade3977d44de2b294a125391f6a1b - - default default] http://[LB_IP_ADDRESS]:8776/v3/f3bade3977d44de2b294a125391f6a1b/qos-specs returned with HTTP 200
2026-06-03 23:33:58.569 76 INFO cinder.api.openstack.wsgi [None req-6a0e4813-7caf-42a6-811b-437b6d200c6e d1e0efbcd34d4e04a94128fb510751ce 492f8de49730440981f9d5c472ab25ac - - default default] POST http://[LB_IP_ADDRESS]:8776/v3/492f8de49730440981f9d5c472ab25ac/volumes
2026-06-03 23:33:58.582 72 INFO cinder.api.openstack.wsgi [None req-a0f7518c-e797-4075-a27f-c99f95403713 a97900165f294bc8bd605e73b62a34f3 f3bade3977d44de2b294a125391f6a1b - - default default] DELETE http://[LB_IP_ADDRESS]:8776/v3/f3bade3977d44de2b294a125391f6a1b/qos-specs/013262d0-ebc7-47ee-95d5-1e6ae775c019?force=False
2026-06-03 23:33:58.584 76 INFO cinder.api.v3.volumes [None req-6a0e4813-7caf-42a6-811b-437b6d200c6e d1e0efbcd34d4e04a94128fb510751ce 492f8de49730440981f9d5c472ab25ac - - default default] Create volume of 1 GB
2026-06-03 23:33:58.589 72 INFO cinder.api.openstack.wsgi [None req-a0f7518c-e797-4075-a27f-c99f95403713 a97900165f294bc8bd605e73b62a34f3 f3bade3977d44de2b294a125391f6a1b - - default default] http://[LB_IP_ADDRESS]:8776/v3/f3bade3977d44de2b294a125391f6a1b/qos-specs/013262d0-ebc7-47ee-95d5-1e6ae775c019?force=False returned with HTTP 404
2026-06-03 23:33:58.593 76 INFO cinder.volume.api [None req-6a0e4813-7caf-42a6-811b-437b6d200c6e d1e0efbcd34d4e04a94128fb510751ce 492f8de49730440981f9d5c472ab25ac - - default default] Availability Zones retrieved successfully.
2026-06-03 23:33:58.603 74 INFO cinder.api.openstack.wsgi [None req-cff31793-7adb-4184-8ddc-677a9e38b102 a97900165f294bc8bd605e73b62a34f3 f3bade3977d44de2b294a125391f6a1b - - default default] GET http://[LB_IP_ADDRESS]:8776/v3/f3bade3977d44de2b294a125391f6a1b/qos-specs/013262d0-ebc7-47ee-95d5-1e6ae775c019
2026-06-03 23:33:58.610 74 INFO cinder.api.openstack.wsgi [None req-cff31793-7adb-4184-8ddc-677a9e38b102 a97900165f294bc8bd605e73b62a34f3 f3bade3977d44de2b294a125391f6a1b - - default default] http://[LB_IP_ADDRESS]:8776/v3/f3bade3977d44de2b294a125391f6a1b/qos-specs/013262d0-ebc7-47ee-95d5-1e6ae775c019 returned with HTTP 404
2026-06-03 23:33:58.625 75 INFO cinder.api.openstack.wsgi [None req-8bc6f63a-ec2b-4def-b22e-cbbe9fb77adc a97900165f294bc8bd605e73b62a34f3 f3bade3977d44de2b294a125391f6a1b - - default default] GET http://[LB_IP_ADDRESS]:8776/v3/f3bade3977d44de2b294a125391f6a1b/qos-specs/8ca910b8-9ac1-4a23-8d26-f75779584a3c
2026-06-03 23:33:58.633 75 INFO cinder.api.openstack.wsgi [None req-8bc6f63a-ec2b-4def-b22e-cbbe9fb77adc a97900165f294bc8bd605e73b62a34f3 f3bade3977d44de2b294a125391f6a1b - - default default] http://[LB_IP_ADDRESS]:8776/v3/f3bade3977d44de2b294a125391f6a1b/qos-specs/8ca910b8-9ac1-4a23-8d26-f75779584a3c returned with HTTP 200
2026-06-03 23:33:58.650 72 INFO cinder.api.openstack.wsgi [None req-e6b0734d-bdb6-464f-ae08-c5891d6c911d a97900165f294bc8bd605e73b62a34f3 f3bade3977d44de2b294a125391f6a1b - - default default] GET http://[LB_IP_ADDRESS]:8776/v3/f3bade3977d44de2b294a125391f6a1b/qos-specs
2026-06-03 23:33:58.661 72 INFO cinder.api.openstack.wsgi [None req-e6b0734d-bdb6-464f-ae08-c5891d6c911d a97900165f294bc8bd605e73b62a34f3 f3bade3977d44de2b294a125391f6a1b - - default default] http://[LB_IP_ADDRESS]:8776/v3/f3bade3977d44de2b294a125391f6a1b/qos-specs returned with HTTP 200
2026-06-03 23:33:58.678 74 INFO cinder.api.openstack.wsgi [None req-cb750f42-2c71-415b-b1e1-61bb8319a67b a97900165f294bc8bd605e73b62a34f3 f3bade3977d44de2b294a125391f6a1b - - default default] PUT http://[LB_IP_ADDRESS]:8776/v3/f3bade3977d44de2b294a125391f6a1b/qos-specs/8ca910b8-9ac1-4a23-8d26-f75779584a3c
2026-06-03 23:33:58.704 74 INFO cinder.api.openstack.wsgi [None req-cb750f42-2c71-415b-b1e1-61bb8319a67b a97900165f294bc8bd605e73b62a34f3 f3bade3977d44de2b294a125391f6a1b - - default default] http://[LB_IP_ADDRESS]:8776/v3/f3bade3977d44de2b294a125391f6a1b/qos-specs/8ca910b8-9ac1-4a23-8d26-f75779584a3c returned with HTTP 200
2026-06-03 23:33:58.719 75 INFO cinder.api.openstack.wsgi [None req-0028a3a6-475b-4df4-a9bb-6528819afee8 a97900165f294bc8bd605e73b62a34f3 f3bade3977d44de2b294a125391f6a1b - - default default] GET http://[LB_IP_ADDRESS]:8776/v3/f3bade3977d44de2b294a125391f6a1b/qos-specs/8ca910b8-9ac1-4a23-8d26-f75779584a3c
2026-06-03 23:33:58.727 75 INFO cinder.api.openstack.wsgi [None req-0028a3a6-475b-4df4-a9bb-6528819afee8 a97900165f294bc8bd605e73b62a34f3 f3bade3977d44de2b294a125391f6a1b - - default default] http://[LB_IP_ADDRESS]:8776/v3/f3bade3977d44de2b294a125391f6a1b/qos-specs/8ca910b8-9ac1-4a23-8d26-f75779584a3c returned with HTTP 200
2026-06-03 23:33:58.743 72 INFO cinder.api.openstack.wsgi [None req-b54ea704-3c7c-4d47-a3a6-b4d47ab3e0e0 a97900165f294bc8bd605e73b62a34f3 f3bade3977d44de2b294a125391f6a1b - - default default] PUT http://[LB_IP_ADDRESS]:8776/v3/f3bade3977d44de2b294a125391f6a1b/qos-specs/8ca910b8-9ac1-4a23-8d26-f75779584a3c/delete_keys
2026-06-03 23:33:58.764 76 WARNING cinder.quota [None req-6a0e4813-7caf-42a6-811b-437b6d200c6e d1e0efbcd34d4e04a94128fb510751ce 492f8de49730440981f9d5c472ab25ac - - default default] Deprecated: Default quota for resource: volumes_tempest-GroupSnapshotsTest-volume-type-1019076121 is set by the default quota flag: quota_volumes_tempest-GroupSnapshotsTest-volume-type-1019076121, it is now deprecated. Please use the default quota class for default quota.
2026-06-03 23:33:58.765 76 WARNING cinder.quota [None req-6a0e4813-7caf-42a6-811b-437b6d200c6e d1e0efbcd34d4e04a94128fb510751ce 492f8de49730440981f9d5c472ab25ac - - default default] Deprecated: Default quota for resource: gigabytes_tempest-GroupSnapshotsTest-volume-type-1019076121 is set by the default quota flag: quota_gigabytes_tempest-GroupSnapshotsTest-volume-type-1019076121, it is now deprecated. Please use the default quota class for default quota.
2026-06-03 23:33:58.767 72 INFO cinder.api.openstack.wsgi [None req-b54ea704-3c7c-4d47-a3a6-b4d47ab3e0e0 a97900165f294bc8bd605e73b62a34f3 f3bade3977d44de2b294a125391f6a1b - - default default] http://[LB_IP_ADDRESS]:8776/v3/f3bade3977d44de2b294a125391f6a1b/qos-specs/8ca910b8-9ac1-4a23-8d26-f75779584a3c/delete_keys returned with HTTP 202
2026-06-03 23:33:58.780 74 INFO cinder.api.openstack.wsgi [None req-458ee741-6fd1-4367-8951-d295ddeb9ea1 a97900165f294bc8bd605e73b62a34f3 f3bade3977d44de2b294a125391f6a1b - - default default] GET http://[LB_IP_ADDRESS]:8776/v3/f3bade3977d44de2b294a125391f6a1b/qos-specs/8ca910b8-9ac1-4a23-8d26-f75779584a3c
2026-06-03 23:33:58.788 74 INFO cinder.api.openstack.wsgi [None req-458ee741-6fd1-4367-8951-d295ddeb9ea1 a97900165f294bc8bd605e73b62a34f3 f3bade3977d44de2b294a125391f6a1b - - default default] http://[LB_IP_ADDRESS]:8776/v3/f3bade3977d44de2b294a125391f6a1b/qos-specs/8ca910b8-9ac1-4a23-8d26-f75779584a3c returned with HTTP 200
2026-06-03 23:33:58.805 75 INFO cinder.api.openstack.wsgi [None req-f2728719-c12c-4456-a0d1-602d3d32d7f9 a97900165f294bc8bd605e73b62a34f3 f3bade3977d44de2b294a125391f6a1b - - default default] GET http://[LB_IP_ADDRESS]:8776/v3/f3bade3977d44de2b294a125391f6a1b/qos-specs/8ca910b8-9ac1-4a23-8d26-f75779584a3c
2026-06-03 23:33:58.813 75 INFO cinder.api.openstack.wsgi [None req-f2728719-c12c-4456-a0d1-602d3d32d7f9 a97900165f294bc8bd605e73b62a34f3 f3bade3977d44de2b294a125391f6a1b - - default default] http://[LB_IP_ADDRESS]:8776/v3/f3bade3977d44de2b294a125391f6a1b/qos-specs/8ca910b8-9ac1-4a23-8d26-f75779584a3c returned with HTTP 200
2026-06-03 23:33:58.831 72 INFO cinder.api.openstack.wsgi [None req-817eae0a-a58f-474c-85b4-8d59e4fac812 a97900165f294bc8bd605e73b62a34f3 f3bade3977d44de2b294a125391f6a1b - - default default] DELETE http://[LB_IP_ADDRESS]:8776/v3/f3bade3977d44de2b294a125391f6a1b/qos-specs/8ca910b8-9ac1-4a23-8d26-f75779584a3c?force=False
2026-06-03 23:33:58.858 72 INFO cinder.api.openstack.wsgi [None req-817eae0a-a58f-474c-85b4-8d59e4fac812 a97900165f294bc8bd605e73b62a34f3 f3bade3977d44de2b294a125391f6a1b - - default default] http://[LB_IP_ADDRESS]:8776/v3/f3bade3977d44de2b294a125391f6a1b/qos-specs/8ca910b8-9ac1-4a23-8d26-f75779584a3c?force=False returned with HTTP 202
2026-06-03 23:33:58.869 73 INFO cinder.volume.api [None req-b22dc862-58d4-4df2-88e8-80f9791e44c8 63ee728d5b584fd7aba74d850448befc a86953f626924a10b5bb40b3126f6553 - - default default] Transfer volume completed successfully.
2026-06-03 23:33:58.871 74 INFO cinder.api.openstack.wsgi [None req-9e939243-e2ef-4cff-a1c5-f04c69092ad1 a97900165f294bc8bd605e73b62a34f3 f3bade3977d44de2b294a125391f6a1b - - default default] GET http://[LB_IP_ADDRESS]:8776/v3/f3bade3977d44de2b294a125391f6a1b/qos-specs/8ca910b8-9ac1-4a23-8d26-f75779584a3c
2026-06-03 23:33:58.879 74 INFO cinder.api.openstack.wsgi [None req-9e939243-e2ef-4cff-a1c5-f04c69092ad1 a97900165f294bc8bd605e73b62a34f3 f3bade3977d44de2b294a125391f6a1b - - default default] http://[LB_IP_ADDRESS]:8776/v3/f3bade3977d44de2b294a125391f6a1b/qos-specs/8ca910b8-9ac1-4a23-8d26-f75779584a3c returned with HTTP 404
2026-06-03 23:33:58.881 76 INFO cinder.volume.api [None req-6a0e4813-7caf-42a6-811b-437b6d200c6e d1e0efbcd34d4e04a94128fb510751ce 492f8de49730440981f9d5c472ab25ac - - default default] Create volume request issued successfully.
2026-06-03 23:33:58.903 76 INFO cinder.api.openstack.wsgi [None req-6a0e4813-7caf-42a6-811b-437b6d200c6e d1e0efbcd34d4e04a94128fb510751ce 492f8de49730440981f9d5c472ab25ac - - default default] http://[LB_IP_ADDRESS]:8776/v3/492f8de49730440981f9d5c472ab25ac/volumes returned with HTTP 202
2026-06-03 23:33:58.926 75 INFO cinder.api.openstack.wsgi [None req-8250724c-6e34-4200-9f35-79cb305ab95f d1e0efbcd34d4e04a94128fb510751ce 492f8de49730440981f9d5c472ab25ac - - default default] GET http://[LB_IP_ADDRESS]:8776/v3/492f8de49730440981f9d5c472ab25ac/volumes/217df011-6707-4f10-b0a0-7a0f8a6952fa
2026-06-03 23:33:58.949 75 INFO cinder.volume.api [None req-8250724c-6e34-4200-9f35-79cb305ab95f d1e0efbcd34d4e04a94128fb510751ce 492f8de49730440981f9d5c472ab25ac - - default default] Volume info retrieved successfully.
2026-06-03 23:33:58.956 73 INFO cinder.transfer.api [None req-b22dc862-58d4-4df2-88e8-80f9791e44c8 63ee728d5b584fd7aba74d850448befc a86953f626924a10b5bb40b3126f6553 - - default default] Volume 2aabc5ec-c508-401c-9185-f96849a011fc has been transferred.
2026-06-03 23:33:58.966 73 INFO cinder.api.openstack.wsgi [None req-b22dc862-58d4-4df2-88e8-80f9791e44c8 63ee728d5b584fd7aba74d850448befc a86953f626924a10b5bb40b3126f6553 - - default default] http://[LB_IP_ADDRESS]:8776/v3/a86953f626924a10b5bb40b3126f6553/os-volume-transfer/f4f4bb43-1735-49c0-ba4d-13e4821e8d96/accept returned with HTTP 202
2026-06-03 23:33:58.977 75 INFO cinder.api.openstack.wsgi [None req-8250724c-6e34-4200-9f35-79cb305ab95f d1e0efbcd34d4e04a94128fb510751ce 492f8de49730440981f9d5c472ab25ac - - default default] http://[LB_IP_ADDRESS]:8776/v3/492f8de49730440981f9d5c472ab25ac/volumes/217df011-6707-4f10-b0a0-7a0f8a6952fa returned with HTTP 200
2026-06-03 23:33:58.982 72 INFO cinder.api.openstack.wsgi [None req-719d3117-2852-4c5e-a3c1-89add21ab532 63ee728d5b584fd7aba74d850448befc a86953f626924a10b5bb40b3126f6553 - - default default] GET http://[LB_IP_ADDRESS]:8776/v3/a86953f626924a10b5bb40b3126f6553/volumes/2aabc5ec-c508-401c-9185-f96849a011fc
2026-06-03 23:33:59.006 72 INFO cinder.volume.api [None req-719d3117-2852-4c5e-a3c1-89add21ab532 63ee728d5b584fd7aba74d850448befc a86953f626924a10b5bb40b3126f6553 - - default default] Volume info retrieved successfully.
2026-06-03 23:33:59.015 72 INFO cinder.api.openstack.wsgi [None req-719d3117-2852-4c5e-a3c1-89add21ab532 63ee728d5b584fd7aba74d850448befc a86953f626924a10b5bb40b3126f6553 - - default default] http://[LB_IP_ADDRESS]:8776/v3/a86953f626924a10b5bb40b3126f6553/volumes/2aabc5ec-c508-401c-9185-f96849a011fc returned with HTTP 200
2026-06-03 23:33:59.041 74 INFO cinder.api.openstack.wsgi [None req-5b20168a-27e4-4c41-a1a3-0b643e006d05 6d51583999d44ec5b3eb7979a5b92829 ef89413a2bfd4246995c948e2a5babe1 - - default default] GET http://[LB_IP_ADDRESS]:8776/v3/ef89413a2bfd4246995c948e2a5babe1/os-quota-sets/a41b838981d04fba872bb42dd164a435?usage=True
2026-06-03 23:33:59.113 74 INFO cinder.api.openstack.wsgi [None req-5b20168a-27e4-4c41-a1a3-0b643e006d05 6d51583999d44ec5b3eb7979a5b92829 ef89413a2bfd4246995c948e2a5babe1 - - default default] http://[LB_IP_ADDRESS]:8776/v3/ef89413a2bfd4246995c948e2a5babe1/os-quota-sets/a41b838981d04fba872bb42dd164a435?usage=True returned with HTTP 200
2026-06-03 23:33:59.134 76 INFO cinder.api.openstack.wsgi [None req-9bd42d5f-f701-45c3-b9b1-b9465b0e3782 6d51583999d44ec5b3eb7979a5b92829 ef89413a2bfd4246995c948e2a5babe1 - - default default] GET http://[LB_IP_ADDRESS]:8776/v3/ef89413a2bfd4246995c948e2a5babe1/os-quota-sets/a86953f626924a10b5bb40b3126f6553?usage=True
2026-06-03 23:33:59.177 76 WARNING cinder.quota [None req-9bd42d5f-f701-45c3-b9b1-b9465b0e3782 6d51583999d44ec5b3eb7979a5b92829 ef89413a2bfd4246995c948e2a5babe1 - - default default] Deprecated: Default quota for resource: snapshots_tempest-GroupSnapshotsTest-volume-type-1019076121 is set by the default quota flag: quota_snapshots_tempest-GroupSnapshotsTest-volume-type-1019076121, it is now deprecated. Please use the default quota class for default quota.
2026-06-03 23:33:59.209 76 INFO cinder.api.openstack.wsgi [None req-9bd42d5f-f701-45c3-b9b1-b9465b0e3782 6d51583999d44ec5b3eb7979a5b92829 ef89413a2bfd4246995c948e2a5babe1 - - default default] http://[LB_IP_ADDRESS]:8776/v3/ef89413a2bfd4246995c948e2a5babe1/os-quota-sets/a86953f626924a10b5bb40b3126f6553?usage=True returned with HTTP 200
2026-06-03 23:33:59.229 73 INFO cinder.api.openstack.wsgi [None req-7020830c-a602-489d-a486-fcce3e7cff1b 6d51583999d44ec5b3eb7979a5b92829 ef89413a2bfd4246995c948e2a5babe1 - - default default] DELETE http://[LB_IP_ADDRESS]:8776/v3/ef89413a2bfd4246995c948e2a5babe1/volumes/2aabc5ec-c508-401c-9185-f96849a011fc
2026-06-03 23:33:59.230 73 INFO cinder.api.v3.volumes [None req-7020830c-a602-489d-a486-fcce3e7cff1b 6d51583999d44ec5b3eb7979a5b92829 ef89413a2bfd4246995c948e2a5babe1 - - default default] Delete volume with id: 2aabc5ec-c508-401c-9185-f96849a011fc 
2026-06-03 23:33:59.246 73 INFO cinder.volume.api [None req-7020830c-a602-489d-a486-fcce3e7cff1b 6d51583999d44ec5b3eb7979a5b92829 ef89413a2bfd4246995c948e2a5babe1 - - default default] Volume info retrieved successfully.
2026-06-03 23:33:59.278 73 INFO cinder.volume.api [None req-7020830c-a602-489d-a486-fcce3e7cff1b 6d51583999d44ec5b3eb7979a5b92829 ef89413a2bfd4246995c948e2a5babe1 - - default default] Delete volume request issued successfully.
2026-06-03 23:33:59.279 73 INFO cinder.api.openstack.wsgi [None req-7020830c-a602-489d-a486-fcce3e7cff1b 6d51583999d44ec5b3eb7979a5b92829 ef89413a2bfd4246995c948e2a5babe1 - - default default] http://[LB_IP_ADDRESS]:8776/v3/ef89413a2bfd4246995c948e2a5babe1/volumes/2aabc5ec-c508-401c-9185-f96849a011fc returned with HTTP 202
2026-06-03 23:33:59.291 75 INFO cinder.api.openstack.wsgi [None req-833314f0-7b00-4a92-a401-3065d7a6f4ed 6d51583999d44ec5b3eb7979a5b92829 ef89413a2bfd4246995c948e2a5babe1 - - default default] GET http://[LB_IP_ADDRESS]:8776/v3/ef89413a2bfd4246995c948e2a5babe1/volumes/2aabc5ec-c508-401c-9185-f96849a011fc
2026-06-03 23:33:59.315 75 INFO cinder.volume.api [None req-833314f0-7b00-4a92-a401-3065d7a6f4ed 6d51583999d44ec5b3eb7979a5b92829 ef89413a2bfd4246995c948e2a5babe1 - - default default] Volume info retrieved successfully.
2026-06-03 23:33:59.324 75 INFO cinder.api.openstack.wsgi [None req-833314f0-7b00-4a92-a401-3065d7a6f4ed 6d51583999d44ec5b3eb7979a5b92829 ef89413a2bfd4246995c948e2a5babe1 - - default default] http://[LB_IP_ADDRESS]:8776/v3/ef89413a2bfd4246995c948e2a5babe1/volumes/2aabc5ec-c508-401c-9185-f96849a011fc returned with HTTP 200
2026-06-03 23:34:00.001 72 INFO cinder.api.openstack.wsgi [None req-ed4af3a6-bfd3-43d3-b453-e21c7631d2e8 d1e0efbcd34d4e04a94128fb510751ce 492f8de49730440981f9d5c472ab25ac - - default default] GET http://[LB_IP_ADDRESS]:8776/v3/492f8de49730440981f9d5c472ab25ac/volumes/217df011-6707-4f10-b0a0-7a0f8a6952fa
2026-06-03 23:34:00.022 72 INFO cinder.volume.api [None req-ed4af3a6-bfd3-43d3-b453-e21c7631d2e8 d1e0efbcd34d4e04a94128fb510751ce 492f8de49730440981f9d5c472ab25ac - - default default] Volume info retrieved successfully.
2026-06-03 23:34:00.050 72 INFO cinder.api.openstack.wsgi [None req-ed4af3a6-bfd3-43d3-b453-e21c7631d2e8 d1e0efbcd34d4e04a94128fb510751ce 492f8de49730440981f9d5c472ab25ac - - default default] http://[LB_IP_ADDRESS]:8776/v3/492f8de49730440981f9d5c472ab25ac/volumes/217df011-6707-4f10-b0a0-7a0f8a6952fa returned with HTTP 200
2026-06-03 23:34:00.072 74 INFO cinder.api.openstack.wsgi [None req-3a932af1-d1b9-4692-a5fc-c24cc678cde1 d1e0efbcd34d4e04a94128fb510751ce 492f8de49730440981f9d5c472ab25ac - - default default] PUT http://[LB_IP_ADDRESS]:8776/v3/492f8de49730440981f9d5c472ab25ac/groups/7f4e29b1-ed17-4d9c-b06f-42139ead9e11
2026-06-03 23:34:00.076 74 INFO cinder.api.v3.groups [None req-3a932af1-d1b9-4692-a5fc-c24cc678cde1 d1e0efbcd34d4e04a94128fb510751ce 492f8de49730440981f9d5c472ab25ac - - default default] Updating group 7f4e29b1-ed17-4d9c-b06f-42139ead9e11 with name None description: None add_volumes: None remove_volumes: 8dbf12c8-1350-41ef-b12c-8881e34c9dd7.
2026-06-03 23:34:00.112 74 INFO cinder.api.openstack.wsgi [None req-3a932af1-d1b9-4692-a5fc-c24cc678cde1 d1e0efbcd34d4e04a94128fb510751ce 492f8de49730440981f9d5c472ab25ac - - default default] http://[LB_IP_ADDRESS]:8776/v3/492f8de49730440981f9d5c472ab25ac/groups/7f4e29b1-ed17-4d9c-b06f-42139ead9e11 returned with HTTP 202
2026-06-03 23:34:00.125 76 INFO cinder.api.openstack.wsgi [None req-8964d891-9600-4ec4-9925-702e3f18c1d6 d1e0efbcd34d4e04a94128fb510751ce 492f8de49730440981f9d5c472ab25ac - - default default] GET http://[LB_IP_ADDRESS]:8776/v3/492f8de49730440981f9d5c472ab25ac/groups/7f4e29b1-ed17-4d9c-b06f-42139ead9e11
2026-06-03 23:34:00.146 76 INFO cinder.api.openstack.wsgi [None req-8964d891-9600-4ec4-9925-702e3f18c1d6 d1e0efbcd34d4e04a94128fb510751ce 492f8de49730440981f9d5c472ab25ac - - default default] http://[LB_IP_ADDRESS]:8776/v3/492f8de49730440981f9d5c472ab25ac/groups/7f4e29b1-ed17-4d9c-b06f-42139ead9e11 returned with HTTP 200
2026-06-03 23:34:00.346 73 INFO cinder.api.openstack.wsgi [None req-424ee12a-6a76-4a34-9b92-b62bc7f413e8 6d51583999d44ec5b3eb7979a5b92829 ef89413a2bfd4246995c948e2a5babe1 - - default default] GET http://[LB_IP_ADDRESS]:8776/v3/ef89413a2bfd4246995c948e2a5babe1/volumes/2aabc5ec-c508-401c-9185-f96849a011fc
2026-06-03 23:34:00.359 73 INFO cinder.api.openstack.wsgi [None req-424ee12a-6a76-4a34-9b92-b62bc7f413e8 6d51583999d44ec5b3eb7979a5b92829 ef89413a2bfd4246995c948e2a5babe1 - - default default] http://[LB_IP_ADDRESS]:8776/v3/ef89413a2bfd4246995c948e2a5babe1/volumes/2aabc5ec-c508-401c-9185-f96849a011fc returned with HTTP 404
2026-06-03 23:34:00.372 75 INFO cinder.api.openstack.wsgi [None req-75d52e85-1116-4e7c-abcf-e92358641eb0 5c9459b8e0b9486e954072b0d697ab3f a41b838981d04fba872bb42dd164a435 - - default default] GET http://[LB_IP_ADDRESS]:8776/v3/a41b838981d04fba872bb42dd164a435/volumes/2aabc5ec-c508-401c-9185-f96849a011fc
2026-06-03 23:34:00.383 75 INFO cinder.api.openstack.wsgi [None req-75d52e85-1116-4e7c-abcf-e92358641eb0 5c9459b8e0b9486e954072b0d697ab3f a41b838981d04fba872bb42dd164a435 - - default default] http://[LB_IP_ADDRESS]:8776/v3/a41b838981d04fba872bb42dd164a435/volumes/2aabc5ec-c508-401c-9185-f96849a011fc returned with HTTP 404
2026-06-03 23:34:00.395 72 INFO cinder.api.openstack.wsgi [None req-21c41911-3a73-47e8-9a4c-b1b783132cb2 5c9459b8e0b9486e954072b0d697ab3f a41b838981d04fba872bb42dd164a435 - - default default] DELETE http://[LB_IP_ADDRESS]:8776/v3/a41b838981d04fba872bb42dd164a435/volumes/2aabc5ec-c508-401c-9185-f96849a011fc
2026-06-03 23:34:00.396 72 INFO cinder.api.v3.volumes [None req-21c41911-3a73-47e8-9a4c-b1b783132cb2 5c9459b8e0b9486e954072b0d697ab3f a41b838981d04fba872bb42dd164a435 - - default default] Delete volume with id: 2aabc5ec-c508-401c-9185-f96849a011fc 
2026-06-03 23:34:00.408 72 INFO cinder.api.openstack.wsgi [None req-21c41911-3a73-47e8-9a4c-b1b783132cb2 5c9459b8e0b9486e954072b0d697ab3f a41b838981d04fba872bb42dd164a435 - - default default] http://[LB_IP_ADDRESS]:8776/v3/a41b838981d04fba872bb42dd164a435/volumes/2aabc5ec-c508-401c-9185-f96849a011fc returned with HTTP 404
2026-06-03 23:34:00.425 74 INFO cinder.api.openstack.wsgi [None req-67c1e0de-4319-4180-bc53-18ee974e15c5 6d51583999d44ec5b3eb7979a5b92829 ef89413a2bfd4246995c948e2a5babe1 - - default default] GET http://[LB_IP_ADDRESS]:8776/v3/ef89413a2bfd4246995c948e2a5babe1/os-quota-sets/ef89413a2bfd4246995c948e2a5babe1?usage=True
2026-06-03 23:34:00.494 74 INFO cinder.api.openstack.wsgi [None req-67c1e0de-4319-4180-bc53-18ee974e15c5 6d51583999d44ec5b3eb7979a5b92829 ef89413a2bfd4246995c948e2a5babe1 - - default default] http://[LB_IP_ADDRESS]:8776/v3/ef89413a2bfd4246995c948e2a5babe1/os-quota-sets/ef89413a2bfd4246995c948e2a5babe1?usage=True returned with HTTP 200
2026-06-03 23:34:00.517 76 INFO cinder.api.openstack.wsgi [None req-48fc193f-6022-44b1-b6fe-bb09b729eba9 6d51583999d44ec5b3eb7979a5b92829 ef89413a2bfd4246995c948e2a5babe1 - - default default] PUT http://[LB_IP_ADDRESS]:8776/v3/ef89413a2bfd4246995c948e2a5babe1/os-quota-sets/a41b838981d04fba872bb42dd164a435
2026-06-03 23:34:00.693 76 INFO cinder.api.openstack.wsgi [None req-48fc193f-6022-44b1-b6fe-bb09b729eba9 6d51583999d44ec5b3eb7979a5b92829 ef89413a2bfd4246995c948e2a5babe1 - - default default] http://[LB_IP_ADDRESS]:8776/v3/ef89413a2bfd4246995c948e2a5babe1/os-quota-sets/a41b838981d04fba872bb42dd164a435 returned with HTTP 200
2026-06-03 23:34:00.711 73 INFO cinder.api.openstack.wsgi [None req-91feecf0-db2d-4d65-8a5c-87b1d4395939 6d51583999d44ec5b3eb7979a5b92829 ef89413a2bfd4246995c948e2a5babe1 - - default default] PUT http://[LB_IP_ADDRESS]:8776/v3/ef89413a2bfd4246995c948e2a5babe1/os-quota-sets/a41b838981d04fba872bb42dd164a435
2026-06-03 23:34:00.892 73 INFO cinder.api.openstack.wsgi [None req-91feecf0-db2d-4d65-8a5c-87b1d4395939 6d51583999d44ec5b3eb7979a5b92829 ef89413a2bfd4246995c948e2a5babe1 - - default default] http://[LB_IP_ADDRESS]:8776/v3/ef89413a2bfd4246995c948e2a5babe1/os-quota-sets/a41b838981d04fba872bb42dd164a435 returned with HTTP 200
2026-06-03 23:34:01.163 75 INFO cinder.api.openstack.wsgi [None req-1148e7d2-156c-4ef3-887c-f1ecb6667844 d1e0efbcd34d4e04a94128fb510751ce 492f8de49730440981f9d5c472ab25ac - - default default] GET http://[LB_IP_ADDRESS]:8776/v3/492f8de49730440981f9d5c472ab25ac/groups/7f4e29b1-ed17-4d9c-b06f-42139ead9e11
2026-06-03 23:34:01.183 75 INFO cinder.api.openstack.wsgi [None req-1148e7d2-156c-4ef3-887c-f1ecb6667844 d1e0efbcd34d4e04a94128fb510751ce 492f8de49730440981f9d5c472ab25ac - - default default] http://[LB_IP_ADDRESS]:8776/v3/492f8de49730440981f9d5c472ab25ac/groups/7f4e29b1-ed17-4d9c-b06f-42139ead9e11 returned with HTTP 200
2026-06-03 23:34:01.201 72 INFO cinder.api.openstack.wsgi [None req-9f973741-076c-4dcd-a5be-430fd243b720 d1e0efbcd34d4e04a94128fb510751ce 492f8de49730440981f9d5c472ab25ac - - default default] PUT http://[LB_IP_ADDRESS]:8776/v3/492f8de49730440981f9d5c472ab25ac/groups/7f4e29b1-ed17-4d9c-b06f-42139ead9e11
2026-06-03 23:34:01.205 72 INFO cinder.api.v3.groups [None req-9f973741-076c-4dcd-a5be-430fd243b720 d1e0efbcd34d4e04a94128fb510751ce 492f8de49730440981f9d5c472ab25ac - - default default] Updating group 7f4e29b1-ed17-4d9c-b06f-42139ead9e11 with name None description: None add_volumes: 8dbf12c8-1350-41ef-b12c-8881e34c9dd7 remove_volumes: None.
2026-06-03 23:34:01.259 72 INFO cinder.api.openstack.wsgi [None req-9f973741-076c-4dcd-a5be-430fd243b720 d1e0efbcd34d4e04a94128fb510751ce 492f8de49730440981f9d5c472ab25ac - - default default] http://[LB_IP_ADDRESS]:8776/v3/492f8de49730440981f9d5c472ab25ac/groups/7f4e29b1-ed17-4d9c-b06f-42139ead9e11 returned with HTTP 202
2026-06-03 23:34:01.272 74 INFO cinder.api.openstack.wsgi [None req-209b5ef7-768f-41fc-b10b-6479de463ca9 d1e0efbcd34d4e04a94128fb510751ce 492f8de49730440981f9d5c472ab25ac - - default default] GET http://[LB_IP_ADDRESS]:8776/v3/492f8de49730440981f9d5c472ab25ac/groups/7f4e29b1-ed17-4d9c-b06f-42139ead9e11
2026-06-03 23:34:01.294 74 INFO cinder.api.openstack.wsgi [None req-209b5ef7-768f-41fc-b10b-6479de463ca9 d1e0efbcd34d4e04a94128fb510751ce 492f8de49730440981f9d5c472ab25ac - - default default] http://[LB_IP_ADDRESS]:8776/v3/492f8de49730440981f9d5c472ab25ac/groups/7f4e29b1-ed17-4d9c-b06f-42139ead9e11 returned with HTTP 200
2026-06-03 23:34:02.312 76 INFO cinder.api.openstack.wsgi [None req-10d769f1-c0f9-4a2a-9e96-f2b6c8fec6dd d1e0efbcd34d4e04a94128fb510751ce 492f8de49730440981f9d5c472ab25ac - - default default] GET http://[LB_IP_ADDRESS]:8776/v3/492f8de49730440981f9d5c472ab25ac/groups/7f4e29b1-ed17-4d9c-b06f-42139ead9e11
2026-06-03 23:34:02.332 76 INFO cinder.api.openstack.wsgi [None req-10d769f1-c0f9-4a2a-9e96-f2b6c8fec6dd d1e0efbcd34d4e04a94128fb510751ce 492f8de49730440981f9d5c472ab25ac - - default default] http://[LB_IP_ADDRESS]:8776/v3/492f8de49730440981f9d5c472ab25ac/groups/7f4e29b1-ed17-4d9c-b06f-42139ead9e11 returned with HTTP 200
2026-06-03 23:34:02.350 73 INFO cinder.api.openstack.wsgi [None req-cadbcab7-c599-4954-aa80-817ce2a941c9 d1e0efbcd34d4e04a94128fb510751ce 492f8de49730440981f9d5c472ab25ac - - default default] PUT http://[LB_IP_ADDRESS]:8776/v3/492f8de49730440981f9d5c472ab25ac/groups/7f4e29b1-ed17-4d9c-b06f-42139ead9e11
2026-06-03 23:34:02.354 73 INFO cinder.api.v3.groups [None req-cadbcab7-c599-4954-aa80-817ce2a941c9 d1e0efbcd34d4e04a94128fb510751ce 492f8de49730440981f9d5c472ab25ac - - default default] Updating group 7f4e29b1-ed17-4d9c-b06f-42139ead9e11 with name None description: None add_volumes: None remove_volumes: 217df011-6707-4f10-b0a0-7a0f8a6952fa.
2026-06-03 23:34:02.391 73 INFO cinder.api.openstack.wsgi [None req-cadbcab7-c599-4954-aa80-817ce2a941c9 d1e0efbcd34d4e04a94128fb510751ce 492f8de49730440981f9d5c472ab25ac - - default default] http://[LB_IP_ADDRESS]:8776/v3/492f8de49730440981f9d5c472ab25ac/groups/7f4e29b1-ed17-4d9c-b06f-42139ead9e11 returned with HTTP 202
2026-06-03 23:34:02.403 75 INFO cinder.api.openstack.wsgi [None req-6b7f07be-cbad-4e6b-b7f5-42784153afa9 d1e0efbcd34d4e04a94128fb510751ce 492f8de49730440981f9d5c472ab25ac - - default default] GET http://[LB_IP_ADDRESS]:8776/v3/492f8de49730440981f9d5c472ab25ac/groups/7f4e29b1-ed17-4d9c-b06f-42139ead9e11
2026-06-03 23:34:02.423 75 INFO cinder.api.openstack.wsgi [None req-6b7f07be-cbad-4e6b-b7f5-42784153afa9 d1e0efbcd34d4e04a94128fb510751ce 492f8de49730440981f9d5c472ab25ac - - default default] http://[LB_IP_ADDRESS]:8776/v3/492f8de49730440981f9d5c472ab25ac/groups/7f4e29b1-ed17-4d9c-b06f-42139ead9e11 returned with HTTP 200
2026-06-03 23:34:03.440 72 INFO cinder.api.openstack.wsgi [None req-b7c471ea-5967-43c5-bd8c-30b6ff34fd17 d1e0efbcd34d4e04a94128fb510751ce 492f8de49730440981f9d5c472ab25ac - - default default] GET http://[LB_IP_ADDRESS]:8776/v3/492f8de49730440981f9d5c472ab25ac/groups/7f4e29b1-ed17-4d9c-b06f-42139ead9e11
2026-06-03 23:34:03.460 72 INFO cinder.api.openstack.wsgi [None req-b7c471ea-5967-43c5-bd8c-30b6ff34fd17 d1e0efbcd34d4e04a94128fb510751ce 492f8de49730440981f9d5c472ab25ac - - default default] http://[LB_IP_ADDRESS]:8776/v3/492f8de49730440981f9d5c472ab25ac/groups/7f4e29b1-ed17-4d9c-b06f-42139ead9e11 returned with HTTP 200
2026-06-03 23:34:03.477 74 INFO cinder.api.openstack.wsgi [None req-8c27854c-adb2-4ffa-a23d-10d90c8642e5 d1e0efbcd34d4e04a94128fb510751ce 492f8de49730440981f9d5c472ab25ac - - default default] PUT http://[LB_IP_ADDRESS]:8776/v3/492f8de49730440981f9d5c472ab25ac/groups/7f4e29b1-ed17-4d9c-b06f-42139ead9e11
2026-06-03 23:34:03.481 74 INFO cinder.api.v3.groups [None req-8c27854c-adb2-4ffa-a23d-10d90c8642e5 d1e0efbcd34d4e04a94128fb510751ce 492f8de49730440981f9d5c472ab25ac - - default default] Updating group 7f4e29b1-ed17-4d9c-b06f-42139ead9e11 with name None description: None add_volumes: 217df011-6707-4f10-b0a0-7a0f8a6952fa remove_volumes: None.
2026-06-03 23:34:03.534 74 INFO cinder.api.openstack.wsgi [None req-8c27854c-adb2-4ffa-a23d-10d90c8642e5 d1e0efbcd34d4e04a94128fb510751ce 492f8de49730440981f9d5c472ab25ac - - default default] http://[LB_IP_ADDRESS]:8776/v3/492f8de49730440981f9d5c472ab25ac/groups/7f4e29b1-ed17-4d9c-b06f-42139ead9e11 returned with HTTP 202
2026-06-03 23:34:03.546 76 INFO cinder.api.openstack.wsgi [None req-06cbf3a9-7fbc-4f81-b15b-615fb1890911 d1e0efbcd34d4e04a94128fb510751ce 492f8de49730440981f9d5c472ab25ac - - default default] GET http://[LB_IP_ADDRESS]:8776/v3/492f8de49730440981f9d5c472ab25ac/groups/7f4e29b1-ed17-4d9c-b06f-42139ead9e11
2026-06-03 23:34:03.567 76 INFO cinder.api.openstack.wsgi [None req-06cbf3a9-7fbc-4f81-b15b-615fb1890911 d1e0efbcd34d4e04a94128fb510751ce 492f8de49730440981f9d5c472ab25ac - - default default] http://[LB_IP_ADDRESS]:8776/v3/492f8de49730440981f9d5c472ab25ac/groups/7f4e29b1-ed17-4d9c-b06f-42139ead9e11 returned with HTTP 200
2026-06-03 23:34:04.583 73 INFO cinder.api.openstack.wsgi [None req-6bbbf5f0-9987-4fda-833a-1d9227344e02 d1e0efbcd34d4e04a94128fb510751ce 492f8de49730440981f9d5c472ab25ac - - default default] GET http://[LB_IP_ADDRESS]:8776/v3/492f8de49730440981f9d5c472ab25ac/groups/7f4e29b1-ed17-4d9c-b06f-42139ead9e11
2026-06-03 23:34:04.604 73 INFO cinder.api.openstack.wsgi [None req-6bbbf5f0-9987-4fda-833a-1d9227344e02 d1e0efbcd34d4e04a94128fb510751ce 492f8de49730440981f9d5c472ab25ac - - default default] http://[LB_IP_ADDRESS]:8776/v3/492f8de49730440981f9d5c472ab25ac/groups/7f4e29b1-ed17-4d9c-b06f-42139ead9e11 returned with HTTP 200
2026-06-03 23:34:04.620 75 INFO cinder.api.openstack.wsgi [None req-771142aa-3d6b-4b74-a400-0489c91fb8de d1e0efbcd34d4e04a94128fb510751ce 492f8de49730440981f9d5c472ab25ac - - default default] GET http://[LB_IP_ADDRESS]:8776/v3/492f8de49730440981f9d5c472ab25ac/volumes/detail
2026-06-03 23:34:04.636 75 INFO cinder.volume.api [None req-771142aa-3d6b-4b74-a400-0489c91fb8de d1e0efbcd34d4e04a94128fb510751ce 492f8de49730440981f9d5c472ab25ac - - default default] Get all volumes completed successfully.
2026-06-03 23:34:04.680 75 INFO cinder.api.openstack.wsgi [None req-771142aa-3d6b-4b74-a400-0489c91fb8de d1e0efbcd34d4e04a94128fb510751ce 492f8de49730440981f9d5c472ab25ac - - default default] http://[LB_IP_ADDRESS]:8776/v3/492f8de49730440981f9d5c472ab25ac/volumes/detail returned with HTTP 200
2026-06-03 23:34:04.703 72 INFO cinder.api.openstack.wsgi [None req-308701ff-7648-43c6-b085-b36477b9d5ae d1e0efbcd34d4e04a94128fb510751ce 492f8de49730440981f9d5c472ab25ac - - default default] POST http://[LB_IP_ADDRESS]:8776/v3/492f8de49730440981f9d5c472ab25ac/group_snapshots
2026-06-03 23:34:04.719 72 INFO cinder.api.v3.group_snapshots [None req-308701ff-7648-43c6-b085-b36477b9d5ae d1e0efbcd34d4e04a94128fb510751ce 492f8de49730440981f9d5c472ab25ac - - default default] Creating group_snapshot tempest-GroupSnapshotsTest-Group_Snapshot-890365540.
2026-06-03 23:34:04.791 72 WARNING cinder.quota [None req-308701ff-7648-43c6-b085-b36477b9d5ae d1e0efbcd34d4e04a94128fb510751ce 492f8de49730440981f9d5c472ab25ac - - default default] Deprecated: Default quota for resource: gigabytes_tempest-GroupSnapshotsTest-volume-type-1019076121 is set by the default quota flag: quota_gigabytes_tempest-GroupSnapshotsTest-volume-type-1019076121, it is now deprecated. Please use the default quota class for default quota.
2026-06-03 23:34:04.792 72 WARNING cinder.quota [None req-308701ff-7648-43c6-b085-b36477b9d5ae d1e0efbcd34d4e04a94128fb510751ce 492f8de49730440981f9d5c472ab25ac - - default default] Deprecated: Default quota for resource: snapshots_tempest-GroupSnapshotsTest-volume-type-1019076121 is set by the default quota flag: quota_snapshots_tempest-GroupSnapshotsTest-volume-type-1019076121, it is now deprecated. Please use the default quota class for default quota.
2026-06-03 23:34:04.876 72 INFO cinder.api.openstack.wsgi [None req-308701ff-7648-43c6-b085-b36477b9d5ae d1e0efbcd34d4e04a94128fb510751ce 492f8de49730440981f9d5c472ab25ac - - default default] http://[LB_IP_ADDRESS]:8776/v3/492f8de49730440981f9d5c472ab25ac/group_snapshots returned with HTTP 202
2026-06-03 23:34:04.891 74 INFO cinder.api.openstack.wsgi [None req-70af1f8a-980f-4400-8202-b903de51d756 d1e0efbcd34d4e04a94128fb510751ce 492f8de49730440981f9d5c472ab25ac - - default default] GET http://[LB_IP_ADDRESS]:8776/v3/492f8de49730440981f9d5c472ab25ac/group_snapshots/77e06875-85a1-49af-921b-7582ab646859
2026-06-03 23:34:04.903 74 INFO cinder.api.openstack.wsgi [None req-70af1f8a-980f-4400-8202-b903de51d756 d1e0efbcd34d4e04a94128fb510751ce 492f8de49730440981f9d5c472ab25ac - - default default] http://[LB_IP_ADDRESS]:8776/v3/492f8de49730440981f9d5c472ab25ac/group_snapshots/77e06875-85a1-49af-921b-7582ab646859 returned with HTTP 200
2026-06-03 23:34:05.772 76 INFO cinder.api.openstack.wsgi [None req-c10e243d-faea-4b64-bc14-ec118f6e3fe3 57acf8c849104dfaaff94837c2049502 275a6c2a0361464883cc262b88aa77ea - - default default] POST http://[LB_IP_ADDRESS]:8776/v3/275a6c2a0361464883cc262b88aa77ea/volumes
2026-06-03 23:34:05.776 76 INFO cinder.api.v3.volumes [None req-c10e243d-faea-4b64-bc14-ec118f6e3fe3 57acf8c849104dfaaff94837c2049502 275a6c2a0361464883cc262b88aa77ea - - default default] Create volume of 1 GB
2026-06-03 23:34:05.786 76 INFO cinder.volume.api [None req-c10e243d-faea-4b64-bc14-ec118f6e3fe3 57acf8c849104dfaaff94837c2049502 275a6c2a0361464883cc262b88aa77ea - - default default] Availability Zones retrieved successfully.
2026-06-03 23:34:05.919 73 INFO cinder.api.openstack.wsgi [None req-623c4349-df1d-4572-b544-9429cf808f41 d1e0efbcd34d4e04a94128fb510751ce 492f8de49730440981f9d5c472ab25ac - - default default] GET http://[LB_IP_ADDRESS]:8776/v3/492f8de49730440981f9d5c472ab25ac/group_snapshots/77e06875-85a1-49af-921b-7582ab646859
2026-06-03 23:34:05.932 73 INFO cinder.api.openstack.wsgi [None req-623c4349-df1d-4572-b544-9429cf808f41 d1e0efbcd34d4e04a94128fb510751ce 492f8de49730440981f9d5c472ab25ac - - default default] http://[LB_IP_ADDRESS]:8776/v3/492f8de49730440981f9d5c472ab25ac/group_snapshots/77e06875-85a1-49af-921b-7582ab646859 returned with HTTP 200
2026-06-03 23:34:06.109 76 INFO cinder.volume.api [None req-c10e243d-faea-4b64-bc14-ec118f6e3fe3 57acf8c849104dfaaff94837c2049502 275a6c2a0361464883cc262b88aa77ea - - default default] Create volume request issued successfully.
2026-06-03 23:34:06.110 76 INFO cinder.api.openstack.wsgi [None req-c10e243d-faea-4b64-bc14-ec118f6e3fe3 57acf8c849104dfaaff94837c2049502 275a6c2a0361464883cc262b88aa77ea - - default default] http://[LB_IP_ADDRESS]:8776/v3/275a6c2a0361464883cc262b88aa77ea/volumes returned with HTTP 202
2026-06-03 23:34:06.131 75 INFO cinder.api.openstack.wsgi [None req-ef0d3c03-a85e-4f18-b092-fb5a5748de63 57acf8c849104dfaaff94837c2049502 275a6c2a0361464883cc262b88aa77ea - - default default] GET http://[LB_IP_ADDRESS]:8776/v3/275a6c2a0361464883cc262b88aa77ea/volumes/ba6bcf46-4781-4866-8930-40a8e0fe92bc
2026-06-03 23:34:06.152 75 INFO cinder.volume.api [None req-ef0d3c03-a85e-4f18-b092-fb5a5748de63 57acf8c849104dfaaff94837c2049502 275a6c2a0361464883cc262b88aa77ea - - default default] Volume info retrieved successfully.
2026-06-03 23:34:06.162 75 INFO cinder.api.openstack.wsgi [None req-ef0d3c03-a85e-4f18-b092-fb5a5748de63 57acf8c849104dfaaff94837c2049502 275a6c2a0361464883cc262b88aa77ea - - default default] http://[LB_IP_ADDRESS]:8776/v3/275a6c2a0361464883cc262b88aa77ea/volumes/ba6bcf46-4781-4866-8930-40a8e0fe92bc returned with HTTP 200
2026-06-03 23:34:06.949 72 INFO cinder.api.openstack.wsgi [None req-a9593e79-3f7b-4904-ad69-f6d8a34a6c5c d1e0efbcd34d4e04a94128fb510751ce 492f8de49730440981f9d5c472ab25ac - - default default] GET http://[LB_IP_ADDRESS]:8776/v3/492f8de49730440981f9d5c472ab25ac/group_snapshots/77e06875-85a1-49af-921b-7582ab646859
2026-06-03 23:34:06.961 72 INFO cinder.api.openstack.wsgi [None req-a9593e79-3f7b-4904-ad69-f6d8a34a6c5c d1e0efbcd34d4e04a94128fb510751ce 492f8de49730440981f9d5c472ab25ac - - default default] http://[LB_IP_ADDRESS]:8776/v3/492f8de49730440981f9d5c472ab25ac/group_snapshots/77e06875-85a1-49af-921b-7582ab646859 returned with HTTP 200
2026-06-03 23:34:07.183 73 INFO cinder.api.openstack.wsgi [None req-30c45de5-29a6-4b62-9453-0ebd59838eaa 57acf8c849104dfaaff94837c2049502 275a6c2a0361464883cc262b88aa77ea - - default default] GET http://[LB_IP_ADDRESS]:8776/v3/275a6c2a0361464883cc262b88aa77ea/volumes/ba6bcf46-4781-4866-8930-40a8e0fe92bc
2026-06-03 23:34:07.206 73 INFO cinder.volume.api [None req-30c45de5-29a6-4b62-9453-0ebd59838eaa 57acf8c849104dfaaff94837c2049502 275a6c2a0361464883cc262b88aa77ea - - default default] Volume info retrieved successfully.
2026-06-03 23:34:07.216 73 INFO cinder.api.openstack.wsgi [None req-30c45de5-29a6-4b62-9453-0ebd59838eaa 57acf8c849104dfaaff94837c2049502 275a6c2a0361464883cc262b88aa77ea - - default default] http://[LB_IP_ADDRESS]:8776/v3/275a6c2a0361464883cc262b88aa77ea/volumes/ba6bcf46-4781-4866-8930-40a8e0fe92bc returned with HTTP 200
2026-06-03 23:34:07.239 76 INFO cinder.api.openstack.wsgi [None req-c1440196-69b4-4fbb-9d23-94dcf55b6dbf 57acf8c849104dfaaff94837c2049502 275a6c2a0361464883cc262b88aa77ea - - default default] POST http://[LB_IP_ADDRESS]:8776/v3/275a6c2a0361464883cc262b88aa77ea/snapshots
2026-06-03 23:34:07.260 76 INFO cinder.volume.api [None req-c1440196-69b4-4fbb-9d23-94dcf55b6dbf 57acf8c849104dfaaff94837c2049502 275a6c2a0361464883cc262b88aa77ea - - default default] Volume info retrieved successfully.
2026-06-03 23:34:07.260 76 INFO cinder.api.v3.snapshots [None req-c1440196-69b4-4fbb-9d23-94dcf55b6dbf 57acf8c849104dfaaff94837c2049502 275a6c2a0361464883cc262b88aa77ea - - default default] Create snapshot from volume ba6bcf46-4781-4866-8930-40a8e0fe92bc
2026-06-03 23:34:07.296 74 INFO cinder.api.openstack.wsgi [None req-b700fa9e-70f2-4b3f-8ec8-6b8ef0608526 c28aea25008f4c24a4dbf63623c39703 e05143aa4b294b83a9ae35afc944edfc - - default default] GET http://[LB_IP_ADDRESS]:8776/v3/e05143aa4b294b83a9ae35afc944edfc/os-quota-sets/f103367c617b443a9fa91ea6f3f03378
2026-06-03 23:34:07.357 74 INFO cinder.api.openstack.wsgi [None req-b700fa9e-70f2-4b3f-8ec8-6b8ef0608526 c28aea25008f4c24a4dbf63623c39703 e05143aa4b294b83a9ae35afc944edfc - - default default] http://[LB_IP_ADDRESS]:8776/v3/e05143aa4b294b83a9ae35afc944edfc/os-quota-sets/f103367c617b443a9fa91ea6f3f03378 returned with HTTP 200
2026-06-03 23:34:07.374 75 INFO cinder.api.openstack.wsgi [None req-7683d039-f27e-41dc-ad34-9da998da3a1c c28aea25008f4c24a4dbf63623c39703 e05143aa4b294b83a9ae35afc944edfc - - default default] PUT http://[LB_IP_ADDRESS]:8776/v3/e05143aa4b294b83a9ae35afc944edfc/os-quota-sets/f103367c617b443a9fa91ea6f3f03378
2026-06-03 23:34:07.388 76 INFO cinder.volume.api [None req-c1440196-69b4-4fbb-9d23-94dcf55b6dbf 57acf8c849104dfaaff94837c2049502 275a6c2a0361464883cc262b88aa77ea - - default default] Snapshot create request issued successfully.
2026-06-03 23:34:07.389 76 INFO cinder.api.openstack.wsgi [None req-c1440196-69b4-4fbb-9d23-94dcf55b6dbf 57acf8c849104dfaaff94837c2049502 275a6c2a0361464883cc262b88aa77ea - - default default] http://[LB_IP_ADDRESS]:8776/v3/275a6c2a0361464883cc262b88aa77ea/snapshots returned with HTTP 202
2026-06-03 23:34:07.405 72 INFO cinder.api.openstack.wsgi [None req-c5a2ac63-d9df-46a5-9323-b9a71a752d30 57acf8c849104dfaaff94837c2049502 275a6c2a0361464883cc262b88aa77ea - - default default] GET http://[LB_IP_ADDRESS]:8776/v3/275a6c2a0361464883cc262b88aa77ea/snapshots/f3370256-19eb-4bc1-801d-f58c4bedd5bf
2026-06-03 23:34:07.416 72 INFO cinder.volume.api [None req-c5a2ac63-d9df-46a5-9323-b9a71a752d30 57acf8c849104dfaaff94837c2049502 275a6c2a0361464883cc262b88aa77ea - - default default] Snapshot retrieved successfully.
2026-06-03 23:34:07.418 72 INFO cinder.api.openstack.wsgi [None req-c5a2ac63-d9df-46a5-9323-b9a71a752d30 57acf8c849104dfaaff94837c2049502 275a6c2a0361464883cc262b88aa77ea - - default default] http://[LB_IP_ADDRESS]:8776/v3/275a6c2a0361464883cc262b88aa77ea/snapshots/f3370256-19eb-4bc1-801d-f58c4bedd5bf returned with HTTP 200
2026-06-03 23:34:07.484 75 WARNING cinder.quota [None req-7683d039-f27e-41dc-ad34-9da998da3a1c c28aea25008f4c24a4dbf63623c39703 e05143aa4b294b83a9ae35afc944edfc - - default default] Deprecated: Default quota for resource: snapshots_tempest-GroupSnapshotsTest-volume-type-1019076121 is set by the default quota flag: quota_snapshots_tempest-GroupSnapshotsTest-volume-type-1019076121, it is now deprecated. Please use the default quota class for default quota.
2026-06-03 23:34:07.512 75 INFO cinder.api.openstack.wsgi [None req-7683d039-f27e-41dc-ad34-9da998da3a1c c28aea25008f4c24a4dbf63623c39703 e05143aa4b294b83a9ae35afc944edfc - - default default] http://[LB_IP_ADDRESS]:8776/v3/e05143aa4b294b83a9ae35afc944edfc/os-quota-sets/f103367c617b443a9fa91ea6f3f03378 returned with HTTP 200
2026-06-03 23:34:07.673 73 INFO cinder.api.openstack.wsgi [None req-a2b12846-6f1c-4268-89e6-d1637e7b8ac4 c2b64a7e85f84fe3aba4713e3ce979ff f103367c617b443a9fa91ea6f3f03378 - - default default] POST http://[LB_IP_ADDRESS]:8776/v3/f103367c617b443a9fa91ea6f3f03378/volumes
2026-06-03 23:34:07.678 73 INFO cinder.api.v3.volumes [None req-a2b12846-6f1c-4268-89e6-d1637e7b8ac4 c2b64a7e85f84fe3aba4713e3ce979ff f103367c617b443a9fa91ea6f3f03378 - - default default] Create volume of 1 GB
