2025-06-29 11:43:11.434 25 INFO cinder.api.openstack.wsgi [None req-94b27485-5390-4c66-987a-fb8a9fd3fe94 648bcad7ada04f7f9f48b5b09d66a84b 959f71c76efa4f41aefa0dd0cbd713b5 - - default default] DELETE http://[LB_IP_ADDRESS]:8776/v3/959f71c76efa4f41aefa0dd0cbd713b5/types/1417dea6-082b-4107-8fd2-5c50f50504b3
2025-06-29 11:43:11.463 25 INFO cinder.api.openstack.wsgi [None req-94b27485-5390-4c66-987a-fb8a9fd3fe94 648bcad7ada04f7f9f48b5b09d66a84b 959f71c76efa4f41aefa0dd0cbd713b5 - - default default] http://[LB_IP_ADDRESS]:8776/v3/959f71c76efa4f41aefa0dd0cbd713b5/types/1417dea6-082b-4107-8fd2-5c50f50504b3 returned with HTTP 202
2025-06-29 11:43:11.471 22 INFO cinder.api.openstack.wsgi [None req-c30bfa5b-4539-44c0-8cb7-8043fd659e41 648bcad7ada04f7f9f48b5b09d66a84b 959f71c76efa4f41aefa0dd0cbd713b5 - - default default] GET http://[LB_IP_ADDRESS]:8776/v3/959f71c76efa4f41aefa0dd0cbd713b5/types/1417dea6-082b-4107-8fd2-5c50f50504b3
2025-06-29 11:43:11.476 22 INFO cinder.api.openstack.wsgi [None req-c30bfa5b-4539-44c0-8cb7-8043fd659e41 648bcad7ada04f7f9f48b5b09d66a84b 959f71c76efa4f41aefa0dd0cbd713b5 - - default default] http://[LB_IP_ADDRESS]:8776/v3/959f71c76efa4f41aefa0dd0cbd713b5/types/1417dea6-082b-4107-8fd2-5c50f50504b3 returned with HTTP 404
2025-06-29 11:43:12.375 21 INFO cinder.api.openstack.wsgi [None req-70783ec7-dc2b-4f3e-b325-53ed53a34418 b0eaaa44da324fa5bbb0685ab03578b8 e602639580d44cbeb2391a18b00f9fba - - default default] GET http://[LB_IP_ADDRESS]:8776/v3/e602639580d44cbeb2391a18b00f9fba/volumes/277e20c5-ada9-4f26-9f7c-84096947e7ae
2025-06-29 11:43:12.393 21 INFO cinder.volume.api [None req-70783ec7-dc2b-4f3e-b325-53ed53a34418 b0eaaa44da324fa5bbb0685ab03578b8 e602639580d44cbeb2391a18b00f9fba - - default default] Volume info retrieved successfully.
2025-06-29 11:43:12.397 21 INFO cinder.api.openstack.wsgi [None req-70783ec7-dc2b-4f3e-b325-53ed53a34418 b0eaaa44da324fa5bbb0685ab03578b8 e602639580d44cbeb2391a18b00f9fba - - default default] http://[LB_IP_ADDRESS]:8776/v3/e602639580d44cbeb2391a18b00f9fba/volumes/277e20c5-ada9-4f26-9f7c-84096947e7ae returned with HTTP 200
2025-06-29 11:43:13.428 23 INFO cinder.api.openstack.wsgi [None req-ef38c6a4-ee75-4d17-b75d-07e415b04627 b0eaaa44da324fa5bbb0685ab03578b8 e602639580d44cbeb2391a18b00f9fba - - default default] GET http://[LB_IP_ADDRESS]:8776/v3/e602639580d44cbeb2391a18b00f9fba/volumes/277e20c5-ada9-4f26-9f7c-84096947e7ae
2025-06-29 11:43:13.448 23 INFO cinder.volume.api [None req-ef38c6a4-ee75-4d17-b75d-07e415b04627 b0eaaa44da324fa5bbb0685ab03578b8 e602639580d44cbeb2391a18b00f9fba - - default default] Volume info retrieved successfully.
2025-06-29 11:43:13.453 23 INFO cinder.api.openstack.wsgi [None req-ef38c6a4-ee75-4d17-b75d-07e415b04627 b0eaaa44da324fa5bbb0685ab03578b8 e602639580d44cbeb2391a18b00f9fba - - default default] http://[LB_IP_ADDRESS]:8776/v3/e602639580d44cbeb2391a18b00f9fba/volumes/277e20c5-ada9-4f26-9f7c-84096947e7ae returned with HTTP 200
2025-06-29 11:43:13.487 24 INFO cinder.api.openstack.wsgi [None req-45d1c718-f3a9-47f3-b83e-36652970ac67 aaeaaf45271d4a85aca73c36f457d14b 1851af598c0f48bcaf24c0263932bf63 - - default default] GET http://[LB_IP_ADDRESS]:8776/v3/1851af598c0f48bcaf24c0263932bf63/os-quota-sets/e602639580d44cbeb2391a18b00f9fba?usage=True
2025-06-29 11:43:13.508 24 INFO cinder.api.openstack.wsgi [None req-45d1c718-f3a9-47f3-b83e-36652970ac67 aaeaaf45271d4a85aca73c36f457d14b 1851af598c0f48bcaf24c0263932bf63 - - default default] http://[LB_IP_ADDRESS]:8776/v3/1851af598c0f48bcaf24c0263932bf63/os-quota-sets/e602639580d44cbeb2391a18b00f9fba?usage=True returned with HTTP 200
2025-06-29 11:43:13.530 25 INFO cinder.api.openstack.wsgi [None req-9b4e0c7c-8ebe-4b2a-af62-078707a96dcc b0eaaa44da324fa5bbb0685ab03578b8 e602639580d44cbeb2391a18b00f9fba - - default default] DELETE http://[LB_IP_ADDRESS]:8776/v3/e602639580d44cbeb2391a18b00f9fba/volumes/277e20c5-ada9-4f26-9f7c-84096947e7ae
2025-06-29 11:43:13.531 25 INFO cinder.api.v3.volumes [None req-9b4e0c7c-8ebe-4b2a-af62-078707a96dcc b0eaaa44da324fa5bbb0685ab03578b8 e602639580d44cbeb2391a18b00f9fba - - default default] Delete volume with id: 277e20c5-ada9-4f26-9f7c-84096947e7ae 
2025-06-29 11:43:13.541 25 INFO cinder.volume.api [None req-9b4e0c7c-8ebe-4b2a-af62-078707a96dcc b0eaaa44da324fa5bbb0685ab03578b8 e602639580d44cbeb2391a18b00f9fba - - default default] Volume info retrieved successfully.
2025-06-29 11:43:13.559 25 INFO cinder.volume.api [None req-9b4e0c7c-8ebe-4b2a-af62-078707a96dcc b0eaaa44da324fa5bbb0685ab03578b8 e602639580d44cbeb2391a18b00f9fba - - default default] Delete volume request issued successfully.
2025-06-29 11:43:13.559 25 INFO cinder.api.openstack.wsgi [None req-9b4e0c7c-8ebe-4b2a-af62-078707a96dcc b0eaaa44da324fa5bbb0685ab03578b8 e602639580d44cbeb2391a18b00f9fba - - default default] http://[LB_IP_ADDRESS]:8776/v3/e602639580d44cbeb2391a18b00f9fba/volumes/277e20c5-ada9-4f26-9f7c-84096947e7ae returned with HTTP 202
2025-06-29 11:43:13.571 22 INFO cinder.api.openstack.wsgi [None req-adde40a4-d310-447f-a716-f43a020e5a04 b0eaaa44da324fa5bbb0685ab03578b8 e602639580d44cbeb2391a18b00f9fba - - default default] GET http://[LB_IP_ADDRESS]:8776/v3/e602639580d44cbeb2391a18b00f9fba/volumes/277e20c5-ada9-4f26-9f7c-84096947e7ae
2025-06-29 11:43:13.591 22 INFO cinder.volume.api [None req-adde40a4-d310-447f-a716-f43a020e5a04 b0eaaa44da324fa5bbb0685ab03578b8 e602639580d44cbeb2391a18b00f9fba - - default default] Volume info retrieved successfully.
2025-06-29 11:43:13.596 22 INFO cinder.api.openstack.wsgi [None req-adde40a4-d310-447f-a716-f43a020e5a04 b0eaaa44da324fa5bbb0685ab03578b8 e602639580d44cbeb2391a18b00f9fba - - default default] http://[LB_IP_ADDRESS]:8776/v3/e602639580d44cbeb2391a18b00f9fba/volumes/277e20c5-ada9-4f26-9f7c-84096947e7ae returned with HTTP 200
2025-06-29 11:43:14.626 21 INFO cinder.api.openstack.wsgi [None req-3ef22012-e6e0-4292-862e-f69fcbc16257 b0eaaa44da324fa5bbb0685ab03578b8 e602639580d44cbeb2391a18b00f9fba - - default default] GET http://[LB_IP_ADDRESS]:8776/v3/e602639580d44cbeb2391a18b00f9fba/volumes/277e20c5-ada9-4f26-9f7c-84096947e7ae
2025-06-29 11:43:14.637 21 INFO cinder.api.openstack.wsgi [None req-3ef22012-e6e0-4292-862e-f69fcbc16257 b0eaaa44da324fa5bbb0685ab03578b8 e602639580d44cbeb2391a18b00f9fba - - default default] http://[LB_IP_ADDRESS]:8776/v3/e602639580d44cbeb2391a18b00f9fba/volumes/277e20c5-ada9-4f26-9f7c-84096947e7ae returned with HTTP 404
2025-06-29 11:43:14.650 23 INFO cinder.api.openstack.wsgi [None req-8923b751-e9f5-4b7a-8986-0964070f2124 b0eaaa44da324fa5bbb0685ab03578b8 e602639580d44cbeb2391a18b00f9fba - - default default] GET http://[LB_IP_ADDRESS]:8776/v3/e602639580d44cbeb2391a18b00f9fba/volumes/277e20c5-ada9-4f26-9f7c-84096947e7ae
2025-06-29 11:43:14.668 23 INFO cinder.api.openstack.wsgi [None req-8923b751-e9f5-4b7a-8986-0964070f2124 b0eaaa44da324fa5bbb0685ab03578b8 e602639580d44cbeb2391a18b00f9fba - - default default] http://[LB_IP_ADDRESS]:8776/v3/e602639580d44cbeb2391a18b00f9fba/volumes/277e20c5-ada9-4f26-9f7c-84096947e7ae returned with HTTP 404
2025-06-29 11:43:14.683 24 INFO cinder.api.openstack.wsgi [None req-a6562440-db9f-4eef-bc06-36d1222bbec7 b0eaaa44da324fa5bbb0685ab03578b8 e602639580d44cbeb2391a18b00f9fba - - default default] DELETE http://[LB_IP_ADDRESS]:8776/v3/e602639580d44cbeb2391a18b00f9fba/volumes/277e20c5-ada9-4f26-9f7c-84096947e7ae
2025-06-29 11:43:14.684 24 INFO cinder.api.v3.volumes [None req-a6562440-db9f-4eef-bc06-36d1222bbec7 b0eaaa44da324fa5bbb0685ab03578b8 e602639580d44cbeb2391a18b00f9fba - - default default] Delete volume with id: 277e20c5-ada9-4f26-9f7c-84096947e7ae 
2025-06-29 11:43:14.696 24 INFO cinder.api.openstack.wsgi [None req-a6562440-db9f-4eef-bc06-36d1222bbec7 b0eaaa44da324fa5bbb0685ab03578b8 e602639580d44cbeb2391a18b00f9fba - - default default] http://[LB_IP_ADDRESS]:8776/v3/e602639580d44cbeb2391a18b00f9fba/volumes/277e20c5-ada9-4f26-9f7c-84096947e7ae returned with HTTP 404
2025-06-29 11:43:14.711 25 INFO cinder.api.openstack.wsgi [None req-7e85511e-780f-4db7-a992-d5ef4aae810b b0eaaa44da324fa5bbb0685ab03578b8 e602639580d44cbeb2391a18b00f9fba - - default default] POST http://[LB_IP_ADDRESS]:8776/v3/e602639580d44cbeb2391a18b00f9fba/volumes
2025-06-29 11:43:14.716 25 INFO cinder.api.v3.volumes [None req-7e85511e-780f-4db7-a992-d5ef4aae810b b0eaaa44da324fa5bbb0685ab03578b8 e602639580d44cbeb2391a18b00f9fba - - default default] Create volume of 1 GB
2025-06-29 11:43:14.722 25 INFO cinder.volume.api [None req-7e85511e-780f-4db7-a992-d5ef4aae810b b0eaaa44da324fa5bbb0685ab03578b8 e602639580d44cbeb2391a18b00f9fba - - default default] Availability Zones retrieved successfully.
2025-06-29 11:43:14.820 25 INFO cinder.volume.api [None req-7e85511e-780f-4db7-a992-d5ef4aae810b b0eaaa44da324fa5bbb0685ab03578b8 e602639580d44cbeb2391a18b00f9fba - - default default] Create volume request issued successfully.
2025-06-29 11:43:14.821 25 INFO cinder.api.openstack.wsgi [None req-7e85511e-780f-4db7-a992-d5ef4aae810b b0eaaa44da324fa5bbb0685ab03578b8 e602639580d44cbeb2391a18b00f9fba - - default default] http://[LB_IP_ADDRESS]:8776/v3/e602639580d44cbeb2391a18b00f9fba/volumes returned with HTTP 202
2025-06-29 11:43:14.847 22 INFO cinder.api.openstack.wsgi [None req-a604e542-e44a-41ad-a602-fbae6f443bc2 b0eaaa44da324fa5bbb0685ab03578b8 e602639580d44cbeb2391a18b00f9fba - - default default] GET http://[LB_IP_ADDRESS]:8776/v3/e602639580d44cbeb2391a18b00f9fba/volumes/5ce2620b-77d7-481d-b7d0-e49fca1605bf
2025-06-29 11:43:14.862 22 INFO cinder.volume.api [None req-a604e542-e44a-41ad-a602-fbae6f443bc2 b0eaaa44da324fa5bbb0685ab03578b8 e602639580d44cbeb2391a18b00f9fba - - default default] Volume info retrieved successfully.
2025-06-29 11:43:14.866 22 INFO cinder.api.openstack.wsgi [None req-a604e542-e44a-41ad-a602-fbae6f443bc2 b0eaaa44da324fa5bbb0685ab03578b8 e602639580d44cbeb2391a18b00f9fba - - default default] http://[LB_IP_ADDRESS]:8776/v3/e602639580d44cbeb2391a18b00f9fba/volumes/5ce2620b-77d7-481d-b7d0-e49fca1605bf returned with HTTP 200
2025-06-29 11:43:15.110 21 INFO cinder.api.openstack.wsgi [None req-f76d5a3f-d4e3-4d8f-88b4-ed96edc80ffd f4eddb3370704fba94aa5ace2e061734 7dfa7cf8c55349f5a9926f551459ddc3 - - default default] POST http://[LB_IP_ADDRESS]:8776/v3/7dfa7cf8c55349f5a9926f551459ddc3/group_types
2025-06-29 11:43:15.131 21 INFO cinder.api.openstack.wsgi [None req-f76d5a3f-d4e3-4d8f-88b4-ed96edc80ffd f4eddb3370704fba94aa5ace2e061734 7dfa7cf8c55349f5a9926f551459ddc3 - - default default] http://[LB_IP_ADDRESS]:8776/v3/7dfa7cf8c55349f5a9926f551459ddc3/group_types returned with HTTP 202
2025-06-29 11:43:15.147 23 INFO cinder.api.openstack.wsgi [None req-37e888bb-ac83-4aaa-ae3b-d3baf408e416 f4eddb3370704fba94aa5ace2e061734 7dfa7cf8c55349f5a9926f551459ddc3 - - default default] POST http://[LB_IP_ADDRESS]:8776/v3/7dfa7cf8c55349f5a9926f551459ddc3/group_types/3992993c-f84a-4371-a2ae-c9e6e012f9ad/group_specs
2025-06-29 11:43:15.165 23 INFO cinder.api.openstack.wsgi [None req-37e888bb-ac83-4aaa-ae3b-d3baf408e416 f4eddb3370704fba94aa5ace2e061734 7dfa7cf8c55349f5a9926f551459ddc3 - - default default] http://[LB_IP_ADDRESS]:8776/v3/7dfa7cf8c55349f5a9926f551459ddc3/group_types/3992993c-f84a-4371-a2ae-c9e6e012f9ad/group_specs returned with HTTP 202
2025-06-29 11:43:15.180 24 INFO cinder.api.openstack.wsgi [None req-294d3539-8555-4674-9a1b-7ab727ec1b4d f4eddb3370704fba94aa5ace2e061734 7dfa7cf8c55349f5a9926f551459ddc3 - - default default] POST http://[LB_IP_ADDRESS]:8776/v3/7dfa7cf8c55349f5a9926f551459ddc3/group_types/3992993c-f84a-4371-a2ae-c9e6e012f9ad/group_specs
2025-06-29 11:43:15.200 24 INFO cinder.api.openstack.wsgi [None req-294d3539-8555-4674-9a1b-7ab727ec1b4d f4eddb3370704fba94aa5ace2e061734 7dfa7cf8c55349f5a9926f551459ddc3 - - default default] http://[LB_IP_ADDRESS]:8776/v3/7dfa7cf8c55349f5a9926f551459ddc3/group_types/3992993c-f84a-4371-a2ae-c9e6e012f9ad/group_specs returned with HTTP 202
2025-06-29 11:43:15.215 25 INFO cinder.api.openstack.wsgi [None req-97bfba5b-0097-4d39-8040-9f8fcf1c22db f4eddb3370704fba94aa5ace2e061734 7dfa7cf8c55349f5a9926f551459ddc3 - - default default] GET http://[LB_IP_ADDRESS]:8776/v3/7dfa7cf8c55349f5a9926f551459ddc3/group_types/3992993c-f84a-4371-a2ae-c9e6e012f9ad/group_specs/key2
2025-06-29 11:43:15.225 25 INFO cinder.api.openstack.wsgi [None req-97bfba5b-0097-4d39-8040-9f8fcf1c22db f4eddb3370704fba94aa5ace2e061734 7dfa7cf8c55349f5a9926f551459ddc3 - - default default] http://[LB_IP_ADDRESS]:8776/v3/7dfa7cf8c55349f5a9926f551459ddc3/group_types/3992993c-f84a-4371-a2ae-c9e6e012f9ad/group_specs/key2 returned with HTTP 200
2025-06-29 11:43:15.240 22 INFO cinder.api.openstack.wsgi [None req-115eb7cb-0ee3-4fdf-9584-297e776382ff f4eddb3370704fba94aa5ace2e061734 7dfa7cf8c55349f5a9926f551459ddc3 - - default default] GET http://[LB_IP_ADDRESS]:8776/v3/7dfa7cf8c55349f5a9926f551459ddc3/group_types/3992993c-f84a-4371-a2ae-c9e6e012f9ad/group_specs/key3
2025-06-29 11:43:15.254 22 INFO cinder.api.openstack.wsgi [None req-115eb7cb-0ee3-4fdf-9584-297e776382ff f4eddb3370704fba94aa5ace2e061734 7dfa7cf8c55349f5a9926f551459ddc3 - - default default] http://[LB_IP_ADDRESS]:8776/v3/7dfa7cf8c55349f5a9926f551459ddc3/group_types/3992993c-f84a-4371-a2ae-c9e6e012f9ad/group_specs/key3 returned with HTTP 200
2025-06-29 11:43:15.270 21 INFO cinder.api.openstack.wsgi [None req-f11ba290-d7ec-4292-8465-2e9ceb76b06e f4eddb3370704fba94aa5ace2e061734 7dfa7cf8c55349f5a9926f551459ddc3 - - default default] PUT http://[LB_IP_ADDRESS]:8776/v3/7dfa7cf8c55349f5a9926f551459ddc3/group_types/3992993c-f84a-4371-a2ae-c9e6e012f9ad/group_specs/key3
2025-06-29 11:43:15.286 21 INFO cinder.api.openstack.wsgi [None req-f11ba290-d7ec-4292-8465-2e9ceb76b06e f4eddb3370704fba94aa5ace2e061734 7dfa7cf8c55349f5a9926f551459ddc3 - - default default] http://[LB_IP_ADDRESS]:8776/v3/7dfa7cf8c55349f5a9926f551459ddc3/group_types/3992993c-f84a-4371-a2ae-c9e6e012f9ad/group_specs/key3 returned with HTTP 200
2025-06-29 11:43:15.300 23 INFO cinder.api.openstack.wsgi [None req-f1097ded-a975-4f53-a5f1-eef2f7bd1a0a f4eddb3370704fba94aa5ace2e061734 7dfa7cf8c55349f5a9926f551459ddc3 - - default default] GET http://[LB_IP_ADDRESS]:8776/v3/7dfa7cf8c55349f5a9926f551459ddc3/group_types/3992993c-f84a-4371-a2ae-c9e6e012f9ad/group_specs
2025-06-29 11:43:15.312 23 INFO cinder.api.openstack.wsgi [None req-f1097ded-a975-4f53-a5f1-eef2f7bd1a0a f4eddb3370704fba94aa5ace2e061734 7dfa7cf8c55349f5a9926f551459ddc3 - - default default] http://[LB_IP_ADDRESS]:8776/v3/7dfa7cf8c55349f5a9926f551459ddc3/group_types/3992993c-f84a-4371-a2ae-c9e6e012f9ad/group_specs returned with HTTP 200
2025-06-29 11:43:15.334 24 INFO cinder.api.openstack.wsgi [None req-be48408e-9156-485b-8d1b-21e2f6d9cb81 f4eddb3370704fba94aa5ace2e061734 7dfa7cf8c55349f5a9926f551459ddc3 - - default default] DELETE http://[LB_IP_ADDRESS]:8776/v3/7dfa7cf8c55349f5a9926f551459ddc3/group_types/3992993c-f84a-4371-a2ae-c9e6e012f9ad/group_specs/key1
2025-06-29 11:43:15.360 24 INFO cinder.api.openstack.wsgi [None req-be48408e-9156-485b-8d1b-21e2f6d9cb81 f4eddb3370704fba94aa5ace2e061734 7dfa7cf8c55349f5a9926f551459ddc3 - - default default] http://[LB_IP_ADDRESS]:8776/v3/7dfa7cf8c55349f5a9926f551459ddc3/group_types/3992993c-f84a-4371-a2ae-c9e6e012f9ad/group_specs/key1 returned with HTTP 202
2025-06-29 11:43:15.373 25 INFO cinder.api.openstack.wsgi [None req-c273956b-7e3d-49ae-b6d9-c268a79c92a0 f4eddb3370704fba94aa5ace2e061734 7dfa7cf8c55349f5a9926f551459ddc3 - - default default] GET http://[LB_IP_ADDRESS]:8776/v3/7dfa7cf8c55349f5a9926f551459ddc3/group_types/3992993c-f84a-4371-a2ae-c9e6e012f9ad/group_specs/key1
2025-06-29 11:43:15.385 25 INFO cinder.api.openstack.wsgi [None req-c273956b-7e3d-49ae-b6d9-c268a79c92a0 f4eddb3370704fba94aa5ace2e061734 7dfa7cf8c55349f5a9926f551459ddc3 - - default default] HTTP exception thrown: Group Type 3992993c-f84a-4371-a2ae-c9e6e012f9ad has no extra spec with key key1.
2025-06-29 11:43:15.385 25 INFO cinder.api.openstack.wsgi [None req-c273956b-7e3d-49ae-b6d9-c268a79c92a0 f4eddb3370704fba94aa5ace2e061734 7dfa7cf8c55349f5a9926f551459ddc3 - - default default] http://[LB_IP_ADDRESS]:8776/v3/7dfa7cf8c55349f5a9926f551459ddc3/group_types/3992993c-f84a-4371-a2ae-c9e6e012f9ad/group_specs/key1 returned with HTTP 404
2025-06-29 11:43:15.399 22 INFO cinder.api.openstack.wsgi [None req-d639bf54-7331-4955-87fb-1db7eefaf624 f4eddb3370704fba94aa5ace2e061734 7dfa7cf8c55349f5a9926f551459ddc3 - - default default] DELETE http://[LB_IP_ADDRESS]:8776/v3/7dfa7cf8c55349f5a9926f551459ddc3/group_types/3992993c-f84a-4371-a2ae-c9e6e012f9ad/group_specs/key2
2025-06-29 11:43:15.413 22 INFO cinder.api.openstack.wsgi [None req-d639bf54-7331-4955-87fb-1db7eefaf624 f4eddb3370704fba94aa5ace2e061734 7dfa7cf8c55349f5a9926f551459ddc3 - - default default] http://[LB_IP_ADDRESS]:8776/v3/7dfa7cf8c55349f5a9926f551459ddc3/group_types/3992993c-f84a-4371-a2ae-c9e6e012f9ad/group_specs/key2 returned with HTTP 202
2025-06-29 11:43:15.427 21 INFO cinder.api.openstack.wsgi [None req-75424568-a769-41df-b776-c770579ef273 f4eddb3370704fba94aa5ace2e061734 7dfa7cf8c55349f5a9926f551459ddc3 - - default default] GET http://[LB_IP_ADDRESS]:8776/v3/7dfa7cf8c55349f5a9926f551459ddc3/group_types/3992993c-f84a-4371-a2ae-c9e6e012f9ad/group_specs/key2
2025-06-29 11:43:15.438 21 INFO cinder.api.openstack.wsgi [None req-75424568-a769-41df-b776-c770579ef273 f4eddb3370704fba94aa5ace2e061734 7dfa7cf8c55349f5a9926f551459ddc3 - - default default] HTTP exception thrown: Group Type 3992993c-f84a-4371-a2ae-c9e6e012f9ad has no extra spec with key key2.
2025-06-29 11:43:15.439 21 INFO cinder.api.openstack.wsgi [None req-75424568-a769-41df-b776-c770579ef273 f4eddb3370704fba94aa5ace2e061734 7dfa7cf8c55349f5a9926f551459ddc3 - - default default] http://[LB_IP_ADDRESS]:8776/v3/7dfa7cf8c55349f5a9926f551459ddc3/group_types/3992993c-f84a-4371-a2ae-c9e6e012f9ad/group_specs/key2 returned with HTTP 404
2025-06-29 11:43:15.453 23 INFO cinder.api.openstack.wsgi [None req-61161a44-e91a-4477-b9c4-ef5a3fd0d8d6 f4eddb3370704fba94aa5ace2e061734 7dfa7cf8c55349f5a9926f551459ddc3 - - default default] DELETE http://[LB_IP_ADDRESS]:8776/v3/7dfa7cf8c55349f5a9926f551459ddc3/group_types/3992993c-f84a-4371-a2ae-c9e6e012f9ad/group_specs/key3
2025-06-29 11:43:15.474 23 INFO cinder.api.openstack.wsgi [None req-61161a44-e91a-4477-b9c4-ef5a3fd0d8d6 f4eddb3370704fba94aa5ace2e061734 7dfa7cf8c55349f5a9926f551459ddc3 - - default default] http://[LB_IP_ADDRESS]:8776/v3/7dfa7cf8c55349f5a9926f551459ddc3/group_types/3992993c-f84a-4371-a2ae-c9e6e012f9ad/group_specs/key3 returned with HTTP 202
2025-06-29 11:43:15.489 24 INFO cinder.api.openstack.wsgi [None req-58ef1ee9-6360-4c0e-8920-b436981864de f4eddb3370704fba94aa5ace2e061734 7dfa7cf8c55349f5a9926f551459ddc3 - - default default] GET http://[LB_IP_ADDRESS]:8776/v3/7dfa7cf8c55349f5a9926f551459ddc3/group_types/3992993c-f84a-4371-a2ae-c9e6e012f9ad/group_specs/key3
2025-06-29 11:43:15.498 24 INFO cinder.api.openstack.wsgi [None req-58ef1ee9-6360-4c0e-8920-b436981864de f4eddb3370704fba94aa5ace2e061734 7dfa7cf8c55349f5a9926f551459ddc3 - - default default] HTTP exception thrown: Group Type 3992993c-f84a-4371-a2ae-c9e6e012f9ad has no extra spec with key key3.
2025-06-29 11:43:15.498 24 INFO cinder.api.openstack.wsgi [None req-58ef1ee9-6360-4c0e-8920-b436981864de f4eddb3370704fba94aa5ace2e061734 7dfa7cf8c55349f5a9926f551459ddc3 - - default default] http://[LB_IP_ADDRESS]:8776/v3/7dfa7cf8c55349f5a9926f551459ddc3/group_types/3992993c-f84a-4371-a2ae-c9e6e012f9ad/group_specs/key3 returned with HTTP 404
2025-06-29 11:43:15.511 25 INFO cinder.api.openstack.wsgi [None req-b33e184b-1af5-4ace-93d4-162022a7bdfe f4eddb3370704fba94aa5ace2e061734 7dfa7cf8c55349f5a9926f551459ddc3 - - default default] DELETE http://[LB_IP_ADDRESS]:8776/v3/7dfa7cf8c55349f5a9926f551459ddc3/group_types/3992993c-f84a-4371-a2ae-c9e6e012f9ad
2025-06-29 11:43:15.529 25 INFO cinder.api.openstack.wsgi [None req-b33e184b-1af5-4ace-93d4-162022a7bdfe f4eddb3370704fba94aa5ace2e061734 7dfa7cf8c55349f5a9926f551459ddc3 - - default default] http://[LB_IP_ADDRESS]:8776/v3/7dfa7cf8c55349f5a9926f551459ddc3/group_types/3992993c-f84a-4371-a2ae-c9e6e012f9ad returned with HTTP 202
2025-06-29 11:43:15.891 22 INFO cinder.api.openstack.wsgi [None req-a76c1a70-398d-4ac0-8a9f-c73f18d2e746 b0eaaa44da324fa5bbb0685ab03578b8 e602639580d44cbeb2391a18b00f9fba - - default default] GET http://[LB_IP_ADDRESS]:8776/v3/e602639580d44cbeb2391a18b00f9fba/volumes/5ce2620b-77d7-481d-b7d0-e49fca1605bf
2025-06-29 11:43:15.906 22 INFO cinder.volume.api [None req-a76c1a70-398d-4ac0-8a9f-c73f18d2e746 b0eaaa44da324fa5bbb0685ab03578b8 e602639580d44cbeb2391a18b00f9fba - - default default] Volume info retrieved successfully.
2025-06-29 11:43:15.910 22 INFO cinder.api.openstack.wsgi [None req-a76c1a70-398d-4ac0-8a9f-c73f18d2e746 b0eaaa44da324fa5bbb0685ab03578b8 e602639580d44cbeb2391a18b00f9fba - - default default] http://[LB_IP_ADDRESS]:8776/v3/e602639580d44cbeb2391a18b00f9fba/volumes/5ce2620b-77d7-481d-b7d0-e49fca1605bf returned with HTTP 200
2025-06-29 11:43:16.940 21 INFO cinder.api.openstack.wsgi [None req-6bea4f6c-42dd-4f0d-806b-dbc92b050a0f b0eaaa44da324fa5bbb0685ab03578b8 e602639580d44cbeb2391a18b00f9fba - - default default] GET http://[LB_IP_ADDRESS]:8776/v3/e602639580d44cbeb2391a18b00f9fba/volumes/5ce2620b-77d7-481d-b7d0-e49fca1605bf
2025-06-29 11:43:16.957 21 INFO cinder.volume.api [None req-6bea4f6c-42dd-4f0d-806b-dbc92b050a0f b0eaaa44da324fa5bbb0685ab03578b8 e602639580d44cbeb2391a18b00f9fba - - default default] Volume info retrieved successfully.
2025-06-29 11:43:16.962 21 INFO cinder.api.openstack.wsgi [None req-6bea4f6c-42dd-4f0d-806b-dbc92b050a0f b0eaaa44da324fa5bbb0685ab03578b8 e602639580d44cbeb2391a18b00f9fba - - default default] http://[LB_IP_ADDRESS]:8776/v3/e602639580d44cbeb2391a18b00f9fba/volumes/5ce2620b-77d7-481d-b7d0-e49fca1605bf returned with HTTP 200
2025-06-29 11:43:16.994 23 INFO cinder.api.openstack.wsgi [None req-28ed1885-4ba0-4e4d-b72f-67c8b5509bb1 aaeaaf45271d4a85aca73c36f457d14b 1851af598c0f48bcaf24c0263932bf63 - - default default] GET http://[LB_IP_ADDRESS]:8776/v3/1851af598c0f48bcaf24c0263932bf63/os-quota-sets/e602639580d44cbeb2391a18b00f9fba?usage=True
2025-06-29 11:43:17.028 23 INFO cinder.api.openstack.wsgi [None req-28ed1885-4ba0-4e4d-b72f-67c8b5509bb1 aaeaaf45271d4a85aca73c36f457d14b 1851af598c0f48bcaf24c0263932bf63 - - default default] http://[LB_IP_ADDRESS]:8776/v3/1851af598c0f48bcaf24c0263932bf63/os-quota-sets/e602639580d44cbeb2391a18b00f9fba?usage=True returned with HTTP 200
2025-06-29 11:43:17.057 24 INFO cinder.api.openstack.wsgi [None req-9f2ac6b0-f054-4272-a5d2-c611d6ebeeea aaeaaf45271d4a85aca73c36f457d14b 1851af598c0f48bcaf24c0263932bf63 - - default default] GET http://[LB_IP_ADDRESS]:8776/v3/1851af598c0f48bcaf24c0263932bf63/os-quota-sets/e76ef4706d3345ea8089d222dd28528f?usage=True
2025-06-29 11:43:17.088 24 INFO cinder.api.openstack.wsgi [None req-9f2ac6b0-f054-4272-a5d2-c611d6ebeeea aaeaaf45271d4a85aca73c36f457d14b 1851af598c0f48bcaf24c0263932bf63 - - default default] http://[LB_IP_ADDRESS]:8776/v3/1851af598c0f48bcaf24c0263932bf63/os-quota-sets/e76ef4706d3345ea8089d222dd28528f?usage=True returned with HTTP 200
2025-06-29 11:43:17.115 25 INFO cinder.api.openstack.wsgi [None req-ee984610-39a9-450b-b95c-61b6230dadfd b0eaaa44da324fa5bbb0685ab03578b8 e602639580d44cbeb2391a18b00f9fba - - default default] POST http://[LB_IP_ADDRESS]:8776/v3/e602639580d44cbeb2391a18b00f9fba/os-volume-transfer
2025-06-29 11:43:17.119 25 INFO cinder.api.contrib.volume_transfer [None req-ee984610-39a9-450b-b95c-61b6230dadfd b0eaaa44da324fa5bbb0685ab03578b8 e602639580d44cbeb2391a18b00f9fba - - default default] Creating transfer of volume 5ce2620b-77d7-481d-b7d0-e49fca1605bf
2025-06-29 11:43:17.120 25 INFO cinder.transfer.api [None req-ee984610-39a9-450b-b95c-61b6230dadfd b0eaaa44da324fa5bbb0685ab03578b8 e602639580d44cbeb2391a18b00f9fba - - default default] Generating transfer record for volume 5ce2620b-77d7-481d-b7d0-e49fca1605bf
2025-06-29 11:43:17.140 25 INFO cinder.api.openstack.wsgi [None req-ee984610-39a9-450b-b95c-61b6230dadfd b0eaaa44da324fa5bbb0685ab03578b8 e602639580d44cbeb2391a18b00f9fba - - default default] http://[LB_IP_ADDRESS]:8776/v3/e602639580d44cbeb2391a18b00f9fba/os-volume-transfer returned with HTTP 202
2025-06-29 11:43:17.358 22 INFO cinder.api.openstack.wsgi [None req-fc676552-1c96-4d95-abce-d0ab15a8d5eb bd9331134c5b4b6cbbb4613740479ff4 e76ef4706d3345ea8089d222dd28528f - - default default] POST http://[LB_IP_ADDRESS]:8776/v3/e76ef4706d3345ea8089d222dd28528f/os-volume-transfer/f6117dd3-47db-4194-a9fe-fc08bc0d90f3/accept
2025-06-29 11:43:17.363 22 INFO cinder.api.contrib.volume_transfer [None req-fc676552-1c96-4d95-abce-d0ab15a8d5eb bd9331134c5b4b6cbbb4613740479ff4 e76ef4706d3345ea8089d222dd28528f - - default default] Accepting transfer f6117dd3-47db-4194-a9fe-fc08bc0d90f3
2025-06-29 11:43:17.991 22 INFO cinder.volume.api [None req-fc676552-1c96-4d95-abce-d0ab15a8d5eb bd9331134c5b4b6cbbb4613740479ff4 e76ef4706d3345ea8089d222dd28528f - - default default] Transfer volume completed successfully.
2025-06-29 11:43:18.063 22 INFO cinder.transfer.api [None req-fc676552-1c96-4d95-abce-d0ab15a8d5eb bd9331134c5b4b6cbbb4613740479ff4 e76ef4706d3345ea8089d222dd28528f - - default default] Volume 5ce2620b-77d7-481d-b7d0-e49fca1605bf has been transferred.
2025-06-29 11:43:18.072 22 INFO cinder.api.openstack.wsgi [None req-fc676552-1c96-4d95-abce-d0ab15a8d5eb bd9331134c5b4b6cbbb4613740479ff4 e76ef4706d3345ea8089d222dd28528f - - default default] http://[LB_IP_ADDRESS]:8776/v3/e76ef4706d3345ea8089d222dd28528f/os-volume-transfer/f6117dd3-47db-4194-a9fe-fc08bc0d90f3/accept returned with HTTP 202
2025-06-29 11:43:18.088 21 INFO cinder.api.openstack.wsgi [None req-f410be70-d0c6-4369-ac74-991151ca4fc8 bd9331134c5b4b6cbbb4613740479ff4 e76ef4706d3345ea8089d222dd28528f - - default default] GET http://[LB_IP_ADDRESS]:8776/v3/e76ef4706d3345ea8089d222dd28528f/volumes/5ce2620b-77d7-481d-b7d0-e49fca1605bf
2025-06-29 11:43:18.106 21 INFO cinder.volume.api [None req-f410be70-d0c6-4369-ac74-991151ca4fc8 bd9331134c5b4b6cbbb4613740479ff4 e76ef4706d3345ea8089d222dd28528f - - default default] Volume info retrieved successfully.
2025-06-29 11:43:18.111 21 INFO cinder.api.openstack.wsgi [None req-f410be70-d0c6-4369-ac74-991151ca4fc8 bd9331134c5b4b6cbbb4613740479ff4 e76ef4706d3345ea8089d222dd28528f - - default default] http://[LB_IP_ADDRESS]:8776/v3/e76ef4706d3345ea8089d222dd28528f/volumes/5ce2620b-77d7-481d-b7d0-e49fca1605bf returned with HTTP 200
2025-06-29 11:43:18.147 23 INFO cinder.api.openstack.wsgi [None req-a3888378-8781-44e8-a546-b7bd9aa1b125 aaeaaf45271d4a85aca73c36f457d14b 1851af598c0f48bcaf24c0263932bf63 - - default default] GET http://[LB_IP_ADDRESS]:8776/v3/1851af598c0f48bcaf24c0263932bf63/os-quota-sets/e602639580d44cbeb2391a18b00f9fba?usage=True
2025-06-29 11:43:18.166 23 INFO cinder.api.openstack.wsgi [None req-a3888378-8781-44e8-a546-b7bd9aa1b125 aaeaaf45271d4a85aca73c36f457d14b 1851af598c0f48bcaf24c0263932bf63 - - default default] http://[LB_IP_ADDRESS]:8776/v3/1851af598c0f48bcaf24c0263932bf63/os-quota-sets/e602639580d44cbeb2391a18b00f9fba?usage=True returned with HTTP 200
2025-06-29 11:43:18.188 24 INFO cinder.api.openstack.wsgi [None req-5ec4f67f-7d07-4f6c-a210-f210647cc856 aaeaaf45271d4a85aca73c36f457d14b 1851af598c0f48bcaf24c0263932bf63 - - default default] GET http://[LB_IP_ADDRESS]:8776/v3/1851af598c0f48bcaf24c0263932bf63/os-quota-sets/e76ef4706d3345ea8089d222dd28528f?usage=True
2025-06-29 11:43:18.217 24 INFO cinder.api.openstack.wsgi [None req-5ec4f67f-7d07-4f6c-a210-f210647cc856 aaeaaf45271d4a85aca73c36f457d14b 1851af598c0f48bcaf24c0263932bf63 - - default default] http://[LB_IP_ADDRESS]:8776/v3/1851af598c0f48bcaf24c0263932bf63/os-quota-sets/e76ef4706d3345ea8089d222dd28528f?usage=True returned with HTTP 200
2025-06-29 11:43:18.238 25 INFO cinder.api.openstack.wsgi [None req-403143a0-1aea-4c06-8c3a-3962a350fd71 aaeaaf45271d4a85aca73c36f457d14b 1851af598c0f48bcaf24c0263932bf63 - - default default] DELETE http://[LB_IP_ADDRESS]:8776/v3/1851af598c0f48bcaf24c0263932bf63/volumes/5ce2620b-77d7-481d-b7d0-e49fca1605bf
2025-06-29 11:43:18.239 25 INFO cinder.api.v3.volumes [None req-403143a0-1aea-4c06-8c3a-3962a350fd71 aaeaaf45271d4a85aca73c36f457d14b 1851af598c0f48bcaf24c0263932bf63 - - default default] Delete volume with id: 5ce2620b-77d7-481d-b7d0-e49fca1605bf 
2025-06-29 11:43:18.252 25 INFO cinder.volume.api [None req-403143a0-1aea-4c06-8c3a-3962a350fd71 aaeaaf45271d4a85aca73c36f457d14b 1851af598c0f48bcaf24c0263932bf63 - - default default] Volume info retrieved successfully.
2025-06-29 11:43:18.270 25 INFO cinder.volume.api [None req-403143a0-1aea-4c06-8c3a-3962a350fd71 aaeaaf45271d4a85aca73c36f457d14b 1851af598c0f48bcaf24c0263932bf63 - - default default] Delete volume request issued successfully.
2025-06-29 11:43:18.270 25 INFO cinder.api.openstack.wsgi [None req-403143a0-1aea-4c06-8c3a-3962a350fd71 aaeaaf45271d4a85aca73c36f457d14b 1851af598c0f48bcaf24c0263932bf63 - - default default] http://[LB_IP_ADDRESS]:8776/v3/1851af598c0f48bcaf24c0263932bf63/volumes/5ce2620b-77d7-481d-b7d0-e49fca1605bf returned with HTTP 202
2025-06-29 11:43:18.283 22 INFO cinder.api.openstack.wsgi [None req-70c7ad9c-398b-48ab-bae1-6daf05c220db aaeaaf45271d4a85aca73c36f457d14b 1851af598c0f48bcaf24c0263932bf63 - - default default] GET http://[LB_IP_ADDRESS]:8776/v3/1851af598c0f48bcaf24c0263932bf63/volumes/5ce2620b-77d7-481d-b7d0-e49fca1605bf
2025-06-29 11:43:18.300 22 INFO cinder.volume.api [None req-70c7ad9c-398b-48ab-bae1-6daf05c220db aaeaaf45271d4a85aca73c36f457d14b 1851af598c0f48bcaf24c0263932bf63 - - default default] Volume info retrieved successfully.
2025-06-29 11:43:18.305 22 INFO cinder.api.openstack.wsgi [None req-70c7ad9c-398b-48ab-bae1-6daf05c220db aaeaaf45271d4a85aca73c36f457d14b 1851af598c0f48bcaf24c0263932bf63 - - default default] http://[LB_IP_ADDRESS]:8776/v3/1851af598c0f48bcaf24c0263932bf63/volumes/5ce2620b-77d7-481d-b7d0-e49fca1605bf returned with HTTP 200
2025-06-29 11:43:18.909 21 INFO cinder.api.openstack.wsgi [None req-153a82e1-8dd6-47df-b563-6fefef347507 584dbf7e7dc0466684a037a46be6ab58 f073760750424e0a810b50ee819deeda - - default default] POST http://[LB_IP_ADDRESS]:8776/v3/f073760750424e0a810b50ee819deeda/types
2025-06-29 11:43:18.939 21 INFO cinder.api.openstack.wsgi [None req-153a82e1-8dd6-47df-b563-6fefef347507 584dbf7e7dc0466684a037a46be6ab58 f073760750424e0a810b50ee819deeda - - default default] http://[LB_IP_ADDRESS]:8776/v3/f073760750424e0a810b50ee819deeda/types returned with HTTP 200
2025-06-29 11:43:19.070 23 INFO cinder.api.openstack.wsgi [None req-fcb92995-2288-405e-80d9-4e89f697fff5 5b45348687184505a5de46498e8c8ca6 63f0f783d5b94041ad3af2820d1e9393 - - default default] POST http://[LB_IP_ADDRESS]:8776/v3/63f0f783d5b94041ad3af2820d1e9393/volumes
2025-06-29 11:43:19.082 23 INFO cinder.api.v3.volumes [None req-fcb92995-2288-405e-80d9-4e89f697fff5 5b45348687184505a5de46498e8c8ca6 63f0f783d5b94041ad3af2820d1e9393 - - default default] Create volume of 1 GB
2025-06-29 11:43:19.084 23 INFO cinder.volume.api [None req-fcb92995-2288-405e-80d9-4e89f697fff5 5b45348687184505a5de46498e8c8ca6 63f0f783d5b94041ad3af2820d1e9393 - - default default] Availability Zones retrieved successfully.
2025-06-29 11:43:19.138 23 WARNING cinder.quota [None req-fcb92995-2288-405e-80d9-4e89f697fff5 5b45348687184505a5de46498e8c8ca6 63f0f783d5b94041ad3af2820d1e9393 - - default default] Deprecated: Default quota for resource: volumes_tempest-UserMessagesTest-volume-type-1065678234 is set by the default quota flag: quota_volumes_tempest-UserMessagesTest-volume-type-1065678234, it is now deprecated. Please use the default quota class for default quota.
2025-06-29 11:43:19.138 23 WARNING cinder.quota [None req-fcb92995-2288-405e-80d9-4e89f697fff5 5b45348687184505a5de46498e8c8ca6 63f0f783d5b94041ad3af2820d1e9393 - - default default] Deprecated: Default quota for resource: gigabytes_tempest-UserMessagesTest-volume-type-1065678234 is set by the default quota flag: quota_gigabytes_tempest-UserMessagesTest-volume-type-1065678234, it is now deprecated. Please use the default quota class for default quota.
2025-06-29 11:43:19.222 23 INFO cinder.volume.api [None req-fcb92995-2288-405e-80d9-4e89f697fff5 5b45348687184505a5de46498e8c8ca6 63f0f783d5b94041ad3af2820d1e9393 - - default default] Create volume request issued successfully.
2025-06-29 11:43:19.224 23 INFO cinder.api.openstack.wsgi [None req-fcb92995-2288-405e-80d9-4e89f697fff5 5b45348687184505a5de46498e8c8ca6 63f0f783d5b94041ad3af2820d1e9393 - - default default] http://[LB_IP_ADDRESS]:8776/v3/63f0f783d5b94041ad3af2820d1e9393/volumes returned with HTTP 202
2025-06-29 11:43:19.252 24 INFO cinder.api.openstack.wsgi [None req-d0271a78-2a25-4c42-a429-58ffe398d522 5b45348687184505a5de46498e8c8ca6 63f0f783d5b94041ad3af2820d1e9393 - - default default] GET http://[LB_IP_ADDRESS]:8776/v3/63f0f783d5b94041ad3af2820d1e9393/volumes/5bc60f72-728d-4592-8b3e-c9082719be4b
2025-06-29 11:43:19.286 24 INFO cinder.volume.api [None req-d0271a78-2a25-4c42-a429-58ffe398d522 5b45348687184505a5de46498e8c8ca6 63f0f783d5b94041ad3af2820d1e9393 - - default default] Volume info retrieved successfully.
2025-06-29 11:43:19.298 24 INFO cinder.api.openstack.wsgi [None req-d0271a78-2a25-4c42-a429-58ffe398d522 5b45348687184505a5de46498e8c8ca6 63f0f783d5b94041ad3af2820d1e9393 - - default default] http://[LB_IP_ADDRESS]:8776/v3/63f0f783d5b94041ad3af2820d1e9393/volumes/5bc60f72-728d-4592-8b3e-c9082719be4b returned with HTTP 200
2025-06-29 11:43:19.335 25 INFO cinder.api.openstack.wsgi [None req-8b7f7c44-80ee-43f1-82f8-53b6a8b55a44 aaeaaf45271d4a85aca73c36f457d14b 1851af598c0f48bcaf24c0263932bf63 - - default default] GET http://[LB_IP_ADDRESS]:8776/v3/1851af598c0f48bcaf24c0263932bf63/volumes/5ce2620b-77d7-481d-b7d0-e49fca1605bf
2025-06-29 11:43:19.347 25 INFO cinder.api.openstack.wsgi [None req-8b7f7c44-80ee-43f1-82f8-53b6a8b55a44 aaeaaf45271d4a85aca73c36f457d14b 1851af598c0f48bcaf24c0263932bf63 - - default default] http://[LB_IP_ADDRESS]:8776/v3/1851af598c0f48bcaf24c0263932bf63/volumes/5ce2620b-77d7-481d-b7d0-e49fca1605bf returned with HTTP 404
2025-06-29 11:43:19.360 22 INFO cinder.api.openstack.wsgi [None req-88eb6a48-d012-4ae3-86ca-bb74293cc257 b0eaaa44da324fa5bbb0685ab03578b8 e602639580d44cbeb2391a18b00f9fba - - default default] GET http://[LB_IP_ADDRESS]:8776/v3/e602639580d44cbeb2391a18b00f9fba/volumes/5ce2620b-77d7-481d-b7d0-e49fca1605bf
2025-06-29 11:43:19.371 22 INFO cinder.api.openstack.wsgi [None req-88eb6a48-d012-4ae3-86ca-bb74293cc257 b0eaaa44da324fa5bbb0685ab03578b8 e602639580d44cbeb2391a18b00f9fba - - default default] http://[LB_IP_ADDRESS]:8776/v3/e602639580d44cbeb2391a18b00f9fba/volumes/5ce2620b-77d7-481d-b7d0-e49fca1605bf returned with HTTP 404
2025-06-29 11:43:19.384 21 INFO cinder.api.openstack.wsgi [None req-98db5358-a8b0-4368-b9ce-ca3491a37bdd b0eaaa44da324fa5bbb0685ab03578b8 e602639580d44cbeb2391a18b00f9fba - - default default] DELETE http://[LB_IP_ADDRESS]:8776/v3/e602639580d44cbeb2391a18b00f9fba/volumes/5ce2620b-77d7-481d-b7d0-e49fca1605bf
2025-06-29 11:43:19.385 21 INFO cinder.api.v3.volumes [None req-98db5358-a8b0-4368-b9ce-ca3491a37bdd b0eaaa44da324fa5bbb0685ab03578b8 e602639580d44cbeb2391a18b00f9fba - - default default] Delete volume with id: 5ce2620b-77d7-481d-b7d0-e49fca1605bf 
2025-06-29 11:43:19.397 21 INFO cinder.api.openstack.wsgi [None req-98db5358-a8b0-4368-b9ce-ca3491a37bdd b0eaaa44da324fa5bbb0685ab03578b8 e602639580d44cbeb2391a18b00f9fba - - default default] http://[LB_IP_ADDRESS]:8776/v3/e602639580d44cbeb2391a18b00f9fba/volumes/5ce2620b-77d7-481d-b7d0-e49fca1605bf returned with HTTP 404
2025-06-29 11:43:19.477 23 INFO cinder.api.openstack.wsgi [None req-0ca7d483-b624-4b90-8f80-21652c56b76b 47a33b9040154e4e86ecde5953066514 e7780f92e84749fd8eae82b8ed23a3d3 - - default default] GET http://[LB_IP_ADDRESS]:8776/v3/e7780f92e84749fd8eae82b8ed23a3d3/os-quota-class-sets/default
2025-06-29 11:43:19.494 23 INFO cinder.api.openstack.wsgi [None req-0ca7d483-b624-4b90-8f80-21652c56b76b 47a33b9040154e4e86ecde5953066514 e7780f92e84749fd8eae82b8ed23a3d3 - - default default] http://[LB_IP_ADDRESS]:8776/v3/e7780f92e84749fd8eae82b8ed23a3d3/os-quota-class-sets/default returned with HTTP 200
2025-06-29 11:43:19.516 24 INFO cinder.api.openstack.wsgi [None req-d7d2e91a-40a6-4466-bdb7-7af31384c08b 47a33b9040154e4e86ecde5953066514 e7780f92e84749fd8eae82b8ed23a3d3 - - default default] GET http://[LB_IP_ADDRESS]:8776/v3/e7780f92e84749fd8eae82b8ed23a3d3/os-quota-class-sets/default
2025-06-29 11:43:19.544 24 INFO cinder.api.openstack.wsgi [None req-d7d2e91a-40a6-4466-bdb7-7af31384c08b 47a33b9040154e4e86ecde5953066514 e7780f92e84749fd8eae82b8ed23a3d3 - - default default] http://[LB_IP_ADDRESS]:8776/v3/e7780f92e84749fd8eae82b8ed23a3d3/os-quota-class-sets/default returned with HTTP 200
2025-06-29 11:43:19.560 25 INFO cinder.api.openstack.wsgi [None req-a8a70bae-d507-4b07-8e0f-6289cf30ca31 47a33b9040154e4e86ecde5953066514 e7780f92e84749fd8eae82b8ed23a3d3 - - default default] POST http://[LB_IP_ADDRESS]:8776/v3/e7780f92e84749fd8eae82b8ed23a3d3/types
2025-06-29 11:43:19.579 25 INFO cinder.api.openstack.wsgi [None req-a8a70bae-d507-4b07-8e0f-6289cf30ca31 47a33b9040154e4e86ecde5953066514 e7780f92e84749fd8eae82b8ed23a3d3 - - default default] http://[LB_IP_ADDRESS]:8776/v3/e7780f92e84749fd8eae82b8ed23a3d3/types returned with HTTP 200
2025-06-29 11:43:19.597 22 INFO cinder.api.openstack.wsgi [None req-03989b86-84a2-4228-ab60-bcc00c23f71c 47a33b9040154e4e86ecde5953066514 e7780f92e84749fd8eae82b8ed23a3d3 - - default default] PUT http://[LB_IP_ADDRESS]:8776/v3/e7780f92e84749fd8eae82b8ed23a3d3/os-quota-class-sets/default
2025-06-29 11:43:19.673 22 INFO cinder.api.openstack.wsgi [None req-03989b86-84a2-4228-ab60-bcc00c23f71c 47a33b9040154e4e86ecde5953066514 e7780f92e84749fd8eae82b8ed23a3d3 - - default default] http://[LB_IP_ADDRESS]:8776/v3/e7780f92e84749fd8eae82b8ed23a3d3/os-quota-class-sets/default returned with HTTP 200
2025-06-29 11:43:19.691 21 INFO cinder.api.openstack.wsgi [None req-d8124250-d6bd-48f2-8ea4-234ec2722157 47a33b9040154e4e86ecde5953066514 e7780f92e84749fd8eae82b8ed23a3d3 - - default default] GET http://[LB_IP_ADDRESS]:8776/v3/e7780f92e84749fd8eae82b8ed23a3d3/os-quota-sets/e7780f92e84749fd8eae82b8ed23a3d3/defaults
2025-06-29 11:43:19.701 21 WARNING cinder.quota [None req-d8124250-d6bd-48f2-8ea4-234ec2722157 47a33b9040154e4e86ecde5953066514 e7780f92e84749fd8eae82b8ed23a3d3 - - default default] Deprecated: Default quota for resource: volumes_tempest-UserMessagesTest-volume-type-1065678234 is set by the default quota flag: quota_volumes_tempest-UserMessagesTest-volume-type-1065678234, it is now deprecated. Please use the default quota class for default quota.
2025-06-29 11:43:19.702 21 WARNING cinder.quota [None req-d8124250-d6bd-48f2-8ea4-234ec2722157 47a33b9040154e4e86ecde5953066514 e7780f92e84749fd8eae82b8ed23a3d3 - - default default] Deprecated: Default quota for resource: gigabytes_tempest-UserMessagesTest-volume-type-1065678234 is set by the default quota flag: quota_gigabytes_tempest-UserMessagesTest-volume-type-1065678234, it is now deprecated. Please use the default quota class for default quota.
2025-06-29 11:43:19.702 21 WARNING cinder.quota [None req-d8124250-d6bd-48f2-8ea4-234ec2722157 47a33b9040154e4e86ecde5953066514 e7780f92e84749fd8eae82b8ed23a3d3 - - default default] Deprecated: Default quota for resource: snapshots_tempest-UserMessagesTest-volume-type-1065678234 is set by the default quota flag: quota_snapshots_tempest-UserMessagesTest-volume-type-1065678234, it is now deprecated. Please use the default quota class for default quota.
2025-06-29 11:43:19.711 21 INFO cinder.api.openstack.wsgi [None req-d8124250-d6bd-48f2-8ea4-234ec2722157 47a33b9040154e4e86ecde5953066514 e7780f92e84749fd8eae82b8ed23a3d3 - - default default] http://[LB_IP_ADDRESS]:8776/v3/e7780f92e84749fd8eae82b8ed23a3d3/os-quota-sets/e7780f92e84749fd8eae82b8ed23a3d3/defaults returned with HTTP 200
2025-06-29 11:43:19.884 23 INFO cinder.api.openstack.wsgi [None req-a61ea8cd-988c-4d1a-baa9-12ac1454bbe0 47a33b9040154e4e86ecde5953066514 e7780f92e84749fd8eae82b8ed23a3d3 - - default default] GET http://[LB_IP_ADDRESS]:8776/v3/e7780f92e84749fd8eae82b8ed23a3d3/os-quota-sets/a04237bf56bb48b68adeca2caf0cc7a2/defaults
2025-06-29 11:43:19.894 23 WARNING cinder.quota [None req-a61ea8cd-988c-4d1a-baa9-12ac1454bbe0 47a33b9040154e4e86ecde5953066514 e7780f92e84749fd8eae82b8ed23a3d3 - - default default] Deprecated: Default quota for resource: snapshots_tempest-UserMessagesTest-volume-type-1065678234 is set by the default quota flag: quota_snapshots_tempest-UserMessagesTest-volume-type-1065678234, it is now deprecated. Please use the default quota class for default quota.
2025-06-29 11:43:19.898 23 INFO cinder.api.openstack.wsgi [None req-a61ea8cd-988c-4d1a-baa9-12ac1454bbe0 47a33b9040154e4e86ecde5953066514 e7780f92e84749fd8eae82b8ed23a3d3 - - default default] http://[LB_IP_ADDRESS]:8776/v3/e7780f92e84749fd8eae82b8ed23a3d3/os-quota-sets/a04237bf56bb48b68adeca2caf0cc7a2/defaults returned with HTTP 200
2025-06-29 11:43:19.979 24 INFO cinder.api.openstack.wsgi [None req-5bfbe837-a01d-439f-940a-6cd3d7dd00ef 47a33b9040154e4e86ecde5953066514 e7780f92e84749fd8eae82b8ed23a3d3 - - default default] DELETE http://[LB_IP_ADDRESS]:8776/v3/e7780f92e84749fd8eae82b8ed23a3d3/types/a06da226-0a87-4f18-8838-1087bc78933d
2025-06-29 11:43:20.028 24 INFO cinder.api.openstack.wsgi [None req-5bfbe837-a01d-439f-940a-6cd3d7dd00ef 47a33b9040154e4e86ecde5953066514 e7780f92e84749fd8eae82b8ed23a3d3 - - default default] http://[LB_IP_ADDRESS]:8776/v3/e7780f92e84749fd8eae82b8ed23a3d3/types/a06da226-0a87-4f18-8838-1087bc78933d returned with HTTP 202
2025-06-29 11:43:20.042 25 INFO cinder.api.openstack.wsgi [None req-7572cffe-6ca6-4220-93c1-a171431b7109 47a33b9040154e4e86ecde5953066514 e7780f92e84749fd8eae82b8ed23a3d3 - - default default] GET http://[LB_IP_ADDRESS]:8776/v3/e7780f92e84749fd8eae82b8ed23a3d3/types/a06da226-0a87-4f18-8838-1087bc78933d
2025-06-29 11:43:20.051 25 INFO cinder.api.openstack.wsgi [None req-7572cffe-6ca6-4220-93c1-a171431b7109 47a33b9040154e4e86ecde5953066514 e7780f92e84749fd8eae82b8ed23a3d3 - - default default] http://[LB_IP_ADDRESS]:8776/v3/e7780f92e84749fd8eae82b8ed23a3d3/types/a06da226-0a87-4f18-8838-1087bc78933d returned with HTTP 404
2025-06-29 11:43:20.068 22 INFO cinder.api.openstack.wsgi [None req-da45d2ab-460f-4d1d-be54-738b1daaf3e8 47a33b9040154e4e86ecde5953066514 e7780f92e84749fd8eae82b8ed23a3d3 - - default default] PUT http://[LB_IP_ADDRESS]:8776/v3/e7780f92e84749fd8eae82b8ed23a3d3/os-quota-class-sets/default
2025-06-29 11:43:20.128 22 INFO cinder.api.openstack.wsgi [None req-da45d2ab-460f-4d1d-be54-738b1daaf3e8 47a33b9040154e4e86ecde5953066514 e7780f92e84749fd8eae82b8ed23a3d3 - - default default] http://[LB_IP_ADDRESS]:8776/v3/e7780f92e84749fd8eae82b8ed23a3d3/os-quota-class-sets/default returned with HTTP 200
2025-06-29 11:43:20.172 21 INFO cinder.api.openstack.wsgi [None req-1fe9d4f1-6c9c-444b-8752-e700e5ea1072 aaeaaf45271d4a85aca73c36f457d14b 1851af598c0f48bcaf24c0263932bf63 - - default default] GET http://[LB_IP_ADDRESS]:8776/v3/1851af598c0f48bcaf24c0263932bf63/os-quota-sets/1851af598c0f48bcaf24c0263932bf63?usage=True
2025-06-29 11:43:20.193 21 INFO cinder.api.openstack.wsgi [None req-1fe9d4f1-6c9c-444b-8752-e700e5ea1072 aaeaaf45271d4a85aca73c36f457d14b 1851af598c0f48bcaf24c0263932bf63 - - default default] http://[LB_IP_ADDRESS]:8776/v3/1851af598c0f48bcaf24c0263932bf63/os-quota-sets/1851af598c0f48bcaf24c0263932bf63?usage=True returned with HTTP 200
2025-06-29 11:43:20.224 23 INFO cinder.api.openstack.wsgi [None req-f775be9f-5055-4385-9005-c9701f2486ec aaeaaf45271d4a85aca73c36f457d14b 1851af598c0f48bcaf24c0263932bf63 - - default default] PUT http://[LB_IP_ADDRESS]:8776/v3/1851af598c0f48bcaf24c0263932bf63/os-quota-sets/e602639580d44cbeb2391a18b00f9fba
2025-06-29 11:43:20.296 23 INFO cinder.api.openstack.wsgi [None req-f775be9f-5055-4385-9005-c9701f2486ec aaeaaf45271d4a85aca73c36f457d14b 1851af598c0f48bcaf24c0263932bf63 - - default default] http://[LB_IP_ADDRESS]:8776/v3/1851af598c0f48bcaf24c0263932bf63/os-quota-sets/e602639580d44cbeb2391a18b00f9fba returned with HTTP 200
2025-06-29 11:43:20.315 24 INFO cinder.api.openstack.wsgi [None req-1acc5053-18f8-4b41-8b46-62fe1da210c8 aaeaaf45271d4a85aca73c36f457d14b 1851af598c0f48bcaf24c0263932bf63 - - default default] PUT http://[LB_IP_ADDRESS]:8776/v3/1851af598c0f48bcaf24c0263932bf63/os-quota-sets/e602639580d44cbeb2391a18b00f9fba
2025-06-29 11:43:20.327 25 INFO cinder.api.openstack.wsgi [None req-9e0ff185-262c-4320-a84d-c39d2eee23d8 5b45348687184505a5de46498e8c8ca6 63f0f783d5b94041ad3af2820d1e9393 - - default default] GET http://[LB_IP_ADDRESS]:8776/v3/63f0f783d5b94041ad3af2820d1e9393/volumes/5bc60f72-728d-4592-8b3e-c9082719be4b
2025-06-29 11:43:20.351 25 INFO cinder.volume.api [None req-9e0ff185-262c-4320-a84d-c39d2eee23d8 5b45348687184505a5de46498e8c8ca6 63f0f783d5b94041ad3af2820d1e9393 - - default default] Volume info retrieved successfully.
2025-06-29 11:43:20.357 25 INFO cinder.api.openstack.wsgi [None req-9e0ff185-262c-4320-a84d-c39d2eee23d8 5b45348687184505a5de46498e8c8ca6 63f0f783d5b94041ad3af2820d1e9393 - - default default] http://[LB_IP_ADDRESS]:8776/v3/63f0f783d5b94041ad3af2820d1e9393/volumes/5bc60f72-728d-4592-8b3e-c9082719be4b returned with HTTP 200
2025-06-29 11:43:20.387 22 INFO cinder.api.openstack.wsgi [None req-1c239018-e4b5-49e3-ac96-0acd836deba1 5b45348687184505a5de46498e8c8ca6 63f0f783d5b94041ad3af2820d1e9393 - - default default] GET http://[LB_IP_ADDRESS]:8776/v3/63f0f783d5b94041ad3af2820d1e9393/messages
2025-06-29 11:43:20.394 22 INFO cinder.api.openstack.wsgi [None req-1c239018-e4b5-49e3-ac96-0acd836deba1 5b45348687184505a5de46498e8c8ca6 63f0f783d5b94041ad3af2820d1e9393 - - default default] http://[LB_IP_ADDRESS]:8776/v3/63f0f783d5b94041ad3af2820d1e9393/messages returned with HTTP 200
2025-06-29 11:43:20.396 24 WARNING cinder.quota [None req-1acc5053-18f8-4b41-8b46-62fe1da210c8 aaeaaf45271d4a85aca73c36f457d14b 1851af598c0f48bcaf24c0263932bf63 - - default default] Deprecated: Default quota for resource: volumes_tempest-UserMessagesTest-volume-type-1065678234 is set by the default quota flag: quota_volumes_tempest-UserMessagesTest-volume-type-1065678234, it is now deprecated. Please use the default quota class for default quota.
2025-06-29 11:43:20.397 24 WARNING cinder.quota [None req-1acc5053-18f8-4b41-8b46-62fe1da210c8 aaeaaf45271d4a85aca73c36f457d14b 1851af598c0f48bcaf24c0263932bf63 - - default default] Deprecated: Default quota for resource: gigabytes_tempest-UserMessagesTest-volume-type-1065678234 is set by the default quota flag: quota_gigabytes_tempest-UserMessagesTest-volume-type-1065678234, it is now deprecated. Please use the default quota class for default quota.
2025-06-29 11:43:20.397 24 WARNING cinder.quota [None req-1acc5053-18f8-4b41-8b46-62fe1da210c8 aaeaaf45271d4a85aca73c36f457d14b 1851af598c0f48bcaf24c0263932bf63 - - default default] Deprecated: Default quota for resource: snapshots_tempest-UserMessagesTest-volume-type-1065678234 is set by the default quota flag: quota_snapshots_tempest-UserMessagesTest-volume-type-1065678234, it is now deprecated. Please use the default quota class for default quota.
2025-06-29 11:43:20.403 24 INFO cinder.api.openstack.wsgi [None req-1acc5053-18f8-4b41-8b46-62fe1da210c8 aaeaaf45271d4a85aca73c36f457d14b 1851af598c0f48bcaf24c0263932bf63 - - default default] http://[LB_IP_ADDRESS]:8776/v3/1851af598c0f48bcaf24c0263932bf63/os-quota-sets/e602639580d44cbeb2391a18b00f9fba returned with HTTP 200
2025-06-29 11:43:20.407 21 INFO cinder.api.openstack.wsgi [None req-c189023c-ed10-41cc-9561-df48d009b9af 5b45348687184505a5de46498e8c8ca6 63f0f783d5b94041ad3af2820d1e9393 - - default default] DELETE http://[LB_IP_ADDRESS]:8776/v3/63f0f783d5b94041ad3af2820d1e9393/messages/ef23df46-94eb-4293-be7e-7d8196f56215
2025-06-29 11:43:20.419 21 INFO cinder.api.openstack.wsgi [None req-c189023c-ed10-41cc-9561-df48d009b9af 5b45348687184505a5de46498e8c8ca6 63f0f783d5b94041ad3af2820d1e9393 - - default default] http://[LB_IP_ADDRESS]:8776/v3/63f0f783d5b94041ad3af2820d1e9393/messages/ef23df46-94eb-4293-be7e-7d8196f56215 returned with HTTP 204
2025-06-29 11:43:20.431 23 INFO cinder.api.openstack.wsgi [None req-3817f8b4-5f39-46ff-b7c1-0e3a02e6c81f 5b45348687184505a5de46498e8c8ca6 63f0f783d5b94041ad3af2820d1e9393 - - default default] GET http://[LB_IP_ADDRESS]:8776/v3/63f0f783d5b94041ad3af2820d1e9393/messages/ef23df46-94eb-4293-be7e-7d8196f56215
2025-06-29 11:43:20.437 23 INFO cinder.api.openstack.wsgi [None req-3817f8b4-5f39-46ff-b7c1-0e3a02e6c81f 5b45348687184505a5de46498e8c8ca6 63f0f783d5b94041ad3af2820d1e9393 - - default default] http://[LB_IP_ADDRESS]:8776/v3/63f0f783d5b94041ad3af2820d1e9393/messages/ef23df46-94eb-4293-be7e-7d8196f56215 returned with HTTP 404
2025-06-29 11:43:20.449 25 INFO cinder.api.openstack.wsgi [None req-9ce6df48-e003-497c-9ae0-a38f2cc06d9f 5b45348687184505a5de46498e8c8ca6 63f0f783d5b94041ad3af2820d1e9393 - - default default] GET http://[LB_IP_ADDRESS]:8776/v3/63f0f783d5b94041ad3af2820d1e9393/volumes/5bc60f72-728d-4592-8b3e-c9082719be4b
2025-06-29 11:43:20.466 25 INFO cinder.volume.api [None req-9ce6df48-e003-497c-9ae0-a38f2cc06d9f 5b45348687184505a5de46498e8c8ca6 63f0f783d5b94041ad3af2820d1e9393 - - default default] Volume info retrieved successfully.
2025-06-29 11:43:20.471 25 INFO cinder.api.openstack.wsgi [None req-9ce6df48-e003-497c-9ae0-a38f2cc06d9f 5b45348687184505a5de46498e8c8ca6 63f0f783d5b94041ad3af2820d1e9393 - - default default] http://[LB_IP_ADDRESS]:8776/v3/63f0f783d5b94041ad3af2820d1e9393/volumes/5bc60f72-728d-4592-8b3e-c9082719be4b returned with HTTP 200
